<?xml version="1.0" encoding="UTF-8"?>
<!DOCTYPE html PUBLIC "-//W3C//DTD XHTML 1.0 Strict//EN"
     "http://www.w3.org/TR/xhtml1/DTD/xhtml1-strict.dtd">
<html xmlns="http://www.w3.org/1999/xhtml">
<head>
    <title>Unit Test Report</title>
    <meta name="generator" content="subunit2html 0.1"/>
    <meta http-equiv="Content-Type" content="text/html; charset=UTF-8"/>
    
<style type="text/css" media="screen">
body        { font-family: verdana, arial, helvetica, sans-serif;
    font-size: 80%; }
table       { font-size: 100%; width: 100%;}
pre         { font-size: 80%; }

/* -- heading -------------------------------------------------------------- */
h1 {
        font-size: 16pt;
        color: gray;
}
.heading {
    margin-top: 0ex;
    margin-bottom: 1ex;
}

.heading .attribute {
    margin-top: 1ex;
    margin-bottom: 0;
}

.heading .description {
    margin-top: 4ex;
    margin-bottom: 6ex;
}

/* -- css div popup -------------------------------------------------------- */
a.popup_link {
}

a.popup_link:hover {
    color: red;
}

.popup_window {
    display: none;
    overflow-x: scroll;
    /*border: solid #627173 1px; */
    padding: 10px;
    background-color: #E6E6D6;
    font-family: "Ubuntu Mono", "Lucida Console", "Courier New", monospace;
    text-align: left;
    font-size: 8pt;
}

}
/* -- report --------------------------------------------------------------- */
#show_detail_line {
    margin-top: 3ex;
    margin-bottom: 1ex;
}
#result_table {
    width: 100%;
    border-collapse: collapse;
    border: 1px solid #777;
}
#header_row {
    font-weight: bold;
    color: white;
    background-color: #777;
}
#result_table td {
    border: 1px solid #777;
    padding: 2px;
}
#total_row  { font-weight: bold; }
.passClass  { background-color: #6c6; }
.failClass  { background-color: #c60; }
.errorClass { background-color: #c00; }
.passCase   { color: #6c6; }
.failCase   { color: #c60; font-weight: bold; }
.errorCase  { color: #c00; font-weight: bold; }
.hiddenRow  { display: none; }
.testcase   { margin-left: 2em; }
td.testname {width: 40%}
td.small {width: 40px}

/* -- ending --------------------------------------------------------------- */
#ending {
}

</style>

</head>
<body>
<script language="javascript" type="text/javascript"><!--
output_list = Array();

/* level - 0:Summary; 1:Failed; 2:All */
function showCase(level) {
    trs = document.getElementsByTagName("tr");
    for (var i = 0; i < trs.length; i++) {
        tr = trs[i];
        id = tr.id;
        if (id.substr(0,2) == 'ft') {
            if (level < 1) {
                tr.className = 'hiddenRow';
            }
            else {
                tr.className = '';
            }
        }
        if (id.substr(0,2) == 'pt') {
            if (level > 1) {
                tr.className = '';
            }
            else {
                tr.className = 'hiddenRow';
            }
        }
    }
}


function showClassDetail(cid, count) {
    var id_list = Array(count);
    var toHide = 1;
    for (var i = 0; i < count; i++) {
        tid0 = 't' + cid.substr(1) + '.' + (i+1);
        tid = 'f' + tid0;
        tr = document.getElementById(tid);
        if (!tr) {
            tid = 'p' + tid0;
            tr = document.getElementById(tid);
        }
        id_list[i] = tid;
        if (tr.className) {
            toHide = 0;
        }
    }
    for (var i = 0; i < count; i++) {
        tid = id_list[i];
        if (toHide) {
            document.getElementById('div_'+tid).style.display = 'none'
            document.getElementById(tid).className = 'hiddenRow';
        }
        else {
            document.getElementById(tid).className = '';
        }
    }
}


function showTestDetail(div_id){
    var details_div = document.getElementById(div_id)
    var displayState = details_div.style.display
    // alert(displayState)
    if (displayState != 'block' ) {
        displayState = 'block'
        details_div.style.display = 'block'
    }
    else {
        details_div.style.display = 'none'
    }
}


function html_escape(s) {
    s = s.replace(/&/g,'&amp;');
    s = s.replace(/</g,'&lt;');
    s = s.replace(/>/g,'&gt;');
    return s;
}

/* obsoleted by detail in <div>
function showOutput(id, name) {
    var w = window.open("", //url
                    name,
                    "resizable,scrollbars,status,width=800,height=450");
    d = w.document;
    d.write("<pre>");
    d.write(html_escape(output_list[id]));
    d.write("\n");
    d.write("<a href='javascript:window.close()'>close</a>\n");
    d.write("</pre>\n");
    d.close();
}
*/
--></script>

<div class='heading'>
<h1>Unit Test Report</h1>

<p class='attribute'><strong>Status:</strong> Failure 6</p>

<p class='description'></p>
</div>



<p id='show_detail_line'>Show
<a href='javascript:showCase(0)'>Summary</a>
<a href='javascript:showCase(1)'>Failed</a>
<a href='javascript:showCase(2)'>All</a>
</p>
<table id='result_table'>
<colgroup>
<col align='left' />
<col align='right' />
<col align='right' />
<col align='right' />
<col align='right' />
<col align='right' />
<col align='right' />
<col align='right' />
</colgroup>
<tr id='header_row'>
    <td>Test Group/Test case</td>
    <td>Count</td>
    <td>Pass</td>
    <td>Fail</td>
    <td>Error</td>
    <td>Skip</td>
    <td>View</td>
    <td> </td>
</tr>

<tr class='failClass'>
    <td class="testname">tempest.scenario.test_network_advanced_server_ops.TestNetworkAdvancedServerOps</td>
    <td class="small">6</td>
    <td class="small">0</td>
    <td class="small">6</td>
    <td class="small">0</td>
    <td class="small">0</td>
    <td class="small"><a href="javascript:showClassDetail('c1',6)"
>Detail</a></td>
    <td> </td>
</tr>

<tr id='ft1.1' class='none'>
    <td class='failCase'><div class='testcase'>test_server_connectivity_pause_unpause[compute,id-2b2642db-6568-4b35-b812-eceed3fa20ce,network]</div></td>
    <td colspan='7' align='left'>

    <!--css div popup start-->
    <a class="popup_link" onfocus='this.blur();'
    href="javascript:showTestDetail('div_ft1.1')" >
        fail</a>

    <div id='div_ft1.1' class="popup_window">
        <div style='text-align: right; color:red;cursor:pointer'>
        <a onfocus='this.blur();'
onclick="document.getElementById('div_ft1.1').style.display = 'none' " >
           [x]</a>
        </div>
        <pre>
        
ft1.1: tempest.scenario.test_network_advanced_server_ops.TestNetworkAdvancedServerOps.test_server_connectivity_pause_unpause[compute,id-2b2642db-6568-4b35-b812-eceed3fa20ce,network]_StringException: Empty attachments:
  stderr
  stdout

pythonlogging:'': {{{
2016-02-21 03:54:56,812 28454 INFO     [tempest_lib.common.rest_client] Request (TestNetworkAdvancedServerOps:test_server_connectivity_pause_unpause): 200 POST http://10.4.1.3:8774/v2.1/ad5f80d040a44bd898d826eaa52ac565/os-keypairs 0.462s
2016-02-21 03:54:56,813 28454 DEBUG    [tempest_lib.common.rest_client] Request - Headers: {'Content-Type': 'application/json', 'Accept': 'application/json', 'X-Auth-Token': '&lt;omitted&gt;'}
        Body: {"keypair": {"name": "tempest-TestNetworkAdvancedServerOps-279601624"}}
    Response - Headers: {'status': '200', 'content-length': '2329', 'x-compute-request-id': 'req-b9ebfd60-2a8c-48f0-a758-9d2abd65af33', 'vary': 'X-OpenStack-Nova-API-Version', 'connection': 'close', 'x-openstack-nova-api-version': '2.1', 'date': 'Sun, 21 Feb 2016 03:54:56 GMT', 'content-type': 'application/json'}
        Body: {"keypair": {"public_key": "ssh-rsa AAAAB3NzaC1yc2EAAAADAQABAAABAQC2NycMg0s4fVhljBhYD1gIAzJIi8VMO+1xprphyjPhahILiyFjKzS7sdSNC3tI+FzZ9KlIgMu9gjEqZZbfLq2orvE5dm7AJmP8kZMo1A+M5BO37JDRAFIiCwDgRHR8ITXuzjL+RYAukhd9nBg+BwdCeU40AptuPfvi9WRoZpjFXStWolVpMnqaFUIYP8HsGl6otZjotcnxvinB6oFRjQQdKvi4xB1QFowSM2LqTtinpN+sQxtbqCGRcpx3ryFFy0W9z8QkPPKI/geBOs5uL8Fkl/X3xwEjCFMSeqlHrU5YMKX9cXP4viym2C6s22Y6JYlVPZ7wpxzd8UdlMh7Y3BeX Generated-by-Nova", "private_key": "-----BEGIN RSA PRIVATE KEY-----\nMIIEqQIBAAKCAQEAtjcnDINLOH1YZYwYWA9YCAMySIvFTDvtcaa6Ycoz4WoSC4sh\nYys0u7HUjQt7SPhc2fSpSIDLvYIxKmWW3y6tqK7xOXZuwCZj/JGTKNQPjOQTt+yQ\n0QBSIgsA4ER0fCE17s4y/kWALpIXfZwYPgcHQnlONAKbbj374vVkaGaYxV0rVqJV\naTJ6mhVCGD/B7BpeqLWY6LXJ8b4pweqBUY0EHSr4uMQdUBaMEjNi6k7Yp6TfrEMb\nW6ghkXKcd68hRctFvc/EJDzyiP4HgTrObi/BZJf198cBIwhTEnqpR61OWDCl/XFz\n+L4sptgurNtmOiWJVT2e8Kcc3fFHZTIe2NwXlwIDAQABAoIBAFmBPe0nkQtuhr1a\n05pt7xAAgfKgtYl85mWtQGBIsrNHJxYEgaH01zJbZ8zglu6BERr+0yiKG4o7KWtp\n+3Ilu6fgRx2yzzQTp4mo+GBVyk2quwTdb0U6ox2Vyhhfh9hxd8yV/PZprU0y9db9\nleriCO7eJ0vk+/Rq/g+9+lROETzgcW/dC7f7L/WV4UEa7DBi5GJXBNDEmfhDiNJm\ncH5bzqOzORNSCFpl6gVIWs3CzC2Kov9zANX+mIlVyqHt5psB3CnZVZT3U3cuPlbJ\n3mchrwFk6URJsf9a1BhGxcRRUgHVw5+aU7pHbToZyof/sBlqzQH90h+BJKR1IZba\ng55uKAECggCBAL93ZqHE51SnDpenEwYCqa8oykRf0ydZIRHoXdXz65Vl0+2Zf20P\n+CCMUbWbzm5mQ2DIEAPUO7u4N7cGHyNbb1UVKSj3zdUeEK/3WiqS1vbs2FSciLqN\nhd2VpFxUEY3ITbumNITGw6J4BNS9VA6ciI4koA0kh942V4mOmnk7JrURAoIAgQDz\noYkYwT+iQNkwHLhVhhNiGSYOfh9ebBnGwL6F64dfc6Klyi+aAy+wZWrWWv1o2mRq\n9ljAbXjAYMAU12k+exZI3ix2q5Fm2FZEquTMLtA3nL5F7WofUrxS+1ng938S2+l9\nAHqeG+DHPowP3qb1ssZoxB+zJ5RE+NO2niFcYkZiJwKCAIAbw1WHeYTNupecF+bj\nRTmTo4eI2JhGqV7pONd6ca8kb6qGVm6qwtkI5y/l9Jy/V2bHvtrLo1eyBalWibW0\nK8r9/F6GiUA4ee6ThXt2lupCzd8kjbopyuGxWsSFes88zuGupxAQfL3bbinNK1Ln\n93y5l8f5f+WPrDOPR7VQhOo88QKCAIEAu1GnDF6BI6qCkwhx/mfQ/WripN/6FGo/\nQ16s3mDiO9S36IrVILB0eUbw5xEcqALKlKcGRCWnYxrAdQXOyJhw4OPaAgAWEqIh\najiPJCKWOzwL284X+y9s1sylJWCF1qU5F8BHhstefzMrE4SYkG69OI4a5W94A7Ph\nbBaXBeYVwZ8CggCBAKjpMFku9bn+7arrAKEu3Lyv+dMEB5+Plul0D+CW2ylAiMpq\nQIJIvml9Y+Ifn8D9h/2U1Fuvi2hQ/vJeYree0S+Vn4Zm746mQIzHdq6meEvO6ZAy\nEubNZiBMBlEjNfXng98HzUM7wUptiRQ43nsPLpwpYsdTHQgJhZKF5SeWDfUj\n-----END RSA PRIVATE KEY-----\n", "user_id": "e5ad8c2dc42146b981d665cc6fd3ce5a", "name": "tempest-TestNetworkAdvancedServerOps-279601624", "fingerprint": "39:65:9a:87:50:ac:55:d3:83:66:b8:db:93:6a:02:8e"}}
2016-02-21 03:54:57,240 28454 INFO     [tempest_lib.common.rest_client] Request (TestNetworkAdvancedServerOps:test_server_connectivity_pause_unpause): 201 POST http://10.4.1.3:9696/v2.0/security-groups 0.421s
2016-02-21 03:54:57,240 28454 DEBUG    [tempest_lib.common.rest_client] Request - Headers: {'Content-Type': 'application/json', 'Accept': 'application/json', 'X-Auth-Token': '&lt;omitted&gt;'}
        Body: {"security_group": {"tenant_id": "ad5f80d040a44bd898d826eaa52ac565", "description": "tempest-secgroup-smoke-1647097251 description", "name": "tempest-secgroup-smoke-1647097251"}}
    Response - Headers: {'status': '201', 'content-length': '888', 'connection': 'close', 'date': 'Sun, 21 Feb 2016 03:54:57 GMT', 'content-type': 'application/json; charset=UTF-8', 'x-openstack-request-id': 'req-bc210617-bd2e-4bf5-8a80-b80b7c6205be'}
        Body: {"security_group": {"tenant_id": "ad5f80d040a44bd898d826eaa52ac565", "description": "tempest-secgroup-smoke-1647097251 description", "id": "0b2a208a-814e-4511-bdc9-08cf20b6c7a8", "security_group_rules": [{"remote_group_id": null, "direction": "egress", "remote_ip_prefix": null, "protocol": null, "ethertype": "IPv4", "tenant_id": "ad5f80d040a44bd898d826eaa52ac565", "port_range_max": null, "port_range_min": null, "id": "69356677-5ec6-4d87-b530-1346a68e247b", "security_group_id": "0b2a208a-814e-4511-bdc9-08cf20b6c7a8"}, {"remote_group_id": null, "direction": "egress", "remote_ip_prefix": null, "protocol": null, "ethertype": "IPv6", "tenant_id": "ad5f80d040a44bd898d826eaa52ac565", "port_range_max": null, "port_range_min": null, "id": "f320ac6a-391c-4a55-8c6d-a1d3a31f5789", "security_group_id": "0b2a208a-814e-4511-bdc9-08cf20b6c7a8"}], "name": "tempest-secgroup-smoke-1647097251"}}
2016-02-21 03:54:57,558 28454 INFO     [tempest_lib.common.rest_client] Request (TestNetworkAdvancedServerOps:test_server_connectivity_pause_unpause): 201 POST http://10.4.1.3:9696/v2.0/security-group-rules 0.316s
2016-02-21 03:54:57,559 28454 DEBUG    [tempest_lib.common.rest_client] Request - Headers: {'Content-Type': 'application/json', 'Accept': 'application/json', 'X-Auth-Token': '&lt;omitted&gt;'}
        Body: {"security_group_rule": {"direction": "ingress", "protocol": "tcp", "tenant_id": "ad5f80d040a44bd898d826eaa52ac565", "port_range_max": 22, "security_group_id": "0b2a208a-814e-4511-bdc9-08cf20b6c7a8", "port_range_min": 22}}
    Response - Headers: {'status': '201', 'content-length': '340', 'connection': 'close', 'date': 'Sun, 21 Feb 2016 03:54:57 GMT', 'content-type': 'application/json; charset=UTF-8', 'x-openstack-request-id': 'req-22182430-a253-4b1e-975f-294300a11794'}
        Body: {"security_group_rule": {"remote_group_id": null, "direction": "ingress", "remote_ip_prefix": null, "protocol": "tcp", "ethertype": "IPv4", "tenant_id": "ad5f80d040a44bd898d826eaa52ac565", "port_range_max": 22, "port_range_min": 22, "id": "18d922e0-3128-44c3-8632-112a0fd27017", "security_group_id": "0b2a208a-814e-4511-bdc9-08cf20b6c7a8"}}
2016-02-21 03:54:57,886 28454 INFO     [tempest_lib.common.rest_client] Request (TestNetworkAdvancedServerOps:test_server_connectivity_pause_unpause): 201 POST http://10.4.1.3:9696/v2.0/security-group-rules 0.327s
2016-02-21 03:54:57,887 28454 DEBUG    [tempest_lib.common.rest_client] Request - Headers: {'Content-Type': 'application/json', 'Accept': 'application/json', 'X-Auth-Token': '&lt;omitted&gt;'}
        Body: {"security_group_rule": {"direction": "egress", "protocol": "tcp", "tenant_id": "ad5f80d040a44bd898d826eaa52ac565", "port_range_max": 22, "security_group_id": "0b2a208a-814e-4511-bdc9-08cf20b6c7a8", "port_range_min": 22}}
    Response - Headers: {'status': '201', 'content-length': '339', 'connection': 'close', 'date': 'Sun, 21 Feb 2016 03:54:57 GMT', 'content-type': 'application/json; charset=UTF-8', 'x-openstack-request-id': 'req-f678d644-d198-4be2-ada6-d4c8abae6907'}
        Body: {"security_group_rule": {"remote_group_id": null, "direction": "egress", "remote_ip_prefix": null, "protocol": "tcp", "ethertype": "IPv4", "tenant_id": "ad5f80d040a44bd898d826eaa52ac565", "port_range_max": 22, "port_range_min": 22, "id": "416eab98-4d0a-47f3-b333-ef7282b86a9d", "security_group_id": "0b2a208a-814e-4511-bdc9-08cf20b6c7a8"}}
2016-02-21 03:54:58,178 28454 INFO     [tempest_lib.common.rest_client] Request (TestNetworkAdvancedServerOps:test_server_connectivity_pause_unpause): 201 POST http://10.4.1.3:9696/v2.0/security-group-rules 0.290s
2016-02-21 03:54:58,180 28454 DEBUG    [tempest_lib.common.rest_client] Request - Headers: {'Content-Type': 'application/json', 'Accept': 'application/json', 'X-Auth-Token': '&lt;omitted&gt;'}
        Body: {"security_group_rule": {"tenant_id": "ad5f80d040a44bd898d826eaa52ac565", "direction": "ingress", "protocol": "icmp", "security_group_id": "0b2a208a-814e-4511-bdc9-08cf20b6c7a8"}}
    Response - Headers: {'status': '201', 'content-length': '345', 'connection': 'close', 'date': 'Sun, 21 Feb 2016 03:54:58 GMT', 'content-type': 'application/json; charset=UTF-8', 'x-openstack-request-id': 'req-dc6cfa21-fea2-44e9-8069-3be8f924905e'}
        Body: {"security_group_rule": {"remote_group_id": null, "direction": "ingress", "remote_ip_prefix": null, "protocol": "icmp", "ethertype": "IPv4", "tenant_id": "ad5f80d040a44bd898d826eaa52ac565", "port_range_max": null, "port_range_min": null, "id": "c8516bc3-25bd-4bd3-b3aa-d71271ae7caf", "security_group_id": "0b2a208a-814e-4511-bdc9-08cf20b6c7a8"}}
2016-02-21 03:54:58,586 28454 INFO     [tempest_lib.common.rest_client] Request (TestNetworkAdvancedServerOps:test_server_connectivity_pause_unpause): 201 POST http://10.4.1.3:9696/v2.0/security-group-rules 0.405s
2016-02-21 03:54:58,587 28454 DEBUG    [tempest_lib.common.rest_client] Request - Headers: {'Content-Type': 'application/json', 'Accept': 'application/json', 'X-Auth-Token': '&lt;omitted&gt;'}
        Body: {"security_group_rule": {"tenant_id": "ad5f80d040a44bd898d826eaa52ac565", "direction": "egress", "protocol": "icmp", "security_group_id": "0b2a208a-814e-4511-bdc9-08cf20b6c7a8"}}
    Response - Headers: {'status': '201', 'content-length': '344', 'connection': 'close', 'date': 'Sun, 21 Feb 2016 03:54:58 GMT', 'content-type': 'application/json; charset=UTF-8', 'x-openstack-request-id': 'req-a6612424-5a92-4a89-9f75-7eabf740e016'}
        Body: {"security_group_rule": {"remote_group_id": null, "direction": "egress", "remote_ip_prefix": null, "protocol": "icmp", "ethertype": "IPv4", "tenant_id": "ad5f80d040a44bd898d826eaa52ac565", "port_range_max": null, "port_range_min": null, "id": "e89e9504-faf0-4cba-a103-8c9df5f7a739", "security_group_id": "0b2a208a-814e-4511-bdc9-08cf20b6c7a8"}}
2016-02-21 03:54:58,939 28454 INFO     [tempest_lib.common.rest_client] Request (TestNetworkAdvancedServerOps:test_server_connectivity_pause_unpause): 201 POST http://10.4.1.3:9696/v2.0/security-group-rules 0.352s
2016-02-21 03:54:58,940 28454 DEBUG    [tempest_lib.common.rest_client] Request - Headers: {'Content-Type': 'application/json', 'Accept': 'application/json', 'X-Auth-Token': '&lt;omitted&gt;'}
        Body: {"security_group_rule": {"tenant_id": "ad5f80d040a44bd898d826eaa52ac565", "direction": "ingress", "security_group_id": "0b2a208a-814e-4511-bdc9-08cf20b6c7a8", "protocol": "icmp", "ethertype": "IPv6"}}
    Response - Headers: {'status': '201', 'content-length': '345', 'connection': 'close', 'date': 'Sun, 21 Feb 2016 03:54:58 GMT', 'content-type': 'application/json; charset=UTF-8', 'x-openstack-request-id': 'req-5e042427-3a31-4d7b-920f-ee31c72fba8a'}
        Body: {"security_group_rule": {"remote_group_id": null, "direction": "ingress", "remote_ip_prefix": null, "protocol": "icmp", "ethertype": "IPv6", "tenant_id": "ad5f80d040a44bd898d826eaa52ac565", "port_range_max": null, "port_range_min": null, "id": "4a9c91b7-8504-4c8c-bb66-515ff8ab912c", "security_group_id": "0b2a208a-814e-4511-bdc9-08cf20b6c7a8"}}
2016-02-21 03:54:59,274 28454 INFO     [tempest_lib.common.rest_client] Request (TestNetworkAdvancedServerOps:test_server_connectivity_pause_unpause): 201 POST http://10.4.1.3:9696/v2.0/security-group-rules 0.333s
2016-02-21 03:54:59,275 28454 DEBUG    [tempest_lib.common.rest_client] Request - Headers: {'Content-Type': 'application/json', 'Accept': 'application/json', 'X-Auth-Token': '&lt;omitted&gt;'}
        Body: {"security_group_rule": {"tenant_id": "ad5f80d040a44bd898d826eaa52ac565", "direction": "egress", "security_group_id": "0b2a208a-814e-4511-bdc9-08cf20b6c7a8", "protocol": "icmp", "ethertype": "IPv6"}}
    Response - Headers: {'status': '201', 'content-length': '344', 'connection': 'close', 'date': 'Sun, 21 Feb 2016 03:54:59 GMT', 'content-type': 'application/json; charset=UTF-8', 'x-openstack-request-id': 'req-38c62190-12e9-4548-b51c-d6df36016ab3'}
        Body: {"security_group_rule": {"remote_group_id": null, "direction": "egress", "remote_ip_prefix": null, "protocol": "icmp", "ethertype": "IPv6", "tenant_id": "ad5f80d040a44bd898d826eaa52ac565", "port_range_max": null, "port_range_min": null, "id": "d4845128-5cde-4736-90b9-dc1aed1b1f45", "security_group_id": "0b2a208a-814e-4511-bdc9-08cf20b6c7a8"}}
2016-02-21 03:54:59,746 28454 INFO     [tempest_lib.common.rest_client] Request (TestNetworkAdvancedServerOps:test_server_connectivity_pause_unpause): 201 POST http://10.4.1.3:9696/v2.0/networks 0.469s
2016-02-21 03:54:59,747 28454 DEBUG    [tempest_lib.common.rest_client] Request - Headers: {'Content-Type': 'application/json', 'Accept': 'application/json', 'X-Auth-Token': '&lt;omitted&gt;'}
        Body: {"network": {"tenant_id": "ad5f80d040a44bd898d826eaa52ac565", "name": "tempest-network-smoke--272558543"}}
    Response - Headers: {'status': '201', 'content-length': '355', 'connection': 'close', 'date': 'Sun, 21 Feb 2016 03:54:59 GMT', 'content-type': 'application/json; charset=UTF-8', 'x-openstack-request-id': 'req-44eb124f-0b92-422c-8cd3-b9abf1746ec2'}
        Body: {"network": {"status": "ACTIVE", "subnets": [], "availability_zone_hints": [], "availability_zones": [], "name": "tempest-network-smoke--272558543", "admin_state_up": true, "tenant_id": "ad5f80d040a44bd898d826eaa52ac565", "mtu": 1450, "router:external": false, "shared": false, "port_security_enabled": true, "id": "a81106ce-b15f-422f-86ec-809d5b906c4d"}}
2016-02-21 03:55:00,030 28454 INFO     [tempest_lib.common.rest_client] Request (TestNetworkAdvancedServerOps:test_server_connectivity_pause_unpause): 201 POST http://10.4.1.3:9696/v2.0/routers 0.281s
2016-02-21 03:55:00,030 28454 DEBUG    [tempest_lib.common.rest_client] Request - Headers: {'Content-Type': 'application/json', 'Accept': 'application/json', 'X-Auth-Token': '&lt;omitted&gt;'}
        Body: {"router": {"tenant_id": "ad5f80d040a44bd898d826eaa52ac565", "name": "tempest-router-smoke-878147971", "admin_state_up": true}}
    Response - Headers: {'status': '201', 'content-length': '238', 'connection': 'close', 'date': 'Sun, 21 Feb 2016 03:55:00 GMT', 'content-type': 'application/json; charset=UTF-8', 'x-openstack-request-id': 'req-b0b8b760-9ec5-4b7e-90ac-f5356f29e1b4'}
        Body: {"router": {"status": "ACTIVE", "external_gateway_info": null, "name": "tempest-router-smoke-878147971", "admin_state_up": true, "tenant_id": "ad5f80d040a44bd898d826eaa52ac565", "routes": [], "id": "2432cc42-9b50-41fe-a3d2-c8cae68d668e"}}
2016-02-21 03:55:00,287 28454 INFO     [tempest_lib.common.rest_client] Request (TestNetworkAdvancedServerOps:test_server_connectivity_pause_unpause): 200 GET http://10.4.1.3:9696/v2.0/routers/2432cc42-9b50-41fe-a3d2-c8cae68d668e 0.255s
2016-02-21 03:55:00,288 28454 DEBUG    [tempest_lib.common.rest_client] Request - Headers: {'Content-Type': 'application/json', 'Accept': 'application/json', 'X-Auth-Token': '&lt;omitted&gt;'}
        Body: None
    Response - Headers: {'status': '200', 'content-length': '238', 'content-location': 'http://10.4.1.3:9696/v2.0/routers/2432cc42-9b50-41fe-a3d2-c8cae68d668e', 'connection': 'close', 'date': 'Sun, 21 Feb 2016 03:55:00 GMT', 'content-type': 'application/json; charset=UTF-8', 'x-openstack-request-id': 'req-6692ed6b-fae5-4a1c-bcff-4c86a77a4706'}
        Body: {"router": {"status": "ACTIVE", "external_gateway_info": null, "name": "tempest-router-smoke-878147971", "admin_state_up": true, "tenant_id": "ad5f80d040a44bd898d826eaa52ac565", "routes": [], "id": "2432cc42-9b50-41fe-a3d2-c8cae68d668e"}}
2016-02-21 03:55:01,114 28454 INFO     [tempest_lib.common.rest_client] Request (TestNetworkAdvancedServerOps:test_server_connectivity_pause_unpause): 200 PUT http://10.4.1.3:9696/v2.0/routers/2432cc42-9b50-41fe-a3d2-c8cae68d668e 0.826s
2016-02-21 03:55:01,115 28454 DEBUG    [tempest_lib.common.rest_client] Request - Headers: {'Content-Type': 'application/json', 'Accept': 'application/json', 'X-Auth-Token': '&lt;omitted&gt;'}
        Body: {"router": {"external_gateway_info": {"network_id": "85d22154-5f9a-49c0-a3b5-a0e86d7d83bd"}, "name": "tempest-router-smoke-878147971", "admin_state_up": true}}
    Response - Headers: {'status': '200', 'content-length': '500', 'connection': 'close', 'date': 'Sun, 21 Feb 2016 03:55:01 GMT', 'content-type': 'application/json; charset=UTF-8', 'x-openstack-request-id': 'req-80c5dbda-42a4-4520-b767-1061e5066de9'}
        Body: {"router": {"status": "ACTIVE", "external_gateway_info": {"network_id": "85d22154-5f9a-49c0-a3b5-a0e86d7d83bd", "enable_snat": true, "external_fixed_ips": [{"subnet_id": "756632f3-6aa5-46b5-ab49-9c26716219a6", "ip_address": "172.24.4.3"}, {"subnet_id": "4849341a-5672-40f3-b46d-e2a8d63163c0", "ip_address": "2001:db8::3"}]}, "name": "tempest-router-smoke-878147971", "admin_state_up": true, "tenant_id": "ad5f80d040a44bd898d826eaa52ac565", "routes": [], "id": "2432cc42-9b50-41fe-a3d2-c8cae68d668e"}}
2016-02-21 03:55:01,392 28454 INFO     [tempest_lib.common.rest_client] Request (TestNetworkAdvancedServerOps:test_server_connectivity_pause_unpause): 200 GET http://10.4.1.3:9696/v2.0/subnets?tenant_id=ad5f80d040a44bd898d826eaa52ac565&amp;cidr=10.100.0.0%2F28 0.275s
2016-02-21 03:55:01,393 28454 DEBUG    [tempest_lib.common.rest_client] Request - Headers: {'Content-Type': 'application/json', 'Accept': 'application/json', 'X-Auth-Token': '&lt;omitted&gt;'}
        Body: None
    Response - Headers: {'status': '200', 'content-length': '15', 'content-location': 'http://10.4.1.3:9696/v2.0/subnets?tenant_id=ad5f80d040a44bd898d826eaa52ac565&amp;cidr=10.100.0.0%2F28', 'connection': 'close', 'date': 'Sun, 21 Feb 2016 03:55:01 GMT', 'content-type': 'application/json; charset=UTF-8', 'x-openstack-request-id': 'req-181cefd7-560e-46c0-bbf6-977de1171251'}
        Body: {"subnets": []}
2016-02-21 03:55:02,017 28454 INFO     [tempest_lib.common.rest_client] Request (TestNetworkAdvancedServerOps:test_server_connectivity_pause_unpause): 201 POST http://10.4.1.3:9696/v2.0/subnets 0.623s
2016-02-21 03:55:02,017 28454 DEBUG    [tempest_lib.common.rest_client] Request - Headers: {'Content-Type': 'application/json', 'Accept': 'application/json', 'X-Auth-Token': '&lt;omitted&gt;'}
        Body: {"subnet": {"ip_version": 4, "tenant_id": "ad5f80d040a44bd898d826eaa52ac565", "cidr": "10.100.0.0/28", "network_id": "a81106ce-b15f-422f-86ec-809d5b906c4d", "name": "tempest-subnet-smoke-2133159926"}}
    Response - Headers: {'status': '201', 'content-length': '478', 'connection': 'close', 'date': 'Sun, 21 Feb 2016 03:55:02 GMT', 'content-type': 'application/json; charset=UTF-8', 'x-openstack-request-id': 'req-c7d01eb6-1ff8-419a-b6ba-f31ebf43e72e'}
        Body: {"subnet": {"name": "tempest-subnet-smoke-2133159926", "enable_dhcp": true, "network_id": "a81106ce-b15f-422f-86ec-809d5b906c4d", "tenant_id": "ad5f80d040a44bd898d826eaa52ac565", "dns_nameservers": [], "gateway_ip": "10.100.0.1", "ipv6_ra_mode": null, "allocation_pools": [{"start": "10.100.0.2", "end": "10.100.0.14"}], "host_routes": [], "ip_version": 4, "ipv6_address_mode": null, "cidr": "10.100.0.0/28", "id": "c234cc2c-82ad-436a-8247-923499a8782d", "subnetpool_id": null}}
2016-02-21 03:55:02,795 28454 INFO     [tempest_lib.common.rest_client] Request (TestNetworkAdvancedServerOps:test_server_connectivity_pause_unpause): 200 PUT http://10.4.1.3:9696/v2.0/routers/2432cc42-9b50-41fe-a3d2-c8cae68d668e/add_router_interface 0.777s
2016-02-21 03:55:02,795 28454 DEBUG    [tempest_lib.common.rest_client] Request - Headers: {'Content-Type': 'application/json', 'Accept': 'application/json', 'X-Auth-Token': '&lt;omitted&gt;'}
        Body: {"subnet_id": "c234cc2c-82ad-436a-8247-923499a8782d"}
    Response - Headers: {'status': '200', 'content-length': '309', 'connection': 'close', 'date': 'Sun, 21 Feb 2016 03:55:02 GMT', 'content-type': 'application/json; charset=UTF-8', 'x-openstack-request-id': 'req-5c99b7ef-6d5a-4fab-89ce-f2ba374be87f'}
        Body: {"network_id": "a81106ce-b15f-422f-86ec-809d5b906c4d", "tenant_id": "ad5f80d040a44bd898d826eaa52ac565", "subnet_id": "c234cc2c-82ad-436a-8247-923499a8782d", "subnet_ids": ["c234cc2c-82ad-436a-8247-923499a8782d"], "port_id": "e2df02b0-6185-43b8-95f6-a54f15ccf377", "id": "2432cc42-9b50-41fe-a3d2-c8cae68d668e"}
2016-02-21 03:55:02,979 28454 INFO     [tempest_lib.common.rest_client] Request (TestNetworkAdvancedServerOps:test_server_connectivity_pause_unpause): 200 POST http://10.4.1.3:5000/v2.0/tokens
2016-02-21 03:55:02,979 28454 DEBUG    [tempest_lib.common.rest_client] Request - Headers: {'Content-Type': 'application/json', 'Accept': 'application/json'}
        Body: &lt;omitted&gt;
    Response - Headers: {'status': '200', 'content-length': '2292', 'vary': 'X-Auth-Token', 'server': 'Apache/2.4.7 (Ubuntu)', 'connection': 'close', 'date': 'Sun, 21 Feb 2016 03:55:02 GMT', 'content-type': 'application/json', 'x-openstack-request-id': 'req-b63d17d1-a61d-4b17-9b08-38a0f1c08129'}
        Body: {"access": {"token": {"issued_at": "2016-02-21T03:55:02.963905", "expires": "2016-02-21T04:55:02Z", "id": "b3d4cf80f58846e3a5c7f1ae588c5e2c", "tenant": {"description": "tempest-TestNetworkAdvancedServerOps-319377224-desc", "enabled": true, "id": "ad5f80d040a44bd898d826eaa52ac565", "name": "tempest-TestNetworkAdvancedServerOps-319377224"}, "audit_ids": ["qzzdbVoyTQuBp8s4CfniIQ"]}, "serviceCatalog": [{"endpoints": [{"adminURL": "http://10.4.1.3:9292", "region": "RegionOne", "internalURL": "http://10.4.1.3:9292", "id": "17894670903747ff8839ce6aeee446b4", "publicURL": "http://10.4.1.3:9292"}], "endpoints_links": [], "type": "image", "name": "glance"}, {"endpoints": [{"adminURL": "http://10.4.1.3:8774/v2.1/ad5f80d040a44bd898d826eaa52ac565", "region": "RegionOne", "internalURL": "http://10.4.1.3:8774/v2.1/ad5f80d040a44bd898d826eaa52ac565", "id": "3426bb8ba4424d4c8368fc6663f3e624", "publicURL": "http://10.4.1.3:8774/v2.1/ad5f80d040a44bd898d826eaa52ac565"}], "endpoints_links": [], "type": "compute", "name": "nova"}, {"endpoints": [{"adminURL": "http://10.4.1.3:8774/v2/ad5f80d040a44bd898d826eaa52ac565", "region": "RegionOne", "internalURL": "http://10.4.1.3:8774/v2/ad5f80d040a44bd898d826eaa52ac565", "id": "03b80765a2d04748a37f58d5f4c134b7", "publicURL": "http://10.4.1.3:8774/v2/ad5f80d040a44bd898d826eaa52ac565"}], "endpoints_links": [], "type": "compute_legacy", "name": "nova_legacy"}, {"endpoints": [{"adminURL": "http://10.4.1.3:35357/v2.0", "region": "RegionOne", "internalURL": "http://10.4.1.3:5000/v2.0", "id": "7595646926ad40d0a094d4ad36ab8213", "publicURL": "http://10.4.1.3:5000/v2.0"}], "endpoints_links": [], "type": "identity", "name": "keystone"}, {"endpoints": [{"adminURL": "http://10.4.1.3:9696/", "region": "RegionOne", "internalURL": "http://10.4.1.3:9696/", "id": "57408a58a5574343a7171958f3b78b36", "publicURL": "http://10.4.1.3:9696/"}], "endpoints_links": [], "type": "network", "name": "neutron"}], "user": {"username": "tempest-TestNetworkAdvancedServerOps-689731095", "roles_links": [], "id": "e5ad8c2dc42146b981d665cc6fd3ce5a", "roles": [{"name": "_member_"}, {"name": "Member"}], "name": "tempest-TestNetworkAdvancedServerOps-689731095"}, "metadata": {"is_admin": 0, "roles": ["9fe2ff9ee4384b1894a90878d3e92bab", "7c246b9ec16e4ac483b5abd1b2311149"]}}}
2016-02-21 03:55:02,986 28454 DEBUG    [tempest.common.fixed_network] (TestNetworkAdvancedServerOps:test_server_connectivity_pause_unpause) No valid network provided or created, defaulting to fixed_network_name
2016-02-21 03:55:03,462 28454 INFO     [tempest_lib.common.rest_client] Request (TestNetworkAdvancedServerOps:test_server_connectivity_pause_unpause): 200 GET http://10.4.1.3:8774/v2.1/ad5f80d040a44bd898d826eaa52ac565/os-networks 0.475s
2016-02-21 03:55:03,463 28454 DEBUG    [tempest_lib.common.rest_client] Request - Headers: {'Content-Type': 'application/json', 'Accept': 'application/json', 'X-Auth-Token': '&lt;omitted&gt;'}
        Body: None
    Response - Headers: {'status': '200', 'content-length': '478', 'content-location': 'http://10.4.1.3:8774/v2.1/ad5f80d040a44bd898d826eaa52ac565/os-networks', 'x-compute-request-id': 'req-d50d7987-c9a9-40d2-b967-6f32756aa630', 'vary': 'X-OpenStack-Nova-API-Version', 'connection': 'close', 'x-openstack-nova-api-version': '2.1', 'date': 'Sun, 21 Feb 2016 03:55:03 GMT', 'content-type': 'application/json'}
        Body: {"networks": [{"cidr_v6": null, "dns2": null, "dns1": null, "gateway": null, "broadcast": null, "netmask": null, "gateway_v6": null, "cidr": null, "label": "public", "id": "85d22154-5f9a-49c0-a3b5-a0e86d7d83bd", "netmask_v6": null}, {"cidr_v6": null, "dns2": null, "dns1": null, "gateway": null, "broadcast": null, "netmask": null, "gateway_v6": null, "cidr": null, "label": "tempest-network-smoke--272558543", "id": "a81106ce-b15f-422f-86ec-809d5b906c4d", "netmask_v6": null}]}
2016-02-21 03:55:03,464 28454 WARNING  [tempest.common.fixed_network] (TestNetworkAdvancedServerOps:test_server_connectivity_pause_unpause) Network with name: private not found
2016-02-21 03:55:03,464 28454 INFO     [tempest.common.fixed_network] (TestNetworkAdvancedServerOps:test_server_connectivity_pause_unpause) Found network {} available for tenant
2016-02-21 03:55:06,485 28454 INFO     [tempest_lib.common.rest_client] Request (TestNetworkAdvancedServerOps:test_server_connectivity_pause_unpause): 202 POST http://10.4.1.3:8774/v2.1/ad5f80d040a44bd898d826eaa52ac565/servers 3.020s
2016-02-21 03:55:06,486 28454 DEBUG    [tempest_lib.common.rest_client] Request - Headers: {'Content-Type': 'application/json', 'Accept': 'application/json', 'X-Auth-Token': '&lt;omitted&gt;'}
        Body: {"server": {"name": "tempest-server-smoke-78011777", "imageRef": "ecd34dea-f68d-4267-9e0d-fb3a7d3432b2", "key_name": "tempest-TestNetworkAdvancedServerOps-279601624", "flavorRef": "42", "networks": [{"uuid": "a81106ce-b15f-422f-86ec-809d5b906c4d"}], "security_groups": [{"name": "tempest-secgroup-smoke-1647097251"}]}}
    Response - Headers: {'status': '202', 'content-length': '460', 'x-compute-request-id': 'req-87b9e9e5-1529-4d9b-9480-4d5a98f9fdb5', 'vary': 'X-OpenStack-Nova-API-Version', 'connection': 'close', 'location': 'http://10.4.1.3:8774/v2.1/ad5f80d040a44bd898d826eaa52ac565/servers/39d01505-7c06-4f9c-97f2-d203c5abd283', 'x-openstack-nova-api-version': '2.1', 'date': 'Sun, 21 Feb 2016 03:55:06 GMT', 'content-type': 'application/json'}
        Body: {"server": {"security_groups": [{"name": "tempest-secgroup-smoke-1647097251"}], "OS-DCF:diskConfig": "MANUAL", "id": "39d01505-7c06-4f9c-97f2-d203c5abd283", "links": [{"href": "http://10.4.1.3:8774/v2.1/ad5f80d040a44bd898d826eaa52ac565/servers/39d01505-7c06-4f9c-97f2-d203c5abd283", "rel": "self"}, {"href": "http://10.4.1.3:8774/ad5f80d040a44bd898d826eaa52ac565/servers/39d01505-7c06-4f9c-97f2-d203c5abd283", "rel": "bookmark"}], "adminPass": "Jpnbr8qYs5jy"}}
2016-02-21 03:55:07,040 28454 INFO     [tempest_lib.common.rest_client] Request (TestNetworkAdvancedServerOps:test_server_connectivity_pause_unpause): 200 GET http://10.4.1.3:8774/v2.1/ad5f80d040a44bd898d826eaa52ac565/servers/39d01505-7c06-4f9c-97f2-d203c5abd283 0.548s
2016-02-21 03:55:07,041 28454 DEBUG    [tempest_lib.common.rest_client] Request - Headers: {'Content-Type': 'application/json', 'Accept': 'application/json', 'X-Auth-Token': '&lt;omitted&gt;'}
        Body: None
    Response - Headers: {'status': '200', 'content-length': '1347', 'content-location': 'http://10.4.1.3:8774/v2.1/ad5f80d040a44bd898d826eaa52ac565/servers/39d01505-7c06-4f9c-97f2-d203c5abd283', 'x-compute-request-id': 'req-e36fc8b7-e1f8-45a5-bc6d-7e0ab55ff8ee', 'vary': 'X-OpenStack-Nova-API-Version', 'connection': 'close', 'x-openstack-nova-api-version': '2.1', 'date': 'Sun, 21 Feb 2016 03:55:07 GMT', 'content-type': 'application/json'}
        Body: {"server": {"status": "BUILD", "updated": "2016-02-21T03:55:06Z", "hostId": "", "addresses": {}, "links": [{"href": "http://10.4.1.3:8774/v2.1/ad5f80d040a44bd898d826eaa52ac565/servers/39d01505-7c06-4f9c-97f2-d203c5abd283", "rel": "self"}, {"href": "http://10.4.1.3:8774/ad5f80d040a44bd898d826eaa52ac565/servers/39d01505-7c06-4f9c-97f2-d203c5abd283", "rel": "bookmark"}], "key_name": "tempest-TestNetworkAdvancedServerOps-279601624", "image": {"id": "ecd34dea-f68d-4267-9e0d-fb3a7d3432b2", "links": [{"href": "http://10.4.1.3:8774/ad5f80d040a44bd898d826eaa52ac565/images/ecd34dea-f68d-4267-9e0d-fb3a7d3432b2", "rel": "bookmark"}]}, "OS-EXT-STS:task_state": "scheduling", "OS-EXT-STS:vm_state": "building", "OS-SRV-USG:launched_at": null, "flavor": {"id": "42", "links": [{"href": "http://10.4.1.3:8774/ad5f80d040a44bd898d826eaa52ac565/flavors/42", "rel": "bookmark"}]}, "id": "39d01505-7c06-4f9c-97f2-d203c5abd283", "OS-SRV-USG:terminated_at": null, "OS-EXT-AZ:availability_zone": "", "user_id": "e5ad8c2dc42146b981d665cc6fd3ce5a", "name": "tempest-server-smoke-78011777", "created": "2016-02-21T03:55:06Z", "tenant_id": "ad5f80d040a44bd898d826eaa52ac565", "OS-DCF:diskConfig": "MANUAL", "os-extended-volumes:volumes_attached": [], "accessIPv4": "", "accessIPv6": "", "progress": 0, "OS-EXT-STS:power_state": 0, "config_drive": "", "metadata": {}}}
2016-02-21 03:55:08,637 28454 INFO     [tempest_lib.common.rest_client] Request (TestNetworkAdvancedServerOps:test_server_connectivity_pause_unpause): 200 GET http://10.4.1.3:8774/v2.1/ad5f80d040a44bd898d826eaa52ac565/servers/39d01505-7c06-4f9c-97f2-d203c5abd283 0.586s
2016-02-21 03:55:08,638 28454 DEBUG    [tempest_lib.common.rest_client] Request - Headers: {'Content-Type': 'application/json', 'Accept': 'application/json', 'X-Auth-Token': '&lt;omitted&gt;'}
        Body: None
    Response - Headers: {'status': '200', 'content-length': '1405', 'content-location': 'http://10.4.1.3:8774/v2.1/ad5f80d040a44bd898d826eaa52ac565/servers/39d01505-7c06-4f9c-97f2-d203c5abd283', 'x-compute-request-id': 'req-834c3ec3-7077-4a75-afc8-969016930a0c', 'vary': 'X-OpenStack-Nova-API-Version', 'connection': 'close', 'x-openstack-nova-api-version': '2.1', 'date': 'Sun, 21 Feb 2016 03:55:08 GMT', 'content-type': 'application/json'}
        Body: {"server": {"status": "BUILD", "updated": "2016-02-21T03:55:07Z", "hostId": "495d28915fa19846b36003cb380a3537dd56ef58c4880e555193bccb", "addresses": {}, "links": [{"href": "http://10.4.1.3:8774/v2.1/ad5f80d040a44bd898d826eaa52ac565/servers/39d01505-7c06-4f9c-97f2-d203c5abd283", "rel": "self"}, {"href": "http://10.4.1.3:8774/ad5f80d040a44bd898d826eaa52ac565/servers/39d01505-7c06-4f9c-97f2-d203c5abd283", "rel": "bookmark"}], "key_name": "tempest-TestNetworkAdvancedServerOps-279601624", "image": {"id": "ecd34dea-f68d-4267-9e0d-fb3a7d3432b2", "links": [{"href": "http://10.4.1.3:8774/ad5f80d040a44bd898d826eaa52ac565/images/ecd34dea-f68d-4267-9e0d-fb3a7d3432b2", "rel": "bookmark"}]}, "OS-EXT-STS:task_state": "spawning", "OS-EXT-STS:vm_state": "building", "OS-SRV-USG:launched_at": null, "flavor": {"id": "42", "links": [{"href": "http://10.4.1.3:8774/ad5f80d040a44bd898d826eaa52ac565/flavors/42", "rel": "bookmark"}]}, "id": "39d01505-7c06-4f9c-97f2-d203c5abd283", "OS-SRV-USG:terminated_at": null, "OS-EXT-AZ:availability_zone": "nova", "user_id": "e5ad8c2dc42146b981d665cc6fd3ce5a", "name": "tempest-server-smoke-78011777", "created": "2016-02-21T03:55:06Z", "tenant_id": "ad5f80d040a44bd898d826eaa52ac565", "OS-DCF:diskConfig": "MANUAL", "os-extended-volumes:volumes_attached": [], "accessIPv4": "", "accessIPv6": "", "progress": 0, "OS-EXT-STS:power_state": 0, "config_drive": "", "metadata": {}}}
2016-02-21 03:55:08,647 28454 INFO     [tempest.common.waiters] State transition "BUILD/scheduling" ==&gt; "BUILD/spawning" after 1 second wait
2016-02-21 03:55:10,579 28454 INFO     [tempest_lib.common.rest_client] Request (TestNetworkAdvancedServerOps:test_server_connectivity_pause_unpause): 200 GET http://10.4.1.3:8774/v2.1/ad5f80d040a44bd898d826eaa52ac565/servers/39d01505-7c06-4f9c-97f2-d203c5abd283 0.930s
2016-02-21 03:55:10,579 28454 DEBUG    [tempest_lib.common.rest_client] Request - Headers: {'Content-Type': 'application/json', 'Accept': 'application/json', 'X-Auth-Token': '&lt;omitted&gt;'}
        Body: None
    Response - Headers: {'status': '200', 'content-length': '1473', 'content-location': 'http://10.4.1.3:8774/v2.1/ad5f80d040a44bd898d826eaa52ac565/servers/39d01505-7c06-4f9c-97f2-d203c5abd283', 'x-compute-request-id': 'req-362e7631-556c-446f-a135-c407ae9ebea8', 'vary': 'X-OpenStack-Nova-API-Version', 'connection': 'close', 'x-openstack-nova-api-version': '2.1', 'date': 'Sun, 21 Feb 2016 03:55:10 GMT', 'content-type': 'application/json'}
        Body: {"server": {"status": "BUILD", "updated": "2016-02-21T03:55:07Z", "hostId": "495d28915fa19846b36003cb380a3537dd56ef58c4880e555193bccb", "addresses": {}, "links": [{"href": "http://10.4.1.3:8774/v2.1/ad5f80d040a44bd898d826eaa52ac565/servers/39d01505-7c06-4f9c-97f2-d203c5abd283", "rel": "self"}, {"href": "http://10.4.1.3:8774/ad5f80d040a44bd898d826eaa52ac565/servers/39d01505-7c06-4f9c-97f2-d203c5abd283", "rel": "bookmark"}], "key_name": "tempest-TestNetworkAdvancedServerOps-279601624", "image": {"id": "ecd34dea-f68d-4267-9e0d-fb3a7d3432b2", "links": [{"href": "http://10.4.1.3:8774/ad5f80d040a44bd898d826eaa52ac565/images/ecd34dea-f68d-4267-9e0d-fb3a7d3432b2", "rel": "bookmark"}]}, "OS-EXT-STS:task_state": "spawning", "OS-EXT-STS:vm_state": "building", "OS-SRV-USG:launched_at": null, "flavor": {"id": "42", "links": [{"href": "http://10.4.1.3:8774/ad5f80d040a44bd898d826eaa52ac565/flavors/42", "rel": "bookmark"}]}, "id": "39d01505-7c06-4f9c-97f2-d203c5abd283", "security_groups": [{"name": "tempest-secgroup-smoke-1647097251"}], "OS-SRV-USG:terminated_at": null, "OS-EXT-AZ:availability_zone": "nova", "user_id": "e5ad8c2dc42146b981d665cc6fd3ce5a", "name": "tempest-server-smoke-78011777", "created": "2016-02-21T03:55:06Z", "tenant_id": "ad5f80d040a44bd898d826eaa52ac565", "OS-DCF:diskConfig": "MANUAL", "os-extended-volumes:volumes_attached": [], "accessIPv4": "", "accessIPv6": "", "progress": 0, "OS-EXT-STS:power_state": 0, "config_drive": "", "metadata": {}}}
2016-02-21 03:55:12,435 28454 INFO     [tempest_lib.common.rest_client] Request (TestNetworkAdvancedServerOps:test_server_connectivity_pause_unpause): 200 GET http://10.4.1.3:8774/v2.1/ad5f80d040a44bd898d826eaa52ac565/servers/39d01505-7c06-4f9c-97f2-d203c5abd283 0.844s
2016-02-21 03:55:12,436 28454 DEBUG    [tempest_lib.common.rest_client] Request - Headers: {'Content-Type': 'application/json', 'Accept': 'application/json', 'X-Auth-Token': '&lt;omitted&gt;'}
        Body: None
    Response - Headers: {'status': '200', 'content-length': '1473', 'content-location': 'http://10.4.1.3:8774/v2.1/ad5f80d040a44bd898d826eaa52ac565/servers/39d01505-7c06-4f9c-97f2-d203c5abd283', 'x-compute-request-id': 'req-ad582f04-eb1c-4dd7-a79e-c441f8c5cc62', 'vary': 'X-OpenStack-Nova-API-Version', 'connection': 'close', 'x-openstack-nova-api-version': '2.1', 'date': 'Sun, 21 Feb 2016 03:55:12 GMT', 'content-type': 'application/json'}
        Body: {"server": {"status": "BUILD", "updated": "2016-02-21T03:55:07Z", "hostId": "495d28915fa19846b36003cb380a3537dd56ef58c4880e555193bccb", "addresses": {}, "links": [{"href": "http://10.4.1.3:8774/v2.1/ad5f80d040a44bd898d826eaa52ac565/servers/39d01505-7c06-4f9c-97f2-d203c5abd283", "rel": "self"}, {"href": "http://10.4.1.3:8774/ad5f80d040a44bd898d826eaa52ac565/servers/39d01505-7c06-4f9c-97f2-d203c5abd283", "rel": "bookmark"}], "key_name": "tempest-TestNetworkAdvancedServerOps-279601624", "image": {"id": "ecd34dea-f68d-4267-9e0d-fb3a7d3432b2", "links": [{"href": "http://10.4.1.3:8774/ad5f80d040a44bd898d826eaa52ac565/images/ecd34dea-f68d-4267-9e0d-fb3a7d3432b2", "rel": "bookmark"}]}, "OS-EXT-STS:task_state": "spawning", "OS-EXT-STS:vm_state": "building", "OS-SRV-USG:launched_at": null, "flavor": {"id": "42", "links": [{"href": "http://10.4.1.3:8774/ad5f80d040a44bd898d826eaa52ac565/flavors/42", "rel": "bookmark"}]}, "id": "39d01505-7c06-4f9c-97f2-d203c5abd283", "security_groups": [{"name": "tempest-secgroup-smoke-1647097251"}], "OS-SRV-USG:terminated_at": null, "OS-EXT-AZ:availability_zone": "nova", "user_id": "e5ad8c2dc42146b981d665cc6fd3ce5a", "name": "tempest-server-smoke-78011777", "created": "2016-02-21T03:55:06Z", "tenant_id": "ad5f80d040a44bd898d826eaa52ac565", "OS-DCF:diskConfig": "MANUAL", "os-extended-volumes:volumes_attached": [], "accessIPv4": "", "accessIPv6": "", "progress": 0, "OS-EXT-STS:power_state": 0, "config_drive": "", "metadata": {}}}
2016-02-21 03:55:14,088 28454 INFO     [tempest_lib.common.rest_client] Request (TestNetworkAdvancedServerOps:test_server_connectivity_pause_unpause): 200 GET http://10.4.1.3:8774/v2.1/ad5f80d040a44bd898d826eaa52ac565/servers/39d01505-7c06-4f9c-97f2-d203c5abd283 0.641s
2016-02-21 03:55:14,088 28454 DEBUG    [tempest_lib.common.rest_client] Request - Headers: {'Content-Type': 'application/json', 'Accept': 'application/json', 'X-Auth-Token': '&lt;omitted&gt;'}
        Body: None
    Response - Headers: {'status': '200', 'content-length': '1644', 'content-location': 'http://10.4.1.3:8774/v2.1/ad5f80d040a44bd898d826eaa52ac565/servers/39d01505-7c06-4f9c-97f2-d203c5abd283', 'x-compute-request-id': 'req-fce74c6d-6be0-4b50-ab12-6e2c737b4fc9', 'vary': 'X-OpenStack-Nova-API-Version', 'connection': 'close', 'x-openstack-nova-api-version': '2.1', 'date': 'Sun, 21 Feb 2016 03:55:14 GMT', 'content-type': 'application/json'}
        Body: {"server": {"status": "ACTIVE", "updated": "2016-02-21T03:55:12Z", "hostId": "495d28915fa19846b36003cb380a3537dd56ef58c4880e555193bccb", "addresses": {"tempest-network-smoke--272558543": [{"OS-EXT-IPS-MAC:mac_addr": "fa:16:3e:e8:ca:99", "version": 4, "addr": "10.100.0.3", "OS-EXT-IPS:type": "fixed"}]}, "links": [{"href": "http://10.4.1.3:8774/v2.1/ad5f80d040a44bd898d826eaa52ac565/servers/39d01505-7c06-4f9c-97f2-d203c5abd283", "rel": "self"}, {"href": "http://10.4.1.3:8774/ad5f80d040a44bd898d826eaa52ac565/servers/39d01505-7c06-4f9c-97f2-d203c5abd283", "rel": "bookmark"}], "key_name": "tempest-TestNetworkAdvancedServerOps-279601624", "image": {"id": "ecd34dea-f68d-4267-9e0d-fb3a7d3432b2", "links": [{"href": "http://10.4.1.3:8774/ad5f80d040a44bd898d826eaa52ac565/images/ecd34dea-f68d-4267-9e0d-fb3a7d3432b2", "rel": "bookmark"}]}, "OS-EXT-STS:task_state": null, "OS-EXT-STS:vm_state": "active", "OS-SRV-USG:launched_at": "2016-02-21T03:55:12.000000", "flavor": {"id": "42", "links": [{"href": "http://10.4.1.3:8774/ad5f80d040a44bd898d826eaa52ac565/flavors/42", "rel": "bookmark"}]}, "id": "39d01505-7c06-4f9c-97f2-d203c5abd283", "security_groups": [{"name": "tempest-secgroup-smoke-1647097251"}], "OS-SRV-USG:terminated_at": null, "OS-EXT-AZ:availability_zone": "nova", "user_id": "e5ad8c2dc42146b981d665cc6fd3ce5a", "name": "tempest-server-smoke-78011777", "created": "2016-02-21T03:55:06Z", "tenant_id": "ad5f80d040a44bd898d826eaa52ac565", "OS-DCF:diskConfig": "MANUAL", "os-extended-volumes:volumes_attached": [], "accessIPv4": "", "accessIPv6": "", "progress": 0, "OS-EXT-STS:power_state": 1, "config_drive": "True", "metadata": {}}}
2016-02-21 03:55:14,098 28454 INFO     [tempest.common.waiters] State transition "BUILD/spawning" ==&gt; "ACTIVE/None" after 7 second wait
2016-02-21 03:55:14,764 28454 INFO     [tempest_lib.common.rest_client] Request (TestNetworkAdvancedServerOps:test_server_connectivity_pause_unpause): 200 GET http://10.4.1.3:8774/v2.1/ad5f80d040a44bd898d826eaa52ac565/servers/39d01505-7c06-4f9c-97f2-d203c5abd283 0.665s
2016-02-21 03:55:14,764 28454 DEBUG    [tempest_lib.common.rest_client] Request - Headers: {'Content-Type': 'application/json', 'Accept': 'application/json', 'X-Auth-Token': '&lt;omitted&gt;'}
        Body: None
    Response - Headers: {'status': '200', 'content-length': '1644', 'content-location': 'http://10.4.1.3:8774/v2.1/ad5f80d040a44bd898d826eaa52ac565/servers/39d01505-7c06-4f9c-97f2-d203c5abd283', 'x-compute-request-id': 'req-ea134189-5a02-4b25-8814-8edc3d126fe2', 'vary': 'X-OpenStack-Nova-API-Version', 'connection': 'close', 'x-openstack-nova-api-version': '2.1', 'date': 'Sun, 21 Feb 2016 03:55:14 GMT', 'content-type': 'application/json'}
        Body: {"server": {"status": "ACTIVE", "updated": "2016-02-21T03:55:12Z", "hostId": "495d28915fa19846b36003cb380a3537dd56ef58c4880e555193bccb", "addresses": {"tempest-network-smoke--272558543": [{"OS-EXT-IPS-MAC:mac_addr": "fa:16:3e:e8:ca:99", "version": 4, "addr": "10.100.0.3", "OS-EXT-IPS:type": "fixed"}]}, "links": [{"href": "http://10.4.1.3:8774/v2.1/ad5f80d040a44bd898d826eaa52ac565/servers/39d01505-7c06-4f9c-97f2-d203c5abd283", "rel": "self"}, {"href": "http://10.4.1.3:8774/ad5f80d040a44bd898d826eaa52ac565/servers/39d01505-7c06-4f9c-97f2-d203c5abd283", "rel": "bookmark"}], "key_name": "tempest-TestNetworkAdvancedServerOps-279601624", "image": {"id": "ecd34dea-f68d-4267-9e0d-fb3a7d3432b2", "links": [{"href": "http://10.4.1.3:8774/ad5f80d040a44bd898d826eaa52ac565/images/ecd34dea-f68d-4267-9e0d-fb3a7d3432b2", "rel": "bookmark"}]}, "OS-EXT-STS:task_state": null, "OS-EXT-STS:vm_state": "active", "OS-SRV-USG:launched_at": "2016-02-21T03:55:12.000000", "flavor": {"id": "42", "links": [{"href": "http://10.4.1.3:8774/ad5f80d040a44bd898d826eaa52ac565/flavors/42", "rel": "bookmark"}]}, "id": "39d01505-7c06-4f9c-97f2-d203c5abd283", "security_groups": [{"name": "tempest-secgroup-smoke-1647097251"}], "OS-SRV-USG:terminated_at": null, "OS-EXT-AZ:availability_zone": "nova", "user_id": "e5ad8c2dc42146b981d665cc6fd3ce5a", "name": "tempest-server-smoke-78011777", "created": "2016-02-21T03:55:06Z", "tenant_id": "ad5f80d040a44bd898d826eaa52ac565", "OS-DCF:diskConfig": "MANUAL", "os-extended-volumes:volumes_attached": [], "accessIPv4": "", "accessIPv6": "", "progress": 0, "OS-EXT-STS:power_state": 1, "config_drive": "True", "metadata": {}}}
2016-02-21 03:55:14,980 28454 INFO     [tempest_lib.common.rest_client] Request (TestNetworkAdvancedServerOps:test_server_connectivity_pause_unpause): 200 GET http://10.4.1.3:9696/v2.0/ports?fixed_ip=None&amp;device_id=39d01505-7c06-4f9c-97f2-d203c5abd283 0.207s
2016-02-21 03:55:14,980 28454 DEBUG    [tempest_lib.common.rest_client] Request - Headers: {'Content-Type': 'application/json', 'Accept': 'application/json', 'X-Auth-Token': '&lt;omitted&gt;'}
        Body: None
    Response - Headers: {'status': '200', 'content-length': '755', 'content-location': 'http://10.4.1.3:9696/v2.0/ports?fixed_ip=None&amp;device_id=39d01505-7c06-4f9c-97f2-d203c5abd283', 'connection': 'close', 'date': 'Sun, 21 Feb 2016 03:55:14 GMT', 'content-type': 'application/json; charset=UTF-8', 'x-openstack-request-id': 'req-3900c86e-e18c-43d5-af21-6286e2a6c34d'}
        Body: {"ports": [{"status": "ACTIVE", "binding:host_id": "vagrant-ubuntu-trusty-64", "name": "", "allowed_address_pairs": [], "admin_state_up": true, "network_id": "a81106ce-b15f-422f-86ec-809d5b906c4d", "tenant_id": "ad5f80d040a44bd898d826eaa52ac565", "extra_dhcp_opts": [], "mac_address": "fa:16:3e:e8:ca:99", "binding:vif_details": {"port_filter": true}, "binding:vif_type": "ovs", "device_owner": "compute:None", "binding:profile": {}, "port_security_enabled": true, "binding:vnic_type": "normal", "fixed_ips": [{"subnet_id": "c234cc2c-82ad-436a-8247-923499a8782d", "ip_address": "10.100.0.3"}], "id": "ecf516ec-e9bd-4ae1-96be-f9b15e66f45f", "security_groups": ["0b2a208a-814e-4511-bdc9-08cf20b6c7a8"], "device_id": "39d01505-7c06-4f9c-97f2-d203c5abd283"}]}
2016-02-21 03:55:15,707 28454 INFO     [tempest_lib.common.rest_client] Request (TestNetworkAdvancedServerOps:test_server_connectivity_pause_unpause): 201 POST http://10.4.1.3:9696/v2.0/floatingips 0.726s
2016-02-21 03:55:15,708 28454 DEBUG    [tempest_lib.common.rest_client] Request - Headers: {'Content-Type': 'application/json', 'Accept': 'application/json', 'X-Auth-Token': '&lt;omitted&gt;'}
        Body: {"floatingip": {"floating_network_id": "85d22154-5f9a-49c0-a3b5-a0e86d7d83bd", "tenant_id": "ad5f80d040a44bd898d826eaa52ac565", "fixed_ip_address": "10.100.0.3", "port_id": "ecf516ec-e9bd-4ae1-96be-f9b15e66f45f"}}
    Response - Headers: {'status': '201', 'content-length': '369', 'connection': 'close', 'date': 'Sun, 21 Feb 2016 03:55:15 GMT', 'content-type': 'application/json; charset=UTF-8', 'x-openstack-request-id': 'req-06078370-7100-45ef-bbda-74b19af2add9'}
        Body: {"floatingip": {"floating_network_id": "85d22154-5f9a-49c0-a3b5-a0e86d7d83bd", "router_id": "2432cc42-9b50-41fe-a3d2-c8cae68d668e", "fixed_ip_address": "10.100.0.3", "floating_ip_address": "172.24.4.4", "tenant_id": "ad5f80d040a44bd898d826eaa52ac565", "status": "ACTIVE", "port_id": "ecf516ec-e9bd-4ae1-96be-f9b15e66f45f", "id": "acd146ac-2edc-4ce1-aff1-f428a0785723"}}
2016-02-21 03:55:16,361 28454 INFO     [tempest_lib.common.rest_client] Request (TestNetworkAdvancedServerOps:test_server_connectivity_pause_unpause): 200 GET http://10.4.1.3:8774/v2.1/ad5f80d040a44bd898d826eaa52ac565/servers/39d01505-7c06-4f9c-97f2-d203c5abd283 0.652s
2016-02-21 03:55:16,361 28454 DEBUG    [tempest_lib.common.rest_client] Request - Headers: {'Content-Type': 'application/json', 'Accept': 'application/json', 'X-Auth-Token': '&lt;omitted&gt;'}
        Body: None
    Response - Headers: {'status': '200', 'content-length': '1644', 'content-location': 'http://10.4.1.3:8774/v2.1/ad5f80d040a44bd898d826eaa52ac565/servers/39d01505-7c06-4f9c-97f2-d203c5abd283', 'x-compute-request-id': 'req-87352399-431a-4824-b654-08b018927526', 'vary': 'X-OpenStack-Nova-API-Version', 'connection': 'close', 'x-openstack-nova-api-version': '2.1', 'date': 'Sun, 21 Feb 2016 03:55:16 GMT', 'content-type': 'application/json'}
        Body: {"server": {"status": "ACTIVE", "updated": "2016-02-21T03:55:12Z", "hostId": "495d28915fa19846b36003cb380a3537dd56ef58c4880e555193bccb", "addresses": {"tempest-network-smoke--272558543": [{"OS-EXT-IPS-MAC:mac_addr": "fa:16:3e:e8:ca:99", "version": 4, "addr": "10.100.0.3", "OS-EXT-IPS:type": "fixed"}]}, "links": [{"href": "http://10.4.1.3:8774/v2.1/ad5f80d040a44bd898d826eaa52ac565/servers/39d01505-7c06-4f9c-97f2-d203c5abd283", "rel": "self"}, {"href": "http://10.4.1.3:8774/ad5f80d040a44bd898d826eaa52ac565/servers/39d01505-7c06-4f9c-97f2-d203c5abd283", "rel": "bookmark"}], "key_name": "tempest-TestNetworkAdvancedServerOps-279601624", "image": {"id": "ecd34dea-f68d-4267-9e0d-fb3a7d3432b2", "links": [{"href": "http://10.4.1.3:8774/ad5f80d040a44bd898d826eaa52ac565/images/ecd34dea-f68d-4267-9e0d-fb3a7d3432b2", "rel": "bookmark"}]}, "OS-EXT-STS:task_state": null, "OS-EXT-STS:vm_state": "active", "OS-SRV-USG:launched_at": "2016-02-21T03:55:12.000000", "flavor": {"id": "42", "links": [{"href": "http://10.4.1.3:8774/ad5f80d040a44bd898d826eaa52ac565/flavors/42", "rel": "bookmark"}]}, "id": "39d01505-7c06-4f9c-97f2-d203c5abd283", "security_groups": [{"name": "tempest-secgroup-smoke-1647097251"}], "OS-SRV-USG:terminated_at": null, "OS-EXT-AZ:availability_zone": "nova", "user_id": "e5ad8c2dc42146b981d665cc6fd3ce5a", "name": "tempest-server-smoke-78011777", "created": "2016-02-21T03:55:06Z", "tenant_id": "ad5f80d040a44bd898d826eaa52ac565", "OS-DCF:diskConfig": "MANUAL", "os-extended-volumes:volumes_attached": [], "accessIPv4": "", "accessIPv6": "", "progress": 0, "OS-EXT-STS:power_state": 1, "config_drive": "True", "metadata": {}}}
2016-02-21 03:55:16,370 28454 INFO     [tempest.scenario.manager] Tenant networks not configured to be reachable.
2016-02-21 03:55:16,550 28454 INFO     [tempest_lib.common.rest_client] Request (TestNetworkAdvancedServerOps:test_server_connectivity_pause_unpause): 200 GET http://10.4.1.3:9696/v2.0/floatingips/acd146ac-2edc-4ce1-aff1-f428a0785723 0.179s
2016-02-21 03:55:16,551 28454 DEBUG    [tempest_lib.common.rest_client] Request - Headers: {'Content-Type': 'application/json', 'Accept': 'application/json', 'X-Auth-Token': '&lt;omitted&gt;'}
        Body: None
    Response - Headers: {'status': '200', 'content-length': '369', 'content-location': 'http://10.4.1.3:9696/v2.0/floatingips/acd146ac-2edc-4ce1-aff1-f428a0785723', 'connection': 'close', 'date': 'Sun, 21 Feb 2016 03:55:16 GMT', 'content-type': 'application/json; charset=UTF-8', 'x-openstack-request-id': 'req-8606e664-0f21-4e13-9f75-a64bbf415374'}
        Body: {"floatingip": {"floating_network_id": "85d22154-5f9a-49c0-a3b5-a0e86d7d83bd", "router_id": "2432cc42-9b50-41fe-a3d2-c8cae68d668e", "fixed_ip_address": "10.100.0.3", "floating_ip_address": "172.24.4.4", "tenant_id": "ad5f80d040a44bd898d826eaa52ac565", "status": "ACTIVE", "port_id": "ecf516ec-e9bd-4ae1-96be-f9b15e66f45f", "id": "acd146ac-2edc-4ce1-aff1-f428a0785723"}}
2016-02-21 03:55:16,551 28454 INFO     [tempest.scenario.manager] FloatingIP: &lt;"FloatingIP" addr="172.24.4.4" id="acd146ac-2edc-4ce1-aff1-f428a0785723"&gt; is at status: ACTIVE
2016-02-21 03:55:16,551 28454 DEBUG    [tempest.scenario.manager] checking network connections to IP 172.24.4.4 with user: cirros
2016-02-21 03:55:16,552 28454 DEBUG    [tempest.scenario.manager] TestNetworkAdvancedServerOps:test_server_connectivity_pause_unpause begins to ping 172.24.4.4 in 120 sec and the expected result is reachable
2016-02-21 03:57:17,134 28454 DEBUG    [tempest.scenario.manager] TestNetworkAdvancedServerOps:test_server_connectivity_pause_unpause finishes ping 172.24.4.4 in 120 sec and the ping result is unexpected
2016-02-21 03:57:17,136 28454 ERROR    [tempest.scenario.manager] Public network connectivity check failed
2016-02-21 03:57:17.136 28454 ERROR tempest.scenario.manager Traceback (most recent call last):
2016-02-21 03:57:17.136 28454 ERROR tempest.scenario.manager   File "tempest/scenario/manager.py", line 598, in check_public_network_connectivity
2016-02-21 03:57:17.136 28454 ERROR tempest.scenario.manager     should_connect=should_connect)
2016-02-21 03:57:17.136 28454 ERROR tempest.scenario.manager   File "tempest/scenario/manager.py", line 582, in check_vm_connectivity
2016-02-21 03:57:17.136 28454 ERROR tempest.scenario.manager     msg=msg)
2016-02-21 03:57:17.136 28454 ERROR tempest.scenario.manager   File "/usr/local/lib/python2.7/dist-packages/unittest2/case.py", line 702, in assertTrue
2016-02-21 03:57:17.136 28454 ERROR tempest.scenario.manager     raise self.failureException(msg)
2016-02-21 03:57:17.136 28454 ERROR tempest.scenario.manager AssertionError: False is not true : Timed out waiting for 172.24.4.4 to become reachable
2016-02-21 03:57:17.136 28454 ERROR tempest.scenario.manager 
2016-02-21 03:57:17,549 28454 INFO     [tempest_lib.common.rest_client] Request (TestNetworkAdvancedServerOps:test_server_connectivity_pause_unpause): 200 POST http://10.4.1.3:8774/v2.1/ad5f80d040a44bd898d826eaa52ac565/servers/39d01505-7c06-4f9c-97f2-d203c5abd283/action 0.409s
2016-02-21 03:57:17,550 28454 DEBUG    [tempest_lib.common.rest_client] Request - Headers: {'Content-Type': 'application/json', 'Accept': 'application/json', 'X-Auth-Token': '&lt;omitted&gt;'}
        Body: {"os-getConsoleOutput": {}}
    Response - Headers: {'status': '200', 'content-length': '17428', 'x-compute-request-id': 'req-65e03734-bfca-4ac6-890f-67e586bbaac6', 'vary': 'X-OpenStack-Nova-API-Version', 'connection': 'close', 'x-openstack-nova-api-version': '2.1', 'date': 'Sun, 21 Feb 2016 03:57:17 GMT', 'content-type': 'application/json'}
        Body: {"output": "[    0.000000] Initializing cgroup subsys cpuset\n[    0.000000] Initializing cgroup subsys cpu\n[    0.000000] Linux version 3.2.0-80-virtual (buildd@batsu) (gcc version 4.6.3 (Ubuntu/Linaro 4.6.3-1ubuntu5) ) #116-Ubuntu SMP Mon Mar 23 17:28:52 UTC 2015 (Ubuntu 3.2.0-80.116-virtual 3.2.68)\n[    0.000000] Command line: root=/dev/vda console=tty0 console=ttyS0 no_timer_check\n[    0.000000] KERNEL supported cpus:\n[    0.000000]   Intel GenuineIntel\n[    0.000000]   AMD AuthenticAMD\n[    0.000000]   Centaur CentaurHauls\n[    0.000000] BIOS-provided physical RAM map:\n[    0.000000]  BIOS-e820: 0000000000000000 - 000000000009fc00 (usable)\n[    0.000000]  BIOS-e820: 000000000009fc00 - 00000000000a0000 (reserved)\n[    0.000000]  BIOS-e820: 00000000000f0000 - 0000000000100000 (reserved)\n[    0.000000]  BIOS-e820: 0000000000100000 - 0000000003ffe000 (usable)\n[    0.000000]  BIOS-e820: 0000000003ffe000 - 0000000004000000 (reserved)\n[    0.000000]  BIOS-e820: 00000000fffc0000 - 0000000100000000 (reserved)\n[    0.000000] NX (Execute Disable) protection: active\n[    0.000000] SMBIOS 2.4 present.\n[    0.000000] No AGP bridge found\n[    0.000000] last_pfn = 0x3ffe max_arch_pfn = 0x400000000\n[    0.000000] x86 PAT enabled: cpu 0, old 0x7040600070406, new 0x7010600070106\n[    0.000000] found SMP MP-table at [ffff8800000f0b00] f0b00\n[    0.000000] init_memory_mapping: 0000000000000000-0000000003ffe000\n[    0.000000] RAMDISK: 03c5e000 - 03ff0000\n[    0.000000] ACPI: RSDP 00000000000f0950 00014 (v00 BOCHS )\n[    0.000000] ACPI: RSDT 0000000003fffbc1 00034 (v01 BOCHS  BXPCRSDT 00000001 BXPC 00000001)\n[    0.000000] ACPI: FACP 0000000003fff1c0 00074 (v01 BOCHS  BXPCFACP 00000001 BXPC 00000001)\n[    0.000000] ACPI: DSDT 0000000003ffe040 01180 (v01 BOCHS  BXPCDSDT 00000001 BXPC 00000001)\n[    0.000000] ACPI: FACS 0000000003ffe000 00040\n[    0.000000] ACPI: SSDT 0000000003fff234 008DD (v01 BOCHS  BXPCSSDT 00000001 BXPC 00000001)\n[    0.000000] ACPI: APIC 0000000003fffb11 00078 (v01 BOCHS  BXPCAPIC 00000001 BXPC 00000001)\n[    0.000000] ACPI: HPET 0000000003fffb89 00038 (v01 BOCHS  BXPCHPET 00000001 BXPC 00000001)\n[    0.000000] No NUMA configuration found\n[    0.000000] Faking a node at 0000000000000000-0000000003ffe000\n[    0.000000] Initmem setup node 0 0000000000000000-0000000003ffe000\n[    0.000000]   NODE_DATA [0000000003ff6000 - 0000000003ffafff]\n[    0.000000] Zone PFN ranges:\n[    0.000000]   DMA      0x00000010 -&gt; 0x00001000\n[    0.000000]   DMA32    0x00001000 -&gt; 0x00100000\n[    0.000000]   Normal   empty\n[    0.000000] Movable zone start PFN for each node\n[    0.000000] early_node_map[2] active PFN ranges\n[    0.000000]     0: 0x00000010 -&gt; 0x0000009f\n[    0.000000]     0: 0x00000100 -&gt; 0x00003ffe\n[    0.000000] ACPI: PM-Timer IO Port: 0xb008\n[    0.000000] ACPI: LAPIC (acpi_id[0x00] lapic_id[0x00] enabled)\n[    0.000000] ACPI: LAPIC_NMI (acpi_id[0xff] dfl dfl lint[0x1])\n[    0.000000] ACPI: IOAPIC (id[0x00] address[0xfec00000] gsi_base[0])\n[    0.000000] IOAPIC[0]: apic_id 0, version 17, address 0xfec00000, GSI 0-23\n[    0.000000] ACPI: INT_SRC_OVR (bus 0 bus_irq 0 global_irq 2 dfl dfl)\n[    0.000000] ACPI: INT_SRC_OVR (bus 0 bus_irq 5 global_irq 5 high level)\n[    0.000000] ACPI: INT_SRC_OVR (bus 0 bus_irq 9 global_irq 9 high level)\n[    0.000000] ACPI: INT_SRC_OVR (bus 0 bus_irq 10 global_irq 10 high level)\n[    0.000000] ACPI: INT_SRC_OVR (bus 0 bus_irq 11 global_irq 11 high level)\n[    0.000000] Using ACPI (MADT) for SMP configuration information\n[    0.000000] ACPI: HPET id: 0x8086a201 base: 0xfed00000\n[    0.000000] SMP: Allowing 1 CPUs, 0 hotplug CPUs\n[    0.000000] PM: Registered nosave memory: 000000000009f000 - 00000000000a0000\n[    0.000000] PM: Registered nosave memory: 00000000000a0000 - 00000000000f0000\n[    0.000000] PM: Registered nosave memory: 00000000000f0000 - 0000000000100000\n[    0.000000] Allocating PCI resources starting at 4000000 (gap: 4000000:fbfc0000)\n[    0.000000] Booting paravirtualized kernel on bare hardware\n[    0.000000] setup_pe
2016-02-21 03:57:17,555 28454 DEBUG    [tempest.scenario.manager] Console output for 39d01505-7c06-4f9c-97f2-d203c5abd283
body=
[    0.000000] Initializing cgroup subsys cpuset
[    0.000000] Initializing cgroup subsys cpu
[    0.000000] Linux version 3.2.0-80-virtual (buildd@batsu) (gcc version 4.6.3 (Ubuntu/Linaro 4.6.3-1ubuntu5) ) #116-Ubuntu SMP Mon Mar 23 17:28:52 UTC 2015 (Ubuntu 3.2.0-80.116-virtual 3.2.68)
[    0.000000] Command line: root=/dev/vda console=tty0 console=ttyS0 no_timer_check
[    0.000000] KERNEL supported cpus:
[    0.000000]   Intel GenuineIntel
[    0.000000]   AMD AuthenticAMD
[    0.000000]   Centaur CentaurHauls
[    0.000000] BIOS-provided physical RAM map:
[    0.000000]  BIOS-e820: 0000000000000000 - 000000000009fc00 (usable)
[    0.000000]  BIOS-e820: 000000000009fc00 - 00000000000a0000 (reserved)
[    0.000000]  BIOS-e820: 00000000000f0000 - 0000000000100000 (reserved)
[    0.000000]  BIOS-e820: 0000000000100000 - 0000000003ffe000 (usable)
[    0.000000]  BIOS-e820: 0000000003ffe000 - 0000000004000000 (reserved)
[    0.000000]  BIOS-e820: 00000000fffc0000 - 0000000100000000 (reserved)
[    0.000000] NX (Execute Disable) protection: active
[    0.000000] SMBIOS 2.4 present.
[    0.000000] No AGP bridge found
[    0.000000] last_pfn = 0x3ffe max_arch_pfn = 0x400000000
[    0.000000] x86 PAT enabled: cpu 0, old 0x7040600070406, new 0x7010600070106
[    0.000000] found SMP MP-table at [ffff8800000f0b00] f0b00
[    0.000000] init_memory_mapping: 0000000000000000-0000000003ffe000
[    0.000000] RAMDISK: 03c5e000 - 03ff0000
[    0.000000] ACPI: RSDP 00000000000f0950 00014 (v00 BOCHS )
[    0.000000] ACPI: RSDT 0000000003fffbc1 00034 (v01 BOCHS  BXPCRSDT 00000001 BXPC 00000001)
[    0.000000] ACPI: FACP 0000000003fff1c0 00074 (v01 BOCHS  BXPCFACP 00000001 BXPC 00000001)
[    0.000000] ACPI: DSDT 0000000003ffe040 01180 (v01 BOCHS  BXPCDSDT 00000001 BXPC 00000001)
[    0.000000] ACPI: FACS 0000000003ffe000 00040
[    0.000000] ACPI: SSDT 0000000003fff234 008DD (v01 BOCHS  BXPCSSDT 00000001 BXPC 00000001)
[    0.000000] ACPI: APIC 0000000003fffb11 00078 (v01 BOCHS  BXPCAPIC 00000001 BXPC 00000001)
[    0.000000] ACPI: HPET 0000000003fffb89 00038 (v01 BOCHS  BXPCHPET 00000001 BXPC 00000001)
[    0.000000] No NUMA configuration found
[    0.000000] Faking a node at 0000000000000000-0000000003ffe000
[    0.000000] Initmem setup node 0 0000000000000000-0000000003ffe000
[    0.000000]   NODE_DATA [0000000003ff6000 - 0000000003ffafff]
[    0.000000] Zone PFN ranges:
[    0.000000]   DMA      0x00000010 -&gt; 0x00001000
[    0.000000]   DMA32    0x00001000 -&gt; 0x00100000
[    0.000000]   Normal   empty
[    0.000000] Movable zone start PFN for each node
[    0.000000] early_node_map[2] active PFN ranges
[    0.000000]     0: 0x00000010 -&gt; 0x0000009f
[    0.000000]     0: 0x00000100 -&gt; 0x00003ffe
[    0.000000] ACPI: PM-Timer IO Port: 0xb008
[    0.000000] ACPI: LAPIC (acpi_id[0x00] lapic_id[0x00] enabled)
[    0.000000] ACPI: LAPIC_NMI (acpi_id[0xff] dfl dfl lint[0x1])
[    0.000000] ACPI: IOAPIC (id[0x00] address[0xfec00000] gsi_base[0])
[    0.000000] IOAPIC[0]: apic_id 0, version 17, address 0xfec00000, GSI 0-23
[    0.000000] ACPI: INT_SRC_OVR (bus 0 bus_irq 0 global_irq 2 dfl dfl)
[    0.000000] ACPI: INT_SRC_OVR (bus 0 bus_irq 5 global_irq 5 high level)
[    0.000000] ACPI: INT_SRC_OVR (bus 0 bus_irq 9 global_irq 9 high level)
[    0.000000] ACPI: INT_SRC_OVR (bus 0 bus_irq 10 global_irq 10 high level)
[    0.000000] ACPI: INT_SRC_OVR (bus 0 bus_irq 11 global_irq 11 high level)
[    0.000000] Using ACPI (MADT) for SMP configuration information
[    0.000000] ACPI: HPET id: 0x8086a201 base: 0xfed00000
[    0.000000] SMP: Allowing 1 CPUs, 0 hotplug CPUs
[    0.000000] PM: Registered nosave memory: 000000000009f000 - 00000000000a0000
[    0.000000] PM: Registered nosave memory: 00000000000a0000 - 00000000000f0000
[    0.000000] PM: Registered nosave memory: 00000000000f0000 - 0000000000100000
[    0.000000] Allocating PCI resources starting at 4000000 (gap: 4000000:fbfc0000)
[    0.000000] Booting paravirtualized kernel on bare hardware
[    0.000000] setup_percpu: NR_CPUS:64 nr_cpumask_bits:64 nr_cpu_ids:1 nr_node_ids:1
[    0.000000] PERCPU: Embedded 27 pages/cpu @ffff880003a00000 s78848 r8192 d23552 u2097152
[    0.000000] Built 1 zonelists in Node order, mobility grouping on.  Total pages: 16008
[    0.000000] Policy zone: DMA32
[    0.000000] Kernel command line: root=/dev/vda console=tty0 console=ttyS0 no_timer_check
[    0.000000] PID hash table entries: 256 (order: -1, 2048 bytes)
[    0.000000] Checking aperture...
[    0.000000] No AGP bridge found
[    0.000000] Memory: 43492k/65528k available (6576k kernel code, 452k absent, 21584k reserved, 6620k data, 928k init)
[    0.000000] SLUB: Genslabs=15, HWalign=64, Order=0-3, MinObjects=0, CPUs=1, Nodes=1
[    0.000000] Hierarchical RCU implementation.
[    0.000000] 	RCU dyntick-idle grace-period acceleration is enabled.
[    0.000000] NR_IRQS:4352 nr_irqs:256 16
[    0.000000] Console: colour VGA+ 80x25
[    0.000000] console [tty0] enabled
[    0.000000] console [ttyS0] enabled
[    0.000000] allocated 1048576 bytes of page_cgroup
[    0.000000] please try 'cgroup_disable=memory' option if you don't want memory cgroups
[    0.000000] Fast TSC calibration failed
[    0.000000] TSC: Unable to calibrate against PIT
[    0.000000] TSC: using HPET reference calibration
[    0.000000] Detected 2292.308 MHz processor.
[    0.028697] Calibrating delay loop (skipped), value calculated using timer frequency.. 4584.61 BogoMIPS (lpj=9169232)
[    0.032846] pid_max: default: 32768 minimum: 301
[    0.041876] Security Framework initialized
[    0.046818] AppArmor: AppArmor initialized
[    0.048136] Yama: becoming mindful.
[    0.053617] Dentry cache hash table entries: 8192 (order: 4, 65536 bytes)
[    0.056618] Inode-cache hash table entries: 4096 (order: 3, 32768 bytes)
[    0.058512] Mount-cache hash table entries: 256
[    0.076227] Initializing cgroup subsys cpuacct
[    0.077236] Initializing cgroup subsys memory
[    0.078575] Initializing cgroup subsys devices
[    0.079282] Initializing cgroup subsys freezer
[    0.080128] Initializing cgroup subsys blkio
[    0.080824] Initializing cgroup subsys perf_event
[    0.085954] mce: CPU supports 10 MCE banks
[    0.090506] SMP alternatives: switching to UP code
[    0.458481] Freeing SMP alternatives: 24k freed
[    0.460448] ACPI: Core revision 20110623
[    0.516297] ftrace: allocating 26610 entries in 105 pages
[    0.549642] ..TIMER: vector=0x30 apic1=0 pin1=2 apic2=-1 pin2=-1
[    0.551423] CPU0: AMD QEMU Virtual CPU version 2.0.0 stepping 03
[    0.556034] Performance Events: Broken PMU hardware detected, using software events only.
[    0.564712] NMI watchdog disabled (cpu0): hardware events not enabled
[    0.566246] Brought up 1 CPUs
[    0.566771] Total of 1 processors activated (4584.61 BogoMIPS).
[    0.589608] devtmpfs: initialized
[    0.618221] EVM: security.selinux
[    0.618677] EVM: security.SMACK64
[    0.619102] EVM: security.capability
[    0.640685] print_constraints: dummy: 
[    0.642379] RTC time:  3:55:16, date: 02/21/16
[    0.645862] NET: Registered protocol family 16
[    0.653869] ACPI: bus type pci registered
[    0.657678] PCI: Using configuration type 1 for base access
[    0.686933] bio: create slab &lt;bio-0&gt; at 0
[    0.690703] ACPI: Added _OSI(Module Device)
[    0.691271] ACPI: Added _OSI(Processor Device)
[    0.692092] ACPI: Added _OSI(3.0 _SCP Extensions)
[    0.692854] ACPI: Added _OSI(Processor Aggregator Device)
[    0.760719] ACPI: Interpreter enabled
[    0.761303] ACPI: (supports S0 S3 S4 S5)
[    0.763102] ACPI: Using IOAPIC for interrupt routing
[    0.835185] ACPI: No dock devices found.
[    0.836189] HEST: Table not found.
[    0.836938] PCI: Using host bridge windows from ACPI; if necessary, use "pci=nocrs" and report a bug
[    0.843091] ACPI: PCI Root Bridge [PCI0] (domain 0000 [bus 00-ff])
[    0.849507] pci_root PNP0A03:00: host bridge window [io  0x0000-0x0cf7]
[    0.850375] pci_root PNP0A03:00: host bridge window [io  0x0d00-0xadff]
[    0.851311] pci_root PNP0A03:00: host bridge window [io  0xae0f-0xaeff]
[    0.852107] pci_root PNP0A03:00: host bridge window [io  0xaf20-0xafdf]
[    0.852928] pci_root PNP0A03:00: host bridge window [io  0xafe4-0xffff]
[    0.853825] pci_root PNP0A03:00: host bridge window [mem 0x000a0000-0x000bffff]
[    0.856104] pci_root PNP0A03:00: host bridge window [mem 0x04000000-0xfebfffff]
[    0.879074] pci 0000:00:01.3: quirk: [io  0xb000-0xb03f] claimed by PIIX4 ACPI
[    0.880183] pci 0000:00:01.3: quirk: [io  0xb100-0xb10f] claimed by PIIX4 SMB
[    0.957548]  pci0000:00: Unable to request _OSC control (_OSC support mask: 0x1e)
[    1.030113] ACPI: PCI Interrupt Link [LNKA] (IRQs 5 *10 11)
[    1.032619] ACPI: PCI Interrupt Link [LNKB] (IRQs 5 *10 11)
[    1.033848] ACPI: PCI Interrupt Link [LNKC] (IRQs 5 10 *11)
[    1.036712] ACPI: PCI Interrupt Link [LNKD] (IRQs 5 10 *11)
[    1.037856] ACPI: PCI Interrupt Link [LNKS] (IRQs *9)
[    1.044751] vgaarb: device added: PCI:0000:00:02.0,decodes=io+mem,owns=io+mem,locks=none
[    1.045543] vgaarb: loaded
[    1.046846] vgaarb: bridge control possible 0000:00:02.0
[    1.050590] i2c-core: driver [aat2870] using legacy suspend method
[    1.052154] i2c-core: driver [aat2870] using legacy resume method
[    1.056308] SCSI subsystem initialized
[    1.059180] usbcore: registered new interface driver usbfs
[    1.061077] usbcore: registered new interface driver hub
[    1.064379] usbcore: registered new device driver usb
[    1.068999] PCI: Using ACPI for IRQ routing
[    1.080203] NetLabel: Initializing
[    1.080677] NetLabel:  domain hash size = 128
[    1.081199] NetLabel:  protocols = UNLABELED CIPSOv4
[    1.082989] NetLabel:  unlabeled traffic allowed by default
[    1.085434] HPET: 3 timers in total, 0 timers will be used for per-cpu timer
[    1.086550] hpet0: at MMIO 0xfed00000, IRQs 2, 8, 0
[    1.088549] hpet0: 3 comparators, 64-bit 100.000000 MHz counter
[    1.102758] Switching to clocksource hpet
[    1.330832] AppArmor: AppArmor Filesystem Enabled
[    1.332686] pnp: PnP ACPI init
[    1.333621] ACPI: bus type pnp registered
[    1.355014] pnp: PnP ACPI: found 9 devices
[    1.355719] ACPI: ACPI bus type pnp unregistered
[    1.409422] NET: Registered protocol family 2
[    1.442115] IP route cache hash table entries: 512 (order: 0, 4096 bytes)
[    1.448646] TCP established hash table entries: 2048 (order: 3, 32768 bytes)
[    1.450475] TCP bind hash table entries: 2048 (order: 3, 32768 bytes)
[    1.451500] TCP: Hash tables configured (established 2048 bind 2048)
[    1.453027] TCP reno registered
[    1.453591] UDP hash table entries: 128 (order: 0, 4096 bytes)
[    1.454436] UDP-Lite hash table entries: 128 (order: 0, 4096 bytes)
[    1.457645] NET: Registered protocol family 1
[    1.458499] pci 0000:00:00.0: Limiting direct PCI/PCI transfers
[    1.459312] pci 0000:00:01.0: PIIX3: Enabling Passive Release
[    1.460248] pci 0000:00:01.0: Activating ISA DMA hang workarounds
[    1.465815] ACPI: PCI Interrupt Link [LNKD] enabled at IRQ 11
[    1.466799] pci 0000:00:01.2: PCI INT D -&gt; Link[LNKD] -&gt; GSI 11 (level, high) -&gt; IRQ 11
[    1.469459] pci 0000:00:01.2: PCI INT D disabled
[    1.486626] Trying to unpack rootfs image as initramfs...
[    1.501991] audit: initializing netlink socket (disabled)
[    1.504579] type=2000 audit(1456026916.500:1): initialized
[    1.774882] HugeTLB registered 2 MB page size, pre-allocated 0 pages
[    1.851535] VFS: Disk quotas dquot_6.5.2
[    1.853470] Dquot-cache hash table entries: 512 (order 0, 4096 bytes)
[    1.867105] fuse init (API version 7.17)
[    1.870526] msgmni has been set to 84
[    1.920180] Block layer SCSI generic (bsg) driver version 0.4 loaded (major 253)
[    1.923118] io scheduler noop registered
[    1.923800] io scheduler deadline registered (default)
[    1.925726] io scheduler cfq registered
[    1.929357] pci_hotplug: PCI Hot Plug PCI Core version: 0.5
[    1.931662] pciehp: PCI Express Hot Plug Controller Driver version: 0.4
[    1.938469] input: Power Button as /devices/LNXSYSTM:00/LNXPWRBN:00/input/input0
[    1.942040] ACPI: Power Button [PWRF]
[    1.997882] ERST: Table is not found!
[    1.998476] GHES: HEST is not enabled!
[    2.007711] ACPI: PCI Interrupt Link [LNKC] enabled at IRQ 10
[    2.009467] virtio-pci 0000:00:03.0: PCI INT A -&gt; Link[LNKC] -&gt; GSI 10 (level, high) -&gt; IRQ 10
[    2.013656] virtio-pci 0000:00:04.0: PCI INT A -&gt; Link[LNKD] -&gt; GSI 11 (level, high) -&gt; IRQ 11
[    2.030697] ACPI: PCI Interrupt Link [LNKA] enabled at IRQ 10
[    2.031456] virtio-pci 0000:00:05.0: PCI INT A -&gt; Link[LNKA] -&gt; GSI 10 (level, high) -&gt; IRQ 10
[    2.042475] Serial: 8250/16550 driver, 32 ports, IRQ sharing enabled
[    2.079658] serial8250: ttyS0 at I/O 0x3f8 (irq = 4) is a 16550A
[    2.152083] serial8250: ttyS1 at I/O 0x2f8 (irq = 3) is a 16550A
[    2.277661] 00:05: ttyS0 at I/O 0x3f8 (irq = 4) is a 16550A
[    2.356730] 00:06: ttyS1 at I/O 0x2f8 (irq = 3) is a 16550A
[    2.400055] Linux agpgart interface v0.103
[    2.466847] brd: module loaded
[    2.473851] Refined TSC clocksource calibration: 2292.381 MHz.
[    2.475135] Switching to clocksource tsc
[    2.514873] loop: module loaded
[    2.575678]  vda: unknown partition table
[    2.646032] scsi0 : ata_piix
[    2.653394] scsi1 : ata_piix
[    2.654687] ata1: PATA max MWDMA2 cmd 0x1f0 ctl 0x3f6 bmdma 0xc0a0 irq 14
[    2.655593] ata2: PATA max MWDMA2 cmd 0x170 ctl 0x376 bmdma 0xc0a8 irq 15
[    2.667053] Fixed MDIO Bus: probed
[    2.667968] tun: Universal TUN/TAP device driver, 1.6
[    2.668929] tun: (C) 1999-2004 Max Krasnyansky &lt;maxk@qualcomm.com&gt;
[    2.682140] PPP generic driver version 2.4.2
[    2.709842] ehci_hcd: USB 2.0 'Enhanced' Host Controller (EHCI) Driver
[    2.711023] ohci_hcd: USB 1.1 'Open' Host Controller (OHCI) Driver
[    2.712592] uhci_hcd: USB Universal Host Controller Interface driver
[    2.714529] uhci_hcd 0000:00:01.2: PCI INT D -&gt; Link[LNKD] -&gt; GSI 11 (level, high) -&gt; IRQ 11
[    2.718436] uhci_hcd 0000:00:01.2: UHCI Host Controller
[    2.730526] uhci_hcd 0000:00:01.2: new USB bus registered, assigned bus number 1
[    2.734282] uhci_hcd 0000:00:01.2: irq 11, io base 0x0000c040
[    2.771293] hub 1-0:1.0: USB hub found
[    2.773141] hub 1-0:1.0: 2 ports detected
[    2.782595] usbcore: registered new interface driver libusual
[    2.788120] i8042: PNP: PS/2 Controller [PNP0303:KBD,PNP0f13:MOU] at 0x60,0x64 irq 1,12
[    2.798724] serio: i8042 KBD port at 0x60,0x64 irq 1
[    2.800030] serio: i8042 AUX port at 0x60,0x64 irq 12
[    2.873974] mousedev: PS/2 mouse device common for all mice
[    2.887416] ata2.01: ATAPI: QEMU DVD-ROM, 2.0.0, max UDMA/100
[    2.902768] input: AT Translated Set 2 keyboard as /devices/platform/i8042/serio0/input/input1
[    2.926030] rtc_cmos 00:01: RTC can wake from S4
[    2.936870] rtc_cmos 00:01: rtc core: registered rtc_cmos as rtc0
[    2.941945] rtc0: alarms up to one day, 114 bytes nvram, hpet irqs
[    2.947661] device-mapper: uevent: version 1.0.3
[    2.953070] ata2.01: configured for MWDMA2
[    2.994823] device-mapper: ioctl: 4.22.0-ioctl (2011-10-19) initialised: dm-devel@redhat.com
[    2.999376] cpuidle: using governor ladder
[    3.001579] cpuidle: using governor menu
[    3.002944] EFI Variables Facility v0.08 2004-May-17
[    3.013504] TCP cubic registered
[    3.021966] NET: Registered protocol family 10
[    3.056614] NET: Registered protocol family 17
[    3.058610] Registering the dns_resolver key type
[    3.075003] scsi 1:0:1:0: CD-ROM            QEMU     QEMU DVD-ROM     2.0. PQ: 0 ANSI: 5
[    3.092826] sr0: scsi3-mmc drive: 4x/4x cd/rw xa/form2 tray
[    3.095341] cdrom: Uniform CD-ROM driver Revision: 3.20
[    3.116013] sr 1:0:1:0: Attached scsi generic sg0 type 5
[    3.171873] registered taskstats version 1
[    3.246310] Freeing initrd memory: 3656k freed
[    3.761098]   Magic number: 4:758:917
[    3.773297] rtc_cmos 00:01: setting system clock to 2016-02-21 03:55:19 UTC (1456026919)
[    3.775635] powernow-k8: Processor cpuid 663 not supported
[    3.782640] BIOS EDD facility v0.16 2004-Jun-25, 0 devices found
[    3.783930] EDD information not available.
[    3.865820] Freeing unused kernel memory: 928k freed
[    3.874585] Write protecting the kernel read-only data: 12288k
[    3.951820] Freeing unused kernel memory: 1596k freed
[    4.012041] Freeing unused kernel memory: 1184k freed

info: initramfs: up at 4.19
modprobe: module virtio_blk not found in modules.dep
modprobe: module virtio_net not found in modules.dep
info: copying initramfs to /dev/vda
info: initramfs loading root from /dev/vda
info: /etc/init.d/rc.sysinit: up at 8.67
info: container: none
Starting logging: OK
modprobe: module virtio_blk not found in modules.dep
modprobe: module virtio_net not found in modules.dep
WARN: /etc/rc3.d/S10-load-modules failed
Initializing random number generator... done.
Starting acpid: OK
cirros-ds 'local' up at 11.21
found datasource (configdrive, local)
Starting network...
udhcpc (v1.20.1) started
Sending discover...
Sending discover...

2016-02-21 03:57:17,997 28454 INFO     [tempest_lib.common.rest_client] Request (TestNetworkAdvancedServerOps:_run_cleanups): 204 DELETE http://10.4.1.3:9696/v2.0/floatingips/acd146ac-2edc-4ce1-aff1-f428a0785723 0.435s
2016-02-21 03:57:17,998 28454 DEBUG    [tempest_lib.common.rest_client] Request - Headers: {'Content-Type': 'application/json', 'Accept': 'application/json', 'X-Auth-Token': '&lt;omitted&gt;'}
        Body: None
    Response - Headers: {'date': 'Sun, 21 Feb 2016 03:57:17 GMT', 'status': '204', 'connection': 'close', 'content-length': '0', 'x-openstack-request-id': 'req-70120d27-47e5-4417-b183-9052e2f61f91'}
        Body: 
2016-02-21 03:57:18,462 28454 INFO     [tempest_lib.common.rest_client] Request (TestNetworkAdvancedServerOps:_run_cleanups): 204 DELETE http://10.4.1.3:8774/v2.1/ad5f80d040a44bd898d826eaa52ac565/servers/39d01505-7c06-4f9c-97f2-d203c5abd283 0.463s
2016-02-21 03:57:18,463 28454 DEBUG    [tempest_lib.common.rest_client] Request - Headers: {'Content-Type': 'application/json', 'Accept': 'application/json', 'X-Auth-Token': '&lt;omitted&gt;'}
        Body: None
    Response - Headers: {'status': '204', 'content-length': '0', 'x-compute-request-id': 'req-6588f6a9-fd07-489d-aead-29b9322167ac', 'vary': 'X-OpenStack-Nova-API-Version', 'connection': 'close', 'x-openstack-nova-api-version': '2.1', 'date': 'Sun, 21 Feb 2016 03:57:18 GMT', 'content-type': 'application/json'}
        Body: 
2016-02-21 03:57:19,152 28454 INFO     [tempest_lib.common.rest_client] Request (TestNetworkAdvancedServerOps:_run_cleanups): 200 GET http://10.4.1.3:8774/v2.1/ad5f80d040a44bd898d826eaa52ac565/servers/39d01505-7c06-4f9c-97f2-d203c5abd283 0.687s
2016-02-21 03:57:19,152 28454 DEBUG    [tempest_lib.common.rest_client] Request - Headers: {'Content-Type': 'application/json', 'Accept': 'application/json', 'X-Auth-Token': '&lt;omitted&gt;'}
        Body: None
    Response - Headers: {'status': '200', 'content-length': '1767', 'content-location': 'http://10.4.1.3:8774/v2.1/ad5f80d040a44bd898d826eaa52ac565/servers/39d01505-7c06-4f9c-97f2-d203c5abd283', 'x-compute-request-id': 'req-eec94d67-0339-44d5-b886-e258bebde3a7', 'vary': 'X-OpenStack-Nova-API-Version', 'connection': 'close', 'x-openstack-nova-api-version': '2.1', 'date': 'Sun, 21 Feb 2016 03:57:19 GMT', 'content-type': 'application/json'}
        Body: {"server": {"status": "ACTIVE", "updated": "2016-02-21T03:57:18Z", "hostId": "495d28915fa19846b36003cb380a3537dd56ef58c4880e555193bccb", "addresses": {"tempest-network-smoke--272558543": [{"OS-EXT-IPS-MAC:mac_addr": "fa:16:3e:e8:ca:99", "version": 4, "addr": "10.100.0.3", "OS-EXT-IPS:type": "fixed"}, {"OS-EXT-IPS-MAC:mac_addr": "fa:16:3e:e8:ca:99", "version": 4, "addr": "172.24.4.4", "OS-EXT-IPS:type": "floating"}]}, "links": [{"href": "http://10.4.1.3:8774/v2.1/ad5f80d040a44bd898d826eaa52ac565/servers/39d01505-7c06-4f9c-97f2-d203c5abd283", "rel": "self"}, {"href": "http://10.4.1.3:8774/ad5f80d040a44bd898d826eaa52ac565/servers/39d01505-7c06-4f9c-97f2-d203c5abd283", "rel": "bookmark"}], "key_name": "tempest-TestNetworkAdvancedServerOps-279601624", "image": {"id": "ecd34dea-f68d-4267-9e0d-fb3a7d3432b2", "links": [{"href": "http://10.4.1.3:8774/ad5f80d040a44bd898d826eaa52ac565/images/ecd34dea-f68d-4267-9e0d-fb3a7d3432b2", "rel": "bookmark"}]}, "OS-EXT-STS:task_state": "deleting", "OS-EXT-STS:vm_state": "active", "OS-SRV-USG:launched_at": "2016-02-21T03:55:12.000000", "flavor": {"id": "42", "links": [{"href": "http://10.4.1.3:8774/ad5f80d040a44bd898d826eaa52ac565/flavors/42", "rel": "bookmark"}]}, "id": "39d01505-7c06-4f9c-97f2-d203c5abd283", "security_groups": [{"name": "tempest-secgroup-smoke-1647097251"}], "OS-SRV-USG:terminated_at": null, "OS-EXT-AZ:availability_zone": "nova", "user_id": "e5ad8c2dc42146b981d665cc6fd3ce5a", "name": "tempest-server-smoke-78011777", "created": "2016-02-21T03:55:06Z", "tenant_id": "ad5f80d040a44bd898d826eaa52ac565", "OS-DCF:diskConfig": "MANUAL", "os-extended-volumes:volumes_attached": [], "accessIPv4": "", "accessIPv6": "", "progress": 0, "OS-EXT-STS:power_state": 1, "config_drive": "True", "metadata": {}}}
2016-02-21 03:57:20,443 28454 INFO     [tempest_lib.common.rest_client] Request (TestNetworkAdvancedServerOps:_run_cleanups): 404 GET http://10.4.1.3:8774/v2.1/ad5f80d040a44bd898d826eaa52ac565/servers/39d01505-7c06-4f9c-97f2-d203c5abd283 0.268s
2016-02-21 03:57:20,443 28454 DEBUG    [tempest_lib.common.rest_client] Request - Headers: {'Content-Type': 'application/json', 'Accept': 'application/json', 'X-Auth-Token': '&lt;omitted&gt;'}
        Body: None
    Response - Headers: {'status': '404', 'content-length': '111', 'x-compute-request-id': 'req-1a106539-b273-4f53-ac70-aecd1ce726fe', 'vary': 'X-OpenStack-Nova-API-Version', 'connection': 'close', 'x-openstack-nova-api-version': '2.1', 'date': 'Sun, 21 Feb 2016 03:57:20 GMT', 'content-type': 'application/json; charset=UTF-8'}
        Body: {"itemNotFound": {"message": "Instance 39d01505-7c06-4f9c-97f2-d203c5abd283 could not be found.", "code": 404}}
2016-02-21 03:57:21,173 28454 INFO     [tempest_lib.common.rest_client] Request (TestNetworkAdvancedServerOps:_run_cleanups): 500 PUT http://10.4.1.3:9696/v2.0/routers/2432cc42-9b50-41fe-a3d2-c8cae68d668e/remove_router_interface 0.728s
2016-02-21 03:57:21,173 28454 DEBUG    [tempest_lib.common.rest_client] Request - Headers: {'Content-Type': 'application/json', 'Accept': 'application/json', 'X-Auth-Token': '&lt;omitted&gt;'}
        Body: {"subnet_id": "c234cc2c-82ad-436a-8247-923499a8782d"}
    Response - Headers: {'status': '500', 'content-length': '150', 'connection': 'close', 'date': 'Sun, 21 Feb 2016 03:57:21 GMT', 'content-type': 'application/json; charset=UTF-8', 'x-openstack-request-id': 'req-bce2a31c-39a8-4a83-9d87-b6c69eca3e9b'}
        Body: {"NeutronError": {"message": "Request Failed: internal server error while processing your request.", "type": "HTTPInternalServerError", "detail": ""}}
2016-02-21 03:57:21,426 28454 INFO     [tempest_lib.common.rest_client] Request (TestNetworkAdvancedServerOps:_run_cleanups): 200 GET http://10.4.1.3:9696/v2.0/routers/2432cc42-9b50-41fe-a3d2-c8cae68d668e 0.247s
2016-02-21 03:57:21,426 28454 DEBUG    [tempest_lib.common.rest_client] Request - Headers: {'Content-Type': 'application/json', 'Accept': 'application/json', 'X-Auth-Token': '&lt;omitted&gt;'}
        Body: None
    Response - Headers: {'status': '200', 'content-length': '500', 'content-location': 'http://10.4.1.3:9696/v2.0/routers/2432cc42-9b50-41fe-a3d2-c8cae68d668e', 'connection': 'close', 'date': 'Sun, 21 Feb 2016 03:57:21 GMT', 'content-type': 'application/json; charset=UTF-8', 'x-openstack-request-id': 'req-12907e67-bb72-4574-b160-bfc1a7bb86cf'}
        Body: {"router": {"status": "ACTIVE", "external_gateway_info": {"network_id": "85d22154-5f9a-49c0-a3b5-a0e86d7d83bd", "enable_snat": true, "external_fixed_ips": [{"subnet_id": "756632f3-6aa5-46b5-ab49-9c26716219a6", "ip_address": "172.24.4.3"}, {"subnet_id": "4849341a-5672-40f3-b46d-e2a8d63163c0", "ip_address": "2001:db8::3"}]}, "name": "tempest-router-smoke-878147971", "admin_state_up": true, "tenant_id": "ad5f80d040a44bd898d826eaa52ac565", "routes": [], "id": "2432cc42-9b50-41fe-a3d2-c8cae68d668e"}}
2016-02-21 03:57:21,988 28454 INFO     [tempest_lib.common.rest_client] Request (TestNetworkAdvancedServerOps:_run_cleanups): 200 PUT http://10.4.1.3:9696/v2.0/routers/2432cc42-9b50-41fe-a3d2-c8cae68d668e 0.560s
2016-02-21 03:57:21,989 28454 DEBUG    [tempest_lib.common.rest_client] Request - Headers: {'Content-Type': 'application/json', 'Accept': 'application/json', 'X-Auth-Token': '&lt;omitted&gt;'}
        Body: {"router": {"external_gateway_info": {}, "name": "tempest-router-smoke-878147971", "admin_state_up": true}}
    Response - Headers: {'status': '200', 'content-length': '238', 'connection': 'close', 'date': 'Sun, 21 Feb 2016 03:57:21 GMT', 'content-type': 'application/json; charset=UTF-8', 'x-openstack-request-id': 'req-57bda8e8-7f9c-494d-a8f8-3ce754f3ec4f'}
        Body: {"router": {"status": "ACTIVE", "external_gateway_info": null, "name": "tempest-router-smoke-878147971", "admin_state_up": true, "tenant_id": "ad5f80d040a44bd898d826eaa52ac565", "routes": [], "id": "2432cc42-9b50-41fe-a3d2-c8cae68d668e"}}
2016-02-21 03:57:22,370 28454 INFO     [tempest_lib.common.rest_client] Request (TestNetworkAdvancedServerOps:_run_cleanups): 500 DELETE http://10.4.1.3:9696/v2.0/routers/2432cc42-9b50-41fe-a3d2-c8cae68d668e 0.381s
2016-02-21 03:57:22,370 28454 DEBUG    [tempest_lib.common.rest_client] Request - Headers: {'Content-Type': 'application/json', 'Accept': 'application/json', 'X-Auth-Token': '&lt;omitted&gt;'}
        Body: None
    Response - Headers: {'status': '500', 'content-length': '150', 'connection': 'close', 'date': 'Sun, 21 Feb 2016 03:57:22 GMT', 'content-type': 'application/json; charset=UTF-8', 'x-openstack-request-id': 'req-7668c8ab-77b3-4adf-84d7-6294d33ba0c0'}
        Body: {"NeutronError": {"message": "Request Failed: internal server error while processing your request.", "type": "HTTPInternalServerError", "detail": ""}}
2016-02-21 03:57:23,073 28454 INFO     [tempest_lib.common.rest_client] Request (TestNetworkAdvancedServerOps:_run_cleanups): 204 DELETE http://10.4.1.3:9696/v2.0/networks/a81106ce-b15f-422f-86ec-809d5b906c4d 0.701s
2016-02-21 03:57:23,075 28454 DEBUG    [tempest_lib.common.rest_client] Request - Headers: {'Content-Type': 'application/json', 'Accept': 'application/json', 'X-Auth-Token': '&lt;omitted&gt;'}
        Body: None
    Response - Headers: {'date': 'Sun, 21 Feb 2016 03:57:23 GMT', 'status': '204', 'connection': 'close', 'content-length': '0', 'x-openstack-request-id': 'req-7d2c685c-7738-4ae6-8283-93923e246743'}
        Body: 
2016-02-21 03:57:23,404 28454 INFO     [tempest_lib.common.rest_client] Request (TestNetworkAdvancedServerOps:_run_cleanups): 204 DELETE http://10.4.1.3:9696/v2.0/security-groups/0b2a208a-814e-4511-bdc9-08cf20b6c7a8 0.328s
2016-02-21 03:57:23,405 28454 DEBUG    [tempest_lib.common.rest_client] Request - Headers: {'Content-Type': 'application/json', 'Accept': 'application/json', 'X-Auth-Token': '&lt;omitted&gt;'}
        Body: None
    Response - Headers: {'date': 'Sun, 21 Feb 2016 03:57:23 GMT', 'status': '204', 'connection': 'close', 'content-length': '0', 'x-openstack-request-id': 'req-0b8acd8f-3629-4942-801b-561d66148ab9'}
        Body: 
2016-02-21 03:57:23,643 28454 INFO     [tempest_lib.common.rest_client] Request (TestNetworkAdvancedServerOps:_run_cleanups): 202 DELETE http://10.4.1.3:8774/v2.1/ad5f80d040a44bd898d826eaa52ac565/os-keypairs/tempest-TestNetworkAdvancedServerOps-279601624 0.235s
2016-02-21 03:57:23,644 28454 DEBUG    [tempest_lib.common.rest_client] Request - Headers: {'Content-Type': 'application/json', 'Accept': 'application/json', 'X-Auth-Token': '&lt;omitted&gt;'}
        Body: None
    Response - Headers: {'status': '202', 'content-length': '0', 'x-compute-request-id': 'req-2c1b6a69-e7bc-43cc-b8e1-fac0293dc997', 'vary': 'X-OpenStack-Nova-API-Version', 'connection': 'close', 'x-openstack-nova-api-version': '2.1', 'date': 'Sun, 21 Feb 2016 03:57:23 GMT', 'content-type': 'application/json'}
        Body: 
2016-02-21 03:57:23,907 28454 INFO     [tempest_lib.common.rest_client] Request (TestNetworkAdvancedServerOps:_run_cleanups): 404 GET http://10.4.1.3:8774/v2.1/ad5f80d040a44bd898d826eaa52ac565/servers/39d01505-7c06-4f9c-97f2-d203c5abd283 0.262s
2016-02-21 03:57:23,908 28454 DEBUG    [tempest_lib.common.rest_client] Request - Headers: {'Content-Type': 'application/json', 'Accept': 'application/json', 'X-Auth-Token': '&lt;omitted&gt;'}
        Body: None
    Response - Headers: {'status': '404', 'content-length': '111', 'x-compute-request-id': 'req-d63e6628-6af8-4214-9020-00e95605f2ed', 'vary': 'X-OpenStack-Nova-API-Version', 'connection': 'close', 'x-openstack-nova-api-version': '2.1', 'date': 'Sun, 21 Feb 2016 03:57:23 GMT', 'content-type': 'application/json; charset=UTF-8'}
        Body: {"itemNotFound": {"message": "Instance 39d01505-7c06-4f9c-97f2-d203c5abd283 could not be found.", "code": 404}}
}}}

traceback-1: {{{
Traceback (most recent call last):
  File "tempest/scenario/manager.py", line 108, in delete_wrapper
    delete_thing(*args, **kwargs)
  File "tempest/services/network/resources.py", line 98, in delete
    subnet_id=self.id)
  File "tempest/services/network/json/network_client.py", line 199, in remove_router_interface
    return self.update_resource(uri, kwargs)
  File "tempest/services/network/json/base.py", line 68, in update_resource
    resp, body = self.put(req_uri, req_post_data)
  File "/usr/local/lib/python2.7/dist-packages/tempest_lib/common/rest_client.py", line 322, in put
    return self.request('PUT', url, extra_headers, headers, body)
  File "/usr/local/lib/python2.7/dist-packages/tempest_lib/common/rest_client.py", line 642, in request
    resp, resp_body)
  File "/usr/local/lib/python2.7/dist-packages/tempest_lib/common/rest_client.py", line 761, in _error_checker
    message=message)
tempest_lib.exceptions.ServerFault: Got server fault
Details: Request Failed: internal server error while processing your request.
}}}

traceback-2: {{{
Traceback (most recent call last):
  File "tempest/scenario/manager.py", line 108, in delete_wrapper
    delete_thing(*args, **kwargs)
  File "tempest/services/network/resources.py", line 119, in delete
    self.client.delete_router(self.id)
  File "tempest/services/network/json/network_client.py", line 169, in delete_router
    return self.delete_resource(uri)
  File "tempest/services/network/json/base.py", line 41, in delete_resource
    resp, body = self.delete(req_uri)
  File "/usr/local/lib/python2.7/dist-packages/tempest_lib/common/rest_client.py", line 290, in delete
    return self.request('DELETE', url, extra_headers, headers, body)
  File "/usr/local/lib/python2.7/dist-packages/tempest_lib/common/rest_client.py", line 642, in request
    resp, resp_body)
  File "/usr/local/lib/python2.7/dist-packages/tempest_lib/common/rest_client.py", line 761, in _error_checker
    message=message)
tempest_lib.exceptions.ServerFault: Got server fault
Details: Request Failed: internal server error while processing your request.
}}}

Traceback (most recent call last):
  File "tempest/test.py", line 113, in wrapper
    return f(self, *func_args, **func_kwargs)
  File "tempest/scenario/test_network_advanced_server_ops.py", line 132, in test_server_connectivity_pause_unpause
    server, keypair, floating_ip = self._setup_network_and_servers()
  File "tempest/scenario/test_network_advanced_server_ops.py", line 69, in _setup_network_and_servers
    server, keypair, floating_ip)
  File "tempest/scenario/test_network_advanced_server_ops.py", line 93, in _wait_server_status_and_check_network_connectivity
    self._check_network_connectivity(server, keypair, floating_ip)
  File "tempest/scenario/test_network_advanced_server_ops.py", line 86, in _check_network_connectivity
    servers=[server])
  File "tempest/scenario/manager.py", line 598, in check_public_network_connectivity
    should_connect=should_connect)
  File "tempest/scenario/manager.py", line 582, in check_vm_connectivity
    msg=msg)
  File "/usr/local/lib/python2.7/dist-packages/unittest2/case.py", line 702, in assertTrue
    raise self.failureException(msg)
AssertionError: False is not true : Timed out waiting for 172.24.4.4 to become reachable



        </pre>
    </div>
    <!--css div popup end-->

    </td>
</tr>

<tr id='ft1.2' class='none'>
    <td class='failCase'><div class='testcase'>test_server_connectivity_reboot[compute,id-7b6860c2-afa3-4846-9522-adeb38dfbe08,network]</div></td>
    <td colspan='7' align='left'>

    <!--css div popup start-->
    <a class="popup_link" onfocus='this.blur();'
    href="javascript:showTestDetail('div_ft1.2')" >
        fail</a>

    <div id='div_ft1.2' class="popup_window">
        <div style='text-align: right; color:red;cursor:pointer'>
        <a onfocus='this.blur();'
onclick="document.getElementById('div_ft1.2').style.display = 'none' " >
           [x]</a>
        </div>
        <pre>
        
ft1.2: tempest.scenario.test_network_advanced_server_ops.TestNetworkAdvancedServerOps.test_server_connectivity_reboot[compute,id-7b6860c2-afa3-4846-9522-adeb38dfbe08,network]_StringException: Empty attachments:
  stderr
  stdout

pythonlogging:'': {{{
2016-02-21 03:57:24,561 28454 INFO     [tempest_lib.common.rest_client] Request (TestNetworkAdvancedServerOps:test_server_connectivity_reboot): 200 POST http://10.4.1.3:8774/v2.1/ad5f80d040a44bd898d826eaa52ac565/os-keypairs 0.624s
2016-02-21 03:57:24,562 28454 DEBUG    [tempest_lib.common.rest_client] Request - Headers: {'Content-Type': 'application/json', 'Accept': 'application/json', 'X-Auth-Token': '&lt;omitted&gt;'}
        Body: {"keypair": {"name": "tempest-TestNetworkAdvancedServerOps-1594404271"}}
    Response - Headers: {'status': '200', 'content-length': '2330', 'x-compute-request-id': 'req-3b580185-d517-4f37-a389-1fe5084de7e8', 'vary': 'X-OpenStack-Nova-API-Version', 'connection': 'close', 'x-openstack-nova-api-version': '2.1', 'date': 'Sun, 21 Feb 2016 03:57:24 GMT', 'content-type': 'application/json'}
        Body: {"keypair": {"public_key": "ssh-rsa AAAAB3NzaC1yc2EAAAADAQABAAABAQCYwVu5/muUbPROUus94xvKo+ofcTOoM1BMRtaaKeSLl803LrhDOOLs/AyIURYkRJnuVM5Td+DNUgN7XJCKs3+d1Mr8CLs8glltl64igUpuuMSgeVr9HkCmYL0sZTS3j9B51OtL4xYayjqUHY3uwQtowx2p7hc6xJIoar64Z7G9a2AIivjaGfY8Vbr7IVsqpxL5BdnQwzFBdTWV2zMySeHEGUATBoJYmawRwgNLinNMBir3yvJbH9UP2KRp4ktzimX+SMtEnggK0kGM7o+hUR4cWUSfXSO9loS8qCmOLWXBBg2nmzF5qeLrXi9waAQGxW1oaSSEiDkXP8Gp6N+yYhYR Generated-by-Nova", "private_key": "-----BEGIN RSA PRIVATE KEY-----\nMIIEpwIBAAKCAQEAmMFbuf5rlGz0TlLrPeMbyqPqH3EzqDNQTEbWminki5fNNy64\nQzji7PwMiFEWJESZ7lTOU3fgzVIDe1yQirN/ndTK/Ai7PIJZbZeuIoFKbrjEoHla\n/R5ApmC9LGU0t4/QedTrS+MWGso6lB2N7sELaMMdqe4XOsSSKGq+uGexvWtgCIr4\n2hn2PFW6+yFbKqcS+QXZ0MMxQXU1ldszMknhxBlAEwaCWJmsEcIDS4pzTAYq98ry\nWx/VD9ikaeJLc4pl/kjLRJ4ICtJBjO6PoVEeHFlEn10jvZaEvKgpji1lwQYNp5sx\neani614vcGgEBsVtaGkkhIg5Fz/BqejfsmIWEQIDAQABAoIBAEv97T7zFdvJ9CO+\n1m58PAgsUT2BGFy14l1/5CTfcGYNh7bLFDnE5AdXQHjUNfqm8hkBsX8OpRQfl8HY\nA8QslfETukN1qIfqpMiDa8qYnUnFu3PFy4EeerUKbTHXy0kCT4k8Zi3jc8yyDEBB\nD6nV+XINlwVBf+bpgXh/2g9s7pw3OMjzNZsAsYzcy6kvV8KvzmK9qm8tyMUWjYDG\nVNl5T4VH1LvhdSVlFEJV5PeSCGYoH/cwiydTx7Q0SsEzOSBAYL81dMiB9YOhQJY8\nqg7YRa8wrSJYrEUe7cnlgaM6WndPM47exWMqqq3jCed5TtmWISqPUMakPG1kQFiT\nDJjTfs0CggCBAMEnu3ffxH6v1ku+gORHPUJrJt+aycjXj+bS4KHD4phDMZfS2Ccr\nccHM7zRIX4WRqzE1AkzqaxYEULYE7xof+aQvNcUtyswWvKX5vFI+qvPFJxMe51JN\nUPxmTwONMxAgVbarfOzGWF4288VlYRCNd1DrD8+9xfESE9Xh1nawF9DPAoIAgQDK\ndKQT40kok5XhH3jf9s2tIx9EvFoxRxPHe/FURfTT+DbALZoF6YpNykiKK37qDTzE\nk5jNFA9z6LUMovMooWgXZDjg5vYMyhv3VoGA+MD/34c2csqVeWLiWrw2ovMk+KRh\n1fZs0yp2qzceVmm0H9rYZjKGFGZXXbKuBM3oXLSjHwKCAIA7giE4smEYYtYT6fJN\n4kDWWKrWUxr93KPCCpAYZoBGRtVdoCDmGHVortm3cuCzBwkGFP3LcqFhXBz9pxF/\nLAC+e6kGQbBsJkkinYlOkW4bwk7iji/YZGeiC2cmgfcMbdnaeIT5cbZB+I4r76ry\n7ZKoBHOPnjkAp4Ai8fwf/uqncwKCAIBX87pAJZJnvU30gg6qBXcuyz5PRyBLnhw6\nol6iBM4qs/9dF7J89QsvZjyDQggdt+h5YcGU/i0EZskYl0XZld05pEGNeujTf44M\nspkKJYb64enEvrPBof1SZqazebD1k8sd8azfdBFTgmgsls/O/7O8JRG36+7V74+r\nR80IMBYNcwKCAIAOk9WGAglgoAPSMx6+5oCTSyUwQ2P/L5n33D+ilg5y4PvaQjNJ\nDXV9mZz8HqSTQ7iBNs9Bjg10BslR1oNdy8Sam+chdFKfrnvih9O5sZlfN/xXHH2O\nZxTDwz3qVHc78EBaY9LtX97ORg/NR7iA3PfciLYyTCD43VwsLc+SZ7jCDg==\n-----END RSA PRIVATE KEY-----\n", "user_id": "e5ad8c2dc42146b981d665cc6fd3ce5a", "name": "tempest-TestNetworkAdvancedServerOps-1594404271", "fingerprint": "a5:9e:b1:e3:ee:5c:71:4e:35:3a:60:2a:7a:eb:b3:51"}}
2016-02-21 03:57:24,914 28454 INFO     [tempest_lib.common.rest_client] Request (TestNetworkAdvancedServerOps:test_server_connectivity_reboot): 201 POST http://10.4.1.3:9696/v2.0/security-groups 0.347s
2016-02-21 03:57:24,914 28454 DEBUG    [tempest_lib.common.rest_client] Request - Headers: {'Content-Type': 'application/json', 'Accept': 'application/json', 'X-Auth-Token': '&lt;omitted&gt;'}
        Body: {"security_group": {"tenant_id": "ad5f80d040a44bd898d826eaa52ac565", "description": "tempest-secgroup-smoke-1549405390 description", "name": "tempest-secgroup-smoke-1549405390"}}
    Response - Headers: {'status': '201', 'content-length': '888', 'connection': 'close', 'date': 'Sun, 21 Feb 2016 03:57:24 GMT', 'content-type': 'application/json; charset=UTF-8', 'x-openstack-request-id': 'req-45273331-2426-40dc-932e-d3ecb261a060'}
