<?xml version="1.0" encoding="UTF-8"?>
<!DOCTYPE html PUBLIC "-//W3C//DTD XHTML 1.0 Strict//EN"
     "http://www.w3.org/TR/xhtml1/DTD/xhtml1-strict.dtd">
<html xmlns="http://www.w3.org/1999/xhtml">
<head>
    <title>Unit Test Report</title>
    <meta name="generator" content="subunit2html 0.1"/>
    <meta http-equiv="Content-Type" content="text/html; charset=UTF-8"/>
    
<style type="text/css" media="screen">
body        { font-family: verdana, arial, helvetica, sans-serif;
    font-size: 80%; }
table       { font-size: 100%; width: 100%;}
pre         { font-size: 80%; }

/* -- heading -------------------------------------------------------------- */
h1 {
        font-size: 16pt;
        color: gray;
}
.heading {
    margin-top: 0ex;
    margin-bottom: 1ex;
}

.heading .attribute {
    margin-top: 1ex;
    margin-bottom: 0;
}

.heading .description {
    margin-top: 4ex;
    margin-bottom: 6ex;
}

/* -- css div popup -------------------------------------------------------- */
a.popup_link {
}

a.popup_link:hover {
    color: red;
}

.popup_window {
    display: none;
    overflow-x: scroll;
    /*border: solid #627173 1px; */
    padding: 10px;
    background-color: #E6E6D6;
    font-family: "Ubuntu Mono", "Lucida Console", "Courier New", monospace;
    text-align: left;
    font-size: 8pt;
}

}
/* -- report --------------------------------------------------------------- */
#show_detail_line {
    margin-top: 3ex;
    margin-bottom: 1ex;
}
#result_table {
    width: 100%;
    border-collapse: collapse;
    border: 1px solid #777;
}
#header_row {
    font-weight: bold;
    color: white;
    background-color: #777;
}
#result_table td {
    border: 1px solid #777;
    padding: 2px;
}
#total_row  { font-weight: bold; }
.passClass  { background-color: #6c6; }
.failClass  { background-color: #c60; }
.errorClass { background-color: #c00; }
.passCase   { color: #6c6; }
.failCase   { color: #c60; font-weight: bold; }
.errorCase  { color: #c00; font-weight: bold; }
.hiddenRow  { display: none; }
.testcase   { margin-left: 2em; }
td.testname {width: 40%}
td.small {width: 40px}

/* -- ending --------------------------------------------------------------- */
#ending {
}

</style>

</head>
<body>
<script language="javascript" type="text/javascript"><!--
output_list = Array();

/* level - 0:Summary; 1:Failed; 2:All */
function showCase(level) {
    trs = document.getElementsByTagName("tr");
    for (var i = 0; i < trs.length; i++) {
        tr = trs[i];
        id = tr.id;
        if (id.substr(0,2) == 'ft') {
            if (level < 1) {
                tr.className = 'hiddenRow';
            }
            else {
                tr.className = '';
            }
        }
        if (id.substr(0,2) == 'pt') {
            if (level > 1) {
                tr.className = '';
            }
            else {
                tr.className = 'hiddenRow';
            }
        }
    }
}


function showClassDetail(cid, count) {
    var id_list = Array(count);
    var toHide = 1;
    for (var i = 0; i < count; i++) {
        tid0 = 't' + cid.substr(1) + '.' + (i+1);
        tid = 'f' + tid0;
        tr = document.getElementById(tid);
        if (!tr) {
            tid = 'p' + tid0;
            tr = document.getElementById(tid);
        }
        id_list[i] = tid;
        if (tr.className) {
            toHide = 0;
        }
    }
    for (var i = 0; i < count; i++) {
        tid = id_list[i];
        if (toHide) {
            document.getElementById('div_'+tid).style.display = 'none'
            document.getElementById(tid).className = 'hiddenRow';
        }
        else {
            document.getElementById(tid).className = '';
        }
    }
}


function showTestDetail(div_id){
    var details_div = document.getElementById(div_id)
    var displayState = details_div.style.display
    // alert(displayState)
    if (displayState != 'block' ) {
        displayState = 'block'
        details_div.style.display = 'block'
    }
    else {
        details_div.style.display = 'none'
    }
}


function html_escape(s) {
    s = s.replace(/&/g,'&amp;');
    s = s.replace(/</g,'&lt;');
    s = s.replace(/>/g,'&gt;');
    return s;
}

/* obsoleted by detail in <div>
function showOutput(id, name) {
    var w = window.open("", //url
                    name,
                    "resizable,scrollbars,status,width=800,height=450");
    d = w.document;
    d.write("<pre>");
    d.write(html_escape(output_list[id]));
    d.write("\n");
    d.write("<a href='javascript:window.close()'>close</a>\n");
    d.write("</pre>\n");
    d.close();
}
*/
--></script>

<div class='heading'>
<h1>Unit Test Report</h1>

<p class='attribute'><strong>Status:</strong> Failure 6</p>

<p class='description'></p>
</div>



<p id='show_detail_line'>Show
<a href='javascript:showCase(0)'>Summary</a>
<a href='javascript:showCase(1)'>Failed</a>
<a href='javascript:showCase(2)'>All</a>
</p>
<table id='result_table'>
<colgroup>
<col align='left' />
<col align='right' />
<col align='right' />
<col align='right' />
<col align='right' />
<col align='right' />
<col align='right' />
<col align='right' />
</colgroup>
<tr id='header_row'>
    <td>Test Group/Test case</td>
    <td>Count</td>
    <td>Pass</td>
    <td>Fail</td>
    <td>Error</td>
    <td>Skip</td>
    <td>View</td>
    <td> </td>
</tr>

<tr class='failClass'>
    <td class="testname">tempest.scenario.test_network_advanced_server_ops.TestNetworkAdvancedServerOps</td>
    <td class="small">6</td>
    <td class="small">0</td>
    <td class="small">6</td>
    <td class="small">0</td>
    <td class="small">0</td>
    <td class="small"><a href="javascript:showClassDetail('c1',6)"
>Detail</a></td>
    <td> </td>
</tr>

<tr id='ft1.1' class='none'>
    <td class='failCase'><div class='testcase'>test_server_connectivity_pause_unpause[compute,id-2b2642db-6568-4b35-b812-eceed3fa20ce,network]</div></td>
    <td colspan='7' align='left'>

    <!--css div popup start-->
    <a class="popup_link" onfocus='this.blur();'
    href="javascript:showTestDetail('div_ft1.1')" >
        fail</a>

    <div id='div_ft1.1' class="popup_window">
        <div style='text-align: right; color:red;cursor:pointer'>
        <a onfocus='this.blur();'
onclick="document.getElementById('div_ft1.1').style.display = 'none' " >
           [x]</a>
        </div>
        <pre>
        
ft1.1: tempest.scenario.test_network_advanced_server_ops.TestNetworkAdvancedServerOps.test_server_connectivity_pause_unpause[compute,id-2b2642db-6568-4b35-b812-eceed3fa20ce,network]_StringException: Empty attachments:
  stderr
  stdout

pythonlogging:'': {{{
2016-01-26 09:29:09,480 15701 INFO     [tempest_lib.common.rest_client] Request (TestNetworkAdvancedServerOps:test_server_connectivity_pause_unpause): 200 POST http://10.4.1.3:8774/v2.1/52627c5518cc4af8a561fa7053b2baa7/os-keypairs 0.523s
2016-01-26 09:29:09,481 15701 DEBUG    [tempest_lib.common.rest_client] Request - Headers: {'Content-Type': 'application/json', 'Accept': 'application/json', 'X-Auth-Token': '&lt;omitted&gt;'}
        Body: {"keypair": {"name": "tempest-TestNetworkAdvancedServerOps-1958063202"}}
    Response - Headers: {'status': '200', 'content-length': '2330', 'x-compute-request-id': 'req-b867381b-7352-44c0-8380-6949d732667b', 'vary': 'X-OpenStack-Nova-API-Version', 'connection': 'close', 'x-openstack-nova-api-version': '2.1', 'date': 'Tue, 26 Jan 2016 09:29:09 GMT', 'content-type': 'application/json'}
        Body: {"keypair": {"public_key": "ssh-rsa AAAAB3NzaC1yc2EAAAADAQABAAABAQCsETdqF3q1Z701TTe/NYiRBapow6Bp3/5TXI/n9DwzBuVg6zutCmYcYRgknjzmjR4HlOgMlFTexYMUmcgEoFp4qq8r5dVOvtBx2pr8pTlh/j2/poV6wb9Sjdho8mykLxKVxqSDq3NUa51TJyRinr6ssIWwbDvZPeO0gWINen5/5jJq7H0gPOgRWEv9Zu1GjekYNEYW97wdPS0UhN6KEUKW/dS5ZRw4KUZe8+/McutZAruN8Miusy5p4mUke6apDNQE/5Mg+0+uz90pZNtdr6RjcfG1+zOMzihkzmplxhQcKvCCGJveSJOhVBiF3NAPYdqEW15IYWKyj5FZDnaxase9 Generated-by-Nova", "private_key": "-----BEGIN RSA PRIVATE KEY-----\nMIIEqAIBAAKCAQEArBE3ahd6tWe9NU03vzWIkQWqaMOgad/+U1yP5/Q8MwblYOs7\nrQpmHGEYJJ485o0eB5ToDJRU3sWDFJnIBKBaeKqvK+XVTr7Qcdqa/KU5Yf49v6aF\nesG/Uo3YaPJspC8Slcakg6tzVGudUyckYp6+rLCFsGw72T3jtIFiDXp+f+Yyaux9\nIDzoEVhL/WbtRo3pGDRGFve8HT0tFITeihFClv3UuWUcOClGXvPvzHLrWQK7jfDI\nrrMuaeJlJHumqQzUBP+TIPtPrs/dKWTbXa+kY3HxtfszjM4oZM5qZcYUHCrwghib\n3kiToVQYhdzQD2HahFteSGFiso+RWQ52sWrHvQIDAQABAoIBAB3+Ykp8DUfR7Yl9\nDFqoWkXtVucsMqpCAXNGj08/o77BVPqwBpcDWQlZY3v+mV8W+kUYD9shgCnVBCRz\nKgqkaSDfn+lnBufTG0K9eIbRxk7uopTl0h6z50Xcs/yXRZjZG8Q//C13lYMBv0rf\nZ9hJE7PGkYdPVp9nymmMpCr1T1e73ywkNZYFXmqcYFmG5wFdb6J5AopdxeGRalqR\neaWqzuhkFO1FshWu3rocXyFPRS6hBPtKpo1NCjIrXszh1HBmVnnN+cOBhTXDBX/S\nvsEa56wmnDwWfY0RpoOSgeQqw4KRu0h6vq/hs9U6W/rnqSeO/YuiB6zYRN3Mpjex\niPMI0YECggCBALuXUQ92S9yTsuu/UrHlwvpmsT+KU9k6dtMi3EFMlRLREPWgNN1r\nRcO63JZ7CdiS20zhMt0gxqfkge/miLDLftPyrWKgEyuO1PxUYV0rs2fZS4/xcvGK\n9mKTsmRLdHr8o0HdzZW2h5ArTr+sgt4mnwibIWhGT3FemhgnT+IhFgfbAoIAgQDq\n0Km7PQ60XX5oW1EsIk5+1HSSTj8hSYNlJhl1/7c+Ztgi1S+K6kSTplowfvs2rOrB\n8IPLd0FVD0qQqjcN1oA4t95My5bqPHqgOwOGWwBXoX5lSuzK5BoF4Qqw+nu79i4Y\nLuoOha8Ay8DWlG3usyfQmOwVOgENhFQJ8tNch1PuRwKCAIBkYh7QhV8nFCqEmQcp\nh2gFEvr6o40nC3AWn+r5Tn/fZ90Jc8eWTRcyHEZ6iDDGoh+UTlYnmqhzo4Yc2GKB\nKQQfaxd5VWusvWwf8w9/CimhAti6mFwIAXLDYYHuxan5PkQmtQiUeu6kKWikjS4i\nrswfkNQZtrZAVn1jO3Y17bqaTQKCAIEAihNjCyfvIp4re5/ezm3p7Ghvl6yNMLyy\nl+Lca+ePUBFXnLvxNeVlp9DVDdlNTSxG6v3L8fPRJfxU41ZEA04TncZ44H2C43/m\nt5ucCgAu5lifI174eKHCr5xSFhlkcvViy3OizCFN89DcNxGWxxrwGZgikqTGA7XB\nWQxBvxIQh3cCggCAIo6Ff1dfMxYkz6z1cz1iCWp1AjstroK616dYjaCoiMBAd8zU\n3ANOsPZCjvvKl5iyMV1TuarvsRgXdZ+i14O+Uj/WzVE+83S3jmIPFb6Xmj725Jmj\nvC553he/GIbH3BcSm09lHTS/fnTL6zqTAbgjnNkhqRRDmnQbHzT2Oou4R9M=\n-----END RSA PRIVATE KEY-----\n", "user_id": "f3f94246f1a44b039eb105b45cc31d30", "name": "tempest-TestNetworkAdvancedServerOps-1958063202", "fingerprint": "a5:28:82:e2:4f:a7:27:96:1d:0a:27:0d:25:50:64:ce"}}
2016-01-26 09:29:09,829 15701 INFO     [tempest_lib.common.rest_client] Request (TestNetworkAdvancedServerOps:test_server_connectivity_pause_unpause): 201 POST http://10.4.1.3:9696/v2.0/security-groups 0.343s
2016-01-26 09:29:09,829 15701 DEBUG    [tempest_lib.common.rest_client] Request - Headers: {'Content-Type': 'application/json', 'Accept': 'application/json', 'X-Auth-Token': '&lt;omitted&gt;'}
        Body: {"security_group": {"tenant_id": "52627c5518cc4af8a561fa7053b2baa7", "description": "tempest-secgroup-smoke-1425879855 description", "name": "tempest-secgroup-smoke-1425879855"}}
    Response - Headers: {'status': '201', 'content-length': '888', 'connection': 'close', 'date': 'Tue, 26 Jan 2016 09:29:09 GMT', 'content-type': 'application/json; charset=UTF-8', 'x-openstack-request-id': 'req-cdd6f78d-490a-4382-ae5a-425152a700fb'}
        Body: {"security_group": {"tenant_id": "52627c5518cc4af8a561fa7053b2baa7", "description": "tempest-secgroup-smoke-1425879855 description", "id": "4f112b47-12bc-471a-85a8-3cae133d1269", "security_group_rules": [{"remote_group_id": null, "direction": "egress", "remote_ip_prefix": null, "protocol": null, "ethertype": "IPv4", "tenant_id": "52627c5518cc4af8a561fa7053b2baa7", "port_range_max": null, "port_range_min": null, "id": "d51a53b8-c0cf-4a24-89d2-02fe6da3e0aa", "security_group_id": "4f112b47-12bc-471a-85a8-3cae133d1269"}, {"remote_group_id": null, "direction": "egress", "remote_ip_prefix": null, "protocol": null, "ethertype": "IPv6", "tenant_id": "52627c5518cc4af8a561fa7053b2baa7", "port_range_max": null, "port_range_min": null, "id": "3bd546d1-ac17-4b40-8362-3182ec44c6db", "security_group_id": "4f112b47-12bc-471a-85a8-3cae133d1269"}], "name": "tempest-secgroup-smoke-1425879855"}}
2016-01-26 09:29:10,066 15701 INFO     [tempest_lib.common.rest_client] Request (TestNetworkAdvancedServerOps:test_server_connectivity_pause_unpause): 201 POST http://10.4.1.3:9696/v2.0/security-group-rules 0.236s
2016-01-26 09:29:10,067 15701 DEBUG    [tempest_lib.common.rest_client] Request - Headers: {'Content-Type': 'application/json', 'Accept': 'application/json', 'X-Auth-Token': '&lt;omitted&gt;'}
        Body: {"security_group_rule": {"direction": "ingress", "protocol": "tcp", "tenant_id": "52627c5518cc4af8a561fa7053b2baa7", "port_range_max": 22, "security_group_id": "4f112b47-12bc-471a-85a8-3cae133d1269", "port_range_min": 22}}
    Response - Headers: {'status': '201', 'content-length': '340', 'connection': 'close', 'date': 'Tue, 26 Jan 2016 09:29:10 GMT', 'content-type': 'application/json; charset=UTF-8', 'x-openstack-request-id': 'req-c89a4681-aabf-449e-9bdd-672aecc641a6'}
        Body: {"security_group_rule": {"remote_group_id": null, "direction": "ingress", "remote_ip_prefix": null, "protocol": "tcp", "ethertype": "IPv4", "tenant_id": "52627c5518cc4af8a561fa7053b2baa7", "port_range_max": 22, "port_range_min": 22, "id": "9d17f9fd-a49c-4889-9abc-1d5f112419c6", "security_group_id": "4f112b47-12bc-471a-85a8-3cae133d1269"}}
2016-01-26 09:29:10,406 15701 INFO     [tempest_lib.common.rest_client] Request (TestNetworkAdvancedServerOps:test_server_connectivity_pause_unpause): 201 POST http://10.4.1.3:9696/v2.0/security-group-rules 0.338s
2016-01-26 09:29:10,406 15701 DEBUG    [tempest_lib.common.rest_client] Request - Headers: {'Content-Type': 'application/json', 'Accept': 'application/json', 'X-Auth-Token': '&lt;omitted&gt;'}
        Body: {"security_group_rule": {"direction": "egress", "protocol": "tcp", "tenant_id": "52627c5518cc4af8a561fa7053b2baa7", "port_range_max": 22, "security_group_id": "4f112b47-12bc-471a-85a8-3cae133d1269", "port_range_min": 22}}
    Response - Headers: {'status': '201', 'content-length': '339', 'connection': 'close', 'date': 'Tue, 26 Jan 2016 09:29:10 GMT', 'content-type': 'application/json; charset=UTF-8', 'x-openstack-request-id': 'req-efb33046-3286-4766-87a8-474274c5f1e4'}
        Body: {"security_group_rule": {"remote_group_id": null, "direction": "egress", "remote_ip_prefix": null, "protocol": "tcp", "ethertype": "IPv4", "tenant_id": "52627c5518cc4af8a561fa7053b2baa7", "port_range_max": 22, "port_range_min": 22, "id": "044a9275-cab6-462f-98aa-6b49cd12ba2b", "security_group_id": "4f112b47-12bc-471a-85a8-3cae133d1269"}}
2016-01-26 09:29:10,696 15701 INFO     [tempest_lib.common.rest_client] Request (TestNetworkAdvancedServerOps:test_server_connectivity_pause_unpause): 201 POST http://10.4.1.3:9696/v2.0/security-group-rules 0.287s
2016-01-26 09:29:10,696 15701 DEBUG    [tempest_lib.common.rest_client] Request - Headers: {'Content-Type': 'application/json', 'Accept': 'application/json', 'X-Auth-Token': '&lt;omitted&gt;'}
        Body: {"security_group_rule": {"tenant_id": "52627c5518cc4af8a561fa7053b2baa7", "direction": "ingress", "protocol": "icmp", "security_group_id": "4f112b47-12bc-471a-85a8-3cae133d1269"}}
    Response - Headers: {'status': '201', 'content-length': '345', 'connection': 'close', 'date': 'Tue, 26 Jan 2016 09:29:10 GMT', 'content-type': 'application/json; charset=UTF-8', 'x-openstack-request-id': 'req-987f5afa-e809-44c8-817a-fd48cf092d34'}
        Body: {"security_group_rule": {"remote_group_id": null, "direction": "ingress", "remote_ip_prefix": null, "protocol": "icmp", "ethertype": "IPv4", "tenant_id": "52627c5518cc4af8a561fa7053b2baa7", "port_range_max": null, "port_range_min": null, "id": "481ad7ea-c79d-45d5-9898-7458f736e6b2", "security_group_id": "4f112b47-12bc-471a-85a8-3cae133d1269"}}
2016-01-26 09:29:10,979 15701 INFO     [tempest_lib.common.rest_client] Request (TestNetworkAdvancedServerOps:test_server_connectivity_pause_unpause): 201 POST http://10.4.1.3:9696/v2.0/security-group-rules 0.282s
2016-01-26 09:29:10,980 15701 DEBUG    [tempest_lib.common.rest_client] Request - Headers: {'Content-Type': 'application/json', 'Accept': 'application/json', 'X-Auth-Token': '&lt;omitted&gt;'}
        Body: {"security_group_rule": {"tenant_id": "52627c5518cc4af8a561fa7053b2baa7", "direction": "egress", "protocol": "icmp", "security_group_id": "4f112b47-12bc-471a-85a8-3cae133d1269"}}
    Response - Headers: {'status': '201', 'content-length': '344', 'connection': 'close', 'date': 'Tue, 26 Jan 2016 09:29:10 GMT', 'content-type': 'application/json; charset=UTF-8', 'x-openstack-request-id': 'req-b848dd90-4a61-40a8-9787-dd2d3768e05e'}
        Body: {"security_group_rule": {"remote_group_id": null, "direction": "egress", "remote_ip_prefix": null, "protocol": "icmp", "ethertype": "IPv4", "tenant_id": "52627c5518cc4af8a561fa7053b2baa7", "port_range_max": null, "port_range_min": null, "id": "65d5b88b-f574-44ae-ad5c-fd7953afa8d3", "security_group_id": "4f112b47-12bc-471a-85a8-3cae133d1269"}}
2016-01-26 09:29:11,265 15701 INFO     [tempest_lib.common.rest_client] Request (TestNetworkAdvancedServerOps:test_server_connectivity_pause_unpause): 201 POST http://10.4.1.3:9696/v2.0/security-group-rules 0.284s
2016-01-26 09:29:11,266 15701 DEBUG    [tempest_lib.common.rest_client] Request - Headers: {'Content-Type': 'application/json', 'Accept': 'application/json', 'X-Auth-Token': '&lt;omitted&gt;'}
        Body: {"security_group_rule": {"tenant_id": "52627c5518cc4af8a561fa7053b2baa7", "direction": "ingress", "security_group_id": "4f112b47-12bc-471a-85a8-3cae133d1269", "protocol": "icmp", "ethertype": "IPv6"}}
    Response - Headers: {'status': '201', 'content-length': '345', 'connection': 'close', 'date': 'Tue, 26 Jan 2016 09:29:11 GMT', 'content-type': 'application/json; charset=UTF-8', 'x-openstack-request-id': 'req-c3156b5e-8c6d-4c60-b2e3-120ed88eb923'}
        Body: {"security_group_rule": {"remote_group_id": null, "direction": "ingress", "remote_ip_prefix": null, "protocol": "icmp", "ethertype": "IPv6", "tenant_id": "52627c5518cc4af8a561fa7053b2baa7", "port_range_max": null, "port_range_min": null, "id": "3c0729ba-e6c9-43e7-936d-6ccf0e056f25", "security_group_id": "4f112b47-12bc-471a-85a8-3cae133d1269"}}
2016-01-26 09:29:11,562 15701 INFO     [tempest_lib.common.rest_client] Request (TestNetworkAdvancedServerOps:test_server_connectivity_pause_unpause): 201 POST http://10.4.1.3:9696/v2.0/security-group-rules 0.294s
2016-01-26 09:29:11,563 15701 DEBUG    [tempest_lib.common.rest_client] Request - Headers: {'Content-Type': 'application/json', 'Accept': 'application/json', 'X-Auth-Token': '&lt;omitted&gt;'}
        Body: {"security_group_rule": {"tenant_id": "52627c5518cc4af8a561fa7053b2baa7", "direction": "egress", "security_group_id": "4f112b47-12bc-471a-85a8-3cae133d1269", "protocol": "icmp", "ethertype": "IPv6"}}
    Response - Headers: {'status': '201', 'content-length': '344', 'connection': 'close', 'date': 'Tue, 26 Jan 2016 09:29:11 GMT', 'content-type': 'application/json; charset=UTF-8', 'x-openstack-request-id': 'req-557339a4-2ea0-45c8-895c-3e6a61c0fb4e'}
        Body: {"security_group_rule": {"remote_group_id": null, "direction": "egress", "remote_ip_prefix": null, "protocol": "icmp", "ethertype": "IPv6", "tenant_id": "52627c5518cc4af8a561fa7053b2baa7", "port_range_max": null, "port_range_min": null, "id": "374c6845-7b38-4012-9703-666badb50a32", "security_group_id": "4f112b47-12bc-471a-85a8-3cae133d1269"}}
2016-01-26 09:29:11,940 15701 INFO     [tempest_lib.common.rest_client] Request (TestNetworkAdvancedServerOps:test_server_connectivity_pause_unpause): 201 POST http://10.4.1.3:9696/v2.0/networks 0.375s
2016-01-26 09:29:11,941 15701 DEBUG    [tempest_lib.common.rest_client] Request - Headers: {'Content-Type': 'application/json', 'Accept': 'application/json', 'X-Auth-Token': '&lt;omitted&gt;'}
        Body: {"network": {"tenant_id": "52627c5518cc4af8a561fa7053b2baa7", "name": "tempest-network-smoke--768080107"}}
    Response - Headers: {'status': '201', 'content-length': '329', 'connection': 'close', 'date': 'Tue, 26 Jan 2016 09:29:11 GMT', 'content-type': 'application/json; charset=UTF-8', 'x-openstack-request-id': 'req-17dd4f74-dd48-4c49-be4f-5b33d995406b'}
        Body: {"network": {"status": "ACTIVE", "subnets": [], "availability_zone_hints": [], "name": "tempest-network-smoke--768080107", "admin_state_up": true, "tenant_id": "52627c5518cc4af8a561fa7053b2baa7", "mtu": 1450, "router:external": false, "shared": false, "port_security_enabled": true, "id": "deaa551c-3e12-4969-83ec-8cd3ce8ead33"}}
2016-01-26 09:29:12,197 15701 INFO     [tempest_lib.common.rest_client] Request (TestNetworkAdvancedServerOps:test_server_connectivity_pause_unpause): 201 POST http://10.4.1.3:9696/v2.0/routers 0.254s
2016-01-26 09:29:12,198 15701 DEBUG    [tempest_lib.common.rest_client] Request - Headers: {'Content-Type': 'application/json', 'Accept': 'application/json', 'X-Auth-Token': '&lt;omitted&gt;'}
        Body: {"router": {"tenant_id": "52627c5518cc4af8a561fa7053b2baa7", "name": "tempest-router-smoke-394413907", "admin_state_up": true}}
    Response - Headers: {'status': '201', 'content-length': '238', 'connection': 'close', 'date': 'Tue, 26 Jan 2016 09:29:12 GMT', 'content-type': 'application/json; charset=UTF-8', 'x-openstack-request-id': 'req-3647e813-20e4-4cdf-8f39-534d799f0556'}
        Body: {"router": {"status": "ACTIVE", "external_gateway_info": null, "name": "tempest-router-smoke-394413907", "admin_state_up": true, "tenant_id": "52627c5518cc4af8a561fa7053b2baa7", "routes": [], "id": "66cbfeaf-edef-4fff-9cb3-e6f9282608f0"}}
2016-01-26 09:29:12,401 15701 INFO     [tempest_lib.common.rest_client] Request (TestNetworkAdvancedServerOps:test_server_connectivity_pause_unpause): 200 GET http://10.4.1.3:9696/v2.0/routers/66cbfeaf-edef-4fff-9cb3-e6f9282608f0 0.202s
2016-01-26 09:29:12,402 15701 DEBUG    [tempest_lib.common.rest_client] Request - Headers: {'Content-Type': 'application/json', 'Accept': 'application/json', 'X-Auth-Token': '&lt;omitted&gt;'}
        Body: None
    Response - Headers: {'status': '200', 'content-length': '238', 'content-location': 'http://10.4.1.3:9696/v2.0/routers/66cbfeaf-edef-4fff-9cb3-e6f9282608f0', 'connection': 'close', 'date': 'Tue, 26 Jan 2016 09:29:12 GMT', 'content-type': 'application/json; charset=UTF-8', 'x-openstack-request-id': 'req-bdbf5783-aa13-48bc-95c9-5d756b159611'}
        Body: {"router": {"status": "ACTIVE", "external_gateway_info": null, "name": "tempest-router-smoke-394413907", "admin_state_up": true, "tenant_id": "52627c5518cc4af8a561fa7053b2baa7", "routes": [], "id": "66cbfeaf-edef-4fff-9cb3-e6f9282608f0"}}
2016-01-26 09:29:13,164 15701 INFO     [tempest_lib.common.rest_client] Request (TestNetworkAdvancedServerOps:test_server_connectivity_pause_unpause): 200 PUT http://10.4.1.3:9696/v2.0/routers/66cbfeaf-edef-4fff-9cb3-e6f9282608f0 0.761s
2016-01-26 09:29:13,165 15701 DEBUG    [tempest_lib.common.rest_client] Request - Headers: {'Content-Type': 'application/json', 'Accept': 'application/json', 'X-Auth-Token': '&lt;omitted&gt;'}
        Body: {"router": {"external_gateway_info": {"network_id": "3b8ab758-20e8-448a-a732-d7b5190e5dc0"}, "name": "tempest-router-smoke-394413907", "admin_state_up": true}}
    Response - Headers: {'status': '200', 'content-length': '500', 'connection': 'close', 'date': 'Tue, 26 Jan 2016 09:29:13 GMT', 'content-type': 'application/json; charset=UTF-8', 'x-openstack-request-id': 'req-be6f8cad-4938-43c1-9687-f33d31311298'}
        Body: {"router": {"status": "ACTIVE", "external_gateway_info": {"network_id": "3b8ab758-20e8-448a-a732-d7b5190e5dc0", "enable_snat": true, "external_fixed_ips": [{"subnet_id": "53d8a2b0-39d2-474a-9c41-6c15cd120b9d", "ip_address": "172.24.4.3"}, {"subnet_id": "22780920-9c02-4cb0-8d7d-a020f4fad519", "ip_address": "2001:db8::3"}]}, "name": "tempest-router-smoke-394413907", "admin_state_up": true, "tenant_id": "52627c5518cc4af8a561fa7053b2baa7", "routes": [], "id": "66cbfeaf-edef-4fff-9cb3-e6f9282608f0"}}
2016-01-26 09:29:13,377 15701 INFO     [tempest_lib.common.rest_client] Request (TestNetworkAdvancedServerOps:test_server_connectivity_pause_unpause): 200 GET http://10.4.1.3:9696/v2.0/subnets?tenant_id=52627c5518cc4af8a561fa7053b2baa7&amp;cidr=10.100.0.0%2F28 0.211s
2016-01-26 09:29:13,378 15701 DEBUG    [tempest_lib.common.rest_client] Request - Headers: {'Content-Type': 'application/json', 'Accept': 'application/json', 'X-Auth-Token': '&lt;omitted&gt;'}
        Body: None
    Response - Headers: {'status': '200', 'content-length': '15', 'content-location': 'http://10.4.1.3:9696/v2.0/subnets?tenant_id=52627c5518cc4af8a561fa7053b2baa7&amp;cidr=10.100.0.0%2F28', 'connection': 'close', 'date': 'Tue, 26 Jan 2016 09:29:13 GMT', 'content-type': 'application/json; charset=UTF-8', 'x-openstack-request-id': 'req-7c5f6ed0-af48-4ed2-a0e3-b49ad53d7ada'}
        Body: {"subnets": []}
2016-01-26 09:29:13,883 15701 INFO     [tempest_lib.common.rest_client] Request (TestNetworkAdvancedServerOps:test_server_connectivity_pause_unpause): 201 POST http://10.4.1.3:9696/v2.0/subnets 0.504s
2016-01-26 09:29:13,884 15701 DEBUG    [tempest_lib.common.rest_client] Request - Headers: {'Content-Type': 'application/json', 'Accept': 'application/json', 'X-Auth-Token': '&lt;omitted&gt;'}
        Body: {"subnet": {"ip_version": 4, "tenant_id": "52627c5518cc4af8a561fa7053b2baa7", "cidr": "10.100.0.0/28", "network_id": "deaa551c-3e12-4969-83ec-8cd3ce8ead33", "name": "tempest-subnet-smoke-1779544311"}}
    Response - Headers: {'status': '201', 'content-length': '478', 'connection': 'close', 'date': 'Tue, 26 Jan 2016 09:29:13 GMT', 'content-type': 'application/json; charset=UTF-8', 'x-openstack-request-id': 'req-8fc8d11c-6f20-4162-a695-3d83e65e3cd3'}
        Body: {"subnet": {"name": "tempest-subnet-smoke-1779544311", "enable_dhcp": true, "network_id": "deaa551c-3e12-4969-83ec-8cd3ce8ead33", "tenant_id": "52627c5518cc4af8a561fa7053b2baa7", "dns_nameservers": [], "gateway_ip": "10.100.0.1", "ipv6_ra_mode": null, "allocation_pools": [{"start": "10.100.0.2", "end": "10.100.0.14"}], "host_routes": [], "ip_version": 4, "ipv6_address_mode": null, "cidr": "10.100.0.0/28", "id": "b291ae9e-b922-4dd8-9dc6-d0fef3b152a9", "subnetpool_id": null}}
2016-01-26 09:29:14,689 15701 INFO     [tempest_lib.common.rest_client] Request (TestNetworkAdvancedServerOps:test_server_connectivity_pause_unpause): 200 PUT http://10.4.1.3:9696/v2.0/routers/66cbfeaf-edef-4fff-9cb3-e6f9282608f0/add_router_interface 0.804s
2016-01-26 09:29:14,689 15701 DEBUG    [tempest_lib.common.rest_client] Request - Headers: {'Content-Type': 'application/json', 'Accept': 'application/json', 'X-Auth-Token': '&lt;omitted&gt;'}
        Body: {"subnet_id": "b291ae9e-b922-4dd8-9dc6-d0fef3b152a9"}
    Response - Headers: {'status': '200', 'content-length': '255', 'connection': 'close', 'date': 'Tue, 26 Jan 2016 09:29:14 GMT', 'content-type': 'application/json; charset=UTF-8', 'x-openstack-request-id': 'req-842c5ba5-08c6-464e-a63d-15ec4610662c'}
        Body: {"subnet_id": "b291ae9e-b922-4dd8-9dc6-d0fef3b152a9", "tenant_id": "52627c5518cc4af8a561fa7053b2baa7", "subnet_ids": ["b291ae9e-b922-4dd8-9dc6-d0fef3b152a9"], "port_id": "74e8a502-ca61-49c6-9177-1b69df79c5d3", "id": "66cbfeaf-edef-4fff-9cb3-e6f9282608f0"}
2016-01-26 09:29:14,849 15701 INFO     [tempest_lib.common.rest_client] Request (TestNetworkAdvancedServerOps:test_server_connectivity_pause_unpause): 200 POST http://10.4.1.3:5000/v2.0/tokens
2016-01-26 09:29:14,849 15701 DEBUG    [tempest_lib.common.rest_client] Request - Headers: {'Content-Type': 'application/json', 'Accept': 'application/json'}
        Body: &lt;omitted&gt;
    Response - Headers: {'status': '200', 'content-length': '2292', 'vary': 'X-Auth-Token', 'server': 'Apache/2.4.7 (Ubuntu)', 'connection': 'close', 'date': 'Tue, 26 Jan 2016 09:29:14 GMT', 'content-type': 'application/json', 'x-openstack-request-id': 'req-b92e23b4-f8c1-49b3-abf2-e78dafed5679'}
        Body: {"access": {"token": {"issued_at": "2016-01-26T09:29:14.834862", "expires": "2016-01-26T10:29:14Z", "id": "a5d0aa8abf434c859d459e474a40bb78", "tenant": {"description": "tempest-TestNetworkAdvancedServerOps-393531276-desc", "enabled": true, "id": "52627c5518cc4af8a561fa7053b2baa7", "name": "tempest-TestNetworkAdvancedServerOps-393531276"}, "audit_ids": ["VkExJzL1Shq-Dtpu4RCxag"]}, "serviceCatalog": [{"endpoints": [{"adminURL": "http://10.4.1.3:9292", "region": "RegionOne", "internalURL": "http://10.4.1.3:9292", "id": "0b044ea5af0e47af997503d5d3bb5be4", "publicURL": "http://10.4.1.3:9292"}], "endpoints_links": [], "type": "image", "name": "glance"}, {"endpoints": [{"adminURL": "http://10.4.1.3:8774/v2.1/52627c5518cc4af8a561fa7053b2baa7", "region": "RegionOne", "internalURL": "http://10.4.1.3:8774/v2.1/52627c5518cc4af8a561fa7053b2baa7", "id": "0a20fddb13594a5ea92453de0abbcda8", "publicURL": "http://10.4.1.3:8774/v2.1/52627c5518cc4af8a561fa7053b2baa7"}], "endpoints_links": [], "type": "compute", "name": "nova"}, {"endpoints": [{"adminURL": "http://10.4.1.3:8774/v2/52627c5518cc4af8a561fa7053b2baa7", "region": "RegionOne", "internalURL": "http://10.4.1.3:8774/v2/52627c5518cc4af8a561fa7053b2baa7", "id": "052c98a21cec4822b5aa33a408de5b11", "publicURL": "http://10.4.1.3:8774/v2/52627c5518cc4af8a561fa7053b2baa7"}], "endpoints_links": [], "type": "compute_legacy", "name": "nova_legacy"}, {"endpoints": [{"adminURL": "http://10.4.1.3:35357/v2.0", "region": "RegionOne", "internalURL": "http://10.4.1.3:5000/v2.0", "id": "122272e99e6547d18b3a35f8ce6b99b3", "publicURL": "http://10.4.1.3:5000/v2.0"}], "endpoints_links": [], "type": "identity", "name": "keystone"}, {"endpoints": [{"adminURL": "http://10.4.1.3:9696/", "region": "RegionOne", "internalURL": "http://10.4.1.3:9696/", "id": "3d39c9dbcfc04e738f73c2f55b70142d", "publicURL": "http://10.4.1.3:9696/"}], "endpoints_links": [], "type": "network", "name": "neutron"}], "user": {"username": "tempest-TestNetworkAdvancedServerOps-612680362", "roles_links": [], "id": "f3f94246f1a44b039eb105b45cc31d30", "roles": [{"name": "_member_"}, {"name": "Member"}], "name": "tempest-TestNetworkAdvancedServerOps-612680362"}, "metadata": {"is_admin": 0, "roles": ["9fe2ff9ee4384b1894a90878d3e92bab", "831637a18ae64a0a80e0dcd60028efa8"]}}}
2016-01-26 09:29:14,855 15701 DEBUG    [tempest.common.fixed_network] (TestNetworkAdvancedServerOps:test_server_connectivity_pause_unpause) No valid network provided or created, defaulting to fixed_network_name
2016-01-26 09:29:15,295 15701 INFO     [tempest_lib.common.rest_client] Request (TestNetworkAdvancedServerOps:test_server_connectivity_pause_unpause): 200 GET http://10.4.1.3:8774/v2.1/52627c5518cc4af8a561fa7053b2baa7/os-networks 0.439s
2016-01-26 09:29:15,295 15701 DEBUG    [tempest_lib.common.rest_client] Request - Headers: {'Content-Type': 'application/json', 'Accept': 'application/json', 'X-Auth-Token': '&lt;omitted&gt;'}
        Body: None
    Response - Headers: {'status': '200', 'content-length': '478', 'content-location': 'http://10.4.1.3:8774/v2.1/52627c5518cc4af8a561fa7053b2baa7/os-networks', 'x-compute-request-id': 'req-e8302032-8907-4338-b43e-fad3a81abf70', 'vary': 'X-OpenStack-Nova-API-Version', 'connection': 'close', 'x-openstack-nova-api-version': '2.1', 'date': 'Tue, 26 Jan 2016 09:29:15 GMT', 'content-type': 'application/json'}
        Body: {"networks": [{"cidr_v6": null, "dns2": null, "dns1": null, "gateway": null, "broadcast": null, "netmask": null, "gateway_v6": null, "cidr": null, "label": "public", "id": "3b8ab758-20e8-448a-a732-d7b5190e5dc0", "netmask_v6": null}, {"cidr_v6": null, "dns2": null, "dns1": null, "gateway": null, "broadcast": null, "netmask": null, "gateway_v6": null, "cidr": null, "label": "tempest-network-smoke--768080107", "id": "deaa551c-3e12-4969-83ec-8cd3ce8ead33", "netmask_v6": null}]}
2016-01-26 09:29:15,296 15701 WARNING  [tempest.common.fixed_network] (TestNetworkAdvancedServerOps:test_server_connectivity_pause_unpause) Network with name: private not found
2016-01-26 09:29:15,297 15701 INFO     [tempest.common.fixed_network] (TestNetworkAdvancedServerOps:test_server_connectivity_pause_unpause) Found network {} available for tenant
2016-01-26 09:29:18,003 15701 INFO     [tempest_lib.common.rest_client] Request (TestNetworkAdvancedServerOps:test_server_connectivity_pause_unpause): 202 POST http://10.4.1.3:8774/v2.1/52627c5518cc4af8a561fa7053b2baa7/servers 2.705s
2016-01-26 09:29:18,004 15701 DEBUG    [tempest_lib.common.rest_client] Request - Headers: {'Content-Type': 'application/json', 'Accept': 'application/json', 'X-Auth-Token': '&lt;omitted&gt;'}
        Body: {"server": {"name": "tempest-server-smoke-850753086", "imageRef": "2eeb67c7-0515-4f6f-a161-0567d079d582", "key_name": "tempest-TestNetworkAdvancedServerOps-1958063202", "flavorRef": "42", "networks": [{"uuid": "deaa551c-3e12-4969-83ec-8cd3ce8ead33"}], "security_groups": [{"name": "tempest-secgroup-smoke-1425879855"}]}}
    Response - Headers: {'status': '202', 'content-length': '460', 'x-compute-request-id': 'req-0faa2928-312b-488e-9650-7dc7975e429b', 'vary': 'X-OpenStack-Nova-API-Version', 'connection': 'close', 'location': 'http://10.4.1.3:8774/v2.1/52627c5518cc4af8a561fa7053b2baa7/servers/1d7a77e1-ddf4-4e66-ac40-f4443142b81a', 'x-openstack-nova-api-version': '2.1', 'date': 'Tue, 26 Jan 2016 09:29:18 GMT', 'content-type': 'application/json'}
        Body: {"server": {"security_groups": [{"name": "tempest-secgroup-smoke-1425879855"}], "OS-DCF:diskConfig": "MANUAL", "id": "1d7a77e1-ddf4-4e66-ac40-f4443142b81a", "links": [{"href": "http://10.4.1.3:8774/v2.1/52627c5518cc4af8a561fa7053b2baa7/servers/1d7a77e1-ddf4-4e66-ac40-f4443142b81a", "rel": "self"}, {"href": "http://10.4.1.3:8774/52627c5518cc4af8a561fa7053b2baa7/servers/1d7a77e1-ddf4-4e66-ac40-f4443142b81a", "rel": "bookmark"}], "adminPass": "52JSHBGdChrC"}}
2016-01-26 09:29:18,461 15701 INFO     [tempest_lib.common.rest_client] Request (TestNetworkAdvancedServerOps:test_server_connectivity_pause_unpause): 200 GET http://10.4.1.3:8774/v2.1/52627c5518cc4af8a561fa7053b2baa7/servers/1d7a77e1-ddf4-4e66-ac40-f4443142b81a 0.452s
2016-01-26 09:29:18,461 15701 DEBUG    [tempest_lib.common.rest_client] Request - Headers: {'Content-Type': 'application/json', 'Accept': 'application/json', 'X-Auth-Token': '&lt;omitted&gt;'}
        Body: None
    Response - Headers: {'status': '200', 'content-length': '1349', 'content-location': 'http://10.4.1.3:8774/v2.1/52627c5518cc4af8a561fa7053b2baa7/servers/1d7a77e1-ddf4-4e66-ac40-f4443142b81a', 'x-compute-request-id': 'req-d1a1745b-33d5-4195-abb0-80cd87ff8de0', 'vary': 'X-OpenStack-Nova-API-Version', 'connection': 'close', 'x-openstack-nova-api-version': '2.1', 'date': 'Tue, 26 Jan 2016 09:29:18 GMT', 'content-type': 'application/json'}
        Body: {"server": {"status": "BUILD", "updated": "2016-01-26T09:29:18Z", "hostId": "", "addresses": {}, "links": [{"href": "http://10.4.1.3:8774/v2.1/52627c5518cc4af8a561fa7053b2baa7/servers/1d7a77e1-ddf4-4e66-ac40-f4443142b81a", "rel": "self"}, {"href": "http://10.4.1.3:8774/52627c5518cc4af8a561fa7053b2baa7/servers/1d7a77e1-ddf4-4e66-ac40-f4443142b81a", "rel": "bookmark"}], "key_name": "tempest-TestNetworkAdvancedServerOps-1958063202", "image": {"id": "2eeb67c7-0515-4f6f-a161-0567d079d582", "links": [{"href": "http://10.4.1.3:8774/52627c5518cc4af8a561fa7053b2baa7/images/2eeb67c7-0515-4f6f-a161-0567d079d582", "rel": "bookmark"}]}, "OS-EXT-STS:task_state": "scheduling", "OS-EXT-STS:vm_state": "building", "OS-SRV-USG:launched_at": null, "flavor": {"id": "42", "links": [{"href": "http://10.4.1.3:8774/52627c5518cc4af8a561fa7053b2baa7/flavors/42", "rel": "bookmark"}]}, "id": "1d7a77e1-ddf4-4e66-ac40-f4443142b81a", "OS-SRV-USG:terminated_at": null, "OS-EXT-AZ:availability_zone": "", "user_id": "f3f94246f1a44b039eb105b45cc31d30", "name": "tempest-server-smoke-850753086", "created": "2016-01-26T09:29:17Z", "tenant_id": "52627c5518cc4af8a561fa7053b2baa7", "OS-DCF:diskConfig": "MANUAL", "os-extended-volumes:volumes_attached": [], "accessIPv4": "", "accessIPv6": "", "progress": 0, "OS-EXT-STS:power_state": 0, "config_drive": "", "metadata": {}}}
2016-01-26 09:29:20,179 15701 INFO     [tempest_lib.common.rest_client] Request (TestNetworkAdvancedServerOps:test_server_connectivity_pause_unpause): 200 GET http://10.4.1.3:8774/v2.1/52627c5518cc4af8a561fa7053b2baa7/servers/1d7a77e1-ddf4-4e66-ac40-f4443142b81a 0.708s
2016-01-26 09:29:20,179 15701 DEBUG    [tempest_lib.common.rest_client] Request - Headers: {'Content-Type': 'application/json', 'Accept': 'application/json', 'X-Auth-Token': '&lt;omitted&gt;'}
        Body: None
    Response - Headers: {'status': '200', 'content-length': '1475', 'content-location': 'http://10.4.1.3:8774/v2.1/52627c5518cc4af8a561fa7053b2baa7/servers/1d7a77e1-ddf4-4e66-ac40-f4443142b81a', 'x-compute-request-id': 'req-8a88abdb-935e-4db6-a32d-e99a939f6eb2', 'vary': 'X-OpenStack-Nova-API-Version', 'connection': 'close', 'x-openstack-nova-api-version': '2.1', 'date': 'Tue, 26 Jan 2016 09:29:20 GMT', 'content-type': 'application/json'}
        Body: {"server": {"status": "BUILD", "updated": "2016-01-26T09:29:19Z", "hostId": "ef94aab0659775d9753cb5fa68ad67a690c53b778fcbb02766acb10a", "addresses": {}, "links": [{"href": "http://10.4.1.3:8774/v2.1/52627c5518cc4af8a561fa7053b2baa7/servers/1d7a77e1-ddf4-4e66-ac40-f4443142b81a", "rel": "self"}, {"href": "http://10.4.1.3:8774/52627c5518cc4af8a561fa7053b2baa7/servers/1d7a77e1-ddf4-4e66-ac40-f4443142b81a", "rel": "bookmark"}], "key_name": "tempest-TestNetworkAdvancedServerOps-1958063202", "image": {"id": "2eeb67c7-0515-4f6f-a161-0567d079d582", "links": [{"href": "http://10.4.1.3:8774/52627c5518cc4af8a561fa7053b2baa7/images/2eeb67c7-0515-4f6f-a161-0567d079d582", "rel": "bookmark"}]}, "OS-EXT-STS:task_state": "spawning", "OS-EXT-STS:vm_state": "building", "OS-SRV-USG:launched_at": null, "flavor": {"id": "42", "links": [{"href": "http://10.4.1.3:8774/52627c5518cc4af8a561fa7053b2baa7/flavors/42", "rel": "bookmark"}]}, "id": "1d7a77e1-ddf4-4e66-ac40-f4443142b81a", "security_groups": [{"name": "tempest-secgroup-smoke-1425879855"}], "OS-SRV-USG:terminated_at": null, "OS-EXT-AZ:availability_zone": "nova", "user_id": "f3f94246f1a44b039eb105b45cc31d30", "name": "tempest-server-smoke-850753086", "created": "2016-01-26T09:29:17Z", "tenant_id": "52627c5518cc4af8a561fa7053b2baa7", "OS-DCF:diskConfig": "MANUAL", "os-extended-volumes:volumes_attached": [], "accessIPv4": "", "accessIPv6": "", "progress": 0, "OS-EXT-STS:power_state": 0, "config_drive": "", "metadata": {}}}
2016-01-26 09:29:20,187 15701 INFO     [tempest.common.waiters] State transition "BUILD/scheduling" ==&gt; "BUILD/spawning" after 2 second wait
2016-01-26 09:29:21,866 15701 INFO     [tempest_lib.common.rest_client] Request (TestNetworkAdvancedServerOps:test_server_connectivity_pause_unpause): 200 GET http://10.4.1.3:8774/v2.1/52627c5518cc4af8a561fa7053b2baa7/servers/1d7a77e1-ddf4-4e66-ac40-f4443142b81a 0.675s
2016-01-26 09:29:21,866 15701 DEBUG    [tempest_lib.common.rest_client] Request - Headers: {'Content-Type': 'application/json', 'Accept': 'application/json', 'X-Auth-Token': '&lt;omitted&gt;'}
        Body: None
    Response - Headers: {'status': '200', 'content-length': '1475', 'content-location': 'http://10.4.1.3:8774/v2.1/52627c5518cc4af8a561fa7053b2baa7/servers/1d7a77e1-ddf4-4e66-ac40-f4443142b81a', 'x-compute-request-id': 'req-d64bd7f6-78d7-4125-86e3-3a026f57befa', 'vary': 'X-OpenStack-Nova-API-Version', 'connection': 'close', 'x-openstack-nova-api-version': '2.1', 'date': 'Tue, 26 Jan 2016 09:29:21 GMT', 'content-type': 'application/json'}
        Body: {"server": {"status": "BUILD", "updated": "2016-01-26T09:29:19Z", "hostId": "ef94aab0659775d9753cb5fa68ad67a690c53b778fcbb02766acb10a", "addresses": {}, "links": [{"href": "http://10.4.1.3:8774/v2.1/52627c5518cc4af8a561fa7053b2baa7/servers/1d7a77e1-ddf4-4e66-ac40-f4443142b81a", "rel": "self"}, {"href": "http://10.4.1.3:8774/52627c5518cc4af8a561fa7053b2baa7/servers/1d7a77e1-ddf4-4e66-ac40-f4443142b81a", "rel": "bookmark"}], "key_name": "tempest-TestNetworkAdvancedServerOps-1958063202", "image": {"id": "2eeb67c7-0515-4f6f-a161-0567d079d582", "links": [{"href": "http://10.4.1.3:8774/52627c5518cc4af8a561fa7053b2baa7/images/2eeb67c7-0515-4f6f-a161-0567d079d582", "rel": "bookmark"}]}, "OS-EXT-STS:task_state": "spawning", "OS-EXT-STS:vm_state": "building", "OS-SRV-USG:launched_at": null, "flavor": {"id": "42", "links": [{"href": "http://10.4.1.3:8774/52627c5518cc4af8a561fa7053b2baa7/flavors/42", "rel": "bookmark"}]}, "id": "1d7a77e1-ddf4-4e66-ac40-f4443142b81a", "security_groups": [{"name": "tempest-secgroup-smoke-1425879855"}], "OS-SRV-USG:terminated_at": null, "OS-EXT-AZ:availability_zone": "nova", "user_id": "f3f94246f1a44b039eb105b45cc31d30", "name": "tempest-server-smoke-850753086", "created": "2016-01-26T09:29:17Z", "tenant_id": "52627c5518cc4af8a561fa7053b2baa7", "OS-DCF:diskConfig": "MANUAL", "os-extended-volumes:volumes_attached": [], "accessIPv4": "", "accessIPv6": "", "progress": 0, "OS-EXT-STS:power_state": 0, "config_drive": "", "metadata": {}}}
2016-01-26 09:29:23,469 15701 INFO     [tempest_lib.common.rest_client] Request (TestNetworkAdvancedServerOps:test_server_connectivity_pause_unpause): 200 GET http://10.4.1.3:8774/v2.1/52627c5518cc4af8a561fa7053b2baa7/servers/1d7a77e1-ddf4-4e66-ac40-f4443142b81a 0.591s
2016-01-26 09:29:23,469 15701 DEBUG    [tempest_lib.common.rest_client] Request - Headers: {'Content-Type': 'application/json', 'Accept': 'application/json', 'X-Auth-Token': '&lt;omitted&gt;'}
        Body: None
    Response - Headers: {'status': '200', 'content-length': '1646', 'content-location': 'http://10.4.1.3:8774/v2.1/52627c5518cc4af8a561fa7053b2baa7/servers/1d7a77e1-ddf4-4e66-ac40-f4443142b81a', 'x-compute-request-id': 'req-e6809671-3fac-4249-ac06-56abfe4d6879', 'vary': 'X-OpenStack-Nova-API-Version', 'connection': 'close', 'x-openstack-nova-api-version': '2.1', 'date': 'Tue, 26 Jan 2016 09:29:23 GMT', 'content-type': 'application/json'}
        Body: {"server": {"status": "ACTIVE", "updated": "2016-01-26T09:29:22Z", "hostId": "ef94aab0659775d9753cb5fa68ad67a690c53b778fcbb02766acb10a", "addresses": {"tempest-network-smoke--768080107": [{"OS-EXT-IPS-MAC:mac_addr": "fa:16:3e:d4:8b:08", "version": 4, "addr": "10.100.0.3", "OS-EXT-IPS:type": "fixed"}]}, "links": [{"href": "http://10.4.1.3:8774/v2.1/52627c5518cc4af8a561fa7053b2baa7/servers/1d7a77e1-ddf4-4e66-ac40-f4443142b81a", "rel": "self"}, {"href": "http://10.4.1.3:8774/52627c5518cc4af8a561fa7053b2baa7/servers/1d7a77e1-ddf4-4e66-ac40-f4443142b81a", "rel": "bookmark"}], "key_name": "tempest-TestNetworkAdvancedServerOps-1958063202", "image": {"id": "2eeb67c7-0515-4f6f-a161-0567d079d582", "links": [{"href": "http://10.4.1.3:8774/52627c5518cc4af8a561fa7053b2baa7/images/2eeb67c7-0515-4f6f-a161-0567d079d582", "rel": "bookmark"}]}, "OS-EXT-STS:task_state": null, "OS-EXT-STS:vm_state": "active", "OS-SRV-USG:launched_at": "2016-01-26T09:29:22.000000", "flavor": {"id": "42", "links": [{"href": "http://10.4.1.3:8774/52627c5518cc4af8a561fa7053b2baa7/flavors/42", "rel": "bookmark"}]}, "id": "1d7a77e1-ddf4-4e66-ac40-f4443142b81a", "security_groups": [{"name": "tempest-secgroup-smoke-1425879855"}], "OS-SRV-USG:terminated_at": null, "OS-EXT-AZ:availability_zone": "nova", "user_id": "f3f94246f1a44b039eb105b45cc31d30", "name": "tempest-server-smoke-850753086", "created": "2016-01-26T09:29:17Z", "tenant_id": "52627c5518cc4af8a561fa7053b2baa7", "OS-DCF:diskConfig": "MANUAL", "os-extended-volumes:volumes_attached": [], "accessIPv4": "", "accessIPv6": "", "progress": 0, "OS-EXT-STS:power_state": 1, "config_drive": "True", "metadata": {}}}
2016-01-26 09:29:23,479 15701 INFO     [tempest.common.waiters] State transition "BUILD/spawning" ==&gt; "ACTIVE/None" after 5 second wait
2016-01-26 09:29:24,137 15701 INFO     [tempest_lib.common.rest_client] Request (TestNetworkAdvancedServerOps:test_server_connectivity_pause_unpause): 200 GET http://10.4.1.3:8774/v2.1/52627c5518cc4af8a561fa7053b2baa7/servers/1d7a77e1-ddf4-4e66-ac40-f4443142b81a 0.658s
2016-01-26 09:29:24,138 15701 DEBUG    [tempest_lib.common.rest_client] Request - Headers: {'Content-Type': 'application/json', 'Accept': 'application/json', 'X-Auth-Token': '&lt;omitted&gt;'}
        Body: None
    Response - Headers: {'status': '200', 'content-length': '1646', 'content-location': 'http://10.4.1.3:8774/v2.1/52627c5518cc4af8a561fa7053b2baa7/servers/1d7a77e1-ddf4-4e66-ac40-f4443142b81a', 'x-compute-request-id': 'req-3ba00723-1dab-484b-8478-b277821cd140', 'vary': 'X-OpenStack-Nova-API-Version', 'connection': 'close', 'x-openstack-nova-api-version': '2.1', 'date': 'Tue, 26 Jan 2016 09:29:24 GMT', 'content-type': 'application/json'}
        Body: {"server": {"status": "ACTIVE", "updated": "2016-01-26T09:29:22Z", "hostId": "ef94aab0659775d9753cb5fa68ad67a690c53b778fcbb02766acb10a", "addresses": {"tempest-network-smoke--768080107": [{"OS-EXT-IPS-MAC:mac_addr": "fa:16:3e:d4:8b:08", "version": 4, "addr": "10.100.0.3", "OS-EXT-IPS:type": "fixed"}]}, "links": [{"href": "http://10.4.1.3:8774/v2.1/52627c5518cc4af8a561fa7053b2baa7/servers/1d7a77e1-ddf4-4e66-ac40-f4443142b81a", "rel": "self"}, {"href": "http://10.4.1.3:8774/52627c5518cc4af8a561fa7053b2baa7/servers/1d7a77e1-ddf4-4e66-ac40-f4443142b81a", "rel": "bookmark"}], "key_name": "tempest-TestNetworkAdvancedServerOps-1958063202", "image": {"id": "2eeb67c7-0515-4f6f-a161-0567d079d582", "links": [{"href": "http://10.4.1.3:8774/52627c5518cc4af8a561fa7053b2baa7/images/2eeb67c7-0515-4f6f-a161-0567d079d582", "rel": "bookmark"}]}, "OS-EXT-STS:task_state": null, "OS-EXT-STS:vm_state": "active", "OS-SRV-USG:launched_at": "2016-01-26T09:29:22.000000", "flavor": {"id": "42", "links": [{"href": "http://10.4.1.3:8774/52627c5518cc4af8a561fa7053b2baa7/flavors/42", "rel": "bookmark"}]}, "id": "1d7a77e1-ddf4-4e66-ac40-f4443142b81a", "security_groups": [{"name": "tempest-secgroup-smoke-1425879855"}], "OS-SRV-USG:terminated_at": null, "OS-EXT-AZ:availability_zone": "nova", "user_id": "f3f94246f1a44b039eb105b45cc31d30", "name": "tempest-server-smoke-850753086", "created": "2016-01-26T09:29:17Z", "tenant_id": "52627c5518cc4af8a561fa7053b2baa7", "OS-DCF:diskConfig": "MANUAL", "os-extended-volumes:volumes_attached": [], "accessIPv4": "", "accessIPv6": "", "progress": 0, "OS-EXT-STS:power_state": 1, "config_drive": "True", "metadata": {}}}
2016-01-26 09:29:24,324 15701 INFO     [tempest_lib.common.rest_client] Request (TestNetworkAdvancedServerOps:test_server_connectivity_pause_unpause): 200 GET http://10.4.1.3:9696/v2.0/ports?status=ACTIVE&amp;fixed_ip=None&amp;device_id=1d7a77e1-ddf4-4e66-ac40-f4443142b81a 0.178s
2016-01-26 09:29:24,325 15701 DEBUG    [tempest_lib.common.rest_client] Request - Headers: {'Content-Type': 'application/json', 'Accept': 'application/json', 'X-Auth-Token': '&lt;omitted&gt;'}
        Body: None
    Response - Headers: {'status': '200', 'content-length': '895', 'content-location': 'http://10.4.1.3:9696/v2.0/ports?status=ACTIVE&amp;fixed_ip=None&amp;device_id=1d7a77e1-ddf4-4e66-ac40-f4443142b81a', 'connection': 'close', 'date': 'Tue, 26 Jan 2016 09:29:24 GMT', 'content-type': 'application/json; charset=UTF-8', 'x-openstack-request-id': 'req-c3226426-b716-4e8c-afc0-846e76475529'}
        Body: {"ports": [{"status": "ACTIVE", "binding:host_id": "vagrant-ubuntu-trusty-64", "allowed_address_pairs": [], "extra_dhcp_opts": [], "dns_assignment": [{"hostname": "host-10-100-0-3", "ip_address": "10.100.0.3", "fqdn": "host-10-100-0-3.openstacklocal."}], "device_owner": "compute:None", "port_security_enabled": true, "binding:profile": {}, "fixed_ips": [{"subnet_id": "b291ae9e-b922-4dd8-9dc6-d0fef3b152a9", "ip_address": "10.100.0.3"}], "id": "409844ef-6b5d-4a5b-9169-ec6d17eb249e", "security_groups": ["4f112b47-12bc-471a-85a8-3cae133d1269"], "device_id": "1d7a77e1-ddf4-4e66-ac40-f4443142b81a", "name": "", "admin_state_up": true, "network_id": "deaa551c-3e12-4969-83ec-8cd3ce8ead33", "dns_name": "", "binding:vif_details": {"port_filter": true}, "binding:vnic_type": "normal", "binding:vif_type": "ovs", "tenant_id": "52627c5518cc4af8a561fa7053b2baa7", "mac_address": "fa:16:3e:d4:8b:08"}]}
2016-01-26 09:29:24,892 15701 INFO     [tempest_lib.common.rest_client] Request (TestNetworkAdvancedServerOps:test_server_connectivity_pause_unpause): 201 POST http://10.4.1.3:9696/v2.0/floatingips 0.567s
2016-01-26 09:29:24,893 15701 DEBUG    [tempest_lib.common.rest_client] Request - Headers: {'Content-Type': 'application/json', 'Accept': 'application/json', 'X-Auth-Token': '&lt;omitted&gt;'}
        Body: {"floatingip": {"floating_network_id": "3b8ab758-20e8-448a-a732-d7b5190e5dc0", "tenant_id": "52627c5518cc4af8a561fa7053b2baa7", "fixed_ip_address": "10.100.0.3", "port_id": "409844ef-6b5d-4a5b-9169-ec6d17eb249e"}}
    Response - Headers: {'status': '201', 'content-length': '369', 'connection': 'close', 'date': 'Tue, 26 Jan 2016 09:29:24 GMT', 'content-type': 'application/json; charset=UTF-8', 'x-openstack-request-id': 'req-23897a2d-7644-4579-b1d6-cbcb4575ee79'}
        Body: {"floatingip": {"floating_network_id": "3b8ab758-20e8-448a-a732-d7b5190e5dc0", "router_id": "66cbfeaf-edef-4fff-9cb3-e6f9282608f0", "fixed_ip_address": "10.100.0.3", "floating_ip_address": "172.24.4.4", "tenant_id": "52627c5518cc4af8a561fa7053b2baa7", "status": "ACTIVE", "port_id": "409844ef-6b5d-4a5b-9169-ec6d17eb249e", "id": "3678673d-aff6-4a86-b026-bb29b88b60ec"}}
2016-01-26 09:29:25,476 15701 INFO     [tempest_lib.common.rest_client] Request (TestNetworkAdvancedServerOps:test_server_connectivity_pause_unpause): 200 GET http://10.4.1.3:8774/v2.1/52627c5518cc4af8a561fa7053b2baa7/servers/1d7a77e1-ddf4-4e66-ac40-f4443142b81a 0.583s
2016-01-26 09:29:25,477 15701 DEBUG    [tempest_lib.common.rest_client] Request - Headers: {'Content-Type': 'application/json', 'Accept': 'application/json', 'X-Auth-Token': '&lt;omitted&gt;'}
        Body: None
    Response - Headers: {'status': '200', 'content-length': '1646', 'content-location': 'http://10.4.1.3:8774/v2.1/52627c5518cc4af8a561fa7053b2baa7/servers/1d7a77e1-ddf4-4e66-ac40-f4443142b81a', 'x-compute-request-id': 'req-73e300f5-6a6a-43ab-b2fb-b157cfe885de', 'vary': 'X-OpenStack-Nova-API-Version', 'connection': 'close', 'x-openstack-nova-api-version': '2.1', 'date': 'Tue, 26 Jan 2016 09:29:25 GMT', 'content-type': 'application/json'}
        Body: {"server": {"status": "ACTIVE", "updated": "2016-01-26T09:29:22Z", "hostId": "ef94aab0659775d9753cb5fa68ad67a690c53b778fcbb02766acb10a", "addresses": {"tempest-network-smoke--768080107": [{"OS-EXT-IPS-MAC:mac_addr": "fa:16:3e:d4:8b:08", "version": 4, "addr": "10.100.0.3", "OS-EXT-IPS:type": "fixed"}]}, "links": [{"href": "http://10.4.1.3:8774/v2.1/52627c5518cc4af8a561fa7053b2baa7/servers/1d7a77e1-ddf4-4e66-ac40-f4443142b81a", "rel": "self"}, {"href": "http://10.4.1.3:8774/52627c5518cc4af8a561fa7053b2baa7/servers/1d7a77e1-ddf4-4e66-ac40-f4443142b81a", "rel": "bookmark"}], "key_name": "tempest-TestNetworkAdvancedServerOps-1958063202", "image": {"id": "2eeb67c7-0515-4f6f-a161-0567d079d582", "links": [{"href": "http://10.4.1.3:8774/52627c5518cc4af8a561fa7053b2baa7/images/2eeb67c7-0515-4f6f-a161-0567d079d582", "rel": "bookmark"}]}, "OS-EXT-STS:task_state": null, "OS-EXT-STS:vm_state": "active", "OS-SRV-USG:launched_at": "2016-01-26T09:29:22.000000", "flavor": {"id": "42", "links": [{"href": "http://10.4.1.3:8774/52627c5518cc4af8a561fa7053b2baa7/flavors/42", "rel": "bookmark"}]}, "id": "1d7a77e1-ddf4-4e66-ac40-f4443142b81a", "security_groups": [{"name": "tempest-secgroup-smoke-1425879855"}], "OS-SRV-USG:terminated_at": null, "OS-EXT-AZ:availability_zone": "nova", "user_id": "f3f94246f1a44b039eb105b45cc31d30", "name": "tempest-server-smoke-850753086", "created": "2016-01-26T09:29:17Z", "tenant_id": "52627c5518cc4af8a561fa7053b2baa7", "OS-DCF:diskConfig": "MANUAL", "os-extended-volumes:volumes_attached": [], "accessIPv4": "", "accessIPv6": "", "progress": 0, "OS-EXT-STS:power_state": 1, "config_drive": "True", "metadata": {}}}
2016-01-26 09:29:25,487 15701 INFO     [tempest.scenario.manager] Tenant networks not configured to be reachable.
2016-01-26 09:29:25,627 15701 INFO     [tempest_lib.common.rest_client] Request (TestNetworkAdvancedServerOps:test_server_connectivity_pause_unpause): 200 GET http://10.4.1.3:9696/v2.0/floatingips/3678673d-aff6-4a86-b026-bb29b88b60ec 0.139s
2016-01-26 09:29:25,627 15701 DEBUG    [tempest_lib.common.rest_client] Request - Headers: {'Content-Type': 'application/json', 'Accept': 'application/json', 'X-Auth-Token': '&lt;omitted&gt;'}
        Body: None
    Response - Headers: {'status': '200', 'content-length': '369', 'content-location': 'http://10.4.1.3:9696/v2.0/floatingips/3678673d-aff6-4a86-b026-bb29b88b60ec', 'connection': 'close', 'date': 'Tue, 26 Jan 2016 09:29:25 GMT', 'content-type': 'application/json; charset=UTF-8', 'x-openstack-request-id': 'req-1ff68bdb-060e-4068-9387-e8fe494140cc'}
        Body: {"floatingip": {"floating_network_id": "3b8ab758-20e8-448a-a732-d7b5190e5dc0", "router_id": "66cbfeaf-edef-4fff-9cb3-e6f9282608f0", "fixed_ip_address": "10.100.0.3", "floating_ip_address": "172.24.4.4", "tenant_id": "52627c5518cc4af8a561fa7053b2baa7", "status": "ACTIVE", "port_id": "409844ef-6b5d-4a5b-9169-ec6d17eb249e", "id": "3678673d-aff6-4a86-b026-bb29b88b60ec"}}
2016-01-26 09:29:25,627 15701 INFO     [tempest.scenario.manager] FloatingIP: &lt;"FloatingIP" addr="172.24.4.4" id="3678673d-aff6-4a86-b026-bb29b88b60ec"&gt; is at status: ACTIVE
2016-01-26 09:29:25,628 15701 DEBUG    [tempest.scenario.manager] checking network connections to IP 172.24.4.4 with user: cirros
2016-01-26 09:29:25,628 15701 DEBUG    [tempest.scenario.manager] TestNetworkAdvancedServerOps:test_server_connectivity_pause_unpause begins to ping 172.24.4.4 in 120 sec and the expected result is reachable
2016-01-26 09:31:26,212 15701 DEBUG    [tempest.scenario.manager] TestNetworkAdvancedServerOps:test_server_connectivity_pause_unpause finishes ping 172.24.4.4 in 120 sec and the ping result is unexpected
2016-01-26 09:31:26,213 15701 ERROR    [tempest.scenario.manager] Public network connectivity check failed
2016-01-26 09:31:26.213 15701 ERROR tempest.scenario.manager Traceback (most recent call last):
2016-01-26 09:31:26.213 15701 ERROR tempest.scenario.manager   File "tempest/scenario/manager.py", line 610, in check_public_network_connectivity
2016-01-26 09:31:26.213 15701 ERROR tempest.scenario.manager     should_connect=should_connect)
2016-01-26 09:31:26.213 15701 ERROR tempest.scenario.manager   File "tempest/scenario/manager.py", line 594, in check_vm_connectivity
2016-01-26 09:31:26.213 15701 ERROR tempest.scenario.manager     msg=msg)
2016-01-26 09:31:26.213 15701 ERROR tempest.scenario.manager   File "/usr/local/lib/python2.7/dist-packages/unittest2/case.py", line 702, in assertTrue
2016-01-26 09:31:26.213 15701 ERROR tempest.scenario.manager     raise self.failureException(msg)
2016-01-26 09:31:26.213 15701 ERROR tempest.scenario.manager AssertionError: False is not true : Timed out waiting for 172.24.4.4 to become reachable
2016-01-26 09:31:26.213 15701 ERROR tempest.scenario.manager 
2016-01-26 09:31:26,572 15701 INFO     [tempest_lib.common.rest_client] Request (TestNetworkAdvancedServerOps:test_server_connectivity_pause_unpause): 200 POST http://10.4.1.3:8774/v2.1/52627c5518cc4af8a561fa7053b2baa7/servers/1d7a77e1-ddf4-4e66-ac40-f4443142b81a/action 0.357s
2016-01-26 09:31:26,573 15701 DEBUG    [tempest_lib.common.rest_client] Request - Headers: {'Content-Type': 'application/json', 'Accept': 'application/json', 'X-Auth-Token': '&lt;omitted&gt;'}
        Body: {"os-getConsoleOutput": {}}
    Response - Headers: {'status': '200', 'content-length': '17428', 'x-compute-request-id': 'req-56e0e577-8e16-45df-9fe7-dcd87259de8e', 'vary': 'X-OpenStack-Nova-API-Version', 'connection': 'close', 'x-openstack-nova-api-version': '2.1', 'date': 'Tue, 26 Jan 2016 09:31:26 GMT', 'content-type': 'application/json'}
        Body: {"output": "[    0.000000] Initializing cgroup subsys cpuset\n[    0.000000] Initializing cgroup subsys cpu\n[    0.000000] Linux version 3.2.0-80-virtual (buildd@batsu) (gcc version 4.6.3 (Ubuntu/Linaro 4.6.3-1ubuntu5) ) #116-Ubuntu SMP Mon Mar 23 17:28:52 UTC 2015 (Ubuntu 3.2.0-80.116-virtual 3.2.68)\n[    0.000000] Command line: root=/dev/vda console=tty0 console=ttyS0 no_timer_check\n[    0.000000] KERNEL supported cpus:\n[    0.000000]   Intel GenuineIntel\n[    0.000000]   AMD AuthenticAMD\n[    0.000000]   Centaur CentaurHauls\n[    0.000000] BIOS-provided physical RAM map:\n[    0.000000]  BIOS-e820: 0000000000000000 - 000000000009fc00 (usable)\n[    0.000000]  BIOS-e820: 000000000009fc00 - 00000000000a0000 (reserved)\n[    0.000000]  BIOS-e820: 00000000000f0000 - 0000000000100000 (reserved)\n[    0.000000]  BIOS-e820: 0000000000100000 - 0000000003ffe000 (usable)\n[    0.000000]  BIOS-e820: 0000000003ffe000 - 0000000004000000 (reserved)\n[    0.000000]  BIOS-e820: 00000000fffc0000 - 0000000100000000 (reserved)\n[    0.000000] NX (Execute Disable) protection: active\n[    0.000000] SMBIOS 2.4 present.\n[    0.000000] No AGP bridge found\n[    0.000000] last_pfn = 0x3ffe max_arch_pfn = 0x400000000\n[    0.000000] x86 PAT enabled: cpu 0, old 0x7040600070406, new 0x7010600070106\n[    0.000000] found SMP MP-table at [ffff8800000f0b00] f0b00\n[    0.000000] init_memory_mapping: 0000000000000000-0000000003ffe000\n[    0.000000] RAMDISK: 03c5e000 - 03ff0000\n[    0.000000] ACPI: RSDP 00000000000f0950 00014 (v00 BOCHS )\n[    0.000000] ACPI: RSDT 0000000003fffbc1 00034 (v01 BOCHS  BXPCRSDT 00000001 BXPC 00000001)\n[    0.000000] ACPI: FACP 0000000003fff1c0 00074 (v01 BOCHS  BXPCFACP 00000001 BXPC 00000001)\n[    0.000000] ACPI: DSDT 0000000003ffe040 01180 (v01 BOCHS  BXPCDSDT 00000001 BXPC 00000001)\n[    0.000000] ACPI: FACS 0000000003ffe000 00040\n[    0.000000] ACPI: SSDT 0000000003fff234 008DD (v01 BOCHS  BXPCSSDT 00000001 BXPC 00000001)\n[    0.000000] ACPI: APIC 0000000003fffb11 00078 (v01 BOCHS  BXPCAPIC 00000001 BXPC 00000001)\n[    0.000000] ACPI: HPET 0000000003fffb89 00038 (v01 BOCHS  BXPCHPET 00000001 BXPC 00000001)\n[    0.000000] No NUMA configuration found\n[    0.000000] Faking a node at 0000000000000000-0000000003ffe000\n[    0.000000] Initmem setup node 0 0000000000000000-0000000003ffe000\n[    0.000000]   NODE_DATA [0000000003ff6000 - 0000000003ffafff]\n[    0.000000] Zone PFN ranges:\n[    0.000000]   DMA      0x00000010 -&gt; 0x00001000\n[    0.000000]   DMA32    0x00001000 -&gt; 0x00100000\n[    0.000000]   Normal   empty\n[    0.000000] Movable zone start PFN for each node\n[    0.000000] early_node_map[2] active PFN ranges\n[    0.000000]     0: 0x00000010 -&gt; 0x0000009f\n[    0.000000]     0: 0x00000100 -&gt; 0x00003ffe\n[    0.000000] ACPI: PM-Timer IO Port: 0xb008\n[    0.000000] ACPI: LAPIC (acpi_id[0x00] lapic_id[0x00] enabled)\n[    0.000000] ACPI: LAPIC_NMI (acpi_id[0xff] dfl dfl lint[0x1])\n[    0.000000] ACPI: IOAPIC (id[0x00] address[0xfec00000] gsi_base[0])\n[    0.000000] IOAPIC[0]: apic_id 0, version 17, address 0xfec00000, GSI 0-23\n[    0.000000] ACPI: INT_SRC_OVR (bus 0 bus_irq 0 global_irq 2 dfl dfl)\n[    0.000000] ACPI: INT_SRC_OVR (bus 0 bus_irq 5 global_irq 5 high level)\n[    0.000000] ACPI: INT_SRC_OVR (bus 0 bus_irq 9 global_irq 9 high level)\n[    0.000000] ACPI: INT_SRC_OVR (bus 0 bus_irq 10 global_irq 10 high level)\n[    0.000000] ACPI: INT_SRC_OVR (bus 0 bus_irq 11 global_irq 11 high level)\n[    0.000000] Using ACPI (MADT) for SMP configuration information\n[    0.000000] ACPI: HPET id: 0x8086a201 base: 0xfed00000\n[    0.000000] SMP: Allowing 1 CPUs, 0 hotplug CPUs\n[    0.000000] PM: Registered nosave memory: 000000000009f000 - 00000000000a0000\n[    0.000000] PM: Registered nosave memory: 00000000000a0000 - 00000000000f0000\n[    0.000000] PM: Registered nosave memory: 00000000000f0000 - 0000000000100000\n[    0.000000] Allocating PCI resources starting at 4000000 (gap: 4000000:fbfc0000)\n[    0.000000] Booting paravirtualized kernel on bare hardware\n[    0.000000] setup_pe
2016-01-26 09:31:26,575 15701 DEBUG    [tempest.scenario.manager] Console output for 1d7a77e1-ddf4-4e66-ac40-f4443142b81a
body=
[    0.000000] Initializing cgroup subsys cpuset
[    0.000000] Initializing cgroup subsys cpu
[    0.000000] Linux version 3.2.0-80-virtual (buildd@batsu) (gcc version 4.6.3 (Ubuntu/Linaro 4.6.3-1ubuntu5) ) #116-Ubuntu SMP Mon Mar 23 17:28:52 UTC 2015 (Ubuntu 3.2.0-80.116-virtual 3.2.68)
[    0.000000] Command line: root=/dev/vda console=tty0 console=ttyS0 no_timer_check
[    0.000000] KERNEL supported cpus:
[    0.000000]   Intel GenuineIntel
[    0.000000]   AMD AuthenticAMD
[    0.000000]   Centaur CentaurHauls
[    0.000000] BIOS-provided physical RAM map:
[    0.000000]  BIOS-e820: 0000000000000000 - 000000000009fc00 (usable)
[    0.000000]  BIOS-e820: 000000000009fc00 - 00000000000a0000 (reserved)
[    0.000000]  BIOS-e820: 00000000000f0000 - 0000000000100000 (reserved)
[    0.000000]  BIOS-e820: 0000000000100000 - 0000000003ffe000 (usable)
[    0.000000]  BIOS-e820: 0000000003ffe000 - 0000000004000000 (reserved)
[    0.000000]  BIOS-e820: 00000000fffc0000 - 0000000100000000 (reserved)
[    0.000000] NX (Execute Disable) protection: active
[    0.000000] SMBIOS 2.4 present.
[    0.000000] No AGP bridge found
[    0.000000] last_pfn = 0x3ffe max_arch_pfn = 0x400000000
[    0.000000] x86 PAT enabled: cpu 0, old 0x7040600070406, new 0x7010600070106
[    0.000000] found SMP MP-table at [ffff8800000f0b00] f0b00
[    0.000000] init_memory_mapping: 0000000000000000-0000000003ffe000
[    0.000000] RAMDISK: 03c5e000 - 03ff0000
[    0.000000] ACPI: RSDP 00000000000f0950 00014 (v00 BOCHS )
[    0.000000] ACPI: RSDT 0000000003fffbc1 00034 (v01 BOCHS  BXPCRSDT 00000001 BXPC 00000001)
[    0.000000] ACPI: FACP 0000000003fff1c0 00074 (v01 BOCHS  BXPCFACP 00000001 BXPC 00000001)
[    0.000000] ACPI: DSDT 0000000003ffe040 01180 (v01 BOCHS  BXPCDSDT 00000001 BXPC 00000001)
[    0.000000] ACPI: FACS 0000000003ffe000 00040
[    0.000000] ACPI: SSDT 0000000003fff234 008DD (v01 BOCHS  BXPCSSDT 00000001 BXPC 00000001)
[    0.000000] ACPI: APIC 0000000003fffb11 00078 (v01 BOCHS  BXPCAPIC 00000001 BXPC 00000001)
[    0.000000] ACPI: HPET 0000000003fffb89 00038 (v01 BOCHS  BXPCHPET 00000001 BXPC 00000001)
[    0.000000] No NUMA configuration found
[    0.000000] Faking a node at 0000000000000000-0000000003ffe000
[    0.000000] Initmem setup node 0 0000000000000000-0000000003ffe000
[    0.000000]   NODE_DATA [0000000003ff6000 - 0000000003ffafff]
[    0.000000] Zone PFN ranges:
[    0.000000]   DMA      0x00000010 -&gt; 0x00001000
[    0.000000]   DMA32    0x00001000 -&gt; 0x00100000
[    0.000000]   Normal   empty
[    0.000000] Movable zone start PFN for each node
[    0.000000] early_node_map[2] active PFN ranges
[    0.000000]     0: 0x00000010 -&gt; 0x0000009f
[    0.000000]     0: 0x00000100 -&gt; 0x00003ffe
[    0.000000] ACPI: PM-Timer IO Port: 0xb008
[    0.000000] ACPI: LAPIC (acpi_id[0x00] lapic_id[0x00] enabled)
[    0.000000] ACPI: LAPIC_NMI (acpi_id[0xff] dfl dfl lint[0x1])
[    0.000000] ACPI: IOAPIC (id[0x00] address[0xfec00000] gsi_base[0])
[    0.000000] IOAPIC[0]: apic_id 0, version 17, address 0xfec00000, GSI 0-23
[    0.000000] ACPI: INT_SRC_OVR (bus 0 bus_irq 0 global_irq 2 dfl dfl)
[    0.000000] ACPI: INT_SRC_OVR (bus 0 bus_irq 5 global_irq 5 high level)
[    0.000000] ACPI: INT_SRC_OVR (bus 0 bus_irq 9 global_irq 9 high level)
[    0.000000] ACPI: INT_SRC_OVR (bus 0 bus_irq 10 global_irq 10 high level)
[    0.000000] ACPI: INT_SRC_OVR (bus 0 bus_irq 11 global_irq 11 high level)
[    0.000000] Using ACPI (MADT) for SMP configuration information
[    0.000000] ACPI: HPET id: 0x8086a201 base: 0xfed00000
[    0.000000] SMP: Allowing 1 CPUs, 0 hotplug CPUs
[    0.000000] PM: Registered nosave memory: 000000000009f000 - 00000000000a0000
[    0.000000] PM: Registered nosave memory: 00000000000a0000 - 00000000000f0000
[    0.000000] PM: Registered nosave memory: 00000000000f0000 - 0000000000100000
[    0.000000] Allocating PCI resources starting at 4000000 (gap: 4000000:fbfc0000)
[    0.000000] Booting paravirtualized kernel on bare hardware
[    0.000000] setup_percpu: NR_CPUS:64 nr_cpumask_bits:64 nr_cpu_ids:1 nr_node_ids:1
[    0.000000] PERCPU: Embedded 27 pages/cpu @ffff880003a00000 s78848 r8192 d23552 u2097152
[    0.000000] Built 1 zonelists in Node order, mobility grouping on.  Total pages: 16008
[    0.000000] Policy zone: DMA32
[    0.000000] Kernel command line: root=/dev/vda console=tty0 console=ttyS0 no_timer_check
[    0.000000] PID hash table entries: 256 (order: -1, 2048 bytes)
[    0.000000] Checking aperture...
[    0.000000] No AGP bridge found
[    0.000000] Memory: 43492k/65528k available (6576k kernel code, 452k absent, 21584k reserved, 6620k data, 928k init)
[    0.000000] SLUB: Genslabs=15, HWalign=64, Order=0-3, MinObjects=0, CPUs=1, Nodes=1
[    0.000000] Hierarchical RCU implementation.
[    0.000000] 	RCU dyntick-idle grace-period acceleration is enabled.
[    0.000000] NR_IRQS:4352 nr_irqs:256 16
[    0.000000] Console: colour VGA+ 80x25
[    0.000000] console [tty0] enabled
[    0.000000] console [ttyS0] enabled
[    0.000000] allocated 1048576 bytes of page_cgroup
[    0.000000] please try 'cgroup_disable=memory' option if you don't want memory cgroups
[    0.000000] Fast TSC calibration failed
[    0.000000] TSC: Unable to calibrate against PIT
[    0.000000] TSC: using HPET reference calibration
[    0.000000] Detected 2293.217 MHz processor.
[    0.036642] Calibrating delay loop (skipped), value calculated using timer frequency.. 4586.43 BogoMIPS (lpj=9172868)
[    0.038546] pid_max: default: 32768 minimum: 301
[    0.048804] Security Framework initialized
[    0.054564] AppArmor: AppArmor initialized
[    0.055121] Yama: becoming mindful.
[    0.062285] Dentry cache hash table entries: 8192 (order: 4, 65536 bytes)
[    0.064604] Inode-cache hash table entries: 4096 (order: 3, 32768 bytes)
[    0.066136] Mount-cache hash table entries: 256
[    0.084518] Initializing cgroup subsys cpuacct
[    0.085586] Initializing cgroup subsys memory
[    0.086862] Initializing cgroup subsys devices
[    0.088172] Initializing cgroup subsys freezer
[    0.088819] Initializing cgroup subsys blkio
[    0.089617] Initializing cgroup subsys perf_event
[    0.094022] mce: CPU supports 10 MCE banks
[    0.098106] SMP alternatives: switching to UP code
[    0.505441] Freeing SMP alternatives: 24k freed
[    0.507225] ACPI: Core revision 20110623
[    0.568325] ftrace: allocating 26610 entries in 105 pages
[    0.603160] ..TIMER: vector=0x30 apic1=0 pin1=2 apic2=-1 pin2=-1
[    0.604151] CPU0: AMD QEMU Virtual CPU version 2.0.0 stepping 03
[    0.608037] Performance Events: Broken PMU hardware detected, using software events only.
[    0.617163] NMI watchdog disabled (cpu0): hardware events not enabled
[    0.618876] Brought up 1 CPUs
[    0.619284] Total of 1 processors activated (4586.43 BogoMIPS).
[    0.650933] devtmpfs: initialized
[    0.686236] EVM: security.selinux
[    0.686821] EVM: security.SMACK64
[    0.687255] EVM: security.capability
[    0.706376] print_constraints: dummy: 
[    0.708710] RTC time:  9:29:26, date: 01/26/16
[    0.711567] NET: Registered protocol family 16
[    0.718950] ACPI: bus type pci registered
[    0.722645] PCI: Using configuration type 1 for base access
[    0.752956] bio: create slab &lt;bio-0&gt; at 0
[    0.758009] ACPI: Added _OSI(Module Device)
[    0.758852] ACPI: Added _OSI(Processor Device)
[    0.760110] ACPI: Added _OSI(3.0 _SCP Extensions)
[    0.760727] ACPI: Added _OSI(Processor Aggregator Device)
[    0.846374] ACPI: Interpreter enabled
[    0.846997] ACPI: (supports S0 S3 S4 S5)
[    0.849442] ACPI: Using IOAPIC for interrupt routing
[    0.916721] ACPI: No dock devices found.
[    0.917336] HEST: Table not found.
[    0.918105] PCI: Using host bridge windows from ACPI; if necessary, use "pci=nocrs" and report a bug
[    0.924901] ACPI: PCI Root Bridge [PCI0] (domain 0000 [bus 00-ff])
[    0.930910] pci_root PNP0A03:00: host bridge window [io  0x0000-0x0cf7]
[    0.932187] pci_root PNP0A03:00: host bridge window [io  0x0d00-0xadff]
[    0.933028] pci_root PNP0A03:00: host bridge window [io  0xae0f-0xaeff]
[    0.934080] pci_root PNP0A03:00: host bridge window [io  0xaf20-0xafdf]
[    0.934899] pci_root PNP0A03:00: host bridge window [io  0xafe4-0xffff]
[    0.936232] pci_root PNP0A03:00: host bridge window [mem 0x000a0000-0x000bffff]
[    0.937224] pci_root PNP0A03:00: host bridge window [mem 0x04000000-0xfebfffff]
[    0.962667] pci 0000:00:01.3: quirk: [io  0xb000-0xb03f] claimed by PIIX4 ACPI
[    0.964178] pci 0000:00:01.3: quirk: [io  0xb100-0xb10f] claimed by PIIX4 SMB
[    1.032473]  pci0000:00: Unable to request _OSC control (_OSC support mask: 0x1e)
[    1.093827] ACPI: PCI Interrupt Link [LNKA] (IRQs 5 *10 11)
[    1.096475] ACPI: PCI Interrupt Link [LNKB] (IRQs 5 *10 11)
[    1.098430] ACPI: PCI Interrupt Link [LNKC] (IRQs 5 10 *11)
[    1.100904] ACPI: PCI Interrupt Link [LNKD] (IRQs 5 10 *11)
[    1.102097] ACPI: PCI Interrupt Link [LNKS] (IRQs *9)
[    1.109130] vgaarb: device added: PCI:0000:00:02.0,decodes=io+mem,owns=io+mem,locks=none
[    1.110568] vgaarb: loaded
[    1.110995] vgaarb: bridge control possible 0000:00:02.0
[    1.114993] i2c-core: driver [aat2870] using legacy suspend method
[    1.116139] i2c-core: driver [aat2870] using legacy resume method
[    1.118544] SCSI subsystem initialized
[    1.122738] usbcore: registered new interface driver usbfs
[    1.124356] usbcore: registered new interface driver hub
[    1.125574] usbcore: registered new device driver usb
[    1.129565] PCI: Using ACPI for IRQ routing
[    1.145011] NetLabel: Initializing
[    1.146213] NetLabel:  domain hash size = 128
[    1.146881] NetLabel:  protocols = UNLABELED CIPSOv4
[    1.149836] NetLabel:  unlabeled traffic allowed by default
[    1.153260] HPET: 3 timers in total, 0 timers will be used for per-cpu timer
[    1.154316] hpet0: at MMIO 0xfed00000, IRQs 2, 8, 0
[    1.155160] hpet0: 3 comparators, 64-bit 100.000000 MHz counter
[    1.166865] Switching to clocksource hpet
[    1.407616] AppArmor: AppArmor Filesystem Enabled
[    1.409934] pnp: PnP ACPI init
[    1.410638] ACPI: bus type pnp registered
[    1.430542] pnp: PnP ACPI: found 9 devices
[    1.431083] ACPI: ACPI bus type pnp unregistered
[    1.485694] NET: Registered protocol family 2
[    1.522047] IP route cache hash table entries: 512 (order: 0, 4096 bytes)
[    1.529210] TCP established hash table entries: 2048 (order: 3, 32768 bytes)
[    1.530895] TCP bind hash table entries: 2048 (order: 3, 32768 bytes)
[    1.531780] TCP: Hash tables configured (established 2048 bind 2048)
[    1.533105] TCP reno registered
[    1.533616] UDP hash table entries: 128 (order: 0, 4096 bytes)
[    1.534660] UDP-Lite hash table entries: 128 (order: 0, 4096 bytes)
[    1.537658] NET: Registered protocol family 1
[    1.538602] pci 0000:00:00.0: Limiting direct PCI/PCI transfers
[    1.539387] pci 0000:00:01.0: PIIX3: Enabling Passive Release
[    1.541044] pci 0000:00:01.0: Activating ISA DMA hang workarounds
[    1.546230] ACPI: PCI Interrupt Link [LNKD] enabled at IRQ 11
[    1.547218] pci 0000:00:01.2: PCI INT D -&gt; Link[LNKD] -&gt; GSI 11 (level, high) -&gt; IRQ 11
[    1.549701] pci 0000:00:01.2: PCI INT D disabled
[    1.567580] Trying to unpack rootfs image as initramfs...
[    1.583947] audit: initializing netlink socket (disabled)
[    1.586123] type=2000 audit(1453800566.584:1): initialized
[    1.832062] HugeTLB registered 2 MB page size, pre-allocated 0 pages
[    1.919812] VFS: Disk quotas dquot_6.5.2
[    1.922299] Dquot-cache hash table entries: 512 (order 0, 4096 bytes)
[    1.939438] fuse init (API version 7.17)
[    1.951205] msgmni has been set to 84
[    1.985205] Block layer SCSI generic (bsg) driver version 0.4 loaded (major 253)
[    1.994236] io scheduler noop registered
[    1.994909] io scheduler deadline registered (default)
[    1.996147] io scheduler cfq registered
[    2.003338] pci_hotplug: PCI Hot Plug PCI Core version: 0.5
[    2.006548] pciehp: PCI Express Hot Plug Controller Driver version: 0.4
[    2.012130] input: Power Button as /devices/LNXSYSTM:00/LNXPWRBN:00/input/input0
[    2.014841] ACPI: Power Button [PWRF]
[    2.070992] ERST: Table is not found!
[    2.071537] GHES: HEST is not enabled!
[    2.083309] ACPI: PCI Interrupt Link [LNKC] enabled at IRQ 10
[    2.085349] virtio-pci 0000:00:03.0: PCI INT A -&gt; Link[LNKC] -&gt; GSI 10 (level, high) -&gt; IRQ 10
[    2.089271] virtio-pci 0000:00:04.0: PCI INT A -&gt; Link[LNKD] -&gt; GSI 11 (level, high) -&gt; IRQ 11
[    2.113275] ACPI: PCI Interrupt Link [LNKA] enabled at IRQ 10
[    2.114212] virtio-pci 0000:00:05.0: PCI INT A -&gt; Link[LNKA] -&gt; GSI 10 (level, high) -&gt; IRQ 10
[    2.130078] Serial: 8250/16550 driver, 32 ports, IRQ sharing enabled
[    2.173373] serial8250: ttyS0 at I/O 0x3f8 (irq = 4) is a 16550A
[    2.247039] serial8250: ttyS1 at I/O 0x2f8 (irq = 3) is a 16550A
[    2.374163] 00:05: ttyS0 at I/O 0x3f8 (irq = 4) is a 16550A
[    2.448682] 00:06: ttyS1 at I/O 0x2f8 (irq = 3) is a 16550A
[    2.505735] Linux agpgart interface v0.103
[    2.554342] Refined TSC clocksource calibration: 2293.324 MHz.
[    2.555392] Switching to clocksource tsc
[    2.583636] brd: module loaded
[    2.615793] loop: module loaded
[    2.714108]  vda: unknown partition table
[    2.769633] scsi0 : ata_piix
[    2.777320] scsi1 : ata_piix
[    2.779486] ata1: PATA max MWDMA2 cmd 0x1f0 ctl 0x3f6 bmdma 0xc0a0 irq 14
[    2.781219] ata2: PATA max MWDMA2 cmd 0x170 ctl 0x376 bmdma 0xc0a8 irq 15
[    2.790556] Fixed MDIO Bus: probed
[    2.791338] tun: Universal TUN/TAP device driver, 1.6
[    2.791915] tun: (C) 1999-2004 Max Krasnyansky &lt;maxk@qualcomm.com&gt;
[    2.805156] PPP generic driver version 2.4.2
[    2.833676] ehci_hcd: USB 2.0 'Enhanced' Host Controller (EHCI) Driver
[    2.834979] ohci_hcd: USB 1.1 'Open' Host Controller (OHCI) Driver
[    2.835958] uhci_hcd: USB Universal Host Controller Interface driver
[    2.838091] uhci_hcd 0000:00:01.2: PCI INT D -&gt; Link[LNKD] -&gt; GSI 11 (level, high) -&gt; IRQ 11
[    2.842119] uhci_hcd 0000:00:01.2: UHCI Host Controller
[    2.850688] uhci_hcd 0000:00:01.2: new USB bus registered, assigned bus number 1
[    2.853634] uhci_hcd 0000:00:01.2: irq 11, io base 0x0000c040
[    2.887826] hub 1-0:1.0: USB hub found
[    2.890805] hub 1-0:1.0: 2 ports detected
[    2.899103] usbcore: registered new interface driver libusual
[    2.904025] i8042: PNP: PS/2 Controller [PNP0303:KBD,PNP0f13:MOU] at 0x60,0x64 irq 1,12
[    2.915785] serio: i8042 KBD port at 0x60,0x64 irq 1
[    2.917194] serio: i8042 AUX port at 0x60,0x64 irq 12
[    2.962398] mousedev: PS/2 mouse device common for all mice
[    2.972137] input: AT Translated Set 2 keyboard as /devices/platform/i8042/serio0/input/input1
[    2.994728] rtc_cmos 00:01: RTC can wake from S4
[    3.019396] rtc_cmos 00:01: rtc core: registered rtc_cmos as rtc0
[    3.024771] rtc0: alarms up to one day, 114 bytes nvram, hpet irqs
[    3.029256] device-mapper: uevent: version 1.0.3
[    3.043231] ata2.01: ATAPI: QEMU DVD-ROM, 2.0.0, max UDMA/100
[    3.061308] ata2.01: configured for MWDMA2
[    3.090691] device-mapper: ioctl: 4.22.0-ioctl (2011-10-19) initialised: dm-devel@redhat.com
[    3.095639] cpuidle: using governor ladder
[    3.097393] cpuidle: using governor menu
[    3.097896] EFI Variables Facility v0.08 2004-May-17
[    3.108664] TCP cubic registered
[    3.114577] NET: Registered protocol family 10
[    3.143633] NET: Registered protocol family 17
[    3.144943] Registering the dns_resolver key type
[    3.158831] scsi 1:0:1:0: CD-ROM            QEMU     QEMU DVD-ROM     2.0. PQ: 0 ANSI: 5
[    3.184843] sr0: scsi3-mmc drive: 4x/4x cd/rw xa/form2 tray
[    3.186594] cdrom: Uniform CD-ROM driver Revision: 3.20
[    3.212472] sr 1:0:1:0: Attached scsi generic sg0 type 5
[    3.260697] registered taskstats version 1
[    3.326838] Freeing initrd memory: 3656k freed
[    3.835368]   Magic number: 0:801:475
[    3.850512] rtc_cmos 00:01: setting system clock to 2016-01-26 09:29:29 UTC (1453800569)
[    3.853335] powernow-k8: Processor cpuid 663 not supported
[    3.861144] BIOS EDD facility v0.16 2004-Jun-25, 0 devices found
[    3.862723] EDD information not available.
[    3.937325] Freeing unused kernel memory: 928k freed
[    3.943488] Write protecting the kernel read-only data: 12288k
[    4.067388] Freeing unused kernel memory: 1596k freed
[    4.149199] Freeing unused kernel memory: 1184k freed

info: initramfs: up at 4.32
modprobe: module virtio_blk not found in modules.dep
modprobe: module virtio_net not found in modules.dep
info: copying initramfs to /dev/vda
info: initramfs loading root from /dev/vda
info: /etc/init.d/rc.sysinit: up at 8.82
info: container: none
Starting logging: OK
modprobe: module virtio_blk not found in modules.dep
modprobe: module virtio_net not found in modules.dep
WARN: /etc/rc3.d/S10-load-modules failed
Initializing random number generator... done.
Starting acpid: OK
cirros-ds 'local' up at 11.27
found datasource (configdrive, local)
Starting network...
udhcpc (v1.20.1) started
Sending discover...
Sending discover...

2016-01-26 09:31:26,977 15701 INFO     [tempest_lib.common.rest_client] Request (TestNetworkAdvancedServerOps:_run_cleanups): 204 DELETE http://10.4.1.3:9696/v2.0/floatingips/3678673d-aff6-4a86-b026-bb29b88b60ec 0.396s
2016-01-26 09:31:26,978 15701 DEBUG    [tempest_lib.common.rest_client] Request - Headers: {'Content-Type': 'application/json', 'Accept': 'application/json', 'X-Auth-Token': '&lt;omitted&gt;'}
        Body: None
    Response - Headers: {'date': 'Tue, 26 Jan 2016 09:31:26 GMT', 'status': '204', 'connection': 'close', 'content-length': '0', 'x-openstack-request-id': 'req-6a787cef-2118-4f79-974b-41d43b1618e6'}
        Body: 
2016-01-26 09:31:27,373 15701 INFO     [tempest_lib.common.rest_client] Request (TestNetworkAdvancedServerOps:_run_cleanups): 204 DELETE http://10.4.1.3:8774/v2.1/52627c5518cc4af8a561fa7053b2baa7/servers/1d7a77e1-ddf4-4e66-ac40-f4443142b81a 0.394s
2016-01-26 09:31:27,374 15701 DEBUG    [tempest_lib.common.rest_client] Request - Headers: {'Content-Type': 'application/json', 'Accept': 'application/json', 'X-Auth-Token': '&lt;omitted&gt;'}
        Body: None
    Response - Headers: {'status': '204', 'content-length': '0', 'x-compute-request-id': 'req-7e3aef36-b8cb-44fd-be46-549c56c6bcb7', 'vary': 'X-OpenStack-Nova-API-Version', 'connection': 'close', 'x-openstack-nova-api-version': '2.1', 'date': 'Tue, 26 Jan 2016 09:31:27 GMT', 'content-type': 'application/json'}
        Body: 
2016-01-26 09:31:27,997 15701 INFO     [tempest_lib.common.rest_client] Request (TestNetworkAdvancedServerOps:_run_cleanups): 200 GET http://10.4.1.3:8774/v2.1/52627c5518cc4af8a561fa7053b2baa7/servers/1d7a77e1-ddf4-4e66-ac40-f4443142b81a 0.622s
2016-01-26 09:31:27,998 15701 DEBUG    [tempest_lib.common.rest_client] Request - Headers: {'Content-Type': 'application/json', 'Accept': 'application/json', 'X-Auth-Token': '&lt;omitted&gt;'}
        Body: None
    Response - Headers: {'status': '200', 'content-length': '1769', 'content-location': 'http://10.4.1.3:8774/v2.1/52627c5518cc4af8a561fa7053b2baa7/servers/1d7a77e1-ddf4-4e66-ac40-f4443142b81a', 'x-compute-request-id': 'req-d9bd84a5-c635-4de2-8a94-8db4f284bedf', 'vary': 'X-OpenStack-Nova-API-Version', 'connection': 'close', 'x-openstack-nova-api-version': '2.1', 'date': 'Tue, 26 Jan 2016 09:31:27 GMT', 'content-type': 'application/json'}
        Body: {"server": {"status": "ACTIVE", "updated": "2016-01-26T09:31:27Z", "hostId": "ef94aab0659775d9753cb5fa68ad67a690c53b778fcbb02766acb10a", "addresses": {"tempest-network-smoke--768080107": [{"OS-EXT-IPS-MAC:mac_addr": "fa:16:3e:d4:8b:08", "version": 4, "addr": "10.100.0.3", "OS-EXT-IPS:type": "fixed"}, {"OS-EXT-IPS-MAC:mac_addr": "fa:16:3e:d4:8b:08", "version": 4, "addr": "172.24.4.4", "OS-EXT-IPS:type": "floating"}]}, "links": [{"href": "http://10.4.1.3:8774/v2.1/52627c5518cc4af8a561fa7053b2baa7/servers/1d7a77e1-ddf4-4e66-ac40-f4443142b81a", "rel": "self"}, {"href": "http://10.4.1.3:8774/52627c5518cc4af8a561fa7053b2baa7/servers/1d7a77e1-ddf4-4e66-ac40-f4443142b81a", "rel": "bookmark"}], "key_name": "tempest-TestNetworkAdvancedServerOps-1958063202", "image": {"id": "2eeb67c7-0515-4f6f-a161-0567d079d582", "links": [{"href": "http://10.4.1.3:8774/52627c5518cc4af8a561fa7053b2baa7/images/2eeb67c7-0515-4f6f-a161-0567d079d582", "rel": "bookmark"}]}, "OS-EXT-STS:task_state": "deleting", "OS-EXT-STS:vm_state": "active", "OS-SRV-USG:launched_at": "2016-01-26T09:29:22.000000", "flavor": {"id": "42", "links": [{"href": "http://10.4.1.3:8774/52627c5518cc4af8a561fa7053b2baa7/flavors/42", "rel": "bookmark"}]}, "id": "1d7a77e1-ddf4-4e66-ac40-f4443142b81a", "security_groups": [{"name": "tempest-secgroup-smoke-1425879855"}], "OS-SRV-USG:terminated_at": null, "OS-EXT-AZ:availability_zone": "nova", "user_id": "f3f94246f1a44b039eb105b45cc31d30", "name": "tempest-server-smoke-850753086", "created": "2016-01-26T09:29:17Z", "tenant_id": "52627c5518cc4af8a561fa7053b2baa7", "OS-DCF:diskConfig": "MANUAL", "os-extended-volumes:volumes_attached": [], "accessIPv4": "", "accessIPv6": "", "progress": 0, "OS-EXT-STS:power_state": 1, "config_drive": "True", "metadata": {}}}
2016-01-26 09:31:29,466 15701 INFO     [tempest_lib.common.rest_client] Request (TestNetworkAdvancedServerOps:_run_cleanups): 200 GET http://10.4.1.3:8774/v2.1/52627c5518cc4af8a561fa7053b2baa7/servers/1d7a77e1-ddf4-4e66-ac40-f4443142b81a 0.459s
2016-01-26 09:31:29,467 15701 DEBUG    [tempest_lib.common.rest_client] Request - Headers: {'Content-Type': 'application/json', 'Accept': 'application/json', 'X-Auth-Token': '&lt;omitted&gt;'}
        Body: None
    Response - Headers: {'status': '200', 'content-length': '1439', 'content-location': 'http://10.4.1.3:8774/v2.1/52627c5518cc4af8a561fa7053b2baa7/servers/1d7a77e1-ddf4-4e66-ac40-f4443142b81a', 'x-compute-request-id': 'req-596f151d-cbcd-4466-82b1-a15ba9237102', 'vary': 'X-OpenStack-Nova-API-Version', 'connection': 'close', 'x-openstack-nova-api-version': '2.1', 'date': 'Tue, 26 Jan 2016 09:31:29 GMT', 'content-type': 'application/json'}
        Body: {"server": {"status": "DELETED", "updated": "2016-01-26T09:31:29Z", "hostId": "ef94aab0659775d9753cb5fa68ad67a690c53b778fcbb02766acb10a", "addresses": {}, "links": [{"href": "http://10.4.1.3:8774/v2.1/52627c5518cc4af8a561fa7053b2baa7/servers/1d7a77e1-ddf4-4e66-ac40-f4443142b81a", "rel": "self"}, {"href": "http://10.4.1.3:8774/52627c5518cc4af8a561fa7053b2baa7/servers/1d7a77e1-ddf4-4e66-ac40-f4443142b81a", "rel": "bookmark"}], "key_name": "tempest-TestNetworkAdvancedServerOps-1958063202", "image": {"id": "2eeb67c7-0515-4f6f-a161-0567d079d582", "links": [{"href": "http://10.4.1.3:8774/52627c5518cc4af8a561fa7053b2baa7/images/2eeb67c7-0515-4f6f-a161-0567d079d582", "rel": "bookmark"}]}, "OS-EXT-STS:task_state": null, "OS-EXT-STS:vm_state": "deleted", "OS-SRV-USG:launched_at": "2016-01-26T09:29:22.000000", "flavor": {"id": "42", "links": [{"href": "http://10.4.1.3:8774/52627c5518cc4af8a561fa7053b2baa7/flavors/42", "rel": "bookmark"}]}, "id": "1d7a77e1-ddf4-4e66-ac40-f4443142b81a", "OS-SRV-USG:terminated_at": "2016-01-26T09:31:29.000000", "OS-EXT-AZ:availability_zone": "nova", "user_id": "f3f94246f1a44b039eb105b45cc31d30", "name": "tempest-server-smoke-850753086", "created": "2016-01-26T09:29:17Z", "tenant_id": "52627c5518cc4af8a561fa7053b2baa7", "OS-DCF:diskConfig": "MANUAL", "os-extended-volumes:volumes_attached": [], "accessIPv4": "", "accessIPv6": "", "OS-EXT-STS:power_state": 0, "config_drive": "True", "metadata": {}}}
2016-01-26 09:31:30,753 15701 INFO     [tempest_lib.common.rest_client] Request (TestNetworkAdvancedServerOps:_run_cleanups): 404 GET http://10.4.1.3:8774/v2.1/52627c5518cc4af8a561fa7053b2baa7/servers/1d7a77e1-ddf4-4e66-ac40-f4443142b81a 0.273s
2016-01-26 09:31:30,754 15701 DEBUG    [tempest_lib.common.rest_client] Request - Headers: {'Content-Type': 'application/json', 'Accept': 'application/json', 'X-Auth-Token': '&lt;omitted&gt;'}
        Body: None
    Response - Headers: {'status': '404', 'content-length': '111', 'x-compute-request-id': 'req-c533b63e-fc78-480f-b313-53784099177d', 'vary': 'X-OpenStack-Nova-API-Version', 'connection': 'close', 'x-openstack-nova-api-version': '2.1', 'date': 'Tue, 26 Jan 2016 09:31:30 GMT', 'content-type': 'application/json; charset=UTF-8'}
        Body: {"itemNotFound": {"message": "Instance 1d7a77e1-ddf4-4e66-ac40-f4443142b81a could not be found.", "code": 404}}
2016-01-26 09:31:31,293 15701 INFO     [tempest_lib.common.rest_client] Request (TestNetworkAdvancedServerOps:_run_cleanups): 500 PUT http://10.4.1.3:9696/v2.0/routers/66cbfeaf-edef-4fff-9cb3-e6f9282608f0/remove_router_interface 0.537s
2016-01-26 09:31:31,294 15701 DEBUG    [tempest_lib.common.rest_client] Request - Headers: {'Content-Type': 'application/json', 'Accept': 'application/json', 'X-Auth-Token': '&lt;omitted&gt;'}
        Body: {"subnet_id": "b291ae9e-b922-4dd8-9dc6-d0fef3b152a9"}
    Response - Headers: {'status': '500', 'content-length': '150', 'connection': 'close', 'date': 'Tue, 26 Jan 2016 09:31:31 GMT', 'content-type': 'application/json; charset=UTF-8', 'x-openstack-request-id': 'req-65bc5cfd-7017-49ae-a78c-f072f3558a40'}
        Body: {"NeutronError": {"message": "Request Failed: internal server error while processing your request.", "type": "HTTPInternalServerError", "detail": ""}}
2016-01-26 09:31:31,513 15701 INFO     [tempest_lib.common.rest_client] Request (TestNetworkAdvancedServerOps:_run_cleanups): 200 GET http://10.4.1.3:9696/v2.0/routers/66cbfeaf-edef-4fff-9cb3-e6f9282608f0 0.215s
2016-01-26 09:31:31,513 15701 DEBUG    [tempest_lib.common.rest_client] Request - Headers: {'Content-Type': 'application/json', 'Accept': 'application/json', 'X-Auth-Token': '&lt;omitted&gt;'}
        Body: None
    Response - Headers: {'status': '200', 'content-length': '500', 'content-location': 'http://10.4.1.3:9696/v2.0/routers/66cbfeaf-edef-4fff-9cb3-e6f9282608f0', 'connection': 'close', 'date': 'Tue, 26 Jan 2016 09:31:31 GMT', 'content-type': 'application/json; charset=UTF-8', 'x-openstack-request-id': 'req-ef83db34-3f03-4b96-a513-8b8222402fec'}
        Body: {"router": {"status": "ACTIVE", "external_gateway_info": {"network_id": "3b8ab758-20e8-448a-a732-d7b5190e5dc0", "enable_snat": true, "external_fixed_ips": [{"subnet_id": "53d8a2b0-39d2-474a-9c41-6c15cd120b9d", "ip_address": "172.24.4.3"}, {"subnet_id": "22780920-9c02-4cb0-8d7d-a020f4fad519", "ip_address": "2001:db8::3"}]}, "name": "tempest-router-smoke-394413907", "admin_state_up": true, "tenant_id": "52627c5518cc4af8a561fa7053b2baa7", "routes": [], "id": "66cbfeaf-edef-4fff-9cb3-e6f9282608f0"}}
2016-01-26 09:31:32,047 15701 INFO     [tempest_lib.common.rest_client] Request (TestNetworkAdvancedServerOps:_run_cleanups): 200 PUT http://10.4.1.3:9696/v2.0/routers/66cbfeaf-edef-4fff-9cb3-e6f9282608f0 0.531s
2016-01-26 09:31:32,048 15701 DEBUG    [tempest_lib.common.rest_client] Request - Headers: {'Content-Type': 'application/json', 'Accept': 'application/json', 'X-Auth-Token': '&lt;omitted&gt;'}
        Body: {"router": {"external_gateway_info": {}, "name": "tempest-router-smoke-394413907", "admin_state_up": true}}
    Response - Headers: {'status': '200', 'content-length': '238', 'connection': 'close', 'date': 'Tue, 26 Jan 2016 09:31:32 GMT', 'content-type': 'application/json; charset=UTF-8', 'x-openstack-request-id': 'req-bce60cc9-74aa-4f45-90eb-e4529f68750b'}
        Body: {"router": {"status": "ACTIVE", "external_gateway_info": null, "name": "tempest-router-smoke-394413907", "admin_state_up": true, "tenant_id": "52627c5518cc4af8a561fa7053b2baa7", "routes": [], "id": "66cbfeaf-edef-4fff-9cb3-e6f9282608f0"}}
2016-01-26 09:31:32,475 15701 INFO     [tempest_lib.common.rest_client] Request (TestNetworkAdvancedServerOps:_run_cleanups): 500 DELETE http://10.4.1.3:9696/v2.0/routers/66cbfeaf-edef-4fff-9cb3-e6f9282608f0 0.426s
2016-01-26 09:31:32,476 15701 DEBUG    [tempest_lib.common.rest_client] Request - Headers: {'Content-Type': 'application/json', 'Accept': 'application/json', 'X-Auth-Token': '&lt;omitted&gt;'}
        Body: None
    Response - Headers: {'status': '500', 'content-length': '150', 'connection': 'close', 'date': 'Tue, 26 Jan 2016 09:31:32 GMT', 'content-type': 'application/json; charset=UTF-8', 'x-openstack-request-id': 'req-dc12ce3c-f5f0-482f-90b9-704b9c56d4a6'}
        Body: {"NeutronError": {"message": "Request Failed: internal server error while processing your request.", "type": "HTTPInternalServerError", "detail": ""}}
2016-01-26 09:31:33,253 15701 INFO     [tempest_lib.common.rest_client] Request (TestNetworkAdvancedServerOps:_run_cleanups): 204 DELETE http://10.4.1.3:9696/v2.0/networks/deaa551c-3e12-4969-83ec-8cd3ce8ead33 0.776s
2016-01-26 09:31:33,253 15701 DEBUG    [tempest_lib.common.rest_client] Request - Headers: {'Content-Type': 'application/json', 'Accept': 'application/json', 'X-Auth-Token': '&lt;omitted&gt;'}
        Body: None
    Response - Headers: {'date': 'Tue, 26 Jan 2016 09:31:33 GMT', 'status': '204', 'connection': 'close', 'content-length': '0', 'x-openstack-request-id': 'req-a80394ff-ef4b-4010-a8ae-a1264e5a2511'}
        Body: 
2016-01-26 09:31:33,481 15701 INFO     [tempest_lib.common.rest_client] Request (TestNetworkAdvancedServerOps:_run_cleanups): 204 DELETE http://10.4.1.3:9696/v2.0/security-group-rules/374c6845-7b38-4012-9703-666badb50a32 0.227s
2016-01-26 09:31:33,482 15701 DEBUG    [tempest_lib.common.rest_client] Request - Headers: {'Content-Type': 'application/json', 'Accept': 'application/json', 'X-Auth-Token': '&lt;omitted&gt;'}
        Body: None
    Response - Headers: {'date': 'Tue, 26 Jan 2016 09:31:33 GMT', 'status': '204', 'connection': 'close', 'content-length': '0', 'x-openstack-request-id': 'req-a69a8c4b-179b-488a-a4b9-1fa0b1a4e292'}
        Body: 
2016-01-26 09:31:33,709 15701 INFO     [tempest_lib.common.rest_client] Request (TestNetworkAdvancedServerOps:_run_cleanups): 204 DELETE http://10.4.1.3:9696/v2.0/security-group-rules/3c0729ba-e6c9-43e7-936d-6ccf0e056f25 0.226s
2016-01-26 09:31:33,710 15701 DEBUG    [tempest_lib.common.rest_client] Request - Headers: {'Content-Type': 'application/json', 'Accept': 'application/json', 'X-Auth-Token': '&lt;omitted&gt;'}
        Body: None
    Response - Headers: {'date': 'Tue, 26 Jan 2016 09:31:33 GMT', 'status': '204', 'connection': 'close', 'content-length': '0', 'x-openstack-request-id': 'req-1aaa7a64-6c9d-416f-a0c7-f0debd8d4528'}
        Body: 
2016-01-26 09:31:33,939 15701 INFO     [tempest_lib.common.rest_client] Request (TestNetworkAdvancedServerOps:_run_cleanups): 204 DELETE http://10.4.1.3:9696/v2.0/security-group-rules/65d5b88b-f574-44ae-ad5c-fd7953afa8d3 0.227s
2016-01-26 09:31:33,939 15701 DEBUG    [tempest_lib.common.rest_client] Request - Headers: {'Content-Type': 'application/json', 'Accept': 'application/json', 'X-Auth-Token': '&lt;omitted&gt;'}
        Body: None
    Response - Headers: {'date': 'Tue, 26 Jan 2016 09:31:33 GMT', 'status': '204', 'connection': 'close', 'content-length': '0', 'x-openstack-request-id': 'req-ed5c8981-0325-4342-b337-bf50ff1091e1'}
        Body: 
2016-01-26 09:31:34,152 15701 INFO     [tempest_lib.common.rest_client] Request (TestNetworkAdvancedServerOps:_run_cleanups): 204 DELETE http://10.4.1.3:9696/v2.0/security-group-rules/481ad7ea-c79d-45d5-9898-7458f736e6b2 0.212s
2016-01-26 09:31:34,152 15701 DEBUG    [tempest_lib.common.rest_client] Request - Headers: {'Content-Type': 'application/json', 'Accept': 'application/json', 'X-Auth-Token': '&lt;omitted&gt;'}
        Body: None
    Response - Headers: {'date': 'Tue, 26 Jan 2016 09:31:34 GMT', 'status': '204', 'connection': 'close', 'content-length': '0', 'x-openstack-request-id': 'req-4e9e107d-826a-4326-88b0-cec72ccf283d'}
        Body: 
2016-01-26 09:31:34,366 15701 INFO     [tempest_lib.common.rest_client] Request (TestNetworkAdvancedServerOps:_run_cleanups): 204 DELETE http://10.4.1.3:9696/v2.0/security-group-rules/044a9275-cab6-462f-98aa-6b49cd12ba2b 0.213s
2016-01-26 09:31:34,367 15701 DEBUG    [tempest_lib.common.rest_client] Request - Headers: {'Content-Type': 'application/json', 'Accept': 'application/json', 'X-Auth-Token': '&lt;omitted&gt;'}
        Body: None
    Response - Headers: {'date': 'Tue, 26 Jan 2016 09:31:34 GMT', 'status': '204', 'connection': 'close', 'content-length': '0', 'x-openstack-request-id': 'req-0592ef61-4556-4983-b924-d527bbe4c728'}
        Body: 
2016-01-26 09:31:34,594 15701 INFO     [tempest_lib.common.rest_client] Request (TestNetworkAdvancedServerOps:_run_cleanups): 204 DELETE http://10.4.1.3:9696/v2.0/security-group-rules/9d17f9fd-a49c-4889-9abc-1d5f112419c6 0.225s
2016-01-26 09:31:34,595 15701 DEBUG    [tempest_lib.common.rest_client] Request - Headers: {'Content-Type': 'application/json', 'Accept': 'application/json', 'X-Auth-Token': '&lt;omitted&gt;'}
        Body: None
    Response - Headers: {'date': 'Tue, 26 Jan 2016 09:31:34 GMT', 'status': '204', 'connection': 'close', 'content-length': '0', 'x-openstack-request-id': 'req-d1b0e1d3-b88d-4518-b8e0-b5b22b9cc6c4'}
        Body: 
2016-01-26 09:31:34,851 15701 INFO     [tempest_lib.common.rest_client] Request (TestNetworkAdvancedServerOps:_run_cleanups): 204 DELETE http://10.4.1.3:9696/v2.0/security-groups/4f112b47-12bc-471a-85a8-3cae133d1269 0.255s
2016-01-26 09:31:34,851 15701 DEBUG    [tempest_lib.common.rest_client] Request - Headers: {'Content-Type': 'application/json', 'Accept': 'application/json', 'X-Auth-Token': '&lt;omitted&gt;'}
        Body: None
    Response - Headers: {'date': 'Tue, 26 Jan 2016 09:31:34 GMT', 'status': '204', 'connection': 'close', 'content-length': '0', 'x-openstack-request-id': 'req-a1dde480-bab4-4acc-85f1-ee19db75153b'}
        Body: 
2016-01-26 09:31:35,042 15701 INFO     [tempest_lib.common.rest_client] Request (TestNetworkAdvancedServerOps:_run_cleanups): 202 DELETE http://10.4.1.3:8774/v2.1/52627c5518cc4af8a561fa7053b2baa7/os-keypairs/tempest-TestNetworkAdvancedServerOps-1958063202 0.189s
2016-01-26 09:31:35,043 15701 DEBUG    [tempest_lib.common.rest_client] Request - Headers: {'Content-Type': 'application/json', 'Accept': 'application/json', 'X-Auth-Token': '&lt;omitted&gt;'}
        Body: None
    Response - Headers: {'status': '202', 'content-length': '0', 'x-compute-request-id': 'req-d91ed5ac-3618-4599-8c3f-b5bcbe43e7ae', 'vary': 'X-OpenStack-Nova-API-Version', 'connection': 'close', 'x-openstack-nova-api-version': '2.1', 'date': 'Tue, 26 Jan 2016 09:31:35 GMT', 'content-type': 'application/json'}
        Body: 
2016-01-26 09:31:35,425 15701 INFO     [tempest_lib.common.rest_client] Request (TestNetworkAdvancedServerOps:_run_cleanups): 404 GET http://10.4.1.3:8774/v2.1/52627c5518cc4af8a561fa7053b2baa7/servers/1d7a77e1-ddf4-4e66-ac40-f4443142b81a 0.381s
2016-01-26 09:31:35,425 15701 DEBUG    [tempest_lib.common.rest_client] Request - Headers: {'Content-Type': 'application/json', 'Accept': 'application/json', 'X-Auth-Token': '&lt;omitted&gt;'}
        Body: None
    Response - Headers: {'status': '404', 'content-length': '111', 'x-compute-request-id': 'req-5f19a446-9764-480d-8a45-8ce62c558c18', 'vary': 'X-OpenStack-Nova-API-Version', 'connection': 'close', 'x-openstack-nova-api-version': '2.1', 'date': 'Tue, 26 Jan 2016 09:31:35 GMT', 'content-type': 'application/json; charset=UTF-8'}
        Body: {"itemNotFound": {"message": "Instance 1d7a77e1-ddf4-4e66-ac40-f4443142b81a could not be found.", "code": 404}}
}}}

traceback-1: {{{
Traceback (most recent call last):
  File "tempest/scenario/manager.py", line 108, in delete_wrapper
    delete_thing(*args, **kwargs)
  File "tempest/services/network/resources.py", line 99, in delete
    subnet_id=self.id)
  File "tempest/services/network/json/network_client.py", line 204, in remove_router_interface_with_subnet_id
    return self.update_resource(uri, update_body)
  File "tempest/services/network/json/base.py", line 68, in update_resource
    resp, body = self.put(req_uri, req_post_data)
  File "/usr/local/lib/python2.7/dist-packages/tempest_lib/common/rest_client.py", line 322, in put
    return self.request('PUT', url, extra_headers, headers, body)
  File "/usr/local/lib/python2.7/dist-packages/tempest_lib/common/rest_client.py", line 640, in request
    resp, resp_body)
  File "/usr/local/lib/python2.7/dist-packages/tempest_lib/common/rest_client.py", line 759, in _error_checker
    message=message)
tempest_lib.exceptions.ServerFault: Got server fault
Details: Request Failed: internal server error while processing your request.
}}}

traceback-2: {{{
Traceback (most recent call last):
  File "tempest/scenario/manager.py", line 108, in delete_wrapper
    delete_thing(*args, **kwargs)
  File "tempest/services/network/resources.py", line 120, in delete
    self.client.delete_router(self.id)
  File "tempest/services/network/json/network_client.py", line 177, in delete_router
    return self.delete_resource(uri)
  File "tempest/services/network/json/base.py", line 41, in delete_resource
    resp, body = self.delete(req_uri)
  File "/usr/local/lib/python2.7/dist-packages/tempest_lib/common/rest_client.py", line 290, in delete
    return self.request('DELETE', url, extra_headers, headers, body)
  File "/usr/local/lib/python2.7/dist-packages/tempest_lib/common/rest_client.py", line 640, in request
    resp, resp_body)
  File "/usr/local/lib/python2.7/dist-packages/tempest_lib/common/rest_client.py", line 759, in _error_checker
    message=message)
tempest_lib.exceptions.ServerFault: Got server fault
Details: Request Failed: internal server error while processing your request.
}}}

Traceback (most recent call last):
  File "tempest/test.py", line 113, in wrapper
    return f(self, *func_args, **func_kwargs)
  File "tempest/scenario/test_network_advanced_server_ops.py", line 132, in test_server_connectivity_pause_unpause
    server, keypair, floating_ip = self._setup_network_and_servers()
  File "tempest/scenario/test_network_advanced_server_ops.py", line 69, in _setup_network_and_servers
    server, keypair, floating_ip)
  File "tempest/scenario/test_network_advanced_server_ops.py", line 93, in _wait_server_status_and_check_network_connectivity
    self._check_network_connectivity(server, keypair, floating_ip)
  File "tempest/scenario/test_network_advanced_server_ops.py", line 86, in _check_network_connectivity
    servers=[server])
  File "tempest/scenario/manager.py", line 610, in check_public_network_connectivity
    should_connect=should_connect)
  File "tempest/scenario/manager.py", line 594, in check_vm_connectivity
    msg=msg)
  File "/usr/local/lib/python2.7/dist-packages/unittest2/case.py", line 702, in assertTrue
    raise self.failureException(msg)
AssertionError: False is not true : Timed out waiting for 172.24.4.4 to become reachable



        </pre>
    </div>
    <!--css div popup end-->

    </td>
</tr>

<tr id='ft1.2' class='none'>
    <td class='failCase'><div class='testcase'>test_server_connectivity_reboot[compute,id-7b6860c2-afa3-4846-9522-adeb38dfbe08,network]</div></td>
    <td colspan='7' align='left'>

    <!--css div popup start-->
    <a class="popup_link" onfocus='this.blur();'
    href="javascript:showTestDetail('div_ft1.2')" >
        fail</a>

    <div id='div_ft1.2' class="popup_window">
        <div style='text-align: right; color:red;cursor:pointer'>
        <a onfocus='this.blur();'
onclick="document.getElementById('div_ft1.2').style.display = 'none' " >
           [x]</a>
        </div>
        <pre>
        
ft1.2: tempest.scenario.test_network_advanced_server_ops.TestNetworkAdvancedServerOps.test_server_connectivity_reboot[compute,id-7b6860c2-afa3-4846-9522-adeb38dfbe08,network]_StringException: Empty attachments:
  stderr
  stdout

pythonlogging:'': {{{
2016-01-26 09:31:35,946 15701 INFO     [tempest_lib.common.rest_client] Request (TestNetworkAdvancedServerOps:test_server_connectivity_reboot): 200 POST http://10.4.1.3:8774/v2.1/52627c5518cc4af8a561fa7053b2baa7/os-keypairs 0.503s
