<?xml version="1.0" encoding="UTF-8"?>
<!DOCTYPE html PUBLIC "-//W3C//DTD XHTML 1.0 Strict//EN"
     "http://www.w3.org/TR/xhtml1/DTD/xhtml1-strict.dtd">
<html xmlns="http://www.w3.org/1999/xhtml">
<head>
    <title>Unit Test Report</title>
    <meta name="generator" content="subunit2html 0.1"/>
    <meta http-equiv="Content-Type" content="text/html; charset=UTF-8"/>
    
<style type="text/css" media="screen">
body        { font-family: verdana, arial, helvetica, sans-serif;
    font-size: 80%; }
table       { font-size: 100%; width: 100%;}
pre         { font-size: 80%; }

/* -- heading -------------------------------------------------------------- */
h1 {
        font-size: 16pt;
        color: gray;
}
.heading {
    margin-top: 0ex;
    margin-bottom: 1ex;
}

.heading .attribute {
    margin-top: 1ex;
    margin-bottom: 0;
}

.heading .description {
    margin-top: 4ex;
    margin-bottom: 6ex;
}

/* -- css div popup -------------------------------------------------------- */
a.popup_link {
}

a.popup_link:hover {
    color: red;
}

.popup_window {
    display: none;
    overflow-x: scroll;
    /*border: solid #627173 1px; */
    padding: 10px;
    background-color: #E6E6D6;
    font-family: "Ubuntu Mono", "Lucida Console", "Courier New", monospace;
    text-align: left;
    font-size: 8pt;
}

}
/* -- report --------------------------------------------------------------- */
#show_detail_line {
    margin-top: 3ex;
    margin-bottom: 1ex;
}
#result_table {
    width: 100%;
    border-collapse: collapse;
    border: 1px solid #777;
}
#header_row {
    font-weight: bold;
    color: white;
    background-color: #777;
}
#result_table td {
    border: 1px solid #777;
    padding: 2px;
}
#total_row  { font-weight: bold; }
.passClass  { background-color: #6c6; }
.failClass  { background-color: #c60; }
.errorClass { background-color: #c00; }
.passCase   { color: #6c6; }
.failCase   { color: #c60; font-weight: bold; }
.errorCase  { color: #c00; font-weight: bold; }
.hiddenRow  { display: none; }
.testcase   { margin-left: 2em; }
td.testname {width: 40%}
td.small {width: 40px}

/* -- ending --------------------------------------------------------------- */
#ending {
}

</style>

</head>
<body>
<script language="javascript" type="text/javascript"><!--
output_list = Array();

/* level - 0:Summary; 1:Failed; 2:All */
function showCase(level) {
    trs = document.getElementsByTagName("tr");
    for (var i = 0; i < trs.length; i++) {
        tr = trs[i];
        id = tr.id;
        if (id.substr(0,2) == 'ft') {
            if (level < 1) {
                tr.className = 'hiddenRow';
            }
            else {
                tr.className = '';
            }
        }
        if (id.substr(0,2) == 'pt') {
            if (level > 1) {
                tr.className = '';
            }
            else {
                tr.className = 'hiddenRow';
            }
        }
    }
}


function showClassDetail(cid, count) {
    var id_list = Array(count);
    var toHide = 1;
    for (var i = 0; i < count; i++) {
        tid0 = 't' + cid.substr(1) + '.' + (i+1);
        tid = 'f' + tid0;
        tr = document.getElementById(tid);
        if (!tr) {
            tid = 'p' + tid0;
            tr = document.getElementById(tid);
        }
        id_list[i] = tid;
        if (tr.className) {
            toHide = 0;
        }
    }
    for (var i = 0; i < count; i++) {
        tid = id_list[i];
        if (toHide) {
            document.getElementById('div_'+tid).style.display = 'none'
            document.getElementById(tid).className = 'hiddenRow';
        }
        else {
            document.getElementById(tid).className = '';
        }
    }
}


function showTestDetail(div_id){
    var details_div = document.getElementById(div_id)
    var displayState = details_div.style.display
    // alert(displayState)
    if (displayState != 'block' ) {
        displayState = 'block'
        details_div.style.display = 'block'
    }
    else {
        details_div.style.display = 'none'
    }
}


function html_escape(s) {
    s = s.replace(/&/g,'&amp;');
    s = s.replace(/</g,'&lt;');
    s = s.replace(/>/g,'&gt;');
    return s;
}

/* obsoleted by detail in <div>
function showOutput(id, name) {
    var w = window.open("", //url
                    name,
                    "resizable,scrollbars,status,width=800,height=450");
    d = w.document;
    d.write("<pre>");
    d.write(html_escape(output_list[id]));
    d.write("\n");
    d.write("<a href='javascript:window.close()'>close</a>\n");
    d.write("</pre>\n");
    d.close();
}
*/
--></script>

<div class='heading'>
<h1>Unit Test Report</h1>

<p class='attribute'><strong>Status:</strong> Failure 6</p>

<p class='description'></p>
</div>



<p id='show_detail_line'>Show
<a href='javascript:showCase(0)'>Summary</a>
<a href='javascript:showCase(1)'>Failed</a>
<a href='javascript:showCase(2)'>All</a>
</p>
<table id='result_table'>
<colgroup>
<col align='left' />
<col align='right' />
<col align='right' />
<col align='right' />
<col align='right' />
<col align='right' />
<col align='right' />
<col align='right' />
</colgroup>
<tr id='header_row'>
    <td>Test Group/Test case</td>
    <td>Count</td>
    <td>Pass</td>
    <td>Fail</td>
    <td>Error</td>
    <td>Skip</td>
    <td>View</td>
    <td> </td>
</tr>

<tr class='failClass'>
    <td class="testname">tempest.scenario.test_network_advanced_server_ops.TestNetworkAdvancedServerOps</td>
    <td class="small">6</td>
    <td class="small">0</td>
    <td class="small">6</td>
    <td class="small">0</td>
    <td class="small">0</td>
    <td class="small"><a href="javascript:showClassDetail('c1',6)"
>Detail</a></td>
    <td> </td>
</tr>

<tr id='ft1.1' class='none'>
    <td class='failCase'><div class='testcase'>test_server_connectivity_pause_unpause[compute,id-2b2642db-6568-4b35-b812-eceed3fa20ce,network]</div></td>
    <td colspan='7' align='left'>

    <!--css div popup start-->
    <a class="popup_link" onfocus='this.blur();'
    href="javascript:showTestDetail('div_ft1.1')" >
        fail</a>

    <div id='div_ft1.1' class="popup_window">
        <div style='text-align: right; color:red;cursor:pointer'>
        <a onfocus='this.blur();'
onclick="document.getElementById('div_ft1.1').style.display = 'none' " >
           [x]</a>
        </div>
        <pre>
        
ft1.1: tempest.scenario.test_network_advanced_server_ops.TestNetworkAdvancedServerOps.test_server_connectivity_pause_unpause[compute,id-2b2642db-6568-4b35-b812-eceed3fa20ce,network]_StringException: Empty attachments:
  stderr
  stdout

pythonlogging:'': {{{
2016-02-22 10:12:29,844 28061 INFO     [tempest_lib.common.rest_client] Request (TestNetworkAdvancedServerOps:test_server_connectivity_pause_unpause): 200 POST http://10.4.1.3:8774/v2.1/ac62d940d5814eff9b1f36767b9f6bfa/os-keypairs 0.433s
2016-02-22 10:12:29,844 28061 DEBUG    [tempest_lib.common.rest_client] Request - Headers: {'Content-Type': 'application/json', 'Accept': 'application/json', 'X-Auth-Token': '&lt;omitted&gt;'}
        Body: {"keypair": {"name": "tempest-TestNetworkAdvancedServerOps-1973612157"}}
    Response - Headers: {'status': '200', 'content-length': '2330', 'x-compute-request-id': 'req-9c2bbca5-f550-4688-b6da-e7456dbd94e1', 'vary': 'X-OpenStack-Nova-API-Version', 'connection': 'close', 'x-openstack-nova-api-version': '2.1', 'date': 'Mon, 22 Feb 2016 10:12:29 GMT', 'content-type': 'application/json'}
        Body: {"keypair": {"public_key": "ssh-rsa AAAAB3NzaC1yc2EAAAADAQABAAABAQDKKAY0llaCLS0ubLk6Q93L2i2fUltzxrU3gE3dcA2OIcfdJ4fyzMv18Vkrjl++1VxywqoWvbIj9FjTw7/OW/OHiaQCSNhZTIW3jGZ9Vxbaa1TuN6odpEtIzj936zuXY1+kdXfmKNECih1iWGKs9GqaL+z+x/BUvDbqIccmi9jyv7AijwMf2NC7Gks7lZ9+0XRGHcdGpjtv2ml+LsV9I/WaYlQ+QYnT+80R8Bjf5Pbe17q6IwEbAm5+OmHp1RovtsTHa7myVdF3Lf25e7Xa+RwxuNau2eimX+7lcNEwJeheXPRpSEdopNmnxASsB8RVozHYGYAmr/RO9LtYyaXnCtv5 Generated-by-Nova", "private_key": "-----BEGIN RSA PRIVATE KEY-----\nMIIEqQIBAAKCAQEAyigGNJZWgi0tLmy5OkPdy9otn1Jbc8a1N4BN3XANjiHH3SeH\n8szL9fFZK45fvtVccsKqFr2yI/RY08O/zlvzh4mkAkjYWUyFt4xmfVcW2mtU7jeq\nHaRLSM4/d+s7l2NfpHV35ijRAoodYlhirPRqmi/s/sfwVLw26iHHJovY8r+wIo8D\nH9jQuxpLO5WfftF0Rh3HRqY7b9ppfi7FfSP1mmJUPkGJ0/vNEfAY3+T23te6uiMB\nGwJufjph6dUaL7bEx2u5slXRdy39uXu12vkcMbjWrtnopl/u5XDRMCXoXlz0aUhH\naKTZp8QErAfEVaMx2BmAJq/0TvS7WMml5wrb+QIDAQABAoIBACOXHFCRzzUn4vZz\nacDaRegnxzRveW5Oo4Tb79l2asyFIfzLguG6MIZiMUK71Bty0M3be7p5Ny2hTSor\nIk+gXKWWE+vbC0vdbwU7kKesd3eIwfEWl7qUPDTbKs1f+qPSePopPCynLvT1f+ra\niLTOax4uJdlNNgCVCk36GGeu40kJKc4COS5fHqw3StvCSHR6s/qAc9Rw3GTnFiZD\nLMn6MZiiG3ORJNv/PgClOd2Zaamhms+DVz6Z7BipB1TowTB1u3GqjaiySMsErSL0\nu9NbZCcWOJu6lxC32NCrw6Cw3E1Z8j1TWDOcci6bag4SZX86Ao2vDTrABcIIJNGy\nT7D7E6ECggCBAMuHt/jRz6UDwIdy+8yEf2d4o4lUHnfXDq8rAnqaP62JezlOM8Vx\nJVjgT0bpLdhAOEEf8QNk5w4zDour/PLiyPGPZWFBZ2DA3jXdnVUVf8nFa4+3xFi/\nUq97dCSai/oS+LWny2UtS7l1JCjZ6/I1Q5W8BzvhrVOgUo28Z3AK6S0NAoIAgQD+\nRaOgom477YiOgpiTrpdD2G24iTZ+pKfOFhVfI+Ej7SSbdIttkCR3IAdFXXWuxWxM\n+wS2LhJDhpCGMLUYUbN5VAaJttLOUJJATRKLuXcz7T9lAhtm6lC1TqObT/dGJwr4\ntCPgs63XqluBnhdN2kWRBc3Gjy17lVeFNfw0ohJnnQKCAIAtKuFZBrbeGAcSCCJ5\nMK5VeCBSyag5UDCiDxltu+2FxYzjGsfCeWmgX6c4RWc3JolVapFB/5KHRC1mMbTg\n8hNGCFynSKx4fFTT/2p7B1pknLtSGaYpS8w9xVfxB5so1Cz9o08wFO1JKwXrSvFh\nvxBQmnnAgETG2j131ufdpY45wQKCAIEAsIotR1Q/cQBEtZ1azf6EK6jS1TL/UQKF\nN4MBp6LDqCv4JK7QN2vCxarJIZH4KTYNMY1/AfYO3C9LnL+onI/tKin6uBblWjV6\ntYZNgBFu//CS+VBzMgsxqhBFa4ojxuNIrNB1sIdQBdLT4bSfvX/0mPIMovW5wHo5\n39VRnEGCwckCggCBAMYlQ6rCbfr09hwuL91e4ghdvTtwvC7XJJqNJ0HzAQcRRX49\nW4+eZiJ7buFLqiv9GZ6UGtqJIExEX7R6YIF6se3g4aK+iGWUrg1t+E/Oy45J+I9L\nCkk4b4yOo6vDHkBx89zaFgqUvyUk5Al1Ch9HmugolWOHv8wF6B3ZG3xHxzDO\n-----END RSA PRIVATE KEY-----\n", "user_id": "6bfa872b6aec4af2888ac425259a80c0", "name": "tempest-TestNetworkAdvancedServerOps-1973612157", "fingerprint": "71:80:2f:7f:26:f2:ab:d4:16:ba:c2:c9:23:e7:85:7e"}}
2016-02-22 10:12:30,282 28061 INFO     [tempest_lib.common.rest_client] Request (TestNetworkAdvancedServerOps:test_server_connectivity_pause_unpause): 201 POST http://10.4.1.3:9696/v2.0/security-groups 0.431s
2016-02-22 10:12:30,282 28061 DEBUG    [tempest_lib.common.rest_client] Request - Headers: {'Content-Type': 'application/json', 'Accept': 'application/json', 'X-Auth-Token': '&lt;omitted&gt;'}
        Body: {"security_group": {"tenant_id": "ac62d940d5814eff9b1f36767b9f6bfa", "description": "tempest-secgroup-smoke-1932374449 description", "name": "tempest-secgroup-smoke-1932374449"}}
    Response - Headers: {'status': '201', 'content-length': '888', 'connection': 'close', 'date': 'Mon, 22 Feb 2016 10:12:30 GMT', 'content-type': 'application/json; charset=UTF-8', 'x-openstack-request-id': 'req-084723fa-caf5-41c2-b2e1-a72c0760adb2'}
        Body: {"security_group": {"tenant_id": "ac62d940d5814eff9b1f36767b9f6bfa", "description": "tempest-secgroup-smoke-1932374449 description", "id": "5132454d-373e-4f32-82b0-0186a943ad7c", "security_group_rules": [{"remote_group_id": null, "direction": "egress", "remote_ip_prefix": null, "protocol": null, "ethertype": "IPv4", "tenant_id": "ac62d940d5814eff9b1f36767b9f6bfa", "port_range_max": null, "port_range_min": null, "id": "1b4dfefb-01ec-46a2-ac4c-f123f406f086", "security_group_id": "5132454d-373e-4f32-82b0-0186a943ad7c"}, {"remote_group_id": null, "direction": "egress", "remote_ip_prefix": null, "protocol": null, "ethertype": "IPv6", "tenant_id": "ac62d940d5814eff9b1f36767b9f6bfa", "port_range_max": null, "port_range_min": null, "id": "ee429700-9577-420b-bd28-2a20432842e6", "security_group_id": "5132454d-373e-4f32-82b0-0186a943ad7c"}], "name": "tempest-secgroup-smoke-1932374449"}}
2016-02-22 10:12:30,598 28061 INFO     [tempest_lib.common.rest_client] Request (TestNetworkAdvancedServerOps:test_server_connectivity_pause_unpause): 201 POST http://10.4.1.3:9696/v2.0/security-group-rules 0.314s
2016-02-22 10:12:30,599 28061 DEBUG    [tempest_lib.common.rest_client] Request - Headers: {'Content-Type': 'application/json', 'Accept': 'application/json', 'X-Auth-Token': '&lt;omitted&gt;'}
        Body: {"security_group_rule": {"direction": "ingress", "protocol": "tcp", "tenant_id": "ac62d940d5814eff9b1f36767b9f6bfa", "port_range_max": 22, "security_group_id": "5132454d-373e-4f32-82b0-0186a943ad7c", "port_range_min": 22}}
    Response - Headers: {'status': '201', 'content-length': '340', 'connection': 'close', 'date': 'Mon, 22 Feb 2016 10:12:30 GMT', 'content-type': 'application/json; charset=UTF-8', 'x-openstack-request-id': 'req-bc4c9af3-a651-4f9c-9f08-4c5b0472843d'}
        Body: {"security_group_rule": {"remote_group_id": null, "direction": "ingress", "remote_ip_prefix": null, "protocol": "tcp", "ethertype": "IPv4", "tenant_id": "ac62d940d5814eff9b1f36767b9f6bfa", "port_range_max": 22, "port_range_min": 22, "id": "d319b457-3acd-4b2d-8662-cdbee7109371", "security_group_id": "5132454d-373e-4f32-82b0-0186a943ad7c"}}
2016-02-22 10:12:30,903 28061 INFO     [tempest_lib.common.rest_client] Request (TestNetworkAdvancedServerOps:test_server_connectivity_pause_unpause): 201 POST http://10.4.1.3:9696/v2.0/security-group-rules 0.303s
2016-02-22 10:12:30,903 28061 DEBUG    [tempest_lib.common.rest_client] Request - Headers: {'Content-Type': 'application/json', 'Accept': 'application/json', 'X-Auth-Token': '&lt;omitted&gt;'}
        Body: {"security_group_rule": {"direction": "egress", "protocol": "tcp", "tenant_id": "ac62d940d5814eff9b1f36767b9f6bfa", "port_range_max": 22, "security_group_id": "5132454d-373e-4f32-82b0-0186a943ad7c", "port_range_min": 22}}
    Response - Headers: {'status': '201', 'content-length': '339', 'connection': 'close', 'date': 'Mon, 22 Feb 2016 10:12:30 GMT', 'content-type': 'application/json; charset=UTF-8', 'x-openstack-request-id': 'req-c2848968-197d-4e0b-8206-8ac40c75ef1c'}
        Body: {"security_group_rule": {"remote_group_id": null, "direction": "egress", "remote_ip_prefix": null, "protocol": "tcp", "ethertype": "IPv4", "tenant_id": "ac62d940d5814eff9b1f36767b9f6bfa", "port_range_max": 22, "port_range_min": 22, "id": "f2e6813d-7e17-4dfd-a390-6c1500d1bb22", "security_group_id": "5132454d-373e-4f32-82b0-0186a943ad7c"}}
2016-02-22 10:12:31,229 28061 INFO     [tempest_lib.common.rest_client] Request (TestNetworkAdvancedServerOps:test_server_connectivity_pause_unpause): 201 POST http://10.4.1.3:9696/v2.0/security-group-rules 0.325s
2016-02-22 10:12:31,230 28061 DEBUG    [tempest_lib.common.rest_client] Request - Headers: {'Content-Type': 'application/json', 'Accept': 'application/json', 'X-Auth-Token': '&lt;omitted&gt;'}
        Body: {"security_group_rule": {"tenant_id": "ac62d940d5814eff9b1f36767b9f6bfa", "direction": "ingress", "protocol": "icmp", "security_group_id": "5132454d-373e-4f32-82b0-0186a943ad7c"}}
    Response - Headers: {'status': '201', 'content-length': '345', 'connection': 'close', 'date': 'Mon, 22 Feb 2016 10:12:31 GMT', 'content-type': 'application/json; charset=UTF-8', 'x-openstack-request-id': 'req-ad9497cc-005f-4e95-a961-cdc977816503'}
        Body: {"security_group_rule": {"remote_group_id": null, "direction": "ingress", "remote_ip_prefix": null, "protocol": "icmp", "ethertype": "IPv4", "tenant_id": "ac62d940d5814eff9b1f36767b9f6bfa", "port_range_max": null, "port_range_min": null, "id": "599a2510-0ad9-4492-b4f2-09feec5ffac1", "security_group_id": "5132454d-373e-4f32-82b0-0186a943ad7c"}}
2016-02-22 10:12:31,556 28061 INFO     [tempest_lib.common.rest_client] Request (TestNetworkAdvancedServerOps:test_server_connectivity_pause_unpause): 201 POST http://10.4.1.3:9696/v2.0/security-group-rules 0.324s
2016-02-22 10:12:31,556 28061 DEBUG    [tempest_lib.common.rest_client] Request - Headers: {'Content-Type': 'application/json', 'Accept': 'application/json', 'X-Auth-Token': '&lt;omitted&gt;'}
        Body: {"security_group_rule": {"tenant_id": "ac62d940d5814eff9b1f36767b9f6bfa", "direction": "egress", "protocol": "icmp", "security_group_id": "5132454d-373e-4f32-82b0-0186a943ad7c"}}
    Response - Headers: {'status': '201', 'content-length': '344', 'connection': 'close', 'date': 'Mon, 22 Feb 2016 10:12:31 GMT', 'content-type': 'application/json; charset=UTF-8', 'x-openstack-request-id': 'req-b6f356c6-fd0f-46bd-a44c-39ae08796b69'}
        Body: {"security_group_rule": {"remote_group_id": null, "direction": "egress", "remote_ip_prefix": null, "protocol": "icmp", "ethertype": "IPv4", "tenant_id": "ac62d940d5814eff9b1f36767b9f6bfa", "port_range_max": null, "port_range_min": null, "id": "f1e19ea7-8c4a-4761-b669-3e5dfd588bb7", "security_group_id": "5132454d-373e-4f32-82b0-0186a943ad7c"}}
2016-02-22 10:12:31,883 28061 INFO     [tempest_lib.common.rest_client] Request (TestNetworkAdvancedServerOps:test_server_connectivity_pause_unpause): 201 POST http://10.4.1.3:9696/v2.0/security-group-rules 0.324s
2016-02-22 10:12:31,883 28061 DEBUG    [tempest_lib.common.rest_client] Request - Headers: {'Content-Type': 'application/json', 'Accept': 'application/json', 'X-Auth-Token': '&lt;omitted&gt;'}
        Body: {"security_group_rule": {"tenant_id": "ac62d940d5814eff9b1f36767b9f6bfa", "direction": "ingress", "security_group_id": "5132454d-373e-4f32-82b0-0186a943ad7c", "protocol": "icmp", "ethertype": "IPv6"}}
    Response - Headers: {'status': '201', 'content-length': '345', 'connection': 'close', 'date': 'Mon, 22 Feb 2016 10:12:31 GMT', 'content-type': 'application/json; charset=UTF-8', 'x-openstack-request-id': 'req-6bcf5102-a108-47a5-909a-963e1f94c08c'}
        Body: {"security_group_rule": {"remote_group_id": null, "direction": "ingress", "remote_ip_prefix": null, "protocol": "icmp", "ethertype": "IPv6", "tenant_id": "ac62d940d5814eff9b1f36767b9f6bfa", "port_range_max": null, "port_range_min": null, "id": "03cb22cd-068d-4fb2-9f46-a3cc174c93a6", "security_group_id": "5132454d-373e-4f32-82b0-0186a943ad7c"}}
2016-02-22 10:12:32,208 28061 INFO     [tempest_lib.common.rest_client] Request (TestNetworkAdvancedServerOps:test_server_connectivity_pause_unpause): 201 POST http://10.4.1.3:9696/v2.0/security-group-rules 0.323s
2016-02-22 10:12:32,208 28061 DEBUG    [tempest_lib.common.rest_client] Request - Headers: {'Content-Type': 'application/json', 'Accept': 'application/json', 'X-Auth-Token': '&lt;omitted&gt;'}
        Body: {"security_group_rule": {"tenant_id": "ac62d940d5814eff9b1f36767b9f6bfa", "direction": "egress", "security_group_id": "5132454d-373e-4f32-82b0-0186a943ad7c", "protocol": "icmp", "ethertype": "IPv6"}}
    Response - Headers: {'status': '201', 'content-length': '344', 'connection': 'close', 'date': 'Mon, 22 Feb 2016 10:12:32 GMT', 'content-type': 'application/json; charset=UTF-8', 'x-openstack-request-id': 'req-aede4be5-517c-4c52-9dc6-b2bd1def9a75'}
        Body: {"security_group_rule": {"remote_group_id": null, "direction": "egress", "remote_ip_prefix": null, "protocol": "icmp", "ethertype": "IPv6", "tenant_id": "ac62d940d5814eff9b1f36767b9f6bfa", "port_range_max": null, "port_range_min": null, "id": "8329a813-0ffb-4886-a5f1-9ab88e3d198b", "security_group_id": "5132454d-373e-4f32-82b0-0186a943ad7c"}}
2016-02-22 10:12:33,200 28061 INFO     [tempest_lib.common.rest_client] Request (TestNetworkAdvancedServerOps:test_server_connectivity_pause_unpause): 201 POST http://10.4.1.3:9696/v2.0/networks 0.990s
2016-02-22 10:12:33,201 28061 DEBUG    [tempest_lib.common.rest_client] Request - Headers: {'Content-Type': 'application/json', 'Accept': 'application/json', 'X-Auth-Token': '&lt;omitted&gt;'}
        Body: {"network": {"tenant_id": "ac62d940d5814eff9b1f36767b9f6bfa", "name": "tempest-network-smoke--148627340"}}
    Response - Headers: {'status': '201', 'content-length': '355', 'connection': 'close', 'date': 'Mon, 22 Feb 2016 10:12:33 GMT', 'content-type': 'application/json; charset=UTF-8', 'x-openstack-request-id': 'req-6a091468-44cd-4f13-9122-f2c7b98d09d3'}
        Body: {"network": {"status": "ACTIVE", "subnets": [], "availability_zone_hints": [], "availability_zones": [], "name": "tempest-network-smoke--148627340", "admin_state_up": true, "tenant_id": "ac62d940d5814eff9b1f36767b9f6bfa", "mtu": 1450, "router:external": false, "shared": false, "port_security_enabled": true, "id": "fb0ce8d0-4e2e-4ef4-a5df-08b2ce1a4a4d"}}
2016-02-22 10:12:33,503 28061 INFO     [tempest_lib.common.rest_client] Request (TestNetworkAdvancedServerOps:test_server_connectivity_pause_unpause): 201 POST http://10.4.1.3:9696/v2.0/routers 0.301s
2016-02-22 10:12:33,503 28061 DEBUG    [tempest_lib.common.rest_client] Request - Headers: {'Content-Type': 'application/json', 'Accept': 'application/json', 'X-Auth-Token': '&lt;omitted&gt;'}
        Body: {"router": {"tenant_id": "ac62d940d5814eff9b1f36767b9f6bfa", "name": "tempest-router-smoke-1425748200", "admin_state_up": true}}
    Response - Headers: {'status': '201', 'content-length': '239', 'connection': 'close', 'date': 'Mon, 22 Feb 2016 10:12:33 GMT', 'content-type': 'application/json; charset=UTF-8', 'x-openstack-request-id': 'req-15289b22-7570-4b8c-9d61-a01b98832607'}
        Body: {"router": {"status": "ACTIVE", "external_gateway_info": null, "name": "tempest-router-smoke-1425748200", "admin_state_up": true, "tenant_id": "ac62d940d5814eff9b1f36767b9f6bfa", "routes": [], "id": "d7e6fbe0-2774-4758-8367-8e3eab3ef44b"}}
2016-02-22 10:12:33,769 28061 INFO     [tempest_lib.common.rest_client] Request (TestNetworkAdvancedServerOps:test_server_connectivity_pause_unpause): 200 GET http://10.4.1.3:9696/v2.0/routers/d7e6fbe0-2774-4758-8367-8e3eab3ef44b 0.265s
2016-02-22 10:12:33,770 28061 DEBUG    [tempest_lib.common.rest_client] Request - Headers: {'Content-Type': 'application/json', 'Accept': 'application/json', 'X-Auth-Token': '&lt;omitted&gt;'}
        Body: None
    Response - Headers: {'status': '200', 'content-length': '239', 'content-location': 'http://10.4.1.3:9696/v2.0/routers/d7e6fbe0-2774-4758-8367-8e3eab3ef44b', 'connection': 'close', 'date': 'Mon, 22 Feb 2016 10:12:33 GMT', 'content-type': 'application/json; charset=UTF-8', 'x-openstack-request-id': 'req-087a5342-28e6-4cda-a9e9-e0a5e042aa3a'}
        Body: {"router": {"status": "ACTIVE", "external_gateway_info": null, "name": "tempest-router-smoke-1425748200", "admin_state_up": true, "tenant_id": "ac62d940d5814eff9b1f36767b9f6bfa", "routes": [], "id": "d7e6fbe0-2774-4758-8367-8e3eab3ef44b"}}
2016-02-22 10:12:34,628 28061 INFO     [tempest_lib.common.rest_client] Request (TestNetworkAdvancedServerOps:test_server_connectivity_pause_unpause): 200 PUT http://10.4.1.3:9696/v2.0/routers/d7e6fbe0-2774-4758-8367-8e3eab3ef44b 0.857s
2016-02-22 10:12:34,629 28061 DEBUG    [tempest_lib.common.rest_client] Request - Headers: {'Content-Type': 'application/json', 'Accept': 'application/json', 'X-Auth-Token': '&lt;omitted&gt;'}
        Body: {"router": {"external_gateway_info": {"network_id": "3f4ae98c-6ba3-42c3-846d-353d57457132"}, "name": "tempest-router-smoke-1425748200", "admin_state_up": true}}
    Response - Headers: {'status': '200', 'content-length': '501', 'connection': 'close', 'date': 'Mon, 22 Feb 2016 10:12:34 GMT', 'content-type': 'application/json; charset=UTF-8', 'x-openstack-request-id': 'req-d11e6a4e-7ca1-4bd3-9dd0-455a8761f410'}
        Body: {"router": {"status": "ACTIVE", "external_gateway_info": {"network_id": "3f4ae98c-6ba3-42c3-846d-353d57457132", "enable_snat": true, "external_fixed_ips": [{"subnet_id": "e54e7e09-4f04-4ef9-8f97-b00509e76e77", "ip_address": "172.24.4.3"}, {"subnet_id": "5c2cfb2d-db6a-4b32-ab18-d8fa4f0b2939", "ip_address": "2001:db8::3"}]}, "name": "tempest-router-smoke-1425748200", "admin_state_up": true, "tenant_id": "ac62d940d5814eff9b1f36767b9f6bfa", "routes": [], "id": "d7e6fbe0-2774-4758-8367-8e3eab3ef44b"}}
2016-02-22 10:12:34,915 28061 INFO     [tempest_lib.common.rest_client] Request (TestNetworkAdvancedServerOps:test_server_connectivity_pause_unpause): 200 GET http://10.4.1.3:9696/v2.0/subnets?tenant_id=ac62d940d5814eff9b1f36767b9f6bfa&amp;cidr=10.100.0.0%2F28 0.285s
2016-02-22 10:12:34,917 28061 DEBUG    [tempest_lib.common.rest_client] Request - Headers: {'Content-Type': 'application/json', 'Accept': 'application/json', 'X-Auth-Token': '&lt;omitted&gt;'}
        Body: None
    Response - Headers: {'status': '200', 'content-length': '15', 'content-location': 'http://10.4.1.3:9696/v2.0/subnets?tenant_id=ac62d940d5814eff9b1f36767b9f6bfa&amp;cidr=10.100.0.0%2F28', 'connection': 'close', 'date': 'Mon, 22 Feb 2016 10:12:34 GMT', 'content-type': 'application/json; charset=UTF-8', 'x-openstack-request-id': 'req-532e6dc3-fae5-467a-be4b-592f9f6a1382'}
        Body: {"subnets": []}
2016-02-22 10:12:35,579 28061 INFO     [tempest_lib.common.rest_client] Request (TestNetworkAdvancedServerOps:test_server_connectivity_pause_unpause): 201 POST http://10.4.1.3:9696/v2.0/subnets 0.660s
2016-02-22 10:12:35,580 28061 DEBUG    [tempest_lib.common.rest_client] Request - Headers: {'Content-Type': 'application/json', 'Accept': 'application/json', 'X-Auth-Token': '&lt;omitted&gt;'}
        Body: {"subnet": {"ip_version": 4, "tenant_id": "ac62d940d5814eff9b1f36767b9f6bfa", "cidr": "10.100.0.0/28", "network_id": "fb0ce8d0-4e2e-4ef4-a5df-08b2ce1a4a4d", "name": "tempest-subnet-smoke-809059398"}}
    Response - Headers: {'status': '201', 'content-length': '477', 'connection': 'close', 'date': 'Mon, 22 Feb 2016 10:12:35 GMT', 'content-type': 'application/json; charset=UTF-8', 'x-openstack-request-id': 'req-4d257593-5f95-4a5f-b662-c8ce690a11c8'}
        Body: {"subnet": {"name": "tempest-subnet-smoke-809059398", "enable_dhcp": true, "network_id": "fb0ce8d0-4e2e-4ef4-a5df-08b2ce1a4a4d", "tenant_id": "ac62d940d5814eff9b1f36767b9f6bfa", "dns_nameservers": [], "gateway_ip": "10.100.0.1", "ipv6_ra_mode": null, "allocation_pools": [{"start": "10.100.0.2", "end": "10.100.0.14"}], "host_routes": [], "ip_version": 4, "ipv6_address_mode": null, "cidr": "10.100.0.0/28", "id": "4da8095e-eeaf-4aec-8531-9851e6ba424d", "subnetpool_id": null}}
2016-02-22 10:12:36,353 28061 INFO     [tempest_lib.common.rest_client] Request (TestNetworkAdvancedServerOps:test_server_connectivity_pause_unpause): 200 PUT http://10.4.1.3:9696/v2.0/routers/d7e6fbe0-2774-4758-8367-8e3eab3ef44b/add_router_interface 0.771s
2016-02-22 10:12:36,353 28061 DEBUG    [tempest_lib.common.rest_client] Request - Headers: {'Content-Type': 'application/json', 'Accept': 'application/json', 'X-Auth-Token': '&lt;omitted&gt;'}
        Body: {"subnet_id": "4da8095e-eeaf-4aec-8531-9851e6ba424d"}
    Response - Headers: {'status': '200', 'content-length': '309', 'connection': 'close', 'date': 'Mon, 22 Feb 2016 10:12:36 GMT', 'content-type': 'application/json; charset=UTF-8', 'x-openstack-request-id': 'req-a8b6e43d-4a8a-4e22-b2ec-88c8de1e40b1'}
        Body: {"network_id": "fb0ce8d0-4e2e-4ef4-a5df-08b2ce1a4a4d", "tenant_id": "ac62d940d5814eff9b1f36767b9f6bfa", "subnet_id": "4da8095e-eeaf-4aec-8531-9851e6ba424d", "subnet_ids": ["4da8095e-eeaf-4aec-8531-9851e6ba424d"], "port_id": "09d84323-c7af-475d-9ddb-611827cd9070", "id": "d7e6fbe0-2774-4758-8367-8e3eab3ef44b"}
2016-02-22 10:12:36,518 28061 INFO     [tempest_lib.common.rest_client] Request (TestNetworkAdvancedServerOps:test_server_connectivity_pause_unpause): 200 POST http://10.4.1.3:5000/v2.0/tokens
2016-02-22 10:12:36,519 28061 DEBUG    [tempest_lib.common.rest_client] Request - Headers: {'Content-Type': 'application/json', 'Accept': 'application/json'}
        Body: &lt;omitted&gt;
    Response - Headers: {'status': '200', 'content-length': '2294', 'vary': 'X-Auth-Token', 'server': 'Apache/2.4.7 (Ubuntu)', 'connection': 'close', 'date': 'Mon, 22 Feb 2016 10:12:36 GMT', 'content-type': 'application/json', 'x-openstack-request-id': 'req-a11fb92d-8587-446c-8155-14fb41fdf7b9'}
        Body: {"access": {"token": {"issued_at": "2016-02-22T10:12:36.509041", "expires": "2016-02-22T11:12:36Z", "id": "e1c67a23ee0b473b9066ca1271dd8103", "tenant": {"description": "tempest-TestNetworkAdvancedServerOps-2116578638-desc", "enabled": true, "id": "ac62d940d5814eff9b1f36767b9f6bfa", "name": "tempest-TestNetworkAdvancedServerOps-2116578638"}, "audit_ids": ["NindEhkfSnamDxb-HUGWyA"]}, "serviceCatalog": [{"endpoints": [{"adminURL": "http://10.4.1.3:9292", "region": "RegionOne", "internalURL": "http://10.4.1.3:9292", "id": "305fe1c8dc584e65b8217daa2fc57446", "publicURL": "http://10.4.1.3:9292"}], "endpoints_links": [], "type": "image", "name": "glance"}, {"endpoints": [{"adminURL": "http://10.4.1.3:8774/v2.1/ac62d940d5814eff9b1f36767b9f6bfa", "region": "RegionOne", "internalURL": "http://10.4.1.3:8774/v2.1/ac62d940d5814eff9b1f36767b9f6bfa", "id": "142d2f9602aa4803a4dffa04ebde0226", "publicURL": "http://10.4.1.3:8774/v2.1/ac62d940d5814eff9b1f36767b9f6bfa"}], "endpoints_links": [], "type": "compute", "name": "nova"}, {"endpoints": [{"adminURL": "http://10.4.1.3:9696/", "region": "RegionOne", "internalURL": "http://10.4.1.3:9696/", "id": "0205299992bc4f5f90a1f6b220534f41", "publicURL": "http://10.4.1.3:9696/"}], "endpoints_links": [], "type": "network", "name": "neutron"}, {"endpoints": [{"adminURL": "http://10.4.1.3:35357/v2.0", "region": "RegionOne", "internalURL": "http://10.4.1.3:5000/v2.0", "id": "413427fa746b4297bd75e827884c2bc9", "publicURL": "http://10.4.1.3:5000/v2.0"}], "endpoints_links": [], "type": "identity", "name": "keystone"}, {"endpoints": [{"adminURL": "http://10.4.1.3:8774/v2/ac62d940d5814eff9b1f36767b9f6bfa", "region": "RegionOne", "internalURL": "http://10.4.1.3:8774/v2/ac62d940d5814eff9b1f36767b9f6bfa", "id": "2a29b0b527884332aed377123393fa76", "publicURL": "http://10.4.1.3:8774/v2/ac62d940d5814eff9b1f36767b9f6bfa"}], "endpoints_links": [], "type": "compute_legacy", "name": "nova_legacy"}], "user": {"username": "tempest-TestNetworkAdvancedServerOps-377217079", "roles_links": [], "id": "6bfa872b6aec4af2888ac425259a80c0", "roles": [{"name": "_member_"}, {"name": "Member"}], "name": "tempest-TestNetworkAdvancedServerOps-377217079"}, "metadata": {"is_admin": 0, "roles": ["9fe2ff9ee4384b1894a90878d3e92bab", "7ee7d22d709048a39f869d68ee4813a1"]}}}
2016-02-22 10:12:36,523 28061 DEBUG    [tempest.common.fixed_network] (TestNetworkAdvancedServerOps:test_server_connectivity_pause_unpause) No valid network provided or created, defaulting to fixed_network_name
2016-02-22 10:12:36,983 28061 INFO     [tempest_lib.common.rest_client] Request (TestNetworkAdvancedServerOps:test_server_connectivity_pause_unpause): 200 GET http://10.4.1.3:8774/v2.1/ac62d940d5814eff9b1f36767b9f6bfa/os-networks 0.459s
2016-02-22 10:12:36,983 28061 DEBUG    [tempest_lib.common.rest_client] Request - Headers: {'Content-Type': 'application/json', 'Accept': 'application/json', 'X-Auth-Token': '&lt;omitted&gt;'}
        Body: None
    Response - Headers: {'status': '200', 'content-length': '478', 'content-location': 'http://10.4.1.3:8774/v2.1/ac62d940d5814eff9b1f36767b9f6bfa/os-networks', 'x-compute-request-id': 'req-2593db6d-ec44-4633-b489-bc24623a3a94', 'vary': 'X-OpenStack-Nova-API-Version', 'connection': 'close', 'x-openstack-nova-api-version': '2.1', 'date': 'Mon, 22 Feb 2016 10:12:36 GMT', 'content-type': 'application/json'}
        Body: {"networks": [{"cidr_v6": null, "dns2": null, "dns1": null, "gateway": null, "broadcast": null, "netmask": null, "gateway_v6": null, "cidr": null, "label": "public", "id": "3f4ae98c-6ba3-42c3-846d-353d57457132", "netmask_v6": null}, {"cidr_v6": null, "dns2": null, "dns1": null, "gateway": null, "broadcast": null, "netmask": null, "gateway_v6": null, "cidr": null, "label": "tempest-network-smoke--148627340", "id": "fb0ce8d0-4e2e-4ef4-a5df-08b2ce1a4a4d", "netmask_v6": null}]}
2016-02-22 10:12:36,984 28061 WARNING  [tempest.common.fixed_network] (TestNetworkAdvancedServerOps:test_server_connectivity_pause_unpause) Network with name: private not found
2016-02-22 10:12:36,985 28061 INFO     [tempest.common.fixed_network] (TestNetworkAdvancedServerOps:test_server_connectivity_pause_unpause) Found network {} available for tenant
2016-02-22 10:12:39,969 28061 INFO     [tempest_lib.common.rest_client] Request (TestNetworkAdvancedServerOps:test_server_connectivity_pause_unpause): 202 POST http://10.4.1.3:8774/v2.1/ac62d940d5814eff9b1f36767b9f6bfa/servers 2.983s
2016-02-22 10:12:39,969 28061 DEBUG    [tempest_lib.common.rest_client] Request - Headers: {'Content-Type': 'application/json', 'Accept': 'application/json', 'X-Auth-Token': '&lt;omitted&gt;'}
        Body: {"server": {"name": "tempest-server-smoke-437008348", "imageRef": "f82e6a23-8fea-4313-810c-960b23d508d6", "key_name": "tempest-TestNetworkAdvancedServerOps-1973612157", "flavorRef": "42", "networks": [{"uuid": "fb0ce8d0-4e2e-4ef4-a5df-08b2ce1a4a4d"}], "security_groups": [{"name": "tempest-secgroup-smoke-1932374449"}]}}
    Response - Headers: {'status': '202', 'content-length': '460', 'x-compute-request-id': 'req-1582ae14-d79a-46b3-a4ad-275d503e028f', 'vary': 'X-OpenStack-Nova-API-Version', 'connection': 'close', 'location': 'http://10.4.1.3:8774/v2.1/ac62d940d5814eff9b1f36767b9f6bfa/servers/8da123d7-0f21-431c-872f-95cd6edbde3c', 'x-openstack-nova-api-version': '2.1', 'date': 'Mon, 22 Feb 2016 10:12:39 GMT', 'content-type': 'application/json'}
        Body: {"server": {"security_groups": [{"name": "tempest-secgroup-smoke-1932374449"}], "OS-DCF:diskConfig": "MANUAL", "id": "8da123d7-0f21-431c-872f-95cd6edbde3c", "links": [{"href": "http://10.4.1.3:8774/v2.1/ac62d940d5814eff9b1f36767b9f6bfa/servers/8da123d7-0f21-431c-872f-95cd6edbde3c", "rel": "self"}, {"href": "http://10.4.1.3:8774/ac62d940d5814eff9b1f36767b9f6bfa/servers/8da123d7-0f21-431c-872f-95cd6edbde3c", "rel": "bookmark"}], "adminPass": "LLdFvvQdpT9s"}}
2016-02-22 10:12:40,450 28061 INFO     [tempest_lib.common.rest_client] Request (TestNetworkAdvancedServerOps:test_server_connectivity_pause_unpause): 200 GET http://10.4.1.3:8774/v2.1/ac62d940d5814eff9b1f36767b9f6bfa/servers/8da123d7-0f21-431c-872f-95cd6edbde3c 0.476s
2016-02-22 10:12:40,451 28061 DEBUG    [tempest_lib.common.rest_client] Request - Headers: {'Content-Type': 'application/json', 'Accept': 'application/json', 'X-Auth-Token': '&lt;omitted&gt;'}
        Body: None
    Response - Headers: {'status': '200', 'content-length': '1349', 'content-location': 'http://10.4.1.3:8774/v2.1/ac62d940d5814eff9b1f36767b9f6bfa/servers/8da123d7-0f21-431c-872f-95cd6edbde3c', 'x-compute-request-id': 'req-ab432371-b8e2-4cb5-8f7e-dff15a9a7aee', 'vary': 'X-OpenStack-Nova-API-Version', 'connection': 'close', 'x-openstack-nova-api-version': '2.1', 'date': 'Mon, 22 Feb 2016 10:12:40 GMT', 'content-type': 'application/json'}
        Body: {"server": {"status": "BUILD", "updated": "2016-02-22T10:12:40Z", "hostId": "", "addresses": {}, "links": [{"href": "http://10.4.1.3:8774/v2.1/ac62d940d5814eff9b1f36767b9f6bfa/servers/8da123d7-0f21-431c-872f-95cd6edbde3c", "rel": "self"}, {"href": "http://10.4.1.3:8774/ac62d940d5814eff9b1f36767b9f6bfa/servers/8da123d7-0f21-431c-872f-95cd6edbde3c", "rel": "bookmark"}], "key_name": "tempest-TestNetworkAdvancedServerOps-1973612157", "image": {"id": "f82e6a23-8fea-4313-810c-960b23d508d6", "links": [{"href": "http://10.4.1.3:8774/ac62d940d5814eff9b1f36767b9f6bfa/images/f82e6a23-8fea-4313-810c-960b23d508d6", "rel": "bookmark"}]}, "OS-EXT-STS:task_state": "scheduling", "OS-EXT-STS:vm_state": "building", "OS-SRV-USG:launched_at": null, "flavor": {"id": "42", "links": [{"href": "http://10.4.1.3:8774/ac62d940d5814eff9b1f36767b9f6bfa/flavors/42", "rel": "bookmark"}]}, "id": "8da123d7-0f21-431c-872f-95cd6edbde3c", "OS-SRV-USG:terminated_at": null, "OS-EXT-AZ:availability_zone": "", "user_id": "6bfa872b6aec4af2888ac425259a80c0", "name": "tempest-server-smoke-437008348", "created": "2016-02-22T10:12:39Z", "tenant_id": "ac62d940d5814eff9b1f36767b9f6bfa", "OS-DCF:diskConfig": "MANUAL", "os-extended-volumes:volumes_attached": [], "accessIPv4": "", "accessIPv6": "", "progress": 0, "OS-EXT-STS:power_state": 0, "config_drive": "", "metadata": {}}}
2016-02-22 10:12:42,053 28061 INFO     [tempest_lib.common.rest_client] Request (TestNetworkAdvancedServerOps:test_server_connectivity_pause_unpause): 200 GET http://10.4.1.3:8774/v2.1/ac62d940d5814eff9b1f36767b9f6bfa/servers/8da123d7-0f21-431c-872f-95cd6edbde3c 0.590s
2016-02-22 10:12:42,053 28061 DEBUG    [tempest_lib.common.rest_client] Request - Headers: {'Content-Type': 'application/json', 'Accept': 'application/json', 'X-Auth-Token': '&lt;omitted&gt;'}
        Body: None
    Response - Headers: {'status': '200', 'content-length': '1407', 'content-location': 'http://10.4.1.3:8774/v2.1/ac62d940d5814eff9b1f36767b9f6bfa/servers/8da123d7-0f21-431c-872f-95cd6edbde3c', 'x-compute-request-id': 'req-48afeaa9-3f68-4729-b719-f7478f01fbda', 'vary': 'X-OpenStack-Nova-API-Version', 'connection': 'close', 'x-openstack-nova-api-version': '2.1', 'date': 'Mon, 22 Feb 2016 10:12:42 GMT', 'content-type': 'application/json'}
        Body: {"server": {"status": "BUILD", "updated": "2016-02-22T10:12:41Z", "hostId": "b38199ea11605bd9d23a2f5fbeb69dea5ac218e8298dc55108a2a3d7", "addresses": {}, "links": [{"href": "http://10.4.1.3:8774/v2.1/ac62d940d5814eff9b1f36767b9f6bfa/servers/8da123d7-0f21-431c-872f-95cd6edbde3c", "rel": "self"}, {"href": "http://10.4.1.3:8774/ac62d940d5814eff9b1f36767b9f6bfa/servers/8da123d7-0f21-431c-872f-95cd6edbde3c", "rel": "bookmark"}], "key_name": "tempest-TestNetworkAdvancedServerOps-1973612157", "image": {"id": "f82e6a23-8fea-4313-810c-960b23d508d6", "links": [{"href": "http://10.4.1.3:8774/ac62d940d5814eff9b1f36767b9f6bfa/images/f82e6a23-8fea-4313-810c-960b23d508d6", "rel": "bookmark"}]}, "OS-EXT-STS:task_state": "spawning", "OS-EXT-STS:vm_state": "building", "OS-SRV-USG:launched_at": null, "flavor": {"id": "42", "links": [{"href": "http://10.4.1.3:8774/ac62d940d5814eff9b1f36767b9f6bfa/flavors/42", "rel": "bookmark"}]}, "id": "8da123d7-0f21-431c-872f-95cd6edbde3c", "OS-SRV-USG:terminated_at": null, "OS-EXT-AZ:availability_zone": "nova", "user_id": "6bfa872b6aec4af2888ac425259a80c0", "name": "tempest-server-smoke-437008348", "created": "2016-02-22T10:12:39Z", "tenant_id": "ac62d940d5814eff9b1f36767b9f6bfa", "OS-DCF:diskConfig": "MANUAL", "os-extended-volumes:volumes_attached": [], "accessIPv4": "", "accessIPv6": "", "progress": 0, "OS-EXT-STS:power_state": 0, "config_drive": "", "metadata": {}}}
2016-02-22 10:12:42,063 28061 INFO     [tempest.common.waiters] State transition "BUILD/scheduling" ==&gt; "BUILD/spawning" after 2 second wait
2016-02-22 10:12:43,972 28061 INFO     [tempest_lib.common.rest_client] Request (TestNetworkAdvancedServerOps:test_server_connectivity_pause_unpause): 200 GET http://10.4.1.3:8774/v2.1/ac62d940d5814eff9b1f36767b9f6bfa/servers/8da123d7-0f21-431c-872f-95cd6edbde3c 0.908s
2016-02-22 10:12:43,972 28061 DEBUG    [tempest_lib.common.rest_client] Request - Headers: {'Content-Type': 'application/json', 'Accept': 'application/json', 'X-Auth-Token': '&lt;omitted&gt;'}
        Body: None
    Response - Headers: {'status': '200', 'content-length': '1475', 'content-location': 'http://10.4.1.3:8774/v2.1/ac62d940d5814eff9b1f36767b9f6bfa/servers/8da123d7-0f21-431c-872f-95cd6edbde3c', 'x-compute-request-id': 'req-17e9cee8-7c96-4498-98a2-33022e173995', 'vary': 'X-OpenStack-Nova-API-Version', 'connection': 'close', 'x-openstack-nova-api-version': '2.1', 'date': 'Mon, 22 Feb 2016 10:12:43 GMT', 'content-type': 'application/json'}
        Body: {"server": {"status": "BUILD", "updated": "2016-02-22T10:12:41Z", "hostId": "b38199ea11605bd9d23a2f5fbeb69dea5ac218e8298dc55108a2a3d7", "addresses": {}, "links": [{"href": "http://10.4.1.3:8774/v2.1/ac62d940d5814eff9b1f36767b9f6bfa/servers/8da123d7-0f21-431c-872f-95cd6edbde3c", "rel": "self"}, {"href": "http://10.4.1.3:8774/ac62d940d5814eff9b1f36767b9f6bfa/servers/8da123d7-0f21-431c-872f-95cd6edbde3c", "rel": "bookmark"}], "key_name": "tempest-TestNetworkAdvancedServerOps-1973612157", "image": {"id": "f82e6a23-8fea-4313-810c-960b23d508d6", "links": [{"href": "http://10.4.1.3:8774/ac62d940d5814eff9b1f36767b9f6bfa/images/f82e6a23-8fea-4313-810c-960b23d508d6", "rel": "bookmark"}]}, "OS-EXT-STS:task_state": "spawning", "OS-EXT-STS:vm_state": "building", "OS-SRV-USG:launched_at": null, "flavor": {"id": "42", "links": [{"href": "http://10.4.1.3:8774/ac62d940d5814eff9b1f36767b9f6bfa/flavors/42", "rel": "bookmark"}]}, "id": "8da123d7-0f21-431c-872f-95cd6edbde3c", "security_groups": [{"name": "tempest-secgroup-smoke-1932374449"}], "OS-SRV-USG:terminated_at": null, "OS-EXT-AZ:availability_zone": "nova", "user_id": "6bfa872b6aec4af2888ac425259a80c0", "name": "tempest-server-smoke-437008348", "created": "2016-02-22T10:12:39Z", "tenant_id": "ac62d940d5814eff9b1f36767b9f6bfa", "OS-DCF:diskConfig": "MANUAL", "os-extended-volumes:volumes_attached": [], "accessIPv4": "", "accessIPv6": "", "progress": 0, "OS-EXT-STS:power_state": 0, "config_drive": "", "metadata": {}}}
2016-02-22 10:12:45,887 28061 INFO     [tempest_lib.common.rest_client] Request (TestNetworkAdvancedServerOps:test_server_connectivity_pause_unpause): 200 GET http://10.4.1.3:8774/v2.1/ac62d940d5814eff9b1f36767b9f6bfa/servers/8da123d7-0f21-431c-872f-95cd6edbde3c 0.904s
2016-02-22 10:12:45,888 28061 DEBUG    [tempest_lib.common.rest_client] Request - Headers: {'Content-Type': 'application/json', 'Accept': 'application/json', 'X-Auth-Token': '&lt;omitted&gt;'}
        Body: None
    Response - Headers: {'status': '200', 'content-length': '1475', 'content-location': 'http://10.4.1.3:8774/v2.1/ac62d940d5814eff9b1f36767b9f6bfa/servers/8da123d7-0f21-431c-872f-95cd6edbde3c', 'x-compute-request-id': 'req-214af685-5ac8-46fd-870a-3ad07ddcbdbf', 'vary': 'X-OpenStack-Nova-API-Version', 'connection': 'close', 'x-openstack-nova-api-version': '2.1', 'date': 'Mon, 22 Feb 2016 10:12:45 GMT', 'content-type': 'application/json'}
        Body: {"server": {"status": "BUILD", "updated": "2016-02-22T10:12:41Z", "hostId": "b38199ea11605bd9d23a2f5fbeb69dea5ac218e8298dc55108a2a3d7", "addresses": {}, "links": [{"href": "http://10.4.1.3:8774/v2.1/ac62d940d5814eff9b1f36767b9f6bfa/servers/8da123d7-0f21-431c-872f-95cd6edbde3c", "rel": "self"}, {"href": "http://10.4.1.3:8774/ac62d940d5814eff9b1f36767b9f6bfa/servers/8da123d7-0f21-431c-872f-95cd6edbde3c", "rel": "bookmark"}], "key_name": "tempest-TestNetworkAdvancedServerOps-1973612157", "image": {"id": "f82e6a23-8fea-4313-810c-960b23d508d6", "links": [{"href": "http://10.4.1.3:8774/ac62d940d5814eff9b1f36767b9f6bfa/images/f82e6a23-8fea-4313-810c-960b23d508d6", "rel": "bookmark"}]}, "OS-EXT-STS:task_state": "spawning", "OS-EXT-STS:vm_state": "building", "OS-SRV-USG:launched_at": null, "flavor": {"id": "42", "links": [{"href": "http://10.4.1.3:8774/ac62d940d5814eff9b1f36767b9f6bfa/flavors/42", "rel": "bookmark"}]}, "id": "8da123d7-0f21-431c-872f-95cd6edbde3c", "security_groups": [{"name": "tempest-secgroup-smoke-1932374449"}], "OS-SRV-USG:terminated_at": null, "OS-EXT-AZ:availability_zone": "nova", "user_id": "6bfa872b6aec4af2888ac425259a80c0", "name": "tempest-server-smoke-437008348", "created": "2016-02-22T10:12:39Z", "tenant_id": "ac62d940d5814eff9b1f36767b9f6bfa", "OS-DCF:diskConfig": "MANUAL", "os-extended-volumes:volumes_attached": [], "accessIPv4": "", "accessIPv6": "", "progress": 0, "OS-EXT-STS:power_state": 0, "config_drive": "", "metadata": {}}}
2016-02-22 10:12:47,585 28061 INFO     [tempest_lib.common.rest_client] Request (TestNetworkAdvancedServerOps:test_server_connectivity_pause_unpause): 200 GET http://10.4.1.3:8774/v2.1/ac62d940d5814eff9b1f36767b9f6bfa/servers/8da123d7-0f21-431c-872f-95cd6edbde3c 0.678s
2016-02-22 10:12:47,586 28061 DEBUG    [tempest_lib.common.rest_client] Request - Headers: {'Content-Type': 'application/json', 'Accept': 'application/json', 'X-Auth-Token': '&lt;omitted&gt;'}
        Body: None
    Response - Headers: {'status': '200', 'content-length': '1646', 'content-location': 'http://10.4.1.3:8774/v2.1/ac62d940d5814eff9b1f36767b9f6bfa/servers/8da123d7-0f21-431c-872f-95cd6edbde3c', 'x-compute-request-id': 'req-3edc884f-d259-4ada-90a1-c8ac2f2c75ec', 'vary': 'X-OpenStack-Nova-API-Version', 'connection': 'close', 'x-openstack-nova-api-version': '2.1', 'date': 'Mon, 22 Feb 2016 10:12:47 GMT', 'content-type': 'application/json'}
        Body: {"server": {"status": "ACTIVE", "updated": "2016-02-22T10:12:46Z", "hostId": "b38199ea11605bd9d23a2f5fbeb69dea5ac218e8298dc55108a2a3d7", "addresses": {"tempest-network-smoke--148627340": [{"OS-EXT-IPS-MAC:mac_addr": "fa:16:3e:31:fa:23", "version": 4, "addr": "10.100.0.3", "OS-EXT-IPS:type": "fixed"}]}, "links": [{"href": "http://10.4.1.3:8774/v2.1/ac62d940d5814eff9b1f36767b9f6bfa/servers/8da123d7-0f21-431c-872f-95cd6edbde3c", "rel": "self"}, {"href": "http://10.4.1.3:8774/ac62d940d5814eff9b1f36767b9f6bfa/servers/8da123d7-0f21-431c-872f-95cd6edbde3c", "rel": "bookmark"}], "key_name": "tempest-TestNetworkAdvancedServerOps-1973612157", "image": {"id": "f82e6a23-8fea-4313-810c-960b23d508d6", "links": [{"href": "http://10.4.1.3:8774/ac62d940d5814eff9b1f36767b9f6bfa/images/f82e6a23-8fea-4313-810c-960b23d508d6", "rel": "bookmark"}]}, "OS-EXT-STS:task_state": null, "OS-EXT-STS:vm_state": "active", "OS-SRV-USG:launched_at": "2016-02-22T10:12:46.000000", "flavor": {"id": "42", "links": [{"href": "http://10.4.1.3:8774/ac62d940d5814eff9b1f36767b9f6bfa/flavors/42", "rel": "bookmark"}]}, "id": "8da123d7-0f21-431c-872f-95cd6edbde3c", "security_groups": [{"name": "tempest-secgroup-smoke-1932374449"}], "OS-SRV-USG:terminated_at": null, "OS-EXT-AZ:availability_zone": "nova", "user_id": "6bfa872b6aec4af2888ac425259a80c0", "name": "tempest-server-smoke-437008348", "created": "2016-02-22T10:12:39Z", "tenant_id": "ac62d940d5814eff9b1f36767b9f6bfa", "OS-DCF:diskConfig": "MANUAL", "os-extended-volumes:volumes_attached": [], "accessIPv4": "", "accessIPv6": "", "progress": 0, "OS-EXT-STS:power_state": 1, "config_drive": "True", "metadata": {}}}
2016-02-22 10:12:47,594 28061 INFO     [tempest.common.waiters] State transition "BUILD/spawning" ==&gt; "ACTIVE/None" after 7 second wait
2016-02-22 10:12:48,224 28061 INFO     [tempest_lib.common.rest_client] Request (TestNetworkAdvancedServerOps:test_server_connectivity_pause_unpause): 200 GET http://10.4.1.3:8774/v2.1/ac62d940d5814eff9b1f36767b9f6bfa/servers/8da123d7-0f21-431c-872f-95cd6edbde3c 0.628s
2016-02-22 10:12:48,224 28061 DEBUG    [tempest_lib.common.rest_client] Request - Headers: {'Content-Type': 'application/json', 'Accept': 'application/json', 'X-Auth-Token': '&lt;omitted&gt;'}
        Body: None
    Response - Headers: {'status': '200', 'content-length': '1646', 'content-location': 'http://10.4.1.3:8774/v2.1/ac62d940d5814eff9b1f36767b9f6bfa/servers/8da123d7-0f21-431c-872f-95cd6edbde3c', 'x-compute-request-id': 'req-baff342a-4ecb-4360-94b8-92dbd7bb5160', 'vary': 'X-OpenStack-Nova-API-Version', 'connection': 'close', 'x-openstack-nova-api-version': '2.1', 'date': 'Mon, 22 Feb 2016 10:12:48 GMT', 'content-type': 'application/json'}
        Body: {"server": {"status": "ACTIVE", "updated": "2016-02-22T10:12:46Z", "hostId": "b38199ea11605bd9d23a2f5fbeb69dea5ac218e8298dc55108a2a3d7", "addresses": {"tempest-network-smoke--148627340": [{"OS-EXT-IPS-MAC:mac_addr": "fa:16:3e:31:fa:23", "version": 4, "addr": "10.100.0.3", "OS-EXT-IPS:type": "fixed"}]}, "links": [{"href": "http://10.4.1.3:8774/v2.1/ac62d940d5814eff9b1f36767b9f6bfa/servers/8da123d7-0f21-431c-872f-95cd6edbde3c", "rel": "self"}, {"href": "http://10.4.1.3:8774/ac62d940d5814eff9b1f36767b9f6bfa/servers/8da123d7-0f21-431c-872f-95cd6edbde3c", "rel": "bookmark"}], "key_name": "tempest-TestNetworkAdvancedServerOps-1973612157", "image": {"id": "f82e6a23-8fea-4313-810c-960b23d508d6", "links": [{"href": "http://10.4.1.3:8774/ac62d940d5814eff9b1f36767b9f6bfa/images/f82e6a23-8fea-4313-810c-960b23d508d6", "rel": "bookmark"}]}, "OS-EXT-STS:task_state": null, "OS-EXT-STS:vm_state": "active", "OS-SRV-USG:launched_at": "2016-02-22T10:12:46.000000", "flavor": {"id": "42", "links": [{"href": "http://10.4.1.3:8774/ac62d940d5814eff9b1f36767b9f6bfa/flavors/42", "rel": "bookmark"}]}, "id": "8da123d7-0f21-431c-872f-95cd6edbde3c", "security_groups": [{"name": "tempest-secgroup-smoke-1932374449"}], "OS-SRV-USG:terminated_at": null, "OS-EXT-AZ:availability_zone": "nova", "user_id": "6bfa872b6aec4af2888ac425259a80c0", "name": "tempest-server-smoke-437008348", "created": "2016-02-22T10:12:39Z", "tenant_id": "ac62d940d5814eff9b1f36767b9f6bfa", "OS-DCF:diskConfig": "MANUAL", "os-extended-volumes:volumes_attached": [], "accessIPv4": "", "accessIPv6": "", "progress": 0, "OS-EXT-STS:power_state": 1, "config_drive": "True", "metadata": {}}}
2016-02-22 10:12:48,438 28061 INFO     [tempest_lib.common.rest_client] Request (TestNetworkAdvancedServerOps:test_server_connectivity_pause_unpause): 200 GET http://10.4.1.3:9696/v2.0/ports?fixed_ip=None&amp;device_id=8da123d7-0f21-431c-872f-95cd6edbde3c 0.206s
2016-02-22 10:12:48,439 28061 DEBUG    [tempest_lib.common.rest_client] Request - Headers: {'Content-Type': 'application/json', 'Accept': 'application/json', 'X-Auth-Token': '&lt;omitted&gt;'}
        Body: None
    Response - Headers: {'status': '200', 'content-length': '755', 'content-location': 'http://10.4.1.3:9696/v2.0/ports?fixed_ip=None&amp;device_id=8da123d7-0f21-431c-872f-95cd6edbde3c', 'connection': 'close', 'date': 'Mon, 22 Feb 2016 10:12:48 GMT', 'content-type': 'application/json; charset=UTF-8', 'x-openstack-request-id': 'req-c262800d-adba-4777-b45b-29bde58132f1'}
        Body: {"ports": [{"status": "ACTIVE", "binding:host_id": "vagrant-ubuntu-trusty-64", "name": "", "allowed_address_pairs": [], "admin_state_up": true, "network_id": "fb0ce8d0-4e2e-4ef4-a5df-08b2ce1a4a4d", "tenant_id": "ac62d940d5814eff9b1f36767b9f6bfa", "extra_dhcp_opts": [], "mac_address": "fa:16:3e:31:fa:23", "binding:vif_details": {"port_filter": true}, "binding:vif_type": "ovs", "device_owner": "compute:None", "binding:profile": {}, "port_security_enabled": true, "binding:vnic_type": "normal", "fixed_ips": [{"subnet_id": "4da8095e-eeaf-4aec-8531-9851e6ba424d", "ip_address": "10.100.0.3"}], "id": "99109829-ae6d-4378-9dbf-7d1c6ad44236", "security_groups": ["5132454d-373e-4f32-82b0-0186a943ad7c"], "device_id": "8da123d7-0f21-431c-872f-95cd6edbde3c"}]}
2016-02-22 10:12:49,076 28061 INFO     [tempest_lib.common.rest_client] Request (TestNetworkAdvancedServerOps:test_server_connectivity_pause_unpause): 201 POST http://10.4.1.3:9696/v2.0/floatingips 0.636s
2016-02-22 10:12:49,076 28061 DEBUG    [tempest_lib.common.rest_client] Request - Headers: {'Content-Type': 'application/json', 'Accept': 'application/json', 'X-Auth-Token': '&lt;omitted&gt;'}
        Body: {"floatingip": {"floating_network_id": "3f4ae98c-6ba3-42c3-846d-353d57457132", "tenant_id": "ac62d940d5814eff9b1f36767b9f6bfa", "fixed_ip_address": "10.100.0.3", "port_id": "99109829-ae6d-4378-9dbf-7d1c6ad44236"}}
    Response - Headers: {'status': '201', 'content-length': '369', 'connection': 'close', 'date': 'Mon, 22 Feb 2016 10:12:49 GMT', 'content-type': 'application/json; charset=UTF-8', 'x-openstack-request-id': 'req-02567586-cfcc-4e3d-a788-b79922d99295'}
        Body: {"floatingip": {"floating_network_id": "3f4ae98c-6ba3-42c3-846d-353d57457132", "router_id": "d7e6fbe0-2774-4758-8367-8e3eab3ef44b", "fixed_ip_address": "10.100.0.3", "floating_ip_address": "172.24.4.4", "tenant_id": "ac62d940d5814eff9b1f36767b9f6bfa", "status": "ACTIVE", "port_id": "99109829-ae6d-4378-9dbf-7d1c6ad44236", "id": "fc6ad425-786f-46b5-b4fd-1b8741feb490"}}
2016-02-22 10:12:49,749 28061 INFO     [tempest_lib.common.rest_client] Request (TestNetworkAdvancedServerOps:test_server_connectivity_pause_unpause): 200 GET http://10.4.1.3:8774/v2.1/ac62d940d5814eff9b1f36767b9f6bfa/servers/8da123d7-0f21-431c-872f-95cd6edbde3c 0.672s
2016-02-22 10:12:49,750 28061 DEBUG    [tempest_lib.common.rest_client] Request - Headers: {'Content-Type': 'application/json', 'Accept': 'application/json', 'X-Auth-Token': '&lt;omitted&gt;'}
        Body: None
    Response - Headers: {'status': '200', 'content-length': '1646', 'content-location': 'http://10.4.1.3:8774/v2.1/ac62d940d5814eff9b1f36767b9f6bfa/servers/8da123d7-0f21-431c-872f-95cd6edbde3c', 'x-compute-request-id': 'req-c818626a-077b-48f6-89c9-b90e3fd866a7', 'vary': 'X-OpenStack-Nova-API-Version', 'connection': 'close', 'x-openstack-nova-api-version': '2.1', 'date': 'Mon, 22 Feb 2016 10:12:49 GMT', 'content-type': 'application/json'}
        Body: {"server": {"status": "ACTIVE", "updated": "2016-02-22T10:12:46Z", "hostId": "b38199ea11605bd9d23a2f5fbeb69dea5ac218e8298dc55108a2a3d7", "addresses": {"tempest-network-smoke--148627340": [{"OS-EXT-IPS-MAC:mac_addr": "fa:16:3e:31:fa:23", "version": 4, "addr": "10.100.0.3", "OS-EXT-IPS:type": "fixed"}]}, "links": [{"href": "http://10.4.1.3:8774/v2.1/ac62d940d5814eff9b1f36767b9f6bfa/servers/8da123d7-0f21-431c-872f-95cd6edbde3c", "rel": "self"}, {"href": "http://10.4.1.3:8774/ac62d940d5814eff9b1f36767b9f6bfa/servers/8da123d7-0f21-431c-872f-95cd6edbde3c", "rel": "bookmark"}], "key_name": "tempest-TestNetworkAdvancedServerOps-1973612157", "image": {"id": "f82e6a23-8fea-4313-810c-960b23d508d6", "links": [{"href": "http://10.4.1.3:8774/ac62d940d5814eff9b1f36767b9f6bfa/images/f82e6a23-8fea-4313-810c-960b23d508d6", "rel": "bookmark"}]}, "OS-EXT-STS:task_state": null, "OS-EXT-STS:vm_state": "active", "OS-SRV-USG:launched_at": "2016-02-22T10:12:46.000000", "flavor": {"id": "42", "links": [{"href": "http://10.4.1.3:8774/ac62d940d5814eff9b1f36767b9f6bfa/flavors/42", "rel": "bookmark"}]}, "id": "8da123d7-0f21-431c-872f-95cd6edbde3c", "security_groups": [{"name": "tempest-secgroup-smoke-1932374449"}], "OS-SRV-USG:terminated_at": null, "OS-EXT-AZ:availability_zone": "nova", "user_id": "6bfa872b6aec4af2888ac425259a80c0", "name": "tempest-server-smoke-437008348", "created": "2016-02-22T10:12:39Z", "tenant_id": "ac62d940d5814eff9b1f36767b9f6bfa", "OS-DCF:diskConfig": "MANUAL", "os-extended-volumes:volumes_attached": [], "accessIPv4": "", "accessIPv6": "", "progress": 0, "OS-EXT-STS:power_state": 1, "config_drive": "True", "metadata": {}}}
2016-02-22 10:12:49,759 28061 INFO     [tempest.scenario.manager] Tenant networks not configured to be reachable.
2016-02-22 10:12:49,953 28061 INFO     [tempest_lib.common.rest_client] Request (TestNetworkAdvancedServerOps:test_server_connectivity_pause_unpause): 200 GET http://10.4.1.3:9696/v2.0/floatingips/fc6ad425-786f-46b5-b4fd-1b8741feb490 0.193s
2016-02-22 10:12:49,953 28061 DEBUG    [tempest_lib.common.rest_client] Request - Headers: {'Content-Type': 'application/json', 'Accept': 'application/json', 'X-Auth-Token': '&lt;omitted&gt;'}
        Body: None
    Response - Headers: {'status': '200', 'content-length': '369', 'content-location': 'http://10.4.1.3:9696/v2.0/floatingips/fc6ad425-786f-46b5-b4fd-1b8741feb490', 'connection': 'close', 'date': 'Mon, 22 Feb 2016 10:12:49 GMT', 'content-type': 'application/json; charset=UTF-8', 'x-openstack-request-id': 'req-9d3a0175-045b-4ee5-b061-01498944ef60'}
        Body: {"floatingip": {"floating_network_id": "3f4ae98c-6ba3-42c3-846d-353d57457132", "router_id": "d7e6fbe0-2774-4758-8367-8e3eab3ef44b", "fixed_ip_address": "10.100.0.3", "floating_ip_address": "172.24.4.4", "tenant_id": "ac62d940d5814eff9b1f36767b9f6bfa", "status": "ACTIVE", "port_id": "99109829-ae6d-4378-9dbf-7d1c6ad44236", "id": "fc6ad425-786f-46b5-b4fd-1b8741feb490"}}
2016-02-22 10:12:49,954 28061 INFO     [tempest.scenario.manager] FloatingIP: &lt;"FloatingIP" addr="172.24.4.4" id="fc6ad425-786f-46b5-b4fd-1b8741feb490"&gt; is at status: ACTIVE
2016-02-22 10:12:49,954 28061 DEBUG    [tempest.scenario.manager] checking network connections to IP 172.24.4.4 with user: cirros
2016-02-22 10:12:49,954 28061 DEBUG    [tempest.scenario.manager] TestNetworkAdvancedServerOps:test_server_connectivity_pause_unpause begins to ping 172.24.4.4 in 120 sec and the expected result is reachable
2016-02-22 10:14:50,526 28061 DEBUG    [tempest.scenario.manager] TestNetworkAdvancedServerOps:test_server_connectivity_pause_unpause finishes ping 172.24.4.4 in 120 sec and the ping result is unexpected
2016-02-22 10:14:50,528 28061 ERROR    [tempest.scenario.manager] Public network connectivity check failed
2016-02-22 10:14:50.528 28061 ERROR tempest.scenario.manager Traceback (most recent call last):
2016-02-22 10:14:50.528 28061 ERROR tempest.scenario.manager   File "tempest/scenario/manager.py", line 598, in check_public_network_connectivity
2016-02-22 10:14:50.528 28061 ERROR tempest.scenario.manager     should_connect=should_connect)
2016-02-22 10:14:50.528 28061 ERROR tempest.scenario.manager   File "tempest/scenario/manager.py", line 582, in check_vm_connectivity
2016-02-22 10:14:50.528 28061 ERROR tempest.scenario.manager     msg=msg)
2016-02-22 10:14:50.528 28061 ERROR tempest.scenario.manager   File "/usr/local/lib/python2.7/dist-packages/unittest2/case.py", line 702, in assertTrue
2016-02-22 10:14:50.528 28061 ERROR tempest.scenario.manager     raise self.failureException(msg)
2016-02-22 10:14:50.528 28061 ERROR tempest.scenario.manager AssertionError: False is not true : Timed out waiting for 172.24.4.4 to become reachable
2016-02-22 10:14:50.528 28061 ERROR tempest.scenario.manager 
2016-02-22 10:14:50,946 28061 INFO     [tempest_lib.common.rest_client] Request (TestNetworkAdvancedServerOps:test_server_connectivity_pause_unpause): 200 POST http://10.4.1.3:8774/v2.1/ac62d940d5814eff9b1f36767b9f6bfa/servers/8da123d7-0f21-431c-872f-95cd6edbde3c/action 0.414s
2016-02-22 10:14:50,947 28061 DEBUG    [tempest_lib.common.rest_client] Request - Headers: {'Content-Type': 'application/json', 'Accept': 'application/json', 'X-Auth-Token': '&lt;omitted&gt;'}
        Body: {"os-getConsoleOutput": {}}
    Response - Headers: {'status': '200', 'content-length': '17428', 'x-compute-request-id': 'req-60428313-38dc-4243-bea3-438fc3256af2', 'vary': 'X-OpenStack-Nova-API-Version', 'connection': 'close', 'x-openstack-nova-api-version': '2.1', 'date': 'Mon, 22 Feb 2016 10:14:50 GMT', 'content-type': 'application/json'}
        Body: {"output": "[    0.000000] Initializing cgroup subsys cpuset\n[    0.000000] Initializing cgroup subsys cpu\n[    0.000000] Linux version 3.2.0-80-virtual (buildd@batsu) (gcc version 4.6.3 (Ubuntu/Linaro 4.6.3-1ubuntu5) ) #116-Ubuntu SMP Mon Mar 23 17:28:52 UTC 2015 (Ubuntu 3.2.0-80.116-virtual 3.2.68)\n[    0.000000] Command line: root=/dev/vda console=tty0 console=ttyS0 no_timer_check\n[    0.000000] KERNEL supported cpus:\n[    0.000000]   Intel GenuineIntel\n[    0.000000]   AMD AuthenticAMD\n[    0.000000]   Centaur CentaurHauls\n[    0.000000] BIOS-provided physical RAM map:\n[    0.000000]  BIOS-e820: 0000000000000000 - 000000000009fc00 (usable)\n[    0.000000]  BIOS-e820: 000000000009fc00 - 00000000000a0000 (reserved)\n[    0.000000]  BIOS-e820: 00000000000f0000 - 0000000000100000 (reserved)\n[    0.000000]  BIOS-e820: 0000000000100000 - 0000000003ffe000 (usable)\n[    0.000000]  BIOS-e820: 0000000003ffe000 - 0000000004000000 (reserved)\n[    0.000000]  BIOS-e820: 00000000fffc0000 - 0000000100000000 (reserved)\n[    0.000000] NX (Execute Disable) protection: active\n[    0.000000] SMBIOS 2.4 present.\n[    0.000000] No AGP bridge found\n[    0.000000] last_pfn = 0x3ffe max_arch_pfn = 0x400000000\n[    0.000000] x86 PAT enabled: cpu 0, old 0x7040600070406, new 0x7010600070106\n[    0.000000] found SMP MP-table at [ffff8800000f0b00] f0b00\n[    0.000000] init_memory_mapping: 0000000000000000-0000000003ffe000\n[    0.000000] RAMDISK: 03c5e000 - 03ff0000\n[    0.000000] ACPI: RSDP 00000000000f0950 00014 (v00 BOCHS )\n[    0.000000] ACPI: RSDT 0000000003fffbc1 00034 (v01 BOCHS  BXPCRSDT 00000001 BXPC 00000001)\n[    0.000000] ACPI: FACP 0000000003fff1c0 00074 (v01 BOCHS  BXPCFACP 00000001 BXPC 00000001)\n[    0.000000] ACPI: DSDT 0000000003ffe040 01180 (v01 BOCHS  BXPCDSDT 00000001 BXPC 00000001)\n[    0.000000] ACPI: FACS 0000000003ffe000 00040\n[    0.000000] ACPI: SSDT 0000000003fff234 008DD (v01 BOCHS  BXPCSSDT 00000001 BXPC 00000001)\n[    0.000000] ACPI: APIC 0000000003fffb11 00078 (v01 BOCHS  BXPCAPIC 00000001 BXPC 00000001)\n[    0.000000] ACPI: HPET 0000000003fffb89 00038 (v01 BOCHS  BXPCHPET 00000001 BXPC 00000001)\n[    0.000000] No NUMA configuration found\n[    0.000000] Faking a node at 0000000000000000-0000000003ffe000\n[    0.000000] Initmem setup node 0 0000000000000000-0000000003ffe000\n[    0.000000]   NODE_DATA [0000000003ff6000 - 0000000003ffafff]\n[    0.000000] Zone PFN ranges:\n[    0.000000]   DMA      0x00000010 -&gt; 0x00001000\n[    0.000000]   DMA32    0x00001000 -&gt; 0x00100000\n[    0.000000]   Normal   empty\n[    0.000000] Movable zone start PFN for each node\n[    0.000000] early_node_map[2] active PFN ranges\n[    0.000000]     0: 0x00000010 -&gt; 0x0000009f\n[    0.000000]     0: 0x00000100 -&gt; 0x00003ffe\n[    0.000000] ACPI: PM-Timer IO Port: 0xb008\n[    0.000000] ACPI: LAPIC (acpi_id[0x00] lapic_id[0x00] enabled)\n[    0.000000] ACPI: LAPIC_NMI (acpi_id[0xff] dfl dfl lint[0x1])\n[    0.000000] ACPI: IOAPIC (id[0x00] address[0xfec00000] gsi_base[0])\n[    0.000000] IOAPIC[0]: apic_id 0, version 17, address 0xfec00000, GSI 0-23\n[    0.000000] ACPI: INT_SRC_OVR (bus 0 bus_irq 0 global_irq 2 dfl dfl)\n[    0.000000] ACPI: INT_SRC_OVR (bus 0 bus_irq 5 global_irq 5 high level)\n[    0.000000] ACPI: INT_SRC_OVR (bus 0 bus_irq 9 global_irq 9 high level)\n[    0.000000] ACPI: INT_SRC_OVR (bus 0 bus_irq 10 global_irq 10 high level)\n[    0.000000] ACPI: INT_SRC_OVR (bus 0 bus_irq 11 global_irq 11 high level)\n[    0.000000] Using ACPI (MADT) for SMP configuration information\n[    0.000000] ACPI: HPET id: 0x8086a201 base: 0xfed00000\n[    0.000000] SMP: Allowing 1 CPUs, 0 hotplug CPUs\n[    0.000000] PM: Registered nosave memory: 000000000009f000 - 00000000000a0000\n[    0.000000] PM: Registered nosave memory: 00000000000a0000 - 00000000000f0000\n[    0.000000] PM: Registered nosave memory: 00000000000f0000 - 0000000000100000\n[    0.000000] Allocating PCI resources starting at 4000000 (gap: 4000000:fbfc0000)\n[    0.000000] Booting paravirtualized kernel on bare hardware\n[    0.000000] setup_pe
2016-02-22 10:14:50,952 28061 DEBUG    [tempest.scenario.manager] Console output for 8da123d7-0f21-431c-872f-95cd6edbde3c
body=
[    0.000000] Initializing cgroup subsys cpuset
[    0.000000] Initializing cgroup subsys cpu
[    0.000000] Linux version 3.2.0-80-virtual (buildd@batsu) (gcc version 4.6.3 (Ubuntu/Linaro 4.6.3-1ubuntu5) ) #116-Ubuntu SMP Mon Mar 23 17:28:52 UTC 2015 (Ubuntu 3.2.0-80.116-virtual 3.2.68)
[    0.000000] Command line: root=/dev/vda console=tty0 console=ttyS0 no_timer_check
[    0.000000] KERNEL supported cpus:
[    0.000000]   Intel GenuineIntel
[    0.000000]   AMD AuthenticAMD
[    0.000000]   Centaur CentaurHauls
[    0.000000] BIOS-provided physical RAM map:
[    0.000000]  BIOS-e820: 0000000000000000 - 000000000009fc00 (usable)
[    0.000000]  BIOS-e820: 000000000009fc00 - 00000000000a0000 (reserved)
[    0.000000]  BIOS-e820: 00000000000f0000 - 0000000000100000 (reserved)
[    0.000000]  BIOS-e820: 0000000000100000 - 0000000003ffe000 (usable)
[    0.000000]  BIOS-e820: 0000000003ffe000 - 0000000004000000 (reserved)
[    0.000000]  BIOS-e820: 00000000fffc0000 - 0000000100000000 (reserved)
[    0.000000] NX (Execute Disable) protection: active
[    0.000000] SMBIOS 2.4 present.
[    0.000000] No AGP bridge found
[    0.000000] last_pfn = 0x3ffe max_arch_pfn = 0x400000000
[    0.000000] x86 PAT enabled: cpu 0, old 0x7040600070406, new 0x7010600070106
[    0.000000] found SMP MP-table at [ffff8800000f0b00] f0b00
[    0.000000] init_memory_mapping: 0000000000000000-0000000003ffe000
[    0.000000] RAMDISK: 03c5e000 - 03ff0000
[    0.000000] ACPI: RSDP 00000000000f0950 00014 (v00 BOCHS )
[    0.000000] ACPI: RSDT 0000000003fffbc1 00034 (v01 BOCHS  BXPCRSDT 00000001 BXPC 00000001)
[    0.000000] ACPI: FACP 0000000003fff1c0 00074 (v01 BOCHS  BXPCFACP 00000001 BXPC 00000001)
[    0.000000] ACPI: DSDT 0000000003ffe040 01180 (v01 BOCHS  BXPCDSDT 00000001 BXPC 00000001)
[    0.000000] ACPI: FACS 0000000003ffe000 00040
[    0.000000] ACPI: SSDT 0000000003fff234 008DD (v01 BOCHS  BXPCSSDT 00000001 BXPC 00000001)
[    0.000000] ACPI: APIC 0000000003fffb11 00078 (v01 BOCHS  BXPCAPIC 00000001 BXPC 00000001)
[    0.000000] ACPI: HPET 0000000003fffb89 00038 (v01 BOCHS  BXPCHPET 00000001 BXPC 00000001)
[    0.000000] No NUMA configuration found
[    0.000000] Faking a node at 0000000000000000-0000000003ffe000
[    0.000000] Initmem setup node 0 0000000000000000-0000000003ffe000
[    0.000000]   NODE_DATA [0000000003ff6000 - 0000000003ffafff]
[    0.000000] Zone PFN ranges:
[    0.000000]   DMA      0x00000010 -&gt; 0x00001000
[    0.000000]   DMA32    0x00001000 -&gt; 0x00100000
[    0.000000]   Normal   empty
[    0.000000] Movable zone start PFN for each node
[    0.000000] early_node_map[2] active PFN ranges
[    0.000000]     0: 0x00000010 -&gt; 0x0000009f
[    0.000000]     0: 0x00000100 -&gt; 0x00003ffe
[    0.000000] ACPI: PM-Timer IO Port: 0xb008
[    0.000000] ACPI: LAPIC (acpi_id[0x00] lapic_id[0x00] enabled)
[    0.000000] ACPI: LAPIC_NMI (acpi_id[0xff] dfl dfl lint[0x1])
[    0.000000] ACPI: IOAPIC (id[0x00] address[0xfec00000] gsi_base[0])
[    0.000000] IOAPIC[0]: apic_id 0, version 17, address 0xfec00000, GSI 0-23
[    0.000000] ACPI: INT_SRC_OVR (bus 0 bus_irq 0 global_irq 2 dfl dfl)
[    0.000000] ACPI: INT_SRC_OVR (bus 0 bus_irq 5 global_irq 5 high level)
[    0.000000] ACPI: INT_SRC_OVR (bus 0 bus_irq 9 global_irq 9 high level)
[    0.000000] ACPI: INT_SRC_OVR (bus 0 bus_irq 10 global_irq 10 high level)
[    0.000000] ACPI: INT_SRC_OVR (bus 0 bus_irq 11 global_irq 11 high level)
[    0.000000] Using ACPI (MADT) for SMP configuration information
[    0.000000] ACPI: HPET id: 0x8086a201 base: 0xfed00000
[    0.000000] SMP: Allowing 1 CPUs, 0 hotplug CPUs
[    0.000000] PM: Registered nosave memory: 000000000009f000 - 00000000000a0000
[    0.000000] PM: Registered nosave memory: 00000000000a0000 - 00000000000f0000
[    0.000000] PM: Registered nosave memory: 00000000000f0000 - 0000000000100000
[    0.000000] Allocating PCI resources starting at 4000000 (gap: 4000000:fbfc0000)
[    0.000000] Booting paravirtualized kernel on bare hardware
[    0.000000] setup_percpu: NR_CPUS:64 nr_cpumask_bits:64 nr_cpu_ids:1 nr_node_ids:1
[    0.000000] PERCPU: Embedded 27 pages/cpu @ffff880003a00000 s78848 r8192 d23552 u2097152
[    0.000000] Built 1 zonelists in Node order, mobility grouping on.  Total pages: 16008
[    0.000000] Policy zone: DMA32
[    0.000000] Kernel command line: root=/dev/vda console=tty0 console=ttyS0 no_timer_check
[    0.000000] PID hash table entries: 256 (order: -1, 2048 bytes)
[    0.000000] Checking aperture...
[    0.000000] No AGP bridge found
[    0.000000] Memory: 43492k/65528k available (6576k kernel code, 452k absent, 21584k reserved, 6620k data, 928k init)
[    0.000000] SLUB: Genslabs=15, HWalign=64, Order=0-3, MinObjects=0, CPUs=1, Nodes=1
[    0.000000] Hierarchical RCU implementation.
[    0.000000] 	RCU dyntick-idle grace-period acceleration is enabled.
[    0.000000] NR_IRQS:4352 nr_irqs:256 16
[    0.000000] Console: colour VGA+ 80x25
[    0.000000] console [tty0] enabled
[    0.000000] console [ttyS0] enabled
[    0.000000] allocated 1048576 bytes of page_cgroup
[    0.000000] please try 'cgroup_disable=memory' option if you don't want memory cgroups
[    0.000000] Fast TSC calibration failed
[    0.000000] TSC: Unable to calibrate against PIT
[    0.000000] TSC: using HPET reference calibration
[    0.000000] Detected 2293.274 MHz processor.
[    0.037361] Calibrating delay loop (skipped), value calculated using timer frequency.. 4586.54 BogoMIPS (lpj=9173096)
[    0.039394] pid_max: default: 32768 minimum: 301
[    0.045889] Security Framework initialized
[    0.051220] AppArmor: AppArmor initialized
[    0.052140] Yama: becoming mindful.
[    0.058815] Dentry cache hash table entries: 8192 (order: 4, 65536 bytes)
[    0.060342] Inode-cache hash table entries: 4096 (order: 3, 32768 bytes)
[    0.061987] Mount-cache hash table entries: 256
[    0.077716] Initializing cgroup subsys cpuacct
[    0.078849] Initializing cgroup subsys memory
[    0.080651] Initializing cgroup subsys devices
[    0.081361] Initializing cgroup subsys freezer
[    0.082021] Initializing cgroup subsys blkio
[    0.082728] Initializing cgroup subsys perf_event
[    0.086600] mce: CPU supports 10 MCE banks
[    0.089992] SMP alternatives: switching to UP code
[    0.513694] Freeing SMP alternatives: 24k freed
[    0.516970] ACPI: Core revision 20110623
[    0.588560] ftrace: allocating 26610 entries in 105 pages
[    0.624038] ..TIMER: vector=0x30 apic1=0 pin1=2 apic2=-1 pin2=-1
[    0.624166] CPU0: AMD QEMU Virtual CPU version 2.0.0 stepping 03
[    0.632038] Performance Events: Broken PMU hardware detected, using software events only.
[    0.640749] NMI watchdog disabled (cpu0): hardware events not enabled
[    0.642322] Brought up 1 CPUs
[    0.642855] Total of 1 processors activated (4586.54 BogoMIPS).
[    0.665770] devtmpfs: initialized
[    0.704407] EVM: security.selinux
[    0.704891] EVM: security.SMACK64
[    0.705306] EVM: security.capability
[    0.729428] print_constraints: dummy: 
[    0.731255] RTC time: 10:12:49, date: 02/22/16
[    0.734571] NET: Registered protocol family 16
[    0.744620] ACPI: bus type pci registered
[    0.748278] PCI: Using configuration type 1 for base access
[    0.779202] bio: create slab &lt;bio-0&gt; at 0
[    0.784941] ACPI: Added _OSI(Module Device)
[    0.785533] ACPI: Added _OSI(Processor Device)
[    0.786293] ACPI: Added _OSI(3.0 _SCP Extensions)
[    0.786918] ACPI: Added _OSI(Processor Aggregator Device)
[    0.865052] ACPI: Interpreter enabled
[    0.865707] ACPI: (supports S0 S3 S4 S5)
[    0.868602] ACPI: Using IOAPIC for interrupt routing
[    0.940785] ACPI: No dock devices found.
[    0.941387] HEST: Table not found.
[    0.941996] PCI: Using host bridge windows from ACPI; if necessary, use "pci=nocrs" and report a bug
[    0.948058] ACPI: PCI Root Bridge [PCI0] (domain 0000 [bus 00-ff])
[    0.954015] pci_root PNP0A03:00: host bridge window [io  0x0000-0x0cf7]
[    0.955063] pci_root PNP0A03:00: host bridge window [io  0x0d00-0xadff]
[    0.956121] pci_root PNP0A03:00: host bridge window [io  0xae0f-0xaeff]
[    0.957062] pci_root PNP0A03:00: host bridge window [io  0xaf20-0xafdf]
[    0.958032] pci_root PNP0A03:00: host bridge window [io  0xafe4-0xffff]
[    0.959551] pci_root PNP0A03:00: host bridge window [mem 0x000a0000-0x000bffff]
[    0.960112] pci_root PNP0A03:00: host bridge window [mem 0x04000000-0xfebfffff]
[    0.992612] pci 0000:00:01.3: quirk: [io  0xb000-0xb03f] claimed by PIIX4 ACPI
[    0.994425] pci 0000:00:01.3: quirk: [io  0xb100-0xb10f] claimed by PIIX4 SMB
[    1.065590]  pci0000:00: Unable to request _OSC control (_OSC support mask: 0x1e)
[    1.122681] ACPI: PCI Interrupt Link [LNKA] (IRQs 5 *10 11)
[    1.125622] ACPI: PCI Interrupt Link [LNKB] (IRQs 5 *10 11)
[    1.128356] ACPI: PCI Interrupt Link [LNKC] (IRQs 5 10 *11)
[    1.130135] ACPI: PCI Interrupt Link [LNKD] (IRQs 5 10 *11)
[    1.132300] ACPI: PCI Interrupt Link [LNKS] (IRQs *9)
[    1.138943] vgaarb: device added: PCI:0000:00:02.0,decodes=io+mem,owns=io+mem,locks=none
[    1.140199] vgaarb: loaded
[    1.140586] vgaarb: bridge control possible 0000:00:02.0
[    1.145263] i2c-core: driver [aat2870] using legacy suspend method
[    1.145994] i2c-core: driver [aat2870] using legacy resume method
[    1.149135] SCSI subsystem initialized
[    1.152947] usbcore: registered new interface driver usbfs
[    1.154002] usbcore: registered new interface driver hub
[    1.155322] usbcore: registered new device driver usb
[    1.158772] PCI: Using ACPI for IRQ routing
[    1.169790] NetLabel: Initializing
[    1.170556] NetLabel:  domain hash size = 128
[    1.171083] NetLabel:  protocols = UNLABELED CIPSOv4
[    1.173343] NetLabel:  unlabeled traffic allowed by default
[    1.176858] HPET: 3 timers in total, 0 timers will be used for per-cpu timer
[    1.177975] hpet0: at MMIO 0xfed00000, IRQs 2, 8, 0
[    1.179359] hpet0: 3 comparators, 64-bit 100.000000 MHz counter
[    1.194199] Switching to clocksource hpet
[    1.485940] AppArmor: AppArmor Filesystem Enabled
[    1.487535] pnp: PnP ACPI init
[    1.489337] ACPI: bus type pnp registered
[    1.509713] pnp: PnP ACPI: found 9 devices
[    1.510264] ACPI: ACPI bus type pnp unregistered
[    1.583935] NET: Registered protocol family 2
[    1.622666] IP route cache hash table entries: 512 (order: 0, 4096 bytes)
[    1.631305] TCP established hash table entries: 2048 (order: 3, 32768 bytes)
[    1.634488] TCP bind hash table entries: 2048 (order: 3, 32768 bytes)
[    1.635924] TCP: Hash tables configured (established 2048 bind 2048)
[    1.639128] TCP reno registered
[    1.640579] UDP hash table entries: 128 (order: 0, 4096 bytes)
[    1.642416] UDP-Lite hash table entries: 128 (order: 0, 4096 bytes)
[    1.646716] NET: Registered protocol family 1
[    1.647718] pci 0000:00:00.0: Limiting direct PCI/PCI transfers
[    1.649368] pci 0000:00:01.0: PIIX3: Enabling Passive Release
[    1.650412] pci 0000:00:01.0: Activating ISA DMA hang workarounds
[    1.657628] ACPI: PCI Interrupt Link [LNKD] enabled at IRQ 11
[    1.658892] pci 0000:00:01.2: PCI INT D -&gt; Link[LNKD] -&gt; GSI 11 (level, high) -&gt; IRQ 11
[    1.661566] pci 0000:00:01.2: PCI INT D disabled
[    1.682153] Trying to unpack rootfs image as initramfs...
[    1.701377] audit: initializing netlink socket (disabled)
[    1.702878] type=2000 audit(1456135969.700:1): initialized
[    1.985713] HugeTLB registered 2 MB page size, pre-allocated 0 pages
[    2.056904] VFS: Disk quotas dquot_6.5.2
[    2.058795] Dquot-cache hash table entries: 512 (order 0, 4096 bytes)
[    2.099982] fuse init (API version 7.17)
[    2.105632] msgmni has been set to 84
[    2.142946] Block layer SCSI generic (bsg) driver version 0.4 loaded (major 253)
[    2.147228] io scheduler noop registered
[    2.147819] io scheduler deadline registered (default)
[    2.150242] io scheduler cfq registered
[    2.154235] pci_hotplug: PCI Hot Plug PCI Core version: 0.5
[    2.159449] pciehp: PCI Express Hot Plug Controller Driver version: 0.4
[    2.166951] input: Power Button as /devices/LNXSYSTM:00/LNXPWRBN:00/input/input0
[    2.169613] ACPI: Power Button [PWRF]
[    2.232142] ERST: Table is not found!
[    2.232413] GHES: HEST is not enabled!
[    2.242512] ACPI: PCI Interrupt Link [LNKC] enabled at IRQ 10
[    2.243458] virtio-pci 0000:00:03.0: PCI INT A -&gt; Link[LNKC] -&gt; GSI 10 (level, high) -&gt; IRQ 10
[    2.247218] virtio-pci 0000:00:04.0: PCI INT A -&gt; Link[LNKD] -&gt; GSI 11 (level, high) -&gt; IRQ 11
[    2.259932] ACPI: PCI Interrupt Link [LNKA] enabled at IRQ 10
[    2.261393] virtio-pci 0000:00:05.0: PCI INT A -&gt; Link[LNKA] -&gt; GSI 10 (level, high) -&gt; IRQ 10
[    2.277656] Serial: 8250/16550 driver, 32 ports, IRQ sharing enabled
[    2.317291] serial8250: ttyS0 at I/O 0x3f8 (irq = 4) is a 16550A
[    2.391450] serial8250: ttyS1 at I/O 0x2f8 (irq = 3) is a 16550A
[    2.504646] 00:05: ttyS0 at I/O 0x3f8 (irq = 4) is a 16550A
[    2.576072] 00:06: ttyS1 at I/O 0x2f8 (irq = 3) is a 16550A
[    2.619184] Linux agpgart interface v0.103
[    2.665635] Refined TSC clocksource calibration: 2293.363 MHz.
[    2.666486] Switching to clocksource tsc
[    2.685970] brd: module loaded
[    2.714745] loop: module loaded
[    2.782626]  vda: unknown partition table
[    2.842228] scsi0 : ata_piix
[    2.845648] scsi1 : ata_piix
[    2.847020] ata1: PATA max MWDMA2 cmd 0x1f0 ctl 0x3f6 bmdma 0xc0a0 irq 14
[    2.847839] ata2: PATA max MWDMA2 cmd 0x170 ctl 0x376 bmdma 0xc0a8 irq 15
[    2.859364] Fixed MDIO Bus: probed
[    2.860196] tun: Universal TUN/TAP device driver, 1.6
[    2.861263] tun: (C) 1999-2004 Max Krasnyansky &lt;maxk@qualcomm.com&gt;
[    2.874889] PPP generic driver version 2.4.2
[    2.901299] ehci_hcd: USB 2.0 'Enhanced' Host Controller (EHCI) Driver
[    2.902181] ohci_hcd: USB 1.1 'Open' Host Controller (OHCI) Driver
[    2.903256] uhci_hcd: USB Universal Host Controller Interface driver
[    2.905276] uhci_hcd 0000:00:01.2: PCI INT D -&gt; Link[LNKD] -&gt; GSI 11 (level, high) -&gt; IRQ 11
[    2.909975] uhci_hcd 0000:00:01.2: UHCI Host Controller
[    2.925485] uhci_hcd 0000:00:01.2: new USB bus registered, assigned bus number 1
[    2.927289] uhci_hcd 0000:00:01.2: irq 11, io base 0x0000c040
[    2.961492] hub 1-0:1.0: USB hub found
[    2.963716] hub 1-0:1.0: 2 ports detected
[    2.975577] usbcore: registered new interface driver libusual
[    2.978931] i8042: PNP: PS/2 Controller [PNP0303:KBD,PNP0f13:MOU] at 0x60,0x64 irq 1,12
[    2.987859] serio: i8042 KBD port at 0x60,0x64 irq 1
[    2.990283] serio: i8042 AUX port at 0x60,0x64 irq 12
[    3.037735] mousedev: PS/2 mouse device common for all mice
[    3.049312] input: AT Translated Set 2 keyboard as /devices/platform/i8042/serio0/input/input1
[    3.078097] rtc_cmos 00:01: RTC can wake from S4
[    3.095519] ata2.01: ATAPI: QEMU DVD-ROM, 2.0.0, max UDMA/100
[    3.100948] rtc_cmos 00:01: rtc core: registered rtc_cmos as rtc0
[    3.105471] rtc0: alarms up to one day, 114 bytes nvram, hpet irqs
[    3.109938] device-mapper: uevent: version 1.0.3
[    3.121351] ata2.01: configured for MWDMA2
[    3.156006] device-mapper: ioctl: 4.22.0-ioctl (2011-10-19) initialised: dm-devel@redhat.com
[    3.163089] cpuidle: using governor ladder
[    3.166173] cpuidle: using governor menu
[    3.167586] EFI Variables Facility v0.08 2004-May-17
[    3.178473] TCP cubic registered
[    3.185050] NET: Registered protocol family 10
[    3.214326] NET: Registered protocol family 17
[    3.215927] Registering the dns_resolver key type
[    3.226314] scsi 1:0:1:0: CD-ROM            QEMU     QEMU DVD-ROM     2.0. PQ: 0 ANSI: 5
[    3.256014] sr0: scsi3-mmc drive: 4x/4x cd/rw xa/form2 tray
[    3.258607] cdrom: Uniform CD-ROM driver Revision: 3.20
[    3.287784] sr 1:0:1:0: Attached scsi generic sg0 type 5
[    3.327845] registered taskstats version 1
[    3.423558] Freeing initrd memory: 3656k freed
[    3.975321]   Magic number: 4:854:224
[    3.986488] rtc_cmos 00:01: setting system clock to 2016-02-22 10:12:52 UTC (1456135972)
[    3.989339] powernow-k8: Processor cpuid 663 not supported
[    3.995480] BIOS EDD facility v0.16 2004-Jun-25, 0 devices found
[    3.996714] EDD information not available.
[    4.054604] Freeing unused kernel memory: 928k freed
[    4.060359] Write protecting the kernel read-only data: 12288k
[    4.146244] Freeing unused kernel memory: 1596k freed
[    4.199531] Freeing unused kernel memory: 1184k freed

info: initramfs: up at 4.38
modprobe: module virtio_blk not found in modules.dep
modprobe: module virtio_net not found in modules.dep
info: copying initramfs to /dev/vda
info: initramfs loading root from /dev/vda
info: /etc/init.d/rc.sysinit: up at 9.15
info: container: none
Starting logging: OK
modprobe: module virtio_blk not found in modules.dep
modprobe: module virtio_net not found in modules.dep
WARN: /etc/rc3.d/S10-load-modules failed
Initializing random number generator... done.
Starting acpid: OK
cirros-ds 'local' up at 11.80
found datasource (configdrive, local)
Starting network...
udhcpc (v1.20.1) started
Sending discover...
Sending discover...

2016-02-22 10:14:51,407 28061 INFO     [tempest_lib.common.rest_client] Request (TestNetworkAdvancedServerOps:_run_cleanups): 204 DELETE http://10.4.1.3:9696/v2.0/floatingips/fc6ad425-786f-46b5-b4fd-1b8741feb490 0.450s
2016-02-22 10:14:51,408 28061 DEBUG    [tempest_lib.common.rest_client] Request - Headers: {'Content-Type': 'application/json', 'Accept': 'application/json', 'X-Auth-Token': '&lt;omitted&gt;'}
        Body: None
    Response - Headers: {'date': 'Mon, 22 Feb 2016 10:14:51 GMT', 'status': '204', 'connection': 'close', 'content-length': '0', 'x-openstack-request-id': 'req-c324826e-63c2-465c-945a-7277247aff6d'}
        Body: 
2016-02-22 10:14:51,975 28061 INFO     [tempest_lib.common.rest_client] Request (TestNetworkAdvancedServerOps:_run_cleanups): 204 DELETE http://10.4.1.3:8774/v2.1/ac62d940d5814eff9b1f36767b9f6bfa/servers/8da123d7-0f21-431c-872f-95cd6edbde3c 0.566s
2016-02-22 10:14:51,976 28061 DEBUG    [tempest_lib.common.rest_client] Request - Headers: {'Content-Type': 'application/json', 'Accept': 'application/json', 'X-Auth-Token': '&lt;omitted&gt;'}
        Body: None
    Response - Headers: {'status': '204', 'content-length': '0', 'x-compute-request-id': 'req-2fe19357-b8c6-4a81-9873-85194028c240', 'vary': 'X-OpenStack-Nova-API-Version', 'connection': 'close', 'x-openstack-nova-api-version': '2.1', 'date': 'Mon, 22 Feb 2016 10:14:51 GMT', 'content-type': 'application/json'}
        Body: 
2016-02-22 10:14:52,716 28061 INFO     [tempest_lib.common.rest_client] Request (TestNetworkAdvancedServerOps:_run_cleanups): 200 GET http://10.4.1.3:8774/v2.1/ac62d940d5814eff9b1f36767b9f6bfa/servers/8da123d7-0f21-431c-872f-95cd6edbde3c 0.739s
2016-02-22 10:14:52,717 28061 DEBUG    [tempest_lib.common.rest_client] Request - Headers: {'Content-Type': 'application/json', 'Accept': 'application/json', 'X-Auth-Token': '&lt;omitted&gt;'}
        Body: None
    Response - Headers: {'status': '200', 'content-length': '1769', 'content-location': 'http://10.4.1.3:8774/v2.1/ac62d940d5814eff9b1f36767b9f6bfa/servers/8da123d7-0f21-431c-872f-95cd6edbde3c', 'x-compute-request-id': 'req-76509bbc-2b5e-4cb2-b4d0-b5d45e110f4e', 'vary': 'X-OpenStack-Nova-API-Version', 'connection': 'close', 'x-openstack-nova-api-version': '2.1', 'date': 'Mon, 22 Feb 2016 10:14:52 GMT', 'content-type': 'application/json'}
        Body: {"server": {"status": "ACTIVE", "updated": "2016-02-22T10:14:51Z", "hostId": "b38199ea11605bd9d23a2f5fbeb69dea5ac218e8298dc55108a2a3d7", "addresses": {"tempest-network-smoke--148627340": [{"OS-EXT-IPS-MAC:mac_addr": "fa:16:3e:31:fa:23", "version": 4, "addr": "10.100.0.3", "OS-EXT-IPS:type": "fixed"}, {"OS-EXT-IPS-MAC:mac_addr": "fa:16:3e:31:fa:23", "version": 4, "addr": "172.24.4.4", "OS-EXT-IPS:type": "floating"}]}, "links": [{"href": "http://10.4.1.3:8774/v2.1/ac62d940d5814eff9b1f36767b9f6bfa/servers/8da123d7-0f21-431c-872f-95cd6edbde3c", "rel": "self"}, {"href": "http://10.4.1.3:8774/ac62d940d5814eff9b1f36767b9f6bfa/servers/8da123d7-0f21-431c-872f-95cd6edbde3c", "rel": "bookmark"}], "key_name": "tempest-TestNetworkAdvancedServerOps-1973612157", "image": {"id": "f82e6a23-8fea-4313-810c-960b23d508d6", "links": [{"href": "http://10.4.1.3:8774/ac62d940d5814eff9b1f36767b9f6bfa/images/f82e6a23-8fea-4313-810c-960b23d508d6", "rel": "bookmark"}]}, "OS-EXT-STS:task_state": "deleting", "OS-EXT-STS:vm_state": "active", "OS-SRV-USG:launched_at": "2016-02-22T10:12:46.000000", "flavor": {"id": "42", "links": [{"href": "http://10.4.1.3:8774/ac62d940d5814eff9b1f36767b9f6bfa/flavors/42", "rel": "bookmark"}]}, "id": "8da123d7-0f21-431c-872f-95cd6edbde3c", "security_groups": [{"name": "tempest-secgroup-smoke-1932374449"}], "OS-SRV-USG:terminated_at": null, "OS-EXT-AZ:availability_zone": "nova", "user_id": "6bfa872b6aec4af2888ac425259a80c0", "name": "tempest-server-smoke-437008348", "created": "2016-02-22T10:12:39Z", "tenant_id": "ac62d940d5814eff9b1f36767b9f6bfa", "OS-DCF:diskConfig": "MANUAL", "os-extended-volumes:volumes_attached": [], "accessIPv4": "", "accessIPv6": "", "progress": 0, "OS-EXT-STS:power_state": 1, "config_drive": "True", "metadata": {}}}
2016-02-22 10:14:54,243 28061 INFO     [tempest_lib.common.rest_client] Request (TestNetworkAdvancedServerOps:_run_cleanups): 200 GET http://10.4.1.3:8774/v2.1/ac62d940d5814eff9b1f36767b9f6bfa/servers/8da123d7-0f21-431c-872f-95cd6edbde3c 0.516s
2016-02-22 10:14:54,243 28061 DEBUG    [tempest_lib.common.rest_client] Request - Headers: {'Content-Type': 'application/json', 'Accept': 'application/json', 'X-Auth-Token': '&lt;omitted&gt;'}
        Body: None
    Response - Headers: {'status': '200', 'content-length': '1439', 'content-location': 'http://10.4.1.3:8774/v2.1/ac62d940d5814eff9b1f36767b9f6bfa/servers/8da123d7-0f21-431c-872f-95cd6edbde3c', 'x-compute-request-id': 'req-34cb2a4e-b79a-4ed9-963e-3d35727b042c', 'vary': 'X-OpenStack-Nova-API-Version', 'connection': 'close', 'x-openstack-nova-api-version': '2.1', 'date': 'Mon, 22 Feb 2016 10:14:54 GMT', 'content-type': 'application/json'}
        Body: {"server": {"status": "DELETED", "updated": "2016-02-22T10:14:53Z", "hostId": "b38199ea11605bd9d23a2f5fbeb69dea5ac218e8298dc55108a2a3d7", "addresses": {}, "links": [{"href": "http://10.4.1.3:8774/v2.1/ac62d940d5814eff9b1f36767b9f6bfa/servers/8da123d7-0f21-431c-872f-95cd6edbde3c", "rel": "self"}, {"href": "http://10.4.1.3:8774/ac62d940d5814eff9b1f36767b9f6bfa/servers/8da123d7-0f21-431c-872f-95cd6edbde3c", "rel": "bookmark"}], "key_name": "tempest-TestNetworkAdvancedServerOps-1973612157", "image": {"id": "f82e6a23-8fea-4313-810c-960b23d508d6", "links": [{"href": "http://10.4.1.3:8774/ac62d940d5814eff9b1f36767b9f6bfa/images/f82e6a23-8fea-4313-810c-960b23d508d6", "rel": "bookmark"}]}, "OS-EXT-STS:task_state": null, "OS-EXT-STS:vm_state": "deleted", "OS-SRV-USG:launched_at": "2016-02-22T10:12:46.000000", "flavor": {"id": "42", "links": [{"href": "http://10.4.1.3:8774/ac62d940d5814eff9b1f36767b9f6bfa/flavors/42", "rel": "bookmark"}]}, "id": "8da123d7-0f21-431c-872f-95cd6edbde3c", "OS-SRV-USG:terminated_at": "2016-02-22T10:14:53.000000", "OS-EXT-AZ:availability_zone": "nova", "user_id": "6bfa872b6aec4af2888ac425259a80c0", "name": "tempest-server-smoke-437008348", "created": "2016-02-22T10:12:39Z", "tenant_id": "ac62d940d5814eff9b1f36767b9f6bfa", "OS-DCF:diskConfig": "MANUAL", "os-extended-volumes:volumes_attached": [], "accessIPv4": "", "accessIPv6": "", "OS-EXT-STS:power_state": 0, "config_drive": "True", "metadata": {}}}
2016-02-22 10:14:55,547 28061 INFO     [tempest_lib.common.rest_client] Request (TestNetworkAdvancedServerOps:_run_cleanups): 404 GET http://10.4.1.3:8774/v2.1/ac62d940d5814eff9b1f36767b9f6bfa/servers/8da123d7-0f21-431c-872f-95cd6edbde3c 0.289s
2016-02-22 10:14:55,548 28061 DEBUG    [tempest_lib.common.rest_client] Request - Headers: {'Content-Type': 'application/json', 'Accept': 'application/json', 'X-Auth-Token': '&lt;omitted&gt;'}
        Body: None
    Response - Headers: {'status': '404', 'content-length': '111', 'x-compute-request-id': 'req-7a4f756d-860c-40b4-ba01-110f42ff5e3c', 'vary': 'X-OpenStack-Nova-API-Version', 'connection': 'close', 'x-openstack-nova-api-version': '2.1', 'date': 'Mon, 22 Feb 2016 10:14:55 GMT', 'content-type': 'application/json; charset=UTF-8'}
        Body: {"itemNotFound": {"message": "Instance 8da123d7-0f21-431c-872f-95cd6edbde3c could not be found.", "code": 404}}
2016-02-22 10:14:56,214 28061 INFO     [tempest_lib.common.rest_client] Request (TestNetworkAdvancedServerOps:_run_cleanups): 500 PUT http://10.4.1.3:9696/v2.0/routers/d7e6fbe0-2774-4758-8367-8e3eab3ef44b/remove_router_interface 0.664s
2016-02-22 10:14:56,214 28061 DEBUG    [tempest_lib.common.rest_client] Request - Headers: {'Content-Type': 'application/json', 'Accept': 'application/json', 'X-Auth-Token': '&lt;omitted&gt;'}
        Body: {"subnet_id": "4da8095e-eeaf-4aec-8531-9851e6ba424d"}
    Response - Headers: {'status': '500', 'content-length': '150', 'connection': 'close', 'date': 'Mon, 22 Feb 2016 10:14:56 GMT', 'content-type': 'application/json; charset=UTF-8', 'x-openstack-request-id': 'req-2cb73fe5-0ffc-4c3f-850d-d6cadca53e60'}
        Body: {"NeutronError": {"message": "Request Failed: internal server error while processing your request.", "type": "HTTPInternalServerError", "detail": ""}}
2016-02-22 10:14:56,556 28061 INFO     [tempest_lib.common.rest_client] Request (TestNetworkAdvancedServerOps:_run_cleanups): 200 GET http://10.4.1.3:9696/v2.0/routers/d7e6fbe0-2774-4758-8367-8e3eab3ef44b 0.338s
2016-02-22 10:14:56,557 28061 DEBUG    [tempest_lib.common.rest_client] Request - Headers: {'Content-Type': 'application/json', 'Accept': 'application/json', 'X-Auth-Token': '&lt;omitted&gt;'}
        Body: None
    Response - Headers: {'status': '200', 'content-length': '501', 'content-location': 'http://10.4.1.3:9696/v2.0/routers/d7e6fbe0-2774-4758-8367-8e3eab3ef44b', 'connection': 'close', 'date': 'Mon, 22 Feb 2016 10:14:56 GMT', 'content-type': 'application/json; charset=UTF-8', 'x-openstack-request-id': 'req-ee5e4065-bcb0-402f-a0ce-ce5cf3fffa4b'}
        Body: {"router": {"status": "ACTIVE", "external_gateway_info": {"network_id": "3f4ae98c-6ba3-42c3-846d-353d57457132", "enable_snat": true, "external_fixed_ips": [{"subnet_id": "e54e7e09-4f04-4ef9-8f97-b00509e76e77", "ip_address": "172.24.4.3"}, {"subnet_id": "5c2cfb2d-db6a-4b32-ab18-d8fa4f0b2939", "ip_address": "2001:db8::3"}]}, "name": "tempest-router-smoke-1425748200", "admin_state_up": true, "tenant_id": "ac62d940d5814eff9b1f36767b9f6bfa", "routes": [], "id": "d7e6fbe0-2774-4758-8367-8e3eab3ef44b"}}
2016-02-22 10:14:57,128 28061 INFO     [tempest_lib.common.rest_client] Request (TestNetworkAdvancedServerOps:_run_cleanups): 200 PUT http://10.4.1.3:9696/v2.0/routers/d7e6fbe0-2774-4758-8367-8e3eab3ef44b 0.570s
2016-02-22 10:14:57,129 28061 DEBUG    [tempest_lib.common.rest_client] Request - Headers: {'Content-Type': 'application/json', 'Accept': 'application/json', 'X-Auth-Token': '&lt;omitted&gt;'}
        Body: {"router": {"external_gateway_info": {}, "name": "tempest-router-smoke-1425748200", "admin_state_up": true}}
    Response - Headers: {'status': '200', 'content-length': '239', 'connection': 'close', 'date': 'Mon, 22 Feb 2016 10:14:57 GMT', 'content-type': 'application/json; charset=UTF-8', 'x-openstack-request-id': 'req-6cb4f489-55b5-4910-924c-65f70aaf916e'}
        Body: {"router": {"status": "ACTIVE", "external_gateway_info": null, "name": "tempest-router-smoke-1425748200", "admin_state_up": true, "tenant_id": "ac62d940d5814eff9b1f36767b9f6bfa", "routes": [], "id": "d7e6fbe0-2774-4758-8367-8e3eab3ef44b"}}
2016-02-22 10:14:57,543 28061 INFO     [tempest_lib.common.rest_client] Request (TestNetworkAdvancedServerOps:_run_cleanups): 500 DELETE http://10.4.1.3:9696/v2.0/routers/d7e6fbe0-2774-4758-8367-8e3eab3ef44b 0.412s
2016-02-22 10:14:57,544 28061 DEBUG    [tempest_lib.common.rest_client] Request - Headers: {'Content-Type': 'application/json', 'Accept': 'application/json', 'X-Auth-Token': '&lt;omitted&gt;'}
        Body: None
    Response - Headers: {'status': '500', 'content-length': '150', 'connection': 'close', 'date': 'Mon, 22 Feb 2016 10:14:57 GMT', 'content-type': 'application/json; charset=UTF-8', 'x-openstack-request-id': 'req-b3c57e9a-32e0-4c63-a120-b77f0f4b8a74'}
        Body: {"NeutronError": {"message": "Request Failed: internal server error while processing your request.", "type": "HTTPInternalServerError", "detail": ""}}
2016-02-22 10:14:58,258 28061 INFO     [tempest_lib.common.rest_client] Request (TestNetworkAdvancedServerOps:_run_cleanups): 204 DELETE http://10.4.1.3:9696/v2.0/networks/fb0ce8d0-4e2e-4ef4-a5df-08b2ce1a4a4d 0.712s
2016-02-22 10:14:58,259 28061 DEBUG    [tempest_lib.common.rest_client] Request - Headers: {'Content-Type': 'application/json', 'Accept': 'application/json', 'X-Auth-Token': '&lt;omitted&gt;'}
        Body: None
    Response - Headers: {'date': 'Mon, 22 Feb 2016 10:14:58 GMT', 'status': '204', 'connection': 'close', 'content-length': '0', 'x-openstack-request-id': 'req-82a7a702-aef6-4163-bf53-21477c6bdb48'}
        Body: 
2016-02-22 10:14:58,557 28061 INFO     [tempest_lib.common.rest_client] Request (TestNetworkAdvancedServerOps:_run_cleanups): 204 DELETE http://10.4.1.3:9696/v2.0/security-groups/5132454d-373e-4f32-82b0-0186a943ad7c 0.296s
2016-02-22 10:14:58,557 28061 DEBUG    [tempest_lib.common.rest_client] Request - Headers: {'Content-Type': 'application/json', 'Accept': 'application/json', 'X-Auth-Token': '&lt;omitted&gt;'}
        Body: None
    Response - Headers: {'date': 'Mon, 22 Feb 2016 10:14:58 GMT', 'status': '204', 'connection': 'close', 'content-length': '0', 'x-openstack-request-id': 'req-6df333d9-7aaa-4215-b8cb-f46acdff290d'}
        Body: 
2016-02-22 10:14:58,774 28061 INFO     [tempest_lib.common.rest_client] Request (TestNetworkAdvancedServerOps:_run_cleanups): 202 DELETE http://10.4.1.3:8774/v2.1/ac62d940d5814eff9b1f36767b9f6bfa/os-keypairs/tempest-TestNetworkAdvancedServerOps-1973612157 0.215s
2016-02-22 10:14:58,775 28061 DEBUG    [tempest_lib.common.rest_client] Request - Headers: {'Content-Type': 'application/json', 'Accept': 'application/json', 'X-Auth-Token': '&lt;omitted&gt;'}
        Body: None
    Response - Headers: {'status': '202', 'content-length': '0', 'x-compute-request-id': 'req-f53d5d1d-575d-4fe6-83f7-cbdd7a41364b', 'vary': 'X-OpenStack-Nova-API-Version', 'connection': 'close', 'x-openstack-nova-api-version': '2.1', 'date': 'Mon, 22 Feb 2016 10:14:58 GMT', 'content-type': 'application/json'}
        Body: 
2016-02-22 10:14:59,049 28061 INFO     [tempest_lib.common.rest_client] Request (TestNetworkAdvancedServerOps:_run_cleanups): 404 GET http://10.4.1.3:8774/v2.1/ac62d940d5814eff9b1f36767b9f6bfa/servers/8da123d7-0f21-431c-872f-95cd6edbde3c 0.273s
2016-02-22 10:14:59,049 28061 DEBUG    [tempest_lib.common.rest_client] Request - Headers: {'Content-Type': 'application/json', 'Accept': 'application/json', 'X-Auth-Token': '&lt;omitted&gt;'}
        Body: None
    Response - Headers: {'status': '404', 'content-length': '111', 'x-compute-request-id': 'req-a46ec62e-7851-4855-8e1f-3febd46c6be8', 'vary': 'X-OpenStack-Nova-API-Version', 'connection': 'close', 'x-openstack-nova-api-version': '2.1', 'date': 'Mon, 22 Feb 2016 10:14:59 GMT', 'content-type': 'application/json; charset=UTF-8'}
        Body: {"itemNotFound": {"message": "Instance 8da123d7-0f21-431c-872f-95cd6edbde3c could not be found.", "code": 404}}
}}}

traceback-1: {{{
Traceback (most recent call last):
  File "tempest/scenario/manager.py", line 108, in delete_wrapper
    delete_thing(*args, **kwargs)
  File "tempest/services/network/resources.py", line 98, in delete
    subnet_id=self.id)
  File "tempest/services/network/json/network_client.py", line 199, in remove_router_interface
    return self.update_resource(uri, kwargs)
  File "tempest/services/network/json/base.py", line 68, in update_resource
    resp, body = self.put(req_uri, req_post_data)
  File "/usr/local/lib/python2.7/dist-packages/tempest_lib/common/rest_client.py", line 322, in put
    return self.request('PUT', url, extra_headers, headers, body)
  File "/usr/local/lib/python2.7/dist-packages/tempest_lib/common/rest_client.py", line 642, in request
    resp, resp_body)
  File "/usr/local/lib/python2.7/dist-packages/tempest_lib/common/rest_client.py", line 761, in _error_checker
    message=message)
tempest_lib.exceptions.ServerFault: Got server fault
Details: Request Failed: internal server error while processing your request.
}}}

traceback-2: {{{
Traceback (most recent call last):
  File "tempest/scenario/manager.py", line 108, in delete_wrapper
    delete_thing(*args, **kwargs)
  File "tempest/services/network/resources.py", line 119, in delete
    self.client.delete_router(self.id)
  File "tempest/services/network/json/network_client.py", line 169, in delete_router
    return self.delete_resource(uri)
  File "tempest/services/network/json/base.py", line 41, in delete_resource
    resp, body = self.delete(req_uri)
  File "/usr/local/lib/python2.7/dist-packages/tempest_lib/common/rest_client.py", line 290, in delete
    return self.request('DELETE', url, extra_headers, headers, body)
  File "/usr/local/lib/python2.7/dist-packages/tempest_lib/common/rest_client.py", line 642, in request
    resp, resp_body)
  File "/usr/local/lib/python2.7/dist-packages/tempest_lib/common/rest_client.py", line 761, in _error_checker
    message=message)
tempest_lib.exceptions.ServerFault: Got server fault
Details: Request Failed: internal server error while processing your request.
}}}

Traceback (most recent call last):
  File "tempest/test.py", line 113, in wrapper
    return f(self, *func_args, **func_kwargs)
  File "tempest/scenario/test_network_advanced_server_ops.py", line 132, in test_server_connectivity_pause_unpause
    server, keypair, floating_ip = self._setup_network_and_servers()
  File "tempest/scenario/test_network_advanced_server_ops.py", line 69, in _setup_network_and_servers
    server, keypair, floating_ip)
  File "tempest/scenario/test_network_advanced_server_ops.py", line 93, in _wait_server_status_and_check_network_connectivity
    self._check_network_connectivity(server, keypair, floating_ip)
  File "tempest/scenario/test_network_advanced_server_ops.py", line 86, in _check_network_connectivity
    servers=[server])
  File "tempest/scenario/manager.py", line 598, in check_public_network_connectivity
    should_connect=should_connect)
  File "tempest/scenario/manager.py", line 582, in check_vm_connectivity
    msg=msg)
  File "/usr/local/lib/python2.7/dist-packages/unittest2/case.py", line 702, in assertTrue
    raise self.failureException(msg)
AssertionError: False is not true : Timed out waiting for 172.24.4.4 to become reachable



        </pre>
    </div>
    <!--css div popup end-->

    </td>
</tr>

<tr id='ft1.2' class='none'>
    <td class='failCase'><div class='testcase'>test_server_connectivity_reboot[compute,id-7b6860c2-afa3-4846-9522-adeb38dfbe08,network]</div></td>
    <td colspan='7' align='left'>

    <!--css div popup start-->
    <a class="popup_link" onfocus='this.blur();'
    href="javascript:showTestDetail('div_ft1.2')" >
        fail</a>

    <div id='div_ft1.2' class="popup_window">
        <div style='text-align: right; color:red;cursor:pointer'>
        <a onfocus='this.blur();'
onclick="document.getElementById('div_ft1.2').style.display = 'none' " >
           [x]</a>
        </div>
        <pre>
        
ft1.2: tempest.scenario.test_network_advanced_server_ops.TestNetworkAdvancedServerOps.test_server_connectivity_reboot[compute,id-7b6860c2-afa3-4846-9522-adeb38dfbe08,network]_StringException: Empty attachments:
  stderr
  stdout

pythonlogging:'': {{{
2016-02-22 10:14:59,449 28061 INFO     [tempest_lib.common.rest_client] Request (TestNetworkAdvancedServerOps:test_server_connectivity_reboot): 200 POST http://10.4.1.3:8774/v2.1/ac62d940d5814eff9b1f36767b9f6bfa/os-keypairs 0.367s
2016-02-22 10:14:59,449 28061 DEBUG    [tempest_lib.common.rest_client] Request - Headers: {'Content-Type': 'application/json', 'Accept': 'application/json', 'X-Auth-Token': '&lt;omitted&gt;'}
        Body: {"keypair": {"name": "tempest-TestNetworkAdvancedServerOps-1799847728"}}
    Response - Headers: {'status': '200', 'content-length': '2330', 'x-compute-request-id': 'req-ec6f4e3e-c121-4ab1-8abc-79b79057efc5', 'vary': 'X-OpenStack-Nova-API-Version', 'connection': 'close', 'x-openstack-nova-api-version': '2.1', 'date': 'Mon, 22 Feb 2016 10:14:59 GMT', 'content-type': 'application/json'}
