<?xml version="1.0" encoding="UTF-8"?>
<!DOCTYPE html PUBLIC "-//W3C//DTD XHTML 1.0 Strict//EN"
     "http://www.w3.org/TR/xhtml1/DTD/xhtml1-strict.dtd">
<html xmlns="http://www.w3.org/1999/xhtml">
<head>
    <title>Unit Test Report</title>
    <meta name="generator" content="subunit2html 0.1"/>
    <meta http-equiv="Content-Type" content="text/html; charset=UTF-8"/>
    
<style type="text/css" media="screen">
body        { font-family: verdana, arial, helvetica, sans-serif;
    font-size: 80%; }
table       { font-size: 100%; width: 100%;}
pre         { font-size: 80%; }

/* -- heading -------------------------------------------------------------- */
h1 {
        font-size: 16pt;
        color: gray;
}
.heading {
    margin-top: 0ex;
    margin-bottom: 1ex;
}

.heading .attribute {
    margin-top: 1ex;
    margin-bottom: 0;
}

.heading .description {
    margin-top: 4ex;
    margin-bottom: 6ex;
}

/* -- css div popup -------------------------------------------------------- */
a.popup_link {
}

a.popup_link:hover {
    color: red;
}

.popup_window {
    display: none;
    overflow-x: scroll;
    /*border: solid #627173 1px; */
    padding: 10px;
    background-color: #E6E6D6;
    font-family: "Ubuntu Mono", "Lucida Console", "Courier New", monospace;
    text-align: left;
    font-size: 8pt;
}

}
/* -- report --------------------------------------------------------------- */
#show_detail_line {
    margin-top: 3ex;
    margin-bottom: 1ex;
}
#result_table {
    width: 100%;
    border-collapse: collapse;
    border: 1px solid #777;
}
#header_row {
    font-weight: bold;
    color: white;
    background-color: #777;
}
#result_table td {
    border: 1px solid #777;
    padding: 2px;
}
#total_row  { font-weight: bold; }
.passClass  { background-color: #6c6; }
.failClass  { background-color: #c60; }
.errorClass { background-color: #c00; }
.passCase   { color: #6c6; }
.failCase   { color: #c60; font-weight: bold; }
.errorCase  { color: #c00; font-weight: bold; }
.hiddenRow  { display: none; }
.testcase   { margin-left: 2em; }
td.testname {width: 40%}
td.small {width: 40px}

/* -- ending --------------------------------------------------------------- */
#ending {
}

</style>

</head>
<body>
<script language="javascript" type="text/javascript"><!--
output_list = Array();

/* level - 0:Summary; 1:Failed; 2:All */
function showCase(level) {
    trs = document.getElementsByTagName("tr");
    for (var i = 0; i < trs.length; i++) {
        tr = trs[i];
        id = tr.id;
        if (id.substr(0,2) == 'ft') {
            if (level < 1) {
                tr.className = 'hiddenRow';
            }
            else {
                tr.className = '';
            }
        }
        if (id.substr(0,2) == 'pt') {
            if (level > 1) {
                tr.className = '';
            }
            else {
                tr.className = 'hiddenRow';
            }
        }
    }
}


function showClassDetail(cid, count) {
    var id_list = Array(count);
    var toHide = 1;
    for (var i = 0; i < count; i++) {
        tid0 = 't' + cid.substr(1) + '.' + (i+1);
        tid = 'f' + tid0;
        tr = document.getElementById(tid);
        if (!tr) {
            tid = 'p' + tid0;
            tr = document.getElementById(tid);
        }
        id_list[i] = tid;
        if (tr.className) {
            toHide = 0;
        }
    }
    for (var i = 0; i < count; i++) {
        tid = id_list[i];
        if (toHide) {
            document.getElementById('div_'+tid).style.display = 'none'
            document.getElementById(tid).className = 'hiddenRow';
        }
        else {
            document.getElementById(tid).className = '';
        }
    }
}


function showTestDetail(div_id){
    var details_div = document.getElementById(div_id)
    var displayState = details_div.style.display
    // alert(displayState)
    if (displayState != 'block' ) {
        displayState = 'block'
        details_div.style.display = 'block'
    }
    else {
        details_div.style.display = 'none'
    }
}


function html_escape(s) {
    s = s.replace(/&/g,'&amp;');
    s = s.replace(/</g,'&lt;');
    s = s.replace(/>/g,'&gt;');
    return s;
}

/* obsoleted by detail in <div>
function showOutput(id, name) {
    var w = window.open("", //url
                    name,
                    "resizable,scrollbars,status,width=800,height=450");
    d = w.document;
    d.write("<pre>");
    d.write(html_escape(output_list[id]));
    d.write("\n");
    d.write("<a href='javascript:window.close()'>close</a>\n");
    d.write("</pre>\n");
    d.close();
}
*/
--></script>

<div class='heading'>
<h1>Unit Test Report</h1>

<p class='attribute'><strong>Status:</strong> Failure 6</p>

<p class='description'></p>
</div>



<p id='show_detail_line'>Show
<a href='javascript:showCase(0)'>Summary</a>
<a href='javascript:showCase(1)'>Failed</a>
<a href='javascript:showCase(2)'>All</a>
</p>
<table id='result_table'>
<colgroup>
<col align='left' />
<col align='right' />
<col align='right' />
<col align='right' />
<col align='right' />
<col align='right' />
<col align='right' />
<col align='right' />
</colgroup>
<tr id='header_row'>
    <td>Test Group/Test case</td>
    <td>Count</td>
    <td>Pass</td>
    <td>Fail</td>
    <td>Error</td>
    <td>Skip</td>
    <td>View</td>
    <td> </td>
</tr>

<tr class='failClass'>
    <td class="testname">tempest.scenario.test_network_advanced_server_ops.TestNetworkAdvancedServerOps</td>
    <td class="small">6</td>
    <td class="small">0</td>
    <td class="small">6</td>
    <td class="small">0</td>
    <td class="small">0</td>
    <td class="small"><a href="javascript:showClassDetail('c1',6)"
>Detail</a></td>
    <td> </td>
</tr>

<tr id='ft1.1' class='none'>
    <td class='failCase'><div class='testcase'>test_server_connectivity_pause_unpause[compute,id-2b2642db-6568-4b35-b812-eceed3fa20ce,network]</div></td>
    <td colspan='7' align='left'>

    <!--css div popup start-->
    <a class="popup_link" onfocus='this.blur();'
    href="javascript:showTestDetail('div_ft1.1')" >
        fail</a>

    <div id='div_ft1.1' class="popup_window">
        <div style='text-align: right; color:red;cursor:pointer'>
        <a onfocus='this.blur();'
onclick="document.getElementById('div_ft1.1').style.display = 'none' " >
           [x]</a>
        </div>
        <pre>
        
ft1.1: tempest.scenario.test_network_advanced_server_ops.TestNetworkAdvancedServerOps.test_server_connectivity_pause_unpause[compute,id-2b2642db-6568-4b35-b812-eceed3fa20ce,network]_StringException: Empty attachments:
  stderr
  stdout

pythonlogging:'': {{{
2016-02-19 06:34:45,598 27499 INFO     [tempest_lib.common.rest_client] Request (TestNetworkAdvancedServerOps:test_server_connectivity_pause_unpause): 200 POST http://10.4.1.3:8774/v2.1/c9e2302c1b8840e3a212e2e91a7bba7a/os-keypairs 0.676s
2016-02-19 06:34:45,598 27499 DEBUG    [tempest_lib.common.rest_client] Request - Headers: {'Content-Type': 'application/json', 'Accept': 'application/json', 'X-Auth-Token': '&lt;omitted&gt;'}
        Body: {"keypair": {"name": "tempest-TestNetworkAdvancedServerOps-665098847"}}
    Response - Headers: {'status': '200', 'content-length': '2329', 'x-compute-request-id': 'req-e5e6e148-79ac-4835-9bf8-9bea9a9ca7a0', 'vary': 'X-OpenStack-Nova-API-Version', 'connection': 'close', 'x-openstack-nova-api-version': '2.1', 'date': 'Fri, 19 Feb 2016 06:34:45 GMT', 'content-type': 'application/json'}
        Body: {"keypair": {"public_key": "ssh-rsa AAAAB3NzaC1yc2EAAAADAQABAAABAQCm1rjyNGymads6JdUKtmVh/WJjfj2cTkUMKpsp4nuuVkQEbZhPZA4j7awcxL1GCwHoHmsuuYDJIqQZtB6rJ/BZlBlo1pvvngoDQ7bbC+zRkIhhpY9LP3qTiDNbd146HUTmgyNwJkEWpo9T5LTS5jdL5p5AzOTZfE1VMRRrIEDDsGtr2U7Q+aZtmrptMUp5PiCf8w/bJKDmp8RLLMYV93lUNGKHJCNRu0HtNbhV2o9xYpV5czKwEV7KqXVPWXV1Vd1Gf8M2FOg2+5yWt9jkBe2yV8gE+AAeUEQydLF5Pg8aXwclIgU2g5oMFVyrgE7QeWljaOaeQXgyZyrTwx/lsHS3 Generated-by-Nova", "private_key": "-----BEGIN RSA PRIVATE KEY-----\nMIIEqAIBAAKCAQEApta48jRspmnbOiXVCrZlYf1iY349nE5FDCqbKeJ7rlZEBG2Y\nT2QOI+2sHMS9RgsB6B5rLrmAySKkGbQeqyfwWZQZaNab754KA0O22wvs0ZCIYaWP\nSz96k4gzW3deOh1E5oMjcCZBFqaPU+S00uY3S+aeQMzk2XxNVTEUayBAw7Bra9lO\n0PmmbZq6bTFKeT4gn/MP2ySg5qfESyzGFfd5VDRihyQjUbtB7TW4VdqPcWKVeXMy\nsBFeyql1T1l1dVXdRn/DNhToNvuclrfY5AXtslfIBPgAHlBEMnSxeT4PGl8HJSIF\nNoOaDBVcq4BO0HlpY2jmnkF4Mmcq08Mf5bB0twIDAQABAoIBAGsDrevFzq9LlRAO\nNkHBzvP0qIhy8CfzWHy+U3qhSH4B3W0NszWxUxSendhyJYnpA5cU8+ErobziGGpY\nS5ezbYq34TiK98jSEVAYvhBw7L1bPO+NV4WHuSMqqO6ReYJDRe+pzDBiiTtzKNpC\nB+6DNpLb4URlaKFMBvqPGa7BKGmcFW13BM5uKxNht/l6LSIT+nmlS6DAo0kjihNq\nS/V4QZfkmFYxV0Epw+Hgy2DhQf/mn2+xdh7e5RjXK9DEeHsNgIJI+Ri3Uux++ZIr\npjthe7FYrBK2mpqy8rgQZX7pftOB8jcTNcRVv6nCTkE5/Vc2QdOwg/HxL2KOiqYT\nLfnrlrECggCBAMc1JB/E+KbeKNlNE6hNKqIqYXFOeNjM486iVLFuSolJRDfNhy4X\nXFg15ZBVdtN9b5K5FffMHV53gyDsSi4AQ47xLctZ04KrJyfYNWm79dWSImjuGfQ7\nln5C/z23070/770x6TWSjVq8NsrUUteSY4IuWecm1PLVBBH5mVfCAEoJAoIAgQDW\nZzFOUM60fLOTJLgCD8/3UjfwLYiNLrc34ZAYmkbJJuIoplKGVyz85r41/GDqUfw8\nH0gUv18E0Iz+rB/ON4iP0zgjg7TFgWR5m+4LwFX2gTGOfyPgh62/zYTsUipiPbgk\nyh/3ItXOe1hfh2L3zGuniCiuXvdX/Z/RZV3YA914vwKCAIA5l3h5ItYMUCAZKrpr\nJtwThBMl0d0IOLwHqlC39z3fUOpDA814GtLcwcA7qSmwXQxbq9zZBg7bl8u2Qfn0\nMKlXcwydRLvshBTO5SgUCH47H4OJOIUSYgPRPwdRzYqOpSRnWz2j+lmZiN6CZz4I\nCs9v/HyLYmOgTMtfcvzNLU4uGQKCAIEAxuSbvMcBujUkcQ/TEzaP+iLveYMD9dSs\nas542hnkKJ5FlugUDkO4nDOBqJsjXLwJfcyXFYgiIVlGMsqCBs9FhAaxQWDgxYev\nKZEZVxVpqW9YBZS0N4omCJQjBweCAfi3ZomK9bv/E7kg1h3GFZIxHA0XkArQ8XN6\nWsnqMIYFYgkCggCARJ06WpIoIfDH+zHFGQd2vFXLvA92czWn73BvPUEggY0rwRA8\nlzBQAM4Yl2Rn7fywkhdB+OSknzw5u8J1PYKzV30LM0pCn91BuefBcJp6BEXrR0O+\nFcdPsqfkN67UlyJyjzvkE+vEIFgvb8mxyfQfQDobJo7M/iCKN7DQ5/5MuOY=\n-----END RSA PRIVATE KEY-----\n", "user_id": "0248ceae77574eac87a64eb2f04ae290", "name": "tempest-TestNetworkAdvancedServerOps-665098847", "fingerprint": "e2:aa:a9:3c:be:73:e4:3b:1a:9c:a1:f4:b6:17:b9:7c"}}
2016-02-19 06:34:46,025 27499 INFO     [tempest_lib.common.rest_client] Request (TestNetworkAdvancedServerOps:test_server_connectivity_pause_unpause): 201 POST http://10.4.1.3:9696/v2.0/security-groups 0.421s
2016-02-19 06:34:46,025 27499 DEBUG    [tempest_lib.common.rest_client] Request - Headers: {'Content-Type': 'application/json', 'Accept': 'application/json', 'X-Auth-Token': '&lt;omitted&gt;'}
        Body: {"security_group": {"tenant_id": "c9e2302c1b8840e3a212e2e91a7bba7a", "description": "tempest-secgroup-smoke-1676752307 description", "name": "tempest-secgroup-smoke-1676752307"}}
    Response - Headers: {'status': '201', 'content-length': '888', 'connection': 'close', 'date': 'Fri, 19 Feb 2016 06:34:46 GMT', 'content-type': 'application/json; charset=UTF-8', 'x-openstack-request-id': 'req-d1b4a1b1-98d9-4860-a477-1f77956b9924'}
        Body: {"security_group": {"tenant_id": "c9e2302c1b8840e3a212e2e91a7bba7a", "description": "tempest-secgroup-smoke-1676752307 description", "id": "c61d1177-6f29-481f-90b1-add8f5afb69a", "security_group_rules": [{"remote_group_id": null, "direction": "egress", "remote_ip_prefix": null, "protocol": null, "ethertype": "IPv4", "tenant_id": "c9e2302c1b8840e3a212e2e91a7bba7a", "port_range_max": null, "port_range_min": null, "id": "a7017b14-f16c-4639-a0fc-fbedf223dd22", "security_group_id": "c61d1177-6f29-481f-90b1-add8f5afb69a"}, {"remote_group_id": null, "direction": "egress", "remote_ip_prefix": null, "protocol": null, "ethertype": "IPv6", "tenant_id": "c9e2302c1b8840e3a212e2e91a7bba7a", "port_range_max": null, "port_range_min": null, "id": "ab1800ac-7f72-4bb9-9642-cc59a5e30d87", "security_group_id": "c61d1177-6f29-481f-90b1-add8f5afb69a"}], "name": "tempest-secgroup-smoke-1676752307"}}
2016-02-19 06:34:46,319 27499 INFO     [tempest_lib.common.rest_client] Request (TestNetworkAdvancedServerOps:test_server_connectivity_pause_unpause): 201 POST http://10.4.1.3:9696/v2.0/security-group-rules 0.292s
2016-02-19 06:34:46,319 27499 DEBUG    [tempest_lib.common.rest_client] Request - Headers: {'Content-Type': 'application/json', 'Accept': 'application/json', 'X-Auth-Token': '&lt;omitted&gt;'}
        Body: {"security_group_rule": {"direction": "ingress", "protocol": "tcp", "tenant_id": "c9e2302c1b8840e3a212e2e91a7bba7a", "port_range_max": 22, "security_group_id": "c61d1177-6f29-481f-90b1-add8f5afb69a", "port_range_min": 22}}
    Response - Headers: {'status': '201', 'content-length': '340', 'connection': 'close', 'date': 'Fri, 19 Feb 2016 06:34:46 GMT', 'content-type': 'application/json; charset=UTF-8', 'x-openstack-request-id': 'req-979d1fc7-f75a-4018-aaff-250995445527'}
        Body: {"security_group_rule": {"remote_group_id": null, "direction": "ingress", "remote_ip_prefix": null, "protocol": "tcp", "ethertype": "IPv4", "tenant_id": "c9e2302c1b8840e3a212e2e91a7bba7a", "port_range_max": 22, "port_range_min": 22, "id": "9a0416cb-5334-4d4f-84f5-b4053f008265", "security_group_id": "c61d1177-6f29-481f-90b1-add8f5afb69a"}}
2016-02-19 06:34:46,636 27499 INFO     [tempest_lib.common.rest_client] Request (TestNetworkAdvancedServerOps:test_server_connectivity_pause_unpause): 201 POST http://10.4.1.3:9696/v2.0/security-group-rules 0.315s
2016-02-19 06:34:46,636 27499 DEBUG    [tempest_lib.common.rest_client] Request - Headers: {'Content-Type': 'application/json', 'Accept': 'application/json', 'X-Auth-Token': '&lt;omitted&gt;'}
        Body: {"security_group_rule": {"direction": "egress", "protocol": "tcp", "tenant_id": "c9e2302c1b8840e3a212e2e91a7bba7a", "port_range_max": 22, "security_group_id": "c61d1177-6f29-481f-90b1-add8f5afb69a", "port_range_min": 22}}
    Response - Headers: {'status': '201', 'content-length': '339', 'connection': 'close', 'date': 'Fri, 19 Feb 2016 06:34:46 GMT', 'content-type': 'application/json; charset=UTF-8', 'x-openstack-request-id': 'req-130389b5-8a84-454e-8f44-9315f88b48d7'}
        Body: {"security_group_rule": {"remote_group_id": null, "direction": "egress", "remote_ip_prefix": null, "protocol": "tcp", "ethertype": "IPv4", "tenant_id": "c9e2302c1b8840e3a212e2e91a7bba7a", "port_range_max": 22, "port_range_min": 22, "id": "26e4cb61-b30a-4fd6-8050-5d2e2dcefcdd", "security_group_id": "c61d1177-6f29-481f-90b1-add8f5afb69a"}}
2016-02-19 06:34:46,979 27499 INFO     [tempest_lib.common.rest_client] Request (TestNetworkAdvancedServerOps:test_server_connectivity_pause_unpause): 201 POST http://10.4.1.3:9696/v2.0/security-group-rules 0.342s
2016-02-19 06:34:46,980 27499 DEBUG    [tempest_lib.common.rest_client] Request - Headers: {'Content-Type': 'application/json', 'Accept': 'application/json', 'X-Auth-Token': '&lt;omitted&gt;'}
        Body: {"security_group_rule": {"tenant_id": "c9e2302c1b8840e3a212e2e91a7bba7a", "direction": "ingress", "protocol": "icmp", "security_group_id": "c61d1177-6f29-481f-90b1-add8f5afb69a"}}
    Response - Headers: {'status': '201', 'content-length': '345', 'connection': 'close', 'date': 'Fri, 19 Feb 2016 06:34:46 GMT', 'content-type': 'application/json; charset=UTF-8', 'x-openstack-request-id': 'req-0dc4c78b-cd8c-4435-8b8f-0c6f25d4a2c3'}
        Body: {"security_group_rule": {"remote_group_id": null, "direction": "ingress", "remote_ip_prefix": null, "protocol": "icmp", "ethertype": "IPv4", "tenant_id": "c9e2302c1b8840e3a212e2e91a7bba7a", "port_range_max": null, "port_range_min": null, "id": "cccb34a0-6eb7-4706-8679-338ef7644eb5", "security_group_id": "c61d1177-6f29-481f-90b1-add8f5afb69a"}}
2016-02-19 06:34:47,301 27499 INFO     [tempest_lib.common.rest_client] Request (TestNetworkAdvancedServerOps:test_server_connectivity_pause_unpause): 201 POST http://10.4.1.3:9696/v2.0/security-group-rules 0.319s
2016-02-19 06:34:47,302 27499 DEBUG    [tempest_lib.common.rest_client] Request - Headers: {'Content-Type': 'application/json', 'Accept': 'application/json', 'X-Auth-Token': '&lt;omitted&gt;'}
        Body: {"security_group_rule": {"tenant_id": "c9e2302c1b8840e3a212e2e91a7bba7a", "direction": "egress", "protocol": "icmp", "security_group_id": "c61d1177-6f29-481f-90b1-add8f5afb69a"}}
    Response - Headers: {'status': '201', 'content-length': '344', 'connection': 'close', 'date': 'Fri, 19 Feb 2016 06:34:47 GMT', 'content-type': 'application/json; charset=UTF-8', 'x-openstack-request-id': 'req-2ff9142a-56ea-4abf-b90f-cfe7b873defa'}
        Body: {"security_group_rule": {"remote_group_id": null, "direction": "egress", "remote_ip_prefix": null, "protocol": "icmp", "ethertype": "IPv4", "tenant_id": "c9e2302c1b8840e3a212e2e91a7bba7a", "port_range_max": null, "port_range_min": null, "id": "db75eed1-2b66-475d-aa1f-3466a976b96e", "security_group_id": "c61d1177-6f29-481f-90b1-add8f5afb69a"}}
2016-02-19 06:34:47,641 27499 INFO     [tempest_lib.common.rest_client] Request (TestNetworkAdvancedServerOps:test_server_connectivity_pause_unpause): 201 POST http://10.4.1.3:9696/v2.0/security-group-rules 0.337s
2016-02-19 06:34:47,641 27499 DEBUG    [tempest_lib.common.rest_client] Request - Headers: {'Content-Type': 'application/json', 'Accept': 'application/json', 'X-Auth-Token': '&lt;omitted&gt;'}
        Body: {"security_group_rule": {"tenant_id": "c9e2302c1b8840e3a212e2e91a7bba7a", "direction": "ingress", "security_group_id": "c61d1177-6f29-481f-90b1-add8f5afb69a", "protocol": "icmp", "ethertype": "IPv6"}}
    Response - Headers: {'status': '201', 'content-length': '345', 'connection': 'close', 'date': 'Fri, 19 Feb 2016 06:34:47 GMT', 'content-type': 'application/json; charset=UTF-8', 'x-openstack-request-id': 'req-f03b5040-25fa-48fe-9a68-86e71101c9b6'}
        Body: {"security_group_rule": {"remote_group_id": null, "direction": "ingress", "remote_ip_prefix": null, "protocol": "icmp", "ethertype": "IPv6", "tenant_id": "c9e2302c1b8840e3a212e2e91a7bba7a", "port_range_max": null, "port_range_min": null, "id": "6240726f-23cf-40ac-8f4c-4fb39793ed83", "security_group_id": "c61d1177-6f29-481f-90b1-add8f5afb69a"}}
2016-02-19 06:34:47,979 27499 INFO     [tempest_lib.common.rest_client] Request (TestNetworkAdvancedServerOps:test_server_connectivity_pause_unpause): 201 POST http://10.4.1.3:9696/v2.0/security-group-rules 0.335s
2016-02-19 06:34:47,979 27499 DEBUG    [tempest_lib.common.rest_client] Request - Headers: {'Content-Type': 'application/json', 'Accept': 'application/json', 'X-Auth-Token': '&lt;omitted&gt;'}
        Body: {"security_group_rule": {"tenant_id": "c9e2302c1b8840e3a212e2e91a7bba7a", "direction": "egress", "security_group_id": "c61d1177-6f29-481f-90b1-add8f5afb69a", "protocol": "icmp", "ethertype": "IPv6"}}
    Response - Headers: {'status': '201', 'content-length': '344', 'connection': 'close', 'date': 'Fri, 19 Feb 2016 06:34:47 GMT', 'content-type': 'application/json; charset=UTF-8', 'x-openstack-request-id': 'req-f2e588c7-5f42-43c7-8aa3-e44093a3cb20'}
        Body: {"security_group_rule": {"remote_group_id": null, "direction": "egress", "remote_ip_prefix": null, "protocol": "icmp", "ethertype": "IPv6", "tenant_id": "c9e2302c1b8840e3a212e2e91a7bba7a", "port_range_max": null, "port_range_min": null, "id": "2f7fe85e-f8d4-46b5-955d-82035376f63d", "security_group_id": "c61d1177-6f29-481f-90b1-add8f5afb69a"}}
2016-02-19 06:34:48,445 27499 INFO     [tempest_lib.common.rest_client] Request (TestNetworkAdvancedServerOps:test_server_connectivity_pause_unpause): 201 POST http://10.4.1.3:9696/v2.0/networks 0.464s
2016-02-19 06:34:48,445 27499 DEBUG    [tempest_lib.common.rest_client] Request - Headers: {'Content-Type': 'application/json', 'Accept': 'application/json', 'X-Auth-Token': '&lt;omitted&gt;'}
        Body: {"network": {"tenant_id": "c9e2302c1b8840e3a212e2e91a7bba7a", "name": "tempest-network-smoke--844127079"}}
    Response - Headers: {'status': '201', 'content-length': '355', 'connection': 'close', 'date': 'Fri, 19 Feb 2016 06:34:48 GMT', 'content-type': 'application/json; charset=UTF-8', 'x-openstack-request-id': 'req-99f73a65-cf44-404e-bb7a-235fe9ee8c1d'}
        Body: {"network": {"status": "ACTIVE", "subnets": [], "availability_zone_hints": [], "availability_zones": [], "name": "tempest-network-smoke--844127079", "admin_state_up": true, "tenant_id": "c9e2302c1b8840e3a212e2e91a7bba7a", "mtu": 1450, "router:external": false, "shared": false, "port_security_enabled": true, "id": "da09b278-e821-41d9-b3db-37eb8101e5bd"}}
2016-02-19 06:34:48,717 27499 INFO     [tempest_lib.common.rest_client] Request (TestNetworkAdvancedServerOps:test_server_connectivity_pause_unpause): 201 POST http://10.4.1.3:9696/v2.0/routers 0.271s
2016-02-19 06:34:48,718 27499 DEBUG    [tempest_lib.common.rest_client] Request - Headers: {'Content-Type': 'application/json', 'Accept': 'application/json', 'X-Auth-Token': '&lt;omitted&gt;'}
        Body: {"router": {"tenant_id": "c9e2302c1b8840e3a212e2e91a7bba7a", "name": "tempest-router-smoke-1100402600", "admin_state_up": true}}
    Response - Headers: {'status': '201', 'content-length': '239', 'connection': 'close', 'date': 'Fri, 19 Feb 2016 06:34:48 GMT', 'content-type': 'application/json; charset=UTF-8', 'x-openstack-request-id': 'req-168d2242-9ec3-49cd-bd7f-d3c7406635ee'}
        Body: {"router": {"status": "ACTIVE", "external_gateway_info": null, "name": "tempest-router-smoke-1100402600", "admin_state_up": true, "tenant_id": "c9e2302c1b8840e3a212e2e91a7bba7a", "routes": [], "id": "8cba5b63-de5d-4bef-a4e1-f88ba3d218a5"}}
2016-02-19 06:34:48,968 27499 INFO     [tempest_lib.common.rest_client] Request (TestNetworkAdvancedServerOps:test_server_connectivity_pause_unpause): 200 GET http://10.4.1.3:9696/v2.0/routers/8cba5b63-de5d-4bef-a4e1-f88ba3d218a5 0.249s
2016-02-19 06:34:48,969 27499 DEBUG    [tempest_lib.common.rest_client] Request - Headers: {'Content-Type': 'application/json', 'Accept': 'application/json', 'X-Auth-Token': '&lt;omitted&gt;'}
        Body: None
    Response - Headers: {'status': '200', 'content-length': '239', 'content-location': 'http://10.4.1.3:9696/v2.0/routers/8cba5b63-de5d-4bef-a4e1-f88ba3d218a5', 'connection': 'close', 'date': 'Fri, 19 Feb 2016 06:34:48 GMT', 'content-type': 'application/json; charset=UTF-8', 'x-openstack-request-id': 'req-9ccc8d12-dcdf-4e83-b0b8-2ed756f10da6'}
        Body: {"router": {"status": "ACTIVE", "external_gateway_info": null, "name": "tempest-router-smoke-1100402600", "admin_state_up": true, "tenant_id": "c9e2302c1b8840e3a212e2e91a7bba7a", "routes": [], "id": "8cba5b63-de5d-4bef-a4e1-f88ba3d218a5"}}
2016-02-19 06:34:49,850 27499 INFO     [tempest_lib.common.rest_client] Request (TestNetworkAdvancedServerOps:test_server_connectivity_pause_unpause): 200 PUT http://10.4.1.3:9696/v2.0/routers/8cba5b63-de5d-4bef-a4e1-f88ba3d218a5 0.880s
2016-02-19 06:34:49,850 27499 DEBUG    [tempest_lib.common.rest_client] Request - Headers: {'Content-Type': 'application/json', 'Accept': 'application/json', 'X-Auth-Token': '&lt;omitted&gt;'}
        Body: {"router": {"external_gateway_info": {"network_id": "4eed5d49-6f8e-4d21-8365-708cae378e71"}, "name": "tempest-router-smoke-1100402600", "admin_state_up": true}}
    Response - Headers: {'status': '200', 'content-length': '501', 'connection': 'close', 'date': 'Fri, 19 Feb 2016 06:34:49 GMT', 'content-type': 'application/json; charset=UTF-8', 'x-openstack-request-id': 'req-76d333a9-859c-493f-9dc4-abe30afaba57'}
        Body: {"router": {"status": "ACTIVE", "external_gateway_info": {"network_id": "4eed5d49-6f8e-4d21-8365-708cae378e71", "enable_snat": true, "external_fixed_ips": [{"subnet_id": "6b5d990d-a6a7-4d60-8462-1886d77187e0", "ip_address": "172.24.4.3"}, {"subnet_id": "af8aace7-3323-4f47-bf70-ab84a139b2fd", "ip_address": "2001:db8::3"}]}, "name": "tempest-router-smoke-1100402600", "admin_state_up": true, "tenant_id": "c9e2302c1b8840e3a212e2e91a7bba7a", "routes": [], "id": "8cba5b63-de5d-4bef-a4e1-f88ba3d218a5"}}
2016-02-19 06:34:50,094 27499 INFO     [tempest_lib.common.rest_client] Request (TestNetworkAdvancedServerOps:test_server_connectivity_pause_unpause): 200 GET http://10.4.1.3:9696/v2.0/subnets?tenant_id=c9e2302c1b8840e3a212e2e91a7bba7a&amp;cidr=10.100.0.0%2F28 0.243s
2016-02-19 06:34:50,095 27499 DEBUG    [tempest_lib.common.rest_client] Request - Headers: {'Content-Type': 'application/json', 'Accept': 'application/json', 'X-Auth-Token': '&lt;omitted&gt;'}
        Body: None
    Response - Headers: {'status': '200', 'content-length': '15', 'content-location': 'http://10.4.1.3:9696/v2.0/subnets?tenant_id=c9e2302c1b8840e3a212e2e91a7bba7a&amp;cidr=10.100.0.0%2F28', 'connection': 'close', 'date': 'Fri, 19 Feb 2016 06:34:50 GMT', 'content-type': 'application/json; charset=UTF-8', 'x-openstack-request-id': 'req-bd47afcf-5fca-47c0-9af5-a67423ab14ea'}
        Body: {"subnets": []}
2016-02-19 06:34:50,647 27499 INFO     [tempest_lib.common.rest_client] Request (TestNetworkAdvancedServerOps:test_server_connectivity_pause_unpause): 201 POST http://10.4.1.3:9696/v2.0/subnets 0.549s
2016-02-19 06:34:50,647 27499 DEBUG    [tempest_lib.common.rest_client] Request - Headers: {'Content-Type': 'application/json', 'Accept': 'application/json', 'X-Auth-Token': '&lt;omitted&gt;'}
        Body: {"subnet": {"ip_version": 4, "tenant_id": "c9e2302c1b8840e3a212e2e91a7bba7a", "cidr": "10.100.0.0/28", "network_id": "da09b278-e821-41d9-b3db-37eb8101e5bd", "name": "tempest-subnet-smoke-730202117"}}
    Response - Headers: {'status': '201', 'content-length': '477', 'connection': 'close', 'date': 'Fri, 19 Feb 2016 06:34:50 GMT', 'content-type': 'application/json; charset=UTF-8', 'x-openstack-request-id': 'req-f21aa63e-5ba7-4a41-921d-449cc53128a3'}
        Body: {"subnet": {"name": "tempest-subnet-smoke-730202117", "enable_dhcp": true, "network_id": "da09b278-e821-41d9-b3db-37eb8101e5bd", "tenant_id": "c9e2302c1b8840e3a212e2e91a7bba7a", "dns_nameservers": [], "gateway_ip": "10.100.0.1", "ipv6_ra_mode": null, "allocation_pools": [{"start": "10.100.0.2", "end": "10.100.0.14"}], "host_routes": [], "ip_version": 4, "ipv6_address_mode": null, "cidr": "10.100.0.0/28", "id": "9dbef173-69ec-4446-a725-53073617f04f", "subnetpool_id": null}}
2016-02-19 06:34:51,414 27499 INFO     [tempest_lib.common.rest_client] Request (TestNetworkAdvancedServerOps:test_server_connectivity_pause_unpause): 200 PUT http://10.4.1.3:9696/v2.0/routers/8cba5b63-de5d-4bef-a4e1-f88ba3d218a5/add_router_interface 0.766s
2016-02-19 06:34:51,414 27499 DEBUG    [tempest_lib.common.rest_client] Request - Headers: {'Content-Type': 'application/json', 'Accept': 'application/json', 'X-Auth-Token': '&lt;omitted&gt;'}
        Body: {"subnet_id": "9dbef173-69ec-4446-a725-53073617f04f"}
    Response - Headers: {'status': '200', 'content-length': '309', 'connection': 'close', 'date': 'Fri, 19 Feb 2016 06:34:51 GMT', 'content-type': 'application/json; charset=UTF-8', 'x-openstack-request-id': 'req-ac71fe38-f2d3-4ca4-a6df-a8840c3022db'}
        Body: {"network_id": "da09b278-e821-41d9-b3db-37eb8101e5bd", "tenant_id": "c9e2302c1b8840e3a212e2e91a7bba7a", "subnet_id": "9dbef173-69ec-4446-a725-53073617f04f", "subnet_ids": ["9dbef173-69ec-4446-a725-53073617f04f"], "port_id": "abbbcfe8-2070-4d96-9d40-bb197e8ba408", "id": "8cba5b63-de5d-4bef-a4e1-f88ba3d218a5"}
2016-02-19 06:34:51,594 27499 INFO     [tempest_lib.common.rest_client] Request (TestNetworkAdvancedServerOps:test_server_connectivity_pause_unpause): 200 POST http://10.4.1.3:5000/v2.0/tokens
2016-02-19 06:34:51,594 27499 DEBUG    [tempest_lib.common.rest_client] Request - Headers: {'Content-Type': 'application/json', 'Accept': 'application/json'}
        Body: &lt;omitted&gt;
    Response - Headers: {'status': '200', 'content-length': '2294', 'vary': 'X-Auth-Token', 'server': 'Apache/2.4.7 (Ubuntu)', 'connection': 'close', 'date': 'Fri, 19 Feb 2016 06:34:51 GMT', 'content-type': 'application/json', 'x-openstack-request-id': 'req-96ab9e0c-0da2-4529-8437-d9d33419fc3d'}
        Body: {"access": {"token": {"issued_at": "2016-02-19T06:34:51.581342", "expires": "2016-02-19T07:34:51Z", "id": "e181fb13fadd4028a5c82d9b88b18591", "tenant": {"description": "tempest-TestNetworkAdvancedServerOps-722840687-desc", "enabled": true, "id": "c9e2302c1b8840e3a212e2e91a7bba7a", "name": "tempest-TestNetworkAdvancedServerOps-722840687"}, "audit_ids": ["QAH6s3-ZR2GpVbW4TOESIA"]}, "serviceCatalog": [{"endpoints": [{"adminURL": "http://10.4.1.3:9292", "region": "RegionOne", "internalURL": "http://10.4.1.3:9292", "id": "9f7b06d47f0a4e648061dd40e32bbdb2", "publicURL": "http://10.4.1.3:9292"}], "endpoints_links": [], "type": "image", "name": "glance"}, {"endpoints": [{"adminURL": "http://10.4.1.3:8774/v2.1/c9e2302c1b8840e3a212e2e91a7bba7a", "region": "RegionOne", "internalURL": "http://10.4.1.3:8774/v2.1/c9e2302c1b8840e3a212e2e91a7bba7a", "id": "8c085690243c419b8dcd28046cc1f1df", "publicURL": "http://10.4.1.3:8774/v2.1/c9e2302c1b8840e3a212e2e91a7bba7a"}], "endpoints_links": [], "type": "compute", "name": "nova"}, {"endpoints": [{"adminURL": "http://10.4.1.3:9696/", "region": "RegionOne", "internalURL": "http://10.4.1.3:9696/", "id": "15cac1e22ba44216803215da320a4eee", "publicURL": "http://10.4.1.3:9696/"}], "endpoints_links": [], "type": "network", "name": "neutron"}, {"endpoints": [{"adminURL": "http://10.4.1.3:35357/v2.0", "region": "RegionOne", "internalURL": "http://10.4.1.3:5000/v2.0", "id": "5ff8975251134766a602042432945d8c", "publicURL": "http://10.4.1.3:5000/v2.0"}], "endpoints_links": [], "type": "identity", "name": "keystone"}, {"endpoints": [{"adminURL": "http://10.4.1.3:8774/v2/c9e2302c1b8840e3a212e2e91a7bba7a", "region": "RegionOne", "internalURL": "http://10.4.1.3:8774/v2/c9e2302c1b8840e3a212e2e91a7bba7a", "id": "9bf3562787dc41b78554bdb3d451fdfa", "publicURL": "http://10.4.1.3:8774/v2/c9e2302c1b8840e3a212e2e91a7bba7a"}], "endpoints_links": [], "type": "compute_legacy", "name": "nova_legacy"}], "user": {"username": "tempest-TestNetworkAdvancedServerOps-1308835537", "roles_links": [], "id": "0248ceae77574eac87a64eb2f04ae290", "roles": [{"name": "_member_"}, {"name": "Member"}], "name": "tempest-TestNetworkAdvancedServerOps-1308835537"}, "metadata": {"is_admin": 0, "roles": ["9fe2ff9ee4384b1894a90878d3e92bab", "9382ee1f0e93466bb6f018f486068ad2"]}}}
2016-02-19 06:34:51,600 27499 DEBUG    [tempest.common.fixed_network] (TestNetworkAdvancedServerOps:test_server_connectivity_pause_unpause) No valid network provided or created, defaulting to fixed_network_name
2016-02-19 06:34:52,130 27499 INFO     [tempest_lib.common.rest_client] Request (TestNetworkAdvancedServerOps:test_server_connectivity_pause_unpause): 200 GET http://10.4.1.3:8774/v2.1/c9e2302c1b8840e3a212e2e91a7bba7a/os-networks 0.530s
2016-02-19 06:34:52,131 27499 DEBUG    [tempest_lib.common.rest_client] Request - Headers: {'Content-Type': 'application/json', 'Accept': 'application/json', 'X-Auth-Token': '&lt;omitted&gt;'}
        Body: None
    Response - Headers: {'status': '200', 'content-length': '478', 'content-location': 'http://10.4.1.3:8774/v2.1/c9e2302c1b8840e3a212e2e91a7bba7a/os-networks', 'x-compute-request-id': 'req-b8cbf793-2263-422a-bba5-49d74fc1ac47', 'vary': 'X-OpenStack-Nova-API-Version', 'connection': 'close', 'x-openstack-nova-api-version': '2.1', 'date': 'Fri, 19 Feb 2016 06:34:52 GMT', 'content-type': 'application/json'}
        Body: {"networks": [{"cidr_v6": null, "dns2": null, "dns1": null, "gateway": null, "broadcast": null, "netmask": null, "gateway_v6": null, "cidr": null, "label": "public", "id": "4eed5d49-6f8e-4d21-8365-708cae378e71", "netmask_v6": null}, {"cidr_v6": null, "dns2": null, "dns1": null, "gateway": null, "broadcast": null, "netmask": null, "gateway_v6": null, "cidr": null, "label": "tempest-network-smoke--844127079", "id": "da09b278-e821-41d9-b3db-37eb8101e5bd", "netmask_v6": null}]}
2016-02-19 06:34:52,132 27499 WARNING  [tempest.common.fixed_network] (TestNetworkAdvancedServerOps:test_server_connectivity_pause_unpause) Network with name: private not found
2016-02-19 06:34:52,132 27499 INFO     [tempest.common.fixed_network] (TestNetworkAdvancedServerOps:test_server_connectivity_pause_unpause) Found network {} available for tenant
2016-02-19 06:34:55,137 27499 INFO     [tempest_lib.common.rest_client] Request (TestNetworkAdvancedServerOps:test_server_connectivity_pause_unpause): 202 POST http://10.4.1.3:8774/v2.1/c9e2302c1b8840e3a212e2e91a7bba7a/servers 3.003s
2016-02-19 06:34:55,138 27499 DEBUG    [tempest_lib.common.rest_client] Request - Headers: {'Content-Type': 'application/json', 'Accept': 'application/json', 'X-Auth-Token': '&lt;omitted&gt;'}
        Body: {"server": {"name": "tempest-server-smoke-486347411", "imageRef": "65fdae8d-0cb0-48f5-99fc-7a167cadb794", "key_name": "tempest-TestNetworkAdvancedServerOps-665098847", "flavorRef": "42", "networks": [{"uuid": "da09b278-e821-41d9-b3db-37eb8101e5bd"}], "security_groups": [{"name": "tempest-secgroup-smoke-1676752307"}]}}
    Response - Headers: {'status': '202', 'content-length': '460', 'x-compute-request-id': 'req-30761dfb-d06b-4590-b304-90e0bc6ae508', 'vary': 'X-OpenStack-Nova-API-Version', 'connection': 'close', 'location': 'http://10.4.1.3:8774/v2.1/c9e2302c1b8840e3a212e2e91a7bba7a/servers/6ccfcd18-ee39-4b75-b6f0-cc2bb02e4e0a', 'x-openstack-nova-api-version': '2.1', 'date': 'Fri, 19 Feb 2016 06:34:55 GMT', 'content-type': 'application/json'}
        Body: {"server": {"security_groups": [{"name": "tempest-secgroup-smoke-1676752307"}], "OS-DCF:diskConfig": "MANUAL", "id": "6ccfcd18-ee39-4b75-b6f0-cc2bb02e4e0a", "links": [{"href": "http://10.4.1.3:8774/v2.1/c9e2302c1b8840e3a212e2e91a7bba7a/servers/6ccfcd18-ee39-4b75-b6f0-cc2bb02e4e0a", "rel": "self"}, {"href": "http://10.4.1.3:8774/c9e2302c1b8840e3a212e2e91a7bba7a/servers/6ccfcd18-ee39-4b75-b6f0-cc2bb02e4e0a", "rel": "bookmark"}], "adminPass": "HqUQfX7ByjA6"}}
2016-02-19 06:34:55,614 27499 INFO     [tempest_lib.common.rest_client] Request (TestNetworkAdvancedServerOps:test_server_connectivity_pause_unpause): 200 GET http://10.4.1.3:8774/v2.1/c9e2302c1b8840e3a212e2e91a7bba7a/servers/6ccfcd18-ee39-4b75-b6f0-cc2bb02e4e0a 0.470s
2016-02-19 06:34:55,614 27499 DEBUG    [tempest_lib.common.rest_client] Request - Headers: {'Content-Type': 'application/json', 'Accept': 'application/json', 'X-Auth-Token': '&lt;omitted&gt;'}
        Body: None
    Response - Headers: {'status': '200', 'content-length': '1348', 'content-location': 'http://10.4.1.3:8774/v2.1/c9e2302c1b8840e3a212e2e91a7bba7a/servers/6ccfcd18-ee39-4b75-b6f0-cc2bb02e4e0a', 'x-compute-request-id': 'req-a8c4e6f0-1ffa-49c1-a0d1-9e710aedb5a9', 'vary': 'X-OpenStack-Nova-API-Version', 'connection': 'close', 'x-openstack-nova-api-version': '2.1', 'date': 'Fri, 19 Feb 2016 06:34:55 GMT', 'content-type': 'application/json'}
        Body: {"server": {"status": "BUILD", "updated": "2016-02-19T06:34:55Z", "hostId": "", "addresses": {}, "links": [{"href": "http://10.4.1.3:8774/v2.1/c9e2302c1b8840e3a212e2e91a7bba7a/servers/6ccfcd18-ee39-4b75-b6f0-cc2bb02e4e0a", "rel": "self"}, {"href": "http://10.4.1.3:8774/c9e2302c1b8840e3a212e2e91a7bba7a/servers/6ccfcd18-ee39-4b75-b6f0-cc2bb02e4e0a", "rel": "bookmark"}], "key_name": "tempest-TestNetworkAdvancedServerOps-665098847", "image": {"id": "65fdae8d-0cb0-48f5-99fc-7a167cadb794", "links": [{"href": "http://10.4.1.3:8774/c9e2302c1b8840e3a212e2e91a7bba7a/images/65fdae8d-0cb0-48f5-99fc-7a167cadb794", "rel": "bookmark"}]}, "OS-EXT-STS:task_state": "scheduling", "OS-EXT-STS:vm_state": "building", "OS-SRV-USG:launched_at": null, "flavor": {"id": "42", "links": [{"href": "http://10.4.1.3:8774/c9e2302c1b8840e3a212e2e91a7bba7a/flavors/42", "rel": "bookmark"}]}, "id": "6ccfcd18-ee39-4b75-b6f0-cc2bb02e4e0a", "OS-SRV-USG:terminated_at": null, "OS-EXT-AZ:availability_zone": "", "user_id": "0248ceae77574eac87a64eb2f04ae290", "name": "tempest-server-smoke-486347411", "created": "2016-02-19T06:34:55Z", "tenant_id": "c9e2302c1b8840e3a212e2e91a7bba7a", "OS-DCF:diskConfig": "MANUAL", "os-extended-volumes:volumes_attached": [], "accessIPv4": "", "accessIPv6": "", "progress": 0, "OS-EXT-STS:power_state": 0, "config_drive": "", "metadata": {}}}
2016-02-19 06:34:57,186 27499 INFO     [tempest_lib.common.rest_client] Request (TestNetworkAdvancedServerOps:test_server_connectivity_pause_unpause): 200 GET http://10.4.1.3:8774/v2.1/c9e2302c1b8840e3a212e2e91a7bba7a/servers/6ccfcd18-ee39-4b75-b6f0-cc2bb02e4e0a 0.560s
2016-02-19 06:34:57,186 27499 DEBUG    [tempest_lib.common.rest_client] Request - Headers: {'Content-Type': 'application/json', 'Accept': 'application/json', 'X-Auth-Token': '&lt;omitted&gt;'}
        Body: None
    Response - Headers: {'status': '200', 'content-length': '1406', 'content-location': 'http://10.4.1.3:8774/v2.1/c9e2302c1b8840e3a212e2e91a7bba7a/servers/6ccfcd18-ee39-4b75-b6f0-cc2bb02e4e0a', 'x-compute-request-id': 'req-b850bba9-e377-46cb-902d-520246d4f6aa', 'vary': 'X-OpenStack-Nova-API-Version', 'connection': 'close', 'x-openstack-nova-api-version': '2.1', 'date': 'Fri, 19 Feb 2016 06:34:57 GMT', 'content-type': 'application/json'}
        Body: {"server": {"status": "BUILD", "updated": "2016-02-19T06:34:56Z", "hostId": "d079c55b38fe2c63f089bca2580aabfc4474e2801431bebfff4e4b67", "addresses": {}, "links": [{"href": "http://10.4.1.3:8774/v2.1/c9e2302c1b8840e3a212e2e91a7bba7a/servers/6ccfcd18-ee39-4b75-b6f0-cc2bb02e4e0a", "rel": "self"}, {"href": "http://10.4.1.3:8774/c9e2302c1b8840e3a212e2e91a7bba7a/servers/6ccfcd18-ee39-4b75-b6f0-cc2bb02e4e0a", "rel": "bookmark"}], "key_name": "tempest-TestNetworkAdvancedServerOps-665098847", "image": {"id": "65fdae8d-0cb0-48f5-99fc-7a167cadb794", "links": [{"href": "http://10.4.1.3:8774/c9e2302c1b8840e3a212e2e91a7bba7a/images/65fdae8d-0cb0-48f5-99fc-7a167cadb794", "rel": "bookmark"}]}, "OS-EXT-STS:task_state": "spawning", "OS-EXT-STS:vm_state": "building", "OS-SRV-USG:launched_at": null, "flavor": {"id": "42", "links": [{"href": "http://10.4.1.3:8774/c9e2302c1b8840e3a212e2e91a7bba7a/flavors/42", "rel": "bookmark"}]}, "id": "6ccfcd18-ee39-4b75-b6f0-cc2bb02e4e0a", "OS-SRV-USG:terminated_at": null, "OS-EXT-AZ:availability_zone": "nova", "user_id": "0248ceae77574eac87a64eb2f04ae290", "name": "tempest-server-smoke-486347411", "created": "2016-02-19T06:34:55Z", "tenant_id": "c9e2302c1b8840e3a212e2e91a7bba7a", "OS-DCF:diskConfig": "MANUAL", "os-extended-volumes:volumes_attached": [], "accessIPv4": "", "accessIPv6": "", "progress": 0, "OS-EXT-STS:power_state": 0, "config_drive": "", "metadata": {}}}
2016-02-19 06:34:57,194 27499 INFO     [tempest.common.waiters] State transition "BUILD/scheduling" ==&gt; "BUILD/spawning" after 2 second wait
2016-02-19 06:34:59,031 27499 INFO     [tempest_lib.common.rest_client] Request (TestNetworkAdvancedServerOps:test_server_connectivity_pause_unpause): 200 GET http://10.4.1.3:8774/v2.1/c9e2302c1b8840e3a212e2e91a7bba7a/servers/6ccfcd18-ee39-4b75-b6f0-cc2bb02e4e0a 0.834s
2016-02-19 06:34:59,031 27499 DEBUG    [tempest_lib.common.rest_client] Request - Headers: {'Content-Type': 'application/json', 'Accept': 'application/json', 'X-Auth-Token': '&lt;omitted&gt;'}
        Body: None
    Response - Headers: {'status': '200', 'content-length': '1474', 'content-location': 'http://10.4.1.3:8774/v2.1/c9e2302c1b8840e3a212e2e91a7bba7a/servers/6ccfcd18-ee39-4b75-b6f0-cc2bb02e4e0a', 'x-compute-request-id': 'req-2bf06b0e-4bed-45bc-9450-041ac46ffa76', 'vary': 'X-OpenStack-Nova-API-Version', 'connection': 'close', 'x-openstack-nova-api-version': '2.1', 'date': 'Fri, 19 Feb 2016 06:34:59 GMT', 'content-type': 'application/json'}
        Body: {"server": {"status": "BUILD", "updated": "2016-02-19T06:34:56Z", "hostId": "d079c55b38fe2c63f089bca2580aabfc4474e2801431bebfff4e4b67", "addresses": {}, "links": [{"href": "http://10.4.1.3:8774/v2.1/c9e2302c1b8840e3a212e2e91a7bba7a/servers/6ccfcd18-ee39-4b75-b6f0-cc2bb02e4e0a", "rel": "self"}, {"href": "http://10.4.1.3:8774/c9e2302c1b8840e3a212e2e91a7bba7a/servers/6ccfcd18-ee39-4b75-b6f0-cc2bb02e4e0a", "rel": "bookmark"}], "key_name": "tempest-TestNetworkAdvancedServerOps-665098847", "image": {"id": "65fdae8d-0cb0-48f5-99fc-7a167cadb794", "links": [{"href": "http://10.4.1.3:8774/c9e2302c1b8840e3a212e2e91a7bba7a/images/65fdae8d-0cb0-48f5-99fc-7a167cadb794", "rel": "bookmark"}]}, "OS-EXT-STS:task_state": "spawning", "OS-EXT-STS:vm_state": "building", "OS-SRV-USG:launched_at": null, "flavor": {"id": "42", "links": [{"href": "http://10.4.1.3:8774/c9e2302c1b8840e3a212e2e91a7bba7a/flavors/42", "rel": "bookmark"}]}, "id": "6ccfcd18-ee39-4b75-b6f0-cc2bb02e4e0a", "security_groups": [{"name": "tempest-secgroup-smoke-1676752307"}], "OS-SRV-USG:terminated_at": null, "OS-EXT-AZ:availability_zone": "nova", "user_id": "0248ceae77574eac87a64eb2f04ae290", "name": "tempest-server-smoke-486347411", "created": "2016-02-19T06:34:55Z", "tenant_id": "c9e2302c1b8840e3a212e2e91a7bba7a", "OS-DCF:diskConfig": "MANUAL", "os-extended-volumes:volumes_attached": [], "accessIPv4": "", "accessIPv6": "", "progress": 0, "OS-EXT-STS:power_state": 0, "config_drive": "", "metadata": {}}}
2016-02-19 06:35:00,728 27499 INFO     [tempest_lib.common.rest_client] Request (TestNetworkAdvancedServerOps:test_server_connectivity_pause_unpause): 200 GET http://10.4.1.3:8774/v2.1/c9e2302c1b8840e3a212e2e91a7bba7a/servers/6ccfcd18-ee39-4b75-b6f0-cc2bb02e4e0a 0.685s
2016-02-19 06:35:00,729 27499 DEBUG    [tempest_lib.common.rest_client] Request - Headers: {'Content-Type': 'application/json', 'Accept': 'application/json', 'X-Auth-Token': '&lt;omitted&gt;'}
        Body: None
    Response - Headers: {'status': '200', 'content-length': '1474', 'content-location': 'http://10.4.1.3:8774/v2.1/c9e2302c1b8840e3a212e2e91a7bba7a/servers/6ccfcd18-ee39-4b75-b6f0-cc2bb02e4e0a', 'x-compute-request-id': 'req-bea4b40f-f726-4fc9-bf1f-b23e6348b892', 'vary': 'X-OpenStack-Nova-API-Version', 'connection': 'close', 'x-openstack-nova-api-version': '2.1', 'date': 'Fri, 19 Feb 2016 06:35:00 GMT', 'content-type': 'application/json'}
        Body: {"server": {"status": "BUILD", "updated": "2016-02-19T06:34:56Z", "hostId": "d079c55b38fe2c63f089bca2580aabfc4474e2801431bebfff4e4b67", "addresses": {}, "links": [{"href": "http://10.4.1.3:8774/v2.1/c9e2302c1b8840e3a212e2e91a7bba7a/servers/6ccfcd18-ee39-4b75-b6f0-cc2bb02e4e0a", "rel": "self"}, {"href": "http://10.4.1.3:8774/c9e2302c1b8840e3a212e2e91a7bba7a/servers/6ccfcd18-ee39-4b75-b6f0-cc2bb02e4e0a", "rel": "bookmark"}], "key_name": "tempest-TestNetworkAdvancedServerOps-665098847", "image": {"id": "65fdae8d-0cb0-48f5-99fc-7a167cadb794", "links": [{"href": "http://10.4.1.3:8774/c9e2302c1b8840e3a212e2e91a7bba7a/images/65fdae8d-0cb0-48f5-99fc-7a167cadb794", "rel": "bookmark"}]}, "OS-EXT-STS:task_state": "spawning", "OS-EXT-STS:vm_state": "building", "OS-SRV-USG:launched_at": null, "flavor": {"id": "42", "links": [{"href": "http://10.4.1.3:8774/c9e2302c1b8840e3a212e2e91a7bba7a/flavors/42", "rel": "bookmark"}]}, "id": "6ccfcd18-ee39-4b75-b6f0-cc2bb02e4e0a", "security_groups": [{"name": "tempest-secgroup-smoke-1676752307"}], "OS-SRV-USG:terminated_at": null, "OS-EXT-AZ:availability_zone": "nova", "user_id": "0248ceae77574eac87a64eb2f04ae290", "name": "tempest-server-smoke-486347411", "created": "2016-02-19T06:34:55Z", "tenant_id": "c9e2302c1b8840e3a212e2e91a7bba7a", "OS-DCF:diskConfig": "MANUAL", "os-extended-volumes:volumes_attached": [], "accessIPv4": "", "accessIPv6": "", "progress": 0, "OS-EXT-STS:power_state": 0, "config_drive": "", "metadata": {}}}
2016-02-19 06:35:02,459 27499 INFO     [tempest_lib.common.rest_client] Request (TestNetworkAdvancedServerOps:test_server_connectivity_pause_unpause): 200 GET http://10.4.1.3:8774/v2.1/c9e2302c1b8840e3a212e2e91a7bba7a/servers/6ccfcd18-ee39-4b75-b6f0-cc2bb02e4e0a 0.721s
2016-02-19 06:35:02,460 27499 DEBUG    [tempest_lib.common.rest_client] Request - Headers: {'Content-Type': 'application/json', 'Accept': 'application/json', 'X-Auth-Token': '&lt;omitted&gt;'}
        Body: None
    Response - Headers: {'status': '200', 'content-length': '1474', 'content-location': 'http://10.4.1.3:8774/v2.1/c9e2302c1b8840e3a212e2e91a7bba7a/servers/6ccfcd18-ee39-4b75-b6f0-cc2bb02e4e0a', 'x-compute-request-id': 'req-ecfc5a8c-1028-4340-a7c9-cb4546a718d0', 'vary': 'X-OpenStack-Nova-API-Version', 'connection': 'close', 'x-openstack-nova-api-version': '2.1', 'date': 'Fri, 19 Feb 2016 06:35:02 GMT', 'content-type': 'application/json'}
        Body: {"server": {"status": "BUILD", "updated": "2016-02-19T06:34:56Z", "hostId": "d079c55b38fe2c63f089bca2580aabfc4474e2801431bebfff4e4b67", "addresses": {}, "links": [{"href": "http://10.4.1.3:8774/v2.1/c9e2302c1b8840e3a212e2e91a7bba7a/servers/6ccfcd18-ee39-4b75-b6f0-cc2bb02e4e0a", "rel": "self"}, {"href": "http://10.4.1.3:8774/c9e2302c1b8840e3a212e2e91a7bba7a/servers/6ccfcd18-ee39-4b75-b6f0-cc2bb02e4e0a", "rel": "bookmark"}], "key_name": "tempest-TestNetworkAdvancedServerOps-665098847", "image": {"id": "65fdae8d-0cb0-48f5-99fc-7a167cadb794", "links": [{"href": "http://10.4.1.3:8774/c9e2302c1b8840e3a212e2e91a7bba7a/images/65fdae8d-0cb0-48f5-99fc-7a167cadb794", "rel": "bookmark"}]}, "OS-EXT-STS:task_state": "spawning", "OS-EXT-STS:vm_state": "building", "OS-SRV-USG:launched_at": null, "flavor": {"id": "42", "links": [{"href": "http://10.4.1.3:8774/c9e2302c1b8840e3a212e2e91a7bba7a/flavors/42", "rel": "bookmark"}]}, "id": "6ccfcd18-ee39-4b75-b6f0-cc2bb02e4e0a", "security_groups": [{"name": "tempest-secgroup-smoke-1676752307"}], "OS-SRV-USG:terminated_at": null, "OS-EXT-AZ:availability_zone": "nova", "user_id": "0248ceae77574eac87a64eb2f04ae290", "name": "tempest-server-smoke-486347411", "created": "2016-02-19T06:34:55Z", "tenant_id": "c9e2302c1b8840e3a212e2e91a7bba7a", "OS-DCF:diskConfig": "MANUAL", "os-extended-volumes:volumes_attached": [], "accessIPv4": "", "accessIPv6": "", "progress": 0, "OS-EXT-STS:power_state": 0, "config_drive": "", "metadata": {}}}
2016-02-19 06:35:04,133 27499 INFO     [tempest_lib.common.rest_client] Request (TestNetworkAdvancedServerOps:test_server_connectivity_pause_unpause): 200 GET http://10.4.1.3:8774/v2.1/c9e2302c1b8840e3a212e2e91a7bba7a/servers/6ccfcd18-ee39-4b75-b6f0-cc2bb02e4e0a 0.664s
2016-02-19 06:35:04,134 27499 DEBUG    [tempest_lib.common.rest_client] Request - Headers: {'Content-Type': 'application/json', 'Accept': 'application/json', 'X-Auth-Token': '&lt;omitted&gt;'}
        Body: None
    Response - Headers: {'status': '200', 'content-length': '1645', 'content-location': 'http://10.4.1.3:8774/v2.1/c9e2302c1b8840e3a212e2e91a7bba7a/servers/6ccfcd18-ee39-4b75-b6f0-cc2bb02e4e0a', 'x-compute-request-id': 'req-c3fd40fe-2035-4588-b65d-7a864b05bf8d', 'vary': 'X-OpenStack-Nova-API-Version', 'connection': 'close', 'x-openstack-nova-api-version': '2.1', 'date': 'Fri, 19 Feb 2016 06:35:04 GMT', 'content-type': 'application/json'}
        Body: {"server": {"status": "ACTIVE", "updated": "2016-02-19T06:35:02Z", "hostId": "d079c55b38fe2c63f089bca2580aabfc4474e2801431bebfff4e4b67", "addresses": {"tempest-network-smoke--844127079": [{"OS-EXT-IPS-MAC:mac_addr": "fa:16:3e:b4:ab:44", "version": 4, "addr": "10.100.0.3", "OS-EXT-IPS:type": "fixed"}]}, "links": [{"href": "http://10.4.1.3:8774/v2.1/c9e2302c1b8840e3a212e2e91a7bba7a/servers/6ccfcd18-ee39-4b75-b6f0-cc2bb02e4e0a", "rel": "self"}, {"href": "http://10.4.1.3:8774/c9e2302c1b8840e3a212e2e91a7bba7a/servers/6ccfcd18-ee39-4b75-b6f0-cc2bb02e4e0a", "rel": "bookmark"}], "key_name": "tempest-TestNetworkAdvancedServerOps-665098847", "image": {"id": "65fdae8d-0cb0-48f5-99fc-7a167cadb794", "links": [{"href": "http://10.4.1.3:8774/c9e2302c1b8840e3a212e2e91a7bba7a/images/65fdae8d-0cb0-48f5-99fc-7a167cadb794", "rel": "bookmark"}]}, "OS-EXT-STS:task_state": null, "OS-EXT-STS:vm_state": "active", "OS-SRV-USG:launched_at": "2016-02-19T06:35:02.000000", "flavor": {"id": "42", "links": [{"href": "http://10.4.1.3:8774/c9e2302c1b8840e3a212e2e91a7bba7a/flavors/42", "rel": "bookmark"}]}, "id": "6ccfcd18-ee39-4b75-b6f0-cc2bb02e4e0a", "security_groups": [{"name": "tempest-secgroup-smoke-1676752307"}], "OS-SRV-USG:terminated_at": null, "OS-EXT-AZ:availability_zone": "nova", "user_id": "0248ceae77574eac87a64eb2f04ae290", "name": "tempest-server-smoke-486347411", "created": "2016-02-19T06:34:55Z", "tenant_id": "c9e2302c1b8840e3a212e2e91a7bba7a", "OS-DCF:diskConfig": "MANUAL", "os-extended-volumes:volumes_attached": [], "accessIPv4": "", "accessIPv6": "", "progress": 0, "OS-EXT-STS:power_state": 1, "config_drive": "True", "metadata": {}}}
2016-02-19 06:35:04,143 27499 INFO     [tempest.common.waiters] State transition "BUILD/spawning" ==&gt; "ACTIVE/None" after 9 second wait
2016-02-19 06:35:04,803 27499 INFO     [tempest_lib.common.rest_client] Request (TestNetworkAdvancedServerOps:test_server_connectivity_pause_unpause): 200 GET http://10.4.1.3:8774/v2.1/c9e2302c1b8840e3a212e2e91a7bba7a/servers/6ccfcd18-ee39-4b75-b6f0-cc2bb02e4e0a 0.659s
2016-02-19 06:35:04,803 27499 DEBUG    [tempest_lib.common.rest_client] Request - Headers: {'Content-Type': 'application/json', 'Accept': 'application/json', 'X-Auth-Token': '&lt;omitted&gt;'}
        Body: None
    Response - Headers: {'status': '200', 'content-length': '1645', 'content-location': 'http://10.4.1.3:8774/v2.1/c9e2302c1b8840e3a212e2e91a7bba7a/servers/6ccfcd18-ee39-4b75-b6f0-cc2bb02e4e0a', 'x-compute-request-id': 'req-ec855e78-2a06-4021-856d-ff633b178385', 'vary': 'X-OpenStack-Nova-API-Version', 'connection': 'close', 'x-openstack-nova-api-version': '2.1', 'date': 'Fri, 19 Feb 2016 06:35:04 GMT', 'content-type': 'application/json'}
        Body: {"server": {"status": "ACTIVE", "updated": "2016-02-19T06:35:02Z", "hostId": "d079c55b38fe2c63f089bca2580aabfc4474e2801431bebfff4e4b67", "addresses": {"tempest-network-smoke--844127079": [{"OS-EXT-IPS-MAC:mac_addr": "fa:16:3e:b4:ab:44", "version": 4, "addr": "10.100.0.3", "OS-EXT-IPS:type": "fixed"}]}, "links": [{"href": "http://10.4.1.3:8774/v2.1/c9e2302c1b8840e3a212e2e91a7bba7a/servers/6ccfcd18-ee39-4b75-b6f0-cc2bb02e4e0a", "rel": "self"}, {"href": "http://10.4.1.3:8774/c9e2302c1b8840e3a212e2e91a7bba7a/servers/6ccfcd18-ee39-4b75-b6f0-cc2bb02e4e0a", "rel": "bookmark"}], "key_name": "tempest-TestNetworkAdvancedServerOps-665098847", "image": {"id": "65fdae8d-0cb0-48f5-99fc-7a167cadb794", "links": [{"href": "http://10.4.1.3:8774/c9e2302c1b8840e3a212e2e91a7bba7a/images/65fdae8d-0cb0-48f5-99fc-7a167cadb794", "rel": "bookmark"}]}, "OS-EXT-STS:task_state": null, "OS-EXT-STS:vm_state": "active", "OS-SRV-USG:launched_at": "2016-02-19T06:35:02.000000", "flavor": {"id": "42", "links": [{"href": "http://10.4.1.3:8774/c9e2302c1b8840e3a212e2e91a7bba7a/flavors/42", "rel": "bookmark"}]}, "id": "6ccfcd18-ee39-4b75-b6f0-cc2bb02e4e0a", "security_groups": [{"name": "tempest-secgroup-smoke-1676752307"}], "OS-SRV-USG:terminated_at": null, "OS-EXT-AZ:availability_zone": "nova", "user_id": "0248ceae77574eac87a64eb2f04ae290", "name": "tempest-server-smoke-486347411", "created": "2016-02-19T06:34:55Z", "tenant_id": "c9e2302c1b8840e3a212e2e91a7bba7a", "OS-DCF:diskConfig": "MANUAL", "os-extended-volumes:volumes_attached": [], "accessIPv4": "", "accessIPv6": "", "progress": 0, "OS-EXT-STS:power_state": 1, "config_drive": "True", "metadata": {}}}
2016-02-19 06:35:05,061 27499 INFO     [tempest_lib.common.rest_client] Request (TestNetworkAdvancedServerOps:test_server_connectivity_pause_unpause): 200 GET http://10.4.1.3:9696/v2.0/ports?fixed_ip=None&amp;device_id=6ccfcd18-ee39-4b75-b6f0-cc2bb02e4e0a 0.248s
2016-02-19 06:35:05,062 27499 DEBUG    [tempest_lib.common.rest_client] Request - Headers: {'Content-Type': 'application/json', 'Accept': 'application/json', 'X-Auth-Token': '&lt;omitted&gt;'}
        Body: None
    Response - Headers: {'status': '200', 'content-length': '755', 'content-location': 'http://10.4.1.3:9696/v2.0/ports?fixed_ip=None&amp;device_id=6ccfcd18-ee39-4b75-b6f0-cc2bb02e4e0a', 'connection': 'close', 'date': 'Fri, 19 Feb 2016 06:35:05 GMT', 'content-type': 'application/json; charset=UTF-8', 'x-openstack-request-id': 'req-e658de8f-41b3-431e-9c67-c62bf195e8a3'}
        Body: {"ports": [{"status": "ACTIVE", "binding:host_id": "vagrant-ubuntu-trusty-64", "name": "", "allowed_address_pairs": [], "admin_state_up": true, "network_id": "da09b278-e821-41d9-b3db-37eb8101e5bd", "tenant_id": "c9e2302c1b8840e3a212e2e91a7bba7a", "extra_dhcp_opts": [], "mac_address": "fa:16:3e:b4:ab:44", "binding:vif_details": {"port_filter": true}, "binding:vif_type": "ovs", "device_owner": "compute:None", "binding:profile": {}, "port_security_enabled": true, "binding:vnic_type": "normal", "fixed_ips": [{"subnet_id": "9dbef173-69ec-4446-a725-53073617f04f", "ip_address": "10.100.0.3"}], "id": "a2156412-4243-4ad4-b343-7970a93b8ea7", "security_groups": ["c61d1177-6f29-481f-90b1-add8f5afb69a"], "device_id": "6ccfcd18-ee39-4b75-b6f0-cc2bb02e4e0a"}]}
2016-02-19 06:35:05,940 27499 INFO     [tempest_lib.common.rest_client] Request (TestNetworkAdvancedServerOps:test_server_connectivity_pause_unpause): 201 POST http://10.4.1.3:9696/v2.0/floatingips 0.877s
2016-02-19 06:35:05,940 27499 DEBUG    [tempest_lib.common.rest_client] Request - Headers: {'Content-Type': 'application/json', 'Accept': 'application/json', 'X-Auth-Token': '&lt;omitted&gt;'}
        Body: {"floatingip": {"floating_network_id": "4eed5d49-6f8e-4d21-8365-708cae378e71", "tenant_id": "c9e2302c1b8840e3a212e2e91a7bba7a", "fixed_ip_address": "10.100.0.3", "port_id": "a2156412-4243-4ad4-b343-7970a93b8ea7"}}
    Response - Headers: {'status': '201', 'content-length': '369', 'connection': 'close', 'date': 'Fri, 19 Feb 2016 06:35:05 GMT', 'content-type': 'application/json; charset=UTF-8', 'x-openstack-request-id': 'req-f55735f8-4a9d-4efc-a3a5-80199ae54969'}
        Body: {"floatingip": {"floating_network_id": "4eed5d49-6f8e-4d21-8365-708cae378e71", "router_id": "8cba5b63-de5d-4bef-a4e1-f88ba3d218a5", "fixed_ip_address": "10.100.0.3", "floating_ip_address": "172.24.4.4", "tenant_id": "c9e2302c1b8840e3a212e2e91a7bba7a", "status": "ACTIVE", "port_id": "a2156412-4243-4ad4-b343-7970a93b8ea7", "id": "0f5dcb85-e60e-4e10-9438-0ced3c46c407"}}
2016-02-19 06:35:06,625 27499 INFO     [tempest_lib.common.rest_client] Request (TestNetworkAdvancedServerOps:test_server_connectivity_pause_unpause): 200 GET http://10.4.1.3:8774/v2.1/c9e2302c1b8840e3a212e2e91a7bba7a/servers/6ccfcd18-ee39-4b75-b6f0-cc2bb02e4e0a 0.684s
2016-02-19 06:35:06,625 27499 DEBUG    [tempest_lib.common.rest_client] Request - Headers: {'Content-Type': 'application/json', 'Accept': 'application/json', 'X-Auth-Token': '&lt;omitted&gt;'}
        Body: None
    Response - Headers: {'status': '200', 'content-length': '1645', 'content-location': 'http://10.4.1.3:8774/v2.1/c9e2302c1b8840e3a212e2e91a7bba7a/servers/6ccfcd18-ee39-4b75-b6f0-cc2bb02e4e0a', 'x-compute-request-id': 'req-0ed139c5-f4d3-4d46-88df-c1944e868574', 'vary': 'X-OpenStack-Nova-API-Version', 'connection': 'close', 'x-openstack-nova-api-version': '2.1', 'date': 'Fri, 19 Feb 2016 06:35:06 GMT', 'content-type': 'application/json'}
        Body: {"server": {"status": "ACTIVE", "updated": "2016-02-19T06:35:02Z", "hostId": "d079c55b38fe2c63f089bca2580aabfc4474e2801431bebfff4e4b67", "addresses": {"tempest-network-smoke--844127079": [{"OS-EXT-IPS-MAC:mac_addr": "fa:16:3e:b4:ab:44", "version": 4, "addr": "10.100.0.3", "OS-EXT-IPS:type": "fixed"}]}, "links": [{"href": "http://10.4.1.3:8774/v2.1/c9e2302c1b8840e3a212e2e91a7bba7a/servers/6ccfcd18-ee39-4b75-b6f0-cc2bb02e4e0a", "rel": "self"}, {"href": "http://10.4.1.3:8774/c9e2302c1b8840e3a212e2e91a7bba7a/servers/6ccfcd18-ee39-4b75-b6f0-cc2bb02e4e0a", "rel": "bookmark"}], "key_name": "tempest-TestNetworkAdvancedServerOps-665098847", "image": {"id": "65fdae8d-0cb0-48f5-99fc-7a167cadb794", "links": [{"href": "http://10.4.1.3:8774/c9e2302c1b8840e3a212e2e91a7bba7a/images/65fdae8d-0cb0-48f5-99fc-7a167cadb794", "rel": "bookmark"}]}, "OS-EXT-STS:task_state": null, "OS-EXT-STS:vm_state": "active", "OS-SRV-USG:launched_at": "2016-02-19T06:35:02.000000", "flavor": {"id": "42", "links": [{"href": "http://10.4.1.3:8774/c9e2302c1b8840e3a212e2e91a7bba7a/flavors/42", "rel": "bookmark"}]}, "id": "6ccfcd18-ee39-4b75-b6f0-cc2bb02e4e0a", "security_groups": [{"name": "tempest-secgroup-smoke-1676752307"}], "OS-SRV-USG:terminated_at": null, "OS-EXT-AZ:availability_zone": "nova", "user_id": "0248ceae77574eac87a64eb2f04ae290", "name": "tempest-server-smoke-486347411", "created": "2016-02-19T06:34:55Z", "tenant_id": "c9e2302c1b8840e3a212e2e91a7bba7a", "OS-DCF:diskConfig": "MANUAL", "os-extended-volumes:volumes_attached": [], "accessIPv4": "", "accessIPv6": "", "progress": 0, "OS-EXT-STS:power_state": 1, "config_drive": "True", "metadata": {}}}
2016-02-19 06:35:06,635 27499 INFO     [tempest.scenario.manager] Tenant networks not configured to be reachable.
2016-02-19 06:35:06,830 27499 INFO     [tempest_lib.common.rest_client] Request (TestNetworkAdvancedServerOps:test_server_connectivity_pause_unpause): 200 GET http://10.4.1.3:9696/v2.0/floatingips/0f5dcb85-e60e-4e10-9438-0ced3c46c407 0.194s
2016-02-19 06:35:06,830 27499 DEBUG    [tempest_lib.common.rest_client] Request - Headers: {'Content-Type': 'application/json', 'Accept': 'application/json', 'X-Auth-Token': '&lt;omitted&gt;'}
        Body: None
    Response - Headers: {'status': '200', 'content-length': '369', 'content-location': 'http://10.4.1.3:9696/v2.0/floatingips/0f5dcb85-e60e-4e10-9438-0ced3c46c407', 'connection': 'close', 'date': 'Fri, 19 Feb 2016 06:35:06 GMT', 'content-type': 'application/json; charset=UTF-8', 'x-openstack-request-id': 'req-7c3edd7a-5030-417b-910e-a29a093b1147'}
        Body: {"floatingip": {"floating_network_id": "4eed5d49-6f8e-4d21-8365-708cae378e71", "router_id": "8cba5b63-de5d-4bef-a4e1-f88ba3d218a5", "fixed_ip_address": "10.100.0.3", "floating_ip_address": "172.24.4.4", "tenant_id": "c9e2302c1b8840e3a212e2e91a7bba7a", "status": "ACTIVE", "port_id": "a2156412-4243-4ad4-b343-7970a93b8ea7", "id": "0f5dcb85-e60e-4e10-9438-0ced3c46c407"}}
2016-02-19 06:35:06,831 27499 INFO     [tempest.scenario.manager] FloatingIP: &lt;"FloatingIP" addr="172.24.4.4" id="0f5dcb85-e60e-4e10-9438-0ced3c46c407"&gt; is at status: ACTIVE
2016-02-19 06:35:06,831 27499 DEBUG    [tempest.scenario.manager] checking network connections to IP 172.24.4.4 with user: cirros
2016-02-19 06:35:06,832 27499 DEBUG    [tempest.scenario.manager] TestNetworkAdvancedServerOps:test_server_connectivity_pause_unpause begins to ping 172.24.4.4 in 120 sec and the expected result is reachable
2016-02-19 06:37:07,405 27499 DEBUG    [tempest.scenario.manager] TestNetworkAdvancedServerOps:test_server_connectivity_pause_unpause finishes ping 172.24.4.4 in 120 sec and the ping result is unexpected
2016-02-19 06:37:07,407 27499 ERROR    [tempest.scenario.manager] Public network connectivity check failed
2016-02-19 06:37:07.407 27499 ERROR tempest.scenario.manager Traceback (most recent call last):
2016-02-19 06:37:07.407 27499 ERROR tempest.scenario.manager   File "tempest/scenario/manager.py", line 598, in check_public_network_connectivity
2016-02-19 06:37:07.407 27499 ERROR tempest.scenario.manager     should_connect=should_connect)
2016-02-19 06:37:07.407 27499 ERROR tempest.scenario.manager   File "tempest/scenario/manager.py", line 582, in check_vm_connectivity
2016-02-19 06:37:07.407 27499 ERROR tempest.scenario.manager     msg=msg)
2016-02-19 06:37:07.407 27499 ERROR tempest.scenario.manager   File "/usr/local/lib/python2.7/dist-packages/unittest2/case.py", line 702, in assertTrue
2016-02-19 06:37:07.407 27499 ERROR tempest.scenario.manager     raise self.failureException(msg)
2016-02-19 06:37:07.407 27499 ERROR tempest.scenario.manager AssertionError: False is not true : Timed out waiting for 172.24.4.4 to become reachable
2016-02-19 06:37:07.407 27499 ERROR tempest.scenario.manager 
2016-02-19 06:37:07,857 27499 INFO     [tempest_lib.common.rest_client] Request (TestNetworkAdvancedServerOps:test_server_connectivity_pause_unpause): 200 POST http://10.4.1.3:8774/v2.1/c9e2302c1b8840e3a212e2e91a7bba7a/servers/6ccfcd18-ee39-4b75-b6f0-cc2bb02e4e0a/action 0.446s
2016-02-19 06:37:07,857 27499 DEBUG    [tempest_lib.common.rest_client] Request - Headers: {'Content-Type': 'application/json', 'Accept': 'application/json', 'X-Auth-Token': '&lt;omitted&gt;'}
        Body: {"os-getConsoleOutput": {}}
    Response - Headers: {'status': '200', 'content-length': '17427', 'x-compute-request-id': 'req-addb410c-76a2-411f-a8fa-dc5b608cd5d1', 'vary': 'X-OpenStack-Nova-API-Version', 'connection': 'close', 'x-openstack-nova-api-version': '2.1', 'date': 'Fri, 19 Feb 2016 06:37:07 GMT', 'content-type': 'application/json'}
        Body: {"output": "[    0.000000] Initializing cgroup subsys cpuset\n[    0.000000] Initializing cgroup subsys cpu\n[    0.000000] Linux version 3.2.0-80-virtual (buildd@batsu) (gcc version 4.6.3 (Ubuntu/Linaro 4.6.3-1ubuntu5) ) #116-Ubuntu SMP Mon Mar 23 17:28:52 UTC 2015 (Ubuntu 3.2.0-80.116-virtual 3.2.68)\n[    0.000000] Command line: root=/dev/vda console=tty0 console=ttyS0 no_timer_check\n[    0.000000] KERNEL supported cpus:\n[    0.000000]   Intel GenuineIntel\n[    0.000000]   AMD AuthenticAMD\n[    0.000000]   Centaur CentaurHauls\n[    0.000000] BIOS-provided physical RAM map:\n[    0.000000]  BIOS-e820: 0000000000000000 - 000000000009fc00 (usable)\n[    0.000000]  BIOS-e820: 000000000009fc00 - 00000000000a0000 (reserved)\n[    0.000000]  BIOS-e820: 00000000000f0000 - 0000000000100000 (reserved)\n[    0.000000]  BIOS-e820: 0000000000100000 - 0000000003ffe000 (usable)\n[    0.000000]  BIOS-e820: 0000000003ffe000 - 0000000004000000 (reserved)\n[    0.000000]  BIOS-e820: 00000000fffc0000 - 0000000100000000 (reserved)\n[    0.000000] NX (Execute Disable) protection: active\n[    0.000000] SMBIOS 2.4 present.\n[    0.000000] No AGP bridge found\n[    0.000000] last_pfn = 0x3ffe max_arch_pfn = 0x400000000\n[    0.000000] x86 PAT enabled: cpu 0, old 0x7040600070406, new 0x7010600070106\n[    0.000000] found SMP MP-table at [ffff8800000f0b00] f0b00\n[    0.000000] init_memory_mapping: 0000000000000000-0000000003ffe000\n[    0.000000] RAMDISK: 03c5e000 - 03ff0000\n[    0.000000] ACPI: RSDP 00000000000f0950 00014 (v00 BOCHS )\n[    0.000000] ACPI: RSDT 0000000003fffbc1 00034 (v01 BOCHS  BXPCRSDT 00000001 BXPC 00000001)\n[    0.000000] ACPI: FACP 0000000003fff1c0 00074 (v01 BOCHS  BXPCFACP 00000001 BXPC 00000001)\n[    0.000000] ACPI: DSDT 0000000003ffe040 01180 (v01 BOCHS  BXPCDSDT 00000001 BXPC 00000001)\n[    0.000000] ACPI: FACS 0000000003ffe000 00040\n[    0.000000] ACPI: SSDT 0000000003fff234 008DD (v01 BOCHS  BXPCSSDT 00000001 BXPC 00000001)\n[    0.000000] ACPI: APIC 0000000003fffb11 00078 (v01 BOCHS  BXPCAPIC 00000001 BXPC 00000001)\n[    0.000000] ACPI: HPET 0000000003fffb89 00038 (v01 BOCHS  BXPCHPET 00000001 BXPC 00000001)\n[    0.000000] No NUMA configuration found\n[    0.000000] Faking a node at 0000000000000000-0000000003ffe000\n[    0.000000] Initmem setup node 0 0000000000000000-0000000003ffe000\n[    0.000000]   NODE_DATA [0000000003ff6000 - 0000000003ffafff]\n[    0.000000] Zone PFN ranges:\n[    0.000000]   DMA      0x00000010 -&gt; 0x00001000\n[    0.000000]   DMA32    0x00001000 -&gt; 0x00100000\n[    0.000000]   Normal   empty\n[    0.000000] Movable zone start PFN for each node\n[    0.000000] early_node_map[2] active PFN ranges\n[    0.000000]     0: 0x00000010 -&gt; 0x0000009f\n[    0.000000]     0: 0x00000100 -&gt; 0x00003ffe\n[    0.000000] ACPI: PM-Timer IO Port: 0xb008\n[    0.000000] ACPI: LAPIC (acpi_id[0x00] lapic_id[0x00] enabled)\n[    0.000000] ACPI: LAPIC_NMI (acpi_id[0xff] dfl dfl lint[0x1])\n[    0.000000] ACPI: IOAPIC (id[0x00] address[0xfec00000] gsi_base[0])\n[    0.000000] IOAPIC[0]: apic_id 0, version 17, address 0xfec00000, GSI 0-23\n[    0.000000] ACPI: INT_SRC_OVR (bus 0 bus_irq 0 global_irq 2 dfl dfl)\n[    0.000000] ACPI: INT_SRC_OVR (bus 0 bus_irq 5 global_irq 5 high level)\n[    0.000000] ACPI: INT_SRC_OVR (bus 0 bus_irq 9 global_irq 9 high level)\n[    0.000000] ACPI: INT_SRC_OVR (bus 0 bus_irq 10 global_irq 10 high level)\n[    0.000000] ACPI: INT_SRC_OVR (bus 0 bus_irq 11 global_irq 11 high level)\n[    0.000000] Using ACPI (MADT) for SMP configuration information\n[    0.000000] ACPI: HPET id: 0x8086a201 base: 0xfed00000\n[    0.000000] SMP: Allowing 1 CPUs, 0 hotplug CPUs\n[    0.000000] PM: Registered nosave memory: 000000000009f000 - 00000000000a0000\n[    0.000000] PM: Registered nosave memory: 00000000000a0000 - 00000000000f0000\n[    0.000000] PM: Registered nosave memory: 00000000000f0000 - 0000000000100000\n[    0.000000] Allocating PCI resources starting at 4000000 (gap: 4000000:fbfc0000)\n[    0.000000] Booting paravirtualized kernel on bare hardware\n[    0.000000] setup_pe
2016-02-19 06:37:07,861 27499 DEBUG    [tempest.scenario.manager] Console output for 6ccfcd18-ee39-4b75-b6f0-cc2bb02e4e0a
body=
[    0.000000] Initializing cgroup subsys cpuset
[    0.000000] Initializing cgroup subsys cpu
[    0.000000] Linux version 3.2.0-80-virtual (buildd@batsu) (gcc version 4.6.3 (Ubuntu/Linaro 4.6.3-1ubuntu5) ) #116-Ubuntu SMP Mon Mar 23 17:28:52 UTC 2015 (Ubuntu 3.2.0-80.116-virtual 3.2.68)
[    0.000000] Command line: root=/dev/vda console=tty0 console=ttyS0 no_timer_check
[    0.000000] KERNEL supported cpus:
[    0.000000]   Intel GenuineIntel
[    0.000000]   AMD AuthenticAMD
[    0.000000]   Centaur CentaurHauls
[    0.000000] BIOS-provided physical RAM map:
[    0.000000]  BIOS-e820: 0000000000000000 - 000000000009fc00 (usable)
[    0.000000]  BIOS-e820: 000000000009fc00 - 00000000000a0000 (reserved)
[    0.000000]  BIOS-e820: 00000000000f0000 - 0000000000100000 (reserved)
[    0.000000]  BIOS-e820: 0000000000100000 - 0000000003ffe000 (usable)
[    0.000000]  BIOS-e820: 0000000003ffe000 - 0000000004000000 (reserved)
[    0.000000]  BIOS-e820: 00000000fffc0000 - 0000000100000000 (reserved)
[    0.000000] NX (Execute Disable) protection: active
[    0.000000] SMBIOS 2.4 present.
[    0.000000] No AGP bridge found
[    0.000000] last_pfn = 0x3ffe max_arch_pfn = 0x400000000
[    0.000000] x86 PAT enabled: cpu 0, old 0x7040600070406, new 0x7010600070106
[    0.000000] found SMP MP-table at [ffff8800000f0b00] f0b00
[    0.000000] init_memory_mapping: 0000000000000000-0000000003ffe000
[    0.000000] RAMDISK: 03c5e000 - 03ff0000
[    0.000000] ACPI: RSDP 00000000000f0950 00014 (v00 BOCHS )
[    0.000000] ACPI: RSDT 0000000003fffbc1 00034 (v01 BOCHS  BXPCRSDT 00000001 BXPC 00000001)
[    0.000000] ACPI: FACP 0000000003fff1c0 00074 (v01 BOCHS  BXPCFACP 00000001 BXPC 00000001)
[    0.000000] ACPI: DSDT 0000000003ffe040 01180 (v01 BOCHS  BXPCDSDT 00000001 BXPC 00000001)
[    0.000000] ACPI: FACS 0000000003ffe000 00040
[    0.000000] ACPI: SSDT 0000000003fff234 008DD (v01 BOCHS  BXPCSSDT 00000001 BXPC 00000001)
[    0.000000] ACPI: APIC 0000000003fffb11 00078 (v01 BOCHS  BXPCAPIC 00000001 BXPC 00000001)
[    0.000000] ACPI: HPET 0000000003fffb89 00038 (v01 BOCHS  BXPCHPET 00000001 BXPC 00000001)
[    0.000000] No NUMA configuration found
[    0.000000] Faking a node at 0000000000000000-0000000003ffe000
[    0.000000] Initmem setup node 0 0000000000000000-0000000003ffe000
[    0.000000]   NODE_DATA [0000000003ff6000 - 0000000003ffafff]
[    0.000000] Zone PFN ranges:
[    0.000000]   DMA      0x00000010 -&gt; 0x00001000
[    0.000000]   DMA32    0x00001000 -&gt; 0x00100000
[    0.000000]   Normal   empty
[    0.000000] Movable zone start PFN for each node
[    0.000000] early_node_map[2] active PFN ranges
[    0.000000]     0: 0x00000010 -&gt; 0x0000009f
[    0.000000]     0: 0x00000100 -&gt; 0x00003ffe
[    0.000000] ACPI: PM-Timer IO Port: 0xb008
[    0.000000] ACPI: LAPIC (acpi_id[0x00] lapic_id[0x00] enabled)
[    0.000000] ACPI: LAPIC_NMI (acpi_id[0xff] dfl dfl lint[0x1])
[    0.000000] ACPI: IOAPIC (id[0x00] address[0xfec00000] gsi_base[0])
[    0.000000] IOAPIC[0]: apic_id 0, version 17, address 0xfec00000, GSI 0-23
[    0.000000] ACPI: INT_SRC_OVR (bus 0 bus_irq 0 global_irq 2 dfl dfl)
[    0.000000] ACPI: INT_SRC_OVR (bus 0 bus_irq 5 global_irq 5 high level)
[    0.000000] ACPI: INT_SRC_OVR (bus 0 bus_irq 9 global_irq 9 high level)
[    0.000000] ACPI: INT_SRC_OVR (bus 0 bus_irq 10 global_irq 10 high level)
[    0.000000] ACPI: INT_SRC_OVR (bus 0 bus_irq 11 global_irq 11 high level)
[    0.000000] Using ACPI (MADT) for SMP configuration information
[    0.000000] ACPI: HPET id: 0x8086a201 base: 0xfed00000
[    0.000000] SMP: Allowing 1 CPUs, 0 hotplug CPUs
[    0.000000] PM: Registered nosave memory: 000000000009f000 - 00000000000a0000
[    0.000000] PM: Registered nosave memory: 00000000000a0000 - 00000000000f0000
[    0.000000] PM: Registered nosave memory: 00000000000f0000 - 0000000000100000
[    0.000000] Allocating PCI resources starting at 4000000 (gap: 4000000:fbfc0000)
[    0.000000] Booting paravirtualized kernel on bare hardware
[    0.000000] setup_percpu: NR_CPUS:64 nr_cpumask_bits:64 nr_cpu_ids:1 nr_node_ids:1
[    0.000000] PERCPU: Embedded 27 pages/cpu @ffff880003a00000 s78848 r8192 d23552 u2097152
[    0.000000] Built 1 zonelists in Node order, mobility grouping on.  Total pages: 16008
[    0.000000] Policy zone: DMA32
[    0.000000] Kernel command line: root=/dev/vda console=tty0 console=ttyS0 no_timer_check
[    0.000000] PID hash table entries: 256 (order: -1, 2048 bytes)
[    0.000000] Checking aperture...
[    0.000000] No AGP bridge found
[    0.000000] Memory: 43492k/65528k available (6576k kernel code, 452k absent, 21584k reserved, 6620k data, 928k init)
[    0.000000] SLUB: Genslabs=15, HWalign=64, Order=0-3, MinObjects=0, CPUs=1, Nodes=1
[    0.000000] Hierarchical RCU implementation.
[    0.000000] 	RCU dyntick-idle grace-period acceleration is enabled.
[    0.000000] NR_IRQS:4352 nr_irqs:256 16
[    0.000000] Console: colour VGA+ 80x25
[    0.000000] console [tty0] enabled
[    0.000000] console [ttyS0] enabled
[    0.000000] allocated 1048576 bytes of page_cgroup
[    0.000000] please try 'cgroup_disable=memory' option if you don't want memory cgroups
[    0.000000] Fast TSC calibration failed
[    0.000000] TSC: Unable to calibrate against PIT
[    0.000000] TSC: using HPET reference calibration
[    0.000000] Detected 2293.160 MHz processor.
[    0.036938] Calibrating delay loop (skipped), value calculated using timer frequency.. 4586.32 BogoMIPS (lpj=9172640)
[    0.040927] pid_max: default: 32768 minimum: 301
[    0.049355] Security Framework initialized
[    0.054548] AppArmor: AppArmor initialized
[    0.055168] Yama: becoming mindful.
[    0.062823] Dentry cache hash table entries: 8192 (order: 4, 65536 bytes)
[    0.064609] Inode-cache hash table entries: 4096 (order: 3, 32768 bytes)
[    0.066591] Mount-cache hash table entries: 256
[    0.082199] Initializing cgroup subsys cpuacct
[    0.083100] Initializing cgroup subsys memory
[    0.084841] Initializing cgroup subsys devices
[    0.085543] Initializing cgroup subsys freezer
[    0.086256] Initializing cgroup subsys blkio
[    0.086930] Initializing cgroup subsys perf_event
[    0.092628] mce: CPU supports 10 MCE banks
[    0.095327] SMP alternatives: switching to UP code
[    0.489867] Freeing SMP alternatives: 24k freed
[    0.492223] ACPI: Core revision 20110623
[    0.535424] ftrace: allocating 26610 entries in 105 pages
[    0.564034] ..TIMER: vector=0x30 apic1=0 pin1=2 apic2=-1 pin2=-1
[    0.564155] CPU0: AMD QEMU Virtual CPU version 2.0.0 stepping 03
[    0.572035] Performance Events: Broken PMU hardware detected, using software events only.
[    0.582928] NMI watchdog disabled (cpu0): hardware events not enabled
[    0.584719] Brought up 1 CPUs
[    0.585555] Total of 1 processors activated (4586.32 BogoMIPS).
[    0.610481] devtmpfs: initialized
[    0.642466] EVM: security.selinux
[    0.643002] EVM: security.SMACK64
[    0.643440] EVM: security.capability
[    0.667386] print_constraints: dummy: 
[    0.669097] RTC time:  6:35:05, date: 02/19/16
[    0.673359] NET: Registered protocol family 16
[    0.682174] ACPI: bus type pci registered
[    0.687187] PCI: Using configuration type 1 for base access
[    0.715437] bio: create slab &lt;bio-0&gt; at 0
[    0.721422] ACPI: Added _OSI(Module Device)
[    0.721985] ACPI: Added _OSI(Processor Device)
[    0.722554] ACPI: Added _OSI(3.0 _SCP Extensions)
[    0.723175] ACPI: Added _OSI(Processor Aggregator Device)
[    0.796268] ACPI: Interpreter enabled
[    0.797041] ACPI: (supports S0 S3 S4 S5)
[    0.798798] ACPI: Using IOAPIC for interrupt routing
[    0.870901] ACPI: No dock devices found.
[    0.871596] HEST: Table not found.
[    0.872217] PCI: Using host bridge windows from ACPI; if necessary, use "pci=nocrs" and report a bug
[    0.878752] ACPI: PCI Root Bridge [PCI0] (domain 0000 [bus 00-ff])
[    0.885472] pci_root PNP0A03:00: host bridge window [io  0x0000-0x0cf7]
[    0.886364] pci_root PNP0A03:00: host bridge window [io  0x0d00-0xadff]
[    0.888108] pci_root PNP0A03:00: host bridge window [io  0xae0f-0xaeff]
[    0.889168] pci_root PNP0A03:00: host bridge window [io  0xaf20-0xafdf]
[    0.890036] pci_root PNP0A03:00: host bridge window [io  0xafe4-0xffff]
[    0.890964] pci_root PNP0A03:00: host bridge window [mem 0x000a0000-0x000bffff]
[    0.892106] pci_root PNP0A03:00: host bridge window [mem 0x04000000-0xfebfffff]
[    0.916595] pci 0000:00:01.3: quirk: [io  0xb000-0xb03f] claimed by PIIX4 ACPI
[    0.917587] pci 0000:00:01.3: quirk: [io  0xb100-0xb10f] claimed by PIIX4 SMB
[    0.984640]  pci0000:00: Unable to request _OSC control (_OSC support mask: 0x1e)
[    1.041407] ACPI: PCI Interrupt Link [LNKA] (IRQs 5 *10 11)
[    1.044704] ACPI: PCI Interrupt Link [LNKB] (IRQs 5 *10 11)
[    1.046960] ACPI: PCI Interrupt Link [LNKC] (IRQs 5 10 *11)
[    1.049407] ACPI: PCI Interrupt Link [LNKD] (IRQs 5 10 *11)
[    1.050747] ACPI: PCI Interrupt Link [LNKS] (IRQs *9)
[    1.058754] vgaarb: device added: PCI:0000:00:02.0,decodes=io+mem,owns=io+mem,locks=none
[    1.060208] vgaarb: loaded
[    1.060613] vgaarb: bridge control possible 0000:00:02.0
[    1.064523] i2c-core: driver [aat2870] using legacy suspend method
[    1.065274] i2c-core: driver [aat2870] using legacy resume method
[    1.068280] SCSI subsystem initialized
[    1.072716] usbcore: registered new interface driver usbfs
[    1.073812] usbcore: registered new interface driver hub
[    1.074833] usbcore: registered new device driver usb
[    1.078857] PCI: Using ACPI for IRQ routing
[    1.092632] NetLabel: Initializing
[    1.093297] NetLabel:  domain hash size = 128
[    1.094360] NetLabel:  protocols = UNLABELED CIPSOv4
[    1.098248] NetLabel:  unlabeled traffic allowed by default
[    1.102274] HPET: 3 timers in total, 0 timers will be used for per-cpu timer
[    1.104550] hpet0: at MMIO 0xfed00000, IRQs 2, 8, 0
[    1.105653] hpet0: 3 comparators, 64-bit 100.000000 MHz counter
[    1.117831] Switching to clocksource hpet
[    1.370589] AppArmor: AppArmor Filesystem Enabled
[    1.372038] pnp: PnP ACPI init
[    1.373112] ACPI: bus type pnp registered
[    1.396134] pnp: PnP ACPI: found 9 devices
[    1.398084] ACPI: ACPI bus type pnp unregistered
[    1.468069] NET: Registered protocol family 2
[    1.502343] IP route cache hash table entries: 512 (order: 0, 4096 bytes)
[    1.511079] TCP established hash table entries: 2048 (order: 3, 32768 bytes)
[    1.513586] TCP bind hash table entries: 2048 (order: 3, 32768 bytes)
[    1.514687] TCP: Hash tables configured (established 2048 bind 2048)
[    1.515723] TCP reno registered
[    1.517987] UDP hash table entries: 128 (order: 0, 4096 bytes)
[    1.519683] UDP-Lite hash table entries: 128 (order: 0, 4096 bytes)
[    1.526188] NET: Registered protocol family 1
[    1.527183] pci 0000:00:00.0: Limiting direct PCI/PCI transfers
[    1.529283] pci 0000:00:01.0: PIIX3: Enabling Passive Release
[    1.530407] pci 0000:00:01.0: Activating ISA DMA hang workarounds
[    1.538324] ACPI: PCI Interrupt Link [LNKD] enabled at IRQ 11
[    1.540031] pci 0000:00:01.2: PCI INT D -&gt; Link[LNKD] -&gt; GSI 11 (level, high) -&gt; IRQ 11
[    1.545784] pci 0000:00:01.2: PCI INT D disabled
[    1.566035] Trying to unpack rootfs image as initramfs...
[    1.586746] audit: initializing netlink socket (disabled)
[    1.589404] type=2000 audit(1455863705.584:1): initialized
[    1.897019] HugeTLB registered 2 MB page size, pre-allocated 0 pages
[    1.971620] VFS: Disk quotas dquot_6.5.2
[    1.973755] Dquot-cache hash table entries: 512 (order 0, 4096 bytes)
[    1.989690] fuse init (API version 7.17)
[    1.998963] msgmni has been set to 84
[    2.037851] Block layer SCSI generic (bsg) driver version 0.4 loaded (major 253)
[    2.039590] io scheduler noop registered
[    2.041266] io scheduler deadline registered (default)
[    2.042510] io scheduler cfq registered
[    2.045707] pci_hotplug: PCI Hot Plug PCI Core version: 0.5
[    2.047595] pciehp: PCI Express Hot Plug Controller Driver version: 0.4
[    2.054439] input: Power Button as /devices/LNXSYSTM:00/LNXPWRBN:00/input/input0
[    2.056050] ACPI: Power Button [PWRF]
[    2.137730] ERST: Table is not found!
[    2.138488] GHES: HEST is not enabled!
[    2.152082] ACPI: PCI Interrupt Link [LNKC] enabled at IRQ 10
[    2.154067] virtio-pci 0000:00:03.0: PCI INT A -&gt; Link[LNKC] -&gt; GSI 10 (level, high) -&gt; IRQ 10
[    2.158871] virtio-pci 0000:00:04.0: PCI INT A -&gt; Link[LNKD] -&gt; GSI 11 (level, high) -&gt; IRQ 11
[    2.182038] ACPI: PCI Interrupt Link [LNKA] enabled at IRQ 10
[    2.183481] virtio-pci 0000:00:05.0: PCI INT A -&gt; Link[LNKA] -&gt; GSI 10 (level, high) -&gt; IRQ 10
[    2.206548] Serial: 8250/16550 driver, 32 ports, IRQ sharing enabled
[    2.257956] serial8250: ttyS0 at I/O 0x3f8 (irq = 4) is a 16550A
[    2.354481] serial8250: ttyS1 at I/O 0x2f8 (irq = 3) is a 16550A
[    2.500161] 00:05: ttyS0 at I/O 0x3f8 (irq = 4) is a 16550A
[    2.584787] 00:06: ttyS1 at I/O 0x2f8 (irq = 3) is a 16550A
[    2.585985] Refined TSC clocksource calibration: 2293.208 MHz.
[    2.586808] Switching to clocksource tsc
[    2.640035] Linux agpgart interface v0.103
[    2.709311] brd: module loaded
[    2.742827] loop: module loaded
[    2.795269]  vda: unknown partition table
[    2.834222] scsi0 : ata_piix
[    2.845494] scsi1 : ata_piix
[    2.846825] ata1: PATA max MWDMA2 cmd 0x1f0 ctl 0x3f6 bmdma 0xc0a0 irq 14
[    2.847798] ata2: PATA max MWDMA2 cmd 0x170 ctl 0x376 bmdma 0xc0a8 irq 15
[    2.863497] Fixed MDIO Bus: probed
[    2.865592] tun: Universal TUN/TAP device driver, 1.6
[    2.866162] tun: (C) 1999-2004 Max Krasnyansky &lt;maxk@qualcomm.com&gt;
[    2.878863] PPP generic driver version 2.4.2
[    2.905955] ehci_hcd: USB 2.0 'Enhanced' Host Controller (EHCI) Driver
[    2.907084] ohci_hcd: USB 1.1 'Open' Host Controller (OHCI) Driver
[    2.909211] uhci_hcd: USB Universal Host Controller Interface driver
[    2.910290] uhci_hcd 0000:00:01.2: PCI INT D -&gt; Link[LNKD] -&gt; GSI 11 (level, high) -&gt; IRQ 11
[    2.914421] uhci_hcd 0000:00:01.2: UHCI Host Controller
[    2.925446] uhci_hcd 0000:00:01.2: new USB bus registered, assigned bus number 1
[    2.927598] uhci_hcd 0000:00:01.2: irq 11, io base 0x0000c040
[    2.966422] hub 1-0:1.0: USB hub found
[    2.972004] hub 1-0:1.0: 2 ports detected
[    2.984868] usbcore: registered new interface driver libusual
[    2.990597] i8042: PNP: PS/2 Controller [PNP0303:KBD,PNP0f13:MOU] at 0x60,0x64 irq 1,12
[    3.004709] serio: i8042 KBD port at 0x60,0x64 irq 1
[    3.007802] serio: i8042 AUX port at 0x60,0x64 irq 12
[    3.099582] ata2.01: ATAPI: QEMU DVD-ROM, 2.0.0, max UDMA/100
[    3.115542] mousedev: PS/2 mouse device common for all mice
[    3.132964] input: AT Translated Set 2 keyboard as /devices/platform/i8042/serio0/input/input1
[    3.143554] rtc_cmos 00:01: RTC can wake from S4
[    3.161325] ata2.01: configured for MWDMA2
[    3.164990] rtc_cmos 00:01: rtc core: registered rtc_cmos as rtc0
[    3.169031] rtc0: alarms up to one day, 114 bytes nvram, hpet irqs
[    3.172935] device-mapper: uevent: version 1.0.3
[    3.202075] scsi 1:0:1:0: CD-ROM            QEMU     QEMU DVD-ROM     2.0. PQ: 0 ANSI: 5
[    3.217123] device-mapper: ioctl: 4.22.0-ioctl (2011-10-19) initialised: dm-devel@redhat.com
[    3.219596] cpuidle: using governor ladder
[    3.221097] cpuidle: using governor menu
[    3.222395] EFI Variables Facility v0.08 2004-May-17
[    3.236609] TCP cubic registered
[    3.242265] NET: Registered protocol family 10
[    3.276656] NET: Registered protocol family 17
[    3.277409] Registering the dns_resolver key type
[    3.302143] sr0: scsi3-mmc drive: 4x/4x cd/rw xa/form2 tray
[    3.303836] cdrom: Uniform CD-ROM driver Revision: 3.20
[    3.318565] sr 1:0:1:0: Attached scsi generic sg0 type 5
[    3.378652] registered taskstats version 1
[    3.398193] Freeing initrd memory: 3656k freed
[    3.879572]   Magic number: 4:67:570
[    3.890657] rtc_cmos 00:01: setting system clock to 2016-02-19 06:35:08 UTC (1455863708)
[    3.893341] powernow-k8: Processor cpuid 663 not supported
[    3.900137] BIOS EDD facility v0.16 2004-Jun-25, 0 devices found
[    3.902774] EDD information not available.
[    3.966325] Freeing unused kernel memory: 928k freed
[    3.972994] Write protecting the kernel read-only data: 12288k
[    4.058139] Freeing unused kernel memory: 1596k freed
[    4.139345] Freeing unused kernel memory: 1184k freed

info: initramfs: up at 4.30
modprobe: module virtio_blk not found in modules.dep
modprobe: module virtio_net not found in modules.dep
info: copying initramfs to /dev/vda
info: initramfs loading root from /dev/vda
info: /etc/init.d/rc.sysinit: up at 8.91
info: container: none
Starting logging: OK
modprobe: module virtio_blk not found in modules.dep
modprobe: module virtio_net not found in modules.dep
WARN: /etc/rc3.d/S10-load-modules failed
Initializing random number generator... done.
Starting acpid: OK
cirros-ds 'local' up at 11.44
found datasource (configdrive, local)
Starting network...
udhcpc (v1.20.1) started
Sending discover...
Sending discover...

2016-02-19 06:37:08,362 27499 INFO     [tempest_lib.common.rest_client] Request (TestNetworkAdvancedServerOps:_run_cleanups): 204 DELETE http://10.4.1.3:9696/v2.0/floatingips/0f5dcb85-e60e-4e10-9438-0ced3c46c407 0.497s
2016-02-19 06:37:08,364 27499 DEBUG    [tempest_lib.common.rest_client] Request - Headers: {'Content-Type': 'application/json', 'Accept': 'application/json', 'X-Auth-Token': '&lt;omitted&gt;'}
        Body: None
    Response - Headers: {'date': 'Fri, 19 Feb 2016 06:37:08 GMT', 'status': '204', 'connection': 'close', 'content-length': '0', 'x-openstack-request-id': 'req-b9c4c995-ddff-4642-9a22-0ede46bd35df'}
        Body: 
2016-02-19 06:37:08,812 27499 INFO     [tempest_lib.common.rest_client] Request (TestNetworkAdvancedServerOps:_run_cleanups): 204 DELETE http://10.4.1.3:8774/v2.1/c9e2302c1b8840e3a212e2e91a7bba7a/servers/6ccfcd18-ee39-4b75-b6f0-cc2bb02e4e0a 0.447s
2016-02-19 06:37:08,813 27499 DEBUG    [tempest_lib.common.rest_client] Request - Headers: {'Content-Type': 'application/json', 'Accept': 'application/json', 'X-Auth-Token': '&lt;omitted&gt;'}
        Body: None
    Response - Headers: {'status': '204', 'content-length': '0', 'x-compute-request-id': 'req-5aee1723-8fc7-48be-abc5-2af56584d266', 'vary': 'X-OpenStack-Nova-API-Version', 'connection': 'close', 'x-openstack-nova-api-version': '2.1', 'date': 'Fri, 19 Feb 2016 06:37:08 GMT', 'content-type': 'application/json'}
        Body: 
2016-02-19 06:37:09,497 27499 INFO     [tempest_lib.common.rest_client] Request (TestNetworkAdvancedServerOps:_run_cleanups): 200 GET http://10.4.1.3:8774/v2.1/c9e2302c1b8840e3a212e2e91a7bba7a/servers/6ccfcd18-ee39-4b75-b6f0-cc2bb02e4e0a 0.683s
2016-02-19 06:37:09,498 27499 DEBUG    [tempest_lib.common.rest_client] Request - Headers: {'Content-Type': 'application/json', 'Accept': 'application/json', 'X-Auth-Token': '&lt;omitted&gt;'}
        Body: None
    Response - Headers: {'status': '200', 'content-length': '1768', 'content-location': 'http://10.4.1.3:8774/v2.1/c9e2302c1b8840e3a212e2e91a7bba7a/servers/6ccfcd18-ee39-4b75-b6f0-cc2bb02e4e0a', 'x-compute-request-id': 'req-0f437639-4fa5-47a9-90dc-4365adfb1bbb', 'vary': 'X-OpenStack-Nova-API-Version', 'connection': 'close', 'x-openstack-nova-api-version': '2.1', 'date': 'Fri, 19 Feb 2016 06:37:09 GMT', 'content-type': 'application/json'}
        Body: {"server": {"status": "ACTIVE", "updated": "2016-02-19T06:37:08Z", "hostId": "d079c55b38fe2c63f089bca2580aabfc4474e2801431bebfff4e4b67", "addresses": {"tempest-network-smoke--844127079": [{"OS-EXT-IPS-MAC:mac_addr": "fa:16:3e:b4:ab:44", "version": 4, "addr": "10.100.0.3", "OS-EXT-IPS:type": "fixed"}, {"OS-EXT-IPS-MAC:mac_addr": "fa:16:3e:b4:ab:44", "version": 4, "addr": "172.24.4.4", "OS-EXT-IPS:type": "floating"}]}, "links": [{"href": "http://10.4.1.3:8774/v2.1/c9e2302c1b8840e3a212e2e91a7bba7a/servers/6ccfcd18-ee39-4b75-b6f0-cc2bb02e4e0a", "rel": "self"}, {"href": "http://10.4.1.3:8774/c9e2302c1b8840e3a212e2e91a7bba7a/servers/6ccfcd18-ee39-4b75-b6f0-cc2bb02e4e0a", "rel": "bookmark"}], "key_name": "tempest-TestNetworkAdvancedServerOps-665098847", "image": {"id": "65fdae8d-0cb0-48f5-99fc-7a167cadb794", "links": [{"href": "http://10.4.1.3:8774/c9e2302c1b8840e3a212e2e91a7bba7a/images/65fdae8d-0cb0-48f5-99fc-7a167cadb794", "rel": "bookmark"}]}, "OS-EXT-STS:task_state": "deleting", "OS-EXT-STS:vm_state": "active", "OS-SRV-USG:launched_at": "2016-02-19T06:35:02.000000", "flavor": {"id": "42", "links": [{"href": "http://10.4.1.3:8774/c9e2302c1b8840e3a212e2e91a7bba7a/flavors/42", "rel": "bookmark"}]}, "id": "6ccfcd18-ee39-4b75-b6f0-cc2bb02e4e0a", "security_groups": [{"name": "tempest-secgroup-smoke-1676752307"}], "OS-SRV-USG:terminated_at": null, "OS-EXT-AZ:availability_zone": "nova", "user_id": "0248ceae77574eac87a64eb2f04ae290", "name": "tempest-server-smoke-486347411", "created": "2016-02-19T06:34:55Z", "tenant_id": "c9e2302c1b8840e3a212e2e91a7bba7a", "OS-DCF:diskConfig": "MANUAL", "os-extended-volumes:volumes_attached": [], "accessIPv4": "", "accessIPv6": "", "progress": 0, "OS-EXT-STS:power_state": 1, "config_drive": "True", "metadata": {}}}
2016-02-19 06:37:10,803 27499 INFO     [tempest_lib.common.rest_client] Request (TestNetworkAdvancedServerOps:_run_cleanups): 404 GET http://10.4.1.3:8774/v2.1/c9e2302c1b8840e3a212e2e91a7bba7a/servers/6ccfcd18-ee39-4b75-b6f0-cc2bb02e4e0a 0.294s
2016-02-19 06:37:10,804 27499 DEBUG    [tempest_lib.common.rest_client] Request - Headers: {'Content-Type': 'application/json', 'Accept': 'application/json', 'X-Auth-Token': '&lt;omitted&gt;'}
        Body: None
    Response - Headers: {'status': '404', 'content-length': '111', 'x-compute-request-id': 'req-b237efde-2c9f-4e58-a46b-b71811369b79', 'vary': 'X-OpenStack-Nova-API-Version', 'connection': 'close', 'x-openstack-nova-api-version': '2.1', 'date': 'Fri, 19 Feb 2016 06:37:10 GMT', 'content-type': 'application/json; charset=UTF-8'}
        Body: {"itemNotFound": {"message": "Instance 6ccfcd18-ee39-4b75-b6f0-cc2bb02e4e0a could not be found.", "code": 404}}
2016-02-19 06:37:11,589 27499 INFO     [tempest_lib.common.rest_client] Request (TestNetworkAdvancedServerOps:_run_cleanups): 500 PUT http://10.4.1.3:9696/v2.0/routers/8cba5b63-de5d-4bef-a4e1-f88ba3d218a5/remove_router_interface 0.784s
2016-02-19 06:37:11,590 27499 DEBUG    [tempest_lib.common.rest_client] Request - Headers: {'Content-Type': 'application/json', 'Accept': 'application/json', 'X-Auth-Token': '&lt;omitted&gt;'}
        Body: {"subnet_id": "9dbef173-69ec-4446-a725-53073617f04f"}
    Response - Headers: {'status': '500', 'content-length': '150', 'connection': 'close', 'date': 'Fri, 19 Feb 2016 06:37:11 GMT', 'content-type': 'application/json; charset=UTF-8', 'x-openstack-request-id': 'req-d68552ef-8480-4644-9c61-c93cdfac7280'}
        Body: {"NeutronError": {"message": "Request Failed: internal server error while processing your request.", "type": "HTTPInternalServerError", "detail": ""}}
2016-02-19 06:37:11,854 27499 INFO     [tempest_lib.common.rest_client] Request (TestNetworkAdvancedServerOps:_run_cleanups): 200 GET http://10.4.1.3:9696/v2.0/routers/8cba5b63-de5d-4bef-a4e1-f88ba3d218a5 0.261s
2016-02-19 06:37:11,855 27499 DEBUG    [tempest_lib.common.rest_client] Request - Headers: {'Content-Type': 'application/json', 'Accept': 'application/json', 'X-Auth-Token': '&lt;omitted&gt;'}
        Body: None
    Response - Headers: {'status': '200', 'content-length': '501', 'content-location': 'http://10.4.1.3:9696/v2.0/routers/8cba5b63-de5d-4bef-a4e1-f88ba3d218a5', 'connection': 'close', 'date': 'Fri, 19 Feb 2016 06:37:11 GMT', 'content-type': 'application/json; charset=UTF-8', 'x-openstack-request-id': 'req-c57cee81-f402-4d39-9f6a-2d142d5a0506'}
        Body: {"router": {"status": "ACTIVE", "external_gateway_info": {"network_id": "4eed5d49-6f8e-4d21-8365-708cae378e71", "enable_snat": true, "external_fixed_ips": [{"subnet_id": "6b5d990d-a6a7-4d60-8462-1886d77187e0", "ip_address": "172.24.4.3"}, {"subnet_id": "af8aace7-3323-4f47-bf70-ab84a139b2fd", "ip_address": "2001:db8::3"}]}, "name": "tempest-router-smoke-1100402600", "admin_state_up": true, "tenant_id": "c9e2302c1b8840e3a212e2e91a7bba7a", "routes": [], "id": "8cba5b63-de5d-4bef-a4e1-f88ba3d218a5"}}
2016-02-19 06:37:12,405 27499 INFO     [tempest_lib.common.rest_client] Request (TestNetworkAdvancedServerOps:_run_cleanups): 200 PUT http://10.4.1.3:9696/v2.0/routers/8cba5b63-de5d-4bef-a4e1-f88ba3d218a5 0.548s
2016-02-19 06:37:12,406 27499 DEBUG    [tempest_lib.common.rest_client] Request - Headers: {'Content-Type': 'application/json', 'Accept': 'application/json', 'X-Auth-Token': '&lt;omitted&gt;'}
        Body: {"router": {"external_gateway_info": {}, "name": "tempest-router-smoke-1100402600", "admin_state_up": true}}
    Response - Headers: {'status': '200', 'content-length': '239', 'connection': 'close', 'date': 'Fri, 19 Feb 2016 06:37:12 GMT', 'content-type': 'application/json; charset=UTF-8', 'x-openstack-request-id': 'req-1a65f9bb-c40e-491a-9691-803407d5cbbd'}
        Body: {"router": {"status": "ACTIVE", "external_gateway_info": null, "name": "tempest-router-smoke-1100402600", "admin_state_up": true, "tenant_id": "c9e2302c1b8840e3a212e2e91a7bba7a", "routes": [], "id": "8cba5b63-de5d-4bef-a4e1-f88ba3d218a5"}}
2016-02-19 06:37:12,817 27499 INFO     [tempest_lib.common.rest_client] Request (TestNetworkAdvancedServerOps:_run_cleanups): 500 DELETE http://10.4.1.3:9696/v2.0/routers/8cba5b63-de5d-4bef-a4e1-f88ba3d218a5 0.409s
2016-02-19 06:37:12,818 27499 DEBUG    [tempest_lib.common.rest_client] Request - Headers: {'Content-Type': 'application/json', 'Accept': 'application/json', 'X-Auth-Token': '&lt;omitted&gt;'}
        Body: None
    Response - Headers: {'status': '500', 'content-length': '150', 'connection': 'close', 'date': 'Fri, 19 Feb 2016 06:37:12 GMT', 'content-type': 'application/json; charset=UTF-8', 'x-openstack-request-id': 'req-e92adb26-9a13-468e-a789-3ad1786f8f94'}
        Body: {"NeutronError": {"message": "Request Failed: internal server error while processing your request.", "type": "HTTPInternalServerError", "detail": ""}}
2016-02-19 06:37:13,532 27499 INFO     [tempest_lib.common.rest_client] Request (TestNetworkAdvancedServerOps:_run_cleanups): 204 DELETE http://10.4.1.3:9696/v2.0/networks/da09b278-e821-41d9-b3db-37eb8101e5bd 0.713s
2016-02-19 06:37:13,533 27499 DEBUG    [tempest_lib.common.rest_client] Request - Headers: {'Content-Type': 'application/json', 'Accept': 'application/json', 'X-Auth-Token': '&lt;omitted&gt;'}
        Body: None
    Response - Headers: {'date': 'Fri, 19 Feb 2016 06:37:13 GMT', 'status': '204', 'connection': 'close', 'content-length': '0', 'x-openstack-request-id': 'req-6a27e7c2-49bb-42a6-8e33-7309694f3efe'}
        Body: 
2016-02-19 06:37:13,808 27499 INFO     [tempest_lib.common.rest_client] Request (TestNetworkAdvancedServerOps:_run_cleanups): 204 DELETE http://10.4.1.3:9696/v2.0/security-groups/c61d1177-6f29-481f-90b1-add8f5afb69a 0.274s
2016-02-19 06:37:13,809 27499 DEBUG    [tempest_lib.common.rest_client] Request - Headers: {'Content-Type': 'application/json', 'Accept': 'application/json', 'X-Auth-Token': '&lt;omitted&gt;'}
        Body: None
    Response - Headers: {'date': 'Fri, 19 Feb 2016 06:37:13 GMT', 'status': '204', 'connection': 'close', 'content-length': '0', 'x-openstack-request-id': 'req-e7efc87a-ba09-4d0c-9ed3-e3268db09df9'}
        Body: 
2016-02-19 06:37:14,011 27499 INFO     [tempest_lib.common.rest_client] Request (TestNetworkAdvancedServerOps:_run_cleanups): 202 DELETE http://10.4.1.3:8774/v2.1/c9e2302c1b8840e3a212e2e91a7bba7a/os-keypairs/tempest-TestNetworkAdvancedServerOps-665098847 0.200s
2016-02-19 06:37:14,011 27499 DEBUG    [tempest_lib.common.rest_client] Request - Headers: {'Content-Type': 'application/json', 'Accept': 'application/json', 'X-Auth-Token': '&lt;omitted&gt;'}
        Body: None
    Response - Headers: {'status': '202', 'content-length': '0', 'x-compute-request-id': 'req-862c08e2-9d4b-4230-b215-30ff9198c5d9', 'vary': 'X-OpenStack-Nova-API-Version', 'connection': 'close', 'x-openstack-nova-api-version': '2.1', 'date': 'Fri, 19 Feb 2016 06:37:14 GMT', 'content-type': 'application/json'}
        Body: 
2016-02-19 06:37:14,296 27499 INFO     [tempest_lib.common.rest_client] Request (TestNetworkAdvancedServerOps:_run_cleanups): 404 GET http://10.4.1.3:8774/v2.1/c9e2302c1b8840e3a212e2e91a7bba7a/servers/6ccfcd18-ee39-4b75-b6f0-cc2bb02e4e0a 0.284s
2016-02-19 06:37:14,297 27499 DEBUG    [tempest_lib.common.rest_client] Request - Headers: {'Content-Type': 'application/json', 'Accept': 'application/json', 'X-Auth-Token': '&lt;omitted&gt;'}
        Body: None
    Response - Headers: {'status': '404', 'content-length': '111', 'x-compute-request-id': 'req-f2259f10-9400-439d-9a92-8754f06f257c', 'vary': 'X-OpenStack-Nova-API-Version', 'connection': 'close', 'x-openstack-nova-api-version': '2.1', 'date': 'Fri, 19 Feb 2016 06:37:14 GMT', 'content-type': 'application/json; charset=UTF-8'}
        Body: {"itemNotFound": {"message": "Instance 6ccfcd18-ee39-4b75-b6f0-cc2bb02e4e0a could not be found.", "code": 404}}
}}}

traceback-1: {{{
Traceback (most recent call last):
  File "tempest/scenario/manager.py", line 108, in delete_wrapper
    delete_thing(*args, **kwargs)
  File "tempest/services/network/resources.py", line 98, in delete
    subnet_id=self.id)
  File "tempest/services/network/json/network_client.py", line 199, in remove_router_interface
    return self.update_resource(uri, kwargs)
  File "tempest/services/network/json/base.py", line 68, in update_resource
    resp, body = self.put(req_uri, req_post_data)
  File "/usr/local/lib/python2.7/dist-packages/tempest_lib/common/rest_client.py", line 322, in put
    return self.request('PUT', url, extra_headers, headers, body)
  File "/usr/local/lib/python2.7/dist-packages/tempest_lib/common/rest_client.py", line 642, in request
    resp, resp_body)
  File "/usr/local/lib/python2.7/dist-packages/tempest_lib/common/rest_client.py", line 761, in _error_checker
    message=message)
tempest_lib.exceptions.ServerFault: Got server fault
Details: Request Failed: internal server error while processing your request.
}}}

traceback-2: {{{
Traceback (most recent call last):
  File "tempest/scenario/manager.py", line 108, in delete_wrapper
    delete_thing(*args, **kwargs)
  File "tempest/services/network/resources.py", line 119, in delete
    self.client.delete_router(self.id)
  File "tempest/services/network/json/network_client.py", line 169, in delete_router
    return self.delete_resource(uri)
  File "tempest/services/network/json/base.py", line 41, in delete_resource
    resp, body = self.delete(req_uri)
  File "/usr/local/lib/python2.7/dist-packages/tempest_lib/common/rest_client.py", line 290, in delete
    return self.request('DELETE', url, extra_headers, headers, body)
  File "/usr/local/lib/python2.7/dist-packages/tempest_lib/common/rest_client.py", line 642, in request
    resp, resp_body)
  File "/usr/local/lib/python2.7/dist-packages/tempest_lib/common/rest_client.py", line 761, in _error_checker
    message=message)
tempest_lib.exceptions.ServerFault: Got server fault
Details: Request Failed: internal server error while processing your request.
}}}

Traceback (most recent call last):
  File "tempest/test.py", line 113, in wrapper
    return f(self, *func_args, **func_kwargs)
  File "tempest/scenario/test_network_advanced_server_ops.py", line 132, in test_server_connectivity_pause_unpause
    server, keypair, floating_ip = self._setup_network_and_servers()
  File "tempest/scenario/test_network_advanced_server_ops.py", line 69, in _setup_network_and_servers
    server, keypair, floating_ip)
  File "tempest/scenario/test_network_advanced_server_ops.py", line 93, in _wait_server_status_and_check_network_connectivity
    self._check_network_connectivity(server, keypair, floating_ip)
  File "tempest/scenario/test_network_advanced_server_ops.py", line 86, in _check_network_connectivity
    servers=[server])
  File "tempest/scenario/manager.py", line 598, in check_public_network_connectivity
    should_connect=should_connect)
  File "tempest/scenario/manager.py", line 582, in check_vm_connectivity
    msg=msg)
  File "/usr/local/lib/python2.7/dist-packages/unittest2/case.py", line 702, in assertTrue
    raise self.failureException(msg)
AssertionError: False is not true : Timed out waiting for 172.24.4.4 to become reachable



        </pre>
    </div>
    <!--css div popup end-->

    </td>
</tr>

<tr id='ft1.2' class='none'>
    <td class='failCase'><div class='testcase'>test_server_connectivity_reboot[compute,id-7b6860c2-afa3-4846-9522-adeb38dfbe08,network]</div></td>
    <td colspan='7' align='left'>

    <!--css div popup start-->
    <a class="popup_link" onfocus='this.blur();'
    href="javascript:showTestDetail('div_ft1.2')" >
        fail</a>

    <div id='div_ft1.2' class="popup_window">
        <div style='text-align: right; color:red;cursor:pointer'>
        <a onfocus='this.blur();'
onclick="document.getElementById('div_ft1.2').style.display = 'none' " >
           [x]</a>
        </div>
        <pre>
        
ft1.2: tempest.scenario.test_network_advanced_server_ops.TestNetworkAdvancedServerOps.test_server_connectivity_reboot[compute,id-7b6860c2-afa3-4846-9522-adeb38dfbe08,network]_StringException: Empty attachments:
  stderr
  stdout

pythonlogging:'': {{{
2016-02-19 06:37:14,780 27499 INFO     [tempest_lib.common.rest_client] Request (TestNetworkAdvancedServerOps:test_server_connectivity_reboot): 200 POST http://10.4.1.3:8774/v2.1/c9e2302c1b8840e3a212e2e91a7bba7a/os-keypairs 0.447s
2016-02-19 06:37:14,780 27499 DEBUG    [tempest_lib.common.rest_client] Request - Headers: {'Content-Type': 'application/json', 'Accept': 'application/json', 'X-Auth-Token': '&lt;omitted&gt;'}
        Body: {"keypair": {"name": "tempest-TestNetworkAdvancedServerOps-177496263"}}
    Response - Headers: {'status': '200', 'content-length': '2329', 'x-compute-request-id': 'req-ede31523-2449-40d7-b008-9cc765c37109', 'vary': 'X-OpenStack-Nova-API-Version', 'connection': 'close', 'x-openstack-nova-api-version': '2.1', 'date': 'Fri, 19 Feb 2016 06:37:14 GMT', 'content-type': 'application/json'}
