<?xml version="1.0" encoding="UTF-8"?>
<!DOCTYPE html PUBLIC "-//W3C//DTD XHTML 1.0 Strict//EN"
     "http://www.w3.org/TR/xhtml1/DTD/xhtml1-strict.dtd">
<html xmlns="http://www.w3.org/1999/xhtml">
<head>
    <title>Unit Test Report</title>
    <meta name="generator" content="subunit2html 0.1"/>
    <meta http-equiv="Content-Type" content="text/html; charset=UTF-8"/>
    
<style type="text/css" media="screen">
body        { font-family: verdana, arial, helvetica, sans-serif;
    font-size: 80%; }
table       { font-size: 100%; width: 100%;}
pre         { font-size: 80%; }

/* -- heading -------------------------------------------------------------- */
h1 {
        font-size: 16pt;
        color: gray;
}
.heading {
    margin-top: 0ex;
    margin-bottom: 1ex;
}

.heading .attribute {
    margin-top: 1ex;
    margin-bottom: 0;
}

.heading .description {
    margin-top: 4ex;
    margin-bottom: 6ex;
}

/* -- css div popup -------------------------------------------------------- */
a.popup_link {
}

a.popup_link:hover {
    color: red;
}

.popup_window {
    display: none;
    overflow-x: scroll;
    /*border: solid #627173 1px; */
    padding: 10px;
    background-color: #E6E6D6;
    font-family: "Ubuntu Mono", "Lucida Console", "Courier New", monospace;
    text-align: left;
    font-size: 8pt;
}

}
/* -- report --------------------------------------------------------------- */
#show_detail_line {
    margin-top: 3ex;
    margin-bottom: 1ex;
}
#result_table {
    width: 100%;
    border-collapse: collapse;
    border: 1px solid #777;
}
#header_row {
    font-weight: bold;
    color: white;
    background-color: #777;
}
#result_table td {
    border: 1px solid #777;
    padding: 2px;
}
#total_row  { font-weight: bold; }
.passClass  { background-color: #6c6; }
.failClass  { background-color: #c60; }
.errorClass { background-color: #c00; }
.passCase   { color: #6c6; }
.failCase   { color: #c60; font-weight: bold; }
.errorCase  { color: #c00; font-weight: bold; }
.hiddenRow  { display: none; }
.testcase   { margin-left: 2em; }
td.testname {width: 40%}
td.small {width: 40px}

/* -- ending --------------------------------------------------------------- */
#ending {
}

</style>

</head>
<body>
<script language="javascript" type="text/javascript"><!--
output_list = Array();

/* level - 0:Summary; 1:Failed; 2:All */
function showCase(level) {
    trs = document.getElementsByTagName("tr");
    for (var i = 0; i < trs.length; i++) {
        tr = trs[i];
        id = tr.id;
        if (id.substr(0,2) == 'ft') {
            if (level < 1) {
                tr.className = 'hiddenRow';
            }
            else {
                tr.className = '';
            }
        }
        if (id.substr(0,2) == 'pt') {
            if (level > 1) {
                tr.className = '';
            }
            else {
                tr.className = 'hiddenRow';
            }
        }
    }
}


function showClassDetail(cid, count) {
    var id_list = Array(count);
    var toHide = 1;
    for (var i = 0; i < count; i++) {
        tid0 = 't' + cid.substr(1) + '.' + (i+1);
        tid = 'f' + tid0;
        tr = document.getElementById(tid);
        if (!tr) {
            tid = 'p' + tid0;
            tr = document.getElementById(tid);
        }
        id_list[i] = tid;
        if (tr.className) {
            toHide = 0;
        }
    }
    for (var i = 0; i < count; i++) {
        tid = id_list[i];
        if (toHide) {
            document.getElementById('div_'+tid).style.display = 'none'
            document.getElementById(tid).className = 'hiddenRow';
        }
        else {
            document.getElementById(tid).className = '';
        }
    }
}


function showTestDetail(div_id){
    var details_div = document.getElementById(div_id)
    var displayState = details_div.style.display
    // alert(displayState)
    if (displayState != 'block' ) {
        displayState = 'block'
        details_div.style.display = 'block'
    }
    else {
        details_div.style.display = 'none'
    }
}


function html_escape(s) {
    s = s.replace(/&/g,'&amp;');
    s = s.replace(/</g,'&lt;');
    s = s.replace(/>/g,'&gt;');
    return s;
}

/* obsoleted by detail in <div>
function showOutput(id, name) {
    var w = window.open("", //url
                    name,
                    "resizable,scrollbars,status,width=800,height=450");
    d = w.document;
    d.write("<pre>");
    d.write(html_escape(output_list[id]));
    d.write("\n");
    d.write("<a href='javascript:window.close()'>close</a>\n");
    d.write("</pre>\n");
    d.close();
}
*/
--></script>

<div class='heading'>
<h1>Unit Test Report</h1>

<p class='attribute'><strong>Status:</strong> Failure 6</p>

<p class='description'></p>
</div>



<p id='show_detail_line'>Show
<a href='javascript:showCase(0)'>Summary</a>
<a href='javascript:showCase(1)'>Failed</a>
<a href='javascript:showCase(2)'>All</a>
</p>
<table id='result_table'>
<colgroup>
<col align='left' />
<col align='right' />
<col align='right' />
<col align='right' />
<col align='right' />
<col align='right' />
<col align='right' />
<col align='right' />
</colgroup>
<tr id='header_row'>
    <td>Test Group/Test case</td>
    <td>Count</td>
    <td>Pass</td>
    <td>Fail</td>
    <td>Error</td>
    <td>Skip</td>
    <td>View</td>
    <td> </td>
</tr>

<tr class='failClass'>
    <td class="testname">tempest.scenario.test_network_advanced_server_ops.TestNetworkAdvancedServerOps</td>
    <td class="small">6</td>
    <td class="small">0</td>
    <td class="small">6</td>
    <td class="small">0</td>
    <td class="small">0</td>
    <td class="small"><a href="javascript:showClassDetail('c1',6)"
>Detail</a></td>
    <td> </td>
</tr>

<tr id='ft1.1' class='none'>
    <td class='failCase'><div class='testcase'>test_server_connectivity_pause_unpause[compute,id-2b2642db-6568-4b35-b812-eceed3fa20ce,network]</div></td>
    <td colspan='7' align='left'>

    <!--css div popup start-->
    <a class="popup_link" onfocus='this.blur();'
    href="javascript:showTestDetail('div_ft1.1')" >
        fail</a>

    <div id='div_ft1.1' class="popup_window">
        <div style='text-align: right; color:red;cursor:pointer'>
        <a onfocus='this.blur();'
onclick="document.getElementById('div_ft1.1').style.display = 'none' " >
           [x]</a>
        </div>
        <pre>
        
ft1.1: tempest.scenario.test_network_advanced_server_ops.TestNetworkAdvancedServerOps.test_server_connectivity_pause_unpause[compute,id-2b2642db-6568-4b35-b812-eceed3fa20ce,network]_StringException: Empty attachments:
  stderr
  stdout

pythonlogging:'': {{{
2016-02-18 20:15:24,092 27841 INFO     [tempest_lib.common.rest_client] Request (TestNetworkAdvancedServerOps:test_server_connectivity_pause_unpause): 200 POST http://10.4.1.3:8774/v2.1/20bc17d5c63543e783a49578c4c71008/os-keypairs 0.806s
2016-02-18 20:15:24,093 27841 DEBUG    [tempest_lib.common.rest_client] Request - Headers: {'Content-Type': 'application/json', 'Accept': 'application/json', 'X-Auth-Token': '&lt;omitted&gt;'}
        Body: {"keypair": {"name": "tempest-TestNetworkAdvancedServerOps-1510775877"}}
    Response - Headers: {'status': '200', 'content-length': '2334', 'x-compute-request-id': 'req-1b6b99ef-7407-489d-86d2-3254b0f6f32c', 'vary': 'X-OpenStack-Nova-API-Version', 'connection': 'close', 'x-openstack-nova-api-version': '2.1', 'date': 'Thu, 18 Feb 2016 20:15:24 GMT', 'content-type': 'application/json'}
        Body: {"keypair": {"public_key": "ssh-rsa AAAAB3NzaC1yc2EAAAADAQABAAABAQCfPvz1WfyLSIASWFTK/6i3QlERQ4MLBChnwKfCncipFUksLO7znw+q4T4OyiYZ156/tCLJNIpYDusGgTxikf7i6FxEhOy1W9EpLhPKiLsupDNiDCqLnL+IQEijcZB0hNdM+yHkhQotZ8WgF/zTgZCnbZPaQSHxHI2FpDQhzrHIhqHyVsLuz0a6/iCeFkt2QpY3uvixOh5ktEOr/Z0NQPQqqko9Ee9HxdaXya4xlp5LuZN2TX00puix3kzsEF/YMGpNl5ox8bovg874RsIFwIs7OuI224xH9uxyQnXjS/bkdTTHzmlnWSLy38CTKpK2q2dEKTYSMfLdhgulY0VQPmPl Generated-by-Nova", "private_key": "-----BEGIN RSA PRIVATE KEY-----\nMIIEqgIBAAKCAQEAnz789Vn8i0iAElhUyv+ot0JREUODCwQoZ8Cnwp3IqRVJLCzu\n858PquE+DsomGdeev7QiyTSKWA7rBoE8YpH+4uhcRITstVvRKS4Tyoi7LqQzYgwq\ni5y/iEBIo3GQdITXTPsh5IUKLWfFoBf804GQp22T2kEh8RyNhaQ0Ic6xyIah8lbC\n7s9Guv4gnhZLdkKWN7r4sToeZLRDq/2dDUD0KqpKPRHvR8XWl8muMZaeS7mTdk19\nNKbosd5M7BBf2DBqTZeaMfG6L4PO+EbCBcCLOzriNtuMR/bsckJ140v25HU0x85p\nZ1ki8t/AkyqStqtnRCk2EjHy3YYLpWNFUD5j5QIDAQABAoIBAQCczxOcLg4mwS+L\n4PsuIe3q9xyI2WfysxdugyEu3Nw400MIgv6RWvG8nKvVOG2oSNCDiUgvxNLtv1Lj\nRuNFVOoeWhxxREsqks01ta+7YkSfuwT16XEDpUhdTJ+6ghtzAVRY83n+YpsQ9vx9\nluFZDF5638YVxsk7eZhKHtVO7Q/Xmlv/x4aOo/ubnOpoCWs6DCXbDPdRzs919WfS\n8zBxde1RtwQa/iIrMIMP7C22cB6LyGDPyBuaMIihtj9UQct94KWahE26+qyG4xIC\nWVM0TWP4p3GEm65znwQDXO+aa3QzlscNG189+jOqsmJ+8kRKPI6VoKbDeXh2UaqN\nAhLeHPfJAoIAgQC34CSBpFRuWj9IdZAGlLQftxIQQTX7k/KE6cWUAZHear653u6U\nj9o0TqKwH+4MAVxuYlM+JhU5rJwd2VkLWIokV1RX7bM1z/oLXJ9xaszsyYWYw+TW\ntGX17w5v1ejc0eMHzNKu2lEjPNTuwKgGLqsnsY3f0WX3VHNsysef9mSbBwKCAIEA\n3bWsl8ri5WQVYt5+r/EiDkmOaFffgi9EzfNTOhT3CpyvULsMxzEriCJb6ZDKV3xL\nqAhh8YzoCjPn4pjhVSaHT0mZibijsN4hqT8NiSalzZg2lVn/zBZfezQvzIz3ZeRK\nDAYa1fTzTQ3eh0VhZYjcxeYvOrjp5KvKYTq7QTGkkrMCggCBAK6FfMDbsxNmbugc\nRU4pt+jePrPU4SLeYnIK2+/FqaicUlhiorm465d4B2v5clxMsmlGw9GaHc026ppe\nH+jn6X3isXgfcVgjBSXhjKf+gXBBOZ8sVzf900Sg2GgHdNSaFczieBljt10lsMjH\nbPMpOmQbXxhPTGN68W8R7HUETKrjAoIAgQC67epPMSiM8A14BtAZ19023p3LLAuu\n39vLKVUKq5J+yAyorIzhhXuGlDGahBGWIZ5IVoj9+CfMMmdYjj2uZYXAO/XQQHUD\nMsZ+xELNWGCDL8sVsYQStupaHm4OsOwGZKxp5tvJeXWJiiANPVoZGYPK94Dqqe3K\nd21y/OnU1d5EMQKCAIBKB/I7CtxYXs5gUn04AEPzb8dsS34TspXGogcQPes/kY3C\nviP87e5/YRHwlzs/l63MNrc3SwCOyoDGSVZqhHXep5LgSpRlF28h9JXmk+gOj5Qs\n/APDkGUA+MyyfP70+joNXrVg4xgZQ0CGef94IKnWnkW+eVaXt/N6NbhP0vwwLA==\n-----END RSA PRIVATE KEY-----\n", "user_id": "eef2afaf25854f34a40bec2b2ee6ca0b", "name": "tempest-TestNetworkAdvancedServerOps-1510775877", "fingerprint": "cf:4e:15:dd:02:e3:6c:d7:17:3c:20:5d:0f:76:f2:8e"}}
2016-02-18 20:15:24,503 27841 INFO     [tempest_lib.common.rest_client] Request (TestNetworkAdvancedServerOps:test_server_connectivity_pause_unpause): 201 POST http://10.4.1.3:9696/v2.0/security-groups 0.404s
2016-02-18 20:15:24,504 27841 DEBUG    [tempest_lib.common.rest_client] Request - Headers: {'Content-Type': 'application/json', 'Accept': 'application/json', 'X-Auth-Token': '&lt;omitted&gt;'}
        Body: {"security_group": {"tenant_id": "20bc17d5c63543e783a49578c4c71008", "description": "tempest-secgroup-smoke-762805468 description", "name": "tempest-secgroup-smoke-762805468"}}
    Response - Headers: {'status': '201', 'content-length': '886', 'connection': 'close', 'date': 'Thu, 18 Feb 2016 20:15:24 GMT', 'content-type': 'application/json; charset=UTF-8', 'x-openstack-request-id': 'req-09070cae-0d42-43d0-a766-dae39b34a952'}
        Body: {"security_group": {"tenant_id": "20bc17d5c63543e783a49578c4c71008", "description": "tempest-secgroup-smoke-762805468 description", "id": "8b7fad42-4ac2-48a2-abe5-7620c75505ca", "security_group_rules": [{"remote_group_id": null, "direction": "egress", "remote_ip_prefix": null, "protocol": null, "ethertype": "IPv4", "tenant_id": "20bc17d5c63543e783a49578c4c71008", "port_range_max": null, "port_range_min": null, "id": "00fdac5b-0a8f-47b4-adb7-a3e14904ef04", "security_group_id": "8b7fad42-4ac2-48a2-abe5-7620c75505ca"}, {"remote_group_id": null, "direction": "egress", "remote_ip_prefix": null, "protocol": null, "ethertype": "IPv6", "tenant_id": "20bc17d5c63543e783a49578c4c71008", "port_range_max": null, "port_range_min": null, "id": "2982afc4-0334-4027-8fd3-3ed72a70bbea", "security_group_id": "8b7fad42-4ac2-48a2-abe5-7620c75505ca"}], "name": "tempest-secgroup-smoke-762805468"}}
2016-02-18 20:15:24,848 27841 INFO     [tempest_lib.common.rest_client] Request (TestNetworkAdvancedServerOps:test_server_connectivity_pause_unpause): 201 POST http://10.4.1.3:9696/v2.0/security-group-rules 0.343s
2016-02-18 20:15:24,849 27841 DEBUG    [tempest_lib.common.rest_client] Request - Headers: {'Content-Type': 'application/json', 'Accept': 'application/json', 'X-Auth-Token': '&lt;omitted&gt;'}
        Body: {"security_group_rule": {"direction": "ingress", "protocol": "tcp", "tenant_id": "20bc17d5c63543e783a49578c4c71008", "port_range_max": 22, "security_group_id": "8b7fad42-4ac2-48a2-abe5-7620c75505ca", "port_range_min": 22}}
    Response - Headers: {'status': '201', 'content-length': '340', 'connection': 'close', 'date': 'Thu, 18 Feb 2016 20:15:24 GMT', 'content-type': 'application/json; charset=UTF-8', 'x-openstack-request-id': 'req-b1ffdb6c-8938-4726-8e8c-fdd7eec2a885'}
        Body: {"security_group_rule": {"remote_group_id": null, "direction": "ingress", "remote_ip_prefix": null, "protocol": "tcp", "ethertype": "IPv4", "tenant_id": "20bc17d5c63543e783a49578c4c71008", "port_range_max": 22, "port_range_min": 22, "id": "444112de-11a6-4640-ba6e-f6d5eb028b33", "security_group_id": "8b7fad42-4ac2-48a2-abe5-7620c75505ca"}}
2016-02-18 20:15:25,176 27841 INFO     [tempest_lib.common.rest_client] Request (TestNetworkAdvancedServerOps:test_server_connectivity_pause_unpause): 201 POST http://10.4.1.3:9696/v2.0/security-group-rules 0.325s
2016-02-18 20:15:25,177 27841 DEBUG    [tempest_lib.common.rest_client] Request - Headers: {'Content-Type': 'application/json', 'Accept': 'application/json', 'X-Auth-Token': '&lt;omitted&gt;'}
        Body: {"security_group_rule": {"direction": "egress", "protocol": "tcp", "tenant_id": "20bc17d5c63543e783a49578c4c71008", "port_range_max": 22, "security_group_id": "8b7fad42-4ac2-48a2-abe5-7620c75505ca", "port_range_min": 22}}
    Response - Headers: {'status': '201', 'content-length': '339', 'connection': 'close', 'date': 'Thu, 18 Feb 2016 20:15:25 GMT', 'content-type': 'application/json; charset=UTF-8', 'x-openstack-request-id': 'req-76c98d8e-05ab-41c6-8a68-7bcf36032855'}
        Body: {"security_group_rule": {"remote_group_id": null, "direction": "egress", "remote_ip_prefix": null, "protocol": "tcp", "ethertype": "IPv4", "tenant_id": "20bc17d5c63543e783a49578c4c71008", "port_range_max": 22, "port_range_min": 22, "id": "ed12a3ca-dccc-4644-ac92-45ab1bc2c75e", "security_group_id": "8b7fad42-4ac2-48a2-abe5-7620c75505ca"}}
2016-02-18 20:15:25,485 27841 INFO     [tempest_lib.common.rest_client] Request (TestNetworkAdvancedServerOps:test_server_connectivity_pause_unpause): 201 POST http://10.4.1.3:9696/v2.0/security-group-rules 0.307s
2016-02-18 20:15:25,486 27841 DEBUG    [tempest_lib.common.rest_client] Request - Headers: {'Content-Type': 'application/json', 'Accept': 'application/json', 'X-Auth-Token': '&lt;omitted&gt;'}
        Body: {"security_group_rule": {"tenant_id": "20bc17d5c63543e783a49578c4c71008", "direction": "ingress", "protocol": "icmp", "security_group_id": "8b7fad42-4ac2-48a2-abe5-7620c75505ca"}}
    Response - Headers: {'status': '201', 'content-length': '345', 'connection': 'close', 'date': 'Thu, 18 Feb 2016 20:15:25 GMT', 'content-type': 'application/json; charset=UTF-8', 'x-openstack-request-id': 'req-46824d6d-027e-4b0d-bbbb-85decb9ac1c1'}
        Body: {"security_group_rule": {"remote_group_id": null, "direction": "ingress", "remote_ip_prefix": null, "protocol": "icmp", "ethertype": "IPv4", "tenant_id": "20bc17d5c63543e783a49578c4c71008", "port_range_max": null, "port_range_min": null, "id": "5d1c0612-4176-4b7b-b2a2-9d199111e875", "security_group_id": "8b7fad42-4ac2-48a2-abe5-7620c75505ca"}}
2016-02-18 20:15:25,792 27841 INFO     [tempest_lib.common.rest_client] Request (TestNetworkAdvancedServerOps:test_server_connectivity_pause_unpause): 201 POST http://10.4.1.3:9696/v2.0/security-group-rules 0.304s
2016-02-18 20:15:25,792 27841 DEBUG    [tempest_lib.common.rest_client] Request - Headers: {'Content-Type': 'application/json', 'Accept': 'application/json', 'X-Auth-Token': '&lt;omitted&gt;'}
        Body: {"security_group_rule": {"tenant_id": "20bc17d5c63543e783a49578c4c71008", "direction": "egress", "protocol": "icmp", "security_group_id": "8b7fad42-4ac2-48a2-abe5-7620c75505ca"}}
    Response - Headers: {'status': '201', 'content-length': '344', 'connection': 'close', 'date': 'Thu, 18 Feb 2016 20:15:25 GMT', 'content-type': 'application/json; charset=UTF-8', 'x-openstack-request-id': 'req-9b16b4a9-ba4c-4f17-b996-170e71a4603a'}
        Body: {"security_group_rule": {"remote_group_id": null, "direction": "egress", "remote_ip_prefix": null, "protocol": "icmp", "ethertype": "IPv4", "tenant_id": "20bc17d5c63543e783a49578c4c71008", "port_range_max": null, "port_range_min": null, "id": "d66ea622-aabc-4393-b849-70e7868c615e", "security_group_id": "8b7fad42-4ac2-48a2-abe5-7620c75505ca"}}
2016-02-18 20:15:26,098 27841 INFO     [tempest_lib.common.rest_client] Request (TestNetworkAdvancedServerOps:test_server_connectivity_pause_unpause): 201 POST http://10.4.1.3:9696/v2.0/security-group-rules 0.305s
2016-02-18 20:15:26,099 27841 DEBUG    [tempest_lib.common.rest_client] Request - Headers: {'Content-Type': 'application/json', 'Accept': 'application/json', 'X-Auth-Token': '&lt;omitted&gt;'}
        Body: {"security_group_rule": {"tenant_id": "20bc17d5c63543e783a49578c4c71008", "direction": "ingress", "security_group_id": "8b7fad42-4ac2-48a2-abe5-7620c75505ca", "protocol": "icmp", "ethertype": "IPv6"}}
    Response - Headers: {'status': '201', 'content-length': '345', 'connection': 'close', 'date': 'Thu, 18 Feb 2016 20:15:26 GMT', 'content-type': 'application/json; charset=UTF-8', 'x-openstack-request-id': 'req-22bfb4c0-cf8a-4b53-93ef-d2d6a3e48c44'}
        Body: {"security_group_rule": {"remote_group_id": null, "direction": "ingress", "remote_ip_prefix": null, "protocol": "icmp", "ethertype": "IPv6", "tenant_id": "20bc17d5c63543e783a49578c4c71008", "port_range_max": null, "port_range_min": null, "id": "dfc4f4b0-83fd-43f1-9bf9-2e51625fcf0f", "security_group_id": "8b7fad42-4ac2-48a2-abe5-7620c75505ca"}}
2016-02-18 20:15:26,422 27841 INFO     [tempest_lib.common.rest_client] Request (TestNetworkAdvancedServerOps:test_server_connectivity_pause_unpause): 201 POST http://10.4.1.3:9696/v2.0/security-group-rules 0.321s
2016-02-18 20:15:26,422 27841 DEBUG    [tempest_lib.common.rest_client] Request - Headers: {'Content-Type': 'application/json', 'Accept': 'application/json', 'X-Auth-Token': '&lt;omitted&gt;'}
        Body: {"security_group_rule": {"tenant_id": "20bc17d5c63543e783a49578c4c71008", "direction": "egress", "security_group_id": "8b7fad42-4ac2-48a2-abe5-7620c75505ca", "protocol": "icmp", "ethertype": "IPv6"}}
    Response - Headers: {'status': '201', 'content-length': '344', 'connection': 'close', 'date': 'Thu, 18 Feb 2016 20:15:26 GMT', 'content-type': 'application/json; charset=UTF-8', 'x-openstack-request-id': 'req-88403d2e-13f9-42bd-aec8-c07bdf1840f6'}
        Body: {"security_group_rule": {"remote_group_id": null, "direction": "egress", "remote_ip_prefix": null, "protocol": "icmp", "ethertype": "IPv6", "tenant_id": "20bc17d5c63543e783a49578c4c71008", "port_range_max": null, "port_range_min": null, "id": "f18e51ca-f4be-4553-be10-5372acefb911", "security_group_id": "8b7fad42-4ac2-48a2-abe5-7620c75505ca"}}
2016-02-18 20:15:26,902 27841 INFO     [tempest_lib.common.rest_client] Request (TestNetworkAdvancedServerOps:test_server_connectivity_pause_unpause): 201 POST http://10.4.1.3:9696/v2.0/networks 0.477s
2016-02-18 20:15:26,902 27841 DEBUG    [tempest_lib.common.rest_client] Request - Headers: {'Content-Type': 'application/json', 'Accept': 'application/json', 'X-Auth-Token': '&lt;omitted&gt;'}
        Body: {"network": {"tenant_id": "20bc17d5c63543e783a49578c4c71008", "name": "tempest-network-smoke--1224667653"}}
    Response - Headers: {'status': '201', 'content-length': '356', 'connection': 'close', 'date': 'Thu, 18 Feb 2016 20:15:26 GMT', 'content-type': 'application/json; charset=UTF-8', 'x-openstack-request-id': 'req-b84b5541-1cb8-41f7-9000-08cc7240bab9'}
        Body: {"network": {"status": "ACTIVE", "subnets": [], "availability_zone_hints": [], "availability_zones": [], "name": "tempest-network-smoke--1224667653", "admin_state_up": true, "tenant_id": "20bc17d5c63543e783a49578c4c71008", "mtu": 1450, "router:external": false, "shared": false, "port_security_enabled": true, "id": "9e386922-3180-4ecf-9f18-f95286eef1a5"}}
2016-02-18 20:15:27,191 27841 INFO     [tempest_lib.common.rest_client] Request (TestNetworkAdvancedServerOps:test_server_connectivity_pause_unpause): 201 POST http://10.4.1.3:9696/v2.0/routers 0.288s
2016-02-18 20:15:27,192 27841 DEBUG    [tempest_lib.common.rest_client] Request - Headers: {'Content-Type': 'application/json', 'Accept': 'application/json', 'X-Auth-Token': '&lt;omitted&gt;'}
        Body: {"router": {"tenant_id": "20bc17d5c63543e783a49578c4c71008", "name": "tempest-router-smoke-1002834282", "admin_state_up": true}}
    Response - Headers: {'status': '201', 'content-length': '239', 'connection': 'close', 'date': 'Thu, 18 Feb 2016 20:15:27 GMT', 'content-type': 'application/json; charset=UTF-8', 'x-openstack-request-id': 'req-28f49c71-282d-40f7-b116-caf35ac661e0'}
        Body: {"router": {"status": "ACTIVE", "external_gateway_info": null, "name": "tempest-router-smoke-1002834282", "admin_state_up": true, "tenant_id": "20bc17d5c63543e783a49578c4c71008", "routes": [], "id": "ab105ac1-c95a-41e6-b9dd-d6b79163a679"}}
2016-02-18 20:15:27,446 27841 INFO     [tempest_lib.common.rest_client] Request (TestNetworkAdvancedServerOps:test_server_connectivity_pause_unpause): 200 GET http://10.4.1.3:9696/v2.0/routers/ab105ac1-c95a-41e6-b9dd-d6b79163a679 0.252s
2016-02-18 20:15:27,446 27841 DEBUG    [tempest_lib.common.rest_client] Request - Headers: {'Content-Type': 'application/json', 'Accept': 'application/json', 'X-Auth-Token': '&lt;omitted&gt;'}
        Body: None
    Response - Headers: {'status': '200', 'content-length': '239', 'content-location': 'http://10.4.1.3:9696/v2.0/routers/ab105ac1-c95a-41e6-b9dd-d6b79163a679', 'connection': 'close', 'date': 'Thu, 18 Feb 2016 20:15:27 GMT', 'content-type': 'application/json; charset=UTF-8', 'x-openstack-request-id': 'req-0e49f682-8a46-4d57-ac56-c15bb4d08227'}
        Body: {"router": {"status": "ACTIVE", "external_gateway_info": null, "name": "tempest-router-smoke-1002834282", "admin_state_up": true, "tenant_id": "20bc17d5c63543e783a49578c4c71008", "routes": [], "id": "ab105ac1-c95a-41e6-b9dd-d6b79163a679"}}
2016-02-18 20:15:28,335 27841 INFO     [tempest_lib.common.rest_client] Request (TestNetworkAdvancedServerOps:test_server_connectivity_pause_unpause): 200 PUT http://10.4.1.3:9696/v2.0/routers/ab105ac1-c95a-41e6-b9dd-d6b79163a679 0.888s
2016-02-18 20:15:28,336 27841 DEBUG    [tempest_lib.common.rest_client] Request - Headers: {'Content-Type': 'application/json', 'Accept': 'application/json', 'X-Auth-Token': '&lt;omitted&gt;'}
        Body: {"router": {"external_gateway_info": {"network_id": "8385e696-b63b-4109-96cd-9abc8f524208"}, "name": "tempest-router-smoke-1002834282", "admin_state_up": true}}
    Response - Headers: {'status': '200', 'content-length': '501', 'connection': 'close', 'date': 'Thu, 18 Feb 2016 20:15:28 GMT', 'content-type': 'application/json; charset=UTF-8', 'x-openstack-request-id': 'req-a825ec25-8112-4203-aa6e-b5d51c6505ac'}
        Body: {"router": {"status": "ACTIVE", "external_gateway_info": {"network_id": "8385e696-b63b-4109-96cd-9abc8f524208", "enable_snat": true, "external_fixed_ips": [{"subnet_id": "448ee010-b8f9-49bb-9c31-9b2f5dba14a4", "ip_address": "172.24.4.3"}, {"subnet_id": "4958ccce-cf23-4b97-8713-10a79efac7b9", "ip_address": "2001:db8::3"}]}, "name": "tempest-router-smoke-1002834282", "admin_state_up": true, "tenant_id": "20bc17d5c63543e783a49578c4c71008", "routes": [], "id": "ab105ac1-c95a-41e6-b9dd-d6b79163a679"}}
2016-02-18 20:15:28,578 27841 INFO     [tempest_lib.common.rest_client] Request (TestNetworkAdvancedServerOps:test_server_connectivity_pause_unpause): 200 GET http://10.4.1.3:9696/v2.0/subnets?tenant_id=20bc17d5c63543e783a49578c4c71008&amp;cidr=10.100.0.0%2F28 0.241s
2016-02-18 20:15:28,578 27841 DEBUG    [tempest_lib.common.rest_client] Request - Headers: {'Content-Type': 'application/json', 'Accept': 'application/json', 'X-Auth-Token': '&lt;omitted&gt;'}
        Body: None
    Response - Headers: {'status': '200', 'content-length': '15', 'content-location': 'http://10.4.1.3:9696/v2.0/subnets?tenant_id=20bc17d5c63543e783a49578c4c71008&amp;cidr=10.100.0.0%2F28', 'connection': 'close', 'date': 'Thu, 18 Feb 2016 20:15:28 GMT', 'content-type': 'application/json; charset=UTF-8', 'x-openstack-request-id': 'req-e2ecfa2d-2d9a-4f32-8066-32d89fdf142a'}
        Body: {"subnets": []}
2016-02-18 20:15:29,132 27841 INFO     [tempest_lib.common.rest_client] Request (TestNetworkAdvancedServerOps:test_server_connectivity_pause_unpause): 201 POST http://10.4.1.3:9696/v2.0/subnets 0.552s
2016-02-18 20:15:29,132 27841 DEBUG    [tempest_lib.common.rest_client] Request - Headers: {'Content-Type': 'application/json', 'Accept': 'application/json', 'X-Auth-Token': '&lt;omitted&gt;'}
        Body: {"subnet": {"ip_version": 4, "tenant_id": "20bc17d5c63543e783a49578c4c71008", "cidr": "10.100.0.0/28", "network_id": "9e386922-3180-4ecf-9f18-f95286eef1a5", "name": "tempest-subnet-smoke-1603726072"}}
    Response - Headers: {'status': '201', 'content-length': '478', 'connection': 'close', 'date': 'Thu, 18 Feb 2016 20:15:29 GMT', 'content-type': 'application/json; charset=UTF-8', 'x-openstack-request-id': 'req-608e366b-86bd-4389-b4e8-be53e1c83558'}
        Body: {"subnet": {"name": "tempest-subnet-smoke-1603726072", "enable_dhcp": true, "network_id": "9e386922-3180-4ecf-9f18-f95286eef1a5", "tenant_id": "20bc17d5c63543e783a49578c4c71008", "dns_nameservers": [], "gateway_ip": "10.100.0.1", "ipv6_ra_mode": null, "allocation_pools": [{"start": "10.100.0.2", "end": "10.100.0.14"}], "host_routes": [], "ip_version": 4, "ipv6_address_mode": null, "cidr": "10.100.0.0/28", "id": "1ceb1483-9ce9-4c6a-b4e4-edd35bb15d93", "subnetpool_id": null}}
2016-02-18 20:15:29,817 27841 INFO     [tempest_lib.common.rest_client] Request (TestNetworkAdvancedServerOps:test_server_connectivity_pause_unpause): 200 PUT http://10.4.1.3:9696/v2.0/routers/ab105ac1-c95a-41e6-b9dd-d6b79163a679/add_router_interface 0.683s
2016-02-18 20:15:29,818 27841 DEBUG    [tempest_lib.common.rest_client] Request - Headers: {'Content-Type': 'application/json', 'Accept': 'application/json', 'X-Auth-Token': '&lt;omitted&gt;'}
        Body: {"subnet_id": "1ceb1483-9ce9-4c6a-b4e4-edd35bb15d93"}
    Response - Headers: {'status': '200', 'content-length': '309', 'connection': 'close', 'date': 'Thu, 18 Feb 2016 20:15:29 GMT', 'content-type': 'application/json; charset=UTF-8', 'x-openstack-request-id': 'req-c8d6cf77-a3ef-4bf9-b95b-51e17eac0ddd'}
        Body: {"network_id": "9e386922-3180-4ecf-9f18-f95286eef1a5", "tenant_id": "20bc17d5c63543e783a49578c4c71008", "subnet_id": "1ceb1483-9ce9-4c6a-b4e4-edd35bb15d93", "subnet_ids": ["1ceb1483-9ce9-4c6a-b4e4-edd35bb15d93"], "port_id": "446f7fa9-4869-4bdb-a440-c94abd97c13c", "id": "ab105ac1-c95a-41e6-b9dd-d6b79163a679"}
2016-02-18 20:15:29,987 27841 INFO     [tempest_lib.common.rest_client] Request (TestNetworkAdvancedServerOps:test_server_connectivity_pause_unpause): 200 POST http://10.4.1.3:5000/v2.0/tokens
2016-02-18 20:15:29,988 27841 DEBUG    [tempest_lib.common.rest_client] Request - Headers: {'Content-Type': 'application/json', 'Accept': 'application/json'}
        Body: &lt;omitted&gt;
    Response - Headers: {'status': '200', 'content-length': '2296', 'vary': 'X-Auth-Token', 'server': 'Apache/2.4.7 (Ubuntu)', 'connection': 'close', 'date': 'Thu, 18 Feb 2016 20:15:29 GMT', 'content-type': 'application/json', 'x-openstack-request-id': 'req-9b9e62c5-861d-4f45-b8f4-f1aa872f4c9c'}
        Body: {"access": {"token": {"issued_at": "2016-02-18T20:15:29.974077", "expires": "2016-02-18T21:15:29Z", "id": "e24d28c8a10743b3918c6914d94bca38", "tenant": {"description": "tempest-TestNetworkAdvancedServerOps-1557343136-desc", "enabled": true, "id": "20bc17d5c63543e783a49578c4c71008", "name": "tempest-TestNetworkAdvancedServerOps-1557343136"}, "audit_ids": ["AkMOZ7ouQ3G52OCRt2M42g"]}, "serviceCatalog": [{"endpoints": [{"adminURL": "http://10.4.1.3:9292", "region": "RegionOne", "internalURL": "http://10.4.1.3:9292", "id": "06a34a3bb84949f1ab185c85ab89c38b", "publicURL": "http://10.4.1.3:9292"}], "endpoints_links": [], "type": "image", "name": "glance"}, {"endpoints": [{"adminURL": "http://10.4.1.3:8774/v2.1/20bc17d5c63543e783a49578c4c71008", "region": "RegionOne", "internalURL": "http://10.4.1.3:8774/v2.1/20bc17d5c63543e783a49578c4c71008", "id": "500591c9078a444fb27352e8f7b0be4a", "publicURL": "http://10.4.1.3:8774/v2.1/20bc17d5c63543e783a49578c4c71008"}], "endpoints_links": [], "type": "compute", "name": "nova"}, {"endpoints": [{"adminURL": "http://10.4.1.3:8774/v2/20bc17d5c63543e783a49578c4c71008", "region": "RegionOne", "internalURL": "http://10.4.1.3:8774/v2/20bc17d5c63543e783a49578c4c71008", "id": "3a1816c0afe04685a5daf75d9fff8e0e", "publicURL": "http://10.4.1.3:8774/v2/20bc17d5c63543e783a49578c4c71008"}], "endpoints_links": [], "type": "compute_legacy", "name": "nova_legacy"}, {"endpoints": [{"adminURL": "http://10.4.1.3:35357/v2.0", "region": "RegionOne", "internalURL": "http://10.4.1.3:5000/v2.0", "id": "412f4ccb098749daa086c0eecf784061", "publicURL": "http://10.4.1.3:5000/v2.0"}], "endpoints_links": [], "type": "identity", "name": "keystone"}, {"endpoints": [{"adminURL": "http://10.4.1.3:9696/", "region": "RegionOne", "internalURL": "http://10.4.1.3:9696/", "id": "889adb8e5e4f4e23a1225b5f9cb562fd", "publicURL": "http://10.4.1.3:9696/"}], "endpoints_links": [], "type": "network", "name": "neutron"}], "user": {"username": "tempest-TestNetworkAdvancedServerOps-1615929800", "roles_links": [], "id": "eef2afaf25854f34a40bec2b2ee6ca0b", "roles": [{"name": "_member_"}, {"name": "Member"}], "name": "tempest-TestNetworkAdvancedServerOps-1615929800"}, "metadata": {"is_admin": 0, "roles": ["9fe2ff9ee4384b1894a90878d3e92bab", "0d7618c5d38c4cc4b6f712941a1c86ca"]}}}
2016-02-18 20:15:29,995 27841 DEBUG    [tempest.common.fixed_network] (TestNetworkAdvancedServerOps:test_server_connectivity_pause_unpause) No valid network provided or created, defaulting to fixed_network_name
2016-02-18 20:15:30,518 27841 INFO     [tempest_lib.common.rest_client] Request (TestNetworkAdvancedServerOps:test_server_connectivity_pause_unpause): 200 GET http://10.4.1.3:8774/v2.1/20bc17d5c63543e783a49578c4c71008/os-networks 0.522s
2016-02-18 20:15:30,519 27841 DEBUG    [tempest_lib.common.rest_client] Request - Headers: {'Content-Type': 'application/json', 'Accept': 'application/json', 'X-Auth-Token': '&lt;omitted&gt;'}
        Body: None
    Response - Headers: {'status': '200', 'content-length': '479', 'content-location': 'http://10.4.1.3:8774/v2.1/20bc17d5c63543e783a49578c4c71008/os-networks', 'x-compute-request-id': 'req-cdf7e851-10a0-41a8-9eed-a44ba1b80dff', 'vary': 'X-OpenStack-Nova-API-Version', 'connection': 'close', 'x-openstack-nova-api-version': '2.1', 'date': 'Thu, 18 Feb 2016 20:15:30 GMT', 'content-type': 'application/json'}
        Body: {"networks": [{"cidr_v6": null, "dns2": null, "dns1": null, "gateway": null, "broadcast": null, "netmask": null, "gateway_v6": null, "cidr": null, "label": "public", "id": "8385e696-b63b-4109-96cd-9abc8f524208", "netmask_v6": null}, {"cidr_v6": null, "dns2": null, "dns1": null, "gateway": null, "broadcast": null, "netmask": null, "gateway_v6": null, "cidr": null, "label": "tempest-network-smoke--1224667653", "id": "9e386922-3180-4ecf-9f18-f95286eef1a5", "netmask_v6": null}]}
2016-02-18 20:15:30,519 27841 WARNING  [tempest.common.fixed_network] (TestNetworkAdvancedServerOps:test_server_connectivity_pause_unpause) Network with name: private not found
2016-02-18 20:15:30,520 27841 INFO     [tempest.common.fixed_network] (TestNetworkAdvancedServerOps:test_server_connectivity_pause_unpause) Found network {} available for tenant
2016-02-18 20:15:33,572 27841 INFO     [tempest_lib.common.rest_client] Request (TestNetworkAdvancedServerOps:test_server_connectivity_pause_unpause): 202 POST http://10.4.1.3:8774/v2.1/20bc17d5c63543e783a49578c4c71008/servers 3.050s
2016-02-18 20:15:33,573 27841 DEBUG    [tempest_lib.common.rest_client] Request - Headers: {'Content-Type': 'application/json', 'Accept': 'application/json', 'X-Auth-Token': '&lt;omitted&gt;'}
        Body: {"server": {"name": "tempest-server-smoke-1973055025", "imageRef": "92950674-b41a-4135-a397-5d729d088343", "key_name": "tempest-TestNetworkAdvancedServerOps-1510775877", "flavorRef": "42", "networks": [{"uuid": "9e386922-3180-4ecf-9f18-f95286eef1a5"}], "security_groups": [{"name": "tempest-secgroup-smoke-762805468"}]}}
    Response - Headers: {'status': '202', 'content-length': '459', 'x-compute-request-id': 'req-fb1125a3-be0b-422a-a42e-6e701115df14', 'vary': 'X-OpenStack-Nova-API-Version', 'connection': 'close', 'location': 'http://10.4.1.3:8774/v2.1/20bc17d5c63543e783a49578c4c71008/servers/7f4b2812-8bf5-494e-95b5-ea0183535d5a', 'x-openstack-nova-api-version': '2.1', 'date': 'Thu, 18 Feb 2016 20:15:33 GMT', 'content-type': 'application/json'}
        Body: {"server": {"security_groups": [{"name": "tempest-secgroup-smoke-762805468"}], "OS-DCF:diskConfig": "MANUAL", "id": "7f4b2812-8bf5-494e-95b5-ea0183535d5a", "links": [{"href": "http://10.4.1.3:8774/v2.1/20bc17d5c63543e783a49578c4c71008/servers/7f4b2812-8bf5-494e-95b5-ea0183535d5a", "rel": "self"}, {"href": "http://10.4.1.3:8774/20bc17d5c63543e783a49578c4c71008/servers/7f4b2812-8bf5-494e-95b5-ea0183535d5a", "rel": "bookmark"}], "adminPass": "8zeyXNVHFUTr"}}
2016-02-18 20:15:34,069 27841 INFO     [tempest_lib.common.rest_client] Request (TestNetworkAdvancedServerOps:test_server_connectivity_pause_unpause): 200 GET http://10.4.1.3:8774/v2.1/20bc17d5c63543e783a49578c4c71008/servers/7f4b2812-8bf5-494e-95b5-ea0183535d5a 0.492s
2016-02-18 20:15:34,070 27841 DEBUG    [tempest_lib.common.rest_client] Request - Headers: {'Content-Type': 'application/json', 'Accept': 'application/json', 'X-Auth-Token': '&lt;omitted&gt;'}
        Body: None
    Response - Headers: {'status': '200', 'content-length': '1350', 'content-location': 'http://10.4.1.3:8774/v2.1/20bc17d5c63543e783a49578c4c71008/servers/7f4b2812-8bf5-494e-95b5-ea0183535d5a', 'x-compute-request-id': 'req-ef45b13c-aac4-4b7d-90b7-559b157e68c2', 'vary': 'X-OpenStack-Nova-API-Version', 'connection': 'close', 'x-openstack-nova-api-version': '2.1', 'date': 'Thu, 18 Feb 2016 20:15:34 GMT', 'content-type': 'application/json'}
        Body: {"server": {"status": "BUILD", "updated": "2016-02-18T20:15:33Z", "hostId": "", "addresses": {}, "links": [{"href": "http://10.4.1.3:8774/v2.1/20bc17d5c63543e783a49578c4c71008/servers/7f4b2812-8bf5-494e-95b5-ea0183535d5a", "rel": "self"}, {"href": "http://10.4.1.3:8774/20bc17d5c63543e783a49578c4c71008/servers/7f4b2812-8bf5-494e-95b5-ea0183535d5a", "rel": "bookmark"}], "key_name": "tempest-TestNetworkAdvancedServerOps-1510775877", "image": {"id": "92950674-b41a-4135-a397-5d729d088343", "links": [{"href": "http://10.4.1.3:8774/20bc17d5c63543e783a49578c4c71008/images/92950674-b41a-4135-a397-5d729d088343", "rel": "bookmark"}]}, "OS-EXT-STS:task_state": "scheduling", "OS-EXT-STS:vm_state": "building", "OS-SRV-USG:launched_at": null, "flavor": {"id": "42", "links": [{"href": "http://10.4.1.3:8774/20bc17d5c63543e783a49578c4c71008/flavors/42", "rel": "bookmark"}]}, "id": "7f4b2812-8bf5-494e-95b5-ea0183535d5a", "OS-SRV-USG:terminated_at": null, "OS-EXT-AZ:availability_zone": "", "user_id": "eef2afaf25854f34a40bec2b2ee6ca0b", "name": "tempest-server-smoke-1973055025", "created": "2016-02-18T20:15:33Z", "tenant_id": "20bc17d5c63543e783a49578c4c71008", "OS-DCF:diskConfig": "MANUAL", "os-extended-volumes:volumes_attached": [], "accessIPv4": "", "accessIPv6": "", "progress": 0, "OS-EXT-STS:power_state": 0, "config_drive": "", "metadata": {}}}
2016-02-18 20:15:35,668 27841 INFO     [tempest_lib.common.rest_client] Request (TestNetworkAdvancedServerOps:test_server_connectivity_pause_unpause): 200 GET http://10.4.1.3:8774/v2.1/20bc17d5c63543e783a49578c4c71008/servers/7f4b2812-8bf5-494e-95b5-ea0183535d5a 0.586s
2016-02-18 20:15:35,668 27841 DEBUG    [tempest_lib.common.rest_client] Request - Headers: {'Content-Type': 'application/json', 'Accept': 'application/json', 'X-Auth-Token': '&lt;omitted&gt;'}
        Body: None
    Response - Headers: {'status': '200', 'content-length': '1408', 'content-location': 'http://10.4.1.3:8774/v2.1/20bc17d5c63543e783a49578c4c71008/servers/7f4b2812-8bf5-494e-95b5-ea0183535d5a', 'x-compute-request-id': 'req-f46d1feb-0666-4ab9-8e51-13be0135ba76', 'vary': 'X-OpenStack-Nova-API-Version', 'connection': 'close', 'x-openstack-nova-api-version': '2.1', 'date': 'Thu, 18 Feb 2016 20:15:35 GMT', 'content-type': 'application/json'}
        Body: {"server": {"status": "BUILD", "updated": "2016-02-18T20:15:34Z", "hostId": "43911990eec634c6513e714a5e37e3136dd1a48c87bf35c09c0b5d35", "addresses": {}, "links": [{"href": "http://10.4.1.3:8774/v2.1/20bc17d5c63543e783a49578c4c71008/servers/7f4b2812-8bf5-494e-95b5-ea0183535d5a", "rel": "self"}, {"href": "http://10.4.1.3:8774/20bc17d5c63543e783a49578c4c71008/servers/7f4b2812-8bf5-494e-95b5-ea0183535d5a", "rel": "bookmark"}], "key_name": "tempest-TestNetworkAdvancedServerOps-1510775877", "image": {"id": "92950674-b41a-4135-a397-5d729d088343", "links": [{"href": "http://10.4.1.3:8774/20bc17d5c63543e783a49578c4c71008/images/92950674-b41a-4135-a397-5d729d088343", "rel": "bookmark"}]}, "OS-EXT-STS:task_state": "spawning", "OS-EXT-STS:vm_state": "building", "OS-SRV-USG:launched_at": null, "flavor": {"id": "42", "links": [{"href": "http://10.4.1.3:8774/20bc17d5c63543e783a49578c4c71008/flavors/42", "rel": "bookmark"}]}, "id": "7f4b2812-8bf5-494e-95b5-ea0183535d5a", "OS-SRV-USG:terminated_at": null, "OS-EXT-AZ:availability_zone": "nova", "user_id": "eef2afaf25854f34a40bec2b2ee6ca0b", "name": "tempest-server-smoke-1973055025", "created": "2016-02-18T20:15:33Z", "tenant_id": "20bc17d5c63543e783a49578c4c71008", "OS-DCF:diskConfig": "MANUAL", "os-extended-volumes:volumes_attached": [], "accessIPv4": "", "accessIPv6": "", "progress": 0, "OS-EXT-STS:power_state": 0, "config_drive": "", "metadata": {}}}
2016-02-18 20:15:35,682 27841 INFO     [tempest.common.waiters] State transition "BUILD/scheduling" ==&gt; "BUILD/spawning" after 1 second wait
2016-02-18 20:15:37,382 27841 INFO     [tempest_lib.common.rest_client] Request (TestNetworkAdvancedServerOps:test_server_connectivity_pause_unpause): 200 GET http://10.4.1.3:8774/v2.1/20bc17d5c63543e783a49578c4c71008/servers/7f4b2812-8bf5-494e-95b5-ea0183535d5a 0.698s
2016-02-18 20:15:37,383 27841 DEBUG    [tempest_lib.common.rest_client] Request - Headers: {'Content-Type': 'application/json', 'Accept': 'application/json', 'X-Auth-Token': '&lt;omitted&gt;'}
        Body: None
    Response - Headers: {'status': '200', 'content-length': '1475', 'content-location': 'http://10.4.1.3:8774/v2.1/20bc17d5c63543e783a49578c4c71008/servers/7f4b2812-8bf5-494e-95b5-ea0183535d5a', 'x-compute-request-id': 'req-6b35e2cc-48e6-4c8e-a538-5fda1c7e730e', 'vary': 'X-OpenStack-Nova-API-Version', 'connection': 'close', 'x-openstack-nova-api-version': '2.1', 'date': 'Thu, 18 Feb 2016 20:15:37 GMT', 'content-type': 'application/json'}
        Body: {"server": {"status": "BUILD", "updated": "2016-02-18T20:15:34Z", "hostId": "43911990eec634c6513e714a5e37e3136dd1a48c87bf35c09c0b5d35", "addresses": {}, "links": [{"href": "http://10.4.1.3:8774/v2.1/20bc17d5c63543e783a49578c4c71008/servers/7f4b2812-8bf5-494e-95b5-ea0183535d5a", "rel": "self"}, {"href": "http://10.4.1.3:8774/20bc17d5c63543e783a49578c4c71008/servers/7f4b2812-8bf5-494e-95b5-ea0183535d5a", "rel": "bookmark"}], "key_name": "tempest-TestNetworkAdvancedServerOps-1510775877", "image": {"id": "92950674-b41a-4135-a397-5d729d088343", "links": [{"href": "http://10.4.1.3:8774/20bc17d5c63543e783a49578c4c71008/images/92950674-b41a-4135-a397-5d729d088343", "rel": "bookmark"}]}, "OS-EXT-STS:task_state": "spawning", "OS-EXT-STS:vm_state": "building", "OS-SRV-USG:launched_at": null, "flavor": {"id": "42", "links": [{"href": "http://10.4.1.3:8774/20bc17d5c63543e783a49578c4c71008/flavors/42", "rel": "bookmark"}]}, "id": "7f4b2812-8bf5-494e-95b5-ea0183535d5a", "security_groups": [{"name": "tempest-secgroup-smoke-762805468"}], "OS-SRV-USG:terminated_at": null, "OS-EXT-AZ:availability_zone": "nova", "user_id": "eef2afaf25854f34a40bec2b2ee6ca0b", "name": "tempest-server-smoke-1973055025", "created": "2016-02-18T20:15:33Z", "tenant_id": "20bc17d5c63543e783a49578c4c71008", "OS-DCF:diskConfig": "MANUAL", "os-extended-volumes:volumes_attached": [], "accessIPv4": "", "accessIPv6": "", "progress": 0, "OS-EXT-STS:power_state": 0, "config_drive": "", "metadata": {}}}
2016-02-18 20:15:39,194 27841 INFO     [tempest_lib.common.rest_client] Request (TestNetworkAdvancedServerOps:test_server_connectivity_pause_unpause): 200 GET http://10.4.1.3:8774/v2.1/20bc17d5c63543e783a49578c4c71008/servers/7f4b2812-8bf5-494e-95b5-ea0183535d5a 0.800s
2016-02-18 20:15:39,194 27841 DEBUG    [tempest_lib.common.rest_client] Request - Headers: {'Content-Type': 'application/json', 'Accept': 'application/json', 'X-Auth-Token': '&lt;omitted&gt;'}
        Body: None
    Response - Headers: {'status': '200', 'content-length': '1475', 'content-location': 'http://10.4.1.3:8774/v2.1/20bc17d5c63543e783a49578c4c71008/servers/7f4b2812-8bf5-494e-95b5-ea0183535d5a', 'x-compute-request-id': 'req-b1289d32-3314-4fa6-a75a-014ecac54c7d', 'vary': 'X-OpenStack-Nova-API-Version', 'connection': 'close', 'x-openstack-nova-api-version': '2.1', 'date': 'Thu, 18 Feb 2016 20:15:39 GMT', 'content-type': 'application/json'}
        Body: {"server": {"status": "BUILD", "updated": "2016-02-18T20:15:34Z", "hostId": "43911990eec634c6513e714a5e37e3136dd1a48c87bf35c09c0b5d35", "addresses": {}, "links": [{"href": "http://10.4.1.3:8774/v2.1/20bc17d5c63543e783a49578c4c71008/servers/7f4b2812-8bf5-494e-95b5-ea0183535d5a", "rel": "self"}, {"href": "http://10.4.1.3:8774/20bc17d5c63543e783a49578c4c71008/servers/7f4b2812-8bf5-494e-95b5-ea0183535d5a", "rel": "bookmark"}], "key_name": "tempest-TestNetworkAdvancedServerOps-1510775877", "image": {"id": "92950674-b41a-4135-a397-5d729d088343", "links": [{"href": "http://10.4.1.3:8774/20bc17d5c63543e783a49578c4c71008/images/92950674-b41a-4135-a397-5d729d088343", "rel": "bookmark"}]}, "OS-EXT-STS:task_state": "spawning", "OS-EXT-STS:vm_state": "building", "OS-SRV-USG:launched_at": null, "flavor": {"id": "42", "links": [{"href": "http://10.4.1.3:8774/20bc17d5c63543e783a49578c4c71008/flavors/42", "rel": "bookmark"}]}, "id": "7f4b2812-8bf5-494e-95b5-ea0183535d5a", "security_groups": [{"name": "tempest-secgroup-smoke-762805468"}], "OS-SRV-USG:terminated_at": null, "OS-EXT-AZ:availability_zone": "nova", "user_id": "eef2afaf25854f34a40bec2b2ee6ca0b", "name": "tempest-server-smoke-1973055025", "created": "2016-02-18T20:15:33Z", "tenant_id": "20bc17d5c63543e783a49578c4c71008", "OS-DCF:diskConfig": "MANUAL", "os-extended-volumes:volumes_attached": [], "accessIPv4": "", "accessIPv6": "", "progress": 0, "OS-EXT-STS:power_state": 0, "config_drive": "", "metadata": {}}}
2016-02-18 20:15:40,894 27841 INFO     [tempest_lib.common.rest_client] Request (TestNetworkAdvancedServerOps:test_server_connectivity_pause_unpause): 200 GET http://10.4.1.3:8774/v2.1/20bc17d5c63543e783a49578c4c71008/servers/7f4b2812-8bf5-494e-95b5-ea0183535d5a 0.689s
2016-02-18 20:15:40,894 27841 DEBUG    [tempest_lib.common.rest_client] Request - Headers: {'Content-Type': 'application/json', 'Accept': 'application/json', 'X-Auth-Token': '&lt;omitted&gt;'}
        Body: None
    Response - Headers: {'status': '200', 'content-length': '1647', 'content-location': 'http://10.4.1.3:8774/v2.1/20bc17d5c63543e783a49578c4c71008/servers/7f4b2812-8bf5-494e-95b5-ea0183535d5a', 'x-compute-request-id': 'req-3b06d982-dd68-4e4f-b3dc-12e468ef9652', 'vary': 'X-OpenStack-Nova-API-Version', 'connection': 'close', 'x-openstack-nova-api-version': '2.1', 'date': 'Thu, 18 Feb 2016 20:15:40 GMT', 'content-type': 'application/json'}
        Body: {"server": {"status": "ACTIVE", "updated": "2016-02-18T20:15:39Z", "hostId": "43911990eec634c6513e714a5e37e3136dd1a48c87bf35c09c0b5d35", "addresses": {"tempest-network-smoke--1224667653": [{"OS-EXT-IPS-MAC:mac_addr": "fa:16:3e:01:87:dc", "version": 4, "addr": "10.100.0.3", "OS-EXT-IPS:type": "fixed"}]}, "links": [{"href": "http://10.4.1.3:8774/v2.1/20bc17d5c63543e783a49578c4c71008/servers/7f4b2812-8bf5-494e-95b5-ea0183535d5a", "rel": "self"}, {"href": "http://10.4.1.3:8774/20bc17d5c63543e783a49578c4c71008/servers/7f4b2812-8bf5-494e-95b5-ea0183535d5a", "rel": "bookmark"}], "key_name": "tempest-TestNetworkAdvancedServerOps-1510775877", "image": {"id": "92950674-b41a-4135-a397-5d729d088343", "links": [{"href": "http://10.4.1.3:8774/20bc17d5c63543e783a49578c4c71008/images/92950674-b41a-4135-a397-5d729d088343", "rel": "bookmark"}]}, "OS-EXT-STS:task_state": null, "OS-EXT-STS:vm_state": "active", "OS-SRV-USG:launched_at": "2016-02-18T20:15:39.000000", "flavor": {"id": "42", "links": [{"href": "http://10.4.1.3:8774/20bc17d5c63543e783a49578c4c71008/flavors/42", "rel": "bookmark"}]}, "id": "7f4b2812-8bf5-494e-95b5-ea0183535d5a", "security_groups": [{"name": "tempest-secgroup-smoke-762805468"}], "OS-SRV-USG:terminated_at": null, "OS-EXT-AZ:availability_zone": "nova", "user_id": "eef2afaf25854f34a40bec2b2ee6ca0b", "name": "tempest-server-smoke-1973055025", "created": "2016-02-18T20:15:33Z", "tenant_id": "20bc17d5c63543e783a49578c4c71008", "OS-DCF:diskConfig": "MANUAL", "os-extended-volumes:volumes_attached": [], "accessIPv4": "", "accessIPv6": "", "progress": 0, "OS-EXT-STS:power_state": 1, "config_drive": "True", "metadata": {}}}
2016-02-18 20:15:40,903 27841 INFO     [tempest.common.waiters] State transition "BUILD/spawning" ==&gt; "ACTIVE/None" after 6 second wait
2016-02-18 20:15:41,596 27841 INFO     [tempest_lib.common.rest_client] Request (TestNetworkAdvancedServerOps:test_server_connectivity_pause_unpause): 200 GET http://10.4.1.3:8774/v2.1/20bc17d5c63543e783a49578c4c71008/servers/7f4b2812-8bf5-494e-95b5-ea0183535d5a 0.693s
2016-02-18 20:15:41,597 27841 DEBUG    [tempest_lib.common.rest_client] Request - Headers: {'Content-Type': 'application/json', 'Accept': 'application/json', 'X-Auth-Token': '&lt;omitted&gt;'}
        Body: None
    Response - Headers: {'status': '200', 'content-length': '1647', 'content-location': 'http://10.4.1.3:8774/v2.1/20bc17d5c63543e783a49578c4c71008/servers/7f4b2812-8bf5-494e-95b5-ea0183535d5a', 'x-compute-request-id': 'req-f8f0eed0-10d9-4dfe-aba5-3410ff66644b', 'vary': 'X-OpenStack-Nova-API-Version', 'connection': 'close', 'x-openstack-nova-api-version': '2.1', 'date': 'Thu, 18 Feb 2016 20:15:41 GMT', 'content-type': 'application/json'}
        Body: {"server": {"status": "ACTIVE", "updated": "2016-02-18T20:15:39Z", "hostId": "43911990eec634c6513e714a5e37e3136dd1a48c87bf35c09c0b5d35", "addresses": {"tempest-network-smoke--1224667653": [{"OS-EXT-IPS-MAC:mac_addr": "fa:16:3e:01:87:dc", "version": 4, "addr": "10.100.0.3", "OS-EXT-IPS:type": "fixed"}]}, "links": [{"href": "http://10.4.1.3:8774/v2.1/20bc17d5c63543e783a49578c4c71008/servers/7f4b2812-8bf5-494e-95b5-ea0183535d5a", "rel": "self"}, {"href": "http://10.4.1.3:8774/20bc17d5c63543e783a49578c4c71008/servers/7f4b2812-8bf5-494e-95b5-ea0183535d5a", "rel": "bookmark"}], "key_name": "tempest-TestNetworkAdvancedServerOps-1510775877", "image": {"id": "92950674-b41a-4135-a397-5d729d088343", "links": [{"href": "http://10.4.1.3:8774/20bc17d5c63543e783a49578c4c71008/images/92950674-b41a-4135-a397-5d729d088343", "rel": "bookmark"}]}, "OS-EXT-STS:task_state": null, "OS-EXT-STS:vm_state": "active", "OS-SRV-USG:launched_at": "2016-02-18T20:15:39.000000", "flavor": {"id": "42", "links": [{"href": "http://10.4.1.3:8774/20bc17d5c63543e783a49578c4c71008/flavors/42", "rel": "bookmark"}]}, "id": "7f4b2812-8bf5-494e-95b5-ea0183535d5a", "security_groups": [{"name": "tempest-secgroup-smoke-762805468"}], "OS-SRV-USG:terminated_at": null, "OS-EXT-AZ:availability_zone": "nova", "user_id": "eef2afaf25854f34a40bec2b2ee6ca0b", "name": "tempest-server-smoke-1973055025", "created": "2016-02-18T20:15:33Z", "tenant_id": "20bc17d5c63543e783a49578c4c71008", "OS-DCF:diskConfig": "MANUAL", "os-extended-volumes:volumes_attached": [], "accessIPv4": "", "accessIPv6": "", "progress": 0, "OS-EXT-STS:power_state": 1, "config_drive": "True", "metadata": {}}}
2016-02-18 20:15:41,805 27841 INFO     [tempest_lib.common.rest_client] Request (TestNetworkAdvancedServerOps:test_server_connectivity_pause_unpause): 200 GET http://10.4.1.3:9696/v2.0/ports?fixed_ip=None&amp;device_id=7f4b2812-8bf5-494e-95b5-ea0183535d5a 0.200s
2016-02-18 20:15:41,806 27841 DEBUG    [tempest_lib.common.rest_client] Request - Headers: {'Content-Type': 'application/json', 'Accept': 'application/json', 'X-Auth-Token': '&lt;omitted&gt;'}
        Body: None
    Response - Headers: {'status': '200', 'content-length': '755', 'content-location': 'http://10.4.1.3:9696/v2.0/ports?fixed_ip=None&amp;device_id=7f4b2812-8bf5-494e-95b5-ea0183535d5a', 'connection': 'close', 'date': 'Thu, 18 Feb 2016 20:15:41 GMT', 'content-type': 'application/json; charset=UTF-8', 'x-openstack-request-id': 'req-0695ce5e-bbf2-41f3-8530-66e4b07223a9'}
        Body: {"ports": [{"status": "ACTIVE", "binding:host_id": "vagrant-ubuntu-trusty-64", "name": "", "allowed_address_pairs": [], "admin_state_up": true, "network_id": "9e386922-3180-4ecf-9f18-f95286eef1a5", "tenant_id": "20bc17d5c63543e783a49578c4c71008", "extra_dhcp_opts": [], "mac_address": "fa:16:3e:01:87:dc", "binding:vif_details": {"port_filter": true}, "binding:vif_type": "ovs", "device_owner": "compute:None", "binding:profile": {}, "port_security_enabled": true, "binding:vnic_type": "normal", "fixed_ips": [{"subnet_id": "1ceb1483-9ce9-4c6a-b4e4-edd35bb15d93", "ip_address": "10.100.0.3"}], "id": "5d5f4426-8e1c-4e80-b6aa-aa4ffbfdfdcf", "security_groups": ["8b7fad42-4ac2-48a2-abe5-7620c75505ca"], "device_id": "7f4b2812-8bf5-494e-95b5-ea0183535d5a"}]}
2016-02-18 20:15:43,921 27841 INFO     [tempest_lib.common.rest_client] Request (TestNetworkAdvancedServerOps:test_server_connectivity_pause_unpause): 201 POST http://10.4.1.3:9696/v2.0/floatingips 2.114s
2016-02-18 20:15:43,921 27841 DEBUG    [tempest_lib.common.rest_client] Request - Headers: {'Content-Type': 'application/json', 'Accept': 'application/json', 'X-Auth-Token': '&lt;omitted&gt;'}
        Body: {"floatingip": {"floating_network_id": "8385e696-b63b-4109-96cd-9abc8f524208", "tenant_id": "20bc17d5c63543e783a49578c4c71008", "fixed_ip_address": "10.100.0.3", "port_id": "5d5f4426-8e1c-4e80-b6aa-aa4ffbfdfdcf"}}
    Response - Headers: {'status': '201', 'content-length': '369', 'connection': 'close', 'date': 'Thu, 18 Feb 2016 20:15:43 GMT', 'content-type': 'application/json; charset=UTF-8', 'x-openstack-request-id': 'req-eb949fde-548c-4778-b757-2b032cf74dd6'}
        Body: {"floatingip": {"floating_network_id": "8385e696-b63b-4109-96cd-9abc8f524208", "router_id": "ab105ac1-c95a-41e6-b9dd-d6b79163a679", "fixed_ip_address": "10.100.0.3", "floating_ip_address": "172.24.4.4", "tenant_id": "20bc17d5c63543e783a49578c4c71008", "status": "ACTIVE", "port_id": "5d5f4426-8e1c-4e80-b6aa-aa4ffbfdfdcf", "id": "68e0a580-c1e2-40fe-9b1a-e2577626d5d1"}}
2016-02-18 20:15:44,604 27841 INFO     [tempest_lib.common.rest_client] Request (TestNetworkAdvancedServerOps:test_server_connectivity_pause_unpause): 200 GET http://10.4.1.3:8774/v2.1/20bc17d5c63543e783a49578c4c71008/servers/7f4b2812-8bf5-494e-95b5-ea0183535d5a 0.681s
2016-02-18 20:15:44,605 27841 DEBUG    [tempest_lib.common.rest_client] Request - Headers: {'Content-Type': 'application/json', 'Accept': 'application/json', 'X-Auth-Token': '&lt;omitted&gt;'}
        Body: None
    Response - Headers: {'status': '200', 'content-length': '1647', 'content-location': 'http://10.4.1.3:8774/v2.1/20bc17d5c63543e783a49578c4c71008/servers/7f4b2812-8bf5-494e-95b5-ea0183535d5a', 'x-compute-request-id': 'req-e15322c5-4b86-4f22-b982-d606fb0a485c', 'vary': 'X-OpenStack-Nova-API-Version', 'connection': 'close', 'x-openstack-nova-api-version': '2.1', 'date': 'Thu, 18 Feb 2016 20:15:44 GMT', 'content-type': 'application/json'}
        Body: {"server": {"status": "ACTIVE", "updated": "2016-02-18T20:15:39Z", "hostId": "43911990eec634c6513e714a5e37e3136dd1a48c87bf35c09c0b5d35", "addresses": {"tempest-network-smoke--1224667653": [{"OS-EXT-IPS-MAC:mac_addr": "fa:16:3e:01:87:dc", "version": 4, "addr": "10.100.0.3", "OS-EXT-IPS:type": "fixed"}]}, "links": [{"href": "http://10.4.1.3:8774/v2.1/20bc17d5c63543e783a49578c4c71008/servers/7f4b2812-8bf5-494e-95b5-ea0183535d5a", "rel": "self"}, {"href": "http://10.4.1.3:8774/20bc17d5c63543e783a49578c4c71008/servers/7f4b2812-8bf5-494e-95b5-ea0183535d5a", "rel": "bookmark"}], "key_name": "tempest-TestNetworkAdvancedServerOps-1510775877", "image": {"id": "92950674-b41a-4135-a397-5d729d088343", "links": [{"href": "http://10.4.1.3:8774/20bc17d5c63543e783a49578c4c71008/images/92950674-b41a-4135-a397-5d729d088343", "rel": "bookmark"}]}, "OS-EXT-STS:task_state": null, "OS-EXT-STS:vm_state": "active", "OS-SRV-USG:launched_at": "2016-02-18T20:15:39.000000", "flavor": {"id": "42", "links": [{"href": "http://10.4.1.3:8774/20bc17d5c63543e783a49578c4c71008/flavors/42", "rel": "bookmark"}]}, "id": "7f4b2812-8bf5-494e-95b5-ea0183535d5a", "security_groups": [{"name": "tempest-secgroup-smoke-762805468"}], "OS-SRV-USG:terminated_at": null, "OS-EXT-AZ:availability_zone": "nova", "user_id": "eef2afaf25854f34a40bec2b2ee6ca0b", "name": "tempest-server-smoke-1973055025", "created": "2016-02-18T20:15:33Z", "tenant_id": "20bc17d5c63543e783a49578c4c71008", "OS-DCF:diskConfig": "MANUAL", "os-extended-volumes:volumes_attached": [], "accessIPv4": "", "accessIPv6": "", "progress": 0, "OS-EXT-STS:power_state": 1, "config_drive": "True", "metadata": {}}}
2016-02-18 20:15:44,613 27841 INFO     [tempest.scenario.manager] Tenant networks not configured to be reachable.
2016-02-18 20:15:44,828 27841 INFO     [tempest_lib.common.rest_client] Request (TestNetworkAdvancedServerOps:test_server_connectivity_pause_unpause): 200 GET http://10.4.1.3:9696/v2.0/floatingips/68e0a580-c1e2-40fe-9b1a-e2577626d5d1 0.214s
2016-02-18 20:15:44,829 27841 DEBUG    [tempest_lib.common.rest_client] Request - Headers: {'Content-Type': 'application/json', 'Accept': 'application/json', 'X-Auth-Token': '&lt;omitted&gt;'}
        Body: None
    Response - Headers: {'status': '200', 'content-length': '369', 'content-location': 'http://10.4.1.3:9696/v2.0/floatingips/68e0a580-c1e2-40fe-9b1a-e2577626d5d1', 'connection': 'close', 'date': 'Thu, 18 Feb 2016 20:15:44 GMT', 'content-type': 'application/json; charset=UTF-8', 'x-openstack-request-id': 'req-be6dd3f9-cd84-4ec9-a8d1-ea7d65876487'}
        Body: {"floatingip": {"floating_network_id": "8385e696-b63b-4109-96cd-9abc8f524208", "router_id": "ab105ac1-c95a-41e6-b9dd-d6b79163a679", "fixed_ip_address": "10.100.0.3", "floating_ip_address": "172.24.4.4", "tenant_id": "20bc17d5c63543e783a49578c4c71008", "status": "ACTIVE", "port_id": "5d5f4426-8e1c-4e80-b6aa-aa4ffbfdfdcf", "id": "68e0a580-c1e2-40fe-9b1a-e2577626d5d1"}}
2016-02-18 20:15:44,829 27841 INFO     [tempest.scenario.manager] FloatingIP: &lt;"FloatingIP" addr="172.24.4.4" id="68e0a580-c1e2-40fe-9b1a-e2577626d5d1"&gt; is at status: ACTIVE
2016-02-18 20:15:44,829 27841 DEBUG    [tempest.scenario.manager] checking network connections to IP 172.24.4.4 with user: cirros
2016-02-18 20:15:44,830 27841 DEBUG    [tempest.scenario.manager] TestNetworkAdvancedServerOps:test_server_connectivity_pause_unpause begins to ping 172.24.4.4 in 120 sec and the expected result is reachable
2016-02-18 20:17:46,414 27841 DEBUG    [tempest.scenario.manager] TestNetworkAdvancedServerOps:test_server_connectivity_pause_unpause finishes ping 172.24.4.4 in 120 sec and the ping result is unexpected
2016-02-18 20:17:46,415 27841 ERROR    [tempest.scenario.manager] Public network connectivity check failed
2016-02-18 20:17:46.415 27841 ERROR tempest.scenario.manager Traceback (most recent call last):
2016-02-18 20:17:46.415 27841 ERROR tempest.scenario.manager   File "tempest/scenario/manager.py", line 598, in check_public_network_connectivity
2016-02-18 20:17:46.415 27841 ERROR tempest.scenario.manager     should_connect=should_connect)
2016-02-18 20:17:46.415 27841 ERROR tempest.scenario.manager   File "tempest/scenario/manager.py", line 582, in check_vm_connectivity
2016-02-18 20:17:46.415 27841 ERROR tempest.scenario.manager     msg=msg)
2016-02-18 20:17:46.415 27841 ERROR tempest.scenario.manager   File "/usr/local/lib/python2.7/dist-packages/unittest2/case.py", line 702, in assertTrue
2016-02-18 20:17:46.415 27841 ERROR tempest.scenario.manager     raise self.failureException(msg)
2016-02-18 20:17:46.415 27841 ERROR tempest.scenario.manager AssertionError: False is not true : Timed out waiting for 172.24.4.4 to become reachable
2016-02-18 20:17:46.415 27841 ERROR tempest.scenario.manager 
2016-02-18 20:17:46,847 27841 INFO     [tempest_lib.common.rest_client] Request (TestNetworkAdvancedServerOps:test_server_connectivity_pause_unpause): 200 POST http://10.4.1.3:8774/v2.1/20bc17d5c63543e783a49578c4c71008/servers/7f4b2812-8bf5-494e-95b5-ea0183535d5a/action 0.427s
2016-02-18 20:17:46,848 27841 DEBUG    [tempest_lib.common.rest_client] Request - Headers: {'Content-Type': 'application/json', 'Accept': 'application/json', 'X-Auth-Token': '&lt;omitted&gt;'}
        Body: {"os-getConsoleOutput": {}}
    Response - Headers: {'status': '200', 'content-length': '17468', 'x-compute-request-id': 'req-3a737f45-555d-4a3a-b3f3-b909555ad9ae', 'vary': 'X-OpenStack-Nova-API-Version', 'connection': 'close', 'x-openstack-nova-api-version': '2.1', 'date': 'Thu, 18 Feb 2016 20:17:46 GMT', 'content-type': 'application/json'}
        Body: {"output": "[    0.000000] Initializing cgroup subsys cpuset\n[    0.000000] Initializing cgroup subsys cpu\n[    0.000000] Linux version 3.2.0-80-virtual (buildd@batsu) (gcc version 4.6.3 (Ubuntu/Linaro 4.6.3-1ubuntu5) ) #116-Ubuntu SMP Mon Mar 23 17:28:52 UTC 2015 (Ubuntu 3.2.0-80.116-virtual 3.2.68)\n[    0.000000] Command line: root=/dev/vda console=tty0 console=ttyS0 no_timer_check\n[    0.000000] KERNEL supported cpus:\n[    0.000000]   Intel GenuineIntel\n[    0.000000]   AMD AuthenticAMD\n[    0.000000]   Centaur CentaurHauls\n[    0.000000] BIOS-provided physical RAM map:\n[    0.000000]  BIOS-e820: 0000000000000000 - 000000000009fc00 (usable)\n[    0.000000]  BIOS-e820: 000000000009fc00 - 00000000000a0000 (reserved)\n[    0.000000]  BIOS-e820: 00000000000f0000 - 0000000000100000 (reserved)\n[    0.000000]  BIOS-e820: 0000000000100000 - 0000000003ffe000 (usable)\n[    0.000000]  BIOS-e820: 0000000003ffe000 - 0000000004000000 (reserved)\n[    0.000000]  BIOS-e820: 00000000fffc0000 - 0000000100000000 (reserved)\n[    0.000000] NX (Execute Disable) protection: active\n[    0.000000] SMBIOS 2.4 present.\n[    0.000000] No AGP bridge found\n[    0.000000] last_pfn = 0x3ffe max_arch_pfn = 0x400000000\n[    0.000000] x86 PAT enabled: cpu 0, old 0x7040600070406, new 0x7010600070106\n[    0.000000] found SMP MP-table at [ffff8800000f0b00] f0b00\n[    0.000000] init_memory_mapping: 0000000000000000-0000000003ffe000\n[    0.000000] RAMDISK: 03c5e000 - 03ff0000\n[    0.000000] ACPI: RSDP 00000000000f0950 00014 (v00 BOCHS )\n[    0.000000] ACPI: RSDT 0000000003fffbc1 00034 (v01 BOCHS  BXPCRSDT 00000001 BXPC 00000001)\n[    0.000000] ACPI: FACP 0000000003fff1c0 00074 (v01 BOCHS  BXPCFACP 00000001 BXPC 00000001)\n[    0.000000] ACPI: DSDT 0000000003ffe040 01180 (v01 BOCHS  BXPCDSDT 00000001 BXPC 00000001)\n[    0.000000] ACPI: FACS 0000000003ffe000 00040\n[    0.000000] ACPI: SSDT 0000000003fff234 008DD (v01 BOCHS  BXPCSSDT 00000001 BXPC 00000001)\n[    0.000000] ACPI: APIC 0000000003fffb11 00078 (v01 BOCHS  BXPCAPIC 00000001 BXPC 00000001)\n[    0.000000] ACPI: HPET 0000000003fffb89 00038 (v01 BOCHS  BXPCHPET 00000001 BXPC 00000001)\n[    0.000000] No NUMA configuration found\n[    0.000000] Faking a node at 0000000000000000-0000000003ffe000\n[    0.000000] Initmem setup node 0 0000000000000000-0000000003ffe000\n[    0.000000]   NODE_DATA [0000000003ff6000 - 0000000003ffafff]\n[    0.000000] Zone PFN ranges:\n[    0.000000]   DMA      0x00000010 -&gt; 0x00001000\n[    0.000000]   DMA32    0x00001000 -&gt; 0x00100000\n[    0.000000]   Normal   empty\n[    0.000000] Movable zone start PFN for each node\n[    0.000000] early_node_map[2] active PFN ranges\n[    0.000000]     0: 0x00000010 -&gt; 0x0000009f\n[    0.000000]     0: 0x00000100 -&gt; 0x00003ffe\n[    0.000000] ACPI: PM-Timer IO Port: 0xb008\n[    0.000000] ACPI: LAPIC (acpi_id[0x00] lapic_id[0x00] enabled)\n[    0.000000] ACPI: LAPIC_NMI (acpi_id[0xff] dfl dfl lint[0x1])\n[    0.000000] ACPI: IOAPIC (id[0x00] address[0xfec00000] gsi_base[0])\n[    0.000000] IOAPIC[0]: apic_id 0, version 17, address 0xfec00000, GSI 0-23\n[    0.000000] ACPI: INT_SRC_OVR (bus 0 bus_irq 0 global_irq 2 dfl dfl)\n[    0.000000] ACPI: INT_SRC_OVR (bus 0 bus_irq 5 global_irq 5 high level)\n[    0.000000] ACPI: INT_SRC_OVR (bus 0 bus_irq 9 global_irq 9 high level)\n[    0.000000] ACPI: INT_SRC_OVR (bus 0 bus_irq 10 global_irq 10 high level)\n[    0.000000] ACPI: INT_SRC_OVR (bus 0 bus_irq 11 global_irq 11 high level)\n[    0.000000] Using ACPI (MADT) for SMP configuration information\n[    0.000000] ACPI: HPET id: 0x8086a201 base: 0xfed00000\n[    0.000000] SMP: Allowing 1 CPUs, 0 hotplug CPUs\n[    0.000000] PM: Registered nosave memory: 000000000009f000 - 00000000000a0000\n[    0.000000] PM: Registered nosave memory: 00000000000a0000 - 00000000000f0000\n[    0.000000] PM: Registered nosave memory: 00000000000f0000 - 0000000000100000\n[    0.000000] Allocating PCI resources starting at 4000000 (gap: 4000000:fbfc0000)\n[    0.000000] Booting paravirtualized kernel on bare hardware\n[    0.000000] setup_pe
2016-02-18 20:17:46,853 27841 DEBUG    [tempest.scenario.manager] Console output for 7f4b2812-8bf5-494e-95b5-ea0183535d5a
body=
[    0.000000] Initializing cgroup subsys cpuset
[    0.000000] Initializing cgroup subsys cpu
[    0.000000] Linux version 3.2.0-80-virtual (buildd@batsu) (gcc version 4.6.3 (Ubuntu/Linaro 4.6.3-1ubuntu5) ) #116-Ubuntu SMP Mon Mar 23 17:28:52 UTC 2015 (Ubuntu 3.2.0-80.116-virtual 3.2.68)
[    0.000000] Command line: root=/dev/vda console=tty0 console=ttyS0 no_timer_check
[    0.000000] KERNEL supported cpus:
[    0.000000]   Intel GenuineIntel
[    0.000000]   AMD AuthenticAMD
[    0.000000]   Centaur CentaurHauls
[    0.000000] BIOS-provided physical RAM map:
[    0.000000]  BIOS-e820: 0000000000000000 - 000000000009fc00 (usable)
[    0.000000]  BIOS-e820: 000000000009fc00 - 00000000000a0000 (reserved)
[    0.000000]  BIOS-e820: 00000000000f0000 - 0000000000100000 (reserved)
[    0.000000]  BIOS-e820: 0000000000100000 - 0000000003ffe000 (usable)
[    0.000000]  BIOS-e820: 0000000003ffe000 - 0000000004000000 (reserved)
[    0.000000]  BIOS-e820: 00000000fffc0000 - 0000000100000000 (reserved)
[    0.000000] NX (Execute Disable) protection: active
[    0.000000] SMBIOS 2.4 present.
[    0.000000] No AGP bridge found
[    0.000000] last_pfn = 0x3ffe max_arch_pfn = 0x400000000
[    0.000000] x86 PAT enabled: cpu 0, old 0x7040600070406, new 0x7010600070106
[    0.000000] found SMP MP-table at [ffff8800000f0b00] f0b00
[    0.000000] init_memory_mapping: 0000000000000000-0000000003ffe000
[    0.000000] RAMDISK: 03c5e000 - 03ff0000
[    0.000000] ACPI: RSDP 00000000000f0950 00014 (v00 BOCHS )
[    0.000000] ACPI: RSDT 0000000003fffbc1 00034 (v01 BOCHS  BXPCRSDT 00000001 BXPC 00000001)
[    0.000000] ACPI: FACP 0000000003fff1c0 00074 (v01 BOCHS  BXPCFACP 00000001 BXPC 00000001)
[    0.000000] ACPI: DSDT 0000000003ffe040 01180 (v01 BOCHS  BXPCDSDT 00000001 BXPC 00000001)
[    0.000000] ACPI: FACS 0000000003ffe000 00040
[    0.000000] ACPI: SSDT 0000000003fff234 008DD (v01 BOCHS  BXPCSSDT 00000001 BXPC 00000001)
[    0.000000] ACPI: APIC 0000000003fffb11 00078 (v01 BOCHS  BXPCAPIC 00000001 BXPC 00000001)
[    0.000000] ACPI: HPET 0000000003fffb89 00038 (v01 BOCHS  BXPCHPET 00000001 BXPC 00000001)
[    0.000000] No NUMA configuration found
[    0.000000] Faking a node at 0000000000000000-0000000003ffe000
[    0.000000] Initmem setup node 0 0000000000000000-0000000003ffe000
[    0.000000]   NODE_DATA [0000000003ff6000 - 0000000003ffafff]
[    0.000000] Zone PFN ranges:
[    0.000000]   DMA      0x00000010 -&gt; 0x00001000
[    0.000000]   DMA32    0x00001000 -&gt; 0x00100000
[    0.000000]   Normal   empty
[    0.000000] Movable zone start PFN for each node
[    0.000000] early_node_map[2] active PFN ranges
[    0.000000]     0: 0x00000010 -&gt; 0x0000009f
[    0.000000]     0: 0x00000100 -&gt; 0x00003ffe
[    0.000000] ACPI: PM-Timer IO Port: 0xb008
[    0.000000] ACPI: LAPIC (acpi_id[0x00] lapic_id[0x00] enabled)
[    0.000000] ACPI: LAPIC_NMI (acpi_id[0xff] dfl dfl lint[0x1])
[    0.000000] ACPI: IOAPIC (id[0x00] address[0xfec00000] gsi_base[0])
[    0.000000] IOAPIC[0]: apic_id 0, version 17, address 0xfec00000, GSI 0-23
[    0.000000] ACPI: INT_SRC_OVR (bus 0 bus_irq 0 global_irq 2 dfl dfl)
[    0.000000] ACPI: INT_SRC_OVR (bus 0 bus_irq 5 global_irq 5 high level)
[    0.000000] ACPI: INT_SRC_OVR (bus 0 bus_irq 9 global_irq 9 high level)
[    0.000000] ACPI: INT_SRC_OVR (bus 0 bus_irq 10 global_irq 10 high level)
[    0.000000] ACPI: INT_SRC_OVR (bus 0 bus_irq 11 global_irq 11 high level)
[    0.000000] Using ACPI (MADT) for SMP configuration information
[    0.000000] ACPI: HPET id: 0x8086a201 base: 0xfed00000
[    0.000000] SMP: Allowing 1 CPUs, 0 hotplug CPUs
[    0.000000] PM: Registered nosave memory: 000000000009f000 - 00000000000a0000
[    0.000000] PM: Registered nosave memory: 00000000000a0000 - 00000000000f0000
[    0.000000] PM: Registered nosave memory: 00000000000f0000 - 0000000000100000
[    0.000000] Allocating PCI resources starting at 4000000 (gap: 4000000:fbfc0000)
[    0.000000] Booting paravirtualized kernel on bare hardware
[    0.000000] setup_percpu: NR_CPUS:64 nr_cpumask_bits:64 nr_cpu_ids:1 nr_node_ids:1
[    0.000000] PERCPU: Embedded 27 pages/cpu @ffff880003a00000 s78848 r8192 d23552 u2097152
[    0.000000] Built 1 zonelists in Node order, mobility grouping on.  Total pages: 16008
[    0.000000] Policy zone: DMA32
[    0.000000] Kernel command line: root=/dev/vda console=tty0 console=ttyS0 no_timer_check
[    0.000000] PID hash table entries: 256 (order: -1, 2048 bytes)
[    0.000000] Checking aperture...
[    0.000000] No AGP bridge found
[    0.000000] Memory: 43492k/65528k available (6576k kernel code, 452k absent, 21584k reserved, 6620k data, 928k init)
[    0.000000] SLUB: Genslabs=15, HWalign=64, Order=0-3, MinObjects=0, CPUs=1, Nodes=1
[    0.000000] Hierarchical RCU implementation.
[    0.000000] 	RCU dyntick-idle grace-period acceleration is enabled.
[    0.000000] NR_IRQS:4352 nr_irqs:256 16
[    0.000000] Console: colour VGA+ 80x25
[    0.000000] console [tty0] enabled
[    0.000000] console [ttyS0] enabled
[    0.000000] allocated 1048576 bytes of page_cgroup
[    0.000000] please try 'cgroup_disable=memory' option if you don't want memory cgroups
[    0.000000] Fast TSC calibration failed
[    0.000000] TSC: Unable to calibrate against PIT
[    0.000000] TSC: using HPET reference calibration
[    0.000000] Detected 2293.293 MHz processor.
[    0.032836] Calibrating delay loop (skipped), value calculated using timer frequency.. 4586.58 BogoMIPS (lpj=9173172)
[    0.036872] pid_max: default: 32768 minimum: 301
[    0.044791] Security Framework initialized
[    0.048064] AppArmor: AppArmor initialized
[    0.049747] Yama: becoming mindful.
[    0.060713] Dentry cache hash table entries: 8192 (order: 4, 65536 bytes)
[    0.064808] Inode-cache hash table entries: 4096 (order: 3, 32768 bytes)
[    0.068817] Mount-cache hash table entries: 256
[    0.086109] Initializing cgroup subsys cpuacct
[    0.087095] Initializing cgroup subsys memory
[    0.089077] Initializing cgroup subsys devices
[    0.089625] Initializing cgroup subsys freezer
[    0.090363] Initializing cgroup subsys blkio
[    0.092185] Initializing cgroup subsys perf_event
[    0.096875] mce: CPU supports 10 MCE banks
[    0.100669] SMP alternatives: switching to UP code
[    0.495265] Freeing SMP alternatives: 24k freed
[    0.497401] ACPI: Core revision 20110623
[    0.567228] ftrace: allocating 26610 entries in 105 pages
[    0.598304] ..TIMER: vector=0x30 apic1=0 pin1=2 apic2=-1 pin2=-1
[    0.600166] CPU0: AMD QEMU Virtual CPU version 2.0.0 stepping 03
[    0.604037] Performance Events: Broken PMU hardware detected, using software events only.
[    0.613382] NMI watchdog disabled (cpu0): hardware events not enabled
[    0.614781] Brought up 1 CPUs
[    0.615146] Total of 1 processors activated (4586.58 BogoMIPS).
[    0.637320] devtmpfs: initialized
[    0.668859] EVM: security.selinux
[    0.669319] EVM: security.SMACK64
[    0.669891] EVM: security.capability
[    0.688669] print_constraints: dummy: 
[    0.689935] RTC time: 20:15:43, date: 02/18/16
[    0.694609] NET: Registered protocol family 16
[    0.703274] ACPI: bus type pci registered
[    0.706635] PCI: Using configuration type 1 for base access
[    0.735077] bio: create slab &lt;bio-0&gt; at 0
[    0.740252] ACPI: Added _OSI(Module Device)
[    0.740817] ACPI: Added _OSI(Processor Device)
[    0.741614] ACPI: Added _OSI(3.0 _SCP Extensions)
[    0.742211] ACPI: Added _OSI(Processor Aggregator Device)
[    0.825272] ACPI: Interpreter enabled
[    0.825849] ACPI: (supports S0 S3 S4 S5)
[    0.828139] ACPI: Using IOAPIC for interrupt routing
[    0.897276] ACPI: No dock devices found.
[    0.897903] HEST: Table not found.
[    0.898400] PCI: Using host bridge windows from ACPI; if necessary, use "pci=nocrs" and report a bug
[    0.904551] ACPI: PCI Root Bridge [PCI0] (domain 0000 [bus 00-ff])
[    0.910249] pci_root PNP0A03:00: host bridge window [io  0x0000-0x0cf7]
[    0.911107] pci_root PNP0A03:00: host bridge window [io  0x0d00-0xadff]
[    0.912108] pci_root PNP0A03:00: host bridge window [io  0xae0f-0xaeff]
[    0.913082] pci_root PNP0A03:00: host bridge window [io  0xaf20-0xafdf]
[    0.913811] pci_root PNP0A03:00: host bridge window [io  0xafe4-0xffff]
[    0.914636] pci_root PNP0A03:00: host bridge window [mem 0x000a0000-0x000bffff]
[    0.916137] pci_root PNP0A03:00: host bridge window [mem 0x04000000-0xfebfffff]
[    0.938508] pci 0000:00:01.3: quirk: [io  0xb000-0xb03f] claimed by PIIX4 ACPI
[    0.940356] pci 0000:00:01.3: quirk: [io  0xb100-0xb10f] claimed by PIIX4 SMB
[    1.006731]  pci0000:00: Unable to request _OSC control (_OSC support mask: 0x1e)
[    1.064217] ACPI: PCI Interrupt Link [LNKA] (IRQs 5 *10 11)
[    1.066464] ACPI: PCI Interrupt Link [LNKB] (IRQs 5 *10 11)
[    1.069198] ACPI: PCI Interrupt Link [LNKC] (IRQs 5 10 *11)
[    1.070614] ACPI: PCI Interrupt Link [LNKD] (IRQs 5 10 *11)
[    1.072522] ACPI: PCI Interrupt Link [LNKS] (IRQs *9)
[    1.079006] vgaarb: device added: PCI:0000:00:02.0,decodes=io+mem,owns=io+mem,locks=none
[    1.080142] vgaarb: loaded
[    1.080509] vgaarb: bridge control possible 0000:00:02.0
[    1.085028] i2c-core: driver [aat2870] using legacy suspend method
[    1.085671] i2c-core: driver [aat2870] using legacy resume method
[    1.089303] SCSI subsystem initialized
[    1.092283] usbcore: registered new interface driver usbfs
[    1.093250] usbcore: registered new interface driver hub
[    1.094539] usbcore: registered new device driver usb
[    1.098636] PCI: Using ACPI for IRQ routing
[    1.111606] NetLabel: Initializing
[    1.112144] NetLabel:  domain hash size = 128
[    1.112716] NetLabel:  protocols = UNLABELED CIPSOv4
[    1.114586] NetLabel:  unlabeled traffic allowed by default
[    1.117577] HPET: 3 timers in total, 0 timers will be used for per-cpu timer
[    1.118727] hpet0: at MMIO 0xfed00000, IRQs 2, 8, 0
[    1.119574] hpet0: 3 comparators, 64-bit 100.000000 MHz counter
[    1.124874] Switching to clocksource hpet
[    1.365942] AppArmor: AppArmor Filesystem Enabled
[    1.367574] pnp: PnP ACPI init
[    1.368354] ACPI: bus type pnp registered
[    1.389697] pnp: PnP ACPI: found 9 devices
[    1.390477] ACPI: ACPI bus type pnp unregistered
[    1.452084] NET: Registered protocol family 2
[    1.490963] IP route cache hash table entries: 512 (order: 0, 4096 bytes)
[    1.502267] TCP established hash table entries: 2048 (order: 3, 32768 bytes)
[    1.503528] TCP bind hash table entries: 2048 (order: 3, 32768 bytes)
[    1.505257] TCP: Hash tables configured (established 2048 bind 2048)
[    1.506035] TCP reno registered
[    1.506515] UDP hash table entries: 128 (order: 0, 4096 bytes)
[    1.507519] UDP-Lite hash table entries: 128 (order: 0, 4096 bytes)
[    1.511467] NET: Registered protocol family 1
[    1.513172] pci 0000:00:00.0: Limiting direct PCI/PCI transfers
[    1.514006] pci 0000:00:01.0: PIIX3: Enabling Passive Release
[    1.514927] pci 0000:00:01.0: Activating ISA DMA hang workarounds
[    1.519572] ACPI: PCI Interrupt Link [LNKD] enabled at IRQ 11
[    1.522601] pci 0000:00:01.2: PCI INT D -&gt; Link[LNKD] -&gt; GSI 11 (level, high) -&gt; IRQ 11
[    1.525966] pci 0000:00:01.2: PCI INT D disabled
[    1.546332] Trying to unpack rootfs image as initramfs...
[    1.563332] audit: initializing netlink socket (disabled)
[    1.565529] type=2000 audit(1455826543.564:1): initialized
[    1.819313] HugeTLB registered 2 MB page size, pre-allocated 0 pages
[    1.911578] VFS: Disk quotas dquot_6.5.2
[    1.915085] Dquot-cache hash table entries: 512 (order 0, 4096 bytes)
[    1.942605] fuse init (API version 7.17)
[    1.946230] msgmni has been set to 84
[    1.983984] Block layer SCSI generic (bsg) driver version 0.4 loaded (major 253)
[    1.987410] io scheduler noop registered
[    1.988015] io scheduler deadline registered (default)
[    1.990856] io scheduler cfq registered
[    1.995212] pci_hotplug: PCI Hot Plug PCI Core version: 0.5
[    1.998340] pciehp: PCI Express Hot Plug Controller Driver version: 0.4
[    2.005279] input: Power Button as /devices/LNXSYSTM:00/LNXPWRBN:00/input/input0
[    2.007093] ACPI: Power Button [PWRF]
[    2.066155] ERST: Table is not found!
[    2.066655] GHES: HEST is not enabled!
[    2.081753] ACPI: PCI Interrupt Link [LNKC] enabled at IRQ 10
[    2.082670] virtio-pci 0000:00:03.0: PCI INT A -&gt; Link[LNKC] -&gt; GSI 10 (level, high) -&gt; IRQ 10
[    2.087731] virtio-pci 0000:00:04.0: PCI INT A -&gt; Link[LNKD] -&gt; GSI 11 (level, high) -&gt; IRQ 11
[    2.101902] ACPI: PCI Interrupt Link [LNKA] enabled at IRQ 10
[    2.102747] virtio-pci 0000:00:05.0: PCI INT A -&gt; Link[LNKA] -&gt; GSI 10 (level, high) -&gt; IRQ 10
[    2.117848] Serial: 8250/16550 driver, 32 ports, IRQ sharing enabled
[    2.159892] serial8250: ttyS0 at I/O 0x3f8 (irq = 4) is a 16550A
[    2.247945] serial8250: ttyS1 at I/O 0x2f8 (irq = 3) is a 16550A
[    2.384786] 00:05: ttyS0 at I/O 0x3f8 (irq = 4) is a 16550A
[    2.460659] 00:06: ttyS1 at I/O 0x2f8 (irq = 3) is a 16550A
[    2.502377] Linux agpgart interface v0.103
[    2.529588] Refined TSC clocksource calibration: 2293.327 MHz.
[    2.530356] Switching to clocksource tsc
[    2.565099] brd: module loaded
[    2.601535] loop: module loaded
[    2.654011]  vda: unknown partition table
[    2.722244] scsi0 : ata_piix
[    2.726048] scsi1 : ata_piix
[    2.727402] ata1: PATA max MWDMA2 cmd 0x1f0 ctl 0x3f6 bmdma 0xc0a0 irq 14
[    2.728076] ata2: PATA max MWDMA2 cmd 0x170 ctl 0x376 bmdma 0xc0a8 irq 15
[    2.739985] Fixed MDIO Bus: probed
[    2.741757] tun: Universal TUN/TAP device driver, 1.6
[    2.742354] tun: (C) 1999-2004 Max Krasnyansky &lt;maxk@qualcomm.com&gt;
[    2.765409] PPP generic driver version 2.4.2
[    2.789036] ehci_hcd: USB 2.0 'Enhanced' Host Controller (EHCI) Driver
[    2.790048] ohci_hcd: USB 1.1 'Open' Host Controller (OHCI) Driver
[    2.791039] uhci_hcd: USB Universal Host Controller Interface driver
[    2.792038] uhci_hcd 0000:00:01.2: PCI INT D -&gt; Link[LNKD] -&gt; GSI 11 (level, high) -&gt; IRQ 11
[    2.796858] uhci_hcd 0000:00:01.2: UHCI Host Controller
[    2.809623] uhci_hcd 0000:00:01.2: new USB bus registered, assigned bus number 1
[    2.811327] uhci_hcd 0000:00:01.2: irq 11, io base 0x0000c040
[    2.844681] hub 1-0:1.0: USB hub found
[    2.847558] hub 1-0:1.0: 2 ports detected
[    2.857126] usbcore: registered new interface driver libusual
[    2.860082] i8042: PNP: PS/2 Controller [PNP0303:KBD,PNP0f13:MOU] at 0x60,0x64 irq 1,12
[    2.870363] serio: i8042 KBD port at 0x60,0x64 irq 1
[    2.871809] serio: i8042 AUX port at 0x60,0x64 irq 12
[    2.919646] mousedev: PS/2 mouse device common for all mice
[    2.934597] input: AT Translated Set 2 keyboard as /devices/platform/i8042/serio0/input/input1
[    2.963530] rtc_cmos 00:01: RTC can wake from S4
[    2.976862] rtc_cmos 00:01: rtc core: registered rtc_cmos as rtc0
[    2.982659] rtc0: alarms up to one day, 114 bytes nvram, hpet irqs
[    2.987879] device-mapper: uevent: version 1.0.3
[    2.994783] ata2.01: ATAPI: QEMU DVD-ROM, 2.0.0, max UDMA/100
[    3.003528] ata2.01: configured for MWDMA2
[    3.045603] scsi 1:0:1:0: CD-ROM            QEMU     QEMU DVD-ROM     2.0. PQ: 0 ANSI: 5
[    3.059276] device-mapper: ioctl: 4.22.0-ioctl (2011-10-19) initialised: dm-devel@redhat.com
[    3.064890] cpuidle: using governor ladder
[    3.068047] cpuidle: using governor menu
[    3.069989] EFI Variables Facility v0.08 2004-May-17
[    3.079858] TCP cubic registered
[    3.084632] NET: Registered protocol family 10
[    3.106322] NET: Registered protocol family 17
[    3.107451] Registering the dns_resolver key type
[    3.129704] sr0: scsi3-mmc drive: 4x/4x cd/rw xa/form2 tray
[    3.131452] cdrom: Uniform CD-ROM driver Revision: 3.20
[    3.150272] sr 1:0:1:0: Attached scsi generic sg0 type 5
[    3.198254] registered taskstats version 1
[    3.257800] Freeing initrd memory: 3656k freed
[    3.810233]   Magic number: 4:170:296
[    3.820576] tty tty29: hash matches
[    3.827894] rtc_cmos 00:01: setting system clock to 2016-02-18 20:15:46 UTC (1455826546)
[    3.833505] powernow-k8: Processor cpuid 663 not supported
[    3.842896] BIOS EDD facility v0.16 2004-Jun-25, 0 devices found
[    3.844702] EDD information not available.
[    3.907780] Freeing unused kernel memory: 928k freed
[    3.911629] Write protecting the kernel read-only data: 12288k
[    3.998039] Freeing unused kernel memory: 1596k freed
[    4.058730] Freeing unused kernel memory: 1184k freed

info: initramfs: up at 4.23
modprobe: module virtio_blk not found in modules.dep
modprobe: module virtio_net not found in modules.dep
info: copying initramfs to /dev/vda
info: initramfs loading root from /dev/vda
info: /etc/init.d/rc.sysinit: up at 9.04
info: container: none
Starting logging: OK
modprobe: module virtio_blk not found in modules.dep
modprobe: module virtio_net not found in modules.dep
WARN: /etc/rc3.d/S10-load-modules failed
Initializing random number generator... done.
Starting acpid: OK
cirros-ds 'local' up at 11.55
found datasource (configdrive, local)
Starting network...
udhcpc (v1.20.1) started
Sending discover...
Sending discover...

2016-02-18 20:17:47,304 27841 INFO     [tempest_lib.common.rest_client] Request (TestNetworkAdvancedServerOps:_run_cleanups): 204 DELETE http://10.4.1.3:9696/v2.0/floatingips/68e0a580-c1e2-40fe-9b1a-e2577626d5d1 0.445s
2016-02-18 20:17:47,304 27841 DEBUG    [tempest_lib.common.rest_client] Request - Headers: {'Content-Type': 'application/json', 'Accept': 'application/json', 'X-Auth-Token': '&lt;omitted&gt;'}
        Body: None
    Response - Headers: {'date': 'Thu, 18 Feb 2016 20:17:47 GMT', 'status': '204', 'connection': 'close', 'content-length': '0', 'x-openstack-request-id': 'req-ed02868b-a665-4530-83f5-ded0d3a42b1b'}
        Body: 
2016-02-18 20:17:47,718 27841 INFO     [tempest_lib.common.rest_client] Request (TestNetworkAdvancedServerOps:_run_cleanups): 204 DELETE http://10.4.1.3:8774/v2.1/20bc17d5c63543e783a49578c4c71008/servers/7f4b2812-8bf5-494e-95b5-ea0183535d5a 0.413s
2016-02-18 20:17:47,718 27841 DEBUG    [tempest_lib.common.rest_client] Request - Headers: {'Content-Type': 'application/json', 'Accept': 'application/json', 'X-Auth-Token': '&lt;omitted&gt;'}
        Body: None
    Response - Headers: {'status': '204', 'content-length': '0', 'x-compute-request-id': 'req-5c0cadcf-c26f-4d76-ac6a-1c71f48069aa', 'vary': 'X-OpenStack-Nova-API-Version', 'connection': 'close', 'x-openstack-nova-api-version': '2.1', 'date': 'Thu, 18 Feb 2016 20:17:47 GMT', 'content-type': 'application/json'}
        Body: 
2016-02-18 20:17:48,352 27841 INFO     [tempest_lib.common.rest_client] Request (TestNetworkAdvancedServerOps:_run_cleanups): 200 GET http://10.4.1.3:8774/v2.1/20bc17d5c63543e783a49578c4c71008/servers/7f4b2812-8bf5-494e-95b5-ea0183535d5a 0.632s
2016-02-18 20:17:48,352 27841 DEBUG    [tempest_lib.common.rest_client] Request - Headers: {'Content-Type': 'application/json', 'Accept': 'application/json', 'X-Auth-Token': '&lt;omitted&gt;'}
        Body: None
    Response - Headers: {'status': '200', 'content-length': '1770', 'content-location': 'http://10.4.1.3:8774/v2.1/20bc17d5c63543e783a49578c4c71008/servers/7f4b2812-8bf5-494e-95b5-ea0183535d5a', 'x-compute-request-id': 'req-68719ce8-3ee7-4ce2-8421-e9aea119c33c', 'vary': 'X-OpenStack-Nova-API-Version', 'connection': 'close', 'x-openstack-nova-api-version': '2.1', 'date': 'Thu, 18 Feb 2016 20:17:48 GMT', 'content-type': 'application/json'}
        Body: {"server": {"status": "ACTIVE", "updated": "2016-02-18T20:17:47Z", "hostId": "43911990eec634c6513e714a5e37e3136dd1a48c87bf35c09c0b5d35", "addresses": {"tempest-network-smoke--1224667653": [{"OS-EXT-IPS-MAC:mac_addr": "fa:16:3e:01:87:dc", "version": 4, "addr": "10.100.0.3", "OS-EXT-IPS:type": "fixed"}, {"OS-EXT-IPS-MAC:mac_addr": "fa:16:3e:01:87:dc", "version": 4, "addr": "172.24.4.4", "OS-EXT-IPS:type": "floating"}]}, "links": [{"href": "http://10.4.1.3:8774/v2.1/20bc17d5c63543e783a49578c4c71008/servers/7f4b2812-8bf5-494e-95b5-ea0183535d5a", "rel": "self"}, {"href": "http://10.4.1.3:8774/20bc17d5c63543e783a49578c4c71008/servers/7f4b2812-8bf5-494e-95b5-ea0183535d5a", "rel": "bookmark"}], "key_name": "tempest-TestNetworkAdvancedServerOps-1510775877", "image": {"id": "92950674-b41a-4135-a397-5d729d088343", "links": [{"href": "http://10.4.1.3:8774/20bc17d5c63543e783a49578c4c71008/images/92950674-b41a-4135-a397-5d729d088343", "rel": "bookmark"}]}, "OS-EXT-STS:task_state": "deleting", "OS-EXT-STS:vm_state": "active", "OS-SRV-USG:launched_at": "2016-02-18T20:15:39.000000", "flavor": {"id": "42", "links": [{"href": "http://10.4.1.3:8774/20bc17d5c63543e783a49578c4c71008/flavors/42", "rel": "bookmark"}]}, "id": "7f4b2812-8bf5-494e-95b5-ea0183535d5a", "security_groups": [{"name": "tempest-secgroup-smoke-762805468"}], "OS-SRV-USG:terminated_at": null, "OS-EXT-AZ:availability_zone": "nova", "user_id": "eef2afaf25854f34a40bec2b2ee6ca0b", "name": "tempest-server-smoke-1973055025", "created": "2016-02-18T20:15:33Z", "tenant_id": "20bc17d5c63543e783a49578c4c71008", "OS-DCF:diskConfig": "MANUAL", "os-extended-volumes:volumes_attached": [], "accessIPv4": "", "accessIPv6": "", "progress": 0, "OS-EXT-STS:power_state": 1, "config_drive": "True", "metadata": {}}}
2016-02-18 20:17:49,639 27841 INFO     [tempest_lib.common.rest_client] Request (TestNetworkAdvancedServerOps:_run_cleanups): 404 GET http://10.4.1.3:8774/v2.1/20bc17d5c63543e783a49578c4c71008/servers/7f4b2812-8bf5-494e-95b5-ea0183535d5a 0.276s
2016-02-18 20:17:49,640 27841 DEBUG    [tempest_lib.common.rest_client] Request - Headers: {'Content-Type': 'application/json', 'Accept': 'application/json', 'X-Auth-Token': '&lt;omitted&gt;'}
        Body: None
    Response - Headers: {'status': '404', 'content-length': '111', 'x-compute-request-id': 'req-97eb1f48-4eff-438a-9f9e-f9b15cbc9021', 'vary': 'X-OpenStack-Nova-API-Version', 'connection': 'close', 'x-openstack-nova-api-version': '2.1', 'date': 'Thu, 18 Feb 2016 20:17:49 GMT', 'content-type': 'application/json; charset=UTF-8'}
        Body: {"itemNotFound": {"message": "Instance 7f4b2812-8bf5-494e-95b5-ea0183535d5a could not be found.", "code": 404}}
2016-02-18 20:17:50,289 27841 INFO     [tempest_lib.common.rest_client] Request (TestNetworkAdvancedServerOps:_run_cleanups): 500 PUT http://10.4.1.3:9696/v2.0/routers/ab105ac1-c95a-41e6-b9dd-d6b79163a679/remove_router_interface 0.647s
2016-02-18 20:17:50,289 27841 DEBUG    [tempest_lib.common.rest_client] Request - Headers: {'Content-Type': 'application/json', 'Accept': 'application/json', 'X-Auth-Token': '&lt;omitted&gt;'}
        Body: {"subnet_id": "1ceb1483-9ce9-4c6a-b4e4-edd35bb15d93"}
    Response - Headers: {'status': '500', 'content-length': '150', 'connection': 'close', 'date': 'Thu, 18 Feb 2016 20:17:50 GMT', 'content-type': 'application/json; charset=UTF-8', 'x-openstack-request-id': 'req-9ee641d6-2e21-4769-82d2-24b6cd92dbbf'}
        Body: {"NeutronError": {"message": "Request Failed: internal server error while processing your request.", "type": "HTTPInternalServerError", "detail": ""}}
2016-02-18 20:17:50,543 27841 INFO     [tempest_lib.common.rest_client] Request (TestNetworkAdvancedServerOps:_run_cleanups): 200 GET http://10.4.1.3:9696/v2.0/routers/ab105ac1-c95a-41e6-b9dd-d6b79163a679 0.248s
2016-02-18 20:17:50,543 27841 DEBUG    [tempest_lib.common.rest_client] Request - Headers: {'Content-Type': 'application/json', 'Accept': 'application/json', 'X-Auth-Token': '&lt;omitted&gt;'}
        Body: None
    Response - Headers: {'status': '200', 'content-length': '501', 'content-location': 'http://10.4.1.3:9696/v2.0/routers/ab105ac1-c95a-41e6-b9dd-d6b79163a679', 'connection': 'close', 'date': 'Thu, 18 Feb 2016 20:17:50 GMT', 'content-type': 'application/json; charset=UTF-8', 'x-openstack-request-id': 'req-280a9420-ae12-4f87-a6f4-a87c5c99b8ce'}
        Body: {"router": {"status": "ACTIVE", "external_gateway_info": {"network_id": "8385e696-b63b-4109-96cd-9abc8f524208", "enable_snat": true, "external_fixed_ips": [{"subnet_id": "448ee010-b8f9-49bb-9c31-9b2f5dba14a4", "ip_address": "172.24.4.3"}, {"subnet_id": "4958ccce-cf23-4b97-8713-10a79efac7b9", "ip_address": "2001:db8::3"}]}, "name": "tempest-router-smoke-1002834282", "admin_state_up": true, "tenant_id": "20bc17d5c63543e783a49578c4c71008", "routes": [], "id": "ab105ac1-c95a-41e6-b9dd-d6b79163a679"}}
2016-02-18 20:17:51,096 27841 INFO     [tempest_lib.common.rest_client] Request (TestNetworkAdvancedServerOps:_run_cleanups): 200 PUT http://10.4.1.3:9696/v2.0/routers/ab105ac1-c95a-41e6-b9dd-d6b79163a679 0.552s
2016-02-18 20:17:51,096 27841 DEBUG    [tempest_lib.common.rest_client] Request - Headers: {'Content-Type': 'application/json', 'Accept': 'application/json', 'X-Auth-Token': '&lt;omitted&gt;'}
        Body: {"router": {"external_gateway_info": {}, "name": "tempest-router-smoke-1002834282", "admin_state_up": true}}
    Response - Headers: {'status': '200', 'content-length': '239', 'connection': 'close', 'date': 'Thu, 18 Feb 2016 20:17:51 GMT', 'content-type': 'application/json; charset=UTF-8', 'x-openstack-request-id': 'req-99f03449-9a8e-4348-abbb-14a1dcece242'}
        Body: {"router": {"status": "ACTIVE", "external_gateway_info": null, "name": "tempest-router-smoke-1002834282", "admin_state_up": true, "tenant_id": "20bc17d5c63543e783a49578c4c71008", "routes": [], "id": "ab105ac1-c95a-41e6-b9dd-d6b79163a679"}}
2016-02-18 20:17:51,622 27841 INFO     [tempest_lib.common.rest_client] Request (TestNetworkAdvancedServerOps:_run_cleanups): 500 DELETE http://10.4.1.3:9696/v2.0/routers/ab105ac1-c95a-41e6-b9dd-d6b79163a679 0.525s
2016-02-18 20:17:51,622 27841 DEBUG    [tempest_lib.common.rest_client] Request - Headers: {'Content-Type': 'application/json', 'Accept': 'application/json', 'X-Auth-Token': '&lt;omitted&gt;'}
        Body: None
    Response - Headers: {'status': '500', 'content-length': '150', 'connection': 'close', 'date': 'Thu, 18 Feb 2016 20:17:51 GMT', 'content-type': 'application/json; charset=UTF-8', 'x-openstack-request-id': 'req-ff3fe2dd-5f99-436a-af62-4c4ea372cf55'}
        Body: {"NeutronError": {"message": "Request Failed: internal server error while processing your request.", "type": "HTTPInternalServerError", "detail": ""}}
2016-02-18 20:17:52,418 27841 INFO     [tempest_lib.common.rest_client] Request (TestNetworkAdvancedServerOps:_run_cleanups): 204 DELETE http://10.4.1.3:9696/v2.0/networks/9e386922-3180-4ecf-9f18-f95286eef1a5 0.795s
2016-02-18 20:17:52,419 27841 DEBUG    [tempest_lib.common.rest_client] Request - Headers: {'Content-Type': 'application/json', 'Accept': 'application/json', 'X-Auth-Token': '&lt;omitted&gt;'}
        Body: None
    Response - Headers: {'date': 'Thu, 18 Feb 2016 20:17:52 GMT', 'status': '204', 'connection': 'close', 'content-length': '0', 'x-openstack-request-id': 'req-65e76093-cf66-4a29-a63e-e635e2aa84ed'}
        Body: 
2016-02-18 20:17:52,748 27841 INFO     [tempest_lib.common.rest_client] Request (TestNetworkAdvancedServerOps:_run_cleanups): 204 DELETE http://10.4.1.3:9696/v2.0/security-groups/8b7fad42-4ac2-48a2-abe5-7620c75505ca 0.326s
2016-02-18 20:17:52,748 27841 DEBUG    [tempest_lib.common.rest_client] Request - Headers: {'Content-Type': 'application/json', 'Accept': 'application/json', 'X-Auth-Token': '&lt;omitted&gt;'}
        Body: None
    Response - Headers: {'date': 'Thu, 18 Feb 2016 20:17:52 GMT', 'status': '204', 'connection': 'close', 'content-length': '0', 'x-openstack-request-id': 'req-cc875bfa-5f8a-4ba7-96d6-18ea20a59e9c'}
        Body: 
2016-02-18 20:17:52,977 27841 INFO     [tempest_lib.common.rest_client] Request (TestNetworkAdvancedServerOps:_run_cleanups): 202 DELETE http://10.4.1.3:8774/v2.1/20bc17d5c63543e783a49578c4c71008/os-keypairs/tempest-TestNetworkAdvancedServerOps-1510775877 0.227s
2016-02-18 20:17:52,978 27841 DEBUG    [tempest_lib.common.rest_client] Request - Headers: {'Content-Type': 'application/json', 'Accept': 'application/json', 'X-Auth-Token': '&lt;omitted&gt;'}
        Body: None
    Response - Headers: {'status': '202', 'content-length': '0', 'x-compute-request-id': 'req-93828a51-f76c-4389-975b-bc490896dd85', 'vary': 'X-OpenStack-Nova-API-Version', 'connection': 'close', 'x-openstack-nova-api-version': '2.1', 'date': 'Thu, 18 Feb 2016 20:17:52 GMT', 'content-type': 'application/json'}
        Body: 
2016-02-18 20:17:53,278 27841 INFO     [tempest_lib.common.rest_client] Request (TestNetworkAdvancedServerOps:_run_cleanups): 404 GET http://10.4.1.3:8774/v2.1/20bc17d5c63543e783a49578c4c71008/servers/7f4b2812-8bf5-494e-95b5-ea0183535d5a 0.299s
2016-02-18 20:17:53,278 27841 DEBUG    [tempest_lib.common.rest_client] Request - Headers: {'Content-Type': 'application/json', 'Accept': 'application/json', 'X-Auth-Token': '&lt;omitted&gt;'}
        Body: None
    Response - Headers: {'status': '404', 'content-length': '111', 'x-compute-request-id': 'req-9ba0b596-1c6f-473d-9350-1d0bdaaa7ad9', 'vary': 'X-OpenStack-Nova-API-Version', 'connection': 'close', 'x-openstack-nova-api-version': '2.1', 'date': 'Thu, 18 Feb 2016 20:17:53 GMT', 'content-type': 'application/json; charset=UTF-8'}
        Body: {"itemNotFound": {"message": "Instance 7f4b2812-8bf5-494e-95b5-ea0183535d5a could not be found.", "code": 404}}
}}}

traceback-1: {{{
Traceback (most recent call last):
  File "tempest/scenario/manager.py", line 108, in delete_wrapper
    delete_thing(*args, **kwargs)
  File "tempest/services/network/resources.py", line 98, in delete
    subnet_id=self.id)
  File "tempest/services/network/json/network_client.py", line 199, in remove_router_interface
    return self.update_resource(uri, kwargs)
  File "tempest/services/network/json/base.py", line 68, in update_resource
    resp, body = self.put(req_uri, req_post_data)
  File "/usr/local/lib/python2.7/dist-packages/tempest_lib/common/rest_client.py", line 322, in put
    return self.request('PUT', url, extra_headers, headers, body)
  File "/usr/local/lib/python2.7/dist-packages/tempest_lib/common/rest_client.py", line 642, in request
    resp, resp_body)
  File "/usr/local/lib/python2.7/dist-packages/tempest_lib/common/rest_client.py", line 761, in _error_checker
    message=message)
tempest_lib.exceptions.ServerFault: Got server fault
Details: Request Failed: internal server error while processing your request.
}}}

traceback-2: {{{
Traceback (most recent call last):
  File "tempest/scenario/manager.py", line 108, in delete_wrapper
    delete_thing(*args, **kwargs)
  File "tempest/services/network/resources.py", line 119, in delete
    self.client.delete_router(self.id)
  File "tempest/services/network/json/network_client.py", line 169, in delete_router
    return self.delete_resource(uri)
  File "tempest/services/network/json/base.py", line 41, in delete_resource
    resp, body = self.delete(req_uri)
  File "/usr/local/lib/python2.7/dist-packages/tempest_lib/common/rest_client.py", line 290, in delete
    return self.request('DELETE', url, extra_headers, headers, body)
  File "/usr/local/lib/python2.7/dist-packages/tempest_lib/common/rest_client.py", line 642, in request
    resp, resp_body)
  File "/usr/local/lib/python2.7/dist-packages/tempest_lib/common/rest_client.py", line 761, in _error_checker
    message=message)
tempest_lib.exceptions.ServerFault: Got server fault
Details: Request Failed: internal server error while processing your request.
}}}

Traceback (most recent call last):
  File "tempest/test.py", line 113, in wrapper
    return f(self, *func_args, **func_kwargs)
  File "tempest/scenario/test_network_advanced_server_ops.py", line 132, in test_server_connectivity_pause_unpause
    server, keypair, floating_ip = self._setup_network_and_servers()
  File "tempest/scenario/test_network_advanced_server_ops.py", line 69, in _setup_network_and_servers
    server, keypair, floating_ip)
  File "tempest/scenario/test_network_advanced_server_ops.py", line 93, in _wait_server_status_and_check_network_connectivity
    self._check_network_connectivity(server, keypair, floating_ip)
  File "tempest/scenario/test_network_advanced_server_ops.py", line 86, in _check_network_connectivity
    servers=[server])
  File "tempest/scenario/manager.py", line 598, in check_public_network_connectivity
    should_connect=should_connect)
  File "tempest/scenario/manager.py", line 582, in check_vm_connectivity
    msg=msg)
  File "/usr/local/lib/python2.7/dist-packages/unittest2/case.py", line 702, in assertTrue
    raise self.failureException(msg)
AssertionError: False is not true : Timed out waiting for 172.24.4.4 to become reachable



        </pre>
    </div>
    <!--css div popup end-->

    </td>
</tr>

<tr id='ft1.2' class='none'>
    <td class='failCase'><div class='testcase'>test_server_connectivity_reboot[compute,id-7b6860c2-afa3-4846-9522-adeb38dfbe08,network]</div></td>
    <td colspan='7' align='left'>

    <!--css div popup start-->
    <a class="popup_link" onfocus='this.blur();'
    href="javascript:showTestDetail('div_ft1.2')" >
        fail</a>

    <div id='div_ft1.2' class="popup_window">
        <div style='text-align: right; color:red;cursor:pointer'>
        <a onfocus='this.blur();'
onclick="document.getElementById('div_ft1.2').style.display = 'none' " >
           [x]</a>
        </div>
        <pre>
        
ft1.2: tempest.scenario.test_network_advanced_server_ops.TestNetworkAdvancedServerOps.test_server_connectivity_reboot[compute,id-7b6860c2-afa3-4846-9522-adeb38dfbe08,network]_StringException: Empty attachments:
  stderr
  stdout

pythonlogging:'': {{{
2016-02-18 20:17:53,973 27841 INFO     [tempest_lib.common.rest_client] Request (TestNetworkAdvancedServerOps:test_server_connectivity_reboot): 200 POST http://10.4.1.3:8774/v2.1/20bc17d5c63543e783a49578c4c71008/os-keypairs 0.665s
2016-02-18 20:17:53,973 27841 DEBUG    [tempest_lib.common.rest_client] Request - Headers: {'Content-Type': 'application/json', 'Accept': 'application/json', 'X-Auth-Token': '&lt;omitted&gt;'}
        Body: {"keypair": {"name": "tempest-TestNetworkAdvancedServerOps-1039429744"}}
    Response - Headers: {'status': '200', 'content-length': '2330', 'x-compute-request-id': 'req-8673d279-c507-46b8-bd26-4579ffe8da1d', 'vary': 'X-OpenStack-Nova-API-Version', 'connection': 'close', 'x-openstack-nova-api-version': '2.1', 'date': 'Thu, 18 Feb 2016 20:17:53 GMT', 'content-type': 'application/json'}
        Body: {"keypair": {"public_key": "ssh-rsa AAAAB3NzaC1yc2EAAAADAQABAAABAQD0c7EmMEMfqLdGcNXwEHWZDqjyLpHO/ZhmIMQKQhOfvr5eo8k/mM3DGNs/aixH43SeuEJ5uTGjVFh14Hm8KHyjvVhHEkyVFqn4On5BG3otDYgT9CQF5UurMugR9s5n97Vx4Y0m4xn2n0kHdTF62rkn9Ho6wjhAxIPIrQ22Cppf2+N0wDN1HRMLgi1lAeoAr2XKaXs1A41tHvG3pfA03uz4CdVkTqK7nxQ9q+mvgPUTm6mGVNGZWOiAABctK3o/1qTZWnhncqxsoSIeSMqk6iaUuS4sv5kQTf4tLPKPfhyQUqq3MqRBZc+9+Bj793UB48VAnSD1G+zWbHwYpGZiGZ03 Generated-by-Nova", "private_key": "-----BEGIN RSA PRIVATE KEY-----\nMIIEqAIBAAKCAQEA9HOxJjBDH6i3RnDV8BB1mQ6o8i6Rzv2YZiDECkITn76+XqPJ\nP5jNwxjbP2osR+N0nrhCebkxo1RYdeB5vCh8o71YRxJMlRap+Dp+QRt6LQ2IE/Qk\nBeVLqzLoEfbOZ/e1ceGNJuMZ9p9JB3Uxetq5J/R6OsI4QMSDyK0NtgqaX9vjdMAz\ndR0TC4ItZQHqAK9lyml7NQONbR7xt6XwNN7s+AnVZE6iu58UPavpr4D1E5uphlTR\nmVjogAAXLSt6P9ak2Vp4Z3KsbKEiHkjKpOomlLkuLL+ZEE3+LSzyj34ckFKqtzKk\nQWXPvfgY+/d1AePFQJ0g9Rvs1mx8GKRmYhmdNwIDAQABAoIBAGQc3XgeW98jYavf\nmj5u/zpn3pkQqXZ0NW3eDWuGFDNgEub/fPQmyF4WV/Rorynh5Wj7XX4scj/J01Cz\nVifRDPqiGP1CaUrFtWaLzhkr/6Vj3U8OtZIUjiDXAGQbB/1cXVr+XKiIaaGvKmF7\nhYAjA6FxZn2Z/R/JW49cEDl1rjODNYTOYixKU8QQYI9X9Sd2814mWM6S81lDF05W\na+XAltO8XeLgwIqd4TnufW5Z7+/vaWRQsC40nXj9oprgoOfaD7NbT9TeGqO/yN5M\n1gv8eY1YTe6s7wDfFt3+oefkSf5YOXiXBDcqhhmyV05j+CqKnYRcJ0Eg0X5AU9h6\nYM7YIcECggCBAPnUX8/YtQ9kr0zwq8lxoMNweJj0yh5O7Au5NphyMzNNK1RD7lWj\nGhpCSajwROZ0jb6e8Q3eV4yyClryQ0H1upsXKM99OAC9SOdq/z/mAiqvGJCC75Aj\nRHC7ND2qF8RqAl0JZmps03tNLn2p7TMO3exAx1x6CNpu7//WNxX0ST4FAoIAgQD6\nfVDVM8AlFpHSV0J5YdiVe823s92LsRlUxhFkKH5u7LBmu4PnC5AUiZ4BSsz5iyUt\ne1LIPjPWOBG0XavAQjjPGvuutly0+fJlS9dF/OrUqMuevcbmiKOwa5X4XOi63Ki9\n1ooZzMz1GLp9LGQUyqGo8AYvozWwXMlNtNLc0ROXCwKCAIBOUX6LyPLR1Y2DADvK\nVd3BBwQ3Zx3prHIhJrnvxnU4kuuPahBQNmZbbwZqeJAQ8t7wsCD/aQFnMPVAF4xw\nJBmQvwzjJu0khjJRoeBM5s0tFmEMBJAXTocJFBbHcggrYdRF2EmL+Xu+vq5hZKDg\njbuScahN3E/kMjz4pe306vT/BQKCAIEAoJEX8bLcpmmTS/v3douMJDZaJjm7+EGr\n9TWKDGQQt9YtNY1Z/g7haujUSgvC3OufB0qYRBfrbpQ+dRnecL2CYO/xCYuIXdIi\n2WAGPKzlczBIZhdMmpZYJ0yvs6cK4E12NUqC+AraDvqtAHQmK1XAzuQdcwfx8H1p\n5M/Wowm6vwUCggCAahewC1KQlak95MzzIBoBTYX0bcA8vEe7xszw3ivMBIe1Jvbl\np8ukmOUqGvKXN1uixpaayjkqsWh/VvrS0Dscj/TD2lZ53kFaJDYF1IzHw5YnwYAu\n1Hka7VRuWPL3BcBKrVO9wIuyOwKZEAdWwGEoyKJhpji/YcSMGUO7s/E945k=\n-----END RSA PRIVATE KEY-----\n", "user_id": "eef2afaf25854f34a40bec2b2ee6ca0b", "name": "tempest-TestNetworkAdvancedServerOps-1039429744", "fingerprint": "55:4b:6b:35:50:76:02:d3:bc:23:a3:aa:1b:58:9f:57"}}
2016-02-18 20:17:54,295 27841 INFO     [tempest_lib.common.rest_client] Request (TestNetworkAdvancedServerOps:test_server_connectivity_reboot): 201 POST http://10.4.1.3:9696/v2.0/security-groups 0.319s
2016-02-18 20:17:54,296 27841 DEBUG    [tempest_lib.common.rest_client] Request - Headers: {'Content-Type': 'application/json', 'Accept': 'application/json', 'X-Auth-Token': '&lt;omitted&gt;'}
        Body: {"security_group": {"tenant_id": "20bc17d5c63543e783a49578c4c71008", "description": "tempest-secgroup-smoke-1640458075 description", "name": "tempest-secgroup-smoke-1640458075"}}
    Response - Headers: {'status': '201', 'content-length': '888', 'connection': 'close', 'date': 'Thu, 18 Feb 2016 20:17:54 GMT', 'content-type': 'application/json; charset=UTF-8', 'x-openstack-request-id': 'req-7cd3e06f-9e64-4a7a-8956-b48ba5c87da9'}
