<?xml version="1.0" encoding="UTF-8"?>
<!DOCTYPE html PUBLIC "-//W3C//DTD XHTML 1.0 Strict//EN"
     "http://www.w3.org/TR/xhtml1/DTD/xhtml1-strict.dtd">
<html xmlns="http://www.w3.org/1999/xhtml">
<head>
    <title>Unit Test Report</title>
    <meta name="generator" content="subunit2html 0.1"/>
    <meta http-equiv="Content-Type" content="text/html; charset=UTF-8"/>
    
<style type="text/css" media="screen">
body        { font-family: verdana, arial, helvetica, sans-serif;
    font-size: 80%; }
table       { font-size: 100%; width: 100%;}
pre         { font-size: 80%; }

/* -- heading -------------------------------------------------------------- */
h1 {
        font-size: 16pt;
        color: gray;
}
.heading {
    margin-top: 0ex;
    margin-bottom: 1ex;
}

.heading .attribute {
    margin-top: 1ex;
    margin-bottom: 0;
}

.heading .description {
    margin-top: 4ex;
    margin-bottom: 6ex;
}

/* -- css div popup -------------------------------------------------------- */
a.popup_link {
}

a.popup_link:hover {
    color: red;
}

.popup_window {
    display: none;
    overflow-x: scroll;
    /*border: solid #627173 1px; */
    padding: 10px;
    background-color: #E6E6D6;
    font-family: "Ubuntu Mono", "Lucida Console", "Courier New", monospace;
    text-align: left;
    font-size: 8pt;
}

}
/* -- report --------------------------------------------------------------- */
#show_detail_line {
    margin-top: 3ex;
    margin-bottom: 1ex;
}
#result_table {
    width: 100%;
    border-collapse: collapse;
    border: 1px solid #777;
}
#header_row {
    font-weight: bold;
    color: white;
    background-color: #777;
}
#result_table td {
    border: 1px solid #777;
    padding: 2px;
}
#total_row  { font-weight: bold; }
.passClass  { background-color: #6c6; }
.failClass  { background-color: #c60; }
.errorClass { background-color: #c00; }
.passCase   { color: #6c6; }
.failCase   { color: #c60; font-weight: bold; }
.errorCase  { color: #c00; font-weight: bold; }
.hiddenRow  { display: none; }
.testcase   { margin-left: 2em; }
td.testname {width: 40%}
td.small {width: 40px}

/* -- ending --------------------------------------------------------------- */
#ending {
}

</style>

</head>
<body>
<script language="javascript" type="text/javascript"><!--
output_list = Array();

/* level - 0:Summary; 1:Failed; 2:All */
function showCase(level) {
    trs = document.getElementsByTagName("tr");
    for (var i = 0; i < trs.length; i++) {
        tr = trs[i];
        id = tr.id;
        if (id.substr(0,2) == 'ft') {
            if (level < 1) {
                tr.className = 'hiddenRow';
            }
            else {
                tr.className = '';
            }
        }
        if (id.substr(0,2) == 'pt') {
            if (level > 1) {
                tr.className = '';
            }
            else {
                tr.className = 'hiddenRow';
            }
        }
    }
}


function showClassDetail(cid, count) {
    var id_list = Array(count);
    var toHide = 1;
    for (var i = 0; i < count; i++) {
        tid0 = 't' + cid.substr(1) + '.' + (i+1);
        tid = 'f' + tid0;
        tr = document.getElementById(tid);
        if (!tr) {
            tid = 'p' + tid0;
            tr = document.getElementById(tid);
        }
        id_list[i] = tid;
        if (tr.className) {
            toHide = 0;
        }
    }
    for (var i = 0; i < count; i++) {
        tid = id_list[i];
        if (toHide) {
            document.getElementById('div_'+tid).style.display = 'none'
            document.getElementById(tid).className = 'hiddenRow';
        }
        else {
            document.getElementById(tid).className = '';
        }
    }
}


function showTestDetail(div_id){
    var details_div = document.getElementById(div_id)
    var displayState = details_div.style.display
    // alert(displayState)
    if (displayState != 'block' ) {
        displayState = 'block'
        details_div.style.display = 'block'
    }
    else {
        details_div.style.display = 'none'
    }
}


function html_escape(s) {
    s = s.replace(/&/g,'&amp;');
    s = s.replace(/</g,'&lt;');
    s = s.replace(/>/g,'&gt;');
    return s;
}

/* obsoleted by detail in <div>
function showOutput(id, name) {
    var w = window.open("", //url
                    name,
                    "resizable,scrollbars,status,width=800,height=450");
    d = w.document;
    d.write("<pre>");
    d.write(html_escape(output_list[id]));
    d.write("\n");
    d.write("<a href='javascript:window.close()'>close</a>\n");
    d.write("</pre>\n");
    d.close();
}
*/
--></script>

<div class='heading'>
<h1>Unit Test Report</h1>

<p class='attribute'><strong>Status:</strong> Failure 6</p>

<p class='description'></p>
</div>



<p id='show_detail_line'>Show
<a href='javascript:showCase(0)'>Summary</a>
<a href='javascript:showCase(1)'>Failed</a>
<a href='javascript:showCase(2)'>All</a>
</p>
<table id='result_table'>
<colgroup>
<col align='left' />
<col align='right' />
<col align='right' />
<col align='right' />
<col align='right' />
<col align='right' />
<col align='right' />
<col align='right' />
</colgroup>
<tr id='header_row'>
    <td>Test Group/Test case</td>
    <td>Count</td>
    <td>Pass</td>
    <td>Fail</td>
    <td>Error</td>
    <td>Skip</td>
    <td>View</td>
    <td> </td>
</tr>

<tr class='failClass'>
    <td class="testname">tempest.scenario.test_network_advanced_server_ops.TestNetworkAdvancedServerOps</td>
    <td class="small">6</td>
    <td class="small">0</td>
    <td class="small">6</td>
    <td class="small">0</td>
    <td class="small">0</td>
    <td class="small"><a href="javascript:showClassDetail('c1',6)"
>Detail</a></td>
    <td> </td>
</tr>

<tr id='ft1.1' class='none'>
    <td class='failCase'><div class='testcase'>test_server_connectivity_pause_unpause[compute,id-2b2642db-6568-4b35-b812-eceed3fa20ce,network]</div></td>
    <td colspan='7' align='left'>

    <!--css div popup start-->
    <a class="popup_link" onfocus='this.blur();'
    href="javascript:showTestDetail('div_ft1.1')" >
        fail</a>

    <div id='div_ft1.1' class="popup_window">
        <div style='text-align: right; color:red;cursor:pointer'>
        <a onfocus='this.blur();'
onclick="document.getElementById('div_ft1.1').style.display = 'none' " >
           [x]</a>
        </div>
        <pre>
        
ft1.1: tempest.scenario.test_network_advanced_server_ops.TestNetworkAdvancedServerOps.test_server_connectivity_pause_unpause[compute,id-2b2642db-6568-4b35-b812-eceed3fa20ce,network]_StringException: Empty attachments:
  stderr
  stdout

pythonlogging:'': {{{
2016-02-19 16:03:31,404 28399 INFO     [tempest_lib.common.rest_client] Request (TestNetworkAdvancedServerOps:test_server_connectivity_pause_unpause): 200 POST http://10.4.1.3:8774/v2.1/bae7253a839d492faf5d37e426ed05eb/os-keypairs 0.619s
2016-02-19 16:03:31,405 28399 DEBUG    [tempest_lib.common.rest_client] Request - Headers: {'Content-Type': 'application/json', 'Accept': 'application/json', 'X-Auth-Token': '&lt;omitted&gt;'}
        Body: {"keypair": {"name": "tempest-TestNetworkAdvancedServerOps-1318109406"}}
    Response - Headers: {'status': '200', 'content-length': '2330', 'x-compute-request-id': 'req-5941ce94-11bf-492a-a811-d790341e6587', 'vary': 'X-OpenStack-Nova-API-Version', 'connection': 'close', 'x-openstack-nova-api-version': '2.1', 'date': 'Fri, 19 Feb 2016 16:03:31 GMT', 'content-type': 'application/json'}
        Body: {"keypair": {"public_key": "ssh-rsa AAAAB3NzaC1yc2EAAAADAQABAAABAQDBHtsYwsbU1uAZChXuGoVvpt5Kfiy0aFSmPTpPnkBKeGrI4Q6nxXQ1Ldo8LXCbdueiFkshnDGPIGWx/TLdKyu1GhMhEDB9BXXhWjAXzHzAch94S+EWC0sZ/lmky9UPSJPa9bCTDNVkTjT+LnnAwdptz0KxeVZaejdAIU3o8p/HSKlqefg7pr5CjTqXd4nowNG4gKqODGEesxjEqzSakf3OtRuceETjF26EgJx7pLkBuRvEz4fscQV/unYrQjo1v+g89eIYKV4shlVryjj+EVXHmJmcbzvDluB8/KSLwW0Ip5eF7y44Cn/MU2uJy5OsDP/vnb+1zdb0PeAKhg5VFeWX Generated-by-Nova", "private_key": "-----BEGIN RSA PRIVATE KEY-----\nMIIEqQIBAAKCAQEAwR7bGMLG1NbgGQoV7hqFb6beSn4stGhUpj06T55ASnhqyOEO\np8V0NS3aPC1wm3bnohZLIZwxjyBlsf0y3SsrtRoTIRAwfQV14VowF8x8wHIfeEvh\nFgtLGf5ZpMvVD0iT2vWwkwzVZE40/i55wMHabc9CsXlWWno3QCFN6PKfx0ipann4\nO6a+Qo06l3eJ6MDRuICqjgxhHrMYxKs0mpH9zrUbnHhE4xduhICce6S5AbkbxM+H\n7HEFf7p2K0I6Nb/oPPXiGCleLIZVa8o4/hFVx5iZnG87w5bgfPyki8FtCKeXhe8u\nOAp/zFNricuTrAz/752/tc3W9D3gCoYOVRXllwIDAQABAoIBACptWvkfoYsVAfq+\nSn8a+IHFCUUYXz3rRd2Xyf2/6KPzvJIRT6TwLk2Ymz9pRDoDb3Qerbbel8y381+d\nHtWULHAHIHi9E8oDrxgpNjOkSywEZoGJOhQbuw4k4RDhbxeCfGk4XOiRgzgcLmxB\nTaJZdGF3jVFsNNp/yy+doX4x/4RKQqo24DtHw6MeMQWvQPLGIDkfdd3vicNlZaFq\nl8ISUOLTJNqQBApsNHNWkZOKN8N0NG1PxBae7FTPZLZL8VFwebGfzu7S/oiof+eS\n/3B1v4lsRbzX98taU4RkkXWO0LNhab6m3MnfsPIZv0nC7PtrkXv+134mR/3sxFon\nuzb22lECggCBANxCNuaDEa3kXfmcfXBsoBZQLGjOWj/piI2iyEkZ5nqsILzciaQm\nOqElDThRr8TqOlMx3Oa3wTIYv/Bg3GTTbGcyZ+o/ChfrEOw4IBW7YRt92+vqUAWL\n5bdU1b0R6KQpNkKvgu1MwxjDbTtlWcMNhubxm0NIvUEpJddw8iAAk+NzAoIAgQDg\ndUtPsz+PaO1JX/a+4FF3v9BGNGFgj1O0TAWI8+J4xEXJge9K9UHQZ1O55fgGKY9/\nwTVjLnIchPYD0pCnvEMpYgG1KTSoX49cL3PRn40hKVhFRTSSglTUi68stcLpDTUA\nM9RZXyBgx6Ii2fokAKAcoI0J8G3kssrl4GCXw3SUTQKCAIEAyYPrJssUCby+HfmG\n6qz3anK/rsPc3kyTmsIr7HW94M5KxYAgjgZL7dMwXS6fWdHSuvsL2CqWn3b1ZL+5\n5KVqsJ/1YuN6IJf4S6at9DQTjEuCQj2GKQzthuYfB3SzHD54XlqltuZcOPPTpFv9\n2+8sVW8HVm/edxdmf83eOFlO9PECggCBAKfCQtWArSKsU50hojOrSHht3mZ6Q8V9\nmhwJLaHcVgnY+CfRe13UzKnMcGFipetFKMFdUF+emR8DqTPWLtOO+8t0Or6B2590\nPJuzw6aKz1pXomezf8V4r5pkBDswZkr02gYatr1NQc/TpTTTIgfCh+idfoxNLHVf\nxBHnj4oeRYWJAoIAgGpbdDnrcBmAcD+/UKmlRohpfQMqBCJsqEN/l9Z3jd68tnRn\nQSL2Om7+JLN7D+y1gNTvXCmxkHjHR/vqe/tofeTIzklFmriecNOhbaINyWjc7AtB\nbhK5UHBFNTV48StkTzBi5rIWoi9nPtYpuiF9Bxoz34AXYfEdcE1l+F7BIBY7\n-----END RSA PRIVATE KEY-----\n", "user_id": "b18e86f9dd364225a3a3152bdd90e901", "name": "tempest-TestNetworkAdvancedServerOps-1318109406", "fingerprint": "2e:68:66:87:fb:12:38:f1:2f:54:e2:55:f2:7a:4d:b0"}}
2016-02-19 16:03:31,838 28399 INFO     [tempest_lib.common.rest_client] Request (TestNetworkAdvancedServerOps:test_server_connectivity_pause_unpause): 201 POST http://10.4.1.3:9696/v2.0/security-groups 0.428s
2016-02-19 16:03:31,839 28399 DEBUG    [tempest_lib.common.rest_client] Request - Headers: {'Content-Type': 'application/json', 'Accept': 'application/json', 'X-Auth-Token': '&lt;omitted&gt;'}
        Body: {"security_group": {"tenant_id": "bae7253a839d492faf5d37e426ed05eb", "description": "tempest-secgroup-smoke-2125474972 description", "name": "tempest-secgroup-smoke-2125474972"}}
    Response - Headers: {'status': '201', 'content-length': '888', 'connection': 'close', 'date': 'Fri, 19 Feb 2016 16:03:31 GMT', 'content-type': 'application/json; charset=UTF-8', 'x-openstack-request-id': 'req-ada3d57e-9741-459c-ad4a-8b9a50bac75b'}
        Body: {"security_group": {"tenant_id": "bae7253a839d492faf5d37e426ed05eb", "description": "tempest-secgroup-smoke-2125474972 description", "id": "cc9d56df-babc-4e61-84ec-c5794737b735", "security_group_rules": [{"remote_group_id": null, "direction": "egress", "remote_ip_prefix": null, "protocol": null, "ethertype": "IPv4", "tenant_id": "bae7253a839d492faf5d37e426ed05eb", "port_range_max": null, "port_range_min": null, "id": "af8dcffa-9ad1-46a3-990b-7f8d2235229e", "security_group_id": "cc9d56df-babc-4e61-84ec-c5794737b735"}, {"remote_group_id": null, "direction": "egress", "remote_ip_prefix": null, "protocol": null, "ethertype": "IPv6", "tenant_id": "bae7253a839d492faf5d37e426ed05eb", "port_range_max": null, "port_range_min": null, "id": "18422afb-19fb-4654-9a77-6283d4a1db02", "security_group_id": "cc9d56df-babc-4e61-84ec-c5794737b735"}], "name": "tempest-secgroup-smoke-2125474972"}}
2016-02-19 16:03:32,179 28399 INFO     [tempest_lib.common.rest_client] Request (TestNetworkAdvancedServerOps:test_server_connectivity_pause_unpause): 201 POST http://10.4.1.3:9696/v2.0/security-group-rules 0.339s
2016-02-19 16:03:32,180 28399 DEBUG    [tempest_lib.common.rest_client] Request - Headers: {'Content-Type': 'application/json', 'Accept': 'application/json', 'X-Auth-Token': '&lt;omitted&gt;'}
        Body: {"security_group_rule": {"direction": "ingress", "protocol": "tcp", "tenant_id": "bae7253a839d492faf5d37e426ed05eb", "port_range_max": 22, "security_group_id": "cc9d56df-babc-4e61-84ec-c5794737b735", "port_range_min": 22}}
    Response - Headers: {'status': '201', 'content-length': '340', 'connection': 'close', 'date': 'Fri, 19 Feb 2016 16:03:32 GMT', 'content-type': 'application/json; charset=UTF-8', 'x-openstack-request-id': 'req-4a3ace82-8a5d-4d58-86aa-f105d9177068'}
        Body: {"security_group_rule": {"remote_group_id": null, "direction": "ingress", "remote_ip_prefix": null, "protocol": "tcp", "ethertype": "IPv4", "tenant_id": "bae7253a839d492faf5d37e426ed05eb", "port_range_max": 22, "port_range_min": 22, "id": "44dcaab3-5d7e-432b-a43d-dcc5ee333a42", "security_group_id": "cc9d56df-babc-4e61-84ec-c5794737b735"}}
2016-02-19 16:03:32,520 28399 INFO     [tempest_lib.common.rest_client] Request (TestNetworkAdvancedServerOps:test_server_connectivity_pause_unpause): 201 POST http://10.4.1.3:9696/v2.0/security-group-rules 0.339s
2016-02-19 16:03:32,521 28399 DEBUG    [tempest_lib.common.rest_client] Request - Headers: {'Content-Type': 'application/json', 'Accept': 'application/json', 'X-Auth-Token': '&lt;omitted&gt;'}
        Body: {"security_group_rule": {"direction": "egress", "protocol": "tcp", "tenant_id": "bae7253a839d492faf5d37e426ed05eb", "port_range_max": 22, "security_group_id": "cc9d56df-babc-4e61-84ec-c5794737b735", "port_range_min": 22}}
    Response - Headers: {'status': '201', 'content-length': '339', 'connection': 'close', 'date': 'Fri, 19 Feb 2016 16:03:32 GMT', 'content-type': 'application/json; charset=UTF-8', 'x-openstack-request-id': 'req-f4a0a7ef-2f44-4657-b23b-8427cc627dd0'}
        Body: {"security_group_rule": {"remote_group_id": null, "direction": "egress", "remote_ip_prefix": null, "protocol": "tcp", "ethertype": "IPv4", "tenant_id": "bae7253a839d492faf5d37e426ed05eb", "port_range_max": 22, "port_range_min": 22, "id": "01477bde-9bfd-4785-942e-52b8affd2ef4", "security_group_id": "cc9d56df-babc-4e61-84ec-c5794737b735"}}
2016-02-19 16:03:32,839 28399 INFO     [tempest_lib.common.rest_client] Request (TestNetworkAdvancedServerOps:test_server_connectivity_pause_unpause): 201 POST http://10.4.1.3:9696/v2.0/security-group-rules 0.317s
2016-02-19 16:03:32,840 28399 DEBUG    [tempest_lib.common.rest_client] Request - Headers: {'Content-Type': 'application/json', 'Accept': 'application/json', 'X-Auth-Token': '&lt;omitted&gt;'}
        Body: {"security_group_rule": {"tenant_id": "bae7253a839d492faf5d37e426ed05eb", "direction": "ingress", "protocol": "icmp", "security_group_id": "cc9d56df-babc-4e61-84ec-c5794737b735"}}
    Response - Headers: {'status': '201', 'content-length': '345', 'connection': 'close', 'date': 'Fri, 19 Feb 2016 16:03:32 GMT', 'content-type': 'application/json; charset=UTF-8', 'x-openstack-request-id': 'req-882a4556-3ac3-4ae1-b228-37d7ce8a8617'}
        Body: {"security_group_rule": {"remote_group_id": null, "direction": "ingress", "remote_ip_prefix": null, "protocol": "icmp", "ethertype": "IPv4", "tenant_id": "bae7253a839d492faf5d37e426ed05eb", "port_range_max": null, "port_range_min": null, "id": "55f84ed8-5cfc-4f78-8e67-71474ab2d9bf", "security_group_id": "cc9d56df-babc-4e61-84ec-c5794737b735"}}
2016-02-19 16:03:33,143 28399 INFO     [tempest_lib.common.rest_client] Request (TestNetworkAdvancedServerOps:test_server_connectivity_pause_unpause): 201 POST http://10.4.1.3:9696/v2.0/security-group-rules 0.302s
2016-02-19 16:03:33,143 28399 DEBUG    [tempest_lib.common.rest_client] Request - Headers: {'Content-Type': 'application/json', 'Accept': 'application/json', 'X-Auth-Token': '&lt;omitted&gt;'}
        Body: {"security_group_rule": {"tenant_id": "bae7253a839d492faf5d37e426ed05eb", "direction": "egress", "protocol": "icmp", "security_group_id": "cc9d56df-babc-4e61-84ec-c5794737b735"}}
    Response - Headers: {'status': '201', 'content-length': '344', 'connection': 'close', 'date': 'Fri, 19 Feb 2016 16:03:33 GMT', 'content-type': 'application/json; charset=UTF-8', 'x-openstack-request-id': 'req-f1a54e47-6d6c-43f0-b25b-677a1d29dd06'}
        Body: {"security_group_rule": {"remote_group_id": null, "direction": "egress", "remote_ip_prefix": null, "protocol": "icmp", "ethertype": "IPv4", "tenant_id": "bae7253a839d492faf5d37e426ed05eb", "port_range_max": null, "port_range_min": null, "id": "3cf3bfad-edf5-486d-992f-082f945bd55b", "security_group_id": "cc9d56df-babc-4e61-84ec-c5794737b735"}}
2016-02-19 16:03:33,437 28399 INFO     [tempest_lib.common.rest_client] Request (TestNetworkAdvancedServerOps:test_server_connectivity_pause_unpause): 201 POST http://10.4.1.3:9696/v2.0/security-group-rules 0.293s
2016-02-19 16:03:33,438 28399 DEBUG    [tempest_lib.common.rest_client] Request - Headers: {'Content-Type': 'application/json', 'Accept': 'application/json', 'X-Auth-Token': '&lt;omitted&gt;'}
        Body: {"security_group_rule": {"tenant_id": "bae7253a839d492faf5d37e426ed05eb", "direction": "ingress", "security_group_id": "cc9d56df-babc-4e61-84ec-c5794737b735", "protocol": "icmp", "ethertype": "IPv6"}}
    Response - Headers: {'status': '201', 'content-length': '345', 'connection': 'close', 'date': 'Fri, 19 Feb 2016 16:03:33 GMT', 'content-type': 'application/json; charset=UTF-8', 'x-openstack-request-id': 'req-c147751d-1bc4-4746-9fa2-8674ca873cbf'}
        Body: {"security_group_rule": {"remote_group_id": null, "direction": "ingress", "remote_ip_prefix": null, "protocol": "icmp", "ethertype": "IPv6", "tenant_id": "bae7253a839d492faf5d37e426ed05eb", "port_range_max": null, "port_range_min": null, "id": "6eef3e8c-bcf1-4e6f-9f19-33dab181ab4f", "security_group_id": "cc9d56df-babc-4e61-84ec-c5794737b735"}}
2016-02-19 16:03:33,781 28399 INFO     [tempest_lib.common.rest_client] Request (TestNetworkAdvancedServerOps:test_server_connectivity_pause_unpause): 201 POST http://10.4.1.3:9696/v2.0/security-group-rules 0.342s
2016-02-19 16:03:33,782 28399 DEBUG    [tempest_lib.common.rest_client] Request - Headers: {'Content-Type': 'application/json', 'Accept': 'application/json', 'X-Auth-Token': '&lt;omitted&gt;'}
        Body: {"security_group_rule": {"tenant_id": "bae7253a839d492faf5d37e426ed05eb", "direction": "egress", "security_group_id": "cc9d56df-babc-4e61-84ec-c5794737b735", "protocol": "icmp", "ethertype": "IPv6"}}
    Response - Headers: {'status': '201', 'content-length': '344', 'connection': 'close', 'date': 'Fri, 19 Feb 2016 16:03:33 GMT', 'content-type': 'application/json; charset=UTF-8', 'x-openstack-request-id': 'req-288e80fc-1ad0-4983-bfc6-7906600c5b33'}
        Body: {"security_group_rule": {"remote_group_id": null, "direction": "egress", "remote_ip_prefix": null, "protocol": "icmp", "ethertype": "IPv6", "tenant_id": "bae7253a839d492faf5d37e426ed05eb", "port_range_max": null, "port_range_min": null, "id": "2b3d1104-6368-4963-b914-834319e0bf5b", "security_group_id": "cc9d56df-babc-4e61-84ec-c5794737b735"}}
2016-02-19 16:03:34,246 28399 INFO     [tempest_lib.common.rest_client] Request (TestNetworkAdvancedServerOps:test_server_connectivity_pause_unpause): 201 POST http://10.4.1.3:9696/v2.0/networks 0.463s
2016-02-19 16:03:34,246 28399 DEBUG    [tempest_lib.common.rest_client] Request - Headers: {'Content-Type': 'application/json', 'Accept': 'application/json', 'X-Auth-Token': '&lt;omitted&gt;'}
        Body: {"network": {"tenant_id": "bae7253a839d492faf5d37e426ed05eb", "name": "tempest-network-smoke--1533276761"}}
    Response - Headers: {'status': '201', 'content-length': '356', 'connection': 'close', 'date': 'Fri, 19 Feb 2016 16:03:34 GMT', 'content-type': 'application/json; charset=UTF-8', 'x-openstack-request-id': 'req-60734d4a-6ed8-4aef-a11f-7f08060268d7'}
        Body: {"network": {"status": "ACTIVE", "subnets": [], "availability_zone_hints": [], "availability_zones": [], "name": "tempest-network-smoke--1533276761", "admin_state_up": true, "tenant_id": "bae7253a839d492faf5d37e426ed05eb", "mtu": 1450, "router:external": false, "shared": false, "port_security_enabled": true, "id": "bfc1d18f-af10-41ba-841d-2a7b3fa4a39b"}}
2016-02-19 16:03:34,550 28399 INFO     [tempest_lib.common.rest_client] Request (TestNetworkAdvancedServerOps:test_server_connectivity_pause_unpause): 201 POST http://10.4.1.3:9696/v2.0/routers 0.302s
2016-02-19 16:03:34,551 28399 DEBUG    [tempest_lib.common.rest_client] Request - Headers: {'Content-Type': 'application/json', 'Accept': 'application/json', 'X-Auth-Token': '&lt;omitted&gt;'}
        Body: {"router": {"tenant_id": "bae7253a839d492faf5d37e426ed05eb", "name": "tempest-router-smoke-1732956187", "admin_state_up": true}}
    Response - Headers: {'status': '201', 'content-length': '239', 'connection': 'close', 'date': 'Fri, 19 Feb 2016 16:03:34 GMT', 'content-type': 'application/json; charset=UTF-8', 'x-openstack-request-id': 'req-d8f44aea-2134-408a-ac24-78de336b77ac'}
        Body: {"router": {"status": "ACTIVE", "external_gateway_info": null, "name": "tempest-router-smoke-1732956187", "admin_state_up": true, "tenant_id": "bae7253a839d492faf5d37e426ed05eb", "routes": [], "id": "fb489c20-b12f-4a46-a475-9aa66dfa13e5"}}
2016-02-19 16:03:34,809 28399 INFO     [tempest_lib.common.rest_client] Request (TestNetworkAdvancedServerOps:test_server_connectivity_pause_unpause): 200 GET http://10.4.1.3:9696/v2.0/routers/fb489c20-b12f-4a46-a475-9aa66dfa13e5 0.256s
2016-02-19 16:03:34,810 28399 DEBUG    [tempest_lib.common.rest_client] Request - Headers: {'Content-Type': 'application/json', 'Accept': 'application/json', 'X-Auth-Token': '&lt;omitted&gt;'}
        Body: None
    Response - Headers: {'status': '200', 'content-length': '239', 'content-location': 'http://10.4.1.3:9696/v2.0/routers/fb489c20-b12f-4a46-a475-9aa66dfa13e5', 'connection': 'close', 'date': 'Fri, 19 Feb 2016 16:03:34 GMT', 'content-type': 'application/json; charset=UTF-8', 'x-openstack-request-id': 'req-23ca7c71-2bfc-4132-b38d-75a2186fe2ff'}
        Body: {"router": {"status": "ACTIVE", "external_gateway_info": null, "name": "tempest-router-smoke-1732956187", "admin_state_up": true, "tenant_id": "bae7253a839d492faf5d37e426ed05eb", "routes": [], "id": "fb489c20-b12f-4a46-a475-9aa66dfa13e5"}}
2016-02-19 16:03:35,722 28399 INFO     [tempest_lib.common.rest_client] Request (TestNetworkAdvancedServerOps:test_server_connectivity_pause_unpause): 200 PUT http://10.4.1.3:9696/v2.0/routers/fb489c20-b12f-4a46-a475-9aa66dfa13e5 0.909s
2016-02-19 16:03:35,723 28399 DEBUG    [tempest_lib.common.rest_client] Request - Headers: {'Content-Type': 'application/json', 'Accept': 'application/json', 'X-Auth-Token': '&lt;omitted&gt;'}
        Body: {"router": {"external_gateway_info": {"network_id": "d4472f0c-f38a-4c16-8262-95aee2106b16"}, "name": "tempest-router-smoke-1732956187", "admin_state_up": true}}
    Response - Headers: {'status': '200', 'content-length': '501', 'connection': 'close', 'date': 'Fri, 19 Feb 2016 16:03:35 GMT', 'content-type': 'application/json; charset=UTF-8', 'x-openstack-request-id': 'req-98b25b12-96f4-41fc-a311-0aa815156ac8'}
        Body: {"router": {"status": "ACTIVE", "external_gateway_info": {"network_id": "d4472f0c-f38a-4c16-8262-95aee2106b16", "enable_snat": true, "external_fixed_ips": [{"subnet_id": "bba5ce05-24a5-449f-a93c-f0fe50d86fb7", "ip_address": "172.24.4.3"}, {"subnet_id": "694e8731-35a2-40c9-acb4-9561bc53947b", "ip_address": "2001:db8::4"}]}, "name": "tempest-router-smoke-1732956187", "admin_state_up": true, "tenant_id": "bae7253a839d492faf5d37e426ed05eb", "routes": [], "id": "fb489c20-b12f-4a46-a475-9aa66dfa13e5"}}
2016-02-19 16:03:35,990 28399 INFO     [tempest_lib.common.rest_client] Request (TestNetworkAdvancedServerOps:test_server_connectivity_pause_unpause): 200 GET http://10.4.1.3:9696/v2.0/subnets?tenant_id=bae7253a839d492faf5d37e426ed05eb&amp;cidr=10.100.0.0%2F28 0.265s
2016-02-19 16:03:35,990 28399 DEBUG    [tempest_lib.common.rest_client] Request - Headers: {'Content-Type': 'application/json', 'Accept': 'application/json', 'X-Auth-Token': '&lt;omitted&gt;'}
        Body: None
    Response - Headers: {'status': '200', 'content-length': '15', 'content-location': 'http://10.4.1.3:9696/v2.0/subnets?tenant_id=bae7253a839d492faf5d37e426ed05eb&amp;cidr=10.100.0.0%2F28', 'connection': 'close', 'date': 'Fri, 19 Feb 2016 16:03:35 GMT', 'content-type': 'application/json; charset=UTF-8', 'x-openstack-request-id': 'req-2f66b5d8-9883-4d77-83c1-6b55aa7894da'}
        Body: {"subnets": []}
2016-02-19 16:03:36,589 28399 INFO     [tempest_lib.common.rest_client] Request (TestNetworkAdvancedServerOps:test_server_connectivity_pause_unpause): 201 POST http://10.4.1.3:9696/v2.0/subnets 0.598s
2016-02-19 16:03:36,590 28399 DEBUG    [tempest_lib.common.rest_client] Request - Headers: {'Content-Type': 'application/json', 'Accept': 'application/json', 'X-Auth-Token': '&lt;omitted&gt;'}
        Body: {"subnet": {"ip_version": 4, "tenant_id": "bae7253a839d492faf5d37e426ed05eb", "cidr": "10.100.0.0/28", "network_id": "bfc1d18f-af10-41ba-841d-2a7b3fa4a39b", "name": "tempest-subnet-smoke-1990613493"}}
    Response - Headers: {'status': '201', 'content-length': '478', 'connection': 'close', 'date': 'Fri, 19 Feb 2016 16:03:36 GMT', 'content-type': 'application/json; charset=UTF-8', 'x-openstack-request-id': 'req-994b2175-b719-4f0f-b714-1b582feaeccf'}
        Body: {"subnet": {"name": "tempest-subnet-smoke-1990613493", "enable_dhcp": true, "network_id": "bfc1d18f-af10-41ba-841d-2a7b3fa4a39b", "tenant_id": "bae7253a839d492faf5d37e426ed05eb", "dns_nameservers": [], "gateway_ip": "10.100.0.1", "ipv6_ra_mode": null, "allocation_pools": [{"start": "10.100.0.2", "end": "10.100.0.14"}], "host_routes": [], "ip_version": 4, "ipv6_address_mode": null, "cidr": "10.100.0.0/28", "id": "00154b9b-29a4-4bb0-a730-9aa9c69027b1", "subnetpool_id": null}}
2016-02-19 16:03:37,277 28399 INFO     [tempest_lib.common.rest_client] Request (TestNetworkAdvancedServerOps:test_server_connectivity_pause_unpause): 200 PUT http://10.4.1.3:9696/v2.0/routers/fb489c20-b12f-4a46-a475-9aa66dfa13e5/add_router_interface 0.685s
2016-02-19 16:03:37,278 28399 DEBUG    [tempest_lib.common.rest_client] Request - Headers: {'Content-Type': 'application/json', 'Accept': 'application/json', 'X-Auth-Token': '&lt;omitted&gt;'}
        Body: {"subnet_id": "00154b9b-29a4-4bb0-a730-9aa9c69027b1"}
    Response - Headers: {'status': '200', 'content-length': '309', 'connection': 'close', 'date': 'Fri, 19 Feb 2016 16:03:37 GMT', 'content-type': 'application/json; charset=UTF-8', 'x-openstack-request-id': 'req-2d6a413e-b1d3-4a86-9d00-83e5d05b0cd8'}
        Body: {"network_id": "bfc1d18f-af10-41ba-841d-2a7b3fa4a39b", "tenant_id": "bae7253a839d492faf5d37e426ed05eb", "subnet_id": "00154b9b-29a4-4bb0-a730-9aa9c69027b1", "subnet_ids": ["00154b9b-29a4-4bb0-a730-9aa9c69027b1"], "port_id": "9b091361-ceaf-47ce-b9cf-b7f9698af997", "id": "fb489c20-b12f-4a46-a475-9aa66dfa13e5"}
2016-02-19 16:03:37,452 28399 INFO     [tempest_lib.common.rest_client] Request (TestNetworkAdvancedServerOps:test_server_connectivity_pause_unpause): 200 POST http://10.4.1.3:5000/v2.0/tokens
2016-02-19 16:03:37,452 28399 DEBUG    [tempest_lib.common.rest_client] Request - Headers: {'Content-Type': 'application/json', 'Accept': 'application/json'}
        Body: &lt;omitted&gt;
    Response - Headers: {'status': '200', 'content-length': '2294', 'vary': 'X-Auth-Token', 'server': 'Apache/2.4.7 (Ubuntu)', 'connection': 'close', 'date': 'Fri, 19 Feb 2016 16:03:37 GMT', 'content-type': 'application/json', 'x-openstack-request-id': 'req-68989605-7ce3-4414-8ea5-63f8d17a7984'}
        Body: {"access": {"token": {"issued_at": "2016-02-19T16:03:37.438929", "expires": "2016-02-19T17:03:37Z", "id": "96a945a54bf64b83bf73a7564bb6b3b4", "tenant": {"description": "tempest-TestNetworkAdvancedServerOps-313616815-desc", "enabled": true, "id": "bae7253a839d492faf5d37e426ed05eb", "name": "tempest-TestNetworkAdvancedServerOps-313616815"}, "audit_ids": ["9ee8wLucT7iAJqo1aLZCLA"]}, "serviceCatalog": [{"endpoints": [{"adminURL": "http://10.4.1.3:9292", "region": "RegionOne", "internalURL": "http://10.4.1.3:9292", "id": "791b5b5420a340df9c51dc109460f24f", "publicURL": "http://10.4.1.3:9292"}], "endpoints_links": [], "type": "image", "name": "glance"}, {"endpoints": [{"adminURL": "http://10.4.1.3:8774/v2.1/bae7253a839d492faf5d37e426ed05eb", "region": "RegionOne", "internalURL": "http://10.4.1.3:8774/v2.1/bae7253a839d492faf5d37e426ed05eb", "id": "1edc7fa0d4b246b799da299577d97216", "publicURL": "http://10.4.1.3:8774/v2.1/bae7253a839d492faf5d37e426ed05eb"}], "endpoints_links": [], "type": "compute", "name": "nova"}, {"endpoints": [{"adminURL": "http://10.4.1.3:8774/v2/bae7253a839d492faf5d37e426ed05eb", "region": "RegionOne", "internalURL": "http://10.4.1.3:8774/v2/bae7253a839d492faf5d37e426ed05eb", "id": "24e01ef38a6546a1a30dcbe8029f7c87", "publicURL": "http://10.4.1.3:8774/v2/bae7253a839d492faf5d37e426ed05eb"}], "endpoints_links": [], "type": "compute_legacy", "name": "nova_legacy"}, {"endpoints": [{"adminURL": "http://10.4.1.3:35357/v2.0", "region": "RegionOne", "internalURL": "http://10.4.1.3:5000/v2.0", "id": "1241c992ce094164877617f70e5b60db", "publicURL": "http://10.4.1.3:5000/v2.0"}], "endpoints_links": [], "type": "identity", "name": "keystone"}, {"endpoints": [{"adminURL": "http://10.4.1.3:9696/", "region": "RegionOne", "internalURL": "http://10.4.1.3:9696/", "id": "2dae2b345c684da98ce0602c620e2929", "publicURL": "http://10.4.1.3:9696/"}], "endpoints_links": [], "type": "network", "name": "neutron"}], "user": {"username": "tempest-TestNetworkAdvancedServerOps-1042222011", "roles_links": [], "id": "b18e86f9dd364225a3a3152bdd90e901", "roles": [{"name": "_member_"}, {"name": "Member"}], "name": "tempest-TestNetworkAdvancedServerOps-1042222011"}, "metadata": {"is_admin": 0, "roles": ["9fe2ff9ee4384b1894a90878d3e92bab", "4ad2bef12a8a4488aeb4b69b7bfb1991"]}}}
2016-02-19 16:03:37,459 28399 DEBUG    [tempest.common.fixed_network] (TestNetworkAdvancedServerOps:test_server_connectivity_pause_unpause) No valid network provided or created, defaulting to fixed_network_name
2016-02-19 16:03:37,933 28399 INFO     [tempest_lib.common.rest_client] Request (TestNetworkAdvancedServerOps:test_server_connectivity_pause_unpause): 200 GET http://10.4.1.3:8774/v2.1/bae7253a839d492faf5d37e426ed05eb/os-networks 0.472s
2016-02-19 16:03:37,933 28399 DEBUG    [tempest_lib.common.rest_client] Request - Headers: {'Content-Type': 'application/json', 'Accept': 'application/json', 'X-Auth-Token': '&lt;omitted&gt;'}
        Body: None
    Response - Headers: {'status': '200', 'content-length': '479', 'content-location': 'http://10.4.1.3:8774/v2.1/bae7253a839d492faf5d37e426ed05eb/os-networks', 'x-compute-request-id': 'req-02bff9e7-d122-49e3-b324-73a1363bcc57', 'vary': 'X-OpenStack-Nova-API-Version', 'connection': 'close', 'x-openstack-nova-api-version': '2.1', 'date': 'Fri, 19 Feb 2016 16:03:37 GMT', 'content-type': 'application/json'}
        Body: {"networks": [{"cidr_v6": null, "dns2": null, "dns1": null, "gateway": null, "broadcast": null, "netmask": null, "gateway_v6": null, "cidr": null, "label": "tempest-network-smoke--1533276761", "id": "bfc1d18f-af10-41ba-841d-2a7b3fa4a39b", "netmask_v6": null}, {"cidr_v6": null, "dns2": null, "dns1": null, "gateway": null, "broadcast": null, "netmask": null, "gateway_v6": null, "cidr": null, "label": "public", "id": "d4472f0c-f38a-4c16-8262-95aee2106b16", "netmask_v6": null}]}
2016-02-19 16:03:37,933 28399 WARNING  [tempest.common.fixed_network] (TestNetworkAdvancedServerOps:test_server_connectivity_pause_unpause) Network with name: private not found
2016-02-19 16:03:37,934 28399 INFO     [tempest.common.fixed_network] (TestNetworkAdvancedServerOps:test_server_connectivity_pause_unpause) Found network {} available for tenant
2016-02-19 16:03:41,400 28399 INFO     [tempest_lib.common.rest_client] Request (TestNetworkAdvancedServerOps:test_server_connectivity_pause_unpause): 202 POST http://10.4.1.3:8774/v2.1/bae7253a839d492faf5d37e426ed05eb/servers 3.465s
2016-02-19 16:03:41,401 28399 DEBUG    [tempest_lib.common.rest_client] Request - Headers: {'Content-Type': 'application/json', 'Accept': 'application/json', 'X-Auth-Token': '&lt;omitted&gt;'}
        Body: {"server": {"name": "tempest-server-smoke-594225768", "imageRef": "9fa3cf6e-ff27-48f0-9821-f674e51f3065", "key_name": "tempest-TestNetworkAdvancedServerOps-1318109406", "flavorRef": "42", "networks": [{"uuid": "bfc1d18f-af10-41ba-841d-2a7b3fa4a39b"}], "security_groups": [{"name": "tempest-secgroup-smoke-2125474972"}]}}
    Response - Headers: {'status': '202', 'content-length': '460', 'x-compute-request-id': 'req-47279722-4a3e-4a3d-b239-6a6ad5f5964d', 'vary': 'X-OpenStack-Nova-API-Version', 'connection': 'close', 'location': 'http://10.4.1.3:8774/v2.1/bae7253a839d492faf5d37e426ed05eb/servers/f45cf97d-b2fa-4daf-be92-6dd6de0d9c64', 'x-openstack-nova-api-version': '2.1', 'date': 'Fri, 19 Feb 2016 16:03:41 GMT', 'content-type': 'application/json'}
        Body: {"server": {"security_groups": [{"name": "tempest-secgroup-smoke-2125474972"}], "OS-DCF:diskConfig": "MANUAL", "id": "f45cf97d-b2fa-4daf-be92-6dd6de0d9c64", "links": [{"href": "http://10.4.1.3:8774/v2.1/bae7253a839d492faf5d37e426ed05eb/servers/f45cf97d-b2fa-4daf-be92-6dd6de0d9c64", "rel": "self"}, {"href": "http://10.4.1.3:8774/bae7253a839d492faf5d37e426ed05eb/servers/f45cf97d-b2fa-4daf-be92-6dd6de0d9c64", "rel": "bookmark"}], "adminPass": "f8disJh2KZZN"}}
2016-02-19 16:03:41,922 28399 INFO     [tempest_lib.common.rest_client] Request (TestNetworkAdvancedServerOps:test_server_connectivity_pause_unpause): 200 GET http://10.4.1.3:8774/v2.1/bae7253a839d492faf5d37e426ed05eb/servers/f45cf97d-b2fa-4daf-be92-6dd6de0d9c64 0.518s
2016-02-19 16:03:41,922 28399 DEBUG    [tempest_lib.common.rest_client] Request - Headers: {'Content-Type': 'application/json', 'Accept': 'application/json', 'X-Auth-Token': '&lt;omitted&gt;'}
        Body: None
    Response - Headers: {'status': '200', 'content-length': '1349', 'content-location': 'http://10.4.1.3:8774/v2.1/bae7253a839d492faf5d37e426ed05eb/servers/f45cf97d-b2fa-4daf-be92-6dd6de0d9c64', 'x-compute-request-id': 'req-bc1ce7cc-6a78-4ae0-a651-f34458fda080', 'vary': 'X-OpenStack-Nova-API-Version', 'connection': 'close', 'x-openstack-nova-api-version': '2.1', 'date': 'Fri, 19 Feb 2016 16:03:41 GMT', 'content-type': 'application/json'}
        Body: {"server": {"status": "BUILD", "updated": "2016-02-19T16:03:41Z", "hostId": "", "addresses": {}, "links": [{"href": "http://10.4.1.3:8774/v2.1/bae7253a839d492faf5d37e426ed05eb/servers/f45cf97d-b2fa-4daf-be92-6dd6de0d9c64", "rel": "self"}, {"href": "http://10.4.1.3:8774/bae7253a839d492faf5d37e426ed05eb/servers/f45cf97d-b2fa-4daf-be92-6dd6de0d9c64", "rel": "bookmark"}], "key_name": "tempest-TestNetworkAdvancedServerOps-1318109406", "image": {"id": "9fa3cf6e-ff27-48f0-9821-f674e51f3065", "links": [{"href": "http://10.4.1.3:8774/bae7253a839d492faf5d37e426ed05eb/images/9fa3cf6e-ff27-48f0-9821-f674e51f3065", "rel": "bookmark"}]}, "OS-EXT-STS:task_state": "scheduling", "OS-EXT-STS:vm_state": "building", "OS-SRV-USG:launched_at": null, "flavor": {"id": "42", "links": [{"href": "http://10.4.1.3:8774/bae7253a839d492faf5d37e426ed05eb/flavors/42", "rel": "bookmark"}]}, "id": "f45cf97d-b2fa-4daf-be92-6dd6de0d9c64", "OS-SRV-USG:terminated_at": null, "OS-EXT-AZ:availability_zone": "", "user_id": "b18e86f9dd364225a3a3152bdd90e901", "name": "tempest-server-smoke-594225768", "created": "2016-02-19T16:03:41Z", "tenant_id": "bae7253a839d492faf5d37e426ed05eb", "OS-DCF:diskConfig": "MANUAL", "os-extended-volumes:volumes_attached": [], "accessIPv4": "", "accessIPv6": "", "progress": 0, "OS-EXT-STS:power_state": 0, "config_drive": "", "metadata": {}}}
2016-02-19 16:03:43,501 28399 INFO     [tempest_lib.common.rest_client] Request (TestNetworkAdvancedServerOps:test_server_connectivity_pause_unpause): 200 GET http://10.4.1.3:8774/v2.1/bae7253a839d492faf5d37e426ed05eb/servers/f45cf97d-b2fa-4daf-be92-6dd6de0d9c64 0.569s
2016-02-19 16:03:43,502 28399 DEBUG    [tempest_lib.common.rest_client] Request - Headers: {'Content-Type': 'application/json', 'Accept': 'application/json', 'X-Auth-Token': '&lt;omitted&gt;'}
        Body: None
    Response - Headers: {'status': '200', 'content-length': '1407', 'content-location': 'http://10.4.1.3:8774/v2.1/bae7253a839d492faf5d37e426ed05eb/servers/f45cf97d-b2fa-4daf-be92-6dd6de0d9c64', 'x-compute-request-id': 'req-f24bd73d-24bd-43b2-8c15-507f66e7ae56', 'vary': 'X-OpenStack-Nova-API-Version', 'connection': 'close', 'x-openstack-nova-api-version': '2.1', 'date': 'Fri, 19 Feb 2016 16:03:43 GMT', 'content-type': 'application/json'}
        Body: {"server": {"status": "BUILD", "updated": "2016-02-19T16:03:42Z", "hostId": "4a4fb3cc3bd588789f70fa4abccb64b1458a5f62c9a05bd8f2d6f4cb", "addresses": {}, "links": [{"href": "http://10.4.1.3:8774/v2.1/bae7253a839d492faf5d37e426ed05eb/servers/f45cf97d-b2fa-4daf-be92-6dd6de0d9c64", "rel": "self"}, {"href": "http://10.4.1.3:8774/bae7253a839d492faf5d37e426ed05eb/servers/f45cf97d-b2fa-4daf-be92-6dd6de0d9c64", "rel": "bookmark"}], "key_name": "tempest-TestNetworkAdvancedServerOps-1318109406", "image": {"id": "9fa3cf6e-ff27-48f0-9821-f674e51f3065", "links": [{"href": "http://10.4.1.3:8774/bae7253a839d492faf5d37e426ed05eb/images/9fa3cf6e-ff27-48f0-9821-f674e51f3065", "rel": "bookmark"}]}, "OS-EXT-STS:task_state": "spawning", "OS-EXT-STS:vm_state": "building", "OS-SRV-USG:launched_at": null, "flavor": {"id": "42", "links": [{"href": "http://10.4.1.3:8774/bae7253a839d492faf5d37e426ed05eb/flavors/42", "rel": "bookmark"}]}, "id": "f45cf97d-b2fa-4daf-be92-6dd6de0d9c64", "OS-SRV-USG:terminated_at": null, "OS-EXT-AZ:availability_zone": "nova", "user_id": "b18e86f9dd364225a3a3152bdd90e901", "name": "tempest-server-smoke-594225768", "created": "2016-02-19T16:03:41Z", "tenant_id": "bae7253a839d492faf5d37e426ed05eb", "OS-DCF:diskConfig": "MANUAL", "os-extended-volumes:volumes_attached": [], "accessIPv4": "", "accessIPv6": "", "progress": 0, "OS-EXT-STS:power_state": 0, "config_drive": "", "metadata": {}}}
2016-02-19 16:03:43,516 28399 INFO     [tempest.common.waiters] State transition "BUILD/scheduling" ==&gt; "BUILD/spawning" after 2 second wait
2016-02-19 16:03:45,314 28399 INFO     [tempest_lib.common.rest_client] Request (TestNetworkAdvancedServerOps:test_server_connectivity_pause_unpause): 200 GET http://10.4.1.3:8774/v2.1/bae7253a839d492faf5d37e426ed05eb/servers/f45cf97d-b2fa-4daf-be92-6dd6de0d9c64 0.796s
2016-02-19 16:03:45,315 28399 DEBUG    [tempest_lib.common.rest_client] Request - Headers: {'Content-Type': 'application/json', 'Accept': 'application/json', 'X-Auth-Token': '&lt;omitted&gt;'}
        Body: None
    Response - Headers: {'status': '200', 'content-length': '1475', 'content-location': 'http://10.4.1.3:8774/v2.1/bae7253a839d492faf5d37e426ed05eb/servers/f45cf97d-b2fa-4daf-be92-6dd6de0d9c64', 'x-compute-request-id': 'req-703182a2-e8de-4438-a46d-822913c9682e', 'vary': 'X-OpenStack-Nova-API-Version', 'connection': 'close', 'x-openstack-nova-api-version': '2.1', 'date': 'Fri, 19 Feb 2016 16:03:45 GMT', 'content-type': 'application/json'}
        Body: {"server": {"status": "BUILD", "updated": "2016-02-19T16:03:42Z", "hostId": "4a4fb3cc3bd588789f70fa4abccb64b1458a5f62c9a05bd8f2d6f4cb", "addresses": {}, "links": [{"href": "http://10.4.1.3:8774/v2.1/bae7253a839d492faf5d37e426ed05eb/servers/f45cf97d-b2fa-4daf-be92-6dd6de0d9c64", "rel": "self"}, {"href": "http://10.4.1.3:8774/bae7253a839d492faf5d37e426ed05eb/servers/f45cf97d-b2fa-4daf-be92-6dd6de0d9c64", "rel": "bookmark"}], "key_name": "tempest-TestNetworkAdvancedServerOps-1318109406", "image": {"id": "9fa3cf6e-ff27-48f0-9821-f674e51f3065", "links": [{"href": "http://10.4.1.3:8774/bae7253a839d492faf5d37e426ed05eb/images/9fa3cf6e-ff27-48f0-9821-f674e51f3065", "rel": "bookmark"}]}, "OS-EXT-STS:task_state": "spawning", "OS-EXT-STS:vm_state": "building", "OS-SRV-USG:launched_at": null, "flavor": {"id": "42", "links": [{"href": "http://10.4.1.3:8774/bae7253a839d492faf5d37e426ed05eb/flavors/42", "rel": "bookmark"}]}, "id": "f45cf97d-b2fa-4daf-be92-6dd6de0d9c64", "security_groups": [{"name": "tempest-secgroup-smoke-2125474972"}], "OS-SRV-USG:terminated_at": null, "OS-EXT-AZ:availability_zone": "nova", "user_id": "b18e86f9dd364225a3a3152bdd90e901", "name": "tempest-server-smoke-594225768", "created": "2016-02-19T16:03:41Z", "tenant_id": "bae7253a839d492faf5d37e426ed05eb", "OS-DCF:diskConfig": "MANUAL", "os-extended-volumes:volumes_attached": [], "accessIPv4": "", "accessIPv6": "", "progress": 0, "OS-EXT-STS:power_state": 0, "config_drive": "", "metadata": {}}}
2016-02-19 16:03:47,033 28399 INFO     [tempest_lib.common.rest_client] Request (TestNetworkAdvancedServerOps:test_server_connectivity_pause_unpause): 200 GET http://10.4.1.3:8774/v2.1/bae7253a839d492faf5d37e426ed05eb/servers/f45cf97d-b2fa-4daf-be92-6dd6de0d9c64 0.707s
2016-02-19 16:03:47,034 28399 DEBUG    [tempest_lib.common.rest_client] Request - Headers: {'Content-Type': 'application/json', 'Accept': 'application/json', 'X-Auth-Token': '&lt;omitted&gt;'}
        Body: None
    Response - Headers: {'status': '200', 'content-length': '1475', 'content-location': 'http://10.4.1.3:8774/v2.1/bae7253a839d492faf5d37e426ed05eb/servers/f45cf97d-b2fa-4daf-be92-6dd6de0d9c64', 'x-compute-request-id': 'req-bfc6445b-23a9-4976-a00f-fc07939c39a9', 'vary': 'X-OpenStack-Nova-API-Version', 'connection': 'close', 'x-openstack-nova-api-version': '2.1', 'date': 'Fri, 19 Feb 2016 16:03:47 GMT', 'content-type': 'application/json'}
        Body: {"server": {"status": "BUILD", "updated": "2016-02-19T16:03:42Z", "hostId": "4a4fb3cc3bd588789f70fa4abccb64b1458a5f62c9a05bd8f2d6f4cb", "addresses": {}, "links": [{"href": "http://10.4.1.3:8774/v2.1/bae7253a839d492faf5d37e426ed05eb/servers/f45cf97d-b2fa-4daf-be92-6dd6de0d9c64", "rel": "self"}, {"href": "http://10.4.1.3:8774/bae7253a839d492faf5d37e426ed05eb/servers/f45cf97d-b2fa-4daf-be92-6dd6de0d9c64", "rel": "bookmark"}], "key_name": "tempest-TestNetworkAdvancedServerOps-1318109406", "image": {"id": "9fa3cf6e-ff27-48f0-9821-f674e51f3065", "links": [{"href": "http://10.4.1.3:8774/bae7253a839d492faf5d37e426ed05eb/images/9fa3cf6e-ff27-48f0-9821-f674e51f3065", "rel": "bookmark"}]}, "OS-EXT-STS:task_state": "spawning", "OS-EXT-STS:vm_state": "building", "OS-SRV-USG:launched_at": null, "flavor": {"id": "42", "links": [{"href": "http://10.4.1.3:8774/bae7253a839d492faf5d37e426ed05eb/flavors/42", "rel": "bookmark"}]}, "id": "f45cf97d-b2fa-4daf-be92-6dd6de0d9c64", "security_groups": [{"name": "tempest-secgroup-smoke-2125474972"}], "OS-SRV-USG:terminated_at": null, "OS-EXT-AZ:availability_zone": "nova", "user_id": "b18e86f9dd364225a3a3152bdd90e901", "name": "tempest-server-smoke-594225768", "created": "2016-02-19T16:03:41Z", "tenant_id": "bae7253a839d492faf5d37e426ed05eb", "OS-DCF:diskConfig": "MANUAL", "os-extended-volumes:volumes_attached": [], "accessIPv4": "", "accessIPv6": "", "progress": 0, "OS-EXT-STS:power_state": 0, "config_drive": "", "metadata": {}}}
2016-02-19 16:03:48,738 28399 INFO     [tempest_lib.common.rest_client] Request (TestNetworkAdvancedServerOps:test_server_connectivity_pause_unpause): 200 GET http://10.4.1.3:8774/v2.1/bae7253a839d492faf5d37e426ed05eb/servers/f45cf97d-b2fa-4daf-be92-6dd6de0d9c64 0.693s
2016-02-19 16:03:48,739 28399 DEBUG    [tempest_lib.common.rest_client] Request - Headers: {'Content-Type': 'application/json', 'Accept': 'application/json', 'X-Auth-Token': '&lt;omitted&gt;'}
        Body: None
    Response - Headers: {'status': '200', 'content-length': '1647', 'content-location': 'http://10.4.1.3:8774/v2.1/bae7253a839d492faf5d37e426ed05eb/servers/f45cf97d-b2fa-4daf-be92-6dd6de0d9c64', 'x-compute-request-id': 'req-94a0129c-9835-47f5-bd71-1e791aa97483', 'vary': 'X-OpenStack-Nova-API-Version', 'connection': 'close', 'x-openstack-nova-api-version': '2.1', 'date': 'Fri, 19 Feb 2016 16:03:48 GMT', 'content-type': 'application/json'}
        Body: {"server": {"status": "ACTIVE", "updated": "2016-02-19T16:03:47Z", "hostId": "4a4fb3cc3bd588789f70fa4abccb64b1458a5f62c9a05bd8f2d6f4cb", "addresses": {"tempest-network-smoke--1533276761": [{"OS-EXT-IPS-MAC:mac_addr": "fa:16:3e:c0:3e:36", "version": 4, "addr": "10.100.0.3", "OS-EXT-IPS:type": "fixed"}]}, "links": [{"href": "http://10.4.1.3:8774/v2.1/bae7253a839d492faf5d37e426ed05eb/servers/f45cf97d-b2fa-4daf-be92-6dd6de0d9c64", "rel": "self"}, {"href": "http://10.4.1.3:8774/bae7253a839d492faf5d37e426ed05eb/servers/f45cf97d-b2fa-4daf-be92-6dd6de0d9c64", "rel": "bookmark"}], "key_name": "tempest-TestNetworkAdvancedServerOps-1318109406", "image": {"id": "9fa3cf6e-ff27-48f0-9821-f674e51f3065", "links": [{"href": "http://10.4.1.3:8774/bae7253a839d492faf5d37e426ed05eb/images/9fa3cf6e-ff27-48f0-9821-f674e51f3065", "rel": "bookmark"}]}, "OS-EXT-STS:task_state": null, "OS-EXT-STS:vm_state": "active", "OS-SRV-USG:launched_at": "2016-02-19T16:03:47.000000", "flavor": {"id": "42", "links": [{"href": "http://10.4.1.3:8774/bae7253a839d492faf5d37e426ed05eb/flavors/42", "rel": "bookmark"}]}, "id": "f45cf97d-b2fa-4daf-be92-6dd6de0d9c64", "security_groups": [{"name": "tempest-secgroup-smoke-2125474972"}], "OS-SRV-USG:terminated_at": null, "OS-EXT-AZ:availability_zone": "nova", "user_id": "b18e86f9dd364225a3a3152bdd90e901", "name": "tempest-server-smoke-594225768", "created": "2016-02-19T16:03:41Z", "tenant_id": "bae7253a839d492faf5d37e426ed05eb", "OS-DCF:diskConfig": "MANUAL", "os-extended-volumes:volumes_attached": [], "accessIPv4": "", "accessIPv6": "", "progress": 0, "OS-EXT-STS:power_state": 1, "config_drive": "True", "metadata": {}}}
2016-02-19 16:03:48,748 28399 INFO     [tempest.common.waiters] State transition "BUILD/spawning" ==&gt; "ACTIVE/None" after 7 second wait
2016-02-19 16:03:49,456 28399 INFO     [tempest_lib.common.rest_client] Request (TestNetworkAdvancedServerOps:test_server_connectivity_pause_unpause): 200 GET http://10.4.1.3:8774/v2.1/bae7253a839d492faf5d37e426ed05eb/servers/f45cf97d-b2fa-4daf-be92-6dd6de0d9c64 0.708s
2016-02-19 16:03:49,457 28399 DEBUG    [tempest_lib.common.rest_client] Request - Headers: {'Content-Type': 'application/json', 'Accept': 'application/json', 'X-Auth-Token': '&lt;omitted&gt;'}
        Body: None
    Response - Headers: {'status': '200', 'content-length': '1647', 'content-location': 'http://10.4.1.3:8774/v2.1/bae7253a839d492faf5d37e426ed05eb/servers/f45cf97d-b2fa-4daf-be92-6dd6de0d9c64', 'x-compute-request-id': 'req-5acd6563-81a6-4a30-88c5-919b6ed5c5b3', 'vary': 'X-OpenStack-Nova-API-Version', 'connection': 'close', 'x-openstack-nova-api-version': '2.1', 'date': 'Fri, 19 Feb 2016 16:03:49 GMT', 'content-type': 'application/json'}
        Body: {"server": {"status": "ACTIVE", "updated": "2016-02-19T16:03:47Z", "hostId": "4a4fb3cc3bd588789f70fa4abccb64b1458a5f62c9a05bd8f2d6f4cb", "addresses": {"tempest-network-smoke--1533276761": [{"OS-EXT-IPS-MAC:mac_addr": "fa:16:3e:c0:3e:36", "version": 4, "addr": "10.100.0.3", "OS-EXT-IPS:type": "fixed"}]}, "links": [{"href": "http://10.4.1.3:8774/v2.1/bae7253a839d492faf5d37e426ed05eb/servers/f45cf97d-b2fa-4daf-be92-6dd6de0d9c64", "rel": "self"}, {"href": "http://10.4.1.3:8774/bae7253a839d492faf5d37e426ed05eb/servers/f45cf97d-b2fa-4daf-be92-6dd6de0d9c64", "rel": "bookmark"}], "key_name": "tempest-TestNetworkAdvancedServerOps-1318109406", "image": {"id": "9fa3cf6e-ff27-48f0-9821-f674e51f3065", "links": [{"href": "http://10.4.1.3:8774/bae7253a839d492faf5d37e426ed05eb/images/9fa3cf6e-ff27-48f0-9821-f674e51f3065", "rel": "bookmark"}]}, "OS-EXT-STS:task_state": null, "OS-EXT-STS:vm_state": "active", "OS-SRV-USG:launched_at": "2016-02-19T16:03:47.000000", "flavor": {"id": "42", "links": [{"href": "http://10.4.1.3:8774/bae7253a839d492faf5d37e426ed05eb/flavors/42", "rel": "bookmark"}]}, "id": "f45cf97d-b2fa-4daf-be92-6dd6de0d9c64", "security_groups": [{"name": "tempest-secgroup-smoke-2125474972"}], "OS-SRV-USG:terminated_at": null, "OS-EXT-AZ:availability_zone": "nova", "user_id": "b18e86f9dd364225a3a3152bdd90e901", "name": "tempest-server-smoke-594225768", "created": "2016-02-19T16:03:41Z", "tenant_id": "bae7253a839d492faf5d37e426ed05eb", "OS-DCF:diskConfig": "MANUAL", "os-extended-volumes:volumes_attached": [], "accessIPv4": "", "accessIPv6": "", "progress": 0, "OS-EXT-STS:power_state": 1, "config_drive": "True", "metadata": {}}}
2016-02-19 16:03:49,666 28399 INFO     [tempest_lib.common.rest_client] Request (TestNetworkAdvancedServerOps:test_server_connectivity_pause_unpause): 200 GET http://10.4.1.3:9696/v2.0/ports?fixed_ip=None&amp;device_id=f45cf97d-b2fa-4daf-be92-6dd6de0d9c64 0.201s
2016-02-19 16:03:49,667 28399 DEBUG    [tempest_lib.common.rest_client] Request - Headers: {'Content-Type': 'application/json', 'Accept': 'application/json', 'X-Auth-Token': '&lt;omitted&gt;'}
        Body: None
    Response - Headers: {'status': '200', 'content-length': '755', 'content-location': 'http://10.4.1.3:9696/v2.0/ports?fixed_ip=None&amp;device_id=f45cf97d-b2fa-4daf-be92-6dd6de0d9c64', 'connection': 'close', 'date': 'Fri, 19 Feb 2016 16:03:49 GMT', 'content-type': 'application/json; charset=UTF-8', 'x-openstack-request-id': 'req-ca6da077-7951-41e9-90ac-7494fda7b61d'}
        Body: {"ports": [{"status": "ACTIVE", "binding:host_id": "vagrant-ubuntu-trusty-64", "name": "", "allowed_address_pairs": [], "admin_state_up": true, "network_id": "bfc1d18f-af10-41ba-841d-2a7b3fa4a39b", "tenant_id": "bae7253a839d492faf5d37e426ed05eb", "extra_dhcp_opts": [], "mac_address": "fa:16:3e:c0:3e:36", "binding:vif_details": {"port_filter": true}, "binding:vif_type": "ovs", "device_owner": "compute:None", "binding:profile": {}, "port_security_enabled": true, "binding:vnic_type": "normal", "fixed_ips": [{"subnet_id": "00154b9b-29a4-4bb0-a730-9aa9c69027b1", "ip_address": "10.100.0.3"}], "id": "9ef28b63-3aee-4a5b-a41b-fa260bdc33cc", "security_groups": ["cc9d56df-babc-4e61-84ec-c5794737b735"], "device_id": "f45cf97d-b2fa-4daf-be92-6dd6de0d9c64"}]}
2016-02-19 16:03:50,457 28399 INFO     [tempest_lib.common.rest_client] Request (TestNetworkAdvancedServerOps:test_server_connectivity_pause_unpause): 201 POST http://10.4.1.3:9696/v2.0/floatingips 0.789s
2016-02-19 16:03:50,457 28399 DEBUG    [tempest_lib.common.rest_client] Request - Headers: {'Content-Type': 'application/json', 'Accept': 'application/json', 'X-Auth-Token': '&lt;omitted&gt;'}
        Body: {"floatingip": {"floating_network_id": "d4472f0c-f38a-4c16-8262-95aee2106b16", "tenant_id": "bae7253a839d492faf5d37e426ed05eb", "fixed_ip_address": "10.100.0.3", "port_id": "9ef28b63-3aee-4a5b-a41b-fa260bdc33cc"}}
    Response - Headers: {'status': '201', 'content-length': '369', 'connection': 'close', 'date': 'Fri, 19 Feb 2016 16:03:50 GMT', 'content-type': 'application/json; charset=UTF-8', 'x-openstack-request-id': 'req-87cbf64c-b80a-4dbe-abc8-894b3483602f'}
        Body: {"floatingip": {"floating_network_id": "d4472f0c-f38a-4c16-8262-95aee2106b16", "router_id": "fb489c20-b12f-4a46-a475-9aa66dfa13e5", "fixed_ip_address": "10.100.0.3", "floating_ip_address": "172.24.4.4", "tenant_id": "bae7253a839d492faf5d37e426ed05eb", "status": "ACTIVE", "port_id": "9ef28b63-3aee-4a5b-a41b-fa260bdc33cc", "id": "36b92deb-57ac-43d9-afa5-979bcd25fab5"}}
2016-02-19 16:03:51,192 28399 INFO     [tempest_lib.common.rest_client] Request (TestNetworkAdvancedServerOps:test_server_connectivity_pause_unpause): 200 GET http://10.4.1.3:8774/v2.1/bae7253a839d492faf5d37e426ed05eb/servers/f45cf97d-b2fa-4daf-be92-6dd6de0d9c64 0.734s
2016-02-19 16:03:51,193 28399 DEBUG    [tempest_lib.common.rest_client] Request - Headers: {'Content-Type': 'application/json', 'Accept': 'application/json', 'X-Auth-Token': '&lt;omitted&gt;'}
        Body: None
    Response - Headers: {'status': '200', 'content-length': '1647', 'content-location': 'http://10.4.1.3:8774/v2.1/bae7253a839d492faf5d37e426ed05eb/servers/f45cf97d-b2fa-4daf-be92-6dd6de0d9c64', 'x-compute-request-id': 'req-acedd219-d462-4b18-b1fd-ab274c437c14', 'vary': 'X-OpenStack-Nova-API-Version', 'connection': 'close', 'x-openstack-nova-api-version': '2.1', 'date': 'Fri, 19 Feb 2016 16:03:51 GMT', 'content-type': 'application/json'}
        Body: {"server": {"status": "ACTIVE", "updated": "2016-02-19T16:03:47Z", "hostId": "4a4fb3cc3bd588789f70fa4abccb64b1458a5f62c9a05bd8f2d6f4cb", "addresses": {"tempest-network-smoke--1533276761": [{"OS-EXT-IPS-MAC:mac_addr": "fa:16:3e:c0:3e:36", "version": 4, "addr": "10.100.0.3", "OS-EXT-IPS:type": "fixed"}]}, "links": [{"href": "http://10.4.1.3:8774/v2.1/bae7253a839d492faf5d37e426ed05eb/servers/f45cf97d-b2fa-4daf-be92-6dd6de0d9c64", "rel": "self"}, {"href": "http://10.4.1.3:8774/bae7253a839d492faf5d37e426ed05eb/servers/f45cf97d-b2fa-4daf-be92-6dd6de0d9c64", "rel": "bookmark"}], "key_name": "tempest-TestNetworkAdvancedServerOps-1318109406", "image": {"id": "9fa3cf6e-ff27-48f0-9821-f674e51f3065", "links": [{"href": "http://10.4.1.3:8774/bae7253a839d492faf5d37e426ed05eb/images/9fa3cf6e-ff27-48f0-9821-f674e51f3065", "rel": "bookmark"}]}, "OS-EXT-STS:task_state": null, "OS-EXT-STS:vm_state": "active", "OS-SRV-USG:launched_at": "2016-02-19T16:03:47.000000", "flavor": {"id": "42", "links": [{"href": "http://10.4.1.3:8774/bae7253a839d492faf5d37e426ed05eb/flavors/42", "rel": "bookmark"}]}, "id": "f45cf97d-b2fa-4daf-be92-6dd6de0d9c64", "security_groups": [{"name": "tempest-secgroup-smoke-2125474972"}], "OS-SRV-USG:terminated_at": null, "OS-EXT-AZ:availability_zone": "nova", "user_id": "b18e86f9dd364225a3a3152bdd90e901", "name": "tempest-server-smoke-594225768", "created": "2016-02-19T16:03:41Z", "tenant_id": "bae7253a839d492faf5d37e426ed05eb", "OS-DCF:diskConfig": "MANUAL", "os-extended-volumes:volumes_attached": [], "accessIPv4": "", "accessIPv6": "", "progress": 0, "OS-EXT-STS:power_state": 1, "config_drive": "True", "metadata": {}}}
2016-02-19 16:03:51,204 28399 INFO     [tempest.scenario.manager] Tenant networks not configured to be reachable.
2016-02-19 16:03:51,408 28399 INFO     [tempest_lib.common.rest_client] Request (TestNetworkAdvancedServerOps:test_server_connectivity_pause_unpause): 200 GET http://10.4.1.3:9696/v2.0/floatingips/36b92deb-57ac-43d9-afa5-979bcd25fab5 0.203s
2016-02-19 16:03:51,408 28399 DEBUG    [tempest_lib.common.rest_client] Request - Headers: {'Content-Type': 'application/json', 'Accept': 'application/json', 'X-Auth-Token': '&lt;omitted&gt;'}
        Body: None
    Response - Headers: {'status': '200', 'content-length': '369', 'content-location': 'http://10.4.1.3:9696/v2.0/floatingips/36b92deb-57ac-43d9-afa5-979bcd25fab5', 'connection': 'close', 'date': 'Fri, 19 Feb 2016 16:03:51 GMT', 'content-type': 'application/json; charset=UTF-8', 'x-openstack-request-id': 'req-a3f5cbd9-3636-4110-ab9f-aef91a61fc1f'}
        Body: {"floatingip": {"floating_network_id": "d4472f0c-f38a-4c16-8262-95aee2106b16", "router_id": "fb489c20-b12f-4a46-a475-9aa66dfa13e5", "fixed_ip_address": "10.100.0.3", "floating_ip_address": "172.24.4.4", "tenant_id": "bae7253a839d492faf5d37e426ed05eb", "status": "ACTIVE", "port_id": "9ef28b63-3aee-4a5b-a41b-fa260bdc33cc", "id": "36b92deb-57ac-43d9-afa5-979bcd25fab5"}}
2016-02-19 16:03:51,408 28399 INFO     [tempest.scenario.manager] FloatingIP: &lt;"FloatingIP" addr="172.24.4.4" id="36b92deb-57ac-43d9-afa5-979bcd25fab5"&gt; is at status: ACTIVE
2016-02-19 16:03:51,409 28399 DEBUG    [tempest.scenario.manager] checking network connections to IP 172.24.4.4 with user: cirros
2016-02-19 16:03:51,409 28399 DEBUG    [tempest.scenario.manager] TestNetworkAdvancedServerOps:test_server_connectivity_pause_unpause begins to ping 172.24.4.4 in 120 sec and the expected result is reachable
2016-02-19 16:05:53,009 28399 DEBUG    [tempest.scenario.manager] TestNetworkAdvancedServerOps:test_server_connectivity_pause_unpause finishes ping 172.24.4.4 in 120 sec and the ping result is unexpected
2016-02-19 16:05:53,010 28399 ERROR    [tempest.scenario.manager] Public network connectivity check failed
2016-02-19 16:05:53.010 28399 ERROR tempest.scenario.manager Traceback (most recent call last):
2016-02-19 16:05:53.010 28399 ERROR tempest.scenario.manager   File "tempest/scenario/manager.py", line 598, in check_public_network_connectivity
2016-02-19 16:05:53.010 28399 ERROR tempest.scenario.manager     should_connect=should_connect)
2016-02-19 16:05:53.010 28399 ERROR tempest.scenario.manager   File "tempest/scenario/manager.py", line 582, in check_vm_connectivity
2016-02-19 16:05:53.010 28399 ERROR tempest.scenario.manager     msg=msg)
2016-02-19 16:05:53.010 28399 ERROR tempest.scenario.manager   File "/usr/local/lib/python2.7/dist-packages/unittest2/case.py", line 702, in assertTrue
2016-02-19 16:05:53.010 28399 ERROR tempest.scenario.manager     raise self.failureException(msg)
2016-02-19 16:05:53.010 28399 ERROR tempest.scenario.manager AssertionError: False is not true : Timed out waiting for 172.24.4.4 to become reachable
2016-02-19 16:05:53.010 28399 ERROR tempest.scenario.manager 
2016-02-19 16:05:53,433 28399 INFO     [tempest_lib.common.rest_client] Request (TestNetworkAdvancedServerOps:test_server_connectivity_pause_unpause): 200 POST http://10.4.1.3:8774/v2.1/bae7253a839d492faf5d37e426ed05eb/servers/f45cf97d-b2fa-4daf-be92-6dd6de0d9c64/action 0.420s
2016-02-19 16:05:53,434 28399 DEBUG    [tempest_lib.common.rest_client] Request - Headers: {'Content-Type': 'application/json', 'Accept': 'application/json', 'X-Auth-Token': '&lt;omitted&gt;'}
        Body: {"os-getConsoleOutput": {}}
    Response - Headers: {'status': '200', 'content-length': '17427', 'x-compute-request-id': 'req-4989f03b-ee1b-48ab-9b06-062f6477da20', 'vary': 'X-OpenStack-Nova-API-Version', 'connection': 'close', 'x-openstack-nova-api-version': '2.1', 'date': 'Fri, 19 Feb 2016 16:05:53 GMT', 'content-type': 'application/json'}
        Body: {"output": "[    0.000000] Initializing cgroup subsys cpuset\n[    0.000000] Initializing cgroup subsys cpu\n[    0.000000] Linux version 3.2.0-80-virtual (buildd@batsu) (gcc version 4.6.3 (Ubuntu/Linaro 4.6.3-1ubuntu5) ) #116-Ubuntu SMP Mon Mar 23 17:28:52 UTC 2015 (Ubuntu 3.2.0-80.116-virtual 3.2.68)\n[    0.000000] Command line: root=/dev/vda console=tty0 console=ttyS0 no_timer_check\n[    0.000000] KERNEL supported cpus:\n[    0.000000]   Intel GenuineIntel\n[    0.000000]   AMD AuthenticAMD\n[    0.000000]   Centaur CentaurHauls\n[    0.000000] BIOS-provided physical RAM map:\n[    0.000000]  BIOS-e820: 0000000000000000 - 000000000009fc00 (usable)\n[    0.000000]  BIOS-e820: 000000000009fc00 - 00000000000a0000 (reserved)\n[    0.000000]  BIOS-e820: 00000000000f0000 - 0000000000100000 (reserved)\n[    0.000000]  BIOS-e820: 0000000000100000 - 0000000003ffe000 (usable)\n[    0.000000]  BIOS-e820: 0000000003ffe000 - 0000000004000000 (reserved)\n[    0.000000]  BIOS-e820: 00000000fffc0000 - 0000000100000000 (reserved)\n[    0.000000] NX (Execute Disable) protection: active\n[    0.000000] SMBIOS 2.4 present.\n[    0.000000] No AGP bridge found\n[    0.000000] last_pfn = 0x3ffe max_arch_pfn = 0x400000000\n[    0.000000] x86 PAT enabled: cpu 0, old 0x7040600070406, new 0x7010600070106\n[    0.000000] found SMP MP-table at [ffff8800000f0b00] f0b00\n[    0.000000] init_memory_mapping: 0000000000000000-0000000003ffe000\n[    0.000000] RAMDISK: 03c5e000 - 03ff0000\n[    0.000000] ACPI: RSDP 00000000000f0950 00014 (v00 BOCHS )\n[    0.000000] ACPI: RSDT 0000000003fffbc1 00034 (v01 BOCHS  BXPCRSDT 00000001 BXPC 00000001)\n[    0.000000] ACPI: FACP 0000000003fff1c0 00074 (v01 BOCHS  BXPCFACP 00000001 BXPC 00000001)\n[    0.000000] ACPI: DSDT 0000000003ffe040 01180 (v01 BOCHS  BXPCDSDT 00000001 BXPC 00000001)\n[    0.000000] ACPI: FACS 0000000003ffe000 00040\n[    0.000000] ACPI: SSDT 0000000003fff234 008DD (v01 BOCHS  BXPCSSDT 00000001 BXPC 00000001)\n[    0.000000] ACPI: APIC 0000000003fffb11 00078 (v01 BOCHS  BXPCAPIC 00000001 BXPC 00000001)\n[    0.000000] ACPI: HPET 0000000003fffb89 00038 (v01 BOCHS  BXPCHPET 00000001 BXPC 00000001)\n[    0.000000] No NUMA configuration found\n[    0.000000] Faking a node at 0000000000000000-0000000003ffe000\n[    0.000000] Initmem setup node 0 0000000000000000-0000000003ffe000\n[    0.000000]   NODE_DATA [0000000003ff6000 - 0000000003ffafff]\n[    0.000000] Zone PFN ranges:\n[    0.000000]   DMA      0x00000010 -&gt; 0x00001000\n[    0.000000]   DMA32    0x00001000 -&gt; 0x00100000\n[    0.000000]   Normal   empty\n[    0.000000] Movable zone start PFN for each node\n[    0.000000] early_node_map[2] active PFN ranges\n[    0.000000]     0: 0x00000010 -&gt; 0x0000009f\n[    0.000000]     0: 0x00000100 -&gt; 0x00003ffe\n[    0.000000] ACPI: PM-Timer IO Port: 0xb008\n[    0.000000] ACPI: LAPIC (acpi_id[0x00] lapic_id[0x00] enabled)\n[    0.000000] ACPI: LAPIC_NMI (acpi_id[0xff] dfl dfl lint[0x1])\n[    0.000000] ACPI: IOAPIC (id[0x00] address[0xfec00000] gsi_base[0])\n[    0.000000] IOAPIC[0]: apic_id 0, version 17, address 0xfec00000, GSI 0-23\n[    0.000000] ACPI: INT_SRC_OVR (bus 0 bus_irq 0 global_irq 2 dfl dfl)\n[    0.000000] ACPI: INT_SRC_OVR (bus 0 bus_irq 5 global_irq 5 high level)\n[    0.000000] ACPI: INT_SRC_OVR (bus 0 bus_irq 9 global_irq 9 high level)\n[    0.000000] ACPI: INT_SRC_OVR (bus 0 bus_irq 10 global_irq 10 high level)\n[    0.000000] ACPI: INT_SRC_OVR (bus 0 bus_irq 11 global_irq 11 high level)\n[    0.000000] Using ACPI (MADT) for SMP configuration information\n[    0.000000] ACPI: HPET id: 0x8086a201 base: 0xfed00000\n[    0.000000] SMP: Allowing 1 CPUs, 0 hotplug CPUs\n[    0.000000] PM: Registered nosave memory: 000000000009f000 - 00000000000a0000\n[    0.000000] PM: Registered nosave memory: 00000000000a0000 - 00000000000f0000\n[    0.000000] PM: Registered nosave memory: 00000000000f0000 - 0000000000100000\n[    0.000000] Allocating PCI resources starting at 4000000 (gap: 4000000:fbfc0000)\n[    0.000000] Booting paravirtualized kernel on bare hardware\n[    0.000000] setup_pe
2016-02-19 16:05:53,438 28399 DEBUG    [tempest.scenario.manager] Console output for f45cf97d-b2fa-4daf-be92-6dd6de0d9c64
body=
[    0.000000] Initializing cgroup subsys cpuset
[    0.000000] Initializing cgroup subsys cpu
[    0.000000] Linux version 3.2.0-80-virtual (buildd@batsu) (gcc version 4.6.3 (Ubuntu/Linaro 4.6.3-1ubuntu5) ) #116-Ubuntu SMP Mon Mar 23 17:28:52 UTC 2015 (Ubuntu 3.2.0-80.116-virtual 3.2.68)
[    0.000000] Command line: root=/dev/vda console=tty0 console=ttyS0 no_timer_check
[    0.000000] KERNEL supported cpus:
[    0.000000]   Intel GenuineIntel
[    0.000000]   AMD AuthenticAMD
[    0.000000]   Centaur CentaurHauls
[    0.000000] BIOS-provided physical RAM map:
[    0.000000]  BIOS-e820: 0000000000000000 - 000000000009fc00 (usable)
[    0.000000]  BIOS-e820: 000000000009fc00 - 00000000000a0000 (reserved)
[    0.000000]  BIOS-e820: 00000000000f0000 - 0000000000100000 (reserved)
[    0.000000]  BIOS-e820: 0000000000100000 - 0000000003ffe000 (usable)
[    0.000000]  BIOS-e820: 0000000003ffe000 - 0000000004000000 (reserved)
[    0.000000]  BIOS-e820: 00000000fffc0000 - 0000000100000000 (reserved)
[    0.000000] NX (Execute Disable) protection: active
[    0.000000] SMBIOS 2.4 present.
[    0.000000] No AGP bridge found
[    0.000000] last_pfn = 0x3ffe max_arch_pfn = 0x400000000
[    0.000000] x86 PAT enabled: cpu 0, old 0x7040600070406, new 0x7010600070106
[    0.000000] found SMP MP-table at [ffff8800000f0b00] f0b00
[    0.000000] init_memory_mapping: 0000000000000000-0000000003ffe000
[    0.000000] RAMDISK: 03c5e000 - 03ff0000
[    0.000000] ACPI: RSDP 00000000000f0950 00014 (v00 BOCHS )
[    0.000000] ACPI: RSDT 0000000003fffbc1 00034 (v01 BOCHS  BXPCRSDT 00000001 BXPC 00000001)
[    0.000000] ACPI: FACP 0000000003fff1c0 00074 (v01 BOCHS  BXPCFACP 00000001 BXPC 00000001)
[    0.000000] ACPI: DSDT 0000000003ffe040 01180 (v01 BOCHS  BXPCDSDT 00000001 BXPC 00000001)
[    0.000000] ACPI: FACS 0000000003ffe000 00040
[    0.000000] ACPI: SSDT 0000000003fff234 008DD (v01 BOCHS  BXPCSSDT 00000001 BXPC 00000001)
[    0.000000] ACPI: APIC 0000000003fffb11 00078 (v01 BOCHS  BXPCAPIC 00000001 BXPC 00000001)
[    0.000000] ACPI: HPET 0000000003fffb89 00038 (v01 BOCHS  BXPCHPET 00000001 BXPC 00000001)
[    0.000000] No NUMA configuration found
[    0.000000] Faking a node at 0000000000000000-0000000003ffe000
[    0.000000] Initmem setup node 0 0000000000000000-0000000003ffe000
[    0.000000]   NODE_DATA [0000000003ff6000 - 0000000003ffafff]
[    0.000000] Zone PFN ranges:
[    0.000000]   DMA      0x00000010 -&gt; 0x00001000
[    0.000000]   DMA32    0x00001000 -&gt; 0x00100000
[    0.000000]   Normal   empty
[    0.000000] Movable zone start PFN for each node
[    0.000000] early_node_map[2] active PFN ranges
[    0.000000]     0: 0x00000010 -&gt; 0x0000009f
[    0.000000]     0: 0x00000100 -&gt; 0x00003ffe
[    0.000000] ACPI: PM-Timer IO Port: 0xb008
[    0.000000] ACPI: LAPIC (acpi_id[0x00] lapic_id[0x00] enabled)
[    0.000000] ACPI: LAPIC_NMI (acpi_id[0xff] dfl dfl lint[0x1])
[    0.000000] ACPI: IOAPIC (id[0x00] address[0xfec00000] gsi_base[0])
[    0.000000] IOAPIC[0]: apic_id 0, version 17, address 0xfec00000, GSI 0-23
[    0.000000] ACPI: INT_SRC_OVR (bus 0 bus_irq 0 global_irq 2 dfl dfl)
[    0.000000] ACPI: INT_SRC_OVR (bus 0 bus_irq 5 global_irq 5 high level)
[    0.000000] ACPI: INT_SRC_OVR (bus 0 bus_irq 9 global_irq 9 high level)
[    0.000000] ACPI: INT_SRC_OVR (bus 0 bus_irq 10 global_irq 10 high level)
[    0.000000] ACPI: INT_SRC_OVR (bus 0 bus_irq 11 global_irq 11 high level)
[    0.000000] Using ACPI (MADT) for SMP configuration information
[    0.000000] ACPI: HPET id: 0x8086a201 base: 0xfed00000
[    0.000000] SMP: Allowing 1 CPUs, 0 hotplug CPUs
[    0.000000] PM: Registered nosave memory: 000000000009f000 - 00000000000a0000
[    0.000000] PM: Registered nosave memory: 00000000000a0000 - 00000000000f0000
[    0.000000] PM: Registered nosave memory: 00000000000f0000 - 0000000000100000
[    0.000000] Allocating PCI resources starting at 4000000 (gap: 4000000:fbfc0000)
[    0.000000] Booting paravirtualized kernel on bare hardware
[    0.000000] setup_percpu: NR_CPUS:64 nr_cpumask_bits:64 nr_cpu_ids:1 nr_node_ids:1
[    0.000000] PERCPU: Embedded 27 pages/cpu @ffff880003a00000 s78848 r8192 d23552 u2097152
[    0.000000] Built 1 zonelists in Node order, mobility grouping on.  Total pages: 16008
[    0.000000] Policy zone: DMA32
[    0.000000] Kernel command line: root=/dev/vda console=tty0 console=ttyS0 no_timer_check
[    0.000000] PID hash table entries: 256 (order: -1, 2048 bytes)
[    0.000000] Checking aperture...
[    0.000000] No AGP bridge found
[    0.000000] Memory: 43492k/65528k available (6576k kernel code, 452k absent, 21584k reserved, 6620k data, 928k init)
[    0.000000] SLUB: Genslabs=15, HWalign=64, Order=0-3, MinObjects=0, CPUs=1, Nodes=1
[    0.000000] Hierarchical RCU implementation.
[    0.000000] 	RCU dyntick-idle grace-period acceleration is enabled.
[    0.000000] NR_IRQS:4352 nr_irqs:256 16
[    0.000000] Console: colour VGA+ 80x25
[    0.000000] console [tty0] enabled
[    0.000000] console [ttyS0] enabled
[    0.000000] allocated 1048576 bytes of page_cgroup
[    0.000000] please try 'cgroup_disable=memory' option if you don't want memory cgroups
[    0.000000] Fast TSC calibration failed
[    0.000000] TSC: Unable to calibrate against PIT
[    0.000000] TSC: using HPET reference calibration
[    0.000000] Detected 2295.154 MHz processor.
[    0.028835] Calibrating delay loop (skipped), value calculated using timer frequency.. 4590.30 BogoMIPS (lpj=9180616)
[    0.032766] pid_max: default: 32768 minimum: 301
[    0.040345] Security Framework initialized
[    0.044642] AppArmor: AppArmor initialized
[    0.045245] Yama: becoming mindful.
[    0.052291] Dentry cache hash table entries: 8192 (order: 4, 65536 bytes)
[    0.053744] Inode-cache hash table entries: 4096 (order: 3, 32768 bytes)
[    0.055311] Mount-cache hash table entries: 256
[    0.070045] Initializing cgroup subsys cpuacct
[    0.070856] Initializing cgroup subsys memory
[    0.072826] Initializing cgroup subsys devices
[    0.073517] Initializing cgroup subsys freezer
[    0.074153] Initializing cgroup subsys blkio
[    0.076194] Initializing cgroup subsys perf_event
[    0.080688] mce: CPU supports 10 MCE banks
[    0.084622] SMP alternatives: switching to UP code
[    0.529515] Freeing SMP alternatives: 24k freed
[    0.531452] ACPI: Core revision 20110623
[    0.582765] ftrace: allocating 26610 entries in 105 pages
[    0.618379] ..TIMER: vector=0x30 apic1=0 pin1=2 apic2=-1 pin2=-1
[    0.620151] CPU0: AMD QEMU Virtual CPU version 2.0.0 stepping 03
[    0.624038] Performance Events: Broken PMU hardware detected, using software events only.
[    0.636178] NMI watchdog disabled (cpu0): hardware events not enabled
[    0.639365] Brought up 1 CPUs
[    0.640318] Total of 1 processors activated (4590.30 BogoMIPS).
[    0.668658] devtmpfs: initialized
[    0.701310] EVM: security.selinux
[    0.701848] EVM: security.SMACK64
[    0.702442] EVM: security.capability
[    0.726132] print_constraints: dummy: 
[    0.728794] RTC time: 16:03:50, date: 02/19/16
[    0.731407] NET: Registered protocol family 16
[    0.741403] ACPI: bus type pci registered
[    0.746272] PCI: Using configuration type 1 for base access
[    0.782635] bio: create slab &lt;bio-0&gt; at 0
[    0.788048] ACPI: Added _OSI(Module Device)
[    0.788221] ACPI: Added _OSI(Processor Device)
[    0.789166] ACPI: Added _OSI(3.0 _SCP Extensions)
[    0.792135] ACPI: Added _OSI(Processor Aggregator Device)
[    0.877045] ACPI: Interpreter enabled
[    0.877855] ACPI: (supports S0 S3 S4 S5)
[    0.880281] ACPI: Using IOAPIC for interrupt routing
[    0.962182] ACPI: No dock devices found.
[    0.962850] HEST: Table not found.
[    0.964242] PCI: Using host bridge windows from ACPI; if necessary, use "pci=nocrs" and report a bug
[    0.970261] ACPI: PCI Root Bridge [PCI0] (domain 0000 [bus 00-ff])
[    0.976582] pci_root PNP0A03:00: host bridge window [io  0x0000-0x0cf7]
[    0.977593] pci_root PNP0A03:00: host bridge window [io  0x0d00-0xadff]
[    0.978562] pci_root PNP0A03:00: host bridge window [io  0xae0f-0xaeff]
[    0.980117] pci_root PNP0A03:00: host bridge window [io  0xaf20-0xafdf]
[    0.980997] pci_root PNP0A03:00: host bridge window [io  0xafe4-0xffff]
[    0.981948] pci_root PNP0A03:00: host bridge window [mem 0x000a0000-0x000bffff]
[    0.982897] pci_root PNP0A03:00: host bridge window [mem 0x04000000-0xfebfffff]
[    1.006697] pci 0000:00:01.3: quirk: [io  0xb000-0xb03f] claimed by PIIX4 ACPI
[    1.008194] pci 0000:00:01.3: quirk: [io  0xb100-0xb10f] claimed by PIIX4 SMB
[    1.077974]  pci0000:00: Unable to request _OSC control (_OSC support mask: 0x1e)
[    1.141536] ACPI: PCI Interrupt Link [LNKA] (IRQs 5 *10 11)
[    1.144806] ACPI: PCI Interrupt Link [LNKB] (IRQs 5 *10 11)
[    1.147704] ACPI: PCI Interrupt Link [LNKC] (IRQs 5 10 *11)
[    1.149320] ACPI: PCI Interrupt Link [LNKD] (IRQs 5 10 *11)
[    1.152901] ACPI: PCI Interrupt Link [LNKS] (IRQs *9)
[    1.165148] vgaarb: device added: PCI:0000:00:02.0,decodes=io+mem,owns=io+mem,locks=none
[    1.167341] vgaarb: loaded
[    1.168220] vgaarb: bridge control possible 0000:00:02.0
[    1.174900] i2c-core: driver [aat2870] using legacy suspend method
[    1.176175] i2c-core: driver [aat2870] using legacy resume method
[    1.181613] SCSI subsystem initialized
[    1.194399] usbcore: registered new interface driver usbfs
[    1.197466] usbcore: registered new interface driver hub
[    1.201246] usbcore: registered new device driver usb
[    1.208191] PCI: Using ACPI for IRQ routing
[    1.225244] NetLabel: Initializing
[    1.226118] NetLabel:  domain hash size = 128
[    1.227055] NetLabel:  protocols = UNLABELED CIPSOv4
[    1.230434] NetLabel:  unlabeled traffic allowed by default
[    1.233722] HPET: 3 timers in total, 0 timers will be used for per-cpu timer
[    1.234802] hpet0: at MMIO 0xfed00000, IRQs 2, 8, 0
[    1.236682] hpet0: 3 comparators, 64-bit 100.000000 MHz counter
[    1.245962] Switching to clocksource hpet
[    1.502001] AppArmor: AppArmor Filesystem Enabled
[    1.503902] pnp: PnP ACPI init
[    1.505590] ACPI: bus type pnp registered
[    1.527950] pnp: PnP ACPI: found 9 devices
[    1.530066] ACPI: ACPI bus type pnp unregistered
[    1.603232] NET: Registered protocol family 2
[    1.645612] IP route cache hash table entries: 512 (order: 0, 4096 bytes)
[    1.653858] TCP established hash table entries: 2048 (order: 3, 32768 bytes)
[    1.655423] TCP bind hash table entries: 2048 (order: 3, 32768 bytes)
[    1.658206] TCP: Hash tables configured (established 2048 bind 2048)
[    1.659076] TCP reno registered
[    1.659853] UDP hash table entries: 128 (order: 0, 4096 bytes)
[    1.661582] UDP-Lite hash table entries: 128 (order: 0, 4096 bytes)
[    1.664211] NET: Registered protocol family 1
[    1.665722] pci 0000:00:00.0: Limiting direct PCI/PCI transfers
[    1.666720] pci 0000:00:01.0: PIIX3: Enabling Passive Release
[    1.668022] pci 0000:00:01.0: Activating ISA DMA hang workarounds
[    1.674755] ACPI: PCI Interrupt Link [LNKD] enabled at IRQ 11
[    1.676108] pci 0000:00:01.2: PCI INT D -&gt; Link[LNKD] -&gt; GSI 11 (level, high) -&gt; IRQ 11
[    1.679266] pci 0000:00:01.2: PCI INT D disabled
[    1.698224] Trying to unpack rootfs image as initramfs...
[    1.716202] audit: initializing netlink socket (disabled)
[    1.718736] type=2000 audit(1455897830.716:1): initialized
[    1.989203] HugeTLB registered 2 MB page size, pre-allocated 0 pages
[    2.067664] VFS: Disk quotas dquot_6.5.2
[    2.070062] Dquot-cache hash table entries: 512 (order 0, 4096 bytes)
[    2.086362] fuse init (API version 7.17)
[    2.089473] msgmni has been set to 84
[    2.123260] Block layer SCSI generic (bsg) driver version 0.4 loaded (major 253)
[    2.125498] io scheduler noop registered
[    2.126024] io scheduler deadline registered (default)
[    2.127474] io scheduler cfq registered
[    2.131082] pci_hotplug: PCI Hot Plug PCI Core version: 0.5
[    2.133688] pciehp: PCI Express Hot Plug Controller Driver version: 0.4
[    2.136699] input: Power Button as /devices/LNXSYSTM:00/LNXPWRBN:00/input/input0
[    2.136699] ACPI: Power Button [PWRF]
[    2.187980] ERST: Table is not found!
[    2.189420] GHES: HEST is not enabled!
[    2.199326] ACPI: PCI Interrupt Link [LNKC] enabled at IRQ 10
[    2.201490] virtio-pci 0000:00:03.0: PCI INT A -&gt; Link[LNKC] -&gt; GSI 10 (level, high) -&gt; IRQ 10
[    2.205709] virtio-pci 0000:00:04.0: PCI INT A -&gt; Link[LNKD] -&gt; GSI 11 (level, high) -&gt; IRQ 11
[    2.222737] ACPI: PCI Interrupt Link [LNKA] enabled at IRQ 10
[    2.223872] virtio-pci 0000:00:05.0: PCI INT A -&gt; Link[LNKA] -&gt; GSI 10 (level, high) -&gt; IRQ 10
[    2.233895] Serial: 8250/16550 driver, 32 ports, IRQ sharing enabled
[    2.278552] serial8250: ttyS0 at I/O 0x3f8 (irq = 4) is a 16550A
[    2.368042] serial8250: ttyS1 at I/O 0x2f8 (irq = 3) is a 16550A
[    2.497122] 00:05: ttyS0 at I/O 0x3f8 (irq = 4) is a 16550A
[    2.592052] 00:06: ttyS1 at I/O 0x2f8 (irq = 3) is a 16550A
[    2.654841] Linux agpgart interface v0.103
[    2.685577] Refined TSC clocksource calibration: 2295.198 MHz.
[    2.686510] Switching to clocksource tsc
[    2.730173] brd: module loaded
[    2.761958] loop: module loaded
[    2.802587]  vda: unknown partition table
[    2.837343] scsi0 : ata_piix
[    2.841829] scsi1 : ata_piix
[    2.842897] ata1: PATA max MWDMA2 cmd 0x1f0 ctl 0x3f6 bmdma 0xc0a0 irq 14
[    2.843674] ata2: PATA max MWDMA2 cmd 0x170 ctl 0x376 bmdma 0xc0a8 irq 15
[    2.853797] Fixed MDIO Bus: probed
[    2.854703] tun: Universal TUN/TAP device driver, 1.6
[    2.855270] tun: (C) 1999-2004 Max Krasnyansky &lt;maxk@qualcomm.com&gt;
[    2.871278] PPP generic driver version 2.4.2
[    2.893235] ehci_hcd: USB 2.0 'Enhanced' Host Controller (EHCI) Driver
[    2.894425] ohci_hcd: USB 1.1 'Open' Host Controller (OHCI) Driver
[    2.895373] uhci_hcd: USB Universal Host Controller Interface driver
[    2.897594] uhci_hcd 0000:00:01.2: PCI INT D -&gt; Link[LNKD] -&gt; GSI 11 (level, high) -&gt; IRQ 11
[    2.900576] uhci_hcd 0000:00:01.2: UHCI Host Controller
[    2.913431] uhci_hcd 0000:00:01.2: new USB bus registered, assigned bus number 1
[    2.915264] uhci_hcd 0000:00:01.2: irq 11, io base 0x0000c040
[    2.943368] hub 1-0:1.0: USB hub found
[    2.945596] hub 1-0:1.0: 2 ports detected
[    2.952642] usbcore: registered new interface driver libusual
[    2.955567] i8042: PNP: PS/2 Controller [PNP0303:KBD,PNP0f13:MOU] at 0x60,0x64 irq 1,12
[    2.970002] serio: i8042 KBD port at 0x60,0x64 irq 1
[    2.971483] serio: i8042 AUX port at 0x60,0x64 irq 12
[    3.015264] mousedev: PS/2 mouse device common for all mice
[    3.035045] input: AT Translated Set 2 keyboard as /devices/platform/i8042/serio0/input/input1
[    3.040214] rtc_cmos 00:01: RTC can wake from S4
[    3.054488] rtc_cmos 00:01: rtc core: registered rtc_cmos as rtc0
[    3.058049] rtc0: alarms up to one day, 114 bytes nvram, hpet irqs
[    3.062021] device-mapper: uevent: version 1.0.3
[    3.088283] device-mapper: ioctl: 4.22.0-ioctl (2011-10-19) initialised: dm-devel@redhat.com
[    3.091408] cpuidle: using governor ladder
[    3.092027] cpuidle: using governor menu
[    3.093194] EFI Variables Facility v0.08 2004-May-17
[    3.101688] TCP cubic registered
[    3.105221] NET: Registered protocol family 10
[    3.125982] NET: Registered protocol family 17
[    3.127427] Registering the dns_resolver key type
[    3.135768] ata2.01: ATAPI: QEMU DVD-ROM, 2.0.0, max UDMA/100
[    3.147708] ata2.01: configured for MWDMA2
[    3.180725] scsi 1:0:1:0: CD-ROM            QEMU     QEMU DVD-ROM     2.0. PQ: 0 ANSI: 5
[    3.203566] sr0: scsi3-mmc drive: 4x/4x cd/rw xa/form2 tray
[    3.206088] cdrom: Uniform CD-ROM driver Revision: 3.20
[    3.227325] sr 1:0:1:0: Attached scsi generic sg0 type 5
[    3.258885] registered taskstats version 1
[    3.395819] Freeing initrd memory: 3656k freed
[    3.911895]   Magic number: 4:612:85
[    3.921471] rtc_cmos 00:01: setting system clock to 2016-02-19 16:03:53 UTC (1455897833)
[    3.923321] powernow-k8: Processor cpuid 663 not supported
[    3.930931] BIOS EDD facility v0.16 2004-Jun-25, 0 devices found
[    3.931678] EDD information not available.
[    3.986526] Freeing unused kernel memory: 928k freed
[    3.991556] Write protecting the kernel read-only data: 12288k
[    4.081263] Freeing unused kernel memory: 1596k freed
[    4.143257] Freeing unused kernel memory: 1184k freed

info: initramfs: up at 4.35
modprobe: module virtio_blk not found in modules.dep
modprobe: module virtio_net not found in modules.dep
info: copying initramfs to /dev/vda
info: initramfs loading root from /dev/vda
info: /etc/init.d/rc.sysinit: up at 9.13
info: container: none
Starting logging: OK
modprobe: module virtio_blk not found in modules.dep
modprobe: module virtio_net not found in modules.dep
WARN: /etc/rc3.d/S10-load-modules failed
Initializing random number generator... done.
Starting acpid: OK
cirros-ds 'local' up at 11.91
found datasource (configdrive, local)
Starting network...
udhcpc (v1.20.1) started
Sending discover...
Sending discover...

2016-02-19 16:05:53,882 28399 INFO     [tempest_lib.common.rest_client] Request (TestNetworkAdvancedServerOps:_run_cleanups): 204 DELETE http://10.4.1.3:9696/v2.0/floatingips/36b92deb-57ac-43d9-afa5-979bcd25fab5 0.438s
2016-02-19 16:05:53,883 28399 DEBUG    [tempest_lib.common.rest_client] Request - Headers: {'Content-Type': 'application/json', 'Accept': 'application/json', 'X-Auth-Token': '&lt;omitted&gt;'}
        Body: None
    Response - Headers: {'date': 'Fri, 19 Feb 2016 16:05:53 GMT', 'status': '204', 'connection': 'close', 'content-length': '0', 'x-openstack-request-id': 'req-31009301-0367-4fbf-81e6-b2a975cb9965'}
        Body: 
2016-02-19 16:05:54,344 28399 INFO     [tempest_lib.common.rest_client] Request (TestNetworkAdvancedServerOps:_run_cleanups): 204 DELETE http://10.4.1.3:8774/v2.1/bae7253a839d492faf5d37e426ed05eb/servers/f45cf97d-b2fa-4daf-be92-6dd6de0d9c64 0.460s
2016-02-19 16:05:54,344 28399 DEBUG    [tempest_lib.common.rest_client] Request - Headers: {'Content-Type': 'application/json', 'Accept': 'application/json', 'X-Auth-Token': '&lt;omitted&gt;'}
        Body: None
    Response - Headers: {'status': '204', 'content-length': '0', 'x-compute-request-id': 'req-2900485a-8dcb-4d9a-a51f-fdd3a478d1a8', 'vary': 'X-OpenStack-Nova-API-Version', 'connection': 'close', 'x-openstack-nova-api-version': '2.1', 'date': 'Fri, 19 Feb 2016 16:05:54 GMT', 'content-type': 'application/json'}
        Body: 
2016-02-19 16:05:55,071 28399 INFO     [tempest_lib.common.rest_client] Request (TestNetworkAdvancedServerOps:_run_cleanups): 200 GET http://10.4.1.3:8774/v2.1/bae7253a839d492faf5d37e426ed05eb/servers/f45cf97d-b2fa-4daf-be92-6dd6de0d9c64 0.725s
2016-02-19 16:05:55,071 28399 DEBUG    [tempest_lib.common.rest_client] Request - Headers: {'Content-Type': 'application/json', 'Accept': 'application/json', 'X-Auth-Token': '&lt;omitted&gt;'}
        Body: None
    Response - Headers: {'status': '200', 'content-length': '1770', 'content-location': 'http://10.4.1.3:8774/v2.1/bae7253a839d492faf5d37e426ed05eb/servers/f45cf97d-b2fa-4daf-be92-6dd6de0d9c64', 'x-compute-request-id': 'req-01dab1c8-884d-4a91-8a32-0ce8afd56fc6', 'vary': 'X-OpenStack-Nova-API-Version', 'connection': 'close', 'x-openstack-nova-api-version': '2.1', 'date': 'Fri, 19 Feb 2016 16:05:55 GMT', 'content-type': 'application/json'}
        Body: {"server": {"status": "ACTIVE", "updated": "2016-02-19T16:05:54Z", "hostId": "4a4fb3cc3bd588789f70fa4abccb64b1458a5f62c9a05bd8f2d6f4cb", "addresses": {"tempest-network-smoke--1533276761": [{"OS-EXT-IPS-MAC:mac_addr": "fa:16:3e:c0:3e:36", "version": 4, "addr": "10.100.0.3", "OS-EXT-IPS:type": "fixed"}, {"OS-EXT-IPS-MAC:mac_addr": "fa:16:3e:c0:3e:36", "version": 4, "addr": "172.24.4.4", "OS-EXT-IPS:type": "floating"}]}, "links": [{"href": "http://10.4.1.3:8774/v2.1/bae7253a839d492faf5d37e426ed05eb/servers/f45cf97d-b2fa-4daf-be92-6dd6de0d9c64", "rel": "self"}, {"href": "http://10.4.1.3:8774/bae7253a839d492faf5d37e426ed05eb/servers/f45cf97d-b2fa-4daf-be92-6dd6de0d9c64", "rel": "bookmark"}], "key_name": "tempest-TestNetworkAdvancedServerOps-1318109406", "image": {"id": "9fa3cf6e-ff27-48f0-9821-f674e51f3065", "links": [{"href": "http://10.4.1.3:8774/bae7253a839d492faf5d37e426ed05eb/images/9fa3cf6e-ff27-48f0-9821-f674e51f3065", "rel": "bookmark"}]}, "OS-EXT-STS:task_state": "deleting", "OS-EXT-STS:vm_state": "active", "OS-SRV-USG:launched_at": "2016-02-19T16:03:47.000000", "flavor": {"id": "42", "links": [{"href": "http://10.4.1.3:8774/bae7253a839d492faf5d37e426ed05eb/flavors/42", "rel": "bookmark"}]}, "id": "f45cf97d-b2fa-4daf-be92-6dd6de0d9c64", "security_groups": [{"name": "tempest-secgroup-smoke-2125474972"}], "OS-SRV-USG:terminated_at": null, "OS-EXT-AZ:availability_zone": "nova", "user_id": "b18e86f9dd364225a3a3152bdd90e901", "name": "tempest-server-smoke-594225768", "created": "2016-02-19T16:03:41Z", "tenant_id": "bae7253a839d492faf5d37e426ed05eb", "OS-DCF:diskConfig": "MANUAL", "os-extended-volumes:volumes_attached": [], "accessIPv4": "", "accessIPv6": "", "progress": 0, "OS-EXT-STS:power_state": 1, "config_drive": "True", "metadata": {}}}
2016-02-19 16:05:56,348 28399 INFO     [tempest_lib.common.rest_client] Request (TestNetworkAdvancedServerOps:_run_cleanups): 404 GET http://10.4.1.3:8774/v2.1/bae7253a839d492faf5d37e426ed05eb/servers/f45cf97d-b2fa-4daf-be92-6dd6de0d9c64 0.265s
2016-02-19 16:05:56,349 28399 DEBUG    [tempest_lib.common.rest_client] Request - Headers: {'Content-Type': 'application/json', 'Accept': 'application/json', 'X-Auth-Token': '&lt;omitted&gt;'}
        Body: None
    Response - Headers: {'status': '404', 'content-length': '111', 'x-compute-request-id': 'req-80d72582-e3ef-476d-bcb1-cd5a133fb4b7', 'vary': 'X-OpenStack-Nova-API-Version', 'connection': 'close', 'x-openstack-nova-api-version': '2.1', 'date': 'Fri, 19 Feb 2016 16:05:56 GMT', 'content-type': 'application/json; charset=UTF-8'}
        Body: {"itemNotFound": {"message": "Instance f45cf97d-b2fa-4daf-be92-6dd6de0d9c64 could not be found.", "code": 404}}
2016-02-19 16:05:57,057 28399 INFO     [tempest_lib.common.rest_client] Request (TestNetworkAdvancedServerOps:_run_cleanups): 500 PUT http://10.4.1.3:9696/v2.0/routers/fb489c20-b12f-4a46-a475-9aa66dfa13e5/remove_router_interface 0.707s
2016-02-19 16:05:57,058 28399 DEBUG    [tempest_lib.common.rest_client] Request - Headers: {'Content-Type': 'application/json', 'Accept': 'application/json', 'X-Auth-Token': '&lt;omitted&gt;'}
        Body: {"subnet_id": "00154b9b-29a4-4bb0-a730-9aa9c69027b1"}
    Response - Headers: {'status': '500', 'content-length': '150', 'connection': 'close', 'date': 'Fri, 19 Feb 2016 16:05:57 GMT', 'content-type': 'application/json; charset=UTF-8', 'x-openstack-request-id': 'req-2c9e78a5-10c9-4766-b903-60b3c92c72fd'}
        Body: {"NeutronError": {"message": "Request Failed: internal server error while processing your request.", "type": "HTTPInternalServerError", "detail": ""}}
2016-02-19 16:05:57,319 28399 INFO     [tempest_lib.common.rest_client] Request (TestNetworkAdvancedServerOps:_run_cleanups): 200 GET http://10.4.1.3:9696/v2.0/routers/fb489c20-b12f-4a46-a475-9aa66dfa13e5 0.257s
2016-02-19 16:05:57,320 28399 DEBUG    [tempest_lib.common.rest_client] Request - Headers: {'Content-Type': 'application/json', 'Accept': 'application/json', 'X-Auth-Token': '&lt;omitted&gt;'}
        Body: None
    Response - Headers: {'status': '200', 'content-length': '501', 'content-location': 'http://10.4.1.3:9696/v2.0/routers/fb489c20-b12f-4a46-a475-9aa66dfa13e5', 'connection': 'close', 'date': 'Fri, 19 Feb 2016 16:05:57 GMT', 'content-type': 'application/json; charset=UTF-8', 'x-openstack-request-id': 'req-494c9b53-24fe-4619-b8d8-e89be3b1cdb3'}
        Body: {"router": {"status": "ACTIVE", "external_gateway_info": {"network_id": "d4472f0c-f38a-4c16-8262-95aee2106b16", "enable_snat": true, "external_fixed_ips": [{"subnet_id": "bba5ce05-24a5-449f-a93c-f0fe50d86fb7", "ip_address": "172.24.4.3"}, {"subnet_id": "694e8731-35a2-40c9-acb4-9561bc53947b", "ip_address": "2001:db8::4"}]}, "name": "tempest-router-smoke-1732956187", "admin_state_up": true, "tenant_id": "bae7253a839d492faf5d37e426ed05eb", "routes": [], "id": "fb489c20-b12f-4a46-a475-9aa66dfa13e5"}}
2016-02-19 16:05:57,885 28399 INFO     [tempest_lib.common.rest_client] Request (TestNetworkAdvancedServerOps:_run_cleanups): 200 PUT http://10.4.1.3:9696/v2.0/routers/fb489c20-b12f-4a46-a475-9aa66dfa13e5 0.563s
2016-02-19 16:05:57,885 28399 DEBUG    [tempest_lib.common.rest_client] Request - Headers: {'Content-Type': 'application/json', 'Accept': 'application/json', 'X-Auth-Token': '&lt;omitted&gt;'}
        Body: {"router": {"external_gateway_info": {}, "name": "tempest-router-smoke-1732956187", "admin_state_up": true}}
    Response - Headers: {'status': '200', 'content-length': '239', 'connection': 'close', 'date': 'Fri, 19 Feb 2016 16:05:57 GMT', 'content-type': 'application/json; charset=UTF-8', 'x-openstack-request-id': 'req-64bd4eec-cae2-45d8-8180-42e2e61b4f10'}
        Body: {"router": {"status": "ACTIVE", "external_gateway_info": null, "name": "tempest-router-smoke-1732956187", "admin_state_up": true, "tenant_id": "bae7253a839d492faf5d37e426ed05eb", "routes": [], "id": "fb489c20-b12f-4a46-a475-9aa66dfa13e5"}}
2016-02-19 16:05:58,284 28399 INFO     [tempest_lib.common.rest_client] Request (TestNetworkAdvancedServerOps:_run_cleanups): 500 DELETE http://10.4.1.3:9696/v2.0/routers/fb489c20-b12f-4a46-a475-9aa66dfa13e5 0.398s
2016-02-19 16:05:58,285 28399 DEBUG    [tempest_lib.common.rest_client] Request - Headers: {'Content-Type': 'application/json', 'Accept': 'application/json', 'X-Auth-Token': '&lt;omitted&gt;'}
        Body: None
    Response - Headers: {'status': '500', 'content-length': '150', 'connection': 'close', 'date': 'Fri, 19 Feb 2016 16:05:58 GMT', 'content-type': 'application/json; charset=UTF-8', 'x-openstack-request-id': 'req-cc9b6757-9cde-4357-8bac-452e594443d6'}
        Body: {"NeutronError": {"message": "Request Failed: internal server error while processing your request.", "type": "HTTPInternalServerError", "detail": ""}}
2016-02-19 16:05:59,055 28399 INFO     [tempest_lib.common.rest_client] Request (TestNetworkAdvancedServerOps:_run_cleanups): 204 DELETE http://10.4.1.3:9696/v2.0/networks/bfc1d18f-af10-41ba-841d-2a7b3fa4a39b 0.767s
2016-02-19 16:05:59,055 28399 DEBUG    [tempest_lib.common.rest_client] Request - Headers: {'Content-Type': 'application/json', 'Accept': 'application/json', 'X-Auth-Token': '&lt;omitted&gt;'}
        Body: None
    Response - Headers: {'date': 'Fri, 19 Feb 2016 16:05:59 GMT', 'status': '204', 'connection': 'close', 'content-length': '0', 'x-openstack-request-id': 'req-20cf98ba-05a9-4464-87cb-8d272de15264'}
        Body: 
2016-02-19 16:05:59,343 28399 INFO     [tempest_lib.common.rest_client] Request (TestNetworkAdvancedServerOps:_run_cleanups): 204 DELETE http://10.4.1.3:9696/v2.0/security-groups/cc9d56df-babc-4e61-84ec-c5794737b735 0.287s
2016-02-19 16:05:59,344 28399 DEBUG    [tempest_lib.common.rest_client] Request - Headers: {'Content-Type': 'application/json', 'Accept': 'application/json', 'X-Auth-Token': '&lt;omitted&gt;'}
        Body: None
    Response - Headers: {'date': 'Fri, 19 Feb 2016 16:05:59 GMT', 'status': '204', 'connection': 'close', 'content-length': '0', 'x-openstack-request-id': 'req-1306b815-48bb-455d-96b5-2ac97fb8ced9'}
        Body: 
2016-02-19 16:05:59,574 28399 INFO     [tempest_lib.common.rest_client] Request (TestNetworkAdvancedServerOps:_run_cleanups): 202 DELETE http://10.4.1.3:8774/v2.1/bae7253a839d492faf5d37e426ed05eb/os-keypairs/tempest-TestNetworkAdvancedServerOps-1318109406 0.228s
2016-02-19 16:05:59,574 28399 DEBUG    [tempest_lib.common.rest_client] Request - Headers: {'Content-Type': 'application/json', 'Accept': 'application/json', 'X-Auth-Token': '&lt;omitted&gt;'}
        Body: None
    Response - Headers: {'status': '202', 'content-length': '0', 'x-compute-request-id': 'req-e3f4d674-ce9a-4540-a3f2-bb115063a7ed', 'vary': 'X-OpenStack-Nova-API-Version', 'connection': 'close', 'x-openstack-nova-api-version': '2.1', 'date': 'Fri, 19 Feb 2016 16:05:59 GMT', 'content-type': 'application/json'}
        Body: 
2016-02-19 16:05:59,851 28399 INFO     [tempest_lib.common.rest_client] Request (TestNetworkAdvancedServerOps:_run_cleanups): 404 GET http://10.4.1.3:8774/v2.1/bae7253a839d492faf5d37e426ed05eb/servers/f45cf97d-b2fa-4daf-be92-6dd6de0d9c64 0.275s
2016-02-19 16:05:59,852 28399 DEBUG    [tempest_lib.common.rest_client] Request - Headers: {'Content-Type': 'application/json', 'Accept': 'application/json', 'X-Auth-Token': '&lt;omitted&gt;'}
        Body: None
    Response - Headers: {'status': '404', 'content-length': '111', 'x-compute-request-id': 'req-d3dfe6a3-c868-4ff3-a2ab-11734d0ecada', 'vary': 'X-OpenStack-Nova-API-Version', 'connection': 'close', 'x-openstack-nova-api-version': '2.1', 'date': 'Fri, 19 Feb 2016 16:05:59 GMT', 'content-type': 'application/json; charset=UTF-8'}
        Body: {"itemNotFound": {"message": "Instance f45cf97d-b2fa-4daf-be92-6dd6de0d9c64 could not be found.", "code": 404}}
}}}

traceback-1: {{{
Traceback (most recent call last):
  File "tempest/scenario/manager.py", line 108, in delete_wrapper
    delete_thing(*args, **kwargs)
  File "tempest/services/network/resources.py", line 98, in delete
    subnet_id=self.id)
  File "tempest/services/network/json/network_client.py", line 199, in remove_router_interface
    return self.update_resource(uri, kwargs)
  File "tempest/services/network/json/base.py", line 68, in update_resource
    resp, body = self.put(req_uri, req_post_data)
  File "/usr/local/lib/python2.7/dist-packages/tempest_lib/common/rest_client.py", line 322, in put
    return self.request('PUT', url, extra_headers, headers, body)
  File "/usr/local/lib/python2.7/dist-packages/tempest_lib/common/rest_client.py", line 642, in request
    resp, resp_body)
  File "/usr/local/lib/python2.7/dist-packages/tempest_lib/common/rest_client.py", line 761, in _error_checker
    message=message)
tempest_lib.exceptions.ServerFault: Got server fault
Details: Request Failed: internal server error while processing your request.
}}}

traceback-2: {{{
Traceback (most recent call last):
  File "tempest/scenario/manager.py", line 108, in delete_wrapper
    delete_thing(*args, **kwargs)
  File "tempest/services/network/resources.py", line 119, in delete
    self.client.delete_router(self.id)
  File "tempest/services/network/json/network_client.py", line 169, in delete_router
    return self.delete_resource(uri)
  File "tempest/services/network/json/base.py", line 41, in delete_resource
    resp, body = self.delete(req_uri)
  File "/usr/local/lib/python2.7/dist-packages/tempest_lib/common/rest_client.py", line 290, in delete
    return self.request('DELETE', url, extra_headers, headers, body)
  File "/usr/local/lib/python2.7/dist-packages/tempest_lib/common/rest_client.py", line 642, in request
    resp, resp_body)
  File "/usr/local/lib/python2.7/dist-packages/tempest_lib/common/rest_client.py", line 761, in _error_checker
    message=message)
tempest_lib.exceptions.ServerFault: Got server fault
Details: Request Failed: internal server error while processing your request.
}}}

Traceback (most recent call last):
  File "tempest/test.py", line 113, in wrapper
    return f(self, *func_args, **func_kwargs)
  File "tempest/scenario/test_network_advanced_server_ops.py", line 132, in test_server_connectivity_pause_unpause
    server, keypair, floating_ip = self._setup_network_and_servers()
  File "tempest/scenario/test_network_advanced_server_ops.py", line 69, in _setup_network_and_servers
    server, keypair, floating_ip)
  File "tempest/scenario/test_network_advanced_server_ops.py", line 93, in _wait_server_status_and_check_network_connectivity
    self._check_network_connectivity(server, keypair, floating_ip)
  File "tempest/scenario/test_network_advanced_server_ops.py", line 86, in _check_network_connectivity
    servers=[server])
  File "tempest/scenario/manager.py", line 598, in check_public_network_connectivity
    should_connect=should_connect)
  File "tempest/scenario/manager.py", line 582, in check_vm_connectivity
    msg=msg)
  File "/usr/local/lib/python2.7/dist-packages/unittest2/case.py", line 702, in assertTrue
    raise self.failureException(msg)
AssertionError: False is not true : Timed out waiting for 172.24.4.4 to become reachable



        </pre>
    </div>
    <!--css div popup end-->

    </td>
</tr>

<tr id='ft1.2' class='none'>
    <td class='failCase'><div class='testcase'>test_server_connectivity_reboot[compute,id-7b6860c2-afa3-4846-9522-adeb38dfbe08,network]</div></td>
    <td colspan='7' align='left'>

    <!--css div popup start-->
    <a class="popup_link" onfocus='this.blur();'
    href="javascript:showTestDetail('div_ft1.2')" >
        fail</a>

    <div id='div_ft1.2' class="popup_window">
        <div style='text-align: right; color:red;cursor:pointer'>
        <a onfocus='this.blur();'
onclick="document.getElementById('div_ft1.2').style.display = 'none' " >
           [x]</a>
        </div>
        <pre>
        
ft1.2: tempest.scenario.test_network_advanced_server_ops.TestNetworkAdvancedServerOps.test_server_connectivity_reboot[compute,id-7b6860c2-afa3-4846-9522-adeb38dfbe08,network]_StringException: Empty attachments:
  stderr
  stdout

pythonlogging:'': {{{
2016-02-19 16:06:00,351 28399 INFO     [tempest_lib.common.rest_client] Request (TestNetworkAdvancedServerOps:test_server_connectivity_reboot): 200 POST http://10.4.1.3:8774/v2.1/bae7253a839d492faf5d37e426ed05eb/os-keypairs 0.474s
2016-02-19 16:06:00,351 28399 DEBUG    [tempest_lib.common.rest_client] Request - Headers: {'Content-Type': 'application/json', 'Accept': 'application/json', 'X-Auth-Token': '&lt;omitted&gt;'}
        Body: {"keypair": {"name": "tempest-TestNetworkAdvancedServerOps-126165629"}}
    Response - Headers: {'status': '200', 'content-length': '2329', 'x-compute-request-id': 'req-bc14e78a-c0f8-4450-8583-62c9933d5024', 'vary': 'X-OpenStack-Nova-API-Version', 'connection': 'close', 'x-openstack-nova-api-version': '2.1', 'date': 'Fri, 19 Feb 2016 16:06:00 GMT', 'content-type': 'application/json'}
        Body: {"keypair": {"public_key": "ssh-rsa AAAAB3NzaC1yc2EAAAADAQABAAABAQCKFrZNDcqIS+H5OP/GywCu1klbvB5sqg8YjS2q8aGwNXTwX2Mvbz60BI6koZs+x0eT53FLKBE5owPMvYNVCduDGPhJSw9tL2hTl8yRQmvF29hjTMccZQyGEH/ctXFHZ6+0MJs0vK4XUShvviv0STt+lZlxmIIu1WyeedFsmN2NohP0qLWcPOOBj2JYPy5tkv/PNJYBT9hc3kfWYfvSCm50aymXBHo9kZjtBw0jzFqVbgPZTgTptvUkqAm+RpsU+Vf8bJsNgNxuj8bIXbleFIyxCAbYeoZHjFaXgZ6K6ldEOa9fjMcDk93CD8pUv2SyA1x1YsbBkDx6FiHrnvONY4X7 Generated-by-Nova", "private_key": "-----BEGIN RSA PRIVATE KEY-----\nMIIEqQIBAAKCAQEAiha2TQ3KiEvh+Tj/xssArtZJW7webKoPGI0tqvGhsDV08F9j\nL28+tASOpKGbPsdHk+dxSygROaMDzL2DVQnbgxj4SUsPbS9oU5fMkUJrxdvYY0zH\nHGUMhhB/3LVxR2evtDCbNLyuF1Eob74r9Ek7fpWZcZiCLtVsnnnRbJjdjaIT9Ki1\nnDzjgY9iWD8ubZL/zzSWAU/YXN5H1mH70gpudGsplwR6PZGY7QcNI8xalW4D2U4E\n6bb1JKgJvkabFPlX/GybDYDcbo/GyF25XhSMsQgG2HqGR4xWl4GeiupXRDmvX4zH\nA5Pdwg/KVL9ksgNcdWLGwZA8ehYh657zjWOF+wIDAQABAoIBAQCAalKqIZMhYQAK\nlnk2U36VGO4rgyv//b4AJPo9KGwmw++1wd8pM5jqK/rDGw6WORhVcTwommA6a2CT\nPAIwSPR8W/I5prX34chxRI+W3l//Jk17OuFHhKk624kspQdtUf1R4onTZ0u2n2Ct\nWfriOGA9fb2uqBcYmp1iWwLorNgMZzmlIAHCzFbQokVM/cWJ+zXDhWYAAJteR9vY\nErWoaGfG7vppDAGuNbWr1zrjMc18kyKJxTBJBGSzDMI7YVC125vNzPQRtbZzRX8v\nWLkbY27tyULUkvzRxGmOLAGfBzE9JqmNmiw667Q+eO4tRZ2/VqcwDEK7S2ObjKpV\nUuDkS1uhAoIAgQC1vkYG+1va3moCraepERKF5wrVH1oG51jBL/9crua7S57I3ZvR\na6hwyB9DV/Qe/z8t+ha8hL/ZeEOzs5npIvMSks+GuZA2hauXXY2daatLb6DoIVTy\n0uVytC4il5OpuLJgcPxbmlhB3SacfUi4dn4yZ/AIoYofk477NotgCdmVAwKCAIEA\nwoJSjqBIO1UfWb0LSo5kO8eBBhd0WLN7N7LiKBEgsQlmrfY6vLiCUng9BUGDTAiz\nfTJk6ofPK+f/mqr7aTSmiUCMAmXK9gh+5NbOfowHKBCEbZVkj1gvP2nCQlDwEYW/\nyNPZufJAYDJg+zVtozbfcBrB7RRYnThRWBRP6RJlDakCggCBAI9B85sPSWFlzjRc\nQ/ttfKdV7mD+PI2SkJB/UA/zweZC/l+g53EVJon4BUSlMMW6N0f7iS6CiWNXfC5L\nVPfDV8z9Ml4lKTsA9Lf0w2sgXyiwTiqME5TwjnJy+qbDyl6POvPwO8vNBuKr+wKB\ncvAMXv9GlJuJEgI/4wW8AfLq8LqXAoIAgGZpS6KAzcc/mFQdbvaAZlH7Rvm4G7Ag\nP/4hl2XVLstH0eJCRMbctvFJEYfU6JZ99lMy12OMwg2yByieYeUQraaSb6VLh0Nn\nUbiXSP3kKFh16ePwxpOasLXIr1lPWDdBnqrUsExxOmfr3pgll2ZaG+bgj76N+eI9\npsajWzeyUbaRAoIAgDSeMF5zcqu1SOmmRn5RHPKQ5UTy+Th7wXLDS4gsBxtZC0sd\nxHPzM1h6ajQHj6bhmKOzdJVm1cnFnuevTZ+Fbb356hpYBsEjKidhWgpUpD1HPxMw\nKnRLLJiZl4ZpfrqxblYS213EoTmL8iHZo6Vey4EGsg31jhDu1sZzz0WVK6L7\n-----END RSA PRIVATE KEY-----\n", "user_id": "b18e86f9dd364225a3a3152bdd90e901", "name": "tempest-TestNetworkAdvancedServerOps-126165629", "fingerprint": "10:6a:60:99:eb:f0:41:21:57:08:0c:fc:f0:26:3c:18"}}
2016-02-19 16:06:00,697 28399 INFO     [tempest_lib.common.rest_client] Request (TestNetworkAdvancedServerOps:test_server_connectivity_reboot): 201 POST http://10.4.1.3:9696/v2.0/security-groups 0.340s
2016-02-19 16:06:00,697 28399 DEBUG    [tempest_lib.common.rest_client] Request - Headers: {'Content-Type': 'application/json', 'Accept': 'application/json', 'X-Auth-Token': '&lt;omitted&gt;'}
        Body: {"security_group": {"tenant_id": "bae7253a839d492faf5d37e426ed05eb", "description": "tempest-secgroup-smoke-952543413 description", "name": "tempest-secgroup-smoke-952543413"}}
    Response - Headers: {'status': '201', 'content-length': '886', 'connection': 'close', 'date': 'Fri, 19 Feb 2016 16:06:00 GMT', 'content-type': 'application/json; charset=UTF-8', 'x-openstack-request-id': 'req-565d4621-0334-41fe-8d0c-128ef45aba6f'}
