<?xml version="1.0" encoding="UTF-8"?>
<!DOCTYPE html PUBLIC "-//W3C//DTD XHTML 1.0 Strict//EN"
     "http://www.w3.org/TR/xhtml1/DTD/xhtml1-strict.dtd">
<html xmlns="http://www.w3.org/1999/xhtml">
<head>
    <title>Unit Test Report</title>
    <meta name="generator" content="subunit2html 0.1"/>
    <meta http-equiv="Content-Type" content="text/html; charset=UTF-8"/>
    
<style type="text/css" media="screen">
body        { font-family: verdana, arial, helvetica, sans-serif;
    font-size: 80%; }
table       { font-size: 100%; width: 100%;}
pre         { font-size: 80%; }

/* -- heading -------------------------------------------------------------- */
h1 {
        font-size: 16pt;
        color: gray;
}
.heading {
    margin-top: 0ex;
    margin-bottom: 1ex;
}

.heading .attribute {
    margin-top: 1ex;
    margin-bottom: 0;
}

.heading .description {
    margin-top: 4ex;
    margin-bottom: 6ex;
}

/* -- css div popup -------------------------------------------------------- */
a.popup_link {
}

a.popup_link:hover {
    color: red;
}

.popup_window {
    display: none;
    overflow-x: scroll;
    /*border: solid #627173 1px; */
    padding: 10px;
    background-color: #E6E6D6;
    font-family: "Ubuntu Mono", "Lucida Console", "Courier New", monospace;
    text-align: left;
    font-size: 8pt;
}

}
/* -- report --------------------------------------------------------------- */
#show_detail_line {
    margin-top: 3ex;
    margin-bottom: 1ex;
}
#result_table {
    width: 100%;
    border-collapse: collapse;
    border: 1px solid #777;
}
#header_row {
    font-weight: bold;
    color: white;
    background-color: #777;
}
#result_table td {
    border: 1px solid #777;
    padding: 2px;
}
#total_row  { font-weight: bold; }
.passClass  { background-color: #6c6; }
.failClass  { background-color: #c60; }
.errorClass { background-color: #c00; }
.passCase   { color: #6c6; }
.failCase   { color: #c60; font-weight: bold; }
.errorCase  { color: #c00; font-weight: bold; }
.hiddenRow  { display: none; }
.testcase   { margin-left: 2em; }
td.testname {width: 40%}
td.small {width: 40px}

/* -- ending --------------------------------------------------------------- */
#ending {
}

</style>

</head>
<body>
<script language="javascript" type="text/javascript"><!--
output_list = Array();

/* level - 0:Summary; 1:Failed; 2:All */
function showCase(level) {
    trs = document.getElementsByTagName("tr");
    for (var i = 0; i < trs.length; i++) {
        tr = trs[i];
        id = tr.id;
        if (id.substr(0,2) == 'ft') {
            if (level < 1) {
                tr.className = 'hiddenRow';
            }
            else {
                tr.className = '';
            }
        }
        if (id.substr(0,2) == 'pt') {
            if (level > 1) {
                tr.className = '';
            }
            else {
                tr.className = 'hiddenRow';
            }
        }
    }
}


function showClassDetail(cid, count) {
    var id_list = Array(count);
    var toHide = 1;
    for (var i = 0; i < count; i++) {
        tid0 = 't' + cid.substr(1) + '.' + (i+1);
        tid = 'f' + tid0;
        tr = document.getElementById(tid);
        if (!tr) {
            tid = 'p' + tid0;
            tr = document.getElementById(tid);
        }
        id_list[i] = tid;
        if (tr.className) {
            toHide = 0;
        }
    }
    for (var i = 0; i < count; i++) {
        tid = id_list[i];
        if (toHide) {
            document.getElementById('div_'+tid).style.display = 'none'
            document.getElementById(tid).className = 'hiddenRow';
        }
        else {
            document.getElementById(tid).className = '';
        }
    }
}


function showTestDetail(div_id){
    var details_div = document.getElementById(div_id)
    var displayState = details_div.style.display
    // alert(displayState)
    if (displayState != 'block' ) {
        displayState = 'block'
        details_div.style.display = 'block'
    }
    else {
        details_div.style.display = 'none'
    }
}


function html_escape(s) {
    s = s.replace(/&/g,'&amp;');
    s = s.replace(/</g,'&lt;');
    s = s.replace(/>/g,'&gt;');
    return s;
}

/* obsoleted by detail in <div>
function showOutput(id, name) {
    var w = window.open("", //url
                    name,
                    "resizable,scrollbars,status,width=800,height=450");
    d = w.document;
    d.write("<pre>");
    d.write(html_escape(output_list[id]));
    d.write("\n");
    d.write("<a href='javascript:window.close()'>close</a>\n");
    d.write("</pre>\n");
    d.close();
}
*/
--></script>

<div class='heading'>
<h1>Unit Test Report</h1>

<p class='attribute'><strong>Status:</strong> Failure 6</p>

<p class='description'></p>
</div>



<p id='show_detail_line'>Show
<a href='javascript:showCase(0)'>Summary</a>
<a href='javascript:showCase(1)'>Failed</a>
<a href='javascript:showCase(2)'>All</a>
</p>
<table id='result_table'>
<colgroup>
<col align='left' />
<col align='right' />
<col align='right' />
<col align='right' />
<col align='right' />
<col align='right' />
<col align='right' />
<col align='right' />
</colgroup>
<tr id='header_row'>
    <td>Test Group/Test case</td>
    <td>Count</td>
    <td>Pass</td>
    <td>Fail</td>
    <td>Error</td>
    <td>Skip</td>
    <td>View</td>
    <td> </td>
</tr>

<tr class='failClass'>
    <td class="testname">tempest.scenario.test_network_advanced_server_ops.TestNetworkAdvancedServerOps</td>
    <td class="small">6</td>
    <td class="small">0</td>
    <td class="small">6</td>
    <td class="small">0</td>
    <td class="small">0</td>
    <td class="small"><a href="javascript:showClassDetail('c1',6)"
>Detail</a></td>
    <td> </td>
</tr>

<tr id='ft1.1' class='none'>
    <td class='failCase'><div class='testcase'>test_server_connectivity_pause_unpause[compute,id-2b2642db-6568-4b35-b812-eceed3fa20ce,network]</div></td>
    <td colspan='7' align='left'>

    <!--css div popup start-->
    <a class="popup_link" onfocus='this.blur();'
    href="javascript:showTestDetail('div_ft1.1')" >
        fail</a>

    <div id='div_ft1.1' class="popup_window">
        <div style='text-align: right; color:red;cursor:pointer'>
        <a onfocus='this.blur();'
onclick="document.getElementById('div_ft1.1').style.display = 'none' " >
           [x]</a>
        </div>
        <pre>
        
ft1.1: tempest.scenario.test_network_advanced_server_ops.TestNetworkAdvancedServerOps.test_server_connectivity_pause_unpause[compute,id-2b2642db-6568-4b35-b812-eceed3fa20ce,network]_StringException: Empty attachments:
  stderr
  stdout

pythonlogging:'': {{{
2016-02-22 20:29:11,313 27521 INFO     [tempest_lib.common.rest_client] Request (TestNetworkAdvancedServerOps:test_server_connectivity_pause_unpause): 200 POST http://10.4.1.3:8774/v2.1/6fc03cc5a7f242078d7296eb79c336c3/os-keypairs 0.436s
2016-02-22 20:29:11,314 27521 DEBUG    [tempest_lib.common.rest_client] Request - Headers: {'Content-Type': 'application/json', 'Accept': 'application/json', 'X-Auth-Token': '&lt;omitted&gt;'}
        Body: {"keypair": {"name": "tempest-TestNetworkAdvancedServerOps-1495232351"}}
    Response - Headers: {'status': '200', 'content-length': '2330', 'x-compute-request-id': 'req-7d525cf1-47b8-4b5c-b9b9-8c522a0ef5d9', 'vary': 'X-OpenStack-Nova-API-Version', 'connection': 'close', 'x-openstack-nova-api-version': '2.1', 'date': 'Mon, 22 Feb 2016 20:29:11 GMT', 'content-type': 'application/json'}
        Body: {"keypair": {"public_key": "ssh-rsa AAAAB3NzaC1yc2EAAAADAQABAAABAQCg1cIlrfGCeqjSrak6VBIFFpuyIDsXx87QWjLmNG4VJAWcpSJye7YQY9I0S+7N7+zekqp7IaPl1z9xwqMQiN9ZOrCmkBqbkMCmUhcArrSjMtANxQ+k+dx89f2ta8lFQaNvRoSoNEu7TJgs5+2cWPIshJjFimC0bbn/sJjSw2x0D3MVIewdlFqwMQyX+GZJGfEMWPvuPH7AOQIdZ0vj2lKhru3f2/Vt3TnMmzLJiVfZM98UwFUnIJ078R4yRGVizO1Ytbx3mOXbrHz/sdjP1NRTeIBSgl/kc+knZnEn1T5BaGmtT+6BjFvLDKNvPLLm9GRWnAo+Z7VSGqsH0ZMbfevh Generated-by-Nova", "private_key": "-----BEGIN RSA PRIVATE KEY-----\nMIIEqAIBAAKCAQEAoNXCJa3xgnqo0q2pOlQSBRabsiA7F8fO0Foy5jRuFSQFnKUi\ncnu2EGPSNEvuze/s3pKqeyGj5dc/ccKjEIjfWTqwppAam5DAplIXAK60ozLQDcUP\npPncfPX9rWvJRUGjb0aEqDRLu0yYLOftnFjyLISYxYpgtG25/7CY0sNsdA9zFSHs\nHZRasDEMl/hmSRnxDFj77jx+wDkCHWdL49pSoa7t39v1bd05zJsyyYlX2TPfFMBV\nJyCdO/EeMkRlYsztWLW8d5jl26x8/7HYz9TUU3iAUoJf5HPpJ2ZxJ9U+QWhprU/u\ngYxbywyjbzyy5vRkVpwKPme1UhqrB9GTG33r4QIDAQABAoIBAEV+19ssI/T7R0Nx\nYnQfq4GjWTdIkgAeiBCjSOcLtJ1R6VLcT9wj9HF0kHmkbdVyXGl3+k4mJQnFTla7\ngXY9jjSiFX6DOdwKWhQD2Iik9MynwhqREcd5Z3pfWHO85UUVracBU4TSw/50hDSz\nKoqqLEpsKQ8CUfLkjsAa8I3xf0VOUEZd0ReLp2ZbFX3inozilXwx7zZMrnsGHkv8\nLvHW9Q3xC003Oxt8wkyUf4Nn5PWheGe5mxJiYEIBBH89Vc1xXnuIE8Ol+l82Y/q1\nVPOccwtu+6Dol9dXu9O/4QK5Qx6Re+yZ8AX9rHOOoCHMmkDsw+OEoWTAXZRgvoi8\nDAVeovkCggCBAMZDsFPAz8r/5BdnP1sFAETVJds7kzkN8bIPFoV5oDgPSAW2Rk1+\nYcyl04YZjLDrdo+6XscNnUNLf0bsV+mo+1QN8UxXRwqIjqdJtqlPi6mnMbCLPI0g\nmMBDCsKlLLkS+v3p+A/AcGfAhMgkKJKfCK8LO2t7ifvk7vJgWQK3tzMfAoIAgQDP\nq8NujFk+582QmbbstvRjPHdi8ThjscRTmUblD5vpGIoUfkAK4gNyazmdwQGDK4Qo\nV8cD0jDmJisD+8u2VdwfS68zLgbp1RuHH6Ysue5zl5eoT1f4HqQ4kodt510N3tmp\n5486AbHtDQ1dafQIb+xjTCHRm9nQ41dXS8xXdb4A/wKCAIAV3QMFyV5guWUyu3z+\nEYgdDxA0o9YxVXtQsl8+atIjPHQpxRbtlsE8KxEvWYPtQpn5cYjgFH1CHYI0lP2A\n09SbSUpRq9I2tCZfBj7xXsc89yYAnOoZef2+PeZi3ooXAqPQ+ksTmZoLpuw9kdcz\ni/wOKYPs71ug/nbnHX7TUOUP6wKCAIEAnFZJXNrJgOLOzTH7FL8ywdZOZi0Eb4Dv\nNKQqS9zxWYyAvqbAnbDCOYvhJxKaid3jst9J0mWVLF3Fek0/cbe3a9P1RAk9aSFm\nhNXdqsQab+jKYgnBRugCZxhgXeuUERIYOKE7IMcP5E40JoPSE9v2UFaLCxpR4sCT\nCwPkBF9+N48CggCANhTip5rVokQ9Q/T5Oz1GfEizDR1DDNPuebESJ0WAoupSE/Il\n1SQDklec96ABxxttI+FOMP3jTCwDKMKg+BJTLg8bbJxoXM5FEfk+8RNd2shVOAWJ\n1WpHcIFJOgOPRDcQAWQam1GQgnHRWdpLrYX6RR6v7rtHkGpCjM1fI3dvb6I=\n-----END RSA PRIVATE KEY-----\n", "user_id": "167bb89b0c9b470d98a0e154a92ab071", "name": "tempest-TestNetworkAdvancedServerOps-1495232351", "fingerprint": "50:e9:ac:fb:b8:61:b8:f4:f8:5f:e0:b5:5b:ee:aa:06"}}
2016-02-22 20:29:11,764 27521 INFO     [tempest_lib.common.rest_client] Request (TestNetworkAdvancedServerOps:test_server_connectivity_pause_unpause): 201 POST http://10.4.1.3:9696/v2.0/security-groups 0.445s
2016-02-22 20:29:11,765 27521 DEBUG    [tempest_lib.common.rest_client] Request - Headers: {'Content-Type': 'application/json', 'Accept': 'application/json', 'X-Auth-Token': '&lt;omitted&gt;'}
        Body: {"security_group": {"tenant_id": "6fc03cc5a7f242078d7296eb79c336c3", "description": "tempest-secgroup-smoke-861942263 description", "name": "tempest-secgroup-smoke-861942263"}}
    Response - Headers: {'status': '201', 'content-length': '886', 'connection': 'close', 'date': 'Mon, 22 Feb 2016 20:29:11 GMT', 'content-type': 'application/json; charset=UTF-8', 'x-openstack-request-id': 'req-69262658-ab24-43ac-a7e5-2aa778fdb532'}
        Body: {"security_group": {"tenant_id": "6fc03cc5a7f242078d7296eb79c336c3", "description": "tempest-secgroup-smoke-861942263 description", "id": "8ec9fd28-009e-4530-87ec-3d1566423d1d", "security_group_rules": [{"remote_group_id": null, "direction": "egress", "remote_ip_prefix": null, "protocol": null, "ethertype": "IPv4", "tenant_id": "6fc03cc5a7f242078d7296eb79c336c3", "port_range_max": null, "port_range_min": null, "id": "eeede706-d114-41a2-ad8d-0834849f989f", "security_group_id": "8ec9fd28-009e-4530-87ec-3d1566423d1d"}, {"remote_group_id": null, "direction": "egress", "remote_ip_prefix": null, "protocol": null, "ethertype": "IPv6", "tenant_id": "6fc03cc5a7f242078d7296eb79c336c3", "port_range_max": null, "port_range_min": null, "id": "2e5f6187-a8ae-412f-b739-1b19a2f97f0a", "security_group_id": "8ec9fd28-009e-4530-87ec-3d1566423d1d"}], "name": "tempest-secgroup-smoke-861942263"}}
2016-02-22 20:29:12,102 27521 INFO     [tempest_lib.common.rest_client] Request (TestNetworkAdvancedServerOps:test_server_connectivity_pause_unpause): 201 POST http://10.4.1.3:9696/v2.0/security-group-rules 0.335s
2016-02-22 20:29:12,103 27521 DEBUG    [tempest_lib.common.rest_client] Request - Headers: {'Content-Type': 'application/json', 'Accept': 'application/json', 'X-Auth-Token': '&lt;omitted&gt;'}
        Body: {"security_group_rule": {"direction": "ingress", "protocol": "tcp", "tenant_id": "6fc03cc5a7f242078d7296eb79c336c3", "port_range_max": 22, "security_group_id": "8ec9fd28-009e-4530-87ec-3d1566423d1d", "port_range_min": 22}}
    Response - Headers: {'status': '201', 'content-length': '340', 'connection': 'close', 'date': 'Mon, 22 Feb 2016 20:29:12 GMT', 'content-type': 'application/json; charset=UTF-8', 'x-openstack-request-id': 'req-e1335485-f291-462b-92ad-ce124e18e06f'}
        Body: {"security_group_rule": {"remote_group_id": null, "direction": "ingress", "remote_ip_prefix": null, "protocol": "tcp", "ethertype": "IPv4", "tenant_id": "6fc03cc5a7f242078d7296eb79c336c3", "port_range_max": 22, "port_range_min": 22, "id": "c1eba62c-18b7-44a3-a372-f0552d0c99ea", "security_group_id": "8ec9fd28-009e-4530-87ec-3d1566423d1d"}}
2016-02-22 20:29:12,422 27521 INFO     [tempest_lib.common.rest_client] Request (TestNetworkAdvancedServerOps:test_server_connectivity_pause_unpause): 201 POST http://10.4.1.3:9696/v2.0/security-group-rules 0.317s
2016-02-22 20:29:12,423 27521 DEBUG    [tempest_lib.common.rest_client] Request - Headers: {'Content-Type': 'application/json', 'Accept': 'application/json', 'X-Auth-Token': '&lt;omitted&gt;'}
        Body: {"security_group_rule": {"direction": "egress", "protocol": "tcp", "tenant_id": "6fc03cc5a7f242078d7296eb79c336c3", "port_range_max": 22, "security_group_id": "8ec9fd28-009e-4530-87ec-3d1566423d1d", "port_range_min": 22}}
    Response - Headers: {'status': '201', 'content-length': '339', 'connection': 'close', 'date': 'Mon, 22 Feb 2016 20:29:12 GMT', 'content-type': 'application/json; charset=UTF-8', 'x-openstack-request-id': 'req-5f25d1ff-bfa6-45af-a17c-1d0107a4ac96'}
        Body: {"security_group_rule": {"remote_group_id": null, "direction": "egress", "remote_ip_prefix": null, "protocol": "tcp", "ethertype": "IPv4", "tenant_id": "6fc03cc5a7f242078d7296eb79c336c3", "port_range_max": 22, "port_range_min": 22, "id": "4e587ed8-db64-4a4d-ad14-70e68083c8df", "security_group_id": "8ec9fd28-009e-4530-87ec-3d1566423d1d"}}
2016-02-22 20:29:12,722 27521 INFO     [tempest_lib.common.rest_client] Request (TestNetworkAdvancedServerOps:test_server_connectivity_pause_unpause): 201 POST http://10.4.1.3:9696/v2.0/security-group-rules 0.298s
2016-02-22 20:29:12,723 27521 DEBUG    [tempest_lib.common.rest_client] Request - Headers: {'Content-Type': 'application/json', 'Accept': 'application/json', 'X-Auth-Token': '&lt;omitted&gt;'}
        Body: {"security_group_rule": {"tenant_id": "6fc03cc5a7f242078d7296eb79c336c3", "direction": "ingress", "protocol": "icmp", "security_group_id": "8ec9fd28-009e-4530-87ec-3d1566423d1d"}}
    Response - Headers: {'status': '201', 'content-length': '345', 'connection': 'close', 'date': 'Mon, 22 Feb 2016 20:29:12 GMT', 'content-type': 'application/json; charset=UTF-8', 'x-openstack-request-id': 'req-ea2debca-42a8-4245-a283-78a830114997'}
        Body: {"security_group_rule": {"remote_group_id": null, "direction": "ingress", "remote_ip_prefix": null, "protocol": "icmp", "ethertype": "IPv4", "tenant_id": "6fc03cc5a7f242078d7296eb79c336c3", "port_range_max": null, "port_range_min": null, "id": "a33eb7a1-af77-4bd3-8433-4586b779b1a0", "security_group_id": "8ec9fd28-009e-4530-87ec-3d1566423d1d"}}
2016-02-22 20:29:13,052 27521 INFO     [tempest_lib.common.rest_client] Request (TestNetworkAdvancedServerOps:test_server_connectivity_pause_unpause): 201 POST http://10.4.1.3:9696/v2.0/security-group-rules 0.327s
2016-02-22 20:29:13,052 27521 DEBUG    [tempest_lib.common.rest_client] Request - Headers: {'Content-Type': 'application/json', 'Accept': 'application/json', 'X-Auth-Token': '&lt;omitted&gt;'}
        Body: {"security_group_rule": {"tenant_id": "6fc03cc5a7f242078d7296eb79c336c3", "direction": "egress", "protocol": "icmp", "security_group_id": "8ec9fd28-009e-4530-87ec-3d1566423d1d"}}
    Response - Headers: {'status': '201', 'content-length': '344', 'connection': 'close', 'date': 'Mon, 22 Feb 2016 20:29:13 GMT', 'content-type': 'application/json; charset=UTF-8', 'x-openstack-request-id': 'req-90a980c0-9c40-439b-9a53-3084c9545fa6'}
        Body: {"security_group_rule": {"remote_group_id": null, "direction": "egress", "remote_ip_prefix": null, "protocol": "icmp", "ethertype": "IPv4", "tenant_id": "6fc03cc5a7f242078d7296eb79c336c3", "port_range_max": null, "port_range_min": null, "id": "d9338988-2a68-4df9-b879-4c192a579596", "security_group_id": "8ec9fd28-009e-4530-87ec-3d1566423d1d"}}
2016-02-22 20:29:13,367 27521 INFO     [tempest_lib.common.rest_client] Request (TestNetworkAdvancedServerOps:test_server_connectivity_pause_unpause): 201 POST http://10.4.1.3:9696/v2.0/security-group-rules 0.313s
2016-02-22 20:29:13,367 27521 DEBUG    [tempest_lib.common.rest_client] Request - Headers: {'Content-Type': 'application/json', 'Accept': 'application/json', 'X-Auth-Token': '&lt;omitted&gt;'}
        Body: {"security_group_rule": {"tenant_id": "6fc03cc5a7f242078d7296eb79c336c3", "direction": "ingress", "security_group_id": "8ec9fd28-009e-4530-87ec-3d1566423d1d", "protocol": "icmp", "ethertype": "IPv6"}}
    Response - Headers: {'status': '201', 'content-length': '345', 'connection': 'close', 'date': 'Mon, 22 Feb 2016 20:29:13 GMT', 'content-type': 'application/json; charset=UTF-8', 'x-openstack-request-id': 'req-0cea7830-8c6d-4867-8947-a45165fbc2ae'}
        Body: {"security_group_rule": {"remote_group_id": null, "direction": "ingress", "remote_ip_prefix": null, "protocol": "icmp", "ethertype": "IPv6", "tenant_id": "6fc03cc5a7f242078d7296eb79c336c3", "port_range_max": null, "port_range_min": null, "id": "de0e1c17-e743-45b9-a739-236dd9adbdaf", "security_group_id": "8ec9fd28-009e-4530-87ec-3d1566423d1d"}}
2016-02-22 20:29:13,701 27521 INFO     [tempest_lib.common.rest_client] Request (TestNetworkAdvancedServerOps:test_server_connectivity_pause_unpause): 201 POST http://10.4.1.3:9696/v2.0/security-group-rules 0.333s
2016-02-22 20:29:13,702 27521 DEBUG    [tempest_lib.common.rest_client] Request - Headers: {'Content-Type': 'application/json', 'Accept': 'application/json', 'X-Auth-Token': '&lt;omitted&gt;'}
        Body: {"security_group_rule": {"tenant_id": "6fc03cc5a7f242078d7296eb79c336c3", "direction": "egress", "security_group_id": "8ec9fd28-009e-4530-87ec-3d1566423d1d", "protocol": "icmp", "ethertype": "IPv6"}}
    Response - Headers: {'status': '201', 'content-length': '344', 'connection': 'close', 'date': 'Mon, 22 Feb 2016 20:29:13 GMT', 'content-type': 'application/json; charset=UTF-8', 'x-openstack-request-id': 'req-83e1190f-bf0d-4bca-a9d3-78d7f063f400'}
        Body: {"security_group_rule": {"remote_group_id": null, "direction": "egress", "remote_ip_prefix": null, "protocol": "icmp", "ethertype": "IPv6", "tenant_id": "6fc03cc5a7f242078d7296eb79c336c3", "port_range_max": null, "port_range_min": null, "id": "4ae8bebc-cfd3-4fcb-9ce2-173a93c56113", "security_group_id": "8ec9fd28-009e-4530-87ec-3d1566423d1d"}}
2016-02-22 20:29:14,729 27521 INFO     [tempest_lib.common.rest_client] Request (TestNetworkAdvancedServerOps:test_server_connectivity_pause_unpause): 201 POST http://10.4.1.3:9696/v2.0/networks 1.026s
2016-02-22 20:29:14,730 27521 DEBUG    [tempest_lib.common.rest_client] Request - Headers: {'Content-Type': 'application/json', 'Accept': 'application/json', 'X-Auth-Token': '&lt;omitted&gt;'}
        Body: {"network": {"tenant_id": "6fc03cc5a7f242078d7296eb79c336c3", "name": "tempest-network-smoke--1933279710"}}
    Response - Headers: {'status': '201', 'content-length': '356', 'connection': 'close', 'date': 'Mon, 22 Feb 2016 20:29:14 GMT', 'content-type': 'application/json; charset=UTF-8', 'x-openstack-request-id': 'req-b13ae105-f200-4d71-b5f6-2ad9f037435f'}
        Body: {"network": {"status": "ACTIVE", "subnets": [], "availability_zone_hints": [], "availability_zones": [], "name": "tempest-network-smoke--1933279710", "admin_state_up": true, "tenant_id": "6fc03cc5a7f242078d7296eb79c336c3", "mtu": 1450, "router:external": false, "shared": false, "port_security_enabled": true, "id": "fa0712b1-553b-480d-bed2-bc13052a89bb"}}
2016-02-22 20:29:15,038 27521 INFO     [tempest_lib.common.rest_client] Request (TestNetworkAdvancedServerOps:test_server_connectivity_pause_unpause): 201 POST http://10.4.1.3:9696/v2.0/routers 0.306s
2016-02-22 20:29:15,039 27521 DEBUG    [tempest_lib.common.rest_client] Request - Headers: {'Content-Type': 'application/json', 'Accept': 'application/json', 'X-Auth-Token': '&lt;omitted&gt;'}
        Body: {"router": {"tenant_id": "6fc03cc5a7f242078d7296eb79c336c3", "name": "tempest-router-smoke-954815511", "admin_state_up": true}}
    Response - Headers: {'status': '201', 'content-length': '238', 'connection': 'close', 'date': 'Mon, 22 Feb 2016 20:29:15 GMT', 'content-type': 'application/json; charset=UTF-8', 'x-openstack-request-id': 'req-81e759ca-be77-4691-bd8b-09b2e7f6a37c'}
        Body: {"router": {"status": "ACTIVE", "external_gateway_info": null, "name": "tempest-router-smoke-954815511", "admin_state_up": true, "tenant_id": "6fc03cc5a7f242078d7296eb79c336c3", "routes": [], "id": "f6f72739-c36b-418f-9318-a1d3589c9e28"}}
2016-02-22 20:29:15,279 27521 INFO     [tempest_lib.common.rest_client] Request (TestNetworkAdvancedServerOps:test_server_connectivity_pause_unpause): 200 GET http://10.4.1.3:9696/v2.0/routers/f6f72739-c36b-418f-9318-a1d3589c9e28 0.239s
2016-02-22 20:29:15,280 27521 DEBUG    [tempest_lib.common.rest_client] Request - Headers: {'Content-Type': 'application/json', 'Accept': 'application/json', 'X-Auth-Token': '&lt;omitted&gt;'}
        Body: None
    Response - Headers: {'status': '200', 'content-length': '238', 'content-location': 'http://10.4.1.3:9696/v2.0/routers/f6f72739-c36b-418f-9318-a1d3589c9e28', 'connection': 'close', 'date': 'Mon, 22 Feb 2016 20:29:15 GMT', 'content-type': 'application/json; charset=UTF-8', 'x-openstack-request-id': 'req-79daf634-19a2-4c4b-8058-a78ba0f19be4'}
        Body: {"router": {"status": "ACTIVE", "external_gateway_info": null, "name": "tempest-router-smoke-954815511", "admin_state_up": true, "tenant_id": "6fc03cc5a7f242078d7296eb79c336c3", "routes": [], "id": "f6f72739-c36b-418f-9318-a1d3589c9e28"}}
2016-02-22 20:29:16,071 27521 INFO     [tempest_lib.common.rest_client] Request (TestNetworkAdvancedServerOps:test_server_connectivity_pause_unpause): 200 PUT http://10.4.1.3:9696/v2.0/routers/f6f72739-c36b-418f-9318-a1d3589c9e28 0.790s
2016-02-22 20:29:16,071 27521 DEBUG    [tempest_lib.common.rest_client] Request - Headers: {'Content-Type': 'application/json', 'Accept': 'application/json', 'X-Auth-Token': '&lt;omitted&gt;'}
        Body: {"router": {"external_gateway_info": {"network_id": "0c0b45fd-8c0d-4c3c-969e-0e43bf6be2f2"}, "name": "tempest-router-smoke-954815511", "admin_state_up": true}}
    Response - Headers: {'status': '200', 'content-length': '500', 'connection': 'close', 'date': 'Mon, 22 Feb 2016 20:29:16 GMT', 'content-type': 'application/json; charset=UTF-8', 'x-openstack-request-id': 'req-424b4ce4-cdec-4fb4-a192-6e374dc6b37a'}
        Body: {"router": {"status": "ACTIVE", "external_gateway_info": {"network_id": "0c0b45fd-8c0d-4c3c-969e-0e43bf6be2f2", "enable_snat": true, "external_fixed_ips": [{"subnet_id": "bb309d6f-f4a1-475e-b3d0-0d5077ef4c67", "ip_address": "172.24.4.3"}, {"subnet_id": "d73f4e15-30a6-4eb3-85bb-957748e2eb1e", "ip_address": "2001:db8::4"}]}, "name": "tempest-router-smoke-954815511", "admin_state_up": true, "tenant_id": "6fc03cc5a7f242078d7296eb79c336c3", "routes": [], "id": "f6f72739-c36b-418f-9318-a1d3589c9e28"}}
2016-02-22 20:29:16,332 27521 INFO     [tempest_lib.common.rest_client] Request (TestNetworkAdvancedServerOps:test_server_connectivity_pause_unpause): 200 GET http://10.4.1.3:9696/v2.0/subnets?tenant_id=6fc03cc5a7f242078d7296eb79c336c3&amp;cidr=10.100.0.0%2F28 0.259s
2016-02-22 20:29:16,332 27521 DEBUG    [tempest_lib.common.rest_client] Request - Headers: {'Content-Type': 'application/json', 'Accept': 'application/json', 'X-Auth-Token': '&lt;omitted&gt;'}
        Body: None
    Response - Headers: {'status': '200', 'content-length': '15', 'content-location': 'http://10.4.1.3:9696/v2.0/subnets?tenant_id=6fc03cc5a7f242078d7296eb79c336c3&amp;cidr=10.100.0.0%2F28', 'connection': 'close', 'date': 'Mon, 22 Feb 2016 20:29:16 GMT', 'content-type': 'application/json; charset=UTF-8', 'x-openstack-request-id': 'req-43e3cccc-39ea-403c-a4ce-4a64ffd7f118'}
        Body: {"subnets": []}
2016-02-22 20:29:16,877 27521 INFO     [tempest_lib.common.rest_client] Request (TestNetworkAdvancedServerOps:test_server_connectivity_pause_unpause): 201 POST http://10.4.1.3:9696/v2.0/subnets 0.543s
2016-02-22 20:29:16,877 27521 DEBUG    [tempest_lib.common.rest_client] Request - Headers: {'Content-Type': 'application/json', 'Accept': 'application/json', 'X-Auth-Token': '&lt;omitted&gt;'}
        Body: {"subnet": {"ip_version": 4, "tenant_id": "6fc03cc5a7f242078d7296eb79c336c3", "cidr": "10.100.0.0/28", "network_id": "fa0712b1-553b-480d-bed2-bc13052a89bb", "name": "tempest-subnet-smoke-2025015501"}}
    Response - Headers: {'status': '201', 'content-length': '478', 'connection': 'close', 'date': 'Mon, 22 Feb 2016 20:29:16 GMT', 'content-type': 'application/json; charset=UTF-8', 'x-openstack-request-id': 'req-0d715df2-26c4-409d-a2f0-5ee9b84a4365'}
        Body: {"subnet": {"name": "tempest-subnet-smoke-2025015501", "enable_dhcp": true, "network_id": "fa0712b1-553b-480d-bed2-bc13052a89bb", "tenant_id": "6fc03cc5a7f242078d7296eb79c336c3", "dns_nameservers": [], "gateway_ip": "10.100.0.1", "ipv6_ra_mode": null, "allocation_pools": [{"start": "10.100.0.2", "end": "10.100.0.14"}], "host_routes": [], "ip_version": 4, "ipv6_address_mode": null, "cidr": "10.100.0.0/28", "id": "49fca1e2-33d7-4b2a-b1a8-05347416f241", "subnetpool_id": null}}
2016-02-22 20:29:17,694 27521 INFO     [tempest_lib.common.rest_client] Request (TestNetworkAdvancedServerOps:test_server_connectivity_pause_unpause): 200 PUT http://10.4.1.3:9696/v2.0/routers/f6f72739-c36b-418f-9318-a1d3589c9e28/add_router_interface 0.815s
2016-02-22 20:29:17,695 27521 DEBUG    [tempest_lib.common.rest_client] Request - Headers: {'Content-Type': 'application/json', 'Accept': 'application/json', 'X-Auth-Token': '&lt;omitted&gt;'}
        Body: {"subnet_id": "49fca1e2-33d7-4b2a-b1a8-05347416f241"}
    Response - Headers: {'status': '200', 'content-length': '309', 'connection': 'close', 'date': 'Mon, 22 Feb 2016 20:29:17 GMT', 'content-type': 'application/json; charset=UTF-8', 'x-openstack-request-id': 'req-1783819b-c005-479e-b9f5-93485ce54e5c'}
        Body: {"network_id": "fa0712b1-553b-480d-bed2-bc13052a89bb", "tenant_id": "6fc03cc5a7f242078d7296eb79c336c3", "subnet_id": "49fca1e2-33d7-4b2a-b1a8-05347416f241", "subnet_ids": ["49fca1e2-33d7-4b2a-b1a8-05347416f241"], "port_id": "d3635805-ac7f-43c4-880c-d16b1e205095", "id": "f6f72739-c36b-418f-9318-a1d3589c9e28"}
2016-02-22 20:29:17,880 27521 INFO     [tempest_lib.common.rest_client] Request (TestNetworkAdvancedServerOps:test_server_connectivity_pause_unpause): 200 POST http://10.4.1.3:5000/v2.0/tokens
2016-02-22 20:29:17,881 27521 DEBUG    [tempest_lib.common.rest_client] Request - Headers: {'Content-Type': 'application/json', 'Accept': 'application/json'}
        Body: &lt;omitted&gt;
    Response - Headers: {'status': '200', 'content-length': '2294', 'vary': 'X-Auth-Token', 'server': 'Apache/2.4.7 (Ubuntu)', 'connection': 'close', 'date': 'Mon, 22 Feb 2016 20:29:17 GMT', 'content-type': 'application/json', 'x-openstack-request-id': 'req-f44ab4da-2196-4dcd-960f-f9ff69199449'}
        Body: {"access": {"token": {"issued_at": "2016-02-22T20:29:17.867293", "expires": "2016-02-22T21:29:17Z", "id": "5eabe2bd10c748639498b76555acf969", "tenant": {"description": "tempest-TestNetworkAdvancedServerOps-1195605007-desc", "enabled": true, "id": "6fc03cc5a7f242078d7296eb79c336c3", "name": "tempest-TestNetworkAdvancedServerOps-1195605007"}, "audit_ids": ["cLc9QmYzRhOtXeWk3S0EfA"]}, "serviceCatalog": [{"endpoints": [{"adminURL": "http://10.4.1.3:9292", "region": "RegionOne", "internalURL": "http://10.4.1.3:9292", "id": "34ec60b2c745410b8544f336f33ac614", "publicURL": "http://10.4.1.3:9292"}], "endpoints_links": [], "type": "image", "name": "glance"}, {"endpoints": [{"adminURL": "http://10.4.1.3:8774/v2.1/6fc03cc5a7f242078d7296eb79c336c3", "region": "RegionOne", "internalURL": "http://10.4.1.3:8774/v2.1/6fc03cc5a7f242078d7296eb79c336c3", "id": "65323bd32c7c45fd920adf18986e7316", "publicURL": "http://10.4.1.3:8774/v2.1/6fc03cc5a7f242078d7296eb79c336c3"}], "endpoints_links": [], "type": "compute", "name": "nova"}, {"endpoints": [{"adminURL": "http://10.4.1.3:9696/", "region": "RegionOne", "internalURL": "http://10.4.1.3:9696/", "id": "305a9c06c69f463a9fe8863b8ea15ecb", "publicURL": "http://10.4.1.3:9696/"}], "endpoints_links": [], "type": "network", "name": "neutron"}, {"endpoints": [{"adminURL": "http://10.4.1.3:35357/v2.0", "region": "RegionOne", "internalURL": "http://10.4.1.3:5000/v2.0", "id": "6538e337df514ceaa1edb7c4d7c9f5c6", "publicURL": "http://10.4.1.3:5000/v2.0"}], "endpoints_links": [], "type": "identity", "name": "keystone"}, {"endpoints": [{"adminURL": "http://10.4.1.3:8774/v2/6fc03cc5a7f242078d7296eb79c336c3", "region": "RegionOne", "internalURL": "http://10.4.1.3:8774/v2/6fc03cc5a7f242078d7296eb79c336c3", "id": "750924e235f646ca8f63de28df530d77", "publicURL": "http://10.4.1.3:8774/v2/6fc03cc5a7f242078d7296eb79c336c3"}], "endpoints_links": [], "type": "compute_legacy", "name": "nova_legacy"}], "user": {"username": "tempest-TestNetworkAdvancedServerOps-388797888", "roles_links": [], "id": "167bb89b0c9b470d98a0e154a92ab071", "roles": [{"name": "_member_"}, {"name": "Member"}], "name": "tempest-TestNetworkAdvancedServerOps-388797888"}, "metadata": {"is_admin": 0, "roles": ["9fe2ff9ee4384b1894a90878d3e92bab", "63fe8279f3854a81983ca77b3fa2b0f3"]}}}
2016-02-22 20:29:17,888 27521 DEBUG    [tempest.common.fixed_network] (TestNetworkAdvancedServerOps:test_server_connectivity_pause_unpause) No valid network provided or created, defaulting to fixed_network_name
2016-02-22 20:29:18,338 27521 INFO     [tempest_lib.common.rest_client] Request (TestNetworkAdvancedServerOps:test_server_connectivity_pause_unpause): 200 GET http://10.4.1.3:8774/v2.1/6fc03cc5a7f242078d7296eb79c336c3/os-networks 0.450s
2016-02-22 20:29:18,339 27521 DEBUG    [tempest_lib.common.rest_client] Request - Headers: {'Content-Type': 'application/json', 'Accept': 'application/json', 'X-Auth-Token': '&lt;omitted&gt;'}
        Body: None
    Response - Headers: {'status': '200', 'content-length': '479', 'content-location': 'http://10.4.1.3:8774/v2.1/6fc03cc5a7f242078d7296eb79c336c3/os-networks', 'x-compute-request-id': 'req-ab31db95-7676-4a9c-a25c-fc00e61c1245', 'vary': 'X-OpenStack-Nova-API-Version', 'connection': 'close', 'x-openstack-nova-api-version': '2.1', 'date': 'Mon, 22 Feb 2016 20:29:18 GMT', 'content-type': 'application/json'}
        Body: {"networks": [{"cidr_v6": null, "dns2": null, "dns1": null, "gateway": null, "broadcast": null, "netmask": null, "gateway_v6": null, "cidr": null, "label": "public", "id": "0c0b45fd-8c0d-4c3c-969e-0e43bf6be2f2", "netmask_v6": null}, {"cidr_v6": null, "dns2": null, "dns1": null, "gateway": null, "broadcast": null, "netmask": null, "gateway_v6": null, "cidr": null, "label": "tempest-network-smoke--1933279710", "id": "fa0712b1-553b-480d-bed2-bc13052a89bb", "netmask_v6": null}]}
2016-02-22 20:29:18,339 27521 WARNING  [tempest.common.fixed_network] (TestNetworkAdvancedServerOps:test_server_connectivity_pause_unpause) Network with name: private not found
2016-02-22 20:29:18,339 27521 INFO     [tempest.common.fixed_network] (TestNetworkAdvancedServerOps:test_server_connectivity_pause_unpause) Found network {} available for tenant
2016-02-22 20:29:21,331 27521 INFO     [tempest_lib.common.rest_client] Request (TestNetworkAdvancedServerOps:test_server_connectivity_pause_unpause): 202 POST http://10.4.1.3:8774/v2.1/6fc03cc5a7f242078d7296eb79c336c3/servers 2.990s
2016-02-22 20:29:21,331 27521 DEBUG    [tempest_lib.common.rest_client] Request - Headers: {'Content-Type': 'application/json', 'Accept': 'application/json', 'X-Auth-Token': '&lt;omitted&gt;'}
        Body: {"server": {"name": "tempest-server-smoke-101985768", "imageRef": "05544f1e-ab76-45e2-898d-f03fd15f6e4c", "key_name": "tempest-TestNetworkAdvancedServerOps-1495232351", "flavorRef": "42", "networks": [{"uuid": "fa0712b1-553b-480d-bed2-bc13052a89bb"}], "security_groups": [{"name": "tempest-secgroup-smoke-861942263"}]}}
    Response - Headers: {'status': '202', 'content-length': '459', 'x-compute-request-id': 'req-40b34b00-831c-4769-97ae-f0608df97205', 'vary': 'X-OpenStack-Nova-API-Version', 'connection': 'close', 'location': 'http://10.4.1.3:8774/v2.1/6fc03cc5a7f242078d7296eb79c336c3/servers/82c5750b-85a9-4c5b-a4ad-1ddbc920c7ab', 'x-openstack-nova-api-version': '2.1', 'date': 'Mon, 22 Feb 2016 20:29:21 GMT', 'content-type': 'application/json'}
        Body: {"server": {"security_groups": [{"name": "tempest-secgroup-smoke-861942263"}], "OS-DCF:diskConfig": "MANUAL", "id": "82c5750b-85a9-4c5b-a4ad-1ddbc920c7ab", "links": [{"href": "http://10.4.1.3:8774/v2.1/6fc03cc5a7f242078d7296eb79c336c3/servers/82c5750b-85a9-4c5b-a4ad-1ddbc920c7ab", "rel": "self"}, {"href": "http://10.4.1.3:8774/6fc03cc5a7f242078d7296eb79c336c3/servers/82c5750b-85a9-4c5b-a4ad-1ddbc920c7ab", "rel": "bookmark"}], "adminPass": "EjvhFrjK6t6P"}}
2016-02-22 20:29:21,806 27521 INFO     [tempest_lib.common.rest_client] Request (TestNetworkAdvancedServerOps:test_server_connectivity_pause_unpause): 200 GET http://10.4.1.3:8774/v2.1/6fc03cc5a7f242078d7296eb79c336c3/servers/82c5750b-85a9-4c5b-a4ad-1ddbc920c7ab 0.471s
2016-02-22 20:29:21,806 27521 DEBUG    [tempest_lib.common.rest_client] Request - Headers: {'Content-Type': 'application/json', 'Accept': 'application/json', 'X-Auth-Token': '&lt;omitted&gt;'}
        Body: None
    Response - Headers: {'status': '200', 'content-length': '1349', 'content-location': 'http://10.4.1.3:8774/v2.1/6fc03cc5a7f242078d7296eb79c336c3/servers/82c5750b-85a9-4c5b-a4ad-1ddbc920c7ab', 'x-compute-request-id': 'req-7b0e1c22-f08e-4393-8abd-bea4266cbda2', 'vary': 'X-OpenStack-Nova-API-Version', 'connection': 'close', 'x-openstack-nova-api-version': '2.1', 'date': 'Mon, 22 Feb 2016 20:29:21 GMT', 'content-type': 'application/json'}
        Body: {"server": {"status": "BUILD", "updated": "2016-02-22T20:29:21Z", "hostId": "", "addresses": {}, "links": [{"href": "http://10.4.1.3:8774/v2.1/6fc03cc5a7f242078d7296eb79c336c3/servers/82c5750b-85a9-4c5b-a4ad-1ddbc920c7ab", "rel": "self"}, {"href": "http://10.4.1.3:8774/6fc03cc5a7f242078d7296eb79c336c3/servers/82c5750b-85a9-4c5b-a4ad-1ddbc920c7ab", "rel": "bookmark"}], "key_name": "tempest-TestNetworkAdvancedServerOps-1495232351", "image": {"id": "05544f1e-ab76-45e2-898d-f03fd15f6e4c", "links": [{"href": "http://10.4.1.3:8774/6fc03cc5a7f242078d7296eb79c336c3/images/05544f1e-ab76-45e2-898d-f03fd15f6e4c", "rel": "bookmark"}]}, "OS-EXT-STS:task_state": "scheduling", "OS-EXT-STS:vm_state": "building", "OS-SRV-USG:launched_at": null, "flavor": {"id": "42", "links": [{"href": "http://10.4.1.3:8774/6fc03cc5a7f242078d7296eb79c336c3/flavors/42", "rel": "bookmark"}]}, "id": "82c5750b-85a9-4c5b-a4ad-1ddbc920c7ab", "OS-SRV-USG:terminated_at": null, "OS-EXT-AZ:availability_zone": "", "user_id": "167bb89b0c9b470d98a0e154a92ab071", "name": "tempest-server-smoke-101985768", "created": "2016-02-22T20:29:21Z", "tenant_id": "6fc03cc5a7f242078d7296eb79c336c3", "OS-DCF:diskConfig": "MANUAL", "os-extended-volumes:volumes_attached": [], "accessIPv4": "", "accessIPv6": "", "progress": 0, "OS-EXT-STS:power_state": 0, "config_drive": "", "metadata": {}}}
2016-02-22 20:29:23,384 27521 INFO     [tempest_lib.common.rest_client] Request (TestNetworkAdvancedServerOps:test_server_connectivity_pause_unpause): 200 GET http://10.4.1.3:8774/v2.1/6fc03cc5a7f242078d7296eb79c336c3/servers/82c5750b-85a9-4c5b-a4ad-1ddbc920c7ab 0.566s
2016-02-22 20:29:23,385 27521 DEBUG    [tempest_lib.common.rest_client] Request - Headers: {'Content-Type': 'application/json', 'Accept': 'application/json', 'X-Auth-Token': '&lt;omitted&gt;'}
        Body: None
    Response - Headers: {'status': '200', 'content-length': '1407', 'content-location': 'http://10.4.1.3:8774/v2.1/6fc03cc5a7f242078d7296eb79c336c3/servers/82c5750b-85a9-4c5b-a4ad-1ddbc920c7ab', 'x-compute-request-id': 'req-393a76ef-d571-48ee-9b90-d4a3174b93fb', 'vary': 'X-OpenStack-Nova-API-Version', 'connection': 'close', 'x-openstack-nova-api-version': '2.1', 'date': 'Mon, 22 Feb 2016 20:29:23 GMT', 'content-type': 'application/json'}
        Body: {"server": {"status": "BUILD", "updated": "2016-02-22T20:29:22Z", "hostId": "350cf33bdafc2730df6a886fa53d484fd7b8558db48b5cee25254069", "addresses": {}, "links": [{"href": "http://10.4.1.3:8774/v2.1/6fc03cc5a7f242078d7296eb79c336c3/servers/82c5750b-85a9-4c5b-a4ad-1ddbc920c7ab", "rel": "self"}, {"href": "http://10.4.1.3:8774/6fc03cc5a7f242078d7296eb79c336c3/servers/82c5750b-85a9-4c5b-a4ad-1ddbc920c7ab", "rel": "bookmark"}], "key_name": "tempest-TestNetworkAdvancedServerOps-1495232351", "image": {"id": "05544f1e-ab76-45e2-898d-f03fd15f6e4c", "links": [{"href": "http://10.4.1.3:8774/6fc03cc5a7f242078d7296eb79c336c3/images/05544f1e-ab76-45e2-898d-f03fd15f6e4c", "rel": "bookmark"}]}, "OS-EXT-STS:task_state": "spawning", "OS-EXT-STS:vm_state": "building", "OS-SRV-USG:launched_at": null, "flavor": {"id": "42", "links": [{"href": "http://10.4.1.3:8774/6fc03cc5a7f242078d7296eb79c336c3/flavors/42", "rel": "bookmark"}]}, "id": "82c5750b-85a9-4c5b-a4ad-1ddbc920c7ab", "OS-SRV-USG:terminated_at": null, "OS-EXT-AZ:availability_zone": "nova", "user_id": "167bb89b0c9b470d98a0e154a92ab071", "name": "tempest-server-smoke-101985768", "created": "2016-02-22T20:29:21Z", "tenant_id": "6fc03cc5a7f242078d7296eb79c336c3", "OS-DCF:diskConfig": "MANUAL", "os-extended-volumes:volumes_attached": [], "accessIPv4": "", "accessIPv6": "", "progress": 0, "OS-EXT-STS:power_state": 0, "config_drive": "", "metadata": {}}}
2016-02-22 20:29:23,393 27521 INFO     [tempest.common.waiters] State transition "BUILD/scheduling" ==&gt; "BUILD/spawning" after 2 second wait
2016-02-22 20:29:25,339 27521 INFO     [tempest_lib.common.rest_client] Request (TestNetworkAdvancedServerOps:test_server_connectivity_pause_unpause): 200 GET http://10.4.1.3:8774/v2.1/6fc03cc5a7f242078d7296eb79c336c3/servers/82c5750b-85a9-4c5b-a4ad-1ddbc920c7ab 0.943s
2016-02-22 20:29:25,339 27521 DEBUG    [tempest_lib.common.rest_client] Request - Headers: {'Content-Type': 'application/json', 'Accept': 'application/json', 'X-Auth-Token': '&lt;omitted&gt;'}
        Body: None
    Response - Headers: {'status': '200', 'content-length': '1474', 'content-location': 'http://10.4.1.3:8774/v2.1/6fc03cc5a7f242078d7296eb79c336c3/servers/82c5750b-85a9-4c5b-a4ad-1ddbc920c7ab', 'x-compute-request-id': 'req-0dbf853d-d8cc-422a-9a4d-40cc70f91232', 'vary': 'X-OpenStack-Nova-API-Version', 'connection': 'close', 'x-openstack-nova-api-version': '2.1', 'date': 'Mon, 22 Feb 2016 20:29:25 GMT', 'content-type': 'application/json'}
        Body: {"server": {"status": "BUILD", "updated": "2016-02-22T20:29:22Z", "hostId": "350cf33bdafc2730df6a886fa53d484fd7b8558db48b5cee25254069", "addresses": {}, "links": [{"href": "http://10.4.1.3:8774/v2.1/6fc03cc5a7f242078d7296eb79c336c3/servers/82c5750b-85a9-4c5b-a4ad-1ddbc920c7ab", "rel": "self"}, {"href": "http://10.4.1.3:8774/6fc03cc5a7f242078d7296eb79c336c3/servers/82c5750b-85a9-4c5b-a4ad-1ddbc920c7ab", "rel": "bookmark"}], "key_name": "tempest-TestNetworkAdvancedServerOps-1495232351", "image": {"id": "05544f1e-ab76-45e2-898d-f03fd15f6e4c", "links": [{"href": "http://10.4.1.3:8774/6fc03cc5a7f242078d7296eb79c336c3/images/05544f1e-ab76-45e2-898d-f03fd15f6e4c", "rel": "bookmark"}]}, "OS-EXT-STS:task_state": "spawning", "OS-EXT-STS:vm_state": "building", "OS-SRV-USG:launched_at": null, "flavor": {"id": "42", "links": [{"href": "http://10.4.1.3:8774/6fc03cc5a7f242078d7296eb79c336c3/flavors/42", "rel": "bookmark"}]}, "id": "82c5750b-85a9-4c5b-a4ad-1ddbc920c7ab", "security_groups": [{"name": "tempest-secgroup-smoke-861942263"}], "OS-SRV-USG:terminated_at": null, "OS-EXT-AZ:availability_zone": "nova", "user_id": "167bb89b0c9b470d98a0e154a92ab071", "name": "tempest-server-smoke-101985768", "created": "2016-02-22T20:29:21Z", "tenant_id": "6fc03cc5a7f242078d7296eb79c336c3", "OS-DCF:diskConfig": "MANUAL", "os-extended-volumes:volumes_attached": [], "accessIPv4": "", "accessIPv6": "", "progress": 0, "OS-EXT-STS:power_state": 0, "config_drive": "", "metadata": {}}}
2016-02-22 20:29:27,151 27521 INFO     [tempest_lib.common.rest_client] Request (TestNetworkAdvancedServerOps:test_server_connectivity_pause_unpause): 200 GET http://10.4.1.3:8774/v2.1/6fc03cc5a7f242078d7296eb79c336c3/servers/82c5750b-85a9-4c5b-a4ad-1ddbc920c7ab 0.801s
2016-02-22 20:29:27,152 27521 DEBUG    [tempest_lib.common.rest_client] Request - Headers: {'Content-Type': 'application/json', 'Accept': 'application/json', 'X-Auth-Token': '&lt;omitted&gt;'}
        Body: None
    Response - Headers: {'status': '200', 'content-length': '1474', 'content-location': 'http://10.4.1.3:8774/v2.1/6fc03cc5a7f242078d7296eb79c336c3/servers/82c5750b-85a9-4c5b-a4ad-1ddbc920c7ab', 'x-compute-request-id': 'req-d60f50e7-c86d-4761-8f90-a2e7e306c93a', 'vary': 'X-OpenStack-Nova-API-Version', 'connection': 'close', 'x-openstack-nova-api-version': '2.1', 'date': 'Mon, 22 Feb 2016 20:29:27 GMT', 'content-type': 'application/json'}
        Body: {"server": {"status": "BUILD", "updated": "2016-02-22T20:29:22Z", "hostId": "350cf33bdafc2730df6a886fa53d484fd7b8558db48b5cee25254069", "addresses": {}, "links": [{"href": "http://10.4.1.3:8774/v2.1/6fc03cc5a7f242078d7296eb79c336c3/servers/82c5750b-85a9-4c5b-a4ad-1ddbc920c7ab", "rel": "self"}, {"href": "http://10.4.1.3:8774/6fc03cc5a7f242078d7296eb79c336c3/servers/82c5750b-85a9-4c5b-a4ad-1ddbc920c7ab", "rel": "bookmark"}], "key_name": "tempest-TestNetworkAdvancedServerOps-1495232351", "image": {"id": "05544f1e-ab76-45e2-898d-f03fd15f6e4c", "links": [{"href": "http://10.4.1.3:8774/6fc03cc5a7f242078d7296eb79c336c3/images/05544f1e-ab76-45e2-898d-f03fd15f6e4c", "rel": "bookmark"}]}, "OS-EXT-STS:task_state": "spawning", "OS-EXT-STS:vm_state": "building", "OS-SRV-USG:launched_at": null, "flavor": {"id": "42", "links": [{"href": "http://10.4.1.3:8774/6fc03cc5a7f242078d7296eb79c336c3/flavors/42", "rel": "bookmark"}]}, "id": "82c5750b-85a9-4c5b-a4ad-1ddbc920c7ab", "security_groups": [{"name": "tempest-secgroup-smoke-861942263"}], "OS-SRV-USG:terminated_at": null, "OS-EXT-AZ:availability_zone": "nova", "user_id": "167bb89b0c9b470d98a0e154a92ab071", "name": "tempest-server-smoke-101985768", "created": "2016-02-22T20:29:21Z", "tenant_id": "6fc03cc5a7f242078d7296eb79c336c3", "OS-DCF:diskConfig": "MANUAL", "os-extended-volumes:volumes_attached": [], "accessIPv4": "", "accessIPv6": "", "progress": 0, "OS-EXT-STS:power_state": 0, "config_drive": "", "metadata": {}}}
2016-02-22 20:29:28,827 27521 INFO     [tempest_lib.common.rest_client] Request (TestNetworkAdvancedServerOps:test_server_connectivity_pause_unpause): 200 GET http://10.4.1.3:8774/v2.1/6fc03cc5a7f242078d7296eb79c336c3/servers/82c5750b-85a9-4c5b-a4ad-1ddbc920c7ab 0.663s
2016-02-22 20:29:28,828 27521 DEBUG    [tempest_lib.common.rest_client] Request - Headers: {'Content-Type': 'application/json', 'Accept': 'application/json', 'X-Auth-Token': '&lt;omitted&gt;'}
        Body: None
    Response - Headers: {'status': '200', 'content-length': '1646', 'content-location': 'http://10.4.1.3:8774/v2.1/6fc03cc5a7f242078d7296eb79c336c3/servers/82c5750b-85a9-4c5b-a4ad-1ddbc920c7ab', 'x-compute-request-id': 'req-be38f1c0-af33-4e58-8eca-f392bfa9d02e', 'vary': 'X-OpenStack-Nova-API-Version', 'connection': 'close', 'x-openstack-nova-api-version': '2.1', 'date': 'Mon, 22 Feb 2016 20:29:28 GMT', 'content-type': 'application/json'}
        Body: {"server": {"status": "ACTIVE", "updated": "2016-02-22T20:29:27Z", "hostId": "350cf33bdafc2730df6a886fa53d484fd7b8558db48b5cee25254069", "addresses": {"tempest-network-smoke--1933279710": [{"OS-EXT-IPS-MAC:mac_addr": "fa:16:3e:68:cb:dd", "version": 4, "addr": "10.100.0.3", "OS-EXT-IPS:type": "fixed"}]}, "links": [{"href": "http://10.4.1.3:8774/v2.1/6fc03cc5a7f242078d7296eb79c336c3/servers/82c5750b-85a9-4c5b-a4ad-1ddbc920c7ab", "rel": "self"}, {"href": "http://10.4.1.3:8774/6fc03cc5a7f242078d7296eb79c336c3/servers/82c5750b-85a9-4c5b-a4ad-1ddbc920c7ab", "rel": "bookmark"}], "key_name": "tempest-TestNetworkAdvancedServerOps-1495232351", "image": {"id": "05544f1e-ab76-45e2-898d-f03fd15f6e4c", "links": [{"href": "http://10.4.1.3:8774/6fc03cc5a7f242078d7296eb79c336c3/images/05544f1e-ab76-45e2-898d-f03fd15f6e4c", "rel": "bookmark"}]}, "OS-EXT-STS:task_state": null, "OS-EXT-STS:vm_state": "active", "OS-SRV-USG:launched_at": "2016-02-22T20:29:27.000000", "flavor": {"id": "42", "links": [{"href": "http://10.4.1.3:8774/6fc03cc5a7f242078d7296eb79c336c3/flavors/42", "rel": "bookmark"}]}, "id": "82c5750b-85a9-4c5b-a4ad-1ddbc920c7ab", "security_groups": [{"name": "tempest-secgroup-smoke-861942263"}], "OS-SRV-USG:terminated_at": null, "OS-EXT-AZ:availability_zone": "nova", "user_id": "167bb89b0c9b470d98a0e154a92ab071", "name": "tempest-server-smoke-101985768", "created": "2016-02-22T20:29:21Z", "tenant_id": "6fc03cc5a7f242078d7296eb79c336c3", "OS-DCF:diskConfig": "MANUAL", "os-extended-volumes:volumes_attached": [], "accessIPv4": "", "accessIPv6": "", "progress": 0, "OS-EXT-STS:power_state": 1, "config_drive": "True", "metadata": {}}}
2016-02-22 20:29:28,839 27521 INFO     [tempest.common.waiters] State transition "BUILD/spawning" ==&gt; "ACTIVE/None" after 7 second wait
2016-02-22 20:29:29,498 27521 INFO     [tempest_lib.common.rest_client] Request (TestNetworkAdvancedServerOps:test_server_connectivity_pause_unpause): 200 GET http://10.4.1.3:8774/v2.1/6fc03cc5a7f242078d7296eb79c336c3/servers/82c5750b-85a9-4c5b-a4ad-1ddbc920c7ab 0.659s
2016-02-22 20:29:29,499 27521 DEBUG    [tempest_lib.common.rest_client] Request - Headers: {'Content-Type': 'application/json', 'Accept': 'application/json', 'X-Auth-Token': '&lt;omitted&gt;'}
        Body: None
    Response - Headers: {'status': '200', 'content-length': '1646', 'content-location': 'http://10.4.1.3:8774/v2.1/6fc03cc5a7f242078d7296eb79c336c3/servers/82c5750b-85a9-4c5b-a4ad-1ddbc920c7ab', 'x-compute-request-id': 'req-bc795d8b-b1f4-448a-9ba4-09b995f44b03', 'vary': 'X-OpenStack-Nova-API-Version', 'connection': 'close', 'x-openstack-nova-api-version': '2.1', 'date': 'Mon, 22 Feb 2016 20:29:29 GMT', 'content-type': 'application/json'}
        Body: {"server": {"status": "ACTIVE", "updated": "2016-02-22T20:29:27Z", "hostId": "350cf33bdafc2730df6a886fa53d484fd7b8558db48b5cee25254069", "addresses": {"tempest-network-smoke--1933279710": [{"OS-EXT-IPS-MAC:mac_addr": "fa:16:3e:68:cb:dd", "version": 4, "addr": "10.100.0.3", "OS-EXT-IPS:type": "fixed"}]}, "links": [{"href": "http://10.4.1.3:8774/v2.1/6fc03cc5a7f242078d7296eb79c336c3/servers/82c5750b-85a9-4c5b-a4ad-1ddbc920c7ab", "rel": "self"}, {"href": "http://10.4.1.3:8774/6fc03cc5a7f242078d7296eb79c336c3/servers/82c5750b-85a9-4c5b-a4ad-1ddbc920c7ab", "rel": "bookmark"}], "key_name": "tempest-TestNetworkAdvancedServerOps-1495232351", "image": {"id": "05544f1e-ab76-45e2-898d-f03fd15f6e4c", "links": [{"href": "http://10.4.1.3:8774/6fc03cc5a7f242078d7296eb79c336c3/images/05544f1e-ab76-45e2-898d-f03fd15f6e4c", "rel": "bookmark"}]}, "OS-EXT-STS:task_state": null, "OS-EXT-STS:vm_state": "active", "OS-SRV-USG:launched_at": "2016-02-22T20:29:27.000000", "flavor": {"id": "42", "links": [{"href": "http://10.4.1.3:8774/6fc03cc5a7f242078d7296eb79c336c3/flavors/42", "rel": "bookmark"}]}, "id": "82c5750b-85a9-4c5b-a4ad-1ddbc920c7ab", "security_groups": [{"name": "tempest-secgroup-smoke-861942263"}], "OS-SRV-USG:terminated_at": null, "OS-EXT-AZ:availability_zone": "nova", "user_id": "167bb89b0c9b470d98a0e154a92ab071", "name": "tempest-server-smoke-101985768", "created": "2016-02-22T20:29:21Z", "tenant_id": "6fc03cc5a7f242078d7296eb79c336c3", "OS-DCF:diskConfig": "MANUAL", "os-extended-volumes:volumes_attached": [], "accessIPv4": "", "accessIPv6": "", "progress": 0, "OS-EXT-STS:power_state": 1, "config_drive": "True", "metadata": {}}}
2016-02-22 20:29:29,721 27521 INFO     [tempest_lib.common.rest_client] Request (TestNetworkAdvancedServerOps:test_server_connectivity_pause_unpause): 200 GET http://10.4.1.3:9696/v2.0/ports?fixed_ip=None&amp;device_id=82c5750b-85a9-4c5b-a4ad-1ddbc920c7ab 0.212s
2016-02-22 20:29:29,721 27521 DEBUG    [tempest_lib.common.rest_client] Request - Headers: {'Content-Type': 'application/json', 'Accept': 'application/json', 'X-Auth-Token': '&lt;omitted&gt;'}
        Body: None
    Response - Headers: {'status': '200', 'content-length': '755', 'content-location': 'http://10.4.1.3:9696/v2.0/ports?fixed_ip=None&amp;device_id=82c5750b-85a9-4c5b-a4ad-1ddbc920c7ab', 'connection': 'close', 'date': 'Mon, 22 Feb 2016 20:29:29 GMT', 'content-type': 'application/json; charset=UTF-8', 'x-openstack-request-id': 'req-dde99feb-1f71-4058-a388-8e98dc535e5b'}
        Body: {"ports": [{"status": "ACTIVE", "binding:host_id": "vagrant-ubuntu-trusty-64", "name": "", "allowed_address_pairs": [], "admin_state_up": true, "network_id": "fa0712b1-553b-480d-bed2-bc13052a89bb", "tenant_id": "6fc03cc5a7f242078d7296eb79c336c3", "extra_dhcp_opts": [], "mac_address": "fa:16:3e:68:cb:dd", "binding:vif_details": {"port_filter": true}, "binding:vif_type": "ovs", "device_owner": "compute:None", "binding:profile": {}, "port_security_enabled": true, "binding:vnic_type": "normal", "fixed_ips": [{"subnet_id": "49fca1e2-33d7-4b2a-b1a8-05347416f241", "ip_address": "10.100.0.3"}], "id": "f27acd3e-8ab6-4ebc-abd6-8955bf69294d", "security_groups": ["8ec9fd28-009e-4530-87ec-3d1566423d1d"], "device_id": "82c5750b-85a9-4c5b-a4ad-1ddbc920c7ab"}]}
2016-02-22 20:29:30,446 27521 INFO     [tempest_lib.common.rest_client] Request (TestNetworkAdvancedServerOps:test_server_connectivity_pause_unpause): 201 POST http://10.4.1.3:9696/v2.0/floatingips 0.724s
2016-02-22 20:29:30,446 27521 DEBUG    [tempest_lib.common.rest_client] Request - Headers: {'Content-Type': 'application/json', 'Accept': 'application/json', 'X-Auth-Token': '&lt;omitted&gt;'}
        Body: {"floatingip": {"floating_network_id": "0c0b45fd-8c0d-4c3c-969e-0e43bf6be2f2", "tenant_id": "6fc03cc5a7f242078d7296eb79c336c3", "fixed_ip_address": "10.100.0.3", "port_id": "f27acd3e-8ab6-4ebc-abd6-8955bf69294d"}}
    Response - Headers: {'status': '201', 'content-length': '369', 'connection': 'close', 'date': 'Mon, 22 Feb 2016 20:29:30 GMT', 'content-type': 'application/json; charset=UTF-8', 'x-openstack-request-id': 'req-8d5c90c7-c50d-4e6c-91e0-7c3a846c79c1'}
        Body: {"floatingip": {"floating_network_id": "0c0b45fd-8c0d-4c3c-969e-0e43bf6be2f2", "router_id": "f6f72739-c36b-418f-9318-a1d3589c9e28", "fixed_ip_address": "10.100.0.3", "floating_ip_address": "172.24.4.4", "tenant_id": "6fc03cc5a7f242078d7296eb79c336c3", "status": "ACTIVE", "port_id": "f27acd3e-8ab6-4ebc-abd6-8955bf69294d", "id": "ff6be3fc-68ed-4318-83e8-ceea120a8cfa"}}
2016-02-22 20:29:31,111 27521 INFO     [tempest_lib.common.rest_client] Request (TestNetworkAdvancedServerOps:test_server_connectivity_pause_unpause): 200 GET http://10.4.1.3:8774/v2.1/6fc03cc5a7f242078d7296eb79c336c3/servers/82c5750b-85a9-4c5b-a4ad-1ddbc920c7ab 0.664s
2016-02-22 20:29:31,111 27521 DEBUG    [tempest_lib.common.rest_client] Request - Headers: {'Content-Type': 'application/json', 'Accept': 'application/json', 'X-Auth-Token': '&lt;omitted&gt;'}
        Body: None
    Response - Headers: {'status': '200', 'content-length': '1646', 'content-location': 'http://10.4.1.3:8774/v2.1/6fc03cc5a7f242078d7296eb79c336c3/servers/82c5750b-85a9-4c5b-a4ad-1ddbc920c7ab', 'x-compute-request-id': 'req-55a906ed-7dde-4f22-8a80-c9233d9e3263', 'vary': 'X-OpenStack-Nova-API-Version', 'connection': 'close', 'x-openstack-nova-api-version': '2.1', 'date': 'Mon, 22 Feb 2016 20:29:31 GMT', 'content-type': 'application/json'}
        Body: {"server": {"status": "ACTIVE", "updated": "2016-02-22T20:29:27Z", "hostId": "350cf33bdafc2730df6a886fa53d484fd7b8558db48b5cee25254069", "addresses": {"tempest-network-smoke--1933279710": [{"OS-EXT-IPS-MAC:mac_addr": "fa:16:3e:68:cb:dd", "version": 4, "addr": "10.100.0.3", "OS-EXT-IPS:type": "fixed"}]}, "links": [{"href": "http://10.4.1.3:8774/v2.1/6fc03cc5a7f242078d7296eb79c336c3/servers/82c5750b-85a9-4c5b-a4ad-1ddbc920c7ab", "rel": "self"}, {"href": "http://10.4.1.3:8774/6fc03cc5a7f242078d7296eb79c336c3/servers/82c5750b-85a9-4c5b-a4ad-1ddbc920c7ab", "rel": "bookmark"}], "key_name": "tempest-TestNetworkAdvancedServerOps-1495232351", "image": {"id": "05544f1e-ab76-45e2-898d-f03fd15f6e4c", "links": [{"href": "http://10.4.1.3:8774/6fc03cc5a7f242078d7296eb79c336c3/images/05544f1e-ab76-45e2-898d-f03fd15f6e4c", "rel": "bookmark"}]}, "OS-EXT-STS:task_state": null, "OS-EXT-STS:vm_state": "active", "OS-SRV-USG:launched_at": "2016-02-22T20:29:27.000000", "flavor": {"id": "42", "links": [{"href": "http://10.4.1.3:8774/6fc03cc5a7f242078d7296eb79c336c3/flavors/42", "rel": "bookmark"}]}, "id": "82c5750b-85a9-4c5b-a4ad-1ddbc920c7ab", "security_groups": [{"name": "tempest-secgroup-smoke-861942263"}], "OS-SRV-USG:terminated_at": null, "OS-EXT-AZ:availability_zone": "nova", "user_id": "167bb89b0c9b470d98a0e154a92ab071", "name": "tempest-server-smoke-101985768", "created": "2016-02-22T20:29:21Z", "tenant_id": "6fc03cc5a7f242078d7296eb79c336c3", "OS-DCF:diskConfig": "MANUAL", "os-extended-volumes:volumes_attached": [], "accessIPv4": "", "accessIPv6": "", "progress": 0, "OS-EXT-STS:power_state": 1, "config_drive": "True", "metadata": {}}}
2016-02-22 20:29:31,120 27521 INFO     [tempest.scenario.manager] Tenant networks not configured to be reachable.
2016-02-22 20:29:31,296 27521 INFO     [tempest_lib.common.rest_client] Request (TestNetworkAdvancedServerOps:test_server_connectivity_pause_unpause): 200 GET http://10.4.1.3:9696/v2.0/floatingips/ff6be3fc-68ed-4318-83e8-ceea120a8cfa 0.176s
2016-02-22 20:29:31,297 27521 DEBUG    [tempest_lib.common.rest_client] Request - Headers: {'Content-Type': 'application/json', 'Accept': 'application/json', 'X-Auth-Token': '&lt;omitted&gt;'}
        Body: None
    Response - Headers: {'status': '200', 'content-length': '369', 'content-location': 'http://10.4.1.3:9696/v2.0/floatingips/ff6be3fc-68ed-4318-83e8-ceea120a8cfa', 'connection': 'close', 'date': 'Mon, 22 Feb 2016 20:29:31 GMT', 'content-type': 'application/json; charset=UTF-8', 'x-openstack-request-id': 'req-d5d2386b-c1f0-42e3-b4ab-9135e8e7834b'}
        Body: {"floatingip": {"floating_network_id": "0c0b45fd-8c0d-4c3c-969e-0e43bf6be2f2", "router_id": "f6f72739-c36b-418f-9318-a1d3589c9e28", "fixed_ip_address": "10.100.0.3", "floating_ip_address": "172.24.4.4", "tenant_id": "6fc03cc5a7f242078d7296eb79c336c3", "status": "ACTIVE", "port_id": "f27acd3e-8ab6-4ebc-abd6-8955bf69294d", "id": "ff6be3fc-68ed-4318-83e8-ceea120a8cfa"}}
2016-02-22 20:29:31,297 27521 INFO     [tempest.scenario.manager] FloatingIP: &lt;"FloatingIP" addr="172.24.4.4" id="ff6be3fc-68ed-4318-83e8-ceea120a8cfa"&gt; is at status: ACTIVE
2016-02-22 20:29:31,298 27521 DEBUG    [tempest.scenario.manager] checking network connections to IP 172.24.4.4 with user: cirros
2016-02-22 20:29:31,298 27521 DEBUG    [tempest.scenario.manager] TestNetworkAdvancedServerOps:test_server_connectivity_pause_unpause begins to ping 172.24.4.4 in 120 sec and the expected result is reachable
2016-02-22 20:31:32,881 27521 DEBUG    [tempest.scenario.manager] TestNetworkAdvancedServerOps:test_server_connectivity_pause_unpause finishes ping 172.24.4.4 in 120 sec and the ping result is unexpected
2016-02-22 20:31:32,882 27521 ERROR    [tempest.scenario.manager] Public network connectivity check failed
2016-02-22 20:31:32.882 27521 ERROR tempest.scenario.manager Traceback (most recent call last):
2016-02-22 20:31:32.882 27521 ERROR tempest.scenario.manager   File "tempest/scenario/manager.py", line 598, in check_public_network_connectivity
2016-02-22 20:31:32.882 27521 ERROR tempest.scenario.manager     should_connect=should_connect)
2016-02-22 20:31:32.882 27521 ERROR tempest.scenario.manager   File "tempest/scenario/manager.py", line 582, in check_vm_connectivity
2016-02-22 20:31:32.882 27521 ERROR tempest.scenario.manager     msg=msg)
2016-02-22 20:31:32.882 27521 ERROR tempest.scenario.manager   File "/usr/local/lib/python2.7/dist-packages/unittest2/case.py", line 702, in assertTrue
2016-02-22 20:31:32.882 27521 ERROR tempest.scenario.manager     raise self.failureException(msg)
2016-02-22 20:31:32.882 27521 ERROR tempest.scenario.manager AssertionError: False is not true : Timed out waiting for 172.24.4.4 to become reachable
2016-02-22 20:31:32.882 27521 ERROR tempest.scenario.manager 
2016-02-22 20:31:33,331 27521 INFO     [tempest_lib.common.rest_client] Request (TestNetworkAdvancedServerOps:test_server_connectivity_pause_unpause): 200 POST http://10.4.1.3:8774/v2.1/6fc03cc5a7f242078d7296eb79c336c3/servers/82c5750b-85a9-4c5b-a4ad-1ddbc920c7ab/action 0.445s
2016-02-22 20:31:33,332 27521 DEBUG    [tempest_lib.common.rest_client] Request - Headers: {'Content-Type': 'application/json', 'Accept': 'application/json', 'X-Auth-Token': '&lt;omitted&gt;'}
        Body: {"os-getConsoleOutput": {}}
    Response - Headers: {'status': '200', 'content-length': '17428', 'x-compute-request-id': 'req-9cc580a4-ae70-486d-84b0-29e4f766d936', 'vary': 'X-OpenStack-Nova-API-Version', 'connection': 'close', 'x-openstack-nova-api-version': '2.1', 'date': 'Mon, 22 Feb 2016 20:31:33 GMT', 'content-type': 'application/json'}
        Body: {"output": "[    0.000000] Initializing cgroup subsys cpuset\n[    0.000000] Initializing cgroup subsys cpu\n[    0.000000] Linux version 3.2.0-80-virtual (buildd@batsu) (gcc version 4.6.3 (Ubuntu/Linaro 4.6.3-1ubuntu5) ) #116-Ubuntu SMP Mon Mar 23 17:28:52 UTC 2015 (Ubuntu 3.2.0-80.116-virtual 3.2.68)\n[    0.000000] Command line: root=/dev/vda console=tty0 console=ttyS0 no_timer_check\n[    0.000000] KERNEL supported cpus:\n[    0.000000]   Intel GenuineIntel\n[    0.000000]   AMD AuthenticAMD\n[    0.000000]   Centaur CentaurHauls\n[    0.000000] BIOS-provided physical RAM map:\n[    0.000000]  BIOS-e820: 0000000000000000 - 000000000009fc00 (usable)\n[    0.000000]  BIOS-e820: 000000000009fc00 - 00000000000a0000 (reserved)\n[    0.000000]  BIOS-e820: 00000000000f0000 - 0000000000100000 (reserved)\n[    0.000000]  BIOS-e820: 0000000000100000 - 0000000003ffe000 (usable)\n[    0.000000]  BIOS-e820: 0000000003ffe000 - 0000000004000000 (reserved)\n[    0.000000]  BIOS-e820: 00000000fffc0000 - 0000000100000000 (reserved)\n[    0.000000] NX (Execute Disable) protection: active\n[    0.000000] SMBIOS 2.4 present.\n[    0.000000] No AGP bridge found\n[    0.000000] last_pfn = 0x3ffe max_arch_pfn = 0x400000000\n[    0.000000] x86 PAT enabled: cpu 0, old 0x7040600070406, new 0x7010600070106\n[    0.000000] found SMP MP-table at [ffff8800000f0b00] f0b00\n[    0.000000] init_memory_mapping: 0000000000000000-0000000003ffe000\n[    0.000000] RAMDISK: 03c5e000 - 03ff0000\n[    0.000000] ACPI: RSDP 00000000000f0950 00014 (v00 BOCHS )\n[    0.000000] ACPI: RSDT 0000000003fffbc1 00034 (v01 BOCHS  BXPCRSDT 00000001 BXPC 00000001)\n[    0.000000] ACPI: FACP 0000000003fff1c0 00074 (v01 BOCHS  BXPCFACP 00000001 BXPC 00000001)\n[    0.000000] ACPI: DSDT 0000000003ffe040 01180 (v01 BOCHS  BXPCDSDT 00000001 BXPC 00000001)\n[    0.000000] ACPI: FACS 0000000003ffe000 00040\n[    0.000000] ACPI: SSDT 0000000003fff234 008DD (v01 BOCHS  BXPCSSDT 00000001 BXPC 00000001)\n[    0.000000] ACPI: APIC 0000000003fffb11 00078 (v01 BOCHS  BXPCAPIC 00000001 BXPC 00000001)\n[    0.000000] ACPI: HPET 0000000003fffb89 00038 (v01 BOCHS  BXPCHPET 00000001 BXPC 00000001)\n[    0.000000] No NUMA configuration found\n[    0.000000] Faking a node at 0000000000000000-0000000003ffe000\n[    0.000000] Initmem setup node 0 0000000000000000-0000000003ffe000\n[    0.000000]   NODE_DATA [0000000003ff6000 - 0000000003ffafff]\n[    0.000000] Zone PFN ranges:\n[    0.000000]   DMA      0x00000010 -&gt; 0x00001000\n[    0.000000]   DMA32    0x00001000 -&gt; 0x00100000\n[    0.000000]   Normal   empty\n[    0.000000] Movable zone start PFN for each node\n[    0.000000] early_node_map[2] active PFN ranges\n[    0.000000]     0: 0x00000010 -&gt; 0x0000009f\n[    0.000000]     0: 0x00000100 -&gt; 0x00003ffe\n[    0.000000] ACPI: PM-Timer IO Port: 0xb008\n[    0.000000] ACPI: LAPIC (acpi_id[0x00] lapic_id[0x00] enabled)\n[    0.000000] ACPI: LAPIC_NMI (acpi_id[0xff] dfl dfl lint[0x1])\n[    0.000000] ACPI: IOAPIC (id[0x00] address[0xfec00000] gsi_base[0])\n[    0.000000] IOAPIC[0]: apic_id 0, version 17, address 0xfec00000, GSI 0-23\n[    0.000000] ACPI: INT_SRC_OVR (bus 0 bus_irq 0 global_irq 2 dfl dfl)\n[    0.000000] ACPI: INT_SRC_OVR (bus 0 bus_irq 5 global_irq 5 high level)\n[    0.000000] ACPI: INT_SRC_OVR (bus 0 bus_irq 9 global_irq 9 high level)\n[    0.000000] ACPI: INT_SRC_OVR (bus 0 bus_irq 10 global_irq 10 high level)\n[    0.000000] ACPI: INT_SRC_OVR (bus 0 bus_irq 11 global_irq 11 high level)\n[    0.000000] Using ACPI (MADT) for SMP configuration information\n[    0.000000] ACPI: HPET id: 0x8086a201 base: 0xfed00000\n[    0.000000] SMP: Allowing 1 CPUs, 0 hotplug CPUs\n[    0.000000] PM: Registered nosave memory: 000000000009f000 - 00000000000a0000\n[    0.000000] PM: Registered nosave memory: 00000000000a0000 - 00000000000f0000\n[    0.000000] PM: Registered nosave memory: 00000000000f0000 - 0000000000100000\n[    0.000000] Allocating PCI resources starting at 4000000 (gap: 4000000:fbfc0000)\n[    0.000000] Booting paravirtualized kernel on bare hardware\n[    0.000000] setup_pe
2016-02-22 20:31:33,337 27521 DEBUG    [tempest.scenario.manager] Console output for 82c5750b-85a9-4c5b-a4ad-1ddbc920c7ab
body=
[    0.000000] Initializing cgroup subsys cpuset
[    0.000000] Initializing cgroup subsys cpu
[    0.000000] Linux version 3.2.0-80-virtual (buildd@batsu) (gcc version 4.6.3 (Ubuntu/Linaro 4.6.3-1ubuntu5) ) #116-Ubuntu SMP Mon Mar 23 17:28:52 UTC 2015 (Ubuntu 3.2.0-80.116-virtual 3.2.68)
[    0.000000] Command line: root=/dev/vda console=tty0 console=ttyS0 no_timer_check
[    0.000000] KERNEL supported cpus:
[    0.000000]   Intel GenuineIntel
[    0.000000]   AMD AuthenticAMD
[    0.000000]   Centaur CentaurHauls
[    0.000000] BIOS-provided physical RAM map:
[    0.000000]  BIOS-e820: 0000000000000000 - 000000000009fc00 (usable)
[    0.000000]  BIOS-e820: 000000000009fc00 - 00000000000a0000 (reserved)
[    0.000000]  BIOS-e820: 00000000000f0000 - 0000000000100000 (reserved)
[    0.000000]  BIOS-e820: 0000000000100000 - 0000000003ffe000 (usable)
[    0.000000]  BIOS-e820: 0000000003ffe000 - 0000000004000000 (reserved)
[    0.000000]  BIOS-e820: 00000000fffc0000 - 0000000100000000 (reserved)
[    0.000000] NX (Execute Disable) protection: active
[    0.000000] SMBIOS 2.4 present.
[    0.000000] No AGP bridge found
[    0.000000] last_pfn = 0x3ffe max_arch_pfn = 0x400000000
[    0.000000] x86 PAT enabled: cpu 0, old 0x7040600070406, new 0x7010600070106
[    0.000000] found SMP MP-table at [ffff8800000f0b00] f0b00
[    0.000000] init_memory_mapping: 0000000000000000-0000000003ffe000
[    0.000000] RAMDISK: 03c5e000 - 03ff0000
[    0.000000] ACPI: RSDP 00000000000f0950 00014 (v00 BOCHS )
[    0.000000] ACPI: RSDT 0000000003fffbc1 00034 (v01 BOCHS  BXPCRSDT 00000001 BXPC 00000001)
[    0.000000] ACPI: FACP 0000000003fff1c0 00074 (v01 BOCHS  BXPCFACP 00000001 BXPC 00000001)
[    0.000000] ACPI: DSDT 0000000003ffe040 01180 (v01 BOCHS  BXPCDSDT 00000001 BXPC 00000001)
[    0.000000] ACPI: FACS 0000000003ffe000 00040
[    0.000000] ACPI: SSDT 0000000003fff234 008DD (v01 BOCHS  BXPCSSDT 00000001 BXPC 00000001)
[    0.000000] ACPI: APIC 0000000003fffb11 00078 (v01 BOCHS  BXPCAPIC 00000001 BXPC 00000001)
[    0.000000] ACPI: HPET 0000000003fffb89 00038 (v01 BOCHS  BXPCHPET 00000001 BXPC 00000001)
[    0.000000] No NUMA configuration found
[    0.000000] Faking a node at 0000000000000000-0000000003ffe000
[    0.000000] Initmem setup node 0 0000000000000000-0000000003ffe000
[    0.000000]   NODE_DATA [0000000003ff6000 - 0000000003ffafff]
[    0.000000] Zone PFN ranges:
[    0.000000]   DMA      0x00000010 -&gt; 0x00001000
[    0.000000]   DMA32    0x00001000 -&gt; 0x00100000
[    0.000000]   Normal   empty
[    0.000000] Movable zone start PFN for each node
[    0.000000] early_node_map[2] active PFN ranges
[    0.000000]     0: 0x00000010 -&gt; 0x0000009f
[    0.000000]     0: 0x00000100 -&gt; 0x00003ffe
[    0.000000] ACPI: PM-Timer IO Port: 0xb008
[    0.000000] ACPI: LAPIC (acpi_id[0x00] lapic_id[0x00] enabled)
[    0.000000] ACPI: LAPIC_NMI (acpi_id[0xff] dfl dfl lint[0x1])
[    0.000000] ACPI: IOAPIC (id[0x00] address[0xfec00000] gsi_base[0])
[    0.000000] IOAPIC[0]: apic_id 0, version 17, address 0xfec00000, GSI 0-23
[    0.000000] ACPI: INT_SRC_OVR (bus 0 bus_irq 0 global_irq 2 dfl dfl)
[    0.000000] ACPI: INT_SRC_OVR (bus 0 bus_irq 5 global_irq 5 high level)
[    0.000000] ACPI: INT_SRC_OVR (bus 0 bus_irq 9 global_irq 9 high level)
[    0.000000] ACPI: INT_SRC_OVR (bus 0 bus_irq 10 global_irq 10 high level)
[    0.000000] ACPI: INT_SRC_OVR (bus 0 bus_irq 11 global_irq 11 high level)
[    0.000000] Using ACPI (MADT) for SMP configuration information
[    0.000000] ACPI: HPET id: 0x8086a201 base: 0xfed00000
[    0.000000] SMP: Allowing 1 CPUs, 0 hotplug CPUs
[    0.000000] PM: Registered nosave memory: 000000000009f000 - 00000000000a0000
[    0.000000] PM: Registered nosave memory: 00000000000a0000 - 00000000000f0000
[    0.000000] PM: Registered nosave memory: 00000000000f0000 - 0000000000100000
[    0.000000] Allocating PCI resources starting at 4000000 (gap: 4000000:fbfc0000)
[    0.000000] Booting paravirtualized kernel on bare hardware
[    0.000000] setup_percpu: NR_CPUS:64 nr_cpumask_bits:64 nr_cpu_ids:1 nr_node_ids:1
[    0.000000] PERCPU: Embedded 27 pages/cpu @ffff880003a00000 s78848 r8192 d23552 u2097152
[    0.000000] Built 1 zonelists in Node order, mobility grouping on.  Total pages: 16008
[    0.000000] Policy zone: DMA32
[    0.000000] Kernel command line: root=/dev/vda console=tty0 console=ttyS0 no_timer_check
[    0.000000] PID hash table entries: 256 (order: -1, 2048 bytes)
[    0.000000] Checking aperture...
[    0.000000] No AGP bridge found
[    0.000000] Memory: 43492k/65528k available (6576k kernel code, 452k absent, 21584k reserved, 6620k data, 928k init)
[    0.000000] SLUB: Genslabs=15, HWalign=64, Order=0-3, MinObjects=0, CPUs=1, Nodes=1
[    0.000000] Hierarchical RCU implementation.
[    0.000000] 	RCU dyntick-idle grace-period acceleration is enabled.
[    0.000000] NR_IRQS:4352 nr_irqs:256 16
[    0.000000] Console: colour VGA+ 80x25
[    0.000000] console [tty0] enabled
[    0.000000] console [ttyS0] enabled
[    0.000000] allocated 1048576 bytes of page_cgroup
[    0.000000] please try 'cgroup_disable=memory' option if you don't want memory cgroups
[    0.000000] Fast TSC calibration failed
[    0.000000] TSC: Unable to calibrate against PIT
[    0.000000] TSC: using HPET reference calibration
[    0.000000] Detected 2293.252 MHz processor.
[    0.032908] Calibrating delay loop (skipped), value calculated using timer frequency.. 4586.50 BogoMIPS (lpj=9173008)
[    0.036236] pid_max: default: 32768 minimum: 301
[    0.044785] Security Framework initialized
[    0.048823] AppArmor: AppArmor initialized
[    0.049453] Yama: becoming mindful.
[    0.057018] Dentry cache hash table entries: 8192 (order: 4, 65536 bytes)
[    0.058461] Inode-cache hash table entries: 4096 (order: 3, 32768 bytes)
[    0.060257] Mount-cache hash table entries: 256
[    0.076284] Initializing cgroup subsys cpuacct
[    0.077410] Initializing cgroup subsys memory
[    0.079198] Initializing cgroup subsys devices
[    0.080231] Initializing cgroup subsys freezer
[    0.081372] Initializing cgroup subsys blkio
[    0.082288] Initializing cgroup subsys perf_event
[    0.089126] mce: CPU supports 10 MCE banks
[    0.093765] SMP alternatives: switching to UP code
[    0.458283] Freeing SMP alternatives: 24k freed
[    0.460362] ACPI: Core revision 20110623
[    0.512371] ftrace: allocating 26610 entries in 105 pages
[    0.544033] ..TIMER: vector=0x30 apic1=0 pin1=2 apic2=-1 pin2=-1
[    0.544251] CPU0: AMD QEMU Virtual CPU version 2.0.0 stepping 03
[    0.548033] Performance Events: Broken PMU hardware detected, using software events only.
[    0.562114] NMI watchdog disabled (cpu0): hardware events not enabled
[    0.565113] Brought up 1 CPUs
[    0.565751] Total of 1 processors activated (4586.50 BogoMIPS).
[    0.594007] devtmpfs: initialized
[    0.623904] EVM: security.selinux
[    0.624078] EVM: security.SMACK64
[    0.624515] EVM: security.capability
[    0.645099] print_constraints: dummy: 
[    0.646876] RTC time: 20:29:31, date: 02/22/16
[    0.649639] NET: Registered protocol family 16
[    0.657009] ACPI: bus type pci registered
[    0.660594] PCI: Using configuration type 1 for base access
[    0.689596] bio: create slab &lt;bio-0&gt; at 0
[    0.694448] ACPI: Added _OSI(Module Device)
[    0.695391] ACPI: Added _OSI(Processor Device)
[    0.696098] ACPI: Added _OSI(3.0 _SCP Extensions)
[    0.696710] ACPI: Added _OSI(Processor Aggregator Device)
[    0.764136] ACPI: Interpreter enabled
[    0.764704] ACPI: (supports S0 S3 S4 S5)
[    0.766438] ACPI: Using IOAPIC for interrupt routing
[    0.841320] ACPI: No dock devices found.
[    0.844337] HEST: Table not found.
[    0.844924] PCI: Using host bridge windows from ACPI; if necessary, use "pci=nocrs" and report a bug
[    0.849225] ACPI: PCI Root Bridge [PCI0] (domain 0000 [bus 00-ff])
[    0.856327] pci_root PNP0A03:00: host bridge window [io  0x0000-0x0cf7]
[    0.857196] pci_root PNP0A03:00: host bridge window [io  0x0d00-0xadff]
[    0.857963] pci_root PNP0A03:00: host bridge window [io  0xae0f-0xaeff]
[    0.860095] pci_root PNP0A03:00: host bridge window [io  0xaf20-0xafdf]
[    0.860913] pci_root PNP0A03:00: host bridge window [io  0xafe4-0xffff]
[    0.861823] pci_root PNP0A03:00: host bridge window [mem 0x000a0000-0x000bffff]
[    0.864089] pci_root PNP0A03:00: host bridge window [mem 0x04000000-0xfebfffff]
[    0.886538] pci 0000:00:01.3: quirk: [io  0xb000-0xb03f] claimed by PIIX4 ACPI
[    0.888269] pci 0000:00:01.3: quirk: [io  0xb100-0xb10f] claimed by PIIX4 SMB
[    0.954249]  pci0000:00: Unable to request _OSC control (_OSC support mask: 0x1e)
[    1.014469] ACPI: PCI Interrupt Link [LNKA] (IRQs 5 *10 11)
[    1.017376] ACPI: PCI Interrupt Link [LNKB] (IRQs 5 *10 11)
[    1.019012] ACPI: PCI Interrupt Link [LNKC] (IRQs 5 10 *11)
[    1.021288] ACPI: PCI Interrupt Link [LNKD] (IRQs 5 10 *11)
[    1.022571] ACPI: PCI Interrupt Link [LNKS] (IRQs *9)
[    1.029983] vgaarb: device added: PCI:0000:00:02.0,decodes=io+mem,owns=io+mem,locks=none
[    1.030973] vgaarb: loaded
[    1.031334] vgaarb: bridge control possible 0000:00:02.0
[    1.034651] i2c-core: driver [aat2870] using legacy suspend method
[    1.036129] i2c-core: driver [aat2870] using legacy resume method
[    1.038410] SCSI subsystem initialized
[    1.042090] usbcore: registered new interface driver usbfs
[    1.043108] usbcore: registered new interface driver hub
[    1.044699] usbcore: registered new device driver usb
[    1.048934] PCI: Using ACPI for IRQ routing
[    1.058592] NetLabel: Initializing
[    1.058990] NetLabel:  domain hash size = 128
[    1.060132] NetLabel:  protocols = UNLABELED CIPSOv4
[    1.061939] NetLabel:  unlabeled traffic allowed by default
[    1.064431] HPET: 3 timers in total, 0 timers will be used for per-cpu timer
[    1.065640] hpet0: at MMIO 0xfed00000, IRQs 2, 8, 0
[    1.066402] hpet0: 3 comparators, 64-bit 100.000000 MHz counter
[    1.078192] Switching to clocksource hpet
[    1.299123] AppArmor: AppArmor Filesystem Enabled
[    1.301214] pnp: PnP ACPI init
[    1.301947] ACPI: bus type pnp registered
[    1.322450] pnp: PnP ACPI: found 9 devices
[    1.323005] ACPI: ACPI bus type pnp unregistered
[    1.378896] NET: Registered protocol family 2
[    1.413421] IP route cache hash table entries: 512 (order: 0, 4096 bytes)
[    1.420627] TCP established hash table entries: 2048 (order: 3, 32768 bytes)
[    1.422486] TCP bind hash table entries: 2048 (order: 3, 32768 bytes)
[    1.423378] TCP: Hash tables configured (established 2048 bind 2048)
[    1.424705] TCP reno registered
[    1.425586] UDP hash table entries: 128 (order: 0, 4096 bytes)
[    1.426508] UDP-Lite hash table entries: 128 (order: 0, 4096 bytes)
[    1.429837] NET: Registered protocol family 1
[    1.430685] pci 0000:00:00.0: Limiting direct PCI/PCI transfers
[    1.431420] pci 0000:00:01.0: PIIX3: Enabling Passive Release
[    1.433496] pci 0000:00:01.0: Activating ISA DMA hang workarounds
[    1.445777] ACPI: PCI Interrupt Link [LNKD] enabled at IRQ 11
[    1.447048] pci 0000:00:01.2: PCI INT D -&gt; Link[LNKD] -&gt; GSI 11 (level, high) -&gt; IRQ 11
[    1.451555] pci 0000:00:01.2: PCI INT D disabled
[    1.473569] Trying to unpack rootfs image as initramfs...
[    1.489586] audit: initializing netlink socket (disabled)
[    1.491432] type=2000 audit(1456172971.488:1): initialized
[    1.775265] HugeTLB registered 2 MB page size, pre-allocated 0 pages
[    1.849440] VFS: Disk quotas dquot_6.5.2
[    1.852057] Dquot-cache hash table entries: 512 (order 0, 4096 bytes)
[    1.869325] fuse init (API version 7.17)
[    1.872134] msgmni has been set to 84
[    1.903791] Block layer SCSI generic (bsg) driver version 0.4 loaded (major 253)
[    1.913522] io scheduler noop registered
[    1.914311] io scheduler deadline registered (default)
[    1.915468] io scheduler cfq registered
[    1.919057] pci_hotplug: PCI Hot Plug PCI Core version: 0.5
[    1.921713] pciehp: PCI Express Hot Plug Controller Driver version: 0.4
[    1.927521] input: Power Button as /devices/LNXSYSTM:00/LNXPWRBN:00/input/input0
[    1.930059] ACPI: Power Button [PWRF]
[    1.982966] ERST: Table is not found!
[    1.983593] GHES: HEST is not enabled!
[    1.995011] ACPI: PCI Interrupt Link [LNKC] enabled at IRQ 10
[    1.995762] virtio-pci 0000:00:03.0: PCI INT A -&gt; Link[LNKC] -&gt; GSI 10 (level, high) -&gt; IRQ 10
[    1.999462] virtio-pci 0000:00:04.0: PCI INT A -&gt; Link[LNKD] -&gt; GSI 11 (level, high) -&gt; IRQ 11
[    2.010898] ACPI: PCI Interrupt Link [LNKA] enabled at IRQ 10
[    2.011621] virtio-pci 0000:00:05.0: PCI INT A -&gt; Link[LNKA] -&gt; GSI 10 (level, high) -&gt; IRQ 10
[    2.026408] Serial: 8250/16550 driver, 32 ports, IRQ sharing enabled
[    2.070967] serial8250: ttyS0 at I/O 0x3f8 (irq = 4) is a 16550A
[    2.161413] serial8250: ttyS1 at I/O 0x2f8 (irq = 3) is a 16550A
[    2.305084] 00:05: ttyS0 at I/O 0x3f8 (irq = 4) is a 16550A
[    2.386518] 00:06: ttyS1 at I/O 0x2f8 (irq = 3) is a 16550A
[    2.436460] Linux agpgart interface v0.103
[    2.457584] Refined TSC clocksource calibration: 2293.230 MHz.
[    2.459202] Switching to clocksource tsc
[    2.507664] brd: module loaded
[    2.538101] loop: module loaded
[    2.594046]  vda: unknown partition table
[    2.650578] scsi0 : ata_piix
[    2.655172] scsi1 : ata_piix
[    2.658152] ata1: PATA max MWDMA2 cmd 0x1f0 ctl 0x3f6 bmdma 0xc0a0 irq 14
[    2.659055] ata2: PATA max MWDMA2 cmd 0x170 ctl 0x376 bmdma 0xc0a8 irq 15
[    2.674158] Fixed MDIO Bus: probed
[    2.674993] tun: Universal TUN/TAP device driver, 1.6
[    2.675616] tun: (C) 1999-2004 Max Krasnyansky &lt;maxk@qualcomm.com&gt;
[    2.696062] PPP generic driver version 2.4.2
[    2.724952] ehci_hcd: USB 2.0 'Enhanced' Host Controller (EHCI) Driver
[    2.726318] ohci_hcd: USB 1.1 'Open' Host Controller (OHCI) Driver
[    2.727233] uhci_hcd: USB Universal Host Controller Interface driver
[    2.729825] uhci_hcd 0000:00:01.2: PCI INT D -&gt; Link[LNKD] -&gt; GSI 11 (level, high) -&gt; IRQ 11
[    2.735152] uhci_hcd 0000:00:01.2: UHCI Host Controller
[    2.750352] uhci_hcd 0000:00:01.2: new USB bus registered, assigned bus number 1
[    2.752087] uhci_hcd 0000:00:01.2: irq 11, io base 0x0000c040
[    2.781021] hub 1-0:1.0: USB hub found
[    2.783409] hub 1-0:1.0: 2 ports detected
[    2.788861] usbcore: registered new interface driver libusual
[    2.791499] i8042: PNP: PS/2 Controller [PNP0303:KBD,PNP0f13:MOU] at 0x60,0x64 irq 1,12
[    2.800630] serio: i8042 KBD port at 0x60,0x64 irq 1
[    2.802893] serio: i8042 AUX port at 0x60,0x64 irq 12
[    2.840101] mousedev: PS/2 mouse device common for all mice
[    2.857127] input: AT Translated Set 2 keyboard as /devices/platform/i8042/serio0/input/input1
[    2.862228] rtc_cmos 00:01: RTC can wake from S4
[    2.900021] rtc_cmos 00:01: rtc core: registered rtc_cmos as rtc0
[    2.906382] rtc0: alarms up to one day, 114 bytes nvram, hpet irqs
[    2.912130] device-mapper: uevent: version 1.0.3
[    2.920766] ata2.01: ATAPI: QEMU DVD-ROM, 2.0.0, max UDMA/100
[    2.939226] ata2.01: configured for MWDMA2
[    2.972869] scsi 1:0:1:0: CD-ROM            QEMU     QEMU DVD-ROM     2.0. PQ: 0 ANSI: 5
[    2.981221] device-mapper: ioctl: 4.22.0-ioctl (2011-10-19) initialised: dm-devel@redhat.com
[    2.986107] cpuidle: using governor ladder
[    2.986708] cpuidle: using governor menu
[    2.987429] EFI Variables Facility v0.08 2004-May-17
[    2.994207] TCP cubic registered
[    2.998162] NET: Registered protocol family 10
[    3.023255] NET: Registered protocol family 17
[    3.023995] Registering the dns_resolver key type
[    3.041189] sr0: scsi3-mmc drive: 4x/4x cd/rw xa/form2 tray
[    3.043596] cdrom: Uniform CD-ROM driver Revision: 3.20
[    3.061516] sr 1:0:1:0: Attached scsi generic sg0 type 5
[    3.120283] registered taskstats version 1
[    3.269380] Freeing initrd memory: 3656k freed
[    3.819941]   Magic number: 4:676:498
[    3.828973] rtc_cmos 00:01: setting system clock to 2016-02-22 20:29:34 UTC (1456172974)
[    3.831303] powernow-k8: Processor cpuid 663 not supported
[    3.838437] BIOS EDD facility v0.16 2004-Jun-25, 0 devices found
[    3.839508] EDD information not available.
[    3.893702] Freeing unused kernel memory: 928k freed
[    3.896457] Write protecting the kernel read-only data: 12288k
[    3.972967] Freeing unused kernel memory: 1596k freed
[    4.030665] Freeing unused kernel memory: 1184k freed

info: initramfs: up at 4.22
modprobe: module virtio_blk not found in modules.dep
modprobe: module virtio_net not found in modules.dep
info: copying initramfs to /dev/vda
info: initramfs loading root from /dev/vda
info: /etc/init.d/rc.sysinit: up at 8.86
info: container: none
Starting logging: OK
modprobe: module virtio_blk not found in modules.dep
modprobe: module virtio_net not found in modules.dep
WARN: /etc/rc3.d/S10-load-modules failed
Initializing random number generator... done.
Starting acpid: OK
cirros-ds 'local' up at 11.56
found datasource (configdrive, local)
Starting network...
udhcpc (v1.20.1) started
Sending discover...
Sending discover...

2016-02-22 20:31:33,768 27521 INFO     [tempest_lib.common.rest_client] Request (TestNetworkAdvancedServerOps:_run_cleanups): 204 DELETE http://10.4.1.3:9696/v2.0/floatingips/ff6be3fc-68ed-4318-83e8-ceea120a8cfa 0.426s
2016-02-22 20:31:33,768 27521 DEBUG    [tempest_lib.common.rest_client] Request - Headers: {'Content-Type': 'application/json', 'Accept': 'application/json', 'X-Auth-Token': '&lt;omitted&gt;'}
        Body: None
    Response - Headers: {'date': 'Mon, 22 Feb 2016 20:31:33 GMT', 'status': '204', 'connection': 'close', 'content-length': '0', 'x-openstack-request-id': 'req-78229591-5274-45b4-858e-01a4a20524f2'}
        Body: 
2016-02-22 20:31:34,240 27521 INFO     [tempest_lib.common.rest_client] Request (TestNetworkAdvancedServerOps:_run_cleanups): 204 DELETE http://10.4.1.3:8774/v2.1/6fc03cc5a7f242078d7296eb79c336c3/servers/82c5750b-85a9-4c5b-a4ad-1ddbc920c7ab 0.471s
2016-02-22 20:31:34,240 27521 DEBUG    [tempest_lib.common.rest_client] Request - Headers: {'Content-Type': 'application/json', 'Accept': 'application/json', 'X-Auth-Token': '&lt;omitted&gt;'}
        Body: None
    Response - Headers: {'status': '204', 'content-length': '0', 'x-compute-request-id': 'req-7298bb5b-6872-4b27-8da0-4a5d39093be7', 'vary': 'X-OpenStack-Nova-API-Version', 'connection': 'close', 'x-openstack-nova-api-version': '2.1', 'date': 'Mon, 22 Feb 2016 20:31:34 GMT', 'content-type': 'application/json'}
        Body: 
2016-02-22 20:31:34,935 27521 INFO     [tempest_lib.common.rest_client] Request (TestNetworkAdvancedServerOps:_run_cleanups): 200 GET http://10.4.1.3:8774/v2.1/6fc03cc5a7f242078d7296eb79c336c3/servers/82c5750b-85a9-4c5b-a4ad-1ddbc920c7ab 0.694s
2016-02-22 20:31:34,936 27521 DEBUG    [tempest_lib.common.rest_client] Request - Headers: {'Content-Type': 'application/json', 'Accept': 'application/json', 'X-Auth-Token': '&lt;omitted&gt;'}
        Body: None
    Response - Headers: {'status': '200', 'content-length': '1769', 'content-location': 'http://10.4.1.3:8774/v2.1/6fc03cc5a7f242078d7296eb79c336c3/servers/82c5750b-85a9-4c5b-a4ad-1ddbc920c7ab', 'x-compute-request-id': 'req-660d98f9-5443-4474-ac35-ef0f0cf0efcb', 'vary': 'X-OpenStack-Nova-API-Version', 'connection': 'close', 'x-openstack-nova-api-version': '2.1', 'date': 'Mon, 22 Feb 2016 20:31:34 GMT', 'content-type': 'application/json'}
        Body: {"server": {"status": "ACTIVE", "updated": "2016-02-22T20:31:34Z", "hostId": "350cf33bdafc2730df6a886fa53d484fd7b8558db48b5cee25254069", "addresses": {"tempest-network-smoke--1933279710": [{"OS-EXT-IPS-MAC:mac_addr": "fa:16:3e:68:cb:dd", "version": 4, "addr": "10.100.0.3", "OS-EXT-IPS:type": "fixed"}, {"OS-EXT-IPS-MAC:mac_addr": "fa:16:3e:68:cb:dd", "version": 4, "addr": "172.24.4.4", "OS-EXT-IPS:type": "floating"}]}, "links": [{"href": "http://10.4.1.3:8774/v2.1/6fc03cc5a7f242078d7296eb79c336c3/servers/82c5750b-85a9-4c5b-a4ad-1ddbc920c7ab", "rel": "self"}, {"href": "http://10.4.1.3:8774/6fc03cc5a7f242078d7296eb79c336c3/servers/82c5750b-85a9-4c5b-a4ad-1ddbc920c7ab", "rel": "bookmark"}], "key_name": "tempest-TestNetworkAdvancedServerOps-1495232351", "image": {"id": "05544f1e-ab76-45e2-898d-f03fd15f6e4c", "links": [{"href": "http://10.4.1.3:8774/6fc03cc5a7f242078d7296eb79c336c3/images/05544f1e-ab76-45e2-898d-f03fd15f6e4c", "rel": "bookmark"}]}, "OS-EXT-STS:task_state": "deleting", "OS-EXT-STS:vm_state": "active", "OS-SRV-USG:launched_at": "2016-02-22T20:29:27.000000", "flavor": {"id": "42", "links": [{"href": "http://10.4.1.3:8774/6fc03cc5a7f242078d7296eb79c336c3/flavors/42", "rel": "bookmark"}]}, "id": "82c5750b-85a9-4c5b-a4ad-1ddbc920c7ab", "security_groups": [{"name": "tempest-secgroup-smoke-861942263"}], "OS-SRV-USG:terminated_at": null, "OS-EXT-AZ:availability_zone": "nova", "user_id": "167bb89b0c9b470d98a0e154a92ab071", "name": "tempest-server-smoke-101985768", "created": "2016-02-22T20:29:21Z", "tenant_id": "6fc03cc5a7f242078d7296eb79c336c3", "OS-DCF:diskConfig": "MANUAL", "os-extended-volumes:volumes_attached": [], "accessIPv4": "", "accessIPv6": "", "progress": 0, "OS-EXT-STS:power_state": 1, "config_drive": "True", "metadata": {}}}
2016-02-22 20:31:36,318 27521 INFO     [tempest_lib.common.rest_client] Request (TestNetworkAdvancedServerOps:_run_cleanups): 404 GET http://10.4.1.3:8774/v2.1/6fc03cc5a7f242078d7296eb79c336c3/servers/82c5750b-85a9-4c5b-a4ad-1ddbc920c7ab 0.372s
2016-02-22 20:31:36,319 27521 DEBUG    [tempest_lib.common.rest_client] Request - Headers: {'Content-Type': 'application/json', 'Accept': 'application/json', 'X-Auth-Token': '&lt;omitted&gt;'}
        Body: None
    Response - Headers: {'status': '404', 'content-length': '111', 'x-compute-request-id': 'req-76fdb1e2-82ac-4a52-b542-d1cf995b1c60', 'vary': 'X-OpenStack-Nova-API-Version', 'connection': 'close', 'x-openstack-nova-api-version': '2.1', 'date': 'Mon, 22 Feb 2016 20:31:36 GMT', 'content-type': 'application/json; charset=UTF-8'}
        Body: {"itemNotFound": {"message": "Instance 82c5750b-85a9-4c5b-a4ad-1ddbc920c7ab could not be found.", "code": 404}}
2016-02-22 20:31:37,010 27521 INFO     [tempest_lib.common.rest_client] Request (TestNetworkAdvancedServerOps:_run_cleanups): 500 PUT http://10.4.1.3:9696/v2.0/routers/f6f72739-c36b-418f-9318-a1d3589c9e28/remove_router_interface 0.689s
2016-02-22 20:31:37,010 27521 DEBUG    [tempest_lib.common.rest_client] Request - Headers: {'Content-Type': 'application/json', 'Accept': 'application/json', 'X-Auth-Token': '&lt;omitted&gt;'}
        Body: {"subnet_id": "49fca1e2-33d7-4b2a-b1a8-05347416f241"}
    Response - Headers: {'status': '500', 'content-length': '150', 'connection': 'close', 'date': 'Mon, 22 Feb 2016 20:31:37 GMT', 'content-type': 'application/json; charset=UTF-8', 'x-openstack-request-id': 'req-cc256508-0b07-47fd-8548-ebbdb7cc1e9d'}
        Body: {"NeutronError": {"message": "Request Failed: internal server error while processing your request.", "type": "HTTPInternalServerError", "detail": ""}}
2016-02-22 20:31:37,302 27521 INFO     [tempest_lib.common.rest_client] Request (TestNetworkAdvancedServerOps:_run_cleanups): 200 GET http://10.4.1.3:9696/v2.0/routers/f6f72739-c36b-418f-9318-a1d3589c9e28 0.288s
2016-02-22 20:31:37,303 27521 DEBUG    [tempest_lib.common.rest_client] Request - Headers: {'Content-Type': 'application/json', 'Accept': 'application/json', 'X-Auth-Token': '&lt;omitted&gt;'}
        Body: None
    Response - Headers: {'status': '200', 'content-length': '500', 'content-location': 'http://10.4.1.3:9696/v2.0/routers/f6f72739-c36b-418f-9318-a1d3589c9e28', 'connection': 'close', 'date': 'Mon, 22 Feb 2016 20:31:37 GMT', 'content-type': 'application/json; charset=UTF-8', 'x-openstack-request-id': 'req-64dd67b3-69b0-4efa-8a27-8b4f3a2cd9f2'}
        Body: {"router": {"status": "ACTIVE", "external_gateway_info": {"network_id": "0c0b45fd-8c0d-4c3c-969e-0e43bf6be2f2", "enable_snat": true, "external_fixed_ips": [{"subnet_id": "bb309d6f-f4a1-475e-b3d0-0d5077ef4c67", "ip_address": "172.24.4.3"}, {"subnet_id": "d73f4e15-30a6-4eb3-85bb-957748e2eb1e", "ip_address": "2001:db8::4"}]}, "name": "tempest-router-smoke-954815511", "admin_state_up": true, "tenant_id": "6fc03cc5a7f242078d7296eb79c336c3", "routes": [], "id": "f6f72739-c36b-418f-9318-a1d3589c9e28"}}
2016-02-22 20:31:37,844 27521 INFO     [tempest_lib.common.rest_client] Request (TestNetworkAdvancedServerOps:_run_cleanups): 200 PUT http://10.4.1.3:9696/v2.0/routers/f6f72739-c36b-418f-9318-a1d3589c9e28 0.540s
2016-02-22 20:31:37,844 27521 DEBUG    [tempest_lib.common.rest_client] Request - Headers: {'Content-Type': 'application/json', 'Accept': 'application/json', 'X-Auth-Token': '&lt;omitted&gt;'}
        Body: {"router": {"external_gateway_info": {}, "name": "tempest-router-smoke-954815511", "admin_state_up": true}}
    Response - Headers: {'status': '200', 'content-length': '238', 'connection': 'close', 'date': 'Mon, 22 Feb 2016 20:31:37 GMT', 'content-type': 'application/json; charset=UTF-8', 'x-openstack-request-id': 'req-f2dc7915-5445-4a2a-a2f1-ebc6fd58b1c6'}
        Body: {"router": {"status": "ACTIVE", "external_gateway_info": null, "name": "tempest-router-smoke-954815511", "admin_state_up": true, "tenant_id": "6fc03cc5a7f242078d7296eb79c336c3", "routes": [], "id": "f6f72739-c36b-418f-9318-a1d3589c9e28"}}
2016-02-22 20:31:38,310 27521 INFO     [tempest_lib.common.rest_client] Request (TestNetworkAdvancedServerOps:_run_cleanups): 500 DELETE http://10.4.1.3:9696/v2.0/routers/f6f72739-c36b-418f-9318-a1d3589c9e28 0.464s
2016-02-22 20:31:38,310 27521 DEBUG    [tempest_lib.common.rest_client] Request - Headers: {'Content-Type': 'application/json', 'Accept': 'application/json', 'X-Auth-Token': '&lt;omitted&gt;'}
        Body: None
    Response - Headers: {'status': '500', 'content-length': '150', 'connection': 'close', 'date': 'Mon, 22 Feb 2016 20:31:38 GMT', 'content-type': 'application/json; charset=UTF-8', 'x-openstack-request-id': 'req-37ca3ec1-882f-4765-ae69-2655001334de'}
        Body: {"NeutronError": {"message": "Request Failed: internal server error while processing your request.", "type": "HTTPInternalServerError", "detail": ""}}
2016-02-22 20:31:39,035 27521 INFO     [tempest_lib.common.rest_client] Request (TestNetworkAdvancedServerOps:_run_cleanups): 204 DELETE http://10.4.1.3:9696/v2.0/networks/fa0712b1-553b-480d-bed2-bc13052a89bb 0.724s
2016-02-22 20:31:39,036 27521 DEBUG    [tempest_lib.common.rest_client] Request - Headers: {'Content-Type': 'application/json', 'Accept': 'application/json', 'X-Auth-Token': '&lt;omitted&gt;'}
        Body: None
    Response - Headers: {'date': 'Mon, 22 Feb 2016 20:31:39 GMT', 'status': '204', 'connection': 'close', 'content-length': '0', 'x-openstack-request-id': 'req-0e66258e-9eff-457f-85da-470da87c14c2'}
        Body: 
2016-02-22 20:31:39,344 27521 INFO     [tempest_lib.common.rest_client] Request (TestNetworkAdvancedServerOps:_run_cleanups): 204 DELETE http://10.4.1.3:9696/v2.0/security-groups/8ec9fd28-009e-4530-87ec-3d1566423d1d 0.307s
2016-02-22 20:31:39,345 27521 DEBUG    [tempest_lib.common.rest_client] Request - Headers: {'Content-Type': 'application/json', 'Accept': 'application/json', 'X-Auth-Token': '&lt;omitted&gt;'}
        Body: None
    Response - Headers: {'date': 'Mon, 22 Feb 2016 20:31:39 GMT', 'status': '204', 'connection': 'close', 'content-length': '0', 'x-openstack-request-id': 'req-570319f4-1893-4391-bad6-95fa11f04b11'}
        Body: 
2016-02-22 20:31:39,568 27521 INFO     [tempest_lib.common.rest_client] Request (TestNetworkAdvancedServerOps:_run_cleanups): 202 DELETE http://10.4.1.3:8774/v2.1/6fc03cc5a7f242078d7296eb79c336c3/os-keypairs/tempest-TestNetworkAdvancedServerOps-1495232351 0.221s
2016-02-22 20:31:39,568 27521 DEBUG    [tempest_lib.common.rest_client] Request - Headers: {'Content-Type': 'application/json', 'Accept': 'application/json', 'X-Auth-Token': '&lt;omitted&gt;'}
        Body: None
    Response - Headers: {'status': '202', 'content-length': '0', 'x-compute-request-id': 'req-6c4b438d-1fbe-4527-af31-43406e434b11', 'vary': 'X-OpenStack-Nova-API-Version', 'connection': 'close', 'x-openstack-nova-api-version': '2.1', 'date': 'Mon, 22 Feb 2016 20:31:39 GMT', 'content-type': 'application/json'}
        Body: 
2016-02-22 20:31:39,854 27521 INFO     [tempest_lib.common.rest_client] Request (TestNetworkAdvancedServerOps:_run_cleanups): 404 GET http://10.4.1.3:8774/v2.1/6fc03cc5a7f242078d7296eb79c336c3/servers/82c5750b-85a9-4c5b-a4ad-1ddbc920c7ab 0.283s
2016-02-22 20:31:39,855 27521 DEBUG    [tempest_lib.common.rest_client] Request - Headers: {'Content-Type': 'application/json', 'Accept': 'application/json', 'X-Auth-Token': '&lt;omitted&gt;'}
        Body: None
    Response - Headers: {'status': '404', 'content-length': '111', 'x-compute-request-id': 'req-3ee8c6d9-a6a4-4f92-804f-a8dd85b10cb2', 'vary': 'X-OpenStack-Nova-API-Version', 'connection': 'close', 'x-openstack-nova-api-version': '2.1', 'date': 'Mon, 22 Feb 2016 20:31:39 GMT', 'content-type': 'application/json; charset=UTF-8'}
        Body: {"itemNotFound": {"message": "Instance 82c5750b-85a9-4c5b-a4ad-1ddbc920c7ab could not be found.", "code": 404}}
}}}

traceback-1: {{{
Traceback (most recent call last):
  File "tempest/scenario/manager.py", line 108, in delete_wrapper
    delete_thing(*args, **kwargs)
  File "tempest/services/network/resources.py", line 98, in delete
    subnet_id=self.id)
  File "tempest/services/network/json/network_client.py", line 199, in remove_router_interface
    return self.update_resource(uri, kwargs)
  File "tempest/services/network/json/base.py", line 68, in update_resource
    resp, body = self.put(req_uri, req_post_data)
  File "/usr/local/lib/python2.7/dist-packages/tempest_lib/common/rest_client.py", line 322, in put
    return self.request('PUT', url, extra_headers, headers, body)
  File "/usr/local/lib/python2.7/dist-packages/tempest_lib/common/rest_client.py", line 642, in request
    resp, resp_body)
  File "/usr/local/lib/python2.7/dist-packages/tempest_lib/common/rest_client.py", line 761, in _error_checker
    message=message)
tempest_lib.exceptions.ServerFault: Got server fault
Details: Request Failed: internal server error while processing your request.
}}}

traceback-2: {{{
Traceback (most recent call last):
  File "tempest/scenario/manager.py", line 108, in delete_wrapper
    delete_thing(*args, **kwargs)
  File "tempest/services/network/resources.py", line 119, in delete
    self.client.delete_router(self.id)
  File "tempest/services/network/json/network_client.py", line 169, in delete_router
    return self.delete_resource(uri)
  File "tempest/services/network/json/base.py", line 41, in delete_resource
    resp, body = self.delete(req_uri)
  File "/usr/local/lib/python2.7/dist-packages/tempest_lib/common/rest_client.py", line 290, in delete
    return self.request('DELETE', url, extra_headers, headers, body)
  File "/usr/local/lib/python2.7/dist-packages/tempest_lib/common/rest_client.py", line 642, in request
    resp, resp_body)
  File "/usr/local/lib/python2.7/dist-packages/tempest_lib/common/rest_client.py", line 761, in _error_checker
    message=message)
tempest_lib.exceptions.ServerFault: Got server fault
Details: Request Failed: internal server error while processing your request.
}}}

Traceback (most recent call last):
  File "tempest/test.py", line 113, in wrapper
    return f(self, *func_args, **func_kwargs)
  File "tempest/scenario/test_network_advanced_server_ops.py", line 132, in test_server_connectivity_pause_unpause
    server, keypair, floating_ip = self._setup_network_and_servers()
  File "tempest/scenario/test_network_advanced_server_ops.py", line 69, in _setup_network_and_servers
    server, keypair, floating_ip)
  File "tempest/scenario/test_network_advanced_server_ops.py", line 93, in _wait_server_status_and_check_network_connectivity
    self._check_network_connectivity(server, keypair, floating_ip)
  File "tempest/scenario/test_network_advanced_server_ops.py", line 86, in _check_network_connectivity
    servers=[server])
  File "tempest/scenario/manager.py", line 598, in check_public_network_connectivity
    should_connect=should_connect)
  File "tempest/scenario/manager.py", line 582, in check_vm_connectivity
    msg=msg)
  File "/usr/local/lib/python2.7/dist-packages/unittest2/case.py", line 702, in assertTrue
    raise self.failureException(msg)
AssertionError: False is not true : Timed out waiting for 172.24.4.4 to become reachable



        </pre>
    </div>
    <!--css div popup end-->

    </td>
</tr>

<tr id='ft1.2' class='none'>
    <td class='failCase'><div class='testcase'>test_server_connectivity_reboot[compute,id-7b6860c2-afa3-4846-9522-adeb38dfbe08,network]</div></td>
    <td colspan='7' align='left'>

    <!--css div popup start-->
    <a class="popup_link" onfocus='this.blur();'
    href="javascript:showTestDetail('div_ft1.2')" >
        fail</a>

    <div id='div_ft1.2' class="popup_window">
        <div style='text-align: right; color:red;cursor:pointer'>
        <a onfocus='this.blur();'
onclick="document.getElementById('div_ft1.2').style.display = 'none' " >
           [x]</a>
        </div>
        <pre>
        
ft1.2: tempest.scenario.test_network_advanced_server_ops.TestNetworkAdvancedServerOps.test_server_connectivity_reboot[compute,id-7b6860c2-afa3-4846-9522-adeb38dfbe08,network]_StringException: Empty attachments:
  stderr
  stdout

pythonlogging:'': {{{
2016-02-22 20:31:40,335 27521 INFO     [tempest_lib.common.rest_client] Request (TestNetworkAdvancedServerOps:test_server_connectivity_reboot): 200 POST http://10.4.1.3:8774/v2.1/6fc03cc5a7f242078d7296eb79c336c3/os-keypairs 0.457s
2016-02-22 20:31:40,336 27521 DEBUG    [tempest_lib.common.rest_client] Request - Headers: {'Content-Type': 'application/json', 'Accept': 'application/json', 'X-Auth-Token': '&lt;omitted&gt;'}
        Body: {"keypair": {"name": "tempest-TestNetworkAdvancedServerOps-264447788"}}
    Response - Headers: {'status': '200', 'content-length': '2329', 'x-compute-request-id': 'req-25f5ae00-0635-4b04-bc46-15a4f3c92da3', 'vary': 'X-OpenStack-Nova-API-Version', 'connection': 'close', 'x-openstack-nova-api-version': '2.1', 'date': 'Mon, 22 Feb 2016 20:31:40 GMT', 'content-type': 'application/json'}
        Body: {"keypair": {"public_key": "ssh-rsa AAAAB3NzaC1yc2EAAAADAQABAAABAQCej7CkbtXtQuA6depf1ecC11g4/masMBRFNpaCho31OuSfHZ7Q3iHxp3a4PCRnJjOI8olCYZN3jSeyq+1Ouj++VaqSk9lYmjDh2FNxSVFZMr1qPYEuUtpcs66g4tTzynoxKblyHOzZh7ytOJyMV8vmb1y7dLiTP2Iqhg2Tg+Hllp+e6pBYqWTKmaGaavfPcPrClYhr3fdlFrFhsHmtXemMjGjKk2ms5Z43n7VyZoYsy299DK+GZ23i9ZpqidPwD/09MCAGlSy5YkERWFHHdCvVNnEHR3MfrI1Ecyll1/fT/400+zs80Tf1dZbtbMrk0ZZ260/fVXWuPnspuQ6WzV0V Generated-by-Nova", "private_key": "-----BEGIN RSA PRIVATE KEY-----\nMIIEqQIBAAKCAQEAno+wpG7V7ULgOnXqX9XnAtdYOP5mrDAURTaWgoaN9Trknx2e\n0N4h8ad2uDwkZyYziPKJQmGTd40nsqvtTro/vlWqkpPZWJow4dhTcUlRWTK9aj2B\nLlLaXLOuoOLU88p6MSm5chzs2Ye8rTicjFfL5m9cu3S4kz9iKoYNk4Ph5ZafnuqQ\nWKlkypmhmmr3z3D6wpWIa933ZRaxYbB5rV3pjIxoypNprOWeN5+1cmaGLMtvfQyv\nhmdt4vWaaonT8A/9PTAgBpUsuWJBEVhRx3Qr1TZxB0dzH6yNRHMpZdf30/+NNPs7\nPNE39XWW7WzK5NGWdutP31V1rj57KbkOls1dFQIDAQABAoIBAQCDLGo8zjiKTN4F\nXxFi8Sloj1A77jJwVmIelDdVig0ch/kkrTN6pZm9OgYcCh0vfEn8DHGDCggeShdC\nV7s9exVK18IB+vA+vWidHgKB4N68hR5wKquY8BAXyso37Q+xE5uc2mDBR66lkwaC\n4yeXbvaPDyfPKJOdtTz34uiOVfdmn7RJsEG9Nuu+BQ/GtDBH+raHGrV6xY4v4Wnn\ngtGsZckLLCgDUljWtRC+hM0/+xg0NvfHsZy5l8eytrsDWYFiFww8jnQ9Uz93kZAU\nQYTRUQQjyp8T0ddm8hneJGCKu4mGuHsXidwfhVaVhr0MEsHII7waVapp+8W6YZqA\n80PnSOlNAoIAgQC+Hrl1Of9ZCNJFDrtj+T01cEt7qD1th1LPbc7tm1pofcRi42aO\n0zLBSWJcP6OQa3TsHeqD+HGtoCap9Ttq1sJnCIqlTGv/YBXxWUibwkd4pN4/7QuK\nuUSbZ1CPfpe/lmMNYjIUm8n0ivbmU4dLCnJRKC3wpfsrL3o8nK8svZoJewKCAIEA\n1YFvkD2wFwmbcMsvMCGQ/X9FvHMKYcC3/7uys55tan4cNhYeCFIb4K+3VhtHUdU6\n3M7lVTpVySBJFoPpuZB6eZuXgQIYO1ERYqsVSEhMzkm4bAmYSvfIOPQdZjfl89Sb\n0McpNkx7o+WABf2PSkQkWfSd0U22So+A8NoF+5RYBq8CggCBALliulLtz+lgqbC/\nEckFg0L1khUtU2DXIM+1cp7M6taTNIl81keU95v0U95CC9tKfQO0lDZFb4vva2Q1\nBdBDQ+M2OAPBRloJtrvV5PBE/G5OzY0mNyf5SkYC81JJDe261jF5u/3Of5peWyzy\n7C0nLZung0xyfT16GUa7PjFxXJ+7AoIAgBPc29UueABcq3Jd5MD0jnmW6pTymuen\nNzb6blCZj5JVsygw/JBHm0JW9pZzKTpqvPQn51v7dlmkwEfw88CIuWww1nJxEHIM\nQ7LLOcqkt0iFwTuD1QA8dwsdYtLMpn79q5VLwgDEMsh3pGZqRXdiSYN452m+chQT\nr6o4jk/uaBYPAoIAgD6sA5H0bHL5LyT1Fna9YA8N8kB9aRq6LMPLOQ326nUBFFjp\nhRLpPDzzGQ/qjCHklmst9E2L5E4hrEiYIzXveTUvb0EEUx8eiL+SNfv+pg8knTOE\niR/yJrE+UZ/234q6g6WfGbD7maJNc5oW6957RUvw1G80xVu1tE4Nv7dPYrhI\n-----END RSA PRIVATE KEY-----\n", "user_id": "167bb89b0c9b470d98a0e154a92ab071", "name": "tempest-TestNetworkAdvancedServerOps-264447788", "fingerprint": "b0:f0:cc:20:66:30:03:1f:68:99:11:f1:2b:b0:74:1d"}}
2016-02-22 20:31:40,661 27521 INFO     [tempest_lib.common.rest_client] Request (TestNetworkAdvancedServerOps:test_server_connectivity_reboot): 201 POST http://10.4.1.3:9696/v2.0/security-groups 0.321s
2016-02-22 20:31:40,662 27521 DEBUG    [tempest_lib.common.rest_client] Request - Headers: {'Content-Type': 'application/json', 'Accept': 'application/json', 'X-Auth-Token': '&lt;omitted&gt;'}
        Body: {"security_group": {"tenant_id": "6fc03cc5a7f242078d7296eb79c336c3", "description": "tempest-secgroup-smoke-2025639454 description", "name": "tempest-secgroup-smoke-2025639454"}}
    Response - Headers: {'status': '201', 'content-length': '888', 'connection': 'close', 'date': 'Mon, 22 Feb 2016 20:31:40 GMT', 'content-type': 'application/json; charset=UTF-8', 'x-openstack-request-id': 'req-f896fecf-637d-4ebc-9e0b-944ef4be5d90'}
