<?xml version="1.0" encoding="UTF-8"?>
<!DOCTYPE html PUBLIC "-//W3C//DTD XHTML 1.0 Strict//EN"
     "http://www.w3.org/TR/xhtml1/DTD/xhtml1-strict.dtd">
<html xmlns="http://www.w3.org/1999/xhtml">
<head>
    <title>Unit Test Report</title>
    <meta name="generator" content="subunit2html 0.1"/>
    <meta http-equiv="Content-Type" content="text/html; charset=UTF-8"/>
    
<style type="text/css" media="screen">
body        { font-family: verdana, arial, helvetica, sans-serif;
    font-size: 80%; }
table       { font-size: 100%; width: 100%;}
pre         { font-size: 80%; }

/* -- heading -------------------------------------------------------------- */
h1 {
        font-size: 16pt;
        color: gray;
}
.heading {
    margin-top: 0ex;
    margin-bottom: 1ex;
}

.heading .attribute {
    margin-top: 1ex;
    margin-bottom: 0;
}

.heading .description {
    margin-top: 4ex;
    margin-bottom: 6ex;
}

/* -- css div popup -------------------------------------------------------- */
a.popup_link {
}

a.popup_link:hover {
    color: red;
}

.popup_window {
    display: none;
    overflow-x: scroll;
    /*border: solid #627173 1px; */
    padding: 10px;
    background-color: #E6E6D6;
    font-family: "Ubuntu Mono", "Lucida Console", "Courier New", monospace;
    text-align: left;
    font-size: 8pt;
}

}
/* -- report --------------------------------------------------------------- */
#show_detail_line {
    margin-top: 3ex;
    margin-bottom: 1ex;
}
#result_table {
    width: 100%;
    border-collapse: collapse;
    border: 1px solid #777;
}
#header_row {
    font-weight: bold;
    color: white;
    background-color: #777;
}
#result_table td {
    border: 1px solid #777;
    padding: 2px;
}
#total_row  { font-weight: bold; }
.passClass  { background-color: #6c6; }
.failClass  { background-color: #c60; }
.errorClass { background-color: #c00; }
.passCase   { color: #6c6; }
.failCase   { color: #c60; font-weight: bold; }
.errorCase  { color: #c00; font-weight: bold; }
.hiddenRow  { display: none; }
.testcase   { margin-left: 2em; }
td.testname {width: 40%}
td.small {width: 40px}

/* -- ending --------------------------------------------------------------- */
#ending {
}

</style>

</head>
<body>
<script language="javascript" type="text/javascript"><!--
output_list = Array();

/* level - 0:Summary; 1:Failed; 2:All */
function showCase(level) {
    trs = document.getElementsByTagName("tr");
    for (var i = 0; i < trs.length; i++) {
        tr = trs[i];
        id = tr.id;
        if (id.substr(0,2) == 'ft') {
            if (level < 1) {
                tr.className = 'hiddenRow';
            }
            else {
                tr.className = '';
            }
        }
        if (id.substr(0,2) == 'pt') {
            if (level > 1) {
                tr.className = '';
            }
            else {
                tr.className = 'hiddenRow';
            }
        }
    }
}


function showClassDetail(cid, count) {
    var id_list = Array(count);
    var toHide = 1;
    for (var i = 0; i < count; i++) {
        tid0 = 't' + cid.substr(1) + '.' + (i+1);
        tid = 'f' + tid0;
        tr = document.getElementById(tid);
        if (!tr) {
            tid = 'p' + tid0;
            tr = document.getElementById(tid);
        }
        id_list[i] = tid;
        if (tr.className) {
            toHide = 0;
        }
    }
    for (var i = 0; i < count; i++) {
        tid = id_list[i];
        if (toHide) {
            document.getElementById('div_'+tid).style.display = 'none'
            document.getElementById(tid).className = 'hiddenRow';
        }
        else {
            document.getElementById(tid).className = '';
        }
    }
}


function showTestDetail(div_id){
    var details_div = document.getElementById(div_id)
    var displayState = details_div.style.display
    // alert(displayState)
    if (displayState != 'block' ) {
        displayState = 'block'
        details_div.style.display = 'block'
    }
    else {
        details_div.style.display = 'none'
    }
}


function html_escape(s) {
    s = s.replace(/&/g,'&amp;');
    s = s.replace(/</g,'&lt;');
    s = s.replace(/>/g,'&gt;');
    return s;
}

/* obsoleted by detail in <div>
function showOutput(id, name) {
    var w = window.open("", //url
                    name,
                    "resizable,scrollbars,status,width=800,height=450");
    d = w.document;
    d.write("<pre>");
    d.write(html_escape(output_list[id]));
    d.write("\n");
    d.write("<a href='javascript:window.close()'>close</a>\n");
    d.write("</pre>\n");
    d.close();
}
*/
--></script>

<div class='heading'>
<h1>Unit Test Report</h1>

<p class='attribute'><strong>Status:</strong> Failure 6</p>

<p class='description'></p>
</div>



<p id='show_detail_line'>Show
<a href='javascript:showCase(0)'>Summary</a>
<a href='javascript:showCase(1)'>Failed</a>
<a href='javascript:showCase(2)'>All</a>
</p>
<table id='result_table'>
<colgroup>
<col align='left' />
<col align='right' />
<col align='right' />
<col align='right' />
<col align='right' />
<col align='right' />
<col align='right' />
<col align='right' />
</colgroup>
<tr id='header_row'>
    <td>Test Group/Test case</td>
    <td>Count</td>
    <td>Pass</td>
    <td>Fail</td>
    <td>Error</td>
    <td>Skip</td>
    <td>View</td>
    <td> </td>
</tr>

<tr class='failClass'>
    <td class="testname">tempest.scenario.test_network_advanced_server_ops.TestNetworkAdvancedServerOps</td>
    <td class="small">6</td>
    <td class="small">0</td>
    <td class="small">6</td>
    <td class="small">0</td>
    <td class="small">0</td>
    <td class="small"><a href="javascript:showClassDetail('c1',6)"
>Detail</a></td>
    <td> </td>
</tr>

<tr id='ft1.1' class='none'>
    <td class='failCase'><div class='testcase'>test_server_connectivity_pause_unpause[compute,id-2b2642db-6568-4b35-b812-eceed3fa20ce,network]</div></td>
    <td colspan='7' align='left'>

    <!--css div popup start-->
    <a class="popup_link" onfocus='this.blur();'
    href="javascript:showTestDetail('div_ft1.1')" >
        fail</a>

    <div id='div_ft1.1' class="popup_window">
        <div style='text-align: right; color:red;cursor:pointer'>
        <a onfocus='this.blur();'
onclick="document.getElementById('div_ft1.1').style.display = 'none' " >
           [x]</a>
        </div>
        <pre>
        
ft1.1: tempest.scenario.test_network_advanced_server_ops.TestNetworkAdvancedServerOps.test_server_connectivity_pause_unpause[compute,id-2b2642db-6568-4b35-b812-eceed3fa20ce,network]_StringException: Empty attachments:
  stderr
  stdout

pythonlogging:'': {{{
2016-01-21 10:30:53,713 15126 INFO     [tempest_lib.common.rest_client] Request (TestNetworkAdvancedServerOps:test_server_connectivity_pause_unpause): 200 POST http://10.4.1.3:8774/v2.1/8019f260cbbd47eb8bcd17e8b5a650e1/os-keypairs 0.363s
2016-01-21 10:30:53,713 15126 DEBUG    [tempest_lib.common.rest_client] Request - Headers: {'Content-Type': 'application/json', 'Accept': 'application/json', 'X-Auth-Token': '&lt;omitted&gt;'}
        Body: {"keypair": {"name": "tempest-TestNetworkAdvancedServerOps-544235203"}}
    Response - Headers: {'status': '200', 'content-length': '2333', 'x-compute-request-id': 'req-e8ba3386-9f4d-4955-8c10-980acb8a92ed', 'vary': 'X-OpenStack-Nova-API-Version', 'connection': 'close', 'x-openstack-nova-api-version': '2.1', 'date': 'Thu, 21 Jan 2016 10:30:53 GMT', 'content-type': 'application/json'}
        Body: {"keypair": {"public_key": "ssh-rsa AAAAB3NzaC1yc2EAAAADAQABAAABAQDSmUXbTlyqvZOUlt6Y7Vmip5qRjVsoM3e+7fRjVrlea6pEf/UHelvQcM0G5icBOSeFj7uP5ImgBX2OloPv4n2Y1W0gVK2ajh3zm6nw2EgNGd/Rh8y7aKM46qI7Yrml2WhDpVwMm7ClMdlf53+RYaPxuyGKFi1I6Zd7bZ5HUeOM4sh+GENUP+nYMd0/H+HSKfzoRy2tVyPSYIuSpx4MLeh1cmeORJw5ef17bTI3Jsq6gyToams3lwKFdXfggMPf1zNMguPS1TZZs7rDdlSNCFdonCHRDeJSbGkJxA95LsX5xt+UlU0lkhHTFWb9ES1KhYzpdYMumQkjUfrZl0V/B9wD Generated-by-Nova", "private_key": "-----BEGIN RSA PRIVATE KEY-----\nMIIEqgIBAAKCAQEA0plF205cqr2TlJbemO1ZoqeakY1bKDN3vu30Y1a5XmuqRH/1\nB3pb0HDNBuYnATknhY+7j+SJoAV9jpaD7+J9mNVtIFStmo4d85up8NhIDRnf0YfM\nu2ijOOqiO2K5pdloQ6VcDJuwpTHZX+d/kWGj8bshihYtSOmXe22eR1HjjOLIfhhD\nVD/p2DHdPx/h0in86EctrVcj0mCLkqceDC3odXJnjkScOXn9e20yNybKuoMk6Gpr\nN5cChXV34IDD39czTILj0tU2WbO6w3ZUjQhXaJwh0Q3iUmxpCcQPeS7F+cbflJVN\nJZIR0xVm/REtSoWM6XWDLpkJI1H62ZdFfwfcAwIDAQABAoIBABjIMJA+CGmPJW62\n0jrssz+QuX+nQrLYW578IWYPLoEN6ltlM1BN9b/xhi7ppm1ebGgrIccs/YT3IG9H\nBv+Th3QUqWLElCk70Ap6puTQjqn8AXqGoHDtP0fTVIPoejAqBTrwmoRhTcgitZGz\njC9vbftkKe417d5GnqzHmXiLClvpnQpF6ZWpUWiuodxxDuMpiVY/wAuBJS/aZM7q\nXCh0ArNqcVXq29OqRzLOLiP7N0OUON3XngaB0JaGBIYjgkcnyRobwjedPktMADro\ns34p7/73M/DIiQbVQpk3MHZdsjhgkNlI1VTdeJ9Ir8N9xDZ8MMn38GZLtC/eLt53\nZfHDTQECggCBANNHTJUJv6DkoTfSztRXoe3hvsDsQAdOSPueTkOTstXZOhLmt6Bh\n2eD4QvT9VZWYYIcRmEC0dKXO12vIh0ycfsyiELJMSZv+8h95wrTUJPoPenhJ49Ci\n4/lUsdqSQ+6PctU/sEyVd7u0KnjTy6GpXeMN+Y5DGswOj6YELDO8icQtAoIAgQD/\nLSMwCAPEotVXgw7RUmr2meH5qJ6GLQCRxRrgODWoI8Ajx4tVHpfIsTGkuPm7BALe\nCULml1J1ZjLs4piFx8qVV24RA+haVipiwoAohfxjbRM5ukTUoLfskjkwM/2tQVbr\nuxRRXp2bRi1aGwNuRtng47FBdba4crBQsigAdbRO7wKCAIEAswB0ZM0mmwU5hhdH\n/uXkHqwlNkSzFr1/3hbIjj6DxOTPbBYnO23L7+vGptQ//4djOOxyR1fcgGJXZ001\nPHZWg79HUBiMQOtmbb52dUhLr8UPaPyJVEm9xo+4Q8uqXGMS0pOsJaZ5FAHX/hjL\nLMNW9Tjw11QJTxuDHw/n90lkm10CggCBANLU9HHG7XYWI7b+bcu9EOtXEUI5c2Dg\n5cuK0z3Ws16Myz/EqvZVJIuI+79hpdRC6CuT81aaSGL/YawfPG2sOVFSv3oHhH6/\nGp4mncTdjz6G7I+RuzUC5XPtDJsrGbmAdtSl6Y+hYQ7d2LLOBvOiTnplJhszqxiS\nieLij/JxTdy5AoIAgQCogltQO4K3S1YCcSJKJDO0IcZU3C1V2fgmumYy2gk0c/eC\nLZT7D6i6x7uh17uaxx0HNEcA9BrFsNzJMwzglq2upIOqAQVTqe6TFqFCx73JbKwb\n3njTQ/CGiAf/eofLPjwJEirTkJkj3dyB6NbyGt0Mk+7koubxwxkONkSSXK0YPQ==\n-----END RSA PRIVATE KEY-----\n", "user_id": "afbcb80d82754e86aae03498e5dbdc32", "name": "tempest-TestNetworkAdvancedServerOps-544235203", "fingerprint": "6b:74:30:a6:ea:08:61:29:14:86:f8:c6:d4:30:89:a7"}}
2016-01-21 10:30:54,101 15126 INFO     [tempest_lib.common.rest_client] Request (TestNetworkAdvancedServerOps:test_server_connectivity_pause_unpause): 201 POST http://10.4.1.3:9696/v2.0/security-groups 0.384s
2016-01-21 10:30:54,102 15126 DEBUG    [tempest_lib.common.rest_client] Request - Headers: {'Content-Type': 'application/json', 'Accept': 'application/json', 'X-Auth-Token': '&lt;omitted&gt;'}
        Body: {"security_group": {"tenant_id": "8019f260cbbd47eb8bcd17e8b5a650e1", "description": "tempest-secgroup-smoke-926042348 description", "name": "tempest-secgroup-smoke-926042348"}}
    Response - Headers: {'status': '201', 'content-length': '886', 'connection': 'close', 'date': 'Thu, 21 Jan 2016 10:30:54 GMT', 'content-type': 'application/json; charset=UTF-8', 'x-openstack-request-id': 'req-6e3d0f93-c4e4-4898-805c-d16dce7e03ba'}
        Body: {"security_group": {"tenant_id": "8019f260cbbd47eb8bcd17e8b5a650e1", "description": "tempest-secgroup-smoke-926042348 description", "id": "7c0f127f-7a77-4f0b-8b6c-b8f177413498", "security_group_rules": [{"remote_group_id": null, "direction": "egress", "remote_ip_prefix": null, "protocol": null, "ethertype": "IPv4", "tenant_id": "8019f260cbbd47eb8bcd17e8b5a650e1", "port_range_max": null, "port_range_min": null, "id": "9c89e53f-99b2-4768-9eb4-0f0525ac7e5c", "security_group_id": "7c0f127f-7a77-4f0b-8b6c-b8f177413498"}, {"remote_group_id": null, "direction": "egress", "remote_ip_prefix": null, "protocol": null, "ethertype": "IPv6", "tenant_id": "8019f260cbbd47eb8bcd17e8b5a650e1", "port_range_max": null, "port_range_min": null, "id": "71d5f85f-df18-4f12-92ae-336f20f363d5", "security_group_id": "7c0f127f-7a77-4f0b-8b6c-b8f177413498"}], "name": "tempest-secgroup-smoke-926042348"}}
2016-01-21 10:30:54,395 15126 INFO     [tempest_lib.common.rest_client] Request (TestNetworkAdvancedServerOps:test_server_connectivity_pause_unpause): 201 POST http://10.4.1.3:9696/v2.0/security-group-rules 0.291s
2016-01-21 10:30:54,396 15126 DEBUG    [tempest_lib.common.rest_client] Request - Headers: {'Content-Type': 'application/json', 'Accept': 'application/json', 'X-Auth-Token': '&lt;omitted&gt;'}
        Body: {"security_group_rule": {"direction": "ingress", "protocol": "tcp", "tenant_id": "8019f260cbbd47eb8bcd17e8b5a650e1", "port_range_max": 22, "security_group_id": "7c0f127f-7a77-4f0b-8b6c-b8f177413498", "port_range_min": 22}}
    Response - Headers: {'status': '201', 'content-length': '340', 'connection': 'close', 'date': 'Thu, 21 Jan 2016 10:30:54 GMT', 'content-type': 'application/json; charset=UTF-8', 'x-openstack-request-id': 'req-0c555c18-b641-4dd3-9db2-62ef77f759e8'}
        Body: {"security_group_rule": {"remote_group_id": null, "direction": "ingress", "remote_ip_prefix": null, "protocol": "tcp", "ethertype": "IPv4", "tenant_id": "8019f260cbbd47eb8bcd17e8b5a650e1", "port_range_max": 22, "port_range_min": 22, "id": "1fb2885b-97af-4ff3-b0b3-5cf49a01cfc9", "security_group_id": "7c0f127f-7a77-4f0b-8b6c-b8f177413498"}}
2016-01-21 10:30:54,676 15126 INFO     [tempest_lib.common.rest_client] Request (TestNetworkAdvancedServerOps:test_server_connectivity_pause_unpause): 201 POST http://10.4.1.3:9696/v2.0/security-group-rules 0.278s
2016-01-21 10:30:54,677 15126 DEBUG    [tempest_lib.common.rest_client] Request - Headers: {'Content-Type': 'application/json', 'Accept': 'application/json', 'X-Auth-Token': '&lt;omitted&gt;'}
        Body: {"security_group_rule": {"direction": "egress", "protocol": "tcp", "tenant_id": "8019f260cbbd47eb8bcd17e8b5a650e1", "port_range_max": 22, "security_group_id": "7c0f127f-7a77-4f0b-8b6c-b8f177413498", "port_range_min": 22}}
    Response - Headers: {'status': '201', 'content-length': '339', 'connection': 'close', 'date': 'Thu, 21 Jan 2016 10:30:54 GMT', 'content-type': 'application/json; charset=UTF-8', 'x-openstack-request-id': 'req-83ed8d04-a3c4-4a70-8800-f0b318630182'}
        Body: {"security_group_rule": {"remote_group_id": null, "direction": "egress", "remote_ip_prefix": null, "protocol": "tcp", "ethertype": "IPv4", "tenant_id": "8019f260cbbd47eb8bcd17e8b5a650e1", "port_range_max": 22, "port_range_min": 22, "id": "5be9e649-d461-40bd-bb87-6945550373e3", "security_group_id": "7c0f127f-7a77-4f0b-8b6c-b8f177413498"}}
2016-01-21 10:30:54,958 15126 INFO     [tempest_lib.common.rest_client] Request (TestNetworkAdvancedServerOps:test_server_connectivity_pause_unpause): 201 POST http://10.4.1.3:9696/v2.0/security-group-rules 0.280s
2016-01-21 10:30:54,958 15126 DEBUG    [tempest_lib.common.rest_client] Request - Headers: {'Content-Type': 'application/json', 'Accept': 'application/json', 'X-Auth-Token': '&lt;omitted&gt;'}
        Body: {"security_group_rule": {"tenant_id": "8019f260cbbd47eb8bcd17e8b5a650e1", "direction": "ingress", "protocol": "icmp", "security_group_id": "7c0f127f-7a77-4f0b-8b6c-b8f177413498"}}
    Response - Headers: {'status': '201', 'content-length': '345', 'connection': 'close', 'date': 'Thu, 21 Jan 2016 10:30:54 GMT', 'content-type': 'application/json; charset=UTF-8', 'x-openstack-request-id': 'req-77367e89-792e-4ca1-92a7-141f9e037e7f'}
        Body: {"security_group_rule": {"remote_group_id": null, "direction": "ingress", "remote_ip_prefix": null, "protocol": "icmp", "ethertype": "IPv4", "tenant_id": "8019f260cbbd47eb8bcd17e8b5a650e1", "port_range_max": null, "port_range_min": null, "id": "050f5ec2-9951-4a8e-8e05-c55b3590bf77", "security_group_id": "7c0f127f-7a77-4f0b-8b6c-b8f177413498"}}
2016-01-21 10:30:55,225 15126 INFO     [tempest_lib.common.rest_client] Request (TestNetworkAdvancedServerOps:test_server_connectivity_pause_unpause): 201 POST http://10.4.1.3:9696/v2.0/security-group-rules 0.265s
2016-01-21 10:30:55,225 15126 DEBUG    [tempest_lib.common.rest_client] Request - Headers: {'Content-Type': 'application/json', 'Accept': 'application/json', 'X-Auth-Token': '&lt;omitted&gt;'}
        Body: {"security_group_rule": {"tenant_id": "8019f260cbbd47eb8bcd17e8b5a650e1", "direction": "egress", "protocol": "icmp", "security_group_id": "7c0f127f-7a77-4f0b-8b6c-b8f177413498"}}
    Response - Headers: {'status': '201', 'content-length': '344', 'connection': 'close', 'date': 'Thu, 21 Jan 2016 10:30:55 GMT', 'content-type': 'application/json; charset=UTF-8', 'x-openstack-request-id': 'req-f5937169-47f0-4229-be4b-357e267dfcca'}
        Body: {"security_group_rule": {"remote_group_id": null, "direction": "egress", "remote_ip_prefix": null, "protocol": "icmp", "ethertype": "IPv4", "tenant_id": "8019f260cbbd47eb8bcd17e8b5a650e1", "port_range_max": null, "port_range_min": null, "id": "8afda6e0-6f5e-497f-b68b-5a9d611a1025", "security_group_id": "7c0f127f-7a77-4f0b-8b6c-b8f177413498"}}
2016-01-21 10:30:55,480 15126 INFO     [tempest_lib.common.rest_client] Request (TestNetworkAdvancedServerOps:test_server_connectivity_pause_unpause): 201 POST http://10.4.1.3:9696/v2.0/security-group-rules 0.254s
2016-01-21 10:30:55,480 15126 DEBUG    [tempest_lib.common.rest_client] Request - Headers: {'Content-Type': 'application/json', 'Accept': 'application/json', 'X-Auth-Token': '&lt;omitted&gt;'}
        Body: {"security_group_rule": {"tenant_id": "8019f260cbbd47eb8bcd17e8b5a650e1", "direction": "ingress", "security_group_id": "7c0f127f-7a77-4f0b-8b6c-b8f177413498", "protocol": "icmp", "ethertype": "IPv6"}}
    Response - Headers: {'status': '201', 'content-length': '345', 'connection': 'close', 'date': 'Thu, 21 Jan 2016 10:30:55 GMT', 'content-type': 'application/json; charset=UTF-8', 'x-openstack-request-id': 'req-a181cae0-6fd0-4bc5-8f03-f300bd2e0ce7'}
        Body: {"security_group_rule": {"remote_group_id": null, "direction": "ingress", "remote_ip_prefix": null, "protocol": "icmp", "ethertype": "IPv6", "tenant_id": "8019f260cbbd47eb8bcd17e8b5a650e1", "port_range_max": null, "port_range_min": null, "id": "d26ab8d0-6016-4db2-81d8-f82e50b3d229", "security_group_id": "7c0f127f-7a77-4f0b-8b6c-b8f177413498"}}
2016-01-21 10:30:55,759 15126 INFO     [tempest_lib.common.rest_client] Request (TestNetworkAdvancedServerOps:test_server_connectivity_pause_unpause): 201 POST http://10.4.1.3:9696/v2.0/security-group-rules 0.277s
2016-01-21 10:30:55,760 15126 DEBUG    [tempest_lib.common.rest_client] Request - Headers: {'Content-Type': 'application/json', 'Accept': 'application/json', 'X-Auth-Token': '&lt;omitted&gt;'}
        Body: {"security_group_rule": {"tenant_id": "8019f260cbbd47eb8bcd17e8b5a650e1", "direction": "egress", "security_group_id": "7c0f127f-7a77-4f0b-8b6c-b8f177413498", "protocol": "icmp", "ethertype": "IPv6"}}
    Response - Headers: {'status': '201', 'content-length': '344', 'connection': 'close', 'date': 'Thu, 21 Jan 2016 10:30:55 GMT', 'content-type': 'application/json; charset=UTF-8', 'x-openstack-request-id': 'req-3eb8ec2a-6b77-41ec-a2ac-d27ec73adb72'}
        Body: {"security_group_rule": {"remote_group_id": null, "direction": "egress", "remote_ip_prefix": null, "protocol": "icmp", "ethertype": "IPv6", "tenant_id": "8019f260cbbd47eb8bcd17e8b5a650e1", "port_range_max": null, "port_range_min": null, "id": "d874176a-5b16-4ede-bf13-3d39a4416b89", "security_group_id": "7c0f127f-7a77-4f0b-8b6c-b8f177413498"}}
2016-01-21 10:30:56,089 15126 INFO     [tempest_lib.common.rest_client] Request (TestNetworkAdvancedServerOps:test_server_connectivity_pause_unpause): 201 POST http://10.4.1.3:9696/v2.0/networks 0.328s
2016-01-21 10:30:56,090 15126 DEBUG    [tempest_lib.common.rest_client] Request - Headers: {'Content-Type': 'application/json', 'Accept': 'application/json', 'X-Auth-Token': '&lt;omitted&gt;'}
        Body: {"network": {"tenant_id": "8019f260cbbd47eb8bcd17e8b5a650e1", "name": "tempest-network-smoke--1189217167"}}
    Response - Headers: {'status': '201', 'content-length': '327', 'connection': 'close', 'date': 'Thu, 21 Jan 2016 10:30:56 GMT', 'content-type': 'application/json; charset=UTF-8', 'x-openstack-request-id': 'req-ce8700da-7145-4334-98f5-ff128ff549c9'}
        Body: {"network": {"status": "ACTIVE", "subnets": [], "availability_zone_hints": [], "name": "tempest-network-smoke--1189217167", "admin_state_up": true, "tenant_id": "8019f260cbbd47eb8bcd17e8b5a650e1", "mtu": 0, "router:external": false, "shared": false, "port_security_enabled": true, "id": "9879d5e3-486d-47c9-8901-1809160c9f76"}}
2016-01-21 10:30:56,321 15126 INFO     [tempest_lib.common.rest_client] Request (TestNetworkAdvancedServerOps:test_server_connectivity_pause_unpause): 201 POST http://10.4.1.3:9696/v2.0/routers 0.231s
2016-01-21 10:30:56,322 15126 DEBUG    [tempest_lib.common.rest_client] Request - Headers: {'Content-Type': 'application/json', 'Accept': 'application/json', 'X-Auth-Token': '&lt;omitted&gt;'}
        Body: {"router": {"tenant_id": "8019f260cbbd47eb8bcd17e8b5a650e1", "name": "tempest-router-smoke-1901040974", "admin_state_up": true}}
    Response - Headers: {'status': '201', 'content-length': '239', 'connection': 'close', 'date': 'Thu, 21 Jan 2016 10:30:56 GMT', 'content-type': 'application/json; charset=UTF-8', 'x-openstack-request-id': 'req-d3984f2e-bde3-4c42-91a0-ac7a2a694394'}
        Body: {"router": {"status": "ACTIVE", "external_gateway_info": null, "name": "tempest-router-smoke-1901040974", "admin_state_up": true, "tenant_id": "8019f260cbbd47eb8bcd17e8b5a650e1", "routes": [], "id": "75023c33-bb53-45db-a578-9a6a4aeb8699"}}
2016-01-21 10:30:56,548 15126 INFO     [tempest_lib.common.rest_client] Request (TestNetworkAdvancedServerOps:test_server_connectivity_pause_unpause): 200 GET http://10.4.1.3:9696/v2.0/routers/75023c33-bb53-45db-a578-9a6a4aeb8699 0.225s
2016-01-21 10:30:56,548 15126 DEBUG    [tempest_lib.common.rest_client] Request - Headers: {'Content-Type': 'application/json', 'Accept': 'application/json', 'X-Auth-Token': '&lt;omitted&gt;'}
        Body: None
    Response - Headers: {'status': '200', 'content-length': '239', 'content-location': 'http://10.4.1.3:9696/v2.0/routers/75023c33-bb53-45db-a578-9a6a4aeb8699', 'connection': 'close', 'date': 'Thu, 21 Jan 2016 10:30:56 GMT', 'content-type': 'application/json; charset=UTF-8', 'x-openstack-request-id': 'req-10d8a902-4d38-4fb6-8875-30497e1fdb39'}
        Body: {"router": {"status": "ACTIVE", "external_gateway_info": null, "name": "tempest-router-smoke-1901040974", "admin_state_up": true, "tenant_id": "8019f260cbbd47eb8bcd17e8b5a650e1", "routes": [], "id": "75023c33-bb53-45db-a578-9a6a4aeb8699"}}
2016-01-21 10:30:57,290 15126 INFO     [tempest_lib.common.rest_client] Request (TestNetworkAdvancedServerOps:test_server_connectivity_pause_unpause): 200 PUT http://10.4.1.3:9696/v2.0/routers/75023c33-bb53-45db-a578-9a6a4aeb8699 0.740s
2016-01-21 10:30:57,290 15126 DEBUG    [tempest_lib.common.rest_client] Request - Headers: {'Content-Type': 'application/json', 'Accept': 'application/json', 'X-Auth-Token': '&lt;omitted&gt;'}
        Body: {"router": {"external_gateway_info": {"network_id": "cfa7ed7d-c91a-4099-8180-18736622be75"}, "name": "tempest-router-smoke-1901040974", "admin_state_up": true}}
    Response - Headers: {'status': '200', 'content-length': '501', 'connection': 'close', 'date': 'Thu, 21 Jan 2016 10:30:57 GMT', 'content-type': 'application/json; charset=UTF-8', 'x-openstack-request-id': 'req-a12a05e4-9a03-4336-bdb4-ae9fbb4eb351'}
        Body: {"router": {"status": "ACTIVE", "external_gateway_info": {"network_id": "cfa7ed7d-c91a-4099-8180-18736622be75", "enable_snat": true, "external_fixed_ips": [{"subnet_id": "0ea5c5f0-1c0f-4421-8459-e12df37d7d35", "ip_address": "172.24.4.3"}, {"subnet_id": "8c3c0f0a-9deb-4921-bcf3-0b02b54698eb", "ip_address": "2001:db8::4"}]}, "name": "tempest-router-smoke-1901040974", "admin_state_up": true, "tenant_id": "8019f260cbbd47eb8bcd17e8b5a650e1", "routes": [], "id": "75023c33-bb53-45db-a578-9a6a4aeb8699"}}
2016-01-21 10:30:57,511 15126 INFO     [tempest_lib.common.rest_client] Request (TestNetworkAdvancedServerOps:test_server_connectivity_pause_unpause): 200 GET http://10.4.1.3:9696/v2.0/subnets?tenant_id=8019f260cbbd47eb8bcd17e8b5a650e1&amp;cidr=10.100.0.0%2F28 0.219s
2016-01-21 10:30:57,512 15126 DEBUG    [tempest_lib.common.rest_client] Request - Headers: {'Content-Type': 'application/json', 'Accept': 'application/json', 'X-Auth-Token': '&lt;omitted&gt;'}
        Body: None
    Response - Headers: {'status': '200', 'content-length': '15', 'content-location': 'http://10.4.1.3:9696/v2.0/subnets?tenant_id=8019f260cbbd47eb8bcd17e8b5a650e1&amp;cidr=10.100.0.0%2F28', 'connection': 'close', 'date': 'Thu, 21 Jan 2016 10:30:57 GMT', 'content-type': 'application/json; charset=UTF-8', 'x-openstack-request-id': 'req-e5fa1dc6-1c1f-4acd-966f-65a8d51a3708'}
        Body: {"subnets": []}
2016-01-21 10:30:58,006 15126 INFO     [tempest_lib.common.rest_client] Request (TestNetworkAdvancedServerOps:test_server_connectivity_pause_unpause): 201 POST http://10.4.1.3:9696/v2.0/subnets 0.493s
2016-01-21 10:30:58,007 15126 DEBUG    [tempest_lib.common.rest_client] Request - Headers: {'Content-Type': 'application/json', 'Accept': 'application/json', 'X-Auth-Token': '&lt;omitted&gt;'}
        Body: {"subnet": {"ip_version": 4, "tenant_id": "8019f260cbbd47eb8bcd17e8b5a650e1", "cidr": "10.100.0.0/28", "network_id": "9879d5e3-486d-47c9-8901-1809160c9f76", "name": "tempest-subnet-smoke-172567296"}}
    Response - Headers: {'status': '201', 'content-length': '477', 'connection': 'close', 'date': 'Thu, 21 Jan 2016 10:30:58 GMT', 'content-type': 'application/json; charset=UTF-8', 'x-openstack-request-id': 'req-98f114e5-857f-4d76-bb14-c5548a542d02'}
        Body: {"subnet": {"name": "tempest-subnet-smoke-172567296", "enable_dhcp": true, "network_id": "9879d5e3-486d-47c9-8901-1809160c9f76", "tenant_id": "8019f260cbbd47eb8bcd17e8b5a650e1", "dns_nameservers": [], "gateway_ip": "10.100.0.1", "ipv6_ra_mode": null, "allocation_pools": [{"start": "10.100.0.2", "end": "10.100.0.14"}], "host_routes": [], "ip_version": 4, "ipv6_address_mode": null, "cidr": "10.100.0.0/28", "id": "aaedfa8e-cfac-4356-bd96-0c25a4e771ea", "subnetpool_id": null}}
2016-01-21 10:30:58,734 15126 INFO     [tempest_lib.common.rest_client] Request (TestNetworkAdvancedServerOps:test_server_connectivity_pause_unpause): 200 PUT http://10.4.1.3:9696/v2.0/routers/75023c33-bb53-45db-a578-9a6a4aeb8699/add_router_interface 0.725s
2016-01-21 10:30:58,735 15126 DEBUG    [tempest_lib.common.rest_client] Request - Headers: {'Content-Type': 'application/json', 'Accept': 'application/json', 'X-Auth-Token': '&lt;omitted&gt;'}
        Body: {"subnet_id": "aaedfa8e-cfac-4356-bd96-0c25a4e771ea"}
    Response - Headers: {'status': '200', 'content-length': '255', 'connection': 'close', 'date': 'Thu, 21 Jan 2016 10:30:58 GMT', 'content-type': 'application/json; charset=UTF-8', 'x-openstack-request-id': 'req-7a2c19e9-4383-462a-bf81-7f2bf414dee5'}
        Body: {"subnet_id": "aaedfa8e-cfac-4356-bd96-0c25a4e771ea", "tenant_id": "8019f260cbbd47eb8bcd17e8b5a650e1", "subnet_ids": ["aaedfa8e-cfac-4356-bd96-0c25a4e771ea"], "port_id": "70f3612b-33e2-4559-a77e-9b0d9e8e6392", "id": "75023c33-bb53-45db-a578-9a6a4aeb8699"}
2016-01-21 10:30:58,876 15126 INFO     [tempest_lib.common.rest_client] Request (TestNetworkAdvancedServerOps:test_server_connectivity_pause_unpause): 200 POST http://10.4.1.3:5000/v2.0/tokens
2016-01-21 10:30:58,877 15126 DEBUG    [tempest_lib.common.rest_client] Request - Headers: {'Content-Type': 'application/json', 'Accept': 'application/json'}
        Body: &lt;omitted&gt;
    Response - Headers: {'status': '200', 'content-length': '2294', 'vary': 'X-Auth-Token', 'server': 'Apache/2.4.7 (Ubuntu)', 'connection': 'close', 'date': 'Thu, 21 Jan 2016 10:30:58 GMT', 'content-type': 'application/json', 'x-openstack-request-id': 'req-41b15e39-8a38-4968-9974-b8e49feb2c38'}
        Body: {"access": {"token": {"issued_at": "2016-01-21T10:30:58.865517", "expires": "2016-01-21T11:30:58Z", "id": "5b97d5cd3f784480b35542e7e5e62b55", "tenant": {"description": "tempest-TestNetworkAdvancedServerOps-1703403120-desc", "enabled": true, "id": "8019f260cbbd47eb8bcd17e8b5a650e1", "name": "tempest-TestNetworkAdvancedServerOps-1703403120"}, "audit_ids": ["J40q1juZSS6PI0KR8A7Yzw"]}, "serviceCatalog": [{"endpoints": [{"adminURL": "http://10.4.1.3:9292", "region": "RegionOne", "internalURL": "http://10.4.1.3:9292", "id": "74374d03a6674d59a88ef6ef07987d15", "publicURL": "http://10.4.1.3:9292"}], "endpoints_links": [], "type": "image", "name": "glance"}, {"endpoints": [{"adminURL": "http://10.4.1.3:8774/v2.1/8019f260cbbd47eb8bcd17e8b5a650e1", "region": "RegionOne", "internalURL": "http://10.4.1.3:8774/v2.1/8019f260cbbd47eb8bcd17e8b5a650e1", "id": "450c775ac6494548b50e9b18a944dd3b", "publicURL": "http://10.4.1.3:8774/v2.1/8019f260cbbd47eb8bcd17e8b5a650e1"}], "endpoints_links": [], "type": "compute", "name": "nova"}, {"endpoints": [{"adminURL": "http://10.4.1.3:9696/", "region": "RegionOne", "internalURL": "http://10.4.1.3:9696/", "id": "3545b8c349424c7aa7d84a4c6b50217e", "publicURL": "http://10.4.1.3:9696/"}], "endpoints_links": [], "type": "network", "name": "neutron"}, {"endpoints": [{"adminURL": "http://10.4.1.3:35357/v2.0", "region": "RegionOne", "internalURL": "http://10.4.1.3:5000/v2.0", "id": "40c8a548a14a42eb822a8e607fbc033b", "publicURL": "http://10.4.1.3:5000/v2.0"}], "endpoints_links": [], "type": "identity", "name": "keystone"}, {"endpoints": [{"adminURL": "http://10.4.1.3:8774/v2/8019f260cbbd47eb8bcd17e8b5a650e1", "region": "RegionOne", "internalURL": "http://10.4.1.3:8774/v2/8019f260cbbd47eb8bcd17e8b5a650e1", "id": "50ffef31cd744aac97ff3a8616ae8daa", "publicURL": "http://10.4.1.3:8774/v2/8019f260cbbd47eb8bcd17e8b5a650e1"}], "endpoints_links": [], "type": "compute_legacy", "name": "nova_legacy"}], "user": {"username": "tempest-TestNetworkAdvancedServerOps-598290152", "roles_links": [], "id": "afbcb80d82754e86aae03498e5dbdc32", "roles": [{"name": "_member_"}, {"name": "Member"}], "name": "tempest-TestNetworkAdvancedServerOps-598290152"}, "metadata": {"is_admin": 0, "roles": ["9fe2ff9ee4384b1894a90878d3e92bab", "8a94412a55f84df1845f3066d770c752"]}}}
2016-01-21 10:30:58,884 15126 DEBUG    [tempest.common.fixed_network] (TestNetworkAdvancedServerOps:test_server_connectivity_pause_unpause) No valid network provided or created, defaulting to fixed_network_name
2016-01-21 10:30:59,278 15126 INFO     [tempest_lib.common.rest_client] Request (TestNetworkAdvancedServerOps:test_server_connectivity_pause_unpause): 200 GET http://10.4.1.3:8774/v2.1/8019f260cbbd47eb8bcd17e8b5a650e1/os-networks 0.393s
2016-01-21 10:30:59,279 15126 DEBUG    [tempest_lib.common.rest_client] Request - Headers: {'Content-Type': 'application/json', 'Accept': 'application/json', 'X-Auth-Token': '&lt;omitted&gt;'}
        Body: None
    Response - Headers: {'status': '200', 'content-length': '479', 'content-location': 'http://10.4.1.3:8774/v2.1/8019f260cbbd47eb8bcd17e8b5a650e1/os-networks', 'x-compute-request-id': 'req-e14325de-1e89-4b90-bfab-4bcd889e3671', 'vary': 'X-OpenStack-Nova-API-Version', 'connection': 'close', 'x-openstack-nova-api-version': '2.1', 'date': 'Thu, 21 Jan 2016 10:30:59 GMT', 'content-type': 'application/json'}
        Body: {"networks": [{"cidr_v6": null, "dns2": null, "dns1": null, "gateway": null, "broadcast": null, "netmask": null, "gateway_v6": null, "cidr": null, "label": "public", "id": "cfa7ed7d-c91a-4099-8180-18736622be75", "netmask_v6": null}, {"cidr_v6": null, "dns2": null, "dns1": null, "gateway": null, "broadcast": null, "netmask": null, "gateway_v6": null, "cidr": null, "label": "tempest-network-smoke--1189217167", "id": "9879d5e3-486d-47c9-8901-1809160c9f76", "netmask_v6": null}]}
2016-01-21 10:30:59,280 15126 WARNING  [tempest.common.fixed_network] (TestNetworkAdvancedServerOps:test_server_connectivity_pause_unpause) Network with name: private not found
2016-01-21 10:30:59,280 15126 INFO     [tempest.common.fixed_network] (TestNetworkAdvancedServerOps:test_server_connectivity_pause_unpause) Found network {} available for tenant
2016-01-21 10:31:02,616 15126 INFO     [tempest_lib.common.rest_client] Request (TestNetworkAdvancedServerOps:test_server_connectivity_pause_unpause): 202 POST http://10.4.1.3:8774/v2.1/8019f260cbbd47eb8bcd17e8b5a650e1/servers 3.335s
2016-01-21 10:31:02,616 15126 DEBUG    [tempest_lib.common.rest_client] Request - Headers: {'Content-Type': 'application/json', 'Accept': 'application/json', 'X-Auth-Token': '&lt;omitted&gt;'}
        Body: {"server": {"name": "tempest.common.compute-instance-190316750", "imageRef": "3427c637-81e9-40f1-a947-d3c0bde454c1", "key_name": "tempest-TestNetworkAdvancedServerOps-544235203", "flavorRef": "42", "networks": [{"uuid": "9879d5e3-486d-47c9-8901-1809160c9f76"}], "security_groups": [{"name": "tempest-secgroup-smoke-926042348"}]}}
    Response - Headers: {'status': '202', 'content-length': '459', 'x-compute-request-id': 'req-2f6d0d63-1973-4bc4-a4a2-d670d1766d49', 'vary': 'X-OpenStack-Nova-API-Version', 'connection': 'close', 'location': 'http://10.4.1.3:8774/v2.1/8019f260cbbd47eb8bcd17e8b5a650e1/servers/220f0ee0-55f4-4cae-8e99-68f3e81d5511', 'x-openstack-nova-api-version': '2.1', 'date': 'Thu, 21 Jan 2016 10:31:02 GMT', 'content-type': 'application/json'}
        Body: {"server": {"security_groups": [{"name": "tempest-secgroup-smoke-926042348"}], "OS-DCF:diskConfig": "MANUAL", "id": "220f0ee0-55f4-4cae-8e99-68f3e81d5511", "links": [{"href": "http://10.4.1.3:8774/v2.1/8019f260cbbd47eb8bcd17e8b5a650e1/servers/220f0ee0-55f4-4cae-8e99-68f3e81d5511", "rel": "self"}, {"href": "http://10.4.1.3:8774/8019f260cbbd47eb8bcd17e8b5a650e1/servers/220f0ee0-55f4-4cae-8e99-68f3e81d5511", "rel": "bookmark"}], "adminPass": "gMFJjDwjXJv8"}}
2016-01-21 10:31:03,055 15126 INFO     [tempest_lib.common.rest_client] Request (TestNetworkAdvancedServerOps:test_server_connectivity_pause_unpause): 200 GET http://10.4.1.3:8774/v2.1/8019f260cbbd47eb8bcd17e8b5a650e1/servers/220f0ee0-55f4-4cae-8e99-68f3e81d5511 0.434s
2016-01-21 10:31:03,055 15126 DEBUG    [tempest_lib.common.rest_client] Request - Headers: {'Content-Type': 'application/json', 'Accept': 'application/json', 'X-Auth-Token': '&lt;omitted&gt;'}
        Body: None
    Response - Headers: {'status': '200', 'content-length': '1359', 'content-location': 'http://10.4.1.3:8774/v2.1/8019f260cbbd47eb8bcd17e8b5a650e1/servers/220f0ee0-55f4-4cae-8e99-68f3e81d5511', 'x-compute-request-id': 'req-d9950a88-390c-48a2-ae8c-3ff8ed8a29b9', 'vary': 'X-OpenStack-Nova-API-Version', 'connection': 'close', 'x-openstack-nova-api-version': '2.1', 'date': 'Thu, 21 Jan 2016 10:31:03 GMT', 'content-type': 'application/json'}
        Body: {"server": {"status": "BUILD", "updated": "2016-01-21T10:31:02Z", "hostId": "", "addresses": {}, "links": [{"href": "http://10.4.1.3:8774/v2.1/8019f260cbbd47eb8bcd17e8b5a650e1/servers/220f0ee0-55f4-4cae-8e99-68f3e81d5511", "rel": "self"}, {"href": "http://10.4.1.3:8774/8019f260cbbd47eb8bcd17e8b5a650e1/servers/220f0ee0-55f4-4cae-8e99-68f3e81d5511", "rel": "bookmark"}], "key_name": "tempest-TestNetworkAdvancedServerOps-544235203", "image": {"id": "3427c637-81e9-40f1-a947-d3c0bde454c1", "links": [{"href": "http://10.4.1.3:8774/8019f260cbbd47eb8bcd17e8b5a650e1/images/3427c637-81e9-40f1-a947-d3c0bde454c1", "rel": "bookmark"}]}, "OS-EXT-STS:task_state": "scheduling", "OS-EXT-STS:vm_state": "building", "OS-SRV-USG:launched_at": null, "flavor": {"id": "42", "links": [{"href": "http://10.4.1.3:8774/8019f260cbbd47eb8bcd17e8b5a650e1/flavors/42", "rel": "bookmark"}]}, "id": "220f0ee0-55f4-4cae-8e99-68f3e81d5511", "OS-SRV-USG:terminated_at": null, "OS-EXT-AZ:availability_zone": "", "user_id": "afbcb80d82754e86aae03498e5dbdc32", "name": "tempest.common.compute-instance-190316750", "created": "2016-01-21T10:31:02Z", "tenant_id": "8019f260cbbd47eb8bcd17e8b5a650e1", "OS-DCF:diskConfig": "MANUAL", "os-extended-volumes:volumes_attached": [], "accessIPv4": "", "accessIPv6": "", "progress": 0, "OS-EXT-STS:power_state": 0, "config_drive": "", "metadata": {}}}
2016-01-21 10:31:05,047 15126 INFO     [tempest_lib.common.rest_client] Request (TestNetworkAdvancedServerOps:test_server_connectivity_pause_unpause): 200 GET http://10.4.1.3:8774/v2.1/8019f260cbbd47eb8bcd17e8b5a650e1/servers/220f0ee0-55f4-4cae-8e99-68f3e81d5511 0.978s
2016-01-21 10:31:05,048 15126 DEBUG    [tempest_lib.common.rest_client] Request - Headers: {'Content-Type': 'application/json', 'Accept': 'application/json', 'X-Auth-Token': '&lt;omitted&gt;'}
        Body: None
    Response - Headers: {'status': '200', 'content-length': '1484', 'content-location': 'http://10.4.1.3:8774/v2.1/8019f260cbbd47eb8bcd17e8b5a650e1/servers/220f0ee0-55f4-4cae-8e99-68f3e81d5511', 'x-compute-request-id': 'req-59716486-6d0f-466a-965a-997780d7f6c8', 'vary': 'X-OpenStack-Nova-API-Version', 'connection': 'close', 'x-openstack-nova-api-version': '2.1', 'date': 'Thu, 21 Jan 2016 10:31:05 GMT', 'content-type': 'application/json'}
        Body: {"server": {"status": "BUILD", "updated": "2016-01-21T10:31:03Z", "hostId": "8b6db1dc547dafa31ec79a5c4a9fb5e57d996d03faaa04a6b9261e04", "addresses": {}, "links": [{"href": "http://10.4.1.3:8774/v2.1/8019f260cbbd47eb8bcd17e8b5a650e1/servers/220f0ee0-55f4-4cae-8e99-68f3e81d5511", "rel": "self"}, {"href": "http://10.4.1.3:8774/8019f260cbbd47eb8bcd17e8b5a650e1/servers/220f0ee0-55f4-4cae-8e99-68f3e81d5511", "rel": "bookmark"}], "key_name": "tempest-TestNetworkAdvancedServerOps-544235203", "image": {"id": "3427c637-81e9-40f1-a947-d3c0bde454c1", "links": [{"href": "http://10.4.1.3:8774/8019f260cbbd47eb8bcd17e8b5a650e1/images/3427c637-81e9-40f1-a947-d3c0bde454c1", "rel": "bookmark"}]}, "OS-EXT-STS:task_state": "spawning", "OS-EXT-STS:vm_state": "building", "OS-SRV-USG:launched_at": null, "flavor": {"id": "42", "links": [{"href": "http://10.4.1.3:8774/8019f260cbbd47eb8bcd17e8b5a650e1/flavors/42", "rel": "bookmark"}]}, "id": "220f0ee0-55f4-4cae-8e99-68f3e81d5511", "security_groups": [{"name": "tempest-secgroup-smoke-926042348"}], "OS-SRV-USG:terminated_at": null, "OS-EXT-AZ:availability_zone": "nova", "user_id": "afbcb80d82754e86aae03498e5dbdc32", "name": "tempest.common.compute-instance-190316750", "created": "2016-01-21T10:31:02Z", "tenant_id": "8019f260cbbd47eb8bcd17e8b5a650e1", "OS-DCF:diskConfig": "MANUAL", "os-extended-volumes:volumes_attached": [], "accessIPv4": "", "accessIPv6": "", "progress": 0, "OS-EXT-STS:power_state": 0, "config_drive": "", "metadata": {}}}
2016-01-21 10:31:05,064 15126 INFO     [tempest.common.waiters] State transition "BUILD/scheduling" ==&gt; "BUILD/spawning" after 2 second wait
2016-01-21 10:31:06,733 15126 INFO     [tempest_lib.common.rest_client] Request (TestNetworkAdvancedServerOps:test_server_connectivity_pause_unpause): 200 GET http://10.4.1.3:8774/v2.1/8019f260cbbd47eb8bcd17e8b5a650e1/servers/220f0ee0-55f4-4cae-8e99-68f3e81d5511 0.667s
2016-01-21 10:31:06,734 15126 DEBUG    [tempest_lib.common.rest_client] Request - Headers: {'Content-Type': 'application/json', 'Accept': 'application/json', 'X-Auth-Token': '&lt;omitted&gt;'}
        Body: None
    Response - Headers: {'status': '200', 'content-length': '1484', 'content-location': 'http://10.4.1.3:8774/v2.1/8019f260cbbd47eb8bcd17e8b5a650e1/servers/220f0ee0-55f4-4cae-8e99-68f3e81d5511', 'x-compute-request-id': 'req-bbd56e95-a436-451d-877a-b3aa48ed8024', 'vary': 'X-OpenStack-Nova-API-Version', 'connection': 'close', 'x-openstack-nova-api-version': '2.1', 'date': 'Thu, 21 Jan 2016 10:31:06 GMT', 'content-type': 'application/json'}
        Body: {"server": {"status": "BUILD", "updated": "2016-01-21T10:31:03Z", "hostId": "8b6db1dc547dafa31ec79a5c4a9fb5e57d996d03faaa04a6b9261e04", "addresses": {}, "links": [{"href": "http://10.4.1.3:8774/v2.1/8019f260cbbd47eb8bcd17e8b5a650e1/servers/220f0ee0-55f4-4cae-8e99-68f3e81d5511", "rel": "self"}, {"href": "http://10.4.1.3:8774/8019f260cbbd47eb8bcd17e8b5a650e1/servers/220f0ee0-55f4-4cae-8e99-68f3e81d5511", "rel": "bookmark"}], "key_name": "tempest-TestNetworkAdvancedServerOps-544235203", "image": {"id": "3427c637-81e9-40f1-a947-d3c0bde454c1", "links": [{"href": "http://10.4.1.3:8774/8019f260cbbd47eb8bcd17e8b5a650e1/images/3427c637-81e9-40f1-a947-d3c0bde454c1", "rel": "bookmark"}]}, "OS-EXT-STS:task_state": "spawning", "OS-EXT-STS:vm_state": "building", "OS-SRV-USG:launched_at": null, "flavor": {"id": "42", "links": [{"href": "http://10.4.1.3:8774/8019f260cbbd47eb8bcd17e8b5a650e1/flavors/42", "rel": "bookmark"}]}, "id": "220f0ee0-55f4-4cae-8e99-68f3e81d5511", "security_groups": [{"name": "tempest-secgroup-smoke-926042348"}], "OS-SRV-USG:terminated_at": null, "OS-EXT-AZ:availability_zone": "nova", "user_id": "afbcb80d82754e86aae03498e5dbdc32", "name": "tempest.common.compute-instance-190316750", "created": "2016-01-21T10:31:02Z", "tenant_id": "8019f260cbbd47eb8bcd17e8b5a650e1", "OS-DCF:diskConfig": "MANUAL", "os-extended-volumes:volumes_attached": [], "accessIPv4": "", "accessIPv6": "", "progress": 0, "OS-EXT-STS:power_state": 0, "config_drive": "", "metadata": {}}}
2016-01-21 10:31:08,336 15126 INFO     [tempest_lib.common.rest_client] Request (TestNetworkAdvancedServerOps:test_server_connectivity_pause_unpause): 200 GET http://10.4.1.3:8774/v2.1/8019f260cbbd47eb8bcd17e8b5a650e1/servers/220f0ee0-55f4-4cae-8e99-68f3e81d5511 0.592s
2016-01-21 10:31:08,337 15126 DEBUG    [tempest_lib.common.rest_client] Request - Headers: {'Content-Type': 'application/json', 'Accept': 'application/json', 'X-Auth-Token': '&lt;omitted&gt;'}
        Body: None
    Response - Headers: {'status': '200', 'content-length': '1656', 'content-location': 'http://10.4.1.3:8774/v2.1/8019f260cbbd47eb8bcd17e8b5a650e1/servers/220f0ee0-55f4-4cae-8e99-68f3e81d5511', 'x-compute-request-id': 'req-61401cc3-fc45-4430-b88c-633840242c14', 'vary': 'X-OpenStack-Nova-API-Version', 'connection': 'close', 'x-openstack-nova-api-version': '2.1', 'date': 'Thu, 21 Jan 2016 10:31:08 GMT', 'content-type': 'application/json'}
        Body: {"server": {"status": "ACTIVE", "updated": "2016-01-21T10:31:07Z", "hostId": "8b6db1dc547dafa31ec79a5c4a9fb5e57d996d03faaa04a6b9261e04", "addresses": {"tempest-network-smoke--1189217167": [{"OS-EXT-IPS-MAC:mac_addr": "fa:16:3e:0e:2d:3a", "version": 4, "addr": "10.100.0.3", "OS-EXT-IPS:type": "fixed"}]}, "links": [{"href": "http://10.4.1.3:8774/v2.1/8019f260cbbd47eb8bcd17e8b5a650e1/servers/220f0ee0-55f4-4cae-8e99-68f3e81d5511", "rel": "self"}, {"href": "http://10.4.1.3:8774/8019f260cbbd47eb8bcd17e8b5a650e1/servers/220f0ee0-55f4-4cae-8e99-68f3e81d5511", "rel": "bookmark"}], "key_name": "tempest-TestNetworkAdvancedServerOps-544235203", "image": {"id": "3427c637-81e9-40f1-a947-d3c0bde454c1", "links": [{"href": "http://10.4.1.3:8774/8019f260cbbd47eb8bcd17e8b5a650e1/images/3427c637-81e9-40f1-a947-d3c0bde454c1", "rel": "bookmark"}]}, "OS-EXT-STS:task_state": null, "OS-EXT-STS:vm_state": "active", "OS-SRV-USG:launched_at": "2016-01-21T10:31:07.000000", "flavor": {"id": "42", "links": [{"href": "http://10.4.1.3:8774/8019f260cbbd47eb8bcd17e8b5a650e1/flavors/42", "rel": "bookmark"}]}, "id": "220f0ee0-55f4-4cae-8e99-68f3e81d5511", "security_groups": [{"name": "tempest-secgroup-smoke-926042348"}], "OS-SRV-USG:terminated_at": null, "OS-EXT-AZ:availability_zone": "nova", "user_id": "afbcb80d82754e86aae03498e5dbdc32", "name": "tempest.common.compute-instance-190316750", "created": "2016-01-21T10:31:02Z", "tenant_id": "8019f260cbbd47eb8bcd17e8b5a650e1", "OS-DCF:diskConfig": "MANUAL", "os-extended-volumes:volumes_attached": [], "accessIPv4": "", "accessIPv6": "", "progress": 0, "OS-EXT-STS:power_state": 1, "config_drive": "True", "metadata": {}}}
2016-01-21 10:31:08,346 15126 INFO     [tempest.common.waiters] State transition "BUILD/spawning" ==&gt; "ACTIVE/None" after 5 second wait
2016-01-21 10:31:09,042 15126 INFO     [tempest_lib.common.rest_client] Request (TestNetworkAdvancedServerOps:test_server_connectivity_pause_unpause): 200 GET http://10.4.1.3:8774/v2.1/8019f260cbbd47eb8bcd17e8b5a650e1/servers/220f0ee0-55f4-4cae-8e99-68f3e81d5511 0.696s
2016-01-21 10:31:09,043 15126 DEBUG    [tempest_lib.common.rest_client] Request - Headers: {'Content-Type': 'application/json', 'Accept': 'application/json', 'X-Auth-Token': '&lt;omitted&gt;'}
        Body: None
    Response - Headers: {'status': '200', 'content-length': '1656', 'content-location': 'http://10.4.1.3:8774/v2.1/8019f260cbbd47eb8bcd17e8b5a650e1/servers/220f0ee0-55f4-4cae-8e99-68f3e81d5511', 'x-compute-request-id': 'req-29bda57e-28db-4c07-8967-0e2ea9cd7704', 'vary': 'X-OpenStack-Nova-API-Version', 'connection': 'close', 'x-openstack-nova-api-version': '2.1', 'date': 'Thu, 21 Jan 2016 10:31:09 GMT', 'content-type': 'application/json'}
        Body: {"server": {"status": "ACTIVE", "updated": "2016-01-21T10:31:07Z", "hostId": "8b6db1dc547dafa31ec79a5c4a9fb5e57d996d03faaa04a6b9261e04", "addresses": {"tempest-network-smoke--1189217167": [{"OS-EXT-IPS-MAC:mac_addr": "fa:16:3e:0e:2d:3a", "version": 4, "addr": "10.100.0.3", "OS-EXT-IPS:type": "fixed"}]}, "links": [{"href": "http://10.4.1.3:8774/v2.1/8019f260cbbd47eb8bcd17e8b5a650e1/servers/220f0ee0-55f4-4cae-8e99-68f3e81d5511", "rel": "self"}, {"href": "http://10.4.1.3:8774/8019f260cbbd47eb8bcd17e8b5a650e1/servers/220f0ee0-55f4-4cae-8e99-68f3e81d5511", "rel": "bookmark"}], "key_name": "tempest-TestNetworkAdvancedServerOps-544235203", "image": {"id": "3427c637-81e9-40f1-a947-d3c0bde454c1", "links": [{"href": "http://10.4.1.3:8774/8019f260cbbd47eb8bcd17e8b5a650e1/images/3427c637-81e9-40f1-a947-d3c0bde454c1", "rel": "bookmark"}]}, "OS-EXT-STS:task_state": null, "OS-EXT-STS:vm_state": "active", "OS-SRV-USG:launched_at": "2016-01-21T10:31:07.000000", "flavor": {"id": "42", "links": [{"href": "http://10.4.1.3:8774/8019f260cbbd47eb8bcd17e8b5a650e1/flavors/42", "rel": "bookmark"}]}, "id": "220f0ee0-55f4-4cae-8e99-68f3e81d5511", "security_groups": [{"name": "tempest-secgroup-smoke-926042348"}], "OS-SRV-USG:terminated_at": null, "OS-EXT-AZ:availability_zone": "nova", "user_id": "afbcb80d82754e86aae03498e5dbdc32", "name": "tempest.common.compute-instance-190316750", "created": "2016-01-21T10:31:02Z", "tenant_id": "8019f260cbbd47eb8bcd17e8b5a650e1", "OS-DCF:diskConfig": "MANUAL", "os-extended-volumes:volumes_attached": [], "accessIPv4": "", "accessIPv6": "", "progress": 0, "OS-EXT-STS:power_state": 1, "config_drive": "True", "metadata": {}}}
2016-01-21 10:31:09,214 15126 INFO     [tempest_lib.common.rest_client] Request (TestNetworkAdvancedServerOps:test_server_connectivity_pause_unpause): 200 GET http://10.4.1.3:9696/v2.0/ports?status=ACTIVE&amp;fixed_ip=None&amp;device_id=220f0ee0-55f4-4cae-8e99-68f3e81d5511 0.162s
2016-01-21 10:31:09,215 15126 DEBUG    [tempest_lib.common.rest_client] Request - Headers: {'Content-Type': 'application/json', 'Accept': 'application/json', 'X-Auth-Token': '&lt;omitted&gt;'}
        Body: None
    Response - Headers: {'status': '200', 'content-length': '895', 'content-location': 'http://10.4.1.3:9696/v2.0/ports?status=ACTIVE&amp;fixed_ip=None&amp;device_id=220f0ee0-55f4-4cae-8e99-68f3e81d5511', 'connection': 'close', 'date': 'Thu, 21 Jan 2016 10:31:09 GMT', 'content-type': 'application/json; charset=UTF-8', 'x-openstack-request-id': 'req-286733d6-42ae-4e6d-8ac7-9351342e281d'}
        Body: {"ports": [{"status": "ACTIVE", "binding:host_id": "vagrant-ubuntu-trusty-64", "allowed_address_pairs": [], "extra_dhcp_opts": [], "dns_assignment": [{"hostname": "host-10-100-0-3", "ip_address": "10.100.0.3", "fqdn": "host-10-100-0-3.openstacklocal."}], "device_owner": "compute:None", "port_security_enabled": true, "binding:profile": {}, "fixed_ips": [{"subnet_id": "aaedfa8e-cfac-4356-bd96-0c25a4e771ea", "ip_address": "10.100.0.3"}], "id": "c6845f2e-9e9a-4257-b003-5a8dca97cf95", "security_groups": ["7c0f127f-7a77-4f0b-8b6c-b8f177413498"], "device_id": "220f0ee0-55f4-4cae-8e99-68f3e81d5511", "name": "", "admin_state_up": true, "network_id": "9879d5e3-486d-47c9-8901-1809160c9f76", "dns_name": "", "binding:vif_details": {"port_filter": true}, "binding:vnic_type": "normal", "binding:vif_type": "ovs", "tenant_id": "8019f260cbbd47eb8bcd17e8b5a650e1", "mac_address": "fa:16:3e:0e:2d:3a"}]}
2016-01-21 10:31:09,749 15126 INFO     [tempest_lib.common.rest_client] Request (TestNetworkAdvancedServerOps:test_server_connectivity_pause_unpause): 201 POST http://10.4.1.3:9696/v2.0/floatingips 0.533s
2016-01-21 10:31:09,749 15126 DEBUG    [tempest_lib.common.rest_client] Request - Headers: {'Content-Type': 'application/json', 'Accept': 'application/json', 'X-Auth-Token': '&lt;omitted&gt;'}
        Body: {"floatingip": {"floating_network_id": "cfa7ed7d-c91a-4099-8180-18736622be75", "tenant_id": "8019f260cbbd47eb8bcd17e8b5a650e1", "fixed_ip_address": "10.100.0.3", "port_id": "c6845f2e-9e9a-4257-b003-5a8dca97cf95"}}
    Response - Headers: {'status': '201', 'content-length': '369', 'connection': 'close', 'date': 'Thu, 21 Jan 2016 10:31:09 GMT', 'content-type': 'application/json; charset=UTF-8', 'x-openstack-request-id': 'req-3dfc1732-2920-4394-911c-fa74168ee319'}
        Body: {"floatingip": {"floating_network_id": "cfa7ed7d-c91a-4099-8180-18736622be75", "router_id": "75023c33-bb53-45db-a578-9a6a4aeb8699", "fixed_ip_address": "10.100.0.3", "floating_ip_address": "172.24.4.4", "tenant_id": "8019f260cbbd47eb8bcd17e8b5a650e1", "status": "ACTIVE", "port_id": "c6845f2e-9e9a-4257-b003-5a8dca97cf95", "id": "85c38d37-59f2-456e-b1b8-3573f119213f"}}
2016-01-21 10:31:10,297 15126 INFO     [tempest_lib.common.rest_client] Request (TestNetworkAdvancedServerOps:test_server_connectivity_pause_unpause): 200 GET http://10.4.1.3:8774/v2.1/8019f260cbbd47eb8bcd17e8b5a650e1/servers/220f0ee0-55f4-4cae-8e99-68f3e81d5511 0.547s
2016-01-21 10:31:10,297 15126 DEBUG    [tempest_lib.common.rest_client] Request - Headers: {'Content-Type': 'application/json', 'Accept': 'application/json', 'X-Auth-Token': '&lt;omitted&gt;'}
        Body: None
    Response - Headers: {'status': '200', 'content-length': '1656', 'content-location': 'http://10.4.1.3:8774/v2.1/8019f260cbbd47eb8bcd17e8b5a650e1/servers/220f0ee0-55f4-4cae-8e99-68f3e81d5511', 'x-compute-request-id': 'req-93324b81-6fc7-4117-bcdb-fc05480801e9', 'vary': 'X-OpenStack-Nova-API-Version', 'connection': 'close', 'x-openstack-nova-api-version': '2.1', 'date': 'Thu, 21 Jan 2016 10:31:10 GMT', 'content-type': 'application/json'}
        Body: {"server": {"status": "ACTIVE", "updated": "2016-01-21T10:31:07Z", "hostId": "8b6db1dc547dafa31ec79a5c4a9fb5e57d996d03faaa04a6b9261e04", "addresses": {"tempest-network-smoke--1189217167": [{"OS-EXT-IPS-MAC:mac_addr": "fa:16:3e:0e:2d:3a", "version": 4, "addr": "10.100.0.3", "OS-EXT-IPS:type": "fixed"}]}, "links": [{"href": "http://10.4.1.3:8774/v2.1/8019f260cbbd47eb8bcd17e8b5a650e1/servers/220f0ee0-55f4-4cae-8e99-68f3e81d5511", "rel": "self"}, {"href": "http://10.4.1.3:8774/8019f260cbbd47eb8bcd17e8b5a650e1/servers/220f0ee0-55f4-4cae-8e99-68f3e81d5511", "rel": "bookmark"}], "key_name": "tempest-TestNetworkAdvancedServerOps-544235203", "image": {"id": "3427c637-81e9-40f1-a947-d3c0bde454c1", "links": [{"href": "http://10.4.1.3:8774/8019f260cbbd47eb8bcd17e8b5a650e1/images/3427c637-81e9-40f1-a947-d3c0bde454c1", "rel": "bookmark"}]}, "OS-EXT-STS:task_state": null, "OS-EXT-STS:vm_state": "active", "OS-SRV-USG:launched_at": "2016-01-21T10:31:07.000000", "flavor": {"id": "42", "links": [{"href": "http://10.4.1.3:8774/8019f260cbbd47eb8bcd17e8b5a650e1/flavors/42", "rel": "bookmark"}]}, "id": "220f0ee0-55f4-4cae-8e99-68f3e81d5511", "security_groups": [{"name": "tempest-secgroup-smoke-926042348"}], "OS-SRV-USG:terminated_at": null, "OS-EXT-AZ:availability_zone": "nova", "user_id": "afbcb80d82754e86aae03498e5dbdc32", "name": "tempest.common.compute-instance-190316750", "created": "2016-01-21T10:31:02Z", "tenant_id": "8019f260cbbd47eb8bcd17e8b5a650e1", "OS-DCF:diskConfig": "MANUAL", "os-extended-volumes:volumes_attached": [], "accessIPv4": "", "accessIPv6": "", "progress": 0, "OS-EXT-STS:power_state": 1, "config_drive": "True", "metadata": {}}}
2016-01-21 10:31:10,307 15126 INFO     [tempest.scenario.manager] Tenant networks not configured to be reachable.
2016-01-21 10:31:10,441 15126 INFO     [tempest_lib.common.rest_client] Request (TestNetworkAdvancedServerOps:test_server_connectivity_pause_unpause): 200 GET http://10.4.1.3:9696/v2.0/floatingips/85c38d37-59f2-456e-b1b8-3573f119213f 0.134s
2016-01-21 10:31:10,442 15126 DEBUG    [tempest_lib.common.rest_client] Request - Headers: {'Content-Type': 'application/json', 'Accept': 'application/json', 'X-Auth-Token': '&lt;omitted&gt;'}
        Body: None
    Response - Headers: {'status': '200', 'content-length': '369', 'content-location': 'http://10.4.1.3:9696/v2.0/floatingips/85c38d37-59f2-456e-b1b8-3573f119213f', 'connection': 'close', 'date': 'Thu, 21 Jan 2016 10:31:10 GMT', 'content-type': 'application/json; charset=UTF-8', 'x-openstack-request-id': 'req-205122fd-5870-4602-86c8-3da15b7c1bac'}
        Body: {"floatingip": {"floating_network_id": "cfa7ed7d-c91a-4099-8180-18736622be75", "router_id": "75023c33-bb53-45db-a578-9a6a4aeb8699", "fixed_ip_address": "10.100.0.3", "floating_ip_address": "172.24.4.4", "tenant_id": "8019f260cbbd47eb8bcd17e8b5a650e1", "status": "ACTIVE", "port_id": "c6845f2e-9e9a-4257-b003-5a8dca97cf95", "id": "85c38d37-59f2-456e-b1b8-3573f119213f"}}
2016-01-21 10:31:10,442 15126 INFO     [tempest.scenario.manager] FloatingIP: &lt;"FloatingIP" addr="172.24.4.4" id="85c38d37-59f2-456e-b1b8-3573f119213f"&gt; is at status: ACTIVE
2016-01-21 10:31:10,443 15126 DEBUG    [tempest.scenario.manager] checking network connections to IP 172.24.4.4 with user: cirros
2016-01-21 10:31:10,443 15126 DEBUG    [tempest.scenario.manager] TestNetworkAdvancedServerOps:test_server_connectivity_pause_unpause begins to ping 172.24.4.4 in 120 sec and the expected result is reachable
2016-01-21 10:33:12,048 15126 DEBUG    [tempest.scenario.manager] TestNetworkAdvancedServerOps:test_server_connectivity_pause_unpause finishes ping 172.24.4.4 in 120 sec and the ping result is unexpected
2016-01-21 10:33:12,050 15126 ERROR    [tempest.scenario.manager] Public network connectivity check failed
2016-01-21 10:33:12.050 15126 ERROR tempest.scenario.manager Traceback (most recent call last):
2016-01-21 10:33:12.050 15126 ERROR tempest.scenario.manager   File "tempest/scenario/manager.py", line 607, in check_public_network_connectivity
2016-01-21 10:33:12.050 15126 ERROR tempest.scenario.manager     should_connect=should_connect)
2016-01-21 10:33:12.050 15126 ERROR tempest.scenario.manager   File "tempest/scenario/manager.py", line 591, in check_vm_connectivity
2016-01-21 10:33:12.050 15126 ERROR tempest.scenario.manager     msg=msg)
2016-01-21 10:33:12.050 15126 ERROR tempest.scenario.manager   File "/usr/local/lib/python2.7/dist-packages/unittest2/case.py", line 702, in assertTrue
2016-01-21 10:33:12.050 15126 ERROR tempest.scenario.manager     raise self.failureException(msg)
2016-01-21 10:33:12.050 15126 ERROR tempest.scenario.manager AssertionError: False is not true : Timed out waiting for 172.24.4.4 to become reachable
2016-01-21 10:33:12.050 15126 ERROR tempest.scenario.manager 
2016-01-21 10:33:12,426 15126 INFO     [tempest_lib.common.rest_client] Request (TestNetworkAdvancedServerOps:test_server_connectivity_pause_unpause): 200 POST http://10.4.1.3:8774/v2.1/8019f260cbbd47eb8bcd17e8b5a650e1/servers/220f0ee0-55f4-4cae-8e99-68f3e81d5511/action 0.372s
2016-01-21 10:33:12,427 15126 DEBUG    [tempest_lib.common.rest_client] Request - Headers: {'Content-Type': 'application/json', 'Accept': 'application/json', 'X-Auth-Token': '&lt;omitted&gt;'}
        Body: {"os-getConsoleOutput": {}}
    Response - Headers: {'status': '200', 'content-length': '17427', 'x-compute-request-id': 'req-786298d6-0b77-462c-8fdc-7b83efa6b0ba', 'vary': 'X-OpenStack-Nova-API-Version', 'connection': 'close', 'x-openstack-nova-api-version': '2.1', 'date': 'Thu, 21 Jan 2016 10:33:12 GMT', 'content-type': 'application/json'}
        Body: {"output": "[    0.000000] Initializing cgroup subsys cpuset\n[    0.000000] Initializing cgroup subsys cpu\n[    0.000000] Linux version 3.2.0-80-virtual (buildd@batsu) (gcc version 4.6.3 (Ubuntu/Linaro 4.6.3-1ubuntu5) ) #116-Ubuntu SMP Mon Mar 23 17:28:52 UTC 2015 (Ubuntu 3.2.0-80.116-virtual 3.2.68)\n[    0.000000] Command line: root=/dev/vda console=tty0 console=ttyS0 no_timer_check\n[    0.000000] KERNEL supported cpus:\n[    0.000000]   Intel GenuineIntel\n[    0.000000]   AMD AuthenticAMD\n[    0.000000]   Centaur CentaurHauls\n[    0.000000] BIOS-provided physical RAM map:\n[    0.000000]  BIOS-e820: 0000000000000000 - 000000000009fc00 (usable)\n[    0.000000]  BIOS-e820: 000000000009fc00 - 00000000000a0000 (reserved)\n[    0.000000]  BIOS-e820: 00000000000f0000 - 0000000000100000 (reserved)\n[    0.000000]  BIOS-e820: 0000000000100000 - 0000000003ffe000 (usable)\n[    0.000000]  BIOS-e820: 0000000003ffe000 - 0000000004000000 (reserved)\n[    0.000000]  BIOS-e820: 00000000fffc0000 - 0000000100000000 (reserved)\n[    0.000000] NX (Execute Disable) protection: active\n[    0.000000] SMBIOS 2.4 present.\n[    0.000000] No AGP bridge found\n[    0.000000] last_pfn = 0x3ffe max_arch_pfn = 0x400000000\n[    0.000000] x86 PAT enabled: cpu 0, old 0x7040600070406, new 0x7010600070106\n[    0.000000] found SMP MP-table at [ffff8800000f0b00] f0b00\n[    0.000000] init_memory_mapping: 0000000000000000-0000000003ffe000\n[    0.000000] RAMDISK: 03c5e000 - 03ff0000\n[    0.000000] ACPI: RSDP 00000000000f0950 00014 (v00 BOCHS )\n[    0.000000] ACPI: RSDT 0000000003fffbc1 00034 (v01 BOCHS  BXPCRSDT 00000001 BXPC 00000001)\n[    0.000000] ACPI: FACP 0000000003fff1c0 00074 (v01 BOCHS  BXPCFACP 00000001 BXPC 00000001)\n[    0.000000] ACPI: DSDT 0000000003ffe040 01180 (v01 BOCHS  BXPCDSDT 00000001 BXPC 00000001)\n[    0.000000] ACPI: FACS 0000000003ffe000 00040\n[    0.000000] ACPI: SSDT 0000000003fff234 008DD (v01 BOCHS  BXPCSSDT 00000001 BXPC 00000001)\n[    0.000000] ACPI: APIC 0000000003fffb11 00078 (v01 BOCHS  BXPCAPIC 00000001 BXPC 00000001)\n[    0.000000] ACPI: HPET 0000000003fffb89 00038 (v01 BOCHS  BXPCHPET 00000001 BXPC 00000001)\n[    0.000000] No NUMA configuration found\n[    0.000000] Faking a node at 0000000000000000-0000000003ffe000\n[    0.000000] Initmem setup node 0 0000000000000000-0000000003ffe000\n[    0.000000]   NODE_DATA [0000000003ff6000 - 0000000003ffafff]\n[    0.000000] Zone PFN ranges:\n[    0.000000]   DMA      0x00000010 -&gt; 0x00001000\n[    0.000000]   DMA32    0x00001000 -&gt; 0x00100000\n[    0.000000]   Normal   empty\n[    0.000000] Movable zone start PFN for each node\n[    0.000000] early_node_map[2] active PFN ranges\n[    0.000000]     0: 0x00000010 -&gt; 0x0000009f\n[    0.000000]     0: 0x00000100 -&gt; 0x00003ffe\n[    0.000000] ACPI: PM-Timer IO Port: 0xb008\n[    0.000000] ACPI: LAPIC (acpi_id[0x00] lapic_id[0x00] enabled)\n[    0.000000] ACPI: LAPIC_NMI (acpi_id[0xff] dfl dfl lint[0x1])\n[    0.000000] ACPI: IOAPIC (id[0x00] address[0xfec00000] gsi_base[0])\n[    0.000000] IOAPIC[0]: apic_id 0, version 17, address 0xfec00000, GSI 0-23\n[    0.000000] ACPI: INT_SRC_OVR (bus 0 bus_irq 0 global_irq 2 dfl dfl)\n[    0.000000] ACPI: INT_SRC_OVR (bus 0 bus_irq 5 global_irq 5 high level)\n[    0.000000] ACPI: INT_SRC_OVR (bus 0 bus_irq 9 global_irq 9 high level)\n[    0.000000] ACPI: INT_SRC_OVR (bus 0 bus_irq 10 global_irq 10 high level)\n[    0.000000] ACPI: INT_SRC_OVR (bus 0 bus_irq 11 global_irq 11 high level)\n[    0.000000] Using ACPI (MADT) for SMP configuration information\n[    0.000000] ACPI: HPET id: 0x8086a201 base: 0xfed00000\n[    0.000000] SMP: Allowing 1 CPUs, 0 hotplug CPUs\n[    0.000000] PM: Registered nosave memory: 000000000009f000 - 00000000000a0000\n[    0.000000] PM: Registered nosave memory: 00000000000a0000 - 00000000000f0000\n[    0.000000] PM: Registered nosave memory: 00000000000f0000 - 0000000000100000\n[    0.000000] Allocating PCI resources starting at 4000000 (gap: 4000000:fbfc0000)\n[    0.000000] Booting paravirtualized kernel on bare hardware\n[    0.000000] setup_pe
2016-01-21 10:33:12,431 15126 DEBUG    [tempest.scenario.manager] Console output for 220f0ee0-55f4-4cae-8e99-68f3e81d5511
body=
[    0.000000] Initializing cgroup subsys cpuset
[    0.000000] Initializing cgroup subsys cpu
[    0.000000] Linux version 3.2.0-80-virtual (buildd@batsu) (gcc version 4.6.3 (Ubuntu/Linaro 4.6.3-1ubuntu5) ) #116-Ubuntu SMP Mon Mar 23 17:28:52 UTC 2015 (Ubuntu 3.2.0-80.116-virtual 3.2.68)
[    0.000000] Command line: root=/dev/vda console=tty0 console=ttyS0 no_timer_check
[    0.000000] KERNEL supported cpus:
[    0.000000]   Intel GenuineIntel
[    0.000000]   AMD AuthenticAMD
[    0.000000]   Centaur CentaurHauls
[    0.000000] BIOS-provided physical RAM map:
[    0.000000]  BIOS-e820: 0000000000000000 - 000000000009fc00 (usable)
[    0.000000]  BIOS-e820: 000000000009fc00 - 00000000000a0000 (reserved)
[    0.000000]  BIOS-e820: 00000000000f0000 - 0000000000100000 (reserved)
[    0.000000]  BIOS-e820: 0000000000100000 - 0000000003ffe000 (usable)
[    0.000000]  BIOS-e820: 0000000003ffe000 - 0000000004000000 (reserved)
[    0.000000]  BIOS-e820: 00000000fffc0000 - 0000000100000000 (reserved)
[    0.000000] NX (Execute Disable) protection: active
[    0.000000] SMBIOS 2.4 present.
[    0.000000] No AGP bridge found
[    0.000000] last_pfn = 0x3ffe max_arch_pfn = 0x400000000
[    0.000000] x86 PAT enabled: cpu 0, old 0x7040600070406, new 0x7010600070106
[    0.000000] found SMP MP-table at [ffff8800000f0b00] f0b00
[    0.000000] init_memory_mapping: 0000000000000000-0000000003ffe000
[    0.000000] RAMDISK: 03c5e000 - 03ff0000
[    0.000000] ACPI: RSDP 00000000000f0950 00014 (v00 BOCHS )
[    0.000000] ACPI: RSDT 0000000003fffbc1 00034 (v01 BOCHS  BXPCRSDT 00000001 BXPC 00000001)
[    0.000000] ACPI: FACP 0000000003fff1c0 00074 (v01 BOCHS  BXPCFACP 00000001 BXPC 00000001)
[    0.000000] ACPI: DSDT 0000000003ffe040 01180 (v01 BOCHS  BXPCDSDT 00000001 BXPC 00000001)
[    0.000000] ACPI: FACS 0000000003ffe000 00040
[    0.000000] ACPI: SSDT 0000000003fff234 008DD (v01 BOCHS  BXPCSSDT 00000001 BXPC 00000001)
[    0.000000] ACPI: APIC 0000000003fffb11 00078 (v01 BOCHS  BXPCAPIC 00000001 BXPC 00000001)
[    0.000000] ACPI: HPET 0000000003fffb89 00038 (v01 BOCHS  BXPCHPET 00000001 BXPC 00000001)
[    0.000000] No NUMA configuration found
[    0.000000] Faking a node at 0000000000000000-0000000003ffe000
[    0.000000] Initmem setup node 0 0000000000000000-0000000003ffe000
[    0.000000]   NODE_DATA [0000000003ff6000 - 0000000003ffafff]
[    0.000000] Zone PFN ranges:
[    0.000000]   DMA      0x00000010 -&gt; 0x00001000
[    0.000000]   DMA32    0x00001000 -&gt; 0x00100000
[    0.000000]   Normal   empty
[    0.000000] Movable zone start PFN for each node
[    0.000000] early_node_map[2] active PFN ranges
[    0.000000]     0: 0x00000010 -&gt; 0x0000009f
[    0.000000]     0: 0x00000100 -&gt; 0x00003ffe
[    0.000000] ACPI: PM-Timer IO Port: 0xb008
[    0.000000] ACPI: LAPIC (acpi_id[0x00] lapic_id[0x00] enabled)
[    0.000000] ACPI: LAPIC_NMI (acpi_id[0xff] dfl dfl lint[0x1])
[    0.000000] ACPI: IOAPIC (id[0x00] address[0xfec00000] gsi_base[0])
[    0.000000] IOAPIC[0]: apic_id 0, version 17, address 0xfec00000, GSI 0-23
[    0.000000] ACPI: INT_SRC_OVR (bus 0 bus_irq 0 global_irq 2 dfl dfl)
[    0.000000] ACPI: INT_SRC_OVR (bus 0 bus_irq 5 global_irq 5 high level)
[    0.000000] ACPI: INT_SRC_OVR (bus 0 bus_irq 9 global_irq 9 high level)
[    0.000000] ACPI: INT_SRC_OVR (bus 0 bus_irq 10 global_irq 10 high level)
[    0.000000] ACPI: INT_SRC_OVR (bus 0 bus_irq 11 global_irq 11 high level)
[    0.000000] Using ACPI (MADT) for SMP configuration information
[    0.000000] ACPI: HPET id: 0x8086a201 base: 0xfed00000
[    0.000000] SMP: Allowing 1 CPUs, 0 hotplug CPUs
[    0.000000] PM: Registered nosave memory: 000000000009f000 - 00000000000a0000
[    0.000000] PM: Registered nosave memory: 00000000000a0000 - 00000000000f0000
[    0.000000] PM: Registered nosave memory: 00000000000f0000 - 0000000000100000
[    0.000000] Allocating PCI resources starting at 4000000 (gap: 4000000:fbfc0000)
[    0.000000] Booting paravirtualized kernel on bare hardware
[    0.000000] setup_percpu: NR_CPUS:64 nr_cpumask_bits:64 nr_cpu_ids:1 nr_node_ids:1
[    0.000000] PERCPU: Embedded 27 pages/cpu @ffff880003a00000 s78848 r8192 d23552 u2097152
[    0.000000] Built 1 zonelists in Node order, mobility grouping on.  Total pages: 16008
[    0.000000] Policy zone: DMA32
[    0.000000] Kernel command line: root=/dev/vda console=tty0 console=ttyS0 no_timer_check
[    0.000000] PID hash table entries: 256 (order: -1, 2048 bytes)
[    0.000000] Checking aperture...
[    0.000000] No AGP bridge found
[    0.000000] Memory: 43492k/65528k available (6576k kernel code, 452k absent, 21584k reserved, 6620k data, 928k init)
[    0.000000] SLUB: Genslabs=15, HWalign=64, Order=0-3, MinObjects=0, CPUs=1, Nodes=1
[    0.000000] Hierarchical RCU implementation.
[    0.000000] 	RCU dyntick-idle grace-period acceleration is enabled.
[    0.000000] NR_IRQS:4352 nr_irqs:256 16
[    0.000000] Console: colour VGA+ 80x25
[    0.000000] console [tty0] enabled
[    0.000000] console [ttyS0] enabled
[    0.000000] allocated 1048576 bytes of page_cgroup
[    0.000000] please try 'cgroup_disable=memory' option if you don't want memory cgroups
[    0.000000] Fast TSC calibration failed
[    0.000000] TSC: Unable to calibrate against PIT
[    0.000000] TSC: using HPET reference calibration
[    0.000000] Detected 2293.380 MHz processor.
[    0.036826] Calibrating delay loop (skipped), value calculated using timer frequency.. 4586.76 BogoMIPS (lpj=9173520)
[    0.038741] pid_max: default: 32768 minimum: 301
[    0.048128] Security Framework initialized
[    0.052582] AppArmor: AppArmor initialized
[    0.053322] Yama: becoming mindful.
[    0.062307] Dentry cache hash table entries: 8192 (order: 4, 65536 bytes)
[    0.064227] Inode-cache hash table entries: 4096 (order: 3, 32768 bytes)
[    0.065788] Mount-cache hash table entries: 256
[    0.081259] Initializing cgroup subsys cpuacct
[    0.082266] Initializing cgroup subsys memory
[    0.084545] Initializing cgroup subsys devices
[    0.085308] Initializing cgroup subsys freezer
[    0.085973] Initializing cgroup subsys blkio
[    0.086687] Initializing cgroup subsys perf_event
[    0.093143] mce: CPU supports 10 MCE banks
[    0.095378] SMP alternatives: switching to UP code
[    0.530767] Freeing SMP alternatives: 24k freed
[    0.532921] ACPI: Core revision 20110623
[    0.576587] ftrace: allocating 26610 entries in 105 pages
[    0.606465] ..TIMER: vector=0x30 apic1=0 pin1=2 apic2=-1 pin2=-1
[    0.608151] CPU0: AMD QEMU Virtual CPU version 2.0.0 stepping 03
[    0.612037] Performance Events: Broken PMU hardware detected, using software events only.
[    0.620096] NMI watchdog disabled (cpu0): hardware events not enabled
[    0.621612] Brought up 1 CPUs
[    0.622117] Total of 1 processors activated (4586.76 BogoMIPS).
[    0.649814] devtmpfs: initialized
[    0.685211] EVM: security.selinux
[    0.685668] EVM: security.SMACK64
[    0.686121] EVM: security.capability
[    0.709732] print_constraints: dummy: 
[    0.713250] RTC time: 10:31:11, date: 01/21/16
[    0.717495] NET: Registered protocol family 16
[    0.726150] ACPI: bus type pci registered
[    0.730207] PCI: Using configuration type 1 for base access
[    0.760731] bio: create slab &lt;bio-0&gt; at 0
[    0.765249] ACPI: Added _OSI(Module Device)
[    0.765929] ACPI: Added _OSI(Processor Device)
[    0.766534] ACPI: Added _OSI(3.0 _SCP Extensions)
[    0.767296] ACPI: Added _OSI(Processor Aggregator Device)
[    0.839543] ACPI: Interpreter enabled
[    0.840189] ACPI: (supports S0 S3 S4 S5)
[    0.841992] ACPI: Using IOAPIC for interrupt routing
[    0.918715] ACPI: No dock devices found.
[    0.920203] HEST: Table not found.
[    0.920893] PCI: Using host bridge windows from ACPI; if necessary, use "pci=nocrs" and report a bug
[    0.926752] ACPI: PCI Root Bridge [PCI0] (domain 0000 [bus 00-ff])
[    0.933866] pci_root PNP0A03:00: host bridge window [io  0x0000-0x0cf7]
[    0.936178] pci_root PNP0A03:00: host bridge window [io  0x0d00-0xadff]
[    0.937123] pci_root PNP0A03:00: host bridge window [io  0xae0f-0xaeff]
[    0.938220] pci_root PNP0A03:00: host bridge window [io  0xaf20-0xafdf]
[    0.939153] pci_root PNP0A03:00: host bridge window [io  0xafe4-0xffff]
[    0.940189] pci_root PNP0A03:00: host bridge window [mem 0x000a0000-0x000bffff]
[    0.941287] pci_root PNP0A03:00: host bridge window [mem 0x04000000-0xfebfffff]
[    0.969629] pci 0000:00:01.3: quirk: [io  0xb000-0xb03f] claimed by PIIX4 ACPI
[    0.970810] pci 0000:00:01.3: quirk: [io  0xb100-0xb10f] claimed by PIIX4 SMB
[    1.034103]  pci0000:00: Unable to request _OSC control (_OSC support mask: 0x1e)
[    1.090671] ACPI: PCI Interrupt Link [LNKA] (IRQs 5 *10 11)
[    1.093617] ACPI: PCI Interrupt Link [LNKB] (IRQs 5 *10 11)
[    1.096227] ACPI: PCI Interrupt Link [LNKC] (IRQs 5 10 *11)
[    1.098154] ACPI: PCI Interrupt Link [LNKD] (IRQs 5 10 *11)
[    1.100111] ACPI: PCI Interrupt Link [LNKS] (IRQs *9)
[    1.106104] vgaarb: device added: PCI:0000:00:02.0,decodes=io+mem,owns=io+mem,locks=none
[    1.108193] vgaarb: loaded
[    1.108573] vgaarb: bridge control possible 0000:00:02.0
[    1.112444] i2c-core: driver [aat2870] using legacy suspend method
[    1.113130] i2c-core: driver [aat2870] using legacy resume method
[    1.115206] SCSI subsystem initialized
[    1.118455] usbcore: registered new interface driver usbfs
[    1.120250] usbcore: registered new interface driver hub
[    1.121257] usbcore: registered new device driver usb
[    1.125253] PCI: Using ACPI for IRQ routing
[    1.136758] NetLabel: Initializing
[    1.137184] NetLabel:  domain hash size = 128
[    1.137676] NetLabel:  protocols = UNLABELED CIPSOv4
[    1.140385] NetLabel:  unlabeled traffic allowed by default
[    1.142301] HPET: 3 timers in total, 0 timers will be used for per-cpu timer
[    1.144286] hpet0: at MMIO 0xfed00000, IRQs 2, 8, 0
[    1.145124] hpet0: 3 comparators, 64-bit 100.000000 MHz counter
[    1.157965] Switching to clocksource hpet
[    1.382098] AppArmor: AppArmor Filesystem Enabled
[    1.385206] pnp: PnP ACPI init
[    1.385873] ACPI: bus type pnp registered
[    1.419166] pnp: PnP ACPI: found 9 devices
[    1.419826] ACPI: ACPI bus type pnp unregistered
[    1.478598] NET: Registered protocol family 2
[    1.520320] IP route cache hash table entries: 512 (order: 0, 4096 bytes)
[    1.529366] TCP established hash table entries: 2048 (order: 3, 32768 bytes)
[    1.530808] TCP bind hash table entries: 2048 (order: 3, 32768 bytes)
[    1.531992] TCP: Hash tables configured (established 2048 bind 2048)
[    1.533760] TCP reno registered
[    1.534271] UDP hash table entries: 128 (order: 0, 4096 bytes)
[    1.535061] UDP-Lite hash table entries: 128 (order: 0, 4096 bytes)
[    1.538087] NET: Registered protocol family 1
[    1.538888] pci 0000:00:00.0: Limiting direct PCI/PCI transfers
[    1.539620] pci 0000:00:01.0: PIIX3: Enabling Passive Release
[    1.541228] pci 0000:00:01.0: Activating ISA DMA hang workarounds
[    1.546932] ACPI: PCI Interrupt Link [LNKD] enabled at IRQ 11
[    1.548096] pci 0000:00:01.2: PCI INT D -&gt; Link[LNKD] -&gt; GSI 11 (level, high) -&gt; IRQ 11
[    1.550444] pci 0000:00:01.2: PCI INT D disabled
[    1.577754] Trying to unpack rootfs image as initramfs...
[    1.600034] audit: initializing netlink socket (disabled)
[    1.602839] type=2000 audit(1453372271.600:1): initialized
[    1.875455] HugeTLB registered 2 MB page size, pre-allocated 0 pages
[    1.948104] VFS: Disk quotas dquot_6.5.2
[    1.949852] Dquot-cache hash table entries: 512 (order 0, 4096 bytes)
[    1.963273] fuse init (API version 7.17)
[    1.966479] msgmni has been set to 84
[    2.006243] Block layer SCSI generic (bsg) driver version 0.4 loaded (major 253)
[    2.007866] io scheduler noop registered
[    2.009350] io scheduler deadline registered (default)
[    2.010467] io scheduler cfq registered
[    2.014493] pci_hotplug: PCI Hot Plug PCI Core version: 0.5
[    2.017182] pciehp: PCI Express Hot Plug Controller Driver version: 0.4
[    2.022469] input: Power Button as /devices/LNXSYSTM:00/LNXPWRBN:00/input/input0
[    2.024043] ACPI: Power Button [PWRF]
[    2.069295] ERST: Table is not found!
[    2.069842] GHES: HEST is not enabled!
[    2.077844] ACPI: PCI Interrupt Link [LNKC] enabled at IRQ 10
[    2.078557] virtio-pci 0000:00:03.0: PCI INT A -&gt; Link[LNKC] -&gt; GSI 10 (level, high) -&gt; IRQ 10
[    2.084042] virtio-pci 0000:00:04.0: PCI INT A -&gt; Link[LNKD] -&gt; GSI 11 (level, high) -&gt; IRQ 11
[    2.111454] ACPI: PCI Interrupt Link [LNKA] enabled at IRQ 10
[    2.112742] virtio-pci 0000:00:05.0: PCI INT A -&gt; Link[LNKA] -&gt; GSI 10 (level, high) -&gt; IRQ 10
[    2.117787] Serial: 8250/16550 driver, 32 ports, IRQ sharing enabled
[    2.161522] serial8250: ttyS0 at I/O 0x3f8 (irq = 4) is a 16550A
[    2.249082] serial8250: ttyS1 at I/O 0x2f8 (irq = 3) is a 16550A
[    2.370338] 00:05: ttyS0 at I/O 0x3f8 (irq = 4) is a 16550A
[    2.452482] 00:06: ttyS1 at I/O 0x2f8 (irq = 3) is a 16550A
[    2.495321] Linux agpgart interface v0.103
[    2.554520] Refined TSC clocksource calibration: 2293.389 MHz.
[    2.555714] Switching to clocksource tsc
[    2.563013] brd: module loaded
[    2.593473] loop: module loaded
[    2.665341]  vda: unknown partition table
[    2.722321] scsi0 : ata_piix
[    2.725354] scsi1 : ata_piix
[    2.727269] ata1: PATA max MWDMA2 cmd 0x1f0 ctl 0x3f6 bmdma 0xc0a0 irq 14
[    2.728175] ata2: PATA max MWDMA2 cmd 0x170 ctl 0x376 bmdma 0xc0a8 irq 15
[    2.746944] Fixed MDIO Bus: probed
[    2.750370] tun: Universal TUN/TAP device driver, 1.6
[    2.751440] tun: (C) 1999-2004 Max Krasnyansky &lt;maxk@qualcomm.com&gt;
[    2.766961] PPP generic driver version 2.4.2
[    2.784056] ehci_hcd: USB 2.0 'Enhanced' Host Controller (EHCI) Driver
[    2.786305] ohci_hcd: USB 1.1 'Open' Host Controller (OHCI) Driver
[    2.787262] uhci_hcd: USB Universal Host Controller Interface driver
[    2.788036] uhci_hcd 0000:00:01.2: PCI INT D -&gt; Link[LNKD] -&gt; GSI 11 (level, high) -&gt; IRQ 11
[    2.791585] uhci_hcd 0000:00:01.2: UHCI Host Controller
[    2.814070] uhci_hcd 0000:00:01.2: new USB bus registered, assigned bus number 1
[    2.815671] uhci_hcd 0000:00:01.2: irq 11, io base 0x0000c040
[    2.845383] hub 1-0:1.0: USB hub found
[    2.849577] hub 1-0:1.0: 2 ports detected
[    2.857901] usbcore: registered new interface driver libusual
[    2.860798] i8042: PNP: PS/2 Controller [PNP0303:KBD,PNP0f13:MOU] at 0x60,0x64 irq 1,12
[    2.874533] serio: i8042 KBD port at 0x60,0x64 irq 1
[    2.875998] serio: i8042 AUX port at 0x60,0x64 irq 12
[    2.931498] mousedev: PS/2 mouse device common for all mice
[    2.943848] input: AT Translated Set 2 keyboard as /devices/platform/i8042/serio0/input/input1
[    2.951062] rtc_cmos 00:01: RTC can wake from S4
[    2.997139] rtc_cmos 00:01: rtc core: registered rtc_cmos as rtc0
[    3.000941] rtc0: alarms up to one day, 114 bytes nvram, hpet irqs
[    3.003912] device-mapper: uevent: version 1.0.3
[    3.019166] ata2.01: ATAPI: QEMU DVD-ROM, 2.0.0, max UDMA/100
[    3.028908] device-mapper: ioctl: 4.22.0-ioctl (2011-10-19) initialised: dm-devel@redhat.com
[    3.031520] cpuidle: using governor ladder
[    3.032793] cpuidle: using governor menu
[    3.033355] EFI Variables Facility v0.08 2004-May-17
[    3.044752] TCP cubic registered
[    3.049075] NET: Registered protocol family 10
[    3.077515] NET: Registered protocol family 17
[    3.079527] Registering the dns_resolver key type
[    3.086696] ata2.01: configured for MWDMA2
[    3.114543] scsi 1:0:1:0: CD-ROM            QEMU     QEMU DVD-ROM     2.0. PQ: 0 ANSI: 5
[    3.150868] sr0: scsi3-mmc drive: 4x/4x cd/rw xa/form2 tray
[    3.152092] cdrom: Uniform CD-ROM driver Revision: 3.20
[    3.171113] sr 1:0:1:0: Attached scsi generic sg0 type 5
[    3.213088] registered taskstats version 1
[    3.264458] Freeing initrd memory: 3656k freed
[    3.712142]   Magic number: 0:85:528
[    3.724135] rtc_cmos 00:01: setting system clock to 2016-01-21 10:31:14 UTC (1453372274)
[    3.726692] powernow-k8: Processor cpuid 663 not supported
[    3.733094] BIOS EDD facility v0.16 2004-Jun-25, 0 devices found
[    3.735245] EDD information not available.
[    3.815591] Freeing unused kernel memory: 928k freed
[    3.820552] Write protecting the kernel read-only data: 12288k
[    3.927278] Freeing unused kernel memory: 1596k freed
[    3.987468] Freeing unused kernel memory: 1184k freed

info: initramfs: up at 4.15
modprobe: module virtio_blk not found in modules.dep
modprobe: module virtio_net not found in modules.dep
info: copying initramfs to /dev/vda
info: initramfs loading root from /dev/vda
info: /etc/init.d/rc.sysinit: up at 8.84
info: container: none
Starting logging: OK
modprobe: module virtio_blk not found in modules.dep
modprobe: module virtio_net not found in modules.dep
WARN: /etc/rc3.d/S10-load-modules failed
Initializing random number generator... done.
Starting acpid: OK
cirros-ds 'local' up at 11.36
found datasource (configdrive, local)
Starting network...
udhcpc (v1.20.1) started
Sending discover...
Sending discover...

2016-01-21 10:33:12,835 15126 INFO     [tempest_lib.common.rest_client] Request (TestNetworkAdvancedServerOps:_run_cleanups): 204 DELETE http://10.4.1.3:9696/v2.0/floatingips/85c38d37-59f2-456e-b1b8-3573f119213f 0.399s
2016-01-21 10:33:12,836 15126 DEBUG    [tempest_lib.common.rest_client] Request - Headers: {'Content-Type': 'application/json', 'Accept': 'application/json', 'X-Auth-Token': '&lt;omitted&gt;'}
        Body: None
    Response - Headers: {'date': 'Thu, 21 Jan 2016 10:33:12 GMT', 'status': '204', 'connection': 'close', 'content-length': '0', 'x-openstack-request-id': 'req-8a9e7b07-1c8c-49bd-a4dc-2453bef9f1dd'}
        Body: 
2016-01-21 10:33:13,227 15126 INFO     [tempest_lib.common.rest_client] Request (TestNetworkAdvancedServerOps:_run_cleanups): 204 DELETE http://10.4.1.3:8774/v2.1/8019f260cbbd47eb8bcd17e8b5a650e1/servers/220f0ee0-55f4-4cae-8e99-68f3e81d5511 0.390s
2016-01-21 10:33:13,228 15126 DEBUG    [tempest_lib.common.rest_client] Request - Headers: {'Content-Type': 'application/json', 'Accept': 'application/json', 'X-Auth-Token': '&lt;omitted&gt;'}
        Body: None
    Response - Headers: {'status': '204', 'content-length': '0', 'x-compute-request-id': 'req-ae6369c6-2454-442d-a8f5-cc57f979a905', 'vary': 'X-OpenStack-Nova-API-Version', 'connection': 'close', 'x-openstack-nova-api-version': '2.1', 'date': 'Thu, 21 Jan 2016 10:33:13 GMT', 'content-type': 'application/json'}
        Body: 
2016-01-21 10:33:13,838 15126 INFO     [tempest_lib.common.rest_client] Request (TestNetworkAdvancedServerOps:_run_cleanups): 200 GET http://10.4.1.3:8774/v2.1/8019f260cbbd47eb8bcd17e8b5a650e1/servers/220f0ee0-55f4-4cae-8e99-68f3e81d5511 0.609s
2016-01-21 10:33:13,838 15126 DEBUG    [tempest_lib.common.rest_client] Request - Headers: {'Content-Type': 'application/json', 'Accept': 'application/json', 'X-Auth-Token': '&lt;omitted&gt;'}
        Body: None
    Response - Headers: {'status': '200', 'content-length': '1779', 'content-location': 'http://10.4.1.3:8774/v2.1/8019f260cbbd47eb8bcd17e8b5a650e1/servers/220f0ee0-55f4-4cae-8e99-68f3e81d5511', 'x-compute-request-id': 'req-b4d15d5c-56ef-4298-b0ab-99a5833953a4', 'vary': 'X-OpenStack-Nova-API-Version', 'connection': 'close', 'x-openstack-nova-api-version': '2.1', 'date': 'Thu, 21 Jan 2016 10:33:13 GMT', 'content-type': 'application/json'}
        Body: {"server": {"status": "ACTIVE", "updated": "2016-01-21T10:33:13Z", "hostId": "8b6db1dc547dafa31ec79a5c4a9fb5e57d996d03faaa04a6b9261e04", "addresses": {"tempest-network-smoke--1189217167": [{"OS-EXT-IPS-MAC:mac_addr": "fa:16:3e:0e:2d:3a", "version": 4, "addr": "10.100.0.3", "OS-EXT-IPS:type": "fixed"}, {"OS-EXT-IPS-MAC:mac_addr": "fa:16:3e:0e:2d:3a", "version": 4, "addr": "172.24.4.4", "OS-EXT-IPS:type": "floating"}]}, "links": [{"href": "http://10.4.1.3:8774/v2.1/8019f260cbbd47eb8bcd17e8b5a650e1/servers/220f0ee0-55f4-4cae-8e99-68f3e81d5511", "rel": "self"}, {"href": "http://10.4.1.3:8774/8019f260cbbd47eb8bcd17e8b5a650e1/servers/220f0ee0-55f4-4cae-8e99-68f3e81d5511", "rel": "bookmark"}], "key_name": "tempest-TestNetworkAdvancedServerOps-544235203", "image": {"id": "3427c637-81e9-40f1-a947-d3c0bde454c1", "links": [{"href": "http://10.4.1.3:8774/8019f260cbbd47eb8bcd17e8b5a650e1/images/3427c637-81e9-40f1-a947-d3c0bde454c1", "rel": "bookmark"}]}, "OS-EXT-STS:task_state": "deleting", "OS-EXT-STS:vm_state": "active", "OS-SRV-USG:launched_at": "2016-01-21T10:31:07.000000", "flavor": {"id": "42", "links": [{"href": "http://10.4.1.3:8774/8019f260cbbd47eb8bcd17e8b5a650e1/flavors/42", "rel": "bookmark"}]}, "id": "220f0ee0-55f4-4cae-8e99-68f3e81d5511", "security_groups": [{"name": "tempest-secgroup-smoke-926042348"}], "OS-SRV-USG:terminated_at": null, "OS-EXT-AZ:availability_zone": "nova", "user_id": "afbcb80d82754e86aae03498e5dbdc32", "name": "tempest.common.compute-instance-190316750", "created": "2016-01-21T10:31:02Z", "tenant_id": "8019f260cbbd47eb8bcd17e8b5a650e1", "OS-DCF:diskConfig": "MANUAL", "os-extended-volumes:volumes_attached": [], "accessIPv4": "", "accessIPv6": "", "progress": 0, "OS-EXT-STS:power_state": 1, "config_drive": "True", "metadata": {}}}
2016-01-21 10:33:15,078 15126 INFO     [tempest_lib.common.rest_client] Request (TestNetworkAdvancedServerOps:_run_cleanups): 404 GET http://10.4.1.3:8774/v2.1/8019f260cbbd47eb8bcd17e8b5a650e1/servers/220f0ee0-55f4-4cae-8e99-68f3e81d5511 0.228s
2016-01-21 10:33:15,079 15126 DEBUG    [tempest_lib.common.rest_client] Request - Headers: {'Content-Type': 'application/json', 'Accept': 'application/json', 'X-Auth-Token': '&lt;omitted&gt;'}
        Body: None
    Response - Headers: {'status': '404', 'content-length': '111', 'x-compute-request-id': 'req-e43d908b-3de0-435f-a5d6-c7fcc5af4ea3', 'vary': 'X-OpenStack-Nova-API-Version', 'connection': 'close', 'x-openstack-nova-api-version': '2.1', 'date': 'Thu, 21 Jan 2016 10:33:15 GMT', 'content-type': 'application/json; charset=UTF-8'}
        Body: {"itemNotFound": {"message": "Instance 220f0ee0-55f4-4cae-8e99-68f3e81d5511 could not be found.", "code": 404}}
2016-01-21 10:33:15,576 15126 INFO     [tempest_lib.common.rest_client] Request (TestNetworkAdvancedServerOps:_run_cleanups): 500 PUT http://10.4.1.3:9696/v2.0/routers/75023c33-bb53-45db-a578-9a6a4aeb8699/remove_router_interface 0.496s
2016-01-21 10:33:15,576 15126 DEBUG    [tempest_lib.common.rest_client] Request - Headers: {'Content-Type': 'application/json', 'Accept': 'application/json', 'X-Auth-Token': '&lt;omitted&gt;'}
        Body: {"subnet_id": "aaedfa8e-cfac-4356-bd96-0c25a4e771ea"}
    Response - Headers: {'status': '500', 'content-length': '150', 'connection': 'close', 'date': 'Thu, 21 Jan 2016 10:33:15 GMT', 'content-type': 'application/json; charset=UTF-8', 'x-openstack-request-id': 'req-b36ebbce-4896-4b65-8461-4ddf7c70c043'}
        Body: {"NeutronError": {"message": "Request Failed: internal server error while processing your request.", "type": "HTTPInternalServerError", "detail": ""}}
2016-01-21 10:33:15,800 15126 INFO     [tempest_lib.common.rest_client] Request (TestNetworkAdvancedServerOps:_run_cleanups): 200 GET http://10.4.1.3:9696/v2.0/routers/75023c33-bb53-45db-a578-9a6a4aeb8699 0.221s
2016-01-21 10:33:15,801 15126 DEBUG    [tempest_lib.common.rest_client] Request - Headers: {'Content-Type': 'application/json', 'Accept': 'application/json', 'X-Auth-Token': '&lt;omitted&gt;'}
        Body: None
    Response - Headers: {'status': '200', 'content-length': '501', 'content-location': 'http://10.4.1.3:9696/v2.0/routers/75023c33-bb53-45db-a578-9a6a4aeb8699', 'connection': 'close', 'date': 'Thu, 21 Jan 2016 10:33:15 GMT', 'content-type': 'application/json; charset=UTF-8', 'x-openstack-request-id': 'req-a0ef32f9-d9f9-4705-9c4f-43553b4912ea'}
        Body: {"router": {"status": "ACTIVE", "external_gateway_info": {"network_id": "cfa7ed7d-c91a-4099-8180-18736622be75", "enable_snat": true, "external_fixed_ips": [{"subnet_id": "0ea5c5f0-1c0f-4421-8459-e12df37d7d35", "ip_address": "172.24.4.3"}, {"subnet_id": "8c3c0f0a-9deb-4921-bcf3-0b02b54698eb", "ip_address": "2001:db8::4"}]}, "name": "tempest-router-smoke-1901040974", "admin_state_up": true, "tenant_id": "8019f260cbbd47eb8bcd17e8b5a650e1", "routes": [], "id": "75023c33-bb53-45db-a578-9a6a4aeb8699"}}
2016-01-21 10:33:16,354 15126 INFO     [tempest_lib.common.rest_client] Request (TestNetworkAdvancedServerOps:_run_cleanups): 200 PUT http://10.4.1.3:9696/v2.0/routers/75023c33-bb53-45db-a578-9a6a4aeb8699 0.552s
2016-01-21 10:33:16,355 15126 DEBUG    [tempest_lib.common.rest_client] Request - Headers: {'Content-Type': 'application/json', 'Accept': 'application/json', 'X-Auth-Token': '&lt;omitted&gt;'}
        Body: {"router": {"external_gateway_info": {}, "name": "tempest-router-smoke-1901040974", "admin_state_up": true}}
    Response - Headers: {'status': '200', 'content-length': '239', 'connection': 'close', 'date': 'Thu, 21 Jan 2016 10:33:16 GMT', 'content-type': 'application/json; charset=UTF-8', 'x-openstack-request-id': 'req-9d4b5576-c24a-4ba7-8621-205da7cd8c3e'}
        Body: {"router": {"status": "ACTIVE", "external_gateway_info": null, "name": "tempest-router-smoke-1901040974", "admin_state_up": true, "tenant_id": "8019f260cbbd47eb8bcd17e8b5a650e1", "routes": [], "id": "75023c33-bb53-45db-a578-9a6a4aeb8699"}}
2016-01-21 10:33:16,816 15126 INFO     [tempest_lib.common.rest_client] Request (TestNetworkAdvancedServerOps:_run_cleanups): 500 DELETE http://10.4.1.3:9696/v2.0/routers/75023c33-bb53-45db-a578-9a6a4aeb8699 0.459s
2016-01-21 10:33:16,817 15126 DEBUG    [tempest_lib.common.rest_client] Request - Headers: {'Content-Type': 'application/json', 'Accept': 'application/json', 'X-Auth-Token': '&lt;omitted&gt;'}
        Body: None
    Response - Headers: {'status': '500', 'content-length': '150', 'connection': 'close', 'date': 'Thu, 21 Jan 2016 10:33:16 GMT', 'content-type': 'application/json; charset=UTF-8', 'x-openstack-request-id': 'req-ae9ac130-108f-4f86-ad0d-750c14d14db6'}
        Body: {"NeutronError": {"message": "Request Failed: internal server error while processing your request.", "type": "HTTPInternalServerError", "detail": ""}}
2016-01-21 10:33:17,495 15126 INFO     [tempest_lib.common.rest_client] Request (TestNetworkAdvancedServerOps:_run_cleanups): 204 DELETE http://10.4.1.3:9696/v2.0/networks/9879d5e3-486d-47c9-8901-1809160c9f76 0.677s
2016-01-21 10:33:17,495 15126 DEBUG    [tempest_lib.common.rest_client] Request - Headers: {'Content-Type': 'application/json', 'Accept': 'application/json', 'X-Auth-Token': '&lt;omitted&gt;'}
        Body: None
    Response - Headers: {'date': 'Thu, 21 Jan 2016 10:33:17 GMT', 'status': '204', 'connection': 'close', 'content-length': '0', 'x-openstack-request-id': 'req-89f8b402-b4c6-4c5c-ae2a-c3aa8c262cfd'}
        Body: 
2016-01-21 10:33:17,733 15126 INFO     [tempest_lib.common.rest_client] Request (TestNetworkAdvancedServerOps:_run_cleanups): 204 DELETE http://10.4.1.3:9696/v2.0/security-group-rules/d874176a-5b16-4ede-bf13-3d39a4416b89 0.237s
2016-01-21 10:33:17,734 15126 DEBUG    [tempest_lib.common.rest_client] Request - Headers: {'Content-Type': 'application/json', 'Accept': 'application/json', 'X-Auth-Token': '&lt;omitted&gt;'}
        Body: None
    Response - Headers: {'date': 'Thu, 21 Jan 2016 10:33:17 GMT', 'status': '204', 'connection': 'close', 'content-length': '0', 'x-openstack-request-id': 'req-47c89f84-74e7-48ce-abdc-d9ca0bfaa284'}
        Body: 
2016-01-21 10:33:17,989 15126 INFO     [tempest_lib.common.rest_client] Request (TestNetworkAdvancedServerOps:_run_cleanups): 204 DELETE http://10.4.1.3:9696/v2.0/security-group-rules/d26ab8d0-6016-4db2-81d8-f82e50b3d229 0.254s
2016-01-21 10:33:17,989 15126 DEBUG    [tempest_lib.common.rest_client] Request - Headers: {'Content-Type': 'application/json', 'Accept': 'application/json', 'X-Auth-Token': '&lt;omitted&gt;'}
        Body: None
    Response - Headers: {'date': 'Thu, 21 Jan 2016 10:33:17 GMT', 'status': '204', 'connection': 'close', 'content-length': '0', 'x-openstack-request-id': 'req-3d4ae9fd-0e7d-4cbf-a42b-53b16d555bd3'}
        Body: 
2016-01-21 10:33:18,206 15126 INFO     [tempest_lib.common.rest_client] Request (TestNetworkAdvancedServerOps:_run_cleanups): 204 DELETE http://10.4.1.3:9696/v2.0/security-group-rules/8afda6e0-6f5e-497f-b68b-5a9d611a1025 0.216s
2016-01-21 10:33:18,206 15126 DEBUG    [tempest_lib.common.rest_client] Request - Headers: {'Content-Type': 'application/json', 'Accept': 'application/json', 'X-Auth-Token': '&lt;omitted&gt;'}
        Body: None
    Response - Headers: {'date': 'Thu, 21 Jan 2016 10:33:18 GMT', 'status': '204', 'connection': 'close', 'content-length': '0', 'x-openstack-request-id': 'req-b4816c9d-b243-4474-a81f-bf3015996db1'}
        Body: 
2016-01-21 10:33:18,429 15126 INFO     [tempest_lib.common.rest_client] Request (TestNetworkAdvancedServerOps:_run_cleanups): 204 DELETE http://10.4.1.3:9696/v2.0/security-group-rules/050f5ec2-9951-4a8e-8e05-c55b3590bf77 0.222s
2016-01-21 10:33:18,430 15126 DEBUG    [tempest_lib.common.rest_client] Request - Headers: {'Content-Type': 'application/json', 'Accept': 'application/json', 'X-Auth-Token': '&lt;omitted&gt;'}
        Body: None
    Response - Headers: {'date': 'Thu, 21 Jan 2016 10:33:18 GMT', 'status': '204', 'connection': 'close', 'content-length': '0', 'x-openstack-request-id': 'req-753bd5dd-2816-4d27-8da1-549ccb958681'}
        Body: 
2016-01-21 10:33:18,666 15126 INFO     [tempest_lib.common.rest_client] Request (TestNetworkAdvancedServerOps:_run_cleanups): 204 DELETE http://10.4.1.3:9696/v2.0/security-group-rules/5be9e649-d461-40bd-bb87-6945550373e3 0.235s
2016-01-21 10:33:18,667 15126 DEBUG    [tempest_lib.common.rest_client] Request - Headers: {'Content-Type': 'application/json', 'Accept': 'application/json', 'X-Auth-Token': '&lt;omitted&gt;'}
        Body: None
    Response - Headers: {'date': 'Thu, 21 Jan 2016 10:33:18 GMT', 'status': '204', 'connection': 'close', 'content-length': '0', 'x-openstack-request-id': 'req-81a95881-8cf5-42e7-9d41-89ae0b193fb3'}
        Body: 
2016-01-21 10:33:18,889 15126 INFO     [tempest_lib.common.rest_client] Request (TestNetworkAdvancedServerOps:_run_cleanups): 204 DELETE http://10.4.1.3:9696/v2.0/security-group-rules/1fb2885b-97af-4ff3-b0b3-5cf49a01cfc9 0.221s
2016-01-21 10:33:18,890 15126 DEBUG    [tempest_lib.common.rest_client] Request - Headers: {'Content-Type': 'application/json', 'Accept': 'application/json', 'X-Auth-Token': '&lt;omitted&gt;'}
        Body: None
    Response - Headers: {'date': 'Thu, 21 Jan 2016 10:33:18 GMT', 'status': '204', 'connection': 'close', 'content-length': '0', 'x-openstack-request-id': 'req-44657f5f-24e8-4818-82dd-baea7db2288c'}
        Body: 
2016-01-21 10:33:19,138 15126 INFO     [tempest_lib.common.rest_client] Request (TestNetworkAdvancedServerOps:_run_cleanups): 204 DELETE http://10.4.1.3:9696/v2.0/security-groups/7c0f127f-7a77-4f0b-8b6c-b8f177413498 0.247s
2016-01-21 10:33:19,138 15126 DEBUG    [tempest_lib.common.rest_client] Request - Headers: {'Content-Type': 'application/json', 'Accept': 'application/json', 'X-Auth-Token': '&lt;omitted&gt;'}
        Body: None
    Response - Headers: {'date': 'Thu, 21 Jan 2016 10:33:19 GMT', 'status': '204', 'connection': 'close', 'content-length': '0', 'x-openstack-request-id': 'req-2d534c73-0d9a-45e4-8843-a96d979f48fa'}
        Body: 
2016-01-21 10:33:19,326 15126 INFO     [tempest_lib.common.rest_client] Request (TestNetworkAdvancedServerOps:_run_cleanups): 202 DELETE http://10.4.1.3:8774/v2.1/8019f260cbbd47eb8bcd17e8b5a650e1/os-keypairs/tempest-TestNetworkAdvancedServerOps-544235203 0.187s
2016-01-21 10:33:19,327 15126 DEBUG    [tempest_lib.common.rest_client] Request - Headers: {'Content-Type': 'application/json', 'Accept': 'application/json', 'X-Auth-Token': '&lt;omitted&gt;'}
        Body: None
    Response - Headers: {'status': '202', 'content-length': '0', 'x-compute-request-id': 'req-8065b533-532e-4825-8357-12b84feea171', 'vary': 'X-OpenStack-Nova-API-Version', 'connection': 'close', 'x-openstack-nova-api-version': '2.1', 'date': 'Thu, 21 Jan 2016 10:33:19 GMT', 'content-type': 'application/json'}
        Body: 
2016-01-21 10:33:19,685 15126 INFO     [tempest_lib.common.rest_client] Request (TestNetworkAdvancedServerOps:_run_cleanups): 404 GET http://10.4.1.3:8774/v2.1/8019f260cbbd47eb8bcd17e8b5a650e1/servers/220f0ee0-55f4-4cae-8e99-68f3e81d5511 0.356s
2016-01-21 10:33:19,685 15126 DEBUG    [tempest_lib.common.rest_client] Request - Headers: {'Content-Type': 'application/json', 'Accept': 'application/json', 'X-Auth-Token': '&lt;omitted&gt;'}
        Body: None
    Response - Headers: {'status': '404', 'content-length': '111', 'x-compute-request-id': 'req-27e06dd5-6183-42ea-9a2d-98076b0a8d0b', 'vary': 'X-OpenStack-Nova-API-Version', 'connection': 'close', 'x-openstack-nova-api-version': '2.1', 'date': 'Thu, 21 Jan 2016 10:33:19 GMT', 'content-type': 'application/json; charset=UTF-8'}
        Body: {"itemNotFound": {"message": "Instance 220f0ee0-55f4-4cae-8e99-68f3e81d5511 could not be found.", "code": 404}}
}}}

traceback-1: {{{
Traceback (most recent call last):
  File "tempest/scenario/manager.py", line 106, in delete_wrapper
    delete_thing(*args, **kwargs)
  File "tempest/services/network/resources.py", line 99, in delete
    subnet_id=self.id)
  File "tempest/services/network/json/network_client.py", line 221, in remove_router_interface_with_subnet_id
    return self.update_resource(uri, update_body)
  File "tempest/services/network/json/base.py", line 68, in update_resource
    resp, body = self.put(req_uri, req_post_data)
  File "/usr/local/lib/python2.7/dist-packages/tempest_lib/common/rest_client.py", line 322, in put
    return self.request('PUT', url, extra_headers, headers, body)
  File "/usr/local/lib/python2.7/dist-packages/tempest_lib/common/rest_client.py", line 640, in request
    resp, resp_body)
  File "/usr/local/lib/python2.7/dist-packages/tempest_lib/common/rest_client.py", line 759, in _error_checker
    message=message)
tempest_lib.exceptions.ServerFault: Got server fault
Details: Request Failed: internal server error while processing your request.
}}}

traceback-2: {{{
Traceback (most recent call last):
  File "tempest/scenario/manager.py", line 106, in delete_wrapper
    delete_thing(*args, **kwargs)
  File "tempest/services/network/resources.py", line 120, in delete
    self.client.delete_router(self.id)
  File "tempest/services/network/json/network_client.py", line 194, in delete_router
    return self.delete_resource(uri)
  File "tempest/services/network/json/base.py", line 41, in delete_resource
    resp, body = self.delete(req_uri)
  File "/usr/local/lib/python2.7/dist-packages/tempest_lib/common/rest_client.py", line 290, in delete
    return self.request('DELETE', url, extra_headers, headers, body)
  File "/usr/local/lib/python2.7/dist-packages/tempest_lib/common/rest_client.py", line 640, in request
    resp, resp_body)
  File "/usr/local/lib/python2.7/dist-packages/tempest_lib/common/rest_client.py", line 759, in _error_checker
    message=message)
tempest_lib.exceptions.ServerFault: Got server fault
Details: Request Failed: internal server error while processing your request.
}}}

Traceback (most recent call last):
  File "tempest/test.py", line 113, in wrapper
    return f(self, *func_args, **func_kwargs)
  File "tempest/scenario/test_network_advanced_server_ops.py", line 132, in test_server_connectivity_pause_unpause
    server, keypair, floating_ip = self._setup_network_and_servers()
  File "tempest/scenario/test_network_advanced_server_ops.py", line 69, in _setup_network_and_servers
    server, keypair, floating_ip)
  File "tempest/scenario/test_network_advanced_server_ops.py", line 93, in _wait_server_status_and_check_network_connectivity
    self._check_network_connectivity(server, keypair, floating_ip)
  File "tempest/scenario/test_network_advanced_server_ops.py", line 86, in _check_network_connectivity
    servers=[server])
  File "tempest/scenario/manager.py", line 607, in check_public_network_connectivity
    should_connect=should_connect)
  File "tempest/scenario/manager.py", line 591, in check_vm_connectivity
    msg=msg)
  File "/usr/local/lib/python2.7/dist-packages/unittest2/case.py", line 702, in assertTrue
    raise self.failureException(msg)
AssertionError: False is not true : Timed out waiting for 172.24.4.4 to become reachable



        </pre>
    </div>
    <!--css div popup end-->

    </td>
</tr>

<tr id='ft1.2' class='none'>
    <td class='failCase'><div class='testcase'>test_server_connectivity_reboot[compute,id-7b6860c2-afa3-4846-9522-adeb38dfbe08,network]</div></td>
    <td colspan='7' align='left'>

    <!--css div popup start-->
    <a class="popup_link" onfocus='this.blur();'
    href="javascript:showTestDetail('div_ft1.2')" >
        fail</a>

    <div id='div_ft1.2' class="popup_window">
        <div style='text-align: right; color:red;cursor:pointer'>
        <a onfocus='this.blur();'
onclick="document.getElementById('div_ft1.2').style.display = 'none' " >
           [x]</a>
        </div>
        <pre>
        
ft1.2: tempest.scenario.test_network_advanced_server_ops.TestNetworkAdvancedServerOps.test_server_connectivity_reboot[compute,id-7b6860c2-afa3-4846-9522-adeb38dfbe08,network]_StringException: Empty attachments:
  stderr
  stdout

pythonlogging:'': {{{
2016-01-21 10:33:20,224 15126 INFO     [tempest_lib.common.rest_client] Request (TestNetworkAdvancedServerOps:test_server_connectivity_reboot): 200 POST http://10.4.1.3:8774/v2.1/8019f260cbbd47eb8bcd17e8b5a650e1/os-keypairs 0.526s
2016-01-21 10:33:20,225 15126 DEBUG    [tempest_lib.common.rest_client] Request - Headers: {'Content-Type': 'application/json', 'Accept': 'application/json', 'X-Auth-Token': '&lt;omitted&gt;'}
        Body: {"keypair": {"name": "tempest-TestNetworkAdvancedServerOps-536434607"}}
    Response - Headers: {'status': '200', 'content-length': '2329', 'x-compute-request-id': 'req-c49e2df2-938e-4dfc-89f0-ea1b363b7f62', 'vary': 'X-OpenStack-Nova-API-Version', 'connection': 'close', 'x-openstack-nova-api-version': '2.1', 'date': 'Thu, 21 Jan 2016 10:33:20 GMT', 'content-type': 'application/json'}
