<?xml version="1.0" encoding="UTF-8"?>
<!DOCTYPE html PUBLIC "-//W3C//DTD XHTML 1.0 Strict//EN"
     "http://www.w3.org/TR/xhtml1/DTD/xhtml1-strict.dtd">
<html xmlns="http://www.w3.org/1999/xhtml">
<head>
    <title>Unit Test Report</title>
    <meta name="generator" content="subunit2html 0.1"/>
    <meta http-equiv="Content-Type" content="text/html; charset=UTF-8"/>
    
<style type="text/css" media="screen">
body        { font-family: verdana, arial, helvetica, sans-serif;
    font-size: 80%; }
table       { font-size: 100%; width: 100%;}
pre         { font-size: 80%; }

/* -- heading -------------------------------------------------------------- */
h1 {
        font-size: 16pt;
        color: gray;
}
.heading {
    margin-top: 0ex;
    margin-bottom: 1ex;
}

.heading .attribute {
    margin-top: 1ex;
    margin-bottom: 0;
}

.heading .description {
    margin-top: 4ex;
    margin-bottom: 6ex;
}

/* -- css div popup -------------------------------------------------------- */
a.popup_link {
}

a.popup_link:hover {
    color: red;
}

.popup_window {
    display: none;
    overflow-x: scroll;
    /*border: solid #627173 1px; */
    padding: 10px;
    background-color: #E6E6D6;
    font-family: "Ubuntu Mono", "Lucida Console", "Courier New", monospace;
    text-align: left;
    font-size: 8pt;
}

}
/* -- report --------------------------------------------------------------- */
#show_detail_line {
    margin-top: 3ex;
    margin-bottom: 1ex;
}
#result_table {
    width: 100%;
    border-collapse: collapse;
    border: 1px solid #777;
}
#header_row {
    font-weight: bold;
    color: white;
    background-color: #777;
}
#result_table td {
    border: 1px solid #777;
    padding: 2px;
}
#total_row  { font-weight: bold; }
.passClass  { background-color: #6c6; }
.failClass  { background-color: #c60; }
.errorClass { background-color: #c00; }
.passCase   { color: #6c6; }
.failCase   { color: #c60; font-weight: bold; }
.errorCase  { color: #c00; font-weight: bold; }
.hiddenRow  { display: none; }
.testcase   { margin-left: 2em; }
td.testname {width: 40%}
td.small {width: 40px}

/* -- ending --------------------------------------------------------------- */
#ending {
}

</style>

</head>
<body>
<script language="javascript" type="text/javascript"><!--
output_list = Array();

/* level - 0:Summary; 1:Failed; 2:All */
function showCase(level) {
    trs = document.getElementsByTagName("tr");
    for (var i = 0; i < trs.length; i++) {
        tr = trs[i];
        id = tr.id;
        if (id.substr(0,2) == 'ft') {
            if (level < 1) {
                tr.className = 'hiddenRow';
            }
            else {
                tr.className = '';
            }
        }
        if (id.substr(0,2) == 'pt') {
            if (level > 1) {
                tr.className = '';
            }
            else {
                tr.className = 'hiddenRow';
            }
        }
    }
}


function showClassDetail(cid, count) {
    var id_list = Array(count);
    var toHide = 1;
    for (var i = 0; i < count; i++) {
        tid0 = 't' + cid.substr(1) + '.' + (i+1);
        tid = 'f' + tid0;
        tr = document.getElementById(tid);
        if (!tr) {
            tid = 'p' + tid0;
            tr = document.getElementById(tid);
        }
        id_list[i] = tid;
        if (tr.className) {
            toHide = 0;
        }
    }
    for (var i = 0; i < count; i++) {
        tid = id_list[i];
        if (toHide) {
            document.getElementById('div_'+tid).style.display = 'none'
            document.getElementById(tid).className = 'hiddenRow';
        }
        else {
            document.getElementById(tid).className = '';
        }
    }
}


function showTestDetail(div_id){
    var details_div = document.getElementById(div_id)
    var displayState = details_div.style.display
    // alert(displayState)
    if (displayState != 'block' ) {
        displayState = 'block'
        details_div.style.display = 'block'
    }
    else {
        details_div.style.display = 'none'
    }
}


function html_escape(s) {
    s = s.replace(/&/g,'&amp;');
    s = s.replace(/</g,'&lt;');
    s = s.replace(/>/g,'&gt;');
    return s;
}

/* obsoleted by detail in <div>
function showOutput(id, name) {
    var w = window.open("", //url
                    name,
                    "resizable,scrollbars,status,width=800,height=450");
    d = w.document;
    d.write("<pre>");
    d.write(html_escape(output_list[id]));
    d.write("\n");
    d.write("<a href='javascript:window.close()'>close</a>\n");
    d.write("</pre>\n");
    d.close();
}
*/
--></script>

<div class='heading'>
<h1>Unit Test Report</h1>

<p class='attribute'><strong>Status:</strong> Failure 8</p>

<p class='description'></p>
</div>



<p id='show_detail_line'>Show
<a href='javascript:showCase(0)'>Summary</a>
<a href='javascript:showCase(1)'>Failed</a>
<a href='javascript:showCase(2)'>All</a>
</p>
<table id='result_table'>
<colgroup>
<col align='left' />
<col align='right' />
<col align='right' />
<col align='right' />
<col align='right' />
<col align='right' />
<col align='right' />
<col align='right' />
</colgroup>
<tr id='header_row'>
    <td>Test Group/Test case</td>
    <td>Count</td>
    <td>Pass</td>
    <td>Fail</td>
    <td>Error</td>
    <td>Skip</td>
    <td>View</td>
    <td> </td>
</tr>

<tr class='failClass'>
    <td class="testname">tempest.scenario.test_network_v6.TestGettingAddress</td>
    <td class="small">8</td>
    <td class="small">0</td>
    <td class="small">8</td>
    <td class="small">0</td>
    <td class="small">0</td>
    <td class="small"><a href="javascript:showClassDetail('c1',8)"
>Detail</a></td>
    <td> </td>
</tr>

<tr id='ft1.1' class='none'>
    <td class='failCase'><div class='testcase'>test_dhcp6_stateless_from_os[compute,id-d7e1f858-187c-45a6-89c9-bdafde619a9f,network]</div></td>
    <td colspan='7' align='left'>

    <!--css div popup start-->
    <a class="popup_link" onfocus='this.blur();'
    href="javascript:showTestDetail('div_ft1.1')" >
        fail</a>

    <div id='div_ft1.1' class="popup_window">
        <div style='text-align: right; color:red;cursor:pointer'>
        <a onfocus='this.blur();'
onclick="document.getElementById('div_ft1.1').style.display = 'none' " >
           [x]</a>
        </div>
        <pre>
        
ft1.1: tempest.scenario.test_network_v6.TestGettingAddress.test_dhcp6_stateless_from_os[compute,id-d7e1f858-187c-45a6-89c9-bdafde619a9f,network]_StringException: Empty attachments:
  stderr
  stdout

pythonlogging:'': {{{
2015-12-18 11:15:07,096 21513 INFO     [tempest_lib.common.rest_client] Request (TestGettingAddress:setUp): 200 POST http://10.0.2.15:8774/v2.1/ead4e80f2bbb47ea8981b9e0f5e7a1a6/os-keypairs 0.359s
2015-12-18 11:15:07,097 21513 DEBUG    [tempest_lib.common.rest_client] Request - Headers: {'Content-Type': 'application/json', 'Accept': 'application/json', 'X-Auth-Token': '&lt;omitted&gt;'}
        Body: {"keypair": {"name": "tempest-TestGettingAddress-1909977799"}}
    Response - Headers: {'status': '200', 'content-length': '2320', 'x-compute-request-id': 'req-c0278a0d-556a-48bd-8451-dc68a59ab39e', 'vary': 'X-OpenStack-Nova-API-Version', 'connection': 'close', 'x-openstack-nova-api-version': '2.1', 'date': 'Fri, 18 Dec 2015 11:15:07 GMT', 'content-type': 'application/json'}
        Body: {"keypair": {"public_key": "ssh-rsa AAAAB3NzaC1yc2EAAAADAQABAAABAQCr5U62eMbF6XY4Vh8usGZUDxABpf1/N+vnUKZwbBmybgIVq3NfJpfNhfvX0s3Wavh4YygH8QYIyqxVdxqq3gM7lPLOrJui9+VeNE/aHxqYB+fL81QbiauxLVgxcXfwbr2t576aco+D44vISWi5YcSR3lftHHNo5aVPUiLwBv00I5d1Fsy1Rjbs9YNiEhgGBUNwWLSTI3oI012gVTgdYWxL2OEEL5DQrxBWMvc6O3f4ThQ4gZSSJUsvweXkhoFT3ZgdUjH4y+dd+wosgLsuTTXl7BOSRNpqyGHyFrfehW3KncMqtZdTLqZHngNjiE76srIajslfLMRoi7zlJM/gxbrH Generated-by-Nova", "private_key": "-----BEGIN RSA PRIVATE KEY-----\nMIIEqQIBAAKCAQEAq+VOtnjGxel2OFYfLrBmVA8QAaX9fzfr51CmcGwZsm4CFatz\nXyaXzYX719LN1mr4eGMoB/EGCMqsVXcaqt4DO5TyzqybovflXjRP2h8amAfny/NU\nG4mrsS1YMXF38G69ree+mnKPg+OLyElouWHEkd5X7RxzaOWlT1Ii8Ab9NCOXdRbM\ntUY27PWDYhIYBgVDcFi0kyN6CNNdoFU4HWFsS9jhBC+Q0K8QVjL3Ojt3+E4UOIGU\nkiVLL8Hl5IaBU92YHVIx+MvnXfsKLIC7Lk015ewTkkTaashh8ha33oVtyp3DKrWX\nUy6mR54DY4hO+rKyGo7JXyzEaIu85STP4MW6xwIDAQABAoIBACqHAuBWJSdVyS/K\n7tAISGjHiTg/LuZImY6S/3qU5A6m9NETp+mEjM4GNfaBavd/Y5W1QnQkh0+phNVo\nMCrR3o7hHOlQ/vhkyFR0MMVQKK4wVoK44rglaVreUxF4dyn+2+KokRl4+lSw+SZG\nMyiaLZ3BGpPJFCyBlFJ5ibdEo2RAeV6RbhPEzknIaEqST//IFRjtk6R+WHkM3c0z\noHmg73Rr/doxcxhmOBivUHV/t4bJIwbq34qbpzuNoG1p7DhGwUi7jsg6OElf9YVD\nrKPRbX73tstH1DZF5JD+KUjW9yKwHHfvt5hyBKl8ZdkoC+xXjGu1eNKk3uT0ofda\nx0cgs5ECggCBALkqiKtCagEBkiTRKLqw7KSfFh/Bv3Mwml9Z1IDTVukjrt8f7I/Z\nwOpE4pJh6Zme1M55Pgl1XVc8l2HuGi+f9ZOCMBXb3k0gX0sYrL42Di2yThm1s7OW\nH0fe+CmETgmXKi3WAcZky8iu6l3wgjqgKwZ9d3VkDoUCKMMsCSS13xhDAoIAgQDt\npzD/e9iL9ZOmhBz0FSZwAN5YSE/1rQjrK3s6ADjJvjrVfZUNwYL/dylIYXVwvE0h\nPhTNHi7mCWIXqpmDNp9VS4NAFVVr9Ef9A3O1nLuuCowLLpiMglYB/5/ctlsjQFDE\nORGsG+1hF/l5mFGQitojntRgAptdl0a7ApPX2fe9LQKCAIBxaQfEPS1H6HpmamUT\n04FdYsLeOIDWQJKMjCyHqum0adKVfqwZfzmVQxOyrJ2zJYEZ5VCF4oiFAeuGY5tO\nSB7VdguVl9EUVBuJl1dWOS1995O2U3/5Ip2OG5bLdumFHj0LTeRQazQVemy5lLFu\nzuMLWpVsJRhvht8Ii1QeU/aMmQKCAIEAwydNRC82BtCV++J3SDRqCQWdkE9pYexC\n66McIOf3uis9cv0aPl6PLSt0OhzV7MqkZ8zsFfhYOMyxwY91WlurgcZttF0QdYL2\n7p08EoHvWJ8Om0wbNx78c82vP/Z7Zro02L2odnXEe7vNQH3FVPXA5glSirj5TmSg\nT4dxUoqKNs0CggCBALKM9YQeXZuZfQZamgg+JqQN6nqWshLEM/QootBbrKuAzphJ\nxUKChcZzUkm4ItIKzcRZ7tCgeQ3x9QjOpODnH6nHGAArDXGARe9pzsgw+oqsxS5v\ndxRGVsG6oxnJ8axUY9K7mkoHSXE2lqLeTM5ZObvFym8DGY+YKUs/IEdEKW4G\n-----END RSA PRIVATE KEY-----\n", "user_id": "b2e4eaae2bfe407fa677b2b938085275", "name": "tempest-TestGettingAddress-1909977799", "fingerprint": "a8:4c:c8:4d:60:46:b7:0c:d2:93:4e:6e:8e:de:d5:de"}}
2015-12-18 11:15:07,440 21513 INFO     [tempest_lib.common.rest_client] Request (TestGettingAddress:setUp): 201 POST http://10.0.2.15:9696/v2.0/security-groups 0.339s
2015-12-18 11:15:07,440 21513 DEBUG    [tempest_lib.common.rest_client] Request - Headers: {'Content-Type': 'application/json', 'Accept': 'application/json', 'X-Auth-Token': '&lt;omitted&gt;'}
        Body: {"security_group": {"tenant_id": "ead4e80f2bbb47ea8981b9e0f5e7a1a6", "description": "tempest-secgroup-smoke-1454392893 description", "name": "tempest-secgroup-smoke-1454392893"}}
    Response - Headers: {'status': '201', 'content-length': '888', 'connection': 'close', 'date': 'Fri, 18 Dec 2015 11:15:07 GMT', 'content-type': 'application/json; charset=UTF-8', 'x-openstack-request-id': 'req-aad50d9b-961f-4ce8-8d05-70a8f8b212ad'}
        Body: {"security_group": {"tenant_id": "ead4e80f2bbb47ea8981b9e0f5e7a1a6", "description": "tempest-secgroup-smoke-1454392893 description", "id": "4d60fcdc-4b9c-4d6f-804a-069317a24f7e", "security_group_rules": [{"remote_group_id": null, "direction": "egress", "remote_ip_prefix": null, "protocol": null, "ethertype": "IPv4", "tenant_id": "ead4e80f2bbb47ea8981b9e0f5e7a1a6", "port_range_max": null, "port_range_min": null, "id": "7b8491b9-9dda-485e-a499-8da81afaac4f", "security_group_id": "4d60fcdc-4b9c-4d6f-804a-069317a24f7e"}, {"remote_group_id": null, "direction": "egress", "remote_ip_prefix": null, "protocol": null, "ethertype": "IPv6", "tenant_id": "ead4e80f2bbb47ea8981b9e0f5e7a1a6", "port_range_max": null, "port_range_min": null, "id": "62f05ff8-91c8-4a9a-9cf2-da02c3df0a98", "security_group_id": "4d60fcdc-4b9c-4d6f-804a-069317a24f7e"}], "name": "tempest-secgroup-smoke-1454392893"}}
2015-12-18 11:15:07,666 21513 INFO     [tempest_lib.common.rest_client] Request (TestGettingAddress:setUp): 201 POST http://10.0.2.15:9696/v2.0/security-group-rules 0.224s
2015-12-18 11:15:07,666 21513 DEBUG    [tempest_lib.common.rest_client] Request - Headers: {'Content-Type': 'application/json', 'Accept': 'application/json', 'X-Auth-Token': '&lt;omitted&gt;'}
        Body: {"security_group_rule": {"direction": "ingress", "protocol": "tcp", "tenant_id": "ead4e80f2bbb47ea8981b9e0f5e7a1a6", "port_range_max": 22, "security_group_id": "4d60fcdc-4b9c-4d6f-804a-069317a24f7e", "port_range_min": 22}}
    Response - Headers: {'status': '201', 'content-length': '340', 'connection': 'close', 'date': 'Fri, 18 Dec 2015 11:15:07 GMT', 'content-type': 'application/json; charset=UTF-8', 'x-openstack-request-id': 'req-e3b8eccd-30cc-4328-9681-22c345bf0ec2'}
        Body: {"security_group_rule": {"remote_group_id": null, "direction": "ingress", "remote_ip_prefix": null, "protocol": "tcp", "ethertype": "IPv4", "tenant_id": "ead4e80f2bbb47ea8981b9e0f5e7a1a6", "port_range_max": 22, "port_range_min": 22, "id": "80a96c99-13c8-40d9-aebd-3100a06c5312", "security_group_id": "4d60fcdc-4b9c-4d6f-804a-069317a24f7e"}}
2015-12-18 11:15:07,785 21513 INFO     [tempest_lib.common.rest_client] Request (TestGettingAddress:setUp): 201 POST http://10.0.2.15:9696/v2.0/security-group-rules 0.118s
2015-12-18 11:15:07,786 21513 DEBUG    [tempest_lib.common.rest_client] Request - Headers: {'Content-Type': 'application/json', 'Accept': 'application/json', 'X-Auth-Token': '&lt;omitted&gt;'}
        Body: {"security_group_rule": {"direction": "egress", "protocol": "tcp", "tenant_id": "ead4e80f2bbb47ea8981b9e0f5e7a1a6", "port_range_max": 22, "security_group_id": "4d60fcdc-4b9c-4d6f-804a-069317a24f7e", "port_range_min": 22}}
    Response - Headers: {'status': '201', 'content-length': '339', 'connection': 'close', 'date': 'Fri, 18 Dec 2015 11:15:07 GMT', 'content-type': 'application/json; charset=UTF-8', 'x-openstack-request-id': 'req-4559c850-829a-4473-a85f-a67e3cee8895'}
        Body: {"security_group_rule": {"remote_group_id": null, "direction": "egress", "remote_ip_prefix": null, "protocol": "tcp", "ethertype": "IPv4", "tenant_id": "ead4e80f2bbb47ea8981b9e0f5e7a1a6", "port_range_max": 22, "port_range_min": 22, "id": "6233e011-9304-43e6-85db-92eb3b9bb34b", "security_group_id": "4d60fcdc-4b9c-4d6f-804a-069317a24f7e"}}
2015-12-18 11:15:07,911 21513 INFO     [tempest_lib.common.rest_client] Request (TestGettingAddress:setUp): 201 POST http://10.0.2.15:9696/v2.0/security-group-rules 0.123s
2015-12-18 11:15:07,911 21513 DEBUG    [tempest_lib.common.rest_client] Request - Headers: {'Content-Type': 'application/json', 'Accept': 'application/json', 'X-Auth-Token': '&lt;omitted&gt;'}
        Body: {"security_group_rule": {"tenant_id": "ead4e80f2bbb47ea8981b9e0f5e7a1a6", "direction": "ingress", "protocol": "icmp", "security_group_id": "4d60fcdc-4b9c-4d6f-804a-069317a24f7e"}}
    Response - Headers: {'status': '201', 'content-length': '345', 'connection': 'close', 'date': 'Fri, 18 Dec 2015 11:15:07 GMT', 'content-type': 'application/json; charset=UTF-8', 'x-openstack-request-id': 'req-5577f02b-b074-43cc-9d47-3496c7312537'}
        Body: {"security_group_rule": {"remote_group_id": null, "direction": "ingress", "remote_ip_prefix": null, "protocol": "icmp", "ethertype": "IPv4", "tenant_id": "ead4e80f2bbb47ea8981b9e0f5e7a1a6", "port_range_max": null, "port_range_min": null, "id": "fc094ec9-f959-4f8f-ac79-c80df4b717d5", "security_group_id": "4d60fcdc-4b9c-4d6f-804a-069317a24f7e"}}
2015-12-18 11:15:08,038 21513 INFO     [tempest_lib.common.rest_client] Request (TestGettingAddress:setUp): 201 POST http://10.0.2.15:9696/v2.0/security-group-rules 0.125s
2015-12-18 11:15:08,039 21513 DEBUG    [tempest_lib.common.rest_client] Request - Headers: {'Content-Type': 'application/json', 'Accept': 'application/json', 'X-Auth-Token': '&lt;omitted&gt;'}
        Body: {"security_group_rule": {"tenant_id": "ead4e80f2bbb47ea8981b9e0f5e7a1a6", "direction": "egress", "protocol": "icmp", "security_group_id": "4d60fcdc-4b9c-4d6f-804a-069317a24f7e"}}
    Response - Headers: {'status': '201', 'content-length': '344', 'connection': 'close', 'date': 'Fri, 18 Dec 2015 11:15:08 GMT', 'content-type': 'application/json; charset=UTF-8', 'x-openstack-request-id': 'req-70d436bc-5dcb-44d3-93cb-529a6676e444'}
        Body: {"security_group_rule": {"remote_group_id": null, "direction": "egress", "remote_ip_prefix": null, "protocol": "icmp", "ethertype": "IPv4", "tenant_id": "ead4e80f2bbb47ea8981b9e0f5e7a1a6", "port_range_max": null, "port_range_min": null, "id": "99f85597-a721-45e4-8555-f35ad27de425", "security_group_id": "4d60fcdc-4b9c-4d6f-804a-069317a24f7e"}}
2015-12-18 11:15:08,162 21513 INFO     [tempest_lib.common.rest_client] Request (TestGettingAddress:setUp): 201 POST http://10.0.2.15:9696/v2.0/security-group-rules 0.122s
2015-12-18 11:15:08,162 21513 DEBUG    [tempest_lib.common.rest_client] Request - Headers: {'Content-Type': 'application/json', 'Accept': 'application/json', 'X-Auth-Token': '&lt;omitted&gt;'}
        Body: {"security_group_rule": {"tenant_id": "ead4e80f2bbb47ea8981b9e0f5e7a1a6", "direction": "ingress", "security_group_id": "4d60fcdc-4b9c-4d6f-804a-069317a24f7e", "protocol": "icmp", "ethertype": "IPv6"}}
    Response - Headers: {'status': '201', 'content-length': '345', 'connection': 'close', 'date': 'Fri, 18 Dec 2015 11:15:08 GMT', 'content-type': 'application/json; charset=UTF-8', 'x-openstack-request-id': 'req-b23e2f5c-85b3-477a-85cb-63201757f8d2'}
        Body: {"security_group_rule": {"remote_group_id": null, "direction": "ingress", "remote_ip_prefix": null, "protocol": "icmp", "ethertype": "IPv6", "tenant_id": "ead4e80f2bbb47ea8981b9e0f5e7a1a6", "port_range_max": null, "port_range_min": null, "id": "0ef1565e-72a5-4d47-9743-a190e3b94d0d", "security_group_id": "4d60fcdc-4b9c-4d6f-804a-069317a24f7e"}}
2015-12-18 11:15:08,276 21513 INFO     [tempest_lib.common.rest_client] Request (TestGettingAddress:setUp): 201 POST http://10.0.2.15:9696/v2.0/security-group-rules 0.112s
2015-12-18 11:15:08,277 21513 DEBUG    [tempest_lib.common.rest_client] Request - Headers: {'Content-Type': 'application/json', 'Accept': 'application/json', 'X-Auth-Token': '&lt;omitted&gt;'}
        Body: {"security_group_rule": {"tenant_id": "ead4e80f2bbb47ea8981b9e0f5e7a1a6", "direction": "egress", "security_group_id": "4d60fcdc-4b9c-4d6f-804a-069317a24f7e", "protocol": "icmp", "ethertype": "IPv6"}}
    Response - Headers: {'status': '201', 'content-length': '344', 'connection': 'close', 'date': 'Fri, 18 Dec 2015 11:15:08 GMT', 'content-type': 'application/json; charset=UTF-8', 'x-openstack-request-id': 'req-c6599d8e-2699-4398-93c4-6335bbf22f69'}
        Body: {"security_group_rule": {"remote_group_id": null, "direction": "egress", "remote_ip_prefix": null, "protocol": "icmp", "ethertype": "IPv6", "tenant_id": "ead4e80f2bbb47ea8981b9e0f5e7a1a6", "port_range_max": null, "port_range_min": null, "id": "9609033e-2c60-4738-a7c2-ffc06a921e2b", "security_group_id": "4d60fcdc-4b9c-4d6f-804a-069317a24f7e"}}
2015-12-18 11:15:08,471 21513 INFO     [tempest_lib.common.rest_client] Request (TestGettingAddress:test_dhcp6_stateless_from_os): 201 POST http://10.0.2.15:9696/v2.0/networks 0.192s
2015-12-18 11:15:08,471 21513 DEBUG    [tempest_lib.common.rest_client] Request - Headers: {'Content-Type': 'application/json', 'Accept': 'application/json', 'X-Auth-Token': '&lt;omitted&gt;'}
        Body: {"network": {"tenant_id": "ead4e80f2bbb47ea8981b9e0f5e7a1a6", "name": "tempest-network-smoke--535397038"}}
    Response - Headers: {'status': '201', 'content-length': '328', 'connection': 'close', 'date': 'Fri, 18 Dec 2015 11:15:08 GMT', 'content-type': 'application/json; charset=UTF-8', 'x-openstack-request-id': 'req-ebc06f8d-9768-47a6-8667-55ee208a4d46'}
        Body: {"network": {"status": "ACTIVE", "subnets": [], "availability_zone_hints": "[]", "name": "tempest-network-smoke--535397038", "admin_state_up": true, "tenant_id": "ead4e80f2bbb47ea8981b9e0f5e7a1a6", "mtu": 0, "router:external": false, "shared": false, "port_security_enabled": true, "id": "d5d8156c-4d0d-4716-9604-2227a9c6b8c6"}}
2015-12-18 11:15:08,647 21513 INFO     [tempest_lib.common.rest_client] Request (TestGettingAddress:test_dhcp6_stateless_from_os): 200 GET http://10.0.2.15:9696/v2.0/subnets?tenant_id=ead4e80f2bbb47ea8981b9e0f5e7a1a6&amp;cidr=10.100.0.0%2F28 0.174s
2015-12-18 11:15:08,648 21513 DEBUG    [tempest_lib.common.rest_client] Request - Headers: {'Content-Type': 'application/json', 'Accept': 'application/json', 'X-Auth-Token': '&lt;omitted&gt;'}
        Body: None
    Response - Headers: {'status': '200', 'content-length': '15', 'content-location': 'http://10.0.2.15:9696/v2.0/subnets?tenant_id=ead4e80f2bbb47ea8981b9e0f5e7a1a6&amp;cidr=10.100.0.0%2F28', 'connection': 'close', 'date': 'Fri, 18 Dec 2015 11:15:08 GMT', 'content-type': 'application/json; charset=UTF-8', 'x-openstack-request-id': 'req-f91bd773-c503-462b-959d-85a4339a865d'}
        Body: {"subnets": []}
2015-12-18 11:15:08,981 21513 INFO     [tempest_lib.common.rest_client] Request (TestGettingAddress:test_dhcp6_stateless_from_os): 201 POST http://10.0.2.15:9696/v2.0/subnets 0.332s
2015-12-18 11:15:08,982 21513 DEBUG    [tempest_lib.common.rest_client] Request - Headers: {'Content-Type': 'application/json', 'Accept': 'application/json', 'X-Auth-Token': '&lt;omitted&gt;'}
        Body: {"subnet": {"ip_version": 4, "tenant_id": "ead4e80f2bbb47ea8981b9e0f5e7a1a6", "cidr": "10.100.0.0/28", "network_id": "d5d8156c-4d0d-4716-9604-2227a9c6b8c6", "name": "tempest-sub4-1101889714"}}
    Response - Headers: {'status': '201', 'content-length': '470', 'connection': 'close', 'date': 'Fri, 18 Dec 2015 11:15:08 GMT', 'content-type': 'application/json; charset=UTF-8', 'x-openstack-request-id': 'req-cc4829b8-188b-4d80-b471-ac1958c12ce2'}
        Body: {"subnet": {"name": "tempest-sub4-1101889714", "enable_dhcp": true, "network_id": "d5d8156c-4d0d-4716-9604-2227a9c6b8c6", "tenant_id": "ead4e80f2bbb47ea8981b9e0f5e7a1a6", "dns_nameservers": [], "gateway_ip": "10.100.0.1", "ipv6_ra_mode": null, "allocation_pools": [{"start": "10.100.0.2", "end": "10.100.0.14"}], "host_routes": [], "ip_version": 4, "ipv6_address_mode": null, "cidr": "10.100.0.0/28", "id": "5ef818d4-9cdf-4da3-a370-4ce1b9a667c4", "subnetpool_id": null}}
2015-12-18 11:15:09,063 21513 INFO     [tempest_lib.common.rest_client] Request (TestGettingAddress:test_dhcp6_stateless_from_os): 201 POST http://10.0.2.15:9696/v2.0/routers 0.079s
2015-12-18 11:15:09,063 21513 DEBUG    [tempest_lib.common.rest_client] Request - Headers: {'Content-Type': 'application/json', 'Accept': 'application/json', 'X-Auth-Token': '&lt;omitted&gt;'}
        Body: {"router": {"tenant_id": "ead4e80f2bbb47ea8981b9e0f5e7a1a6", "name": "tempest-router-smoke-646745228", "admin_state_up": true}}
    Response - Headers: {'status': '201', 'content-length': '295', 'connection': 'close', 'date': 'Fri, 18 Dec 2015 11:15:09 GMT', 'content-type': 'application/json; charset=UTF-8', 'x-openstack-request-id': 'req-33eab1a9-1555-4047-a44e-4c112cf3fe69'}
        Body: {"router": {"status": "ACTIVE", "external_gateway_info": null, "availability_zone_hints": [], "availability_zones": [], "name": "tempest-router-smoke-646745228", "admin_state_up": true, "tenant_id": "ead4e80f2bbb47ea8981b9e0f5e7a1a6", "routes": [], "id": "8b07f3d5-4841-41ec-a1a0-b04fc9facabf"}}
2015-12-18 11:15:09,112 21513 INFO     [tempest_lib.common.rest_client] Request (TestGettingAddress:test_dhcp6_stateless_from_os): 200 GET http://10.0.2.15:9696/v2.0/routers/8b07f3d5-4841-41ec-a1a0-b04fc9facabf 0.049s
2015-12-18 11:15:09,113 21513 DEBUG    [tempest_lib.common.rest_client] Request - Headers: {'Content-Type': 'application/json', 'Accept': 'application/json', 'X-Auth-Token': '&lt;omitted&gt;'}
        Body: None
    Response - Headers: {'status': '200', 'content-length': '295', 'content-location': 'http://10.0.2.15:9696/v2.0/routers/8b07f3d5-4841-41ec-a1a0-b04fc9facabf', 'connection': 'close', 'date': 'Fri, 18 Dec 2015 11:15:09 GMT', 'content-type': 'application/json; charset=UTF-8', 'x-openstack-request-id': 'req-bcc49226-d049-482f-a825-0310747f7e1d'}
        Body: {"router": {"status": "ACTIVE", "external_gateway_info": null, "availability_zone_hints": [], "availability_zones": [], "name": "tempest-router-smoke-646745228", "admin_state_up": true, "tenant_id": "ead4e80f2bbb47ea8981b9e0f5e7a1a6", "routes": [], "id": "8b07f3d5-4841-41ec-a1a0-b04fc9facabf"}}
2015-12-18 11:15:09,836 21513 INFO     [tempest_lib.common.rest_client] Request (TestGettingAddress:test_dhcp6_stateless_from_os): 200 PUT http://10.0.2.15:9696/v2.0/routers/8b07f3d5-4841-41ec-a1a0-b04fc9facabf 0.723s
2015-12-18 11:15:09,837 21513 DEBUG    [tempest_lib.common.rest_client] Request - Headers: {'Content-Type': 'application/json', 'Accept': 'application/json', 'X-Auth-Token': '&lt;omitted&gt;'}
        Body: {"router": {"external_gateway_info": {"network_id": "51adb896-c43c-458e-8c32-5a3870ecf878"}, "name": "tempest-router-smoke-646745228", "admin_state_up": true}}
    Response - Headers: {'status': '200', 'content-length': '557', 'connection': 'close', 'date': 'Fri, 18 Dec 2015 11:15:09 GMT', 'content-type': 'application/json; charset=UTF-8', 'x-openstack-request-id': 'req-f15224a8-43c6-4bc8-b8e5-fc51ac4a5393'}
        Body: {"router": {"status": "ACTIVE", "external_gateway_info": {"network_id": "51adb896-c43c-458e-8c32-5a3870ecf878", "enable_snat": true, "external_fixed_ips": [{"subnet_id": "d891ae98-0214-4a26-8f6c-539a337d7337", "ip_address": "172.24.4.3"}, {"subnet_id": "2be810a7-ca8c-474d-bdc9-619d8fff40f4", "ip_address": "2001:db8::4"}]}, "availability_zone_hints": [], "availability_zones": [], "name": "tempest-router-smoke-646745228", "admin_state_up": true, "tenant_id": "ead4e80f2bbb47ea8981b9e0f5e7a1a6", "routes": [], "id": "8b07f3d5-4841-41ec-a1a0-b04fc9facabf"}}
2015-12-18 11:15:10,448 21513 INFO     [tempest_lib.common.rest_client] Request (TestGettingAddress:test_dhcp6_stateless_from_os): 200 PUT http://10.0.2.15:9696/v2.0/routers/8b07f3d5-4841-41ec-a1a0-b04fc9facabf/add_router_interface 0.610s
2015-12-18 11:15:10,448 21513 DEBUG    [tempest_lib.common.rest_client] Request - Headers: {'Content-Type': 'application/json', 'Accept': 'application/json', 'X-Auth-Token': '&lt;omitted&gt;'}
        Body: {"subnet_id": "5ef818d4-9cdf-4da3-a370-4ce1b9a667c4"}
    Response - Headers: {'status': '200', 'content-length': '255', 'connection': 'close', 'date': 'Fri, 18 Dec 2015 11:15:10 GMT', 'content-type': 'application/json; charset=UTF-8', 'x-openstack-request-id': 'req-bc25a0e7-367f-448f-b75c-9ff061ec82b3'}
        Body: {"subnet_id": "5ef818d4-9cdf-4da3-a370-4ce1b9a667c4", "tenant_id": "ead4e80f2bbb47ea8981b9e0f5e7a1a6", "subnet_ids": ["5ef818d4-9cdf-4da3-a370-4ce1b9a667c4"], "port_id": "fae1f0c2-be25-4bf8-abc4-166c387d2d0e", "id": "8b07f3d5-4841-41ec-a1a0-b04fc9facabf"}
2015-12-18 11:15:10,629 21513 INFO     [tempest_lib.common.rest_client] Request (TestGettingAddress:test_dhcp6_stateless_from_os): 200 GET http://10.0.2.15:9696/v2.0/subnets?tenant_id=ead4e80f2bbb47ea8981b9e0f5e7a1a6&amp;cidr=2003%3A%3A%2F64 0.179s
2015-12-18 11:15:10,630 21513 DEBUG    [tempest_lib.common.rest_client] Request - Headers: {'Content-Type': 'application/json', 'Accept': 'application/json', 'X-Auth-Token': '&lt;omitted&gt;'}
        Body: None
    Response - Headers: {'status': '200', 'content-length': '15', 'content-location': 'http://10.0.2.15:9696/v2.0/subnets?tenant_id=ead4e80f2bbb47ea8981b9e0f5e7a1a6&amp;cidr=2003%3A%3A%2F64', 'connection': 'close', 'date': 'Fri, 18 Dec 2015 11:15:10 GMT', 'content-type': 'application/json; charset=UTF-8', 'x-openstack-request-id': 'req-4f5ad998-d4dc-45a2-812f-9ebd752fc285'}
        Body: {"subnets": []}
2015-12-18 11:15:10,998 21513 INFO     [tempest_lib.common.rest_client] Request (TestGettingAddress:test_dhcp6_stateless_from_os): 201 POST http://10.0.2.15:9696/v2.0/subnets 0.366s
2015-12-18 11:15:10,999 21513 DEBUG    [tempest_lib.common.rest_client] Request - Headers: {'Content-Type': 'application/json', 'Accept': 'application/json', 'X-Auth-Token': '&lt;omitted&gt;'}
        Body: {"subnet": {"name": "tempest-sub6-1454775342", "network_id": "d5d8156c-4d0d-4716-9604-2227a9c6b8c6", "tenant_id": "ead4e80f2bbb47ea8981b9e0f5e7a1a6", "ipv6_ra_mode": "dhcpv6-stateless", "ip_version": 6, "ipv6_address_mode": "dhcpv6-stateless", "cidr": "2003::/64"}}
    Response - Headers: {'status': '201', 'content-length': '502', 'connection': 'close', 'date': 'Fri, 18 Dec 2015 11:15:10 GMT', 'content-type': 'application/json; charset=UTF-8', 'x-openstack-request-id': 'req-1a4a908d-6085-41fa-9373-2667dde04a35'}
        Body: {"subnet": {"name": "tempest-sub6-1454775342", "enable_dhcp": true, "network_id": "d5d8156c-4d0d-4716-9604-2227a9c6b8c6", "tenant_id": "ead4e80f2bbb47ea8981b9e0f5e7a1a6", "dns_nameservers": [], "gateway_ip": "2003::1", "ipv6_ra_mode": "dhcpv6-stateless", "allocation_pools": [{"start": "2003::2", "end": "2003::ffff:ffff:ffff:ffff"}], "host_routes": [], "ip_version": 6, "ipv6_address_mode": "dhcpv6-stateless", "cidr": "2003::/64", "id": "44173cf9-2356-4944-8476-43243f61bcf2", "subnetpool_id": null}}
2015-12-18 11:15:11,714 21513 INFO     [tempest_lib.common.rest_client] Request (TestGettingAddress:test_dhcp6_stateless_from_os): 200 PUT http://10.0.2.15:9696/v2.0/routers/8b07f3d5-4841-41ec-a1a0-b04fc9facabf/add_router_interface 0.713s
2015-12-18 11:15:11,714 21513 DEBUG    [tempest_lib.common.rest_client] Request - Headers: {'Content-Type': 'application/json', 'Accept': 'application/json', 'X-Auth-Token': '&lt;omitted&gt;'}
        Body: {"subnet_id": "44173cf9-2356-4944-8476-43243f61bcf2"}
    Response - Headers: {'status': '200', 'content-length': '255', 'connection': 'close', 'date': 'Fri, 18 Dec 2015 11:15:11 GMT', 'content-type': 'application/json; charset=UTF-8', 'x-openstack-request-id': 'req-a2d3eee9-d320-44cd-957b-abb63ac5ea47'}
        Body: {"subnet_id": "44173cf9-2356-4944-8476-43243f61bcf2", "tenant_id": "ead4e80f2bbb47ea8981b9e0f5e7a1a6", "subnet_ids": ["44173cf9-2356-4944-8476-43243f61bcf2"], "port_id": "5105aadc-e9b8-4576-8a1c-d05cde11aeda", "id": "8b07f3d5-4841-41ec-a1a0-b04fc9facabf"}
2015-12-18 11:15:11,824 21513 INFO     [tempest_lib.common.rest_client] Request (TestGettingAddress:test_dhcp6_stateless_from_os): 200 POST http://10.0.2.15:5000/v2.0/tokens
2015-12-18 11:15:11,824 21513 DEBUG    [tempest_lib.common.rest_client] Request - Headers: {'Content-Type': 'application/json', 'Accept': 'application/json'}
        Body: &lt;omitted&gt;
    Response - Headers: {'status': '200', 'content-length': '2524', 'vary': 'X-Auth-Token', 'server': 'Apache/2.4.7 (Ubuntu)', 'connection': 'close', 'date': 'Fri, 18 Dec 2015 11:15:11 GMT', 'content-type': 'application/json', 'x-openstack-request-id': 'req-5e6bd492-13c5-4199-a9f7-9466eb37c6e8'}
        Body: {"access": {"token": {"issued_at": "2015-12-18T11:15:11.810946", "expires": "2015-12-18T12:15:11Z", "id": "14c3a085ba7e4617867096c66e45e620", "tenant": {"description": "tempest-TestGettingAddress-374614321-desc", "enabled": true, "id": "ead4e80f2bbb47ea8981b9e0f5e7a1a6", "name": "tempest-TestGettingAddress-374614321"}, "audit_ids": ["bTif2Qb1QSSmE0uYgZRENA"]}, "serviceCatalog": [{"endpoints": [{"adminURL": "http://10.0.2.15:8774/v2.1/ead4e80f2bbb47ea8981b9e0f5e7a1a6", "region": "RegionOne", "internalURL": "http://10.0.2.15:8774/v2.1/ead4e80f2bbb47ea8981b9e0f5e7a1a6", "id": "01b429e8b1864f9994c754c2e4744ede", "publicURL": "http://10.0.2.15:8774/v2.1/ead4e80f2bbb47ea8981b9e0f5e7a1a6"}], "endpoints_links": [], "type": "compute", "name": "nova"}, {"endpoints": [{"adminURL": "http://10.0.2.15:9696/", "region": "RegionOne", "internalURL": "http://10.0.2.15:9696/", "id": "a7c622c5e23a4b42928b4bda823cd664", "publicURL": "http://10.0.2.15:9696/"}], "endpoints_links": [], "type": "network", "name": "neutron"}, {"endpoints": [{"adminURL": "http://10.0.2.15:9292", "region": "RegionOne", "internalURL": "http://10.0.2.15:9292", "id": "00ac198f58a140d4addd90147345fafd", "publicURL": "http://10.0.2.15:9292"}], "endpoints_links": [], "type": "image", "name": "glance"}, {"endpoints": [{"adminURL": "http://10.0.2.15:8774/v2/ead4e80f2bbb47ea8981b9e0f5e7a1a6", "region": "RegionOne", "internalURL": "http://10.0.2.15:8774/v2/ead4e80f2bbb47ea8981b9e0f5e7a1a6", "id": "0de66b4e41104eb2b1ce7c295a4f8d74", "publicURL": "http://10.0.2.15:8774/v2/ead4e80f2bbb47ea8981b9e0f5e7a1a6"}], "endpoints_links": [], "type": "compute_legacy", "name": "nova_legacy"}, {"endpoints": [{"adminURL": "http://10.0.2.15:8773/", "region": "RegionOne", "internalURL": "http://10.0.2.15:8773/", "id": "6c9901b10db646c189907382f4931ae0", "publicURL": "http://10.0.2.15:8773/"}], "endpoints_links": [], "type": "ec2", "name": "ec2"}, {"endpoints": [{"adminURL": "http://10.0.2.15:35357/v2.0", "region": "RegionOne", "internalURL": "http://10.0.2.15:5000/v2.0", "id": "096ce1cd24364bfaabb654bc87bb5013", "publicURL": "http://10.0.2.15:5000/v2.0"}], "endpoints_links": [], "type": "identity", "name": "keystone"}], "user": {"username": "tempest-TestGettingAddress-1834216832", "roles_links": [], "id": "b2e4eaae2bfe407fa677b2b938085275", "roles": [{"name": "Member"}, {"name": "_member_"}], "name": "tempest-TestGettingAddress-1834216832"}, "metadata": {"is_admin": 0, "roles": ["3c0dfdad94b9453ebf3d114b57d61106", "9fe2ff9ee4384b1894a90878d3e92bab"]}}}
2015-12-18 11:15:11,832 21513 DEBUG    [tempest.common.fixed_network] (TestGettingAddress:test_dhcp6_stateless_from_os) No valid network provided or created, defaulting to fixed_network_name
2015-12-18 11:15:12,122 21513 INFO     [tempest_lib.common.rest_client] Request (TestGettingAddress:test_dhcp6_stateless_from_os): 200 GET http://10.0.2.15:8774/v2.1/ead4e80f2bbb47ea8981b9e0f5e7a1a6/os-networks 0.289s
2015-12-18 11:15:12,122 21513 DEBUG    [tempest_lib.common.rest_client] Request - Headers: {'Content-Type': 'application/json', 'Accept': 'application/json', 'X-Auth-Token': '&lt;omitted&gt;'}
        Body: None
    Response - Headers: {'status': '200', 'content-length': '478', 'content-location': 'http://10.0.2.15:8774/v2.1/ead4e80f2bbb47ea8981b9e0f5e7a1a6/os-networks', 'x-compute-request-id': 'req-d08a7ada-69cf-4ff4-9a33-ac67558e274f', 'vary': 'X-OpenStack-Nova-API-Version', 'connection': 'close', 'x-openstack-nova-api-version': '2.1', 'date': 'Fri, 18 Dec 2015 11:15:12 GMT', 'content-type': 'application/json'}
        Body: {"networks": [{"cidr_v6": null, "dns2": null, "dns1": null, "gateway": null, "broadcast": null, "netmask": null, "gateway_v6": null, "cidr": null, "label": "public", "id": "51adb896-c43c-458e-8c32-5a3870ecf878", "netmask_v6": null}, {"cidr_v6": null, "dns2": null, "dns1": null, "gateway": null, "broadcast": null, "netmask": null, "gateway_v6": null, "cidr": null, "label": "tempest-network-smoke--535397038", "id": "d5d8156c-4d0d-4716-9604-2227a9c6b8c6", "netmask_v6": null}]}
2015-12-18 11:15:12,123 21513 WARNING  [tempest.common.fixed_network] (TestGettingAddress:test_dhcp6_stateless_from_os) Network with name: private not found
2015-12-18 11:15:12,124 21513 INFO     [tempest.common.fixed_network] (TestGettingAddress:test_dhcp6_stateless_from_os) Found network {} available for tenant
2015-12-18 11:15:13,223 21513 INFO     [tempest_lib.common.rest_client] Request (TestGettingAddress:test_dhcp6_stateless_from_os): 202 POST http://10.0.2.15:8774/v2.1/ead4e80f2bbb47ea8981b9e0f5e7a1a6/servers 1.099s
2015-12-18 11:15:13,223 21513 DEBUG    [tempest_lib.common.rest_client] Request - Headers: {'Content-Type': 'application/json', 'Accept': 'application/json', 'X-Auth-Token': '&lt;omitted&gt;'}
        Body: {"server": {"name": "tempest.common.compute-instance-767624241", "imageRef": "41e2d8bc-c543-4e44-a78e-a88e34ddb41b", "key_name": "tempest-TestGettingAddress-1909977799", "flavorRef": "42", "networks": [{"uuid": "d5d8156c-4d0d-4716-9604-2227a9c6b8c6"}], "security_groups": [{"name": "tempest-secgroup-smoke-1454392893"}]}}
    Response - Headers: {'status': '202', 'content-length': '462', 'x-compute-request-id': 'req-67a60ea8-8182-49cf-bc8c-2bebddbfb3e5', 'vary': 'X-OpenStack-Nova-API-Version', 'connection': 'close', 'location': 'http://10.0.2.15:8774/v2.1/ead4e80f2bbb47ea8981b9e0f5e7a1a6/servers/b90eb39c-08b2-4188-bb48-1687c73864ee', 'x-openstack-nova-api-version': '2.1', 'date': 'Fri, 18 Dec 2015 11:15:13 GMT', 'content-type': 'application/json'}
        Body: {"server": {"security_groups": [{"name": "tempest-secgroup-smoke-1454392893"}], "OS-DCF:diskConfig": "MANUAL", "id": "b90eb39c-08b2-4188-bb48-1687c73864ee", "links": [{"href": "http://10.0.2.15:8774/v2.1/ead4e80f2bbb47ea8981b9e0f5e7a1a6/servers/b90eb39c-08b2-4188-bb48-1687c73864ee", "rel": "self"}, {"href": "http://10.0.2.15:8774/ead4e80f2bbb47ea8981b9e0f5e7a1a6/servers/b90eb39c-08b2-4188-bb48-1687c73864ee", "rel": "bookmark"}], "adminPass": "zAvbsR4bhAtV"}}
2015-12-18 11:15:13,494 21513 INFO     [tempest_lib.common.rest_client] Request (TestGettingAddress:test_dhcp6_stateless_from_os): 200 GET http://10.0.2.15:8774/v2.1/ead4e80f2bbb47ea8981b9e0f5e7a1a6/servers/b90eb39c-08b2-4188-bb48-1687c73864ee 0.268s
2015-12-18 11:15:13,495 21513 DEBUG    [tempest_lib.common.rest_client] Request - Headers: {'Content-Type': 'application/json', 'Accept': 'application/json', 'X-Auth-Token': '&lt;omitted&gt;'}
        Body: None
    Response - Headers: {'status': '200', 'content-length': '1354', 'content-location': 'http://10.0.2.15:8774/v2.1/ead4e80f2bbb47ea8981b9e0f5e7a1a6/servers/b90eb39c-08b2-4188-bb48-1687c73864ee', 'x-compute-request-id': 'req-331440fb-4669-42c0-8cce-54f5a7db7ea2', 'vary': 'X-OpenStack-Nova-API-Version', 'connection': 'close', 'x-openstack-nova-api-version': '2.1', 'date': 'Fri, 18 Dec 2015 11:15:13 GMT', 'content-type': 'application/json'}
        Body: {"server": {"status": "BUILD", "updated": "2015-12-18T11:15:13Z", "hostId": "", "addresses": {}, "links": [{"href": "http://10.0.2.15:8774/v2.1/ead4e80f2bbb47ea8981b9e0f5e7a1a6/servers/b90eb39c-08b2-4188-bb48-1687c73864ee", "rel": "self"}, {"href": "http://10.0.2.15:8774/ead4e80f2bbb47ea8981b9e0f5e7a1a6/servers/b90eb39c-08b2-4188-bb48-1687c73864ee", "rel": "bookmark"}], "key_name": "tempest-TestGettingAddress-1909977799", "image": {"id": "41e2d8bc-c543-4e44-a78e-a88e34ddb41b", "links": [{"href": "http://10.0.2.15:8774/ead4e80f2bbb47ea8981b9e0f5e7a1a6/images/41e2d8bc-c543-4e44-a78e-a88e34ddb41b", "rel": "bookmark"}]}, "OS-EXT-STS:task_state": "scheduling", "OS-EXT-STS:vm_state": "building", "OS-SRV-USG:launched_at": null, "flavor": {"id": "42", "links": [{"href": "http://10.0.2.15:8774/ead4e80f2bbb47ea8981b9e0f5e7a1a6/flavors/42", "rel": "bookmark"}]}, "id": "b90eb39c-08b2-4188-bb48-1687c73864ee", "OS-SRV-USG:terminated_at": null, "OS-EXT-AZ:availability_zone": "", "user_id": "b2e4eaae2bfe407fa677b2b938085275", "name": "tempest.common.compute-instance-767624241", "created": "2015-12-18T11:15:13Z", "tenant_id": "ead4e80f2bbb47ea8981b9e0f5e7a1a6", "OS-DCF:diskConfig": "MANUAL", "os-extended-volumes:volumes_attached": [], "accessIPv4": "", "accessIPv6": "", "progress": 0, "OS-EXT-STS:power_state": 0, "config_drive": "", "metadata": {}}}
2015-12-18 11:15:15,008 21513 INFO     [tempest_lib.common.rest_client] Request (TestGettingAddress:test_dhcp6_stateless_from_os): 200 GET http://10.0.2.15:8774/v2.1/ead4e80f2bbb47ea8981b9e0f5e7a1a6/servers/b90eb39c-08b2-4188-bb48-1687c73864ee 0.503s
2015-12-18 11:15:15,008 21513 DEBUG    [tempest_lib.common.rest_client] Request - Headers: {'Content-Type': 'application/json', 'Accept': 'application/json', 'X-Auth-Token': '&lt;omitted&gt;'}
        Body: None
    Response - Headers: {'status': '200', 'content-length': '1480', 'content-location': 'http://10.0.2.15:8774/v2.1/ead4e80f2bbb47ea8981b9e0f5e7a1a6/servers/b90eb39c-08b2-4188-bb48-1687c73864ee', 'x-compute-request-id': 'req-f6d09831-57eb-42f1-a133-a857dbfb77d3', 'vary': 'X-OpenStack-Nova-API-Version', 'connection': 'close', 'x-openstack-nova-api-version': '2.1', 'date': 'Fri, 18 Dec 2015 11:15:15 GMT', 'content-type': 'application/json'}
        Body: {"server": {"status": "BUILD", "updated": "2015-12-18T11:15:14Z", "hostId": "5366e4ebeff5768eb16befa88bfcda65fc8eb640792639e4ea093761", "addresses": {}, "links": [{"href": "http://10.0.2.15:8774/v2.1/ead4e80f2bbb47ea8981b9e0f5e7a1a6/servers/b90eb39c-08b2-4188-bb48-1687c73864ee", "rel": "self"}, {"href": "http://10.0.2.15:8774/ead4e80f2bbb47ea8981b9e0f5e7a1a6/servers/b90eb39c-08b2-4188-bb48-1687c73864ee", "rel": "bookmark"}], "key_name": "tempest-TestGettingAddress-1909977799", "image": {"id": "41e2d8bc-c543-4e44-a78e-a88e34ddb41b", "links": [{"href": "http://10.0.2.15:8774/ead4e80f2bbb47ea8981b9e0f5e7a1a6/images/41e2d8bc-c543-4e44-a78e-a88e34ddb41b", "rel": "bookmark"}]}, "OS-EXT-STS:task_state": "spawning", "OS-EXT-STS:vm_state": "building", "OS-SRV-USG:launched_at": null, "flavor": {"id": "42", "links": [{"href": "http://10.0.2.15:8774/ead4e80f2bbb47ea8981b9e0f5e7a1a6/flavors/42", "rel": "bookmark"}]}, "id": "b90eb39c-08b2-4188-bb48-1687c73864ee", "security_groups": [{"name": "tempest-secgroup-smoke-1454392893"}], "OS-SRV-USG:terminated_at": null, "OS-EXT-AZ:availability_zone": "nova", "user_id": "b2e4eaae2bfe407fa677b2b938085275", "name": "tempest.common.compute-instance-767624241", "created": "2015-12-18T11:15:13Z", "tenant_id": "ead4e80f2bbb47ea8981b9e0f5e7a1a6", "OS-DCF:diskConfig": "MANUAL", "os-extended-volumes:volumes_attached": [], "accessIPv4": "", "accessIPv6": "", "progress": 0, "OS-EXT-STS:power_state": 0, "config_drive": "", "metadata": {}}}
2015-12-18 11:15:15,016 21513 INFO     [tempest.common.waiters] State transition "BUILD/scheduling" ==&gt; "BUILD/spawning" after 2 second wait
2015-12-18 11:15:16,229 21513 INFO     [tempest_lib.common.rest_client] Request (TestGettingAddress:test_dhcp6_stateless_from_os): 200 GET http://10.0.2.15:8774/v2.1/ead4e80f2bbb47ea8981b9e0f5e7a1a6/servers/b90eb39c-08b2-4188-bb48-1687c73864ee 0.211s
2015-12-18 11:15:16,229 21513 DEBUG    [tempest_lib.common.rest_client] Request - Headers: {'Content-Type': 'application/json', 'Accept': 'application/json', 'X-Auth-Token': '&lt;omitted&gt;'}
        Body: None
    Response - Headers: {'status': '200', 'content-length': '1480', 'content-location': 'http://10.0.2.15:8774/v2.1/ead4e80f2bbb47ea8981b9e0f5e7a1a6/servers/b90eb39c-08b2-4188-bb48-1687c73864ee', 'x-compute-request-id': 'req-d58b2e52-865e-4869-bc23-e036dc83b832', 'vary': 'X-OpenStack-Nova-API-Version', 'connection': 'close', 'x-openstack-nova-api-version': '2.1', 'date': 'Fri, 18 Dec 2015 11:15:16 GMT', 'content-type': 'application/json'}
        Body: {"server": {"status": "BUILD", "updated": "2015-12-18T11:15:14Z", "hostId": "5366e4ebeff5768eb16befa88bfcda65fc8eb640792639e4ea093761", "addresses": {}, "links": [{"href": "http://10.0.2.15:8774/v2.1/ead4e80f2bbb47ea8981b9e0f5e7a1a6/servers/b90eb39c-08b2-4188-bb48-1687c73864ee", "rel": "self"}, {"href": "http://10.0.2.15:8774/ead4e80f2bbb47ea8981b9e0f5e7a1a6/servers/b90eb39c-08b2-4188-bb48-1687c73864ee", "rel": "bookmark"}], "key_name": "tempest-TestGettingAddress-1909977799", "image": {"id": "41e2d8bc-c543-4e44-a78e-a88e34ddb41b", "links": [{"href": "http://10.0.2.15:8774/ead4e80f2bbb47ea8981b9e0f5e7a1a6/images/41e2d8bc-c543-4e44-a78e-a88e34ddb41b", "rel": "bookmark"}]}, "OS-EXT-STS:task_state": "spawning", "OS-EXT-STS:vm_state": "building", "OS-SRV-USG:launched_at": null, "flavor": {"id": "42", "links": [{"href": "http://10.0.2.15:8774/ead4e80f2bbb47ea8981b9e0f5e7a1a6/flavors/42", "rel": "bookmark"}]}, "id": "b90eb39c-08b2-4188-bb48-1687c73864ee", "security_groups": [{"name": "tempest-secgroup-smoke-1454392893"}], "OS-SRV-USG:terminated_at": null, "OS-EXT-AZ:availability_zone": "nova", "user_id": "b2e4eaae2bfe407fa677b2b938085275", "name": "tempest.common.compute-instance-767624241", "created": "2015-12-18T11:15:13Z", "tenant_id": "ead4e80f2bbb47ea8981b9e0f5e7a1a6", "OS-DCF:diskConfig": "MANUAL", "os-extended-volumes:volumes_attached": [], "accessIPv4": "", "accessIPv6": "", "progress": 0, "OS-EXT-STS:power_state": 0, "config_drive": "", "metadata": {}}}
2015-12-18 11:15:17,454 21513 INFO     [tempest_lib.common.rest_client] Request (TestGettingAddress:test_dhcp6_stateless_from_os): 200 GET http://10.0.2.15:8774/v2.1/ead4e80f2bbb47ea8981b9e0f5e7a1a6/servers/b90eb39c-08b2-4188-bb48-1687c73864ee 0.211s
2015-12-18 11:15:17,455 21513 DEBUG    [tempest_lib.common.rest_client] Request - Headers: {'Content-Type': 'application/json', 'Accept': 'application/json', 'X-Auth-Token': '&lt;omitted&gt;'}
        Body: None
    Response - Headers: {'status': '200', 'content-length': '1780', 'content-location': 'http://10.0.2.15:8774/v2.1/ead4e80f2bbb47ea8981b9e0f5e7a1a6/servers/b90eb39c-08b2-4188-bb48-1687c73864ee', 'x-compute-request-id': 'req-35ba9f77-ef8b-4f15-b0b4-f6922a915be5', 'vary': 'X-OpenStack-Nova-API-Version', 'connection': 'close', 'x-openstack-nova-api-version': '2.1', 'date': 'Fri, 18 Dec 2015 11:15:17 GMT', 'content-type': 'application/json'}
        Body: {"server": {"status": "ACTIVE", "updated": "2015-12-18T11:15:17Z", "hostId": "5366e4ebeff5768eb16befa88bfcda65fc8eb640792639e4ea093761", "addresses": {"tempest-network-smoke--535397038": [{"OS-EXT-IPS-MAC:mac_addr": "fa:16:3e:ba:2f:bd", "version": 4, "addr": "10.100.0.3", "OS-EXT-IPS:type": "fixed"}, {"OS-EXT-IPS-MAC:mac_addr": "fa:16:3e:ba:2f:bd", "version": 6, "addr": "2003::f816:3eff:feba:2fbd", "OS-EXT-IPS:type": "fixed"}]}, "links": [{"href": "http://10.0.2.15:8774/v2.1/ead4e80f2bbb47ea8981b9e0f5e7a1a6/servers/b90eb39c-08b2-4188-bb48-1687c73864ee", "rel": "self"}, {"href": "http://10.0.2.15:8774/ead4e80f2bbb47ea8981b9e0f5e7a1a6/servers/b90eb39c-08b2-4188-bb48-1687c73864ee", "rel": "bookmark"}], "key_name": "tempest-TestGettingAddress-1909977799", "image": {"id": "41e2d8bc-c543-4e44-a78e-a88e34ddb41b", "links": [{"href": "http://10.0.2.15:8774/ead4e80f2bbb47ea8981b9e0f5e7a1a6/images/41e2d8bc-c543-4e44-a78e-a88e34ddb41b", "rel": "bookmark"}]}, "OS-EXT-STS:task_state": null, "OS-EXT-STS:vm_state": "active", "OS-SRV-USG:launched_at": "2015-12-18T11:15:16.000000", "flavor": {"id": "42", "links": [{"href": "http://10.0.2.15:8774/ead4e80f2bbb47ea8981b9e0f5e7a1a6/flavors/42", "rel": "bookmark"}]}, "id": "b90eb39c-08b2-4188-bb48-1687c73864ee", "security_groups": [{"name": "tempest-secgroup-smoke-1454392893"}], "OS-SRV-USG:terminated_at": null, "OS-EXT-AZ:availability_zone": "nova", "user_id": "b2e4eaae2bfe407fa677b2b938085275", "name": "tempest.common.compute-instance-767624241", "created": "2015-12-18T11:15:13Z", "tenant_id": "ead4e80f2bbb47ea8981b9e0f5e7a1a6", "OS-DCF:diskConfig": "MANUAL", "os-extended-volumes:volumes_attached": [], "accessIPv4": "", "accessIPv6": "", "progress": 0, "OS-EXT-STS:power_state": 1, "config_drive": "True", "metadata": {}}}
2015-12-18 11:15:17,463 21513 INFO     [tempest.common.waiters] State transition "BUILD/spawning" ==&gt; "ACTIVE/None" after 4 second wait
2015-12-18 11:15:17,666 21513 INFO     [tempest_lib.common.rest_client] Request (TestGettingAddress:test_dhcp6_stateless_from_os): 200 GET http://10.0.2.15:8774/v2.1/ead4e80f2bbb47ea8981b9e0f5e7a1a6/servers/b90eb39c-08b2-4188-bb48-1687c73864ee 0.202s
2015-12-18 11:15:17,667 21513 DEBUG    [tempest_lib.common.rest_client] Request - Headers: {'Content-Type': 'application/json', 'Accept': 'application/json', 'X-Auth-Token': '&lt;omitted&gt;'}
        Body: None
    Response - Headers: {'status': '200', 'content-length': '1780', 'content-location': 'http://10.0.2.15:8774/v2.1/ead4e80f2bbb47ea8981b9e0f5e7a1a6/servers/b90eb39c-08b2-4188-bb48-1687c73864ee', 'x-compute-request-id': 'req-4029e2ef-a613-44a4-9471-9c3c59b0617d', 'vary': 'X-OpenStack-Nova-API-Version', 'connection': 'close', 'x-openstack-nova-api-version': '2.1', 'date': 'Fri, 18 Dec 2015 11:15:17 GMT', 'content-type': 'application/json'}
        Body: {"server": {"status": "ACTIVE", "updated": "2015-12-18T11:15:17Z", "hostId": "5366e4ebeff5768eb16befa88bfcda65fc8eb640792639e4ea093761", "addresses": {"tempest-network-smoke--535397038": [{"OS-EXT-IPS-MAC:mac_addr": "fa:16:3e:ba:2f:bd", "version": 4, "addr": "10.100.0.3", "OS-EXT-IPS:type": "fixed"}, {"OS-EXT-IPS-MAC:mac_addr": "fa:16:3e:ba:2f:bd", "version": 6, "addr": "2003::f816:3eff:feba:2fbd", "OS-EXT-IPS:type": "fixed"}]}, "links": [{"href": "http://10.0.2.15:8774/v2.1/ead4e80f2bbb47ea8981b9e0f5e7a1a6/servers/b90eb39c-08b2-4188-bb48-1687c73864ee", "rel": "self"}, {"href": "http://10.0.2.15:8774/ead4e80f2bbb47ea8981b9e0f5e7a1a6/servers/b90eb39c-08b2-4188-bb48-1687c73864ee", "rel": "bookmark"}], "key_name": "tempest-TestGettingAddress-1909977799", "image": {"id": "41e2d8bc-c543-4e44-a78e-a88e34ddb41b", "links": [{"href": "http://10.0.2.15:8774/ead4e80f2bbb47ea8981b9e0f5e7a1a6/images/41e2d8bc-c543-4e44-a78e-a88e34ddb41b", "rel": "bookmark"}]}, "OS-EXT-STS:task_state": null, "OS-EXT-STS:vm_state": "active", "OS-SRV-USG:launched_at": "2015-12-18T11:15:16.000000", "flavor": {"id": "42", "links": [{"href": "http://10.0.2.15:8774/ead4e80f2bbb47ea8981b9e0f5e7a1a6/flavors/42", "rel": "bookmark"}]}, "id": "b90eb39c-08b2-4188-bb48-1687c73864ee", "security_groups": [{"name": "tempest-secgroup-smoke-1454392893"}], "OS-SRV-USG:terminated_at": null, "OS-EXT-AZ:availability_zone": "nova", "user_id": "b2e4eaae2bfe407fa677b2b938085275", "name": "tempest.common.compute-instance-767624241", "created": "2015-12-18T11:15:13Z", "tenant_id": "ead4e80f2bbb47ea8981b9e0f5e7a1a6", "OS-DCF:diskConfig": "MANUAL", "os-extended-volumes:volumes_attached": [], "accessIPv4": "", "accessIPv6": "", "progress": 0, "OS-EXT-STS:power_state": 1, "config_drive": "True", "metadata": {}}}
2015-12-18 11:15:17,719 21513 INFO     [tempest_lib.common.rest_client] Request (TestGettingAddress:test_dhcp6_stateless_from_os): 200 GET http://10.0.2.15:9696/v2.0/ports?status=ACTIVE&amp;fixed_ip=None&amp;device_id=b90eb39c-08b2-4188-bb48-1687c73864ee 0.043s
2015-12-18 11:15:17,719 21513 DEBUG    [tempest_lib.common.rest_client] Request - Headers: {'Content-Type': 'application/json', 'Accept': 'application/json', 'X-Auth-Token': '&lt;omitted&gt;'}
        Body: None
    Response - Headers: {'status': '200', 'content-length': '1142', 'content-location': 'http://10.0.2.15:9696/v2.0/ports?status=ACTIVE&amp;fixed_ip=None&amp;device_id=b90eb39c-08b2-4188-bb48-1687c73864ee', 'connection': 'close', 'date': 'Fri, 18 Dec 2015 11:15:17 GMT', 'content-type': 'application/json; charset=UTF-8', 'x-openstack-request-id': 'req-2e3c0e49-0e7a-4e0b-aae6-d27541f3ca82'}
        Body: {"ports": [{"status": "ACTIVE", "binding:host_id": "vagrant-ubuntu-trusty-64", "allowed_address_pairs": [], "extra_dhcp_opts": [], "dns_assignment": [{"hostname": "host-10-100-0-3", "ip_address": "10.100.0.3", "fqdn": "host-10-100-0-3.openstacklocal."}, {"hostname": "host-2003--f816-3eff-feba-2fbd", "ip_address": "2003::f816:3eff:feba:2fbd", "fqdn": "host-2003--f816-3eff-feba-2fbd.openstacklocal."}], "device_owner": "compute:None", "port_security_enabled": true, "binding:profile": {}, "fixed_ips": [{"subnet_id": "5ef818d4-9cdf-4da3-a370-4ce1b9a667c4", "ip_address": "10.100.0.3"}, {"subnet_id": "44173cf9-2356-4944-8476-43243f61bcf2", "ip_address": "2003::f816:3eff:feba:2fbd"}], "id": "dae62516-64fa-4bab-b643-a856a85ca9d0", "security_groups": ["4d60fcdc-4b9c-4d6f-804a-069317a24f7e"], "device_id": "b90eb39c-08b2-4188-bb48-1687c73864ee", "name": "", "admin_state_up": true, "network_id": "d5d8156c-4d0d-4716-9604-2227a9c6b8c6", "dns_name": "", "binding:vif_details": {"port_filter": true}, "binding:vnic_type": "normal", "binding:vif_type": "ovs", "tenant_id": "ead4e80f2bbb47ea8981b9e0f5e7a1a6", "mac_address": "fa:16:3e:ba:2f:bd"}]}
2015-12-18 11:15:18,262 21513 INFO     [tempest_lib.common.rest_client] Request (TestGettingAddress:test_dhcp6_stateless_from_os): 201 POST http://10.0.2.15:9696/v2.0/floatingips 0.542s
2015-12-18 11:15:18,262 21513 DEBUG    [tempest_lib.common.rest_client] Request - Headers: {'Content-Type': 'application/json', 'Accept': 'application/json', 'X-Auth-Token': '&lt;omitted&gt;'}
        Body: {"floatingip": {"floating_network_id": "51adb896-c43c-458e-8c32-5a3870ecf878", "tenant_id": "ead4e80f2bbb47ea8981b9e0f5e7a1a6", "fixed_ip_address": "10.100.0.3", "port_id": "dae62516-64fa-4bab-b643-a856a85ca9d0"}}
    Response - Headers: {'status': '201', 'content-length': '367', 'connection': 'close', 'date': 'Fri, 18 Dec 2015 11:15:18 GMT', 'content-type': 'application/json; charset=UTF-8', 'x-openstack-request-id': 'req-21a2f4a8-726f-4a4e-a667-c5150e273b48'}
        Body: {"floatingip": {"floating_network_id": "51adb896-c43c-458e-8c32-5a3870ecf878", "router_id": "8b07f3d5-4841-41ec-a1a0-b04fc9facabf", "fixed_ip_address": "10.100.0.3", "floating_ip_address": "172.24.4.4", "tenant_id": "ead4e80f2bbb47ea8981b9e0f5e7a1a6", "status": "DOWN", "port_id": "dae62516-64fa-4bab-b643-a856a85ca9d0", "id": "63a29ca1-1460-4b78-8b42-3a93185c7abc"}}
2015-12-18 11:15:18,263 21513 INFO     [tempest_lib.common.ssh] Creating ssh connection to '172.24.4.4' as 'cirros' with public key authentication
2015-12-18 11:15:21,951 21513 WARNING  [tempest_lib.common.ssh] Failed to establish authenticated ssh connection to cirros@172.24.4.4 ([Errno None] Unable to connect to port 22 on  or 172.24.4.4). Number attempts: 1. Retry after 2 seconds.
2015-12-18 11:15:27,450 21513 WARNING  [tempest_lib.common.ssh] Failed to establish authenticated ssh connection to cirros@172.24.4.4 ([Errno None] Unable to connect to port 22 on  or 172.24.4.4). Number attempts: 2. Retry after 3 seconds.
2015-12-18 11:15:33,954 21513 WARNING  [tempest_lib.common.ssh] Failed to establish authenticated ssh connection to cirros@172.24.4.4 ([Errno None] Unable to connect to port 22 on  or 172.24.4.4). Number attempts: 3. Retry after 4 seconds.
2015-12-18 11:15:41,458 21513 WARNING  [tempest_lib.common.ssh] Failed to establish authenticated ssh connection to cirros@172.24.4.4 ([Errno None] Unable to connect to port 22 on  or 172.24.4.4). Number attempts: 4. Retry after 5 seconds.
2015-12-18 11:15:49,963 21513 WARNING  [tempest_lib.common.ssh] Failed to establish authenticated ssh connection to cirros@172.24.4.4 ([Errno None] Unable to connect to port 22 on  or 172.24.4.4). Number attempts: 5. Retry after 6 seconds.
2015-12-18 11:15:59,467 21513 WARNING  [tempest_lib.common.ssh] Failed to establish authenticated ssh connection to cirros@172.24.4.4 ([Errno None] Unable to connect to port 22 on  or 172.24.4.4). Number attempts: 6. Retry after 7 seconds.
2015-12-18 11:16:09,971 21513 WARNING  [tempest_lib.common.ssh] Failed to establish authenticated ssh connection to cirros@172.24.4.4 ([Errno None] Unable to connect to port 22 on  or 172.24.4.4). Number attempts: 7. Retry after 8 seconds.
2015-12-18 11:16:21,474 21513 WARNING  [tempest_lib.common.ssh] Failed to establish authenticated ssh connection to cirros@172.24.4.4 ([Errno None] Unable to connect to port 22 on  or 172.24.4.4). Number attempts: 8. Retry after 9 seconds.
2015-12-18 11:16:33,979 21513 WARNING  [tempest_lib.common.ssh] Failed to establish authenticated ssh connection to cirros@172.24.4.4 ([Errno None] Unable to connect to port 22 on  or 172.24.4.4). Number attempts: 9. Retry after 10 seconds.
2015-12-18 11:16:47,483 21513 WARNING  [tempest_lib.common.ssh] Failed to establish authenticated ssh connection to cirros@172.24.4.4 ([Errno None] Unable to connect to port 22 on  or 172.24.4.4). Number attempts: 10. Retry after 11 seconds.
2015-12-18 11:17:01,995 21513 WARNING  [tempest_lib.common.ssh] Failed to establish authenticated ssh connection to cirros@172.24.4.4 ([Errno None] Unable to connect to port 22 on  or 172.24.4.4). Number attempts: 11. Retry after 12 seconds.
2015-12-18 11:17:17,499 21513 WARNING  [tempest_lib.common.ssh] Failed to establish authenticated ssh connection to cirros@172.24.4.4 ([Errno None] Unable to connect to port 22 on  or 172.24.4.4). Number attempts: 12. Retry after 13 seconds.
2015-12-18 11:17:34,007 21513 WARNING  [tempest_lib.common.ssh] Failed to establish authenticated ssh connection to cirros@172.24.4.4 ([Errno None] Unable to connect to port 22 on  or 172.24.4.4). Number attempts: 13. Retry after 14 seconds.
2015-12-18 11:17:51,515 21513 WARNING  [tempest_lib.common.ssh] Failed to establish authenticated ssh connection to cirros@172.24.4.4 ([Errno None] Unable to connect to port 22 on  or 172.24.4.4). Number attempts: 14. Retry after 15 seconds.
2015-12-18 11:18:10,031 21513 WARNING  [tempest_lib.common.ssh] Failed to establish authenticated ssh connection to cirros@172.24.4.4 ([Errno None] Unable to connect to port 22 on  or 172.24.4.4). Number attempts: 15. Retry after 16 seconds.
2015-12-18 11:18:29,547 21513 WARNING  [tempest_lib.common.ssh] Failed to establish authenticated ssh connection to cirros@172.24.4.4 ([Errno None] Unable to connect to port 22 on  or 172.24.4.4). Number attempts: 16. Retry after 17 seconds.
2015-12-18 11:18:50,067 21513 WARNING  [tempest_lib.common.ssh] Failed to establish authenticated ssh connection to cirros@172.24.4.4 ([Errno None] Unable to connect to port 22 on  or 172.24.4.4). Number attempts: 17. Retry after 18 seconds.
2015-12-18 11:19:11,587 21513 WARNING  [tempest_lib.common.ssh] Failed to establish authenticated ssh connection to cirros@172.24.4.4 ([Errno None] Unable to connect to port 22 on  or 172.24.4.4). Number attempts: 18. Retry after 19 seconds.
2015-12-18 11:19:34,107 21513 WARNING  [tempest_lib.common.ssh] Failed to establish authenticated ssh connection to cirros@172.24.4.4 ([Errno None] Unable to connect to port 22 on  or 172.24.4.4). Number attempts: 19. Retry after 20 seconds.
2015-12-18 11:19:57,631 21513 WARNING  [tempest_lib.common.ssh] Failed to establish authenticated ssh connection to cirros@172.24.4.4 ([Errno None] Unable to connect to port 22 on  or 172.24.4.4). Number attempts: 20. Retry after 21 seconds.
2015-12-18 11:20:22,155 21513 ERROR    [tempest_lib.common.ssh] Failed to establish authenticated ssh connection to cirros@172.24.4.4 after 20 attempts
2015-12-18 11:20:22.155 21513 ERROR tempest_lib.common.ssh Traceback (most recent call last):
2015-12-18 11:20:22.155 21513 ERROR tempest_lib.common.ssh   File "/usr/local/lib/python2.7/dist-packages/tempest_lib/common/ssh.py", line 75, in _get_ssh_connection
2015-12-18 11:20:22.155 21513 ERROR tempest_lib.common.ssh     timeout=self.channel_timeout, pkey=self.pkey)
2015-12-18 11:20:22.155 21513 ERROR tempest_lib.common.ssh   File "/usr/local/lib/python2.7/dist-packages/paramiko/client.py", line 311, in connect
2015-12-18 11:20:22.155 21513 ERROR tempest_lib.common.ssh     raise NoValidConnectionsError(errors)
2015-12-18 11:20:22.155 21513 ERROR tempest_lib.common.ssh NoValidConnectionsError: [Errno None] Unable to connect to port 22 on  or 172.24.4.4
2015-12-18 11:20:22.155 21513 ERROR tempest_lib.common.ssh 
2015-12-18 11:20:22,156 21513 ERROR    [tempest.scenario.manager] (TestGettingAddress:test_dhcp6_stateless_from_os) Initializing SSH connection to 172.24.4.4 failed. Error: Connection to the 172.24.4.4 via SSH timed out.
User: cirros, Password: None
2015-12-18 11:20:22.156 21513 ERROR tempest.scenario.manager Traceback (most recent call last):
2015-12-18 11:20:22.156 21513 ERROR tempest.scenario.manager   File "tempest/scenario/manager.py", line 385, in get_remote_client
2015-12-18 11:20:22.156 21513 ERROR tempest.scenario.manager     linux_client.validate_authentication()
2015-12-18 11:20:22.156 21513 ERROR tempest.scenario.manager   File "tempest/common/utils/linux/remote_client.py", line 63, in validate_authentication
2015-12-18 11:20:22.156 21513 ERROR tempest.scenario.manager     self.ssh_client.test_connection_auth()
2015-12-18 11:20:22.156 21513 ERROR tempest.scenario.manager   File "/usr/local/lib/python2.7/dist-packages/tempest_lib/common/ssh.py", line 167, in test_connection_auth
2015-12-18 11:20:22.156 21513 ERROR tempest.scenario.manager     connection = self._get_ssh_connection()
2015-12-18 11:20:22.156 21513 ERROR tempest.scenario.manager   File "/usr/local/lib/python2.7/dist-packages/tempest_lib/common/ssh.py", line 87, in _get_ssh_connection
2015-12-18 11:20:22.156 21513 ERROR tempest.scenario.manager     password=self.password)
2015-12-18 11:20:22.156 21513 ERROR tempest.scenario.manager SSHTimeout: Connection to the 172.24.4.4 via SSH timed out.
2015-12-18 11:20:22.156 21513 ERROR tempest.scenario.manager User: cirros, Password: None
2015-12-18 11:20:22.156 21513 ERROR tempest.scenario.manager 
2015-12-18 11:20:22,357 21513 INFO     [tempest_lib.common.rest_client] Request (TestGettingAddress:test_dhcp6_stateless_from_os): 200 GET http://10.0.2.15:8774/v2.1/ead4e80f2bbb47ea8981b9e0f5e7a1a6/servers 0.198s
2015-12-18 11:20:22,357 21513 DEBUG    [tempest_lib.common.rest_client] Request - Headers: {'Content-Type': 'application/json', 'Accept': 'application/json', 'X-Auth-Token': '&lt;omitted&gt;'}
        Body: None
    Response - Headers: {'status': '200', 'content-length': '390', 'content-location': 'http://10.0.2.15:8774/v2.1/ead4e80f2bbb47ea8981b9e0f5e7a1a6/servers', 'x-compute-request-id': 'req-d90f939d-2810-4b08-82ed-7f015976622e', 'vary': 'X-OpenStack-Nova-API-Version', 'connection': 'close', 'x-openstack-nova-api-version': '2.1', 'date': 'Fri, 18 Dec 2015 11:20:22 GMT', 'content-type': 'application/json'}
        Body: {"servers": [{"id": "b90eb39c-08b2-4188-bb48-1687c73864ee", "links": [{"href": "http://10.0.2.15:8774/v2.1/ead4e80f2bbb47ea8981b9e0f5e7a1a6/servers/b90eb39c-08b2-4188-bb48-1687c73864ee", "rel": "self"}, {"href": "http://10.0.2.15:8774/ead4e80f2bbb47ea8981b9e0f5e7a1a6/servers/b90eb39c-08b2-4188-bb48-1687c73864ee", "rel": "bookmark"}], "name": "tempest.common.compute-instance-767624241"}]}
2015-12-18 11:20:22,573 21513 INFO     [tempest_lib.common.rest_client] Request (TestGettingAddress:test_dhcp6_stateless_from_os): 200 POST http://10.0.2.15:8774/v2.1/ead4e80f2bbb47ea8981b9e0f5e7a1a6/servers/b90eb39c-08b2-4188-bb48-1687c73864ee/action 0.210s
2015-12-18 11:20:22,573 21513 DEBUG    [tempest_lib.common.rest_client] Request - Headers: {'Content-Type': 'application/json', 'Accept': 'application/json', 'X-Auth-Token': '&lt;omitted&gt;'}
        Body: {"os-getConsoleOutput": {}}
    Response - Headers: {'status': '200', 'content-length': '24709', 'x-compute-request-id': 'req-741cb4d3-1ff2-42ed-9b17-4e7dd3ab9498', 'vary': 'X-OpenStack-Nova-API-Version', 'connection': 'close', 'x-openstack-nova-api-version': '2.1', 'date': 'Fri, 18 Dec 2015 11:20:22 GMT', 'content-type': 'application/json'}
        Body: {"output": "[    0.000000] Initializing cgroup subsys cpuset\n[    0.000000] Initializing cgroup subsys cpu\n[    0.000000] Linux version 3.2.0-80-virtual (buildd@batsu) (gcc version 4.6.3 (Ubuntu/Linaro 4.6.3-1ubuntu5) ) #116-Ubuntu SMP Mon Mar 23 17:28:52 UTC 2015 (Ubuntu 3.2.0-80.116-virtual 3.2.68)\n[    0.000000] Command line: root=/dev/vda console=tty0 console=ttyS0 no_timer_check\n[    0.000000] KERNEL supported cpus:\n[    0.000000]   Intel GenuineIntel\n[    0.000000]   AMD AuthenticAMD\n[    0.000000]   Centaur CentaurHauls\n[    0.000000] BIOS-provided physical RAM map:\n[    0.000000]  BIOS-e820: 0000000000000000 - 000000000009fc00 (usable)\n[    0.000000]  BIOS-e820: 000000000009fc00 - 00000000000a0000 (reserved)\n[    0.000000]  BIOS-e820: 00000000000f0000 - 0000000000100000 (reserved)\n[    0.000000]  BIOS-e820: 0000000000100000 - 0000000003ffe000 (usable)\n[    0.000000]  BIOS-e820: 0000000003ffe000 - 0000000004000000 (reserved)\n[    0.000000]  BIOS-e820: 00000000fffc0000 - 0000000100000000 (reserved)\n[    0.000000] NX (Execute Disable) protection: active\n[    0.000000] SMBIOS 2.4 present.\n[    0.000000] No AGP bridge found\n[    0.000000] last_pfn = 0x3ffe max_arch_pfn = 0x400000000\n[    0.000000] x86 PAT enabled: cpu 0, old 0x7040600070406, new 0x7010600070106\n[    0.000000] found SMP MP-table at [ffff8800000f0b00] f0b00\n[    0.000000] init_memory_mapping: 0000000000000000-0000000003ffe000\n[    0.000000] RAMDISK: 03c5e000 - 03ff0000\n[    0.000000] ACPI: RSDP 00000000000f0950 00014 (v00 BOCHS )\n[    0.000000] ACPI: RSDT 0000000003fffbc1 00034 (v01 BOCHS  BXPCRSDT 00000001 BXPC 00000001)\n[    0.000000] ACPI: FACP 0000000003fff1c0 00074 (v01 BOCHS  BXPCFACP 00000001 BXPC 00000001)\n[    0.000000] ACPI: DSDT 0000000003ffe040 01180 (v01 BOCHS  BXPCDSDT 00000001 BXPC 00000001)\n[    0.000000] ACPI: FACS 0000000003ffe000 00040\n[    0.000000] ACPI: SSDT 0000000003fff234 008DD (v01 BOCHS  BXPCSSDT 00000001 BXPC 00000001)\n[    0.000000] ACPI: APIC 0000000003fffb11 00078 (v01 BOCHS  BXPCAPIC 00000001 BXPC 00000001)\n[    0.000000] ACPI: HPET 0000000003fffb89 00038 (v01 BOCHS  BXPCHPET 00000001 BXPC 00000001)\n[    0.000000] No NUMA configuration found\n[    0.000000] Faking a node at 0000000000000000-0000000003ffe000\n[    0.000000] Initmem setup node 0 0000000000000000-0000000003ffe000\n[    0.000000]   NODE_DATA [0000000003ff6000 - 0000000003ffafff]\n[    0.000000] Zone PFN ranges:\n[    0.000000]   DMA      0x00000010 -&gt; 0x00001000\n[    0.000000]   DMA32    0x00001000 -&gt; 0x00100000\n[    0.000000]   Normal   empty\n[    0.000000] Movable zone start PFN for each node\n[    0.000000] early_node_map[2] active PFN ranges\n[    0.000000]     0: 0x00000010 -&gt; 0x0000009f\n[    0.000000]     0: 0x00000100 -&gt; 0x00003ffe\n[    0.000000] ACPI: PM-Timer IO Port: 0xb008\n[    0.000000] ACPI: LAPIC (acpi_id[0x00] lapic_id[0x00] enabled)\n[    0.000000] ACPI: LAPIC_NMI (acpi_id[0xff] dfl dfl lint[0x1])\n[    0.000000] ACPI: IOAPIC (id[0x00] address[0xfec00000] gsi_base[0])\n[    0.000000] IOAPIC[0]: apic_id 0, version 17, address 0xfec00000, GSI 0-23\n[    0.000000] ACPI: INT_SRC_OVR (bus 0 bus_irq 0 global_irq 2 dfl dfl)\n[    0.000000] ACPI: INT_SRC_OVR (bus 0 bus_irq 5 global_irq 5 high level)\n[    0.000000] ACPI: INT_SRC_OVR (bus 0 bus_irq 9 global_irq 9 high level)\n[    0.000000] ACPI: INT_SRC_OVR (bus 0 bus_irq 10 global_irq 10 high level)\n[    0.000000] ACPI: INT_SRC_OVR (bus 0 bus_irq 11 global_irq 11 high level)\n[    0.000000] Using ACPI (MADT) for SMP configuration information\n[    0.000000] ACPI: HPET id: 0x8086a201 base: 0xfed00000\n[    0.000000] SMP: Allowing 1 CPUs, 0 hotplug CPUs\n[    0.000000] PM: Registered nosave memory: 000000000009f000 - 00000000000a0000\n[    0.000000] PM: Registered nosave memory: 00000000000a0000 - 00000000000f0000\n[    0.000000] PM: Registered nosave memory: 00000000000f0000 - 0000000000100000\n[    0.000000] Allocating PCI resources starting at 4000000 (gap: 4000000:fbfc0000)\n[    0.000000] Booting paravirtualized kernel on bare hardware\n[    0.000000] setup_pe
2015-12-18 11:20:22,576 21513 DEBUG    [tempest.scenario.manager] Console output for b90eb39c-08b2-4188-bb48-1687c73864ee
body=
[    0.000000] Initializing cgroup subsys cpuset
[    0.000000] Initializing cgroup subsys cpu
[    0.000000] Linux version 3.2.0-80-virtual (buildd@batsu) (gcc version 4.6.3 (Ubuntu/Linaro 4.6.3-1ubuntu5) ) #116-Ubuntu SMP Mon Mar 23 17:28:52 UTC 2015 (Ubuntu 3.2.0-80.116-virtual 3.2.68)
[    0.000000] Command line: root=/dev/vda console=tty0 console=ttyS0 no_timer_check
[    0.000000] KERNEL supported cpus:
[    0.000000]   Intel GenuineIntel
[    0.000000]   AMD AuthenticAMD
[    0.000000]   Centaur CentaurHauls
[    0.000000] BIOS-provided physical RAM map:
[    0.000000]  BIOS-e820: 0000000000000000 - 000000000009fc00 (usable)
[    0.000000]  BIOS-e820: 000000000009fc00 - 00000000000a0000 (reserved)
[    0.000000]  BIOS-e820: 00000000000f0000 - 0000000000100000 (reserved)
[    0.000000]  BIOS-e820: 0000000000100000 - 0000000003ffe000 (usable)
[    0.000000]  BIOS-e820: 0000000003ffe000 - 0000000004000000 (reserved)
[    0.000000]  BIOS-e820: 00000000fffc0000 - 0000000100000000 (reserved)
[    0.000000] NX (Execute Disable) protection: active
[    0.000000] SMBIOS 2.4 present.
[    0.000000] No AGP bridge found
[    0.000000] last_pfn = 0x3ffe max_arch_pfn = 0x400000000
[    0.000000] x86 PAT enabled: cpu 0, old 0x7040600070406, new 0x7010600070106
[    0.000000] found SMP MP-table at [ffff8800000f0b00] f0b00
[    0.000000] init_memory_mapping: 0000000000000000-0000000003ffe000
[    0.000000] RAMDISK: 03c5e000 - 03ff0000
[    0.000000] ACPI: RSDP 00000000000f0950 00014 (v00 BOCHS )
[    0.000000] ACPI: RSDT 0000000003fffbc1 00034 (v01 BOCHS  BXPCRSDT 00000001 BXPC 00000001)
[    0.000000] ACPI: FACP 0000000003fff1c0 00074 (v01 BOCHS  BXPCFACP 00000001 BXPC 00000001)
[    0.000000] ACPI: DSDT 0000000003ffe040 01180 (v01 BOCHS  BXPCDSDT 00000001 BXPC 00000001)
[    0.000000] ACPI: FACS 0000000003ffe000 00040
[    0.000000] ACPI: SSDT 0000000003fff234 008DD (v01 BOCHS  BXPCSSDT 00000001 BXPC 00000001)
[    0.000000] ACPI: APIC 0000000003fffb11 00078 (v01 BOCHS  BXPCAPIC 00000001 BXPC 00000001)
[    0.000000] ACPI: HPET 0000000003fffb89 00038 (v01 BOCHS  BXPCHPET 00000001 BXPC 00000001)
[    0.000000] No NUMA configuration found
[    0.000000] Faking a node at 0000000000000000-0000000003ffe000
[    0.000000] Initmem setup node 0 0000000000000000-0000000003ffe000
[    0.000000]   NODE_DATA [0000000003ff6000 - 0000000003ffafff]
[    0.000000] Zone PFN ranges:
[    0.000000]   DMA      0x00000010 -&gt; 0x00001000
[    0.000000]   DMA32    0x00001000 -&gt; 0x00100000
[    0.000000]   Normal   empty
[    0.000000] Movable zone start PFN for each node
[    0.000000] early_node_map[2] active PFN ranges
[    0.000000]     0: 0x00000010 -&gt; 0x0000009f
[    0.000000]     0: 0x00000100 -&gt; 0x00003ffe
[    0.000000] ACPI: PM-Timer IO Port: 0xb008
[    0.000000] ACPI: LAPIC (acpi_id[0x00] lapic_id[0x00] enabled)
[    0.000000] ACPI: LAPIC_NMI (acpi_id[0xff] dfl dfl lint[0x1])
[    0.000000] ACPI: IOAPIC (id[0x00] address[0xfec00000] gsi_base[0])
[    0.000000] IOAPIC[0]: apic_id 0, version 17, address 0xfec00000, GSI 0-23
[    0.000000] ACPI: INT_SRC_OVR (bus 0 bus_irq 0 global_irq 2 dfl dfl)
[    0.000000] ACPI: INT_SRC_OVR (bus 0 bus_irq 5 global_irq 5 high level)
[    0.000000] ACPI: INT_SRC_OVR (bus 0 bus_irq 9 global_irq 9 high level)
[    0.000000] ACPI: INT_SRC_OVR (bus 0 bus_irq 10 global_irq 10 high level)
[    0.000000] ACPI: INT_SRC_OVR (bus 0 bus_irq 11 global_irq 11 high level)
[    0.000000] Using ACPI (MADT) for SMP configuration information
[    0.000000] ACPI: HPET id: 0x8086a201 base: 0xfed00000
[    0.000000] SMP: Allowing 1 CPUs, 0 hotplug CPUs
[    0.000000] PM: Registered nosave memory: 000000000009f000 - 00000000000a0000
[    0.000000] PM: Registered nosave memory: 00000000000a0000 - 00000000000f0000
[    0.000000] PM: Registered nosave memory: 00000000000f0000 - 0000000000100000
[    0.000000] Allocating PCI resources starting at 4000000 (gap: 4000000:fbfc0000)
[    0.000000] Booting paravirtualized kernel on bare hardware
[    0.000000] setup_percpu: NR_CPUS:64 nr_cpumask_bits:64 nr_cpu_ids:1 nr_node_ids:1
[    0.000000] PERCPU: Embedded 27 pages/cpu @ffff880003a00000 s78848 r8192 d23552 u2097152
[    0.000000] Built 1 zonelists in Node order, mobility grouping on.  Total pages: 16008
[    0.000000] Policy zone: DMA32
[    0.000000] Kernel command line: root=/dev/vda console=tty0 console=ttyS0 no_timer_check
[    0.000000] PID hash table entries: 256 (order: -1, 2048 bytes)
[    0.000000] Checking aperture...
[    0.000000] No AGP bridge found
[    0.000000] Memory: 43492k/65528k available (6576k kernel code, 452k absent, 21584k reserved, 6620k data, 928k init)
[    0.000000] SLUB: Genslabs=15, HWalign=64, Order=0-3, MinObjects=0, CPUs=1, Nodes=1
[    0.000000] Hierarchical RCU implementation.
[    0.000000] 	RCU dyntick-idle grace-period acceleration is enabled.
[    0.000000] NR_IRQS:4352 nr_irqs:256 16
[    0.000000] Console: colour VGA+ 80x25
[    0.000000] console [tty0] enabled
[    0.000000] console [ttyS0] enabled
[    0.000000] allocated 1048576 bytes of page_cgroup
[    0.000000] please try 'cgroup_disable=memory' option if you don't want memory cgroups
[    0.000000] Fast TSC calibration failed
[    0.000000] TSC: Unable to calibrate against PIT
[    0.000000] TSC: using HPET reference calibration
[    0.000000] Detected 2294.747 MHz processor.
[    0.033480] Calibrating delay loop (skipped), value calculated using timer frequency.. 4589.49 BogoMIPS (lpj=9178988)
[    0.035462] pid_max: default: 32768 minimum: 301
[    0.042162] Security Framework initialized
[    0.048437] AppArmor: AppArmor initialized
[    0.049123] Yama: becoming mindful.
[    0.056455] Dentry cache hash table entries: 8192 (order: 4, 65536 bytes)
[    0.058046] Inode-cache hash table entries: 4096 (order: 3, 32768 bytes)
[    0.060168] Mount-cache hash table entries: 256
[    0.073870] Initializing cgroup subsys cpuacct
[    0.074469] Initializing cgroup subsys memory
[    0.076314] Initializing cgroup subsys devices
[    0.077547] Initializing cgroup subsys freezer
[    0.078332] Initializing cgroup subsys blkio
[    0.078994] Initializing cgroup subsys perf_event
[    0.082877] mce: CPU supports 10 MCE banks
[    0.086390] SMP alternatives: switching to UP code
[    0.484538] Freeing SMP alternatives: 24k freed
[    0.486175] ACPI: Core revision 20110623
[    0.542651] ftrace: allocating 26610 entries in 105 pages
[    0.577501] ..TIMER: vector=0x30 apic1=0 pin1=2 apic2=-1 pin2=-1
[    0.578908] CPU0: AMD QEMU Virtual CPU version 2.0.0 stepping 03
[    0.584035] Performance Events: Broken PMU hardware detected, using software events only.
[    0.592213] NMI watchdog disabled (cpu0): hardware events not enabled
[    0.593755] Brought up 1 CPUs
[    0.594517] Total of 1 processors activated (4589.49 BogoMIPS).
[    0.627208] devtmpfs: initialized
[    0.661065] EVM: security.selinux
[    0.661631] EVM: security.SMACK64
[    0.662056] EVM: security.capability
[    0.684623] print_constraints: dummy: 
[    0.686423] RTC time: 11:15:20, date: 12/18/15
[    0.689853] NET: Registered protocol family 16
[    0.697831] ACPI: bus type pci registered
[    0.701874] PCI: Using configuration type 1 for base access
[    0.734193] bio: create slab &lt;bio-0&gt; at 0
[    0.738971] ACPI: Added _OSI(Module Device)
[    0.740135] ACPI: Added _OSI(Processor Device)
[    0.740787] ACPI: Added _OSI(3.0 _SCP Extensions)
[    0.741535] ACPI: Added _OSI(Processor Aggregator Device)
[    0.826635] ACPI: Interpreter enabled
[    0.828094] ACPI: (supports S0 S3 S4 S5)
[    0.829953] ACPI: Using IOAPIC for interrupt routing
[    0.904373] ACPI: No dock devices found.
[    0.905003] HEST: Table not found.
[    0.905587] PCI: Using host bridge windows from ACPI; if necessary, use "pci=nocrs" and report a bug
[    0.913063] ACPI: PCI Root Bridge [PCI0] (domain 0000 [bus 00-ff])
[    0.918965] pci_root PNP0A03:00: host bridge window [io  0x0000-0x0cf7]
[    0.920159] pci_root PNP0A03:00: host bridge window [io  0x0d00-0xadff]
[    0.920984] pci_root PNP0A03:00: host bridge window [io  0xae0f-0xaeff]
[    0.924126] pci_root PNP0A03:00: host bridge window [io  0xaf20-0xafdf]
[    0.924997] pci_root PNP0A03:00: host bridge window [io  0xafe4-0xffff]
[    0.925872] pci_root PNP0A03:00: host bridge window [mem 0x000a0000-0x000bffff]
[    0.926933] pci_root PNP0A03:00: host bridge window [mem 0x04000000-0xfebfffff]
[    0.952157] pci 0000:00:01.3: quirk: [io  0xb000-0xb03f] claimed by PIIX4 ACPI
[    0.953336] pci 0000:00:01.3: quirk: [io  0xb100-0xb10f] claimed by PIIX4 SMB
[    1.027392]  pci0000:00: Unable to request _OSC control (_OSC support mask: 0x1e)
[    1.092376] ACPI: PCI Interrupt Link [LNKA] (IRQs 5 *10 11)
[    1.094400] ACPI: PCI Interrupt Link [LNKB] (IRQs 5 *10 11)
[    1.097198] ACPI: PCI Interrupt Link [LNKC] (IRQs 5 10 *11)
[    1.099042] ACPI: PCI Interrupt Link [LNKD] (IRQs 5 10 *11)
[    1.100887] ACPI: PCI Interrupt Link [LNKS] (IRQs *9)
[    1.107595] vgaarb: device added: PCI:0000:00:02.0,decodes=io+mem,owns=io+mem,locks=none
[    1.108192] vgaarb: loaded
[    1.108630] vgaarb: bridge control possible 0000:00:02.0
[    1.113592] i2c-core: driver [aat2870] using legacy suspend method
[    1.114338] i2c-core: driver [aat2870] using legacy resume method
[    1.117413] SCSI subsystem initialized
[    1.120990] usbcore: registered new interface driver usbfs
[    1.122412] usbcore: registered new interface driver hub
[    1.124384] usbcore: registered new device driver usb
[    1.127541] PCI: Using ACPI for IRQ routing
[    1.137903] NetLabel: Initializing
[    1.138360] NetLabel:  domain hash size = 128
[    1.138890] NetLabel:  protocols = UNLABELED CIPSOv4
[    1.141372] NetLabel:  unlabeled traffic allowed by default
[    1.144279] HPET: 3 timers in total, 0 timers will be used for per-cpu timer
[    1.145171] hpet0: at MMIO 0xfed00000, IRQs 2, 8, 0
[    1.146396] hpet0: 3 comparators, 64-bit 100.000000 MHz counter
[    1.161868] Switching to clocksource hpet
[    1.407713] AppArmor: AppArmor Filesystem Enabled
[    1.410448] pnp: PnP ACPI init
[    1.411200] ACPI: bus type pnp registered
[    1.440126] pnp: PnP ACPI: found 9 devices
[    1.441672] ACPI: ACPI bus type pnp unregistered
[    1.506455] NET: Registered protocol family 2
[    1.550981] IP route cache hash table entries: 512 (order: 0, 4096 bytes)
[    1.565030] TCP established hash table entries: 2048 (order: 3, 32768 bytes)
[    1.569258] TCP bind hash table entries: 2048 (order: 3, 32768 bytes)
[    1.571072] TCP: Hash tables configured (established 2048 bind 2048)
[    1.573930] TCP reno registered
[    1.574955] UDP hash table entries: 128 (order: 0, 4096 bytes)
[    1.577741] UDP-Lite hash table entries: 128 (order: 0, 4096 bytes)
[    1.582382] NET: Registered protocol family 1
[    1.583260] pci 0000:00:00.0: Limiting direct PCI/PCI transfers
[    1.584148] pci 0000:00:01.0: PIIX3: Enabling Passive Release
[    1.585714] pci 0000:00:01.0: Activating ISA DMA hang workarounds
[    1.590916] ACPI: PCI Interrupt Link [LNKD] enabled at IRQ 11
[    1.591954] pci 0000:00:01.2: PCI INT D -&gt; Link[LNKD] -&gt; GSI 11 (level, high) -&gt; IRQ 11
[    1.594035] pci 0000:00:01.2: PCI INT D disabled
[    1.615220] Trying to unpack rootfs image as initramfs...
[    1.633404] audit: initializing netlink socket (disabled)
[    1.634800] type=2000 audit(1450437320.632:1): initialized
[    2.003524] HugeTLB registered 2 MB page size, pre-allocated 0 pages
[    2.079867] VFS: Disk quotas dquot_6.5.2
[    2.082186] Dquot-cache hash table entries: 512 (order 0, 4096 bytes)
[    2.098536] fuse init (API version 7.17)
[    2.106294] msgmni has been set to 84
[    2.154787] Block layer SCSI generic (bsg) driver version 0.4 loaded (major 253)
[    2.157704] io scheduler noop registered
[    2.158242] io scheduler deadline registered (default)
[    2.159541] io scheduler cfq registered
[    2.163730] pci_hotplug: PCI Hot Plug PCI Core version: 0.5
[    2.166622] pciehp: PCI Express Hot Plug Controller Driver version: 0.4
[    2.172109] input: Power Button as /devices/LNXSYSTM:00/LNXPWRBN:00/input/input0
[    2.174822] ACPI: Power Button [PWRF]
[    2.234474] ERST: Table is not found!
[    2.237176] GHES: HEST is not enabled!
[    2.258461] ACPI: PCI Interrupt Link [LNKC] enabled at IRQ 10
[    2.259185] virtio-pci 0000:00:03.0: PCI INT A -&gt; Link[LNKC] -&gt; GSI 10 (level, high) -&gt; IRQ 10
[    2.263612] virtio-pci 0000:00:04.0: PCI INT A -&gt; Link[LNKD] -&gt; GSI 11 (level, high) -&gt; IRQ 11
[    2.274909] ACPI: PCI Interrupt Link [LNKA] enabled at IRQ 10
[    2.275813] virtio-pci 0000:00:05.0: PCI INT A -&gt; Link[LNKA] -&gt; GSI 10 (level, high) -&gt; IRQ 10
[    2.286291] Serial: 8250/16550 driver, 32 ports, IRQ sharing enabled
[    2.328164] serial8250: ttyS0 at I/O 0x3f8 (irq = 4) is a 16550A
[    2.426070] serial8250: ttyS1 at I/O 0x2f8 (irq = 3) is a 16550A
[    2.571230] 00:05: ttyS0 at I/O 0x3f8 (irq = 4) is a 16550A
[    2.597279] Refined TSC clocksource calibration: 2294.730 MHz.
[    2.598083] Switching to clocksource tsc
[    2.650028] 00:06: ttyS1 at I/O 0x2f8 (irq = 3) is a 16550A
[    2.695934] Linux agpgart interface v0.103
[    2.774429] brd: module loaded
[    2.803726] loop: module loaded
[    2.860996]  vda: unknown partition table
[    2.930528] scsi0 : ata_piix
[    2.942251] scsi1 : ata_piix
[    2.945881] ata1: PATA max MWDMA2 cmd 0x1f0 ctl 0x3f6 bmdma 0xc0a0 irq 14
[    2.946750] ata2: PATA max MWDMA2 cmd 0x170 ctl 0x376 bmdma 0xc0a8 irq 15
[    2.959226] Fixed MDIO Bus: probed
[    2.960162] tun: Universal TUN/TAP device driver, 1.6
[    2.961737] tun: (C) 1999-2004 Max Krasnyansky &lt;maxk@qualcomm.com&gt;
[    2.979951] PPP generic driver version 2.4.2
[    3.011569] ehci_hcd: USB 2.0 'Enhanced' Host Controller (EHCI) Driver
[    3.013985] ohci_hcd: USB 1.1 'Open' Host Controller (OHCI) Driver
[    3.015015] uhci_hcd: USB Universal Host Controller Interface driver
[    3.016138] uhci_hcd 0000:00:01.2: PCI INT D -&gt; Link[LNKD] -&gt; GSI 11 (level, high) -&gt; IRQ 11
[    3.019874] uhci_hcd 0000:00:01.2: UHCI Host Controller
[    3.042330] uhci_hcd 0000:00:01.2: new USB bus registered, assigned bus number 1
[    3.047266] uhci_hcd 0000:00:01.2: irq 11, io base 0x0000c040
[    3.078042] hub 1-0:1.0: USB hub found
[    3.081377] hub 1-0:1.0: 2 ports detected
[    3.091061] usbcore: registered new interface driver libusual
[    3.094775] i8042: PNP: PS/2 Controller [PNP0303:KBD,PNP0f13:MOU] at 0x60,0x64 irq 1,12
[    3.106236] serio: i8042 KBD port at 0x60,0x64 irq 1
[    3.108470] serio: i8042 AUX port at 0x60,0x64 irq 12
[    3.177393] mousedev: PS/2 mouse device common for all mice
[    3.190935] ata2.01: ATAPI: QEMU DVD-ROM, 2.0.0, max UDMA/100
[    3.207266] input: AT Translated Set 2 keyboard as /devices/platform/i8042/serio0/input/input1
[    3.211770] rtc_cmos 00:01: RTC can wake from S4
[    3.239597] rtc_cmos 00:01: rtc core: registered rtc_cmos as rtc0
[    3.240540] rtc0: alarms up to one day, 114 bytes nvram, hpet irqs
[    3.250370] device-mapper: uevent: version 1.0.3
[    3.257391] ata2.01: configured for MWDMA2
[    3.304131] device-mapper: ioctl: 4.22.0-ioctl (2011-10-19) initialised: dm-devel@redhat.com
[    3.309292] cpuidle: using governor ladder
[    3.311877] cpuidle: using governor menu
[    3.313395] EFI Variables Facility v0.08 2004-May-17
[    3.323275] TCP cubic registered
[    3.327743] NET: Registered protocol family 10
[    3.371387] NET: Registered protocol family 17
[    3.373035] Registering the dns_resolver key type
[    3.388866] scsi 1:0:1:0: CD-ROM            QEMU     QEMU DVD-ROM     2.0. PQ: 0 ANSI: 5
[    3.418759] sr0: scsi3-mmc drive: 4x/4x cd/rw xa/form2 tray
[    3.421285] cdrom: Uniform CD-ROM driver Revision: 3.20
[    3.436578] sr 1:0:1:0: Attached scsi generic sg0 type 5
[    3.504846] registered taskstats version 1
[    3.527643] Freeing initrd memory: 3656k freed
[    3.988578]   Magic number: 11:275:277
[    3.995979] tty tty14: hash matches
[    4.002005] rtc_cmos 00:01: setting system clock to 2015-12-18 11:15:23 UTC (1450437323)
[    4.004867] powernow-k8: Processor cpuid 663 not supported
[    4.011504] BIOS EDD facility v0.16 2004-Jun-25, 0 devices found
[    4.013258] EDD information not available.
[    4.105835] Freeing unused kernel memory: 928k freed
[    4.112729] Write protecting the kernel read-only data: 12288k
[    4.208147] Freeing unused kernel memory: 1596k freed
[    4.267871] Freeing unused kernel memory: 1184k freed

info: initramfs: up at 4.43
modprobe: module virtio_blk not found in modules.dep
modprobe: module virtio_net not found in modules.dep
info: copying initramfs to /dev/vda
info: initramfs loading root from /dev/vda
info: /etc/init.d/rc.sysinit: up at 9.26
info: container: none
Starting logging: OK
modprobe: module virtio_blk not found in modules.dep
modprobe: module virtio_net not found in modules.dep
WARN: /etc/rc3.d/S10-load-modules failed
Initializing random number generator... done.
Starting acpid: OK
cirros-ds 'local' up at 11.85
found datasource (configdrive, local)
Starting network...
udhcpc (v1.20.1) started
Sending discover...
Sending discover...
Sending discover...
Usage: /sbin/cirros-dhcpc &lt;up|down&gt;
No lease, failing
WARN: /etc/rc3.d/S40-network failed
Starting dropbear sshd: generating rsa key... generating dsa key... OK
no userdata for datasource
=== system information ===
Platform: OpenStack Foundation OpenStack Nova
Container: none
Arch: x86_64
CPU(s): 1 @ 2294.747 MHz
Cores/Sockets/Threads: 1/1/1
Virt-type: AMD-V
RAM Size: 49MB
Disks:
NAME MAJ:MIN     SIZE LABEL         MOUNTPOINT
vda  253:0   25165824 cirros-rootfs /
sr0   11:0     428032 config-2      
=== sshd host keys ===
-----BEGIN SSH HOST KEY KEYS-----
ssh-rsa AAAAB3NzaC1yc2EAAAADAQABAAAAglDClVSZMDWRX/9wh2zf55pHstEgQ0LrIBpnoRMr0wdkGLRzaKkyxUYoP/nb+8CdsTcxnQzSKb14rdZkv9BJpwSY7QFzFiRXY7AK6MwRUUcKBj9otq0yLg1zjYG9Ve+U6blv6dYFKRSzgTFUVTQs1LSiYTzuzBYMzoq3DWZ6huFTKns= root@tempest
ssh-dss AAAAB3NzaC1kc3MAAACBAOp8wtxnNPBXbJQFkyHcLqd4TeiPCh5azE/rv4dp6ROJPsUcx963gUFNJG1g7iwYnmlPHJIf4PgyrNbOWgO3AxUV0yEV6aT1qka6VpdS20RFRp3CBU2DiISRvVpQ4OfHfgN7KZzsjbYXT+7dNbSCKodqWiKHhFIyqAZJIrKvVe2RAAAAFQDImoQLGP7KJUYhgeuhba+lfMwFHQAAAIBBi9E/OU3HkmFSULGibHBlv02eBafHms6YKxC+14DY9ougHQ43eJoJWyRUE88rF44p2k2imbAOUtaqI7YIUFi9QY6SENdal3nOT/iPeoZvdvZb+BJip+u9PCVSdByzC9YYte+RE4ZZuL19nr7LNcVlvyipUM+yK4/9znGFxj4s3QAAAIAtCwwOV0YQiwVYV+U2iIpb45MPUY2DTpTBNKIVKcDeziasDITjkKgZmMQUFbS3PzHLgC85V/m7KHiGETEniphNPuBRir8qh31gX+BEnXX8kUZvPwxcHF2ZPCH6nBmOEiONOrDgPA3kUsPx8AVqQE5nPsrf47BHBN0fHO69LRt3ng== root@tempest
-----END SSH HOST KEY KEYS-----
=== network info ===
if-info: lo,up,127.0.0.1,8,::1
if-info: eth0,up,,8,fe80::f816:3eff:feba:2fbd
=== datasource: configdrive local ===
instance-id: b90eb39c-08b2-4188-bb48-1687c73864ee
name: tempest.common.compute-instance-767624241
availability-zone: nova
local-hostname: tempest.common.compute-instance-767624241.novalocal
launch-index: 0
=== cirros: current=0.3.4 uptime=201.28 ===
route: fscanf
=== pinging gateway failed, debugging connection ===
############ debug start ##############
### /etc/init.d/sshd start
Starting dropbear sshd: OK
route: fscanf
### ifconfig -a
eth0      Link encap:Ethernet  HWaddr FA:16:3E:BA:2F:BD  
          inet6 addr: fe80::f816:3eff:feba:2fbd/64 Scope:Link
          UP BROADCAST RUNNING MULTICAST  MTU:1500  Metric:1
          RX packets:12 errors:0 dropped:5 overruns:0 frame:0
          TX packets:8 errors:0 dropped:0 overruns:0 carrier:0
          collisions:0 txqueuelen:1000 
          RX bytes:1303 (1.2 KiB)  TX bytes:1134 (1.1 KiB)

lo        Link encap:Local Loopback  
          inet addr:127.0.0.1  Mask:255.0.0.0
          inet6 addr: ::1/128 Scope:Host
          UP LOOPBACK RUNNING  MTU:16436  Metric:1
          RX packets:12 errors:0 dropped:0 overruns:0 frame:0
          TX packets:12 errors:0 dropped:0 overruns:0 carrier:0
          collisions:0 txqueuelen:0 
          RX bytes:1020 (1020.0 B)  TX bytes:1020 (1020.0 B)

### route -n
Kernel IP routing table
Destination     Gateway         Genmask         Flags Metric Ref    Use Iface
route: fscanf
### cat /etc/resolv.conf
cat: can't open '/etc/resolv.conf': No such file or directory
### gateway not found
/sbin/cirros-status: line 1: can't open /etc/resolv.conf: no such file
### pinging nameservers
### uname -a
Linux tempest 3.2.0-80-virtual #116-Ubuntu SMP Mon Mar 23 17:28:52 UTC 2015 x86_64 GNU/Linux
### lsmod
Module                  Size  Used by    Not tainted
nls_iso8859_1          12713  0 
nls_cp437              16991  0 
vfat                   17585  0 
fat                    61512  1 vfat
isofs                  40259  0 
ip_tables              27473  0 
x_tables               29891  1 ip_tables
pcnet32                42119  0 
8139cp                 27360  0 
ne2k_pci               13691  0 
8390                   18856  1 ne2k_pci
e1000                 108589  0 
acpiphp                24231  0 
### dmesg | tail
[    5.306963] EXT3-fs (vda): mounted filesystem with ordered data mode
[    5.624459] ISO 9660 Extensions: Microsoft Joliet Level 3
[    5.685555] ISO 9660 Extensions: RRIP_1991A
[    5.934056] kjournald starting.  Commit interval 5 seconds
[    5.949810] EXT3-fs (vda): using internal journal
[    5.950351] EXT3-fs (vda): mounted filesystem with ordered data mode
[    9.342406] EXT3-fs (vda): using internal journal
[   12.642905] ISO 9660 Extensions: Microsoft Joliet Level 3
[   12.734248] ISO 9660 Extensions: RRIP_1991A
[   27.138948] eth0: no IPv6 routers present
### tail -n 25 /var/log/messages
Dec 18 11:15:30 cirros kern.info kernel: [    4.809616] acpiphp: Slot [26] registered
Dec 18 11:15:30 cirros kern.info kernel: [    4.809870] acpiphp: Slot [27] registered
Dec 18 11:15:30 cirros kern.info kernel: [    4.810150] acpiphp: Slot [28] registered
Dec 18 11:15:30 cirros kern.info kernel: [    4.810480] acpiphp: Slot [29] registered
Dec 18 11:15:30 cirros kern.info kernel: [    4.810828] acpiphp: Slot [30] registered
Dec 18 11:15:30 cirros kern.info kernel: [    4.811117] acpiphp: Slot [31] registered
Dec 18 11:15:30 cirros kern.info kernel: [    4.873401] e1000: Intel(R) PRO/1000 Network Driver - version 7.3.21-k8-NAPI
Dec 18 11:15:30 cirros kern.info kernel: [    4.873485] e1000: Copyright (c) 1999-2006 Intel Corporation.
Dec 18 11:15:30 cirros kern.info kernel: [    4.921953] ne2k-pci.c:v1.03 9/22/2003 D. Becker/P. Gortmaker
Dec 18 11:15:30 cirros kern.info kernel: [    4.971747] 8139cp: 8139cp: 10/100 PCI Ethernet driver v1.3 (Mar 22, 2004)
Dec 18 11:15:30 cirros kern.info kernel: [    5.015016] pcnet32: pcnet32.c:v1.35 21.Apr.2008 tsbogend@alpha.franken.de
Dec 18 11:15:30 cirros kern.info kernel: [    5.071575] ip_tables: (C) 2000-2006 Netfilter Core Team
Dec 18 11:15:30 cirros kern.info kernel: [    5.298953] kjournald starting.  Commit interval 5 seconds
Dec 18 11:15:30 cirros kern.info kernel: [    5.306963] EXT3-fs (vda): mounted filesystem with ordered data mode
Dec 18 11:15:30 cirros kern.debug kernel: [    5.624459] ISO 9660 Extensions: Microsoft Joliet Level 3
Dec 18 11:15:30 cirros kern.debug kernel: [    5.685555] ISO 9660 Extensions: RRIP_1991A
Dec 18 11:15:30 cirros kern.info kernel: [    5.934056] kjournald starting.  Commit interval 5 seconds
Dec 18 11:15:30 cirros kern.info kernel: [    5.949810] EXT3-fs (vda): using internal journal
Dec 18 11:15:30 cirros kern.info kernel: [    5.950351] EXT3-fs (vda): mounted filesystem with ordered data mode
Dec 18 11:15:30 cirros kern.info kernel: [    9.342406] EXT3-fs (vda): using internal journal
Dec 18 11:15:32 cirros kern.debug kernel: [   12.642905] ISO 9660 Extensions: Microsoft Joliet Level 3
Dec 18 11:15:32 cirros kern.debug kernel: [   12.734248] ISO 9660 Extensions: RRIP_1991A
Dec 18 11:15:35 cirros auth.notice su: + /dev/console root:cirros
Dec 18 11:15:46 cirros kern.debug kernel: [   27.138948] eth0: no IPv6 routers present
Dec 18 11:18:38 cirros authpriv.info dropbear[283]: Running in background
############ debug end   ##############
  ____               ____  ____
 / __/ __ ____ ____ / __ \/ __/
/ /__ / // __// __// /_/ /\ \ 
\___//_//_/  /_/   \____/___/ 
   http://cirros-cloud.net


login as 'cirros' user. default password: 'cubswin:)'. use 'sudo' for root.
tempest login: 
2015-12-18 11:20:23,116 21513 INFO     [tempest_lib.common.rest_client] Request (TestGettingAddress:_run_cleanups): 204 DELETE http://10.0.2.15:9696/v2.0/floatingips/63a29ca1-1460-4b78-8b42-3a93185c7abc 0.536s
2015-12-18 11:20:23,116 21513 DEBUG    [tempest_lib.common.rest_client] Request - Headers: {'Content-Type': 'application/json', 'Accept': 'application/json', 'X-Auth-Token': '&lt;omitted&gt;'}
        Body: None
    Response - Headers: {'date': 'Fri, 18 Dec 2015 11:20:23 GMT', 'status': '204', 'connection': 'close', 'content-length': '0', 'x-openstack-request-id': 'req-e7b25a7e-93d9-45f1-8c05-ac54c1a6365b'}
        Body: 
2015-12-18 11:20:23,434 21513 INFO     [tempest_lib.common.rest_client] Request (TestGettingAddress:_run_cleanups): 204 DELETE http://10.0.2.15:8774/v2.1/ead4e80f2bbb47ea8981b9e0f5e7a1a6/servers/b90eb39c-08b2-4188-bb48-1687c73864ee 0.316s
2015-12-18 11:20:23,434 21513 DEBUG    [tempest_lib.common.rest_client] Request - Headers: {'Content-Type': 'application/json', 'Accept': 'application/json', 'X-Auth-Token': '&lt;omitted&gt;'}
        Body: None
    Response - Headers: {'status': '204', 'content-length': '0', 'x-compute-request-id': 'req-cfd29e6e-58a3-491c-a656-7e3aa593cff3', 'vary': 'X-OpenStack-Nova-API-Version', 'connection': 'close', 'x-openstack-nova-api-version': '2.1', 'date': 'Fri, 18 Dec 2015 11:20:23 GMT', 'content-type': 'application/json'}
        Body: 
2015-12-18 11:20:23,807 21513 INFO     [tempest_lib.common.rest_client] Request (TestGettingAddress:_run_cleanups): 200 GET http://10.0.2.15:8774/v2.1/ead4e80f2bbb47ea8981b9e0f5e7a1a6/servers/b90eb39c-08b2-4188-bb48-1687c73864ee 0.372s
2015-12-18 11:20:23,808 21513 DEBUG    [tempest_lib.common.rest_client] Request - Headers: {'Content-Type': 'application/json', 'Accept': 'application/json', 'X-Auth-Token': '&lt;omitted&gt;'}
        Body: None
    Response - Headers: {'status': '200', 'content-length': '1903', 'content-location': 'http://10.0.2.15:8774/v2.1/ead4e80f2bbb47ea8981b9e0f5e7a1a6/servers/b90eb39c-08b2-4188-bb48-1687c73864ee', 'x-compute-request-id': 'req-80b3e61d-6a17-43f2-87eb-1d061c9432c2', 'vary': 'X-OpenStack-Nova-API-Version', 'connection': 'close', 'x-openstack-nova-api-version': '2.1', 'date': 'Fri, 18 Dec 2015 11:20:23 GMT', 'content-type': 'application/json'}
        Body: {"server": {"status": "ACTIVE", "updated": "2015-12-18T11:20:23Z", "hostId": "5366e4ebeff5768eb16befa88bfcda65fc8eb640792639e4ea093761", "addresses": {"tempest-network-smoke--535397038": [{"OS-EXT-IPS-MAC:mac_addr": "fa:16:3e:ba:2f:bd", "version": 4, "addr": "10.100.0.3", "OS-EXT-IPS:type": "fixed"}, {"OS-EXT-IPS-MAC:mac_addr": "fa:16:3e:ba:2f:bd", "version": 6, "addr": "2003::f816:3eff:feba:2fbd", "OS-EXT-IPS:type": "fixed"}, {"OS-EXT-IPS-MAC:mac_addr": "fa:16:3e:ba:2f:bd", "version": 4, "addr": "172.24.4.4", "OS-EXT-IPS:type": "floating"}]}, "links": [{"href": "http://10.0.2.15:8774/v2.1/ead4e80f2bbb47ea8981b9e0f5e7a1a6/servers/b90eb39c-08b2-4188-bb48-1687c73864ee", "rel": "self"}, {"href": "http://10.0.2.15:8774/ead4e80f2bbb47ea8981b9e0f5e7a1a6/servers/b90eb39c-08b2-4188-bb48-1687c73864ee", "rel": "bookmark"}], "key_name": "tempest-TestGettingAddress-1909977799", "image": {"id": "41e2d8bc-c543-4e44-a78e-a88e34ddb41b", "links": [{"href": "http://10.0.2.15:8774/ead4e80f2bbb47ea8981b9e0f5e7a1a6/images/41e2d8bc-c543-4e44-a78e-a88e34ddb41b", "rel": "bookmark"}]}, "OS-EXT-STS:task_state": "deleting", "OS-EXT-STS:vm_state": "active", "OS-SRV-USG:launched_at": "2015-12-18T11:15:16.000000", "flavor": {"id": "42", "links": [{"href": "http://10.0.2.15:8774/ead4e80f2bbb47ea8981b9e0f5e7a1a6/flavors/42", "rel": "bookmark"}]}, "id": "b90eb39c-08b2-4188-bb48-1687c73864ee", "security_groups": [{"name": "tempest-secgroup-smoke-1454392893"}], "OS-SRV-USG:terminated_at": null, "OS-EXT-AZ:availability_zone": "nova", "user_id": "b2e4eaae2bfe407fa677b2b938085275", "name": "tempest.common.compute-instance-767624241", "created": "2015-12-18T11:15:13Z", "tenant_id": "ead4e80f2bbb47ea8981b9e0f5e7a1a6", "OS-DCF:diskConfig": "MANUAL", "os-extended-volumes:volumes_attached": [], "accessIPv4": "", "accessIPv6": "", "progress": 0, "OS-EXT-STS:power_state": 1, "config_drive": "True", "metadata": {}}}
2015-12-18 11:20:24,961 21513 INFO     [tempest_lib.common.rest_client] Request (TestGettingAddress:_run_cleanups): 200 GET http://10.0.2.15:8774/v2.1/ead4e80f2bbb47ea8981b9e0f5e7a1a6/servers/b90eb39c-08b2-4188-bb48-1687c73864ee 0.142s
2015-12-18 11:20:24,962 21513 DEBUG    [tempest_lib.common.rest_client] Request - Headers: {'Content-Type': 'application/json', 'Accept': 'application/json', 'X-Auth-Token': '&lt;omitted&gt;'}
        Body: None
    Response - Headers: {'status': '200', 'content-length': '1444', 'content-location': 'http://10.0.2.15:8774/v2.1/ead4e80f2bbb47ea8981b9e0f5e7a1a6/servers/b90eb39c-08b2-4188-bb48-1687c73864ee', 'x-compute-request-id': 'req-41d3df26-5fec-4eba-8b9e-8dac31b78179', 'vary': 'X-OpenStack-Nova-API-Version', 'connection': 'close', 'x-openstack-nova-api-version': '2.1', 'date': 'Fri, 18 Dec 2015 11:20:24 GMT', 'content-type': 'application/json'}
        Body: {"server": {"status": "DELETED", "updated": "2015-12-18T11:20:24Z", "hostId": "5366e4ebeff5768eb16befa88bfcda65fc8eb640792639e4ea093761", "addresses": {}, "links": [{"href": "http://10.0.2.15:8774/v2.1/ead4e80f2bbb47ea8981b9e0f5e7a1a6/servers/b90eb39c-08b2-4188-bb48-1687c73864ee", "rel": "self"}, {"href": "http://10.0.2.15:8774/ead4e80f2bbb47ea8981b9e0f5e7a1a6/servers/b90eb39c-08b2-4188-bb48-1687c73864ee", "rel": "bookmark"}], "key_name": "tempest-TestGettingAddress-1909977799", "image": {"id": "41e2d8bc-c543-4e44-a78e-a88e34ddb41b", "links": [{"href": "http://10.0.2.15:8774/ead4e80f2bbb47ea8981b9e0f5e7a1a6/images/41e2d8bc-c543-4e44-a78e-a88e34ddb41b", "rel": "bookmark"}]}, "OS-EXT-STS:task_state": null, "OS-EXT-STS:vm_state": "deleted", "OS-SRV-USG:launched_at": "2015-12-18T11:15:16.000000", "flavor": {"id": "42", "links": [{"href": "http://10.0.2.15:8774/ead4e80f2bbb47ea8981b9e0f5e7a1a6/flavors/42", "rel": "bookmark"}]}, "id": "b90eb39c-08b2-4188-bb48-1687c73864ee", "OS-SRV-USG:terminated_at": "2015-12-18T11:20:24.000000", "OS-EXT-AZ:availability_zone": "nova", "user_id": "b2e4eaae2bfe407fa677b2b938085275", "name": "tempest.common.compute-instance-767624241", "created": "2015-12-18T11:15:13Z", "tenant_id": "ead4e80f2bbb47ea8981b9e0f5e7a1a6", "OS-DCF:diskConfig": "MANUAL", "os-extended-volumes:volumes_attached": [], "accessIPv4": "", "accessIPv6": "", "OS-EXT-STS:power_state": 0, "config_drive": "True", "metadata": {}}}
2015-12-18 11:20:26,055 21513 INFO     [tempest_lib.common.rest_client] Request (TestGettingAddress:_run_cleanups): 404 GET http://10.0.2.15:8774/v2.1/ead4e80f2bbb47ea8981b9e0f5e7a1a6/servers/b90eb39c-08b2-4188-bb48-1687c73864ee 0.084s
2015-12-18 11:20:26,056 21513 DEBUG    [tempest_lib.common.rest_client] Request - Headers: {'Content-Type': 'application/json', 'Accept': 'application/json', 'X-Auth-Token': '&lt;omitted&gt;'}
        Body: None
    Response - Headers: {'status': '404', 'content-length': '111', 'x-compute-request-id': 'req-3970aa8e-1240-4d21-b2d0-2a44e1567808', 'vary': 'X-OpenStack-Nova-API-Version', 'connection': 'close', 'x-openstack-nova-api-version': '2.1', 'date': 'Fri, 18 Dec 2015 11:20:26 GMT', 'content-type': 'application/json; charset=UTF-8'}
        Body: {"itemNotFound": {"message": "Instance b90eb39c-08b2-4188-bb48-1687c73864ee could not be found.", "code": 404}}
2015-12-18 11:20:26,562 21513 INFO     [tempest_lib.common.rest_client] Request (TestGettingAddress:_run_cleanups): 200 PUT http://10.0.2.15:9696/v2.0/routers/8b07f3d5-4841-41ec-a1a0-b04fc9facabf/remove_router_interface 0.505s
2015-12-18 11:20:26,563 21513 DEBUG    [tempest_lib.common.rest_client] Request - Headers: {'Content-Type': 'application/json', 'Accept': 'application/json', 'X-Auth-Token': '&lt;omitted&gt;'}
        Body: {"subnet_id": "44173cf9-2356-4944-8476-43243f61bcf2"}
    Response - Headers: {'status': '200', 'content-length': '255', 'connection': 'close', 'date': 'Fri, 18 Dec 2015 11:20:26 GMT', 'content-type': 'application/json; charset=UTF-8', 'x-openstack-request-id': 'req-bb7bce7a-55f9-4913-b00d-d3904f56fe08'}
        Body: {"subnet_id": "44173cf9-2356-4944-8476-43243f61bcf2", "tenant_id": "ead4e80f2bbb47ea8981b9e0f5e7a1a6", "subnet_ids": ["44173cf9-2356-4944-8476-43243f61bcf2"], "port_id": "5105aadc-e9b8-4576-8a1c-d05cde11aeda", "id": "8b07f3d5-4841-41ec-a1a0-b04fc9facabf"}
2015-12-18 11:20:27,127 21513 INFO     [tempest_lib.common.rest_client] Request (TestGettingAddress:_run_cleanups): 204 DELETE http://10.0.2.15:9696/v2.0/subnets/44173cf9-2356-4944-8476-43243f61bcf2 0.563s
2015-12-18 11:20:27,128 21513 DEBUG    [tempest_lib.common.rest_client] Request - Headers: {'Content-Type': 'application/json', 'Accept': 'application/json', 'X-Auth-Token': '&lt;omitted&gt;'}
        Body: None
    Response - Headers: {'date': 'Fri, 18 Dec 2015 11:20:27 GMT', 'status': '204', 'connection': 'close', 'content-length': '0', 'x-openstack-request-id': 'req-802f51a9-835d-451d-b17c-6ad0d7b7355a'}
        Body: 
2015-12-18 11:20:27,171 21513 INFO     [tempest_lib.common.rest_client] Request (TestGettingAddress:_run_cleanups): 404 DELETE http://10.0.2.15:9696/v2.0/subnets/44173cf9-2356-4944-8476-43243f61bcf2 0.042s
