<?xml version="1.0" encoding="UTF-8"?>
<!DOCTYPE html PUBLIC "-//W3C//DTD XHTML 1.0 Strict//EN"
     "http://www.w3.org/TR/xhtml1/DTD/xhtml1-strict.dtd">
<html xmlns="http://www.w3.org/1999/xhtml">
<head>
    <title>Unit Test Report</title>
    <meta name="generator" content="subunit2html 0.1"/>
    <meta http-equiv="Content-Type" content="text/html; charset=UTF-8"/>
    
<style type="text/css" media="screen">
body        { font-family: verdana, arial, helvetica, sans-serif;
    font-size: 80%; }
table       { font-size: 100%; width: 100%;}
pre         { font-size: 80%; }

/* -- heading -------------------------------------------------------------- */
h1 {
        font-size: 16pt;
        color: gray;
}
.heading {
    margin-top: 0ex;
    margin-bottom: 1ex;
}

.heading .attribute {
    margin-top: 1ex;
    margin-bottom: 0;
}

.heading .description {
    margin-top: 4ex;
    margin-bottom: 6ex;
}

/* -- css div popup -------------------------------------------------------- */
a.popup_link {
}

a.popup_link:hover {
    color: red;
}

.popup_window {
    display: none;
    overflow-x: scroll;
    /*border: solid #627173 1px; */
    padding: 10px;
    background-color: #E6E6D6;
    font-family: "Ubuntu Mono", "Lucida Console", "Courier New", monospace;
    text-align: left;
    font-size: 8pt;
}

}
/* -- report --------------------------------------------------------------- */
#show_detail_line {
    margin-top: 3ex;
    margin-bottom: 1ex;
}
#result_table {
    width: 100%;
    border-collapse: collapse;
    border: 1px solid #777;
}
#header_row {
    font-weight: bold;
    color: white;
    background-color: #777;
}
#result_table td {
    border: 1px solid #777;
    padding: 2px;
}
#total_row  { font-weight: bold; }
.passClass  { background-color: #6c6; }
.failClass  { background-color: #c60; }
.errorClass { background-color: #c00; }
.passCase   { color: #6c6; }
.failCase   { color: #c60; font-weight: bold; }
.errorCase  { color: #c00; font-weight: bold; }
.hiddenRow  { display: none; }
.testcase   { margin-left: 2em; }
td.testname {width: 40%}
td.small {width: 40px}

/* -- ending --------------------------------------------------------------- */
#ending {
}

</style>

</head>
<body>
<script language="javascript" type="text/javascript"><!--
output_list = Array();

/* level - 0:Summary; 1:Failed; 2:All */
function showCase(level) {
    trs = document.getElementsByTagName("tr");
    for (var i = 0; i < trs.length; i++) {
        tr = trs[i];
        id = tr.id;
        if (id.substr(0,2) == 'ft') {
            if (level < 1) {
                tr.className = 'hiddenRow';
            }
            else {
                tr.className = '';
            }
        }
        if (id.substr(0,2) == 'pt') {
            if (level > 1) {
                tr.className = '';
            }
            else {
                tr.className = 'hiddenRow';
            }
        }
    }
}


function showClassDetail(cid, count) {
    var id_list = Array(count);
    var toHide = 1;
    for (var i = 0; i < count; i++) {
        tid0 = 't' + cid.substr(1) + '.' + (i+1);
        tid = 'f' + tid0;
        tr = document.getElementById(tid);
        if (!tr) {
            tid = 'p' + tid0;
            tr = document.getElementById(tid);
        }
        id_list[i] = tid;
        if (tr.className) {
            toHide = 0;
        }
    }
    for (var i = 0; i < count; i++) {
        tid = id_list[i];
        if (toHide) {
            document.getElementById('div_'+tid).style.display = 'none'
            document.getElementById(tid).className = 'hiddenRow';
        }
        else {
            document.getElementById(tid).className = '';
        }
    }
}


function showTestDetail(div_id){
    var details_div = document.getElementById(div_id)
    var displayState = details_div.style.display
    // alert(displayState)
    if (displayState != 'block' ) {
        displayState = 'block'
        details_div.style.display = 'block'
    }
    else {
        details_div.style.display = 'none'
    }
}


function html_escape(s) {
    s = s.replace(/&/g,'&amp;');
    s = s.replace(/</g,'&lt;');
    s = s.replace(/>/g,'&gt;');
    return s;
}

/* obsoleted by detail in <div>
function showOutput(id, name) {
    var w = window.open("", //url
                    name,
                    "resizable,scrollbars,status,width=800,height=450");
    d = w.document;
    d.write("<pre>");
    d.write(html_escape(output_list[id]));
    d.write("\n");
    d.write("<a href='javascript:window.close()'>close</a>\n");
    d.write("</pre>\n");
    d.close();
}
*/
--></script>

<div class='heading'>
<h1>Unit Test Report</h1>

<p class='attribute'><strong>Status:</strong> Failure 8</p>

<p class='description'></p>
</div>



<p id='show_detail_line'>Show
<a href='javascript:showCase(0)'>Summary</a>
<a href='javascript:showCase(1)'>Failed</a>
<a href='javascript:showCase(2)'>All</a>
</p>
<table id='result_table'>
<colgroup>
<col align='left' />
<col align='right' />
<col align='right' />
<col align='right' />
<col align='right' />
<col align='right' />
<col align='right' />
<col align='right' />
</colgroup>
<tr id='header_row'>
    <td>Test Group/Test case</td>
    <td>Count</td>
    <td>Pass</td>
    <td>Fail</td>
    <td>Error</td>
    <td>Skip</td>
    <td>View</td>
    <td> </td>
</tr>

<tr class='failClass'>
    <td class="testname">tempest.scenario.test_network_v6.TestGettingAddress</td>
    <td class="small">8</td>
    <td class="small">0</td>
    <td class="small">8</td>
    <td class="small">0</td>
    <td class="small">0</td>
    <td class="small"><a href="javascript:showClassDetail('c1',8)"
>Detail</a></td>
    <td> </td>
</tr>

<tr id='ft1.1' class='none'>
    <td class='failCase'><div class='testcase'>test_dhcp6_stateless_from_os[compute,id-d7e1f858-187c-45a6-89c9-bdafde619a9f,network]</div></td>
    <td colspan='7' align='left'>

    <!--css div popup start-->
    <a class="popup_link" onfocus='this.blur();'
    href="javascript:showTestDetail('div_ft1.1')" >
        fail</a>

    <div id='div_ft1.1' class="popup_window">
        <div style='text-align: right; color:red;cursor:pointer'>
        <a onfocus='this.blur();'
onclick="document.getElementById('div_ft1.1').style.display = 'none' " >
           [x]</a>
        </div>
        <pre>
        
ft1.1: tempest.scenario.test_network_v6.TestGettingAddress.test_dhcp6_stateless_from_os[compute,id-d7e1f858-187c-45a6-89c9-bdafde619a9f,network]_StringException: Empty attachments:
  stderr
  stdout

pythonlogging:'': {{{
2015-12-07 09:11:56,824 20176 INFO     [tempest_lib.common.rest_client] Request (TestGettingAddress:setUp): 200 POST http://10.0.2.15:8774/v2.1/4bb04901e4724457ae02bc4150fdd620/os-keypairs 0.295s
2015-12-07 09:11:56,824 20176 DEBUG    [tempest_lib.common.rest_client] Request - Headers: {'Content-Type': 'application/json', 'Accept': 'application/json', 'X-Auth-Token': '&lt;omitted&gt;'}
        Body: {"keypair": {"name": "tempest-TestGettingAddress-1910608709"}}
    Response - Headers: {'status': '200', 'content-length': '2324', 'x-compute-request-id': 'req-1175dcb0-facb-40cf-9ca2-6be5c1745d4b', 'vary': 'X-OpenStack-Nova-API-Version', 'connection': 'close', 'x-openstack-nova-api-version': '2.1', 'date': 'Mon, 07 Dec 2015 09:11:56 GMT', 'content-type': 'application/json'}
        Body: {"keypair": {"public_key": "ssh-rsa AAAAB3NzaC1yc2EAAAADAQABAAABAQC1mcWg4RsTKrQR1ovXo3gjXOL1Kd5XAy0khkH21QfBPrbmQGP21VuOXWy5Z7XglAo6u6YiYolSTcLtl57pwntrCalnU3PYTLDyzsefsH2x3ax34YadPIlszvaa9pg6MiPAIwAJrwhrXTghQ+O6qSoOCtx0WQAiTthR9AGYpnwpYFzBG6sqoF+VOxrETgE+8KQ37S7GrXx/VVHBzR3OtgCLB6vVs+Vl9PeXNEpfxabSft2Rf/zND0lF1FuJuIt2x4SJh3ikh1fnnzxvlQVWXAYa9+3ZuoFy+tOGQ2qryKA7h/Ny/Jrb+1xUhlzCcoTnFkhSEIsezjWIkXUIg/PTGdFZ Generated-by-Nova", "private_key": "-----BEGIN RSA PRIVATE KEY-----\nMIIEqgIBAAKCAQEAtZnFoOEbEyq0EdaL16N4I1zi9SneVwMtJIZB9tUHwT625kBj\n9tVbjl1suWe14JQKOrumImKJUk3C7Zee6cJ7awmpZ1Nz2Eyw8s7Hn7B9sd2sd+GG\nnTyJbM72mvaYOjIjwCMACa8Ia104IUPjuqkqDgrcdFkAIk7YUfQBmKZ8KWBcwRur\nKqBflTsaxE4BPvCkN+0uxq18f1VRwc0dzrYAiwer1bPlZfT3lzRKX8Wm0n7dkX/8\nzQ9JRdRbibiLdseEiYd4pIdX5588b5UFVlwGGvft2bqBcvrThkNqq8igO4fzcvya\n2/tcVIZcwnKE5xZIUhCLHs41iJF1CIPz0xnRWQIDAQABAoIBAAccPDauWacIdwBz\nzAnnZp7L1j8PIpt5jlztvMtzT9hrIjIlt0RE2k7arZUc0Gw4n6XpDvotrX7BeK5g\nz2ILsVVhjXZ0OAbyCcOYAQzpliJOsaAH/oNNiXvvJoyutwsgR3IQbMH0TnoVrkrv\nI419bh4aosMTcQPm3mVnDmDxs87S3CxrFh1CsOPV7HDPcH43LeAURZL16LabxGTV\npmrSSv2SHpTpDmqqcl1fnGA6qdaP2vqWbPcQqDUvEPLnYLshyDgucT6Hwv0vzIwh\nof+FksufDv9n7zSweXtQ02ApZhKi0GCE34nyG4MX/5iLgjxGX7tXn11tvHdojXUz\nvLHjV9kCggCBANbBQiFTr86YkR3IV9w2v7ACaIt+2V9ntr/5fX9cyE+6/sNJz1GK\nnfKOkoHZ3qS7ad36UY77w5V0LIed08z3TL8vPwrpT83Ryp6yeG8HEn7ybIQP4BzP\nfaYHom3ByC+04hkM9NrQaGiY6UsGgwfqWs49E8+rbAIRv+mkNAtNdmcLAoIAgQDY\nem+7sCZs0a7y7zQRtjdUdSd9pULi+gpqnTUn4DLyeO2Op3bm49VrnHzlEngPvFNM\nXcaEal/tf+t0v11/ZRcRxvZHUvXw8wiFZxhiUO0c41JJBNJZzTkewAt4IGWUPSGp\nYVD5B55hKAIp0sWCMliCF3IvrFcJpc53EGOsGeMXqwKCAIEAogOWglICVhgfkpps\nPkRHhN+sQ2DlWOaDpnzwQr+alxv5yxbKAzhSRIVu3euh3iFNkxufoAEr4nqMhZt6\nCC2hhrJ8Gx09CYd2FxeJaCmruH3nhBH9/35BypoD3k3NWsBZupBdwR5tRkvl5KX7\nAGO7MdA+O/OVPlJpuDga01QTOVUCggCBAIHR+wuteX2syaP6e1lb0xadI0+gOdpw\nZKrHGEePlj3+80enehDA9Q4RzHx7dPDK2ZFkc1aZjGmbWxKqaGGruAf7L1pakA8t\nUCDgUKk1Kt02HfSYJaWhAu5D8RzbIM+jUXqIV8zgGsTc/18hfTy1AIsTkHCyg4fP\nnV+dvohJBfz9AoIAgQDWhQw6Iw3WMdlCEMHf8nSZQ13PfYEDtDbw+mTU1fSui/Du\nr6sUFvznK1JYfBA+fv+F5C8BRPieM+Bhlk51eK1q2+t8+hlb3JuKfjVYm/r2ERlh\nvWFklnVZBD0dn8EyxKxnbiVgAnPn7k3qTTfvJcL1OmOwiOKhbJS9F5idE4Nzag==\n-----END RSA PRIVATE KEY-----\n", "user_id": "544224c879a2486ab8361d6d659a02c9", "name": "tempest-TestGettingAddress-1910608709", "fingerprint": "4a:6d:c2:45:30:ac:45:df:8f:4b:29:2f:57:8e:6f:86"}}
2015-12-07 09:11:57,178 20176 INFO     [tempest_lib.common.rest_client] Request (TestGettingAddress:setUp): 201 POST http://10.0.2.15:9696/v2.0/security-groups 0.349s
2015-12-07 09:11:57,179 20176 DEBUG    [tempest_lib.common.rest_client] Request - Headers: {'Content-Type': 'application/json', 'Accept': 'application/json', 'X-Auth-Token': '&lt;omitted&gt;'}
        Body: {"security_group": {"tenant_id": "4bb04901e4724457ae02bc4150fdd620", "description": "tempest-secgroup-smoke-514609324 description", "name": "tempest-secgroup-smoke-514609324"}}
    Response - Headers: {'status': '201', 'content-length': '886', 'connection': 'close', 'date': 'Mon, 07 Dec 2015 09:11:57 GMT', 'content-type': 'application/json; charset=UTF-8', 'x-openstack-request-id': 'req-bf4ce449-38a2-4b26-acfa-0cdd17cdd0ca'}
        Body: {"security_group": {"tenant_id": "4bb04901e4724457ae02bc4150fdd620", "description": "tempest-secgroup-smoke-514609324 description", "id": "7be55a47-62dc-43a8-be2b-fc3e7f2bc0c6", "security_group_rules": [{"remote_group_id": null, "direction": "egress", "remote_ip_prefix": null, "protocol": null, "ethertype": "IPv4", "tenant_id": "4bb04901e4724457ae02bc4150fdd620", "port_range_max": null, "port_range_min": null, "id": "34656c31-aa9f-44c3-9ec5-6fd31447b1db", "security_group_id": "7be55a47-62dc-43a8-be2b-fc3e7f2bc0c6"}, {"remote_group_id": null, "direction": "egress", "remote_ip_prefix": null, "protocol": null, "ethertype": "IPv6", "tenant_id": "4bb04901e4724457ae02bc4150fdd620", "port_range_max": null, "port_range_min": null, "id": "e441e011-fe05-4436-9fd8-728a79b1fa8a", "security_group_id": "7be55a47-62dc-43a8-be2b-fc3e7f2bc0c6"}], "name": "tempest-secgroup-smoke-514609324"}}
2015-12-07 09:11:57,305 20176 INFO     [tempest_lib.common.rest_client] Request (TestGettingAddress:setUp): 201 POST http://10.0.2.15:9696/v2.0/security-group-rules 0.124s
2015-12-07 09:11:57,305 20176 DEBUG    [tempest_lib.common.rest_client] Request - Headers: {'Content-Type': 'application/json', 'Accept': 'application/json', 'X-Auth-Token': '&lt;omitted&gt;'}
        Body: {"security_group_rule": {"direction": "ingress", "protocol": "tcp", "tenant_id": "4bb04901e4724457ae02bc4150fdd620", "port_range_max": 22, "security_group_id": "7be55a47-62dc-43a8-be2b-fc3e7f2bc0c6", "port_range_min": 22}}
    Response - Headers: {'status': '201', 'content-length': '340', 'connection': 'close', 'date': 'Mon, 07 Dec 2015 09:11:57 GMT', 'content-type': 'application/json; charset=UTF-8', 'x-openstack-request-id': 'req-3ab713e2-fb2d-4a5f-b17d-22aa82c79494'}
        Body: {"security_group_rule": {"remote_group_id": null, "direction": "ingress", "remote_ip_prefix": null, "protocol": "tcp", "ethertype": "IPv4", "tenant_id": "4bb04901e4724457ae02bc4150fdd620", "port_range_max": 22, "port_range_min": 22, "id": "9a38d92f-ee2a-4030-b56c-ae1a12fc9954", "security_group_id": "7be55a47-62dc-43a8-be2b-fc3e7f2bc0c6"}}
2015-12-07 09:11:57,429 20176 INFO     [tempest_lib.common.rest_client] Request (TestGettingAddress:setUp): 201 POST http://10.0.2.15:9696/v2.0/security-group-rules 0.123s
2015-12-07 09:11:57,429 20176 DEBUG    [tempest_lib.common.rest_client] Request - Headers: {'Content-Type': 'application/json', 'Accept': 'application/json', 'X-Auth-Token': '&lt;omitted&gt;'}
        Body: {"security_group_rule": {"direction": "egress", "protocol": "tcp", "tenant_id": "4bb04901e4724457ae02bc4150fdd620", "port_range_max": 22, "security_group_id": "7be55a47-62dc-43a8-be2b-fc3e7f2bc0c6", "port_range_min": 22}}
    Response - Headers: {'status': '201', 'content-length': '339', 'connection': 'close', 'date': 'Mon, 07 Dec 2015 09:11:57 GMT', 'content-type': 'application/json; charset=UTF-8', 'x-openstack-request-id': 'req-c91f1bf0-1746-4f4f-af88-258b5450f900'}
        Body: {"security_group_rule": {"remote_group_id": null, "direction": "egress", "remote_ip_prefix": null, "protocol": "tcp", "ethertype": "IPv4", "tenant_id": "4bb04901e4724457ae02bc4150fdd620", "port_range_max": 22, "port_range_min": 22, "id": "6ebcae07-b7a9-4e6e-ae90-08eec6143aca", "security_group_id": "7be55a47-62dc-43a8-be2b-fc3e7f2bc0c6"}}
2015-12-07 09:11:57,524 20176 INFO     [tempest_lib.common.rest_client] Request (TestGettingAddress:setUp): 201 POST http://10.0.2.15:9696/v2.0/security-group-rules 0.094s
2015-12-07 09:11:57,524 20176 DEBUG    [tempest_lib.common.rest_client] Request - Headers: {'Content-Type': 'application/json', 'Accept': 'application/json', 'X-Auth-Token': '&lt;omitted&gt;'}
        Body: {"security_group_rule": {"tenant_id": "4bb04901e4724457ae02bc4150fdd620", "direction": "ingress", "protocol": "icmp", "security_group_id": "7be55a47-62dc-43a8-be2b-fc3e7f2bc0c6"}}
    Response - Headers: {'status': '201', 'content-length': '345', 'connection': 'close', 'date': 'Mon, 07 Dec 2015 09:11:57 GMT', 'content-type': 'application/json; charset=UTF-8', 'x-openstack-request-id': 'req-51768d97-81e7-4856-8eae-65df96df68dd'}
        Body: {"security_group_rule": {"remote_group_id": null, "direction": "ingress", "remote_ip_prefix": null, "protocol": "icmp", "ethertype": "IPv4", "tenant_id": "4bb04901e4724457ae02bc4150fdd620", "port_range_max": null, "port_range_min": null, "id": "20c0e386-077c-48ee-a3ef-a9f0e43dbc9d", "security_group_id": "7be55a47-62dc-43a8-be2b-fc3e7f2bc0c6"}}
2015-12-07 09:11:57,625 20176 INFO     [tempest_lib.common.rest_client] Request (TestGettingAddress:setUp): 201 POST http://10.0.2.15:9696/v2.0/security-group-rules 0.099s
2015-12-07 09:11:57,625 20176 DEBUG    [tempest_lib.common.rest_client] Request - Headers: {'Content-Type': 'application/json', 'Accept': 'application/json', 'X-Auth-Token': '&lt;omitted&gt;'}
        Body: {"security_group_rule": {"tenant_id": "4bb04901e4724457ae02bc4150fdd620", "direction": "egress", "protocol": "icmp", "security_group_id": "7be55a47-62dc-43a8-be2b-fc3e7f2bc0c6"}}
    Response - Headers: {'status': '201', 'content-length': '344', 'connection': 'close', 'date': 'Mon, 07 Dec 2015 09:11:57 GMT', 'content-type': 'application/json; charset=UTF-8', 'x-openstack-request-id': 'req-70a6385c-dd6e-4bc7-b9ed-196b6b166564'}
        Body: {"security_group_rule": {"remote_group_id": null, "direction": "egress", "remote_ip_prefix": null, "protocol": "icmp", "ethertype": "IPv4", "tenant_id": "4bb04901e4724457ae02bc4150fdd620", "port_range_max": null, "port_range_min": null, "id": "633f11be-7d09-4d27-82fa-9ea7a01eb41e", "security_group_id": "7be55a47-62dc-43a8-be2b-fc3e7f2bc0c6"}}
2015-12-07 09:11:57,727 20176 INFO     [tempest_lib.common.rest_client] Request (TestGettingAddress:setUp): 201 POST http://10.0.2.15:9696/v2.0/security-group-rules 0.100s
2015-12-07 09:11:57,727 20176 DEBUG    [tempest_lib.common.rest_client] Request - Headers: {'Content-Type': 'application/json', 'Accept': 'application/json', 'X-Auth-Token': '&lt;omitted&gt;'}
        Body: {"security_group_rule": {"tenant_id": "4bb04901e4724457ae02bc4150fdd620", "direction": "ingress", "security_group_id": "7be55a47-62dc-43a8-be2b-fc3e7f2bc0c6", "protocol": "icmp", "ethertype": "IPv6"}}
    Response - Headers: {'status': '201', 'content-length': '345', 'connection': 'close', 'date': 'Mon, 07 Dec 2015 09:11:57 GMT', 'content-type': 'application/json; charset=UTF-8', 'x-openstack-request-id': 'req-e9b42d6b-8412-4ff7-8399-f020be4c4643'}
        Body: {"security_group_rule": {"remote_group_id": null, "direction": "ingress", "remote_ip_prefix": null, "protocol": "icmp", "ethertype": "IPv6", "tenant_id": "4bb04901e4724457ae02bc4150fdd620", "port_range_max": null, "port_range_min": null, "id": "6db51b6e-2f30-49ec-a185-bd5f9c526ddb", "security_group_id": "7be55a47-62dc-43a8-be2b-fc3e7f2bc0c6"}}
2015-12-07 09:11:57,829 20176 INFO     [tempest_lib.common.rest_client] Request (TestGettingAddress:setUp): 201 POST http://10.0.2.15:9696/v2.0/security-group-rules 0.101s
2015-12-07 09:11:57,830 20176 DEBUG    [tempest_lib.common.rest_client] Request - Headers: {'Content-Type': 'application/json', 'Accept': 'application/json', 'X-Auth-Token': '&lt;omitted&gt;'}
        Body: {"security_group_rule": {"tenant_id": "4bb04901e4724457ae02bc4150fdd620", "direction": "egress", "security_group_id": "7be55a47-62dc-43a8-be2b-fc3e7f2bc0c6", "protocol": "icmp", "ethertype": "IPv6"}}
    Response - Headers: {'status': '201', 'content-length': '344', 'connection': 'close', 'date': 'Mon, 07 Dec 2015 09:11:57 GMT', 'content-type': 'application/json; charset=UTF-8', 'x-openstack-request-id': 'req-fc1d14db-7f74-4541-a4e1-df9d175f2f5f'}
        Body: {"security_group_rule": {"remote_group_id": null, "direction": "egress", "remote_ip_prefix": null, "protocol": "icmp", "ethertype": "IPv6", "tenant_id": "4bb04901e4724457ae02bc4150fdd620", "port_range_max": null, "port_range_min": null, "id": "c4436656-e82a-4d7d-af44-66837fc625b3", "security_group_id": "7be55a47-62dc-43a8-be2b-fc3e7f2bc0c6"}}
2015-12-07 09:11:58,003 20176 INFO     [tempest_lib.common.rest_client] Request (TestGettingAddress:test_dhcp6_stateless_from_os): 201 POST http://10.0.2.15:9696/v2.0/networks 0.172s
2015-12-07 09:11:58,004 20176 DEBUG    [tempest_lib.common.rest_client] Request - Headers: {'Content-Type': 'application/json', 'Accept': 'application/json', 'X-Auth-Token': '&lt;omitted&gt;'}
        Body: {"network": {"tenant_id": "4bb04901e4724457ae02bc4150fdd620", "name": "tempest-network-smoke--928141809"}}
    Response - Headers: {'status': '201', 'content-length': '328', 'connection': 'close', 'date': 'Mon, 07 Dec 2015 09:11:58 GMT', 'content-type': 'application/json; charset=UTF-8', 'x-openstack-request-id': 'req-ff8b35cb-d878-46cd-abc0-3fb265470ea7'}
        Body: {"network": {"status": "ACTIVE", "subnets": [], "availability_zone_hints": "[]", "name": "tempest-network-smoke--928141809", "admin_state_up": true, "tenant_id": "4bb04901e4724457ae02bc4150fdd620", "mtu": 0, "router:external": false, "shared": false, "port_security_enabled": true, "id": "7fac4986-250a-4236-957d-17722e0601dd"}}
2015-12-07 09:11:58,185 20176 INFO     [tempest_lib.common.rest_client] Request (TestGettingAddress:test_dhcp6_stateless_from_os): 200 GET http://10.0.2.15:9696/v2.0/subnets?tenant_id=4bb04901e4724457ae02bc4150fdd620&amp;cidr=10.100.0.0%2F28 0.179s
2015-12-07 09:11:58,186 20176 DEBUG    [tempest_lib.common.rest_client] Request - Headers: {'Content-Type': 'application/json', 'Accept': 'application/json', 'X-Auth-Token': '&lt;omitted&gt;'}
        Body: None
    Response - Headers: {'status': '200', 'content-length': '15', 'content-location': 'http://10.0.2.15:9696/v2.0/subnets?tenant_id=4bb04901e4724457ae02bc4150fdd620&amp;cidr=10.100.0.0%2F28', 'connection': 'close', 'date': 'Mon, 07 Dec 2015 09:11:58 GMT', 'content-type': 'application/json; charset=UTF-8', 'x-openstack-request-id': 'req-901e9b30-af80-4d03-91cd-7a7f25f2dbef'}
        Body: {"subnets": []}
2015-12-07 09:11:58,535 20176 INFO     [tempest_lib.common.rest_client] Request (TestGettingAddress:test_dhcp6_stateless_from_os): 201 POST http://10.0.2.15:9696/v2.0/subnets 0.348s
2015-12-07 09:11:58,535 20176 DEBUG    [tempest_lib.common.rest_client] Request - Headers: {'Content-Type': 'application/json', 'Accept': 'application/json', 'X-Auth-Token': '&lt;omitted&gt;'}
        Body: {"subnet": {"ip_version": 4, "tenant_id": "4bb04901e4724457ae02bc4150fdd620", "cidr": "10.100.0.0/28", "network_id": "7fac4986-250a-4236-957d-17722e0601dd", "name": "tempest-sub4-381965936"}}
    Response - Headers: {'status': '201', 'content-length': '469', 'connection': 'close', 'date': 'Mon, 07 Dec 2015 09:11:58 GMT', 'content-type': 'application/json; charset=UTF-8', 'x-openstack-request-id': 'req-87c59c99-60a7-433f-a79b-43c354db298e'}
        Body: {"subnet": {"name": "tempest-sub4-381965936", "enable_dhcp": true, "network_id": "7fac4986-250a-4236-957d-17722e0601dd", "tenant_id": "4bb04901e4724457ae02bc4150fdd620", "dns_nameservers": [], "gateway_ip": "10.100.0.1", "ipv6_ra_mode": null, "allocation_pools": [{"start": "10.100.0.2", "end": "10.100.0.14"}], "host_routes": [], "ip_version": 4, "ipv6_address_mode": null, "cidr": "10.100.0.0/28", "id": "801af06a-6357-4a80-8f2c-a284f1c3d09d", "subnetpool_id": null}}
2015-12-07 09:11:58,607 20176 INFO     [tempest_lib.common.rest_client] Request (TestGettingAddress:test_dhcp6_stateless_from_os): 201 POST http://10.0.2.15:9696/v2.0/routers 0.071s
2015-12-07 09:11:58,608 20176 DEBUG    [tempest_lib.common.rest_client] Request - Headers: {'Content-Type': 'application/json', 'Accept': 'application/json', 'X-Auth-Token': '&lt;omitted&gt;'}
        Body: {"router": {"tenant_id": "4bb04901e4724457ae02bc4150fdd620", "name": "tempest-router-smoke-1660110915", "admin_state_up": true}}
    Response - Headers: {'status': '201', 'content-length': '296', 'connection': 'close', 'date': 'Mon, 07 Dec 2015 09:11:58 GMT', 'content-type': 'application/json; charset=UTF-8', 'x-openstack-request-id': 'req-15ea5a82-024d-456d-b146-48979c80b771'}
        Body: {"router": {"status": "ACTIVE", "external_gateway_info": null, "availability_zone_hints": [], "availability_zones": [], "name": "tempest-router-smoke-1660110915", "admin_state_up": true, "tenant_id": "4bb04901e4724457ae02bc4150fdd620", "routes": [], "id": "2ff0d19f-289b-4e60-b0ac-e4a0e7be78d8"}}
2015-12-07 09:11:58,657 20176 INFO     [tempest_lib.common.rest_client] Request (TestGettingAddress:test_dhcp6_stateless_from_os): 200 GET http://10.0.2.15:9696/v2.0/routers/2ff0d19f-289b-4e60-b0ac-e4a0e7be78d8 0.048s
2015-12-07 09:11:58,657 20176 DEBUG    [tempest_lib.common.rest_client] Request - Headers: {'Content-Type': 'application/json', 'Accept': 'application/json', 'X-Auth-Token': '&lt;omitted&gt;'}
        Body: None
    Response - Headers: {'status': '200', 'content-length': '296', 'content-location': 'http://10.0.2.15:9696/v2.0/routers/2ff0d19f-289b-4e60-b0ac-e4a0e7be78d8', 'connection': 'close', 'date': 'Mon, 07 Dec 2015 09:11:58 GMT', 'content-type': 'application/json; charset=UTF-8', 'x-openstack-request-id': 'req-906a8a69-aea4-4401-9f20-e1ddd405c734'}
        Body: {"router": {"status": "ACTIVE", "external_gateway_info": null, "availability_zone_hints": [], "availability_zones": [], "name": "tempest-router-smoke-1660110915", "admin_state_up": true, "tenant_id": "4bb04901e4724457ae02bc4150fdd620", "routes": [], "id": "2ff0d19f-289b-4e60-b0ac-e4a0e7be78d8"}}
2015-12-07 09:11:59,488 20176 INFO     [tempest_lib.common.rest_client] Request (TestGettingAddress:test_dhcp6_stateless_from_os): 200 PUT http://10.0.2.15:9696/v2.0/routers/2ff0d19f-289b-4e60-b0ac-e4a0e7be78d8 0.829s
2015-12-07 09:11:59,488 20176 DEBUG    [tempest_lib.common.rest_client] Request - Headers: {'Content-Type': 'application/json', 'Accept': 'application/json', 'X-Auth-Token': '&lt;omitted&gt;'}
        Body: {"router": {"external_gateway_info": {"network_id": "7943b62c-0a8e-4ad3-889b-5c34e76f9152"}, "name": "tempest-router-smoke-1660110915", "admin_state_up": true}}
    Response - Headers: {'status': '200', 'content-length': '558', 'connection': 'close', 'date': 'Mon, 07 Dec 2015 09:11:59 GMT', 'content-type': 'application/json; charset=UTF-8', 'x-openstack-request-id': 'req-5deb7d8e-a978-4d65-b009-c4473d190eba'}
        Body: {"router": {"status": "ACTIVE", "external_gateway_info": {"network_id": "7943b62c-0a8e-4ad3-889b-5c34e76f9152", "enable_snat": true, "external_fixed_ips": [{"subnet_id": "73f34c2f-1266-4e3e-bf38-f994c5fbb629", "ip_address": "172.24.4.3"}, {"subnet_id": "c72db8ad-abb1-468b-beb3-851697625797", "ip_address": "2001:db8::3"}]}, "availability_zone_hints": [], "availability_zones": [], "name": "tempest-router-smoke-1660110915", "admin_state_up": true, "tenant_id": "4bb04901e4724457ae02bc4150fdd620", "routes": [], "id": "2ff0d19f-289b-4e60-b0ac-e4a0e7be78d8"}}
2015-12-07 09:12:00,134 20176 INFO     [tempest_lib.common.rest_client] Request (TestGettingAddress:test_dhcp6_stateless_from_os): 200 PUT http://10.0.2.15:9696/v2.0/routers/2ff0d19f-289b-4e60-b0ac-e4a0e7be78d8/add_router_interface 0.645s
2015-12-07 09:12:00,135 20176 DEBUG    [tempest_lib.common.rest_client] Request - Headers: {'Content-Type': 'application/json', 'Accept': 'application/json', 'X-Auth-Token': '&lt;omitted&gt;'}
        Body: {"subnet_id": "801af06a-6357-4a80-8f2c-a284f1c3d09d"}
    Response - Headers: {'status': '200', 'content-length': '255', 'connection': 'close', 'date': 'Mon, 07 Dec 2015 09:12:00 GMT', 'content-type': 'application/json; charset=UTF-8', 'x-openstack-request-id': 'req-2bace9d4-2dde-4b2c-83e0-b0a9029fb94d'}
        Body: {"subnet_id": "801af06a-6357-4a80-8f2c-a284f1c3d09d", "tenant_id": "4bb04901e4724457ae02bc4150fdd620", "subnet_ids": ["801af06a-6357-4a80-8f2c-a284f1c3d09d"], "port_id": "8aa2adf6-30d7-43b6-aed7-157ccb64a036", "id": "2ff0d19f-289b-4e60-b0ac-e4a0e7be78d8"}
2015-12-07 09:12:00,635 20176 INFO     [tempest_lib.common.rest_client] Request (TestGettingAddress:test_dhcp6_stateless_from_os): 200 GET http://10.0.2.15:9696/v2.0/subnets?tenant_id=4bb04901e4724457ae02bc4150fdd620&amp;cidr=2003%3A%3A%2F64 0.499s
2015-12-07 09:12:00,636 20176 DEBUG    [tempest_lib.common.rest_client] Request - Headers: {'Content-Type': 'application/json', 'Accept': 'application/json', 'X-Auth-Token': '&lt;omitted&gt;'}
        Body: None
    Response - Headers: {'status': '200', 'content-length': '15', 'content-location': 'http://10.0.2.15:9696/v2.0/subnets?tenant_id=4bb04901e4724457ae02bc4150fdd620&amp;cidr=2003%3A%3A%2F64', 'connection': 'close', 'date': 'Mon, 07 Dec 2015 09:12:00 GMT', 'content-type': 'application/json; charset=UTF-8', 'x-openstack-request-id': 'req-3286d20b-40ed-4b43-aaec-003f8fc7fda1'}
        Body: {"subnets": []}
2015-12-07 09:12:00,996 20176 INFO     [tempest_lib.common.rest_client] Request (TestGettingAddress:test_dhcp6_stateless_from_os): 201 POST http://10.0.2.15:9696/v2.0/subnets 0.359s
2015-12-07 09:12:00,997 20176 DEBUG    [tempest_lib.common.rest_client] Request - Headers: {'Content-Type': 'application/json', 'Accept': 'application/json', 'X-Auth-Token': '&lt;omitted&gt;'}
        Body: {"subnet": {"name": "tempest-sub6-1815490598", "network_id": "7fac4986-250a-4236-957d-17722e0601dd", "tenant_id": "4bb04901e4724457ae02bc4150fdd620", "ipv6_ra_mode": "dhcpv6-stateless", "ip_version": 6, "ipv6_address_mode": "dhcpv6-stateless", "cidr": "2003::/64"}}
    Response - Headers: {'status': '201', 'content-length': '502', 'connection': 'close', 'date': 'Mon, 07 Dec 2015 09:12:00 GMT', 'content-type': 'application/json; charset=UTF-8', 'x-openstack-request-id': 'req-7bddc1cb-c51e-412c-96e3-d773d058254b'}
        Body: {"subnet": {"name": "tempest-sub6-1815490598", "enable_dhcp": true, "network_id": "7fac4986-250a-4236-957d-17722e0601dd", "tenant_id": "4bb04901e4724457ae02bc4150fdd620", "dns_nameservers": [], "gateway_ip": "2003::1", "ipv6_ra_mode": "dhcpv6-stateless", "allocation_pools": [{"start": "2003::2", "end": "2003::ffff:ffff:ffff:ffff"}], "host_routes": [], "ip_version": 6, "ipv6_address_mode": "dhcpv6-stateless", "cidr": "2003::/64", "id": "57166e5c-f4fd-4a7f-9ca0-47ffee0eed03", "subnetpool_id": null}}
2015-12-07 09:12:01,748 20176 INFO     [tempest_lib.common.rest_client] Request (TestGettingAddress:test_dhcp6_stateless_from_os): 200 PUT http://10.0.2.15:9696/v2.0/routers/2ff0d19f-289b-4e60-b0ac-e4a0e7be78d8/add_router_interface 0.750s
2015-12-07 09:12:01,750 20176 DEBUG    [tempest_lib.common.rest_client] Request - Headers: {'Content-Type': 'application/json', 'Accept': 'application/json', 'X-Auth-Token': '&lt;omitted&gt;'}
        Body: {"subnet_id": "57166e5c-f4fd-4a7f-9ca0-47ffee0eed03"}
    Response - Headers: {'status': '200', 'content-length': '255', 'connection': 'close', 'date': 'Mon, 07 Dec 2015 09:12:01 GMT', 'content-type': 'application/json; charset=UTF-8', 'x-openstack-request-id': 'req-7c64dd9d-608f-4042-9caf-ad6e54c5abc7'}
        Body: {"subnet_id": "57166e5c-f4fd-4a7f-9ca0-47ffee0eed03", "tenant_id": "4bb04901e4724457ae02bc4150fdd620", "subnet_ids": ["57166e5c-f4fd-4a7f-9ca0-47ffee0eed03"], "port_id": "2a0028d1-4aee-4bec-b9d4-69a02e7952a0", "id": "2ff0d19f-289b-4e60-b0ac-e4a0e7be78d8"}
2015-12-07 09:12:01,835 20176 INFO     [tempest_lib.common.rest_client] Request (TestGettingAddress:test_dhcp6_stateless_from_os): 200 POST http://10.0.2.15:5000/v2.0/tokens
2015-12-07 09:12:01,835 20176 DEBUG    [tempest_lib.common.rest_client] Request - Headers: {'Content-Type': 'application/json', 'Accept': 'application/json'}
        Body: &lt;omitted&gt;
    Response - Headers: {'status': '200', 'content-length': '2524', 'vary': 'X-Auth-Token', 'server': 'Apache/2.4.7 (Ubuntu)', 'connection': 'close', 'date': 'Mon, 07 Dec 2015 09:12:01 GMT', 'content-type': 'application/json', 'x-openstack-request-id': 'req-35fe7831-aa73-442c-b9e8-b569879dfa99'}
        Body: {"access": {"token": {"issued_at": "2015-12-07T09:12:01.826186", "expires": "2015-12-07T10:12:01Z", "id": "2a2d724ada124860acefd8fd3db952b3", "tenant": {"description": "tempest-TestGettingAddress-458698107-desc", "enabled": true, "id": "4bb04901e4724457ae02bc4150fdd620", "name": "tempest-TestGettingAddress-458698107"}, "audit_ids": ["YvIldHq2RdmXUyxYDhBVeg"]}, "serviceCatalog": [{"endpoints": [{"adminURL": "http://10.0.2.15:8774/v2.1/4bb04901e4724457ae02bc4150fdd620", "region": "RegionOne", "internalURL": "http://10.0.2.15:8774/v2.1/4bb04901e4724457ae02bc4150fdd620", "id": "7fb98cf671cb4c999f0c0de2309e972b", "publicURL": "http://10.0.2.15:8774/v2.1/4bb04901e4724457ae02bc4150fdd620"}], "endpoints_links": [], "type": "compute", "name": "nova"}, {"endpoints": [{"adminURL": "http://10.0.2.15:9696/", "region": "RegionOne", "internalURL": "http://10.0.2.15:9696/", "id": "586bc2a259fa40adbf23251664c64800", "publicURL": "http://10.0.2.15:9696/"}], "endpoints_links": [], "type": "network", "name": "neutron"}, {"endpoints": [{"adminURL": "http://10.0.2.15:9292", "region": "RegionOne", "internalURL": "http://10.0.2.15:9292", "id": "48cafa3956b64e70b43c874607f9c937", "publicURL": "http://10.0.2.15:9292"}], "endpoints_links": [], "type": "image", "name": "glance"}, {"endpoints": [{"adminURL": "http://10.0.2.15:8774/v2/4bb04901e4724457ae02bc4150fdd620", "region": "RegionOne", "internalURL": "http://10.0.2.15:8774/v2/4bb04901e4724457ae02bc4150fdd620", "id": "0a93fb1653b1470cb9c2902da4e7df3d", "publicURL": "http://10.0.2.15:8774/v2/4bb04901e4724457ae02bc4150fdd620"}], "endpoints_links": [], "type": "compute_legacy", "name": "nova_legacy"}, {"endpoints": [{"adminURL": "http://10.0.2.15:8773/", "region": "RegionOne", "internalURL": "http://10.0.2.15:8773/", "id": "466c7917c0894bbbbc5f1477f142bf8a", "publicURL": "http://10.0.2.15:8773/"}], "endpoints_links": [], "type": "ec2", "name": "ec2"}, {"endpoints": [{"adminURL": "http://10.0.2.15:35357/v2.0", "region": "RegionOne", "internalURL": "http://10.0.2.15:5000/v2.0", "id": "6605669784e641a9bb7dbe71c45fb8e5", "publicURL": "http://10.0.2.15:5000/v2.0"}], "endpoints_links": [], "type": "identity", "name": "keystone"}], "user": {"username": "tempest-TestGettingAddress-1431918339", "roles_links": [], "id": "544224c879a2486ab8361d6d659a02c9", "roles": [{"name": "_member_"}, {"name": "Member"}], "name": "tempest-TestGettingAddress-1431918339"}, "metadata": {"is_admin": 0, "roles": ["9fe2ff9ee4384b1894a90878d3e92bab", "f334028eabd44715847c6cefa291e960"]}}}
2015-12-07 09:12:01,839 20176 DEBUG    [tempest.common.fixed_network] (TestGettingAddress:test_dhcp6_stateless_from_os) No valid network provided or created, defaulting to fixed_network_name
2015-12-07 09:12:02,120 20176 INFO     [tempest_lib.common.rest_client] Request (TestGettingAddress:test_dhcp6_stateless_from_os): 200 GET http://10.0.2.15:8774/v2.1/4bb04901e4724457ae02bc4150fdd620/os-networks 0.280s
2015-12-07 09:12:02,121 20176 DEBUG    [tempest_lib.common.rest_client] Request - Headers: {'Content-Type': 'application/json', 'Accept': 'application/json', 'X-Auth-Token': '&lt;omitted&gt;'}
        Body: None
    Response - Headers: {'status': '200', 'content-length': '478', 'content-location': 'http://10.0.2.15:8774/v2.1/4bb04901e4724457ae02bc4150fdd620/os-networks', 'x-compute-request-id': 'req-1be92d77-e7f4-419e-a3ef-41dccad098fa', 'vary': 'X-OpenStack-Nova-API-Version', 'connection': 'close', 'x-openstack-nova-api-version': '2.1', 'date': 'Mon, 07 Dec 2015 09:12:02 GMT', 'content-type': 'application/json'}
        Body: {"networks": [{"cidr_v6": null, "dns2": null, "dns1": null, "gateway": null, "broadcast": null, "netmask": null, "gateway_v6": null, "cidr": null, "label": "tempest-network-smoke--928141809", "id": "7fac4986-250a-4236-957d-17722e0601dd", "netmask_v6": null}, {"cidr_v6": null, "dns2": null, "dns1": null, "gateway": null, "broadcast": null, "netmask": null, "gateway_v6": null, "cidr": null, "label": "public", "id": "7943b62c-0a8e-4ad3-889b-5c34e76f9152", "netmask_v6": null}]}
2015-12-07 09:12:02,121 20176 WARNING  [tempest.common.fixed_network] (TestGettingAddress:test_dhcp6_stateless_from_os) Network with name: private not found
2015-12-07 09:12:02,121 20176 INFO     [tempest.common.fixed_network] (TestGettingAddress:test_dhcp6_stateless_from_os) Found network {} available for tenant
2015-12-07 09:12:03,864 20176 INFO     [tempest_lib.common.rest_client] Request (TestGettingAddress:test_dhcp6_stateless_from_os): 202 POST http://10.0.2.15:8774/v2.1/4bb04901e4724457ae02bc4150fdd620/servers 1.742s
2015-12-07 09:12:03,864 20176 DEBUG    [tempest_lib.common.rest_client] Request - Headers: {'Content-Type': 'application/json', 'Accept': 'application/json', 'X-Auth-Token': '&lt;omitted&gt;'}
        Body: {"server": {"name": "tempest.common.compute-instance-494992666", "imageRef": "21b066dc-43e2-4748-9e1f-0bd18a0b0c1a", "key_name": "tempest-TestGettingAddress-1910608709", "flavorRef": "42", "networks": [{"uuid": "7fac4986-250a-4236-957d-17722e0601dd"}], "security_groups": [{"name": "tempest-secgroup-smoke-514609324"}]}}
    Response - Headers: {'status': '202', 'content-length': '461', 'x-compute-request-id': 'req-79dc1f77-e3d0-4e7b-8d09-31234e933d1d', 'vary': 'X-OpenStack-Nova-API-Version', 'connection': 'close', 'location': 'http://10.0.2.15:8774/v2.1/4bb04901e4724457ae02bc4150fdd620/servers/28e0f266-198d-4154-8fa6-03c7a700a8e0', 'x-openstack-nova-api-version': '2.1', 'date': 'Mon, 07 Dec 2015 09:12:03 GMT', 'content-type': 'application/json'}
        Body: {"server": {"security_groups": [{"name": "tempest-secgroup-smoke-514609324"}], "OS-DCF:diskConfig": "MANUAL", "id": "28e0f266-198d-4154-8fa6-03c7a700a8e0", "links": [{"href": "http://10.0.2.15:8774/v2.1/4bb04901e4724457ae02bc4150fdd620/servers/28e0f266-198d-4154-8fa6-03c7a700a8e0", "rel": "self"}, {"href": "http://10.0.2.15:8774/4bb04901e4724457ae02bc4150fdd620/servers/28e0f266-198d-4154-8fa6-03c7a700a8e0", "rel": "bookmark"}], "adminPass": "65NTP2MpbUSV"}}
2015-12-07 09:12:04,145 20176 INFO     [tempest_lib.common.rest_client] Request (TestGettingAddress:test_dhcp6_stateless_from_os): 200 GET http://10.0.2.15:8774/v2.1/4bb04901e4724457ae02bc4150fdd620/servers/28e0f266-198d-4154-8fa6-03c7a700a8e0 0.276s
2015-12-07 09:12:04,146 20176 DEBUG    [tempest_lib.common.rest_client] Request - Headers: {'Content-Type': 'application/json', 'Accept': 'application/json', 'X-Auth-Token': '&lt;omitted&gt;'}
        Body: None
    Response - Headers: {'status': '200', 'content-length': '1354', 'content-location': 'http://10.0.2.15:8774/v2.1/4bb04901e4724457ae02bc4150fdd620/servers/28e0f266-198d-4154-8fa6-03c7a700a8e0', 'x-compute-request-id': 'req-f7fe7f44-34c8-4752-8626-c234457b08b0', 'vary': 'X-OpenStack-Nova-API-Version', 'connection': 'close', 'x-openstack-nova-api-version': '2.1', 'date': 'Mon, 07 Dec 2015 09:12:04 GMT', 'content-type': 'application/json'}
        Body: {"server": {"status": "BUILD", "updated": "2015-12-07T09:12:04Z", "hostId": "", "addresses": {}, "links": [{"href": "http://10.0.2.15:8774/v2.1/4bb04901e4724457ae02bc4150fdd620/servers/28e0f266-198d-4154-8fa6-03c7a700a8e0", "rel": "self"}, {"href": "http://10.0.2.15:8774/4bb04901e4724457ae02bc4150fdd620/servers/28e0f266-198d-4154-8fa6-03c7a700a8e0", "rel": "bookmark"}], "key_name": "tempest-TestGettingAddress-1910608709", "image": {"id": "21b066dc-43e2-4748-9e1f-0bd18a0b0c1a", "links": [{"href": "http://10.0.2.15:8774/4bb04901e4724457ae02bc4150fdd620/images/21b066dc-43e2-4748-9e1f-0bd18a0b0c1a", "rel": "bookmark"}]}, "OS-EXT-STS:task_state": "scheduling", "OS-EXT-STS:vm_state": "building", "OS-SRV-USG:launched_at": null, "flavor": {"id": "42", "links": [{"href": "http://10.0.2.15:8774/4bb04901e4724457ae02bc4150fdd620/flavors/42", "rel": "bookmark"}]}, "id": "28e0f266-198d-4154-8fa6-03c7a700a8e0", "OS-SRV-USG:terminated_at": null, "OS-EXT-AZ:availability_zone": "", "user_id": "544224c879a2486ab8361d6d659a02c9", "name": "tempest.common.compute-instance-494992666", "created": "2015-12-07T09:12:03Z", "tenant_id": "4bb04901e4724457ae02bc4150fdd620", "OS-DCF:diskConfig": "MANUAL", "os-extended-volumes:volumes_attached": [], "accessIPv4": "", "accessIPv6": "", "progress": 0, "OS-EXT-STS:power_state": 0, "config_drive": "", "metadata": {}}}
2015-12-07 09:12:05,611 20176 INFO     [tempest_lib.common.rest_client] Request (TestGettingAddress:test_dhcp6_stateless_from_os): 200 GET http://10.0.2.15:8774/v2.1/4bb04901e4724457ae02bc4150fdd620/servers/28e0f266-198d-4154-8fa6-03c7a700a8e0 0.454s
2015-12-07 09:12:05,611 20176 DEBUG    [tempest_lib.common.rest_client] Request - Headers: {'Content-Type': 'application/json', 'Accept': 'application/json', 'X-Auth-Token': '&lt;omitted&gt;'}
        Body: None
    Response - Headers: {'status': '200', 'content-length': '1479', 'content-location': 'http://10.0.2.15:8774/v2.1/4bb04901e4724457ae02bc4150fdd620/servers/28e0f266-198d-4154-8fa6-03c7a700a8e0', 'x-compute-request-id': 'req-15fbc340-8ca9-4b04-935a-eb43320f8d6e', 'vary': 'X-OpenStack-Nova-API-Version', 'connection': 'close', 'x-openstack-nova-api-version': '2.1', 'date': 'Mon, 07 Dec 2015 09:12:05 GMT', 'content-type': 'application/json'}
        Body: {"server": {"status": "BUILD", "updated": "2015-12-07T09:12:04Z", "hostId": "6c8b280b57681e103f6402d64e9fdad7d2a906475f588662badbdf41", "addresses": {}, "links": [{"href": "http://10.0.2.15:8774/v2.1/4bb04901e4724457ae02bc4150fdd620/servers/28e0f266-198d-4154-8fa6-03c7a700a8e0", "rel": "self"}, {"href": "http://10.0.2.15:8774/4bb04901e4724457ae02bc4150fdd620/servers/28e0f266-198d-4154-8fa6-03c7a700a8e0", "rel": "bookmark"}], "key_name": "tempest-TestGettingAddress-1910608709", "image": {"id": "21b066dc-43e2-4748-9e1f-0bd18a0b0c1a", "links": [{"href": "http://10.0.2.15:8774/4bb04901e4724457ae02bc4150fdd620/images/21b066dc-43e2-4748-9e1f-0bd18a0b0c1a", "rel": "bookmark"}]}, "OS-EXT-STS:task_state": "spawning", "OS-EXT-STS:vm_state": "building", "OS-SRV-USG:launched_at": null, "flavor": {"id": "42", "links": [{"href": "http://10.0.2.15:8774/4bb04901e4724457ae02bc4150fdd620/flavors/42", "rel": "bookmark"}]}, "id": "28e0f266-198d-4154-8fa6-03c7a700a8e0", "security_groups": [{"name": "tempest-secgroup-smoke-514609324"}], "OS-SRV-USG:terminated_at": null, "OS-EXT-AZ:availability_zone": "nova", "user_id": "544224c879a2486ab8361d6d659a02c9", "name": "tempest.common.compute-instance-494992666", "created": "2015-12-07T09:12:03Z", "tenant_id": "4bb04901e4724457ae02bc4150fdd620", "OS-DCF:diskConfig": "MANUAL", "os-extended-volumes:volumes_attached": [], "accessIPv4": "", "accessIPv6": "", "progress": 0, "OS-EXT-STS:power_state": 0, "config_drive": "", "metadata": {}}}
2015-12-07 09:12:05,623 20176 INFO     [tempest.common.waiters] State transition "BUILD/scheduling" ==&gt; "BUILD/spawning" after 1 second wait
2015-12-07 09:12:06,867 20176 INFO     [tempest_lib.common.rest_client] Request (TestGettingAddress:test_dhcp6_stateless_from_os): 200 GET http://10.0.2.15:8774/v2.1/4bb04901e4724457ae02bc4150fdd620/servers/28e0f266-198d-4154-8fa6-03c7a700a8e0 0.241s
2015-12-07 09:12:06,867 20176 DEBUG    [tempest_lib.common.rest_client] Request - Headers: {'Content-Type': 'application/json', 'Accept': 'application/json', 'X-Auth-Token': '&lt;omitted&gt;'}
        Body: None
    Response - Headers: {'status': '200', 'content-length': '1479', 'content-location': 'http://10.0.2.15:8774/v2.1/4bb04901e4724457ae02bc4150fdd620/servers/28e0f266-198d-4154-8fa6-03c7a700a8e0', 'x-compute-request-id': 'req-ebc782ee-e0e4-4f59-972b-f6b4dfa50e40', 'vary': 'X-OpenStack-Nova-API-Version', 'connection': 'close', 'x-openstack-nova-api-version': '2.1', 'date': 'Mon, 07 Dec 2015 09:12:06 GMT', 'content-type': 'application/json'}
        Body: {"server": {"status": "BUILD", "updated": "2015-12-07T09:12:04Z", "hostId": "6c8b280b57681e103f6402d64e9fdad7d2a906475f588662badbdf41", "addresses": {}, "links": [{"href": "http://10.0.2.15:8774/v2.1/4bb04901e4724457ae02bc4150fdd620/servers/28e0f266-198d-4154-8fa6-03c7a700a8e0", "rel": "self"}, {"href": "http://10.0.2.15:8774/4bb04901e4724457ae02bc4150fdd620/servers/28e0f266-198d-4154-8fa6-03c7a700a8e0", "rel": "bookmark"}], "key_name": "tempest-TestGettingAddress-1910608709", "image": {"id": "21b066dc-43e2-4748-9e1f-0bd18a0b0c1a", "links": [{"href": "http://10.0.2.15:8774/4bb04901e4724457ae02bc4150fdd620/images/21b066dc-43e2-4748-9e1f-0bd18a0b0c1a", "rel": "bookmark"}]}, "OS-EXT-STS:task_state": "spawning", "OS-EXT-STS:vm_state": "building", "OS-SRV-USG:launched_at": null, "flavor": {"id": "42", "links": [{"href": "http://10.0.2.15:8774/4bb04901e4724457ae02bc4150fdd620/flavors/42", "rel": "bookmark"}]}, "id": "28e0f266-198d-4154-8fa6-03c7a700a8e0", "security_groups": [{"name": "tempest-secgroup-smoke-514609324"}], "OS-SRV-USG:terminated_at": null, "OS-EXT-AZ:availability_zone": "nova", "user_id": "544224c879a2486ab8361d6d659a02c9", "name": "tempest.common.compute-instance-494992666", "created": "2015-12-07T09:12:03Z", "tenant_id": "4bb04901e4724457ae02bc4150fdd620", "OS-DCF:diskConfig": "MANUAL", "os-extended-volumes:volumes_attached": [], "accessIPv4": "", "accessIPv6": "", "progress": 0, "OS-EXT-STS:power_state": 0, "config_drive": "", "metadata": {}}}
2015-12-07 09:12:08,105 20176 INFO     [tempest_lib.common.rest_client] Request (TestGettingAddress:test_dhcp6_stateless_from_os): 200 GET http://10.0.2.15:8774/v2.1/4bb04901e4724457ae02bc4150fdd620/servers/28e0f266-198d-4154-8fa6-03c7a700a8e0 0.221s
2015-12-07 09:12:08,105 20176 DEBUG    [tempest_lib.common.rest_client] Request - Headers: {'Content-Type': 'application/json', 'Accept': 'application/json', 'X-Auth-Token': '&lt;omitted&gt;'}
        Body: None
    Response - Headers: {'status': '200', 'content-length': '1479', 'content-location': 'http://10.0.2.15:8774/v2.1/4bb04901e4724457ae02bc4150fdd620/servers/28e0f266-198d-4154-8fa6-03c7a700a8e0', 'x-compute-request-id': 'req-d229a47a-e66a-434a-a4e4-53303f808930', 'vary': 'X-OpenStack-Nova-API-Version', 'connection': 'close', 'x-openstack-nova-api-version': '2.1', 'date': 'Mon, 07 Dec 2015 09:12:08 GMT', 'content-type': 'application/json'}
        Body: {"server": {"status": "BUILD", "updated": "2015-12-07T09:12:04Z", "hostId": "6c8b280b57681e103f6402d64e9fdad7d2a906475f588662badbdf41", "addresses": {}, "links": [{"href": "http://10.0.2.15:8774/v2.1/4bb04901e4724457ae02bc4150fdd620/servers/28e0f266-198d-4154-8fa6-03c7a700a8e0", "rel": "self"}, {"href": "http://10.0.2.15:8774/4bb04901e4724457ae02bc4150fdd620/servers/28e0f266-198d-4154-8fa6-03c7a700a8e0", "rel": "bookmark"}], "key_name": "tempest-TestGettingAddress-1910608709", "image": {"id": "21b066dc-43e2-4748-9e1f-0bd18a0b0c1a", "links": [{"href": "http://10.0.2.15:8774/4bb04901e4724457ae02bc4150fdd620/images/21b066dc-43e2-4748-9e1f-0bd18a0b0c1a", "rel": "bookmark"}]}, "OS-EXT-STS:task_state": "spawning", "OS-EXT-STS:vm_state": "building", "OS-SRV-USG:launched_at": null, "flavor": {"id": "42", "links": [{"href": "http://10.0.2.15:8774/4bb04901e4724457ae02bc4150fdd620/flavors/42", "rel": "bookmark"}]}, "id": "28e0f266-198d-4154-8fa6-03c7a700a8e0", "security_groups": [{"name": "tempest-secgroup-smoke-514609324"}], "OS-SRV-USG:terminated_at": null, "OS-EXT-AZ:availability_zone": "nova", "user_id": "544224c879a2486ab8361d6d659a02c9", "name": "tempest.common.compute-instance-494992666", "created": "2015-12-07T09:12:03Z", "tenant_id": "4bb04901e4724457ae02bc4150fdd620", "OS-DCF:diskConfig": "MANUAL", "os-extended-volumes:volumes_attached": [], "accessIPv4": "", "accessIPv6": "", "progress": 0, "OS-EXT-STS:power_state": 0, "config_drive": "", "metadata": {}}}
2015-12-07 09:12:09,370 20176 INFO     [tempest_lib.common.rest_client] Request (TestGettingAddress:test_dhcp6_stateless_from_os): 200 GET http://10.0.2.15:8774/v2.1/4bb04901e4724457ae02bc4150fdd620/servers/28e0f266-198d-4154-8fa6-03c7a700a8e0 0.247s
2015-12-07 09:12:09,371 20176 DEBUG    [tempest_lib.common.rest_client] Request - Headers: {'Content-Type': 'application/json', 'Accept': 'application/json', 'X-Auth-Token': '&lt;omitted&gt;'}
        Body: None
    Response - Headers: {'status': '200', 'content-length': '1779', 'content-location': 'http://10.0.2.15:8774/v2.1/4bb04901e4724457ae02bc4150fdd620/servers/28e0f266-198d-4154-8fa6-03c7a700a8e0', 'x-compute-request-id': 'req-9ebd2b4b-75d2-4250-a8db-e558a438d365', 'vary': 'X-OpenStack-Nova-API-Version', 'connection': 'close', 'x-openstack-nova-api-version': '2.1', 'date': 'Mon, 07 Dec 2015 09:12:09 GMT', 'content-type': 'application/json'}
        Body: {"server": {"status": "ACTIVE", "updated": "2015-12-07T09:12:08Z", "hostId": "6c8b280b57681e103f6402d64e9fdad7d2a906475f588662badbdf41", "addresses": {"tempest-network-smoke--928141809": [{"OS-EXT-IPS-MAC:mac_addr": "fa:16:3e:41:8a:5d", "version": 6, "addr": "2003::f816:3eff:fe41:8a5d", "OS-EXT-IPS:type": "fixed"}, {"OS-EXT-IPS-MAC:mac_addr": "fa:16:3e:41:8a:5d", "version": 4, "addr": "10.100.0.3", "OS-EXT-IPS:type": "fixed"}]}, "links": [{"href": "http://10.0.2.15:8774/v2.1/4bb04901e4724457ae02bc4150fdd620/servers/28e0f266-198d-4154-8fa6-03c7a700a8e0", "rel": "self"}, {"href": "http://10.0.2.15:8774/4bb04901e4724457ae02bc4150fdd620/servers/28e0f266-198d-4154-8fa6-03c7a700a8e0", "rel": "bookmark"}], "key_name": "tempest-TestGettingAddress-1910608709", "image": {"id": "21b066dc-43e2-4748-9e1f-0bd18a0b0c1a", "links": [{"href": "http://10.0.2.15:8774/4bb04901e4724457ae02bc4150fdd620/images/21b066dc-43e2-4748-9e1f-0bd18a0b0c1a", "rel": "bookmark"}]}, "OS-EXT-STS:task_state": null, "OS-EXT-STS:vm_state": "active", "OS-SRV-USG:launched_at": "2015-12-07T09:12:08.000000", "flavor": {"id": "42", "links": [{"href": "http://10.0.2.15:8774/4bb04901e4724457ae02bc4150fdd620/flavors/42", "rel": "bookmark"}]}, "id": "28e0f266-198d-4154-8fa6-03c7a700a8e0", "security_groups": [{"name": "tempest-secgroup-smoke-514609324"}], "OS-SRV-USG:terminated_at": null, "OS-EXT-AZ:availability_zone": "nova", "user_id": "544224c879a2486ab8361d6d659a02c9", "name": "tempest.common.compute-instance-494992666", "created": "2015-12-07T09:12:03Z", "tenant_id": "4bb04901e4724457ae02bc4150fdd620", "OS-DCF:diskConfig": "MANUAL", "os-extended-volumes:volumes_attached": [], "accessIPv4": "", "accessIPv6": "", "progress": 0, "OS-EXT-STS:power_state": 1, "config_drive": "True", "metadata": {}}}
2015-12-07 09:12:09,385 20176 INFO     [tempest.common.waiters] State transition "BUILD/spawning" ==&gt; "ACTIVE/None" after 5 second wait
2015-12-07 09:12:09,595 20176 INFO     [tempest_lib.common.rest_client] Request (TestGettingAddress:test_dhcp6_stateless_from_os): 200 GET http://10.0.2.15:8774/v2.1/4bb04901e4724457ae02bc4150fdd620/servers/28e0f266-198d-4154-8fa6-03c7a700a8e0 0.209s
2015-12-07 09:12:09,595 20176 DEBUG    [tempest_lib.common.rest_client] Request - Headers: {'Content-Type': 'application/json', 'Accept': 'application/json', 'X-Auth-Token': '&lt;omitted&gt;'}
        Body: None
    Response - Headers: {'status': '200', 'content-length': '1779', 'content-location': 'http://10.0.2.15:8774/v2.1/4bb04901e4724457ae02bc4150fdd620/servers/28e0f266-198d-4154-8fa6-03c7a700a8e0', 'x-compute-request-id': 'req-069894ee-dd63-48d6-ac0f-2392d08a07a8', 'vary': 'X-OpenStack-Nova-API-Version', 'connection': 'close', 'x-openstack-nova-api-version': '2.1', 'date': 'Mon, 07 Dec 2015 09:12:09 GMT', 'content-type': 'application/json'}
        Body: {"server": {"status": "ACTIVE", "updated": "2015-12-07T09:12:08Z", "hostId": "6c8b280b57681e103f6402d64e9fdad7d2a906475f588662badbdf41", "addresses": {"tempest-network-smoke--928141809": [{"OS-EXT-IPS-MAC:mac_addr": "fa:16:3e:41:8a:5d", "version": 6, "addr": "2003::f816:3eff:fe41:8a5d", "OS-EXT-IPS:type": "fixed"}, {"OS-EXT-IPS-MAC:mac_addr": "fa:16:3e:41:8a:5d", "version": 4, "addr": "10.100.0.3", "OS-EXT-IPS:type": "fixed"}]}, "links": [{"href": "http://10.0.2.15:8774/v2.1/4bb04901e4724457ae02bc4150fdd620/servers/28e0f266-198d-4154-8fa6-03c7a700a8e0", "rel": "self"}, {"href": "http://10.0.2.15:8774/4bb04901e4724457ae02bc4150fdd620/servers/28e0f266-198d-4154-8fa6-03c7a700a8e0", "rel": "bookmark"}], "key_name": "tempest-TestGettingAddress-1910608709", "image": {"id": "21b066dc-43e2-4748-9e1f-0bd18a0b0c1a", "links": [{"href": "http://10.0.2.15:8774/4bb04901e4724457ae02bc4150fdd620/images/21b066dc-43e2-4748-9e1f-0bd18a0b0c1a", "rel": "bookmark"}]}, "OS-EXT-STS:task_state": null, "OS-EXT-STS:vm_state": "active", "OS-SRV-USG:launched_at": "2015-12-07T09:12:08.000000", "flavor": {"id": "42", "links": [{"href": "http://10.0.2.15:8774/4bb04901e4724457ae02bc4150fdd620/flavors/42", "rel": "bookmark"}]}, "id": "28e0f266-198d-4154-8fa6-03c7a700a8e0", "security_groups": [{"name": "tempest-secgroup-smoke-514609324"}], "OS-SRV-USG:terminated_at": null, "OS-EXT-AZ:availability_zone": "nova", "user_id": "544224c879a2486ab8361d6d659a02c9", "name": "tempest.common.compute-instance-494992666", "created": "2015-12-07T09:12:03Z", "tenant_id": "4bb04901e4724457ae02bc4150fdd620", "OS-DCF:diskConfig": "MANUAL", "os-extended-volumes:volumes_attached": [], "accessIPv4": "", "accessIPv6": "", "progress": 0, "OS-EXT-STS:power_state": 1, "config_drive": "True", "metadata": {}}}
2015-12-07 09:12:09,643 20176 INFO     [tempest_lib.common.rest_client] Request (TestGettingAddress:test_dhcp6_stateless_from_os): 200 GET http://10.0.2.15:9696/v2.0/ports?status=ACTIVE&amp;fixed_ip=None&amp;device_id=28e0f266-198d-4154-8fa6-03c7a700a8e0 0.035s
2015-12-07 09:12:09,644 20176 DEBUG    [tempest_lib.common.rest_client] Request - Headers: {'Content-Type': 'application/json', 'Accept': 'application/json', 'X-Auth-Token': '&lt;omitted&gt;'}
        Body: None
    Response - Headers: {'status': '200', 'content-length': '1142', 'content-location': 'http://10.0.2.15:9696/v2.0/ports?status=ACTIVE&amp;fixed_ip=None&amp;device_id=28e0f266-198d-4154-8fa6-03c7a700a8e0', 'connection': 'close', 'date': 'Mon, 07 Dec 2015 09:12:09 GMT', 'content-type': 'application/json; charset=UTF-8', 'x-openstack-request-id': 'req-3510a486-f52d-4cbc-b485-e1ba0e673e94'}
        Body: {"ports": [{"status": "ACTIVE", "binding:host_id": "vagrant-ubuntu-trusty-64", "allowed_address_pairs": [], "extra_dhcp_opts": [], "dns_assignment": [{"hostname": "host-10-100-0-3", "ip_address": "10.100.0.3", "fqdn": "host-10-100-0-3.openstacklocal."}, {"hostname": "host-2003--f816-3eff-fe41-8a5d", "ip_address": "2003::f816:3eff:fe41:8a5d", "fqdn": "host-2003--f816-3eff-fe41-8a5d.openstacklocal."}], "device_owner": "compute:None", "port_security_enabled": true, "binding:profile": {}, "fixed_ips": [{"subnet_id": "801af06a-6357-4a80-8f2c-a284f1c3d09d", "ip_address": "10.100.0.3"}, {"subnet_id": "57166e5c-f4fd-4a7f-9ca0-47ffee0eed03", "ip_address": "2003::f816:3eff:fe41:8a5d"}], "id": "c3bd3177-cb59-4d2d-81fa-752489ec6e32", "security_groups": ["7be55a47-62dc-43a8-be2b-fc3e7f2bc0c6"], "device_id": "28e0f266-198d-4154-8fa6-03c7a700a8e0", "name": "", "admin_state_up": true, "network_id": "7fac4986-250a-4236-957d-17722e0601dd", "dns_name": "", "binding:vif_details": {"port_filter": true}, "binding:vnic_type": "normal", "binding:vif_type": "ovs", "tenant_id": "4bb04901e4724457ae02bc4150fdd620", "mac_address": "fa:16:3e:41:8a:5d"}]}
2015-12-07 09:12:10,192 20176 INFO     [tempest_lib.common.rest_client] Request (TestGettingAddress:test_dhcp6_stateless_from_os): 201 POST http://10.0.2.15:9696/v2.0/floatingips 0.547s
2015-12-07 09:12:10,193 20176 DEBUG    [tempest_lib.common.rest_client] Request - Headers: {'Content-Type': 'application/json', 'Accept': 'application/json', 'X-Auth-Token': '&lt;omitted&gt;'}
        Body: {"floatingip": {"floating_network_id": "7943b62c-0a8e-4ad3-889b-5c34e76f9152", "tenant_id": "4bb04901e4724457ae02bc4150fdd620", "fixed_ip_address": "10.100.0.3", "port_id": "c3bd3177-cb59-4d2d-81fa-752489ec6e32"}}
    Response - Headers: {'status': '201', 'content-length': '367', 'connection': 'close', 'date': 'Mon, 07 Dec 2015 09:12:10 GMT', 'content-type': 'application/json; charset=UTF-8', 'x-openstack-request-id': 'req-2a2eb284-40c6-47b2-a899-e7c181c0fad8'}
        Body: {"floatingip": {"floating_network_id": "7943b62c-0a8e-4ad3-889b-5c34e76f9152", "router_id": "2ff0d19f-289b-4e60-b0ac-e4a0e7be78d8", "fixed_ip_address": "10.100.0.3", "floating_ip_address": "172.24.4.4", "tenant_id": "4bb04901e4724457ae02bc4150fdd620", "status": "DOWN", "port_id": "c3bd3177-cb59-4d2d-81fa-752489ec6e32", "id": "1a77bf9f-a47d-4376-afc6-5e490a4e9d9e"}}
2015-12-07 09:12:10,194 20176 INFO     [tempest_lib.common.ssh] Creating ssh connection to '172.24.4.4' as 'cirros' with public key authentication
2015-12-07 09:12:14,201 20176 WARNING  [tempest_lib.common.ssh] Failed to establish authenticated ssh connection to cirros@172.24.4.4 ([Errno None] Unable to connect to port 22 on  or 172.24.4.4). Number attempts: 1. Retry after 2 seconds.
2015-12-07 09:12:19,705 20176 WARNING  [tempest_lib.common.ssh] Failed to establish authenticated ssh connection to cirros@172.24.4.4 ([Errno None] Unable to connect to port 22 on  or 172.24.4.4). Number attempts: 2. Retry after 3 seconds.
2015-12-07 09:12:26,209 20176 WARNING  [tempest_lib.common.ssh] Failed to establish authenticated ssh connection to cirros@172.24.4.4 ([Errno None] Unable to connect to port 22 on  or 172.24.4.4). Number attempts: 3. Retry after 4 seconds.
2015-12-07 09:12:33,710 20176 WARNING  [tempest_lib.common.ssh] Failed to establish authenticated ssh connection to cirros@172.24.4.4 ([Errno None] Unable to connect to port 22 on  or 172.24.4.4). Number attempts: 4. Retry after 5 seconds.
2015-12-07 09:12:42,213 20176 WARNING  [tempest_lib.common.ssh] Failed to establish authenticated ssh connection to cirros@172.24.4.4 ([Errno None] Unable to connect to port 22 on  or 172.24.4.4). Number attempts: 5. Retry after 6 seconds.
2015-12-07 09:12:51,725 20176 WARNING  [tempest_lib.common.ssh] Failed to establish authenticated ssh connection to cirros@172.24.4.4 ([Errno None] Unable to connect to port 22 on  or 172.24.4.4). Number attempts: 6. Retry after 7 seconds.
2015-12-07 09:13:02,236 20176 WARNING  [tempest_lib.common.ssh] Failed to establish authenticated ssh connection to cirros@172.24.4.4 ([Errno None] Unable to connect to port 22 on  or 172.24.4.4). Number attempts: 7. Retry after 8 seconds.
2015-12-07 09:13:13,742 20176 WARNING  [tempest_lib.common.ssh] Failed to establish authenticated ssh connection to cirros@172.24.4.4 ([Errno None] Unable to connect to port 22 on  or 172.24.4.4). Number attempts: 8. Retry after 9 seconds.
2015-12-07 09:13:26,245 20176 WARNING  [tempest_lib.common.ssh] Failed to establish authenticated ssh connection to cirros@172.24.4.4 ([Errno None] Unable to connect to port 22 on  or 172.24.4.4). Number attempts: 9. Retry after 10 seconds.
2015-12-07 09:13:39,753 20176 WARNING  [tempest_lib.common.ssh] Failed to establish authenticated ssh connection to cirros@172.24.4.4 ([Errno None] Unable to connect to port 22 on  or 172.24.4.4). Number attempts: 10. Retry after 11 seconds.
2015-12-07 09:13:54,265 20176 WARNING  [tempest_lib.common.ssh] Failed to establish authenticated ssh connection to cirros@172.24.4.4 ([Errno None] Unable to connect to port 22 on  or 172.24.4.4). Number attempts: 11. Retry after 12 seconds.
2015-12-07 09:14:09,773 20176 WARNING  [tempest_lib.common.ssh] Failed to establish authenticated ssh connection to cirros@172.24.4.4 ([Errno None] Unable to connect to port 22 on  or 172.24.4.4). Number attempts: 12. Retry after 13 seconds.
2015-12-07 09:14:26,283 20176 WARNING  [tempest_lib.common.ssh] Failed to establish authenticated ssh connection to cirros@172.24.4.4 ([Errno None] Unable to connect to port 22 on  or 172.24.4.4). Number attempts: 13. Retry after 14 seconds.
2015-12-07 09:14:43,789 20176 WARNING  [tempest_lib.common.ssh] Failed to establish authenticated ssh connection to cirros@172.24.4.4 ([Errno None] Unable to connect to port 22 on  or 172.24.4.4). Number attempts: 14. Retry after 15 seconds.
2015-12-07 09:15:02,297 20176 WARNING  [tempest_lib.common.ssh] Failed to establish authenticated ssh connection to cirros@172.24.4.4 ([Errno None] Unable to connect to port 22 on  or 172.24.4.4). Number attempts: 15. Retry after 16 seconds.
2015-12-07 09:15:21,815 20176 WARNING  [tempest_lib.common.ssh] Failed to establish authenticated ssh connection to cirros@172.24.4.4 ([Errno None] Unable to connect to port 22 on  or 172.24.4.4). Number attempts: 16. Retry after 17 seconds.
2015-12-07 09:15:42,317 20176 ERROR    [tempest_lib.common.ssh] Failed to establish authenticated ssh connection to cirros@172.24.4.4 after 16 attempts
2015-12-07 09:15:42.317 20176 ERROR tempest_lib.common.ssh Traceback (most recent call last):
2015-12-07 09:15:42.317 20176 ERROR tempest_lib.common.ssh   File "/usr/local/lib/python2.7/dist-packages/tempest_lib/common/ssh.py", line 75, in _get_ssh_connection
2015-12-07 09:15:42.317 20176 ERROR tempest_lib.common.ssh     timeout=self.channel_timeout, pkey=self.pkey)
2015-12-07 09:15:42.317 20176 ERROR tempest_lib.common.ssh   File "/usr/local/lib/python2.7/dist-packages/paramiko/client.py", line 311, in connect
2015-12-07 09:15:42.317 20176 ERROR tempest_lib.common.ssh     raise NoValidConnectionsError(errors)
2015-12-07 09:15:42.317 20176 ERROR tempest_lib.common.ssh NoValidConnectionsError: [Errno None] Unable to connect to port 22 on  or 172.24.4.4
2015-12-07 09:15:42.317 20176 ERROR tempest_lib.common.ssh 
2015-12-07 09:15:42,319 20176 ERROR    [tempest.scenario.manager] (TestGettingAddress:test_dhcp6_stateless_from_os) Initializing SSH connection to 172.24.4.4 failed. Error: Connection to the 172.24.4.4 via SSH timed out.
User: cirros, Password: None
2015-12-07 09:15:42.319 20176 ERROR tempest.scenario.manager Traceback (most recent call last):
2015-12-07 09:15:42.319 20176 ERROR tempest.scenario.manager   File "tempest/scenario/manager.py", line 383, in get_remote_client
2015-12-07 09:15:42.319 20176 ERROR tempest.scenario.manager     linux_client.validate_authentication()
2015-12-07 09:15:42.319 20176 ERROR tempest.scenario.manager   File "tempest/common/utils/linux/remote_client.py", line 63, in validate_authentication
2015-12-07 09:15:42.319 20176 ERROR tempest.scenario.manager     self.ssh_client.test_connection_auth()
2015-12-07 09:15:42.319 20176 ERROR tempest.scenario.manager   File "/usr/local/lib/python2.7/dist-packages/tempest_lib/common/ssh.py", line 167, in test_connection_auth
2015-12-07 09:15:42.319 20176 ERROR tempest.scenario.manager     connection = self._get_ssh_connection()
2015-12-07 09:15:42.319 20176 ERROR tempest.scenario.manager   File "/usr/local/lib/python2.7/dist-packages/tempest_lib/common/ssh.py", line 87, in _get_ssh_connection
2015-12-07 09:15:42.319 20176 ERROR tempest.scenario.manager     password=self.password)
2015-12-07 09:15:42.319 20176 ERROR tempest.scenario.manager SSHTimeout: Connection to the 172.24.4.4 via SSH timed out.
2015-12-07 09:15:42.319 20176 ERROR tempest.scenario.manager User: cirros, Password: None
2015-12-07 09:15:42.319 20176 ERROR tempest.scenario.manager 
2015-12-07 09:15:42,403 20176 INFO     [tempest_lib.common.rest_client] Request (TestGettingAddress:test_dhcp6_stateless_from_os): 200 GET http://10.0.2.15:8774/v2.1/4bb04901e4724457ae02bc4150fdd620/servers 0.081s
2015-12-07 09:15:42,404 20176 DEBUG    [tempest_lib.common.rest_client] Request - Headers: {'Content-Type': 'application/json', 'Accept': 'application/json', 'X-Auth-Token': '&lt;omitted&gt;'}
        Body: None
    Response - Headers: {'status': '200', 'content-length': '390', 'content-location': 'http://10.0.2.15:8774/v2.1/4bb04901e4724457ae02bc4150fdd620/servers', 'x-compute-request-id': 'req-ce48a363-10fb-4a88-94fb-3e318b422ac1', 'vary': 'X-OpenStack-Nova-API-Version', 'connection': 'close', 'x-openstack-nova-api-version': '2.1', 'date': 'Mon, 07 Dec 2015 09:15:42 GMT', 'content-type': 'application/json'}
        Body: {"servers": [{"id": "28e0f266-198d-4154-8fa6-03c7a700a8e0", "links": [{"href": "http://10.0.2.15:8774/v2.1/4bb04901e4724457ae02bc4150fdd620/servers/28e0f266-198d-4154-8fa6-03c7a700a8e0", "rel": "self"}, {"href": "http://10.0.2.15:8774/4bb04901e4724457ae02bc4150fdd620/servers/28e0f266-198d-4154-8fa6-03c7a700a8e0", "rel": "bookmark"}], "name": "tempest.common.compute-instance-494992666"}]}
2015-12-07 09:15:42,622 20176 INFO     [tempest_lib.common.rest_client] Request (TestGettingAddress:test_dhcp6_stateless_from_os): 200 POST http://10.0.2.15:8774/v2.1/4bb04901e4724457ae02bc4150fdd620/servers/28e0f266-198d-4154-8fa6-03c7a700a8e0/action 0.214s
2015-12-07 09:15:42,623 20176 DEBUG    [tempest_lib.common.rest_client] Request - Headers: {'Content-Type': 'application/json', 'Accept': 'application/json', 'X-Auth-Token': '&lt;omitted&gt;'}
        Body: {"os-getConsoleOutput": {}}
    Response - Headers: {'status': '200', 'content-length': '24609', 'x-compute-request-id': 'req-408862ac-035c-443f-a9ac-a6d933a8a831', 'vary': 'X-OpenStack-Nova-API-Version', 'connection': 'close', 'x-openstack-nova-api-version': '2.1', 'date': 'Mon, 07 Dec 2015 09:15:42 GMT', 'content-type': 'application/json'}
        Body: {"output": "[    0.000000] Initializing cgroup subsys cpuset\n[    0.000000] Initializing cgroup subsys cpu\n[    0.000000] Linux version 3.2.0-80-virtual (buildd@batsu) (gcc version 4.6.3 (Ubuntu/Linaro 4.6.3-1ubuntu5) ) #116-Ubuntu SMP Mon Mar 23 17:28:52 UTC 2015 (Ubuntu 3.2.0-80.116-virtual 3.2.68)\n[    0.000000] Command line: root=/dev/vda console=tty0 console=ttyS0 no_timer_check\n[    0.000000] KERNEL supported cpus:\n[    0.000000]   Intel GenuineIntel\n[    0.000000]   AMD AuthenticAMD\n[    0.000000]   Centaur CentaurHauls\n[    0.000000] BIOS-provided physical RAM map:\n[    0.000000]  BIOS-e820: 0000000000000000 - 000000000009fc00 (usable)\n[    0.000000]  BIOS-e820: 000000000009fc00 - 00000000000a0000 (reserved)\n[    0.000000]  BIOS-e820: 00000000000f0000 - 0000000000100000 (reserved)\n[    0.000000]  BIOS-e820: 0000000000100000 - 0000000003ffe000 (usable)\n[    0.000000]  BIOS-e820: 0000000003ffe000 - 0000000004000000 (reserved)\n[    0.000000]  BIOS-e820: 00000000fffc0000 - 0000000100000000 (reserved)\n[    0.000000] NX (Execute Disable) protection: active\n[    0.000000] SMBIOS 2.4 present.\n[    0.000000] No AGP bridge found\n[    0.000000] last_pfn = 0x3ffe max_arch_pfn = 0x400000000\n[    0.000000] x86 PAT enabled: cpu 0, old 0x7040600070406, new 0x7010600070106\n[    0.000000] found SMP MP-table at [ffff8800000f0b00] f0b00\n[    0.000000] init_memory_mapping: 0000000000000000-0000000003ffe000\n[    0.000000] RAMDISK: 03c5e000 - 03ff0000\n[    0.000000] ACPI: RSDP 00000000000f0950 00014 (v00 BOCHS )\n[    0.000000] ACPI: RSDT 0000000003fffbc1 00034 (v01 BOCHS  BXPCRSDT 00000001 BXPC 00000001)\n[    0.000000] ACPI: FACP 0000000003fff1c0 00074 (v01 BOCHS  BXPCFACP 00000001 BXPC 00000001)\n[    0.000000] ACPI: DSDT 0000000003ffe040 01180 (v01 BOCHS  BXPCDSDT 00000001 BXPC 00000001)\n[    0.000000] ACPI: FACS 0000000003ffe000 00040\n[    0.000000] ACPI: SSDT 0000000003fff234 008DD (v01 BOCHS  BXPCSSDT 00000001 BXPC 00000001)\n[    0.000000] ACPI: APIC 0000000003fffb11 00078 (v01 BOCHS  BXPCAPIC 00000001 BXPC 00000001)\n[    0.000000] ACPI: HPET 0000000003fffb89 00038 (v01 BOCHS  BXPCHPET 00000001 BXPC 00000001)\n[    0.000000] No NUMA configuration found\n[    0.000000] Faking a node at 0000000000000000-0000000003ffe000\n[    0.000000] Initmem setup node 0 0000000000000000-0000000003ffe000\n[    0.000000]   NODE_DATA [0000000003ff6000 - 0000000003ffafff]\n[    0.000000] Zone PFN ranges:\n[    0.000000]   DMA      0x00000010 -&gt; 0x00001000\n[    0.000000]   DMA32    0x00001000 -&gt; 0x00100000\n[    0.000000]   Normal   empty\n[    0.000000] Movable zone start PFN for each node\n[    0.000000] early_node_map[2] active PFN ranges\n[    0.000000]     0: 0x00000010 -&gt; 0x0000009f\n[    0.000000]     0: 0x00000100 -&gt; 0x00003ffe\n[    0.000000] ACPI: PM-Timer IO Port: 0xb008\n[    0.000000] ACPI: LAPIC (acpi_id[0x00] lapic_id[0x00] enabled)\n[    0.000000] ACPI: LAPIC_NMI (acpi_id[0xff] dfl dfl lint[0x1])\n[    0.000000] ACPI: IOAPIC (id[0x00] address[0xfec00000] gsi_base[0])\n[    0.000000] IOAPIC[0]: apic_id 0, version 17, address 0xfec00000, GSI 0-23\n[    0.000000] ACPI: INT_SRC_OVR (bus 0 bus_irq 0 global_irq 2 dfl dfl)\n[    0.000000] ACPI: INT_SRC_OVR (bus 0 bus_irq 5 global_irq 5 high level)\n[    0.000000] ACPI: INT_SRC_OVR (bus 0 bus_irq 9 global_irq 9 high level)\n[    0.000000] ACPI: INT_SRC_OVR (bus 0 bus_irq 10 global_irq 10 high level)\n[    0.000000] ACPI: INT_SRC_OVR (bus 0 bus_irq 11 global_irq 11 high level)\n[    0.000000] Using ACPI (MADT) for SMP configuration information\n[    0.000000] ACPI: HPET id: 0x8086a201 base: 0xfed00000\n[    0.000000] SMP: Allowing 1 CPUs, 0 hotplug CPUs\n[    0.000000] PM: Registered nosave memory: 000000000009f000 - 00000000000a0000\n[    0.000000] PM: Registered nosave memory: 00000000000a0000 - 00000000000f0000\n[    0.000000] PM: Registered nosave memory: 00000000000f0000 - 0000000000100000\n[    0.000000] Allocating PCI resources starting at 4000000 (gap: 4000000:fbfc0000)\n[    0.000000] Booting paravirtualized kernel on bare hardware\n[    0.000000] setup_pe
2015-12-07 09:15:42,625 20176 DEBUG    [tempest.scenario.manager] Console output for 28e0f266-198d-4154-8fa6-03c7a700a8e0
body=
[    0.000000] Initializing cgroup subsys cpuset
[    0.000000] Initializing cgroup subsys cpu
[    0.000000] Linux version 3.2.0-80-virtual (buildd@batsu) (gcc version 4.6.3 (Ubuntu/Linaro 4.6.3-1ubuntu5) ) #116-Ubuntu SMP Mon Mar 23 17:28:52 UTC 2015 (Ubuntu 3.2.0-80.116-virtual 3.2.68)
[    0.000000] Command line: root=/dev/vda console=tty0 console=ttyS0 no_timer_check
[    0.000000] KERNEL supported cpus:
[    0.000000]   Intel GenuineIntel
[    0.000000]   AMD AuthenticAMD
[    0.000000]   Centaur CentaurHauls
[    0.000000] BIOS-provided physical RAM map:
[    0.000000]  BIOS-e820: 0000000000000000 - 000000000009fc00 (usable)
[    0.000000]  BIOS-e820: 000000000009fc00 - 00000000000a0000 (reserved)
[    0.000000]  BIOS-e820: 00000000000f0000 - 0000000000100000 (reserved)
[    0.000000]  BIOS-e820: 0000000000100000 - 0000000003ffe000 (usable)
[    0.000000]  BIOS-e820: 0000000003ffe000 - 0000000004000000 (reserved)
[    0.000000]  BIOS-e820: 00000000fffc0000 - 0000000100000000 (reserved)
[    0.000000] NX (Execute Disable) protection: active
[    0.000000] SMBIOS 2.4 present.
[    0.000000] No AGP bridge found
[    0.000000] last_pfn = 0x3ffe max_arch_pfn = 0x400000000
[    0.000000] x86 PAT enabled: cpu 0, old 0x7040600070406, new 0x7010600070106
[    0.000000] found SMP MP-table at [ffff8800000f0b00] f0b00
[    0.000000] init_memory_mapping: 0000000000000000-0000000003ffe000
[    0.000000] RAMDISK: 03c5e000 - 03ff0000
[    0.000000] ACPI: RSDP 00000000000f0950 00014 (v00 BOCHS )
[    0.000000] ACPI: RSDT 0000000003fffbc1 00034 (v01 BOCHS  BXPCRSDT 00000001 BXPC 00000001)
[    0.000000] ACPI: FACP 0000000003fff1c0 00074 (v01 BOCHS  BXPCFACP 00000001 BXPC 00000001)
[    0.000000] ACPI: DSDT 0000000003ffe040 01180 (v01 BOCHS  BXPCDSDT 00000001 BXPC 00000001)
[    0.000000] ACPI: FACS 0000000003ffe000 00040
[    0.000000] ACPI: SSDT 0000000003fff234 008DD (v01 BOCHS  BXPCSSDT 00000001 BXPC 00000001)
[    0.000000] ACPI: APIC 0000000003fffb11 00078 (v01 BOCHS  BXPCAPIC 00000001 BXPC 00000001)
[    0.000000] ACPI: HPET 0000000003fffb89 00038 (v01 BOCHS  BXPCHPET 00000001 BXPC 00000001)
[    0.000000] No NUMA configuration found
[    0.000000] Faking a node at 0000000000000000-0000000003ffe000
[    0.000000] Initmem setup node 0 0000000000000000-0000000003ffe000
[    0.000000]   NODE_DATA [0000000003ff6000 - 0000000003ffafff]
[    0.000000] Zone PFN ranges:
[    0.000000]   DMA      0x00000010 -&gt; 0x00001000
[    0.000000]   DMA32    0x00001000 -&gt; 0x00100000
[    0.000000]   Normal   empty
[    0.000000] Movable zone start PFN for each node
[    0.000000] early_node_map[2] active PFN ranges
[    0.000000]     0: 0x00000010 -&gt; 0x0000009f
[    0.000000]     0: 0x00000100 -&gt; 0x00003ffe
[    0.000000] ACPI: PM-Timer IO Port: 0xb008
[    0.000000] ACPI: LAPIC (acpi_id[0x00] lapic_id[0x00] enabled)
[    0.000000] ACPI: LAPIC_NMI (acpi_id[0xff] dfl dfl lint[0x1])
[    0.000000] ACPI: IOAPIC (id[0x00] address[0xfec00000] gsi_base[0])
[    0.000000] IOAPIC[0]: apic_id 0, version 17, address 0xfec00000, GSI 0-23
[    0.000000] ACPI: INT_SRC_OVR (bus 0 bus_irq 0 global_irq 2 dfl dfl)
[    0.000000] ACPI: INT_SRC_OVR (bus 0 bus_irq 5 global_irq 5 high level)
[    0.000000] ACPI: INT_SRC_OVR (bus 0 bus_irq 9 global_irq 9 high level)
[    0.000000] ACPI: INT_SRC_OVR (bus 0 bus_irq 10 global_irq 10 high level)
[    0.000000] ACPI: INT_SRC_OVR (bus 0 bus_irq 11 global_irq 11 high level)
[    0.000000] Using ACPI (MADT) for SMP configuration information
[    0.000000] ACPI: HPET id: 0x8086a201 base: 0xfed00000
[    0.000000] SMP: Allowing 1 CPUs, 0 hotplug CPUs
[    0.000000] PM: Registered nosave memory: 000000000009f000 - 00000000000a0000
[    0.000000] PM: Registered nosave memory: 00000000000a0000 - 00000000000f0000
[    0.000000] PM: Registered nosave memory: 00000000000f0000 - 0000000000100000
[    0.000000] Allocating PCI resources starting at 4000000 (gap: 4000000:fbfc0000)
[    0.000000] Booting paravirtualized kernel on bare hardware
[    0.000000] setup_percpu: NR_CPUS:64 nr_cpumask_bits:64 nr_cpu_ids:1 nr_node_ids:1
[    0.000000] PERCPU: Embedded 27 pages/cpu @ffff880003a00000 s78848 r8192 d23552 u2097152
[    0.000000] Built 1 zonelists in Node order, mobility grouping on.  Total pages: 16008
[    0.000000] Policy zone: DMA32
[    0.000000] Kernel command line: root=/dev/vda console=tty0 console=ttyS0 no_timer_check
[    0.000000] PID hash table entries: 256 (order: -1, 2048 bytes)
[    0.000000] Checking aperture...
[    0.000000] No AGP bridge found
[    0.000000] Memory: 43492k/65528k available (6576k kernel code, 452k absent, 21584k reserved, 6620k data, 928k init)
[    0.000000] SLUB: Genslabs=15, HWalign=64, Order=0-3, MinObjects=0, CPUs=1, Nodes=1
[    0.000000] Hierarchical RCU implementation.
[    0.000000] 	RCU dyntick-idle grace-period acceleration is enabled.
[    0.000000] NR_IRQS:4352 nr_irqs:256 16
[    0.000000] Console: colour VGA+ 80x25
[    0.000000] console [tty0] enabled
[    0.000000] console [ttyS0] enabled
[    0.000000] allocated 1048576 bytes of page_cgroup
[    0.000000] please try 'cgroup_disable=memory' option if you don't want memory cgroups
[    0.000000] Fast TSC calibration failed
[    0.000000] TSC: Unable to calibrate against PIT
[    0.000000] TSC: using HPET reference calibration
[    0.000000] Detected 2294.462 MHz processor.
[    0.032819] Calibrating delay loop (skipped), value calculated using timer frequency.. 4588.92 BogoMIPS (lpj=9177848)
[    0.036480] pid_max: default: 32768 minimum: 301
[    0.050394] Security Framework initialized
[    0.056716] AppArmor: AppArmor initialized
[    0.058190] Yama: becoming mindful.
[    0.066843] Dentry cache hash table entries: 8192 (order: 4, 65536 bytes)
[    0.068630] Inode-cache hash table entries: 4096 (order: 3, 32768 bytes)
[    0.070184] Mount-cache hash table entries: 256
[    0.087459] Initializing cgroup subsys cpuacct
[    0.088364] Initializing cgroup subsys memory
[    0.089700] Initializing cgroup subsys devices
[    0.090518] Initializing cgroup subsys freezer
[    0.092158] Initializing cgroup subsys blkio
[    0.092742] Initializing cgroup subsys perf_event
[    0.097827] mce: CPU supports 10 MCE banks
[    0.101630] SMP alternatives: switching to UP code
[    0.488586] Freeing SMP alternatives: 24k freed
[    0.490340] ACPI: Core revision 20110623
[    0.544278] ftrace: allocating 26610 entries in 105 pages
[    0.574095] ..TIMER: vector=0x30 apic1=0 pin1=2 apic2=-1 pin2=-1
[    0.576156] CPU0: AMD QEMU Virtual CPU version 2.0.0 stepping 03
[    0.580035] Performance Events: Broken PMU hardware detected, using software events only.
[    0.588719] NMI watchdog disabled (cpu0): hardware events not enabled
[    0.590378] Brought up 1 CPUs
[    0.590906] Total of 1 processors activated (4588.92 BogoMIPS).
[    0.616037] devtmpfs: initialized
[    0.646624] EVM: security.selinux
[    0.647116] EVM: security.SMACK64
[    0.647533] EVM: security.capability
[    0.671009] print_constraints: dummy: 
[    0.673184] RTC time:  9:12:11, date: 12/07/15
[    0.676817] NET: Registered protocol family 16
[    0.684381] ACPI: bus type pci registered
[    0.688201] PCI: Using configuration type 1 for base access
[    0.719276] bio: create slab &lt;bio-0&gt; at 0
[    0.724418] ACPI: Added _OSI(Module Device)
[    0.724950] ACPI: Added _OSI(Processor Device)
[    0.725486] ACPI: Added _OSI(3.0 _SCP Extensions)
[    0.726069] ACPI: Added _OSI(Processor Aggregator Device)
[    0.796684] ACPI: Interpreter enabled
[    0.797298] ACPI: (supports S0 S3 S4 S5)
[    0.799044] ACPI: Using IOAPIC for interrupt routing
[    0.871234] ACPI: No dock devices found.
[    0.872186] HEST: Table not found.
[    0.872806] PCI: Using host bridge windows from ACPI; if necessary, use "pci=nocrs" and report a bug
[    0.878884] ACPI: PCI Root Bridge [PCI0] (domain 0000 [bus 00-ff])
[    0.885166] pci_root PNP0A03:00: host bridge window [io  0x0000-0x0cf7]
[    0.886007] pci_root PNP0A03:00: host bridge window [io  0x0d00-0xadff]
[    0.886846] pci_root PNP0A03:00: host bridge window [io  0xae0f-0xaeff]
[    0.888115] pci_root PNP0A03:00: host bridge window [io  0xaf20-0xafdf]
[    0.888869] pci_root PNP0A03:00: host bridge window [io  0xafe4-0xffff]
[    0.889727] pci_root PNP0A03:00: host bridge window [mem 0x000a0000-0x000bffff]
[    0.890784] pci_root PNP0A03:00: host bridge window [mem 0x04000000-0xfebfffff]
[    0.910771] pci 0000:00:01.3: quirk: [io  0xb000-0xb03f] claimed by PIIX4 ACPI
[    0.911792] pci 0000:00:01.3: quirk: [io  0xb100-0xb10f] claimed by PIIX4 SMB
[    0.994948]  pci0000:00: Unable to request _OSC control (_OSC support mask: 0x1e)
[    1.057403] ACPI: PCI Interrupt Link [LNKA] (IRQs 5 *10 11)
[    1.060319] ACPI: PCI Interrupt Link [LNKB] (IRQs 5 *10 11)
[    1.062683] ACPI: PCI Interrupt Link [LNKC] (IRQs 5 10 *11)
[    1.065289] ACPI: PCI Interrupt Link [LNKD] (IRQs 5 10 *11)
[    1.066886] ACPI: PCI Interrupt Link [LNKS] (IRQs *9)
[    1.076396] vgaarb: device added: PCI:0000:00:02.0,decodes=io+mem,owns=io+mem,locks=none
[    1.077499] vgaarb: loaded
[    1.077908] vgaarb: bridge control possible 0000:00:02.0
[    1.082537] i2c-core: driver [aat2870] using legacy suspend method
[    1.084199] i2c-core: driver [aat2870] using legacy resume method
[    1.089788] SCSI subsystem initialized
[    1.093911] usbcore: registered new interface driver usbfs
[    1.095165] usbcore: registered new interface driver hub
[    1.096832] usbcore: registered new device driver usb
[    1.101300] PCI: Using ACPI for IRQ routing
[    1.113003] NetLabel: Initializing
[    1.113427] NetLabel:  domain hash size = 128
[    1.113903] NetLabel:  protocols = UNLABELED CIPSOv4
[    1.116517] NetLabel:  unlabeled traffic allowed by default
[    1.119454] HPET: 3 timers in total, 0 timers will be used for per-cpu timer
[    1.120740] hpet0: at MMIO 0xfed00000, IRQs 2, 8, 0
[    1.124435] hpet0: 3 comparators, 64-bit 100.000000 MHz counter
[    1.138881] Switching to clocksource hpet
[    1.378165] AppArmor: AppArmor Filesystem Enabled
[    1.379678] pnp: PnP ACPI init
[    1.381266] ACPI: bus type pnp registered
[    1.399969] pnp: PnP ACPI: found 9 devices
[    1.400858] ACPI: ACPI bus type pnp unregistered
[    1.465562] NET: Registered protocol family 2
[    1.500763] IP route cache hash table entries: 512 (order: 0, 4096 bytes)
[    1.508844] TCP established hash table entries: 2048 (order: 3, 32768 bytes)
[    1.511072] TCP bind hash table entries: 2048 (order: 3, 32768 bytes)
[    1.512010] TCP: Hash tables configured (established 2048 bind 2048)
[    1.513761] TCP reno registered
[    1.514319] UDP hash table entries: 128 (order: 0, 4096 bytes)
[    1.515338] UDP-Lite hash table entries: 128 (order: 0, 4096 bytes)
[    1.518753] NET: Registered protocol family 1
[    1.519615] pci 0000:00:00.0: Limiting direct PCI/PCI transfers
[    1.520972] pci 0000:00:01.0: PIIX3: Enabling Passive Release
[    1.521870] pci 0000:00:01.0: Activating ISA DMA hang workarounds
[    1.526918] ACPI: PCI Interrupt Link [LNKD] enabled at IRQ 11
[    1.527859] pci 0000:00:01.2: PCI INT D -&gt; Link[LNKD] -&gt; GSI 11 (level, high) -&gt; IRQ 11
[    1.530682] pci 0000:00:01.2: PCI INT D disabled
[    1.551685] Trying to unpack rootfs image as initramfs...
[    1.570654] audit: initializing netlink socket (disabled)
[    1.572035] type=2000 audit(1449479531.568:1): initialized
[    1.839099] HugeTLB registered 2 MB page size, pre-allocated 0 pages
[    1.909031] VFS: Disk quotas dquot_6.5.2
[    1.911256] Dquot-cache hash table entries: 512 (order 0, 4096 bytes)
[    1.935101] fuse init (API version 7.17)
[    1.938576] msgmni has been set to 84
[    1.974691] Block layer SCSI generic (bsg) driver version 0.4 loaded (major 253)
[    1.977522] io scheduler noop registered
[    1.978055] io scheduler deadline registered (default)
[    1.979263] io scheduler cfq registered
[    1.982716] pci_hotplug: PCI Hot Plug PCI Core version: 0.5
[    1.985276] pciehp: PCI Express Hot Plug Controller Driver version: 0.4
[    1.990742] input: Power Button as /devices/LNXSYSTM:00/LNXPWRBN:00/input/input0
[    1.992690] ACPI: Power Button [PWRF]
[    2.055420] ERST: Table is not found!
[    2.055976] GHES: HEST is not enabled!
[    2.067116] ACPI: PCI Interrupt Link [LNKC] enabled at IRQ 10
[    2.067862] virtio-pci 0000:00:03.0: PCI INT A -&gt; Link[LNKC] -&gt; GSI 10 (level, high) -&gt; IRQ 10
[    2.071598] virtio-pci 0000:00:04.0: PCI INT A -&gt; Link[LNKD] -&gt; GSI 11 (level, high) -&gt; IRQ 11
[    2.086202] ACPI: PCI Interrupt Link [LNKA] enabled at IRQ 10
[    2.087670] virtio-pci 0000:00:05.0: PCI INT A -&gt; Link[LNKA] -&gt; GSI 10 (level, high) -&gt; IRQ 10
[    2.101909] Serial: 8250/16550 driver, 32 ports, IRQ sharing enabled
[    2.142731] serial8250: ttyS0 at I/O 0x3f8 (irq = 4) is a 16550A
[    2.235464] serial8250: ttyS1 at I/O 0x2f8 (irq = 3) is a 16550A
[    2.363713] 00:05: ttyS0 at I/O 0x3f8 (irq = 4) is a 16550A
[    2.451050] 00:06: ttyS1 at I/O 0x2f8 (irq = 3) is a 16550A
[    2.493977] Linux agpgart interface v0.103
[    2.537980] Refined TSC clocksource calibration: 2294.530 MHz.
[    2.539185] Switching to clocksource tsc
[    2.577381] brd: module loaded
[    2.606164] loop: module loaded
[    2.673801]  vda: unknown partition table
[    2.789999] scsi0 : ata_piix
[    2.794162] scsi1 : ata_piix
[    2.795979] ata1: PATA max MWDMA2 cmd 0x1f0 ctl 0x3f6 bmdma 0xc0a0 irq 14
[    2.798449] ata2: PATA max MWDMA2 cmd 0x170 ctl 0x376 bmdma 0xc0a8 irq 15
[    2.813654] Fixed MDIO Bus: probed
[    2.814654] tun: Universal TUN/TAP device driver, 1.6
[    2.815233] tun: (C) 1999-2004 Max Krasnyansky &lt;maxk@qualcomm.com&gt;
[    2.829676] PPP generic driver version 2.4.2
[    2.861556] ehci_hcd: USB 2.0 'Enhanced' Host Controller (EHCI) Driver
[    2.862708] ohci_hcd: USB 1.1 'Open' Host Controller (OHCI) Driver
[    2.863605] uhci_hcd: USB Universal Host Controller Interface driver
[    2.865426] uhci_hcd 0000:00:01.2: PCI INT D -&gt; Link[LNKD] -&gt; GSI 11 (level, high) -&gt; IRQ 11
[    2.867922] uhci_hcd 0000:00:01.2: UHCI Host Controller
[    2.882283] uhci_hcd 0000:00:01.2: new USB bus registered, assigned bus number 1
[    2.884489] uhci_hcd 0000:00:01.2: irq 11, io base 0x0000c040
[    2.917358] hub 1-0:1.0: USB hub found
[    2.919405] hub 1-0:1.0: 2 ports detected
[    2.925366] usbcore: registered new interface driver libusual
[    2.929466] i8042: PNP: PS/2 Controller [PNP0303:KBD,PNP0f13:MOU] at 0x60,0x64 irq 1,12
[    2.939204] serio: i8042 KBD port at 0x60,0x64 irq 1
[    2.941640] serio: i8042 AUX port at 0x60,0x64 irq 12
[    2.978996] mousedev: PS/2 mouse device common for all mice
[    2.995018] input: AT Translated Set 2 keyboard as /devices/platform/i8042/serio0/input/input1
[    3.004961] rtc_cmos 00:01: RTC can wake from S4
[    3.049503] rtc_cmos 00:01: rtc core: registered rtc_cmos as rtc0
[    3.056075] rtc0: alarms up to one day, 114 bytes nvram, hpet irqs
[    3.063990] device-mapper: uevent: version 1.0.3
[    3.087163] ata2.01: ATAPI: QEMU DVD-ROM, 2.0.0, max UDMA/100
[    3.091694] ata2.01: configured for MWDMA2
[    3.133113] scsi 1:0:1:0: CD-ROM            QEMU     QEMU DVD-ROM     2.0. PQ: 0 ANSI: 5
[    3.140743] device-mapper: ioctl: 4.22.0-ioctl (2011-10-19) initialised: dm-devel@redhat.com
[    3.145473] cpuidle: using governor ladder
[    3.147254] cpuidle: using governor menu
[    3.147753] EFI Variables Facility v0.08 2004-May-17
[    3.158196] TCP cubic registered
[    3.166563] NET: Registered protocol family 10
[    3.204978] NET: Registered protocol family 17
[    3.206175] Registering the dns_resolver key type
[    3.222644] sr0: scsi3-mmc drive: 4x/4x cd/rw xa/form2 tray
[    3.225359] cdrom: Uniform CD-ROM driver Revision: 3.20
[    3.252115] sr 1:0:1:0: Attached scsi generic sg0 type 5
[    3.317683] registered taskstats version 1
[    3.425670] Freeing initrd memory: 3656k freed
[    3.903066]   Magic number: 11:682:221
[    3.913981] rtc_cmos 00:01: setting system clock to 2015-12-07 09:12:14 UTC (1449479534)
[    3.916216] powernow-k8: Processor cpuid 663 not supported
[    3.925394] BIOS EDD facility v0.16 2004-Jun-25, 0 devices found
[    3.928246] EDD information not available.
[    3.999746] Freeing unused kernel memory: 928k freed
[    4.004499] Write protecting the kernel read-only data: 12288k
[    4.097202] Freeing unused kernel memory: 1596k freed
[    4.165130] Freeing unused kernel memory: 1184k freed

info: initramfs: up at 4.33
modprobe: module virtio_blk not found in modules.dep
modprobe: module virtio_net not found in modules.dep
info: copying initramfs to /dev/vda
info: initramfs loading root from /dev/vda
info: /etc/init.d/rc.sysinit: up at 8.69
info: container: none
Starting logging: OK
modprobe: module virtio_blk not found in modules.dep
modprobe: module virtio_net not found in modules.dep
WARN: /etc/rc3.d/S10-load-modules failed
Initializing random number generator... done.
Starting acpid: OK
cirros-ds 'local' up at 11.21
found datasource (configdrive, local)
Starting network...
udhcpc (v1.20.1) started
Sending discover...
Sending discover...
Sending discover...
Usage: /sbin/cirros-dhcpc &lt;up|down&gt;
No lease, failing
WARN: /etc/rc3.d/S40-network failed
Starting dropbear sshd: generating rsa key... generating dsa key... OK
no userdata for datasource
=== system information ===
Platform: OpenStack Foundation OpenStack Nova
Container: none
Arch: x86_64
CPU(s): 1 @ 2294.462 MHz
Cores/Sockets/Threads: 1/1/1
Virt-type: AMD-V
RAM Size: 49MB
Disks:
NAME MAJ:MIN     SIZE LABEL         MOUNTPOINT
vda  253:0   25165824 cirros-rootfs /
sr0   11:0     428032 config-2      
=== sshd host keys ===
-----BEGIN SSH HOST KEY KEYS-----
ssh-rsa AAAAB3NzaC1yc2EAAAADAQABAAAAgwC3HnZMrsBBmaGmw1nzZ4zmiM1WGS5wuPFbrWErAiOT++cV9Njq2Bkr4czu0reC9sN/GIljrwsfejECwhFBMrytK/hJjDiE4lk0N6Pq2oh1oSS7vQ1liBrr27cnIR6bN/FE6X178HIpAcyQW3ZQ2XA0VmO0wKSVxeHa9MQnKtJFDJi9 root@tempest
ssh-dss AAAAB3NzaC1kc3MAAACBAL2c84ZKH6tQJ05xPvZ2nM47ePGeUw3Sln/pf0BVtkDgmsZT9UXx6I60muNOLT+qOugVHfunsxauHJ8pjC8YzRaYzgGNPHTvRNY2G0rHIm8TV+QvjJMrwqyQeZtWNNTU/1iu3k5xCox9J5J1EcIfhPTiWddWpx2Jtmbo2usc++6/AAAAFQCWk9kw1KTSinYNaU5lYNKLWzKzzQAAAIBCOtGIDJbKN0wDP/rkUSiMEMKS+y1lNeCXUKXt/giyJy1cJsLemoeYEdGy7X8ZdX/HzjlX2NsZwUfU8CuY9G8+U+NVDc0/ChHmU/NMlOpoPwmkPKVyxkU7DZXiBxCUZAruBJ+ilR7SZRyhFpeDq2BazRK41Lb00j43Z4qYq0p4fAAAAIBE/9RHT3KDBclJBDIW2l2R1JAg9OS7/fCnZSZnQHfkS06MUlUFefHuiOUGF7NVY5gM6whbr1Lu4EJvLjgb47W59YseaIBoTJsZRpCkZX988V0OG2zZNChJ7vKOz5th7QAnrqFWTojuHcTFHd5uFhiOKqPs90eKxbDR4dQE7isvcw== root@tempest
-----END SSH HOST KEY KEYS-----
=== network info ===
if-info: lo,up,127.0.0.1,8,::1
if-info: eth0,up,,8,fe80::f816:3eff:fe41:8a5d
=== datasource: configdrive local ===
instance-id: 28e0f266-198d-4154-8fa6-03c7a700a8e0
name: tempest.common.compute-instance-494992666
availability-zone: nova
local-hostname: tempest.common.compute-instance-494992666.novalocal
launch-index: 0
=== cirros: current=0.3.4 uptime=202.67 ===
route: fscanf
=== pinging gateway failed, debugging connection ===
############ debug start ##############
### /etc/init.d/sshd start
Starting dropbear sshd: OK
route: fscanf
### ifconfig -a
eth0      Link encap:Ethernet  HWaddr FA:16:3E:41:8A:5D  
          inet6 addr: fe80::f816:3eff:fe41:8a5d/64 Scope:Link
          UP BROADCAST RUNNING MULTICAST  MTU:1500  Metric:1
          RX packets:12 errors:0 dropped:5 overruns:0 frame:0
          TX packets:8 errors:0 dropped:0 overruns:0 carrier:0
          collisions:0 txqueuelen:1000 
          RX bytes:1293 (1.2 KiB)  TX bytes:1134 (1.1 KiB)

lo        Link encap:Local Loopback  
          inet addr:127.0.0.1  Mask:255.0.0.0
          inet6 addr: ::1/128 Scope:Host
          UP LOOPBACK RUNNING  MTU:16436  Metric:1
          RX packets:12 errors:0 dropped:0 overruns:0 frame:0
          TX packets:12 errors:0 dropped:0 overruns:0 carrier:0
          collisions:0 txqueuelen:0 
          RX bytes:1020 (1020.0 B)  TX bytes:1020 (1020.0 B)

### route -n
Kernel IP routing table
Destination     Gateway         Genmask         Flags Metric Ref    Use Iface
route: fscanf
### cat /etc/resolv.conf
cat: can't open '/etc/resolv.conf': No such file or directory
### gateway not found
/sbin/cirros-status: line 1: can't open /etc/resolv.conf: no such file
### pinging nameservers
### uname -a
Linux tempest 3.2.0-80-virtual #116-Ubuntu SMP Mon Mar 23 17:28:52 UTC 2015 x86_64 GNU/Linux
### lsmod
Module                  Size  Used by    Not tainted
nls_iso8859_1          12713  0 
nls_cp437              16991  0 
vfat                   17585  0 
fat                    61512  1 vfat
isofs                  40259  0 
ip_tables              27473  0 
x_tables               29891  1 ip_tables
pcnet32                42119  0 
8139cp                 27360  0 
ne2k_pci               13691  0 
8390                   18856  1 ne2k_pci
e1000                 108589  0 
acpiphp                24231  0 
### dmesg | tail
[    5.102640] EXT3-fs (vda): mounted filesystem with ordered data mode
[    5.373236] ISO 9660 Extensions: Microsoft Joliet Level 3
[    5.440035] ISO 9660 Extensions: RRIP_1991A
[    5.626729] kjournald starting.  Commit interval 5 seconds
[    5.635219] EXT3-fs (vda): using internal journal
[    5.635301] EXT3-fs (vda): mounted filesystem with ordered data mode
[    8.745679] EXT3-fs (vda): using internal journal
[   11.965974] ISO 9660 Extensions: Microsoft Joliet Level 3
[   12.063825] ISO 9660 Extensions: RRIP_1991A
[   26.332166] eth0: no IPv6 routers present
### tail -n 25 /var/log/messages
Dec  7 09:12:20 cirros kern.info kernel: [    4.631204] acpiphp: Slot [22] registered
Dec  7 09:12:20 cirros kern.info kernel: [    4.631561] acpiphp: Slot [23] registered
Dec  7 09:12:20 cirros kern.info kernel: [    4.631887] acpiphp: Slot [24] registered
Dec  7 09:12:20 cirros kern.info kernel: [    4.632737] acpiphp: Slot [25] registered
Dec  7 09:12:20 cirros kern.info kernel: [    4.633469] acpiphp: Slot [26] registered
Dec  7 09:12:20 cirros kern.info kernel: [    4.633781] acpiphp: Slot [27] registered
Dec  7 09:12:20 cirros kern.info kernel: [    4.634101] acpiphp: Slot [28] registered
Dec  7 09:12:20 cirros kern.info kernel: [    4.634522] acpiphp: Slot [29] registered
Dec  7 09:12:20 cirros kern.info kernel: [    4.634850] acpiphp: Slot [30] registered
Dec  7 09:12:20 cirros kern.info kernel: [    4.635174] acpiphp: Slot [31] registered
Dec  7 09:12:20 cirros kern.info kernel: [    4.683284] e1000: Intel(R) PRO/1000 Network Driver - version 7.3.21-k8-NAPI
Dec  7 09:12:20 cirros kern.info kernel: [    4.683372] e1000: Copyright (c) 1999-2006 Intel Corporation.
Dec  7 09:12:20 cirros kern.info kernel: [    4.718445] ne2k-pci.c:v1.03 9/22/2003 D. Becker/P. Gortmaker
Dec  7 09:12:20 cirros kern.info kernel: [    4.750955] 8139cp: 8139cp: 10/100 PCI Ethernet driver v1.3 (Mar 22, 2004)
Dec  7 09:12:20 cirros kern.info kernel: [    4.787235] pcnet32: pcnet32.c:v1.35 21.Apr.2008 tsbogend@alpha.franken.de
Dec  7 09:12:20 cirros kern.info kernel: [    4.841275] ip_tables: (C) 2000-2006 Netfilter Core Team
Dec  7 09:12:20 cirros kern.info kernel: [    5.096498] kjournald starting.  Commit interval 5 seconds
Dec  7 09:12:20 cirros kern.info kernel: [    5.102640] EXT3-fs (vda): mounted filesystem with ordered data mode
Dec  7 09:12:20 cirros kern.debug kernel: [    5.373236] ISO 9660 Extensions: Microsoft Joliet Level 3
Dec  7 09:12:20 cirros kern.debug kernel: [    5.440035] ISO 9660 Extensions: RRIP_1991A
Dec  7 09:12:22 cirros kern.debug kernel: [   11.965974] ISO 9660 Extensions: Microsoft Joliet Level 3
Dec  7 09:12:22 cirros kern.debug kernel: [   12.063825] ISO 9660 Extensions: RRIP_1991A
Dec  7 09:12:25 cirros auth.notice su: + /dev/console root:cirros
Dec  7 09:12:36 cirros kern.debug kernel: [   26.332166] eth0: no IPv6 routers present
Dec  7 09:15:31 cirros authpriv.info dropbear[283]: Running in background
############ debug end   ##############
  ____               ____  ____
 / __/ __ ____ ____ / __ \/ __/
/ /__ / // __// __// /_/ /\ \ 
\___//_//_/  /_/   \____/___/ 
   http://cirros-cloud.net


login as 'cirros' user. default password: 'cubswin:)'. use 'sudo' for root.
tempest login: 
2015-12-07 09:15:42,983 20176 INFO     [tempest_lib.common.rest_client] Request (TestGettingAddress:_run_cleanups): 204 DELETE http://10.0.2.15:9696/v2.0/floatingips/1a77bf9f-a47d-4376-afc6-5e490a4e9d9e 0.353s
2015-12-07 09:15:42,984 20176 DEBUG    [tempest_lib.common.rest_client] Request - Headers: {'Content-Type': 'application/json', 'Accept': 'application/json', 'X-Auth-Token': '&lt;omitted&gt;'}
        Body: None
    Response - Headers: {'date': 'Mon, 07 Dec 2015 09:15:42 GMT', 'status': '204', 'connection': 'close', 'content-length': '0', 'x-openstack-request-id': 'req-02d049c5-bd98-4b9c-b835-b16cbe42b909'}
        Body: 
2015-12-07 09:15:43,193 20176 INFO     [tempest_lib.common.rest_client] Request (TestGettingAddress:_run_cleanups): 204 DELETE http://10.0.2.15:8774/v2.1/4bb04901e4724457ae02bc4150fdd620/servers/28e0f266-198d-4154-8fa6-03c7a700a8e0 0.208s
2015-12-07 09:15:43,193 20176 DEBUG    [tempest_lib.common.rest_client] Request - Headers: {'Content-Type': 'application/json', 'Accept': 'application/json', 'X-Auth-Token': '&lt;omitted&gt;'}
        Body: None
    Response - Headers: {'status': '204', 'content-length': '0', 'x-compute-request-id': 'req-01d14e4f-8c14-4851-b0df-03c518ce2d66', 'vary': 'X-OpenStack-Nova-API-Version', 'connection': 'close', 'x-openstack-nova-api-version': '2.1', 'date': 'Mon, 07 Dec 2015 09:15:43 GMT', 'content-type': 'application/json'}
        Body: 
2015-12-07 09:15:43,593 20176 INFO     [tempest_lib.common.rest_client] Request (TestGettingAddress:_run_cleanups): 200 GET http://10.0.2.15:8774/v2.1/4bb04901e4724457ae02bc4150fdd620/servers/28e0f266-198d-4154-8fa6-03c7a700a8e0 0.399s
2015-12-07 09:15:43,594 20176 DEBUG    [tempest_lib.common.rest_client] Request - Headers: {'Content-Type': 'application/json', 'Accept': 'application/json', 'X-Auth-Token': '&lt;omitted&gt;'}
        Body: None
    Response - Headers: {'status': '200', 'content-length': '1902', 'content-location': 'http://10.0.2.15:8774/v2.1/4bb04901e4724457ae02bc4150fdd620/servers/28e0f266-198d-4154-8fa6-03c7a700a8e0', 'x-compute-request-id': 'req-a03d532e-8a8c-49d0-99b9-f91f68acfea3', 'vary': 'X-OpenStack-Nova-API-Version', 'connection': 'close', 'x-openstack-nova-api-version': '2.1', 'date': 'Mon, 07 Dec 2015 09:15:43 GMT', 'content-type': 'application/json'}
        Body: {"server": {"status": "ACTIVE", "updated": "2015-12-07T09:15:43Z", "hostId": "6c8b280b57681e103f6402d64e9fdad7d2a906475f588662badbdf41", "addresses": {"tempest-network-smoke--928141809": [{"OS-EXT-IPS-MAC:mac_addr": "fa:16:3e:41:8a:5d", "version": 6, "addr": "2003::f816:3eff:fe41:8a5d", "OS-EXT-IPS:type": "fixed"}, {"OS-EXT-IPS-MAC:mac_addr": "fa:16:3e:41:8a:5d", "version": 4, "addr": "10.100.0.3", "OS-EXT-IPS:type": "fixed"}, {"OS-EXT-IPS-MAC:mac_addr": "fa:16:3e:41:8a:5d", "version": 4, "addr": "172.24.4.4", "OS-EXT-IPS:type": "floating"}]}, "links": [{"href": "http://10.0.2.15:8774/v2.1/4bb04901e4724457ae02bc4150fdd620/servers/28e0f266-198d-4154-8fa6-03c7a700a8e0", "rel": "self"}, {"href": "http://10.0.2.15:8774/4bb04901e4724457ae02bc4150fdd620/servers/28e0f266-198d-4154-8fa6-03c7a700a8e0", "rel": "bookmark"}], "key_name": "tempest-TestGettingAddress-1910608709", "image": {"id": "21b066dc-43e2-4748-9e1f-0bd18a0b0c1a", "links": [{"href": "http://10.0.2.15:8774/4bb04901e4724457ae02bc4150fdd620/images/21b066dc-43e2-4748-9e1f-0bd18a0b0c1a", "rel": "bookmark"}]}, "OS-EXT-STS:task_state": "deleting", "OS-EXT-STS:vm_state": "active", "OS-SRV-USG:launched_at": "2015-12-07T09:12:08.000000", "flavor": {"id": "42", "links": [{"href": "http://10.0.2.15:8774/4bb04901e4724457ae02bc4150fdd620/flavors/42", "rel": "bookmark"}]}, "id": "28e0f266-198d-4154-8fa6-03c7a700a8e0", "security_groups": [{"name": "tempest-secgroup-smoke-514609324"}], "OS-SRV-USG:terminated_at": null, "OS-EXT-AZ:availability_zone": "nova", "user_id": "544224c879a2486ab8361d6d659a02c9", "name": "tempest.common.compute-instance-494992666", "created": "2015-12-07T09:12:03Z", "tenant_id": "4bb04901e4724457ae02bc4150fdd620", "OS-DCF:diskConfig": "MANUAL", "os-extended-volumes:volumes_attached": [], "accessIPv4": "", "accessIPv6": "", "progress": 0, "OS-EXT-STS:power_state": 1, "config_drive": "True", "metadata": {}}}
2015-12-07 09:15:44,757 20176 INFO     [tempest_lib.common.rest_client] Request (TestGettingAddress:_run_cleanups): 200 GET http://10.0.2.15:8774/v2.1/4bb04901e4724457ae02bc4150fdd620/servers/28e0f266-198d-4154-8fa6-03c7a700a8e0 0.153s
2015-12-07 09:15:44,757 20176 DEBUG    [tempest_lib.common.rest_client] Request - Headers: {'Content-Type': 'application/json', 'Accept': 'application/json', 'X-Auth-Token': '&lt;omitted&gt;'}
        Body: None
    Response - Headers: {'status': '200', 'content-length': '1439', 'content-location': 'http://10.0.2.15:8774/v2.1/4bb04901e4724457ae02bc4150fdd620/servers/28e0f266-198d-4154-8fa6-03c7a700a8e0', 'x-compute-request-id': 'req-bc09203b-bd62-48d4-98f9-114b094c1cc8', 'vary': 'X-OpenStack-Nova-API-Version', 'connection': 'close', 'x-openstack-nova-api-version': '2.1', 'date': 'Mon, 07 Dec 2015 09:15:44 GMT', 'content-type': 'application/json'}
        Body: {"server": {"status": "ACTIVE", "updated": "2015-12-07T09:15:43Z", "hostId": "6c8b280b57681e103f6402d64e9fdad7d2a906475f588662badbdf41", "addresses": {}, "links": [{"href": "http://10.0.2.15:8774/v2.1/4bb04901e4724457ae02bc4150fdd620/servers/28e0f266-198d-4154-8fa6-03c7a700a8e0", "rel": "self"}, {"href": "http://10.0.2.15:8774/4bb04901e4724457ae02bc4150fdd620/servers/28e0f266-198d-4154-8fa6-03c7a700a8e0", "rel": "bookmark"}], "key_name": "tempest-TestGettingAddress-1910608709", "image": {"id": "21b066dc-43e2-4748-9e1f-0bd18a0b0c1a", "links": [{"href": "http://10.0.2.15:8774/4bb04901e4724457ae02bc4150fdd620/images/21b066dc-43e2-4748-9e1f-0bd18a0b0c1a", "rel": "bookmark"}]}, "OS-EXT-STS:task_state": "deleting", "OS-EXT-STS:vm_state": "active", "OS-SRV-USG:launched_at": "2015-12-07T09:12:08.000000", "flavor": {"id": "42", "links": [{"href": "http://10.0.2.15:8774/4bb04901e4724457ae02bc4150fdd620/flavors/42", "rel": "bookmark"}]}, "id": "28e0f266-198d-4154-8fa6-03c7a700a8e0", "OS-SRV-USG:terminated_at": null, "OS-EXT-AZ:availability_zone": "nova", "user_id": "544224c879a2486ab8361d6d659a02c9", "name": "tempest.common.compute-instance-494992666", "created": "2015-12-07T09:12:03Z", "tenant_id": "4bb04901e4724457ae02bc4150fdd620", "OS-DCF:diskConfig": "MANUAL", "os-extended-volumes:volumes_attached": [], "accessIPv4": "", "accessIPv6": "", "progress": 0, "OS-EXT-STS:power_state": 1, "config_drive": "True", "metadata": {}}}
2015-12-07 09:15:45,851 20176 INFO     [tempest_lib.common.rest_client] Request (TestGettingAddress:_run_cleanups): 404 GET http://10.0.2.15:8774/v2.1/4bb04901e4724457ae02bc4150fdd620/servers/28e0f266-198d-4154-8fa6-03c7a700a8e0 0.081s
2015-12-07 09:15:45,851 20176 DEBUG    [tempest_lib.common.rest_client] Request - Headers: {'Content-Type': 'application/json', 'Accept': 'application/json', 'X-Auth-Token': '&lt;omitted&gt;'}
        Body: None
    Response - Headers: {'status': '404', 'content-length': '111', 'x-compute-request-id': 'req-bb1b2aea-f43f-4977-a879-06a2b2316b16', 'vary': 'X-OpenStack-Nova-API-Version', 'connection': 'close', 'x-openstack-nova-api-version': '2.1', 'date': 'Mon, 07 Dec 2015 09:15:45 GMT', 'content-type': 'application/json; charset=UTF-8'}
        Body: {"itemNotFound": {"message": "Instance 28e0f266-198d-4154-8fa6-03c7a700a8e0 could not be found.", "code": 404}}
2015-12-07 09:15:46,307 20176 INFO     [tempest_lib.common.rest_client] Request (TestGettingAddress:_run_cleanups): 200 PUT http://10.0.2.15:9696/v2.0/routers/2ff0d19f-289b-4e60-b0ac-e4a0e7be78d8/remove_router_interface 0.454s
2015-12-07 09:15:46,308 20176 DEBUG    [tempest_lib.common.rest_client] Request - Headers: {'Content-Type': 'application/json', 'Accept': 'application/json', 'X-Auth-Token': '&lt;omitted&gt;'}
        Body: {"subnet_id": "57166e5c-f4fd-4a7f-9ca0-47ffee0eed03"}
