<?xml version="1.0" encoding="UTF-8"?>
<!DOCTYPE html PUBLIC "-//W3C//DTD XHTML 1.0 Strict//EN"
     "http://www.w3.org/TR/xhtml1/DTD/xhtml1-strict.dtd">
<html xmlns="http://www.w3.org/1999/xhtml">
<head>
    <title>Unit Test Report</title>
    <meta name="generator" content="subunit2html 0.1"/>
    <meta http-equiv="Content-Type" content="text/html; charset=UTF-8"/>
    
<style type="text/css" media="screen">
body        { font-family: verdana, arial, helvetica, sans-serif;
    font-size: 80%; }
table       { font-size: 100%; width: 100%;}
pre         { font-size: 80%; }

/* -- heading -------------------------------------------------------------- */
h1 {
        font-size: 16pt;
        color: gray;
}
.heading {
    margin-top: 0ex;
    margin-bottom: 1ex;
}

.heading .attribute {
    margin-top: 1ex;
    margin-bottom: 0;
}

.heading .description {
    margin-top: 4ex;
    margin-bottom: 6ex;
}

/* -- css div popup -------------------------------------------------------- */
a.popup_link {
}

a.popup_link:hover {
    color: red;
}

.popup_window {
    display: none;
    overflow-x: scroll;
    /*border: solid #627173 1px; */
    padding: 10px;
    background-color: #E6E6D6;
    font-family: "Ubuntu Mono", "Lucida Console", "Courier New", monospace;
    text-align: left;
    font-size: 8pt;
}

}
/* -- report --------------------------------------------------------------- */
#show_detail_line {
    margin-top: 3ex;
    margin-bottom: 1ex;
}
#result_table {
    width: 100%;
    border-collapse: collapse;
    border: 1px solid #777;
}
#header_row {
    font-weight: bold;
    color: white;
    background-color: #777;
}
#result_table td {
    border: 1px solid #777;
    padding: 2px;
}
#total_row  { font-weight: bold; }
.passClass  { background-color: #6c6; }
.failClass  { background-color: #c60; }
.errorClass { background-color: #c00; }
.passCase   { color: #6c6; }
.failCase   { color: #c60; font-weight: bold; }
.errorCase  { color: #c00; font-weight: bold; }
.hiddenRow  { display: none; }
.testcase   { margin-left: 2em; }
td.testname {width: 40%}
td.small {width: 40px}

/* -- ending --------------------------------------------------------------- */
#ending {
}

</style>

</head>
<body>
<script language="javascript" type="text/javascript"><!--
output_list = Array();

/* level - 0:Summary; 1:Failed; 2:All */
function showCase(level) {
    trs = document.getElementsByTagName("tr");
    for (var i = 0; i < trs.length; i++) {
        tr = trs[i];
        id = tr.id;
        if (id.substr(0,2) == 'ft') {
            if (level < 1) {
                tr.className = 'hiddenRow';
            }
            else {
                tr.className = '';
            }
        }
        if (id.substr(0,2) == 'pt') {
            if (level > 1) {
                tr.className = '';
            }
            else {
                tr.className = 'hiddenRow';
            }
        }
    }
}


function showClassDetail(cid, count) {
    var id_list = Array(count);
    var toHide = 1;
    for (var i = 0; i < count; i++) {
        tid0 = 't' + cid.substr(1) + '.' + (i+1);
        tid = 'f' + tid0;
        tr = document.getElementById(tid);
        if (!tr) {
            tid = 'p' + tid0;
            tr = document.getElementById(tid);
        }
        id_list[i] = tid;
        if (tr.className) {
            toHide = 0;
        }
    }
    for (var i = 0; i < count; i++) {
        tid = id_list[i];
        if (toHide) {
            document.getElementById('div_'+tid).style.display = 'none'
            document.getElementById(tid).className = 'hiddenRow';
        }
        else {
            document.getElementById(tid).className = '';
        }
    }
}


function showTestDetail(div_id){
    var details_div = document.getElementById(div_id)
    var displayState = details_div.style.display
    // alert(displayState)
    if (displayState != 'block' ) {
        displayState = 'block'
        details_div.style.display = 'block'
    }
    else {
        details_div.style.display = 'none'
    }
}


function html_escape(s) {
    s = s.replace(/&/g,'&amp;');
    s = s.replace(/</g,'&lt;');
    s = s.replace(/>/g,'&gt;');
    return s;
}

/* obsoleted by detail in <div>
function showOutput(id, name) {
    var w = window.open("", //url
                    name,
                    "resizable,scrollbars,status,width=800,height=450");
    d = w.document;
    d.write("<pre>");
    d.write(html_escape(output_list[id]));
    d.write("\n");
    d.write("<a href='javascript:window.close()'>close</a>\n");
    d.write("</pre>\n");
    d.close();
}
*/
--></script>

<div class='heading'>
<h1>Unit Test Report</h1>

<p class='attribute'><strong>Status:</strong> Failure 8</p>

<p class='description'></p>
</div>



<p id='show_detail_line'>Show
<a href='javascript:showCase(0)'>Summary</a>
<a href='javascript:showCase(1)'>Failed</a>
<a href='javascript:showCase(2)'>All</a>
</p>
<table id='result_table'>
<colgroup>
<col align='left' />
<col align='right' />
<col align='right' />
<col align='right' />
<col align='right' />
<col align='right' />
<col align='right' />
<col align='right' />
</colgroup>
<tr id='header_row'>
    <td>Test Group/Test case</td>
    <td>Count</td>
    <td>Pass</td>
    <td>Fail</td>
    <td>Error</td>
    <td>Skip</td>
    <td>View</td>
    <td> </td>
</tr>

<tr class='failClass'>
    <td class="testname">tempest.scenario.test_network_v6.TestGettingAddress</td>
    <td class="small">8</td>
    <td class="small">0</td>
    <td class="small">8</td>
    <td class="small">0</td>
    <td class="small">0</td>
    <td class="small"><a href="javascript:showClassDetail('c1',8)"
>Detail</a></td>
    <td> </td>
</tr>

<tr id='ft1.1' class='none'>
    <td class='failCase'><div class='testcase'>test_dhcp6_stateless_from_os[compute,id-d7e1f858-187c-45a6-89c9-bdafde619a9f,network]</div></td>
    <td colspan='7' align='left'>

    <!--css div popup start-->
    <a class="popup_link" onfocus='this.blur();'
    href="javascript:showTestDetail('div_ft1.1')" >
        fail</a>

    <div id='div_ft1.1' class="popup_window">
        <div style='text-align: right; color:red;cursor:pointer'>
        <a onfocus='this.blur();'
onclick="document.getElementById('div_ft1.1').style.display = 'none' " >
           [x]</a>
        </div>
        <pre>
        
ft1.1: tempest.scenario.test_network_v6.TestGettingAddress.test_dhcp6_stateless_from_os[compute,id-d7e1f858-187c-45a6-89c9-bdafde619a9f,network]_StringException: Empty attachments:
  stderr
  stdout

pythonlogging:'': {{{
2016-01-08 05:33:38,286 4386 INFO     [tempest_lib.common.rest_client] Request (TestGettingAddress:setUp): 200 POST http://10.0.2.15:8774/v2.1/eb559587900d4c299c02923165986a94/os-keypairs 0.364s
2016-01-08 05:33:38,287 4386 DEBUG    [tempest_lib.common.rest_client] Request - Headers: {'Content-Type': 'application/json', 'Accept': 'application/json', 'X-Auth-Token': '&lt;omitted&gt;'}
        Body: {"keypair": {"name": "tempest-TestGettingAddress-1623083448"}}
    Response - Headers: {'status': '200', 'content-length': '2320', 'x-compute-request-id': 'req-f7a856dc-9eae-4e3d-bc43-0685781ca182', 'vary': 'X-OpenStack-Nova-API-Version', 'connection': 'close', 'x-openstack-nova-api-version': '2.1', 'date': 'Fri, 08 Jan 2016 05:33:38 GMT', 'content-type': 'application/json'}
        Body: {"keypair": {"public_key": "ssh-rsa AAAAB3NzaC1yc2EAAAADAQABAAABAQDTTgI9yQDIk6JGLBgBjxFa9nE7gt2OfuHi/9RHyMwJ9GRRcE3TrW8USVKSw7XgDjNZJ1t+ERXWZSHfWs3rl8yEcdoQqFSq4TJgEcLS2f/0lDw2LdE4GQDxyfVpz+C2Ks+bBMNZa+J9P0lDGs3WGlHoJcXK0v/cVM7XTZZmjd3yEsxgyIucKzUZo/jimeQMN4K6E6QLis46JrPDA2z3vFy0XUj8CRovcVMfxUyHnr7Za4jVRfzsOARJ0KMR20WXi+n29dt9EAVcFiEtyDUFYSVSX3q1xcszpunY1thjKxLRx5imtVN34pG/rLArfGY3esb6drIq+UBcy1kjG4fk5Wj9 Generated-by-Nova", "private_key": "-----BEGIN RSA PRIVATE KEY-----\nMIIEqQIBAAKCAQEA004CPckAyJOiRiwYAY8RWvZxO4Ldjn7h4v/UR8jMCfRkUXBN\n061vFElSksO14A4zWSdbfhEV1mUh31rN65fMhHHaEKhUquEyYBHC0tn/9JQ8Ni3R\nOBkA8cn1ac/gtirPmwTDWWvifT9JQxrN1hpR6CXFytL/3FTO102WZo3d8hLMYMiL\nnCs1GaP44pnkDDeCuhOkC4rOOiazwwNs97xctF1I/AkaL3FTH8VMh56+2WuI1UX8\n7DgESdCjEdtFl4vp9vXbfRAFXBYhLcg1BWElUl96tcXLM6bp2NbYYysS0ceYprVT\nd+KRv6ywK3xmN3rG+nayKvlAXMtZIxuH5OVo/QIDAQABAoIBAFL4wLyOHvajsgan\n7c0+5mu3dYMOwfzgKca++hYt7KDEDFhGJulFouZuXDQxEUunh9YsNCrufoqvL3vK\n5izqcG5ZXm1IC+cFgohisQOmgnEBfBsyJoNGni5TRUCFVhFyAg828ZY9XLQdk6D7\n93No5lyn6GDaNYnI62dzmekvL8WLkNQnNqC12pqWIzR6zESXiUXdDS55ZT/kw2rl\nW1DzVk9AsTJliVtmv3cca0vPOZtCBX527/fRhvdV/MIHPf/Z7hTKiFRmsJVBRpeT\nInh0rsOIYRzQShtTZYQKriJiqL6OC1W/AGum0MBJj4klQKMRpux2sOik1nPCosbG\nTCw7ekECggCBANXTwwSkcEyFR2RWjhxDr3BK0VxKwROPxW3tqFzwA6pwu1EQlhWD\nvqWC17W/icY1ueyAsLLY+k4V2jWDoM//zvcloYNXnPu6tQVDaRCBdI3JDtx8PRL/\nH9q0Ca8RGIsx3sh16aFy5qNva8GP2wVyANdM04B3RSYAnE34dtfZ2QSFAoIAgQD8\n+uLXSbxta3fhI9TcQyG6o+FWV2nu8GSzpF1J8aaE1glNlJi5LS3dXU1iLLXBZ1p1\nlpz8GIS7bVAY/37XVIfTxeIcbfWp/dY3s5nf8DnLrmjI/S0M2JLooYbO0tmyK3iU\n8V1Fj4bMzELsZHiiKnb94fzAa+v6wnAJvWycmYGYGQKCAIB6fBw5O4zMeIgltOMg\n07DabTEyYevprbCVQM7xtdcTuhHC5PJkDpyVqLax+K8OKFaBYFJXkK0JL8FYaDcl\nDs7aiebUGsrk89Wf1zaG6vD+Cw8FQ/GkQRpZKEpnyy45Be8s+0ZCYlQ1iKy8KxB2\nNRDAQ9TfwPKOS0k97Lb+/F4xFQKCAIEAoaBs811BzKq/sZDh+0PMteDkI/S/UpA1\n1mwpygdg+zeARBevJ4gM6IQm35VvHjy5F619aLcFfnXNmdsKn+p6yTuBReae8Nej\nWH0fz2o8krxAaEEQ2kc4PPaOGW+u9F0/sfEvRTT4y7mo/D0IsZrt4TDT+eA5qUE2\nsZJbZQXSPWkCggCBAJLUrrvN2JtNIVGwwhGHGBQhDze6CMmCs2dxYn1MY+bSS7N+\nnJkyQctPo7YLRbfzpYjgWea6cGE4rsLvfm6HmHz0veZVKEaG7TkWzz7aRjZiGsq8\ncoPySji1jjN7ObvryqLWhMi8zpUZNJ7m4yFdl9bT2PxjqD00tcQxWht2l0th\n-----END RSA PRIVATE KEY-----\n", "user_id": "ec30ad9aca9f42bd9441be89569ce0e1", "name": "tempest-TestGettingAddress-1623083448", "fingerprint": "b3:07:39:03:67:e9:fe:a5:cb:30:d7:b8:ec:07:96:45"}}
2016-01-08 05:33:38,641 4386 INFO     [tempest_lib.common.rest_client] Request (TestGettingAddress:setUp): 201 POST http://10.0.2.15:9696/v2.0/security-groups 0.350s
2016-01-08 05:33:38,642 4386 DEBUG    [tempest_lib.common.rest_client] Request - Headers: {'Content-Type': 'application/json', 'Accept': 'application/json', 'X-Auth-Token': '&lt;omitted&gt;'}
        Body: {"security_group": {"tenant_id": "eb559587900d4c299c02923165986a94", "description": "tempest-secgroup-smoke-60836306 description", "name": "tempest-secgroup-smoke-60836306"}}
    Response - Headers: {'status': '201', 'content-length': '884', 'connection': 'close', 'date': 'Fri, 08 Jan 2016 05:33:38 GMT', 'content-type': 'application/json; charset=UTF-8', 'x-openstack-request-id': 'req-11781878-6aef-4d89-ad27-732e0c112859'}
        Body: {"security_group": {"tenant_id": "eb559587900d4c299c02923165986a94", "description": "tempest-secgroup-smoke-60836306 description", "id": "3248e779-4993-4d00-8f58-723fd6ea8579", "security_group_rules": [{"remote_group_id": null, "direction": "egress", "remote_ip_prefix": null, "protocol": null, "ethertype": "IPv4", "tenant_id": "eb559587900d4c299c02923165986a94", "port_range_max": null, "port_range_min": null, "id": "8549c8e0-0d58-46c0-9bfa-15b385b49b1d", "security_group_id": "3248e779-4993-4d00-8f58-723fd6ea8579"}, {"remote_group_id": null, "direction": "egress", "remote_ip_prefix": null, "protocol": null, "ethertype": "IPv6", "tenant_id": "eb559587900d4c299c02923165986a94", "port_range_max": null, "port_range_min": null, "id": "95adc803-4f2d-45ff-a51e-7847eb954731", "security_group_id": "3248e779-4993-4d00-8f58-723fd6ea8579"}], "name": "tempest-secgroup-smoke-60836306"}}
2016-01-08 05:33:38,761 4386 INFO     [tempest_lib.common.rest_client] Request (TestGettingAddress:setUp): 201 POST http://10.0.2.15:9696/v2.0/security-group-rules 0.117s
2016-01-08 05:33:38,761 4386 DEBUG    [tempest_lib.common.rest_client] Request - Headers: {'Content-Type': 'application/json', 'Accept': 'application/json', 'X-Auth-Token': '&lt;omitted&gt;'}
        Body: {"security_group_rule": {"direction": "ingress", "protocol": "tcp", "tenant_id": "eb559587900d4c299c02923165986a94", "port_range_max": 22, "security_group_id": "3248e779-4993-4d00-8f58-723fd6ea8579", "port_range_min": 22}}
    Response - Headers: {'status': '201', 'content-length': '340', 'connection': 'close', 'date': 'Fri, 08 Jan 2016 05:33:38 GMT', 'content-type': 'application/json; charset=UTF-8', 'x-openstack-request-id': 'req-a3a68773-bba7-4570-a5bc-99ab2f40001b'}
        Body: {"security_group_rule": {"remote_group_id": null, "direction": "ingress", "remote_ip_prefix": null, "protocol": "tcp", "ethertype": "IPv4", "tenant_id": "eb559587900d4c299c02923165986a94", "port_range_max": 22, "port_range_min": 22, "id": "f868825c-9735-4a9a-a16c-89d7bf193a0d", "security_group_id": "3248e779-4993-4d00-8f58-723fd6ea8579"}}
2016-01-08 05:33:39,025 4386 INFO     [tempest_lib.common.rest_client] Request (TestGettingAddress:setUp): 201 POST http://10.0.2.15:9696/v2.0/security-group-rules 0.262s
2016-01-08 05:33:39,026 4386 DEBUG    [tempest_lib.common.rest_client] Request - Headers: {'Content-Type': 'application/json', 'Accept': 'application/json', 'X-Auth-Token': '&lt;omitted&gt;'}
        Body: {"security_group_rule": {"direction": "egress", "protocol": "tcp", "tenant_id": "eb559587900d4c299c02923165986a94", "port_range_max": 22, "security_group_id": "3248e779-4993-4d00-8f58-723fd6ea8579", "port_range_min": 22}}
    Response - Headers: {'status': '201', 'content-length': '339', 'connection': 'close', 'date': 'Fri, 08 Jan 2016 05:33:39 GMT', 'content-type': 'application/json; charset=UTF-8', 'x-openstack-request-id': 'req-74a10e9d-f939-4332-a436-b89c2ef609ce'}
        Body: {"security_group_rule": {"remote_group_id": null, "direction": "egress", "remote_ip_prefix": null, "protocol": "tcp", "ethertype": "IPv4", "tenant_id": "eb559587900d4c299c02923165986a94", "port_range_max": 22, "port_range_min": 22, "id": "1d892b29-7db2-47b0-bbf5-db6c88799220", "security_group_id": "3248e779-4993-4d00-8f58-723fd6ea8579"}}
2016-01-08 05:33:39,155 4386 INFO     [tempest_lib.common.rest_client] Request (TestGettingAddress:setUp): 201 POST http://10.0.2.15:9696/v2.0/security-group-rules 0.127s
2016-01-08 05:33:39,156 4386 DEBUG    [tempest_lib.common.rest_client] Request - Headers: {'Content-Type': 'application/json', 'Accept': 'application/json', 'X-Auth-Token': '&lt;omitted&gt;'}
        Body: {"security_group_rule": {"tenant_id": "eb559587900d4c299c02923165986a94", "direction": "ingress", "protocol": "icmp", "security_group_id": "3248e779-4993-4d00-8f58-723fd6ea8579"}}
    Response - Headers: {'status': '201', 'content-length': '345', 'connection': 'close', 'date': 'Fri, 08 Jan 2016 05:33:39 GMT', 'content-type': 'application/json; charset=UTF-8', 'x-openstack-request-id': 'req-a4f862ab-92d5-402e-aa95-f9b2f905b4da'}
        Body: {"security_group_rule": {"remote_group_id": null, "direction": "ingress", "remote_ip_prefix": null, "protocol": "icmp", "ethertype": "IPv4", "tenant_id": "eb559587900d4c299c02923165986a94", "port_range_max": null, "port_range_min": null, "id": "d446267c-fe4b-42da-bda1-da842aea4789", "security_group_id": "3248e779-4993-4d00-8f58-723fd6ea8579"}}
2016-01-08 05:33:39,283 4386 INFO     [tempest_lib.common.rest_client] Request (TestGettingAddress:setUp): 201 POST http://10.0.2.15:9696/v2.0/security-group-rules 0.125s
2016-01-08 05:33:39,284 4386 DEBUG    [tempest_lib.common.rest_client] Request - Headers: {'Content-Type': 'application/json', 'Accept': 'application/json', 'X-Auth-Token': '&lt;omitted&gt;'}
        Body: {"security_group_rule": {"tenant_id": "eb559587900d4c299c02923165986a94", "direction": "egress", "protocol": "icmp", "security_group_id": "3248e779-4993-4d00-8f58-723fd6ea8579"}}
    Response - Headers: {'status': '201', 'content-length': '344', 'connection': 'close', 'date': 'Fri, 08 Jan 2016 05:33:39 GMT', 'content-type': 'application/json; charset=UTF-8', 'x-openstack-request-id': 'req-8bc7cbcd-a637-4bf5-8cf7-fd6ee5e0564f'}
        Body: {"security_group_rule": {"remote_group_id": null, "direction": "egress", "remote_ip_prefix": null, "protocol": "icmp", "ethertype": "IPv4", "tenant_id": "eb559587900d4c299c02923165986a94", "port_range_max": null, "port_range_min": null, "id": "e109936c-688a-44e9-9b99-dbc03c482d3e", "security_group_id": "3248e779-4993-4d00-8f58-723fd6ea8579"}}
2016-01-08 05:33:39,404 4386 INFO     [tempest_lib.common.rest_client] Request (TestGettingAddress:setUp): 201 POST http://10.0.2.15:9696/v2.0/security-group-rules 0.119s
2016-01-08 05:33:39,405 4386 DEBUG    [tempest_lib.common.rest_client] Request - Headers: {'Content-Type': 'application/json', 'Accept': 'application/json', 'X-Auth-Token': '&lt;omitted&gt;'}
        Body: {"security_group_rule": {"tenant_id": "eb559587900d4c299c02923165986a94", "direction": "ingress", "security_group_id": "3248e779-4993-4d00-8f58-723fd6ea8579", "protocol": "icmp", "ethertype": "IPv6"}}
    Response - Headers: {'status': '201', 'content-length': '345', 'connection': 'close', 'date': 'Fri, 08 Jan 2016 05:33:39 GMT', 'content-type': 'application/json; charset=UTF-8', 'x-openstack-request-id': 'req-1a11c5e9-4841-45f5-bf25-060f4009a8a3'}
        Body: {"security_group_rule": {"remote_group_id": null, "direction": "ingress", "remote_ip_prefix": null, "protocol": "icmp", "ethertype": "IPv6", "tenant_id": "eb559587900d4c299c02923165986a94", "port_range_max": null, "port_range_min": null, "id": "13b9dcc1-e01f-4eb5-a6fa-8625e1b29444", "security_group_id": "3248e779-4993-4d00-8f58-723fd6ea8579"}}
2016-01-08 05:33:39,525 4386 INFO     [tempest_lib.common.rest_client] Request (TestGettingAddress:setUp): 201 POST http://10.0.2.15:9696/v2.0/security-group-rules 0.118s
2016-01-08 05:33:39,525 4386 DEBUG    [tempest_lib.common.rest_client] Request - Headers: {'Content-Type': 'application/json', 'Accept': 'application/json', 'X-Auth-Token': '&lt;omitted&gt;'}
        Body: {"security_group_rule": {"tenant_id": "eb559587900d4c299c02923165986a94", "direction": "egress", "security_group_id": "3248e779-4993-4d00-8f58-723fd6ea8579", "protocol": "icmp", "ethertype": "IPv6"}}
    Response - Headers: {'status': '201', 'content-length': '344', 'connection': 'close', 'date': 'Fri, 08 Jan 2016 05:33:39 GMT', 'content-type': 'application/json; charset=UTF-8', 'x-openstack-request-id': 'req-dc82fb6b-c1f7-449c-be16-ca0a03630b3e'}
        Body: {"security_group_rule": {"remote_group_id": null, "direction": "egress", "remote_ip_prefix": null, "protocol": "icmp", "ethertype": "IPv6", "tenant_id": "eb559587900d4c299c02923165986a94", "port_range_max": null, "port_range_min": null, "id": "0425ad2e-31f1-4286-b4f2-34fb4d55c315", "security_group_id": "3248e779-4993-4d00-8f58-723fd6ea8579"}}
2016-01-08 05:33:39,711 4386 INFO     [tempest_lib.common.rest_client] Request (TestGettingAddress:test_dhcp6_stateless_from_os): 201 POST http://10.0.2.15:9696/v2.0/networks 0.183s
2016-01-08 05:33:39,712 4386 DEBUG    [tempest_lib.common.rest_client] Request - Headers: {'Content-Type': 'application/json', 'Accept': 'application/json', 'X-Auth-Token': '&lt;omitted&gt;'}
        Body: {"network": {"tenant_id": "eb559587900d4c299c02923165986a94", "name": "tempest-network-smoke--316652797"}}
    Response - Headers: {'status': '201', 'content-length': '326', 'connection': 'close', 'date': 'Fri, 08 Jan 2016 05:33:39 GMT', 'content-type': 'application/json; charset=UTF-8', 'x-openstack-request-id': 'req-4d45a7ad-ee29-40ac-9198-544acc64af44'}
        Body: {"network": {"status": "ACTIVE", "subnets": [], "availability_zone_hints": [], "name": "tempest-network-smoke--316652797", "admin_state_up": true, "tenant_id": "eb559587900d4c299c02923165986a94", "mtu": 0, "router:external": false, "shared": false, "port_security_enabled": true, "id": "015c1e31-8750-4e50-a357-7393948dc643"}}
2016-01-08 05:33:39,905 4386 INFO     [tempest_lib.common.rest_client] Request (TestGettingAddress:test_dhcp6_stateless_from_os): 200 GET http://10.0.2.15:9696/v2.0/subnets?tenant_id=eb559587900d4c299c02923165986a94&amp;cidr=10.100.0.0%2F28 0.192s
2016-01-08 05:33:39,906 4386 DEBUG    [tempest_lib.common.rest_client] Request - Headers: {'Content-Type': 'application/json', 'Accept': 'application/json', 'X-Auth-Token': '&lt;omitted&gt;'}
        Body: None
    Response - Headers: {'status': '200', 'content-length': '15', 'content-location': 'http://10.0.2.15:9696/v2.0/subnets?tenant_id=eb559587900d4c299c02923165986a94&amp;cidr=10.100.0.0%2F28', 'connection': 'close', 'date': 'Fri, 08 Jan 2016 05:33:39 GMT', 'content-type': 'application/json; charset=UTF-8', 'x-openstack-request-id': 'req-731ad806-f59d-4185-887b-9752ecde42fe'}
        Body: {"subnets": []}
2016-01-08 05:33:40,261 4386 INFO     [tempest_lib.common.rest_client] Request (TestGettingAddress:test_dhcp6_stateless_from_os): 201 POST http://10.0.2.15:9696/v2.0/subnets 0.354s
2016-01-08 05:33:40,262 4386 DEBUG    [tempest_lib.common.rest_client] Request - Headers: {'Content-Type': 'application/json', 'Accept': 'application/json', 'X-Auth-Token': '&lt;omitted&gt;'}
        Body: {"subnet": {"ip_version": 4, "tenant_id": "eb559587900d4c299c02923165986a94", "cidr": "10.100.0.0/28", "network_id": "015c1e31-8750-4e50-a357-7393948dc643", "name": "tempest-sub4-1255033310"}}
    Response - Headers: {'status': '201', 'content-length': '470', 'connection': 'close', 'date': 'Fri, 08 Jan 2016 05:33:40 GMT', 'content-type': 'application/json; charset=UTF-8', 'x-openstack-request-id': 'req-12c8408e-66dd-4902-8a65-4ec857056f9b'}
        Body: {"subnet": {"name": "tempest-sub4-1255033310", "enable_dhcp": true, "network_id": "015c1e31-8750-4e50-a357-7393948dc643", "tenant_id": "eb559587900d4c299c02923165986a94", "dns_nameservers": [], "gateway_ip": "10.100.0.1", "ipv6_ra_mode": null, "allocation_pools": [{"start": "10.100.0.2", "end": "10.100.0.14"}], "host_routes": [], "ip_version": 4, "ipv6_address_mode": null, "cidr": "10.100.0.0/28", "id": "20097704-0d9d-40a1-a0c4-5286f2773778", "subnetpool_id": null}}
2016-01-08 05:33:40,329 4386 INFO     [tempest_lib.common.rest_client] Request (TestGettingAddress:test_dhcp6_stateless_from_os): 201 POST http://10.0.2.15:9696/v2.0/routers 0.066s
2016-01-08 05:33:40,329 4386 DEBUG    [tempest_lib.common.rest_client] Request - Headers: {'Content-Type': 'application/json', 'Accept': 'application/json', 'X-Auth-Token': '&lt;omitted&gt;'}
        Body: {"router": {"tenant_id": "eb559587900d4c299c02923165986a94", "name": "tempest-router-smoke-1539698754", "admin_state_up": true}}
    Response - Headers: {'status': '201', 'content-length': '296', 'connection': 'close', 'date': 'Fri, 08 Jan 2016 05:33:40 GMT', 'content-type': 'application/json; charset=UTF-8', 'x-openstack-request-id': 'req-384b9ad8-759e-493d-aaaf-19b61d44993c'}
        Body: {"router": {"status": "ACTIVE", "external_gateway_info": null, "availability_zone_hints": [], "availability_zones": [], "name": "tempest-router-smoke-1539698754", "admin_state_up": true, "tenant_id": "eb559587900d4c299c02923165986a94", "routes": [], "id": "30171197-5aff-4264-9356-0fa5f79eaa75"}}
2016-01-08 05:33:40,380 4386 INFO     [tempest_lib.common.rest_client] Request (TestGettingAddress:test_dhcp6_stateless_from_os): 200 GET http://10.0.2.15:9696/v2.0/routers/30171197-5aff-4264-9356-0fa5f79eaa75 0.050s
2016-01-08 05:33:40,380 4386 DEBUG    [tempest_lib.common.rest_client] Request - Headers: {'Content-Type': 'application/json', 'Accept': 'application/json', 'X-Auth-Token': '&lt;omitted&gt;'}
        Body: None
    Response - Headers: {'status': '200', 'content-length': '296', 'content-location': 'http://10.0.2.15:9696/v2.0/routers/30171197-5aff-4264-9356-0fa5f79eaa75', 'connection': 'close', 'date': 'Fri, 08 Jan 2016 05:33:40 GMT', 'content-type': 'application/json; charset=UTF-8', 'x-openstack-request-id': 'req-ea451542-732f-40f7-a01f-cec9398258ea'}
        Body: {"router": {"status": "ACTIVE", "external_gateway_info": null, "availability_zone_hints": [], "availability_zones": [], "name": "tempest-router-smoke-1539698754", "admin_state_up": true, "tenant_id": "eb559587900d4c299c02923165986a94", "routes": [], "id": "30171197-5aff-4264-9356-0fa5f79eaa75"}}
2016-01-08 05:33:41,166 4386 INFO     [tempest_lib.common.rest_client] Request (TestGettingAddress:test_dhcp6_stateless_from_os): 200 PUT http://10.0.2.15:9696/v2.0/routers/30171197-5aff-4264-9356-0fa5f79eaa75 0.785s
2016-01-08 05:33:41,167 4386 DEBUG    [tempest_lib.common.rest_client] Request - Headers: {'Content-Type': 'application/json', 'Accept': 'application/json', 'X-Auth-Token': '&lt;omitted&gt;'}
        Body: {"router": {"external_gateway_info": {"network_id": "7275c974-9e4c-49e8-97a2-33e407f21d44"}, "name": "tempest-router-smoke-1539698754", "admin_state_up": true}}
    Response - Headers: {'status': '200', 'content-length': '558', 'connection': 'close', 'date': 'Fri, 08 Jan 2016 05:33:41 GMT', 'content-type': 'application/json; charset=UTF-8', 'x-openstack-request-id': 'req-f9c04599-5667-4156-b06c-74a569686310'}
        Body: {"router": {"status": "ACTIVE", "external_gateway_info": {"network_id": "7275c974-9e4c-49e8-97a2-33e407f21d44", "enable_snat": true, "external_fixed_ips": [{"subnet_id": "80c06279-6dce-4415-8b95-ff4d1f3ed804", "ip_address": "172.24.4.3"}, {"subnet_id": "28fbe5ec-4ce3-4edc-83dc-e4915e5d530a", "ip_address": "2001:db8::3"}]}, "availability_zone_hints": [], "availability_zones": [], "name": "tempest-router-smoke-1539698754", "admin_state_up": true, "tenant_id": "eb559587900d4c299c02923165986a94", "routes": [], "id": "30171197-5aff-4264-9356-0fa5f79eaa75"}}
2016-01-08 05:33:41,863 4386 INFO     [tempest_lib.common.rest_client] Request (TestGettingAddress:test_dhcp6_stateless_from_os): 200 PUT http://10.0.2.15:9696/v2.0/routers/30171197-5aff-4264-9356-0fa5f79eaa75/add_router_interface 0.695s
2016-01-08 05:33:41,864 4386 DEBUG    [tempest_lib.common.rest_client] Request - Headers: {'Content-Type': 'application/json', 'Accept': 'application/json', 'X-Auth-Token': '&lt;omitted&gt;'}
        Body: {"subnet_id": "20097704-0d9d-40a1-a0c4-5286f2773778"}
    Response - Headers: {'status': '200', 'content-length': '255', 'connection': 'close', 'date': 'Fri, 08 Jan 2016 05:33:41 GMT', 'content-type': 'application/json; charset=UTF-8', 'x-openstack-request-id': 'req-71cf01e6-975f-4f77-9d15-207f5bc57688'}
        Body: {"subnet_id": "20097704-0d9d-40a1-a0c4-5286f2773778", "tenant_id": "eb559587900d4c299c02923165986a94", "subnet_ids": ["20097704-0d9d-40a1-a0c4-5286f2773778"], "port_id": "51457625-ca37-4e69-a750-79a50bfeff74", "id": "30171197-5aff-4264-9356-0fa5f79eaa75"}
2016-01-08 05:33:41,909 4386 INFO     [tempest_lib.common.rest_client] Request (TestGettingAddress:test_dhcp6_stateless_from_os): 200 GET http://10.0.2.15:9696/v2.0/subnets?tenant_id=eb559587900d4c299c02923165986a94&amp;cidr=2003%3A%3A%2F64 0.043s
2016-01-08 05:33:41,910 4386 DEBUG    [tempest_lib.common.rest_client] Request - Headers: {'Content-Type': 'application/json', 'Accept': 'application/json', 'X-Auth-Token': '&lt;omitted&gt;'}
        Body: None
    Response - Headers: {'status': '200', 'content-length': '15', 'content-location': 'http://10.0.2.15:9696/v2.0/subnets?tenant_id=eb559587900d4c299c02923165986a94&amp;cidr=2003%3A%3A%2F64', 'connection': 'close', 'date': 'Fri, 08 Jan 2016 05:33:41 GMT', 'content-type': 'application/json; charset=UTF-8', 'x-openstack-request-id': 'req-7dd6476d-c3ca-4bea-be23-767347a82c5e'}
        Body: {"subnets": []}
2016-01-08 05:33:42,260 4386 INFO     [tempest_lib.common.rest_client] Request (TestGettingAddress:test_dhcp6_stateless_from_os): 201 POST http://10.0.2.15:9696/v2.0/subnets 0.350s
2016-01-08 05:33:42,261 4386 DEBUG    [tempest_lib.common.rest_client] Request - Headers: {'Content-Type': 'application/json', 'Accept': 'application/json', 'X-Auth-Token': '&lt;omitted&gt;'}
        Body: {"subnet": {"name": "tempest-sub6-1581967015", "network_id": "015c1e31-8750-4e50-a357-7393948dc643", "tenant_id": "eb559587900d4c299c02923165986a94", "ipv6_ra_mode": "dhcpv6-stateless", "ip_version": 6, "ipv6_address_mode": "dhcpv6-stateless", "cidr": "2003::/64"}}
    Response - Headers: {'status': '201', 'content-length': '502', 'connection': 'close', 'date': 'Fri, 08 Jan 2016 05:33:42 GMT', 'content-type': 'application/json; charset=UTF-8', 'x-openstack-request-id': 'req-278b82b8-6767-4be0-9234-d3a1bab32c3e'}
        Body: {"subnet": {"name": "tempest-sub6-1581967015", "enable_dhcp": true, "network_id": "015c1e31-8750-4e50-a357-7393948dc643", "tenant_id": "eb559587900d4c299c02923165986a94", "dns_nameservers": [], "gateway_ip": "2003::1", "ipv6_ra_mode": "dhcpv6-stateless", "allocation_pools": [{"start": "2003::2", "end": "2003::ffff:ffff:ffff:ffff"}], "host_routes": [], "ip_version": 6, "ipv6_address_mode": "dhcpv6-stateless", "cidr": "2003::/64", "id": "7eafa0ba-87ed-49b4-89af-f77f308cc768", "subnetpool_id": null}}
2016-01-08 05:33:42,877 4386 INFO     [tempest_lib.common.rest_client] Request (TestGettingAddress:test_dhcp6_stateless_from_os): 200 PUT http://10.0.2.15:9696/v2.0/routers/30171197-5aff-4264-9356-0fa5f79eaa75/add_router_interface 0.616s
2016-01-08 05:33:42,878 4386 DEBUG    [tempest_lib.common.rest_client] Request - Headers: {'Content-Type': 'application/json', 'Accept': 'application/json', 'X-Auth-Token': '&lt;omitted&gt;'}
        Body: {"subnet_id": "7eafa0ba-87ed-49b4-89af-f77f308cc768"}
    Response - Headers: {'status': '200', 'content-length': '255', 'connection': 'close', 'date': 'Fri, 08 Jan 2016 05:33:42 GMT', 'content-type': 'application/json; charset=UTF-8', 'x-openstack-request-id': 'req-fc30382c-e427-497e-a7a9-dee3355d519a'}
        Body: {"subnet_id": "7eafa0ba-87ed-49b4-89af-f77f308cc768", "tenant_id": "eb559587900d4c299c02923165986a94", "subnet_ids": ["7eafa0ba-87ed-49b4-89af-f77f308cc768"], "port_id": "32638ae5-9495-48bf-b730-8f2380811146", "id": "30171197-5aff-4264-9356-0fa5f79eaa75"}
2016-01-08 05:33:43,009 4386 INFO     [tempest_lib.common.rest_client] Request (TestGettingAddress:test_dhcp6_stateless_from_os): 200 POST http://10.0.2.15:5000/v2.0/tokens
2016-01-08 05:33:43,009 4386 DEBUG    [tempest_lib.common.rest_client] Request - Headers: {'Content-Type': 'application/json', 'Accept': 'application/json'}
        Body: &lt;omitted&gt;
    Response - Headers: {'status': '200', 'content-length': '2271', 'vary': 'X-Auth-Token', 'server': 'Apache/2.4.7 (Ubuntu)', 'connection': 'close', 'date': 'Fri, 08 Jan 2016 05:33:42 GMT', 'content-type': 'application/json', 'x-openstack-request-id': 'req-a9235a61-497f-4a98-a837-eaad402bcf89'}
        Body: {"access": {"token": {"issued_at": "2016-01-08T05:33:42.995267", "expires": "2016-01-08T06:33:42Z", "id": "2fde151159d44a3abbc4ff1ea47976ff", "tenant": {"description": "tempest-TestGettingAddress-1824549969-desc", "enabled": true, "id": "eb559587900d4c299c02923165986a94", "name": "tempest-TestGettingAddress-1824549969"}, "audit_ids": ["cuLwrnAFSuei1sTEd3K_Gg"]}, "serviceCatalog": [{"endpoints": [{"adminURL": "http://10.0.2.15:9292", "region": "RegionOne", "internalURL": "http://10.0.2.15:9292", "id": "263d0aad697d4b4c9993f8523d2e2220", "publicURL": "http://10.0.2.15:9292"}], "endpoints_links": [], "type": "image", "name": "glance"}, {"endpoints": [{"adminURL": "http://10.0.2.15:8774/v2.1/eb559587900d4c299c02923165986a94", "region": "RegionOne", "internalURL": "http://10.0.2.15:8774/v2.1/eb559587900d4c299c02923165986a94", "id": "54aa5a23fca14068b81180ffac273420", "publicURL": "http://10.0.2.15:8774/v2.1/eb559587900d4c299c02923165986a94"}], "endpoints_links": [], "type": "compute", "name": "nova"}, {"endpoints": [{"adminURL": "http://10.0.2.15:9696/", "region": "RegionOne", "internalURL": "http://10.0.2.15:9696/", "id": "03302f117a5f4c13808eee6c0cc9f158", "publicURL": "http://10.0.2.15:9696/"}], "endpoints_links": [], "type": "network", "name": "neutron"}, {"endpoints": [{"adminURL": "http://10.0.2.15:35357/v2.0", "region": "RegionOne", "internalURL": "http://10.0.2.15:5000/v2.0", "id": "652c26d133eb43fa8b77920ad3d7defa", "publicURL": "http://10.0.2.15:5000/v2.0"}], "endpoints_links": [], "type": "identity", "name": "keystone"}, {"endpoints": [{"adminURL": "http://10.0.2.15:8774/v2/eb559587900d4c299c02923165986a94", "region": "RegionOne", "internalURL": "http://10.0.2.15:8774/v2/eb559587900d4c299c02923165986a94", "id": "3f9bcb51fdce42d99c7800bddf72d08a", "publicURL": "http://10.0.2.15:8774/v2/eb559587900d4c299c02923165986a94"}], "endpoints_links": [], "type": "compute_legacy", "name": "nova_legacy"}], "user": {"username": "tempest-TestGettingAddress-1665020439", "roles_links": [], "id": "ec30ad9aca9f42bd9441be89569ce0e1", "roles": [{"name": "_member_"}, {"name": "Member"}], "name": "tempest-TestGettingAddress-1665020439"}, "metadata": {"is_admin": 0, "roles": ["9fe2ff9ee4384b1894a90878d3e92bab", "eb08cffb42db4eb2a1ad37bc80f5416d"]}}}
2016-01-08 05:33:43,016 4386 DEBUG    [tempest.common.fixed_network] (TestGettingAddress:test_dhcp6_stateless_from_os) No valid network provided or created, defaulting to fixed_network_name
2016-01-08 05:33:43,401 4386 INFO     [tempest_lib.common.rest_client] Request (TestGettingAddress:test_dhcp6_stateless_from_os): 200 GET http://10.0.2.15:8774/v2.1/eb559587900d4c299c02923165986a94/os-networks 0.384s
2016-01-08 05:33:43,402 4386 DEBUG    [tempest_lib.common.rest_client] Request - Headers: {'Content-Type': 'application/json', 'Accept': 'application/json', 'X-Auth-Token': '&lt;omitted&gt;'}
        Body: None
    Response - Headers: {'status': '200', 'content-length': '478', 'content-location': 'http://10.0.2.15:8774/v2.1/eb559587900d4c299c02923165986a94/os-networks', 'x-compute-request-id': 'req-fb128c12-7251-4252-a180-f108e65fa6e2', 'vary': 'X-OpenStack-Nova-API-Version', 'connection': 'close', 'x-openstack-nova-api-version': '2.1', 'date': 'Fri, 08 Jan 2016 05:33:43 GMT', 'content-type': 'application/json'}
        Body: {"networks": [{"cidr_v6": null, "dns2": null, "dns1": null, "gateway": null, "broadcast": null, "netmask": null, "gateway_v6": null, "cidr": null, "label": "public", "id": "7275c974-9e4c-49e8-97a2-33e407f21d44", "netmask_v6": null}, {"cidr_v6": null, "dns2": null, "dns1": null, "gateway": null, "broadcast": null, "netmask": null, "gateway_v6": null, "cidr": null, "label": "tempest-network-smoke--316652797", "id": "015c1e31-8750-4e50-a357-7393948dc643", "netmask_v6": null}]}
2016-01-08 05:33:43,403 4386 WARNING  [tempest.common.fixed_network] (TestGettingAddress:test_dhcp6_stateless_from_os) Network with name: private not found
2016-01-08 05:33:43,403 4386 INFO     [tempest.common.fixed_network] (TestGettingAddress:test_dhcp6_stateless_from_os) Found network {} available for tenant
2016-01-08 05:33:44,669 4386 INFO     [tempest_lib.common.rest_client] Request (TestGettingAddress:test_dhcp6_stateless_from_os): 202 POST http://10.0.2.15:8774/v2.1/eb559587900d4c299c02923165986a94/servers 1.265s
2016-01-08 05:33:44,670 4386 DEBUG    [tempest_lib.common.rest_client] Request - Headers: {'Content-Type': 'application/json', 'Accept': 'application/json', 'X-Auth-Token': '&lt;omitted&gt;'}
        Body: {"server": {"name": "tempest.common.compute-instance-651438350", "imageRef": "bfaa33a6-472b-4470-9409-c0ab25342229", "key_name": "tempest-TestGettingAddress-1623083448", "flavorRef": "42", "networks": [{"uuid": "015c1e31-8750-4e50-a357-7393948dc643"}], "security_groups": [{"name": "tempest-secgroup-smoke-60836306"}]}}
    Response - Headers: {'status': '202', 'content-length': '460', 'x-compute-request-id': 'req-e48a4540-252e-4051-82f3-242ffed695fc', 'vary': 'X-OpenStack-Nova-API-Version', 'connection': 'close', 'location': 'http://10.0.2.15:8774/v2.1/eb559587900d4c299c02923165986a94/servers/3a3b42f9-c300-4a58-a184-217e85f980a0', 'x-openstack-nova-api-version': '2.1', 'date': 'Fri, 08 Jan 2016 05:33:44 GMT', 'content-type': 'application/json'}
        Body: {"server": {"security_groups": [{"name": "tempest-secgroup-smoke-60836306"}], "OS-DCF:diskConfig": "MANUAL", "id": "3a3b42f9-c300-4a58-a184-217e85f980a0", "links": [{"href": "http://10.0.2.15:8774/v2.1/eb559587900d4c299c02923165986a94/servers/3a3b42f9-c300-4a58-a184-217e85f980a0", "rel": "self"}, {"href": "http://10.0.2.15:8774/eb559587900d4c299c02923165986a94/servers/3a3b42f9-c300-4a58-a184-217e85f980a0", "rel": "bookmark"}], "adminPass": "ph8QJeYtttCz"}}
2016-01-08 05:33:44,807 4386 INFO     [tempest_lib.common.rest_client] Request (TestGettingAddress:test_dhcp6_stateless_from_os): 200 GET http://10.0.2.15:8774/v2.1/eb559587900d4c299c02923165986a94/servers/3a3b42f9-c300-4a58-a184-217e85f980a0 0.134s
2016-01-08 05:33:44,808 4386 DEBUG    [tempest_lib.common.rest_client] Request - Headers: {'Content-Type': 'application/json', 'Accept': 'application/json', 'X-Auth-Token': '&lt;omitted&gt;'}
        Body: None
    Response - Headers: {'status': '200', 'content-length': '1354', 'content-location': 'http://10.0.2.15:8774/v2.1/eb559587900d4c299c02923165986a94/servers/3a3b42f9-c300-4a58-a184-217e85f980a0', 'x-compute-request-id': 'req-e22758fd-cbcb-4065-bdc5-37ffc051e12b', 'vary': 'X-OpenStack-Nova-API-Version', 'connection': 'close', 'x-openstack-nova-api-version': '2.1', 'date': 'Fri, 08 Jan 2016 05:33:44 GMT', 'content-type': 'application/json'}
        Body: {"server": {"status": "BUILD", "updated": "2016-01-08T05:33:44Z", "hostId": "", "addresses": {}, "links": [{"href": "http://10.0.2.15:8774/v2.1/eb559587900d4c299c02923165986a94/servers/3a3b42f9-c300-4a58-a184-217e85f980a0", "rel": "self"}, {"href": "http://10.0.2.15:8774/eb559587900d4c299c02923165986a94/servers/3a3b42f9-c300-4a58-a184-217e85f980a0", "rel": "bookmark"}], "key_name": "tempest-TestGettingAddress-1623083448", "image": {"id": "bfaa33a6-472b-4470-9409-c0ab25342229", "links": [{"href": "http://10.0.2.15:8774/eb559587900d4c299c02923165986a94/images/bfaa33a6-472b-4470-9409-c0ab25342229", "rel": "bookmark"}]}, "OS-EXT-STS:task_state": "scheduling", "OS-EXT-STS:vm_state": "building", "OS-SRV-USG:launched_at": null, "flavor": {"id": "42", "links": [{"href": "http://10.0.2.15:8774/eb559587900d4c299c02923165986a94/flavors/42", "rel": "bookmark"}]}, "id": "3a3b42f9-c300-4a58-a184-217e85f980a0", "OS-SRV-USG:terminated_at": null, "OS-EXT-AZ:availability_zone": "", "user_id": "ec30ad9aca9f42bd9441be89569ce0e1", "name": "tempest.common.compute-instance-651438350", "created": "2016-01-08T05:33:44Z", "tenant_id": "eb559587900d4c299c02923165986a94", "OS-DCF:diskConfig": "MANUAL", "os-extended-volumes:volumes_attached": [], "accessIPv4": "", "accessIPv6": "", "progress": 0, "OS-EXT-STS:power_state": 0, "config_drive": "", "metadata": {}}}
2016-01-08 05:33:46,078 4386 INFO     [tempest_lib.common.rest_client] Request (TestGettingAddress:test_dhcp6_stateless_from_os): 200 GET http://10.0.2.15:8774/v2.1/eb559587900d4c299c02923165986a94/servers/3a3b42f9-c300-4a58-a184-217e85f980a0 0.260s
2016-01-08 05:33:46,078 4386 DEBUG    [tempest_lib.common.rest_client] Request - Headers: {'Content-Type': 'application/json', 'Accept': 'application/json', 'X-Auth-Token': '&lt;omitted&gt;'}
        Body: None
    Response - Headers: {'status': '200', 'content-length': '1412', 'content-location': 'http://10.0.2.15:8774/v2.1/eb559587900d4c299c02923165986a94/servers/3a3b42f9-c300-4a58-a184-217e85f980a0', 'x-compute-request-id': 'req-39d61272-3268-4ae2-8cce-9a65a2528598', 'vary': 'X-OpenStack-Nova-API-Version', 'connection': 'close', 'x-openstack-nova-api-version': '2.1', 'date': 'Fri, 08 Jan 2016 05:33:46 GMT', 'content-type': 'application/json'}
        Body: {"server": {"status": "BUILD", "updated": "2016-01-08T05:33:45Z", "hostId": "5acec1f293d95ca5bfb3ca1785270775892faaa6bc2a117782a7e3bf", "addresses": {}, "links": [{"href": "http://10.0.2.15:8774/v2.1/eb559587900d4c299c02923165986a94/servers/3a3b42f9-c300-4a58-a184-217e85f980a0", "rel": "self"}, {"href": "http://10.0.2.15:8774/eb559587900d4c299c02923165986a94/servers/3a3b42f9-c300-4a58-a184-217e85f980a0", "rel": "bookmark"}], "key_name": "tempest-TestGettingAddress-1623083448", "image": {"id": "bfaa33a6-472b-4470-9409-c0ab25342229", "links": [{"href": "http://10.0.2.15:8774/eb559587900d4c299c02923165986a94/images/bfaa33a6-472b-4470-9409-c0ab25342229", "rel": "bookmark"}]}, "OS-EXT-STS:task_state": "spawning", "OS-EXT-STS:vm_state": "building", "OS-SRV-USG:launched_at": null, "flavor": {"id": "42", "links": [{"href": "http://10.0.2.15:8774/eb559587900d4c299c02923165986a94/flavors/42", "rel": "bookmark"}]}, "id": "3a3b42f9-c300-4a58-a184-217e85f980a0", "OS-SRV-USG:terminated_at": null, "OS-EXT-AZ:availability_zone": "nova", "user_id": "ec30ad9aca9f42bd9441be89569ce0e1", "name": "tempest.common.compute-instance-651438350", "created": "2016-01-08T05:33:44Z", "tenant_id": "eb559587900d4c299c02923165986a94", "OS-DCF:diskConfig": "MANUAL", "os-extended-volumes:volumes_attached": [], "accessIPv4": "", "accessIPv6": "", "progress": 0, "OS-EXT-STS:power_state": 0, "config_drive": "", "metadata": {}}}
2016-01-08 05:33:46,092 4386 INFO     [tempest.common.waiters] State transition "BUILD/scheduling" ==&gt; "BUILD/spawning" after 2 second wait
2016-01-08 05:33:47,301 4386 INFO     [tempest_lib.common.rest_client] Request (TestGettingAddress:test_dhcp6_stateless_from_os): 200 GET http://10.0.2.15:8774/v2.1/eb559587900d4c299c02923165986a94/servers/3a3b42f9-c300-4a58-a184-217e85f980a0 0.207s
2016-01-08 05:33:47,302 4386 DEBUG    [tempest_lib.common.rest_client] Request - Headers: {'Content-Type': 'application/json', 'Accept': 'application/json', 'X-Auth-Token': '&lt;omitted&gt;'}
        Body: None
    Response - Headers: {'status': '200', 'content-length': '1478', 'content-location': 'http://10.0.2.15:8774/v2.1/eb559587900d4c299c02923165986a94/servers/3a3b42f9-c300-4a58-a184-217e85f980a0', 'x-compute-request-id': 'req-7cd04e16-06c9-4317-8935-4255a1c6ba2d', 'vary': 'X-OpenStack-Nova-API-Version', 'connection': 'close', 'x-openstack-nova-api-version': '2.1', 'date': 'Fri, 08 Jan 2016 05:33:47 GMT', 'content-type': 'application/json'}
        Body: {"server": {"status": "BUILD", "updated": "2016-01-08T05:33:45Z", "hostId": "5acec1f293d95ca5bfb3ca1785270775892faaa6bc2a117782a7e3bf", "addresses": {}, "links": [{"href": "http://10.0.2.15:8774/v2.1/eb559587900d4c299c02923165986a94/servers/3a3b42f9-c300-4a58-a184-217e85f980a0", "rel": "self"}, {"href": "http://10.0.2.15:8774/eb559587900d4c299c02923165986a94/servers/3a3b42f9-c300-4a58-a184-217e85f980a0", "rel": "bookmark"}], "key_name": "tempest-TestGettingAddress-1623083448", "image": {"id": "bfaa33a6-472b-4470-9409-c0ab25342229", "links": [{"href": "http://10.0.2.15:8774/eb559587900d4c299c02923165986a94/images/bfaa33a6-472b-4470-9409-c0ab25342229", "rel": "bookmark"}]}, "OS-EXT-STS:task_state": "spawning", "OS-EXT-STS:vm_state": "building", "OS-SRV-USG:launched_at": null, "flavor": {"id": "42", "links": [{"href": "http://10.0.2.15:8774/eb559587900d4c299c02923165986a94/flavors/42", "rel": "bookmark"}]}, "id": "3a3b42f9-c300-4a58-a184-217e85f980a0", "security_groups": [{"name": "tempest-secgroup-smoke-60836306"}], "OS-SRV-USG:terminated_at": null, "OS-EXT-AZ:availability_zone": "nova", "user_id": "ec30ad9aca9f42bd9441be89569ce0e1", "name": "tempest.common.compute-instance-651438350", "created": "2016-01-08T05:33:44Z", "tenant_id": "eb559587900d4c299c02923165986a94", "OS-DCF:diskConfig": "MANUAL", "os-extended-volumes:volumes_attached": [], "accessIPv4": "", "accessIPv6": "", "progress": 0, "OS-EXT-STS:power_state": 0, "config_drive": "", "metadata": {}}}
2016-01-08 05:33:48,573 4386 INFO     [tempest_lib.common.rest_client] Request (TestGettingAddress:test_dhcp6_stateless_from_os): 200 GET http://10.0.2.15:8774/v2.1/eb559587900d4c299c02923165986a94/servers/3a3b42f9-c300-4a58-a184-217e85f980a0 0.260s
2016-01-08 05:33:48,573 4386 DEBUG    [tempest_lib.common.rest_client] Request - Headers: {'Content-Type': 'application/json', 'Accept': 'application/json', 'X-Auth-Token': '&lt;omitted&gt;'}
        Body: None
    Response - Headers: {'status': '200', 'content-length': '1478', 'content-location': 'http://10.0.2.15:8774/v2.1/eb559587900d4c299c02923165986a94/servers/3a3b42f9-c300-4a58-a184-217e85f980a0', 'x-compute-request-id': 'req-815a24b9-8168-469c-ae10-bbe72a987d9f', 'vary': 'X-OpenStack-Nova-API-Version', 'connection': 'close', 'x-openstack-nova-api-version': '2.1', 'date': 'Fri, 08 Jan 2016 05:33:48 GMT', 'content-type': 'application/json'}
        Body: {"server": {"status": "BUILD", "updated": "2016-01-08T05:33:45Z", "hostId": "5acec1f293d95ca5bfb3ca1785270775892faaa6bc2a117782a7e3bf", "addresses": {}, "links": [{"href": "http://10.0.2.15:8774/v2.1/eb559587900d4c299c02923165986a94/servers/3a3b42f9-c300-4a58-a184-217e85f980a0", "rel": "self"}, {"href": "http://10.0.2.15:8774/eb559587900d4c299c02923165986a94/servers/3a3b42f9-c300-4a58-a184-217e85f980a0", "rel": "bookmark"}], "key_name": "tempest-TestGettingAddress-1623083448", "image": {"id": "bfaa33a6-472b-4470-9409-c0ab25342229", "links": [{"href": "http://10.0.2.15:8774/eb559587900d4c299c02923165986a94/images/bfaa33a6-472b-4470-9409-c0ab25342229", "rel": "bookmark"}]}, "OS-EXT-STS:task_state": "spawning", "OS-EXT-STS:vm_state": "building", "OS-SRV-USG:launched_at": null, "flavor": {"id": "42", "links": [{"href": "http://10.0.2.15:8774/eb559587900d4c299c02923165986a94/flavors/42", "rel": "bookmark"}]}, "id": "3a3b42f9-c300-4a58-a184-217e85f980a0", "security_groups": [{"name": "tempest-secgroup-smoke-60836306"}], "OS-SRV-USG:terminated_at": null, "OS-EXT-AZ:availability_zone": "nova", "user_id": "ec30ad9aca9f42bd9441be89569ce0e1", "name": "tempest.common.compute-instance-651438350", "created": "2016-01-08T05:33:44Z", "tenant_id": "eb559587900d4c299c02923165986a94", "OS-DCF:diskConfig": "MANUAL", "os-extended-volumes:volumes_attached": [], "accessIPv4": "", "accessIPv6": "", "progress": 0, "OS-EXT-STS:power_state": 0, "config_drive": "", "metadata": {}}}
2016-01-08 05:33:49,784 4386 INFO     [tempest_lib.common.rest_client] Request (TestGettingAddress:test_dhcp6_stateless_from_os): 200 GET http://10.0.2.15:8774/v2.1/eb559587900d4c299c02923165986a94/servers/3a3b42f9-c300-4a58-a184-217e85f980a0 0.199s
2016-01-08 05:33:49,784 4386 DEBUG    [tempest_lib.common.rest_client] Request - Headers: {'Content-Type': 'application/json', 'Accept': 'application/json', 'X-Auth-Token': '&lt;omitted&gt;'}
        Body: None
    Response - Headers: {'status': '200', 'content-length': '1778', 'content-location': 'http://10.0.2.15:8774/v2.1/eb559587900d4c299c02923165986a94/servers/3a3b42f9-c300-4a58-a184-217e85f980a0', 'x-compute-request-id': 'req-471f0606-da72-4317-90a1-dbaba6b16d1c', 'vary': 'X-OpenStack-Nova-API-Version', 'connection': 'close', 'x-openstack-nova-api-version': '2.1', 'date': 'Fri, 08 Jan 2016 05:33:49 GMT', 'content-type': 'application/json'}
        Body: {"server": {"status": "ACTIVE", "updated": "2016-01-08T05:33:48Z", "hostId": "5acec1f293d95ca5bfb3ca1785270775892faaa6bc2a117782a7e3bf", "addresses": {"tempest-network-smoke--316652797": [{"OS-EXT-IPS-MAC:mac_addr": "fa:16:3e:9e:18:25", "version": 6, "addr": "2003::f816:3eff:fe9e:1825", "OS-EXT-IPS:type": "fixed"}, {"OS-EXT-IPS-MAC:mac_addr": "fa:16:3e:9e:18:25", "version": 4, "addr": "10.100.0.3", "OS-EXT-IPS:type": "fixed"}]}, "links": [{"href": "http://10.0.2.15:8774/v2.1/eb559587900d4c299c02923165986a94/servers/3a3b42f9-c300-4a58-a184-217e85f980a0", "rel": "self"}, {"href": "http://10.0.2.15:8774/eb559587900d4c299c02923165986a94/servers/3a3b42f9-c300-4a58-a184-217e85f980a0", "rel": "bookmark"}], "key_name": "tempest-TestGettingAddress-1623083448", "image": {"id": "bfaa33a6-472b-4470-9409-c0ab25342229", "links": [{"href": "http://10.0.2.15:8774/eb559587900d4c299c02923165986a94/images/bfaa33a6-472b-4470-9409-c0ab25342229", "rel": "bookmark"}]}, "OS-EXT-STS:task_state": null, "OS-EXT-STS:vm_state": "active", "OS-SRV-USG:launched_at": "2016-01-08T05:33:48.000000", "flavor": {"id": "42", "links": [{"href": "http://10.0.2.15:8774/eb559587900d4c299c02923165986a94/flavors/42", "rel": "bookmark"}]}, "id": "3a3b42f9-c300-4a58-a184-217e85f980a0", "security_groups": [{"name": "tempest-secgroup-smoke-60836306"}], "OS-SRV-USG:terminated_at": null, "OS-EXT-AZ:availability_zone": "nova", "user_id": "ec30ad9aca9f42bd9441be89569ce0e1", "name": "tempest.common.compute-instance-651438350", "created": "2016-01-08T05:33:44Z", "tenant_id": "eb559587900d4c299c02923165986a94", "OS-DCF:diskConfig": "MANUAL", "os-extended-volumes:volumes_attached": [], "accessIPv4": "", "accessIPv6": "", "progress": 0, "OS-EXT-STS:power_state": 1, "config_drive": "True", "metadata": {}}}
2016-01-08 05:33:49,803 4386 INFO     [tempest.common.waiters] State transition "BUILD/spawning" ==&gt; "ACTIVE/None" after 5 second wait
2016-01-08 05:33:50,037 4386 INFO     [tempest_lib.common.rest_client] Request (TestGettingAddress:test_dhcp6_stateless_from_os): 200 GET http://10.0.2.15:8774/v2.1/eb559587900d4c299c02923165986a94/servers/3a3b42f9-c300-4a58-a184-217e85f980a0 0.233s
2016-01-08 05:33:50,037 4386 DEBUG    [tempest_lib.common.rest_client] Request - Headers: {'Content-Type': 'application/json', 'Accept': 'application/json', 'X-Auth-Token': '&lt;omitted&gt;'}
        Body: None
    Response - Headers: {'status': '200', 'content-length': '1778', 'content-location': 'http://10.0.2.15:8774/v2.1/eb559587900d4c299c02923165986a94/servers/3a3b42f9-c300-4a58-a184-217e85f980a0', 'x-compute-request-id': 'req-0d849945-cbaf-435e-90b8-fb2f87f520ca', 'vary': 'X-OpenStack-Nova-API-Version', 'connection': 'close', 'x-openstack-nova-api-version': '2.1', 'date': 'Fri, 08 Jan 2016 05:33:50 GMT', 'content-type': 'application/json'}
        Body: {"server": {"status": "ACTIVE", "updated": "2016-01-08T05:33:48Z", "hostId": "5acec1f293d95ca5bfb3ca1785270775892faaa6bc2a117782a7e3bf", "addresses": {"tempest-network-smoke--316652797": [{"OS-EXT-IPS-MAC:mac_addr": "fa:16:3e:9e:18:25", "version": 6, "addr": "2003::f816:3eff:fe9e:1825", "OS-EXT-IPS:type": "fixed"}, {"OS-EXT-IPS-MAC:mac_addr": "fa:16:3e:9e:18:25", "version": 4, "addr": "10.100.0.3", "OS-EXT-IPS:type": "fixed"}]}, "links": [{"href": "http://10.0.2.15:8774/v2.1/eb559587900d4c299c02923165986a94/servers/3a3b42f9-c300-4a58-a184-217e85f980a0", "rel": "self"}, {"href": "http://10.0.2.15:8774/eb559587900d4c299c02923165986a94/servers/3a3b42f9-c300-4a58-a184-217e85f980a0", "rel": "bookmark"}], "key_name": "tempest-TestGettingAddress-1623083448", "image": {"id": "bfaa33a6-472b-4470-9409-c0ab25342229", "links": [{"href": "http://10.0.2.15:8774/eb559587900d4c299c02923165986a94/images/bfaa33a6-472b-4470-9409-c0ab25342229", "rel": "bookmark"}]}, "OS-EXT-STS:task_state": null, "OS-EXT-STS:vm_state": "active", "OS-SRV-USG:launched_at": "2016-01-08T05:33:48.000000", "flavor": {"id": "42", "links": [{"href": "http://10.0.2.15:8774/eb559587900d4c299c02923165986a94/flavors/42", "rel": "bookmark"}]}, "id": "3a3b42f9-c300-4a58-a184-217e85f980a0", "security_groups": [{"name": "tempest-secgroup-smoke-60836306"}], "OS-SRV-USG:terminated_at": null, "OS-EXT-AZ:availability_zone": "nova", "user_id": "ec30ad9aca9f42bd9441be89569ce0e1", "name": "tempest.common.compute-instance-651438350", "created": "2016-01-08T05:33:44Z", "tenant_id": "eb559587900d4c299c02923165986a94", "OS-DCF:diskConfig": "MANUAL", "os-extended-volumes:volumes_attached": [], "accessIPv4": "", "accessIPv6": "", "progress": 0, "OS-EXT-STS:power_state": 1, "config_drive": "True", "metadata": {}}}
2016-01-08 05:33:50,221 4386 INFO     [tempest_lib.common.rest_client] Request (TestGettingAddress:test_dhcp6_stateless_from_os): 200 GET http://10.0.2.15:9696/v2.0/ports?status=ACTIVE&amp;fixed_ip=None&amp;device_id=3a3b42f9-c300-4a58-a184-217e85f980a0 0.168s
2016-01-08 05:33:50,222 4386 DEBUG    [tempest_lib.common.rest_client] Request - Headers: {'Content-Type': 'application/json', 'Accept': 'application/json', 'X-Auth-Token': '&lt;omitted&gt;'}
        Body: None
    Response - Headers: {'status': '200', 'content-length': '1142', 'content-location': 'http://10.0.2.15:9696/v2.0/ports?status=ACTIVE&amp;fixed_ip=None&amp;device_id=3a3b42f9-c300-4a58-a184-217e85f980a0', 'connection': 'close', 'date': 'Fri, 08 Jan 2016 05:33:50 GMT', 'content-type': 'application/json; charset=UTF-8', 'x-openstack-request-id': 'req-d4190ec4-3a5b-43b7-b8a3-f383fa2f9878'}
        Body: {"ports": [{"status": "ACTIVE", "binding:host_id": "vagrant-ubuntu-trusty-64", "allowed_address_pairs": [], "extra_dhcp_opts": [], "dns_assignment": [{"hostname": "host-10-100-0-3", "ip_address": "10.100.0.3", "fqdn": "host-10-100-0-3.openstacklocal."}, {"hostname": "host-2003--f816-3eff-fe9e-1825", "ip_address": "2003::f816:3eff:fe9e:1825", "fqdn": "host-2003--f816-3eff-fe9e-1825.openstacklocal."}], "device_owner": "compute:None", "port_security_enabled": true, "binding:profile": {}, "fixed_ips": [{"subnet_id": "20097704-0d9d-40a1-a0c4-5286f2773778", "ip_address": "10.100.0.3"}, {"subnet_id": "7eafa0ba-87ed-49b4-89af-f77f308cc768", "ip_address": "2003::f816:3eff:fe9e:1825"}], "id": "5e49ff1d-0b87-4fff-ac99-ea7325db4584", "security_groups": ["3248e779-4993-4d00-8f58-723fd6ea8579"], "device_id": "3a3b42f9-c300-4a58-a184-217e85f980a0", "name": "", "admin_state_up": true, "network_id": "015c1e31-8750-4e50-a357-7393948dc643", "dns_name": "", "binding:vif_details": {"port_filter": true}, "binding:vnic_type": "normal", "binding:vif_type": "ovs", "tenant_id": "eb559587900d4c299c02923165986a94", "mac_address": "fa:16:3e:9e:18:25"}]}
2016-01-08 05:33:50,775 4386 INFO     [tempest_lib.common.rest_client] Request (TestGettingAddress:test_dhcp6_stateless_from_os): 201 POST http://10.0.2.15:9696/v2.0/floatingips 0.552s
2016-01-08 05:33:50,775 4386 DEBUG    [tempest_lib.common.rest_client] Request - Headers: {'Content-Type': 'application/json', 'Accept': 'application/json', 'X-Auth-Token': '&lt;omitted&gt;'}
        Body: {"floatingip": {"floating_network_id": "7275c974-9e4c-49e8-97a2-33e407f21d44", "tenant_id": "eb559587900d4c299c02923165986a94", "fixed_ip_address": "10.100.0.3", "port_id": "5e49ff1d-0b87-4fff-ac99-ea7325db4584"}}
    Response - Headers: {'status': '201', 'content-length': '367', 'connection': 'close', 'date': 'Fri, 08 Jan 2016 05:33:50 GMT', 'content-type': 'application/json; charset=UTF-8', 'x-openstack-request-id': 'req-e4d25558-d639-419b-9e7e-a0b0908e1691'}
        Body: {"floatingip": {"floating_network_id": "7275c974-9e4c-49e8-97a2-33e407f21d44", "router_id": "30171197-5aff-4264-9356-0fa5f79eaa75", "fixed_ip_address": "10.100.0.3", "floating_ip_address": "172.24.4.4", "tenant_id": "eb559587900d4c299c02923165986a94", "status": "DOWN", "port_id": "5e49ff1d-0b87-4fff-ac99-ea7325db4584", "id": "24c19244-416f-4757-aa4a-0f468b69352c"}}
2016-01-08 05:33:50,776 4386 INFO     [tempest_lib.common.ssh] Creating ssh connection to '172.24.4.4' as 'cirros' with public key authentication
2016-01-08 05:33:54,783 4386 WARNING  [tempest_lib.common.ssh] Failed to establish authenticated ssh connection to cirros@172.24.4.4 ([Errno None] Unable to connect to port 22 on  or 172.24.4.4). Number attempts: 1. Retry after 2 seconds.
2016-01-08 05:34:00,283 4386 WARNING  [tempest_lib.common.ssh] Failed to establish authenticated ssh connection to cirros@172.24.4.4 ([Errno None] Unable to connect to port 22 on  or 172.24.4.4). Number attempts: 2. Retry after 3 seconds.
2016-01-08 05:34:06,787 4386 WARNING  [tempest_lib.common.ssh] Failed to establish authenticated ssh connection to cirros@172.24.4.4 ([Errno None] Unable to connect to port 22 on  or 172.24.4.4). Number attempts: 3. Retry after 4 seconds.
2016-01-08 05:34:14,291 4386 WARNING  [tempest_lib.common.ssh] Failed to establish authenticated ssh connection to cirros@172.24.4.4 ([Errno None] Unable to connect to port 22 on  or 172.24.4.4). Number attempts: 4. Retry after 5 seconds.
2016-01-08 05:34:22,795 4386 WARNING  [tempest_lib.common.ssh] Failed to establish authenticated ssh connection to cirros@172.24.4.4 ([Errno None] Unable to connect to port 22 on  or 172.24.4.4). Number attempts: 5. Retry after 6 seconds.
2016-01-08 05:34:32,305 4386 WARNING  [tempest_lib.common.ssh] Failed to establish authenticated ssh connection to cirros@172.24.4.4 ([Errno None] Unable to connect to port 22 on  or 172.24.4.4). Number attempts: 6. Retry after 7 seconds.
2016-01-08 05:34:42,807 4386 WARNING  [tempest_lib.common.ssh] Failed to establish authenticated ssh connection to cirros@172.24.4.4 ([Errno None] Unable to connect to port 22 on  or 172.24.4.4). Number attempts: 7. Retry after 8 seconds.
2016-01-08 05:34:54,316 4386 WARNING  [tempest_lib.common.ssh] Failed to establish authenticated ssh connection to cirros@172.24.4.4 ([Errno None] Unable to connect to port 22 on  or 172.24.4.4). Number attempts: 8. Retry after 9 seconds.
2016-01-08 05:35:06,829 4386 WARNING  [tempest_lib.common.ssh] Failed to establish authenticated ssh connection to cirros@172.24.4.4 ([Errno None] Unable to connect to port 22 on  or 172.24.4.4). Number attempts: 9. Retry after 10 seconds.
2016-01-08 05:35:20,336 4386 WARNING  [tempest_lib.common.ssh] Failed to establish authenticated ssh connection to cirros@172.24.4.4 ([Errno None] Unable to connect to port 22 on  or 172.24.4.4). Number attempts: 10. Retry after 11 seconds.
2016-01-08 05:35:34,844 4386 WARNING  [tempest_lib.common.ssh] Failed to establish authenticated ssh connection to cirros@172.24.4.4 ([Errno None] Unable to connect to port 22 on  or 172.24.4.4). Number attempts: 11. Retry after 12 seconds.
2016-01-08 05:35:50,361 4386 WARNING  [tempest_lib.common.ssh] Failed to establish authenticated ssh connection to cirros@172.24.4.4 ([Errno None] Unable to connect to port 22 on  or 172.24.4.4). Number attempts: 12. Retry after 13 seconds.
2016-01-08 05:36:06,876 4386 WARNING  [tempest_lib.common.ssh] Failed to establish authenticated ssh connection to cirros@172.24.4.4 ([Errno None] Unable to connect to port 22 on  or 172.24.4.4). Number attempts: 13. Retry after 14 seconds.
2016-01-08 05:36:24,387 4386 WARNING  [tempest_lib.common.ssh] Failed to establish authenticated ssh connection to cirros@172.24.4.4 ([Errno None] Unable to connect to port 22 on  or 172.24.4.4). Number attempts: 14. Retry after 15 seconds.
2016-01-08 05:36:42,903 4386 WARNING  [tempest_lib.common.ssh] Failed to establish authenticated ssh connection to cirros@172.24.4.4 ([Errno None] Unable to connect to port 22 on  or 172.24.4.4). Number attempts: 15. Retry after 16 seconds.
2016-01-08 05:37:02,420 4386 WARNING  [tempest_lib.common.ssh] Failed to establish authenticated ssh connection to cirros@172.24.4.4 ([Errno None] Unable to connect to port 22 on  or 172.24.4.4). Number attempts: 16. Retry after 17 seconds.
2016-01-08 05:37:22,931 4386 ERROR    [tempest_lib.common.ssh] Failed to establish authenticated ssh connection to cirros@172.24.4.4 after 16 attempts
2016-01-08 05:37:22.931 4386 ERROR tempest_lib.common.ssh Traceback (most recent call last):
2016-01-08 05:37:22.931 4386 ERROR tempest_lib.common.ssh   File "/usr/local/lib/python2.7/dist-packages/tempest_lib/common/ssh.py", line 75, in _get_ssh_connection
2016-01-08 05:37:22.931 4386 ERROR tempest_lib.common.ssh     timeout=self.channel_timeout, pkey=self.pkey)
2016-01-08 05:37:22.931 4386 ERROR tempest_lib.common.ssh   File "/usr/local/lib/python2.7/dist-packages/paramiko/client.py", line 311, in connect
2016-01-08 05:37:22.931 4386 ERROR tempest_lib.common.ssh     raise NoValidConnectionsError(errors)
2016-01-08 05:37:22.931 4386 ERROR tempest_lib.common.ssh NoValidConnectionsError: [Errno None] Unable to connect to port 22 on  or 172.24.4.4
2016-01-08 05:37:22.931 4386 ERROR tempest_lib.common.ssh 
2016-01-08 05:37:22,933 4386 ERROR    [tempest.scenario.manager] (TestGettingAddress:test_dhcp6_stateless_from_os) Initializing SSH connection to 172.24.4.4 failed. Error: Connection to the 172.24.4.4 via SSH timed out.
User: cirros, Password: None
2016-01-08 05:37:22.933 4386 ERROR tempest.scenario.manager Traceback (most recent call last):
2016-01-08 05:37:22.933 4386 ERROR tempest.scenario.manager   File "tempest/scenario/manager.py", line 386, in get_remote_client
2016-01-08 05:37:22.933 4386 ERROR tempest.scenario.manager     linux_client.validate_authentication()
2016-01-08 05:37:22.933 4386 ERROR tempest.scenario.manager   File "tempest/common/utils/linux/remote_client.py", line 63, in validate_authentication
2016-01-08 05:37:22.933 4386 ERROR tempest.scenario.manager     self.ssh_client.test_connection_auth()
2016-01-08 05:37:22.933 4386 ERROR tempest.scenario.manager   File "/usr/local/lib/python2.7/dist-packages/tempest_lib/common/ssh.py", line 172, in test_connection_auth
2016-01-08 05:37:22.933 4386 ERROR tempest.scenario.manager     connection = self._get_ssh_connection()
2016-01-08 05:37:22.933 4386 ERROR tempest.scenario.manager   File "/usr/local/lib/python2.7/dist-packages/tempest_lib/common/ssh.py", line 87, in _get_ssh_connection
2016-01-08 05:37:22.933 4386 ERROR tempest.scenario.manager     password=self.password)
2016-01-08 05:37:22.933 4386 ERROR tempest.scenario.manager SSHTimeout: Connection to the 172.24.4.4 via SSH timed out.
2016-01-08 05:37:22.933 4386 ERROR tempest.scenario.manager User: cirros, Password: None
2016-01-08 05:37:22.933 4386 ERROR tempest.scenario.manager 
2016-01-08 05:37:23,014 4386 INFO     [tempest_lib.common.rest_client] Request (TestGettingAddress:test_dhcp6_stateless_from_os): 200 GET http://10.0.2.15:8774/v2.1/eb559587900d4c299c02923165986a94/servers 0.079s
2016-01-08 05:37:23,015 4386 DEBUG    [tempest_lib.common.rest_client] Request - Headers: {'Content-Type': 'application/json', 'Accept': 'application/json', 'X-Auth-Token': '&lt;omitted&gt;'}
        Body: None
    Response - Headers: {'status': '200', 'content-length': '390', 'content-location': 'http://10.0.2.15:8774/v2.1/eb559587900d4c299c02923165986a94/servers', 'x-compute-request-id': 'req-75df7cff-2902-4793-9034-5398003441a2', 'vary': 'X-OpenStack-Nova-API-Version', 'connection': 'close', 'x-openstack-nova-api-version': '2.1', 'date': 'Fri, 08 Jan 2016 05:37:23 GMT', 'content-type': 'application/json'}
        Body: {"servers": [{"id": "3a3b42f9-c300-4a58-a184-217e85f980a0", "links": [{"href": "http://10.0.2.15:8774/v2.1/eb559587900d4c299c02923165986a94/servers/3a3b42f9-c300-4a58-a184-217e85f980a0", "rel": "self"}, {"href": "http://10.0.2.15:8774/eb559587900d4c299c02923165986a94/servers/3a3b42f9-c300-4a58-a184-217e85f980a0", "rel": "bookmark"}], "name": "tempest.common.compute-instance-651438350"}]}
2016-01-08 05:37:23,234 4386 INFO     [tempest_lib.common.rest_client] Request (TestGettingAddress:test_dhcp6_stateless_from_os): 200 POST http://10.0.2.15:8774/v2.1/eb559587900d4c299c02923165986a94/servers/3a3b42f9-c300-4a58-a184-217e85f980a0/action 0.213s
2016-01-08 05:37:23,235 4386 DEBUG    [tempest_lib.common.rest_client] Request - Headers: {'Content-Type': 'application/json', 'Accept': 'application/json', 'X-Auth-Token': '&lt;omitted&gt;'}
        Body: {"os-getConsoleOutput": {}}
    Response - Headers: {'status': '200', 'content-length': '24719', 'x-compute-request-id': 'req-98143551-cb93-4ba7-94ed-f3ad5a88fd4f', 'vary': 'X-OpenStack-Nova-API-Version', 'connection': 'close', 'x-openstack-nova-api-version': '2.1', 'date': 'Fri, 08 Jan 2016 05:37:23 GMT', 'content-type': 'application/json'}
        Body: {"output": "[    0.000000] Initializing cgroup subsys cpuset\n[    0.000000] Initializing cgroup subsys cpu\n[    0.000000] Linux version 3.2.0-80-virtual (buildd@batsu) (gcc version 4.6.3 (Ubuntu/Linaro 4.6.3-1ubuntu5) ) #116-Ubuntu SMP Mon Mar 23 17:28:52 UTC 2015 (Ubuntu 3.2.0-80.116-virtual 3.2.68)\n[    0.000000] Command line: root=/dev/vda console=tty0 console=ttyS0 no_timer_check\n[    0.000000] KERNEL supported cpus:\n[    0.000000]   Intel GenuineIntel\n[    0.000000]   AMD AuthenticAMD\n[    0.000000]   Centaur CentaurHauls\n[    0.000000] BIOS-provided physical RAM map:\n[    0.000000]  BIOS-e820: 0000000000000000 - 000000000009fc00 (usable)\n[    0.000000]  BIOS-e820: 000000000009fc00 - 00000000000a0000 (reserved)\n[    0.000000]  BIOS-e820: 00000000000f0000 - 0000000000100000 (reserved)\n[    0.000000]  BIOS-e820: 0000000000100000 - 0000000003ffe000 (usable)\n[    0.000000]  BIOS-e820: 0000000003ffe000 - 0000000004000000 (reserved)\n[    0.000000]  BIOS-e820: 00000000fffc0000 - 0000000100000000 (reserved)\n[    0.000000] NX (Execute Disable) protection: active\n[    0.000000] SMBIOS 2.4 present.\n[    0.000000] No AGP bridge found\n[    0.000000] last_pfn = 0x3ffe max_arch_pfn = 0x400000000\n[    0.000000] x86 PAT enabled: cpu 0, old 0x7040600070406, new 0x7010600070106\n[    0.000000] found SMP MP-table at [ffff8800000f0b00] f0b00\n[    0.000000] init_memory_mapping: 0000000000000000-0000000003ffe000\n[    0.000000] RAMDISK: 03c5e000 - 03ff0000\n[    0.000000] ACPI: RSDP 00000000000f0950 00014 (v00 BOCHS )\n[    0.000000] ACPI: RSDT 0000000003fffbc1 00034 (v01 BOCHS  BXPCRSDT 00000001 BXPC 00000001)\n[    0.000000] ACPI: FACP 0000000003fff1c0 00074 (v01 BOCHS  BXPCFACP 00000001 BXPC 00000001)\n[    0.000000] ACPI: DSDT 0000000003ffe040 01180 (v01 BOCHS  BXPCDSDT 00000001 BXPC 00000001)\n[    0.000000] ACPI: FACS 0000000003ffe000 00040\n[    0.000000] ACPI: SSDT 0000000003fff234 008DD (v01 BOCHS  BXPCSSDT 00000001 BXPC 00000001)\n[    0.000000] ACPI: APIC 0000000003fffb11 00078 (v01 BOCHS  BXPCAPIC 00000001 BXPC 00000001)\n[    0.000000] ACPI: HPET 0000000003fffb89 00038 (v01 BOCHS  BXPCHPET 00000001 BXPC 00000001)\n[    0.000000] No NUMA configuration found\n[    0.000000] Faking a node at 0000000000000000-0000000003ffe000\n[    0.000000] Initmem setup node 0 0000000000000000-0000000003ffe000\n[    0.000000]   NODE_DATA [0000000003ff6000 - 0000000003ffafff]\n[    0.000000] Zone PFN ranges:\n[    0.000000]   DMA      0x00000010 -&gt; 0x00001000\n[    0.000000]   DMA32    0x00001000 -&gt; 0x00100000\n[    0.000000]   Normal   empty\n[    0.000000] Movable zone start PFN for each node\n[    0.000000] early_node_map[2] active PFN ranges\n[    0.000000]     0: 0x00000010 -&gt; 0x0000009f\n[    0.000000]     0: 0x00000100 -&gt; 0x00003ffe\n[    0.000000] ACPI: PM-Timer IO Port: 0xb008\n[    0.000000] ACPI: LAPIC (acpi_id[0x00] lapic_id[0x00] enabled)\n[    0.000000] ACPI: LAPIC_NMI (acpi_id[0xff] dfl dfl lint[0x1])\n[    0.000000] ACPI: IOAPIC (id[0x00] address[0xfec00000] gsi_base[0])\n[    0.000000] IOAPIC[0]: apic_id 0, version 17, address 0xfec00000, GSI 0-23\n[    0.000000] ACPI: INT_SRC_OVR (bus 0 bus_irq 0 global_irq 2 dfl dfl)\n[    0.000000] ACPI: INT_SRC_OVR (bus 0 bus_irq 5 global_irq 5 high level)\n[    0.000000] ACPI: INT_SRC_OVR (bus 0 bus_irq 9 global_irq 9 high level)\n[    0.000000] ACPI: INT_SRC_OVR (bus 0 bus_irq 10 global_irq 10 high level)\n[    0.000000] ACPI: INT_SRC_OVR (bus 0 bus_irq 11 global_irq 11 high level)\n[    0.000000] Using ACPI (MADT) for SMP configuration information\n[    0.000000] ACPI: HPET id: 0x8086a201 base: 0xfed00000\n[    0.000000] SMP: Allowing 1 CPUs, 0 hotplug CPUs\n[    0.000000] PM: Registered nosave memory: 000000000009f000 - 00000000000a0000\n[    0.000000] PM: Registered nosave memory: 00000000000a0000 - 00000000000f0000\n[    0.000000] PM: Registered nosave memory: 00000000000f0000 - 0000000000100000\n[    0.000000] Allocating PCI resources starting at 4000000 (gap: 4000000:fbfc0000)\n[    0.000000] Booting paravirtualized kernel on bare hardware\n[    0.000000] setup_pe
2016-01-08 05:37:23,238 4386 DEBUG    [tempest.scenario.manager] Console output for 3a3b42f9-c300-4a58-a184-217e85f980a0
body=
[    0.000000] Initializing cgroup subsys cpuset
[    0.000000] Initializing cgroup subsys cpu
[    0.000000] Linux version 3.2.0-80-virtual (buildd@batsu) (gcc version 4.6.3 (Ubuntu/Linaro 4.6.3-1ubuntu5) ) #116-Ubuntu SMP Mon Mar 23 17:28:52 UTC 2015 (Ubuntu 3.2.0-80.116-virtual 3.2.68)
[    0.000000] Command line: root=/dev/vda console=tty0 console=ttyS0 no_timer_check
[    0.000000] KERNEL supported cpus:
[    0.000000]   Intel GenuineIntel
[    0.000000]   AMD AuthenticAMD
[    0.000000]   Centaur CentaurHauls
[    0.000000] BIOS-provided physical RAM map:
[    0.000000]  BIOS-e820: 0000000000000000 - 000000000009fc00 (usable)
[    0.000000]  BIOS-e820: 000000000009fc00 - 00000000000a0000 (reserved)
[    0.000000]  BIOS-e820: 00000000000f0000 - 0000000000100000 (reserved)
[    0.000000]  BIOS-e820: 0000000000100000 - 0000000003ffe000 (usable)
[    0.000000]  BIOS-e820: 0000000003ffe000 - 0000000004000000 (reserved)
[    0.000000]  BIOS-e820: 00000000fffc0000 - 0000000100000000 (reserved)
[    0.000000] NX (Execute Disable) protection: active
[    0.000000] SMBIOS 2.4 present.
[    0.000000] No AGP bridge found
[    0.000000] last_pfn = 0x3ffe max_arch_pfn = 0x400000000
[    0.000000] x86 PAT enabled: cpu 0, old 0x7040600070406, new 0x7010600070106
[    0.000000] found SMP MP-table at [ffff8800000f0b00] f0b00
[    0.000000] init_memory_mapping: 0000000000000000-0000000003ffe000
[    0.000000] RAMDISK: 03c5e000 - 03ff0000
[    0.000000] ACPI: RSDP 00000000000f0950 00014 (v00 BOCHS )
[    0.000000] ACPI: RSDT 0000000003fffbc1 00034 (v01 BOCHS  BXPCRSDT 00000001 BXPC 00000001)
[    0.000000] ACPI: FACP 0000000003fff1c0 00074 (v01 BOCHS  BXPCFACP 00000001 BXPC 00000001)
[    0.000000] ACPI: DSDT 0000000003ffe040 01180 (v01 BOCHS  BXPCDSDT 00000001 BXPC 00000001)
[    0.000000] ACPI: FACS 0000000003ffe000 00040
[    0.000000] ACPI: SSDT 0000000003fff234 008DD (v01 BOCHS  BXPCSSDT 00000001 BXPC 00000001)
[    0.000000] ACPI: APIC 0000000003fffb11 00078 (v01 BOCHS  BXPCAPIC 00000001 BXPC 00000001)
[    0.000000] ACPI: HPET 0000000003fffb89 00038 (v01 BOCHS  BXPCHPET 00000001 BXPC 00000001)
[    0.000000] No NUMA configuration found
[    0.000000] Faking a node at 0000000000000000-0000000003ffe000
[    0.000000] Initmem setup node 0 0000000000000000-0000000003ffe000
[    0.000000]   NODE_DATA [0000000003ff6000 - 0000000003ffafff]
[    0.000000] Zone PFN ranges:
[    0.000000]   DMA      0x00000010 -&gt; 0x00001000
[    0.000000]   DMA32    0x00001000 -&gt; 0x00100000
[    0.000000]   Normal   empty
[    0.000000] Movable zone start PFN for each node
[    0.000000] early_node_map[2] active PFN ranges
[    0.000000]     0: 0x00000010 -&gt; 0x0000009f
[    0.000000]     0: 0x00000100 -&gt; 0x00003ffe
[    0.000000] ACPI: PM-Timer IO Port: 0xb008
[    0.000000] ACPI: LAPIC (acpi_id[0x00] lapic_id[0x00] enabled)
[    0.000000] ACPI: LAPIC_NMI (acpi_id[0xff] dfl dfl lint[0x1])
[    0.000000] ACPI: IOAPIC (id[0x00] address[0xfec00000] gsi_base[0])
[    0.000000] IOAPIC[0]: apic_id 0, version 17, address 0xfec00000, GSI 0-23
[    0.000000] ACPI: INT_SRC_OVR (bus 0 bus_irq 0 global_irq 2 dfl dfl)
[    0.000000] ACPI: INT_SRC_OVR (bus 0 bus_irq 5 global_irq 5 high level)
[    0.000000] ACPI: INT_SRC_OVR (bus 0 bus_irq 9 global_irq 9 high level)
[    0.000000] ACPI: INT_SRC_OVR (bus 0 bus_irq 10 global_irq 10 high level)
[    0.000000] ACPI: INT_SRC_OVR (bus 0 bus_irq 11 global_irq 11 high level)
[    0.000000] Using ACPI (MADT) for SMP configuration information
[    0.000000] ACPI: HPET id: 0x8086a201 base: 0xfed00000
[    0.000000] SMP: Allowing 1 CPUs, 0 hotplug CPUs
[    0.000000] PM: Registered nosave memory: 000000000009f000 - 00000000000a0000
[    0.000000] PM: Registered nosave memory: 00000000000a0000 - 00000000000f0000
[    0.000000] PM: Registered nosave memory: 00000000000f0000 - 0000000000100000
[    0.000000] Allocating PCI resources starting at 4000000 (gap: 4000000:fbfc0000)
[    0.000000] Booting paravirtualized kernel on bare hardware
[    0.000000] setup_percpu: NR_CPUS:64 nr_cpumask_bits:64 nr_cpu_ids:1 nr_node_ids:1
[    0.000000] PERCPU: Embedded 27 pages/cpu @ffff880003a00000 s78848 r8192 d23552 u2097152
[    0.000000] Built 1 zonelists in Node order, mobility grouping on.  Total pages: 16008
[    0.000000] Policy zone: DMA32
[    0.000000] Kernel command line: root=/dev/vda console=tty0 console=ttyS0 no_timer_check
[    0.000000] PID hash table entries: 256 (order: -1, 2048 bytes)
[    0.000000] Checking aperture...
[    0.000000] No AGP bridge found
[    0.000000] Memory: 43492k/65528k available (6576k kernel code, 452k absent, 21584k reserved, 6620k data, 928k init)
[    0.000000] SLUB: Genslabs=15, HWalign=64, Order=0-3, MinObjects=0, CPUs=1, Nodes=1
[    0.000000] Hierarchical RCU implementation.
[    0.000000] 	RCU dyntick-idle grace-period acceleration is enabled.
[    0.000000] NR_IRQS:4352 nr_irqs:256 16
[    0.000000] Console: colour VGA+ 80x25
[    0.000000] console [tty0] enabled
[    0.000000] console [ttyS0] enabled
[    0.000000] allocated 1048576 bytes of page_cgroup
[    0.000000] please try 'cgroup_disable=memory' option if you don't want memory cgroups
[    0.000000] Fast TSC calibration failed
[    0.000000] TSC: Unable to calibrate against PIT
[    0.000000] TSC: using HPET reference calibration
[    0.000000] Detected 2294.542 MHz processor.
[    0.028783] Calibrating delay loop (skipped), value calculated using timer frequency.. 4589.08 BogoMIPS (lpj=9178168)
[    0.032866] pid_max: default: 32768 minimum: 301
[    0.041631] Security Framework initialized
[    0.045849] AppArmor: AppArmor initialized
[    0.046578] Yama: becoming mindful.
[    0.053618] Dentry cache hash table entries: 8192 (order: 4, 65536 bytes)
[    0.055191] Inode-cache hash table entries: 4096 (order: 3, 32768 bytes)
[    0.056652] Mount-cache hash table entries: 256
[    0.072223] Initializing cgroup subsys cpuacct
[    0.073197] Initializing cgroup subsys memory
[    0.074506] Initializing cgroup subsys devices
[    0.076195] Initializing cgroup subsys freezer
[    0.077036] Initializing cgroup subsys blkio
[    0.077747] Initializing cgroup subsys perf_event
[    0.083034] mce: CPU supports 10 MCE banks
[    0.086832] SMP alternatives: switching to UP code
[    0.525997] Freeing SMP alternatives: 24k freed
[    0.528978] ACPI: Core revision 20110623
[    0.578094] ftrace: allocating 26610 entries in 105 pages
[    0.612037] ..TIMER: vector=0x30 apic1=0 pin1=2 apic2=-1 pin2=-1
[    0.612132] CPU0: AMD QEMU Virtual CPU version 2.0.0 stepping 03
[    0.616037] Performance Events: Broken PMU hardware detected, using software events only.
[    0.624303] NMI watchdog disabled (cpu0): hardware events not enabled
[    0.625721] Brought up 1 CPUs
[    0.626209] Total of 1 processors activated (4589.08 BogoMIPS).
[    0.648941] devtmpfs: initialized
[    0.676280] EVM: security.selinux
[    0.677196] EVM: security.SMACK64
[    0.678048] EVM: security.capability
[    0.705142] print_constraints: dummy: 
[    0.707339] RTC time:  5:33:51, date: 01/08/16
[    0.710144] NET: Registered protocol family 16
[    0.720105] ACPI: bus type pci registered
[    0.724500] PCI: Using configuration type 1 for base access
[    0.756452] bio: create slab &lt;bio-0&gt; at 0
[    0.762986] ACPI: Added _OSI(Module Device)
[    0.764142] ACPI: Added _OSI(Processor Device)
[    0.764964] ACPI: Added _OSI(3.0 _SCP Extensions)
[    0.765574] ACPI: Added _OSI(Processor Aggregator Device)
[    0.845705] ACPI: Interpreter enabled
[    0.846163] ACPI: (supports S0 S3 S4 S5)
[    0.849832] ACPI: Using IOAPIC for interrupt routing
[    0.941218] ACPI: No dock devices found.
[    0.941839] HEST: Table not found.
[    0.942450] PCI: Using host bridge windows from ACPI; if necessary, use "pci=nocrs" and report a bug
[    0.949677] ACPI: PCI Root Bridge [PCI0] (domain 0000 [bus 00-ff])
[    0.956361] pci_root PNP0A03:00: host bridge window [io  0x0000-0x0cf7]
[    0.957378] pci_root PNP0A03:00: host bridge window [io  0x0d00-0xadff]
[    0.958186] pci_root PNP0A03:00: host bridge window [io  0xae0f-0xaeff]
[    0.959020] pci_root PNP0A03:00: host bridge window [io  0xaf20-0xafdf]
[    0.960110] pci_root PNP0A03:00: host bridge window [io  0xafe4-0xffff]
[    0.960960] pci_root PNP0A03:00: host bridge window [mem 0x000a0000-0x000bffff]
[    0.961825] pci_root PNP0A03:00: host bridge window [mem 0x04000000-0xfebfffff]
[    0.984453] pci 0000:00:01.3: quirk: [io  0xb000-0xb03f] claimed by PIIX4 ACPI
[    0.985435] pci 0000:00:01.3: quirk: [io  0xb100-0xb10f] claimed by PIIX4 SMB
[    1.051268]  pci0000:00: Unable to request _OSC control (_OSC support mask: 0x1e)
[    1.120431] ACPI: PCI Interrupt Link [LNKA] (IRQs 5 *10 11)
[    1.123021] ACPI: PCI Interrupt Link [LNKB] (IRQs 5 *10 11)
[    1.126329] ACPI: PCI Interrupt Link [LNKC] (IRQs 5 10 *11)
[    1.128069] ACPI: PCI Interrupt Link [LNKD] (IRQs 5 10 *11)
[    1.129329] ACPI: PCI Interrupt Link [LNKS] (IRQs *9)
[    1.138014] vgaarb: device added: PCI:0000:00:02.0,decodes=io+mem,owns=io+mem,locks=none
[    1.140296] vgaarb: loaded
[    1.140701] vgaarb: bridge control possible 0000:00:02.0
[    1.145835] i2c-core: driver [aat2870] using legacy suspend method
[    1.146968] i2c-core: driver [aat2870] using legacy resume method
[    1.150192] SCSI subsystem initialized
[    1.154700] usbcore: registered new interface driver usbfs
[    1.156603] usbcore: registered new interface driver hub
[    1.157974] usbcore: registered new device driver usb
[    1.162159] PCI: Using ACPI for IRQ routing
[    1.173836] NetLabel: Initializing
[    1.174274] NetLabel:  domain hash size = 128
[    1.176140] NetLabel:  protocols = UNLABELED CIPSOv4
[    1.177966] NetLabel:  unlabeled traffic allowed by default
[    1.181138] HPET: 3 timers in total, 0 timers will be used for per-cpu timer
[    1.182844] hpet0: at MMIO 0xfed00000, IRQs 2, 8, 0
[    1.184743] hpet0: 3 comparators, 64-bit 100.000000 MHz counter
[    1.200910] Switching to clocksource hpet
[    1.497208] AppArmor: AppArmor Filesystem Enabled
[    1.498804] pnp: PnP ACPI init
[    1.499515] ACPI: bus type pnp registered
[    1.519078] pnp: PnP ACPI: found 9 devices
[    1.519679] ACPI: ACPI bus type pnp unregistered
[    1.582995] NET: Registered protocol family 2
[    1.617978] IP route cache hash table entries: 512 (order: 0, 4096 bytes)
[    1.625218] TCP established hash table entries: 2048 (order: 3, 32768 bytes)
[    1.626990] TCP bind hash table entries: 2048 (order: 3, 32768 bytes)
[    1.627889] TCP: Hash tables configured (established 2048 bind 2048)
[    1.629465] TCP reno registered
[    1.630078] UDP hash table entries: 128 (order: 0, 4096 bytes)
[    1.630970] UDP-Lite hash table entries: 128 (order: 0, 4096 bytes)
[    1.634113] NET: Registered protocol family 1
[    1.634961] pci 0000:00:00.0: Limiting direct PCI/PCI transfers
[    1.635785] pci 0000:00:01.0: PIIX3: Enabling Passive Release
[    1.637459] pci 0000:00:01.0: Activating ISA DMA hang workarounds
[    1.641959] ACPI: PCI Interrupt Link [LNKD] enabled at IRQ 11
[    1.643022] pci 0000:00:01.2: PCI INT D -&gt; Link[LNKD] -&gt; GSI 11 (level, high) -&gt; IRQ 11
[    1.645511] pci 0000:00:01.2: PCI INT D disabled
[    1.663667] Trying to unpack rootfs image as initramfs...
[    1.680025] audit: initializing netlink socket (disabled)
[    1.682427] type=2000 audit(1452231231.680:1): initialized
[    1.959190] HugeTLB registered 2 MB page size, pre-allocated 0 pages
[    2.047995] VFS: Disk quotas dquot_6.5.2
[    2.050098] Dquot-cache hash table entries: 512 (order 0, 4096 bytes)
[    2.065760] fuse init (API version 7.17)
[    2.069160] msgmni has been set to 84
[    2.106326] Block layer SCSI generic (bsg) driver version 0.4 loaded (major 253)
[    2.107824] io scheduler noop registered
[    2.109461] io scheduler deadline registered (default)
[    2.110614] io scheduler cfq registered
[    2.114349] pci_hotplug: PCI Hot Plug PCI Core version: 0.5
[    2.116512] pciehp: PCI Express Hot Plug Controller Driver version: 0.4
[    2.122152] input: Power Button as /devices/LNXSYSTM:00/LNXPWRBN:00/input/input0
[    2.123680] ACPI: Power Button [PWRF]
[    2.183398] ERST: Table is not found!
[    2.183934] GHES: HEST is not enabled!
[    2.187654] ACPI: PCI Interrupt Link [LNKC] enabled at IRQ 10
[    2.188900] virtio-pci 0000:00:03.0: PCI INT A -&gt; Link[LNKC] -&gt; GSI 10 (level, high) -&gt; IRQ 10
[    2.193365] virtio-pci 0000:00:04.0: PCI INT A -&gt; Link[LNKD] -&gt; GSI 11 (level, high) -&gt; IRQ 11
[    2.210684] ACPI: PCI Interrupt Link [LNKA] enabled at IRQ 10
[    2.211555] virtio-pci 0000:00:05.0: PCI INT A -&gt; Link[LNKA] -&gt; GSI 10 (level, high) -&gt; IRQ 10
[    2.222236] Serial: 8250/16550 driver, 32 ports, IRQ sharing enabled
[    2.266565] serial8250: ttyS0 at I/O 0x3f8 (irq = 4) is a 16550A
[    2.354458] serial8250: ttyS1 at I/O 0x2f8 (irq = 3) is a 16550A
[    2.478129] 00:05: ttyS0 at I/O 0x3f8 (irq = 4) is a 16550A
[    2.564610] 00:06: ttyS1 at I/O 0x2f8 (irq = 3) is a 16550A
[    2.616411] Linux agpgart interface v0.103
[    2.650174] Refined TSC clocksource calibration: 2294.591 MHz.
[    2.651280] Switching to clocksource tsc
[    2.686333] brd: module loaded
[    2.717985] loop: module loaded
[    2.765743]  vda: unknown partition table
[    2.817744] scsi0 : ata_piix
[    2.825129] scsi1 : ata_piix
[    2.826692] ata1: PATA max MWDMA2 cmd 0x1f0 ctl 0x3f6 bmdma 0xc0a0 irq 14
[    2.827465] ata2: PATA max MWDMA2 cmd 0x170 ctl 0x376 bmdma 0xc0a8 irq 15
[    2.838568] Fixed MDIO Bus: probed
[    2.839391] tun: Universal TUN/TAP device driver, 1.6
[    2.840515] tun: (C) 1999-2004 Max Krasnyansky &lt;maxk@qualcomm.com&gt;
[    2.854312] PPP generic driver version 2.4.2
[    2.884316] ehci_hcd: USB 2.0 'Enhanced' Host Controller (EHCI) Driver
[    2.885989] ohci_hcd: USB 1.1 'Open' Host Controller (OHCI) Driver
[    2.886938] uhci_hcd: USB Universal Host Controller Interface driver
[    2.888023] uhci_hcd 0000:00:01.2: PCI INT D -&gt; Link[LNKD] -&gt; GSI 11 (level, high) -&gt; IRQ 11
[    2.891586] uhci_hcd 0000:00:01.2: UHCI Host Controller
[    2.905654] uhci_hcd 0000:00:01.2: new USB bus registered, assigned bus number 1
[    2.907591] uhci_hcd 0000:00:01.2: irq 11, io base 0x0000c040
[    2.944466] hub 1-0:1.0: USB hub found
[    2.946070] hub 1-0:1.0: 2 ports detected
[    2.953030] usbcore: registered new interface driver libusual
[    2.957160] i8042: PNP: PS/2 Controller [PNP0303:KBD,PNP0f13:MOU] at 0x60,0x64 irq 1,12
[    2.966865] serio: i8042 KBD port at 0x60,0x64 irq 1
[    2.969265] serio: i8042 AUX port at 0x60,0x64 irq 12
[    3.011136] mousedev: PS/2 mouse device common for all mice
[    3.031589] input: AT Translated Set 2 keyboard as /devices/platform/i8042/serio0/input/input1
[    3.055252] rtc_cmos 00:01: RTC can wake from S4
[    3.087614] ata2.01: ATAPI: QEMU DVD-ROM, 2.0.0, max UDMA/100
[    3.100696] rtc_cmos 00:01: rtc core: registered rtc_cmos as rtc0
[    3.107590] rtc0: alarms up to one day, 114 bytes nvram, hpet irqs
[    3.115447] device-mapper: uevent: version 1.0.3
[    3.131599] ata2.01: configured for MWDMA2
[    3.163024] scsi 1:0:1:0: CD-ROM            QEMU     QEMU DVD-ROM     2.0. PQ: 0 ANSI: 5
[    3.182041] device-mapper: ioctl: 4.22.0-ioctl (2011-10-19) initialised: dm-devel@redhat.com
[    3.187873] cpuidle: using governor ladder
[    3.191386] cpuidle: using governor menu
[    3.192866] EFI Variables Facility v0.08 2004-May-17
[    3.203447] TCP cubic registered
[    3.209500] NET: Registered protocol family 10
[    3.244023] NET: Registered protocol family 17
[    3.247186] Registering the dns_resolver key type
[    3.271716] sr0: scsi3-mmc drive: 4x/4x cd/rw xa/form2 tray
[    3.274061] cdrom: Uniform CD-ROM driver Revision: 3.20
[    3.295617] sr 1:0:1:0: Attached scsi generic sg0 type 5
[    3.356821] Freeing initrd memory: 3656k freed
[    3.375293] registered taskstats version 1
[    3.894357]   Magic number: 0:127:567
[    3.899579] misc network_latency: hash matches
[    3.905609] rtc_cmos 00:01: setting system clock to 2016-01-08 05:33:54 UTC (1452231234)
[    3.909607] powernow-k8: Processor cpuid 663 not supported
[    3.924887] BIOS EDD facility v0.16 2004-Jun-25, 0 devices found
[    3.926442] EDD information not available.
[    3.996664] Freeing unused kernel memory: 928k freed
[    4.003052] Write protecting the kernel read-only data: 12288k
[    4.110831] Freeing unused kernel memory: 1596k freed
[    4.188993] Freeing unused kernel memory: 1184k freed

info: initramfs: up at 4.36
modprobe: module virtio_blk not found in modules.dep
modprobe: module virtio_net not found in modules.dep
info: copying initramfs to /dev/vda
info: initramfs loading root from /dev/vda
info: /etc/init.d/rc.sysinit: up at 9.06
info: container: none
Starting logging: OK
modprobe: module virtio_blk not found in modules.dep
modprobe: module virtio_net not found in modules.dep
WARN: /etc/rc3.d/S10-load-modules failed
Initializing random number generator... done.
Starting acpid: OK
cirros-ds 'local' up at 11.61
found datasource (configdrive, local)
Starting network...
udhcpc (v1.20.1) started
Sending discover...
Sending discover...
Sending discover...
Usage: /sbin/cirros-dhcpc &lt;up|down&gt;
No lease, failing
WARN: /etc/rc3.d/S40-network failed
Starting dropbear sshd: generating rsa key... generating dsa key... OK
no userdata for datasource
=== system information ===
Platform: OpenStack Foundation OpenStack Nova
Container: none
Arch: x86_64
CPU(s): 1 @ 2294.542 MHz
Cores/Sockets/Threads: 1/1/1
Virt-type: AMD-V
RAM Size: 49MB
Disks:
NAME MAJ:MIN     SIZE LABEL         MOUNTPOINT
vda  253:0   25165824 cirros-rootfs /
sr0   11:0     428032 config-2      
=== sshd host keys ===
-----BEGIN SSH HOST KEY KEYS-----
ssh-rsa AAAAB3NzaC1yc2EAAAADAQABAAAAgwCONGROj0kuX8xTxn06MB/621HT+0AJyeXJCAJPw8syn6VJs7BIOcUkOrfRv8CtQCOZemYDtxZY9fecpV5WBbH/B+GI4jLrRgvdoqre3k7913odap8tRQYM+J1x4qyrsrp7gowEQkZijNJ2jRvCbPiNRZEINWSFY1yhz//OhraNOMs7 root@tempest
ssh-dss AAAAB3NzaC1kc3MAAACBAOFI2kyONkBBw1FlDDeks+KA1zAoa8fHiAkEmkPy1UHCBaAPp20cLbRRr/qerJw6E+j9PZ3rQO5aViqZ7+IsPO8u8ci/0WzlQAw7sgkSTa1C75rlP/EyADlm2RIXs9nsqUCOwGkIFWAWuwQgmX9jHIziO3GfHOwfsDOLTj72nhJ/AAAAFQDw9+Tdhv0UFGpcTjUOu01Xz+mqrwAAAIBPkY87NaPgM9U54NFcMO1cihEsW2v40tKCQq9ZR47ili8zm2+JtOsvxqdML30brKcWXp1hHK7h48EE5a3mnqsqaTLDzUpLjVnYC7rMTJYf4l0KKMQp/pW7QMh9k1/5itbVTAIVKjfGoV33tkW4vbTceDw2SXl+0osGBgNTkd3xawAAAIEA1GXUyvsOp9TKOMR/EpeOA+zC2DqbC63WhiJ5SpyUS9GymklM9M433RNqWRqMSDll/7y2yzp4TPMhOgYm7lDZix8xvpDqtlsaqqvVqFNBmaPmiK6gTGogZMriBUY/4QZkLb36C4hPTgLS1lkvRUWOj9P4j53Nrd/44qLuPN9oJxM= root@tempest
-----END SSH HOST KEY KEYS-----
=== network info ===
if-info: lo,up,127.0.0.1,8,::1
if-info: eth0,up,,8,fe80::f816:3eff:fe9e:1825
=== datasource: configdrive local ===
instance-id: 3a3b42f9-c300-4a58-a184-217e85f980a0
name: tempest.common.compute-instance-651438350
availability-zone: nova
local-hostname: tempest.common.compute-instance-651438350.novalocal
launch-index: 0
=== cirros: current=0.3.4 uptime=200.83 ===
route: fscanf
=== pinging gateway failed, debugging connection ===
############ debug start ##############
### /etc/init.d/sshd start
Starting dropbear sshd: OK
route: fscanf
### ifconfig -a
eth0      Link encap:Ethernet  HWaddr FA:16:3E:9E:18:25  
          inet6 addr: fe80::f816:3eff:fe9e:1825/64 Scope:Link
          UP BROADCAST RUNNING MULTICAST  MTU:1500  Metric:1
          RX packets:12 errors:0 dropped:5 overruns:0 frame:0
          TX packets:8 errors:0 dropped:0 overruns:0 carrier:0
          collisions:0 txqueuelen:1000 
          RX bytes:1303 (1.2 KiB)  TX bytes:1134 (1.1 KiB)

lo        Link encap:Local Loopback  
          inet addr:127.0.0.1  Mask:255.0.0.0
          inet6 addr: ::1/128 Scope:Host
          UP LOOPBACK RUNNING  MTU:16436  Metric:1
          RX packets:12 errors:0 dropped:0 overruns:0 frame:0
          TX packets:12 errors:0 dropped:0 overruns:0 carrier:0
          collisions:0 txqueuelen:0 
          RX bytes:1020 (1020.0 B)  TX bytes:1020 (1020.0 B)

### route -n
Kernel IP routing table
Destination     Gateway         Genmask         Flags Metric Ref    Use Iface
route: fscanf
### cat /etc/resolv.conf
cat: can't open '/etc/resolv.conf': No such file or directory
### gateway not found
/sbin/cirros-status: line 1: can't open /etc/resolv.conf: no such file
### pinging nameservers
### uname -a
Linux tempest 3.2.0-80-virtual #116-Ubuntu SMP Mon Mar 23 17:28:52 UTC 2015 x86_64 GNU/Linux
### lsmod
Module                  Size  Used by    Not tainted
nls_iso8859_1          12713  0 
nls_cp437              16991  0 
vfat                   17585  0 
fat                    61512  1 vfat
isofs                  40259  0 
ip_tables              27473  0 
x_tables               29891  1 ip_tables
pcnet32                42119  0 
8139cp                 27360  0 
ne2k_pci               13691  0 
8390                   18856  1 ne2k_pci
e1000                 108589  0 
acpiphp                24231  0 
### dmesg | tail
[    5.150340] EXT3-fs (vda): mounted filesystem with ordered data mode
[    5.482525] ISO 9660 Extensions: Microsoft Joliet Level 3
[    5.549257] ISO 9660 Extensions: RRIP_1991A
[    5.777505] kjournald starting.  Commit interval 5 seconds
[    5.793968] EXT3-fs (vda): using internal journal
[    5.794954] EXT3-fs (vda): mounted filesystem with ordered data mode
[    9.114412] EXT3-fs (vda): using internal journal
[   12.337583] ISO 9660 Extensions: Microsoft Joliet Level 3
[   12.431404] ISO 9660 Extensions: RRIP_1991A
[   27.161438] eth0: no IPv6 routers present
### tail -n 25 /var/log/messages
Jan  8 05:34:01 cirros kern.info kernel: [    4.685295] acpiphp: Slot [26] registered
Jan  8 05:34:01 cirros kern.info kernel: [    4.685629] acpiphp: Slot [27] registered
Jan  8 05:34:01 cirros kern.info kernel: [    4.685995] acpiphp: Slot [28] registered
Jan  8 05:34:01 cirros kern.info kernel: [    4.686526] acpiphp: Slot [29] registered
Jan  8 05:34:01 cirros kern.info kernel: [    4.687033] acpiphp: Slot [30] registered
Jan  8 05:34:01 cirros kern.info kernel: [    4.687471] acpiphp: Slot [31] registered
Jan  8 05:34:01 cirros kern.info kernel: [    4.738587] e1000: Intel(R) PRO/1000 Network Driver - version 7.3.21-k8-NAPI
Jan  8 05:34:01 cirros kern.info kernel: [    4.738646] e1000: Copyright (c) 1999-2006 Intel Corporation.
Jan  8 05:34:01 cirros kern.info kernel: [    4.780928] ne2k-pci.c:v1.03 9/22/2003 D. Becker/P. Gortmaker
Jan  8 05:34:01 cirros kern.info kernel: [    4.824660] 8139cp: 8139cp: 10/100 PCI Ethernet driver v1.3 (Mar 22, 2004)
Jan  8 05:34:01 cirros kern.info kernel: [    4.869499] pcnet32: pcnet32.c:v1.35 21.Apr.2008 tsbogend@alpha.franken.de
Jan  8 05:34:01 cirros kern.info kernel: [    4.912646] ip_tables: (C) 2000-2006 Netfilter Core Team
Jan  8 05:34:01 cirros kern.info kernel: [    5.147838] kjournald starting.  Commit interval 5 seconds
Jan  8 05:34:01 cirros kern.info kernel: [    5.150340] EXT3-fs (vda): mounted filesystem with ordered data mode
Jan  8 05:34:01 cirros kern.debug kernel: [    5.482525] ISO 9660 Extensions: Microsoft Joliet Level 3
Jan  8 05:34:01 cirros kern.debug kernel: [    5.549257] ISO 9660 Extensions: RRIP_1991A
Jan  8 05:34:01 cirros kern.info kernel: [    5.777505] kjournald starting.  Commit interval 5 seconds
Jan  8 05:34:01 cirros kern.info kernel: [    5.793968] EXT3-fs (vda): using internal journal
Jan  8 05:34:01 cirros kern.info kernel: [    5.794954] EXT3-fs (vda): mounted filesystem with ordered data mode
Jan  8 05:34:01 cirros kern.info kernel: [    9.114412] EXT3-fs (vda): using internal journal
Jan  8 05:34:02 cirros kern.debug kernel: [   12.337583] ISO 9660 Extensions: Microsoft Joliet Level 3
Jan  8 05:34:03 cirros kern.debug kernel: [   12.431404] ISO 9660 Extensions: RRIP_1991A
Jan  8 05:34:05 cirros auth.notice su: + /dev/console root:cirros
Jan  8 05:34:17 cirros kern.debug kernel: [   27.161438] eth0: no IPv6 routers present
Jan  8 05:37:09 cirros authpriv.info dropbear[283]: Running in background
############ debug end   ##############
  ____               ____  ____
 / __/ __ ____ ____ / __ \/ __/
/ /__ / // __// __// /_/ /\ \ 
\___//_//_/  /_/   \____/___/ 
   http://cirros-cloud.net


login as 'cirros' user. default password: 'cubswin:)'. use 'sudo' for root.
tempest login: 
2016-01-08 05:37:23,622 4386 INFO     [tempest_lib.common.rest_client] Request (TestGettingAddress:_run_cleanups): 204 DELETE http://10.0.2.15:9696/v2.0/floatingips/24c19244-416f-4757-aa4a-0f468b69352c 0.378s
2016-01-08 05:37:23,622 4386 DEBUG    [tempest_lib.common.rest_client] Request - Headers: {'Content-Type': 'application/json', 'Accept': 'application/json', 'X-Auth-Token': '&lt;omitted&gt;'}
        Body: None
    Response - Headers: {'date': 'Fri, 08 Jan 2016 05:37:23 GMT', 'status': '204', 'connection': 'close', 'content-length': '0', 'x-openstack-request-id': 'req-bae98f3e-47cc-4066-bdb8-c6902757fff9'}
        Body: 
2016-01-08 05:37:23,823 4386 INFO     [tempest_lib.common.rest_client] Request (TestGettingAddress:_run_cleanups): 204 DELETE http://10.0.2.15:8774/v2.1/eb559587900d4c299c02923165986a94/servers/3a3b42f9-c300-4a58-a184-217e85f980a0 0.200s
2016-01-08 05:37:23,824 4386 DEBUG    [tempest_lib.common.rest_client] Request - Headers: {'Content-Type': 'application/json', 'Accept': 'application/json', 'X-Auth-Token': '&lt;omitted&gt;'}
        Body: None
    Response - Headers: {'status': '204', 'content-length': '0', 'x-compute-request-id': 'req-7558c678-bcc9-4adf-b91f-0d16d22d289a', 'vary': 'X-OpenStack-Nova-API-Version', 'connection': 'close', 'x-openstack-nova-api-version': '2.1', 'date': 'Fri, 08 Jan 2016 05:37:23 GMT', 'content-type': 'application/json'}
        Body: 
2016-01-08 05:37:24,058 4386 INFO     [tempest_lib.common.rest_client] Request (TestGettingAddress:_run_cleanups): 200 GET http://10.0.2.15:8774/v2.1/eb559587900d4c299c02923165986a94/servers/3a3b42f9-c300-4a58-a184-217e85f980a0 0.234s
2016-01-08 05:37:24,059 4386 DEBUG    [tempest_lib.common.rest_client] Request - Headers: {'Content-Type': 'application/json', 'Accept': 'application/json', 'X-Auth-Token': '&lt;omitted&gt;'}
        Body: None
    Response - Headers: {'status': '200', 'content-length': '1901', 'content-location': 'http://10.0.2.15:8774/v2.1/eb559587900d4c299c02923165986a94/servers/3a3b42f9-c300-4a58-a184-217e85f980a0', 'x-compute-request-id': 'req-f74eef27-a115-4033-9e8b-2b653457d693', 'vary': 'X-OpenStack-Nova-API-Version', 'connection': 'close', 'x-openstack-nova-api-version': '2.1', 'date': 'Fri, 08 Jan 2016 05:37:24 GMT', 'content-type': 'application/json'}
        Body: {"server": {"status": "ACTIVE", "updated": "2016-01-08T05:37:23Z", "hostId": "5acec1f293d95ca5bfb3ca1785270775892faaa6bc2a117782a7e3bf", "addresses": {"tempest-network-smoke--316652797": [{"OS-EXT-IPS-MAC:mac_addr": "fa:16:3e:9e:18:25", "version": 6, "addr": "2003::f816:3eff:fe9e:1825", "OS-EXT-IPS:type": "fixed"}, {"OS-EXT-IPS-MAC:mac_addr": "fa:16:3e:9e:18:25", "version": 4, "addr": "10.100.0.3", "OS-EXT-IPS:type": "fixed"}, {"OS-EXT-IPS-MAC:mac_addr": "fa:16:3e:9e:18:25", "version": 4, "addr": "172.24.4.4", "OS-EXT-IPS:type": "floating"}]}, "links": [{"href": "http://10.0.2.15:8774/v2.1/eb559587900d4c299c02923165986a94/servers/3a3b42f9-c300-4a58-a184-217e85f980a0", "rel": "self"}, {"href": "http://10.0.2.15:8774/eb559587900d4c299c02923165986a94/servers/3a3b42f9-c300-4a58-a184-217e85f980a0", "rel": "bookmark"}], "key_name": "tempest-TestGettingAddress-1623083448", "image": {"id": "bfaa33a6-472b-4470-9409-c0ab25342229", "links": [{"href": "http://10.0.2.15:8774/eb559587900d4c299c02923165986a94/images/bfaa33a6-472b-4470-9409-c0ab25342229", "rel": "bookmark"}]}, "OS-EXT-STS:task_state": "deleting", "OS-EXT-STS:vm_state": "active", "OS-SRV-USG:launched_at": "2016-01-08T05:33:48.000000", "flavor": {"id": "42", "links": [{"href": "http://10.0.2.15:8774/eb559587900d4c299c02923165986a94/flavors/42", "rel": "bookmark"}]}, "id": "3a3b42f9-c300-4a58-a184-217e85f980a0", "security_groups": [{"name": "tempest-secgroup-smoke-60836306"}], "OS-SRV-USG:terminated_at": null, "OS-EXT-AZ:availability_zone": "nova", "user_id": "ec30ad9aca9f42bd9441be89569ce0e1", "name": "tempest.common.compute-instance-651438350", "created": "2016-01-08T05:33:44Z", "tenant_id": "eb559587900d4c299c02923165986a94", "OS-DCF:diskConfig": "MANUAL", "os-extended-volumes:volumes_attached": [], "accessIPv4": "", "accessIPv6": "", "progress": 0, "OS-EXT-STS:power_state": 1, "config_drive": "True", "metadata": {}}}
2016-01-08 05:37:25,339 4386 INFO     [tempest_lib.common.rest_client] Request (TestGettingAddress:_run_cleanups): 200 GET http://10.0.2.15:8774/v2.1/eb559587900d4c299c02923165986a94/servers/3a3b42f9-c300-4a58-a184-217e85f980a0 0.266s
2016-01-08 05:37:25,339 4386 DEBUG    [tempest_lib.common.rest_client] Request - Headers: {'Content-Type': 'application/json', 'Accept': 'application/json', 'X-Auth-Token': '&lt;omitted&gt;'}
        Body: None
    Response - Headers: {'status': '200', 'content-length': '1444', 'content-location': 'http://10.0.2.15:8774/v2.1/eb559587900d4c299c02923165986a94/servers/3a3b42f9-c300-4a58-a184-217e85f980a0', 'x-compute-request-id': 'req-d900131f-1d62-4855-a4d2-dff1027d6363', 'vary': 'X-OpenStack-Nova-API-Version', 'connection': 'close', 'x-openstack-nova-api-version': '2.1', 'date': 'Fri, 08 Jan 2016 05:37:25 GMT', 'content-type': 'application/json'}
        Body: {"server": {"status": "DELETED", "updated": "2016-01-08T05:37:25Z", "hostId": "5acec1f293d95ca5bfb3ca1785270775892faaa6bc2a117782a7e3bf", "addresses": {}, "links": [{"href": "http://10.0.2.15:8774/v2.1/eb559587900d4c299c02923165986a94/servers/3a3b42f9-c300-4a58-a184-217e85f980a0", "rel": "self"}, {"href": "http://10.0.2.15:8774/eb559587900d4c299c02923165986a94/servers/3a3b42f9-c300-4a58-a184-217e85f980a0", "rel": "bookmark"}], "key_name": "tempest-TestGettingAddress-1623083448", "image": {"id": "bfaa33a6-472b-4470-9409-c0ab25342229", "links": [{"href": "http://10.0.2.15:8774/eb559587900d4c299c02923165986a94/images/bfaa33a6-472b-4470-9409-c0ab25342229", "rel": "bookmark"}]}, "OS-EXT-STS:task_state": null, "OS-EXT-STS:vm_state": "deleted", "OS-SRV-USG:launched_at": "2016-01-08T05:33:48.000000", "flavor": {"id": "42", "links": [{"href": "http://10.0.2.15:8774/eb559587900d4c299c02923165986a94/flavors/42", "rel": "bookmark"}]}, "id": "3a3b42f9-c300-4a58-a184-217e85f980a0", "OS-SRV-USG:terminated_at": "2016-01-08T05:37:25.000000", "OS-EXT-AZ:availability_zone": "nova", "user_id": "ec30ad9aca9f42bd9441be89569ce0e1", "name": "tempest.common.compute-instance-651438350", "created": "2016-01-08T05:33:44Z", "tenant_id": "eb559587900d4c299c02923165986a94", "OS-DCF:diskConfig": "MANUAL", "os-extended-volumes:volumes_attached": [], "accessIPv4": "", "accessIPv6": "", "OS-EXT-STS:power_state": 0, "config_drive": "True", "metadata": {}}}
2016-01-08 05:37:26,429 4386 INFO     [tempest_lib.common.rest_client] Request (TestGettingAddress:_run_cleanups): 404 GET http://10.0.2.15:8774/v2.1/eb559587900d4c299c02923165986a94/servers/3a3b42f9-c300-4a58-a184-217e85f980a0 0.078s
2016-01-08 05:37:26,430 4386 DEBUG    [tempest_lib.common.rest_client] Request - Headers: {'Content-Type': 'application/json', 'Accept': 'application/json', 'X-Auth-Token': '&lt;omitted&gt;'}
        Body: None
    Response - Headers: {'status': '404', 'content-length': '111', 'x-compute-request-id': 'req-cbf62621-faf2-4cf9-a541-44009385af16', 'vary': 'X-OpenStack-Nova-API-Version', 'connection': 'close', 'x-openstack-nova-api-version': '2.1', 'date': 'Fri, 08 Jan 2016 05:37:26 GMT', 'content-type': 'application/json; charset=UTF-8'}
        Body: {"itemNotFound": {"message": "Instance 3a3b42f9-c300-4a58-a184-217e85f980a0 could not be found.", "code": 404}}
2016-01-08 05:37:26,936 4386 INFO     [tempest_lib.common.rest_client] Request (TestGettingAddress:_run_cleanups): 200 PUT http://10.0.2.15:9696/v2.0/routers/30171197-5aff-4264-9356-0fa5f79eaa75/remove_router_interface 0.506s
2016-01-08 05:37:26,937 4386 DEBUG    [tempest_lib.common.rest_client] Request - Headers: {'Content-Type': 'application/json', 'Accept': 'application/json', 'X-Auth-Token': '&lt;omitted&gt;'}
        Body: {"subnet_id": "7eafa0ba-87ed-49b4-89af-f77f308cc768"}
    Response - Headers: {'status': '200', 'content-length': '255', 'connection': 'close', 'date': 'Fri, 08 Jan 2016 05:37:26 GMT', 'content-type': 'application/json; charset=UTF-8', 'x-openstack-request-id': 'req-d781f87c-9c33-413c-aeec-021780aaf866'}
