<?xml version="1.0" encoding="UTF-8"?>
<!DOCTYPE html PUBLIC "-//W3C//DTD XHTML 1.0 Strict//EN"
     "http://www.w3.org/TR/xhtml1/DTD/xhtml1-strict.dtd">
<html xmlns="http://www.w3.org/1999/xhtml">
<head>
    <title>Unit Test Report</title>
    <meta name="generator" content="subunit2html 0.1"/>
    <meta http-equiv="Content-Type" content="text/html; charset=UTF-8"/>
    
<style type="text/css" media="screen">
body        { font-family: verdana, arial, helvetica, sans-serif;
    font-size: 80%; }
table       { font-size: 100%; width: 100%;}
pre         { font-size: 80%; }

/* -- heading -------------------------------------------------------------- */
h1 {
        font-size: 16pt;
        color: gray;
}
.heading {
    margin-top: 0ex;
    margin-bottom: 1ex;
}

.heading .attribute {
    margin-top: 1ex;
    margin-bottom: 0;
}

.heading .description {
    margin-top: 4ex;
    margin-bottom: 6ex;
}

/* -- css div popup -------------------------------------------------------- */
a.popup_link {
}

a.popup_link:hover {
    color: red;
}

.popup_window {
    display: none;
    overflow-x: scroll;
    /*border: solid #627173 1px; */
    padding: 10px;
    background-color: #E6E6D6;
    font-family: "Ubuntu Mono", "Lucida Console", "Courier New", monospace;
    text-align: left;
    font-size: 8pt;
}

}
/* -- report --------------------------------------------------------------- */
#show_detail_line {
    margin-top: 3ex;
    margin-bottom: 1ex;
}
#result_table {
    width: 100%;
    border-collapse: collapse;
    border: 1px solid #777;
}
#header_row {
    font-weight: bold;
    color: white;
    background-color: #777;
}
#result_table td {
    border: 1px solid #777;
    padding: 2px;
}
#total_row  { font-weight: bold; }
.passClass  { background-color: #6c6; }
.failClass  { background-color: #c60; }
.errorClass { background-color: #c00; }
.passCase   { color: #6c6; }
.failCase   { color: #c60; font-weight: bold; }
.errorCase  { color: #c00; font-weight: bold; }
.hiddenRow  { display: none; }
.testcase   { margin-left: 2em; }
td.testname {width: 40%}
td.small {width: 40px}

/* -- ending --------------------------------------------------------------- */
#ending {
}

</style>

</head>
<body>
<script language="javascript" type="text/javascript"><!--
output_list = Array();

/* level - 0:Summary; 1:Failed; 2:All */
function showCase(level) {
    trs = document.getElementsByTagName("tr");
    for (var i = 0; i < trs.length; i++) {
        tr = trs[i];
        id = tr.id;
        if (id.substr(0,2) == 'ft') {
            if (level < 1) {
                tr.className = 'hiddenRow';
            }
            else {
                tr.className = '';
            }
        }
        if (id.substr(0,2) == 'pt') {
            if (level > 1) {
                tr.className = '';
            }
            else {
                tr.className = 'hiddenRow';
            }
        }
    }
}


function showClassDetail(cid, count) {
    var id_list = Array(count);
    var toHide = 1;
    for (var i = 0; i < count; i++) {
        tid0 = 't' + cid.substr(1) + '.' + (i+1);
        tid = 'f' + tid0;
        tr = document.getElementById(tid);
        if (!tr) {
            tid = 'p' + tid0;
            tr = document.getElementById(tid);
        }
        id_list[i] = tid;
        if (tr.className) {
            toHide = 0;
        }
    }
    for (var i = 0; i < count; i++) {
        tid = id_list[i];
        if (toHide) {
            document.getElementById('div_'+tid).style.display = 'none'
            document.getElementById(tid).className = 'hiddenRow';
        }
        else {
            document.getElementById(tid).className = '';
        }
    }
}


function showTestDetail(div_id){
    var details_div = document.getElementById(div_id)
    var displayState = details_div.style.display
    // alert(displayState)
    if (displayState != 'block' ) {
        displayState = 'block'
        details_div.style.display = 'block'
    }
    else {
        details_div.style.display = 'none'
    }
}


function html_escape(s) {
    s = s.replace(/&/g,'&amp;');
    s = s.replace(/</g,'&lt;');
    s = s.replace(/>/g,'&gt;');
    return s;
}

/* obsoleted by detail in <div>
function showOutput(id, name) {
    var w = window.open("", //url
                    name,
                    "resizable,scrollbars,status,width=800,height=450");
    d = w.document;
    d.write("<pre>");
    d.write(html_escape(output_list[id]));
    d.write("\n");
    d.write("<a href='javascript:window.close()'>close</a>\n");
    d.write("</pre>\n");
    d.close();
}
*/
--></script>

<div class='heading'>
<h1>Unit Test Report</h1>

<p class='attribute'><strong>Status:</strong> Failure 8</p>

<p class='description'></p>
</div>



<p id='show_detail_line'>Show
<a href='javascript:showCase(0)'>Summary</a>
<a href='javascript:showCase(1)'>Failed</a>
<a href='javascript:showCase(2)'>All</a>
</p>
<table id='result_table'>
<colgroup>
<col align='left' />
<col align='right' />
<col align='right' />
<col align='right' />
<col align='right' />
<col align='right' />
<col align='right' />
<col align='right' />
</colgroup>
<tr id='header_row'>
    <td>Test Group/Test case</td>
    <td>Count</td>
    <td>Pass</td>
    <td>Fail</td>
    <td>Error</td>
    <td>Skip</td>
    <td>View</td>
    <td> </td>
</tr>

<tr class='failClass'>
    <td class="testname">tempest.scenario.test_network_v6.TestGettingAddress</td>
    <td class="small">8</td>
    <td class="small">0</td>
    <td class="small">8</td>
    <td class="small">0</td>
    <td class="small">0</td>
    <td class="small"><a href="javascript:showClassDetail('c1',8)"
>Detail</a></td>
    <td> </td>
</tr>

<tr id='ft1.1' class='none'>
    <td class='failCase'><div class='testcase'>test_dhcp6_stateless_from_os[compute,id-d7e1f858-187c-45a6-89c9-bdafde619a9f,network]</div></td>
    <td colspan='7' align='left'>

    <!--css div popup start-->
    <a class="popup_link" onfocus='this.blur();'
    href="javascript:showTestDetail('div_ft1.1')" >
        fail</a>

    <div id='div_ft1.1' class="popup_window">
        <div style='text-align: right; color:red;cursor:pointer'>
        <a onfocus='this.blur();'
onclick="document.getElementById('div_ft1.1').style.display = 'none' " >
           [x]</a>
        </div>
        <pre>
        
ft1.1: tempest.scenario.test_network_v6.TestGettingAddress.test_dhcp6_stateless_from_os[compute,id-d7e1f858-187c-45a6-89c9-bdafde619a9f,network]_StringException: Empty attachments:
  stderr
  stdout

pythonlogging:'': {{{
2015-12-22 04:55:44,496 21587 INFO     [tempest_lib.common.rest_client] Request (TestGettingAddress:setUp): 200 POST http://10.0.2.15:8774/v2.1/ce2ff87fe2c04ece8a056833951762bf/os-keypairs 0.321s
2015-12-22 04:55:44,496 21587 DEBUG    [tempest_lib.common.rest_client] Request - Headers: {'Content-Type': 'application/json', 'Accept': 'application/json', 'X-Auth-Token': '&lt;omitted&gt;'}
        Body: {"keypair": {"name": "tempest-TestGettingAddress-1949888086"}}
    Response - Headers: {'status': '200', 'content-length': '2320', 'x-compute-request-id': 'req-c1714dc1-f63f-4a93-9b8e-5dbe5a3c6933', 'vary': 'X-OpenStack-Nova-API-Version', 'connection': 'close', 'x-openstack-nova-api-version': '2.1', 'date': 'Tue, 22 Dec 2015 04:55:44 GMT', 'content-type': 'application/json'}
        Body: {"keypair": {"public_key": "ssh-rsa AAAAB3NzaC1yc2EAAAADAQABAAABAQCYBq2hj2+4d1ZVmnJ/9sobHrtHr0QmHcXuYUhGrN4ssztDCowpB3seQe+PY9WcZrF+DeJQjz2eGWDXbmCMy0ELE8W6pIqQgVSaBBnjpJcZaOgUdC6Vbtla3iXKSmi39EaS/LKwY1/6GzEmNgtTlADNyAMeIS2zGw+36l7DfWX4ErSfryRhnlCKrqzlU0kTb2he6Pyr3yWzI8b9j6vjqhegNPEBGguUORSTbIZy0o7sunMyJzncpkr69e1gXTzeuuGA0kZV/GRk7lkgU5Y3wHqw50fPJrGJhTwT1CTKncS9lr8UdBzsplS5NWMymtIjpUcQuVnp746XztgtcIfD6mCP Generated-by-Nova", "private_key": "-----BEGIN RSA PRIVATE KEY-----\nMIIEqAIBAAKCAQEAmAatoY9vuHdWVZpyf/bKGx67R69EJh3F7mFIRqzeLLM7QwqM\nKQd7HkHvj2PVnGaxfg3iUI89nhlg125gjMtBCxPFuqSKkIFUmgQZ46SXGWjoFHQu\nlW7ZWt4lykpot/RGkvyysGNf+hsxJjYLU5QAzcgDHiEtsxsPt+pew31l+BK0n68k\nYZ5Qiq6s5VNJE29oXuj8q98lsyPG/Y+r46oXoDTxARoLlDkUk2yGctKO7LpzMic5\n3KZK+vXtYF083rrhgNJGVfxkZO5ZIFOWN8B6sOdHzyaxiYU8E9Qkyp3EvZa/FHQc\n7KZUuTVjMprSI6VHELlZ6e+Ol87YLXCHw+pgjwIDAQABAoIBADck1P5xZPjocKyE\nZVv9TLohn5UVAgdBbXZWWz0nnz9fk/Nxc/299O64xAijEey1Y1Rx/NFz48nhMrty\nEht/7ovyFBrrbEeWYfWr3ygvn49b+jLRIcSafMT1J4gFDY8MUD0o5DgPE9VI378Y\ng2tBmDkMf/UB2+3Htx/jJ5SJe99Leh9ykdFN0nd7ykjg3Btk9wKWAkawe0BArjEy\nPuRPOHHRsbYJ4NpNMvloRZb9uOUfEOXBZdIEsopaR5js9HknkubAMuabn78oB0E1\n4yHQ0NudZFhWVaJFsKKy7J2UABP3ejHeboMMuU5tSUn+gTCu6VXJAImzC9LDQRWh\nw2mAW+ECggCBALY6RUw9FALbZzEIzaXPVpT+l1MwXlDMh//K641pwTGEVIolmMDA\nJSSOAUPqcDz/P+rDz/4LjiB3pSWkMSD5/TvuJfZxWllew7PY5hU2ZcA4eALLnE8y\nm3YWG3Mkj46i0chGU8GAxvpnZ5sYtj+e7eV9/K3KpJX2+svu4TfYkSslAoIAgQDV\nkmCRwhKZGLRnWZ+lHZNZxyFSVRfKrxWdDKS4ngcWQayWKFtauLPdV1uBQlmes4rA\nNJgnUaYYWFwsoJkIZocnuSZJA4jGdd1idHkLaUwNxkqnz7EAgfQJh6e6u3UlFwbN\nyE3tY71GpJxgbNv3SBuCxvZ/jXxG1aY3e6dhX3vIowKCAIEArS9yHsPJmfGFABAa\nyiPkaJQRo2lLqcTI1+y1s1830eSvJ+AVbdLvOe+P+kj7xKzdxTO2H/5BZE/xb3W9\nj1anOmbaQ351XIx4uBtCiBR73ZSNUjLKamZxY2gdTHAJ04igkZNtFHFcKi1ORRPW\nWV6lP79d/pmhlDj3IAv2lcnIJdUCggCAHfidvra6f2udHYfRRI2i+Q1d2r0ASrxJ\nTzHQB+x9WB09SBE/yLp021IAEGKsSv4tMY3v8Eyf/3ie7tBWyXwB6YwtGD/7uMYf\nnEp2FijfuGskXOpjj4utII0995GI/fx+QvCiJvdBP6GoJEwCjnA7FB4xx3KmhxZC\nbjTXJ24L4/sCggCAIGr+L7hW/mh63P3xRpJ+1K44W65EcRnSsGrs83WiCgLoemSt\n0GRy8em0cFVfySNGG/PrY3wMMlq3snBVFKkIsqOGZbbsJ+x/viJBG7fmNpBT8w8i\nqNOZb/+J5QeXRCkqJHHJbrsAP7F9/wmRRSccvEFVkI/h/4HALvlf3Ygr8vE=\n-----END RSA PRIVATE KEY-----\n", "user_id": "a85763dcd3cd43dfb169b81cfd3074e7", "name": "tempest-TestGettingAddress-1949888086", "fingerprint": "7c:c2:08:a7:f6:f8:f9:68:88:57:01:c5:b6:79:1b:b3"}}
2015-12-22 04:55:44,836 21587 INFO     [tempest_lib.common.rest_client] Request (TestGettingAddress:setUp): 201 POST http://10.0.2.15:9696/v2.0/security-groups 0.337s
2015-12-22 04:55:44,836 21587 DEBUG    [tempest_lib.common.rest_client] Request - Headers: {'Content-Type': 'application/json', 'Accept': 'application/json', 'X-Auth-Token': '&lt;omitted&gt;'}
        Body: {"security_group": {"tenant_id": "ce2ff87fe2c04ece8a056833951762bf", "description": "tempest-secgroup-smoke-731448884 description", "name": "tempest-secgroup-smoke-731448884"}}
    Response - Headers: {'status': '201', 'content-length': '886', 'connection': 'close', 'date': 'Tue, 22 Dec 2015 04:55:44 GMT', 'content-type': 'application/json; charset=UTF-8', 'x-openstack-request-id': 'req-8066c832-98c0-40f0-8689-b27de3c3b69f'}
        Body: {"security_group": {"tenant_id": "ce2ff87fe2c04ece8a056833951762bf", "description": "tempest-secgroup-smoke-731448884 description", "id": "a7779abb-b84a-400e-acef-c71894f13212", "security_group_rules": [{"remote_group_id": null, "direction": "egress", "remote_ip_prefix": null, "protocol": null, "ethertype": "IPv4", "tenant_id": "ce2ff87fe2c04ece8a056833951762bf", "port_range_max": null, "port_range_min": null, "id": "56c5300b-a6c9-4e77-a01e-b1fae7f8bef0", "security_group_id": "a7779abb-b84a-400e-acef-c71894f13212"}, {"remote_group_id": null, "direction": "egress", "remote_ip_prefix": null, "protocol": null, "ethertype": "IPv6", "tenant_id": "ce2ff87fe2c04ece8a056833951762bf", "port_range_max": null, "port_range_min": null, "id": "4505ef43-690a-4ba9-b8e0-9eef2a026b6d", "security_group_id": "a7779abb-b84a-400e-acef-c71894f13212"}], "name": "tempest-secgroup-smoke-731448884"}}
2015-12-22 04:55:44,956 21587 INFO     [tempest_lib.common.rest_client] Request (TestGettingAddress:setUp): 201 POST http://10.0.2.15:9696/v2.0/security-group-rules 0.118s
2015-12-22 04:55:44,956 21587 DEBUG    [tempest_lib.common.rest_client] Request - Headers: {'Content-Type': 'application/json', 'Accept': 'application/json', 'X-Auth-Token': '&lt;omitted&gt;'}
        Body: {"security_group_rule": {"direction": "ingress", "protocol": "tcp", "tenant_id": "ce2ff87fe2c04ece8a056833951762bf", "port_range_max": 22, "security_group_id": "a7779abb-b84a-400e-acef-c71894f13212", "port_range_min": 22}}
    Response - Headers: {'status': '201', 'content-length': '340', 'connection': 'close', 'date': 'Tue, 22 Dec 2015 04:55:44 GMT', 'content-type': 'application/json; charset=UTF-8', 'x-openstack-request-id': 'req-527e801e-2fca-46d3-8eb4-42d3a9a5813e'}
        Body: {"security_group_rule": {"remote_group_id": null, "direction": "ingress", "remote_ip_prefix": null, "protocol": "tcp", "ethertype": "IPv4", "tenant_id": "ce2ff87fe2c04ece8a056833951762bf", "port_range_max": 22, "port_range_min": 22, "id": "90663d2f-67b4-49ac-bdfb-dde28fd3bf5e", "security_group_id": "a7779abb-b84a-400e-acef-c71894f13212"}}
2015-12-22 04:55:45,077 21587 INFO     [tempest_lib.common.rest_client] Request (TestGettingAddress:setUp): 201 POST http://10.0.2.15:9696/v2.0/security-group-rules 0.120s
2015-12-22 04:55:45,078 21587 DEBUG    [tempest_lib.common.rest_client] Request - Headers: {'Content-Type': 'application/json', 'Accept': 'application/json', 'X-Auth-Token': '&lt;omitted&gt;'}
        Body: {"security_group_rule": {"direction": "egress", "protocol": "tcp", "tenant_id": "ce2ff87fe2c04ece8a056833951762bf", "port_range_max": 22, "security_group_id": "a7779abb-b84a-400e-acef-c71894f13212", "port_range_min": 22}}
    Response - Headers: {'status': '201', 'content-length': '339', 'connection': 'close', 'date': 'Tue, 22 Dec 2015 04:55:45 GMT', 'content-type': 'application/json; charset=UTF-8', 'x-openstack-request-id': 'req-ed3340b7-d899-4bc6-827f-18ed82e61d64'}
        Body: {"security_group_rule": {"remote_group_id": null, "direction": "egress", "remote_ip_prefix": null, "protocol": "tcp", "ethertype": "IPv4", "tenant_id": "ce2ff87fe2c04ece8a056833951762bf", "port_range_max": 22, "port_range_min": 22, "id": "841272c6-57e3-40fd-b6ae-eeb6660fa459", "security_group_id": "a7779abb-b84a-400e-acef-c71894f13212"}}
2015-12-22 04:55:45,344 21587 INFO     [tempest_lib.common.rest_client] Request (TestGettingAddress:setUp): 201 POST http://10.0.2.15:9696/v2.0/security-group-rules 0.265s
2015-12-22 04:55:45,344 21587 DEBUG    [tempest_lib.common.rest_client] Request - Headers: {'Content-Type': 'application/json', 'Accept': 'application/json', 'X-Auth-Token': '&lt;omitted&gt;'}
        Body: {"security_group_rule": {"tenant_id": "ce2ff87fe2c04ece8a056833951762bf", "direction": "ingress", "protocol": "icmp", "security_group_id": "a7779abb-b84a-400e-acef-c71894f13212"}}
    Response - Headers: {'status': '201', 'content-length': '345', 'connection': 'close', 'date': 'Tue, 22 Dec 2015 04:55:45 GMT', 'content-type': 'application/json; charset=UTF-8', 'x-openstack-request-id': 'req-279853bb-b6a3-4918-89e4-efe6e4fb864b'}
        Body: {"security_group_rule": {"remote_group_id": null, "direction": "ingress", "remote_ip_prefix": null, "protocol": "icmp", "ethertype": "IPv4", "tenant_id": "ce2ff87fe2c04ece8a056833951762bf", "port_range_max": null, "port_range_min": null, "id": "860a9ff1-5cc5-491e-99c3-f8a8bdb99928", "security_group_id": "a7779abb-b84a-400e-acef-c71894f13212"}}
2015-12-22 04:55:45,465 21587 INFO     [tempest_lib.common.rest_client] Request (TestGettingAddress:setUp): 201 POST http://10.0.2.15:9696/v2.0/security-group-rules 0.119s
2015-12-22 04:55:45,465 21587 DEBUG    [tempest_lib.common.rest_client] Request - Headers: {'Content-Type': 'application/json', 'Accept': 'application/json', 'X-Auth-Token': '&lt;omitted&gt;'}
        Body: {"security_group_rule": {"tenant_id": "ce2ff87fe2c04ece8a056833951762bf", "direction": "egress", "protocol": "icmp", "security_group_id": "a7779abb-b84a-400e-acef-c71894f13212"}}
    Response - Headers: {'status': '201', 'content-length': '344', 'connection': 'close', 'date': 'Tue, 22 Dec 2015 04:55:45 GMT', 'content-type': 'application/json; charset=UTF-8', 'x-openstack-request-id': 'req-6ddd5219-16cc-43d4-8398-d9337a533f99'}
        Body: {"security_group_rule": {"remote_group_id": null, "direction": "egress", "remote_ip_prefix": null, "protocol": "icmp", "ethertype": "IPv4", "tenant_id": "ce2ff87fe2c04ece8a056833951762bf", "port_range_max": null, "port_range_min": null, "id": "957d106c-a6ee-42a3-afa1-7878b56db88a", "security_group_id": "a7779abb-b84a-400e-acef-c71894f13212"}}
2015-12-22 04:55:45,585 21587 INFO     [tempest_lib.common.rest_client] Request (TestGettingAddress:setUp): 201 POST http://10.0.2.15:9696/v2.0/security-group-rules 0.118s
2015-12-22 04:55:45,585 21587 DEBUG    [tempest_lib.common.rest_client] Request - Headers: {'Content-Type': 'application/json', 'Accept': 'application/json', 'X-Auth-Token': '&lt;omitted&gt;'}
        Body: {"security_group_rule": {"tenant_id": "ce2ff87fe2c04ece8a056833951762bf", "direction": "ingress", "security_group_id": "a7779abb-b84a-400e-acef-c71894f13212", "protocol": "icmp", "ethertype": "IPv6"}}
    Response - Headers: {'status': '201', 'content-length': '345', 'connection': 'close', 'date': 'Tue, 22 Dec 2015 04:55:45 GMT', 'content-type': 'application/json; charset=UTF-8', 'x-openstack-request-id': 'req-5b7787c0-71cf-4fc7-9bfe-df2caec50614'}
        Body: {"security_group_rule": {"remote_group_id": null, "direction": "ingress", "remote_ip_prefix": null, "protocol": "icmp", "ethertype": "IPv6", "tenant_id": "ce2ff87fe2c04ece8a056833951762bf", "port_range_max": null, "port_range_min": null, "id": "eb17d263-d3a1-4df2-be06-7ec46760f08f", "security_group_id": "a7779abb-b84a-400e-acef-c71894f13212"}}
2015-12-22 04:55:45,704 21587 INFO     [tempest_lib.common.rest_client] Request (TestGettingAddress:setUp): 201 POST http://10.0.2.15:9696/v2.0/security-group-rules 0.118s
2015-12-22 04:55:45,704 21587 DEBUG    [tempest_lib.common.rest_client] Request - Headers: {'Content-Type': 'application/json', 'Accept': 'application/json', 'X-Auth-Token': '&lt;omitted&gt;'}
        Body: {"security_group_rule": {"tenant_id": "ce2ff87fe2c04ece8a056833951762bf", "direction": "egress", "security_group_id": "a7779abb-b84a-400e-acef-c71894f13212", "protocol": "icmp", "ethertype": "IPv6"}}
    Response - Headers: {'status': '201', 'content-length': '344', 'connection': 'close', 'date': 'Tue, 22 Dec 2015 04:55:45 GMT', 'content-type': 'application/json; charset=UTF-8', 'x-openstack-request-id': 'req-740b93f1-0ba4-4cbd-85d3-d67c29835bd0'}
        Body: {"security_group_rule": {"remote_group_id": null, "direction": "egress", "remote_ip_prefix": null, "protocol": "icmp", "ethertype": "IPv6", "tenant_id": "ce2ff87fe2c04ece8a056833951762bf", "port_range_max": null, "port_range_min": null, "id": "0086e2c9-9605-4e23-8e20-b2db95761007", "security_group_id": "a7779abb-b84a-400e-acef-c71894f13212"}}
2015-12-22 04:55:45,893 21587 INFO     [tempest_lib.common.rest_client] Request (TestGettingAddress:test_dhcp6_stateless_from_os): 201 POST http://10.0.2.15:9696/v2.0/networks 0.186s
2015-12-22 04:55:45,893 21587 DEBUG    [tempest_lib.common.rest_client] Request - Headers: {'Content-Type': 'application/json', 'Accept': 'application/json', 'X-Auth-Token': '&lt;omitted&gt;'}
        Body: {"network": {"tenant_id": "ce2ff87fe2c04ece8a056833951762bf", "name": "tempest-network-smoke--710136838"}}
    Response - Headers: {'status': '201', 'content-length': '328', 'connection': 'close', 'date': 'Tue, 22 Dec 2015 04:55:45 GMT', 'content-type': 'application/json; charset=UTF-8', 'x-openstack-request-id': 'req-f214486d-62c4-4f18-bb03-4b338d8bbb00'}
        Body: {"network": {"status": "ACTIVE", "subnets": [], "availability_zone_hints": "[]", "name": "tempest-network-smoke--710136838", "admin_state_up": true, "tenant_id": "ce2ff87fe2c04ece8a056833951762bf", "mtu": 0, "router:external": false, "shared": false, "port_security_enabled": true, "id": "22bdd845-b501-4eb6-a04e-32392ef02d19"}}
2015-12-22 04:55:46,109 21587 INFO     [tempest_lib.common.rest_client] Request (TestGettingAddress:test_dhcp6_stateless_from_os): 200 GET http://10.0.2.15:9696/v2.0/subnets?tenant_id=ce2ff87fe2c04ece8a056833951762bf&amp;cidr=10.100.0.0%2F28 0.213s
2015-12-22 04:55:46,109 21587 DEBUG    [tempest_lib.common.rest_client] Request - Headers: {'Content-Type': 'application/json', 'Accept': 'application/json', 'X-Auth-Token': '&lt;omitted&gt;'}
        Body: None
    Response - Headers: {'status': '200', 'content-length': '15', 'content-location': 'http://10.0.2.15:9696/v2.0/subnets?tenant_id=ce2ff87fe2c04ece8a056833951762bf&amp;cidr=10.100.0.0%2F28', 'connection': 'close', 'date': 'Tue, 22 Dec 2015 04:55:46 GMT', 'content-type': 'application/json; charset=UTF-8', 'x-openstack-request-id': 'req-96073c32-abb6-451f-9d54-004a85a3d8ee'}
        Body: {"subnets": []}
2015-12-22 04:55:46,479 21587 INFO     [tempest_lib.common.rest_client] Request (TestGettingAddress:test_dhcp6_stateless_from_os): 201 POST http://10.0.2.15:9696/v2.0/subnets 0.368s
2015-12-22 04:55:46,480 21587 DEBUG    [tempest_lib.common.rest_client] Request - Headers: {'Content-Type': 'application/json', 'Accept': 'application/json', 'X-Auth-Token': '&lt;omitted&gt;'}
        Body: {"subnet": {"ip_version": 4, "tenant_id": "ce2ff87fe2c04ece8a056833951762bf", "cidr": "10.100.0.0/28", "network_id": "22bdd845-b501-4eb6-a04e-32392ef02d19", "name": "tempest-sub4-1677646038"}}
    Response - Headers: {'status': '201', 'content-length': '470', 'connection': 'close', 'date': 'Tue, 22 Dec 2015 04:55:46 GMT', 'content-type': 'application/json; charset=UTF-8', 'x-openstack-request-id': 'req-0dcaf193-d099-41a3-bf68-214b4a65180f'}
        Body: {"subnet": {"name": "tempest-sub4-1677646038", "enable_dhcp": true, "network_id": "22bdd845-b501-4eb6-a04e-32392ef02d19", "tenant_id": "ce2ff87fe2c04ece8a056833951762bf", "dns_nameservers": [], "gateway_ip": "10.100.0.1", "ipv6_ra_mode": null, "allocation_pools": [{"start": "10.100.0.2", "end": "10.100.0.14"}], "host_routes": [], "ip_version": 4, "ipv6_address_mode": null, "cidr": "10.100.0.0/28", "id": "1026580e-b94c-41d8-b322-70e1fa50034c", "subnetpool_id": null}}
2015-12-22 04:55:46,570 21587 INFO     [tempest_lib.common.rest_client] Request (TestGettingAddress:test_dhcp6_stateless_from_os): 201 POST http://10.0.2.15:9696/v2.0/routers 0.089s
2015-12-22 04:55:46,571 21587 DEBUG    [tempest_lib.common.rest_client] Request - Headers: {'Content-Type': 'application/json', 'Accept': 'application/json', 'X-Auth-Token': '&lt;omitted&gt;'}
        Body: {"router": {"tenant_id": "ce2ff87fe2c04ece8a056833951762bf", "name": "tempest-router-smoke-1885334960", "admin_state_up": true}}
    Response - Headers: {'status': '201', 'content-length': '296', 'connection': 'close', 'date': 'Tue, 22 Dec 2015 04:55:46 GMT', 'content-type': 'application/json; charset=UTF-8', 'x-openstack-request-id': 'req-d79dc75a-632f-48cc-a190-9f2a98f72f45'}
        Body: {"router": {"status": "ACTIVE", "external_gateway_info": null, "availability_zone_hints": [], "availability_zones": [], "name": "tempest-router-smoke-1885334960", "admin_state_up": true, "tenant_id": "ce2ff87fe2c04ece8a056833951762bf", "routes": [], "id": "f3f94723-9e83-4ae9-a59a-83c7691119a2"}}
2015-12-22 04:55:46,651 21587 INFO     [tempest_lib.common.rest_client] Request (TestGettingAddress:test_dhcp6_stateless_from_os): 200 GET http://10.0.2.15:9696/v2.0/routers/f3f94723-9e83-4ae9-a59a-83c7691119a2 0.080s
2015-12-22 04:55:46,652 21587 DEBUG    [tempest_lib.common.rest_client] Request - Headers: {'Content-Type': 'application/json', 'Accept': 'application/json', 'X-Auth-Token': '&lt;omitted&gt;'}
        Body: None
    Response - Headers: {'status': '200', 'content-length': '296', 'content-location': 'http://10.0.2.15:9696/v2.0/routers/f3f94723-9e83-4ae9-a59a-83c7691119a2', 'connection': 'close', 'date': 'Tue, 22 Dec 2015 04:55:46 GMT', 'content-type': 'application/json; charset=UTF-8', 'x-openstack-request-id': 'req-54ca43d8-c01f-4da4-8f47-3964ee101c31'}
        Body: {"router": {"status": "ACTIVE", "external_gateway_info": null, "availability_zone_hints": [], "availability_zones": [], "name": "tempest-router-smoke-1885334960", "admin_state_up": true, "tenant_id": "ce2ff87fe2c04ece8a056833951762bf", "routes": [], "id": "f3f94723-9e83-4ae9-a59a-83c7691119a2"}}
2015-12-22 04:55:47,505 21587 INFO     [tempest_lib.common.rest_client] Request (TestGettingAddress:test_dhcp6_stateless_from_os): 200 PUT http://10.0.2.15:9696/v2.0/routers/f3f94723-9e83-4ae9-a59a-83c7691119a2 0.852s
2015-12-22 04:55:47,505 21587 DEBUG    [tempest_lib.common.rest_client] Request - Headers: {'Content-Type': 'application/json', 'Accept': 'application/json', 'X-Auth-Token': '&lt;omitted&gt;'}
        Body: {"router": {"external_gateway_info": {"network_id": "3f8eae03-f779-4c4d-9fd2-06dff883cf79"}, "name": "tempest-router-smoke-1885334960", "admin_state_up": true}}
    Response - Headers: {'status': '200', 'content-length': '558', 'connection': 'close', 'date': 'Tue, 22 Dec 2015 04:55:47 GMT', 'content-type': 'application/json; charset=UTF-8', 'x-openstack-request-id': 'req-cef1563d-1fe7-4924-a109-7658af3b9816'}
        Body: {"router": {"status": "ACTIVE", "external_gateway_info": {"network_id": "3f8eae03-f779-4c4d-9fd2-06dff883cf79", "enable_snat": true, "external_fixed_ips": [{"subnet_id": "9267e06a-0c10-40fa-9bf8-cba0045c2c8d", "ip_address": "172.24.4.3"}, {"subnet_id": "6207f6d9-cfe4-4afb-95d1-209edf1a4ff8", "ip_address": "2001:db8::3"}]}, "availability_zone_hints": [], "availability_zones": [], "name": "tempest-router-smoke-1885334960", "admin_state_up": true, "tenant_id": "ce2ff87fe2c04ece8a056833951762bf", "routes": [], "id": "f3f94723-9e83-4ae9-a59a-83c7691119a2"}}
2015-12-22 04:55:48,096 21587 INFO     [tempest_lib.common.rest_client] Request (TestGettingAddress:test_dhcp6_stateless_from_os): 200 PUT http://10.0.2.15:9696/v2.0/routers/f3f94723-9e83-4ae9-a59a-83c7691119a2/add_router_interface 0.590s
2015-12-22 04:55:48,097 21587 DEBUG    [tempest_lib.common.rest_client] Request - Headers: {'Content-Type': 'application/json', 'Accept': 'application/json', 'X-Auth-Token': '&lt;omitted&gt;'}
        Body: {"subnet_id": "1026580e-b94c-41d8-b322-70e1fa50034c"}
    Response - Headers: {'status': '200', 'content-length': '255', 'connection': 'close', 'date': 'Tue, 22 Dec 2015 04:55:48 GMT', 'content-type': 'application/json; charset=UTF-8', 'x-openstack-request-id': 'req-499b6494-813e-444c-86c7-3c6359c45bf4'}
        Body: {"subnet_id": "1026580e-b94c-41d8-b322-70e1fa50034c", "tenant_id": "ce2ff87fe2c04ece8a056833951762bf", "subnet_ids": ["1026580e-b94c-41d8-b322-70e1fa50034c"], "port_id": "3c9b0683-3a1b-4e1c-85ae-65298f45e6d3", "id": "f3f94723-9e83-4ae9-a59a-83c7691119a2"}
2015-12-22 04:55:48,142 21587 INFO     [tempest_lib.common.rest_client] Request (TestGettingAddress:test_dhcp6_stateless_from_os): 200 GET http://10.0.2.15:9696/v2.0/subnets?tenant_id=ce2ff87fe2c04ece8a056833951762bf&amp;cidr=2003%3A%3A%2F64 0.042s
2015-12-22 04:55:48,142 21587 DEBUG    [tempest_lib.common.rest_client] Request - Headers: {'Content-Type': 'application/json', 'Accept': 'application/json', 'X-Auth-Token': '&lt;omitted&gt;'}
        Body: None
    Response - Headers: {'status': '200', 'content-length': '15', 'content-location': 'http://10.0.2.15:9696/v2.0/subnets?tenant_id=ce2ff87fe2c04ece8a056833951762bf&amp;cidr=2003%3A%3A%2F64', 'connection': 'close', 'date': 'Tue, 22 Dec 2015 04:55:48 GMT', 'content-type': 'application/json; charset=UTF-8', 'x-openstack-request-id': 'req-14d22b4b-ca64-4ba0-aaae-ee0332f0cd12'}
        Body: {"subnets": []}
2015-12-22 04:55:48,501 21587 INFO     [tempest_lib.common.rest_client] Request (TestGettingAddress:test_dhcp6_stateless_from_os): 201 POST http://10.0.2.15:9696/v2.0/subnets 0.357s
2015-12-22 04:55:48,502 21587 DEBUG    [tempest_lib.common.rest_client] Request - Headers: {'Content-Type': 'application/json', 'Accept': 'application/json', 'X-Auth-Token': '&lt;omitted&gt;'}
        Body: {"subnet": {"name": "tempest-sub6-360696529", "network_id": "22bdd845-b501-4eb6-a04e-32392ef02d19", "tenant_id": "ce2ff87fe2c04ece8a056833951762bf", "ipv6_ra_mode": "dhcpv6-stateless", "ip_version": 6, "ipv6_address_mode": "dhcpv6-stateless", "cidr": "2003::/64"}}
    Response - Headers: {'status': '201', 'content-length': '501', 'connection': 'close', 'date': 'Tue, 22 Dec 2015 04:55:48 GMT', 'content-type': 'application/json; charset=UTF-8', 'x-openstack-request-id': 'req-421a9c18-4d54-4e0e-b45b-ee22942691e1'}
        Body: {"subnet": {"name": "tempest-sub6-360696529", "enable_dhcp": true, "network_id": "22bdd845-b501-4eb6-a04e-32392ef02d19", "tenant_id": "ce2ff87fe2c04ece8a056833951762bf", "dns_nameservers": [], "gateway_ip": "2003::1", "ipv6_ra_mode": "dhcpv6-stateless", "allocation_pools": [{"start": "2003::2", "end": "2003::ffff:ffff:ffff:ffff"}], "host_routes": [], "ip_version": 6, "ipv6_address_mode": "dhcpv6-stateless", "cidr": "2003::/64", "id": "9b791b4a-acdd-4332-9489-0cd4a6608952", "subnetpool_id": null}}
2015-12-22 04:55:49,223 21587 INFO     [tempest_lib.common.rest_client] Request (TestGettingAddress:test_dhcp6_stateless_from_os): 200 PUT http://10.0.2.15:9696/v2.0/routers/f3f94723-9e83-4ae9-a59a-83c7691119a2/add_router_interface 0.720s
2015-12-22 04:55:49,224 21587 DEBUG    [tempest_lib.common.rest_client] Request - Headers: {'Content-Type': 'application/json', 'Accept': 'application/json', 'X-Auth-Token': '&lt;omitted&gt;'}
        Body: {"subnet_id": "9b791b4a-acdd-4332-9489-0cd4a6608952"}
    Response - Headers: {'status': '200', 'content-length': '255', 'connection': 'close', 'date': 'Tue, 22 Dec 2015 04:55:49 GMT', 'content-type': 'application/json; charset=UTF-8', 'x-openstack-request-id': 'req-8efa470c-cb76-49d4-a11c-7619101eff72'}
        Body: {"subnet_id": "9b791b4a-acdd-4332-9489-0cd4a6608952", "tenant_id": "ce2ff87fe2c04ece8a056833951762bf", "subnet_ids": ["9b791b4a-acdd-4332-9489-0cd4a6608952"], "port_id": "a2a25f82-002d-4b2d-b558-53c1dab44e9a", "id": "f3f94723-9e83-4ae9-a59a-83c7691119a2"}
2015-12-22 04:55:49,364 21587 INFO     [tempest_lib.common.rest_client] Request (TestGettingAddress:test_dhcp6_stateless_from_os): 200 POST http://10.0.2.15:5000/v2.0/tokens
2015-12-22 04:55:49,364 21587 DEBUG    [tempest_lib.common.rest_client] Request - Headers: {'Content-Type': 'application/json', 'Accept': 'application/json'}
        Body: &lt;omitted&gt;
    Response - Headers: {'status': '200', 'content-length': '2524', 'vary': 'X-Auth-Token', 'server': 'Apache/2.4.7 (Ubuntu)', 'connection': 'close', 'date': 'Tue, 22 Dec 2015 04:55:49 GMT', 'content-type': 'application/json', 'x-openstack-request-id': 'req-befa98ef-41d4-4ba8-be78-a3ce8cf53967'}
        Body: {"access": {"token": {"issued_at": "2015-12-22T04:55:49.350215", "expires": "2015-12-22T05:55:49Z", "id": "258667bfb9ba4205b1f239e722dd33e7", "tenant": {"description": "tempest-TestGettingAddress-2034989699-desc", "enabled": true, "id": "ce2ff87fe2c04ece8a056833951762bf", "name": "tempest-TestGettingAddress-2034989699"}, "audit_ids": ["sv-P_F0CTiuNCjnaZUs7hQ"]}, "serviceCatalog": [{"endpoints": [{"adminURL": "http://10.0.2.15:8774/v2.1/ce2ff87fe2c04ece8a056833951762bf", "region": "RegionOne", "internalURL": "http://10.0.2.15:8774/v2.1/ce2ff87fe2c04ece8a056833951762bf", "id": "52143aa55eb849a59c8e738d643972f0", "publicURL": "http://10.0.2.15:8774/v2.1/ce2ff87fe2c04ece8a056833951762bf"}], "endpoints_links": [], "type": "compute", "name": "nova"}, {"endpoints": [{"adminURL": "http://10.0.2.15:9696/", "region": "RegionOne", "internalURL": "http://10.0.2.15:9696/", "id": "21f8643b9ebd45ee81876bcea4c9d609", "publicURL": "http://10.0.2.15:9696/"}], "endpoints_links": [], "type": "network", "name": "neutron"}, {"endpoints": [{"adminURL": "http://10.0.2.15:9292", "region": "RegionOne", "internalURL": "http://10.0.2.15:9292", "id": "294602cf0a9a4610a65668f594850702", "publicURL": "http://10.0.2.15:9292"}], "endpoints_links": [], "type": "image", "name": "glance"}, {"endpoints": [{"adminURL": "http://10.0.2.15:8774/v2/ce2ff87fe2c04ece8a056833951762bf", "region": "RegionOne", "internalURL": "http://10.0.2.15:8774/v2/ce2ff87fe2c04ece8a056833951762bf", "id": "20a6a45a963144cf81c82cb7487ec9a6", "publicURL": "http://10.0.2.15:8774/v2/ce2ff87fe2c04ece8a056833951762bf"}], "endpoints_links": [], "type": "compute_legacy", "name": "nova_legacy"}, {"endpoints": [{"adminURL": "http://10.0.2.15:8773/", "region": "RegionOne", "internalURL": "http://10.0.2.15:8773/", "id": "0a4f9d5859374cbfb7dd8153a5452a91", "publicURL": "http://10.0.2.15:8773/"}], "endpoints_links": [], "type": "ec2", "name": "ec2"}, {"endpoints": [{"adminURL": "http://10.0.2.15:35357/v2.0", "region": "RegionOne", "internalURL": "http://10.0.2.15:5000/v2.0", "id": "18d02beb82c846b8a336f9349833463c", "publicURL": "http://10.0.2.15:5000/v2.0"}], "endpoints_links": [], "type": "identity", "name": "keystone"}], "user": {"username": "tempest-TestGettingAddress-450877123", "roles_links": [], "id": "a85763dcd3cd43dfb169b81cfd3074e7", "roles": [{"name": "_member_"}, {"name": "Member"}], "name": "tempest-TestGettingAddress-450877123"}, "metadata": {"is_admin": 0, "roles": ["9fe2ff9ee4384b1894a90878d3e92bab", "ab22bd6ace7e451b839a123f8354f5ec"]}}}
2015-12-22 04:55:49,371 21587 DEBUG    [tempest.common.fixed_network] (TestGettingAddress:test_dhcp6_stateless_from_os) No valid network provided or created, defaulting to fixed_network_name
2015-12-22 04:55:49,707 21587 INFO     [tempest_lib.common.rest_client] Request (TestGettingAddress:test_dhcp6_stateless_from_os): 200 GET http://10.0.2.15:8774/v2.1/ce2ff87fe2c04ece8a056833951762bf/os-networks 0.334s
2015-12-22 04:55:49,707 21587 DEBUG    [tempest_lib.common.rest_client] Request - Headers: {'Content-Type': 'application/json', 'Accept': 'application/json', 'X-Auth-Token': '&lt;omitted&gt;'}
        Body: None
    Response - Headers: {'status': '200', 'content-length': '478', 'content-location': 'http://10.0.2.15:8774/v2.1/ce2ff87fe2c04ece8a056833951762bf/os-networks', 'x-compute-request-id': 'req-e8486347-b492-4822-8769-d0c47c166103', 'vary': 'X-OpenStack-Nova-API-Version', 'connection': 'close', 'x-openstack-nova-api-version': '2.1', 'date': 'Tue, 22 Dec 2015 04:55:49 GMT', 'content-type': 'application/json'}
        Body: {"networks": [{"cidr_v6": null, "dns2": null, "dns1": null, "gateway": null, "broadcast": null, "netmask": null, "gateway_v6": null, "cidr": null, "label": "public", "id": "3f8eae03-f779-4c4d-9fd2-06dff883cf79", "netmask_v6": null}, {"cidr_v6": null, "dns2": null, "dns1": null, "gateway": null, "broadcast": null, "netmask": null, "gateway_v6": null, "cidr": null, "label": "tempest-network-smoke--710136838", "id": "22bdd845-b501-4eb6-a04e-32392ef02d19", "netmask_v6": null}]}
2015-12-22 04:55:49,707 21587 WARNING  [tempest.common.fixed_network] (TestGettingAddress:test_dhcp6_stateless_from_os) Network with name: private not found
2015-12-22 04:55:49,708 21587 INFO     [tempest.common.fixed_network] (TestGettingAddress:test_dhcp6_stateless_from_os) Found network {} available for tenant
2015-12-22 04:55:51,577 21587 INFO     [tempest_lib.common.rest_client] Request (TestGettingAddress:test_dhcp6_stateless_from_os): 202 POST http://10.0.2.15:8774/v2.1/ce2ff87fe2c04ece8a056833951762bf/servers 1.869s
2015-12-22 04:55:51,577 21587 DEBUG    [tempest_lib.common.rest_client] Request - Headers: {'Content-Type': 'application/json', 'Accept': 'application/json', 'X-Auth-Token': '&lt;omitted&gt;'}
        Body: {"server": {"name": "tempest.common.compute-instance-1914813584", "imageRef": "54144dbc-818d-4932-a3ab-2b154bcadcfa", "key_name": "tempest-TestGettingAddress-1949888086", "flavorRef": "42", "networks": [{"uuid": "22bdd845-b501-4eb6-a04e-32392ef02d19"}], "security_groups": [{"name": "tempest-secgroup-smoke-731448884"}]}}
    Response - Headers: {'status': '202', 'content-length': '461', 'x-compute-request-id': 'req-643b3c09-d344-4006-967e-930fd42d7411', 'vary': 'X-OpenStack-Nova-API-Version', 'connection': 'close', 'location': 'http://10.0.2.15:8774/v2.1/ce2ff87fe2c04ece8a056833951762bf/servers/4482dcff-163b-43c8-8ef6-fe42be72ee4e', 'x-openstack-nova-api-version': '2.1', 'date': 'Tue, 22 Dec 2015 04:55:51 GMT', 'content-type': 'application/json'}
        Body: {"server": {"security_groups": [{"name": "tempest-secgroup-smoke-731448884"}], "OS-DCF:diskConfig": "MANUAL", "id": "4482dcff-163b-43c8-8ef6-fe42be72ee4e", "links": [{"href": "http://10.0.2.15:8774/v2.1/ce2ff87fe2c04ece8a056833951762bf/servers/4482dcff-163b-43c8-8ef6-fe42be72ee4e", "rel": "self"}, {"href": "http://10.0.2.15:8774/ce2ff87fe2c04ece8a056833951762bf/servers/4482dcff-163b-43c8-8ef6-fe42be72ee4e", "rel": "bookmark"}], "adminPass": "8giVj7jeaMmq"}}
2015-12-22 04:55:51,802 21587 INFO     [tempest_lib.common.rest_client] Request (TestGettingAddress:test_dhcp6_stateless_from_os): 200 GET http://10.0.2.15:8774/v2.1/ce2ff87fe2c04ece8a056833951762bf/servers/4482dcff-163b-43c8-8ef6-fe42be72ee4e 0.220s
2015-12-22 04:55:51,802 21587 DEBUG    [tempest_lib.common.rest_client] Request - Headers: {'Content-Type': 'application/json', 'Accept': 'application/json', 'X-Auth-Token': '&lt;omitted&gt;'}
        Body: None
    Response - Headers: {'status': '200', 'content-length': '1355', 'content-location': 'http://10.0.2.15:8774/v2.1/ce2ff87fe2c04ece8a056833951762bf/servers/4482dcff-163b-43c8-8ef6-fe42be72ee4e', 'x-compute-request-id': 'req-5100ef74-a213-41fe-a6ce-519f657811d6', 'vary': 'X-OpenStack-Nova-API-Version', 'connection': 'close', 'x-openstack-nova-api-version': '2.1', 'date': 'Tue, 22 Dec 2015 04:55:51 GMT', 'content-type': 'application/json'}
        Body: {"server": {"status": "BUILD", "updated": "2015-12-22T04:55:51Z", "hostId": "", "addresses": {}, "links": [{"href": "http://10.0.2.15:8774/v2.1/ce2ff87fe2c04ece8a056833951762bf/servers/4482dcff-163b-43c8-8ef6-fe42be72ee4e", "rel": "self"}, {"href": "http://10.0.2.15:8774/ce2ff87fe2c04ece8a056833951762bf/servers/4482dcff-163b-43c8-8ef6-fe42be72ee4e", "rel": "bookmark"}], "key_name": "tempest-TestGettingAddress-1949888086", "image": {"id": "54144dbc-818d-4932-a3ab-2b154bcadcfa", "links": [{"href": "http://10.0.2.15:8774/ce2ff87fe2c04ece8a056833951762bf/images/54144dbc-818d-4932-a3ab-2b154bcadcfa", "rel": "bookmark"}]}, "OS-EXT-STS:task_state": "scheduling", "OS-EXT-STS:vm_state": "building", "OS-SRV-USG:launched_at": null, "flavor": {"id": "42", "links": [{"href": "http://10.0.2.15:8774/ce2ff87fe2c04ece8a056833951762bf/flavors/42", "rel": "bookmark"}]}, "id": "4482dcff-163b-43c8-8ef6-fe42be72ee4e", "OS-SRV-USG:terminated_at": null, "OS-EXT-AZ:availability_zone": "", "user_id": "a85763dcd3cd43dfb169b81cfd3074e7", "name": "tempest.common.compute-instance-1914813584", "created": "2015-12-22T04:55:51Z", "tenant_id": "ce2ff87fe2c04ece8a056833951762bf", "OS-DCF:diskConfig": "MANUAL", "os-extended-volumes:volumes_attached": [], "accessIPv4": "", "accessIPv6": "", "progress": 0, "OS-EXT-STS:power_state": 0, "config_drive": "", "metadata": {}}}
2015-12-22 04:55:52,970 21587 INFO     [tempest_lib.common.rest_client] Request (TestGettingAddress:test_dhcp6_stateless_from_os): 200 GET http://10.0.2.15:8774/v2.1/ce2ff87fe2c04ece8a056833951762bf/servers/4482dcff-163b-43c8-8ef6-fe42be72ee4e 0.155s
2015-12-22 04:55:52,971 21587 DEBUG    [tempest_lib.common.rest_client] Request - Headers: {'Content-Type': 'application/json', 'Accept': 'application/json', 'X-Auth-Token': '&lt;omitted&gt;'}
        Body: None
    Response - Headers: {'status': '200', 'content-length': '1413', 'content-location': 'http://10.0.2.15:8774/v2.1/ce2ff87fe2c04ece8a056833951762bf/servers/4482dcff-163b-43c8-8ef6-fe42be72ee4e', 'x-compute-request-id': 'req-56d92e62-7de7-45a7-9b68-c8a8c75a05b3', 'vary': 'X-OpenStack-Nova-API-Version', 'connection': 'close', 'x-openstack-nova-api-version': '2.1', 'date': 'Tue, 22 Dec 2015 04:55:52 GMT', 'content-type': 'application/json'}
        Body: {"server": {"status": "BUILD", "updated": "2015-12-22T04:55:52Z", "hostId": "4b8504875ba7aa415614cbe969b91ae0443dadee9701b6e4533331f8", "addresses": {}, "links": [{"href": "http://10.0.2.15:8774/v2.1/ce2ff87fe2c04ece8a056833951762bf/servers/4482dcff-163b-43c8-8ef6-fe42be72ee4e", "rel": "self"}, {"href": "http://10.0.2.15:8774/ce2ff87fe2c04ece8a056833951762bf/servers/4482dcff-163b-43c8-8ef6-fe42be72ee4e", "rel": "bookmark"}], "key_name": "tempest-TestGettingAddress-1949888086", "image": {"id": "54144dbc-818d-4932-a3ab-2b154bcadcfa", "links": [{"href": "http://10.0.2.15:8774/ce2ff87fe2c04ece8a056833951762bf/images/54144dbc-818d-4932-a3ab-2b154bcadcfa", "rel": "bookmark"}]}, "OS-EXT-STS:task_state": "spawning", "OS-EXT-STS:vm_state": "building", "OS-SRV-USG:launched_at": null, "flavor": {"id": "42", "links": [{"href": "http://10.0.2.15:8774/ce2ff87fe2c04ece8a056833951762bf/flavors/42", "rel": "bookmark"}]}, "id": "4482dcff-163b-43c8-8ef6-fe42be72ee4e", "OS-SRV-USG:terminated_at": null, "OS-EXT-AZ:availability_zone": "nova", "user_id": "a85763dcd3cd43dfb169b81cfd3074e7", "name": "tempest.common.compute-instance-1914813584", "created": "2015-12-22T04:55:51Z", "tenant_id": "ce2ff87fe2c04ece8a056833951762bf", "OS-DCF:diskConfig": "MANUAL", "os-extended-volumes:volumes_attached": [], "accessIPv4": "", "accessIPv6": "", "progress": 0, "OS-EXT-STS:power_state": 0, "config_drive": "", "metadata": {}}}
2015-12-22 04:55:52,980 21587 INFO     [tempest.common.waiters] State transition "BUILD/scheduling" ==&gt; "BUILD/spawning" after 1 second wait
2015-12-22 04:55:54,330 21587 INFO     [tempest_lib.common.rest_client] Request (TestGettingAddress:test_dhcp6_stateless_from_os): 200 GET http://10.0.2.15:8774/v2.1/ce2ff87fe2c04ece8a056833951762bf/servers/4482dcff-163b-43c8-8ef6-fe42be72ee4e 0.349s
2015-12-22 04:55:54,331 21587 DEBUG    [tempest_lib.common.rest_client] Request - Headers: {'Content-Type': 'application/json', 'Accept': 'application/json', 'X-Auth-Token': '&lt;omitted&gt;'}
        Body: None
    Response - Headers: {'status': '200', 'content-length': '1480', 'content-location': 'http://10.0.2.15:8774/v2.1/ce2ff87fe2c04ece8a056833951762bf/servers/4482dcff-163b-43c8-8ef6-fe42be72ee4e', 'x-compute-request-id': 'req-662a6304-221f-4145-b67c-e11242466cd3', 'vary': 'X-OpenStack-Nova-API-Version', 'connection': 'close', 'x-openstack-nova-api-version': '2.1', 'date': 'Tue, 22 Dec 2015 04:55:54 GMT', 'content-type': 'application/json'}
        Body: {"server": {"status": "BUILD", "updated": "2015-12-22T04:55:52Z", "hostId": "4b8504875ba7aa415614cbe969b91ae0443dadee9701b6e4533331f8", "addresses": {}, "links": [{"href": "http://10.0.2.15:8774/v2.1/ce2ff87fe2c04ece8a056833951762bf/servers/4482dcff-163b-43c8-8ef6-fe42be72ee4e", "rel": "self"}, {"href": "http://10.0.2.15:8774/ce2ff87fe2c04ece8a056833951762bf/servers/4482dcff-163b-43c8-8ef6-fe42be72ee4e", "rel": "bookmark"}], "key_name": "tempest-TestGettingAddress-1949888086", "image": {"id": "54144dbc-818d-4932-a3ab-2b154bcadcfa", "links": [{"href": "http://10.0.2.15:8774/ce2ff87fe2c04ece8a056833951762bf/images/54144dbc-818d-4932-a3ab-2b154bcadcfa", "rel": "bookmark"}]}, "OS-EXT-STS:task_state": "spawning", "OS-EXT-STS:vm_state": "building", "OS-SRV-USG:launched_at": null, "flavor": {"id": "42", "links": [{"href": "http://10.0.2.15:8774/ce2ff87fe2c04ece8a056833951762bf/flavors/42", "rel": "bookmark"}]}, "id": "4482dcff-163b-43c8-8ef6-fe42be72ee4e", "security_groups": [{"name": "tempest-secgroup-smoke-731448884"}], "OS-SRV-USG:terminated_at": null, "OS-EXT-AZ:availability_zone": "nova", "user_id": "a85763dcd3cd43dfb169b81cfd3074e7", "name": "tempest.common.compute-instance-1914813584", "created": "2015-12-22T04:55:51Z", "tenant_id": "ce2ff87fe2c04ece8a056833951762bf", "OS-DCF:diskConfig": "MANUAL", "os-extended-volumes:volumes_attached": [], "accessIPv4": "", "accessIPv6": "", "progress": 0, "OS-EXT-STS:power_state": 0, "config_drive": "", "metadata": {}}}
2015-12-22 04:55:55,604 21587 INFO     [tempest_lib.common.rest_client] Request (TestGettingAddress:test_dhcp6_stateless_from_os): 200 GET http://10.0.2.15:8774/v2.1/ce2ff87fe2c04ece8a056833951762bf/servers/4482dcff-163b-43c8-8ef6-fe42be72ee4e 0.263s
2015-12-22 04:55:55,604 21587 DEBUG    [tempest_lib.common.rest_client] Request - Headers: {'Content-Type': 'application/json', 'Accept': 'application/json', 'X-Auth-Token': '&lt;omitted&gt;'}
        Body: None
    Response - Headers: {'status': '200', 'content-length': '1780', 'content-location': 'http://10.0.2.15:8774/v2.1/ce2ff87fe2c04ece8a056833951762bf/servers/4482dcff-163b-43c8-8ef6-fe42be72ee4e', 'x-compute-request-id': 'req-f69e9fad-14e9-423c-888f-8b66d98fc281', 'vary': 'X-OpenStack-Nova-API-Version', 'connection': 'close', 'x-openstack-nova-api-version': '2.1', 'date': 'Tue, 22 Dec 2015 04:55:55 GMT', 'content-type': 'application/json'}
        Body: {"server": {"status": "ACTIVE", "updated": "2015-12-22T04:55:55Z", "hostId": "4b8504875ba7aa415614cbe969b91ae0443dadee9701b6e4533331f8", "addresses": {"tempest-network-smoke--710136838": [{"OS-EXT-IPS-MAC:mac_addr": "fa:16:3e:09:af:74", "version": 6, "addr": "2003::f816:3eff:fe09:af74", "OS-EXT-IPS:type": "fixed"}, {"OS-EXT-IPS-MAC:mac_addr": "fa:16:3e:09:af:74", "version": 4, "addr": "10.100.0.3", "OS-EXT-IPS:type": "fixed"}]}, "links": [{"href": "http://10.0.2.15:8774/v2.1/ce2ff87fe2c04ece8a056833951762bf/servers/4482dcff-163b-43c8-8ef6-fe42be72ee4e", "rel": "self"}, {"href": "http://10.0.2.15:8774/ce2ff87fe2c04ece8a056833951762bf/servers/4482dcff-163b-43c8-8ef6-fe42be72ee4e", "rel": "bookmark"}], "key_name": "tempest-TestGettingAddress-1949888086", "image": {"id": "54144dbc-818d-4932-a3ab-2b154bcadcfa", "links": [{"href": "http://10.0.2.15:8774/ce2ff87fe2c04ece8a056833951762bf/images/54144dbc-818d-4932-a3ab-2b154bcadcfa", "rel": "bookmark"}]}, "OS-EXT-STS:task_state": null, "OS-EXT-STS:vm_state": "active", "OS-SRV-USG:launched_at": "2015-12-22T04:55:55.000000", "flavor": {"id": "42", "links": [{"href": "http://10.0.2.15:8774/ce2ff87fe2c04ece8a056833951762bf/flavors/42", "rel": "bookmark"}]}, "id": "4482dcff-163b-43c8-8ef6-fe42be72ee4e", "security_groups": [{"name": "tempest-secgroup-smoke-731448884"}], "OS-SRV-USG:terminated_at": null, "OS-EXT-AZ:availability_zone": "nova", "user_id": "a85763dcd3cd43dfb169b81cfd3074e7", "name": "tempest.common.compute-instance-1914813584", "created": "2015-12-22T04:55:51Z", "tenant_id": "ce2ff87fe2c04ece8a056833951762bf", "OS-DCF:diskConfig": "MANUAL", "os-extended-volumes:volumes_attached": [], "accessIPv4": "", "accessIPv6": "", "progress": 0, "OS-EXT-STS:power_state": 1, "config_drive": "True", "metadata": {}}}
2015-12-22 04:55:55,613 21587 INFO     [tempest.common.waiters] State transition "BUILD/spawning" ==&gt; "ACTIVE/None" after 4 second wait
2015-12-22 04:55:55,940 21587 INFO     [tempest_lib.common.rest_client] Request (TestGettingAddress:test_dhcp6_stateless_from_os): 200 GET http://10.0.2.15:8774/v2.1/ce2ff87fe2c04ece8a056833951762bf/servers/4482dcff-163b-43c8-8ef6-fe42be72ee4e 0.326s
2015-12-22 04:55:55,941 21587 DEBUG    [tempest_lib.common.rest_client] Request - Headers: {'Content-Type': 'application/json', 'Accept': 'application/json', 'X-Auth-Token': '&lt;omitted&gt;'}
        Body: None
    Response - Headers: {'status': '200', 'content-length': '1780', 'content-location': 'http://10.0.2.15:8774/v2.1/ce2ff87fe2c04ece8a056833951762bf/servers/4482dcff-163b-43c8-8ef6-fe42be72ee4e', 'x-compute-request-id': 'req-2563c752-591e-4cec-b1d7-c84b16a86106', 'vary': 'X-OpenStack-Nova-API-Version', 'connection': 'close', 'x-openstack-nova-api-version': '2.1', 'date': 'Tue, 22 Dec 2015 04:55:55 GMT', 'content-type': 'application/json'}
        Body: {"server": {"status": "ACTIVE", "updated": "2015-12-22T04:55:55Z", "hostId": "4b8504875ba7aa415614cbe969b91ae0443dadee9701b6e4533331f8", "addresses": {"tempest-network-smoke--710136838": [{"OS-EXT-IPS-MAC:mac_addr": "fa:16:3e:09:af:74", "version": 6, "addr": "2003::f816:3eff:fe09:af74", "OS-EXT-IPS:type": "fixed"}, {"OS-EXT-IPS-MAC:mac_addr": "fa:16:3e:09:af:74", "version": 4, "addr": "10.100.0.3", "OS-EXT-IPS:type": "fixed"}]}, "links": [{"href": "http://10.0.2.15:8774/v2.1/ce2ff87fe2c04ece8a056833951762bf/servers/4482dcff-163b-43c8-8ef6-fe42be72ee4e", "rel": "self"}, {"href": "http://10.0.2.15:8774/ce2ff87fe2c04ece8a056833951762bf/servers/4482dcff-163b-43c8-8ef6-fe42be72ee4e", "rel": "bookmark"}], "key_name": "tempest-TestGettingAddress-1949888086", "image": {"id": "54144dbc-818d-4932-a3ab-2b154bcadcfa", "links": [{"href": "http://10.0.2.15:8774/ce2ff87fe2c04ece8a056833951762bf/images/54144dbc-818d-4932-a3ab-2b154bcadcfa", "rel": "bookmark"}]}, "OS-EXT-STS:task_state": null, "OS-EXT-STS:vm_state": "active", "OS-SRV-USG:launched_at": "2015-12-22T04:55:55.000000", "flavor": {"id": "42", "links": [{"href": "http://10.0.2.15:8774/ce2ff87fe2c04ece8a056833951762bf/flavors/42", "rel": "bookmark"}]}, "id": "4482dcff-163b-43c8-8ef6-fe42be72ee4e", "security_groups": [{"name": "tempest-secgroup-smoke-731448884"}], "OS-SRV-USG:terminated_at": null, "OS-EXT-AZ:availability_zone": "nova", "user_id": "a85763dcd3cd43dfb169b81cfd3074e7", "name": "tempest.common.compute-instance-1914813584", "created": "2015-12-22T04:55:51Z", "tenant_id": "ce2ff87fe2c04ece8a056833951762bf", "OS-DCF:diskConfig": "MANUAL", "os-extended-volumes:volumes_attached": [], "accessIPv4": "", "accessIPv6": "", "progress": 0, "OS-EXT-STS:power_state": 1, "config_drive": "True", "metadata": {}}}
2015-12-22 04:55:56,097 21587 INFO     [tempest_lib.common.rest_client] Request (TestGettingAddress:test_dhcp6_stateless_from_os): 200 GET http://10.0.2.15:9696/v2.0/ports?status=ACTIVE&amp;fixed_ip=None&amp;device_id=4482dcff-163b-43c8-8ef6-fe42be72ee4e 0.147s
2015-12-22 04:55:56,097 21587 DEBUG    [tempest_lib.common.rest_client] Request - Headers: {'Content-Type': 'application/json', 'Accept': 'application/json', 'X-Auth-Token': '&lt;omitted&gt;'}
        Body: None
    Response - Headers: {'status': '200', 'content-length': '1142', 'content-location': 'http://10.0.2.15:9696/v2.0/ports?status=ACTIVE&amp;fixed_ip=None&amp;device_id=4482dcff-163b-43c8-8ef6-fe42be72ee4e', 'connection': 'close', 'date': 'Tue, 22 Dec 2015 04:55:56 GMT', 'content-type': 'application/json; charset=UTF-8', 'x-openstack-request-id': 'req-4ace53a9-df0f-42f4-bd6d-5ef34c50c007'}
        Body: {"ports": [{"status": "ACTIVE", "binding:host_id": "vagrant-ubuntu-trusty-64", "allowed_address_pairs": [], "extra_dhcp_opts": [], "dns_assignment": [{"hostname": "host-10-100-0-3", "ip_address": "10.100.0.3", "fqdn": "host-10-100-0-3.openstacklocal."}, {"hostname": "host-2003--f816-3eff-fe09-af74", "ip_address": "2003::f816:3eff:fe09:af74", "fqdn": "host-2003--f816-3eff-fe09-af74.openstacklocal."}], "device_owner": "compute:None", "port_security_enabled": true, "binding:profile": {}, "fixed_ips": [{"subnet_id": "1026580e-b94c-41d8-b322-70e1fa50034c", "ip_address": "10.100.0.3"}, {"subnet_id": "9b791b4a-acdd-4332-9489-0cd4a6608952", "ip_address": "2003::f816:3eff:fe09:af74"}], "id": "8edc29d6-5bd7-4c17-bd7c-d39d5ab3b751", "security_groups": ["a7779abb-b84a-400e-acef-c71894f13212"], "device_id": "4482dcff-163b-43c8-8ef6-fe42be72ee4e", "name": "", "admin_state_up": true, "network_id": "22bdd845-b501-4eb6-a04e-32392ef02d19", "dns_name": "", "binding:vif_details": {"port_filter": true}, "binding:vnic_type": "normal", "binding:vif_type": "ovs", "tenant_id": "ce2ff87fe2c04ece8a056833951762bf", "mac_address": "fa:16:3e:09:af:74"}]}
2015-12-22 04:55:56,775 21587 INFO     [tempest_lib.common.rest_client] Request (TestGettingAddress:test_dhcp6_stateless_from_os): 201 POST http://10.0.2.15:9696/v2.0/floatingips 0.677s
2015-12-22 04:55:56,775 21587 DEBUG    [tempest_lib.common.rest_client] Request - Headers: {'Content-Type': 'application/json', 'Accept': 'application/json', 'X-Auth-Token': '&lt;omitted&gt;'}
        Body: {"floatingip": {"floating_network_id": "3f8eae03-f779-4c4d-9fd2-06dff883cf79", "tenant_id": "ce2ff87fe2c04ece8a056833951762bf", "fixed_ip_address": "10.100.0.3", "port_id": "8edc29d6-5bd7-4c17-bd7c-d39d5ab3b751"}}
    Response - Headers: {'status': '201', 'content-length': '367', 'connection': 'close', 'date': 'Tue, 22 Dec 2015 04:55:56 GMT', 'content-type': 'application/json; charset=UTF-8', 'x-openstack-request-id': 'req-7453ccf1-3df7-4e97-879c-f6373d15c93a'}
        Body: {"floatingip": {"floating_network_id": "3f8eae03-f779-4c4d-9fd2-06dff883cf79", "router_id": "f3f94723-9e83-4ae9-a59a-83c7691119a2", "fixed_ip_address": "10.100.0.3", "floating_ip_address": "172.24.4.4", "tenant_id": "ce2ff87fe2c04ece8a056833951762bf", "status": "DOWN", "port_id": "8edc29d6-5bd7-4c17-bd7c-d39d5ab3b751", "id": "c30d295a-8dad-4238-a951-fc6fa135c715"}}
2015-12-22 04:55:56,776 21587 INFO     [tempest_lib.common.ssh] Creating ssh connection to '172.24.4.4' as 'cirros' with public key authentication
2015-12-22 04:56:00,380 21587 WARNING  [tempest_lib.common.ssh] Failed to establish authenticated ssh connection to cirros@172.24.4.4 ([Errno None] Unable to connect to port 22 on  or 172.24.4.4). Number attempts: 1. Retry after 2 seconds.
2015-12-22 04:56:05,883 21587 WARNING  [tempest_lib.common.ssh] Failed to establish authenticated ssh connection to cirros@172.24.4.4 ([Errno None] Unable to connect to port 22 on  or 172.24.4.4). Number attempts: 2. Retry after 3 seconds.
2015-12-22 04:56:12,387 21587 WARNING  [tempest_lib.common.ssh] Failed to establish authenticated ssh connection to cirros@172.24.4.4 ([Errno None] Unable to connect to port 22 on  or 172.24.4.4). Number attempts: 3. Retry after 4 seconds.
2015-12-22 04:56:19,892 21587 WARNING  [tempest_lib.common.ssh] Failed to establish authenticated ssh connection to cirros@172.24.4.4 ([Errno None] Unable to connect to port 22 on  or 172.24.4.4). Number attempts: 4. Retry after 5 seconds.
2015-12-22 04:56:28,396 21587 WARNING  [tempest_lib.common.ssh] Failed to establish authenticated ssh connection to cirros@172.24.4.4 ([Errno None] Unable to connect to port 22 on  or 172.24.4.4). Number attempts: 5. Retry after 6 seconds.
2015-12-22 04:56:37,904 21587 WARNING  [tempest_lib.common.ssh] Failed to establish authenticated ssh connection to cirros@172.24.4.4 ([Errno None] Unable to connect to port 22 on  or 172.24.4.4). Number attempts: 6. Retry after 7 seconds.
2015-12-22 04:56:48,412 21587 WARNING  [tempest_lib.common.ssh] Failed to establish authenticated ssh connection to cirros@172.24.4.4 ([Errno None] Unable to connect to port 22 on  or 172.24.4.4). Number attempts: 7. Retry after 8 seconds.
2015-12-22 04:56:59,916 21587 WARNING  [tempest_lib.common.ssh] Failed to establish authenticated ssh connection to cirros@172.24.4.4 ([Errno None] Unable to connect to port 22 on  or 172.24.4.4). Number attempts: 8. Retry after 9 seconds.
2015-12-22 04:57:12,420 21587 WARNING  [tempest_lib.common.ssh] Failed to establish authenticated ssh connection to cirros@172.24.4.4 ([Errno None] Unable to connect to port 22 on  or 172.24.4.4). Number attempts: 9. Retry after 10 seconds.
2015-12-22 04:57:25,928 21587 WARNING  [tempest_lib.common.ssh] Failed to establish authenticated ssh connection to cirros@172.24.4.4 ([Errno None] Unable to connect to port 22 on  or 172.24.4.4). Number attempts: 10. Retry after 11 seconds.
2015-12-22 04:57:40,436 21587 WARNING  [tempest_lib.common.ssh] Failed to establish authenticated ssh connection to cirros@172.24.4.4 ([Errno None] Unable to connect to port 22 on  or 172.24.4.4). Number attempts: 11. Retry after 12 seconds.
2015-12-22 04:57:55,944 21587 WARNING  [tempest_lib.common.ssh] Failed to establish authenticated ssh connection to cirros@172.24.4.4 ([Errno None] Unable to connect to port 22 on  or 172.24.4.4). Number attempts: 12. Retry after 13 seconds.
2015-12-22 04:58:12,456 21587 WARNING  [tempest_lib.common.ssh] Failed to establish authenticated ssh connection to cirros@172.24.4.4 ([Errno None] Unable to connect to port 22 on  or 172.24.4.4). Number attempts: 13. Retry after 14 seconds.
2015-12-22 04:58:29,968 21587 WARNING  [tempest_lib.common.ssh] Failed to establish authenticated ssh connection to cirros@172.24.4.4 ([Errno None] Unable to connect to port 22 on  or 172.24.4.4). Number attempts: 14. Retry after 15 seconds.
2015-12-22 04:58:48,480 21587 WARNING  [tempest_lib.common.ssh] Failed to establish authenticated ssh connection to cirros@172.24.4.4 ([Errno None] Unable to connect to port 22 on  or 172.24.4.4). Number attempts: 15. Retry after 16 seconds.
2015-12-22 04:59:07,996 21587 WARNING  [tempest_lib.common.ssh] Failed to establish authenticated ssh connection to cirros@172.24.4.4 ([Errno None] Unable to connect to port 22 on  or 172.24.4.4). Number attempts: 16. Retry after 17 seconds.
2015-12-22 04:59:28,520 21587 WARNING  [tempest_lib.common.ssh] Failed to establish authenticated ssh connection to cirros@172.24.4.4 ([Errno None] Unable to connect to port 22 on  or 172.24.4.4). Number attempts: 17. Retry after 18 seconds.
2015-12-22 04:59:50,036 21587 WARNING  [tempest_lib.common.ssh] Failed to establish authenticated ssh connection to cirros@172.24.4.4 ([Errno None] Unable to connect to port 22 on  or 172.24.4.4). Number attempts: 18. Retry after 19 seconds.
2015-12-22 05:00:12,548 21587 WARNING  [tempest_lib.common.ssh] Failed to establish authenticated ssh connection to cirros@172.24.4.4 ([Errno None] Unable to connect to port 22 on  or 172.24.4.4). Number attempts: 19. Retry after 20 seconds.
2015-12-22 05:00:36,068 21587 WARNING  [tempest_lib.common.ssh] Failed to establish authenticated ssh connection to cirros@172.24.4.4 ([Errno None] Unable to connect to port 22 on  or 172.24.4.4). Number attempts: 20. Retry after 21 seconds.
2015-12-22 05:01:00,587 21587 ERROR    [tempest_lib.common.ssh] Failed to establish authenticated ssh connection to cirros@172.24.4.4 after 20 attempts
2015-12-22 05:01:00.587 21587 ERROR tempest_lib.common.ssh Traceback (most recent call last):
2015-12-22 05:01:00.587 21587 ERROR tempest_lib.common.ssh   File "/usr/local/lib/python2.7/dist-packages/tempest_lib/common/ssh.py", line 75, in _get_ssh_connection
2015-12-22 05:01:00.587 21587 ERROR tempest_lib.common.ssh     timeout=self.channel_timeout, pkey=self.pkey)
2015-12-22 05:01:00.587 21587 ERROR tempest_lib.common.ssh   File "/usr/local/lib/python2.7/dist-packages/paramiko/client.py", line 311, in connect
2015-12-22 05:01:00.587 21587 ERROR tempest_lib.common.ssh     raise NoValidConnectionsError(errors)
2015-12-22 05:01:00.587 21587 ERROR tempest_lib.common.ssh NoValidConnectionsError: [Errno None] Unable to connect to port 22 on  or 172.24.4.4
2015-12-22 05:01:00.587 21587 ERROR tempest_lib.common.ssh 
2015-12-22 05:01:00,588 21587 ERROR    [tempest.scenario.manager] (TestGettingAddress:test_dhcp6_stateless_from_os) Initializing SSH connection to 172.24.4.4 failed. Error: Connection to the 172.24.4.4 via SSH timed out.
User: cirros, Password: None
2015-12-22 05:01:00.588 21587 ERROR tempest.scenario.manager Traceback (most recent call last):
2015-12-22 05:01:00.588 21587 ERROR tempest.scenario.manager   File "tempest/scenario/manager.py", line 386, in get_remote_client
2015-12-22 05:01:00.588 21587 ERROR tempest.scenario.manager     linux_client.validate_authentication()
2015-12-22 05:01:00.588 21587 ERROR tempest.scenario.manager   File "tempest/common/utils/linux/remote_client.py", line 63, in validate_authentication
2015-12-22 05:01:00.588 21587 ERROR tempest.scenario.manager     self.ssh_client.test_connection_auth()
2015-12-22 05:01:00.588 21587 ERROR tempest.scenario.manager   File "/usr/local/lib/python2.7/dist-packages/tempest_lib/common/ssh.py", line 172, in test_connection_auth
2015-12-22 05:01:00.588 21587 ERROR tempest.scenario.manager     connection = self._get_ssh_connection()
2015-12-22 05:01:00.588 21587 ERROR tempest.scenario.manager   File "/usr/local/lib/python2.7/dist-packages/tempest_lib/common/ssh.py", line 87, in _get_ssh_connection
2015-12-22 05:01:00.588 21587 ERROR tempest.scenario.manager     password=self.password)
2015-12-22 05:01:00.588 21587 ERROR tempest.scenario.manager SSHTimeout: Connection to the 172.24.4.4 via SSH timed out.
2015-12-22 05:01:00.588 21587 ERROR tempest.scenario.manager User: cirros, Password: None
2015-12-22 05:01:00.588 21587 ERROR tempest.scenario.manager 
2015-12-22 05:01:00,813 21587 INFO     [tempest_lib.common.rest_client] Request (TestGettingAddress:test_dhcp6_stateless_from_os): 200 GET http://10.0.2.15:8774/v2.1/ce2ff87fe2c04ece8a056833951762bf/servers 0.223s
2015-12-22 05:01:00,814 21587 DEBUG    [tempest_lib.common.rest_client] Request - Headers: {'Content-Type': 'application/json', 'Accept': 'application/json', 'X-Auth-Token': '&lt;omitted&gt;'}
        Body: None
    Response - Headers: {'status': '200', 'content-length': '391', 'content-location': 'http://10.0.2.15:8774/v2.1/ce2ff87fe2c04ece8a056833951762bf/servers', 'x-compute-request-id': 'req-2c04e746-d497-4194-b18b-0119c87a43ed', 'vary': 'X-OpenStack-Nova-API-Version', 'connection': 'close', 'x-openstack-nova-api-version': '2.1', 'date': 'Tue, 22 Dec 2015 05:01:00 GMT', 'content-type': 'application/json'}
        Body: {"servers": [{"id": "4482dcff-163b-43c8-8ef6-fe42be72ee4e", "links": [{"href": "http://10.0.2.15:8774/v2.1/ce2ff87fe2c04ece8a056833951762bf/servers/4482dcff-163b-43c8-8ef6-fe42be72ee4e", "rel": "self"}, {"href": "http://10.0.2.15:8774/ce2ff87fe2c04ece8a056833951762bf/servers/4482dcff-163b-43c8-8ef6-fe42be72ee4e", "rel": "bookmark"}], "name": "tempest.common.compute-instance-1914813584"}]}
2015-12-22 05:01:01,033 21587 INFO     [tempest_lib.common.rest_client] Request (TestGettingAddress:test_dhcp6_stateless_from_os): 200 POST http://10.0.2.15:8774/v2.1/ce2ff87fe2c04ece8a056833951762bf/servers/4482dcff-163b-43c8-8ef6-fe42be72ee4e/action 0.212s
2015-12-22 05:01:01,034 21587 DEBUG    [tempest_lib.common.rest_client] Request - Headers: {'Content-Type': 'application/json', 'Accept': 'application/json', 'X-Auth-Token': '&lt;omitted&gt;'}
        Body: {"os-getConsoleOutput": {}}
    Response - Headers: {'status': '200', 'content-length': '24636', 'x-compute-request-id': 'req-b9e90e34-696e-4108-8ed2-9c5b11ebf372', 'vary': 'X-OpenStack-Nova-API-Version', 'connection': 'close', 'x-openstack-nova-api-version': '2.1', 'date': 'Tue, 22 Dec 2015 05:01:01 GMT', 'content-type': 'application/json'}
        Body: {"output": "[    0.000000] Initializing cgroup subsys cpuset\n[    0.000000] Initializing cgroup subsys cpu\n[    0.000000] Linux version 3.2.0-80-virtual (buildd@batsu) (gcc version 4.6.3 (Ubuntu/Linaro 4.6.3-1ubuntu5) ) #116-Ubuntu SMP Mon Mar 23 17:28:52 UTC 2015 (Ubuntu 3.2.0-80.116-virtual 3.2.68)\n[    0.000000] Command line: root=/dev/vda console=tty0 console=ttyS0 no_timer_check\n[    0.000000] KERNEL supported cpus:\n[    0.000000]   Intel GenuineIntel\n[    0.000000]   AMD AuthenticAMD\n[    0.000000]   Centaur CentaurHauls\n[    0.000000] BIOS-provided physical RAM map:\n[    0.000000]  BIOS-e820: 0000000000000000 - 000000000009fc00 (usable)\n[    0.000000]  BIOS-e820: 000000000009fc00 - 00000000000a0000 (reserved)\n[    0.000000]  BIOS-e820: 00000000000f0000 - 0000000000100000 (reserved)\n[    0.000000]  BIOS-e820: 0000000000100000 - 0000000003ffe000 (usable)\n[    0.000000]  BIOS-e820: 0000000003ffe000 - 0000000004000000 (reserved)\n[    0.000000]  BIOS-e820: 00000000fffc0000 - 0000000100000000 (reserved)\n[    0.000000] NX (Execute Disable) protection: active\n[    0.000000] SMBIOS 2.4 present.\n[    0.000000] No AGP bridge found\n[    0.000000] last_pfn = 0x3ffe max_arch_pfn = 0x400000000\n[    0.000000] x86 PAT enabled: cpu 0, old 0x7040600070406, new 0x7010600070106\n[    0.000000] found SMP MP-table at [ffff8800000f0b00] f0b00\n[    0.000000] init_memory_mapping: 0000000000000000-0000000003ffe000\n[    0.000000] RAMDISK: 03c5e000 - 03ff0000\n[    0.000000] ACPI: RSDP 00000000000f0950 00014 (v00 BOCHS )\n[    0.000000] ACPI: RSDT 0000000003fffbc1 00034 (v01 BOCHS  BXPCRSDT 00000001 BXPC 00000001)\n[    0.000000] ACPI: FACP 0000000003fff1c0 00074 (v01 BOCHS  BXPCFACP 00000001 BXPC 00000001)\n[    0.000000] ACPI: DSDT 0000000003ffe040 01180 (v01 BOCHS  BXPCDSDT 00000001 BXPC 00000001)\n[    0.000000] ACPI: FACS 0000000003ffe000 00040\n[    0.000000] ACPI: SSDT 0000000003fff234 008DD (v01 BOCHS  BXPCSSDT 00000001 BXPC 00000001)\n[    0.000000] ACPI: APIC 0000000003fffb11 00078 (v01 BOCHS  BXPCAPIC 00000001 BXPC 00000001)\n[    0.000000] ACPI: HPET 0000000003fffb89 00038 (v01 BOCHS  BXPCHPET 00000001 BXPC 00000001)\n[    0.000000] No NUMA configuration found\n[    0.000000] Faking a node at 0000000000000000-0000000003ffe000\n[    0.000000] Initmem setup node 0 0000000000000000-0000000003ffe000\n[    0.000000]   NODE_DATA [0000000003ff6000 - 0000000003ffafff]\n[    0.000000] Zone PFN ranges:\n[    0.000000]   DMA      0x00000010 -&gt; 0x00001000\n[    0.000000]   DMA32    0x00001000 -&gt; 0x00100000\n[    0.000000]   Normal   empty\n[    0.000000] Movable zone start PFN for each node\n[    0.000000] early_node_map[2] active PFN ranges\n[    0.000000]     0: 0x00000010 -&gt; 0x0000009f\n[    0.000000]     0: 0x00000100 -&gt; 0x00003ffe\n[    0.000000] ACPI: PM-Timer IO Port: 0xb008\n[    0.000000] ACPI: LAPIC (acpi_id[0x00] lapic_id[0x00] enabled)\n[    0.000000] ACPI: LAPIC_NMI (acpi_id[0xff] dfl dfl lint[0x1])\n[    0.000000] ACPI: IOAPIC (id[0x00] address[0xfec00000] gsi_base[0])\n[    0.000000] IOAPIC[0]: apic_id 0, version 17, address 0xfec00000, GSI 0-23\n[    0.000000] ACPI: INT_SRC_OVR (bus 0 bus_irq 0 global_irq 2 dfl dfl)\n[    0.000000] ACPI: INT_SRC_OVR (bus 0 bus_irq 5 global_irq 5 high level)\n[    0.000000] ACPI: INT_SRC_OVR (bus 0 bus_irq 9 global_irq 9 high level)\n[    0.000000] ACPI: INT_SRC_OVR (bus 0 bus_irq 10 global_irq 10 high level)\n[    0.000000] ACPI: INT_SRC_OVR (bus 0 bus_irq 11 global_irq 11 high level)\n[    0.000000] Using ACPI (MADT) for SMP configuration information\n[    0.000000] ACPI: HPET id: 0x8086a201 base: 0xfed00000\n[    0.000000] SMP: Allowing 1 CPUs, 0 hotplug CPUs\n[    0.000000] PM: Registered nosave memory: 000000000009f000 - 00000000000a0000\n[    0.000000] PM: Registered nosave memory: 00000000000a0000 - 00000000000f0000\n[    0.000000] PM: Registered nosave memory: 00000000000f0000 - 0000000000100000\n[    0.000000] Allocating PCI resources starting at 4000000 (gap: 4000000:fbfc0000)\n[    0.000000] Booting paravirtualized kernel on bare hardware\n[    0.000000] setup_pe
2015-12-22 05:01:01,036 21587 DEBUG    [tempest.scenario.manager] Console output for 4482dcff-163b-43c8-8ef6-fe42be72ee4e
body=
[    0.000000] Initializing cgroup subsys cpuset
[    0.000000] Initializing cgroup subsys cpu
[    0.000000] Linux version 3.2.0-80-virtual (buildd@batsu) (gcc version 4.6.3 (Ubuntu/Linaro 4.6.3-1ubuntu5) ) #116-Ubuntu SMP Mon Mar 23 17:28:52 UTC 2015 (Ubuntu 3.2.0-80.116-virtual 3.2.68)
[    0.000000] Command line: root=/dev/vda console=tty0 console=ttyS0 no_timer_check
[    0.000000] KERNEL supported cpus:
[    0.000000]   Intel GenuineIntel
[    0.000000]   AMD AuthenticAMD
[    0.000000]   Centaur CentaurHauls
[    0.000000] BIOS-provided physical RAM map:
[    0.000000]  BIOS-e820: 0000000000000000 - 000000000009fc00 (usable)
[    0.000000]  BIOS-e820: 000000000009fc00 - 00000000000a0000 (reserved)
[    0.000000]  BIOS-e820: 00000000000f0000 - 0000000000100000 (reserved)
[    0.000000]  BIOS-e820: 0000000000100000 - 0000000003ffe000 (usable)
[    0.000000]  BIOS-e820: 0000000003ffe000 - 0000000004000000 (reserved)
[    0.000000]  BIOS-e820: 00000000fffc0000 - 0000000100000000 (reserved)
[    0.000000] NX (Execute Disable) protection: active
[    0.000000] SMBIOS 2.4 present.
[    0.000000] No AGP bridge found
[    0.000000] last_pfn = 0x3ffe max_arch_pfn = 0x400000000
[    0.000000] x86 PAT enabled: cpu 0, old 0x7040600070406, new 0x7010600070106
[    0.000000] found SMP MP-table at [ffff8800000f0b00] f0b00
[    0.000000] init_memory_mapping: 0000000000000000-0000000003ffe000
[    0.000000] RAMDISK: 03c5e000 - 03ff0000
[    0.000000] ACPI: RSDP 00000000000f0950 00014 (v00 BOCHS )
[    0.000000] ACPI: RSDT 0000000003fffbc1 00034 (v01 BOCHS  BXPCRSDT 00000001 BXPC 00000001)
[    0.000000] ACPI: FACP 0000000003fff1c0 00074 (v01 BOCHS  BXPCFACP 00000001 BXPC 00000001)
[    0.000000] ACPI: DSDT 0000000003ffe040 01180 (v01 BOCHS  BXPCDSDT 00000001 BXPC 00000001)
[    0.000000] ACPI: FACS 0000000003ffe000 00040
[    0.000000] ACPI: SSDT 0000000003fff234 008DD (v01 BOCHS  BXPCSSDT 00000001 BXPC 00000001)
[    0.000000] ACPI: APIC 0000000003fffb11 00078 (v01 BOCHS  BXPCAPIC 00000001 BXPC 00000001)
[    0.000000] ACPI: HPET 0000000003fffb89 00038 (v01 BOCHS  BXPCHPET 00000001 BXPC 00000001)
[    0.000000] No NUMA configuration found
[    0.000000] Faking a node at 0000000000000000-0000000003ffe000
[    0.000000] Initmem setup node 0 0000000000000000-0000000003ffe000
[    0.000000]   NODE_DATA [0000000003ff6000 - 0000000003ffafff]
[    0.000000] Zone PFN ranges:
[    0.000000]   DMA      0x00000010 -&gt; 0x00001000
[    0.000000]   DMA32    0x00001000 -&gt; 0x00100000
[    0.000000]   Normal   empty
[    0.000000] Movable zone start PFN for each node
[    0.000000] early_node_map[2] active PFN ranges
[    0.000000]     0: 0x00000010 -&gt; 0x0000009f
[    0.000000]     0: 0x00000100 -&gt; 0x00003ffe
[    0.000000] ACPI: PM-Timer IO Port: 0xb008
[    0.000000] ACPI: LAPIC (acpi_id[0x00] lapic_id[0x00] enabled)
[    0.000000] ACPI: LAPIC_NMI (acpi_id[0xff] dfl dfl lint[0x1])
[    0.000000] ACPI: IOAPIC (id[0x00] address[0xfec00000] gsi_base[0])
[    0.000000] IOAPIC[0]: apic_id 0, version 17, address 0xfec00000, GSI 0-23
[    0.000000] ACPI: INT_SRC_OVR (bus 0 bus_irq 0 global_irq 2 dfl dfl)
[    0.000000] ACPI: INT_SRC_OVR (bus 0 bus_irq 5 global_irq 5 high level)
[    0.000000] ACPI: INT_SRC_OVR (bus 0 bus_irq 9 global_irq 9 high level)
[    0.000000] ACPI: INT_SRC_OVR (bus 0 bus_irq 10 global_irq 10 high level)
[    0.000000] ACPI: INT_SRC_OVR (bus 0 bus_irq 11 global_irq 11 high level)
[    0.000000] Using ACPI (MADT) for SMP configuration information
[    0.000000] ACPI: HPET id: 0x8086a201 base: 0xfed00000
[    0.000000] SMP: Allowing 1 CPUs, 0 hotplug CPUs
[    0.000000] PM: Registered nosave memory: 000000000009f000 - 00000000000a0000
[    0.000000] PM: Registered nosave memory: 00000000000a0000 - 00000000000f0000
[    0.000000] PM: Registered nosave memory: 00000000000f0000 - 0000000000100000
[    0.000000] Allocating PCI resources starting at 4000000 (gap: 4000000:fbfc0000)
[    0.000000] Booting paravirtualized kernel on bare hardware
[    0.000000] setup_percpu: NR_CPUS:64 nr_cpumask_bits:64 nr_cpu_ids:1 nr_node_ids:1
[    0.000000] PERCPU: Embedded 27 pages/cpu @ffff880003a00000 s78848 r8192 d23552 u2097152
[    0.000000] Built 1 zonelists in Node order, mobility grouping on.  Total pages: 16008
[    0.000000] Policy zone: DMA32
[    0.000000] Kernel command line: root=/dev/vda console=tty0 console=ttyS0 no_timer_check
[    0.000000] PID hash table entries: 256 (order: -1, 2048 bytes)
[    0.000000] Checking aperture...
[    0.000000] No AGP bridge found
[    0.000000] Memory: 43492k/65528k available (6576k kernel code, 452k absent, 21584k reserved, 6620k data, 928k init)
[    0.000000] SLUB: Genslabs=15, HWalign=64, Order=0-3, MinObjects=0, CPUs=1, Nodes=1
[    0.000000] Hierarchical RCU implementation.
[    0.000000] 	RCU dyntick-idle grace-period acceleration is enabled.
[    0.000000] NR_IRQS:4352 nr_irqs:256 16
[    0.000000] Console: colour VGA+ 80x25
[    0.000000] console [tty0] enabled
[    0.000000] console [ttyS0] enabled
[    0.000000] allocated 1048576 bytes of page_cgroup
[    0.000000] please try 'cgroup_disable=memory' option if you don't want memory cgroups
[    0.000000] Fast TSC calibration failed
[    0.000000] TSC: Unable to calibrate against PIT
[    0.000000] TSC: using HPET reference calibration
[    0.000000] Detected 2293.057 MHz processor.
[    0.040365] Calibrating delay loop (skipped), value calculated using timer frequency.. 4586.11 BogoMIPS (lpj=9172228)
[    0.042910] pid_max: default: 32768 minimum: 301
[    0.057893] Security Framework initialized
[    0.064825] AppArmor: AppArmor initialized
[    0.065410] Yama: becoming mindful.
[    0.073033] Dentry cache hash table entries: 8192 (order: 4, 65536 bytes)
[    0.076108] Inode-cache hash table entries: 4096 (order: 3, 32768 bytes)
[    0.080330] Mount-cache hash table entries: 256
[    0.097420] Initializing cgroup subsys cpuacct
[    0.098335] Initializing cgroup subsys memory
[    0.100314] Initializing cgroup subsys devices
[    0.100845] Initializing cgroup subsys freezer
[    0.101530] Initializing cgroup subsys blkio
[    0.102234] Initializing cgroup subsys perf_event
[    0.106364] mce: CPU supports 10 MCE banks
[    0.109863] SMP alternatives: switching to UP code
[    0.510904] Freeing SMP alternatives: 24k freed
[    0.513088] ACPI: Core revision 20110623
[    0.570389] ftrace: allocating 26610 entries in 105 pages
[    0.617442] ..TIMER: vector=0x30 apic1=0 pin1=2 apic2=-1 pin2=-1
[    0.620201] CPU0: AMD QEMU Virtual CPU version 2.0.0 stepping 03
[    0.624038] Performance Events: Broken PMU hardware detected, using software events only.
[    0.633656] NMI watchdog disabled (cpu0): hardware events not enabled
[    0.636140] Brought up 1 CPUs
[    0.636668] Total of 1 processors activated (4586.11 BogoMIPS).
[    0.661509] devtmpfs: initialized
[    0.692301] EVM: security.selinux
[    0.692794] EVM: security.SMACK64
[    0.693267] EVM: security.capability
[    0.715071] print_constraints: dummy: 
[    0.717330] RTC time:  4:55:58, date: 12/22/15
[    0.720389] NET: Registered protocol family 16
[    0.729996] ACPI: bus type pci registered
[    0.733934] PCI: Using configuration type 1 for base access
[    0.765912] bio: create slab &lt;bio-0&gt; at 0
[    0.771109] ACPI: Added _OSI(Module Device)
[    0.772157] ACPI: Added _OSI(Processor Device)
[    0.772828] ACPI: Added _OSI(3.0 _SCP Extensions)
[    0.773682] ACPI: Added _OSI(Processor Aggregator Device)
[    0.853323] ACPI: Interpreter enabled
[    0.854214] ACPI: (supports S0 S3 S4 S5)
[    0.856559] ACPI: Using IOAPIC for interrupt routing
[    0.950252] ACPI: No dock devices found.
[    0.952274] HEST: Table not found.
[    0.953484] PCI: Using host bridge windows from ACPI; if necessary, use "pci=nocrs" and report a bug
[    0.964059] ACPI: PCI Root Bridge [PCI0] (domain 0000 [bus 00-ff])
[    0.973813] pci_root PNP0A03:00: host bridge window [io  0x0000-0x0cf7]
[    0.975543] pci_root PNP0A03:00: host bridge window [io  0x0d00-0xadff]
[    0.976124] pci_root PNP0A03:00: host bridge window [io  0xae0f-0xaeff]
[    0.977098] pci_root PNP0A03:00: host bridge window [io  0xaf20-0xafdf]
[    0.977952] pci_root PNP0A03:00: host bridge window [io  0xafe4-0xffff]
[    0.980191] pci_root PNP0A03:00: host bridge window [mem 0x000a0000-0x000bffff]
[    0.981786] pci_root PNP0A03:00: host bridge window [mem 0x04000000-0xfebfffff]
[    1.009435] pci 0000:00:01.3: quirk: [io  0xb000-0xb03f] claimed by PIIX4 ACPI
[    1.012085] pci 0000:00:01.3: quirk: [io  0xb100-0xb10f] claimed by PIIX4 SMB
[    1.090673]  pci0000:00: Unable to request _OSC control (_OSC support mask: 0x1e)
[    1.165633] ACPI: PCI Interrupt Link [LNKA] (IRQs 5 *10 11)
[    1.168194] ACPI: PCI Interrupt Link [LNKB] (IRQs 5 *10 11)
[    1.170070] ACPI: PCI Interrupt Link [LNKC] (IRQs 5 10 *11)
[    1.170928] ACPI: PCI Interrupt Link [LNKD] (IRQs 5 10 *11)
[    1.172840] ACPI: PCI Interrupt Link [LNKS] (IRQs *9)
[    1.186302] vgaarb: device added: PCI:0000:00:02.0,decodes=io+mem,owns=io+mem,locks=none
[    1.188308] vgaarb: loaded
[    1.188913] vgaarb: bridge control possible 0000:00:02.0
[    1.193107] i2c-core: driver [aat2870] using legacy suspend method
[    1.193783] i2c-core: driver [aat2870] using legacy resume method
[    1.197357] SCSI subsystem initialized
[    1.201174] usbcore: registered new interface driver usbfs
[    1.202496] usbcore: registered new interface driver hub
[    1.204478] usbcore: registered new device driver usb
[    1.207295] PCI: Using ACPI for IRQ routing
[    1.218344] NetLabel: Initializing
[    1.218783] NetLabel:  domain hash size = 128
[    1.219351] NetLabel:  protocols = UNLABELED CIPSOv4
[    1.221420] NetLabel:  unlabeled traffic allowed by default
[    1.224308] HPET: 3 timers in total, 0 timers will be used for per-cpu timer
[    1.225544] hpet0: at MMIO 0xfed00000, IRQs 2, 8, 0
[    1.226367] hpet0: 3 comparators, 64-bit 100.000000 MHz counter
[    1.238276] Switching to clocksource hpet
[    1.507670] AppArmor: AppArmor Filesystem Enabled
[    1.510562] pnp: PnP ACPI init
[    1.511474] ACPI: bus type pnp registered
[    1.537645] pnp: PnP ACPI: found 9 devices
[    1.538207] ACPI: ACPI bus type pnp unregistered
[    1.611311] NET: Registered protocol family 2
[    1.651791] IP route cache hash table entries: 512 (order: 0, 4096 bytes)
[    1.659254] TCP established hash table entries: 2048 (order: 3, 32768 bytes)
[    1.661655] TCP bind hash table entries: 2048 (order: 3, 32768 bytes)
[    1.662524] TCP: Hash tables configured (established 2048 bind 2048)
[    1.663409] TCP reno registered
[    1.663912] UDP hash table entries: 128 (order: 0, 4096 bytes)
[    1.665371] UDP-Lite hash table entries: 128 (order: 0, 4096 bytes)
[    1.669373] NET: Registered protocol family 1
[    1.670284] pci 0000:00:00.0: Limiting direct PCI/PCI transfers
[    1.671071] pci 0000:00:01.0: PIIX3: Enabling Passive Release
[    1.671764] pci 0000:00:01.0: Activating ISA DMA hang workarounds
[    1.677283] ACPI: PCI Interrupt Link [LNKD] enabled at IRQ 11
[    1.678245] pci 0000:00:01.2: PCI INT D -&gt; Link[LNKD] -&gt; GSI 11 (level, high) -&gt; IRQ 11
[    1.679998] pci 0000:00:01.2: PCI INT D disabled
[    1.701371] Trying to unpack rootfs image as initramfs...
[    1.717643] audit: initializing netlink socket (disabled)
[    1.718818] type=2000 audit(1450760158.716:1): initialized
[    1.987008] HugeTLB registered 2 MB page size, pre-allocated 0 pages
[    2.069527] VFS: Disk quotas dquot_6.5.2
[    2.071107] Dquot-cache hash table entries: 512 (order 0, 4096 bytes)
[    2.085946] fuse init (API version 7.17)
[    2.089404] msgmni has been set to 84
[    2.119776] Block layer SCSI generic (bsg) driver version 0.4 loaded (major 253)
[    2.130281] io scheduler noop registered
[    2.130848] io scheduler deadline registered (default)
[    2.132089] io scheduler cfq registered
[    2.135727] pci_hotplug: PCI Hot Plug PCI Core version: 0.5
[    2.138279] pciehp: PCI Express Hot Plug Controller Driver version: 0.4
[    2.143739] input: Power Button as /devices/LNXSYSTM:00/LNXPWRBN:00/input/input0
[    2.145968] ACPI: Power Button [PWRF]
[    2.193834] ERST: Table is not found!
[    2.194604] GHES: HEST is not enabled!
[    2.206616] ACPI: PCI Interrupt Link [LNKC] enabled at IRQ 10
[    2.207323] virtio-pci 0000:00:03.0: PCI INT A -&gt; Link[LNKC] -&gt; GSI 10 (level, high) -&gt; IRQ 10
[    2.211312] virtio-pci 0000:00:04.0: PCI INT A -&gt; Link[LNKD] -&gt; GSI 11 (level, high) -&gt; IRQ 11
[    2.222658] ACPI: PCI Interrupt Link [LNKA] enabled at IRQ 10
[    2.223583] virtio-pci 0000:00:05.0: PCI INT A -&gt; Link[LNKA] -&gt; GSI 10 (level, high) -&gt; IRQ 10
[    2.237464] Serial: 8250/16550 driver, 32 ports, IRQ sharing enabled
[    2.283963] serial8250: ttyS0 at I/O 0x3f8 (irq = 4) is a 16550A
[    2.373293] serial8250: ttyS1 at I/O 0x2f8 (irq = 3) is a 16550A
[    2.515696] 00:05: ttyS0 at I/O 0x3f8 (irq = 4) is a 16550A
[    2.590869] 00:06: ttyS1 at I/O 0x2f8 (irq = 3) is a 16550A
[    2.638679] Linux agpgart interface v0.103
[    2.685292] Refined TSC clocksource calibration: 2293.098 MHz.
[    2.686042] Switching to clocksource tsc
[    2.705308] brd: module loaded
[    2.729764] loop: module loaded
[    2.822542]  vda: unknown partition table
[    2.878020] scsi0 : ata_piix
[    2.881590] scsi1 : ata_piix
[    2.882889] ata1: PATA max MWDMA2 cmd 0x1f0 ctl 0x3f6 bmdma 0xc0a0 irq 14
[    2.883723] ata2: PATA max MWDMA2 cmd 0x170 ctl 0x376 bmdma 0xc0a8 irq 15
[    2.894619] Fixed MDIO Bus: probed
[    2.895505] tun: Universal TUN/TAP device driver, 1.6
[    2.896069] tun: (C) 1999-2004 Max Krasnyansky &lt;maxk@qualcomm.com&gt;
[    2.914609] PPP generic driver version 2.4.2
[    2.945465] ehci_hcd: USB 2.0 'Enhanced' Host Controller (EHCI) Driver
[    2.946518] ohci_hcd: USB 1.1 'Open' Host Controller (OHCI) Driver
[    2.947426] uhci_hcd: USB Universal Host Controller Interface driver
[    2.949341] uhci_hcd 0000:00:01.2: PCI INT D -&gt; Link[LNKD] -&gt; GSI 11 (level, high) -&gt; IRQ 11
[    2.951868] uhci_hcd 0000:00:01.2: UHCI Host Controller
[    2.962257] uhci_hcd 0000:00:01.2: new USB bus registered, assigned bus number 1
[    2.963985] uhci_hcd 0000:00:01.2: irq 11, io base 0x0000c040
[    2.995574] hub 1-0:1.0: USB hub found
[    2.996971] hub 1-0:1.0: 2 ports detected
[    3.003224] usbcore: registered new interface driver libusual
[    3.005947] i8042: PNP: PS/2 Controller [PNP0303:KBD,PNP0f13:MOU] at 0x60,0x64 irq 1,12
[    3.012577] serio: i8042 KBD port at 0x60,0x64 irq 1
[    3.013920] serio: i8042 AUX port at 0x60,0x64 irq 12
[    3.046013] mousedev: PS/2 mouse device common for all mice
[    3.064953] input: AT Translated Set 2 keyboard as /devices/platform/i8042/serio0/input/input1
[    3.069223] rtc_cmos 00:01: RTC can wake from S4
[    3.083388] rtc_cmos 00:01: rtc core: registered rtc_cmos as rtc0
[    3.087082] rtc0: alarms up to one day, 114 bytes nvram, hpet irqs
[    3.090334] device-mapper: uevent: version 1.0.3
[    3.123218] device-mapper: ioctl: 4.22.0-ioctl (2011-10-19) initialised: dm-devel@redhat.com
[    3.131115] cpuidle: using governor ladder
[    3.135272] cpuidle: using governor menu
[    3.136312] EFI Variables Facility v0.08 2004-May-17
[    3.146670] TCP cubic registered
[    3.151988] NET: Registered protocol family 10
[    3.187852] NET: Registered protocol family 17
[    3.190992] Registering the dns_resolver key type
[    3.206943] ata2.01: ATAPI: QEMU DVD-ROM, 2.0.0, max UDMA/100
[    3.229237] ata2.01: configured for MWDMA2
[    3.264248] scsi 1:0:1:0: CD-ROM            QEMU     QEMU DVD-ROM     2.0. PQ: 0 ANSI: 5
[    3.295832] sr0: scsi3-mmc drive: 4x/4x cd/rw xa/form2 tray
[    3.297818] cdrom: Uniform CD-ROM driver Revision: 3.20
[    3.314800] sr 1:0:1:0: Attached scsi generic sg0 type 5
[    3.360937] registered taskstats version 1
[    3.455749] Freeing initrd memory: 3656k freed
[    3.969571]   Magic number: 11:4:920
[    3.982244] rtc_cmos 00:01: setting system clock to 2015-12-22 04:56:01 UTC (1450760161)
[    3.984632] powernow-k8: Processor cpuid 663 not supported
[    3.990631] BIOS EDD facility v0.16 2004-Jun-25, 0 devices found
[    3.991829] EDD information not available.
[    4.048080] Freeing unused kernel memory: 928k freed
[    4.057375] Write protecting the kernel read-only data: 12288k
[    4.168369] Freeing unused kernel memory: 1596k freed
[    4.229964] Freeing unused kernel memory: 1184k freed

info: initramfs: up at 4.41
modprobe: module virtio_blk not found in modules.dep
modprobe: module virtio_net not found in modules.dep
info: copying initramfs to /dev/vda
info: initramfs loading root from /dev/vda
info: /etc/init.d/rc.sysinit: up at 9.13
info: container: none
Starting logging: OK
modprobe: module virtio_blk not found in modules.dep
modprobe: module virtio_net not found in modules.dep
WARN: /etc/rc3.d/S10-load-modules failed
Initializing random number generator... done.
Starting acpid: OK
cirros-ds 'local' up at 11.85
found datasource (configdrive, local)
Starting network...
udhcpc (v1.20.1) started
Sending discover...
Sending discover...
Sending discover...
Usage: /sbin/cirros-dhcpc &lt;up|down&gt;
No lease, failing
WARN: /etc/rc3.d/S40-network failed
Starting dropbear sshd: generating rsa key... generating dsa key... OK
no userdata for datasource
=== system information ===
Platform: OpenStack Foundation OpenStack Nova
Container: none
Arch: x86_64
CPU(s): 1 @ 2293.057 MHz
Cores/Sockets/Threads: 1/1/1
Virt-type: AMD-V
RAM Size: 49MB
Disks:
NAME MAJ:MIN     SIZE LABEL         MOUNTPOINT
vda  253:0   25165824 cirros-rootfs /
sr0   11:0     428032 config-2      
=== sshd host keys ===
-----BEGIN SSH HOST KEY KEYS-----
ssh-rsa AAAAB3NzaC1yc2EAAAADAQABAAAAgwDyayXVBGnT3qV39E8NroT/5nXLUa+vzxi2Lj5h/hyKrC4jEMOmURvpLVIKEknxxkYdzz3IyyYmDrl8z2pzTvxrRp3NmlBdizFmw0o3211sjGAtRT0BCMoTX45DO9n56aFIz4E0ndcqs/k1JSBqBKoCsxfaO+ghViz3XswqH2evfE2T root@tempest
ssh-dss AAAAB3NzaC1kc3MAAACBAMo126YBAF+J9zA/91qNqqoy7iUiD3HcmVaUXHIp0AiqyvpCCq+pYHt0AisgQVKJBdwwS0wL7ph9KLKrzAk3wrlYacEqjY1wO/lqlxM3JD//Wf4pi6GVme6mPKXbho8QePICylHHASOussSZfWbcWPh5qtUnHifQW6iXtmLQuMAFAAAAFQC0xf1U5JiIj0z60rq59m6QkeOftwAAAIB3Yh3zSImK9vi/R6yV+kA+zI9dI3mqOJE7lLOt5JHxd/K7NbyWuXDvU58D2ppj7Lssr2S8Y/j4UDplmDKbwzHHd6rz4scxdw7Ox7WsF/GySoKtTNWBSSsB7fdBEhJQXZwQDrv0061AcRLpDe3ljcoTnni6y7HLKOYCQjfVxVxzDAAAAIBDWarFbCGsqpKTQW0GEqEi0lYbz5zNLYuUo7mQdPNG61ED1c8prqa/I6nr+r+g+EpkwFiSW8r3ovw09mz3UjMvK5ut8af5o9UTRM2z/AjEBsQFfwL+8Dd7Ntiey6vWyqqwCv5tyYmP/8waIIeBB1uLbpg/huGcxaBfm+OiUaQSPA== root@tempest
-----END SSH HOST KEY KEYS-----
=== network info ===
if-info: lo,up,127.0.0.1,8,::1
if-info: eth0,up,,8,fe80::f816:3eff:fe09:af74
=== datasource: configdrive local ===
instance-id: 4482dcff-163b-43c8-8ef6-fe42be72ee4e
name: tempest.common.compute-instance-1914813584
availability-zone: nova
local-hostname: tempest.common.compute-instance-1914813584.novalocal
launch-index: 0
=== cirros: current=0.3.4 uptime=202.35 ===
route: fscanf
=== pinging gateway failed, debugging connection ===
############ debug start ##############
### /etc/init.d/sshd start
Starting dropbear sshd: OK
route: fscanf
### ifconfig -a
eth0      Link encap:Ethernet  HWaddr FA:16:3E:09:AF:74  
          inet6 addr: fe80::f816:3eff:fe09:af74/64 Scope:Link
          UP BROADCAST RUNNING MULTICAST  MTU:1500  Metric:1
          RX packets:13 errors:0 dropped:6 overruns:0 frame:0
          TX packets:8 errors:0 dropped:0 overruns:0 carrier:0
          collisions:0 txqueuelen:1000 
          RX bytes:1416 (1.3 KiB)  TX bytes:1134 (1.1 KiB)

lo        Link encap:Local Loopback  
          inet addr:127.0.0.1  Mask:255.0.0.0
          inet6 addr: ::1/128 Scope:Host
          UP LOOPBACK RUNNING  MTU:16436  Metric:1
          RX packets:12 errors:0 dropped:0 overruns:0 frame:0
          TX packets:12 errors:0 dropped:0 overruns:0 carrier:0
          collisions:0 txqueuelen:0 
          RX bytes:1020 (1020.0 B)  TX bytes:1020 (1020.0 B)

### route -n
Kernel IP routing table
Destination     Gateway         Genmask         Flags Metric Ref    Use Iface
route: fscanf
### cat /etc/resolv.conf
cat: can't open '/etc/resolv.conf': No such file or directory
### gateway not found
/sbin/cirros-status: line 1: can't open /etc/resolv.conf: no such file
### pinging nameservers
### uname -a
Linux tempest 3.2.0-80-virtual #116-Ubuntu SMP Mon Mar 23 17:28:52 UTC 2015 x86_64 GNU/Linux
### lsmod
Module                  Size  Used by    Not tainted
nls_iso8859_1          12713  0 
nls_cp437              16991  0 
vfat                   17585  0 
fat                    61512  1 vfat
isofs                  40259  0 
ip_tables              27473  0 
x_tables               29891  1 ip_tables
pcnet32                42119  0 
8139cp                 27360  0 
ne2k_pci               13691  0 
8390                   18856  1 ne2k_pci
e1000                 108589  0 
acpiphp                24231  0 
### dmesg | tail
[    5.223495] EXT3-fs (vda): mounted filesystem with ordered data mode
[    5.543822] ISO 9660 Extensions: Microsoft Joliet Level 3
[    5.626362] ISO 9660 Extensions: RRIP_1991A
[    5.866300] kjournald starting.  Commit interval 5 seconds
[    5.889591] EXT3-fs (vda): using internal journal
[    5.890445] EXT3-fs (vda): mounted filesystem with ordered data mode
[    9.265621] EXT3-fs (vda): using internal journal
[   12.697646] ISO 9660 Extensions: Microsoft Joliet Level 3
[   12.784130] ISO 9660 Extensions: RRIP_1991A
[   27.635918] eth0: no IPv6 routers present
### tail -n 25 /var/log/messages
Dec 22 04:56:08 cirros kern.info kernel: [    4.733649] acpiphp: Slot [25] registered
Dec 22 04:56:08 cirros kern.info kernel: [    4.734144] acpiphp: Slot [26] registered
Dec 22 04:56:08 cirros kern.info kernel: [    4.734461] acpiphp: Slot [27] registered
Dec 22 04:56:08 cirros kern.info kernel: [    4.734777] acpiphp: Slot [28] registered
Dec 22 04:56:08 cirros kern.info kernel: [    4.735129] acpiphp: Slot [29] registered
Dec 22 04:56:08 cirros kern.info kernel: [    4.735454] acpiphp: Slot [30] registered
Dec 22 04:56:08 cirros kern.info kernel: [    4.735765] acpiphp: Slot [31] registered
Dec 22 04:56:08 cirros kern.info kernel: [    4.817406] e1000: Intel(R) PRO/1000 Network Driver - version 7.3.21-k8-NAPI
Dec 22 04:56:08 cirros kern.info kernel: [    4.817458] e1000: Copyright (c) 1999-2006 Intel Corporation.
Dec 22 04:56:08 cirros kern.info kernel: [    4.867028] ne2k-pci.c:v1.03 9/22/2003 D. Becker/P. Gortmaker
Dec 22 04:56:08 cirros kern.info kernel: [    4.901588] 8139cp: 8139cp: 10/100 PCI Ethernet driver v1.3 (Mar 22, 2004)
Dec 22 04:56:08 cirros kern.info kernel: [    4.981858] ip_tables: (C) 2000-2006 Netfilter Core Team
Dec 22 04:56:08 cirros kern.info kernel: [    5.214962] kjournald starting.  Commit interval 5 seconds
Dec 22 04:56:08 cirros kern.info kernel: [    5.223495] EXT3-fs (vda): mounted filesystem with ordered data mode
Dec 22 04:56:08 cirros kern.debug kernel: [    5.543822] ISO 9660 Extensions: Microsoft Joliet Level 3
Dec 22 04:56:08 cirros kern.debug kernel: [    5.626362] ISO 9660 Extensions: RRIP_1991A
Dec 22 04:56:08 cirros kern.info kernel: [    5.866300] kjournald starting.  Commit interval 5 seconds
Dec 22 04:56:08 cirros kern.info kernel: [    5.889591] EXT3-fs (vda): using internal journal
Dec 22 04:56:08 cirros kern.info kernel: [    5.890445] EXT3-fs (vda): mounted filesystem with ordered data mode
Dec 22 04:56:08 cirros kern.info kernel: [    9.265621] EXT3-fs (vda): using internal journal
Dec 22 04:56:10 cirros kern.debug kernel: [   12.697646] ISO 9660 Extensions: Microsoft Joliet Level 3
Dec 22 04:56:10 cirros kern.debug kernel: [   12.784130] ISO 9660 Extensions: RRIP_1991A
Dec 22 04:56:13 cirros auth.notice su: + /dev/console root:cirros
Dec 22 04:56:25 cirros kern.debug kernel: [   27.635918] eth0: no IPv6 routers present
Dec 22 04:59:18 cirros authpriv.info dropbear[283]: Running in background
############ debug end   ##############
  ____               ____  ____
 / __/ __ ____ ____ / __ \/ __/
/ /__ / // __// __// /_/ /\ \ 
\___//_//_/  /_/   \____/___/ 
   http://cirros-cloud.net


login as 'cirros' user. default password: 'cubswin:)'. use 'sudo' for root.
tempest login: 
2015-12-22 05:01:01,471 21587 INFO     [tempest_lib.common.rest_client] Request (TestGettingAddress:_run_cleanups): 204 DELETE http://10.0.2.15:9696/v2.0/floatingips/c30d295a-8dad-4238-a951-fc6fa135c715 0.430s
2015-12-22 05:01:01,472 21587 DEBUG    [tempest_lib.common.rest_client] Request - Headers: {'Content-Type': 'application/json', 'Accept': 'application/json', 'X-Auth-Token': '&lt;omitted&gt;'}
        Body: None
    Response - Headers: {'date': 'Tue, 22 Dec 2015 05:01:01 GMT', 'status': '204', 'connection': 'close', 'content-length': '0', 'x-openstack-request-id': 'req-c4dde31e-85a1-4106-8202-3366f7a428bc'}
        Body: 
2015-12-22 05:01:01,808 21587 INFO     [tempest_lib.common.rest_client] Request (TestGettingAddress:_run_cleanups): 204 DELETE http://10.0.2.15:8774/v2.1/ce2ff87fe2c04ece8a056833951762bf/servers/4482dcff-163b-43c8-8ef6-fe42be72ee4e 0.336s
2015-12-22 05:01:01,809 21587 DEBUG    [tempest_lib.common.rest_client] Request - Headers: {'Content-Type': 'application/json', 'Accept': 'application/json', 'X-Auth-Token': '&lt;omitted&gt;'}
        Body: None
    Response - Headers: {'status': '204', 'content-length': '0', 'x-compute-request-id': 'req-c84ff57d-b78d-41b0-b5fa-5674687c1786', 'vary': 'X-OpenStack-Nova-API-Version', 'connection': 'close', 'x-openstack-nova-api-version': '2.1', 'date': 'Tue, 22 Dec 2015 05:01:01 GMT', 'content-type': 'application/json'}
        Body: 
2015-12-22 05:01:02,032 21587 INFO     [tempest_lib.common.rest_client] Request (TestGettingAddress:_run_cleanups): 200 GET http://10.0.2.15:8774/v2.1/ce2ff87fe2c04ece8a056833951762bf/servers/4482dcff-163b-43c8-8ef6-fe42be72ee4e 0.222s
2015-12-22 05:01:02,032 21587 DEBUG    [tempest_lib.common.rest_client] Request - Headers: {'Content-Type': 'application/json', 'Accept': 'application/json', 'X-Auth-Token': '&lt;omitted&gt;'}
        Body: None
    Response - Headers: {'status': '200', 'content-length': '1903', 'content-location': 'http://10.0.2.15:8774/v2.1/ce2ff87fe2c04ece8a056833951762bf/servers/4482dcff-163b-43c8-8ef6-fe42be72ee4e', 'x-compute-request-id': 'req-f26f9084-55d0-43d0-a891-edffe37ee9ce', 'vary': 'X-OpenStack-Nova-API-Version', 'connection': 'close', 'x-openstack-nova-api-version': '2.1', 'date': 'Tue, 22 Dec 2015 05:01:02 GMT', 'content-type': 'application/json'}
        Body: {"server": {"status": "ACTIVE", "updated": "2015-12-22T05:01:01Z", "hostId": "4b8504875ba7aa415614cbe969b91ae0443dadee9701b6e4533331f8", "addresses": {"tempest-network-smoke--710136838": [{"OS-EXT-IPS-MAC:mac_addr": "fa:16:3e:09:af:74", "version": 6, "addr": "2003::f816:3eff:fe09:af74", "OS-EXT-IPS:type": "fixed"}, {"OS-EXT-IPS-MAC:mac_addr": "fa:16:3e:09:af:74", "version": 4, "addr": "10.100.0.3", "OS-EXT-IPS:type": "fixed"}, {"OS-EXT-IPS-MAC:mac_addr": "fa:16:3e:09:af:74", "version": 4, "addr": "172.24.4.4", "OS-EXT-IPS:type": "floating"}]}, "links": [{"href": "http://10.0.2.15:8774/v2.1/ce2ff87fe2c04ece8a056833951762bf/servers/4482dcff-163b-43c8-8ef6-fe42be72ee4e", "rel": "self"}, {"href": "http://10.0.2.15:8774/ce2ff87fe2c04ece8a056833951762bf/servers/4482dcff-163b-43c8-8ef6-fe42be72ee4e", "rel": "bookmark"}], "key_name": "tempest-TestGettingAddress-1949888086", "image": {"id": "54144dbc-818d-4932-a3ab-2b154bcadcfa", "links": [{"href": "http://10.0.2.15:8774/ce2ff87fe2c04ece8a056833951762bf/images/54144dbc-818d-4932-a3ab-2b154bcadcfa", "rel": "bookmark"}]}, "OS-EXT-STS:task_state": "deleting", "OS-EXT-STS:vm_state": "active", "OS-SRV-USG:launched_at": "2015-12-22T04:55:55.000000", "flavor": {"id": "42", "links": [{"href": "http://10.0.2.15:8774/ce2ff87fe2c04ece8a056833951762bf/flavors/42", "rel": "bookmark"}]}, "id": "4482dcff-163b-43c8-8ef6-fe42be72ee4e", "security_groups": [{"name": "tempest-secgroup-smoke-731448884"}], "OS-SRV-USG:terminated_at": null, "OS-EXT-AZ:availability_zone": "nova", "user_id": "a85763dcd3cd43dfb169b81cfd3074e7", "name": "tempest.common.compute-instance-1914813584", "created": "2015-12-22T04:55:51Z", "tenant_id": "ce2ff87fe2c04ece8a056833951762bf", "OS-DCF:diskConfig": "MANUAL", "os-extended-volumes:volumes_attached": [], "accessIPv4": "", "accessIPv6": "", "progress": 0, "OS-EXT-STS:power_state": 1, "config_drive": "True", "metadata": {}}}
2015-12-22 05:01:03,167 21587 INFO     [tempest_lib.common.rest_client] Request (TestGettingAddress:_run_cleanups): 200 GET http://10.0.2.15:8774/v2.1/ce2ff87fe2c04ece8a056833951762bf/servers/4482dcff-163b-43c8-8ef6-fe42be72ee4e 0.119s
2015-12-22 05:01:03,168 21587 DEBUG    [tempest_lib.common.rest_client] Request - Headers: {'Content-Type': 'application/json', 'Accept': 'application/json', 'X-Auth-Token': '&lt;omitted&gt;'}
        Body: None
    Response - Headers: {'status': '200', 'content-length': '1836', 'content-location': 'http://10.0.2.15:8774/v2.1/ce2ff87fe2c04ece8a056833951762bf/servers/4482dcff-163b-43c8-8ef6-fe42be72ee4e', 'x-compute-request-id': 'req-a9d13b3a-457d-4d55-8073-6b0230afba42', 'vary': 'X-OpenStack-Nova-API-Version', 'connection': 'close', 'x-openstack-nova-api-version': '2.1', 'date': 'Tue, 22 Dec 2015 05:01:03 GMT', 'content-type': 'application/json'}
        Body: {"server": {"status": "ACTIVE", "updated": "2015-12-22T05:01:02Z", "hostId": "4b8504875ba7aa415614cbe969b91ae0443dadee9701b6e4533331f8", "addresses": {"tempest-network-smoke--710136838": [{"OS-EXT-IPS-MAC:mac_addr": "fa:16:3e:09:af:74", "version": 6, "addr": "2003::f816:3eff:fe09:af74", "OS-EXT-IPS:type": "fixed"}, {"OS-EXT-IPS-MAC:mac_addr": "fa:16:3e:09:af:74", "version": 4, "addr": "10.100.0.3", "OS-EXT-IPS:type": "fixed"}, {"OS-EXT-IPS-MAC:mac_addr": "fa:16:3e:09:af:74", "version": 4, "addr": "172.24.4.4", "OS-EXT-IPS:type": "floating"}]}, "links": [{"href": "http://10.0.2.15:8774/v2.1/ce2ff87fe2c04ece8a056833951762bf/servers/4482dcff-163b-43c8-8ef6-fe42be72ee4e", "rel": "self"}, {"href": "http://10.0.2.15:8774/ce2ff87fe2c04ece8a056833951762bf/servers/4482dcff-163b-43c8-8ef6-fe42be72ee4e", "rel": "bookmark"}], "key_name": "tempest-TestGettingAddress-1949888086", "image": {"id": "54144dbc-818d-4932-a3ab-2b154bcadcfa", "links": [{"href": "http://10.0.2.15:8774/ce2ff87fe2c04ece8a056833951762bf/images/54144dbc-818d-4932-a3ab-2b154bcadcfa", "rel": "bookmark"}]}, "OS-EXT-STS:task_state": "deleting", "OS-EXT-STS:vm_state": "active", "OS-SRV-USG:launched_at": "2015-12-22T04:55:55.000000", "flavor": {"id": "42", "links": [{"href": "http://10.0.2.15:8774/ce2ff87fe2c04ece8a056833951762bf/flavors/42", "rel": "bookmark"}]}, "id": "4482dcff-163b-43c8-8ef6-fe42be72ee4e", "OS-SRV-USG:terminated_at": null, "OS-EXT-AZ:availability_zone": "nova", "user_id": "a85763dcd3cd43dfb169b81cfd3074e7", "name": "tempest.common.compute-instance-1914813584", "created": "2015-12-22T04:55:51Z", "tenant_id": "ce2ff87fe2c04ece8a056833951762bf", "OS-DCF:diskConfig": "MANUAL", "os-extended-volumes:volumes_attached": [], "accessIPv4": "", "accessIPv6": "", "progress": 0, "OS-EXT-STS:power_state": 1, "config_drive": "True", "metadata": {}}}
2015-12-22 05:01:04,260 21587 INFO     [tempest_lib.common.rest_client] Request (TestGettingAddress:_run_cleanups): 404 GET http://10.0.2.15:8774/v2.1/ce2ff87fe2c04ece8a056833951762bf/servers/4482dcff-163b-43c8-8ef6-fe42be72ee4e 0.079s
2015-12-22 05:01:04,261 21587 DEBUG    [tempest_lib.common.rest_client] Request - Headers: {'Content-Type': 'application/json', 'Accept': 'application/json', 'X-Auth-Token': '&lt;omitted&gt;'}
        Body: None
    Response - Headers: {'status': '404', 'content-length': '111', 'x-compute-request-id': 'req-11c759c3-db50-4087-bde0-76ba35dadff5', 'vary': 'X-OpenStack-Nova-API-Version', 'connection': 'close', 'x-openstack-nova-api-version': '2.1', 'date': 'Tue, 22 Dec 2015 05:01:04 GMT', 'content-type': 'application/json; charset=UTF-8'}
        Body: {"itemNotFound": {"message": "Instance 4482dcff-163b-43c8-8ef6-fe42be72ee4e could not be found.", "code": 404}}
2015-12-22 05:01:04,669 21587 INFO     [tempest_lib.common.rest_client] Request (TestGettingAddress:_run_cleanups): 200 PUT http://10.0.2.15:9696/v2.0/routers/f3f94723-9e83-4ae9-a59a-83c7691119a2/remove_router_interface 0.407s
2015-12-22 05:01:04,670 21587 DEBUG    [tempest_lib.common.rest_client] Request - Headers: {'Content-Type': 'application/json', 'Accept': 'application/json', 'X-Auth-Token': '&lt;omitted&gt;'}
        Body: {"subnet_id": "9b791b4a-acdd-4332-9489-0cd4a6608952"}
    Response - Headers: {'status': '200', 'content-length': '255', 'connection': 'close', 'date': 'Tue, 22 Dec 2015 05:01:04 GMT', 'content-type': 'application/json; charset=UTF-8', 'x-openstack-request-id': 'req-91ad3403-d30e-45d0-a801-d37e64f5ade5'}
        Body: {"subnet_id": "9b791b4a-acdd-4332-9489-0cd4a6608952", "tenant_id": "ce2ff87fe2c04ece8a056833951762bf", "subnet_ids": ["9b791b4a-acdd-4332-9489-0cd4a6608952"], "port_id": "a2a25f82-002d-4b2d-b558-53c1dab44e9a", "id": "f3f94723-9e83-4ae9-a59a-83c7691119a2"}
2015-12-22 05:01:05,217 21587 INFO     [tempest_lib.common.rest_client] Request (TestGettingAddress:_run_cleanups): 204 DELETE http://10.0.2.15:9696/v2.0/subnets/9b791b4a-acdd-4332-9489-0cd4a6608952 0.546s
2015-12-22 05:01:05,217 21587 DEBUG    [tempest_lib.common.rest_client] Request - Headers: {'Content-Type': 'application/json', 'Accept': 'application/json', 'X-Auth-Token': '&lt;omitted&gt;'}
        Body: None
    Response - Headers: {'date': 'Tue, 22 Dec 2015 05:01:05 GMT', 'status': '204', 'connection': 'close', 'content-length': '0', 'x-openstack-request-id': 'req-27198874-b080-42e1-8918-7b87931028af'}
