<?xml version="1.0" encoding="UTF-8"?>
<!DOCTYPE html PUBLIC "-//W3C//DTD XHTML 1.0 Strict//EN"
     "http://www.w3.org/TR/xhtml1/DTD/xhtml1-strict.dtd">
<html xmlns="http://www.w3.org/1999/xhtml">
<head>
    <title>Unit Test Report</title>
    <meta name="generator" content="subunit2html 0.1"/>
    <meta http-equiv="Content-Type" content="text/html; charset=UTF-8"/>
    
<style type="text/css" media="screen">
body        { font-family: verdana, arial, helvetica, sans-serif;
    font-size: 80%; }
table       { font-size: 100%; width: 100%;}
pre         { font-size: 80%; }

/* -- heading -------------------------------------------------------------- */
h1 {
        font-size: 16pt;
        color: gray;
}
.heading {
    margin-top: 0ex;
    margin-bottom: 1ex;
}

.heading .attribute {
    margin-top: 1ex;
    margin-bottom: 0;
}

.heading .description {
    margin-top: 4ex;
    margin-bottom: 6ex;
}

/* -- css div popup -------------------------------------------------------- */
a.popup_link {
}

a.popup_link:hover {
    color: red;
}

.popup_window {
    display: none;
    overflow-x: scroll;
    /*border: solid #627173 1px; */
    padding: 10px;
    background-color: #E6E6D6;
    font-family: "Ubuntu Mono", "Lucida Console", "Courier New", monospace;
    text-align: left;
    font-size: 8pt;
}

}
/* -- report --------------------------------------------------------------- */
#show_detail_line {
    margin-top: 3ex;
    margin-bottom: 1ex;
}
#result_table {
    width: 100%;
    border-collapse: collapse;
    border: 1px solid #777;
}
#header_row {
    font-weight: bold;
    color: white;
    background-color: #777;
}
#result_table td {
    border: 1px solid #777;
    padding: 2px;
}
#total_row  { font-weight: bold; }
.passClass  { background-color: #6c6; }
.failClass  { background-color: #c60; }
.errorClass { background-color: #c00; }
.passCase   { color: #6c6; }
.failCase   { color: #c60; font-weight: bold; }
.errorCase  { color: #c00; font-weight: bold; }
.hiddenRow  { display: none; }
.testcase   { margin-left: 2em; }
td.testname {width: 40%}
td.small {width: 40px}

/* -- ending --------------------------------------------------------------- */
#ending {
}

</style>

</head>
<body>
<script language="javascript" type="text/javascript"><!--
output_list = Array();

/* level - 0:Summary; 1:Failed; 2:All */
function showCase(level) {
    trs = document.getElementsByTagName("tr");
    for (var i = 0; i < trs.length; i++) {
        tr = trs[i];
        id = tr.id;
        if (id.substr(0,2) == 'ft') {
            if (level < 1) {
                tr.className = 'hiddenRow';
            }
            else {
                tr.className = '';
            }
        }
        if (id.substr(0,2) == 'pt') {
            if (level > 1) {
                tr.className = '';
            }
            else {
                tr.className = 'hiddenRow';
            }
        }
    }
}


function showClassDetail(cid, count) {
    var id_list = Array(count);
    var toHide = 1;
    for (var i = 0; i < count; i++) {
        tid0 = 't' + cid.substr(1) + '.' + (i+1);
        tid = 'f' + tid0;
        tr = document.getElementById(tid);
        if (!tr) {
            tid = 'p' + tid0;
            tr = document.getElementById(tid);
        }
        id_list[i] = tid;
        if (tr.className) {
            toHide = 0;
        }
    }
    for (var i = 0; i < count; i++) {
        tid = id_list[i];
        if (toHide) {
            document.getElementById('div_'+tid).style.display = 'none'
            document.getElementById(tid).className = 'hiddenRow';
        }
        else {
            document.getElementById(tid).className = '';
        }
    }
}


function showTestDetail(div_id){
    var details_div = document.getElementById(div_id)
    var displayState = details_div.style.display
    // alert(displayState)
    if (displayState != 'block' ) {
        displayState = 'block'
        details_div.style.display = 'block'
    }
    else {
        details_div.style.display = 'none'
    }
}


function html_escape(s) {
    s = s.replace(/&/g,'&amp;');
    s = s.replace(/</g,'&lt;');
    s = s.replace(/>/g,'&gt;');
    return s;
}

/* obsoleted by detail in <div>
function showOutput(id, name) {
    var w = window.open("", //url
                    name,
                    "resizable,scrollbars,status,width=800,height=450");
    d = w.document;
    d.write("<pre>");
    d.write(html_escape(output_list[id]));
    d.write("\n");
    d.write("<a href='javascript:window.close()'>close</a>\n");
    d.write("</pre>\n");
    d.close();
}
*/
--></script>

<div class='heading'>
<h1>Unit Test Report</h1>

<p class='attribute'><strong>Status:</strong> Failure 8</p>

<p class='description'></p>
</div>



<p id='show_detail_line'>Show
<a href='javascript:showCase(0)'>Summary</a>
<a href='javascript:showCase(1)'>Failed</a>
<a href='javascript:showCase(2)'>All</a>
</p>
<table id='result_table'>
<colgroup>
<col align='left' />
<col align='right' />
<col align='right' />
<col align='right' />
<col align='right' />
<col align='right' />
<col align='right' />
<col align='right' />
</colgroup>
<tr id='header_row'>
    <td>Test Group/Test case</td>
    <td>Count</td>
    <td>Pass</td>
    <td>Fail</td>
    <td>Error</td>
    <td>Skip</td>
    <td>View</td>
    <td> </td>
</tr>

<tr class='failClass'>
    <td class="testname">tempest.scenario.test_network_v6.TestGettingAddress</td>
    <td class="small">8</td>
    <td class="small">0</td>
    <td class="small">8</td>
    <td class="small">0</td>
    <td class="small">0</td>
    <td class="small"><a href="javascript:showClassDetail('c1',8)"
>Detail</a></td>
    <td> </td>
</tr>

<tr id='ft1.1' class='none'>
    <td class='failCase'><div class='testcase'>test_dhcp6_stateless_from_os[compute,id-d7e1f858-187c-45a6-89c9-bdafde619a9f,network]</div></td>
    <td colspan='7' align='left'>

    <!--css div popup start-->
    <a class="popup_link" onfocus='this.blur();'
    href="javascript:showTestDetail('div_ft1.1')" >
        fail</a>

    <div id='div_ft1.1' class="popup_window">
        <div style='text-align: right; color:red;cursor:pointer'>
        <a onfocus='this.blur();'
onclick="document.getElementById('div_ft1.1').style.display = 'none' " >
           [x]</a>
        </div>
        <pre>
        
ft1.1: tempest.scenario.test_network_v6.TestGettingAddress.test_dhcp6_stateless_from_os[compute,id-d7e1f858-187c-45a6-89c9-bdafde619a9f,network]_StringException: Empty attachments:
  stderr
  stdout

pythonlogging:'': {{{
2016-01-05 22:27:02,706 6324 INFO     [tempest_lib.common.rest_client] Request (TestGettingAddress:setUp): 200 POST http://10.0.2.15:8774/v2.1/1004dbe7b6f3486c95cc4e3c5f9c600d/os-keypairs 0.310s
2016-01-05 22:27:02,706 6324 DEBUG    [tempest_lib.common.rest_client] Request - Headers: {'Content-Type': 'application/json', 'Accept': 'application/json', 'X-Auth-Token': '&lt;omitted&gt;'}
        Body: {"keypair": {"name": "tempest-TestGettingAddress-194780669"}}
    Response - Headers: {'status': '200', 'content-length': '2319', 'x-compute-request-id': 'req-30c0179a-4451-4b2e-be0f-e707f89251e2', 'vary': 'X-OpenStack-Nova-API-Version', 'connection': 'close', 'x-openstack-nova-api-version': '2.1', 'date': 'Tue, 05 Jan 2016 22:27:02 GMT', 'content-type': 'application/json'}
        Body: {"keypair": {"public_key": "ssh-rsa AAAAB3NzaC1yc2EAAAADAQABAAABAQCtHJuF7j+nXEINOWAwsHn/TfvEZeqdeivf7uWf7mwxQjP1SL0nuCNWiSkEpskKBObnFFsSg45viAfqPT/2mB0KGSWKJDv4N6z3ucxIoWD9RXDbYt0q+t4svrYXeOTMWTqxkdT1seGtwwQB51cR3BQxzd+y+qCDl6Pd66i9hnnTclvoUCtABTyUOeAW7et8ihhVW3B+QcfLhCyJhRpQ07vNR1J6XoWO4JJLiCEA13QCpBkgARG3FB8P3a4E+ZVbThCrBs0IfUMtEybdbSgzP0SCSIToaAlqh7uLLoE7o+v+9FFY/WZK427HEJaDSI6Z9bvRzrO2+CWblN975yjtTZWJ Generated-by-Nova", "private_key": "-----BEGIN RSA PRIVATE KEY-----\nMIIEqQIBAAKCAQEArRybhe4/p1xCDTlgMLB5/037xGXqnXor3+7ln+5sMUIz9Ui9\nJ7gjVokpBKbJCgTm5xRbEoOOb4gH6j0/9pgdChkliiQ7+Des97nMSKFg/UVw22Ld\nKvreLL62F3jkzFk6sZHU9bHhrcMEAedXEdwUMc3fsvqgg5ej3euovYZ503Jb6FAr\nQAU8lDngFu3rfIoYVVtwfkHHy4QsiYUaUNO7zUdSel6FjuCSS4ghANd0AqQZIAER\ntxQfD92uBPmVW04QqwbNCH1DLRMm3W0oMz9EgkiE6GgJaoe7iy6BO6Pr/vRRWP1m\nSuNuxxCWg0iOmfW70c6ztvglm5Tfe+co7U2ViQIDAQABAoIBAG7r+rdJnt3VHrms\nfvcTzUgKpv0ENN3s73oQcHAW7Jpvii1sC1ANDA+h2XeSixTxaSa+A1EMnNLYPgIY\ndwjCFTFoRYaLiyWUPy+IjN4pEaWXviXE5mRo1L2lAbZuj2Rk9FfdUrCP50RYxhOW\nMVNPSl1TRjg/oWRQYP6MxtWR+jPCbpgvHT5Dcrm3NoEkn4iD94h9o4eROuu3W8fi\nvnI7mtW6Xi9XWrB9pbg/x4BLjZCyJLgNoU850QNDXV++RN52O/ZgxbpKZjtClEwO\n6prROm/e/pYvN1M89y1+vfWQ6SjH2pcSG/IlPxViiWDg7ABp6Nvy1AkFgH4C8Yj2\nkp2G7QECggCBALvGsw8NVn4AxGuK9C8Yg/GLinRHtaqbPp1XfqmVvP65DjfyWGnl\nVcQxdmPDLGqgErlea6N4HLWZpWrcdLcickMNtRIx1+/I2PzljXlF2nJbPp7HdrIB\nsIf0oIP2HgF6pBEcOSFh1fyd8l0jrPsGuzMzRuGTm6s+bW92v+iFwp8hAoIAgQDs\nAfOYWIxeI2wXDv1GEVNGYeeXCdOgTp+OKeVJclqmg8Vlsy6a8/glbmn9eHdVzmA0\nieRuBwIXVSOig+Xfv3Bap1r1e+obSi3XCwoBbGd6MfRVbUmOpqk1doNim5QgzL40\n8QQ2ctCDMh/iPLePGsFImnXM6JDROe1fnyyuCGUxaQKCAIEAhR0v9Hy1EvACTmac\nAgL0DjiotxPa0g3pzmqnLRssdrrDPJ/9U1yzdzjFP6WtiAzgGS65SZItcANyw5Vy\n3Bx8OdKuyS4ycRbF1En7B7ygRi8u7ipil4AhH9AoNkQ0M0I4qrSCP4r2wnVJygMv\nbmjwLjSsi98zHKtNsxXQp8qjFGECggCAZt665Q7DsEzUUoCwGRh4KdeG8KjR27Ap\nj/fm/0qfBLGvGxMtH1F0OiyUem1F5trbyErKjML1QGJV9AJ18j8po/oKhbILavW8\nYV1ocRJlUDfx/kJyq4EthCYyQor52AomZkEfyvPkuyrgBubcQ74vvYvGCRjd9rS/\nKMzi1sDGCvECggCBAKrNaId0mFKitohYFkR5wth1YaApSs/iBG9ESNr94rnmMqNh\nOzjNwYm/9beltE8IQMHGD155y1iwc1vC+182gnfHudHAmBKCxkHJ49I6RTJAcBVv\nT/J7nSkXDASf2TMS3pz4ZgSyqLrlzpjaixRU1xhqDIjMDxhpZg/1Lz4YBIkw\n-----END RSA PRIVATE KEY-----\n", "user_id": "ac5cc14971be45e98c336bd72185c9fa", "name": "tempest-TestGettingAddress-194780669", "fingerprint": "be:58:0c:c2:2a:7e:08:0b:54:a4:60:b7:94:09:af:03"}}
2016-01-05 22:27:03,095 6324 INFO     [tempest_lib.common.rest_client] Request (TestGettingAddress:setUp): 201 POST http://10.0.2.15:9696/v2.0/security-groups 0.386s
2016-01-05 22:27:03,095 6324 DEBUG    [tempest_lib.common.rest_client] Request - Headers: {'Content-Type': 'application/json', 'Accept': 'application/json', 'X-Auth-Token': '&lt;omitted&gt;'}
        Body: {"security_group": {"tenant_id": "1004dbe7b6f3486c95cc4e3c5f9c600d", "description": "tempest-secgroup-smoke-458258103 description", "name": "tempest-secgroup-smoke-458258103"}}
    Response - Headers: {'status': '201', 'content-length': '886', 'connection': 'close', 'date': 'Tue, 05 Jan 2016 22:27:03 GMT', 'content-type': 'application/json; charset=UTF-8', 'x-openstack-request-id': 'req-dd9a4d71-815c-4d49-b9d9-812744dd2705'}
        Body: {"security_group": {"tenant_id": "1004dbe7b6f3486c95cc4e3c5f9c600d", "description": "tempest-secgroup-smoke-458258103 description", "id": "db11641a-e0b1-459f-ba1a-c80ed2c48152", "security_group_rules": [{"remote_group_id": null, "direction": "egress", "remote_ip_prefix": null, "protocol": null, "ethertype": "IPv4", "tenant_id": "1004dbe7b6f3486c95cc4e3c5f9c600d", "port_range_max": null, "port_range_min": null, "id": "772e7b29-3bbd-4917-855d-1cea0cf32fb9", "security_group_id": "db11641a-e0b1-459f-ba1a-c80ed2c48152"}, {"remote_group_id": null, "direction": "egress", "remote_ip_prefix": null, "protocol": null, "ethertype": "IPv6", "tenant_id": "1004dbe7b6f3486c95cc4e3c5f9c600d", "port_range_max": null, "port_range_min": null, "id": "a1a1b0b8-5be9-4d6f-b526-c1ecfd50c5dc", "security_group_id": "db11641a-e0b1-459f-ba1a-c80ed2c48152"}], "name": "tempest-secgroup-smoke-458258103"}}
2016-01-05 22:27:03,363 6324 INFO     [tempest_lib.common.rest_client] Request (TestGettingAddress:setUp): 201 POST http://10.0.2.15:9696/v2.0/security-group-rules 0.267s
2016-01-05 22:27:03,364 6324 DEBUG    [tempest_lib.common.rest_client] Request - Headers: {'Content-Type': 'application/json', 'Accept': 'application/json', 'X-Auth-Token': '&lt;omitted&gt;'}
        Body: {"security_group_rule": {"direction": "ingress", "protocol": "tcp", "tenant_id": "1004dbe7b6f3486c95cc4e3c5f9c600d", "port_range_max": 22, "security_group_id": "db11641a-e0b1-459f-ba1a-c80ed2c48152", "port_range_min": 22}}
    Response - Headers: {'status': '201', 'content-length': '340', 'connection': 'close', 'date': 'Tue, 05 Jan 2016 22:27:03 GMT', 'content-type': 'application/json; charset=UTF-8', 'x-openstack-request-id': 'req-e992768b-148e-4b81-a703-9a06b364745c'}
        Body: {"security_group_rule": {"remote_group_id": null, "direction": "ingress", "remote_ip_prefix": null, "protocol": "tcp", "ethertype": "IPv4", "tenant_id": "1004dbe7b6f3486c95cc4e3c5f9c600d", "port_range_max": 22, "port_range_min": 22, "id": "f18a9316-35fe-4e30-8f58-f6a8ea8221ed", "security_group_id": "db11641a-e0b1-459f-ba1a-c80ed2c48152"}}
2016-01-05 22:27:03,502 6324 INFO     [tempest_lib.common.rest_client] Request (TestGettingAddress:setUp): 201 POST http://10.0.2.15:9696/v2.0/security-group-rules 0.137s
2016-01-05 22:27:03,503 6324 DEBUG    [tempest_lib.common.rest_client] Request - Headers: {'Content-Type': 'application/json', 'Accept': 'application/json', 'X-Auth-Token': '&lt;omitted&gt;'}
        Body: {"security_group_rule": {"direction": "egress", "protocol": "tcp", "tenant_id": "1004dbe7b6f3486c95cc4e3c5f9c600d", "port_range_max": 22, "security_group_id": "db11641a-e0b1-459f-ba1a-c80ed2c48152", "port_range_min": 22}}
    Response - Headers: {'status': '201', 'content-length': '339', 'connection': 'close', 'date': 'Tue, 05 Jan 2016 22:27:03 GMT', 'content-type': 'application/json; charset=UTF-8', 'x-openstack-request-id': 'req-69ad340e-69ac-428b-97e8-b70b2463d65a'}
        Body: {"security_group_rule": {"remote_group_id": null, "direction": "egress", "remote_ip_prefix": null, "protocol": "tcp", "ethertype": "IPv4", "tenant_id": "1004dbe7b6f3486c95cc4e3c5f9c600d", "port_range_max": 22, "port_range_min": 22, "id": "aa31ae7b-5ef0-4e11-bf87-3fddf16e93aa", "security_group_id": "db11641a-e0b1-459f-ba1a-c80ed2c48152"}}
2016-01-05 22:27:03,619 6324 INFO     [tempest_lib.common.rest_client] Request (TestGettingAddress:setUp): 201 POST http://10.0.2.15:9696/v2.0/security-group-rules 0.114s
2016-01-05 22:27:03,619 6324 DEBUG    [tempest_lib.common.rest_client] Request - Headers: {'Content-Type': 'application/json', 'Accept': 'application/json', 'X-Auth-Token': '&lt;omitted&gt;'}
        Body: {"security_group_rule": {"tenant_id": "1004dbe7b6f3486c95cc4e3c5f9c600d", "direction": "ingress", "protocol": "icmp", "security_group_id": "db11641a-e0b1-459f-ba1a-c80ed2c48152"}}
    Response - Headers: {'status': '201', 'content-length': '345', 'connection': 'close', 'date': 'Tue, 05 Jan 2016 22:27:03 GMT', 'content-type': 'application/json; charset=UTF-8', 'x-openstack-request-id': 'req-ecdcbbbf-5df4-4834-8ef0-624ff21620df'}
        Body: {"security_group_rule": {"remote_group_id": null, "direction": "ingress", "remote_ip_prefix": null, "protocol": "icmp", "ethertype": "IPv4", "tenant_id": "1004dbe7b6f3486c95cc4e3c5f9c600d", "port_range_max": null, "port_range_min": null, "id": "13cb86c9-00fa-49be-b77a-fd6b1f4b1d8d", "security_group_id": "db11641a-e0b1-459f-ba1a-c80ed2c48152"}}
2016-01-05 22:27:03,739 6324 INFO     [tempest_lib.common.rest_client] Request (TestGettingAddress:setUp): 201 POST http://10.0.2.15:9696/v2.0/security-group-rules 0.118s
2016-01-05 22:27:03,740 6324 DEBUG    [tempest_lib.common.rest_client] Request - Headers: {'Content-Type': 'application/json', 'Accept': 'application/json', 'X-Auth-Token': '&lt;omitted&gt;'}
        Body: {"security_group_rule": {"tenant_id": "1004dbe7b6f3486c95cc4e3c5f9c600d", "direction": "egress", "protocol": "icmp", "security_group_id": "db11641a-e0b1-459f-ba1a-c80ed2c48152"}}
    Response - Headers: {'status': '201', 'content-length': '344', 'connection': 'close', 'date': 'Tue, 05 Jan 2016 22:27:03 GMT', 'content-type': 'application/json; charset=UTF-8', 'x-openstack-request-id': 'req-d5ea976d-423c-4d5b-8adc-b9b2cc22ba84'}
        Body: {"security_group_rule": {"remote_group_id": null, "direction": "egress", "remote_ip_prefix": null, "protocol": "icmp", "ethertype": "IPv4", "tenant_id": "1004dbe7b6f3486c95cc4e3c5f9c600d", "port_range_max": null, "port_range_min": null, "id": "ed0077cd-05d5-4b8f-a92d-027c64859ff8", "security_group_id": "db11641a-e0b1-459f-ba1a-c80ed2c48152"}}
2016-01-05 22:27:03,871 6324 INFO     [tempest_lib.common.rest_client] Request (TestGettingAddress:setUp): 201 POST http://10.0.2.15:9696/v2.0/security-group-rules 0.129s
2016-01-05 22:27:03,871 6324 DEBUG    [tempest_lib.common.rest_client] Request - Headers: {'Content-Type': 'application/json', 'Accept': 'application/json', 'X-Auth-Token': '&lt;omitted&gt;'}
        Body: {"security_group_rule": {"tenant_id": "1004dbe7b6f3486c95cc4e3c5f9c600d", "direction": "ingress", "security_group_id": "db11641a-e0b1-459f-ba1a-c80ed2c48152", "protocol": "icmp", "ethertype": "IPv6"}}
    Response - Headers: {'status': '201', 'content-length': '345', 'connection': 'close', 'date': 'Tue, 05 Jan 2016 22:27:03 GMT', 'content-type': 'application/json; charset=UTF-8', 'x-openstack-request-id': 'req-1ccb57f6-acdc-4b07-97ee-c3ae0d3a89b4'}
        Body: {"security_group_rule": {"remote_group_id": null, "direction": "ingress", "remote_ip_prefix": null, "protocol": "icmp", "ethertype": "IPv6", "tenant_id": "1004dbe7b6f3486c95cc4e3c5f9c600d", "port_range_max": null, "port_range_min": null, "id": "eca1a94e-ddd4-42c3-a003-91233124ff31", "security_group_id": "db11641a-e0b1-459f-ba1a-c80ed2c48152"}}
2016-01-05 22:27:04,008 6324 INFO     [tempest_lib.common.rest_client] Request (TestGettingAddress:setUp): 201 POST http://10.0.2.15:9696/v2.0/security-group-rules 0.135s
2016-01-05 22:27:04,009 6324 DEBUG    [tempest_lib.common.rest_client] Request - Headers: {'Content-Type': 'application/json', 'Accept': 'application/json', 'X-Auth-Token': '&lt;omitted&gt;'}
        Body: {"security_group_rule": {"tenant_id": "1004dbe7b6f3486c95cc4e3c5f9c600d", "direction": "egress", "security_group_id": "db11641a-e0b1-459f-ba1a-c80ed2c48152", "protocol": "icmp", "ethertype": "IPv6"}}
    Response - Headers: {'status': '201', 'content-length': '344', 'connection': 'close', 'date': 'Tue, 05 Jan 2016 22:27:04 GMT', 'content-type': 'application/json; charset=UTF-8', 'x-openstack-request-id': 'req-3eeb832c-8b35-44b8-88fb-9b188627e061'}
        Body: {"security_group_rule": {"remote_group_id": null, "direction": "egress", "remote_ip_prefix": null, "protocol": "icmp", "ethertype": "IPv6", "tenant_id": "1004dbe7b6f3486c95cc4e3c5f9c600d", "port_range_max": null, "port_range_min": null, "id": "5dbc60d3-4959-47e4-8811-3f460b09ad3d", "security_group_id": "db11641a-e0b1-459f-ba1a-c80ed2c48152"}}
2016-01-05 22:27:04,193 6324 INFO     [tempest_lib.common.rest_client] Request (TestGettingAddress:test_dhcp6_stateless_from_os): 201 POST http://10.0.2.15:9696/v2.0/networks 0.181s
2016-01-05 22:27:04,194 6324 DEBUG    [tempest_lib.common.rest_client] Request - Headers: {'Content-Type': 'application/json', 'Accept': 'application/json', 'X-Auth-Token': '&lt;omitted&gt;'}
        Body: {"network": {"tenant_id": "1004dbe7b6f3486c95cc4e3c5f9c600d", "name": "tempest-network-smoke--134840828"}}
    Response - Headers: {'status': '201', 'content-length': '326', 'connection': 'close', 'date': 'Tue, 05 Jan 2016 22:27:04 GMT', 'content-type': 'application/json; charset=UTF-8', 'x-openstack-request-id': 'req-0e88b760-c00c-4082-a0ed-0bd3c169cfe1'}
        Body: {"network": {"status": "ACTIVE", "subnets": [], "availability_zone_hints": [], "name": "tempest-network-smoke--134840828", "admin_state_up": true, "tenant_id": "1004dbe7b6f3486c95cc4e3c5f9c600d", "mtu": 0, "router:external": false, "shared": false, "port_security_enabled": true, "id": "ec9e804a-e1cf-43de-8e43-d14ec283fadb"}}
2016-01-05 22:27:04,362 6324 INFO     [tempest_lib.common.rest_client] Request (TestGettingAddress:test_dhcp6_stateless_from_os): 200 GET http://10.0.2.15:9696/v2.0/subnets?tenant_id=1004dbe7b6f3486c95cc4e3c5f9c600d&amp;cidr=10.100.0.0%2F28 0.166s
2016-01-05 22:27:04,362 6324 DEBUG    [tempest_lib.common.rest_client] Request - Headers: {'Content-Type': 'application/json', 'Accept': 'application/json', 'X-Auth-Token': '&lt;omitted&gt;'}
        Body: None
    Response - Headers: {'status': '200', 'content-length': '15', 'content-location': 'http://10.0.2.15:9696/v2.0/subnets?tenant_id=1004dbe7b6f3486c95cc4e3c5f9c600d&amp;cidr=10.100.0.0%2F28', 'connection': 'close', 'date': 'Tue, 05 Jan 2016 22:27:04 GMT', 'content-type': 'application/json; charset=UTF-8', 'x-openstack-request-id': 'req-18902a9f-69f3-49b8-adfa-d5872c009b9c'}
        Body: {"subnets": []}
2016-01-05 22:27:04,811 6324 INFO     [tempest_lib.common.rest_client] Request (TestGettingAddress:test_dhcp6_stateless_from_os): 201 POST http://10.0.2.15:9696/v2.0/subnets 0.447s
2016-01-05 22:27:04,811 6324 DEBUG    [tempest_lib.common.rest_client] Request - Headers: {'Content-Type': 'application/json', 'Accept': 'application/json', 'X-Auth-Token': '&lt;omitted&gt;'}
        Body: {"subnet": {"ip_version": 4, "tenant_id": "1004dbe7b6f3486c95cc4e3c5f9c600d", "cidr": "10.100.0.0/28", "network_id": "ec9e804a-e1cf-43de-8e43-d14ec283fadb", "name": "tempest-sub4-368166812"}}
    Response - Headers: {'status': '201', 'content-length': '469', 'connection': 'close', 'date': 'Tue, 05 Jan 2016 22:27:04 GMT', 'content-type': 'application/json; charset=UTF-8', 'x-openstack-request-id': 'req-9515c5d3-bf82-447d-b559-70926bbaab7b'}
        Body: {"subnet": {"name": "tempest-sub4-368166812", "enable_dhcp": true, "network_id": "ec9e804a-e1cf-43de-8e43-d14ec283fadb", "tenant_id": "1004dbe7b6f3486c95cc4e3c5f9c600d", "dns_nameservers": [], "gateway_ip": "10.100.0.1", "ipv6_ra_mode": null, "allocation_pools": [{"start": "10.100.0.2", "end": "10.100.0.14"}], "host_routes": [], "ip_version": 4, "ipv6_address_mode": null, "cidr": "10.100.0.0/28", "id": "d98f0041-dc79-402a-916f-3309e5f2ffae", "subnetpool_id": null}}
2016-01-05 22:27:04,884 6324 INFO     [tempest_lib.common.rest_client] Request (TestGettingAddress:test_dhcp6_stateless_from_os): 201 POST http://10.0.2.15:9696/v2.0/routers 0.072s
2016-01-05 22:27:04,885 6324 DEBUG    [tempest_lib.common.rest_client] Request - Headers: {'Content-Type': 'application/json', 'Accept': 'application/json', 'X-Auth-Token': '&lt;omitted&gt;'}
        Body: {"router": {"tenant_id": "1004dbe7b6f3486c95cc4e3c5f9c600d", "name": "tempest-router-smoke-109840138", "admin_state_up": true}}
    Response - Headers: {'status': '201', 'content-length': '295', 'connection': 'close', 'date': 'Tue, 05 Jan 2016 22:27:04 GMT', 'content-type': 'application/json; charset=UTF-8', 'x-openstack-request-id': 'req-1c97b77c-f827-4f7a-88aa-b7d0a4b33317'}
        Body: {"router": {"status": "ACTIVE", "external_gateway_info": null, "availability_zone_hints": [], "availability_zones": [], "name": "tempest-router-smoke-109840138", "admin_state_up": true, "tenant_id": "1004dbe7b6f3486c95cc4e3c5f9c600d", "routes": [], "id": "7f93a980-adc1-415a-a233-6ef59f124987"}}
2016-01-05 22:27:04,936 6324 INFO     [tempest_lib.common.rest_client] Request (TestGettingAddress:test_dhcp6_stateless_from_os): 200 GET http://10.0.2.15:9696/v2.0/routers/7f93a980-adc1-415a-a233-6ef59f124987 0.050s
2016-01-05 22:27:04,936 6324 DEBUG    [tempest_lib.common.rest_client] Request - Headers: {'Content-Type': 'application/json', 'Accept': 'application/json', 'X-Auth-Token': '&lt;omitted&gt;'}
        Body: None
    Response - Headers: {'status': '200', 'content-length': '295', 'content-location': 'http://10.0.2.15:9696/v2.0/routers/7f93a980-adc1-415a-a233-6ef59f124987', 'connection': 'close', 'date': 'Tue, 05 Jan 2016 22:27:04 GMT', 'content-type': 'application/json; charset=UTF-8', 'x-openstack-request-id': 'req-02d86d2f-874c-47ff-9950-140add484723'}
        Body: {"router": {"status": "ACTIVE", "external_gateway_info": null, "availability_zone_hints": [], "availability_zones": [], "name": "tempest-router-smoke-109840138", "admin_state_up": true, "tenant_id": "1004dbe7b6f3486c95cc4e3c5f9c600d", "routes": [], "id": "7f93a980-adc1-415a-a233-6ef59f124987"}}
2016-01-05 22:27:05,839 6324 INFO     [tempest_lib.common.rest_client] Request (TestGettingAddress:test_dhcp6_stateless_from_os): 200 PUT http://10.0.2.15:9696/v2.0/routers/7f93a980-adc1-415a-a233-6ef59f124987 0.902s
2016-01-05 22:27:05,840 6324 DEBUG    [tempest_lib.common.rest_client] Request - Headers: {'Content-Type': 'application/json', 'Accept': 'application/json', 'X-Auth-Token': '&lt;omitted&gt;'}
        Body: {"router": {"external_gateway_info": {"network_id": "b50c5953-7f97-4967-a377-58b24da5248d"}, "name": "tempest-router-smoke-109840138", "admin_state_up": true}}
    Response - Headers: {'status': '200', 'content-length': '557', 'connection': 'close', 'date': 'Tue, 05 Jan 2016 22:27:05 GMT', 'content-type': 'application/json; charset=UTF-8', 'x-openstack-request-id': 'req-c3ffbd06-4973-444a-b61e-a14f20c06f2c'}
        Body: {"router": {"status": "ACTIVE", "external_gateway_info": {"network_id": "b50c5953-7f97-4967-a377-58b24da5248d", "enable_snat": true, "external_fixed_ips": [{"subnet_id": "dff402ed-d271-47fc-9f40-7b8b0ff65dc3", "ip_address": "172.24.4.3"}, {"subnet_id": "31737988-64ae-4b99-bdcd-5cf48b534990", "ip_address": "2001:db8::3"}]}, "availability_zone_hints": [], "availability_zones": [], "name": "tempest-router-smoke-109840138", "admin_state_up": true, "tenant_id": "1004dbe7b6f3486c95cc4e3c5f9c600d", "routes": [], "id": "7f93a980-adc1-415a-a233-6ef59f124987"}}
2016-01-05 22:27:06,584 6324 INFO     [tempest_lib.common.rest_client] Request (TestGettingAddress:test_dhcp6_stateless_from_os): 200 PUT http://10.0.2.15:9696/v2.0/routers/7f93a980-adc1-415a-a233-6ef59f124987/add_router_interface 0.743s
2016-01-05 22:27:06,585 6324 DEBUG    [tempest_lib.common.rest_client] Request - Headers: {'Content-Type': 'application/json', 'Accept': 'application/json', 'X-Auth-Token': '&lt;omitted&gt;'}
        Body: {"subnet_id": "d98f0041-dc79-402a-916f-3309e5f2ffae"}
    Response - Headers: {'status': '200', 'content-length': '255', 'connection': 'close', 'date': 'Tue, 05 Jan 2016 22:27:06 GMT', 'content-type': 'application/json; charset=UTF-8', 'x-openstack-request-id': 'req-2015e981-4730-4acd-96d5-f7d7ffd010b3'}
        Body: {"subnet_id": "d98f0041-dc79-402a-916f-3309e5f2ffae", "tenant_id": "1004dbe7b6f3486c95cc4e3c5f9c600d", "subnet_ids": ["d98f0041-dc79-402a-916f-3309e5f2ffae"], "port_id": "2886afcc-266d-4839-bfbb-3de733ef4ec6", "id": "7f93a980-adc1-415a-a233-6ef59f124987"}
2016-01-05 22:27:06,795 6324 INFO     [tempest_lib.common.rest_client] Request (TestGettingAddress:test_dhcp6_stateless_from_os): 200 GET http://10.0.2.15:9696/v2.0/subnets?tenant_id=1004dbe7b6f3486c95cc4e3c5f9c600d&amp;cidr=2003%3A%3A%2F64 0.208s
2016-01-05 22:27:06,796 6324 DEBUG    [tempest_lib.common.rest_client] Request - Headers: {'Content-Type': 'application/json', 'Accept': 'application/json', 'X-Auth-Token': '&lt;omitted&gt;'}
        Body: None
    Response - Headers: {'status': '200', 'content-length': '15', 'content-location': 'http://10.0.2.15:9696/v2.0/subnets?tenant_id=1004dbe7b6f3486c95cc4e3c5f9c600d&amp;cidr=2003%3A%3A%2F64', 'connection': 'close', 'date': 'Tue, 05 Jan 2016 22:27:06 GMT', 'content-type': 'application/json; charset=UTF-8', 'x-openstack-request-id': 'req-2c994c58-7fb3-4850-84df-12195e72d231'}
        Body: {"subnets": []}
2016-01-05 22:27:07,222 6324 INFO     [tempest_lib.common.rest_client] Request (TestGettingAddress:test_dhcp6_stateless_from_os): 201 POST http://10.0.2.15:9696/v2.0/subnets 0.424s
2016-01-05 22:27:07,223 6324 DEBUG    [tempest_lib.common.rest_client] Request - Headers: {'Content-Type': 'application/json', 'Accept': 'application/json', 'X-Auth-Token': '&lt;omitted&gt;'}
        Body: {"subnet": {"name": "tempest-sub6-560441817", "network_id": "ec9e804a-e1cf-43de-8e43-d14ec283fadb", "tenant_id": "1004dbe7b6f3486c95cc4e3c5f9c600d", "ipv6_ra_mode": "dhcpv6-stateless", "ip_version": 6, "ipv6_address_mode": "dhcpv6-stateless", "cidr": "2003::/64"}}
    Response - Headers: {'status': '201', 'content-length': '501', 'connection': 'close', 'date': 'Tue, 05 Jan 2016 22:27:07 GMT', 'content-type': 'application/json; charset=UTF-8', 'x-openstack-request-id': 'req-77363b91-071e-49d0-8109-c7a5811ae197'}
        Body: {"subnet": {"name": "tempest-sub6-560441817", "enable_dhcp": true, "network_id": "ec9e804a-e1cf-43de-8e43-d14ec283fadb", "tenant_id": "1004dbe7b6f3486c95cc4e3c5f9c600d", "dns_nameservers": [], "gateway_ip": "2003::1", "ipv6_ra_mode": "dhcpv6-stateless", "allocation_pools": [{"start": "2003::2", "end": "2003::ffff:ffff:ffff:ffff"}], "host_routes": [], "ip_version": 6, "ipv6_address_mode": "dhcpv6-stateless", "cidr": "2003::/64", "id": "10d3d67e-1052-43d6-af7d-7a26e32a5986", "subnetpool_id": null}}
2016-01-05 22:27:08,028 6324 INFO     [tempest_lib.common.rest_client] Request (TestGettingAddress:test_dhcp6_stateless_from_os): 200 PUT http://10.0.2.15:9696/v2.0/routers/7f93a980-adc1-415a-a233-6ef59f124987/add_router_interface 0.803s
2016-01-05 22:27:08,028 6324 DEBUG    [tempest_lib.common.rest_client] Request - Headers: {'Content-Type': 'application/json', 'Accept': 'application/json', 'X-Auth-Token': '&lt;omitted&gt;'}
        Body: {"subnet_id": "10d3d67e-1052-43d6-af7d-7a26e32a5986"}
    Response - Headers: {'status': '200', 'content-length': '255', 'connection': 'close', 'date': 'Tue, 05 Jan 2016 22:27:08 GMT', 'content-type': 'application/json; charset=UTF-8', 'x-openstack-request-id': 'req-a47b7573-751c-4c96-a331-42a04c8159e1'}
        Body: {"subnet_id": "10d3d67e-1052-43d6-af7d-7a26e32a5986", "tenant_id": "1004dbe7b6f3486c95cc4e3c5f9c600d", "subnet_ids": ["10d3d67e-1052-43d6-af7d-7a26e32a5986"], "port_id": "c89101d7-5656-42b7-9221-6661bc0d6f54", "id": "7f93a980-adc1-415a-a233-6ef59f124987"}
2016-01-05 22:27:08,130 6324 INFO     [tempest_lib.common.rest_client] Request (TestGettingAddress:test_dhcp6_stateless_from_os): 200 POST http://10.0.2.15:5000/v2.0/tokens
2016-01-05 22:27:08,130 6324 DEBUG    [tempest_lib.common.rest_client] Request - Headers: {'Content-Type': 'application/json', 'Accept': 'application/json'}
        Body: &lt;omitted&gt;
    Response - Headers: {'status': '200', 'content-length': '2269', 'vary': 'X-Auth-Token', 'server': 'Apache/2.4.7 (Ubuntu)', 'connection': 'close', 'date': 'Tue, 05 Jan 2016 22:27:08 GMT', 'content-type': 'application/json', 'x-openstack-request-id': 'req-e54729f9-88a0-43f8-9b09-fbeab3a9c2f2'}
        Body: {"access": {"token": {"issued_at": "2016-01-05T22:27:08.121495", "expires": "2016-01-05T23:27:08Z", "id": "a46611c3a2c045a39101320643f10f53", "tenant": {"description": "tempest-TestGettingAddress-2031821141-desc", "enabled": true, "id": "1004dbe7b6f3486c95cc4e3c5f9c600d", "name": "tempest-TestGettingAddress-2031821141"}, "audit_ids": ["ZGuyBC44SKi9tMRs0jrVOA"]}, "serviceCatalog": [{"endpoints": [{"adminURL": "http://10.0.2.15:9292", "region": "RegionOne", "internalURL": "http://10.0.2.15:9292", "id": "2b260d893e25467189c5b8ce7e9e7350", "publicURL": "http://10.0.2.15:9292"}], "endpoints_links": [], "type": "image", "name": "glance"}, {"endpoints": [{"adminURL": "http://10.0.2.15:8774/v2.1/1004dbe7b6f3486c95cc4e3c5f9c600d", "region": "RegionOne", "internalURL": "http://10.0.2.15:8774/v2.1/1004dbe7b6f3486c95cc4e3c5f9c600d", "id": "09192fd072614388b1a376184a9ed355", "publicURL": "http://10.0.2.15:8774/v2.1/1004dbe7b6f3486c95cc4e3c5f9c600d"}], "endpoints_links": [], "type": "compute", "name": "nova"}, {"endpoints": [{"adminURL": "http://10.0.2.15:8774/v2/1004dbe7b6f3486c95cc4e3c5f9c600d", "region": "RegionOne", "internalURL": "http://10.0.2.15:8774/v2/1004dbe7b6f3486c95cc4e3c5f9c600d", "id": "5dc8048b33d449cbb0c0cebcbfe996d2", "publicURL": "http://10.0.2.15:8774/v2/1004dbe7b6f3486c95cc4e3c5f9c600d"}], "endpoints_links": [], "type": "compute_legacy", "name": "nova_legacy"}, {"endpoints": [{"adminURL": "http://10.0.2.15:35357/v2.0", "region": "RegionOne", "internalURL": "http://10.0.2.15:5000/v2.0", "id": "1309f17cbaf94f24910394d8f4e16747", "publicURL": "http://10.0.2.15:5000/v2.0"}], "endpoints_links": [], "type": "identity", "name": "keystone"}, {"endpoints": [{"adminURL": "http://10.0.2.15:9696/", "region": "RegionOne", "internalURL": "http://10.0.2.15:9696/", "id": "6056c83885ea426e9ca281c55ad11382", "publicURL": "http://10.0.2.15:9696/"}], "endpoints_links": [], "type": "network", "name": "neutron"}], "user": {"username": "tempest-TestGettingAddress-610767315", "roles_links": [], "id": "ac5cc14971be45e98c336bd72185c9fa", "roles": [{"name": "_member_"}, {"name": "Member"}], "name": "tempest-TestGettingAddress-610767315"}, "metadata": {"is_admin": 0, "roles": ["9fe2ff9ee4384b1894a90878d3e92bab", "b4d814a92b1a440894db5fe1ee994f97"]}}}
2016-01-05 22:27:08,135 6324 DEBUG    [tempest.common.fixed_network] (TestGettingAddress:test_dhcp6_stateless_from_os) No valid network provided or created, defaulting to fixed_network_name
2016-01-05 22:27:08,446 6324 INFO     [tempest_lib.common.rest_client] Request (TestGettingAddress:test_dhcp6_stateless_from_os): 200 GET http://10.0.2.15:8774/v2.1/1004dbe7b6f3486c95cc4e3c5f9c600d/os-networks 0.311s
2016-01-05 22:27:08,447 6324 DEBUG    [tempest_lib.common.rest_client] Request - Headers: {'Content-Type': 'application/json', 'Accept': 'application/json', 'X-Auth-Token': '&lt;omitted&gt;'}
        Body: None
    Response - Headers: {'status': '200', 'content-length': '478', 'content-location': 'http://10.0.2.15:8774/v2.1/1004dbe7b6f3486c95cc4e3c5f9c600d/os-networks', 'x-compute-request-id': 'req-8b84ed8c-3833-44e1-bc3f-7e72cdb2c623', 'vary': 'X-OpenStack-Nova-API-Version', 'connection': 'close', 'x-openstack-nova-api-version': '2.1', 'date': 'Tue, 05 Jan 2016 22:27:08 GMT', 'content-type': 'application/json'}
        Body: {"networks": [{"cidr_v6": null, "dns2": null, "dns1": null, "gateway": null, "broadcast": null, "netmask": null, "gateway_v6": null, "cidr": null, "label": "public", "id": "b50c5953-7f97-4967-a377-58b24da5248d", "netmask_v6": null}, {"cidr_v6": null, "dns2": null, "dns1": null, "gateway": null, "broadcast": null, "netmask": null, "gateway_v6": null, "cidr": null, "label": "tempest-network-smoke--134840828", "id": "ec9e804a-e1cf-43de-8e43-d14ec283fadb", "netmask_v6": null}]}
2016-01-05 22:27:08,447 6324 WARNING  [tempest.common.fixed_network] (TestGettingAddress:test_dhcp6_stateless_from_os) Network with name: private not found
2016-01-05 22:27:08,447 6324 INFO     [tempest.common.fixed_network] (TestGettingAddress:test_dhcp6_stateless_from_os) Found network {} available for tenant
2016-01-05 22:27:10,289 6324 INFO     [tempest_lib.common.rest_client] Request (TestGettingAddress:test_dhcp6_stateless_from_os): 202 POST http://10.0.2.15:8774/v2.1/1004dbe7b6f3486c95cc4e3c5f9c600d/servers 1.841s
2016-01-05 22:27:10,290 6324 DEBUG    [tempest_lib.common.rest_client] Request - Headers: {'Content-Type': 'application/json', 'Accept': 'application/json', 'X-Auth-Token': '&lt;omitted&gt;'}
        Body: {"server": {"name": "tempest.common.compute-instance-77297048", "imageRef": "3be80787-84bd-4e7d-b9c1-e4b8f960166a", "key_name": "tempest-TestGettingAddress-194780669", "flavorRef": "42", "networks": [{"uuid": "ec9e804a-e1cf-43de-8e43-d14ec283fadb"}], "security_groups": [{"name": "tempest-secgroup-smoke-458258103"}]}}
    Response - Headers: {'status': '202', 'content-length': '461', 'x-compute-request-id': 'req-46091d8b-1ed1-43bd-9b53-9239a2ecc50c', 'vary': 'X-OpenStack-Nova-API-Version', 'connection': 'close', 'location': 'http://10.0.2.15:8774/v2.1/1004dbe7b6f3486c95cc4e3c5f9c600d/servers/07fba50c-e562-4a29-a428-75541ccdf4dd', 'x-openstack-nova-api-version': '2.1', 'date': 'Tue, 05 Jan 2016 22:27:10 GMT', 'content-type': 'application/json'}
        Body: {"server": {"security_groups": [{"name": "tempest-secgroup-smoke-458258103"}], "OS-DCF:diskConfig": "MANUAL", "id": "07fba50c-e562-4a29-a428-75541ccdf4dd", "links": [{"href": "http://10.0.2.15:8774/v2.1/1004dbe7b6f3486c95cc4e3c5f9c600d/servers/07fba50c-e562-4a29-a428-75541ccdf4dd", "rel": "self"}, {"href": "http://10.0.2.15:8774/1004dbe7b6f3486c95cc4e3c5f9c600d/servers/07fba50c-e562-4a29-a428-75541ccdf4dd", "rel": "bookmark"}], "adminPass": "2Cf4sYWRGKLL"}}
2016-01-05 22:27:10,501 6324 INFO     [tempest_lib.common.rest_client] Request (TestGettingAddress:test_dhcp6_stateless_from_os): 200 GET http://10.0.2.15:8774/v2.1/1004dbe7b6f3486c95cc4e3c5f9c600d/servers/07fba50c-e562-4a29-a428-75541ccdf4dd 0.209s
2016-01-05 22:27:10,502 6324 DEBUG    [tempest_lib.common.rest_client] Request - Headers: {'Content-Type': 'application/json', 'Accept': 'application/json', 'X-Auth-Token': '&lt;omitted&gt;'}
        Body: None
    Response - Headers: {'status': '200', 'content-length': '1352', 'content-location': 'http://10.0.2.15:8774/v2.1/1004dbe7b6f3486c95cc4e3c5f9c600d/servers/07fba50c-e562-4a29-a428-75541ccdf4dd', 'x-compute-request-id': 'req-51fde2b8-1830-4269-9242-43a94a69575d', 'vary': 'X-OpenStack-Nova-API-Version', 'connection': 'close', 'x-openstack-nova-api-version': '2.1', 'date': 'Tue, 05 Jan 2016 22:27:10 GMT', 'content-type': 'application/json'}
        Body: {"server": {"status": "BUILD", "updated": "2016-01-05T22:27:10Z", "hostId": "", "addresses": {}, "links": [{"href": "http://10.0.2.15:8774/v2.1/1004dbe7b6f3486c95cc4e3c5f9c600d/servers/07fba50c-e562-4a29-a428-75541ccdf4dd", "rel": "self"}, {"href": "http://10.0.2.15:8774/1004dbe7b6f3486c95cc4e3c5f9c600d/servers/07fba50c-e562-4a29-a428-75541ccdf4dd", "rel": "bookmark"}], "key_name": "tempest-TestGettingAddress-194780669", "image": {"id": "3be80787-84bd-4e7d-b9c1-e4b8f960166a", "links": [{"href": "http://10.0.2.15:8774/1004dbe7b6f3486c95cc4e3c5f9c600d/images/3be80787-84bd-4e7d-b9c1-e4b8f960166a", "rel": "bookmark"}]}, "OS-EXT-STS:task_state": "scheduling", "OS-EXT-STS:vm_state": "building", "OS-SRV-USG:launched_at": null, "flavor": {"id": "42", "links": [{"href": "http://10.0.2.15:8774/1004dbe7b6f3486c95cc4e3c5f9c600d/flavors/42", "rel": "bookmark"}]}, "id": "07fba50c-e562-4a29-a428-75541ccdf4dd", "OS-SRV-USG:terminated_at": null, "OS-EXT-AZ:availability_zone": "", "user_id": "ac5cc14971be45e98c336bd72185c9fa", "name": "tempest.common.compute-instance-77297048", "created": "2016-01-05T22:27:10Z", "tenant_id": "1004dbe7b6f3486c95cc4e3c5f9c600d", "OS-DCF:diskConfig": "MANUAL", "os-extended-volumes:volumes_attached": [], "accessIPv4": "", "accessIPv6": "", "progress": 0, "OS-EXT-STS:power_state": 0, "config_drive": "", "metadata": {}}}
2016-01-05 22:27:11,716 6324 INFO     [tempest_lib.common.rest_client] Request (TestGettingAddress:test_dhcp6_stateless_from_os): 200 GET http://10.0.2.15:8774/v2.1/1004dbe7b6f3486c95cc4e3c5f9c600d/servers/07fba50c-e562-4a29-a428-75541ccdf4dd 0.205s
2016-01-05 22:27:11,716 6324 DEBUG    [tempest_lib.common.rest_client] Request - Headers: {'Content-Type': 'application/json', 'Accept': 'application/json', 'X-Auth-Token': '&lt;omitted&gt;'}
        Body: None
    Response - Headers: {'status': '200', 'content-length': '1410', 'content-location': 'http://10.0.2.15:8774/v2.1/1004dbe7b6f3486c95cc4e3c5f9c600d/servers/07fba50c-e562-4a29-a428-75541ccdf4dd', 'x-compute-request-id': 'req-437043b9-2270-4026-ac29-2cd8a3b32c7e', 'vary': 'X-OpenStack-Nova-API-Version', 'connection': 'close', 'x-openstack-nova-api-version': '2.1', 'date': 'Tue, 05 Jan 2016 22:27:11 GMT', 'content-type': 'application/json'}
        Body: {"server": {"status": "BUILD", "updated": "2016-01-05T22:27:11Z", "hostId": "df8ee1d3db3add2f3e800923d34670c70258c1d4c0359400c85c4b60", "addresses": {}, "links": [{"href": "http://10.0.2.15:8774/v2.1/1004dbe7b6f3486c95cc4e3c5f9c600d/servers/07fba50c-e562-4a29-a428-75541ccdf4dd", "rel": "self"}, {"href": "http://10.0.2.15:8774/1004dbe7b6f3486c95cc4e3c5f9c600d/servers/07fba50c-e562-4a29-a428-75541ccdf4dd", "rel": "bookmark"}], "key_name": "tempest-TestGettingAddress-194780669", "image": {"id": "3be80787-84bd-4e7d-b9c1-e4b8f960166a", "links": [{"href": "http://10.0.2.15:8774/1004dbe7b6f3486c95cc4e3c5f9c600d/images/3be80787-84bd-4e7d-b9c1-e4b8f960166a", "rel": "bookmark"}]}, "OS-EXT-STS:task_state": "spawning", "OS-EXT-STS:vm_state": "building", "OS-SRV-USG:launched_at": null, "flavor": {"id": "42", "links": [{"href": "http://10.0.2.15:8774/1004dbe7b6f3486c95cc4e3c5f9c600d/flavors/42", "rel": "bookmark"}]}, "id": "07fba50c-e562-4a29-a428-75541ccdf4dd", "OS-SRV-USG:terminated_at": null, "OS-EXT-AZ:availability_zone": "nova", "user_id": "ac5cc14971be45e98c336bd72185c9fa", "name": "tempest.common.compute-instance-77297048", "created": "2016-01-05T22:27:10Z", "tenant_id": "1004dbe7b6f3486c95cc4e3c5f9c600d", "OS-DCF:diskConfig": "MANUAL", "os-extended-volumes:volumes_attached": [], "accessIPv4": "", "accessIPv6": "", "progress": 0, "OS-EXT-STS:power_state": 0, "config_drive": "", "metadata": {}}}
2016-01-05 22:27:11,725 6324 INFO     [tempest.common.waiters] State transition "BUILD/scheduling" ==&gt; "BUILD/spawning" after 1 second wait
2016-01-05 22:27:13,141 6324 INFO     [tempest_lib.common.rest_client] Request (TestGettingAddress:test_dhcp6_stateless_from_os): 200 GET http://10.0.2.15:8774/v2.1/1004dbe7b6f3486c95cc4e3c5f9c600d/servers/07fba50c-e562-4a29-a428-75541ccdf4dd 0.414s
2016-01-05 22:27:13,141 6324 DEBUG    [tempest_lib.common.rest_client] Request - Headers: {'Content-Type': 'application/json', 'Accept': 'application/json', 'X-Auth-Token': '&lt;omitted&gt;'}
        Body: None
    Response - Headers: {'status': '200', 'content-length': '1477', 'content-location': 'http://10.0.2.15:8774/v2.1/1004dbe7b6f3486c95cc4e3c5f9c600d/servers/07fba50c-e562-4a29-a428-75541ccdf4dd', 'x-compute-request-id': 'req-7ce1cc4c-ee3b-4e8e-b2e1-e2bf47387dff', 'vary': 'X-OpenStack-Nova-API-Version', 'connection': 'close', 'x-openstack-nova-api-version': '2.1', 'date': 'Tue, 05 Jan 2016 22:27:13 GMT', 'content-type': 'application/json'}
        Body: {"server": {"status": "BUILD", "updated": "2016-01-05T22:27:11Z", "hostId": "df8ee1d3db3add2f3e800923d34670c70258c1d4c0359400c85c4b60", "addresses": {}, "links": [{"href": "http://10.0.2.15:8774/v2.1/1004dbe7b6f3486c95cc4e3c5f9c600d/servers/07fba50c-e562-4a29-a428-75541ccdf4dd", "rel": "self"}, {"href": "http://10.0.2.15:8774/1004dbe7b6f3486c95cc4e3c5f9c600d/servers/07fba50c-e562-4a29-a428-75541ccdf4dd", "rel": "bookmark"}], "key_name": "tempest-TestGettingAddress-194780669", "image": {"id": "3be80787-84bd-4e7d-b9c1-e4b8f960166a", "links": [{"href": "http://10.0.2.15:8774/1004dbe7b6f3486c95cc4e3c5f9c600d/images/3be80787-84bd-4e7d-b9c1-e4b8f960166a", "rel": "bookmark"}]}, "OS-EXT-STS:task_state": "spawning", "OS-EXT-STS:vm_state": "building", "OS-SRV-USG:launched_at": null, "flavor": {"id": "42", "links": [{"href": "http://10.0.2.15:8774/1004dbe7b6f3486c95cc4e3c5f9c600d/flavors/42", "rel": "bookmark"}]}, "id": "07fba50c-e562-4a29-a428-75541ccdf4dd", "security_groups": [{"name": "tempest-secgroup-smoke-458258103"}], "OS-SRV-USG:terminated_at": null, "OS-EXT-AZ:availability_zone": "nova", "user_id": "ac5cc14971be45e98c336bd72185c9fa", "name": "tempest.common.compute-instance-77297048", "created": "2016-01-05T22:27:10Z", "tenant_id": "1004dbe7b6f3486c95cc4e3c5f9c600d", "OS-DCF:diskConfig": "MANUAL", "os-extended-volumes:volumes_attached": [], "accessIPv4": "", "accessIPv6": "", "progress": 0, "OS-EXT-STS:power_state": 0, "config_drive": "", "metadata": {}}}
2016-01-05 22:27:14,378 6324 INFO     [tempest_lib.common.rest_client] Request (TestGettingAddress:test_dhcp6_stateless_from_os): 200 GET http://10.0.2.15:8774/v2.1/1004dbe7b6f3486c95cc4e3c5f9c600d/servers/07fba50c-e562-4a29-a428-75541ccdf4dd 0.228s
2016-01-05 22:27:14,378 6324 DEBUG    [tempest_lib.common.rest_client] Request - Headers: {'Content-Type': 'application/json', 'Accept': 'application/json', 'X-Auth-Token': '&lt;omitted&gt;'}
        Body: None
    Response - Headers: {'status': '200', 'content-length': '1777', 'content-location': 'http://10.0.2.15:8774/v2.1/1004dbe7b6f3486c95cc4e3c5f9c600d/servers/07fba50c-e562-4a29-a428-75541ccdf4dd', 'x-compute-request-id': 'req-08c07774-a529-41b3-a299-98bcd4362e59', 'vary': 'X-OpenStack-Nova-API-Version', 'connection': 'close', 'x-openstack-nova-api-version': '2.1', 'date': 'Tue, 05 Jan 2016 22:27:14 GMT', 'content-type': 'application/json'}
        Body: {"server": {"status": "ACTIVE", "updated": "2016-01-05T22:27:14Z", "hostId": "df8ee1d3db3add2f3e800923d34670c70258c1d4c0359400c85c4b60", "addresses": {"tempest-network-smoke--134840828": [{"OS-EXT-IPS-MAC:mac_addr": "fa:16:3e:08:61:ea", "version": 4, "addr": "10.100.0.3", "OS-EXT-IPS:type": "fixed"}, {"OS-EXT-IPS-MAC:mac_addr": "fa:16:3e:08:61:ea", "version": 6, "addr": "2003::f816:3eff:fe08:61ea", "OS-EXT-IPS:type": "fixed"}]}, "links": [{"href": "http://10.0.2.15:8774/v2.1/1004dbe7b6f3486c95cc4e3c5f9c600d/servers/07fba50c-e562-4a29-a428-75541ccdf4dd", "rel": "self"}, {"href": "http://10.0.2.15:8774/1004dbe7b6f3486c95cc4e3c5f9c600d/servers/07fba50c-e562-4a29-a428-75541ccdf4dd", "rel": "bookmark"}], "key_name": "tempest-TestGettingAddress-194780669", "image": {"id": "3be80787-84bd-4e7d-b9c1-e4b8f960166a", "links": [{"href": "http://10.0.2.15:8774/1004dbe7b6f3486c95cc4e3c5f9c600d/images/3be80787-84bd-4e7d-b9c1-e4b8f960166a", "rel": "bookmark"}]}, "OS-EXT-STS:task_state": null, "OS-EXT-STS:vm_state": "active", "OS-SRV-USG:launched_at": "2016-01-05T22:27:13.000000", "flavor": {"id": "42", "links": [{"href": "http://10.0.2.15:8774/1004dbe7b6f3486c95cc4e3c5f9c600d/flavors/42", "rel": "bookmark"}]}, "id": "07fba50c-e562-4a29-a428-75541ccdf4dd", "security_groups": [{"name": "tempest-secgroup-smoke-458258103"}], "OS-SRV-USG:terminated_at": null, "OS-EXT-AZ:availability_zone": "nova", "user_id": "ac5cc14971be45e98c336bd72185c9fa", "name": "tempest.common.compute-instance-77297048", "created": "2016-01-05T22:27:10Z", "tenant_id": "1004dbe7b6f3486c95cc4e3c5f9c600d", "OS-DCF:diskConfig": "MANUAL", "os-extended-volumes:volumes_attached": [], "accessIPv4": "", "accessIPv6": "", "progress": 0, "OS-EXT-STS:power_state": 1, "config_drive": "True", "metadata": {}}}
2016-01-05 22:27:14,388 6324 INFO     [tempest.common.waiters] State transition "BUILD/spawning" ==&gt; "ACTIVE/None" after 4 second wait
2016-01-05 22:27:14,697 6324 INFO     [tempest_lib.common.rest_client] Request (TestGettingAddress:test_dhcp6_stateless_from_os): 200 GET http://10.0.2.15:8774/v2.1/1004dbe7b6f3486c95cc4e3c5f9c600d/servers/07fba50c-e562-4a29-a428-75541ccdf4dd 0.308s
2016-01-05 22:27:14,697 6324 DEBUG    [tempest_lib.common.rest_client] Request - Headers: {'Content-Type': 'application/json', 'Accept': 'application/json', 'X-Auth-Token': '&lt;omitted&gt;'}
        Body: None
    Response - Headers: {'status': '200', 'content-length': '1777', 'content-location': 'http://10.0.2.15:8774/v2.1/1004dbe7b6f3486c95cc4e3c5f9c600d/servers/07fba50c-e562-4a29-a428-75541ccdf4dd', 'x-compute-request-id': 'req-fb0701a7-b22f-4513-ad4b-d82573597cad', 'vary': 'X-OpenStack-Nova-API-Version', 'connection': 'close', 'x-openstack-nova-api-version': '2.1', 'date': 'Tue, 05 Jan 2016 22:27:14 GMT', 'content-type': 'application/json'}
        Body: {"server": {"status": "ACTIVE", "updated": "2016-01-05T22:27:14Z", "hostId": "df8ee1d3db3add2f3e800923d34670c70258c1d4c0359400c85c4b60", "addresses": {"tempest-network-smoke--134840828": [{"OS-EXT-IPS-MAC:mac_addr": "fa:16:3e:08:61:ea", "version": 4, "addr": "10.100.0.3", "OS-EXT-IPS:type": "fixed"}, {"OS-EXT-IPS-MAC:mac_addr": "fa:16:3e:08:61:ea", "version": 6, "addr": "2003::f816:3eff:fe08:61ea", "OS-EXT-IPS:type": "fixed"}]}, "links": [{"href": "http://10.0.2.15:8774/v2.1/1004dbe7b6f3486c95cc4e3c5f9c600d/servers/07fba50c-e562-4a29-a428-75541ccdf4dd", "rel": "self"}, {"href": "http://10.0.2.15:8774/1004dbe7b6f3486c95cc4e3c5f9c600d/servers/07fba50c-e562-4a29-a428-75541ccdf4dd", "rel": "bookmark"}], "key_name": "tempest-TestGettingAddress-194780669", "image": {"id": "3be80787-84bd-4e7d-b9c1-e4b8f960166a", "links": [{"href": "http://10.0.2.15:8774/1004dbe7b6f3486c95cc4e3c5f9c600d/images/3be80787-84bd-4e7d-b9c1-e4b8f960166a", "rel": "bookmark"}]}, "OS-EXT-STS:task_state": null, "OS-EXT-STS:vm_state": "active", "OS-SRV-USG:launched_at": "2016-01-05T22:27:13.000000", "flavor": {"id": "42", "links": [{"href": "http://10.0.2.15:8774/1004dbe7b6f3486c95cc4e3c5f9c600d/flavors/42", "rel": "bookmark"}]}, "id": "07fba50c-e562-4a29-a428-75541ccdf4dd", "security_groups": [{"name": "tempest-secgroup-smoke-458258103"}], "OS-SRV-USG:terminated_at": null, "OS-EXT-AZ:availability_zone": "nova", "user_id": "ac5cc14971be45e98c336bd72185c9fa", "name": "tempest.common.compute-instance-77297048", "created": "2016-01-05T22:27:10Z", "tenant_id": "1004dbe7b6f3486c95cc4e3c5f9c600d", "OS-DCF:diskConfig": "MANUAL", "os-extended-volumes:volumes_attached": [], "accessIPv4": "", "accessIPv6": "", "progress": 0, "OS-EXT-STS:power_state": 1, "config_drive": "True", "metadata": {}}}
2016-01-05 22:27:14,739 6324 INFO     [tempest_lib.common.rest_client] Request (TestGettingAddress:test_dhcp6_stateless_from_os): 200 GET http://10.0.2.15:9696/v2.0/ports?status=ACTIVE&amp;fixed_ip=None&amp;device_id=07fba50c-e562-4a29-a428-75541ccdf4dd 0.033s
2016-01-05 22:27:14,739 6324 DEBUG    [tempest_lib.common.rest_client] Request - Headers: {'Content-Type': 'application/json', 'Accept': 'application/json', 'X-Auth-Token': '&lt;omitted&gt;'}
        Body: None
    Response - Headers: {'status': '200', 'content-length': '1142', 'content-location': 'http://10.0.2.15:9696/v2.0/ports?status=ACTIVE&amp;fixed_ip=None&amp;device_id=07fba50c-e562-4a29-a428-75541ccdf4dd', 'connection': 'close', 'date': 'Tue, 05 Jan 2016 22:27:14 GMT', 'content-type': 'application/json; charset=UTF-8', 'x-openstack-request-id': 'req-478e265b-0133-4a5f-8d74-f87fd5c67081'}
        Body: {"ports": [{"status": "ACTIVE", "binding:host_id": "vagrant-ubuntu-trusty-64", "allowed_address_pairs": [], "extra_dhcp_opts": [], "dns_assignment": [{"hostname": "host-10-100-0-3", "ip_address": "10.100.0.3", "fqdn": "host-10-100-0-3.openstacklocal."}, {"hostname": "host-2003--f816-3eff-fe08-61ea", "ip_address": "2003::f816:3eff:fe08:61ea", "fqdn": "host-2003--f816-3eff-fe08-61ea.openstacklocal."}], "device_owner": "compute:None", "port_security_enabled": true, "binding:profile": {}, "fixed_ips": [{"subnet_id": "d98f0041-dc79-402a-916f-3309e5f2ffae", "ip_address": "10.100.0.3"}, {"subnet_id": "10d3d67e-1052-43d6-af7d-7a26e32a5986", "ip_address": "2003::f816:3eff:fe08:61ea"}], "id": "d0521400-4960-4d43-9d59-cd29df7f1646", "security_groups": ["db11641a-e0b1-459f-ba1a-c80ed2c48152"], "device_id": "07fba50c-e562-4a29-a428-75541ccdf4dd", "name": "", "admin_state_up": true, "network_id": "ec9e804a-e1cf-43de-8e43-d14ec283fadb", "dns_name": "", "binding:vif_details": {"port_filter": true}, "binding:vnic_type": "normal", "binding:vif_type": "ovs", "tenant_id": "1004dbe7b6f3486c95cc4e3c5f9c600d", "mac_address": "fa:16:3e:08:61:ea"}]}
2016-01-05 22:27:15,341 6324 INFO     [tempest_lib.common.rest_client] Request (TestGettingAddress:test_dhcp6_stateless_from_os): 201 POST http://10.0.2.15:9696/v2.0/floatingips 0.600s
2016-01-05 22:27:15,341 6324 DEBUG    [tempest_lib.common.rest_client] Request - Headers: {'Content-Type': 'application/json', 'Accept': 'application/json', 'X-Auth-Token': '&lt;omitted&gt;'}
        Body: {"floatingip": {"floating_network_id": "b50c5953-7f97-4967-a377-58b24da5248d", "tenant_id": "1004dbe7b6f3486c95cc4e3c5f9c600d", "fixed_ip_address": "10.100.0.3", "port_id": "d0521400-4960-4d43-9d59-cd29df7f1646"}}
    Response - Headers: {'status': '201', 'content-length': '367', 'connection': 'close', 'date': 'Tue, 05 Jan 2016 22:27:15 GMT', 'content-type': 'application/json; charset=UTF-8', 'x-openstack-request-id': 'req-e29d9336-e933-4742-ae49-0dcf6b596e55'}
        Body: {"floatingip": {"floating_network_id": "b50c5953-7f97-4967-a377-58b24da5248d", "router_id": "7f93a980-adc1-415a-a233-6ef59f124987", "fixed_ip_address": "10.100.0.3", "floating_ip_address": "172.24.4.4", "tenant_id": "1004dbe7b6f3486c95cc4e3c5f9c600d", "status": "DOWN", "port_id": "d0521400-4960-4d43-9d59-cd29df7f1646", "id": "ddb928ba-3da7-47dc-81d3-1106f6c0e923"}}
2016-01-05 22:27:15,342 6324 INFO     [tempest_lib.common.ssh] Creating ssh connection to '172.24.4.4' as 'cirros' with public key authentication
2016-01-05 22:27:19,060 6324 WARNING  [tempest_lib.common.ssh] Failed to establish authenticated ssh connection to cirros@172.24.4.4 ([Errno None] Unable to connect to port 22 on  or 172.24.4.4). Number attempts: 1. Retry after 2 seconds.
2016-01-05 22:27:24,562 6324 WARNING  [tempest_lib.common.ssh] Failed to establish authenticated ssh connection to cirros@172.24.4.4 ([Errno None] Unable to connect to port 22 on  or 172.24.4.4). Number attempts: 2. Retry after 3 seconds.
2016-01-05 22:27:31,066 6324 WARNING  [tempest_lib.common.ssh] Failed to establish authenticated ssh connection to cirros@172.24.4.4 ([Errno None] Unable to connect to port 22 on  or 172.24.4.4). Number attempts: 3. Retry after 4 seconds.
2016-01-05 22:27:38,570 6324 WARNING  [tempest_lib.common.ssh] Failed to establish authenticated ssh connection to cirros@172.24.4.4 ([Errno None] Unable to connect to port 22 on  or 172.24.4.4). Number attempts: 4. Retry after 5 seconds.
2016-01-05 22:27:47,074 6324 WARNING  [tempest_lib.common.ssh] Failed to establish authenticated ssh connection to cirros@172.24.4.4 ([Errno None] Unable to connect to port 22 on  or 172.24.4.4). Number attempts: 5. Retry after 6 seconds.
2016-01-05 22:27:56,575 6324 WARNING  [tempest_lib.common.ssh] Failed to establish authenticated ssh connection to cirros@172.24.4.4 ([Errno None] Unable to connect to port 22 on  or 172.24.4.4). Number attempts: 6. Retry after 7 seconds.
2016-01-05 22:28:07,082 6324 WARNING  [tempest_lib.common.ssh] Failed to establish authenticated ssh connection to cirros@172.24.4.4 ([Errno None] Unable to connect to port 22 on  or 172.24.4.4). Number attempts: 7. Retry after 8 seconds.
2016-01-05 22:28:18,591 6324 WARNING  [tempest_lib.common.ssh] Failed to establish authenticated ssh connection to cirros@172.24.4.4 ([Errno None] Unable to connect to port 22 on  or 172.24.4.4). Number attempts: 8. Retry after 9 seconds.
2016-01-05 22:28:31,098 6324 WARNING  [tempest_lib.common.ssh] Failed to establish authenticated ssh connection to cirros@172.24.4.4 ([Errno None] Unable to connect to port 22 on  or 172.24.4.4). Number attempts: 9. Retry after 10 seconds.
2016-01-05 22:28:44,603 6324 WARNING  [tempest_lib.common.ssh] Failed to establish authenticated ssh connection to cirros@172.24.4.4 ([Errno None] Unable to connect to port 22 on  or 172.24.4.4). Number attempts: 10. Retry after 11 seconds.
2016-01-05 22:28:59,115 6324 WARNING  [tempest_lib.common.ssh] Failed to establish authenticated ssh connection to cirros@172.24.4.4 ([Errno None] Unable to connect to port 22 on  or 172.24.4.4). Number attempts: 11. Retry after 12 seconds.
2016-01-05 22:29:14,619 6324 WARNING  [tempest_lib.common.ssh] Failed to establish authenticated ssh connection to cirros@172.24.4.4 ([Errno None] Unable to connect to port 22 on  or 172.24.4.4). Number attempts: 12. Retry after 13 seconds.
2016-01-05 22:29:31,127 6324 WARNING  [tempest_lib.common.ssh] Failed to establish authenticated ssh connection to cirros@172.24.4.4 ([Errno None] Unable to connect to port 22 on  or 172.24.4.4). Number attempts: 13. Retry after 14 seconds.
2016-01-05 22:29:48,643 6324 WARNING  [tempest_lib.common.ssh] Failed to establish authenticated ssh connection to cirros@172.24.4.4 ([Errno None] Unable to connect to port 22 on  or 172.24.4.4). Number attempts: 14. Retry after 15 seconds.
2016-01-05 22:30:07,151 6324 WARNING  [tempest_lib.common.ssh] Failed to establish authenticated ssh connection to cirros@172.24.4.4 ([Errno None] Unable to connect to port 22 on  or 172.24.4.4). Number attempts: 15. Retry after 16 seconds.
2016-01-05 22:30:26,659 6324 WARNING  [tempest_lib.common.ssh] Failed to establish authenticated ssh connection to cirros@172.24.4.4 ([Errno None] Unable to connect to port 22 on  or 172.24.4.4). Number attempts: 16. Retry after 17 seconds.
2016-01-05 22:30:47,171 6324 ERROR    [tempest_lib.common.ssh] Failed to establish authenticated ssh connection to cirros@172.24.4.4 after 16 attempts
2016-01-05 22:30:47.171 6324 ERROR tempest_lib.common.ssh Traceback (most recent call last):
2016-01-05 22:30:47.171 6324 ERROR tempest_lib.common.ssh   File "/usr/local/lib/python2.7/dist-packages/tempest_lib/common/ssh.py", line 75, in _get_ssh_connection
2016-01-05 22:30:47.171 6324 ERROR tempest_lib.common.ssh     timeout=self.channel_timeout, pkey=self.pkey)
2016-01-05 22:30:47.171 6324 ERROR tempest_lib.common.ssh   File "/usr/local/lib/python2.7/dist-packages/paramiko/client.py", line 311, in connect
2016-01-05 22:30:47.171 6324 ERROR tempest_lib.common.ssh     raise NoValidConnectionsError(errors)
2016-01-05 22:30:47.171 6324 ERROR tempest_lib.common.ssh NoValidConnectionsError: [Errno None] Unable to connect to port 22 on  or 172.24.4.4
2016-01-05 22:30:47.171 6324 ERROR tempest_lib.common.ssh 
2016-01-05 22:30:47,172 6324 ERROR    [tempest.scenario.manager] (TestGettingAddress:test_dhcp6_stateless_from_os) Initializing SSH connection to 172.24.4.4 failed. Error: Connection to the 172.24.4.4 via SSH timed out.
User: cirros, Password: None
2016-01-05 22:30:47.172 6324 ERROR tempest.scenario.manager Traceback (most recent call last):
2016-01-05 22:30:47.172 6324 ERROR tempest.scenario.manager   File "tempest/scenario/manager.py", line 386, in get_remote_client
2016-01-05 22:30:47.172 6324 ERROR tempest.scenario.manager     linux_client.validate_authentication()
2016-01-05 22:30:47.172 6324 ERROR tempest.scenario.manager   File "tempest/common/utils/linux/remote_client.py", line 63, in validate_authentication
2016-01-05 22:30:47.172 6324 ERROR tempest.scenario.manager     self.ssh_client.test_connection_auth()
2016-01-05 22:30:47.172 6324 ERROR tempest.scenario.manager   File "/usr/local/lib/python2.7/dist-packages/tempest_lib/common/ssh.py", line 172, in test_connection_auth
2016-01-05 22:30:47.172 6324 ERROR tempest.scenario.manager     connection = self._get_ssh_connection()
2016-01-05 22:30:47.172 6324 ERROR tempest.scenario.manager   File "/usr/local/lib/python2.7/dist-packages/tempest_lib/common/ssh.py", line 87, in _get_ssh_connection
2016-01-05 22:30:47.172 6324 ERROR tempest.scenario.manager     password=self.password)
2016-01-05 22:30:47.172 6324 ERROR tempest.scenario.manager SSHTimeout: Connection to the 172.24.4.4 via SSH timed out.
2016-01-05 22:30:47.172 6324 ERROR tempest.scenario.manager User: cirros, Password: None
2016-01-05 22:30:47.172 6324 ERROR tempest.scenario.manager 
2016-01-05 22:30:47,256 6324 INFO     [tempest_lib.common.rest_client] Request (TestGettingAddress:test_dhcp6_stateless_from_os): 200 GET http://10.0.2.15:8774/v2.1/1004dbe7b6f3486c95cc4e3c5f9c600d/servers 0.081s
2016-01-05 22:30:47,257 6324 DEBUG    [tempest_lib.common.rest_client] Request - Headers: {'Content-Type': 'application/json', 'Accept': 'application/json', 'X-Auth-Token': '&lt;omitted&gt;'}
        Body: None
    Response - Headers: {'status': '200', 'content-length': '389', 'content-location': 'http://10.0.2.15:8774/v2.1/1004dbe7b6f3486c95cc4e3c5f9c600d/servers', 'x-compute-request-id': 'req-f4769f81-5ace-49d9-8684-e25cb7b996e4', 'vary': 'X-OpenStack-Nova-API-Version', 'connection': 'close', 'x-openstack-nova-api-version': '2.1', 'date': 'Tue, 05 Jan 2016 22:30:47 GMT', 'content-type': 'application/json'}
        Body: {"servers": [{"id": "07fba50c-e562-4a29-a428-75541ccdf4dd", "links": [{"href": "http://10.0.2.15:8774/v2.1/1004dbe7b6f3486c95cc4e3c5f9c600d/servers/07fba50c-e562-4a29-a428-75541ccdf4dd", "rel": "self"}, {"href": "http://10.0.2.15:8774/1004dbe7b6f3486c95cc4e3c5f9c600d/servers/07fba50c-e562-4a29-a428-75541ccdf4dd", "rel": "bookmark"}], "name": "tempest.common.compute-instance-77297048"}]}
2016-01-05 22:30:47,483 6324 INFO     [tempest_lib.common.rest_client] Request (TestGettingAddress:test_dhcp6_stateless_from_os): 200 POST http://10.0.2.15:8774/v2.1/1004dbe7b6f3486c95cc4e3c5f9c600d/servers/07fba50c-e562-4a29-a428-75541ccdf4dd/action 0.219s
2016-01-05 22:30:47,484 6324 DEBUG    [tempest_lib.common.rest_client] Request - Headers: {'Content-Type': 'application/json', 'Accept': 'application/json', 'X-Auth-Token': '&lt;omitted&gt;'}
        Body: {"os-getConsoleOutput": {}}
    Response - Headers: {'status': '200', 'content-length': '24666', 'x-compute-request-id': 'req-805826d6-73be-4bac-8be1-6696b42aa616', 'vary': 'X-OpenStack-Nova-API-Version', 'connection': 'close', 'x-openstack-nova-api-version': '2.1', 'date': 'Tue, 05 Jan 2016 22:30:47 GMT', 'content-type': 'application/json'}
        Body: {"output": "[    0.000000] Initializing cgroup subsys cpuset\n[    0.000000] Initializing cgroup subsys cpu\n[    0.000000] Linux version 3.2.0-80-virtual (buildd@batsu) (gcc version 4.6.3 (Ubuntu/Linaro 4.6.3-1ubuntu5) ) #116-Ubuntu SMP Mon Mar 23 17:28:52 UTC 2015 (Ubuntu 3.2.0-80.116-virtual 3.2.68)\n[    0.000000] Command line: root=/dev/vda console=tty0 console=ttyS0 no_timer_check\n[    0.000000] KERNEL supported cpus:\n[    0.000000]   Intel GenuineIntel\n[    0.000000]   AMD AuthenticAMD\n[    0.000000]   Centaur CentaurHauls\n[    0.000000] BIOS-provided physical RAM map:\n[    0.000000]  BIOS-e820: 0000000000000000 - 000000000009fc00 (usable)\n[    0.000000]  BIOS-e820: 000000000009fc00 - 00000000000a0000 (reserved)\n[    0.000000]  BIOS-e820: 00000000000f0000 - 0000000000100000 (reserved)\n[    0.000000]  BIOS-e820: 0000000000100000 - 0000000003ffe000 (usable)\n[    0.000000]  BIOS-e820: 0000000003ffe000 - 0000000004000000 (reserved)\n[    0.000000]  BIOS-e820: 00000000fffc0000 - 0000000100000000 (reserved)\n[    0.000000] NX (Execute Disable) protection: active\n[    0.000000] SMBIOS 2.4 present.\n[    0.000000] No AGP bridge found\n[    0.000000] last_pfn = 0x3ffe max_arch_pfn = 0x400000000\n[    0.000000] x86 PAT enabled: cpu 0, old 0x7040600070406, new 0x7010600070106\n[    0.000000] found SMP MP-table at [ffff8800000f0b00] f0b00\n[    0.000000] init_memory_mapping: 0000000000000000-0000000003ffe000\n[    0.000000] RAMDISK: 03c5e000 - 03ff0000\n[    0.000000] ACPI: RSDP 00000000000f0950 00014 (v00 BOCHS )\n[    0.000000] ACPI: RSDT 0000000003fffbc1 00034 (v01 BOCHS  BXPCRSDT 00000001 BXPC 00000001)\n[    0.000000] ACPI: FACP 0000000003fff1c0 00074 (v01 BOCHS  BXPCFACP 00000001 BXPC 00000001)\n[    0.000000] ACPI: DSDT 0000000003ffe040 01180 (v01 BOCHS  BXPCDSDT 00000001 BXPC 00000001)\n[    0.000000] ACPI: FACS 0000000003ffe000 00040\n[    0.000000] ACPI: SSDT 0000000003fff234 008DD (v01 BOCHS  BXPCSSDT 00000001 BXPC 00000001)\n[    0.000000] ACPI: APIC 0000000003fffb11 00078 (v01 BOCHS  BXPCAPIC 00000001 BXPC 00000001)\n[    0.000000] ACPI: HPET 0000000003fffb89 00038 (v01 BOCHS  BXPCHPET 00000001 BXPC 00000001)\n[    0.000000] No NUMA configuration found\n[    0.000000] Faking a node at 0000000000000000-0000000003ffe000\n[    0.000000] Initmem setup node 0 0000000000000000-0000000003ffe000\n[    0.000000]   NODE_DATA [0000000003ff6000 - 0000000003ffafff]\n[    0.000000] Zone PFN ranges:\n[    0.000000]   DMA      0x00000010 -&gt; 0x00001000\n[    0.000000]   DMA32    0x00001000 -&gt; 0x00100000\n[    0.000000]   Normal   empty\n[    0.000000] Movable zone start PFN for each node\n[    0.000000] early_node_map[2] active PFN ranges\n[    0.000000]     0: 0x00000010 -&gt; 0x0000009f\n[    0.000000]     0: 0x00000100 -&gt; 0x00003ffe\n[    0.000000] ACPI: PM-Timer IO Port: 0xb008\n[    0.000000] ACPI: LAPIC (acpi_id[0x00] lapic_id[0x00] enabled)\n[    0.000000] ACPI: LAPIC_NMI (acpi_id[0xff] dfl dfl lint[0x1])\n[    0.000000] ACPI: IOAPIC (id[0x00] address[0xfec00000] gsi_base[0])\n[    0.000000] IOAPIC[0]: apic_id 0, version 17, address 0xfec00000, GSI 0-23\n[    0.000000] ACPI: INT_SRC_OVR (bus 0 bus_irq 0 global_irq 2 dfl dfl)\n[    0.000000] ACPI: INT_SRC_OVR (bus 0 bus_irq 5 global_irq 5 high level)\n[    0.000000] ACPI: INT_SRC_OVR (bus 0 bus_irq 9 global_irq 9 high level)\n[    0.000000] ACPI: INT_SRC_OVR (bus 0 bus_irq 10 global_irq 10 high level)\n[    0.000000] ACPI: INT_SRC_OVR (bus 0 bus_irq 11 global_irq 11 high level)\n[    0.000000] Using ACPI (MADT) for SMP configuration information\n[    0.000000] ACPI: HPET id: 0x8086a201 base: 0xfed00000\n[    0.000000] SMP: Allowing 1 CPUs, 0 hotplug CPUs\n[    0.000000] PM: Registered nosave memory: 000000000009f000 - 00000000000a0000\n[    0.000000] PM: Registered nosave memory: 00000000000a0000 - 00000000000f0000\n[    0.000000] PM: Registered nosave memory: 00000000000f0000 - 0000000000100000\n[    0.000000] Allocating PCI resources starting at 4000000 (gap: 4000000:fbfc0000)\n[    0.000000] Booting paravirtualized kernel on bare hardware\n[    0.000000] setup_pe
2016-01-05 22:30:47,487 6324 DEBUG    [tempest.scenario.manager] Console output for 07fba50c-e562-4a29-a428-75541ccdf4dd
body=
[    0.000000] Initializing cgroup subsys cpuset
[    0.000000] Initializing cgroup subsys cpu
[    0.000000] Linux version 3.2.0-80-virtual (buildd@batsu) (gcc version 4.6.3 (Ubuntu/Linaro 4.6.3-1ubuntu5) ) #116-Ubuntu SMP Mon Mar 23 17:28:52 UTC 2015 (Ubuntu 3.2.0-80.116-virtual 3.2.68)
[    0.000000] Command line: root=/dev/vda console=tty0 console=ttyS0 no_timer_check
[    0.000000] KERNEL supported cpus:
[    0.000000]   Intel GenuineIntel
[    0.000000]   AMD AuthenticAMD
[    0.000000]   Centaur CentaurHauls
[    0.000000] BIOS-provided physical RAM map:
[    0.000000]  BIOS-e820: 0000000000000000 - 000000000009fc00 (usable)
[    0.000000]  BIOS-e820: 000000000009fc00 - 00000000000a0000 (reserved)
[    0.000000]  BIOS-e820: 00000000000f0000 - 0000000000100000 (reserved)
[    0.000000]  BIOS-e820: 0000000000100000 - 0000000003ffe000 (usable)
[    0.000000]  BIOS-e820: 0000000003ffe000 - 0000000004000000 (reserved)
[    0.000000]  BIOS-e820: 00000000fffc0000 - 0000000100000000 (reserved)
[    0.000000] NX (Execute Disable) protection: active
[    0.000000] SMBIOS 2.4 present.
[    0.000000] No AGP bridge found
[    0.000000] last_pfn = 0x3ffe max_arch_pfn = 0x400000000
[    0.000000] x86 PAT enabled: cpu 0, old 0x7040600070406, new 0x7010600070106
[    0.000000] found SMP MP-table at [ffff8800000f0b00] f0b00
[    0.000000] init_memory_mapping: 0000000000000000-0000000003ffe000
[    0.000000] RAMDISK: 03c5e000 - 03ff0000
[    0.000000] ACPI: RSDP 00000000000f0950 00014 (v00 BOCHS )
[    0.000000] ACPI: RSDT 0000000003fffbc1 00034 (v01 BOCHS  BXPCRSDT 00000001 BXPC 00000001)
[    0.000000] ACPI: FACP 0000000003fff1c0 00074 (v01 BOCHS  BXPCFACP 00000001 BXPC 00000001)
[    0.000000] ACPI: DSDT 0000000003ffe040 01180 (v01 BOCHS  BXPCDSDT 00000001 BXPC 00000001)
[    0.000000] ACPI: FACS 0000000003ffe000 00040
[    0.000000] ACPI: SSDT 0000000003fff234 008DD (v01 BOCHS  BXPCSSDT 00000001 BXPC 00000001)
[    0.000000] ACPI: APIC 0000000003fffb11 00078 (v01 BOCHS  BXPCAPIC 00000001 BXPC 00000001)
[    0.000000] ACPI: HPET 0000000003fffb89 00038 (v01 BOCHS  BXPCHPET 00000001 BXPC 00000001)
[    0.000000] No NUMA configuration found
[    0.000000] Faking a node at 0000000000000000-0000000003ffe000
[    0.000000] Initmem setup node 0 0000000000000000-0000000003ffe000
[    0.000000]   NODE_DATA [0000000003ff6000 - 0000000003ffafff]
[    0.000000] Zone PFN ranges:
[    0.000000]   DMA      0x00000010 -&gt; 0x00001000
[    0.000000]   DMA32    0x00001000 -&gt; 0x00100000
[    0.000000]   Normal   empty
[    0.000000] Movable zone start PFN for each node
[    0.000000] early_node_map[2] active PFN ranges
[    0.000000]     0: 0x00000010 -&gt; 0x0000009f
[    0.000000]     0: 0x00000100 -&gt; 0x00003ffe
[    0.000000] ACPI: PM-Timer IO Port: 0xb008
[    0.000000] ACPI: LAPIC (acpi_id[0x00] lapic_id[0x00] enabled)
[    0.000000] ACPI: LAPIC_NMI (acpi_id[0xff] dfl dfl lint[0x1])
[    0.000000] ACPI: IOAPIC (id[0x00] address[0xfec00000] gsi_base[0])
[    0.000000] IOAPIC[0]: apic_id 0, version 17, address 0xfec00000, GSI 0-23
[    0.000000] ACPI: INT_SRC_OVR (bus 0 bus_irq 0 global_irq 2 dfl dfl)
[    0.000000] ACPI: INT_SRC_OVR (bus 0 bus_irq 5 global_irq 5 high level)
[    0.000000] ACPI: INT_SRC_OVR (bus 0 bus_irq 9 global_irq 9 high level)
[    0.000000] ACPI: INT_SRC_OVR (bus 0 bus_irq 10 global_irq 10 high level)
[    0.000000] ACPI: INT_SRC_OVR (bus 0 bus_irq 11 global_irq 11 high level)
[    0.000000] Using ACPI (MADT) for SMP configuration information
[    0.000000] ACPI: HPET id: 0x8086a201 base: 0xfed00000
[    0.000000] SMP: Allowing 1 CPUs, 0 hotplug CPUs
[    0.000000] PM: Registered nosave memory: 000000000009f000 - 00000000000a0000
[    0.000000] PM: Registered nosave memory: 00000000000a0000 - 00000000000f0000
[    0.000000] PM: Registered nosave memory: 00000000000f0000 - 0000000000100000
[    0.000000] Allocating PCI resources starting at 4000000 (gap: 4000000:fbfc0000)
[    0.000000] Booting paravirtualized kernel on bare hardware
[    0.000000] setup_percpu: NR_CPUS:64 nr_cpumask_bits:64 nr_cpu_ids:1 nr_node_ids:1
[    0.000000] PERCPU: Embedded 27 pages/cpu @ffff880003a00000 s78848 r8192 d23552 u2097152
[    0.000000] Built 1 zonelists in Node order, mobility grouping on.  Total pages: 16008
[    0.000000] Policy zone: DMA32
[    0.000000] Kernel command line: root=/dev/vda console=tty0 console=ttyS0 no_timer_check
[    0.000000] PID hash table entries: 256 (order: -1, 2048 bytes)
[    0.000000] Checking aperture...
[    0.000000] No AGP bridge found
[    0.000000] Memory: 43492k/65528k available (6576k kernel code, 452k absent, 21584k reserved, 6620k data, 928k init)
[    0.000000] SLUB: Genslabs=15, HWalign=64, Order=0-3, MinObjects=0, CPUs=1, Nodes=1
[    0.000000] Hierarchical RCU implementation.
[    0.000000] 	RCU dyntick-idle grace-period acceleration is enabled.
[    0.000000] NR_IRQS:4352 nr_irqs:256 16
[    0.000000] Console: colour VGA+ 80x25
[    0.000000] console [tty0] enabled
[    0.000000] console [ttyS0] enabled
[    0.000000] allocated 1048576 bytes of page_cgroup
[    0.000000] please try 'cgroup_disable=memory' option if you don't want memory cgroups
[    0.000000] Fast TSC calibration failed
[    0.000000] TSC: Unable to calibrate against PIT
[    0.000000] TSC: using HPET reference calibration
[    0.000000] Detected 2291.583 MHz processor.
[    0.037239] Calibrating delay loop (skipped), value calculated using timer frequency.. 4583.16 BogoMIPS (lpj=9166332)
[    0.041078] pid_max: default: 32768 minimum: 301
[    0.049962] Security Framework initialized
[    0.054129] AppArmor: AppArmor initialized
[    0.054728] Yama: becoming mindful.
[    0.062487] Dentry cache hash table entries: 8192 (order: 4, 65536 bytes)
[    0.064684] Inode-cache hash table entries: 4096 (order: 3, 32768 bytes)
[    0.066298] Mount-cache hash table entries: 256
[    0.081706] Initializing cgroup subsys cpuacct
[    0.082771] Initializing cgroup subsys memory
[    0.084432] Initializing cgroup subsys devices
[    0.085242] Initializing cgroup subsys freezer
[    0.086126] Initializing cgroup subsys blkio
[    0.088358] Initializing cgroup subsys perf_event
[    0.092004] mce: CPU supports 10 MCE banks
[    0.096270] SMP alternatives: switching to UP code
[    0.481615] Freeing SMP alternatives: 24k freed
[    0.484465] ACPI: Core revision 20110623
[    0.536518] ftrace: allocating 26610 entries in 105 pages
[    0.560034] ..TIMER: vector=0x30 apic1=0 pin1=2 apic2=-1 pin2=-1
[    0.560158] CPU0: AMD QEMU Virtual CPU version 2.0.0 stepping 03
[    0.564034] Performance Events: Broken PMU hardware detected, using software events only.
[    0.578155] NMI watchdog disabled (cpu0): hardware events not enabled
[    0.581014] Brought up 1 CPUs
[    0.581534] Total of 1 processors activated (4583.16 BogoMIPS).
[    0.604519] devtmpfs: initialized
[    0.636203] EVM: security.selinux
[    0.636764] EVM: security.SMACK64
[    0.637293] EVM: security.capability
[    0.655296] print_constraints: dummy: 
[    0.657225] RTC time: 22:27:17, date: 01/05/16
[    0.660439] NET: Registered protocol family 16
[    0.667167] ACPI: bus type pci registered
[    0.672154] PCI: Using configuration type 1 for base access
[    0.704825] bio: create slab &lt;bio-0&gt; at 0
[    0.709772] ACPI: Added _OSI(Module Device)
[    0.710312] ACPI: Added _OSI(Processor Device)
[    0.710868] ACPI: Added _OSI(3.0 _SCP Extensions)
[    0.711407] ACPI: Added _OSI(Processor Aggregator Device)
[    0.790704] ACPI: Interpreter enabled
[    0.792086] ACPI: (supports S0 S3 S4 S5)
[    0.795044] ACPI: Using IOAPIC for interrupt routing
[    0.868938] ACPI: No dock devices found.
[    0.869623] HEST: Table not found.
[    0.870552] PCI: Using host bridge windows from ACPI; if necessary, use "pci=nocrs" and report a bug
[    0.876772] ACPI: PCI Root Bridge [PCI0] (domain 0000 [bus 00-ff])
[    0.882859] pci_root PNP0A03:00: host bridge window [io  0x0000-0x0cf7]
[    0.884535] pci_root PNP0A03:00: host bridge window [io  0x0d00-0xadff]
[    0.886310] pci_root PNP0A03:00: host bridge window [io  0xae0f-0xaeff]
[    0.888124] pci_root PNP0A03:00: host bridge window [io  0xaf20-0xafdf]
[    0.889297] pci_root PNP0A03:00: host bridge window [io  0xafe4-0xffff]
[    0.892092] pci_root PNP0A03:00: host bridge window [mem 0x000a0000-0x000bffff]
[    0.893671] pci_root PNP0A03:00: host bridge window [mem 0x04000000-0xfebfffff]
[    0.918006] pci 0000:00:01.3: quirk: [io  0xb000-0xb03f] claimed by PIIX4 ACPI
[    0.918920] pci 0000:00:01.3: quirk: [io  0xb100-0xb10f] claimed by PIIX4 SMB
[    0.983326]  pci0000:00: Unable to request _OSC control (_OSC support mask: 0x1e)
[    1.052663] ACPI: PCI Interrupt Link [LNKA] (IRQs 5 *10 11)
[    1.055363] ACPI: PCI Interrupt Link [LNKB] (IRQs 5 *10 11)
[    1.057072] ACPI: PCI Interrupt Link [LNKC] (IRQs 5 10 *11)
[    1.060295] ACPI: PCI Interrupt Link [LNKD] (IRQs 5 10 *11)
[    1.061173] ACPI: PCI Interrupt Link [LNKS] (IRQs *9)
[    1.067359] vgaarb: device added: PCI:0000:00:02.0,decodes=io+mem,owns=io+mem,locks=none
[    1.068190] vgaarb: loaded
[    1.068688] vgaarb: bridge control possible 0000:00:02.0
[    1.073454] i2c-core: driver [aat2870] using legacy suspend method
[    1.074174] i2c-core: driver [aat2870] using legacy resume method
[    1.076911] SCSI subsystem initialized
[    1.081349] usbcore: registered new interface driver usbfs
[    1.082639] usbcore: registered new interface driver hub
[    1.084597] usbcore: registered new device driver usb
[    1.088102] PCI: Using ACPI for IRQ routing
[    1.099270] NetLabel: Initializing
[    1.100155] NetLabel:  domain hash size = 128
[    1.100645] NetLabel:  protocols = UNLABELED CIPSOv4
[    1.102175] NetLabel:  unlabeled traffic allowed by default
[    1.105251] HPET: 3 timers in total, 0 timers will be used for per-cpu timer
[    1.105999] hpet0: at MMIO 0xfed00000, IRQs 2, 8, 0
[    1.108456] hpet0: 3 comparators, 64-bit 100.000000 MHz counter
[    1.121635] Switching to clocksource hpet
[    1.348027] AppArmor: AppArmor Filesystem Enabled
[    1.350085] pnp: PnP ACPI init
[    1.350675] ACPI: bus type pnp registered
[    1.371608] pnp: PnP ACPI: found 9 devices
[    1.372701] ACPI: ACPI bus type pnp unregistered
[    1.435773] NET: Registered protocol family 2
[    1.470289] IP route cache hash table entries: 512 (order: 0, 4096 bytes)
[    1.478311] TCP established hash table entries: 2048 (order: 3, 32768 bytes)
[    1.479928] TCP bind hash table entries: 2048 (order: 3, 32768 bytes)
[    1.481663] TCP: Hash tables configured (established 2048 bind 2048)
[    1.482543] TCP reno registered
[    1.483079] UDP hash table entries: 128 (order: 0, 4096 bytes)
[    1.484544] UDP-Lite hash table entries: 128 (order: 0, 4096 bytes)
[    1.487538] NET: Registered protocol family 1
[    1.488344] pci 0000:00:00.0: Limiting direct PCI/PCI transfers
[    1.489628] pci 0000:00:01.0: PIIX3: Enabling Passive Release
[    1.490577] pci 0000:00:01.0: Activating ISA DMA hang workarounds
[    1.495619] ACPI: PCI Interrupt Link [LNKD] enabled at IRQ 11
[    1.497249] pci 0000:00:01.2: PCI INT D -&gt; Link[LNKD] -&gt; GSI 11 (level, high) -&gt; IRQ 11
[    1.499172] pci 0000:00:01.2: PCI INT D disabled
[    1.516744] Trying to unpack rootfs image as initramfs...
[    1.531299] audit: initializing netlink socket (disabled)
[    1.533456] type=2000 audit(1452032837.532:1): initialized
[    1.830353] HugeTLB registered 2 MB page size, pre-allocated 0 pages
[    1.891564] VFS: Disk quotas dquot_6.5.2
[    1.894502] Dquot-cache hash table entries: 512 (order 0, 4096 bytes)
[    1.941347] fuse init (API version 7.17)
[    1.945937] msgmni has been set to 84
[    1.986836] Block layer SCSI generic (bsg) driver version 0.4 loaded (major 253)
[    1.995601] io scheduler noop registered
[    1.998012] io scheduler deadline registered (default)
[    2.001588] io scheduler cfq registered
[    2.007198] pci_hotplug: PCI Hot Plug PCI Core version: 0.5
[    2.010386] pciehp: PCI Express Hot Plug Controller Driver version: 0.4
[    2.017696] input: Power Button as /devices/LNXSYSTM:00/LNXPWRBN:00/input/input0
[    2.019855] ACPI: Power Button [PWRF]
[    2.078973] ERST: Table is not found!
[    2.081112] GHES: HEST is not enabled!
[    2.094285] ACPI: PCI Interrupt Link [LNKC] enabled at IRQ 10
[    2.095430] virtio-pci 0000:00:03.0: PCI INT A -&gt; Link[LNKC] -&gt; GSI 10 (level, high) -&gt; IRQ 10
[    2.099762] virtio-pci 0000:00:04.0: PCI INT A -&gt; Link[LNKD] -&gt; GSI 11 (level, high) -&gt; IRQ 11
[    2.119144] ACPI: PCI Interrupt Link [LNKA] enabled at IRQ 10
[    2.120830] virtio-pci 0000:00:05.0: PCI INT A -&gt; Link[LNKA] -&gt; GSI 10 (level, high) -&gt; IRQ 10
[    2.134070] Serial: 8250/16550 driver, 32 ports, IRQ sharing enabled
[    2.178668] serial8250: ttyS0 at I/O 0x3f8 (irq = 4) is a 16550A
[    2.273334] serial8250: ttyS1 at I/O 0x2f8 (irq = 3) is a 16550A
[    2.410134] 00:05: ttyS0 at I/O 0x3f8 (irq = 4) is a 16550A
[    2.485493] 00:06: ttyS1 at I/O 0x2f8 (irq = 3) is a 16550A
[    2.507654] Refined TSC clocksource calibration: 2291.607 MHz.
[    2.509063] Switching to clocksource tsc
[    2.547323] Linux agpgart interface v0.103
[    2.603012] brd: module loaded
[    2.634050] loop: module loaded
[    2.686531]  vda: unknown partition table
[    2.733396] scsi0 : ata_piix
[    2.741114] scsi1 : ata_piix
[    2.742153] ata1: PATA max MWDMA2 cmd 0x1f0 ctl 0x3f6 bmdma 0xc0a0 irq 14
[    2.742995] ata2: PATA max MWDMA2 cmd 0x170 ctl 0x376 bmdma 0xc0a8 irq 15
[    2.751830] Fixed MDIO Bus: probed
[    2.754482] tun: Universal TUN/TAP device driver, 1.6
[    2.755038] tun: (C) 1999-2004 Max Krasnyansky &lt;maxk@qualcomm.com&gt;
[    2.768122] PPP generic driver version 2.4.2
[    2.790315] ehci_hcd: USB 2.0 'Enhanced' Host Controller (EHCI) Driver
[    2.791414] ohci_hcd: USB 1.1 'Open' Host Controller (OHCI) Driver
[    2.793987] uhci_hcd: USB Universal Host Controller Interface driver
[    2.795005] uhci_hcd 0000:00:01.2: PCI INT D -&gt; Link[LNKD] -&gt; GSI 11 (level, high) -&gt; IRQ 11
[    2.798085] uhci_hcd 0000:00:01.2: UHCI Host Controller
[    2.813316] uhci_hcd 0000:00:01.2: new USB bus registered, assigned bus number 1
[    2.814834] uhci_hcd 0000:00:01.2: irq 11, io base 0x0000c040
[    2.831057] hub 1-0:1.0: USB hub found
[    2.833544] hub 1-0:1.0: 2 ports detected
[    2.844881] usbcore: registered new interface driver libusual
[    2.848609] i8042: PNP: PS/2 Controller [PNP0303:KBD,PNP0f13:MOU] at 0x60,0x64 irq 1,12
[    2.857750] serio: i8042 KBD port at 0x60,0x64 irq 1
[    2.859152] serio: i8042 AUX port at 0x60,0x64 irq 12
[    2.900141] mousedev: PS/2 mouse device common for all mice
[    2.910313] input: AT Translated Set 2 keyboard as /devices/platform/i8042/serio0/input/input1
[    2.923840] rtc_cmos 00:01: RTC can wake from S4
[    2.972712] rtc_cmos 00:01: rtc core: registered rtc_cmos as rtc0
[    2.976603] rtc0: alarms up to one day, 114 bytes nvram, hpet irqs
[    2.981500] device-mapper: uevent: version 1.0.3
[    2.986650] ata2.01: ATAPI: QEMU DVD-ROM, 2.0.0, max UDMA/100
[    3.000993] ata2.01: configured for MWDMA2
[    3.038473] device-mapper: ioctl: 4.22.0-ioctl (2011-10-19) initialised: dm-devel@redhat.com
[    3.042401] cpuidle: using governor ladder
[    3.043776] cpuidle: using governor menu
[    3.045817] EFI Variables Facility v0.08 2004-May-17
[    3.055818] TCP cubic registered
[    3.060064] NET: Registered protocol family 10
[    3.097838] NET: Registered protocol family 17
[    3.099967] Registering the dns_resolver key type
[    3.122467] scsi 1:0:1:0: CD-ROM            QEMU     QEMU DVD-ROM     2.0. PQ: 0 ANSI: 5
[    3.148964] sr0: scsi3-mmc drive: 4x/4x cd/rw xa/form2 tray
[    3.150628] cdrom: Uniform CD-ROM driver Revision: 3.20
[    3.178527] sr 1:0:1:0: Attached scsi generic sg0 type 5
[    3.230491] registered taskstats version 1
[    3.257878] Freeing initrd memory: 3656k freed
[    3.788795]   Magic number: 0:604:501
[    3.798135] rtc_cmos 00:01: setting system clock to 2016-01-05 22:27:20 UTC (1452032840)
[    3.801411] powernow-k8: Processor cpuid 663 not supported
[    3.814865] BIOS EDD facility v0.16 2004-Jun-25, 0 devices found
[    3.816112] EDD information not available.
[    3.889080] Freeing unused kernel memory: 928k freed
[    3.892061] Write protecting the kernel read-only data: 12288k
[    3.983938] Freeing unused kernel memory: 1596k freed
[    4.053722] Freeing unused kernel memory: 1184k freed

info: initramfs: up at 4.23
modprobe: module virtio_blk not found in modules.dep
modprobe: module virtio_net not found in modules.dep
info: copying initramfs to /dev/vda
info: initramfs loading root from /dev/vda
info: /etc/init.d/rc.sysinit: up at 8.77
info: container: none
Starting logging: OK
modprobe: module virtio_blk not found in modules.dep
modprobe: module virtio_net not found in modules.dep
WARN: /etc/rc3.d/S10-load-modules failed
Initializing random number generator... done.
Starting acpid: OK
cirros-ds 'local' up at 11.38
found datasource (configdrive, local)
Starting network...
udhcpc (v1.20.1) started
Sending discover...
Sending discover...
Sending discover...
Usage: /sbin/cirros-dhcpc &lt;up|down&gt;
No lease, failing
WARN: /etc/rc3.d/S40-network failed
Starting dropbear sshd: generating rsa key... generating dsa key... OK
no userdata for datasource
=== system information ===
Platform: OpenStack Foundation OpenStack Nova
Container: none
Arch: x86_64
CPU(s): 1 @ 2291.583 MHz
Cores/Sockets/Threads: 1/1/1
Virt-type: AMD-V
RAM Size: 49MB
Disks:
NAME MAJ:MIN     SIZE LABEL         MOUNTPOINT
vda  253:0   25165824 cirros-rootfs /
sr0   11:0     428032 config-2      
=== sshd host keys ===
-----BEGIN SSH HOST KEY KEYS-----
ssh-rsa AAAAB3NzaC1yc2EAAAADAQABAAAAgmbNuKF9+1sJwkyiy/HxsaZl92/DLT41Z5gF+KAaaXPmzVlw9Movgt5A1+0PMsK3cNB8bRkplECHxnEW7T0qqd6w+cDlZuthg52bWGCJR2rHilrRDhPVsuOYh67wLvIyGGm2SpVMfzwgq56sBqXFzbpuUsqoWioOdd6EpTCghajt8ec= root@tempest
ssh-dss AAAAB3NzaC1kc3MAAACBALcJK4o0eRGTXoT+VBnNQ4EU6coos4ioCc4ncksmM1vI1qCKcvddvCeuk2lnxzusNFxf02SZUU+QFSc2uw+hpMZgHO0I1TV1f9MY6vaeTfjb2GfFKotc3WbqdHOiaTezvPZqWkWYArBXJCJpHOOomorQOTMvIAanrKPNq06oflLTAAAAFQCX5VVwdLCHIJC2hq1EfCAqxpxNewAAAIEAql0XKf2ZUk6/DUqPftnu3cCCZeM/fX1qFV9DUPhD+9v3VOtM2+ni6jNNGG+831SWKAB2PiyqBeS58jv7GKRRch4mrEXDx/JlOiIgvoMSt+GNiBu1TGTAGGvh6vLIXZZBm0/ZHmXhxFVuZ/JKrESE0gCdO6BDNllot3LKlba4L7UAAACAVdTX0Svcd+Y8O8g79uXA+QZBLpGfSfyefPXhGbI9juFNovnTSrztqZQCgEpot3krazTS6HoSlQ7thq9f4wgEOL0DnmR9mPZC+TOk+vu5/9WU83D8ltPisDjDEHBcAyKu+1RaL+XSQMiG/L2gPNMjchrOAfKN/r4ZQtrmMVAOupM= root@tempest
-----END SSH HOST KEY KEYS-----
=== network info ===
if-info: lo,up,127.0.0.1,8,::1
if-info: eth0,up,,8,fe80::f816:3eff:fe08:61ea
=== datasource: configdrive local ===
instance-id: 07fba50c-e562-4a29-a428-75541ccdf4dd
name: tempest.common.compute-instance-77297048
availability-zone: nova
local-hostname: tempest.common.compute-instance-77297048.novalocal
launch-index: 0
=== cirros: current=0.3.4 uptime=202.45 ===
route: fscanf
=== pinging gateway failed, debugging connection ===
############ debug start ##############
### /etc/init.d/sshd start
Starting dropbear sshd: OK
route: fscanf
### ifconfig -a
eth0      Link encap:Ethernet  HWaddr FA:16:3E:08:61:EA  
          inet6 addr: fe80::f816:3eff:fe08:61ea/64 Scope:Link
          UP BROADCAST RUNNING MULTICAST  MTU:1500  Metric:1
          RX packets:13 errors:0 dropped:6 overruns:0 frame:0
          TX packets:8 errors:0 dropped:0 overruns:0 carrier:0
          collisions:0 txqueuelen:1000 
          RX bytes:1416 (1.3 KiB)  TX bytes:1134 (1.1 KiB)

lo        Link encap:Local Loopback  
          inet addr:127.0.0.1  Mask:255.0.0.0
          inet6 addr: ::1/128 Scope:Host
          UP LOOPBACK RUNNING  MTU:16436  Metric:1
          RX packets:12 errors:0 dropped:0 overruns:0 frame:0
          TX packets:12 errors:0 dropped:0 overruns:0 carrier:0
          collisions:0 txqueuelen:0 
          RX bytes:1020 (1020.0 B)  TX bytes:1020 (1020.0 B)

### route -n
Kernel IP routing table
Destination     Gateway         Genmask         Flags Metric Ref    Use Iface
route: fscanf
### cat /etc/resolv.conf
cat: can't open '/etc/resolv.conf': No such file or directory
### gateway not found
/sbin/cirros-status: line 1: can't open /etc/resolv.conf: no such file
### pinging nameservers
### uname -a
Linux tempest 3.2.0-80-virtual #116-Ubuntu SMP Mon Mar 23 17:28:52 UTC 2015 x86_64 GNU/Linux
### lsmod
Module                  Size  Used by    Not tainted
nls_iso8859_1          12713  0 
nls_cp437              16991  0 
vfat                   17585  0 
fat                    61512  1 vfat
isofs                  40259  0 
ip_tables              27473  0 
x_tables               29891  1 ip_tables
pcnet32                42119  0 
8139cp                 27360  0 
ne2k_pci               13691  0 
8390                   18856  1 ne2k_pci
e1000                 108589  0 
acpiphp                24231  0 
### dmesg | tail
[    5.015919] EXT3-fs (vda): mounted filesystem with ordered data mode
[    5.339416] ISO 9660 Extensions: Microsoft Joliet Level 3
[    5.413610] ISO 9660 Extensions: RRIP_1991A
[    5.657605] kjournald starting.  Commit interval 5 seconds
[    5.674612] EXT3-fs (vda): using internal journal
[    5.674779] EXT3-fs (vda): mounted filesystem with ordered data mode
[    8.844073] EXT3-fs (vda): using internal journal
[   12.184212] ISO 9660 Extensions: Microsoft Joliet Level 3
[   12.285939] ISO 9660 Extensions: RRIP_1991A
[   27.194793] eth0: no IPv6 routers present
### tail -n 25 /var/log/messages
Jan  5 22:27:26 cirros kern.info kernel: [    4.514408] acpiphp: Slot [26] registered
Jan  5 22:27:27 cirros kern.info kernel: [    4.514689] acpiphp: Slot [27] registered
Jan  5 22:27:27 cirros kern.info kernel: [    4.514977] acpiphp: Slot [28] registered
Jan  5 22:27:27 cirros kern.info kernel: [    4.515322] acpiphp: Slot [29] registered
Jan  5 22:27:27 cirros kern.info kernel: [    4.515670] acpiphp: Slot [30] registered
Jan  5 22:27:27 cirros kern.info kernel: [    4.515956] acpiphp: Slot [31] registered
Jan  5 22:27:27 cirros kern.info kernel: [    4.558960] e1000: Intel(R) PRO/1000 Network Driver - version 7.3.21-k8-NAPI
Jan  5 22:27:27 cirros kern.info kernel: [    4.559034] e1000: Copyright (c) 1999-2006 Intel Corporation.
Jan  5 22:27:27 cirros kern.info kernel: [    4.596661] ne2k-pci.c:v1.03 9/22/2003 D. Becker/P. Gortmaker
Jan  5 22:27:27 cirros kern.info kernel: [    4.631897] 8139cp: 8139cp: 10/100 PCI Ethernet driver v1.3 (Mar 22, 2004)
Jan  5 22:27:27 cirros kern.info kernel: [    4.669444] pcnet32: pcnet32.c:v1.35 21.Apr.2008 tsbogend@alpha.franken.de
Jan  5 22:27:27 cirros kern.info kernel: [    4.738659] ip_tables: (C) 2000-2006 Netfilter Core Team
Jan  5 22:27:27 cirros kern.info kernel: [    5.005333] kjournald starting.  Commit interval 5 seconds
Jan  5 22:27:27 cirros kern.info kernel: [    5.015919] EXT3-fs (vda): mounted filesystem with ordered data mode
Jan  5 22:27:27 cirros kern.debug kernel: [    5.339416] ISO 9660 Extensions: Microsoft Joliet Level 3
Jan  5 22:27:27 cirros kern.debug kernel: [    5.413610] ISO 9660 Extensions: RRIP_1991A
Jan  5 22:27:27 cirros kern.info kernel: [    5.657605] kjournald starting.  Commit interval 5 seconds
Jan  5 22:27:27 cirros kern.info kernel: [    5.674612] EXT3-fs (vda): using internal journal
Jan  5 22:27:27 cirros kern.info kernel: [    5.674779] EXT3-fs (vda): mounted filesystem with ordered data mode
Jan  5 22:27:27 cirros kern.info kernel: [    8.844073] EXT3-fs (vda): using internal journal
Jan  5 22:27:28 cirros kern.debug kernel: [   12.184212] ISO 9660 Extensions: Microsoft Joliet Level 3
Jan  5 22:27:28 cirros kern.debug kernel: [   12.285939] ISO 9660 Extensions: RRIP_1991A
Jan  5 22:27:31 cirros auth.notice su: + /dev/console root:cirros
Jan  5 22:27:43 cirros kern.debug kernel: [   27.194793] eth0: no IPv6 routers present
Jan  5 22:30:37 cirros authpriv.info dropbear[283]: Running in background
############ debug end   ##############
  ____               ____  ____
 / __/ __ ____ ____ / __ \/ __/
/ /__ / // __// __// /_/ /\ \ 
\___//_//_/  /_/   \____/___/ 
   http://cirros-cloud.net


login as 'cirros' user. default password: 'cubswin:)'. use 'sudo' for root.
tempest login: 
2016-01-05 22:30:47,761 6324 INFO     [tempest_lib.common.rest_client] Request (TestGettingAddress:_run_cleanups): 204 DELETE http://10.0.2.15:9696/v2.0/floatingips/ddb928ba-3da7-47dc-81d3-1106f6c0e923 0.270s
2016-01-05 22:30:47,761 6324 DEBUG    [tempest_lib.common.rest_client] Request - Headers: {'Content-Type': 'application/json', 'Accept': 'application/json', 'X-Auth-Token': '&lt;omitted&gt;'}
        Body: None
    Response - Headers: {'date': 'Tue, 05 Jan 2016 22:30:47 GMT', 'status': '204', 'connection': 'close', 'content-length': '0', 'x-openstack-request-id': 'req-8e9b7ac4-f8d5-443f-bee2-faa64b30bea9'}
        Body: 
2016-01-05 22:30:47,976 6324 INFO     [tempest_lib.common.rest_client] Request (TestGettingAddress:_run_cleanups): 204 DELETE http://10.0.2.15:8774/v2.1/1004dbe7b6f3486c95cc4e3c5f9c600d/servers/07fba50c-e562-4a29-a428-75541ccdf4dd 0.214s
2016-01-05 22:30:47,976 6324 DEBUG    [tempest_lib.common.rest_client] Request - Headers: {'Content-Type': 'application/json', 'Accept': 'application/json', 'X-Auth-Token': '&lt;omitted&gt;'}
        Body: None
    Response - Headers: {'status': '204', 'content-length': '0', 'x-compute-request-id': 'req-d1254732-165a-4ad5-8bc7-263167a355a5', 'vary': 'X-OpenStack-Nova-API-Version', 'connection': 'close', 'x-openstack-nova-api-version': '2.1', 'date': 'Tue, 05 Jan 2016 22:30:47 GMT', 'content-type': 'application/json'}
        Body: 
2016-01-05 22:30:48,195 6324 INFO     [tempest_lib.common.rest_client] Request (TestGettingAddress:_run_cleanups): 200 GET http://10.0.2.15:8774/v2.1/1004dbe7b6f3486c95cc4e3c5f9c600d/servers/07fba50c-e562-4a29-a428-75541ccdf4dd 0.218s
2016-01-05 22:30:48,195 6324 DEBUG    [tempest_lib.common.rest_client] Request - Headers: {'Content-Type': 'application/json', 'Accept': 'application/json', 'X-Auth-Token': '&lt;omitted&gt;'}
        Body: None
    Response - Headers: {'status': '200', 'content-length': '1900', 'content-location': 'http://10.0.2.15:8774/v2.1/1004dbe7b6f3486c95cc4e3c5f9c600d/servers/07fba50c-e562-4a29-a428-75541ccdf4dd', 'x-compute-request-id': 'req-72a3abf3-cec8-4e8f-8507-b8ed43dd8934', 'vary': 'X-OpenStack-Nova-API-Version', 'connection': 'close', 'x-openstack-nova-api-version': '2.1', 'date': 'Tue, 05 Jan 2016 22:30:48 GMT', 'content-type': 'application/json'}
        Body: {"server": {"status": "ACTIVE", "updated": "2016-01-05T22:30:47Z", "hostId": "df8ee1d3db3add2f3e800923d34670c70258c1d4c0359400c85c4b60", "addresses": {"tempest-network-smoke--134840828": [{"OS-EXT-IPS-MAC:mac_addr": "fa:16:3e:08:61:ea", "version": 4, "addr": "10.100.0.3", "OS-EXT-IPS:type": "fixed"}, {"OS-EXT-IPS-MAC:mac_addr": "fa:16:3e:08:61:ea", "version": 6, "addr": "2003::f816:3eff:fe08:61ea", "OS-EXT-IPS:type": "fixed"}, {"OS-EXT-IPS-MAC:mac_addr": "fa:16:3e:08:61:ea", "version": 4, "addr": "172.24.4.4", "OS-EXT-IPS:type": "floating"}]}, "links": [{"href": "http://10.0.2.15:8774/v2.1/1004dbe7b6f3486c95cc4e3c5f9c600d/servers/07fba50c-e562-4a29-a428-75541ccdf4dd", "rel": "self"}, {"href": "http://10.0.2.15:8774/1004dbe7b6f3486c95cc4e3c5f9c600d/servers/07fba50c-e562-4a29-a428-75541ccdf4dd", "rel": "bookmark"}], "key_name": "tempest-TestGettingAddress-194780669", "image": {"id": "3be80787-84bd-4e7d-b9c1-e4b8f960166a", "links": [{"href": "http://10.0.2.15:8774/1004dbe7b6f3486c95cc4e3c5f9c600d/images/3be80787-84bd-4e7d-b9c1-e4b8f960166a", "rel": "bookmark"}]}, "OS-EXT-STS:task_state": "deleting", "OS-EXT-STS:vm_state": "active", "OS-SRV-USG:launched_at": "2016-01-05T22:27:13.000000", "flavor": {"id": "42", "links": [{"href": "http://10.0.2.15:8774/1004dbe7b6f3486c95cc4e3c5f9c600d/flavors/42", "rel": "bookmark"}]}, "id": "07fba50c-e562-4a29-a428-75541ccdf4dd", "security_groups": [{"name": "tempest-secgroup-smoke-458258103"}], "OS-SRV-USG:terminated_at": null, "OS-EXT-AZ:availability_zone": "nova", "user_id": "ac5cc14971be45e98c336bd72185c9fa", "name": "tempest.common.compute-instance-77297048", "created": "2016-01-05T22:27:10Z", "tenant_id": "1004dbe7b6f3486c95cc4e3c5f9c600d", "OS-DCF:diskConfig": "MANUAL", "os-extended-volumes:volumes_attached": [], "accessIPv4": "", "accessIPv6": "", "progress": 0, "OS-EXT-STS:power_state": 1, "config_drive": "True", "metadata": {}}}
2016-01-05 22:30:49,407 6324 INFO     [tempest_lib.common.rest_client] Request (TestGettingAddress:_run_cleanups): 200 GET http://10.0.2.15:8774/v2.1/1004dbe7b6f3486c95cc4e3c5f9c600d/servers/07fba50c-e562-4a29-a428-75541ccdf4dd 0.199s
2016-01-05 22:30:49,408 6324 DEBUG    [tempest_lib.common.rest_client] Request - Headers: {'Content-Type': 'application/json', 'Accept': 'application/json', 'X-Auth-Token': '&lt;omitted&gt;'}
        Body: None
    Response - Headers: {'status': '200', 'content-length': '1833', 'content-location': 'http://10.0.2.15:8774/v2.1/1004dbe7b6f3486c95cc4e3c5f9c600d/servers/07fba50c-e562-4a29-a428-75541ccdf4dd', 'x-compute-request-id': 'req-662a56b8-b055-401d-9dcf-496d25427f39', 'vary': 'X-OpenStack-Nova-API-Version', 'connection': 'close', 'x-openstack-nova-api-version': '2.1', 'date': 'Tue, 05 Jan 2016 22:30:49 GMT', 'content-type': 'application/json'}
        Body: {"server": {"status": "ACTIVE", "updated": "2016-01-05T22:30:48Z", "hostId": "df8ee1d3db3add2f3e800923d34670c70258c1d4c0359400c85c4b60", "addresses": {"tempest-network-smoke--134840828": [{"OS-EXT-IPS-MAC:mac_addr": "fa:16:3e:08:61:ea", "version": 4, "addr": "10.100.0.3", "OS-EXT-IPS:type": "fixed"}, {"OS-EXT-IPS-MAC:mac_addr": "fa:16:3e:08:61:ea", "version": 6, "addr": "2003::f816:3eff:fe08:61ea", "OS-EXT-IPS:type": "fixed"}, {"OS-EXT-IPS-MAC:mac_addr": "fa:16:3e:08:61:ea", "version": 4, "addr": "172.24.4.4", "OS-EXT-IPS:type": "floating"}]}, "links": [{"href": "http://10.0.2.15:8774/v2.1/1004dbe7b6f3486c95cc4e3c5f9c600d/servers/07fba50c-e562-4a29-a428-75541ccdf4dd", "rel": "self"}, {"href": "http://10.0.2.15:8774/1004dbe7b6f3486c95cc4e3c5f9c600d/servers/07fba50c-e562-4a29-a428-75541ccdf4dd", "rel": "bookmark"}], "key_name": "tempest-TestGettingAddress-194780669", "image": {"id": "3be80787-84bd-4e7d-b9c1-e4b8f960166a", "links": [{"href": "http://10.0.2.15:8774/1004dbe7b6f3486c95cc4e3c5f9c600d/images/3be80787-84bd-4e7d-b9c1-e4b8f960166a", "rel": "bookmark"}]}, "OS-EXT-STS:task_state": "deleting", "OS-EXT-STS:vm_state": "active", "OS-SRV-USG:launched_at": "2016-01-05T22:27:13.000000", "flavor": {"id": "42", "links": [{"href": "http://10.0.2.15:8774/1004dbe7b6f3486c95cc4e3c5f9c600d/flavors/42", "rel": "bookmark"}]}, "id": "07fba50c-e562-4a29-a428-75541ccdf4dd", "OS-SRV-USG:terminated_at": null, "OS-EXT-AZ:availability_zone": "nova", "user_id": "ac5cc14971be45e98c336bd72185c9fa", "name": "tempest.common.compute-instance-77297048", "created": "2016-01-05T22:27:10Z", "tenant_id": "1004dbe7b6f3486c95cc4e3c5f9c600d", "OS-DCF:diskConfig": "MANUAL", "os-extended-volumes:volumes_attached": [], "accessIPv4": "", "accessIPv6": "", "progress": 0, "OS-EXT-STS:power_state": 1, "config_drive": "True", "metadata": {}}}
2016-01-05 22:30:50,506 6324 INFO     [tempest_lib.common.rest_client] Request (TestGettingAddress:_run_cleanups): 404 GET http://10.0.2.15:8774/v2.1/1004dbe7b6f3486c95cc4e3c5f9c600d/servers/07fba50c-e562-4a29-a428-75541ccdf4dd 0.085s
2016-01-05 22:30:50,506 6324 DEBUG    [tempest_lib.common.rest_client] Request - Headers: {'Content-Type': 'application/json', 'Accept': 'application/json', 'X-Auth-Token': '&lt;omitted&gt;'}
        Body: None
    Response - Headers: {'status': '404', 'content-length': '111', 'x-compute-request-id': 'req-3d3949ea-578e-4ede-819d-df7a123d42cd', 'vary': 'X-OpenStack-Nova-API-Version', 'connection': 'close', 'x-openstack-nova-api-version': '2.1', 'date': 'Tue, 05 Jan 2016 22:30:50 GMT', 'content-type': 'application/json; charset=UTF-8'}
        Body: {"itemNotFound": {"message": "Instance 07fba50c-e562-4a29-a428-75541ccdf4dd could not be found.", "code": 404}}
2016-01-05 22:30:50,924 6324 INFO     [tempest_lib.common.rest_client] Request (TestGettingAddress:_run_cleanups): 200 PUT http://10.0.2.15:9696/v2.0/routers/7f93a980-adc1-415a-a233-6ef59f124987/remove_router_interface 0.416s
2016-01-05 22:30:50,924 6324 DEBUG    [tempest_lib.common.rest_client] Request - Headers: {'Content-Type': 'application/json', 'Accept': 'application/json', 'X-Auth-Token': '&lt;omitted&gt;'}
        Body: {"subnet_id": "10d3d67e-1052-43d6-af7d-7a26e32a5986"}
    Response - Headers: {'status': '200', 'content-length': '255', 'connection': 'close', 'date': 'Tue, 05 Jan 2016 22:30:50 GMT', 'content-type': 'application/json; charset=UTF-8', 'x-openstack-request-id': 'req-abffe780-68ba-436e-8144-861d848ddade'}
        Body: {"subnet_id": "10d3d67e-1052-43d6-af7d-7a26e32a5986", "tenant_id": "1004dbe7b6f3486c95cc4e3c5f9c600d", "subnet_ids": ["10d3d67e-1052-43d6-af7d-7a26e32a5986"], "port_id": "c89101d7-5656-42b7-9221-6661bc0d6f54", "id": "7f93a980-adc1-415a-a233-6ef59f124987"}
2016-01-05 22:30:51,465 6324 INFO     [tempest_lib.common.rest_client] Request (TestGettingAddress:_run_cleanups): 204 DELETE http://10.0.2.15:9696/v2.0/subnets/10d3d67e-1052-43d6-af7d-7a26e32a5986 0.540s
2016-01-05 22:30:51,466 6324 DEBUG    [tempest_lib.common.rest_client] Request - Headers: {'Content-Type': 'application/json', 'Accept': 'application/json', 'X-Auth-Token': '&lt;omitted&gt;'}
        Body: None
    Response - Headers: {'date': 'Tue, 05 Jan 2016 22:30:51 GMT', 'status': '204', 'connection': 'close', 'content-length': '0', 'x-openstack-request-id': 'req-a94e7c22-d975-473d-8df1-c195b6723901'}
        Body: 
2016-01-05 22:30:51,514 6324 INFO     [tempest_lib.common.rest_client] Request (TestGettingAddress:_run_cleanups): 404 DELETE http://10.0.2.15:9696/v2.0/subnets/10d3d67e-1052-43d6-af7d-7a26e32a5986 0.047s
2016-01-05 22:30:51,514 6324 DEBUG    [tempest_lib.common.rest_client] Request - Headers: {'Content-Type': 'application/json', 'Accept': 'application/json', 'X-Auth-Token': '&lt;omitted&gt;'}
        Body: None
    Response - Headers: {'status': '404', 'content-length': '136', 'connection': 'close', 'date': 'Tue, 05 Jan 2016 22:30:51 GMT', 'content-type': 'application/json; charset=UTF-8', 'x-openstack-request-id': 'req-a47be96d-455b-4a93-a0f3-65244e105038'}
        Body: {"NeutronError": {"message": "Subnet 10d3d67e-1052-43d6-af7d-7a26e32a5986 could not be found.", "type": "SubnetNotFound", "detail": ""}}
2016-01-05 22:30:51,922 6324 INFO     [tempest_lib.common.rest_client] Request (TestGettingAddress:_run_cleanups): 200 PUT http://10.0.2.15:9696/v2.0/routers/7f93a980-adc1-415a-a233-6ef59f124987/remove_router_interface 0.407s
2016-01-05 22:30:51,923 6324 DEBUG    [tempest_lib.common.rest_client] Request - Headers: {'Content-Type': 'application/json', 'Accept': 'application/json', 'X-Auth-Token': '&lt;omitted&gt;'}
        Body: {"subnet_id": "d98f0041-dc79-402a-916f-3309e5f2ffae"}
