<?xml version="1.0" encoding="UTF-8"?>
<!DOCTYPE html PUBLIC "-//W3C//DTD XHTML 1.0 Strict//EN"
     "http://www.w3.org/TR/xhtml1/DTD/xhtml1-strict.dtd">
<html xmlns="http://www.w3.org/1999/xhtml">
<head>
    <title>Unit Test Report</title>
    <meta name="generator" content="subunit2html 0.1"/>
    <meta http-equiv="Content-Type" content="text/html; charset=UTF-8"/>
    
<style type="text/css" media="screen">
body        { font-family: verdana, arial, helvetica, sans-serif;
    font-size: 80%; }
table       { font-size: 100%; width: 100%;}
pre         { font-size: 80%; }

/* -- heading -------------------------------------------------------------- */
h1 {
        font-size: 16pt;
        color: gray;
}
.heading {
    margin-top: 0ex;
    margin-bottom: 1ex;
}

.heading .attribute {
    margin-top: 1ex;
    margin-bottom: 0;
}

.heading .description {
    margin-top: 4ex;
    margin-bottom: 6ex;
}

/* -- css div popup -------------------------------------------------------- */
a.popup_link {
}

a.popup_link:hover {
    color: red;
}

.popup_window {
    display: none;
    overflow-x: scroll;
    /*border: solid #627173 1px; */
    padding: 10px;
    background-color: #E6E6D6;
    font-family: "Ubuntu Mono", "Lucida Console", "Courier New", monospace;
    text-align: left;
    font-size: 8pt;
}

}
/* -- report --------------------------------------------------------------- */
#show_detail_line {
    margin-top: 3ex;
    margin-bottom: 1ex;
}
#result_table {
    width: 100%;
    border-collapse: collapse;
    border: 1px solid #777;
}
#header_row {
    font-weight: bold;
    color: white;
    background-color: #777;
}
#result_table td {
    border: 1px solid #777;
    padding: 2px;
}
#total_row  { font-weight: bold; }
.passClass  { background-color: #6c6; }
.failClass  { background-color: #c60; }
.errorClass { background-color: #c00; }
.passCase   { color: #6c6; }
.failCase   { color: #c60; font-weight: bold; }
.errorCase  { color: #c00; font-weight: bold; }
.hiddenRow  { display: none; }
.testcase   { margin-left: 2em; }
td.testname {width: 40%}
td.small {width: 40px}

/* -- ending --------------------------------------------------------------- */
#ending {
}

</style>

</head>
<body>
<script language="javascript" type="text/javascript"><!--
output_list = Array();

/* level - 0:Summary; 1:Failed; 2:All */
function showCase(level) {
    trs = document.getElementsByTagName("tr");
    for (var i = 0; i < trs.length; i++) {
        tr = trs[i];
        id = tr.id;
        if (id.substr(0,2) == 'ft') {
            if (level < 1) {
                tr.className = 'hiddenRow';
            }
            else {
                tr.className = '';
            }
        }
        if (id.substr(0,2) == 'pt') {
            if (level > 1) {
                tr.className = '';
            }
            else {
                tr.className = 'hiddenRow';
            }
        }
    }
}


function showClassDetail(cid, count) {
    var id_list = Array(count);
    var toHide = 1;
    for (var i = 0; i < count; i++) {
        tid0 = 't' + cid.substr(1) + '.' + (i+1);
        tid = 'f' + tid0;
        tr = document.getElementById(tid);
        if (!tr) {
            tid = 'p' + tid0;
            tr = document.getElementById(tid);
        }
        id_list[i] = tid;
        if (tr.className) {
            toHide = 0;
        }
    }
    for (var i = 0; i < count; i++) {
        tid = id_list[i];
        if (toHide) {
            document.getElementById('div_'+tid).style.display = 'none'
            document.getElementById(tid).className = 'hiddenRow';
        }
        else {
            document.getElementById(tid).className = '';
        }
    }
}


function showTestDetail(div_id){
    var details_div = document.getElementById(div_id)
    var displayState = details_div.style.display
    // alert(displayState)
    if (displayState != 'block' ) {
        displayState = 'block'
        details_div.style.display = 'block'
    }
    else {
        details_div.style.display = 'none'
    }
}


function html_escape(s) {
    s = s.replace(/&/g,'&amp;');
    s = s.replace(/</g,'&lt;');
    s = s.replace(/>/g,'&gt;');
    return s;
}

/* obsoleted by detail in <div>
function showOutput(id, name) {
    var w = window.open("", //url
                    name,
                    "resizable,scrollbars,status,width=800,height=450");
    d = w.document;
    d.write("<pre>");
    d.write(html_escape(output_list[id]));
    d.write("\n");
    d.write("<a href='javascript:window.close()'>close</a>\n");
    d.write("</pre>\n");
    d.close();
}
*/
--></script>

<div class='heading'>
<h1>Unit Test Report</h1>

<p class='attribute'><strong>Status:</strong> Failure 8</p>

<p class='description'></p>
</div>



<p id='show_detail_line'>Show
<a href='javascript:showCase(0)'>Summary</a>
<a href='javascript:showCase(1)'>Failed</a>
<a href='javascript:showCase(2)'>All</a>
</p>
<table id='result_table'>
<colgroup>
<col align='left' />
<col align='right' />
<col align='right' />
<col align='right' />
<col align='right' />
<col align='right' />
<col align='right' />
<col align='right' />
</colgroup>
<tr id='header_row'>
    <td>Test Group/Test case</td>
    <td>Count</td>
    <td>Pass</td>
    <td>Fail</td>
    <td>Error</td>
    <td>Skip</td>
    <td>View</td>
    <td> </td>
</tr>

<tr class='failClass'>
    <td class="testname">tempest.scenario.test_network_v6.TestGettingAddress</td>
    <td class="small">8</td>
    <td class="small">0</td>
    <td class="small">8</td>
    <td class="small">0</td>
    <td class="small">0</td>
    <td class="small"><a href="javascript:showClassDetail('c1',8)"
>Detail</a></td>
    <td> </td>
</tr>

<tr id='ft1.1' class='none'>
    <td class='failCase'><div class='testcase'>test_dhcp6_stateless_from_os[compute,id-d7e1f858-187c-45a6-89c9-bdafde619a9f,network]</div></td>
    <td colspan='7' align='left'>

    <!--css div popup start-->
    <a class="popup_link" onfocus='this.blur();'
    href="javascript:showTestDetail('div_ft1.1')" >
        fail</a>

    <div id='div_ft1.1' class="popup_window">
        <div style='text-align: right; color:red;cursor:pointer'>
        <a onfocus='this.blur();'
onclick="document.getElementById('div_ft1.1').style.display = 'none' " >
           [x]</a>
        </div>
        <pre>
        
ft1.1: tempest.scenario.test_network_v6.TestGettingAddress.test_dhcp6_stateless_from_os[compute,id-d7e1f858-187c-45a6-89c9-bdafde619a9f,network]_StringException: Empty attachments:
  stderr
  stdout

pythonlogging:'': {{{
2015-12-16 06:30:57,029 25905 INFO     [tempest_lib.common.rest_client] Request (TestGettingAddress:setUp): 200 POST http://10.0.2.15:8774/v2.1/f0f4eea953644751aa8de7a3d0909648/os-keypairs 0.596s
2015-12-16 06:30:57,030 25905 DEBUG    [tempest_lib.common.rest_client] Request - Headers: {'Content-Type': 'application/json', 'Accept': 'application/json', 'X-Auth-Token': '&lt;omitted&gt;'}
        Body: {"keypair": {"name": "tempest-TestGettingAddress-1428407141"}}
    Response - Headers: {'status': '200', 'content-length': '2320', 'x-compute-request-id': 'req-732d4f8d-4b43-47a5-aabe-90bd1a2558e7', 'vary': 'X-OpenStack-Nova-API-Version', 'connection': 'close', 'x-openstack-nova-api-version': '2.1', 'date': 'Wed, 16 Dec 2015 06:30:57 GMT', 'content-type': 'application/json'}
        Body: {"keypair": {"public_key": "ssh-rsa AAAAB3NzaC1yc2EAAAADAQABAAABAQDUH21NHeB8rCZy2nwbsH9RlcVhdsC8DpuTgIsrVBCC0B+ah1au5/A9oROfnO1rfzqvRAbf8uLYrAg+pOjuKaLpJwEK9FtiUuLOM4UNlAy4akLRL40vZtjBBg6sd1khaycCe9R96JPd2c3cZX8Sv+GrnY6RjWOCCdQanAQHWwkCi5IZRjMaR2mvwjXvcvt/Povi3iRjX5rZ8XXlr+AYMmQuMkP1BaHULdfFmaSShjoH1Ub15ZDdDhdBJTiAWkyUohX400VSrAljLLw2F7zSpmygM2Qa4tjVYd4N6CLMNd+FOanzR7mXoQh4Yo+iIUO+ez22skvoGZWenUEBCwdtJWJX Generated-by-Nova", "private_key": "-----BEGIN RSA PRIVATE KEY-----\nMIIEqAIBAAKCAQEA1B9tTR3gfKwmctp8G7B/UZXFYXbAvA6bk4CLK1QQgtAfmodW\nrufwPaETn5zta386r0QG3/Li2KwIPqTo7imi6ScBCvRbYlLizjOFDZQMuGpC0S+N\nL2bYwQYOrHdZIWsnAnvUfeiT3dnN3GV/Er/hq52OkY1jggnUGpwEB1sJAouSGUYz\nGkdpr8I173L7fz6L4t4kY1+a2fF15a/gGDJkLjJD9QWh1C3XxZmkkoY6B9VG9eWQ\n3Q4XQSU4gFpMlKIV+NNFUqwJYyy8Nhe80qZsoDNkGuLY1WHeDegizDXfhTmp80e5\nl6EIeGKPoiFDvns9trJL6BmVnp1BAQsHbSViVwIDAQABAoIBAHfo2Amq5Pa0/fsZ\nBOVGLYK6DlzdG3BzNYD5PjKdD8RS0DqzXM38sPK1tnkY5aFJx6vB4b0A+TkQboyy\n/jV7desksFM39NytDCcSOpmFYndxIhpMLhxooAjlWrAlu03H28Jsq58NNWFIuTVo\nbp/ztickJq6i5WhiE/OC1EgwLvSvV7xOqK/MgPcg5aSdS4i4qTofZk+tdSlnOKgn\nk3oBbhzZhpbtBWaTCD9199BnGOBrq3Z/X0J+YXIPHA8QlDXDSufv4oWffptJdse0\nZyk9dyA9wxPHJY6Cp+tUVw2oRR15fPK9wmrbSjXjPBDSq8w6D6Y3H5nRRR0W2nl7\n9vhmAMECggCBAOO4OcqVRR9RMiDU69x2coxqJIsZ9d38TtF2M1vblRzKyRftcocL\n8mHo8chPZRfzkGp2Vjvo6FGc9zEDvDA6q8zNFp/eFAQbIyo0NJUBEPv1wImMYyS2\nzSv8iGrIqhbGTs0slUQL3SD+Hb90QxoGXWeA4tV36W8LnXPDwniP3vs3AoIAgQDu\nd1Z98BZRVlyHBw/3+KH4h0Q6HqleEQX9L87OGGKY3SY3cu0l/kJ5tR1IU83guDAF\naX1zOJaLxA8yBHr8DtajwRneK52fh/So6ArJP7vmQDS8fKQ4rBJI0AzwiCuOG6sH\nz5lxf9APBetwEMx2ONp8BicZLCbX27qLXNiOK7uh4QKCAIBKO5/7PjXOQ7XHpiFN\nOP+WbnODNO9Fch5vgcy0QRyWyjRLrIgNJgPZjwpidh9Kc4e8bN8noIE7OaQLQmBy\niG3A0Ypyiv6TaBVKiMIrYLGcsTwWmsEnEsBHeoct6EQqMHM3xzTRfdyUCMLByrCl\nJzYDq6xGUlSycmLdfg9DJgNWeQKCAIAYif9EhmhFhnWPD5L9GYDRaloDARS8sVPE\nch795lR/FoLQQetVdYyxqYmR383Xyhxm8iwOp0wWpd5Kb1uYhI5h24Ul76cQu5TZ\nrMcvXnefggvrOYhMrKhVBdPPDLQus3ouG5bWryhh42IO7iucHs2c5aUwWfLFU78m\niC9gse9lAQKCAIEAq5IKehs37kZMGT7nsXHyeqaeRZD9RlvaiwxLjXfitNuRwCPP\n7w/u1G5JhbkXHK9chQjLKh4pXBrBDS9jLi4SvIDclZg+69Kov4juUnB5aMSFHycK\naLWUc9LzjKsUYvrvqzBaX7D71/oqJihlSTzK2ORnIlZl3hZQ6E/srqjG39Q=\n-----END RSA PRIVATE KEY-----\n", "user_id": "bb58cea5ab214cab8c8e43b96a66636d", "name": "tempest-TestGettingAddress-1428407141", "fingerprint": "44:58:9d:87:4d:4f:d7:6d:95:99:4e:69:2b:ab:7d:01"}}
2015-12-16 06:30:57,332 25905 INFO     [tempest_lib.common.rest_client] Request (TestGettingAddress:setUp): 201 POST http://10.0.2.15:9696/v2.0/security-groups 0.298s
2015-12-16 06:30:57,333 25905 DEBUG    [tempest_lib.common.rest_client] Request - Headers: {'Content-Type': 'application/json', 'Accept': 'application/json', 'X-Auth-Token': '&lt;omitted&gt;'}
        Body: {"security_group": {"tenant_id": "f0f4eea953644751aa8de7a3d0909648", "description": "tempest-secgroup-smoke-803362005 description", "name": "tempest-secgroup-smoke-803362005"}}
    Response - Headers: {'status': '201', 'content-length': '886', 'connection': 'close', 'date': 'Wed, 16 Dec 2015 06:30:57 GMT', 'content-type': 'application/json; charset=UTF-8', 'x-openstack-request-id': 'req-ddba02a2-1c4f-4756-bbe0-d2f9b24ef7bf'}
        Body: {"security_group": {"tenant_id": "f0f4eea953644751aa8de7a3d0909648", "description": "tempest-secgroup-smoke-803362005 description", "id": "b357fa9e-27d9-49cb-875b-3937ba4b9a3f", "security_group_rules": [{"remote_group_id": null, "direction": "egress", "remote_ip_prefix": null, "protocol": null, "ethertype": "IPv4", "tenant_id": "f0f4eea953644751aa8de7a3d0909648", "port_range_max": null, "port_range_min": null, "id": "c13b372a-33d9-4bb4-8b79-e71100af8607", "security_group_id": "b357fa9e-27d9-49cb-875b-3937ba4b9a3f"}, {"remote_group_id": null, "direction": "egress", "remote_ip_prefix": null, "protocol": null, "ethertype": "IPv6", "tenant_id": "f0f4eea953644751aa8de7a3d0909648", "port_range_max": null, "port_range_min": null, "id": "de8ae0d5-0740-492c-883f-e50f88662ed4", "security_group_id": "b357fa9e-27d9-49cb-875b-3937ba4b9a3f"}], "name": "tempest-secgroup-smoke-803362005"}}
2015-12-16 06:30:57,451 25905 INFO     [tempest_lib.common.rest_client] Request (TestGettingAddress:setUp): 201 POST http://10.0.2.15:9696/v2.0/security-group-rules 0.117s
2015-12-16 06:30:57,451 25905 DEBUG    [tempest_lib.common.rest_client] Request - Headers: {'Content-Type': 'application/json', 'Accept': 'application/json', 'X-Auth-Token': '&lt;omitted&gt;'}
        Body: {"security_group_rule": {"direction": "ingress", "protocol": "tcp", "tenant_id": "f0f4eea953644751aa8de7a3d0909648", "port_range_max": 22, "security_group_id": "b357fa9e-27d9-49cb-875b-3937ba4b9a3f", "port_range_min": 22}}
    Response - Headers: {'status': '201', 'content-length': '340', 'connection': 'close', 'date': 'Wed, 16 Dec 2015 06:30:57 GMT', 'content-type': 'application/json; charset=UTF-8', 'x-openstack-request-id': 'req-c5f745c8-a33a-424d-a43f-7ba2971b739f'}
        Body: {"security_group_rule": {"remote_group_id": null, "direction": "ingress", "remote_ip_prefix": null, "protocol": "tcp", "ethertype": "IPv4", "tenant_id": "f0f4eea953644751aa8de7a3d0909648", "port_range_max": 22, "port_range_min": 22, "id": "3a1d15de-d540-4e83-ba4a-038755f9f1bf", "security_group_id": "b357fa9e-27d9-49cb-875b-3937ba4b9a3f"}}
2015-12-16 06:30:57,583 25905 INFO     [tempest_lib.common.rest_client] Request (TestGettingAddress:setUp): 201 POST http://10.0.2.15:9696/v2.0/security-group-rules 0.131s
2015-12-16 06:30:57,584 25905 DEBUG    [tempest_lib.common.rest_client] Request - Headers: {'Content-Type': 'application/json', 'Accept': 'application/json', 'X-Auth-Token': '&lt;omitted&gt;'}
        Body: {"security_group_rule": {"direction": "egress", "protocol": "tcp", "tenant_id": "f0f4eea953644751aa8de7a3d0909648", "port_range_max": 22, "security_group_id": "b357fa9e-27d9-49cb-875b-3937ba4b9a3f", "port_range_min": 22}}
    Response - Headers: {'status': '201', 'content-length': '339', 'connection': 'close', 'date': 'Wed, 16 Dec 2015 06:30:57 GMT', 'content-type': 'application/json; charset=UTF-8', 'x-openstack-request-id': 'req-f2499955-2baf-47fa-aed0-aec8db53981f'}
        Body: {"security_group_rule": {"remote_group_id": null, "direction": "egress", "remote_ip_prefix": null, "protocol": "tcp", "ethertype": "IPv4", "tenant_id": "f0f4eea953644751aa8de7a3d0909648", "port_range_max": 22, "port_range_min": 22, "id": "26bda7b0-8cc0-47bb-b510-b705d5b6a1bb", "security_group_id": "b357fa9e-27d9-49cb-875b-3937ba4b9a3f"}}
2015-12-16 06:30:57,844 25905 INFO     [tempest_lib.common.rest_client] Request (TestGettingAddress:setUp): 201 POST http://10.0.2.15:9696/v2.0/security-group-rules 0.258s
2015-12-16 06:30:57,844 25905 DEBUG    [tempest_lib.common.rest_client] Request - Headers: {'Content-Type': 'application/json', 'Accept': 'application/json', 'X-Auth-Token': '&lt;omitted&gt;'}
        Body: {"security_group_rule": {"tenant_id": "f0f4eea953644751aa8de7a3d0909648", "direction": "ingress", "protocol": "icmp", "security_group_id": "b357fa9e-27d9-49cb-875b-3937ba4b9a3f"}}
    Response - Headers: {'status': '201', 'content-length': '345', 'connection': 'close', 'date': 'Wed, 16 Dec 2015 06:30:57 GMT', 'content-type': 'application/json; charset=UTF-8', 'x-openstack-request-id': 'req-979b71cd-e448-4cb6-8321-a3749735c7e0'}
        Body: {"security_group_rule": {"remote_group_id": null, "direction": "ingress", "remote_ip_prefix": null, "protocol": "icmp", "ethertype": "IPv4", "tenant_id": "f0f4eea953644751aa8de7a3d0909648", "port_range_max": null, "port_range_min": null, "id": "792a47ac-a45d-4f0b-ad20-5e55fff2a19f", "security_group_id": "b357fa9e-27d9-49cb-875b-3937ba4b9a3f"}}
2015-12-16 06:30:57,956 25905 INFO     [tempest_lib.common.rest_client] Request (TestGettingAddress:setUp): 201 POST http://10.0.2.15:9696/v2.0/security-group-rules 0.110s
2015-12-16 06:30:57,956 25905 DEBUG    [tempest_lib.common.rest_client] Request - Headers: {'Content-Type': 'application/json', 'Accept': 'application/json', 'X-Auth-Token': '&lt;omitted&gt;'}
        Body: {"security_group_rule": {"tenant_id": "f0f4eea953644751aa8de7a3d0909648", "direction": "egress", "protocol": "icmp", "security_group_id": "b357fa9e-27d9-49cb-875b-3937ba4b9a3f"}}
    Response - Headers: {'status': '201', 'content-length': '344', 'connection': 'close', 'date': 'Wed, 16 Dec 2015 06:30:57 GMT', 'content-type': 'application/json; charset=UTF-8', 'x-openstack-request-id': 'req-f16c36bd-f004-4dc0-a7f9-a7e090010e43'}
        Body: {"security_group_rule": {"remote_group_id": null, "direction": "egress", "remote_ip_prefix": null, "protocol": "icmp", "ethertype": "IPv4", "tenant_id": "f0f4eea953644751aa8de7a3d0909648", "port_range_max": null, "port_range_min": null, "id": "39ee84a2-6d8f-49a0-9c22-1145d8665174", "security_group_id": "b357fa9e-27d9-49cb-875b-3937ba4b9a3f"}}
2015-12-16 06:30:58,086 25905 INFO     [tempest_lib.common.rest_client] Request (TestGettingAddress:setUp): 201 POST http://10.0.2.15:9696/v2.0/security-group-rules 0.129s
2015-12-16 06:30:58,087 25905 DEBUG    [tempest_lib.common.rest_client] Request - Headers: {'Content-Type': 'application/json', 'Accept': 'application/json', 'X-Auth-Token': '&lt;omitted&gt;'}
        Body: {"security_group_rule": {"tenant_id": "f0f4eea953644751aa8de7a3d0909648", "direction": "ingress", "security_group_id": "b357fa9e-27d9-49cb-875b-3937ba4b9a3f", "protocol": "icmp", "ethertype": "IPv6"}}
    Response - Headers: {'status': '201', 'content-length': '345', 'connection': 'close', 'date': 'Wed, 16 Dec 2015 06:30:58 GMT', 'content-type': 'application/json; charset=UTF-8', 'x-openstack-request-id': 'req-a83d6e17-8599-4379-b6e9-b80d3dbfbb36'}
        Body: {"security_group_rule": {"remote_group_id": null, "direction": "ingress", "remote_ip_prefix": null, "protocol": "icmp", "ethertype": "IPv6", "tenant_id": "f0f4eea953644751aa8de7a3d0909648", "port_range_max": null, "port_range_min": null, "id": "ee3def50-e25e-41a1-9e78-226ff04f0693", "security_group_id": "b357fa9e-27d9-49cb-875b-3937ba4b9a3f"}}
2015-12-16 06:30:58,209 25905 INFO     [tempest_lib.common.rest_client] Request (TestGettingAddress:setUp): 201 POST http://10.0.2.15:9696/v2.0/security-group-rules 0.120s
2015-12-16 06:30:58,209 25905 DEBUG    [tempest_lib.common.rest_client] Request - Headers: {'Content-Type': 'application/json', 'Accept': 'application/json', 'X-Auth-Token': '&lt;omitted&gt;'}
        Body: {"security_group_rule": {"tenant_id": "f0f4eea953644751aa8de7a3d0909648", "direction": "egress", "security_group_id": "b357fa9e-27d9-49cb-875b-3937ba4b9a3f", "protocol": "icmp", "ethertype": "IPv6"}}
    Response - Headers: {'status': '201', 'content-length': '344', 'connection': 'close', 'date': 'Wed, 16 Dec 2015 06:30:58 GMT', 'content-type': 'application/json; charset=UTF-8', 'x-openstack-request-id': 'req-2a20615c-0ebc-4b56-ab79-6d59da51ca4b'}
        Body: {"security_group_rule": {"remote_group_id": null, "direction": "egress", "remote_ip_prefix": null, "protocol": "icmp", "ethertype": "IPv6", "tenant_id": "f0f4eea953644751aa8de7a3d0909648", "port_range_max": null, "port_range_min": null, "id": "3b451e55-f0b1-4e7f-95a6-bd9d8c2e3f3e", "security_group_id": "b357fa9e-27d9-49cb-875b-3937ba4b9a3f"}}
2015-12-16 06:30:58,393 25905 INFO     [tempest_lib.common.rest_client] Request (TestGettingAddress:test_dhcp6_stateless_from_os): 201 POST http://10.0.2.15:9696/v2.0/networks 0.181s
2015-12-16 06:30:58,394 25905 DEBUG    [tempest_lib.common.rest_client] Request - Headers: {'Content-Type': 'application/json', 'Accept': 'application/json', 'X-Auth-Token': '&lt;omitted&gt;'}
        Body: {"network": {"tenant_id": "f0f4eea953644751aa8de7a3d0909648", "name": "tempest-network-smoke--905206252"}}
    Response - Headers: {'status': '201', 'content-length': '328', 'connection': 'close', 'date': 'Wed, 16 Dec 2015 06:30:58 GMT', 'content-type': 'application/json; charset=UTF-8', 'x-openstack-request-id': 'req-b0160d74-69f1-4350-8266-256f3ad03e9e'}
        Body: {"network": {"status": "ACTIVE", "subnets": [], "availability_zone_hints": "[]", "name": "tempest-network-smoke--905206252", "admin_state_up": true, "tenant_id": "f0f4eea953644751aa8de7a3d0909648", "mtu": 0, "router:external": false, "shared": false, "port_security_enabled": true, "id": "0db0ad95-ff15-4e43-8ad6-560273b8593d"}}
2015-12-16 06:30:58,578 25905 INFO     [tempest_lib.common.rest_client] Request (TestGettingAddress:test_dhcp6_stateless_from_os): 200 GET http://10.0.2.15:9696/v2.0/subnets?tenant_id=f0f4eea953644751aa8de7a3d0909648&amp;cidr=10.100.0.0%2F28 0.182s
2015-12-16 06:30:58,579 25905 DEBUG    [tempest_lib.common.rest_client] Request - Headers: {'Content-Type': 'application/json', 'Accept': 'application/json', 'X-Auth-Token': '&lt;omitted&gt;'}
        Body: None
    Response - Headers: {'status': '200', 'content-length': '15', 'content-location': 'http://10.0.2.15:9696/v2.0/subnets?tenant_id=f0f4eea953644751aa8de7a3d0909648&amp;cidr=10.100.0.0%2F28', 'connection': 'close', 'date': 'Wed, 16 Dec 2015 06:30:58 GMT', 'content-type': 'application/json; charset=UTF-8', 'x-openstack-request-id': 'req-f148a116-9a5b-4b88-935d-e359b4ad2a5f'}
        Body: {"subnets": []}
2015-12-16 06:30:58,917 25905 INFO     [tempest_lib.common.rest_client] Request (TestGettingAddress:test_dhcp6_stateless_from_os): 201 POST http://10.0.2.15:9696/v2.0/subnets 0.337s
2015-12-16 06:30:58,918 25905 DEBUG    [tempest_lib.common.rest_client] Request - Headers: {'Content-Type': 'application/json', 'Accept': 'application/json', 'X-Auth-Token': '&lt;omitted&gt;'}
        Body: {"subnet": {"ip_version": 4, "tenant_id": "f0f4eea953644751aa8de7a3d0909648", "cidr": "10.100.0.0/28", "network_id": "0db0ad95-ff15-4e43-8ad6-560273b8593d", "name": "tempest-sub4-654558001"}}
    Response - Headers: {'status': '201', 'content-length': '469', 'connection': 'close', 'date': 'Wed, 16 Dec 2015 06:30:58 GMT', 'content-type': 'application/json; charset=UTF-8', 'x-openstack-request-id': 'req-fa6482b0-46e1-418d-beb5-5993ca5988fb'}
        Body: {"subnet": {"name": "tempest-sub4-654558001", "enable_dhcp": true, "network_id": "0db0ad95-ff15-4e43-8ad6-560273b8593d", "tenant_id": "f0f4eea953644751aa8de7a3d0909648", "dns_nameservers": [], "gateway_ip": "10.100.0.1", "ipv6_ra_mode": null, "allocation_pools": [{"start": "10.100.0.2", "end": "10.100.0.14"}], "host_routes": [], "ip_version": 4, "ipv6_address_mode": null, "cidr": "10.100.0.0/28", "id": "54bf9b3a-637a-4571-9bbb-6b8152dbd40c", "subnetpool_id": null}}
2015-12-16 06:30:59,009 25905 INFO     [tempest_lib.common.rest_client] Request (TestGettingAddress:test_dhcp6_stateless_from_os): 201 POST http://10.0.2.15:9696/v2.0/routers 0.090s
2015-12-16 06:30:59,010 25905 DEBUG    [tempest_lib.common.rest_client] Request - Headers: {'Content-Type': 'application/json', 'Accept': 'application/json', 'X-Auth-Token': '&lt;omitted&gt;'}
        Body: {"router": {"tenant_id": "f0f4eea953644751aa8de7a3d0909648", "name": "tempest-router-smoke-1122425083", "admin_state_up": true}}
    Response - Headers: {'status': '201', 'content-length': '296', 'connection': 'close', 'date': 'Wed, 16 Dec 2015 06:30:59 GMT', 'content-type': 'application/json; charset=UTF-8', 'x-openstack-request-id': 'req-cf5239ce-43e9-4eb7-8a49-cc18d52e9f8f'}
        Body: {"router": {"status": "ACTIVE", "external_gateway_info": null, "availability_zone_hints": [], "availability_zones": [], "name": "tempest-router-smoke-1122425083", "admin_state_up": true, "tenant_id": "f0f4eea953644751aa8de7a3d0909648", "routes": [], "id": "d989ac16-4d49-480c-9e30-baf52e768855"}}
2015-12-16 06:30:59,090 25905 INFO     [tempest_lib.common.rest_client] Request (TestGettingAddress:test_dhcp6_stateless_from_os): 200 GET http://10.0.2.15:9696/v2.0/routers/d989ac16-4d49-480c-9e30-baf52e768855 0.079s
2015-12-16 06:30:59,091 25905 DEBUG    [tempest_lib.common.rest_client] Request - Headers: {'Content-Type': 'application/json', 'Accept': 'application/json', 'X-Auth-Token': '&lt;omitted&gt;'}
        Body: None
    Response - Headers: {'status': '200', 'content-length': '296', 'content-location': 'http://10.0.2.15:9696/v2.0/routers/d989ac16-4d49-480c-9e30-baf52e768855', 'connection': 'close', 'date': 'Wed, 16 Dec 2015 06:30:59 GMT', 'content-type': 'application/json; charset=UTF-8', 'x-openstack-request-id': 'req-ff7b9d67-bd35-4aed-b287-360a72d2062f'}
        Body: {"router": {"status": "ACTIVE", "external_gateway_info": null, "availability_zone_hints": [], "availability_zones": [], "name": "tempest-router-smoke-1122425083", "admin_state_up": true, "tenant_id": "f0f4eea953644751aa8de7a3d0909648", "routes": [], "id": "d989ac16-4d49-480c-9e30-baf52e768855"}}
2015-12-16 06:30:59,750 25905 INFO     [tempest_lib.common.rest_client] Request (TestGettingAddress:test_dhcp6_stateless_from_os): 200 PUT http://10.0.2.15:9696/v2.0/routers/d989ac16-4d49-480c-9e30-baf52e768855 0.658s
2015-12-16 06:30:59,751 25905 DEBUG    [tempest_lib.common.rest_client] Request - Headers: {'Content-Type': 'application/json', 'Accept': 'application/json', 'X-Auth-Token': '&lt;omitted&gt;'}
        Body: {"router": {"external_gateway_info": {"network_id": "ee7564a1-b577-4909-a7e7-7bcb64aec171"}, "name": "tempest-router-smoke-1122425083", "admin_state_up": true}}
    Response - Headers: {'status': '200', 'content-length': '558', 'connection': 'close', 'date': 'Wed, 16 Dec 2015 06:30:59 GMT', 'content-type': 'application/json; charset=UTF-8', 'x-openstack-request-id': 'req-6dc4a8ad-d780-46bf-a0e3-1ad885773df4'}
        Body: {"router": {"status": "ACTIVE", "external_gateway_info": {"network_id": "ee7564a1-b577-4909-a7e7-7bcb64aec171", "enable_snat": true, "external_fixed_ips": [{"subnet_id": "aabf137a-daac-441c-8f8c-8f7eef084ec3", "ip_address": "172.24.4.3"}, {"subnet_id": "be18e9e3-929d-4a02-8c44-10c27aeefe07", "ip_address": "2001:db8::4"}]}, "availability_zone_hints": [], "availability_zones": [], "name": "tempest-router-smoke-1122425083", "admin_state_up": true, "tenant_id": "f0f4eea953644751aa8de7a3d0909648", "routes": [], "id": "d989ac16-4d49-480c-9e30-baf52e768855"}}
2015-12-16 06:31:00,445 25905 INFO     [tempest_lib.common.rest_client] Request (TestGettingAddress:test_dhcp6_stateless_from_os): 200 PUT http://10.0.2.15:9696/v2.0/routers/d989ac16-4d49-480c-9e30-baf52e768855/add_router_interface 0.692s
2015-12-16 06:31:00,445 25905 DEBUG    [tempest_lib.common.rest_client] Request - Headers: {'Content-Type': 'application/json', 'Accept': 'application/json', 'X-Auth-Token': '&lt;omitted&gt;'}
        Body: {"subnet_id": "54bf9b3a-637a-4571-9bbb-6b8152dbd40c"}
    Response - Headers: {'status': '200', 'content-length': '255', 'connection': 'close', 'date': 'Wed, 16 Dec 2015 06:31:00 GMT', 'content-type': 'application/json; charset=UTF-8', 'x-openstack-request-id': 'req-9c35ccc1-b55d-4156-b81c-4c07e4b2153d'}
        Body: {"subnet_id": "54bf9b3a-637a-4571-9bbb-6b8152dbd40c", "tenant_id": "f0f4eea953644751aa8de7a3d0909648", "subnet_ids": ["54bf9b3a-637a-4571-9bbb-6b8152dbd40c"], "port_id": "a0240d67-f05c-4192-814e-ff9bc8db4043", "id": "d989ac16-4d49-480c-9e30-baf52e768855"}
2015-12-16 06:31:00,484 25905 INFO     [tempest_lib.common.rest_client] Request (TestGettingAddress:test_dhcp6_stateless_from_os): 200 GET http://10.0.2.15:9696/v2.0/subnets?tenant_id=f0f4eea953644751aa8de7a3d0909648&amp;cidr=2003%3A%3A%2F64 0.037s
2015-12-16 06:31:00,484 25905 DEBUG    [tempest_lib.common.rest_client] Request - Headers: {'Content-Type': 'application/json', 'Accept': 'application/json', 'X-Auth-Token': '&lt;omitted&gt;'}
        Body: None
    Response - Headers: {'status': '200', 'content-length': '15', 'content-location': 'http://10.0.2.15:9696/v2.0/subnets?tenant_id=f0f4eea953644751aa8de7a3d0909648&amp;cidr=2003%3A%3A%2F64', 'connection': 'close', 'date': 'Wed, 16 Dec 2015 06:31:00 GMT', 'content-type': 'application/json; charset=UTF-8', 'x-openstack-request-id': 'req-1f71f3ba-749b-4be0-966e-dace8dc799f7'}
        Body: {"subnets": []}
2015-12-16 06:31:00,889 25905 INFO     [tempest_lib.common.rest_client] Request (TestGettingAddress:test_dhcp6_stateless_from_os): 201 POST http://10.0.2.15:9696/v2.0/subnets 0.404s
2015-12-16 06:31:00,889 25905 DEBUG    [tempest_lib.common.rest_client] Request - Headers: {'Content-Type': 'application/json', 'Accept': 'application/json', 'X-Auth-Token': '&lt;omitted&gt;'}
        Body: {"subnet": {"name": "tempest-sub6-1779355498", "network_id": "0db0ad95-ff15-4e43-8ad6-560273b8593d", "tenant_id": "f0f4eea953644751aa8de7a3d0909648", "ipv6_ra_mode": "dhcpv6-stateless", "ip_version": 6, "ipv6_address_mode": "dhcpv6-stateless", "cidr": "2003::/64"}}
    Response - Headers: {'status': '201', 'content-length': '502', 'connection': 'close', 'date': 'Wed, 16 Dec 2015 06:31:00 GMT', 'content-type': 'application/json; charset=UTF-8', 'x-openstack-request-id': 'req-f37c443c-28b4-41d3-8f64-139b5f278037'}
        Body: {"subnet": {"name": "tempest-sub6-1779355498", "enable_dhcp": true, "network_id": "0db0ad95-ff15-4e43-8ad6-560273b8593d", "tenant_id": "f0f4eea953644751aa8de7a3d0909648", "dns_nameservers": [], "gateway_ip": "2003::1", "ipv6_ra_mode": "dhcpv6-stateless", "allocation_pools": [{"start": "2003::2", "end": "2003::ffff:ffff:ffff:ffff"}], "host_routes": [], "ip_version": 6, "ipv6_address_mode": "dhcpv6-stateless", "cidr": "2003::/64", "id": "adb1476d-48b6-4bcc-818f-daa79c273281", "subnetpool_id": null}}
2015-12-16 06:31:01,507 25905 INFO     [tempest_lib.common.rest_client] Request (TestGettingAddress:test_dhcp6_stateless_from_os): 200 PUT http://10.0.2.15:9696/v2.0/routers/d989ac16-4d49-480c-9e30-baf52e768855/add_router_interface 0.616s
2015-12-16 06:31:01,507 25905 DEBUG    [tempest_lib.common.rest_client] Request - Headers: {'Content-Type': 'application/json', 'Accept': 'application/json', 'X-Auth-Token': '&lt;omitted&gt;'}
        Body: {"subnet_id": "adb1476d-48b6-4bcc-818f-daa79c273281"}
    Response - Headers: {'status': '200', 'content-length': '255', 'connection': 'close', 'date': 'Wed, 16 Dec 2015 06:31:01 GMT', 'content-type': 'application/json; charset=UTF-8', 'x-openstack-request-id': 'req-efbafe18-7eb9-4ddf-b7f1-f4a22800834f'}
        Body: {"subnet_id": "adb1476d-48b6-4bcc-818f-daa79c273281", "tenant_id": "f0f4eea953644751aa8de7a3d0909648", "subnet_ids": ["adb1476d-48b6-4bcc-818f-daa79c273281"], "port_id": "197f7b51-3d51-4233-bab6-9020424ef64d", "id": "d989ac16-4d49-480c-9e30-baf52e768855"}
2015-12-16 06:31:01,625 25905 INFO     [tempest_lib.common.rest_client] Request (TestGettingAddress:test_dhcp6_stateless_from_os): 200 POST http://10.0.2.15:5000/v2.0/tokens
2015-12-16 06:31:01,626 25905 DEBUG    [tempest_lib.common.rest_client] Request - Headers: {'Content-Type': 'application/json', 'Accept': 'application/json'}
        Body: &lt;omitted&gt;
    Response - Headers: {'status': '200', 'content-length': '2524', 'vary': 'X-Auth-Token', 'server': 'Apache/2.4.7 (Ubuntu)', 'connection': 'close', 'date': 'Wed, 16 Dec 2015 06:31:01 GMT', 'content-type': 'application/json', 'x-openstack-request-id': 'req-b3f968da-80c8-494f-975b-a955b2356369'}
        Body: {"access": {"token": {"issued_at": "2015-12-16T06:31:01.610843", "expires": "2015-12-16T07:31:01Z", "id": "fdba3c25283b44c1b5db0a2a7b5abcb9", "tenant": {"description": "tempest-TestGettingAddress-203729485-desc", "enabled": true, "id": "f0f4eea953644751aa8de7a3d0909648", "name": "tempest-TestGettingAddress-203729485"}, "audit_ids": ["baq1QVjgTb-bfNIsB3eZiw"]}, "serviceCatalog": [{"endpoints": [{"adminURL": "http://10.0.2.15:8774/v2.1/f0f4eea953644751aa8de7a3d0909648", "region": "RegionOne", "internalURL": "http://10.0.2.15:8774/v2.1/f0f4eea953644751aa8de7a3d0909648", "id": "7a9cc617ef0c4e5aa2fb8af65d4a1155", "publicURL": "http://10.0.2.15:8774/v2.1/f0f4eea953644751aa8de7a3d0909648"}], "endpoints_links": [], "type": "compute", "name": "nova"}, {"endpoints": [{"adminURL": "http://10.0.2.15:9696/", "region": "RegionOne", "internalURL": "http://10.0.2.15:9696/", "id": "40307998a97a4122a5085712d4caca5b", "publicURL": "http://10.0.2.15:9696/"}], "endpoints_links": [], "type": "network", "name": "neutron"}, {"endpoints": [{"adminURL": "http://10.0.2.15:9292", "region": "RegionOne", "internalURL": "http://10.0.2.15:9292", "id": "289e95669f954303a15e5fdcf8528eed", "publicURL": "http://10.0.2.15:9292"}], "endpoints_links": [], "type": "image", "name": "glance"}, {"endpoints": [{"adminURL": "http://10.0.2.15:8774/v2/f0f4eea953644751aa8de7a3d0909648", "region": "RegionOne", "internalURL": "http://10.0.2.15:8774/v2/f0f4eea953644751aa8de7a3d0909648", "id": "1390206530cb44fda91237b7aa23524b", "publicURL": "http://10.0.2.15:8774/v2/f0f4eea953644751aa8de7a3d0909648"}], "endpoints_links": [], "type": "compute_legacy", "name": "nova_legacy"}, {"endpoints": [{"adminURL": "http://10.0.2.15:8773/", "region": "RegionOne", "internalURL": "http://10.0.2.15:8773/", "id": "08452a0046bd461ea6eda9ecd9a28319", "publicURL": "http://10.0.2.15:8773/"}], "endpoints_links": [], "type": "ec2", "name": "ec2"}, {"endpoints": [{"adminURL": "http://10.0.2.15:35357/v2.0", "region": "RegionOne", "internalURL": "http://10.0.2.15:5000/v2.0", "id": "0e945dad993a48fab56bcb3eca5ee4a6", "publicURL": "http://10.0.2.15:5000/v2.0"}], "endpoints_links": [], "type": "identity", "name": "keystone"}], "user": {"username": "tempest-TestGettingAddress-2092246930", "roles_links": [], "id": "bb58cea5ab214cab8c8e43b96a66636d", "roles": [{"name": "Member"}, {"name": "_member_"}], "name": "tempest-TestGettingAddress-2092246930"}, "metadata": {"is_admin": 0, "roles": ["08030e0fd3ad4501a75940067758fe0b", "9fe2ff9ee4384b1894a90878d3e92bab"]}}}
2015-12-16 06:31:01,634 25905 DEBUG    [tempest.common.fixed_network] (TestGettingAddress:test_dhcp6_stateless_from_os) No valid network provided or created, defaulting to fixed_network_name
2015-12-16 06:31:01,987 25905 INFO     [tempest_lib.common.rest_client] Request (TestGettingAddress:test_dhcp6_stateless_from_os): 200 GET http://10.0.2.15:8774/v2.1/f0f4eea953644751aa8de7a3d0909648/os-networks 0.351s
2015-12-16 06:31:01,987 25905 DEBUG    [tempest_lib.common.rest_client] Request - Headers: {'Content-Type': 'application/json', 'Accept': 'application/json', 'X-Auth-Token': '&lt;omitted&gt;'}
        Body: None
    Response - Headers: {'status': '200', 'content-length': '478', 'content-location': 'http://10.0.2.15:8774/v2.1/f0f4eea953644751aa8de7a3d0909648/os-networks', 'x-compute-request-id': 'req-877280c0-d9a7-45cf-b915-3721e09a9878', 'vary': 'X-OpenStack-Nova-API-Version', 'connection': 'close', 'x-openstack-nova-api-version': '2.1', 'date': 'Wed, 16 Dec 2015 06:31:01 GMT', 'content-type': 'application/json'}
        Body: {"networks": [{"cidr_v6": null, "dns2": null, "dns1": null, "gateway": null, "broadcast": null, "netmask": null, "gateway_v6": null, "cidr": null, "label": "public", "id": "ee7564a1-b577-4909-a7e7-7bcb64aec171", "netmask_v6": null}, {"cidr_v6": null, "dns2": null, "dns1": null, "gateway": null, "broadcast": null, "netmask": null, "gateway_v6": null, "cidr": null, "label": "tempest-network-smoke--905206252", "id": "0db0ad95-ff15-4e43-8ad6-560273b8593d", "netmask_v6": null}]}
2015-12-16 06:31:01,988 25905 WARNING  [tempest.common.fixed_network] (TestGettingAddress:test_dhcp6_stateless_from_os) Network with name: private not found
2015-12-16 06:31:01,988 25905 INFO     [tempest.common.fixed_network] (TestGettingAddress:test_dhcp6_stateless_from_os) Found network {} available for tenant
2015-12-16 06:31:03,404 25905 INFO     [tempest_lib.common.rest_client] Request (TestGettingAddress:test_dhcp6_stateless_from_os): 202 POST http://10.0.2.15:8774/v2.1/f0f4eea953644751aa8de7a3d0909648/servers 1.415s
2015-12-16 06:31:03,405 25905 DEBUG    [tempest_lib.common.rest_client] Request - Headers: {'Content-Type': 'application/json', 'Accept': 'application/json', 'X-Auth-Token': '&lt;omitted&gt;'}
        Body: {"server": {"name": "tempest.common.compute-instance-799390749", "imageRef": "bdb9c8a4-b311-4dbe-b9f5-8fa189a939ac", "key_name": "tempest-TestGettingAddress-1428407141", "flavorRef": "42", "networks": [{"uuid": "0db0ad95-ff15-4e43-8ad6-560273b8593d"}], "security_groups": [{"name": "tempest-secgroup-smoke-803362005"}]}}
    Response - Headers: {'status': '202', 'content-length': '461', 'x-compute-request-id': 'req-0619c19d-bc0a-48c6-a4ce-9c1cec4a8d24', 'vary': 'X-OpenStack-Nova-API-Version', 'connection': 'close', 'location': 'http://10.0.2.15:8774/v2.1/f0f4eea953644751aa8de7a3d0909648/servers/9582c77c-3e24-4230-beb8-b00869c90ab6', 'x-openstack-nova-api-version': '2.1', 'date': 'Wed, 16 Dec 2015 06:31:03 GMT', 'content-type': 'application/json'}
        Body: {"server": {"security_groups": [{"name": "tempest-secgroup-smoke-803362005"}], "OS-DCF:diskConfig": "MANUAL", "id": "9582c77c-3e24-4230-beb8-b00869c90ab6", "links": [{"href": "http://10.0.2.15:8774/v2.1/f0f4eea953644751aa8de7a3d0909648/servers/9582c77c-3e24-4230-beb8-b00869c90ab6", "rel": "self"}, {"href": "http://10.0.2.15:8774/f0f4eea953644751aa8de7a3d0909648/servers/9582c77c-3e24-4230-beb8-b00869c90ab6", "rel": "bookmark"}], "adminPass": "xbYWAcdtuHd8"}}
2015-12-16 06:31:03,776 25905 INFO     [tempest_lib.common.rest_client] Request (TestGettingAddress:test_dhcp6_stateless_from_os): 200 GET http://10.0.2.15:8774/v2.1/f0f4eea953644751aa8de7a3d0909648/servers/9582c77c-3e24-4230-beb8-b00869c90ab6 0.367s
2015-12-16 06:31:03,776 25905 DEBUG    [tempest_lib.common.rest_client] Request - Headers: {'Content-Type': 'application/json', 'Accept': 'application/json', 'X-Auth-Token': '&lt;omitted&gt;'}
        Body: None
    Response - Headers: {'status': '200', 'content-length': '1354', 'content-location': 'http://10.0.2.15:8774/v2.1/f0f4eea953644751aa8de7a3d0909648/servers/9582c77c-3e24-4230-beb8-b00869c90ab6', 'x-compute-request-id': 'req-cf9d1de0-2f57-44b9-84bf-19577d5f1c21', 'vary': 'X-OpenStack-Nova-API-Version', 'connection': 'close', 'x-openstack-nova-api-version': '2.1', 'date': 'Wed, 16 Dec 2015 06:31:03 GMT', 'content-type': 'application/json'}
        Body: {"server": {"status": "BUILD", "updated": "2015-12-16T06:31:03Z", "hostId": "", "addresses": {}, "links": [{"href": "http://10.0.2.15:8774/v2.1/f0f4eea953644751aa8de7a3d0909648/servers/9582c77c-3e24-4230-beb8-b00869c90ab6", "rel": "self"}, {"href": "http://10.0.2.15:8774/f0f4eea953644751aa8de7a3d0909648/servers/9582c77c-3e24-4230-beb8-b00869c90ab6", "rel": "bookmark"}], "key_name": "tempest-TestGettingAddress-1428407141", "image": {"id": "bdb9c8a4-b311-4dbe-b9f5-8fa189a939ac", "links": [{"href": "http://10.0.2.15:8774/f0f4eea953644751aa8de7a3d0909648/images/bdb9c8a4-b311-4dbe-b9f5-8fa189a939ac", "rel": "bookmark"}]}, "OS-EXT-STS:task_state": "scheduling", "OS-EXT-STS:vm_state": "building", "OS-SRV-USG:launched_at": null, "flavor": {"id": "42", "links": [{"href": "http://10.0.2.15:8774/f0f4eea953644751aa8de7a3d0909648/flavors/42", "rel": "bookmark"}]}, "id": "9582c77c-3e24-4230-beb8-b00869c90ab6", "OS-SRV-USG:terminated_at": null, "OS-EXT-AZ:availability_zone": "", "user_id": "bb58cea5ab214cab8c8e43b96a66636d", "name": "tempest.common.compute-instance-799390749", "created": "2015-12-16T06:31:03Z", "tenant_id": "f0f4eea953644751aa8de7a3d0909648", "OS-DCF:diskConfig": "MANUAL", "os-extended-volumes:volumes_attached": [], "accessIPv4": "", "accessIPv6": "", "progress": 0, "OS-EXT-STS:power_state": 0, "config_drive": "", "metadata": {}}}
2015-12-16 06:31:05,008 25905 INFO     [tempest_lib.common.rest_client] Request (TestGettingAddress:test_dhcp6_stateless_from_os): 200 GET http://10.0.2.15:8774/v2.1/f0f4eea953644751aa8de7a3d0909648/servers/9582c77c-3e24-4230-beb8-b00869c90ab6 0.222s
2015-12-16 06:31:05,009 25905 DEBUG    [tempest_lib.common.rest_client] Request - Headers: {'Content-Type': 'application/json', 'Accept': 'application/json', 'X-Auth-Token': '&lt;omitted&gt;'}
        Body: None
    Response - Headers: {'status': '200', 'content-length': '1479', 'content-location': 'http://10.0.2.15:8774/v2.1/f0f4eea953644751aa8de7a3d0909648/servers/9582c77c-3e24-4230-beb8-b00869c90ab6', 'x-compute-request-id': 'req-6066b34c-8389-48fb-bb07-6512b383da5a', 'vary': 'X-OpenStack-Nova-API-Version', 'connection': 'close', 'x-openstack-nova-api-version': '2.1', 'date': 'Wed, 16 Dec 2015 06:31:05 GMT', 'content-type': 'application/json'}
        Body: {"server": {"status": "BUILD", "updated": "2015-12-16T06:31:04Z", "hostId": "31dd200aadbdd5d844f95911d7b0f4ac959be3228ad20847dbd1b4e5", "addresses": {}, "links": [{"href": "http://10.0.2.15:8774/v2.1/f0f4eea953644751aa8de7a3d0909648/servers/9582c77c-3e24-4230-beb8-b00869c90ab6", "rel": "self"}, {"href": "http://10.0.2.15:8774/f0f4eea953644751aa8de7a3d0909648/servers/9582c77c-3e24-4230-beb8-b00869c90ab6", "rel": "bookmark"}], "key_name": "tempest-TestGettingAddress-1428407141", "image": {"id": "bdb9c8a4-b311-4dbe-b9f5-8fa189a939ac", "links": [{"href": "http://10.0.2.15:8774/f0f4eea953644751aa8de7a3d0909648/images/bdb9c8a4-b311-4dbe-b9f5-8fa189a939ac", "rel": "bookmark"}]}, "OS-EXT-STS:task_state": "spawning", "OS-EXT-STS:vm_state": "building", "OS-SRV-USG:launched_at": null, "flavor": {"id": "42", "links": [{"href": "http://10.0.2.15:8774/f0f4eea953644751aa8de7a3d0909648/flavors/42", "rel": "bookmark"}]}, "id": "9582c77c-3e24-4230-beb8-b00869c90ab6", "security_groups": [{"name": "tempest-secgroup-smoke-803362005"}], "OS-SRV-USG:terminated_at": null, "OS-EXT-AZ:availability_zone": "nova", "user_id": "bb58cea5ab214cab8c8e43b96a66636d", "name": "tempest.common.compute-instance-799390749", "created": "2015-12-16T06:31:03Z", "tenant_id": "f0f4eea953644751aa8de7a3d0909648", "OS-DCF:diskConfig": "MANUAL", "os-extended-volumes:volumes_attached": [], "accessIPv4": "", "accessIPv6": "", "progress": 0, "OS-EXT-STS:power_state": 0, "config_drive": "", "metadata": {}}}
2015-12-16 06:31:05,017 25905 INFO     [tempest.common.waiters] State transition "BUILD/scheduling" ==&gt; "BUILD/spawning" after 2 second wait
2015-12-16 06:31:06,259 25905 INFO     [tempest_lib.common.rest_client] Request (TestGettingAddress:test_dhcp6_stateless_from_os): 200 GET http://10.0.2.15:8774/v2.1/f0f4eea953644751aa8de7a3d0909648/servers/9582c77c-3e24-4230-beb8-b00869c90ab6 0.240s
2015-12-16 06:31:06,260 25905 DEBUG    [tempest_lib.common.rest_client] Request - Headers: {'Content-Type': 'application/json', 'Accept': 'application/json', 'X-Auth-Token': '&lt;omitted&gt;'}
        Body: None
    Response - Headers: {'status': '200', 'content-length': '1479', 'content-location': 'http://10.0.2.15:8774/v2.1/f0f4eea953644751aa8de7a3d0909648/servers/9582c77c-3e24-4230-beb8-b00869c90ab6', 'x-compute-request-id': 'req-e6affb47-ea9d-4139-9307-48692f6f3c98', 'vary': 'X-OpenStack-Nova-API-Version', 'connection': 'close', 'x-openstack-nova-api-version': '2.1', 'date': 'Wed, 16 Dec 2015 06:31:06 GMT', 'content-type': 'application/json'}
        Body: {"server": {"status": "BUILD", "updated": "2015-12-16T06:31:04Z", "hostId": "31dd200aadbdd5d844f95911d7b0f4ac959be3228ad20847dbd1b4e5", "addresses": {}, "links": [{"href": "http://10.0.2.15:8774/v2.1/f0f4eea953644751aa8de7a3d0909648/servers/9582c77c-3e24-4230-beb8-b00869c90ab6", "rel": "self"}, {"href": "http://10.0.2.15:8774/f0f4eea953644751aa8de7a3d0909648/servers/9582c77c-3e24-4230-beb8-b00869c90ab6", "rel": "bookmark"}], "key_name": "tempest-TestGettingAddress-1428407141", "image": {"id": "bdb9c8a4-b311-4dbe-b9f5-8fa189a939ac", "links": [{"href": "http://10.0.2.15:8774/f0f4eea953644751aa8de7a3d0909648/images/bdb9c8a4-b311-4dbe-b9f5-8fa189a939ac", "rel": "bookmark"}]}, "OS-EXT-STS:task_state": "spawning", "OS-EXT-STS:vm_state": "building", "OS-SRV-USG:launched_at": null, "flavor": {"id": "42", "links": [{"href": "http://10.0.2.15:8774/f0f4eea953644751aa8de7a3d0909648/flavors/42", "rel": "bookmark"}]}, "id": "9582c77c-3e24-4230-beb8-b00869c90ab6", "security_groups": [{"name": "tempest-secgroup-smoke-803362005"}], "OS-SRV-USG:terminated_at": null, "OS-EXT-AZ:availability_zone": "nova", "user_id": "bb58cea5ab214cab8c8e43b96a66636d", "name": "tempest.common.compute-instance-799390749", "created": "2015-12-16T06:31:03Z", "tenant_id": "f0f4eea953644751aa8de7a3d0909648", "OS-DCF:diskConfig": "MANUAL", "os-extended-volumes:volumes_attached": [], "accessIPv4": "", "accessIPv6": "", "progress": 0, "OS-EXT-STS:power_state": 0, "config_drive": "", "metadata": {}}}
2015-12-16 06:31:07,582 25905 INFO     [tempest_lib.common.rest_client] Request (TestGettingAddress:test_dhcp6_stateless_from_os): 200 GET http://10.0.2.15:8774/v2.1/f0f4eea953644751aa8de7a3d0909648/servers/9582c77c-3e24-4230-beb8-b00869c90ab6 0.312s
2015-12-16 06:31:07,582 25905 DEBUG    [tempest_lib.common.rest_client] Request - Headers: {'Content-Type': 'application/json', 'Accept': 'application/json', 'X-Auth-Token': '&lt;omitted&gt;'}
        Body: None
    Response - Headers: {'status': '200', 'content-length': '1779', 'content-location': 'http://10.0.2.15:8774/v2.1/f0f4eea953644751aa8de7a3d0909648/servers/9582c77c-3e24-4230-beb8-b00869c90ab6', 'x-compute-request-id': 'req-ae463e46-a6a7-4afa-9d77-ad4259466bc7', 'vary': 'X-OpenStack-Nova-API-Version', 'connection': 'close', 'x-openstack-nova-api-version': '2.1', 'date': 'Wed, 16 Dec 2015 06:31:07 GMT', 'content-type': 'application/json'}
        Body: {"server": {"status": "ACTIVE", "updated": "2015-12-16T06:31:06Z", "hostId": "31dd200aadbdd5d844f95911d7b0f4ac959be3228ad20847dbd1b4e5", "addresses": {"tempest-network-smoke--905206252": [{"OS-EXT-IPS-MAC:mac_addr": "fa:16:3e:3a:a7:5a", "version": 4, "addr": "10.100.0.3", "OS-EXT-IPS:type": "fixed"}, {"OS-EXT-IPS-MAC:mac_addr": "fa:16:3e:3a:a7:5a", "version": 6, "addr": "2003::f816:3eff:fe3a:a75a", "OS-EXT-IPS:type": "fixed"}]}, "links": [{"href": "http://10.0.2.15:8774/v2.1/f0f4eea953644751aa8de7a3d0909648/servers/9582c77c-3e24-4230-beb8-b00869c90ab6", "rel": "self"}, {"href": "http://10.0.2.15:8774/f0f4eea953644751aa8de7a3d0909648/servers/9582c77c-3e24-4230-beb8-b00869c90ab6", "rel": "bookmark"}], "key_name": "tempest-TestGettingAddress-1428407141", "image": {"id": "bdb9c8a4-b311-4dbe-b9f5-8fa189a939ac", "links": [{"href": "http://10.0.2.15:8774/f0f4eea953644751aa8de7a3d0909648/images/bdb9c8a4-b311-4dbe-b9f5-8fa189a939ac", "rel": "bookmark"}]}, "OS-EXT-STS:task_state": null, "OS-EXT-STS:vm_state": "active", "OS-SRV-USG:launched_at": "2015-12-16T06:31:06.000000", "flavor": {"id": "42", "links": [{"href": "http://10.0.2.15:8774/f0f4eea953644751aa8de7a3d0909648/flavors/42", "rel": "bookmark"}]}, "id": "9582c77c-3e24-4230-beb8-b00869c90ab6", "security_groups": [{"name": "tempest-secgroup-smoke-803362005"}], "OS-SRV-USG:terminated_at": null, "OS-EXT-AZ:availability_zone": "nova", "user_id": "bb58cea5ab214cab8c8e43b96a66636d", "name": "tempest.common.compute-instance-799390749", "created": "2015-12-16T06:31:03Z", "tenant_id": "f0f4eea953644751aa8de7a3d0909648", "OS-DCF:diskConfig": "MANUAL", "os-extended-volumes:volumes_attached": [], "accessIPv4": "", "accessIPv6": "", "progress": 0, "OS-EXT-STS:power_state": 1, "config_drive": "True", "metadata": {}}}
2015-12-16 06:31:07,593 25905 INFO     [tempest.common.waiters] State transition "BUILD/spawning" ==&gt; "ACTIVE/None" after 4 second wait
2015-12-16 06:31:07,939 25905 INFO     [tempest_lib.common.rest_client] Request (TestGettingAddress:test_dhcp6_stateless_from_os): 200 GET http://10.0.2.15:8774/v2.1/f0f4eea953644751aa8de7a3d0909648/servers/9582c77c-3e24-4230-beb8-b00869c90ab6 0.346s
2015-12-16 06:31:07,940 25905 DEBUG    [tempest_lib.common.rest_client] Request - Headers: {'Content-Type': 'application/json', 'Accept': 'application/json', 'X-Auth-Token': '&lt;omitted&gt;'}
        Body: None
    Response - Headers: {'status': '200', 'content-length': '1779', 'content-location': 'http://10.0.2.15:8774/v2.1/f0f4eea953644751aa8de7a3d0909648/servers/9582c77c-3e24-4230-beb8-b00869c90ab6', 'x-compute-request-id': 'req-4f8747b9-9d36-4eef-8fac-3696ebe16dc4', 'vary': 'X-OpenStack-Nova-API-Version', 'connection': 'close', 'x-openstack-nova-api-version': '2.1', 'date': 'Wed, 16 Dec 2015 06:31:07 GMT', 'content-type': 'application/json'}
        Body: {"server": {"status": "ACTIVE", "updated": "2015-12-16T06:31:06Z", "hostId": "31dd200aadbdd5d844f95911d7b0f4ac959be3228ad20847dbd1b4e5", "addresses": {"tempest-network-smoke--905206252": [{"OS-EXT-IPS-MAC:mac_addr": "fa:16:3e:3a:a7:5a", "version": 4, "addr": "10.100.0.3", "OS-EXT-IPS:type": "fixed"}, {"OS-EXT-IPS-MAC:mac_addr": "fa:16:3e:3a:a7:5a", "version": 6, "addr": "2003::f816:3eff:fe3a:a75a", "OS-EXT-IPS:type": "fixed"}]}, "links": [{"href": "http://10.0.2.15:8774/v2.1/f0f4eea953644751aa8de7a3d0909648/servers/9582c77c-3e24-4230-beb8-b00869c90ab6", "rel": "self"}, {"href": "http://10.0.2.15:8774/f0f4eea953644751aa8de7a3d0909648/servers/9582c77c-3e24-4230-beb8-b00869c90ab6", "rel": "bookmark"}], "key_name": "tempest-TestGettingAddress-1428407141", "image": {"id": "bdb9c8a4-b311-4dbe-b9f5-8fa189a939ac", "links": [{"href": "http://10.0.2.15:8774/f0f4eea953644751aa8de7a3d0909648/images/bdb9c8a4-b311-4dbe-b9f5-8fa189a939ac", "rel": "bookmark"}]}, "OS-EXT-STS:task_state": null, "OS-EXT-STS:vm_state": "active", "OS-SRV-USG:launched_at": "2015-12-16T06:31:06.000000", "flavor": {"id": "42", "links": [{"href": "http://10.0.2.15:8774/f0f4eea953644751aa8de7a3d0909648/flavors/42", "rel": "bookmark"}]}, "id": "9582c77c-3e24-4230-beb8-b00869c90ab6", "security_groups": [{"name": "tempest-secgroup-smoke-803362005"}], "OS-SRV-USG:terminated_at": null, "OS-EXT-AZ:availability_zone": "nova", "user_id": "bb58cea5ab214cab8c8e43b96a66636d", "name": "tempest.common.compute-instance-799390749", "created": "2015-12-16T06:31:03Z", "tenant_id": "f0f4eea953644751aa8de7a3d0909648", "OS-DCF:diskConfig": "MANUAL", "os-extended-volumes:volumes_attached": [], "accessIPv4": "", "accessIPv6": "", "progress": 0, "OS-EXT-STS:power_state": 1, "config_drive": "True", "metadata": {}}}
2015-12-16 06:31:08,080 25905 INFO     [tempest_lib.common.rest_client] Request (TestGettingAddress:test_dhcp6_stateless_from_os): 200 GET http://10.0.2.15:9696/v2.0/ports?status=ACTIVE&amp;fixed_ip=None&amp;device_id=9582c77c-3e24-4230-beb8-b00869c90ab6 0.131s
2015-12-16 06:31:08,081 25905 DEBUG    [tempest_lib.common.rest_client] Request - Headers: {'Content-Type': 'application/json', 'Accept': 'application/json', 'X-Auth-Token': '&lt;omitted&gt;'}
        Body: None
    Response - Headers: {'status': '200', 'content-length': '1142', 'content-location': 'http://10.0.2.15:9696/v2.0/ports?status=ACTIVE&amp;fixed_ip=None&amp;device_id=9582c77c-3e24-4230-beb8-b00869c90ab6', 'connection': 'close', 'date': 'Wed, 16 Dec 2015 06:31:08 GMT', 'content-type': 'application/json; charset=UTF-8', 'x-openstack-request-id': 'req-060ee232-451d-4028-bdea-c52b7a05876d'}
        Body: {"ports": [{"status": "ACTIVE", "binding:host_id": "vagrant-ubuntu-trusty-64", "allowed_address_pairs": [], "extra_dhcp_opts": [], "dns_assignment": [{"hostname": "host-10-100-0-3", "ip_address": "10.100.0.3", "fqdn": "host-10-100-0-3.openstacklocal."}, {"hostname": "host-2003--f816-3eff-fe3a-a75a", "ip_address": "2003::f816:3eff:fe3a:a75a", "fqdn": "host-2003--f816-3eff-fe3a-a75a.openstacklocal."}], "device_owner": "compute:None", "port_security_enabled": true, "binding:profile": {}, "fixed_ips": [{"subnet_id": "54bf9b3a-637a-4571-9bbb-6b8152dbd40c", "ip_address": "10.100.0.3"}, {"subnet_id": "adb1476d-48b6-4bcc-818f-daa79c273281", "ip_address": "2003::f816:3eff:fe3a:a75a"}], "id": "43fc633d-c052-47cb-985d-c51ecc05735a", "security_groups": ["b357fa9e-27d9-49cb-875b-3937ba4b9a3f"], "device_id": "9582c77c-3e24-4230-beb8-b00869c90ab6", "name": "", "admin_state_up": true, "network_id": "0db0ad95-ff15-4e43-8ad6-560273b8593d", "dns_name": "", "binding:vif_details": {"port_filter": true}, "binding:vnic_type": "normal", "binding:vif_type": "ovs", "tenant_id": "f0f4eea953644751aa8de7a3d0909648", "mac_address": "fa:16:3e:3a:a7:5a"}]}
2015-12-16 06:31:08,715 25905 INFO     [tempest_lib.common.rest_client] Request (TestGettingAddress:test_dhcp6_stateless_from_os): 201 POST http://10.0.2.15:9696/v2.0/floatingips 0.634s
2015-12-16 06:31:08,716 25905 DEBUG    [tempest_lib.common.rest_client] Request - Headers: {'Content-Type': 'application/json', 'Accept': 'application/json', 'X-Auth-Token': '&lt;omitted&gt;'}
        Body: {"floatingip": {"floating_network_id": "ee7564a1-b577-4909-a7e7-7bcb64aec171", "tenant_id": "f0f4eea953644751aa8de7a3d0909648", "fixed_ip_address": "10.100.0.3", "port_id": "43fc633d-c052-47cb-985d-c51ecc05735a"}}
    Response - Headers: {'status': '201', 'content-length': '367', 'connection': 'close', 'date': 'Wed, 16 Dec 2015 06:31:08 GMT', 'content-type': 'application/json; charset=UTF-8', 'x-openstack-request-id': 'req-acd828a8-207b-4592-96f6-0c821449b30d'}
        Body: {"floatingip": {"floating_network_id": "ee7564a1-b577-4909-a7e7-7bcb64aec171", "router_id": "d989ac16-4d49-480c-9e30-baf52e768855", "fixed_ip_address": "10.100.0.3", "floating_ip_address": "172.24.4.4", "tenant_id": "f0f4eea953644751aa8de7a3d0909648", "status": "DOWN", "port_id": "43fc633d-c052-47cb-985d-c51ecc05735a", "id": "20c95d61-8d78-4d7e-8228-4a66c516b841"}}
2015-12-16 06:31:08,716 25905 INFO     [tempest_lib.common.ssh] Creating ssh connection to '172.24.4.4' as 'cirros' with public key authentication
2015-12-16 06:31:12,342 25905 WARNING  [tempest_lib.common.ssh] Failed to establish authenticated ssh connection to cirros@172.24.4.4 ([Errno None] Unable to connect to port 22 on  or 172.24.4.4). Number attempts: 1. Retry after 2 seconds.
2015-12-16 06:31:17,842 25905 WARNING  [tempest_lib.common.ssh] Failed to establish authenticated ssh connection to cirros@172.24.4.4 ([Errno None] Unable to connect to port 22 on  or 172.24.4.4). Number attempts: 2. Retry after 3 seconds.
2015-12-16 06:31:24,346 25905 WARNING  [tempest_lib.common.ssh] Failed to establish authenticated ssh connection to cirros@172.24.4.4 ([Errno None] Unable to connect to port 22 on  or 172.24.4.4). Number attempts: 3. Retry after 4 seconds.
2015-12-16 06:31:31,850 25905 WARNING  [tempest_lib.common.ssh] Failed to establish authenticated ssh connection to cirros@172.24.4.4 ([Errno None] Unable to connect to port 22 on  or 172.24.4.4). Number attempts: 4. Retry after 5 seconds.
2015-12-16 06:31:40,354 25905 WARNING  [tempest_lib.common.ssh] Failed to establish authenticated ssh connection to cirros@172.24.4.4 ([Errno None] Unable to connect to port 22 on  or 172.24.4.4). Number attempts: 5. Retry after 6 seconds.
2015-12-16 06:31:49,859 25905 WARNING  [tempest_lib.common.ssh] Failed to establish authenticated ssh connection to cirros@172.24.4.4 ([Errno None] Unable to connect to port 22 on  or 172.24.4.4). Number attempts: 6. Retry after 7 seconds.
2015-12-16 06:32:00,362 25905 WARNING  [tempest_lib.common.ssh] Failed to establish authenticated ssh connection to cirros@172.24.4.4 ([Errno None] Unable to connect to port 22 on  or 172.24.4.4). Number attempts: 7. Retry after 8 seconds.
2015-12-16 06:32:11,863 25905 WARNING  [tempest_lib.common.ssh] Failed to establish authenticated ssh connection to cirros@172.24.4.4 ([Errno None] Unable to connect to port 22 on  or 172.24.4.4). Number attempts: 8. Retry after 9 seconds.
2015-12-16 06:32:24,370 25905 WARNING  [tempest_lib.common.ssh] Failed to establish authenticated ssh connection to cirros@172.24.4.4 ([Errno None] Unable to connect to port 22 on  or 172.24.4.4). Number attempts: 9. Retry after 10 seconds.
2015-12-16 06:32:37,875 25905 WARNING  [tempest_lib.common.ssh] Failed to establish authenticated ssh connection to cirros@172.24.4.4 ([Errno None] Unable to connect to port 22 on  or 172.24.4.4). Number attempts: 10. Retry after 11 seconds.
2015-12-16 06:32:52,379 25905 WARNING  [tempest_lib.common.ssh] Failed to establish authenticated ssh connection to cirros@172.24.4.4 ([Errno None] Unable to connect to port 22 on  or 172.24.4.4). Number attempts: 11. Retry after 12 seconds.
2015-12-16 06:33:07,887 25905 WARNING  [tempest_lib.common.ssh] Failed to establish authenticated ssh connection to cirros@172.24.4.4 ([Errno None] Unable to connect to port 22 on  or 172.24.4.4). Number attempts: 12. Retry after 13 seconds.
2015-12-16 06:33:24,394 25905 WARNING  [tempest_lib.common.ssh] Failed to establish authenticated ssh connection to cirros@172.24.4.4 ([Errno None] Unable to connect to port 22 on  or 172.24.4.4). Number attempts: 13. Retry after 14 seconds.
2015-12-16 06:33:41,907 25905 WARNING  [tempest_lib.common.ssh] Failed to establish authenticated ssh connection to cirros@172.24.4.4 ([Errno None] Unable to connect to port 22 on  or 172.24.4.4). Number attempts: 14. Retry after 15 seconds.
2015-12-16 06:34:00,422 25905 WARNING  [tempest_lib.common.ssh] Failed to establish authenticated ssh connection to cirros@172.24.4.4 ([Errno None] Unable to connect to port 22 on  or 172.24.4.4). Number attempts: 15. Retry after 16 seconds.
2015-12-16 06:34:19,931 25905 WARNING  [tempest_lib.common.ssh] Failed to establish authenticated ssh connection to cirros@172.24.4.4 ([Errno None] Unable to connect to port 22 on  or 172.24.4.4). Number attempts: 16. Retry after 17 seconds.
2015-12-16 06:34:40,443 25905 ERROR    [tempest_lib.common.ssh] Failed to establish authenticated ssh connection to cirros@172.24.4.4 after 16 attempts
2015-12-16 06:34:40.443 25905 ERROR tempest_lib.common.ssh Traceback (most recent call last):
2015-12-16 06:34:40.443 25905 ERROR tempest_lib.common.ssh   File "/usr/local/lib/python2.7/dist-packages/tempest_lib/common/ssh.py", line 75, in _get_ssh_connection
2015-12-16 06:34:40.443 25905 ERROR tempest_lib.common.ssh     timeout=self.channel_timeout, pkey=self.pkey)
2015-12-16 06:34:40.443 25905 ERROR tempest_lib.common.ssh   File "/usr/local/lib/python2.7/dist-packages/paramiko/client.py", line 311, in connect
2015-12-16 06:34:40.443 25905 ERROR tempest_lib.common.ssh     raise NoValidConnectionsError(errors)
2015-12-16 06:34:40.443 25905 ERROR tempest_lib.common.ssh NoValidConnectionsError: [Errno None] Unable to connect to port 22 on  or 172.24.4.4
2015-12-16 06:34:40.443 25905 ERROR tempest_lib.common.ssh 
2015-12-16 06:34:40,445 25905 ERROR    [tempest.scenario.manager] (TestGettingAddress:test_dhcp6_stateless_from_os) Initializing SSH connection to 172.24.4.4 failed. Error: Connection to the 172.24.4.4 via SSH timed out.
User: cirros, Password: None
2015-12-16 06:34:40.445 25905 ERROR tempest.scenario.manager Traceback (most recent call last):
2015-12-16 06:34:40.445 25905 ERROR tempest.scenario.manager   File "tempest/scenario/manager.py", line 385, in get_remote_client
2015-12-16 06:34:40.445 25905 ERROR tempest.scenario.manager     linux_client.validate_authentication()
2015-12-16 06:34:40.445 25905 ERROR tempest.scenario.manager   File "tempest/common/utils/linux/remote_client.py", line 63, in validate_authentication
2015-12-16 06:34:40.445 25905 ERROR tempest.scenario.manager     self.ssh_client.test_connection_auth()
2015-12-16 06:34:40.445 25905 ERROR tempest.scenario.manager   File "/usr/local/lib/python2.7/dist-packages/tempest_lib/common/ssh.py", line 167, in test_connection_auth
2015-12-16 06:34:40.445 25905 ERROR tempest.scenario.manager     connection = self._get_ssh_connection()
2015-12-16 06:34:40.445 25905 ERROR tempest.scenario.manager   File "/usr/local/lib/python2.7/dist-packages/tempest_lib/common/ssh.py", line 87, in _get_ssh_connection
2015-12-16 06:34:40.445 25905 ERROR tempest.scenario.manager     password=self.password)
2015-12-16 06:34:40.445 25905 ERROR tempest.scenario.manager SSHTimeout: Connection to the 172.24.4.4 via SSH timed out.
2015-12-16 06:34:40.445 25905 ERROR tempest.scenario.manager User: cirros, Password: None
2015-12-16 06:34:40.445 25905 ERROR tempest.scenario.manager 
2015-12-16 06:34:40,530 25905 INFO     [tempest_lib.common.rest_client] Request (TestGettingAddress:test_dhcp6_stateless_from_os): 200 GET http://10.0.2.15:8774/v2.1/f0f4eea953644751aa8de7a3d0909648/servers 0.081s
2015-12-16 06:34:40,531 25905 DEBUG    [tempest_lib.common.rest_client] Request - Headers: {'Content-Type': 'application/json', 'Accept': 'application/json', 'X-Auth-Token': '&lt;omitted&gt;'}
        Body: None
    Response - Headers: {'status': '200', 'content-length': '390', 'content-location': 'http://10.0.2.15:8774/v2.1/f0f4eea953644751aa8de7a3d0909648/servers', 'x-compute-request-id': 'req-3483f89c-0201-4bbb-860b-24dcf327e46a', 'vary': 'X-OpenStack-Nova-API-Version', 'connection': 'close', 'x-openstack-nova-api-version': '2.1', 'date': 'Wed, 16 Dec 2015 06:34:40 GMT', 'content-type': 'application/json'}
        Body: {"servers": [{"id": "9582c77c-3e24-4230-beb8-b00869c90ab6", "links": [{"href": "http://10.0.2.15:8774/v2.1/f0f4eea953644751aa8de7a3d0909648/servers/9582c77c-3e24-4230-beb8-b00869c90ab6", "rel": "self"}, {"href": "http://10.0.2.15:8774/f0f4eea953644751aa8de7a3d0909648/servers/9582c77c-3e24-4230-beb8-b00869c90ab6", "rel": "bookmark"}], "name": "tempest.common.compute-instance-799390749"}]}
2015-12-16 06:34:40,755 25905 INFO     [tempest_lib.common.rest_client] Request (TestGettingAddress:test_dhcp6_stateless_from_os): 200 POST http://10.0.2.15:8774/v2.1/f0f4eea953644751aa8de7a3d0909648/servers/9582c77c-3e24-4230-beb8-b00869c90ab6/action 0.217s
2015-12-16 06:34:40,756 25905 DEBUG    [tempest_lib.common.rest_client] Request - Headers: {'Content-Type': 'application/json', 'Accept': 'application/json', 'X-Auth-Token': '&lt;omitted&gt;'}
        Body: {"os-getConsoleOutput": {}}
    Response - Headers: {'status': '200', 'content-length': '24756', 'x-compute-request-id': 'req-d7a90779-563e-4536-80ff-536254a40d31', 'vary': 'X-OpenStack-Nova-API-Version', 'connection': 'close', 'x-openstack-nova-api-version': '2.1', 'date': 'Wed, 16 Dec 2015 06:34:40 GMT', 'content-type': 'application/json'}
        Body: {"output": "[    0.000000] Initializing cgroup subsys cpuset\n[    0.000000] Initializing cgroup subsys cpu\n[    0.000000] Linux version 3.2.0-80-virtual (buildd@batsu) (gcc version 4.6.3 (Ubuntu/Linaro 4.6.3-1ubuntu5) ) #116-Ubuntu SMP Mon Mar 23 17:28:52 UTC 2015 (Ubuntu 3.2.0-80.116-virtual 3.2.68)\n[    0.000000] Command line: root=/dev/vda console=tty0 console=ttyS0 no_timer_check\n[    0.000000] KERNEL supported cpus:\n[    0.000000]   Intel GenuineIntel\n[    0.000000]   AMD AuthenticAMD\n[    0.000000]   Centaur CentaurHauls\n[    0.000000] BIOS-provided physical RAM map:\n[    0.000000]  BIOS-e820: 0000000000000000 - 000000000009fc00 (usable)\n[    0.000000]  BIOS-e820: 000000000009fc00 - 00000000000a0000 (reserved)\n[    0.000000]  BIOS-e820: 00000000000f0000 - 0000000000100000 (reserved)\n[    0.000000]  BIOS-e820: 0000000000100000 - 0000000003ffe000 (usable)\n[    0.000000]  BIOS-e820: 0000000003ffe000 - 0000000004000000 (reserved)\n[    0.000000]  BIOS-e820: 00000000fffc0000 - 0000000100000000 (reserved)\n[    0.000000] NX (Execute Disable) protection: active\n[    0.000000] SMBIOS 2.4 present.\n[    0.000000] No AGP bridge found\n[    0.000000] last_pfn = 0x3ffe max_arch_pfn = 0x400000000\n[    0.000000] x86 PAT enabled: cpu 0, old 0x7040600070406, new 0x7010600070106\n[    0.000000] found SMP MP-table at [ffff8800000f0b00] f0b00\n[    0.000000] init_memory_mapping: 0000000000000000-0000000003ffe000\n[    0.000000] RAMDISK: 03c5e000 - 03ff0000\n[    0.000000] ACPI: RSDP 00000000000f0950 00014 (v00 BOCHS )\n[    0.000000] ACPI: RSDT 0000000003fffbc1 00034 (v01 BOCHS  BXPCRSDT 00000001 BXPC 00000001)\n[    0.000000] ACPI: FACP 0000000003fff1c0 00074 (v01 BOCHS  BXPCFACP 00000001 BXPC 00000001)\n[    0.000000] ACPI: DSDT 0000000003ffe040 01180 (v01 BOCHS  BXPCDSDT 00000001 BXPC 00000001)\n[    0.000000] ACPI: FACS 0000000003ffe000 00040\n[    0.000000] ACPI: SSDT 0000000003fff234 008DD (v01 BOCHS  BXPCSSDT 00000001 BXPC 00000001)\n[    0.000000] ACPI: APIC 0000000003fffb11 00078 (v01 BOCHS  BXPCAPIC 00000001 BXPC 00000001)\n[    0.000000] ACPI: HPET 0000000003fffb89 00038 (v01 BOCHS  BXPCHPET 00000001 BXPC 00000001)\n[    0.000000] No NUMA configuration found\n[    0.000000] Faking a node at 0000000000000000-0000000003ffe000\n[    0.000000] Initmem setup node 0 0000000000000000-0000000003ffe000\n[    0.000000]   NODE_DATA [0000000003ff6000 - 0000000003ffafff]\n[    0.000000] Zone PFN ranges:\n[    0.000000]   DMA      0x00000010 -&gt; 0x00001000\n[    0.000000]   DMA32    0x00001000 -&gt; 0x00100000\n[    0.000000]   Normal   empty\n[    0.000000] Movable zone start PFN for each node\n[    0.000000] early_node_map[2] active PFN ranges\n[    0.000000]     0: 0x00000010 -&gt; 0x0000009f\n[    0.000000]     0: 0x00000100 -&gt; 0x00003ffe\n[    0.000000] ACPI: PM-Timer IO Port: 0xb008\n[    0.000000] ACPI: LAPIC (acpi_id[0x00] lapic_id[0x00] enabled)\n[    0.000000] ACPI: LAPIC_NMI (acpi_id[0xff] dfl dfl lint[0x1])\n[    0.000000] ACPI: IOAPIC (id[0x00] address[0xfec00000] gsi_base[0])\n[    0.000000] IOAPIC[0]: apic_id 0, version 17, address 0xfec00000, GSI 0-23\n[    0.000000] ACPI: INT_SRC_OVR (bus 0 bus_irq 0 global_irq 2 dfl dfl)\n[    0.000000] ACPI: INT_SRC_OVR (bus 0 bus_irq 5 global_irq 5 high level)\n[    0.000000] ACPI: INT_SRC_OVR (bus 0 bus_irq 9 global_irq 9 high level)\n[    0.000000] ACPI: INT_SRC_OVR (bus 0 bus_irq 10 global_irq 10 high level)\n[    0.000000] ACPI: INT_SRC_OVR (bus 0 bus_irq 11 global_irq 11 high level)\n[    0.000000] Using ACPI (MADT) for SMP configuration information\n[    0.000000] ACPI: HPET id: 0x8086a201 base: 0xfed00000\n[    0.000000] SMP: Allowing 1 CPUs, 0 hotplug CPUs\n[    0.000000] PM: Registered nosave memory: 000000000009f000 - 00000000000a0000\n[    0.000000] PM: Registered nosave memory: 00000000000a0000 - 00000000000f0000\n[    0.000000] PM: Registered nosave memory: 00000000000f0000 - 0000000000100000\n[    0.000000] Allocating PCI resources starting at 4000000 (gap: 4000000:fbfc0000)\n[    0.000000] Booting paravirtualized kernel on bare hardware\n[    0.000000] setup_pe
2015-12-16 06:34:40,759 25905 DEBUG    [tempest.scenario.manager] Console output for 9582c77c-3e24-4230-beb8-b00869c90ab6
body=
[    0.000000] Initializing cgroup subsys cpuset
[    0.000000] Initializing cgroup subsys cpu
[    0.000000] Linux version 3.2.0-80-virtual (buildd@batsu) (gcc version 4.6.3 (Ubuntu/Linaro 4.6.3-1ubuntu5) ) #116-Ubuntu SMP Mon Mar 23 17:28:52 UTC 2015 (Ubuntu 3.2.0-80.116-virtual 3.2.68)
[    0.000000] Command line: root=/dev/vda console=tty0 console=ttyS0 no_timer_check
[    0.000000] KERNEL supported cpus:
[    0.000000]   Intel GenuineIntel
[    0.000000]   AMD AuthenticAMD
[    0.000000]   Centaur CentaurHauls
[    0.000000] BIOS-provided physical RAM map:
[    0.000000]  BIOS-e820: 0000000000000000 - 000000000009fc00 (usable)
[    0.000000]  BIOS-e820: 000000000009fc00 - 00000000000a0000 (reserved)
[    0.000000]  BIOS-e820: 00000000000f0000 - 0000000000100000 (reserved)
[    0.000000]  BIOS-e820: 0000000000100000 - 0000000003ffe000 (usable)
[    0.000000]  BIOS-e820: 0000000003ffe000 - 0000000004000000 (reserved)
[    0.000000]  BIOS-e820: 00000000fffc0000 - 0000000100000000 (reserved)
[    0.000000] NX (Execute Disable) protection: active
[    0.000000] SMBIOS 2.4 present.
[    0.000000] No AGP bridge found
[    0.000000] last_pfn = 0x3ffe max_arch_pfn = 0x400000000
[    0.000000] x86 PAT enabled: cpu 0, old 0x7040600070406, new 0x7010600070106
[    0.000000] found SMP MP-table at [ffff8800000f0b00] f0b00
[    0.000000] init_memory_mapping: 0000000000000000-0000000003ffe000
[    0.000000] RAMDISK: 03c5e000 - 03ff0000
[    0.000000] ACPI: RSDP 00000000000f0950 00014 (v00 BOCHS )
[    0.000000] ACPI: RSDT 0000000003fffbc1 00034 (v01 BOCHS  BXPCRSDT 00000001 BXPC 00000001)
[    0.000000] ACPI: FACP 0000000003fff1c0 00074 (v01 BOCHS  BXPCFACP 00000001 BXPC 00000001)
[    0.000000] ACPI: DSDT 0000000003ffe040 01180 (v01 BOCHS  BXPCDSDT 00000001 BXPC 00000001)
[    0.000000] ACPI: FACS 0000000003ffe000 00040
[    0.000000] ACPI: SSDT 0000000003fff234 008DD (v01 BOCHS  BXPCSSDT 00000001 BXPC 00000001)
[    0.000000] ACPI: APIC 0000000003fffb11 00078 (v01 BOCHS  BXPCAPIC 00000001 BXPC 00000001)
[    0.000000] ACPI: HPET 0000000003fffb89 00038 (v01 BOCHS  BXPCHPET 00000001 BXPC 00000001)
[    0.000000] No NUMA configuration found
[    0.000000] Faking a node at 0000000000000000-0000000003ffe000
[    0.000000] Initmem setup node 0 0000000000000000-0000000003ffe000
[    0.000000]   NODE_DATA [0000000003ff6000 - 0000000003ffafff]
[    0.000000] Zone PFN ranges:
[    0.000000]   DMA      0x00000010 -&gt; 0x00001000
[    0.000000]   DMA32    0x00001000 -&gt; 0x00100000
[    0.000000]   Normal   empty
[    0.000000] Movable zone start PFN for each node
[    0.000000] early_node_map[2] active PFN ranges
[    0.000000]     0: 0x00000010 -&gt; 0x0000009f
[    0.000000]     0: 0x00000100 -&gt; 0x00003ffe
[    0.000000] ACPI: PM-Timer IO Port: 0xb008
[    0.000000] ACPI: LAPIC (acpi_id[0x00] lapic_id[0x00] enabled)
[    0.000000] ACPI: LAPIC_NMI (acpi_id[0xff] dfl dfl lint[0x1])
[    0.000000] ACPI: IOAPIC (id[0x00] address[0xfec00000] gsi_base[0])
[    0.000000] IOAPIC[0]: apic_id 0, version 17, address 0xfec00000, GSI 0-23
[    0.000000] ACPI: INT_SRC_OVR (bus 0 bus_irq 0 global_irq 2 dfl dfl)
[    0.000000] ACPI: INT_SRC_OVR (bus 0 bus_irq 5 global_irq 5 high level)
[    0.000000] ACPI: INT_SRC_OVR (bus 0 bus_irq 9 global_irq 9 high level)
[    0.000000] ACPI: INT_SRC_OVR (bus 0 bus_irq 10 global_irq 10 high level)
[    0.000000] ACPI: INT_SRC_OVR (bus 0 bus_irq 11 global_irq 11 high level)
[    0.000000] Using ACPI (MADT) for SMP configuration information
[    0.000000] ACPI: HPET id: 0x8086a201 base: 0xfed00000
[    0.000000] SMP: Allowing 1 CPUs, 0 hotplug CPUs
[    0.000000] PM: Registered nosave memory: 000000000009f000 - 00000000000a0000
[    0.000000] PM: Registered nosave memory: 00000000000a0000 - 00000000000f0000
[    0.000000] PM: Registered nosave memory: 00000000000f0000 - 0000000000100000
[    0.000000] Allocating PCI resources starting at 4000000 (gap: 4000000:fbfc0000)
[    0.000000] Booting paravirtualized kernel on bare hardware
[    0.000000] setup_percpu: NR_CPUS:64 nr_cpumask_bits:64 nr_cpu_ids:1 nr_node_ids:1
[    0.000000] PERCPU: Embedded 27 pages/cpu @ffff880003a00000 s78848 r8192 d23552 u2097152
[    0.000000] Built 1 zonelists in Node order, mobility grouping on.  Total pages: 16008
[    0.000000] Policy zone: DMA32
[    0.000000] Kernel command line: root=/dev/vda console=tty0 console=ttyS0 no_timer_check
[    0.000000] PID hash table entries: 256 (order: -1, 2048 bytes)
[    0.000000] Checking aperture...
[    0.000000] No AGP bridge found
[    0.000000] Memory: 43492k/65528k available (6576k kernel code, 452k absent, 21584k reserved, 6620k data, 928k init)
[    0.000000] SLUB: Genslabs=15, HWalign=64, Order=0-3, MinObjects=0, CPUs=1, Nodes=1
[    0.000000] Hierarchical RCU implementation.
[    0.000000] 	RCU dyntick-idle grace-period acceleration is enabled.
[    0.000000] NR_IRQS:4352 nr_irqs:256 16
[    0.000000] Console: colour VGA+ 80x25
[    0.000000] console [tty0] enabled
[    0.000000] console [ttyS0] enabled
[    0.000000] allocated 1048576 bytes of page_cgroup
[    0.000000] please try 'cgroup_disable=memory' option if you don't want memory cgroups
[    0.000000] Fast TSC calibration failed
[    0.000000] TSC: Unable to calibrate against PIT
[    0.000000] TSC: using HPET reference calibration
[    0.000000] Detected 2294.400 MHz processor.
[    0.028767] Calibrating delay loop (skipped), value calculated using timer frequency.. 4588.80 BogoMIPS (lpj=9177600)
[    0.032789] pid_max: default: 32768 minimum: 301
[    0.041990] Security Framework initialized
[    0.046283] AppArmor: AppArmor initialized
[    0.046968] Yama: becoming mindful.
[    0.054035] Dentry cache hash table entries: 8192 (order: 4, 65536 bytes)
[    0.056155] Inode-cache hash table entries: 4096 (order: 3, 32768 bytes)
[    0.057694] Mount-cache hash table entries: 256
[    0.074175] Initializing cgroup subsys cpuacct
[    0.075087] Initializing cgroup subsys memory
[    0.076796] Initializing cgroup subsys devices
[    0.077528] Initializing cgroup subsys freezer
[    0.078381] Initializing cgroup subsys blkio
[    0.079155] Initializing cgroup subsys perf_event
[    0.084178] mce: CPU supports 10 MCE banks
[    0.086710] SMP alternatives: switching to UP code
[    0.496980] Freeing SMP alternatives: 24k freed
[    0.500320] ACPI: Core revision 20110623
[    0.554464] ftrace: allocating 26610 entries in 105 pages
[    0.587311] ..TIMER: vector=0x30 apic1=0 pin1=2 apic2=-1 pin2=-1
[    0.588146] CPU0: AMD QEMU Virtual CPU version 2.0.0 stepping 03
[    0.592036] Performance Events: Broken PMU hardware detected, using software events only.
[    0.602740] NMI watchdog disabled (cpu0): hardware events not enabled
[    0.604775] Brought up 1 CPUs
[    0.605289] Total of 1 processors activated (4588.80 BogoMIPS).
[    0.639071] devtmpfs: initialized
[    0.668847] EVM: security.selinux
[    0.669382] EVM: security.SMACK64
[    0.669858] EVM: security.capability
[    0.690000] print_constraints: dummy: 
[    0.692316] RTC time:  6:31:10, date: 12/16/15
[    0.694653] NET: Registered protocol family 16
[    0.705579] ACPI: bus type pci registered
[    0.710208] PCI: Using configuration type 1 for base access
[    0.742348] bio: create slab &lt;bio-0&gt; at 0
[    0.747131] ACPI: Added _OSI(Module Device)
[    0.748130] ACPI: Added _OSI(Processor Device)
[    0.748704] ACPI: Added _OSI(3.0 _SCP Extensions)
[    0.749317] ACPI: Added _OSI(Processor Aggregator Device)
[    0.814287] ACPI: Interpreter enabled
[    0.814963] ACPI: (supports S0 S3 S4 S5)
[    0.817285] ACPI: Using IOAPIC for interrupt routing
[    0.890770] ACPI: No dock devices found.
[    0.891560] HEST: Table not found.
[    0.892217] PCI: Using host bridge windows from ACPI; if necessary, use "pci=nocrs" and report a bug
[    0.898702] ACPI: PCI Root Bridge [PCI0] (domain 0000 [bus 00-ff])
[    0.905034] pci_root PNP0A03:00: host bridge window [io  0x0000-0x0cf7]
[    0.905996] pci_root PNP0A03:00: host bridge window [io  0x0d00-0xadff]
[    0.906839] pci_root PNP0A03:00: host bridge window [io  0xae0f-0xaeff]
[    0.908110] pci_root PNP0A03:00: host bridge window [io  0xaf20-0xafdf]
[    0.909004] pci_root PNP0A03:00: host bridge window [io  0xafe4-0xffff]
[    0.909943] pci_root PNP0A03:00: host bridge window [mem 0x000a0000-0x000bffff]
[    0.912107] pci_root PNP0A03:00: host bridge window [mem 0x04000000-0xfebfffff]
[    0.937054] pci 0000:00:01.3: quirk: [io  0xb000-0xb03f] claimed by PIIX4 ACPI
[    0.940211] pci 0000:00:01.3: quirk: [io  0xb100-0xb10f] claimed by PIIX4 SMB
[    1.019211]  pci0000:00: Unable to request _OSC control (_OSC support mask: 0x1e)
[    1.071016] ACPI: PCI Interrupt Link [LNKA] (IRQs 5 *10 11)
[    1.073600] ACPI: PCI Interrupt Link [LNKB] (IRQs 5 *10 11)
[    1.076123] ACPI: PCI Interrupt Link [LNKC] (IRQs 5 10 *11)
[    1.077536] ACPI: PCI Interrupt Link [LNKD] (IRQs 5 10 *11)
[    1.078624] ACPI: PCI Interrupt Link [LNKS] (IRQs *9)
[    1.086370] vgaarb: device added: PCI:0000:00:02.0,decodes=io+mem,owns=io+mem,locks=none
[    1.088442] vgaarb: loaded
[    1.088853] vgaarb: bridge control possible 0000:00:02.0
[    1.098581] i2c-core: driver [aat2870] using legacy suspend method
[    1.100204] i2c-core: driver [aat2870] using legacy resume method
[    1.108755] SCSI subsystem initialized
[    1.113172] usbcore: registered new interface driver usbfs
[    1.114297] usbcore: registered new interface driver hub
[    1.116508] usbcore: registered new device driver usb
[    1.121705] PCI: Using ACPI for IRQ routing
[    1.135049] NetLabel: Initializing
[    1.136132] NetLabel:  domain hash size = 128
[    1.136681] NetLabel:  protocols = UNLABELED CIPSOv4
[    1.139106] NetLabel:  unlabeled traffic allowed by default
[    1.141547] HPET: 3 timers in total, 0 timers will be used for per-cpu timer
[    1.142727] hpet0: at MMIO 0xfed00000, IRQs 2, 8, 0
[    1.144677] hpet0: 3 comparators, 64-bit 100.000000 MHz counter
[    1.160625] Switching to clocksource hpet
[    1.391566] AppArmor: AppArmor Filesystem Enabled
[    1.393849] pnp: PnP ACPI init
[    1.394165] ACPI: bus type pnp registered
[    1.416407] pnp: PnP ACPI: found 9 devices
[    1.417930] ACPI: ACPI bus type pnp unregistered
[    1.471709] NET: Registered protocol family 2
[    1.506256] IP route cache hash table entries: 512 (order: 0, 4096 bytes)
[    1.514476] TCP established hash table entries: 2048 (order: 3, 32768 bytes)
[    1.517060] TCP bind hash table entries: 2048 (order: 3, 32768 bytes)
[    1.518042] TCP: Hash tables configured (established 2048 bind 2048)
[    1.518901] TCP reno registered
[    1.519470] UDP hash table entries: 128 (order: 0, 4096 bytes)
[    1.521103] UDP-Lite hash table entries: 128 (order: 0, 4096 bytes)
[    1.523571] NET: Registered protocol family 1
[    1.524039] pci 0000:00:00.0: Limiting direct PCI/PCI transfers
[    1.526259] pci 0000:00:01.0: PIIX3: Enabling Passive Release
[    1.526927] pci 0000:00:01.0: Activating ISA DMA hang workarounds
[    1.532757] ACPI: PCI Interrupt Link [LNKD] enabled at IRQ 11
[    1.534039] pci 0000:00:01.2: PCI INT D -&gt; Link[LNKD] -&gt; GSI 11 (level, high) -&gt; IRQ 11
[    1.535943] pci 0000:00:01.2: PCI INT D disabled
[    1.554512] Trying to unpack rootfs image as initramfs...
[    1.569651] audit: initializing netlink socket (disabled)
[    1.571114] type=2000 audit(1450247470.568:1): initialized
[    1.834323] HugeTLB registered 2 MB page size, pre-allocated 0 pages
[    1.926707] VFS: Disk quotas dquot_6.5.2
[    1.928091] Dquot-cache hash table entries: 512 (order 0, 4096 bytes)
[    1.959243] fuse init (API version 7.17)
[    1.963614] msgmni has been set to 84
[    2.003800] Block layer SCSI generic (bsg) driver version 0.4 loaded (major 253)
[    2.009087] io scheduler noop registered
[    2.009819] io scheduler deadline registered (default)
[    2.011598] io scheduler cfq registered
[    2.017079] pci_hotplug: PCI Hot Plug PCI Core version: 0.5
[    2.018744] pciehp: PCI Express Hot Plug Controller Driver version: 0.4
[    2.025301] input: Power Button as /devices/LNXSYSTM:00/LNXPWRBN:00/input/input0
[    2.026821] ACPI: Power Button [PWRF]
[    2.100761] ERST: Table is not found!
[    2.102043] GHES: HEST is not enabled!
[    2.104915] ACPI: PCI Interrupt Link [LNKC] enabled at IRQ 10
[    2.106074] virtio-pci 0000:00:03.0: PCI INT A -&gt; Link[LNKC] -&gt; GSI 10 (level, high) -&gt; IRQ 10
[    2.110165] virtio-pci 0000:00:04.0: PCI INT A -&gt; Link[LNKD] -&gt; GSI 11 (level, high) -&gt; IRQ 11
[    2.129183] ACPI: PCI Interrupt Link [LNKA] enabled at IRQ 10
[    2.129976] virtio-pci 0000:00:05.0: PCI INT A -&gt; Link[LNKA] -&gt; GSI 10 (level, high) -&gt; IRQ 10
[    2.148357] Serial: 8250/16550 driver, 32 ports, IRQ sharing enabled
[    2.191532] serial8250: ttyS0 at I/O 0x3f8 (irq = 4) is a 16550A
[    2.279249] serial8250: ttyS1 at I/O 0x2f8 (irq = 3) is a 16550A
[    2.401239] 00:05: ttyS0 at I/O 0x3f8 (irq = 4) is a 16550A
[    2.478512] 00:06: ttyS1 at I/O 0x2f8 (irq = 3) is a 16550A
[    2.518258] Linux agpgart interface v0.103
[    2.541853] Refined TSC clocksource calibration: 2294.385 MHz.
[    2.542917] Switching to clocksource tsc
[    2.597621] brd: module loaded
[    2.625470] loop: module loaded
[    2.681888]  vda: unknown partition table
[    2.734309] scsi0 : ata_piix
[    2.737365] scsi1 : ata_piix
[    2.738744] ata1: PATA max MWDMA2 cmd 0x1f0 ctl 0x3f6 bmdma 0xc0a0 irq 14
[    2.739835] ata2: PATA max MWDMA2 cmd 0x170 ctl 0x376 bmdma 0xc0a8 irq 15
[    2.750073] Fixed MDIO Bus: probed
[    2.751154] tun: Universal TUN/TAP device driver, 1.6
[    2.751736] tun: (C) 1999-2004 Max Krasnyansky &lt;maxk@qualcomm.com&gt;
[    2.766794] PPP generic driver version 2.4.2
[    2.788000] ehci_hcd: USB 2.0 'Enhanced' Host Controller (EHCI) Driver
[    2.790529] ohci_hcd: USB 1.1 'Open' Host Controller (OHCI) Driver
[    2.791621] uhci_hcd: USB Universal Host Controller Interface driver
[    2.793547] uhci_hcd 0000:00:01.2: PCI INT D -&gt; Link[LNKD] -&gt; GSI 11 (level, high) -&gt; IRQ 11
[    2.797177] uhci_hcd 0000:00:01.2: UHCI Host Controller
[    2.809118] uhci_hcd 0000:00:01.2: new USB bus registered, assigned bus number 1
[    2.810665] uhci_hcd 0000:00:01.2: irq 11, io base 0x0000c040
[    2.846489] hub 1-0:1.0: USB hub found
[    2.852127] hub 1-0:1.0: 2 ports detected
[    2.862556] usbcore: registered new interface driver libusual
[    2.866285] i8042: PNP: PS/2 Controller [PNP0303:KBD,PNP0f13:MOU] at 0x60,0x64 irq 1,12
[    2.877420] serio: i8042 KBD port at 0x60,0x64 irq 1
[    2.880061] serio: i8042 AUX port at 0x60,0x64 irq 12
[    2.964039] mousedev: PS/2 mouse device common for all mice
[    2.974772] rtc_cmos 00:01: RTC can wake from S4
[    2.981598] ata2.01: ATAPI: QEMU DVD-ROM, 2.0.0, max UDMA/100
[    3.004062] input: AT Translated Set 2 keyboard as /devices/platform/i8042/serio0/input/input1
[    3.011401] rtc_cmos 00:01: rtc core: registered rtc_cmos as rtc0
[    3.016004] rtc0: alarms up to one day, 114 bytes nvram, hpet irqs
[    3.020571] device-mapper: uevent: version 1.0.3
[    3.046362] device-mapper: ioctl: 4.22.0-ioctl (2011-10-19) initialised: dm-devel@redhat.com
[    3.050380] cpuidle: using governor ladder
[    3.051645] cpuidle: using governor menu
[    3.053320] EFI Variables Facility v0.08 2004-May-17
[    3.067372] TCP cubic registered
[    3.072659] NET: Registered protocol family 10
[    3.110419] NET: Registered protocol family 17
[    3.112547] Registering the dns_resolver key type
[    3.126360] ata2.01: configured for MWDMA2
[    3.151527] scsi 1:0:1:0: CD-ROM            QEMU     QEMU DVD-ROM     2.0. PQ: 0 ANSI: 5
[    3.182238] sr0: scsi3-mmc drive: 4x/4x cd/rw xa/form2 tray
[    3.184542] cdrom: Uniform CD-ROM driver Revision: 3.20
[    3.205464] sr 1:0:1:0: Attached scsi generic sg0 type 5
[    3.277643] registered taskstats version 1
[    3.401765] Freeing initrd memory: 3656k freed
[    3.914605]   Magic number: 11:351:519
[    3.918896]   hash matches /build/buildd/linux-3.2.0/drivers/base/power/main.c:467
[    3.925726] rtc_cmos 00:01: setting system clock to 2015-12-16 06:31:13 UTC (1450247473)
[    3.927541] powernow-k8: Processor cpuid 663 not supported
[    3.932002] BIOS EDD facility v0.16 2004-Jun-25, 0 devices found
[    3.933068] EDD information not available.
[    3.986302] Freeing unused kernel memory: 928k freed
[    3.990323] Write protecting the kernel read-only data: 12288k
[    4.064061] Freeing unused kernel memory: 1596k freed
[    4.119557] Freeing unused kernel memory: 1184k freed

info: initramfs: up at 4.29
modprobe: module virtio_blk not found in modules.dep
modprobe: module virtio_net not found in modules.dep
info: copying initramfs to /dev/vda
info: initramfs loading root from /dev/vda
info: /etc/init.d/rc.sysinit: up at 8.89
info: container: none
Starting logging: OK
modprobe: module virtio_blk not found in modules.dep
modprobe: module virtio_net not found in modules.dep
WARN: /etc/rc3.d/S10-load-modules failed
Initializing random number generator... done.
Starting acpid: OK
cirros-ds 'local' up at 11.44
found datasource (configdrive, local)
Starting network...
udhcpc (v1.20.1) started
Sending discover...
Sending discover...
Sending discover...
Usage: /sbin/cirros-dhcpc &lt;up|down&gt;
No lease, failing
WARN: /etc/rc3.d/S40-network failed
Starting dropbear sshd: generating rsa key... generating dsa key... OK
no userdata for datasource
=== system information ===
Platform: OpenStack Foundation OpenStack Nova
Container: none
Arch: x86_64
CPU(s): 1 @ 2294.400 MHz
Cores/Sockets/Threads: 1/1/1
Virt-type: AMD-V
RAM Size: 49MB
Disks:
NAME MAJ:MIN     SIZE LABEL         MOUNTPOINT
vda  253:0   25165824 cirros-rootfs /
sr0   11:0     428032 config-2      
=== sshd host keys ===
-----BEGIN SSH HOST KEY KEYS-----
ssh-rsa AAAAB3NzaC1yc2EAAAADAQABAAAAgmu6xjjIHpvzdUJirB57ueMBLQ/7In+5JhDfpu8pirldiFW3ONM9DgG2d2P7bjnwkbSU6Jv+5Te2OWW2SsZBanRDsucnGy/VqCyVGiFa2KSegT60L1/hUW2RjItf2903BR/yvN3xEz3bbWbW3mNbXBifoyCzhIdna6z8UYAwT/aBYsc= root@tempest
ssh-dss AAAAB3NzaC1kc3MAAACBAPX19QAPFI/xP3kTK9sHaGTeu0/611h86tqIOsk5U7dh+mWLZRMJm/6XofQdKSjlKrsufS8tXNFgMNMGtT7Z0EuCKH+ed4hC1e4zYSEfCIjZUPJxq2CE5R7QWkZ3IMV98seMDdJquSDOFjy+sS+bSesRipaNDjmZpzrsiR7QMVirAAAAFQDsE39T3wvc4vr0GBDsiw2RvmXPuwAAAIBfPdrwS91aUWVR0X9otZTtNRmobhDLWH/Iv564OwcSG2CFULcQ3koEzPtLiycSGRCF96JEcfYbUD234cpLEnJrPhMp+uH2vFPafW0NzkugDSGKFPBNT8fc+XiNo9roFTNng6lOANrCJ4tu2m9EZg7kjgdG9YT8Vblkugg2rQ3KSAAAAIAavXmxfyuuj6ynzGjhG9t1nwvzx1cs87ehXY0M5j7BExJaIBuGwDu7EYSxSAD2+xpKwLYEzxi9KyfuAazi7v5h1bKgwP7nORgSWBM8ehEep1xiU7N/ATawr7dSX2GCVB3mR1WRyWRRS594eKOVwxHCAl/6vX70JOM5dguxb+osmQ== root@tempest
-----END SSH HOST KEY KEYS-----
=== network info ===
if-info: lo,up,127.0.0.1,8,::1
if-info: eth0,up,,8,fe80::f816:3eff:fe3a:a75a
=== datasource: configdrive local ===
instance-id: 9582c77c-3e24-4230-beb8-b00869c90ab6
name: tempest.common.compute-instance-799390749
availability-zone: nova
local-hostname: tempest.common.compute-instance-799390749.novalocal
launch-index: 0
=== cirros: current=0.3.4 uptime=201.35 ===
route: fscanf
=== pinging gateway failed, debugging connection ===
############ debug start ##############
### /etc/init.d/sshd start
Starting dropbear sshd: OK
route: fscanf
### ifconfig -a
eth0      Link encap:Ethernet  HWaddr FA:16:3E:3A:A7:5A  
          inet6 addr: fe80::f816:3eff:fe3a:a75a/64 Scope:Link
          UP BROADCAST RUNNING MULTICAST  MTU:1500  Metric:1
          RX packets:12 errors:0 dropped:5 overruns:0 frame:0
          TX packets:8 errors:0 dropped:0 overruns:0 carrier:0
          collisions:0 txqueuelen:1000 
          RX bytes:1303 (1.2 KiB)  TX bytes:1134 (1.1 KiB)

lo        Link encap:Local Loopback  
          inet addr:127.0.0.1  Mask:255.0.0.0
          inet6 addr: ::1/128 Scope:Host
          UP LOOPBACK RUNNING  MTU:16436  Metric:1
          RX packets:12 errors:0 dropped:0 overruns:0 frame:0
          TX packets:12 errors:0 dropped:0 overruns:0 carrier:0
          collisions:0 txqueuelen:0 
          RX bytes:1020 (1020.0 B)  TX bytes:1020 (1020.0 B)

### route -n
Kernel IP routing table
Destination     Gateway         Genmask         Flags Metric Ref    Use Iface
route: fscanf
### cat /etc/resolv.conf
cat: can't open '/etc/resolv.conf': No such file or directory
### gateway not found
/sbin/cirros-status: line 1: can't open /etc/resolv.conf: no such file
### pinging nameservers
### uname -a
Linux tempest 3.2.0-80-virtual #116-Ubuntu SMP Mon Mar 23 17:28:52 UTC 2015 x86_64 GNU/Linux
### lsmod
Module                  Size  Used by    Not tainted
nls_iso8859_1          12713  0 
nls_cp437              16991  0 
vfat                   17585  0 
fat                    61512  1 vfat
isofs                  40259  0 
ip_tables              27473  0 
x_tables               29891  1 ip_tables
pcnet32                42119  0 
8139cp                 27360  0 
ne2k_pci               13691  0 
8390                   18856  1 ne2k_pci
e1000                 108589  0 
acpiphp                24231  0 
### dmesg | tail
[    5.091272] EXT3-fs (vda): mounted filesystem with ordered data mode
[    5.345272] ISO 9660 Extensions: Microsoft Joliet Level 3
[    5.409161] ISO 9660 Extensions: RRIP_1991A
[    5.638032] kjournald starting.  Commit interval 5 seconds
[    5.653903] EXT3-fs (vda): using internal journal
[    5.654010] EXT3-fs (vda): mounted filesystem with ordered data mode
[    8.937790] EXT3-fs (vda): using internal journal
[   12.215508] ISO 9660 Extensions: Microsoft Joliet Level 3
[   12.332024] ISO 9660 Extensions: RRIP_1991A
[   27.181562] eth0: no IPv6 routers present
### tail -n 25 /var/log/messages
Dec 16 06:31:19 cirros kern.info kernel: [    4.570672] acpiphp: Slot [26] registered
Dec 16 06:31:19 cirros kern.info kernel: [    4.571026] acpiphp: Slot [27] registered
Dec 16 06:31:19 cirros kern.info kernel: [    4.571435] acpiphp: Slot [28] registered
Dec 16 06:31:19 cirros kern.info kernel: [    4.571874] acpiphp: Slot [29] registered
Dec 16 06:31:19 cirros kern.info kernel: [    4.572035] acpiphp: Slot [30] registered
Dec 16 06:31:19 cirros kern.info kernel: [    4.572870] acpiphp: Slot [31] registered
Dec 16 06:31:19 cirros kern.info kernel: [    4.626803] e1000: Intel(R) PRO/1000 Network Driver - version 7.3.21-k8-NAPI
Dec 16 06:31:19 cirros kern.info kernel: [    4.626872] e1000: Copyright (c) 1999-2006 Intel Corporation.
Dec 16 06:31:19 cirros kern.info kernel: [    4.671763] ne2k-pci.c:v1.03 9/22/2003 D. Becker/P. Gortmaker
Dec 16 06:31:19 cirros kern.info kernel: [    4.711970] 8139cp: 8139cp: 10/100 PCI Ethernet driver v1.3 (Mar 22, 2004)
Dec 16 06:31:19 cirros kern.info kernel: [    4.749585] pcnet32: pcnet32.c:v1.35 21.Apr.2008 tsbogend@alpha.franken.de
Dec 16 06:31:19 cirros kern.info kernel: [    4.791103] ip_tables: (C) 2000-2006 Netfilter Core Team
Dec 16 06:31:19 cirros kern.info kernel: [    5.080410] kjournald starting.  Commit interval 5 seconds
Dec 16 06:31:19 cirros kern.info kernel: [    5.091272] EXT3-fs (vda): mounted filesystem with ordered data mode
Dec 16 06:31:19 cirros kern.debug kernel: [    5.345272] ISO 9660 Extensions: Microsoft Joliet Level 3
Dec 16 06:31:19 cirros kern.debug kernel: [    5.409161] ISO 9660 Extensions: RRIP_1991A
Dec 16 06:31:19 cirros kern.info kernel: [    5.638032] kjournald starting.  Commit interval 5 seconds
Dec 16 06:31:19 cirros kern.info kernel: [    5.653903] EXT3-fs (vda): using internal journal
Dec 16 06:31:19 cirros kern.info kernel: [    5.654010] EXT3-fs (vda): mounted filesystem with ordered data mode
Dec 16 06:31:19 cirros kern.info kernel: [    8.937790] EXT3-fs (vda): using internal journal
Dec 16 06:31:21 cirros kern.debug kernel: [   12.215508] ISO 9660 Extensions: Microsoft Joliet Level 3
Dec 16 06:31:21 cirros kern.debug kernel: [   12.332024] ISO 9660 Extensions: RRIP_1991A
Dec 16 06:31:24 cirros auth.notice su: + /dev/console root:cirros
Dec 16 06:31:36 cirros kern.debug kernel: [   27.181562] eth0: no IPv6 routers present
Dec 16 06:34:29 cirros authpriv.info dropbear[283]: Running in background
############ debug end   ##############
  ____               ____  ____
 / __/ __ ____ ____ / __ \/ __/
/ /__ / // __// __// /_/ /\ \ 
\___//_//_/  /_/   \____/___/ 
   http://cirros-cloud.net


login as 'cirros' user. default password: 'cubswin:)'. use 'sudo' for root.
tempest login: 
2015-12-16 06:34:41,029 25905 INFO     [tempest_lib.common.rest_client] Request (TestGettingAddress:_run_cleanups): 204 DELETE http://10.0.2.15:9696/v2.0/floatingips/20c95d61-8d78-4d7e-8228-4a66c516b841 0.264s
2015-12-16 06:34:41,029 25905 DEBUG    [tempest_lib.common.rest_client] Request - Headers: {'Content-Type': 'application/json', 'Accept': 'application/json', 'X-Auth-Token': '&lt;omitted&gt;'}
        Body: None
    Response - Headers: {'date': 'Wed, 16 Dec 2015 06:34:41 GMT', 'status': '204', 'connection': 'close', 'content-length': '0', 'x-openstack-request-id': 'req-3eee95e8-ab27-42ff-821d-d0553735dfc2'}
        Body: 
2015-12-16 06:34:41,240 25905 INFO     [tempest_lib.common.rest_client] Request (TestGettingAddress:_run_cleanups): 204 DELETE http://10.0.2.15:8774/v2.1/f0f4eea953644751aa8de7a3d0909648/servers/9582c77c-3e24-4230-beb8-b00869c90ab6 0.210s
2015-12-16 06:34:41,240 25905 DEBUG    [tempest_lib.common.rest_client] Request - Headers: {'Content-Type': 'application/json', 'Accept': 'application/json', 'X-Auth-Token': '&lt;omitted&gt;'}
        Body: None
    Response - Headers: {'status': '204', 'content-length': '0', 'x-compute-request-id': 'req-6dd09cfd-991c-42c8-a0ab-0af59ee698cd', 'vary': 'X-OpenStack-Nova-API-Version', 'connection': 'close', 'x-openstack-nova-api-version': '2.1', 'date': 'Wed, 16 Dec 2015 06:34:41 GMT', 'content-type': 'application/json'}
        Body: 
2015-12-16 06:34:41,459 25905 INFO     [tempest_lib.common.rest_client] Request (TestGettingAddress:_run_cleanups): 200 GET http://10.0.2.15:8774/v2.1/f0f4eea953644751aa8de7a3d0909648/servers/9582c77c-3e24-4230-beb8-b00869c90ab6 0.218s
2015-12-16 06:34:41,460 25905 DEBUG    [tempest_lib.common.rest_client] Request - Headers: {'Content-Type': 'application/json', 'Accept': 'application/json', 'X-Auth-Token': '&lt;omitted&gt;'}
        Body: None
    Response - Headers: {'status': '200', 'content-length': '1902', 'content-location': 'http://10.0.2.15:8774/v2.1/f0f4eea953644751aa8de7a3d0909648/servers/9582c77c-3e24-4230-beb8-b00869c90ab6', 'x-compute-request-id': 'req-84a33ebf-9e1d-4201-9ce7-125b1612a35d', 'vary': 'X-OpenStack-Nova-API-Version', 'connection': 'close', 'x-openstack-nova-api-version': '2.1', 'date': 'Wed, 16 Dec 2015 06:34:41 GMT', 'content-type': 'application/json'}
        Body: {"server": {"status": "ACTIVE", "updated": "2015-12-16T06:34:41Z", "hostId": "31dd200aadbdd5d844f95911d7b0f4ac959be3228ad20847dbd1b4e5", "addresses": {"tempest-network-smoke--905206252": [{"OS-EXT-IPS-MAC:mac_addr": "fa:16:3e:3a:a7:5a", "version": 4, "addr": "10.100.0.3", "OS-EXT-IPS:type": "fixed"}, {"OS-EXT-IPS-MAC:mac_addr": "fa:16:3e:3a:a7:5a", "version": 6, "addr": "2003::f816:3eff:fe3a:a75a", "OS-EXT-IPS:type": "fixed"}, {"OS-EXT-IPS-MAC:mac_addr": "fa:16:3e:3a:a7:5a", "version": 4, "addr": "172.24.4.4", "OS-EXT-IPS:type": "floating"}]}, "links": [{"href": "http://10.0.2.15:8774/v2.1/f0f4eea953644751aa8de7a3d0909648/servers/9582c77c-3e24-4230-beb8-b00869c90ab6", "rel": "self"}, {"href": "http://10.0.2.15:8774/f0f4eea953644751aa8de7a3d0909648/servers/9582c77c-3e24-4230-beb8-b00869c90ab6", "rel": "bookmark"}], "key_name": "tempest-TestGettingAddress-1428407141", "image": {"id": "bdb9c8a4-b311-4dbe-b9f5-8fa189a939ac", "links": [{"href": "http://10.0.2.15:8774/f0f4eea953644751aa8de7a3d0909648/images/bdb9c8a4-b311-4dbe-b9f5-8fa189a939ac", "rel": "bookmark"}]}, "OS-EXT-STS:task_state": "deleting", "OS-EXT-STS:vm_state": "active", "OS-SRV-USG:launched_at": "2015-12-16T06:31:06.000000", "flavor": {"id": "42", "links": [{"href": "http://10.0.2.15:8774/f0f4eea953644751aa8de7a3d0909648/flavors/42", "rel": "bookmark"}]}, "id": "9582c77c-3e24-4230-beb8-b00869c90ab6", "security_groups": [{"name": "tempest-secgroup-smoke-803362005"}], "OS-SRV-USG:terminated_at": null, "OS-EXT-AZ:availability_zone": "nova", "user_id": "bb58cea5ab214cab8c8e43b96a66636d", "name": "tempest.common.compute-instance-799390749", "created": "2015-12-16T06:31:03Z", "tenant_id": "f0f4eea953644751aa8de7a3d0909648", "OS-DCF:diskConfig": "MANUAL", "os-extended-volumes:volumes_attached": [], "accessIPv4": "", "accessIPv6": "", "progress": 0, "OS-EXT-STS:power_state": 1, "config_drive": "True", "metadata": {}}}
2015-12-16 06:34:42,616 25905 INFO     [tempest_lib.common.rest_client] Request (TestGettingAddress:_run_cleanups): 200 GET http://10.0.2.15:8774/v2.1/f0f4eea953644751aa8de7a3d0909648/servers/9582c77c-3e24-4230-beb8-b00869c90ab6 0.145s
2015-12-16 06:34:42,616 25905 DEBUG    [tempest_lib.common.rest_client] Request - Headers: {'Content-Type': 'application/json', 'Accept': 'application/json', 'X-Auth-Token': '&lt;omitted&gt;'}
        Body: None
    Response - Headers: {'status': '200', 'content-length': '1835', 'content-location': 'http://10.0.2.15:8774/v2.1/f0f4eea953644751aa8de7a3d0909648/servers/9582c77c-3e24-4230-beb8-b00869c90ab6', 'x-compute-request-id': 'req-1584e874-175a-4ff2-85c7-b2b8f9b517a4', 'vary': 'X-OpenStack-Nova-API-Version', 'connection': 'close', 'x-openstack-nova-api-version': '2.1', 'date': 'Wed, 16 Dec 2015 06:34:42 GMT', 'content-type': 'application/json'}
        Body: {"server": {"status": "ACTIVE", "updated": "2015-12-16T06:34:41Z", "hostId": "31dd200aadbdd5d844f95911d7b0f4ac959be3228ad20847dbd1b4e5", "addresses": {"tempest-network-smoke--905206252": [{"OS-EXT-IPS-MAC:mac_addr": "fa:16:3e:3a:a7:5a", "version": 4, "addr": "10.100.0.3", "OS-EXT-IPS:type": "fixed"}, {"OS-EXT-IPS-MAC:mac_addr": "fa:16:3e:3a:a7:5a", "version": 6, "addr": "2003::f816:3eff:fe3a:a75a", "OS-EXT-IPS:type": "fixed"}, {"OS-EXT-IPS-MAC:mac_addr": "fa:16:3e:3a:a7:5a", "version": 4, "addr": "172.24.4.4", "OS-EXT-IPS:type": "floating"}]}, "links": [{"href": "http://10.0.2.15:8774/v2.1/f0f4eea953644751aa8de7a3d0909648/servers/9582c77c-3e24-4230-beb8-b00869c90ab6", "rel": "self"}, {"href": "http://10.0.2.15:8774/f0f4eea953644751aa8de7a3d0909648/servers/9582c77c-3e24-4230-beb8-b00869c90ab6", "rel": "bookmark"}], "key_name": "tempest-TestGettingAddress-1428407141", "image": {"id": "bdb9c8a4-b311-4dbe-b9f5-8fa189a939ac", "links": [{"href": "http://10.0.2.15:8774/f0f4eea953644751aa8de7a3d0909648/images/bdb9c8a4-b311-4dbe-b9f5-8fa189a939ac", "rel": "bookmark"}]}, "OS-EXT-STS:task_state": "deleting", "OS-EXT-STS:vm_state": "active", "OS-SRV-USG:launched_at": "2015-12-16T06:31:06.000000", "flavor": {"id": "42", "links": [{"href": "http://10.0.2.15:8774/f0f4eea953644751aa8de7a3d0909648/flavors/42", "rel": "bookmark"}]}, "id": "9582c77c-3e24-4230-beb8-b00869c90ab6", "OS-SRV-USG:terminated_at": null, "OS-EXT-AZ:availability_zone": "nova", "user_id": "bb58cea5ab214cab8c8e43b96a66636d", "name": "tempest.common.compute-instance-799390749", "created": "2015-12-16T06:31:03Z", "tenant_id": "f0f4eea953644751aa8de7a3d0909648", "OS-DCF:diskConfig": "MANUAL", "os-extended-volumes:volumes_attached": [], "accessIPv4": "", "accessIPv6": "", "progress": 0, "OS-EXT-STS:power_state": 1, "config_drive": "True", "metadata": {}}}
2015-12-16 06:34:43,723 25905 INFO     [tempest_lib.common.rest_client] Request (TestGettingAddress:_run_cleanups): 404 GET http://10.0.2.15:8774/v2.1/f0f4eea953644751aa8de7a3d0909648/servers/9582c77c-3e24-4230-beb8-b00869c90ab6 0.094s
2015-12-16 06:34:43,724 25905 DEBUG    [tempest_lib.common.rest_client] Request - Headers: {'Content-Type': 'application/json', 'Accept': 'application/json', 'X-Auth-Token': '&lt;omitted&gt;'}
        Body: None
    Response - Headers: {'status': '404', 'content-length': '111', 'x-compute-request-id': 'req-fc4a4c5d-59d1-49e2-ae6e-5c07191eecbe', 'vary': 'X-OpenStack-Nova-API-Version', 'connection': 'close', 'x-openstack-nova-api-version': '2.1', 'date': 'Wed, 16 Dec 2015 06:34:43 GMT', 'content-type': 'application/json; charset=UTF-8'}
        Body: {"itemNotFound": {"message": "Instance 9582c77c-3e24-4230-beb8-b00869c90ab6 could not be found.", "code": 404}}
2015-12-16 06:34:44,132 25905 INFO     [tempest_lib.common.rest_client] Request (TestGettingAddress:_run_cleanups): 200 PUT http://10.0.2.15:9696/v2.0/routers/d989ac16-4d49-480c-9e30-baf52e768855/remove_router_interface 0.406s
2015-12-16 06:34:44,132 25905 DEBUG    [tempest_lib.common.rest_client] Request - Headers: {'Content-Type': 'application/json', 'Accept': 'application/json', 'X-Auth-Token': '&lt;omitted&gt;'}
        Body: {"subnet_id": "adb1476d-48b6-4bcc-818f-daa79c273281"}
    Response - Headers: {'status': '200', 'content-length': '255', 'connection': 'close', 'date': 'Wed, 16 Dec 2015 06:34:44 GMT', 'content-type': 'application/json; charset=UTF-8', 'x-openstack-request-id': 'req-a5c9285a-be7a-43e1-b4a8-e7554bbc0bc1'}
        Body: {"subnet_id": "adb1476d-48b6-4bcc-818f-daa79c273281", "tenant_id": "f0f4eea953644751aa8de7a3d0909648", "subnet_ids": ["adb1476d-48b6-4bcc-818f-daa79c273281"], "port_id": "197f7b51-3d51-4233-bab6-9020424ef64d", "id": "d989ac16-4d49-480c-9e30-baf52e768855"}
2015-12-16 06:34:44,686 25905 INFO     [tempest_lib.common.rest_client] Request (TestGettingAddress:_run_cleanups): 204 DELETE http://10.0.2.15:9696/v2.0/subnets/adb1476d-48b6-4bcc-818f-daa79c273281 0.553s
2015-12-16 06:34:44,687 25905 DEBUG    [tempest_lib.common.rest_client] Request - Headers: {'Content-Type': 'application/json', 'Accept': 'application/json', 'X-Auth-Token': '&lt;omitted&gt;'}
        Body: None
    Response - Headers: {'date': 'Wed, 16 Dec 2015 06:34:44 GMT', 'status': '204', 'connection': 'close', 'content-length': '0', 'x-openstack-request-id': 'req-371e4c3f-9092-4089-93b7-a59b39dfe6a8'}
        Body: 
2015-12-16 06:34:44,723 25905 INFO     [tempest_lib.common.rest_client] Request (TestGettingAddress:_run_cleanups): 404 DELETE http://10.0.2.15:9696/v2.0/subnets/adb1476d-48b6-4bcc-818f-daa79c273281 0.035s
2015-12-16 06:34:44,724 25905 DEBUG    [tempest_lib.common.rest_client] Request - Headers: {'Content-Type': 'application/json', 'Accept': 'application/json', 'X-Auth-Token': '&lt;omitted&gt;'}
        Body: None
    Response - Headers: {'status': '404', 'content-length': '136', 'connection': 'close', 'date': 'Wed, 16 Dec 2015 06:34:44 GMT', 'content-type': 'application/json; charset=UTF-8', 'x-openstack-request-id': 'req-26ed3473-6f36-4818-8665-4468c0cc4fed'}
