<?xml version="1.0" encoding="UTF-8"?>
<!DOCTYPE html PUBLIC "-//W3C//DTD XHTML 1.0 Strict//EN"
     "http://www.w3.org/TR/xhtml1/DTD/xhtml1-strict.dtd">
<html xmlns="http://www.w3.org/1999/xhtml">
<head>
    <title>Unit Test Report</title>
    <meta name="generator" content="subunit2html 0.1"/>
    <meta http-equiv="Content-Type" content="text/html; charset=UTF-8"/>
    
<style type="text/css" media="screen">
body        { font-family: verdana, arial, helvetica, sans-serif;
    font-size: 80%; }
table       { font-size: 100%; width: 100%;}
pre         { font-size: 80%; }

/* -- heading -------------------------------------------------------------- */
h1 {
        font-size: 16pt;
        color: gray;
}
.heading {
    margin-top: 0ex;
    margin-bottom: 1ex;
}

.heading .attribute {
    margin-top: 1ex;
    margin-bottom: 0;
}

.heading .description {
    margin-top: 4ex;
    margin-bottom: 6ex;
}

/* -- css div popup -------------------------------------------------------- */
a.popup_link {
}

a.popup_link:hover {
    color: red;
}

.popup_window {
    display: none;
    overflow-x: scroll;
    /*border: solid #627173 1px; */
    padding: 10px;
    background-color: #E6E6D6;
    font-family: "Ubuntu Mono", "Lucida Console", "Courier New", monospace;
    text-align: left;
    font-size: 8pt;
}

}
/* -- report --------------------------------------------------------------- */
#show_detail_line {
    margin-top: 3ex;
    margin-bottom: 1ex;
}
#result_table {
    width: 100%;
    border-collapse: collapse;
    border: 1px solid #777;
}
#header_row {
    font-weight: bold;
    color: white;
    background-color: #777;
}
#result_table td {
    border: 1px solid #777;
    padding: 2px;
}
#total_row  { font-weight: bold; }
.passClass  { background-color: #6c6; }
.failClass  { background-color: #c60; }
.errorClass { background-color: #c00; }
.passCase   { color: #6c6; }
.failCase   { color: #c60; font-weight: bold; }
.errorCase  { color: #c00; font-weight: bold; }
.hiddenRow  { display: none; }
.testcase   { margin-left: 2em; }
td.testname {width: 40%}
td.small {width: 40px}

/* -- ending --------------------------------------------------------------- */
#ending {
}

</style>

</head>
<body>
<script language="javascript" type="text/javascript"><!--
output_list = Array();

/* level - 0:Summary; 1:Failed; 2:All */
function showCase(level) {
    trs = document.getElementsByTagName("tr");
    for (var i = 0; i < trs.length; i++) {
        tr = trs[i];
        id = tr.id;
        if (id.substr(0,2) == 'ft') {
            if (level < 1) {
                tr.className = 'hiddenRow';
            }
            else {
                tr.className = '';
            }
        }
        if (id.substr(0,2) == 'pt') {
            if (level > 1) {
                tr.className = '';
            }
            else {
                tr.className = 'hiddenRow';
            }
        }
    }
}


function showClassDetail(cid, count) {
    var id_list = Array(count);
    var toHide = 1;
    for (var i = 0; i < count; i++) {
        tid0 = 't' + cid.substr(1) + '.' + (i+1);
        tid = 'f' + tid0;
        tr = document.getElementById(tid);
        if (!tr) {
            tid = 'p' + tid0;
            tr = document.getElementById(tid);
        }
        id_list[i] = tid;
        if (tr.className) {
            toHide = 0;
        }
    }
    for (var i = 0; i < count; i++) {
        tid = id_list[i];
        if (toHide) {
            document.getElementById('div_'+tid).style.display = 'none'
            document.getElementById(tid).className = 'hiddenRow';
        }
        else {
            document.getElementById(tid).className = '';
        }
    }
}


function showTestDetail(div_id){
    var details_div = document.getElementById(div_id)
    var displayState = details_div.style.display
    // alert(displayState)
    if (displayState != 'block' ) {
        displayState = 'block'
        details_div.style.display = 'block'
    }
    else {
        details_div.style.display = 'none'
    }
}


function html_escape(s) {
    s = s.replace(/&/g,'&amp;');
    s = s.replace(/</g,'&lt;');
    s = s.replace(/>/g,'&gt;');
    return s;
}

/* obsoleted by detail in <div>
function showOutput(id, name) {
    var w = window.open("", //url
                    name,
                    "resizable,scrollbars,status,width=800,height=450");
    d = w.document;
    d.write("<pre>");
    d.write(html_escape(output_list[id]));
    d.write("\n");
    d.write("<a href='javascript:window.close()'>close</a>\n");
    d.write("</pre>\n");
    d.close();
}
*/
--></script>

<div class='heading'>
<h1>Unit Test Report</h1>

<p class='attribute'><strong>Status:</strong> Failure 8</p>

<p class='description'></p>
</div>



<p id='show_detail_line'>Show
<a href='javascript:showCase(0)'>Summary</a>
<a href='javascript:showCase(1)'>Failed</a>
<a href='javascript:showCase(2)'>All</a>
</p>
<table id='result_table'>
<colgroup>
<col align='left' />
<col align='right' />
<col align='right' />
<col align='right' />
<col align='right' />
<col align='right' />
<col align='right' />
<col align='right' />
</colgroup>
<tr id='header_row'>
    <td>Test Group/Test case</td>
    <td>Count</td>
    <td>Pass</td>
    <td>Fail</td>
    <td>Error</td>
    <td>Skip</td>
    <td>View</td>
    <td> </td>
</tr>

<tr class='failClass'>
    <td class="testname">tempest.scenario.test_network_v6.TestGettingAddress</td>
    <td class="small">8</td>
    <td class="small">0</td>
    <td class="small">8</td>
    <td class="small">0</td>
    <td class="small">0</td>
    <td class="small"><a href="javascript:showClassDetail('c1',8)"
>Detail</a></td>
    <td> </td>
</tr>

<tr id='ft1.1' class='none'>
    <td class='failCase'><div class='testcase'>test_dhcp6_stateless_from_os[compute,id-d7e1f858-187c-45a6-89c9-bdafde619a9f,network]</div></td>
    <td colspan='7' align='left'>

    <!--css div popup start-->
    <a class="popup_link" onfocus='this.blur();'
    href="javascript:showTestDetail('div_ft1.1')" >
        fail</a>

    <div id='div_ft1.1' class="popup_window">
        <div style='text-align: right; color:red;cursor:pointer'>
        <a onfocus='this.blur();'
onclick="document.getElementById('div_ft1.1').style.display = 'none' " >
           [x]</a>
        </div>
        <pre>
        
ft1.1: tempest.scenario.test_network_v6.TestGettingAddress.test_dhcp6_stateless_from_os[compute,id-d7e1f858-187c-45a6-89c9-bdafde619a9f,network]_StringException: Empty attachments:
  stderr
  stdout

pythonlogging:'': {{{
2015-12-10 04:18:30,753 24488 INFO     [tempest_lib.common.rest_client] Request (TestGettingAddress:setUp): 200 POST http://10.0.2.15:8774/v2.1/740ec2d9121a42d09f8f91102874f57a/os-keypairs 0.405s
2015-12-10 04:18:30,754 24488 DEBUG    [tempest_lib.common.rest_client] Request - Headers: {'Content-Type': 'application/json', 'Accept': 'application/json', 'X-Auth-Token': '&lt;omitted&gt;'}
        Body: {"keypair": {"name": "tempest-TestGettingAddress-672142042"}}
    Response - Headers: {'status': '200', 'content-length': '2319', 'x-compute-request-id': 'req-8a54038f-c397-4af8-8dbe-578beb2d9673', 'vary': 'X-OpenStack-Nova-API-Version', 'connection': 'close', 'x-openstack-nova-api-version': '2.1', 'date': 'Thu, 10 Dec 2015 04:18:30 GMT', 'content-type': 'application/json'}
        Body: {"keypair": {"public_key": "ssh-rsa AAAAB3NzaC1yc2EAAAADAQABAAABAQDmhXzwS3B0vVHye1MMAzmiWeDpj1SwaqIu+gyGE1B80K6oVUYkp802vDqZoQrMrTp6+z+4Xo9hGEe4CUU3cl86awopaGSi+dN+vsRGW4cBD+rDApj/BvykXQr+LyGe0yakb1ONhVRRhdMg4DnqvaxcUiff5CsFWP7FCoke8f1kpT95zZMHFcmwg231k7qtlbfRlQpJVDVnd9u10qtto/atxQvlxL6oxMp6R5zgBVIASRfJ77Q6vJHTEPlpTEOe3AW7wnmiMWMug2iAV98iteh8sJLP0YI23zpnZlK7vE6hCsIQlsm2KjM229qcP7lczyowQU31l6CHhlKlDCOCJJab Generated-by-Nova", "private_key": "-----BEGIN RSA PRIVATE KEY-----\nMIIEqQIBAAKCAQEA5oV88EtwdL1R8ntTDAM5olng6Y9UsGqiLvoMhhNQfNCuqFVG\nJKfNNrw6maEKzK06evs/uF6PYRhHuAlFN3JfOmsKKWhkovnTfr7ERluHAQ/qwwKY\n/wb8pF0K/i8hntMmpG9TjYVUUYXTIOA56r2sXFIn3+QrBVj+xQqJHvH9ZKU/ec2T\nBxXJsINt9ZO6rZW30ZUKSVQ1Z3fbtdKrbaP2rcUL5cS+qMTKekec4AVSAEkXye+0\nOryR0xD5aUxDntwFu8J5ojFjLoNogFffIrXofLCSz9GCNt86Z2ZSu7xOoQrCEJbJ\ntiozNtvanD+5XM8qMEFN9Zegh4ZSpQwjgiSWmwIDAQABAoIBAQCEsscPFH4x1WG8\n8h0GRz0AJjkAeg/IVjnyTOK0s52bnA1OvXfZVfcd0RDyqu+qjvWhIcy2d0iWHgH7\nAOslVeNXn5KD76Iu5x1GUs5tqfZ3OBBuHaqw8/avLxhK5hq2cNpHwgYY6210WFMH\nE8yDQphbtLdbfN7+/xH5n2z7sVWqfxXWuaymAp2H5R1gMYXlHQFVmOw6jua4H2j5\nHqKQcQoyCzzJqPPMPdDZxmUHxA9Y+6p1l7CsoaygtlxyPMCdTwJPybM428RyVaL9\nr4nB4xOBBwnKWb6Raqse2tEPYvKJH/gtTU+ysMosQaTeOCdJ6xGw3X7Xm1uLIiX8\nW99fCC6BAoIAgQDsSKBvtndrdCP+JhsfFZPKBKBFWaOz1R2y26teuF0pdyEkKFF9\n1v566eeKvv3ts/T9s7EhSH7zvqIcj6Rr2yia9R6ZVbBOB859kmOaBzEpEKdEET0J\nvgpVNAW9RvLqgVgrwOaneR422esX/viME7bh0VUS+dIMGexngcFXeaft4QKCAIEA\n+cHFVV5wf9ldMFdNdpfrhO3hAqLTf5xFqLuznjKqrxBN83WzAJ4xHIYwK9+GdF+U\nZOJ7Rxe8iyiRBymHk9amNu1fjNf45ZwBRpinSEmBwKgE1kYmNYr35//qF1yTM1Hv\nn4SKASap/k9sqSezaczwoRobZLxSz5+1n76XoJkbu/sCggCAI6kWZaXRQitmHz5b\nC4bzJiMqmSzdMw/wCoVyyLnkfZSYMN/Q5MAk6iIRKvSGWHC3ge6zxgUt+9WCm/Ll\n6s1JxJFIC/ZNxIkTFgqY868wMTVtOS2s26KN5qwSTa2+jbv1tazIYvA5qiebfqSh\nmGqFSHGSeGmx1Ne4wSppJq2ataECggCAIIiuRO2VaAIPkpF8xLsLcfhuvCIrvM7F\ngDJbNntRIpbUIKevVqBEs3uDYOOwJw6gTPf3qQ4dgF8bbTxqrcZjRnprXPRxNq+4\nttKBz/fLUCZS4vqmVYkxu+XpP3vOrPu6ZCQmufmoYTlFZU+HnnuUyNeWw+uIOgWK\n6jEwnTn0k+sCggCBAJwRaqWYr70RrItN2t3nGH/itX2NBSfuY873fbFAgIJt4PTq\nZ/HazlUfuZKj/DJCxFtmf6+LjHqBs1jAcRYtC0oVLbMp5P6w2xhFskgfI7SNpBHR\nk0thjRjWXW50ueyZberTfBvZe/8FLNghzTwnUdqwMLinK0QhU0qY1soM4DLp\n-----END RSA PRIVATE KEY-----\n", "user_id": "423bc3d7e2eb4422a252a8cb1b66dc74", "name": "tempest-TestGettingAddress-672142042", "fingerprint": "89:64:53:3f:05:50:13:58:57:2e:d1:ad:fc:c7:42:30"}}
2015-12-10 04:18:31,106 24488 INFO     [tempest_lib.common.rest_client] Request (TestGettingAddress:setUp): 201 POST http://10.0.2.15:9696/v2.0/security-groups 0.346s
2015-12-10 04:18:31,106 24488 DEBUG    [tempest_lib.common.rest_client] Request - Headers: {'Content-Type': 'application/json', 'Accept': 'application/json', 'X-Auth-Token': '&lt;omitted&gt;'}
        Body: {"security_group": {"tenant_id": "740ec2d9121a42d09f8f91102874f57a", "description": "tempest-secgroup-smoke-352228262 description", "name": "tempest-secgroup-smoke-352228262"}}
    Response - Headers: {'status': '201', 'content-length': '886', 'connection': 'close', 'date': 'Thu, 10 Dec 2015 04:18:31 GMT', 'content-type': 'application/json; charset=UTF-8', 'x-openstack-request-id': 'req-700504a8-aaf3-40ec-8a1b-055063a24167'}
        Body: {"security_group": {"tenant_id": "740ec2d9121a42d09f8f91102874f57a", "description": "tempest-secgroup-smoke-352228262 description", "id": "757ae03e-77ad-4b40-9bf9-da2d04d3e56b", "security_group_rules": [{"remote_group_id": null, "direction": "egress", "remote_ip_prefix": null, "protocol": null, "ethertype": "IPv4", "tenant_id": "740ec2d9121a42d09f8f91102874f57a", "port_range_max": null, "port_range_min": null, "id": "c766e48e-bbd3-4259-8879-84d22d7d2665", "security_group_id": "757ae03e-77ad-4b40-9bf9-da2d04d3e56b"}, {"remote_group_id": null, "direction": "egress", "remote_ip_prefix": null, "protocol": null, "ethertype": "IPv6", "tenant_id": "740ec2d9121a42d09f8f91102874f57a", "port_range_max": null, "port_range_min": null, "id": "39ab2e04-459c-4175-9102-e6996c451170", "security_group_id": "757ae03e-77ad-4b40-9bf9-da2d04d3e56b"}], "name": "tempest-secgroup-smoke-352228262"}}
2015-12-10 04:18:31,234 24488 INFO     [tempest_lib.common.rest_client] Request (TestGettingAddress:setUp): 201 POST http://10.0.2.15:9696/v2.0/security-group-rules 0.126s
2015-12-10 04:18:31,235 24488 DEBUG    [tempest_lib.common.rest_client] Request - Headers: {'Content-Type': 'application/json', 'Accept': 'application/json', 'X-Auth-Token': '&lt;omitted&gt;'}
        Body: {"security_group_rule": {"direction": "ingress", "protocol": "tcp", "tenant_id": "740ec2d9121a42d09f8f91102874f57a", "port_range_max": 22, "security_group_id": "757ae03e-77ad-4b40-9bf9-da2d04d3e56b", "port_range_min": 22}}
    Response - Headers: {'status': '201', 'content-length': '340', 'connection': 'close', 'date': 'Thu, 10 Dec 2015 04:18:31 GMT', 'content-type': 'application/json; charset=UTF-8', 'x-openstack-request-id': 'req-0e55c019-2bc2-4bc7-adf0-7c73841a0ace'}
        Body: {"security_group_rule": {"remote_group_id": null, "direction": "ingress", "remote_ip_prefix": null, "protocol": "tcp", "ethertype": "IPv4", "tenant_id": "740ec2d9121a42d09f8f91102874f57a", "port_range_max": 22, "port_range_min": 22, "id": "a758d173-e25a-4db9-b2c5-1a25aca232aa", "security_group_id": "757ae03e-77ad-4b40-9bf9-da2d04d3e56b"}}
2015-12-10 04:18:31,360 24488 INFO     [tempest_lib.common.rest_client] Request (TestGettingAddress:setUp): 201 POST http://10.0.2.15:9696/v2.0/security-group-rules 0.123s
2015-12-10 04:18:31,360 24488 DEBUG    [tempest_lib.common.rest_client] Request - Headers: {'Content-Type': 'application/json', 'Accept': 'application/json', 'X-Auth-Token': '&lt;omitted&gt;'}
        Body: {"security_group_rule": {"direction": "egress", "protocol": "tcp", "tenant_id": "740ec2d9121a42d09f8f91102874f57a", "port_range_max": 22, "security_group_id": "757ae03e-77ad-4b40-9bf9-da2d04d3e56b", "port_range_min": 22}}
    Response - Headers: {'status': '201', 'content-length': '339', 'connection': 'close', 'date': 'Thu, 10 Dec 2015 04:18:31 GMT', 'content-type': 'application/json; charset=UTF-8', 'x-openstack-request-id': 'req-13751cac-8ad5-4309-9341-b03ea5c9b90d'}
        Body: {"security_group_rule": {"remote_group_id": null, "direction": "egress", "remote_ip_prefix": null, "protocol": "tcp", "ethertype": "IPv4", "tenant_id": "740ec2d9121a42d09f8f91102874f57a", "port_range_max": 22, "port_range_min": 22, "id": "51c8e0af-16cc-4a54-9535-dc4d2d4b8790", "security_group_id": "757ae03e-77ad-4b40-9bf9-da2d04d3e56b"}}
2015-12-10 04:18:31,491 24488 INFO     [tempest_lib.common.rest_client] Request (TestGettingAddress:setUp): 201 POST http://10.0.2.15:9696/v2.0/security-group-rules 0.129s
2015-12-10 04:18:31,492 24488 DEBUG    [tempest_lib.common.rest_client] Request - Headers: {'Content-Type': 'application/json', 'Accept': 'application/json', 'X-Auth-Token': '&lt;omitted&gt;'}
        Body: {"security_group_rule": {"tenant_id": "740ec2d9121a42d09f8f91102874f57a", "direction": "ingress", "protocol": "icmp", "security_group_id": "757ae03e-77ad-4b40-9bf9-da2d04d3e56b"}}
    Response - Headers: {'status': '201', 'content-length': '345', 'connection': 'close', 'date': 'Thu, 10 Dec 2015 04:18:31 GMT', 'content-type': 'application/json; charset=UTF-8', 'x-openstack-request-id': 'req-d8e6f825-8397-4c8c-b7db-fd3d017614f6'}
        Body: {"security_group_rule": {"remote_group_id": null, "direction": "ingress", "remote_ip_prefix": null, "protocol": "icmp", "ethertype": "IPv4", "tenant_id": "740ec2d9121a42d09f8f91102874f57a", "port_range_max": null, "port_range_min": null, "id": "dfa4f817-92b5-41c0-9ccd-b224dfdbbf09", "security_group_id": "757ae03e-77ad-4b40-9bf9-da2d04d3e56b"}}
2015-12-10 04:18:31,614 24488 INFO     [tempest_lib.common.rest_client] Request (TestGettingAddress:setUp): 201 POST http://10.0.2.15:9696/v2.0/security-group-rules 0.121s
2015-12-10 04:18:31,614 24488 DEBUG    [tempest_lib.common.rest_client] Request - Headers: {'Content-Type': 'application/json', 'Accept': 'application/json', 'X-Auth-Token': '&lt;omitted&gt;'}
        Body: {"security_group_rule": {"tenant_id": "740ec2d9121a42d09f8f91102874f57a", "direction": "egress", "protocol": "icmp", "security_group_id": "757ae03e-77ad-4b40-9bf9-da2d04d3e56b"}}
    Response - Headers: {'status': '201', 'content-length': '344', 'connection': 'close', 'date': 'Thu, 10 Dec 2015 04:18:31 GMT', 'content-type': 'application/json; charset=UTF-8', 'x-openstack-request-id': 'req-e562e3ec-e609-45c8-b62c-ca5d2224edc5'}
        Body: {"security_group_rule": {"remote_group_id": null, "direction": "egress", "remote_ip_prefix": null, "protocol": "icmp", "ethertype": "IPv4", "tenant_id": "740ec2d9121a42d09f8f91102874f57a", "port_range_max": null, "port_range_min": null, "id": "f8709381-6a81-4ac9-9261-9c416f14e426", "security_group_id": "757ae03e-77ad-4b40-9bf9-da2d04d3e56b"}}
2015-12-10 04:18:31,878 24488 INFO     [tempest_lib.common.rest_client] Request (TestGettingAddress:setUp): 201 POST http://10.0.2.15:9696/v2.0/security-group-rules 0.262s
2015-12-10 04:18:31,878 24488 DEBUG    [tempest_lib.common.rest_client] Request - Headers: {'Content-Type': 'application/json', 'Accept': 'application/json', 'X-Auth-Token': '&lt;omitted&gt;'}
        Body: {"security_group_rule": {"tenant_id": "740ec2d9121a42d09f8f91102874f57a", "direction": "ingress", "security_group_id": "757ae03e-77ad-4b40-9bf9-da2d04d3e56b", "protocol": "icmp", "ethertype": "IPv6"}}
    Response - Headers: {'status': '201', 'content-length': '345', 'connection': 'close', 'date': 'Thu, 10 Dec 2015 04:18:31 GMT', 'content-type': 'application/json; charset=UTF-8', 'x-openstack-request-id': 'req-6649ec57-db5f-4115-bd02-905d1eb2f0e8'}
        Body: {"security_group_rule": {"remote_group_id": null, "direction": "ingress", "remote_ip_prefix": null, "protocol": "icmp", "ethertype": "IPv6", "tenant_id": "740ec2d9121a42d09f8f91102874f57a", "port_range_max": null, "port_range_min": null, "id": "9c7c123b-4307-461d-a858-8db0918fc13c", "security_group_id": "757ae03e-77ad-4b40-9bf9-da2d04d3e56b"}}
2015-12-10 04:18:32,005 24488 INFO     [tempest_lib.common.rest_client] Request (TestGettingAddress:setUp): 201 POST http://10.0.2.15:9696/v2.0/security-group-rules 0.124s
2015-12-10 04:18:32,005 24488 DEBUG    [tempest_lib.common.rest_client] Request - Headers: {'Content-Type': 'application/json', 'Accept': 'application/json', 'X-Auth-Token': '&lt;omitted&gt;'}
        Body: {"security_group_rule": {"tenant_id": "740ec2d9121a42d09f8f91102874f57a", "direction": "egress", "security_group_id": "757ae03e-77ad-4b40-9bf9-da2d04d3e56b", "protocol": "icmp", "ethertype": "IPv6"}}
    Response - Headers: {'status': '201', 'content-length': '344', 'connection': 'close', 'date': 'Thu, 10 Dec 2015 04:18:32 GMT', 'content-type': 'application/json; charset=UTF-8', 'x-openstack-request-id': 'req-12f4f1a6-dd4a-4671-9ac0-27e4dfcae3a8'}
        Body: {"security_group_rule": {"remote_group_id": null, "direction": "egress", "remote_ip_prefix": null, "protocol": "icmp", "ethertype": "IPv6", "tenant_id": "740ec2d9121a42d09f8f91102874f57a", "port_range_max": null, "port_range_min": null, "id": "19b58c40-7952-4ddb-bd64-e697a03bbb30", "security_group_id": "757ae03e-77ad-4b40-9bf9-da2d04d3e56b"}}
2015-12-10 04:18:32,177 24488 INFO     [tempest_lib.common.rest_client] Request (TestGettingAddress:test_dhcp6_stateless_from_os): 201 POST http://10.0.2.15:9696/v2.0/networks 0.169s
2015-12-10 04:18:32,178 24488 DEBUG    [tempest_lib.common.rest_client] Request - Headers: {'Content-Type': 'application/json', 'Accept': 'application/json', 'X-Auth-Token': '&lt;omitted&gt;'}
        Body: {"network": {"tenant_id": "740ec2d9121a42d09f8f91102874f57a", "name": "tempest-network-smoke--1878652233"}}
    Response - Headers: {'status': '201', 'content-length': '329', 'connection': 'close', 'date': 'Thu, 10 Dec 2015 04:18:32 GMT', 'content-type': 'application/json; charset=UTF-8', 'x-openstack-request-id': 'req-ce2be1e1-7c7d-4cbc-9b06-2cbeeda8c6f1'}
        Body: {"network": {"status": "ACTIVE", "subnets": [], "availability_zone_hints": "[]", "name": "tempest-network-smoke--1878652233", "admin_state_up": true, "tenant_id": "740ec2d9121a42d09f8f91102874f57a", "mtu": 0, "router:external": false, "shared": false, "port_security_enabled": true, "id": "41a595ed-f6e3-4c91-a33e-c1977b201851"}}
2015-12-10 04:18:32,353 24488 INFO     [tempest_lib.common.rest_client] Request (TestGettingAddress:test_dhcp6_stateless_from_os): 200 GET http://10.0.2.15:9696/v2.0/subnets?tenant_id=740ec2d9121a42d09f8f91102874f57a&amp;cidr=10.100.0.0%2F28 0.172s
2015-12-10 04:18:32,353 24488 DEBUG    [tempest_lib.common.rest_client] Request - Headers: {'Content-Type': 'application/json', 'Accept': 'application/json', 'X-Auth-Token': '&lt;omitted&gt;'}
        Body: None
    Response - Headers: {'status': '200', 'content-length': '15', 'content-location': 'http://10.0.2.15:9696/v2.0/subnets?tenant_id=740ec2d9121a42d09f8f91102874f57a&amp;cidr=10.100.0.0%2F28', 'connection': 'close', 'date': 'Thu, 10 Dec 2015 04:18:32 GMT', 'content-type': 'application/json; charset=UTF-8', 'x-openstack-request-id': 'req-4af2be6b-54ea-42c5-a9b9-50485f86b761'}
        Body: {"subnets": []}
2015-12-10 04:18:32,684 24488 INFO     [tempest_lib.common.rest_client] Request (TestGettingAddress:test_dhcp6_stateless_from_os): 201 POST http://10.0.2.15:9696/v2.0/subnets 0.329s
2015-12-10 04:18:32,684 24488 DEBUG    [tempest_lib.common.rest_client] Request - Headers: {'Content-Type': 'application/json', 'Accept': 'application/json', 'X-Auth-Token': '&lt;omitted&gt;'}
        Body: {"subnet": {"ip_version": 4, "tenant_id": "740ec2d9121a42d09f8f91102874f57a", "cidr": "10.100.0.0/28", "network_id": "41a595ed-f6e3-4c91-a33e-c1977b201851", "name": "tempest-sub4-1835621594"}}
    Response - Headers: {'status': '201', 'content-length': '470', 'connection': 'close', 'date': 'Thu, 10 Dec 2015 04:18:32 GMT', 'content-type': 'application/json; charset=UTF-8', 'x-openstack-request-id': 'req-146acd78-5aab-4802-a8da-e21eaca7d081'}
        Body: {"subnet": {"name": "tempest-sub4-1835621594", "enable_dhcp": true, "network_id": "41a595ed-f6e3-4c91-a33e-c1977b201851", "tenant_id": "740ec2d9121a42d09f8f91102874f57a", "dns_nameservers": [], "gateway_ip": "10.100.0.1", "ipv6_ra_mode": null, "allocation_pools": [{"start": "10.100.0.2", "end": "10.100.0.14"}], "host_routes": [], "ip_version": 4, "ipv6_address_mode": null, "cidr": "10.100.0.0/28", "id": "d29a7ded-0f07-4447-bd7d-0a829fd8340a", "subnetpool_id": null}}
2015-12-10 04:18:32,755 24488 INFO     [tempest_lib.common.rest_client] Request (TestGettingAddress:test_dhcp6_stateless_from_os): 201 POST http://10.0.2.15:9696/v2.0/routers 0.069s
2015-12-10 04:18:32,755 24488 DEBUG    [tempest_lib.common.rest_client] Request - Headers: {'Content-Type': 'application/json', 'Accept': 'application/json', 'X-Auth-Token': '&lt;omitted&gt;'}
        Body: {"router": {"tenant_id": "740ec2d9121a42d09f8f91102874f57a", "name": "tempest-router-smoke-934153812", "admin_state_up": true}}
    Response - Headers: {'status': '201', 'content-length': '295', 'connection': 'close', 'date': 'Thu, 10 Dec 2015 04:18:32 GMT', 'content-type': 'application/json; charset=UTF-8', 'x-openstack-request-id': 'req-2d976d03-47f8-4dc7-97da-24c16b3718d5'}
        Body: {"router": {"status": "ACTIVE", "external_gateway_info": null, "availability_zone_hints": [], "availability_zones": [], "name": "tempest-router-smoke-934153812", "admin_state_up": true, "tenant_id": "740ec2d9121a42d09f8f91102874f57a", "routes": [], "id": "d64115c6-73f3-48a8-9602-ea974262eb5f"}}
2015-12-10 04:18:32,805 24488 INFO     [tempest_lib.common.rest_client] Request (TestGettingAddress:test_dhcp6_stateless_from_os): 200 GET http://10.0.2.15:9696/v2.0/routers/d64115c6-73f3-48a8-9602-ea974262eb5f 0.048s
2015-12-10 04:18:32,805 24488 DEBUG    [tempest_lib.common.rest_client] Request - Headers: {'Content-Type': 'application/json', 'Accept': 'application/json', 'X-Auth-Token': '&lt;omitted&gt;'}
        Body: None
    Response - Headers: {'status': '200', 'content-length': '295', 'content-location': 'http://10.0.2.15:9696/v2.0/routers/d64115c6-73f3-48a8-9602-ea974262eb5f', 'connection': 'close', 'date': 'Thu, 10 Dec 2015 04:18:32 GMT', 'content-type': 'application/json; charset=UTF-8', 'x-openstack-request-id': 'req-9b3e2cb2-69ef-4e06-8e33-4ec1eaf8d508'}
        Body: {"router": {"status": "ACTIVE", "external_gateway_info": null, "availability_zone_hints": [], "availability_zones": [], "name": "tempest-router-smoke-934153812", "admin_state_up": true, "tenant_id": "740ec2d9121a42d09f8f91102874f57a", "routes": [], "id": "d64115c6-73f3-48a8-9602-ea974262eb5f"}}
2015-12-10 04:18:33,557 24488 INFO     [tempest_lib.common.rest_client] Request (TestGettingAddress:test_dhcp6_stateless_from_os): 200 PUT http://10.0.2.15:9696/v2.0/routers/d64115c6-73f3-48a8-9602-ea974262eb5f 0.752s
2015-12-10 04:18:33,558 24488 DEBUG    [tempest_lib.common.rest_client] Request - Headers: {'Content-Type': 'application/json', 'Accept': 'application/json', 'X-Auth-Token': '&lt;omitted&gt;'}
        Body: {"router": {"external_gateway_info": {"network_id": "446873c1-ccf9-4a89-a0f8-d9f6450483b8"}, "name": "tempest-router-smoke-934153812", "admin_state_up": true}}
    Response - Headers: {'status': '200', 'content-length': '557', 'connection': 'close', 'date': 'Thu, 10 Dec 2015 04:18:33 GMT', 'content-type': 'application/json; charset=UTF-8', 'x-openstack-request-id': 'req-eb4d60c7-abd4-499a-bd59-5725e8b3fba1'}
        Body: {"router": {"status": "ACTIVE", "external_gateway_info": {"network_id": "446873c1-ccf9-4a89-a0f8-d9f6450483b8", "enable_snat": true, "external_fixed_ips": [{"subnet_id": "ee12c50b-fdef-4034-b00c-527131a7adbe", "ip_address": "172.24.4.3"}, {"subnet_id": "90160711-4014-4091-b241-db01ccfe7add", "ip_address": "2001:db8::4"}]}, "availability_zone_hints": [], "availability_zones": [], "name": "tempest-router-smoke-934153812", "admin_state_up": true, "tenant_id": "740ec2d9121a42d09f8f91102874f57a", "routes": [], "id": "d64115c6-73f3-48a8-9602-ea974262eb5f"}}
2015-12-10 04:18:34,349 24488 INFO     [tempest_lib.common.rest_client] Request (TestGettingAddress:test_dhcp6_stateless_from_os): 200 PUT http://10.0.2.15:9696/v2.0/routers/d64115c6-73f3-48a8-9602-ea974262eb5f/add_router_interface 0.790s
2015-12-10 04:18:34,349 24488 DEBUG    [tempest_lib.common.rest_client] Request - Headers: {'Content-Type': 'application/json', 'Accept': 'application/json', 'X-Auth-Token': '&lt;omitted&gt;'}
        Body: {"subnet_id": "d29a7ded-0f07-4447-bd7d-0a829fd8340a"}
    Response - Headers: {'status': '200', 'content-length': '255', 'connection': 'close', 'date': 'Thu, 10 Dec 2015 04:18:34 GMT', 'content-type': 'application/json; charset=UTF-8', 'x-openstack-request-id': 'req-e41a06e7-7269-425e-8c96-b1f062aa6852'}
        Body: {"subnet_id": "d29a7ded-0f07-4447-bd7d-0a829fd8340a", "tenant_id": "740ec2d9121a42d09f8f91102874f57a", "subnet_ids": ["d29a7ded-0f07-4447-bd7d-0a829fd8340a"], "port_id": "82ccdf9f-dd43-4464-ad18-022845b460f5", "id": "d64115c6-73f3-48a8-9602-ea974262eb5f"}
2015-12-10 04:18:34,393 24488 INFO     [tempest_lib.common.rest_client] Request (TestGettingAddress:test_dhcp6_stateless_from_os): 200 GET http://10.0.2.15:9696/v2.0/subnets?tenant_id=740ec2d9121a42d09f8f91102874f57a&amp;cidr=2003%3A%3A%2F64 0.042s
2015-12-10 04:18:34,394 24488 DEBUG    [tempest_lib.common.rest_client] Request - Headers: {'Content-Type': 'application/json', 'Accept': 'application/json', 'X-Auth-Token': '&lt;omitted&gt;'}
        Body: None
    Response - Headers: {'status': '200', 'content-length': '15', 'content-location': 'http://10.0.2.15:9696/v2.0/subnets?tenant_id=740ec2d9121a42d09f8f91102874f57a&amp;cidr=2003%3A%3A%2F64', 'connection': 'close', 'date': 'Thu, 10 Dec 2015 04:18:34 GMT', 'content-type': 'application/json; charset=UTF-8', 'x-openstack-request-id': 'req-8f90b269-0454-49b1-b046-a8683277ab46'}
        Body: {"subnets": []}
2015-12-10 04:18:34,740 24488 INFO     [tempest_lib.common.rest_client] Request (TestGettingAddress:test_dhcp6_stateless_from_os): 201 POST http://10.0.2.15:9696/v2.0/subnets 0.344s
2015-12-10 04:18:34,741 24488 DEBUG    [tempest_lib.common.rest_client] Request - Headers: {'Content-Type': 'application/json', 'Accept': 'application/json', 'X-Auth-Token': '&lt;omitted&gt;'}
        Body: {"subnet": {"name": "tempest-sub6-602049136", "network_id": "41a595ed-f6e3-4c91-a33e-c1977b201851", "tenant_id": "740ec2d9121a42d09f8f91102874f57a", "ipv6_ra_mode": "dhcpv6-stateless", "ip_version": 6, "ipv6_address_mode": "dhcpv6-stateless", "cidr": "2003::/64"}}
    Response - Headers: {'status': '201', 'content-length': '501', 'connection': 'close', 'date': 'Thu, 10 Dec 2015 04:18:34 GMT', 'content-type': 'application/json; charset=UTF-8', 'x-openstack-request-id': 'req-ce058a4a-3710-400d-b8bb-97519011c306'}
        Body: {"subnet": {"name": "tempest-sub6-602049136", "enable_dhcp": true, "network_id": "41a595ed-f6e3-4c91-a33e-c1977b201851", "tenant_id": "740ec2d9121a42d09f8f91102874f57a", "dns_nameservers": [], "gateway_ip": "2003::1", "ipv6_ra_mode": "dhcpv6-stateless", "allocation_pools": [{"start": "2003::2", "end": "2003::ffff:ffff:ffff:ffff"}], "host_routes": [], "ip_version": 6, "ipv6_address_mode": "dhcpv6-stateless", "cidr": "2003::/64", "id": "e7fcb1a0-2b3a-4daf-9b1e-bad1a6262aa9", "subnetpool_id": null}}
2015-12-10 04:18:35,441 24488 INFO     [tempest_lib.common.rest_client] Request (TestGettingAddress:test_dhcp6_stateless_from_os): 200 PUT http://10.0.2.15:9696/v2.0/routers/d64115c6-73f3-48a8-9602-ea974262eb5f/add_router_interface 0.699s
2015-12-10 04:18:35,442 24488 DEBUG    [tempest_lib.common.rest_client] Request - Headers: {'Content-Type': 'application/json', 'Accept': 'application/json', 'X-Auth-Token': '&lt;omitted&gt;'}
        Body: {"subnet_id": "e7fcb1a0-2b3a-4daf-9b1e-bad1a6262aa9"}
    Response - Headers: {'status': '200', 'content-length': '255', 'connection': 'close', 'date': 'Thu, 10 Dec 2015 04:18:35 GMT', 'content-type': 'application/json; charset=UTF-8', 'x-openstack-request-id': 'req-5390eeb3-ed5a-4f57-bc71-a7d42add3b63'}
        Body: {"subnet_id": "e7fcb1a0-2b3a-4daf-9b1e-bad1a6262aa9", "tenant_id": "740ec2d9121a42d09f8f91102874f57a", "subnet_ids": ["e7fcb1a0-2b3a-4daf-9b1e-bad1a6262aa9"], "port_id": "d1f2d25e-b69b-4017-8cc7-f16760bf5ffc", "id": "d64115c6-73f3-48a8-9602-ea974262eb5f"}
2015-12-10 04:18:35,540 24488 INFO     [tempest_lib.common.rest_client] Request (TestGettingAddress:test_dhcp6_stateless_from_os): 200 POST http://10.0.2.15:5000/v2.0/tokens
2015-12-10 04:18:35,540 24488 DEBUG    [tempest_lib.common.rest_client] Request - Headers: {'Content-Type': 'application/json', 'Accept': 'application/json'}
        Body: &lt;omitted&gt;
    Response - Headers: {'status': '200', 'content-length': '2522', 'vary': 'X-Auth-Token', 'server': 'Apache/2.4.7 (Ubuntu)', 'connection': 'close', 'date': 'Thu, 10 Dec 2015 04:18:35 GMT', 'content-type': 'application/json', 'x-openstack-request-id': 'req-93179718-56dd-4f1f-89ba-9ea8318457d7'}
        Body: {"access": {"token": {"issued_at": "2015-12-10T04:18:35.531589", "expires": "2015-12-10T05:18:35Z", "id": "a1365a82d06f427c970864514e0d55b0", "tenant": {"description": "tempest-TestGettingAddress-1850592627-desc", "enabled": true, "id": "740ec2d9121a42d09f8f91102874f57a", "name": "tempest-TestGettingAddress-1850592627"}, "audit_ids": ["JwdErlUwQUyroO0PlbSuHQ"]}, "serviceCatalog": [{"endpoints": [{"adminURL": "http://10.0.2.15:8774/v2.1/740ec2d9121a42d09f8f91102874f57a", "region": "RegionOne", "internalURL": "http://10.0.2.15:8774/v2.1/740ec2d9121a42d09f8f91102874f57a", "id": "43722a05c068453193f94a3ceb014028", "publicURL": "http://10.0.2.15:8774/v2.1/740ec2d9121a42d09f8f91102874f57a"}], "endpoints_links": [], "type": "compute", "name": "nova"}, {"endpoints": [{"adminURL": "http://10.0.2.15:9696/", "region": "RegionOne", "internalURL": "http://10.0.2.15:9696/", "id": "31f396032a4d4ea193d0626f3cbecf8f", "publicURL": "http://10.0.2.15:9696/"}], "endpoints_links": [], "type": "network", "name": "neutron"}, {"endpoints": [{"adminURL": "http://10.0.2.15:9292", "region": "RegionOne", "internalURL": "http://10.0.2.15:9292", "id": "68158e87f67a4d298f0a3794b84a89be", "publicURL": "http://10.0.2.15:9292"}], "endpoints_links": [], "type": "image", "name": "glance"}, {"endpoints": [{"adminURL": "http://10.0.2.15:8774/v2/740ec2d9121a42d09f8f91102874f57a", "region": "RegionOne", "internalURL": "http://10.0.2.15:8774/v2/740ec2d9121a42d09f8f91102874f57a", "id": "13ffe338ea8149e28a47484d145af9df", "publicURL": "http://10.0.2.15:8774/v2/740ec2d9121a42d09f8f91102874f57a"}], "endpoints_links": [], "type": "compute_legacy", "name": "nova_legacy"}, {"endpoints": [{"adminURL": "http://10.0.2.15:8773/", "region": "RegionOne", "internalURL": "http://10.0.2.15:8773/", "id": "1eb8b654167f432297d25aaffa2af284", "publicURL": "http://10.0.2.15:8773/"}], "endpoints_links": [], "type": "ec2", "name": "ec2"}, {"endpoints": [{"adminURL": "http://10.0.2.15:35357/v2.0", "region": "RegionOne", "internalURL": "http://10.0.2.15:5000/v2.0", "id": "4232c6e44d07435fb1df7052ab0ba156", "publicURL": "http://10.0.2.15:5000/v2.0"}], "endpoints_links": [], "type": "identity", "name": "keystone"}], "user": {"username": "tempest-TestGettingAddress-21470126", "roles_links": [], "id": "423bc3d7e2eb4422a252a8cb1b66dc74", "roles": [{"name": "_member_"}, {"name": "Member"}], "name": "tempest-TestGettingAddress-21470126"}, "metadata": {"is_admin": 0, "roles": ["9fe2ff9ee4384b1894a90878d3e92bab", "26e9d7342d2846949c71215fa8857ed4"]}}}
2015-12-10 04:18:35,545 24488 DEBUG    [tempest.common.fixed_network] (TestGettingAddress:test_dhcp6_stateless_from_os) No valid network provided or created, defaulting to fixed_network_name
2015-12-10 04:18:35,847 24488 INFO     [tempest_lib.common.rest_client] Request (TestGettingAddress:test_dhcp6_stateless_from_os): 200 GET http://10.0.2.15:8774/v2.1/740ec2d9121a42d09f8f91102874f57a/os-networks 0.301s
2015-12-10 04:18:35,847 24488 DEBUG    [tempest_lib.common.rest_client] Request - Headers: {'Content-Type': 'application/json', 'Accept': 'application/json', 'X-Auth-Token': '&lt;omitted&gt;'}
        Body: None
    Response - Headers: {'status': '200', 'content-length': '479', 'content-location': 'http://10.0.2.15:8774/v2.1/740ec2d9121a42d09f8f91102874f57a/os-networks', 'x-compute-request-id': 'req-6a7d10df-415b-4e62-ad77-79e5ea376e1b', 'vary': 'X-OpenStack-Nova-API-Version', 'connection': 'close', 'x-openstack-nova-api-version': '2.1', 'date': 'Thu, 10 Dec 2015 04:18:35 GMT', 'content-type': 'application/json'}
        Body: {"networks": [{"cidr_v6": null, "dns2": null, "dns1": null, "gateway": null, "broadcast": null, "netmask": null, "gateway_v6": null, "cidr": null, "label": "public", "id": "446873c1-ccf9-4a89-a0f8-d9f6450483b8", "netmask_v6": null}, {"cidr_v6": null, "dns2": null, "dns1": null, "gateway": null, "broadcast": null, "netmask": null, "gateway_v6": null, "cidr": null, "label": "tempest-network-smoke--1878652233", "id": "41a595ed-f6e3-4c91-a33e-c1977b201851", "netmask_v6": null}]}
2015-12-10 04:18:35,847 24488 WARNING  [tempest.common.fixed_network] (TestGettingAddress:test_dhcp6_stateless_from_os) Network with name: private not found
2015-12-10 04:18:35,847 24488 INFO     [tempest.common.fixed_network] (TestGettingAddress:test_dhcp6_stateless_from_os) Found network {} available for tenant
2015-12-10 04:18:36,910 24488 INFO     [tempest_lib.common.rest_client] Request (TestGettingAddress:test_dhcp6_stateless_from_os): 202 POST http://10.0.2.15:8774/v2.1/740ec2d9121a42d09f8f91102874f57a/servers 1.062s
2015-12-10 04:18:36,910 24488 DEBUG    [tempest_lib.common.rest_client] Request - Headers: {'Content-Type': 'application/json', 'Accept': 'application/json', 'X-Auth-Token': '&lt;omitted&gt;'}
        Body: {"server": {"name": "tempest.common.compute-instance-1343134725", "imageRef": "5357cc18-eb13-46f2-9a83-08fe72f61442", "key_name": "tempest-TestGettingAddress-672142042", "flavorRef": "42", "networks": [{"uuid": "41a595ed-f6e3-4c91-a33e-c1977b201851"}], "security_groups": [{"name": "tempest-secgroup-smoke-352228262"}]}}
    Response - Headers: {'status': '202', 'content-length': '461', 'x-compute-request-id': 'req-fa1b3f36-a034-48b3-b5fa-e079bf4eed45', 'vary': 'X-OpenStack-Nova-API-Version', 'connection': 'close', 'location': 'http://10.0.2.15:8774/v2.1/740ec2d9121a42d09f8f91102874f57a/servers/8cc139dd-99b1-453c-930c-1a4c3b575ea6', 'x-openstack-nova-api-version': '2.1', 'date': 'Thu, 10 Dec 2015 04:18:36 GMT', 'content-type': 'application/json'}
        Body: {"server": {"security_groups": [{"name": "tempest-secgroup-smoke-352228262"}], "OS-DCF:diskConfig": "MANUAL", "id": "8cc139dd-99b1-453c-930c-1a4c3b575ea6", "links": [{"href": "http://10.0.2.15:8774/v2.1/740ec2d9121a42d09f8f91102874f57a/servers/8cc139dd-99b1-453c-930c-1a4c3b575ea6", "rel": "self"}, {"href": "http://10.0.2.15:8774/740ec2d9121a42d09f8f91102874f57a/servers/8cc139dd-99b1-453c-930c-1a4c3b575ea6", "rel": "bookmark"}], "adminPass": "LGnsz9EZhLZj"}}
2015-12-10 04:18:37,079 24488 INFO     [tempest_lib.common.rest_client] Request (TestGettingAddress:test_dhcp6_stateless_from_os): 200 GET http://10.0.2.15:8774/v2.1/740ec2d9121a42d09f8f91102874f57a/servers/8cc139dd-99b1-453c-930c-1a4c3b575ea6 0.165s
2015-12-10 04:18:37,079 24488 DEBUG    [tempest_lib.common.rest_client] Request - Headers: {'Content-Type': 'application/json', 'Accept': 'application/json', 'X-Auth-Token': '&lt;omitted&gt;'}
        Body: None
    Response - Headers: {'status': '200', 'content-length': '1354', 'content-location': 'http://10.0.2.15:8774/v2.1/740ec2d9121a42d09f8f91102874f57a/servers/8cc139dd-99b1-453c-930c-1a4c3b575ea6', 'x-compute-request-id': 'req-8facf61b-e464-4609-a6f6-39fe6a31de52', 'vary': 'X-OpenStack-Nova-API-Version', 'connection': 'close', 'x-openstack-nova-api-version': '2.1', 'date': 'Thu, 10 Dec 2015 04:18:37 GMT', 'content-type': 'application/json'}
        Body: {"server": {"status": "BUILD", "updated": "2015-12-10T04:18:37Z", "hostId": "", "addresses": {}, "links": [{"href": "http://10.0.2.15:8774/v2.1/740ec2d9121a42d09f8f91102874f57a/servers/8cc139dd-99b1-453c-930c-1a4c3b575ea6", "rel": "self"}, {"href": "http://10.0.2.15:8774/740ec2d9121a42d09f8f91102874f57a/servers/8cc139dd-99b1-453c-930c-1a4c3b575ea6", "rel": "bookmark"}], "key_name": "tempest-TestGettingAddress-672142042", "image": {"id": "5357cc18-eb13-46f2-9a83-08fe72f61442", "links": [{"href": "http://10.0.2.15:8774/740ec2d9121a42d09f8f91102874f57a/images/5357cc18-eb13-46f2-9a83-08fe72f61442", "rel": "bookmark"}]}, "OS-EXT-STS:task_state": "scheduling", "OS-EXT-STS:vm_state": "building", "OS-SRV-USG:launched_at": null, "flavor": {"id": "42", "links": [{"href": "http://10.0.2.15:8774/740ec2d9121a42d09f8f91102874f57a/flavors/42", "rel": "bookmark"}]}, "id": "8cc139dd-99b1-453c-930c-1a4c3b575ea6", "OS-SRV-USG:terminated_at": null, "OS-EXT-AZ:availability_zone": "", "user_id": "423bc3d7e2eb4422a252a8cb1b66dc74", "name": "tempest.common.compute-instance-1343134725", "created": "2015-12-10T04:18:36Z", "tenant_id": "740ec2d9121a42d09f8f91102874f57a", "OS-DCF:diskConfig": "MANUAL", "os-extended-volumes:volumes_attached": [], "accessIPv4": "", "accessIPv6": "", "progress": 0, "OS-EXT-STS:power_state": 0, "config_drive": "", "metadata": {}}}
2015-12-10 04:18:38,415 24488 INFO     [tempest_lib.common.rest_client] Request (TestGettingAddress:test_dhcp6_stateless_from_os): 200 GET http://10.0.2.15:8774/v2.1/740ec2d9121a42d09f8f91102874f57a/servers/8cc139dd-99b1-453c-930c-1a4c3b575ea6 0.323s
2015-12-10 04:18:38,415 24488 DEBUG    [tempest_lib.common.rest_client] Request - Headers: {'Content-Type': 'application/json', 'Accept': 'application/json', 'X-Auth-Token': '&lt;omitted&gt;'}
        Body: None
    Response - Headers: {'status': '200', 'content-length': '1412', 'content-location': 'http://10.0.2.15:8774/v2.1/740ec2d9121a42d09f8f91102874f57a/servers/8cc139dd-99b1-453c-930c-1a4c3b575ea6', 'x-compute-request-id': 'req-86b92a85-dcd4-4d40-8866-aa5cf16ec98f', 'vary': 'X-OpenStack-Nova-API-Version', 'connection': 'close', 'x-openstack-nova-api-version': '2.1', 'date': 'Thu, 10 Dec 2015 04:18:38 GMT', 'content-type': 'application/json'}
        Body: {"server": {"status": "BUILD", "updated": "2015-12-10T04:18:37Z", "hostId": "2efa5b0123dd26fcb1dc73c97b4ba6a3967626c705b333f98f25d3c3", "addresses": {}, "links": [{"href": "http://10.0.2.15:8774/v2.1/740ec2d9121a42d09f8f91102874f57a/servers/8cc139dd-99b1-453c-930c-1a4c3b575ea6", "rel": "self"}, {"href": "http://10.0.2.15:8774/740ec2d9121a42d09f8f91102874f57a/servers/8cc139dd-99b1-453c-930c-1a4c3b575ea6", "rel": "bookmark"}], "key_name": "tempest-TestGettingAddress-672142042", "image": {"id": "5357cc18-eb13-46f2-9a83-08fe72f61442", "links": [{"href": "http://10.0.2.15:8774/740ec2d9121a42d09f8f91102874f57a/images/5357cc18-eb13-46f2-9a83-08fe72f61442", "rel": "bookmark"}]}, "OS-EXT-STS:task_state": "spawning", "OS-EXT-STS:vm_state": "building", "OS-SRV-USG:launched_at": null, "flavor": {"id": "42", "links": [{"href": "http://10.0.2.15:8774/740ec2d9121a42d09f8f91102874f57a/flavors/42", "rel": "bookmark"}]}, "id": "8cc139dd-99b1-453c-930c-1a4c3b575ea6", "OS-SRV-USG:terminated_at": null, "OS-EXT-AZ:availability_zone": "nova", "user_id": "423bc3d7e2eb4422a252a8cb1b66dc74", "name": "tempest.common.compute-instance-1343134725", "created": "2015-12-10T04:18:36Z", "tenant_id": "740ec2d9121a42d09f8f91102874f57a", "OS-DCF:diskConfig": "MANUAL", "os-extended-volumes:volumes_attached": [], "accessIPv4": "", "accessIPv6": "", "progress": 0, "OS-EXT-STS:power_state": 0, "config_drive": "", "metadata": {}}}
2015-12-10 04:18:38,424 24488 INFO     [tempest.common.waiters] State transition "BUILD/scheduling" ==&gt; "BUILD/spawning" after 1 second wait
2015-12-10 04:18:39,665 24488 INFO     [tempest_lib.common.rest_client] Request (TestGettingAddress:test_dhcp6_stateless_from_os): 200 GET http://10.0.2.15:8774/v2.1/740ec2d9121a42d09f8f91102874f57a/servers/8cc139dd-99b1-453c-930c-1a4c3b575ea6 0.239s
2015-12-10 04:18:39,665 24488 DEBUG    [tempest_lib.common.rest_client] Request - Headers: {'Content-Type': 'application/json', 'Accept': 'application/json', 'X-Auth-Token': '&lt;omitted&gt;'}
        Body: None
    Response - Headers: {'status': '200', 'content-length': '1479', 'content-location': 'http://10.0.2.15:8774/v2.1/740ec2d9121a42d09f8f91102874f57a/servers/8cc139dd-99b1-453c-930c-1a4c3b575ea6', 'x-compute-request-id': 'req-71e2f264-9d4b-416f-b782-231b0a1ce581', 'vary': 'X-OpenStack-Nova-API-Version', 'connection': 'close', 'x-openstack-nova-api-version': '2.1', 'date': 'Thu, 10 Dec 2015 04:18:39 GMT', 'content-type': 'application/json'}
        Body: {"server": {"status": "BUILD", "updated": "2015-12-10T04:18:37Z", "hostId": "2efa5b0123dd26fcb1dc73c97b4ba6a3967626c705b333f98f25d3c3", "addresses": {}, "links": [{"href": "http://10.0.2.15:8774/v2.1/740ec2d9121a42d09f8f91102874f57a/servers/8cc139dd-99b1-453c-930c-1a4c3b575ea6", "rel": "self"}, {"href": "http://10.0.2.15:8774/740ec2d9121a42d09f8f91102874f57a/servers/8cc139dd-99b1-453c-930c-1a4c3b575ea6", "rel": "bookmark"}], "key_name": "tempest-TestGettingAddress-672142042", "image": {"id": "5357cc18-eb13-46f2-9a83-08fe72f61442", "links": [{"href": "http://10.0.2.15:8774/740ec2d9121a42d09f8f91102874f57a/images/5357cc18-eb13-46f2-9a83-08fe72f61442", "rel": "bookmark"}]}, "OS-EXT-STS:task_state": "spawning", "OS-EXT-STS:vm_state": "building", "OS-SRV-USG:launched_at": null, "flavor": {"id": "42", "links": [{"href": "http://10.0.2.15:8774/740ec2d9121a42d09f8f91102874f57a/flavors/42", "rel": "bookmark"}]}, "id": "8cc139dd-99b1-453c-930c-1a4c3b575ea6", "security_groups": [{"name": "tempest-secgroup-smoke-352228262"}], "OS-SRV-USG:terminated_at": null, "OS-EXT-AZ:availability_zone": "nova", "user_id": "423bc3d7e2eb4422a252a8cb1b66dc74", "name": "tempest.common.compute-instance-1343134725", "created": "2015-12-10T04:18:36Z", "tenant_id": "740ec2d9121a42d09f8f91102874f57a", "OS-DCF:diskConfig": "MANUAL", "os-extended-volumes:volumes_attached": [], "accessIPv4": "", "accessIPv6": "", "progress": 0, "OS-EXT-STS:power_state": 0, "config_drive": "", "metadata": {}}}
2015-12-10 04:18:40,969 24488 INFO     [tempest_lib.common.rest_client] Request (TestGettingAddress:test_dhcp6_stateless_from_os): 200 GET http://10.0.2.15:8774/v2.1/740ec2d9121a42d09f8f91102874f57a/servers/8cc139dd-99b1-453c-930c-1a4c3b575ea6 0.291s
2015-12-10 04:18:40,969 24488 DEBUG    [tempest_lib.common.rest_client] Request - Headers: {'Content-Type': 'application/json', 'Accept': 'application/json', 'X-Auth-Token': '&lt;omitted&gt;'}
        Body: None
    Response - Headers: {'status': '200', 'content-length': '1780', 'content-location': 'http://10.0.2.15:8774/v2.1/740ec2d9121a42d09f8f91102874f57a/servers/8cc139dd-99b1-453c-930c-1a4c3b575ea6', 'x-compute-request-id': 'req-ecdf9d8c-a28b-41d3-b014-927c0093b149', 'vary': 'X-OpenStack-Nova-API-Version', 'connection': 'close', 'x-openstack-nova-api-version': '2.1', 'date': 'Thu, 10 Dec 2015 04:18:40 GMT', 'content-type': 'application/json'}
        Body: {"server": {"status": "ACTIVE", "updated": "2015-12-10T04:18:40Z", "hostId": "2efa5b0123dd26fcb1dc73c97b4ba6a3967626c705b333f98f25d3c3", "addresses": {"tempest-network-smoke--1878652233": [{"OS-EXT-IPS-MAC:mac_addr": "fa:16:3e:24:5b:72", "version": 4, "addr": "10.100.0.3", "OS-EXT-IPS:type": "fixed"}, {"OS-EXT-IPS-MAC:mac_addr": "fa:16:3e:24:5b:72", "version": 6, "addr": "2003::f816:3eff:fe24:5b72", "OS-EXT-IPS:type": "fixed"}]}, "links": [{"href": "http://10.0.2.15:8774/v2.1/740ec2d9121a42d09f8f91102874f57a/servers/8cc139dd-99b1-453c-930c-1a4c3b575ea6", "rel": "self"}, {"href": "http://10.0.2.15:8774/740ec2d9121a42d09f8f91102874f57a/servers/8cc139dd-99b1-453c-930c-1a4c3b575ea6", "rel": "bookmark"}], "key_name": "tempest-TestGettingAddress-672142042", "image": {"id": "5357cc18-eb13-46f2-9a83-08fe72f61442", "links": [{"href": "http://10.0.2.15:8774/740ec2d9121a42d09f8f91102874f57a/images/5357cc18-eb13-46f2-9a83-08fe72f61442", "rel": "bookmark"}]}, "OS-EXT-STS:task_state": null, "OS-EXT-STS:vm_state": "active", "OS-SRV-USG:launched_at": "2015-12-10T04:18:40.000000", "flavor": {"id": "42", "links": [{"href": "http://10.0.2.15:8774/740ec2d9121a42d09f8f91102874f57a/flavors/42", "rel": "bookmark"}]}, "id": "8cc139dd-99b1-453c-930c-1a4c3b575ea6", "security_groups": [{"name": "tempest-secgroup-smoke-352228262"}], "OS-SRV-USG:terminated_at": null, "OS-EXT-AZ:availability_zone": "nova", "user_id": "423bc3d7e2eb4422a252a8cb1b66dc74", "name": "tempest.common.compute-instance-1343134725", "created": "2015-12-10T04:18:36Z", "tenant_id": "740ec2d9121a42d09f8f91102874f57a", "OS-DCF:diskConfig": "MANUAL", "os-extended-volumes:volumes_attached": [], "accessIPv4": "", "accessIPv6": "", "progress": 0, "OS-EXT-STS:power_state": 1, "config_drive": "True", "metadata": {}}}
2015-12-10 04:18:40,979 24488 INFO     [tempest.common.waiters] State transition "BUILD/spawning" ==&gt; "ACTIVE/None" after 3 second wait
2015-12-10 04:18:41,438 24488 INFO     [tempest_lib.common.rest_client] Request (TestGettingAddress:test_dhcp6_stateless_from_os): 200 GET http://10.0.2.15:8774/v2.1/740ec2d9121a42d09f8f91102874f57a/servers/8cc139dd-99b1-453c-930c-1a4c3b575ea6 0.458s
2015-12-10 04:18:41,439 24488 DEBUG    [tempest_lib.common.rest_client] Request - Headers: {'Content-Type': 'application/json', 'Accept': 'application/json', 'X-Auth-Token': '&lt;omitted&gt;'}
        Body: None
    Response - Headers: {'status': '200', 'content-length': '1780', 'content-location': 'http://10.0.2.15:8774/v2.1/740ec2d9121a42d09f8f91102874f57a/servers/8cc139dd-99b1-453c-930c-1a4c3b575ea6', 'x-compute-request-id': 'req-3c9de866-9409-4a51-8025-2a6892471576', 'vary': 'X-OpenStack-Nova-API-Version', 'connection': 'close', 'x-openstack-nova-api-version': '2.1', 'date': 'Thu, 10 Dec 2015 04:18:41 GMT', 'content-type': 'application/json'}
        Body: {"server": {"status": "ACTIVE", "updated": "2015-12-10T04:18:40Z", "hostId": "2efa5b0123dd26fcb1dc73c97b4ba6a3967626c705b333f98f25d3c3", "addresses": {"tempest-network-smoke--1878652233": [{"OS-EXT-IPS-MAC:mac_addr": "fa:16:3e:24:5b:72", "version": 4, "addr": "10.100.0.3", "OS-EXT-IPS:type": "fixed"}, {"OS-EXT-IPS-MAC:mac_addr": "fa:16:3e:24:5b:72", "version": 6, "addr": "2003::f816:3eff:fe24:5b72", "OS-EXT-IPS:type": "fixed"}]}, "links": [{"href": "http://10.0.2.15:8774/v2.1/740ec2d9121a42d09f8f91102874f57a/servers/8cc139dd-99b1-453c-930c-1a4c3b575ea6", "rel": "self"}, {"href": "http://10.0.2.15:8774/740ec2d9121a42d09f8f91102874f57a/servers/8cc139dd-99b1-453c-930c-1a4c3b575ea6", "rel": "bookmark"}], "key_name": "tempest-TestGettingAddress-672142042", "image": {"id": "5357cc18-eb13-46f2-9a83-08fe72f61442", "links": [{"href": "http://10.0.2.15:8774/740ec2d9121a42d09f8f91102874f57a/images/5357cc18-eb13-46f2-9a83-08fe72f61442", "rel": "bookmark"}]}, "OS-EXT-STS:task_state": null, "OS-EXT-STS:vm_state": "active", "OS-SRV-USG:launched_at": "2015-12-10T04:18:40.000000", "flavor": {"id": "42", "links": [{"href": "http://10.0.2.15:8774/740ec2d9121a42d09f8f91102874f57a/flavors/42", "rel": "bookmark"}]}, "id": "8cc139dd-99b1-453c-930c-1a4c3b575ea6", "security_groups": [{"name": "tempest-secgroup-smoke-352228262"}], "OS-SRV-USG:terminated_at": null, "OS-EXT-AZ:availability_zone": "nova", "user_id": "423bc3d7e2eb4422a252a8cb1b66dc74", "name": "tempest.common.compute-instance-1343134725", "created": "2015-12-10T04:18:36Z", "tenant_id": "740ec2d9121a42d09f8f91102874f57a", "OS-DCF:diskConfig": "MANUAL", "os-extended-volumes:volumes_attached": [], "accessIPv4": "", "accessIPv6": "", "progress": 0, "OS-EXT-STS:power_state": 1, "config_drive": "True", "metadata": {}}}
2015-12-10 04:18:41,481 24488 INFO     [tempest_lib.common.rest_client] Request (TestGettingAddress:test_dhcp6_stateless_from_os): 200 GET http://10.0.2.15:9696/v2.0/ports?status=ACTIVE&amp;fixed_ip=None&amp;device_id=8cc139dd-99b1-453c-930c-1a4c3b575ea6 0.033s
2015-12-10 04:18:41,482 24488 DEBUG    [tempest_lib.common.rest_client] Request - Headers: {'Content-Type': 'application/json', 'Accept': 'application/json', 'X-Auth-Token': '&lt;omitted&gt;'}
        Body: None
    Response - Headers: {'status': '200', 'content-length': '1142', 'content-location': 'http://10.0.2.15:9696/v2.0/ports?status=ACTIVE&amp;fixed_ip=None&amp;device_id=8cc139dd-99b1-453c-930c-1a4c3b575ea6', 'connection': 'close', 'date': 'Thu, 10 Dec 2015 04:18:41 GMT', 'content-type': 'application/json; charset=UTF-8', 'x-openstack-request-id': 'req-8ca7ae66-a6fd-47fc-b423-b67a5551d69c'}
        Body: {"ports": [{"status": "ACTIVE", "binding:host_id": "vagrant-ubuntu-trusty-64", "allowed_address_pairs": [], "extra_dhcp_opts": [], "dns_assignment": [{"hostname": "host-10-100-0-3", "ip_address": "10.100.0.3", "fqdn": "host-10-100-0-3.openstacklocal."}, {"hostname": "host-2003--f816-3eff-fe24-5b72", "ip_address": "2003::f816:3eff:fe24:5b72", "fqdn": "host-2003--f816-3eff-fe24-5b72.openstacklocal."}], "device_owner": "compute:None", "port_security_enabled": true, "binding:profile": {}, "fixed_ips": [{"subnet_id": "d29a7ded-0f07-4447-bd7d-0a829fd8340a", "ip_address": "10.100.0.3"}, {"subnet_id": "e7fcb1a0-2b3a-4daf-9b1e-bad1a6262aa9", "ip_address": "2003::f816:3eff:fe24:5b72"}], "id": "64088c4e-4862-46c1-b412-ce7e066764ca", "security_groups": ["757ae03e-77ad-4b40-9bf9-da2d04d3e56b"], "device_id": "8cc139dd-99b1-453c-930c-1a4c3b575ea6", "name": "", "admin_state_up": true, "network_id": "41a595ed-f6e3-4c91-a33e-c1977b201851", "dns_name": "", "binding:vif_details": {"port_filter": true}, "binding:vnic_type": "normal", "binding:vif_type": "ovs", "tenant_id": "740ec2d9121a42d09f8f91102874f57a", "mac_address": "fa:16:3e:24:5b:72"}]}
2015-12-10 04:18:42,114 24488 INFO     [tempest_lib.common.rest_client] Request (TestGettingAddress:test_dhcp6_stateless_from_os): 201 POST http://10.0.2.15:9696/v2.0/floatingips 0.632s
2015-12-10 04:18:42,115 24488 DEBUG    [tempest_lib.common.rest_client] Request - Headers: {'Content-Type': 'application/json', 'Accept': 'application/json', 'X-Auth-Token': '&lt;omitted&gt;'}
        Body: {"floatingip": {"floating_network_id": "446873c1-ccf9-4a89-a0f8-d9f6450483b8", "tenant_id": "740ec2d9121a42d09f8f91102874f57a", "fixed_ip_address": "10.100.0.3", "port_id": "64088c4e-4862-46c1-b412-ce7e066764ca"}}
    Response - Headers: {'status': '201', 'content-length': '367', 'connection': 'close', 'date': 'Thu, 10 Dec 2015 04:18:42 GMT', 'content-type': 'application/json; charset=UTF-8', 'x-openstack-request-id': 'req-b0a4093c-80a6-44a2-8a04-5c615ea40065'}
        Body: {"floatingip": {"floating_network_id": "446873c1-ccf9-4a89-a0f8-d9f6450483b8", "router_id": "d64115c6-73f3-48a8-9602-ea974262eb5f", "fixed_ip_address": "10.100.0.3", "floating_ip_address": "172.24.4.4", "tenant_id": "740ec2d9121a42d09f8f91102874f57a", "status": "DOWN", "port_id": "64088c4e-4862-46c1-b412-ce7e066764ca", "id": "cee9d233-edce-4121-be9a-192546a374fb"}}
2015-12-10 04:18:42,117 24488 INFO     [tempest_lib.common.ssh] Creating ssh connection to '172.24.4.4' as 'cirros' with public key authentication
2015-12-10 04:18:45,784 24488 WARNING  [tempest_lib.common.ssh] Failed to establish authenticated ssh connection to cirros@172.24.4.4 ([Errno None] Unable to connect to port 22 on  or 172.24.4.4). Number attempts: 1. Retry after 2 seconds.
2015-12-10 04:18:51,283 24488 WARNING  [tempest_lib.common.ssh] Failed to establish authenticated ssh connection to cirros@172.24.4.4 ([Errno None] Unable to connect to port 22 on  or 172.24.4.4). Number attempts: 2. Retry after 3 seconds.
2015-12-10 04:18:57,788 24488 WARNING  [tempest_lib.common.ssh] Failed to establish authenticated ssh connection to cirros@172.24.4.4 ([Errno None] Unable to connect to port 22 on  or 172.24.4.4). Number attempts: 3. Retry after 4 seconds.
2015-12-10 04:19:05,292 24488 WARNING  [tempest_lib.common.ssh] Failed to establish authenticated ssh connection to cirros@172.24.4.4 ([Errno None] Unable to connect to port 22 on  or 172.24.4.4). Number attempts: 4. Retry after 5 seconds.
2015-12-10 04:19:13,796 24488 WARNING  [tempest_lib.common.ssh] Failed to establish authenticated ssh connection to cirros@172.24.4.4 ([Errno None] Unable to connect to port 22 on  or 172.24.4.4). Number attempts: 5. Retry after 6 seconds.
2015-12-10 04:19:23,304 24488 WARNING  [tempest_lib.common.ssh] Failed to establish authenticated ssh connection to cirros@172.24.4.4 ([Errno None] Unable to connect to port 22 on  or 172.24.4.4). Number attempts: 6. Retry after 7 seconds.
2015-12-10 04:19:33,808 24488 WARNING  [tempest_lib.common.ssh] Failed to establish authenticated ssh connection to cirros@172.24.4.4 ([Errno None] Unable to connect to port 22 on  or 172.24.4.4). Number attempts: 7. Retry after 8 seconds.
2015-12-10 04:19:45,316 24488 WARNING  [tempest_lib.common.ssh] Failed to establish authenticated ssh connection to cirros@172.24.4.4 ([Errno None] Unable to connect to port 22 on  or 172.24.4.4). Number attempts: 8. Retry after 9 seconds.
2015-12-10 04:19:57,820 24488 WARNING  [tempest_lib.common.ssh] Failed to establish authenticated ssh connection to cirros@172.24.4.4 ([Errno None] Unable to connect to port 22 on  or 172.24.4.4). Number attempts: 9. Retry after 10 seconds.
2015-12-10 04:20:11,324 24488 WARNING  [tempest_lib.common.ssh] Failed to establish authenticated ssh connection to cirros@172.24.4.4 ([Errno None] Unable to connect to port 22 on  or 172.24.4.4). Number attempts: 10. Retry after 11 seconds.
2015-12-10 04:20:25,832 24488 WARNING  [tempest_lib.common.ssh] Failed to establish authenticated ssh connection to cirros@172.24.4.4 ([Errno None] Unable to connect to port 22 on  or 172.24.4.4). Number attempts: 11. Retry after 12 seconds.
2015-12-10 04:20:41,344 24488 WARNING  [tempest_lib.common.ssh] Failed to establish authenticated ssh connection to cirros@172.24.4.4 ([Errno None] Unable to connect to port 22 on  or 172.24.4.4). Number attempts: 12. Retry after 13 seconds.
2015-12-10 04:20:57,860 24488 WARNING  [tempest_lib.common.ssh] Failed to establish authenticated ssh connection to cirros@172.24.4.4 ([Errno None] Unable to connect to port 22 on  or 172.24.4.4). Number attempts: 13. Retry after 14 seconds.
2015-12-10 04:21:15,376 24488 WARNING  [tempest_lib.common.ssh] Failed to establish authenticated ssh connection to cirros@172.24.4.4 ([Errno None] Unable to connect to port 22 on  or 172.24.4.4). Number attempts: 14. Retry after 15 seconds.
2015-12-10 04:21:33,893 24488 WARNING  [tempest_lib.common.ssh] Failed to establish authenticated ssh connection to cirros@172.24.4.4 ([Errno None] Unable to connect to port 22 on  or 172.24.4.4). Number attempts: 15. Retry after 16 seconds.
2015-12-10 04:21:53,400 24488 WARNING  [tempest_lib.common.ssh] Failed to establish authenticated ssh connection to cirros@172.24.4.4 ([Errno None] Unable to connect to port 22 on  or 172.24.4.4). Number attempts: 16. Retry after 17 seconds.
2015-12-10 04:22:13,921 24488 ERROR    [tempest_lib.common.ssh] Failed to establish authenticated ssh connection to cirros@172.24.4.4 after 16 attempts
2015-12-10 04:22:13.921 24488 ERROR tempest_lib.common.ssh Traceback (most recent call last):
2015-12-10 04:22:13.921 24488 ERROR tempest_lib.common.ssh   File "/usr/local/lib/python2.7/dist-packages/tempest_lib/common/ssh.py", line 75, in _get_ssh_connection
2015-12-10 04:22:13.921 24488 ERROR tempest_lib.common.ssh     timeout=self.channel_timeout, pkey=self.pkey)
2015-12-10 04:22:13.921 24488 ERROR tempest_lib.common.ssh   File "/usr/local/lib/python2.7/dist-packages/paramiko/client.py", line 311, in connect
2015-12-10 04:22:13.921 24488 ERROR tempest_lib.common.ssh     raise NoValidConnectionsError(errors)
2015-12-10 04:22:13.921 24488 ERROR tempest_lib.common.ssh NoValidConnectionsError: [Errno None] Unable to connect to port 22 on  or 172.24.4.4
2015-12-10 04:22:13.921 24488 ERROR tempest_lib.common.ssh 
2015-12-10 04:22:13,923 24488 ERROR    [tempest.scenario.manager] (TestGettingAddress:test_dhcp6_stateless_from_os) Initializing SSH connection to 172.24.4.4 failed. Error: Connection to the 172.24.4.4 via SSH timed out.
User: cirros, Password: None
2015-12-10 04:22:13.923 24488 ERROR tempest.scenario.manager Traceback (most recent call last):
2015-12-10 04:22:13.923 24488 ERROR tempest.scenario.manager   File "tempest/scenario/manager.py", line 383, in get_remote_client
2015-12-10 04:22:13.923 24488 ERROR tempest.scenario.manager     linux_client.validate_authentication()
2015-12-10 04:22:13.923 24488 ERROR tempest.scenario.manager   File "tempest/common/utils/linux/remote_client.py", line 63, in validate_authentication
2015-12-10 04:22:13.923 24488 ERROR tempest.scenario.manager     self.ssh_client.test_connection_auth()
2015-12-10 04:22:13.923 24488 ERROR tempest.scenario.manager   File "/usr/local/lib/python2.7/dist-packages/tempest_lib/common/ssh.py", line 167, in test_connection_auth
2015-12-10 04:22:13.923 24488 ERROR tempest.scenario.manager     connection = self._get_ssh_connection()
2015-12-10 04:22:13.923 24488 ERROR tempest.scenario.manager   File "/usr/local/lib/python2.7/dist-packages/tempest_lib/common/ssh.py", line 87, in _get_ssh_connection
2015-12-10 04:22:13.923 24488 ERROR tempest.scenario.manager     password=self.password)
2015-12-10 04:22:13.923 24488 ERROR tempest.scenario.manager SSHTimeout: Connection to the 172.24.4.4 via SSH timed out.
2015-12-10 04:22:13.923 24488 ERROR tempest.scenario.manager User: cirros, Password: None
2015-12-10 04:22:13.923 24488 ERROR tempest.scenario.manager 
2015-12-10 04:22:14,001 24488 INFO     [tempest_lib.common.rest_client] Request (TestGettingAddress:test_dhcp6_stateless_from_os): 200 GET http://10.0.2.15:8774/v2.1/740ec2d9121a42d09f8f91102874f57a/servers 0.075s
2015-12-10 04:22:14,001 24488 DEBUG    [tempest_lib.common.rest_client] Request - Headers: {'Content-Type': 'application/json', 'Accept': 'application/json', 'X-Auth-Token': '&lt;omitted&gt;'}
        Body: None
    Response - Headers: {'status': '200', 'content-length': '391', 'content-location': 'http://10.0.2.15:8774/v2.1/740ec2d9121a42d09f8f91102874f57a/servers', 'x-compute-request-id': 'req-50b9e4d4-f53e-48b0-9c51-22b9a7db75d3', 'vary': 'X-OpenStack-Nova-API-Version', 'connection': 'close', 'x-openstack-nova-api-version': '2.1', 'date': 'Thu, 10 Dec 2015 04:22:13 GMT', 'content-type': 'application/json'}
        Body: {"servers": [{"id": "8cc139dd-99b1-453c-930c-1a4c3b575ea6", "links": [{"href": "http://10.0.2.15:8774/v2.1/740ec2d9121a42d09f8f91102874f57a/servers/8cc139dd-99b1-453c-930c-1a4c3b575ea6", "rel": "self"}, {"href": "http://10.0.2.15:8774/740ec2d9121a42d09f8f91102874f57a/servers/8cc139dd-99b1-453c-930c-1a4c3b575ea6", "rel": "bookmark"}], "name": "tempest.common.compute-instance-1343134725"}]}
2015-12-10 04:22:14,204 24488 INFO     [tempest_lib.common.rest_client] Request (TestGettingAddress:test_dhcp6_stateless_from_os): 200 POST http://10.0.2.15:8774/v2.1/740ec2d9121a42d09f8f91102874f57a/servers/8cc139dd-99b1-453c-930c-1a4c3b575ea6/action 0.198s
2015-12-10 04:22:14,205 24488 DEBUG    [tempest_lib.common.rest_client] Request - Headers: {'Content-Type': 'application/json', 'Accept': 'application/json', 'X-Auth-Token': '&lt;omitted&gt;'}
        Body: {"os-getConsoleOutput": {}}
    Response - Headers: {'status': '200', 'content-length': '24671', 'x-compute-request-id': 'req-f36288fa-c47d-424d-828e-af460528605c', 'vary': 'X-OpenStack-Nova-API-Version', 'connection': 'close', 'x-openstack-nova-api-version': '2.1', 'date': 'Thu, 10 Dec 2015 04:22:14 GMT', 'content-type': 'application/json'}
        Body: {"output": "[    0.000000] Initializing cgroup subsys cpuset\n[    0.000000] Initializing cgroup subsys cpu\n[    0.000000] Linux version 3.2.0-80-virtual (buildd@batsu) (gcc version 4.6.3 (Ubuntu/Linaro 4.6.3-1ubuntu5) ) #116-Ubuntu SMP Mon Mar 23 17:28:52 UTC 2015 (Ubuntu 3.2.0-80.116-virtual 3.2.68)\n[    0.000000] Command line: root=/dev/vda console=tty0 console=ttyS0 no_timer_check\n[    0.000000] KERNEL supported cpus:\n[    0.000000]   Intel GenuineIntel\n[    0.000000]   AMD AuthenticAMD\n[    0.000000]   Centaur CentaurHauls\n[    0.000000] BIOS-provided physical RAM map:\n[    0.000000]  BIOS-e820: 0000000000000000 - 000000000009fc00 (usable)\n[    0.000000]  BIOS-e820: 000000000009fc00 - 00000000000a0000 (reserved)\n[    0.000000]  BIOS-e820: 00000000000f0000 - 0000000000100000 (reserved)\n[    0.000000]  BIOS-e820: 0000000000100000 - 0000000003ffe000 (usable)\n[    0.000000]  BIOS-e820: 0000000003ffe000 - 0000000004000000 (reserved)\n[    0.000000]  BIOS-e820: 00000000fffc0000 - 0000000100000000 (reserved)\n[    0.000000] NX (Execute Disable) protection: active\n[    0.000000] SMBIOS 2.4 present.\n[    0.000000] No AGP bridge found\n[    0.000000] last_pfn = 0x3ffe max_arch_pfn = 0x400000000\n[    0.000000] x86 PAT enabled: cpu 0, old 0x7040600070406, new 0x7010600070106\n[    0.000000] found SMP MP-table at [ffff8800000f0b00] f0b00\n[    0.000000] init_memory_mapping: 0000000000000000-0000000003ffe000\n[    0.000000] RAMDISK: 03c5e000 - 03ff0000\n[    0.000000] ACPI: RSDP 00000000000f0950 00014 (v00 BOCHS )\n[    0.000000] ACPI: RSDT 0000000003fffbc1 00034 (v01 BOCHS  BXPCRSDT 00000001 BXPC 00000001)\n[    0.000000] ACPI: FACP 0000000003fff1c0 00074 (v01 BOCHS  BXPCFACP 00000001 BXPC 00000001)\n[    0.000000] ACPI: DSDT 0000000003ffe040 01180 (v01 BOCHS  BXPCDSDT 00000001 BXPC 00000001)\n[    0.000000] ACPI: FACS 0000000003ffe000 00040\n[    0.000000] ACPI: SSDT 0000000003fff234 008DD (v01 BOCHS  BXPCSSDT 00000001 BXPC 00000001)\n[    0.000000] ACPI: APIC 0000000003fffb11 00078 (v01 BOCHS  BXPCAPIC 00000001 BXPC 00000001)\n[    0.000000] ACPI: HPET 0000000003fffb89 00038 (v01 BOCHS  BXPCHPET 00000001 BXPC 00000001)\n[    0.000000] No NUMA configuration found\n[    0.000000] Faking a node at 0000000000000000-0000000003ffe000\n[    0.000000] Initmem setup node 0 0000000000000000-0000000003ffe000\n[    0.000000]   NODE_DATA [0000000003ff6000 - 0000000003ffafff]\n[    0.000000] Zone PFN ranges:\n[    0.000000]   DMA      0x00000010 -&gt; 0x00001000\n[    0.000000]   DMA32    0x00001000 -&gt; 0x00100000\n[    0.000000]   Normal   empty\n[    0.000000] Movable zone start PFN for each node\n[    0.000000] early_node_map[2] active PFN ranges\n[    0.000000]     0: 0x00000010 -&gt; 0x0000009f\n[    0.000000]     0: 0x00000100 -&gt; 0x00003ffe\n[    0.000000] ACPI: PM-Timer IO Port: 0xb008\n[    0.000000] ACPI: LAPIC (acpi_id[0x00] lapic_id[0x00] enabled)\n[    0.000000] ACPI: LAPIC_NMI (acpi_id[0xff] dfl dfl lint[0x1])\n[    0.000000] ACPI: IOAPIC (id[0x00] address[0xfec00000] gsi_base[0])\n[    0.000000] IOAPIC[0]: apic_id 0, version 17, address 0xfec00000, GSI 0-23\n[    0.000000] ACPI: INT_SRC_OVR (bus 0 bus_irq 0 global_irq 2 dfl dfl)\n[    0.000000] ACPI: INT_SRC_OVR (bus 0 bus_irq 5 global_irq 5 high level)\n[    0.000000] ACPI: INT_SRC_OVR (bus 0 bus_irq 9 global_irq 9 high level)\n[    0.000000] ACPI: INT_SRC_OVR (bus 0 bus_irq 10 global_irq 10 high level)\n[    0.000000] ACPI: INT_SRC_OVR (bus 0 bus_irq 11 global_irq 11 high level)\n[    0.000000] Using ACPI (MADT) for SMP configuration information\n[    0.000000] ACPI: HPET id: 0x8086a201 base: 0xfed00000\n[    0.000000] SMP: Allowing 1 CPUs, 0 hotplug CPUs\n[    0.000000] PM: Registered nosave memory: 000000000009f000 - 00000000000a0000\n[    0.000000] PM: Registered nosave memory: 00000000000a0000 - 00000000000f0000\n[    0.000000] PM: Registered nosave memory: 00000000000f0000 - 0000000000100000\n[    0.000000] Allocating PCI resources starting at 4000000 (gap: 4000000:fbfc0000)\n[    0.000000] Booting paravirtualized kernel on bare hardware\n[    0.000000] setup_pe
2015-12-10 04:22:14,208 24488 DEBUG    [tempest.scenario.manager] Console output for 8cc139dd-99b1-453c-930c-1a4c3b575ea6
body=
[    0.000000] Initializing cgroup subsys cpuset
[    0.000000] Initializing cgroup subsys cpu
[    0.000000] Linux version 3.2.0-80-virtual (buildd@batsu) (gcc version 4.6.3 (Ubuntu/Linaro 4.6.3-1ubuntu5) ) #116-Ubuntu SMP Mon Mar 23 17:28:52 UTC 2015 (Ubuntu 3.2.0-80.116-virtual 3.2.68)
[    0.000000] Command line: root=/dev/vda console=tty0 console=ttyS0 no_timer_check
[    0.000000] KERNEL supported cpus:
[    0.000000]   Intel GenuineIntel
[    0.000000]   AMD AuthenticAMD
[    0.000000]   Centaur CentaurHauls
[    0.000000] BIOS-provided physical RAM map:
[    0.000000]  BIOS-e820: 0000000000000000 - 000000000009fc00 (usable)
[    0.000000]  BIOS-e820: 000000000009fc00 - 00000000000a0000 (reserved)
[    0.000000]  BIOS-e820: 00000000000f0000 - 0000000000100000 (reserved)
[    0.000000]  BIOS-e820: 0000000000100000 - 0000000003ffe000 (usable)
[    0.000000]  BIOS-e820: 0000000003ffe000 - 0000000004000000 (reserved)
[    0.000000]  BIOS-e820: 00000000fffc0000 - 0000000100000000 (reserved)
[    0.000000] NX (Execute Disable) protection: active
[    0.000000] SMBIOS 2.4 present.
[    0.000000] No AGP bridge found
[    0.000000] last_pfn = 0x3ffe max_arch_pfn = 0x400000000
[    0.000000] x86 PAT enabled: cpu 0, old 0x7040600070406, new 0x7010600070106
[    0.000000] found SMP MP-table at [ffff8800000f0b00] f0b00
[    0.000000] init_memory_mapping: 0000000000000000-0000000003ffe000
[    0.000000] RAMDISK: 03c5e000 - 03ff0000
[    0.000000] ACPI: RSDP 00000000000f0950 00014 (v00 BOCHS )
[    0.000000] ACPI: RSDT 0000000003fffbc1 00034 (v01 BOCHS  BXPCRSDT 00000001 BXPC 00000001)
[    0.000000] ACPI: FACP 0000000003fff1c0 00074 (v01 BOCHS  BXPCFACP 00000001 BXPC 00000001)
[    0.000000] ACPI: DSDT 0000000003ffe040 01180 (v01 BOCHS  BXPCDSDT 00000001 BXPC 00000001)
[    0.000000] ACPI: FACS 0000000003ffe000 00040
[    0.000000] ACPI: SSDT 0000000003fff234 008DD (v01 BOCHS  BXPCSSDT 00000001 BXPC 00000001)
[    0.000000] ACPI: APIC 0000000003fffb11 00078 (v01 BOCHS  BXPCAPIC 00000001 BXPC 00000001)
[    0.000000] ACPI: HPET 0000000003fffb89 00038 (v01 BOCHS  BXPCHPET 00000001 BXPC 00000001)
[    0.000000] No NUMA configuration found
[    0.000000] Faking a node at 0000000000000000-0000000003ffe000
[    0.000000] Initmem setup node 0 0000000000000000-0000000003ffe000
[    0.000000]   NODE_DATA [0000000003ff6000 - 0000000003ffafff]
[    0.000000] Zone PFN ranges:
[    0.000000]   DMA      0x00000010 -&gt; 0x00001000
[    0.000000]   DMA32    0x00001000 -&gt; 0x00100000
[    0.000000]   Normal   empty
[    0.000000] Movable zone start PFN for each node
[    0.000000] early_node_map[2] active PFN ranges
[    0.000000]     0: 0x00000010 -&gt; 0x0000009f
[    0.000000]     0: 0x00000100 -&gt; 0x00003ffe
[    0.000000] ACPI: PM-Timer IO Port: 0xb008
[    0.000000] ACPI: LAPIC (acpi_id[0x00] lapic_id[0x00] enabled)
[    0.000000] ACPI: LAPIC_NMI (acpi_id[0xff] dfl dfl lint[0x1])
[    0.000000] ACPI: IOAPIC (id[0x00] address[0xfec00000] gsi_base[0])
[    0.000000] IOAPIC[0]: apic_id 0, version 17, address 0xfec00000, GSI 0-23
[    0.000000] ACPI: INT_SRC_OVR (bus 0 bus_irq 0 global_irq 2 dfl dfl)
[    0.000000] ACPI: INT_SRC_OVR (bus 0 bus_irq 5 global_irq 5 high level)
[    0.000000] ACPI: INT_SRC_OVR (bus 0 bus_irq 9 global_irq 9 high level)
[    0.000000] ACPI: INT_SRC_OVR (bus 0 bus_irq 10 global_irq 10 high level)
[    0.000000] ACPI: INT_SRC_OVR (bus 0 bus_irq 11 global_irq 11 high level)
[    0.000000] Using ACPI (MADT) for SMP configuration information
[    0.000000] ACPI: HPET id: 0x8086a201 base: 0xfed00000
[    0.000000] SMP: Allowing 1 CPUs, 0 hotplug CPUs
[    0.000000] PM: Registered nosave memory: 000000000009f000 - 00000000000a0000
[    0.000000] PM: Registered nosave memory: 00000000000a0000 - 00000000000f0000
[    0.000000] PM: Registered nosave memory: 00000000000f0000 - 0000000000100000
[    0.000000] Allocating PCI resources starting at 4000000 (gap: 4000000:fbfc0000)
[    0.000000] Booting paravirtualized kernel on bare hardware
[    0.000000] setup_percpu: NR_CPUS:64 nr_cpumask_bits:64 nr_cpu_ids:1 nr_node_ids:1
[    0.000000] PERCPU: Embedded 27 pages/cpu @ffff880003a00000 s78848 r8192 d23552 u2097152
[    0.000000] Built 1 zonelists in Node order, mobility grouping on.  Total pages: 16008
[    0.000000] Policy zone: DMA32
[    0.000000] Kernel command line: root=/dev/vda console=tty0 console=ttyS0 no_timer_check
[    0.000000] PID hash table entries: 256 (order: -1, 2048 bytes)
[    0.000000] Checking aperture...
[    0.000000] No AGP bridge found
[    0.000000] Memory: 43492k/65528k available (6576k kernel code, 452k absent, 21584k reserved, 6620k data, 928k init)
[    0.000000] SLUB: Genslabs=15, HWalign=64, Order=0-3, MinObjects=0, CPUs=1, Nodes=1
[    0.000000] Hierarchical RCU implementation.
[    0.000000] 	RCU dyntick-idle grace-period acceleration is enabled.
[    0.000000] NR_IRQS:4352 nr_irqs:256 16
[    0.000000] Console: colour VGA+ 80x25
[    0.000000] console [tty0] enabled
[    0.000000] console [ttyS0] enabled
[    0.000000] allocated 1048576 bytes of page_cgroup
[    0.000000] please try 'cgroup_disable=memory' option if you don't want memory cgroups
[    0.000000] Fast TSC calibration failed
[    0.000000] TSC: Unable to calibrate against PIT
[    0.000000] TSC: using HPET reference calibration
[    0.000000] Detected 2293.239 MHz processor.
[    0.028938] Calibrating delay loop (skipped), value calculated using timer frequency.. 4586.47 BogoMIPS (lpj=9172956)
[    0.030562] pid_max: default: 32768 minimum: 301
[    0.041036] Security Framework initialized
[    0.044871] AppArmor: AppArmor initialized
[    0.045527] Yama: becoming mindful.
[    0.052963] Dentry cache hash table entries: 8192 (order: 4, 65536 bytes)
[    0.054615] Inode-cache hash table entries: 4096 (order: 3, 32768 bytes)
[    0.056518] Mount-cache hash table entries: 256
[    0.074552] Initializing cgroup subsys cpuacct
[    0.076343] Initializing cgroup subsys memory
[    0.077643] Initializing cgroup subsys devices
[    0.080182] Initializing cgroup subsys freezer
[    0.080968] Initializing cgroup subsys blkio
[    0.081736] Initializing cgroup subsys perf_event
[    0.086920] mce: CPU supports 10 MCE banks
[    0.090309] SMP alternatives: switching to UP code
[    0.466292] Freeing SMP alternatives: 24k freed
[    0.468443] ACPI: Core revision 20110623
[    0.525752] ftrace: allocating 26610 entries in 105 pages
[    0.560777] ..TIMER: vector=0x30 apic1=0 pin1=2 apic2=-1 pin2=-1
[    0.562414] CPU0: AMD QEMU Virtual CPU version 2.0.0 stepping 03
[    0.568034] Performance Events: Broken PMU hardware detected, using software events only.
[    0.586250] NMI watchdog disabled (cpu0): hardware events not enabled
[    0.588808] Brought up 1 CPUs
[    0.589434] Total of 1 processors activated (4586.47 BogoMIPS).
[    0.620516] devtmpfs: initialized
[    0.649433] EVM: security.selinux
[    0.649890] EVM: security.SMACK64
[    0.650317] EVM: security.capability
[    0.677947] print_constraints: dummy: 
[    0.680199] RTC time:  4:18:44, date: 12/10/15
[    0.681747] NET: Registered protocol family 16
[    0.690556] ACPI: bus type pci registered
[    0.693783] PCI: Using configuration type 1 for base access
[    0.723033] bio: create slab &lt;bio-0&gt; at 0
[    0.728770] ACPI: Added _OSI(Module Device)
[    0.729350] ACPI: Added _OSI(Processor Device)
[    0.729909] ACPI: Added _OSI(3.0 _SCP Extensions)
[    0.730502] ACPI: Added _OSI(Processor Aggregator Device)
[    0.801945] ACPI: Interpreter enabled
[    0.802526] ACPI: (supports S0 S3 S4 S5)
[    0.805276] ACPI: Using IOAPIC for interrupt routing
[    0.875123] ACPI: No dock devices found.
[    0.876176] HEST: Table not found.
[    0.876751] PCI: Using host bridge windows from ACPI; if necessary, use "pci=nocrs" and report a bug
[    0.882837] ACPI: PCI Root Bridge [PCI0] (domain 0000 [bus 00-ff])
[    0.889569] pci_root PNP0A03:00: host bridge window [io  0x0000-0x0cf7]
[    0.890520] pci_root PNP0A03:00: host bridge window [io  0x0d00-0xadff]
[    0.892140] pci_root PNP0A03:00: host bridge window [io  0xae0f-0xaeff]
[    0.893060] pci_root PNP0A03:00: host bridge window [io  0xaf20-0xafdf]
[    0.893958] pci_root PNP0A03:00: host bridge window [io  0xafe4-0xffff]
[    0.896331] pci_root PNP0A03:00: host bridge window [mem 0x000a0000-0x000bffff]
[    0.897344] pci_root PNP0A03:00: host bridge window [mem 0x04000000-0xfebfffff]
[    0.920835] pci 0000:00:01.3: quirk: [io  0xb000-0xb03f] claimed by PIIX4 ACPI
[    0.921880] pci 0000:00:01.3: quirk: [io  0xb100-0xb10f] claimed by PIIX4 SMB
[    0.990079]  pci0000:00: Unable to request _OSC control (_OSC support mask: 0x1e)
[    1.057502] ACPI: PCI Interrupt Link [LNKA] (IRQs 5 *10 11)
[    1.061048] ACPI: PCI Interrupt Link [LNKB] (IRQs 5 *10 11)
[    1.062707] ACPI: PCI Interrupt Link [LNKC] (IRQs 5 10 *11)
[    1.065310] ACPI: PCI Interrupt Link [LNKD] (IRQs 5 10 *11)
[    1.066209] ACPI: PCI Interrupt Link [LNKS] (IRQs *9)
[    1.073201] vgaarb: device added: PCI:0000:00:02.0,decodes=io+mem,owns=io+mem,locks=none
[    1.075210] vgaarb: loaded
[    1.076179] vgaarb: bridge control possible 0000:00:02.0
[    1.081055] i2c-core: driver [aat2870] using legacy suspend method
[    1.081948] i2c-core: driver [aat2870] using legacy resume method
[    1.085450] SCSI subsystem initialized
[    1.089334] usbcore: registered new interface driver usbfs
[    1.090495] usbcore: registered new interface driver hub
[    1.092761] usbcore: registered new device driver usb
[    1.096374] PCI: Using ACPI for IRQ routing
[    1.107166] NetLabel: Initializing
[    1.108185] NetLabel:  domain hash size = 128
[    1.108817] NetLabel:  protocols = UNLABELED CIPSOv4
[    1.110675] NetLabel:  unlabeled traffic allowed by default
[    1.113454] HPET: 3 timers in total, 0 timers will be used for per-cpu timer
[    1.114582] hpet0: at MMIO 0xfed00000, IRQs 2, 8, 0
[    1.116540] hpet0: 3 comparators, 64-bit 100.000000 MHz counter
[    1.129836] Switching to clocksource hpet
[    1.391600] AppArmor: AppArmor Filesystem Enabled
[    1.393752] pnp: PnP ACPI init
[    1.394357] ACPI: bus type pnp registered
[    1.413351] pnp: PnP ACPI: found 9 devices
[    1.413964] ACPI: ACPI bus type pnp unregistered
[    1.472090] NET: Registered protocol family 2
[    1.511376] IP route cache hash table entries: 512 (order: 0, 4096 bytes)
[    1.522318] TCP established hash table entries: 2048 (order: 3, 32768 bytes)
[    1.523893] TCP bind hash table entries: 2048 (order: 3, 32768 bytes)
[    1.525836] TCP: Hash tables configured (established 2048 bind 2048)
[    1.526714] TCP reno registered
[    1.527337] UDP hash table entries: 128 (order: 0, 4096 bytes)
[    1.528064] UDP-Lite hash table entries: 128 (order: 0, 4096 bytes)
[    1.531864] NET: Registered protocol family 1
[    1.533865] pci 0000:00:00.0: Limiting direct PCI/PCI transfers
[    1.534650] pci 0000:00:01.0: PIIX3: Enabling Passive Release
[    1.535669] pci 0000:00:01.0: Activating ISA DMA hang workarounds
[    1.542794] ACPI: PCI Interrupt Link [LNKD] enabled at IRQ 11
[    1.543957] pci 0000:00:01.2: PCI INT D -&gt; Link[LNKD] -&gt; GSI 11 (level, high) -&gt; IRQ 11
[    1.547253] pci 0000:00:01.2: PCI INT D disabled
[    1.568682] Trying to unpack rootfs image as initramfs...
[    1.587341] audit: initializing netlink socket (disabled)
[    1.590491] type=2000 audit(1449721124.588:1): initialized
[    1.867012] HugeTLB registered 2 MB page size, pre-allocated 0 pages
[    1.939632] VFS: Disk quotas dquot_6.5.2
[    1.941695] Dquot-cache hash table entries: 512 (order 0, 4096 bytes)
[    1.956066] fuse init (API version 7.17)
[    1.966179] msgmni has been set to 84
[    1.998197] Block layer SCSI generic (bsg) driver version 0.4 loaded (major 253)
[    2.000039] io scheduler noop registered
[    2.001417] io scheduler deadline registered (default)
[    2.002604] io scheduler cfq registered
[    2.010811] pci_hotplug: PCI Hot Plug PCI Core version: 0.5
[    2.015747] pciehp: PCI Express Hot Plug Controller Driver version: 0.4
[    2.023896] input: Power Button as /devices/LNXSYSTM:00/LNXPWRBN:00/input/input0
[    2.027494] ACPI: Power Button [PWRF]
[    2.102601] ERST: Table is not found!
[    2.103012] GHES: HEST is not enabled!
[    2.118169] ACPI: PCI Interrupt Link [LNKC] enabled at IRQ 10
[    2.118923] virtio-pci 0000:00:03.0: PCI INT A -&gt; Link[LNKC] -&gt; GSI 10 (level, high) -&gt; IRQ 10
[    2.121992] virtio-pci 0000:00:04.0: PCI INT A -&gt; Link[LNKD] -&gt; GSI 11 (level, high) -&gt; IRQ 11
[    2.135375] ACPI: PCI Interrupt Link [LNKA] enabled at IRQ 10
[    2.136045] virtio-pci 0000:00:05.0: PCI INT A -&gt; Link[LNKA] -&gt; GSI 10 (level, high) -&gt; IRQ 10
[    2.154675] Serial: 8250/16550 driver, 32 ports, IRQ sharing enabled
[    2.196041] serial8250: ttyS0 at I/O 0x3f8 (irq = 4) is a 16550A
[    2.273381] serial8250: ttyS1 at I/O 0x2f8 (irq = 3) is a 16550A
[    2.400460] 00:05: ttyS0 at I/O 0x3f8 (irq = 4) is a 16550A
[    2.479153] 00:06: ttyS1 at I/O 0x2f8 (irq = 3) is a 16550A
[    2.527723] Linux agpgart interface v0.103
[    2.553230] Refined TSC clocksource calibration: 2293.263 MHz.
[    2.554128] Switching to clocksource tsc
[    2.586888] brd: module loaded
[    2.621589] loop: module loaded
[    2.669365]  vda: unknown partition table
[    2.722860] scsi0 : ata_piix
[    2.726976] scsi1 : ata_piix
[    2.729772] ata1: PATA max MWDMA2 cmd 0x1f0 ctl 0x3f6 bmdma 0xc0a0 irq 14
[    2.730595] ata2: PATA max MWDMA2 cmd 0x170 ctl 0x376 bmdma 0xc0a8 irq 15
[    2.743385] Fixed MDIO Bus: probed
[    2.744779] tun: Universal TUN/TAP device driver, 1.6
[    2.746534] tun: (C) 1999-2004 Max Krasnyansky &lt;maxk@qualcomm.com&gt;
[    2.761694] PPP generic driver version 2.4.2
[    2.778255] ehci_hcd: USB 2.0 'Enhanced' Host Controller (EHCI) Driver
[    2.780358] ohci_hcd: USB 1.1 'Open' Host Controller (OHCI) Driver
[    2.782944] uhci_hcd: USB Universal Host Controller Interface driver
[    2.785699] uhci_hcd 0000:00:01.2: PCI INT D -&gt; Link[LNKD] -&gt; GSI 11 (level, high) -&gt; IRQ 11
[    2.788822] uhci_hcd 0000:00:01.2: UHCI Host Controller
[    2.826159] uhci_hcd 0000:00:01.2: new USB bus registered, assigned bus number 1
[    2.828140] uhci_hcd 0000:00:01.2: irq 11, io base 0x0000c040
[    2.855146] hub 1-0:1.0: USB hub found
[    2.857571] hub 1-0:1.0: 2 ports detected
[    2.865522] usbcore: registered new interface driver libusual
[    2.867859] i8042: PNP: PS/2 Controller [PNP0303:KBD,PNP0f13:MOU] at 0x60,0x64 irq 1,12
[    2.877544] serio: i8042 KBD port at 0x60,0x64 irq 1
[    2.880060] serio: i8042 AUX port at 0x60,0x64 irq 12
[    2.914282] mousedev: PS/2 mouse device common for all mice
[    2.924933] input: AT Translated Set 2 keyboard as /devices/platform/i8042/serio0/input/input1
[    2.934362] rtc_cmos 00:01: RTC can wake from S4
[    2.947848] rtc_cmos 00:01: rtc core: registered rtc_cmos as rtc0
[    2.953213] rtc0: alarms up to one day, 114 bytes nvram, hpet irqs
[    2.958732] device-mapper: uevent: version 1.0.3
[    2.989312] ata2.01: ATAPI: QEMU DVD-ROM, 2.0.0, max UDMA/100
[    2.998343] device-mapper: ioctl: 4.22.0-ioctl (2011-10-19) initialised: dm-devel@redhat.com
[    3.001078] cpuidle: using governor ladder
[    3.002219] cpuidle: using governor menu
[    3.003255] EFI Variables Facility v0.08 2004-May-17
[    3.012738] TCP cubic registered
[    3.018066] NET: Registered protocol family 10
[    3.056822] NET: Registered protocol family 17
[    3.058275] Registering the dns_resolver key type
[    3.065321] ata2.01: configured for MWDMA2
[    3.108795] scsi 1:0:1:0: CD-ROM            QEMU     QEMU DVD-ROM     2.0. PQ: 0 ANSI: 5
[    3.145432] sr0: scsi3-mmc drive: 4x/4x cd/rw xa/form2 tray
[    3.146630] cdrom: Uniform CD-ROM driver Revision: 3.20
[    3.164634] sr 1:0:1:0: Attached scsi generic sg0 type 5
[    3.198468] registered taskstats version 1
[    3.341837] Freeing initrd memory: 3656k freed
[    3.806527]   Magic number: 11:480:312
[    3.815132] rtc_cmos 00:01: setting system clock to 2015-12-10 04:18:47 UTC (1449721127)
[    3.818567] powernow-k8: Processor cpuid 663 not supported
[    3.826495] BIOS EDD facility v0.16 2004-Jun-25, 0 devices found
[    3.829262] EDD information not available.
[    3.883017] Freeing unused kernel memory: 928k freed
[    3.887292] Write protecting the kernel read-only data: 12288k
[    3.956011] Freeing unused kernel memory: 1596k freed
[    4.016050] Freeing unused kernel memory: 1184k freed

info: initramfs: up at 4.18
modprobe: module virtio_blk not found in modules.dep
modprobe: module virtio_net not found in modules.dep
info: copying initramfs to /dev/vda
info: initramfs loading root from /dev/vda
info: /etc/init.d/rc.sysinit: up at 8.87
info: container: none
Starting logging: OK
modprobe: module virtio_blk not found in modules.dep
modprobe: module virtio_net not found in modules.dep
WARN: /etc/rc3.d/S10-load-modules failed
Initializing random number generator... done.
Starting acpid: OK
cirros-ds 'local' up at 11.42
found datasource (configdrive, local)
Starting network...
udhcpc (v1.20.1) started
Sending discover...
Sending discover...
Sending discover...
Usage: /sbin/cirros-dhcpc &lt;up|down&gt;
No lease, failing
WARN: /etc/rc3.d/S40-network failed
Starting dropbear sshd: generating rsa key... generating dsa key... OK
no userdata for datasource
=== system information ===
Platform: OpenStack Foundation OpenStack Nova
Container: none
Arch: x86_64
CPU(s): 1 @ 2293.239 MHz
Cores/Sockets/Threads: 1/1/1
Virt-type: AMD-V
RAM Size: 49MB
Disks:
NAME MAJ:MIN     SIZE LABEL         MOUNTPOINT
vda  253:0   25165824 cirros-rootfs /
sr0   11:0     428032 config-2      
=== sshd host keys ===
-----BEGIN SSH HOST KEY KEYS-----
ssh-rsa AAAAB3NzaC1yc2EAAAADAQABAAAAgwDpKaLswTJkGSfjP+uSBSkf1qyLGDNIcfrsc4/QedAc8LNVL8t8yf/OWxgwwNycKVc5j402eQMnG/IGy2GIONeP3mEHD/EMTLolPRoe8yKBiQLpL8WMiTrJK+8oOQ6v5rzYVSy3/kwQusCQZD+pBVMIEBN3mJ2bA9NSpnJhPLgGdB9t root@tempest
ssh-dss AAAAB3NzaC1kc3MAAACBAK37jqWGqY547NvPqXkDoK6QSPFu9qmZzD9iuSy5SvrOwr880lks5bkk7bmsskXGdBuZG7prwazRPzQGkKsi+DIuz+u9Hh0g+b6lNNgnntn2jKU4axFt3LFkQ/DPXVy6ip1OSWslcHwtVnKf1tVgMtvZuP5zelDGLDzNQuZjJpk7AAAAFQDUDNO3SXbHvc/FuFrzwTGGNBMg7wAAAIAk2E9GU8Ui0/FhDHgcRikIg5i4GtkeCznwBTOxGH68necs0q+ib2XfEyfzDNRXSGZhkomvluZArg0nf9S/GVkM2FwwwIxaWqMZaM9x6JeknSMgfxXCpWDW/pYn+9ythZAzS6QIEGo+kY4rdq+yV9Gai9h5BiMCSpn68+Y5sK1pcAAAAIAxEvJlD6xuPY9rwQsvP4yUMNfrCystiYNIEwGODzo8oDahvYVXgTi1YbTxb2AkgQBPYfEgbko7mLVMfVsGB7zh4IryJxBlQR7jvZc/WVKMFo1DUSdLIXuZ200ZWzYi7vYqeCvPylt+Ur4bB8fOtCETmNctC2CtuA/1WzRABE+/cQ== root@tempest
-----END SSH HOST KEY KEYS-----
=== network info ===
if-info: lo,up,127.0.0.1,8,::1
if-info: eth0,up,,8,fe80::f816:3eff:fe24:5b72
=== datasource: configdrive local ===
instance-id: 8cc139dd-99b1-453c-930c-1a4c3b575ea6
name: tempest.common.compute-instance-1343134725
availability-zone: nova
local-hostname: tempest.common.compute-instance-1343134725.novalocal
launch-index: 0
=== cirros: current=0.3.4 uptime=203.51 ===
route: fscanf
=== pinging gateway failed, debugging connection ===
############ debug start ##############
### /etc/init.d/sshd start
Starting dropbear sshd: OK
route: fscanf
### ifconfig -a
eth0      Link encap:Ethernet  HWaddr FA:16:3E:24:5B:72  
          inet6 addr: fe80::f816:3eff:fe24:5b72/64 Scope:Link
          UP BROADCAST RUNNING MULTICAST  MTU:1500  Metric:1
          RX packets:12 errors:0 dropped:5 overruns:0 frame:0
          TX packets:8 errors:0 dropped:0 overruns:0 carrier:0
          collisions:0 txqueuelen:1000 
          RX bytes:1303 (1.2 KiB)  TX bytes:1134 (1.1 KiB)

lo        Link encap:Local Loopback  
          inet addr:127.0.0.1  Mask:255.0.0.0
          inet6 addr: ::1/128 Scope:Host
          UP LOOPBACK RUNNING  MTU:16436  Metric:1
          RX packets:12 errors:0 dropped:0 overruns:0 frame:0
          TX packets:12 errors:0 dropped:0 overruns:0 carrier:0
          collisions:0 txqueuelen:0 
          RX bytes:1020 (1020.0 B)  TX bytes:1020 (1020.0 B)

### route -n
Kernel IP routing table
Destination     Gateway         Genmask         Flags Metric Ref    Use Iface
route: fscanf
### cat /etc/resolv.conf
cat: can't open '/etc/resolv.conf': No such file or directory
### gateway not found
/sbin/cirros-status: line 1: can't open /etc/resolv.conf: no such file
### pinging nameservers
### uname -a
Linux tempest 3.2.0-80-virtual #116-Ubuntu SMP Mon Mar 23 17:28:52 UTC 2015 x86_64 GNU/Linux
### lsmod
Module                  Size  Used by    Not tainted
nls_iso8859_1          12713  0 
nls_cp437              16991  0 
vfat                   17585  0 
fat                    61512  1 vfat
isofs                  40259  0 
ip_tables              27473  0 
x_tables               29891  1 ip_tables
pcnet32                42119  0 
8139cp                 27360  0 
ne2k_pci               13691  0 
8390                   18856  1 ne2k_pci
e1000                 108589  0 
acpiphp                24231  0 
### dmesg | tail
[    5.027350] EXT3-fs (vda): mounted filesystem with ordered data mode
[    5.300952] ISO 9660 Extensions: Microsoft Joliet Level 3
[    5.365089] ISO 9660 Extensions: RRIP_1991A
[    5.606024] kjournald starting.  Commit interval 5 seconds
[    5.622256] EXT3-fs (vda): using internal journal
[    5.622427] EXT3-fs (vda): mounted filesystem with ordered data mode
[    8.958287] EXT3-fs (vda): using internal journal
[   12.211903] ISO 9660 Extensions: Microsoft Joliet Level 3
[   12.318988] ISO 9660 Extensions: RRIP_1991A
[   26.825555] eth0: no IPv6 routers present
### tail -n 25 /var/log/messages
Dec 10 04:18:54 cirros kern.info kernel: [    4.470196] acpiphp: Slot [26] registered
Dec 10 04:18:54 cirros kern.info kernel: [    4.470492] acpiphp: Slot [27] registered
Dec 10 04:18:54 cirros kern.info kernel: [    4.470783] acpiphp: Slot [28] registered
Dec 10 04:18:54 cirros kern.info kernel: [    4.471137] acpiphp: Slot [29] registered
Dec 10 04:18:54 cirros kern.info kernel: [    4.471428] acpiphp: Slot [30] registered
Dec 10 04:18:54 cirros kern.info kernel: [    4.471742] acpiphp: Slot [31] registered
Dec 10 04:18:54 cirros kern.info kernel: [    4.524524] e1000: Intel(R) PRO/1000 Network Driver - version 7.3.21-k8-NAPI
Dec 10 04:18:54 cirros kern.info kernel: [    4.525001] e1000: Copyright (c) 1999-2006 Intel Corporation.
Dec 10 04:18:54 cirros kern.info kernel: [    4.564731] ne2k-pci.c:v1.03 9/22/2003 D. Becker/P. Gortmaker
Dec 10 04:18:54 cirros kern.info kernel: [    4.614778] 8139cp: 8139cp: 10/100 PCI Ethernet driver v1.3 (Mar 22, 2004)
Dec 10 04:18:54 cirros kern.info kernel: [    4.655633] pcnet32: pcnet32.c:v1.35 21.Apr.2008 tsbogend@alpha.franken.de
Dec 10 04:18:54 cirros kern.info kernel: [    4.717849] ip_tables: (C) 2000-2006 Netfilter Core Team
Dec 10 04:18:54 cirros kern.info kernel: [    5.020813] kjournald starting.  Commit interval 5 seconds
Dec 10 04:18:54 cirros kern.info kernel: [    5.027350] EXT3-fs (vda): mounted filesystem with ordered data mode
Dec 10 04:18:54 cirros kern.debug kernel: [    5.300952] ISO 9660 Extensions: Microsoft Joliet Level 3
Dec 10 04:18:54 cirros kern.debug kernel: [    5.365089] ISO 9660 Extensions: RRIP_1991A
Dec 10 04:18:54 cirros kern.info kernel: [    5.606024] kjournald starting.  Commit interval 5 seconds
Dec 10 04:18:54 cirros kern.info kernel: [    5.622256] EXT3-fs (vda): using internal journal
Dec 10 04:18:54 cirros kern.info kernel: [    5.622427] EXT3-fs (vda): mounted filesystem with ordered data mode
Dec 10 04:18:54 cirros kern.info kernel: [    8.958287] EXT3-fs (vda): using internal journal
Dec 10 04:18:55 cirros kern.debug kernel: [   12.211903] ISO 9660 Extensions: Microsoft Joliet Level 3
Dec 10 04:18:56 cirros kern.debug kernel: [   12.318988] ISO 9660 Extensions: RRIP_1991A
Dec 10 04:18:59 cirros auth.notice su: + /dev/console root:cirros
Dec 10 04:19:10 cirros kern.debug kernel: [   26.825555] eth0: no IPv6 routers present
Dec 10 04:22:05 cirros authpriv.info dropbear[283]: Running in background
############ debug end   ##############
  ____               ____  ____
 / __/ __ ____ ____ / __ \/ __/
/ /__ / // __// __// /_/ /\ \ 
\___//_//_/  /_/   \____/___/ 
   http://cirros-cloud.net


login as 'cirros' user. default password: 'cubswin:)'. use 'sudo' for root.
tempest login: 
2015-12-10 04:22:14,491 24488 INFO     [tempest_lib.common.rest_client] Request (TestGettingAddress:_run_cleanups): 204 DELETE http://10.0.2.15:9696/v2.0/floatingips/cee9d233-edce-4121-be9a-192546a374fb 0.277s
2015-12-10 04:22:14,491 24488 DEBUG    [tempest_lib.common.rest_client] Request - Headers: {'Content-Type': 'application/json', 'Accept': 'application/json', 'X-Auth-Token': '&lt;omitted&gt;'}
        Body: None
    Response - Headers: {'date': 'Thu, 10 Dec 2015 04:22:14 GMT', 'status': '204', 'connection': 'close', 'content-length': '0', 'x-openstack-request-id': 'req-5e10e53e-0b19-41fb-b677-707c38df91bf'}
        Body: 
2015-12-10 04:22:14,700 24488 INFO     [tempest_lib.common.rest_client] Request (TestGettingAddress:_run_cleanups): 204 DELETE http://10.0.2.15:8774/v2.1/740ec2d9121a42d09f8f91102874f57a/servers/8cc139dd-99b1-453c-930c-1a4c3b575ea6 0.208s
2015-12-10 04:22:14,700 24488 DEBUG    [tempest_lib.common.rest_client] Request - Headers: {'Content-Type': 'application/json', 'Accept': 'application/json', 'X-Auth-Token': '&lt;omitted&gt;'}
        Body: None
    Response - Headers: {'status': '204', 'content-length': '0', 'x-compute-request-id': 'req-140961aa-2610-4702-9033-7b382de9cbef', 'vary': 'X-OpenStack-Nova-API-Version', 'connection': 'close', 'x-openstack-nova-api-version': '2.1', 'date': 'Thu, 10 Dec 2015 04:22:14 GMT', 'content-type': 'application/json'}
        Body: 
2015-12-10 04:22:14,972 24488 INFO     [tempest_lib.common.rest_client] Request (TestGettingAddress:_run_cleanups): 200 GET http://10.0.2.15:8774/v2.1/740ec2d9121a42d09f8f91102874f57a/servers/8cc139dd-99b1-453c-930c-1a4c3b575ea6 0.272s
2015-12-10 04:22:14,973 24488 DEBUG    [tempest_lib.common.rest_client] Request - Headers: {'Content-Type': 'application/json', 'Accept': 'application/json', 'X-Auth-Token': '&lt;omitted&gt;'}
        Body: None
    Response - Headers: {'status': '200', 'content-length': '1903', 'content-location': 'http://10.0.2.15:8774/v2.1/740ec2d9121a42d09f8f91102874f57a/servers/8cc139dd-99b1-453c-930c-1a4c3b575ea6', 'x-compute-request-id': 'req-81a50331-7117-4ea9-8eb3-549a654ae31b', 'vary': 'X-OpenStack-Nova-API-Version', 'connection': 'close', 'x-openstack-nova-api-version': '2.1', 'date': 'Thu, 10 Dec 2015 04:22:14 GMT', 'content-type': 'application/json'}
        Body: {"server": {"status": "ACTIVE", "updated": "2015-12-10T04:22:14Z", "hostId": "2efa5b0123dd26fcb1dc73c97b4ba6a3967626c705b333f98f25d3c3", "addresses": {"tempest-network-smoke--1878652233": [{"OS-EXT-IPS-MAC:mac_addr": "fa:16:3e:24:5b:72", "version": 4, "addr": "10.100.0.3", "OS-EXT-IPS:type": "fixed"}, {"OS-EXT-IPS-MAC:mac_addr": "fa:16:3e:24:5b:72", "version": 6, "addr": "2003::f816:3eff:fe24:5b72", "OS-EXT-IPS:type": "fixed"}, {"OS-EXT-IPS-MAC:mac_addr": "fa:16:3e:24:5b:72", "version": 4, "addr": "172.24.4.4", "OS-EXT-IPS:type": "floating"}]}, "links": [{"href": "http://10.0.2.15:8774/v2.1/740ec2d9121a42d09f8f91102874f57a/servers/8cc139dd-99b1-453c-930c-1a4c3b575ea6", "rel": "self"}, {"href": "http://10.0.2.15:8774/740ec2d9121a42d09f8f91102874f57a/servers/8cc139dd-99b1-453c-930c-1a4c3b575ea6", "rel": "bookmark"}], "key_name": "tempest-TestGettingAddress-672142042", "image": {"id": "5357cc18-eb13-46f2-9a83-08fe72f61442", "links": [{"href": "http://10.0.2.15:8774/740ec2d9121a42d09f8f91102874f57a/images/5357cc18-eb13-46f2-9a83-08fe72f61442", "rel": "bookmark"}]}, "OS-EXT-STS:task_state": "deleting", "OS-EXT-STS:vm_state": "active", "OS-SRV-USG:launched_at": "2015-12-10T04:18:40.000000", "flavor": {"id": "42", "links": [{"href": "http://10.0.2.15:8774/740ec2d9121a42d09f8f91102874f57a/flavors/42", "rel": "bookmark"}]}, "id": "8cc139dd-99b1-453c-930c-1a4c3b575ea6", "security_groups": [{"name": "tempest-secgroup-smoke-352228262"}], "OS-SRV-USG:terminated_at": null, "OS-EXT-AZ:availability_zone": "nova", "user_id": "423bc3d7e2eb4422a252a8cb1b66dc74", "name": "tempest.common.compute-instance-1343134725", "created": "2015-12-10T04:18:36Z", "tenant_id": "740ec2d9121a42d09f8f91102874f57a", "OS-DCF:diskConfig": "MANUAL", "os-extended-volumes:volumes_attached": [], "accessIPv4": "", "accessIPv6": "", "progress": 0, "OS-EXT-STS:power_state": 1, "config_drive": "True", "metadata": {}}}
2015-12-10 04:22:16,155 24488 INFO     [tempest_lib.common.rest_client] Request (TestGettingAddress:_run_cleanups): 200 GET http://10.0.2.15:8774/v2.1/740ec2d9121a42d09f8f91102874f57a/servers/8cc139dd-99b1-453c-930c-1a4c3b575ea6 0.170s
2015-12-10 04:22:16,156 24488 DEBUG    [tempest_lib.common.rest_client] Request - Headers: {'Content-Type': 'application/json', 'Accept': 'application/json', 'X-Auth-Token': '&lt;omitted&gt;'}
        Body: None
    Response - Headers: {'status': '200', 'content-length': '1836', 'content-location': 'http://10.0.2.15:8774/v2.1/740ec2d9121a42d09f8f91102874f57a/servers/8cc139dd-99b1-453c-930c-1a4c3b575ea6', 'x-compute-request-id': 'req-d5dd4527-cdf1-49b7-9c10-53a1a7f5c248', 'vary': 'X-OpenStack-Nova-API-Version', 'connection': 'close', 'x-openstack-nova-api-version': '2.1', 'date': 'Thu, 10 Dec 2015 04:22:16 GMT', 'content-type': 'application/json'}
        Body: {"server": {"status": "ACTIVE", "updated": "2015-12-10T04:22:15Z", "hostId": "2efa5b0123dd26fcb1dc73c97b4ba6a3967626c705b333f98f25d3c3", "addresses": {"tempest-network-smoke--1878652233": [{"OS-EXT-IPS-MAC:mac_addr": "fa:16:3e:24:5b:72", "version": 4, "addr": "10.100.0.3", "OS-EXT-IPS:type": "fixed"}, {"OS-EXT-IPS-MAC:mac_addr": "fa:16:3e:24:5b:72", "version": 6, "addr": "2003::f816:3eff:fe24:5b72", "OS-EXT-IPS:type": "fixed"}, {"OS-EXT-IPS-MAC:mac_addr": "fa:16:3e:24:5b:72", "version": 4, "addr": "172.24.4.4", "OS-EXT-IPS:type": "floating"}]}, "links": [{"href": "http://10.0.2.15:8774/v2.1/740ec2d9121a42d09f8f91102874f57a/servers/8cc139dd-99b1-453c-930c-1a4c3b575ea6", "rel": "self"}, {"href": "http://10.0.2.15:8774/740ec2d9121a42d09f8f91102874f57a/servers/8cc139dd-99b1-453c-930c-1a4c3b575ea6", "rel": "bookmark"}], "key_name": "tempest-TestGettingAddress-672142042", "image": {"id": "5357cc18-eb13-46f2-9a83-08fe72f61442", "links": [{"href": "http://10.0.2.15:8774/740ec2d9121a42d09f8f91102874f57a/images/5357cc18-eb13-46f2-9a83-08fe72f61442", "rel": "bookmark"}]}, "OS-EXT-STS:task_state": "deleting", "OS-EXT-STS:vm_state": "active", "OS-SRV-USG:launched_at": "2015-12-10T04:18:40.000000", "flavor": {"id": "42", "links": [{"href": "http://10.0.2.15:8774/740ec2d9121a42d09f8f91102874f57a/flavors/42", "rel": "bookmark"}]}, "id": "8cc139dd-99b1-453c-930c-1a4c3b575ea6", "OS-SRV-USG:terminated_at": null, "OS-EXT-AZ:availability_zone": "nova", "user_id": "423bc3d7e2eb4422a252a8cb1b66dc74", "name": "tempest.common.compute-instance-1343134725", "created": "2015-12-10T04:18:36Z", "tenant_id": "740ec2d9121a42d09f8f91102874f57a", "OS-DCF:diskConfig": "MANUAL", "os-extended-volumes:volumes_attached": [], "accessIPv4": "", "accessIPv6": "", "progress": 0, "OS-EXT-STS:power_state": 1, "config_drive": "True", "metadata": {}}}
2015-12-10 04:22:17,253 24488 INFO     [tempest_lib.common.rest_client] Request (TestGettingAddress:_run_cleanups): 404 GET http://10.0.2.15:8774/v2.1/740ec2d9121a42d09f8f91102874f57a/servers/8cc139dd-99b1-453c-930c-1a4c3b575ea6 0.081s
2015-12-10 04:22:17,254 24488 DEBUG    [tempest_lib.common.rest_client] Request - Headers: {'Content-Type': 'application/json', 'Accept': 'application/json', 'X-Auth-Token': '&lt;omitted&gt;'}
        Body: None
    Response - Headers: {'status': '404', 'content-length': '111', 'x-compute-request-id': 'req-a6628d69-2eeb-4ce9-ae8d-6d96aa1a4e76', 'vary': 'X-OpenStack-Nova-API-Version', 'connection': 'close', 'x-openstack-nova-api-version': '2.1', 'date': 'Thu, 10 Dec 2015 04:22:17 GMT', 'content-type': 'application/json; charset=UTF-8'}
        Body: {"itemNotFound": {"message": "Instance 8cc139dd-99b1-453c-930c-1a4c3b575ea6 could not be found.", "code": 404}}
2015-12-10 04:22:17,721 24488 INFO     [tempest_lib.common.rest_client] Request (TestGettingAddress:_run_cleanups): 200 PUT http://10.0.2.15:9696/v2.0/routers/d64115c6-73f3-48a8-9602-ea974262eb5f/remove_router_interface 0.465s
2015-12-10 04:22:17,721 24488 DEBUG    [tempest_lib.common.rest_client] Request - Headers: {'Content-Type': 'application/json', 'Accept': 'application/json', 'X-Auth-Token': '&lt;omitted&gt;'}
        Body: {"subnet_id": "e7fcb1a0-2b3a-4daf-9b1e-bad1a6262aa9"}
    Response - Headers: {'status': '200', 'content-length': '255', 'connection': 'close', 'date': 'Thu, 10 Dec 2015 04:22:17 GMT', 'content-type': 'application/json; charset=UTF-8', 'x-openstack-request-id': 'req-6968f885-fb4f-446a-b611-28ddbdf5ab09'}
        Body: {"subnet_id": "e7fcb1a0-2b3a-4daf-9b1e-bad1a6262aa9", "tenant_id": "740ec2d9121a42d09f8f91102874f57a", "subnet_ids": ["e7fcb1a0-2b3a-4daf-9b1e-bad1a6262aa9"], "port_id": "d1f2d25e-b69b-4017-8cc7-f16760bf5ffc", "id": "d64115c6-73f3-48a8-9602-ea974262eb5f"}
2015-12-10 04:22:18,375 24488 INFO     [tempest_lib.common.rest_client] Request (TestGettingAddress:_run_cleanups): 204 DELETE http://10.0.2.15:9696/v2.0/subnets/e7fcb1a0-2b3a-4daf-9b1e-bad1a6262aa9 0.652s
2015-12-10 04:22:18,375 24488 DEBUG    [tempest_lib.common.rest_client] Request - Headers: {'Content-Type': 'application/json', 'Accept': 'application/json', 'X-Auth-Token': '&lt;omitted&gt;'}
        Body: None
    Response - Headers: {'date': 'Thu, 10 Dec 2015 04:22:18 GMT', 'status': '204', 'connection': 'close', 'content-length': '0', 'x-openstack-request-id': 'req-8fd90464-ca92-4650-a834-628666ca8f3f'}
        Body: 
2015-12-10 04:22:18,411 24488 INFO     [tempest_lib.common.rest_client] Request (TestGettingAddress:_run_cleanups): 404 DELETE http://10.0.2.15:9696/v2.0/subnets/e7fcb1a0-2b3a-4daf-9b1e-bad1a6262aa9 0.035s
2015-12-10 04:22:18,412 24488 DEBUG    [tempest_lib.common.rest_client] Request - Headers: {'Content-Type': 'application/json', 'Accept': 'application/json', 'X-Auth-Token': '&lt;omitted&gt;'}
        Body: None
    Response - Headers: {'status': '404', 'content-length': '136', 'connection': 'close', 'date': 'Thu, 10 Dec 2015 04:22:18 GMT', 'content-type': 'application/json; charset=UTF-8', 'x-openstack-request-id': 'req-139b5830-f590-4c7f-b854-0a89cfe47ed2'}
        Body: {"NeutronError": {"message": "Subnet e7fcb1a0-2b3a-4daf-9b1e-bad1a6262aa9 could not be found.", "type": "SubnetNotFound", "detail": ""}}
