<?xml version="1.0" encoding="UTF-8"?>
<!DOCTYPE html PUBLIC "-//W3C//DTD XHTML 1.0 Strict//EN"
     "http://www.w3.org/TR/xhtml1/DTD/xhtml1-strict.dtd">
<html xmlns="http://www.w3.org/1999/xhtml">
<head>
    <title>Unit Test Report</title>
    <meta name="generator" content="subunit2html 0.1"/>
    <meta http-equiv="Content-Type" content="text/html; charset=UTF-8"/>
    
<style type="text/css" media="screen">
body        { font-family: verdana, arial, helvetica, sans-serif;
    font-size: 80%; }
table       { font-size: 100%; width: 100%;}
pre         { font-size: 80%; }

/* -- heading -------------------------------------------------------------- */
h1 {
        font-size: 16pt;
        color: gray;
}
.heading {
    margin-top: 0ex;
    margin-bottom: 1ex;
}

.heading .attribute {
    margin-top: 1ex;
    margin-bottom: 0;
}

.heading .description {
    margin-top: 4ex;
    margin-bottom: 6ex;
}

/* -- css div popup -------------------------------------------------------- */
a.popup_link {
}

a.popup_link:hover {
    color: red;
}

.popup_window {
    display: none;
    overflow-x: scroll;
    /*border: solid #627173 1px; */
    padding: 10px;
    background-color: #E6E6D6;
    font-family: "Ubuntu Mono", "Lucida Console", "Courier New", monospace;
    text-align: left;
    font-size: 8pt;
}

}
/* -- report --------------------------------------------------------------- */
#show_detail_line {
    margin-top: 3ex;
    margin-bottom: 1ex;
}
#result_table {
    width: 100%;
    border-collapse: collapse;
    border: 1px solid #777;
}
#header_row {
    font-weight: bold;
    color: white;
    background-color: #777;
}
#result_table td {
    border: 1px solid #777;
    padding: 2px;
}
#total_row  { font-weight: bold; }
.passClass  { background-color: #6c6; }
.failClass  { background-color: #c60; }
.errorClass { background-color: #c00; }
.passCase   { color: #6c6; }
.failCase   { color: #c60; font-weight: bold; }
.errorCase  { color: #c00; font-weight: bold; }
.hiddenRow  { display: none; }
.testcase   { margin-left: 2em; }
td.testname {width: 40%}
td.small {width: 40px}

/* -- ending --------------------------------------------------------------- */
#ending {
}

</style>

</head>
<body>
<script language="javascript" type="text/javascript"><!--
output_list = Array();

/* level - 0:Summary; 1:Failed; 2:All */
function showCase(level) {
    trs = document.getElementsByTagName("tr");
    for (var i = 0; i < trs.length; i++) {
        tr = trs[i];
        id = tr.id;
        if (id.substr(0,2) == 'ft') {
            if (level < 1) {
                tr.className = 'hiddenRow';
            }
            else {
                tr.className = '';
            }
        }
        if (id.substr(0,2) == 'pt') {
            if (level > 1) {
                tr.className = '';
            }
            else {
                tr.className = 'hiddenRow';
            }
        }
    }
}


function showClassDetail(cid, count) {
    var id_list = Array(count);
    var toHide = 1;
    for (var i = 0; i < count; i++) {
        tid0 = 't' + cid.substr(1) + '.' + (i+1);
        tid = 'f' + tid0;
        tr = document.getElementById(tid);
        if (!tr) {
            tid = 'p' + tid0;
            tr = document.getElementById(tid);
        }
        id_list[i] = tid;
        if (tr.className) {
            toHide = 0;
        }
    }
    for (var i = 0; i < count; i++) {
        tid = id_list[i];
        if (toHide) {
            document.getElementById('div_'+tid).style.display = 'none'
            document.getElementById(tid).className = 'hiddenRow';
        }
        else {
            document.getElementById(tid).className = '';
        }
    }
}


function showTestDetail(div_id){
    var details_div = document.getElementById(div_id)
    var displayState = details_div.style.display
    // alert(displayState)
    if (displayState != 'block' ) {
        displayState = 'block'
        details_div.style.display = 'block'
    }
    else {
        details_div.style.display = 'none'
    }
}


function html_escape(s) {
    s = s.replace(/&/g,'&amp;');
    s = s.replace(/</g,'&lt;');
    s = s.replace(/>/g,'&gt;');
    return s;
}

/* obsoleted by detail in <div>
function showOutput(id, name) {
    var w = window.open("", //url
                    name,
                    "resizable,scrollbars,status,width=800,height=450");
    d = w.document;
    d.write("<pre>");
    d.write(html_escape(output_list[id]));
    d.write("\n");
    d.write("<a href='javascript:window.close()'>close</a>\n");
    d.write("</pre>\n");
    d.close();
}
*/
--></script>

<div class='heading'>
<h1>Unit Test Report</h1>

<p class='attribute'><strong>Status:</strong> Failure 8</p>

<p class='description'></p>
</div>



<p id='show_detail_line'>Show
<a href='javascript:showCase(0)'>Summary</a>
<a href='javascript:showCase(1)'>Failed</a>
<a href='javascript:showCase(2)'>All</a>
</p>
<table id='result_table'>
<colgroup>
<col align='left' />
<col align='right' />
<col align='right' />
<col align='right' />
<col align='right' />
<col align='right' />
<col align='right' />
<col align='right' />
</colgroup>
<tr id='header_row'>
    <td>Test Group/Test case</td>
    <td>Count</td>
    <td>Pass</td>
    <td>Fail</td>
    <td>Error</td>
    <td>Skip</td>
    <td>View</td>
    <td> </td>
</tr>

<tr class='failClass'>
    <td class="testname">tempest.scenario.test_network_v6.TestGettingAddress</td>
    <td class="small">8</td>
    <td class="small">0</td>
    <td class="small">8</td>
    <td class="small">0</td>
    <td class="small">0</td>
    <td class="small"><a href="javascript:showClassDetail('c1',8)"
>Detail</a></td>
    <td> </td>
</tr>

<tr id='ft1.1' class='none'>
    <td class='failCase'><div class='testcase'>test_dhcp6_stateless_from_os[compute,id-d7e1f858-187c-45a6-89c9-bdafde619a9f,network]</div></td>
    <td colspan='7' align='left'>

    <!--css div popup start-->
    <a class="popup_link" onfocus='this.blur();'
    href="javascript:showTestDetail('div_ft1.1')" >
        fail</a>

    <div id='div_ft1.1' class="popup_window">
        <div style='text-align: right; color:red;cursor:pointer'>
        <a onfocus='this.blur();'
onclick="document.getElementById('div_ft1.1').style.display = 'none' " >
           [x]</a>
        </div>
        <pre>
        
ft1.1: tempest.scenario.test_network_v6.TestGettingAddress.test_dhcp6_stateless_from_os[compute,id-d7e1f858-187c-45a6-89c9-bdafde619a9f,network]_StringException: Empty attachments:
  stderr
  stdout

pythonlogging:'': {{{
2015-12-03 22:18:33,029 20616 INFO     [tempest_lib.common.rest_client] Request (TestGettingAddress:setUp): 200 POST http://10.0.2.15:8774/v2.1/4c2d322b1e134f4c9caee5a3bc6655f2/os-keypairs 0.601s
2015-12-03 22:18:33,030 20616 DEBUG    [tempest_lib.common.rest_client] Request - Headers: {'Content-Type': 'application/json', 'Accept': 'application/json', 'X-Auth-Token': '&lt;omitted&gt;'}
        Body: {"keypair": {"name": "tempest-TestGettingAddress-1857228173"}}
    Response - Headers: {'status': '200', 'content-length': '2320', 'x-compute-request-id': 'req-f43d6b18-78b2-4f12-bdcc-582899e8d3f7', 'vary': 'X-OpenStack-Nova-API-Version', 'connection': 'close', 'x-openstack-nova-api-version': '2.1', 'date': 'Thu, 03 Dec 2015 22:18:33 GMT', 'content-type': 'application/json'}
        Body: {"keypair": {"public_key": "ssh-rsa AAAAB3NzaC1yc2EAAAADAQABAAABAQCvgXlvznHwk6Uaoejx6BIM9rGxFf1FWV6yLeHJ823Kb30OQQiLAprxnwmUPqZVecOfWoEZRxA+I5cxOhh/B/VzvEVpOvJgA+Nms9RyMFh8HiUkFMix38OYvN7OoLCgNv6IWEotZBD3bDUjmDUCtr2awveH/jZ3VvN5FO9h1JImw/U6XZFaJOOMCM9GPoI8I4SBjTFtkPwqLIGBttRtyNAIthM713b09+Vb1diZXM1R5UVMXHttTYD+VUDQ/VnWiiaBOREr/GrYUqVmqBZ2VglO4ZG+fblCmus1koNUQZkMf2xXVwZkrelGXSO3P+mVnE56mrhUjhL/7wMXUF/f+FMn Generated-by-Nova", "private_key": "-----BEGIN RSA PRIVATE KEY-----\nMIIEqAIBAAKCAQEAr4F5b85x8JOlGqHo8egSDPaxsRX9RVlesi3hyfNtym99DkEI\niwKa8Z8JlD6mVXnDn1qBGUcQPiOXMToYfwf1c7xFaTryYAPjZrPUcjBYfB4lJBTI\nsd/DmLzezqCwoDb+iFhKLWQQ92w1I5g1Ara9msL3h/42d1bzeRTvYdSSJsP1Ol2R\nWiTjjAjPRj6CPCOEgY0xbZD8KiyBgbbUbcjQCLYTO9d29PflW9XYmVzNUeVFTFx7\nbU2A/lVA0P1Z1oomgTkRK/xq2FKlZqgWdlYJTuGRvn25QprrNZKDVEGZDH9sV1cG\nZK3pRl0jtz/plZxOepq4VI4S/+8DF1Bf3/hTJwIDAQABAoIBACSR/hPmGKfgnA6o\nnjmJ+fjpjq0vv86riKfoF5xVNRNxl8VYl8cfi9m9IenaBB7beH/EBBKYVDIeiGqh\niGkv511uZag/uDF5nfDQl/wTRtzWCzcxfYBS+BbjhCnaIfPAgdk3TH2Y1FA6I/h+\nxs0B9xBAgAO+XOsRGzqnuhnQiYO6CFnDsFTbmr9CWfEkyPwhmhBlqgvno+UXY+CD\nWuYJNaa/AUlYm2uov44GQKQTC+1EkKFCWOtZghf9M35O+xvicaBQrt+VgADJQaNT\ndhjyQtsdL+k+Y3svIVKpg8D/OdP+T92haKS+gD6G0oglc205iFpbOv70cuOdxEaD\nbXBF0gECggCBALqg/1dp6Rnaa3JZj2Vr4QjZfkdLfJZMPf2fSpZXeeqqzoZQt5/Y\nB4nUCb+IVgojRR9csXUklU5aBy8AuRUlG/heq8sBzz/wJqHzQY1sAdEg9QTJMeLc\n1I//C0SeOO29uUkhzan3Al+lSmChmLf3p8KiOhQWRvl35zZwbB8/ElEhAoIAgQDw\nvgkA8HWvGGYmuDfYj0YdvMJiOvF1YAtw/W6T/okqWqr2MPmoisoOBMOTGVsLwxZd\nUPF4ThKtlviFYArNkAhlkolj2pwnVvoHHTjEfv/dWKo09G2kbYY7/ElWNZpjQux1\nK1CN9A9TGHesKIy7Y9LZKD6l2huS20B9iYC/bzJzRwKCAIAa7X/qLO3lPQ6jwShf\nieE+VaNSxiGDzhxjq8gnSRfeNCb4Wk0kUxdDW8TMTe+cJtqiW81/CXhBhdvjfEc4\nNdKDU6WV9PziTNRGKcMblKnucsLnneAEy7gfzrzhebLdGrLRSn9SNsGw6ziAGNDg\nOmuKOb4Hh+9Vr2c9A5uWJpOOAQKCAIBAJuPPVESH/EB8YOrA0q0kj4BdHMfrN0TV\nPzOQTGvQ1YhpQnPE7fcZ9TsIn+EbKUl0ZHV0UZm4mFpxcD5wuMkECCCEc2TZNtw5\nuRe/hPg5y77PjbMJ9gWnRntkdbRGbzcDoh89NKRAyGxbfBLEfL1bENZg69YdND/j\nNBkS6lbPUQKCAIEAqrMTLth/Xd2IkSV+HRB9NNM5VT3TBDsvbDKWWeDDhXKxc0b5\n3djwQlc+gYjY8OT7SSHMbMfUtj52Ra9EVkUcc6xf/ojf/1HQuIXXI3JlLH3ota7P\nKJ+fPHONLJoSQmXwCglP1dyIoK0m5gF3kfGOXptQu6ln1vIeMeNILGOHW/g=\n-----END RSA PRIVATE KEY-----\n", "user_id": "f7945f0baa844156b8fa0544de5efb8a", "name": "tempest-TestGettingAddress-1857228173", "fingerprint": "7c:66:77:52:16:93:18:79:f9:69:eb:6b:dd:6b:7b:a7"}}
2015-12-03 22:18:33,388 20616 INFO     [tempest_lib.common.rest_client] Request (TestGettingAddress:setUp): 201 POST http://10.0.2.15:9696/v2.0/security-groups 0.353s
2015-12-03 22:18:33,389 20616 DEBUG    [tempest_lib.common.rest_client] Request - Headers: {'Content-Type': 'application/json', 'Accept': 'application/json', 'X-Auth-Token': '&lt;omitted&gt;'}
        Body: {"security_group": {"tenant_id": "4c2d322b1e134f4c9caee5a3bc6655f2", "description": "tempest-secgroup-smoke-674163602 description", "name": "tempest-secgroup-smoke-674163602"}}
    Response - Headers: {'status': '201', 'content-length': '886', 'connection': 'close', 'date': 'Thu, 03 Dec 2015 22:18:33 GMT', 'content-type': 'application/json; charset=UTF-8', 'x-openstack-request-id': 'req-6ae6b0d3-fdd9-4f40-ac2c-acd6b36d6ac6'}
        Body: {"security_group": {"tenant_id": "4c2d322b1e134f4c9caee5a3bc6655f2", "description": "tempest-secgroup-smoke-674163602 description", "id": "108c31f0-4aee-4eb6-b57f-b598dc972863", "security_group_rules": [{"remote_group_id": null, "direction": "egress", "remote_ip_prefix": null, "protocol": null, "ethertype": "IPv4", "tenant_id": "4c2d322b1e134f4c9caee5a3bc6655f2", "port_range_max": null, "port_range_min": null, "id": "dd71a4b0-9553-4149-91c2-4abd2280fb9c", "security_group_id": "108c31f0-4aee-4eb6-b57f-b598dc972863"}, {"remote_group_id": null, "direction": "egress", "remote_ip_prefix": null, "protocol": null, "ethertype": "IPv6", "tenant_id": "4c2d322b1e134f4c9caee5a3bc6655f2", "port_range_max": null, "port_range_min": null, "id": "c291da3e-d9b9-4e45-922b-bd9518910792", "security_group_id": "108c31f0-4aee-4eb6-b57f-b598dc972863"}], "name": "tempest-secgroup-smoke-674163602"}}
2015-12-03 22:18:33,518 20616 INFO     [tempest_lib.common.rest_client] Request (TestGettingAddress:setUp): 201 POST http://10.0.2.15:9696/v2.0/security-group-rules 0.128s
2015-12-03 22:18:33,519 20616 DEBUG    [tempest_lib.common.rest_client] Request - Headers: {'Content-Type': 'application/json', 'Accept': 'application/json', 'X-Auth-Token': '&lt;omitted&gt;'}
        Body: {"security_group_rule": {"direction": "ingress", "protocol": "tcp", "tenant_id": "4c2d322b1e134f4c9caee5a3bc6655f2", "port_range_max": 22, "security_group_id": "108c31f0-4aee-4eb6-b57f-b598dc972863", "port_range_min": 22}}
    Response - Headers: {'status': '201', 'content-length': '340', 'connection': 'close', 'date': 'Thu, 03 Dec 2015 22:18:33 GMT', 'content-type': 'application/json; charset=UTF-8', 'x-openstack-request-id': 'req-c982b316-1d24-42f2-af42-4a42e8e4d492'}
        Body: {"security_group_rule": {"remote_group_id": null, "direction": "ingress", "remote_ip_prefix": null, "protocol": "tcp", "ethertype": "IPv4", "tenant_id": "4c2d322b1e134f4c9caee5a3bc6655f2", "port_range_max": 22, "port_range_min": 22, "id": "bd700766-8466-479d-b90c-0c742fae0537", "security_group_id": "108c31f0-4aee-4eb6-b57f-b598dc972863"}}
2015-12-03 22:18:33,651 20616 INFO     [tempest_lib.common.rest_client] Request (TestGettingAddress:setUp): 201 POST http://10.0.2.15:9696/v2.0/security-group-rules 0.131s
2015-12-03 22:18:33,652 20616 DEBUG    [tempest_lib.common.rest_client] Request - Headers: {'Content-Type': 'application/json', 'Accept': 'application/json', 'X-Auth-Token': '&lt;omitted&gt;'}
        Body: {"security_group_rule": {"direction": "egress", "protocol": "tcp", "tenant_id": "4c2d322b1e134f4c9caee5a3bc6655f2", "port_range_max": 22, "security_group_id": "108c31f0-4aee-4eb6-b57f-b598dc972863", "port_range_min": 22}}
    Response - Headers: {'status': '201', 'content-length': '339', 'connection': 'close', 'date': 'Thu, 03 Dec 2015 22:18:33 GMT', 'content-type': 'application/json; charset=UTF-8', 'x-openstack-request-id': 'req-83402698-6fe6-49fc-822d-481da5aee51f'}
        Body: {"security_group_rule": {"remote_group_id": null, "direction": "egress", "remote_ip_prefix": null, "protocol": "tcp", "ethertype": "IPv4", "tenant_id": "4c2d322b1e134f4c9caee5a3bc6655f2", "port_range_max": 22, "port_range_min": 22, "id": "91114305-4a0f-4f2e-a198-69d70669c0c9", "security_group_id": "108c31f0-4aee-4eb6-b57f-b598dc972863"}}
2015-12-03 22:18:33,783 20616 INFO     [tempest_lib.common.rest_client] Request (TestGettingAddress:setUp): 201 POST http://10.0.2.15:9696/v2.0/security-group-rules 0.129s
2015-12-03 22:18:33,783 20616 DEBUG    [tempest_lib.common.rest_client] Request - Headers: {'Content-Type': 'application/json', 'Accept': 'application/json', 'X-Auth-Token': '&lt;omitted&gt;'}
        Body: {"security_group_rule": {"tenant_id": "4c2d322b1e134f4c9caee5a3bc6655f2", "direction": "ingress", "protocol": "icmp", "security_group_id": "108c31f0-4aee-4eb6-b57f-b598dc972863"}}
    Response - Headers: {'status': '201', 'content-length': '345', 'connection': 'close', 'date': 'Thu, 03 Dec 2015 22:18:33 GMT', 'content-type': 'application/json; charset=UTF-8', 'x-openstack-request-id': 'req-02570560-1d01-498b-95ed-3bacd7ff58f6'}
        Body: {"security_group_rule": {"remote_group_id": null, "direction": "ingress", "remote_ip_prefix": null, "protocol": "icmp", "ethertype": "IPv4", "tenant_id": "4c2d322b1e134f4c9caee5a3bc6655f2", "port_range_max": null, "port_range_min": null, "id": "0db37415-5d7c-4510-be5b-772623b0dab5", "security_group_id": "108c31f0-4aee-4eb6-b57f-b598dc972863"}}
2015-12-03 22:18:33,919 20616 INFO     [tempest_lib.common.rest_client] Request (TestGettingAddress:setUp): 201 POST http://10.0.2.15:9696/v2.0/security-group-rules 0.134s
2015-12-03 22:18:33,919 20616 DEBUG    [tempest_lib.common.rest_client] Request - Headers: {'Content-Type': 'application/json', 'Accept': 'application/json', 'X-Auth-Token': '&lt;omitted&gt;'}
        Body: {"security_group_rule": {"tenant_id": "4c2d322b1e134f4c9caee5a3bc6655f2", "direction": "egress", "protocol": "icmp", "security_group_id": "108c31f0-4aee-4eb6-b57f-b598dc972863"}}
    Response - Headers: {'status': '201', 'content-length': '344', 'connection': 'close', 'date': 'Thu, 03 Dec 2015 22:18:33 GMT', 'content-type': 'application/json; charset=UTF-8', 'x-openstack-request-id': 'req-efebca08-301f-4799-bc81-e161bdae1861'}
        Body: {"security_group_rule": {"remote_group_id": null, "direction": "egress", "remote_ip_prefix": null, "protocol": "icmp", "ethertype": "IPv4", "tenant_id": "4c2d322b1e134f4c9caee5a3bc6655f2", "port_range_max": null, "port_range_min": null, "id": "1c01bf4f-161d-44d8-8c4b-b0b7fd509e15", "security_group_id": "108c31f0-4aee-4eb6-b57f-b598dc972863"}}
2015-12-03 22:18:34,036 20616 INFO     [tempest_lib.common.rest_client] Request (TestGettingAddress:setUp): 201 POST http://10.0.2.15:9696/v2.0/security-group-rules 0.115s
2015-12-03 22:18:34,036 20616 DEBUG    [tempest_lib.common.rest_client] Request - Headers: {'Content-Type': 'application/json', 'Accept': 'application/json', 'X-Auth-Token': '&lt;omitted&gt;'}
        Body: {"security_group_rule": {"tenant_id": "4c2d322b1e134f4c9caee5a3bc6655f2", "direction": "ingress", "security_group_id": "108c31f0-4aee-4eb6-b57f-b598dc972863", "protocol": "icmp", "ethertype": "IPv6"}}
    Response - Headers: {'status': '201', 'content-length': '345', 'connection': 'close', 'date': 'Thu, 03 Dec 2015 22:18:34 GMT', 'content-type': 'application/json; charset=UTF-8', 'x-openstack-request-id': 'req-7e42c377-c21c-4680-84bf-19878c2516c7'}
        Body: {"security_group_rule": {"remote_group_id": null, "direction": "ingress", "remote_ip_prefix": null, "protocol": "icmp", "ethertype": "IPv6", "tenant_id": "4c2d322b1e134f4c9caee5a3bc6655f2", "port_range_max": null, "port_range_min": null, "id": "1c118001-f582-4d37-b1d7-24851993bf40", "security_group_id": "108c31f0-4aee-4eb6-b57f-b598dc972863"}}
2015-12-03 22:18:34,156 20616 INFO     [tempest_lib.common.rest_client] Request (TestGettingAddress:setUp): 201 POST http://10.0.2.15:9696/v2.0/security-group-rules 0.119s
2015-12-03 22:18:34,158 20616 DEBUG    [tempest_lib.common.rest_client] Request - Headers: {'Content-Type': 'application/json', 'Accept': 'application/json', 'X-Auth-Token': '&lt;omitted&gt;'}
        Body: {"security_group_rule": {"tenant_id": "4c2d322b1e134f4c9caee5a3bc6655f2", "direction": "egress", "security_group_id": "108c31f0-4aee-4eb6-b57f-b598dc972863", "protocol": "icmp", "ethertype": "IPv6"}}
    Response - Headers: {'status': '201', 'content-length': '344', 'connection': 'close', 'date': 'Thu, 03 Dec 2015 22:18:34 GMT', 'content-type': 'application/json; charset=UTF-8', 'x-openstack-request-id': 'req-38129fb9-ebf1-4f12-a599-1f293d63a22e'}
        Body: {"security_group_rule": {"remote_group_id": null, "direction": "egress", "remote_ip_prefix": null, "protocol": "icmp", "ethertype": "IPv6", "tenant_id": "4c2d322b1e134f4c9caee5a3bc6655f2", "port_range_max": null, "port_range_min": null, "id": "cf60c3ab-9649-455a-aafe-bfdbaf1f2d92", "security_group_id": "108c31f0-4aee-4eb6-b57f-b598dc972863"}}
2015-12-03 22:18:34,475 20616 INFO     [tempest_lib.common.rest_client] Request (TestGettingAddress:test_dhcp6_stateless_from_os): 201 POST http://10.0.2.15:9696/v2.0/networks 0.314s
2015-12-03 22:18:34,475 20616 DEBUG    [tempest_lib.common.rest_client] Request - Headers: {'Content-Type': 'application/json', 'Accept': 'application/json', 'X-Auth-Token': '&lt;omitted&gt;'}
        Body: {"network": {"tenant_id": "4c2d322b1e134f4c9caee5a3bc6655f2", "name": "tempest-network-smoke--1724869172"}}
    Response - Headers: {'status': '201', 'content-length': '329', 'connection': 'close', 'date': 'Thu, 03 Dec 2015 22:18:34 GMT', 'content-type': 'application/json; charset=UTF-8', 'x-openstack-request-id': 'req-d7b8ca22-fe0b-44e0-b048-62dc872456b8'}
        Body: {"network": {"status": "ACTIVE", "subnets": [], "availability_zone_hints": "[]", "name": "tempest-network-smoke--1724869172", "admin_state_up": true, "tenant_id": "4c2d322b1e134f4c9caee5a3bc6655f2", "mtu": 0, "router:external": false, "shared": false, "port_security_enabled": true, "id": "7f172e3b-73f5-4e14-a078-fbf7965eb53b"}}
2015-12-03 22:18:34,735 20616 INFO     [tempest_lib.common.rest_client] Request (TestGettingAddress:test_dhcp6_stateless_from_os): 200 GET http://10.0.2.15:9696/v2.0/subnets?tenant_id=4c2d322b1e134f4c9caee5a3bc6655f2&amp;cidr=10.100.0.0%2F28 0.258s
2015-12-03 22:18:34,736 20616 DEBUG    [tempest_lib.common.rest_client] Request - Headers: {'Content-Type': 'application/json', 'Accept': 'application/json', 'X-Auth-Token': '&lt;omitted&gt;'}
        Body: None
    Response - Headers: {'status': '200', 'content-length': '15', 'content-location': 'http://10.0.2.15:9696/v2.0/subnets?tenant_id=4c2d322b1e134f4c9caee5a3bc6655f2&amp;cidr=10.100.0.0%2F28', 'connection': 'close', 'date': 'Thu, 03 Dec 2015 22:18:34 GMT', 'content-type': 'application/json; charset=UTF-8', 'x-openstack-request-id': 'req-7c330a74-ecaa-4c23-a270-6a8e4c3f623f'}
        Body: {"subnets": []}
2015-12-03 22:18:35,095 20616 INFO     [tempest_lib.common.rest_client] Request (TestGettingAddress:test_dhcp6_stateless_from_os): 201 POST http://10.0.2.15:9696/v2.0/subnets 0.358s
2015-12-03 22:18:35,096 20616 DEBUG    [tempest_lib.common.rest_client] Request - Headers: {'Content-Type': 'application/json', 'Accept': 'application/json', 'X-Auth-Token': '&lt;omitted&gt;'}
        Body: {"subnet": {"ip_version": 4, "tenant_id": "4c2d322b1e134f4c9caee5a3bc6655f2", "cidr": "10.100.0.0/28", "network_id": "7f172e3b-73f5-4e14-a078-fbf7965eb53b", "name": "tempest-sub4-1981874814"}}
    Response - Headers: {'status': '201', 'content-length': '470', 'connection': 'close', 'date': 'Thu, 03 Dec 2015 22:18:35 GMT', 'content-type': 'application/json; charset=UTF-8', 'x-openstack-request-id': 'req-ba1bb851-0b1d-4be5-91f9-d7694815c261'}
        Body: {"subnet": {"name": "tempest-sub4-1981874814", "enable_dhcp": true, "network_id": "7f172e3b-73f5-4e14-a078-fbf7965eb53b", "tenant_id": "4c2d322b1e134f4c9caee5a3bc6655f2", "dns_nameservers": [], "gateway_ip": "10.100.0.1", "ipv6_ra_mode": null, "allocation_pools": [{"start": "10.100.0.2", "end": "10.100.0.14"}], "host_routes": [], "ip_version": 4, "ipv6_address_mode": null, "cidr": "10.100.0.0/28", "id": "e00b8273-cb58-401d-8a67-0a14651dda41", "subnetpool_id": null}}
2015-12-03 22:18:35,164 20616 INFO     [tempest_lib.common.rest_client] Request (TestGettingAddress:test_dhcp6_stateless_from_os): 201 POST http://10.0.2.15:9696/v2.0/routers 0.067s
2015-12-03 22:18:35,164 20616 DEBUG    [tempest_lib.common.rest_client] Request - Headers: {'Content-Type': 'application/json', 'Accept': 'application/json', 'X-Auth-Token': '&lt;omitted&gt;'}
        Body: {"router": {"tenant_id": "4c2d322b1e134f4c9caee5a3bc6655f2", "name": "tempest-router-smoke-1776775659", "admin_state_up": true}}
    Response - Headers: {'status': '201', 'content-length': '239', 'connection': 'close', 'date': 'Thu, 03 Dec 2015 22:18:35 GMT', 'content-type': 'application/json; charset=UTF-8', 'x-openstack-request-id': 'req-cd02894a-eb64-4717-978c-40808e8d798c'}
        Body: {"router": {"status": "ACTIVE", "external_gateway_info": null, "name": "tempest-router-smoke-1776775659", "admin_state_up": true, "tenant_id": "4c2d322b1e134f4c9caee5a3bc6655f2", "routes": [], "id": "8545b3b5-d6cb-4891-8cd3-8efb4bdb28d3"}}
2015-12-03 22:18:35,207 20616 INFO     [tempest_lib.common.rest_client] Request (TestGettingAddress:test_dhcp6_stateless_from_os): 200 GET http://10.0.2.15:9696/v2.0/routers/8545b3b5-d6cb-4891-8cd3-8efb4bdb28d3 0.042s
2015-12-03 22:18:35,208 20616 DEBUG    [tempest_lib.common.rest_client] Request - Headers: {'Content-Type': 'application/json', 'Accept': 'application/json', 'X-Auth-Token': '&lt;omitted&gt;'}
        Body: None
    Response - Headers: {'status': '200', 'content-length': '239', 'content-location': 'http://10.0.2.15:9696/v2.0/routers/8545b3b5-d6cb-4891-8cd3-8efb4bdb28d3', 'connection': 'close', 'date': 'Thu, 03 Dec 2015 22:18:35 GMT', 'content-type': 'application/json; charset=UTF-8', 'x-openstack-request-id': 'req-4d5fbc2e-a872-4461-b844-f332d63015d8'}
        Body: {"router": {"status": "ACTIVE", "external_gateway_info": null, "name": "tempest-router-smoke-1776775659", "admin_state_up": true, "tenant_id": "4c2d322b1e134f4c9caee5a3bc6655f2", "routes": [], "id": "8545b3b5-d6cb-4891-8cd3-8efb4bdb28d3"}}
2015-12-03 22:18:35,836 20616 INFO     [tempest_lib.common.rest_client] Request (TestGettingAddress:test_dhcp6_stateless_from_os): 200 PUT http://10.0.2.15:9696/v2.0/routers/8545b3b5-d6cb-4891-8cd3-8efb4bdb28d3 0.627s
2015-12-03 22:18:35,836 20616 DEBUG    [tempest_lib.common.rest_client] Request - Headers: {'Content-Type': 'application/json', 'Accept': 'application/json', 'X-Auth-Token': '&lt;omitted&gt;'}
        Body: {"router": {"external_gateway_info": {"network_id": "690f3c68-671b-41b9-8fc5-82d3335b5b7c"}, "name": "tempest-router-smoke-1776775659", "admin_state_up": true}}
    Response - Headers: {'status': '200', 'content-length': '501', 'connection': 'close', 'date': 'Thu, 03 Dec 2015 22:18:35 GMT', 'content-type': 'application/json; charset=UTF-8', 'x-openstack-request-id': 'req-5b1acb56-ed82-4cec-b136-2babf3f3f272'}
        Body: {"router": {"status": "ACTIVE", "external_gateway_info": {"network_id": "690f3c68-671b-41b9-8fc5-82d3335b5b7c", "enable_snat": true, "external_fixed_ips": [{"subnet_id": "6d2da98f-942a-4aa6-8add-0d792f12295d", "ip_address": "172.24.4.3"}, {"subnet_id": "2c8687af-5b5e-485b-b356-66a148ac2beb", "ip_address": "2001:db8::4"}]}, "name": "tempest-router-smoke-1776775659", "admin_state_up": true, "tenant_id": "4c2d322b1e134f4c9caee5a3bc6655f2", "routes": [], "id": "8545b3b5-d6cb-4891-8cd3-8efb4bdb28d3"}}
2015-12-03 22:18:36,405 20616 INFO     [tempest_lib.common.rest_client] Request (TestGettingAddress:test_dhcp6_stateless_from_os): 200 PUT http://10.0.2.15:9696/v2.0/routers/8545b3b5-d6cb-4891-8cd3-8efb4bdb28d3/add_router_interface 0.567s
2015-12-03 22:18:36,406 20616 DEBUG    [tempest_lib.common.rest_client] Request - Headers: {'Content-Type': 'application/json', 'Accept': 'application/json', 'X-Auth-Token': '&lt;omitted&gt;'}
        Body: {"subnet_id": "e00b8273-cb58-401d-8a67-0a14651dda41"}
    Response - Headers: {'status': '200', 'content-length': '255', 'connection': 'close', 'date': 'Thu, 03 Dec 2015 22:18:36 GMT', 'content-type': 'application/json; charset=UTF-8', 'x-openstack-request-id': 'req-98fe011d-e49c-4274-b60e-dc4d03339ccd'}
        Body: {"subnet_id": "e00b8273-cb58-401d-8a67-0a14651dda41", "tenant_id": "4c2d322b1e134f4c9caee5a3bc6655f2", "subnet_ids": ["e00b8273-cb58-401d-8a67-0a14651dda41"], "port_id": "d8a7e8d8-cf5b-421d-98ac-59e5cee0c027", "id": "8545b3b5-d6cb-4891-8cd3-8efb4bdb28d3"}
2015-12-03 22:18:36,448 20616 INFO     [tempest_lib.common.rest_client] Request (TestGettingAddress:test_dhcp6_stateless_from_os): 200 GET http://10.0.2.15:9696/v2.0/subnets?tenant_id=4c2d322b1e134f4c9caee5a3bc6655f2&amp;cidr=2003%3A%3A%2F64 0.040s
2015-12-03 22:18:36,448 20616 DEBUG    [tempest_lib.common.rest_client] Request - Headers: {'Content-Type': 'application/json', 'Accept': 'application/json', 'X-Auth-Token': '&lt;omitted&gt;'}
        Body: None
    Response - Headers: {'status': '200', 'content-length': '15', 'content-location': 'http://10.0.2.15:9696/v2.0/subnets?tenant_id=4c2d322b1e134f4c9caee5a3bc6655f2&amp;cidr=2003%3A%3A%2F64', 'connection': 'close', 'date': 'Thu, 03 Dec 2015 22:18:36 GMT', 'content-type': 'application/json; charset=UTF-8', 'x-openstack-request-id': 'req-696c480d-a7b0-4b0d-93f4-6790586bd5f2'}
        Body: {"subnets": []}
2015-12-03 22:18:36,786 20616 INFO     [tempest_lib.common.rest_client] Request (TestGettingAddress:test_dhcp6_stateless_from_os): 201 POST http://10.0.2.15:9696/v2.0/subnets 0.337s
2015-12-03 22:18:36,787 20616 DEBUG    [tempest_lib.common.rest_client] Request - Headers: {'Content-Type': 'application/json', 'Accept': 'application/json', 'X-Auth-Token': '&lt;omitted&gt;'}
        Body: {"subnet": {"name": "tempest-sub6-1277679965", "network_id": "7f172e3b-73f5-4e14-a078-fbf7965eb53b", "tenant_id": "4c2d322b1e134f4c9caee5a3bc6655f2", "ipv6_ra_mode": "dhcpv6-stateless", "ip_version": 6, "ipv6_address_mode": "dhcpv6-stateless", "cidr": "2003::/64"}}
    Response - Headers: {'status': '201', 'content-length': '502', 'connection': 'close', 'date': 'Thu, 03 Dec 2015 22:18:36 GMT', 'content-type': 'application/json; charset=UTF-8', 'x-openstack-request-id': 'req-8fc1d303-d073-488e-9b89-d7071f8d8a03'}
        Body: {"subnet": {"name": "tempest-sub6-1277679965", "enable_dhcp": true, "network_id": "7f172e3b-73f5-4e14-a078-fbf7965eb53b", "tenant_id": "4c2d322b1e134f4c9caee5a3bc6655f2", "dns_nameservers": [], "gateway_ip": "2003::1", "ipv6_ra_mode": "dhcpv6-stateless", "allocation_pools": [{"start": "2003::2", "end": "2003::ffff:ffff:ffff:ffff"}], "host_routes": [], "ip_version": 6, "ipv6_address_mode": "dhcpv6-stateless", "cidr": "2003::/64", "id": "ad62f594-1569-4f58-bd6b-4cb56dfb48c0", "subnetpool_id": null}}
2015-12-03 22:18:37,495 20616 INFO     [tempest_lib.common.rest_client] Request (TestGettingAddress:test_dhcp6_stateless_from_os): 200 PUT http://10.0.2.15:9696/v2.0/routers/8545b3b5-d6cb-4891-8cd3-8efb4bdb28d3/add_router_interface 0.707s
2015-12-03 22:18:37,496 20616 DEBUG    [tempest_lib.common.rest_client] Request - Headers: {'Content-Type': 'application/json', 'Accept': 'application/json', 'X-Auth-Token': '&lt;omitted&gt;'}
        Body: {"subnet_id": "ad62f594-1569-4f58-bd6b-4cb56dfb48c0"}
    Response - Headers: {'status': '200', 'content-length': '255', 'connection': 'close', 'date': 'Thu, 03 Dec 2015 22:18:37 GMT', 'content-type': 'application/json; charset=UTF-8', 'x-openstack-request-id': 'req-37004f34-a69b-4269-9670-223e11b732b5'}
        Body: {"subnet_id": "ad62f594-1569-4f58-bd6b-4cb56dfb48c0", "tenant_id": "4c2d322b1e134f4c9caee5a3bc6655f2", "subnet_ids": ["ad62f594-1569-4f58-bd6b-4cb56dfb48c0"], "port_id": "4ed95d94-ca69-402b-8d3e-192d554883ab", "id": "8545b3b5-d6cb-4891-8cd3-8efb4bdb28d3"}
2015-12-03 22:18:37,610 20616 INFO     [tempest_lib.common.rest_client] Request (TestGettingAddress:test_dhcp6_stateless_from_os): 200 POST http://10.0.2.15:5000/v2.0/tokens
2015-12-03 22:18:37,611 20616 DEBUG    [tempest_lib.common.rest_client] Request - Headers: {'Content-Type': 'application/json', 'Accept': 'application/json'}
        Body: &lt;omitted&gt;
    Response - Headers: {'status': '200', 'content-length': '2524', 'vary': 'X-Auth-Token', 'server': 'Apache/2.4.7 (Ubuntu)', 'connection': 'close', 'date': 'Thu, 03 Dec 2015 22:18:37 GMT', 'content-type': 'application/json', 'x-openstack-request-id': 'req-eb1be70c-178a-4269-92bd-ac3f093a34e2'}
        Body: {"access": {"token": {"issued_at": "2015-12-03T22:18:37.597621", "expires": "2015-12-03T23:18:37Z", "id": "8eabedecf6764cf7bdddcea7e6be78ad", "tenant": {"description": "tempest-TestGettingAddress-852479073-desc", "enabled": true, "id": "4c2d322b1e134f4c9caee5a3bc6655f2", "name": "tempest-TestGettingAddress-852479073"}, "audit_ids": ["tJf4vYYDRhyH9AbfHUj1hQ"]}, "serviceCatalog": [{"endpoints": [{"adminURL": "http://10.0.2.15:8774/v2.1/4c2d322b1e134f4c9caee5a3bc6655f2", "region": "RegionOne", "internalURL": "http://10.0.2.15:8774/v2.1/4c2d322b1e134f4c9caee5a3bc6655f2", "id": "88c3388c7ca743faa6a45c4264fcd397", "publicURL": "http://10.0.2.15:8774/v2.1/4c2d322b1e134f4c9caee5a3bc6655f2"}], "endpoints_links": [], "type": "compute", "name": "nova"}, {"endpoints": [{"adminURL": "http://10.0.2.15:9696/", "region": "RegionOne", "internalURL": "http://10.0.2.15:9696/", "id": "17ca3a311d8e4e0a869ace218c0f343b", "publicURL": "http://10.0.2.15:9696/"}], "endpoints_links": [], "type": "network", "name": "neutron"}, {"endpoints": [{"adminURL": "http://10.0.2.15:9292", "region": "RegionOne", "internalURL": "http://10.0.2.15:9292", "id": "054dc62136ac4a6fbf132cdbb7bb5633", "publicURL": "http://10.0.2.15:9292"}], "endpoints_links": [], "type": "image", "name": "glance"}, {"endpoints": [{"adminURL": "http://10.0.2.15:8774/v2/4c2d322b1e134f4c9caee5a3bc6655f2", "region": "RegionOne", "internalURL": "http://10.0.2.15:8774/v2/4c2d322b1e134f4c9caee5a3bc6655f2", "id": "5dc86a8a25c243578c6faca06aade037", "publicURL": "http://10.0.2.15:8774/v2/4c2d322b1e134f4c9caee5a3bc6655f2"}], "endpoints_links": [], "type": "compute_legacy", "name": "nova_legacy"}, {"endpoints": [{"adminURL": "http://10.0.2.15:8773/", "region": "RegionOne", "internalURL": "http://10.0.2.15:8773/", "id": "6c3acd656adf413eb3f76da2e8814224", "publicURL": "http://10.0.2.15:8773/"}], "endpoints_links": [], "type": "ec2", "name": "ec2"}, {"endpoints": [{"adminURL": "http://10.0.2.15:35357/v2.0", "region": "RegionOne", "internalURL": "http://10.0.2.15:5000/v2.0", "id": "0b621df0dfe949eeb5cafd2785148d78", "publicURL": "http://10.0.2.15:5000/v2.0"}], "endpoints_links": [], "type": "identity", "name": "keystone"}], "user": {"username": "tempest-TestGettingAddress-1514912965", "roles_links": [], "id": "f7945f0baa844156b8fa0544de5efb8a", "roles": [{"name": "_member_"}, {"name": "Member"}], "name": "tempest-TestGettingAddress-1514912965"}, "metadata": {"is_admin": 0, "roles": ["9fe2ff9ee4384b1894a90878d3e92bab", "6393532c812c430d84518121a00f441c"]}}}
2015-12-03 22:18:37,618 20616 DEBUG    [tempest.common.fixed_network] (TestGettingAddress:test_dhcp6_stateless_from_os) No valid network provided or created, defaulting to fixed_network_name
2015-12-03 22:18:37,961 20616 INFO     [tempest_lib.common.rest_client] Request (TestGettingAddress:test_dhcp6_stateless_from_os): 200 GET http://10.0.2.15:8774/v2.1/4c2d322b1e134f4c9caee5a3bc6655f2/os-networks 0.343s
2015-12-03 22:18:37,962 20616 DEBUG    [tempest_lib.common.rest_client] Request - Headers: {'Content-Type': 'application/json', 'Accept': 'application/json', 'X-Auth-Token': '&lt;omitted&gt;'}
        Body: None
    Response - Headers: {'status': '200', 'content-length': '479', 'content-location': 'http://10.0.2.15:8774/v2.1/4c2d322b1e134f4c9caee5a3bc6655f2/os-networks', 'x-compute-request-id': 'req-0b30de48-3b6c-4dba-8c16-23661a5726e0', 'vary': 'X-OpenStack-Nova-API-Version', 'connection': 'close', 'x-openstack-nova-api-version': '2.1', 'date': 'Thu, 03 Dec 2015 22:18:37 GMT', 'content-type': 'application/json'}
        Body: {"networks": [{"cidr_v6": null, "dns2": null, "dns1": null, "gateway": null, "broadcast": null, "netmask": null, "gateway_v6": null, "cidr": null, "label": "tempest-network-smoke--1724869172", "id": "7f172e3b-73f5-4e14-a078-fbf7965eb53b", "netmask_v6": null}, {"cidr_v6": null, "dns2": null, "dns1": null, "gateway": null, "broadcast": null, "netmask": null, "gateway_v6": null, "cidr": null, "label": "public", "id": "690f3c68-671b-41b9-8fc5-82d3335b5b7c", "netmask_v6": null}]}
2015-12-03 22:18:37,962 20616 WARNING  [tempest.common.fixed_network] (TestGettingAddress:test_dhcp6_stateless_from_os) Network with name: private not found
2015-12-03 22:18:37,962 20616 INFO     [tempest.common.fixed_network] (TestGettingAddress:test_dhcp6_stateless_from_os) Found network {} available for tenant
2015-12-03 22:18:39,293 20616 INFO     [tempest_lib.common.rest_client] Request (TestGettingAddress:test_dhcp6_stateless_from_os): 202 POST http://10.0.2.15:8774/v2.1/4c2d322b1e134f4c9caee5a3bc6655f2/servers 1.329s
2015-12-03 22:18:39,294 20616 DEBUG    [tempest_lib.common.rest_client] Request - Headers: {'Content-Type': 'application/json', 'Accept': 'application/json', 'X-Auth-Token': '&lt;omitted&gt;'}
        Body: {"server": {"name": "tempest.common.compute-instance-1205538060", "imageRef": "9453316d-716c-4705-9f12-d54adb66c722", "key_name": "tempest-TestGettingAddress-1857228173", "flavorRef": "42", "networks": [{"uuid": "7f172e3b-73f5-4e14-a078-fbf7965eb53b"}], "security_groups": [{"name": "tempest-secgroup-smoke-674163602"}]}}
    Response - Headers: {'status': '202', 'content-length': '461', 'x-compute-request-id': 'req-da33040f-fd5e-4332-8334-fa9b5e3c4dc5', 'vary': 'X-OpenStack-Nova-API-Version', 'connection': 'close', 'location': 'http://10.0.2.15:8774/v2.1/4c2d322b1e134f4c9caee5a3bc6655f2/servers/7252b437-9f3b-477a-a7c1-981ff39ef3ba', 'x-openstack-nova-api-version': '2.1', 'date': 'Thu, 03 Dec 2015 22:18:39 GMT', 'content-type': 'application/json'}
        Body: {"server": {"security_groups": [{"name": "tempest-secgroup-smoke-674163602"}], "OS-DCF:diskConfig": "MANUAL", "id": "7252b437-9f3b-477a-a7c1-981ff39ef3ba", "links": [{"href": "http://10.0.2.15:8774/v2.1/4c2d322b1e134f4c9caee5a3bc6655f2/servers/7252b437-9f3b-477a-a7c1-981ff39ef3ba", "rel": "self"}, {"href": "http://10.0.2.15:8774/4c2d322b1e134f4c9caee5a3bc6655f2/servers/7252b437-9f3b-477a-a7c1-981ff39ef3ba", "rel": "bookmark"}], "adminPass": "oUDh2Z4nh6YA"}}
2015-12-03 22:18:39,565 20616 INFO     [tempest_lib.common.rest_client] Request (TestGettingAddress:test_dhcp6_stateless_from_os): 200 GET http://10.0.2.15:8774/v2.1/4c2d322b1e134f4c9caee5a3bc6655f2/servers/7252b437-9f3b-477a-a7c1-981ff39ef3ba 0.267s
2015-12-03 22:18:39,565 20616 DEBUG    [tempest_lib.common.rest_client] Request - Headers: {'Content-Type': 'application/json', 'Accept': 'application/json', 'X-Auth-Token': '&lt;omitted&gt;'}
        Body: None
    Response - Headers: {'status': '200', 'content-length': '1355', 'content-location': 'http://10.0.2.15:8774/v2.1/4c2d322b1e134f4c9caee5a3bc6655f2/servers/7252b437-9f3b-477a-a7c1-981ff39ef3ba', 'x-compute-request-id': 'req-71cc9d57-7334-4aa8-b397-602813ef17aa', 'vary': 'X-OpenStack-Nova-API-Version', 'connection': 'close', 'x-openstack-nova-api-version': '2.1', 'date': 'Thu, 03 Dec 2015 22:18:39 GMT', 'content-type': 'application/json'}
        Body: {"server": {"status": "BUILD", "updated": "2015-12-03T22:18:39Z", "hostId": "", "addresses": {}, "links": [{"href": "http://10.0.2.15:8774/v2.1/4c2d322b1e134f4c9caee5a3bc6655f2/servers/7252b437-9f3b-477a-a7c1-981ff39ef3ba", "rel": "self"}, {"href": "http://10.0.2.15:8774/4c2d322b1e134f4c9caee5a3bc6655f2/servers/7252b437-9f3b-477a-a7c1-981ff39ef3ba", "rel": "bookmark"}], "key_name": "tempest-TestGettingAddress-1857228173", "image": {"id": "9453316d-716c-4705-9f12-d54adb66c722", "links": [{"href": "http://10.0.2.15:8774/4c2d322b1e134f4c9caee5a3bc6655f2/images/9453316d-716c-4705-9f12-d54adb66c722", "rel": "bookmark"}]}, "OS-EXT-STS:task_state": "scheduling", "OS-EXT-STS:vm_state": "building", "OS-SRV-USG:launched_at": null, "flavor": {"id": "42", "links": [{"href": "http://10.0.2.15:8774/4c2d322b1e134f4c9caee5a3bc6655f2/flavors/42", "rel": "bookmark"}]}, "id": "7252b437-9f3b-477a-a7c1-981ff39ef3ba", "OS-SRV-USG:terminated_at": null, "OS-EXT-AZ:availability_zone": "", "user_id": "f7945f0baa844156b8fa0544de5efb8a", "name": "tempest.common.compute-instance-1205538060", "created": "2015-12-03T22:18:39Z", "tenant_id": "4c2d322b1e134f4c9caee5a3bc6655f2", "OS-DCF:diskConfig": "MANUAL", "os-extended-volumes:volumes_attached": [], "accessIPv4": "", "accessIPv6": "", "progress": 0, "OS-EXT-STS:power_state": 0, "config_drive": "", "metadata": {}}}
2015-12-03 22:18:40,728 20616 INFO     [tempest_lib.common.rest_client] Request (TestGettingAddress:test_dhcp6_stateless_from_os): 200 GET http://10.0.2.15:8774/v2.1/4c2d322b1e134f4c9caee5a3bc6655f2/servers/7252b437-9f3b-477a-a7c1-981ff39ef3ba 0.149s
2015-12-03 22:18:40,728 20616 DEBUG    [tempest_lib.common.rest_client] Request - Headers: {'Content-Type': 'application/json', 'Accept': 'application/json', 'X-Auth-Token': '&lt;omitted&gt;'}
        Body: None
    Response - Headers: {'status': '200', 'content-length': '1413', 'content-location': 'http://10.0.2.15:8774/v2.1/4c2d322b1e134f4c9caee5a3bc6655f2/servers/7252b437-9f3b-477a-a7c1-981ff39ef3ba', 'x-compute-request-id': 'req-1378e8d3-3564-4d56-9cc7-be198d0fc66d', 'vary': 'X-OpenStack-Nova-API-Version', 'connection': 'close', 'x-openstack-nova-api-version': '2.1', 'date': 'Thu, 03 Dec 2015 22:18:40 GMT', 'content-type': 'application/json'}
        Body: {"server": {"status": "BUILD", "updated": "2015-12-03T22:18:40Z", "hostId": "2a4e07921b3dd6fe759c34543e55997cab76f88ef3669cc053ba541d", "addresses": {}, "links": [{"href": "http://10.0.2.15:8774/v2.1/4c2d322b1e134f4c9caee5a3bc6655f2/servers/7252b437-9f3b-477a-a7c1-981ff39ef3ba", "rel": "self"}, {"href": "http://10.0.2.15:8774/4c2d322b1e134f4c9caee5a3bc6655f2/servers/7252b437-9f3b-477a-a7c1-981ff39ef3ba", "rel": "bookmark"}], "key_name": "tempest-TestGettingAddress-1857228173", "image": {"id": "9453316d-716c-4705-9f12-d54adb66c722", "links": [{"href": "http://10.0.2.15:8774/4c2d322b1e134f4c9caee5a3bc6655f2/images/9453316d-716c-4705-9f12-d54adb66c722", "rel": "bookmark"}]}, "OS-EXT-STS:task_state": "spawning", "OS-EXT-STS:vm_state": "building", "OS-SRV-USG:launched_at": null, "flavor": {"id": "42", "links": [{"href": "http://10.0.2.15:8774/4c2d322b1e134f4c9caee5a3bc6655f2/flavors/42", "rel": "bookmark"}]}, "id": "7252b437-9f3b-477a-a7c1-981ff39ef3ba", "OS-SRV-USG:terminated_at": null, "OS-EXT-AZ:availability_zone": "nova", "user_id": "f7945f0baa844156b8fa0544de5efb8a", "name": "tempest.common.compute-instance-1205538060", "created": "2015-12-03T22:18:39Z", "tenant_id": "4c2d322b1e134f4c9caee5a3bc6655f2", "OS-DCF:diskConfig": "MANUAL", "os-extended-volumes:volumes_attached": [], "accessIPv4": "", "accessIPv6": "", "progress": 0, "OS-EXT-STS:power_state": 0, "config_drive": "", "metadata": {}}}
2015-12-03 22:18:40,742 20616 INFO     [tempest.common.waiters] State transition "BUILD/scheduling" ==&gt; "BUILD/spawning" after 1 second wait
2015-12-03 22:18:41,967 20616 INFO     [tempest_lib.common.rest_client] Request (TestGettingAddress:test_dhcp6_stateless_from_os): 200 GET http://10.0.2.15:8774/v2.1/4c2d322b1e134f4c9caee5a3bc6655f2/servers/7252b437-9f3b-477a-a7c1-981ff39ef3ba 0.223s
2015-12-03 22:18:41,967 20616 DEBUG    [tempest_lib.common.rest_client] Request - Headers: {'Content-Type': 'application/json', 'Accept': 'application/json', 'X-Auth-Token': '&lt;omitted&gt;'}
        Body: None
    Response - Headers: {'status': '200', 'content-length': '1480', 'content-location': 'http://10.0.2.15:8774/v2.1/4c2d322b1e134f4c9caee5a3bc6655f2/servers/7252b437-9f3b-477a-a7c1-981ff39ef3ba', 'x-compute-request-id': 'req-4bf7552a-24a4-4e06-9376-f573bc246461', 'vary': 'X-OpenStack-Nova-API-Version', 'connection': 'close', 'x-openstack-nova-api-version': '2.1', 'date': 'Thu, 03 Dec 2015 22:18:41 GMT', 'content-type': 'application/json'}
        Body: {"server": {"status": "BUILD", "updated": "2015-12-03T22:18:40Z", "hostId": "2a4e07921b3dd6fe759c34543e55997cab76f88ef3669cc053ba541d", "addresses": {}, "links": [{"href": "http://10.0.2.15:8774/v2.1/4c2d322b1e134f4c9caee5a3bc6655f2/servers/7252b437-9f3b-477a-a7c1-981ff39ef3ba", "rel": "self"}, {"href": "http://10.0.2.15:8774/4c2d322b1e134f4c9caee5a3bc6655f2/servers/7252b437-9f3b-477a-a7c1-981ff39ef3ba", "rel": "bookmark"}], "key_name": "tempest-TestGettingAddress-1857228173", "image": {"id": "9453316d-716c-4705-9f12-d54adb66c722", "links": [{"href": "http://10.0.2.15:8774/4c2d322b1e134f4c9caee5a3bc6655f2/images/9453316d-716c-4705-9f12-d54adb66c722", "rel": "bookmark"}]}, "OS-EXT-STS:task_state": "spawning", "OS-EXT-STS:vm_state": "building", "OS-SRV-USG:launched_at": null, "flavor": {"id": "42", "links": [{"href": "http://10.0.2.15:8774/4c2d322b1e134f4c9caee5a3bc6655f2/flavors/42", "rel": "bookmark"}]}, "id": "7252b437-9f3b-477a-a7c1-981ff39ef3ba", "security_groups": [{"name": "tempest-secgroup-smoke-674163602"}], "OS-SRV-USG:terminated_at": null, "OS-EXT-AZ:availability_zone": "nova", "user_id": "f7945f0baa844156b8fa0544de5efb8a", "name": "tempest.common.compute-instance-1205538060", "created": "2015-12-03T22:18:39Z", "tenant_id": "4c2d322b1e134f4c9caee5a3bc6655f2", "OS-DCF:diskConfig": "MANUAL", "os-extended-volumes:volumes_attached": [], "accessIPv4": "", "accessIPv6": "", "progress": 0, "OS-EXT-STS:power_state": 0, "config_drive": "", "metadata": {}}}
2015-12-03 22:18:43,192 20616 INFO     [tempest_lib.common.rest_client] Request (TestGettingAddress:test_dhcp6_stateless_from_os): 200 GET http://10.0.2.15:8774/v2.1/4c2d322b1e134f4c9caee5a3bc6655f2/servers/7252b437-9f3b-477a-a7c1-981ff39ef3ba 0.213s
2015-12-03 22:18:43,192 20616 DEBUG    [tempest_lib.common.rest_client] Request - Headers: {'Content-Type': 'application/json', 'Accept': 'application/json', 'X-Auth-Token': '&lt;omitted&gt;'}
        Body: None
    Response - Headers: {'status': '200', 'content-length': '1480', 'content-location': 'http://10.0.2.15:8774/v2.1/4c2d322b1e134f4c9caee5a3bc6655f2/servers/7252b437-9f3b-477a-a7c1-981ff39ef3ba', 'x-compute-request-id': 'req-c9b6fe43-3912-4ba6-a859-71b1978a3a80', 'vary': 'X-OpenStack-Nova-API-Version', 'connection': 'close', 'x-openstack-nova-api-version': '2.1', 'date': 'Thu, 03 Dec 2015 22:18:43 GMT', 'content-type': 'application/json'}
        Body: {"server": {"status": "BUILD", "updated": "2015-12-03T22:18:40Z", "hostId": "2a4e07921b3dd6fe759c34543e55997cab76f88ef3669cc053ba541d", "addresses": {}, "links": [{"href": "http://10.0.2.15:8774/v2.1/4c2d322b1e134f4c9caee5a3bc6655f2/servers/7252b437-9f3b-477a-a7c1-981ff39ef3ba", "rel": "self"}, {"href": "http://10.0.2.15:8774/4c2d322b1e134f4c9caee5a3bc6655f2/servers/7252b437-9f3b-477a-a7c1-981ff39ef3ba", "rel": "bookmark"}], "key_name": "tempest-TestGettingAddress-1857228173", "image": {"id": "9453316d-716c-4705-9f12-d54adb66c722", "links": [{"href": "http://10.0.2.15:8774/4c2d322b1e134f4c9caee5a3bc6655f2/images/9453316d-716c-4705-9f12-d54adb66c722", "rel": "bookmark"}]}, "OS-EXT-STS:task_state": "spawning", "OS-EXT-STS:vm_state": "building", "OS-SRV-USG:launched_at": null, "flavor": {"id": "42", "links": [{"href": "http://10.0.2.15:8774/4c2d322b1e134f4c9caee5a3bc6655f2/flavors/42", "rel": "bookmark"}]}, "id": "7252b437-9f3b-477a-a7c1-981ff39ef3ba", "security_groups": [{"name": "tempest-secgroup-smoke-674163602"}], "OS-SRV-USG:terminated_at": null, "OS-EXT-AZ:availability_zone": "nova", "user_id": "f7945f0baa844156b8fa0544de5efb8a", "name": "tempest.common.compute-instance-1205538060", "created": "2015-12-03T22:18:39Z", "tenant_id": "4c2d322b1e134f4c9caee5a3bc6655f2", "OS-DCF:diskConfig": "MANUAL", "os-extended-volumes:volumes_attached": [], "accessIPv4": "", "accessIPv6": "", "progress": 0, "OS-EXT-STS:power_state": 0, "config_drive": "", "metadata": {}}}
2015-12-03 22:18:44,411 20616 INFO     [tempest_lib.common.rest_client] Request (TestGettingAddress:test_dhcp6_stateless_from_os): 200 GET http://10.0.2.15:8774/v2.1/4c2d322b1e134f4c9caee5a3bc6655f2/servers/7252b437-9f3b-477a-a7c1-981ff39ef3ba 0.208s
2015-12-03 22:18:44,411 20616 DEBUG    [tempest_lib.common.rest_client] Request - Headers: {'Content-Type': 'application/json', 'Accept': 'application/json', 'X-Auth-Token': '&lt;omitted&gt;'}
        Body: None
    Response - Headers: {'status': '200', 'content-length': '1781', 'content-location': 'http://10.0.2.15:8774/v2.1/4c2d322b1e134f4c9caee5a3bc6655f2/servers/7252b437-9f3b-477a-a7c1-981ff39ef3ba', 'x-compute-request-id': 'req-6531e7c2-c3e4-4860-8786-4041d264c6e2', 'vary': 'X-OpenStack-Nova-API-Version', 'connection': 'close', 'x-openstack-nova-api-version': '2.1', 'date': 'Thu, 03 Dec 2015 22:18:44 GMT', 'content-type': 'application/json'}
        Body: {"server": {"status": "ACTIVE", "updated": "2015-12-03T22:18:43Z", "hostId": "2a4e07921b3dd6fe759c34543e55997cab76f88ef3669cc053ba541d", "addresses": {"tempest-network-smoke--1724869172": [{"OS-EXT-IPS-MAC:mac_addr": "fa:16:3e:d6:9a:eb", "version": 6, "addr": "2003::f816:3eff:fed6:9aeb", "OS-EXT-IPS:type": "fixed"}, {"OS-EXT-IPS-MAC:mac_addr": "fa:16:3e:d6:9a:eb", "version": 4, "addr": "10.100.0.3", "OS-EXT-IPS:type": "fixed"}]}, "links": [{"href": "http://10.0.2.15:8774/v2.1/4c2d322b1e134f4c9caee5a3bc6655f2/servers/7252b437-9f3b-477a-a7c1-981ff39ef3ba", "rel": "self"}, {"href": "http://10.0.2.15:8774/4c2d322b1e134f4c9caee5a3bc6655f2/servers/7252b437-9f3b-477a-a7c1-981ff39ef3ba", "rel": "bookmark"}], "key_name": "tempest-TestGettingAddress-1857228173", "image": {"id": "9453316d-716c-4705-9f12-d54adb66c722", "links": [{"href": "http://10.0.2.15:8774/4c2d322b1e134f4c9caee5a3bc6655f2/images/9453316d-716c-4705-9f12-d54adb66c722", "rel": "bookmark"}]}, "OS-EXT-STS:task_state": null, "OS-EXT-STS:vm_state": "active", "OS-SRV-USG:launched_at": "2015-12-03T22:18:42.000000", "flavor": {"id": "42", "links": [{"href": "http://10.0.2.15:8774/4c2d322b1e134f4c9caee5a3bc6655f2/flavors/42", "rel": "bookmark"}]}, "id": "7252b437-9f3b-477a-a7c1-981ff39ef3ba", "security_groups": [{"name": "tempest-secgroup-smoke-674163602"}], "OS-SRV-USG:terminated_at": null, "OS-EXT-AZ:availability_zone": "nova", "user_id": "f7945f0baa844156b8fa0544de5efb8a", "name": "tempest.common.compute-instance-1205538060", "created": "2015-12-03T22:18:39Z", "tenant_id": "4c2d322b1e134f4c9caee5a3bc6655f2", "OS-DCF:diskConfig": "MANUAL", "os-extended-volumes:volumes_attached": [], "accessIPv4": "", "accessIPv6": "", "progress": 0, "OS-EXT-STS:power_state": 1, "config_drive": "True", "metadata": {}}}
2015-12-03 22:18:44,420 20616 INFO     [tempest.common.waiters] State transition "BUILD/spawning" ==&gt; "ACTIVE/None" after 5 second wait
2015-12-03 22:18:44,670 20616 INFO     [tempest_lib.common.rest_client] Request (TestGettingAddress:test_dhcp6_stateless_from_os): 200 GET http://10.0.2.15:8774/v2.1/4c2d322b1e134f4c9caee5a3bc6655f2/servers/7252b437-9f3b-477a-a7c1-981ff39ef3ba 0.249s
2015-12-03 22:18:44,670 20616 DEBUG    [tempest_lib.common.rest_client] Request - Headers: {'Content-Type': 'application/json', 'Accept': 'application/json', 'X-Auth-Token': '&lt;omitted&gt;'}
        Body: None
    Response - Headers: {'status': '200', 'content-length': '1781', 'content-location': 'http://10.0.2.15:8774/v2.1/4c2d322b1e134f4c9caee5a3bc6655f2/servers/7252b437-9f3b-477a-a7c1-981ff39ef3ba', 'x-compute-request-id': 'req-0e189acd-5e43-4d20-b6c6-988eddce11e9', 'vary': 'X-OpenStack-Nova-API-Version', 'connection': 'close', 'x-openstack-nova-api-version': '2.1', 'date': 'Thu, 03 Dec 2015 22:18:44 GMT', 'content-type': 'application/json'}
        Body: {"server": {"status": "ACTIVE", "updated": "2015-12-03T22:18:43Z", "hostId": "2a4e07921b3dd6fe759c34543e55997cab76f88ef3669cc053ba541d", "addresses": {"tempest-network-smoke--1724869172": [{"OS-EXT-IPS-MAC:mac_addr": "fa:16:3e:d6:9a:eb", "version": 6, "addr": "2003::f816:3eff:fed6:9aeb", "OS-EXT-IPS:type": "fixed"}, {"OS-EXT-IPS-MAC:mac_addr": "fa:16:3e:d6:9a:eb", "version": 4, "addr": "10.100.0.3", "OS-EXT-IPS:type": "fixed"}]}, "links": [{"href": "http://10.0.2.15:8774/v2.1/4c2d322b1e134f4c9caee5a3bc6655f2/servers/7252b437-9f3b-477a-a7c1-981ff39ef3ba", "rel": "self"}, {"href": "http://10.0.2.15:8774/4c2d322b1e134f4c9caee5a3bc6655f2/servers/7252b437-9f3b-477a-a7c1-981ff39ef3ba", "rel": "bookmark"}], "key_name": "tempest-TestGettingAddress-1857228173", "image": {"id": "9453316d-716c-4705-9f12-d54adb66c722", "links": [{"href": "http://10.0.2.15:8774/4c2d322b1e134f4c9caee5a3bc6655f2/images/9453316d-716c-4705-9f12-d54adb66c722", "rel": "bookmark"}]}, "OS-EXT-STS:task_state": null, "OS-EXT-STS:vm_state": "active", "OS-SRV-USG:launched_at": "2015-12-03T22:18:42.000000", "flavor": {"id": "42", "links": [{"href": "http://10.0.2.15:8774/4c2d322b1e134f4c9caee5a3bc6655f2/flavors/42", "rel": "bookmark"}]}, "id": "7252b437-9f3b-477a-a7c1-981ff39ef3ba", "security_groups": [{"name": "tempest-secgroup-smoke-674163602"}], "OS-SRV-USG:terminated_at": null, "OS-EXT-AZ:availability_zone": "nova", "user_id": "f7945f0baa844156b8fa0544de5efb8a", "name": "tempest.common.compute-instance-1205538060", "created": "2015-12-03T22:18:39Z", "tenant_id": "4c2d322b1e134f4c9caee5a3bc6655f2", "OS-DCF:diskConfig": "MANUAL", "os-extended-volumes:volumes_attached": [], "accessIPv4": "", "accessIPv6": "", "progress": 0, "OS-EXT-STS:power_state": 1, "config_drive": "True", "metadata": {}}}
2015-12-03 22:18:44,713 20616 INFO     [tempest_lib.common.rest_client] Request (TestGettingAddress:test_dhcp6_stateless_from_os): 200 GET http://10.0.2.15:9696/v2.0/ports?status=ACTIVE&amp;fixed_ip=None&amp;device_id=7252b437-9f3b-477a-a7c1-981ff39ef3ba 0.034s
2015-12-03 22:18:44,713 20616 DEBUG    [tempest_lib.common.rest_client] Request - Headers: {'Content-Type': 'application/json', 'Accept': 'application/json', 'X-Auth-Token': '&lt;omitted&gt;'}
        Body: None
    Response - Headers: {'status': '200', 'content-length': '1142', 'content-location': 'http://10.0.2.15:9696/v2.0/ports?status=ACTIVE&amp;fixed_ip=None&amp;device_id=7252b437-9f3b-477a-a7c1-981ff39ef3ba', 'connection': 'close', 'date': 'Thu, 03 Dec 2015 22:18:44 GMT', 'content-type': 'application/json; charset=UTF-8', 'x-openstack-request-id': 'req-b07e7e06-50f0-4a4e-b0e4-276cae734da3'}
        Body: {"ports": [{"status": "ACTIVE", "binding:host_id": "vagrant-ubuntu-trusty-64", "allowed_address_pairs": [], "extra_dhcp_opts": [], "dns_assignment": [{"hostname": "host-10-100-0-3", "ip_address": "10.100.0.3", "fqdn": "host-10-100-0-3.openstacklocal."}, {"hostname": "host-2003--f816-3eff-fed6-9aeb", "ip_address": "2003::f816:3eff:fed6:9aeb", "fqdn": "host-2003--f816-3eff-fed6-9aeb.openstacklocal."}], "device_owner": "compute:None", "port_security_enabled": true, "binding:profile": {}, "fixed_ips": [{"subnet_id": "e00b8273-cb58-401d-8a67-0a14651dda41", "ip_address": "10.100.0.3"}, {"subnet_id": "ad62f594-1569-4f58-bd6b-4cb56dfb48c0", "ip_address": "2003::f816:3eff:fed6:9aeb"}], "id": "6021a429-a0e5-4bda-83dc-d48933058838", "security_groups": ["108c31f0-4aee-4eb6-b57f-b598dc972863"], "device_id": "7252b437-9f3b-477a-a7c1-981ff39ef3ba", "name": "", "admin_state_up": true, "network_id": "7f172e3b-73f5-4e14-a078-fbf7965eb53b", "dns_name": "", "binding:vif_details": {"port_filter": true}, "binding:vnic_type": "normal", "binding:vif_type": "ovs", "tenant_id": "4c2d322b1e134f4c9caee5a3bc6655f2", "mac_address": "fa:16:3e:d6:9a:eb"}]}
2015-12-03 22:18:45,247 20616 INFO     [tempest_lib.common.rest_client] Request (TestGettingAddress:test_dhcp6_stateless_from_os): 201 POST http://10.0.2.15:9696/v2.0/floatingips 0.532s
2015-12-03 22:18:45,247 20616 DEBUG    [tempest_lib.common.rest_client] Request - Headers: {'Content-Type': 'application/json', 'Accept': 'application/json', 'X-Auth-Token': '&lt;omitted&gt;'}
        Body: {"floatingip": {"floating_network_id": "690f3c68-671b-41b9-8fc5-82d3335b5b7c", "tenant_id": "4c2d322b1e134f4c9caee5a3bc6655f2", "fixed_ip_address": "10.100.0.3", "port_id": "6021a429-a0e5-4bda-83dc-d48933058838"}}
    Response - Headers: {'status': '201', 'content-length': '367', 'connection': 'close', 'date': 'Thu, 03 Dec 2015 22:18:45 GMT', 'content-type': 'application/json; charset=UTF-8', 'x-openstack-request-id': 'req-a1f5bacc-82fc-42c4-a656-afb1baf4743d'}
        Body: {"floatingip": {"floating_network_id": "690f3c68-671b-41b9-8fc5-82d3335b5b7c", "router_id": "8545b3b5-d6cb-4891-8cd3-8efb4bdb28d3", "fixed_ip_address": "10.100.0.3", "floating_ip_address": "172.24.4.4", "tenant_id": "4c2d322b1e134f4c9caee5a3bc6655f2", "status": "DOWN", "port_id": "6021a429-a0e5-4bda-83dc-d48933058838", "id": "06a1910d-3d7c-4a8b-8346-88189cc631b6"}}
2015-12-03 22:18:45,248 20616 INFO     [tempest_lib.common.ssh] Creating ssh connection to '172.24.4.4' as 'cirros' with public key authentication
2015-12-03 22:18:48,847 20616 WARNING  [tempest_lib.common.ssh] Failed to establish authenticated ssh connection to cirros@172.24.4.4 ([Errno None] Unable to connect to port 22 on  or 172.24.4.4). Number attempts: 1. Retry after 2 seconds.
2015-12-03 22:18:54,347 20616 WARNING  [tempest_lib.common.ssh] Failed to establish authenticated ssh connection to cirros@172.24.4.4 ([Errno None] Unable to connect to port 22 on  or 172.24.4.4). Number attempts: 2. Retry after 3 seconds.
2015-12-03 22:19:00,851 20616 WARNING  [tempest_lib.common.ssh] Failed to establish authenticated ssh connection to cirros@172.24.4.4 ([Errno None] Unable to connect to port 22 on  or 172.24.4.4). Number attempts: 3. Retry after 4 seconds.
2015-12-03 22:19:08,355 20616 WARNING  [tempest_lib.common.ssh] Failed to establish authenticated ssh connection to cirros@172.24.4.4 ([Errno None] Unable to connect to port 22 on  or 172.24.4.4). Number attempts: 4. Retry after 5 seconds.
2015-12-03 22:19:16,861 20616 WARNING  [tempest_lib.common.ssh] Failed to establish authenticated ssh connection to cirros@172.24.4.4 ([Errno None] Unable to connect to port 22 on  or 172.24.4.4). Number attempts: 5. Retry after 6 seconds.
2015-12-03 22:19:26,367 20616 WARNING  [tempest_lib.common.ssh] Failed to establish authenticated ssh connection to cirros@172.24.4.4 ([Errno None] Unable to connect to port 22 on  or 172.24.4.4). Number attempts: 6. Retry after 7 seconds.
2015-12-03 22:19:36,879 20616 WARNING  [tempest_lib.common.ssh] Failed to establish authenticated ssh connection to cirros@172.24.4.4 ([Errno None] Unable to connect to port 22 on  or 172.24.4.4). Number attempts: 7. Retry after 8 seconds.
2015-12-03 22:19:48,388 20616 WARNING  [tempest_lib.common.ssh] Failed to establish authenticated ssh connection to cirros@172.24.4.4 ([Errno None] Unable to connect to port 22 on  or 172.24.4.4). Number attempts: 8. Retry after 9 seconds.
2015-12-03 22:20:00,899 20616 WARNING  [tempest_lib.common.ssh] Failed to establish authenticated ssh connection to cirros@172.24.4.4 ([Errno None] Unable to connect to port 22 on  or 172.24.4.4). Number attempts: 9. Retry after 10 seconds.
2015-12-03 22:20:14,413 20616 WARNING  [tempest_lib.common.ssh] Failed to establish authenticated ssh connection to cirros@172.24.4.4 ([Errno None] Unable to connect to port 22 on  or 172.24.4.4). Number attempts: 10. Retry after 11 seconds.
2015-12-03 22:20:28,915 20616 WARNING  [tempest_lib.common.ssh] Failed to establish authenticated ssh connection to cirros@172.24.4.4 ([Errno None] Unable to connect to port 22 on  or 172.24.4.4). Number attempts: 11. Retry after 12 seconds.
2015-12-03 22:20:44,427 20616 WARNING  [tempest_lib.common.ssh] Failed to establish authenticated ssh connection to cirros@172.24.4.4 ([Errno None] Unable to connect to port 22 on  or 172.24.4.4). Number attempts: 12. Retry after 13 seconds.
2015-12-03 22:21:00,935 20616 WARNING  [tempest_lib.common.ssh] Failed to establish authenticated ssh connection to cirros@172.24.4.4 ([Errno None] Unable to connect to port 22 on  or 172.24.4.4). Number attempts: 13. Retry after 14 seconds.
2015-12-03 22:21:18,448 20616 WARNING  [tempest_lib.common.ssh] Failed to establish authenticated ssh connection to cirros@172.24.4.4 ([Errno None] Unable to connect to port 22 on  or 172.24.4.4). Number attempts: 14. Retry after 15 seconds.
2015-12-03 22:21:36,960 20616 WARNING  [tempest_lib.common.ssh] Failed to establish authenticated ssh connection to cirros@172.24.4.4 ([Errno None] Unable to connect to port 22 on  or 172.24.4.4). Number attempts: 15. Retry after 16 seconds.
2015-12-03 22:21:56,463 20616 WARNING  [tempest_lib.common.ssh] Failed to establish authenticated ssh connection to cirros@172.24.4.4 ([Errno None] Unable to connect to port 22 on  or 172.24.4.4). Number attempts: 16. Retry after 17 seconds.
2015-12-03 22:22:16,972 20616 ERROR    [tempest_lib.common.ssh] Failed to establish authenticated ssh connection to cirros@172.24.4.4 after 16 attempts
2015-12-03 22:22:16.972 20616 ERROR tempest_lib.common.ssh Traceback (most recent call last):
2015-12-03 22:22:16.972 20616 ERROR tempest_lib.common.ssh   File "/usr/local/lib/python2.7/dist-packages/tempest_lib/common/ssh.py", line 75, in _get_ssh_connection
2015-12-03 22:22:16.972 20616 ERROR tempest_lib.common.ssh     timeout=self.channel_timeout, pkey=self.pkey)
2015-12-03 22:22:16.972 20616 ERROR tempest_lib.common.ssh   File "/usr/local/lib/python2.7/dist-packages/paramiko/client.py", line 311, in connect
2015-12-03 22:22:16.972 20616 ERROR tempest_lib.common.ssh     raise NoValidConnectionsError(errors)
2015-12-03 22:22:16.972 20616 ERROR tempest_lib.common.ssh NoValidConnectionsError: [Errno None] Unable to connect to port 22 on  or 172.24.4.4
2015-12-03 22:22:16.972 20616 ERROR tempest_lib.common.ssh 
2015-12-03 22:22:16,974 20616 ERROR    [tempest.scenario.manager] (TestGettingAddress:test_dhcp6_stateless_from_os) Initializing SSH connection to 172.24.4.4 failed. Error: Connection to the 172.24.4.4 via SSH timed out.
User: cirros, Password: None
2015-12-03 22:22:16.974 20616 ERROR tempest.scenario.manager Traceback (most recent call last):
2015-12-03 22:22:16.974 20616 ERROR tempest.scenario.manager   File "tempest/scenario/manager.py", line 383, in get_remote_client
2015-12-03 22:22:16.974 20616 ERROR tempest.scenario.manager     linux_client.validate_authentication()
2015-12-03 22:22:16.974 20616 ERROR tempest.scenario.manager   File "tempest/common/utils/linux/remote_client.py", line 63, in validate_authentication
2015-12-03 22:22:16.974 20616 ERROR tempest.scenario.manager     self.ssh_client.test_connection_auth()
2015-12-03 22:22:16.974 20616 ERROR tempest.scenario.manager   File "/usr/local/lib/python2.7/dist-packages/tempest_lib/common/ssh.py", line 167, in test_connection_auth
2015-12-03 22:22:16.974 20616 ERROR tempest.scenario.manager     connection = self._get_ssh_connection()
2015-12-03 22:22:16.974 20616 ERROR tempest.scenario.manager   File "/usr/local/lib/python2.7/dist-packages/tempest_lib/common/ssh.py", line 87, in _get_ssh_connection
2015-12-03 22:22:16.974 20616 ERROR tempest.scenario.manager     password=self.password)
2015-12-03 22:22:16.974 20616 ERROR tempest.scenario.manager SSHTimeout: Connection to the 172.24.4.4 via SSH timed out.
2015-12-03 22:22:16.974 20616 ERROR tempest.scenario.manager User: cirros, Password: None
2015-12-03 22:22:16.974 20616 ERROR tempest.scenario.manager 
2015-12-03 22:22:17,053 20616 INFO     [tempest_lib.common.rest_client] Request (TestGettingAddress:test_dhcp6_stateless_from_os): 200 GET http://10.0.2.15:8774/v2.1/4c2d322b1e134f4c9caee5a3bc6655f2/servers 0.077s
2015-12-03 22:22:17,053 20616 DEBUG    [tempest_lib.common.rest_client] Request - Headers: {'Content-Type': 'application/json', 'Accept': 'application/json', 'X-Auth-Token': '&lt;omitted&gt;'}
        Body: None
    Response - Headers: {'status': '200', 'content-length': '391', 'content-location': 'http://10.0.2.15:8774/v2.1/4c2d322b1e134f4c9caee5a3bc6655f2/servers', 'x-compute-request-id': 'req-51d5dc89-b07e-45dd-a865-20d37a46609c', 'vary': 'X-OpenStack-Nova-API-Version', 'connection': 'close', 'x-openstack-nova-api-version': '2.1', 'date': 'Thu, 03 Dec 2015 22:22:17 GMT', 'content-type': 'application/json'}
        Body: {"servers": [{"id": "7252b437-9f3b-477a-a7c1-981ff39ef3ba", "links": [{"href": "http://10.0.2.15:8774/v2.1/4c2d322b1e134f4c9caee5a3bc6655f2/servers/7252b437-9f3b-477a-a7c1-981ff39ef3ba", "rel": "self"}, {"href": "http://10.0.2.15:8774/4c2d322b1e134f4c9caee5a3bc6655f2/servers/7252b437-9f3b-477a-a7c1-981ff39ef3ba", "rel": "bookmark"}], "name": "tempest.common.compute-instance-1205538060"}]}
2015-12-03 22:22:17,255 20616 INFO     [tempest_lib.common.rest_client] Request (TestGettingAddress:test_dhcp6_stateless_from_os): 200 POST http://10.0.2.15:8774/v2.1/4c2d322b1e134f4c9caee5a3bc6655f2/servers/7252b437-9f3b-477a-a7c1-981ff39ef3ba/action 0.199s
2015-12-03 22:22:17,256 20616 DEBUG    [tempest_lib.common.rest_client] Request - Headers: {'Content-Type': 'application/json', 'Accept': 'application/json', 'X-Auth-Token': '&lt;omitted&gt;'}
        Body: {"os-getConsoleOutput": {}}
    Response - Headers: {'status': '200', 'content-length': '24570', 'x-compute-request-id': 'req-263f56bd-52e9-495b-81a6-8e798954867f', 'vary': 'X-OpenStack-Nova-API-Version', 'connection': 'close', 'x-openstack-nova-api-version': '2.1', 'date': 'Thu, 03 Dec 2015 22:22:17 GMT', 'content-type': 'application/json'}
        Body: {"output": "[    0.000000] Initializing cgroup subsys cpuset\n[    0.000000] Initializing cgroup subsys cpu\n[    0.000000] Linux version 3.2.0-80-virtual (buildd@batsu) (gcc version 4.6.3 (Ubuntu/Linaro 4.6.3-1ubuntu5) ) #116-Ubuntu SMP Mon Mar 23 17:28:52 UTC 2015 (Ubuntu 3.2.0-80.116-virtual 3.2.68)\n[    0.000000] Command line: root=/dev/vda console=tty0 console=ttyS0 no_timer_check\n[    0.000000] KERNEL supported cpus:\n[    0.000000]   Intel GenuineIntel\n[    0.000000]   AMD AuthenticAMD\n[    0.000000]   Centaur CentaurHauls\n[    0.000000] BIOS-provided physical RAM map:\n[    0.000000]  BIOS-e820: 0000000000000000 - 000000000009fc00 (usable)\n[    0.000000]  BIOS-e820: 000000000009fc00 - 00000000000a0000 (reserved)\n[    0.000000]  BIOS-e820: 00000000000f0000 - 0000000000100000 (reserved)\n[    0.000000]  BIOS-e820: 0000000000100000 - 0000000003ffe000 (usable)\n[    0.000000]  BIOS-e820: 0000000003ffe000 - 0000000004000000 (reserved)\n[    0.000000]  BIOS-e820: 00000000fffc0000 - 0000000100000000 (reserved)\n[    0.000000] NX (Execute Disable) protection: active\n[    0.000000] SMBIOS 2.4 present.\n[    0.000000] No AGP bridge found\n[    0.000000] last_pfn = 0x3ffe max_arch_pfn = 0x400000000\n[    0.000000] x86 PAT enabled: cpu 0, old 0x7040600070406, new 0x7010600070106\n[    0.000000] found SMP MP-table at [ffff8800000f0b00] f0b00\n[    0.000000] init_memory_mapping: 0000000000000000-0000000003ffe000\n[    0.000000] RAMDISK: 03c5e000 - 03ff0000\n[    0.000000] ACPI: RSDP 00000000000f0950 00014 (v00 BOCHS )\n[    0.000000] ACPI: RSDT 0000000003fffbc1 00034 (v01 BOCHS  BXPCRSDT 00000001 BXPC 00000001)\n[    0.000000] ACPI: FACP 0000000003fff1c0 00074 (v01 BOCHS  BXPCFACP 00000001 BXPC 00000001)\n[    0.000000] ACPI: DSDT 0000000003ffe040 01180 (v01 BOCHS  BXPCDSDT 00000001 BXPC 00000001)\n[    0.000000] ACPI: FACS 0000000003ffe000 00040\n[    0.000000] ACPI: SSDT 0000000003fff234 008DD (v01 BOCHS  BXPCSSDT 00000001 BXPC 00000001)\n[    0.000000] ACPI: APIC 0000000003fffb11 00078 (v01 BOCHS  BXPCAPIC 00000001 BXPC 00000001)\n[    0.000000] ACPI: HPET 0000000003fffb89 00038 (v01 BOCHS  BXPCHPET 00000001 BXPC 00000001)\n[    0.000000] No NUMA configuration found\n[    0.000000] Faking a node at 0000000000000000-0000000003ffe000\n[    0.000000] Initmem setup node 0 0000000000000000-0000000003ffe000\n[    0.000000]   NODE_DATA [0000000003ff6000 - 0000000003ffafff]\n[    0.000000] Zone PFN ranges:\n[    0.000000]   DMA      0x00000010 -&gt; 0x00001000\n[    0.000000]   DMA32    0x00001000 -&gt; 0x00100000\n[    0.000000]   Normal   empty\n[    0.000000] Movable zone start PFN for each node\n[    0.000000] early_node_map[2] active PFN ranges\n[    0.000000]     0: 0x00000010 -&gt; 0x0000009f\n[    0.000000]     0: 0x00000100 -&gt; 0x00003ffe\n[    0.000000] ACPI: PM-Timer IO Port: 0xb008\n[    0.000000] ACPI: LAPIC (acpi_id[0x00] lapic_id[0x00] enabled)\n[    0.000000] ACPI: LAPIC_NMI (acpi_id[0xff] dfl dfl lint[0x1])\n[    0.000000] ACPI: IOAPIC (id[0x00] address[0xfec00000] gsi_base[0])\n[    0.000000] IOAPIC[0]: apic_id 0, version 17, address 0xfec00000, GSI 0-23\n[    0.000000] ACPI: INT_SRC_OVR (bus 0 bus_irq 0 global_irq 2 dfl dfl)\n[    0.000000] ACPI: INT_SRC_OVR (bus 0 bus_irq 5 global_irq 5 high level)\n[    0.000000] ACPI: INT_SRC_OVR (bus 0 bus_irq 9 global_irq 9 high level)\n[    0.000000] ACPI: INT_SRC_OVR (bus 0 bus_irq 10 global_irq 10 high level)\n[    0.000000] ACPI: INT_SRC_OVR (bus 0 bus_irq 11 global_irq 11 high level)\n[    0.000000] Using ACPI (MADT) for SMP configuration information\n[    0.000000] ACPI: HPET id: 0x8086a201 base: 0xfed00000\n[    0.000000] SMP: Allowing 1 CPUs, 0 hotplug CPUs\n[    0.000000] PM: Registered nosave memory: 000000000009f000 - 00000000000a0000\n[    0.000000] PM: Registered nosave memory: 00000000000a0000 - 00000000000f0000\n[    0.000000] PM: Registered nosave memory: 00000000000f0000 - 0000000000100000\n[    0.000000] Allocating PCI resources starting at 4000000 (gap: 4000000:fbfc0000)\n[    0.000000] Booting paravirtualized kernel on bare hardware\n[    0.000000] setup_pe
2015-12-03 22:22:17,260 20616 DEBUG    [tempest.scenario.manager] Console output for 7252b437-9f3b-477a-a7c1-981ff39ef3ba
body=
[    0.000000] Initializing cgroup subsys cpuset
[    0.000000] Initializing cgroup subsys cpu
[    0.000000] Linux version 3.2.0-80-virtual (buildd@batsu) (gcc version 4.6.3 (Ubuntu/Linaro 4.6.3-1ubuntu5) ) #116-Ubuntu SMP Mon Mar 23 17:28:52 UTC 2015 (Ubuntu 3.2.0-80.116-virtual 3.2.68)
[    0.000000] Command line: root=/dev/vda console=tty0 console=ttyS0 no_timer_check
[    0.000000] KERNEL supported cpus:
[    0.000000]   Intel GenuineIntel
[    0.000000]   AMD AuthenticAMD
[    0.000000]   Centaur CentaurHauls
[    0.000000] BIOS-provided physical RAM map:
[    0.000000]  BIOS-e820: 0000000000000000 - 000000000009fc00 (usable)
[    0.000000]  BIOS-e820: 000000000009fc00 - 00000000000a0000 (reserved)
[    0.000000]  BIOS-e820: 00000000000f0000 - 0000000000100000 (reserved)
[    0.000000]  BIOS-e820: 0000000000100000 - 0000000003ffe000 (usable)
[    0.000000]  BIOS-e820: 0000000003ffe000 - 0000000004000000 (reserved)
[    0.000000]  BIOS-e820: 00000000fffc0000 - 0000000100000000 (reserved)
[    0.000000] NX (Execute Disable) protection: active
[    0.000000] SMBIOS 2.4 present.
[    0.000000] No AGP bridge found
[    0.000000] last_pfn = 0x3ffe max_arch_pfn = 0x400000000
[    0.000000] x86 PAT enabled: cpu 0, old 0x7040600070406, new 0x7010600070106
[    0.000000] found SMP MP-table at [ffff8800000f0b00] f0b00
[    0.000000] init_memory_mapping: 0000000000000000-0000000003ffe000
[    0.000000] RAMDISK: 03c5e000 - 03ff0000
[    0.000000] ACPI: RSDP 00000000000f0950 00014 (v00 BOCHS )
[    0.000000] ACPI: RSDT 0000000003fffbc1 00034 (v01 BOCHS  BXPCRSDT 00000001 BXPC 00000001)
[    0.000000] ACPI: FACP 0000000003fff1c0 00074 (v01 BOCHS  BXPCFACP 00000001 BXPC 00000001)
[    0.000000] ACPI: DSDT 0000000003ffe040 01180 (v01 BOCHS  BXPCDSDT 00000001 BXPC 00000001)
[    0.000000] ACPI: FACS 0000000003ffe000 00040
[    0.000000] ACPI: SSDT 0000000003fff234 008DD (v01 BOCHS  BXPCSSDT 00000001 BXPC 00000001)
[    0.000000] ACPI: APIC 0000000003fffb11 00078 (v01 BOCHS  BXPCAPIC 00000001 BXPC 00000001)
[    0.000000] ACPI: HPET 0000000003fffb89 00038 (v01 BOCHS  BXPCHPET 00000001 BXPC 00000001)
[    0.000000] No NUMA configuration found
[    0.000000] Faking a node at 0000000000000000-0000000003ffe000
[    0.000000] Initmem setup node 0 0000000000000000-0000000003ffe000
[    0.000000]   NODE_DATA [0000000003ff6000 - 0000000003ffafff]
[    0.000000] Zone PFN ranges:
[    0.000000]   DMA      0x00000010 -&gt; 0x00001000
[    0.000000]   DMA32    0x00001000 -&gt; 0x00100000
[    0.000000]   Normal   empty
[    0.000000] Movable zone start PFN for each node
[    0.000000] early_node_map[2] active PFN ranges
[    0.000000]     0: 0x00000010 -&gt; 0x0000009f
[    0.000000]     0: 0x00000100 -&gt; 0x00003ffe
[    0.000000] ACPI: PM-Timer IO Port: 0xb008
[    0.000000] ACPI: LAPIC (acpi_id[0x00] lapic_id[0x00] enabled)
[    0.000000] ACPI: LAPIC_NMI (acpi_id[0xff] dfl dfl lint[0x1])
[    0.000000] ACPI: IOAPIC (id[0x00] address[0xfec00000] gsi_base[0])
[    0.000000] IOAPIC[0]: apic_id 0, version 17, address 0xfec00000, GSI 0-23
[    0.000000] ACPI: INT_SRC_OVR (bus 0 bus_irq 0 global_irq 2 dfl dfl)
[    0.000000] ACPI: INT_SRC_OVR (bus 0 bus_irq 5 global_irq 5 high level)
[    0.000000] ACPI: INT_SRC_OVR (bus 0 bus_irq 9 global_irq 9 high level)
[    0.000000] ACPI: INT_SRC_OVR (bus 0 bus_irq 10 global_irq 10 high level)
[    0.000000] ACPI: INT_SRC_OVR (bus 0 bus_irq 11 global_irq 11 high level)
[    0.000000] Using ACPI (MADT) for SMP configuration information
[    0.000000] ACPI: HPET id: 0x8086a201 base: 0xfed00000
[    0.000000] SMP: Allowing 1 CPUs, 0 hotplug CPUs
[    0.000000] PM: Registered nosave memory: 000000000009f000 - 00000000000a0000
[    0.000000] PM: Registered nosave memory: 00000000000a0000 - 00000000000f0000
[    0.000000] PM: Registered nosave memory: 00000000000f0000 - 0000000000100000
[    0.000000] Allocating PCI resources starting at 4000000 (gap: 4000000:fbfc0000)
[    0.000000] Booting paravirtualized kernel on bare hardware
[    0.000000] setup_percpu: NR_CPUS:64 nr_cpumask_bits:64 nr_cpu_ids:1 nr_node_ids:1
[    0.000000] PERCPU: Embedded 27 pages/cpu @ffff880003a00000 s78848 r8192 d23552 u2097152
[    0.000000] Built 1 zonelists in Node order, mobility grouping on.  Total pages: 16008
[    0.000000] Policy zone: DMA32
[    0.000000] Kernel command line: root=/dev/vda console=tty0 console=ttyS0 no_timer_check
[    0.000000] PID hash table entries: 256 (order: -1, 2048 bytes)
[    0.000000] Checking aperture...
[    0.000000] No AGP bridge found
[    0.000000] Memory: 43492k/65528k available (6576k kernel code, 452k absent, 21584k reserved, 6620k data, 928k init)
[    0.000000] SLUB: Genslabs=15, HWalign=64, Order=0-3, MinObjects=0, CPUs=1, Nodes=1
[    0.000000] Hierarchical RCU implementation.
[    0.000000] 	RCU dyntick-idle grace-period acceleration is enabled.
[    0.000000] NR_IRQS:4352 nr_irqs:256 16
[    0.000000] Console: colour VGA+ 80x25
[    0.000000] console [tty0] enabled
[    0.000000] console [ttyS0] enabled
[    0.000000] allocated 1048576 bytes of page_cgroup
[    0.000000] please try 'cgroup_disable=memory' option if you don't want memory cgroups
[    0.000000] Fast TSC calibration failed
[    0.000000] TSC: Unable to calibrate against PIT
[    0.000000] TSC: using HPET reference calibration
[    0.000000] Detected 2294.499 MHz processor.
[    0.043987] Calibrating delay loop (skipped), value calculated using timer frequency.. 4588.99 BogoMIPS (lpj=9177996)
[    0.045927] pid_max: default: 32768 minimum: 301
[    0.057356] Security Framework initialized
[    0.061162] AppArmor: AppArmor initialized
[    0.061897] Yama: becoming mindful.
[    0.069505] Dentry cache hash table entries: 8192 (order: 4, 65536 bytes)
[    0.071275] Inode-cache hash table entries: 4096 (order: 3, 32768 bytes)
[    0.072543] Mount-cache hash table entries: 256
[    0.088028] Initializing cgroup subsys cpuacct
[    0.089431] Initializing cgroup subsys memory
[    0.091141] Initializing cgroup subsys devices
[    0.092186] Initializing cgroup subsys freezer
[    0.092719] Initializing cgroup subsys blkio
[    0.093528] Initializing cgroup subsys perf_event
[    0.096709] mce: CPU supports 10 MCE banks
[    0.101158] SMP alternatives: switching to UP code
[    0.507238] Freeing SMP alternatives: 24k freed
[    0.508916] ACPI: Core revision 20110623
[    0.554772] ftrace: allocating 26610 entries in 105 pages
[    0.586318] ..TIMER: vector=0x30 apic1=0 pin1=2 apic2=-1 pin2=-1
[    0.588156] CPU0: AMD QEMU Virtual CPU version 2.0.0 stepping 03
[    0.592036] Performance Events: Broken PMU hardware detected, using software events only.
[    0.600622] NMI watchdog disabled (cpu0): hardware events not enabled
[    0.602355] Brought up 1 CPUs
[    0.602908] Total of 1 processors activated (4588.99 BogoMIPS).
[    0.626546] devtmpfs: initialized
[    0.654891] EVM: security.selinux
[    0.655364] EVM: security.SMACK64
[    0.656081] EVM: security.capability
[    0.675561] print_constraints: dummy: 
[    0.677324] RTC time: 22:18:46, date: 12/03/15
[    0.680655] NET: Registered protocol family 16
[    0.688629] ACPI: bus type pci registered
[    0.692356] PCI: Using configuration type 1 for base access
[    0.721521] bio: create slab &lt;bio-0&gt; at 0
[    0.725936] ACPI: Added _OSI(Module Device)
[    0.726635] ACPI: Added _OSI(Processor Device)
[    0.727197] ACPI: Added _OSI(3.0 _SCP Extensions)
[    0.728100] ACPI: Added _OSI(Processor Aggregator Device)
[    0.800495] ACPI: Interpreter enabled
[    0.801115] ACPI: (supports S0 S3 S4 S5)
[    0.802858] ACPI: Using IOAPIC for interrupt routing
[    0.872675] ACPI: No dock devices found.
[    0.873447] HEST: Table not found.
[    0.874124] PCI: Using host bridge windows from ACPI; if necessary, use "pci=nocrs" and report a bug
[    0.882368] ACPI: PCI Root Bridge [PCI0] (domain 0000 [bus 00-ff])
[    0.889472] pci_root PNP0A03:00: host bridge window [io  0x0000-0x0cf7]
[    0.890636] pci_root PNP0A03:00: host bridge window [io  0x0d00-0xadff]
[    0.892112] pci_root PNP0A03:00: host bridge window [io  0xae0f-0xaeff]
[    0.893096] pci_root PNP0A03:00: host bridge window [io  0xaf20-0xafdf]
[    0.893905] pci_root PNP0A03:00: host bridge window [io  0xafe4-0xffff]
[    0.895058] pci_root PNP0A03:00: host bridge window [mem 0x000a0000-0x000bffff]
[    0.896116] pci_root PNP0A03:00: host bridge window [mem 0x04000000-0xfebfffff]
[    0.920785] pci 0000:00:01.3: quirk: [io  0xb000-0xb03f] claimed by PIIX4 ACPI
[    0.922115] pci 0000:00:01.3: quirk: [io  0xb100-0xb10f] claimed by PIIX4 SMB
[    0.998384]  pci0000:00: Unable to request _OSC control (_OSC support mask: 0x1e)
[    1.061860] ACPI: PCI Interrupt Link [LNKA] (IRQs 5 *10 11)
[    1.065035] ACPI: PCI Interrupt Link [LNKB] (IRQs 5 *10 11)
[    1.068486] ACPI: PCI Interrupt Link [LNKC] (IRQs 5 10 *11)
[    1.070574] ACPI: PCI Interrupt Link [LNKD] (IRQs 5 10 *11)
[    1.073475] ACPI: PCI Interrupt Link [LNKS] (IRQs *9)
[    1.079608] vgaarb: device added: PCI:0000:00:02.0,decodes=io+mem,owns=io+mem,locks=none
[    1.080203] vgaarb: loaded
[    1.081410] vgaarb: bridge control possible 0000:00:02.0
[    1.085674] i2c-core: driver [aat2870] using legacy suspend method
[    1.086333] i2c-core: driver [aat2870] using legacy resume method
[    1.089246] SCSI subsystem initialized
[    1.092872] usbcore: registered new interface driver usbfs
[    1.094042] usbcore: registered new interface driver hub
[    1.095259] usbcore: registered new device driver usb
[    1.098765] PCI: Using ACPI for IRQ routing
[    1.111488] NetLabel: Initializing
[    1.112175] NetLabel:  domain hash size = 128
[    1.116183] NetLabel:  protocols = UNLABELED CIPSOv4
[    1.120862] NetLabel:  unlabeled traffic allowed by default
[    1.124716] HPET: 3 timers in total, 0 timers will be used for per-cpu timer
[    1.125904] hpet0: at MMIO 0xfed00000, IRQs 2, 8, 0
[    1.126872] hpet0: 3 comparators, 64-bit 100.000000 MHz counter
[    1.138858] Switching to clocksource hpet
[    1.419310] AppArmor: AppArmor Filesystem Enabled
[    1.422382] pnp: PnP ACPI init
[    1.423126] ACPI: bus type pnp registered
[    1.442750] pnp: PnP ACPI: found 9 devices
[    1.443370] ACPI: ACPI bus type pnp unregistered
[    1.501211] NET: Registered protocol family 2
[    1.538635] IP route cache hash table entries: 512 (order: 0, 4096 bytes)
[    1.547729] TCP established hash table entries: 2048 (order: 3, 32768 bytes)
[    1.550751] TCP bind hash table entries: 2048 (order: 3, 32768 bytes)
[    1.552085] TCP: Hash tables configured (established 2048 bind 2048)
[    1.553955] TCP reno registered
[    1.554539] UDP hash table entries: 128 (order: 0, 4096 bytes)
[    1.555544] UDP-Lite hash table entries: 128 (order: 0, 4096 bytes)
[    1.558888] NET: Registered protocol family 1
[    1.559827] pci 0000:00:00.0: Limiting direct PCI/PCI transfers
[    1.561738] pci 0000:00:01.0: PIIX3: Enabling Passive Release
[    1.562806] pci 0000:00:01.0: Activating ISA DMA hang workarounds
[    1.569339] ACPI: PCI Interrupt Link [LNKD] enabled at IRQ 11
[    1.570385] pci 0000:00:01.2: PCI INT D -&gt; Link[LNKD] -&gt; GSI 11 (level, high) -&gt; IRQ 11
[    1.572372] pci 0000:00:01.2: PCI INT D disabled
[    1.594390] Trying to unpack rootfs image as initramfs...
[    1.619766] audit: initializing netlink socket (disabled)
[    1.623836] type=2000 audit(1449181126.620:1): initialized
[    1.925344] HugeTLB registered 2 MB page size, pre-allocated 0 pages
[    1.998806] VFS: Disk quotas dquot_6.5.2
[    2.000136] Dquot-cache hash table entries: 512 (order 0, 4096 bytes)
[    2.017786] fuse init (API version 7.17)
[    2.027275] msgmni has been set to 84
[    2.063383] Block layer SCSI generic (bsg) driver version 0.4 loaded (major 253)
[    2.071600] io scheduler noop registered
[    2.073180] io scheduler deadline registered (default)
[    2.074424] io scheduler cfq registered
[    2.078345] pci_hotplug: PCI Hot Plug PCI Core version: 0.5
[    2.079763] pciehp: PCI Express Hot Plug Controller Driver version: 0.4
[    2.086423] input: Power Button as /devices/LNXSYSTM:00/LNXPWRBN:00/input/input0
[    2.088016] ACPI: Power Button [PWRF]
[    2.136279] ERST: Table is not found!
[    2.137222] GHES: HEST is not enabled!
[    2.146237] ACPI: PCI Interrupt Link [LNKC] enabled at IRQ 10
[    2.147945] virtio-pci 0000:00:03.0: PCI INT A -&gt; Link[LNKC] -&gt; GSI 10 (level, high) -&gt; IRQ 10
[    2.151259] virtio-pci 0000:00:04.0: PCI INT A -&gt; Link[LNKD] -&gt; GSI 11 (level, high) -&gt; IRQ 11
[    2.162256] ACPI: PCI Interrupt Link [LNKA] enabled at IRQ 10
[    2.163160] virtio-pci 0000:00:05.0: PCI INT A -&gt; Link[LNKA] -&gt; GSI 10 (level, high) -&gt; IRQ 10
[    2.174006] Serial: 8250/16550 driver, 32 ports, IRQ sharing enabled
[    2.222518] serial8250: ttyS0 at I/O 0x3f8 (irq = 4) is a 16550A
[    2.315230] serial8250: ttyS1 at I/O 0x2f8 (irq = 3) is a 16550A
[    2.464386] 00:05: ttyS0 at I/O 0x3f8 (irq = 4) is a 16550A
[    2.547977] 00:06: ttyS1 at I/O 0x2f8 (irq = 3) is a 16550A
[    2.583656] Refined TSC clocksource calibration: 2294.511 MHz.
[    2.585310] Switching to clocksource tsc
[    2.599777] Linux agpgart interface v0.103
[    2.673150] brd: module loaded
[    2.706496] loop: module loaded
[    2.761678]  vda: unknown partition table
[    2.818668] scsi0 : ata_piix
[    2.829269] scsi1 : ata_piix
[    2.830729] ata1: PATA max MWDMA2 cmd 0x1f0 ctl 0x3f6 bmdma 0xc0a0 irq 14
[    2.831658] ata2: PATA max MWDMA2 cmd 0x170 ctl 0x376 bmdma 0xc0a8 irq 15
[    2.842889] Fixed MDIO Bus: probed
[    2.845535] tun: Universal TUN/TAP device driver, 1.6
[    2.846113] tun: (C) 1999-2004 Max Krasnyansky &lt;maxk@qualcomm.com&gt;
[    2.878549] PPP generic driver version 2.4.2
[    2.926831] ehci_hcd: USB 2.0 'Enhanced' Host Controller (EHCI) Driver
[    2.928450] ohci_hcd: USB 1.1 'Open' Host Controller (OHCI) Driver
[    2.930589] uhci_hcd: USB Universal Host Controller Interface driver
[    2.931696] uhci_hcd 0000:00:01.2: PCI INT D -&gt; Link[LNKD] -&gt; GSI 11 (level, high) -&gt; IRQ 11
[    2.935896] uhci_hcd 0000:00:01.2: UHCI Host Controller
[    2.954374] uhci_hcd 0000:00:01.2: new USB bus registered, assigned bus number 1
[    2.957838] uhci_hcd 0000:00:01.2: irq 11, io base 0x0000c040
[    2.997133] hub 1-0:1.0: USB hub found
[    2.999481] hub 1-0:1.0: 2 ports detected
[    3.007147] usbcore: registered new interface driver libusual
[    3.010240] i8042: PNP: PS/2 Controller [PNP0303:KBD,PNP0f13:MOU] at 0x60,0x64 irq 1,12
[    3.018650] serio: i8042 KBD port at 0x60,0x64 irq 1
[    3.019843] serio: i8042 AUX port at 0x60,0x64 irq 12
[    3.076664] mousedev: PS/2 mouse device common for all mice
[    3.086471] input: AT Translated Set 2 keyboard as /devices/platform/i8042/serio0/input/input1
[    3.092004] ata2.01: ATAPI: QEMU DVD-ROM, 2.0.0, max UDMA/100
[    3.097388] rtc_cmos 00:01: RTC can wake from S4
[    3.117230] rtc_cmos 00:01: rtc core: registered rtc_cmos as rtc0
[    3.122181] rtc0: alarms up to one day, 114 bytes nvram, hpet irqs
[    3.127682] device-mapper: uevent: version 1.0.3
[    3.138723] ata2.01: configured for MWDMA2
[    3.189708] device-mapper: ioctl: 4.22.0-ioctl (2011-10-19) initialised: dm-devel@redhat.com
[    3.193145] cpuidle: using governor ladder
[    3.194528] cpuidle: using governor menu
[    3.195352] EFI Variables Facility v0.08 2004-May-17
[    3.201227] TCP cubic registered
[    3.206559] NET: Registered protocol family 10
[    3.254373] NET: Registered protocol family 17
[    3.258726] Registering the dns_resolver key type
[    3.266801] scsi 1:0:1:0: CD-ROM            QEMU     QEMU DVD-ROM     2.0. PQ: 0 ANSI: 5
[    3.277260] sr0: scsi3-mmc drive: 4x/4x cd/rw xa/form2 tray
[    3.278801] cdrom: Uniform CD-ROM driver Revision: 3.20
[    3.299885] sr 1:0:1:0: Attached scsi generic sg0 type 5
[    3.335625] Freeing initrd memory: 3656k freed
[    3.357099] registered taskstats version 1
[    3.878995]   Magic number: 11:866:349
[    3.892514] rtc_cmos 00:01: setting system clock to 2015-12-03 22:18:49 UTC (1449181129)
[    3.895667] powernow-k8: Processor cpuid 663 not supported
[    3.901277] BIOS EDD facility v0.16 2004-Jun-25, 0 devices found
[    3.902722] EDD information not available.
[    3.969747] Freeing unused kernel memory: 928k freed
[    3.976495] Write protecting the kernel read-only data: 12288k
[    4.098213] Freeing unused kernel memory: 1596k freed
[    4.174251] Freeing unused kernel memory: 1184k freed

info: initramfs: up at 4.35
modprobe: module virtio_blk not found in modules.dep
modprobe: module virtio_net not found in modules.dep
info: copying initramfs to /dev/vda
info: initramfs loading root from /dev/vda
info: /etc/init.d/rc.sysinit: up at 9.37
info: container: none
Starting logging: OK
modprobe: module virtio_blk not found in modules.dep
modprobe: module virtio_net not found in modules.dep
WARN: /etc/rc3.d/S10-load-modules failed
Initializing random number generator... done.
Starting acpid: OK
cirros-ds 'local' up at 11.83
found datasource (configdrive, local)
Starting network...
udhcpc (v1.20.1) started
Sending discover...
Sending discover...
Sending discover...
Usage: /sbin/cirros-dhcpc &lt;up|down&gt;
No lease, failing
WARN: /etc/rc3.d/S40-network failed
Starting dropbear sshd: generating rsa key... generating dsa key... OK
no userdata for datasource
=== system information ===
Platform: OpenStack Foundation OpenStack Nova
Container: none
Arch: x86_64
CPU(s): 1 @ 2294.499 MHz
Cores/Sockets/Threads: 1/1/1
Virt-type: AMD-V
RAM Size: 49MB
Disks:
NAME MAJ:MIN     SIZE LABEL         MOUNTPOINT
vda  253:0   25165824 cirros-rootfs /
sr0   11:0     428032 config-2      
=== sshd host keys ===
-----BEGIN SSH HOST KEY KEYS-----
ssh-rsa AAAAB3NzaC1yc2EAAAADAQABAAAAgm3agnMmApQCqIkIwLca18lh3XTwBPKXJDlsgCmJ/q26gwdWoFfdBEJrWqYNPeNS2BlYhckvKlslGkeBA+STSBPx+qIltYpa/rKIzSepX3HkunCUTwGc3DIZD8qXwe2eZAGJylMq+g6nIejncZg2ecJYPQwMl71xCOuNm0CG3QJl1ec= root@tempest
ssh-dss AAAAB3NzaC1kc3MAAACBAMFF/vvIIXMgxb4Ofue6tnkKfZg9Gq7pDn7bmL33dlPMKhdS/GXWTfM82pDby7ZEE/X6fnJWAiOrCNsuShG6La5Zj942m8Cqk8KOQOJHRHIGcxgwTuo6YkksVGmBB8UpwnJ2+BEouDNKQwiqfUWrG++HWTJ1CXoT635xNYIUp4rBAAAAFQDc4+UTbm9dN3Z7+ZypWeTE1XSvNwAAAIBYuGDq2mu/QVOutWszb975hfwmxLtoFvlHL/yfytQHSdwkORFBq+2R8pG2NOx5auYr3tYgcmTizB8bVHqCMyxMHvcxVRI3RPiLuOoZqX3oZjK7paKU/7jxzEjCBjfpzZvmigoWYGVNqe010yvQGZqCIfzjjAyXPxgs2dO2kOJM5QAAAIBoQHjKz/rQbtCfX/6hF63Mq/XRXF1QSDhO6gKRUo3YEwPuvzTCrZY7ObkcOYm+rVxkPWlrDEWfe4TbpXCmXgvS02dt0bf/a8fZ8Lhi6eQehFIQVGmPUxyt6baR56FVk3TuiHk5b1/Ra00HyGFtw8+H+dcDNRvUNOiV7m1XhWFomg== root@tempest
-----END SSH HOST KEY KEYS-----
=== network info ===
if-info: lo,up,127.0.0.1,8,::1
if-info: eth0,up,,8,fe80::f816:3eff:fed6:9aeb
=== datasource: configdrive local ===
instance-id: 7252b437-9f3b-477a-a7c1-981ff39ef3ba
name: tempest.common.compute-instance-1205538060
availability-zone: nova
local-hostname: tempest.common.compute-instance-1205538060.novalocal
launch-index: 0
=== cirros: current=0.3.4 uptime=204.40 ===
route: fscanf
=== pinging gateway failed, debugging connection ===
############ debug start ##############
### /etc/init.d/sshd start
Starting dropbear sshd: OK
route: fscanf
### ifconfig -a
eth0      Link encap:Ethernet  HWaddr FA:16:3E:D6:9A:EB  
          inet6 addr: fe80::f816:3eff:fed6:9aeb/64 Scope:Link
          UP BROADCAST RUNNING MULTICAST  MTU:1500  Metric:1
          RX packets:12 errors:0 dropped:5 overruns:0 frame:0
          TX packets:8 errors:0 dropped:0 overruns:0 carrier:0
          collisions:0 txqueuelen:1000 
          RX bytes:1303 (1.2 KiB)  TX bytes:1134 (1.1 KiB)

lo        Link encap:Local Loopback  
          inet addr:127.0.0.1  Mask:255.0.0.0
          inet6 addr: ::1/128 Scope:Host
          UP LOOPBACK RUNNING  MTU:16436  Metric:1
          RX packets:12 errors:0 dropped:0 overruns:0 frame:0
          TX packets:12 errors:0 dropped:0 overruns:0 carrier:0
          collisions:0 txqueuelen:0 
          RX bytes:1020 (1020.0 B)  TX bytes:1020 (1020.0 B)

### route -n
Kernel IP routing table
Destination     Gateway         Genmask         Flags Metric Ref    Use Iface
route: fscanf
### cat /etc/resolv.conf
cat: can't open '/etc/resolv.conf': No such file or directory
### gateway not found
/sbin/cirros-status: line 1: can't open /etc/resolv.conf: no such file
### pinging nameservers
### uname -a
Linux tempest 3.2.0-80-virtual #116-Ubuntu SMP Mon Mar 23 17:28:52 UTC 2015 x86_64 GNU/Linux
### lsmod
Module                  Size  Used by    Not tainted
nls_iso8859_1          12713  0 
nls_cp437              16991  0 
vfat                   17585  0 
fat                    61512  1 vfat
isofs                  40259  0 
ip_tables              27473  0 
x_tables               29891  1 ip_tables
pcnet32                42119  0 
8139cp                 27360  0 
ne2k_pci               13691  0 
8390                   18856  1 ne2k_pci
e1000                 108589  0 
acpiphp                24231  0 
### dmesg | tail
[    5.088677] EXT3-fs (vda): mounted filesystem with ordered data mode
[    5.416057] ISO 9660 Extensions: Microsoft Joliet Level 3
[    5.496523] ISO 9660 Extensions: RRIP_1991A
[    5.763010] kjournald starting.  Commit interval 5 seconds
[    5.779807] EXT3-fs (vda): using internal journal
[    5.780083] EXT3-fs (vda): mounted filesystem with ordered data mode
[    9.475037] EXT3-fs (vda): using internal journal
[   12.643839] ISO 9660 Extensions: Microsoft Joliet Level 3
[   12.751867] ISO 9660 Extensions: RRIP_1991A
[   27.266404] eth0: no IPv6 routers present
### tail -n 25 /var/log/messages
Dec  3 22:18:56 cirros kern.info kernel: [    4.623334] acpiphp: Slot [22] registered
Dec  3 22:18:56 cirros kern.info kernel: [    4.623685] acpiphp: Slot [23] registered
Dec  3 22:18:56 cirros kern.info kernel: [    4.623983] acpiphp: Slot [24] registered
Dec  3 22:18:56 cirros kern.info kernel: [    4.624037] acpiphp: Slot [25] registered
Dec  3 22:18:56 cirros kern.info kernel: [    4.625401] acpiphp: Slot [26] registered
Dec  3 22:18:56 cirros kern.info kernel: [    4.625703] acpiphp: Slot [27] registered
Dec  3 22:18:56 cirros kern.info kernel: [    4.625818] acpiphp: Slot [28] registered
Dec  3 22:18:56 cirros kern.info kernel: [    4.626730] acpiphp: Slot [29] registered
Dec  3 22:18:56 cirros kern.info kernel: [    4.627046] acpiphp: Slot [30] registered
Dec  3 22:18:56 cirros kern.info kernel: [    4.627357] acpiphp: Slot [31] registered
Dec  3 22:18:56 cirros kern.info kernel: [    4.682095] e1000: Intel(R) PRO/1000 Network Driver - version 7.3.21-k8-NAPI
Dec  3 22:18:56 cirros kern.info kernel: [    4.682169] e1000: Copyright (c) 1999-2006 Intel Corporation.
Dec  3 22:18:56 cirros kern.info kernel: [    5.075392] kjournald starting.  Commit interval 5 seconds
Dec  3 22:18:56 cirros kern.info kernel: [    5.088677] EXT3-fs (vda): mounted filesystem with ordered data mode
Dec  3 22:18:56 cirros kern.debug kernel: [    5.416057] ISO 9660 Extensions: Microsoft Joliet Level 3
Dec  3 22:18:56 cirros kern.debug kernel: [    5.496523] ISO 9660 Extensions: RRIP_1991A
Dec  3 22:18:56 cirros kern.info kernel: [    5.763010] kjournald starting.  Commit interval 5 seconds
Dec  3 22:18:56 cirros kern.info kernel: [    5.779807] EXT3-fs (vda): using internal journal
Dec  3 22:18:56 cirros kern.info kernel: [    5.780083] EXT3-fs (vda): mounted filesystem with ordered data mode
Dec  3 22:18:56 cirros kern.info kernel: [    9.475037] EXT3-fs (vda): using internal journal
Dec  3 22:18:58 cirros kern.debug kernel: [   12.643839] ISO 9660 Extensions: Microsoft Joliet Level 3
Dec  3 22:18:58 cirros kern.debug kernel: [   12.751867] ISO 9660 Extensions: RRIP_1991A
Dec  3 22:19:01 cirros auth.notice su: + /dev/console root:cirros
Dec  3 22:19:12 cirros kern.debug kernel: [   27.266404] eth0: no IPv6 routers present
Dec  3 22:22:08 cirros authpriv.info dropbear[283]: Running in background
############ debug end   ##############
  ____               ____  ____
 / __/ __ ____ ____ / __ \/ __/
/ /__ / // __// __// /_/ /\ \ 
\___//_//_/  /_/   \____/___/ 
   http://cirros-cloud.net


login as 'cirros' user. default password: 'cubswin:)'. use 'sudo' for root.
tempest login: 
2015-12-03 22:22:17,522 20616 INFO     [tempest_lib.common.rest_client] Request (TestGettingAddress:_run_cleanups): 204 DELETE http://10.0.2.15:9696/v2.0/floatingips/06a1910d-3d7c-4a8b-8346-88189cc631b6 0.257s
2015-12-03 22:22:17,523 20616 DEBUG    [tempest_lib.common.rest_client] Request - Headers: {'Content-Type': 'application/json', 'Accept': 'application/json', 'X-Auth-Token': '&lt;omitted&gt;'}
        Body: None
    Response - Headers: {'date': 'Thu, 03 Dec 2015 22:22:17 GMT', 'status': '204', 'connection': 'close', 'content-length': '0', 'x-openstack-request-id': 'req-70708093-ed81-4986-b229-0e26649ed0b0'}
        Body: 
2015-12-03 22:22:17,854 20616 INFO     [tempest_lib.common.rest_client] Request (TestGettingAddress:_run_cleanups): 204 DELETE http://10.0.2.15:8774/v2.1/4c2d322b1e134f4c9caee5a3bc6655f2/servers/7252b437-9f3b-477a-a7c1-981ff39ef3ba 0.331s
2015-12-03 22:22:17,855 20616 DEBUG    [tempest_lib.common.rest_client] Request - Headers: {'Content-Type': 'application/json', 'Accept': 'application/json', 'X-Auth-Token': '&lt;omitted&gt;'}
        Body: None
    Response - Headers: {'status': '204', 'content-length': '0', 'x-compute-request-id': 'req-e0e604cd-5939-4731-b83c-490d176a721b', 'vary': 'X-OpenStack-Nova-API-Version', 'connection': 'close', 'x-openstack-nova-api-version': '2.1', 'date': 'Thu, 03 Dec 2015 22:22:17 GMT', 'content-type': 'application/json'}
        Body: 
2015-12-03 22:22:18,092 20616 INFO     [tempest_lib.common.rest_client] Request (TestGettingAddress:_run_cleanups): 200 GET http://10.0.2.15:8774/v2.1/4c2d322b1e134f4c9caee5a3bc6655f2/servers/7252b437-9f3b-477a-a7c1-981ff39ef3ba 0.236s
2015-12-03 22:22:18,093 20616 DEBUG    [tempest_lib.common.rest_client] Request - Headers: {'Content-Type': 'application/json', 'Accept': 'application/json', 'X-Auth-Token': '&lt;omitted&gt;'}
        Body: None
    Response - Headers: {'status': '200', 'content-length': '1904', 'content-location': 'http://10.0.2.15:8774/v2.1/4c2d322b1e134f4c9caee5a3bc6655f2/servers/7252b437-9f3b-477a-a7c1-981ff39ef3ba', 'x-compute-request-id': 'req-ca717f09-5068-4617-a73d-82aa1a386d30', 'vary': 'X-OpenStack-Nova-API-Version', 'connection': 'close', 'x-openstack-nova-api-version': '2.1', 'date': 'Thu, 03 Dec 2015 22:22:18 GMT', 'content-type': 'application/json'}
        Body: {"server": {"status": "ACTIVE", "updated": "2015-12-03T22:22:17Z", "hostId": "2a4e07921b3dd6fe759c34543e55997cab76f88ef3669cc053ba541d", "addresses": {"tempest-network-smoke--1724869172": [{"OS-EXT-IPS-MAC:mac_addr": "fa:16:3e:d6:9a:eb", "version": 6, "addr": "2003::f816:3eff:fed6:9aeb", "OS-EXT-IPS:type": "fixed"}, {"OS-EXT-IPS-MAC:mac_addr": "fa:16:3e:d6:9a:eb", "version": 4, "addr": "10.100.0.3", "OS-EXT-IPS:type": "fixed"}, {"OS-EXT-IPS-MAC:mac_addr": "fa:16:3e:d6:9a:eb", "version": 4, "addr": "172.24.4.4", "OS-EXT-IPS:type": "floating"}]}, "links": [{"href": "http://10.0.2.15:8774/v2.1/4c2d322b1e134f4c9caee5a3bc6655f2/servers/7252b437-9f3b-477a-a7c1-981ff39ef3ba", "rel": "self"}, {"href": "http://10.0.2.15:8774/4c2d322b1e134f4c9caee5a3bc6655f2/servers/7252b437-9f3b-477a-a7c1-981ff39ef3ba", "rel": "bookmark"}], "key_name": "tempest-TestGettingAddress-1857228173", "image": {"id": "9453316d-716c-4705-9f12-d54adb66c722", "links": [{"href": "http://10.0.2.15:8774/4c2d322b1e134f4c9caee5a3bc6655f2/images/9453316d-716c-4705-9f12-d54adb66c722", "rel": "bookmark"}]}, "OS-EXT-STS:task_state": "deleting", "OS-EXT-STS:vm_state": "active", "OS-SRV-USG:launched_at": "2015-12-03T22:18:42.000000", "flavor": {"id": "42", "links": [{"href": "http://10.0.2.15:8774/4c2d322b1e134f4c9caee5a3bc6655f2/flavors/42", "rel": "bookmark"}]}, "id": "7252b437-9f3b-477a-a7c1-981ff39ef3ba", "security_groups": [{"name": "tempest-secgroup-smoke-674163602"}], "OS-SRV-USG:terminated_at": null, "OS-EXT-AZ:availability_zone": "nova", "user_id": "f7945f0baa844156b8fa0544de5efb8a", "name": "tempest.common.compute-instance-1205538060", "created": "2015-12-03T22:18:39Z", "tenant_id": "4c2d322b1e134f4c9caee5a3bc6655f2", "OS-DCF:diskConfig": "MANUAL", "os-extended-volumes:volumes_attached": [], "accessIPv4": "", "accessIPv6": "", "progress": 0, "OS-EXT-STS:power_state": 1, "config_drive": "True", "metadata": {}}}
2015-12-03 22:22:19,324 20616 INFO     [tempest_lib.common.rest_client] Request (TestGettingAddress:_run_cleanups): 200 GET http://10.0.2.15:8774/v2.1/4c2d322b1e134f4c9caee5a3bc6655f2/servers/7252b437-9f3b-477a-a7c1-981ff39ef3ba 0.218s
2015-12-03 22:22:19,325 20616 DEBUG    [tempest_lib.common.rest_client] Request - Headers: {'Content-Type': 'application/json', 'Accept': 'application/json', 'X-Auth-Token': '&lt;omitted&gt;'}
        Body: None
    Response - Headers: {'status': '200', 'content-length': '1837', 'content-location': 'http://10.0.2.15:8774/v2.1/4c2d322b1e134f4c9caee5a3bc6655f2/servers/7252b437-9f3b-477a-a7c1-981ff39ef3ba', 'x-compute-request-id': 'req-deb11be7-5e72-4ac6-a4e6-030429f9a479', 'vary': 'X-OpenStack-Nova-API-Version', 'connection': 'close', 'x-openstack-nova-api-version': '2.1', 'date': 'Thu, 03 Dec 2015 22:22:19 GMT', 'content-type': 'application/json'}
        Body: {"server": {"status": "ACTIVE", "updated": "2015-12-03T22:22:18Z", "hostId": "2a4e07921b3dd6fe759c34543e55997cab76f88ef3669cc053ba541d", "addresses": {"tempest-network-smoke--1724869172": [{"OS-EXT-IPS-MAC:mac_addr": "fa:16:3e:d6:9a:eb", "version": 6, "addr": "2003::f816:3eff:fed6:9aeb", "OS-EXT-IPS:type": "fixed"}, {"OS-EXT-IPS-MAC:mac_addr": "fa:16:3e:d6:9a:eb", "version": 4, "addr": "10.100.0.3", "OS-EXT-IPS:type": "fixed"}, {"OS-EXT-IPS-MAC:mac_addr": "fa:16:3e:d6:9a:eb", "version": 4, "addr": "172.24.4.4", "OS-EXT-IPS:type": "floating"}]}, "links": [{"href": "http://10.0.2.15:8774/v2.1/4c2d322b1e134f4c9caee5a3bc6655f2/servers/7252b437-9f3b-477a-a7c1-981ff39ef3ba", "rel": "self"}, {"href": "http://10.0.2.15:8774/4c2d322b1e134f4c9caee5a3bc6655f2/servers/7252b437-9f3b-477a-a7c1-981ff39ef3ba", "rel": "bookmark"}], "key_name": "tempest-TestGettingAddress-1857228173", "image": {"id": "9453316d-716c-4705-9f12-d54adb66c722", "links": [{"href": "http://10.0.2.15:8774/4c2d322b1e134f4c9caee5a3bc6655f2/images/9453316d-716c-4705-9f12-d54adb66c722", "rel": "bookmark"}]}, "OS-EXT-STS:task_state": "deleting", "OS-EXT-STS:vm_state": "active", "OS-SRV-USG:launched_at": "2015-12-03T22:18:42.000000", "flavor": {"id": "42", "links": [{"href": "http://10.0.2.15:8774/4c2d322b1e134f4c9caee5a3bc6655f2/flavors/42", "rel": "bookmark"}]}, "id": "7252b437-9f3b-477a-a7c1-981ff39ef3ba", "OS-SRV-USG:terminated_at": null, "OS-EXT-AZ:availability_zone": "nova", "user_id": "f7945f0baa844156b8fa0544de5efb8a", "name": "tempest.common.compute-instance-1205538060", "created": "2015-12-03T22:18:39Z", "tenant_id": "4c2d322b1e134f4c9caee5a3bc6655f2", "OS-DCF:diskConfig": "MANUAL", "os-extended-volumes:volumes_attached": [], "accessIPv4": "", "accessIPv6": "", "progress": 0, "OS-EXT-STS:power_state": 1, "config_drive": "True", "metadata": {}}}
2015-12-03 22:22:20,421 20616 INFO     [tempest_lib.common.rest_client] Request (TestGettingAddress:_run_cleanups): 404 GET http://10.0.2.15:8774/v2.1/4c2d322b1e134f4c9caee5a3bc6655f2/servers/7252b437-9f3b-477a-a7c1-981ff39ef3ba 0.084s
2015-12-03 22:22:20,421 20616 DEBUG    [tempest_lib.common.rest_client] Request - Headers: {'Content-Type': 'application/json', 'Accept': 'application/json', 'X-Auth-Token': '&lt;omitted&gt;'}
        Body: None
    Response - Headers: {'status': '404', 'content-length': '111', 'x-compute-request-id': 'req-76e096d3-d4b4-4de1-a772-2b52867af361', 'vary': 'X-OpenStack-Nova-API-Version', 'connection': 'close', 'x-openstack-nova-api-version': '2.1', 'date': 'Thu, 03 Dec 2015 22:22:20 GMT', 'content-type': 'application/json; charset=UTF-8'}
        Body: {"itemNotFound": {"message": "Instance 7252b437-9f3b-477a-a7c1-981ff39ef3ba could not be found.", "code": 404}}
2015-12-03 22:22:20,860 20616 INFO     [tempest_lib.common.rest_client] Request (TestGettingAddress:_run_cleanups): 200 PUT http://10.0.2.15:9696/v2.0/routers/8545b3b5-d6cb-4891-8cd3-8efb4bdb28d3/remove_router_interface 0.437s
2015-12-03 22:22:20,861 20616 DEBUG    [tempest_lib.common.rest_client] Request - Headers: {'Content-Type': 'application/json', 'Accept': 'application/json', 'X-Auth-Token': '&lt;omitted&gt;'}
