<?xml version="1.0" encoding="UTF-8"?>
<!DOCTYPE html PUBLIC "-//W3C//DTD XHTML 1.0 Strict//EN"
     "http://www.w3.org/TR/xhtml1/DTD/xhtml1-strict.dtd">
<html xmlns="http://www.w3.org/1999/xhtml">
<head>
    <title>Unit Test Report</title>
    <meta name="generator" content="subunit2html 0.1"/>
    <meta http-equiv="Content-Type" content="text/html; charset=UTF-8"/>
    
<style type="text/css" media="screen">
body        { font-family: verdana, arial, helvetica, sans-serif;
    font-size: 80%; }
table       { font-size: 100%; width: 100%;}
pre         { font-size: 80%; }

/* -- heading -------------------------------------------------------------- */
h1 {
        font-size: 16pt;
        color: gray;
}
.heading {
    margin-top: 0ex;
    margin-bottom: 1ex;
}

.heading .attribute {
    margin-top: 1ex;
    margin-bottom: 0;
}

.heading .description {
    margin-top: 4ex;
    margin-bottom: 6ex;
}

/* -- css div popup -------------------------------------------------------- */
a.popup_link {
}

a.popup_link:hover {
    color: red;
}

.popup_window {
    display: none;
    overflow-x: scroll;
    /*border: solid #627173 1px; */
    padding: 10px;
    background-color: #E6E6D6;
    font-family: "Ubuntu Mono", "Lucida Console", "Courier New", monospace;
    text-align: left;
    font-size: 8pt;
}

}
/* -- report --------------------------------------------------------------- */
#show_detail_line {
    margin-top: 3ex;
    margin-bottom: 1ex;
}
#result_table {
    width: 100%;
    border-collapse: collapse;
    border: 1px solid #777;
}
#header_row {
    font-weight: bold;
    color: white;
    background-color: #777;
}
#result_table td {
    border: 1px solid #777;
    padding: 2px;
}
#total_row  { font-weight: bold; }
.passClass  { background-color: #6c6; }
.failClass  { background-color: #c60; }
.errorClass { background-color: #c00; }
.passCase   { color: #6c6; }
.failCase   { color: #c60; font-weight: bold; }
.errorCase  { color: #c00; font-weight: bold; }
.hiddenRow  { display: none; }
.testcase   { margin-left: 2em; }
td.testname {width: 40%}
td.small {width: 40px}

/* -- ending --------------------------------------------------------------- */
#ending {
}

</style>

</head>
<body>
<script language="javascript" type="text/javascript"><!--
output_list = Array();

/* level - 0:Summary; 1:Failed; 2:All */
function showCase(level) {
    trs = document.getElementsByTagName("tr");
    for (var i = 0; i < trs.length; i++) {
        tr = trs[i];
        id = tr.id;
        if (id.substr(0,2) == 'ft') {
            if (level < 1) {
                tr.className = 'hiddenRow';
            }
            else {
                tr.className = '';
            }
        }
        if (id.substr(0,2) == 'pt') {
            if (level > 1) {
                tr.className = '';
            }
            else {
                tr.className = 'hiddenRow';
            }
        }
    }
}


function showClassDetail(cid, count) {
    var id_list = Array(count);
    var toHide = 1;
    for (var i = 0; i < count; i++) {
        tid0 = 't' + cid.substr(1) + '.' + (i+1);
        tid = 'f' + tid0;
        tr = document.getElementById(tid);
        if (!tr) {
            tid = 'p' + tid0;
            tr = document.getElementById(tid);
        }
        id_list[i] = tid;
        if (tr.className) {
            toHide = 0;
        }
    }
    for (var i = 0; i < count; i++) {
        tid = id_list[i];
        if (toHide) {
            document.getElementById('div_'+tid).style.display = 'none'
            document.getElementById(tid).className = 'hiddenRow';
        }
        else {
            document.getElementById(tid).className = '';
        }
    }
}


function showTestDetail(div_id){
    var details_div = document.getElementById(div_id)
    var displayState = details_div.style.display
    // alert(displayState)
    if (displayState != 'block' ) {
        displayState = 'block'
        details_div.style.display = 'block'
    }
    else {
        details_div.style.display = 'none'
    }
}


function html_escape(s) {
    s = s.replace(/&/g,'&amp;');
    s = s.replace(/</g,'&lt;');
    s = s.replace(/>/g,'&gt;');
    return s;
}

/* obsoleted by detail in <div>
function showOutput(id, name) {
    var w = window.open("", //url
                    name,
                    "resizable,scrollbars,status,width=800,height=450");
    d = w.document;
    d.write("<pre>");
    d.write(html_escape(output_list[id]));
    d.write("\n");
    d.write("<a href='javascript:window.close()'>close</a>\n");
    d.write("</pre>\n");
    d.close();
}
*/
--></script>

<div class='heading'>
<h1>Unit Test Report</h1>

<p class='attribute'><strong>Status:</strong> Failure 8</p>

<p class='description'></p>
</div>



<p id='show_detail_line'>Show
<a href='javascript:showCase(0)'>Summary</a>
<a href='javascript:showCase(1)'>Failed</a>
<a href='javascript:showCase(2)'>All</a>
</p>
<table id='result_table'>
<colgroup>
<col align='left' />
<col align='right' />
<col align='right' />
<col align='right' />
<col align='right' />
<col align='right' />
<col align='right' />
<col align='right' />
</colgroup>
<tr id='header_row'>
    <td>Test Group/Test case</td>
    <td>Count</td>
    <td>Pass</td>
    <td>Fail</td>
    <td>Error</td>
    <td>Skip</td>
    <td>View</td>
    <td> </td>
</tr>

<tr class='failClass'>
    <td class="testname">tempest.scenario.test_network_v6.TestGettingAddress</td>
    <td class="small">8</td>
    <td class="small">0</td>
    <td class="small">8</td>
    <td class="small">0</td>
    <td class="small">0</td>
    <td class="small"><a href="javascript:showClassDetail('c1',8)"
>Detail</a></td>
    <td> </td>
</tr>

<tr id='ft1.1' class='none'>
    <td class='failCase'><div class='testcase'>test_dhcp6_stateless_from_os[compute,id-d7e1f858-187c-45a6-89c9-bdafde619a9f,network]</div></td>
    <td colspan='7' align='left'>

    <!--css div popup start-->
    <a class="popup_link" onfocus='this.blur();'
    href="javascript:showTestDetail('div_ft1.1')" >
        fail</a>

    <div id='div_ft1.1' class="popup_window">
        <div style='text-align: right; color:red;cursor:pointer'>
        <a onfocus='this.blur();'
onclick="document.getElementById('div_ft1.1').style.display = 'none' " >
           [x]</a>
        </div>
        <pre>
        
ft1.1: tempest.scenario.test_network_v6.TestGettingAddress.test_dhcp6_stateless_from_os[compute,id-d7e1f858-187c-45a6-89c9-bdafde619a9f,network]_StringException: Empty attachments:
  stderr
  stdout

pythonlogging:'': {{{
2015-12-25 10:14:23,175 21480 INFO     [tempest_lib.common.rest_client] Request (TestGettingAddress:setUp): 200 POST http://10.0.2.15:8774/v2.1/e6bae9afccc6406d979892f90e76cd25/os-keypairs 0.359s
2015-12-25 10:14:23,176 21480 DEBUG    [tempest_lib.common.rest_client] Request - Headers: {'Content-Type': 'application/json', 'Accept': 'application/json', 'X-Auth-Token': '&lt;omitted&gt;'}
        Body: {"keypair": {"name": "tempest-TestGettingAddress-1527599768"}}
    Response - Headers: {'status': '200', 'content-length': '2320', 'x-compute-request-id': 'req-fb130347-7ab4-4433-89f4-3ea77abd1d98', 'vary': 'X-OpenStack-Nova-API-Version', 'connection': 'close', 'x-openstack-nova-api-version': '2.1', 'date': 'Fri, 25 Dec 2015 10:14:23 GMT', 'content-type': 'application/json'}
        Body: {"keypair": {"public_key": "ssh-rsa AAAAB3NzaC1yc2EAAAADAQABAAABAQCxeia7ZlEnwPEfHcBTXSA2HqFisIVzi/WUCu0poK2cn7brhuq3tQtkd7tmffY6t6gOCpnUaVlQCodXY/C2HgGv8b7ArXx0qz8wNE1BtK7lsI9tXBKPVNucSmKZlDY8jZK6rboZaHMRkxrN2MThAY/LHWdZLlw9ah6ESnyBQExQO9RZjD+MCAbKd2fS4A0SSDRMm//7IB+K7NWkF7XhpPQld0HQrOzcY+ajiqI4AD+JIyx2T/VaxSIJikdJAHPvezq2huYV3gzR1uv6S3HnaOoA4ExL2VW8Dx+M3oe5siLwKxotdvpcMpVMwD804C/u3zHHPQDUAAuTosZGUT73c7fT Generated-by-Nova", "private_key": "-----BEGIN RSA PRIVATE KEY-----\nMIIEqQIBAAKCAQEAsXomu2ZRJ8DxHx3AU10gNh6hYrCFc4v1lArtKaCtnJ+264bq\nt7ULZHe7Zn32OreoDgqZ1GlZUAqHV2Pwth4Br/G+wK18dKs/MDRNQbSu5bCPbVwS\nj1TbnEpimZQ2PI2Suq26GWhzEZMazdjE4QGPyx1nWS5cPWoehEp8gUBMUDvUWYw/\njAgGyndn0uANEkg0TJv/+yAfiuzVpBe14aT0JXdB0Kzs3GPmo4qiOAA/iSMsdk/1\nWsUiCYpHSQBz73s6tobmFd4M0dbr+ktx52jqAOBMS9lVvA8fjN6HubIi8CsaLXb6\nXDKVTMA/NOAv7t8xxz0A1AALk6LGRlE+93O30wIDAQABAoIBAHnjnMpD4STeXDu0\noSwf30mMC+bNuTm8O/Nq9asLUXEqN+TWikmVK7fai3g+tmdpTyAlo7TAjbhtIrqg\nRuetABeofguymrE+E2213gFsaFoTws2m2JBcBV/3rnQv2HgJ+2X+fruIgs7lKxmI\n8N5fxjQHg706G9uKEF9nEM9sK31GFK7Ii8hLYRWaHlCKZwUxbX9KnJmT4T4LjRTK\nZi1HovyQZhGvgYAmVEvX7WsVn+u194SM4H8wLhO70OzP0CjWaU/wGHXuxa2/b1/J\nUmqQ6FKYVrt0trD+77uUZQeg5mTI1Lfk1AiMzcgRWCoqN3QsRgImWf78VBneuPDc\nUTmalTECggCBAMkV0z2Zzb5DWOpCGIrkkXAyo9JVSc8xJY5seo85l2KJbK8r6Lu3\nKB4TZOdNq4btFqV6AckRp1kfXifBlkqKzmQo/+eRvEfhJ38Z68JHHF/1gojABi6k\nGuvIF02rznXWi+2JMbL+qI0Q6Q374IX3hPtDdtoUUaqe/HLWly681lGFAoIAgQDh\n8dkYDg5pmfjw9rV4SM6mbkJp74AkRaPFBotDe7DKbYI2z40VYWMGiNIJBgBBEiLT\nwRJ7KUXuqIbB5U1DViVNF6M5rbxN5S20+is7zdOamSTELEmIup9CU3f40SsuTU3P\nXzPi7OthMdLvxbJtm1+pIR1L28yHQUeztSGlW+N3dwKCAIAJNG6PC1NXuk1/q7bj\n5MKjmC3Xmv/d9Cn78wtJMyGy6QeInUHyFdhISCr+S5fmfUPkH0mloqE+eykcOMhg\ncSoxe477UriDsdLVBqK8KfUqj1qCWAfwaqKw2F/4tjylOET/gqA7yVx92KBSe40z\nlLkJp3TxVqzGWrDDsP8KrKpC4QKCAIEAgj45WGZx5Gm/WJe+T9IYXVPdsNdAVKhY\nGTEGgiYA6Q9rKlFGEHcM8C1adZ0h9GCR9uKq1pgaGdLHq2mUuiYkZmYjzxHZJEXh\nrRswZM7nFY0F5pdo5Ao/16np1GIutAgXvFwyurK7lFF2OIULr6cK46GVE69mHOmC\nfZMCDCIF400CggCBAMINVThrI/9Evrv8W1kp+goDaqz6xfqJfn8AvUsBpp95JoJ2\n7kgfj7SbKHxtEKDnYeuxSMPu9EvocoZeaMz53UYA7ITGbGbBHPYYmKP4R5ztcg9w\nHb28izGrA248HUhG5OvApMUI7U9LTViEIJB6VR8ESf/bBo1H8RX6fkDXg4/o\n-----END RSA PRIVATE KEY-----\n", "user_id": "09b32df37bde4847a6d215e9ad73a547", "name": "tempest-TestGettingAddress-1527599768", "fingerprint": "98:f8:f9:1f:95:8b:78:a0:01:dd:fc:de:74:2a:f5:aa"}}
2015-12-25 10:14:23,547 21480 INFO     [tempest_lib.common.rest_client] Request (TestGettingAddress:setUp): 201 POST http://10.0.2.15:9696/v2.0/security-groups 0.367s
2015-12-25 10:14:23,548 21480 DEBUG    [tempest_lib.common.rest_client] Request - Headers: {'Content-Type': 'application/json', 'Accept': 'application/json', 'X-Auth-Token': '&lt;omitted&gt;'}
        Body: {"security_group": {"tenant_id": "e6bae9afccc6406d979892f90e76cd25", "description": "tempest-secgroup-smoke-255833635 description", "name": "tempest-secgroup-smoke-255833635"}}
    Response - Headers: {'status': '201', 'content-length': '886', 'connection': 'close', 'date': 'Fri, 25 Dec 2015 10:14:23 GMT', 'content-type': 'application/json; charset=UTF-8', 'x-openstack-request-id': 'req-a5057d64-0f64-4517-a65a-0472591545ad'}
        Body: {"security_group": {"tenant_id": "e6bae9afccc6406d979892f90e76cd25", "description": "tempest-secgroup-smoke-255833635 description", "id": "3938f95c-10e3-4d84-9293-1225a50b1ca3", "security_group_rules": [{"remote_group_id": null, "direction": "egress", "remote_ip_prefix": null, "protocol": null, "ethertype": "IPv4", "tenant_id": "e6bae9afccc6406d979892f90e76cd25", "port_range_max": null, "port_range_min": null, "id": "bb5dc417-f1cc-4b8d-9b92-2f40ede3cadf", "security_group_id": "3938f95c-10e3-4d84-9293-1225a50b1ca3"}, {"remote_group_id": null, "direction": "egress", "remote_ip_prefix": null, "protocol": null, "ethertype": "IPv6", "tenant_id": "e6bae9afccc6406d979892f90e76cd25", "port_range_max": null, "port_range_min": null, "id": "971754fd-ae61-4674-8f23-cc504664b4df", "security_group_id": "3938f95c-10e3-4d84-9293-1225a50b1ca3"}], "name": "tempest-secgroup-smoke-255833635"}}
2015-12-25 10:14:23,670 21480 INFO     [tempest_lib.common.rest_client] Request (TestGettingAddress:setUp): 201 POST http://10.0.2.15:9696/v2.0/security-group-rules 0.120s
2015-12-25 10:14:23,670 21480 DEBUG    [tempest_lib.common.rest_client] Request - Headers: {'Content-Type': 'application/json', 'Accept': 'application/json', 'X-Auth-Token': '&lt;omitted&gt;'}
        Body: {"security_group_rule": {"direction": "ingress", "protocol": "tcp", "tenant_id": "e6bae9afccc6406d979892f90e76cd25", "port_range_max": 22, "security_group_id": "3938f95c-10e3-4d84-9293-1225a50b1ca3", "port_range_min": 22}}
    Response - Headers: {'status': '201', 'content-length': '340', 'connection': 'close', 'date': 'Fri, 25 Dec 2015 10:14:23 GMT', 'content-type': 'application/json; charset=UTF-8', 'x-openstack-request-id': 'req-c0d67ef3-3993-4ad0-8168-3374f5c0b692'}
        Body: {"security_group_rule": {"remote_group_id": null, "direction": "ingress", "remote_ip_prefix": null, "protocol": "tcp", "ethertype": "IPv4", "tenant_id": "e6bae9afccc6406d979892f90e76cd25", "port_range_max": 22, "port_range_min": 22, "id": "fb629b6d-a046-444c-972c-bf997dfdbe05", "security_group_id": "3938f95c-10e3-4d84-9293-1225a50b1ca3"}}
2015-12-25 10:14:23,790 21480 INFO     [tempest_lib.common.rest_client] Request (TestGettingAddress:setUp): 201 POST http://10.0.2.15:9696/v2.0/security-group-rules 0.118s
2015-12-25 10:14:23,791 21480 DEBUG    [tempest_lib.common.rest_client] Request - Headers: {'Content-Type': 'application/json', 'Accept': 'application/json', 'X-Auth-Token': '&lt;omitted&gt;'}
        Body: {"security_group_rule": {"direction": "egress", "protocol": "tcp", "tenant_id": "e6bae9afccc6406d979892f90e76cd25", "port_range_max": 22, "security_group_id": "3938f95c-10e3-4d84-9293-1225a50b1ca3", "port_range_min": 22}}
    Response - Headers: {'status': '201', 'content-length': '339', 'connection': 'close', 'date': 'Fri, 25 Dec 2015 10:14:23 GMT', 'content-type': 'application/json; charset=UTF-8', 'x-openstack-request-id': 'req-d3165ccd-730e-41e9-b19e-efa4afa9ee38'}
        Body: {"security_group_rule": {"remote_group_id": null, "direction": "egress", "remote_ip_prefix": null, "protocol": "tcp", "ethertype": "IPv4", "tenant_id": "e6bae9afccc6406d979892f90e76cd25", "port_range_max": 22, "port_range_min": 22, "id": "a3a12175-de97-4c46-8adf-449010af0984", "security_group_id": "3938f95c-10e3-4d84-9293-1225a50b1ca3"}}
2015-12-25 10:14:23,933 21480 INFO     [tempest_lib.common.rest_client] Request (TestGettingAddress:setUp): 201 POST http://10.0.2.15:9696/v2.0/security-group-rules 0.141s
2015-12-25 10:14:23,933 21480 DEBUG    [tempest_lib.common.rest_client] Request - Headers: {'Content-Type': 'application/json', 'Accept': 'application/json', 'X-Auth-Token': '&lt;omitted&gt;'}
        Body: {"security_group_rule": {"tenant_id": "e6bae9afccc6406d979892f90e76cd25", "direction": "ingress", "protocol": "icmp", "security_group_id": "3938f95c-10e3-4d84-9293-1225a50b1ca3"}}
    Response - Headers: {'status': '201', 'content-length': '345', 'connection': 'close', 'date': 'Fri, 25 Dec 2015 10:14:23 GMT', 'content-type': 'application/json; charset=UTF-8', 'x-openstack-request-id': 'req-f44b7f23-1557-419c-91cb-0d3c70d83788'}
        Body: {"security_group_rule": {"remote_group_id": null, "direction": "ingress", "remote_ip_prefix": null, "protocol": "icmp", "ethertype": "IPv4", "tenant_id": "e6bae9afccc6406d979892f90e76cd25", "port_range_max": null, "port_range_min": null, "id": "2fc30723-79db-45f5-b35d-d45e5cbbff5b", "security_group_id": "3938f95c-10e3-4d84-9293-1225a50b1ca3"}}
2015-12-25 10:14:24,050 21480 INFO     [tempest_lib.common.rest_client] Request (TestGettingAddress:setUp): 201 POST http://10.0.2.15:9696/v2.0/security-group-rules 0.116s
2015-12-25 10:14:24,051 21480 DEBUG    [tempest_lib.common.rest_client] Request - Headers: {'Content-Type': 'application/json', 'Accept': 'application/json', 'X-Auth-Token': '&lt;omitted&gt;'}
        Body: {"security_group_rule": {"tenant_id": "e6bae9afccc6406d979892f90e76cd25", "direction": "egress", "protocol": "icmp", "security_group_id": "3938f95c-10e3-4d84-9293-1225a50b1ca3"}}
    Response - Headers: {'status': '201', 'content-length': '344', 'connection': 'close', 'date': 'Fri, 25 Dec 2015 10:14:24 GMT', 'content-type': 'application/json; charset=UTF-8', 'x-openstack-request-id': 'req-ce7ce1ab-1277-4e22-bb1c-bd1f0fc6c4fd'}
        Body: {"security_group_rule": {"remote_group_id": null, "direction": "egress", "remote_ip_prefix": null, "protocol": "icmp", "ethertype": "IPv4", "tenant_id": "e6bae9afccc6406d979892f90e76cd25", "port_range_max": null, "port_range_min": null, "id": "3c5e0d1d-1c97-436b-a1bb-363f84ec0df5", "security_group_id": "3938f95c-10e3-4d84-9293-1225a50b1ca3"}}
2015-12-25 10:14:24,325 21480 INFO     [tempest_lib.common.rest_client] Request (TestGettingAddress:setUp): 201 POST http://10.0.2.15:9696/v2.0/security-group-rules 0.273s
2015-12-25 10:14:24,326 21480 DEBUG    [tempest_lib.common.rest_client] Request - Headers: {'Content-Type': 'application/json', 'Accept': 'application/json', 'X-Auth-Token': '&lt;omitted&gt;'}
        Body: {"security_group_rule": {"tenant_id": "e6bae9afccc6406d979892f90e76cd25", "direction": "ingress", "security_group_id": "3938f95c-10e3-4d84-9293-1225a50b1ca3", "protocol": "icmp", "ethertype": "IPv6"}}
    Response - Headers: {'status': '201', 'content-length': '345', 'connection': 'close', 'date': 'Fri, 25 Dec 2015 10:14:24 GMT', 'content-type': 'application/json; charset=UTF-8', 'x-openstack-request-id': 'req-de6ac463-8656-4d52-8064-e71ba6dcd773'}
        Body: {"security_group_rule": {"remote_group_id": null, "direction": "ingress", "remote_ip_prefix": null, "protocol": "icmp", "ethertype": "IPv6", "tenant_id": "e6bae9afccc6406d979892f90e76cd25", "port_range_max": null, "port_range_min": null, "id": "4339c4ba-bb71-45a3-bac5-909877cbf82e", "security_group_id": "3938f95c-10e3-4d84-9293-1225a50b1ca3"}}
2015-12-25 10:14:24,456 21480 INFO     [tempest_lib.common.rest_client] Request (TestGettingAddress:setUp): 201 POST http://10.0.2.15:9696/v2.0/security-group-rules 0.129s
2015-12-25 10:14:24,457 21480 DEBUG    [tempest_lib.common.rest_client] Request - Headers: {'Content-Type': 'application/json', 'Accept': 'application/json', 'X-Auth-Token': '&lt;omitted&gt;'}
        Body: {"security_group_rule": {"tenant_id": "e6bae9afccc6406d979892f90e76cd25", "direction": "egress", "security_group_id": "3938f95c-10e3-4d84-9293-1225a50b1ca3", "protocol": "icmp", "ethertype": "IPv6"}}
    Response - Headers: {'status': '201', 'content-length': '344', 'connection': 'close', 'date': 'Fri, 25 Dec 2015 10:14:24 GMT', 'content-type': 'application/json; charset=UTF-8', 'x-openstack-request-id': 'req-f9916ba5-20fe-4d38-bf1a-4b4ffd7828a6'}
        Body: {"security_group_rule": {"remote_group_id": null, "direction": "egress", "remote_ip_prefix": null, "protocol": "icmp", "ethertype": "IPv6", "tenant_id": "e6bae9afccc6406d979892f90e76cd25", "port_range_max": null, "port_range_min": null, "id": "ca7c754f-5c44-4305-b93a-aab76ba1743f", "security_group_id": "3938f95c-10e3-4d84-9293-1225a50b1ca3"}}
2015-12-25 10:14:24,633 21480 INFO     [tempest_lib.common.rest_client] Request (TestGettingAddress:test_dhcp6_stateless_from_os): 201 POST http://10.0.2.15:9696/v2.0/networks 0.174s
2015-12-25 10:14:24,633 21480 DEBUG    [tempest_lib.common.rest_client] Request - Headers: {'Content-Type': 'application/json', 'Accept': 'application/json', 'X-Auth-Token': '&lt;omitted&gt;'}
        Body: {"network": {"tenant_id": "e6bae9afccc6406d979892f90e76cd25", "name": "tempest-network-smoke--2143344907"}}
    Response - Headers: {'status': '201', 'content-length': '327', 'connection': 'close', 'date': 'Fri, 25 Dec 2015 10:14:24 GMT', 'content-type': 'application/json; charset=UTF-8', 'x-openstack-request-id': 'req-98e15cfa-2701-4e1f-a62c-da3d29ec5b05'}
        Body: {"network": {"status": "ACTIVE", "subnets": [], "availability_zone_hints": [], "name": "tempest-network-smoke--2143344907", "admin_state_up": true, "tenant_id": "e6bae9afccc6406d979892f90e76cd25", "mtu": 0, "router:external": false, "shared": false, "port_security_enabled": true, "id": "bdf3692f-01f2-4366-b8c2-6740b2fab0e4"}}
2015-12-25 10:14:24,833 21480 INFO     [tempest_lib.common.rest_client] Request (TestGettingAddress:test_dhcp6_stateless_from_os): 200 GET http://10.0.2.15:9696/v2.0/subnets?tenant_id=e6bae9afccc6406d979892f90e76cd25&amp;cidr=10.100.0.0%2F28 0.199s
2015-12-25 10:14:24,834 21480 DEBUG    [tempest_lib.common.rest_client] Request - Headers: {'Content-Type': 'application/json', 'Accept': 'application/json', 'X-Auth-Token': '&lt;omitted&gt;'}
        Body: None
    Response - Headers: {'status': '200', 'content-length': '15', 'content-location': 'http://10.0.2.15:9696/v2.0/subnets?tenant_id=e6bae9afccc6406d979892f90e76cd25&amp;cidr=10.100.0.0%2F28', 'connection': 'close', 'date': 'Fri, 25 Dec 2015 10:14:24 GMT', 'content-type': 'application/json; charset=UTF-8', 'x-openstack-request-id': 'req-1e9112af-5b1d-4ebc-bd71-decc8758c8e8'}
        Body: {"subnets": []}
2015-12-25 10:14:25,279 21480 INFO     [tempest_lib.common.rest_client] Request (TestGettingAddress:test_dhcp6_stateless_from_os): 201 POST http://10.0.2.15:9696/v2.0/subnets 0.444s
2015-12-25 10:14:25,280 21480 DEBUG    [tempest_lib.common.rest_client] Request - Headers: {'Content-Type': 'application/json', 'Accept': 'application/json', 'X-Auth-Token': '&lt;omitted&gt;'}
        Body: {"subnet": {"ip_version": 4, "tenant_id": "e6bae9afccc6406d979892f90e76cd25", "cidr": "10.100.0.0/28", "network_id": "bdf3692f-01f2-4366-b8c2-6740b2fab0e4", "name": "tempest-sub4-951088835"}}
    Response - Headers: {'status': '201', 'content-length': '469', 'connection': 'close', 'date': 'Fri, 25 Dec 2015 10:14:25 GMT', 'content-type': 'application/json; charset=UTF-8', 'x-openstack-request-id': 'req-40ddfb92-3c1c-4e7f-87d7-109acd9440cb'}
        Body: {"subnet": {"name": "tempest-sub4-951088835", "enable_dhcp": true, "network_id": "bdf3692f-01f2-4366-b8c2-6740b2fab0e4", "tenant_id": "e6bae9afccc6406d979892f90e76cd25", "dns_nameservers": [], "gateway_ip": "10.100.0.1", "ipv6_ra_mode": null, "allocation_pools": [{"start": "10.100.0.2", "end": "10.100.0.14"}], "host_routes": [], "ip_version": 4, "ipv6_address_mode": null, "cidr": "10.100.0.0/28", "id": "a6af5226-a0f7-492e-9dd5-ec7a9425b4f7", "subnetpool_id": null}}
2015-12-25 10:14:25,349 21480 INFO     [tempest_lib.common.rest_client] Request (TestGettingAddress:test_dhcp6_stateless_from_os): 201 POST http://10.0.2.15:9696/v2.0/routers 0.069s
2015-12-25 10:14:25,350 21480 DEBUG    [tempest_lib.common.rest_client] Request - Headers: {'Content-Type': 'application/json', 'Accept': 'application/json', 'X-Auth-Token': '&lt;omitted&gt;'}
        Body: {"router": {"tenant_id": "e6bae9afccc6406d979892f90e76cd25", "name": "tempest-router-smoke-425296853", "admin_state_up": true}}
    Response - Headers: {'status': '201', 'content-length': '295', 'connection': 'close', 'date': 'Fri, 25 Dec 2015 10:14:25 GMT', 'content-type': 'application/json; charset=UTF-8', 'x-openstack-request-id': 'req-c27ebc31-8474-4137-9747-cf88d8651aa1'}
        Body: {"router": {"status": "ACTIVE", "external_gateway_info": null, "availability_zone_hints": [], "availability_zones": [], "name": "tempest-router-smoke-425296853", "admin_state_up": true, "tenant_id": "e6bae9afccc6406d979892f90e76cd25", "routes": [], "id": "9ca6535b-041d-48d8-af60-3daa7e10dd2b"}}
2015-12-25 10:14:25,398 21480 INFO     [tempest_lib.common.rest_client] Request (TestGettingAddress:test_dhcp6_stateless_from_os): 200 GET http://10.0.2.15:9696/v2.0/routers/9ca6535b-041d-48d8-af60-3daa7e10dd2b 0.047s
2015-12-25 10:14:25,398 21480 DEBUG    [tempest_lib.common.rest_client] Request - Headers: {'Content-Type': 'application/json', 'Accept': 'application/json', 'X-Auth-Token': '&lt;omitted&gt;'}
        Body: None
    Response - Headers: {'status': '200', 'content-length': '295', 'content-location': 'http://10.0.2.15:9696/v2.0/routers/9ca6535b-041d-48d8-af60-3daa7e10dd2b', 'connection': 'close', 'date': 'Fri, 25 Dec 2015 10:14:25 GMT', 'content-type': 'application/json; charset=UTF-8', 'x-openstack-request-id': 'req-61267409-034b-48b5-9d0c-6fba66ab9958'}
        Body: {"router": {"status": "ACTIVE", "external_gateway_info": null, "availability_zone_hints": [], "availability_zones": [], "name": "tempest-router-smoke-425296853", "admin_state_up": true, "tenant_id": "e6bae9afccc6406d979892f90e76cd25", "routes": [], "id": "9ca6535b-041d-48d8-af60-3daa7e10dd2b"}}
2015-12-25 10:14:26,170 21480 INFO     [tempest_lib.common.rest_client] Request (TestGettingAddress:test_dhcp6_stateless_from_os): 200 PUT http://10.0.2.15:9696/v2.0/routers/9ca6535b-041d-48d8-af60-3daa7e10dd2b 0.771s
2015-12-25 10:14:26,171 21480 DEBUG    [tempest_lib.common.rest_client] Request - Headers: {'Content-Type': 'application/json', 'Accept': 'application/json', 'X-Auth-Token': '&lt;omitted&gt;'}
        Body: {"router": {"external_gateway_info": {"network_id": "51296202-3825-4dff-a38e-ac02e9db2643"}, "name": "tempest-router-smoke-425296853", "admin_state_up": true}}
    Response - Headers: {'status': '200', 'content-length': '557', 'connection': 'close', 'date': 'Fri, 25 Dec 2015 10:14:26 GMT', 'content-type': 'application/json; charset=UTF-8', 'x-openstack-request-id': 'req-76ef1d2f-4746-4c81-b2da-ef0003cd0617'}
        Body: {"router": {"status": "ACTIVE", "external_gateway_info": {"network_id": "51296202-3825-4dff-a38e-ac02e9db2643", "enable_snat": true, "external_fixed_ips": [{"subnet_id": "9ca43b98-f62f-4801-ba43-21902a99b3e6", "ip_address": "172.24.4.3"}, {"subnet_id": "808648fc-ce5b-4c2c-9943-3f0df27bf35f", "ip_address": "2001:db8::4"}]}, "availability_zone_hints": [], "availability_zones": [], "name": "tempest-router-smoke-425296853", "admin_state_up": true, "tenant_id": "e6bae9afccc6406d979892f90e76cd25", "routes": [], "id": "9ca6535b-041d-48d8-af60-3daa7e10dd2b"}}
2015-12-25 10:14:26,843 21480 INFO     [tempest_lib.common.rest_client] Request (TestGettingAddress:test_dhcp6_stateless_from_os): 200 PUT http://10.0.2.15:9696/v2.0/routers/9ca6535b-041d-48d8-af60-3daa7e10dd2b/add_router_interface 0.671s
2015-12-25 10:14:26,844 21480 DEBUG    [tempest_lib.common.rest_client] Request - Headers: {'Content-Type': 'application/json', 'Accept': 'application/json', 'X-Auth-Token': '&lt;omitted&gt;'}
        Body: {"subnet_id": "a6af5226-a0f7-492e-9dd5-ec7a9425b4f7"}
    Response - Headers: {'status': '200', 'content-length': '255', 'connection': 'close', 'date': 'Fri, 25 Dec 2015 10:14:26 GMT', 'content-type': 'application/json; charset=UTF-8', 'x-openstack-request-id': 'req-9a3f383e-0c71-47e7-9287-0d8e945cc543'}
        Body: {"subnet_id": "a6af5226-a0f7-492e-9dd5-ec7a9425b4f7", "tenant_id": "e6bae9afccc6406d979892f90e76cd25", "subnet_ids": ["a6af5226-a0f7-492e-9dd5-ec7a9425b4f7"], "port_id": "e7044c6c-23d2-44de-85e5-65f48970a33d", "id": "9ca6535b-041d-48d8-af60-3daa7e10dd2b"}
2015-12-25 10:14:27,052 21480 INFO     [tempest_lib.common.rest_client] Request (TestGettingAddress:test_dhcp6_stateless_from_os): 200 GET http://10.0.2.15:9696/v2.0/subnets?tenant_id=e6bae9afccc6406d979892f90e76cd25&amp;cidr=2003%3A%3A%2F64 0.205s
2015-12-25 10:14:27,052 21480 DEBUG    [tempest_lib.common.rest_client] Request - Headers: {'Content-Type': 'application/json', 'Accept': 'application/json', 'X-Auth-Token': '&lt;omitted&gt;'}
        Body: None
    Response - Headers: {'status': '200', 'content-length': '15', 'content-location': 'http://10.0.2.15:9696/v2.0/subnets?tenant_id=e6bae9afccc6406d979892f90e76cd25&amp;cidr=2003%3A%3A%2F64', 'connection': 'close', 'date': 'Fri, 25 Dec 2015 10:14:27 GMT', 'content-type': 'application/json; charset=UTF-8', 'x-openstack-request-id': 'req-9b7cfeb0-62dd-46e5-adab-56a8a5e79143'}
        Body: {"subnets": []}
2015-12-25 10:14:27,435 21480 INFO     [tempest_lib.common.rest_client] Request (TestGettingAddress:test_dhcp6_stateless_from_os): 201 POST http://10.0.2.15:9696/v2.0/subnets 0.382s
2015-12-25 10:14:27,436 21480 DEBUG    [tempest_lib.common.rest_client] Request - Headers: {'Content-Type': 'application/json', 'Accept': 'application/json', 'X-Auth-Token': '&lt;omitted&gt;'}
        Body: {"subnet": {"name": "tempest-sub6-1989464657", "network_id": "bdf3692f-01f2-4366-b8c2-6740b2fab0e4", "tenant_id": "e6bae9afccc6406d979892f90e76cd25", "ipv6_ra_mode": "dhcpv6-stateless", "ip_version": 6, "ipv6_address_mode": "dhcpv6-stateless", "cidr": "2003::/64"}}
    Response - Headers: {'status': '201', 'content-length': '502', 'connection': 'close', 'date': 'Fri, 25 Dec 2015 10:14:27 GMT', 'content-type': 'application/json; charset=UTF-8', 'x-openstack-request-id': 'req-f28512e0-7440-4d33-b87e-e441daef59fb'}
        Body: {"subnet": {"name": "tempest-sub6-1989464657", "enable_dhcp": true, "network_id": "bdf3692f-01f2-4366-b8c2-6740b2fab0e4", "tenant_id": "e6bae9afccc6406d979892f90e76cd25", "dns_nameservers": [], "gateway_ip": "2003::1", "ipv6_ra_mode": "dhcpv6-stateless", "allocation_pools": [{"start": "2003::2", "end": "2003::ffff:ffff:ffff:ffff"}], "host_routes": [], "ip_version": 6, "ipv6_address_mode": "dhcpv6-stateless", "cidr": "2003::/64", "id": "022fa925-2ee2-4f39-82bf-feef4ef8d29f", "subnetpool_id": null}}
2015-12-25 10:14:28,194 21480 INFO     [tempest_lib.common.rest_client] Request (TestGettingAddress:test_dhcp6_stateless_from_os): 200 PUT http://10.0.2.15:9696/v2.0/routers/9ca6535b-041d-48d8-af60-3daa7e10dd2b/add_router_interface 0.757s
2015-12-25 10:14:28,195 21480 DEBUG    [tempest_lib.common.rest_client] Request - Headers: {'Content-Type': 'application/json', 'Accept': 'application/json', 'X-Auth-Token': '&lt;omitted&gt;'}
        Body: {"subnet_id": "022fa925-2ee2-4f39-82bf-feef4ef8d29f"}
    Response - Headers: {'status': '200', 'content-length': '255', 'connection': 'close', 'date': 'Fri, 25 Dec 2015 10:14:28 GMT', 'content-type': 'application/json; charset=UTF-8', 'x-openstack-request-id': 'req-019f8f0b-30cc-4d41-abf6-2605007cacad'}
        Body: {"subnet_id": "022fa925-2ee2-4f39-82bf-feef4ef8d29f", "tenant_id": "e6bae9afccc6406d979892f90e76cd25", "subnet_ids": ["022fa925-2ee2-4f39-82bf-feef4ef8d29f"], "port_id": "5ae62f82-45d9-4bbe-aef1-58c32b1d6237", "id": "9ca6535b-041d-48d8-af60-3daa7e10dd2b"}
2015-12-25 10:14:28,331 21480 INFO     [tempest_lib.common.rest_client] Request (TestGettingAddress:test_dhcp6_stateless_from_os): 200 POST http://10.0.2.15:5000/v2.0/tokens
2015-12-25 10:14:28,332 21480 DEBUG    [tempest_lib.common.rest_client] Request - Headers: {'Content-Type': 'application/json', 'Accept': 'application/json'}
        Body: &lt;omitted&gt;
    Response - Headers: {'status': '200', 'content-length': '2526', 'vary': 'X-Auth-Token', 'server': 'Apache/2.4.7 (Ubuntu)', 'connection': 'close', 'date': 'Fri, 25 Dec 2015 10:14:28 GMT', 'content-type': 'application/json', 'x-openstack-request-id': 'req-ab17fa33-7803-4e00-9375-d870734e70c7'}
        Body: {"access": {"token": {"issued_at": "2015-12-25T10:14:28.319283", "expires": "2015-12-25T11:14:28Z", "id": "3d1ceb1ceaea419c954c23fcab9d21ae", "tenant": {"description": "tempest-TestGettingAddress-1818216487-desc", "enabled": true, "id": "e6bae9afccc6406d979892f90e76cd25", "name": "tempest-TestGettingAddress-1818216487"}, "audit_ids": ["h2fKXWX_TkaddIou2Kw7Mg"]}, "serviceCatalog": [{"endpoints": [{"adminURL": "http://10.0.2.15:8774/v2.1/e6bae9afccc6406d979892f90e76cd25", "region": "RegionOne", "internalURL": "http://10.0.2.15:8774/v2.1/e6bae9afccc6406d979892f90e76cd25", "id": "022e00a40b374abbbc5e59101d247453", "publicURL": "http://10.0.2.15:8774/v2.1/e6bae9afccc6406d979892f90e76cd25"}], "endpoints_links": [], "type": "compute", "name": "nova"}, {"endpoints": [{"adminURL": "http://10.0.2.15:9696/", "region": "RegionOne", "internalURL": "http://10.0.2.15:9696/", "id": "55d59911a9184d2cb1f72c9bc29ce05b", "publicURL": "http://10.0.2.15:9696/"}], "endpoints_links": [], "type": "network", "name": "neutron"}, {"endpoints": [{"adminURL": "http://10.0.2.15:9292", "region": "RegionOne", "internalURL": "http://10.0.2.15:9292", "id": "4671425f6c3f49bf805b62f55e298fa5", "publicURL": "http://10.0.2.15:9292"}], "endpoints_links": [], "type": "image", "name": "glance"}, {"endpoints": [{"adminURL": "http://10.0.2.15:8774/v2/e6bae9afccc6406d979892f90e76cd25", "region": "RegionOne", "internalURL": "http://10.0.2.15:8774/v2/e6bae9afccc6406d979892f90e76cd25", "id": "2051c78d045448758c50f9536e759c1d", "publicURL": "http://10.0.2.15:8774/v2/e6bae9afccc6406d979892f90e76cd25"}], "endpoints_links": [], "type": "compute_legacy", "name": "nova_legacy"}, {"endpoints": [{"adminURL": "http://10.0.2.15:8773/", "region": "RegionOne", "internalURL": "http://10.0.2.15:8773/", "id": "7dd04405d5644562888ffa6836225721", "publicURL": "http://10.0.2.15:8773/"}], "endpoints_links": [], "type": "ec2", "name": "ec2"}, {"endpoints": [{"adminURL": "http://10.0.2.15:35357/v2.0", "region": "RegionOne", "internalURL": "http://10.0.2.15:5000/v2.0", "id": "76f8066cb645447eb01c30cea4df64ef", "publicURL": "http://10.0.2.15:5000/v2.0"}], "endpoints_links": [], "type": "identity", "name": "keystone"}], "user": {"username": "tempest-TestGettingAddress-1613991788", "roles_links": [], "id": "09b32df37bde4847a6d215e9ad73a547", "roles": [{"name": "_member_"}, {"name": "Member"}], "name": "tempest-TestGettingAddress-1613991788"}, "metadata": {"is_admin": 0, "roles": ["9fe2ff9ee4384b1894a90878d3e92bab", "02b279d54e3342dd83358554a82c5a17"]}}}
2015-12-25 10:14:28,339 21480 DEBUG    [tempest.common.fixed_network] (TestGettingAddress:test_dhcp6_stateless_from_os) No valid network provided or created, defaulting to fixed_network_name
2015-12-25 10:14:28,695 21480 INFO     [tempest_lib.common.rest_client] Request (TestGettingAddress:test_dhcp6_stateless_from_os): 200 GET http://10.0.2.15:8774/v2.1/e6bae9afccc6406d979892f90e76cd25/os-networks 0.355s
2015-12-25 10:14:28,696 21480 DEBUG    [tempest_lib.common.rest_client] Request - Headers: {'Content-Type': 'application/json', 'Accept': 'application/json', 'X-Auth-Token': '&lt;omitted&gt;'}
        Body: None
    Response - Headers: {'status': '200', 'content-length': '479', 'content-location': 'http://10.0.2.15:8774/v2.1/e6bae9afccc6406d979892f90e76cd25/os-networks', 'x-compute-request-id': 'req-56047de3-ff05-4171-8daf-2ba45ceeb747', 'vary': 'X-OpenStack-Nova-API-Version', 'connection': 'close', 'x-openstack-nova-api-version': '2.1', 'date': 'Fri, 25 Dec 2015 10:14:28 GMT', 'content-type': 'application/json'}
        Body: {"networks": [{"cidr_v6": null, "dns2": null, "dns1": null, "gateway": null, "broadcast": null, "netmask": null, "gateway_v6": null, "cidr": null, "label": "tempest-network-smoke--2143344907", "id": "bdf3692f-01f2-4366-b8c2-6740b2fab0e4", "netmask_v6": null}, {"cidr_v6": null, "dns2": null, "dns1": null, "gateway": null, "broadcast": null, "netmask": null, "gateway_v6": null, "cidr": null, "label": "public", "id": "51296202-3825-4dff-a38e-ac02e9db2643", "netmask_v6": null}]}
2015-12-25 10:14:28,696 21480 WARNING  [tempest.common.fixed_network] (TestGettingAddress:test_dhcp6_stateless_from_os) Network with name: private not found
2015-12-25 10:14:28,697 21480 INFO     [tempest.common.fixed_network] (TestGettingAddress:test_dhcp6_stateless_from_os) Found network {} available for tenant
2015-12-25 10:14:29,771 21480 INFO     [tempest_lib.common.rest_client] Request (TestGettingAddress:test_dhcp6_stateless_from_os): 202 POST http://10.0.2.15:8774/v2.1/e6bae9afccc6406d979892f90e76cd25/servers 1.071s
2015-12-25 10:14:29,771 21480 DEBUG    [tempest_lib.common.rest_client] Request - Headers: {'Content-Type': 'application/json', 'Accept': 'application/json', 'X-Auth-Token': '&lt;omitted&gt;'}
        Body: {"server": {"name": "tempest.common.compute-instance-340358651", "imageRef": "d9ce0fd4-86a2-49ed-a382-a95309ad130b", "key_name": "tempest-TestGettingAddress-1527599768", "flavorRef": "42", "networks": [{"uuid": "bdf3692f-01f2-4366-b8c2-6740b2fab0e4"}], "security_groups": [{"name": "tempest-secgroup-smoke-255833635"}]}}
    Response - Headers: {'status': '202', 'content-length': '461', 'x-compute-request-id': 'req-728dffb9-d260-4005-9b8f-7ff83acf8d81', 'vary': 'X-OpenStack-Nova-API-Version', 'connection': 'close', 'location': 'http://10.0.2.15:8774/v2.1/e6bae9afccc6406d979892f90e76cd25/servers/08e66e6c-640e-4a2f-9c46-b30931d8657a', 'x-openstack-nova-api-version': '2.1', 'date': 'Fri, 25 Dec 2015 10:14:29 GMT', 'content-type': 'application/json'}
        Body: {"server": {"security_groups": [{"name": "tempest-secgroup-smoke-255833635"}], "OS-DCF:diskConfig": "MANUAL", "id": "08e66e6c-640e-4a2f-9c46-b30931d8657a", "links": [{"href": "http://10.0.2.15:8774/v2.1/e6bae9afccc6406d979892f90e76cd25/servers/08e66e6c-640e-4a2f-9c46-b30931d8657a", "rel": "self"}, {"href": "http://10.0.2.15:8774/e6bae9afccc6406d979892f90e76cd25/servers/08e66e6c-640e-4a2f-9c46-b30931d8657a", "rel": "bookmark"}], "adminPass": "rYz88Eq3XFeR"}}
2015-12-25 10:14:30,040 21480 INFO     [tempest_lib.common.rest_client] Request (TestGettingAddress:test_dhcp6_stateless_from_os): 200 GET http://10.0.2.15:8774/v2.1/e6bae9afccc6406d979892f90e76cd25/servers/08e66e6c-640e-4a2f-9c46-b30931d8657a 0.266s
2015-12-25 10:14:30,040 21480 DEBUG    [tempest_lib.common.rest_client] Request - Headers: {'Content-Type': 'application/json', 'Accept': 'application/json', 'X-Auth-Token': '&lt;omitted&gt;'}
        Body: None
    Response - Headers: {'status': '200', 'content-length': '1354', 'content-location': 'http://10.0.2.15:8774/v2.1/e6bae9afccc6406d979892f90e76cd25/servers/08e66e6c-640e-4a2f-9c46-b30931d8657a', 'x-compute-request-id': 'req-67588ef7-090f-43e0-a32e-8ee6274e9bde', 'vary': 'X-OpenStack-Nova-API-Version', 'connection': 'close', 'x-openstack-nova-api-version': '2.1', 'date': 'Fri, 25 Dec 2015 10:14:30 GMT', 'content-type': 'application/json'}
        Body: {"server": {"status": "BUILD", "updated": "2015-12-25T10:14:29Z", "hostId": "", "addresses": {}, "links": [{"href": "http://10.0.2.15:8774/v2.1/e6bae9afccc6406d979892f90e76cd25/servers/08e66e6c-640e-4a2f-9c46-b30931d8657a", "rel": "self"}, {"href": "http://10.0.2.15:8774/e6bae9afccc6406d979892f90e76cd25/servers/08e66e6c-640e-4a2f-9c46-b30931d8657a", "rel": "bookmark"}], "key_name": "tempest-TestGettingAddress-1527599768", "image": {"id": "d9ce0fd4-86a2-49ed-a382-a95309ad130b", "links": [{"href": "http://10.0.2.15:8774/e6bae9afccc6406d979892f90e76cd25/images/d9ce0fd4-86a2-49ed-a382-a95309ad130b", "rel": "bookmark"}]}, "OS-EXT-STS:task_state": "scheduling", "OS-EXT-STS:vm_state": "building", "OS-SRV-USG:launched_at": null, "flavor": {"id": "42", "links": [{"href": "http://10.0.2.15:8774/e6bae9afccc6406d979892f90e76cd25/flavors/42", "rel": "bookmark"}]}, "id": "08e66e6c-640e-4a2f-9c46-b30931d8657a", "OS-SRV-USG:terminated_at": null, "OS-EXT-AZ:availability_zone": "", "user_id": "09b32df37bde4847a6d215e9ad73a547", "name": "tempest.common.compute-instance-340358651", "created": "2015-12-25T10:14:29Z", "tenant_id": "e6bae9afccc6406d979892f90e76cd25", "OS-DCF:diskConfig": "MANUAL", "os-extended-volumes:volumes_attached": [], "accessIPv4": "", "accessIPv6": "", "progress": 0, "OS-EXT-STS:power_state": 0, "config_drive": "", "metadata": {}}}
2015-12-25 10:14:31,575 21480 INFO     [tempest_lib.common.rest_client] Request (TestGettingAddress:test_dhcp6_stateless_from_os): 200 GET http://10.0.2.15:8774/v2.1/e6bae9afccc6406d979892f90e76cd25/servers/08e66e6c-640e-4a2f-9c46-b30931d8657a 0.516s
2015-12-25 10:14:31,575 21480 DEBUG    [tempest_lib.common.rest_client] Request - Headers: {'Content-Type': 'application/json', 'Accept': 'application/json', 'X-Auth-Token': '&lt;omitted&gt;'}
        Body: None
    Response - Headers: {'status': '200', 'content-length': '1479', 'content-location': 'http://10.0.2.15:8774/v2.1/e6bae9afccc6406d979892f90e76cd25/servers/08e66e6c-640e-4a2f-9c46-b30931d8657a', 'x-compute-request-id': 'req-54c71317-4966-4213-b092-bdfd9b181e67', 'vary': 'X-OpenStack-Nova-API-Version', 'connection': 'close', 'x-openstack-nova-api-version': '2.1', 'date': 'Fri, 25 Dec 2015 10:14:31 GMT', 'content-type': 'application/json'}
        Body: {"server": {"status": "BUILD", "updated": "2015-12-25T10:14:30Z", "hostId": "6ce7eae9296776aa6a5be81ed86b66c3ae2f94855d5616b33511605c", "addresses": {}, "links": [{"href": "http://10.0.2.15:8774/v2.1/e6bae9afccc6406d979892f90e76cd25/servers/08e66e6c-640e-4a2f-9c46-b30931d8657a", "rel": "self"}, {"href": "http://10.0.2.15:8774/e6bae9afccc6406d979892f90e76cd25/servers/08e66e6c-640e-4a2f-9c46-b30931d8657a", "rel": "bookmark"}], "key_name": "tempest-TestGettingAddress-1527599768", "image": {"id": "d9ce0fd4-86a2-49ed-a382-a95309ad130b", "links": [{"href": "http://10.0.2.15:8774/e6bae9afccc6406d979892f90e76cd25/images/d9ce0fd4-86a2-49ed-a382-a95309ad130b", "rel": "bookmark"}]}, "OS-EXT-STS:task_state": "spawning", "OS-EXT-STS:vm_state": "building", "OS-SRV-USG:launched_at": null, "flavor": {"id": "42", "links": [{"href": "http://10.0.2.15:8774/e6bae9afccc6406d979892f90e76cd25/flavors/42", "rel": "bookmark"}]}, "id": "08e66e6c-640e-4a2f-9c46-b30931d8657a", "security_groups": [{"name": "tempest-secgroup-smoke-255833635"}], "OS-SRV-USG:terminated_at": null, "OS-EXT-AZ:availability_zone": "nova", "user_id": "09b32df37bde4847a6d215e9ad73a547", "name": "tempest.common.compute-instance-340358651", "created": "2015-12-25T10:14:29Z", "tenant_id": "e6bae9afccc6406d979892f90e76cd25", "OS-DCF:diskConfig": "MANUAL", "os-extended-volumes:volumes_attached": [], "accessIPv4": "", "accessIPv6": "", "progress": 0, "OS-EXT-STS:power_state": 0, "config_drive": "", "metadata": {}}}
2015-12-25 10:14:31,588 21480 INFO     [tempest.common.waiters] State transition "BUILD/scheduling" ==&gt; "BUILD/spawning" after 1 second wait
2015-12-25 10:14:32,807 21480 INFO     [tempest_lib.common.rest_client] Request (TestGettingAddress:test_dhcp6_stateless_from_os): 200 GET http://10.0.2.15:8774/v2.1/e6bae9afccc6406d979892f90e76cd25/servers/08e66e6c-640e-4a2f-9c46-b30931d8657a 0.217s
2015-12-25 10:14:32,808 21480 DEBUG    [tempest_lib.common.rest_client] Request - Headers: {'Content-Type': 'application/json', 'Accept': 'application/json', 'X-Auth-Token': '&lt;omitted&gt;'}
        Body: None
    Response - Headers: {'status': '200', 'content-length': '1479', 'content-location': 'http://10.0.2.15:8774/v2.1/e6bae9afccc6406d979892f90e76cd25/servers/08e66e6c-640e-4a2f-9c46-b30931d8657a', 'x-compute-request-id': 'req-a2fe40e2-213d-4f16-bc79-981a09f7ee8e', 'vary': 'X-OpenStack-Nova-API-Version', 'connection': 'close', 'x-openstack-nova-api-version': '2.1', 'date': 'Fri, 25 Dec 2015 10:14:32 GMT', 'content-type': 'application/json'}
        Body: {"server": {"status": "BUILD", "updated": "2015-12-25T10:14:30Z", "hostId": "6ce7eae9296776aa6a5be81ed86b66c3ae2f94855d5616b33511605c", "addresses": {}, "links": [{"href": "http://10.0.2.15:8774/v2.1/e6bae9afccc6406d979892f90e76cd25/servers/08e66e6c-640e-4a2f-9c46-b30931d8657a", "rel": "self"}, {"href": "http://10.0.2.15:8774/e6bae9afccc6406d979892f90e76cd25/servers/08e66e6c-640e-4a2f-9c46-b30931d8657a", "rel": "bookmark"}], "key_name": "tempest-TestGettingAddress-1527599768", "image": {"id": "d9ce0fd4-86a2-49ed-a382-a95309ad130b", "links": [{"href": "http://10.0.2.15:8774/e6bae9afccc6406d979892f90e76cd25/images/d9ce0fd4-86a2-49ed-a382-a95309ad130b", "rel": "bookmark"}]}, "OS-EXT-STS:task_state": "spawning", "OS-EXT-STS:vm_state": "building", "OS-SRV-USG:launched_at": null, "flavor": {"id": "42", "links": [{"href": "http://10.0.2.15:8774/e6bae9afccc6406d979892f90e76cd25/flavors/42", "rel": "bookmark"}]}, "id": "08e66e6c-640e-4a2f-9c46-b30931d8657a", "security_groups": [{"name": "tempest-secgroup-smoke-255833635"}], "OS-SRV-USG:terminated_at": null, "OS-EXT-AZ:availability_zone": "nova", "user_id": "09b32df37bde4847a6d215e9ad73a547", "name": "tempest.common.compute-instance-340358651", "created": "2015-12-25T10:14:29Z", "tenant_id": "e6bae9afccc6406d979892f90e76cd25", "OS-DCF:diskConfig": "MANUAL", "os-extended-volumes:volumes_attached": [], "accessIPv4": "", "accessIPv6": "", "progress": 0, "OS-EXT-STS:power_state": 0, "config_drive": "", "metadata": {}}}
2015-12-25 10:14:34,070 21480 INFO     [tempest_lib.common.rest_client] Request (TestGettingAddress:test_dhcp6_stateless_from_os): 200 GET http://10.0.2.15:8774/v2.1/e6bae9afccc6406d979892f90e76cd25/servers/08e66e6c-640e-4a2f-9c46-b30931d8657a 0.252s
2015-12-25 10:14:34,070 21480 DEBUG    [tempest_lib.common.rest_client] Request - Headers: {'Content-Type': 'application/json', 'Accept': 'application/json', 'X-Auth-Token': '&lt;omitted&gt;'}
        Body: None
    Response - Headers: {'status': '200', 'content-length': '1780', 'content-location': 'http://10.0.2.15:8774/v2.1/e6bae9afccc6406d979892f90e76cd25/servers/08e66e6c-640e-4a2f-9c46-b30931d8657a', 'x-compute-request-id': 'req-66b973e7-81d3-4926-8d07-23b8b7ba1389', 'vary': 'X-OpenStack-Nova-API-Version', 'connection': 'close', 'x-openstack-nova-api-version': '2.1', 'date': 'Fri, 25 Dec 2015 10:14:34 GMT', 'content-type': 'application/json'}
        Body: {"server": {"status": "ACTIVE", "updated": "2015-12-25T10:14:33Z", "hostId": "6ce7eae9296776aa6a5be81ed86b66c3ae2f94855d5616b33511605c", "addresses": {"tempest-network-smoke--2143344907": [{"OS-EXT-IPS-MAC:mac_addr": "fa:16:3e:8e:22:86", "version": 6, "addr": "2003::f816:3eff:fe8e:2286", "OS-EXT-IPS:type": "fixed"}, {"OS-EXT-IPS-MAC:mac_addr": "fa:16:3e:8e:22:86", "version": 4, "addr": "10.100.0.3", "OS-EXT-IPS:type": "fixed"}]}, "links": [{"href": "http://10.0.2.15:8774/v2.1/e6bae9afccc6406d979892f90e76cd25/servers/08e66e6c-640e-4a2f-9c46-b30931d8657a", "rel": "self"}, {"href": "http://10.0.2.15:8774/e6bae9afccc6406d979892f90e76cd25/servers/08e66e6c-640e-4a2f-9c46-b30931d8657a", "rel": "bookmark"}], "key_name": "tempest-TestGettingAddress-1527599768", "image": {"id": "d9ce0fd4-86a2-49ed-a382-a95309ad130b", "links": [{"href": "http://10.0.2.15:8774/e6bae9afccc6406d979892f90e76cd25/images/d9ce0fd4-86a2-49ed-a382-a95309ad130b", "rel": "bookmark"}]}, "OS-EXT-STS:task_state": null, "OS-EXT-STS:vm_state": "active", "OS-SRV-USG:launched_at": "2015-12-25T10:14:33.000000", "flavor": {"id": "42", "links": [{"href": "http://10.0.2.15:8774/e6bae9afccc6406d979892f90e76cd25/flavors/42", "rel": "bookmark"}]}, "id": "08e66e6c-640e-4a2f-9c46-b30931d8657a", "security_groups": [{"name": "tempest-secgroup-smoke-255833635"}], "OS-SRV-USG:terminated_at": null, "OS-EXT-AZ:availability_zone": "nova", "user_id": "09b32df37bde4847a6d215e9ad73a547", "name": "tempest.common.compute-instance-340358651", "created": "2015-12-25T10:14:29Z", "tenant_id": "e6bae9afccc6406d979892f90e76cd25", "OS-DCF:diskConfig": "MANUAL", "os-extended-volumes:volumes_attached": [], "accessIPv4": "", "accessIPv6": "", "progress": 0, "OS-EXT-STS:power_state": 1, "config_drive": "True", "metadata": {}}}
2015-12-25 10:14:34,079 21480 INFO     [tempest.common.waiters] State transition "BUILD/spawning" ==&gt; "ACTIVE/None" after 4 second wait
2015-12-25 10:14:34,280 21480 INFO     [tempest_lib.common.rest_client] Request (TestGettingAddress:test_dhcp6_stateless_from_os): 200 GET http://10.0.2.15:8774/v2.1/e6bae9afccc6406d979892f90e76cd25/servers/08e66e6c-640e-4a2f-9c46-b30931d8657a 0.200s
2015-12-25 10:14:34,280 21480 DEBUG    [tempest_lib.common.rest_client] Request - Headers: {'Content-Type': 'application/json', 'Accept': 'application/json', 'X-Auth-Token': '&lt;omitted&gt;'}
        Body: None
    Response - Headers: {'status': '200', 'content-length': '1780', 'content-location': 'http://10.0.2.15:8774/v2.1/e6bae9afccc6406d979892f90e76cd25/servers/08e66e6c-640e-4a2f-9c46-b30931d8657a', 'x-compute-request-id': 'req-f4e54f30-dc8f-4eda-9c74-5c9791562094', 'vary': 'X-OpenStack-Nova-API-Version', 'connection': 'close', 'x-openstack-nova-api-version': '2.1', 'date': 'Fri, 25 Dec 2015 10:14:34 GMT', 'content-type': 'application/json'}
        Body: {"server": {"status": "ACTIVE", "updated": "2015-12-25T10:14:33Z", "hostId": "6ce7eae9296776aa6a5be81ed86b66c3ae2f94855d5616b33511605c", "addresses": {"tempest-network-smoke--2143344907": [{"OS-EXT-IPS-MAC:mac_addr": "fa:16:3e:8e:22:86", "version": 6, "addr": "2003::f816:3eff:fe8e:2286", "OS-EXT-IPS:type": "fixed"}, {"OS-EXT-IPS-MAC:mac_addr": "fa:16:3e:8e:22:86", "version": 4, "addr": "10.100.0.3", "OS-EXT-IPS:type": "fixed"}]}, "links": [{"href": "http://10.0.2.15:8774/v2.1/e6bae9afccc6406d979892f90e76cd25/servers/08e66e6c-640e-4a2f-9c46-b30931d8657a", "rel": "self"}, {"href": "http://10.0.2.15:8774/e6bae9afccc6406d979892f90e76cd25/servers/08e66e6c-640e-4a2f-9c46-b30931d8657a", "rel": "bookmark"}], "key_name": "tempest-TestGettingAddress-1527599768", "image": {"id": "d9ce0fd4-86a2-49ed-a382-a95309ad130b", "links": [{"href": "http://10.0.2.15:8774/e6bae9afccc6406d979892f90e76cd25/images/d9ce0fd4-86a2-49ed-a382-a95309ad130b", "rel": "bookmark"}]}, "OS-EXT-STS:task_state": null, "OS-EXT-STS:vm_state": "active", "OS-SRV-USG:launched_at": "2015-12-25T10:14:33.000000", "flavor": {"id": "42", "links": [{"href": "http://10.0.2.15:8774/e6bae9afccc6406d979892f90e76cd25/flavors/42", "rel": "bookmark"}]}, "id": "08e66e6c-640e-4a2f-9c46-b30931d8657a", "security_groups": [{"name": "tempest-secgroup-smoke-255833635"}], "OS-SRV-USG:terminated_at": null, "OS-EXT-AZ:availability_zone": "nova", "user_id": "09b32df37bde4847a6d215e9ad73a547", "name": "tempest.common.compute-instance-340358651", "created": "2015-12-25T10:14:29Z", "tenant_id": "e6bae9afccc6406d979892f90e76cd25", "OS-DCF:diskConfig": "MANUAL", "os-extended-volumes:volumes_attached": [], "accessIPv4": "", "accessIPv6": "", "progress": 0, "OS-EXT-STS:power_state": 1, "config_drive": "True", "metadata": {}}}
2015-12-25 10:14:34,321 21480 INFO     [tempest_lib.common.rest_client] Request (TestGettingAddress:test_dhcp6_stateless_from_os): 200 GET http://10.0.2.15:9696/v2.0/ports?status=ACTIVE&amp;fixed_ip=None&amp;device_id=08e66e6c-640e-4a2f-9c46-b30931d8657a 0.032s
2015-12-25 10:14:34,321 21480 DEBUG    [tempest_lib.common.rest_client] Request - Headers: {'Content-Type': 'application/json', 'Accept': 'application/json', 'X-Auth-Token': '&lt;omitted&gt;'}
        Body: None
    Response - Headers: {'status': '200', 'content-length': '1142', 'content-location': 'http://10.0.2.15:9696/v2.0/ports?status=ACTIVE&amp;fixed_ip=None&amp;device_id=08e66e6c-640e-4a2f-9c46-b30931d8657a', 'connection': 'close', 'date': 'Fri, 25 Dec 2015 10:14:34 GMT', 'content-type': 'application/json; charset=UTF-8', 'x-openstack-request-id': 'req-75c278ab-89d1-4ae1-bd9e-1de0ccb59f2e'}
        Body: {"ports": [{"status": "ACTIVE", "binding:host_id": "vagrant-ubuntu-trusty-64", "allowed_address_pairs": [], "extra_dhcp_opts": [], "dns_assignment": [{"hostname": "host-10-100-0-3", "ip_address": "10.100.0.3", "fqdn": "host-10-100-0-3.openstacklocal."}, {"hostname": "host-2003--f816-3eff-fe8e-2286", "ip_address": "2003::f816:3eff:fe8e:2286", "fqdn": "host-2003--f816-3eff-fe8e-2286.openstacklocal."}], "device_owner": "compute:None", "port_security_enabled": true, "binding:profile": {}, "fixed_ips": [{"subnet_id": "a6af5226-a0f7-492e-9dd5-ec7a9425b4f7", "ip_address": "10.100.0.3"}, {"subnet_id": "022fa925-2ee2-4f39-82bf-feef4ef8d29f", "ip_address": "2003::f816:3eff:fe8e:2286"}], "id": "18fa6a1a-ab0f-4360-8d20-d041c2f93705", "security_groups": ["3938f95c-10e3-4d84-9293-1225a50b1ca3"], "device_id": "08e66e6c-640e-4a2f-9c46-b30931d8657a", "name": "", "admin_state_up": true, "network_id": "bdf3692f-01f2-4366-b8c2-6740b2fab0e4", "dns_name": "", "binding:vif_details": {"port_filter": true}, "binding:vnic_type": "normal", "binding:vif_type": "ovs", "tenant_id": "e6bae9afccc6406d979892f90e76cd25", "mac_address": "fa:16:3e:8e:22:86"}]}
2015-12-25 10:14:34,839 21480 INFO     [tempest_lib.common.rest_client] Request (TestGettingAddress:test_dhcp6_stateless_from_os): 201 POST http://10.0.2.15:9696/v2.0/floatingips 0.517s
2015-12-25 10:14:34,839 21480 DEBUG    [tempest_lib.common.rest_client] Request - Headers: {'Content-Type': 'application/json', 'Accept': 'application/json', 'X-Auth-Token': '&lt;omitted&gt;'}
        Body: {"floatingip": {"floating_network_id": "51296202-3825-4dff-a38e-ac02e9db2643", "tenant_id": "e6bae9afccc6406d979892f90e76cd25", "fixed_ip_address": "10.100.0.3", "port_id": "18fa6a1a-ab0f-4360-8d20-d041c2f93705"}}
    Response - Headers: {'status': '201', 'content-length': '367', 'connection': 'close', 'date': 'Fri, 25 Dec 2015 10:14:34 GMT', 'content-type': 'application/json; charset=UTF-8', 'x-openstack-request-id': 'req-b907e1de-5351-4707-a917-b379784fce49'}
        Body: {"floatingip": {"floating_network_id": "51296202-3825-4dff-a38e-ac02e9db2643", "router_id": "9ca6535b-041d-48d8-af60-3daa7e10dd2b", "fixed_ip_address": "10.100.0.3", "floating_ip_address": "172.24.4.4", "tenant_id": "e6bae9afccc6406d979892f90e76cd25", "status": "DOWN", "port_id": "18fa6a1a-ab0f-4360-8d20-d041c2f93705", "id": "d1ba9d67-531a-461f-8f64-aa6bee545312"}}
2015-12-25 10:14:34,840 21480 INFO     [tempest_lib.common.ssh] Creating ssh connection to '172.24.4.4' as 'cirros' with public key authentication
2015-12-25 10:14:38,459 21480 WARNING  [tempest_lib.common.ssh] Failed to establish authenticated ssh connection to cirros@172.24.4.4 ([Errno None] Unable to connect to port 22 on  or 172.24.4.4). Number attempts: 1. Retry after 2 seconds.
2015-12-25 10:14:43,963 21480 WARNING  [tempest_lib.common.ssh] Failed to establish authenticated ssh connection to cirros@172.24.4.4 ([Errno None] Unable to connect to port 22 on  or 172.24.4.4). Number attempts: 2. Retry after 3 seconds.
2015-12-25 10:14:50,467 21480 WARNING  [tempest_lib.common.ssh] Failed to establish authenticated ssh connection to cirros@172.24.4.4 ([Errno None] Unable to connect to port 22 on  or 172.24.4.4). Number attempts: 3. Retry after 4 seconds.
2015-12-25 10:14:57,971 21480 WARNING  [tempest_lib.common.ssh] Failed to establish authenticated ssh connection to cirros@172.24.4.4 ([Errno None] Unable to connect to port 22 on  or 172.24.4.4). Number attempts: 4. Retry after 5 seconds.
2015-12-25 10:15:06,476 21480 WARNING  [tempest_lib.common.ssh] Failed to establish authenticated ssh connection to cirros@172.24.4.4 ([Errno None] Unable to connect to port 22 on  or 172.24.4.4). Number attempts: 5. Retry after 6 seconds.
2015-12-25 10:15:15,985 21480 WARNING  [tempest_lib.common.ssh] Failed to establish authenticated ssh connection to cirros@172.24.4.4 ([Errno None] Unable to connect to port 22 on  or 172.24.4.4). Number attempts: 6. Retry after 7 seconds.
2015-12-25 10:15:26,487 21480 WARNING  [tempest_lib.common.ssh] Failed to establish authenticated ssh connection to cirros@172.24.4.4 ([Errno None] Unable to connect to port 22 on  or 172.24.4.4). Number attempts: 7. Retry after 8 seconds.
2015-12-25 10:15:37,995 21480 WARNING  [tempest_lib.common.ssh] Failed to establish authenticated ssh connection to cirros@172.24.4.4 ([Errno None] Unable to connect to port 22 on  or 172.24.4.4). Number attempts: 8. Retry after 9 seconds.
2015-12-25 10:15:50,499 21480 WARNING  [tempest_lib.common.ssh] Failed to establish authenticated ssh connection to cirros@172.24.4.4 ([Errno None] Unable to connect to port 22 on  or 172.24.4.4). Number attempts: 9. Retry after 10 seconds.
2015-12-25 10:16:04,011 21480 WARNING  [tempest_lib.common.ssh] Failed to establish authenticated ssh connection to cirros@172.24.4.4 ([Errno None] Unable to connect to port 22 on  or 172.24.4.4). Number attempts: 10. Retry after 11 seconds.
2015-12-25 10:16:18,523 21480 WARNING  [tempest_lib.common.ssh] Failed to establish authenticated ssh connection to cirros@172.24.4.4 ([Errno None] Unable to connect to port 22 on  or 172.24.4.4). Number attempts: 11. Retry after 12 seconds.
2015-12-25 10:16:34,039 21480 WARNING  [tempest_lib.common.ssh] Failed to establish authenticated ssh connection to cirros@172.24.4.4 ([Errno None] Unable to connect to port 22 on  or 172.24.4.4). Number attempts: 12. Retry after 13 seconds.
2015-12-25 10:16:50,551 21480 WARNING  [tempest_lib.common.ssh] Failed to establish authenticated ssh connection to cirros@172.24.4.4 ([Errno None] Unable to connect to port 22 on  or 172.24.4.4). Number attempts: 13. Retry after 14 seconds.
2015-12-25 10:17:08,055 21480 WARNING  [tempest_lib.common.ssh] Failed to establish authenticated ssh connection to cirros@172.24.4.4 ([Errno None] Unable to connect to port 22 on  or 172.24.4.4). Number attempts: 14. Retry after 15 seconds.
2015-12-25 10:17:26,564 21480 WARNING  [tempest_lib.common.ssh] Failed to establish authenticated ssh connection to cirros@172.24.4.4 ([Errno None] Unable to connect to port 22 on  or 172.24.4.4). Number attempts: 15. Retry after 16 seconds.
2015-12-25 10:17:46,075 21480 WARNING  [tempest_lib.common.ssh] Failed to establish authenticated ssh connection to cirros@172.24.4.4 ([Errno None] Unable to connect to port 22 on  or 172.24.4.4). Number attempts: 16. Retry after 17 seconds.
2015-12-25 10:18:06,579 21480 WARNING  [tempest_lib.common.ssh] Failed to establish authenticated ssh connection to cirros@172.24.4.4 ([Errno None] Unable to connect to port 22 on  or 172.24.4.4). Number attempts: 17. Retry after 18 seconds.
2015-12-25 10:18:28,087 21480 WARNING  [tempest_lib.common.ssh] Failed to establish authenticated ssh connection to cirros@172.24.4.4 ([Errno None] Unable to connect to port 22 on  or 172.24.4.4). Number attempts: 18. Retry after 19 seconds.
2015-12-25 10:18:50,599 21480 WARNING  [tempest_lib.common.ssh] Failed to establish authenticated ssh connection to cirros@172.24.4.4 ([Errno None] Unable to connect to port 22 on  or 172.24.4.4). Number attempts: 19. Retry after 20 seconds.
2015-12-25 10:19:14,119 21480 WARNING  [tempest_lib.common.ssh] Failed to establish authenticated ssh connection to cirros@172.24.4.4 ([Errno None] Unable to connect to port 22 on  or 172.24.4.4). Number attempts: 20. Retry after 21 seconds.
2015-12-25 10:19:38,644 21480 ERROR    [tempest_lib.common.ssh] Failed to establish authenticated ssh connection to cirros@172.24.4.4 after 20 attempts
2015-12-25 10:19:38.644 21480 ERROR tempest_lib.common.ssh Traceback (most recent call last):
2015-12-25 10:19:38.644 21480 ERROR tempest_lib.common.ssh   File "/usr/local/lib/python2.7/dist-packages/tempest_lib/common/ssh.py", line 75, in _get_ssh_connection
2015-12-25 10:19:38.644 21480 ERROR tempest_lib.common.ssh     timeout=self.channel_timeout, pkey=self.pkey)
2015-12-25 10:19:38.644 21480 ERROR tempest_lib.common.ssh   File "/usr/local/lib/python2.7/dist-packages/paramiko/client.py", line 311, in connect
2015-12-25 10:19:38.644 21480 ERROR tempest_lib.common.ssh     raise NoValidConnectionsError(errors)
2015-12-25 10:19:38.644 21480 ERROR tempest_lib.common.ssh NoValidConnectionsError: [Errno None] Unable to connect to port 22 on  or 172.24.4.4
2015-12-25 10:19:38.644 21480 ERROR tempest_lib.common.ssh 
2015-12-25 10:19:38,646 21480 ERROR    [tempest.scenario.manager] (TestGettingAddress:test_dhcp6_stateless_from_os) Initializing SSH connection to 172.24.4.4 failed. Error: Connection to the 172.24.4.4 via SSH timed out.
User: cirros, Password: None
2015-12-25 10:19:38.646 21480 ERROR tempest.scenario.manager Traceback (most recent call last):
2015-12-25 10:19:38.646 21480 ERROR tempest.scenario.manager   File "tempest/scenario/manager.py", line 386, in get_remote_client
2015-12-25 10:19:38.646 21480 ERROR tempest.scenario.manager     linux_client.validate_authentication()
2015-12-25 10:19:38.646 21480 ERROR tempest.scenario.manager   File "tempest/common/utils/linux/remote_client.py", line 63, in validate_authentication
2015-12-25 10:19:38.646 21480 ERROR tempest.scenario.manager     self.ssh_client.test_connection_auth()
2015-12-25 10:19:38.646 21480 ERROR tempest.scenario.manager   File "/usr/local/lib/python2.7/dist-packages/tempest_lib/common/ssh.py", line 172, in test_connection_auth
2015-12-25 10:19:38.646 21480 ERROR tempest.scenario.manager     connection = self._get_ssh_connection()
2015-12-25 10:19:38.646 21480 ERROR tempest.scenario.manager   File "/usr/local/lib/python2.7/dist-packages/tempest_lib/common/ssh.py", line 87, in _get_ssh_connection
2015-12-25 10:19:38.646 21480 ERROR tempest.scenario.manager     password=self.password)
2015-12-25 10:19:38.646 21480 ERROR tempest.scenario.manager SSHTimeout: Connection to the 172.24.4.4 via SSH timed out.
2015-12-25 10:19:38.646 21480 ERROR tempest.scenario.manager User: cirros, Password: None
2015-12-25 10:19:38.646 21480 ERROR tempest.scenario.manager 
2015-12-25 10:19:38,878 21480 INFO     [tempest_lib.common.rest_client] Request (TestGettingAddress:test_dhcp6_stateless_from_os): 200 GET http://10.0.2.15:8774/v2.1/e6bae9afccc6406d979892f90e76cd25/servers 0.229s
2015-12-25 10:19:38,879 21480 DEBUG    [tempest_lib.common.rest_client] Request - Headers: {'Content-Type': 'application/json', 'Accept': 'application/json', 'X-Auth-Token': '&lt;omitted&gt;'}
        Body: None
    Response - Headers: {'status': '200', 'content-length': '390', 'content-location': 'http://10.0.2.15:8774/v2.1/e6bae9afccc6406d979892f90e76cd25/servers', 'x-compute-request-id': 'req-6671c96e-53d3-47e6-bebe-324eff7e34ee', 'vary': 'X-OpenStack-Nova-API-Version', 'connection': 'close', 'x-openstack-nova-api-version': '2.1', 'date': 'Fri, 25 Dec 2015 10:19:38 GMT', 'content-type': 'application/json'}
        Body: {"servers": [{"id": "08e66e6c-640e-4a2f-9c46-b30931d8657a", "links": [{"href": "http://10.0.2.15:8774/v2.1/e6bae9afccc6406d979892f90e76cd25/servers/08e66e6c-640e-4a2f-9c46-b30931d8657a", "rel": "self"}, {"href": "http://10.0.2.15:8774/e6bae9afccc6406d979892f90e76cd25/servers/08e66e6c-640e-4a2f-9c46-b30931d8657a", "rel": "bookmark"}], "name": "tempest.common.compute-instance-340358651"}]}
2015-12-25 10:19:39,083 21480 INFO     [tempest_lib.common.rest_client] Request (TestGettingAddress:test_dhcp6_stateless_from_os): 200 POST http://10.0.2.15:8774/v2.1/e6bae9afccc6406d979892f90e76cd25/servers/08e66e6c-640e-4a2f-9c46-b30931d8657a/action 0.198s
2015-12-25 10:19:39,084 21480 DEBUG    [tempest_lib.common.rest_client] Request - Headers: {'Content-Type': 'application/json', 'Accept': 'application/json', 'X-Auth-Token': '&lt;omitted&gt;'}
        Body: {"os-getConsoleOutput": {}}
    Response - Headers: {'status': '200', 'content-length': '24769', 'x-compute-request-id': 'req-f616d8a2-6da0-456e-b54d-073a3899c66b', 'vary': 'X-OpenStack-Nova-API-Version', 'connection': 'close', 'x-openstack-nova-api-version': '2.1', 'date': 'Fri, 25 Dec 2015 10:19:39 GMT', 'content-type': 'application/json'}
        Body: {"output": "[    0.000000] Initializing cgroup subsys cpuset\n[    0.000000] Initializing cgroup subsys cpu\n[    0.000000] Linux version 3.2.0-80-virtual (buildd@batsu) (gcc version 4.6.3 (Ubuntu/Linaro 4.6.3-1ubuntu5) ) #116-Ubuntu SMP Mon Mar 23 17:28:52 UTC 2015 (Ubuntu 3.2.0-80.116-virtual 3.2.68)\n[    0.000000] Command line: root=/dev/vda console=tty0 console=ttyS0 no_timer_check\n[    0.000000] KERNEL supported cpus:\n[    0.000000]   Intel GenuineIntel\n[    0.000000]   AMD AuthenticAMD\n[    0.000000]   Centaur CentaurHauls\n[    0.000000] BIOS-provided physical RAM map:\n[    0.000000]  BIOS-e820: 0000000000000000 - 000000000009fc00 (usable)\n[    0.000000]  BIOS-e820: 000000000009fc00 - 00000000000a0000 (reserved)\n[    0.000000]  BIOS-e820: 00000000000f0000 - 0000000000100000 (reserved)\n[    0.000000]  BIOS-e820: 0000000000100000 - 0000000003ffe000 (usable)\n[    0.000000]  BIOS-e820: 0000000003ffe000 - 0000000004000000 (reserved)\n[    0.000000]  BIOS-e820: 00000000fffc0000 - 0000000100000000 (reserved)\n[    0.000000] NX (Execute Disable) protection: active\n[    0.000000] SMBIOS 2.4 present.\n[    0.000000] No AGP bridge found\n[    0.000000] last_pfn = 0x3ffe max_arch_pfn = 0x400000000\n[    0.000000] x86 PAT enabled: cpu 0, old 0x7040600070406, new 0x7010600070106\n[    0.000000] found SMP MP-table at [ffff8800000f0b00] f0b00\n[    0.000000] init_memory_mapping: 0000000000000000-0000000003ffe000\n[    0.000000] RAMDISK: 03c5e000 - 03ff0000\n[    0.000000] ACPI: RSDP 00000000000f0950 00014 (v00 BOCHS )\n[    0.000000] ACPI: RSDT 0000000003fffbc1 00034 (v01 BOCHS  BXPCRSDT 00000001 BXPC 00000001)\n[    0.000000] ACPI: FACP 0000000003fff1c0 00074 (v01 BOCHS  BXPCFACP 00000001 BXPC 00000001)\n[    0.000000] ACPI: DSDT 0000000003ffe040 01180 (v01 BOCHS  BXPCDSDT 00000001 BXPC 00000001)\n[    0.000000] ACPI: FACS 0000000003ffe000 00040\n[    0.000000] ACPI: SSDT 0000000003fff234 008DD (v01 BOCHS  BXPCSSDT 00000001 BXPC 00000001)\n[    0.000000] ACPI: APIC 0000000003fffb11 00078 (v01 BOCHS  BXPCAPIC 00000001 BXPC 00000001)\n[    0.000000] ACPI: HPET 0000000003fffb89 00038 (v01 BOCHS  BXPCHPET 00000001 BXPC 00000001)\n[    0.000000] No NUMA configuration found\n[    0.000000] Faking a node at 0000000000000000-0000000003ffe000\n[    0.000000] Initmem setup node 0 0000000000000000-0000000003ffe000\n[    0.000000]   NODE_DATA [0000000003ff6000 - 0000000003ffafff]\n[    0.000000] Zone PFN ranges:\n[    0.000000]   DMA      0x00000010 -&gt; 0x00001000\n[    0.000000]   DMA32    0x00001000 -&gt; 0x00100000\n[    0.000000]   Normal   empty\n[    0.000000] Movable zone start PFN for each node\n[    0.000000] early_node_map[2] active PFN ranges\n[    0.000000]     0: 0x00000010 -&gt; 0x0000009f\n[    0.000000]     0: 0x00000100 -&gt; 0x00003ffe\n[    0.000000] ACPI: PM-Timer IO Port: 0xb008\n[    0.000000] ACPI: LAPIC (acpi_id[0x00] lapic_id[0x00] enabled)\n[    0.000000] ACPI: LAPIC_NMI (acpi_id[0xff] dfl dfl lint[0x1])\n[    0.000000] ACPI: IOAPIC (id[0x00] address[0xfec00000] gsi_base[0])\n[    0.000000] IOAPIC[0]: apic_id 0, version 17, address 0xfec00000, GSI 0-23\n[    0.000000] ACPI: INT_SRC_OVR (bus 0 bus_irq 0 global_irq 2 dfl dfl)\n[    0.000000] ACPI: INT_SRC_OVR (bus 0 bus_irq 5 global_irq 5 high level)\n[    0.000000] ACPI: INT_SRC_OVR (bus 0 bus_irq 9 global_irq 9 high level)\n[    0.000000] ACPI: INT_SRC_OVR (bus 0 bus_irq 10 global_irq 10 high level)\n[    0.000000] ACPI: INT_SRC_OVR (bus 0 bus_irq 11 global_irq 11 high level)\n[    0.000000] Using ACPI (MADT) for SMP configuration information\n[    0.000000] ACPI: HPET id: 0x8086a201 base: 0xfed00000\n[    0.000000] SMP: Allowing 1 CPUs, 0 hotplug CPUs\n[    0.000000] PM: Registered nosave memory: 000000000009f000 - 00000000000a0000\n[    0.000000] PM: Registered nosave memory: 00000000000a0000 - 00000000000f0000\n[    0.000000] PM: Registered nosave memory: 00000000000f0000 - 0000000000100000\n[    0.000000] Allocating PCI resources starting at 4000000 (gap: 4000000:fbfc0000)\n[    0.000000] Booting paravirtualized kernel on bare hardware\n[    0.000000] setup_pe
2015-12-25 10:19:39,085 21480 DEBUG    [tempest.scenario.manager] Console output for 08e66e6c-640e-4a2f-9c46-b30931d8657a
body=
[    0.000000] Initializing cgroup subsys cpuset
[    0.000000] Initializing cgroup subsys cpu
[    0.000000] Linux version 3.2.0-80-virtual (buildd@batsu) (gcc version 4.6.3 (Ubuntu/Linaro 4.6.3-1ubuntu5) ) #116-Ubuntu SMP Mon Mar 23 17:28:52 UTC 2015 (Ubuntu 3.2.0-80.116-virtual 3.2.68)
[    0.000000] Command line: root=/dev/vda console=tty0 console=ttyS0 no_timer_check
[    0.000000] KERNEL supported cpus:
[    0.000000]   Intel GenuineIntel
[    0.000000]   AMD AuthenticAMD
[    0.000000]   Centaur CentaurHauls
[    0.000000] BIOS-provided physical RAM map:
[    0.000000]  BIOS-e820: 0000000000000000 - 000000000009fc00 (usable)
[    0.000000]  BIOS-e820: 000000000009fc00 - 00000000000a0000 (reserved)
[    0.000000]  BIOS-e820: 00000000000f0000 - 0000000000100000 (reserved)
[    0.000000]  BIOS-e820: 0000000000100000 - 0000000003ffe000 (usable)
[    0.000000]  BIOS-e820: 0000000003ffe000 - 0000000004000000 (reserved)
[    0.000000]  BIOS-e820: 00000000fffc0000 - 0000000100000000 (reserved)
[    0.000000] NX (Execute Disable) protection: active
[    0.000000] SMBIOS 2.4 present.
[    0.000000] No AGP bridge found
[    0.000000] last_pfn = 0x3ffe max_arch_pfn = 0x400000000
[    0.000000] x86 PAT enabled: cpu 0, old 0x7040600070406, new 0x7010600070106
[    0.000000] found SMP MP-table at [ffff8800000f0b00] f0b00
[    0.000000] init_memory_mapping: 0000000000000000-0000000003ffe000
[    0.000000] RAMDISK: 03c5e000 - 03ff0000
[    0.000000] ACPI: RSDP 00000000000f0950 00014 (v00 BOCHS )
[    0.000000] ACPI: RSDT 0000000003fffbc1 00034 (v01 BOCHS  BXPCRSDT 00000001 BXPC 00000001)
[    0.000000] ACPI: FACP 0000000003fff1c0 00074 (v01 BOCHS  BXPCFACP 00000001 BXPC 00000001)
[    0.000000] ACPI: DSDT 0000000003ffe040 01180 (v01 BOCHS  BXPCDSDT 00000001 BXPC 00000001)
[    0.000000] ACPI: FACS 0000000003ffe000 00040
[    0.000000] ACPI: SSDT 0000000003fff234 008DD (v01 BOCHS  BXPCSSDT 00000001 BXPC 00000001)
[    0.000000] ACPI: APIC 0000000003fffb11 00078 (v01 BOCHS  BXPCAPIC 00000001 BXPC 00000001)
[    0.000000] ACPI: HPET 0000000003fffb89 00038 (v01 BOCHS  BXPCHPET 00000001 BXPC 00000001)
[    0.000000] No NUMA configuration found
[    0.000000] Faking a node at 0000000000000000-0000000003ffe000
[    0.000000] Initmem setup node 0 0000000000000000-0000000003ffe000
[    0.000000]   NODE_DATA [0000000003ff6000 - 0000000003ffafff]
[    0.000000] Zone PFN ranges:
[    0.000000]   DMA      0x00000010 -&gt; 0x00001000
[    0.000000]   DMA32    0x00001000 -&gt; 0x00100000
[    0.000000]   Normal   empty
[    0.000000] Movable zone start PFN for each node
[    0.000000] early_node_map[2] active PFN ranges
[    0.000000]     0: 0x00000010 -&gt; 0x0000009f
[    0.000000]     0: 0x00000100 -&gt; 0x00003ffe
[    0.000000] ACPI: PM-Timer IO Port: 0xb008
[    0.000000] ACPI: LAPIC (acpi_id[0x00] lapic_id[0x00] enabled)
[    0.000000] ACPI: LAPIC_NMI (acpi_id[0xff] dfl dfl lint[0x1])
[    0.000000] ACPI: IOAPIC (id[0x00] address[0xfec00000] gsi_base[0])
[    0.000000] IOAPIC[0]: apic_id 0, version 17, address 0xfec00000, GSI 0-23
[    0.000000] ACPI: INT_SRC_OVR (bus 0 bus_irq 0 global_irq 2 dfl dfl)
[    0.000000] ACPI: INT_SRC_OVR (bus 0 bus_irq 5 global_irq 5 high level)
[    0.000000] ACPI: INT_SRC_OVR (bus 0 bus_irq 9 global_irq 9 high level)
[    0.000000] ACPI: INT_SRC_OVR (bus 0 bus_irq 10 global_irq 10 high level)
[    0.000000] ACPI: INT_SRC_OVR (bus 0 bus_irq 11 global_irq 11 high level)
[    0.000000] Using ACPI (MADT) for SMP configuration information
[    0.000000] ACPI: HPET id: 0x8086a201 base: 0xfed00000
[    0.000000] SMP: Allowing 1 CPUs, 0 hotplug CPUs
[    0.000000] PM: Registered nosave memory: 000000000009f000 - 00000000000a0000
[    0.000000] PM: Registered nosave memory: 00000000000a0000 - 00000000000f0000
[    0.000000] PM: Registered nosave memory: 00000000000f0000 - 0000000000100000
[    0.000000] Allocating PCI resources starting at 4000000 (gap: 4000000:fbfc0000)
[    0.000000] Booting paravirtualized kernel on bare hardware
[    0.000000] setup_percpu: NR_CPUS:64 nr_cpumask_bits:64 nr_cpu_ids:1 nr_node_ids:1
[    0.000000] PERCPU: Embedded 27 pages/cpu @ffff880003a00000 s78848 r8192 d23552 u2097152
[    0.000000] Built 1 zonelists in Node order, mobility grouping on.  Total pages: 16008
[    0.000000] Policy zone: DMA32
[    0.000000] Kernel command line: root=/dev/vda console=tty0 console=ttyS0 no_timer_check
[    0.000000] PID hash table entries: 256 (order: -1, 2048 bytes)
[    0.000000] Checking aperture...
[    0.000000] No AGP bridge found
[    0.000000] Memory: 43492k/65528k available (6576k kernel code, 452k absent, 21584k reserved, 6620k data, 928k init)
[    0.000000] SLUB: Genslabs=15, HWalign=64, Order=0-3, MinObjects=0, CPUs=1, Nodes=1
[    0.000000] Hierarchical RCU implementation.
[    0.000000] 	RCU dyntick-idle grace-period acceleration is enabled.
[    0.000000] NR_IRQS:4352 nr_irqs:256 16
[    0.000000] Console: colour VGA+ 80x25
[    0.000000] console [tty0] enabled
[    0.000000] console [ttyS0] enabled
[    0.000000] allocated 1048576 bytes of page_cgroup
[    0.000000] please try 'cgroup_disable=memory' option if you don't want memory cgroups
[    0.000000] Fast TSC calibration failed
[    0.000000] TSC: Unable to calibrate against PIT
[    0.000000] TSC: using HPET reference calibration
[    0.000000] Detected 2293.558 MHz processor.
[    0.033853] Calibrating delay loop (skipped), value calculated using timer frequency.. 4587.11 BogoMIPS (lpj=9174232)
[    0.035908] pid_max: default: 32768 minimum: 301
[    0.044268] Security Framework initialized
[    0.048514] AppArmor: AppArmor initialized
[    0.049200] Yama: becoming mindful.
[    0.056285] Dentry cache hash table entries: 8192 (order: 4, 65536 bytes)
[    0.057880] Inode-cache hash table entries: 4096 (order: 3, 32768 bytes)
[    0.059340] Mount-cache hash table entries: 256
[    0.073566] Initializing cgroup subsys cpuacct
[    0.074516] Initializing cgroup subsys memory
[    0.076424] Initializing cgroup subsys devices
[    0.077149] Initializing cgroup subsys freezer
[    0.077811] Initializing cgroup subsys blkio
[    0.078559] Initializing cgroup subsys perf_event
[    0.083343] mce: CPU supports 10 MCE banks
[    0.086395] SMP alternatives: switching to UP code
[    0.466692] Freeing SMP alternatives: 24k freed
[    0.469022] ACPI: Core revision 20110623
[    0.514685] ftrace: allocating 26610 entries in 105 pages
[    0.544033] ..TIMER: vector=0x30 apic1=0 pin1=2 apic2=-1 pin2=-1
[    0.544141] CPU0: AMD QEMU Virtual CPU version 2.0.0 stepping 03
[    0.552033] APIC calibration not consistent with PM-Timer: 105ms instead of 100ms
[    0.552033] APIC delta adjusted to PM-Timer: 6249821 (6569983)
[    0.553709] Performance Events: Broken PMU hardware detected, using software events only.
[    0.564595] NMI watchdog disabled (cpu0): hardware events not enabled
[    0.566031] Brought up 1 CPUs
[    0.566523] Total of 1 processors activated (4587.11 BogoMIPS).
[    0.590421] devtmpfs: initialized
[    0.622393] EVM: security.selinux
[    0.622849] EVM: security.SMACK64
[    0.623267] EVM: security.capability
[    0.645167] print_constraints: dummy: 
[    0.649391] RTC time: 10:14:37, date: 12/25/15
[    0.656929] NET: Registered protocol family 16
[    0.673409] ACPI: bus type pci registered
[    0.680647] PCI: Using configuration type 1 for base access
[    0.709459] bio: create slab &lt;bio-0&gt; at 0
[    0.713802] ACPI: Added _OSI(Module Device)
[    0.714388] ACPI: Added _OSI(Processor Device)
[    0.714953] ACPI: Added _OSI(3.0 _SCP Extensions)
[    0.716105] ACPI: Added _OSI(Processor Aggregator Device)
[    0.792447] ACPI: Interpreter enabled
[    0.793023] ACPI: (supports S0 S3 S4 S5)
[    0.794586] ACPI: Using IOAPIC for interrupt routing
[    0.862888] ACPI: No dock devices found.
[    0.864176] HEST: Table not found.
[    0.864834] PCI: Using host bridge windows from ACPI; if necessary, use "pci=nocrs" and report a bug
[    0.870430] ACPI: PCI Root Bridge [PCI0] (domain 0000 [bus 00-ff])
[    0.875290] pci_root PNP0A03:00: host bridge window [io  0x0000-0x0cf7]
[    0.876975] pci_root PNP0A03:00: host bridge window [io  0x0d00-0xadff]
[    0.877768] pci_root PNP0A03:00: host bridge window [io  0xae0f-0xaeff]
[    0.878476] pci_root PNP0A03:00: host bridge window [io  0xaf20-0xafdf]
[    0.880102] pci_root PNP0A03:00: host bridge window [io  0xafe4-0xffff]
[    0.880978] pci_root PNP0A03:00: host bridge window [mem 0x000a0000-0x000bffff]
[    0.881793] pci_root PNP0A03:00: host bridge window [mem 0x04000000-0xfebfffff]
[    0.902349] pci 0000:00:01.3: quirk: [io  0xb000-0xb03f] claimed by PIIX4 ACPI
[    0.904171] pci 0000:00:01.3: quirk: [io  0xb100-0xb10f] claimed by PIIX4 SMB
[    0.973879]  pci0000:00: Unable to request _OSC control (_OSC support mask: 0x1e)
[    1.029532] ACPI: PCI Interrupt Link [LNKA] (IRQs 5 *10 11)
[    1.033457] ACPI: PCI Interrupt Link [LNKB] (IRQs 5 *10 11)
[    1.035037] ACPI: PCI Interrupt Link [LNKC] (IRQs 5 10 *11)
[    1.037339] ACPI: PCI Interrupt Link [LNKD] (IRQs 5 10 *11)
[    1.038610] ACPI: PCI Interrupt Link [LNKS] (IRQs *9)
[    1.045905] vgaarb: device added: PCI:0000:00:02.0,decodes=io+mem,owns=io+mem,locks=none
[    1.046862] vgaarb: loaded
[    1.048064] vgaarb: bridge control possible 0000:00:02.0
[    1.052608] i2c-core: driver [aat2870] using legacy suspend method
[    1.053331] i2c-core: driver [aat2870] using legacy resume method
[    1.055432] SCSI subsystem initialized
[    1.058491] usbcore: registered new interface driver usbfs
[    1.060652] usbcore: registered new interface driver hub
[    1.061839] usbcore: registered new device driver usb
[    1.066522] PCI: Using ACPI for IRQ routing
[    1.079488] NetLabel: Initializing
[    1.080170] NetLabel:  domain hash size = 128
[    1.080921] NetLabel:  protocols = UNLABELED CIPSOv4
[    1.086071] NetLabel:  unlabeled traffic allowed by default
[    1.089760] HPET: 3 timers in total, 0 timers will be used for per-cpu timer
[    1.090835] hpet0: at MMIO 0xfed00000, IRQs 2, 8, 0
[    1.092654] hpet0: 3 comparators, 64-bit 100.000000 MHz counter
[    1.102074] Switching to clocksource hpet
[    1.319238] AppArmor: AppArmor Filesystem Enabled
[    1.321407] pnp: PnP ACPI init
[    1.322031] ACPI: bus type pnp registered
[    1.341675] pnp: PnP ACPI: found 9 devices
[    1.342215] ACPI: ACPI bus type pnp unregistered
[    1.397655] NET: Registered protocol family 2
[    1.442774] IP route cache hash table entries: 512 (order: 0, 4096 bytes)
[    1.450256] TCP established hash table entries: 2048 (order: 3, 32768 bytes)
[    1.451316] TCP bind hash table entries: 2048 (order: 3, 32768 bytes)
[    1.452251] TCP: Hash tables configured (established 2048 bind 2048)
[    1.453728] TCP reno registered
[    1.454253] UDP hash table entries: 128 (order: 0, 4096 bytes)
[    1.455073] UDP-Lite hash table entries: 128 (order: 0, 4096 bytes)
[    1.458429] NET: Registered protocol family 1
[    1.458946] pci 0000:00:00.0: Limiting direct PCI/PCI transfers
[    1.459758] pci 0000:00:01.0: PIIX3: Enabling Passive Release
[    1.461590] pci 0000:00:01.0: Activating ISA DMA hang workarounds
[    1.466200] ACPI: PCI Interrupt Link [LNKD] enabled at IRQ 11
[    1.467089] pci 0000:00:01.2: PCI INT D -&gt; Link[LNKD] -&gt; GSI 11 (level, high) -&gt; IRQ 11
[    1.469634] pci 0000:00:01.2: PCI INT D disabled
[    1.487330] Trying to unpack rootfs image as initramfs...
[    1.503521] audit: initializing netlink socket (disabled)
[    1.505846] type=2000 audit(1451038477.504:1): initialized
[    1.795509] HugeTLB registered 2 MB page size, pre-allocated 0 pages
[    1.863968] VFS: Disk quotas dquot_6.5.2
[    1.865929] Dquot-cache hash table entries: 512 (order 0, 4096 bytes)
[    1.885924] fuse init (API version 7.17)
[    1.889061] msgmni has been set to 84
[    1.919698] Block layer SCSI generic (bsg) driver version 0.4 loaded (major 253)
[    1.922072] io scheduler noop registered
[    1.922590] io scheduler deadline registered (default)
[    1.925392] io scheduler cfq registered
[    1.927997] pci_hotplug: PCI Hot Plug PCI Core version: 0.5
[    1.930624] pciehp: PCI Express Hot Plug Controller Driver version: 0.4
[    1.936624] input: Power Button as /devices/LNXSYSTM:00/LNXPWRBN:00/input/input0
[    1.938501] ACPI: Power Button [PWRF]
[    1.994192] ERST: Table is not found!
[    1.994733] GHES: HEST is not enabled!
[    2.003258] ACPI: PCI Interrupt Link [LNKC] enabled at IRQ 10
[    2.003934] virtio-pci 0000:00:03.0: PCI INT A -&gt; Link[LNKC] -&gt; GSI 10 (level, high) -&gt; IRQ 10
[    2.007610] virtio-pci 0000:00:04.0: PCI INT A -&gt; Link[LNKD] -&gt; GSI 11 (level, high) -&gt; IRQ 11
[    2.019291] ACPI: PCI Interrupt Link [LNKA] enabled at IRQ 10
[    2.019936] virtio-pci 0000:00:05.0: PCI INT A -&gt; Link[LNKA] -&gt; GSI 10 (level, high) -&gt; IRQ 10
[    2.033529] Serial: 8250/16550 driver, 32 ports, IRQ sharing enabled
[    2.073582] serial8250: ttyS0 at I/O 0x3f8 (irq = 4) is a 16550A
[    2.151693] serial8250: ttyS1 at I/O 0x2f8 (irq = 3) is a 16550A
[    2.277791] 00:05: ttyS0 at I/O 0x3f8 (irq = 4) is a 16550A
[    2.352649] 00:06: ttyS1 at I/O 0x2f8 (irq = 3) is a 16550A
[    2.404416] Linux agpgart interface v0.103
[    2.473374] Refined TSC clocksource calibration: 2293.548 MHz.
[    2.473946] Switching to clocksource tsc
[    2.477444] brd: module loaded
[    2.503605] loop: module loaded
[    2.584476]  vda: unknown partition table
[    2.633846] scsi0 : ata_piix
[    2.641492] scsi1 : ata_piix
[    2.642770] ata1: PATA max MWDMA2 cmd 0x1f0 ctl 0x3f6 bmdma 0xc0a0 irq 14
[    2.643582] ata2: PATA max MWDMA2 cmd 0x170 ctl 0x376 bmdma 0xc0a8 irq 15
[    2.654306] Fixed MDIO Bus: probed
[    2.655198] tun: Universal TUN/TAP device driver, 1.6
[    2.655752] tun: (C) 1999-2004 Max Krasnyansky &lt;maxk@qualcomm.com&gt;
[    2.669741] PPP generic driver version 2.4.2
[    2.697593] ehci_hcd: USB 2.0 'Enhanced' Host Controller (EHCI) Driver
[    2.699110] ohci_hcd: USB 1.1 'Open' Host Controller (OHCI) Driver
[    2.700155] uhci_hcd: USB Universal Host Controller Interface driver
[    2.702178] uhci_hcd 0000:00:01.2: PCI INT D -&gt; Link[LNKD] -&gt; GSI 11 (level, high) -&gt; IRQ 11
[    2.704910] uhci_hcd 0000:00:01.2: UHCI Host Controller
[    2.706880] uhci_hcd 0000:00:01.2: new USB bus registered, assigned bus number 1
[    2.710763] uhci_hcd 0000:00:01.2: irq 11, io base 0x0000c040
[    2.757609] hub 1-0:1.0: USB hub found
[    2.759799] hub 1-0:1.0: 2 ports detected
[    2.769173] usbcore: registered new interface driver libusual
[    2.773182] i8042: PNP: PS/2 Controller [PNP0303:KBD,PNP0f13:MOU] at 0x60,0x64 irq 1,12
[    2.781290] serio: i8042 KBD port at 0x60,0x64 irq 1
[    2.783218] serio: i8042 AUX port at 0x60,0x64 irq 12
[    2.830963] mousedev: PS/2 mouse device common for all mice
[    2.841259] input: AT Translated Set 2 keyboard as /devices/platform/i8042/serio0/input/input1
[    2.853598] rtc_cmos 00:01: RTC can wake from S4
[    2.877264] ata2.01: ATAPI: QEMU DVD-ROM, 2.0.0, max UDMA/100
[    2.882034] rtc_cmos 00:01: rtc core: registered rtc_cmos as rtc0
[    2.886124] rtc0: alarms up to one day, 114 bytes nvram, hpet irqs
[    2.889412] device-mapper: uevent: version 1.0.3
[    2.903784] ata2.01: configured for MWDMA2
[    2.931321] device-mapper: ioctl: 4.22.0-ioctl (2011-10-19) initialised: dm-devel@redhat.com
[    2.936022] cpuidle: using governor ladder
[    2.938926] cpuidle: using governor menu
[    2.939929] EFI Variables Facility v0.08 2004-May-17
[    2.949297] TCP cubic registered
[    2.952531] NET: Registered protocol family 10
[    2.979228] NET: Registered protocol family 17
[    2.980018] Registering the dns_resolver key type
[    2.995585] scsi 1:0:1:0: CD-ROM            QEMU     QEMU DVD-ROM     2.0. PQ: 0 ANSI: 5
[    3.050420] sr0: scsi3-mmc drive: 4x/4x cd/rw xa/form2 tray
[    3.052501] cdrom: Uniform CD-ROM driver Revision: 3.20
[    3.063378] sr 1:0:1:0: Attached scsi generic sg0 type 5
[    3.120887] Freeing initrd memory: 3656k freed
[    3.136227] registered taskstats version 1
[    3.639328]   Magic number: 11:144:225
[    3.647597] rtc_cmos 00:01: setting system clock to 2015-12-25 10:14:40 UTC (1451038480)
[    3.649314] powernow-k8: Processor cpuid 663 not supported
[    3.654563] BIOS EDD facility v0.16 2004-Jun-25, 0 devices found
[    3.655893] EDD information not available.
[    3.735343] Freeing unused kernel memory: 928k freed
[    3.747901] Write protecting the kernel read-only data: 12288k
[    3.887179] Freeing unused kernel memory: 1596k freed
[    3.944060] Freeing unused kernel memory: 1184k freed

info: initramfs: up at 4.10
modprobe: module virtio_blk not found in modules.dep
modprobe: module virtio_net not found in modules.dep
info: copying initramfs to /dev/vda
info: initramfs loading root from /dev/vda
info: /etc/init.d/rc.sysinit: up at 8.69
info: container: none
Starting logging: OK
modprobe: module virtio_blk not found in modules.dep
modprobe: module virtio_net not found in modules.dep
WARN: /etc/rc3.d/S10-load-modules failed
Initializing random number generator... done.
Starting acpid: OK
cirros-ds 'local' up at 11.15
found datasource (configdrive, local)
Starting network...
udhcpc (v1.20.1) started
Sending discover...
Sending discover...
Sending discover...
Usage: /sbin/cirros-dhcpc &lt;up|down&gt;
No lease, failing
WARN: /etc/rc3.d/S40-network failed
Starting dropbear sshd: generating rsa key... generating dsa key... OK
no userdata for datasource
=== system information ===
Platform: OpenStack Foundation OpenStack Nova
Container: none
Arch: x86_64
CPU(s): 1 @ 2293.558 MHz
Cores/Sockets/Threads: 1/1/1
Virt-type: AMD-V
RAM Size: 49MB
Disks:
NAME MAJ:MIN     SIZE LABEL         MOUNTPOINT
vda  253:0   25165824 cirros-rootfs /
sr0   11:0     428032 config-2      
=== sshd host keys ===
-----BEGIN SSH HOST KEY KEYS-----
ssh-rsa AAAAB3NzaC1yc2EAAAADAQABAAAAgm//i6f1hyICp1NsX4CBDQ572bFCgH6R0TRsdxcBXSyCgvgk5VO04KpDRP1v5oWDmx6j1UahD5EWxv7qyUHSL4qndQPuiPiHoFTuYqDzzNm2n+gMR3UVipoHiRS07zgJqBQhQyPec8OELPwUgzCzIFQfGcSuBb11P73VsMqfu++fhJk= root@tempest
ssh-dss AAAAB3NzaC1kc3MAAACBAMNCMDd0pv/aUvL1mJpHICqBHunJx8JrH/X1k3X3IuCkA6WWS8Gnpk6IaNmM+Ed1NnQGMvoPW62DwrURYIWQLC0rd83s8y5BuI7tA2s4hd7SWvx/vUIK4HGvbYZChBk+UkXTsAaXZS3YG/rC443jKEh6EIf3EIpa+2F2kRDErcyhAAAAFQD603WIGHFgy6seGvZQZsvjrhL7FwAAAIEAirR+GsW6/WEnVXblCf37XcLZ6olrZ84+CPPVSEHakXiA2eKWFdmtkp3wKOnZ3pdrtMsTmVSKFkaEdKUYNIGIvNaIB519HZiteb0D8wZ/Np6CHR2WYtaCvQSZlZy58OGeS4vxJpR1A5u/hb85sLfsYAAmBCRkBYDG3pKkHWTYxy4AAACBALuQ+cyKL6BsrZrUfYTVpufU6N8dLlvaBAim/MLfi9BOPuLLA6EnxDSIVjhlCx4mbVhrkpzNpvOOYbEzK3RAk20J6ewihY8yuVpu7qOr1F7f2qmNM2zrp1jsPdddxOcFpBx+M4VxHcUVdrK9J4r2NCNAqQUVuMekXdo0O53WFE/H root@tempest
-----END SSH HOST KEY KEYS-----
=== network info ===
if-info: lo,up,127.0.0.1,8,::1
if-info: eth0,up,,8,fe80::f816:3eff:fe8e:2286
=== datasource: configdrive local ===
instance-id: 08e66e6c-640e-4a2f-9c46-b30931d8657a
name: tempest.common.compute-instance-340358651
availability-zone: nova
local-hostname: tempest.common.compute-instance-340358651.novalocal
launch-index: 0
=== cirros: current=0.3.4 uptime=200.91 ===
route: fscanf
=== pinging gateway failed, debugging connection ===
############ debug start ##############
### /etc/init.d/sshd start
Starting dropbear sshd: OK
route: fscanf
### ifconfig -a
eth0      Link encap:Ethernet  HWaddr FA:16:3E:8E:22:86  
          inet6 addr: fe80::f816:3eff:fe8e:2286/64 Scope:Link
          UP BROADCAST RUNNING MULTICAST  MTU:1500  Metric:1
          RX packets:12 errors:0 dropped:5 overruns:0 frame:0
          TX packets:8 errors:0 dropped:0 overruns:0 carrier:0
          collisions:0 txqueuelen:1000 
          RX bytes:1303 (1.2 KiB)  TX bytes:1134 (1.1 KiB)

lo        Link encap:Local Loopback  
          inet addr:127.0.0.1  Mask:255.0.0.0
          inet6 addr: ::1/128 Scope:Host
          UP LOOPBACK RUNNING  MTU:16436  Metric:1
          RX packets:12 errors:0 dropped:0 overruns:0 frame:0
          TX packets:12 errors:0 dropped:0 overruns:0 carrier:0
          collisions:0 txqueuelen:0 
          RX bytes:1020 (1020.0 B)  TX bytes:1020 (1020.0 B)

### route -n
Kernel IP routing table
Destination     Gateway         Genmask         Flags Metric Ref    Use Iface
route: fscanf
### cat /etc/resolv.conf
cat: can't open '/etc/resolv.conf': No such file or directory
### gateway not found
/sbin/cirros-status: line 1: can't open /etc/resolv.conf: no such file
### pinging nameservers
### uname -a
Linux tempest 3.2.0-80-virtual #116-Ubuntu SMP Mon Mar 23 17:28:52 UTC 2015 x86_64 GNU/Linux
### lsmod
Module                  Size  Used by    Not tainted
nls_iso8859_1          12713  0 
nls_cp437              16991  0 
vfat                   17585  0 
fat                    61512  1 vfat
isofs                  40259  0 
ip_tables              27473  0 
x_tables               29891  1 ip_tables
pcnet32                42119  0 
8139cp                 27360  0 
ne2k_pci               13691  0 
8390                   18856  1 ne2k_pci
e1000                 108589  0 
acpiphp                24231  0 
### dmesg | tail
[    4.876617] EXT3-fs (vda): mounted filesystem with ordered data mode
[    5.207075] ISO 9660 Extensions: Microsoft Joliet Level 3
[    5.301414] ISO 9660 Extensions: RRIP_1991A
[    5.546098] kjournald starting.  Commit interval 5 seconds
[    5.554780] EXT3-fs (vda): using internal journal
[    5.554892] EXT3-fs (vda): mounted filesystem with ordered data mode
[    8.788991] EXT3-fs (vda): using internal journal
[   11.967714] ISO 9660 Extensions: Microsoft Joliet Level 3
[   12.057345] ISO 9660 Extensions: RRIP_1991A
[   26.649931] eth0: no IPv6 routers present
### tail -n 25 /var/log/messages
Dec 25 10:14:46 cirros kern.info kernel: [    4.391141] acpiphp: Slot [24] registered
Dec 25 10:14:46 cirros kern.info kernel: [    4.391418] acpiphp: Slot [25] registered
Dec 25 10:14:46 cirros kern.info kernel: [    4.391729] acpiphp: Slot [26] registered
Dec 25 10:14:46 cirros kern.info kernel: [    4.392009] acpiphp: Slot [27] registered
Dec 25 10:14:46 cirros kern.info kernel: [    4.392074] acpiphp: Slot [28] registered
Dec 25 10:14:46 cirros kern.info kernel: [    4.393544] acpiphp: Slot [29] registered
Dec 25 10:14:46 cirros kern.info kernel: [    4.393856] acpiphp: Slot [30] registered
Dec 25 10:14:46 cirros kern.info kernel: [    4.393947] acpiphp: Slot [31] registered
Dec 25 10:14:46 cirros kern.info kernel: [    4.458660] e1000: Intel(R) PRO/1000 Network Driver - version 7.3.21-k8-NAPI
Dec 25 10:14:46 cirros kern.info kernel: [    4.458712] e1000: Copyright (c) 1999-2006 Intel Corporation.
Dec 25 10:14:46 cirros kern.info kernel: [    4.597755] pcnet32: pcnet32.c:v1.35 21.Apr.2008 tsbogend@alpha.franken.de
Dec 25 10:14:47 cirros kern.info kernel: [    4.646477] ip_tables: (C) 2000-2006 Netfilter Core Team
Dec 25 10:14:47 cirros kern.info kernel: [    4.862634] kjournald starting.  Commit interval 5 seconds
Dec 25 10:14:47 cirros kern.info kernel: [    4.876617] EXT3-fs (vda): mounted filesystem with ordered data mode
Dec 25 10:14:47 cirros kern.debug kernel: [    5.207075] ISO 9660 Extensions: Microsoft Joliet Level 3
Dec 25 10:14:47 cirros kern.debug kernel: [    5.301414] ISO 9660 Extensions: RRIP_1991A
Dec 25 10:14:47 cirros kern.info kernel: [    5.546098] kjournald starting.  Commit interval 5 seconds
Dec 25 10:14:47 cirros kern.info kernel: [    5.554780] EXT3-fs (vda): using internal journal
Dec 25 10:14:47 cirros kern.info kernel: [    5.554892] EXT3-fs (vda): mounted filesystem with ordered data mode
Dec 25 10:14:47 cirros kern.info kernel: [    8.788991] EXT3-fs (vda): using internal journal
Dec 25 10:14:48 cirros kern.debug kernel: [   11.967714] ISO 9660 Extensions: Microsoft Joliet Level 3
Dec 25 10:14:48 cirros kern.debug kernel: [   12.057345] ISO 9660 Extensions: RRIP_1991A
Dec 25 10:14:51 cirros auth.notice su: + /dev/console root:cirros
Dec 25 10:15:03 cirros kern.debug kernel: [   26.649931] eth0: no IPv6 routers present
Dec 25 10:17:55 cirros authpriv.info dropbear[283]: Running in background
############ debug end   ##############
  ____               ____  ____
 / __/ __ ____ ____ / __ \/ __/
/ /__ / // __// __// /_/ /\ \ 
\___//_//_/  /_/   \____/___/ 
   http://cirros-cloud.net


login as 'cirros' user. default password: 'cubswin:)'. use 'sudo' for root.
tempest login: 
2015-12-25 10:19:39,632 21480 INFO     [tempest_lib.common.rest_client] Request (TestGettingAddress:_run_cleanups): 204 DELETE http://10.0.2.15:9696/v2.0/floatingips/d1ba9d67-531a-461f-8f64-aa6bee545312 0.543s
2015-12-25 10:19:39,632 21480 DEBUG    [tempest_lib.common.rest_client] Request - Headers: {'Content-Type': 'application/json', 'Accept': 'application/json', 'X-Auth-Token': '&lt;omitted&gt;'}
        Body: None
    Response - Headers: {'date': 'Fri, 25 Dec 2015 10:19:39 GMT', 'status': '204', 'connection': 'close', 'content-length': '0', 'x-openstack-request-id': 'req-0a639c24-3303-4413-b2d0-af47f94fa5de'}
        Body: 
2015-12-25 10:19:40,001 21480 INFO     [tempest_lib.common.rest_client] Request (TestGettingAddress:_run_cleanups): 204 DELETE http://10.0.2.15:8774/v2.1/e6bae9afccc6406d979892f90e76cd25/servers/08e66e6c-640e-4a2f-9c46-b30931d8657a 0.368s
2015-12-25 10:19:40,002 21480 DEBUG    [tempest_lib.common.rest_client] Request - Headers: {'Content-Type': 'application/json', 'Accept': 'application/json', 'X-Auth-Token': '&lt;omitted&gt;'}
        Body: None
    Response - Headers: {'status': '204', 'content-length': '0', 'x-compute-request-id': 'req-13a3468d-c452-427b-93cc-fced42b8fde8', 'vary': 'X-OpenStack-Nova-API-Version', 'connection': 'close', 'x-openstack-nova-api-version': '2.1', 'date': 'Fri, 25 Dec 2015 10:19:39 GMT', 'content-type': 'application/json'}
        Body: 
2015-12-25 10:19:40,286 21480 INFO     [tempest_lib.common.rest_client] Request (TestGettingAddress:_run_cleanups): 200 GET http://10.0.2.15:8774/v2.1/e6bae9afccc6406d979892f90e76cd25/servers/08e66e6c-640e-4a2f-9c46-b30931d8657a 0.283s
2015-12-25 10:19:40,287 21480 DEBUG    [tempest_lib.common.rest_client] Request - Headers: {'Content-Type': 'application/json', 'Accept': 'application/json', 'X-Auth-Token': '&lt;omitted&gt;'}
        Body: None
    Response - Headers: {'status': '200', 'content-length': '1903', 'content-location': 'http://10.0.2.15:8774/v2.1/e6bae9afccc6406d979892f90e76cd25/servers/08e66e6c-640e-4a2f-9c46-b30931d8657a', 'x-compute-request-id': 'req-e1247f15-96a3-4363-a934-0480bcf2357d', 'vary': 'X-OpenStack-Nova-API-Version', 'connection': 'close', 'x-openstack-nova-api-version': '2.1', 'date': 'Fri, 25 Dec 2015 10:19:40 GMT', 'content-type': 'application/json'}
        Body: {"server": {"status": "ACTIVE", "updated": "2015-12-25T10:19:39Z", "hostId": "6ce7eae9296776aa6a5be81ed86b66c3ae2f94855d5616b33511605c", "addresses": {"tempest-network-smoke--2143344907": [{"OS-EXT-IPS-MAC:mac_addr": "fa:16:3e:8e:22:86", "version": 4, "addr": "10.100.0.3", "OS-EXT-IPS:type": "fixed"}, {"OS-EXT-IPS-MAC:mac_addr": "fa:16:3e:8e:22:86", "version": 6, "addr": "2003::f816:3eff:fe8e:2286", "OS-EXT-IPS:type": "fixed"}, {"OS-EXT-IPS-MAC:mac_addr": "fa:16:3e:8e:22:86", "version": 4, "addr": "172.24.4.4", "OS-EXT-IPS:type": "floating"}]}, "links": [{"href": "http://10.0.2.15:8774/v2.1/e6bae9afccc6406d979892f90e76cd25/servers/08e66e6c-640e-4a2f-9c46-b30931d8657a", "rel": "self"}, {"href": "http://10.0.2.15:8774/e6bae9afccc6406d979892f90e76cd25/servers/08e66e6c-640e-4a2f-9c46-b30931d8657a", "rel": "bookmark"}], "key_name": "tempest-TestGettingAddress-1527599768", "image": {"id": "d9ce0fd4-86a2-49ed-a382-a95309ad130b", "links": [{"href": "http://10.0.2.15:8774/e6bae9afccc6406d979892f90e76cd25/images/d9ce0fd4-86a2-49ed-a382-a95309ad130b", "rel": "bookmark"}]}, "OS-EXT-STS:task_state": "deleting", "OS-EXT-STS:vm_state": "active", "OS-SRV-USG:launched_at": "2015-12-25T10:14:33.000000", "flavor": {"id": "42", "links": [{"href": "http://10.0.2.15:8774/e6bae9afccc6406d979892f90e76cd25/flavors/42", "rel": "bookmark"}]}, "id": "08e66e6c-640e-4a2f-9c46-b30931d8657a", "security_groups": [{"name": "tempest-secgroup-smoke-255833635"}], "OS-SRV-USG:terminated_at": null, "OS-EXT-AZ:availability_zone": "nova", "user_id": "09b32df37bde4847a6d215e9ad73a547", "name": "tempest.common.compute-instance-340358651", "created": "2015-12-25T10:14:29Z", "tenant_id": "e6bae9afccc6406d979892f90e76cd25", "OS-DCF:diskConfig": "MANUAL", "os-extended-volumes:volumes_attached": [], "accessIPv4": "", "accessIPv6": "", "progress": 0, "OS-EXT-STS:power_state": 1, "config_drive": "True", "metadata": {}}}
2015-12-25 10:19:41,430 21480 INFO     [tempest_lib.common.rest_client] Request (TestGettingAddress:_run_cleanups): 200 GET http://10.0.2.15:8774/v2.1/e6bae9afccc6406d979892f90e76cd25/servers/08e66e6c-640e-4a2f-9c46-b30931d8657a 0.127s
2015-12-25 10:19:41,431 21480 DEBUG    [tempest_lib.common.rest_client] Request - Headers: {'Content-Type': 'application/json', 'Accept': 'application/json', 'X-Auth-Token': '&lt;omitted&gt;'}
        Body: None
    Response - Headers: {'status': '200', 'content-length': '1836', 'content-location': 'http://10.0.2.15:8774/v2.1/e6bae9afccc6406d979892f90e76cd25/servers/08e66e6c-640e-4a2f-9c46-b30931d8657a', 'x-compute-request-id': 'req-12325117-d82a-40f2-9d6d-88b9271595ed', 'vary': 'X-OpenStack-Nova-API-Version', 'connection': 'close', 'x-openstack-nova-api-version': '2.1', 'date': 'Fri, 25 Dec 2015 10:19:41 GMT', 'content-type': 'application/json'}
        Body: {"server": {"status": "ACTIVE", "updated": "2015-12-25T10:19:40Z", "hostId": "6ce7eae9296776aa6a5be81ed86b66c3ae2f94855d5616b33511605c", "addresses": {"tempest-network-smoke--2143344907": [{"OS-EXT-IPS-MAC:mac_addr": "fa:16:3e:8e:22:86", "version": 4, "addr": "10.100.0.3", "OS-EXT-IPS:type": "fixed"}, {"OS-EXT-IPS-MAC:mac_addr": "fa:16:3e:8e:22:86", "version": 6, "addr": "2003::f816:3eff:fe8e:2286", "OS-EXT-IPS:type": "fixed"}, {"OS-EXT-IPS-MAC:mac_addr": "fa:16:3e:8e:22:86", "version": 4, "addr": "172.24.4.4", "OS-EXT-IPS:type": "floating"}]}, "links": [{"href": "http://10.0.2.15:8774/v2.1/e6bae9afccc6406d979892f90e76cd25/servers/08e66e6c-640e-4a2f-9c46-b30931d8657a", "rel": "self"}, {"href": "http://10.0.2.15:8774/e6bae9afccc6406d979892f90e76cd25/servers/08e66e6c-640e-4a2f-9c46-b30931d8657a", "rel": "bookmark"}], "key_name": "tempest-TestGettingAddress-1527599768", "image": {"id": "d9ce0fd4-86a2-49ed-a382-a95309ad130b", "links": [{"href": "http://10.0.2.15:8774/e6bae9afccc6406d979892f90e76cd25/images/d9ce0fd4-86a2-49ed-a382-a95309ad130b", "rel": "bookmark"}]}, "OS-EXT-STS:task_state": "deleting", "OS-EXT-STS:vm_state": "active", "OS-SRV-USG:launched_at": "2015-12-25T10:14:33.000000", "flavor": {"id": "42", "links": [{"href": "http://10.0.2.15:8774/e6bae9afccc6406d979892f90e76cd25/flavors/42", "rel": "bookmark"}]}, "id": "08e66e6c-640e-4a2f-9c46-b30931d8657a", "OS-SRV-USG:terminated_at": null, "OS-EXT-AZ:availability_zone": "nova", "user_id": "09b32df37bde4847a6d215e9ad73a547", "name": "tempest.common.compute-instance-340358651", "created": "2015-12-25T10:14:29Z", "tenant_id": "e6bae9afccc6406d979892f90e76cd25", "OS-DCF:diskConfig": "MANUAL", "os-extended-volumes:volumes_attached": [], "accessIPv4": "", "accessIPv6": "", "progress": 0, "OS-EXT-STS:power_state": 1, "config_drive": "True", "metadata": {}}}
2015-12-25 10:19:42,522 21480 INFO     [tempest_lib.common.rest_client] Request (TestGettingAddress:_run_cleanups): 404 GET http://10.0.2.15:8774/v2.1/e6bae9afccc6406d979892f90e76cd25/servers/08e66e6c-640e-4a2f-9c46-b30931d8657a 0.079s
2015-12-25 10:19:42,522 21480 DEBUG    [tempest_lib.common.rest_client] Request - Headers: {'Content-Type': 'application/json', 'Accept': 'application/json', 'X-Auth-Token': '&lt;omitted&gt;'}
        Body: None
    Response - Headers: {'status': '404', 'content-length': '111', 'x-compute-request-id': 'req-35af52ee-a6ae-40fa-823d-17013a973df1', 'vary': 'X-OpenStack-Nova-API-Version', 'connection': 'close', 'x-openstack-nova-api-version': '2.1', 'date': 'Fri, 25 Dec 2015 10:19:42 GMT', 'content-type': 'application/json; charset=UTF-8'}
        Body: {"itemNotFound": {"message": "Instance 08e66e6c-640e-4a2f-9c46-b30931d8657a could not be found.", "code": 404}}
2015-12-25 10:19:42,991 21480 INFO     [tempest_lib.common.rest_client] Request (TestGettingAddress:_run_cleanups): 200 PUT http://10.0.2.15:9696/v2.0/routers/9ca6535b-041d-48d8-af60-3daa7e10dd2b/remove_router_interface 0.468s
2015-12-25 10:19:42,992 21480 DEBUG    [tempest_lib.common.rest_client] Request - Headers: {'Content-Type': 'application/json', 'Accept': 'application/json', 'X-Auth-Token': '&lt;omitted&gt;'}
        Body: {"subnet_id": "022fa925-2ee2-4f39-82bf-feef4ef8d29f"}
    Response - Headers: {'status': '200', 'content-length': '255', 'connection': 'close', 'date': 'Fri, 25 Dec 2015 10:19:42 GMT', 'content-type': 'application/json; charset=UTF-8', 'x-openstack-request-id': 'req-8b0aa610-4898-40e3-9c76-ffa6dd2735b1'}
        Body: {"subnet_id": "022fa925-2ee2-4f39-82bf-feef4ef8d29f", "tenant_id": "e6bae9afccc6406d979892f90e76cd25", "subnet_ids": ["022fa925-2ee2-4f39-82bf-feef4ef8d29f"], "port_id": "5ae62f82-45d9-4bbe-aef1-58c32b1d6237", "id": "9ca6535b-041d-48d8-af60-3daa7e10dd2b"}
2015-12-25 10:19:43,431 21480 INFO     [tempest_lib.common.rest_client] Request (TestGettingAddress:_run_cleanups): 204 DELETE http://10.0.2.15:9696/v2.0/subnets/022fa925-2ee2-4f39-82bf-feef4ef8d29f 0.438s
2015-12-25 10:19:43,432 21480 DEBUG    [tempest_lib.common.rest_client] Request - Headers: {'Content-Type': 'application/json', 'Accept': 'application/json', 'X-Auth-Token': '&lt;omitted&gt;'}
        Body: None
