<?xml version="1.0" encoding="UTF-8"?>
<!DOCTYPE html PUBLIC "-//W3C//DTD XHTML 1.0 Strict//EN"
     "http://www.w3.org/TR/xhtml1/DTD/xhtml1-strict.dtd">
<html xmlns="http://www.w3.org/1999/xhtml">
<head>
    <title>Unit Test Report</title>
    <meta name="generator" content="subunit2html 0.1"/>
    <meta http-equiv="Content-Type" content="text/html; charset=UTF-8"/>
    
<style type="text/css" media="screen">
body        { font-family: verdana, arial, helvetica, sans-serif;
    font-size: 80%; }
table       { font-size: 100%; width: 100%;}
pre         { font-size: 80%; }

/* -- heading -------------------------------------------------------------- */
h1 {
        font-size: 16pt;
        color: gray;
}
.heading {
    margin-top: 0ex;
    margin-bottom: 1ex;
}

.heading .attribute {
    margin-top: 1ex;
    margin-bottom: 0;
}

.heading .description {
    margin-top: 4ex;
    margin-bottom: 6ex;
}

/* -- css div popup -------------------------------------------------------- */
a.popup_link {
}

a.popup_link:hover {
    color: red;
}

.popup_window {
    display: none;
    overflow-x: scroll;
    /*border: solid #627173 1px; */
    padding: 10px;
    background-color: #E6E6D6;
    font-family: "Ubuntu Mono", "Lucida Console", "Courier New", monospace;
    text-align: left;
    font-size: 8pt;
}

}
/* -- report --------------------------------------------------------------- */
#show_detail_line {
    margin-top: 3ex;
    margin-bottom: 1ex;
}
#result_table {
    width: 100%;
    border-collapse: collapse;
    border: 1px solid #777;
}
#header_row {
    font-weight: bold;
    color: white;
    background-color: #777;
}
#result_table td {
    border: 1px solid #777;
    padding: 2px;
}
#total_row  { font-weight: bold; }
.passClass  { background-color: #6c6; }
.failClass  { background-color: #c60; }
.errorClass { background-color: #c00; }
.passCase   { color: #6c6; }
.failCase   { color: #c60; font-weight: bold; }
.errorCase  { color: #c00; font-weight: bold; }
.hiddenRow  { display: none; }
.testcase   { margin-left: 2em; }
td.testname {width: 40%}
td.small {width: 40px}

/* -- ending --------------------------------------------------------------- */
#ending {
}

</style>

</head>
<body>
<script language="javascript" type="text/javascript"><!--
output_list = Array();

/* level - 0:Summary; 1:Failed; 2:All */
function showCase(level) {
    trs = document.getElementsByTagName("tr");
    for (var i = 0; i < trs.length; i++) {
        tr = trs[i];
        id = tr.id;
        if (id.substr(0,2) == 'ft') {
            if (level < 1) {
                tr.className = 'hiddenRow';
            }
            else {
                tr.className = '';
            }
        }
        if (id.substr(0,2) == 'pt') {
            if (level > 1) {
                tr.className = '';
            }
            else {
                tr.className = 'hiddenRow';
            }
        }
    }
}


function showClassDetail(cid, count) {
    var id_list = Array(count);
    var toHide = 1;
    for (var i = 0; i < count; i++) {
        tid0 = 't' + cid.substr(1) + '.' + (i+1);
        tid = 'f' + tid0;
        tr = document.getElementById(tid);
        if (!tr) {
            tid = 'p' + tid0;
            tr = document.getElementById(tid);
        }
        id_list[i] = tid;
        if (tr.className) {
            toHide = 0;
        }
    }
    for (var i = 0; i < count; i++) {
        tid = id_list[i];
        if (toHide) {
            document.getElementById('div_'+tid).style.display = 'none'
            document.getElementById(tid).className = 'hiddenRow';
        }
        else {
            document.getElementById(tid).className = '';
        }
    }
}


function showTestDetail(div_id){
    var details_div = document.getElementById(div_id)
    var displayState = details_div.style.display
    // alert(displayState)
    if (displayState != 'block' ) {
        displayState = 'block'
        details_div.style.display = 'block'
    }
    else {
        details_div.style.display = 'none'
    }
}


function html_escape(s) {
    s = s.replace(/&/g,'&amp;');
    s = s.replace(/</g,'&lt;');
    s = s.replace(/>/g,'&gt;');
    return s;
}

/* obsoleted by detail in <div>
function showOutput(id, name) {
    var w = window.open("", //url
                    name,
                    "resizable,scrollbars,status,width=800,height=450");
    d = w.document;
    d.write("<pre>");
    d.write(html_escape(output_list[id]));
    d.write("\n");
    d.write("<a href='javascript:window.close()'>close</a>\n");
    d.write("</pre>\n");
    d.close();
}
*/
--></script>

<div class='heading'>
<h1>Unit Test Report</h1>

<p class='attribute'><strong>Status:</strong> Failure 8</p>

<p class='description'></p>
</div>



<p id='show_detail_line'>Show
<a href='javascript:showCase(0)'>Summary</a>
<a href='javascript:showCase(1)'>Failed</a>
<a href='javascript:showCase(2)'>All</a>
</p>
<table id='result_table'>
<colgroup>
<col align='left' />
<col align='right' />
<col align='right' />
<col align='right' />
<col align='right' />
<col align='right' />
<col align='right' />
<col align='right' />
</colgroup>
<tr id='header_row'>
    <td>Test Group/Test case</td>
    <td>Count</td>
    <td>Pass</td>
    <td>Fail</td>
    <td>Error</td>
    <td>Skip</td>
    <td>View</td>
    <td> </td>
</tr>

<tr class='failClass'>
    <td class="testname">tempest.scenario.test_network_v6.TestGettingAddress</td>
    <td class="small">8</td>
    <td class="small">0</td>
    <td class="small">8</td>
    <td class="small">0</td>
    <td class="small">0</td>
    <td class="small"><a href="javascript:showClassDetail('c1',8)"
>Detail</a></td>
    <td> </td>
</tr>

<tr id='ft1.1' class='none'>
    <td class='failCase'><div class='testcase'>test_dhcp6_stateless_from_os[compute,id-d7e1f858-187c-45a6-89c9-bdafde619a9f,network]</div></td>
    <td colspan='7' align='left'>

    <!--css div popup start-->
    <a class="popup_link" onfocus='this.blur();'
    href="javascript:showTestDetail('div_ft1.1')" >
        fail</a>

    <div id='div_ft1.1' class="popup_window">
        <div style='text-align: right; color:red;cursor:pointer'>
        <a onfocus='this.blur();'
onclick="document.getElementById('div_ft1.1').style.display = 'none' " >
           [x]</a>
        </div>
        <pre>
        
ft1.1: tempest.scenario.test_network_v6.TestGettingAddress.test_dhcp6_stateless_from_os[compute,id-d7e1f858-187c-45a6-89c9-bdafde619a9f,network]_StringException: Empty attachments:
  stderr
  stdout

pythonlogging:'': {{{
2016-01-06 20:02:29,218 4513 INFO     [tempest_lib.common.rest_client] Request (TestGettingAddress:setUp): 200 POST http://10.0.2.15:8774/v2.1/f1ca1828a9dd47168b8960b2a36a1c65/os-keypairs 0.501s
2016-01-06 20:02:29,219 4513 DEBUG    [tempest_lib.common.rest_client] Request - Headers: {'Content-Type': 'application/json', 'Accept': 'application/json', 'X-Auth-Token': '&lt;omitted&gt;'}
        Body: {"keypair": {"name": "tempest-TestGettingAddress-1239209477"}}
    Response - Headers: {'status': '200', 'content-length': '2320', 'x-compute-request-id': 'req-43e369a5-ff72-4da1-b765-d975434d930a', 'vary': 'X-OpenStack-Nova-API-Version', 'connection': 'close', 'x-openstack-nova-api-version': '2.1', 'date': 'Wed, 06 Jan 2016 20:02:29 GMT', 'content-type': 'application/json'}
        Body: {"keypair": {"public_key": "ssh-rsa AAAAB3NzaC1yc2EAAAADAQABAAABAQC41ykyzAJ2Xamc44mZ0TnyA/tKP2FD4qxtvaVPLszg6IJE3SVp5/Pj15pHZVRnLZKTePQC3xHriKMUKhn+4+u2DykvfxTmPag959Waa2QWr4puxSjN1IJTJ4AmB06eu5/WkXfRLCNiOwuv8CmnWc4Qo5St3e3esu3j+0BtxR+7M09A4G0Mv1JnsdgQNuI+rOD/tAgSIS7TZmkItgxyoi37icnOF5DdZiy/9WBlpv50oaWIvVcIn/PwSOvwaR0aqv98+OIKf+Nx1FdbVQuvO73PmIXAKV3SzoCFNT3iWGXE/wy2GAvQLcZ+3i/Bxr2qIIQpxwTyKDO6RNCtL+Pnb7ff Generated-by-Nova", "private_key": "-----BEGIN RSA PRIVATE KEY-----\nMIIEqAIBAAKCAQEAuNcpMswCdl2pnOOJmdE58gP7Sj9hQ+Ksbb2lTy7M4OiCRN0l\naefz49eaR2VUZy2Sk3j0At8R64ijFCoZ/uPrtg8pL38U5j2oPefVmmtkFq+KbsUo\nzdSCUyeAJgdOnruf1pF30SwjYjsLr/App1nOEKOUrd3t3rLt4/tAbcUfuzNPQOBt\nDL9SZ7HYEDbiPqzg/7QIEiEu02ZpCLYMcqIt+4nJzheQ3WYsv/VgZab+dKGliL1X\nCJ/z8Ejr8GkdGqr/fPjiCn/jcdRXW1ULrzu9z5iFwCld0s6AhTU94lhlxP8MthgL\n0C3Gft4vwca9qiCEKccE8igzukTQrS/j52+33wIDAQABAoIBAQCG77PIvHvzsw6W\nVNln7AC0N8nj+v7jkv+zoWWjt5OjgLlQ0mx0svst0oBzLHsAU5mUhREFY5lua7I5\njz6o//RcVRcI8GnuZwaCItOhxlIr6XxSvyW5lTCKyeRYXq87W9ckyc9BaUpvdJFk\noBuYawvuw6xPfRsgn1jhPNNdDzHJ8z4o8kUyK/mL9pa3anDReuRizlHjQNKdjOeV\nARaboi2Tk5uhCIJK4jpBWpHsaB9b4dpZMzB3zYd28RvQ87VQmtRyQcVC1ncl5q3Q\nn+qVm82NI4sIEAyjfuMWaXqTnYo5ZU9/NoM30AksQN2/0GGjkWSt3dBzTxibvyid\nCsaAspQhAoIAgQDPWXufEeRKPX3GZl1E4UqESH5BuNgBuOOpjc8V+lBy7T7zp3Ip\nQXUqbyDBj4NZpsShulFEWoEinDcu75cdqjpzERobwu9kGVvv1HPvH/czuvcgBpKF\nitclunAH65zCQIX7bprK2LD78FqrDvZ1RzwNPYiLMa8I4jwXAcxAdzyU0QKCAIEA\n5DWp2dybPaF3qZb3U564L1eaWGsL/BfgFlR5aW8mKb6Yk+S72YgbxE6h3cXrrN+J\nODTvmShKaNWzbl30Qf3BIb8k45wM3JOadAp1Mz0wb3igWQIU+JILtMPHdU0W50fh\n7wlVe+umalubDoFvdlsIKftWC1jv5GKKrHknS01Zba8CggCAP2aGFTp8SnMI7UxJ\ngpE8nrwn1uK1Mbmd6y9QPdEfHjUKxafSkWjRcZsvMeA28oe6ohT9WmAuEi4f9XsP\nAuQVIS/+grSVTE8wvGGC3YAxryChBarczHaKmJ+sN8/ES+U80oecTx/45eA1aQ6X\nL38LjqTdBmq3sYizhPloweFzpbECggCAaXs0avLA/peni8evwgLW92ryeHPiMj+G\n4EtjYwxxA1KJi7Jp8X4r92yw/KUC7gDUmBo/tPcejZ5ZNWZQBECaCFMlZd83Qq0m\n8wPycCCURrHmy71enBZFOuRTSTC8qWJcV/RkgsbFQNveq7HAJ2CkQWNevhf5qgKy\nPk4xj2jNMRkCggCAMADXZnrpxk65TlXHvrEn7er9xC1SY5ouvahlLd7sBaCG7Cwx\n8CECYw9S7taHptOLbUSCSp2sEBwavCzExFaHHXchd3QW9lhffBApMF78DDkpfg6d\nqf4e1LY36ynlsl6lRywVl8nst4X+/5GE0XnxmNaXmT+eHHlvFv1YIS9HlOY=\n-----END RSA PRIVATE KEY-----\n", "user_id": "818386e8e76343e3a0c63c31e3a529b8", "name": "tempest-TestGettingAddress-1239209477", "fingerprint": "9b:21:d6:6e:55:53:81:72:4e:2a:76:8c:e4:1d:f6:dd"}}
2016-01-06 20:02:29,597 4513 INFO     [tempest_lib.common.rest_client] Request (TestGettingAddress:setUp): 201 POST http://10.0.2.15:9696/v2.0/security-groups 0.375s
2016-01-06 20:02:29,597 4513 DEBUG    [tempest_lib.common.rest_client] Request - Headers: {'Content-Type': 'application/json', 'Accept': 'application/json', 'X-Auth-Token': '&lt;omitted&gt;'}
        Body: {"security_group": {"tenant_id": "f1ca1828a9dd47168b8960b2a36a1c65", "description": "tempest-secgroup-smoke-2042415222 description", "name": "tempest-secgroup-smoke-2042415222"}}
    Response - Headers: {'status': '201', 'content-length': '888', 'connection': 'close', 'date': 'Wed, 06 Jan 2016 20:02:29 GMT', 'content-type': 'application/json; charset=UTF-8', 'x-openstack-request-id': 'req-e253b79d-3068-4bca-bcbe-947bbaf5008e'}
        Body: {"security_group": {"tenant_id": "f1ca1828a9dd47168b8960b2a36a1c65", "description": "tempest-secgroup-smoke-2042415222 description", "id": "a6f99dbd-5294-40d3-8772-ee508349f08f", "security_group_rules": [{"remote_group_id": null, "direction": "egress", "remote_ip_prefix": null, "protocol": null, "ethertype": "IPv4", "tenant_id": "f1ca1828a9dd47168b8960b2a36a1c65", "port_range_max": null, "port_range_min": null, "id": "2ab37100-1d33-4f0d-8e08-087064352507", "security_group_id": "a6f99dbd-5294-40d3-8772-ee508349f08f"}, {"remote_group_id": null, "direction": "egress", "remote_ip_prefix": null, "protocol": null, "ethertype": "IPv6", "tenant_id": "f1ca1828a9dd47168b8960b2a36a1c65", "port_range_max": null, "port_range_min": null, "id": "30182be0-d9f7-4c59-bf47-a14b28474e07", "security_group_id": "a6f99dbd-5294-40d3-8772-ee508349f08f"}], "name": "tempest-secgroup-smoke-2042415222"}}
2016-01-06 20:02:29,844 4513 INFO     [tempest_lib.common.rest_client] Request (TestGettingAddress:setUp): 201 POST http://10.0.2.15:9696/v2.0/security-group-rules 0.245s
2016-01-06 20:02:29,845 4513 DEBUG    [tempest_lib.common.rest_client] Request - Headers: {'Content-Type': 'application/json', 'Accept': 'application/json', 'X-Auth-Token': '&lt;omitted&gt;'}
        Body: {"security_group_rule": {"direction": "ingress", "protocol": "tcp", "tenant_id": "f1ca1828a9dd47168b8960b2a36a1c65", "port_range_max": 22, "security_group_id": "a6f99dbd-5294-40d3-8772-ee508349f08f", "port_range_min": 22}}
    Response - Headers: {'status': '201', 'content-length': '340', 'connection': 'close', 'date': 'Wed, 06 Jan 2016 20:02:29 GMT', 'content-type': 'application/json; charset=UTF-8', 'x-openstack-request-id': 'req-da80cb0a-5926-44fe-9806-1dd6ffd01b3e'}
        Body: {"security_group_rule": {"remote_group_id": null, "direction": "ingress", "remote_ip_prefix": null, "protocol": "tcp", "ethertype": "IPv4", "tenant_id": "f1ca1828a9dd47168b8960b2a36a1c65", "port_range_max": 22, "port_range_min": 22, "id": "d3ad5c01-eb7f-433b-aed8-07753e548077", "security_group_id": "a6f99dbd-5294-40d3-8772-ee508349f08f"}}
2016-01-06 20:02:29,950 4513 INFO     [tempest_lib.common.rest_client] Request (TestGettingAddress:setUp): 201 POST http://10.0.2.15:9696/v2.0/security-group-rules 0.103s
2016-01-06 20:02:29,951 4513 DEBUG    [tempest_lib.common.rest_client] Request - Headers: {'Content-Type': 'application/json', 'Accept': 'application/json', 'X-Auth-Token': '&lt;omitted&gt;'}
        Body: {"security_group_rule": {"direction": "egress", "protocol": "tcp", "tenant_id": "f1ca1828a9dd47168b8960b2a36a1c65", "port_range_max": 22, "security_group_id": "a6f99dbd-5294-40d3-8772-ee508349f08f", "port_range_min": 22}}
    Response - Headers: {'status': '201', 'content-length': '339', 'connection': 'close', 'date': 'Wed, 06 Jan 2016 20:02:29 GMT', 'content-type': 'application/json; charset=UTF-8', 'x-openstack-request-id': 'req-5bd3ca06-9a75-4f0b-bb17-f21d9209b35b'}
        Body: {"security_group_rule": {"remote_group_id": null, "direction": "egress", "remote_ip_prefix": null, "protocol": "tcp", "ethertype": "IPv4", "tenant_id": "f1ca1828a9dd47168b8960b2a36a1c65", "port_range_max": 22, "port_range_min": 22, "id": "da66fc09-09f7-4e15-9866-cb70193c7280", "security_group_id": "a6f99dbd-5294-40d3-8772-ee508349f08f"}}
2016-01-06 20:02:30,055 4513 INFO     [tempest_lib.common.rest_client] Request (TestGettingAddress:setUp): 201 POST http://10.0.2.15:9696/v2.0/security-group-rules 0.103s
2016-01-06 20:02:30,055 4513 DEBUG    [tempest_lib.common.rest_client] Request - Headers: {'Content-Type': 'application/json', 'Accept': 'application/json', 'X-Auth-Token': '&lt;omitted&gt;'}
        Body: {"security_group_rule": {"tenant_id": "f1ca1828a9dd47168b8960b2a36a1c65", "direction": "ingress", "protocol": "icmp", "security_group_id": "a6f99dbd-5294-40d3-8772-ee508349f08f"}}
    Response - Headers: {'status': '201', 'content-length': '345', 'connection': 'close', 'date': 'Wed, 06 Jan 2016 20:02:30 GMT', 'content-type': 'application/json; charset=UTF-8', 'x-openstack-request-id': 'req-6289f36b-bb74-41e6-947e-7ed174bb4ccc'}
        Body: {"security_group_rule": {"remote_group_id": null, "direction": "ingress", "remote_ip_prefix": null, "protocol": "icmp", "ethertype": "IPv4", "tenant_id": "f1ca1828a9dd47168b8960b2a36a1c65", "port_range_max": null, "port_range_min": null, "id": "8fbe2ed1-55a5-44c7-897c-033923350da0", "security_group_id": "a6f99dbd-5294-40d3-8772-ee508349f08f"}}
2016-01-06 20:02:30,153 4513 INFO     [tempest_lib.common.rest_client] Request (TestGettingAddress:setUp): 201 POST http://10.0.2.15:9696/v2.0/security-group-rules 0.096s
2016-01-06 20:02:30,153 4513 DEBUG    [tempest_lib.common.rest_client] Request - Headers: {'Content-Type': 'application/json', 'Accept': 'application/json', 'X-Auth-Token': '&lt;omitted&gt;'}
        Body: {"security_group_rule": {"tenant_id": "f1ca1828a9dd47168b8960b2a36a1c65", "direction": "egress", "protocol": "icmp", "security_group_id": "a6f99dbd-5294-40d3-8772-ee508349f08f"}}
    Response - Headers: {'status': '201', 'content-length': '344', 'connection': 'close', 'date': 'Wed, 06 Jan 2016 20:02:30 GMT', 'content-type': 'application/json; charset=UTF-8', 'x-openstack-request-id': 'req-7b7512a1-1865-4c90-bf46-695611018f84'}
        Body: {"security_group_rule": {"remote_group_id": null, "direction": "egress", "remote_ip_prefix": null, "protocol": "icmp", "ethertype": "IPv4", "tenant_id": "f1ca1828a9dd47168b8960b2a36a1c65", "port_range_max": null, "port_range_min": null, "id": "910c5c4e-c78d-4de6-ac69-7644d6c3030b", "security_group_id": "a6f99dbd-5294-40d3-8772-ee508349f08f"}}
2016-01-06 20:02:30,279 4513 INFO     [tempest_lib.common.rest_client] Request (TestGettingAddress:setUp): 201 POST http://10.0.2.15:9696/v2.0/security-group-rules 0.125s
2016-01-06 20:02:30,279 4513 DEBUG    [tempest_lib.common.rest_client] Request - Headers: {'Content-Type': 'application/json', 'Accept': 'application/json', 'X-Auth-Token': '&lt;omitted&gt;'}
        Body: {"security_group_rule": {"tenant_id": "f1ca1828a9dd47168b8960b2a36a1c65", "direction": "ingress", "security_group_id": "a6f99dbd-5294-40d3-8772-ee508349f08f", "protocol": "icmp", "ethertype": "IPv6"}}
    Response - Headers: {'status': '201', 'content-length': '345', 'connection': 'close', 'date': 'Wed, 06 Jan 2016 20:02:30 GMT', 'content-type': 'application/json; charset=UTF-8', 'x-openstack-request-id': 'req-364b3cb6-e5c0-4a2f-b1ec-808ae343570e'}
        Body: {"security_group_rule": {"remote_group_id": null, "direction": "ingress", "remote_ip_prefix": null, "protocol": "icmp", "ethertype": "IPv6", "tenant_id": "f1ca1828a9dd47168b8960b2a36a1c65", "port_range_max": null, "port_range_min": null, "id": "118a8aa6-e312-4508-800f-3435bccc511d", "security_group_id": "a6f99dbd-5294-40d3-8772-ee508349f08f"}}
2016-01-06 20:02:30,376 4513 INFO     [tempest_lib.common.rest_client] Request (TestGettingAddress:setUp): 201 POST http://10.0.2.15:9696/v2.0/security-group-rules 0.096s
2016-01-06 20:02:30,376 4513 DEBUG    [tempest_lib.common.rest_client] Request - Headers: {'Content-Type': 'application/json', 'Accept': 'application/json', 'X-Auth-Token': '&lt;omitted&gt;'}
        Body: {"security_group_rule": {"tenant_id": "f1ca1828a9dd47168b8960b2a36a1c65", "direction": "egress", "security_group_id": "a6f99dbd-5294-40d3-8772-ee508349f08f", "protocol": "icmp", "ethertype": "IPv6"}}
    Response - Headers: {'status': '201', 'content-length': '344', 'connection': 'close', 'date': 'Wed, 06 Jan 2016 20:02:30 GMT', 'content-type': 'application/json; charset=UTF-8', 'x-openstack-request-id': 'req-0de48712-a315-4aee-8bcf-ea164583c2cd'}
        Body: {"security_group_rule": {"remote_group_id": null, "direction": "egress", "remote_ip_prefix": null, "protocol": "icmp", "ethertype": "IPv6", "tenant_id": "f1ca1828a9dd47168b8960b2a36a1c65", "port_range_max": null, "port_range_min": null, "id": "960a369f-4bd1-4b38-a513-09f0494d8eec", "security_group_id": "a6f99dbd-5294-40d3-8772-ee508349f08f"}}
2016-01-06 20:02:30,533 4513 INFO     [tempest_lib.common.rest_client] Request (TestGettingAddress:test_dhcp6_stateless_from_os): 201 POST http://10.0.2.15:9696/v2.0/networks 0.156s
2016-01-06 20:02:30,533 4513 DEBUG    [tempest_lib.common.rest_client] Request - Headers: {'Content-Type': 'application/json', 'Accept': 'application/json', 'X-Auth-Token': '&lt;omitted&gt;'}
        Body: {"network": {"tenant_id": "f1ca1828a9dd47168b8960b2a36a1c65", "name": "tempest-network-smoke--1839371405"}}
    Response - Headers: {'status': '201', 'content-length': '327', 'connection': 'close', 'date': 'Wed, 06 Jan 2016 20:02:30 GMT', 'content-type': 'application/json; charset=UTF-8', 'x-openstack-request-id': 'req-fbcaf252-8cae-40e8-869b-c252376b3c30'}
        Body: {"network": {"status": "ACTIVE", "subnets": [], "availability_zone_hints": [], "name": "tempest-network-smoke--1839371405", "admin_state_up": true, "tenant_id": "f1ca1828a9dd47168b8960b2a36a1c65", "mtu": 0, "router:external": false, "shared": false, "port_security_enabled": true, "id": "be3af610-ad7b-48c3-8727-4ba4fe139bc2"}}
2016-01-06 20:02:30,804 4513 INFO     [tempest_lib.common.rest_client] Request (TestGettingAddress:test_dhcp6_stateless_from_os): 200 GET http://10.0.2.15:9696/v2.0/subnets?tenant_id=f1ca1828a9dd47168b8960b2a36a1c65&amp;cidr=10.100.0.0%2F28 0.269s
2016-01-06 20:02:30,804 4513 DEBUG    [tempest_lib.common.rest_client] Request - Headers: {'Content-Type': 'application/json', 'Accept': 'application/json', 'X-Auth-Token': '&lt;omitted&gt;'}
        Body: None
    Response - Headers: {'status': '200', 'content-length': '15', 'content-location': 'http://10.0.2.15:9696/v2.0/subnets?tenant_id=f1ca1828a9dd47168b8960b2a36a1c65&amp;cidr=10.100.0.0%2F28', 'connection': 'close', 'date': 'Wed, 06 Jan 2016 20:02:30 GMT', 'content-type': 'application/json; charset=UTF-8', 'x-openstack-request-id': 'req-308ba18d-f2fe-41e8-a865-93084c4aa8d1'}
        Body: {"subnets": []}
2016-01-06 20:02:31,168 4513 INFO     [tempest_lib.common.rest_client] Request (TestGettingAddress:test_dhcp6_stateless_from_os): 201 POST http://10.0.2.15:9696/v2.0/subnets 0.361s
2016-01-06 20:02:31,168 4513 DEBUG    [tempest_lib.common.rest_client] Request - Headers: {'Content-Type': 'application/json', 'Accept': 'application/json', 'X-Auth-Token': '&lt;omitted&gt;'}
        Body: {"subnet": {"ip_version": 4, "tenant_id": "f1ca1828a9dd47168b8960b2a36a1c65", "cidr": "10.100.0.0/28", "network_id": "be3af610-ad7b-48c3-8727-4ba4fe139bc2", "name": "tempest-sub4-741799622"}}
    Response - Headers: {'status': '201', 'content-length': '469', 'connection': 'close', 'date': 'Wed, 06 Jan 2016 20:02:31 GMT', 'content-type': 'application/json; charset=UTF-8', 'x-openstack-request-id': 'req-35254c37-9895-498c-840d-51336552e721'}
        Body: {"subnet": {"name": "tempest-sub4-741799622", "enable_dhcp": true, "network_id": "be3af610-ad7b-48c3-8727-4ba4fe139bc2", "tenant_id": "f1ca1828a9dd47168b8960b2a36a1c65", "dns_nameservers": [], "gateway_ip": "10.100.0.1", "ipv6_ra_mode": null, "allocation_pools": [{"start": "10.100.0.2", "end": "10.100.0.14"}], "host_routes": [], "ip_version": 4, "ipv6_address_mode": null, "cidr": "10.100.0.0/28", "id": "60d0d0de-772f-45a9-b2b8-309c394f8df0", "subnetpool_id": null}}
2016-01-06 20:02:31,238 4513 INFO     [tempest_lib.common.rest_client] Request (TestGettingAddress:test_dhcp6_stateless_from_os): 201 POST http://10.0.2.15:9696/v2.0/routers 0.069s
2016-01-06 20:02:31,239 4513 DEBUG    [tempest_lib.common.rest_client] Request - Headers: {'Content-Type': 'application/json', 'Accept': 'application/json', 'X-Auth-Token': '&lt;omitted&gt;'}
        Body: {"router": {"tenant_id": "f1ca1828a9dd47168b8960b2a36a1c65", "name": "tempest-router-smoke-1697833662", "admin_state_up": true}}
    Response - Headers: {'status': '201', 'content-length': '296', 'connection': 'close', 'date': 'Wed, 06 Jan 2016 20:02:31 GMT', 'content-type': 'application/json; charset=UTF-8', 'x-openstack-request-id': 'req-3977b735-4ab2-4909-be53-0a0f22a28bb5'}
        Body: {"router": {"status": "ACTIVE", "external_gateway_info": null, "availability_zone_hints": [], "availability_zones": [], "name": "tempest-router-smoke-1697833662", "admin_state_up": true, "tenant_id": "f1ca1828a9dd47168b8960b2a36a1c65", "routes": [], "id": "9a80fc0d-15db-4c80-b7a4-4c0995a80dc8"}}
2016-01-06 20:02:31,284 4513 INFO     [tempest_lib.common.rest_client] Request (TestGettingAddress:test_dhcp6_stateless_from_os): 200 GET http://10.0.2.15:9696/v2.0/routers/9a80fc0d-15db-4c80-b7a4-4c0995a80dc8 0.044s
2016-01-06 20:02:31,284 4513 DEBUG    [tempest_lib.common.rest_client] Request - Headers: {'Content-Type': 'application/json', 'Accept': 'application/json', 'X-Auth-Token': '&lt;omitted&gt;'}
        Body: None
    Response - Headers: {'status': '200', 'content-length': '296', 'content-location': 'http://10.0.2.15:9696/v2.0/routers/9a80fc0d-15db-4c80-b7a4-4c0995a80dc8', 'connection': 'close', 'date': 'Wed, 06 Jan 2016 20:02:31 GMT', 'content-type': 'application/json; charset=UTF-8', 'x-openstack-request-id': 'req-dbf9dff9-cdfb-4987-bae7-863d9e58db68'}
        Body: {"router": {"status": "ACTIVE", "external_gateway_info": null, "availability_zone_hints": [], "availability_zones": [], "name": "tempest-router-smoke-1697833662", "admin_state_up": true, "tenant_id": "f1ca1828a9dd47168b8960b2a36a1c65", "routes": [], "id": "9a80fc0d-15db-4c80-b7a4-4c0995a80dc8"}}
2016-01-06 20:02:31,969 4513 INFO     [tempest_lib.common.rest_client] Request (TestGettingAddress:test_dhcp6_stateless_from_os): 200 PUT http://10.0.2.15:9696/v2.0/routers/9a80fc0d-15db-4c80-b7a4-4c0995a80dc8 0.684s
2016-01-06 20:02:31,970 4513 DEBUG    [tempest_lib.common.rest_client] Request - Headers: {'Content-Type': 'application/json', 'Accept': 'application/json', 'X-Auth-Token': '&lt;omitted&gt;'}
        Body: {"router": {"external_gateway_info": {"network_id": "993da18a-d789-466d-a54f-0fd13361122a"}, "name": "tempest-router-smoke-1697833662", "admin_state_up": true}}
    Response - Headers: {'status': '200', 'content-length': '558', 'connection': 'close', 'date': 'Wed, 06 Jan 2016 20:02:31 GMT', 'content-type': 'application/json; charset=UTF-8', 'x-openstack-request-id': 'req-549de557-3346-4307-8351-a666dbff3a45'}
        Body: {"router": {"status": "ACTIVE", "external_gateway_info": {"network_id": "993da18a-d789-466d-a54f-0fd13361122a", "enable_snat": true, "external_fixed_ips": [{"subnet_id": "5d2db3ab-1baa-4272-a641-fd2d7686fec7", "ip_address": "172.24.4.3"}, {"subnet_id": "dafbe5ed-40ae-437f-ad43-1df21639977f", "ip_address": "2001:db8::4"}]}, "availability_zone_hints": [], "availability_zones": [], "name": "tempest-router-smoke-1697833662", "admin_state_up": true, "tenant_id": "f1ca1828a9dd47168b8960b2a36a1c65", "routes": [], "id": "9a80fc0d-15db-4c80-b7a4-4c0995a80dc8"}}
2016-01-06 20:02:32,629 4513 INFO     [tempest_lib.common.rest_client] Request (TestGettingAddress:test_dhcp6_stateless_from_os): 200 PUT http://10.0.2.15:9696/v2.0/routers/9a80fc0d-15db-4c80-b7a4-4c0995a80dc8/add_router_interface 0.658s
2016-01-06 20:02:32,629 4513 DEBUG    [tempest_lib.common.rest_client] Request - Headers: {'Content-Type': 'application/json', 'Accept': 'application/json', 'X-Auth-Token': '&lt;omitted&gt;'}
        Body: {"subnet_id": "60d0d0de-772f-45a9-b2b8-309c394f8df0"}
    Response - Headers: {'status': '200', 'content-length': '255', 'connection': 'close', 'date': 'Wed, 06 Jan 2016 20:02:32 GMT', 'content-type': 'application/json; charset=UTF-8', 'x-openstack-request-id': 'req-4e23c9eb-333e-401f-915b-3051f39c11ed'}
        Body: {"subnet_id": "60d0d0de-772f-45a9-b2b8-309c394f8df0", "tenant_id": "f1ca1828a9dd47168b8960b2a36a1c65", "subnet_ids": ["60d0d0de-772f-45a9-b2b8-309c394f8df0"], "port_id": "88ee8d4f-83ce-4d80-9dd9-5e6df88e9f35", "id": "9a80fc0d-15db-4c80-b7a4-4c0995a80dc8"}
2016-01-06 20:02:32,690 4513 INFO     [tempest_lib.common.rest_client] Request (TestGettingAddress:test_dhcp6_stateless_from_os): 200 GET http://10.0.2.15:9696/v2.0/subnets?tenant_id=f1ca1828a9dd47168b8960b2a36a1c65&amp;cidr=2003%3A%3A%2F64 0.059s
2016-01-06 20:02:32,690 4513 DEBUG    [tempest_lib.common.rest_client] Request - Headers: {'Content-Type': 'application/json', 'Accept': 'application/json', 'X-Auth-Token': '&lt;omitted&gt;'}
        Body: None
    Response - Headers: {'status': '200', 'content-length': '15', 'content-location': 'http://10.0.2.15:9696/v2.0/subnets?tenant_id=f1ca1828a9dd47168b8960b2a36a1c65&amp;cidr=2003%3A%3A%2F64', 'connection': 'close', 'date': 'Wed, 06 Jan 2016 20:02:32 GMT', 'content-type': 'application/json; charset=UTF-8', 'x-openstack-request-id': 'req-77408626-54bf-45df-a6c3-73b79c521798'}
        Body: {"subnets": []}
2016-01-06 20:02:33,081 4513 INFO     [tempest_lib.common.rest_client] Request (TestGettingAddress:test_dhcp6_stateless_from_os): 201 POST http://10.0.2.15:9696/v2.0/subnets 0.390s
2016-01-06 20:02:33,081 4513 DEBUG    [tempest_lib.common.rest_client] Request - Headers: {'Content-Type': 'application/json', 'Accept': 'application/json', 'X-Auth-Token': '&lt;omitted&gt;'}
        Body: {"subnet": {"name": "tempest-sub6-1744592234", "network_id": "be3af610-ad7b-48c3-8727-4ba4fe139bc2", "tenant_id": "f1ca1828a9dd47168b8960b2a36a1c65", "ipv6_ra_mode": "dhcpv6-stateless", "ip_version": 6, "ipv6_address_mode": "dhcpv6-stateless", "cidr": "2003::/64"}}
    Response - Headers: {'status': '201', 'content-length': '502', 'connection': 'close', 'date': 'Wed, 06 Jan 2016 20:02:33 GMT', 'content-type': 'application/json; charset=UTF-8', 'x-openstack-request-id': 'req-40c3206c-79c4-4c43-b0f4-4f1aa1216b04'}
        Body: {"subnet": {"name": "tempest-sub6-1744592234", "enable_dhcp": true, "network_id": "be3af610-ad7b-48c3-8727-4ba4fe139bc2", "tenant_id": "f1ca1828a9dd47168b8960b2a36a1c65", "dns_nameservers": [], "gateway_ip": "2003::1", "ipv6_ra_mode": "dhcpv6-stateless", "allocation_pools": [{"start": "2003::2", "end": "2003::ffff:ffff:ffff:ffff"}], "host_routes": [], "ip_version": 6, "ipv6_address_mode": "dhcpv6-stateless", "cidr": "2003::/64", "id": "a70057ed-9cc8-4e03-b384-16d45b77db1b", "subnetpool_id": null}}
2016-01-06 20:02:33,868 4513 INFO     [tempest_lib.common.rest_client] Request (TestGettingAddress:test_dhcp6_stateless_from_os): 200 PUT http://10.0.2.15:9696/v2.0/routers/9a80fc0d-15db-4c80-b7a4-4c0995a80dc8/add_router_interface 0.786s
2016-01-06 20:02:33,869 4513 DEBUG    [tempest_lib.common.rest_client] Request - Headers: {'Content-Type': 'application/json', 'Accept': 'application/json', 'X-Auth-Token': '&lt;omitted&gt;'}
        Body: {"subnet_id": "a70057ed-9cc8-4e03-b384-16d45b77db1b"}
    Response - Headers: {'status': '200', 'content-length': '255', 'connection': 'close', 'date': 'Wed, 06 Jan 2016 20:02:33 GMT', 'content-type': 'application/json; charset=UTF-8', 'x-openstack-request-id': 'req-de633381-d726-4e7b-80bc-4c3309f99797'}
        Body: {"subnet_id": "a70057ed-9cc8-4e03-b384-16d45b77db1b", "tenant_id": "f1ca1828a9dd47168b8960b2a36a1c65", "subnet_ids": ["a70057ed-9cc8-4e03-b384-16d45b77db1b"], "port_id": "bf18e167-1f54-4ce0-8b3b-eaae5a60d08e", "id": "9a80fc0d-15db-4c80-b7a4-4c0995a80dc8"}
2016-01-06 20:02:34,009 4513 INFO     [tempest_lib.common.rest_client] Request (TestGettingAddress:test_dhcp6_stateless_from_os): 200 POST http://10.0.2.15:5000/v2.0/tokens
2016-01-06 20:02:34,009 4513 DEBUG    [tempest_lib.common.rest_client] Request - Headers: {'Content-Type': 'application/json', 'Accept': 'application/json'}
        Body: &lt;omitted&gt;
    Response - Headers: {'status': '200', 'content-length': '2269', 'vary': 'X-Auth-Token', 'server': 'Apache/2.4.7 (Ubuntu)', 'connection': 'close', 'date': 'Wed, 06 Jan 2016 20:02:33 GMT', 'content-type': 'application/json', 'x-openstack-request-id': 'req-400e43c1-43d4-4f57-8e2c-68aa9537cff4'}
        Body: {"access": {"token": {"issued_at": "2016-01-06T20:02:33.996414", "expires": "2016-01-06T21:02:33Z", "id": "e4729be214004357aa69bd8183b31520", "tenant": {"description": "tempest-TestGettingAddress-940938098-desc", "enabled": true, "id": "f1ca1828a9dd47168b8960b2a36a1c65", "name": "tempest-TestGettingAddress-940938098"}, "audit_ids": ["7Aerz5sURxauCyUlUJPp9g"]}, "serviceCatalog": [{"endpoints": [{"adminURL": "http://10.0.2.15:9292", "region": "RegionOne", "internalURL": "http://10.0.2.15:9292", "id": "1e8fc404fae84d6aac224ed76c165d35", "publicURL": "http://10.0.2.15:9292"}], "endpoints_links": [], "type": "image", "name": "glance"}, {"endpoints": [{"adminURL": "http://10.0.2.15:8774/v2.1/f1ca1828a9dd47168b8960b2a36a1c65", "region": "RegionOne", "internalURL": "http://10.0.2.15:8774/v2.1/f1ca1828a9dd47168b8960b2a36a1c65", "id": "05817a3835414027b1ed9afee13f0c5c", "publicURL": "http://10.0.2.15:8774/v2.1/f1ca1828a9dd47168b8960b2a36a1c65"}], "endpoints_links": [], "type": "compute", "name": "nova"}, {"endpoints": [{"adminURL": "http://10.0.2.15:9696/", "region": "RegionOne", "internalURL": "http://10.0.2.15:9696/", "id": "15c1d12f8ea04205911211923664fbde", "publicURL": "http://10.0.2.15:9696/"}], "endpoints_links": [], "type": "network", "name": "neutron"}, {"endpoints": [{"adminURL": "http://10.0.2.15:35357/v2.0", "region": "RegionOne", "internalURL": "http://10.0.2.15:5000/v2.0", "id": "20fec859f6244e269f215952db278c78", "publicURL": "http://10.0.2.15:5000/v2.0"}], "endpoints_links": [], "type": "identity", "name": "keystone"}, {"endpoints": [{"adminURL": "http://10.0.2.15:8774/v2/f1ca1828a9dd47168b8960b2a36a1c65", "region": "RegionOne", "internalURL": "http://10.0.2.15:8774/v2/f1ca1828a9dd47168b8960b2a36a1c65", "id": "5ff3f287a3c9438fa7ab5f5de8812236", "publicURL": "http://10.0.2.15:8774/v2/f1ca1828a9dd47168b8960b2a36a1c65"}], "endpoints_links": [], "type": "compute_legacy", "name": "nova_legacy"}], "user": {"username": "tempest-TestGettingAddress-1293257438", "roles_links": [], "id": "818386e8e76343e3a0c63c31e3a529b8", "roles": [{"name": "_member_"}, {"name": "Member"}], "name": "tempest-TestGettingAddress-1293257438"}, "metadata": {"is_admin": 0, "roles": ["9fe2ff9ee4384b1894a90878d3e92bab", "da1c30ece7a645c4b558e4ba577989e6"]}}}
2016-01-06 20:02:34,013 4513 DEBUG    [tempest.common.fixed_network] (TestGettingAddress:test_dhcp6_stateless_from_os) No valid network provided or created, defaulting to fixed_network_name
2016-01-06 20:02:34,339 4513 INFO     [tempest_lib.common.rest_client] Request (TestGettingAddress:test_dhcp6_stateless_from_os): 200 GET http://10.0.2.15:8774/v2.1/f1ca1828a9dd47168b8960b2a36a1c65/os-networks 0.324s
2016-01-06 20:02:34,340 4513 DEBUG    [tempest_lib.common.rest_client] Request - Headers: {'Content-Type': 'application/json', 'Accept': 'application/json', 'X-Auth-Token': '&lt;omitted&gt;'}
        Body: None
    Response - Headers: {'status': '200', 'content-length': '479', 'content-location': 'http://10.0.2.15:8774/v2.1/f1ca1828a9dd47168b8960b2a36a1c65/os-networks', 'x-compute-request-id': 'req-1a5bf6e1-a925-47ca-a970-03edd5dfd4b8', 'vary': 'X-OpenStack-Nova-API-Version', 'connection': 'close', 'x-openstack-nova-api-version': '2.1', 'date': 'Wed, 06 Jan 2016 20:02:34 GMT', 'content-type': 'application/json'}
        Body: {"networks": [{"cidr_v6": null, "dns2": null, "dns1": null, "gateway": null, "broadcast": null, "netmask": null, "gateway_v6": null, "cidr": null, "label": "public", "id": "993da18a-d789-466d-a54f-0fd13361122a", "netmask_v6": null}, {"cidr_v6": null, "dns2": null, "dns1": null, "gateway": null, "broadcast": null, "netmask": null, "gateway_v6": null, "cidr": null, "label": "tempest-network-smoke--1839371405", "id": "be3af610-ad7b-48c3-8727-4ba4fe139bc2", "netmask_v6": null}]}
2016-01-06 20:02:34,340 4513 WARNING  [tempest.common.fixed_network] (TestGettingAddress:test_dhcp6_stateless_from_os) Network with name: private not found
2016-01-06 20:02:34,340 4513 INFO     [tempest.common.fixed_network] (TestGettingAddress:test_dhcp6_stateless_from_os) Found network {} available for tenant
2016-01-06 20:02:36,112 4513 INFO     [tempest_lib.common.rest_client] Request (TestGettingAddress:test_dhcp6_stateless_from_os): 202 POST http://10.0.2.15:8774/v2.1/f1ca1828a9dd47168b8960b2a36a1c65/servers 1.771s
2016-01-06 20:02:36,112 4513 DEBUG    [tempest_lib.common.rest_client] Request - Headers: {'Content-Type': 'application/json', 'Accept': 'application/json', 'X-Auth-Token': '&lt;omitted&gt;'}
        Body: {"server": {"name": "tempest.common.compute-instance-1868231205", "imageRef": "90dd3139-ccc3-4ae9-951b-685feedaf468", "key_name": "tempest-TestGettingAddress-1239209477", "flavorRef": "42", "networks": [{"uuid": "be3af610-ad7b-48c3-8727-4ba4fe139bc2"}], "security_groups": [{"name": "tempest-secgroup-smoke-2042415222"}]}}
    Response - Headers: {'status': '202', 'content-length': '462', 'x-compute-request-id': 'req-d491232b-3631-4e09-9cd7-b21369290e93', 'vary': 'X-OpenStack-Nova-API-Version', 'connection': 'close', 'location': 'http://10.0.2.15:8774/v2.1/f1ca1828a9dd47168b8960b2a36a1c65/servers/00aa60ab-fae5-4af6-bd58-f62b13462a5d', 'x-openstack-nova-api-version': '2.1', 'date': 'Wed, 06 Jan 2016 20:02:36 GMT', 'content-type': 'application/json'}
        Body: {"server": {"security_groups": [{"name": "tempest-secgroup-smoke-2042415222"}], "OS-DCF:diskConfig": "MANUAL", "id": "00aa60ab-fae5-4af6-bd58-f62b13462a5d", "links": [{"href": "http://10.0.2.15:8774/v2.1/f1ca1828a9dd47168b8960b2a36a1c65/servers/00aa60ab-fae5-4af6-bd58-f62b13462a5d", "rel": "self"}, {"href": "http://10.0.2.15:8774/f1ca1828a9dd47168b8960b2a36a1c65/servers/00aa60ab-fae5-4af6-bd58-f62b13462a5d", "rel": "bookmark"}], "adminPass": "3ARznU38XL3G"}}
2016-01-06 20:02:36,246 4513 INFO     [tempest_lib.common.rest_client] Request (TestGettingAddress:test_dhcp6_stateless_from_os): 200 GET http://10.0.2.15:8774/v2.1/f1ca1828a9dd47168b8960b2a36a1c65/servers/00aa60ab-fae5-4af6-bd58-f62b13462a5d 0.130s
2016-01-06 20:02:36,246 4513 DEBUG    [tempest_lib.common.rest_client] Request - Headers: {'Content-Type': 'application/json', 'Accept': 'application/json', 'X-Auth-Token': '&lt;omitted&gt;'}
        Body: None
    Response - Headers: {'status': '200', 'content-length': '1355', 'content-location': 'http://10.0.2.15:8774/v2.1/f1ca1828a9dd47168b8960b2a36a1c65/servers/00aa60ab-fae5-4af6-bd58-f62b13462a5d', 'x-compute-request-id': 'req-a5110b80-5b96-484c-b1a9-e4b299af49b7', 'vary': 'X-OpenStack-Nova-API-Version', 'connection': 'close', 'x-openstack-nova-api-version': '2.1', 'date': 'Wed, 06 Jan 2016 20:02:36 GMT', 'content-type': 'application/json'}
        Body: {"server": {"status": "BUILD", "updated": "2016-01-06T20:02:36Z", "hostId": "", "addresses": {}, "links": [{"href": "http://10.0.2.15:8774/v2.1/f1ca1828a9dd47168b8960b2a36a1c65/servers/00aa60ab-fae5-4af6-bd58-f62b13462a5d", "rel": "self"}, {"href": "http://10.0.2.15:8774/f1ca1828a9dd47168b8960b2a36a1c65/servers/00aa60ab-fae5-4af6-bd58-f62b13462a5d", "rel": "bookmark"}], "key_name": "tempest-TestGettingAddress-1239209477", "image": {"id": "90dd3139-ccc3-4ae9-951b-685feedaf468", "links": [{"href": "http://10.0.2.15:8774/f1ca1828a9dd47168b8960b2a36a1c65/images/90dd3139-ccc3-4ae9-951b-685feedaf468", "rel": "bookmark"}]}, "OS-EXT-STS:task_state": "scheduling", "OS-EXT-STS:vm_state": "building", "OS-SRV-USG:launched_at": null, "flavor": {"id": "42", "links": [{"href": "http://10.0.2.15:8774/f1ca1828a9dd47168b8960b2a36a1c65/flavors/42", "rel": "bookmark"}]}, "id": "00aa60ab-fae5-4af6-bd58-f62b13462a5d", "OS-SRV-USG:terminated_at": null, "OS-EXT-AZ:availability_zone": "", "user_id": "818386e8e76343e3a0c63c31e3a529b8", "name": "tempest.common.compute-instance-1868231205", "created": "2016-01-06T20:02:36Z", "tenant_id": "f1ca1828a9dd47168b8960b2a36a1c65", "OS-DCF:diskConfig": "MANUAL", "os-extended-volumes:volumes_attached": [], "accessIPv4": "", "accessIPv6": "", "progress": 0, "OS-EXT-STS:power_state": 0, "config_drive": "", "metadata": {}}}
2016-01-06 20:02:37,467 4513 INFO     [tempest_lib.common.rest_client] Request (TestGettingAddress:test_dhcp6_stateless_from_os): 200 GET http://10.0.2.15:8774/v2.1/f1ca1828a9dd47168b8960b2a36a1c65/servers/00aa60ab-fae5-4af6-bd58-f62b13462a5d 0.209s
2016-01-06 20:02:37,467 4513 DEBUG    [tempest_lib.common.rest_client] Request - Headers: {'Content-Type': 'application/json', 'Accept': 'application/json', 'X-Auth-Token': '&lt;omitted&gt;'}
        Body: None
    Response - Headers: {'status': '200', 'content-length': '1413', 'content-location': 'http://10.0.2.15:8774/v2.1/f1ca1828a9dd47168b8960b2a36a1c65/servers/00aa60ab-fae5-4af6-bd58-f62b13462a5d', 'x-compute-request-id': 'req-ff7f1cf1-5926-4ee5-89f9-aefb2d84166f', 'vary': 'X-OpenStack-Nova-API-Version', 'connection': 'close', 'x-openstack-nova-api-version': '2.1', 'date': 'Wed, 06 Jan 2016 20:02:37 GMT', 'content-type': 'application/json'}
        Body: {"server": {"status": "BUILD", "updated": "2016-01-06T20:02:37Z", "hostId": "8bb443ed25a02a1afafbf7cbe86e205bb52e3026abd811576a7dc8cf", "addresses": {}, "links": [{"href": "http://10.0.2.15:8774/v2.1/f1ca1828a9dd47168b8960b2a36a1c65/servers/00aa60ab-fae5-4af6-bd58-f62b13462a5d", "rel": "self"}, {"href": "http://10.0.2.15:8774/f1ca1828a9dd47168b8960b2a36a1c65/servers/00aa60ab-fae5-4af6-bd58-f62b13462a5d", "rel": "bookmark"}], "key_name": "tempest-TestGettingAddress-1239209477", "image": {"id": "90dd3139-ccc3-4ae9-951b-685feedaf468", "links": [{"href": "http://10.0.2.15:8774/f1ca1828a9dd47168b8960b2a36a1c65/images/90dd3139-ccc3-4ae9-951b-685feedaf468", "rel": "bookmark"}]}, "OS-EXT-STS:task_state": "spawning", "OS-EXT-STS:vm_state": "building", "OS-SRV-USG:launched_at": null, "flavor": {"id": "42", "links": [{"href": "http://10.0.2.15:8774/f1ca1828a9dd47168b8960b2a36a1c65/flavors/42", "rel": "bookmark"}]}, "id": "00aa60ab-fae5-4af6-bd58-f62b13462a5d", "OS-SRV-USG:terminated_at": null, "OS-EXT-AZ:availability_zone": "nova", "user_id": "818386e8e76343e3a0c63c31e3a529b8", "name": "tempest.common.compute-instance-1868231205", "created": "2016-01-06T20:02:36Z", "tenant_id": "f1ca1828a9dd47168b8960b2a36a1c65", "OS-DCF:diskConfig": "MANUAL", "os-extended-volumes:volumes_attached": [], "accessIPv4": "", "accessIPv6": "", "progress": 0, "OS-EXT-STS:power_state": 0, "config_drive": "", "metadata": {}}}
2016-01-06 20:02:37,479 4513 INFO     [tempest.common.waiters] State transition "BUILD/scheduling" ==&gt; "BUILD/spawning" after 1 second wait
2016-01-06 20:02:38,867 4513 INFO     [tempest_lib.common.rest_client] Request (TestGettingAddress:test_dhcp6_stateless_from_os): 200 GET http://10.0.2.15:8774/v2.1/f1ca1828a9dd47168b8960b2a36a1c65/servers/00aa60ab-fae5-4af6-bd58-f62b13462a5d 0.386s
2016-01-06 20:02:38,868 4513 DEBUG    [tempest_lib.common.rest_client] Request - Headers: {'Content-Type': 'application/json', 'Accept': 'application/json', 'X-Auth-Token': '&lt;omitted&gt;'}
        Body: None
    Response - Headers: {'status': '200', 'content-length': '1481', 'content-location': 'http://10.0.2.15:8774/v2.1/f1ca1828a9dd47168b8960b2a36a1c65/servers/00aa60ab-fae5-4af6-bd58-f62b13462a5d', 'x-compute-request-id': 'req-e3fa7bff-a9ff-4539-bc0b-14847cc9652c', 'vary': 'X-OpenStack-Nova-API-Version', 'connection': 'close', 'x-openstack-nova-api-version': '2.1', 'date': 'Wed, 06 Jan 2016 20:02:38 GMT', 'content-type': 'application/json'}
        Body: {"server": {"status": "BUILD", "updated": "2016-01-06T20:02:37Z", "hostId": "8bb443ed25a02a1afafbf7cbe86e205bb52e3026abd811576a7dc8cf", "addresses": {}, "links": [{"href": "http://10.0.2.15:8774/v2.1/f1ca1828a9dd47168b8960b2a36a1c65/servers/00aa60ab-fae5-4af6-bd58-f62b13462a5d", "rel": "self"}, {"href": "http://10.0.2.15:8774/f1ca1828a9dd47168b8960b2a36a1c65/servers/00aa60ab-fae5-4af6-bd58-f62b13462a5d", "rel": "bookmark"}], "key_name": "tempest-TestGettingAddress-1239209477", "image": {"id": "90dd3139-ccc3-4ae9-951b-685feedaf468", "links": [{"href": "http://10.0.2.15:8774/f1ca1828a9dd47168b8960b2a36a1c65/images/90dd3139-ccc3-4ae9-951b-685feedaf468", "rel": "bookmark"}]}, "OS-EXT-STS:task_state": "spawning", "OS-EXT-STS:vm_state": "building", "OS-SRV-USG:launched_at": null, "flavor": {"id": "42", "links": [{"href": "http://10.0.2.15:8774/f1ca1828a9dd47168b8960b2a36a1c65/flavors/42", "rel": "bookmark"}]}, "id": "00aa60ab-fae5-4af6-bd58-f62b13462a5d", "security_groups": [{"name": "tempest-secgroup-smoke-2042415222"}], "OS-SRV-USG:terminated_at": null, "OS-EXT-AZ:availability_zone": "nova", "user_id": "818386e8e76343e3a0c63c31e3a529b8", "name": "tempest.common.compute-instance-1868231205", "created": "2016-01-06T20:02:36Z", "tenant_id": "f1ca1828a9dd47168b8960b2a36a1c65", "OS-DCF:diskConfig": "MANUAL", "os-extended-volumes:volumes_attached": [], "accessIPv4": "", "accessIPv6": "", "progress": 0, "OS-EXT-STS:power_state": 0, "config_drive": "", "metadata": {}}}
2016-01-06 20:02:40,103 4513 INFO     [tempest_lib.common.rest_client] Request (TestGettingAddress:test_dhcp6_stateless_from_os): 200 GET http://10.0.2.15:8774/v2.1/f1ca1828a9dd47168b8960b2a36a1c65/servers/00aa60ab-fae5-4af6-bd58-f62b13462a5d 0.223s
2016-01-06 20:02:40,103 4513 DEBUG    [tempest_lib.common.rest_client] Request - Headers: {'Content-Type': 'application/json', 'Accept': 'application/json', 'X-Auth-Token': '&lt;omitted&gt;'}
        Body: None
    Response - Headers: {'status': '200', 'content-length': '1782', 'content-location': 'http://10.0.2.15:8774/v2.1/f1ca1828a9dd47168b8960b2a36a1c65/servers/00aa60ab-fae5-4af6-bd58-f62b13462a5d', 'x-compute-request-id': 'req-7c43dce2-24a2-468e-888c-03a0e55ae14f', 'vary': 'X-OpenStack-Nova-API-Version', 'connection': 'close', 'x-openstack-nova-api-version': '2.1', 'date': 'Wed, 06 Jan 2016 20:02:40 GMT', 'content-type': 'application/json'}
        Body: {"server": {"status": "ACTIVE", "updated": "2016-01-06T20:02:39Z", "hostId": "8bb443ed25a02a1afafbf7cbe86e205bb52e3026abd811576a7dc8cf", "addresses": {"tempest-network-smoke--1839371405": [{"OS-EXT-IPS-MAC:mac_addr": "fa:16:3e:42:77:d9", "version": 6, "addr": "2003::f816:3eff:fe42:77d9", "OS-EXT-IPS:type": "fixed"}, {"OS-EXT-IPS-MAC:mac_addr": "fa:16:3e:42:77:d9", "version": 4, "addr": "10.100.0.3", "OS-EXT-IPS:type": "fixed"}]}, "links": [{"href": "http://10.0.2.15:8774/v2.1/f1ca1828a9dd47168b8960b2a36a1c65/servers/00aa60ab-fae5-4af6-bd58-f62b13462a5d", "rel": "self"}, {"href": "http://10.0.2.15:8774/f1ca1828a9dd47168b8960b2a36a1c65/servers/00aa60ab-fae5-4af6-bd58-f62b13462a5d", "rel": "bookmark"}], "key_name": "tempest-TestGettingAddress-1239209477", "image": {"id": "90dd3139-ccc3-4ae9-951b-685feedaf468", "links": [{"href": "http://10.0.2.15:8774/f1ca1828a9dd47168b8960b2a36a1c65/images/90dd3139-ccc3-4ae9-951b-685feedaf468", "rel": "bookmark"}]}, "OS-EXT-STS:task_state": null, "OS-EXT-STS:vm_state": "active", "OS-SRV-USG:launched_at": "2016-01-06T20:02:39.000000", "flavor": {"id": "42", "links": [{"href": "http://10.0.2.15:8774/f1ca1828a9dd47168b8960b2a36a1c65/flavors/42", "rel": "bookmark"}]}, "id": "00aa60ab-fae5-4af6-bd58-f62b13462a5d", "security_groups": [{"name": "tempest-secgroup-smoke-2042415222"}], "OS-SRV-USG:terminated_at": null, "OS-EXT-AZ:availability_zone": "nova", "user_id": "818386e8e76343e3a0c63c31e3a529b8", "name": "tempest.common.compute-instance-1868231205", "created": "2016-01-06T20:02:36Z", "tenant_id": "f1ca1828a9dd47168b8960b2a36a1c65", "OS-DCF:diskConfig": "MANUAL", "os-extended-volumes:volumes_attached": [], "accessIPv4": "", "accessIPv6": "", "progress": 0, "OS-EXT-STS:power_state": 1, "config_drive": "True", "metadata": {}}}
2016-01-06 20:02:40,112 4513 INFO     [tempest.common.waiters] State transition "BUILD/spawning" ==&gt; "ACTIVE/None" after 4 second wait
2016-01-06 20:02:40,400 4513 INFO     [tempest_lib.common.rest_client] Request (TestGettingAddress:test_dhcp6_stateless_from_os): 200 GET http://10.0.2.15:8774/v2.1/f1ca1828a9dd47168b8960b2a36a1c65/servers/00aa60ab-fae5-4af6-bd58-f62b13462a5d 0.288s
2016-01-06 20:02:40,401 4513 DEBUG    [tempest_lib.common.rest_client] Request - Headers: {'Content-Type': 'application/json', 'Accept': 'application/json', 'X-Auth-Token': '&lt;omitted&gt;'}
        Body: None
    Response - Headers: {'status': '200', 'content-length': '1782', 'content-location': 'http://10.0.2.15:8774/v2.1/f1ca1828a9dd47168b8960b2a36a1c65/servers/00aa60ab-fae5-4af6-bd58-f62b13462a5d', 'x-compute-request-id': 'req-6e5675af-f733-40ef-a950-f13bc1f0f848', 'vary': 'X-OpenStack-Nova-API-Version', 'connection': 'close', 'x-openstack-nova-api-version': '2.1', 'date': 'Wed, 06 Jan 2016 20:02:40 GMT', 'content-type': 'application/json'}
        Body: {"server": {"status": "ACTIVE", "updated": "2016-01-06T20:02:39Z", "hostId": "8bb443ed25a02a1afafbf7cbe86e205bb52e3026abd811576a7dc8cf", "addresses": {"tempest-network-smoke--1839371405": [{"OS-EXT-IPS-MAC:mac_addr": "fa:16:3e:42:77:d9", "version": 6, "addr": "2003::f816:3eff:fe42:77d9", "OS-EXT-IPS:type": "fixed"}, {"OS-EXT-IPS-MAC:mac_addr": "fa:16:3e:42:77:d9", "version": 4, "addr": "10.100.0.3", "OS-EXT-IPS:type": "fixed"}]}, "links": [{"href": "http://10.0.2.15:8774/v2.1/f1ca1828a9dd47168b8960b2a36a1c65/servers/00aa60ab-fae5-4af6-bd58-f62b13462a5d", "rel": "self"}, {"href": "http://10.0.2.15:8774/f1ca1828a9dd47168b8960b2a36a1c65/servers/00aa60ab-fae5-4af6-bd58-f62b13462a5d", "rel": "bookmark"}], "key_name": "tempest-TestGettingAddress-1239209477", "image": {"id": "90dd3139-ccc3-4ae9-951b-685feedaf468", "links": [{"href": "http://10.0.2.15:8774/f1ca1828a9dd47168b8960b2a36a1c65/images/90dd3139-ccc3-4ae9-951b-685feedaf468", "rel": "bookmark"}]}, "OS-EXT-STS:task_state": null, "OS-EXT-STS:vm_state": "active", "OS-SRV-USG:launched_at": "2016-01-06T20:02:39.000000", "flavor": {"id": "42", "links": [{"href": "http://10.0.2.15:8774/f1ca1828a9dd47168b8960b2a36a1c65/flavors/42", "rel": "bookmark"}]}, "id": "00aa60ab-fae5-4af6-bd58-f62b13462a5d", "security_groups": [{"name": "tempest-secgroup-smoke-2042415222"}], "OS-SRV-USG:terminated_at": null, "OS-EXT-AZ:availability_zone": "nova", "user_id": "818386e8e76343e3a0c63c31e3a529b8", "name": "tempest.common.compute-instance-1868231205", "created": "2016-01-06T20:02:36Z", "tenant_id": "f1ca1828a9dd47168b8960b2a36a1c65", "OS-DCF:diskConfig": "MANUAL", "os-extended-volumes:volumes_attached": [], "accessIPv4": "", "accessIPv6": "", "progress": 0, "OS-EXT-STS:power_state": 1, "config_drive": "True", "metadata": {}}}
2016-01-06 20:02:40,442 4513 INFO     [tempest_lib.common.rest_client] Request (TestGettingAddress:test_dhcp6_stateless_from_os): 200 GET http://10.0.2.15:9696/v2.0/ports?status=ACTIVE&amp;fixed_ip=None&amp;device_id=00aa60ab-fae5-4af6-bd58-f62b13462a5d 0.032s
2016-01-06 20:02:40,442 4513 DEBUG    [tempest_lib.common.rest_client] Request - Headers: {'Content-Type': 'application/json', 'Accept': 'application/json', 'X-Auth-Token': '&lt;omitted&gt;'}
        Body: None
    Response - Headers: {'status': '200', 'content-length': '1142', 'content-location': 'http://10.0.2.15:9696/v2.0/ports?status=ACTIVE&amp;fixed_ip=None&amp;device_id=00aa60ab-fae5-4af6-bd58-f62b13462a5d', 'connection': 'close', 'date': 'Wed, 06 Jan 2016 20:02:40 GMT', 'content-type': 'application/json; charset=UTF-8', 'x-openstack-request-id': 'req-532671b5-5841-4927-996a-5a8367172844'}
        Body: {"ports": [{"status": "ACTIVE", "binding:host_id": "vagrant-ubuntu-trusty-64", "allowed_address_pairs": [], "extra_dhcp_opts": [], "dns_assignment": [{"hostname": "host-10-100-0-3", "ip_address": "10.100.0.3", "fqdn": "host-10-100-0-3.openstacklocal."}, {"hostname": "host-2003--f816-3eff-fe42-77d9", "ip_address": "2003::f816:3eff:fe42:77d9", "fqdn": "host-2003--f816-3eff-fe42-77d9.openstacklocal."}], "device_owner": "compute:None", "port_security_enabled": true, "binding:profile": {}, "fixed_ips": [{"subnet_id": "60d0d0de-772f-45a9-b2b8-309c394f8df0", "ip_address": "10.100.0.3"}, {"subnet_id": "a70057ed-9cc8-4e03-b384-16d45b77db1b", "ip_address": "2003::f816:3eff:fe42:77d9"}], "id": "d99394f2-96ee-43b9-a56b-2b16be8a36e7", "security_groups": ["a6f99dbd-5294-40d3-8772-ee508349f08f"], "device_id": "00aa60ab-fae5-4af6-bd58-f62b13462a5d", "name": "", "admin_state_up": true, "network_id": "be3af610-ad7b-48c3-8727-4ba4fe139bc2", "dns_name": "", "binding:vif_details": {"port_filter": true}, "binding:vnic_type": "normal", "binding:vif_type": "ovs", "tenant_id": "f1ca1828a9dd47168b8960b2a36a1c65", "mac_address": "fa:16:3e:42:77:d9"}]}
2016-01-06 20:02:40,962 4513 INFO     [tempest_lib.common.rest_client] Request (TestGettingAddress:test_dhcp6_stateless_from_os): 201 POST http://10.0.2.15:9696/v2.0/floatingips 0.519s
2016-01-06 20:02:40,963 4513 DEBUG    [tempest_lib.common.rest_client] Request - Headers: {'Content-Type': 'application/json', 'Accept': 'application/json', 'X-Auth-Token': '&lt;omitted&gt;'}
        Body: {"floatingip": {"floating_network_id": "993da18a-d789-466d-a54f-0fd13361122a", "tenant_id": "f1ca1828a9dd47168b8960b2a36a1c65", "fixed_ip_address": "10.100.0.3", "port_id": "d99394f2-96ee-43b9-a56b-2b16be8a36e7"}}
    Response - Headers: {'status': '201', 'content-length': '367', 'connection': 'close', 'date': 'Wed, 06 Jan 2016 20:02:40 GMT', 'content-type': 'application/json; charset=UTF-8', 'x-openstack-request-id': 'req-8f234727-740e-4509-88a6-b8487b8a88b6'}
        Body: {"floatingip": {"floating_network_id": "993da18a-d789-466d-a54f-0fd13361122a", "router_id": "9a80fc0d-15db-4c80-b7a4-4c0995a80dc8", "fixed_ip_address": "10.100.0.3", "floating_ip_address": "172.24.4.4", "tenant_id": "f1ca1828a9dd47168b8960b2a36a1c65", "status": "DOWN", "port_id": "d99394f2-96ee-43b9-a56b-2b16be8a36e7", "id": "d3daf085-3b53-4a3c-838b-32d23e40ca54"}}
2016-01-06 20:02:40,964 4513 INFO     [tempest_lib.common.ssh] Creating ssh connection to '172.24.4.4' as 'cirros' with public key authentication
2016-01-06 20:02:44,714 4513 WARNING  [tempest_lib.common.ssh] Failed to establish authenticated ssh connection to cirros@172.24.4.4 ([Errno None] Unable to connect to port 22 on  or 172.24.4.4). Number attempts: 1. Retry after 2 seconds.
2016-01-06 20:02:50,218 4513 WARNING  [tempest_lib.common.ssh] Failed to establish authenticated ssh connection to cirros@172.24.4.4 ([Errno None] Unable to connect to port 22 on  or 172.24.4.4). Number attempts: 2. Retry after 3 seconds.
2016-01-06 20:02:56,722 4513 WARNING  [tempest_lib.common.ssh] Failed to establish authenticated ssh connection to cirros@172.24.4.4 ([Errno None] Unable to connect to port 22 on  or 172.24.4.4). Number attempts: 3. Retry after 4 seconds.
2016-01-06 20:03:04,222 4513 WARNING  [tempest_lib.common.ssh] Failed to establish authenticated ssh connection to cirros@172.24.4.4 ([Errno None] Unable to connect to port 22 on  or 172.24.4.4). Number attempts: 4. Retry after 5 seconds.
2016-01-06 20:03:12,726 4513 WARNING  [tempest_lib.common.ssh] Failed to establish authenticated ssh connection to cirros@172.24.4.4 ([Errno None] Unable to connect to port 22 on  or 172.24.4.4). Number attempts: 5. Retry after 6 seconds.
2016-01-06 20:03:22,230 4513 WARNING  [tempest_lib.common.ssh] Failed to establish authenticated ssh connection to cirros@172.24.4.4 ([Errno None] Unable to connect to port 22 on  or 172.24.4.4). Number attempts: 6. Retry after 7 seconds.
2016-01-06 20:03:32,738 4513 WARNING  [tempest_lib.common.ssh] Failed to establish authenticated ssh connection to cirros@172.24.4.4 ([Errno None] Unable to connect to port 22 on  or 172.24.4.4). Number attempts: 7. Retry after 8 seconds.
2016-01-06 20:03:44,242 4513 WARNING  [tempest_lib.common.ssh] Failed to establish authenticated ssh connection to cirros@172.24.4.4 ([Errno None] Unable to connect to port 22 on  or 172.24.4.4). Number attempts: 8. Retry after 9 seconds.
2016-01-06 20:03:56,750 4513 WARNING  [tempest_lib.common.ssh] Failed to establish authenticated ssh connection to cirros@172.24.4.4 ([Errno None] Unable to connect to port 22 on  or 172.24.4.4). Number attempts: 9. Retry after 10 seconds.
2016-01-06 20:04:10,262 4513 WARNING  [tempest_lib.common.ssh] Failed to establish authenticated ssh connection to cirros@172.24.4.4 ([Errno None] Unable to connect to port 22 on  or 172.24.4.4). Number attempts: 10. Retry after 11 seconds.
2016-01-06 20:04:24,775 4513 WARNING  [tempest_lib.common.ssh] Failed to establish authenticated ssh connection to cirros@172.24.4.4 ([Errno None] Unable to connect to port 22 on  or 172.24.4.4). Number attempts: 11. Retry after 12 seconds.
2016-01-06 20:04:40,286 4513 WARNING  [tempest_lib.common.ssh] Failed to establish authenticated ssh connection to cirros@172.24.4.4 ([Errno None] Unable to connect to port 22 on  or 172.24.4.4). Number attempts: 12. Retry after 13 seconds.
2016-01-06 20:04:56,794 4513 WARNING  [tempest_lib.common.ssh] Failed to establish authenticated ssh connection to cirros@172.24.4.4 ([Errno None] Unable to connect to port 22 on  or 172.24.4.4). Number attempts: 13. Retry after 14 seconds.
2016-01-06 20:05:14,302 4513 WARNING  [tempest_lib.common.ssh] Failed to establish authenticated ssh connection to cirros@172.24.4.4 ([Errno None] Unable to connect to port 22 on  or 172.24.4.4). Number attempts: 14. Retry after 15 seconds.
2016-01-06 20:05:32,818 4513 WARNING  [tempest_lib.common.ssh] Failed to establish authenticated ssh connection to cirros@172.24.4.4 ([Errno None] Unable to connect to port 22 on  or 172.24.4.4). Number attempts: 15. Retry after 16 seconds.
2016-01-06 20:05:52,326 4513 WARNING  [tempest_lib.common.ssh] Failed to establish authenticated ssh connection to cirros@172.24.4.4 ([Errno None] Unable to connect to port 22 on  or 172.24.4.4). Number attempts: 16. Retry after 17 seconds.
2016-01-06 20:06:12,845 4513 ERROR    [tempest_lib.common.ssh] Failed to establish authenticated ssh connection to cirros@172.24.4.4 after 16 attempts
2016-01-06 20:06:12.845 4513 ERROR tempest_lib.common.ssh Traceback (most recent call last):
2016-01-06 20:06:12.845 4513 ERROR tempest_lib.common.ssh   File "/usr/local/lib/python2.7/dist-packages/tempest_lib/common/ssh.py", line 75, in _get_ssh_connection
2016-01-06 20:06:12.845 4513 ERROR tempest_lib.common.ssh     timeout=self.channel_timeout, pkey=self.pkey)
2016-01-06 20:06:12.845 4513 ERROR tempest_lib.common.ssh   File "/usr/local/lib/python2.7/dist-packages/paramiko/client.py", line 311, in connect
2016-01-06 20:06:12.845 4513 ERROR tempest_lib.common.ssh     raise NoValidConnectionsError(errors)
2016-01-06 20:06:12.845 4513 ERROR tempest_lib.common.ssh NoValidConnectionsError: [Errno None] Unable to connect to port 22 on  or 172.24.4.4
2016-01-06 20:06:12.845 4513 ERROR tempest_lib.common.ssh 
2016-01-06 20:06:12,847 4513 ERROR    [tempest.scenario.manager] (TestGettingAddress:test_dhcp6_stateless_from_os) Initializing SSH connection to 172.24.4.4 failed. Error: Connection to the 172.24.4.4 via SSH timed out.
User: cirros, Password: None
2016-01-06 20:06:12.847 4513 ERROR tempest.scenario.manager Traceback (most recent call last):
2016-01-06 20:06:12.847 4513 ERROR tempest.scenario.manager   File "tempest/scenario/manager.py", line 386, in get_remote_client
2016-01-06 20:06:12.847 4513 ERROR tempest.scenario.manager     linux_client.validate_authentication()
2016-01-06 20:06:12.847 4513 ERROR tempest.scenario.manager   File "tempest/common/utils/linux/remote_client.py", line 63, in validate_authentication
2016-01-06 20:06:12.847 4513 ERROR tempest.scenario.manager     self.ssh_client.test_connection_auth()
2016-01-06 20:06:12.847 4513 ERROR tempest.scenario.manager   File "/usr/local/lib/python2.7/dist-packages/tempest_lib/common/ssh.py", line 172, in test_connection_auth
2016-01-06 20:06:12.847 4513 ERROR tempest.scenario.manager     connection = self._get_ssh_connection()
2016-01-06 20:06:12.847 4513 ERROR tempest.scenario.manager   File "/usr/local/lib/python2.7/dist-packages/tempest_lib/common/ssh.py", line 87, in _get_ssh_connection
2016-01-06 20:06:12.847 4513 ERROR tempest.scenario.manager     password=self.password)
2016-01-06 20:06:12.847 4513 ERROR tempest.scenario.manager SSHTimeout: Connection to the 172.24.4.4 via SSH timed out.
2016-01-06 20:06:12.847 4513 ERROR tempest.scenario.manager User: cirros, Password: None
2016-01-06 20:06:12.847 4513 ERROR tempest.scenario.manager 
2016-01-06 20:06:13,039 4513 INFO     [tempest_lib.common.rest_client] Request (TestGettingAddress:test_dhcp6_stateless_from_os): 200 GET http://10.0.2.15:8774/v2.1/f1ca1828a9dd47168b8960b2a36a1c65/servers 0.189s
2016-01-06 20:06:13,039 4513 DEBUG    [tempest_lib.common.rest_client] Request - Headers: {'Content-Type': 'application/json', 'Accept': 'application/json', 'X-Auth-Token': '&lt;omitted&gt;'}
        Body: None
    Response - Headers: {'status': '200', 'content-length': '391', 'content-location': 'http://10.0.2.15:8774/v2.1/f1ca1828a9dd47168b8960b2a36a1c65/servers', 'x-compute-request-id': 'req-f82f3e00-d1cc-4fa8-b0d3-1f5b225d2c46', 'vary': 'X-OpenStack-Nova-API-Version', 'connection': 'close', 'x-openstack-nova-api-version': '2.1', 'date': 'Wed, 06 Jan 2016 20:06:13 GMT', 'content-type': 'application/json'}
        Body: {"servers": [{"id": "00aa60ab-fae5-4af6-bd58-f62b13462a5d", "links": [{"href": "http://10.0.2.15:8774/v2.1/f1ca1828a9dd47168b8960b2a36a1c65/servers/00aa60ab-fae5-4af6-bd58-f62b13462a5d", "rel": "self"}, {"href": "http://10.0.2.15:8774/f1ca1828a9dd47168b8960b2a36a1c65/servers/00aa60ab-fae5-4af6-bd58-f62b13462a5d", "rel": "bookmark"}], "name": "tempest.common.compute-instance-1868231205"}]}
2016-01-06 20:06:13,256 4513 INFO     [tempest_lib.common.rest_client] Request (TestGettingAddress:test_dhcp6_stateless_from_os): 200 POST http://10.0.2.15:8774/v2.1/f1ca1828a9dd47168b8960b2a36a1c65/servers/00aa60ab-fae5-4af6-bd58-f62b13462a5d/action 0.211s
2016-01-06 20:06:13,257 4513 DEBUG    [tempest_lib.common.rest_client] Request - Headers: {'Content-Type': 'application/json', 'Accept': 'application/json', 'X-Auth-Token': '&lt;omitted&gt;'}
        Body: {"os-getConsoleOutput": {}}
    Response - Headers: {'status': '200', 'content-length': '24643', 'x-compute-request-id': 'req-ad20919c-f44a-4230-8c3a-766329c1625a', 'vary': 'X-OpenStack-Nova-API-Version', 'connection': 'close', 'x-openstack-nova-api-version': '2.1', 'date': 'Wed, 06 Jan 2016 20:06:13 GMT', 'content-type': 'application/json'}
        Body: {"output": "[    0.000000] Initializing cgroup subsys cpuset\n[    0.000000] Initializing cgroup subsys cpu\n[    0.000000] Linux version 3.2.0-80-virtual (buildd@batsu) (gcc version 4.6.3 (Ubuntu/Linaro 4.6.3-1ubuntu5) ) #116-Ubuntu SMP Mon Mar 23 17:28:52 UTC 2015 (Ubuntu 3.2.0-80.116-virtual 3.2.68)\n[    0.000000] Command line: root=/dev/vda console=tty0 console=ttyS0 no_timer_check\n[    0.000000] KERNEL supported cpus:\n[    0.000000]   Intel GenuineIntel\n[    0.000000]   AMD AuthenticAMD\n[    0.000000]   Centaur CentaurHauls\n[    0.000000] BIOS-provided physical RAM map:\n[    0.000000]  BIOS-e820: 0000000000000000 - 000000000009fc00 (usable)\n[    0.000000]  BIOS-e820: 000000000009fc00 - 00000000000a0000 (reserved)\n[    0.000000]  BIOS-e820: 00000000000f0000 - 0000000000100000 (reserved)\n[    0.000000]  BIOS-e820: 0000000000100000 - 0000000003ffe000 (usable)\n[    0.000000]  BIOS-e820: 0000000003ffe000 - 0000000004000000 (reserved)\n[    0.000000]  BIOS-e820: 00000000fffc0000 - 0000000100000000 (reserved)\n[    0.000000] NX (Execute Disable) protection: active\n[    0.000000] SMBIOS 2.4 present.\n[    0.000000] No AGP bridge found\n[    0.000000] last_pfn = 0x3ffe max_arch_pfn = 0x400000000\n[    0.000000] x86 PAT enabled: cpu 0, old 0x7040600070406, new 0x7010600070106\n[    0.000000] found SMP MP-table at [ffff8800000f0b00] f0b00\n[    0.000000] init_memory_mapping: 0000000000000000-0000000003ffe000\n[    0.000000] RAMDISK: 03c5e000 - 03ff0000\n[    0.000000] ACPI: RSDP 00000000000f0950 00014 (v00 BOCHS )\n[    0.000000] ACPI: RSDT 0000000003fffbc1 00034 (v01 BOCHS  BXPCRSDT 00000001 BXPC 00000001)\n[    0.000000] ACPI: FACP 0000000003fff1c0 00074 (v01 BOCHS  BXPCFACP 00000001 BXPC 00000001)\n[    0.000000] ACPI: DSDT 0000000003ffe040 01180 (v01 BOCHS  BXPCDSDT 00000001 BXPC 00000001)\n[    0.000000] ACPI: FACS 0000000003ffe000 00040\n[    0.000000] ACPI: SSDT 0000000003fff234 008DD (v01 BOCHS  BXPCSSDT 00000001 BXPC 00000001)\n[    0.000000] ACPI: APIC 0000000003fffb11 00078 (v01 BOCHS  BXPCAPIC 00000001 BXPC 00000001)\n[    0.000000] ACPI: HPET 0000000003fffb89 00038 (v01 BOCHS  BXPCHPET 00000001 BXPC 00000001)\n[    0.000000] No NUMA configuration found\n[    0.000000] Faking a node at 0000000000000000-0000000003ffe000\n[    0.000000] Initmem setup node 0 0000000000000000-0000000003ffe000\n[    0.000000]   NODE_DATA [0000000003ff6000 - 0000000003ffafff]\n[    0.000000] Zone PFN ranges:\n[    0.000000]   DMA      0x00000010 -&gt; 0x00001000\n[    0.000000]   DMA32    0x00001000 -&gt; 0x00100000\n[    0.000000]   Normal   empty\n[    0.000000] Movable zone start PFN for each node\n[    0.000000] early_node_map[2] active PFN ranges\n[    0.000000]     0: 0x00000010 -&gt; 0x0000009f\n[    0.000000]     0: 0x00000100 -&gt; 0x00003ffe\n[    0.000000] ACPI: PM-Timer IO Port: 0xb008\n[    0.000000] ACPI: LAPIC (acpi_id[0x00] lapic_id[0x00] enabled)\n[    0.000000] ACPI: LAPIC_NMI (acpi_id[0xff] dfl dfl lint[0x1])\n[    0.000000] ACPI: IOAPIC (id[0x00] address[0xfec00000] gsi_base[0])\n[    0.000000] IOAPIC[0]: apic_id 0, version 17, address 0xfec00000, GSI 0-23\n[    0.000000] ACPI: INT_SRC_OVR (bus 0 bus_irq 0 global_irq 2 dfl dfl)\n[    0.000000] ACPI: INT_SRC_OVR (bus 0 bus_irq 5 global_irq 5 high level)\n[    0.000000] ACPI: INT_SRC_OVR (bus 0 bus_irq 9 global_irq 9 high level)\n[    0.000000] ACPI: INT_SRC_OVR (bus 0 bus_irq 10 global_irq 10 high level)\n[    0.000000] ACPI: INT_SRC_OVR (bus 0 bus_irq 11 global_irq 11 high level)\n[    0.000000] Using ACPI (MADT) for SMP configuration information\n[    0.000000] ACPI: HPET id: 0x8086a201 base: 0xfed00000\n[    0.000000] SMP: Allowing 1 CPUs, 0 hotplug CPUs\n[    0.000000] PM: Registered nosave memory: 000000000009f000 - 00000000000a0000\n[    0.000000] PM: Registered nosave memory: 00000000000a0000 - 00000000000f0000\n[    0.000000] PM: Registered nosave memory: 00000000000f0000 - 0000000000100000\n[    0.000000] Allocating PCI resources starting at 4000000 (gap: 4000000:fbfc0000)\n[    0.000000] Booting paravirtualized kernel on bare hardware\n[    0.000000] setup_pe
2016-01-06 20:06:13,259 4513 DEBUG    [tempest.scenario.manager] Console output for 00aa60ab-fae5-4af6-bd58-f62b13462a5d
body=
[    0.000000] Initializing cgroup subsys cpuset
[    0.000000] Initializing cgroup subsys cpu
[    0.000000] Linux version 3.2.0-80-virtual (buildd@batsu) (gcc version 4.6.3 (Ubuntu/Linaro 4.6.3-1ubuntu5) ) #116-Ubuntu SMP Mon Mar 23 17:28:52 UTC 2015 (Ubuntu 3.2.0-80.116-virtual 3.2.68)
[    0.000000] Command line: root=/dev/vda console=tty0 console=ttyS0 no_timer_check
[    0.000000] KERNEL supported cpus:
[    0.000000]   Intel GenuineIntel
[    0.000000]   AMD AuthenticAMD
[    0.000000]   Centaur CentaurHauls
[    0.000000] BIOS-provided physical RAM map:
[    0.000000]  BIOS-e820: 0000000000000000 - 000000000009fc00 (usable)
[    0.000000]  BIOS-e820: 000000000009fc00 - 00000000000a0000 (reserved)
[    0.000000]  BIOS-e820: 00000000000f0000 - 0000000000100000 (reserved)
[    0.000000]  BIOS-e820: 0000000000100000 - 0000000003ffe000 (usable)
[    0.000000]  BIOS-e820: 0000000003ffe000 - 0000000004000000 (reserved)
[    0.000000]  BIOS-e820: 00000000fffc0000 - 0000000100000000 (reserved)
[    0.000000] NX (Execute Disable) protection: active
[    0.000000] SMBIOS 2.4 present.
[    0.000000] No AGP bridge found
[    0.000000] last_pfn = 0x3ffe max_arch_pfn = 0x400000000
[    0.000000] x86 PAT enabled: cpu 0, old 0x7040600070406, new 0x7010600070106
[    0.000000] found SMP MP-table at [ffff8800000f0b00] f0b00
[    0.000000] init_memory_mapping: 0000000000000000-0000000003ffe000
[    0.000000] RAMDISK: 03c5e000 - 03ff0000
[    0.000000] ACPI: RSDP 00000000000f0950 00014 (v00 BOCHS )
[    0.000000] ACPI: RSDT 0000000003fffbc1 00034 (v01 BOCHS  BXPCRSDT 00000001 BXPC 00000001)
[    0.000000] ACPI: FACP 0000000003fff1c0 00074 (v01 BOCHS  BXPCFACP 00000001 BXPC 00000001)
[    0.000000] ACPI: DSDT 0000000003ffe040 01180 (v01 BOCHS  BXPCDSDT 00000001 BXPC 00000001)
[    0.000000] ACPI: FACS 0000000003ffe000 00040
[    0.000000] ACPI: SSDT 0000000003fff234 008DD (v01 BOCHS  BXPCSSDT 00000001 BXPC 00000001)
[    0.000000] ACPI: APIC 0000000003fffb11 00078 (v01 BOCHS  BXPCAPIC 00000001 BXPC 00000001)
[    0.000000] ACPI: HPET 0000000003fffb89 00038 (v01 BOCHS  BXPCHPET 00000001 BXPC 00000001)
[    0.000000] No NUMA configuration found
[    0.000000] Faking a node at 0000000000000000-0000000003ffe000
[    0.000000] Initmem setup node 0 0000000000000000-0000000003ffe000
[    0.000000]   NODE_DATA [0000000003ff6000 - 0000000003ffafff]
[    0.000000] Zone PFN ranges:
[    0.000000]   DMA      0x00000010 -&gt; 0x00001000
[    0.000000]   DMA32    0x00001000 -&gt; 0x00100000
[    0.000000]   Normal   empty
[    0.000000] Movable zone start PFN for each node
[    0.000000] early_node_map[2] active PFN ranges
[    0.000000]     0: 0x00000010 -&gt; 0x0000009f
[    0.000000]     0: 0x00000100 -&gt; 0x00003ffe
[    0.000000] ACPI: PM-Timer IO Port: 0xb008
[    0.000000] ACPI: LAPIC (acpi_id[0x00] lapic_id[0x00] enabled)
[    0.000000] ACPI: LAPIC_NMI (acpi_id[0xff] dfl dfl lint[0x1])
[    0.000000] ACPI: IOAPIC (id[0x00] address[0xfec00000] gsi_base[0])
[    0.000000] IOAPIC[0]: apic_id 0, version 17, address 0xfec00000, GSI 0-23
[    0.000000] ACPI: INT_SRC_OVR (bus 0 bus_irq 0 global_irq 2 dfl dfl)
[    0.000000] ACPI: INT_SRC_OVR (bus 0 bus_irq 5 global_irq 5 high level)
[    0.000000] ACPI: INT_SRC_OVR (bus 0 bus_irq 9 global_irq 9 high level)
[    0.000000] ACPI: INT_SRC_OVR (bus 0 bus_irq 10 global_irq 10 high level)
[    0.000000] ACPI: INT_SRC_OVR (bus 0 bus_irq 11 global_irq 11 high level)
[    0.000000] Using ACPI (MADT) for SMP configuration information
[    0.000000] ACPI: HPET id: 0x8086a201 base: 0xfed00000
[    0.000000] SMP: Allowing 1 CPUs, 0 hotplug CPUs
[    0.000000] PM: Registered nosave memory: 000000000009f000 - 00000000000a0000
[    0.000000] PM: Registered nosave memory: 00000000000a0000 - 00000000000f0000
[    0.000000] PM: Registered nosave memory: 00000000000f0000 - 0000000000100000
[    0.000000] Allocating PCI resources starting at 4000000 (gap: 4000000:fbfc0000)
[    0.000000] Booting paravirtualized kernel on bare hardware
[    0.000000] setup_percpu: NR_CPUS:64 nr_cpumask_bits:64 nr_cpu_ids:1 nr_node_ids:1
[    0.000000] PERCPU: Embedded 27 pages/cpu @ffff880003a00000 s78848 r8192 d23552 u2097152
[    0.000000] Built 1 zonelists in Node order, mobility grouping on.  Total pages: 16008
[    0.000000] Policy zone: DMA32
[    0.000000] Kernel command line: root=/dev/vda console=tty0 console=ttyS0 no_timer_check
[    0.000000] PID hash table entries: 256 (order: -1, 2048 bytes)
[    0.000000] Checking aperture...
[    0.000000] No AGP bridge found
[    0.000000] Memory: 43492k/65528k available (6576k kernel code, 452k absent, 21584k reserved, 6620k data, 928k init)
[    0.000000] SLUB: Genslabs=15, HWalign=64, Order=0-3, MinObjects=0, CPUs=1, Nodes=1
[    0.000000] Hierarchical RCU implementation.
[    0.000000] 	RCU dyntick-idle grace-period acceleration is enabled.
[    0.000000] NR_IRQS:4352 nr_irqs:256 16
[    0.000000] Console: colour VGA+ 80x25
[    0.000000] console [tty0] enabled
[    0.000000] console [ttyS0] enabled
[    0.000000] allocated 1048576 bytes of page_cgroup
[    0.000000] please try 'cgroup_disable=memory' option if you don't want memory cgroups
[    0.000000] Fast TSC calibration failed
[    0.000000] TSC: Unable to calibrate against PIT
[    0.000000] TSC: using HPET reference calibration
[    0.000000] Detected 2294.292 MHz processor.
[    0.036478] Calibrating delay loop (skipped), value calculated using timer frequency.. 4588.58 BogoMIPS (lpj=9177168)
[    0.038933] pid_max: default: 32768 minimum: 301
[    0.048091] Security Framework initialized
[    0.052563] AppArmor: AppArmor initialized
[    0.053324] Yama: becoming mindful.
[    0.060802] Dentry cache hash table entries: 8192 (order: 4, 65536 bytes)
[    0.062736] Inode-cache hash table entries: 4096 (order: 3, 32768 bytes)
[    0.064532] Mount-cache hash table entries: 256
[    0.081904] Initializing cgroup subsys cpuacct
[    0.084530] Initializing cgroup subsys memory
[    0.086631] Initializing cgroup subsys devices
[    0.088617] Initializing cgroup subsys freezer
[    0.089893] Initializing cgroup subsys blkio
[    0.092089] Initializing cgroup subsys perf_event
[    0.097224] mce: CPU supports 10 MCE banks
[    0.101391] SMP alternatives: switching to UP code
[    0.492751] Freeing SMP alternatives: 24k freed
[    0.494447] ACPI: Core revision 20110623
[    0.545952] ftrace: allocating 26610 entries in 105 pages
[    0.579191] ..TIMER: vector=0x30 apic1=0 pin1=2 apic2=-1 pin2=-1
[    0.584177] CPU0: AMD QEMU Virtual CPU version 2.0.0 stepping 03
[    0.588036] Performance Events: Broken PMU hardware detected, using software events only.
[    0.596231] NMI watchdog disabled (cpu0): hardware events not enabled
[    0.597995] Brought up 1 CPUs
[    0.598577] Total of 1 processors activated (4588.58 BogoMIPS).
[    0.622350] devtmpfs: initialized
[    0.652434] EVM: security.selinux
[    0.653704] EVM: security.SMACK64
[    0.653984] EVM: security.capability
[    0.674137] print_constraints: dummy: 
[    0.676441] RTC time: 20:02:43, date: 01/06/16
[    0.679252] NET: Registered protocol family 16
[    0.686767] ACPI: bus type pci registered
[    0.690291] PCI: Using configuration type 1 for base access
[    0.726116] bio: create slab &lt;bio-0&gt; at 0
[    0.734162] ACPI: Added _OSI(Module Device)
[    0.734761] ACPI: Added _OSI(Processor Device)
[    0.736110] ACPI: Added _OSI(3.0 _SCP Extensions)
[    0.737339] ACPI: Added _OSI(Processor Aggregator Device)
[    0.818231] ACPI: Interpreter enabled
[    0.819005] ACPI: (supports S0 S3 S4 S5)
[    0.821605] ACPI: Using IOAPIC for interrupt routing
[    0.899117] ACPI: No dock devices found.
[    0.900264] HEST: Table not found.
[    0.901788] PCI: Using host bridge windows from ACPI; if necessary, use "pci=nocrs" and report a bug
[    0.914921] ACPI: PCI Root Bridge [PCI0] (domain 0000 [bus 00-ff])
[    0.926186] pci_root PNP0A03:00: host bridge window [io  0x0000-0x0cf7]
[    0.927022] pci_root PNP0A03:00: host bridge window [io  0x0d00-0xadff]
[    0.928116] pci_root PNP0A03:00: host bridge window [io  0xae0f-0xaeff]
[    0.928992] pci_root PNP0A03:00: host bridge window [io  0xaf20-0xafdf]
[    0.930077] pci_root PNP0A03:00: host bridge window [io  0xafe4-0xffff]
[    0.930802] pci_root PNP0A03:00: host bridge window [mem 0x000a0000-0x000bffff]
[    0.932115] pci_root PNP0A03:00: host bridge window [mem 0x04000000-0xfebfffff]
[    0.956761] pci 0000:00:01.3: quirk: [io  0xb000-0xb03f] claimed by PIIX4 ACPI
[    0.957975] pci 0000:00:01.3: quirk: [io  0xb100-0xb10f] claimed by PIIX4 SMB
[    1.020371]  pci0000:00: Unable to request _OSC control (_OSC support mask: 0x1e)
[    1.097214] ACPI: PCI Interrupt Link [LNKA] (IRQs 5 *10 11)
[    1.101238] ACPI: PCI Interrupt Link [LNKB] (IRQs 5 *10 11)
[    1.103283] ACPI: PCI Interrupt Link [LNKC] (IRQs 5 10 *11)
[    1.105362] ACPI: PCI Interrupt Link [LNKD] (IRQs 5 10 *11)
[    1.106797] ACPI: PCI Interrupt Link [LNKS] (IRQs *9)
[    1.114396] vgaarb: device added: PCI:0000:00:02.0,decodes=io+mem,owns=io+mem,locks=none
[    1.116152] vgaarb: loaded
[    1.116583] vgaarb: bridge control possible 0000:00:02.0
[    1.121155] i2c-core: driver [aat2870] using legacy suspend method
[    1.122065] i2c-core: driver [aat2870] using legacy resume method
[    1.126020] SCSI subsystem initialized
[    1.130034] usbcore: registered new interface driver usbfs
[    1.131302] usbcore: registered new interface driver hub
[    1.132805] usbcore: registered new device driver usb
[    1.137262] PCI: Using ACPI for IRQ routing
[    1.148694] NetLabel: Initializing
[    1.149262] NetLabel:  domain hash size = 128
[    1.149815] NetLabel:  protocols = UNLABELED CIPSOv4
[    1.152458] NetLabel:  unlabeled traffic allowed by default
[    1.154670] HPET: 3 timers in total, 0 timers will be used for per-cpu timer
[    1.156460] hpet0: at MMIO 0xfed00000, IRQs 2, 8, 0
[    1.157332] hpet0: 3 comparators, 64-bit 100.000000 MHz counter
[    1.166719] Switching to clocksource hpet
[    1.422532] AppArmor: AppArmor Filesystem Enabled
[    1.423443] pnp: PnP ACPI init
[    1.425854] ACPI: bus type pnp registered
[    1.447634] pnp: PnP ACPI: found 9 devices
[    1.449071] ACPI: ACPI bus type pnp unregistered
[    1.514203] NET: Registered protocol family 2
[    1.553207] IP route cache hash table entries: 512 (order: 0, 4096 bytes)
[    1.566257] TCP established hash table entries: 2048 (order: 3, 32768 bytes)
[    1.569793] TCP bind hash table entries: 2048 (order: 3, 32768 bytes)
[    1.570748] TCP: Hash tables configured (established 2048 bind 2048)
[    1.571490] TCP reno registered
[    1.572077] UDP hash table entries: 128 (order: 0, 4096 bytes)
[    1.573908] UDP-Lite hash table entries: 128 (order: 0, 4096 bytes)
[    1.577167] NET: Registered protocol family 1
[    1.578294] pci 0000:00:00.0: Limiting direct PCI/PCI transfers
[    1.579224] pci 0000:00:01.0: PIIX3: Enabling Passive Release
[    1.580201] pci 0000:00:01.0: Activating ISA DMA hang workarounds
[    1.585492] ACPI: PCI Interrupt Link [LNKD] enabled at IRQ 11
[    1.586563] pci 0000:00:01.2: PCI INT D -&gt; Link[LNKD] -&gt; GSI 11 (level, high) -&gt; IRQ 11
[    1.590103] pci 0000:00:01.2: PCI INT D disabled
[    1.610723] Trying to unpack rootfs image as initramfs...
[    1.627159] audit: initializing netlink socket (disabled)
[    1.629553] type=2000 audit(1452110563.624:1): initialized
[    1.883180] HugeTLB registered 2 MB page size, pre-allocated 0 pages
[    1.975502] VFS: Disk quotas dquot_6.5.2
[    1.977424] Dquot-cache hash table entries: 512 (order 0, 4096 bytes)
[    1.998191] fuse init (API version 7.17)
[    2.001743] msgmni has been set to 84
[    2.038194] Block layer SCSI generic (bsg) driver version 0.4 loaded (major 253)
[    2.039583] io scheduler noop registered
[    2.040076] io scheduler deadline registered (default)
[    2.042204] io scheduler cfq registered
[    2.046352] pci_hotplug: PCI Hot Plug PCI Core version: 0.5
[    2.047394] pciehp: PCI Express Hot Plug Controller Driver version: 0.4
[    2.053180] input: Power Button as /devices/LNXSYSTM:00/LNXPWRBN:00/input/input0
[    2.054721] ACPI: Power Button [PWRF]
[    2.096118] ERST: Table is not found!
[    2.096932] GHES: HEST is not enabled!
[    2.107107] ACPI: PCI Interrupt Link [LNKC] enabled at IRQ 10
[    2.107780] virtio-pci 0000:00:03.0: PCI INT A -&gt; Link[LNKC] -&gt; GSI 10 (level, high) -&gt; IRQ 10
[    2.111221] virtio-pci 0000:00:04.0: PCI INT A -&gt; Link[LNKD] -&gt; GSI 11 (level, high) -&gt; IRQ 11
[    2.122462] ACPI: PCI Interrupt Link [LNKA] enabled at IRQ 10
[    2.123109] virtio-pci 0000:00:05.0: PCI INT A -&gt; Link[LNKA] -&gt; GSI 10 (level, high) -&gt; IRQ 10
[    2.138092] Serial: 8250/16550 driver, 32 ports, IRQ sharing enabled
[    2.185498] serial8250: ttyS0 at I/O 0x3f8 (irq = 4) is a 16550A
[    2.274504] serial8250: ttyS1 at I/O 0x2f8 (irq = 3) is a 16550A
[    2.405747] 00:05: ttyS0 at I/O 0x3f8 (irq = 4) is a 16550A
[    2.482428] 00:06: ttyS1 at I/O 0x2f8 (irq = 3) is a 16550A
[    2.530811] Linux agpgart interface v0.103
[    2.599435] Refined TSC clocksource calibration: 2294.442 MHz.
[    2.600253] Switching to clocksource tsc
[    2.603762] brd: module loaded
[    2.636185] loop: module loaded
[    2.690240]  vda: unknown partition table
[    2.789676] scsi0 : ata_piix
[    2.792095] scsi1 : ata_piix
[    2.794482] ata1: PATA max MWDMA2 cmd 0x1f0 ctl 0x3f6 bmdma 0xc0a0 irq 14
[    2.795360] ata2: PATA max MWDMA2 cmd 0x170 ctl 0x376 bmdma 0xc0a8 irq 15
[    2.806603] Fixed MDIO Bus: probed
[    2.807622] tun: Universal TUN/TAP device driver, 1.6
[    2.808735] tun: (C) 1999-2004 Max Krasnyansky &lt;maxk@qualcomm.com&gt;
[    2.827694] PPP generic driver version 2.4.2
[    2.846860] ehci_hcd: USB 2.0 'Enhanced' Host Controller (EHCI) Driver
[    2.847894] ohci_hcd: USB 1.1 'Open' Host Controller (OHCI) Driver
[    2.850170] uhci_hcd: USB Universal Host Controller Interface driver
[    2.851146] uhci_hcd 0000:00:01.2: PCI INT D -&gt; Link[LNKD] -&gt; GSI 11 (level, high) -&gt; IRQ 11
[    2.854474] uhci_hcd 0000:00:01.2: UHCI Host Controller
[    2.869648] uhci_hcd 0000:00:01.2: new USB bus registered, assigned bus number 1
[    2.871385] uhci_hcd 0000:00:01.2: irq 11, io base 0x0000c040
[    2.899682] hub 1-0:1.0: USB hub found
[    2.902210] hub 1-0:1.0: 2 ports detected
[    2.911305] usbcore: registered new interface driver libusual
[    2.914833] i8042: PNP: PS/2 Controller [PNP0303:KBD,PNP0f13:MOU] at 0x60,0x64 irq 1,12
[    2.930847] serio: i8042 KBD port at 0x60,0x64 irq 1
[    2.932177] serio: i8042 AUX port at 0x60,0x64 irq 12
[    2.985265] mousedev: PS/2 mouse device common for all mice
[    3.033992] rtc_cmos 00:01: RTC can wake from S4
[    3.062613] input: AT Translated Set 2 keyboard as /devices/platform/i8042/serio0/input/input1
[    3.070829] ata2.01: ATAPI: QEMU DVD-ROM, 2.0.0, max UDMA/100
[    3.084030] rtc_cmos 00:01: rtc core: registered rtc_cmos as rtc0
[    3.091006] rtc0: alarms up to one day, 114 bytes nvram, hpet irqs
[    3.095789] device-mapper: uevent: version 1.0.3
[    3.118686] ata2.01: configured for MWDMA2
[    3.174273] device-mapper: ioctl: 4.22.0-ioctl (2011-10-19) initialised: dm-devel@redhat.com
[    3.179542] cpuidle: using governor ladder
[    3.181055] cpuidle: using governor menu
[    3.182418] EFI Variables Facility v0.08 2004-May-17
[    3.191537] TCP cubic registered
[    3.199000] NET: Registered protocol family 10
[    3.228793] NET: Registered protocol family 17
[    3.230317] Registering the dns_resolver key type
[    3.254696] scsi 1:0:1:0: CD-ROM            QEMU     QEMU DVD-ROM     2.0. PQ: 0 ANSI: 5
[    3.277489] sr0: scsi3-mmc drive: 4x/4x cd/rw xa/form2 tray
[    3.278870] cdrom: Uniform CD-ROM driver Revision: 3.20
[    3.299239] sr 1:0:1:0: Attached scsi generic sg0 type 5
[    3.359536] registered taskstats version 1
[    3.399497] Freeing initrd memory: 3656k freed
[    3.915597]   Magic number: 0:502:42
[    3.922204] bdi 7:7: hash matches
[    3.926446] rtc_cmos 00:01: setting system clock to 2016-01-06 20:02:46 UTC (1452110566)
[    3.928669] powernow-k8: Processor cpuid 663 not supported
[    3.934730] BIOS EDD facility v0.16 2004-Jun-25, 0 devices found
[    3.935873] EDD information not available.
[    3.994003] Freeing unused kernel memory: 928k freed
[    3.998297] Write protecting the kernel read-only data: 12288k
[    4.110261] Freeing unused kernel memory: 1596k freed
[    4.187268] Freeing unused kernel memory: 1184k freed

info: initramfs: up at 4.37
modprobe: module virtio_blk not found in modules.dep
modprobe: module virtio_net not found in modules.dep
info: copying initramfs to /dev/vda
info: initramfs loading root from /dev/vda
info: /etc/init.d/rc.sysinit: up at 9.07
info: container: none
Starting logging: OK
modprobe: module virtio_blk not found in modules.dep
modprobe: module virtio_net not found in modules.dep
WARN: /etc/rc3.d/S10-load-modules failed
Initializing random number generator... done.
Starting acpid: OK
cirros-ds 'local' up at 11.61
found datasource (configdrive, local)
Starting network...
udhcpc (v1.20.1) started
Sending discover...
Sending discover...
Sending discover...
Usage: /sbin/cirros-dhcpc &lt;up|down&gt;
No lease, failing
WARN: /etc/rc3.d/S40-network failed
Starting dropbear sshd: generating rsa key... generating dsa key... OK
no userdata for datasource
=== system information ===
Platform: OpenStack Foundation OpenStack Nova
Container: none
Arch: x86_64
CPU(s): 1 @ 2294.292 MHz
Cores/Sockets/Threads: 1/1/1
Virt-type: AMD-V
RAM Size: 49MB
Disks:
NAME MAJ:MIN     SIZE LABEL         MOUNTPOINT
vda  253:0   25165824 cirros-rootfs /
sr0   11:0     428032 config-2      
=== sshd host keys ===
-----BEGIN SSH HOST KEY KEYS-----
ssh-rsa AAAAB3NzaC1yc2EAAAADAQABAAAAgwCH2F1C7xEAaGfvlaLLOLS/tmBCR7s0x4ZkqK/+84sO+a2S0orCHs1TdDIWLNdpbJMQTmvIupujrFpLmBGvBx8daf9Q2SU4CeAkXGqbzP6K0pR6xnJYtnpleGyS3fs3/NklA2mLfwljT+3G/M/chfLqE678tfaFdVlpCBfB8mC32Xbx root@tempest
ssh-dss AAAAB3NzaC1kc3MAAACBAKuUZG4G2FsEr1vH2OXwXZzL/02kEM058HJAxjeGSvjzUpVujMjP46R2ALM5SP7FcNNQ6zkqRmsNOdFFGE+trl+fenajQzPN0ySxAfwzGET+EsfcwnYK1/sBeVg22vi4IhDsERv/hH8wrY6zRXQzmsRSk/U/8iVV+OsTyZis+873AAAAFQCGFnkx39vTsAdaBNJk+DkH3862WQAAAIBSoaWbFljPzEMWlzLKtTlCtQkNApS8yEZmGeZiqT2v2BR1CqewVgexVIxYx04gUAAgNxID472dbQFMo3UmcfPf7q4taAZbOuhPPMXjr99u96TT/4iLUptFJn42BWUJe6pqY1ivvJJEaT6OMWzIyAA1jimNfHPJWYcmPWjYspK/AQAAAIEAk+ItoSNM2Oj8LE7+tOyVWzI9+PLqS5PCfuwUJmYqoHOrI38AMqRML0tk2vKKtB+rQkLNMJJYtA9L+K1bn5FnbweIGNyCzxQ8wsxLQULzg23OAsHmko8quIJhsaXzGHqyZ8ZVz/zIeuatQFZdBXY7Px6XxXhuVvzv57ICNDMGYok= root@tempest
-----END SSH HOST KEY KEYS-----
=== network info ===
if-info: lo,up,127.0.0.1,8,::1
if-info: eth0,up,,8,fe80::f816:3eff:fe42:77d9
=== datasource: configdrive local ===
instance-id: 00aa60ab-fae5-4af6-bd58-f62b13462a5d
name: tempest.common.compute-instance-1868231205
availability-zone: nova
local-hostname: tempest.common.compute-instance-1868231205.novalocal
launch-index: 0
=== cirros: current=0.3.4 uptime=203.64 ===
route: fscanf
=== pinging gateway failed, debugging connection ===
############ debug start ##############
### /etc/init.d/sshd start
Starting dropbear sshd: OK
route: fscanf
### ifconfig -a
eth0      Link encap:Ethernet  HWaddr FA:16:3E:42:77:D9  
          inet6 addr: fe80::f816:3eff:fe42:77d9/64 Scope:Link
          UP BROADCAST RUNNING MULTICAST  MTU:1500  Metric:1
          RX packets:12 errors:0 dropped:5 overruns:0 frame:0
          TX packets:8 errors:0 dropped:0 overruns:0 carrier:0
          collisions:0 txqueuelen:1000 
          RX bytes:1293 (1.2 KiB)  TX bytes:1134 (1.1 KiB)

lo        Link encap:Local Loopback  
          inet addr:127.0.0.1  Mask:255.0.0.0
          inet6 addr: ::1/128 Scope:Host
          UP LOOPBACK RUNNING  MTU:16436  Metric:1
          RX packets:12 errors:0 dropped:0 overruns:0 frame:0
          TX packets:12 errors:0 dropped:0 overruns:0 carrier:0
          collisions:0 txqueuelen:0 
          RX bytes:1020 (1020.0 B)  TX bytes:1020 (1020.0 B)

### route -n
Kernel IP routing table
Destination     Gateway         Genmask         Flags Metric Ref    Use Iface
route: fscanf
### cat /etc/resolv.conf
cat: can't open '/etc/resolv.conf': No such file or directory
### gateway not found
/sbin/cirros-status: line 1: can't open /etc/resolv.conf: no such file
### pinging nameservers
### uname -a
Linux tempest 3.2.0-80-virtual #116-Ubuntu SMP Mon Mar 23 17:28:52 UTC 2015 x86_64 GNU/Linux
### lsmod
Module                  Size  Used by    Not tainted
nls_iso8859_1          12713  0 
nls_cp437              16991  0 
vfat                   17585  0 
fat                    61512  1 vfat
isofs                  40259  0 
ip_tables              27473  0 
x_tables               29891  1 ip_tables
pcnet32                42119  0 
8139cp                 27360  0 
ne2k_pci               13691  0 
8390                   18856  1 ne2k_pci
e1000                 108589  0 
acpiphp                24231  0 
### dmesg | tail
[    5.249994] EXT3-fs (vda): mounted filesystem with ordered data mode
[    5.563131] ISO 9660 Extensions: Microsoft Joliet Level 3
[    5.625755] ISO 9660 Extensions: RRIP_1991A
[    5.861949] kjournald starting.  Commit interval 5 seconds
[    5.877989] EXT3-fs (vda): using internal journal
[    5.878140] EXT3-fs (vda): mounted filesystem with ordered data mode
[    9.163024] EXT3-fs (vda): using internal journal
[   12.381325] ISO 9660 Extensions: Microsoft Joliet Level 3
[   12.489170] ISO 9660 Extensions: RRIP_1991A
[   27.171707] eth0: no IPv6 routers present
### tail -n 25 /var/log/messages
Jan  6 20:02:53 cirros kern.info kernel: [    4.678222] acpiphp: Slot [22] registered
Jan  6 20:02:53 cirros kern.info kernel: [    4.678551] acpiphp: Slot [23] registered
Jan  6 20:02:53 cirros kern.info kernel: [    4.678713] acpiphp: Slot [24] registered
Jan  6 20:02:53 cirros kern.info kernel: [    4.679112] acpiphp: Slot [25] registered
Jan  6 20:02:53 cirros kern.info kernel: [    4.679398] acpiphp: Slot [26] registered
Jan  6 20:02:53 cirros kern.info kernel: [    4.679834] acpiphp: Slot [27] registered
Jan  6 20:02:53 cirros kern.info kernel: [    4.680973] acpiphp: Slot [28] registered
Jan  6 20:02:53 cirros kern.info kernel: [    4.681711] acpiphp: Slot [29] registered
Jan  6 20:02:53 cirros kern.info kernel: [    4.682004] acpiphp: Slot [30] registered
Jan  6 20:02:53 cirros kern.info kernel: [    4.682294] acpiphp: Slot [31] registered
Jan  6 20:02:53 cirros kern.info kernel: [    4.730089] e1000: Intel(R) PRO/1000 Network Driver - version 7.3.21-k8-NAPI
Jan  6 20:02:53 cirros kern.info kernel: [    4.730140] e1000: Copyright (c) 1999-2006 Intel Corporation.
Jan  6 20:02:53 cirros kern.info kernel: [    4.783458] ne2k-pci.c:v1.03 9/22/2003 D. Becker/P. Gortmaker
Jan  6 20:02:53 cirros kern.info kernel: [    4.843339] 8139cp: 8139cp: 10/100 PCI Ethernet driver v1.3 (Mar 22, 2004)
Jan  6 20:02:53 cirros kern.info kernel: [    4.887418] pcnet32: pcnet32.c:v1.35 21.Apr.2008 tsbogend@alpha.franken.de
Jan  6 20:02:53 cirros kern.info kernel: [    4.933710] ip_tables: (C) 2000-2006 Netfilter Core Team
Jan  6 20:02:53 cirros kern.info kernel: [    5.243218] kjournald starting.  Commit interval 5 seconds
Jan  6 20:02:53 cirros kern.info kernel: [    5.877989] EXT3-fs (vda): using internal journal
Jan  6 20:02:53 cirros kern.info kernel: [    5.878140] EXT3-fs (vda): mounted filesystem with ordered data mode
Jan  6 20:02:53 cirros kern.info kernel: [    9.163024] EXT3-fs (vda): using internal journal
Jan  6 20:02:54 cirros kern.debug kernel: [   12.381325] ISO 9660 Extensions: Microsoft Joliet Level 3
Jan  6 20:02:55 cirros kern.debug kernel: [   12.489170] ISO 9660 Extensions: RRIP_1991A
Jan  6 20:02:57 cirros auth.notice su: + /dev/console root:cirros
Jan  6 20:03:09 cirros kern.debug kernel: [   27.171707] eth0: no IPv6 routers present
Jan  6 20:06:04 cirros authpriv.info dropbear[283]: Running in background
############ debug end   ##############
  ____               ____  ____
 / __/ __ ____ ____ / __ \/ __/
/ /__ / // __// __// /_/ /\ \ 
\___//_//_/  /_/   \____/___/ 
   http://cirros-cloud.net


login as 'cirros' user. default password: 'cubswin:)'. use 'sudo' for root.
tempest login: 
2016-01-06 20:06:13,517 4513 INFO     [tempest_lib.common.rest_client] Request (TestGettingAddress:_run_cleanups): 204 DELETE http://10.0.2.15:9696/v2.0/floatingips/d3daf085-3b53-4a3c-838b-32d23e40ca54 0.254s
2016-01-06 20:06:13,517 4513 DEBUG    [tempest_lib.common.rest_client] Request - Headers: {'Content-Type': 'application/json', 'Accept': 'application/json', 'X-Auth-Token': '&lt;omitted&gt;'}
        Body: None
    Response - Headers: {'date': 'Wed, 06 Jan 2016 20:06:13 GMT', 'status': '204', 'connection': 'close', 'content-length': '0', 'x-openstack-request-id': 'req-a1b5dda1-4a92-4209-9668-a997f9ee388a'}
        Body: 
2016-01-06 20:06:13,805 4513 INFO     [tempest_lib.common.rest_client] Request (TestGettingAddress:_run_cleanups): 204 DELETE http://10.0.2.15:8774/v2.1/f1ca1828a9dd47168b8960b2a36a1c65/servers/00aa60ab-fae5-4af6-bd58-f62b13462a5d 0.287s
2016-01-06 20:06:13,805 4513 DEBUG    [tempest_lib.common.rest_client] Request - Headers: {'Content-Type': 'application/json', 'Accept': 'application/json', 'X-Auth-Token': '&lt;omitted&gt;'}
        Body: None
    Response - Headers: {'status': '204', 'content-length': '0', 'x-compute-request-id': 'req-2214f64d-0dbe-438e-a1d7-347c115d987e', 'vary': 'X-OpenStack-Nova-API-Version', 'connection': 'close', 'x-openstack-nova-api-version': '2.1', 'date': 'Wed, 06 Jan 2016 20:06:13 GMT', 'content-type': 'application/json'}
        Body: 
2016-01-06 20:06:14,055 4513 INFO     [tempest_lib.common.rest_client] Request (TestGettingAddress:_run_cleanups): 200 GET http://10.0.2.15:8774/v2.1/f1ca1828a9dd47168b8960b2a36a1c65/servers/00aa60ab-fae5-4af6-bd58-f62b13462a5d 0.249s
2016-01-06 20:06:14,055 4513 DEBUG    [tempest_lib.common.rest_client] Request - Headers: {'Content-Type': 'application/json', 'Accept': 'application/json', 'X-Auth-Token': '&lt;omitted&gt;'}
        Body: None
    Response - Headers: {'status': '200', 'content-length': '1905', 'content-location': 'http://10.0.2.15:8774/v2.1/f1ca1828a9dd47168b8960b2a36a1c65/servers/00aa60ab-fae5-4af6-bd58-f62b13462a5d', 'x-compute-request-id': 'req-775511a0-ae46-4ab6-94f3-ffe4bb901034', 'vary': 'X-OpenStack-Nova-API-Version', 'connection': 'close', 'x-openstack-nova-api-version': '2.1', 'date': 'Wed, 06 Jan 2016 20:06:14 GMT', 'content-type': 'application/json'}
        Body: {"server": {"status": "ACTIVE", "updated": "2016-01-06T20:06:13Z", "hostId": "8bb443ed25a02a1afafbf7cbe86e205bb52e3026abd811576a7dc8cf", "addresses": {"tempest-network-smoke--1839371405": [{"OS-EXT-IPS-MAC:mac_addr": "fa:16:3e:42:77:d9", "version": 6, "addr": "2003::f816:3eff:fe42:77d9", "OS-EXT-IPS:type": "fixed"}, {"OS-EXT-IPS-MAC:mac_addr": "fa:16:3e:42:77:d9", "version": 4, "addr": "10.100.0.3", "OS-EXT-IPS:type": "fixed"}, {"OS-EXT-IPS-MAC:mac_addr": "fa:16:3e:42:77:d9", "version": 4, "addr": "172.24.4.4", "OS-EXT-IPS:type": "floating"}]}, "links": [{"href": "http://10.0.2.15:8774/v2.1/f1ca1828a9dd47168b8960b2a36a1c65/servers/00aa60ab-fae5-4af6-bd58-f62b13462a5d", "rel": "self"}, {"href": "http://10.0.2.15:8774/f1ca1828a9dd47168b8960b2a36a1c65/servers/00aa60ab-fae5-4af6-bd58-f62b13462a5d", "rel": "bookmark"}], "key_name": "tempest-TestGettingAddress-1239209477", "image": {"id": "90dd3139-ccc3-4ae9-951b-685feedaf468", "links": [{"href": "http://10.0.2.15:8774/f1ca1828a9dd47168b8960b2a36a1c65/images/90dd3139-ccc3-4ae9-951b-685feedaf468", "rel": "bookmark"}]}, "OS-EXT-STS:task_state": "deleting", "OS-EXT-STS:vm_state": "active", "OS-SRV-USG:launched_at": "2016-01-06T20:02:39.000000", "flavor": {"id": "42", "links": [{"href": "http://10.0.2.15:8774/f1ca1828a9dd47168b8960b2a36a1c65/flavors/42", "rel": "bookmark"}]}, "id": "00aa60ab-fae5-4af6-bd58-f62b13462a5d", "security_groups": [{"name": "tempest-secgroup-smoke-2042415222"}], "OS-SRV-USG:terminated_at": null, "OS-EXT-AZ:availability_zone": "nova", "user_id": "818386e8e76343e3a0c63c31e3a529b8", "name": "tempest.common.compute-instance-1868231205", "created": "2016-01-06T20:02:36Z", "tenant_id": "f1ca1828a9dd47168b8960b2a36a1c65", "OS-DCF:diskConfig": "MANUAL", "os-extended-volumes:volumes_attached": [], "accessIPv4": "", "accessIPv6": "", "progress": 0, "OS-EXT-STS:power_state": 1, "config_drive": "True", "metadata": {}}}
2016-01-06 20:06:15,223 4513 INFO     [tempest_lib.common.rest_client] Request (TestGettingAddress:_run_cleanups): 200 GET http://10.0.2.15:8774/v2.1/f1ca1828a9dd47168b8960b2a36a1c65/servers/00aa60ab-fae5-4af6-bd58-f62b13462a5d 0.154s
2016-01-06 20:06:15,223 4513 DEBUG    [tempest_lib.common.rest_client] Request - Headers: {'Content-Type': 'application/json', 'Accept': 'application/json', 'X-Auth-Token': '&lt;omitted&gt;'}
        Body: None
    Response - Headers: {'status': '200', 'content-length': '1440', 'content-location': 'http://10.0.2.15:8774/v2.1/f1ca1828a9dd47168b8960b2a36a1c65/servers/00aa60ab-fae5-4af6-bd58-f62b13462a5d', 'x-compute-request-id': 'req-0f06408e-7eb6-4346-abe9-236b1d5b0788', 'vary': 'X-OpenStack-Nova-API-Version', 'connection': 'close', 'x-openstack-nova-api-version': '2.1', 'date': 'Wed, 06 Jan 2016 20:06:15 GMT', 'content-type': 'application/json'}
        Body: {"server": {"status": "ACTIVE", "updated": "2016-01-06T20:06:14Z", "hostId": "8bb443ed25a02a1afafbf7cbe86e205bb52e3026abd811576a7dc8cf", "addresses": {}, "links": [{"href": "http://10.0.2.15:8774/v2.1/f1ca1828a9dd47168b8960b2a36a1c65/servers/00aa60ab-fae5-4af6-bd58-f62b13462a5d", "rel": "self"}, {"href": "http://10.0.2.15:8774/f1ca1828a9dd47168b8960b2a36a1c65/servers/00aa60ab-fae5-4af6-bd58-f62b13462a5d", "rel": "bookmark"}], "key_name": "tempest-TestGettingAddress-1239209477", "image": {"id": "90dd3139-ccc3-4ae9-951b-685feedaf468", "links": [{"href": "http://10.0.2.15:8774/f1ca1828a9dd47168b8960b2a36a1c65/images/90dd3139-ccc3-4ae9-951b-685feedaf468", "rel": "bookmark"}]}, "OS-EXT-STS:task_state": "deleting", "OS-EXT-STS:vm_state": "active", "OS-SRV-USG:launched_at": "2016-01-06T20:02:39.000000", "flavor": {"id": "42", "links": [{"href": "http://10.0.2.15:8774/f1ca1828a9dd47168b8960b2a36a1c65/flavors/42", "rel": "bookmark"}]}, "id": "00aa60ab-fae5-4af6-bd58-f62b13462a5d", "OS-SRV-USG:terminated_at": null, "OS-EXT-AZ:availability_zone": "nova", "user_id": "818386e8e76343e3a0c63c31e3a529b8", "name": "tempest.common.compute-instance-1868231205", "created": "2016-01-06T20:02:36Z", "tenant_id": "f1ca1828a9dd47168b8960b2a36a1c65", "OS-DCF:diskConfig": "MANUAL", "os-extended-volumes:volumes_attached": [], "accessIPv4": "", "accessIPv6": "", "progress": 0, "OS-EXT-STS:power_state": 1, "config_drive": "True", "metadata": {}}}
2016-01-06 20:06:16,328 4513 INFO     [tempest_lib.common.rest_client] Request (TestGettingAddress:_run_cleanups): 404 GET http://10.0.2.15:8774/v2.1/f1ca1828a9dd47168b8960b2a36a1c65/servers/00aa60ab-fae5-4af6-bd58-f62b13462a5d 0.089s
2016-01-06 20:06:16,330 4513 DEBUG    [tempest_lib.common.rest_client] Request - Headers: {'Content-Type': 'application/json', 'Accept': 'application/json', 'X-Auth-Token': '&lt;omitted&gt;'}
        Body: None
    Response - Headers: {'status': '404', 'content-length': '111', 'x-compute-request-id': 'req-39b674b1-fe71-4820-bba3-c59fd6a3a720', 'vary': 'X-OpenStack-Nova-API-Version', 'connection': 'close', 'x-openstack-nova-api-version': '2.1', 'date': 'Wed, 06 Jan 2016 20:06:16 GMT', 'content-type': 'application/json; charset=UTF-8'}
        Body: {"itemNotFound": {"message": "Instance 00aa60ab-fae5-4af6-bd58-f62b13462a5d could not be found.", "code": 404}}
2016-01-06 20:06:16,785 4513 INFO     [tempest_lib.common.rest_client] Request (TestGettingAddress:_run_cleanups): 200 PUT http://10.0.2.15:9696/v2.0/routers/9a80fc0d-15db-4c80-b7a4-4c0995a80dc8/remove_router_interface 0.454s
2016-01-06 20:06:16,786 4513 DEBUG    [tempest_lib.common.rest_client] Request - Headers: {'Content-Type': 'application/json', 'Accept': 'application/json', 'X-Auth-Token': '&lt;omitted&gt;'}
        Body: {"subnet_id": "a70057ed-9cc8-4e03-b384-16d45b77db1b"}
    Response - Headers: {'status': '200', 'content-length': '255', 'connection': 'close', 'date': 'Wed, 06 Jan 2016 20:06:16 GMT', 'content-type': 'application/json; charset=UTF-8', 'x-openstack-request-id': 'req-f42ff4ad-0db0-4c14-a34b-3487735fbc4c'}
        Body: {"subnet_id": "a70057ed-9cc8-4e03-b384-16d45b77db1b", "tenant_id": "f1ca1828a9dd47168b8960b2a36a1c65", "subnet_ids": ["a70057ed-9cc8-4e03-b384-16d45b77db1b"], "port_id": "bf18e167-1f54-4ce0-8b3b-eaae5a60d08e", "id": "9a80fc0d-15db-4c80-b7a4-4c0995a80dc8"}
2016-01-06 20:06:17,310 4513 INFO     [tempest_lib.common.rest_client] Request (TestGettingAddress:_run_cleanups): 204 DELETE http://10.0.2.15:9696/v2.0/subnets/a70057ed-9cc8-4e03-b384-16d45b77db1b 0.524s
2016-01-06 20:06:17,311 4513 DEBUG    [tempest_lib.common.rest_client] Request - Headers: {'Content-Type': 'application/json', 'Accept': 'application/json', 'X-Auth-Token': '&lt;omitted&gt;'}
        Body: None
    Response - Headers: {'date': 'Wed, 06 Jan 2016 20:06:17 GMT', 'status': '204', 'connection': 'close', 'content-length': '0', 'x-openstack-request-id': 'req-5e901374-e9a6-4094-8c9c-fff9f63db674'}
        Body: 
2016-01-06 20:06:17,484 4513 INFO     [tempest_lib.common.rest_client] Request (TestGettingAddress:_run_cleanups): 404 DELETE http://10.0.2.15:9696/v2.0/subnets/a70057ed-9cc8-4e03-b384-16d45b77db1b 0.173s
2016-01-06 20:06:17,485 4513 DEBUG    [tempest_lib.common.rest_client] Request - Headers: {'Content-Type': 'application/json', 'Accept': 'application/json', 'X-Auth-Token': '&lt;omitted&gt;'}
        Body: None
    Response - Headers: {'status': '404', 'content-length': '136', 'connection': 'close', 'date': 'Wed, 06 Jan 2016 20:06:17 GMT', 'content-type': 'application/json; charset=UTF-8', 'x-openstack-request-id': 'req-511c2460-8522-4da9-b169-f14e5e3d4195'}
        Body: {"NeutronError": {"message": "Subnet a70057ed-9cc8-4e03-b384-16d45b77db1b could not be found.", "type": "SubnetNotFound", "detail": ""}}
2016-01-06 20:06:17,925 4513 INFO     [tempest_lib.common.rest_client] Request (TestGettingAddress:_run_cleanups): 200 PUT http://10.0.2.15:9696/v2.0/routers/9a80fc0d-15db-4c80-b7a4-4c0995a80dc8/remove_router_interface 0.439s
2016-01-06 20:06:17,926 4513 DEBUG    [tempest_lib.common.rest_client] Request - Headers: {'Content-Type': 'application/json', 'Accept': 'application/json', 'X-Auth-Token': '&lt;omitted&gt;'}
        Body: {"subnet_id": "60d0d0de-772f-45a9-b2b8-309c394f8df0"}
    Response - Headers: {'status': '200', 'content-length': '255', 'connection': 'close', 'date': 'Wed, 06 Jan 2016 20:06:17 GMT', 'content-type': 'application/json; charset=UTF-8', 'x-openstack-request-id': 'req-23df1996-7528-4d5e-a582-1e22120dde7a'}
