<?xml version="1.0" encoding="UTF-8"?>
<!DOCTYPE html PUBLIC "-//W3C//DTD XHTML 1.0 Strict//EN"
     "http://www.w3.org/TR/xhtml1/DTD/xhtml1-strict.dtd">
<html xmlns="http://www.w3.org/1999/xhtml">
<head>
    <title>Unit Test Report</title>
    <meta name="generator" content="subunit2html 0.1"/>
    <meta http-equiv="Content-Type" content="text/html; charset=UTF-8"/>
    
<style type="text/css" media="screen">
body        { font-family: verdana, arial, helvetica, sans-serif;
    font-size: 80%; }
table       { font-size: 100%; width: 100%;}
pre         { font-size: 80%; }

/* -- heading -------------------------------------------------------------- */
h1 {
        font-size: 16pt;
        color: gray;
}
.heading {
    margin-top: 0ex;
    margin-bottom: 1ex;
}

.heading .attribute {
    margin-top: 1ex;
    margin-bottom: 0;
}

.heading .description {
    margin-top: 4ex;
    margin-bottom: 6ex;
}

/* -- css div popup -------------------------------------------------------- */
a.popup_link {
}

a.popup_link:hover {
    color: red;
}

.popup_window {
    display: none;
    overflow-x: scroll;
    /*border: solid #627173 1px; */
    padding: 10px;
    background-color: #E6E6D6;
    font-family: "Ubuntu Mono", "Lucida Console", "Courier New", monospace;
    text-align: left;
    font-size: 8pt;
}

}
/* -- report --------------------------------------------------------------- */
#show_detail_line {
    margin-top: 3ex;
    margin-bottom: 1ex;
}
#result_table {
    width: 100%;
    border-collapse: collapse;
    border: 1px solid #777;
}
#header_row {
    font-weight: bold;
    color: white;
    background-color: #777;
}
#result_table td {
    border: 1px solid #777;
    padding: 2px;
}
#total_row  { font-weight: bold; }
.passClass  { background-color: #6c6; }
.failClass  { background-color: #c60; }
.errorClass { background-color: #c00; }
.passCase   { color: #6c6; }
.failCase   { color: #c60; font-weight: bold; }
.errorCase  { color: #c00; font-weight: bold; }
.hiddenRow  { display: none; }
.testcase   { margin-left: 2em; }
td.testname {width: 40%}
td.small {width: 40px}

/* -- ending --------------------------------------------------------------- */
#ending {
}

</style>

</head>
<body>
<script language="javascript" type="text/javascript"><!--
output_list = Array();

/* level - 0:Summary; 1:Failed; 2:All */
function showCase(level) {
    trs = document.getElementsByTagName("tr");
    for (var i = 0; i < trs.length; i++) {
        tr = trs[i];
        id = tr.id;
        if (id.substr(0,2) == 'ft') {
            if (level < 1) {
                tr.className = 'hiddenRow';
            }
            else {
                tr.className = '';
            }
        }
        if (id.substr(0,2) == 'pt') {
            if (level > 1) {
                tr.className = '';
            }
            else {
                tr.className = 'hiddenRow';
            }
        }
    }
}


function showClassDetail(cid, count) {
    var id_list = Array(count);
    var toHide = 1;
    for (var i = 0; i < count; i++) {
        tid0 = 't' + cid.substr(1) + '.' + (i+1);
        tid = 'f' + tid0;
        tr = document.getElementById(tid);
        if (!tr) {
            tid = 'p' + tid0;
            tr = document.getElementById(tid);
        }
        id_list[i] = tid;
        if (tr.className) {
            toHide = 0;
        }
    }
    for (var i = 0; i < count; i++) {
        tid = id_list[i];
        if (toHide) {
            document.getElementById('div_'+tid).style.display = 'none'
            document.getElementById(tid).className = 'hiddenRow';
        }
        else {
            document.getElementById(tid).className = '';
        }
    }
}


function showTestDetail(div_id){
    var details_div = document.getElementById(div_id)
    var displayState = details_div.style.display
    // alert(displayState)
    if (displayState != 'block' ) {
        displayState = 'block'
        details_div.style.display = 'block'
    }
    else {
        details_div.style.display = 'none'
    }
}


function html_escape(s) {
    s = s.replace(/&/g,'&amp;');
    s = s.replace(/</g,'&lt;');
    s = s.replace(/>/g,'&gt;');
    return s;
}

/* obsoleted by detail in <div>
function showOutput(id, name) {
    var w = window.open("", //url
                    name,
                    "resizable,scrollbars,status,width=800,height=450");
    d = w.document;
    d.write("<pre>");
    d.write(html_escape(output_list[id]));
    d.write("\n");
    d.write("<a href='javascript:window.close()'>close</a>\n");
    d.write("</pre>\n");
    d.close();
}
*/
--></script>

<div class='heading'>
<h1>Unit Test Report</h1>

<p class='attribute'><strong>Status:</strong> Failure 8</p>

<p class='description'></p>
</div>



<p id='show_detail_line'>Show
<a href='javascript:showCase(0)'>Summary</a>
<a href='javascript:showCase(1)'>Failed</a>
<a href='javascript:showCase(2)'>All</a>
</p>
<table id='result_table'>
<colgroup>
<col align='left' />
<col align='right' />
<col align='right' />
<col align='right' />
<col align='right' />
<col align='right' />
<col align='right' />
<col align='right' />
</colgroup>
<tr id='header_row'>
    <td>Test Group/Test case</td>
    <td>Count</td>
    <td>Pass</td>
    <td>Fail</td>
    <td>Error</td>
    <td>Skip</td>
    <td>View</td>
    <td> </td>
</tr>

<tr class='failClass'>
    <td class="testname">tempest.scenario.test_network_v6.TestGettingAddress</td>
    <td class="small">8</td>
    <td class="small">0</td>
    <td class="small">8</td>
    <td class="small">0</td>
    <td class="small">0</td>
    <td class="small"><a href="javascript:showClassDetail('c1',8)"
>Detail</a></td>
    <td> </td>
</tr>

<tr id='ft1.1' class='none'>
    <td class='failCase'><div class='testcase'>test_dhcp6_stateless_from_os[compute,id-d7e1f858-187c-45a6-89c9-bdafde619a9f,network]</div></td>
    <td colspan='7' align='left'>

    <!--css div popup start-->
    <a class="popup_link" onfocus='this.blur();'
    href="javascript:showTestDetail('div_ft1.1')" >
        fail</a>

    <div id='div_ft1.1' class="popup_window">
        <div style='text-align: right; color:red;cursor:pointer'>
        <a onfocus='this.blur();'
onclick="document.getElementById('div_ft1.1').style.display = 'none' " >
           [x]</a>
        </div>
        <pre>
        
ft1.1: tempest.scenario.test_network_v6.TestGettingAddress.test_dhcp6_stateless_from_os[compute,id-d7e1f858-187c-45a6-89c9-bdafde619a9f,network]_StringException: Empty attachments:
  stderr
  stdout

pythonlogging:'': {{{
2016-01-06 03:54:52,864 6001 INFO     [tempest_lib.common.rest_client] Request (TestGettingAddress:setUp): 200 POST http://10.0.2.15:8774/v2.1/1571126e9cb24dd0a7e96fa659252ea7/os-keypairs 0.725s
2016-01-06 03:54:52,864 6001 DEBUG    [tempest_lib.common.rest_client] Request - Headers: {'Content-Type': 'application/json', 'Accept': 'application/json', 'X-Auth-Token': '&lt;omitted&gt;'}
        Body: {"keypair": {"name": "tempest-TestGettingAddress-956131446"}}
    Response - Headers: {'status': '200', 'content-length': '2319', 'x-compute-request-id': 'req-59176add-2966-4503-bf4d-f795a5f3015e', 'vary': 'X-OpenStack-Nova-API-Version', 'connection': 'close', 'x-openstack-nova-api-version': '2.1', 'date': 'Wed, 06 Jan 2016 03:54:52 GMT', 'content-type': 'application/json'}
        Body: {"keypair": {"public_key": "ssh-rsa AAAAB3NzaC1yc2EAAAADAQABAAABAQDaezOjq/WK/vd3CRTmCZ4a9usM6fmQb/v2x7sgEgogQE6kzBOicoelPlpnKT1zdZ73rqNCs6sGkmylSPVe39ZQ74UcznLVIBEf+/j7i/qGzA1HLUJNMDvudNRYMHPxJrATYt0NdwP6rcVgzwGtnEFv8JnDP8GLSUMeYCEbKlx8WgW7GeVz+wZNSuXBOOn5NagH7dq+Ol56ZsxvgyOZsOJhrlSScQwv/A01zcmThWwGoAXVGIrizxxFLY1ZpwqioaiHS959OruJkpM3x+D93opEr69VT9cvV4iC9k805OlitIR3x8miOLY4YYL3Bk1f60wf65JqvoHRy113kEIJjkun Generated-by-Nova", "private_key": "-----BEGIN RSA PRIVATE KEY-----\nMIIEpwIBAAKCAQEA2nszo6v1iv73dwkU5gmeGvbrDOn5kG/79se7IBIKIEBOpMwT\nonKHpT5aZyk9c3We966jQrOrBpJspUj1Xt/WUO+FHM5y1SARH/v4+4v6hswNRy1C\nTTA77nTUWDBz8SawE2LdDXcD+q3FYM8BrZxBb/CZwz/Bi0lDHmAhGypcfFoFuxnl\nc/sGTUrlwTjp+TWoB+3avjpeembMb4MjmbDiYa5UknEML/wNNc3Jk4VsBqAF1RiK\n4s8cRS2NWacKoqGoh0vefTq7iZKTN8fg/d6KRK+vVU/XL1eIgvZPNOTpYrSEd8fJ\noji2OGGC9wZNX+tMH+uSar6B0ctdd5BCCY5LpwIDAQABAoIBAEWPqFdaLql8mEm8\nCH1dXotzRk8sR5snLG/cE8YYOEUgdGmf2DiGgo2oFpx10uzp7B0r6ysXjUJgaFsP\nqZ/1YIUQXa9YQ9N7jDhEv3dHkBJO8YNR86Qj0VEQvXL+qkuDZ9gkSAE7fXbY0NkL\nz5r4/xSm5C34JKU2RDptnNzLVfr5D/MzMCQu0A57EDkVKn1QnQnztnCE1/HGiPLX\nYoG8rbSg1gffpdZ+Ybr1tBI0c6VNKbkY6802fuUpsDVsTsYJ6wzPKC9X31rU7fM6\nf9FD6v+jBY7ZZsEstOIaS/QQaaZQReDDCJm6FynhLbHJFAklCI8KTNtJLlUYSUei\nmD3wO7ECggCBAOoXwYzQUKaz3px7lP5fv4QYrGU32xIszGgt5zNNWxgFjZloSVCh\n5B1Cy0quf9Y919A0XibB/caNf2OgSQUASYf2gCe09uPQElNfo3gvZV2RQWNIaH8I\nQPjR3u/zfpGjTi4gXYRVyH3aONqlUqE4L8AmVjksgYvex3LQOlnHJT2jAoIAgQDu\n7W85KlcdW04F11O8pzzwZhszRU66w3NxEpENT/O+z6sdWupLUZTOV0brDqGMJOLR\n9AZsAMrnmOcyJr/NN9fIWCLVpPRuQPHS8eBnMKBucUC9ot2CeQzRtlo2LNt9CSkW\n2aYss+FNfrdGWoBXmJ3cKaRRWNxivsq3DV04kG8SLQKCAIAmYVi5dpoSiuEPtO9b\nuWUUCluRiNPhKfklh4kljyRFTvvFUCTdFH3rEj10dCG/hYoxt7RMFHhAKojdU7VF\nHaPwp8ihOflUppOqmb6agOLUsXEQDxoa4caNRRORMdHpnOW/iEzs2oexoqq5pmti\nxWyGy4JNg2+F+DOpLlyyxYTkkwKCAIALZmrTKHEFppCfeLm3G6ettMGBfcIW6TJ9\n56viHbl8lj4M5YSeWWMnQUTR/F266RulduZDivojeMk3PGAUc6CpH4Nx/C/pftHL\nBd12LvzIqEC1i6rUCeCRtQiy4wsJ+UDrpTDnmyGZ5/zor3LGOzL1CUuc0geZ8o6L\nk2iqRUH3dQKCAIBeK2u/l0jHa6E2TXDYz77hitpxrAqVtXaD1R1NHwfcOwbMzNlu\ncgVgnRoHcYYb7Nzk70EiqEivBsOwa7CPl0+VIj/SZaOzAPyElRxQlKhWhO8jMAlJ\nZR7mCzYdMymsgk5k6yPZ0y7rrw287iv+Mb7H0wgzA+orzc/7NK8aHqozmw==\n-----END RSA PRIVATE KEY-----\n", "user_id": "d12d7851e3244cc9bde2b04fbf19e69a", "name": "tempest-TestGettingAddress-956131446", "fingerprint": "fb:15:a0:6e:51:8e:02:16:7c:63:44:2e:95:09:aa:15"}}
2016-01-06 03:54:53,244 6001 INFO     [tempest_lib.common.rest_client] Request (TestGettingAddress:setUp): 201 POST http://10.0.2.15:9696/v2.0/security-groups 0.374s
2016-01-06 03:54:53,245 6001 DEBUG    [tempest_lib.common.rest_client] Request - Headers: {'Content-Type': 'application/json', 'Accept': 'application/json', 'X-Auth-Token': '&lt;omitted&gt;'}
        Body: {"security_group": {"tenant_id": "1571126e9cb24dd0a7e96fa659252ea7", "description": "tempest-secgroup-smoke-882376539 description", "name": "tempest-secgroup-smoke-882376539"}}
    Response - Headers: {'status': '201', 'content-length': '886', 'connection': 'close', 'date': 'Wed, 06 Jan 2016 03:54:53 GMT', 'content-type': 'application/json; charset=UTF-8', 'x-openstack-request-id': 'req-4eb42902-c5d9-4cc9-982b-97a72330f5d5'}
        Body: {"security_group": {"tenant_id": "1571126e9cb24dd0a7e96fa659252ea7", "description": "tempest-secgroup-smoke-882376539 description", "id": "50a0f1ff-cd4c-4c71-b01f-0c8e3d1f24e9", "security_group_rules": [{"remote_group_id": null, "direction": "egress", "remote_ip_prefix": null, "protocol": null, "ethertype": "IPv4", "tenant_id": "1571126e9cb24dd0a7e96fa659252ea7", "port_range_max": null, "port_range_min": null, "id": "d48babf6-6770-42b1-9032-363cdf55e16b", "security_group_id": "50a0f1ff-cd4c-4c71-b01f-0c8e3d1f24e9"}, {"remote_group_id": null, "direction": "egress", "remote_ip_prefix": null, "protocol": null, "ethertype": "IPv6", "tenant_id": "1571126e9cb24dd0a7e96fa659252ea7", "port_range_max": null, "port_range_min": null, "id": "69bb74dc-08cd-4be6-aaee-a202892f7352", "security_group_id": "50a0f1ff-cd4c-4c71-b01f-0c8e3d1f24e9"}], "name": "tempest-secgroup-smoke-882376539"}}
2016-01-06 03:54:53,366 6001 INFO     [tempest_lib.common.rest_client] Request (TestGettingAddress:setUp): 201 POST http://10.0.2.15:9696/v2.0/security-group-rules 0.120s
2016-01-06 03:54:53,367 6001 DEBUG    [tempest_lib.common.rest_client] Request - Headers: {'Content-Type': 'application/json', 'Accept': 'application/json', 'X-Auth-Token': '&lt;omitted&gt;'}
        Body: {"security_group_rule": {"direction": "ingress", "protocol": "tcp", "tenant_id": "1571126e9cb24dd0a7e96fa659252ea7", "port_range_max": 22, "security_group_id": "50a0f1ff-cd4c-4c71-b01f-0c8e3d1f24e9", "port_range_min": 22}}
    Response - Headers: {'status': '201', 'content-length': '340', 'connection': 'close', 'date': 'Wed, 06 Jan 2016 03:54:53 GMT', 'content-type': 'application/json; charset=UTF-8', 'x-openstack-request-id': 'req-881fdfc7-83e8-401c-8575-bb8ff6df03b7'}
        Body: {"security_group_rule": {"remote_group_id": null, "direction": "ingress", "remote_ip_prefix": null, "protocol": "tcp", "ethertype": "IPv4", "tenant_id": "1571126e9cb24dd0a7e96fa659252ea7", "port_range_max": 22, "port_range_min": 22, "id": "abc41ad1-33fb-4407-9c79-13306d42aea3", "security_group_id": "50a0f1ff-cd4c-4c71-b01f-0c8e3d1f24e9"}}
2016-01-06 03:54:53,635 6001 INFO     [tempest_lib.common.rest_client] Request (TestGettingAddress:setUp): 201 POST http://10.0.2.15:9696/v2.0/security-group-rules 0.266s
2016-01-06 03:54:53,636 6001 DEBUG    [tempest_lib.common.rest_client] Request - Headers: {'Content-Type': 'application/json', 'Accept': 'application/json', 'X-Auth-Token': '&lt;omitted&gt;'}
        Body: {"security_group_rule": {"direction": "egress", "protocol": "tcp", "tenant_id": "1571126e9cb24dd0a7e96fa659252ea7", "port_range_max": 22, "security_group_id": "50a0f1ff-cd4c-4c71-b01f-0c8e3d1f24e9", "port_range_min": 22}}
    Response - Headers: {'status': '201', 'content-length': '339', 'connection': 'close', 'date': 'Wed, 06 Jan 2016 03:54:53 GMT', 'content-type': 'application/json; charset=UTF-8', 'x-openstack-request-id': 'req-03059ca7-fddc-48dd-9660-94dacdf3e354'}
        Body: {"security_group_rule": {"remote_group_id": null, "direction": "egress", "remote_ip_prefix": null, "protocol": "tcp", "ethertype": "IPv4", "tenant_id": "1571126e9cb24dd0a7e96fa659252ea7", "port_range_max": 22, "port_range_min": 22, "id": "dce8f381-5c51-4e1a-a848-40969e6f67aa", "security_group_id": "50a0f1ff-cd4c-4c71-b01f-0c8e3d1f24e9"}}
2016-01-06 03:54:53,747 6001 INFO     [tempest_lib.common.rest_client] Request (TestGettingAddress:setUp): 201 POST http://10.0.2.15:9696/v2.0/security-group-rules 0.109s
2016-01-06 03:54:53,748 6001 DEBUG    [tempest_lib.common.rest_client] Request - Headers: {'Content-Type': 'application/json', 'Accept': 'application/json', 'X-Auth-Token': '&lt;omitted&gt;'}
        Body: {"security_group_rule": {"tenant_id": "1571126e9cb24dd0a7e96fa659252ea7", "direction": "ingress", "protocol": "icmp", "security_group_id": "50a0f1ff-cd4c-4c71-b01f-0c8e3d1f24e9"}}
    Response - Headers: {'status': '201', 'content-length': '345', 'connection': 'close', 'date': 'Wed, 06 Jan 2016 03:54:53 GMT', 'content-type': 'application/json; charset=UTF-8', 'x-openstack-request-id': 'req-68520d67-3b4b-431c-b1b6-c594cdb82f8b'}
        Body: {"security_group_rule": {"remote_group_id": null, "direction": "ingress", "remote_ip_prefix": null, "protocol": "icmp", "ethertype": "IPv4", "tenant_id": "1571126e9cb24dd0a7e96fa659252ea7", "port_range_max": null, "port_range_min": null, "id": "35380598-8cde-4235-8b7e-84bf4ef9868b", "security_group_id": "50a0f1ff-cd4c-4c71-b01f-0c8e3d1f24e9"}}
2016-01-06 03:54:53,864 6001 INFO     [tempest_lib.common.rest_client] Request (TestGettingAddress:setUp): 201 POST http://10.0.2.15:9696/v2.0/security-group-rules 0.114s
2016-01-06 03:54:53,864 6001 DEBUG    [tempest_lib.common.rest_client] Request - Headers: {'Content-Type': 'application/json', 'Accept': 'application/json', 'X-Auth-Token': '&lt;omitted&gt;'}
        Body: {"security_group_rule": {"tenant_id": "1571126e9cb24dd0a7e96fa659252ea7", "direction": "egress", "protocol": "icmp", "security_group_id": "50a0f1ff-cd4c-4c71-b01f-0c8e3d1f24e9"}}
    Response - Headers: {'status': '201', 'content-length': '344', 'connection': 'close', 'date': 'Wed, 06 Jan 2016 03:54:53 GMT', 'content-type': 'application/json; charset=UTF-8', 'x-openstack-request-id': 'req-b92c225c-500d-43a1-ad58-55c577628e80'}
        Body: {"security_group_rule": {"remote_group_id": null, "direction": "egress", "remote_ip_prefix": null, "protocol": "icmp", "ethertype": "IPv4", "tenant_id": "1571126e9cb24dd0a7e96fa659252ea7", "port_range_max": null, "port_range_min": null, "id": "327ce14d-4dae-4757-81ce-e9659dedf371", "security_group_id": "50a0f1ff-cd4c-4c71-b01f-0c8e3d1f24e9"}}
2016-01-06 03:54:53,988 6001 INFO     [tempest_lib.common.rest_client] Request (TestGettingAddress:setUp): 201 POST http://10.0.2.15:9696/v2.0/security-group-rules 0.122s
2016-01-06 03:54:53,989 6001 DEBUG    [tempest_lib.common.rest_client] Request - Headers: {'Content-Type': 'application/json', 'Accept': 'application/json', 'X-Auth-Token': '&lt;omitted&gt;'}
        Body: {"security_group_rule": {"tenant_id": "1571126e9cb24dd0a7e96fa659252ea7", "direction": "ingress", "security_group_id": "50a0f1ff-cd4c-4c71-b01f-0c8e3d1f24e9", "protocol": "icmp", "ethertype": "IPv6"}}
    Response - Headers: {'status': '201', 'content-length': '345', 'connection': 'close', 'date': 'Wed, 06 Jan 2016 03:54:53 GMT', 'content-type': 'application/json; charset=UTF-8', 'x-openstack-request-id': 'req-35f47de2-e72a-4a74-a627-2aed64ef3e42'}
        Body: {"security_group_rule": {"remote_group_id": null, "direction": "ingress", "remote_ip_prefix": null, "protocol": "icmp", "ethertype": "IPv6", "tenant_id": "1571126e9cb24dd0a7e96fa659252ea7", "port_range_max": null, "port_range_min": null, "id": "19fe5dc1-4661-42d7-ba62-93927b4411a9", "security_group_id": "50a0f1ff-cd4c-4c71-b01f-0c8e3d1f24e9"}}
2016-01-06 03:54:54,109 6001 INFO     [tempest_lib.common.rest_client] Request (TestGettingAddress:setUp): 201 POST http://10.0.2.15:9696/v2.0/security-group-rules 0.119s
2016-01-06 03:54:54,110 6001 DEBUG    [tempest_lib.common.rest_client] Request - Headers: {'Content-Type': 'application/json', 'Accept': 'application/json', 'X-Auth-Token': '&lt;omitted&gt;'}
        Body: {"security_group_rule": {"tenant_id": "1571126e9cb24dd0a7e96fa659252ea7", "direction": "egress", "security_group_id": "50a0f1ff-cd4c-4c71-b01f-0c8e3d1f24e9", "protocol": "icmp", "ethertype": "IPv6"}}
    Response - Headers: {'status': '201', 'content-length': '344', 'connection': 'close', 'date': 'Wed, 06 Jan 2016 03:54:54 GMT', 'content-type': 'application/json; charset=UTF-8', 'x-openstack-request-id': 'req-8a1beb9e-6f3d-49ad-995b-77e16d492b9f'}
        Body: {"security_group_rule": {"remote_group_id": null, "direction": "egress", "remote_ip_prefix": null, "protocol": "icmp", "ethertype": "IPv6", "tenant_id": "1571126e9cb24dd0a7e96fa659252ea7", "port_range_max": null, "port_range_min": null, "id": "053be321-2f9a-4bbc-92cb-b5130e2c7273", "security_group_id": "50a0f1ff-cd4c-4c71-b01f-0c8e3d1f24e9"}}
2016-01-06 03:54:54,310 6001 INFO     [tempest_lib.common.rest_client] Request (TestGettingAddress:test_dhcp6_stateless_from_os): 201 POST http://10.0.2.15:9696/v2.0/networks 0.198s
2016-01-06 03:54:54,310 6001 DEBUG    [tempest_lib.common.rest_client] Request - Headers: {'Content-Type': 'application/json', 'Accept': 'application/json', 'X-Auth-Token': '&lt;omitted&gt;'}
        Body: {"network": {"tenant_id": "1571126e9cb24dd0a7e96fa659252ea7", "name": "tempest-network-smoke--2138077684"}}
    Response - Headers: {'status': '201', 'content-length': '327', 'connection': 'close', 'date': 'Wed, 06 Jan 2016 03:54:54 GMT', 'content-type': 'application/json; charset=UTF-8', 'x-openstack-request-id': 'req-a30a7ce5-0269-44ab-89d3-972f043854cc'}
        Body: {"network": {"status": "ACTIVE", "subnets": [], "availability_zone_hints": [], "name": "tempest-network-smoke--2138077684", "admin_state_up": true, "tenant_id": "1571126e9cb24dd0a7e96fa659252ea7", "mtu": 0, "router:external": false, "shared": false, "port_security_enabled": true, "id": "2457f70f-1b5e-4ebc-9cc2-963a00bfa1bc"}}
2016-01-06 03:54:54,514 6001 INFO     [tempest_lib.common.rest_client] Request (TestGettingAddress:test_dhcp6_stateless_from_os): 200 GET http://10.0.2.15:9696/v2.0/subnets?tenant_id=1571126e9cb24dd0a7e96fa659252ea7&amp;cidr=10.100.0.0%2F28 0.201s
2016-01-06 03:54:54,514 6001 DEBUG    [tempest_lib.common.rest_client] Request - Headers: {'Content-Type': 'application/json', 'Accept': 'application/json', 'X-Auth-Token': '&lt;omitted&gt;'}
        Body: None
    Response - Headers: {'status': '200', 'content-length': '15', 'content-location': 'http://10.0.2.15:9696/v2.0/subnets?tenant_id=1571126e9cb24dd0a7e96fa659252ea7&amp;cidr=10.100.0.0%2F28', 'connection': 'close', 'date': 'Wed, 06 Jan 2016 03:54:54 GMT', 'content-type': 'application/json; charset=UTF-8', 'x-openstack-request-id': 'req-ffb431d7-d268-49cc-8aea-870eb27fd28e'}
        Body: {"subnets": []}
2016-01-06 03:54:54,939 6001 INFO     [tempest_lib.common.rest_client] Request (TestGettingAddress:test_dhcp6_stateless_from_os): 201 POST http://10.0.2.15:9696/v2.0/subnets 0.425s
2016-01-06 03:54:54,940 6001 DEBUG    [tempest_lib.common.rest_client] Request - Headers: {'Content-Type': 'application/json', 'Accept': 'application/json', 'X-Auth-Token': '&lt;omitted&gt;'}
        Body: {"subnet": {"ip_version": 4, "tenant_id": "1571126e9cb24dd0a7e96fa659252ea7", "cidr": "10.100.0.0/28", "network_id": "2457f70f-1b5e-4ebc-9cc2-963a00bfa1bc", "name": "tempest-sub4-946259252"}}
    Response - Headers: {'status': '201', 'content-length': '469', 'connection': 'close', 'date': 'Wed, 06 Jan 2016 03:54:54 GMT', 'content-type': 'application/json; charset=UTF-8', 'x-openstack-request-id': 'req-437f0672-7619-42c9-a014-bda7c8066841'}
        Body: {"subnet": {"name": "tempest-sub4-946259252", "enable_dhcp": true, "network_id": "2457f70f-1b5e-4ebc-9cc2-963a00bfa1bc", "tenant_id": "1571126e9cb24dd0a7e96fa659252ea7", "dns_nameservers": [], "gateway_ip": "10.100.0.1", "ipv6_ra_mode": null, "allocation_pools": [{"start": "10.100.0.2", "end": "10.100.0.14"}], "host_routes": [], "ip_version": 4, "ipv6_address_mode": null, "cidr": "10.100.0.0/28", "id": "1bb7a86f-190c-4b2b-9d6a-71cedcaf1aa9", "subnetpool_id": null}}
2016-01-06 03:54:55,014 6001 INFO     [tempest_lib.common.rest_client] Request (TestGettingAddress:test_dhcp6_stateless_from_os): 201 POST http://10.0.2.15:9696/v2.0/routers 0.073s
2016-01-06 03:54:55,015 6001 DEBUG    [tempest_lib.common.rest_client] Request - Headers: {'Content-Type': 'application/json', 'Accept': 'application/json', 'X-Auth-Token': '&lt;omitted&gt;'}
        Body: {"router": {"tenant_id": "1571126e9cb24dd0a7e96fa659252ea7", "name": "tempest-router-smoke-2132877520", "admin_state_up": true}}
    Response - Headers: {'status': '201', 'content-length': '296', 'connection': 'close', 'date': 'Wed, 06 Jan 2016 03:54:55 GMT', 'content-type': 'application/json; charset=UTF-8', 'x-openstack-request-id': 'req-033d282e-ea13-4ed1-82d9-df90e423c0a8'}
        Body: {"router": {"status": "ACTIVE", "external_gateway_info": null, "availability_zone_hints": [], "availability_zones": [], "name": "tempest-router-smoke-2132877520", "admin_state_up": true, "tenant_id": "1571126e9cb24dd0a7e96fa659252ea7", "routes": [], "id": "25d72b7c-8833-4fd1-b9da-990d044abf99"}}
2016-01-06 03:54:55,073 6001 INFO     [tempest_lib.common.rest_client] Request (TestGettingAddress:test_dhcp6_stateless_from_os): 200 GET http://10.0.2.15:9696/v2.0/routers/25d72b7c-8833-4fd1-b9da-990d044abf99 0.057s
2016-01-06 03:54:55,073 6001 DEBUG    [tempest_lib.common.rest_client] Request - Headers: {'Content-Type': 'application/json', 'Accept': 'application/json', 'X-Auth-Token': '&lt;omitted&gt;'}
        Body: None
    Response - Headers: {'status': '200', 'content-length': '296', 'content-location': 'http://10.0.2.15:9696/v2.0/routers/25d72b7c-8833-4fd1-b9da-990d044abf99', 'connection': 'close', 'date': 'Wed, 06 Jan 2016 03:54:55 GMT', 'content-type': 'application/json; charset=UTF-8', 'x-openstack-request-id': 'req-b8b2cd2a-52ae-48ed-a4a9-0475384ce329'}
        Body: {"router": {"status": "ACTIVE", "external_gateway_info": null, "availability_zone_hints": [], "availability_zones": [], "name": "tempest-router-smoke-2132877520", "admin_state_up": true, "tenant_id": "1571126e9cb24dd0a7e96fa659252ea7", "routes": [], "id": "25d72b7c-8833-4fd1-b9da-990d044abf99"}}
2016-01-06 03:54:55,780 6001 INFO     [tempest_lib.common.rest_client] Request (TestGettingAddress:test_dhcp6_stateless_from_os): 200 PUT http://10.0.2.15:9696/v2.0/routers/25d72b7c-8833-4fd1-b9da-990d044abf99 0.706s
2016-01-06 03:54:55,781 6001 DEBUG    [tempest_lib.common.rest_client] Request - Headers: {'Content-Type': 'application/json', 'Accept': 'application/json', 'X-Auth-Token': '&lt;omitted&gt;'}
        Body: {"router": {"external_gateway_info": {"network_id": "f9265762-a8fe-4a0d-a083-53b266e1dc89"}, "name": "tempest-router-smoke-2132877520", "admin_state_up": true}}
    Response - Headers: {'status': '200', 'content-length': '558', 'connection': 'close', 'date': 'Wed, 06 Jan 2016 03:54:55 GMT', 'content-type': 'application/json; charset=UTF-8', 'x-openstack-request-id': 'req-721544d0-b885-4833-8579-0788ae8560ed'}
        Body: {"router": {"status": "ACTIVE", "external_gateway_info": {"network_id": "f9265762-a8fe-4a0d-a083-53b266e1dc89", "enable_snat": true, "external_fixed_ips": [{"subnet_id": "daff0a89-64fc-4baf-9cc5-26bb5a50e5cf", "ip_address": "172.24.4.3"}, {"subnet_id": "ccfdea31-d9b4-4930-af86-1abed0f59c64", "ip_address": "2001:db8::4"}]}, "availability_zone_hints": [], "availability_zones": [], "name": "tempest-router-smoke-2132877520", "admin_state_up": true, "tenant_id": "1571126e9cb24dd0a7e96fa659252ea7", "routes": [], "id": "25d72b7c-8833-4fd1-b9da-990d044abf99"}}
2016-01-06 03:54:56,680 6001 INFO     [tempest_lib.common.rest_client] Request (TestGettingAddress:test_dhcp6_stateless_from_os): 200 PUT http://10.0.2.15:9696/v2.0/routers/25d72b7c-8833-4fd1-b9da-990d044abf99/add_router_interface 0.897s
2016-01-06 03:54:56,680 6001 DEBUG    [tempest_lib.common.rest_client] Request - Headers: {'Content-Type': 'application/json', 'Accept': 'application/json', 'X-Auth-Token': '&lt;omitted&gt;'}
        Body: {"subnet_id": "1bb7a86f-190c-4b2b-9d6a-71cedcaf1aa9"}
    Response - Headers: {'status': '200', 'content-length': '255', 'connection': 'close', 'date': 'Wed, 06 Jan 2016 03:54:56 GMT', 'content-type': 'application/json; charset=UTF-8', 'x-openstack-request-id': 'req-18bd2e68-7820-4ac0-a180-08c07d5bf66c'}
        Body: {"subnet_id": "1bb7a86f-190c-4b2b-9d6a-71cedcaf1aa9", "tenant_id": "1571126e9cb24dd0a7e96fa659252ea7", "subnet_ids": ["1bb7a86f-190c-4b2b-9d6a-71cedcaf1aa9"], "port_id": "2fd5f49f-c0ac-49f7-8eab-2e2c6b7aa5d6", "id": "25d72b7c-8833-4fd1-b9da-990d044abf99"}
2016-01-06 03:54:56,879 6001 INFO     [tempest_lib.common.rest_client] Request (TestGettingAddress:test_dhcp6_stateless_from_os): 200 GET http://10.0.2.15:9696/v2.0/subnets?tenant_id=1571126e9cb24dd0a7e96fa659252ea7&amp;cidr=2003%3A%3A%2F64 0.197s
2016-01-06 03:54:56,879 6001 DEBUG    [tempest_lib.common.rest_client] Request - Headers: {'Content-Type': 'application/json', 'Accept': 'application/json', 'X-Auth-Token': '&lt;omitted&gt;'}
        Body: None
    Response - Headers: {'status': '200', 'content-length': '15', 'content-location': 'http://10.0.2.15:9696/v2.0/subnets?tenant_id=1571126e9cb24dd0a7e96fa659252ea7&amp;cidr=2003%3A%3A%2F64', 'connection': 'close', 'date': 'Wed, 06 Jan 2016 03:54:56 GMT', 'content-type': 'application/json; charset=UTF-8', 'x-openstack-request-id': 'req-56f63775-8ce6-4351-9f8a-d4872154a495'}
        Body: {"subnets": []}
2016-01-06 03:54:57,264 6001 INFO     [tempest_lib.common.rest_client] Request (TestGettingAddress:test_dhcp6_stateless_from_os): 201 POST http://10.0.2.15:9696/v2.0/subnets 0.384s
2016-01-06 03:54:57,265 6001 DEBUG    [tempest_lib.common.rest_client] Request - Headers: {'Content-Type': 'application/json', 'Accept': 'application/json', 'X-Auth-Token': '&lt;omitted&gt;'}
        Body: {"subnet": {"name": "tempest-sub6-1170218388", "network_id": "2457f70f-1b5e-4ebc-9cc2-963a00bfa1bc", "tenant_id": "1571126e9cb24dd0a7e96fa659252ea7", "ipv6_ra_mode": "dhcpv6-stateless", "ip_version": 6, "ipv6_address_mode": "dhcpv6-stateless", "cidr": "2003::/64"}}
    Response - Headers: {'status': '201', 'content-length': '502', 'connection': 'close', 'date': 'Wed, 06 Jan 2016 03:54:57 GMT', 'content-type': 'application/json; charset=UTF-8', 'x-openstack-request-id': 'req-e9e952a7-cd01-4492-a159-67fbb684a5a8'}
        Body: {"subnet": {"name": "tempest-sub6-1170218388", "enable_dhcp": true, "network_id": "2457f70f-1b5e-4ebc-9cc2-963a00bfa1bc", "tenant_id": "1571126e9cb24dd0a7e96fa659252ea7", "dns_nameservers": [], "gateway_ip": "2003::1", "ipv6_ra_mode": "dhcpv6-stateless", "allocation_pools": [{"start": "2003::2", "end": "2003::ffff:ffff:ffff:ffff"}], "host_routes": [], "ip_version": 6, "ipv6_address_mode": "dhcpv6-stateless", "cidr": "2003::/64", "id": "822acc6c-06d2-4c67-b968-1e9665e89460", "subnetpool_id": null}}
2016-01-06 03:54:58,044 6001 INFO     [tempest_lib.common.rest_client] Request (TestGettingAddress:test_dhcp6_stateless_from_os): 200 PUT http://10.0.2.15:9696/v2.0/routers/25d72b7c-8833-4fd1-b9da-990d044abf99/add_router_interface 0.778s
2016-01-06 03:54:58,045 6001 DEBUG    [tempest_lib.common.rest_client] Request - Headers: {'Content-Type': 'application/json', 'Accept': 'application/json', 'X-Auth-Token': '&lt;omitted&gt;'}
        Body: {"subnet_id": "822acc6c-06d2-4c67-b968-1e9665e89460"}
    Response - Headers: {'status': '200', 'content-length': '255', 'connection': 'close', 'date': 'Wed, 06 Jan 2016 03:54:58 GMT', 'content-type': 'application/json; charset=UTF-8', 'x-openstack-request-id': 'req-537623d2-7800-446c-8e1b-f324383eadcf'}
        Body: {"subnet_id": "822acc6c-06d2-4c67-b968-1e9665e89460", "tenant_id": "1571126e9cb24dd0a7e96fa659252ea7", "subnet_ids": ["822acc6c-06d2-4c67-b968-1e9665e89460"], "port_id": "85d0f5d7-1cf3-4962-8f60-0249d24a4e43", "id": "25d72b7c-8833-4fd1-b9da-990d044abf99"}
2016-01-06 03:54:58,178 6001 INFO     [tempest_lib.common.rest_client] Request (TestGettingAddress:test_dhcp6_stateless_from_os): 200 POST http://10.0.2.15:5000/v2.0/tokens
2016-01-06 03:54:58,179 6001 DEBUG    [tempest_lib.common.rest_client] Request - Headers: {'Content-Type': 'application/json', 'Accept': 'application/json'}
        Body: &lt;omitted&gt;
    Response - Headers: {'status': '200', 'content-length': '2267', 'vary': 'X-Auth-Token', 'server': 'Apache/2.4.7 (Ubuntu)', 'connection': 'close', 'date': 'Wed, 06 Jan 2016 03:54:58 GMT', 'content-type': 'application/json', 'x-openstack-request-id': 'req-4a2c1bda-495a-4967-8092-e9fac0bd0b8b'}
        Body: {"access": {"token": {"issued_at": "2016-01-06T03:54:58.165761", "expires": "2016-01-06T04:54:58Z", "id": "5bccc819a67346feac3d0c3391d87942", "tenant": {"description": "tempest-TestGettingAddress-182030676-desc", "enabled": true, "id": "1571126e9cb24dd0a7e96fa659252ea7", "name": "tempest-TestGettingAddress-182030676"}, "audit_ids": ["L1CZuwmdT7alg4aPbuZawg"]}, "serviceCatalog": [{"endpoints": [{"adminURL": "http://10.0.2.15:9292", "region": "RegionOne", "internalURL": "http://10.0.2.15:9292", "id": "14cb3ebd388c4749b3d9f467ecdd7869", "publicURL": "http://10.0.2.15:9292"}], "endpoints_links": [], "type": "image", "name": "glance"}, {"endpoints": [{"adminURL": "http://10.0.2.15:8774/v2.1/1571126e9cb24dd0a7e96fa659252ea7", "region": "RegionOne", "internalURL": "http://10.0.2.15:8774/v2.1/1571126e9cb24dd0a7e96fa659252ea7", "id": "7ae6dea9f78e45089d53207e034d3b17", "publicURL": "http://10.0.2.15:8774/v2.1/1571126e9cb24dd0a7e96fa659252ea7"}], "endpoints_links": [], "type": "compute", "name": "nova"}, {"endpoints": [{"adminURL": "http://10.0.2.15:9696/", "region": "RegionOne", "internalURL": "http://10.0.2.15:9696/", "id": "4b39e38dfd34436098fb49e871f3c1c5", "publicURL": "http://10.0.2.15:9696/"}], "endpoints_links": [], "type": "network", "name": "neutron"}, {"endpoints": [{"adminURL": "http://10.0.2.15:35357/v2.0", "region": "RegionOne", "internalURL": "http://10.0.2.15:5000/v2.0", "id": "3b818c49b33f4ad2b7fbbc65762197e7", "publicURL": "http://10.0.2.15:5000/v2.0"}], "endpoints_links": [], "type": "identity", "name": "keystone"}, {"endpoints": [{"adminURL": "http://10.0.2.15:8774/v2/1571126e9cb24dd0a7e96fa659252ea7", "region": "RegionOne", "internalURL": "http://10.0.2.15:8774/v2/1571126e9cb24dd0a7e96fa659252ea7", "id": "8712df7cebc94b1e87a6cdf59fe42706", "publicURL": "http://10.0.2.15:8774/v2/1571126e9cb24dd0a7e96fa659252ea7"}], "endpoints_links": [], "type": "compute_legacy", "name": "nova_legacy"}], "user": {"username": "tempest-TestGettingAddress-785952831", "roles_links": [], "id": "d12d7851e3244cc9bde2b04fbf19e69a", "roles": [{"name": "_member_"}, {"name": "Member"}], "name": "tempest-TestGettingAddress-785952831"}, "metadata": {"is_admin": 0, "roles": ["9fe2ff9ee4384b1894a90878d3e92bab", "87f00c2e47ae4120af40dbe962700c88"]}}}
2016-01-06 03:54:58,185 6001 DEBUG    [tempest.common.fixed_network] (TestGettingAddress:test_dhcp6_stateless_from_os) No valid network provided or created, defaulting to fixed_network_name
2016-01-06 03:54:58,506 6001 INFO     [tempest_lib.common.rest_client] Request (TestGettingAddress:test_dhcp6_stateless_from_os): 200 GET http://10.0.2.15:8774/v2.1/1571126e9cb24dd0a7e96fa659252ea7/os-networks 0.320s
2016-01-06 03:54:58,507 6001 DEBUG    [tempest_lib.common.rest_client] Request - Headers: {'Content-Type': 'application/json', 'Accept': 'application/json', 'X-Auth-Token': '&lt;omitted&gt;'}
        Body: None
    Response - Headers: {'status': '200', 'content-length': '479', 'content-location': 'http://10.0.2.15:8774/v2.1/1571126e9cb24dd0a7e96fa659252ea7/os-networks', 'x-compute-request-id': 'req-0a7b574f-1012-45d9-ac8d-283a528bcd75', 'vary': 'X-OpenStack-Nova-API-Version', 'connection': 'close', 'x-openstack-nova-api-version': '2.1', 'date': 'Wed, 06 Jan 2016 03:54:58 GMT', 'content-type': 'application/json'}
        Body: {"networks": [{"cidr_v6": null, "dns2": null, "dns1": null, "gateway": null, "broadcast": null, "netmask": null, "gateway_v6": null, "cidr": null, "label": "tempest-network-smoke--2138077684", "id": "2457f70f-1b5e-4ebc-9cc2-963a00bfa1bc", "netmask_v6": null}, {"cidr_v6": null, "dns2": null, "dns1": null, "gateway": null, "broadcast": null, "netmask": null, "gateway_v6": null, "cidr": null, "label": "public", "id": "f9265762-a8fe-4a0d-a083-53b266e1dc89", "netmask_v6": null}]}
2016-01-06 03:54:58,507 6001 WARNING  [tempest.common.fixed_network] (TestGettingAddress:test_dhcp6_stateless_from_os) Network with name: private not found
2016-01-06 03:54:58,507 6001 INFO     [tempest.common.fixed_network] (TestGettingAddress:test_dhcp6_stateless_from_os) Found network {} available for tenant
2016-01-06 03:54:59,945 6001 INFO     [tempest_lib.common.rest_client] Request (TestGettingAddress:test_dhcp6_stateless_from_os): 202 POST http://10.0.2.15:8774/v2.1/1571126e9cb24dd0a7e96fa659252ea7/servers 1.436s
2016-01-06 03:54:59,945 6001 DEBUG    [tempest_lib.common.rest_client] Request - Headers: {'Content-Type': 'application/json', 'Accept': 'application/json', 'X-Auth-Token': '&lt;omitted&gt;'}
        Body: {"server": {"name": "tempest.common.compute-instance-1480560403", "imageRef": "7e0676c9-7e05-418a-bcdd-6f4454e0eb36", "key_name": "tempest-TestGettingAddress-956131446", "flavorRef": "42", "networks": [{"uuid": "2457f70f-1b5e-4ebc-9cc2-963a00bfa1bc"}], "security_groups": [{"name": "tempest-secgroup-smoke-882376539"}]}}
    Response - Headers: {'status': '202', 'content-length': '461', 'x-compute-request-id': 'req-eb0ffd9f-5522-4b91-bf1b-a4415568457c', 'vary': 'X-OpenStack-Nova-API-Version', 'connection': 'close', 'location': 'http://10.0.2.15:8774/v2.1/1571126e9cb24dd0a7e96fa659252ea7/servers/5ab3da6c-39cc-49cc-9d80-7d5ce4b12b5e', 'x-openstack-nova-api-version': '2.1', 'date': 'Wed, 06 Jan 2016 03:54:59 GMT', 'content-type': 'application/json'}
        Body: {"server": {"security_groups": [{"name": "tempest-secgroup-smoke-882376539"}], "OS-DCF:diskConfig": "MANUAL", "id": "5ab3da6c-39cc-49cc-9d80-7d5ce4b12b5e", "links": [{"href": "http://10.0.2.15:8774/v2.1/1571126e9cb24dd0a7e96fa659252ea7/servers/5ab3da6c-39cc-49cc-9d80-7d5ce4b12b5e", "rel": "self"}, {"href": "http://10.0.2.15:8774/1571126e9cb24dd0a7e96fa659252ea7/servers/5ab3da6c-39cc-49cc-9d80-7d5ce4b12b5e", "rel": "bookmark"}], "adminPass": "jB2P2VCE8x4v"}}
2016-01-06 03:55:00,316 6001 INFO     [tempest_lib.common.rest_client] Request (TestGettingAddress:test_dhcp6_stateless_from_os): 200 GET http://10.0.2.15:8774/v2.1/1571126e9cb24dd0a7e96fa659252ea7/servers/5ab3da6c-39cc-49cc-9d80-7d5ce4b12b5e 0.366s
2016-01-06 03:55:00,316 6001 DEBUG    [tempest_lib.common.rest_client] Request - Headers: {'Content-Type': 'application/json', 'Accept': 'application/json', 'X-Auth-Token': '&lt;omitted&gt;'}
        Body: None
    Response - Headers: {'status': '200', 'content-length': '1354', 'content-location': 'http://10.0.2.15:8774/v2.1/1571126e9cb24dd0a7e96fa659252ea7/servers/5ab3da6c-39cc-49cc-9d80-7d5ce4b12b5e', 'x-compute-request-id': 'req-e47dc204-6f87-44f4-bfac-499df2695f6d', 'vary': 'X-OpenStack-Nova-API-Version', 'connection': 'close', 'x-openstack-nova-api-version': '2.1', 'date': 'Wed, 06 Jan 2016 03:55:00 GMT', 'content-type': 'application/json'}
        Body: {"server": {"status": "BUILD", "updated": "2016-01-06T03:55:00Z", "hostId": "", "addresses": {}, "links": [{"href": "http://10.0.2.15:8774/v2.1/1571126e9cb24dd0a7e96fa659252ea7/servers/5ab3da6c-39cc-49cc-9d80-7d5ce4b12b5e", "rel": "self"}, {"href": "http://10.0.2.15:8774/1571126e9cb24dd0a7e96fa659252ea7/servers/5ab3da6c-39cc-49cc-9d80-7d5ce4b12b5e", "rel": "bookmark"}], "key_name": "tempest-TestGettingAddress-956131446", "image": {"id": "7e0676c9-7e05-418a-bcdd-6f4454e0eb36", "links": [{"href": "http://10.0.2.15:8774/1571126e9cb24dd0a7e96fa659252ea7/images/7e0676c9-7e05-418a-bcdd-6f4454e0eb36", "rel": "bookmark"}]}, "OS-EXT-STS:task_state": "scheduling", "OS-EXT-STS:vm_state": "building", "OS-SRV-USG:launched_at": null, "flavor": {"id": "42", "links": [{"href": "http://10.0.2.15:8774/1571126e9cb24dd0a7e96fa659252ea7/flavors/42", "rel": "bookmark"}]}, "id": "5ab3da6c-39cc-49cc-9d80-7d5ce4b12b5e", "OS-SRV-USG:terminated_at": null, "OS-EXT-AZ:availability_zone": "", "user_id": "d12d7851e3244cc9bde2b04fbf19e69a", "name": "tempest.common.compute-instance-1480560403", "created": "2016-01-06T03:54:59Z", "tenant_id": "1571126e9cb24dd0a7e96fa659252ea7", "OS-DCF:diskConfig": "MANUAL", "os-extended-volumes:volumes_attached": [], "accessIPv4": "", "accessIPv6": "", "progress": 0, "OS-EXT-STS:power_state": 0, "config_drive": "", "metadata": {}}}
2016-01-06 03:55:01,494 6001 INFO     [tempest_lib.common.rest_client] Request (TestGettingAddress:test_dhcp6_stateless_from_os): 200 GET http://10.0.2.15:8774/v2.1/1571126e9cb24dd0a7e96fa659252ea7/servers/5ab3da6c-39cc-49cc-9d80-7d5ce4b12b5e 0.167s
2016-01-06 03:55:01,495 6001 DEBUG    [tempest_lib.common.rest_client] Request - Headers: {'Content-Type': 'application/json', 'Accept': 'application/json', 'X-Auth-Token': '&lt;omitted&gt;'}
        Body: None
    Response - Headers: {'status': '200', 'content-length': '1414', 'content-location': 'http://10.0.2.15:8774/v2.1/1571126e9cb24dd0a7e96fa659252ea7/servers/5ab3da6c-39cc-49cc-9d80-7d5ce4b12b5e', 'x-compute-request-id': 'req-1227a2b2-6d67-456f-aa34-56228951b6dd', 'vary': 'X-OpenStack-Nova-API-Version', 'connection': 'close', 'x-openstack-nova-api-version': '2.1', 'date': 'Wed, 06 Jan 2016 03:55:01 GMT', 'content-type': 'application/json'}
        Body: {"server": {"status": "BUILD", "updated": "2016-01-06T03:55:01Z", "hostId": "cd5fdee2e74493d2569f30a41a445b884fe6318b3ea5464ea59263c5", "addresses": {}, "links": [{"href": "http://10.0.2.15:8774/v2.1/1571126e9cb24dd0a7e96fa659252ea7/servers/5ab3da6c-39cc-49cc-9d80-7d5ce4b12b5e", "rel": "self"}, {"href": "http://10.0.2.15:8774/1571126e9cb24dd0a7e96fa659252ea7/servers/5ab3da6c-39cc-49cc-9d80-7d5ce4b12b5e", "rel": "bookmark"}], "key_name": "tempest-TestGettingAddress-956131446", "image": {"id": "7e0676c9-7e05-418a-bcdd-6f4454e0eb36", "links": [{"href": "http://10.0.2.15:8774/1571126e9cb24dd0a7e96fa659252ea7/images/7e0676c9-7e05-418a-bcdd-6f4454e0eb36", "rel": "bookmark"}]}, "OS-EXT-STS:task_state": "networking", "OS-EXT-STS:vm_state": "building", "OS-SRV-USG:launched_at": null, "flavor": {"id": "42", "links": [{"href": "http://10.0.2.15:8774/1571126e9cb24dd0a7e96fa659252ea7/flavors/42", "rel": "bookmark"}]}, "id": "5ab3da6c-39cc-49cc-9d80-7d5ce4b12b5e", "OS-SRV-USG:terminated_at": null, "OS-EXT-AZ:availability_zone": "nova", "user_id": "d12d7851e3244cc9bde2b04fbf19e69a", "name": "tempest.common.compute-instance-1480560403", "created": "2016-01-06T03:54:59Z", "tenant_id": "1571126e9cb24dd0a7e96fa659252ea7", "OS-DCF:diskConfig": "MANUAL", "os-extended-volumes:volumes_attached": [], "accessIPv4": "", "accessIPv6": "", "progress": 0, "OS-EXT-STS:power_state": 0, "config_drive": "", "metadata": {}}}
2016-01-06 03:55:01,503 6001 INFO     [tempest.common.waiters] State transition "BUILD/scheduling" ==&gt; "BUILD/networking" after 1 second wait
2016-01-06 03:55:02,779 6001 INFO     [tempest_lib.common.rest_client] Request (TestGettingAddress:test_dhcp6_stateless_from_os): 200 GET http://10.0.2.15:8774/v2.1/1571126e9cb24dd0a7e96fa659252ea7/servers/5ab3da6c-39cc-49cc-9d80-7d5ce4b12b5e 0.274s
2016-01-06 03:55:02,779 6001 DEBUG    [tempest_lib.common.rest_client] Request - Headers: {'Content-Type': 'application/json', 'Accept': 'application/json', 'X-Auth-Token': '&lt;omitted&gt;'}
        Body: None
    Response - Headers: {'status': '200', 'content-length': '1479', 'content-location': 'http://10.0.2.15:8774/v2.1/1571126e9cb24dd0a7e96fa659252ea7/servers/5ab3da6c-39cc-49cc-9d80-7d5ce4b12b5e', 'x-compute-request-id': 'req-ebee3e8a-3210-4966-b0cc-a193fa7b43fa', 'vary': 'X-OpenStack-Nova-API-Version', 'connection': 'close', 'x-openstack-nova-api-version': '2.1', 'date': 'Wed, 06 Jan 2016 03:55:02 GMT', 'content-type': 'application/json'}
        Body: {"server": {"status": "BUILD", "updated": "2016-01-06T03:55:01Z", "hostId": "cd5fdee2e74493d2569f30a41a445b884fe6318b3ea5464ea59263c5", "addresses": {}, "links": [{"href": "http://10.0.2.15:8774/v2.1/1571126e9cb24dd0a7e96fa659252ea7/servers/5ab3da6c-39cc-49cc-9d80-7d5ce4b12b5e", "rel": "self"}, {"href": "http://10.0.2.15:8774/1571126e9cb24dd0a7e96fa659252ea7/servers/5ab3da6c-39cc-49cc-9d80-7d5ce4b12b5e", "rel": "bookmark"}], "key_name": "tempest-TestGettingAddress-956131446", "image": {"id": "7e0676c9-7e05-418a-bcdd-6f4454e0eb36", "links": [{"href": "http://10.0.2.15:8774/1571126e9cb24dd0a7e96fa659252ea7/images/7e0676c9-7e05-418a-bcdd-6f4454e0eb36", "rel": "bookmark"}]}, "OS-EXT-STS:task_state": "spawning", "OS-EXT-STS:vm_state": "building", "OS-SRV-USG:launched_at": null, "flavor": {"id": "42", "links": [{"href": "http://10.0.2.15:8774/1571126e9cb24dd0a7e96fa659252ea7/flavors/42", "rel": "bookmark"}]}, "id": "5ab3da6c-39cc-49cc-9d80-7d5ce4b12b5e", "security_groups": [{"name": "tempest-secgroup-smoke-882376539"}], "OS-SRV-USG:terminated_at": null, "OS-EXT-AZ:availability_zone": "nova", "user_id": "d12d7851e3244cc9bde2b04fbf19e69a", "name": "tempest.common.compute-instance-1480560403", "created": "2016-01-06T03:54:59Z", "tenant_id": "1571126e9cb24dd0a7e96fa659252ea7", "OS-DCF:diskConfig": "MANUAL", "os-extended-volumes:volumes_attached": [], "accessIPv4": "", "accessIPv6": "", "progress": 0, "OS-EXT-STS:power_state": 0, "config_drive": "", "metadata": {}}}
2016-01-06 03:55:02,790 6001 INFO     [tempest.common.waiters] State transition "BUILD/networking" ==&gt; "BUILD/spawning" after 2 second wait
2016-01-06 03:55:04,020 6001 INFO     [tempest_lib.common.rest_client] Request (TestGettingAddress:test_dhcp6_stateless_from_os): 200 GET http://10.0.2.15:8774/v2.1/1571126e9cb24dd0a7e96fa659252ea7/servers/5ab3da6c-39cc-49cc-9d80-7d5ce4b12b5e 0.229s
2016-01-06 03:55:04,020 6001 DEBUG    [tempest_lib.common.rest_client] Request - Headers: {'Content-Type': 'application/json', 'Accept': 'application/json', 'X-Auth-Token': '&lt;omitted&gt;'}
        Body: None
    Response - Headers: {'status': '200', 'content-length': '1479', 'content-location': 'http://10.0.2.15:8774/v2.1/1571126e9cb24dd0a7e96fa659252ea7/servers/5ab3da6c-39cc-49cc-9d80-7d5ce4b12b5e', 'x-compute-request-id': 'req-7d7db774-419d-4728-b22c-263dc65e2663', 'vary': 'X-OpenStack-Nova-API-Version', 'connection': 'close', 'x-openstack-nova-api-version': '2.1', 'date': 'Wed, 06 Jan 2016 03:55:04 GMT', 'content-type': 'application/json'}
        Body: {"server": {"status": "BUILD", "updated": "2016-01-06T03:55:01Z", "hostId": "cd5fdee2e74493d2569f30a41a445b884fe6318b3ea5464ea59263c5", "addresses": {}, "links": [{"href": "http://10.0.2.15:8774/v2.1/1571126e9cb24dd0a7e96fa659252ea7/servers/5ab3da6c-39cc-49cc-9d80-7d5ce4b12b5e", "rel": "self"}, {"href": "http://10.0.2.15:8774/1571126e9cb24dd0a7e96fa659252ea7/servers/5ab3da6c-39cc-49cc-9d80-7d5ce4b12b5e", "rel": "bookmark"}], "key_name": "tempest-TestGettingAddress-956131446", "image": {"id": "7e0676c9-7e05-418a-bcdd-6f4454e0eb36", "links": [{"href": "http://10.0.2.15:8774/1571126e9cb24dd0a7e96fa659252ea7/images/7e0676c9-7e05-418a-bcdd-6f4454e0eb36", "rel": "bookmark"}]}, "OS-EXT-STS:task_state": "spawning", "OS-EXT-STS:vm_state": "building", "OS-SRV-USG:launched_at": null, "flavor": {"id": "42", "links": [{"href": "http://10.0.2.15:8774/1571126e9cb24dd0a7e96fa659252ea7/flavors/42", "rel": "bookmark"}]}, "id": "5ab3da6c-39cc-49cc-9d80-7d5ce4b12b5e", "security_groups": [{"name": "tempest-secgroup-smoke-882376539"}], "OS-SRV-USG:terminated_at": null, "OS-EXT-AZ:availability_zone": "nova", "user_id": "d12d7851e3244cc9bde2b04fbf19e69a", "name": "tempest.common.compute-instance-1480560403", "created": "2016-01-06T03:54:59Z", "tenant_id": "1571126e9cb24dd0a7e96fa659252ea7", "OS-DCF:diskConfig": "MANUAL", "os-extended-volumes:volumes_attached": [], "accessIPv4": "", "accessIPv6": "", "progress": 0, "OS-EXT-STS:power_state": 0, "config_drive": "", "metadata": {}}}
2016-01-06 03:55:05,228 6001 INFO     [tempest_lib.common.rest_client] Request (TestGettingAddress:test_dhcp6_stateless_from_os): 200 GET http://10.0.2.15:8774/v2.1/1571126e9cb24dd0a7e96fa659252ea7/servers/5ab3da6c-39cc-49cc-9d80-7d5ce4b12b5e 0.199s
2016-01-06 03:55:05,228 6001 DEBUG    [tempest_lib.common.rest_client] Request - Headers: {'Content-Type': 'application/json', 'Accept': 'application/json', 'X-Auth-Token': '&lt;omitted&gt;'}
        Body: None
    Response - Headers: {'status': '200', 'content-length': '1780', 'content-location': 'http://10.0.2.15:8774/v2.1/1571126e9cb24dd0a7e96fa659252ea7/servers/5ab3da6c-39cc-49cc-9d80-7d5ce4b12b5e', 'x-compute-request-id': 'req-e217973b-bfc0-4e82-95d6-348fff25de17', 'vary': 'X-OpenStack-Nova-API-Version', 'connection': 'close', 'x-openstack-nova-api-version': '2.1', 'date': 'Wed, 06 Jan 2016 03:55:05 GMT', 'content-type': 'application/json'}
        Body: {"server": {"status": "ACTIVE", "updated": "2016-01-06T03:55:04Z", "hostId": "cd5fdee2e74493d2569f30a41a445b884fe6318b3ea5464ea59263c5", "addresses": {"tempest-network-smoke--2138077684": [{"OS-EXT-IPS-MAC:mac_addr": "fa:16:3e:d5:4e:64", "version": 6, "addr": "2003::f816:3eff:fed5:4e64", "OS-EXT-IPS:type": "fixed"}, {"OS-EXT-IPS-MAC:mac_addr": "fa:16:3e:d5:4e:64", "version": 4, "addr": "10.100.0.3", "OS-EXT-IPS:type": "fixed"}]}, "links": [{"href": "http://10.0.2.15:8774/v2.1/1571126e9cb24dd0a7e96fa659252ea7/servers/5ab3da6c-39cc-49cc-9d80-7d5ce4b12b5e", "rel": "self"}, {"href": "http://10.0.2.15:8774/1571126e9cb24dd0a7e96fa659252ea7/servers/5ab3da6c-39cc-49cc-9d80-7d5ce4b12b5e", "rel": "bookmark"}], "key_name": "tempest-TestGettingAddress-956131446", "image": {"id": "7e0676c9-7e05-418a-bcdd-6f4454e0eb36", "links": [{"href": "http://10.0.2.15:8774/1571126e9cb24dd0a7e96fa659252ea7/images/7e0676c9-7e05-418a-bcdd-6f4454e0eb36", "rel": "bookmark"}]}, "OS-EXT-STS:task_state": null, "OS-EXT-STS:vm_state": "active", "OS-SRV-USG:launched_at": "2016-01-06T03:55:04.000000", "flavor": {"id": "42", "links": [{"href": "http://10.0.2.15:8774/1571126e9cb24dd0a7e96fa659252ea7/flavors/42", "rel": "bookmark"}]}, "id": "5ab3da6c-39cc-49cc-9d80-7d5ce4b12b5e", "security_groups": [{"name": "tempest-secgroup-smoke-882376539"}], "OS-SRV-USG:terminated_at": null, "OS-EXT-AZ:availability_zone": "nova", "user_id": "d12d7851e3244cc9bde2b04fbf19e69a", "name": "tempest.common.compute-instance-1480560403", "created": "2016-01-06T03:54:59Z", "tenant_id": "1571126e9cb24dd0a7e96fa659252ea7", "OS-DCF:diskConfig": "MANUAL", "os-extended-volumes:volumes_attached": [], "accessIPv4": "", "accessIPv6": "", "progress": 0, "OS-EXT-STS:power_state": 1, "config_drive": "True", "metadata": {}}}
2016-01-06 03:55:05,238 6001 INFO     [tempest.common.waiters] State transition "BUILD/spawning" ==&gt; "ACTIVE/None" after 5 second wait
2016-01-06 03:55:05,433 6001 INFO     [tempest_lib.common.rest_client] Request (TestGettingAddress:test_dhcp6_stateless_from_os): 200 GET http://10.0.2.15:8774/v2.1/1571126e9cb24dd0a7e96fa659252ea7/servers/5ab3da6c-39cc-49cc-9d80-7d5ce4b12b5e 0.195s
2016-01-06 03:55:05,434 6001 DEBUG    [tempest_lib.common.rest_client] Request - Headers: {'Content-Type': 'application/json', 'Accept': 'application/json', 'X-Auth-Token': '&lt;omitted&gt;'}
        Body: None
    Response - Headers: {'status': '200', 'content-length': '1780', 'content-location': 'http://10.0.2.15:8774/v2.1/1571126e9cb24dd0a7e96fa659252ea7/servers/5ab3da6c-39cc-49cc-9d80-7d5ce4b12b5e', 'x-compute-request-id': 'req-24a04888-65cc-423f-97b1-68b2ecee2c2a', 'vary': 'X-OpenStack-Nova-API-Version', 'connection': 'close', 'x-openstack-nova-api-version': '2.1', 'date': 'Wed, 06 Jan 2016 03:55:05 GMT', 'content-type': 'application/json'}
        Body: {"server": {"status": "ACTIVE", "updated": "2016-01-06T03:55:04Z", "hostId": "cd5fdee2e74493d2569f30a41a445b884fe6318b3ea5464ea59263c5", "addresses": {"tempest-network-smoke--2138077684": [{"OS-EXT-IPS-MAC:mac_addr": "fa:16:3e:d5:4e:64", "version": 6, "addr": "2003::f816:3eff:fed5:4e64", "OS-EXT-IPS:type": "fixed"}, {"OS-EXT-IPS-MAC:mac_addr": "fa:16:3e:d5:4e:64", "version": 4, "addr": "10.100.0.3", "OS-EXT-IPS:type": "fixed"}]}, "links": [{"href": "http://10.0.2.15:8774/v2.1/1571126e9cb24dd0a7e96fa659252ea7/servers/5ab3da6c-39cc-49cc-9d80-7d5ce4b12b5e", "rel": "self"}, {"href": "http://10.0.2.15:8774/1571126e9cb24dd0a7e96fa659252ea7/servers/5ab3da6c-39cc-49cc-9d80-7d5ce4b12b5e", "rel": "bookmark"}], "key_name": "tempest-TestGettingAddress-956131446", "image": {"id": "7e0676c9-7e05-418a-bcdd-6f4454e0eb36", "links": [{"href": "http://10.0.2.15:8774/1571126e9cb24dd0a7e96fa659252ea7/images/7e0676c9-7e05-418a-bcdd-6f4454e0eb36", "rel": "bookmark"}]}, "OS-EXT-STS:task_state": null, "OS-EXT-STS:vm_state": "active", "OS-SRV-USG:launched_at": "2016-01-06T03:55:04.000000", "flavor": {"id": "42", "links": [{"href": "http://10.0.2.15:8774/1571126e9cb24dd0a7e96fa659252ea7/flavors/42", "rel": "bookmark"}]}, "id": "5ab3da6c-39cc-49cc-9d80-7d5ce4b12b5e", "security_groups": [{"name": "tempest-secgroup-smoke-882376539"}], "OS-SRV-USG:terminated_at": null, "OS-EXT-AZ:availability_zone": "nova", "user_id": "d12d7851e3244cc9bde2b04fbf19e69a", "name": "tempest.common.compute-instance-1480560403", "created": "2016-01-06T03:54:59Z", "tenant_id": "1571126e9cb24dd0a7e96fa659252ea7", "OS-DCF:diskConfig": "MANUAL", "os-extended-volumes:volumes_attached": [], "accessIPv4": "", "accessIPv6": "", "progress": 0, "OS-EXT-STS:power_state": 1, "config_drive": "True", "metadata": {}}}
2016-01-06 03:55:05,476 6001 INFO     [tempest_lib.common.rest_client] Request (TestGettingAddress:test_dhcp6_stateless_from_os): 200 GET http://10.0.2.15:9696/v2.0/ports?status=ACTIVE&amp;fixed_ip=None&amp;device_id=5ab3da6c-39cc-49cc-9d80-7d5ce4b12b5e 0.033s
2016-01-06 03:55:05,477 6001 DEBUG    [tempest_lib.common.rest_client] Request - Headers: {'Content-Type': 'application/json', 'Accept': 'application/json', 'X-Auth-Token': '&lt;omitted&gt;'}
        Body: None
    Response - Headers: {'status': '200', 'content-length': '1142', 'content-location': 'http://10.0.2.15:9696/v2.0/ports?status=ACTIVE&amp;fixed_ip=None&amp;device_id=5ab3da6c-39cc-49cc-9d80-7d5ce4b12b5e', 'connection': 'close', 'date': 'Wed, 06 Jan 2016 03:55:05 GMT', 'content-type': 'application/json; charset=UTF-8', 'x-openstack-request-id': 'req-5b0da23c-9584-4a51-8e7e-7dbc5877d2d4'}
        Body: {"ports": [{"status": "ACTIVE", "binding:host_id": "vagrant-ubuntu-trusty-64", "allowed_address_pairs": [], "extra_dhcp_opts": [], "dns_assignment": [{"hostname": "host-10-100-0-3", "ip_address": "10.100.0.3", "fqdn": "host-10-100-0-3.openstacklocal."}, {"hostname": "host-2003--f816-3eff-fed5-4e64", "ip_address": "2003::f816:3eff:fed5:4e64", "fqdn": "host-2003--f816-3eff-fed5-4e64.openstacklocal."}], "device_owner": "compute:None", "port_security_enabled": true, "binding:profile": {}, "fixed_ips": [{"subnet_id": "1bb7a86f-190c-4b2b-9d6a-71cedcaf1aa9", "ip_address": "10.100.0.3"}, {"subnet_id": "822acc6c-06d2-4c67-b968-1e9665e89460", "ip_address": "2003::f816:3eff:fed5:4e64"}], "id": "6f87b081-10cb-4183-a6e7-b19020e3d901", "security_groups": ["50a0f1ff-cd4c-4c71-b01f-0c8e3d1f24e9"], "device_id": "5ab3da6c-39cc-49cc-9d80-7d5ce4b12b5e", "name": "", "admin_state_up": true, "network_id": "2457f70f-1b5e-4ebc-9cc2-963a00bfa1bc", "dns_name": "", "binding:vif_details": {"port_filter": true}, "binding:vnic_type": "normal", "binding:vif_type": "ovs", "tenant_id": "1571126e9cb24dd0a7e96fa659252ea7", "mac_address": "fa:16:3e:d5:4e:64"}]}
2016-01-06 03:55:06,157 6001 INFO     [tempest_lib.common.rest_client] Request (TestGettingAddress:test_dhcp6_stateless_from_os): 201 POST http://10.0.2.15:9696/v2.0/floatingips 0.679s
2016-01-06 03:55:06,157 6001 DEBUG    [tempest_lib.common.rest_client] Request - Headers: {'Content-Type': 'application/json', 'Accept': 'application/json', 'X-Auth-Token': '&lt;omitted&gt;'}
        Body: {"floatingip": {"floating_network_id": "f9265762-a8fe-4a0d-a083-53b266e1dc89", "tenant_id": "1571126e9cb24dd0a7e96fa659252ea7", "fixed_ip_address": "10.100.0.3", "port_id": "6f87b081-10cb-4183-a6e7-b19020e3d901"}}
    Response - Headers: {'status': '201', 'content-length': '367', 'connection': 'close', 'date': 'Wed, 06 Jan 2016 03:55:06 GMT', 'content-type': 'application/json; charset=UTF-8', 'x-openstack-request-id': 'req-844d790b-1dcc-4198-9efc-bdde8c0b7707'}
        Body: {"floatingip": {"floating_network_id": "f9265762-a8fe-4a0d-a083-53b266e1dc89", "router_id": "25d72b7c-8833-4fd1-b9da-990d044abf99", "fixed_ip_address": "10.100.0.3", "floating_ip_address": "172.24.4.4", "tenant_id": "1571126e9cb24dd0a7e96fa659252ea7", "status": "DOWN", "port_id": "6f87b081-10cb-4183-a6e7-b19020e3d901", "id": "e2acb1db-4ef9-4c70-9abb-f984daec9ba7"}}
2016-01-06 03:55:06,158 6001 INFO     [tempest_lib.common.ssh] Creating ssh connection to '172.24.4.4' as 'cirros' with public key authentication
2016-01-06 03:55:09,822 6001 WARNING  [tempest_lib.common.ssh] Failed to establish authenticated ssh connection to cirros@172.24.4.4 ([Errno None] Unable to connect to port 22 on  or 172.24.4.4). Number attempts: 1. Retry after 2 seconds.
2016-01-06 03:55:15,325 6001 WARNING  [tempest_lib.common.ssh] Failed to establish authenticated ssh connection to cirros@172.24.4.4 ([Errno None] Unable to connect to port 22 on  or 172.24.4.4). Number attempts: 2. Retry after 3 seconds.
2016-01-06 03:55:21,829 6001 WARNING  [tempest_lib.common.ssh] Failed to establish authenticated ssh connection to cirros@172.24.4.4 ([Errno None] Unable to connect to port 22 on  or 172.24.4.4). Number attempts: 3. Retry after 4 seconds.
2016-01-06 03:55:29,334 6001 WARNING  [tempest_lib.common.ssh] Failed to establish authenticated ssh connection to cirros@172.24.4.4 ([Errno None] Unable to connect to port 22 on  or 172.24.4.4). Number attempts: 4. Retry after 5 seconds.
2016-01-06 03:55:37,838 6001 WARNING  [tempest_lib.common.ssh] Failed to establish authenticated ssh connection to cirros@172.24.4.4 ([Errno None] Unable to connect to port 22 on  or 172.24.4.4). Number attempts: 5. Retry after 6 seconds.
2016-01-06 03:55:47,343 6001 WARNING  [tempest_lib.common.ssh] Failed to establish authenticated ssh connection to cirros@172.24.4.4 ([Errno None] Unable to connect to port 22 on  or 172.24.4.4). Number attempts: 6. Retry after 7 seconds.
2016-01-06 03:55:57,855 6001 WARNING  [tempest_lib.common.ssh] Failed to establish authenticated ssh connection to cirros@172.24.4.4 ([Errno None] Unable to connect to port 22 on  or 172.24.4.4). Number attempts: 7. Retry after 8 seconds.
2016-01-06 03:56:09,362 6001 WARNING  [tempest_lib.common.ssh] Failed to establish authenticated ssh connection to cirros@172.24.4.4 ([Errno None] Unable to connect to port 22 on  or 172.24.4.4). Number attempts: 8. Retry after 9 seconds.
2016-01-06 03:56:21,870 6001 WARNING  [tempest_lib.common.ssh] Failed to establish authenticated ssh connection to cirros@172.24.4.4 ([Errno None] Unable to connect to port 22 on  or 172.24.4.4). Number attempts: 9. Retry after 10 seconds.
2016-01-06 03:56:35,381 6001 WARNING  [tempest_lib.common.ssh] Failed to establish authenticated ssh connection to cirros@172.24.4.4 ([Errno None] Unable to connect to port 22 on  or 172.24.4.4). Number attempts: 10. Retry after 11 seconds.
2016-01-06 03:56:49,894 6001 WARNING  [tempest_lib.common.ssh] Failed to establish authenticated ssh connection to cirros@172.24.4.4 ([Errno None] Unable to connect to port 22 on  or 172.24.4.4). Number attempts: 11. Retry after 12 seconds.
2016-01-06 03:57:05,406 6001 WARNING  [tempest_lib.common.ssh] Failed to establish authenticated ssh connection to cirros@172.24.4.4 ([Errno None] Unable to connect to port 22 on  or 172.24.4.4). Number attempts: 12. Retry after 13 seconds.
2016-01-06 03:57:21,922 6001 WARNING  [tempest_lib.common.ssh] Failed to establish authenticated ssh connection to cirros@172.24.4.4 ([Errno None] Unable to connect to port 22 on  or 172.24.4.4). Number attempts: 13. Retry after 14 seconds.
2016-01-06 03:57:39,431 6001 WARNING  [tempest_lib.common.ssh] Failed to establish authenticated ssh connection to cirros@172.24.4.4 ([Errno None] Unable to connect to port 22 on  or 172.24.4.4). Number attempts: 14. Retry after 15 seconds.
2016-01-06 03:57:57,946 6001 WARNING  [tempest_lib.common.ssh] Failed to establish authenticated ssh connection to cirros@172.24.4.4 ([Errno None] Unable to connect to port 22 on  or 172.24.4.4). Number attempts: 15. Retry after 16 seconds.
2016-01-06 03:58:17,466 6001 WARNING  [tempest_lib.common.ssh] Failed to establish authenticated ssh connection to cirros@172.24.4.4 ([Errno None] Unable to connect to port 22 on  or 172.24.4.4). Number attempts: 16. Retry after 17 seconds.
2016-01-06 03:58:37,986 6001 ERROR    [tempest_lib.common.ssh] Failed to establish authenticated ssh connection to cirros@172.24.4.4 after 16 attempts
2016-01-06 03:58:37.986 6001 ERROR tempest_lib.common.ssh Traceback (most recent call last):
2016-01-06 03:58:37.986 6001 ERROR tempest_lib.common.ssh   File "/usr/local/lib/python2.7/dist-packages/tempest_lib/common/ssh.py", line 75, in _get_ssh_connection
2016-01-06 03:58:37.986 6001 ERROR tempest_lib.common.ssh     timeout=self.channel_timeout, pkey=self.pkey)
2016-01-06 03:58:37.986 6001 ERROR tempest_lib.common.ssh   File "/usr/local/lib/python2.7/dist-packages/paramiko/client.py", line 311, in connect
2016-01-06 03:58:37.986 6001 ERROR tempest_lib.common.ssh     raise NoValidConnectionsError(errors)
2016-01-06 03:58:37.986 6001 ERROR tempest_lib.common.ssh NoValidConnectionsError: [Errno None] Unable to connect to port 22 on  or 172.24.4.4
2016-01-06 03:58:37.986 6001 ERROR tempest_lib.common.ssh 
2016-01-06 03:58:37,988 6001 ERROR    [tempest.scenario.manager] (TestGettingAddress:test_dhcp6_stateless_from_os) Initializing SSH connection to 172.24.4.4 failed. Error: Connection to the 172.24.4.4 via SSH timed out.
User: cirros, Password: None
2016-01-06 03:58:37.988 6001 ERROR tempest.scenario.manager Traceback (most recent call last):
2016-01-06 03:58:37.988 6001 ERROR tempest.scenario.manager   File "tempest/scenario/manager.py", line 386, in get_remote_client
2016-01-06 03:58:37.988 6001 ERROR tempest.scenario.manager     linux_client.validate_authentication()
2016-01-06 03:58:37.988 6001 ERROR tempest.scenario.manager   File "tempest/common/utils/linux/remote_client.py", line 63, in validate_authentication
2016-01-06 03:58:37.988 6001 ERROR tempest.scenario.manager     self.ssh_client.test_connection_auth()
2016-01-06 03:58:37.988 6001 ERROR tempest.scenario.manager   File "/usr/local/lib/python2.7/dist-packages/tempest_lib/common/ssh.py", line 172, in test_connection_auth
2016-01-06 03:58:37.988 6001 ERROR tempest.scenario.manager     connection = self._get_ssh_connection()
2016-01-06 03:58:37.988 6001 ERROR tempest.scenario.manager   File "/usr/local/lib/python2.7/dist-packages/tempest_lib/common/ssh.py", line 87, in _get_ssh_connection
2016-01-06 03:58:37.988 6001 ERROR tempest.scenario.manager     password=self.password)
2016-01-06 03:58:37.988 6001 ERROR tempest.scenario.manager SSHTimeout: Connection to the 172.24.4.4 via SSH timed out.
2016-01-06 03:58:37.988 6001 ERROR tempest.scenario.manager User: cirros, Password: None
2016-01-06 03:58:37.988 6001 ERROR tempest.scenario.manager 
2016-01-06 03:58:38,066 6001 INFO     [tempest_lib.common.rest_client] Request (TestGettingAddress:test_dhcp6_stateless_from_os): 200 GET http://10.0.2.15:8774/v2.1/1571126e9cb24dd0a7e96fa659252ea7/servers 0.074s
2016-01-06 03:58:38,066 6001 DEBUG    [tempest_lib.common.rest_client] Request - Headers: {'Content-Type': 'application/json', 'Accept': 'application/json', 'X-Auth-Token': '&lt;omitted&gt;'}
        Body: None
    Response - Headers: {'status': '200', 'content-length': '391', 'content-location': 'http://10.0.2.15:8774/v2.1/1571126e9cb24dd0a7e96fa659252ea7/servers', 'x-compute-request-id': 'req-16d8ac55-0049-4cc4-9c6e-fb1201b52dc2', 'vary': 'X-OpenStack-Nova-API-Version', 'connection': 'close', 'x-openstack-nova-api-version': '2.1', 'date': 'Wed, 06 Jan 2016 03:58:38 GMT', 'content-type': 'application/json'}
        Body: {"servers": [{"id": "5ab3da6c-39cc-49cc-9d80-7d5ce4b12b5e", "links": [{"href": "http://10.0.2.15:8774/v2.1/1571126e9cb24dd0a7e96fa659252ea7/servers/5ab3da6c-39cc-49cc-9d80-7d5ce4b12b5e", "rel": "self"}, {"href": "http://10.0.2.15:8774/1571126e9cb24dd0a7e96fa659252ea7/servers/5ab3da6c-39cc-49cc-9d80-7d5ce4b12b5e", "rel": "bookmark"}], "name": "tempest.common.compute-instance-1480560403"}]}
2016-01-06 03:58:38,404 6001 INFO     [tempest_lib.common.rest_client] Request (TestGettingAddress:test_dhcp6_stateless_from_os): 200 POST http://10.0.2.15:8774/v2.1/1571126e9cb24dd0a7e96fa659252ea7/servers/5ab3da6c-39cc-49cc-9d80-7d5ce4b12b5e/action 0.332s
2016-01-06 03:58:38,405 6001 DEBUG    [tempest_lib.common.rest_client] Request - Headers: {'Content-Type': 'application/json', 'Accept': 'application/json', 'X-Auth-Token': '&lt;omitted&gt;'}
        Body: {"os-getConsoleOutput": {}}
    Response - Headers: {'status': '200', 'content-length': '24709', 'x-compute-request-id': 'req-23f11f35-5990-4ab6-88c9-fc538634999a', 'vary': 'X-OpenStack-Nova-API-Version', 'connection': 'close', 'x-openstack-nova-api-version': '2.1', 'date': 'Wed, 06 Jan 2016 03:58:38 GMT', 'content-type': 'application/json'}
        Body: {"output": "[    0.000000] Initializing cgroup subsys cpuset\n[    0.000000] Initializing cgroup subsys cpu\n[    0.000000] Linux version 3.2.0-80-virtual (buildd@batsu) (gcc version 4.6.3 (Ubuntu/Linaro 4.6.3-1ubuntu5) ) #116-Ubuntu SMP Mon Mar 23 17:28:52 UTC 2015 (Ubuntu 3.2.0-80.116-virtual 3.2.68)\n[    0.000000] Command line: root=/dev/vda console=tty0 console=ttyS0 no_timer_check\n[    0.000000] KERNEL supported cpus:\n[    0.000000]   Intel GenuineIntel\n[    0.000000]   AMD AuthenticAMD\n[    0.000000]   Centaur CentaurHauls\n[    0.000000] BIOS-provided physical RAM map:\n[    0.000000]  BIOS-e820: 0000000000000000 - 000000000009fc00 (usable)\n[    0.000000]  BIOS-e820: 000000000009fc00 - 00000000000a0000 (reserved)\n[    0.000000]  BIOS-e820: 00000000000f0000 - 0000000000100000 (reserved)\n[    0.000000]  BIOS-e820: 0000000000100000 - 0000000003ffe000 (usable)\n[    0.000000]  BIOS-e820: 0000000003ffe000 - 0000000004000000 (reserved)\n[    0.000000]  BIOS-e820: 00000000fffc0000 - 0000000100000000 (reserved)\n[    0.000000] NX (Execute Disable) protection: active\n[    0.000000] SMBIOS 2.4 present.\n[    0.000000] No AGP bridge found\n[    0.000000] last_pfn = 0x3ffe max_arch_pfn = 0x400000000\n[    0.000000] x86 PAT enabled: cpu 0, old 0x7040600070406, new 0x7010600070106\n[    0.000000] found SMP MP-table at [ffff8800000f0b00] f0b00\n[    0.000000] init_memory_mapping: 0000000000000000-0000000003ffe000\n[    0.000000] RAMDISK: 03c5e000 - 03ff0000\n[    0.000000] ACPI: RSDP 00000000000f0950 00014 (v00 BOCHS )\n[    0.000000] ACPI: RSDT 0000000003fffbc1 00034 (v01 BOCHS  BXPCRSDT 00000001 BXPC 00000001)\n[    0.000000] ACPI: FACP 0000000003fff1c0 00074 (v01 BOCHS  BXPCFACP 00000001 BXPC 00000001)\n[    0.000000] ACPI: DSDT 0000000003ffe040 01180 (v01 BOCHS  BXPCDSDT 00000001 BXPC 00000001)\n[    0.000000] ACPI: FACS 0000000003ffe000 00040\n[    0.000000] ACPI: SSDT 0000000003fff234 008DD (v01 BOCHS  BXPCSSDT 00000001 BXPC 00000001)\n[    0.000000] ACPI: APIC 0000000003fffb11 00078 (v01 BOCHS  BXPCAPIC 00000001 BXPC 00000001)\n[    0.000000] ACPI: HPET 0000000003fffb89 00038 (v01 BOCHS  BXPCHPET 00000001 BXPC 00000001)\n[    0.000000] No NUMA configuration found\n[    0.000000] Faking a node at 0000000000000000-0000000003ffe000\n[    0.000000] Initmem setup node 0 0000000000000000-0000000003ffe000\n[    0.000000]   NODE_DATA [0000000003ff6000 - 0000000003ffafff]\n[    0.000000] Zone PFN ranges:\n[    0.000000]   DMA      0x00000010 -&gt; 0x00001000\n[    0.000000]   DMA32    0x00001000 -&gt; 0x00100000\n[    0.000000]   Normal   empty\n[    0.000000] Movable zone start PFN for each node\n[    0.000000] early_node_map[2] active PFN ranges\n[    0.000000]     0: 0x00000010 -&gt; 0x0000009f\n[    0.000000]     0: 0x00000100 -&gt; 0x00003ffe\n[    0.000000] ACPI: PM-Timer IO Port: 0xb008\n[    0.000000] ACPI: LAPIC (acpi_id[0x00] lapic_id[0x00] enabled)\n[    0.000000] ACPI: LAPIC_NMI (acpi_id[0xff] dfl dfl lint[0x1])\n[    0.000000] ACPI: IOAPIC (id[0x00] address[0xfec00000] gsi_base[0])\n[    0.000000] IOAPIC[0]: apic_id 0, version 17, address 0xfec00000, GSI 0-23\n[    0.000000] ACPI: INT_SRC_OVR (bus 0 bus_irq 0 global_irq 2 dfl dfl)\n[    0.000000] ACPI: INT_SRC_OVR (bus 0 bus_irq 5 global_irq 5 high level)\n[    0.000000] ACPI: INT_SRC_OVR (bus 0 bus_irq 9 global_irq 9 high level)\n[    0.000000] ACPI: INT_SRC_OVR (bus 0 bus_irq 10 global_irq 10 high level)\n[    0.000000] ACPI: INT_SRC_OVR (bus 0 bus_irq 11 global_irq 11 high level)\n[    0.000000] Using ACPI (MADT) for SMP configuration information\n[    0.000000] ACPI: HPET id: 0x8086a201 base: 0xfed00000\n[    0.000000] SMP: Allowing 1 CPUs, 0 hotplug CPUs\n[    0.000000] PM: Registered nosave memory: 000000000009f000 - 00000000000a0000\n[    0.000000] PM: Registered nosave memory: 00000000000a0000 - 00000000000f0000\n[    0.000000] PM: Registered nosave memory: 00000000000f0000 - 0000000000100000\n[    0.000000] Allocating PCI resources starting at 4000000 (gap: 4000000:fbfc0000)\n[    0.000000] Booting paravirtualized kernel on bare hardware\n[    0.000000] setup_pe
2016-01-06 03:58:38,408 6001 DEBUG    [tempest.scenario.manager] Console output for 5ab3da6c-39cc-49cc-9d80-7d5ce4b12b5e
body=
[    0.000000] Initializing cgroup subsys cpuset
[    0.000000] Initializing cgroup subsys cpu
[    0.000000] Linux version 3.2.0-80-virtual (buildd@batsu) (gcc version 4.6.3 (Ubuntu/Linaro 4.6.3-1ubuntu5) ) #116-Ubuntu SMP Mon Mar 23 17:28:52 UTC 2015 (Ubuntu 3.2.0-80.116-virtual 3.2.68)
[    0.000000] Command line: root=/dev/vda console=tty0 console=ttyS0 no_timer_check
[    0.000000] KERNEL supported cpus:
[    0.000000]   Intel GenuineIntel
[    0.000000]   AMD AuthenticAMD
[    0.000000]   Centaur CentaurHauls
[    0.000000] BIOS-provided physical RAM map:
[    0.000000]  BIOS-e820: 0000000000000000 - 000000000009fc00 (usable)
[    0.000000]  BIOS-e820: 000000000009fc00 - 00000000000a0000 (reserved)
[    0.000000]  BIOS-e820: 00000000000f0000 - 0000000000100000 (reserved)
[    0.000000]  BIOS-e820: 0000000000100000 - 0000000003ffe000 (usable)
[    0.000000]  BIOS-e820: 0000000003ffe000 - 0000000004000000 (reserved)
[    0.000000]  BIOS-e820: 00000000fffc0000 - 0000000100000000 (reserved)
[    0.000000] NX (Execute Disable) protection: active
[    0.000000] SMBIOS 2.4 present.
[    0.000000] No AGP bridge found
[    0.000000] last_pfn = 0x3ffe max_arch_pfn = 0x400000000
[    0.000000] x86 PAT enabled: cpu 0, old 0x7040600070406, new 0x7010600070106
[    0.000000] found SMP MP-table at [ffff8800000f0b00] f0b00
[    0.000000] init_memory_mapping: 0000000000000000-0000000003ffe000
[    0.000000] RAMDISK: 03c5e000 - 03ff0000
[    0.000000] ACPI: RSDP 00000000000f0950 00014 (v00 BOCHS )
[    0.000000] ACPI: RSDT 0000000003fffbc1 00034 (v01 BOCHS  BXPCRSDT 00000001 BXPC 00000001)
[    0.000000] ACPI: FACP 0000000003fff1c0 00074 (v01 BOCHS  BXPCFACP 00000001 BXPC 00000001)
[    0.000000] ACPI: DSDT 0000000003ffe040 01180 (v01 BOCHS  BXPCDSDT 00000001 BXPC 00000001)
[    0.000000] ACPI: FACS 0000000003ffe000 00040
[    0.000000] ACPI: SSDT 0000000003fff234 008DD (v01 BOCHS  BXPCSSDT 00000001 BXPC 00000001)
[    0.000000] ACPI: APIC 0000000003fffb11 00078 (v01 BOCHS  BXPCAPIC 00000001 BXPC 00000001)
[    0.000000] ACPI: HPET 0000000003fffb89 00038 (v01 BOCHS  BXPCHPET 00000001 BXPC 00000001)
[    0.000000] No NUMA configuration found
[    0.000000] Faking a node at 0000000000000000-0000000003ffe000
[    0.000000] Initmem setup node 0 0000000000000000-0000000003ffe000
[    0.000000]   NODE_DATA [0000000003ff6000 - 0000000003ffafff]
[    0.000000] Zone PFN ranges:
[    0.000000]   DMA      0x00000010 -&gt; 0x00001000
[    0.000000]   DMA32    0x00001000 -&gt; 0x00100000
[    0.000000]   Normal   empty
[    0.000000] Movable zone start PFN for each node
[    0.000000] early_node_map[2] active PFN ranges
[    0.000000]     0: 0x00000010 -&gt; 0x0000009f
[    0.000000]     0: 0x00000100 -&gt; 0x00003ffe
[    0.000000] ACPI: PM-Timer IO Port: 0xb008
[    0.000000] ACPI: LAPIC (acpi_id[0x00] lapic_id[0x00] enabled)
[    0.000000] ACPI: LAPIC_NMI (acpi_id[0xff] dfl dfl lint[0x1])
[    0.000000] ACPI: IOAPIC (id[0x00] address[0xfec00000] gsi_base[0])
[    0.000000] IOAPIC[0]: apic_id 0, version 17, address 0xfec00000, GSI 0-23
[    0.000000] ACPI: INT_SRC_OVR (bus 0 bus_irq 0 global_irq 2 dfl dfl)
[    0.000000] ACPI: INT_SRC_OVR (bus 0 bus_irq 5 global_irq 5 high level)
[    0.000000] ACPI: INT_SRC_OVR (bus 0 bus_irq 9 global_irq 9 high level)
[    0.000000] ACPI: INT_SRC_OVR (bus 0 bus_irq 10 global_irq 10 high level)
[    0.000000] ACPI: INT_SRC_OVR (bus 0 bus_irq 11 global_irq 11 high level)
[    0.000000] Using ACPI (MADT) for SMP configuration information
[    0.000000] ACPI: HPET id: 0x8086a201 base: 0xfed00000
[    0.000000] SMP: Allowing 1 CPUs, 0 hotplug CPUs
[    0.000000] PM: Registered nosave memory: 000000000009f000 - 00000000000a0000
[    0.000000] PM: Registered nosave memory: 00000000000a0000 - 00000000000f0000
[    0.000000] PM: Registered nosave memory: 00000000000f0000 - 0000000000100000
[    0.000000] Allocating PCI resources starting at 4000000 (gap: 4000000:fbfc0000)
[    0.000000] Booting paravirtualized kernel on bare hardware
[    0.000000] setup_percpu: NR_CPUS:64 nr_cpumask_bits:64 nr_cpu_ids:1 nr_node_ids:1
[    0.000000] PERCPU: Embedded 27 pages/cpu @ffff880003a00000 s78848 r8192 d23552 u2097152
[    0.000000] Built 1 zonelists in Node order, mobility grouping on.  Total pages: 16008
[    0.000000] Policy zone: DMA32
[    0.000000] Kernel command line: root=/dev/vda console=tty0 console=ttyS0 no_timer_check
[    0.000000] PID hash table entries: 256 (order: -1, 2048 bytes)
[    0.000000] Checking aperture...
[    0.000000] No AGP bridge found
[    0.000000] Memory: 43492k/65528k available (6576k kernel code, 452k absent, 21584k reserved, 6620k data, 928k init)
[    0.000000] SLUB: Genslabs=15, HWalign=64, Order=0-3, MinObjects=0, CPUs=1, Nodes=1
[    0.000000] Hierarchical RCU implementation.
[    0.000000] 	RCU dyntick-idle grace-period acceleration is enabled.
[    0.000000] NR_IRQS:4352 nr_irqs:256 16
[    0.000000] Console: colour VGA+ 80x25
[    0.000000] console [tty0] enabled
[    0.000000] console [ttyS0] enabled
[    0.000000] allocated 1048576 bytes of page_cgroup
[    0.000000] please try 'cgroup_disable=memory' option if you don't want memory cgroups
[    0.000000] Fast TSC calibration failed
[    0.000000] TSC: Unable to calibrate against PIT
[    0.000000] TSC: using HPET reference calibration
[    0.000000] Detected 2294.472 MHz processor.
[    0.037518] Calibrating delay loop (skipped), value calculated using timer frequency.. 4588.94 BogoMIPS (lpj=9177888)
[    0.040785] pid_max: default: 32768 minimum: 301
[    0.050521] Security Framework initialized
[    0.054977] AppArmor: AppArmor initialized
[    0.056171] Yama: becoming mindful.
[    0.062082] Dentry cache hash table entries: 8192 (order: 4, 65536 bytes)
[    0.064253] Inode-cache hash table entries: 4096 (order: 3, 32768 bytes)
[    0.065417] Mount-cache hash table entries: 256
[    0.081916] Initializing cgroup subsys cpuacct
[    0.084123] Initializing cgroup subsys memory
[    0.086575] Initializing cgroup subsys devices
[    0.088266] Initializing cgroup subsys freezer
[    0.089250] Initializing cgroup subsys blkio
[    0.091264] Initializing cgroup subsys perf_event
[    0.100142] mce: CPU supports 10 MCE banks
[    0.108776] SMP alternatives: switching to UP code
[    0.505404] Freeing SMP alternatives: 24k freed
[    0.508263] ACPI: Core revision 20110623
[    0.556316] ftrace: allocating 26610 entries in 105 pages
[    0.594336] ..TIMER: vector=0x30 apic1=0 pin1=2 apic2=-1 pin2=-1
[    0.596165] CPU0: AMD QEMU Virtual CPU version 2.0.0 stepping 03
[    0.600036] Performance Events: Broken PMU hardware detected, using software events only.
[    0.609824] NMI watchdog disabled (cpu0): hardware events not enabled
[    0.612757] Brought up 1 CPUs
[    0.613297] Total of 1 processors activated (4588.94 BogoMIPS).
[    0.639277] devtmpfs: initialized
[    0.674161] EVM: security.selinux
[    0.674679] EVM: security.SMACK64
[    0.675503] EVM: security.capability
[    0.694718] print_constraints: dummy: 
[    0.697380] RTC time:  3:55:08, date: 01/06/16
[    0.700342] NET: Registered protocol family 16
[    0.708989] ACPI: bus type pci registered
[    0.713133] PCI: Using configuration type 1 for base access
[    0.742999] bio: create slab &lt;bio-0&gt; at 0
[    0.748409] ACPI: Added _OSI(Module Device)
[    0.749049] ACPI: Added _OSI(Processor Device)
[    0.749820] ACPI: Added _OSI(3.0 _SCP Extensions)
[    0.750504] ACPI: Added _OSI(Processor Aggregator Device)
[    0.828697] ACPI: Interpreter enabled
[    0.829353] ACPI: (supports S0 S3 S4 S5)
[    0.831284] ACPI: Using IOAPIC for interrupt routing
[    0.911462] ACPI: No dock devices found.
[    0.912250] HEST: Table not found.
[    0.913469] PCI: Using host bridge windows from ACPI; if necessary, use "pci=nocrs" and report a bug
[    0.922672] ACPI: PCI Root Bridge [PCI0] (domain 0000 [bus 00-ff])
[    0.932057] pci_root PNP0A03:00: host bridge window [io  0x0000-0x0cf7]
[    0.932194] pci_root PNP0A03:00: host bridge window [io  0x0d00-0xadff]
[    0.936131] pci_root PNP0A03:00: host bridge window [io  0xae0f-0xaeff]
[    0.937692] pci_root PNP0A03:00: host bridge window [io  0xaf20-0xafdf]
[    0.940110] pci_root PNP0A03:00: host bridge window [io  0xafe4-0xffff]
[    0.942551] pci_root PNP0A03:00: host bridge window [mem 0x000a0000-0x000bffff]
[    0.944116] pci_root PNP0A03:00: host bridge window [mem 0x04000000-0xfebfffff]
[    0.966191] pci 0000:00:01.3: quirk: [io  0xb000-0xb03f] claimed by PIIX4 ACPI
[    0.968187] pci 0000:00:01.3: quirk: [io  0xb100-0xb10f] claimed by PIIX4 SMB
[    1.029857]  pci0000:00: Unable to request _OSC control (_OSC support mask: 0x1e)
[    1.086911] ACPI: PCI Interrupt Link [LNKA] (IRQs 5 *10 11)
[    1.089929] ACPI: PCI Interrupt Link [LNKB] (IRQs 5 *10 11)
[    1.092702] ACPI: PCI Interrupt Link [LNKC] (IRQs 5 10 *11)
[    1.094613] ACPI: PCI Interrupt Link [LNKD] (IRQs 5 10 *11)
[    1.096734] ACPI: PCI Interrupt Link [LNKS] (IRQs *9)
[    1.103207] vgaarb: device added: PCI:0000:00:02.0,decodes=io+mem,owns=io+mem,locks=none
[    1.104272] vgaarb: loaded
[    1.104666] vgaarb: bridge control possible 0000:00:02.0
[    1.109608] i2c-core: driver [aat2870] using legacy suspend method
[    1.110577] i2c-core: driver [aat2870] using legacy resume method
[    1.117961] SCSI subsystem initialized
[    1.121521] usbcore: registered new interface driver usbfs
[    1.123144] usbcore: registered new interface driver hub
[    1.124802] usbcore: registered new device driver usb
[    1.129012] PCI: Using ACPI for IRQ routing
[    1.141046] NetLabel: Initializing
[    1.141526] NetLabel:  domain hash size = 128
[    1.142115] NetLabel:  protocols = UNLABELED CIPSOv4
[    1.145199] NetLabel:  unlabeled traffic allowed by default
[    1.148190] HPET: 3 timers in total, 0 timers will be used for per-cpu timer
[    1.149322] hpet0: at MMIO 0xfed00000, IRQs 2, 8, 0
[    1.150324] hpet0: 3 comparators, 64-bit 100.000000 MHz counter
[    1.162245] Switching to clocksource hpet
[    1.423142] AppArmor: AppArmor Filesystem Enabled
[    1.425490] pnp: PnP ACPI init
[    1.426233] ACPI: bus type pnp registered
[    1.445603] pnp: PnP ACPI: found 9 devices
[    1.446278] ACPI: ACPI bus type pnp unregistered
[    1.507097] NET: Registered protocol family 2
[    1.546071] IP route cache hash table entries: 512 (order: 0, 4096 bytes)
[    1.554402] TCP established hash table entries: 2048 (order: 3, 32768 bytes)
[    1.555741] TCP bind hash table entries: 2048 (order: 3, 32768 bytes)
[    1.557498] TCP: Hash tables configured (established 2048 bind 2048)
[    1.558290] TCP reno registered
[    1.558804] UDP hash table entries: 128 (order: 0, 4096 bytes)
[    1.559664] UDP-Lite hash table entries: 128 (order: 0, 4096 bytes)
[    1.563983] NET: Registered protocol family 1
[    1.565989] pci 0000:00:00.0: Limiting direct PCI/PCI transfers
[    1.566750] pci 0000:00:01.0: PIIX3: Enabling Passive Release
[    1.567685] pci 0000:00:01.0: Activating ISA DMA hang workarounds
[    1.574516] ACPI: PCI Interrupt Link [LNKD] enabled at IRQ 11
[    1.575545] pci 0000:00:01.2: PCI INT D -&gt; Link[LNKD] -&gt; GSI 11 (level, high) -&gt; IRQ 11
[    1.578850] pci 0000:00:01.2: PCI INT D disabled
[    1.597370] Trying to unpack rootfs image as initramfs...
[    1.615238] audit: initializing netlink socket (disabled)
[    1.617341] type=2000 audit(1452052508.616:1): initialized
[    1.847687] HugeTLB registered 2 MB page size, pre-allocated 0 pages
[    1.938469] VFS: Disk quotas dquot_6.5.2
[    1.941957] Dquot-cache hash table entries: 512 (order 0, 4096 bytes)
[    1.966597] fuse init (API version 7.17)
[    1.969967] msgmni has been set to 84
[    2.007714] Block layer SCSI generic (bsg) driver version 0.4 loaded (major 253)
[    2.010792] io scheduler noop registered
[    2.011390] io scheduler deadline registered (default)
[    2.013723] io scheduler cfq registered
[    2.017392] pci_hotplug: PCI Hot Plug PCI Core version: 0.5
[    2.019334] pciehp: PCI Express Hot Plug Controller Driver version: 0.4
[    2.025898] input: Power Button as /devices/LNXSYSTM:00/LNXPWRBN:00/input/input0
[    2.027461] ACPI: Power Button [PWRF]
[    2.091432] ERST: Table is not found!
[    2.091941] GHES: HEST is not enabled!
[    2.102672] ACPI: PCI Interrupt Link [LNKC] enabled at IRQ 10
[    2.103429] virtio-pci 0000:00:03.0: PCI INT A -&gt; Link[LNKC] -&gt; GSI 10 (level, high) -&gt; IRQ 10
[    2.107674] virtio-pci 0000:00:04.0: PCI INT A -&gt; Link[LNKD] -&gt; GSI 11 (level, high) -&gt; IRQ 11
[    2.118908] ACPI: PCI Interrupt Link [LNKA] enabled at IRQ 10
[    2.119569] virtio-pci 0000:00:05.0: PCI INT A -&gt; Link[LNKA] -&gt; GSI 10 (level, high) -&gt; IRQ 10
[    2.130478] Serial: 8250/16550 driver, 32 ports, IRQ sharing enabled
[    2.169661] serial8250: ttyS0 at I/O 0x3f8 (irq = 4) is a 16550A
[    2.249046] serial8250: ttyS1 at I/O 0x2f8 (irq = 3) is a 16550A
[    2.382423] 00:05: ttyS0 at I/O 0x3f8 (irq = 4) is a 16550A
[    2.473087] 00:06: ttyS1 at I/O 0x2f8 (irq = 3) is a 16550A
[    2.532423] Linux agpgart interface v0.103
[    2.586359] Refined TSC clocksource calibration: 2294.475 MHz.
[    2.587259] Switching to clocksource tsc
[    2.614723] brd: module loaded
[    2.639721] loop: module loaded
[    2.698025]  vda: unknown partition table
[    2.755390] scsi0 : ata_piix
[    2.759378] scsi1 : ata_piix
[    2.762893] ata1: PATA max MWDMA2 cmd 0x1f0 ctl 0x3f6 bmdma 0xc0a0 irq 14
[    2.765392] ata2: PATA max MWDMA2 cmd 0x170 ctl 0x376 bmdma 0xc0a8 irq 15
[    2.779554] Fixed MDIO Bus: probed
[    2.781503] tun: Universal TUN/TAP device driver, 1.6
[    2.782164] tun: (C) 1999-2004 Max Krasnyansky &lt;maxk@qualcomm.com&gt;
[    2.800087] PPP generic driver version 2.4.2
[    2.826384] ehci_hcd: USB 2.0 'Enhanced' Host Controller (EHCI) Driver
[    2.827428] ohci_hcd: USB 1.1 'Open' Host Controller (OHCI) Driver
[    2.828951] uhci_hcd: USB Universal Host Controller Interface driver
[    2.830236] uhci_hcd 0000:00:01.2: PCI INT D -&gt; Link[LNKD] -&gt; GSI 11 (level, high) -&gt; IRQ 11
[    2.833568] uhci_hcd 0000:00:01.2: UHCI Host Controller
[    2.841432] uhci_hcd 0000:00:01.2: new USB bus registered, assigned bus number 1
[    2.843193] uhci_hcd 0000:00:01.2: irq 11, io base 0x0000c040
[    2.887780] hub 1-0:1.0: USB hub found
[    2.890086] hub 1-0:1.0: 2 ports detected
[    2.899549] usbcore: registered new interface driver libusual
[    2.904253] i8042: PNP: PS/2 Controller [PNP0303:KBD,PNP0f13:MOU] at 0x60,0x64 irq 1,12
[    2.914520] serio: i8042 KBD port at 0x60,0x64 irq 1
[    2.916247] serio: i8042 AUX port at 0x60,0x64 irq 12
[    2.959672] mousedev: PS/2 mouse device common for all mice
[    3.006570] input: AT Translated Set 2 keyboard as /devices/platform/i8042/serio0/input/input1
[    3.016799] rtc_cmos 00:01: RTC can wake from S4
[    3.035918] ata2.01: ATAPI: QEMU DVD-ROM, 2.0.0, max UDMA/100
[    3.053140] rtc_cmos 00:01: rtc core: registered rtc_cmos as rtc0
[    3.057903] rtc0: alarms up to one day, 114 bytes nvram, hpet irqs
[    3.061172] device-mapper: uevent: version 1.0.3
[    3.066450] ata2.01: configured for MWDMA2
[    3.102989] scsi 1:0:1:0: CD-ROM            QEMU     QEMU DVD-ROM     2.0. PQ: 0 ANSI: 5
[    3.115847] device-mapper: ioctl: 4.22.0-ioctl (2011-10-19) initialised: dm-devel@redhat.com
[    3.121182] cpuidle: using governor ladder
[    3.123351] cpuidle: using governor menu
[    3.123869] EFI Variables Facility v0.08 2004-May-17
[    3.133945] TCP cubic registered
[    3.137934] NET: Registered protocol family 10
[    3.169132] NET: Registered protocol family 17
[    3.171097] Registering the dns_resolver key type
[    3.206484] sr0: scsi3-mmc drive: 4x/4x cd/rw xa/form2 tray
[    3.209037] cdrom: Uniform CD-ROM driver Revision: 3.20
[    3.234237] sr 1:0:1:0: Attached scsi generic sg0 type 5
[    3.273940] registered taskstats version 1
[    3.392057] Freeing initrd memory: 3656k freed
[    3.925450]   Magic number: 0:624:916
[    3.931140] tty ptmx: hash matches
[    3.934784] rtc_cmos 00:01: setting system clock to 2016-01-06 03:55:11 UTC (1452052511)
[    3.936676] powernow-k8: Processor cpuid 663 not supported
[    3.942847] BIOS EDD facility v0.16 2004-Jun-25, 0 devices found
[    3.943875] EDD information not available.
[    4.021049] Freeing unused kernel memory: 928k freed
[    4.027151] Write protecting the kernel read-only data: 12288k
[    4.143708] Freeing unused kernel memory: 1596k freed
[    4.215821] Freeing unused kernel memory: 1184k freed

info: initramfs: up at 4.39
modprobe: module virtio_blk not found in modules.dep
modprobe: module virtio_net not found in modules.dep
info: copying initramfs to /dev/vda
info: initramfs loading root from /dev/vda
info: /etc/init.d/rc.sysinit: up at 9.03
info: container: none
Starting logging: OK
modprobe: module virtio_blk not found in modules.dep
modprobe: module virtio_net not found in modules.dep
WARN: /etc/rc3.d/S10-load-modules failed
Initializing random number generator... done.
Starting acpid: OK
cirros-ds 'local' up at 11.66
found datasource (configdrive, local)
Starting network...
udhcpc (v1.20.1) started
Sending discover...
Sending discover...
Sending discover...
Usage: /sbin/cirros-dhcpc &lt;up|down&gt;
No lease, failing
WARN: /etc/rc3.d/S40-network failed
Starting dropbear sshd: generating rsa key... generating dsa key... OK
no userdata for datasource
=== system information ===
Platform: OpenStack Foundation OpenStack Nova
Container: none
Arch: x86_64
CPU(s): 1 @ 2294.472 MHz
Cores/Sockets/Threads: 1/1/1
Virt-type: AMD-V
RAM Size: 49MB
Disks:
NAME MAJ:MIN     SIZE LABEL         MOUNTPOINT
vda  253:0   25165824 cirros-rootfs /
sr0   11:0     428032 config-2      
=== sshd host keys ===
-----BEGIN SSH HOST KEY KEYS-----
ssh-rsa AAAAB3NzaC1yc2EAAAADAQABAAAAgwCKV2FyebhF1ljOgZVSSkOOUEuXAC//Wwd54m9jCq5TzG7XWYk/07btFKybbtHAUkWZCwOHAJyDxFy7AV0fsa2mkdu1fsiRtUxtdVxnsygrHeDyUWH/ZkqOcQs3+7JIEUqJN+2LzVgb5mfiB4ZWRjjCWZSjPyVA1X15zKfr5h+at20V root@tempest
ssh-dss AAAAB3NzaC1kc3MAAACBAODS1ydwk+t3X7Msbv4cVv5NPCNeScgQjcVEjzekmYx9MLnyhAr0Rv3BPl0UjqVcM8VezJ9lT1VgJLJK1O4G8zFJFnd3CCBG9DqZ9mDQOrNU4D5XofYdIkoVghE4G1HIsl2Pj+qt+PZbZijWj2swc/zL/4MFoBOBSgYs2j5yfWmZAAAAFQDytlejRSWBs9gozkx86TKF/R/6iQAAAIEAk+oKNmUA55OTDuzEJI2EyzHEEqi7DqCQWuKF+qv5Jgb6QUgdT3l6/nZ06vnqk2WjY/FTNN2lAcIWZJJcJF6Knjl7bmATNsBIc2tM30SqnhW2Wetn+8pHWxHw7BeMdGu7CKxSu6m7QirmPdoo3h0gf2rK3XPibZ7yK9NSy4EI93EAAACAICfTSud3fgcsglBQaiGH059Kc44IYTMfcaQz1RtO4ObJQ9Bmrs7o7ituS+pKaLaV9wJJif6KT/VH1vSllPbwqjITRZX7jtj/oODf6ww8y6MJJuKRg3Nw4HxXO8TQWK/tYw+AnbEw8+BZWTpjwIqIGTGtKTWDcoOM5/pjTxEt37A= root@tempest
-----END SSH HOST KEY KEYS-----
=== network info ===
if-info: lo,up,127.0.0.1,8,::1
if-info: eth0,up,,8,fe80::f816:3eff:fed5:4e64
=== datasource: configdrive local ===
instance-id: 5ab3da6c-39cc-49cc-9d80-7d5ce4b12b5e
name: tempest.common.compute-instance-1480560403
availability-zone: nova
local-hostname: tempest.common.compute-instance-1480560403.novalocal
launch-index: 0
=== cirros: current=0.3.4 uptime=201.61 ===
route: fscanf
=== pinging gateway failed, debugging connection ===
############ debug start ##############
### /etc/init.d/sshd start
Starting dropbear sshd: OK
route: fscanf
### ifconfig -a
eth0      Link encap:Ethernet  HWaddr FA:16:3E:D5:4E:64  
          inet6 addr: fe80::f816:3eff:fed5:4e64/64 Scope:Link
          UP BROADCAST RUNNING MULTICAST  MTU:1500  Metric:1
          RX packets:12 errors:0 dropped:5 overruns:0 frame:0
          TX packets:8 errors:0 dropped:0 overruns:0 carrier:0
          collisions:0 txqueuelen:1000 
          RX bytes:1293 (1.2 KiB)  TX bytes:1134 (1.1 KiB)

lo        Link encap:Local Loopback  
          inet addr:127.0.0.1  Mask:255.0.0.0
          inet6 addr: ::1/128 Scope:Host
          UP LOOPBACK RUNNING  MTU:16436  Metric:1
          RX packets:12 errors:0 dropped:0 overruns:0 frame:0
          TX packets:12 errors:0 dropped:0 overruns:0 carrier:0
          collisions:0 txqueuelen:0 
          RX bytes:1020 (1020.0 B)  TX bytes:1020 (1020.0 B)

### route -n
Kernel IP routing table
Destination     Gateway         Genmask         Flags Metric Ref    Use Iface
route: fscanf
### cat /etc/resolv.conf
cat: can't open '/etc/resolv.conf': No such file or directory
### gateway not found
/sbin/cirros-status: line 1: can't open /etc/resolv.conf: no such file
### pinging nameservers
### uname -a
Linux tempest 3.2.0-80-virtual #116-Ubuntu SMP Mon Mar 23 17:28:52 UTC 2015 x86_64 GNU/Linux
### lsmod
Module                  Size  Used by    Not tainted
nls_iso8859_1          12713  0 
nls_cp437              16991  0 
vfat                   17585  0 
fat                    61512  1 vfat
isofs                  40259  0 
ip_tables              27473  0 
x_tables               29891  1 ip_tables
pcnet32                42119  0 
8139cp                 27360  0 
ne2k_pci               13691  0 
8390                   18856  1 ne2k_pci
e1000                 108589  0 
acpiphp                24231  0 
### dmesg | tail
[    5.184399] EXT3-fs (vda): mounted filesystem with ordered data mode
[    5.491613] ISO 9660 Extensions: Microsoft Joliet Level 3
[    5.565481] ISO 9660 Extensions: RRIP_1991A
[    5.801868] kjournald starting.  Commit interval 5 seconds
[    5.818199] EXT3-fs (vda): using internal journal
[    5.818355] EXT3-fs (vda): mounted filesystem with ordered data mode
[    9.081934] EXT3-fs (vda): using internal journal
[   12.466332] ISO 9660 Extensions: Microsoft Joliet Level 3
[   12.553591] ISO 9660 Extensions: RRIP_1991A
[   26.980021] eth0: no IPv6 routers present
### tail -n 25 /var/log/messages
Jan  6 03:55:18 cirros kern.info kernel: [    4.659407] acpiphp: Slot [26] registered
Jan  6 03:55:18 cirros kern.info kernel: [    4.659791] acpiphp: Slot [27] registered
Jan  6 03:55:18 cirros kern.info kernel: [    4.660095] acpiphp: Slot [28] registered
Jan  6 03:55:18 cirros kern.info kernel: [    4.661242] acpiphp: Slot [29] registered
Jan  6 03:55:18 cirros kern.info kernel: [    4.661549] acpiphp: Slot [30] registered
Jan  6 03:55:18 cirros kern.info kernel: [    4.662020] acpiphp: Slot [31] registered
Jan  6 03:55:18 cirros kern.info kernel: [    4.705665] e1000: Intel(R) PRO/1000 Network Driver - version 7.3.21-k8-NAPI
Jan  6 03:55:18 cirros kern.info kernel: [    4.705825] e1000: Copyright (c) 1999-2006 Intel Corporation.
Jan  6 03:55:18 cirros kern.info kernel: [    4.752144] ne2k-pci.c:v1.03 9/22/2003 D. Becker/P. Gortmaker
Jan  6 03:55:18 cirros kern.info kernel: [    4.807021] 8139cp: 8139cp: 10/100 PCI Ethernet driver v1.3 (Mar 22, 2004)
Jan  6 03:55:18 cirros kern.info kernel: [    4.855203] pcnet32: pcnet32.c:v1.35 21.Apr.2008 tsbogend@alpha.franken.de
Jan  6 03:55:18 cirros kern.info kernel: [    4.896061] ip_tables: (C) 2000-2006 Netfilter Core Team
Jan  6 03:55:18 cirros kern.info kernel: [    5.179289] kjournald starting.  Commit interval 5 seconds
Jan  6 03:55:18 cirros kern.info kernel: [    5.184399] EXT3-fs (vda): mounted filesystem with ordered data mode
Jan  6 03:55:18 cirros kern.debug kernel: [    5.491613] ISO 9660 Extensions: Microsoft Joliet Level 3
Jan  6 03:55:18 cirros kern.debug kernel: [    5.565481] ISO 9660 Extensions: RRIP_1991A
Jan  6 03:55:18 cirros kern.info kernel: [    5.801868] kjournald starting.  Commit interval 5 seconds
Jan  6 03:55:18 cirros kern.info kernel: [    5.818199] EXT3-fs (vda): using internal journal
Jan  6 03:55:18 cirros kern.info kernel: [    5.818355] EXT3-fs (vda): mounted filesystem with ordered data mode
Jan  6 03:55:18 cirros kern.info kernel: [    9.081934] EXT3-fs (vda): using internal journal
Jan  6 03:55:20 cirros kern.debug kernel: [   12.466332] ISO 9660 Extensions: Microsoft Joliet Level 3
Jan  6 03:55:20 cirros kern.debug kernel: [   12.553591] ISO 9660 Extensions: RRIP_1991A
Jan  6 03:55:23 cirros auth.notice su: + /dev/console root:cirros
Jan  6 03:55:34 cirros kern.debug kernel: [   26.980021] eth0: no IPv6 routers present
Jan  6 03:58:27 cirros authpriv.info dropbear[283]: Running in background
############ debug end   ##############
  ____               ____  ____
 / __/ __ ____ ____ / __ \/ __/
/ /__ / // __// __// /_/ /\ \ 
\___//_//_/  /_/   \____/___/ 
   http://cirros-cloud.net


login as 'cirros' user. default password: 'cubswin:)'. use 'sudo' for root.
tempest login: 
2016-01-06 03:58:38,682 6001 INFO     [tempest_lib.common.rest_client] Request (TestGettingAddress:_run_cleanups): 204 DELETE http://10.0.2.15:9696/v2.0/floatingips/e2acb1db-4ef9-4c70-9abb-f984daec9ba7 0.270s
2016-01-06 03:58:38,682 6001 DEBUG    [tempest_lib.common.rest_client] Request - Headers: {'Content-Type': 'application/json', 'Accept': 'application/json', 'X-Auth-Token': '&lt;omitted&gt;'}
        Body: None
    Response - Headers: {'date': 'Wed, 06 Jan 2016 03:58:38 GMT', 'status': '204', 'connection': 'close', 'content-length': '0', 'x-openstack-request-id': 'req-25e80eb9-87aa-4175-887c-976918b3edd8'}
        Body: 
2016-01-06 03:58:38,926 6001 INFO     [tempest_lib.common.rest_client] Request (TestGettingAddress:_run_cleanups): 204 DELETE http://10.0.2.15:8774/v2.1/1571126e9cb24dd0a7e96fa659252ea7/servers/5ab3da6c-39cc-49cc-9d80-7d5ce4b12b5e 0.243s
2016-01-06 03:58:38,926 6001 DEBUG    [tempest_lib.common.rest_client] Request - Headers: {'Content-Type': 'application/json', 'Accept': 'application/json', 'X-Auth-Token': '&lt;omitted&gt;'}
        Body: None
    Response - Headers: {'status': '204', 'content-length': '0', 'x-compute-request-id': 'req-110c24d7-e20a-469b-9c32-cda79329a6c2', 'vary': 'X-OpenStack-Nova-API-Version', 'connection': 'close', 'x-openstack-nova-api-version': '2.1', 'date': 'Wed, 06 Jan 2016 03:58:38 GMT', 'content-type': 'application/json'}
        Body: 
2016-01-06 03:58:39,184 6001 INFO     [tempest_lib.common.rest_client] Request (TestGettingAddress:_run_cleanups): 200 GET http://10.0.2.15:8774/v2.1/1571126e9cb24dd0a7e96fa659252ea7/servers/5ab3da6c-39cc-49cc-9d80-7d5ce4b12b5e 0.257s
2016-01-06 03:58:39,185 6001 DEBUG    [tempest_lib.common.rest_client] Request - Headers: {'Content-Type': 'application/json', 'Accept': 'application/json', 'X-Auth-Token': '&lt;omitted&gt;'}
        Body: None
    Response - Headers: {'status': '200', 'content-length': '1903', 'content-location': 'http://10.0.2.15:8774/v2.1/1571126e9cb24dd0a7e96fa659252ea7/servers/5ab3da6c-39cc-49cc-9d80-7d5ce4b12b5e', 'x-compute-request-id': 'req-4ae017cd-8564-4add-a426-4e49943c4c14', 'vary': 'X-OpenStack-Nova-API-Version', 'connection': 'close', 'x-openstack-nova-api-version': '2.1', 'date': 'Wed, 06 Jan 2016 03:58:39 GMT', 'content-type': 'application/json'}
        Body: {"server": {"status": "ACTIVE", "updated": "2016-01-06T03:58:38Z", "hostId": "cd5fdee2e74493d2569f30a41a445b884fe6318b3ea5464ea59263c5", "addresses": {"tempest-network-smoke--2138077684": [{"OS-EXT-IPS-MAC:mac_addr": "fa:16:3e:d5:4e:64", "version": 6, "addr": "2003::f816:3eff:fed5:4e64", "OS-EXT-IPS:type": "fixed"}, {"OS-EXT-IPS-MAC:mac_addr": "fa:16:3e:d5:4e:64", "version": 4, "addr": "10.100.0.3", "OS-EXT-IPS:type": "fixed"}, {"OS-EXT-IPS-MAC:mac_addr": "fa:16:3e:d5:4e:64", "version": 4, "addr": "172.24.4.4", "OS-EXT-IPS:type": "floating"}]}, "links": [{"href": "http://10.0.2.15:8774/v2.1/1571126e9cb24dd0a7e96fa659252ea7/servers/5ab3da6c-39cc-49cc-9d80-7d5ce4b12b5e", "rel": "self"}, {"href": "http://10.0.2.15:8774/1571126e9cb24dd0a7e96fa659252ea7/servers/5ab3da6c-39cc-49cc-9d80-7d5ce4b12b5e", "rel": "bookmark"}], "key_name": "tempest-TestGettingAddress-956131446", "image": {"id": "7e0676c9-7e05-418a-bcdd-6f4454e0eb36", "links": [{"href": "http://10.0.2.15:8774/1571126e9cb24dd0a7e96fa659252ea7/images/7e0676c9-7e05-418a-bcdd-6f4454e0eb36", "rel": "bookmark"}]}, "OS-EXT-STS:task_state": "deleting", "OS-EXT-STS:vm_state": "active", "OS-SRV-USG:launched_at": "2016-01-06T03:55:04.000000", "flavor": {"id": "42", "links": [{"href": "http://10.0.2.15:8774/1571126e9cb24dd0a7e96fa659252ea7/flavors/42", "rel": "bookmark"}]}, "id": "5ab3da6c-39cc-49cc-9d80-7d5ce4b12b5e", "security_groups": [{"name": "tempest-secgroup-smoke-882376539"}], "OS-SRV-USG:terminated_at": null, "OS-EXT-AZ:availability_zone": "nova", "user_id": "d12d7851e3244cc9bde2b04fbf19e69a", "name": "tempest.common.compute-instance-1480560403", "created": "2016-01-06T03:54:59Z", "tenant_id": "1571126e9cb24dd0a7e96fa659252ea7", "OS-DCF:diskConfig": "MANUAL", "os-extended-volumes:volumes_attached": [], "accessIPv4": "", "accessIPv6": "", "progress": 0, "OS-EXT-STS:power_state": 1, "config_drive": "True", "metadata": {}}}
2016-01-06 03:58:40,541 6001 INFO     [tempest_lib.common.rest_client] Request (TestGettingAddress:_run_cleanups): 200 GET http://10.0.2.15:8774/v2.1/1571126e9cb24dd0a7e96fa659252ea7/servers/5ab3da6c-39cc-49cc-9d80-7d5ce4b12b5e 0.345s
2016-01-06 03:58:40,542 6001 DEBUG    [tempest_lib.common.rest_client] Request - Headers: {'Content-Type': 'application/json', 'Accept': 'application/json', 'X-Auth-Token': '&lt;omitted&gt;'}
        Body: None
    Response - Headers: {'status': '200', 'content-length': '1444', 'content-location': 'http://10.0.2.15:8774/v2.1/1571126e9cb24dd0a7e96fa659252ea7/servers/5ab3da6c-39cc-49cc-9d80-7d5ce4b12b5e', 'x-compute-request-id': 'req-7ef816d6-68b4-4678-9ddb-2c2bcbba5b9c', 'vary': 'X-OpenStack-Nova-API-Version', 'connection': 'close', 'x-openstack-nova-api-version': '2.1', 'date': 'Wed, 06 Jan 2016 03:58:40 GMT', 'content-type': 'application/json'}
        Body: {"server": {"status": "DELETED", "updated": "2016-01-06T03:58:40Z", "hostId": "cd5fdee2e74493d2569f30a41a445b884fe6318b3ea5464ea59263c5", "addresses": {}, "links": [{"href": "http://10.0.2.15:8774/v2.1/1571126e9cb24dd0a7e96fa659252ea7/servers/5ab3da6c-39cc-49cc-9d80-7d5ce4b12b5e", "rel": "self"}, {"href": "http://10.0.2.15:8774/1571126e9cb24dd0a7e96fa659252ea7/servers/5ab3da6c-39cc-49cc-9d80-7d5ce4b12b5e", "rel": "bookmark"}], "key_name": "tempest-TestGettingAddress-956131446", "image": {"id": "7e0676c9-7e05-418a-bcdd-6f4454e0eb36", "links": [{"href": "http://10.0.2.15:8774/1571126e9cb24dd0a7e96fa659252ea7/images/7e0676c9-7e05-418a-bcdd-6f4454e0eb36", "rel": "bookmark"}]}, "OS-EXT-STS:task_state": null, "OS-EXT-STS:vm_state": "deleted", "OS-SRV-USG:launched_at": "2016-01-06T03:55:04.000000", "flavor": {"id": "42", "links": [{"href": "http://10.0.2.15:8774/1571126e9cb24dd0a7e96fa659252ea7/flavors/42", "rel": "bookmark"}]}, "id": "5ab3da6c-39cc-49cc-9d80-7d5ce4b12b5e", "OS-SRV-USG:terminated_at": "2016-01-06T03:58:40.000000", "OS-EXT-AZ:availability_zone": "nova", "user_id": "d12d7851e3244cc9bde2b04fbf19e69a", "name": "tempest.common.compute-instance-1480560403", "created": "2016-01-06T03:54:59Z", "tenant_id": "1571126e9cb24dd0a7e96fa659252ea7", "OS-DCF:diskConfig": "MANUAL", "os-extended-volumes:volumes_attached": [], "accessIPv4": "", "accessIPv6": "", "OS-EXT-STS:power_state": 0, "config_drive": "True", "metadata": {}}}
2016-01-06 03:58:41,636 6001 INFO     [tempest_lib.common.rest_client] Request (TestGettingAddress:_run_cleanups): 404 GET http://10.0.2.15:8774/v2.1/1571126e9cb24dd0a7e96fa659252ea7/servers/5ab3da6c-39cc-49cc-9d80-7d5ce4b12b5e 0.082s
2016-01-06 03:58:41,636 6001 DEBUG    [tempest_lib.common.rest_client] Request - Headers: {'Content-Type': 'application/json', 'Accept': 'application/json', 'X-Auth-Token': '&lt;omitted&gt;'}
        Body: None
    Response - Headers: {'status': '404', 'content-length': '111', 'x-compute-request-id': 'req-e65a670c-fddb-4a11-a966-5b43b2681e0c', 'vary': 'X-OpenStack-Nova-API-Version', 'connection': 'close', 'x-openstack-nova-api-version': '2.1', 'date': 'Wed, 06 Jan 2016 03:58:41 GMT', 'content-type': 'application/json; charset=UTF-8'}
        Body: {"itemNotFound": {"message": "Instance 5ab3da6c-39cc-49cc-9d80-7d5ce4b12b5e could not be found.", "code": 404}}
2016-01-06 03:58:42,176 6001 INFO     [tempest_lib.common.rest_client] Request (TestGettingAddress:_run_cleanups): 200 PUT http://10.0.2.15:9696/v2.0/routers/25d72b7c-8833-4fd1-b9da-990d044abf99/remove_router_interface 0.538s
2016-01-06 03:58:42,177 6001 DEBUG    [tempest_lib.common.rest_client] Request - Headers: {'Content-Type': 'application/json', 'Accept': 'application/json', 'X-Auth-Token': '&lt;omitted&gt;'}
        Body: {"subnet_id": "822acc6c-06d2-4c67-b968-1e9665e89460"}
    Response - Headers: {'status': '200', 'content-length': '255', 'connection': 'close', 'date': 'Wed, 06 Jan 2016 03:58:42 GMT', 'content-type': 'application/json; charset=UTF-8', 'x-openstack-request-id': 'req-0d18b989-7b2d-4f58-93ab-f1df86bacdc0'}
