<?xml version="1.0" encoding="UTF-8"?>
<!DOCTYPE html PUBLIC "-//W3C//DTD XHTML 1.0 Strict//EN"
     "http://www.w3.org/TR/xhtml1/DTD/xhtml1-strict.dtd">
<html xmlns="http://www.w3.org/1999/xhtml">
<head>
    <title>Unit Test Report</title>
    <meta name="generator" content="subunit2html 0.1"/>
    <meta http-equiv="Content-Type" content="text/html; charset=UTF-8"/>
    
<style type="text/css" media="screen">
body        { font-family: verdana, arial, helvetica, sans-serif;
    font-size: 80%; }
table       { font-size: 100%; width: 100%;}
pre         { font-size: 80%; }

/* -- heading -------------------------------------------------------------- */
h1 {
        font-size: 16pt;
        color: gray;
}
.heading {
    margin-top: 0ex;
    margin-bottom: 1ex;
}

.heading .attribute {
    margin-top: 1ex;
    margin-bottom: 0;
}

.heading .description {
    margin-top: 4ex;
    margin-bottom: 6ex;
}

/* -- css div popup -------------------------------------------------------- */
a.popup_link {
}

a.popup_link:hover {
    color: red;
}

.popup_window {
    display: none;
    overflow-x: scroll;
    /*border: solid #627173 1px; */
    padding: 10px;
    background-color: #E6E6D6;
    font-family: "Ubuntu Mono", "Lucida Console", "Courier New", monospace;
    text-align: left;
    font-size: 8pt;
}

}
/* -- report --------------------------------------------------------------- */
#show_detail_line {
    margin-top: 3ex;
    margin-bottom: 1ex;
}
#result_table {
    width: 100%;
    border-collapse: collapse;
    border: 1px solid #777;
}
#header_row {
    font-weight: bold;
    color: white;
    background-color: #777;
}
#result_table td {
    border: 1px solid #777;
    padding: 2px;
}
#total_row  { font-weight: bold; }
.passClass  { background-color: #6c6; }
.failClass  { background-color: #c60; }
.errorClass { background-color: #c00; }
.passCase   { color: #6c6; }
.failCase   { color: #c60; font-weight: bold; }
.errorCase  { color: #c00; font-weight: bold; }
.hiddenRow  { display: none; }
.testcase   { margin-left: 2em; }
td.testname {width: 40%}
td.small {width: 40px}

/* -- ending --------------------------------------------------------------- */
#ending {
}

</style>

</head>
<body>
<script language="javascript" type="text/javascript"><!--
output_list = Array();

/* level - 0:Summary; 1:Failed; 2:All */
function showCase(level) {
    trs = document.getElementsByTagName("tr");
    for (var i = 0; i < trs.length; i++) {
        tr = trs[i];
        id = tr.id;
        if (id.substr(0,2) == 'ft') {
            if (level < 1) {
                tr.className = 'hiddenRow';
            }
            else {
                tr.className = '';
            }
        }
        if (id.substr(0,2) == 'pt') {
            if (level > 1) {
                tr.className = '';
            }
            else {
                tr.className = 'hiddenRow';
            }
        }
    }
}


function showClassDetail(cid, count) {
    var id_list = Array(count);
    var toHide = 1;
    for (var i = 0; i < count; i++) {
        tid0 = 't' + cid.substr(1) + '.' + (i+1);
        tid = 'f' + tid0;
        tr = document.getElementById(tid);
        if (!tr) {
            tid = 'p' + tid0;
            tr = document.getElementById(tid);
        }
        id_list[i] = tid;
        if (tr.className) {
            toHide = 0;
        }
    }
    for (var i = 0; i < count; i++) {
        tid = id_list[i];
        if (toHide) {
            document.getElementById('div_'+tid).style.display = 'none'
            document.getElementById(tid).className = 'hiddenRow';
        }
        else {
            document.getElementById(tid).className = '';
        }
    }
}


function showTestDetail(div_id){
    var details_div = document.getElementById(div_id)
    var displayState = details_div.style.display
    // alert(displayState)
    if (displayState != 'block' ) {
        displayState = 'block'
        details_div.style.display = 'block'
    }
    else {
        details_div.style.display = 'none'
    }
}


function html_escape(s) {
    s = s.replace(/&/g,'&amp;');
    s = s.replace(/</g,'&lt;');
    s = s.replace(/>/g,'&gt;');
    return s;
}

/* obsoleted by detail in <div>
function showOutput(id, name) {
    var w = window.open("", //url
                    name,
                    "resizable,scrollbars,status,width=800,height=450");
    d = w.document;
    d.write("<pre>");
    d.write(html_escape(output_list[id]));
    d.write("\n");
    d.write("<a href='javascript:window.close()'>close</a>\n");
    d.write("</pre>\n");
    d.close();
}
*/
--></script>

<div class='heading'>
<h1>Unit Test Report</h1>

<p class='attribute'><strong>Status:</strong> Failure 8</p>

<p class='description'></p>
</div>



<p id='show_detail_line'>Show
<a href='javascript:showCase(0)'>Summary</a>
<a href='javascript:showCase(1)'>Failed</a>
<a href='javascript:showCase(2)'>All</a>
</p>
<table id='result_table'>
<colgroup>
<col align='left' />
<col align='right' />
<col align='right' />
<col align='right' />
<col align='right' />
<col align='right' />
<col align='right' />
<col align='right' />
</colgroup>
<tr id='header_row'>
    <td>Test Group/Test case</td>
    <td>Count</td>
    <td>Pass</td>
    <td>Fail</td>
    <td>Error</td>
    <td>Skip</td>
    <td>View</td>
    <td> </td>
</tr>

<tr class='failClass'>
    <td class="testname">tempest.scenario.test_network_v6.TestGettingAddress</td>
    <td class="small">8</td>
    <td class="small">0</td>
    <td class="small">8</td>
    <td class="small">0</td>
    <td class="small">0</td>
    <td class="small"><a href="javascript:showClassDetail('c1',8)"
>Detail</a></td>
    <td> </td>
</tr>

<tr id='ft1.1' class='none'>
    <td class='failCase'><div class='testcase'>test_dhcp6_stateless_from_os[compute,id-d7e1f858-187c-45a6-89c9-bdafde619a9f,network]</div></td>
    <td colspan='7' align='left'>

    <!--css div popup start-->
    <a class="popup_link" onfocus='this.blur();'
    href="javascript:showTestDetail('div_ft1.1')" >
        fail</a>

    <div id='div_ft1.1' class="popup_window">
        <div style='text-align: right; color:red;cursor:pointer'>
        <a onfocus='this.blur();'
onclick="document.getElementById('div_ft1.1').style.display = 'none' " >
           [x]</a>
        </div>
        <pre>
        
ft1.1: tempest.scenario.test_network_v6.TestGettingAddress.test_dhcp6_stateless_from_os[compute,id-d7e1f858-187c-45a6-89c9-bdafde619a9f,network]_StringException: Empty attachments:
  stderr
  stdout

pythonlogging:'': {{{
2015-12-06 01:23:40,816 20313 INFO     [tempest_lib.common.rest_client] Request (TestGettingAddress:setUp): 200 POST http://10.0.2.15:8774/v2.1/43a098b4bd4845eba9366236c3ff54c4/os-keypairs 0.385s
2015-12-06 01:23:40,816 20313 DEBUG    [tempest_lib.common.rest_client] Request - Headers: {'Content-Type': 'application/json', 'Accept': 'application/json', 'X-Auth-Token': '&lt;omitted&gt;'}
        Body: {"keypair": {"name": "tempest-TestGettingAddress-13690057"}}
    Response - Headers: {'status': '200', 'content-length': '2322', 'x-compute-request-id': 'req-3e71e5e7-b71a-4784-9f31-5930f61a17df', 'vary': 'X-OpenStack-Nova-API-Version', 'connection': 'close', 'x-openstack-nova-api-version': '2.1', 'date': 'Sun, 06 Dec 2015 01:23:40 GMT', 'content-type': 'application/json'}
        Body: {"keypair": {"public_key": "ssh-rsa AAAAB3NzaC1yc2EAAAADAQABAAABAQDH5AYfZLZr1i3zJpvMtr76rMLoOXfjYqWAk4vQJOgXHFLb0Hf0Bu/1p6thI/rvlYPE2fqfmk27rxC8uv10+rFEsF2lRNzm4KyA47bxqtXKk+SDE0G3bJODA18KH5BubCBFmso2QPXhJhf/0uN0jM8tP940uEvVRuPJlJoHtBjdZXBXkCPaYxCD7qKg6ZNzBD8LdiCexQKWlagQxPUMwnz1dZMbHnkxvAlnqTM+3NHy+FTGr5CiX6SvqpxNcEjeOn/lWV/bw29F4jM6BZEPTjFzMpmZsERX+x3plGX3EjB+xD2ePL/ziVZycoMrWl8EYC+gnq6A8TQnb082bdqOkTmz Generated-by-Nova", "private_key": "-----BEGIN RSA PRIVATE KEY-----\nMIIEqgIBAAKCAQEAx+QGH2S2a9Yt8yabzLa++qzC6Dl342KlgJOL0CToFxxS29B3\n9Abv9aerYSP675WDxNn6n5pNu68QvLr9dPqxRLBdpUTc5uCsgOO28arVypPkgxNB\nt2yTgwNfCh+QbmwgRZrKNkD14SYX/9LjdIzPLT/eNLhL1UbjyZSaB7QY3WVwV5Aj\n2mMQg+6ioOmTcwQ/C3YgnsUClpWoEMT1DMJ89XWTGx55MbwJZ6kzPtzR8vhUxq+Q\nol+kr6qcTXBI3jp/5Vlf28NvReIzOgWRD04xczKZmbBEV/sd6ZRl9xIwfsQ9njy/\n84lWcnKDK1pfBGAvoJ6ugPE0J29PNm3ajpE5swIDAQABAoIBAQCO1WOCn0ay+9LN\nwrLlr1f8a+LCaf4/H0g//i6TxyuJCBY1OFvepe5lzS/rM/ilpmMIEPLDhVEyYcBF\n/CAMrO5qtNPVusVWvQjG+PDK81XdcZyCBQqadR1bKteItlFQdjcBRcBk0DpibgQM\nK7eYmt2X6eFwLpkRh5xReLwv8QMrf4MtGpX0b/WDe8Id+i5PWZGdKeeWwwVbxDbX\nWNM6Cq4L/IClotfVEGWOhjFoGoc2eHKKVcDct5uupBYfAnJBbUqqF+8iTbUBVAEi\nuFhwGedvrb7hn1jzkn5gk/bxo+KVlLd11qkSpU0daR+97dsq73qRDRgcMLY0j76b\nyCX6geqRAoIAgQDaLKEdRjmXRiF/s5Q9eePizlWRTa17NBGqbAJ8zHMxvD/ue18o\nu+aT0ILwjn4axa93nlt1y4S5Zd9B07p7BgfYuK5Eeui3kRYvTA0bklBBBeiV+HNY\n+HetvPj8JrtiB4v7gM8nPN4dyYnuR2JCw/s8hmHE18e3i8SWexyrV+OppwKCAIEA\n6ovmtfDrX537/LpiF+AXEqH6MPW98+n9oT0oqKtg805n69S4peGwL06ZLeoQjBKq\nCxKR50lun7pR2VlKTWQ4qm+ZEkqk/u4dLjyoyyh3PsEePuQam6eFs511Esbume9N\ncOfmEGcVlJfGYyZYu02IT2iFb96IhAC7uiqia0x1GRUCggCAaj7vmtz28McTSyf9\nmc6A/pNyshb805GwxKhisbmyo1bEX3OvDJwslnElQtZxbMI2R+9TJNMeaFbG2Tyt\nhHmUWqLdIrYkHDjIb/H+NB4VfQTOljHuojYlufLb4ZdPC1cXgTviJX6LwD/ELsiO\nfmsILxpWBFD8jlK/QnTjqkFbueMCggCBAOQlw/y05e+zmHskvehlhWwNfXYEhIpv\n0NP3zsYLNppVaUcAO8C4AQ5zURNVfFUUjq2Imb42MtJShe17KoiPdYNsXKRrUYXd\nDyt7u+EqcpvrdEVO0wcX9Dlcb5YdRdkc6uJp4OORsm9BF6w4j9VaPL6peCrydy6Y\nHAOiFy1ySPFlAoIAgQDVi3gyS2wm+41+PHwZr8sypXHT4x0gDvPAyogy4r9QcOvj\ni97NYECUppmCuUuUhAYSrwwqVx2+88emKv4wkSClxutmX+WG3rodoG3wD2EQI9w1\nvMSEaPRI4pOSB/5tQfm/fX/FpEa41lImQcjWppR2JH+axojwJMtsD6dDg79YDQ==\n-----END RSA PRIVATE KEY-----\n", "user_id": "cb3d98f2440c47c095a1afc92802cabc", "name": "tempest-TestGettingAddress-13690057", "fingerprint": "8f:3e:3d:f4:35:8f:c6:23:67:5d:c6:d8:c1:91:2e:9b"}}
2015-12-06 01:23:41,168 20313 INFO     [tempest_lib.common.rest_client] Request (TestGettingAddress:setUp): 201 POST http://10.0.2.15:9696/v2.0/security-groups 0.346s
2015-12-06 01:23:41,168 20313 DEBUG    [tempest_lib.common.rest_client] Request - Headers: {'Content-Type': 'application/json', 'Accept': 'application/json', 'X-Auth-Token': '&lt;omitted&gt;'}
        Body: {"security_group": {"tenant_id": "43a098b4bd4845eba9366236c3ff54c4", "description": "tempest-secgroup-smoke-1959803506 description", "name": "tempest-secgroup-smoke-1959803506"}}
    Response - Headers: {'status': '201', 'content-length': '888', 'connection': 'close', 'date': 'Sun, 06 Dec 2015 01:23:41 GMT', 'content-type': 'application/json; charset=UTF-8', 'x-openstack-request-id': 'req-0992db01-506f-4821-91eb-b3e27c54d821'}
        Body: {"security_group": {"tenant_id": "43a098b4bd4845eba9366236c3ff54c4", "description": "tempest-secgroup-smoke-1959803506 description", "id": "618b2fb5-7ea6-4c1d-adea-e434de957859", "security_group_rules": [{"remote_group_id": null, "direction": "egress", "remote_ip_prefix": null, "protocol": null, "ethertype": "IPv4", "tenant_id": "43a098b4bd4845eba9366236c3ff54c4", "port_range_max": null, "port_range_min": null, "id": "b0e55f68-418c-4ae9-a1b0-79ed4dc1c304", "security_group_id": "618b2fb5-7ea6-4c1d-adea-e434de957859"}, {"remote_group_id": null, "direction": "egress", "remote_ip_prefix": null, "protocol": null, "ethertype": "IPv6", "tenant_id": "43a098b4bd4845eba9366236c3ff54c4", "port_range_max": null, "port_range_min": null, "id": "ab73f49d-5ff0-4d6e-952b-3cce95e47afb", "security_group_id": "618b2fb5-7ea6-4c1d-adea-e434de957859"}], "name": "tempest-secgroup-smoke-1959803506"}}
2015-12-06 01:23:41,279 20313 INFO     [tempest_lib.common.rest_client] Request (TestGettingAddress:setUp): 201 POST http://10.0.2.15:9696/v2.0/security-group-rules 0.109s
2015-12-06 01:23:41,279 20313 DEBUG    [tempest_lib.common.rest_client] Request - Headers: {'Content-Type': 'application/json', 'Accept': 'application/json', 'X-Auth-Token': '&lt;omitted&gt;'}
        Body: {"security_group_rule": {"direction": "ingress", "protocol": "tcp", "tenant_id": "43a098b4bd4845eba9366236c3ff54c4", "port_range_max": 22, "security_group_id": "618b2fb5-7ea6-4c1d-adea-e434de957859", "port_range_min": 22}}
    Response - Headers: {'status': '201', 'content-length': '340', 'connection': 'close', 'date': 'Sun, 06 Dec 2015 01:23:41 GMT', 'content-type': 'application/json; charset=UTF-8', 'x-openstack-request-id': 'req-7f643f0d-4f06-4cda-a3f7-2ec983221fdf'}
        Body: {"security_group_rule": {"remote_group_id": null, "direction": "ingress", "remote_ip_prefix": null, "protocol": "tcp", "ethertype": "IPv4", "tenant_id": "43a098b4bd4845eba9366236c3ff54c4", "port_range_max": 22, "port_range_min": 22, "id": "7109fb7b-7893-43ff-93ea-19c01a138524", "security_group_id": "618b2fb5-7ea6-4c1d-adea-e434de957859"}}
2015-12-06 01:23:41,537 20313 INFO     [tempest_lib.common.rest_client] Request (TestGettingAddress:setUp): 201 POST http://10.0.2.15:9696/v2.0/security-group-rules 0.257s
2015-12-06 01:23:41,537 20313 DEBUG    [tempest_lib.common.rest_client] Request - Headers: {'Content-Type': 'application/json', 'Accept': 'application/json', 'X-Auth-Token': '&lt;omitted&gt;'}
        Body: {"security_group_rule": {"direction": "egress", "protocol": "tcp", "tenant_id": "43a098b4bd4845eba9366236c3ff54c4", "port_range_max": 22, "security_group_id": "618b2fb5-7ea6-4c1d-adea-e434de957859", "port_range_min": 22}}
    Response - Headers: {'status': '201', 'content-length': '339', 'connection': 'close', 'date': 'Sun, 06 Dec 2015 01:23:41 GMT', 'content-type': 'application/json; charset=UTF-8', 'x-openstack-request-id': 'req-b71efb69-a6fa-43ba-85df-c2441082a02a'}
        Body: {"security_group_rule": {"remote_group_id": null, "direction": "egress", "remote_ip_prefix": null, "protocol": "tcp", "ethertype": "IPv4", "tenant_id": "43a098b4bd4845eba9366236c3ff54c4", "port_range_max": 22, "port_range_min": 22, "id": "f291ff70-f446-409f-8df7-6bee0e4237e9", "security_group_id": "618b2fb5-7ea6-4c1d-adea-e434de957859"}}
2015-12-06 01:23:41,662 20313 INFO     [tempest_lib.common.rest_client] Request (TestGettingAddress:setUp): 201 POST http://10.0.2.15:9696/v2.0/security-group-rules 0.123s
2015-12-06 01:23:41,664 20313 DEBUG    [tempest_lib.common.rest_client] Request - Headers: {'Content-Type': 'application/json', 'Accept': 'application/json', 'X-Auth-Token': '&lt;omitted&gt;'}
        Body: {"security_group_rule": {"tenant_id": "43a098b4bd4845eba9366236c3ff54c4", "direction": "ingress", "protocol": "icmp", "security_group_id": "618b2fb5-7ea6-4c1d-adea-e434de957859"}}
    Response - Headers: {'status': '201', 'content-length': '345', 'connection': 'close', 'date': 'Sun, 06 Dec 2015 01:23:41 GMT', 'content-type': 'application/json; charset=UTF-8', 'x-openstack-request-id': 'req-ae3b03b9-9d9c-4c7d-b88f-4675e0f1e800'}
        Body: {"security_group_rule": {"remote_group_id": null, "direction": "ingress", "remote_ip_prefix": null, "protocol": "icmp", "ethertype": "IPv4", "tenant_id": "43a098b4bd4845eba9366236c3ff54c4", "port_range_max": null, "port_range_min": null, "id": "6e086150-2394-47d2-b4c8-7176617354d2", "security_group_id": "618b2fb5-7ea6-4c1d-adea-e434de957859"}}
2015-12-06 01:23:41,787 20313 INFO     [tempest_lib.common.rest_client] Request (TestGettingAddress:setUp): 201 POST http://10.0.2.15:9696/v2.0/security-group-rules 0.122s
2015-12-06 01:23:41,788 20313 DEBUG    [tempest_lib.common.rest_client] Request - Headers: {'Content-Type': 'application/json', 'Accept': 'application/json', 'X-Auth-Token': '&lt;omitted&gt;'}
        Body: {"security_group_rule": {"tenant_id": "43a098b4bd4845eba9366236c3ff54c4", "direction": "egress", "protocol": "icmp", "security_group_id": "618b2fb5-7ea6-4c1d-adea-e434de957859"}}
    Response - Headers: {'status': '201', 'content-length': '344', 'connection': 'close', 'date': 'Sun, 06 Dec 2015 01:23:41 GMT', 'content-type': 'application/json; charset=UTF-8', 'x-openstack-request-id': 'req-afb942fa-8a58-4540-a793-95515794fa2b'}
        Body: {"security_group_rule": {"remote_group_id": null, "direction": "egress", "remote_ip_prefix": null, "protocol": "icmp", "ethertype": "IPv4", "tenant_id": "43a098b4bd4845eba9366236c3ff54c4", "port_range_max": null, "port_range_min": null, "id": "ed432510-26d3-4fdd-a8ec-cccdfdb37f91", "security_group_id": "618b2fb5-7ea6-4c1d-adea-e434de957859"}}
2015-12-06 01:23:41,921 20313 INFO     [tempest_lib.common.rest_client] Request (TestGettingAddress:setUp): 201 POST http://10.0.2.15:9696/v2.0/security-group-rules 0.132s
2015-12-06 01:23:41,921 20313 DEBUG    [tempest_lib.common.rest_client] Request - Headers: {'Content-Type': 'application/json', 'Accept': 'application/json', 'X-Auth-Token': '&lt;omitted&gt;'}
        Body: {"security_group_rule": {"tenant_id": "43a098b4bd4845eba9366236c3ff54c4", "direction": "ingress", "security_group_id": "618b2fb5-7ea6-4c1d-adea-e434de957859", "protocol": "icmp", "ethertype": "IPv6"}}
    Response - Headers: {'status': '201', 'content-length': '345', 'connection': 'close', 'date': 'Sun, 06 Dec 2015 01:23:41 GMT', 'content-type': 'application/json; charset=UTF-8', 'x-openstack-request-id': 'req-9ed0632a-2935-46ef-9198-52aa15c120d9'}
        Body: {"security_group_rule": {"remote_group_id": null, "direction": "ingress", "remote_ip_prefix": null, "protocol": "icmp", "ethertype": "IPv6", "tenant_id": "43a098b4bd4845eba9366236c3ff54c4", "port_range_max": null, "port_range_min": null, "id": "55bd9775-64ac-46d2-9f90-200ad240ea79", "security_group_id": "618b2fb5-7ea6-4c1d-adea-e434de957859"}}
2015-12-06 01:23:42,054 20313 INFO     [tempest_lib.common.rest_client] Request (TestGettingAddress:setUp): 201 POST http://10.0.2.15:9696/v2.0/security-group-rules 0.132s
2015-12-06 01:23:42,055 20313 DEBUG    [tempest_lib.common.rest_client] Request - Headers: {'Content-Type': 'application/json', 'Accept': 'application/json', 'X-Auth-Token': '&lt;omitted&gt;'}
        Body: {"security_group_rule": {"tenant_id": "43a098b4bd4845eba9366236c3ff54c4", "direction": "egress", "security_group_id": "618b2fb5-7ea6-4c1d-adea-e434de957859", "protocol": "icmp", "ethertype": "IPv6"}}
    Response - Headers: {'status': '201', 'content-length': '344', 'connection': 'close', 'date': 'Sun, 06 Dec 2015 01:23:42 GMT', 'content-type': 'application/json; charset=UTF-8', 'x-openstack-request-id': 'req-f70ac8dc-29b1-4bbe-8cfe-a7a8d8eec270'}
        Body: {"security_group_rule": {"remote_group_id": null, "direction": "egress", "remote_ip_prefix": null, "protocol": "icmp", "ethertype": "IPv6", "tenant_id": "43a098b4bd4845eba9366236c3ff54c4", "port_range_max": null, "port_range_min": null, "id": "5bb56a4e-aee3-4a8e-9e6a-860b11605311", "security_group_id": "618b2fb5-7ea6-4c1d-adea-e434de957859"}}
2015-12-06 01:23:42,240 20313 INFO     [tempest_lib.common.rest_client] Request (TestGettingAddress:test_dhcp6_stateless_from_os): 201 POST http://10.0.2.15:9696/v2.0/networks 0.182s
2015-12-06 01:23:42,240 20313 DEBUG    [tempest_lib.common.rest_client] Request - Headers: {'Content-Type': 'application/json', 'Accept': 'application/json', 'X-Auth-Token': '&lt;omitted&gt;'}
        Body: {"network": {"tenant_id": "43a098b4bd4845eba9366236c3ff54c4", "name": "tempest-network-smoke--1338054747"}}
    Response - Headers: {'status': '201', 'content-length': '329', 'connection': 'close', 'date': 'Sun, 06 Dec 2015 01:23:42 GMT', 'content-type': 'application/json; charset=UTF-8', 'x-openstack-request-id': 'req-ebcd25b1-cf5d-4405-ab3f-cf1093cf612a'}
        Body: {"network": {"status": "ACTIVE", "subnets": [], "availability_zone_hints": "[]", "name": "tempest-network-smoke--1338054747", "admin_state_up": true, "tenant_id": "43a098b4bd4845eba9366236c3ff54c4", "mtu": 0, "router:external": false, "shared": false, "port_security_enabled": true, "id": "9aa56a0f-3a02-4b22-8672-952d727e2cf6"}}
2015-12-06 01:23:42,419 20313 INFO     [tempest_lib.common.rest_client] Request (TestGettingAddress:test_dhcp6_stateless_from_os): 200 GET http://10.0.2.15:9696/v2.0/subnets?tenant_id=43a098b4bd4845eba9366236c3ff54c4&amp;cidr=10.100.0.0%2F28 0.176s
2015-12-06 01:23:42,420 20313 DEBUG    [tempest_lib.common.rest_client] Request - Headers: {'Content-Type': 'application/json', 'Accept': 'application/json', 'X-Auth-Token': '&lt;omitted&gt;'}
        Body: None
    Response - Headers: {'status': '200', 'content-length': '15', 'content-location': 'http://10.0.2.15:9696/v2.0/subnets?tenant_id=43a098b4bd4845eba9366236c3ff54c4&amp;cidr=10.100.0.0%2F28', 'connection': 'close', 'date': 'Sun, 06 Dec 2015 01:23:42 GMT', 'content-type': 'application/json; charset=UTF-8', 'x-openstack-request-id': 'req-28676a47-a7c5-4e4a-ba91-6a8522c84b12'}
        Body: {"subnets": []}
2015-12-06 01:23:42,887 20313 INFO     [tempest_lib.common.rest_client] Request (TestGettingAddress:test_dhcp6_stateless_from_os): 201 POST http://10.0.2.15:9696/v2.0/subnets 0.466s
2015-12-06 01:23:42,887 20313 DEBUG    [tempest_lib.common.rest_client] Request - Headers: {'Content-Type': 'application/json', 'Accept': 'application/json', 'X-Auth-Token': '&lt;omitted&gt;'}
        Body: {"subnet": {"ip_version": 4, "tenant_id": "43a098b4bd4845eba9366236c3ff54c4", "cidr": "10.100.0.0/28", "network_id": "9aa56a0f-3a02-4b22-8672-952d727e2cf6", "name": "tempest-sub4-1089209853"}}
    Response - Headers: {'status': '201', 'content-length': '470', 'connection': 'close', 'date': 'Sun, 06 Dec 2015 01:23:42 GMT', 'content-type': 'application/json; charset=UTF-8', 'x-openstack-request-id': 'req-10c7f194-9691-4e58-99b8-99e876b0f4f8'}
        Body: {"subnet": {"name": "tempest-sub4-1089209853", "enable_dhcp": true, "network_id": "9aa56a0f-3a02-4b22-8672-952d727e2cf6", "tenant_id": "43a098b4bd4845eba9366236c3ff54c4", "dns_nameservers": [], "gateway_ip": "10.100.0.1", "ipv6_ra_mode": null, "allocation_pools": [{"start": "10.100.0.2", "end": "10.100.0.14"}], "host_routes": [], "ip_version": 4, "ipv6_address_mode": null, "cidr": "10.100.0.0/28", "id": "36c77b2e-f493-4131-a31e-6bf4923a6585", "subnetpool_id": null}}
2015-12-06 01:23:42,958 20313 INFO     [tempest_lib.common.rest_client] Request (TestGettingAddress:test_dhcp6_stateless_from_os): 201 POST http://10.0.2.15:9696/v2.0/routers 0.069s
2015-12-06 01:23:42,958 20313 DEBUG    [tempest_lib.common.rest_client] Request - Headers: {'Content-Type': 'application/json', 'Accept': 'application/json', 'X-Auth-Token': '&lt;omitted&gt;'}
        Body: {"router": {"tenant_id": "43a098b4bd4845eba9366236c3ff54c4", "name": "tempest-router-smoke-1347142929", "admin_state_up": true}}
    Response - Headers: {'status': '201', 'content-length': '296', 'connection': 'close', 'date': 'Sun, 06 Dec 2015 01:23:42 GMT', 'content-type': 'application/json; charset=UTF-8', 'x-openstack-request-id': 'req-f168193d-7286-4af2-8946-be6987976884'}
        Body: {"router": {"status": "ACTIVE", "external_gateway_info": null, "availability_zone_hints": [], "availability_zones": [], "name": "tempest-router-smoke-1347142929", "admin_state_up": true, "tenant_id": "43a098b4bd4845eba9366236c3ff54c4", "routes": [], "id": "1f9768c7-5c07-4ef0-ac49-42252bbf0764"}}
2015-12-06 01:23:43,007 20313 INFO     [tempest_lib.common.rest_client] Request (TestGettingAddress:test_dhcp6_stateless_from_os): 200 GET http://10.0.2.15:9696/v2.0/routers/1f9768c7-5c07-4ef0-ac49-42252bbf0764 0.048s
2015-12-06 01:23:43,007 20313 DEBUG    [tempest_lib.common.rest_client] Request - Headers: {'Content-Type': 'application/json', 'Accept': 'application/json', 'X-Auth-Token': '&lt;omitted&gt;'}
        Body: None
    Response - Headers: {'status': '200', 'content-length': '296', 'content-location': 'http://10.0.2.15:9696/v2.0/routers/1f9768c7-5c07-4ef0-ac49-42252bbf0764', 'connection': 'close', 'date': 'Sun, 06 Dec 2015 01:23:43 GMT', 'content-type': 'application/json; charset=UTF-8', 'x-openstack-request-id': 'req-184fc789-a8a3-4dc2-8fba-0dc929288904'}
        Body: {"router": {"status": "ACTIVE", "external_gateway_info": null, "availability_zone_hints": [], "availability_zones": [], "name": "tempest-router-smoke-1347142929", "admin_state_up": true, "tenant_id": "43a098b4bd4845eba9366236c3ff54c4", "routes": [], "id": "1f9768c7-5c07-4ef0-ac49-42252bbf0764"}}
2015-12-06 01:23:43,695 20313 INFO     [tempest_lib.common.rest_client] Request (TestGettingAddress:test_dhcp6_stateless_from_os): 200 PUT http://10.0.2.15:9696/v2.0/routers/1f9768c7-5c07-4ef0-ac49-42252bbf0764 0.687s
2015-12-06 01:23:43,695 20313 DEBUG    [tempest_lib.common.rest_client] Request - Headers: {'Content-Type': 'application/json', 'Accept': 'application/json', 'X-Auth-Token': '&lt;omitted&gt;'}
        Body: {"router": {"external_gateway_info": {"network_id": "7fa2834a-9a8a-4e9c-8aa1-5eed1bf035da"}, "name": "tempest-router-smoke-1347142929", "admin_state_up": true}}
    Response - Headers: {'status': '200', 'content-length': '558', 'connection': 'close', 'date': 'Sun, 06 Dec 2015 01:23:43 GMT', 'content-type': 'application/json; charset=UTF-8', 'x-openstack-request-id': 'req-e391b626-82f9-48c2-bfef-5b6ff269b813'}
        Body: {"router": {"status": "ACTIVE", "external_gateway_info": {"network_id": "7fa2834a-9a8a-4e9c-8aa1-5eed1bf035da", "enable_snat": true, "external_fixed_ips": [{"subnet_id": "17e9f2b4-9c1a-409f-ab95-14132958f89d", "ip_address": "172.24.4.3"}, {"subnet_id": "52a2207b-a497-4621-84be-98cd21587e92", "ip_address": "2001:db8::3"}]}, "availability_zone_hints": [], "availability_zones": [], "name": "tempest-router-smoke-1347142929", "admin_state_up": true, "tenant_id": "43a098b4bd4845eba9366236c3ff54c4", "routes": [], "id": "1f9768c7-5c07-4ef0-ac49-42252bbf0764"}}
2015-12-06 01:23:44,378 20313 INFO     [tempest_lib.common.rest_client] Request (TestGettingAddress:test_dhcp6_stateless_from_os): 200 PUT http://10.0.2.15:9696/v2.0/routers/1f9768c7-5c07-4ef0-ac49-42252bbf0764/add_router_interface 0.682s
2015-12-06 01:23:44,378 20313 DEBUG    [tempest_lib.common.rest_client] Request - Headers: {'Content-Type': 'application/json', 'Accept': 'application/json', 'X-Auth-Token': '&lt;omitted&gt;'}
        Body: {"subnet_id": "36c77b2e-f493-4131-a31e-6bf4923a6585"}
    Response - Headers: {'status': '200', 'content-length': '255', 'connection': 'close', 'date': 'Sun, 06 Dec 2015 01:23:44 GMT', 'content-type': 'application/json; charset=UTF-8', 'x-openstack-request-id': 'req-568547a9-afbc-4c6c-b7c4-bd6deaa6b5b8'}
        Body: {"subnet_id": "36c77b2e-f493-4131-a31e-6bf4923a6585", "tenant_id": "43a098b4bd4845eba9366236c3ff54c4", "subnet_ids": ["36c77b2e-f493-4131-a31e-6bf4923a6585"], "port_id": "effdebb2-0713-4198-b6b1-a64d8b5a0e06", "id": "1f9768c7-5c07-4ef0-ac49-42252bbf0764"}
2015-12-06 01:23:44,417 20313 INFO     [tempest_lib.common.rest_client] Request (TestGettingAddress:test_dhcp6_stateless_from_os): 200 GET http://10.0.2.15:9696/v2.0/subnets?tenant_id=43a098b4bd4845eba9366236c3ff54c4&amp;cidr=2003%3A%3A%2F64 0.037s
2015-12-06 01:23:44,417 20313 DEBUG    [tempest_lib.common.rest_client] Request - Headers: {'Content-Type': 'application/json', 'Accept': 'application/json', 'X-Auth-Token': '&lt;omitted&gt;'}
        Body: None
    Response - Headers: {'status': '200', 'content-length': '15', 'content-location': 'http://10.0.2.15:9696/v2.0/subnets?tenant_id=43a098b4bd4845eba9366236c3ff54c4&amp;cidr=2003%3A%3A%2F64', 'connection': 'close', 'date': 'Sun, 06 Dec 2015 01:23:44 GMT', 'content-type': 'application/json; charset=UTF-8', 'x-openstack-request-id': 'req-64daefcd-c8dc-4503-8f41-b65a7becdbad'}
        Body: {"subnets": []}
2015-12-06 01:23:44,794 20313 INFO     [tempest_lib.common.rest_client] Request (TestGettingAddress:test_dhcp6_stateless_from_os): 201 POST http://10.0.2.15:9696/v2.0/subnets 0.376s
2015-12-06 01:23:44,794 20313 DEBUG    [tempest_lib.common.rest_client] Request - Headers: {'Content-Type': 'application/json', 'Accept': 'application/json', 'X-Auth-Token': '&lt;omitted&gt;'}
        Body: {"subnet": {"name": "tempest-sub6-2075560999", "network_id": "9aa56a0f-3a02-4b22-8672-952d727e2cf6", "tenant_id": "43a098b4bd4845eba9366236c3ff54c4", "ipv6_ra_mode": "dhcpv6-stateless", "ip_version": 6, "ipv6_address_mode": "dhcpv6-stateless", "cidr": "2003::/64"}}
    Response - Headers: {'status': '201', 'content-length': '502', 'connection': 'close', 'date': 'Sun, 06 Dec 2015 01:23:44 GMT', 'content-type': 'application/json; charset=UTF-8', 'x-openstack-request-id': 'req-ae16c5e0-bfc8-4003-8444-338932b339ef'}
        Body: {"subnet": {"name": "tempest-sub6-2075560999", "enable_dhcp": true, "network_id": "9aa56a0f-3a02-4b22-8672-952d727e2cf6", "tenant_id": "43a098b4bd4845eba9366236c3ff54c4", "dns_nameservers": [], "gateway_ip": "2003::1", "ipv6_ra_mode": "dhcpv6-stateless", "allocation_pools": [{"start": "2003::2", "end": "2003::ffff:ffff:ffff:ffff"}], "host_routes": [], "ip_version": 6, "ipv6_address_mode": "dhcpv6-stateless", "cidr": "2003::/64", "id": "122c4d35-d693-4039-b044-465f02a16751", "subnetpool_id": null}}
2015-12-06 01:23:45,456 20313 INFO     [tempest_lib.common.rest_client] Request (TestGettingAddress:test_dhcp6_stateless_from_os): 200 PUT http://10.0.2.15:9696/v2.0/routers/1f9768c7-5c07-4ef0-ac49-42252bbf0764/add_router_interface 0.661s
2015-12-06 01:23:45,456 20313 DEBUG    [tempest_lib.common.rest_client] Request - Headers: {'Content-Type': 'application/json', 'Accept': 'application/json', 'X-Auth-Token': '&lt;omitted&gt;'}
        Body: {"subnet_id": "122c4d35-d693-4039-b044-465f02a16751"}
    Response - Headers: {'status': '200', 'content-length': '255', 'connection': 'close', 'date': 'Sun, 06 Dec 2015 01:23:45 GMT', 'content-type': 'application/json; charset=UTF-8', 'x-openstack-request-id': 'req-630014f5-53c5-4198-9172-52022adc4cb7'}
        Body: {"subnet_id": "122c4d35-d693-4039-b044-465f02a16751", "tenant_id": "43a098b4bd4845eba9366236c3ff54c4", "subnet_ids": ["122c4d35-d693-4039-b044-465f02a16751"], "port_id": "3a49b806-e2c4-4390-afb9-e6033314e993", "id": "1f9768c7-5c07-4ef0-ac49-42252bbf0764"}
2015-12-06 01:23:45,576 20313 INFO     [tempest_lib.common.rest_client] Request (TestGettingAddress:test_dhcp6_stateless_from_os): 200 POST http://10.0.2.15:5000/v2.0/tokens
2015-12-06 01:23:45,576 20313 DEBUG    [tempest_lib.common.rest_client] Request - Headers: {'Content-Type': 'application/json', 'Accept': 'application/json'}
        Body: &lt;omitted&gt;
    Response - Headers: {'status': '200', 'content-length': '2522', 'vary': 'X-Auth-Token', 'server': 'Apache/2.4.7 (Ubuntu)', 'connection': 'close', 'date': 'Sun, 06 Dec 2015 01:23:45 GMT', 'content-type': 'application/json', 'x-openstack-request-id': 'req-fc608e6a-d9a1-4529-8813-78e26af89c08'}
        Body: {"access": {"token": {"issued_at": "2015-12-06T01:23:45.562990", "expires": "2015-12-06T02:23:45Z", "id": "74165b98735a44b4aa20e5f100112ac6", "tenant": {"description": "tempest-TestGettingAddress-626308352-desc", "enabled": true, "id": "43a098b4bd4845eba9366236c3ff54c4", "name": "tempest-TestGettingAddress-626308352"}, "audit_ids": ["ByUHYk5OSP60aEEY1fybCQ"]}, "serviceCatalog": [{"endpoints": [{"adminURL": "http://10.0.2.15:8774/v2.1/43a098b4bd4845eba9366236c3ff54c4", "region": "RegionOne", "internalURL": "http://10.0.2.15:8774/v2.1/43a098b4bd4845eba9366236c3ff54c4", "id": "4a6ba1727afd49b5ad6b15638d3a99b0", "publicURL": "http://10.0.2.15:8774/v2.1/43a098b4bd4845eba9366236c3ff54c4"}], "endpoints_links": [], "type": "compute", "name": "nova"}, {"endpoints": [{"adminURL": "http://10.0.2.15:9696/", "region": "RegionOne", "internalURL": "http://10.0.2.15:9696/", "id": "4d34102b855c4f43b97f42494fe4750d", "publicURL": "http://10.0.2.15:9696/"}], "endpoints_links": [], "type": "network", "name": "neutron"}, {"endpoints": [{"adminURL": "http://10.0.2.15:9292", "region": "RegionOne", "internalURL": "http://10.0.2.15:9292", "id": "400cecd341f346f0ad6379eb73f31145", "publicURL": "http://10.0.2.15:9292"}], "endpoints_links": [], "type": "image", "name": "glance"}, {"endpoints": [{"adminURL": "http://10.0.2.15:8774/v2/43a098b4bd4845eba9366236c3ff54c4", "region": "RegionOne", "internalURL": "http://10.0.2.15:8774/v2/43a098b4bd4845eba9366236c3ff54c4", "id": "3c9422313d214d32be1f2e0c757fc7d7", "publicURL": "http://10.0.2.15:8774/v2/43a098b4bd4845eba9366236c3ff54c4"}], "endpoints_links": [], "type": "compute_legacy", "name": "nova_legacy"}, {"endpoints": [{"adminURL": "http://10.0.2.15:8773/", "region": "RegionOne", "internalURL": "http://10.0.2.15:8773/", "id": "a1dac940dfe748bf8032fa0abe04e6bc", "publicURL": "http://10.0.2.15:8773/"}], "endpoints_links": [], "type": "ec2", "name": "ec2"}, {"endpoints": [{"adminURL": "http://10.0.2.15:35357/v2.0", "region": "RegionOne", "internalURL": "http://10.0.2.15:5000/v2.0", "id": "84fb6ad9220549f291443cc2634a8223", "publicURL": "http://10.0.2.15:5000/v2.0"}], "endpoints_links": [], "type": "identity", "name": "keystone"}], "user": {"username": "tempest-TestGettingAddress-108487609", "roles_links": [], "id": "cb3d98f2440c47c095a1afc92802cabc", "roles": [{"name": "_member_"}, {"name": "Member"}], "name": "tempest-TestGettingAddress-108487609"}, "metadata": {"is_admin": 0, "roles": ["9fe2ff9ee4384b1894a90878d3e92bab", "924b14d192ee4f11a48792f1fc839cec"]}}}
2015-12-06 01:23:45,583 20313 DEBUG    [tempest.common.fixed_network] (TestGettingAddress:test_dhcp6_stateless_from_os) No valid network provided or created, defaulting to fixed_network_name
2015-12-06 01:23:45,936 20313 INFO     [tempest_lib.common.rest_client] Request (TestGettingAddress:test_dhcp6_stateless_from_os): 200 GET http://10.0.2.15:8774/v2.1/43a098b4bd4845eba9366236c3ff54c4/os-networks 0.352s
2015-12-06 01:23:45,937 20313 DEBUG    [tempest_lib.common.rest_client] Request - Headers: {'Content-Type': 'application/json', 'Accept': 'application/json', 'X-Auth-Token': '&lt;omitted&gt;'}
        Body: None
    Response - Headers: {'status': '200', 'content-length': '479', 'content-location': 'http://10.0.2.15:8774/v2.1/43a098b4bd4845eba9366236c3ff54c4/os-networks', 'x-compute-request-id': 'req-a8a66edc-8d2d-49c7-8f82-2f8f8d9baf4a', 'vary': 'X-OpenStack-Nova-API-Version', 'connection': 'close', 'x-openstack-nova-api-version': '2.1', 'date': 'Sun, 06 Dec 2015 01:23:45 GMT', 'content-type': 'application/json'}
        Body: {"networks": [{"cidr_v6": null, "dns2": null, "dns1": null, "gateway": null, "broadcast": null, "netmask": null, "gateway_v6": null, "cidr": null, "label": "public", "id": "7fa2834a-9a8a-4e9c-8aa1-5eed1bf035da", "netmask_v6": null}, {"cidr_v6": null, "dns2": null, "dns1": null, "gateway": null, "broadcast": null, "netmask": null, "gateway_v6": null, "cidr": null, "label": "tempest-network-smoke--1338054747", "id": "9aa56a0f-3a02-4b22-8672-952d727e2cf6", "netmask_v6": null}]}
2015-12-06 01:23:45,937 20313 WARNING  [tempest.common.fixed_network] (TestGettingAddress:test_dhcp6_stateless_from_os) Network with name: private not found
2015-12-06 01:23:45,938 20313 INFO     [tempest.common.fixed_network] (TestGettingAddress:test_dhcp6_stateless_from_os) Found network {} available for tenant
2015-12-06 01:23:47,333 20313 INFO     [tempest_lib.common.rest_client] Request (TestGettingAddress:test_dhcp6_stateless_from_os): 202 POST http://10.0.2.15:8774/v2.1/43a098b4bd4845eba9366236c3ff54c4/servers 1.394s
2015-12-06 01:23:47,333 20313 DEBUG    [tempest_lib.common.rest_client] Request - Headers: {'Content-Type': 'application/json', 'Accept': 'application/json', 'X-Auth-Token': '&lt;omitted&gt;'}
        Body: {"server": {"name": "tempest.common.compute-instance-739856358", "imageRef": "f44bdb93-5657-4fc3-91fa-a43432882197", "key_name": "tempest-TestGettingAddress-13690057", "flavorRef": "42", "networks": [{"uuid": "9aa56a0f-3a02-4b22-8672-952d727e2cf6"}], "security_groups": [{"name": "tempest-secgroup-smoke-1959803506"}]}}
    Response - Headers: {'status': '202', 'content-length': '462', 'x-compute-request-id': 'req-d9a3121c-85c9-4e01-b06d-c3514116c9c8', 'vary': 'X-OpenStack-Nova-API-Version', 'connection': 'close', 'location': 'http://10.0.2.15:8774/v2.1/43a098b4bd4845eba9366236c3ff54c4/servers/229a1f8e-23be-46b6-8fd9-3dc159457565', 'x-openstack-nova-api-version': '2.1', 'date': 'Sun, 06 Dec 2015 01:23:47 GMT', 'content-type': 'application/json'}
        Body: {"server": {"security_groups": [{"name": "tempest-secgroup-smoke-1959803506"}], "OS-DCF:diskConfig": "MANUAL", "id": "229a1f8e-23be-46b6-8fd9-3dc159457565", "links": [{"href": "http://10.0.2.15:8774/v2.1/43a098b4bd4845eba9366236c3ff54c4/servers/229a1f8e-23be-46b6-8fd9-3dc159457565", "rel": "self"}, {"href": "http://10.0.2.15:8774/43a098b4bd4845eba9366236c3ff54c4/servers/229a1f8e-23be-46b6-8fd9-3dc159457565", "rel": "bookmark"}], "adminPass": "Sb8VAe7cQW3y"}}
2015-12-06 01:23:47,685 20313 INFO     [tempest_lib.common.rest_client] Request (TestGettingAddress:test_dhcp6_stateless_from_os): 200 GET http://10.0.2.15:8774/v2.1/43a098b4bd4845eba9366236c3ff54c4/servers/229a1f8e-23be-46b6-8fd9-3dc159457565 0.349s
2015-12-06 01:23:47,685 20313 DEBUG    [tempest_lib.common.rest_client] Request - Headers: {'Content-Type': 'application/json', 'Accept': 'application/json', 'X-Auth-Token': '&lt;omitted&gt;'}
        Body: None
    Response - Headers: {'status': '200', 'content-length': '1352', 'content-location': 'http://10.0.2.15:8774/v2.1/43a098b4bd4845eba9366236c3ff54c4/servers/229a1f8e-23be-46b6-8fd9-3dc159457565', 'x-compute-request-id': 'req-bf736cf7-f3d5-4232-bbcc-1ae00d2e4172', 'vary': 'X-OpenStack-Nova-API-Version', 'connection': 'close', 'x-openstack-nova-api-version': '2.1', 'date': 'Sun, 06 Dec 2015 01:23:47 GMT', 'content-type': 'application/json'}
        Body: {"server": {"status": "BUILD", "updated": "2015-12-06T01:23:47Z", "hostId": "", "addresses": {}, "links": [{"href": "http://10.0.2.15:8774/v2.1/43a098b4bd4845eba9366236c3ff54c4/servers/229a1f8e-23be-46b6-8fd9-3dc159457565", "rel": "self"}, {"href": "http://10.0.2.15:8774/43a098b4bd4845eba9366236c3ff54c4/servers/229a1f8e-23be-46b6-8fd9-3dc159457565", "rel": "bookmark"}], "key_name": "tempest-TestGettingAddress-13690057", "image": {"id": "f44bdb93-5657-4fc3-91fa-a43432882197", "links": [{"href": "http://10.0.2.15:8774/43a098b4bd4845eba9366236c3ff54c4/images/f44bdb93-5657-4fc3-91fa-a43432882197", "rel": "bookmark"}]}, "OS-EXT-STS:task_state": "scheduling", "OS-EXT-STS:vm_state": "building", "OS-SRV-USG:launched_at": null, "flavor": {"id": "42", "links": [{"href": "http://10.0.2.15:8774/43a098b4bd4845eba9366236c3ff54c4/flavors/42", "rel": "bookmark"}]}, "id": "229a1f8e-23be-46b6-8fd9-3dc159457565", "OS-SRV-USG:terminated_at": null, "OS-EXT-AZ:availability_zone": "", "user_id": "cb3d98f2440c47c095a1afc92802cabc", "name": "tempest.common.compute-instance-739856358", "created": "2015-12-06T01:23:47Z", "tenant_id": "43a098b4bd4845eba9366236c3ff54c4", "OS-DCF:diskConfig": "MANUAL", "os-extended-volumes:volumes_attached": [], "accessIPv4": "", "accessIPv6": "", "progress": 0, "OS-EXT-STS:power_state": 0, "config_drive": "", "metadata": {}}}
2015-12-06 01:23:49,010 20313 INFO     [tempest_lib.common.rest_client] Request (TestGettingAddress:test_dhcp6_stateless_from_os): 200 GET http://10.0.2.15:8774/v2.1/43a098b4bd4845eba9366236c3ff54c4/servers/229a1f8e-23be-46b6-8fd9-3dc159457565 0.314s
2015-12-06 01:23:49,010 20313 DEBUG    [tempest_lib.common.rest_client] Request - Headers: {'Content-Type': 'application/json', 'Accept': 'application/json', 'X-Auth-Token': '&lt;omitted&gt;'}
        Body: None
    Response - Headers: {'status': '200', 'content-length': '1478', 'content-location': 'http://10.0.2.15:8774/v2.1/43a098b4bd4845eba9366236c3ff54c4/servers/229a1f8e-23be-46b6-8fd9-3dc159457565', 'x-compute-request-id': 'req-9bb10701-dd45-418b-9767-8c16acee73e1', 'vary': 'X-OpenStack-Nova-API-Version', 'connection': 'close', 'x-openstack-nova-api-version': '2.1', 'date': 'Sun, 06 Dec 2015 01:23:49 GMT', 'content-type': 'application/json'}
        Body: {"server": {"status": "BUILD", "updated": "2015-12-06T01:23:48Z", "hostId": "38867b3c47709eeff7ce04721c4a42a59d0ebfe4abe8be642ebf54c5", "addresses": {}, "links": [{"href": "http://10.0.2.15:8774/v2.1/43a098b4bd4845eba9366236c3ff54c4/servers/229a1f8e-23be-46b6-8fd9-3dc159457565", "rel": "self"}, {"href": "http://10.0.2.15:8774/43a098b4bd4845eba9366236c3ff54c4/servers/229a1f8e-23be-46b6-8fd9-3dc159457565", "rel": "bookmark"}], "key_name": "tempest-TestGettingAddress-13690057", "image": {"id": "f44bdb93-5657-4fc3-91fa-a43432882197", "links": [{"href": "http://10.0.2.15:8774/43a098b4bd4845eba9366236c3ff54c4/images/f44bdb93-5657-4fc3-91fa-a43432882197", "rel": "bookmark"}]}, "OS-EXT-STS:task_state": "spawning", "OS-EXT-STS:vm_state": "building", "OS-SRV-USG:launched_at": null, "flavor": {"id": "42", "links": [{"href": "http://10.0.2.15:8774/43a098b4bd4845eba9366236c3ff54c4/flavors/42", "rel": "bookmark"}]}, "id": "229a1f8e-23be-46b6-8fd9-3dc159457565", "security_groups": [{"name": "tempest-secgroup-smoke-1959803506"}], "OS-SRV-USG:terminated_at": null, "OS-EXT-AZ:availability_zone": "nova", "user_id": "cb3d98f2440c47c095a1afc92802cabc", "name": "tempest.common.compute-instance-739856358", "created": "2015-12-06T01:23:47Z", "tenant_id": "43a098b4bd4845eba9366236c3ff54c4", "OS-DCF:diskConfig": "MANUAL", "os-extended-volumes:volumes_attached": [], "accessIPv4": "", "accessIPv6": "", "progress": 0, "OS-EXT-STS:power_state": 0, "config_drive": "", "metadata": {}}}
2015-12-06 01:23:49,019 20313 INFO     [tempest.common.waiters] State transition "BUILD/scheduling" ==&gt; "BUILD/spawning" after 2 second wait
2015-12-06 01:23:50,220 20313 INFO     [tempest_lib.common.rest_client] Request (TestGettingAddress:test_dhcp6_stateless_from_os): 200 GET http://10.0.2.15:8774/v2.1/43a098b4bd4845eba9366236c3ff54c4/servers/229a1f8e-23be-46b6-8fd9-3dc159457565 0.199s
2015-12-06 01:23:50,221 20313 DEBUG    [tempest_lib.common.rest_client] Request - Headers: {'Content-Type': 'application/json', 'Accept': 'application/json', 'X-Auth-Token': '&lt;omitted&gt;'}
        Body: None
    Response - Headers: {'status': '200', 'content-length': '1478', 'content-location': 'http://10.0.2.15:8774/v2.1/43a098b4bd4845eba9366236c3ff54c4/servers/229a1f8e-23be-46b6-8fd9-3dc159457565', 'x-compute-request-id': 'req-aa383761-7216-4c12-9e02-440bbf308bf2', 'vary': 'X-OpenStack-Nova-API-Version', 'connection': 'close', 'x-openstack-nova-api-version': '2.1', 'date': 'Sun, 06 Dec 2015 01:23:50 GMT', 'content-type': 'application/json'}
        Body: {"server": {"status": "BUILD", "updated": "2015-12-06T01:23:48Z", "hostId": "38867b3c47709eeff7ce04721c4a42a59d0ebfe4abe8be642ebf54c5", "addresses": {}, "links": [{"href": "http://10.0.2.15:8774/v2.1/43a098b4bd4845eba9366236c3ff54c4/servers/229a1f8e-23be-46b6-8fd9-3dc159457565", "rel": "self"}, {"href": "http://10.0.2.15:8774/43a098b4bd4845eba9366236c3ff54c4/servers/229a1f8e-23be-46b6-8fd9-3dc159457565", "rel": "bookmark"}], "key_name": "tempest-TestGettingAddress-13690057", "image": {"id": "f44bdb93-5657-4fc3-91fa-a43432882197", "links": [{"href": "http://10.0.2.15:8774/43a098b4bd4845eba9366236c3ff54c4/images/f44bdb93-5657-4fc3-91fa-a43432882197", "rel": "bookmark"}]}, "OS-EXT-STS:task_state": "spawning", "OS-EXT-STS:vm_state": "building", "OS-SRV-USG:launched_at": null, "flavor": {"id": "42", "links": [{"href": "http://10.0.2.15:8774/43a098b4bd4845eba9366236c3ff54c4/flavors/42", "rel": "bookmark"}]}, "id": "229a1f8e-23be-46b6-8fd9-3dc159457565", "security_groups": [{"name": "tempest-secgroup-smoke-1959803506"}], "OS-SRV-USG:terminated_at": null, "OS-EXT-AZ:availability_zone": "nova", "user_id": "cb3d98f2440c47c095a1afc92802cabc", "name": "tempest.common.compute-instance-739856358", "created": "2015-12-06T01:23:47Z", "tenant_id": "43a098b4bd4845eba9366236c3ff54c4", "OS-DCF:diskConfig": "MANUAL", "os-extended-volumes:volumes_attached": [], "accessIPv4": "", "accessIPv6": "", "progress": 0, "OS-EXT-STS:power_state": 0, "config_drive": "", "metadata": {}}}
2015-12-06 01:23:51,434 20313 INFO     [tempest_lib.common.rest_client] Request (TestGettingAddress:test_dhcp6_stateless_from_os): 200 GET http://10.0.2.15:8774/v2.1/43a098b4bd4845eba9366236c3ff54c4/servers/229a1f8e-23be-46b6-8fd9-3dc159457565 0.203s
2015-12-06 01:23:51,434 20313 DEBUG    [tempest_lib.common.rest_client] Request - Headers: {'Content-Type': 'application/json', 'Accept': 'application/json', 'X-Auth-Token': '&lt;omitted&gt;'}
        Body: None
    Response - Headers: {'status': '200', 'content-length': '1778', 'content-location': 'http://10.0.2.15:8774/v2.1/43a098b4bd4845eba9366236c3ff54c4/servers/229a1f8e-23be-46b6-8fd9-3dc159457565', 'x-compute-request-id': 'req-226907d7-03cc-4b23-8a15-16391a0a1c46', 'vary': 'X-OpenStack-Nova-API-Version', 'connection': 'close', 'x-openstack-nova-api-version': '2.1', 'date': 'Sun, 06 Dec 2015 01:23:51 GMT', 'content-type': 'application/json'}
        Body: {"server": {"status": "ACTIVE", "updated": "2015-12-06T01:23:50Z", "hostId": "38867b3c47709eeff7ce04721c4a42a59d0ebfe4abe8be642ebf54c5", "addresses": {"tempest-network-smoke--1338054747": [{"OS-EXT-IPS-MAC:mac_addr": "fa:16:3e:53:08:80", "version": 4, "addr": "10.100.0.3", "OS-EXT-IPS:type": "fixed"}, {"OS-EXT-IPS-MAC:mac_addr": "fa:16:3e:53:08:80", "version": 6, "addr": "2003::f816:3eff:fe53:880", "OS-EXT-IPS:type": "fixed"}]}, "links": [{"href": "http://10.0.2.15:8774/v2.1/43a098b4bd4845eba9366236c3ff54c4/servers/229a1f8e-23be-46b6-8fd9-3dc159457565", "rel": "self"}, {"href": "http://10.0.2.15:8774/43a098b4bd4845eba9366236c3ff54c4/servers/229a1f8e-23be-46b6-8fd9-3dc159457565", "rel": "bookmark"}], "key_name": "tempest-TestGettingAddress-13690057", "image": {"id": "f44bdb93-5657-4fc3-91fa-a43432882197", "links": [{"href": "http://10.0.2.15:8774/43a098b4bd4845eba9366236c3ff54c4/images/f44bdb93-5657-4fc3-91fa-a43432882197", "rel": "bookmark"}]}, "OS-EXT-STS:task_state": null, "OS-EXT-STS:vm_state": "active", "OS-SRV-USG:launched_at": "2015-12-06T01:23:50.000000", "flavor": {"id": "42", "links": [{"href": "http://10.0.2.15:8774/43a098b4bd4845eba9366236c3ff54c4/flavors/42", "rel": "bookmark"}]}, "id": "229a1f8e-23be-46b6-8fd9-3dc159457565", "security_groups": [{"name": "tempest-secgroup-smoke-1959803506"}], "OS-SRV-USG:terminated_at": null, "OS-EXT-AZ:availability_zone": "nova", "user_id": "cb3d98f2440c47c095a1afc92802cabc", "name": "tempest.common.compute-instance-739856358", "created": "2015-12-06T01:23:47Z", "tenant_id": "43a098b4bd4845eba9366236c3ff54c4", "OS-DCF:diskConfig": "MANUAL", "os-extended-volumes:volumes_attached": [], "accessIPv4": "", "accessIPv6": "", "progress": 0, "OS-EXT-STS:power_state": 1, "config_drive": "True", "metadata": {}}}
2015-12-06 01:23:51,444 20313 INFO     [tempest.common.waiters] State transition "BUILD/spawning" ==&gt; "ACTIVE/None" after 4 second wait
2015-12-06 01:23:51,875 20313 INFO     [tempest_lib.common.rest_client] Request (TestGettingAddress:test_dhcp6_stateless_from_os): 200 GET http://10.0.2.15:8774/v2.1/43a098b4bd4845eba9366236c3ff54c4/servers/229a1f8e-23be-46b6-8fd9-3dc159457565 0.431s
2015-12-06 01:23:51,876 20313 DEBUG    [tempest_lib.common.rest_client] Request - Headers: {'Content-Type': 'application/json', 'Accept': 'application/json', 'X-Auth-Token': '&lt;omitted&gt;'}
        Body: None
    Response - Headers: {'status': '200', 'content-length': '1778', 'content-location': 'http://10.0.2.15:8774/v2.1/43a098b4bd4845eba9366236c3ff54c4/servers/229a1f8e-23be-46b6-8fd9-3dc159457565', 'x-compute-request-id': 'req-750e53e8-7e6e-439d-8f08-ce1776d36f36', 'vary': 'X-OpenStack-Nova-API-Version', 'connection': 'close', 'x-openstack-nova-api-version': '2.1', 'date': 'Sun, 06 Dec 2015 01:23:51 GMT', 'content-type': 'application/json'}
        Body: {"server": {"status": "ACTIVE", "updated": "2015-12-06T01:23:50Z", "hostId": "38867b3c47709eeff7ce04721c4a42a59d0ebfe4abe8be642ebf54c5", "addresses": {"tempest-network-smoke--1338054747": [{"OS-EXT-IPS-MAC:mac_addr": "fa:16:3e:53:08:80", "version": 4, "addr": "10.100.0.3", "OS-EXT-IPS:type": "fixed"}, {"OS-EXT-IPS-MAC:mac_addr": "fa:16:3e:53:08:80", "version": 6, "addr": "2003::f816:3eff:fe53:880", "OS-EXT-IPS:type": "fixed"}]}, "links": [{"href": "http://10.0.2.15:8774/v2.1/43a098b4bd4845eba9366236c3ff54c4/servers/229a1f8e-23be-46b6-8fd9-3dc159457565", "rel": "self"}, {"href": "http://10.0.2.15:8774/43a098b4bd4845eba9366236c3ff54c4/servers/229a1f8e-23be-46b6-8fd9-3dc159457565", "rel": "bookmark"}], "key_name": "tempest-TestGettingAddress-13690057", "image": {"id": "f44bdb93-5657-4fc3-91fa-a43432882197", "links": [{"href": "http://10.0.2.15:8774/43a098b4bd4845eba9366236c3ff54c4/images/f44bdb93-5657-4fc3-91fa-a43432882197", "rel": "bookmark"}]}, "OS-EXT-STS:task_state": null, "OS-EXT-STS:vm_state": "active", "OS-SRV-USG:launched_at": "2015-12-06T01:23:50.000000", "flavor": {"id": "42", "links": [{"href": "http://10.0.2.15:8774/43a098b4bd4845eba9366236c3ff54c4/flavors/42", "rel": "bookmark"}]}, "id": "229a1f8e-23be-46b6-8fd9-3dc159457565", "security_groups": [{"name": "tempest-secgroup-smoke-1959803506"}], "OS-SRV-USG:terminated_at": null, "OS-EXT-AZ:availability_zone": "nova", "user_id": "cb3d98f2440c47c095a1afc92802cabc", "name": "tempest.common.compute-instance-739856358", "created": "2015-12-06T01:23:47Z", "tenant_id": "43a098b4bd4845eba9366236c3ff54c4", "OS-DCF:diskConfig": "MANUAL", "os-extended-volumes:volumes_attached": [], "accessIPv4": "", "accessIPv6": "", "progress": 0, "OS-EXT-STS:power_state": 1, "config_drive": "True", "metadata": {}}}
2015-12-06 01:23:52,052 20313 INFO     [tempest_lib.common.rest_client] Request (TestGettingAddress:test_dhcp6_stateless_from_os): 200 GET http://10.0.2.15:9696/v2.0/ports?status=ACTIVE&amp;fixed_ip=None&amp;device_id=229a1f8e-23be-46b6-8fd9-3dc159457565 0.166s
2015-12-06 01:23:52,053 20313 DEBUG    [tempest_lib.common.rest_client] Request - Headers: {'Content-Type': 'application/json', 'Accept': 'application/json', 'X-Auth-Token': '&lt;omitted&gt;'}
        Body: None
    Response - Headers: {'status': '200', 'content-length': '1138', 'content-location': 'http://10.0.2.15:9696/v2.0/ports?status=ACTIVE&amp;fixed_ip=None&amp;device_id=229a1f8e-23be-46b6-8fd9-3dc159457565', 'connection': 'close', 'date': 'Sun, 06 Dec 2015 01:23:52 GMT', 'content-type': 'application/json; charset=UTF-8', 'x-openstack-request-id': 'req-52b17f5b-d243-4d4b-9a0b-8f12aa97c77b'}
        Body: {"ports": [{"status": "ACTIVE", "binding:host_id": "vagrant-ubuntu-trusty-64", "allowed_address_pairs": [], "extra_dhcp_opts": [], "dns_assignment": [{"hostname": "host-10-100-0-3", "ip_address": "10.100.0.3", "fqdn": "host-10-100-0-3.openstacklocal."}, {"hostname": "host-2003--f816-3eff-fe53-880", "ip_address": "2003::f816:3eff:fe53:880", "fqdn": "host-2003--f816-3eff-fe53-880.openstacklocal."}], "device_owner": "compute:None", "port_security_enabled": true, "binding:profile": {}, "fixed_ips": [{"subnet_id": "36c77b2e-f493-4131-a31e-6bf4923a6585", "ip_address": "10.100.0.3"}, {"subnet_id": "122c4d35-d693-4039-b044-465f02a16751", "ip_address": "2003::f816:3eff:fe53:880"}], "id": "4010dcd6-054c-4007-99c4-dfbd8643d642", "security_groups": ["618b2fb5-7ea6-4c1d-adea-e434de957859"], "device_id": "229a1f8e-23be-46b6-8fd9-3dc159457565", "name": "", "admin_state_up": true, "network_id": "9aa56a0f-3a02-4b22-8672-952d727e2cf6", "dns_name": "", "binding:vif_details": {"port_filter": true}, "binding:vnic_type": "normal", "binding:vif_type": "ovs", "tenant_id": "43a098b4bd4845eba9366236c3ff54c4", "mac_address": "fa:16:3e:53:08:80"}]}
2015-12-06 01:23:52,607 20313 INFO     [tempest_lib.common.rest_client] Request (TestGettingAddress:test_dhcp6_stateless_from_os): 201 POST http://10.0.2.15:9696/v2.0/floatingips 0.554s
2015-12-06 01:23:52,608 20313 DEBUG    [tempest_lib.common.rest_client] Request - Headers: {'Content-Type': 'application/json', 'Accept': 'application/json', 'X-Auth-Token': '&lt;omitted&gt;'}
        Body: {"floatingip": {"floating_network_id": "7fa2834a-9a8a-4e9c-8aa1-5eed1bf035da", "tenant_id": "43a098b4bd4845eba9366236c3ff54c4", "fixed_ip_address": "10.100.0.3", "port_id": "4010dcd6-054c-4007-99c4-dfbd8643d642"}}
    Response - Headers: {'status': '201', 'content-length': '367', 'connection': 'close', 'date': 'Sun, 06 Dec 2015 01:23:52 GMT', 'content-type': 'application/json; charset=UTF-8', 'x-openstack-request-id': 'req-60cf5bf0-afef-4e8a-a436-f9c03d677e8e'}
        Body: {"floatingip": {"floating_network_id": "7fa2834a-9a8a-4e9c-8aa1-5eed1bf035da", "router_id": "1f9768c7-5c07-4ef0-ac49-42252bbf0764", "fixed_ip_address": "10.100.0.3", "floating_ip_address": "172.24.4.4", "tenant_id": "43a098b4bd4845eba9366236c3ff54c4", "status": "DOWN", "port_id": "4010dcd6-054c-4007-99c4-dfbd8643d642", "id": "14c6a5cb-a392-4b28-82ea-49dac3297f09"}}
2015-12-06 01:23:52,609 20313 INFO     [tempest_lib.common.ssh] Creating ssh connection to '172.24.4.4' as 'cirros' with public key authentication
2015-12-06 01:23:56,668 20313 WARNING  [tempest_lib.common.ssh] Failed to establish authenticated ssh connection to cirros@172.24.4.4 ([Errno None] Unable to connect to port 22 on  or 172.24.4.4). Number attempts: 1. Retry after 2 seconds.
2015-12-06 01:24:02,171 20313 WARNING  [tempest_lib.common.ssh] Failed to establish authenticated ssh connection to cirros@172.24.4.4 ([Errno None] Unable to connect to port 22 on  or 172.24.4.4). Number attempts: 2. Retry after 3 seconds.
2015-12-06 01:24:08,675 20313 WARNING  [tempest_lib.common.ssh] Failed to establish authenticated ssh connection to cirros@172.24.4.4 ([Errno None] Unable to connect to port 22 on  or 172.24.4.4). Number attempts: 3. Retry after 4 seconds.
2015-12-06 01:24:16,180 20313 WARNING  [tempest_lib.common.ssh] Failed to establish authenticated ssh connection to cirros@172.24.4.4 ([Errno None] Unable to connect to port 22 on  or 172.24.4.4). Number attempts: 4. Retry after 5 seconds.
2015-12-06 01:24:24,684 20313 WARNING  [tempest_lib.common.ssh] Failed to establish authenticated ssh connection to cirros@172.24.4.4 ([Errno None] Unable to connect to port 22 on  or 172.24.4.4). Number attempts: 5. Retry after 6 seconds.
2015-12-06 01:24:34,188 20313 WARNING  [tempest_lib.common.ssh] Failed to establish authenticated ssh connection to cirros@172.24.4.4 ([Errno None] Unable to connect to port 22 on  or 172.24.4.4). Number attempts: 6. Retry after 7 seconds.
2015-12-06 01:24:44,692 20313 WARNING  [tempest_lib.common.ssh] Failed to establish authenticated ssh connection to cirros@172.24.4.4 ([Errno None] Unable to connect to port 22 on  or 172.24.4.4). Number attempts: 7. Retry after 8 seconds.
2015-12-06 01:24:56,199 20313 WARNING  [tempest_lib.common.ssh] Failed to establish authenticated ssh connection to cirros@172.24.4.4 ([Errno None] Unable to connect to port 22 on  or 172.24.4.4). Number attempts: 8. Retry after 9 seconds.
2015-12-06 01:25:08,704 20313 WARNING  [tempest_lib.common.ssh] Failed to establish authenticated ssh connection to cirros@172.24.4.4 ([Errno None] Unable to connect to port 22 on  or 172.24.4.4). Number attempts: 9. Retry after 10 seconds.
2015-12-06 01:25:22,216 20313 WARNING  [tempest_lib.common.ssh] Failed to establish authenticated ssh connection to cirros@172.24.4.4 ([Errno None] Unable to connect to port 22 on  or 172.24.4.4). Number attempts: 10. Retry after 11 seconds.
2015-12-06 01:25:36,724 20313 WARNING  [tempest_lib.common.ssh] Failed to establish authenticated ssh connection to cirros@172.24.4.4 ([Errno None] Unable to connect to port 22 on  or 172.24.4.4). Number attempts: 11. Retry after 12 seconds.
2015-12-06 01:25:52,232 20313 WARNING  [tempest_lib.common.ssh] Failed to establish authenticated ssh connection to cirros@172.24.4.4 ([Errno None] Unable to connect to port 22 on  or 172.24.4.4). Number attempts: 12. Retry after 13 seconds.
2015-12-06 01:26:08,748 20313 WARNING  [tempest_lib.common.ssh] Failed to establish authenticated ssh connection to cirros@172.24.4.4 ([Errno None] Unable to connect to port 22 on  or 172.24.4.4). Number attempts: 13. Retry after 14 seconds.
2015-12-06 01:26:26,264 20313 WARNING  [tempest_lib.common.ssh] Failed to establish authenticated ssh connection to cirros@172.24.4.4 ([Errno None] Unable to connect to port 22 on  or 172.24.4.4). Number attempts: 14. Retry after 15 seconds.
2015-12-06 01:26:44,772 20313 WARNING  [tempest_lib.common.ssh] Failed to establish authenticated ssh connection to cirros@172.24.4.4 ([Errno None] Unable to connect to port 22 on  or 172.24.4.4). Number attempts: 15. Retry after 16 seconds.
2015-12-06 01:27:04,288 20313 WARNING  [tempest_lib.common.ssh] Failed to establish authenticated ssh connection to cirros@172.24.4.4 ([Errno None] Unable to connect to port 22 on  or 172.24.4.4). Number attempts: 16. Retry after 17 seconds.
2015-12-06 01:27:24,804 20313 ERROR    [tempest_lib.common.ssh] Failed to establish authenticated ssh connection to cirros@172.24.4.4 after 16 attempts
2015-12-06 01:27:24.804 20313 ERROR tempest_lib.common.ssh Traceback (most recent call last):
2015-12-06 01:27:24.804 20313 ERROR tempest_lib.common.ssh   File "/usr/local/lib/python2.7/dist-packages/tempest_lib/common/ssh.py", line 75, in _get_ssh_connection
2015-12-06 01:27:24.804 20313 ERROR tempest_lib.common.ssh     timeout=self.channel_timeout, pkey=self.pkey)
2015-12-06 01:27:24.804 20313 ERROR tempest_lib.common.ssh   File "/usr/local/lib/python2.7/dist-packages/paramiko/client.py", line 311, in connect
2015-12-06 01:27:24.804 20313 ERROR tempest_lib.common.ssh     raise NoValidConnectionsError(errors)
2015-12-06 01:27:24.804 20313 ERROR tempest_lib.common.ssh NoValidConnectionsError: [Errno None] Unable to connect to port 22 on  or 172.24.4.4
2015-12-06 01:27:24.804 20313 ERROR tempest_lib.common.ssh 
2015-12-06 01:27:24,806 20313 ERROR    [tempest.scenario.manager] (TestGettingAddress:test_dhcp6_stateless_from_os) Initializing SSH connection to 172.24.4.4 failed. Error: Connection to the 172.24.4.4 via SSH timed out.
User: cirros, Password: None
2015-12-06 01:27:24.806 20313 ERROR tempest.scenario.manager Traceback (most recent call last):
2015-12-06 01:27:24.806 20313 ERROR tempest.scenario.manager   File "tempest/scenario/manager.py", line 383, in get_remote_client
2015-12-06 01:27:24.806 20313 ERROR tempest.scenario.manager     linux_client.validate_authentication()
2015-12-06 01:27:24.806 20313 ERROR tempest.scenario.manager   File "tempest/common/utils/linux/remote_client.py", line 63, in validate_authentication
2015-12-06 01:27:24.806 20313 ERROR tempest.scenario.manager     self.ssh_client.test_connection_auth()
2015-12-06 01:27:24.806 20313 ERROR tempest.scenario.manager   File "/usr/local/lib/python2.7/dist-packages/tempest_lib/common/ssh.py", line 167, in test_connection_auth
2015-12-06 01:27:24.806 20313 ERROR tempest.scenario.manager     connection = self._get_ssh_connection()
2015-12-06 01:27:24.806 20313 ERROR tempest.scenario.manager   File "/usr/local/lib/python2.7/dist-packages/tempest_lib/common/ssh.py", line 87, in _get_ssh_connection
2015-12-06 01:27:24.806 20313 ERROR tempest.scenario.manager     password=self.password)
2015-12-06 01:27:24.806 20313 ERROR tempest.scenario.manager SSHTimeout: Connection to the 172.24.4.4 via SSH timed out.
2015-12-06 01:27:24.806 20313 ERROR tempest.scenario.manager User: cirros, Password: None
2015-12-06 01:27:24.806 20313 ERROR tempest.scenario.manager 
2015-12-06 01:27:24,887 20313 INFO     [tempest_lib.common.rest_client] Request (TestGettingAddress:test_dhcp6_stateless_from_os): 200 GET http://10.0.2.15:8774/v2.1/43a098b4bd4845eba9366236c3ff54c4/servers 0.079s
2015-12-06 01:27:24,887 20313 DEBUG    [tempest_lib.common.rest_client] Request - Headers: {'Content-Type': 'application/json', 'Accept': 'application/json', 'X-Auth-Token': '&lt;omitted&gt;'}
        Body: None
    Response - Headers: {'status': '200', 'content-length': '390', 'content-location': 'http://10.0.2.15:8774/v2.1/43a098b4bd4845eba9366236c3ff54c4/servers', 'x-compute-request-id': 'req-790649ab-3147-4e0c-8024-6a8f63cdb6aa', 'vary': 'X-OpenStack-Nova-API-Version', 'connection': 'close', 'x-openstack-nova-api-version': '2.1', 'date': 'Sun, 06 Dec 2015 01:27:24 GMT', 'content-type': 'application/json'}
        Body: {"servers": [{"id": "229a1f8e-23be-46b6-8fd9-3dc159457565", "links": [{"href": "http://10.0.2.15:8774/v2.1/43a098b4bd4845eba9366236c3ff54c4/servers/229a1f8e-23be-46b6-8fd9-3dc159457565", "rel": "self"}, {"href": "http://10.0.2.15:8774/43a098b4bd4845eba9366236c3ff54c4/servers/229a1f8e-23be-46b6-8fd9-3dc159457565", "rel": "bookmark"}], "name": "tempest.common.compute-instance-739856358"}]}
2015-12-06 01:27:25,096 20313 INFO     [tempest_lib.common.rest_client] Request (TestGettingAddress:test_dhcp6_stateless_from_os): 200 POST http://10.0.2.15:8774/v2.1/43a098b4bd4845eba9366236c3ff54c4/servers/229a1f8e-23be-46b6-8fd9-3dc159457565/action 0.202s
2015-12-06 01:27:25,097 20313 DEBUG    [tempest_lib.common.rest_client] Request - Headers: {'Content-Type': 'application/json', 'Accept': 'application/json', 'X-Auth-Token': '&lt;omitted&gt;'}
        Body: {"os-getConsoleOutput": {}}
    Response - Headers: {'status': '200', 'content-length': '24667', 'x-compute-request-id': 'req-b7d3813a-26bf-463c-89af-309b3db8d4dc', 'vary': 'X-OpenStack-Nova-API-Version', 'connection': 'close', 'x-openstack-nova-api-version': '2.1', 'date': 'Sun, 06 Dec 2015 01:27:25 GMT', 'content-type': 'application/json'}
        Body: {"output": "[    0.000000] Initializing cgroup subsys cpuset\n[    0.000000] Initializing cgroup subsys cpu\n[    0.000000] Linux version 3.2.0-80-virtual (buildd@batsu) (gcc version 4.6.3 (Ubuntu/Linaro 4.6.3-1ubuntu5) ) #116-Ubuntu SMP Mon Mar 23 17:28:52 UTC 2015 (Ubuntu 3.2.0-80.116-virtual 3.2.68)\n[    0.000000] Command line: root=/dev/vda console=tty0 console=ttyS0 no_timer_check\n[    0.000000] KERNEL supported cpus:\n[    0.000000]   Intel GenuineIntel\n[    0.000000]   AMD AuthenticAMD\n[    0.000000]   Centaur CentaurHauls\n[    0.000000] BIOS-provided physical RAM map:\n[    0.000000]  BIOS-e820: 0000000000000000 - 000000000009fc00 (usable)\n[    0.000000]  BIOS-e820: 000000000009fc00 - 00000000000a0000 (reserved)\n[    0.000000]  BIOS-e820: 00000000000f0000 - 0000000000100000 (reserved)\n[    0.000000]  BIOS-e820: 0000000000100000 - 0000000003ffe000 (usable)\n[    0.000000]  BIOS-e820: 0000000003ffe000 - 0000000004000000 (reserved)\n[    0.000000]  BIOS-e820: 00000000fffc0000 - 0000000100000000 (reserved)\n[    0.000000] NX (Execute Disable) protection: active\n[    0.000000] SMBIOS 2.4 present.\n[    0.000000] No AGP bridge found\n[    0.000000] last_pfn = 0x3ffe max_arch_pfn = 0x400000000\n[    0.000000] x86 PAT enabled: cpu 0, old 0x7040600070406, new 0x7010600070106\n[    0.000000] found SMP MP-table at [ffff8800000f0b00] f0b00\n[    0.000000] init_memory_mapping: 0000000000000000-0000000003ffe000\n[    0.000000] RAMDISK: 03c5e000 - 03ff0000\n[    0.000000] ACPI: RSDP 00000000000f0950 00014 (v00 BOCHS )\n[    0.000000] ACPI: RSDT 0000000003fffbc1 00034 (v01 BOCHS  BXPCRSDT 00000001 BXPC 00000001)\n[    0.000000] ACPI: FACP 0000000003fff1c0 00074 (v01 BOCHS  BXPCFACP 00000001 BXPC 00000001)\n[    0.000000] ACPI: DSDT 0000000003ffe040 01180 (v01 BOCHS  BXPCDSDT 00000001 BXPC 00000001)\n[    0.000000] ACPI: FACS 0000000003ffe000 00040\n[    0.000000] ACPI: SSDT 0000000003fff234 008DD (v01 BOCHS  BXPCSSDT 00000001 BXPC 00000001)\n[    0.000000] ACPI: APIC 0000000003fffb11 00078 (v01 BOCHS  BXPCAPIC 00000001 BXPC 00000001)\n[    0.000000] ACPI: HPET 0000000003fffb89 00038 (v01 BOCHS  BXPCHPET 00000001 BXPC 00000001)\n[    0.000000] No NUMA configuration found\n[    0.000000] Faking a node at 0000000000000000-0000000003ffe000\n[    0.000000] Initmem setup node 0 0000000000000000-0000000003ffe000\n[    0.000000]   NODE_DATA [0000000003ff6000 - 0000000003ffafff]\n[    0.000000] Zone PFN ranges:\n[    0.000000]   DMA      0x00000010 -&gt; 0x00001000\n[    0.000000]   DMA32    0x00001000 -&gt; 0x00100000\n[    0.000000]   Normal   empty\n[    0.000000] Movable zone start PFN for each node\n[    0.000000] early_node_map[2] active PFN ranges\n[    0.000000]     0: 0x00000010 -&gt; 0x0000009f\n[    0.000000]     0: 0x00000100 -&gt; 0x00003ffe\n[    0.000000] ACPI: PM-Timer IO Port: 0xb008\n[    0.000000] ACPI: LAPIC (acpi_id[0x00] lapic_id[0x00] enabled)\n[    0.000000] ACPI: LAPIC_NMI (acpi_id[0xff] dfl dfl lint[0x1])\n[    0.000000] ACPI: IOAPIC (id[0x00] address[0xfec00000] gsi_base[0])\n[    0.000000] IOAPIC[0]: apic_id 0, version 17, address 0xfec00000, GSI 0-23\n[    0.000000] ACPI: INT_SRC_OVR (bus 0 bus_irq 0 global_irq 2 dfl dfl)\n[    0.000000] ACPI: INT_SRC_OVR (bus 0 bus_irq 5 global_irq 5 high level)\n[    0.000000] ACPI: INT_SRC_OVR (bus 0 bus_irq 9 global_irq 9 high level)\n[    0.000000] ACPI: INT_SRC_OVR (bus 0 bus_irq 10 global_irq 10 high level)\n[    0.000000] ACPI: INT_SRC_OVR (bus 0 bus_irq 11 global_irq 11 high level)\n[    0.000000] Using ACPI (MADT) for SMP configuration information\n[    0.000000] ACPI: HPET id: 0x8086a201 base: 0xfed00000\n[    0.000000] SMP: Allowing 1 CPUs, 0 hotplug CPUs\n[    0.000000] PM: Registered nosave memory: 000000000009f000 - 00000000000a0000\n[    0.000000] PM: Registered nosave memory: 00000000000a0000 - 00000000000f0000\n[    0.000000] PM: Registered nosave memory: 00000000000f0000 - 0000000000100000\n[    0.000000] Allocating PCI resources starting at 4000000 (gap: 4000000:fbfc0000)\n[    0.000000] Booting paravirtualized kernel on bare hardware\n[    0.000000] setup_pe
2015-12-06 01:27:25,100 20313 DEBUG    [tempest.scenario.manager] Console output for 229a1f8e-23be-46b6-8fd9-3dc159457565
body=
[    0.000000] Initializing cgroup subsys cpuset
[    0.000000] Initializing cgroup subsys cpu
[    0.000000] Linux version 3.2.0-80-virtual (buildd@batsu) (gcc version 4.6.3 (Ubuntu/Linaro 4.6.3-1ubuntu5) ) #116-Ubuntu SMP Mon Mar 23 17:28:52 UTC 2015 (Ubuntu 3.2.0-80.116-virtual 3.2.68)
[    0.000000] Command line: root=/dev/vda console=tty0 console=ttyS0 no_timer_check
[    0.000000] KERNEL supported cpus:
[    0.000000]   Intel GenuineIntel
[    0.000000]   AMD AuthenticAMD
[    0.000000]   Centaur CentaurHauls
[    0.000000] BIOS-provided physical RAM map:
[    0.000000]  BIOS-e820: 0000000000000000 - 000000000009fc00 (usable)
[    0.000000]  BIOS-e820: 000000000009fc00 - 00000000000a0000 (reserved)
[    0.000000]  BIOS-e820: 00000000000f0000 - 0000000000100000 (reserved)
[    0.000000]  BIOS-e820: 0000000000100000 - 0000000003ffe000 (usable)
[    0.000000]  BIOS-e820: 0000000003ffe000 - 0000000004000000 (reserved)
[    0.000000]  BIOS-e820: 00000000fffc0000 - 0000000100000000 (reserved)
[    0.000000] NX (Execute Disable) protection: active
[    0.000000] SMBIOS 2.4 present.
[    0.000000] No AGP bridge found
[    0.000000] last_pfn = 0x3ffe max_arch_pfn = 0x400000000
[    0.000000] x86 PAT enabled: cpu 0, old 0x7040600070406, new 0x7010600070106
[    0.000000] found SMP MP-table at [ffff8800000f0b00] f0b00
[    0.000000] init_memory_mapping: 0000000000000000-0000000003ffe000
[    0.000000] RAMDISK: 03c5e000 - 03ff0000
[    0.000000] ACPI: RSDP 00000000000f0950 00014 (v00 BOCHS )
[    0.000000] ACPI: RSDT 0000000003fffbc1 00034 (v01 BOCHS  BXPCRSDT 00000001 BXPC 00000001)
[    0.000000] ACPI: FACP 0000000003fff1c0 00074 (v01 BOCHS  BXPCFACP 00000001 BXPC 00000001)
[    0.000000] ACPI: DSDT 0000000003ffe040 01180 (v01 BOCHS  BXPCDSDT 00000001 BXPC 00000001)
[    0.000000] ACPI: FACS 0000000003ffe000 00040
[    0.000000] ACPI: SSDT 0000000003fff234 008DD (v01 BOCHS  BXPCSSDT 00000001 BXPC 00000001)
[    0.000000] ACPI: APIC 0000000003fffb11 00078 (v01 BOCHS  BXPCAPIC 00000001 BXPC 00000001)
[    0.000000] ACPI: HPET 0000000003fffb89 00038 (v01 BOCHS  BXPCHPET 00000001 BXPC 00000001)
[    0.000000] No NUMA configuration found
[    0.000000] Faking a node at 0000000000000000-0000000003ffe000
[    0.000000] Initmem setup node 0 0000000000000000-0000000003ffe000
[    0.000000]   NODE_DATA [0000000003ff6000 - 0000000003ffafff]
[    0.000000] Zone PFN ranges:
[    0.000000]   DMA      0x00000010 -&gt; 0x00001000
[    0.000000]   DMA32    0x00001000 -&gt; 0x00100000
[    0.000000]   Normal   empty
[    0.000000] Movable zone start PFN for each node
[    0.000000] early_node_map[2] active PFN ranges
[    0.000000]     0: 0x00000010 -&gt; 0x0000009f
[    0.000000]     0: 0x00000100 -&gt; 0x00003ffe
[    0.000000] ACPI: PM-Timer IO Port: 0xb008
[    0.000000] ACPI: LAPIC (acpi_id[0x00] lapic_id[0x00] enabled)
[    0.000000] ACPI: LAPIC_NMI (acpi_id[0xff] dfl dfl lint[0x1])
[    0.000000] ACPI: IOAPIC (id[0x00] address[0xfec00000] gsi_base[0])
[    0.000000] IOAPIC[0]: apic_id 0, version 17, address 0xfec00000, GSI 0-23
[    0.000000] ACPI: INT_SRC_OVR (bus 0 bus_irq 0 global_irq 2 dfl dfl)
[    0.000000] ACPI: INT_SRC_OVR (bus 0 bus_irq 5 global_irq 5 high level)
[    0.000000] ACPI: INT_SRC_OVR (bus 0 bus_irq 9 global_irq 9 high level)
[    0.000000] ACPI: INT_SRC_OVR (bus 0 bus_irq 10 global_irq 10 high level)
[    0.000000] ACPI: INT_SRC_OVR (bus 0 bus_irq 11 global_irq 11 high level)
[    0.000000] Using ACPI (MADT) for SMP configuration information
[    0.000000] ACPI: HPET id: 0x8086a201 base: 0xfed00000
[    0.000000] SMP: Allowing 1 CPUs, 0 hotplug CPUs
[    0.000000] PM: Registered nosave memory: 000000000009f000 - 00000000000a0000
[    0.000000] PM: Registered nosave memory: 00000000000a0000 - 00000000000f0000
[    0.000000] PM: Registered nosave memory: 00000000000f0000 - 0000000000100000
[    0.000000] Allocating PCI resources starting at 4000000 (gap: 4000000:fbfc0000)
[    0.000000] Booting paravirtualized kernel on bare hardware
[    0.000000] setup_percpu: NR_CPUS:64 nr_cpumask_bits:64 nr_cpu_ids:1 nr_node_ids:1
[    0.000000] PERCPU: Embedded 27 pages/cpu @ffff880003a00000 s78848 r8192 d23552 u2097152
[    0.000000] Built 1 zonelists in Node order, mobility grouping on.  Total pages: 16008
[    0.000000] Policy zone: DMA32
[    0.000000] Kernel command line: root=/dev/vda console=tty0 console=ttyS0 no_timer_check
[    0.000000] PID hash table entries: 256 (order: -1, 2048 bytes)
[    0.000000] Checking aperture...
[    0.000000] No AGP bridge found
[    0.000000] Memory: 43492k/65528k available (6576k kernel code, 452k absent, 21584k reserved, 6620k data, 928k init)
[    0.000000] SLUB: Genslabs=15, HWalign=64, Order=0-3, MinObjects=0, CPUs=1, Nodes=1
[    0.000000] Hierarchical RCU implementation.
[    0.000000] 	RCU dyntick-idle grace-period acceleration is enabled.
[    0.000000] NR_IRQS:4352 nr_irqs:256 16
[    0.000000] Console: colour VGA+ 80x25
[    0.000000] console [tty0] enabled
[    0.000000] console [ttyS0] enabled
[    0.000000] allocated 1048576 bytes of page_cgroup
[    0.000000] please try 'cgroup_disable=memory' option if you don't want memory cgroups
[    0.000000] Fast TSC calibration failed
[    0.000000] TSC: Unable to calibrate against PIT
[    0.000000] TSC: using HPET reference calibration
[    0.000000] Detected 2292.085 MHz processor.
[    0.032842] Calibrating delay loop (skipped), value calculated using timer frequency.. 4584.17 BogoMIPS (lpj=9168340)
[    0.036851] pid_max: default: 32768 minimum: 301
[    0.044961] Security Framework initialized
[    0.048903] AppArmor: AppArmor initialized
[    0.049590] Yama: becoming mindful.
[    0.057784] Dentry cache hash table entries: 8192 (order: 4, 65536 bytes)
[    0.060395] Inode-cache hash table entries: 4096 (order: 3, 32768 bytes)
[    0.061545] Mount-cache hash table entries: 256
[    0.076803] Initializing cgroup subsys cpuacct
[    0.077649] Initializing cgroup subsys memory
[    0.078882] Initializing cgroup subsys devices
[    0.080145] Initializing cgroup subsys freezer
[    0.080848] Initializing cgroup subsys blkio
[    0.081640] Initializing cgroup subsys perf_event
[    0.085694] mce: CPU supports 10 MCE banks
[    0.089320] SMP alternatives: switching to UP code
[    0.532634] Freeing SMP alternatives: 24k freed
[    0.534240] ACPI: Core revision 20110623
[    0.580451] ftrace: allocating 26610 entries in 105 pages
[    0.607846] ..TIMER: vector=0x30 apic1=0 pin1=2 apic2=-1 pin2=-1
[    0.608152] CPU0: AMD QEMU Virtual CPU version 2.0.0 stepping 03
[    0.612037] Performance Events: Broken PMU hardware detected, using software events only.
[    0.622767] NMI watchdog disabled (cpu0): hardware events not enabled
[    0.624929] Brought up 1 CPUs
[    0.625869] Total of 1 processors activated (4584.17 BogoMIPS).
[    0.650293] devtmpfs: initialized
[    0.677903] EVM: security.selinux
[    0.678543] EVM: security.SMACK64
[    0.678963] EVM: security.capability
[    0.698937] print_constraints: dummy: 
[    0.701123] RTC time:  1:23:54, date: 12/06/15
[    0.704338] NET: Registered protocol family 16
[    0.712131] ACPI: bus type pci registered
[    0.716173] PCI: Using configuration type 1 for base access
[    0.743427] bio: create slab &lt;bio-0&gt; at 0
[    0.748847] ACPI: Added _OSI(Module Device)
[    0.749539] ACPI: Added _OSI(Processor Device)
[    0.750428] ACPI: Added _OSI(3.0 _SCP Extensions)
[    0.752141] ACPI: Added _OSI(Processor Aggregator Device)
[    0.825168] ACPI: Interpreter enabled
[    0.825844] ACPI: (supports S0 S3 S4 S5)
[    0.828708] ACPI: Using IOAPIC for interrupt routing
[    0.905834] ACPI: No dock devices found.
[    0.906444] HEST: Table not found.
[    0.906945] PCI: Using host bridge windows from ACPI; if necessary, use "pci=nocrs" and report a bug
[    0.912631] ACPI: PCI Root Bridge [PCI0] (domain 0000 [bus 00-ff])
[    0.918801] pci_root PNP0A03:00: host bridge window [io  0x0000-0x0cf7]
[    0.920156] pci_root PNP0A03:00: host bridge window [io  0x0d00-0xadff]
[    0.921006] pci_root PNP0A03:00: host bridge window [io  0xae0f-0xaeff]
[    0.921871] pci_root PNP0A03:00: host bridge window [io  0xaf20-0xafdf]
[    0.922753] pci_root PNP0A03:00: host bridge window [io  0xafe4-0xffff]
[    0.924107] pci_root PNP0A03:00: host bridge window [mem 0x000a0000-0x000bffff]
[    0.925099] pci_root PNP0A03:00: host bridge window [mem 0x04000000-0xfebfffff]
[    0.949763] pci 0000:00:01.3: quirk: [io  0xb000-0xb03f] claimed by PIIX4 ACPI
[    0.950956] pci 0000:00:01.3: quirk: [io  0xb100-0xb10f] claimed by PIIX4 SMB
[    1.031163]  pci0000:00: Unable to request _OSC control (_OSC support mask: 0x1e)
[    1.100980] ACPI: PCI Interrupt Link [LNKA] (IRQs 5 *10 11)
[    1.104192] ACPI: PCI Interrupt Link [LNKB] (IRQs 5 *10 11)
[    1.106094] ACPI: PCI Interrupt Link [LNKC] (IRQs 5 10 *11)
[    1.109006] ACPI: PCI Interrupt Link [LNKD] (IRQs 5 10 *11)
[    1.110258] ACPI: PCI Interrupt Link [LNKS] (IRQs *9)
[    1.118504] vgaarb: device added: PCI:0000:00:02.0,decodes=io+mem,owns=io+mem,locks=none
[    1.120256] vgaarb: loaded
[    1.120700] vgaarb: bridge control possible 0000:00:02.0
[    1.125613] i2c-core: driver [aat2870] using legacy suspend method
[    1.126311] i2c-core: driver [aat2870] using legacy resume method
[    1.129312] SCSI subsystem initialized
[    1.133258] usbcore: registered new interface driver usbfs
[    1.134370] usbcore: registered new interface driver hub
[    1.137163] usbcore: registered new device driver usb
[    1.145580] PCI: Using ACPI for IRQ routing
[    1.161354] NetLabel: Initializing
[    1.161867] NetLabel:  domain hash size = 128
[    1.162440] NetLabel:  protocols = UNLABELED CIPSOv4
[    1.165148] NetLabel:  unlabeled traffic allowed by default
[    1.168232] HPET: 3 timers in total, 0 timers will be used for per-cpu timer
[    1.169406] hpet0: at MMIO 0xfed00000, IRQs 2, 8, 0
[    1.170451] hpet0: 3 comparators, 64-bit 100.000000 MHz counter
[    1.186023] Switching to clocksource hpet
[    1.461868] AppArmor: AppArmor Filesystem Enabled
[    1.463055] pnp: PnP ACPI init
[    1.465077] ACPI: bus type pnp registered
[    1.483549] pnp: PnP ACPI: found 9 devices
[    1.484070] ACPI: ACPI bus type pnp unregistered
[    1.541850] NET: Registered protocol family 2
[    1.583201] IP route cache hash table entries: 512 (order: 0, 4096 bytes)
[    1.591613] TCP established hash table entries: 2048 (order: 3, 32768 bytes)
[    1.594789] TCP bind hash table entries: 2048 (order: 3, 32768 bytes)
[    1.595866] TCP: Hash tables configured (established 2048 bind 2048)
[    1.597836] TCP reno registered
[    1.598419] UDP hash table entries: 128 (order: 0, 4096 bytes)
[    1.599869] UDP-Lite hash table entries: 128 (order: 0, 4096 bytes)
[    1.603362] NET: Registered protocol family 1
[    1.605313] pci 0000:00:00.0: Limiting direct PCI/PCI transfers
[    1.606497] pci 0000:00:01.0: PIIX3: Enabling Passive Release
[    1.607492] pci 0000:00:01.0: Activating ISA DMA hang workarounds
[    1.613686] ACPI: PCI Interrupt Link [LNKD] enabled at IRQ 11
[    1.614700] pci 0000:00:01.2: PCI INT D -&gt; Link[LNKD] -&gt; GSI 11 (level, high) -&gt; IRQ 11
[    1.618181] pci 0000:00:01.2: PCI INT D disabled
[    1.635874] Trying to unpack rootfs image as initramfs...
[    1.653798] audit: initializing netlink socket (disabled)
[    1.655195] type=2000 audit(1449365034.652:1): initialized
[    1.999193] HugeTLB registered 2 MB page size, pre-allocated 0 pages
[    2.083094] VFS: Disk quotas dquot_6.5.2
[    2.086210] Dquot-cache hash table entries: 512 (order 0, 4096 bytes)
[    2.102669] fuse init (API version 7.17)
[    2.106459] msgmni has been set to 84
[    2.142017] Block layer SCSI generic (bsg) driver version 0.4 loaded (major 253)
[    2.143583] io scheduler noop registered
[    2.145488] io scheduler deadline registered (default)
[    2.146676] io scheduler cfq registered
[    2.150545] pci_hotplug: PCI Hot Plug PCI Core version: 0.5
[    2.153379] pciehp: PCI Express Hot Plug Controller Driver version: 0.4
[    2.158914] input: Power Button as /devices/LNXSYSTM:00/LNXPWRBN:00/input/input0
[    2.161387] ACPI: Power Button [PWRF]
[    2.214856] ERST: Table is not found!
[    2.215375] GHES: HEST is not enabled!
[    2.226736] ACPI: PCI Interrupt Link [LNKC] enabled at IRQ 10
[    2.227472] virtio-pci 0000:00:03.0: PCI INT A -&gt; Link[LNKC] -&gt; GSI 10 (level, high) -&gt; IRQ 10
[    2.231674] virtio-pci 0000:00:04.0: PCI INT A -&gt; Link[LNKD] -&gt; GSI 11 (level, high) -&gt; IRQ 11
[    2.248942] ACPI: PCI Interrupt Link [LNKA] enabled at IRQ 10
[    2.249905] virtio-pci 0000:00:05.0: PCI INT A -&gt; Link[LNKA] -&gt; GSI 10 (level, high) -&gt; IRQ 10
[    2.265832] Serial: 8250/16550 driver, 32 ports, IRQ sharing enabled
[    2.307164] serial8250: ttyS0 at I/O 0x3f8 (irq = 4) is a 16550A
[    2.395501] serial8250: ttyS1 at I/O 0x2f8 (irq = 3) is a 16550A
[    2.547416] 00:05: ttyS0 at I/O 0x3f8 (irq = 4) is a 16550A
[    2.642208] 00:06: ttyS1 at I/O 0x2f8 (irq = 3) is a 16550A
[    2.643275] Refined TSC clocksource calibration: 2292.137 MHz.
[    2.644024] Switching to clocksource tsc
[    2.705748] Linux agpgart interface v0.103
[    2.758846] brd: module loaded
[    2.794028] loop: module loaded
[    2.833921]  vda: unknown partition table
[    2.885988] scsi0 : ata_piix
[    2.893181] scsi1 : ata_piix
[    2.894084] ata1: PATA max MWDMA2 cmd 0x1f0 ctl 0x3f6 bmdma 0xc0a0 irq 14
[    2.894967] ata2: PATA max MWDMA2 cmd 0x170 ctl 0x376 bmdma 0xc0a8 irq 15
[    2.906142] Fixed MDIO Bus: probed
[    2.906928] tun: Universal TUN/TAP device driver, 1.6
[    2.907526] tun: (C) 1999-2004 Max Krasnyansky &lt;maxk@qualcomm.com&gt;
[    2.920070] PPP generic driver version 2.4.2
[    2.941662] ehci_hcd: USB 2.0 'Enhanced' Host Controller (EHCI) Driver
[    2.942675] ohci_hcd: USB 1.1 'Open' Host Controller (OHCI) Driver
[    2.943569] uhci_hcd: USB Universal Host Controller Interface driver
[    2.945312] uhci_hcd 0000:00:01.2: PCI INT D -&gt; Link[LNKD] -&gt; GSI 11 (level, high) -&gt; IRQ 11
[    2.947811] uhci_hcd 0000:00:01.2: UHCI Host Controller
[    2.966246] uhci_hcd 0000:00:01.2: new USB bus registered, assigned bus number 1
[    2.968160] uhci_hcd 0000:00:01.2: irq 11, io base 0x0000c040
[    2.991675] hub 1-0:1.0: USB hub found
[    2.995098] hub 1-0:1.0: 2 ports detected
[    3.004908] usbcore: registered new interface driver libusual
[    3.007722] i8042: PNP: PS/2 Controller [PNP0303:KBD,PNP0f13:MOU] at 0x60,0x64 irq 1,12
[    3.017776] serio: i8042 KBD port at 0x60,0x64 irq 1
[    3.019355] serio: i8042 AUX port at 0x60,0x64 irq 12
[    3.066710] mousedev: PS/2 mouse device common for all mice
[    3.081940] input: AT Translated Set 2 keyboard as /devices/platform/i8042/serio0/input/input1
[    3.097468] rtc_cmos 00:01: RTC can wake from S4
[    3.122047] rtc_cmos 00:01: rtc core: registered rtc_cmos as rtc0
[    3.125836] rtc0: alarms up to one day, 114 bytes nvram, hpet irqs
[    3.130172] device-mapper: uevent: version 1.0.3
[    3.144102] device-mapper: ioctl: 4.22.0-ioctl (2011-10-19) initialised: dm-devel@redhat.com
[    3.147408] cpuidle: using governor ladder
[    3.147955] cpuidle: using governor menu
[    3.150485] EFI Variables Facility v0.08 2004-May-17
[    3.162261] TCP cubic registered
[    3.167760] NET: Registered protocol family 10
[    3.203956] NET: Registered protocol family 17
[    3.205239] Registering the dns_resolver key type
[    3.237503] ata2.01: ATAPI: QEMU DVD-ROM, 2.0.0, max UDMA/100
[    3.253440] ata2.01: configured for MWDMA2
[    3.292711] scsi 1:0:1:0: CD-ROM            QEMU     QEMU DVD-ROM     2.0. PQ: 0 ANSI: 5
[    3.323570] sr0: scsi3-mmc drive: 4x/4x cd/rw xa/form2 tray
[    3.327520] cdrom: Uniform CD-ROM driver Revision: 3.20
[    3.359558] sr 1:0:1:0: Attached scsi generic sg0 type 5
[    3.383251] registered taskstats version 1
[    3.433601] Freeing initrd memory: 3656k freed
[    3.925682]   Magic number: 11:412:356
[    3.937797] rtc_cmos 00:01: setting system clock to 2015-12-06 01:23:57 UTC (1449365037)
[    3.940000] powernow-k8: Processor cpuid 663 not supported
[    3.950823] BIOS EDD facility v0.16 2004-Jun-25, 0 devices found
[    3.954880] EDD information not available.
[    4.022597] Freeing unused kernel memory: 928k freed
[    4.027521] Write protecting the kernel read-only data: 12288k
[    4.162531] Freeing unused kernel memory: 1596k freed
[    4.227266] Freeing unused kernel memory: 1184k freed

info: initramfs: up at 4.42
modprobe: module virtio_blk not found in modules.dep
modprobe: module virtio_net not found in modules.dep
info: copying initramfs to /dev/vda
info: initramfs loading root from /dev/vda
info: /etc/init.d/rc.sysinit: up at 9.35
info: container: none
Starting logging: OK
modprobe: module virtio_blk not found in modules.dep
modprobe: module virtio_net not found in modules.dep
WARN: /etc/rc3.d/S10-load-modules failed
Initializing random number generator... done.
Starting acpid: OK
cirros-ds 'local' up at 11.85
found datasource (configdrive, local)
Starting network...
udhcpc (v1.20.1) started
Sending discover...
Sending discover...
Sending discover...
Usage: /sbin/cirros-dhcpc &lt;up|down&gt;
No lease, failing
WARN: /etc/rc3.d/S40-network failed
Starting dropbear sshd: generating rsa key... generating dsa key... OK
no userdata for datasource
=== system information ===
Platform: OpenStack Foundation OpenStack Nova
Container: none
Arch: x86_64
CPU(s): 1 @ 2292.085 MHz
Cores/Sockets/Threads: 1/1/1
Virt-type: AMD-V
RAM Size: 49MB
Disks:
NAME MAJ:MIN     SIZE LABEL         MOUNTPOINT
vda  253:0   25165824 cirros-rootfs /
sr0   11:0     428032 config-2      
=== sshd host keys ===
-----BEGIN SSH HOST KEY KEYS-----
ssh-rsa AAAAB3NzaC1yc2EAAAADAQABAAAAgnvxvyVKSzgUVz+xBZXzPnJtrtb/hxQFWpvhV5Q+EAudAj2ZewyJoyeNsnXZPRw19qaintzxnvzOcHisnBDDBbBNQRHVFeuz4dO/zW1lzynwNFMuXMt0gS3n3C5/a94WziVU4qSB3TxbwyErKpGRQ+a/N7NUUIrzW/K+5FAt+xCHwgU= root@tempest
ssh-dss AAAAB3NzaC1kc3MAAACBAO8DJEHB8YpVP8m2EJ1BHmMsyme9EXc7S0K8HukosjbhIwaWWDBzTvw/nK6PphJrbVZwrBj5vKj9OyoQvwWAr2OmsLM5cb5OW8cdF/Ncj6vGBg1LXgwol7GxO8z9eFQqoBKoXp5l5o6TfuUxli168g0Ic6ygah8Ke4epSIlZhieRAAAAFQDK2De2NlTKKPKACyrTuchAFM/4owAAAIEAv8Pw82J/659MY7tVrr42oogbzYCLnKHVnRlSQdwV936W9Du2hpKXwABlUhqjr2YTXYkk/UmEhXj3adwjSY8HLU/jT+iHFoBvI79ffSJu3JdyjT4NGlkBJIyeaxp7tOlkZGnwzoG/lZfMiP0TGnqQWGGeWYPQBMohB1I3CcyLO38AAACAPEpDCjwQ5qvSdXnltvOVJjePoQDuLRJ+qnPH1ogwSKTS5HGutnaIHMYAKo8uWVQIiiB46RF10H/k/UMDGcv0sRgan+50R+mXKeuTA1Y4v1ZIHcNGTWPxg6dKJKX81tgA7W/16jojHqPVsn9LB/u+1a/PIGMOo1/hWw52xfMslZ4= root@tempest
-----END SSH HOST KEY KEYS-----
=== network info ===
if-info: lo,up,127.0.0.1,8,::1
if-info: eth0,up,,8,fe80::f816:3eff:fe53:880
=== datasource: configdrive local ===
instance-id: 229a1f8e-23be-46b6-8fd9-3dc159457565
name: tempest.common.compute-instance-739856358
availability-zone: nova
local-hostname: tempest.common.compute-instance-739856358.novalocal
launch-index: 0
=== cirros: current=0.3.4 uptime=203.68 ===
route: fscanf
=== pinging gateway failed, debugging connection ===
############ debug start ##############
### /etc/init.d/sshd start
Starting dropbear sshd: OK
route: fscanf
### ifconfig -a
eth0      Link encap:Ethernet  HWaddr FA:16:3E:53:08:80  
          inet6 addr: fe80::f816:3eff:fe53:880/64 Scope:Link
          UP BROADCAST RUNNING MULTICAST  MTU:1500  Metric:1
          RX packets:12 errors:0 dropped:5 overruns:0 frame:0
          TX packets:8 errors:0 dropped:0 overruns:0 carrier:0
          collisions:0 txqueuelen:1000 
          RX bytes:1293 (1.2 KiB)  TX bytes:1134 (1.1 KiB)

lo        Link encap:Local Loopback  
          inet addr:127.0.0.1  Mask:255.0.0.0
          inet6 addr: ::1/128 Scope:Host
          UP LOOPBACK RUNNING  MTU:16436  Metric:1
          RX packets:12 errors:0 dropped:0 overruns:0 frame:0
          TX packets:12 errors:0 dropped:0 overruns:0 carrier:0
          collisions:0 txqueuelen:0 
          RX bytes:1020 (1020.0 B)  TX bytes:1020 (1020.0 B)

### route -n
Kernel IP routing table
Destination     Gateway         Genmask         Flags Metric Ref    Use Iface
route: fscanf
### cat /etc/resolv.conf
cat: can't open '/etc/resolv.conf': No such file or directory
### gateway not found
/sbin/cirros-status: line 1: can't open /etc/resolv.conf: no such file
### pinging nameservers
### uname -a
Linux tempest 3.2.0-80-virtual #116-Ubuntu SMP Mon Mar 23 17:28:52 UTC 2015 x86_64 GNU/Linux
### lsmod
Module                  Size  Used by    Not tainted
nls_iso8859_1          12713  0 
nls_cp437              16991  0 
vfat                   17585  0 
fat                    61512  1 vfat
isofs                  40259  0 
ip_tables              27473  0 
x_tables               29891  1 ip_tables
pcnet32                42119  0 
8139cp                 27360  0 
ne2k_pci               13691  0 
8390                   18856  1 ne2k_pci
e1000                 108589  0 
acpiphp                24231  0 
### dmesg | tail
[    5.256933] EXT3-fs (vda): mounted filesystem with ordered data mode
[    5.607405] ISO 9660 Extensions: Microsoft Joliet Level 3
[    5.685853] ISO 9660 Extensions: RRIP_1991A
[    5.946742] kjournald starting.  Commit interval 5 seconds
[    5.962809] EXT3-fs (vda): using internal journal
[    5.963463] EXT3-fs (vda): mounted filesystem with ordered data mode
[    9.419589] EXT3-fs (vda): using internal journal
[   12.638153] ISO 9660 Extensions: Microsoft Joliet Level 3
[   12.723868] ISO 9660 Extensions: RRIP_1991A
[   27.867420] eth0: no IPv6 routers present
### tail -n 25 /var/log/messages
Dec  6 01:24:04 cirros kern.info kernel: [    4.741457] acpiphp: Slot [26] registered
Dec  6 01:24:04 cirros kern.info kernel: [    4.741800] acpiphp: Slot [27] registered
Dec  6 01:24:04 cirros kern.info kernel: [    4.742367] acpiphp: Slot [28] registered
Dec  6 01:24:04 cirros kern.info kernel: [    4.743001] acpiphp: Slot [29] registered
Dec  6 01:24:04 cirros kern.info kernel: [    4.743382] acpiphp: Slot [30] registered
Dec  6 01:24:04 cirros kern.info kernel: [    4.743712] acpiphp: Slot [31] registered
Dec  6 01:24:04 cirros kern.info kernel: [    4.799855] e1000: Intel(R) PRO/1000 Network Driver - version 7.3.21-k8-NAPI
Dec  6 01:24:04 cirros kern.info kernel: [    4.799932] e1000: Copyright (c) 1999-2006 Intel Corporation.
Dec  6 01:24:04 cirros kern.info kernel: [    4.849258] ne2k-pci.c:v1.03 9/22/2003 D. Becker/P. Gortmaker
Dec  6 01:24:04 cirros kern.info kernel: [    4.891206] 8139cp: 8139cp: 10/100 PCI Ethernet driver v1.3 (Mar 22, 2004)
Dec  6 01:24:04 cirros kern.info kernel: [    4.934941] pcnet32: pcnet32.c:v1.35 21.Apr.2008 tsbogend@alpha.franken.de
Dec  6 01:24:04 cirros kern.info kernel: [    4.986763] ip_tables: (C) 2000-2006 Netfilter Core Team
Dec  6 01:24:04 cirros kern.info kernel: [    5.251677] kjournald starting.  Commit interval 5 seconds
Dec  6 01:24:04 cirros kern.info kernel: [    5.256933] EXT3-fs (vda): mounted filesystem with ordered data mode
Dec  6 01:24:04 cirros kern.debug kernel: [    5.607405] ISO 9660 Extensions: Microsoft Joliet Level 3
Dec  6 01:24:04 cirros kern.debug kernel: [    5.685853] ISO 9660 Extensions: RRIP_1991A
Dec  6 01:24:04 cirros kern.info kernel: [    5.946742] kjournald starting.  Commit interval 5 seconds
Dec  6 01:24:04 cirros kern.info kernel: [    5.962809] EXT3-fs (vda): using internal journal
Dec  6 01:24:04 cirros kern.info kernel: [    5.963463] EXT3-fs (vda): mounted filesystem with ordered data mode
Dec  6 01:24:04 cirros kern.info kernel: [    9.419589] EXT3-fs (vda): using internal journal
Dec  6 01:24:06 cirros kern.debug kernel: [   12.638153] ISO 9660 Extensions: Microsoft Joliet Level 3
Dec  6 01:24:06 cirros kern.debug kernel: [   12.723868] ISO 9660 Extensions: RRIP_1991A
Dec  6 01:24:09 cirros auth.notice su: + /dev/console root:cirros
Dec  6 01:24:21 cirros kern.debug kernel: [   27.867420] eth0: no IPv6 routers present
Dec  6 01:27:15 cirros authpriv.info dropbear[283]: Running in background
############ debug end   ##############
  ____               ____  ____
 / __/ __ ____ ____ / __ \/ __/
/ /__ / // __// __// /_/ /\ \ 
\___//_//_/  /_/   \____/___/ 
   http://cirros-cloud.net


login as 'cirros' user. default password: 'cubswin:)'. use 'sudo' for root.
tempest login: 
2015-12-06 01:27:25,379 20313 INFO     [tempest_lib.common.rest_client] Request (TestGettingAddress:_run_cleanups): 204 DELETE http://10.0.2.15:9696/v2.0/floatingips/14c6a5cb-a392-4b28-82ea-49dac3297f09 0.274s
2015-12-06 01:27:25,379 20313 DEBUG    [tempest_lib.common.rest_client] Request - Headers: {'Content-Type': 'application/json', 'Accept': 'application/json', 'X-Auth-Token': '&lt;omitted&gt;'}
        Body: None
    Response - Headers: {'date': 'Sun, 06 Dec 2015 01:27:25 GMT', 'status': '204', 'connection': 'close', 'content-length': '0', 'x-openstack-request-id': 'req-86e31155-6390-4725-8fef-0dd50e609bf6'}
        Body: 
2015-12-06 01:27:25,722 20313 INFO     [tempest_lib.common.rest_client] Request (TestGettingAddress:_run_cleanups): 204 DELETE http://10.0.2.15:8774/v2.1/43a098b4bd4845eba9366236c3ff54c4/servers/229a1f8e-23be-46b6-8fd9-3dc159457565 0.341s
2015-12-06 01:27:25,723 20313 DEBUG    [tempest_lib.common.rest_client] Request - Headers: {'Content-Type': 'application/json', 'Accept': 'application/json', 'X-Auth-Token': '&lt;omitted&gt;'}
        Body: None
    Response - Headers: {'status': '204', 'content-length': '0', 'x-compute-request-id': 'req-a4ad1305-debf-4efa-9aaf-798a248d8a60', 'vary': 'X-OpenStack-Nova-API-Version', 'connection': 'close', 'x-openstack-nova-api-version': '2.1', 'date': 'Sun, 06 Dec 2015 01:27:25 GMT', 'content-type': 'application/json'}
        Body: 
2015-12-06 01:27:25,951 20313 INFO     [tempest_lib.common.rest_client] Request (TestGettingAddress:_run_cleanups): 200 GET http://10.0.2.15:8774/v2.1/43a098b4bd4845eba9366236c3ff54c4/servers/229a1f8e-23be-46b6-8fd9-3dc159457565 0.227s
2015-12-06 01:27:25,951 20313 DEBUG    [tempest_lib.common.rest_client] Request - Headers: {'Content-Type': 'application/json', 'Accept': 'application/json', 'X-Auth-Token': '&lt;omitted&gt;'}
        Body: None
    Response - Headers: {'status': '200', 'content-length': '1901', 'content-location': 'http://10.0.2.15:8774/v2.1/43a098b4bd4845eba9366236c3ff54c4/servers/229a1f8e-23be-46b6-8fd9-3dc159457565', 'x-compute-request-id': 'req-5df5533a-560c-4a59-abd6-703363d7bf48', 'vary': 'X-OpenStack-Nova-API-Version', 'connection': 'close', 'x-openstack-nova-api-version': '2.1', 'date': 'Sun, 06 Dec 2015 01:27:25 GMT', 'content-type': 'application/json'}
        Body: {"server": {"status": "ACTIVE", "updated": "2015-12-06T01:27:25Z", "hostId": "38867b3c47709eeff7ce04721c4a42a59d0ebfe4abe8be642ebf54c5", "addresses": {"tempest-network-smoke--1338054747": [{"OS-EXT-IPS-MAC:mac_addr": "fa:16:3e:53:08:80", "version": 4, "addr": "10.100.0.3", "OS-EXT-IPS:type": "fixed"}, {"OS-EXT-IPS-MAC:mac_addr": "fa:16:3e:53:08:80", "version": 6, "addr": "2003::f816:3eff:fe53:880", "OS-EXT-IPS:type": "fixed"}, {"OS-EXT-IPS-MAC:mac_addr": "fa:16:3e:53:08:80", "version": 4, "addr": "172.24.4.4", "OS-EXT-IPS:type": "floating"}]}, "links": [{"href": "http://10.0.2.15:8774/v2.1/43a098b4bd4845eba9366236c3ff54c4/servers/229a1f8e-23be-46b6-8fd9-3dc159457565", "rel": "self"}, {"href": "http://10.0.2.15:8774/43a098b4bd4845eba9366236c3ff54c4/servers/229a1f8e-23be-46b6-8fd9-3dc159457565", "rel": "bookmark"}], "key_name": "tempest-TestGettingAddress-13690057", "image": {"id": "f44bdb93-5657-4fc3-91fa-a43432882197", "links": [{"href": "http://10.0.2.15:8774/43a098b4bd4845eba9366236c3ff54c4/images/f44bdb93-5657-4fc3-91fa-a43432882197", "rel": "bookmark"}]}, "OS-EXT-STS:task_state": "deleting", "OS-EXT-STS:vm_state": "active", "OS-SRV-USG:launched_at": "2015-12-06T01:23:50.000000", "flavor": {"id": "42", "links": [{"href": "http://10.0.2.15:8774/43a098b4bd4845eba9366236c3ff54c4/flavors/42", "rel": "bookmark"}]}, "id": "229a1f8e-23be-46b6-8fd9-3dc159457565", "security_groups": [{"name": "tempest-secgroup-smoke-1959803506"}], "OS-SRV-USG:terminated_at": null, "OS-EXT-AZ:availability_zone": "nova", "user_id": "cb3d98f2440c47c095a1afc92802cabc", "name": "tempest.common.compute-instance-739856358", "created": "2015-12-06T01:23:47Z", "tenant_id": "43a098b4bd4845eba9366236c3ff54c4", "OS-DCF:diskConfig": "MANUAL", "os-extended-volumes:volumes_attached": [], "accessIPv4": "", "accessIPv6": "", "progress": 0, "OS-EXT-STS:power_state": 1, "config_drive": "True", "metadata": {}}}
2015-12-06 01:27:27,087 20313 INFO     [tempest_lib.common.rest_client] Request (TestGettingAddress:_run_cleanups): 200 GET http://10.0.2.15:8774/v2.1/43a098b4bd4845eba9366236c3ff54c4/servers/229a1f8e-23be-46b6-8fd9-3dc159457565 0.125s
2015-12-06 01:27:27,088 20313 DEBUG    [tempest_lib.common.rest_client] Request - Headers: {'Content-Type': 'application/json', 'Accept': 'application/json', 'X-Auth-Token': '&lt;omitted&gt;'}
        Body: None
    Response - Headers: {'status': '200', 'content-length': '1437', 'content-location': 'http://10.0.2.15:8774/v2.1/43a098b4bd4845eba9366236c3ff54c4/servers/229a1f8e-23be-46b6-8fd9-3dc159457565', 'x-compute-request-id': 'req-eef3ab4e-7b3c-4da9-8b24-68870b8e3cc4', 'vary': 'X-OpenStack-Nova-API-Version', 'connection': 'close', 'x-openstack-nova-api-version': '2.1', 'date': 'Sun, 06 Dec 2015 01:27:27 GMT', 'content-type': 'application/json'}
        Body: {"server": {"status": "ACTIVE", "updated": "2015-12-06T01:27:26Z", "hostId": "38867b3c47709eeff7ce04721c4a42a59d0ebfe4abe8be642ebf54c5", "addresses": {}, "links": [{"href": "http://10.0.2.15:8774/v2.1/43a098b4bd4845eba9366236c3ff54c4/servers/229a1f8e-23be-46b6-8fd9-3dc159457565", "rel": "self"}, {"href": "http://10.0.2.15:8774/43a098b4bd4845eba9366236c3ff54c4/servers/229a1f8e-23be-46b6-8fd9-3dc159457565", "rel": "bookmark"}], "key_name": "tempest-TestGettingAddress-13690057", "image": {"id": "f44bdb93-5657-4fc3-91fa-a43432882197", "links": [{"href": "http://10.0.2.15:8774/43a098b4bd4845eba9366236c3ff54c4/images/f44bdb93-5657-4fc3-91fa-a43432882197", "rel": "bookmark"}]}, "OS-EXT-STS:task_state": "deleting", "OS-EXT-STS:vm_state": "active", "OS-SRV-USG:launched_at": "2015-12-06T01:23:50.000000", "flavor": {"id": "42", "links": [{"href": "http://10.0.2.15:8774/43a098b4bd4845eba9366236c3ff54c4/flavors/42", "rel": "bookmark"}]}, "id": "229a1f8e-23be-46b6-8fd9-3dc159457565", "OS-SRV-USG:terminated_at": null, "OS-EXT-AZ:availability_zone": "nova", "user_id": "cb3d98f2440c47c095a1afc92802cabc", "name": "tempest.common.compute-instance-739856358", "created": "2015-12-06T01:23:47Z", "tenant_id": "43a098b4bd4845eba9366236c3ff54c4", "OS-DCF:diskConfig": "MANUAL", "os-extended-volumes:volumes_attached": [], "accessIPv4": "", "accessIPv6": "", "progress": 0, "OS-EXT-STS:power_state": 1, "config_drive": "True", "metadata": {}}}
2015-12-06 01:27:28,189 20313 INFO     [tempest_lib.common.rest_client] Request (TestGettingAddress:_run_cleanups): 404 GET http://10.0.2.15:8774/v2.1/43a098b4bd4845eba9366236c3ff54c4/servers/229a1f8e-23be-46b6-8fd9-3dc159457565 0.091s
2015-12-06 01:27:28,190 20313 DEBUG    [tempest_lib.common.rest_client] Request - Headers: {'Content-Type': 'application/json', 'Accept': 'application/json', 'X-Auth-Token': '&lt;omitted&gt;'}
        Body: None
    Response - Headers: {'status': '404', 'content-length': '111', 'x-compute-request-id': 'req-11c6d36f-aadb-4390-87db-113182b29203', 'vary': 'X-OpenStack-Nova-API-Version', 'connection': 'close', 'x-openstack-nova-api-version': '2.1', 'date': 'Sun, 06 Dec 2015 01:27:28 GMT', 'content-type': 'application/json; charset=UTF-8'}
        Body: {"itemNotFound": {"message": "Instance 229a1f8e-23be-46b6-8fd9-3dc159457565 could not be found.", "code": 404}}
2015-12-06 01:27:28,649 20313 INFO     [tempest_lib.common.rest_client] Request (TestGettingAddress:_run_cleanups): 200 PUT http://10.0.2.15:9696/v2.0/routers/1f9768c7-5c07-4ef0-ac49-42252bbf0764/remove_router_interface 0.458s
2015-12-06 01:27:28,650 20313 DEBUG    [tempest_lib.common.rest_client] Request - Headers: {'Content-Type': 'application/json', 'Accept': 'application/json', 'X-Auth-Token': '&lt;omitted&gt;'}
        Body: {"subnet_id": "122c4d35-d693-4039-b044-465f02a16751"}
    Response - Headers: {'status': '200', 'content-length': '255', 'connection': 'close', 'date': 'Sun, 06 Dec 2015 01:27:28 GMT', 'content-type': 'application/json; charset=UTF-8', 'x-openstack-request-id': 'req-a2b6579e-79ee-439c-ade6-1fc2f616799e'}
        Body: {"subnet_id": "122c4d35-d693-4039-b044-465f02a16751", "tenant_id": "43a098b4bd4845eba9366236c3ff54c4", "subnet_ids": ["122c4d35-d693-4039-b044-465f02a16751"], "port_id": "3a49b806-e2c4-4390-afb9-e6033314e993", "id": "1f9768c7-5c07-4ef0-ac49-42252bbf0764"}
2015-12-06 01:27:29,220 20313 INFO     [tempest_lib.common.rest_client] Request (TestGettingAddress:_run_cleanups): 204 DELETE http://10.0.2.15:9696/v2.0/subnets/122c4d35-d693-4039-b044-465f02a16751 0.569s
2015-12-06 01:27:29,221 20313 DEBUG    [tempest_lib.common.rest_client] Request - Headers: {'Content-Type': 'application/json', 'Accept': 'application/json', 'X-Auth-Token': '&lt;omitted&gt;'}
        Body: None
    Response - Headers: {'date': 'Sun, 06 Dec 2015 01:27:29 GMT', 'status': '204', 'connection': 'close', 'content-length': '0', 'x-openstack-request-id': 'req-38efec1e-5cc6-4400-a856-7cb0cf53b2e3'}
        Body: 
2015-12-06 01:27:29,269 20313 INFO     [tempest_lib.common.rest_client] Request (TestGettingAddress:_run_cleanups): 404 DELETE http://10.0.2.15:9696/v2.0/subnets/122c4d35-d693-4039-b044-465f02a16751 0.047s
2015-12-06 01:27:29,269 20313 DEBUG    [tempest_lib.common.rest_client] Request - Headers: {'Content-Type': 'application/json', 'Accept': 'application/json', 'X-Auth-Token': '&lt;omitted&gt;'}
        Body: None
    Response - Headers: {'status': '404', 'content-length': '136', 'connection': 'close', 'date': 'Sun, 06 Dec 2015 01:27:29 GMT', 'content-type': 'application/json; charset=UTF-8', 'x-openstack-request-id': 'req-644036da-6961-47e2-b3be-81e3d609d402'}
        Body: {"NeutronError": {"message": "Subnet 122c4d35-d693-4039-b044-465f02a16751 could not be found.", "type": "SubnetNotFound", "detail": ""}}
2015-12-06 01:27:29,758 20313 INFO     [tempest_lib.common.rest_client] Request (TestGettingAddress:_run_cleanups): 200 PUT http://10.0.2.15:9696/v2.0/routers/1f9768c7-5c07-4ef0-ac49-42252bbf0764/remove_router_interface 0.488s
2015-12-06 01:27:29,759 20313 DEBUG    [tempest_lib.common.rest_client] Request - Headers: {'Content-Type': 'application/json', 'Accept': 'application/json', 'X-Auth-Token': '&lt;omitted&gt;'}
