<?xml version="1.0" encoding="UTF-8"?>
<!DOCTYPE html PUBLIC "-//W3C//DTD XHTML 1.0 Strict//EN"
     "http://www.w3.org/TR/xhtml1/DTD/xhtml1-strict.dtd">
<html xmlns="http://www.w3.org/1999/xhtml">
<head>
    <title>Unit Test Report</title>
    <meta name="generator" content="subunit2html 0.1"/>
    <meta http-equiv="Content-Type" content="text/html; charset=UTF-8"/>
    
<style type="text/css" media="screen">
body        { font-family: verdana, arial, helvetica, sans-serif;
    font-size: 80%; }
table       { font-size: 100%; width: 100%;}
pre         { font-size: 80%; }

/* -- heading -------------------------------------------------------------- */
h1 {
        font-size: 16pt;
        color: gray;
}
.heading {
    margin-top: 0ex;
    margin-bottom: 1ex;
}

.heading .attribute {
    margin-top: 1ex;
    margin-bottom: 0;
}

.heading .description {
    margin-top: 4ex;
    margin-bottom: 6ex;
}

/* -- css div popup -------------------------------------------------------- */
a.popup_link {
}

a.popup_link:hover {
    color: red;
}

.popup_window {
    display: none;
    overflow-x: scroll;
    /*border: solid #627173 1px; */
    padding: 10px;
    background-color: #E6E6D6;
    font-family: "Ubuntu Mono", "Lucida Console", "Courier New", monospace;
    text-align: left;
    font-size: 8pt;
}

}
/* -- report --------------------------------------------------------------- */
#show_detail_line {
    margin-top: 3ex;
    margin-bottom: 1ex;
}
#result_table {
    width: 100%;
    border-collapse: collapse;
    border: 1px solid #777;
}
#header_row {
    font-weight: bold;
    color: white;
    background-color: #777;
}
#result_table td {
    border: 1px solid #777;
    padding: 2px;
}
#total_row  { font-weight: bold; }
.passClass  { background-color: #6c6; }
.failClass  { background-color: #c60; }
.errorClass { background-color: #c00; }
.passCase   { color: #6c6; }
.failCase   { color: #c60; font-weight: bold; }
.errorCase  { color: #c00; font-weight: bold; }
.hiddenRow  { display: none; }
.testcase   { margin-left: 2em; }
td.testname {width: 40%}
td.small {width: 40px}

/* -- ending --------------------------------------------------------------- */
#ending {
}

</style>

</head>
<body>
<script language="javascript" type="text/javascript"><!--
output_list = Array();

/* level - 0:Summary; 1:Failed; 2:All */
function showCase(level) {
    trs = document.getElementsByTagName("tr");
    for (var i = 0; i < trs.length; i++) {
        tr = trs[i];
        id = tr.id;
        if (id.substr(0,2) == 'ft') {
            if (level < 1) {
                tr.className = 'hiddenRow';
            }
            else {
                tr.className = '';
            }
        }
        if (id.substr(0,2) == 'pt') {
            if (level > 1) {
                tr.className = '';
            }
            else {
                tr.className = 'hiddenRow';
            }
        }
    }
}


function showClassDetail(cid, count) {
    var id_list = Array(count);
    var toHide = 1;
    for (var i = 0; i < count; i++) {
        tid0 = 't' + cid.substr(1) + '.' + (i+1);
        tid = 'f' + tid0;
        tr = document.getElementById(tid);
        if (!tr) {
            tid = 'p' + tid0;
            tr = document.getElementById(tid);
        }
        id_list[i] = tid;
        if (tr.className) {
            toHide = 0;
        }
    }
    for (var i = 0; i < count; i++) {
        tid = id_list[i];
        if (toHide) {
            document.getElementById('div_'+tid).style.display = 'none'
            document.getElementById(tid).className = 'hiddenRow';
        }
        else {
            document.getElementById(tid).className = '';
        }
    }
}


function showTestDetail(div_id){
    var details_div = document.getElementById(div_id)
    var displayState = details_div.style.display
    // alert(displayState)
    if (displayState != 'block' ) {
        displayState = 'block'
        details_div.style.display = 'block'
    }
    else {
        details_div.style.display = 'none'
    }
}


function html_escape(s) {
    s = s.replace(/&/g,'&amp;');
    s = s.replace(/</g,'&lt;');
    s = s.replace(/>/g,'&gt;');
    return s;
}

/* obsoleted by detail in <div>
function showOutput(id, name) {
    var w = window.open("", //url
                    name,
                    "resizable,scrollbars,status,width=800,height=450");
    d = w.document;
    d.write("<pre>");
    d.write(html_escape(output_list[id]));
    d.write("\n");
    d.write("<a href='javascript:window.close()'>close</a>\n");
    d.write("</pre>\n");
    d.close();
}
*/
--></script>

<div class='heading'>
<h1>Unit Test Report</h1>

<p class='attribute'><strong>Status:</strong> Failure 8</p>

<p class='description'></p>
</div>



<p id='show_detail_line'>Show
<a href='javascript:showCase(0)'>Summary</a>
<a href='javascript:showCase(1)'>Failed</a>
<a href='javascript:showCase(2)'>All</a>
</p>
<table id='result_table'>
<colgroup>
<col align='left' />
<col align='right' />
<col align='right' />
<col align='right' />
<col align='right' />
<col align='right' />
<col align='right' />
<col align='right' />
</colgroup>
<tr id='header_row'>
    <td>Test Group/Test case</td>
    <td>Count</td>
    <td>Pass</td>
    <td>Fail</td>
    <td>Error</td>
    <td>Skip</td>
    <td>View</td>
    <td> </td>
</tr>

<tr class='failClass'>
    <td class="testname">tempest.scenario.test_network_v6.TestGettingAddress</td>
    <td class="small">8</td>
    <td class="small">0</td>
    <td class="small">8</td>
    <td class="small">0</td>
    <td class="small">0</td>
    <td class="small"><a href="javascript:showClassDetail('c1',8)"
>Detail</a></td>
    <td> </td>
</tr>

<tr id='ft1.1' class='none'>
    <td class='failCase'><div class='testcase'>test_dhcp6_stateless_from_os[compute,id-d7e1f858-187c-45a6-89c9-bdafde619a9f,network]</div></td>
    <td colspan='7' align='left'>

    <!--css div popup start-->
    <a class="popup_link" onfocus='this.blur();'
    href="javascript:showTestDetail('div_ft1.1')" >
        fail</a>

    <div id='div_ft1.1' class="popup_window">
        <div style='text-align: right; color:red;cursor:pointer'>
        <a onfocus='this.blur();'
onclick="document.getElementById('div_ft1.1').style.display = 'none' " >
           [x]</a>
        </div>
        <pre>
        
ft1.1: tempest.scenario.test_network_v6.TestGettingAddress.test_dhcp6_stateless_from_os[compute,id-d7e1f858-187c-45a6-89c9-bdafde619a9f,network]_StringException: Empty attachments:
  stderr
  stdout

pythonlogging:'': {{{
2015-12-14 18:26:37,153 25327 INFO     [tempest_lib.common.rest_client] Request (TestGettingAddress:setUp): 200 POST http://10.0.2.15:8774/v2.1/f492f231c87d4ef0bcf65a4ed1f90ddf/os-keypairs 0.347s
2015-12-14 18:26:37,153 25327 DEBUG    [tempest_lib.common.rest_client] Request - Headers: {'Content-Type': 'application/json', 'Accept': 'application/json', 'X-Auth-Token': '&lt;omitted&gt;'}
        Body: {"keypair": {"name": "tempest-TestGettingAddress-2107841310"}}
    Response - Headers: {'status': '200', 'content-length': '2320', 'x-compute-request-id': 'req-4a88823d-c1c7-4d03-8b8e-c9f0410a5850', 'vary': 'X-OpenStack-Nova-API-Version', 'connection': 'close', 'x-openstack-nova-api-version': '2.1', 'date': 'Mon, 14 Dec 2015 18:26:37 GMT', 'content-type': 'application/json'}
        Body: {"keypair": {"public_key": "ssh-rsa AAAAB3NzaC1yc2EAAAADAQABAAABAQDMjCPoy1MW0h3e18nLGSk1vzEReJlEp7sIbsDRbUWKcXN79yIVzUVC8DgLvar32nHcaPLhSv7KKVi8e914D+AlUfsaCMONzNknl/ORXAKnXz3CWsHv/OgyVCEhJ9GZEiwXF0Cu7Yg2jcY7XwLmmUcpxHHNzd3M8TGqpFaH7vG9qiCK7stynJts6ASO4zeC/fzt9SHnmZQ6SwVszHpu9Q8ynM6wGRCY7eMpRsd2lhhVuib9zZJN0xQ9uizfWUap0yLknJlPaLY9NBGfuJLd9nWjX5id6kdD9hSGCi0BFbluUcO6yhJLDMOkjwvHkbUDLfjCKR8ka+owBMJPS9ldxtRt Generated-by-Nova", "private_key": "-----BEGIN RSA PRIVATE KEY-----\nMIIEqAIBAAKCAQEAzIwj6MtTFtId3tfJyxkpNb8xEXiZRKe7CG7A0W1FinFze/ci\nFc1FQvA4C72q99px3Gjy4Ur+yilYvHvdeA/gJVH7GgjDjczZJ5fzkVwCp189wlrB\n7/zoMlQhISfRmRIsFxdAru2INo3GO18C5plHKcRxzc3dzPExqqRWh+7xvaogiu7L\ncpybbOgEjuM3gv387fUh55mUOksFbMx6bvUPMpzOsBkQmO3jKUbHdpYYVbom/c2S\nTdMUPbos31lGqdMi5JyZT2i2PTQRn7iS3fZ1o1+YnepHQ/YUhgotARW5blHDusoS\nSwzDpI8Lx5G1Ay34wikfJGvqMATCT0vZXcbUbQIDAQABAoIBAFx8zUvYi8RY03rM\ndYjo4pJT1dsBfcPmV5JzianoT7ZOoBogX4AeJcAjoCPm6eRSGIPBzHiEEXrVgTMQ\nis5b10zoqbJW3h1Cz7mwYkiKowSM8v7rTJ+36kG/eo9kUsh0yAzUzcGK07lfF5AG\n4OflzKCdG5wkBrNBJ+Txk9K4/wNzl28YivQcl9OEage4h/aU+a8NSXz+MuqNfmEL\nKXrDy5ZdFgNCovZXv9Xs0NnO1Ada2uIVp5RZyGPGcwDD5dtaoHo6dDPv1dKaNu50\n/yO6sa8HVSyQsYnWUdKNIgy+FuiIWIWwEQl06rx2yHLu/VdcDQHyOe+C8RULKCvo\nqTlhG0ECggCBAN+peZHNfbG2Z+eqKYO9IQrCoELXCLgS/8BolpC8K0akVJw8nlju\nwBxeBEK3RxNLtobZie/ThhN0s2eFkbGB+wHd/mZovcHhu3gxlQ6txNxCy/EQyFWv\nXHzKdQ4VEcD7uVFuOvcf9MTWbigZ0m+7SxERzTBZKV/+fdB/c6Y+sXP9AoIAgQDq\nHyqnGrXYgvvhHDwg0n5sl7Djtcf4E7J7A6li2A332CpsfCojr+0e3x+7LSXdZKE7\n1aT9nFXcPMX9I75Q9QISqREPOiepKwyQVg/6d6g5/wrI6E0hFPN52fvMiF8zl/c3\nTYwi/aK4EMzH2KLWVeU8AXgE7e3qXyxy8oXi0BF1MQKCAIEAig9M8YlM21PjE4dg\nFOe7665zyo593VIs+JIWzsS4WeS6La7ld7P4dgo6ywvjHbAQvXCuypFhI8VXsMEs\nS8wWKvLjREfHSlSSqgDBJ8xvxh6dUPKxFuMmTgmS89xhlyRLIk7OqxjYuGA8oxg9\nY6bTEXhRllSTS6QF+ZuSwb3VP+kCggCAF3z++3rbiZhCiugZRDW6B00EqyO+py3a\ntyq74LXKWPYv82hVlfT9dh5ugYnbBaYl4unhPqxjlM/oESh33IloJtUdaAiul/NA\ntG5d9gPxNbhXraZYrpv6fVwYPgHkgzmYzMyT5aLKo2rUEKy0UYqWj/mZv+za9KuN\nuw6HziSPy9ECggCACz5fQKBRWGB9WCptIW4LyyTuTPwlMWBqbjaTdxcBHsfMVpp5\naZhBR+fWIMQO7YCD8OKYYD7qPrsXjegnnAUdxlHfQxOSVT2PyIVfFwA6cGQ40fLg\nGcmjzjol5eNW1ts2Uubn6pfqvDWIZxYWzwbhsOLoYossWmE0DhN7rwzQKI0=\n-----END RSA PRIVATE KEY-----\n", "user_id": "67dbb436163749b2a30285a326a03adc", "name": "tempest-TestGettingAddress-2107841310", "fingerprint": "05:ec:01:c6:a8:ed:6e:a8:6d:c1:86:57:fb:cf:22:66"}}
2015-12-14 18:26:37,486 25327 INFO     [tempest_lib.common.rest_client] Request (TestGettingAddress:setUp): 201 POST http://10.0.2.15:9696/v2.0/security-groups 0.329s
2015-12-14 18:26:37,486 25327 DEBUG    [tempest_lib.common.rest_client] Request - Headers: {'Content-Type': 'application/json', 'Accept': 'application/json', 'X-Auth-Token': '&lt;omitted&gt;'}
        Body: {"security_group": {"tenant_id": "f492f231c87d4ef0bcf65a4ed1f90ddf", "description": "tempest-secgroup-smoke-1431996579 description", "name": "tempest-secgroup-smoke-1431996579"}}
    Response - Headers: {'status': '201', 'content-length': '888', 'connection': 'close', 'date': 'Mon, 14 Dec 2015 18:26:37 GMT', 'content-type': 'application/json; charset=UTF-8', 'x-openstack-request-id': 'req-551018db-1966-4911-b200-af691c70ef8f'}
        Body: {"security_group": {"tenant_id": "f492f231c87d4ef0bcf65a4ed1f90ddf", "description": "tempest-secgroup-smoke-1431996579 description", "id": "d462fa25-1826-4fc4-bdc5-c2babbc0759b", "security_group_rules": [{"remote_group_id": null, "direction": "egress", "remote_ip_prefix": null, "protocol": null, "ethertype": "IPv4", "tenant_id": "f492f231c87d4ef0bcf65a4ed1f90ddf", "port_range_max": null, "port_range_min": null, "id": "604fd050-a696-479f-bb10-3a660f46752a", "security_group_id": "d462fa25-1826-4fc4-bdc5-c2babbc0759b"}, {"remote_group_id": null, "direction": "egress", "remote_ip_prefix": null, "protocol": null, "ethertype": "IPv6", "tenant_id": "f492f231c87d4ef0bcf65a4ed1f90ddf", "port_range_max": null, "port_range_min": null, "id": "74df0bc2-a593-43b7-a280-72396141a85d", "security_group_id": "d462fa25-1826-4fc4-bdc5-c2babbc0759b"}], "name": "tempest-secgroup-smoke-1431996579"}}
2015-12-14 18:26:37,625 25327 INFO     [tempest_lib.common.rest_client] Request (TestGettingAddress:setUp): 201 POST http://10.0.2.15:9696/v2.0/security-group-rules 0.138s
2015-12-14 18:26:37,625 25327 DEBUG    [tempest_lib.common.rest_client] Request - Headers: {'Content-Type': 'application/json', 'Accept': 'application/json', 'X-Auth-Token': '&lt;omitted&gt;'}
        Body: {"security_group_rule": {"direction": "ingress", "protocol": "tcp", "tenant_id": "f492f231c87d4ef0bcf65a4ed1f90ddf", "port_range_max": 22, "security_group_id": "d462fa25-1826-4fc4-bdc5-c2babbc0759b", "port_range_min": 22}}
    Response - Headers: {'status': '201', 'content-length': '340', 'connection': 'close', 'date': 'Mon, 14 Dec 2015 18:26:37 GMT', 'content-type': 'application/json; charset=UTF-8', 'x-openstack-request-id': 'req-25f9b38b-7003-4081-a995-03453838c669'}
        Body: {"security_group_rule": {"remote_group_id": null, "direction": "ingress", "remote_ip_prefix": null, "protocol": "tcp", "ethertype": "IPv4", "tenant_id": "f492f231c87d4ef0bcf65a4ed1f90ddf", "port_range_max": 22, "port_range_min": 22, "id": "e2a4c507-aa29-4c36-83bb-d4d1eed2bdb7", "security_group_id": "d462fa25-1826-4fc4-bdc5-c2babbc0759b"}}
2015-12-14 18:26:37,744 25327 INFO     [tempest_lib.common.rest_client] Request (TestGettingAddress:setUp): 201 POST http://10.0.2.15:9696/v2.0/security-group-rules 0.118s
2015-12-14 18:26:37,745 25327 DEBUG    [tempest_lib.common.rest_client] Request - Headers: {'Content-Type': 'application/json', 'Accept': 'application/json', 'X-Auth-Token': '&lt;omitted&gt;'}
        Body: {"security_group_rule": {"direction": "egress", "protocol": "tcp", "tenant_id": "f492f231c87d4ef0bcf65a4ed1f90ddf", "port_range_max": 22, "security_group_id": "d462fa25-1826-4fc4-bdc5-c2babbc0759b", "port_range_min": 22}}
    Response - Headers: {'status': '201', 'content-length': '339', 'connection': 'close', 'date': 'Mon, 14 Dec 2015 18:26:37 GMT', 'content-type': 'application/json; charset=UTF-8', 'x-openstack-request-id': 'req-653743b7-abc3-451c-bf5f-1ad67a2288e6'}
        Body: {"security_group_rule": {"remote_group_id": null, "direction": "egress", "remote_ip_prefix": null, "protocol": "tcp", "ethertype": "IPv4", "tenant_id": "f492f231c87d4ef0bcf65a4ed1f90ddf", "port_range_max": 22, "port_range_min": 22, "id": "030ac6c3-7f13-4236-bcee-d34bd024005e", "security_group_id": "d462fa25-1826-4fc4-bdc5-c2babbc0759b"}}
2015-12-14 18:26:37,869 25327 INFO     [tempest_lib.common.rest_client] Request (TestGettingAddress:setUp): 201 POST http://10.0.2.15:9696/v2.0/security-group-rules 0.123s
2015-12-14 18:26:37,869 25327 DEBUG    [tempest_lib.common.rest_client] Request - Headers: {'Content-Type': 'application/json', 'Accept': 'application/json', 'X-Auth-Token': '&lt;omitted&gt;'}
        Body: {"security_group_rule": {"tenant_id": "f492f231c87d4ef0bcf65a4ed1f90ddf", "direction": "ingress", "protocol": "icmp", "security_group_id": "d462fa25-1826-4fc4-bdc5-c2babbc0759b"}}
    Response - Headers: {'status': '201', 'content-length': '345', 'connection': 'close', 'date': 'Mon, 14 Dec 2015 18:26:37 GMT', 'content-type': 'application/json; charset=UTF-8', 'x-openstack-request-id': 'req-51233a1b-6d74-494d-b8cc-6be7d53bf58f'}
        Body: {"security_group_rule": {"remote_group_id": null, "direction": "ingress", "remote_ip_prefix": null, "protocol": "icmp", "ethertype": "IPv4", "tenant_id": "f492f231c87d4ef0bcf65a4ed1f90ddf", "port_range_max": null, "port_range_min": null, "id": "c09ed3b5-269c-46c8-a7d7-253e15097ccc", "security_group_id": "d462fa25-1826-4fc4-bdc5-c2babbc0759b"}}
2015-12-14 18:26:37,985 25327 INFO     [tempest_lib.common.rest_client] Request (TestGettingAddress:setUp): 201 POST http://10.0.2.15:9696/v2.0/security-group-rules 0.114s
2015-12-14 18:26:37,986 25327 DEBUG    [tempest_lib.common.rest_client] Request - Headers: {'Content-Type': 'application/json', 'Accept': 'application/json', 'X-Auth-Token': '&lt;omitted&gt;'}
        Body: {"security_group_rule": {"tenant_id": "f492f231c87d4ef0bcf65a4ed1f90ddf", "direction": "egress", "protocol": "icmp", "security_group_id": "d462fa25-1826-4fc4-bdc5-c2babbc0759b"}}
    Response - Headers: {'status': '201', 'content-length': '344', 'connection': 'close', 'date': 'Mon, 14 Dec 2015 18:26:37 GMT', 'content-type': 'application/json; charset=UTF-8', 'x-openstack-request-id': 'req-3db45787-ff46-4587-86b0-46fa01e4fd64'}
        Body: {"security_group_rule": {"remote_group_id": null, "direction": "egress", "remote_ip_prefix": null, "protocol": "icmp", "ethertype": "IPv4", "tenant_id": "f492f231c87d4ef0bcf65a4ed1f90ddf", "port_range_max": null, "port_range_min": null, "id": "4d9b0609-2c30-4268-9640-296b0484ba07", "security_group_id": "d462fa25-1826-4fc4-bdc5-c2babbc0759b"}}
2015-12-14 18:26:38,107 25327 INFO     [tempest_lib.common.rest_client] Request (TestGettingAddress:setUp): 201 POST http://10.0.2.15:9696/v2.0/security-group-rules 0.119s
2015-12-14 18:26:38,107 25327 DEBUG    [tempest_lib.common.rest_client] Request - Headers: {'Content-Type': 'application/json', 'Accept': 'application/json', 'X-Auth-Token': '&lt;omitted&gt;'}
        Body: {"security_group_rule": {"tenant_id": "f492f231c87d4ef0bcf65a4ed1f90ddf", "direction": "ingress", "security_group_id": "d462fa25-1826-4fc4-bdc5-c2babbc0759b", "protocol": "icmp", "ethertype": "IPv6"}}
    Response - Headers: {'status': '201', 'content-length': '345', 'connection': 'close', 'date': 'Mon, 14 Dec 2015 18:26:38 GMT', 'content-type': 'application/json; charset=UTF-8', 'x-openstack-request-id': 'req-7be9514e-5b30-4ffa-8070-7886165c5e63'}
        Body: {"security_group_rule": {"remote_group_id": null, "direction": "ingress", "remote_ip_prefix": null, "protocol": "icmp", "ethertype": "IPv6", "tenant_id": "f492f231c87d4ef0bcf65a4ed1f90ddf", "port_range_max": null, "port_range_min": null, "id": "8aef79a3-bd44-43e6-aa49-8afd36db4ce6", "security_group_id": "d462fa25-1826-4fc4-bdc5-c2babbc0759b"}}
2015-12-14 18:26:38,222 25327 INFO     [tempest_lib.common.rest_client] Request (TestGettingAddress:setUp): 201 POST http://10.0.2.15:9696/v2.0/security-group-rules 0.114s
2015-12-14 18:26:38,223 25327 DEBUG    [tempest_lib.common.rest_client] Request - Headers: {'Content-Type': 'application/json', 'Accept': 'application/json', 'X-Auth-Token': '&lt;omitted&gt;'}
        Body: {"security_group_rule": {"tenant_id": "f492f231c87d4ef0bcf65a4ed1f90ddf", "direction": "egress", "security_group_id": "d462fa25-1826-4fc4-bdc5-c2babbc0759b", "protocol": "icmp", "ethertype": "IPv6"}}
    Response - Headers: {'status': '201', 'content-length': '344', 'connection': 'close', 'date': 'Mon, 14 Dec 2015 18:26:38 GMT', 'content-type': 'application/json; charset=UTF-8', 'x-openstack-request-id': 'req-56bc0b30-cd74-474e-8e35-58630227856f'}
        Body: {"security_group_rule": {"remote_group_id": null, "direction": "egress", "remote_ip_prefix": null, "protocol": "icmp", "ethertype": "IPv6", "tenant_id": "f492f231c87d4ef0bcf65a4ed1f90ddf", "port_range_max": null, "port_range_min": null, "id": "0bed7be1-c88c-422c-aab7-75a4b23b16ed", "security_group_id": "d462fa25-1826-4fc4-bdc5-c2babbc0759b"}}
2015-12-14 18:26:38,401 25327 INFO     [tempest_lib.common.rest_client] Request (TestGettingAddress:test_dhcp6_stateless_from_os): 201 POST http://10.0.2.15:9696/v2.0/networks 0.176s
2015-12-14 18:26:38,402 25327 DEBUG    [tempest_lib.common.rest_client] Request - Headers: {'Content-Type': 'application/json', 'Accept': 'application/json', 'X-Auth-Token': '&lt;omitted&gt;'}
        Body: {"network": {"tenant_id": "f492f231c87d4ef0bcf65a4ed1f90ddf", "name": "tempest-network-smoke--490835653"}}
    Response - Headers: {'status': '201', 'content-length': '328', 'connection': 'close', 'date': 'Mon, 14 Dec 2015 18:26:38 GMT', 'content-type': 'application/json; charset=UTF-8', 'x-openstack-request-id': 'req-e0468b00-7945-47ed-9a61-2ea915fc7a02'}
        Body: {"network": {"status": "ACTIVE", "subnets": [], "availability_zone_hints": "[]", "name": "tempest-network-smoke--490835653", "admin_state_up": true, "tenant_id": "f492f231c87d4ef0bcf65a4ed1f90ddf", "mtu": 0, "router:external": false, "shared": false, "port_security_enabled": true, "id": "d7576306-6de3-4f49-9e6a-6be94d32d7f8"}}
2015-12-14 18:26:38,595 25327 INFO     [tempest_lib.common.rest_client] Request (TestGettingAddress:test_dhcp6_stateless_from_os): 200 GET http://10.0.2.15:9696/v2.0/subnets?tenant_id=f492f231c87d4ef0bcf65a4ed1f90ddf&amp;cidr=10.100.0.0%2F28 0.192s
2015-12-14 18:26:38,596 25327 DEBUG    [tempest_lib.common.rest_client] Request - Headers: {'Content-Type': 'application/json', 'Accept': 'application/json', 'X-Auth-Token': '&lt;omitted&gt;'}
        Body: None
    Response - Headers: {'status': '200', 'content-length': '15', 'content-location': 'http://10.0.2.15:9696/v2.0/subnets?tenant_id=f492f231c87d4ef0bcf65a4ed1f90ddf&amp;cidr=10.100.0.0%2F28', 'connection': 'close', 'date': 'Mon, 14 Dec 2015 18:26:38 GMT', 'content-type': 'application/json; charset=UTF-8', 'x-openstack-request-id': 'req-c2fbefc6-1422-4b98-a70a-215ecc28bd64'}
        Body: {"subnets": []}
2015-12-14 18:26:38,950 25327 INFO     [tempest_lib.common.rest_client] Request (TestGettingAddress:test_dhcp6_stateless_from_os): 201 POST http://10.0.2.15:9696/v2.0/subnets 0.353s
2015-12-14 18:26:38,951 25327 DEBUG    [tempest_lib.common.rest_client] Request - Headers: {'Content-Type': 'application/json', 'Accept': 'application/json', 'X-Auth-Token': '&lt;omitted&gt;'}
        Body: {"subnet": {"ip_version": 4, "tenant_id": "f492f231c87d4ef0bcf65a4ed1f90ddf", "cidr": "10.100.0.0/28", "network_id": "d7576306-6de3-4f49-9e6a-6be94d32d7f8", "name": "tempest-sub4-2075805816"}}
    Response - Headers: {'status': '201', 'content-length': '470', 'connection': 'close', 'date': 'Mon, 14 Dec 2015 18:26:38 GMT', 'content-type': 'application/json; charset=UTF-8', 'x-openstack-request-id': 'req-0f32d255-7108-48e2-896a-fcf507c28905'}
        Body: {"subnet": {"name": "tempest-sub4-2075805816", "enable_dhcp": true, "network_id": "d7576306-6de3-4f49-9e6a-6be94d32d7f8", "tenant_id": "f492f231c87d4ef0bcf65a4ed1f90ddf", "dns_nameservers": [], "gateway_ip": "10.100.0.1", "ipv6_ra_mode": null, "allocation_pools": [{"start": "10.100.0.2", "end": "10.100.0.14"}], "host_routes": [], "ip_version": 4, "ipv6_address_mode": null, "cidr": "10.100.0.0/28", "id": "3b4de564-b2e2-40c0-8e11-f4b57608e94b", "subnetpool_id": null}}
2015-12-14 18:26:39,031 25327 INFO     [tempest_lib.common.rest_client] Request (TestGettingAddress:test_dhcp6_stateless_from_os): 201 POST http://10.0.2.15:9696/v2.0/routers 0.076s
2015-12-14 18:26:39,031 25327 DEBUG    [tempest_lib.common.rest_client] Request - Headers: {'Content-Type': 'application/json', 'Accept': 'application/json', 'X-Auth-Token': '&lt;omitted&gt;'}
        Body: {"router": {"tenant_id": "f492f231c87d4ef0bcf65a4ed1f90ddf", "name": "tempest-router-smoke-41795043", "admin_state_up": true}}
    Response - Headers: {'status': '201', 'content-length': '294', 'connection': 'close', 'date': 'Mon, 14 Dec 2015 18:26:39 GMT', 'content-type': 'application/json; charset=UTF-8', 'x-openstack-request-id': 'req-7a33b747-d788-48ab-97cc-d24ef1757390'}
        Body: {"router": {"status": "ACTIVE", "external_gateway_info": null, "availability_zone_hints": [], "availability_zones": [], "name": "tempest-router-smoke-41795043", "admin_state_up": true, "tenant_id": "f492f231c87d4ef0bcf65a4ed1f90ddf", "routes": [], "id": "500aafa6-48df-411d-b875-7e90aca636fb"}}
2015-12-14 18:26:39,079 25327 INFO     [tempest_lib.common.rest_client] Request (TestGettingAddress:test_dhcp6_stateless_from_os): 200 GET http://10.0.2.15:9696/v2.0/routers/500aafa6-48df-411d-b875-7e90aca636fb 0.047s
2015-12-14 18:26:39,079 25327 DEBUG    [tempest_lib.common.rest_client] Request - Headers: {'Content-Type': 'application/json', 'Accept': 'application/json', 'X-Auth-Token': '&lt;omitted&gt;'}
        Body: None
    Response - Headers: {'status': '200', 'content-length': '294', 'content-location': 'http://10.0.2.15:9696/v2.0/routers/500aafa6-48df-411d-b875-7e90aca636fb', 'connection': 'close', 'date': 'Mon, 14 Dec 2015 18:26:39 GMT', 'content-type': 'application/json; charset=UTF-8', 'x-openstack-request-id': 'req-ca494152-4580-44af-88bc-9841c3bc587d'}
        Body: {"router": {"status": "ACTIVE", "external_gateway_info": null, "availability_zone_hints": [], "availability_zones": [], "name": "tempest-router-smoke-41795043", "admin_state_up": true, "tenant_id": "f492f231c87d4ef0bcf65a4ed1f90ddf", "routes": [], "id": "500aafa6-48df-411d-b875-7e90aca636fb"}}
2015-12-14 18:26:39,890 25327 INFO     [tempest_lib.common.rest_client] Request (TestGettingAddress:test_dhcp6_stateless_from_os): 200 PUT http://10.0.2.15:9696/v2.0/routers/500aafa6-48df-411d-b875-7e90aca636fb 0.810s
2015-12-14 18:26:39,891 25327 DEBUG    [tempest_lib.common.rest_client] Request - Headers: {'Content-Type': 'application/json', 'Accept': 'application/json', 'X-Auth-Token': '&lt;omitted&gt;'}
        Body: {"router": {"external_gateway_info": {"network_id": "197862e0-69e9-4d5c-a3b6-da3644061011"}, "name": "tempest-router-smoke-41795043", "admin_state_up": true}}
    Response - Headers: {'status': '200', 'content-length': '556', 'connection': 'close', 'date': 'Mon, 14 Dec 2015 18:26:39 GMT', 'content-type': 'application/json; charset=UTF-8', 'x-openstack-request-id': 'req-92055214-e3a5-47b1-9afe-9b31d6205556'}
        Body: {"router": {"status": "ACTIVE", "external_gateway_info": {"network_id": "197862e0-69e9-4d5c-a3b6-da3644061011", "enable_snat": true, "external_fixed_ips": [{"subnet_id": "87eba9f7-926e-4449-8642-0a5648b4090f", "ip_address": "172.24.4.3"}, {"subnet_id": "d6c6717a-bab1-4249-aa83-ef64606298aa", "ip_address": "2001:db8::4"}]}, "availability_zone_hints": [], "availability_zones": [], "name": "tempest-router-smoke-41795043", "admin_state_up": true, "tenant_id": "f492f231c87d4ef0bcf65a4ed1f90ddf", "routes": [], "id": "500aafa6-48df-411d-b875-7e90aca636fb"}}
2015-12-14 18:26:40,615 25327 INFO     [tempest_lib.common.rest_client] Request (TestGettingAddress:test_dhcp6_stateless_from_os): 200 PUT http://10.0.2.15:9696/v2.0/routers/500aafa6-48df-411d-b875-7e90aca636fb/add_router_interface 0.724s
2015-12-14 18:26:40,616 25327 DEBUG    [tempest_lib.common.rest_client] Request - Headers: {'Content-Type': 'application/json', 'Accept': 'application/json', 'X-Auth-Token': '&lt;omitted&gt;'}
        Body: {"subnet_id": "3b4de564-b2e2-40c0-8e11-f4b57608e94b"}
    Response - Headers: {'status': '200', 'content-length': '255', 'connection': 'close', 'date': 'Mon, 14 Dec 2015 18:26:40 GMT', 'content-type': 'application/json; charset=UTF-8', 'x-openstack-request-id': 'req-f8afb9af-a655-4dc3-88ab-be3e86fabe0d'}
        Body: {"subnet_id": "3b4de564-b2e2-40c0-8e11-f4b57608e94b", "tenant_id": "f492f231c87d4ef0bcf65a4ed1f90ddf", "subnet_ids": ["3b4de564-b2e2-40c0-8e11-f4b57608e94b"], "port_id": "eaee239f-4c85-4898-9f29-6583d717bc38", "id": "500aafa6-48df-411d-b875-7e90aca636fb"}
2015-12-14 18:26:40,677 25327 INFO     [tempest_lib.common.rest_client] Request (TestGettingAddress:test_dhcp6_stateless_from_os): 200 GET http://10.0.2.15:9696/v2.0/subnets?tenant_id=f492f231c87d4ef0bcf65a4ed1f90ddf&amp;cidr=2003%3A%3A%2F64 0.060s
2015-12-14 18:26:40,678 25327 DEBUG    [tempest_lib.common.rest_client] Request - Headers: {'Content-Type': 'application/json', 'Accept': 'application/json', 'X-Auth-Token': '&lt;omitted&gt;'}
        Body: None
    Response - Headers: {'status': '200', 'content-length': '15', 'content-location': 'http://10.0.2.15:9696/v2.0/subnets?tenant_id=f492f231c87d4ef0bcf65a4ed1f90ddf&amp;cidr=2003%3A%3A%2F64', 'connection': 'close', 'date': 'Mon, 14 Dec 2015 18:26:40 GMT', 'content-type': 'application/json; charset=UTF-8', 'x-openstack-request-id': 'req-043e58ca-fb45-4b5f-99a2-67e2702b3406'}
        Body: {"subnets": []}
2015-12-14 18:26:41,197 25327 INFO     [tempest_lib.common.rest_client] Request (TestGettingAddress:test_dhcp6_stateless_from_os): 201 POST http://10.0.2.15:9696/v2.0/subnets 0.518s
2015-12-14 18:26:41,197 25327 DEBUG    [tempest_lib.common.rest_client] Request - Headers: {'Content-Type': 'application/json', 'Accept': 'application/json', 'X-Auth-Token': '&lt;omitted&gt;'}
        Body: {"subnet": {"name": "tempest-sub6-1339174661", "network_id": "d7576306-6de3-4f49-9e6a-6be94d32d7f8", "tenant_id": "f492f231c87d4ef0bcf65a4ed1f90ddf", "ipv6_ra_mode": "dhcpv6-stateless", "ip_version": 6, "ipv6_address_mode": "dhcpv6-stateless", "cidr": "2003::/64"}}
    Response - Headers: {'status': '201', 'content-length': '502', 'connection': 'close', 'date': 'Mon, 14 Dec 2015 18:26:41 GMT', 'content-type': 'application/json; charset=UTF-8', 'x-openstack-request-id': 'req-43f9cdf2-088d-4c47-8793-7ff2267e735b'}
        Body: {"subnet": {"name": "tempest-sub6-1339174661", "enable_dhcp": true, "network_id": "d7576306-6de3-4f49-9e6a-6be94d32d7f8", "tenant_id": "f492f231c87d4ef0bcf65a4ed1f90ddf", "dns_nameservers": [], "gateway_ip": "2003::1", "ipv6_ra_mode": "dhcpv6-stateless", "allocation_pools": [{"start": "2003::2", "end": "2003::ffff:ffff:ffff:ffff"}], "host_routes": [], "ip_version": 6, "ipv6_address_mode": "dhcpv6-stateless", "cidr": "2003::/64", "id": "7953b050-54f1-4272-9d8d-0f6dd6afae38", "subnetpool_id": null}}
2015-12-14 18:26:41,975 25327 INFO     [tempest_lib.common.rest_client] Request (TestGettingAddress:test_dhcp6_stateless_from_os): 200 PUT http://10.0.2.15:9696/v2.0/routers/500aafa6-48df-411d-b875-7e90aca636fb/add_router_interface 0.777s
2015-12-14 18:26:41,975 25327 DEBUG    [tempest_lib.common.rest_client] Request - Headers: {'Content-Type': 'application/json', 'Accept': 'application/json', 'X-Auth-Token': '&lt;omitted&gt;'}
        Body: {"subnet_id": "7953b050-54f1-4272-9d8d-0f6dd6afae38"}
    Response - Headers: {'status': '200', 'content-length': '255', 'connection': 'close', 'date': 'Mon, 14 Dec 2015 18:26:41 GMT', 'content-type': 'application/json; charset=UTF-8', 'x-openstack-request-id': 'req-c5f9a364-44a0-4a56-bbcf-ed86acbd3ead'}
        Body: {"subnet_id": "7953b050-54f1-4272-9d8d-0f6dd6afae38", "tenant_id": "f492f231c87d4ef0bcf65a4ed1f90ddf", "subnet_ids": ["7953b050-54f1-4272-9d8d-0f6dd6afae38"], "port_id": "ae0be84f-f73c-42b6-8dd2-25c327c1caa6", "id": "500aafa6-48df-411d-b875-7e90aca636fb"}
2015-12-14 18:26:42,096 25327 INFO     [tempest_lib.common.rest_client] Request (TestGettingAddress:test_dhcp6_stateless_from_os): 200 POST http://10.0.2.15:5000/v2.0/tokens
2015-12-14 18:26:42,097 25327 DEBUG    [tempest_lib.common.rest_client] Request - Headers: {'Content-Type': 'application/json', 'Accept': 'application/json'}
        Body: &lt;omitted&gt;
    Response - Headers: {'status': '200', 'content-length': '2524', 'vary': 'X-Auth-Token', 'server': 'Apache/2.4.7 (Ubuntu)', 'connection': 'close', 'date': 'Mon, 14 Dec 2015 18:26:41 GMT', 'content-type': 'application/json', 'x-openstack-request-id': 'req-c9c7c732-ba57-400a-b5b1-ba54d667b0e4'}
        Body: {"access": {"token": {"issued_at": "2015-12-14T18:26:42.083815", "expires": "2015-12-14T19:26:42Z", "id": "7e449cc396c54bc4adf8620238882bb2", "tenant": {"description": "tempest-TestGettingAddress-871051882-desc", "enabled": true, "id": "f492f231c87d4ef0bcf65a4ed1f90ddf", "name": "tempest-TestGettingAddress-871051882"}, "audit_ids": ["UHtJHN_VRLizwUkipGaLoQ"]}, "serviceCatalog": [{"endpoints": [{"adminURL": "http://10.0.2.15:8774/v2.1/f492f231c87d4ef0bcf65a4ed1f90ddf", "region": "RegionOne", "internalURL": "http://10.0.2.15:8774/v2.1/f492f231c87d4ef0bcf65a4ed1f90ddf", "id": "4cc30b0be9a34a6a861243a152778d32", "publicURL": "http://10.0.2.15:8774/v2.1/f492f231c87d4ef0bcf65a4ed1f90ddf"}], "endpoints_links": [], "type": "compute", "name": "nova"}, {"endpoints": [{"adminURL": "http://10.0.2.15:9696/", "region": "RegionOne", "internalURL": "http://10.0.2.15:9696/", "id": "a75c9300a1ee41fbb8dd7bc63c1034f1", "publicURL": "http://10.0.2.15:9696/"}], "endpoints_links": [], "type": "network", "name": "neutron"}, {"endpoints": [{"adminURL": "http://10.0.2.15:9292", "region": "RegionOne", "internalURL": "http://10.0.2.15:9292", "id": "542eba3256034b70a321b51b73949d47", "publicURL": "http://10.0.2.15:9292"}], "endpoints_links": [], "type": "image", "name": "glance"}, {"endpoints": [{"adminURL": "http://10.0.2.15:8774/v2/f492f231c87d4ef0bcf65a4ed1f90ddf", "region": "RegionOne", "internalURL": "http://10.0.2.15:8774/v2/f492f231c87d4ef0bcf65a4ed1f90ddf", "id": "7d1a4e02b1894226b8b52e253e7b6b42", "publicURL": "http://10.0.2.15:8774/v2/f492f231c87d4ef0bcf65a4ed1f90ddf"}], "endpoints_links": [], "type": "compute_legacy", "name": "nova_legacy"}, {"endpoints": [{"adminURL": "http://10.0.2.15:8773/", "region": "RegionOne", "internalURL": "http://10.0.2.15:8773/", "id": "2bdb19e05c4d4adc8e5baad8306361fd", "publicURL": "http://10.0.2.15:8773/"}], "endpoints_links": [], "type": "ec2", "name": "ec2"}, {"endpoints": [{"adminURL": "http://10.0.2.15:35357/v2.0", "region": "RegionOne", "internalURL": "http://10.0.2.15:5000/v2.0", "id": "1f98d508393d47bcb2f16b2c8aad4ba6", "publicURL": "http://10.0.2.15:5000/v2.0"}], "endpoints_links": [], "type": "identity", "name": "keystone"}], "user": {"username": "tempest-TestGettingAddress-1837971311", "roles_links": [], "id": "67dbb436163749b2a30285a326a03adc", "roles": [{"name": "_member_"}, {"name": "Member"}], "name": "tempest-TestGettingAddress-1837971311"}, "metadata": {"is_admin": 0, "roles": ["9fe2ff9ee4384b1894a90878d3e92bab", "16962b09a0c148d393f79e5b76d970db"]}}}
2015-12-14 18:26:42,103 25327 DEBUG    [tempest.common.fixed_network] (TestGettingAddress:test_dhcp6_stateless_from_os) No valid network provided or created, defaulting to fixed_network_name
2015-12-14 18:26:42,408 25327 INFO     [tempest_lib.common.rest_client] Request (TestGettingAddress:test_dhcp6_stateless_from_os): 200 GET http://10.0.2.15:8774/v2.1/f492f231c87d4ef0bcf65a4ed1f90ddf/os-networks 0.304s
2015-12-14 18:26:42,408 25327 DEBUG    [tempest_lib.common.rest_client] Request - Headers: {'Content-Type': 'application/json', 'Accept': 'application/json', 'X-Auth-Token': '&lt;omitted&gt;'}
        Body: None
    Response - Headers: {'status': '200', 'content-length': '478', 'content-location': 'http://10.0.2.15:8774/v2.1/f492f231c87d4ef0bcf65a4ed1f90ddf/os-networks', 'x-compute-request-id': 'req-15c2d9c1-2e0f-47a8-89f9-93cfffc6779e', 'vary': 'X-OpenStack-Nova-API-Version', 'connection': 'close', 'x-openstack-nova-api-version': '2.1', 'date': 'Mon, 14 Dec 2015 18:26:42 GMT', 'content-type': 'application/json'}
        Body: {"networks": [{"cidr_v6": null, "dns2": null, "dns1": null, "gateway": null, "broadcast": null, "netmask": null, "gateway_v6": null, "cidr": null, "label": "tempest-network-smoke--490835653", "id": "d7576306-6de3-4f49-9e6a-6be94d32d7f8", "netmask_v6": null}, {"cidr_v6": null, "dns2": null, "dns1": null, "gateway": null, "broadcast": null, "netmask": null, "gateway_v6": null, "cidr": null, "label": "public", "id": "197862e0-69e9-4d5c-a3b6-da3644061011", "netmask_v6": null}]}
2015-12-14 18:26:42,408 25327 WARNING  [tempest.common.fixed_network] (TestGettingAddress:test_dhcp6_stateless_from_os) Network with name: private not found
2015-12-14 18:26:42,409 25327 INFO     [tempest.common.fixed_network] (TestGettingAddress:test_dhcp6_stateless_from_os) Found network {} available for tenant
2015-12-14 18:26:43,689 25327 INFO     [tempest_lib.common.rest_client] Request (TestGettingAddress:test_dhcp6_stateless_from_os): 202 POST http://10.0.2.15:8774/v2.1/f492f231c87d4ef0bcf65a4ed1f90ddf/servers 1.279s
2015-12-14 18:26:43,689 25327 DEBUG    [tempest_lib.common.rest_client] Request - Headers: {'Content-Type': 'application/json', 'Accept': 'application/json', 'X-Auth-Token': '&lt;omitted&gt;'}
        Body: {"server": {"name": "tempest.common.compute-instance-357540572", "imageRef": "8e162877-8dec-4937-b3e4-f1512ac0083c", "key_name": "tempest-TestGettingAddress-2107841310", "flavorRef": "42", "networks": [{"uuid": "d7576306-6de3-4f49-9e6a-6be94d32d7f8"}], "security_groups": [{"name": "tempest-secgroup-smoke-1431996579"}]}}
    Response - Headers: {'status': '202', 'content-length': '462', 'x-compute-request-id': 'req-8cebb3b0-bf9e-424b-8c09-950e36185df1', 'vary': 'X-OpenStack-Nova-API-Version', 'connection': 'close', 'location': 'http://10.0.2.15:8774/v2.1/f492f231c87d4ef0bcf65a4ed1f90ddf/servers/28813d54-fa50-4314-b007-99bbf1c7c423', 'x-openstack-nova-api-version': '2.1', 'date': 'Mon, 14 Dec 2015 18:26:43 GMT', 'content-type': 'application/json'}
        Body: {"server": {"security_groups": [{"name": "tempest-secgroup-smoke-1431996579"}], "OS-DCF:diskConfig": "MANUAL", "id": "28813d54-fa50-4314-b007-99bbf1c7c423", "links": [{"href": "http://10.0.2.15:8774/v2.1/f492f231c87d4ef0bcf65a4ed1f90ddf/servers/28813d54-fa50-4314-b007-99bbf1c7c423", "rel": "self"}, {"href": "http://10.0.2.15:8774/f492f231c87d4ef0bcf65a4ed1f90ddf/servers/28813d54-fa50-4314-b007-99bbf1c7c423", "rel": "bookmark"}], "adminPass": "zH9c392n2Vo4"}}
2015-12-14 18:26:43,842 25327 INFO     [tempest_lib.common.rest_client] Request (TestGettingAddress:test_dhcp6_stateless_from_os): 200 GET http://10.0.2.15:8774/v2.1/f492f231c87d4ef0bcf65a4ed1f90ddf/servers/28813d54-fa50-4314-b007-99bbf1c7c423 0.148s
2015-12-14 18:26:43,843 25327 DEBUG    [tempest_lib.common.rest_client] Request - Headers: {'Content-Type': 'application/json', 'Accept': 'application/json', 'X-Auth-Token': '&lt;omitted&gt;'}
        Body: None
    Response - Headers: {'status': '200', 'content-length': '1354', 'content-location': 'http://10.0.2.15:8774/v2.1/f492f231c87d4ef0bcf65a4ed1f90ddf/servers/28813d54-fa50-4314-b007-99bbf1c7c423', 'x-compute-request-id': 'req-554aa83f-7110-423e-a9b5-1ca9dcbef2a2', 'vary': 'X-OpenStack-Nova-API-Version', 'connection': 'close', 'x-openstack-nova-api-version': '2.1', 'date': 'Mon, 14 Dec 2015 18:26:43 GMT', 'content-type': 'application/json'}
        Body: {"server": {"status": "BUILD", "updated": "2015-12-14T18:26:43Z", "hostId": "", "addresses": {}, "links": [{"href": "http://10.0.2.15:8774/v2.1/f492f231c87d4ef0bcf65a4ed1f90ddf/servers/28813d54-fa50-4314-b007-99bbf1c7c423", "rel": "self"}, {"href": "http://10.0.2.15:8774/f492f231c87d4ef0bcf65a4ed1f90ddf/servers/28813d54-fa50-4314-b007-99bbf1c7c423", "rel": "bookmark"}], "key_name": "tempest-TestGettingAddress-2107841310", "image": {"id": "8e162877-8dec-4937-b3e4-f1512ac0083c", "links": [{"href": "http://10.0.2.15:8774/f492f231c87d4ef0bcf65a4ed1f90ddf/images/8e162877-8dec-4937-b3e4-f1512ac0083c", "rel": "bookmark"}]}, "OS-EXT-STS:task_state": "scheduling", "OS-EXT-STS:vm_state": "building", "OS-SRV-USG:launched_at": null, "flavor": {"id": "42", "links": [{"href": "http://10.0.2.15:8774/f492f231c87d4ef0bcf65a4ed1f90ddf/flavors/42", "rel": "bookmark"}]}, "id": "28813d54-fa50-4314-b007-99bbf1c7c423", "OS-SRV-USG:terminated_at": null, "OS-EXT-AZ:availability_zone": "", "user_id": "67dbb436163749b2a30285a326a03adc", "name": "tempest.common.compute-instance-357540572", "created": "2015-12-14T18:26:43Z", "tenant_id": "f492f231c87d4ef0bcf65a4ed1f90ddf", "OS-DCF:diskConfig": "MANUAL", "os-extended-volumes:volumes_attached": [], "accessIPv4": "", "accessIPv6": "", "progress": 0, "OS-EXT-STS:power_state": 0, "config_drive": "", "metadata": {}}}
2015-12-14 18:26:45,278 25327 INFO     [tempest_lib.common.rest_client] Request (TestGettingAddress:test_dhcp6_stateless_from_os): 200 GET http://10.0.2.15:8774/v2.1/f492f231c87d4ef0bcf65a4ed1f90ddf/servers/28813d54-fa50-4314-b007-99bbf1c7c423 0.413s
2015-12-14 18:26:45,279 25327 DEBUG    [tempest_lib.common.rest_client] Request - Headers: {'Content-Type': 'application/json', 'Accept': 'application/json', 'X-Auth-Token': '&lt;omitted&gt;'}
        Body: None
    Response - Headers: {'status': '200', 'content-length': '1480', 'content-location': 'http://10.0.2.15:8774/v2.1/f492f231c87d4ef0bcf65a4ed1f90ddf/servers/28813d54-fa50-4314-b007-99bbf1c7c423', 'x-compute-request-id': 'req-3cc73cc4-e76d-41fe-b59f-bdd073f5b5fa', 'vary': 'X-OpenStack-Nova-API-Version', 'connection': 'close', 'x-openstack-nova-api-version': '2.1', 'date': 'Mon, 14 Dec 2015 18:26:45 GMT', 'content-type': 'application/json'}
        Body: {"server": {"status": "BUILD", "updated": "2015-12-14T18:26:44Z", "hostId": "163d3e55c2b504736c23d2378bb2c8272bc8dfef1e95078cf6bbea30", "addresses": {}, "links": [{"href": "http://10.0.2.15:8774/v2.1/f492f231c87d4ef0bcf65a4ed1f90ddf/servers/28813d54-fa50-4314-b007-99bbf1c7c423", "rel": "self"}, {"href": "http://10.0.2.15:8774/f492f231c87d4ef0bcf65a4ed1f90ddf/servers/28813d54-fa50-4314-b007-99bbf1c7c423", "rel": "bookmark"}], "key_name": "tempest-TestGettingAddress-2107841310", "image": {"id": "8e162877-8dec-4937-b3e4-f1512ac0083c", "links": [{"href": "http://10.0.2.15:8774/f492f231c87d4ef0bcf65a4ed1f90ddf/images/8e162877-8dec-4937-b3e4-f1512ac0083c", "rel": "bookmark"}]}, "OS-EXT-STS:task_state": "spawning", "OS-EXT-STS:vm_state": "building", "OS-SRV-USG:launched_at": null, "flavor": {"id": "42", "links": [{"href": "http://10.0.2.15:8774/f492f231c87d4ef0bcf65a4ed1f90ddf/flavors/42", "rel": "bookmark"}]}, "id": "28813d54-fa50-4314-b007-99bbf1c7c423", "security_groups": [{"name": "tempest-secgroup-smoke-1431996579"}], "OS-SRV-USG:terminated_at": null, "OS-EXT-AZ:availability_zone": "nova", "user_id": "67dbb436163749b2a30285a326a03adc", "name": "tempest.common.compute-instance-357540572", "created": "2015-12-14T18:26:43Z", "tenant_id": "f492f231c87d4ef0bcf65a4ed1f90ddf", "OS-DCF:diskConfig": "MANUAL", "os-extended-volumes:volumes_attached": [], "accessIPv4": "", "accessIPv6": "", "progress": 0, "OS-EXT-STS:power_state": 0, "config_drive": "", "metadata": {}}}
2015-12-14 18:26:45,293 25327 INFO     [tempest.common.waiters] State transition "BUILD/scheduling" ==&gt; "BUILD/spawning" after 2 second wait
2015-12-14 18:26:46,656 25327 INFO     [tempest_lib.common.rest_client] Request (TestGettingAddress:test_dhcp6_stateless_from_os): 200 GET http://10.0.2.15:8774/v2.1/f492f231c87d4ef0bcf65a4ed1f90ddf/servers/28813d54-fa50-4314-b007-99bbf1c7c423 0.361s
2015-12-14 18:26:46,656 25327 DEBUG    [tempest_lib.common.rest_client] Request - Headers: {'Content-Type': 'application/json', 'Accept': 'application/json', 'X-Auth-Token': '&lt;omitted&gt;'}
        Body: None
    Response - Headers: {'status': '200', 'content-length': '1480', 'content-location': 'http://10.0.2.15:8774/v2.1/f492f231c87d4ef0bcf65a4ed1f90ddf/servers/28813d54-fa50-4314-b007-99bbf1c7c423', 'x-compute-request-id': 'req-42fade9d-89fe-475a-814e-547b73161b72', 'vary': 'X-OpenStack-Nova-API-Version', 'connection': 'close', 'x-openstack-nova-api-version': '2.1', 'date': 'Mon, 14 Dec 2015 18:26:46 GMT', 'content-type': 'application/json'}
        Body: {"server": {"status": "BUILD", "updated": "2015-12-14T18:26:44Z", "hostId": "163d3e55c2b504736c23d2378bb2c8272bc8dfef1e95078cf6bbea30", "addresses": {}, "links": [{"href": "http://10.0.2.15:8774/v2.1/f492f231c87d4ef0bcf65a4ed1f90ddf/servers/28813d54-fa50-4314-b007-99bbf1c7c423", "rel": "self"}, {"href": "http://10.0.2.15:8774/f492f231c87d4ef0bcf65a4ed1f90ddf/servers/28813d54-fa50-4314-b007-99bbf1c7c423", "rel": "bookmark"}], "key_name": "tempest-TestGettingAddress-2107841310", "image": {"id": "8e162877-8dec-4937-b3e4-f1512ac0083c", "links": [{"href": "http://10.0.2.15:8774/f492f231c87d4ef0bcf65a4ed1f90ddf/images/8e162877-8dec-4937-b3e4-f1512ac0083c", "rel": "bookmark"}]}, "OS-EXT-STS:task_state": "spawning", "OS-EXT-STS:vm_state": "building", "OS-SRV-USG:launched_at": null, "flavor": {"id": "42", "links": [{"href": "http://10.0.2.15:8774/f492f231c87d4ef0bcf65a4ed1f90ddf/flavors/42", "rel": "bookmark"}]}, "id": "28813d54-fa50-4314-b007-99bbf1c7c423", "security_groups": [{"name": "tempest-secgroup-smoke-1431996579"}], "OS-SRV-USG:terminated_at": null, "OS-EXT-AZ:availability_zone": "nova", "user_id": "67dbb436163749b2a30285a326a03adc", "name": "tempest.common.compute-instance-357540572", "created": "2015-12-14T18:26:43Z", "tenant_id": "f492f231c87d4ef0bcf65a4ed1f90ddf", "OS-DCF:diskConfig": "MANUAL", "os-extended-volumes:volumes_attached": [], "accessIPv4": "", "accessIPv6": "", "progress": 0, "OS-EXT-STS:power_state": 0, "config_drive": "", "metadata": {}}}
2015-12-14 18:26:47,868 25327 INFO     [tempest_lib.common.rest_client] Request (TestGettingAddress:test_dhcp6_stateless_from_os): 200 GET http://10.0.2.15:8774/v2.1/f492f231c87d4ef0bcf65a4ed1f90ddf/servers/28813d54-fa50-4314-b007-99bbf1c7c423 0.195s
2015-12-14 18:26:47,868 25327 DEBUG    [tempest_lib.common.rest_client] Request - Headers: {'Content-Type': 'application/json', 'Accept': 'application/json', 'X-Auth-Token': '&lt;omitted&gt;'}
        Body: None
    Response - Headers: {'status': '200', 'content-length': '1780', 'content-location': 'http://10.0.2.15:8774/v2.1/f492f231c87d4ef0bcf65a4ed1f90ddf/servers/28813d54-fa50-4314-b007-99bbf1c7c423', 'x-compute-request-id': 'req-fa85bc50-9581-41f4-a585-606a32288685', 'vary': 'X-OpenStack-Nova-API-Version', 'connection': 'close', 'x-openstack-nova-api-version': '2.1', 'date': 'Mon, 14 Dec 2015 18:26:47 GMT', 'content-type': 'application/json'}
        Body: {"server": {"status": "ACTIVE", "updated": "2015-12-14T18:26:47Z", "hostId": "163d3e55c2b504736c23d2378bb2c8272bc8dfef1e95078cf6bbea30", "addresses": {"tempest-network-smoke--490835653": [{"OS-EXT-IPS-MAC:mac_addr": "fa:16:3e:b5:29:3b", "version": 4, "addr": "10.100.0.3", "OS-EXT-IPS:type": "fixed"}, {"OS-EXT-IPS-MAC:mac_addr": "fa:16:3e:b5:29:3b", "version": 6, "addr": "2003::f816:3eff:feb5:293b", "OS-EXT-IPS:type": "fixed"}]}, "links": [{"href": "http://10.0.2.15:8774/v2.1/f492f231c87d4ef0bcf65a4ed1f90ddf/servers/28813d54-fa50-4314-b007-99bbf1c7c423", "rel": "self"}, {"href": "http://10.0.2.15:8774/f492f231c87d4ef0bcf65a4ed1f90ddf/servers/28813d54-fa50-4314-b007-99bbf1c7c423", "rel": "bookmark"}], "key_name": "tempest-TestGettingAddress-2107841310", "image": {"id": "8e162877-8dec-4937-b3e4-f1512ac0083c", "links": [{"href": "http://10.0.2.15:8774/f492f231c87d4ef0bcf65a4ed1f90ddf/images/8e162877-8dec-4937-b3e4-f1512ac0083c", "rel": "bookmark"}]}, "OS-EXT-STS:task_state": null, "OS-EXT-STS:vm_state": "active", "OS-SRV-USG:launched_at": "2015-12-14T18:26:47.000000", "flavor": {"id": "42", "links": [{"href": "http://10.0.2.15:8774/f492f231c87d4ef0bcf65a4ed1f90ddf/flavors/42", "rel": "bookmark"}]}, "id": "28813d54-fa50-4314-b007-99bbf1c7c423", "security_groups": [{"name": "tempest-secgroup-smoke-1431996579"}], "OS-SRV-USG:terminated_at": null, "OS-EXT-AZ:availability_zone": "nova", "user_id": "67dbb436163749b2a30285a326a03adc", "name": "tempest.common.compute-instance-357540572", "created": "2015-12-14T18:26:43Z", "tenant_id": "f492f231c87d4ef0bcf65a4ed1f90ddf", "OS-DCF:diskConfig": "MANUAL", "os-extended-volumes:volumes_attached": [], "accessIPv4": "", "accessIPv6": "", "progress": 0, "OS-EXT-STS:power_state": 1, "config_drive": "True", "metadata": {}}}
2015-12-14 18:26:47,877 25327 INFO     [tempest.common.waiters] State transition "BUILD/spawning" ==&gt; "ACTIVE/None" after 4 second wait
2015-12-14 18:26:48,068 25327 INFO     [tempest_lib.common.rest_client] Request (TestGettingAddress:test_dhcp6_stateless_from_os): 200 GET http://10.0.2.15:8774/v2.1/f492f231c87d4ef0bcf65a4ed1f90ddf/servers/28813d54-fa50-4314-b007-99bbf1c7c423 0.190s
2015-12-14 18:26:48,069 25327 DEBUG    [tempest_lib.common.rest_client] Request - Headers: {'Content-Type': 'application/json', 'Accept': 'application/json', 'X-Auth-Token': '&lt;omitted&gt;'}
        Body: None
    Response - Headers: {'status': '200', 'content-length': '1780', 'content-location': 'http://10.0.2.15:8774/v2.1/f492f231c87d4ef0bcf65a4ed1f90ddf/servers/28813d54-fa50-4314-b007-99bbf1c7c423', 'x-compute-request-id': 'req-32d73a09-836f-4295-b9c8-a59150a1542b', 'vary': 'X-OpenStack-Nova-API-Version', 'connection': 'close', 'x-openstack-nova-api-version': '2.1', 'date': 'Mon, 14 Dec 2015 18:26:48 GMT', 'content-type': 'application/json'}
        Body: {"server": {"status": "ACTIVE", "updated": "2015-12-14T18:26:47Z", "hostId": "163d3e55c2b504736c23d2378bb2c8272bc8dfef1e95078cf6bbea30", "addresses": {"tempest-network-smoke--490835653": [{"OS-EXT-IPS-MAC:mac_addr": "fa:16:3e:b5:29:3b", "version": 4, "addr": "10.100.0.3", "OS-EXT-IPS:type": "fixed"}, {"OS-EXT-IPS-MAC:mac_addr": "fa:16:3e:b5:29:3b", "version": 6, "addr": "2003::f816:3eff:feb5:293b", "OS-EXT-IPS:type": "fixed"}]}, "links": [{"href": "http://10.0.2.15:8774/v2.1/f492f231c87d4ef0bcf65a4ed1f90ddf/servers/28813d54-fa50-4314-b007-99bbf1c7c423", "rel": "self"}, {"href": "http://10.0.2.15:8774/f492f231c87d4ef0bcf65a4ed1f90ddf/servers/28813d54-fa50-4314-b007-99bbf1c7c423", "rel": "bookmark"}], "key_name": "tempest-TestGettingAddress-2107841310", "image": {"id": "8e162877-8dec-4937-b3e4-f1512ac0083c", "links": [{"href": "http://10.0.2.15:8774/f492f231c87d4ef0bcf65a4ed1f90ddf/images/8e162877-8dec-4937-b3e4-f1512ac0083c", "rel": "bookmark"}]}, "OS-EXT-STS:task_state": null, "OS-EXT-STS:vm_state": "active", "OS-SRV-USG:launched_at": "2015-12-14T18:26:47.000000", "flavor": {"id": "42", "links": [{"href": "http://10.0.2.15:8774/f492f231c87d4ef0bcf65a4ed1f90ddf/flavors/42", "rel": "bookmark"}]}, "id": "28813d54-fa50-4314-b007-99bbf1c7c423", "security_groups": [{"name": "tempest-secgroup-smoke-1431996579"}], "OS-SRV-USG:terminated_at": null, "OS-EXT-AZ:availability_zone": "nova", "user_id": "67dbb436163749b2a30285a326a03adc", "name": "tempest.common.compute-instance-357540572", "created": "2015-12-14T18:26:43Z", "tenant_id": "f492f231c87d4ef0bcf65a4ed1f90ddf", "OS-DCF:diskConfig": "MANUAL", "os-extended-volumes:volumes_attached": [], "accessIPv4": "", "accessIPv6": "", "progress": 0, "OS-EXT-STS:power_state": 1, "config_drive": "True", "metadata": {}}}
2015-12-14 18:26:48,112 25327 INFO     [tempest_lib.common.rest_client] Request (TestGettingAddress:test_dhcp6_stateless_from_os): 200 GET http://10.0.2.15:9696/v2.0/ports?status=ACTIVE&amp;fixed_ip=None&amp;device_id=28813d54-fa50-4314-b007-99bbf1c7c423 0.034s
2015-12-14 18:26:48,113 25327 DEBUG    [tempest_lib.common.rest_client] Request - Headers: {'Content-Type': 'application/json', 'Accept': 'application/json', 'X-Auth-Token': '&lt;omitted&gt;'}
        Body: None
    Response - Headers: {'status': '200', 'content-length': '1142', 'content-location': 'http://10.0.2.15:9696/v2.0/ports?status=ACTIVE&amp;fixed_ip=None&amp;device_id=28813d54-fa50-4314-b007-99bbf1c7c423', 'connection': 'close', 'date': 'Mon, 14 Dec 2015 18:26:48 GMT', 'content-type': 'application/json; charset=UTF-8', 'x-openstack-request-id': 'req-f7a7bc78-b0fe-4027-880d-d2806b07b2c0'}
        Body: {"ports": [{"status": "ACTIVE", "binding:host_id": "vagrant-ubuntu-trusty-64", "allowed_address_pairs": [], "extra_dhcp_opts": [], "dns_assignment": [{"hostname": "host-10-100-0-3", "ip_address": "10.100.0.3", "fqdn": "host-10-100-0-3.openstacklocal."}, {"hostname": "host-2003--f816-3eff-feb5-293b", "ip_address": "2003::f816:3eff:feb5:293b", "fqdn": "host-2003--f816-3eff-feb5-293b.openstacklocal."}], "device_owner": "compute:None", "port_security_enabled": true, "binding:profile": {}, "fixed_ips": [{"subnet_id": "3b4de564-b2e2-40c0-8e11-f4b57608e94b", "ip_address": "10.100.0.3"}, {"subnet_id": "7953b050-54f1-4272-9d8d-0f6dd6afae38", "ip_address": "2003::f816:3eff:feb5:293b"}], "id": "80824a41-848e-4d5b-bd9a-28fba9ff245b", "security_groups": ["d462fa25-1826-4fc4-bdc5-c2babbc0759b"], "device_id": "28813d54-fa50-4314-b007-99bbf1c7c423", "name": "", "admin_state_up": true, "network_id": "d7576306-6de3-4f49-9e6a-6be94d32d7f8", "dns_name": "", "binding:vif_details": {"port_filter": true}, "binding:vnic_type": "normal", "binding:vif_type": "ovs", "tenant_id": "f492f231c87d4ef0bcf65a4ed1f90ddf", "mac_address": "fa:16:3e:b5:29:3b"}]}
2015-12-14 18:26:48,658 25327 INFO     [tempest_lib.common.rest_client] Request (TestGettingAddress:test_dhcp6_stateless_from_os): 201 POST http://10.0.2.15:9696/v2.0/floatingips 0.545s
2015-12-14 18:26:48,659 25327 DEBUG    [tempest_lib.common.rest_client] Request - Headers: {'Content-Type': 'application/json', 'Accept': 'application/json', 'X-Auth-Token': '&lt;omitted&gt;'}
        Body: {"floatingip": {"floating_network_id": "197862e0-69e9-4d5c-a3b6-da3644061011", "tenant_id": "f492f231c87d4ef0bcf65a4ed1f90ddf", "fixed_ip_address": "10.100.0.3", "port_id": "80824a41-848e-4d5b-bd9a-28fba9ff245b"}}
    Response - Headers: {'status': '201', 'content-length': '367', 'connection': 'close', 'date': 'Mon, 14 Dec 2015 18:26:48 GMT', 'content-type': 'application/json; charset=UTF-8', 'x-openstack-request-id': 'req-656aa7cd-a3f9-4f06-88b0-21dd5e95a5ac'}
        Body: {"floatingip": {"floating_network_id": "197862e0-69e9-4d5c-a3b6-da3644061011", "router_id": "500aafa6-48df-411d-b875-7e90aca636fb", "fixed_ip_address": "10.100.0.3", "floating_ip_address": "172.24.4.4", "tenant_id": "f492f231c87d4ef0bcf65a4ed1f90ddf", "status": "DOWN", "port_id": "80824a41-848e-4d5b-bd9a-28fba9ff245b", "id": "4d61868b-b5db-4f9b-906d-a67afa35bbb8"}}
2015-12-14 18:26:48,660 25327 INFO     [tempest_lib.common.ssh] Creating ssh connection to '172.24.4.4' as 'cirros' with public key authentication
2015-12-14 18:26:52,617 25327 WARNING  [tempest_lib.common.ssh] Failed to establish authenticated ssh connection to cirros@172.24.4.4 ([Errno None] Unable to connect to port 22 on  or 172.24.4.4). Number attempts: 1. Retry after 2 seconds.
2015-12-14 18:26:58,121 25327 WARNING  [tempest_lib.common.ssh] Failed to establish authenticated ssh connection to cirros@172.24.4.4 ([Errno None] Unable to connect to port 22 on  or 172.24.4.4). Number attempts: 2. Retry after 3 seconds.
2015-12-14 18:27:04,625 25327 WARNING  [tempest_lib.common.ssh] Failed to establish authenticated ssh connection to cirros@172.24.4.4 ([Errno None] Unable to connect to port 22 on  or 172.24.4.4). Number attempts: 3. Retry after 4 seconds.
2015-12-14 18:27:12,126 25327 WARNING  [tempest_lib.common.ssh] Failed to establish authenticated ssh connection to cirros@172.24.4.4 ([Errno None] Unable to connect to port 22 on  or 172.24.4.4). Number attempts: 4. Retry after 5 seconds.
2015-12-14 18:27:20,634 25327 WARNING  [tempest_lib.common.ssh] Failed to establish authenticated ssh connection to cirros@172.24.4.4 ([Errno None] Unable to connect to port 22 on  or 172.24.4.4). Number attempts: 5. Retry after 6 seconds.
2015-12-14 18:27:30,138 25327 WARNING  [tempest_lib.common.ssh] Failed to establish authenticated ssh connection to cirros@172.24.4.4 ([Errno None] Unable to connect to port 22 on  or 172.24.4.4). Number attempts: 6. Retry after 7 seconds.
2015-12-14 18:27:40,646 25327 WARNING  [tempest_lib.common.ssh] Failed to establish authenticated ssh connection to cirros@172.24.4.4 ([Errno None] Unable to connect to port 22 on  or 172.24.4.4). Number attempts: 7. Retry after 8 seconds.
2015-12-14 18:27:52,150 25327 WARNING  [tempest_lib.common.ssh] Failed to establish authenticated ssh connection to cirros@172.24.4.4 ([Errno None] Unable to connect to port 22 on  or 172.24.4.4). Number attempts: 8. Retry after 9 seconds.
2015-12-14 18:28:04,660 25327 WARNING  [tempest_lib.common.ssh] Failed to establish authenticated ssh connection to cirros@172.24.4.4 ([Errno None] Unable to connect to port 22 on  or 172.24.4.4). Number attempts: 9. Retry after 10 seconds.
2015-12-14 18:28:18,173 25327 WARNING  [tempest_lib.common.ssh] Failed to establish authenticated ssh connection to cirros@172.24.4.4 ([Errno None] Unable to connect to port 22 on  or 172.24.4.4). Number attempts: 10. Retry after 11 seconds.
2015-12-14 18:28:32,684 25327 WARNING  [tempest_lib.common.ssh] Failed to establish authenticated ssh connection to cirros@172.24.4.4 ([Errno None] Unable to connect to port 22 on  or 172.24.4.4). Number attempts: 11. Retry after 12 seconds.
2015-12-14 18:28:48,197 25327 WARNING  [tempest_lib.common.ssh] Failed to establish authenticated ssh connection to cirros@172.24.4.4 ([Errno None] Unable to connect to port 22 on  or 172.24.4.4). Number attempts: 12. Retry after 13 seconds.
2015-12-14 18:29:04,710 25327 WARNING  [tempest_lib.common.ssh] Failed to establish authenticated ssh connection to cirros@172.24.4.4 ([Errno None] Unable to connect to port 22 on  or 172.24.4.4). Number attempts: 13. Retry after 14 seconds.
2015-12-14 18:29:22,223 25327 WARNING  [tempest_lib.common.ssh] Failed to establish authenticated ssh connection to cirros@172.24.4.4 ([Errno None] Unable to connect to port 22 on  or 172.24.4.4). Number attempts: 14. Retry after 15 seconds.
2015-12-14 18:29:40,738 25327 WARNING  [tempest_lib.common.ssh] Failed to establish authenticated ssh connection to cirros@172.24.4.4 ([Errno None] Unable to connect to port 22 on  or 172.24.4.4). Number attempts: 15. Retry after 16 seconds.
2015-12-14 18:30:00,246 25327 WARNING  [tempest_lib.common.ssh] Failed to establish authenticated ssh connection to cirros@172.24.4.4 ([Errno None] Unable to connect to port 22 on  or 172.24.4.4). Number attempts: 16. Retry after 17 seconds.
2015-12-14 18:30:20,762 25327 ERROR    [tempest_lib.common.ssh] Failed to establish authenticated ssh connection to cirros@172.24.4.4 after 16 attempts
2015-12-14 18:30:20.762 25327 ERROR tempest_lib.common.ssh Traceback (most recent call last):
2015-12-14 18:30:20.762 25327 ERROR tempest_lib.common.ssh   File "/usr/local/lib/python2.7/dist-packages/tempest_lib/common/ssh.py", line 75, in _get_ssh_connection
2015-12-14 18:30:20.762 25327 ERROR tempest_lib.common.ssh     timeout=self.channel_timeout, pkey=self.pkey)
2015-12-14 18:30:20.762 25327 ERROR tempest_lib.common.ssh   File "/usr/local/lib/python2.7/dist-packages/paramiko/client.py", line 311, in connect
2015-12-14 18:30:20.762 25327 ERROR tempest_lib.common.ssh     raise NoValidConnectionsError(errors)
2015-12-14 18:30:20.762 25327 ERROR tempest_lib.common.ssh NoValidConnectionsError: [Errno None] Unable to connect to port 22 on  or 172.24.4.4
2015-12-14 18:30:20.762 25327 ERROR tempest_lib.common.ssh 
2015-12-14 18:30:20,764 25327 ERROR    [tempest.scenario.manager] (TestGettingAddress:test_dhcp6_stateless_from_os) Initializing SSH connection to 172.24.4.4 failed. Error: Connection to the 172.24.4.4 via SSH timed out.
User: cirros, Password: None
2015-12-14 18:30:20.764 25327 ERROR tempest.scenario.manager Traceback (most recent call last):
2015-12-14 18:30:20.764 25327 ERROR tempest.scenario.manager   File "tempest/scenario/manager.py", line 383, in get_remote_client
2015-12-14 18:30:20.764 25327 ERROR tempest.scenario.manager     linux_client.validate_authentication()
2015-12-14 18:30:20.764 25327 ERROR tempest.scenario.manager   File "tempest/common/utils/linux/remote_client.py", line 63, in validate_authentication
2015-12-14 18:30:20.764 25327 ERROR tempest.scenario.manager     self.ssh_client.test_connection_auth()
2015-12-14 18:30:20.764 25327 ERROR tempest.scenario.manager   File "/usr/local/lib/python2.7/dist-packages/tempest_lib/common/ssh.py", line 167, in test_connection_auth
2015-12-14 18:30:20.764 25327 ERROR tempest.scenario.manager     connection = self._get_ssh_connection()
2015-12-14 18:30:20.764 25327 ERROR tempest.scenario.manager   File "/usr/local/lib/python2.7/dist-packages/tempest_lib/common/ssh.py", line 87, in _get_ssh_connection
2015-12-14 18:30:20.764 25327 ERROR tempest.scenario.manager     password=self.password)
2015-12-14 18:30:20.764 25327 ERROR tempest.scenario.manager SSHTimeout: Connection to the 172.24.4.4 via SSH timed out.
2015-12-14 18:30:20.764 25327 ERROR tempest.scenario.manager User: cirros, Password: None
2015-12-14 18:30:20.764 25327 ERROR tempest.scenario.manager 
2015-12-14 18:30:20,842 25327 INFO     [tempest_lib.common.rest_client] Request (TestGettingAddress:test_dhcp6_stateless_from_os): 200 GET http://10.0.2.15:8774/v2.1/f492f231c87d4ef0bcf65a4ed1f90ddf/servers 0.076s
2015-12-14 18:30:20,843 25327 DEBUG    [tempest_lib.common.rest_client] Request - Headers: {'Content-Type': 'application/json', 'Accept': 'application/json', 'X-Auth-Token': '&lt;omitted&gt;'}
        Body: None
    Response - Headers: {'status': '200', 'content-length': '390', 'content-location': 'http://10.0.2.15:8774/v2.1/f492f231c87d4ef0bcf65a4ed1f90ddf/servers', 'x-compute-request-id': 'req-19f73f52-deff-4cc4-8891-15746948c6ec', 'vary': 'X-OpenStack-Nova-API-Version', 'connection': 'close', 'x-openstack-nova-api-version': '2.1', 'date': 'Mon, 14 Dec 2015 18:30:20 GMT', 'content-type': 'application/json'}
        Body: {"servers": [{"id": "28813d54-fa50-4314-b007-99bbf1c7c423", "links": [{"href": "http://10.0.2.15:8774/v2.1/f492f231c87d4ef0bcf65a4ed1f90ddf/servers/28813d54-fa50-4314-b007-99bbf1c7c423", "rel": "self"}, {"href": "http://10.0.2.15:8774/f492f231c87d4ef0bcf65a4ed1f90ddf/servers/28813d54-fa50-4314-b007-99bbf1c7c423", "rel": "bookmark"}], "name": "tempest.common.compute-instance-357540572"}]}
2015-12-14 18:30:21,060 25327 INFO     [tempest_lib.common.rest_client] Request (TestGettingAddress:test_dhcp6_stateless_from_os): 200 POST http://10.0.2.15:8774/v2.1/f492f231c87d4ef0bcf65a4ed1f90ddf/servers/28813d54-fa50-4314-b007-99bbf1c7c423/action 0.212s
2015-12-14 18:30:21,061 25327 DEBUG    [tempest_lib.common.rest_client] Request - Headers: {'Content-Type': 'application/json', 'Accept': 'application/json', 'X-Auth-Token': '&lt;omitted&gt;'}
        Body: {"os-getConsoleOutput": {}}
    Response - Headers: {'status': '200', 'content-length': '24669', 'x-compute-request-id': 'req-727e2093-ff12-4ecb-b809-1f4cc636b5e0', 'vary': 'X-OpenStack-Nova-API-Version', 'connection': 'close', 'x-openstack-nova-api-version': '2.1', 'date': 'Mon, 14 Dec 2015 18:30:21 GMT', 'content-type': 'application/json'}
        Body: {"output": "[    0.000000] Initializing cgroup subsys cpuset\n[    0.000000] Initializing cgroup subsys cpu\n[    0.000000] Linux version 3.2.0-80-virtual (buildd@batsu) (gcc version 4.6.3 (Ubuntu/Linaro 4.6.3-1ubuntu5) ) #116-Ubuntu SMP Mon Mar 23 17:28:52 UTC 2015 (Ubuntu 3.2.0-80.116-virtual 3.2.68)\n[    0.000000] Command line: root=/dev/vda console=tty0 console=ttyS0 no_timer_check\n[    0.000000] KERNEL supported cpus:\n[    0.000000]   Intel GenuineIntel\n[    0.000000]   AMD AuthenticAMD\n[    0.000000]   Centaur CentaurHauls\n[    0.000000] BIOS-provided physical RAM map:\n[    0.000000]  BIOS-e820: 0000000000000000 - 000000000009fc00 (usable)\n[    0.000000]  BIOS-e820: 000000000009fc00 - 00000000000a0000 (reserved)\n[    0.000000]  BIOS-e820: 00000000000f0000 - 0000000000100000 (reserved)\n[    0.000000]  BIOS-e820: 0000000000100000 - 0000000003ffe000 (usable)\n[    0.000000]  BIOS-e820: 0000000003ffe000 - 0000000004000000 (reserved)\n[    0.000000]  BIOS-e820: 00000000fffc0000 - 0000000100000000 (reserved)\n[    0.000000] NX (Execute Disable) protection: active\n[    0.000000] SMBIOS 2.4 present.\n[    0.000000] No AGP bridge found\n[    0.000000] last_pfn = 0x3ffe max_arch_pfn = 0x400000000\n[    0.000000] x86 PAT enabled: cpu 0, old 0x7040600070406, new 0x7010600070106\n[    0.000000] found SMP MP-table at [ffff8800000f0b00] f0b00\n[    0.000000] init_memory_mapping: 0000000000000000-0000000003ffe000\n[    0.000000] RAMDISK: 03c5e000 - 03ff0000\n[    0.000000] ACPI: RSDP 00000000000f0950 00014 (v00 BOCHS )\n[    0.000000] ACPI: RSDT 0000000003fffbc1 00034 (v01 BOCHS  BXPCRSDT 00000001 BXPC 00000001)\n[    0.000000] ACPI: FACP 0000000003fff1c0 00074 (v01 BOCHS  BXPCFACP 00000001 BXPC 00000001)\n[    0.000000] ACPI: DSDT 0000000003ffe040 01180 (v01 BOCHS  BXPCDSDT 00000001 BXPC 00000001)\n[    0.000000] ACPI: FACS 0000000003ffe000 00040\n[    0.000000] ACPI: SSDT 0000000003fff234 008DD (v01 BOCHS  BXPCSSDT 00000001 BXPC 00000001)\n[    0.000000] ACPI: APIC 0000000003fffb11 00078 (v01 BOCHS  BXPCAPIC 00000001 BXPC 00000001)\n[    0.000000] ACPI: HPET 0000000003fffb89 00038 (v01 BOCHS  BXPCHPET 00000001 BXPC 00000001)\n[    0.000000] No NUMA configuration found\n[    0.000000] Faking a node at 0000000000000000-0000000003ffe000\n[    0.000000] Initmem setup node 0 0000000000000000-0000000003ffe000\n[    0.000000]   NODE_DATA [0000000003ff6000 - 0000000003ffafff]\n[    0.000000] Zone PFN ranges:\n[    0.000000]   DMA      0x00000010 -&gt; 0x00001000\n[    0.000000]   DMA32    0x00001000 -&gt; 0x00100000\n[    0.000000]   Normal   empty\n[    0.000000] Movable zone start PFN for each node\n[    0.000000] early_node_map[2] active PFN ranges\n[    0.000000]     0: 0x00000010 -&gt; 0x0000009f\n[    0.000000]     0: 0x00000100 -&gt; 0x00003ffe\n[    0.000000] ACPI: PM-Timer IO Port: 0xb008\n[    0.000000] ACPI: LAPIC (acpi_id[0x00] lapic_id[0x00] enabled)\n[    0.000000] ACPI: LAPIC_NMI (acpi_id[0xff] dfl dfl lint[0x1])\n[    0.000000] ACPI: IOAPIC (id[0x00] address[0xfec00000] gsi_base[0])\n[    0.000000] IOAPIC[0]: apic_id 0, version 17, address 0xfec00000, GSI 0-23\n[    0.000000] ACPI: INT_SRC_OVR (bus 0 bus_irq 0 global_irq 2 dfl dfl)\n[    0.000000] ACPI: INT_SRC_OVR (bus 0 bus_irq 5 global_irq 5 high level)\n[    0.000000] ACPI: INT_SRC_OVR (bus 0 bus_irq 9 global_irq 9 high level)\n[    0.000000] ACPI: INT_SRC_OVR (bus 0 bus_irq 10 global_irq 10 high level)\n[    0.000000] ACPI: INT_SRC_OVR (bus 0 bus_irq 11 global_irq 11 high level)\n[    0.000000] Using ACPI (MADT) for SMP configuration information\n[    0.000000] ACPI: HPET id: 0x8086a201 base: 0xfed00000\n[    0.000000] SMP: Allowing 1 CPUs, 0 hotplug CPUs\n[    0.000000] PM: Registered nosave memory: 000000000009f000 - 00000000000a0000\n[    0.000000] PM: Registered nosave memory: 00000000000a0000 - 00000000000f0000\n[    0.000000] PM: Registered nosave memory: 00000000000f0000 - 0000000000100000\n[    0.000000] Allocating PCI resources starting at 4000000 (gap: 4000000:fbfc0000)\n[    0.000000] Booting paravirtualized kernel on bare hardware\n[    0.000000] setup_pe
2015-12-14 18:30:21,062 25327 DEBUG    [tempest.scenario.manager] Console output for 28813d54-fa50-4314-b007-99bbf1c7c423
body=
[    0.000000] Initializing cgroup subsys cpuset
[    0.000000] Initializing cgroup subsys cpu
[    0.000000] Linux version 3.2.0-80-virtual (buildd@batsu) (gcc version 4.6.3 (Ubuntu/Linaro 4.6.3-1ubuntu5) ) #116-Ubuntu SMP Mon Mar 23 17:28:52 UTC 2015 (Ubuntu 3.2.0-80.116-virtual 3.2.68)
[    0.000000] Command line: root=/dev/vda console=tty0 console=ttyS0 no_timer_check
[    0.000000] KERNEL supported cpus:
[    0.000000]   Intel GenuineIntel
[    0.000000]   AMD AuthenticAMD
[    0.000000]   Centaur CentaurHauls
[    0.000000] BIOS-provided physical RAM map:
[    0.000000]  BIOS-e820: 0000000000000000 - 000000000009fc00 (usable)
[    0.000000]  BIOS-e820: 000000000009fc00 - 00000000000a0000 (reserved)
[    0.000000]  BIOS-e820: 00000000000f0000 - 0000000000100000 (reserved)
[    0.000000]  BIOS-e820: 0000000000100000 - 0000000003ffe000 (usable)
[    0.000000]  BIOS-e820: 0000000003ffe000 - 0000000004000000 (reserved)
[    0.000000]  BIOS-e820: 00000000fffc0000 - 0000000100000000 (reserved)
[    0.000000] NX (Execute Disable) protection: active
[    0.000000] SMBIOS 2.4 present.
[    0.000000] No AGP bridge found
[    0.000000] last_pfn = 0x3ffe max_arch_pfn = 0x400000000
[    0.000000] x86 PAT enabled: cpu 0, old 0x7040600070406, new 0x7010600070106
[    0.000000] found SMP MP-table at [ffff8800000f0b00] f0b00
[    0.000000] init_memory_mapping: 0000000000000000-0000000003ffe000
[    0.000000] RAMDISK: 03c5e000 - 03ff0000
[    0.000000] ACPI: RSDP 00000000000f0950 00014 (v00 BOCHS )
[    0.000000] ACPI: RSDT 0000000003fffbc1 00034 (v01 BOCHS  BXPCRSDT 00000001 BXPC 00000001)
[    0.000000] ACPI: FACP 0000000003fff1c0 00074 (v01 BOCHS  BXPCFACP 00000001 BXPC 00000001)
[    0.000000] ACPI: DSDT 0000000003ffe040 01180 (v01 BOCHS  BXPCDSDT 00000001 BXPC 00000001)
[    0.000000] ACPI: FACS 0000000003ffe000 00040
[    0.000000] ACPI: SSDT 0000000003fff234 008DD (v01 BOCHS  BXPCSSDT 00000001 BXPC 00000001)
[    0.000000] ACPI: APIC 0000000003fffb11 00078 (v01 BOCHS  BXPCAPIC 00000001 BXPC 00000001)
[    0.000000] ACPI: HPET 0000000003fffb89 00038 (v01 BOCHS  BXPCHPET 00000001 BXPC 00000001)
[    0.000000] No NUMA configuration found
[    0.000000] Faking a node at 0000000000000000-0000000003ffe000
[    0.000000] Initmem setup node 0 0000000000000000-0000000003ffe000
[    0.000000]   NODE_DATA [0000000003ff6000 - 0000000003ffafff]
[    0.000000] Zone PFN ranges:
[    0.000000]   DMA      0x00000010 -&gt; 0x00001000
[    0.000000]   DMA32    0x00001000 -&gt; 0x00100000
[    0.000000]   Normal   empty
[    0.000000] Movable zone start PFN for each node
[    0.000000] early_node_map[2] active PFN ranges
[    0.000000]     0: 0x00000010 -&gt; 0x0000009f
[    0.000000]     0: 0x00000100 -&gt; 0x00003ffe
[    0.000000] ACPI: PM-Timer IO Port: 0xb008
[    0.000000] ACPI: LAPIC (acpi_id[0x00] lapic_id[0x00] enabled)
[    0.000000] ACPI: LAPIC_NMI (acpi_id[0xff] dfl dfl lint[0x1])
[    0.000000] ACPI: IOAPIC (id[0x00] address[0xfec00000] gsi_base[0])
[    0.000000] IOAPIC[0]: apic_id 0, version 17, address 0xfec00000, GSI 0-23
[    0.000000] ACPI: INT_SRC_OVR (bus 0 bus_irq 0 global_irq 2 dfl dfl)
[    0.000000] ACPI: INT_SRC_OVR (bus 0 bus_irq 5 global_irq 5 high level)
[    0.000000] ACPI: INT_SRC_OVR (bus 0 bus_irq 9 global_irq 9 high level)
[    0.000000] ACPI: INT_SRC_OVR (bus 0 bus_irq 10 global_irq 10 high level)
[    0.000000] ACPI: INT_SRC_OVR (bus 0 bus_irq 11 global_irq 11 high level)
[    0.000000] Using ACPI (MADT) for SMP configuration information
[    0.000000] ACPI: HPET id: 0x8086a201 base: 0xfed00000
[    0.000000] SMP: Allowing 1 CPUs, 0 hotplug CPUs
[    0.000000] PM: Registered nosave memory: 000000000009f000 - 00000000000a0000
[    0.000000] PM: Registered nosave memory: 00000000000a0000 - 00000000000f0000
[    0.000000] PM: Registered nosave memory: 00000000000f0000 - 0000000000100000
[    0.000000] Allocating PCI resources starting at 4000000 (gap: 4000000:fbfc0000)
[    0.000000] Booting paravirtualized kernel on bare hardware
[    0.000000] setup_percpu: NR_CPUS:64 nr_cpumask_bits:64 nr_cpu_ids:1 nr_node_ids:1
[    0.000000] PERCPU: Embedded 27 pages/cpu @ffff880003a00000 s78848 r8192 d23552 u2097152
[    0.000000] Built 1 zonelists in Node order, mobility grouping on.  Total pages: 16008
[    0.000000] Policy zone: DMA32
[    0.000000] Kernel command line: root=/dev/vda console=tty0 console=ttyS0 no_timer_check
[    0.000000] PID hash table entries: 256 (order: -1, 2048 bytes)
[    0.000000] Checking aperture...
[    0.000000] No AGP bridge found
[    0.000000] Memory: 43492k/65528k available (6576k kernel code, 452k absent, 21584k reserved, 6620k data, 928k init)
[    0.000000] SLUB: Genslabs=15, HWalign=64, Order=0-3, MinObjects=0, CPUs=1, Nodes=1
[    0.000000] Hierarchical RCU implementation.
[    0.000000] 	RCU dyntick-idle grace-period acceleration is enabled.
[    0.000000] NR_IRQS:4352 nr_irqs:256 16
[    0.000000] Console: colour VGA+ 80x25
[    0.000000] console [tty0] enabled
[    0.000000] console [ttyS0] enabled
[    0.000000] allocated 1048576 bytes of page_cgroup
[    0.000000] please try 'cgroup_disable=memory' option if you don't want memory cgroups
[    0.000000] Fast TSC calibration failed
[    0.000000] TSC: Unable to calibrate against PIT
[    0.000000] TSC: using HPET reference calibration
[    0.000000] Detected 2291.419 MHz processor.
[    0.037561] Calibrating delay loop (skipped), value calculated using timer frequency.. 4582.83 BogoMIPS (lpj=9165676)
[    0.039544] pid_max: default: 32768 minimum: 301
[    0.048239] Security Framework initialized
[    0.052883] AppArmor: AppArmor initialized
[    0.053620] Yama: becoming mindful.
[    0.062104] Dentry cache hash table entries: 8192 (order: 4, 65536 bytes)
[    0.064608] Inode-cache hash table entries: 4096 (order: 3, 32768 bytes)
[    0.066206] Mount-cache hash table entries: 256
[    0.081217] Initializing cgroup subsys cpuacct
[    0.082144] Initializing cgroup subsys memory
[    0.084493] Initializing cgroup subsys devices
[    0.085699] Initializing cgroup subsys freezer
[    0.088306] Initializing cgroup subsys blkio
[    0.089689] Initializing cgroup subsys perf_event
[    0.096817] mce: CPU supports 10 MCE banks
[    0.099232] SMP alternatives: switching to UP code
[    0.526276] Freeing SMP alternatives: 24k freed
[    0.528550] ACPI: Core revision 20110623
[    0.592652] ftrace: allocating 26610 entries in 105 pages
[    0.622316] ..TIMER: vector=0x30 apic1=0 pin1=2 apic2=-1 pin2=-1
[    0.624130] CPU0: AMD QEMU Virtual CPU version 2.0.0 stepping 03
[    0.628038] Performance Events: Broken PMU hardware detected, using software events only.
[    0.635159] NMI watchdog disabled (cpu0): hardware events not enabled
[    0.636752] Brought up 1 CPUs
[    0.637228] Total of 1 processors activated (4582.83 BogoMIPS).
[    0.662616] devtmpfs: initialized
[    0.697666] EVM: security.selinux
[    0.698324] EVM: security.SMACK64
[    0.698797] EVM: security.capability
[    0.718056] print_constraints: dummy: 
[    0.720451] RTC time: 18:26:51, date: 12/14/15
[    0.724692] NET: Registered protocol family 16
[    0.732261] ACPI: bus type pci registered
[    0.737075] PCI: Using configuration type 1 for base access
[    0.766122] bio: create slab &lt;bio-0&gt; at 0
[    0.770404] ACPI: Added _OSI(Module Device)
[    0.771121] ACPI: Added _OSI(Processor Device)
[    0.772118] ACPI: Added _OSI(3.0 _SCP Extensions)
[    0.773577] ACPI: Added _OSI(Processor Aggregator Device)
[    0.852376] ACPI: Interpreter enabled
[    0.853081] ACPI: (supports S0 S3 S4 S5)
[    0.854775] ACPI: Using IOAPIC for interrupt routing
[    0.925421] ACPI: No dock devices found.
[    0.926046] HEST: Table not found.
[    0.926620] PCI: Using host bridge windows from ACPI; if necessary, use "pci=nocrs" and report a bug
[    0.932813] ACPI: PCI Root Bridge [PCI0] (domain 0000 [bus 00-ff])
[    0.938090] pci_root PNP0A03:00: host bridge window [io  0x0000-0x0cf7]
[    0.939080] pci_root PNP0A03:00: host bridge window [io  0x0d00-0xadff]
[    0.940109] pci_root PNP0A03:00: host bridge window [io  0xae0f-0xaeff]
[    0.940956] pci_root PNP0A03:00: host bridge window [io  0xaf20-0xafdf]
[    0.941683] pci_root PNP0A03:00: host bridge window [io  0xafe4-0xffff]
[    0.942640] pci_root PNP0A03:00: host bridge window [mem 0x000a0000-0x000bffff]
[    0.944119] pci_root PNP0A03:00: host bridge window [mem 0x04000000-0xfebfffff]
[    0.965595] pci 0000:00:01.3: quirk: [io  0xb000-0xb03f] claimed by PIIX4 ACPI
[    0.966671] pci 0000:00:01.3: quirk: [io  0xb100-0xb10f] claimed by PIIX4 SMB
[    1.038746]  pci0000:00: Unable to request _OSC control (_OSC support mask: 0x1e)
[    1.103473] ACPI: PCI Interrupt Link [LNKA] (IRQs 5 *10 11)
[    1.105702] ACPI: PCI Interrupt Link [LNKB] (IRQs 5 *10 11)
[    1.108654] ACPI: PCI Interrupt Link [LNKC] (IRQs 5 10 *11)
[    1.109874] ACPI: PCI Interrupt Link [LNKD] (IRQs 5 10 *11)
[    1.112511] ACPI: PCI Interrupt Link [LNKS] (IRQs *9)
[    1.118701] vgaarb: device added: PCI:0000:00:02.0,decodes=io+mem,owns=io+mem,locks=none
[    1.120206] vgaarb: loaded
[    1.120600] vgaarb: bridge control possible 0000:00:02.0
[    1.124908] i2c-core: driver [aat2870] using legacy suspend method
[    1.125683] i2c-core: driver [aat2870] using legacy resume method
[    1.128628] SCSI subsystem initialized
[    1.132637] usbcore: registered new interface driver usbfs
[    1.133843] usbcore: registered new interface driver hub
[    1.135180] usbcore: registered new device driver usb
[    1.138802] PCI: Using ACPI for IRQ routing
[    1.152760] NetLabel: Initializing
[    1.153345] NetLabel:  domain hash size = 128
[    1.153938] NetLabel:  protocols = UNLABELED CIPSOv4
[    1.156865] NetLabel:  unlabeled traffic allowed by default
[    1.159017] HPET: 3 timers in total, 0 timers will be used for per-cpu timer
[    1.160482] hpet0: at MMIO 0xfed00000, IRQs 2, 8, 0
[    1.161329] hpet0: 3 comparators, 64-bit 100.000000 MHz counter
[    1.174632] Switching to clocksource hpet
[    1.422151] AppArmor: AppArmor Filesystem Enabled
[    1.423578] pnp: PnP ACPI init
[    1.424923] ACPI: bus type pnp registered
[    1.442828] pnp: PnP ACPI: found 9 devices
[    1.443375] ACPI: ACPI bus type pnp unregistered
[    1.505301] NET: Registered protocol family 2
[    1.539304] IP route cache hash table entries: 512 (order: 0, 4096 bytes)
[    1.547322] TCP established hash table entries: 2048 (order: 3, 32768 bytes)
[    1.549748] TCP bind hash table entries: 2048 (order: 3, 32768 bytes)
[    1.550812] TCP: Hash tables configured (established 2048 bind 2048)
[    1.551697] TCP reno registered
[    1.552690] UDP hash table entries: 128 (order: 0, 4096 bytes)
[    1.553890] UDP-Lite hash table entries: 128 (order: 0, 4096 bytes)
[    1.557319] NET: Registered protocol family 1
[    1.558141] pci 0000:00:00.0: Limiting direct PCI/PCI transfers
[    1.558989] pci 0000:00:01.0: PIIX3: Enabling Passive Release
[    1.559597] pci 0000:00:01.0: Activating ISA DMA hang workarounds
[    1.565872] ACPI: PCI Interrupt Link [LNKD] enabled at IRQ 11
[    1.566887] pci 0000:00:01.2: PCI INT D -&gt; Link[LNKD] -&gt; GSI 11 (level, high) -&gt; IRQ 11
[    1.570597] pci 0000:00:01.2: PCI INT D disabled
[    1.597785] Trying to unpack rootfs image as initramfs...
[    1.626470] audit: initializing netlink socket (disabled)
[    1.628030] type=2000 audit(1450117611.624:1): initialized
[    1.951549] HugeTLB registered 2 MB page size, pre-allocated 0 pages
[    2.031145] VFS: Disk quotas dquot_6.5.2
[    2.034001] Dquot-cache hash table entries: 512 (order 0, 4096 bytes)
[    2.054155] fuse init (API version 7.17)
[    2.057336] msgmni has been set to 84
[    2.087086] Block layer SCSI generic (bsg) driver version 0.4 loaded (major 253)
[    2.095562] io scheduler noop registered
[    2.097638] io scheduler deadline registered (default)
[    2.098823] io scheduler cfq registered
[    2.102796] pci_hotplug: PCI Hot Plug PCI Core version: 0.5
[    2.105814] pciehp: PCI Express Hot Plug Controller Driver version: 0.4
[    2.112101] input: Power Button as /devices/LNXSYSTM:00/LNXPWRBN:00/input/input0
[    2.114711] ACPI: Power Button [PWRF]
[    2.174484] ERST: Table is not found!
[    2.175092] GHES: HEST is not enabled!
[    2.183422] ACPI: PCI Interrupt Link [LNKC] enabled at IRQ 10
[    2.184189] virtio-pci 0000:00:03.0: PCI INT A -&gt; Link[LNKC] -&gt; GSI 10 (level, high) -&gt; IRQ 10
[    2.188211] virtio-pci 0000:00:04.0: PCI INT A -&gt; Link[LNKD] -&gt; GSI 11 (level, high) -&gt; IRQ 11
[    2.203832] ACPI: PCI Interrupt Link [LNKA] enabled at IRQ 10
[    2.205432] virtio-pci 0000:00:05.0: PCI INT A -&gt; Link[LNKA] -&gt; GSI 10 (level, high) -&gt; IRQ 10
[    2.218107] Serial: 8250/16550 driver, 32 ports, IRQ sharing enabled
[    2.264036] serial8250: ttyS0 at I/O 0x3f8 (irq = 4) is a 16550A
[    2.353577] serial8250: ttyS1 at I/O 0x2f8 (irq = 3) is a 16550A
[    2.482947] 00:05: ttyS0 at I/O 0x3f8 (irq = 4) is a 16550A
[    2.571323] 00:06: ttyS1 at I/O 0x2f8 (irq = 3) is a 16550A
[    2.581454] Refined TSC clocksource calibration: 2291.433 MHz.
[    2.583350] Switching to clocksource tsc
[    2.627906] Linux agpgart interface v0.103
[    2.694964] brd: module loaded
[    2.732670] loop: module loaded
[    2.787009]  vda: unknown partition table
[    2.845524] scsi0 : ata_piix
[    2.853892] scsi1 : ata_piix
[    2.855480] ata1: PATA max MWDMA2 cmd 0x1f0 ctl 0x3f6 bmdma 0xc0a0 irq 14
[    2.857383] ata2: PATA max MWDMA2 cmd 0x170 ctl 0x376 bmdma 0xc0a8 irq 15
[    2.867882] Fixed MDIO Bus: probed
[    2.869581] tun: Universal TUN/TAP device driver, 1.6
[    2.870202] tun: (C) 1999-2004 Max Krasnyansky &lt;maxk@qualcomm.com&gt;
[    2.882262] PPP generic driver version 2.4.2
[    2.907508] ehci_hcd: USB 2.0 'Enhanced' Host Controller (EHCI) Driver
[    2.909469] ohci_hcd: USB 1.1 'Open' Host Controller (OHCI) Driver
[    2.910459] uhci_hcd: USB Universal Host Controller Interface driver
[    2.911425] uhci_hcd 0000:00:01.2: PCI INT D -&gt; Link[LNKD] -&gt; GSI 11 (level, high) -&gt; IRQ 11
[    2.914870] uhci_hcd 0000:00:01.2: UHCI Host Controller
[    2.926063] uhci_hcd 0000:00:01.2: new USB bus registered, assigned bus number 1
[    2.927861] uhci_hcd 0000:00:01.2: irq 11, io base 0x0000c040
[    2.957509] hub 1-0:1.0: USB hub found
[    2.959888] hub 1-0:1.0: 2 ports detected
[    2.974835] usbcore: registered new interface driver libusual
[    2.981222] i8042: PNP: PS/2 Controller [PNP0303:KBD,PNP0f13:MOU] at 0x60,0x64 irq 1,12
[    2.995096] serio: i8042 KBD port at 0x60,0x64 irq 1
[    2.996750] serio: i8042 AUX port at 0x60,0x64 irq 12
[    3.070460] mousedev: PS/2 mouse device common for all mice
[    3.076691] ata2.01: ATAPI: QEMU DVD-ROM, 2.0.0, max UDMA/100
[    3.092097] input: AT Translated Set 2 keyboard as /devices/platform/i8042/serio0/input/input1
[    3.096193] rtc_cmos 00:01: RTC can wake from S4
[    3.107918] rtc_cmos 00:01: rtc core: registered rtc_cmos as rtc0
[    3.110898] rtc0: alarms up to one day, 114 bytes nvram, hpet irqs
[    3.114041] device-mapper: uevent: version 1.0.3
[    3.127295] ata2.01: configured for MWDMA2
[    3.150924] device-mapper: ioctl: 4.22.0-ioctl (2011-10-19) initialised: dm-devel@redhat.com
[    3.153941] cpuidle: using governor ladder
[    3.155330] cpuidle: using governor menu
[    3.156523] EFI Variables Facility v0.08 2004-May-17
[    3.165335] TCP cubic registered
[    3.169782] NET: Registered protocol family 10
[    3.202433] NET: Registered protocol family 17
[    3.203489] Registering the dns_resolver key type
[    3.220421] scsi 1:0:1:0: CD-ROM            QEMU     QEMU DVD-ROM     2.0. PQ: 0 ANSI: 5
[    3.254796] sr0: scsi3-mmc drive: 4x/4x cd/rw xa/form2 tray
[    3.257447] cdrom: Uniform CD-ROM driver Revision: 3.20
[    3.287289] sr 1:0:1:0: Attached scsi generic sg0 type 5
[    3.324733] registered taskstats version 1
[    3.395510] Freeing initrd memory: 3656k freed
[    3.939620]   Magic number: 11:373:443
[    3.951554] rtc_cmos 00:01: setting system clock to 2015-12-14 18:26:54 UTC (1450117614)
[    3.954698] powernow-k8: Processor cpuid 663 not supported
[    3.961243] BIOS EDD facility v0.16 2004-Jun-25, 0 devices found
[    3.963327] EDD information not available.
[    4.046572] Freeing unused kernel memory: 928k freed
[    4.051739] Write protecting the kernel read-only data: 12288k
[    4.167950] Freeing unused kernel memory: 1596k freed
[    4.231358] Freeing unused kernel memory: 1184k freed

info: initramfs: up at 4.40
modprobe: module virtio_blk not found in modules.dep
modprobe: module virtio_net not found in modules.dep
info: copying initramfs to /dev/vda
info: initramfs loading root from /dev/vda
info: /etc/init.d/rc.sysinit: up at 9.05
info: container: none
Starting logging: OK
modprobe: module virtio_blk not found in modules.dep
modprobe: module virtio_net not found in modules.dep
WARN: /etc/rc3.d/S10-load-modules failed
Initializing random number generator... done.
Starting acpid: OK
cirros-ds 'local' up at 11.52
found datasource (configdrive, local)
Starting network...
udhcpc (v1.20.1) started
Sending discover...
Sending discover...
Sending discover...
Usage: /sbin/cirros-dhcpc &lt;up|down&gt;
No lease, failing
WARN: /etc/rc3.d/S40-network failed
Starting dropbear sshd: generating rsa key... generating dsa key... OK
no userdata for datasource
=== system information ===
Platform: OpenStack Foundation OpenStack Nova
Container: none
Arch: x86_64
CPU(s): 1 @ 2291.419 MHz
Cores/Sockets/Threads: 1/1/1
Virt-type: AMD-V
RAM Size: 49MB
Disks:
NAME MAJ:MIN     SIZE LABEL         MOUNTPOINT
vda  253:0   25165824 cirros-rootfs /
sr0   11:0     428032 config-2      
=== sshd host keys ===
-----BEGIN SSH HOST KEY KEYS-----
ssh-rsa AAAAB3NzaC1yc2EAAAADAQABAAAAgmODlQNtZ5A1Iq6w9BHFLZFQIB4NlzEfB/XeSUXU5/SSPXYGmFXvV+Ea0k09hxEKrdRu7tJcnrZmT8JgGMY3M+3+YaCvt0LA9ytEqhUB50ifTKfZbeXQdOms6IHRpcA+xo4x7V7T4Yeym9Y1svV0ZWK+djzwNkFQQi2BhhNyJk0KXk0= root@tempest
ssh-dss AAAAB3NzaC1kc3MAAACBAN9EjAZHX76X0YvNwC3Orid1vOWqv1Pfwx+yll9Wz/w9sIJAWhtU1Chj8E8U8OHS5oEwUqHNJXFky7P9yAHN07mIqxvIAUAyZJ8A0xaAbp/x+W7dyW7sY+qAmbMOeEQrdk/3CTqdrOPdKhsvnKg0++gTIt7T1Z/ZxSl5p69fp+xtAAAAFQC9mJQuhtsTBUMnFdryF98nAb5bKQAAAIEAttXGPTi1BcTjmugjkFgT3hmhznB/WVxkYXTKCzSkjEg2iBMUq3ABL0J5Lh5hHZVOxpXozBH+ByHHXHYkE0O54wjXMjch5dx55ssF5vim+xjRc/GSCvi5mO80VJ8w7/pX8292P0TqiM9L3zwGKhPJOyEbohAFewfwuGxIRF0g1hIAAACBALzoMO7OAvrmNL3AhasZ1xB5wDbRJsqsHYfWAf7Tx3Ihd+iPGBdAyBAGPPIOsnQjHHVSUybfjmFRjPEmb0uRhwf4rdTwICTbg/gesq1Rq/Kbg+papBHZsnfWq+WC4y17jbP8S3/k/V7zcbOC+vUveV6/e9HHwqypm6NSeP6hMuGr root@tempest
-----END SSH HOST KEY KEYS-----
=== network info ===
if-info: lo,up,127.0.0.1,8,::1
if-info: eth0,up,,8,fe80::f816:3eff:feb5:293b
=== datasource: configdrive local ===
instance-id: 28813d54-fa50-4314-b007-99bbf1c7c423
name: tempest.common.compute-instance-357540572
availability-zone: nova
local-hostname: tempest.common.compute-instance-357540572.novalocal
launch-index: 0
=== cirros: current=0.3.4 uptime=203.78 ===
route: fscanf
=== pinging gateway failed, debugging connection ===
############ debug start ##############
### /etc/init.d/sshd start
Starting dropbear sshd: OK
route: fscanf
### ifconfig -a
eth0      Link encap:Ethernet  HWaddr FA:16:3E:B5:29:3B  
          inet6 addr: fe80::f816:3eff:feb5:293b/64 Scope:Link
          UP BROADCAST RUNNING MULTICAST  MTU:1500  Metric:1
          RX packets:12 errors:0 dropped:5 overruns:0 frame:0
          TX packets:8 errors:0 dropped:0 overruns:0 carrier:0
          collisions:0 txqueuelen:1000 
          RX bytes:1303 (1.2 KiB)  TX bytes:1134 (1.1 KiB)

lo        Link encap:Local Loopback  
          inet addr:127.0.0.1  Mask:255.0.0.0
          inet6 addr: ::1/128 Scope:Host
          UP LOOPBACK RUNNING  MTU:16436  Metric:1
          RX packets:12 errors:0 dropped:0 overruns:0 frame:0
          TX packets:12 errors:0 dropped:0 overruns:0 carrier:0
          collisions:0 txqueuelen:0 
          RX bytes:1020 (1020.0 B)  TX bytes:1020 (1020.0 B)

### route -n
Kernel IP routing table
Destination     Gateway         Genmask         Flags Metric Ref    Use Iface
route: fscanf
### cat /etc/resolv.conf
cat: can't open '/etc/resolv.conf': No such file or directory
### gateway not found
/sbin/cirros-status: line 1: can't open /etc/resolv.conf: no such file
### pinging nameservers
### uname -a
Linux tempest 3.2.0-80-virtual #116-Ubuntu SMP Mon Mar 23 17:28:52 UTC 2015 x86_64 GNU/Linux
### lsmod
Module                  Size  Used by    Not tainted
nls_iso8859_1          12713  0 
nls_cp437              16991  0 
vfat                   17585  0 
fat                    61512  1 vfat
isofs                  40259  0 
ip_tables              27473  0 
x_tables               29891  1 ip_tables
pcnet32                42119  0 
8139cp                 27360  0 
ne2k_pci               13691  0 
8390                   18856  1 ne2k_pci
e1000                 108589  0 
acpiphp                24231  0 
### dmesg | tail
[    5.138948] EXT3-fs (vda): mounted filesystem with ordered data mode
[    5.467342] ISO 9660 Extensions: Microsoft Joliet Level 3
[    5.535794] ISO 9660 Extensions: RRIP_1991A
[    5.773547] kjournald starting.  Commit interval 5 seconds
[    5.788761] EXT3-fs (vda): using internal journal
[    5.788894] EXT3-fs (vda): mounted filesystem with ordered data mode
[    9.108024] EXT3-fs (vda): using internal journal
[   12.245939] ISO 9660 Extensions: Microsoft Joliet Level 3
[   12.337002] ISO 9660 Extensions: RRIP_1991A
[   27.139279] eth0: no IPv6 routers present
### tail -n 25 /var/log/messages
Dec 14 18:27:01 cirros kern.info kernel: [    4.663009] acpiphp: Slot [26] registered
Dec 14 18:27:01 cirros kern.info kernel: [    4.663325] acpiphp: Slot [27] registered
Dec 14 18:27:01 cirros kern.info kernel: [    4.663845] acpiphp: Slot [28] registered
Dec 14 18:27:01 cirros kern.info kernel: [    4.664134] acpiphp: Slot [29] registered
Dec 14 18:27:01 cirros kern.info kernel: [    4.665074] acpiphp: Slot [30] registered
Dec 14 18:27:01 cirros kern.info kernel: [    4.665390] acpiphp: Slot [31] registered
Dec 14 18:27:01 cirros kern.info kernel: [    4.711515] e1000: Intel(R) PRO/1000 Network Driver - version 7.3.21-k8-NAPI
Dec 14 18:27:01 cirros kern.info kernel: [    4.711565] e1000: Copyright (c) 1999-2006 Intel Corporation.
Dec 14 18:27:01 cirros kern.info kernel: [    4.751524] ne2k-pci.c:v1.03 9/22/2003 D. Becker/P. Gortmaker
Dec 14 18:27:01 cirros kern.info kernel: [    4.793184] 8139cp: 8139cp: 10/100 PCI Ethernet driver v1.3 (Mar 22, 2004)
Dec 14 18:27:01 cirros kern.info kernel: [    4.838309] pcnet32: pcnet32.c:v1.35 21.Apr.2008 tsbogend@alpha.franken.de
Dec 14 18:27:01 cirros kern.info kernel: [    4.897939] ip_tables: (C) 2000-2006 Netfilter Core Team
Dec 14 18:27:01 cirros kern.info kernel: [    5.132289] kjournald starting.  Commit interval 5 seconds
Dec 14 18:27:01 cirros kern.info kernel: [    5.138948] EXT3-fs (vda): mounted filesystem with ordered data mode
Dec 14 18:27:01 cirros kern.debug kernel: [    5.467342] ISO 9660 Extensions: Microsoft Joliet Level 3
Dec 14 18:27:01 cirros kern.debug kernel: [    5.535794] ISO 9660 Extensions: RRIP_1991A
Dec 14 18:27:01 cirros kern.info kernel: [    5.773547] kjournald starting.  Commit interval 5 seconds
Dec 14 18:27:01 cirros kern.info kernel: [    5.788761] EXT3-fs (vda): using internal journal
Dec 14 18:27:01 cirros kern.info kernel: [    5.788894] EXT3-fs (vda): mounted filesystem with ordered data mode
Dec 14 18:27:01 cirros kern.info kernel: [    9.108024] EXT3-fs (vda): using internal journal
Dec 14 18:27:02 cirros kern.debug kernel: [   12.245939] ISO 9660 Extensions: Microsoft Joliet Level 3
Dec 14 18:27:02 cirros kern.debug kernel: [   12.337002] ISO 9660 Extensions: RRIP_1991A
Dec 14 18:27:05 cirros auth.notice su: + /dev/console root:cirros
Dec 14 18:27:17 cirros kern.debug kernel: [   27.139279] eth0: no IPv6 routers present
Dec 14 18:30:12 cirros authpriv.info dropbear[283]: Running in background
############ debug end   ##############
  ____               ____  ____
 / __/ __ ____ ____ / __ \/ __/
/ /__ / // __// __// /_/ /\ \ 
\___//_//_/  /_/   \____/___/ 
   http://cirros-cloud.net


login as 'cirros' user. default password: 'cubswin:)'. use 'sudo' for root.
tempest login: 
2015-12-14 18:30:21,321 25327 INFO     [tempest_lib.common.rest_client] Request (TestGettingAddress:_run_cleanups): 204 DELETE http://10.0.2.15:9696/v2.0/floatingips/4d61868b-b5db-4f9b-906d-a67afa35bbb8 0.252s
2015-12-14 18:30:21,321 25327 DEBUG    [tempest_lib.common.rest_client] Request - Headers: {'Content-Type': 'application/json', 'Accept': 'application/json', 'X-Auth-Token': '&lt;omitted&gt;'}
        Body: None
    Response - Headers: {'date': 'Mon, 14 Dec 2015 18:30:21 GMT', 'status': '204', 'connection': 'close', 'content-length': '0', 'x-openstack-request-id': 'req-0f191d66-72e8-4112-bc16-c70ce7b6ed67'}
        Body: 
2015-12-14 18:30:21,545 25327 INFO     [tempest_lib.common.rest_client] Request (TestGettingAddress:_run_cleanups): 204 DELETE http://10.0.2.15:8774/v2.1/f492f231c87d4ef0bcf65a4ed1f90ddf/servers/28813d54-fa50-4314-b007-99bbf1c7c423 0.223s
2015-12-14 18:30:21,545 25327 DEBUG    [tempest_lib.common.rest_client] Request - Headers: {'Content-Type': 'application/json', 'Accept': 'application/json', 'X-Auth-Token': '&lt;omitted&gt;'}
        Body: None
    Response - Headers: {'status': '204', 'content-length': '0', 'x-compute-request-id': 'req-21ef7cac-33b3-45ba-9f89-9c4437ffc925', 'vary': 'X-OpenStack-Nova-API-Version', 'connection': 'close', 'x-openstack-nova-api-version': '2.1', 'date': 'Mon, 14 Dec 2015 18:30:21 GMT', 'content-type': 'application/json'}
        Body: 
2015-12-14 18:30:21,766 25327 INFO     [tempest_lib.common.rest_client] Request (TestGettingAddress:_run_cleanups): 200 GET http://10.0.2.15:8774/v2.1/f492f231c87d4ef0bcf65a4ed1f90ddf/servers/28813d54-fa50-4314-b007-99bbf1c7c423 0.220s
2015-12-14 18:30:21,766 25327 DEBUG    [tempest_lib.common.rest_client] Request - Headers: {'Content-Type': 'application/json', 'Accept': 'application/json', 'X-Auth-Token': '&lt;omitted&gt;'}
        Body: None
    Response - Headers: {'status': '200', 'content-length': '1903', 'content-location': 'http://10.0.2.15:8774/v2.1/f492f231c87d4ef0bcf65a4ed1f90ddf/servers/28813d54-fa50-4314-b007-99bbf1c7c423', 'x-compute-request-id': 'req-2fb86747-9c89-4121-a18c-23382cb5f35b', 'vary': 'X-OpenStack-Nova-API-Version', 'connection': 'close', 'x-openstack-nova-api-version': '2.1', 'date': 'Mon, 14 Dec 2015 18:30:21 GMT', 'content-type': 'application/json'}
        Body: {"server": {"status": "ACTIVE", "updated": "2015-12-14T18:30:21Z", "hostId": "163d3e55c2b504736c23d2378bb2c8272bc8dfef1e95078cf6bbea30", "addresses": {"tempest-network-smoke--490835653": [{"OS-EXT-IPS-MAC:mac_addr": "fa:16:3e:b5:29:3b", "version": 4, "addr": "10.100.0.3", "OS-EXT-IPS:type": "fixed"}, {"OS-EXT-IPS-MAC:mac_addr": "fa:16:3e:b5:29:3b", "version": 6, "addr": "2003::f816:3eff:feb5:293b", "OS-EXT-IPS:type": "fixed"}, {"OS-EXT-IPS-MAC:mac_addr": "fa:16:3e:b5:29:3b", "version": 4, "addr": "172.24.4.4", "OS-EXT-IPS:type": "floating"}]}, "links": [{"href": "http://10.0.2.15:8774/v2.1/f492f231c87d4ef0bcf65a4ed1f90ddf/servers/28813d54-fa50-4314-b007-99bbf1c7c423", "rel": "self"}, {"href": "http://10.0.2.15:8774/f492f231c87d4ef0bcf65a4ed1f90ddf/servers/28813d54-fa50-4314-b007-99bbf1c7c423", "rel": "bookmark"}], "key_name": "tempest-TestGettingAddress-2107841310", "image": {"id": "8e162877-8dec-4937-b3e4-f1512ac0083c", "links": [{"href": "http://10.0.2.15:8774/f492f231c87d4ef0bcf65a4ed1f90ddf/images/8e162877-8dec-4937-b3e4-f1512ac0083c", "rel": "bookmark"}]}, "OS-EXT-STS:task_state": "deleting", "OS-EXT-STS:vm_state": "active", "OS-SRV-USG:launched_at": "2015-12-14T18:26:47.000000", "flavor": {"id": "42", "links": [{"href": "http://10.0.2.15:8774/f492f231c87d4ef0bcf65a4ed1f90ddf/flavors/42", "rel": "bookmark"}]}, "id": "28813d54-fa50-4314-b007-99bbf1c7c423", "security_groups": [{"name": "tempest-secgroup-smoke-1431996579"}], "OS-SRV-USG:terminated_at": null, "OS-EXT-AZ:availability_zone": "nova", "user_id": "67dbb436163749b2a30285a326a03adc", "name": "tempest.common.compute-instance-357540572", "created": "2015-12-14T18:26:43Z", "tenant_id": "f492f231c87d4ef0bcf65a4ed1f90ddf", "OS-DCF:diskConfig": "MANUAL", "os-extended-volumes:volumes_attached": [], "accessIPv4": "", "accessIPv6": "", "progress": 0, "OS-EXT-STS:power_state": 1, "config_drive": "True", "metadata": {}}}
2015-12-14 18:30:22,912 25327 INFO     [tempest_lib.common.rest_client] Request (TestGettingAddress:_run_cleanups): 200 GET http://10.0.2.15:8774/v2.1/f492f231c87d4ef0bcf65a4ed1f90ddf/servers/28813d54-fa50-4314-b007-99bbf1c7c423 0.135s
2015-12-14 18:30:22,913 25327 DEBUG    [tempest_lib.common.rest_client] Request - Headers: {'Content-Type': 'application/json', 'Accept': 'application/json', 'X-Auth-Token': '&lt;omitted&gt;'}
        Body: None
    Response - Headers: {'status': '200', 'content-length': '1835', 'content-location': 'http://10.0.2.15:8774/v2.1/f492f231c87d4ef0bcf65a4ed1f90ddf/servers/28813d54-fa50-4314-b007-99bbf1c7c423', 'x-compute-request-id': 'req-3f017b97-e221-4b3c-9af1-1137dc5ab798', 'vary': 'X-OpenStack-Nova-API-Version', 'connection': 'close', 'x-openstack-nova-api-version': '2.1', 'date': 'Mon, 14 Dec 2015 18:30:22 GMT', 'content-type': 'application/json'}
        Body: {"server": {"status": "ACTIVE", "updated": "2015-12-14T18:30:22Z", "hostId": "163d3e55c2b504736c23d2378bb2c8272bc8dfef1e95078cf6bbea30", "addresses": {"tempest-network-smoke--490835653": [{"OS-EXT-IPS-MAC:mac_addr": "fa:16:3e:b5:29:3b", "version": 4, "addr": "10.100.0.3", "OS-EXT-IPS:type": "fixed"}, {"OS-EXT-IPS-MAC:mac_addr": "fa:16:3e:b5:29:3b", "version": 6, "addr": "2003::f816:3eff:feb5:293b", "OS-EXT-IPS:type": "fixed"}, {"OS-EXT-IPS-MAC:mac_addr": "fa:16:3e:b5:29:3b", "version": 4, "addr": "172.24.4.4", "OS-EXT-IPS:type": "floating"}]}, "links": [{"href": "http://10.0.2.15:8774/v2.1/f492f231c87d4ef0bcf65a4ed1f90ddf/servers/28813d54-fa50-4314-b007-99bbf1c7c423", "rel": "self"}, {"href": "http://10.0.2.15:8774/f492f231c87d4ef0bcf65a4ed1f90ddf/servers/28813d54-fa50-4314-b007-99bbf1c7c423", "rel": "bookmark"}], "key_name": "tempest-TestGettingAddress-2107841310", "image": {"id": "8e162877-8dec-4937-b3e4-f1512ac0083c", "links": [{"href": "http://10.0.2.15:8774/f492f231c87d4ef0bcf65a4ed1f90ddf/images/8e162877-8dec-4937-b3e4-f1512ac0083c", "rel": "bookmark"}]}, "OS-EXT-STS:task_state": "deleting", "OS-EXT-STS:vm_state": "active", "OS-SRV-USG:launched_at": "2015-12-14T18:26:47.000000", "flavor": {"id": "42", "links": [{"href": "http://10.0.2.15:8774/f492f231c87d4ef0bcf65a4ed1f90ddf/flavors/42", "rel": "bookmark"}]}, "id": "28813d54-fa50-4314-b007-99bbf1c7c423", "OS-SRV-USG:terminated_at": null, "OS-EXT-AZ:availability_zone": "nova", "user_id": "67dbb436163749b2a30285a326a03adc", "name": "tempest.common.compute-instance-357540572", "created": "2015-12-14T18:26:43Z", "tenant_id": "f492f231c87d4ef0bcf65a4ed1f90ddf", "OS-DCF:diskConfig": "MANUAL", "os-extended-volumes:volumes_attached": [], "accessIPv4": "", "accessIPv6": "", "progress": 0, "OS-EXT-STS:power_state": 1, "config_drive": "True", "metadata": {}}}
2015-12-14 18:30:24,016 25327 INFO     [tempest_lib.common.rest_client] Request (TestGettingAddress:_run_cleanups): 404 GET http://10.0.2.15:8774/v2.1/f492f231c87d4ef0bcf65a4ed1f90ddf/servers/28813d54-fa50-4314-b007-99bbf1c7c423 0.089s
2015-12-14 18:30:24,016 25327 DEBUG    [tempest_lib.common.rest_client] Request - Headers: {'Content-Type': 'application/json', 'Accept': 'application/json', 'X-Auth-Token': '&lt;omitted&gt;'}
        Body: None
    Response - Headers: {'status': '404', 'content-length': '111', 'x-compute-request-id': 'req-1c7e05cd-367d-4d1c-931d-0f6b0c7c21b6', 'vary': 'X-OpenStack-Nova-API-Version', 'connection': 'close', 'x-openstack-nova-api-version': '2.1', 'date': 'Mon, 14 Dec 2015 18:30:24 GMT', 'content-type': 'application/json; charset=UTF-8'}
        Body: {"itemNotFound": {"message": "Instance 28813d54-fa50-4314-b007-99bbf1c7c423 could not be found.", "code": 404}}
2015-12-14 18:30:24,499 25327 INFO     [tempest_lib.common.rest_client] Request (TestGettingAddress:_run_cleanups): 200 PUT http://10.0.2.15:9696/v2.0/routers/500aafa6-48df-411d-b875-7e90aca636fb/remove_router_interface 0.481s
2015-12-14 18:30:24,499 25327 DEBUG    [tempest_lib.common.rest_client] Request - Headers: {'Content-Type': 'application/json', 'Accept': 'application/json', 'X-Auth-Token': '&lt;omitted&gt;'}
        Body: {"subnet_id": "7953b050-54f1-4272-9d8d-0f6dd6afae38"}
    Response - Headers: {'status': '200', 'content-length': '255', 'connection': 'close', 'date': 'Mon, 14 Dec 2015 18:30:24 GMT', 'content-type': 'application/json; charset=UTF-8', 'x-openstack-request-id': 'req-3d6c31ef-2ba9-41e2-8b74-5f59bf6d11df'}
        Body: {"subnet_id": "7953b050-54f1-4272-9d8d-0f6dd6afae38", "tenant_id": "f492f231c87d4ef0bcf65a4ed1f90ddf", "subnet_ids": ["7953b050-54f1-4272-9d8d-0f6dd6afae38"], "port_id": "ae0be84f-f73c-42b6-8dd2-25c327c1caa6", "id": "500aafa6-48df-411d-b875-7e90aca636fb"}
2015-12-14 18:30:25,092 25327 INFO     [tempest_lib.common.rest_client] Request (TestGettingAddress:_run_cleanups): 204 DELETE http://10.0.2.15:9696/v2.0/subnets/7953b050-54f1-4272-9d8d-0f6dd6afae38 0.592s
2015-12-14 18:30:25,093 25327 DEBUG    [tempest_lib.common.rest_client] Request - Headers: {'Content-Type': 'application/json', 'Accept': 'application/json', 'X-Auth-Token': '&lt;omitted&gt;'}
        Body: None
    Response - Headers: {'date': 'Mon, 14 Dec 2015 18:30:25 GMT', 'status': '204', 'connection': 'close', 'content-length': '0', 'x-openstack-request-id': 'req-b3515dc4-c62a-4271-a8d1-cdfe90176377'}
        Body: 
2015-12-14 18:30:25,127 25327 INFO     [tempest_lib.common.rest_client] Request (TestGettingAddress:_run_cleanups): 404 DELETE http://10.0.2.15:9696/v2.0/subnets/7953b050-54f1-4272-9d8d-0f6dd6afae38 0.033s
2015-12-14 18:30:25,127 25327 DEBUG    [tempest_lib.common.rest_client] Request - Headers: {'Content-Type': 'application/json', 'Accept': 'application/json', 'X-Auth-Token': '&lt;omitted&gt;'}
        Body: None
    Response - Headers: {'status': '404', 'content-length': '136', 'connection': 'close', 'date': 'Mon, 14 Dec 2015 18:30:25 GMT', 'content-type': 'application/json; charset=UTF-8', 'x-openstack-request-id': 'req-fe9e578e-87a7-4f9d-8632-86cd93f4fccc'}
        Body: {"NeutronError": {"message": "Subnet 7953b050-54f1-4272-9d8d-0f6dd6afae38 could not be found.", "type": "SubnetNotFound", "detail": ""}}
