<?xml version="1.0" encoding="UTF-8"?>
<!DOCTYPE html PUBLIC "-//W3C//DTD XHTML 1.0 Strict//EN"
     "http://www.w3.org/TR/xhtml1/DTD/xhtml1-strict.dtd">
<html xmlns="http://www.w3.org/1999/xhtml">
<head>
    <title>Unit Test Report</title>
    <meta name="generator" content="subunit2html 0.1"/>
    <meta http-equiv="Content-Type" content="text/html; charset=UTF-8"/>
    
<style type="text/css" media="screen">
body        { font-family: verdana, arial, helvetica, sans-serif;
    font-size: 80%; }
table       { font-size: 100%; width: 100%;}
pre         { font-size: 80%; }

/* -- heading -------------------------------------------------------------- */
h1 {
        font-size: 16pt;
        color: gray;
}
.heading {
    margin-top: 0ex;
    margin-bottom: 1ex;
}

.heading .attribute {
    margin-top: 1ex;
    margin-bottom: 0;
}

.heading .description {
    margin-top: 4ex;
    margin-bottom: 6ex;
}

/* -- css div popup -------------------------------------------------------- */
a.popup_link {
}

a.popup_link:hover {
    color: red;
}

.popup_window {
    display: none;
    overflow-x: scroll;
    /*border: solid #627173 1px; */
    padding: 10px;
    background-color: #E6E6D6;
    font-family: "Ubuntu Mono", "Lucida Console", "Courier New", monospace;
    text-align: left;
    font-size: 8pt;
}

}
/* -- report --------------------------------------------------------------- */
#show_detail_line {
    margin-top: 3ex;
    margin-bottom: 1ex;
}
#result_table {
    width: 100%;
    border-collapse: collapse;
    border: 1px solid #777;
}
#header_row {
    font-weight: bold;
    color: white;
    background-color: #777;
}
#result_table td {
    border: 1px solid #777;
    padding: 2px;
}
#total_row  { font-weight: bold; }
.passClass  { background-color: #6c6; }
.failClass  { background-color: #c60; }
.errorClass { background-color: #c00; }
.passCase   { color: #6c6; }
.failCase   { color: #c60; font-weight: bold; }
.errorCase  { color: #c00; font-weight: bold; }
.hiddenRow  { display: none; }
.testcase   { margin-left: 2em; }
td.testname {width: 40%}
td.small {width: 40px}

/* -- ending --------------------------------------------------------------- */
#ending {
}

</style>

</head>
<body>
<script language="javascript" type="text/javascript"><!--
output_list = Array();

/* level - 0:Summary; 1:Failed; 2:All */
function showCase(level) {
    trs = document.getElementsByTagName("tr");
    for (var i = 0; i < trs.length; i++) {
        tr = trs[i];
        id = tr.id;
        if (id.substr(0,2) == 'ft') {
            if (level < 1) {
                tr.className = 'hiddenRow';
            }
            else {
                tr.className = '';
            }
        }
        if (id.substr(0,2) == 'pt') {
            if (level > 1) {
                tr.className = '';
            }
            else {
                tr.className = 'hiddenRow';
            }
        }
    }
}


function showClassDetail(cid, count) {
    var id_list = Array(count);
    var toHide = 1;
    for (var i = 0; i < count; i++) {
        tid0 = 't' + cid.substr(1) + '.' + (i+1);
        tid = 'f' + tid0;
        tr = document.getElementById(tid);
        if (!tr) {
            tid = 'p' + tid0;
            tr = document.getElementById(tid);
        }
        id_list[i] = tid;
        if (tr.className) {
            toHide = 0;
        }
    }
    for (var i = 0; i < count; i++) {
        tid = id_list[i];
        if (toHide) {
            document.getElementById('div_'+tid).style.display = 'none'
            document.getElementById(tid).className = 'hiddenRow';
        }
        else {
            document.getElementById(tid).className = '';
        }
    }
}


function showTestDetail(div_id){
    var details_div = document.getElementById(div_id)
    var displayState = details_div.style.display
    // alert(displayState)
    if (displayState != 'block' ) {
        displayState = 'block'
        details_div.style.display = 'block'
    }
    else {
        details_div.style.display = 'none'
    }
}


function html_escape(s) {
    s = s.replace(/&/g,'&amp;');
    s = s.replace(/</g,'&lt;');
    s = s.replace(/>/g,'&gt;');
    return s;
}

/* obsoleted by detail in <div>
function showOutput(id, name) {
    var w = window.open("", //url
                    name,
                    "resizable,scrollbars,status,width=800,height=450");
    d = w.document;
    d.write("<pre>");
    d.write(html_escape(output_list[id]));
    d.write("\n");
    d.write("<a href='javascript:window.close()'>close</a>\n");
    d.write("</pre>\n");
    d.close();
}
*/
--></script>

<div class='heading'>
<h1>Unit Test Report</h1>

<p class='attribute'><strong>Status:</strong> Failure 8</p>

<p class='description'></p>
</div>



<p id='show_detail_line'>Show
<a href='javascript:showCase(0)'>Summary</a>
<a href='javascript:showCase(1)'>Failed</a>
<a href='javascript:showCase(2)'>All</a>
</p>
<table id='result_table'>
<colgroup>
<col align='left' />
<col align='right' />
<col align='right' />
<col align='right' />
<col align='right' />
<col align='right' />
<col align='right' />
<col align='right' />
</colgroup>
<tr id='header_row'>
    <td>Test Group/Test case</td>
    <td>Count</td>
    <td>Pass</td>
    <td>Fail</td>
    <td>Error</td>
    <td>Skip</td>
    <td>View</td>
    <td> </td>
</tr>

<tr class='failClass'>
    <td class="testname">tempest.scenario.test_network_v6.TestGettingAddress</td>
    <td class="small">8</td>
    <td class="small">0</td>
    <td class="small">8</td>
    <td class="small">0</td>
    <td class="small">0</td>
    <td class="small"><a href="javascript:showClassDetail('c1',8)"
>Detail</a></td>
    <td> </td>
</tr>

<tr id='ft1.1' class='none'>
    <td class='failCase'><div class='testcase'>test_dhcp6_stateless_from_os[compute,id-d7e1f858-187c-45a6-89c9-bdafde619a9f,network]</div></td>
    <td colspan='7' align='left'>

    <!--css div popup start-->
    <a class="popup_link" onfocus='this.blur();'
    href="javascript:showTestDetail('div_ft1.1')" >
        fail</a>

    <div id='div_ft1.1' class="popup_window">
        <div style='text-align: right; color:red;cursor:pointer'>
        <a onfocus='this.blur();'
onclick="document.getElementById('div_ft1.1').style.display = 'none' " >
           [x]</a>
        </div>
        <pre>
        
ft1.1: tempest.scenario.test_network_v6.TestGettingAddress.test_dhcp6_stateless_from_os[compute,id-d7e1f858-187c-45a6-89c9-bdafde619a9f,network]_StringException: Empty attachments:
  stderr
  stdout

pythonlogging:'': {{{
2015-12-09 14:19:22,492 24454 INFO     [tempest_lib.common.rest_client] Request (TestGettingAddress:setUp): 200 POST http://10.0.2.15:8774/v2.1/196ff80337b9465ebf4b7dbc8db3b4e2/os-keypairs 0.379s
2015-12-09 14:19:22,493 24454 DEBUG    [tempest_lib.common.rest_client] Request - Headers: {'Content-Type': 'application/json', 'Accept': 'application/json', 'X-Auth-Token': '&lt;omitted&gt;'}
        Body: {"keypair": {"name": "tempest-TestGettingAddress-183511493"}}
    Response - Headers: {'status': '200', 'content-length': '2319', 'x-compute-request-id': 'req-09889cc8-e6ad-4b23-a0f6-a2bb30add2fb', 'vary': 'X-OpenStack-Nova-API-Version', 'connection': 'close', 'x-openstack-nova-api-version': '2.1', 'date': 'Wed, 09 Dec 2015 14:19:22 GMT', 'content-type': 'application/json'}
        Body: {"keypair": {"public_key": "ssh-rsa AAAAB3NzaC1yc2EAAAADAQABAAABAQCyF5C0ieNGM76LBMRIBrJZdOtkeOHuGb2i11Do+/hw4tqt3Dd4A07TGVCy8hCYyhuMoTZ6Felv2L10tU9IWXyoRHhD9qc40Xk4fevpURSwx8Ob4/cWgWGwmwIdIXvR8kbgusBq1tZK/wIaDr4JRa+t1GORd8apkhmkFxCOnlFEhpxzkxuYQZ7/yMX0kaFt4lAsvw4ybX4Wj0gh4pBB8g60b3NSU3mrglraKORy5L42z2TU4QtUd3NZie27dIIAr50IlErmWukTKRVoLTH4fdmCR6Vq8sPQQ9isnAqxkNlf+Yw4PwZJr+LYad/+Rr2HagVXynJ1Xye7ayfYdZ3U0NbV Generated-by-Nova", "private_key": "-----BEGIN RSA PRIVATE KEY-----\nMIIEqQIBAAKCAQEAsheQtInjRjO+iwTESAayWXTrZHjh7hm9otdQ6Pv4cOLardw3\neANO0xlQsvIQmMobjKE2ehXpb9i9dLVPSFl8qER4Q/anONF5OH3r6VEUsMfDm+P3\nFoFhsJsCHSF70fJG4LrAatbWSv8CGg6+CUWvrdRjkXfGqZIZpBcQjp5RRIacc5Mb\nmEGe/8jF9JGhbeJQLL8OMm1+Fo9IIeKQQfIOtG9zUlN5q4Ja2ijkcuS+Ns9k1OEL\nVHdzWYntu3SCAK+dCJRK5lrpEykVaC0x+H3ZgkelavLD0EPYrJwKsZDZX/mMOD8G\nSa/i2Gnf/ka9h2oFV8pydV8nu2sn2HWd1NDW1QIDAQABAoIBAFfcIFuxGxrrNDnJ\nZDxUcXCIqgirSmr48AGCUDxg8rRedpwHZKYkm6KxfoqJuX5nVygN8J5SaRPwzabi\nO/bpjwJEpUCCUwVI8pDYLqawhZChPPOPh7rmoZdLIcPVXQy6hhUgjQUocBgXrqXE\nWCSi6ITNn0GI4c2Ocm/toRF7MYSoQZ0Gzo9w37XnM5o88Zr/WsI3PGZ1+1WsXx+i\ngt0v13eEC0JC2OOSQtm23it4wj8hSWLxTndfEFkX99Hf9boZZ7VkOHtfuDt4KjSA\nSe7rnIi4CLIOqu2LM9AYEK+TVhxpVJrXb+juMiTkxntSB5TRTC6/fMQQ81+XCi9l\n2N630RECggCBANMC58FYJxsu99Q4Z3YNaGoHCoYg+VE0GZuBgT/QldxJzuf5fia8\n+56KjeaCsNvFWrzly67i3Xyb+m2ANlI1MXbcRnAL/HWniCO/3/2D5kDfIdvxj9Ab\nZpPRNG80plnvUtEzUkXCP6jOikym6H8jCocC/1Lr3S7gKEj6/bN+SiJLAoIAgQDY\nD+jsztHFu8uEPE2MMmL8lwJ8XjTZl26zRwWrR1/FSCwpXnxdnhZw9wHEPwJ2qpAc\na2dxNv9Ia3c7vkTvlKUPGBkrpmUCjMkXDlvZeED6sHoNrYXQfHjsV03iTt2YHTOY\n0BCdLkxhyxvyOmJ/EwCQ/D4oWGdHDIXXb0iIZ9A3XwKCAIEAwXeQdb0VXd8aawGs\nGpkAevYpuADTlphmQiXjE1dzj548joQ6Hdp3+Uyf/hElhtrT7w3iSl7HJFD+sxcy\ntvz+dTRRgLn8pwML13s9K3ubyS7MJJS+ftggnLbblHp5a0v6asTbUgpfw65bLxx5\nXtgJ9u/QmX6YNTpgtUkrAz9vSTECggCAAZDj9Etvc8pvqC6ztS9sTj5d8z7PjUAu\nujfqj5o91HU4dLhNmHQb34e6yIxYXTnRP5N7tXNbmE/HFnTDlSTzqU9YZ1uWYdVZ\nY8Rj4AiiF+8Ng2ndjWxJiBT96IT/0CluBU6EwE7kmNTbB/9qVVdy6poZbTtuzDII\nCk6xLOPru2sCggCBAJ8cllcphDlFImCIJo71cSNmJjo7henwJPzptzzmff/eHJGG\nMIzLxOKksivydBuSq1jsZBjQP/Sp322sZX4xB4ihNySs6SxzFnwz++PcG9byT7Gk\ntZ5Cau25Ayn7S6LfR4DKKYv7VulRJ2xze9tU60omDhQgDB5GS5hmi9/WbXWs\n-----END RSA PRIVATE KEY-----\n", "user_id": "008d3cf76bee4622b3a6baa1b0d0bc88", "name": "tempest-TestGettingAddress-183511493", "fingerprint": "ad:6a:a0:83:8b:4f:51:c5:a2:61:4b:80:6e:6e:94:0e"}}
2015-12-09 14:19:22,840 24454 INFO     [tempest_lib.common.rest_client] Request (TestGettingAddress:setUp): 201 POST http://10.0.2.15:9696/v2.0/security-groups 0.344s
2015-12-09 14:19:22,840 24454 DEBUG    [tempest_lib.common.rest_client] Request - Headers: {'Content-Type': 'application/json', 'Accept': 'application/json', 'X-Auth-Token': '&lt;omitted&gt;'}
        Body: {"security_group": {"tenant_id": "196ff80337b9465ebf4b7dbc8db3b4e2", "description": "tempest-secgroup-smoke-546946895 description", "name": "tempest-secgroup-smoke-546946895"}}
    Response - Headers: {'status': '201', 'content-length': '886', 'connection': 'close', 'date': 'Wed, 09 Dec 2015 14:19:22 GMT', 'content-type': 'application/json; charset=UTF-8', 'x-openstack-request-id': 'req-64ae21c0-bfc0-4c38-85f5-4ed079295884'}
        Body: {"security_group": {"tenant_id": "196ff80337b9465ebf4b7dbc8db3b4e2", "description": "tempest-secgroup-smoke-546946895 description", "id": "73484485-6921-41c2-8441-fe061eac33c7", "security_group_rules": [{"remote_group_id": null, "direction": "egress", "remote_ip_prefix": null, "protocol": null, "ethertype": "IPv4", "tenant_id": "196ff80337b9465ebf4b7dbc8db3b4e2", "port_range_max": null, "port_range_min": null, "id": "9d77dd87-5e46-465d-b6e4-d1b7b196a392", "security_group_id": "73484485-6921-41c2-8441-fe061eac33c7"}, {"remote_group_id": null, "direction": "egress", "remote_ip_prefix": null, "protocol": null, "ethertype": "IPv6", "tenant_id": "196ff80337b9465ebf4b7dbc8db3b4e2", "port_range_max": null, "port_range_min": null, "id": "1e78b42a-8ea7-44d1-9460-00f570e65a44", "security_group_id": "73484485-6921-41c2-8441-fe061eac33c7"}], "name": "tempest-secgroup-smoke-546946895"}}
2015-12-09 14:19:22,958 24454 INFO     [tempest_lib.common.rest_client] Request (TestGettingAddress:setUp): 201 POST http://10.0.2.15:9696/v2.0/security-group-rules 0.116s
2015-12-09 14:19:22,959 24454 DEBUG    [tempest_lib.common.rest_client] Request - Headers: {'Content-Type': 'application/json', 'Accept': 'application/json', 'X-Auth-Token': '&lt;omitted&gt;'}
        Body: {"security_group_rule": {"direction": "ingress", "protocol": "tcp", "tenant_id": "196ff80337b9465ebf4b7dbc8db3b4e2", "port_range_max": 22, "security_group_id": "73484485-6921-41c2-8441-fe061eac33c7", "port_range_min": 22}}
    Response - Headers: {'status': '201', 'content-length': '340', 'connection': 'close', 'date': 'Wed, 09 Dec 2015 14:19:22 GMT', 'content-type': 'application/json; charset=UTF-8', 'x-openstack-request-id': 'req-3c38abd5-ca85-4c6e-b108-922c32b51ba9'}
        Body: {"security_group_rule": {"remote_group_id": null, "direction": "ingress", "remote_ip_prefix": null, "protocol": "tcp", "ethertype": "IPv4", "tenant_id": "196ff80337b9465ebf4b7dbc8db3b4e2", "port_range_max": 22, "port_range_min": 22, "id": "ec15353d-2ae2-4c08-86da-f7a4843114da", "security_group_id": "73484485-6921-41c2-8441-fe061eac33c7"}}
2015-12-09 14:19:23,079 24454 INFO     [tempest_lib.common.rest_client] Request (TestGettingAddress:setUp): 201 POST http://10.0.2.15:9696/v2.0/security-group-rules 0.119s
2015-12-09 14:19:23,080 24454 DEBUG    [tempest_lib.common.rest_client] Request - Headers: {'Content-Type': 'application/json', 'Accept': 'application/json', 'X-Auth-Token': '&lt;omitted&gt;'}
        Body: {"security_group_rule": {"direction": "egress", "protocol": "tcp", "tenant_id": "196ff80337b9465ebf4b7dbc8db3b4e2", "port_range_max": 22, "security_group_id": "73484485-6921-41c2-8441-fe061eac33c7", "port_range_min": 22}}
    Response - Headers: {'status': '201', 'content-length': '339', 'connection': 'close', 'date': 'Wed, 09 Dec 2015 14:19:23 GMT', 'content-type': 'application/json; charset=UTF-8', 'x-openstack-request-id': 'req-7422b6f9-1599-4bde-9847-df4552611c8e'}
        Body: {"security_group_rule": {"remote_group_id": null, "direction": "egress", "remote_ip_prefix": null, "protocol": "tcp", "ethertype": "IPv4", "tenant_id": "196ff80337b9465ebf4b7dbc8db3b4e2", "port_range_max": 22, "port_range_min": 22, "id": "4c323187-23cc-4e20-b1bc-d99d38c6c2c5", "security_group_id": "73484485-6921-41c2-8441-fe061eac33c7"}}
2015-12-09 14:19:23,203 24454 INFO     [tempest_lib.common.rest_client] Request (TestGettingAddress:setUp): 201 POST http://10.0.2.15:9696/v2.0/security-group-rules 0.121s
2015-12-09 14:19:23,203 24454 DEBUG    [tempest_lib.common.rest_client] Request - Headers: {'Content-Type': 'application/json', 'Accept': 'application/json', 'X-Auth-Token': '&lt;omitted&gt;'}
        Body: {"security_group_rule": {"tenant_id": "196ff80337b9465ebf4b7dbc8db3b4e2", "direction": "ingress", "protocol": "icmp", "security_group_id": "73484485-6921-41c2-8441-fe061eac33c7"}}
    Response - Headers: {'status': '201', 'content-length': '345', 'connection': 'close', 'date': 'Wed, 09 Dec 2015 14:19:23 GMT', 'content-type': 'application/json; charset=UTF-8', 'x-openstack-request-id': 'req-1356e7ca-da05-4fc0-aee6-692cda5ed98d'}
        Body: {"security_group_rule": {"remote_group_id": null, "direction": "ingress", "remote_ip_prefix": null, "protocol": "icmp", "ethertype": "IPv4", "tenant_id": "196ff80337b9465ebf4b7dbc8db3b4e2", "port_range_max": null, "port_range_min": null, "id": "fa7b0b36-eac0-4ab4-a2e3-8fcadf7cba43", "security_group_id": "73484485-6921-41c2-8441-fe061eac33c7"}}
2015-12-09 14:19:23,322 24454 INFO     [tempest_lib.common.rest_client] Request (TestGettingAddress:setUp): 201 POST http://10.0.2.15:9696/v2.0/security-group-rules 0.117s
2015-12-09 14:19:23,323 24454 DEBUG    [tempest_lib.common.rest_client] Request - Headers: {'Content-Type': 'application/json', 'Accept': 'application/json', 'X-Auth-Token': '&lt;omitted&gt;'}
        Body: {"security_group_rule": {"tenant_id": "196ff80337b9465ebf4b7dbc8db3b4e2", "direction": "egress", "protocol": "icmp", "security_group_id": "73484485-6921-41c2-8441-fe061eac33c7"}}
    Response - Headers: {'status': '201', 'content-length': '344', 'connection': 'close', 'date': 'Wed, 09 Dec 2015 14:19:23 GMT', 'content-type': 'application/json; charset=UTF-8', 'x-openstack-request-id': 'req-d2a7397d-5d78-4bc4-925f-c405deeff50a'}
        Body: {"security_group_rule": {"remote_group_id": null, "direction": "egress", "remote_ip_prefix": null, "protocol": "icmp", "ethertype": "IPv4", "tenant_id": "196ff80337b9465ebf4b7dbc8db3b4e2", "port_range_max": null, "port_range_min": null, "id": "6543bbe7-bb5e-4eb8-b221-70046309f8dc", "security_group_id": "73484485-6921-41c2-8441-fe061eac33c7"}}
2015-12-09 14:19:23,439 24454 INFO     [tempest_lib.common.rest_client] Request (TestGettingAddress:setUp): 201 POST http://10.0.2.15:9696/v2.0/security-group-rules 0.115s
2015-12-09 14:19:23,440 24454 DEBUG    [tempest_lib.common.rest_client] Request - Headers: {'Content-Type': 'application/json', 'Accept': 'application/json', 'X-Auth-Token': '&lt;omitted&gt;'}
        Body: {"security_group_rule": {"tenant_id": "196ff80337b9465ebf4b7dbc8db3b4e2", "direction": "ingress", "security_group_id": "73484485-6921-41c2-8441-fe061eac33c7", "protocol": "icmp", "ethertype": "IPv6"}}
    Response - Headers: {'status': '201', 'content-length': '345', 'connection': 'close', 'date': 'Wed, 09 Dec 2015 14:19:23 GMT', 'content-type': 'application/json; charset=UTF-8', 'x-openstack-request-id': 'req-45174aa5-f97b-4f3e-a73f-e42b969bda95'}
        Body: {"security_group_rule": {"remote_group_id": null, "direction": "ingress", "remote_ip_prefix": null, "protocol": "icmp", "ethertype": "IPv6", "tenant_id": "196ff80337b9465ebf4b7dbc8db3b4e2", "port_range_max": null, "port_range_min": null, "id": "2511748b-7050-4443-bcf2-58662a1fd3e1", "security_group_id": "73484485-6921-41c2-8441-fe061eac33c7"}}
2015-12-09 14:19:23,555 24454 INFO     [tempest_lib.common.rest_client] Request (TestGettingAddress:setUp): 201 POST http://10.0.2.15:9696/v2.0/security-group-rules 0.114s
2015-12-09 14:19:23,556 24454 DEBUG    [tempest_lib.common.rest_client] Request - Headers: {'Content-Type': 'application/json', 'Accept': 'application/json', 'X-Auth-Token': '&lt;omitted&gt;'}
        Body: {"security_group_rule": {"tenant_id": "196ff80337b9465ebf4b7dbc8db3b4e2", "direction": "egress", "security_group_id": "73484485-6921-41c2-8441-fe061eac33c7", "protocol": "icmp", "ethertype": "IPv6"}}
    Response - Headers: {'status': '201', 'content-length': '344', 'connection': 'close', 'date': 'Wed, 09 Dec 2015 14:19:23 GMT', 'content-type': 'application/json; charset=UTF-8', 'x-openstack-request-id': 'req-c0098c2c-16e7-4ef5-8c1c-af540d86ef7d'}
        Body: {"security_group_rule": {"remote_group_id": null, "direction": "egress", "remote_ip_prefix": null, "protocol": "icmp", "ethertype": "IPv6", "tenant_id": "196ff80337b9465ebf4b7dbc8db3b4e2", "port_range_max": null, "port_range_min": null, "id": "ee220bf0-025f-4ac3-be43-7c61f7319e93", "security_group_id": "73484485-6921-41c2-8441-fe061eac33c7"}}
2015-12-09 14:19:23,735 24454 INFO     [tempest_lib.common.rest_client] Request (TestGettingAddress:test_dhcp6_stateless_from_os): 201 POST http://10.0.2.15:9696/v2.0/networks 0.177s
2015-12-09 14:19:23,735 24454 DEBUG    [tempest_lib.common.rest_client] Request - Headers: {'Content-Type': 'application/json', 'Accept': 'application/json', 'X-Auth-Token': '&lt;omitted&gt;'}
        Body: {"network": {"tenant_id": "196ff80337b9465ebf4b7dbc8db3b4e2", "name": "tempest-network-smoke--1798673034"}}
    Response - Headers: {'status': '201', 'content-length': '329', 'connection': 'close', 'date': 'Wed, 09 Dec 2015 14:19:23 GMT', 'content-type': 'application/json; charset=UTF-8', 'x-openstack-request-id': 'req-cbf85022-aa3b-4a48-8694-5d5d0a28ae5c'}
        Body: {"network": {"status": "ACTIVE", "subnets": [], "availability_zone_hints": "[]", "name": "tempest-network-smoke--1798673034", "admin_state_up": true, "tenant_id": "196ff80337b9465ebf4b7dbc8db3b4e2", "mtu": 0, "router:external": false, "shared": false, "port_security_enabled": true, "id": "14435b40-a271-445e-be16-23fd3d711740"}}
2015-12-09 14:19:23,902 24454 INFO     [tempest_lib.common.rest_client] Request (TestGettingAddress:test_dhcp6_stateless_from_os): 200 GET http://10.0.2.15:9696/v2.0/subnets?tenant_id=196ff80337b9465ebf4b7dbc8db3b4e2&amp;cidr=10.100.0.0%2F28 0.165s
2015-12-09 14:19:23,903 24454 DEBUG    [tempest_lib.common.rest_client] Request - Headers: {'Content-Type': 'application/json', 'Accept': 'application/json', 'X-Auth-Token': '&lt;omitted&gt;'}
        Body: None
    Response - Headers: {'status': '200', 'content-length': '15', 'content-location': 'http://10.0.2.15:9696/v2.0/subnets?tenant_id=196ff80337b9465ebf4b7dbc8db3b4e2&amp;cidr=10.100.0.0%2F28', 'connection': 'close', 'date': 'Wed, 09 Dec 2015 14:19:23 GMT', 'content-type': 'application/json; charset=UTF-8', 'x-openstack-request-id': 'req-640d2b1e-eed9-4f31-8f5c-64f3aff75259'}
        Body: {"subnets": []}
2015-12-09 14:19:24,244 24454 INFO     [tempest_lib.common.rest_client] Request (TestGettingAddress:test_dhcp6_stateless_from_os): 201 POST http://10.0.2.15:9696/v2.0/subnets 0.340s
2015-12-09 14:19:24,245 24454 DEBUG    [tempest_lib.common.rest_client] Request - Headers: {'Content-Type': 'application/json', 'Accept': 'application/json', 'X-Auth-Token': '&lt;omitted&gt;'}
        Body: {"subnet": {"ip_version": 4, "tenant_id": "196ff80337b9465ebf4b7dbc8db3b4e2", "cidr": "10.100.0.0/28", "network_id": "14435b40-a271-445e-be16-23fd3d711740", "name": "tempest-sub4-2020878867"}}
    Response - Headers: {'status': '201', 'content-length': '470', 'connection': 'close', 'date': 'Wed, 09 Dec 2015 14:19:24 GMT', 'content-type': 'application/json; charset=UTF-8', 'x-openstack-request-id': 'req-1a0b7430-a79e-4773-89a4-f29018eda1b0'}
        Body: {"subnet": {"name": "tempest-sub4-2020878867", "enable_dhcp": true, "network_id": "14435b40-a271-445e-be16-23fd3d711740", "tenant_id": "196ff80337b9465ebf4b7dbc8db3b4e2", "dns_nameservers": [], "gateway_ip": "10.100.0.1", "ipv6_ra_mode": null, "allocation_pools": [{"start": "10.100.0.2", "end": "10.100.0.14"}], "host_routes": [], "ip_version": 4, "ipv6_address_mode": null, "cidr": "10.100.0.0/28", "id": "79473baf-fde8-4cc3-a4a1-4fc6dfd6c90c", "subnetpool_id": null}}
2015-12-09 14:19:24,324 24454 INFO     [tempest_lib.common.rest_client] Request (TestGettingAddress:test_dhcp6_stateless_from_os): 201 POST http://10.0.2.15:9696/v2.0/routers 0.078s
2015-12-09 14:19:24,325 24454 DEBUG    [tempest_lib.common.rest_client] Request - Headers: {'Content-Type': 'application/json', 'Accept': 'application/json', 'X-Auth-Token': '&lt;omitted&gt;'}
        Body: {"router": {"tenant_id": "196ff80337b9465ebf4b7dbc8db3b4e2", "name": "tempest-router-smoke-781595867", "admin_state_up": true}}
    Response - Headers: {'status': '201', 'content-length': '295', 'connection': 'close', 'date': 'Wed, 09 Dec 2015 14:19:24 GMT', 'content-type': 'application/json; charset=UTF-8', 'x-openstack-request-id': 'req-05f13299-a459-4063-9375-53f9442a4ddf'}
        Body: {"router": {"status": "ACTIVE", "external_gateway_info": null, "availability_zone_hints": [], "availability_zones": [], "name": "tempest-router-smoke-781595867", "admin_state_up": true, "tenant_id": "196ff80337b9465ebf4b7dbc8db3b4e2", "routes": [], "id": "cbbbfbe5-0a9c-463f-9be0-84e7871a0e50"}}
2015-12-09 14:19:24,381 24454 INFO     [tempest_lib.common.rest_client] Request (TestGettingAddress:test_dhcp6_stateless_from_os): 200 GET http://10.0.2.15:9696/v2.0/routers/cbbbfbe5-0a9c-463f-9be0-84e7871a0e50 0.055s
2015-12-09 14:19:24,381 24454 DEBUG    [tempest_lib.common.rest_client] Request - Headers: {'Content-Type': 'application/json', 'Accept': 'application/json', 'X-Auth-Token': '&lt;omitted&gt;'}
        Body: None
    Response - Headers: {'status': '200', 'content-length': '295', 'content-location': 'http://10.0.2.15:9696/v2.0/routers/cbbbfbe5-0a9c-463f-9be0-84e7871a0e50', 'connection': 'close', 'date': 'Wed, 09 Dec 2015 14:19:24 GMT', 'content-type': 'application/json; charset=UTF-8', 'x-openstack-request-id': 'req-cc2e0c3b-1562-4b7b-a1b1-1641e5ff01bc'}
        Body: {"router": {"status": "ACTIVE", "external_gateway_info": null, "availability_zone_hints": [], "availability_zones": [], "name": "tempest-router-smoke-781595867", "admin_state_up": true, "tenant_id": "196ff80337b9465ebf4b7dbc8db3b4e2", "routes": [], "id": "cbbbfbe5-0a9c-463f-9be0-84e7871a0e50"}}
2015-12-09 14:19:25,856 24454 INFO     [tempest_lib.common.rest_client] Request (TestGettingAddress:test_dhcp6_stateless_from_os): 200 PUT http://10.0.2.15:9696/v2.0/routers/cbbbfbe5-0a9c-463f-9be0-84e7871a0e50 1.474s
2015-12-09 14:19:25,857 24454 DEBUG    [tempest_lib.common.rest_client] Request - Headers: {'Content-Type': 'application/json', 'Accept': 'application/json', 'X-Auth-Token': '&lt;omitted&gt;'}
        Body: {"router": {"external_gateway_info": {"network_id": "9ae88ea1-b8c5-4b1d-9721-7bbdefde4b09"}, "name": "tempest-router-smoke-781595867", "admin_state_up": true}}
    Response - Headers: {'status': '200', 'content-length': '557', 'connection': 'close', 'date': 'Wed, 09 Dec 2015 14:19:25 GMT', 'content-type': 'application/json; charset=UTF-8', 'x-openstack-request-id': 'req-e749bed0-1af9-43fb-b71e-fbf5007d2be3'}
        Body: {"router": {"status": "ACTIVE", "external_gateway_info": {"network_id": "9ae88ea1-b8c5-4b1d-9721-7bbdefde4b09", "enable_snat": true, "external_fixed_ips": [{"subnet_id": "627161eb-a9c7-4a9e-8417-78c9c4c3ab5d", "ip_address": "172.24.4.3"}, {"subnet_id": "9ccc82cd-d471-479a-91a3-430a49596193", "ip_address": "2001:db8::3"}]}, "availability_zone_hints": [], "availability_zones": [], "name": "tempest-router-smoke-781595867", "admin_state_up": true, "tenant_id": "196ff80337b9465ebf4b7dbc8db3b4e2", "routes": [], "id": "cbbbfbe5-0a9c-463f-9be0-84e7871a0e50"}}
2015-12-09 14:19:26,555 24454 INFO     [tempest_lib.common.rest_client] Request (TestGettingAddress:test_dhcp6_stateless_from_os): 200 PUT http://10.0.2.15:9696/v2.0/routers/cbbbfbe5-0a9c-463f-9be0-84e7871a0e50/add_router_interface 0.697s
2015-12-09 14:19:26,556 24454 DEBUG    [tempest_lib.common.rest_client] Request - Headers: {'Content-Type': 'application/json', 'Accept': 'application/json', 'X-Auth-Token': '&lt;omitted&gt;'}
        Body: {"subnet_id": "79473baf-fde8-4cc3-a4a1-4fc6dfd6c90c"}
    Response - Headers: {'status': '200', 'content-length': '255', 'connection': 'close', 'date': 'Wed, 09 Dec 2015 14:19:26 GMT', 'content-type': 'application/json; charset=UTF-8', 'x-openstack-request-id': 'req-57666df9-89a8-4330-94c4-4b3d4f354365'}
        Body: {"subnet_id": "79473baf-fde8-4cc3-a4a1-4fc6dfd6c90c", "tenant_id": "196ff80337b9465ebf4b7dbc8db3b4e2", "subnet_ids": ["79473baf-fde8-4cc3-a4a1-4fc6dfd6c90c"], "port_id": "11bca8b3-b0f7-4f70-85a6-2293e963824a", "id": "cbbbfbe5-0a9c-463f-9be0-84e7871a0e50"}
2015-12-09 14:19:26,724 24454 INFO     [tempest_lib.common.rest_client] Request (TestGettingAddress:test_dhcp6_stateless_from_os): 200 GET http://10.0.2.15:9696/v2.0/subnets?tenant_id=196ff80337b9465ebf4b7dbc8db3b4e2&amp;cidr=2003%3A%3A%2F64 0.167s
2015-12-09 14:19:26,725 24454 DEBUG    [tempest_lib.common.rest_client] Request - Headers: {'Content-Type': 'application/json', 'Accept': 'application/json', 'X-Auth-Token': '&lt;omitted&gt;'}
        Body: None
    Response - Headers: {'status': '200', 'content-length': '15', 'content-location': 'http://10.0.2.15:9696/v2.0/subnets?tenant_id=196ff80337b9465ebf4b7dbc8db3b4e2&amp;cidr=2003%3A%3A%2F64', 'connection': 'close', 'date': 'Wed, 09 Dec 2015 14:19:26 GMT', 'content-type': 'application/json; charset=UTF-8', 'x-openstack-request-id': 'req-3cf8024a-6203-4e59-a318-7d4d0603996d'}
        Body: {"subnets": []}
2015-12-09 14:19:27,130 24454 INFO     [tempest_lib.common.rest_client] Request (TestGettingAddress:test_dhcp6_stateless_from_os): 201 POST http://10.0.2.15:9696/v2.0/subnets 0.404s
2015-12-09 14:19:27,131 24454 DEBUG    [tempest_lib.common.rest_client] Request - Headers: {'Content-Type': 'application/json', 'Accept': 'application/json', 'X-Auth-Token': '&lt;omitted&gt;'}
        Body: {"subnet": {"name": "tempest-sub6-929602086", "network_id": "14435b40-a271-445e-be16-23fd3d711740", "tenant_id": "196ff80337b9465ebf4b7dbc8db3b4e2", "ipv6_ra_mode": "dhcpv6-stateless", "ip_version": 6, "ipv6_address_mode": "dhcpv6-stateless", "cidr": "2003::/64"}}
    Response - Headers: {'status': '201', 'content-length': '501', 'connection': 'close', 'date': 'Wed, 09 Dec 2015 14:19:27 GMT', 'content-type': 'application/json; charset=UTF-8', 'x-openstack-request-id': 'req-20ec92b0-f0bf-4d91-900c-38ff18a6089c'}
        Body: {"subnet": {"name": "tempest-sub6-929602086", "enable_dhcp": true, "network_id": "14435b40-a271-445e-be16-23fd3d711740", "tenant_id": "196ff80337b9465ebf4b7dbc8db3b4e2", "dns_nameservers": [], "gateway_ip": "2003::1", "ipv6_ra_mode": "dhcpv6-stateless", "allocation_pools": [{"start": "2003::2", "end": "2003::ffff:ffff:ffff:ffff"}], "host_routes": [], "ip_version": 6, "ipv6_address_mode": "dhcpv6-stateless", "cidr": "2003::/64", "id": "b9fb2e3c-59c0-423f-ad5a-ae3fd9945269", "subnetpool_id": null}}
2015-12-09 14:19:27,920 24454 INFO     [tempest_lib.common.rest_client] Request (TestGettingAddress:test_dhcp6_stateless_from_os): 200 PUT http://10.0.2.15:9696/v2.0/routers/cbbbfbe5-0a9c-463f-9be0-84e7871a0e50/add_router_interface 0.789s
2015-12-09 14:19:27,921 24454 DEBUG    [tempest_lib.common.rest_client] Request - Headers: {'Content-Type': 'application/json', 'Accept': 'application/json', 'X-Auth-Token': '&lt;omitted&gt;'}
        Body: {"subnet_id": "b9fb2e3c-59c0-423f-ad5a-ae3fd9945269"}
    Response - Headers: {'status': '200', 'content-length': '255', 'connection': 'close', 'date': 'Wed, 09 Dec 2015 14:19:27 GMT', 'content-type': 'application/json; charset=UTF-8', 'x-openstack-request-id': 'req-bf07c7fe-f419-4fb9-822a-b7accd31e121'}
        Body: {"subnet_id": "b9fb2e3c-59c0-423f-ad5a-ae3fd9945269", "tenant_id": "196ff80337b9465ebf4b7dbc8db3b4e2", "subnet_ids": ["b9fb2e3c-59c0-423f-ad5a-ae3fd9945269"], "port_id": "73b69d10-aec9-4624-a2f1-f79404578bdb", "id": "cbbbfbe5-0a9c-463f-9be0-84e7871a0e50"}
2015-12-09 14:19:28,010 24454 INFO     [tempest_lib.common.rest_client] Request (TestGettingAddress:test_dhcp6_stateless_from_os): 200 POST http://10.0.2.15:5000/v2.0/tokens
2015-12-09 14:19:28,010 24454 DEBUG    [tempest_lib.common.rest_client] Request - Headers: {'Content-Type': 'application/json', 'Accept': 'application/json'}
        Body: &lt;omitted&gt;
    Response - Headers: {'status': '200', 'content-length': '2524', 'vary': 'X-Auth-Token', 'server': 'Apache/2.4.7 (Ubuntu)', 'connection': 'close', 'date': 'Wed, 09 Dec 2015 14:19:27 GMT', 'content-type': 'application/json', 'x-openstack-request-id': 'req-0faa13e9-9790-49a6-a3d4-c36e272f496f'}
        Body: {"access": {"token": {"issued_at": "2015-12-09T14:19:28.000619", "expires": "2015-12-09T15:19:27Z", "id": "e4b796640877424696e2154fec754e2e", "tenant": {"description": "tempest-TestGettingAddress-296687188-desc", "enabled": true, "id": "196ff80337b9465ebf4b7dbc8db3b4e2", "name": "tempest-TestGettingAddress-296687188"}, "audit_ids": ["aA3AM19ZTQqGJLZIyg_Vmg"]}, "serviceCatalog": [{"endpoints": [{"adminURL": "http://10.0.2.15:8774/v2.1/196ff80337b9465ebf4b7dbc8db3b4e2", "region": "RegionOne", "internalURL": "http://10.0.2.15:8774/v2.1/196ff80337b9465ebf4b7dbc8db3b4e2", "id": "255334e5b39f4ce2a06456bd1b5bf944", "publicURL": "http://10.0.2.15:8774/v2.1/196ff80337b9465ebf4b7dbc8db3b4e2"}], "endpoints_links": [], "type": "compute", "name": "nova"}, {"endpoints": [{"adminURL": "http://10.0.2.15:9696/", "region": "RegionOne", "internalURL": "http://10.0.2.15:9696/", "id": "7345547ec8f3401793344d738dbc4e33", "publicURL": "http://10.0.2.15:9696/"}], "endpoints_links": [], "type": "network", "name": "neutron"}, {"endpoints": [{"adminURL": "http://10.0.2.15:9292", "region": "RegionOne", "internalURL": "http://10.0.2.15:9292", "id": "15e152e167e9447996ff86bb6b3bfd76", "publicURL": "http://10.0.2.15:9292"}], "endpoints_links": [], "type": "image", "name": "glance"}, {"endpoints": [{"adminURL": "http://10.0.2.15:8774/v2/196ff80337b9465ebf4b7dbc8db3b4e2", "region": "RegionOne", "internalURL": "http://10.0.2.15:8774/v2/196ff80337b9465ebf4b7dbc8db3b4e2", "id": "3bd87a68106a4e64980136e9e73d3b4a", "publicURL": "http://10.0.2.15:8774/v2/196ff80337b9465ebf4b7dbc8db3b4e2"}], "endpoints_links": [], "type": "compute_legacy", "name": "nova_legacy"}, {"endpoints": [{"adminURL": "http://10.0.2.15:8773/", "region": "RegionOne", "internalURL": "http://10.0.2.15:8773/", "id": "5bc096d82ea54f0bb6c75ade171e1b87", "publicURL": "http://10.0.2.15:8773/"}], "endpoints_links": [], "type": "ec2", "name": "ec2"}, {"endpoints": [{"adminURL": "http://10.0.2.15:35357/v2.0", "region": "RegionOne", "internalURL": "http://10.0.2.15:5000/v2.0", "id": "71c3bb33aa844601b6e5607d13d03940", "publicURL": "http://10.0.2.15:5000/v2.0"}], "endpoints_links": [], "type": "identity", "name": "keystone"}], "user": {"username": "tempest-TestGettingAddress-1554171457", "roles_links": [], "id": "008d3cf76bee4622b3a6baa1b0d0bc88", "roles": [{"name": "_member_"}, {"name": "Member"}], "name": "tempest-TestGettingAddress-1554171457"}, "metadata": {"is_admin": 0, "roles": ["9fe2ff9ee4384b1894a90878d3e92bab", "e028811b5bf24c1390a28127a8d51774"]}}}
2015-12-09 14:19:28,015 24454 DEBUG    [tempest.common.fixed_network] (TestGettingAddress:test_dhcp6_stateless_from_os) No valid network provided or created, defaulting to fixed_network_name
2015-12-09 14:19:28,295 24454 INFO     [tempest_lib.common.rest_client] Request (TestGettingAddress:test_dhcp6_stateless_from_os): 200 GET http://10.0.2.15:8774/v2.1/196ff80337b9465ebf4b7dbc8db3b4e2/os-networks 0.280s
2015-12-09 14:19:28,296 24454 DEBUG    [tempest_lib.common.rest_client] Request - Headers: {'Content-Type': 'application/json', 'Accept': 'application/json', 'X-Auth-Token': '&lt;omitted&gt;'}
        Body: None
    Response - Headers: {'status': '200', 'content-length': '479', 'content-location': 'http://10.0.2.15:8774/v2.1/196ff80337b9465ebf4b7dbc8db3b4e2/os-networks', 'x-compute-request-id': 'req-3d045586-fb99-459c-be34-3edb5640f0f6', 'vary': 'X-OpenStack-Nova-API-Version', 'connection': 'close', 'x-openstack-nova-api-version': '2.1', 'date': 'Wed, 09 Dec 2015 14:19:28 GMT', 'content-type': 'application/json'}
        Body: {"networks": [{"cidr_v6": null, "dns2": null, "dns1": null, "gateway": null, "broadcast": null, "netmask": null, "gateway_v6": null, "cidr": null, "label": "public", "id": "9ae88ea1-b8c5-4b1d-9721-7bbdefde4b09", "netmask_v6": null}, {"cidr_v6": null, "dns2": null, "dns1": null, "gateway": null, "broadcast": null, "netmask": null, "gateway_v6": null, "cidr": null, "label": "tempest-network-smoke--1798673034", "id": "14435b40-a271-445e-be16-23fd3d711740", "netmask_v6": null}]}
2015-12-09 14:19:28,296 24454 WARNING  [tempest.common.fixed_network] (TestGettingAddress:test_dhcp6_stateless_from_os) Network with name: private not found
2015-12-09 14:19:28,296 24454 INFO     [tempest.common.fixed_network] (TestGettingAddress:test_dhcp6_stateless_from_os) Found network {} available for tenant
2015-12-09 14:19:29,588 24454 INFO     [tempest_lib.common.rest_client] Request (TestGettingAddress:test_dhcp6_stateless_from_os): 202 POST http://10.0.2.15:8774/v2.1/196ff80337b9465ebf4b7dbc8db3b4e2/servers 1.291s
2015-12-09 14:19:29,588 24454 DEBUG    [tempest_lib.common.rest_client] Request - Headers: {'Content-Type': 'application/json', 'Accept': 'application/json', 'X-Auth-Token': '&lt;omitted&gt;'}
        Body: {"server": {"name": "tempest.common.compute-instance-1197555564", "imageRef": "0faaf1f6-18c9-4a2e-8a28-f13587a88fb4", "key_name": "tempest-TestGettingAddress-183511493", "flavorRef": "42", "networks": [{"uuid": "14435b40-a271-445e-be16-23fd3d711740"}], "security_groups": [{"name": "tempest-secgroup-smoke-546946895"}]}}
    Response - Headers: {'status': '202', 'content-length': '461', 'x-compute-request-id': 'req-b6d4e3ba-81e5-425f-803f-6e7547f06671', 'vary': 'X-OpenStack-Nova-API-Version', 'connection': 'close', 'location': 'http://10.0.2.15:8774/v2.1/196ff80337b9465ebf4b7dbc8db3b4e2/servers/4042e980-9f22-4a50-b4cc-582679fc481a', 'x-openstack-nova-api-version': '2.1', 'date': 'Wed, 09 Dec 2015 14:19:29 GMT', 'content-type': 'application/json'}
        Body: {"server": {"security_groups": [{"name": "tempest-secgroup-smoke-546946895"}], "OS-DCF:diskConfig": "MANUAL", "id": "4042e980-9f22-4a50-b4cc-582679fc481a", "links": [{"href": "http://10.0.2.15:8774/v2.1/196ff80337b9465ebf4b7dbc8db3b4e2/servers/4042e980-9f22-4a50-b4cc-582679fc481a", "rel": "self"}, {"href": "http://10.0.2.15:8774/196ff80337b9465ebf4b7dbc8db3b4e2/servers/4042e980-9f22-4a50-b4cc-582679fc481a", "rel": "bookmark"}], "adminPass": "C5uiptzXA7wA"}}
2015-12-09 14:19:29,937 24454 INFO     [tempest_lib.common.rest_client] Request (TestGettingAddress:test_dhcp6_stateless_from_os): 200 GET http://10.0.2.15:8774/v2.1/196ff80337b9465ebf4b7dbc8db3b4e2/servers/4042e980-9f22-4a50-b4cc-582679fc481a 0.342s
2015-12-09 14:19:29,938 24454 DEBUG    [tempest_lib.common.rest_client] Request - Headers: {'Content-Type': 'application/json', 'Accept': 'application/json', 'X-Auth-Token': '&lt;omitted&gt;'}
        Body: None
    Response - Headers: {'status': '200', 'content-length': '1354', 'content-location': 'http://10.0.2.15:8774/v2.1/196ff80337b9465ebf4b7dbc8db3b4e2/servers/4042e980-9f22-4a50-b4cc-582679fc481a', 'x-compute-request-id': 'req-ef58fcb4-245a-4a4f-9d8d-0325af1e9a10', 'vary': 'X-OpenStack-Nova-API-Version', 'connection': 'close', 'x-openstack-nova-api-version': '2.1', 'date': 'Wed, 09 Dec 2015 14:19:29 GMT', 'content-type': 'application/json'}
        Body: {"server": {"status": "BUILD", "updated": "2015-12-09T14:19:29Z", "hostId": "", "addresses": {}, "links": [{"href": "http://10.0.2.15:8774/v2.1/196ff80337b9465ebf4b7dbc8db3b4e2/servers/4042e980-9f22-4a50-b4cc-582679fc481a", "rel": "self"}, {"href": "http://10.0.2.15:8774/196ff80337b9465ebf4b7dbc8db3b4e2/servers/4042e980-9f22-4a50-b4cc-582679fc481a", "rel": "bookmark"}], "key_name": "tempest-TestGettingAddress-183511493", "image": {"id": "0faaf1f6-18c9-4a2e-8a28-f13587a88fb4", "links": [{"href": "http://10.0.2.15:8774/196ff80337b9465ebf4b7dbc8db3b4e2/images/0faaf1f6-18c9-4a2e-8a28-f13587a88fb4", "rel": "bookmark"}]}, "OS-EXT-STS:task_state": "scheduling", "OS-EXT-STS:vm_state": "building", "OS-SRV-USG:launched_at": null, "flavor": {"id": "42", "links": [{"href": "http://10.0.2.15:8774/196ff80337b9465ebf4b7dbc8db3b4e2/flavors/42", "rel": "bookmark"}]}, "id": "4042e980-9f22-4a50-b4cc-582679fc481a", "OS-SRV-USG:terminated_at": null, "OS-EXT-AZ:availability_zone": "", "user_id": "008d3cf76bee4622b3a6baa1b0d0bc88", "name": "tempest.common.compute-instance-1197555564", "created": "2015-12-09T14:19:29Z", "tenant_id": "196ff80337b9465ebf4b7dbc8db3b4e2", "OS-DCF:diskConfig": "MANUAL", "os-extended-volumes:volumes_attached": [], "accessIPv4": "", "accessIPv6": "", "progress": 0, "OS-EXT-STS:power_state": 0, "config_drive": "", "metadata": {}}}
2015-12-09 14:19:31,324 24454 INFO     [tempest_lib.common.rest_client] Request (TestGettingAddress:test_dhcp6_stateless_from_os): 200 GET http://10.0.2.15:8774/v2.1/196ff80337b9465ebf4b7dbc8db3b4e2/servers/4042e980-9f22-4a50-b4cc-582679fc481a 0.376s
2015-12-09 14:19:31,324 24454 DEBUG    [tempest_lib.common.rest_client] Request - Headers: {'Content-Type': 'application/json', 'Accept': 'application/json', 'X-Auth-Token': '&lt;omitted&gt;'}
        Body: None
    Response - Headers: {'status': '200', 'content-length': '1479', 'content-location': 'http://10.0.2.15:8774/v2.1/196ff80337b9465ebf4b7dbc8db3b4e2/servers/4042e980-9f22-4a50-b4cc-582679fc481a', 'x-compute-request-id': 'req-79dcdeb3-1aaf-4ecc-82bd-45878f1a7a4e', 'vary': 'X-OpenStack-Nova-API-Version', 'connection': 'close', 'x-openstack-nova-api-version': '2.1', 'date': 'Wed, 09 Dec 2015 14:19:31 GMT', 'content-type': 'application/json'}
        Body: {"server": {"status": "BUILD", "updated": "2015-12-09T14:19:30Z", "hostId": "792f194000bc9b4664c11ab52295a3871ee8876fa2a4e8661d47511c", "addresses": {}, "links": [{"href": "http://10.0.2.15:8774/v2.1/196ff80337b9465ebf4b7dbc8db3b4e2/servers/4042e980-9f22-4a50-b4cc-582679fc481a", "rel": "self"}, {"href": "http://10.0.2.15:8774/196ff80337b9465ebf4b7dbc8db3b4e2/servers/4042e980-9f22-4a50-b4cc-582679fc481a", "rel": "bookmark"}], "key_name": "tempest-TestGettingAddress-183511493", "image": {"id": "0faaf1f6-18c9-4a2e-8a28-f13587a88fb4", "links": [{"href": "http://10.0.2.15:8774/196ff80337b9465ebf4b7dbc8db3b4e2/images/0faaf1f6-18c9-4a2e-8a28-f13587a88fb4", "rel": "bookmark"}]}, "OS-EXT-STS:task_state": "spawning", "OS-EXT-STS:vm_state": "building", "OS-SRV-USG:launched_at": null, "flavor": {"id": "42", "links": [{"href": "http://10.0.2.15:8774/196ff80337b9465ebf4b7dbc8db3b4e2/flavors/42", "rel": "bookmark"}]}, "id": "4042e980-9f22-4a50-b4cc-582679fc481a", "security_groups": [{"name": "tempest-secgroup-smoke-546946895"}], "OS-SRV-USG:terminated_at": null, "OS-EXT-AZ:availability_zone": "nova", "user_id": "008d3cf76bee4622b3a6baa1b0d0bc88", "name": "tempest.common.compute-instance-1197555564", "created": "2015-12-09T14:19:29Z", "tenant_id": "196ff80337b9465ebf4b7dbc8db3b4e2", "OS-DCF:diskConfig": "MANUAL", "os-extended-volumes:volumes_attached": [], "accessIPv4": "", "accessIPv6": "", "progress": 0, "OS-EXT-STS:power_state": 0, "config_drive": "", "metadata": {}}}
2015-12-09 14:19:31,332 24454 INFO     [tempest.common.waiters] State transition "BUILD/scheduling" ==&gt; "BUILD/spawning" after 2 second wait
2015-12-09 14:19:32,629 24454 INFO     [tempest_lib.common.rest_client] Request (TestGettingAddress:test_dhcp6_stateless_from_os): 200 GET http://10.0.2.15:8774/v2.1/196ff80337b9465ebf4b7dbc8db3b4e2/servers/4042e980-9f22-4a50-b4cc-582679fc481a 0.295s
2015-12-09 14:19:32,629 24454 DEBUG    [tempest_lib.common.rest_client] Request - Headers: {'Content-Type': 'application/json', 'Accept': 'application/json', 'X-Auth-Token': '&lt;omitted&gt;'}
        Body: None
    Response - Headers: {'status': '200', 'content-length': '1479', 'content-location': 'http://10.0.2.15:8774/v2.1/196ff80337b9465ebf4b7dbc8db3b4e2/servers/4042e980-9f22-4a50-b4cc-582679fc481a', 'x-compute-request-id': 'req-9efc99ae-5035-4372-8640-c7707ed80bc3', 'vary': 'X-OpenStack-Nova-API-Version', 'connection': 'close', 'x-openstack-nova-api-version': '2.1', 'date': 'Wed, 09 Dec 2015 14:19:32 GMT', 'content-type': 'application/json'}
        Body: {"server": {"status": "BUILD", "updated": "2015-12-09T14:19:30Z", "hostId": "792f194000bc9b4664c11ab52295a3871ee8876fa2a4e8661d47511c", "addresses": {}, "links": [{"href": "http://10.0.2.15:8774/v2.1/196ff80337b9465ebf4b7dbc8db3b4e2/servers/4042e980-9f22-4a50-b4cc-582679fc481a", "rel": "self"}, {"href": "http://10.0.2.15:8774/196ff80337b9465ebf4b7dbc8db3b4e2/servers/4042e980-9f22-4a50-b4cc-582679fc481a", "rel": "bookmark"}], "key_name": "tempest-TestGettingAddress-183511493", "image": {"id": "0faaf1f6-18c9-4a2e-8a28-f13587a88fb4", "links": [{"href": "http://10.0.2.15:8774/196ff80337b9465ebf4b7dbc8db3b4e2/images/0faaf1f6-18c9-4a2e-8a28-f13587a88fb4", "rel": "bookmark"}]}, "OS-EXT-STS:task_state": "spawning", "OS-EXT-STS:vm_state": "building", "OS-SRV-USG:launched_at": null, "flavor": {"id": "42", "links": [{"href": "http://10.0.2.15:8774/196ff80337b9465ebf4b7dbc8db3b4e2/flavors/42", "rel": "bookmark"}]}, "id": "4042e980-9f22-4a50-b4cc-582679fc481a", "security_groups": [{"name": "tempest-secgroup-smoke-546946895"}], "OS-SRV-USG:terminated_at": null, "OS-EXT-AZ:availability_zone": "nova", "user_id": "008d3cf76bee4622b3a6baa1b0d0bc88", "name": "tempest.common.compute-instance-1197555564", "created": "2015-12-09T14:19:29Z", "tenant_id": "196ff80337b9465ebf4b7dbc8db3b4e2", "OS-DCF:diskConfig": "MANUAL", "os-extended-volumes:volumes_attached": [], "accessIPv4": "", "accessIPv6": "", "progress": 0, "OS-EXT-STS:power_state": 0, "config_drive": "", "metadata": {}}}
2015-12-09 14:19:33,839 24454 INFO     [tempest_lib.common.rest_client] Request (TestGettingAddress:test_dhcp6_stateless_from_os): 200 GET http://10.0.2.15:8774/v2.1/196ff80337b9465ebf4b7dbc8db3b4e2/servers/4042e980-9f22-4a50-b4cc-582679fc481a 0.200s
2015-12-09 14:19:33,840 24454 DEBUG    [tempest_lib.common.rest_client] Request - Headers: {'Content-Type': 'application/json', 'Accept': 'application/json', 'X-Auth-Token': '&lt;omitted&gt;'}
        Body: None
    Response - Headers: {'status': '200', 'content-length': '1780', 'content-location': 'http://10.0.2.15:8774/v2.1/196ff80337b9465ebf4b7dbc8db3b4e2/servers/4042e980-9f22-4a50-b4cc-582679fc481a', 'x-compute-request-id': 'req-8d2e0399-eca3-4fc6-97f9-557d227308ed', 'vary': 'X-OpenStack-Nova-API-Version', 'connection': 'close', 'x-openstack-nova-api-version': '2.1', 'date': 'Wed, 09 Dec 2015 14:19:33 GMT', 'content-type': 'application/json'}
        Body: {"server": {"status": "ACTIVE", "updated": "2015-12-09T14:19:33Z", "hostId": "792f194000bc9b4664c11ab52295a3871ee8876fa2a4e8661d47511c", "addresses": {"tempest-network-smoke--1798673034": [{"OS-EXT-IPS-MAC:mac_addr": "fa:16:3e:84:61:1f", "version": 4, "addr": "10.100.0.3", "OS-EXT-IPS:type": "fixed"}, {"OS-EXT-IPS-MAC:mac_addr": "fa:16:3e:84:61:1f", "version": 6, "addr": "2003::f816:3eff:fe84:611f", "OS-EXT-IPS:type": "fixed"}]}, "links": [{"href": "http://10.0.2.15:8774/v2.1/196ff80337b9465ebf4b7dbc8db3b4e2/servers/4042e980-9f22-4a50-b4cc-582679fc481a", "rel": "self"}, {"href": "http://10.0.2.15:8774/196ff80337b9465ebf4b7dbc8db3b4e2/servers/4042e980-9f22-4a50-b4cc-582679fc481a", "rel": "bookmark"}], "key_name": "tempest-TestGettingAddress-183511493", "image": {"id": "0faaf1f6-18c9-4a2e-8a28-f13587a88fb4", "links": [{"href": "http://10.0.2.15:8774/196ff80337b9465ebf4b7dbc8db3b4e2/images/0faaf1f6-18c9-4a2e-8a28-f13587a88fb4", "rel": "bookmark"}]}, "OS-EXT-STS:task_state": null, "OS-EXT-STS:vm_state": "active", "OS-SRV-USG:launched_at": "2015-12-09T14:19:33.000000", "flavor": {"id": "42", "links": [{"href": "http://10.0.2.15:8774/196ff80337b9465ebf4b7dbc8db3b4e2/flavors/42", "rel": "bookmark"}]}, "id": "4042e980-9f22-4a50-b4cc-582679fc481a", "security_groups": [{"name": "tempest-secgroup-smoke-546946895"}], "OS-SRV-USG:terminated_at": null, "OS-EXT-AZ:availability_zone": "nova", "user_id": "008d3cf76bee4622b3a6baa1b0d0bc88", "name": "tempest.common.compute-instance-1197555564", "created": "2015-12-09T14:19:29Z", "tenant_id": "196ff80337b9465ebf4b7dbc8db3b4e2", "OS-DCF:diskConfig": "MANUAL", "os-extended-volumes:volumes_attached": [], "accessIPv4": "", "accessIPv6": "", "progress": 0, "OS-EXT-STS:power_state": 1, "config_drive": "True", "metadata": {}}}
2015-12-09 14:19:33,849 24454 INFO     [tempest.common.waiters] State transition "BUILD/spawning" ==&gt; "ACTIVE/None" after 4 second wait
2015-12-09 14:19:34,059 24454 INFO     [tempest_lib.common.rest_client] Request (TestGettingAddress:test_dhcp6_stateless_from_os): 200 GET http://10.0.2.15:8774/v2.1/196ff80337b9465ebf4b7dbc8db3b4e2/servers/4042e980-9f22-4a50-b4cc-582679fc481a 0.209s
2015-12-09 14:19:34,060 24454 DEBUG    [tempest_lib.common.rest_client] Request - Headers: {'Content-Type': 'application/json', 'Accept': 'application/json', 'X-Auth-Token': '&lt;omitted&gt;'}
        Body: None
    Response - Headers: {'status': '200', 'content-length': '1780', 'content-location': 'http://10.0.2.15:8774/v2.1/196ff80337b9465ebf4b7dbc8db3b4e2/servers/4042e980-9f22-4a50-b4cc-582679fc481a', 'x-compute-request-id': 'req-d0af8a72-b3fe-4f19-bacd-56192be87022', 'vary': 'X-OpenStack-Nova-API-Version', 'connection': 'close', 'x-openstack-nova-api-version': '2.1', 'date': 'Wed, 09 Dec 2015 14:19:34 GMT', 'content-type': 'application/json'}
        Body: {"server": {"status": "ACTIVE", "updated": "2015-12-09T14:19:33Z", "hostId": "792f194000bc9b4664c11ab52295a3871ee8876fa2a4e8661d47511c", "addresses": {"tempest-network-smoke--1798673034": [{"OS-EXT-IPS-MAC:mac_addr": "fa:16:3e:84:61:1f", "version": 4, "addr": "10.100.0.3", "OS-EXT-IPS:type": "fixed"}, {"OS-EXT-IPS-MAC:mac_addr": "fa:16:3e:84:61:1f", "version": 6, "addr": "2003::f816:3eff:fe84:611f", "OS-EXT-IPS:type": "fixed"}]}, "links": [{"href": "http://10.0.2.15:8774/v2.1/196ff80337b9465ebf4b7dbc8db3b4e2/servers/4042e980-9f22-4a50-b4cc-582679fc481a", "rel": "self"}, {"href": "http://10.0.2.15:8774/196ff80337b9465ebf4b7dbc8db3b4e2/servers/4042e980-9f22-4a50-b4cc-582679fc481a", "rel": "bookmark"}], "key_name": "tempest-TestGettingAddress-183511493", "image": {"id": "0faaf1f6-18c9-4a2e-8a28-f13587a88fb4", "links": [{"href": "http://10.0.2.15:8774/196ff80337b9465ebf4b7dbc8db3b4e2/images/0faaf1f6-18c9-4a2e-8a28-f13587a88fb4", "rel": "bookmark"}]}, "OS-EXT-STS:task_state": null, "OS-EXT-STS:vm_state": "active", "OS-SRV-USG:launched_at": "2015-12-09T14:19:33.000000", "flavor": {"id": "42", "links": [{"href": "http://10.0.2.15:8774/196ff80337b9465ebf4b7dbc8db3b4e2/flavors/42", "rel": "bookmark"}]}, "id": "4042e980-9f22-4a50-b4cc-582679fc481a", "security_groups": [{"name": "tempest-secgroup-smoke-546946895"}], "OS-SRV-USG:terminated_at": null, "OS-EXT-AZ:availability_zone": "nova", "user_id": "008d3cf76bee4622b3a6baa1b0d0bc88", "name": "tempest.common.compute-instance-1197555564", "created": "2015-12-09T14:19:29Z", "tenant_id": "196ff80337b9465ebf4b7dbc8db3b4e2", "OS-DCF:diskConfig": "MANUAL", "os-extended-volumes:volumes_attached": [], "accessIPv4": "", "accessIPv6": "", "progress": 0, "OS-EXT-STS:power_state": 1, "config_drive": "True", "metadata": {}}}
2015-12-09 14:19:34,104 24454 INFO     [tempest_lib.common.rest_client] Request (TestGettingAddress:test_dhcp6_stateless_from_os): 200 GET http://10.0.2.15:9696/v2.0/ports?status=ACTIVE&amp;fixed_ip=None&amp;device_id=4042e980-9f22-4a50-b4cc-582679fc481a 0.035s
2015-12-09 14:19:34,104 24454 DEBUG    [tempest_lib.common.rest_client] Request - Headers: {'Content-Type': 'application/json', 'Accept': 'application/json', 'X-Auth-Token': '&lt;omitted&gt;'}
        Body: None
    Response - Headers: {'status': '200', 'content-length': '1142', 'content-location': 'http://10.0.2.15:9696/v2.0/ports?status=ACTIVE&amp;fixed_ip=None&amp;device_id=4042e980-9f22-4a50-b4cc-582679fc481a', 'connection': 'close', 'date': 'Wed, 09 Dec 2015 14:19:34 GMT', 'content-type': 'application/json; charset=UTF-8', 'x-openstack-request-id': 'req-620adca9-3ee1-4648-a468-f4b02adcc37b'}
        Body: {"ports": [{"status": "ACTIVE", "binding:host_id": "vagrant-ubuntu-trusty-64", "allowed_address_pairs": [], "extra_dhcp_opts": [], "dns_assignment": [{"hostname": "host-10-100-0-3", "ip_address": "10.100.0.3", "fqdn": "host-10-100-0-3.openstacklocal."}, {"hostname": "host-2003--f816-3eff-fe84-611f", "ip_address": "2003::f816:3eff:fe84:611f", "fqdn": "host-2003--f816-3eff-fe84-611f.openstacklocal."}], "device_owner": "compute:None", "port_security_enabled": true, "binding:profile": {}, "fixed_ips": [{"subnet_id": "79473baf-fde8-4cc3-a4a1-4fc6dfd6c90c", "ip_address": "10.100.0.3"}, {"subnet_id": "b9fb2e3c-59c0-423f-ad5a-ae3fd9945269", "ip_address": "2003::f816:3eff:fe84:611f"}], "id": "0f6c20aa-7cda-45ae-80db-d448f29ce5bc", "security_groups": ["73484485-6921-41c2-8441-fe061eac33c7"], "device_id": "4042e980-9f22-4a50-b4cc-582679fc481a", "name": "", "admin_state_up": true, "network_id": "14435b40-a271-445e-be16-23fd3d711740", "dns_name": "", "binding:vif_details": {"port_filter": true}, "binding:vnic_type": "normal", "binding:vif_type": "ovs", "tenant_id": "196ff80337b9465ebf4b7dbc8db3b4e2", "mac_address": "fa:16:3e:84:61:1f"}]}
2015-12-09 14:19:34,806 24454 INFO     [tempest_lib.common.rest_client] Request (TestGettingAddress:test_dhcp6_stateless_from_os): 201 POST http://10.0.2.15:9696/v2.0/floatingips 0.701s
2015-12-09 14:19:34,807 24454 DEBUG    [tempest_lib.common.rest_client] Request - Headers: {'Content-Type': 'application/json', 'Accept': 'application/json', 'X-Auth-Token': '&lt;omitted&gt;'}
        Body: {"floatingip": {"floating_network_id": "9ae88ea1-b8c5-4b1d-9721-7bbdefde4b09", "tenant_id": "196ff80337b9465ebf4b7dbc8db3b4e2", "fixed_ip_address": "10.100.0.3", "port_id": "0f6c20aa-7cda-45ae-80db-d448f29ce5bc"}}
    Response - Headers: {'status': '201', 'content-length': '367', 'connection': 'close', 'date': 'Wed, 09 Dec 2015 14:19:34 GMT', 'content-type': 'application/json; charset=UTF-8', 'x-openstack-request-id': 'req-22f7dc0a-3a53-4d43-b666-5f10a7d2fd1f'}
        Body: {"floatingip": {"floating_network_id": "9ae88ea1-b8c5-4b1d-9721-7bbdefde4b09", "router_id": "cbbbfbe5-0a9c-463f-9be0-84e7871a0e50", "fixed_ip_address": "10.100.0.3", "floating_ip_address": "172.24.4.4", "tenant_id": "196ff80337b9465ebf4b7dbc8db3b4e2", "status": "DOWN", "port_id": "0f6c20aa-7cda-45ae-80db-d448f29ce5bc", "id": "e2d5eb74-86bd-4829-b7f9-04b08b91c071"}}
2015-12-09 14:19:34,808 24454 INFO     [tempest_lib.common.ssh] Creating ssh connection to '172.24.4.4' as 'cirros' with public key authentication
2015-12-09 14:19:38,903 24454 WARNING  [tempest_lib.common.ssh] Failed to establish authenticated ssh connection to cirros@172.24.4.4 ([Errno None] Unable to connect to port 22 on  or 172.24.4.4). Number attempts: 1. Retry after 2 seconds.
2015-12-09 14:19:44,411 24454 WARNING  [tempest_lib.common.ssh] Failed to establish authenticated ssh connection to cirros@172.24.4.4 ([Errno None] Unable to connect to port 22 on  or 172.24.4.4). Number attempts: 2. Retry after 3 seconds.
2015-12-09 14:19:50,915 24454 WARNING  [tempest_lib.common.ssh] Failed to establish authenticated ssh connection to cirros@172.24.4.4 ([Errno None] Unable to connect to port 22 on  or 172.24.4.4). Number attempts: 3. Retry after 4 seconds.
2015-12-09 14:19:58,420 24454 WARNING  [tempest_lib.common.ssh] Failed to establish authenticated ssh connection to cirros@172.24.4.4 ([Errno None] Unable to connect to port 22 on  or 172.24.4.4). Number attempts: 4. Retry after 5 seconds.
2015-12-09 14:20:06,924 24454 WARNING  [tempest_lib.common.ssh] Failed to establish authenticated ssh connection to cirros@172.24.4.4 ([Errno None] Unable to connect to port 22 on  or 172.24.4.4). Number attempts: 5. Retry after 6 seconds.
2015-12-09 14:20:16,433 24454 WARNING  [tempest_lib.common.ssh] Failed to establish authenticated ssh connection to cirros@172.24.4.4 ([Errno None] Unable to connect to port 22 on  or 172.24.4.4). Number attempts: 6. Retry after 7 seconds.
2015-12-09 14:20:26,940 24454 WARNING  [tempest_lib.common.ssh] Failed to establish authenticated ssh connection to cirros@172.24.4.4 ([Errno None] Unable to connect to port 22 on  or 172.24.4.4). Number attempts: 7. Retry after 8 seconds.
2015-12-09 14:20:38,451 24454 WARNING  [tempest_lib.common.ssh] Failed to establish authenticated ssh connection to cirros@172.24.4.4 ([Errno None] Unable to connect to port 22 on  or 172.24.4.4). Number attempts: 8. Retry after 9 seconds.
2015-12-09 14:20:50,960 24454 WARNING  [tempest_lib.common.ssh] Failed to establish authenticated ssh connection to cirros@172.24.4.4 ([Errno None] Unable to connect to port 22 on  or 172.24.4.4). Number attempts: 9. Retry after 10 seconds.
2015-12-09 14:21:04,468 24454 WARNING  [tempest_lib.common.ssh] Failed to establish authenticated ssh connection to cirros@172.24.4.4 ([Errno None] Unable to connect to port 22 on  or 172.24.4.4). Number attempts: 10. Retry after 11 seconds.
2015-12-09 14:21:18,984 24454 WARNING  [tempest_lib.common.ssh] Failed to establish authenticated ssh connection to cirros@172.24.4.4 ([Errno None] Unable to connect to port 22 on  or 172.24.4.4). Number attempts: 11. Retry after 12 seconds.
2015-12-09 14:21:34,496 24454 WARNING  [tempest_lib.common.ssh] Failed to establish authenticated ssh connection to cirros@172.24.4.4 ([Errno None] Unable to connect to port 22 on  or 172.24.4.4). Number attempts: 12. Retry after 13 seconds.
2015-12-09 14:21:51,000 24454 WARNING  [tempest_lib.common.ssh] Failed to establish authenticated ssh connection to cirros@172.24.4.4 ([Errno None] Unable to connect to port 22 on  or 172.24.4.4). Number attempts: 13. Retry after 14 seconds.
2015-12-09 14:22:08,512 24454 WARNING  [tempest_lib.common.ssh] Failed to establish authenticated ssh connection to cirros@172.24.4.4 ([Errno None] Unable to connect to port 22 on  or 172.24.4.4). Number attempts: 14. Retry after 15 seconds.
2015-12-09 14:22:27,028 24454 WARNING  [tempest_lib.common.ssh] Failed to establish authenticated ssh connection to cirros@172.24.4.4 ([Errno None] Unable to connect to port 22 on  or 172.24.4.4). Number attempts: 15. Retry after 16 seconds.
2015-12-09 14:22:46,548 24454 WARNING  [tempest_lib.common.ssh] Failed to establish authenticated ssh connection to cirros@172.24.4.4 ([Errno None] Unable to connect to port 22 on  or 172.24.4.4). Number attempts: 16. Retry after 17 seconds.
2015-12-09 14:23:07,060 24454 ERROR    [tempest_lib.common.ssh] Failed to establish authenticated ssh connection to cirros@172.24.4.4 after 16 attempts
2015-12-09 14:23:07.060 24454 ERROR tempest_lib.common.ssh Traceback (most recent call last):
2015-12-09 14:23:07.060 24454 ERROR tempest_lib.common.ssh   File "/usr/local/lib/python2.7/dist-packages/tempest_lib/common/ssh.py", line 75, in _get_ssh_connection
2015-12-09 14:23:07.060 24454 ERROR tempest_lib.common.ssh     timeout=self.channel_timeout, pkey=self.pkey)
2015-12-09 14:23:07.060 24454 ERROR tempest_lib.common.ssh   File "/usr/local/lib/python2.7/dist-packages/paramiko/client.py", line 311, in connect
2015-12-09 14:23:07.060 24454 ERROR tempest_lib.common.ssh     raise NoValidConnectionsError(errors)
2015-12-09 14:23:07.060 24454 ERROR tempest_lib.common.ssh NoValidConnectionsError: [Errno None] Unable to connect to port 22 on  or 172.24.4.4
2015-12-09 14:23:07.060 24454 ERROR tempest_lib.common.ssh 
2015-12-09 14:23:07,062 24454 ERROR    [tempest.scenario.manager] (TestGettingAddress:test_dhcp6_stateless_from_os) Initializing SSH connection to 172.24.4.4 failed. Error: Connection to the 172.24.4.4 via SSH timed out.
User: cirros, Password: None
2015-12-09 14:23:07.062 24454 ERROR tempest.scenario.manager Traceback (most recent call last):
2015-12-09 14:23:07.062 24454 ERROR tempest.scenario.manager   File "tempest/scenario/manager.py", line 383, in get_remote_client
2015-12-09 14:23:07.062 24454 ERROR tempest.scenario.manager     linux_client.validate_authentication()
2015-12-09 14:23:07.062 24454 ERROR tempest.scenario.manager   File "tempest/common/utils/linux/remote_client.py", line 63, in validate_authentication
2015-12-09 14:23:07.062 24454 ERROR tempest.scenario.manager     self.ssh_client.test_connection_auth()
2015-12-09 14:23:07.062 24454 ERROR tempest.scenario.manager   File "/usr/local/lib/python2.7/dist-packages/tempest_lib/common/ssh.py", line 167, in test_connection_auth
2015-12-09 14:23:07.062 24454 ERROR tempest.scenario.manager     connection = self._get_ssh_connection()
2015-12-09 14:23:07.062 24454 ERROR tempest.scenario.manager   File "/usr/local/lib/python2.7/dist-packages/tempest_lib/common/ssh.py", line 87, in _get_ssh_connection
2015-12-09 14:23:07.062 24454 ERROR tempest.scenario.manager     password=self.password)
2015-12-09 14:23:07.062 24454 ERROR tempest.scenario.manager SSHTimeout: Connection to the 172.24.4.4 via SSH timed out.
2015-12-09 14:23:07.062 24454 ERROR tempest.scenario.manager User: cirros, Password: None
2015-12-09 14:23:07.062 24454 ERROR tempest.scenario.manager 
2015-12-09 14:23:07,144 24454 INFO     [tempest_lib.common.rest_client] Request (TestGettingAddress:test_dhcp6_stateless_from_os): 200 GET http://10.0.2.15:8774/v2.1/196ff80337b9465ebf4b7dbc8db3b4e2/servers 0.079s
2015-12-09 14:23:07,145 24454 DEBUG    [tempest_lib.common.rest_client] Request - Headers: {'Content-Type': 'application/json', 'Accept': 'application/json', 'X-Auth-Token': '&lt;omitted&gt;'}
        Body: None
    Response - Headers: {'status': '200', 'content-length': '391', 'content-location': 'http://10.0.2.15:8774/v2.1/196ff80337b9465ebf4b7dbc8db3b4e2/servers', 'x-compute-request-id': 'req-3398c970-671f-4073-a5ea-c96d39bac73d', 'vary': 'X-OpenStack-Nova-API-Version', 'connection': 'close', 'x-openstack-nova-api-version': '2.1', 'date': 'Wed, 09 Dec 2015 14:23:07 GMT', 'content-type': 'application/json'}
        Body: {"servers": [{"id": "4042e980-9f22-4a50-b4cc-582679fc481a", "links": [{"href": "http://10.0.2.15:8774/v2.1/196ff80337b9465ebf4b7dbc8db3b4e2/servers/4042e980-9f22-4a50-b4cc-582679fc481a", "rel": "self"}, {"href": "http://10.0.2.15:8774/196ff80337b9465ebf4b7dbc8db3b4e2/servers/4042e980-9f22-4a50-b4cc-582679fc481a", "rel": "bookmark"}], "name": "tempest.common.compute-instance-1197555564"}]}
2015-12-09 14:23:07,362 24454 INFO     [tempest_lib.common.rest_client] Request (TestGettingAddress:test_dhcp6_stateless_from_os): 200 POST http://10.0.2.15:8774/v2.1/196ff80337b9465ebf4b7dbc8db3b4e2/servers/4042e980-9f22-4a50-b4cc-582679fc481a/action 0.211s
2015-12-09 14:23:07,362 24454 DEBUG    [tempest_lib.common.rest_client] Request - Headers: {'Content-Type': 'application/json', 'Accept': 'application/json', 'X-Auth-Token': '&lt;omitted&gt;'}
        Body: {"os-getConsoleOutput": {}}
    Response - Headers: {'status': '200', 'content-length': '24683', 'x-compute-request-id': 'req-021acc93-0aa1-46dc-afa3-48563915cc31', 'vary': 'X-OpenStack-Nova-API-Version', 'connection': 'close', 'x-openstack-nova-api-version': '2.1', 'date': 'Wed, 09 Dec 2015 14:23:07 GMT', 'content-type': 'application/json'}
        Body: {"output": "[    0.000000] Initializing cgroup subsys cpuset\n[    0.000000] Initializing cgroup subsys cpu\n[    0.000000] Linux version 3.2.0-80-virtual (buildd@batsu) (gcc version 4.6.3 (Ubuntu/Linaro 4.6.3-1ubuntu5) ) #116-Ubuntu SMP Mon Mar 23 17:28:52 UTC 2015 (Ubuntu 3.2.0-80.116-virtual 3.2.68)\n[    0.000000] Command line: root=/dev/vda console=tty0 console=ttyS0 no_timer_check\n[    0.000000] KERNEL supported cpus:\n[    0.000000]   Intel GenuineIntel\n[    0.000000]   AMD AuthenticAMD\n[    0.000000]   Centaur CentaurHauls\n[    0.000000] BIOS-provided physical RAM map:\n[    0.000000]  BIOS-e820: 0000000000000000 - 000000000009fc00 (usable)\n[    0.000000]  BIOS-e820: 000000000009fc00 - 00000000000a0000 (reserved)\n[    0.000000]  BIOS-e820: 00000000000f0000 - 0000000000100000 (reserved)\n[    0.000000]  BIOS-e820: 0000000000100000 - 0000000003ffe000 (usable)\n[    0.000000]  BIOS-e820: 0000000003ffe000 - 0000000004000000 (reserved)\n[    0.000000]  BIOS-e820: 00000000fffc0000 - 0000000100000000 (reserved)\n[    0.000000] NX (Execute Disable) protection: active\n[    0.000000] SMBIOS 2.4 present.\n[    0.000000] No AGP bridge found\n[    0.000000] last_pfn = 0x3ffe max_arch_pfn = 0x400000000\n[    0.000000] x86 PAT enabled: cpu 0, old 0x7040600070406, new 0x7010600070106\n[    0.000000] found SMP MP-table at [ffff8800000f0b00] f0b00\n[    0.000000] init_memory_mapping: 0000000000000000-0000000003ffe000\n[    0.000000] RAMDISK: 03c5e000 - 03ff0000\n[    0.000000] ACPI: RSDP 00000000000f0950 00014 (v00 BOCHS )\n[    0.000000] ACPI: RSDT 0000000003fffbc1 00034 (v01 BOCHS  BXPCRSDT 00000001 BXPC 00000001)\n[    0.000000] ACPI: FACP 0000000003fff1c0 00074 (v01 BOCHS  BXPCFACP 00000001 BXPC 00000001)\n[    0.000000] ACPI: DSDT 0000000003ffe040 01180 (v01 BOCHS  BXPCDSDT 00000001 BXPC 00000001)\n[    0.000000] ACPI: FACS 0000000003ffe000 00040\n[    0.000000] ACPI: SSDT 0000000003fff234 008DD (v01 BOCHS  BXPCSSDT 00000001 BXPC 00000001)\n[    0.000000] ACPI: APIC 0000000003fffb11 00078 (v01 BOCHS  BXPCAPIC 00000001 BXPC 00000001)\n[    0.000000] ACPI: HPET 0000000003fffb89 00038 (v01 BOCHS  BXPCHPET 00000001 BXPC 00000001)\n[    0.000000] No NUMA configuration found\n[    0.000000] Faking a node at 0000000000000000-0000000003ffe000\n[    0.000000] Initmem setup node 0 0000000000000000-0000000003ffe000\n[    0.000000]   NODE_DATA [0000000003ff6000 - 0000000003ffafff]\n[    0.000000] Zone PFN ranges:\n[    0.000000]   DMA      0x00000010 -&gt; 0x00001000\n[    0.000000]   DMA32    0x00001000 -&gt; 0x00100000\n[    0.000000]   Normal   empty\n[    0.000000] Movable zone start PFN for each node\n[    0.000000] early_node_map[2] active PFN ranges\n[    0.000000]     0: 0x00000010 -&gt; 0x0000009f\n[    0.000000]     0: 0x00000100 -&gt; 0x00003ffe\n[    0.000000] ACPI: PM-Timer IO Port: 0xb008\n[    0.000000] ACPI: LAPIC (acpi_id[0x00] lapic_id[0x00] enabled)\n[    0.000000] ACPI: LAPIC_NMI (acpi_id[0xff] dfl dfl lint[0x1])\n[    0.000000] ACPI: IOAPIC (id[0x00] address[0xfec00000] gsi_base[0])\n[    0.000000] IOAPIC[0]: apic_id 0, version 17, address 0xfec00000, GSI 0-23\n[    0.000000] ACPI: INT_SRC_OVR (bus 0 bus_irq 0 global_irq 2 dfl dfl)\n[    0.000000] ACPI: INT_SRC_OVR (bus 0 bus_irq 5 global_irq 5 high level)\n[    0.000000] ACPI: INT_SRC_OVR (bus 0 bus_irq 9 global_irq 9 high level)\n[    0.000000] ACPI: INT_SRC_OVR (bus 0 bus_irq 10 global_irq 10 high level)\n[    0.000000] ACPI: INT_SRC_OVR (bus 0 bus_irq 11 global_irq 11 high level)\n[    0.000000] Using ACPI (MADT) for SMP configuration information\n[    0.000000] ACPI: HPET id: 0x8086a201 base: 0xfed00000\n[    0.000000] SMP: Allowing 1 CPUs, 0 hotplug CPUs\n[    0.000000] PM: Registered nosave memory: 000000000009f000 - 00000000000a0000\n[    0.000000] PM: Registered nosave memory: 00000000000a0000 - 00000000000f0000\n[    0.000000] PM: Registered nosave memory: 00000000000f0000 - 0000000000100000\n[    0.000000] Allocating PCI resources starting at 4000000 (gap: 4000000:fbfc0000)\n[    0.000000] Booting paravirtualized kernel on bare hardware\n[    0.000000] setup_pe
2015-12-09 14:23:07,364 24454 DEBUG    [tempest.scenario.manager] Console output for 4042e980-9f22-4a50-b4cc-582679fc481a
body=
[    0.000000] Initializing cgroup subsys cpuset
[    0.000000] Initializing cgroup subsys cpu
[    0.000000] Linux version 3.2.0-80-virtual (buildd@batsu) (gcc version 4.6.3 (Ubuntu/Linaro 4.6.3-1ubuntu5) ) #116-Ubuntu SMP Mon Mar 23 17:28:52 UTC 2015 (Ubuntu 3.2.0-80.116-virtual 3.2.68)
[    0.000000] Command line: root=/dev/vda console=tty0 console=ttyS0 no_timer_check
[    0.000000] KERNEL supported cpus:
[    0.000000]   Intel GenuineIntel
[    0.000000]   AMD AuthenticAMD
[    0.000000]   Centaur CentaurHauls
[    0.000000] BIOS-provided physical RAM map:
[    0.000000]  BIOS-e820: 0000000000000000 - 000000000009fc00 (usable)
[    0.000000]  BIOS-e820: 000000000009fc00 - 00000000000a0000 (reserved)
[    0.000000]  BIOS-e820: 00000000000f0000 - 0000000000100000 (reserved)
[    0.000000]  BIOS-e820: 0000000000100000 - 0000000003ffe000 (usable)
[    0.000000]  BIOS-e820: 0000000003ffe000 - 0000000004000000 (reserved)
[    0.000000]  BIOS-e820: 00000000fffc0000 - 0000000100000000 (reserved)
[    0.000000] NX (Execute Disable) protection: active
[    0.000000] SMBIOS 2.4 present.
[    0.000000] No AGP bridge found
[    0.000000] last_pfn = 0x3ffe max_arch_pfn = 0x400000000
[    0.000000] x86 PAT enabled: cpu 0, old 0x7040600070406, new 0x7010600070106
[    0.000000] found SMP MP-table at [ffff8800000f0b00] f0b00
[    0.000000] init_memory_mapping: 0000000000000000-0000000003ffe000
[    0.000000] RAMDISK: 03c5e000 - 03ff0000
[    0.000000] ACPI: RSDP 00000000000f0950 00014 (v00 BOCHS )
[    0.000000] ACPI: RSDT 0000000003fffbc1 00034 (v01 BOCHS  BXPCRSDT 00000001 BXPC 00000001)
[    0.000000] ACPI: FACP 0000000003fff1c0 00074 (v01 BOCHS  BXPCFACP 00000001 BXPC 00000001)
[    0.000000] ACPI: DSDT 0000000003ffe040 01180 (v01 BOCHS  BXPCDSDT 00000001 BXPC 00000001)
[    0.000000] ACPI: FACS 0000000003ffe000 00040
[    0.000000] ACPI: SSDT 0000000003fff234 008DD (v01 BOCHS  BXPCSSDT 00000001 BXPC 00000001)
[    0.000000] ACPI: APIC 0000000003fffb11 00078 (v01 BOCHS  BXPCAPIC 00000001 BXPC 00000001)
[    0.000000] ACPI: HPET 0000000003fffb89 00038 (v01 BOCHS  BXPCHPET 00000001 BXPC 00000001)
[    0.000000] No NUMA configuration found
[    0.000000] Faking a node at 0000000000000000-0000000003ffe000
[    0.000000] Initmem setup node 0 0000000000000000-0000000003ffe000
[    0.000000]   NODE_DATA [0000000003ff6000 - 0000000003ffafff]
[    0.000000] Zone PFN ranges:
[    0.000000]   DMA      0x00000010 -&gt; 0x00001000
[    0.000000]   DMA32    0x00001000 -&gt; 0x00100000
[    0.000000]   Normal   empty
[    0.000000] Movable zone start PFN for each node
[    0.000000] early_node_map[2] active PFN ranges
[    0.000000]     0: 0x00000010 -&gt; 0x0000009f
[    0.000000]     0: 0x00000100 -&gt; 0x00003ffe
[    0.000000] ACPI: PM-Timer IO Port: 0xb008
[    0.000000] ACPI: LAPIC (acpi_id[0x00] lapic_id[0x00] enabled)
[    0.000000] ACPI: LAPIC_NMI (acpi_id[0xff] dfl dfl lint[0x1])
[    0.000000] ACPI: IOAPIC (id[0x00] address[0xfec00000] gsi_base[0])
[    0.000000] IOAPIC[0]: apic_id 0, version 17, address 0xfec00000, GSI 0-23
[    0.000000] ACPI: INT_SRC_OVR (bus 0 bus_irq 0 global_irq 2 dfl dfl)
[    0.000000] ACPI: INT_SRC_OVR (bus 0 bus_irq 5 global_irq 5 high level)
[    0.000000] ACPI: INT_SRC_OVR (bus 0 bus_irq 9 global_irq 9 high level)
[    0.000000] ACPI: INT_SRC_OVR (bus 0 bus_irq 10 global_irq 10 high level)
[    0.000000] ACPI: INT_SRC_OVR (bus 0 bus_irq 11 global_irq 11 high level)
[    0.000000] Using ACPI (MADT) for SMP configuration information
[    0.000000] ACPI: HPET id: 0x8086a201 base: 0xfed00000
[    0.000000] SMP: Allowing 1 CPUs, 0 hotplug CPUs
[    0.000000] PM: Registered nosave memory: 000000000009f000 - 00000000000a0000
[    0.000000] PM: Registered nosave memory: 00000000000a0000 - 00000000000f0000
[    0.000000] PM: Registered nosave memory: 00000000000f0000 - 0000000000100000
[    0.000000] Allocating PCI resources starting at 4000000 (gap: 4000000:fbfc0000)
[    0.000000] Booting paravirtualized kernel on bare hardware
[    0.000000] setup_percpu: NR_CPUS:64 nr_cpumask_bits:64 nr_cpu_ids:1 nr_node_ids:1
[    0.000000] PERCPU: Embedded 27 pages/cpu @ffff880003a00000 s78848 r8192 d23552 u2097152
[    0.000000] Built 1 zonelists in Node order, mobility grouping on.  Total pages: 16008
[    0.000000] Policy zone: DMA32
[    0.000000] Kernel command line: root=/dev/vda console=tty0 console=ttyS0 no_timer_check
[    0.000000] PID hash table entries: 256 (order: -1, 2048 bytes)
[    0.000000] Checking aperture...
[    0.000000] No AGP bridge found
[    0.000000] Memory: 43492k/65528k available (6576k kernel code, 452k absent, 21584k reserved, 6620k data, 928k init)
[    0.000000] SLUB: Genslabs=15, HWalign=64, Order=0-3, MinObjects=0, CPUs=1, Nodes=1
[    0.000000] Hierarchical RCU implementation.
[    0.000000] 	RCU dyntick-idle grace-period acceleration is enabled.
[    0.000000] NR_IRQS:4352 nr_irqs:256 16
[    0.000000] Console: colour VGA+ 80x25
[    0.000000] console [tty0] enabled
[    0.000000] console [ttyS0] enabled
[    0.000000] allocated 1048576 bytes of page_cgroup
[    0.000000] please try 'cgroup_disable=memory' option if you don't want memory cgroups
[    0.000000] Fast TSC calibration failed
[    0.000000] TSC: Unable to calibrate against PIT
[    0.000000] TSC: using HPET reference calibration
[    0.000000] Detected 2292.181 MHz processor.
[    0.036814] Calibrating delay loop (skipped), value calculated using timer frequency.. 4584.36 BogoMIPS (lpj=9168724)
[    0.040228] pid_max: default: 32768 minimum: 301
[    0.055394] Security Framework initialized
[    0.058369] AppArmor: AppArmor initialized
[    0.060176] Yama: becoming mindful.
[    0.069512] Dentry cache hash table entries: 8192 (order: 4, 65536 bytes)
[    0.070945] Inode-cache hash table entries: 4096 (order: 3, 32768 bytes)
[    0.072129] Mount-cache hash table entries: 256
[    0.092490] Initializing cgroup subsys cpuacct
[    0.094053] Initializing cgroup subsys memory
[    0.096826] Initializing cgroup subsys devices
[    0.097851] Initializing cgroup subsys freezer
[    0.098839] Initializing cgroup subsys blkio
[    0.100208] Initializing cgroup subsys perf_event
[    0.105860] mce: CPU supports 10 MCE banks
[    0.109610] SMP alternatives: switching to UP code
[    0.517934] Freeing SMP alternatives: 24k freed
[    0.520490] ACPI: Core revision 20110623
[    0.568238] ftrace: allocating 26610 entries in 105 pages
[    0.597500] ..TIMER: vector=0x30 apic1=0 pin1=2 apic2=-1 pin2=-1
[    0.598763] CPU0: AMD QEMU Virtual CPU version 2.0.0 stepping 03
[    0.604037] Performance Events: Broken PMU hardware detected, using software events only.
[    0.612470] NMI watchdog disabled (cpu0): hardware events not enabled
[    0.614110] Brought up 1 CPUs
[    0.614714] Total of 1 processors activated (4584.36 BogoMIPS).
[    0.642431] devtmpfs: initialized
[    0.673148] EVM: security.selinux
[    0.674669] EVM: security.SMACK64
[    0.675095] EVM: security.capability
[    0.695322] print_constraints: dummy: 
[    0.697202] RTC time: 14:19:37, date: 12/09/15
[    0.701061] NET: Registered protocol family 16
[    0.713020] ACPI: bus type pci registered
[    0.721757] PCI: Using configuration type 1 for base access
[    0.750905] bio: create slab &lt;bio-0&gt; at 0
[    0.756226] ACPI: Added _OSI(Module Device)
[    0.757002] ACPI: Added _OSI(Processor Device)
[    0.757566] ACPI: Added _OSI(3.0 _SCP Extensions)
[    0.758286] ACPI: Added _OSI(Processor Aggregator Device)
[    0.827160] ACPI: Interpreter enabled
[    0.827740] ACPI: (supports S0 S3 S4 S5)
[    0.829636] ACPI: Using IOAPIC for interrupt routing
[    0.906834] ACPI: No dock devices found.
[    0.907437] HEST: Table not found.
[    0.908222] PCI: Using host bridge windows from ACPI; if necessary, use "pci=nocrs" and report a bug
[    0.913950] ACPI: PCI Root Bridge [PCI0] (domain 0000 [bus 00-ff])
[    0.919043] pci_root PNP0A03:00: host bridge window [io  0x0000-0x0cf7]
[    0.920166] pci_root PNP0A03:00: host bridge window [io  0x0d00-0xadff]
[    0.921271] pci_root PNP0A03:00: host bridge window [io  0xae0f-0xaeff]
[    0.922055] pci_root PNP0A03:00: host bridge window [io  0xaf20-0xafdf]
[    0.922825] pci_root PNP0A03:00: host bridge window [io  0xafe4-0xffff]
[    0.924173] pci_root PNP0A03:00: host bridge window [mem 0x000a0000-0x000bffff]
[    0.925167] pci_root PNP0A03:00: host bridge window [mem 0x04000000-0xfebfffff]
[    0.946565] pci 0000:00:01.3: quirk: [io  0xb000-0xb03f] claimed by PIIX4 ACPI
[    0.947405] pci 0000:00:01.3: quirk: [io  0xb100-0xb10f] claimed by PIIX4 SMB
[    1.009888]  pci0000:00: Unable to request _OSC control (_OSC support mask: 0x1e)
[    1.067351] ACPI: PCI Interrupt Link [LNKA] (IRQs 5 *10 11)
[    1.069937] ACPI: PCI Interrupt Link [LNKB] (IRQs 5 *10 11)
[    1.072487] ACPI: PCI Interrupt Link [LNKC] (IRQs 5 10 *11)
[    1.074698] ACPI: PCI Interrupt Link [LNKD] (IRQs 5 10 *11)
[    1.076745] ACPI: PCI Interrupt Link [LNKS] (IRQs *9)
[    1.082872] vgaarb: device added: PCI:0000:00:02.0,decodes=io+mem,owns=io+mem,locks=none
[    1.084292] vgaarb: loaded
[    1.084871] vgaarb: bridge control possible 0000:00:02.0
[    1.088736] i2c-core: driver [aat2870] using legacy suspend method
[    1.089477] i2c-core: driver [aat2870] using legacy resume method
[    1.092810] SCSI subsystem initialized
[    1.095410] usbcore: registered new interface driver usbfs
[    1.096733] usbcore: registered new interface driver hub
[    1.097925] usbcore: registered new device driver usb
[    1.102249] PCI: Using ACPI for IRQ routing
[    1.112198] NetLabel: Initializing
[    1.112757] NetLabel:  domain hash size = 128
[    1.113249] NetLabel:  protocols = UNLABELED CIPSOv4
[    1.116273] NetLabel:  unlabeled traffic allowed by default
[    1.118441] HPET: 3 timers in total, 0 timers will be used for per-cpu timer
[    1.120870] hpet0: at MMIO 0xfed00000, IRQs 2, 8, 0
[    1.122470] hpet0: 3 comparators, 64-bit 100.000000 MHz counter
[    1.140646] Switching to clocksource hpet
[    1.398127] AppArmor: AppArmor Filesystem Enabled
[    1.399642] pnp: PnP ACPI init
[    1.401049] ACPI: bus type pnp registered
[    1.421119] pnp: PnP ACPI: found 9 devices
[    1.421726] ACPI: ACPI bus type pnp unregistered
[    1.485695] NET: Registered protocol family 2
[    1.521060] IP route cache hash table entries: 512 (order: 0, 4096 bytes)
[    1.529296] TCP established hash table entries: 2048 (order: 3, 32768 bytes)
[    1.530465] TCP bind hash table entries: 2048 (order: 3, 32768 bytes)
[    1.531587] TCP: Hash tables configured (established 2048 bind 2048)
[    1.532778] TCP reno registered
[    1.533688] UDP hash table entries: 128 (order: 0, 4096 bytes)
[    1.534576] UDP-Lite hash table entries: 128 (order: 0, 4096 bytes)
[    1.537921] NET: Registered protocol family 1
[    1.538629] pci 0000:00:00.0: Limiting direct PCI/PCI transfers
[    1.539758] pci 0000:00:01.0: PIIX3: Enabling Passive Release
[    1.542204] pci 0000:00:01.0: Activating ISA DMA hang workarounds
[    1.549324] ACPI: PCI Interrupt Link [LNKD] enabled at IRQ 11
[    1.550327] pci 0000:00:01.2: PCI INT D -&gt; Link[LNKD] -&gt; GSI 11 (level, high) -&gt; IRQ 11
[    1.553327] pci 0000:00:01.2: PCI INT D disabled
[    1.575956] Trying to unpack rootfs image as initramfs...
[    1.593752] audit: initializing netlink socket (disabled)
[    1.595275] type=2000 audit(1449670777.592:1): initialized
[    1.887731] HugeTLB registered 2 MB page size, pre-allocated 0 pages
[    1.999550] VFS: Disk quotas dquot_6.5.2
[    2.001532] Dquot-cache hash table entries: 512 (order 0, 4096 bytes)
[    2.016906] fuse init (API version 7.17)
[    2.019048] msgmni has been set to 84
[    2.055063] Block layer SCSI generic (bsg) driver version 0.4 loaded (major 253)
[    2.118602] io scheduler noop registered
[    2.119736] io scheduler deadline registered (default)
[    2.122725] io scheduler cfq registered
[    2.126369] pci_hotplug: PCI Hot Plug PCI Core version: 0.5
[    2.128544] pciehp: PCI Express Hot Plug Controller Driver version: 0.4
[    2.134417] input: Power Button as /devices/LNXSYSTM:00/LNXPWRBN:00/input/input0
[    2.136997] ACPI: Power Button [PWRF]
[    2.200042] ERST: Table is not found!
[    2.201403] GHES: HEST is not enabled!
[    2.203912] ACPI: PCI Interrupt Link [LNKC] enabled at IRQ 10
[    2.205672] virtio-pci 0000:00:03.0: PCI INT A -&gt; Link[LNKC] -&gt; GSI 10 (level, high) -&gt; IRQ 10
[    2.209617] virtio-pci 0000:00:04.0: PCI INT A -&gt; Link[LNKD] -&gt; GSI 11 (level, high) -&gt; IRQ 11
[    2.233721] ACPI: PCI Interrupt Link [LNKA] enabled at IRQ 10
[    2.234388] virtio-pci 0000:00:05.0: PCI INT A -&gt; Link[LNKA] -&gt; GSI 10 (level, high) -&gt; IRQ 10
[    2.254746] Serial: 8250/16550 driver, 32 ports, IRQ sharing enabled
[    2.303521] serial8250: ttyS0 at I/O 0x3f8 (irq = 4) is a 16550A
[    2.399782] serial8250: ttyS1 at I/O 0x2f8 (irq = 3) is a 16550A
[    2.533664] 00:05: ttyS0 at I/O 0x3f8 (irq = 4) is a 16550A
[    2.557486] Refined TSC clocksource calibration: 2292.152 MHz.
[    2.558180] Switching to clocksource tsc
[    2.610602] 00:06: ttyS1 at I/O 0x2f8 (irq = 3) is a 16550A
[    2.671374] Linux agpgart interface v0.103
[    2.734577] brd: module loaded
[    2.766650] loop: module loaded
[    2.818191]  vda: unknown partition table
[    2.869389] scsi0 : ata_piix
[    2.877540] scsi1 : ata_piix
[    2.878786] ata1: PATA max MWDMA2 cmd 0x1f0 ctl 0x3f6 bmdma 0xc0a0 irq 14
[    2.880318] ata2: PATA max MWDMA2 cmd 0x170 ctl 0x376 bmdma 0xc0a8 irq 15
[    2.891343] Fixed MDIO Bus: probed
[    2.892402] tun: Universal TUN/TAP device driver, 1.6
[    2.893557] tun: (C) 1999-2004 Max Krasnyansky &lt;maxk@qualcomm.com&gt;
[    2.907263] PPP generic driver version 2.4.2
[    2.932090] ehci_hcd: USB 2.0 'Enhanced' Host Controller (EHCI) Driver
[    2.934481] ohci_hcd: USB 1.1 'Open' Host Controller (OHCI) Driver
[    2.935365] uhci_hcd: USB Universal Host Controller Interface driver
[    2.937070] uhci_hcd 0000:00:01.2: PCI INT D -&gt; Link[LNKD] -&gt; GSI 11 (level, high) -&gt; IRQ 11
[    2.941036] uhci_hcd 0000:00:01.2: UHCI Host Controller
[    2.957713] uhci_hcd 0000:00:01.2: new USB bus registered, assigned bus number 1
[    2.959545] uhci_hcd 0000:00:01.2: irq 11, io base 0x0000c040
[    2.992006] hub 1-0:1.0: USB hub found
[    2.994585] hub 1-0:1.0: 2 ports detected
[    3.002749] usbcore: registered new interface driver libusual
[    3.007345] i8042: PNP: PS/2 Controller [PNP0303:KBD,PNP0f13:MOU] at 0x60,0x64 irq 1,12
[    3.016948] serio: i8042 KBD port at 0x60,0x64 irq 1
[    3.018805] serio: i8042 AUX port at 0x60,0x64 irq 12
[    3.056063] mousedev: PS/2 mouse device common for all mice
[    3.078557] input: AT Translated Set 2 keyboard as /devices/platform/i8042/serio0/input/input1
[    3.095582] rtc_cmos 00:01: RTC can wake from S4
[    3.126280] ata2.01: ATAPI: QEMU DVD-ROM, 2.0.0, max UDMA/100
[    3.145245] rtc_cmos 00:01: rtc core: registered rtc_cmos as rtc0
[    3.149524] rtc0: alarms up to one day, 114 bytes nvram, hpet irqs
[    3.155795] device-mapper: uevent: version 1.0.3
[    3.163484] ata2.01: configured for MWDMA2
[    3.207516] device-mapper: ioctl: 4.22.0-ioctl (2011-10-19) initialised: dm-devel@redhat.com
[    3.213128] cpuidle: using governor ladder
[    3.215366] cpuidle: using governor menu
[    3.216011] EFI Variables Facility v0.08 2004-May-17
[    3.227448] TCP cubic registered
[    3.232000] NET: Registered protocol family 10
[    3.264953] NET: Registered protocol family 17
[    3.266624] Registering the dns_resolver key type
[    3.274300] scsi 1:0:1:0: CD-ROM            QEMU     QEMU DVD-ROM     2.0. PQ: 0 ANSI: 5
[    3.314945] sr0: scsi3-mmc drive: 4x/4x cd/rw xa/form2 tray
[    3.316207] cdrom: Uniform CD-ROM driver Revision: 3.20
[    3.325217] sr 1:0:1:0: Attached scsi generic sg0 type 5
[    3.379860] Freeing initrd memory: 3656k freed
[    3.394619] registered taskstats version 1
[    3.889299]   Magic number: 11:468:333
[    3.900786] tty tty54: hash matches
[    3.910070] rtc_cmos 00:01: setting system clock to 2015-12-09 14:19:40 UTC (1449670780)
[    3.913400] powernow-k8: Processor cpuid 663 not supported
[    3.920130] BIOS EDD facility v0.16 2004-Jun-25, 0 devices found
[    3.921360] EDD information not available.
[    3.974740] Freeing unused kernel memory: 928k freed
[    3.980652] Write protecting the kernel read-only data: 12288k
[    4.110714] Freeing unused kernel memory: 1596k freed
[    4.189322] Freeing unused kernel memory: 1184k freed

info: initramfs: up at 4.37
modprobe: module virtio_blk not found in modules.dep
modprobe: module virtio_net not found in modules.dep
info: copying initramfs to /dev/vda
info: initramfs loading root from /dev/vda
info: /etc/init.d/rc.sysinit: up at 9.16
info: container: none
Starting logging: OK
modprobe: module virtio_blk not found in modules.dep
modprobe: module virtio_net not found in modules.dep
WARN: /etc/rc3.d/S10-load-modules failed
Initializing random number generator... done.
Starting acpid: OK
cirros-ds 'local' up at 11.71
found datasource (configdrive, local)
Starting network...
udhcpc (v1.20.1) started
Sending discover...
Sending discover...
Sending discover...
Usage: /sbin/cirros-dhcpc &lt;up|down&gt;
No lease, failing
WARN: /etc/rc3.d/S40-network failed
Starting dropbear sshd: generating rsa key... generating dsa key... OK
no userdata for datasource
=== system information ===
Platform: OpenStack Foundation OpenStack Nova
Container: none
Arch: x86_64
CPU(s): 1 @ 2292.181 MHz
Cores/Sockets/Threads: 1/1/1
Virt-type: AMD-V
RAM Size: 49MB
Disks:
NAME MAJ:MIN     SIZE LABEL         MOUNTPOINT
vda  253:0   25165824 cirros-rootfs /
sr0   11:0     428032 config-2      
=== sshd host keys ===
-----BEGIN SSH HOST KEY KEYS-----
ssh-rsa AAAAB3NzaC1yc2EAAAADAQABAAAAgng2M7gUX10Lll1W12V78yK8Zmbv7MhGeTOwEqUFHCrLpYHyGsiV5iv1njrGinSm7NAam6fnabTMXgHzE27WLIf2GNz7qqEYJ5XQiWnbTL/dI5mUnDfYNh/lqh10eKYLePv8mCr/NKx0/dMAem0liCGc2sklAnvbLMqG9xiLTn8Y7gk= root@tempest
ssh-dss AAAAB3NzaC1kc3MAAACBANxM8nJ7Hk6YRoawzZ9nVZh9e8NcXGc47g+y5AR3pICscy3cqGjAFFp9XuTMbxPFvJ7S+ramgQ7Bb0CuxUl3PD0jqbNulOEmsbGPVpCMUMhNC4dJEd3cRz9rb6dWZg7431GegLdmnTWEwGj/qOjIurRgPtagc2akFL5taOh61SA7AAAAFQC0G6+CyUbxNofsLJ6aYSETMd8lLQAAAIEAx+/hP33QNk6YHwF3xE978gLX0VysO3NC+IC7Q5HVJ97QrGc6mOSv6cnVVeW9B9OgjSoYkF1PAIPq2osbLWyBjaBSd6l394A8e3j8ru98aq5ZDF0MOZEqffG6RX+PGn/1OwiSQRJriDaMNz/ACuWLal0DciQpuk/S4YA/OmcpblUAAACBALa+Hs8RaMdE678WmygBGvI5B4Vm3WDMk+dIHC5oSLhp8uiRQ5/9Rmtn2XveYuaJjPdBrmxTiCoxSLJomvaxFR6T+kap3kZgL0rJ+JZa+JxKIM/iv/4fzjrUNIObwKpdYu9WzXbXkU2lA4z8Vc8IbVcHfoNlCXhALgMRsyPayWLQ root@tempest
-----END SSH HOST KEY KEYS-----
=== network info ===
if-info: lo,up,127.0.0.1,8,::1
if-info: eth0,up,,8,fe80::f816:3eff:fe84:611f
=== datasource: configdrive local ===
instance-id: 4042e980-9f22-4a50-b4cc-582679fc481a
name: tempest.common.compute-instance-1197555564
availability-zone: nova
local-hostname: tempest.common.compute-instance-1197555564.novalocal
launch-index: 0
=== cirros: current=0.3.4 uptime=201.34 ===
route: fscanf
=== pinging gateway failed, debugging connection ===
############ debug start ##############
### /etc/init.d/sshd start
Starting dropbear sshd: OK
route: fscanf
### ifconfig -a
eth0      Link encap:Ethernet  HWaddr FA:16:3E:84:61:1F  
          inet6 addr: fe80::f816:3eff:fe84:611f/64 Scope:Link
          UP BROADCAST RUNNING MULTICAST  MTU:1500  Metric:1
          RX packets:12 errors:0 dropped:5 overruns:0 frame:0
          TX packets:8 errors:0 dropped:0 overruns:0 carrier:0
          collisions:0 txqueuelen:1000 
          RX bytes:1303 (1.2 KiB)  TX bytes:1134 (1.1 KiB)

lo        Link encap:Local Loopback  
          inet addr:127.0.0.1  Mask:255.0.0.0
          inet6 addr: ::1/128 Scope:Host
          UP LOOPBACK RUNNING  MTU:16436  Metric:1
          RX packets:12 errors:0 dropped:0 overruns:0 frame:0
          TX packets:12 errors:0 dropped:0 overruns:0 carrier:0
          collisions:0 txqueuelen:0 
          RX bytes:1020 (1020.0 B)  TX bytes:1020 (1020.0 B)

### route -n
Kernel IP routing table
Destination     Gateway         Genmask         Flags Metric Ref    Use Iface
route: fscanf
### cat /etc/resolv.conf
cat: can't open '/etc/resolv.conf': No such file or directory
### gateway not found
/sbin/cirros-status: line 1: can't open /etc/resolv.conf: no such file
### pinging nameservers
### uname -a
Linux tempest 3.2.0-80-virtual #116-Ubuntu SMP Mon Mar 23 17:28:52 UTC 2015 x86_64 GNU/Linux
### lsmod
Module                  Size  Used by    Not tainted
nls_iso8859_1          12713  0 
nls_cp437              16991  0 
vfat                   17585  0 
fat                    61512  1 vfat
isofs                  40259  0 
ip_tables              27473  0 
x_tables               29891  1 ip_tables
pcnet32                42119  0 
8139cp                 27360  0 
ne2k_pci               13691  0 
8390                   18856  1 ne2k_pci
e1000                 108589  0 
acpiphp                24231  0 
### dmesg | tail
[    5.198384] EXT3-fs (vda): mounted filesystem with ordered data mode
[    5.507616] ISO 9660 Extensions: Microsoft Joliet Level 3
[    5.597368] ISO 9660 Extensions: RRIP_1991A
[    5.865525] kjournald starting.  Commit interval 5 seconds
[    5.878759] EXT3-fs (vda): using internal journal
[    5.878915] EXT3-fs (vda): mounted filesystem with ordered data mode
[    9.211347] EXT3-fs (vda): using internal journal
[   12.447637] ISO 9660 Extensions: Microsoft Joliet Level 3
[   12.533794] ISO 9660 Extensions: RRIP_1991A
[   26.963611] eth0: no IPv6 routers present
### tail -n 25 /var/log/messages
Dec  9 14:19:47 cirros kern.info kernel: [    4.705636] acpiphp: Slot [23] registered
Dec  9 14:19:47 cirros kern.info kernel: [    4.706170] acpiphp: Slot [24] registered
Dec  9 14:19:47 cirros kern.info kernel: [    4.706763] acpiphp: Slot [25] registered
Dec  9 14:19:47 cirros kern.info kernel: [    4.707253] acpiphp: Slot [26] registered
Dec  9 14:19:47 cirros kern.info kernel: [    4.707549] acpiphp: Slot [27] registered
Dec  9 14:19:47 cirros kern.info kernel: [    4.707841] acpiphp: Slot [28] registered
Dec  9 14:19:47 cirros kern.info kernel: [    4.708189] acpiphp: Slot [29] registered
Dec  9 14:19:47 cirros kern.info kernel: [    4.709885] acpiphp: Slot [30] registered
Dec  9 14:19:47 cirros kern.info kernel: [    4.710617] acpiphp: Slot [31] registered
Dec  9 14:19:47 cirros kern.info kernel: [    4.761453] e1000: Intel(R) PRO/1000 Network Driver - version 7.3.21-k8-NAPI
Dec  9 14:19:47 cirros kern.info kernel: [    4.761627] e1000: Copyright (c) 1999-2006 Intel Corporation.
Dec  9 14:19:47 cirros kern.info kernel: [    4.798791] ne2k-pci.c:v1.03 9/22/2003 D. Becker/P. Gortmaker
Dec  9 14:19:47 cirros kern.info kernel: [    4.837260] 8139cp: 8139cp: 10/100 PCI Ethernet driver v1.3 (Mar 22, 2004)
Dec  9 14:19:47 cirros kern.info kernel: [    4.883734] pcnet32: pcnet32.c:v1.35 21.Apr.2008 tsbogend@alpha.franken.de
Dec  9 14:19:47 cirros kern.info kernel: [    4.934248] ip_tables: (C) 2000-2006 Netfilter Core Team
Dec  9 14:19:47 cirros kern.info kernel: [    5.191250] kjournald starting.  Commit interval 5 seconds
Dec  9 14:19:47 cirros kern.info kernel: [    5.198384] EXT3-fs (vda): mounted filesystem with ordered data mode
Dec  9 14:19:47 cirros kern.debug kernel: [    5.507616] ISO 9660 Extensions: Microsoft Joliet Level 3
Dec  9 14:19:47 cirros kern.info kernel: [    5.878915] EXT3-fs (vda): mounted filesystem with ordered data mode
Dec  9 14:19:47 cirros kern.info kernel: [    9.211347] EXT3-fs (vda): using internal journal
Dec  9 14:19:49 cirros kern.debug kernel: [   12.447637] ISO 9660 Extensions: Microsoft Joliet Level 3
Dec  9 14:19:49 cirros kern.debug kernel: [   12.533794] ISO 9660 Extensions: RRIP_1991A
Dec  9 14:19:52 cirros auth.notice su: + /dev/console root:cirros
Dec  9 14:20:03 cirros kern.debug kernel: [   26.963611] eth0: no IPv6 routers present
Dec  9 14:22:55 cirros authpriv.info dropbear[283]: Running in background
############ debug end   ##############
  ____               ____  ____
 / __/ __ ____ ____ / __ \/ __/
/ /__ / // __// __// /_/ /\ \ 
\___//_//_/  /_/   \____/___/ 
   http://cirros-cloud.net


login as 'cirros' user. default password: 'cubswin:)'. use 'sudo' for root.
tempest login: 
2015-12-09 14:23:07,659 24454 INFO     [tempest_lib.common.rest_client] Request (TestGettingAddress:_run_cleanups): 204 DELETE http://10.0.2.15:9696/v2.0/floatingips/e2d5eb74-86bd-4829-b7f9-04b08b91c071 0.291s
2015-12-09 14:23:07,660 24454 DEBUG    [tempest_lib.common.rest_client] Request - Headers: {'Content-Type': 'application/json', 'Accept': 'application/json', 'X-Auth-Token': '&lt;omitted&gt;'}
        Body: None
    Response - Headers: {'date': 'Wed, 09 Dec 2015 14:23:07 GMT', 'status': '204', 'connection': 'close', 'content-length': '0', 'x-openstack-request-id': 'req-5b0a9791-00da-418a-8cac-31cc292670ef'}
        Body: 
2015-12-09 14:23:07,878 24454 INFO     [tempest_lib.common.rest_client] Request (TestGettingAddress:_run_cleanups): 204 DELETE http://10.0.2.15:8774/v2.1/196ff80337b9465ebf4b7dbc8db3b4e2/servers/4042e980-9f22-4a50-b4cc-582679fc481a 0.217s
2015-12-09 14:23:07,878 24454 DEBUG    [tempest_lib.common.rest_client] Request - Headers: {'Content-Type': 'application/json', 'Accept': 'application/json', 'X-Auth-Token': '&lt;omitted&gt;'}
        Body: None
    Response - Headers: {'status': '204', 'content-length': '0', 'x-compute-request-id': 'req-3027e74b-dd3f-4b27-933c-5191e02e71fd', 'vary': 'X-OpenStack-Nova-API-Version', 'connection': 'close', 'x-openstack-nova-api-version': '2.1', 'date': 'Wed, 09 Dec 2015 14:23:07 GMT', 'content-type': 'application/json'}
        Body: 
2015-12-09 14:23:08,156 24454 INFO     [tempest_lib.common.rest_client] Request (TestGettingAddress:_run_cleanups): 200 GET http://10.0.2.15:8774/v2.1/196ff80337b9465ebf4b7dbc8db3b4e2/servers/4042e980-9f22-4a50-b4cc-582679fc481a 0.277s
2015-12-09 14:23:08,156 24454 DEBUG    [tempest_lib.common.rest_client] Request - Headers: {'Content-Type': 'application/json', 'Accept': 'application/json', 'X-Auth-Token': '&lt;omitted&gt;'}
        Body: None
    Response - Headers: {'status': '200', 'content-length': '1903', 'content-location': 'http://10.0.2.15:8774/v2.1/196ff80337b9465ebf4b7dbc8db3b4e2/servers/4042e980-9f22-4a50-b4cc-582679fc481a', 'x-compute-request-id': 'req-83887672-0979-4893-b9a2-06f7e8e170d1', 'vary': 'X-OpenStack-Nova-API-Version', 'connection': 'close', 'x-openstack-nova-api-version': '2.1', 'date': 'Wed, 09 Dec 2015 14:23:08 GMT', 'content-type': 'application/json'}
        Body: {"server": {"status": "ACTIVE", "updated": "2015-12-09T14:23:07Z", "hostId": "792f194000bc9b4664c11ab52295a3871ee8876fa2a4e8661d47511c", "addresses": {"tempest-network-smoke--1798673034": [{"OS-EXT-IPS-MAC:mac_addr": "fa:16:3e:84:61:1f", "version": 4, "addr": "10.100.0.3", "OS-EXT-IPS:type": "fixed"}, {"OS-EXT-IPS-MAC:mac_addr": "fa:16:3e:84:61:1f", "version": 6, "addr": "2003::f816:3eff:fe84:611f", "OS-EXT-IPS:type": "fixed"}, {"OS-EXT-IPS-MAC:mac_addr": "fa:16:3e:84:61:1f", "version": 4, "addr": "172.24.4.4", "OS-EXT-IPS:type": "floating"}]}, "links": [{"href": "http://10.0.2.15:8774/v2.1/196ff80337b9465ebf4b7dbc8db3b4e2/servers/4042e980-9f22-4a50-b4cc-582679fc481a", "rel": "self"}, {"href": "http://10.0.2.15:8774/196ff80337b9465ebf4b7dbc8db3b4e2/servers/4042e980-9f22-4a50-b4cc-582679fc481a", "rel": "bookmark"}], "key_name": "tempest-TestGettingAddress-183511493", "image": {"id": "0faaf1f6-18c9-4a2e-8a28-f13587a88fb4", "links": [{"href": "http://10.0.2.15:8774/196ff80337b9465ebf4b7dbc8db3b4e2/images/0faaf1f6-18c9-4a2e-8a28-f13587a88fb4", "rel": "bookmark"}]}, "OS-EXT-STS:task_state": "deleting", "OS-EXT-STS:vm_state": "active", "OS-SRV-USG:launched_at": "2015-12-09T14:19:33.000000", "flavor": {"id": "42", "links": [{"href": "http://10.0.2.15:8774/196ff80337b9465ebf4b7dbc8db3b4e2/flavors/42", "rel": "bookmark"}]}, "id": "4042e980-9f22-4a50-b4cc-582679fc481a", "security_groups": [{"name": "tempest-secgroup-smoke-546946895"}], "OS-SRV-USG:terminated_at": null, "OS-EXT-AZ:availability_zone": "nova", "user_id": "008d3cf76bee4622b3a6baa1b0d0bc88", "name": "tempest.common.compute-instance-1197555564", "created": "2015-12-09T14:19:29Z", "tenant_id": "196ff80337b9465ebf4b7dbc8db3b4e2", "OS-DCF:diskConfig": "MANUAL", "os-extended-volumes:volumes_attached": [], "accessIPv4": "", "accessIPv6": "", "progress": 0, "OS-EXT-STS:power_state": 1, "config_drive": "True", "metadata": {}}}
2015-12-09 14:23:09,319 24454 INFO     [tempest_lib.common.rest_client] Request (TestGettingAddress:_run_cleanups): 200 GET http://10.0.2.15:8774/v2.1/196ff80337b9465ebf4b7dbc8db3b4e2/servers/4042e980-9f22-4a50-b4cc-582679fc481a 0.150s
2015-12-09 14:23:09,320 24454 DEBUG    [tempest_lib.common.rest_client] Request - Headers: {'Content-Type': 'application/json', 'Accept': 'application/json', 'X-Auth-Token': '&lt;omitted&gt;'}
        Body: None
    Response - Headers: {'status': '200', 'content-length': '1836', 'content-location': 'http://10.0.2.15:8774/v2.1/196ff80337b9465ebf4b7dbc8db3b4e2/servers/4042e980-9f22-4a50-b4cc-582679fc481a', 'x-compute-request-id': 'req-44f3426e-22ae-4f07-8ae9-70f24f4f4273', 'vary': 'X-OpenStack-Nova-API-Version', 'connection': 'close', 'x-openstack-nova-api-version': '2.1', 'date': 'Wed, 09 Dec 2015 14:23:09 GMT', 'content-type': 'application/json'}
        Body: {"server": {"status": "ACTIVE", "updated": "2015-12-09T14:23:08Z", "hostId": "792f194000bc9b4664c11ab52295a3871ee8876fa2a4e8661d47511c", "addresses": {"tempest-network-smoke--1798673034": [{"OS-EXT-IPS-MAC:mac_addr": "fa:16:3e:84:61:1f", "version": 4, "addr": "10.100.0.3", "OS-EXT-IPS:type": "fixed"}, {"OS-EXT-IPS-MAC:mac_addr": "fa:16:3e:84:61:1f", "version": 6, "addr": "2003::f816:3eff:fe84:611f", "OS-EXT-IPS:type": "fixed"}, {"OS-EXT-IPS-MAC:mac_addr": "fa:16:3e:84:61:1f", "version": 4, "addr": "172.24.4.4", "OS-EXT-IPS:type": "floating"}]}, "links": [{"href": "http://10.0.2.15:8774/v2.1/196ff80337b9465ebf4b7dbc8db3b4e2/servers/4042e980-9f22-4a50-b4cc-582679fc481a", "rel": "self"}, {"href": "http://10.0.2.15:8774/196ff80337b9465ebf4b7dbc8db3b4e2/servers/4042e980-9f22-4a50-b4cc-582679fc481a", "rel": "bookmark"}], "key_name": "tempest-TestGettingAddress-183511493", "image": {"id": "0faaf1f6-18c9-4a2e-8a28-f13587a88fb4", "links": [{"href": "http://10.0.2.15:8774/196ff80337b9465ebf4b7dbc8db3b4e2/images/0faaf1f6-18c9-4a2e-8a28-f13587a88fb4", "rel": "bookmark"}]}, "OS-EXT-STS:task_state": "deleting", "OS-EXT-STS:vm_state": "active", "OS-SRV-USG:launched_at": "2015-12-09T14:19:33.000000", "flavor": {"id": "42", "links": [{"href": "http://10.0.2.15:8774/196ff80337b9465ebf4b7dbc8db3b4e2/flavors/42", "rel": "bookmark"}]}, "id": "4042e980-9f22-4a50-b4cc-582679fc481a", "OS-SRV-USG:terminated_at": null, "OS-EXT-AZ:availability_zone": "nova", "user_id": "008d3cf76bee4622b3a6baa1b0d0bc88", "name": "tempest.common.compute-instance-1197555564", "created": "2015-12-09T14:19:29Z", "tenant_id": "196ff80337b9465ebf4b7dbc8db3b4e2", "OS-DCF:diskConfig": "MANUAL", "os-extended-volumes:volumes_attached": [], "accessIPv4": "", "accessIPv6": "", "progress": 0, "OS-EXT-STS:power_state": 1, "config_drive": "True", "metadata": {}}}
2015-12-09 14:23:10,420 24454 INFO     [tempest_lib.common.rest_client] Request (TestGettingAddress:_run_cleanups): 404 GET http://10.0.2.15:8774/v2.1/196ff80337b9465ebf4b7dbc8db3b4e2/servers/4042e980-9f22-4a50-b4cc-582679fc481a 0.090s
2015-12-09 14:23:10,421 24454 DEBUG    [tempest_lib.common.rest_client] Request - Headers: {'Content-Type': 'application/json', 'Accept': 'application/json', 'X-Auth-Token': '&lt;omitted&gt;'}
        Body: None
    Response - Headers: {'status': '404', 'content-length': '111', 'x-compute-request-id': 'req-c10ba734-7f9a-4ba6-8059-3518c7890618', 'vary': 'X-OpenStack-Nova-API-Version', 'connection': 'close', 'x-openstack-nova-api-version': '2.1', 'date': 'Wed, 09 Dec 2015 14:23:10 GMT', 'content-type': 'application/json; charset=UTF-8'}
        Body: {"itemNotFound": {"message": "Instance 4042e980-9f22-4a50-b4cc-582679fc481a could not be found.", "code": 404}}
2015-12-09 14:23:10,889 24454 INFO     [tempest_lib.common.rest_client] Request (TestGettingAddress:_run_cleanups): 200 PUT http://10.0.2.15:9696/v2.0/routers/cbbbfbe5-0a9c-463f-9be0-84e7871a0e50/remove_router_interface 0.466s
2015-12-09 14:23:10,889 24454 DEBUG    [tempest_lib.common.rest_client] Request - Headers: {'Content-Type': 'application/json', 'Accept': 'application/json', 'X-Auth-Token': '&lt;omitted&gt;'}
        Body: {"subnet_id": "b9fb2e3c-59c0-423f-ad5a-ae3fd9945269"}
    Response - Headers: {'status': '200', 'content-length': '255', 'connection': 'close', 'date': 'Wed, 09 Dec 2015 14:23:10 GMT', 'content-type': 'application/json; charset=UTF-8', 'x-openstack-request-id': 'req-60ef5dc9-d670-4740-a79b-3af17fb8dcad'}
        Body: {"subnet_id": "b9fb2e3c-59c0-423f-ad5a-ae3fd9945269", "tenant_id": "196ff80337b9465ebf4b7dbc8db3b4e2", "subnet_ids": ["b9fb2e3c-59c0-423f-ad5a-ae3fd9945269"], "port_id": "73b69d10-aec9-4624-a2f1-f79404578bdb", "id": "cbbbfbe5-0a9c-463f-9be0-84e7871a0e50"}
2015-12-09 14:23:11,495 24454 INFO     [tempest_lib.common.rest_client] Request (TestGettingAddress:_run_cleanups): 204 DELETE http://10.0.2.15:9696/v2.0/subnets/b9fb2e3c-59c0-423f-ad5a-ae3fd9945269 0.604s
2015-12-09 14:23:11,495 24454 DEBUG    [tempest_lib.common.rest_client] Request - Headers: {'Content-Type': 'application/json', 'Accept': 'application/json', 'X-Auth-Token': '&lt;omitted&gt;'}
        Body: None
    Response - Headers: {'date': 'Wed, 09 Dec 2015 14:23:11 GMT', 'status': '204', 'connection': 'close', 'content-length': '0', 'x-openstack-request-id': 'req-b38674f9-e997-4599-b7a6-ee4e39062d98'}
        Body: 
2015-12-09 14:23:11,531 24454 INFO     [tempest_lib.common.rest_client] Request (TestGettingAddress:_run_cleanups): 404 DELETE http://10.0.2.15:9696/v2.0/subnets/b9fb2e3c-59c0-423f-ad5a-ae3fd9945269 0.035s
2015-12-09 14:23:11,531 24454 DEBUG    [tempest_lib.common.rest_client] Request - Headers: {'Content-Type': 'application/json', 'Accept': 'application/json', 'X-Auth-Token': '&lt;omitted&gt;'}
        Body: None
    Response - Headers: {'status': '404', 'content-length': '136', 'connection': 'close', 'date': 'Wed, 09 Dec 2015 14:23:11 GMT', 'content-type': 'application/json; charset=UTF-8', 'x-openstack-request-id': 'req-14c3f68d-f283-495d-98f4-b2f55e46fd4f'}
        Body: {"NeutronError": {"message": "Subnet b9fb2e3c-59c0-423f-ad5a-ae3fd9945269 could not be found.", "type": "SubnetNotFound", "detail": ""}}
