<?xml version="1.0" encoding="UTF-8"?>
<!DOCTYPE html PUBLIC "-//W3C//DTD XHTML 1.0 Strict//EN"
     "http://www.w3.org/TR/xhtml1/DTD/xhtml1-strict.dtd">
<html xmlns="http://www.w3.org/1999/xhtml">
<head>
    <title>Unit Test Report</title>
    <meta name="generator" content="subunit2html 0.1"/>
    <meta http-equiv="Content-Type" content="text/html; charset=UTF-8"/>
    
<style type="text/css" media="screen">
body        { font-family: verdana, arial, helvetica, sans-serif;
    font-size: 80%; }
table       { font-size: 100%; width: 100%;}
pre         { font-size: 80%; }

/* -- heading -------------------------------------------------------------- */
h1 {
        font-size: 16pt;
        color: gray;
}
.heading {
    margin-top: 0ex;
    margin-bottom: 1ex;
}

.heading .attribute {
    margin-top: 1ex;
    margin-bottom: 0;
}

.heading .description {
    margin-top: 4ex;
    margin-bottom: 6ex;
}

/* -- css div popup -------------------------------------------------------- */
a.popup_link {
}

a.popup_link:hover {
    color: red;
}

.popup_window {
    display: none;
    overflow-x: scroll;
    /*border: solid #627173 1px; */
    padding: 10px;
    background-color: #E6E6D6;
    font-family: "Ubuntu Mono", "Lucida Console", "Courier New", monospace;
    text-align: left;
    font-size: 8pt;
}

}
/* -- report --------------------------------------------------------------- */
#show_detail_line {
    margin-top: 3ex;
    margin-bottom: 1ex;
}
#result_table {
    width: 100%;
    border-collapse: collapse;
    border: 1px solid #777;
}
#header_row {
    font-weight: bold;
    color: white;
    background-color: #777;
}
#result_table td {
    border: 1px solid #777;
    padding: 2px;
}
#total_row  { font-weight: bold; }
.passClass  { background-color: #6c6; }
.failClass  { background-color: #c60; }
.errorClass { background-color: #c00; }
.passCase   { color: #6c6; }
.failCase   { color: #c60; font-weight: bold; }
.errorCase  { color: #c00; font-weight: bold; }
.hiddenRow  { display: none; }
.testcase   { margin-left: 2em; }
td.testname {width: 40%}
td.small {width: 40px}

/* -- ending --------------------------------------------------------------- */
#ending {
}

</style>

</head>
<body>
<script language="javascript" type="text/javascript"><!--
output_list = Array();

/* level - 0:Summary; 1:Failed; 2:All */
function showCase(level) {
    trs = document.getElementsByTagName("tr");
    for (var i = 0; i < trs.length; i++) {
        tr = trs[i];
        id = tr.id;
        if (id.substr(0,2) == 'ft') {
            if (level < 1) {
                tr.className = 'hiddenRow';
            }
            else {
                tr.className = '';
            }
        }
        if (id.substr(0,2) == 'pt') {
            if (level > 1) {
                tr.className = '';
            }
            else {
                tr.className = 'hiddenRow';
            }
        }
    }
}


function showClassDetail(cid, count) {
    var id_list = Array(count);
    var toHide = 1;
    for (var i = 0; i < count; i++) {
        tid0 = 't' + cid.substr(1) + '.' + (i+1);
        tid = 'f' + tid0;
        tr = document.getElementById(tid);
        if (!tr) {
            tid = 'p' + tid0;
            tr = document.getElementById(tid);
        }
        id_list[i] = tid;
        if (tr.className) {
            toHide = 0;
        }
    }
    for (var i = 0; i < count; i++) {
        tid = id_list[i];
        if (toHide) {
            document.getElementById('div_'+tid).style.display = 'none'
            document.getElementById(tid).className = 'hiddenRow';
        }
        else {
            document.getElementById(tid).className = '';
        }
    }
}


function showTestDetail(div_id){
    var details_div = document.getElementById(div_id)
    var displayState = details_div.style.display
    // alert(displayState)
    if (displayState != 'block' ) {
        displayState = 'block'
        details_div.style.display = 'block'
    }
    else {
        details_div.style.display = 'none'
    }
}


function html_escape(s) {
    s = s.replace(/&/g,'&amp;');
    s = s.replace(/</g,'&lt;');
    s = s.replace(/>/g,'&gt;');
    return s;
}

/* obsoleted by detail in <div>
function showOutput(id, name) {
    var w = window.open("", //url
                    name,
                    "resizable,scrollbars,status,width=800,height=450");
    d = w.document;
    d.write("<pre>");
    d.write(html_escape(output_list[id]));
    d.write("\n");
    d.write("<a href='javascript:window.close()'>close</a>\n");
    d.write("</pre>\n");
    d.close();
}
*/
--></script>

<div class='heading'>
<h1>Unit Test Report</h1>

<p class='attribute'><strong>Status:</strong> Failure 8</p>

<p class='description'></p>
</div>



<p id='show_detail_line'>Show
<a href='javascript:showCase(0)'>Summary</a>
<a href='javascript:showCase(1)'>Failed</a>
<a href='javascript:showCase(2)'>All</a>
</p>
<table id='result_table'>
<colgroup>
<col align='left' />
<col align='right' />
<col align='right' />
<col align='right' />
<col align='right' />
<col align='right' />
<col align='right' />
<col align='right' />
</colgroup>
<tr id='header_row'>
    <td>Test Group/Test case</td>
    <td>Count</td>
    <td>Pass</td>
    <td>Fail</td>
    <td>Error</td>
    <td>Skip</td>
    <td>View</td>
    <td> </td>
</tr>

<tr class='failClass'>
    <td class="testname">tempest.scenario.test_network_v6.TestGettingAddress</td>
    <td class="small">8</td>
    <td class="small">0</td>
    <td class="small">8</td>
    <td class="small">0</td>
    <td class="small">0</td>
    <td class="small"><a href="javascript:showClassDetail('c1',8)"
>Detail</a></td>
    <td> </td>
</tr>

<tr id='ft1.1' class='none'>
    <td class='failCase'><div class='testcase'>test_dhcp6_stateless_from_os[compute,id-d7e1f858-187c-45a6-89c9-bdafde619a9f,network]</div></td>
    <td colspan='7' align='left'>

    <!--css div popup start-->
    <a class="popup_link" onfocus='this.blur();'
    href="javascript:showTestDetail('div_ft1.1')" >
        fail</a>

    <div id='div_ft1.1' class="popup_window">
        <div style='text-align: right; color:red;cursor:pointer'>
        <a onfocus='this.blur();'
onclick="document.getElementById('div_ft1.1').style.display = 'none' " >
           [x]</a>
        </div>
        <pre>
        
ft1.1: tempest.scenario.test_network_v6.TestGettingAddress.test_dhcp6_stateless_from_os[compute,id-d7e1f858-187c-45a6-89c9-bdafde619a9f,network]_StringException: Empty attachments:
  stderr
  stdout

pythonlogging:'': {{{
2015-12-07 02:48:49,478 20645 INFO     [tempest_lib.common.rest_client] Request (TestGettingAddress:setUp): 200 POST http://10.0.2.15:8774/v2.1/fc3a56952d0c46cb81913c152ea6b6db/os-keypairs 0.437s
2015-12-07 02:48:49,479 20645 DEBUG    [tempest_lib.common.rest_client] Request - Headers: {'Content-Type': 'application/json', 'Accept': 'application/json', 'X-Auth-Token': '&lt;omitted&gt;'}
        Body: {"keypair": {"name": "tempest-TestGettingAddress-1555635994"}}
    Response - Headers: {'status': '200', 'content-length': '2320', 'x-compute-request-id': 'req-57abd2b7-f818-4aec-b70c-77a4386d9353', 'vary': 'X-OpenStack-Nova-API-Version', 'connection': 'close', 'x-openstack-nova-api-version': '2.1', 'date': 'Mon, 07 Dec 2015 02:48:49 GMT', 'content-type': 'application/json'}
        Body: {"keypair": {"public_key": "ssh-rsa AAAAB3NzaC1yc2EAAAADAQABAAABAQDpvmFqCrpkqJ/imD7KpJ/e2oVpe/AnPAA+EhrmNApL67H/rDC1Y6RmftCLv28Cw9ZvDHvwB4SKnYrE/X2vwiB+S0FArrtx7p+7wn2pyn+p1SuOLcpHzpVlEctgbVwDBh0w7tFkiuoWDfpyaTg84k8y4lO2kZBLHHLA7vtytkyblOA0by9JFG05KqoQBD2hVeUf2/5PZ9P2H5HTa5tIfERaUvMvqQBJe+B1pn7kUN/n/LBwgODDVuGzoruyl6JACjjgeYPjHAgI4HXOP9DoFOlZPwtRxoKCaPFeFfsAvvgjPUdZ8BMxFeoHAIZx1uYwaQkKEjvwT5e7Qdf5sB7ZKZf9 Generated-by-Nova", "private_key": "-----BEGIN RSA PRIVATE KEY-----\nMIIEqQIBAAKCAQEA6b5hagq6ZKif4pg+yqSf3tqFaXvwJzwAPhIa5jQKS+ux/6ww\ntWOkZn7Qi79vAsPWbwx78AeEip2KxP19r8IgfktBQK67ce6fu8J9qcp/qdUrji3K\nR86VZRHLYG1cAwYdMO7RZIrqFg36cmk4POJPMuJTtpGQSxxywO77crZMm5TgNG8v\nSRRtOSqqEAQ9oVXlH9v+T2fT9h+R02ubSHxEWlLzL6kASXvgdaZ+5FDf5/ywcIDg\nw1bhs6K7speiQAo44HmD4xwICOB1zj/Q6BTpWT8LUcaCgmjxXhX7AL74Iz1HWfAT\nMRXqBwCGcdbmMGkJChI78E+Xu0HX+bAe2SmX/QIDAQABAoIBAQDJUd4ZNVBA7jN3\nOOWsJ4pCqTeLGOJJCJa032cnqt7LcR+INEhnkoDAfq0kECeO3BnO35PHstHnibVB\n4YrlXHAcFrkG+vgbMwmE8AjHus+l+SJgfPPiUP2/ZUojrU04lYWC5c6XqEXh5Pw2\nmoWDeu/3xZOQhWMgLkpv/eW4cWcd/8CDRm1OKywjcvkuMc1IGGrvCvtNBnksDA/g\neumNiR1DnFTWgIZk6qiMc5j6PNF0L4e9w7lLQyDEIA5rxQTefEnZ0d5njMnXKxwz\nj3v4MlIdkbBJYkxQs+jkqrkyp3flRn+HJJD3ePcjN3ZEO+okhtmY1W4xCJLs9g89\nPQ91GjqBAoIAgQDwiLr5VnvWxD/h6fjkblA+4PPuS5n7tnADCThZ1Ify9G7xrPh9\nskAUCZpnlVIJLYUGq/qhUTq1FUt50EeNjZsur6re8gStVsWx1v+Vq5tszK/4fy65\nX9M/DiDKJXaQkVuqxMiqfnspBB5Ju0GhoE7cJGn/7ik083iNwHRbm4QwEQKCAIEA\n+MXgos97RSUXNPRVOM8AcoAUShEX82UPaEYHWDx+XCutYXAEF38cK/U0DwvGKGxB\nkPsaz4crjIHkREU4qqw+Ce+pzrlBlKzgJRvswbNTVYcbu3MYRbcpEZQSHh6XxRyb\nAutAdiYzZDojo35mG6Sydh3V/bNCYxT0Yi6n30b/1S0CggCADLiOeuVSA1e5sS74\nlMwovkqTXATvjdpmLiLssgOFdRnsTCfDtJIaxXSEj/nbrtSTdnjd9m4fVrhbl4Om\nZRwaGuv7c3MFQE2YgwFF3xqGS8i/fbrsM62XtHwAy/ATRy4I1Q03N50c0lx/ZZLb\ns7qQsR/T408rKru9onGNNdMRuKECggCAaN+ib4BgSynzupM2ShiZ66sq4n6KRkVY\nVXEQL5Zw/pI7KVR7pRwk2DMqmx0vkGLy0RfKmao2JamsfUthNDIghTfPsiJPD0pB\nw+Md0Bq1Ct1GR6Ohm+I3If32FVR4TtRcVMKwDh7Uk3AfDhF/IjAwO7MgPy+O0Q5I\naAubIXlg6JECggCBALetdMcuunOBRx67PqtOGYTLvZpNg+rxopq4KR2gScUErp1c\nYJPHLMO6k6r4rwB1gsw6upjbhuGFkA+hH3jPX6alXOFCz/Nf2RmN5w1zj2jPBsto\n91ZnB54HwVPjz5y136Ic5lu33Xex3hINdmZbFuYU5tUJ3YZDdlZMnG4QWaq6\n-----END RSA PRIVATE KEY-----\n", "user_id": "b69b035041e3499f953de0cae56e5da1", "name": "tempest-TestGettingAddress-1555635994", "fingerprint": "f5:39:e5:20:65:7d:49:35:c6:3f:5d:2b:7b:27:4f:98"}}
2015-12-07 02:48:49,828 20645 INFO     [tempest_lib.common.rest_client] Request (TestGettingAddress:setUp): 201 POST http://10.0.2.15:9696/v2.0/security-groups 0.343s
2015-12-07 02:48:49,829 20645 DEBUG    [tempest_lib.common.rest_client] Request - Headers: {'Content-Type': 'application/json', 'Accept': 'application/json', 'X-Auth-Token': '&lt;omitted&gt;'}
        Body: {"security_group": {"tenant_id": "fc3a56952d0c46cb81913c152ea6b6db", "description": "tempest-secgroup-smoke-463178220 description", "name": "tempest-secgroup-smoke-463178220"}}
    Response - Headers: {'status': '201', 'content-length': '886', 'connection': 'close', 'date': 'Mon, 07 Dec 2015 02:48:49 GMT', 'content-type': 'application/json; charset=UTF-8', 'x-openstack-request-id': 'req-72a701b7-3b57-4de9-9142-0d9951d813cb'}
        Body: {"security_group": {"tenant_id": "fc3a56952d0c46cb81913c152ea6b6db", "description": "tempest-secgroup-smoke-463178220 description", "id": "43bd231c-8444-4013-a840-2aa8a80c2e4c", "security_group_rules": [{"remote_group_id": null, "direction": "egress", "remote_ip_prefix": null, "protocol": null, "ethertype": "IPv4", "tenant_id": "fc3a56952d0c46cb81913c152ea6b6db", "port_range_max": null, "port_range_min": null, "id": "16277e9d-cb97-4557-a36e-dc74a06030c9", "security_group_id": "43bd231c-8444-4013-a840-2aa8a80c2e4c"}, {"remote_group_id": null, "direction": "egress", "remote_ip_prefix": null, "protocol": null, "ethertype": "IPv6", "tenant_id": "fc3a56952d0c46cb81913c152ea6b6db", "port_range_max": null, "port_range_min": null, "id": "8bce8d56-0c6d-41e2-b987-af05068fe955", "security_group_id": "43bd231c-8444-4013-a840-2aa8a80c2e4c"}], "name": "tempest-secgroup-smoke-463178220"}}
2015-12-07 02:48:49,956 20645 INFO     [tempest_lib.common.rest_client] Request (TestGettingAddress:setUp): 201 POST http://10.0.2.15:9696/v2.0/security-group-rules 0.126s
2015-12-07 02:48:49,957 20645 DEBUG    [tempest_lib.common.rest_client] Request - Headers: {'Content-Type': 'application/json', 'Accept': 'application/json', 'X-Auth-Token': '&lt;omitted&gt;'}
        Body: {"security_group_rule": {"direction": "ingress", "protocol": "tcp", "tenant_id": "fc3a56952d0c46cb81913c152ea6b6db", "port_range_max": 22, "security_group_id": "43bd231c-8444-4013-a840-2aa8a80c2e4c", "port_range_min": 22}}
    Response - Headers: {'status': '201', 'content-length': '340', 'connection': 'close', 'date': 'Mon, 07 Dec 2015 02:48:49 GMT', 'content-type': 'application/json; charset=UTF-8', 'x-openstack-request-id': 'req-74598653-c661-4d20-b97d-edb0e40e952d'}
        Body: {"security_group_rule": {"remote_group_id": null, "direction": "ingress", "remote_ip_prefix": null, "protocol": "tcp", "ethertype": "IPv4", "tenant_id": "fc3a56952d0c46cb81913c152ea6b6db", "port_range_max": 22, "port_range_min": 22, "id": "7475d519-d9a9-4a08-a5d7-094bdb9d0073", "security_group_id": "43bd231c-8444-4013-a840-2aa8a80c2e4c"}}
2015-12-07 02:48:50,082 20645 INFO     [tempest_lib.common.rest_client] Request (TestGettingAddress:setUp): 201 POST http://10.0.2.15:9696/v2.0/security-group-rules 0.124s
2015-12-07 02:48:50,083 20645 DEBUG    [tempest_lib.common.rest_client] Request - Headers: {'Content-Type': 'application/json', 'Accept': 'application/json', 'X-Auth-Token': '&lt;omitted&gt;'}
        Body: {"security_group_rule": {"direction": "egress", "protocol": "tcp", "tenant_id": "fc3a56952d0c46cb81913c152ea6b6db", "port_range_max": 22, "security_group_id": "43bd231c-8444-4013-a840-2aa8a80c2e4c", "port_range_min": 22}}
    Response - Headers: {'status': '201', 'content-length': '339', 'connection': 'close', 'date': 'Mon, 07 Dec 2015 02:48:50 GMT', 'content-type': 'application/json; charset=UTF-8', 'x-openstack-request-id': 'req-68ce03e9-c4cc-409b-83df-aa5c80af29d2'}
        Body: {"security_group_rule": {"remote_group_id": null, "direction": "egress", "remote_ip_prefix": null, "protocol": "tcp", "ethertype": "IPv4", "tenant_id": "fc3a56952d0c46cb81913c152ea6b6db", "port_range_max": 22, "port_range_min": 22, "id": "99843f7d-baeb-4c13-bfec-27a8e2d6f184", "security_group_id": "43bd231c-8444-4013-a840-2aa8a80c2e4c"}}
2015-12-07 02:48:50,337 20645 INFO     [tempest_lib.common.rest_client] Request (TestGettingAddress:setUp): 201 POST http://10.0.2.15:9696/v2.0/security-group-rules 0.253s
2015-12-07 02:48:50,338 20645 DEBUG    [tempest_lib.common.rest_client] Request - Headers: {'Content-Type': 'application/json', 'Accept': 'application/json', 'X-Auth-Token': '&lt;omitted&gt;'}
        Body: {"security_group_rule": {"tenant_id": "fc3a56952d0c46cb81913c152ea6b6db", "direction": "ingress", "protocol": "icmp", "security_group_id": "43bd231c-8444-4013-a840-2aa8a80c2e4c"}}
    Response - Headers: {'status': '201', 'content-length': '345', 'connection': 'close', 'date': 'Mon, 07 Dec 2015 02:48:50 GMT', 'content-type': 'application/json; charset=UTF-8', 'x-openstack-request-id': 'req-d1d3cb9f-c057-4529-b3de-fda46acf340e'}
        Body: {"security_group_rule": {"remote_group_id": null, "direction": "ingress", "remote_ip_prefix": null, "protocol": "icmp", "ethertype": "IPv4", "tenant_id": "fc3a56952d0c46cb81913c152ea6b6db", "port_range_max": null, "port_range_min": null, "id": "336e65fd-707d-428b-9b11-a1fe04d26e05", "security_group_id": "43bd231c-8444-4013-a840-2aa8a80c2e4c"}}
2015-12-07 02:48:50,452 20645 INFO     [tempest_lib.common.rest_client] Request (TestGettingAddress:setUp): 201 POST http://10.0.2.15:9696/v2.0/security-group-rules 0.112s
2015-12-07 02:48:50,453 20645 DEBUG    [tempest_lib.common.rest_client] Request - Headers: {'Content-Type': 'application/json', 'Accept': 'application/json', 'X-Auth-Token': '&lt;omitted&gt;'}
        Body: {"security_group_rule": {"tenant_id": "fc3a56952d0c46cb81913c152ea6b6db", "direction": "egress", "protocol": "icmp", "security_group_id": "43bd231c-8444-4013-a840-2aa8a80c2e4c"}}
    Response - Headers: {'status': '201', 'content-length': '344', 'connection': 'close', 'date': 'Mon, 07 Dec 2015 02:48:50 GMT', 'content-type': 'application/json; charset=UTF-8', 'x-openstack-request-id': 'req-6c08d4aa-e5f8-4743-acb4-ac7caf245300'}
        Body: {"security_group_rule": {"remote_group_id": null, "direction": "egress", "remote_ip_prefix": null, "protocol": "icmp", "ethertype": "IPv4", "tenant_id": "fc3a56952d0c46cb81913c152ea6b6db", "port_range_max": null, "port_range_min": null, "id": "5af8ab1d-62ac-4707-87ad-9f51c39e5386", "security_group_id": "43bd231c-8444-4013-a840-2aa8a80c2e4c"}}
2015-12-07 02:48:50,580 20645 INFO     [tempest_lib.common.rest_client] Request (TestGettingAddress:setUp): 201 POST http://10.0.2.15:9696/v2.0/security-group-rules 0.125s
2015-12-07 02:48:50,580 20645 DEBUG    [tempest_lib.common.rest_client] Request - Headers: {'Content-Type': 'application/json', 'Accept': 'application/json', 'X-Auth-Token': '&lt;omitted&gt;'}
        Body: {"security_group_rule": {"tenant_id": "fc3a56952d0c46cb81913c152ea6b6db", "direction": "ingress", "security_group_id": "43bd231c-8444-4013-a840-2aa8a80c2e4c", "protocol": "icmp", "ethertype": "IPv6"}}
    Response - Headers: {'status': '201', 'content-length': '345', 'connection': 'close', 'date': 'Mon, 07 Dec 2015 02:48:50 GMT', 'content-type': 'application/json; charset=UTF-8', 'x-openstack-request-id': 'req-4b94fa91-1cc7-4364-8427-1e8f52be1868'}
        Body: {"security_group_rule": {"remote_group_id": null, "direction": "ingress", "remote_ip_prefix": null, "protocol": "icmp", "ethertype": "IPv6", "tenant_id": "fc3a56952d0c46cb81913c152ea6b6db", "port_range_max": null, "port_range_min": null, "id": "8921a8d5-5a16-4d12-8a2b-50f2e8a4df3c", "security_group_id": "43bd231c-8444-4013-a840-2aa8a80c2e4c"}}
2015-12-07 02:48:50,705 20645 INFO     [tempest_lib.common.rest_client] Request (TestGettingAddress:setUp): 201 POST http://10.0.2.15:9696/v2.0/security-group-rules 0.123s
2015-12-07 02:48:50,705 20645 DEBUG    [tempest_lib.common.rest_client] Request - Headers: {'Content-Type': 'application/json', 'Accept': 'application/json', 'X-Auth-Token': '&lt;omitted&gt;'}
        Body: {"security_group_rule": {"tenant_id": "fc3a56952d0c46cb81913c152ea6b6db", "direction": "egress", "security_group_id": "43bd231c-8444-4013-a840-2aa8a80c2e4c", "protocol": "icmp", "ethertype": "IPv6"}}
    Response - Headers: {'status': '201', 'content-length': '344', 'connection': 'close', 'date': 'Mon, 07 Dec 2015 02:48:50 GMT', 'content-type': 'application/json; charset=UTF-8', 'x-openstack-request-id': 'req-627154b9-0231-433e-aa2c-1c445e6c04e0'}
        Body: {"security_group_rule": {"remote_group_id": null, "direction": "egress", "remote_ip_prefix": null, "protocol": "icmp", "ethertype": "IPv6", "tenant_id": "fc3a56952d0c46cb81913c152ea6b6db", "port_range_max": null, "port_range_min": null, "id": "ba423c77-9934-4766-a918-175d76007d86", "security_group_id": "43bd231c-8444-4013-a840-2aa8a80c2e4c"}}
2015-12-07 02:48:50,891 20645 INFO     [tempest_lib.common.rest_client] Request (TestGettingAddress:test_dhcp6_stateless_from_os): 201 POST http://10.0.2.15:9696/v2.0/networks 0.184s
2015-12-07 02:48:50,891 20645 DEBUG    [tempest_lib.common.rest_client] Request - Headers: {'Content-Type': 'application/json', 'Accept': 'application/json', 'X-Auth-Token': '&lt;omitted&gt;'}
        Body: {"network": {"tenant_id": "fc3a56952d0c46cb81913c152ea6b6db", "name": "tempest-network-smoke--909949862"}}
    Response - Headers: {'status': '201', 'content-length': '328', 'connection': 'close', 'date': 'Mon, 07 Dec 2015 02:48:50 GMT', 'content-type': 'application/json; charset=UTF-8', 'x-openstack-request-id': 'req-2d95917c-e1b8-4733-9321-4365e2cbb0c6'}
        Body: {"network": {"status": "ACTIVE", "subnets": [], "availability_zone_hints": "[]", "name": "tempest-network-smoke--909949862", "admin_state_up": true, "tenant_id": "fc3a56952d0c46cb81913c152ea6b6db", "mtu": 0, "router:external": false, "shared": false, "port_security_enabled": true, "id": "e44afbd1-272b-4ca4-a8a3-3bd31a805401"}}
2015-12-07 02:48:51,070 20645 INFO     [tempest_lib.common.rest_client] Request (TestGettingAddress:test_dhcp6_stateless_from_os): 200 GET http://10.0.2.15:9696/v2.0/subnets?tenant_id=fc3a56952d0c46cb81913c152ea6b6db&amp;cidr=10.100.0.0%2F28 0.177s
2015-12-07 02:48:51,070 20645 DEBUG    [tempest_lib.common.rest_client] Request - Headers: {'Content-Type': 'application/json', 'Accept': 'application/json', 'X-Auth-Token': '&lt;omitted&gt;'}
        Body: None
    Response - Headers: {'status': '200', 'content-length': '15', 'content-location': 'http://10.0.2.15:9696/v2.0/subnets?tenant_id=fc3a56952d0c46cb81913c152ea6b6db&amp;cidr=10.100.0.0%2F28', 'connection': 'close', 'date': 'Mon, 07 Dec 2015 02:48:51 GMT', 'content-type': 'application/json; charset=UTF-8', 'x-openstack-request-id': 'req-c53c4fbe-c168-4cee-9d9a-333f69a58d2d'}
        Body: {"subnets": []}
2015-12-07 02:48:51,431 20645 INFO     [tempest_lib.common.rest_client] Request (TestGettingAddress:test_dhcp6_stateless_from_os): 201 POST http://10.0.2.15:9696/v2.0/subnets 0.360s
2015-12-07 02:48:51,431 20645 DEBUG    [tempest_lib.common.rest_client] Request - Headers: {'Content-Type': 'application/json', 'Accept': 'application/json', 'X-Auth-Token': '&lt;omitted&gt;'}
        Body: {"subnet": {"ip_version": 4, "tenant_id": "fc3a56952d0c46cb81913c152ea6b6db", "cidr": "10.100.0.0/28", "network_id": "e44afbd1-272b-4ca4-a8a3-3bd31a805401", "name": "tempest-sub4-439527079"}}
    Response - Headers: {'status': '201', 'content-length': '469', 'connection': 'close', 'date': 'Mon, 07 Dec 2015 02:48:51 GMT', 'content-type': 'application/json; charset=UTF-8', 'x-openstack-request-id': 'req-add17550-272d-46dd-9e5a-8c8f99765ced'}
        Body: {"subnet": {"name": "tempest-sub4-439527079", "enable_dhcp": true, "network_id": "e44afbd1-272b-4ca4-a8a3-3bd31a805401", "tenant_id": "fc3a56952d0c46cb81913c152ea6b6db", "dns_nameservers": [], "gateway_ip": "10.100.0.1", "ipv6_ra_mode": null, "allocation_pools": [{"start": "10.100.0.2", "end": "10.100.0.14"}], "host_routes": [], "ip_version": 4, "ipv6_address_mode": null, "cidr": "10.100.0.0/28", "id": "2580fa4f-324e-496e-864d-b83e6fb2031f", "subnetpool_id": null}}
2015-12-07 02:48:51,503 20645 INFO     [tempest_lib.common.rest_client] Request (TestGettingAddress:test_dhcp6_stateless_from_os): 201 POST http://10.0.2.15:9696/v2.0/routers 0.071s
2015-12-07 02:48:51,503 20645 DEBUG    [tempest_lib.common.rest_client] Request - Headers: {'Content-Type': 'application/json', 'Accept': 'application/json', 'X-Auth-Token': '&lt;omitted&gt;'}
        Body: {"router": {"tenant_id": "fc3a56952d0c46cb81913c152ea6b6db", "name": "tempest-router-smoke-1687606677", "admin_state_up": true}}
    Response - Headers: {'status': '201', 'content-length': '296', 'connection': 'close', 'date': 'Mon, 07 Dec 2015 02:48:51 GMT', 'content-type': 'application/json; charset=UTF-8', 'x-openstack-request-id': 'req-80301735-4aba-4444-854c-008be10f5e19'}
        Body: {"router": {"status": "ACTIVE", "external_gateway_info": null, "availability_zone_hints": [], "availability_zones": [], "name": "tempest-router-smoke-1687606677", "admin_state_up": true, "tenant_id": "fc3a56952d0c46cb81913c152ea6b6db", "routes": [], "id": "4e1e48d3-eec6-4878-a1c2-0c29de7ccf79"}}
2015-12-07 02:48:51,551 20645 INFO     [tempest_lib.common.rest_client] Request (TestGettingAddress:test_dhcp6_stateless_from_os): 200 GET http://10.0.2.15:9696/v2.0/routers/4e1e48d3-eec6-4878-a1c2-0c29de7ccf79 0.047s
2015-12-07 02:48:51,552 20645 DEBUG    [tempest_lib.common.rest_client] Request - Headers: {'Content-Type': 'application/json', 'Accept': 'application/json', 'X-Auth-Token': '&lt;omitted&gt;'}
        Body: None
    Response - Headers: {'status': '200', 'content-length': '296', 'content-location': 'http://10.0.2.15:9696/v2.0/routers/4e1e48d3-eec6-4878-a1c2-0c29de7ccf79', 'connection': 'close', 'date': 'Mon, 07 Dec 2015 02:48:51 GMT', 'content-type': 'application/json; charset=UTF-8', 'x-openstack-request-id': 'req-59d625e4-e8ab-4bc1-b77b-bd4eff037d6f'}
        Body: {"router": {"status": "ACTIVE", "external_gateway_info": null, "availability_zone_hints": [], "availability_zones": [], "name": "tempest-router-smoke-1687606677", "admin_state_up": true, "tenant_id": "fc3a56952d0c46cb81913c152ea6b6db", "routes": [], "id": "4e1e48d3-eec6-4878-a1c2-0c29de7ccf79"}}
2015-12-07 02:48:52,415 20645 INFO     [tempest_lib.common.rest_client] Request (TestGettingAddress:test_dhcp6_stateless_from_os): 200 PUT http://10.0.2.15:9696/v2.0/routers/4e1e48d3-eec6-4878-a1c2-0c29de7ccf79 0.863s
2015-12-07 02:48:52,416 20645 DEBUG    [tempest_lib.common.rest_client] Request - Headers: {'Content-Type': 'application/json', 'Accept': 'application/json', 'X-Auth-Token': '&lt;omitted&gt;'}
        Body: {"router": {"external_gateway_info": {"network_id": "389053e1-8743-461b-bba5-12cb3ef53c43"}, "name": "tempest-router-smoke-1687606677", "admin_state_up": true}}
    Response - Headers: {'status': '200', 'content-length': '558', 'connection': 'close', 'date': 'Mon, 07 Dec 2015 02:48:52 GMT', 'content-type': 'application/json; charset=UTF-8', 'x-openstack-request-id': 'req-823add22-e71c-4eb2-844e-636001543357'}
        Body: {"router": {"status": "ACTIVE", "external_gateway_info": {"network_id": "389053e1-8743-461b-bba5-12cb3ef53c43", "enable_snat": true, "external_fixed_ips": [{"subnet_id": "35289cc1-2414-4054-bfe4-40d73a10c85d", "ip_address": "172.24.4.3"}, {"subnet_id": "fa606cb5-b00b-4de4-b772-70d7b0433338", "ip_address": "2001:db8::3"}]}, "availability_zone_hints": [], "availability_zones": [], "name": "tempest-router-smoke-1687606677", "admin_state_up": true, "tenant_id": "fc3a56952d0c46cb81913c152ea6b6db", "routes": [], "id": "4e1e48d3-eec6-4878-a1c2-0c29de7ccf79"}}
2015-12-07 02:48:53,149 20645 INFO     [tempest_lib.common.rest_client] Request (TestGettingAddress:test_dhcp6_stateless_from_os): 200 PUT http://10.0.2.15:9696/v2.0/routers/4e1e48d3-eec6-4878-a1c2-0c29de7ccf79/add_router_interface 0.732s
2015-12-07 02:48:53,149 20645 DEBUG    [tempest_lib.common.rest_client] Request - Headers: {'Content-Type': 'application/json', 'Accept': 'application/json', 'X-Auth-Token': '&lt;omitted&gt;'}
        Body: {"subnet_id": "2580fa4f-324e-496e-864d-b83e6fb2031f"}
    Response - Headers: {'status': '200', 'content-length': '255', 'connection': 'close', 'date': 'Mon, 07 Dec 2015 02:48:53 GMT', 'content-type': 'application/json; charset=UTF-8', 'x-openstack-request-id': 'req-c7d3b39e-4820-42a2-a6ef-2e8e20bde20c'}
        Body: {"subnet_id": "2580fa4f-324e-496e-864d-b83e6fb2031f", "tenant_id": "fc3a56952d0c46cb81913c152ea6b6db", "subnet_ids": ["2580fa4f-324e-496e-864d-b83e6fb2031f"], "port_id": "7982b426-5773-4c4e-9476-bddb47a39f67", "id": "4e1e48d3-eec6-4878-a1c2-0c29de7ccf79"}
2015-12-07 02:48:53,341 20645 INFO     [tempest_lib.common.rest_client] Request (TestGettingAddress:test_dhcp6_stateless_from_os): 200 GET http://10.0.2.15:9696/v2.0/subnets?tenant_id=fc3a56952d0c46cb81913c152ea6b6db&amp;cidr=2003%3A%3A%2F64 0.191s
2015-12-07 02:48:53,342 20645 DEBUG    [tempest_lib.common.rest_client] Request - Headers: {'Content-Type': 'application/json', 'Accept': 'application/json', 'X-Auth-Token': '&lt;omitted&gt;'}
        Body: None
    Response - Headers: {'status': '200', 'content-length': '15', 'content-location': 'http://10.0.2.15:9696/v2.0/subnets?tenant_id=fc3a56952d0c46cb81913c152ea6b6db&amp;cidr=2003%3A%3A%2F64', 'connection': 'close', 'date': 'Mon, 07 Dec 2015 02:48:53 GMT', 'content-type': 'application/json; charset=UTF-8', 'x-openstack-request-id': 'req-ca879d90-6608-4668-a515-6e97c4a0bd94'}
        Body: {"subnets": []}
2015-12-07 02:48:53,732 20645 INFO     [tempest_lib.common.rest_client] Request (TestGettingAddress:test_dhcp6_stateless_from_os): 201 POST http://10.0.2.15:9696/v2.0/subnets 0.390s
2015-12-07 02:48:53,733 20645 DEBUG    [tempest_lib.common.rest_client] Request - Headers: {'Content-Type': 'application/json', 'Accept': 'application/json', 'X-Auth-Token': '&lt;omitted&gt;'}
        Body: {"subnet": {"name": "tempest-sub6-867125584", "network_id": "e44afbd1-272b-4ca4-a8a3-3bd31a805401", "tenant_id": "fc3a56952d0c46cb81913c152ea6b6db", "ipv6_ra_mode": "dhcpv6-stateless", "ip_version": 6, "ipv6_address_mode": "dhcpv6-stateless", "cidr": "2003::/64"}}
    Response - Headers: {'status': '201', 'content-length': '501', 'connection': 'close', 'date': 'Mon, 07 Dec 2015 02:48:53 GMT', 'content-type': 'application/json; charset=UTF-8', 'x-openstack-request-id': 'req-a57b22d0-725c-4708-9a8d-c34328e6fcf1'}
        Body: {"subnet": {"name": "tempest-sub6-867125584", "enable_dhcp": true, "network_id": "e44afbd1-272b-4ca4-a8a3-3bd31a805401", "tenant_id": "fc3a56952d0c46cb81913c152ea6b6db", "dns_nameservers": [], "gateway_ip": "2003::1", "ipv6_ra_mode": "dhcpv6-stateless", "allocation_pools": [{"start": "2003::2", "end": "2003::ffff:ffff:ffff:ffff"}], "host_routes": [], "ip_version": 6, "ipv6_address_mode": "dhcpv6-stateless", "cidr": "2003::/64", "id": "a3c3ba1a-80ca-45c9-8d0c-1fd9f5836ed9", "subnetpool_id": null}}
2015-12-07 02:48:54,553 20645 INFO     [tempest_lib.common.rest_client] Request (TestGettingAddress:test_dhcp6_stateless_from_os): 200 PUT http://10.0.2.15:9696/v2.0/routers/4e1e48d3-eec6-4878-a1c2-0c29de7ccf79/add_router_interface 0.818s
2015-12-07 02:48:54,554 20645 DEBUG    [tempest_lib.common.rest_client] Request - Headers: {'Content-Type': 'application/json', 'Accept': 'application/json', 'X-Auth-Token': '&lt;omitted&gt;'}
        Body: {"subnet_id": "a3c3ba1a-80ca-45c9-8d0c-1fd9f5836ed9"}
    Response - Headers: {'status': '200', 'content-length': '255', 'connection': 'close', 'date': 'Mon, 07 Dec 2015 02:48:54 GMT', 'content-type': 'application/json; charset=UTF-8', 'x-openstack-request-id': 'req-b622ce59-2346-43f7-b2bd-71856e09c5da'}
        Body: {"subnet_id": "a3c3ba1a-80ca-45c9-8d0c-1fd9f5836ed9", "tenant_id": "fc3a56952d0c46cb81913c152ea6b6db", "subnet_ids": ["a3c3ba1a-80ca-45c9-8d0c-1fd9f5836ed9"], "port_id": "85fdaaf3-7375-4bc1-b729-d67bbd4dcbf9", "id": "4e1e48d3-eec6-4878-a1c2-0c29de7ccf79"}
2015-12-07 02:48:54,676 20645 INFO     [tempest_lib.common.rest_client] Request (TestGettingAddress:test_dhcp6_stateless_from_os): 200 POST http://10.0.2.15:5000/v2.0/tokens
2015-12-07 02:48:54,676 20645 DEBUG    [tempest_lib.common.rest_client] Request - Headers: {'Content-Type': 'application/json', 'Accept': 'application/json'}
        Body: &lt;omitted&gt;
    Response - Headers: {'status': '200', 'content-length': '2520', 'vary': 'X-Auth-Token', 'server': 'Apache/2.4.7 (Ubuntu)', 'connection': 'close', 'date': 'Mon, 07 Dec 2015 02:48:54 GMT', 'content-type': 'application/json', 'x-openstack-request-id': 'req-b51c2a86-5d84-4ae5-9b68-3c8f0ef27294'}
        Body: {"access": {"token": {"issued_at": "2015-12-07T02:48:54.658197", "expires": "2015-12-07T03:48:54Z", "id": "2d99b94fa8994d49a0033f3c9e47cfa4", "tenant": {"description": "tempest-TestGettingAddress-19574488-desc", "enabled": true, "id": "fc3a56952d0c46cb81913c152ea6b6db", "name": "tempest-TestGettingAddress-19574488"}, "audit_ids": ["C4wwW3KvQlKqqElz0siLFg"]}, "serviceCatalog": [{"endpoints": [{"adminURL": "http://10.0.2.15:8774/v2.1/fc3a56952d0c46cb81913c152ea6b6db", "region": "RegionOne", "internalURL": "http://10.0.2.15:8774/v2.1/fc3a56952d0c46cb81913c152ea6b6db", "id": "61abfa48a4dd41cc93b679a459cf6909", "publicURL": "http://10.0.2.15:8774/v2.1/fc3a56952d0c46cb81913c152ea6b6db"}], "endpoints_links": [], "type": "compute", "name": "nova"}, {"endpoints": [{"adminURL": "http://10.0.2.15:9696/", "region": "RegionOne", "internalURL": "http://10.0.2.15:9696/", "id": "6f94a93e644b435b99ee5f8a6683668e", "publicURL": "http://10.0.2.15:9696/"}], "endpoints_links": [], "type": "network", "name": "neutron"}, {"endpoints": [{"adminURL": "http://10.0.2.15:9292", "region": "RegionOne", "internalURL": "http://10.0.2.15:9292", "id": "37ff8a8def6a48db8211ac028f201a89", "publicURL": "http://10.0.2.15:9292"}], "endpoints_links": [], "type": "image", "name": "glance"}, {"endpoints": [{"adminURL": "http://10.0.2.15:8774/v2/fc3a56952d0c46cb81913c152ea6b6db", "region": "RegionOne", "internalURL": "http://10.0.2.15:8774/v2/fc3a56952d0c46cb81913c152ea6b6db", "id": "2ad9deaf5ab94731adc7af3349f52cda", "publicURL": "http://10.0.2.15:8774/v2/fc3a56952d0c46cb81913c152ea6b6db"}], "endpoints_links": [], "type": "compute_legacy", "name": "nova_legacy"}, {"endpoints": [{"adminURL": "http://10.0.2.15:8773/", "region": "RegionOne", "internalURL": "http://10.0.2.15:8773/", "id": "32ed09f0cfa2430f9b4e73a410eeaf97", "publicURL": "http://10.0.2.15:8773/"}], "endpoints_links": [], "type": "ec2", "name": "ec2"}, {"endpoints": [{"adminURL": "http://10.0.2.15:35357/v2.0", "region": "RegionOne", "internalURL": "http://10.0.2.15:5000/v2.0", "id": "203abc2af7774144bbcd12e6608960cd", "publicURL": "http://10.0.2.15:5000/v2.0"}], "endpoints_links": [], "type": "identity", "name": "keystone"}], "user": {"username": "tempest-TestGettingAddress-844303879", "roles_links": [], "id": "b69b035041e3499f953de0cae56e5da1", "roles": [{"name": "_member_"}, {"name": "Member"}], "name": "tempest-TestGettingAddress-844303879"}, "metadata": {"is_admin": 0, "roles": ["9fe2ff9ee4384b1894a90878d3e92bab", "ad69a977868f449b953f467407002f86"]}}}
2015-12-07 02:48:54,681 20645 DEBUG    [tempest.common.fixed_network] (TestGettingAddress:test_dhcp6_stateless_from_os) No valid network provided or created, defaulting to fixed_network_name
2015-12-07 02:48:54,995 20645 INFO     [tempest_lib.common.rest_client] Request (TestGettingAddress:test_dhcp6_stateless_from_os): 200 GET http://10.0.2.15:8774/v2.1/fc3a56952d0c46cb81913c152ea6b6db/os-networks 0.312s
2015-12-07 02:48:54,995 20645 DEBUG    [tempest_lib.common.rest_client] Request - Headers: {'Content-Type': 'application/json', 'Accept': 'application/json', 'X-Auth-Token': '&lt;omitted&gt;'}
        Body: None
    Response - Headers: {'status': '200', 'content-length': '478', 'content-location': 'http://10.0.2.15:8774/v2.1/fc3a56952d0c46cb81913c152ea6b6db/os-networks', 'x-compute-request-id': 'req-6c103ea6-2e73-45ad-a92f-9d15b5eddbac', 'vary': 'X-OpenStack-Nova-API-Version', 'connection': 'close', 'x-openstack-nova-api-version': '2.1', 'date': 'Mon, 07 Dec 2015 02:48:54 GMT', 'content-type': 'application/json'}
        Body: {"networks": [{"cidr_v6": null, "dns2": null, "dns1": null, "gateway": null, "broadcast": null, "netmask": null, "gateway_v6": null, "cidr": null, "label": "public", "id": "389053e1-8743-461b-bba5-12cb3ef53c43", "netmask_v6": null}, {"cidr_v6": null, "dns2": null, "dns1": null, "gateway": null, "broadcast": null, "netmask": null, "gateway_v6": null, "cidr": null, "label": "tempest-network-smoke--909949862", "id": "e44afbd1-272b-4ca4-a8a3-3bd31a805401", "netmask_v6": null}]}
2015-12-07 02:48:54,996 20645 WARNING  [tempest.common.fixed_network] (TestGettingAddress:test_dhcp6_stateless_from_os) Network with name: private not found
2015-12-07 02:48:54,996 20645 INFO     [tempest.common.fixed_network] (TestGettingAddress:test_dhcp6_stateless_from_os) Found network {} available for tenant
2015-12-07 02:48:56,479 20645 INFO     [tempest_lib.common.rest_client] Request (TestGettingAddress:test_dhcp6_stateless_from_os): 202 POST http://10.0.2.15:8774/v2.1/fc3a56952d0c46cb81913c152ea6b6db/servers 1.482s
2015-12-07 02:48:56,479 20645 DEBUG    [tempest_lib.common.rest_client] Request - Headers: {'Content-Type': 'application/json', 'Accept': 'application/json', 'X-Auth-Token': '&lt;omitted&gt;'}
        Body: {"server": {"name": "tempest.common.compute-instance-678535377", "imageRef": "cb26a5d6-9e96-4088-b70a-d68177479c85", "key_name": "tempest-TestGettingAddress-1555635994", "flavorRef": "42", "networks": [{"uuid": "e44afbd1-272b-4ca4-a8a3-3bd31a805401"}], "security_groups": [{"name": "tempest-secgroup-smoke-463178220"}]}}
    Response - Headers: {'status': '202', 'content-length': '461', 'x-compute-request-id': 'req-15754c63-20d1-4428-a189-4e8d97bb764e', 'vary': 'X-OpenStack-Nova-API-Version', 'connection': 'close', 'location': 'http://10.0.2.15:8774/v2.1/fc3a56952d0c46cb81913c152ea6b6db/servers/44842b8b-28d3-43a5-a5e0-89c598ed6fab', 'x-openstack-nova-api-version': '2.1', 'date': 'Mon, 07 Dec 2015 02:48:56 GMT', 'content-type': 'application/json'}
        Body: {"server": {"security_groups": [{"name": "tempest-secgroup-smoke-463178220"}], "OS-DCF:diskConfig": "MANUAL", "id": "44842b8b-28d3-43a5-a5e0-89c598ed6fab", "links": [{"href": "http://10.0.2.15:8774/v2.1/fc3a56952d0c46cb81913c152ea6b6db/servers/44842b8b-28d3-43a5-a5e0-89c598ed6fab", "rel": "self"}, {"href": "http://10.0.2.15:8774/fc3a56952d0c46cb81913c152ea6b6db/servers/44842b8b-28d3-43a5-a5e0-89c598ed6fab", "rel": "bookmark"}], "adminPass": "MPtHQfoncH69"}}
2015-12-07 02:48:56,659 20645 INFO     [tempest_lib.common.rest_client] Request (TestGettingAddress:test_dhcp6_stateless_from_os): 200 GET http://10.0.2.15:8774/v2.1/fc3a56952d0c46cb81913c152ea6b6db/servers/44842b8b-28d3-43a5-a5e0-89c598ed6fab 0.177s
2015-12-07 02:48:56,659 20645 DEBUG    [tempest_lib.common.rest_client] Request - Headers: {'Content-Type': 'application/json', 'Accept': 'application/json', 'X-Auth-Token': '&lt;omitted&gt;'}
        Body: None
    Response - Headers: {'status': '200', 'content-length': '1354', 'content-location': 'http://10.0.2.15:8774/v2.1/fc3a56952d0c46cb81913c152ea6b6db/servers/44842b8b-28d3-43a5-a5e0-89c598ed6fab', 'x-compute-request-id': 'req-5d0a999c-fc1d-4dab-990d-4ef7d72d4967', 'vary': 'X-OpenStack-Nova-API-Version', 'connection': 'close', 'x-openstack-nova-api-version': '2.1', 'date': 'Mon, 07 Dec 2015 02:48:56 GMT', 'content-type': 'application/json'}
        Body: {"server": {"status": "BUILD", "updated": "2015-12-07T02:48:56Z", "hostId": "", "addresses": {}, "links": [{"href": "http://10.0.2.15:8774/v2.1/fc3a56952d0c46cb81913c152ea6b6db/servers/44842b8b-28d3-43a5-a5e0-89c598ed6fab", "rel": "self"}, {"href": "http://10.0.2.15:8774/fc3a56952d0c46cb81913c152ea6b6db/servers/44842b8b-28d3-43a5-a5e0-89c598ed6fab", "rel": "bookmark"}], "key_name": "tempest-TestGettingAddress-1555635994", "image": {"id": "cb26a5d6-9e96-4088-b70a-d68177479c85", "links": [{"href": "http://10.0.2.15:8774/fc3a56952d0c46cb81913c152ea6b6db/images/cb26a5d6-9e96-4088-b70a-d68177479c85", "rel": "bookmark"}]}, "OS-EXT-STS:task_state": "scheduling", "OS-EXT-STS:vm_state": "building", "OS-SRV-USG:launched_at": null, "flavor": {"id": "42", "links": [{"href": "http://10.0.2.15:8774/fc3a56952d0c46cb81913c152ea6b6db/flavors/42", "rel": "bookmark"}]}, "id": "44842b8b-28d3-43a5-a5e0-89c598ed6fab", "OS-SRV-USG:terminated_at": null, "OS-EXT-AZ:availability_zone": "", "user_id": "b69b035041e3499f953de0cae56e5da1", "name": "tempest.common.compute-instance-678535377", "created": "2015-12-07T02:48:56Z", "tenant_id": "fc3a56952d0c46cb81913c152ea6b6db", "OS-DCF:diskConfig": "MANUAL", "os-extended-volumes:volumes_attached": [], "accessIPv4": "", "accessIPv6": "", "progress": 0, "OS-EXT-STS:power_state": 0, "config_drive": "", "metadata": {}}}
2015-12-07 02:48:57,922 20645 INFO     [tempest_lib.common.rest_client] Request (TestGettingAddress:test_dhcp6_stateless_from_os): 200 GET http://10.0.2.15:8774/v2.1/fc3a56952d0c46cb81913c152ea6b6db/servers/44842b8b-28d3-43a5-a5e0-89c598ed6fab 0.253s
2015-12-07 02:48:57,923 20645 DEBUG    [tempest_lib.common.rest_client] Request - Headers: {'Content-Type': 'application/json', 'Accept': 'application/json', 'X-Auth-Token': '&lt;omitted&gt;'}
        Body: None
    Response - Headers: {'status': '200', 'content-length': '1412', 'content-location': 'http://10.0.2.15:8774/v2.1/fc3a56952d0c46cb81913c152ea6b6db/servers/44842b8b-28d3-43a5-a5e0-89c598ed6fab', 'x-compute-request-id': 'req-0a6ff47b-3508-4031-b62c-a4aa79f65a6f', 'vary': 'X-OpenStack-Nova-API-Version', 'connection': 'close', 'x-openstack-nova-api-version': '2.1', 'date': 'Mon, 07 Dec 2015 02:48:57 GMT', 'content-type': 'application/json'}
        Body: {"server": {"status": "BUILD", "updated": "2015-12-07T02:48:57Z", "hostId": "b18e77e364176cb5f425af333662281c8ec0634b48746cd0c91ccc59", "addresses": {}, "links": [{"href": "http://10.0.2.15:8774/v2.1/fc3a56952d0c46cb81913c152ea6b6db/servers/44842b8b-28d3-43a5-a5e0-89c598ed6fab", "rel": "self"}, {"href": "http://10.0.2.15:8774/fc3a56952d0c46cb81913c152ea6b6db/servers/44842b8b-28d3-43a5-a5e0-89c598ed6fab", "rel": "bookmark"}], "key_name": "tempest-TestGettingAddress-1555635994", "image": {"id": "cb26a5d6-9e96-4088-b70a-d68177479c85", "links": [{"href": "http://10.0.2.15:8774/fc3a56952d0c46cb81913c152ea6b6db/images/cb26a5d6-9e96-4088-b70a-d68177479c85", "rel": "bookmark"}]}, "OS-EXT-STS:task_state": "spawning", "OS-EXT-STS:vm_state": "building", "OS-SRV-USG:launched_at": null, "flavor": {"id": "42", "links": [{"href": "http://10.0.2.15:8774/fc3a56952d0c46cb81913c152ea6b6db/flavors/42", "rel": "bookmark"}]}, "id": "44842b8b-28d3-43a5-a5e0-89c598ed6fab", "OS-SRV-USG:terminated_at": null, "OS-EXT-AZ:availability_zone": "nova", "user_id": "b69b035041e3499f953de0cae56e5da1", "name": "tempest.common.compute-instance-678535377", "created": "2015-12-07T02:48:56Z", "tenant_id": "fc3a56952d0c46cb81913c152ea6b6db", "OS-DCF:diskConfig": "MANUAL", "os-extended-volumes:volumes_attached": [], "accessIPv4": "", "accessIPv6": "", "progress": 0, "OS-EXT-STS:power_state": 0, "config_drive": "", "metadata": {}}}
2015-12-07 02:48:57,931 20645 INFO     [tempest.common.waiters] State transition "BUILD/scheduling" ==&gt; "BUILD/spawning" after 1 second wait
2015-12-07 02:48:59,306 20645 INFO     [tempest_lib.common.rest_client] Request (TestGettingAddress:test_dhcp6_stateless_from_os): 200 GET http://10.0.2.15:8774/v2.1/fc3a56952d0c46cb81913c152ea6b6db/servers/44842b8b-28d3-43a5-a5e0-89c598ed6fab 0.372s
2015-12-07 02:48:59,306 20645 DEBUG    [tempest_lib.common.rest_client] Request - Headers: {'Content-Type': 'application/json', 'Accept': 'application/json', 'X-Auth-Token': '&lt;omitted&gt;'}
        Body: None
    Response - Headers: {'status': '200', 'content-length': '1479', 'content-location': 'http://10.0.2.15:8774/v2.1/fc3a56952d0c46cb81913c152ea6b6db/servers/44842b8b-28d3-43a5-a5e0-89c598ed6fab', 'x-compute-request-id': 'req-42a52175-ad27-44cb-965c-8e3cd5d5d5e8', 'vary': 'X-OpenStack-Nova-API-Version', 'connection': 'close', 'x-openstack-nova-api-version': '2.1', 'date': 'Mon, 07 Dec 2015 02:48:59 GMT', 'content-type': 'application/json'}
        Body: {"server": {"status": "BUILD", "updated": "2015-12-07T02:48:57Z", "hostId": "b18e77e364176cb5f425af333662281c8ec0634b48746cd0c91ccc59", "addresses": {}, "links": [{"href": "http://10.0.2.15:8774/v2.1/fc3a56952d0c46cb81913c152ea6b6db/servers/44842b8b-28d3-43a5-a5e0-89c598ed6fab", "rel": "self"}, {"href": "http://10.0.2.15:8774/fc3a56952d0c46cb81913c152ea6b6db/servers/44842b8b-28d3-43a5-a5e0-89c598ed6fab", "rel": "bookmark"}], "key_name": "tempest-TestGettingAddress-1555635994", "image": {"id": "cb26a5d6-9e96-4088-b70a-d68177479c85", "links": [{"href": "http://10.0.2.15:8774/fc3a56952d0c46cb81913c152ea6b6db/images/cb26a5d6-9e96-4088-b70a-d68177479c85", "rel": "bookmark"}]}, "OS-EXT-STS:task_state": "spawning", "OS-EXT-STS:vm_state": "building", "OS-SRV-USG:launched_at": null, "flavor": {"id": "42", "links": [{"href": "http://10.0.2.15:8774/fc3a56952d0c46cb81913c152ea6b6db/flavors/42", "rel": "bookmark"}]}, "id": "44842b8b-28d3-43a5-a5e0-89c598ed6fab", "security_groups": [{"name": "tempest-secgroup-smoke-463178220"}], "OS-SRV-USG:terminated_at": null, "OS-EXT-AZ:availability_zone": "nova", "user_id": "b69b035041e3499f953de0cae56e5da1", "name": "tempest.common.compute-instance-678535377", "created": "2015-12-07T02:48:56Z", "tenant_id": "fc3a56952d0c46cb81913c152ea6b6db", "OS-DCF:diskConfig": "MANUAL", "os-extended-volumes:volumes_attached": [], "accessIPv4": "", "accessIPv6": "", "progress": 0, "OS-EXT-STS:power_state": 0, "config_drive": "", "metadata": {}}}
2015-12-07 02:49:00,697 20645 INFO     [tempest_lib.common.rest_client] Request (TestGettingAddress:test_dhcp6_stateless_from_os): 200 GET http://10.0.2.15:8774/v2.1/fc3a56952d0c46cb81913c152ea6b6db/servers/44842b8b-28d3-43a5-a5e0-89c598ed6fab 0.373s
2015-12-07 02:49:00,698 20645 DEBUG    [tempest_lib.common.rest_client] Request - Headers: {'Content-Type': 'application/json', 'Accept': 'application/json', 'X-Auth-Token': '&lt;omitted&gt;'}
        Body: None
    Response - Headers: {'status': '200', 'content-length': '1779', 'content-location': 'http://10.0.2.15:8774/v2.1/fc3a56952d0c46cb81913c152ea6b6db/servers/44842b8b-28d3-43a5-a5e0-89c598ed6fab', 'x-compute-request-id': 'req-d5e6f304-a74b-44f0-b45d-be8ea0e4582a', 'vary': 'X-OpenStack-Nova-API-Version', 'connection': 'close', 'x-openstack-nova-api-version': '2.1', 'date': 'Mon, 07 Dec 2015 02:49:00 GMT', 'content-type': 'application/json'}
        Body: {"server": {"status": "ACTIVE", "updated": "2015-12-07T02:49:00Z", "hostId": "b18e77e364176cb5f425af333662281c8ec0634b48746cd0c91ccc59", "addresses": {"tempest-network-smoke--909949862": [{"OS-EXT-IPS-MAC:mac_addr": "fa:16:3e:41:6f:bd", "version": 4, "addr": "10.100.0.3", "OS-EXT-IPS:type": "fixed"}, {"OS-EXT-IPS-MAC:mac_addr": "fa:16:3e:41:6f:bd", "version": 6, "addr": "2003::f816:3eff:fe41:6fbd", "OS-EXT-IPS:type": "fixed"}]}, "links": [{"href": "http://10.0.2.15:8774/v2.1/fc3a56952d0c46cb81913c152ea6b6db/servers/44842b8b-28d3-43a5-a5e0-89c598ed6fab", "rel": "self"}, {"href": "http://10.0.2.15:8774/fc3a56952d0c46cb81913c152ea6b6db/servers/44842b8b-28d3-43a5-a5e0-89c598ed6fab", "rel": "bookmark"}], "key_name": "tempest-TestGettingAddress-1555635994", "image": {"id": "cb26a5d6-9e96-4088-b70a-d68177479c85", "links": [{"href": "http://10.0.2.15:8774/fc3a56952d0c46cb81913c152ea6b6db/images/cb26a5d6-9e96-4088-b70a-d68177479c85", "rel": "bookmark"}]}, "OS-EXT-STS:task_state": null, "OS-EXT-STS:vm_state": "active", "OS-SRV-USG:launched_at": "2015-12-07T02:49:00.000000", "flavor": {"id": "42", "links": [{"href": "http://10.0.2.15:8774/fc3a56952d0c46cb81913c152ea6b6db/flavors/42", "rel": "bookmark"}]}, "id": "44842b8b-28d3-43a5-a5e0-89c598ed6fab", "security_groups": [{"name": "tempest-secgroup-smoke-463178220"}], "OS-SRV-USG:terminated_at": null, "OS-EXT-AZ:availability_zone": "nova", "user_id": "b69b035041e3499f953de0cae56e5da1", "name": "tempest.common.compute-instance-678535377", "created": "2015-12-07T02:48:56Z", "tenant_id": "fc3a56952d0c46cb81913c152ea6b6db", "OS-DCF:diskConfig": "MANUAL", "os-extended-volumes:volumes_attached": [], "accessIPv4": "", "accessIPv6": "", "progress": 0, "OS-EXT-STS:power_state": 1, "config_drive": "True", "metadata": {}}}
2015-12-07 02:49:00,707 20645 INFO     [tempest.common.waiters] State transition "BUILD/spawning" ==&gt; "ACTIVE/None" after 4 second wait
2015-12-07 02:49:00,900 20645 INFO     [tempest_lib.common.rest_client] Request (TestGettingAddress:test_dhcp6_stateless_from_os): 200 GET http://10.0.2.15:8774/v2.1/fc3a56952d0c46cb81913c152ea6b6db/servers/44842b8b-28d3-43a5-a5e0-89c598ed6fab 0.192s
2015-12-07 02:49:00,901 20645 DEBUG    [tempest_lib.common.rest_client] Request - Headers: {'Content-Type': 'application/json', 'Accept': 'application/json', 'X-Auth-Token': '&lt;omitted&gt;'}
        Body: None
    Response - Headers: {'status': '200', 'content-length': '1779', 'content-location': 'http://10.0.2.15:8774/v2.1/fc3a56952d0c46cb81913c152ea6b6db/servers/44842b8b-28d3-43a5-a5e0-89c598ed6fab', 'x-compute-request-id': 'req-babf9c5b-645c-4d61-b43e-3e7b310b9e27', 'vary': 'X-OpenStack-Nova-API-Version', 'connection': 'close', 'x-openstack-nova-api-version': '2.1', 'date': 'Mon, 07 Dec 2015 02:49:00 GMT', 'content-type': 'application/json'}
        Body: {"server": {"status": "ACTIVE", "updated": "2015-12-07T02:49:00Z", "hostId": "b18e77e364176cb5f425af333662281c8ec0634b48746cd0c91ccc59", "addresses": {"tempest-network-smoke--909949862": [{"OS-EXT-IPS-MAC:mac_addr": "fa:16:3e:41:6f:bd", "version": 4, "addr": "10.100.0.3", "OS-EXT-IPS:type": "fixed"}, {"OS-EXT-IPS-MAC:mac_addr": "fa:16:3e:41:6f:bd", "version": 6, "addr": "2003::f816:3eff:fe41:6fbd", "OS-EXT-IPS:type": "fixed"}]}, "links": [{"href": "http://10.0.2.15:8774/v2.1/fc3a56952d0c46cb81913c152ea6b6db/servers/44842b8b-28d3-43a5-a5e0-89c598ed6fab", "rel": "self"}, {"href": "http://10.0.2.15:8774/fc3a56952d0c46cb81913c152ea6b6db/servers/44842b8b-28d3-43a5-a5e0-89c598ed6fab", "rel": "bookmark"}], "key_name": "tempest-TestGettingAddress-1555635994", "image": {"id": "cb26a5d6-9e96-4088-b70a-d68177479c85", "links": [{"href": "http://10.0.2.15:8774/fc3a56952d0c46cb81913c152ea6b6db/images/cb26a5d6-9e96-4088-b70a-d68177479c85", "rel": "bookmark"}]}, "OS-EXT-STS:task_state": null, "OS-EXT-STS:vm_state": "active", "OS-SRV-USG:launched_at": "2015-12-07T02:49:00.000000", "flavor": {"id": "42", "links": [{"href": "http://10.0.2.15:8774/fc3a56952d0c46cb81913c152ea6b6db/flavors/42", "rel": "bookmark"}]}, "id": "44842b8b-28d3-43a5-a5e0-89c598ed6fab", "security_groups": [{"name": "tempest-secgroup-smoke-463178220"}], "OS-SRV-USG:terminated_at": null, "OS-EXT-AZ:availability_zone": "nova", "user_id": "b69b035041e3499f953de0cae56e5da1", "name": "tempest.common.compute-instance-678535377", "created": "2015-12-07T02:48:56Z", "tenant_id": "fc3a56952d0c46cb81913c152ea6b6db", "OS-DCF:diskConfig": "MANUAL", "os-extended-volumes:volumes_attached": [], "accessIPv4": "", "accessIPv6": "", "progress": 0, "OS-EXT-STS:power_state": 1, "config_drive": "True", "metadata": {}}}
2015-12-07 02:49:00,940 20645 INFO     [tempest_lib.common.rest_client] Request (TestGettingAddress:test_dhcp6_stateless_from_os): 200 GET http://10.0.2.15:9696/v2.0/ports?status=ACTIVE&amp;fixed_ip=None&amp;device_id=44842b8b-28d3-43a5-a5e0-89c598ed6fab 0.031s
2015-12-07 02:49:00,940 20645 DEBUG    [tempest_lib.common.rest_client] Request - Headers: {'Content-Type': 'application/json', 'Accept': 'application/json', 'X-Auth-Token': '&lt;omitted&gt;'}
        Body: None
    Response - Headers: {'status': '200', 'content-length': '1142', 'content-location': 'http://10.0.2.15:9696/v2.0/ports?status=ACTIVE&amp;fixed_ip=None&amp;device_id=44842b8b-28d3-43a5-a5e0-89c598ed6fab', 'connection': 'close', 'date': 'Mon, 07 Dec 2015 02:49:00 GMT', 'content-type': 'application/json; charset=UTF-8', 'x-openstack-request-id': 'req-a6e13ddc-e2fd-445a-b19c-c29cdedec52c'}
        Body: {"ports": [{"status": "ACTIVE", "binding:host_id": "vagrant-ubuntu-trusty-64", "allowed_address_pairs": [], "extra_dhcp_opts": [], "dns_assignment": [{"hostname": "host-10-100-0-3", "ip_address": "10.100.0.3", "fqdn": "host-10-100-0-3.openstacklocal."}, {"hostname": "host-2003--f816-3eff-fe41-6fbd", "ip_address": "2003::f816:3eff:fe41:6fbd", "fqdn": "host-2003--f816-3eff-fe41-6fbd.openstacklocal."}], "device_owner": "compute:None", "port_security_enabled": true, "binding:profile": {}, "fixed_ips": [{"subnet_id": "2580fa4f-324e-496e-864d-b83e6fb2031f", "ip_address": "10.100.0.3"}, {"subnet_id": "a3c3ba1a-80ca-45c9-8d0c-1fd9f5836ed9", "ip_address": "2003::f816:3eff:fe41:6fbd"}], "id": "6a104a3a-1c27-4b2d-b428-829b48ae85c8", "security_groups": ["43bd231c-8444-4013-a840-2aa8a80c2e4c"], "device_id": "44842b8b-28d3-43a5-a5e0-89c598ed6fab", "name": "", "admin_state_up": true, "network_id": "e44afbd1-272b-4ca4-a8a3-3bd31a805401", "dns_name": "", "binding:vif_details": {"port_filter": true}, "binding:vnic_type": "normal", "binding:vif_type": "ovs", "tenant_id": "fc3a56952d0c46cb81913c152ea6b6db", "mac_address": "fa:16:3e:41:6f:bd"}]}
2015-12-07 02:49:01,531 20645 INFO     [tempest_lib.common.rest_client] Request (TestGettingAddress:test_dhcp6_stateless_from_os): 201 POST http://10.0.2.15:9696/v2.0/floatingips 0.590s
2015-12-07 02:49:01,532 20645 DEBUG    [tempest_lib.common.rest_client] Request - Headers: {'Content-Type': 'application/json', 'Accept': 'application/json', 'X-Auth-Token': '&lt;omitted&gt;'}
        Body: {"floatingip": {"floating_network_id": "389053e1-8743-461b-bba5-12cb3ef53c43", "tenant_id": "fc3a56952d0c46cb81913c152ea6b6db", "fixed_ip_address": "10.100.0.3", "port_id": "6a104a3a-1c27-4b2d-b428-829b48ae85c8"}}
    Response - Headers: {'status': '201', 'content-length': '367', 'connection': 'close', 'date': 'Mon, 07 Dec 2015 02:49:01 GMT', 'content-type': 'application/json; charset=UTF-8', 'x-openstack-request-id': 'req-fffa019c-3a24-4cd2-b7ee-8ea7eadadae6'}
        Body: {"floatingip": {"floating_network_id": "389053e1-8743-461b-bba5-12cb3ef53c43", "router_id": "4e1e48d3-eec6-4878-a1c2-0c29de7ccf79", "fixed_ip_address": "10.100.0.3", "floating_ip_address": "172.24.4.4", "tenant_id": "fc3a56952d0c46cb81913c152ea6b6db", "status": "DOWN", "port_id": "6a104a3a-1c27-4b2d-b428-829b48ae85c8", "id": "14967050-36f4-456b-844b-98c782cca405"}}
2015-12-07 02:49:01,533 20645 INFO     [tempest_lib.common.ssh] Creating ssh connection to '172.24.4.4' as 'cirros' with public key authentication
2015-12-07 02:49:05,161 20645 WARNING  [tempest_lib.common.ssh] Failed to establish authenticated ssh connection to cirros@172.24.4.4 ([Errno None] Unable to connect to port 22 on  or 172.24.4.4). Number attempts: 1. Retry after 2 seconds.
2015-12-07 02:49:10,665 20645 WARNING  [tempest_lib.common.ssh] Failed to establish authenticated ssh connection to cirros@172.24.4.4 ([Errno None] Unable to connect to port 22 on  or 172.24.4.4). Number attempts: 2. Retry after 3 seconds.
2015-12-07 02:49:17,165 20645 WARNING  [tempest_lib.common.ssh] Failed to establish authenticated ssh connection to cirros@172.24.4.4 ([Errno None] Unable to connect to port 22 on  or 172.24.4.4). Number attempts: 3. Retry after 4 seconds.
2015-12-07 02:49:24,666 20645 WARNING  [tempest_lib.common.ssh] Failed to establish authenticated ssh connection to cirros@172.24.4.4 ([Errno None] Unable to connect to port 22 on  or 172.24.4.4). Number attempts: 4. Retry after 5 seconds.
2015-12-07 02:49:33,169 20645 WARNING  [tempest_lib.common.ssh] Failed to establish authenticated ssh connection to cirros@172.24.4.4 ([Errno None] Unable to connect to port 22 on  or 172.24.4.4). Number attempts: 5. Retry after 6 seconds.
2015-12-07 02:49:42,675 20645 WARNING  [tempest_lib.common.ssh] Failed to establish authenticated ssh connection to cirros@172.24.4.4 ([Errno None] Unable to connect to port 22 on  or 172.24.4.4). Number attempts: 6. Retry after 7 seconds.
2015-12-07 02:49:53,182 20645 WARNING  [tempest_lib.common.ssh] Failed to establish authenticated ssh connection to cirros@172.24.4.4 ([Errno None] Unable to connect to port 22 on  or 172.24.4.4). Number attempts: 7. Retry after 8 seconds.
2015-12-07 02:50:04,686 20645 WARNING  [tempest_lib.common.ssh] Failed to establish authenticated ssh connection to cirros@172.24.4.4 ([Errno None] Unable to connect to port 22 on  or 172.24.4.4). Number attempts: 8. Retry after 9 seconds.
2015-12-07 02:50:17,194 20645 WARNING  [tempest_lib.common.ssh] Failed to establish authenticated ssh connection to cirros@172.24.4.4 ([Errno None] Unable to connect to port 22 on  or 172.24.4.4). Number attempts: 9. Retry after 10 seconds.
2015-12-07 02:50:30,702 20645 WARNING  [tempest_lib.common.ssh] Failed to establish authenticated ssh connection to cirros@172.24.4.4 ([Errno None] Unable to connect to port 22 on  or 172.24.4.4). Number attempts: 10. Retry after 11 seconds.
2015-12-07 02:50:45,205 20645 WARNING  [tempest_lib.common.ssh] Failed to establish authenticated ssh connection to cirros@172.24.4.4 ([Errno None] Unable to connect to port 22 on  or 172.24.4.4). Number attempts: 11. Retry after 12 seconds.
2015-12-07 02:51:00,718 20645 WARNING  [tempest_lib.common.ssh] Failed to establish authenticated ssh connection to cirros@172.24.4.4 ([Errno None] Unable to connect to port 22 on  or 172.24.4.4). Number attempts: 12. Retry after 13 seconds.
2015-12-07 02:51:17,234 20645 WARNING  [tempest_lib.common.ssh] Failed to establish authenticated ssh connection to cirros@172.24.4.4 ([Errno None] Unable to connect to port 22 on  or 172.24.4.4). Number attempts: 13. Retry after 14 seconds.
2015-12-07 02:51:34,742 20645 WARNING  [tempest_lib.common.ssh] Failed to establish authenticated ssh connection to cirros@172.24.4.4 ([Errno None] Unable to connect to port 22 on  or 172.24.4.4). Number attempts: 14. Retry after 15 seconds.
2015-12-07 02:51:53,250 20645 WARNING  [tempest_lib.common.ssh] Failed to establish authenticated ssh connection to cirros@172.24.4.4 ([Errno None] Unable to connect to port 22 on  or 172.24.4.4). Number attempts: 15. Retry after 16 seconds.
2015-12-07 02:52:12,766 20645 WARNING  [tempest_lib.common.ssh] Failed to establish authenticated ssh connection to cirros@172.24.4.4 ([Errno None] Unable to connect to port 22 on  or 172.24.4.4). Number attempts: 16. Retry after 17 seconds.
2015-12-07 02:52:33,286 20645 ERROR    [tempest_lib.common.ssh] Failed to establish authenticated ssh connection to cirros@172.24.4.4 after 16 attempts
2015-12-07 02:52:33.286 20645 ERROR tempest_lib.common.ssh Traceback (most recent call last):
2015-12-07 02:52:33.286 20645 ERROR tempest_lib.common.ssh   File "/usr/local/lib/python2.7/dist-packages/tempest_lib/common/ssh.py", line 75, in _get_ssh_connection
2015-12-07 02:52:33.286 20645 ERROR tempest_lib.common.ssh     timeout=self.channel_timeout, pkey=self.pkey)
2015-12-07 02:52:33.286 20645 ERROR tempest_lib.common.ssh   File "/usr/local/lib/python2.7/dist-packages/paramiko/client.py", line 311, in connect
2015-12-07 02:52:33.286 20645 ERROR tempest_lib.common.ssh     raise NoValidConnectionsError(errors)
2015-12-07 02:52:33.286 20645 ERROR tempest_lib.common.ssh NoValidConnectionsError: [Errno None] Unable to connect to port 22 on  or 172.24.4.4
2015-12-07 02:52:33.286 20645 ERROR tempest_lib.common.ssh 
2015-12-07 02:52:33,288 20645 ERROR    [tempest.scenario.manager] (TestGettingAddress:test_dhcp6_stateless_from_os) Initializing SSH connection to 172.24.4.4 failed. Error: Connection to the 172.24.4.4 via SSH timed out.
User: cirros, Password: None
2015-12-07 02:52:33.288 20645 ERROR tempest.scenario.manager Traceback (most recent call last):
2015-12-07 02:52:33.288 20645 ERROR tempest.scenario.manager   File "tempest/scenario/manager.py", line 383, in get_remote_client
2015-12-07 02:52:33.288 20645 ERROR tempest.scenario.manager     linux_client.validate_authentication()
2015-12-07 02:52:33.288 20645 ERROR tempest.scenario.manager   File "tempest/common/utils/linux/remote_client.py", line 63, in validate_authentication
2015-12-07 02:52:33.288 20645 ERROR tempest.scenario.manager     self.ssh_client.test_connection_auth()
2015-12-07 02:52:33.288 20645 ERROR tempest.scenario.manager   File "/usr/local/lib/python2.7/dist-packages/tempest_lib/common/ssh.py", line 167, in test_connection_auth
2015-12-07 02:52:33.288 20645 ERROR tempest.scenario.manager     connection = self._get_ssh_connection()
2015-12-07 02:52:33.288 20645 ERROR tempest.scenario.manager   File "/usr/local/lib/python2.7/dist-packages/tempest_lib/common/ssh.py", line 87, in _get_ssh_connection
2015-12-07 02:52:33.288 20645 ERROR tempest.scenario.manager     password=self.password)
2015-12-07 02:52:33.288 20645 ERROR tempest.scenario.manager SSHTimeout: Connection to the 172.24.4.4 via SSH timed out.
2015-12-07 02:52:33.288 20645 ERROR tempest.scenario.manager User: cirros, Password: None
2015-12-07 02:52:33.288 20645 ERROR tempest.scenario.manager 
2015-12-07 02:52:33,361 20645 INFO     [tempest_lib.common.rest_client] Request (TestGettingAddress:test_dhcp6_stateless_from_os): 200 GET http://10.0.2.15:8774/v2.1/fc3a56952d0c46cb81913c152ea6b6db/servers 0.071s
2015-12-07 02:52:33,362 20645 DEBUG    [tempest_lib.common.rest_client] Request - Headers: {'Content-Type': 'application/json', 'Accept': 'application/json', 'X-Auth-Token': '&lt;omitted&gt;'}
        Body: None
    Response - Headers: {'status': '200', 'content-length': '390', 'content-location': 'http://10.0.2.15:8774/v2.1/fc3a56952d0c46cb81913c152ea6b6db/servers', 'x-compute-request-id': 'req-c3e54c26-a981-4852-a74a-852fbca3c01d', 'vary': 'X-OpenStack-Nova-API-Version', 'connection': 'close', 'x-openstack-nova-api-version': '2.1', 'date': 'Mon, 07 Dec 2015 02:52:33 GMT', 'content-type': 'application/json'}
        Body: {"servers": [{"id": "44842b8b-28d3-43a5-a5e0-89c598ed6fab", "links": [{"href": "http://10.0.2.15:8774/v2.1/fc3a56952d0c46cb81913c152ea6b6db/servers/44842b8b-28d3-43a5-a5e0-89c598ed6fab", "rel": "self"}, {"href": "http://10.0.2.15:8774/fc3a56952d0c46cb81913c152ea6b6db/servers/44842b8b-28d3-43a5-a5e0-89c598ed6fab", "rel": "bookmark"}], "name": "tempest.common.compute-instance-678535377"}]}
2015-12-07 02:52:33,593 20645 INFO     [tempest_lib.common.rest_client] Request (TestGettingAddress:test_dhcp6_stateless_from_os): 200 POST http://10.0.2.15:8774/v2.1/fc3a56952d0c46cb81913c152ea6b6db/servers/44842b8b-28d3-43a5-a5e0-89c598ed6fab/action 0.225s
2015-12-07 02:52:33,593 20645 DEBUG    [tempest_lib.common.rest_client] Request - Headers: {'Content-Type': 'application/json', 'Accept': 'application/json', 'X-Auth-Token': '&lt;omitted&gt;'}
        Body: {"os-getConsoleOutput": {}}
    Response - Headers: {'status': '200', 'content-length': '24669', 'x-compute-request-id': 'req-ce3214ca-074c-4468-a510-709bc6b6e802', 'vary': 'X-OpenStack-Nova-API-Version', 'connection': 'close', 'x-openstack-nova-api-version': '2.1', 'date': 'Mon, 07 Dec 2015 02:52:33 GMT', 'content-type': 'application/json'}
        Body: {"output": "[    0.000000] Initializing cgroup subsys cpuset\n[    0.000000] Initializing cgroup subsys cpu\n[    0.000000] Linux version 3.2.0-80-virtual (buildd@batsu) (gcc version 4.6.3 (Ubuntu/Linaro 4.6.3-1ubuntu5) ) #116-Ubuntu SMP Mon Mar 23 17:28:52 UTC 2015 (Ubuntu 3.2.0-80.116-virtual 3.2.68)\n[    0.000000] Command line: root=/dev/vda console=tty0 console=ttyS0 no_timer_check\n[    0.000000] KERNEL supported cpus:\n[    0.000000]   Intel GenuineIntel\n[    0.000000]   AMD AuthenticAMD\n[    0.000000]   Centaur CentaurHauls\n[    0.000000] BIOS-provided physical RAM map:\n[    0.000000]  BIOS-e820: 0000000000000000 - 000000000009fc00 (usable)\n[    0.000000]  BIOS-e820: 000000000009fc00 - 00000000000a0000 (reserved)\n[    0.000000]  BIOS-e820: 00000000000f0000 - 0000000000100000 (reserved)\n[    0.000000]  BIOS-e820: 0000000000100000 - 0000000003ffe000 (usable)\n[    0.000000]  BIOS-e820: 0000000003ffe000 - 0000000004000000 (reserved)\n[    0.000000]  BIOS-e820: 00000000fffc0000 - 0000000100000000 (reserved)\n[    0.000000] NX (Execute Disable) protection: active\n[    0.000000] SMBIOS 2.4 present.\n[    0.000000] No AGP bridge found\n[    0.000000] last_pfn = 0x3ffe max_arch_pfn = 0x400000000\n[    0.000000] x86 PAT enabled: cpu 0, old 0x7040600070406, new 0x7010600070106\n[    0.000000] found SMP MP-table at [ffff8800000f0b00] f0b00\n[    0.000000] init_memory_mapping: 0000000000000000-0000000003ffe000\n[    0.000000] RAMDISK: 03c5e000 - 03ff0000\n[    0.000000] ACPI: RSDP 00000000000f0950 00014 (v00 BOCHS )\n[    0.000000] ACPI: RSDT 0000000003fffbc1 00034 (v01 BOCHS  BXPCRSDT 00000001 BXPC 00000001)\n[    0.000000] ACPI: FACP 0000000003fff1c0 00074 (v01 BOCHS  BXPCFACP 00000001 BXPC 00000001)\n[    0.000000] ACPI: DSDT 0000000003ffe040 01180 (v01 BOCHS  BXPCDSDT 00000001 BXPC 00000001)\n[    0.000000] ACPI: FACS 0000000003ffe000 00040\n[    0.000000] ACPI: SSDT 0000000003fff234 008DD (v01 BOCHS  BXPCSSDT 00000001 BXPC 00000001)\n[    0.000000] ACPI: APIC 0000000003fffb11 00078 (v01 BOCHS  BXPCAPIC 00000001 BXPC 00000001)\n[    0.000000] ACPI: HPET 0000000003fffb89 00038 (v01 BOCHS  BXPCHPET 00000001 BXPC 00000001)\n[    0.000000] No NUMA configuration found\n[    0.000000] Faking a node at 0000000000000000-0000000003ffe000\n[    0.000000] Initmem setup node 0 0000000000000000-0000000003ffe000\n[    0.000000]   NODE_DATA [0000000003ff6000 - 0000000003ffafff]\n[    0.000000] Zone PFN ranges:\n[    0.000000]   DMA      0x00000010 -&gt; 0x00001000\n[    0.000000]   DMA32    0x00001000 -&gt; 0x00100000\n[    0.000000]   Normal   empty\n[    0.000000] Movable zone start PFN for each node\n[    0.000000] early_node_map[2] active PFN ranges\n[    0.000000]     0: 0x00000010 -&gt; 0x0000009f\n[    0.000000]     0: 0x00000100 -&gt; 0x00003ffe\n[    0.000000] ACPI: PM-Timer IO Port: 0xb008\n[    0.000000] ACPI: LAPIC (acpi_id[0x00] lapic_id[0x00] enabled)\n[    0.000000] ACPI: LAPIC_NMI (acpi_id[0xff] dfl dfl lint[0x1])\n[    0.000000] ACPI: IOAPIC (id[0x00] address[0xfec00000] gsi_base[0])\n[    0.000000] IOAPIC[0]: apic_id 0, version 17, address 0xfec00000, GSI 0-23\n[    0.000000] ACPI: INT_SRC_OVR (bus 0 bus_irq 0 global_irq 2 dfl dfl)\n[    0.000000] ACPI: INT_SRC_OVR (bus 0 bus_irq 5 global_irq 5 high level)\n[    0.000000] ACPI: INT_SRC_OVR (bus 0 bus_irq 9 global_irq 9 high level)\n[    0.000000] ACPI: INT_SRC_OVR (bus 0 bus_irq 10 global_irq 10 high level)\n[    0.000000] ACPI: INT_SRC_OVR (bus 0 bus_irq 11 global_irq 11 high level)\n[    0.000000] Using ACPI (MADT) for SMP configuration information\n[    0.000000] ACPI: HPET id: 0x8086a201 base: 0xfed00000\n[    0.000000] SMP: Allowing 1 CPUs, 0 hotplug CPUs\n[    0.000000] PM: Registered nosave memory: 000000000009f000 - 00000000000a0000\n[    0.000000] PM: Registered nosave memory: 00000000000a0000 - 00000000000f0000\n[    0.000000] PM: Registered nosave memory: 00000000000f0000 - 0000000000100000\n[    0.000000] Allocating PCI resources starting at 4000000 (gap: 4000000:fbfc0000)\n[    0.000000] Booting paravirtualized kernel on bare hardware\n[    0.000000] setup_pe
2015-12-07 02:52:33,595 20645 DEBUG    [tempest.scenario.manager] Console output for 44842b8b-28d3-43a5-a5e0-89c598ed6fab
body=
[    0.000000] Initializing cgroup subsys cpuset
[    0.000000] Initializing cgroup subsys cpu
[    0.000000] Linux version 3.2.0-80-virtual (buildd@batsu) (gcc version 4.6.3 (Ubuntu/Linaro 4.6.3-1ubuntu5) ) #116-Ubuntu SMP Mon Mar 23 17:28:52 UTC 2015 (Ubuntu 3.2.0-80.116-virtual 3.2.68)
[    0.000000] Command line: root=/dev/vda console=tty0 console=ttyS0 no_timer_check
[    0.000000] KERNEL supported cpus:
[    0.000000]   Intel GenuineIntel
[    0.000000]   AMD AuthenticAMD
[    0.000000]   Centaur CentaurHauls
[    0.000000] BIOS-provided physical RAM map:
[    0.000000]  BIOS-e820: 0000000000000000 - 000000000009fc00 (usable)
[    0.000000]  BIOS-e820: 000000000009fc00 - 00000000000a0000 (reserved)
[    0.000000]  BIOS-e820: 00000000000f0000 - 0000000000100000 (reserved)
[    0.000000]  BIOS-e820: 0000000000100000 - 0000000003ffe000 (usable)
[    0.000000]  BIOS-e820: 0000000003ffe000 - 0000000004000000 (reserved)
[    0.000000]  BIOS-e820: 00000000fffc0000 - 0000000100000000 (reserved)
[    0.000000] NX (Execute Disable) protection: active
[    0.000000] SMBIOS 2.4 present.
[    0.000000] No AGP bridge found
[    0.000000] last_pfn = 0x3ffe max_arch_pfn = 0x400000000
[    0.000000] x86 PAT enabled: cpu 0, old 0x7040600070406, new 0x7010600070106
[    0.000000] found SMP MP-table at [ffff8800000f0b00] f0b00
[    0.000000] init_memory_mapping: 0000000000000000-0000000003ffe000
[    0.000000] RAMDISK: 03c5e000 - 03ff0000
[    0.000000] ACPI: RSDP 00000000000f0950 00014 (v00 BOCHS )
[    0.000000] ACPI: RSDT 0000000003fffbc1 00034 (v01 BOCHS  BXPCRSDT 00000001 BXPC 00000001)
[    0.000000] ACPI: FACP 0000000003fff1c0 00074 (v01 BOCHS  BXPCFACP 00000001 BXPC 00000001)
[    0.000000] ACPI: DSDT 0000000003ffe040 01180 (v01 BOCHS  BXPCDSDT 00000001 BXPC 00000001)
[    0.000000] ACPI: FACS 0000000003ffe000 00040
[    0.000000] ACPI: SSDT 0000000003fff234 008DD (v01 BOCHS  BXPCSSDT 00000001 BXPC 00000001)
[    0.000000] ACPI: APIC 0000000003fffb11 00078 (v01 BOCHS  BXPCAPIC 00000001 BXPC 00000001)
[    0.000000] ACPI: HPET 0000000003fffb89 00038 (v01 BOCHS  BXPCHPET 00000001 BXPC 00000001)
[    0.000000] No NUMA configuration found
[    0.000000] Faking a node at 0000000000000000-0000000003ffe000
[    0.000000] Initmem setup node 0 0000000000000000-0000000003ffe000
[    0.000000]   NODE_DATA [0000000003ff6000 - 0000000003ffafff]
[    0.000000] Zone PFN ranges:
[    0.000000]   DMA      0x00000010 -&gt; 0x00001000
[    0.000000]   DMA32    0x00001000 -&gt; 0x00100000
[    0.000000]   Normal   empty
[    0.000000] Movable zone start PFN for each node
[    0.000000] early_node_map[2] active PFN ranges
[    0.000000]     0: 0x00000010 -&gt; 0x0000009f
[    0.000000]     0: 0x00000100 -&gt; 0x00003ffe
[    0.000000] ACPI: PM-Timer IO Port: 0xb008
[    0.000000] ACPI: LAPIC (acpi_id[0x00] lapic_id[0x00] enabled)
[    0.000000] ACPI: LAPIC_NMI (acpi_id[0xff] dfl dfl lint[0x1])
[    0.000000] ACPI: IOAPIC (id[0x00] address[0xfec00000] gsi_base[0])
[    0.000000] IOAPIC[0]: apic_id 0, version 17, address 0xfec00000, GSI 0-23
[    0.000000] ACPI: INT_SRC_OVR (bus 0 bus_irq 0 global_irq 2 dfl dfl)
[    0.000000] ACPI: INT_SRC_OVR (bus 0 bus_irq 5 global_irq 5 high level)
[    0.000000] ACPI: INT_SRC_OVR (bus 0 bus_irq 9 global_irq 9 high level)
[    0.000000] ACPI: INT_SRC_OVR (bus 0 bus_irq 10 global_irq 10 high level)
[    0.000000] ACPI: INT_SRC_OVR (bus 0 bus_irq 11 global_irq 11 high level)
[    0.000000] Using ACPI (MADT) for SMP configuration information
[    0.000000] ACPI: HPET id: 0x8086a201 base: 0xfed00000
[    0.000000] SMP: Allowing 1 CPUs, 0 hotplug CPUs
[    0.000000] PM: Registered nosave memory: 000000000009f000 - 00000000000a0000
[    0.000000] PM: Registered nosave memory: 00000000000a0000 - 00000000000f0000
[    0.000000] PM: Registered nosave memory: 00000000000f0000 - 0000000000100000
[    0.000000] Allocating PCI resources starting at 4000000 (gap: 4000000:fbfc0000)
[    0.000000] Booting paravirtualized kernel on bare hardware
[    0.000000] setup_percpu: NR_CPUS:64 nr_cpumask_bits:64 nr_cpu_ids:1 nr_node_ids:1
[    0.000000] PERCPU: Embedded 27 pages/cpu @ffff880003a00000 s78848 r8192 d23552 u2097152
[    0.000000] Built 1 zonelists in Node order, mobility grouping on.  Total pages: 16008
[    0.000000] Policy zone: DMA32
[    0.000000] Kernel command line: root=/dev/vda console=tty0 console=ttyS0 no_timer_check
[    0.000000] PID hash table entries: 256 (order: -1, 2048 bytes)
[    0.000000] Checking aperture...
[    0.000000] No AGP bridge found
[    0.000000] Memory: 43492k/65528k available (6576k kernel code, 452k absent, 21584k reserved, 6620k data, 928k init)
[    0.000000] SLUB: Genslabs=15, HWalign=64, Order=0-3, MinObjects=0, CPUs=1, Nodes=1
[    0.000000] Hierarchical RCU implementation.
[    0.000000] 	RCU dyntick-idle grace-period acceleration is enabled.
[    0.000000] NR_IRQS:4352 nr_irqs:256 16
[    0.000000] Console: colour VGA+ 80x25
[    0.000000] console [tty0] enabled
[    0.000000] console [ttyS0] enabled
[    0.000000] allocated 1048576 bytes of page_cgroup
[    0.000000] please try 'cgroup_disable=memory' option if you don't want memory cgroups
[    0.000000] Fast TSC calibration failed
[    0.000000] TSC: Unable to calibrate against PIT
[    0.000000] TSC: using HPET reference calibration
[    0.000000] Detected 2294.149 MHz processor.
[    0.032968] Calibrating delay loop (skipped), value calculated using timer frequency.. 4588.29 BogoMIPS (lpj=9176596)
[    0.036488] pid_max: default: 32768 minimum: 301
[    0.045866] Security Framework initialized
[    0.050405] AppArmor: AppArmor initialized
[    0.051138] Yama: becoming mindful.
[    0.058061] Dentry cache hash table entries: 8192 (order: 4, 65536 bytes)
[    0.060310] Inode-cache hash table entries: 4096 (order: 3, 32768 bytes)
[    0.061985] Mount-cache hash table entries: 256
[    0.081190] Initializing cgroup subsys cpuacct
[    0.082237] Initializing cgroup subsys memory
[    0.084740] Initializing cgroup subsys devices
[    0.085903] Initializing cgroup subsys freezer
[    0.088207] Initializing cgroup subsys blkio
[    0.089344] Initializing cgroup subsys perf_event
[    0.094092] mce: CPU supports 10 MCE banks
[    0.097794] SMP alternatives: switching to UP code
[    0.472674] Freeing SMP alternatives: 24k freed
[    0.474491] ACPI: Core revision 20110623
[    0.522799] ftrace: allocating 26610 entries in 105 pages
[    0.561337] ..TIMER: vector=0x30 apic1=0 pin1=2 apic2=-1 pin2=-1
[    0.564175] CPU0: AMD QEMU Virtual CPU version 2.0.0 stepping 03
[    0.568034] Performance Events: Broken PMU hardware detected, using software events only.
[    0.575448] NMI watchdog disabled (cpu0): hardware events not enabled
[    0.576871] Brought up 1 CPUs
[    0.577243] Total of 1 processors activated (4588.29 BogoMIPS).
[    0.601120] devtmpfs: initialized
[    0.636237] EVM: security.selinux
[    0.636748] EVM: security.SMACK64
[    0.637353] EVM: security.capability
[    0.656966] print_constraints: dummy: 
[    0.658840] RTC time:  2:49:03, date: 12/07/15
[    0.661785] NET: Registered protocol family 16
[    0.670548] ACPI: bus type pci registered
[    0.673852] PCI: Using configuration type 1 for base access
[    0.712337] bio: create slab &lt;bio-0&gt; at 0
[    0.717653] ACPI: Added _OSI(Module Device)
[    0.718303] ACPI: Added _OSI(Processor Device)
[    0.718903] ACPI: Added _OSI(3.0 _SCP Extensions)
[    0.720113] ACPI: Added _OSI(Processor Aggregator Device)
[    0.792394] ACPI: Interpreter enabled
[    0.793026] ACPI: (supports S0 S3 S4 S5)
[    0.794822] ACPI: Using IOAPIC for interrupt routing
[    0.875099] ACPI: No dock devices found.
[    0.876187] HEST: Table not found.
[    0.876620] PCI: Using host bridge windows from ACPI; if necessary, use "pci=nocrs" and report a bug
[    0.883316] ACPI: PCI Root Bridge [PCI0] (domain 0000 [bus 00-ff])
[    0.890600] pci_root PNP0A03:00: host bridge window [io  0x0000-0x0cf7]
[    0.892158] pci_root PNP0A03:00: host bridge window [io  0x0d00-0xadff]
[    0.893241] pci_root PNP0A03:00: host bridge window [io  0xae0f-0xaeff]
[    0.894120] pci_root PNP0A03:00: host bridge window [io  0xaf20-0xafdf]
[    0.896109] pci_root PNP0A03:00: host bridge window [io  0xafe4-0xffff]
[    0.897202] pci_root PNP0A03:00: host bridge window [mem 0x000a0000-0x000bffff]
[    0.898140] pci_root PNP0A03:00: host bridge window [mem 0x04000000-0xfebfffff]
[    0.922387] pci 0000:00:01.3: quirk: [io  0xb000-0xb03f] claimed by PIIX4 ACPI
[    0.924181] pci 0000:00:01.3: quirk: [io  0xb100-0xb10f] claimed by PIIX4 SMB
[    0.986278]  pci0000:00: Unable to request _OSC control (_OSC support mask: 0x1e)
[    1.054336] ACPI: PCI Interrupt Link [LNKA] (IRQs 5 *10 11)
[    1.057816] ACPI: PCI Interrupt Link [LNKB] (IRQs 5 *10 11)
[    1.060318] ACPI: PCI Interrupt Link [LNKC] (IRQs 5 10 *11)
[    1.062185] ACPI: PCI Interrupt Link [LNKD] (IRQs 5 10 *11)
[    1.064416] ACPI: PCI Interrupt Link [LNKS] (IRQs *9)
[    1.070715] vgaarb: device added: PCI:0000:00:02.0,decodes=io+mem,owns=io+mem,locks=none
[    1.072228] vgaarb: loaded
[    1.072629] vgaarb: bridge control possible 0000:00:02.0
[    1.077089] i2c-core: driver [aat2870] using legacy suspend method
[    1.077918] i2c-core: driver [aat2870] using legacy resume method
[    1.080902] SCSI subsystem initialized
[    1.085878] usbcore: registered new interface driver usbfs
[    1.086973] usbcore: registered new interface driver hub
[    1.088738] usbcore: registered new device driver usb
[    1.094052] PCI: Using ACPI for IRQ routing
[    1.108299] NetLabel: Initializing
[    1.109045] NetLabel:  domain hash size = 128
[    1.109903] NetLabel:  protocols = UNLABELED CIPSOv4
[    1.114550] NetLabel:  unlabeled traffic allowed by default
[    1.117474] HPET: 3 timers in total, 0 timers will be used for per-cpu timer
[    1.120185] hpet0: at MMIO 0xfed00000, IRQs 2, 8, 0
[    1.121013] hpet0: 3 comparators, 64-bit 100.000000 MHz counter
[    1.133858] Switching to clocksource hpet
[    1.367425] AppArmor: AppArmor Filesystem Enabled
[    1.369922] pnp: PnP ACPI init
[    1.370450] ACPI: bus type pnp registered
[    1.389918] pnp: PnP ACPI: found 9 devices
[    1.390616] ACPI: ACPI bus type pnp unregistered
[    1.453106] NET: Registered protocol family 2
[    1.487296] IP route cache hash table entries: 512 (order: 0, 4096 bytes)
[    1.495023] TCP established hash table entries: 2048 (order: 3, 32768 bytes)
[    1.497228] TCP bind hash table entries: 2048 (order: 3, 32768 bytes)
[    1.498213] TCP: Hash tables configured (established 2048 bind 2048)
[    1.499168] TCP reno registered
[    1.499715] UDP hash table entries: 128 (order: 0, 4096 bytes)
[    1.501501] UDP-Lite hash table entries: 128 (order: 0, 4096 bytes)
[    1.503867] NET: Registered protocol family 1
[    1.505491] pci 0000:00:00.0: Limiting direct PCI/PCI transfers
[    1.506290] pci 0000:00:01.0: PIIX3: Enabling Passive Release
[    1.507315] pci 0000:00:01.0: Activating ISA DMA hang workarounds
[    1.513043] ACPI: PCI Interrupt Link [LNKD] enabled at IRQ 11
[    1.514012] pci 0000:00:01.2: PCI INT D -&gt; Link[LNKD] -&gt; GSI 11 (level, high) -&gt; IRQ 11
[    1.515916] pci 0000:00:01.2: PCI INT D disabled
[    1.543770] Trying to unpack rootfs image as initramfs...
[    1.566519] audit: initializing netlink socket (disabled)
[    1.567937] type=2000 audit(1449456543.564:1): initialized
[    1.835565] HugeTLB registered 2 MB page size, pre-allocated 0 pages
[    1.914952] VFS: Disk quotas dquot_6.5.2
[    1.916624] Dquot-cache hash table entries: 512 (order 0, 4096 bytes)
[    1.942953] fuse init (API version 7.17)
[    1.949751] msgmni has been set to 84
[    1.986927] Block layer SCSI generic (bsg) driver version 0.4 loaded (major 253)
[    1.989658] io scheduler noop registered
[    1.990315] io scheduler deadline registered (default)
[    1.994439] io scheduler cfq registered
[    2.001353] pci_hotplug: PCI Hot Plug PCI Core version: 0.5
[    2.003270] pciehp: PCI Express Hot Plug Controller Driver version: 0.4
[    2.010796] input: Power Button as /devices/LNXSYSTM:00/LNXPWRBN:00/input/input0
[    2.014021] ACPI: Power Button [PWRF]
[    2.069790] ERST: Table is not found!
[    2.070357] GHES: HEST is not enabled!
[    2.081700] ACPI: PCI Interrupt Link [LNKC] enabled at IRQ 10
[    2.082551] virtio-pci 0000:00:03.0: PCI INT A -&gt; Link[LNKC] -&gt; GSI 10 (level, high) -&gt; IRQ 10
[    2.086613] virtio-pci 0000:00:04.0: PCI INT A -&gt; Link[LNKD] -&gt; GSI 11 (level, high) -&gt; IRQ 11
[    2.098217] ACPI: PCI Interrupt Link [LNKA] enabled at IRQ 10
[    2.098998] virtio-pci 0000:00:05.0: PCI INT A -&gt; Link[LNKA] -&gt; GSI 10 (level, high) -&gt; IRQ 10
[    2.110027] Serial: 8250/16550 driver, 32 ports, IRQ sharing enabled
[    2.150452] serial8250: ttyS0 at I/O 0x3f8 (irq = 4) is a 16550A
[    2.230880] serial8250: ttyS1 at I/O 0x2f8 (irq = 3) is a 16550A
[    2.360966] 00:05: ttyS0 at I/O 0x3f8 (irq = 4) is a 16550A
[    2.436396] 00:06: ttyS1 at I/O 0x2f8 (irq = 3) is a 16550A
[    2.486526] Linux agpgart interface v0.103
[    2.525811] Refined TSC clocksource calibration: 2294.337 MHz.
[    2.526673] Switching to clocksource tsc
[    2.562546] brd: module loaded
[    2.585638] loop: module loaded
[    2.631879]  vda: unknown partition table
[    2.693676] scsi0 : ata_piix
[    2.697413] scsi1 : ata_piix
[    2.698704] ata1: PATA max MWDMA2 cmd 0x1f0 ctl 0x3f6 bmdma 0xc0a0 irq 14
[    2.699506] ata2: PATA max MWDMA2 cmd 0x170 ctl 0x376 bmdma 0xc0a8 irq 15
[    2.709594] Fixed MDIO Bus: probed
[    2.710408] tun: Universal TUN/TAP device driver, 1.6
[    2.711073] tun: (C) 1999-2004 Max Krasnyansky &lt;maxk@qualcomm.com&gt;
[    2.724088] PPP generic driver version 2.4.2
[    2.751147] ehci_hcd: USB 2.0 'Enhanced' Host Controller (EHCI) Driver
[    2.753728] ohci_hcd: USB 1.1 'Open' Host Controller (OHCI) Driver
[    2.755430] uhci_hcd: USB Universal Host Controller Interface driver
[    2.757597] uhci_hcd 0000:00:01.2: PCI INT D -&gt; Link[LNKD] -&gt; GSI 11 (level, high) -&gt; IRQ 11
[    2.760112] uhci_hcd 0000:00:01.2: UHCI Host Controller
[    2.778737] uhci_hcd 0000:00:01.2: new USB bus registered, assigned bus number 1
[    2.781626] uhci_hcd 0000:00:01.2: irq 11, io base 0x0000c040
[    2.814434] hub 1-0:1.0: USB hub found
[    2.816699] hub 1-0:1.0: 2 ports detected
[    2.827737] usbcore: registered new interface driver libusual
[    2.832975] i8042: PNP: PS/2 Controller [PNP0303:KBD,PNP0f13:MOU] at 0x60,0x64 irq 1,12
[    2.843989] serio: i8042 KBD port at 0x60,0x64 irq 1
[    2.847642] serio: i8042 AUX port at 0x60,0x64 irq 12
[    2.865220] mousedev: PS/2 mouse device common for all mice
[    2.879249] rtc_cmos 00:01: RTC can wake from S4
[    2.904625] rtc_cmos 00:01: rtc core: registered rtc_cmos as rtc0
[    2.909439] rtc0: alarms up to one day, 114 bytes nvram, hpet irqs
[    2.913809] device-mapper: uevent: version 1.0.3
[    2.929023] device-mapper: ioctl: 4.22.0-ioctl (2011-10-19) initialised: dm-devel@redhat.com
[    2.935567] cpuidle: using governor ladder
[    2.939007] cpuidle: using governor menu
[    2.941966] EFI Variables Facility v0.08 2004-May-17
[    2.958669] TCP cubic registered
[    2.965891] NET: Registered protocol family 10
[    2.998640] NET: Registered protocol family 17
[    2.999731] Registering the dns_resolver key type
[    3.011416] input: AT Translated Set 2 keyboard as /devices/platform/i8042/serio0/input/input1
[    3.044114] ata2.01: ATAPI: QEMU DVD-ROM, 2.0.0, max UDMA/100
[    3.067762] ata2.01: configured for MWDMA2
[    3.101341] scsi 1:0:1:0: CD-ROM            QEMU     QEMU DVD-ROM     2.0. PQ: 0 ANSI: 5
[    3.124890] sr0: scsi3-mmc drive: 4x/4x cd/rw xa/form2 tray
[    3.127990] cdrom: Uniform CD-ROM driver Revision: 3.20
[    3.159822] sr 1:0:1:0: Attached scsi generic sg0 type 5
[    3.191567] registered taskstats version 1
[    3.222358] Freeing initrd memory: 3656k freed
[    3.725308]   Magic number: 11:558:813
[    3.736348] rtc_cmos 00:01: setting system clock to 2015-12-07 02:49:06 UTC (1449456546)
[    3.739035] powernow-k8: Processor cpuid 663 not supported
[    3.747631] BIOS EDD facility v0.16 2004-Jun-25, 0 devices found
[    3.749091] EDD information not available.
[    3.821249] Freeing unused kernel memory: 928k freed
[    3.827657] Write protecting the kernel read-only data: 12288k
[    3.921244] Freeing unused kernel memory: 1596k freed
[    3.975511] Freeing unused kernel memory: 1184k freed

info: initramfs: up at 4.17
modprobe: module virtio_blk not found in modules.dep
modprobe: module virtio_net not found in modules.dep
info: copying initramfs to /dev/vda
info: initramfs loading root from /dev/vda
info: /etc/init.d/rc.sysinit: up at 8.81
info: container: none
Starting logging: OK
modprobe: module virtio_blk not found in modules.dep
modprobe: module virtio_net not found in modules.dep
WARN: /etc/rc3.d/S10-load-modules failed
Initializing random number generator... done.
Starting acpid: OK
cirros-ds 'local' up at 11.37
found datasource (configdrive, local)
Starting network...
udhcpc (v1.20.1) started
Sending discover...
Sending discover...
Sending discover...
Usage: /sbin/cirros-dhcpc &lt;up|down&gt;
No lease, failing
WARN: /etc/rc3.d/S40-network failed
Starting dropbear sshd: generating rsa key... generating dsa key... OK
no userdata for datasource
=== system information ===
Platform: OpenStack Foundation OpenStack Nova
Container: none
Arch: x86_64
CPU(s): 1 @ 2294.149 MHz
Cores/Sockets/Threads: 1/1/1
Virt-type: AMD-V
RAM Size: 49MB
Disks:
NAME MAJ:MIN     SIZE LABEL         MOUNTPOINT
vda  253:0   25165824 cirros-rootfs /
sr0   11:0     428032 config-2      
=== sshd host keys ===
-----BEGIN SSH HOST KEY KEYS-----
ssh-rsa AAAAB3NzaC1yc2EAAAADAQABAAAAgwDF0Zxp1J/cvs0/03zcqf/c+vwmqMqHvFVAuqe0NFTyEn8HnmUbIrM93mPcCLIxAaviZDTl+EhslJWl1e+KA0tW8seU72IE+9gnuMLPFuo1cySHfRLzm2CoAWxM4dq0x1IxDTnLixnAaHbqtMvbNGKzcevCpXcMQCDoJAtwGwITiSHF root@tempest
ssh-dss AAAAB3NzaC1kc3MAAACBANt1ousIOdNM68NDmwlV5GxvQNg/7JzkTuwgKwcOvcjhBHlTWoJf4v6KxQiR+yPhn9fcAY0KIgHOawKWpEcjBF7R61ABMUHAAkbewYYjf3b0ZowzLwbSflu7GHZTKXN9Qgr8l5d0n0+WOfjhR1COLVh4OR6lKrQYOh3zkHLW8VW7AAAAFQDa+zyhgy9JTskxVwF4Ym/AhrM0uQAAAIBiMT47x1RyMDJgB7bYsfsP/3verefjpGWi2jBFU3Nf6BFoYhhHAKfXSr7tjZFnCL+fQuF+SEoThOrHgXBsQM0w0e4qH4HK0rJ+AzkyL/hB346EYbv/gngyfDkFQ7cLN3Fxd+3dktc18bUaxoPj/28GKrGVYS0SclRHmjDUxLL98gAAAIEAuXoL70eLG26zo+OX2QtgTCPcCbr4sDJBzSZ7RKnagA9No9dEYV/wcQ4pF8GBRSNCn9eJIyuXbZ53Pf75tfbRfvzm39IpGoJoeSl3NC+tBG7PZwIaFhAnXLLs8aW5hd2ztDfegN4cy4CRETMOqGSB8LaIRWBccftPtOvE3h7Y7YI= root@tempest
-----END SSH HOST KEY KEYS-----
=== network info ===
if-info: lo,up,127.0.0.1,8,::1
if-info: eth0,up,,8,fe80::f816:3eff:fe41:6fbd
=== datasource: configdrive local ===
instance-id: 44842b8b-28d3-43a5-a5e0-89c598ed6fab
name: tempest.common.compute-instance-678535377
availability-zone: nova
local-hostname: tempest.common.compute-instance-678535377.novalocal
launch-index: 0
=== cirros: current=0.3.4 uptime=202.97 ===
route: fscanf
=== pinging gateway failed, debugging connection ===
############ debug start ##############
### /etc/init.d/sshd start
Starting dropbear sshd: OK
route: fscanf
### ifconfig -a
eth0      Link encap:Ethernet  HWaddr FA:16:3E:41:6F:BD  
          inet6 addr: fe80::f816:3eff:fe41:6fbd/64 Scope:Link
          UP BROADCAST RUNNING MULTICAST  MTU:1500  Metric:1
          RX packets:12 errors:0 dropped:5 overruns:0 frame:0
          TX packets:8 errors:0 dropped:0 overruns:0 carrier:0
          collisions:0 txqueuelen:1000 
          RX bytes:1303 (1.2 KiB)  TX bytes:1134 (1.1 KiB)

lo        Link encap:Local Loopback  
          inet addr:127.0.0.1  Mask:255.0.0.0
          inet6 addr: ::1/128 Scope:Host
          UP LOOPBACK RUNNING  MTU:16436  Metric:1
          RX packets:12 errors:0 dropped:0 overruns:0 frame:0
          TX packets:12 errors:0 dropped:0 overruns:0 carrier:0
          collisions:0 txqueuelen:0 
          RX bytes:1020 (1020.0 B)  TX bytes:1020 (1020.0 B)

### route -n
Kernel IP routing table
Destination     Gateway         Genmask         Flags Metric Ref    Use Iface
route: fscanf
### cat /etc/resolv.conf
cat: can't open '/etc/resolv.conf': No such file or directory
### gateway not found
/sbin/cirros-status: line 1: can't open /etc/resolv.conf: no such file
### pinging nameservers
### uname -a
Linux tempest 3.2.0-80-virtual #116-Ubuntu SMP Mon Mar 23 17:28:52 UTC 2015 x86_64 GNU/Linux
### lsmod
Module                  Size  Used by    Not tainted
nls_iso8859_1          12713  0 
nls_cp437              16991  0 
vfat                   17585  0 
fat                    61512  1 vfat
isofs                  40259  0 
ip_tables              27473  0 
x_tables               29891  1 ip_tables
pcnet32                42119  0 
8139cp                 27360  0 
ne2k_pci               13691  0 
8390                   18856  1 ne2k_pci
e1000                 108589  0 
acpiphp                24231  0 
### dmesg | tail
[    4.923168] EXT3-fs (vda): mounted filesystem with ordered data mode
[    5.262578] ISO 9660 Extensions: Microsoft Joliet Level 3
[    5.341656] ISO 9660 Extensions: RRIP_1991A
[    5.602936] kjournald starting.  Commit interval 5 seconds
[    5.621687] EXT3-fs (vda): using internal journal
[    5.622112] EXT3-fs (vda): mounted filesystem with ordered data mode
[    8.873360] EXT3-fs (vda): using internal journal
[   12.100400] ISO 9660 Extensions: Microsoft Joliet Level 3
[   12.194014] ISO 9660 Extensions: RRIP_1991A
[   26.842259] eth0: no IPv6 routers present
### tail -n 25 /var/log/messages
Dec  7 02:49:13 cirros kern.info kernel: [    4.446715] acpiphp: Slot [26] registered
Dec  7 02:49:13 cirros kern.info kernel: [    4.447017] acpiphp: Slot [27] registered
Dec  7 02:49:13 cirros kern.info kernel: [    4.447148] acpiphp: Slot [28] registered
Dec  7 02:49:13 cirros kern.info kernel: [    4.447503] acpiphp: Slot [29] registered
Dec  7 02:49:13 cirros kern.info kernel: [    4.447803] acpiphp: Slot [30] registered
Dec  7 02:49:13 cirros kern.info kernel: [    4.448039] acpiphp: Slot [31] registered
Dec  7 02:49:13 cirros kern.info kernel: [    4.501296] e1000: Intel(R) PRO/1000 Network Driver - version 7.3.21-k8-NAPI
Dec  7 02:49:13 cirros kern.info kernel: [    4.501351] e1000: Copyright (c) 1999-2006 Intel Corporation.
Dec  7 02:49:13 cirros kern.info kernel: [    4.538137] ne2k-pci.c:v1.03 9/22/2003 D. Becker/P. Gortmaker
Dec  7 02:49:13 cirros kern.info kernel: [    4.572061] 8139cp: 8139cp: 10/100 PCI Ethernet driver v1.3 (Mar 22, 2004)
Dec  7 02:49:13 cirros kern.info kernel: [    4.618611] pcnet32: pcnet32.c:v1.35 21.Apr.2008 tsbogend@alpha.franken.de
Dec  7 02:49:13 cirros kern.info kernel: [    4.661750] ip_tables: (C) 2000-2006 Netfilter Core Team
Dec  7 02:49:13 cirros kern.info kernel: [    4.914264] kjournald starting.  Commit interval 5 seconds
Dec  7 02:49:13 cirros kern.info kernel: [    4.923168] EXT3-fs (vda): mounted filesystem with ordered data mode
Dec  7 02:49:13 cirros kern.debug kernel: [    5.262578] ISO 9660 Extensions: Microsoft Joliet Level 3
Dec  7 02:49:13 cirros kern.debug kernel: [    5.341656] ISO 9660 Extensions: RRIP_1991A
Dec  7 02:49:13 cirros kern.info kernel: [    5.602936] kjournald starting.  Commit interval 5 seconds
Dec  7 02:49:13 cirros kern.info kernel: [    5.621687] EXT3-fs (vda): using internal journal
Dec  7 02:49:13 cirros kern.info kernel: [    5.622112] EXT3-fs (vda): mounted filesystem with ordered data mode
Dec  7 02:49:13 cirros kern.info kernel: [    8.873360] EXT3-fs (vda): using internal journal
Dec  7 02:49:14 cirros kern.debug kernel: [   12.100400] ISO 9660 Extensions: Microsoft Joliet Level 3
Dec  7 02:49:14 cirros kern.debug kernel: [   12.194014] ISO 9660 Extensions: RRIP_1991A
Dec  7 02:49:18 cirros auth.notice su: + /dev/console root:cirros
Dec  7 02:49:29 cirros kern.debug kernel: [   26.842259] eth0: no IPv6 routers present
Dec  7 02:52:23 cirros authpriv.info dropbear[283]: Running in background
############ debug end   ##############
  ____               ____  ____
 / __/ __ ____ ____ / __ \/ __/
/ /__ / // __// __// /_/ /\ \ 
\___//_//_/  /_/   \____/___/ 
   http://cirros-cloud.net


login as 'cirros' user. default password: 'cubswin:)'. use 'sudo' for root.
tempest login: 
2015-12-07 02:52:33,885 20645 INFO     [tempest_lib.common.rest_client] Request (TestGettingAddress:_run_cleanups): 204 DELETE http://10.0.2.15:9696/v2.0/floatingips/14967050-36f4-456b-844b-98c782cca405 0.287s
2015-12-07 02:52:33,885 20645 DEBUG    [tempest_lib.common.rest_client] Request - Headers: {'Content-Type': 'application/json', 'Accept': 'application/json', 'X-Auth-Token': '&lt;omitted&gt;'}
        Body: None
    Response - Headers: {'date': 'Mon, 07 Dec 2015 02:52:33 GMT', 'status': '204', 'connection': 'close', 'content-length': '0', 'x-openstack-request-id': 'req-b2456e8b-2157-4f65-b64a-2179e7155880'}
        Body: 
2015-12-07 02:52:34,110 20645 INFO     [tempest_lib.common.rest_client] Request (TestGettingAddress:_run_cleanups): 204 DELETE http://10.0.2.15:8774/v2.1/fc3a56952d0c46cb81913c152ea6b6db/servers/44842b8b-28d3-43a5-a5e0-89c598ed6fab 0.225s
2015-12-07 02:52:34,111 20645 DEBUG    [tempest_lib.common.rest_client] Request - Headers: {'Content-Type': 'application/json', 'Accept': 'application/json', 'X-Auth-Token': '&lt;omitted&gt;'}
        Body: None
    Response - Headers: {'status': '204', 'content-length': '0', 'x-compute-request-id': 'req-d289d618-84e5-4c24-aa59-5e0110d70823', 'vary': 'X-OpenStack-Nova-API-Version', 'connection': 'close', 'x-openstack-nova-api-version': '2.1', 'date': 'Mon, 07 Dec 2015 02:52:34 GMT', 'content-type': 'application/json'}
        Body: 
2015-12-07 02:52:34,338 20645 INFO     [tempest_lib.common.rest_client] Request (TestGettingAddress:_run_cleanups): 200 GET http://10.0.2.15:8774/v2.1/fc3a56952d0c46cb81913c152ea6b6db/servers/44842b8b-28d3-43a5-a5e0-89c598ed6fab 0.227s
2015-12-07 02:52:34,339 20645 DEBUG    [tempest_lib.common.rest_client] Request - Headers: {'Content-Type': 'application/json', 'Accept': 'application/json', 'X-Auth-Token': '&lt;omitted&gt;'}
        Body: None
    Response - Headers: {'status': '200', 'content-length': '1902', 'content-location': 'http://10.0.2.15:8774/v2.1/fc3a56952d0c46cb81913c152ea6b6db/servers/44842b8b-28d3-43a5-a5e0-89c598ed6fab', 'x-compute-request-id': 'req-cbd8e656-16bd-4603-927e-79e5bef74f61', 'vary': 'X-OpenStack-Nova-API-Version', 'connection': 'close', 'x-openstack-nova-api-version': '2.1', 'date': 'Mon, 07 Dec 2015 02:52:34 GMT', 'content-type': 'application/json'}
        Body: {"server": {"status": "ACTIVE", "updated": "2015-12-07T02:52:34Z", "hostId": "b18e77e364176cb5f425af333662281c8ec0634b48746cd0c91ccc59", "addresses": {"tempest-network-smoke--909949862": [{"OS-EXT-IPS-MAC:mac_addr": "fa:16:3e:41:6f:bd", "version": 4, "addr": "10.100.0.3", "OS-EXT-IPS:type": "fixed"}, {"OS-EXT-IPS-MAC:mac_addr": "fa:16:3e:41:6f:bd", "version": 6, "addr": "2003::f816:3eff:fe41:6fbd", "OS-EXT-IPS:type": "fixed"}, {"OS-EXT-IPS-MAC:mac_addr": "fa:16:3e:41:6f:bd", "version": 4, "addr": "172.24.4.4", "OS-EXT-IPS:type": "floating"}]}, "links": [{"href": "http://10.0.2.15:8774/v2.1/fc3a56952d0c46cb81913c152ea6b6db/servers/44842b8b-28d3-43a5-a5e0-89c598ed6fab", "rel": "self"}, {"href": "http://10.0.2.15:8774/fc3a56952d0c46cb81913c152ea6b6db/servers/44842b8b-28d3-43a5-a5e0-89c598ed6fab", "rel": "bookmark"}], "key_name": "tempest-TestGettingAddress-1555635994", "image": {"id": "cb26a5d6-9e96-4088-b70a-d68177479c85", "links": [{"href": "http://10.0.2.15:8774/fc3a56952d0c46cb81913c152ea6b6db/images/cb26a5d6-9e96-4088-b70a-d68177479c85", "rel": "bookmark"}]}, "OS-EXT-STS:task_state": "deleting", "OS-EXT-STS:vm_state": "active", "OS-SRV-USG:launched_at": "2015-12-07T02:49:00.000000", "flavor": {"id": "42", "links": [{"href": "http://10.0.2.15:8774/fc3a56952d0c46cb81913c152ea6b6db/flavors/42", "rel": "bookmark"}]}, "id": "44842b8b-28d3-43a5-a5e0-89c598ed6fab", "security_groups": [{"name": "tempest-secgroup-smoke-463178220"}], "OS-SRV-USG:terminated_at": null, "OS-EXT-AZ:availability_zone": "nova", "user_id": "b69b035041e3499f953de0cae56e5da1", "name": "tempest.common.compute-instance-678535377", "created": "2015-12-07T02:48:56Z", "tenant_id": "fc3a56952d0c46cb81913c152ea6b6db", "OS-DCF:diskConfig": "MANUAL", "os-extended-volumes:volumes_attached": [], "accessIPv4": "", "accessIPv6": "", "progress": 0, "OS-EXT-STS:power_state": 1, "config_drive": "True", "metadata": {}}}
2015-12-07 02:52:35,536 20645 INFO     [tempest_lib.common.rest_client] Request (TestGettingAddress:_run_cleanups): 200 GET http://10.0.2.15:8774/v2.1/fc3a56952d0c46cb81913c152ea6b6db/servers/44842b8b-28d3-43a5-a5e0-89c598ed6fab 0.182s
2015-12-07 02:52:35,536 20645 DEBUG    [tempest_lib.common.rest_client] Request - Headers: {'Content-Type': 'application/json', 'Accept': 'application/json', 'X-Auth-Token': '&lt;omitted&gt;'}
        Body: None
    Response - Headers: {'status': '200', 'content-length': '1835', 'content-location': 'http://10.0.2.15:8774/v2.1/fc3a56952d0c46cb81913c152ea6b6db/servers/44842b8b-28d3-43a5-a5e0-89c598ed6fab', 'x-compute-request-id': 'req-a43d22f7-a219-4179-9d77-6724ae824d92', 'vary': 'X-OpenStack-Nova-API-Version', 'connection': 'close', 'x-openstack-nova-api-version': '2.1', 'date': 'Mon, 07 Dec 2015 02:52:35 GMT', 'content-type': 'application/json'}
        Body: {"server": {"status": "ACTIVE", "updated": "2015-12-07T02:52:34Z", "hostId": "b18e77e364176cb5f425af333662281c8ec0634b48746cd0c91ccc59", "addresses": {"tempest-network-smoke--909949862": [{"OS-EXT-IPS-MAC:mac_addr": "fa:16:3e:41:6f:bd", "version": 4, "addr": "10.100.0.3", "OS-EXT-IPS:type": "fixed"}, {"OS-EXT-IPS-MAC:mac_addr": "fa:16:3e:41:6f:bd", "version": 6, "addr": "2003::f816:3eff:fe41:6fbd", "OS-EXT-IPS:type": "fixed"}, {"OS-EXT-IPS-MAC:mac_addr": "fa:16:3e:41:6f:bd", "version": 4, "addr": "172.24.4.4", "OS-EXT-IPS:type": "floating"}]}, "links": [{"href": "http://10.0.2.15:8774/v2.1/fc3a56952d0c46cb81913c152ea6b6db/servers/44842b8b-28d3-43a5-a5e0-89c598ed6fab", "rel": "self"}, {"href": "http://10.0.2.15:8774/fc3a56952d0c46cb81913c152ea6b6db/servers/44842b8b-28d3-43a5-a5e0-89c598ed6fab", "rel": "bookmark"}], "key_name": "tempest-TestGettingAddress-1555635994", "image": {"id": "cb26a5d6-9e96-4088-b70a-d68177479c85", "links": [{"href": "http://10.0.2.15:8774/fc3a56952d0c46cb81913c152ea6b6db/images/cb26a5d6-9e96-4088-b70a-d68177479c85", "rel": "bookmark"}]}, "OS-EXT-STS:task_state": "deleting", "OS-EXT-STS:vm_state": "active", "OS-SRV-USG:launched_at": "2015-12-07T02:49:00.000000", "flavor": {"id": "42", "links": [{"href": "http://10.0.2.15:8774/fc3a56952d0c46cb81913c152ea6b6db/flavors/42", "rel": "bookmark"}]}, "id": "44842b8b-28d3-43a5-a5e0-89c598ed6fab", "OS-SRV-USG:terminated_at": null, "OS-EXT-AZ:availability_zone": "nova", "user_id": "b69b035041e3499f953de0cae56e5da1", "name": "tempest.common.compute-instance-678535377", "created": "2015-12-07T02:48:56Z", "tenant_id": "fc3a56952d0c46cb81913c152ea6b6db", "OS-DCF:diskConfig": "MANUAL", "os-extended-volumes:volumes_attached": [], "accessIPv4": "", "accessIPv6": "", "progress": 0, "OS-EXT-STS:power_state": 1, "config_drive": "True", "metadata": {}}}
2015-12-07 02:52:36,637 20645 INFO     [tempest_lib.common.rest_client] Request (TestGettingAddress:_run_cleanups): 404 GET http://10.0.2.15:8774/v2.1/fc3a56952d0c46cb81913c152ea6b6db/servers/44842b8b-28d3-43a5-a5e0-89c598ed6fab 0.079s
2015-12-07 02:52:36,637 20645 DEBUG    [tempest_lib.common.rest_client] Request - Headers: {'Content-Type': 'application/json', 'Accept': 'application/json', 'X-Auth-Token': '&lt;omitted&gt;'}
        Body: None
    Response - Headers: {'status': '404', 'content-length': '111', 'x-compute-request-id': 'req-f7f155aa-5020-4b13-a051-ea8678f63e8e', 'vary': 'X-OpenStack-Nova-API-Version', 'connection': 'close', 'x-openstack-nova-api-version': '2.1', 'date': 'Mon, 07 Dec 2015 02:52:36 GMT', 'content-type': 'application/json; charset=UTF-8'}
        Body: {"itemNotFound": {"message": "Instance 44842b8b-28d3-43a5-a5e0-89c598ed6fab could not be found.", "code": 404}}
2015-12-07 02:52:37,081 20645 INFO     [tempest_lib.common.rest_client] Request (TestGettingAddress:_run_cleanups): 200 PUT http://10.0.2.15:9696/v2.0/routers/4e1e48d3-eec6-4878-a1c2-0c29de7ccf79/remove_router_interface 0.442s
2015-12-07 02:52:37,081 20645 DEBUG    [tempest_lib.common.rest_client] Request - Headers: {'Content-Type': 'application/json', 'Accept': 'application/json', 'X-Auth-Token': '&lt;omitted&gt;'}
        Body: {"subnet_id": "a3c3ba1a-80ca-45c9-8d0c-1fd9f5836ed9"}
    Response - Headers: {'status': '200', 'content-length': '255', 'connection': 'close', 'date': 'Mon, 07 Dec 2015 02:52:37 GMT', 'content-type': 'application/json; charset=UTF-8', 'x-openstack-request-id': 'req-6d78133a-6bda-462b-8e2b-2e99663f20fa'}
        Body: {"subnet_id": "a3c3ba1a-80ca-45c9-8d0c-1fd9f5836ed9", "tenant_id": "fc3a56952d0c46cb81913c152ea6b6db", "subnet_ids": ["a3c3ba1a-80ca-45c9-8d0c-1fd9f5836ed9"], "port_id": "85fdaaf3-7375-4bc1-b729-d67bbd4dcbf9", "id": "4e1e48d3-eec6-4878-a1c2-0c29de7ccf79"}
2015-12-07 02:52:37,545 20645 INFO     [tempest_lib.common.rest_client] Request (TestGettingAddress:_run_cleanups): 204 DELETE http://10.0.2.15:9696/v2.0/subnets/a3c3ba1a-80ca-45c9-8d0c-1fd9f5836ed9 0.462s
2015-12-07 02:52:37,546 20645 DEBUG    [tempest_lib.common.rest_client] Request - Headers: {'Content-Type': 'application/json', 'Accept': 'application/json', 'X-Auth-Token': '&lt;omitted&gt;'}
        Body: None
    Response - Headers: {'date': 'Mon, 07 Dec 2015 02:52:37 GMT', 'status': '204', 'connection': 'close', 'content-length': '0', 'x-openstack-request-id': 'req-71d6b3ea-d97b-4299-b455-218a6737cc21'}
        Body: 
2015-12-07 02:52:37,582 20645 INFO     [tempest_lib.common.rest_client] Request (TestGettingAddress:_run_cleanups): 404 DELETE http://10.0.2.15:9696/v2.0/subnets/a3c3ba1a-80ca-45c9-8d0c-1fd9f5836ed9 0.035s
2015-12-07 02:52:37,583 20645 DEBUG    [tempest_lib.common.rest_client] Request - Headers: {'Content-Type': 'application/json', 'Accept': 'application/json', 'X-Auth-Token': '&lt;omitted&gt;'}
        Body: None
    Response - Headers: {'status': '404', 'content-length': '136', 'connection': 'close', 'date': 'Mon, 07 Dec 2015 02:52:37 GMT', 'content-type': 'application/json; charset=UTF-8', 'x-openstack-request-id': 'req-4b3930ce-e294-41cc-b020-ac12833b501c'}
        Body: {"NeutronError": {"message": "Subnet a3c3ba1a-80ca-45c9-8d0c-1fd9f5836ed9 could not be found.", "type": "SubnetNotFound", "detail": ""}}
