<?xml version="1.0" encoding="UTF-8"?>
<!DOCTYPE html PUBLIC "-//W3C//DTD XHTML 1.0 Strict//EN"
     "http://www.w3.org/TR/xhtml1/DTD/xhtml1-strict.dtd">
<html xmlns="http://www.w3.org/1999/xhtml">
<head>
    <title>Unit Test Report</title>
    <meta name="generator" content="subunit2html 0.1"/>
    <meta http-equiv="Content-Type" content="text/html; charset=UTF-8"/>
    
<style type="text/css" media="screen">
body        { font-family: verdana, arial, helvetica, sans-serif;
    font-size: 80%; }
table       { font-size: 100%; width: 100%;}
pre         { font-size: 80%; }

/* -- heading -------------------------------------------------------------- */
h1 {
        font-size: 16pt;
        color: gray;
}
.heading {
    margin-top: 0ex;
    margin-bottom: 1ex;
}

.heading .attribute {
    margin-top: 1ex;
    margin-bottom: 0;
}

.heading .description {
    margin-top: 4ex;
    margin-bottom: 6ex;
}

/* -- css div popup -------------------------------------------------------- */
a.popup_link {
}

a.popup_link:hover {
    color: red;
}

.popup_window {
    display: none;
    overflow-x: scroll;
    /*border: solid #627173 1px; */
    padding: 10px;
    background-color: #E6E6D6;
    font-family: "Ubuntu Mono", "Lucida Console", "Courier New", monospace;
    text-align: left;
    font-size: 8pt;
}

}
/* -- report --------------------------------------------------------------- */
#show_detail_line {
    margin-top: 3ex;
    margin-bottom: 1ex;
}
#result_table {
    width: 100%;
    border-collapse: collapse;
    border: 1px solid #777;
}
#header_row {
    font-weight: bold;
    color: white;
    background-color: #777;
}
#result_table td {
    border: 1px solid #777;
    padding: 2px;
}
#total_row  { font-weight: bold; }
.passClass  { background-color: #6c6; }
.failClass  { background-color: #c60; }
.errorClass { background-color: #c00; }
.passCase   { color: #6c6; }
.failCase   { color: #c60; font-weight: bold; }
.errorCase  { color: #c00; font-weight: bold; }
.hiddenRow  { display: none; }
.testcase   { margin-left: 2em; }
td.testname {width: 40%}
td.small {width: 40px}

/* -- ending --------------------------------------------------------------- */
#ending {
}

</style>

</head>
<body>
<script language="javascript" type="text/javascript"><!--
output_list = Array();

/* level - 0:Summary; 1:Failed; 2:All */
function showCase(level) {
    trs = document.getElementsByTagName("tr");
    for (var i = 0; i < trs.length; i++) {
        tr = trs[i];
        id = tr.id;
        if (id.substr(0,2) == 'ft') {
            if (level < 1) {
                tr.className = 'hiddenRow';
            }
            else {
                tr.className = '';
            }
        }
        if (id.substr(0,2) == 'pt') {
            if (level > 1) {
                tr.className = '';
            }
            else {
                tr.className = 'hiddenRow';
            }
        }
    }
}


function showClassDetail(cid, count) {
    var id_list = Array(count);
    var toHide = 1;
    for (var i = 0; i < count; i++) {
        tid0 = 't' + cid.substr(1) + '.' + (i+1);
        tid = 'f' + tid0;
        tr = document.getElementById(tid);
        if (!tr) {
            tid = 'p' + tid0;
            tr = document.getElementById(tid);
        }
        id_list[i] = tid;
        if (tr.className) {
            toHide = 0;
        }
    }
    for (var i = 0; i < count; i++) {
        tid = id_list[i];
        if (toHide) {
            document.getElementById('div_'+tid).style.display = 'none'
            document.getElementById(tid).className = 'hiddenRow';
        }
        else {
            document.getElementById(tid).className = '';
        }
    }
}


function showTestDetail(div_id){
    var details_div = document.getElementById(div_id)
    var displayState = details_div.style.display
    // alert(displayState)
    if (displayState != 'block' ) {
        displayState = 'block'
        details_div.style.display = 'block'
    }
    else {
        details_div.style.display = 'none'
    }
}


function html_escape(s) {
    s = s.replace(/&/g,'&amp;');
    s = s.replace(/</g,'&lt;');
    s = s.replace(/>/g,'&gt;');
    return s;
}

/* obsoleted by detail in <div>
function showOutput(id, name) {
    var w = window.open("", //url
                    name,
                    "resizable,scrollbars,status,width=800,height=450");
    d = w.document;
    d.write("<pre>");
    d.write(html_escape(output_list[id]));
    d.write("\n");
    d.write("<a href='javascript:window.close()'>close</a>\n");
    d.write("</pre>\n");
    d.close();
}
*/
--></script>

<div class='heading'>
<h1>Unit Test Report</h1>

<p class='attribute'><strong>Status:</strong> Failure 8</p>

<p class='description'></p>
</div>



<p id='show_detail_line'>Show
<a href='javascript:showCase(0)'>Summary</a>
<a href='javascript:showCase(1)'>Failed</a>
<a href='javascript:showCase(2)'>All</a>
</p>
<table id='result_table'>
<colgroup>
<col align='left' />
<col align='right' />
<col align='right' />
<col align='right' />
<col align='right' />
<col align='right' />
<col align='right' />
<col align='right' />
</colgroup>
<tr id='header_row'>
    <td>Test Group/Test case</td>
    <td>Count</td>
    <td>Pass</td>
    <td>Fail</td>
    <td>Error</td>
    <td>Skip</td>
    <td>View</td>
    <td> </td>
</tr>

<tr class='failClass'>
    <td class="testname">tempest.scenario.test_network_v6.TestGettingAddress</td>
    <td class="small">8</td>
    <td class="small">0</td>
    <td class="small">8</td>
    <td class="small">0</td>
    <td class="small">0</td>
    <td class="small"><a href="javascript:showClassDetail('c1',8)"
>Detail</a></td>
    <td> </td>
</tr>

<tr id='ft1.1' class='none'>
    <td class='failCase'><div class='testcase'>test_dhcp6_stateless_from_os[compute,id-d7e1f858-187c-45a6-89c9-bdafde619a9f,network]</div></td>
    <td colspan='7' align='left'>

    <!--css div popup start-->
    <a class="popup_link" onfocus='this.blur();'
    href="javascript:showTestDetail('div_ft1.1')" >
        fail</a>

    <div id='div_ft1.1' class="popup_window">
        <div style='text-align: right; color:red;cursor:pointer'>
        <a onfocus='this.blur();'
onclick="document.getElementById('div_ft1.1').style.display = 'none' " >
           [x]</a>
        </div>
        <pre>
        
ft1.1: tempest.scenario.test_network_v6.TestGettingAddress.test_dhcp6_stateless_from_os[compute,id-d7e1f858-187c-45a6-89c9-bdafde619a9f,network]_StringException: Empty attachments:
  stderr
  stdout

pythonlogging:'': {{{
2016-01-05 05:45:03,299 25031 INFO     [tempest_lib.common.rest_client] Request (TestGettingAddress:setUp): 200 POST http://10.0.2.15:8774/v2.1/2e5d44f540f642a980db2216b9e2e411/os-keypairs 0.454s
2016-01-05 05:45:03,300 25031 DEBUG    [tempest_lib.common.rest_client] Request - Headers: {'Content-Type': 'application/json', 'Accept': 'application/json', 'X-Auth-Token': '&lt;omitted&gt;'}
        Body: {"keypair": {"name": "tempest-TestGettingAddress-2054503237"}}
    Response - Headers: {'status': '200', 'content-length': '2320', 'x-compute-request-id': 'req-f1e88abf-aab2-41b9-a86d-60c325a07c17', 'vary': 'X-OpenStack-Nova-API-Version', 'connection': 'close', 'x-openstack-nova-api-version': '2.1', 'date': 'Tue, 05 Jan 2016 05:45:03 GMT', 'content-type': 'application/json'}
        Body: {"keypair": {"public_key": "ssh-rsa AAAAB3NzaC1yc2EAAAADAQABAAABAQCSS3SPThD1kW4cawat8AFjfRKAzJ8z9eF5QMLURyxmU8FOemKynG0GOZfuDiP+K6hlOJ7wCoonctmmWp2VA0wiEx0v0e/9dgkr5zDzYtJ1ofa7B+w/0VNmrs7hb173j2Ry4lUiMvtJU8vTTe3Yw4U1DWn2eWy1840RuHBR68f3Wpp/eLNXTjcMFK0dmP3JoAbXjKGg+QdOtdguHgVlJ/94W3T9SNdlcx27x70bVFod3t2KOQtSxjTwuC08r9rsQTRCqZ1ZIz+yJYTsKOw8/zubaxZm/TxYL7PIyhtSWrL9YNK+5y+Yer9IuREiVOiCix8eXdBu5YOOuo1V4aBp5C1B Generated-by-Nova", "private_key": "-----BEGIN RSA PRIVATE KEY-----\nMIIEpwIBAAKCAQEAkkt0j04Q9ZFuHGsGrfABY30SgMyfM/XheUDC1EcsZlPBTnpi\nspxtBjmX7g4j/iuoZTie8AqKJ3LZplqdlQNMIhMdL9Hv/XYJK+cw82LSdaH2uwfs\nP9FTZq7O4W9e949kcuJVIjL7SVPL003t2MOFNQ1p9nlstfONEbhwUevH91qaf3iz\nV043DBStHZj9yaAG14yhoPkHTrXYLh4FZSf/eFt0/UjXZXMdu8e9G1RaHd7dijkL\nUsY08LgtPK/a7EE0QqmdWSM/siWE7CjsPP87m2sWZv08WC+zyMobUlqy/WDSvucv\nmHq/SLkRIlTogosfHl3QbuWDjrqNVeGgaeQtQQIDAQABAoIBAGeCX+xtTe6SgZg1\n2boEENd1zTu4jARVurzyJ2fPHAkixaljSqYZq8I1yduzwZ+7ACDuWPZ6Xpne10Su\n5MRkWt/ZKlOFdQqfE4ouwCHVEBgPCuX2ix/0WdBTaylyhX0fxfDLV3UlIUsWsSbH\nArzWSk/pN8oey95JfszE9SPhcdD/BmgStav0QEGLtKs/q7+55/i7Xbw+dr5K23ug\n1UHQDK8ipEaD8sNdqS1P8Hq7W+kOMo4IakdPY5hiAqCVf1gIsWcyCa+KkjKOrDxo\neGy7o6cK/S9dwph4Eg+Wbd4mLMMBmUDlqH38sAlqMW20IcodzuVIFk2jP+g4m1T7\nofzqwgkCggCBAL/ixOCua34DBQdKui0nbJynHOO6TRhpImvrojaklrr6CGJNVRAA\nxyGC8GNC9t4F+srrZ3U88JqMELiU5UEaDruBOQ+TBRA/QiODKNg+m0IqFGeNd2QI\nfqJOefpG7ag/gN4SEV0gbGzuS3sddgPv+cWBSO5ArdHr8BGq4tfHlH83AoIAgQDD\nLPz5nGMO841gpIbc6ksiRYeW0N0B+8s3qnBRx5JYzbIF7Ye38FLrp3uvP5gcuXwE\nxd4YPtVxilo2xmBCaDsCjkD4eK59X9NX/FX3Xf/kGHMzxx9NN/4f9IqCVxgMsIYF\nM6Mqo2YaOmUib5ci22Dh/mLOeQbqHeFO/u2nHqLDRwKCAIAibR8BaImkjAok6sVI\nQKB94oWOXehjDsm8LwRlZVYdqapDaLhwLJONcZ6LUIJWByCds2pWYF6Se7qsQxp2\neaRXA7InFyt7ZL4K/Qcg9OqKDl6mzXy0F8oQeJ/txTfyTaJjNT6kRKLvUDl+lySL\nREy9oJpjFHubBAeIQ+565DXCNQKCAIAtK/xgyREkJLpT48BS4OcCx5TaEv0TuHMQ\nLyJPyyDT7MeHF7KRn82RPPIjXVSXUVaixCji86fy31KB2ufsdrMxpDrlRwkbe1Iu\nyvgaiGbxI7eGBE/6TztBqhdkk0O9rB1Yltrsw2SeLWW60pjoOF3z8CxuHRS8mq3K\n2rWmODDzgQKCAIBLS9WFEMz4EXIJIFFiQTnB5ASpjhnlAjjfHXG8nIEJu1su5tH7\ntiY9Pdt/t/xkTfbfjhVui5yW5PE18IUfu6PPVbat6A5l7NEmr7ztcDXqZEo37Nxg\ndDDJU5wOQXAYYjxRvJhBTANvYC2TK15Hw2JatyPTAQEHMN1ppq9LEDSPIA==\n-----END RSA PRIVATE KEY-----\n", "user_id": "a464ec086c0243bf93c8aae09e82fac2", "name": "tempest-TestGettingAddress-2054503237", "fingerprint": "fd:06:ea:6d:20:26:d9:f4:ec:00:c7:ab:8d:f7:9b:a3"}}
2016-01-05 05:45:03,654 25031 INFO     [tempest_lib.common.rest_client] Request (TestGettingAddress:setUp): 201 POST http://10.0.2.15:9696/v2.0/security-groups 0.349s
2016-01-05 05:45:03,655 25031 DEBUG    [tempest_lib.common.rest_client] Request - Headers: {'Content-Type': 'application/json', 'Accept': 'application/json', 'X-Auth-Token': '&lt;omitted&gt;'}
        Body: {"security_group": {"tenant_id": "2e5d44f540f642a980db2216b9e2e411", "description": "tempest-secgroup-smoke-1655665334 description", "name": "tempest-secgroup-smoke-1655665334"}}
    Response - Headers: {'status': '201', 'content-length': '888', 'connection': 'close', 'date': 'Tue, 05 Jan 2016 05:45:03 GMT', 'content-type': 'application/json; charset=UTF-8', 'x-openstack-request-id': 'req-47ba4cc2-2a1d-4a5e-a2b0-16162bc70c1f'}
        Body: {"security_group": {"tenant_id": "2e5d44f540f642a980db2216b9e2e411", "description": "tempest-secgroup-smoke-1655665334 description", "id": "6be11d89-ad19-4163-ae50-ba3b8bf52e16", "security_group_rules": [{"remote_group_id": null, "direction": "egress", "remote_ip_prefix": null, "protocol": null, "ethertype": "IPv4", "tenant_id": "2e5d44f540f642a980db2216b9e2e411", "port_range_max": null, "port_range_min": null, "id": "a2214613-8657-4431-8eeb-d21983c09521", "security_group_id": "6be11d89-ad19-4163-ae50-ba3b8bf52e16"}, {"remote_group_id": null, "direction": "egress", "remote_ip_prefix": null, "protocol": null, "ethertype": "IPv6", "tenant_id": "2e5d44f540f642a980db2216b9e2e411", "port_range_max": null, "port_range_min": null, "id": "c59b4c15-1d34-405a-acb2-b20a5f9f974c", "security_group_id": "6be11d89-ad19-4163-ae50-ba3b8bf52e16"}], "name": "tempest-secgroup-smoke-1655665334"}}
2016-01-05 05:45:03,780 25031 INFO     [tempest_lib.common.rest_client] Request (TestGettingAddress:setUp): 201 POST http://10.0.2.15:9696/v2.0/security-group-rules 0.123s
2016-01-05 05:45:03,781 25031 DEBUG    [tempest_lib.common.rest_client] Request - Headers: {'Content-Type': 'application/json', 'Accept': 'application/json', 'X-Auth-Token': '&lt;omitted&gt;'}
        Body: {"security_group_rule": {"direction": "ingress", "protocol": "tcp", "tenant_id": "2e5d44f540f642a980db2216b9e2e411", "port_range_max": 22, "security_group_id": "6be11d89-ad19-4163-ae50-ba3b8bf52e16", "port_range_min": 22}}
    Response - Headers: {'status': '201', 'content-length': '340', 'connection': 'close', 'date': 'Tue, 05 Jan 2016 05:45:03 GMT', 'content-type': 'application/json; charset=UTF-8', 'x-openstack-request-id': 'req-eab78ba6-3eec-4cc4-b697-6e777cf1f3cb'}
        Body: {"security_group_rule": {"remote_group_id": null, "direction": "ingress", "remote_ip_prefix": null, "protocol": "tcp", "ethertype": "IPv4", "tenant_id": "2e5d44f540f642a980db2216b9e2e411", "port_range_max": 22, "port_range_min": 22, "id": "8c7d40c3-3c16-41b0-8b4a-441e1ecf5801", "security_group_id": "6be11d89-ad19-4163-ae50-ba3b8bf52e16"}}
2016-01-05 05:45:03,901 25031 INFO     [tempest_lib.common.rest_client] Request (TestGettingAddress:setUp): 201 POST http://10.0.2.15:9696/v2.0/security-group-rules 0.118s
2016-01-05 05:45:03,901 25031 DEBUG    [tempest_lib.common.rest_client] Request - Headers: {'Content-Type': 'application/json', 'Accept': 'application/json', 'X-Auth-Token': '&lt;omitted&gt;'}
        Body: {"security_group_rule": {"direction": "egress", "protocol": "tcp", "tenant_id": "2e5d44f540f642a980db2216b9e2e411", "port_range_max": 22, "security_group_id": "6be11d89-ad19-4163-ae50-ba3b8bf52e16", "port_range_min": 22}}
    Response - Headers: {'status': '201', 'content-length': '339', 'connection': 'close', 'date': 'Tue, 05 Jan 2016 05:45:03 GMT', 'content-type': 'application/json; charset=UTF-8', 'x-openstack-request-id': 'req-b247ce26-d010-4e2b-bf70-4eba91369c3f'}
        Body: {"security_group_rule": {"remote_group_id": null, "direction": "egress", "remote_ip_prefix": null, "protocol": "tcp", "ethertype": "IPv4", "tenant_id": "2e5d44f540f642a980db2216b9e2e411", "port_range_max": 22, "port_range_min": 22, "id": "c111fd50-48fc-4db3-94fd-40aff185c40f", "security_group_id": "6be11d89-ad19-4163-ae50-ba3b8bf52e16"}}
2016-01-05 05:45:04,017 25031 INFO     [tempest_lib.common.rest_client] Request (TestGettingAddress:setUp): 201 POST http://10.0.2.15:9696/v2.0/security-group-rules 0.115s
2016-01-05 05:45:04,018 25031 DEBUG    [tempest_lib.common.rest_client] Request - Headers: {'Content-Type': 'application/json', 'Accept': 'application/json', 'X-Auth-Token': '&lt;omitted&gt;'}
        Body: {"security_group_rule": {"tenant_id": "2e5d44f540f642a980db2216b9e2e411", "direction": "ingress", "protocol": "icmp", "security_group_id": "6be11d89-ad19-4163-ae50-ba3b8bf52e16"}}
    Response - Headers: {'status': '201', 'content-length': '345', 'connection': 'close', 'date': 'Tue, 05 Jan 2016 05:45:04 GMT', 'content-type': 'application/json; charset=UTF-8', 'x-openstack-request-id': 'req-4e54b4fb-937d-4dc0-915a-245a745b66bf'}
        Body: {"security_group_rule": {"remote_group_id": null, "direction": "ingress", "remote_ip_prefix": null, "protocol": "icmp", "ethertype": "IPv4", "tenant_id": "2e5d44f540f642a980db2216b9e2e411", "port_range_max": null, "port_range_min": null, "id": "88d47b44-7f52-4cbc-b494-9548475e21a3", "security_group_id": "6be11d89-ad19-4163-ae50-ba3b8bf52e16"}}
2016-01-05 05:45:04,264 25031 INFO     [tempest_lib.common.rest_client] Request (TestGettingAddress:setUp): 201 POST http://10.0.2.15:9696/v2.0/security-group-rules 0.245s
2016-01-05 05:45:04,265 25031 DEBUG    [tempest_lib.common.rest_client] Request - Headers: {'Content-Type': 'application/json', 'Accept': 'application/json', 'X-Auth-Token': '&lt;omitted&gt;'}
        Body: {"security_group_rule": {"tenant_id": "2e5d44f540f642a980db2216b9e2e411", "direction": "egress", "protocol": "icmp", "security_group_id": "6be11d89-ad19-4163-ae50-ba3b8bf52e16"}}
    Response - Headers: {'status': '201', 'content-length': '344', 'connection': 'close', 'date': 'Tue, 05 Jan 2016 05:45:04 GMT', 'content-type': 'application/json; charset=UTF-8', 'x-openstack-request-id': 'req-fb0953de-0f92-4ab4-b07d-a902b2a21cd8'}
        Body: {"security_group_rule": {"remote_group_id": null, "direction": "egress", "remote_ip_prefix": null, "protocol": "icmp", "ethertype": "IPv4", "tenant_id": "2e5d44f540f642a980db2216b9e2e411", "port_range_max": null, "port_range_min": null, "id": "b1928e6a-f840-4a3a-b3d9-0346a625a7f4", "security_group_id": "6be11d89-ad19-4163-ae50-ba3b8bf52e16"}}
2016-01-05 05:45:04,386 25031 INFO     [tempest_lib.common.rest_client] Request (TestGettingAddress:setUp): 201 POST http://10.0.2.15:9696/v2.0/security-group-rules 0.120s
2016-01-05 05:45:04,387 25031 DEBUG    [tempest_lib.common.rest_client] Request - Headers: {'Content-Type': 'application/json', 'Accept': 'application/json', 'X-Auth-Token': '&lt;omitted&gt;'}
        Body: {"security_group_rule": {"tenant_id": "2e5d44f540f642a980db2216b9e2e411", "direction": "ingress", "security_group_id": "6be11d89-ad19-4163-ae50-ba3b8bf52e16", "protocol": "icmp", "ethertype": "IPv6"}}
    Response - Headers: {'status': '201', 'content-length': '345', 'connection': 'close', 'date': 'Tue, 05 Jan 2016 05:45:04 GMT', 'content-type': 'application/json; charset=UTF-8', 'x-openstack-request-id': 'req-19cdd30c-e6c0-4f88-a653-a72e51ee612b'}
        Body: {"security_group_rule": {"remote_group_id": null, "direction": "ingress", "remote_ip_prefix": null, "protocol": "icmp", "ethertype": "IPv6", "tenant_id": "2e5d44f540f642a980db2216b9e2e411", "port_range_max": null, "port_range_min": null, "id": "d1a266c4-8197-4037-9a4e-1ebe8295a253", "security_group_id": "6be11d89-ad19-4163-ae50-ba3b8bf52e16"}}
2016-01-05 05:45:04,503 25031 INFO     [tempest_lib.common.rest_client] Request (TestGettingAddress:setUp): 201 POST http://10.0.2.15:9696/v2.0/security-group-rules 0.114s
2016-01-05 05:45:04,504 25031 DEBUG    [tempest_lib.common.rest_client] Request - Headers: {'Content-Type': 'application/json', 'Accept': 'application/json', 'X-Auth-Token': '&lt;omitted&gt;'}
        Body: {"security_group_rule": {"tenant_id": "2e5d44f540f642a980db2216b9e2e411", "direction": "egress", "security_group_id": "6be11d89-ad19-4163-ae50-ba3b8bf52e16", "protocol": "icmp", "ethertype": "IPv6"}}
    Response - Headers: {'status': '201', 'content-length': '344', 'connection': 'close', 'date': 'Tue, 05 Jan 2016 05:45:04 GMT', 'content-type': 'application/json; charset=UTF-8', 'x-openstack-request-id': 'req-edb8344b-aed6-422c-81ea-23dab0f96ee4'}
        Body: {"security_group_rule": {"remote_group_id": null, "direction": "egress", "remote_ip_prefix": null, "protocol": "icmp", "ethertype": "IPv6", "tenant_id": "2e5d44f540f642a980db2216b9e2e411", "port_range_max": null, "port_range_min": null, "id": "ebd200dd-e1db-44cc-bb3e-4bf44b9da4c2", "security_group_id": "6be11d89-ad19-4163-ae50-ba3b8bf52e16"}}
2016-01-05 05:45:05,149 25031 INFO     [tempest_lib.common.rest_client] Request (TestGettingAddress:test_dhcp6_stateless_from_os): 201 POST http://10.0.2.15:9696/v2.0/networks 0.644s
2016-01-05 05:45:05,149 25031 DEBUG    [tempest_lib.common.rest_client] Request - Headers: {'Content-Type': 'application/json', 'Accept': 'application/json', 'X-Auth-Token': '&lt;omitted&gt;'}
        Body: {"network": {"tenant_id": "2e5d44f540f642a980db2216b9e2e411", "name": "tempest-network-smoke--1483604787"}}
    Response - Headers: {'status': '201', 'content-length': '327', 'connection': 'close', 'date': 'Tue, 05 Jan 2016 05:45:05 GMT', 'content-type': 'application/json; charset=UTF-8', 'x-openstack-request-id': 'req-668886c8-3a4c-47b1-b54a-63a03077cbb9'}
        Body: {"network": {"status": "ACTIVE", "subnets": [], "availability_zone_hints": [], "name": "tempest-network-smoke--1483604787", "admin_state_up": true, "tenant_id": "2e5d44f540f642a980db2216b9e2e411", "mtu": 0, "router:external": false, "shared": false, "port_security_enabled": true, "id": "481e0c83-612d-4f37-bf77-6316c66b53f8"}}
2016-01-05 05:45:05,351 25031 INFO     [tempest_lib.common.rest_client] Request (TestGettingAddress:test_dhcp6_stateless_from_os): 200 GET http://10.0.2.15:9696/v2.0/subnets?tenant_id=2e5d44f540f642a980db2216b9e2e411&amp;cidr=10.100.0.0%2F28 0.199s
2016-01-05 05:45:05,351 25031 DEBUG    [tempest_lib.common.rest_client] Request - Headers: {'Content-Type': 'application/json', 'Accept': 'application/json', 'X-Auth-Token': '&lt;omitted&gt;'}
        Body: None
    Response - Headers: {'status': '200', 'content-length': '15', 'content-location': 'http://10.0.2.15:9696/v2.0/subnets?tenant_id=2e5d44f540f642a980db2216b9e2e411&amp;cidr=10.100.0.0%2F28', 'connection': 'close', 'date': 'Tue, 05 Jan 2016 05:45:05 GMT', 'content-type': 'application/json; charset=UTF-8', 'x-openstack-request-id': 'req-d30d1e87-d9af-4e11-8738-5ce5fb3e71d2'}
        Body: {"subnets": []}
2016-01-05 05:45:05,714 25031 INFO     [tempest_lib.common.rest_client] Request (TestGettingAddress:test_dhcp6_stateless_from_os): 201 POST http://10.0.2.15:9696/v2.0/subnets 0.361s
2016-01-05 05:45:05,714 25031 DEBUG    [tempest_lib.common.rest_client] Request - Headers: {'Content-Type': 'application/json', 'Accept': 'application/json', 'X-Auth-Token': '&lt;omitted&gt;'}
        Body: {"subnet": {"ip_version": 4, "tenant_id": "2e5d44f540f642a980db2216b9e2e411", "cidr": "10.100.0.0/28", "network_id": "481e0c83-612d-4f37-bf77-6316c66b53f8", "name": "tempest-sub4-1558047388"}}
    Response - Headers: {'status': '201', 'content-length': '470', 'connection': 'close', 'date': 'Tue, 05 Jan 2016 05:45:05 GMT', 'content-type': 'application/json; charset=UTF-8', 'x-openstack-request-id': 'req-72b93091-ed8e-4ac3-82a4-9820e0167f1b'}
        Body: {"subnet": {"name": "tempest-sub4-1558047388", "enable_dhcp": true, "network_id": "481e0c83-612d-4f37-bf77-6316c66b53f8", "tenant_id": "2e5d44f540f642a980db2216b9e2e411", "dns_nameservers": [], "gateway_ip": "10.100.0.1", "ipv6_ra_mode": null, "allocation_pools": [{"start": "10.100.0.2", "end": "10.100.0.14"}], "host_routes": [], "ip_version": 4, "ipv6_address_mode": null, "cidr": "10.100.0.0/28", "id": "5f05b4eb-3207-4cce-b9ec-67ad98533a59", "subnetpool_id": null}}
2016-01-05 05:45:05,872 25031 INFO     [tempest_lib.common.rest_client] Request (TestGettingAddress:test_dhcp6_stateless_from_os): 201 POST http://10.0.2.15:9696/v2.0/routers 0.156s
2016-01-05 05:45:05,872 25031 DEBUG    [tempest_lib.common.rest_client] Request - Headers: {'Content-Type': 'application/json', 'Accept': 'application/json', 'X-Auth-Token': '&lt;omitted&gt;'}
        Body: {"router": {"tenant_id": "2e5d44f540f642a980db2216b9e2e411", "name": "tempest-router-smoke-1836322708", "admin_state_up": true}}
    Response - Headers: {'status': '201', 'content-length': '296', 'connection': 'close', 'date': 'Tue, 05 Jan 2016 05:45:05 GMT', 'content-type': 'application/json; charset=UTF-8', 'x-openstack-request-id': 'req-80cc3324-d4b1-4611-828d-0993e0622daf'}
        Body: {"router": {"status": "ACTIVE", "external_gateway_info": null, "availability_zone_hints": [], "availability_zones": [], "name": "tempest-router-smoke-1836322708", "admin_state_up": true, "tenant_id": "2e5d44f540f642a980db2216b9e2e411", "routes": [], "id": "cbf4e78c-5bdc-4680-a18f-69a5decca167"}}
2016-01-05 05:45:05,929 25031 INFO     [tempest_lib.common.rest_client] Request (TestGettingAddress:test_dhcp6_stateless_from_os): 200 GET http://10.0.2.15:9696/v2.0/routers/cbf4e78c-5bdc-4680-a18f-69a5decca167 0.056s
2016-01-05 05:45:05,930 25031 DEBUG    [tempest_lib.common.rest_client] Request - Headers: {'Content-Type': 'application/json', 'Accept': 'application/json', 'X-Auth-Token': '&lt;omitted&gt;'}
        Body: None
    Response - Headers: {'status': '200', 'content-length': '296', 'content-location': 'http://10.0.2.15:9696/v2.0/routers/cbf4e78c-5bdc-4680-a18f-69a5decca167', 'connection': 'close', 'date': 'Tue, 05 Jan 2016 05:45:05 GMT', 'content-type': 'application/json; charset=UTF-8', 'x-openstack-request-id': 'req-47e2f340-8aaa-4dd6-abb6-e57ad95f6602'}
        Body: {"router": {"status": "ACTIVE", "external_gateway_info": null, "availability_zone_hints": [], "availability_zones": [], "name": "tempest-router-smoke-1836322708", "admin_state_up": true, "tenant_id": "2e5d44f540f642a980db2216b9e2e411", "routes": [], "id": "cbf4e78c-5bdc-4680-a18f-69a5decca167"}}
2016-01-05 05:45:06,751 25031 INFO     [tempest_lib.common.rest_client] Request (TestGettingAddress:test_dhcp6_stateless_from_os): 200 PUT http://10.0.2.15:9696/v2.0/routers/cbf4e78c-5bdc-4680-a18f-69a5decca167 0.821s
2016-01-05 05:45:06,752 25031 DEBUG    [tempest_lib.common.rest_client] Request - Headers: {'Content-Type': 'application/json', 'Accept': 'application/json', 'X-Auth-Token': '&lt;omitted&gt;'}
        Body: {"router": {"external_gateway_info": {"network_id": "31d52f73-f405-4c04-b9ab-a6f93bf532bc"}, "name": "tempest-router-smoke-1836322708", "admin_state_up": true}}
    Response - Headers: {'status': '200', 'content-length': '558', 'connection': 'close', 'date': 'Tue, 05 Jan 2016 05:45:06 GMT', 'content-type': 'application/json; charset=UTF-8', 'x-openstack-request-id': 'req-0a94e6e0-7434-4405-a200-846617f6e9cb'}
        Body: {"router": {"status": "ACTIVE", "external_gateway_info": {"network_id": "31d52f73-f405-4c04-b9ab-a6f93bf532bc", "enable_snat": true, "external_fixed_ips": [{"subnet_id": "260131d3-5d11-42fc-b77b-b392c94b7c36", "ip_address": "172.24.4.3"}, {"subnet_id": "696909f6-84bb-4b06-b9d0-be8b4ea3e11d", "ip_address": "2001:db8::3"}]}, "availability_zone_hints": [], "availability_zones": [], "name": "tempest-router-smoke-1836322708", "admin_state_up": true, "tenant_id": "2e5d44f540f642a980db2216b9e2e411", "routes": [], "id": "cbf4e78c-5bdc-4680-a18f-69a5decca167"}}
2016-01-05 05:45:07,364 25031 INFO     [tempest_lib.common.rest_client] Request (TestGettingAddress:test_dhcp6_stateless_from_os): 200 PUT http://10.0.2.15:9696/v2.0/routers/cbf4e78c-5bdc-4680-a18f-69a5decca167/add_router_interface 0.611s
2016-01-05 05:45:07,364 25031 DEBUG    [tempest_lib.common.rest_client] Request - Headers: {'Content-Type': 'application/json', 'Accept': 'application/json', 'X-Auth-Token': '&lt;omitted&gt;'}
        Body: {"subnet_id": "5f05b4eb-3207-4cce-b9ec-67ad98533a59"}
    Response - Headers: {'status': '200', 'content-length': '255', 'connection': 'close', 'date': 'Tue, 05 Jan 2016 05:45:07 GMT', 'content-type': 'application/json; charset=UTF-8', 'x-openstack-request-id': 'req-23a42575-bcae-4660-846b-3219bbd06156'}
        Body: {"subnet_id": "5f05b4eb-3207-4cce-b9ec-67ad98533a59", "tenant_id": "2e5d44f540f642a980db2216b9e2e411", "subnet_ids": ["5f05b4eb-3207-4cce-b9ec-67ad98533a59"], "port_id": "e9c92eb3-c495-40b3-bdaa-d75c4004d675", "id": "cbf4e78c-5bdc-4680-a18f-69a5decca167"}
2016-01-05 05:45:07,410 25031 INFO     [tempest_lib.common.rest_client] Request (TestGettingAddress:test_dhcp6_stateless_from_os): 200 GET http://10.0.2.15:9696/v2.0/subnets?tenant_id=2e5d44f540f642a980db2216b9e2e411&amp;cidr=2003%3A%3A%2F64 0.043s
2016-01-05 05:45:07,411 25031 DEBUG    [tempest_lib.common.rest_client] Request - Headers: {'Content-Type': 'application/json', 'Accept': 'application/json', 'X-Auth-Token': '&lt;omitted&gt;'}
        Body: None
    Response - Headers: {'status': '200', 'content-length': '15', 'content-location': 'http://10.0.2.15:9696/v2.0/subnets?tenant_id=2e5d44f540f642a980db2216b9e2e411&amp;cidr=2003%3A%3A%2F64', 'connection': 'close', 'date': 'Tue, 05 Jan 2016 05:45:07 GMT', 'content-type': 'application/json; charset=UTF-8', 'x-openstack-request-id': 'req-68ee14a8-4606-40e4-9f7f-7356bcefcb52'}
        Body: {"subnets": []}
2016-01-05 05:45:07,786 25031 INFO     [tempest_lib.common.rest_client] Request (TestGettingAddress:test_dhcp6_stateless_from_os): 201 POST http://10.0.2.15:9696/v2.0/subnets 0.374s
2016-01-05 05:45:07,787 25031 DEBUG    [tempest_lib.common.rest_client] Request - Headers: {'Content-Type': 'application/json', 'Accept': 'application/json', 'X-Auth-Token': '&lt;omitted&gt;'}
        Body: {"subnet": {"name": "tempest-sub6-1684879222", "network_id": "481e0c83-612d-4f37-bf77-6316c66b53f8", "tenant_id": "2e5d44f540f642a980db2216b9e2e411", "ipv6_ra_mode": "dhcpv6-stateless", "ip_version": 6, "ipv6_address_mode": "dhcpv6-stateless", "cidr": "2003::/64"}}
    Response - Headers: {'status': '201', 'content-length': '502', 'connection': 'close', 'date': 'Tue, 05 Jan 2016 05:45:07 GMT', 'content-type': 'application/json; charset=UTF-8', 'x-openstack-request-id': 'req-c129332e-5cc5-4b06-8fde-e13f75107ca5'}
        Body: {"subnet": {"name": "tempest-sub6-1684879222", "enable_dhcp": true, "network_id": "481e0c83-612d-4f37-bf77-6316c66b53f8", "tenant_id": "2e5d44f540f642a980db2216b9e2e411", "dns_nameservers": [], "gateway_ip": "2003::1", "ipv6_ra_mode": "dhcpv6-stateless", "allocation_pools": [{"start": "2003::2", "end": "2003::ffff:ffff:ffff:ffff"}], "host_routes": [], "ip_version": 6, "ipv6_address_mode": "dhcpv6-stateless", "cidr": "2003::/64", "id": "8395ec6f-44cb-48b4-a5b3-f0fb148e4a8e", "subnetpool_id": null}}
2016-01-05 05:45:08,499 25031 INFO     [tempest_lib.common.rest_client] Request (TestGettingAddress:test_dhcp6_stateless_from_os): 200 PUT http://10.0.2.15:9696/v2.0/routers/cbf4e78c-5bdc-4680-a18f-69a5decca167/add_router_interface 0.710s
2016-01-05 05:45:08,499 25031 DEBUG    [tempest_lib.common.rest_client] Request - Headers: {'Content-Type': 'application/json', 'Accept': 'application/json', 'X-Auth-Token': '&lt;omitted&gt;'}
        Body: {"subnet_id": "8395ec6f-44cb-48b4-a5b3-f0fb148e4a8e"}
    Response - Headers: {'status': '200', 'content-length': '255', 'connection': 'close', 'date': 'Tue, 05 Jan 2016 05:45:08 GMT', 'content-type': 'application/json; charset=UTF-8', 'x-openstack-request-id': 'req-d57d2882-6871-4566-bbd4-ab83a4b0574c'}
        Body: {"subnet_id": "8395ec6f-44cb-48b4-a5b3-f0fb148e4a8e", "tenant_id": "2e5d44f540f642a980db2216b9e2e411", "subnet_ids": ["8395ec6f-44cb-48b4-a5b3-f0fb148e4a8e"], "port_id": "da96f0a8-2b72-447b-a3b5-35d0e161e88f", "id": "cbf4e78c-5bdc-4680-a18f-69a5decca167"}
2016-01-05 05:45:08,642 25031 INFO     [tempest_lib.common.rest_client] Request (TestGettingAddress:test_dhcp6_stateless_from_os): 200 POST http://10.0.2.15:5000/v2.0/tokens
2016-01-05 05:45:08,642 25031 DEBUG    [tempest_lib.common.rest_client] Request - Headers: {'Content-Type': 'application/json', 'Accept': 'application/json'}
        Body: &lt;omitted&gt;
    Response - Headers: {'status': '200', 'content-length': '2526', 'vary': 'X-Auth-Token', 'server': 'Apache/2.4.7 (Ubuntu)', 'connection': 'close', 'date': 'Tue, 05 Jan 2016 05:45:08 GMT', 'content-type': 'application/json', 'x-openstack-request-id': 'req-a8d992a2-82e3-4b97-b060-c53617dafd29'}
        Body: {"access": {"token": {"issued_at": "2016-01-05T05:45:08.631057", "expires": "2016-01-05T06:45:08Z", "id": "61a8de56e646435ba3fc5c9db0afa324", "tenant": {"description": "tempest-TestGettingAddress-2043803309-desc", "enabled": true, "id": "2e5d44f540f642a980db2216b9e2e411", "name": "tempest-TestGettingAddress-2043803309"}, "audit_ids": ["ihup_YahSiiALbUO1U4RGw"]}, "serviceCatalog": [{"endpoints": [{"adminURL": "http://10.0.2.15:8774/v2.1/2e5d44f540f642a980db2216b9e2e411", "region": "RegionOne", "internalURL": "http://10.0.2.15:8774/v2.1/2e5d44f540f642a980db2216b9e2e411", "id": "757abfa8e93f44d58da3672918892dcd", "publicURL": "http://10.0.2.15:8774/v2.1/2e5d44f540f642a980db2216b9e2e411"}], "endpoints_links": [], "type": "compute", "name": "nova"}, {"endpoints": [{"adminURL": "http://10.0.2.15:9696/", "region": "RegionOne", "internalURL": "http://10.0.2.15:9696/", "id": "1d4f6d2086464066bcbc8c691b3ceaac", "publicURL": "http://10.0.2.15:9696/"}], "endpoints_links": [], "type": "network", "name": "neutron"}, {"endpoints": [{"adminURL": "http://10.0.2.15:9292", "region": "RegionOne", "internalURL": "http://10.0.2.15:9292", "id": "0317effedfa0412386c39837783aa335", "publicURL": "http://10.0.2.15:9292"}], "endpoints_links": [], "type": "image", "name": "glance"}, {"endpoints": [{"adminURL": "http://10.0.2.15:8774/v2/2e5d44f540f642a980db2216b9e2e411", "region": "RegionOne", "internalURL": "http://10.0.2.15:8774/v2/2e5d44f540f642a980db2216b9e2e411", "id": "1fde04957fe944e4bbe17e6e3bca5b5b", "publicURL": "http://10.0.2.15:8774/v2/2e5d44f540f642a980db2216b9e2e411"}], "endpoints_links": [], "type": "compute_legacy", "name": "nova_legacy"}, {"endpoints": [{"adminURL": "http://10.0.2.15:8773/", "region": "RegionOne", "internalURL": "http://10.0.2.15:8773/", "id": "031492866cb14814afbeb050d07c4dfe", "publicURL": "http://10.0.2.15:8773/"}], "endpoints_links": [], "type": "ec2", "name": "ec2"}, {"endpoints": [{"adminURL": "http://10.0.2.15:35357/v2.0", "region": "RegionOne", "internalURL": "http://10.0.2.15:5000/v2.0", "id": "bcff6bddef044076ae3bc3c737536170", "publicURL": "http://10.0.2.15:5000/v2.0"}], "endpoints_links": [], "type": "identity", "name": "keystone"}], "user": {"username": "tempest-TestGettingAddress-1972928995", "roles_links": [], "id": "a464ec086c0243bf93c8aae09e82fac2", "roles": [{"name": "Member"}, {"name": "_member_"}], "name": "tempest-TestGettingAddress-1972928995"}, "metadata": {"is_admin": 0, "roles": ["2e85b26f0bed4cc6873a2c13f00807fb", "9fe2ff9ee4384b1894a90878d3e92bab"]}}}
2016-01-05 05:45:08,647 25031 DEBUG    [tempest.common.fixed_network] (TestGettingAddress:test_dhcp6_stateless_from_os) No valid network provided or created, defaulting to fixed_network_name
2016-01-05 05:45:08,982 25031 INFO     [tempest_lib.common.rest_client] Request (TestGettingAddress:test_dhcp6_stateless_from_os): 200 GET http://10.0.2.15:8774/v2.1/2e5d44f540f642a980db2216b9e2e411/os-networks 0.334s
2016-01-05 05:45:08,983 25031 DEBUG    [tempest_lib.common.rest_client] Request - Headers: {'Content-Type': 'application/json', 'Accept': 'application/json', 'X-Auth-Token': '&lt;omitted&gt;'}
        Body: None
    Response - Headers: {'status': '200', 'content-length': '479', 'content-location': 'http://10.0.2.15:8774/v2.1/2e5d44f540f642a980db2216b9e2e411/os-networks', 'x-compute-request-id': 'req-37c1d847-5aad-464c-be19-e0c5f68a3707', 'vary': 'X-OpenStack-Nova-API-Version', 'connection': 'close', 'x-openstack-nova-api-version': '2.1', 'date': 'Tue, 05 Jan 2016 05:45:08 GMT', 'content-type': 'application/json'}
        Body: {"networks": [{"cidr_v6": null, "dns2": null, "dns1": null, "gateway": null, "broadcast": null, "netmask": null, "gateway_v6": null, "cidr": null, "label": "tempest-network-smoke--1483604787", "id": "481e0c83-612d-4f37-bf77-6316c66b53f8", "netmask_v6": null}, {"cidr_v6": null, "dns2": null, "dns1": null, "gateway": null, "broadcast": null, "netmask": null, "gateway_v6": null, "cidr": null, "label": "public", "id": "31d52f73-f405-4c04-b9ab-a6f93bf532bc", "netmask_v6": null}]}
2016-01-05 05:45:08,983 25031 WARNING  [tempest.common.fixed_network] (TestGettingAddress:test_dhcp6_stateless_from_os) Network with name: private not found
2016-01-05 05:45:08,983 25031 INFO     [tempest.common.fixed_network] (TestGettingAddress:test_dhcp6_stateless_from_os) Found network {} available for tenant
2016-01-05 05:45:11,084 25031 INFO     [tempest_lib.common.rest_client] Request (TestGettingAddress:test_dhcp6_stateless_from_os): 202 POST http://10.0.2.15:8774/v2.1/2e5d44f540f642a980db2216b9e2e411/servers 2.100s
2016-01-05 05:45:11,084 25031 DEBUG    [tempest_lib.common.rest_client] Request - Headers: {'Content-Type': 'application/json', 'Accept': 'application/json', 'X-Auth-Token': '&lt;omitted&gt;'}
        Body: {"server": {"name": "tempest.common.compute-instance-752868068", "imageRef": "7931da43-c7bf-41d8-b4e9-06b7ecb639e4", "key_name": "tempest-TestGettingAddress-2054503237", "flavorRef": "42", "networks": [{"uuid": "481e0c83-612d-4f37-bf77-6316c66b53f8"}], "security_groups": [{"name": "tempest-secgroup-smoke-1655665334"}]}}
    Response - Headers: {'status': '202', 'content-length': '462', 'x-compute-request-id': 'req-02ba0434-e426-47ab-9d92-57260c96a266', 'vary': 'X-OpenStack-Nova-API-Version', 'connection': 'close', 'location': 'http://10.0.2.15:8774/v2.1/2e5d44f540f642a980db2216b9e2e411/servers/39879092-6995-45de-9a54-16777f01df6e', 'x-openstack-nova-api-version': '2.1', 'date': 'Tue, 05 Jan 2016 05:45:11 GMT', 'content-type': 'application/json'}
        Body: {"server": {"security_groups": [{"name": "tempest-secgroup-smoke-1655665334"}], "OS-DCF:diskConfig": "MANUAL", "id": "39879092-6995-45de-9a54-16777f01df6e", "links": [{"href": "http://10.0.2.15:8774/v2.1/2e5d44f540f642a980db2216b9e2e411/servers/39879092-6995-45de-9a54-16777f01df6e", "rel": "self"}, {"href": "http://10.0.2.15:8774/2e5d44f540f642a980db2216b9e2e411/servers/39879092-6995-45de-9a54-16777f01df6e", "rel": "bookmark"}], "adminPass": "8tFBC9TQncRW"}}
2016-01-05 05:45:11,220 25031 INFO     [tempest_lib.common.rest_client] Request (TestGettingAddress:test_dhcp6_stateless_from_os): 200 GET http://10.0.2.15:8774/v2.1/2e5d44f540f642a980db2216b9e2e411/servers/39879092-6995-45de-9a54-16777f01df6e 0.133s
2016-01-05 05:45:11,220 25031 DEBUG    [tempest_lib.common.rest_client] Request - Headers: {'Content-Type': 'application/json', 'Accept': 'application/json', 'X-Auth-Token': '&lt;omitted&gt;'}
        Body: None
    Response - Headers: {'status': '200', 'content-length': '1354', 'content-location': 'http://10.0.2.15:8774/v2.1/2e5d44f540f642a980db2216b9e2e411/servers/39879092-6995-45de-9a54-16777f01df6e', 'x-compute-request-id': 'req-0d2febd6-b7fe-412f-9131-2a9968588463', 'vary': 'X-OpenStack-Nova-API-Version', 'connection': 'close', 'x-openstack-nova-api-version': '2.1', 'date': 'Tue, 05 Jan 2016 05:45:11 GMT', 'content-type': 'application/json'}
        Body: {"server": {"status": "BUILD", "updated": "2016-01-05T05:45:11Z", "hostId": "", "addresses": {}, "links": [{"href": "http://10.0.2.15:8774/v2.1/2e5d44f540f642a980db2216b9e2e411/servers/39879092-6995-45de-9a54-16777f01df6e", "rel": "self"}, {"href": "http://10.0.2.15:8774/2e5d44f540f642a980db2216b9e2e411/servers/39879092-6995-45de-9a54-16777f01df6e", "rel": "bookmark"}], "key_name": "tempest-TestGettingAddress-2054503237", "image": {"id": "7931da43-c7bf-41d8-b4e9-06b7ecb639e4", "links": [{"href": "http://10.0.2.15:8774/2e5d44f540f642a980db2216b9e2e411/images/7931da43-c7bf-41d8-b4e9-06b7ecb639e4", "rel": "bookmark"}]}, "OS-EXT-STS:task_state": "scheduling", "OS-EXT-STS:vm_state": "building", "OS-SRV-USG:launched_at": null, "flavor": {"id": "42", "links": [{"href": "http://10.0.2.15:8774/2e5d44f540f642a980db2216b9e2e411/flavors/42", "rel": "bookmark"}]}, "id": "39879092-6995-45de-9a54-16777f01df6e", "OS-SRV-USG:terminated_at": null, "OS-EXT-AZ:availability_zone": "", "user_id": "a464ec086c0243bf93c8aae09e82fac2", "name": "tempest.common.compute-instance-752868068", "created": "2016-01-05T05:45:11Z", "tenant_id": "2e5d44f540f642a980db2216b9e2e411", "OS-DCF:diskConfig": "MANUAL", "os-extended-volumes:volumes_attached": [], "accessIPv4": "", "accessIPv6": "", "progress": 0, "OS-EXT-STS:power_state": 0, "config_drive": "", "metadata": {}}}
2016-01-05 05:45:12,538 25031 INFO     [tempest_lib.common.rest_client] Request (TestGettingAddress:test_dhcp6_stateless_from_os): 200 GET http://10.0.2.15:8774/v2.1/2e5d44f540f642a980db2216b9e2e411/servers/39879092-6995-45de-9a54-16777f01df6e 0.306s
2016-01-05 05:45:12,539 25031 DEBUG    [tempest_lib.common.rest_client] Request - Headers: {'Content-Type': 'application/json', 'Accept': 'application/json', 'X-Auth-Token': '&lt;omitted&gt;'}
        Body: None
    Response - Headers: {'status': '200', 'content-length': '1480', 'content-location': 'http://10.0.2.15:8774/v2.1/2e5d44f540f642a980db2216b9e2e411/servers/39879092-6995-45de-9a54-16777f01df6e', 'x-compute-request-id': 'req-7d8a9905-fb3c-4867-9c7b-6a6073dbc594', 'vary': 'X-OpenStack-Nova-API-Version', 'connection': 'close', 'x-openstack-nova-api-version': '2.1', 'date': 'Tue, 05 Jan 2016 05:45:12 GMT', 'content-type': 'application/json'}
        Body: {"server": {"status": "BUILD", "updated": "2016-01-05T05:45:12Z", "hostId": "5cf1a091ac0e5e38c3f43570f5ffe8d6c05e360a30890f6e12408bec", "addresses": {}, "links": [{"href": "http://10.0.2.15:8774/v2.1/2e5d44f540f642a980db2216b9e2e411/servers/39879092-6995-45de-9a54-16777f01df6e", "rel": "self"}, {"href": "http://10.0.2.15:8774/2e5d44f540f642a980db2216b9e2e411/servers/39879092-6995-45de-9a54-16777f01df6e", "rel": "bookmark"}], "key_name": "tempest-TestGettingAddress-2054503237", "image": {"id": "7931da43-c7bf-41d8-b4e9-06b7ecb639e4", "links": [{"href": "http://10.0.2.15:8774/2e5d44f540f642a980db2216b9e2e411/images/7931da43-c7bf-41d8-b4e9-06b7ecb639e4", "rel": "bookmark"}]}, "OS-EXT-STS:task_state": "spawning", "OS-EXT-STS:vm_state": "building", "OS-SRV-USG:launched_at": null, "flavor": {"id": "42", "links": [{"href": "http://10.0.2.15:8774/2e5d44f540f642a980db2216b9e2e411/flavors/42", "rel": "bookmark"}]}, "id": "39879092-6995-45de-9a54-16777f01df6e", "security_groups": [{"name": "tempest-secgroup-smoke-1655665334"}], "OS-SRV-USG:terminated_at": null, "OS-EXT-AZ:availability_zone": "nova", "user_id": "a464ec086c0243bf93c8aae09e82fac2", "name": "tempest.common.compute-instance-752868068", "created": "2016-01-05T05:45:11Z", "tenant_id": "2e5d44f540f642a980db2216b9e2e411", "OS-DCF:diskConfig": "MANUAL", "os-extended-volumes:volumes_attached": [], "accessIPv4": "", "accessIPv6": "", "progress": 0, "OS-EXT-STS:power_state": 0, "config_drive": "", "metadata": {}}}
2016-01-05 05:45:12,551 25031 INFO     [tempest.common.waiters] State transition "BUILD/scheduling" ==&gt; "BUILD/spawning" after 1 second wait
2016-01-05 05:45:13,758 25031 INFO     [tempest_lib.common.rest_client] Request (TestGettingAddress:test_dhcp6_stateless_from_os): 200 GET http://10.0.2.15:8774/v2.1/2e5d44f540f642a980db2216b9e2e411/servers/39879092-6995-45de-9a54-16777f01df6e 0.206s
2016-01-05 05:45:13,759 25031 DEBUG    [tempest_lib.common.rest_client] Request - Headers: {'Content-Type': 'application/json', 'Accept': 'application/json', 'X-Auth-Token': '&lt;omitted&gt;'}
        Body: None
    Response - Headers: {'status': '200', 'content-length': '1480', 'content-location': 'http://10.0.2.15:8774/v2.1/2e5d44f540f642a980db2216b9e2e411/servers/39879092-6995-45de-9a54-16777f01df6e', 'x-compute-request-id': 'req-e3c4f0d1-3236-4fdd-8523-b48a4989e789', 'vary': 'X-OpenStack-Nova-API-Version', 'connection': 'close', 'x-openstack-nova-api-version': '2.1', 'date': 'Tue, 05 Jan 2016 05:45:13 GMT', 'content-type': 'application/json'}
        Body: {"server": {"status": "BUILD", "updated": "2016-01-05T05:45:12Z", "hostId": "5cf1a091ac0e5e38c3f43570f5ffe8d6c05e360a30890f6e12408bec", "addresses": {}, "links": [{"href": "http://10.0.2.15:8774/v2.1/2e5d44f540f642a980db2216b9e2e411/servers/39879092-6995-45de-9a54-16777f01df6e", "rel": "self"}, {"href": "http://10.0.2.15:8774/2e5d44f540f642a980db2216b9e2e411/servers/39879092-6995-45de-9a54-16777f01df6e", "rel": "bookmark"}], "key_name": "tempest-TestGettingAddress-2054503237", "image": {"id": "7931da43-c7bf-41d8-b4e9-06b7ecb639e4", "links": [{"href": "http://10.0.2.15:8774/2e5d44f540f642a980db2216b9e2e411/images/7931da43-c7bf-41d8-b4e9-06b7ecb639e4", "rel": "bookmark"}]}, "OS-EXT-STS:task_state": "spawning", "OS-EXT-STS:vm_state": "building", "OS-SRV-USG:launched_at": null, "flavor": {"id": "42", "links": [{"href": "http://10.0.2.15:8774/2e5d44f540f642a980db2216b9e2e411/flavors/42", "rel": "bookmark"}]}, "id": "39879092-6995-45de-9a54-16777f01df6e", "security_groups": [{"name": "tempest-secgroup-smoke-1655665334"}], "OS-SRV-USG:terminated_at": null, "OS-EXT-AZ:availability_zone": "nova", "user_id": "a464ec086c0243bf93c8aae09e82fac2", "name": "tempest.common.compute-instance-752868068", "created": "2016-01-05T05:45:11Z", "tenant_id": "2e5d44f540f642a980db2216b9e2e411", "OS-DCF:diskConfig": "MANUAL", "os-extended-volumes:volumes_attached": [], "accessIPv4": "", "accessIPv6": "", "progress": 0, "OS-EXT-STS:power_state": 0, "config_drive": "", "metadata": {}}}
2016-01-05 05:45:15,203 25031 INFO     [tempest_lib.common.rest_client] Request (TestGettingAddress:test_dhcp6_stateless_from_os): 200 GET http://10.0.2.15:8774/v2.1/2e5d44f540f642a980db2216b9e2e411/servers/39879092-6995-45de-9a54-16777f01df6e 0.433s
2016-01-05 05:45:15,204 25031 DEBUG    [tempest_lib.common.rest_client] Request - Headers: {'Content-Type': 'application/json', 'Accept': 'application/json', 'X-Auth-Token': '&lt;omitted&gt;'}
        Body: None
    Response - Headers: {'status': '200', 'content-length': '1781', 'content-location': 'http://10.0.2.15:8774/v2.1/2e5d44f540f642a980db2216b9e2e411/servers/39879092-6995-45de-9a54-16777f01df6e', 'x-compute-request-id': 'req-b713a43c-4258-4829-819d-edb1bac732cb', 'vary': 'X-OpenStack-Nova-API-Version', 'connection': 'close', 'x-openstack-nova-api-version': '2.1', 'date': 'Tue, 05 Jan 2016 05:45:15 GMT', 'content-type': 'application/json'}
        Body: {"server": {"status": "ACTIVE", "updated": "2016-01-05T05:45:14Z", "hostId": "5cf1a091ac0e5e38c3f43570f5ffe8d6c05e360a30890f6e12408bec", "addresses": {"tempest-network-smoke--1483604787": [{"OS-EXT-IPS-MAC:mac_addr": "fa:16:3e:e3:a7:c8", "version": 6, "addr": "2003::f816:3eff:fee3:a7c8", "OS-EXT-IPS:type": "fixed"}, {"OS-EXT-IPS-MAC:mac_addr": "fa:16:3e:e3:a7:c8", "version": 4, "addr": "10.100.0.3", "OS-EXT-IPS:type": "fixed"}]}, "links": [{"href": "http://10.0.2.15:8774/v2.1/2e5d44f540f642a980db2216b9e2e411/servers/39879092-6995-45de-9a54-16777f01df6e", "rel": "self"}, {"href": "http://10.0.2.15:8774/2e5d44f540f642a980db2216b9e2e411/servers/39879092-6995-45de-9a54-16777f01df6e", "rel": "bookmark"}], "key_name": "tempest-TestGettingAddress-2054503237", "image": {"id": "7931da43-c7bf-41d8-b4e9-06b7ecb639e4", "links": [{"href": "http://10.0.2.15:8774/2e5d44f540f642a980db2216b9e2e411/images/7931da43-c7bf-41d8-b4e9-06b7ecb639e4", "rel": "bookmark"}]}, "OS-EXT-STS:task_state": null, "OS-EXT-STS:vm_state": "active", "OS-SRV-USG:launched_at": "2016-01-05T05:45:14.000000", "flavor": {"id": "42", "links": [{"href": "http://10.0.2.15:8774/2e5d44f540f642a980db2216b9e2e411/flavors/42", "rel": "bookmark"}]}, "id": "39879092-6995-45de-9a54-16777f01df6e", "security_groups": [{"name": "tempest-secgroup-smoke-1655665334"}], "OS-SRV-USG:terminated_at": null, "OS-EXT-AZ:availability_zone": "nova", "user_id": "a464ec086c0243bf93c8aae09e82fac2", "name": "tempest.common.compute-instance-752868068", "created": "2016-01-05T05:45:11Z", "tenant_id": "2e5d44f540f642a980db2216b9e2e411", "OS-DCF:diskConfig": "MANUAL", "os-extended-volumes:volumes_attached": [], "accessIPv4": "", "accessIPv6": "", "progress": 0, "OS-EXT-STS:power_state": 1, "config_drive": "True", "metadata": {}}}
2016-01-05 05:45:15,213 25031 INFO     [tempest.common.waiters] State transition "BUILD/spawning" ==&gt; "ACTIVE/None" after 4 second wait
2016-01-05 05:45:15,540 25031 INFO     [tempest_lib.common.rest_client] Request (TestGettingAddress:test_dhcp6_stateless_from_os): 200 GET http://10.0.2.15:8774/v2.1/2e5d44f540f642a980db2216b9e2e411/servers/39879092-6995-45de-9a54-16777f01df6e 0.324s
2016-01-05 05:45:15,540 25031 DEBUG    [tempest_lib.common.rest_client] Request - Headers: {'Content-Type': 'application/json', 'Accept': 'application/json', 'X-Auth-Token': '&lt;omitted&gt;'}
        Body: None
    Response - Headers: {'status': '200', 'content-length': '1781', 'content-location': 'http://10.0.2.15:8774/v2.1/2e5d44f540f642a980db2216b9e2e411/servers/39879092-6995-45de-9a54-16777f01df6e', 'x-compute-request-id': 'req-f25d762e-94be-49bf-9029-0ad498b341e1', 'vary': 'X-OpenStack-Nova-API-Version', 'connection': 'close', 'x-openstack-nova-api-version': '2.1', 'date': 'Tue, 05 Jan 2016 05:45:15 GMT', 'content-type': 'application/json'}
        Body: {"server": {"status": "ACTIVE", "updated": "2016-01-05T05:45:14Z", "hostId": "5cf1a091ac0e5e38c3f43570f5ffe8d6c05e360a30890f6e12408bec", "addresses": {"tempest-network-smoke--1483604787": [{"OS-EXT-IPS-MAC:mac_addr": "fa:16:3e:e3:a7:c8", "version": 6, "addr": "2003::f816:3eff:fee3:a7c8", "OS-EXT-IPS:type": "fixed"}, {"OS-EXT-IPS-MAC:mac_addr": "fa:16:3e:e3:a7:c8", "version": 4, "addr": "10.100.0.3", "OS-EXT-IPS:type": "fixed"}]}, "links": [{"href": "http://10.0.2.15:8774/v2.1/2e5d44f540f642a980db2216b9e2e411/servers/39879092-6995-45de-9a54-16777f01df6e", "rel": "self"}, {"href": "http://10.0.2.15:8774/2e5d44f540f642a980db2216b9e2e411/servers/39879092-6995-45de-9a54-16777f01df6e", "rel": "bookmark"}], "key_name": "tempest-TestGettingAddress-2054503237", "image": {"id": "7931da43-c7bf-41d8-b4e9-06b7ecb639e4", "links": [{"href": "http://10.0.2.15:8774/2e5d44f540f642a980db2216b9e2e411/images/7931da43-c7bf-41d8-b4e9-06b7ecb639e4", "rel": "bookmark"}]}, "OS-EXT-STS:task_state": null, "OS-EXT-STS:vm_state": "active", "OS-SRV-USG:launched_at": "2016-01-05T05:45:14.000000", "flavor": {"id": "42", "links": [{"href": "http://10.0.2.15:8774/2e5d44f540f642a980db2216b9e2e411/flavors/42", "rel": "bookmark"}]}, "id": "39879092-6995-45de-9a54-16777f01df6e", "security_groups": [{"name": "tempest-secgroup-smoke-1655665334"}], "OS-SRV-USG:terminated_at": null, "OS-EXT-AZ:availability_zone": "nova", "user_id": "a464ec086c0243bf93c8aae09e82fac2", "name": "tempest.common.compute-instance-752868068", "created": "2016-01-05T05:45:11Z", "tenant_id": "2e5d44f540f642a980db2216b9e2e411", "OS-DCF:diskConfig": "MANUAL", "os-extended-volumes:volumes_attached": [], "accessIPv4": "", "accessIPv6": "", "progress": 0, "OS-EXT-STS:power_state": 1, "config_drive": "True", "metadata": {}}}
2016-01-05 05:45:15,707 25031 INFO     [tempest_lib.common.rest_client] Request (TestGettingAddress:test_dhcp6_stateless_from_os): 200 GET http://10.0.2.15:9696/v2.0/ports?status=ACTIVE&amp;fixed_ip=None&amp;device_id=39879092-6995-45de-9a54-16777f01df6e 0.156s
2016-01-05 05:45:15,707 25031 DEBUG    [tempest_lib.common.rest_client] Request - Headers: {'Content-Type': 'application/json', 'Accept': 'application/json', 'X-Auth-Token': '&lt;omitted&gt;'}
        Body: None
    Response - Headers: {'status': '200', 'content-length': '1142', 'content-location': 'http://10.0.2.15:9696/v2.0/ports?status=ACTIVE&amp;fixed_ip=None&amp;device_id=39879092-6995-45de-9a54-16777f01df6e', 'connection': 'close', 'date': 'Tue, 05 Jan 2016 05:45:15 GMT', 'content-type': 'application/json; charset=UTF-8', 'x-openstack-request-id': 'req-5e09478c-12d0-412e-826c-f2f580346fe7'}
        Body: {"ports": [{"status": "ACTIVE", "binding:host_id": "vagrant-ubuntu-trusty-64", "allowed_address_pairs": [], "extra_dhcp_opts": [], "dns_assignment": [{"hostname": "host-10-100-0-3", "ip_address": "10.100.0.3", "fqdn": "host-10-100-0-3.openstacklocal."}, {"hostname": "host-2003--f816-3eff-fee3-a7c8", "ip_address": "2003::f816:3eff:fee3:a7c8", "fqdn": "host-2003--f816-3eff-fee3-a7c8.openstacklocal."}], "device_owner": "compute:None", "port_security_enabled": true, "binding:profile": {}, "fixed_ips": [{"subnet_id": "5f05b4eb-3207-4cce-b9ec-67ad98533a59", "ip_address": "10.100.0.3"}, {"subnet_id": "8395ec6f-44cb-48b4-a5b3-f0fb148e4a8e", "ip_address": "2003::f816:3eff:fee3:a7c8"}], "id": "74244948-4134-4b29-b28b-55348ae60107", "security_groups": ["6be11d89-ad19-4163-ae50-ba3b8bf52e16"], "device_id": "39879092-6995-45de-9a54-16777f01df6e", "name": "", "admin_state_up": true, "network_id": "481e0c83-612d-4f37-bf77-6316c66b53f8", "dns_name": "", "binding:vif_details": {"port_filter": true}, "binding:vnic_type": "normal", "binding:vif_type": "ovs", "tenant_id": "2e5d44f540f642a980db2216b9e2e411", "mac_address": "fa:16:3e:e3:a7:c8"}]}
2016-01-05 05:45:16,330 25031 INFO     [tempest_lib.common.rest_client] Request (TestGettingAddress:test_dhcp6_stateless_from_os): 201 POST http://10.0.2.15:9696/v2.0/floatingips 0.622s
2016-01-05 05:45:16,331 25031 DEBUG    [tempest_lib.common.rest_client] Request - Headers: {'Content-Type': 'application/json', 'Accept': 'application/json', 'X-Auth-Token': '&lt;omitted&gt;'}
        Body: {"floatingip": {"floating_network_id": "31d52f73-f405-4c04-b9ab-a6f93bf532bc", "tenant_id": "2e5d44f540f642a980db2216b9e2e411", "fixed_ip_address": "10.100.0.3", "port_id": "74244948-4134-4b29-b28b-55348ae60107"}}
    Response - Headers: {'status': '201', 'content-length': '367', 'connection': 'close', 'date': 'Tue, 05 Jan 2016 05:45:16 GMT', 'content-type': 'application/json; charset=UTF-8', 'x-openstack-request-id': 'req-a370dde0-ae86-48e7-991f-e4cf313cd561'}
        Body: {"floatingip": {"floating_network_id": "31d52f73-f405-4c04-b9ab-a6f93bf532bc", "router_id": "cbf4e78c-5bdc-4680-a18f-69a5decca167", "fixed_ip_address": "10.100.0.3", "floating_ip_address": "172.24.4.4", "tenant_id": "2e5d44f540f642a980db2216b9e2e411", "status": "DOWN", "port_id": "74244948-4134-4b29-b28b-55348ae60107", "id": "e4c0b330-d3d4-4a3b-97fd-1ad305444de1"}}
2016-01-05 05:45:16,332 25031 INFO     [tempest_lib.common.ssh] Creating ssh connection to '172.24.4.4' as 'cirros' with public key authentication
2016-01-05 05:45:20,335 25031 WARNING  [tempest_lib.common.ssh] Failed to establish authenticated ssh connection to cirros@172.24.4.4 ([Errno None] Unable to connect to port 22 on  or 172.24.4.4). Number attempts: 1. Retry after 2 seconds.
2016-01-05 05:45:25,835 25031 WARNING  [tempest_lib.common.ssh] Failed to establish authenticated ssh connection to cirros@172.24.4.4 ([Errno None] Unable to connect to port 22 on  or 172.24.4.4). Number attempts: 2. Retry after 3 seconds.
2016-01-05 05:45:32,340 25031 WARNING  [tempest_lib.common.ssh] Failed to establish authenticated ssh connection to cirros@172.24.4.4 ([Errno None] Unable to connect to port 22 on  or 172.24.4.4). Number attempts: 3. Retry after 4 seconds.
2016-01-05 05:45:39,847 25031 WARNING  [tempest_lib.common.ssh] Failed to establish authenticated ssh connection to cirros@172.24.4.4 ([Errno None] Unable to connect to port 22 on  or 172.24.4.4). Number attempts: 4. Retry after 5 seconds.
2016-01-05 05:45:48,349 25031 WARNING  [tempest_lib.common.ssh] Failed to establish authenticated ssh connection to cirros@172.24.4.4 ([Errno None] Unable to connect to port 22 on  or 172.24.4.4). Number attempts: 5. Retry after 6 seconds.
2016-01-05 05:45:57,856 25031 WARNING  [tempest_lib.common.ssh] Failed to establish authenticated ssh connection to cirros@172.24.4.4 ([Errno None] Unable to connect to port 22 on  or 172.24.4.4). Number attempts: 6. Retry after 7 seconds.
2016-01-05 05:46:08,363 25031 WARNING  [tempest_lib.common.ssh] Failed to establish authenticated ssh connection to cirros@172.24.4.4 ([Errno None] Unable to connect to port 22 on  or 172.24.4.4). Number attempts: 7. Retry after 8 seconds.
2016-01-05 05:46:19,871 25031 WARNING  [tempest_lib.common.ssh] Failed to establish authenticated ssh connection to cirros@172.24.4.4 ([Errno None] Unable to connect to port 22 on  or 172.24.4.4). Number attempts: 8. Retry after 9 seconds.
2016-01-05 05:46:32,379 25031 WARNING  [tempest_lib.common.ssh] Failed to establish authenticated ssh connection to cirros@172.24.4.4 ([Errno None] Unable to connect to port 22 on  or 172.24.4.4). Number attempts: 9. Retry after 10 seconds.
2016-01-05 05:46:45,883 25031 WARNING  [tempest_lib.common.ssh] Failed to establish authenticated ssh connection to cirros@172.24.4.4 ([Errno None] Unable to connect to port 22 on  or 172.24.4.4). Number attempts: 10. Retry after 11 seconds.
2016-01-05 05:47:00,387 25031 WARNING  [tempest_lib.common.ssh] Failed to establish authenticated ssh connection to cirros@172.24.4.4 ([Errno None] Unable to connect to port 22 on  or 172.24.4.4). Number attempts: 11. Retry after 12 seconds.
2016-01-05 05:47:15,891 25031 WARNING  [tempest_lib.common.ssh] Failed to establish authenticated ssh connection to cirros@172.24.4.4 ([Errno None] Unable to connect to port 22 on  or 172.24.4.4). Number attempts: 12. Retry after 13 seconds.
2016-01-05 05:47:32,391 25031 WARNING  [tempest_lib.common.ssh] Failed to establish authenticated ssh connection to cirros@172.24.4.4 ([Errno None] Unable to connect to port 22 on  or 172.24.4.4). Number attempts: 13. Retry after 14 seconds.
2016-01-05 05:47:49,908 25031 WARNING  [tempest_lib.common.ssh] Failed to establish authenticated ssh connection to cirros@172.24.4.4 ([Errno None] Unable to connect to port 22 on  or 172.24.4.4). Number attempts: 14. Retry after 15 seconds.
2016-01-05 05:48:08,420 25031 WARNING  [tempest_lib.common.ssh] Failed to establish authenticated ssh connection to cirros@172.24.4.4 ([Errno None] Unable to connect to port 22 on  or 172.24.4.4). Number attempts: 15. Retry after 16 seconds.
2016-01-05 05:48:27,931 25031 WARNING  [tempest_lib.common.ssh] Failed to establish authenticated ssh connection to cirros@172.24.4.4 ([Errno None] Unable to connect to port 22 on  or 172.24.4.4). Number attempts: 16. Retry after 17 seconds.
2016-01-05 05:48:48,447 25031 ERROR    [tempest_lib.common.ssh] Failed to establish authenticated ssh connection to cirros@172.24.4.4 after 16 attempts
2016-01-05 05:48:48.447 25031 ERROR tempest_lib.common.ssh Traceback (most recent call last):
2016-01-05 05:48:48.447 25031 ERROR tempest_lib.common.ssh   File "/usr/local/lib/python2.7/dist-packages/tempest_lib/common/ssh.py", line 75, in _get_ssh_connection
2016-01-05 05:48:48.447 25031 ERROR tempest_lib.common.ssh     timeout=self.channel_timeout, pkey=self.pkey)
2016-01-05 05:48:48.447 25031 ERROR tempest_lib.common.ssh   File "/usr/local/lib/python2.7/dist-packages/paramiko/client.py", line 311, in connect
2016-01-05 05:48:48.447 25031 ERROR tempest_lib.common.ssh     raise NoValidConnectionsError(errors)
2016-01-05 05:48:48.447 25031 ERROR tempest_lib.common.ssh NoValidConnectionsError: [Errno None] Unable to connect to port 22 on  or 172.24.4.4
2016-01-05 05:48:48.447 25031 ERROR tempest_lib.common.ssh 
2016-01-05 05:48:48,448 25031 ERROR    [tempest.scenario.manager] (TestGettingAddress:test_dhcp6_stateless_from_os) Initializing SSH connection to 172.24.4.4 failed. Error: Connection to the 172.24.4.4 via SSH timed out.
User: cirros, Password: None
2016-01-05 05:48:48.448 25031 ERROR tempest.scenario.manager Traceback (most recent call last):
2016-01-05 05:48:48.448 25031 ERROR tempest.scenario.manager   File "tempest/scenario/manager.py", line 386, in get_remote_client
2016-01-05 05:48:48.448 25031 ERROR tempest.scenario.manager     linux_client.validate_authentication()
2016-01-05 05:48:48.448 25031 ERROR tempest.scenario.manager   File "tempest/common/utils/linux/remote_client.py", line 63, in validate_authentication
2016-01-05 05:48:48.448 25031 ERROR tempest.scenario.manager     self.ssh_client.test_connection_auth()
2016-01-05 05:48:48.448 25031 ERROR tempest.scenario.manager   File "/usr/local/lib/python2.7/dist-packages/tempest_lib/common/ssh.py", line 172, in test_connection_auth
2016-01-05 05:48:48.448 25031 ERROR tempest.scenario.manager     connection = self._get_ssh_connection()
2016-01-05 05:48:48.448 25031 ERROR tempest.scenario.manager   File "/usr/local/lib/python2.7/dist-packages/tempest_lib/common/ssh.py", line 87, in _get_ssh_connection
2016-01-05 05:48:48.448 25031 ERROR tempest.scenario.manager     password=self.password)
2016-01-05 05:48:48.448 25031 ERROR tempest.scenario.manager SSHTimeout: Connection to the 172.24.4.4 via SSH timed out.
2016-01-05 05:48:48.448 25031 ERROR tempest.scenario.manager User: cirros, Password: None
2016-01-05 05:48:48.448 25031 ERROR tempest.scenario.manager 
2016-01-05 05:48:48,528 25031 INFO     [tempest_lib.common.rest_client] Request (TestGettingAddress:test_dhcp6_stateless_from_os): 200 GET http://10.0.2.15:8774/v2.1/2e5d44f540f642a980db2216b9e2e411/servers 0.078s
2016-01-05 05:48:48,529 25031 DEBUG    [tempest_lib.common.rest_client] Request - Headers: {'Content-Type': 'application/json', 'Accept': 'application/json', 'X-Auth-Token': '&lt;omitted&gt;'}
        Body: None
    Response - Headers: {'status': '200', 'content-length': '390', 'content-location': 'http://10.0.2.15:8774/v2.1/2e5d44f540f642a980db2216b9e2e411/servers', 'x-compute-request-id': 'req-d097b859-a31a-4f4f-9577-e29d15f6f91e', 'vary': 'X-OpenStack-Nova-API-Version', 'connection': 'close', 'x-openstack-nova-api-version': '2.1', 'date': 'Tue, 05 Jan 2016 05:48:48 GMT', 'content-type': 'application/json'}
        Body: {"servers": [{"id": "39879092-6995-45de-9a54-16777f01df6e", "links": [{"href": "http://10.0.2.15:8774/v2.1/2e5d44f540f642a980db2216b9e2e411/servers/39879092-6995-45de-9a54-16777f01df6e", "rel": "self"}, {"href": "http://10.0.2.15:8774/2e5d44f540f642a980db2216b9e2e411/servers/39879092-6995-45de-9a54-16777f01df6e", "rel": "bookmark"}], "name": "tempest.common.compute-instance-752868068"}]}
2016-01-05 05:48:48,753 25031 INFO     [tempest_lib.common.rest_client] Request (TestGettingAddress:test_dhcp6_stateless_from_os): 200 POST http://10.0.2.15:8774/v2.1/2e5d44f540f642a980db2216b9e2e411/servers/39879092-6995-45de-9a54-16777f01df6e/action 0.220s
2016-01-05 05:48:48,754 25031 DEBUG    [tempest_lib.common.rest_client] Request - Headers: {'Content-Type': 'application/json', 'Accept': 'application/json', 'X-Auth-Token': '&lt;omitted&gt;'}
        Body: {"os-getConsoleOutput": {}}
    Response - Headers: {'status': '200', 'content-length': '24761', 'x-compute-request-id': 'req-de03c54b-4da2-4365-ad93-4acb7c909483', 'vary': 'X-OpenStack-Nova-API-Version', 'connection': 'close', 'x-openstack-nova-api-version': '2.1', 'date': 'Tue, 05 Jan 2016 05:48:48 GMT', 'content-type': 'application/json'}
        Body: {"output": "[    0.000000] Initializing cgroup subsys cpuset\n[    0.000000] Initializing cgroup subsys cpu\n[    0.000000] Linux version 3.2.0-80-virtual (buildd@batsu) (gcc version 4.6.3 (Ubuntu/Linaro 4.6.3-1ubuntu5) ) #116-Ubuntu SMP Mon Mar 23 17:28:52 UTC 2015 (Ubuntu 3.2.0-80.116-virtual 3.2.68)\n[    0.000000] Command line: root=/dev/vda console=tty0 console=ttyS0 no_timer_check\n[    0.000000] KERNEL supported cpus:\n[    0.000000]   Intel GenuineIntel\n[    0.000000]   AMD AuthenticAMD\n[    0.000000]   Centaur CentaurHauls\n[    0.000000] BIOS-provided physical RAM map:\n[    0.000000]  BIOS-e820: 0000000000000000 - 000000000009fc00 (usable)\n[    0.000000]  BIOS-e820: 000000000009fc00 - 00000000000a0000 (reserved)\n[    0.000000]  BIOS-e820: 00000000000f0000 - 0000000000100000 (reserved)\n[    0.000000]  BIOS-e820: 0000000000100000 - 0000000003ffe000 (usable)\n[    0.000000]  BIOS-e820: 0000000003ffe000 - 0000000004000000 (reserved)\n[    0.000000]  BIOS-e820: 00000000fffc0000 - 0000000100000000 (reserved)\n[    0.000000] NX (Execute Disable) protection: active\n[    0.000000] SMBIOS 2.4 present.\n[    0.000000] No AGP bridge found\n[    0.000000] last_pfn = 0x3ffe max_arch_pfn = 0x400000000\n[    0.000000] x86 PAT enabled: cpu 0, old 0x7040600070406, new 0x7010600070106\n[    0.000000] found SMP MP-table at [ffff8800000f0b00] f0b00\n[    0.000000] init_memory_mapping: 0000000000000000-0000000003ffe000\n[    0.000000] RAMDISK: 03c5e000 - 03ff0000\n[    0.000000] ACPI: RSDP 00000000000f0950 00014 (v00 BOCHS )\n[    0.000000] ACPI: RSDT 0000000003fffbc1 00034 (v01 BOCHS  BXPCRSDT 00000001 BXPC 00000001)\n[    0.000000] ACPI: FACP 0000000003fff1c0 00074 (v01 BOCHS  BXPCFACP 00000001 BXPC 00000001)\n[    0.000000] ACPI: DSDT 0000000003ffe040 01180 (v01 BOCHS  BXPCDSDT 00000001 BXPC 00000001)\n[    0.000000] ACPI: FACS 0000000003ffe000 00040\n[    0.000000] ACPI: SSDT 0000000003fff234 008DD (v01 BOCHS  BXPCSSDT 00000001 BXPC 00000001)\n[    0.000000] ACPI: APIC 0000000003fffb11 00078 (v01 BOCHS  BXPCAPIC 00000001 BXPC 00000001)\n[    0.000000] ACPI: HPET 0000000003fffb89 00038 (v01 BOCHS  BXPCHPET 00000001 BXPC 00000001)\n[    0.000000] No NUMA configuration found\n[    0.000000] Faking a node at 0000000000000000-0000000003ffe000\n[    0.000000] Initmem setup node 0 0000000000000000-0000000003ffe000\n[    0.000000]   NODE_DATA [0000000003ff6000 - 0000000003ffafff]\n[    0.000000] Zone PFN ranges:\n[    0.000000]   DMA      0x00000010 -&gt; 0x00001000\n[    0.000000]   DMA32    0x00001000 -&gt; 0x00100000\n[    0.000000]   Normal   empty\n[    0.000000] Movable zone start PFN for each node\n[    0.000000] early_node_map[2] active PFN ranges\n[    0.000000]     0: 0x00000010 -&gt; 0x0000009f\n[    0.000000]     0: 0x00000100 -&gt; 0x00003ffe\n[    0.000000] ACPI: PM-Timer IO Port: 0xb008\n[    0.000000] ACPI: LAPIC (acpi_id[0x00] lapic_id[0x00] enabled)\n[    0.000000] ACPI: LAPIC_NMI (acpi_id[0xff] dfl dfl lint[0x1])\n[    0.000000] ACPI: IOAPIC (id[0x00] address[0xfec00000] gsi_base[0])\n[    0.000000] IOAPIC[0]: apic_id 0, version 17, address 0xfec00000, GSI 0-23\n[    0.000000] ACPI: INT_SRC_OVR (bus 0 bus_irq 0 global_irq 2 dfl dfl)\n[    0.000000] ACPI: INT_SRC_OVR (bus 0 bus_irq 5 global_irq 5 high level)\n[    0.000000] ACPI: INT_SRC_OVR (bus 0 bus_irq 9 global_irq 9 high level)\n[    0.000000] ACPI: INT_SRC_OVR (bus 0 bus_irq 10 global_irq 10 high level)\n[    0.000000] ACPI: INT_SRC_OVR (bus 0 bus_irq 11 global_irq 11 high level)\n[    0.000000] Using ACPI (MADT) for SMP configuration information\n[    0.000000] ACPI: HPET id: 0x8086a201 base: 0xfed00000\n[    0.000000] SMP: Allowing 1 CPUs, 0 hotplug CPUs\n[    0.000000] PM: Registered nosave memory: 000000000009f000 - 00000000000a0000\n[    0.000000] PM: Registered nosave memory: 00000000000a0000 - 00000000000f0000\n[    0.000000] PM: Registered nosave memory: 00000000000f0000 - 0000000000100000\n[    0.000000] Allocating PCI resources starting at 4000000 (gap: 4000000:fbfc0000)\n[    0.000000] Booting paravirtualized kernel on bare hardware\n[    0.000000] setup_pe
2016-01-05 05:48:48,756 25031 DEBUG    [tempest.scenario.manager] Console output for 39879092-6995-45de-9a54-16777f01df6e
body=
[    0.000000] Initializing cgroup subsys cpuset
[    0.000000] Initializing cgroup subsys cpu
[    0.000000] Linux version 3.2.0-80-virtual (buildd@batsu) (gcc version 4.6.3 (Ubuntu/Linaro 4.6.3-1ubuntu5) ) #116-Ubuntu SMP Mon Mar 23 17:28:52 UTC 2015 (Ubuntu 3.2.0-80.116-virtual 3.2.68)
[    0.000000] Command line: root=/dev/vda console=tty0 console=ttyS0 no_timer_check
[    0.000000] KERNEL supported cpus:
[    0.000000]   Intel GenuineIntel
[    0.000000]   AMD AuthenticAMD
[    0.000000]   Centaur CentaurHauls
[    0.000000] BIOS-provided physical RAM map:
[    0.000000]  BIOS-e820: 0000000000000000 - 000000000009fc00 (usable)
[    0.000000]  BIOS-e820: 000000000009fc00 - 00000000000a0000 (reserved)
[    0.000000]  BIOS-e820: 00000000000f0000 - 0000000000100000 (reserved)
[    0.000000]  BIOS-e820: 0000000000100000 - 0000000003ffe000 (usable)
[    0.000000]  BIOS-e820: 0000000003ffe000 - 0000000004000000 (reserved)
[    0.000000]  BIOS-e820: 00000000fffc0000 - 0000000100000000 (reserved)
[    0.000000] NX (Execute Disable) protection: active
[    0.000000] SMBIOS 2.4 present.
[    0.000000] No AGP bridge found
[    0.000000] last_pfn = 0x3ffe max_arch_pfn = 0x400000000
[    0.000000] x86 PAT enabled: cpu 0, old 0x7040600070406, new 0x7010600070106
[    0.000000] found SMP MP-table at [ffff8800000f0b00] f0b00
[    0.000000] init_memory_mapping: 0000000000000000-0000000003ffe000
[    0.000000] RAMDISK: 03c5e000 - 03ff0000
[    0.000000] ACPI: RSDP 00000000000f0950 00014 (v00 BOCHS )
[    0.000000] ACPI: RSDT 0000000003fffbc1 00034 (v01 BOCHS  BXPCRSDT 00000001 BXPC 00000001)
[    0.000000] ACPI: FACP 0000000003fff1c0 00074 (v01 BOCHS  BXPCFACP 00000001 BXPC 00000001)
[    0.000000] ACPI: DSDT 0000000003ffe040 01180 (v01 BOCHS  BXPCDSDT 00000001 BXPC 00000001)
[    0.000000] ACPI: FACS 0000000003ffe000 00040
[    0.000000] ACPI: SSDT 0000000003fff234 008DD (v01 BOCHS  BXPCSSDT 00000001 BXPC 00000001)
[    0.000000] ACPI: APIC 0000000003fffb11 00078 (v01 BOCHS  BXPCAPIC 00000001 BXPC 00000001)
[    0.000000] ACPI: HPET 0000000003fffb89 00038 (v01 BOCHS  BXPCHPET 00000001 BXPC 00000001)
[    0.000000] No NUMA configuration found
[    0.000000] Faking a node at 0000000000000000-0000000003ffe000
[    0.000000] Initmem setup node 0 0000000000000000-0000000003ffe000
[    0.000000]   NODE_DATA [0000000003ff6000 - 0000000003ffafff]
[    0.000000] Zone PFN ranges:
[    0.000000]   DMA      0x00000010 -&gt; 0x00001000
[    0.000000]   DMA32    0x00001000 -&gt; 0x00100000
[    0.000000]   Normal   empty
[    0.000000] Movable zone start PFN for each node
[    0.000000] early_node_map[2] active PFN ranges
[    0.000000]     0: 0x00000010 -&gt; 0x0000009f
[    0.000000]     0: 0x00000100 -&gt; 0x00003ffe
[    0.000000] ACPI: PM-Timer IO Port: 0xb008
[    0.000000] ACPI: LAPIC (acpi_id[0x00] lapic_id[0x00] enabled)
[    0.000000] ACPI: LAPIC_NMI (acpi_id[0xff] dfl dfl lint[0x1])
[    0.000000] ACPI: IOAPIC (id[0x00] address[0xfec00000] gsi_base[0])
[    0.000000] IOAPIC[0]: apic_id 0, version 17, address 0xfec00000, GSI 0-23
[    0.000000] ACPI: INT_SRC_OVR (bus 0 bus_irq 0 global_irq 2 dfl dfl)
[    0.000000] ACPI: INT_SRC_OVR (bus 0 bus_irq 5 global_irq 5 high level)
[    0.000000] ACPI: INT_SRC_OVR (bus 0 bus_irq 9 global_irq 9 high level)
[    0.000000] ACPI: INT_SRC_OVR (bus 0 bus_irq 10 global_irq 10 high level)
[    0.000000] ACPI: INT_SRC_OVR (bus 0 bus_irq 11 global_irq 11 high level)
[    0.000000] Using ACPI (MADT) for SMP configuration information
[    0.000000] ACPI: HPET id: 0x8086a201 base: 0xfed00000
[    0.000000] SMP: Allowing 1 CPUs, 0 hotplug CPUs
[    0.000000] PM: Registered nosave memory: 000000000009f000 - 00000000000a0000
[    0.000000] PM: Registered nosave memory: 00000000000a0000 - 00000000000f0000
[    0.000000] PM: Registered nosave memory: 00000000000f0000 - 0000000000100000
[    0.000000] Allocating PCI resources starting at 4000000 (gap: 4000000:fbfc0000)
[    0.000000] Booting paravirtualized kernel on bare hardware
[    0.000000] setup_percpu: NR_CPUS:64 nr_cpumask_bits:64 nr_cpu_ids:1 nr_node_ids:1
[    0.000000] PERCPU: Embedded 27 pages/cpu @ffff880003a00000 s78848 r8192 d23552 u2097152
[    0.000000] Built 1 zonelists in Node order, mobility grouping on.  Total pages: 16008
[    0.000000] Policy zone: DMA32
[    0.000000] Kernel command line: root=/dev/vda console=tty0 console=ttyS0 no_timer_check
[    0.000000] PID hash table entries: 256 (order: -1, 2048 bytes)
[    0.000000] Checking aperture...
[    0.000000] No AGP bridge found
[    0.000000] Memory: 43492k/65528k available (6576k kernel code, 452k absent, 21584k reserved, 6620k data, 928k init)
[    0.000000] SLUB: Genslabs=15, HWalign=64, Order=0-3, MinObjects=0, CPUs=1, Nodes=1
[    0.000000] Hierarchical RCU implementation.
[    0.000000] 	RCU dyntick-idle grace-period acceleration is enabled.
[    0.000000] NR_IRQS:4352 nr_irqs:256 16
[    0.000000] Console: colour VGA+ 80x25
[    0.000000] console [tty0] enabled
[    0.000000] console [ttyS0] enabled
[    0.000000] allocated 1048576 bytes of page_cgroup
[    0.000000] please try 'cgroup_disable=memory' option if you don't want memory cgroups
[    0.000000] Fast TSC calibration failed
[    0.000000] TSC: Unable to calibrate against PIT
[    0.000000] TSC: using HPET reference calibration
[    0.000000] Detected 2292.608 MHz processor.
[    0.032820] Calibrating delay loop (skipped), value calculated using timer frequency.. 4585.21 BogoMIPS (lpj=9170432)
[    0.036976] pid_max: default: 32768 minimum: 301
[    0.045767] Security Framework initialized
[    0.051211] AppArmor: AppArmor initialized
[    0.052190] Yama: becoming mindful.
[    0.061700] Dentry cache hash table entries: 8192 (order: 4, 65536 bytes)
[    0.064072] Inode-cache hash table entries: 4096 (order: 3, 32768 bytes)
[    0.065566] Mount-cache hash table entries: 256
[    0.081891] Initializing cgroup subsys cpuacct
[    0.082878] Initializing cgroup subsys memory
[    0.084724] Initializing cgroup subsys devices
[    0.085501] Initializing cgroup subsys freezer
[    0.086174] Initializing cgroup subsys blkio
[    0.087013] Initializing cgroup subsys perf_event
[    0.093015] mce: CPU supports 10 MCE banks
[    0.096567] SMP alternatives: switching to UP code
[    0.481144] Freeing SMP alternatives: 24k freed
[    0.482467] ACPI: Core revision 20110623
[    0.532443] ftrace: allocating 26610 entries in 105 pages
[    0.570982] ..TIMER: vector=0x30 apic1=0 pin1=2 apic2=-1 pin2=-1
[    0.572165] CPU0: AMD QEMU Virtual CPU version 2.0.0 stepping 03
[    0.576035] Performance Events: Broken PMU hardware detected, using software events only.
[    0.582373] NMI watchdog disabled (cpu0): hardware events not enabled
[    0.585076] Brought up 1 CPUs
[    0.586151] Total of 1 processors activated (4585.21 BogoMIPS).
[    0.610734] devtmpfs: initialized
[    0.641856] EVM: security.selinux
[    0.642442] EVM: security.SMACK64
[    0.642910] EVM: security.capability
[    0.664698] print_constraints: dummy: 
[    0.666543] RTC time:  5:45:17, date: 01/05/16
[    0.669172] NET: Registered protocol family 16
[    0.677609] ACPI: bus type pci registered
[    0.681458] PCI: Using configuration type 1 for base access
[    0.714541] bio: create slab &lt;bio-0&gt; at 0
[    0.721248] ACPI: Added _OSI(Module Device)
[    0.722034] ACPI: Added _OSI(Processor Device)
[    0.722718] ACPI: Added _OSI(3.0 _SCP Extensions)
[    0.724104] ACPI: Added _OSI(Processor Aggregator Device)
[    0.807103] ACPI: Interpreter enabled
[    0.808183] ACPI: (supports S0 S3 S4 S5)
[    0.809836] ACPI: Using IOAPIC for interrupt routing
[    0.889923] ACPI: No dock devices found.
[    0.890758] HEST: Table not found.
[    0.892137] PCI: Using host bridge windows from ACPI; if necessary, use "pci=nocrs" and report a bug
[    0.898302] ACPI: PCI Root Bridge [PCI0] (domain 0000 [bus 00-ff])
[    0.907251] pci_root PNP0A03:00: host bridge window [io  0x0000-0x0cf7]
[    0.908222] pci_root PNP0A03:00: host bridge window [io  0x0d00-0xadff]
[    0.912138] pci_root PNP0A03:00: host bridge window [io  0xae0f-0xaeff]
[    0.914175] pci_root PNP0A03:00: host bridge window [io  0xaf20-0xafdf]
[    0.916140] pci_root PNP0A03:00: host bridge window [io  0xafe4-0xffff]
[    0.920219] pci_root PNP0A03:00: host bridge window [mem 0x000a0000-0x000bffff]
[    0.921867] pci_root PNP0A03:00: host bridge window [mem 0x04000000-0xfebfffff]
[    0.950540] pci 0000:00:01.3: quirk: [io  0xb000-0xb03f] claimed by PIIX4 ACPI
[    0.952240] pci 0000:00:01.3: quirk: [io  0xb100-0xb10f] claimed by PIIX4 SMB
[    1.031141]  pci0000:00: Unable to request _OSC control (_OSC support mask: 0x1e)
[    1.091387] ACPI: PCI Interrupt Link [LNKA] (IRQs 5 *10 11)
[    1.096244] ACPI: PCI Interrupt Link [LNKB] (IRQs 5 *10 11)
[    1.099028] ACPI: PCI Interrupt Link [LNKC] (IRQs 5 10 *11)
[    1.101526] ACPI: PCI Interrupt Link [LNKD] (IRQs 5 10 *11)
[    1.102819] ACPI: PCI Interrupt Link [LNKS] (IRQs *9)
[    1.110406] vgaarb: device added: PCI:0000:00:02.0,decodes=io+mem,owns=io+mem,locks=none
[    1.112189] vgaarb: loaded
[    1.112557] vgaarb: bridge control possible 0000:00:02.0
[    1.116956] i2c-core: driver [aat2870] using legacy suspend method
[    1.117668] i2c-core: driver [aat2870] using legacy resume method
[    1.122262] SCSI subsystem initialized
[    1.126415] usbcore: registered new interface driver usbfs
[    1.127402] usbcore: registered new interface driver hub
[    1.128690] usbcore: registered new device driver usb
[    1.132433] PCI: Using ACPI for IRQ routing
[    1.144945] NetLabel: Initializing
[    1.145708] NetLabel:  domain hash size = 128
[    1.146320] NetLabel:  protocols = UNLABELED CIPSOv4
[    1.148456] NetLabel:  unlabeled traffic allowed by default
[    1.150276] HPET: 3 timers in total, 0 timers will be used for per-cpu timer
[    1.152473] hpet0: at MMIO 0xfed00000, IRQs 2, 8, 0
[    1.153256] hpet0: 3 comparators, 64-bit 100.000000 MHz counter
[    1.166739] Switching to clocksource hpet
[    1.401771] AppArmor: AppArmor Filesystem Enabled
[    1.403125] pnp: PnP ACPI init
[    1.403743] ACPI: bus type pnp registered
[    1.427185] pnp: PnP ACPI: found 9 devices
[    1.427762] ACPI: ACPI bus type pnp unregistered
[    1.490424] NET: Registered protocol family 2
[    1.526391] IP route cache hash table entries: 512 (order: 0, 4096 bytes)
[    1.534318] TCP established hash table entries: 2048 (order: 3, 32768 bytes)
[    1.535818] TCP bind hash table entries: 2048 (order: 3, 32768 bytes)
[    1.537461] TCP: Hash tables configured (established 2048 bind 2048)
[    1.538267] TCP reno registered
[    1.538826] UDP hash table entries: 128 (order: 0, 4096 bytes)
[    1.539696] UDP-Lite hash table entries: 128 (order: 0, 4096 bytes)
[    1.542836] NET: Registered protocol family 1
[    1.543788] pci 0000:00:00.0: Limiting direct PCI/PCI transfers
[    1.545748] pci 0000:00:01.0: PIIX3: Enabling Passive Release
[    1.546846] pci 0000:00:01.0: Activating ISA DMA hang workarounds
[    1.552152] ACPI: PCI Interrupt Link [LNKD] enabled at IRQ 11
[    1.554005] pci 0000:00:01.2: PCI INT D -&gt; Link[LNKD] -&gt; GSI 11 (level, high) -&gt; IRQ 11
[    1.556054] pci 0000:00:01.2: PCI INT D disabled
[    1.574693] Trying to unpack rootfs image as initramfs...
[    1.590524] audit: initializing netlink socket (disabled)
[    1.591846] type=2000 audit(1451972717.588:1): initialized
[    1.870927] HugeTLB registered 2 MB page size, pre-allocated 0 pages
[    1.951070] VFS: Disk quotas dquot_6.5.2
[    1.953528] Dquot-cache hash table entries: 512 (order 0, 4096 bytes)
[    1.974489] fuse init (API version 7.17)
[    1.986010] msgmni has been set to 84
[    2.018934] Block layer SCSI generic (bsg) driver version 0.4 loaded (major 253)
[    2.029344] io scheduler noop registered
[    2.029883] io scheduler deadline registered (default)
[    2.031049] io scheduler cfq registered
[    2.035070] pci_hotplug: PCI Hot Plug PCI Core version: 0.5
[    2.037953] pciehp: PCI Express Hot Plug Controller Driver version: 0.4
[    2.042702] input: Power Button as /devices/LNXSYSTM:00/LNXPWRBN:00/input/input0
[    2.046159] ACPI: Power Button [PWRF]
[    2.094228] ERST: Table is not found!
[    2.094750] GHES: HEST is not enabled!
[    2.097990] ACPI: PCI Interrupt Link [LNKC] enabled at IRQ 10
[    2.098762] virtio-pci 0000:00:03.0: PCI INT A -&gt; Link[LNKC] -&gt; GSI 10 (level, high) -&gt; IRQ 10
[    2.102509] virtio-pci 0000:00:04.0: PCI INT A -&gt; Link[LNKD] -&gt; GSI 11 (level, high) -&gt; IRQ 11
[    2.122481] ACPI: PCI Interrupt Link [LNKA] enabled at IRQ 10
[    2.124997] virtio-pci 0000:00:05.0: PCI INT A -&gt; Link[LNKA] -&gt; GSI 10 (level, high) -&gt; IRQ 10
[    2.137677] Serial: 8250/16550 driver, 32 ports, IRQ sharing enabled
[    2.177899] serial8250: ttyS0 at I/O 0x3f8 (irq = 4) is a 16550A
[    2.260926] serial8250: ttyS1 at I/O 0x2f8 (irq = 3) is a 16550A
[    2.403477] 00:05: ttyS0 at I/O 0x3f8 (irq = 4) is a 16550A
[    2.488822] 00:06: ttyS1 at I/O 0x2f8 (irq = 3) is a 16550A
[    2.538724] Linux agpgart interface v0.103
[    2.561568] Refined TSC clocksource calibration: 2292.664 MHz.
[    2.562400] Switching to clocksource tsc
[    2.612033] brd: module loaded
[    2.650753] loop: module loaded
[    2.698359]  vda: unknown partition table
[    2.746606] scsi0 : ata_piix
[    2.750259] scsi1 : ata_piix
[    2.751507] ata1: PATA max MWDMA2 cmd 0x1f0 ctl 0x3f6 bmdma 0xc0a0 irq 14
[    2.753016] ata2: PATA max MWDMA2 cmd 0x170 ctl 0x376 bmdma 0xc0a8 irq 15
[    2.763258] Fixed MDIO Bus: probed
[    2.764133] tun: Universal TUN/TAP device driver, 1.6
[    2.765225] tun: (C) 1999-2004 Max Krasnyansky &lt;maxk@qualcomm.com&gt;
[    2.783119] PPP generic driver version 2.4.2
[    2.818308] ehci_hcd: USB 2.0 'Enhanced' Host Controller (EHCI) Driver
[    2.819418] ohci_hcd: USB 1.1 'Open' Host Controller (OHCI) Driver
[    2.821620] uhci_hcd: USB Universal Host Controller Interface driver
[    2.822656] uhci_hcd 0000:00:01.2: PCI INT D -&gt; Link[LNKD] -&gt; GSI 11 (level, high) -&gt; IRQ 11
[    2.826666] uhci_hcd 0000:00:01.2: UHCI Host Controller
[    2.841687] uhci_hcd 0000:00:01.2: new USB bus registered, assigned bus number 1
[    2.844045] uhci_hcd 0000:00:01.2: irq 11, io base 0x0000c040
[    2.866188] hub 1-0:1.0: USB hub found
[    2.867496] hub 1-0:1.0: 2 ports detected
[    2.875363] usbcore: registered new interface driver libusual
[    2.878882] i8042: PNP: PS/2 Controller [PNP0303:KBD,PNP0f13:MOU] at 0x60,0x64 irq 1,12
[    2.890161] serio: i8042 KBD port at 0x60,0x64 irq 1
[    2.891805] serio: i8042 AUX port at 0x60,0x64 irq 12
[    2.936127] mousedev: PS/2 mouse device common for all mice
[    2.947812] input: AT Translated Set 2 keyboard as /devices/platform/i8042/serio0/input/input1
[    2.967906] rtc_cmos 00:01: RTC can wake from S4
[    2.989295] rtc_cmos 00:01: rtc core: registered rtc_cmos as rtc0
[    2.993604] rtc0: alarms up to one day, 114 bytes nvram, hpet irqs
[    2.998594] device-mapper: uevent: version 1.0.3
[    3.017691] ata2.01: ATAPI: QEMU DVD-ROM, 2.0.0, max UDMA/100
[    3.030617] device-mapper: ioctl: 4.22.0-ioctl (2011-10-19) initialised: dm-devel@redhat.com
[    3.034684] cpuidle: using governor ladder
[    3.035513] cpuidle: using governor menu
[    3.036059] EFI Variables Facility v0.08 2004-May-17
[    3.050272] TCP cubic registered
[    3.055429] NET: Registered protocol family 10
[    3.086177] NET: Registered protocol family 17
[    3.087428] Registering the dns_resolver key type
[    3.095277] ata2.01: configured for MWDMA2
[    3.132967] scsi 1:0:1:0: CD-ROM            QEMU     QEMU DVD-ROM     2.0. PQ: 0 ANSI: 5
[    3.151270] sr0: scsi3-mmc drive: 4x/4x cd/rw xa/form2 tray
[    3.152567] cdrom: Uniform CD-ROM driver Revision: 3.20
[    3.168017] sr 1:0:1:0: Attached scsi generic sg0 type 5
[    3.223641] registered taskstats version 1
[    3.259242] Freeing initrd memory: 3656k freed
[    3.799942]   Magic number: 0:108:769
[    3.814267] mem kmsg: hash matches
[    3.815558] virtio-pci 0000:00:05.0: hash matches
[    3.823705] rtc_cmos 00:01: setting system clock to 2016-01-05 05:45:20 UTC (1451972720)
[    3.826910] powernow-k8: Processor cpuid 663 not supported
[    3.834545] BIOS EDD facility v0.16 2004-Jun-25, 0 devices found
[    3.836618] EDD information not available.
[    3.901640] Freeing unused kernel memory: 928k freed
[    3.905390] Write protecting the kernel read-only data: 12288k
[    3.979354] Freeing unused kernel memory: 1596k freed
[    4.046657] Freeing unused kernel memory: 1184k freed

info: initramfs: up at 4.23
modprobe: module virtio_blk not found in modules.dep
modprobe: module virtio_net not found in modules.dep
info: copying initramfs to /dev/vda
info: initramfs loading root from /dev/vda
info: /etc/init.d/rc.sysinit: up at 9.03
info: container: none
Starting logging: OK
modprobe: module virtio_blk not found in modules.dep
modprobe: module virtio_net not found in modules.dep
WARN: /etc/rc3.d/S10-load-modules failed
Initializing random number generator... done.
Starting acpid: OK
cirros-ds 'local' up at 11.60
found datasource (configdrive, local)
Starting network...
udhcpc (v1.20.1) started
Sending discover...
Sending discover...
Sending discover...
Usage: /sbin/cirros-dhcpc &lt;up|down&gt;
No lease, failing
WARN: /etc/rc3.d/S40-network failed
Starting dropbear sshd: generating rsa key... generating dsa key... OK
no userdata for datasource
=== system information ===
Platform: OpenStack Foundation OpenStack Nova
Container: none
Arch: x86_64
CPU(s): 1 @ 2292.608 MHz
Cores/Sockets/Threads: 1/1/1
Virt-type: AMD-V
RAM Size: 49MB
Disks:
NAME MAJ:MIN     SIZE LABEL         MOUNTPOINT
vda  253:0   25165824 cirros-rootfs /
sr0   11:0     428032 config-2      
=== sshd host keys ===
-----BEGIN SSH HOST KEY KEYS-----
ssh-rsa AAAAB3NzaC1yc2EAAAADAQABAAAAgwCpHAnU3aRRYecx6wqzRWL8AocDpsGcOsjrTnSN2SaZAI9kdLSNUthAYV6UPw3byqBMdwONu9IBH3CtrYNkWHElJnQd/BEEwgb9EIWr2X339VMeYhceJc/UKpFxEPTSy4SiE/lVW5DdlLjzTHfXb2iJlFRHpoNn2U5JarZ7c8igmX7p root@tempest
ssh-dss AAAAB3NzaC1kc3MAAACBAPrwZGRLmaA+O4lGQ+YTMBIJ98RWK7fai2hGxbqur6tRX/7LUMCujkSgwXILo4bHIcqJ5Ux4VD3p5rqggjHLwJB44lzrSV5M6EW0ywXC4GDNqJw6/9VbznCpR51f8NTnlOpf51No+JwN2YWkS5YIld9CrLuTnf2E6ak4fgBa3YvnAAAAFQCoFycdjVMm7oBU4pAEF553qCV4UwAAAIBSSJorrb5nroCPaJIZbFSGpkEeBczwTRybZQZZI3SVdt4Ln/CwFOxhmYPx7mMHHIX736uWdD6X1wH4sf91GmKvuY5jNvLm0RO8IJgvlEQodpdFa+PZivTvsFuhxxNXjipHb3d1PX29FWbbnl16Kc+371nm7BFiEgw6sJi5VubYxQAAAIA4QH0vUuPFVBlOp4LwZeqRQd9TDTSmHU0rfSkTyQ1MjzMRGvkzdHKtN8o/gKrE7t/8e0fL1aIp1XRQHU+NppSYuR7WIF8ldruWYeLsjqA+nh8iXSlbRlMzdfpLwNnNZMfxMnfIeM6xX0oCmWLWmTCFGUyiFriy/S+hEFTnaDb40w== root@tempest
-----END SSH HOST KEY KEYS-----
=== network info ===
if-info: lo,up,127.0.0.1,8,::1
if-info: eth0,up,,8,fe80::f816:3eff:fee3:a7c8
=== datasource: configdrive local ===
instance-id: 39879092-6995-45de-9a54-16777f01df6e
name: tempest.common.compute-instance-752868068
availability-zone: nova
local-hostname: tempest.common.compute-instance-752868068.novalocal
launch-index: 0
=== cirros: current=0.3.4 uptime=201.32 ===
route: fscanf
=== pinging gateway failed, debugging connection ===
############ debug start ##############
### /etc/init.d/sshd start
Starting dropbear sshd: OK
route: fscanf
### ifconfig -a
eth0      Link encap:Ethernet  HWaddr FA:16:3E:E3:A7:C8  
          inet6 addr: fe80::f816:3eff:fee3:a7c8/64 Scope:Link
          UP BROADCAST RUNNING MULTICAST  MTU:1500  Metric:1
          RX packets:12 errors:0 dropped:5 overruns:0 frame:0
          TX packets:8 errors:0 dropped:0 overruns:0 carrier:0
          collisions:0 txqueuelen:1000 
          RX bytes:1303 (1.2 KiB)  TX bytes:1134 (1.1 KiB)

lo        Link encap:Local Loopback  
          inet addr:127.0.0.1  Mask:255.0.0.0
          inet6 addr: ::1/128 Scope:Host
          UP LOOPBACK RUNNING  MTU:16436  Metric:1
          RX packets:12 errors:0 dropped:0 overruns:0 frame:0
          TX packets:12 errors:0 dropped:0 overruns:0 carrier:0
          collisions:0 txqueuelen:0 
          RX bytes:1020 (1020.0 B)  TX bytes:1020 (1020.0 B)

### route -n
Kernel IP routing table
Destination     Gateway         Genmask         Flags Metric Ref    Use Iface
route: fscanf
### cat /etc/resolv.conf
cat: can't open '/etc/resolv.conf': No such file or directory
### gateway not found
/sbin/cirros-status: line 1: can't open /etc/resolv.conf: no such file
### pinging nameservers
### uname -a
Linux tempest 3.2.0-80-virtual #116-Ubuntu SMP Mon Mar 23 17:28:52 UTC 2015 x86_64 GNU/Linux
### lsmod
Module                  Size  Used by    Not tainted
nls_iso8859_1          12713  0 
nls_cp437              16991  0 
vfat                   17585  0 
fat                    61512  1 vfat
isofs                  40259  0 
ip_tables              27473  0 
x_tables               29891  1 ip_tables
pcnet32                42119  0 
8139cp                 27360  0 
ne2k_pci               13691  0 
8390                   18856  1 ne2k_pci
e1000                 108589  0 
acpiphp                24231  0 
### dmesg | tail
[    4.978119] EXT3-fs (vda): mounted filesystem with ordered data mode
[    5.285978] ISO 9660 Extensions: Microsoft Joliet Level 3
[    5.374136] ISO 9660 Extensions: RRIP_1991A
[    5.626359] kjournald starting.  Commit interval 5 seconds
[    5.639387] EXT3-fs (vda): using internal journal
[    5.641446] EXT3-fs (vda): mounted filesystem with ordered data mode
[    9.077736] EXT3-fs (vda): using internal journal
[   12.399770] ISO 9660 Extensions: Microsoft Joliet Level 3
[   12.497164] ISO 9660 Extensions: RRIP_1991A
[   26.705755] eth0: no IPv6 routers present
### tail -n 25 /var/log/messages
Jan  5 05:45:27 cirros kern.info kernel: [    4.527110] acpiphp: Slot [26] registered
Jan  5 05:45:27 cirros kern.info kernel: [    4.527400] acpiphp: Slot [27] registered
Jan  5 05:45:27 cirros kern.info kernel: [    4.527688] acpiphp: Slot [28] registered
Jan  5 05:45:27 cirros kern.info kernel: [    4.528011] acpiphp: Slot [29] registered
Jan  5 05:45:27 cirros kern.info kernel: [    4.529253] acpiphp: Slot [30] registered
Jan  5 05:45:27 cirros kern.info kernel: [    4.529549] acpiphp: Slot [31] registered
Jan  5 05:45:27 cirros kern.info kernel: [    4.582294] e1000: Intel(R) PRO/1000 Network Driver - version 7.3.21-k8-NAPI
Jan  5 05:45:27 cirros kern.info kernel: [    4.582359] e1000: Copyright (c) 1999-2006 Intel Corporation.
Jan  5 05:45:27 cirros kern.info kernel: [    4.627052] ne2k-pci.c:v1.03 9/22/2003 D. Becker/P. Gortmaker
Jan  5 05:45:27 cirros kern.info kernel: [    4.662090] 8139cp: 8139cp: 10/100 PCI Ethernet driver v1.3 (Mar 22, 2004)
Jan  5 05:45:27 cirros kern.info kernel: [    4.699709] pcnet32: pcnet32.c:v1.35 21.Apr.2008 tsbogend@alpha.franken.de
Jan  5 05:45:27 cirros kern.info kernel: [    4.738846] ip_tables: (C) 2000-2006 Netfilter Core Team
Jan  5 05:45:27 cirros kern.info kernel: [    4.975385] kjournald starting.  Commit interval 5 seconds
Jan  5 05:45:27 cirros kern.info kernel: [    4.978119] EXT3-fs (vda): mounted filesystem with ordered data mode
Jan  5 05:45:27 cirros kern.debug kernel: [    5.285978] ISO 9660 Extensions: Microsoft Joliet Level 3
Jan  5 05:45:27 cirros kern.debug kernel: [    5.374136] ISO 9660 Extensions: RRIP_1991A
Jan  5 05:45:27 cirros kern.info kernel: [    5.626359] kjournald starting.  Commit interval 5 seconds
Jan  5 05:45:27 cirros kern.info kernel: [    5.639387] EXT3-fs (vda): using internal journal
Jan  5 05:45:27 cirros kern.info kernel: [    5.641446] EXT3-fs (vda): mounted filesystem with ordered data mode
Jan  5 05:45:27 cirros kern.info kernel: [    9.077736] EXT3-fs (vda): using internal journal
Jan  5 05:45:29 cirros kern.debug kernel: [   12.399770] ISO 9660 Extensions: Microsoft Joliet Level 3
Jan  5 05:45:29 cirros kern.debug kernel: [   12.497164] ISO 9660 Extensions: RRIP_1991A
Jan  5 05:45:32 cirros auth.notice su: + /dev/console root:cirros
Jan  5 05:45:43 cirros kern.debug kernel: [   26.705755] eth0: no IPv6 routers present
Jan  5 05:48:36 cirros authpriv.info dropbear[283]: Running in background
############ debug end   ##############
  ____               ____  ____
 / __/ __ ____ ____ / __ \/ __/
/ /__ / // __// __// /_/ /\ \ 
\___//_//_/  /_/   \____/___/ 
   http://cirros-cloud.net


login as 'cirros' user. default password: 'cubswin:)'. use 'sudo' for root.
tempest login: 
2016-01-05 05:48:49,025 25031 INFO     [tempest_lib.common.rest_client] Request (TestGettingAddress:_run_cleanups): 204 DELETE http://10.0.2.15:9696/v2.0/floatingips/e4c0b330-d3d4-4a3b-97fd-1ad305444de1 0.265s
2016-01-05 05:48:49,025 25031 DEBUG    [tempest_lib.common.rest_client] Request - Headers: {'Content-Type': 'application/json', 'Accept': 'application/json', 'X-Auth-Token': '&lt;omitted&gt;'}
        Body: None
    Response - Headers: {'date': 'Tue, 05 Jan 2016 05:48:49 GMT', 'status': '204', 'connection': 'close', 'content-length': '0', 'x-openstack-request-id': 'req-d5af7ed0-c8cc-4e7a-b667-62e40e144cfa'}
        Body: 
2016-01-05 05:48:49,249 25031 INFO     [tempest_lib.common.rest_client] Request (TestGettingAddress:_run_cleanups): 204 DELETE http://10.0.2.15:8774/v2.1/2e5d44f540f642a980db2216b9e2e411/servers/39879092-6995-45de-9a54-16777f01df6e 0.223s
2016-01-05 05:48:49,250 25031 DEBUG    [tempest_lib.common.rest_client] Request - Headers: {'Content-Type': 'application/json', 'Accept': 'application/json', 'X-Auth-Token': '&lt;omitted&gt;'}
        Body: None
    Response - Headers: {'status': '204', 'content-length': '0', 'x-compute-request-id': 'req-35990102-1422-4f3f-be72-344d32042ab3', 'vary': 'X-OpenStack-Nova-API-Version', 'connection': 'close', 'x-openstack-nova-api-version': '2.1', 'date': 'Tue, 05 Jan 2016 05:48:49 GMT', 'content-type': 'application/json'}
        Body: 
2016-01-05 05:48:49,547 25031 INFO     [tempest_lib.common.rest_client] Request (TestGettingAddress:_run_cleanups): 200 GET http://10.0.2.15:8774/v2.1/2e5d44f540f642a980db2216b9e2e411/servers/39879092-6995-45de-9a54-16777f01df6e 0.297s
2016-01-05 05:48:49,548 25031 DEBUG    [tempest_lib.common.rest_client] Request - Headers: {'Content-Type': 'application/json', 'Accept': 'application/json', 'X-Auth-Token': '&lt;omitted&gt;'}
        Body: None
    Response - Headers: {'status': '200', 'content-length': '1904', 'content-location': 'http://10.0.2.15:8774/v2.1/2e5d44f540f642a980db2216b9e2e411/servers/39879092-6995-45de-9a54-16777f01df6e', 'x-compute-request-id': 'req-a0a157c9-55f4-4a03-afa3-eab0eca63e1e', 'vary': 'X-OpenStack-Nova-API-Version', 'connection': 'close', 'x-openstack-nova-api-version': '2.1', 'date': 'Tue, 05 Jan 2016 05:48:49 GMT', 'content-type': 'application/json'}
        Body: {"server": {"status": "ACTIVE", "updated": "2016-01-05T05:48:49Z", "hostId": "5cf1a091ac0e5e38c3f43570f5ffe8d6c05e360a30890f6e12408bec", "addresses": {"tempest-network-smoke--1483604787": [{"OS-EXT-IPS-MAC:mac_addr": "fa:16:3e:e3:a7:c8", "version": 4, "addr": "10.100.0.3", "OS-EXT-IPS:type": "fixed"}, {"OS-EXT-IPS-MAC:mac_addr": "fa:16:3e:e3:a7:c8", "version": 6, "addr": "2003::f816:3eff:fee3:a7c8", "OS-EXT-IPS:type": "fixed"}, {"OS-EXT-IPS-MAC:mac_addr": "fa:16:3e:e3:a7:c8", "version": 4, "addr": "172.24.4.4", "OS-EXT-IPS:type": "floating"}]}, "links": [{"href": "http://10.0.2.15:8774/v2.1/2e5d44f540f642a980db2216b9e2e411/servers/39879092-6995-45de-9a54-16777f01df6e", "rel": "self"}, {"href": "http://10.0.2.15:8774/2e5d44f540f642a980db2216b9e2e411/servers/39879092-6995-45de-9a54-16777f01df6e", "rel": "bookmark"}], "key_name": "tempest-TestGettingAddress-2054503237", "image": {"id": "7931da43-c7bf-41d8-b4e9-06b7ecb639e4", "links": [{"href": "http://10.0.2.15:8774/2e5d44f540f642a980db2216b9e2e411/images/7931da43-c7bf-41d8-b4e9-06b7ecb639e4", "rel": "bookmark"}]}, "OS-EXT-STS:task_state": "deleting", "OS-EXT-STS:vm_state": "active", "OS-SRV-USG:launched_at": "2016-01-05T05:45:14.000000", "flavor": {"id": "42", "links": [{"href": "http://10.0.2.15:8774/2e5d44f540f642a980db2216b9e2e411/flavors/42", "rel": "bookmark"}]}, "id": "39879092-6995-45de-9a54-16777f01df6e", "security_groups": [{"name": "tempest-secgroup-smoke-1655665334"}], "OS-SRV-USG:terminated_at": null, "OS-EXT-AZ:availability_zone": "nova", "user_id": "a464ec086c0243bf93c8aae09e82fac2", "name": "tempest.common.compute-instance-752868068", "created": "2016-01-05T05:45:11Z", "tenant_id": "2e5d44f540f642a980db2216b9e2e411", "OS-DCF:diskConfig": "MANUAL", "os-extended-volumes:volumes_attached": [], "accessIPv4": "", "accessIPv6": "", "progress": 0, "OS-EXT-STS:power_state": 1, "config_drive": "True", "metadata": {}}}
2016-01-05 05:48:50,705 25031 INFO     [tempest_lib.common.rest_client] Request (TestGettingAddress:_run_cleanups): 200 GET http://10.0.2.15:8774/v2.1/2e5d44f540f642a980db2216b9e2e411/servers/39879092-6995-45de-9a54-16777f01df6e 0.143s
2016-01-05 05:48:50,706 25031 DEBUG    [tempest_lib.common.rest_client] Request - Headers: {'Content-Type': 'application/json', 'Accept': 'application/json', 'X-Auth-Token': '&lt;omitted&gt;'}
        Body: None
    Response - Headers: {'status': '200', 'content-length': '1439', 'content-location': 'http://10.0.2.15:8774/v2.1/2e5d44f540f642a980db2216b9e2e411/servers/39879092-6995-45de-9a54-16777f01df6e', 'x-compute-request-id': 'req-96e0a027-8a45-4f3b-837a-9787ebfa5850', 'vary': 'X-OpenStack-Nova-API-Version', 'connection': 'close', 'x-openstack-nova-api-version': '2.1', 'date': 'Tue, 05 Jan 2016 05:48:50 GMT', 'content-type': 'application/json'}
        Body: {"server": {"status": "ACTIVE", "updated": "2016-01-05T05:48:50Z", "hostId": "5cf1a091ac0e5e38c3f43570f5ffe8d6c05e360a30890f6e12408bec", "addresses": {}, "links": [{"href": "http://10.0.2.15:8774/v2.1/2e5d44f540f642a980db2216b9e2e411/servers/39879092-6995-45de-9a54-16777f01df6e", "rel": "self"}, {"href": "http://10.0.2.15:8774/2e5d44f540f642a980db2216b9e2e411/servers/39879092-6995-45de-9a54-16777f01df6e", "rel": "bookmark"}], "key_name": "tempest-TestGettingAddress-2054503237", "image": {"id": "7931da43-c7bf-41d8-b4e9-06b7ecb639e4", "links": [{"href": "http://10.0.2.15:8774/2e5d44f540f642a980db2216b9e2e411/images/7931da43-c7bf-41d8-b4e9-06b7ecb639e4", "rel": "bookmark"}]}, "OS-EXT-STS:task_state": "deleting", "OS-EXT-STS:vm_state": "active", "OS-SRV-USG:launched_at": "2016-01-05T05:45:14.000000", "flavor": {"id": "42", "links": [{"href": "http://10.0.2.15:8774/2e5d44f540f642a980db2216b9e2e411/flavors/42", "rel": "bookmark"}]}, "id": "39879092-6995-45de-9a54-16777f01df6e", "OS-SRV-USG:terminated_at": null, "OS-EXT-AZ:availability_zone": "nova", "user_id": "a464ec086c0243bf93c8aae09e82fac2", "name": "tempest.common.compute-instance-752868068", "created": "2016-01-05T05:45:11Z", "tenant_id": "2e5d44f540f642a980db2216b9e2e411", "OS-DCF:diskConfig": "MANUAL", "os-extended-volumes:volumes_attached": [], "accessIPv4": "", "accessIPv6": "", "progress": 0, "OS-EXT-STS:power_state": 1, "config_drive": "True", "metadata": {}}}
2016-01-05 05:48:51,799 25031 INFO     [tempest_lib.common.rest_client] Request (TestGettingAddress:_run_cleanups): 404 GET http://10.0.2.15:8774/v2.1/2e5d44f540f642a980db2216b9e2e411/servers/39879092-6995-45de-9a54-16777f01df6e 0.080s
2016-01-05 05:48:51,800 25031 DEBUG    [tempest_lib.common.rest_client] Request - Headers: {'Content-Type': 'application/json', 'Accept': 'application/json', 'X-Auth-Token': '&lt;omitted&gt;'}
        Body: None
    Response - Headers: {'status': '404', 'content-length': '111', 'x-compute-request-id': 'req-168671d8-5dd7-4b01-a7ef-aa3bb35e9fd6', 'vary': 'X-OpenStack-Nova-API-Version', 'connection': 'close', 'x-openstack-nova-api-version': '2.1', 'date': 'Tue, 05 Jan 2016 05:48:51 GMT', 'content-type': 'application/json; charset=UTF-8'}
        Body: {"itemNotFound": {"message": "Instance 39879092-6995-45de-9a54-16777f01df6e could not be found.", "code": 404}}
2016-01-05 05:48:52,267 25031 INFO     [tempest_lib.common.rest_client] Request (TestGettingAddress:_run_cleanups): 200 PUT http://10.0.2.15:9696/v2.0/routers/cbf4e78c-5bdc-4680-a18f-69a5decca167/remove_router_interface 0.466s
2016-01-05 05:48:52,267 25031 DEBUG    [tempest_lib.common.rest_client] Request - Headers: {'Content-Type': 'application/json', 'Accept': 'application/json', 'X-Auth-Token': '&lt;omitted&gt;'}
        Body: {"subnet_id": "8395ec6f-44cb-48b4-a5b3-f0fb148e4a8e"}
    Response - Headers: {'status': '200', 'content-length': '255', 'connection': 'close', 'date': 'Tue, 05 Jan 2016 05:48:52 GMT', 'content-type': 'application/json; charset=UTF-8', 'x-openstack-request-id': 'req-53dd9c49-412c-4616-acc7-b2b3cc1d2125'}
        Body: {"subnet_id": "8395ec6f-44cb-48b4-a5b3-f0fb148e4a8e", "tenant_id": "2e5d44f540f642a980db2216b9e2e411", "subnet_ids": ["8395ec6f-44cb-48b4-a5b3-f0fb148e4a8e"], "port_id": "da96f0a8-2b72-447b-a3b5-35d0e161e88f", "id": "cbf4e78c-5bdc-4680-a18f-69a5decca167"}
2016-01-05 05:48:52,740 25031 INFO     [tempest_lib.common.rest_client] Request (TestGettingAddress:_run_cleanups): 204 DELETE http://10.0.2.15:9696/v2.0/subnets/8395ec6f-44cb-48b4-a5b3-f0fb148e4a8e 0.471s
2016-01-05 05:48:52,740 25031 DEBUG    [tempest_lib.common.rest_client] Request - Headers: {'Content-Type': 'application/json', 'Accept': 'application/json', 'X-Auth-Token': '&lt;omitted&gt;'}
        Body: None
    Response - Headers: {'date': 'Tue, 05 Jan 2016 05:48:52 GMT', 'status': '204', 'connection': 'close', 'content-length': '0', 'x-openstack-request-id': 'req-8225e34e-0205-43d8-8107-d2efe6507dda'}
        Body: 
2016-01-05 05:48:52,786 25031 INFO     [tempest_lib.common.rest_client] Request (TestGettingAddress:_run_cleanups): 404 DELETE http://10.0.2.15:9696/v2.0/subnets/8395ec6f-44cb-48b4-a5b3-f0fb148e4a8e 0.045s
2016-01-05 05:48:52,786 25031 DEBUG    [tempest_lib.common.rest_client] Request - Headers: {'Content-Type': 'application/json', 'Accept': 'application/json', 'X-Auth-Token': '&lt;omitted&gt;'}
        Body: None
    Response - Headers: {'status': '404', 'content-length': '136', 'connection': 'close', 'date': 'Tue, 05 Jan 2016 05:48:52 GMT', 'content-type': 'application/json; charset=UTF-8', 'x-openstack-request-id': 'req-bd87893b-19f7-4ec7-9366-55f09d5e0a8a'}
        Body: {"NeutronError": {"message": "Subnet 8395ec6f-44cb-48b4-a5b3-f0fb148e4a8e could not be found.", "type": "SubnetNotFound", "detail": ""}}
2016-01-05 05:48:53,316 25031 INFO     [tempest_lib.common.rest_client] Request (TestGettingAddress:_run_cleanups): 200 PUT http://10.0.2.15:9696/v2.0/routers/cbf4e78c-5bdc-4680-a18f-69a5decca167/remove_router_interface 0.529s
