<?xml version="1.0" encoding="UTF-8"?>
<!DOCTYPE html PUBLIC "-//W3C//DTD XHTML 1.0 Strict//EN"
     "http://www.w3.org/TR/xhtml1/DTD/xhtml1-strict.dtd">
<html xmlns="http://www.w3.org/1999/xhtml">
<head>
    <title>Unit Test Report</title>
    <meta name="generator" content="subunit2html 0.1"/>
    <meta http-equiv="Content-Type" content="text/html; charset=UTF-8"/>
    
<style type="text/css" media="screen">
body        { font-family: verdana, arial, helvetica, sans-serif;
    font-size: 80%; }
table       { font-size: 100%; width: 100%;}
pre         { font-size: 80%; }

/* -- heading -------------------------------------------------------------- */
h1 {
        font-size: 16pt;
        color: gray;
}
.heading {
    margin-top: 0ex;
    margin-bottom: 1ex;
}

.heading .attribute {
    margin-top: 1ex;
    margin-bottom: 0;
}

.heading .description {
    margin-top: 4ex;
    margin-bottom: 6ex;
}

/* -- css div popup -------------------------------------------------------- */
a.popup_link {
}

a.popup_link:hover {
    color: red;
}

.popup_window {
    display: none;
    overflow-x: scroll;
    /*border: solid #627173 1px; */
    padding: 10px;
    background-color: #E6E6D6;
    font-family: "Ubuntu Mono", "Lucida Console", "Courier New", monospace;
    text-align: left;
    font-size: 8pt;
}

}
/* -- report --------------------------------------------------------------- */
#show_detail_line {
    margin-top: 3ex;
    margin-bottom: 1ex;
}
#result_table {
    width: 100%;
    border-collapse: collapse;
    border: 1px solid #777;
}
#header_row {
    font-weight: bold;
    color: white;
    background-color: #777;
}
#result_table td {
    border: 1px solid #777;
    padding: 2px;
}
#total_row  { font-weight: bold; }
.passClass  { background-color: #6c6; }
.failClass  { background-color: #c60; }
.errorClass { background-color: #c00; }
.passCase   { color: #6c6; }
.failCase   { color: #c60; font-weight: bold; }
.errorCase  { color: #c00; font-weight: bold; }
.hiddenRow  { display: none; }
.testcase   { margin-left: 2em; }
td.testname {width: 40%}
td.small {width: 40px}

/* -- ending --------------------------------------------------------------- */
#ending {
}

</style>

</head>
<body>
<script language="javascript" type="text/javascript"><!--
output_list = Array();

/* level - 0:Summary; 1:Failed; 2:All */
function showCase(level) {
    trs = document.getElementsByTagName("tr");
    for (var i = 0; i < trs.length; i++) {
        tr = trs[i];
        id = tr.id;
        if (id.substr(0,2) == 'ft') {
            if (level < 1) {
                tr.className = 'hiddenRow';
            }
            else {
                tr.className = '';
            }
        }
        if (id.substr(0,2) == 'pt') {
            if (level > 1) {
                tr.className = '';
            }
            else {
                tr.className = 'hiddenRow';
            }
        }
    }
}


function showClassDetail(cid, count) {
    var id_list = Array(count);
    var toHide = 1;
    for (var i = 0; i < count; i++) {
        tid0 = 't' + cid.substr(1) + '.' + (i+1);
        tid = 'f' + tid0;
        tr = document.getElementById(tid);
        if (!tr) {
            tid = 'p' + tid0;
            tr = document.getElementById(tid);
        }
        id_list[i] = tid;
        if (tr.className) {
            toHide = 0;
        }
    }
    for (var i = 0; i < count; i++) {
        tid = id_list[i];
        if (toHide) {
            document.getElementById('div_'+tid).style.display = 'none'
            document.getElementById(tid).className = 'hiddenRow';
        }
        else {
            document.getElementById(tid).className = '';
        }
    }
}


function showTestDetail(div_id){
    var details_div = document.getElementById(div_id)
    var displayState = details_div.style.display
    // alert(displayState)
    if (displayState != 'block' ) {
        displayState = 'block'
        details_div.style.display = 'block'
    }
    else {
        details_div.style.display = 'none'
    }
}


function html_escape(s) {
    s = s.replace(/&/g,'&amp;');
    s = s.replace(/</g,'&lt;');
    s = s.replace(/>/g,'&gt;');
    return s;
}

/* obsoleted by detail in <div>
function showOutput(id, name) {
    var w = window.open("", //url
                    name,
                    "resizable,scrollbars,status,width=800,height=450");
    d = w.document;
    d.write("<pre>");
    d.write(html_escape(output_list[id]));
    d.write("\n");
    d.write("<a href='javascript:window.close()'>close</a>\n");
    d.write("</pre>\n");
    d.close();
}
*/
--></script>

<div class='heading'>
<h1>Unit Test Report</h1>

<p class='attribute'><strong>Status:</strong> Failure 8</p>

<p class='description'></p>
</div>



<p id='show_detail_line'>Show
<a href='javascript:showCase(0)'>Summary</a>
<a href='javascript:showCase(1)'>Failed</a>
<a href='javascript:showCase(2)'>All</a>
</p>
<table id='result_table'>
<colgroup>
<col align='left' />
<col align='right' />
<col align='right' />
<col align='right' />
<col align='right' />
<col align='right' />
<col align='right' />
<col align='right' />
</colgroup>
<tr id='header_row'>
    <td>Test Group/Test case</td>
    <td>Count</td>
    <td>Pass</td>
    <td>Fail</td>
    <td>Error</td>
    <td>Skip</td>
    <td>View</td>
    <td> </td>
</tr>

<tr class='failClass'>
    <td class="testname">tempest.scenario.test_network_v6.TestGettingAddress</td>
    <td class="small">8</td>
    <td class="small">0</td>
    <td class="small">8</td>
    <td class="small">0</td>
    <td class="small">0</td>
    <td class="small"><a href="javascript:showClassDetail('c1',8)"
>Detail</a></td>
    <td> </td>
</tr>

<tr id='ft1.1' class='none'>
    <td class='failCase'><div class='testcase'>test_dhcp6_stateless_from_os[compute,id-d7e1f858-187c-45a6-89c9-bdafde619a9f,network]</div></td>
    <td colspan='7' align='left'>

    <!--css div popup start-->
    <a class="popup_link" onfocus='this.blur();'
    href="javascript:showTestDetail('div_ft1.1')" >
        fail</a>

    <div id='div_ft1.1' class="popup_window">
        <div style='text-align: right; color:red;cursor:pointer'>
        <a onfocus='this.blur();'
onclick="document.getElementById('div_ft1.1').style.display = 'none' " >
           [x]</a>
        </div>
        <pre>
        
ft1.1: tempest.scenario.test_network_v6.TestGettingAddress.test_dhcp6_stateless_from_os[compute,id-d7e1f858-187c-45a6-89c9-bdafde619a9f,network]_StringException: Empty attachments:
  stderr
  stdout

pythonlogging:'': {{{
2015-12-23 09:18:35,156 21621 INFO     [tempest_lib.common.rest_client] Request (TestGettingAddress:setUp): 200 POST http://10.0.2.15:8774/v2.1/a477a079eaa44ef8aa85ab6f85ded228/os-keypairs 0.416s
2015-12-23 09:18:35,157 21621 DEBUG    [tempest_lib.common.rest_client] Request - Headers: {'Content-Type': 'application/json', 'Accept': 'application/json', 'X-Auth-Token': '&lt;omitted&gt;'}
        Body: {"keypair": {"name": "tempest-TestGettingAddress-415058269"}}
    Response - Headers: {'status': '200', 'content-length': '2319', 'x-compute-request-id': 'req-ac65ade3-42e9-4653-8643-f9b2a46b814c', 'vary': 'X-OpenStack-Nova-API-Version', 'connection': 'close', 'x-openstack-nova-api-version': '2.1', 'date': 'Wed, 23 Dec 2015 09:18:35 GMT', 'content-type': 'application/json'}
        Body: {"keypair": {"public_key": "ssh-rsa AAAAB3NzaC1yc2EAAAADAQABAAABAQDmo/s/D9ECxwdkuXNJZueQ39pj/x2LObud6AdUUcPgLJYvRpPKTRfkGS4252FDMWSldl2KzYfdBKYdK9l2fCuWYS6KB5hdc5cqqWOqEi6ew8RbaFaLvUP9+PVHvw/876aOKi7Yku+UWjoQ14A3mSUQiHpcpoo2wr8KupeDK3/IA8QknwOuxn4N5y7/v0k6ms/2jq2Cxh+RjwU0fIF1xpzpulbort0Q/8n7bsGp4lBsS3j961Y7cfPlezDjTI5/MEQHcCMprl+EDsUytZ6r7w2S6cKljOOgyPijSxRpqZIwDTZJ2//0oDYFnRUrfk17hvg/qPlDKBRRl861+1t3GrFV Generated-by-Nova", "private_key": "-----BEGIN RSA PRIVATE KEY-----\nMIIEqQIBAAKCAQEA5qP7Pw/RAscHZLlzSWbnkN/aY/8dizm7negHVFHD4CyWL0aT\nyk0X5BkuNudhQzFkpXZdis2H3QSmHSvZdnwrlmEuigeYXXOXKqljqhIunsPEW2hW\ni71D/fj1R78P/O+mjiou2JLvlFo6ENeAN5klEIh6XKaKNsK/CrqXgyt/yAPEJJ8D\nrsZ+Decu/79JOprP9o6tgsYfkY8FNHyBdcac6bpW6K7dEP/J+27BqeJQbEt4/etW\nO3Hz5Xsw40yOfzBEB3AjKa5fhA7FMrWeq+8NkunCpYzjoMj4o0sUaamSMA02Sdv/\n9KA2BZ0VK35Ne4b4P6j5QygUUZfOtftbdxqxVQIDAQABAoIBAB4Rgs/V4AncqLoY\n806+e7IHfRFMUS21eSA8/7eecUrohSvkp5/YLSUvozbFM4jvB5AKvmc6JFxMHtvu\nu4sW5RfV05trIhIM38hQDQ4/EJTiMNc54w6Uvih+LHwODKeNFsmx9imF/nX4zVkk\nvzKAZLSjFlC95Yb+HKnpaZdQNHh+xcUyhRKNJA/Vup4YhCk2XZofRZYvX4mTqoHS\nBXtYIeBCROdX4goLX1PsEBtXFQajhgrk139JHFclX14sDbxJ19b6co6+8BEihsL4\no9ytrRTPxJ6fOcKzi0H3xQuRpDxOWPHxnvPClFZDmZtWDFSoe0LfNbsgwAH/J/uC\nlDQzPAECggCBAOeV0254sOMGMtHD038U25u4IQ2+iyS1yOOxWYSnmg2Ps2lhZTFW\nTgWCmL0KBZPdYIjCQ/6qLifCgPJITNDJHTeaCGF30AuwodL1+lokCzCNDNm5Yd9x\nMxOXrFRlz0DExcf3wmlfyD6IM8kS71gn1XQ1UfHWKbU6TBdgQpsyvGzdAoIAgQD+\n9KjCH3x6hX5brmdoTENQg447aIQoIiZeO1SgXCXugEFCkuPBuVVxE9IP6IQJVKdx\nPT7C1FzbeEJwW2A5JYw2lwttC3i65RXwJ6fjDZjI0EOyzGmREmw/fKsBHQ+Jkgh4\n29nNEmaV6BRyetiOahTBEEIoMdVJ6kHUQjqtXghy2QKCAIAP12TeIq1e6jahuLaH\n8+JN1ZuVOBqGiVTTlnccJubX1KOeKsZkSJYPtG5ESCI3iiYnVLqX+gYsPBbb++wd\nQBSakBPQrwRxOETpjF/yuJJ3YL6nShIS2ch3p6FnKIuzz4ID+sO2t5GYDXMVZxEu\nQ5NLXrZbR54Uwocf9jq4KRFQlQKCAIEA/Xg5Kr1o4NpE1FsgfUWMisgvqIpxEQFa\nicaMjNzv7RxfRROKETfzZPcimSQ92JTr3x3XfpToOF1oGBIQKOBWdJNYDbIg9hX4\n6IhUVdxXsBW1qFWnAk6BheColfPRVaD0gUt5TnLjwFc5tNLC51s5hPNoAlQAy3p0\ntdSeR2u8FIkCggCBAKTYAA02DF+/13sfef7uF0mTpaVS0C2RyzXoO689EI/Xw4Wu\n3jI3ILeORD9ZeWSLE/cZ5/5gKMRRfwMbUToEhFB/IgZZTGO7Dk1QBN+qMpe7HRG6\nKSOgOREOdh9ifatktePhHNdBeoe/9IwQmoOWY86u1EEJwmnb/czKACebhCdE\n-----END RSA PRIVATE KEY-----\n", "user_id": "2dd2c404ef2b4b48b4d3e3e98aae2207", "name": "tempest-TestGettingAddress-415058269", "fingerprint": "45:8a:3c:c2:2e:85:6a:77:2d:86:03:6f:42:10:fa:0f"}}
2015-12-23 09:18:35,487 21621 INFO     [tempest_lib.common.rest_client] Request (TestGettingAddress:setUp): 201 POST http://10.0.2.15:9696/v2.0/security-groups 0.326s
2015-12-23 09:18:35,488 21621 DEBUG    [tempest_lib.common.rest_client] Request - Headers: {'Content-Type': 'application/json', 'Accept': 'application/json', 'X-Auth-Token': '&lt;omitted&gt;'}
        Body: {"security_group": {"tenant_id": "a477a079eaa44ef8aa85ab6f85ded228", "description": "tempest-secgroup-smoke-1111731651 description", "name": "tempest-secgroup-smoke-1111731651"}}
    Response - Headers: {'status': '201', 'content-length': '888', 'connection': 'close', 'date': 'Wed, 23 Dec 2015 09:18:35 GMT', 'content-type': 'application/json; charset=UTF-8', 'x-openstack-request-id': 'req-72dd0800-4824-415f-8e94-b418a9069d2c'}
        Body: {"security_group": {"tenant_id": "a477a079eaa44ef8aa85ab6f85ded228", "description": "tempest-secgroup-smoke-1111731651 description", "id": "1bc430ed-3903-48b6-99e3-3ed39ad25fcd", "security_group_rules": [{"remote_group_id": null, "direction": "egress", "remote_ip_prefix": null, "protocol": null, "ethertype": "IPv4", "tenant_id": "a477a079eaa44ef8aa85ab6f85ded228", "port_range_max": null, "port_range_min": null, "id": "2dfc4a67-d365-4666-89c9-1437a9e31b2a", "security_group_id": "1bc430ed-3903-48b6-99e3-3ed39ad25fcd"}, {"remote_group_id": null, "direction": "egress", "remote_ip_prefix": null, "protocol": null, "ethertype": "IPv6", "tenant_id": "a477a079eaa44ef8aa85ab6f85ded228", "port_range_max": null, "port_range_min": null, "id": "fa10e130-a189-4997-8585-5328efe21157", "security_group_id": "1bc430ed-3903-48b6-99e3-3ed39ad25fcd"}], "name": "tempest-secgroup-smoke-1111731651"}}
2015-12-23 09:18:35,748 21621 INFO     [tempest_lib.common.rest_client] Request (TestGettingAddress:setUp): 201 POST http://10.0.2.15:9696/v2.0/security-group-rules 0.259s
2015-12-23 09:18:35,748 21621 DEBUG    [tempest_lib.common.rest_client] Request - Headers: {'Content-Type': 'application/json', 'Accept': 'application/json', 'X-Auth-Token': '&lt;omitted&gt;'}
        Body: {"security_group_rule": {"direction": "ingress", "protocol": "tcp", "tenant_id": "a477a079eaa44ef8aa85ab6f85ded228", "port_range_max": 22, "security_group_id": "1bc430ed-3903-48b6-99e3-3ed39ad25fcd", "port_range_min": 22}}
    Response - Headers: {'status': '201', 'content-length': '340', 'connection': 'close', 'date': 'Wed, 23 Dec 2015 09:18:35 GMT', 'content-type': 'application/json; charset=UTF-8', 'x-openstack-request-id': 'req-31890a7b-47ab-4b5f-a0a4-9bfcdc9068d7'}
        Body: {"security_group_rule": {"remote_group_id": null, "direction": "ingress", "remote_ip_prefix": null, "protocol": "tcp", "ethertype": "IPv4", "tenant_id": "a477a079eaa44ef8aa85ab6f85ded228", "port_range_max": 22, "port_range_min": 22, "id": "d3a1d88b-3bbb-4298-9bb1-078198609eb0", "security_group_id": "1bc430ed-3903-48b6-99e3-3ed39ad25fcd"}}
2015-12-23 09:18:35,870 21621 INFO     [tempest_lib.common.rest_client] Request (TestGettingAddress:setUp): 201 POST http://10.0.2.15:9696/v2.0/security-group-rules 0.121s
2015-12-23 09:18:35,871 21621 DEBUG    [tempest_lib.common.rest_client] Request - Headers: {'Content-Type': 'application/json', 'Accept': 'application/json', 'X-Auth-Token': '&lt;omitted&gt;'}
        Body: {"security_group_rule": {"direction": "egress", "protocol": "tcp", "tenant_id": "a477a079eaa44ef8aa85ab6f85ded228", "port_range_max": 22, "security_group_id": "1bc430ed-3903-48b6-99e3-3ed39ad25fcd", "port_range_min": 22}}
    Response - Headers: {'status': '201', 'content-length': '339', 'connection': 'close', 'date': 'Wed, 23 Dec 2015 09:18:35 GMT', 'content-type': 'application/json; charset=UTF-8', 'x-openstack-request-id': 'req-9223affe-635a-4439-aeea-6da71d1e36a0'}
        Body: {"security_group_rule": {"remote_group_id": null, "direction": "egress", "remote_ip_prefix": null, "protocol": "tcp", "ethertype": "IPv4", "tenant_id": "a477a079eaa44ef8aa85ab6f85ded228", "port_range_max": 22, "port_range_min": 22, "id": "7426b011-73d7-49f2-a94c-c59e8ce0d662", "security_group_id": "1bc430ed-3903-48b6-99e3-3ed39ad25fcd"}}
2015-12-23 09:18:35,985 21621 INFO     [tempest_lib.common.rest_client] Request (TestGettingAddress:setUp): 201 POST http://10.0.2.15:9696/v2.0/security-group-rules 0.113s
2015-12-23 09:18:35,986 21621 DEBUG    [tempest_lib.common.rest_client] Request - Headers: {'Content-Type': 'application/json', 'Accept': 'application/json', 'X-Auth-Token': '&lt;omitted&gt;'}
        Body: {"security_group_rule": {"tenant_id": "a477a079eaa44ef8aa85ab6f85ded228", "direction": "ingress", "protocol": "icmp", "security_group_id": "1bc430ed-3903-48b6-99e3-3ed39ad25fcd"}}
    Response - Headers: {'status': '201', 'content-length': '345', 'connection': 'close', 'date': 'Wed, 23 Dec 2015 09:18:35 GMT', 'content-type': 'application/json; charset=UTF-8', 'x-openstack-request-id': 'req-fa436f1a-803e-4377-90e7-44122eb95bb0'}
        Body: {"security_group_rule": {"remote_group_id": null, "direction": "ingress", "remote_ip_prefix": null, "protocol": "icmp", "ethertype": "IPv4", "tenant_id": "a477a079eaa44ef8aa85ab6f85ded228", "port_range_max": null, "port_range_min": null, "id": "390f6e03-f01b-44bd-b7db-e36c168d1e02", "security_group_id": "1bc430ed-3903-48b6-99e3-3ed39ad25fcd"}}
2015-12-23 09:18:36,107 21621 INFO     [tempest_lib.common.rest_client] Request (TestGettingAddress:setUp): 201 POST http://10.0.2.15:9696/v2.0/security-group-rules 0.119s
2015-12-23 09:18:36,107 21621 DEBUG    [tempest_lib.common.rest_client] Request - Headers: {'Content-Type': 'application/json', 'Accept': 'application/json', 'X-Auth-Token': '&lt;omitted&gt;'}
        Body: {"security_group_rule": {"tenant_id": "a477a079eaa44ef8aa85ab6f85ded228", "direction": "egress", "protocol": "icmp", "security_group_id": "1bc430ed-3903-48b6-99e3-3ed39ad25fcd"}}
    Response - Headers: {'status': '201', 'content-length': '344', 'connection': 'close', 'date': 'Wed, 23 Dec 2015 09:18:36 GMT', 'content-type': 'application/json; charset=UTF-8', 'x-openstack-request-id': 'req-f2a1f8b2-6720-446e-bfaa-c3896f922b90'}
        Body: {"security_group_rule": {"remote_group_id": null, "direction": "egress", "remote_ip_prefix": null, "protocol": "icmp", "ethertype": "IPv4", "tenant_id": "a477a079eaa44ef8aa85ab6f85ded228", "port_range_max": null, "port_range_min": null, "id": "1c52f4b9-63cb-4805-be18-910cb598e88d", "security_group_id": "1bc430ed-3903-48b6-99e3-3ed39ad25fcd"}}
2015-12-23 09:18:36,226 21621 INFO     [tempest_lib.common.rest_client] Request (TestGettingAddress:setUp): 201 POST http://10.0.2.15:9696/v2.0/security-group-rules 0.117s
2015-12-23 09:18:36,226 21621 DEBUG    [tempest_lib.common.rest_client] Request - Headers: {'Content-Type': 'application/json', 'Accept': 'application/json', 'X-Auth-Token': '&lt;omitted&gt;'}
        Body: {"security_group_rule": {"tenant_id": "a477a079eaa44ef8aa85ab6f85ded228", "direction": "ingress", "security_group_id": "1bc430ed-3903-48b6-99e3-3ed39ad25fcd", "protocol": "icmp", "ethertype": "IPv6"}}
    Response - Headers: {'status': '201', 'content-length': '345', 'connection': 'close', 'date': 'Wed, 23 Dec 2015 09:18:36 GMT', 'content-type': 'application/json; charset=UTF-8', 'x-openstack-request-id': 'req-e57bf9ae-5918-45b8-b9b8-6831f2b26662'}
        Body: {"security_group_rule": {"remote_group_id": null, "direction": "ingress", "remote_ip_prefix": null, "protocol": "icmp", "ethertype": "IPv6", "tenant_id": "a477a079eaa44ef8aa85ab6f85ded228", "port_range_max": null, "port_range_min": null, "id": "0ba55a56-bbf9-41bd-b81e-979eec686a43", "security_group_id": "1bc430ed-3903-48b6-99e3-3ed39ad25fcd"}}
2015-12-23 09:18:36,347 21621 INFO     [tempest_lib.common.rest_client] Request (TestGettingAddress:setUp): 201 POST http://10.0.2.15:9696/v2.0/security-group-rules 0.119s
2015-12-23 09:18:36,348 21621 DEBUG    [tempest_lib.common.rest_client] Request - Headers: {'Content-Type': 'application/json', 'Accept': 'application/json', 'X-Auth-Token': '&lt;omitted&gt;'}
        Body: {"security_group_rule": {"tenant_id": "a477a079eaa44ef8aa85ab6f85ded228", "direction": "egress", "security_group_id": "1bc430ed-3903-48b6-99e3-3ed39ad25fcd", "protocol": "icmp", "ethertype": "IPv6"}}
    Response - Headers: {'status': '201', 'content-length': '344', 'connection': 'close', 'date': 'Wed, 23 Dec 2015 09:18:36 GMT', 'content-type': 'application/json; charset=UTF-8', 'x-openstack-request-id': 'req-add005bc-9a8d-48d9-8221-a5c97ed06beb'}
        Body: {"security_group_rule": {"remote_group_id": null, "direction": "egress", "remote_ip_prefix": null, "protocol": "icmp", "ethertype": "IPv6", "tenant_id": "a477a079eaa44ef8aa85ab6f85ded228", "port_range_max": null, "port_range_min": null, "id": "c88fdebf-9977-498b-aba2-5cdafe5e4205", "security_group_id": "1bc430ed-3903-48b6-99e3-3ed39ad25fcd"}}
2015-12-23 09:18:36,527 21621 INFO     [tempest_lib.common.rest_client] Request (TestGettingAddress:test_dhcp6_stateless_from_os): 201 POST http://10.0.2.15:9696/v2.0/networks 0.177s
2015-12-23 09:18:36,527 21621 DEBUG    [tempest_lib.common.rest_client] Request - Headers: {'Content-Type': 'application/json', 'Accept': 'application/json', 'X-Auth-Token': '&lt;omitted&gt;'}
        Body: {"network": {"tenant_id": "a477a079eaa44ef8aa85ab6f85ded228", "name": "tempest-network-smoke--919366191"}}
    Response - Headers: {'status': '201', 'content-length': '328', 'connection': 'close', 'date': 'Wed, 23 Dec 2015 09:18:36 GMT', 'content-type': 'application/json; charset=UTF-8', 'x-openstack-request-id': 'req-d618cb6a-4624-4812-9033-1aa53a19765d'}
        Body: {"network": {"status": "ACTIVE", "subnets": [], "availability_zone_hints": "[]", "name": "tempest-network-smoke--919366191", "admin_state_up": true, "tenant_id": "a477a079eaa44ef8aa85ab6f85ded228", "mtu": 0, "router:external": false, "shared": false, "port_security_enabled": true, "id": "5146aa9e-5a0d-485d-82ae-db00a4b41ea4"}}
2015-12-23 09:18:36,729 21621 INFO     [tempest_lib.common.rest_client] Request (TestGettingAddress:test_dhcp6_stateless_from_os): 200 GET http://10.0.2.15:9696/v2.0/subnets?tenant_id=a477a079eaa44ef8aa85ab6f85ded228&amp;cidr=10.100.0.0%2F28 0.199s
2015-12-23 09:18:36,729 21621 DEBUG    [tempest_lib.common.rest_client] Request - Headers: {'Content-Type': 'application/json', 'Accept': 'application/json', 'X-Auth-Token': '&lt;omitted&gt;'}
        Body: None
    Response - Headers: {'status': '200', 'content-length': '15', 'content-location': 'http://10.0.2.15:9696/v2.0/subnets?tenant_id=a477a079eaa44ef8aa85ab6f85ded228&amp;cidr=10.100.0.0%2F28', 'connection': 'close', 'date': 'Wed, 23 Dec 2015 09:18:36 GMT', 'content-type': 'application/json; charset=UTF-8', 'x-openstack-request-id': 'req-fceb801a-b048-4a19-97d7-94ed5cdf4895'}
        Body: {"subnets": []}
2015-12-23 09:18:37,093 21621 INFO     [tempest_lib.common.rest_client] Request (TestGettingAddress:test_dhcp6_stateless_from_os): 201 POST http://10.0.2.15:9696/v2.0/subnets 0.362s
2015-12-23 09:18:37,093 21621 DEBUG    [tempest_lib.common.rest_client] Request - Headers: {'Content-Type': 'application/json', 'Accept': 'application/json', 'X-Auth-Token': '&lt;omitted&gt;'}
        Body: {"subnet": {"ip_version": 4, "tenant_id": "a477a079eaa44ef8aa85ab6f85ded228", "cidr": "10.100.0.0/28", "network_id": "5146aa9e-5a0d-485d-82ae-db00a4b41ea4", "name": "tempest-sub4-1238207057"}}
    Response - Headers: {'status': '201', 'content-length': '470', 'connection': 'close', 'date': 'Wed, 23 Dec 2015 09:18:37 GMT', 'content-type': 'application/json; charset=UTF-8', 'x-openstack-request-id': 'req-38d11977-63f1-44be-9768-b47fd0383ed8'}
        Body: {"subnet": {"name": "tempest-sub4-1238207057", "enable_dhcp": true, "network_id": "5146aa9e-5a0d-485d-82ae-db00a4b41ea4", "tenant_id": "a477a079eaa44ef8aa85ab6f85ded228", "dns_nameservers": [], "gateway_ip": "10.100.0.1", "ipv6_ra_mode": null, "allocation_pools": [{"start": "10.100.0.2", "end": "10.100.0.14"}], "host_routes": [], "ip_version": 4, "ipv6_address_mode": null, "cidr": "10.100.0.0/28", "id": "dcebdaa3-965f-4147-b963-c3c6100935d4", "subnetpool_id": null}}
2015-12-23 09:18:37,165 21621 INFO     [tempest_lib.common.rest_client] Request (TestGettingAddress:test_dhcp6_stateless_from_os): 201 POST http://10.0.2.15:9696/v2.0/routers 0.070s
2015-12-23 09:18:37,165 21621 DEBUG    [tempest_lib.common.rest_client] Request - Headers: {'Content-Type': 'application/json', 'Accept': 'application/json', 'X-Auth-Token': '&lt;omitted&gt;'}
        Body: {"router": {"tenant_id": "a477a079eaa44ef8aa85ab6f85ded228", "name": "tempest-router-smoke-214564809", "admin_state_up": true}}
    Response - Headers: {'status': '201', 'content-length': '295', 'connection': 'close', 'date': 'Wed, 23 Dec 2015 09:18:37 GMT', 'content-type': 'application/json; charset=UTF-8', 'x-openstack-request-id': 'req-53bf2cec-e30f-44a6-bebe-e5d0d70b6548'}
        Body: {"router": {"status": "ACTIVE", "external_gateway_info": null, "availability_zone_hints": [], "availability_zones": [], "name": "tempest-router-smoke-214564809", "admin_state_up": true, "tenant_id": "a477a079eaa44ef8aa85ab6f85ded228", "routes": [], "id": "e05d5c13-3a6f-4f57-9e6f-3b521781c106"}}
2015-12-23 09:18:37,241 21621 INFO     [tempest_lib.common.rest_client] Request (TestGettingAddress:test_dhcp6_stateless_from_os): 200 GET http://10.0.2.15:9696/v2.0/routers/e05d5c13-3a6f-4f57-9e6f-3b521781c106 0.075s
2015-12-23 09:18:37,242 21621 DEBUG    [tempest_lib.common.rest_client] Request - Headers: {'Content-Type': 'application/json', 'Accept': 'application/json', 'X-Auth-Token': '&lt;omitted&gt;'}
        Body: None
    Response - Headers: {'status': '200', 'content-length': '295', 'content-location': 'http://10.0.2.15:9696/v2.0/routers/e05d5c13-3a6f-4f57-9e6f-3b521781c106', 'connection': 'close', 'date': 'Wed, 23 Dec 2015 09:18:37 GMT', 'content-type': 'application/json; charset=UTF-8', 'x-openstack-request-id': 'req-5384035e-c5c3-41da-ad78-b15375ef7216'}
        Body: {"router": {"status": "ACTIVE", "external_gateway_info": null, "availability_zone_hints": [], "availability_zones": [], "name": "tempest-router-smoke-214564809", "admin_state_up": true, "tenant_id": "a477a079eaa44ef8aa85ab6f85ded228", "routes": [], "id": "e05d5c13-3a6f-4f57-9e6f-3b521781c106"}}
2015-12-23 09:18:37,971 21621 INFO     [tempest_lib.common.rest_client] Request (TestGettingAddress:test_dhcp6_stateless_from_os): 200 PUT http://10.0.2.15:9696/v2.0/routers/e05d5c13-3a6f-4f57-9e6f-3b521781c106 0.728s
2015-12-23 09:18:37,971 21621 DEBUG    [tempest_lib.common.rest_client] Request - Headers: {'Content-Type': 'application/json', 'Accept': 'application/json', 'X-Auth-Token': '&lt;omitted&gt;'}
        Body: {"router": {"external_gateway_info": {"network_id": "e26760fd-bbd9-48a8-a943-8b01144aa429"}, "name": "tempest-router-smoke-214564809", "admin_state_up": true}}
    Response - Headers: {'status': '200', 'content-length': '557', 'connection': 'close', 'date': 'Wed, 23 Dec 2015 09:18:37 GMT', 'content-type': 'application/json; charset=UTF-8', 'x-openstack-request-id': 'req-928a0956-ae69-47eb-a562-fa00c7230bca'}
        Body: {"router": {"status": "ACTIVE", "external_gateway_info": {"network_id": "e26760fd-bbd9-48a8-a943-8b01144aa429", "enable_snat": true, "external_fixed_ips": [{"subnet_id": "620c5f53-09e3-4111-a136-d36ad2584f23", "ip_address": "172.24.4.3"}, {"subnet_id": "8b78afae-2c51-48e5-adef-a5904e55535a", "ip_address": "2001:db8::4"}]}, "availability_zone_hints": [], "availability_zones": [], "name": "tempest-router-smoke-214564809", "admin_state_up": true, "tenant_id": "a477a079eaa44ef8aa85ab6f85ded228", "routes": [], "id": "e05d5c13-3a6f-4f57-9e6f-3b521781c106"}}
2015-12-23 09:18:38,584 21621 INFO     [tempest_lib.common.rest_client] Request (TestGettingAddress:test_dhcp6_stateless_from_os): 200 PUT http://10.0.2.15:9696/v2.0/routers/e05d5c13-3a6f-4f57-9e6f-3b521781c106/add_router_interface 0.612s
2015-12-23 09:18:38,585 21621 DEBUG    [tempest_lib.common.rest_client] Request - Headers: {'Content-Type': 'application/json', 'Accept': 'application/json', 'X-Auth-Token': '&lt;omitted&gt;'}
        Body: {"subnet_id": "dcebdaa3-965f-4147-b963-c3c6100935d4"}
    Response - Headers: {'status': '200', 'content-length': '255', 'connection': 'close', 'date': 'Wed, 23 Dec 2015 09:18:38 GMT', 'content-type': 'application/json; charset=UTF-8', 'x-openstack-request-id': 'req-ee863e4c-2280-46be-a258-f9f5ba21c330'}
        Body: {"subnet_id": "dcebdaa3-965f-4147-b963-c3c6100935d4", "tenant_id": "a477a079eaa44ef8aa85ab6f85ded228", "subnet_ids": ["dcebdaa3-965f-4147-b963-c3c6100935d4"], "port_id": "e706b5f5-be1e-4c9d-a923-181225eeb3c3", "id": "e05d5c13-3a6f-4f57-9e6f-3b521781c106"}
2015-12-23 09:18:38,759 21621 INFO     [tempest_lib.common.rest_client] Request (TestGettingAddress:test_dhcp6_stateless_from_os): 200 GET http://10.0.2.15:9696/v2.0/subnets?tenant_id=a477a079eaa44ef8aa85ab6f85ded228&amp;cidr=2003%3A%3A%2F64 0.173s
2015-12-23 09:18:38,759 21621 DEBUG    [tempest_lib.common.rest_client] Request - Headers: {'Content-Type': 'application/json', 'Accept': 'application/json', 'X-Auth-Token': '&lt;omitted&gt;'}
        Body: None
    Response - Headers: {'status': '200', 'content-length': '15', 'content-location': 'http://10.0.2.15:9696/v2.0/subnets?tenant_id=a477a079eaa44ef8aa85ab6f85ded228&amp;cidr=2003%3A%3A%2F64', 'connection': 'close', 'date': 'Wed, 23 Dec 2015 09:18:38 GMT', 'content-type': 'application/json; charset=UTF-8', 'x-openstack-request-id': 'req-f005881b-d648-4422-b1eb-fcfbcafa7c72'}
        Body: {"subnets": []}
2015-12-23 09:18:39,130 21621 INFO     [tempest_lib.common.rest_client] Request (TestGettingAddress:test_dhcp6_stateless_from_os): 201 POST http://10.0.2.15:9696/v2.0/subnets 0.370s
2015-12-23 09:18:39,131 21621 DEBUG    [tempest_lib.common.rest_client] Request - Headers: {'Content-Type': 'application/json', 'Accept': 'application/json', 'X-Auth-Token': '&lt;omitted&gt;'}
        Body: {"subnet": {"name": "tempest-sub6-1456521028", "network_id": "5146aa9e-5a0d-485d-82ae-db00a4b41ea4", "tenant_id": "a477a079eaa44ef8aa85ab6f85ded228", "ipv6_ra_mode": "dhcpv6-stateless", "ip_version": 6, "ipv6_address_mode": "dhcpv6-stateless", "cidr": "2003::/64"}}
    Response - Headers: {'status': '201', 'content-length': '502', 'connection': 'close', 'date': 'Wed, 23 Dec 2015 09:18:39 GMT', 'content-type': 'application/json; charset=UTF-8', 'x-openstack-request-id': 'req-c4c22f60-15f9-4ccd-b4fc-dc8f80d943d4'}
        Body: {"subnet": {"name": "tempest-sub6-1456521028", "enable_dhcp": true, "network_id": "5146aa9e-5a0d-485d-82ae-db00a4b41ea4", "tenant_id": "a477a079eaa44ef8aa85ab6f85ded228", "dns_nameservers": [], "gateway_ip": "2003::1", "ipv6_ra_mode": "dhcpv6-stateless", "allocation_pools": [{"start": "2003::2", "end": "2003::ffff:ffff:ffff:ffff"}], "host_routes": [], "ip_version": 6, "ipv6_address_mode": "dhcpv6-stateless", "cidr": "2003::/64", "id": "019de835-8016-4e82-b75d-078310e32d79", "subnetpool_id": null}}
2015-12-23 09:18:39,789 21621 INFO     [tempest_lib.common.rest_client] Request (TestGettingAddress:test_dhcp6_stateless_from_os): 200 PUT http://10.0.2.15:9696/v2.0/routers/e05d5c13-3a6f-4f57-9e6f-3b521781c106/add_router_interface 0.656s
2015-12-23 09:18:39,789 21621 DEBUG    [tempest_lib.common.rest_client] Request - Headers: {'Content-Type': 'application/json', 'Accept': 'application/json', 'X-Auth-Token': '&lt;omitted&gt;'}
        Body: {"subnet_id": "019de835-8016-4e82-b75d-078310e32d79"}
    Response - Headers: {'status': '200', 'content-length': '255', 'connection': 'close', 'date': 'Wed, 23 Dec 2015 09:18:39 GMT', 'content-type': 'application/json; charset=UTF-8', 'x-openstack-request-id': 'req-84086760-f882-4086-8e43-2a0d3e4d23fe'}
        Body: {"subnet_id": "019de835-8016-4e82-b75d-078310e32d79", "tenant_id": "a477a079eaa44ef8aa85ab6f85ded228", "subnet_ids": ["019de835-8016-4e82-b75d-078310e32d79"], "port_id": "3bab45d7-e32b-40b1-9fd7-a61247cbfbe8", "id": "e05d5c13-3a6f-4f57-9e6f-3b521781c106"}
2015-12-23 09:18:39,933 21621 INFO     [tempest_lib.common.rest_client] Request (TestGettingAddress:test_dhcp6_stateless_from_os): 200 POST http://10.0.2.15:5000/v2.0/tokens
2015-12-23 09:18:39,935 21621 DEBUG    [tempest_lib.common.rest_client] Request - Headers: {'Content-Type': 'application/json', 'Accept': 'application/json'}
        Body: &lt;omitted&gt;
    Response - Headers: {'status': '200', 'content-length': '2524', 'vary': 'X-Auth-Token', 'server': 'Apache/2.4.7 (Ubuntu)', 'connection': 'close', 'date': 'Wed, 23 Dec 2015 09:18:39 GMT', 'content-type': 'application/json', 'x-openstack-request-id': 'req-11eead2e-ddf6-4a08-913d-b538ffd577e6'}
        Body: {"access": {"token": {"issued_at": "2015-12-23T09:18:39.919480", "expires": "2015-12-23T10:18:39Z", "id": "7d8bd0de654f42dbbdb17bb4add4eb96", "tenant": {"description": "tempest-TestGettingAddress-511207446-desc", "enabled": true, "id": "a477a079eaa44ef8aa85ab6f85ded228", "name": "tempest-TestGettingAddress-511207446"}, "audit_ids": ["7X9wQTesRMe1UJSvzYcHxA"]}, "serviceCatalog": [{"endpoints": [{"adminURL": "http://10.0.2.15:8774/v2.1/a477a079eaa44ef8aa85ab6f85ded228", "region": "RegionOne", "internalURL": "http://10.0.2.15:8774/v2.1/a477a079eaa44ef8aa85ab6f85ded228", "id": "88f7f94795424954b3bb36c9e35bd045", "publicURL": "http://10.0.2.15:8774/v2.1/a477a079eaa44ef8aa85ab6f85ded228"}], "endpoints_links": [], "type": "compute", "name": "nova"}, {"endpoints": [{"adminURL": "http://10.0.2.15:9696/", "region": "RegionOne", "internalURL": "http://10.0.2.15:9696/", "id": "16c840f4fde442b98c499131e6cde74d", "publicURL": "http://10.0.2.15:9696/"}], "endpoints_links": [], "type": "network", "name": "neutron"}, {"endpoints": [{"adminURL": "http://10.0.2.15:9292", "region": "RegionOne", "internalURL": "http://10.0.2.15:9292", "id": "0eb243a2b33d414791a87aab8fad5794", "publicURL": "http://10.0.2.15:9292"}], "endpoints_links": [], "type": "image", "name": "glance"}, {"endpoints": [{"adminURL": "http://10.0.2.15:8774/v2/a477a079eaa44ef8aa85ab6f85ded228", "region": "RegionOne", "internalURL": "http://10.0.2.15:8774/v2/a477a079eaa44ef8aa85ab6f85ded228", "id": "59ef906dd4fe46b3bdf1bc9f75d04718", "publicURL": "http://10.0.2.15:8774/v2/a477a079eaa44ef8aa85ab6f85ded228"}], "endpoints_links": [], "type": "compute_legacy", "name": "nova_legacy"}, {"endpoints": [{"adminURL": "http://10.0.2.15:8773/", "region": "RegionOne", "internalURL": "http://10.0.2.15:8773/", "id": "50252533fe0841958b36bae47cec012c", "publicURL": "http://10.0.2.15:8773/"}], "endpoints_links": [], "type": "ec2", "name": "ec2"}, {"endpoints": [{"adminURL": "http://10.0.2.15:35357/v2.0", "region": "RegionOne", "internalURL": "http://10.0.2.15:5000/v2.0", "id": "283fb2a2b3a64bf59531bc2e05a4c416", "publicURL": "http://10.0.2.15:5000/v2.0"}], "endpoints_links": [], "type": "identity", "name": "keystone"}], "user": {"username": "tempest-TestGettingAddress-1241193338", "roles_links": [], "id": "2dd2c404ef2b4b48b4d3e3e98aae2207", "roles": [{"name": "_member_"}, {"name": "Member"}], "name": "tempest-TestGettingAddress-1241193338"}, "metadata": {"is_admin": 0, "roles": ["9fe2ff9ee4384b1894a90878d3e92bab", "e2eb16a462254051bdbe0c7c6b225dab"]}}}
2015-12-23 09:18:39,940 21621 DEBUG    [tempest.common.fixed_network] (TestGettingAddress:test_dhcp6_stateless_from_os) No valid network provided or created, defaulting to fixed_network_name
2015-12-23 09:18:40,344 21621 INFO     [tempest_lib.common.rest_client] Request (TestGettingAddress:test_dhcp6_stateless_from_os): 200 GET http://10.0.2.15:8774/v2.1/a477a079eaa44ef8aa85ab6f85ded228/os-networks 0.403s
2015-12-23 09:18:40,345 21621 DEBUG    [tempest_lib.common.rest_client] Request - Headers: {'Content-Type': 'application/json', 'Accept': 'application/json', 'X-Auth-Token': '&lt;omitted&gt;'}
        Body: None
    Response - Headers: {'status': '200', 'content-length': '478', 'content-location': 'http://10.0.2.15:8774/v2.1/a477a079eaa44ef8aa85ab6f85ded228/os-networks', 'x-compute-request-id': 'req-f33fb951-2ce2-4872-9906-dc1d66951931', 'vary': 'X-OpenStack-Nova-API-Version', 'connection': 'close', 'x-openstack-nova-api-version': '2.1', 'date': 'Wed, 23 Dec 2015 09:18:40 GMT', 'content-type': 'application/json'}
        Body: {"networks": [{"cidr_v6": null, "dns2": null, "dns1": null, "gateway": null, "broadcast": null, "netmask": null, "gateway_v6": null, "cidr": null, "label": "public", "id": "e26760fd-bbd9-48a8-a943-8b01144aa429", "netmask_v6": null}, {"cidr_v6": null, "dns2": null, "dns1": null, "gateway": null, "broadcast": null, "netmask": null, "gateway_v6": null, "cidr": null, "label": "tempest-network-smoke--919366191", "id": "5146aa9e-5a0d-485d-82ae-db00a4b41ea4", "netmask_v6": null}]}
2015-12-23 09:18:40,345 21621 WARNING  [tempest.common.fixed_network] (TestGettingAddress:test_dhcp6_stateless_from_os) Network with name: private not found
2015-12-23 09:18:40,346 21621 INFO     [tempest.common.fixed_network] (TestGettingAddress:test_dhcp6_stateless_from_os) Found network {} available for tenant
2015-12-23 09:18:42,340 21621 INFO     [tempest_lib.common.rest_client] Request (TestGettingAddress:test_dhcp6_stateless_from_os): 202 POST http://10.0.2.15:8774/v2.1/a477a079eaa44ef8aa85ab6f85ded228/servers 1.994s
2015-12-23 09:18:42,341 21621 DEBUG    [tempest_lib.common.rest_client] Request - Headers: {'Content-Type': 'application/json', 'Accept': 'application/json', 'X-Auth-Token': '&lt;omitted&gt;'}
        Body: {"server": {"name": "tempest.common.compute-instance-516391362", "imageRef": "36d92b7a-549a-4537-8097-49bec00711a7", "key_name": "tempest-TestGettingAddress-415058269", "flavorRef": "42", "networks": [{"uuid": "5146aa9e-5a0d-485d-82ae-db00a4b41ea4"}], "security_groups": [{"name": "tempest-secgroup-smoke-1111731651"}]}}
    Response - Headers: {'status': '202', 'content-length': '462', 'x-compute-request-id': 'req-29122a33-6d1b-4798-ae95-b53b073e172c', 'vary': 'X-OpenStack-Nova-API-Version', 'connection': 'close', 'location': 'http://10.0.2.15:8774/v2.1/a477a079eaa44ef8aa85ab6f85ded228/servers/31c9ccb5-bec6-48d9-a0bd-18cbc1ad5f4f', 'x-openstack-nova-api-version': '2.1', 'date': 'Wed, 23 Dec 2015 09:18:42 GMT', 'content-type': 'application/json'}
        Body: {"server": {"security_groups": [{"name": "tempest-secgroup-smoke-1111731651"}], "OS-DCF:diskConfig": "MANUAL", "id": "31c9ccb5-bec6-48d9-a0bd-18cbc1ad5f4f", "links": [{"href": "http://10.0.2.15:8774/v2.1/a477a079eaa44ef8aa85ab6f85ded228/servers/31c9ccb5-bec6-48d9-a0bd-18cbc1ad5f4f", "rel": "self"}, {"href": "http://10.0.2.15:8774/a477a079eaa44ef8aa85ab6f85ded228/servers/31c9ccb5-bec6-48d9-a0bd-18cbc1ad5f4f", "rel": "bookmark"}], "adminPass": "dtVG4J2ceVnd"}}
2015-12-23 09:18:42,487 21621 INFO     [tempest_lib.common.rest_client] Request (TestGettingAddress:test_dhcp6_stateless_from_os): 200 GET http://10.0.2.15:8774/v2.1/a477a079eaa44ef8aa85ab6f85ded228/servers/31c9ccb5-bec6-48d9-a0bd-18cbc1ad5f4f 0.141s
2015-12-23 09:18:42,488 21621 DEBUG    [tempest_lib.common.rest_client] Request - Headers: {'Content-Type': 'application/json', 'Accept': 'application/json', 'X-Auth-Token': '&lt;omitted&gt;'}
        Body: None
    Response - Headers: {'status': '200', 'content-length': '1353', 'content-location': 'http://10.0.2.15:8774/v2.1/a477a079eaa44ef8aa85ab6f85ded228/servers/31c9ccb5-bec6-48d9-a0bd-18cbc1ad5f4f', 'x-compute-request-id': 'req-27bc6216-2170-4222-b62e-8b1484090349', 'vary': 'X-OpenStack-Nova-API-Version', 'connection': 'close', 'x-openstack-nova-api-version': '2.1', 'date': 'Wed, 23 Dec 2015 09:18:42 GMT', 'content-type': 'application/json'}
        Body: {"server": {"status": "BUILD", "updated": "2015-12-23T09:18:42Z", "hostId": "", "addresses": {}, "links": [{"href": "http://10.0.2.15:8774/v2.1/a477a079eaa44ef8aa85ab6f85ded228/servers/31c9ccb5-bec6-48d9-a0bd-18cbc1ad5f4f", "rel": "self"}, {"href": "http://10.0.2.15:8774/a477a079eaa44ef8aa85ab6f85ded228/servers/31c9ccb5-bec6-48d9-a0bd-18cbc1ad5f4f", "rel": "bookmark"}], "key_name": "tempest-TestGettingAddress-415058269", "image": {"id": "36d92b7a-549a-4537-8097-49bec00711a7", "links": [{"href": "http://10.0.2.15:8774/a477a079eaa44ef8aa85ab6f85ded228/images/36d92b7a-549a-4537-8097-49bec00711a7", "rel": "bookmark"}]}, "OS-EXT-STS:task_state": "scheduling", "OS-EXT-STS:vm_state": "building", "OS-SRV-USG:launched_at": null, "flavor": {"id": "42", "links": [{"href": "http://10.0.2.15:8774/a477a079eaa44ef8aa85ab6f85ded228/flavors/42", "rel": "bookmark"}]}, "id": "31c9ccb5-bec6-48d9-a0bd-18cbc1ad5f4f", "OS-SRV-USG:terminated_at": null, "OS-EXT-AZ:availability_zone": "", "user_id": "2dd2c404ef2b4b48b4d3e3e98aae2207", "name": "tempest.common.compute-instance-516391362", "created": "2015-12-23T09:18:42Z", "tenant_id": "a477a079eaa44ef8aa85ab6f85ded228", "OS-DCF:diskConfig": "MANUAL", "os-extended-volumes:volumes_attached": [], "accessIPv4": "", "accessIPv6": "", "progress": 0, "OS-EXT-STS:power_state": 0, "config_drive": "", "metadata": {}}}
2015-12-23 09:18:43,941 21621 INFO     [tempest_lib.common.rest_client] Request (TestGettingAddress:test_dhcp6_stateless_from_os): 200 GET http://10.0.2.15:8774/v2.1/a477a079eaa44ef8aa85ab6f85ded228/servers/31c9ccb5-bec6-48d9-a0bd-18cbc1ad5f4f 0.443s
2015-12-23 09:18:43,942 21621 DEBUG    [tempest_lib.common.rest_client] Request - Headers: {'Content-Type': 'application/json', 'Accept': 'application/json', 'X-Auth-Token': '&lt;omitted&gt;'}
        Body: None
    Response - Headers: {'status': '200', 'content-length': '1479', 'content-location': 'http://10.0.2.15:8774/v2.1/a477a079eaa44ef8aa85ab6f85ded228/servers/31c9ccb5-bec6-48d9-a0bd-18cbc1ad5f4f', 'x-compute-request-id': 'req-eb0fbc9e-cda0-49ef-82f0-b0d067dd91ce', 'vary': 'X-OpenStack-Nova-API-Version', 'connection': 'close', 'x-openstack-nova-api-version': '2.1', 'date': 'Wed, 23 Dec 2015 09:18:43 GMT', 'content-type': 'application/json'}
        Body: {"server": {"status": "BUILD", "updated": "2015-12-23T09:18:43Z", "hostId": "cf246cd9cc245eb7379e0917d5e0f2315515903d91c97136646c10c8", "addresses": {}, "links": [{"href": "http://10.0.2.15:8774/v2.1/a477a079eaa44ef8aa85ab6f85ded228/servers/31c9ccb5-bec6-48d9-a0bd-18cbc1ad5f4f", "rel": "self"}, {"href": "http://10.0.2.15:8774/a477a079eaa44ef8aa85ab6f85ded228/servers/31c9ccb5-bec6-48d9-a0bd-18cbc1ad5f4f", "rel": "bookmark"}], "key_name": "tempest-TestGettingAddress-415058269", "image": {"id": "36d92b7a-549a-4537-8097-49bec00711a7", "links": [{"href": "http://10.0.2.15:8774/a477a079eaa44ef8aa85ab6f85ded228/images/36d92b7a-549a-4537-8097-49bec00711a7", "rel": "bookmark"}]}, "OS-EXT-STS:task_state": "spawning", "OS-EXT-STS:vm_state": "building", "OS-SRV-USG:launched_at": null, "flavor": {"id": "42", "links": [{"href": "http://10.0.2.15:8774/a477a079eaa44ef8aa85ab6f85ded228/flavors/42", "rel": "bookmark"}]}, "id": "31c9ccb5-bec6-48d9-a0bd-18cbc1ad5f4f", "security_groups": [{"name": "tempest-secgroup-smoke-1111731651"}], "OS-SRV-USG:terminated_at": null, "OS-EXT-AZ:availability_zone": "nova", "user_id": "2dd2c404ef2b4b48b4d3e3e98aae2207", "name": "tempest.common.compute-instance-516391362", "created": "2015-12-23T09:18:42Z", "tenant_id": "a477a079eaa44ef8aa85ab6f85ded228", "OS-DCF:diskConfig": "MANUAL", "os-extended-volumes:volumes_attached": [], "accessIPv4": "", "accessIPv6": "", "progress": 0, "OS-EXT-STS:power_state": 0, "config_drive": "", "metadata": {}}}
2015-12-23 09:18:43,958 21621 INFO     [tempest.common.waiters] State transition "BUILD/scheduling" ==&gt; "BUILD/spawning" after 1 second wait
2015-12-23 09:18:45,198 21621 INFO     [tempest_lib.common.rest_client] Request (TestGettingAddress:test_dhcp6_stateless_from_os): 200 GET http://10.0.2.15:8774/v2.1/a477a079eaa44ef8aa85ab6f85ded228/servers/31c9ccb5-bec6-48d9-a0bd-18cbc1ad5f4f 0.239s
2015-12-23 09:18:45,199 21621 DEBUG    [tempest_lib.common.rest_client] Request - Headers: {'Content-Type': 'application/json', 'Accept': 'application/json', 'X-Auth-Token': '&lt;omitted&gt;'}
        Body: None
    Response - Headers: {'status': '200', 'content-length': '1479', 'content-location': 'http://10.0.2.15:8774/v2.1/a477a079eaa44ef8aa85ab6f85ded228/servers/31c9ccb5-bec6-48d9-a0bd-18cbc1ad5f4f', 'x-compute-request-id': 'req-cf23a5d8-c43c-41ca-b951-e052f4bce1c6', 'vary': 'X-OpenStack-Nova-API-Version', 'connection': 'close', 'x-openstack-nova-api-version': '2.1', 'date': 'Wed, 23 Dec 2015 09:18:45 GMT', 'content-type': 'application/json'}
        Body: {"server": {"status": "BUILD", "updated": "2015-12-23T09:18:43Z", "hostId": "cf246cd9cc245eb7379e0917d5e0f2315515903d91c97136646c10c8", "addresses": {}, "links": [{"href": "http://10.0.2.15:8774/v2.1/a477a079eaa44ef8aa85ab6f85ded228/servers/31c9ccb5-bec6-48d9-a0bd-18cbc1ad5f4f", "rel": "self"}, {"href": "http://10.0.2.15:8774/a477a079eaa44ef8aa85ab6f85ded228/servers/31c9ccb5-bec6-48d9-a0bd-18cbc1ad5f4f", "rel": "bookmark"}], "key_name": "tempest-TestGettingAddress-415058269", "image": {"id": "36d92b7a-549a-4537-8097-49bec00711a7", "links": [{"href": "http://10.0.2.15:8774/a477a079eaa44ef8aa85ab6f85ded228/images/36d92b7a-549a-4537-8097-49bec00711a7", "rel": "bookmark"}]}, "OS-EXT-STS:task_state": "spawning", "OS-EXT-STS:vm_state": "building", "OS-SRV-USG:launched_at": null, "flavor": {"id": "42", "links": [{"href": "http://10.0.2.15:8774/a477a079eaa44ef8aa85ab6f85ded228/flavors/42", "rel": "bookmark"}]}, "id": "31c9ccb5-bec6-48d9-a0bd-18cbc1ad5f4f", "security_groups": [{"name": "tempest-secgroup-smoke-1111731651"}], "OS-SRV-USG:terminated_at": null, "OS-EXT-AZ:availability_zone": "nova", "user_id": "2dd2c404ef2b4b48b4d3e3e98aae2207", "name": "tempest.common.compute-instance-516391362", "created": "2015-12-23T09:18:42Z", "tenant_id": "a477a079eaa44ef8aa85ab6f85ded228", "OS-DCF:diskConfig": "MANUAL", "os-extended-volumes:volumes_attached": [], "accessIPv4": "", "accessIPv6": "", "progress": 0, "OS-EXT-STS:power_state": 0, "config_drive": "", "metadata": {}}}
2015-12-23 09:18:46,412 21621 INFO     [tempest_lib.common.rest_client] Request (TestGettingAddress:test_dhcp6_stateless_from_os): 200 GET http://10.0.2.15:8774/v2.1/a477a079eaa44ef8aa85ab6f85ded228/servers/31c9ccb5-bec6-48d9-a0bd-18cbc1ad5f4f 0.204s
2015-12-23 09:18:46,413 21621 DEBUG    [tempest_lib.common.rest_client] Request - Headers: {'Content-Type': 'application/json', 'Accept': 'application/json', 'X-Auth-Token': '&lt;omitted&gt;'}
        Body: None
    Response - Headers: {'status': '200', 'content-length': '1479', 'content-location': 'http://10.0.2.15:8774/v2.1/a477a079eaa44ef8aa85ab6f85ded228/servers/31c9ccb5-bec6-48d9-a0bd-18cbc1ad5f4f', 'x-compute-request-id': 'req-1ee96906-a88a-40be-b108-d40074c999d0', 'vary': 'X-OpenStack-Nova-API-Version', 'connection': 'close', 'x-openstack-nova-api-version': '2.1', 'date': 'Wed, 23 Dec 2015 09:18:46 GMT', 'content-type': 'application/json'}
        Body: {"server": {"status": "BUILD", "updated": "2015-12-23T09:18:43Z", "hostId": "cf246cd9cc245eb7379e0917d5e0f2315515903d91c97136646c10c8", "addresses": {}, "links": [{"href": "http://10.0.2.15:8774/v2.1/a477a079eaa44ef8aa85ab6f85ded228/servers/31c9ccb5-bec6-48d9-a0bd-18cbc1ad5f4f", "rel": "self"}, {"href": "http://10.0.2.15:8774/a477a079eaa44ef8aa85ab6f85ded228/servers/31c9ccb5-bec6-48d9-a0bd-18cbc1ad5f4f", "rel": "bookmark"}], "key_name": "tempest-TestGettingAddress-415058269", "image": {"id": "36d92b7a-549a-4537-8097-49bec00711a7", "links": [{"href": "http://10.0.2.15:8774/a477a079eaa44ef8aa85ab6f85ded228/images/36d92b7a-549a-4537-8097-49bec00711a7", "rel": "bookmark"}]}, "OS-EXT-STS:task_state": "spawning", "OS-EXT-STS:vm_state": "building", "OS-SRV-USG:launched_at": null, "flavor": {"id": "42", "links": [{"href": "http://10.0.2.15:8774/a477a079eaa44ef8aa85ab6f85ded228/flavors/42", "rel": "bookmark"}]}, "id": "31c9ccb5-bec6-48d9-a0bd-18cbc1ad5f4f", "security_groups": [{"name": "tempest-secgroup-smoke-1111731651"}], "OS-SRV-USG:terminated_at": null, "OS-EXT-AZ:availability_zone": "nova", "user_id": "2dd2c404ef2b4b48b4d3e3e98aae2207", "name": "tempest.common.compute-instance-516391362", "created": "2015-12-23T09:18:42Z", "tenant_id": "a477a079eaa44ef8aa85ab6f85ded228", "OS-DCF:diskConfig": "MANUAL", "os-extended-volumes:volumes_attached": [], "accessIPv4": "", "accessIPv6": "", "progress": 0, "OS-EXT-STS:power_state": 0, "config_drive": "", "metadata": {}}}
2015-12-23 09:18:47,672 21621 INFO     [tempest_lib.common.rest_client] Request (TestGettingAddress:test_dhcp6_stateless_from_os): 200 GET http://10.0.2.15:8774/v2.1/a477a079eaa44ef8aa85ab6f85ded228/servers/31c9ccb5-bec6-48d9-a0bd-18cbc1ad5f4f 0.249s
2015-12-23 09:18:47,672 21621 DEBUG    [tempest_lib.common.rest_client] Request - Headers: {'Content-Type': 'application/json', 'Accept': 'application/json', 'X-Auth-Token': '&lt;omitted&gt;'}
        Body: None
    Response - Headers: {'status': '200', 'content-length': '1779', 'content-location': 'http://10.0.2.15:8774/v2.1/a477a079eaa44ef8aa85ab6f85ded228/servers/31c9ccb5-bec6-48d9-a0bd-18cbc1ad5f4f', 'x-compute-request-id': 'req-c898555c-0070-4619-93e1-83af6b8afb2b', 'vary': 'X-OpenStack-Nova-API-Version', 'connection': 'close', 'x-openstack-nova-api-version': '2.1', 'date': 'Wed, 23 Dec 2015 09:18:47 GMT', 'content-type': 'application/json'}
        Body: {"server": {"status": "ACTIVE", "updated": "2015-12-23T09:18:46Z", "hostId": "cf246cd9cc245eb7379e0917d5e0f2315515903d91c97136646c10c8", "addresses": {"tempest-network-smoke--919366191": [{"OS-EXT-IPS-MAC:mac_addr": "fa:16:3e:8b:3d:d8", "version": 4, "addr": "10.100.0.3", "OS-EXT-IPS:type": "fixed"}, {"OS-EXT-IPS-MAC:mac_addr": "fa:16:3e:8b:3d:d8", "version": 6, "addr": "2003::f816:3eff:fe8b:3dd8", "OS-EXT-IPS:type": "fixed"}]}, "links": [{"href": "http://10.0.2.15:8774/v2.1/a477a079eaa44ef8aa85ab6f85ded228/servers/31c9ccb5-bec6-48d9-a0bd-18cbc1ad5f4f", "rel": "self"}, {"href": "http://10.0.2.15:8774/a477a079eaa44ef8aa85ab6f85ded228/servers/31c9ccb5-bec6-48d9-a0bd-18cbc1ad5f4f", "rel": "bookmark"}], "key_name": "tempest-TestGettingAddress-415058269", "image": {"id": "36d92b7a-549a-4537-8097-49bec00711a7", "links": [{"href": "http://10.0.2.15:8774/a477a079eaa44ef8aa85ab6f85ded228/images/36d92b7a-549a-4537-8097-49bec00711a7", "rel": "bookmark"}]}, "OS-EXT-STS:task_state": null, "OS-EXT-STS:vm_state": "active", "OS-SRV-USG:launched_at": "2015-12-23T09:18:46.000000", "flavor": {"id": "42", "links": [{"href": "http://10.0.2.15:8774/a477a079eaa44ef8aa85ab6f85ded228/flavors/42", "rel": "bookmark"}]}, "id": "31c9ccb5-bec6-48d9-a0bd-18cbc1ad5f4f", "security_groups": [{"name": "tempest-secgroup-smoke-1111731651"}], "OS-SRV-USG:terminated_at": null, "OS-EXT-AZ:availability_zone": "nova", "user_id": "2dd2c404ef2b4b48b4d3e3e98aae2207", "name": "tempest.common.compute-instance-516391362", "created": "2015-12-23T09:18:42Z", "tenant_id": "a477a079eaa44ef8aa85ab6f85ded228", "OS-DCF:diskConfig": "MANUAL", "os-extended-volumes:volumes_attached": [], "accessIPv4": "", "accessIPv6": "", "progress": 0, "OS-EXT-STS:power_state": 1, "config_drive": "True", "metadata": {}}}
2015-12-23 09:18:47,680 21621 INFO     [tempest.common.waiters] State transition "BUILD/spawning" ==&gt; "ACTIVE/None" after 5 second wait
2015-12-23 09:18:48,009 21621 INFO     [tempest_lib.common.rest_client] Request (TestGettingAddress:test_dhcp6_stateless_from_os): 200 GET http://10.0.2.15:8774/v2.1/a477a079eaa44ef8aa85ab6f85ded228/servers/31c9ccb5-bec6-48d9-a0bd-18cbc1ad5f4f 0.328s
2015-12-23 09:18:48,009 21621 DEBUG    [tempest_lib.common.rest_client] Request - Headers: {'Content-Type': 'application/json', 'Accept': 'application/json', 'X-Auth-Token': '&lt;omitted&gt;'}
        Body: None
    Response - Headers: {'status': '200', 'content-length': '1779', 'content-location': 'http://10.0.2.15:8774/v2.1/a477a079eaa44ef8aa85ab6f85ded228/servers/31c9ccb5-bec6-48d9-a0bd-18cbc1ad5f4f', 'x-compute-request-id': 'req-b6a0f228-6255-44e1-bfa9-44ac1f09678c', 'vary': 'X-OpenStack-Nova-API-Version', 'connection': 'close', 'x-openstack-nova-api-version': '2.1', 'date': 'Wed, 23 Dec 2015 09:18:48 GMT', 'content-type': 'application/json'}
        Body: {"server": {"status": "ACTIVE", "updated": "2015-12-23T09:18:46Z", "hostId": "cf246cd9cc245eb7379e0917d5e0f2315515903d91c97136646c10c8", "addresses": {"tempest-network-smoke--919366191": [{"OS-EXT-IPS-MAC:mac_addr": "fa:16:3e:8b:3d:d8", "version": 4, "addr": "10.100.0.3", "OS-EXT-IPS:type": "fixed"}, {"OS-EXT-IPS-MAC:mac_addr": "fa:16:3e:8b:3d:d8", "version": 6, "addr": "2003::f816:3eff:fe8b:3dd8", "OS-EXT-IPS:type": "fixed"}]}, "links": [{"href": "http://10.0.2.15:8774/v2.1/a477a079eaa44ef8aa85ab6f85ded228/servers/31c9ccb5-bec6-48d9-a0bd-18cbc1ad5f4f", "rel": "self"}, {"href": "http://10.0.2.15:8774/a477a079eaa44ef8aa85ab6f85ded228/servers/31c9ccb5-bec6-48d9-a0bd-18cbc1ad5f4f", "rel": "bookmark"}], "key_name": "tempest-TestGettingAddress-415058269", "image": {"id": "36d92b7a-549a-4537-8097-49bec00711a7", "links": [{"href": "http://10.0.2.15:8774/a477a079eaa44ef8aa85ab6f85ded228/images/36d92b7a-549a-4537-8097-49bec00711a7", "rel": "bookmark"}]}, "OS-EXT-STS:task_state": null, "OS-EXT-STS:vm_state": "active", "OS-SRV-USG:launched_at": "2015-12-23T09:18:46.000000", "flavor": {"id": "42", "links": [{"href": "http://10.0.2.15:8774/a477a079eaa44ef8aa85ab6f85ded228/flavors/42", "rel": "bookmark"}]}, "id": "31c9ccb5-bec6-48d9-a0bd-18cbc1ad5f4f", "security_groups": [{"name": "tempest-secgroup-smoke-1111731651"}], "OS-SRV-USG:terminated_at": null, "OS-EXT-AZ:availability_zone": "nova", "user_id": "2dd2c404ef2b4b48b4d3e3e98aae2207", "name": "tempest.common.compute-instance-516391362", "created": "2015-12-23T09:18:42Z", "tenant_id": "a477a079eaa44ef8aa85ab6f85ded228", "OS-DCF:diskConfig": "MANUAL", "os-extended-volumes:volumes_attached": [], "accessIPv4": "", "accessIPv6": "", "progress": 0, "OS-EXT-STS:power_state": 1, "config_drive": "True", "metadata": {}}}
2015-12-23 09:18:48,172 21621 INFO     [tempest_lib.common.rest_client] Request (TestGettingAddress:test_dhcp6_stateless_from_os): 200 GET http://10.0.2.15:9696/v2.0/ports?status=ACTIVE&amp;fixed_ip=None&amp;device_id=31c9ccb5-bec6-48d9-a0bd-18cbc1ad5f4f 0.153s
2015-12-23 09:18:48,172 21621 DEBUG    [tempest_lib.common.rest_client] Request - Headers: {'Content-Type': 'application/json', 'Accept': 'application/json', 'X-Auth-Token': '&lt;omitted&gt;'}
        Body: None
    Response - Headers: {'status': '200', 'content-length': '1142', 'content-location': 'http://10.0.2.15:9696/v2.0/ports?status=ACTIVE&amp;fixed_ip=None&amp;device_id=31c9ccb5-bec6-48d9-a0bd-18cbc1ad5f4f', 'connection': 'close', 'date': 'Wed, 23 Dec 2015 09:18:48 GMT', 'content-type': 'application/json; charset=UTF-8', 'x-openstack-request-id': 'req-ae2b1972-ec96-4cc0-982e-55f3bd6b5b68'}
        Body: {"ports": [{"status": "ACTIVE", "binding:host_id": "vagrant-ubuntu-trusty-64", "allowed_address_pairs": [], "extra_dhcp_opts": [], "dns_assignment": [{"hostname": "host-10-100-0-3", "ip_address": "10.100.0.3", "fqdn": "host-10-100-0-3.openstacklocal."}, {"hostname": "host-2003--f816-3eff-fe8b-3dd8", "ip_address": "2003::f816:3eff:fe8b:3dd8", "fqdn": "host-2003--f816-3eff-fe8b-3dd8.openstacklocal."}], "device_owner": "compute:None", "port_security_enabled": true, "binding:profile": {}, "fixed_ips": [{"subnet_id": "dcebdaa3-965f-4147-b963-c3c6100935d4", "ip_address": "10.100.0.3"}, {"subnet_id": "019de835-8016-4e82-b75d-078310e32d79", "ip_address": "2003::f816:3eff:fe8b:3dd8"}], "id": "4ff2dc48-7741-4957-aac4-b44542f1268a", "security_groups": ["1bc430ed-3903-48b6-99e3-3ed39ad25fcd"], "device_id": "31c9ccb5-bec6-48d9-a0bd-18cbc1ad5f4f", "name": "", "admin_state_up": true, "network_id": "5146aa9e-5a0d-485d-82ae-db00a4b41ea4", "dns_name": "", "binding:vif_details": {"port_filter": true}, "binding:vnic_type": "normal", "binding:vif_type": "ovs", "tenant_id": "a477a079eaa44ef8aa85ab6f85ded228", "mac_address": "fa:16:3e:8b:3d:d8"}]}
2015-12-23 09:18:49,556 21621 INFO     [tempest_lib.common.rest_client] Request (TestGettingAddress:test_dhcp6_stateless_from_os): 201 POST http://10.0.2.15:9696/v2.0/floatingips 1.382s
2015-12-23 09:18:49,556 21621 DEBUG    [tempest_lib.common.rest_client] Request - Headers: {'Content-Type': 'application/json', 'Accept': 'application/json', 'X-Auth-Token': '&lt;omitted&gt;'}
        Body: {"floatingip": {"floating_network_id": "e26760fd-bbd9-48a8-a943-8b01144aa429", "tenant_id": "a477a079eaa44ef8aa85ab6f85ded228", "fixed_ip_address": "10.100.0.3", "port_id": "4ff2dc48-7741-4957-aac4-b44542f1268a"}}
    Response - Headers: {'status': '201', 'content-length': '367', 'connection': 'close', 'date': 'Wed, 23 Dec 2015 09:18:49 GMT', 'content-type': 'application/json; charset=UTF-8', 'x-openstack-request-id': 'req-37ce2472-e2cc-4d0a-af97-e36b2bfd244b'}
        Body: {"floatingip": {"floating_network_id": "e26760fd-bbd9-48a8-a943-8b01144aa429", "router_id": "e05d5c13-3a6f-4f57-9e6f-3b521781c106", "fixed_ip_address": "10.100.0.3", "floating_ip_address": "172.24.4.4", "tenant_id": "a477a079eaa44ef8aa85ab6f85ded228", "status": "DOWN", "port_id": "4ff2dc48-7741-4957-aac4-b44542f1268a", "id": "e3f055cd-1123-4972-ab73-ab7ec27b6048"}}
2015-12-23 09:18:49,557 21621 INFO     [tempest_lib.common.ssh] Creating ssh connection to '172.24.4.4' as 'cirros' with public key authentication
2015-12-23 09:18:53,564 21621 WARNING  [tempest_lib.common.ssh] Failed to establish authenticated ssh connection to cirros@172.24.4.4 ([Errno None] Unable to connect to port 22 on  or 172.24.4.4). Number attempts: 1. Retry after 2 seconds.
2015-12-23 09:18:59,068 21621 WARNING  [tempest_lib.common.ssh] Failed to establish authenticated ssh connection to cirros@172.24.4.4 ([Errno None] Unable to connect to port 22 on  or 172.24.4.4). Number attempts: 2. Retry after 3 seconds.
2015-12-23 09:19:05,572 21621 WARNING  [tempest_lib.common.ssh] Failed to establish authenticated ssh connection to cirros@172.24.4.4 ([Errno None] Unable to connect to port 22 on  or 172.24.4.4). Number attempts: 3. Retry after 4 seconds.
2015-12-23 09:19:13,072 21621 WARNING  [tempest_lib.common.ssh] Failed to establish authenticated ssh connection to cirros@172.24.4.4 ([Errno None] Unable to connect to port 22 on  or 172.24.4.4). Number attempts: 4. Retry after 5 seconds.
2015-12-23 09:19:21,581 21621 WARNING  [tempest_lib.common.ssh] Failed to establish authenticated ssh connection to cirros@172.24.4.4 ([Errno None] Unable to connect to port 22 on  or 172.24.4.4). Number attempts: 5. Retry after 6 seconds.
2015-12-23 09:19:31,089 21621 WARNING  [tempest_lib.common.ssh] Failed to establish authenticated ssh connection to cirros@172.24.4.4 ([Errno None] Unable to connect to port 22 on  or 172.24.4.4). Number attempts: 6. Retry after 7 seconds.
2015-12-23 09:19:41,596 21621 WARNING  [tempest_lib.common.ssh] Failed to establish authenticated ssh connection to cirros@172.24.4.4 ([Errno None] Unable to connect to port 22 on  or 172.24.4.4). Number attempts: 7. Retry after 8 seconds.
2015-12-23 09:19:53,104 21621 WARNING  [tempest_lib.common.ssh] Failed to establish authenticated ssh connection to cirros@172.24.4.4 ([Errno None] Unable to connect to port 22 on  or 172.24.4.4). Number attempts: 8. Retry after 9 seconds.
2015-12-23 09:20:05,612 21621 WARNING  [tempest_lib.common.ssh] Failed to establish authenticated ssh connection to cirros@172.24.4.4 ([Errno None] Unable to connect to port 22 on  or 172.24.4.4). Number attempts: 9. Retry after 10 seconds.
2015-12-23 09:20:19,117 21621 WARNING  [tempest_lib.common.ssh] Failed to establish authenticated ssh connection to cirros@172.24.4.4 ([Errno None] Unable to connect to port 22 on  or 172.24.4.4). Number attempts: 10. Retry after 11 seconds.
2015-12-23 09:20:33,628 21621 WARNING  [tempest_lib.common.ssh] Failed to establish authenticated ssh connection to cirros@172.24.4.4 ([Errno None] Unable to connect to port 22 on  or 172.24.4.4). Number attempts: 11. Retry after 12 seconds.
2015-12-23 09:20:49,140 21621 WARNING  [tempest_lib.common.ssh] Failed to establish authenticated ssh connection to cirros@172.24.4.4 ([Errno None] Unable to connect to port 22 on  or 172.24.4.4). Number attempts: 12. Retry after 13 seconds.
2015-12-23 09:21:05,652 21621 WARNING  [tempest_lib.common.ssh] Failed to establish authenticated ssh connection to cirros@172.24.4.4 ([Errno None] Unable to connect to port 22 on  or 172.24.4.4). Number attempts: 13. Retry after 14 seconds.
2015-12-23 09:21:23,164 21621 WARNING  [tempest_lib.common.ssh] Failed to establish authenticated ssh connection to cirros@172.24.4.4 ([Errno None] Unable to connect to port 22 on  or 172.24.4.4). Number attempts: 14. Retry after 15 seconds.
2015-12-23 09:21:41,680 21621 WARNING  [tempest_lib.common.ssh] Failed to establish authenticated ssh connection to cirros@172.24.4.4 ([Errno None] Unable to connect to port 22 on  or 172.24.4.4). Number attempts: 15. Retry after 16 seconds.
2015-12-23 09:22:01,196 21621 WARNING  [tempest_lib.common.ssh] Failed to establish authenticated ssh connection to cirros@172.24.4.4 ([Errno None] Unable to connect to port 22 on  or 172.24.4.4). Number attempts: 16. Retry after 17 seconds.
2015-12-23 09:22:21,704 21621 WARNING  [tempest_lib.common.ssh] Failed to establish authenticated ssh connection to cirros@172.24.4.4 ([Errno None] Unable to connect to port 22 on  or 172.24.4.4). Number attempts: 17. Retry after 18 seconds.
2015-12-23 09:22:43,221 21621 WARNING  [tempest_lib.common.ssh] Failed to establish authenticated ssh connection to cirros@172.24.4.4 ([Errno None] Unable to connect to port 22 on  or 172.24.4.4). Number attempts: 18. Retry after 19 seconds.
2015-12-23 09:23:05,740 21621 WARNING  [tempest_lib.common.ssh] Failed to establish authenticated ssh connection to cirros@172.24.4.4 ([Errno None] Unable to connect to port 22 on  or 172.24.4.4). Number attempts: 19. Retry after 20 seconds.
2015-12-23 09:23:29,261 21621 WARNING  [tempest_lib.common.ssh] Failed to establish authenticated ssh connection to cirros@172.24.4.4 ([Errno None] Unable to connect to port 22 on  or 172.24.4.4). Number attempts: 20. Retry after 21 seconds.
2015-12-23 09:23:53,784 21621 ERROR    [tempest_lib.common.ssh] Failed to establish authenticated ssh connection to cirros@172.24.4.4 after 20 attempts
2015-12-23 09:23:53.784 21621 ERROR tempest_lib.common.ssh Traceback (most recent call last):
2015-12-23 09:23:53.784 21621 ERROR tempest_lib.common.ssh   File "/usr/local/lib/python2.7/dist-packages/tempest_lib/common/ssh.py", line 75, in _get_ssh_connection
2015-12-23 09:23:53.784 21621 ERROR tempest_lib.common.ssh     timeout=self.channel_timeout, pkey=self.pkey)
2015-12-23 09:23:53.784 21621 ERROR tempest_lib.common.ssh   File "/usr/local/lib/python2.7/dist-packages/paramiko/client.py", line 311, in connect
2015-12-23 09:23:53.784 21621 ERROR tempest_lib.common.ssh     raise NoValidConnectionsError(errors)
2015-12-23 09:23:53.784 21621 ERROR tempest_lib.common.ssh NoValidConnectionsError: [Errno None] Unable to connect to port 22 on  or 172.24.4.4
2015-12-23 09:23:53.784 21621 ERROR tempest_lib.common.ssh 
2015-12-23 09:23:53,786 21621 ERROR    [tempest.scenario.manager] (TestGettingAddress:test_dhcp6_stateless_from_os) Initializing SSH connection to 172.24.4.4 failed. Error: Connection to the 172.24.4.4 via SSH timed out.
User: cirros, Password: None
2015-12-23 09:23:53.786 21621 ERROR tempest.scenario.manager Traceback (most recent call last):
2015-12-23 09:23:53.786 21621 ERROR tempest.scenario.manager   File "tempest/scenario/manager.py", line 386, in get_remote_client
2015-12-23 09:23:53.786 21621 ERROR tempest.scenario.manager     linux_client.validate_authentication()
2015-12-23 09:23:53.786 21621 ERROR tempest.scenario.manager   File "tempest/common/utils/linux/remote_client.py", line 63, in validate_authentication
2015-12-23 09:23:53.786 21621 ERROR tempest.scenario.manager     self.ssh_client.test_connection_auth()
2015-12-23 09:23:53.786 21621 ERROR tempest.scenario.manager   File "/usr/local/lib/python2.7/dist-packages/tempest_lib/common/ssh.py", line 172, in test_connection_auth
2015-12-23 09:23:53.786 21621 ERROR tempest.scenario.manager     connection = self._get_ssh_connection()
2015-12-23 09:23:53.786 21621 ERROR tempest.scenario.manager   File "/usr/local/lib/python2.7/dist-packages/tempest_lib/common/ssh.py", line 87, in _get_ssh_connection
2015-12-23 09:23:53.786 21621 ERROR tempest.scenario.manager     password=self.password)
2015-12-23 09:23:53.786 21621 ERROR tempest.scenario.manager SSHTimeout: Connection to the 172.24.4.4 via SSH timed out.
2015-12-23 09:23:53.786 21621 ERROR tempest.scenario.manager User: cirros, Password: None
2015-12-23 09:23:53.786 21621 ERROR tempest.scenario.manager 
2015-12-23 09:23:53,995 21621 INFO     [tempest_lib.common.rest_client] Request (TestGettingAddress:test_dhcp6_stateless_from_os): 200 GET http://10.0.2.15:8774/v2.1/a477a079eaa44ef8aa85ab6f85ded228/servers 0.206s
2015-12-23 09:23:53,995 21621 DEBUG    [tempest_lib.common.rest_client] Request - Headers: {'Content-Type': 'application/json', 'Accept': 'application/json', 'X-Auth-Token': '&lt;omitted&gt;'}
        Body: None
    Response - Headers: {'status': '200', 'content-length': '390', 'content-location': 'http://10.0.2.15:8774/v2.1/a477a079eaa44ef8aa85ab6f85ded228/servers', 'x-compute-request-id': 'req-9afe3df0-c619-4a95-92c5-5e0a7c9a43ce', 'vary': 'X-OpenStack-Nova-API-Version', 'connection': 'close', 'x-openstack-nova-api-version': '2.1', 'date': 'Wed, 23 Dec 2015 09:23:53 GMT', 'content-type': 'application/json'}
        Body: {"servers": [{"id": "31c9ccb5-bec6-48d9-a0bd-18cbc1ad5f4f", "links": [{"href": "http://10.0.2.15:8774/v2.1/a477a079eaa44ef8aa85ab6f85ded228/servers/31c9ccb5-bec6-48d9-a0bd-18cbc1ad5f4f", "rel": "self"}, {"href": "http://10.0.2.15:8774/a477a079eaa44ef8aa85ab6f85ded228/servers/31c9ccb5-bec6-48d9-a0bd-18cbc1ad5f4f", "rel": "bookmark"}], "name": "tempest.common.compute-instance-516391362"}]}
2015-12-23 09:23:54,214 21621 INFO     [tempest_lib.common.rest_client] Request (TestGettingAddress:test_dhcp6_stateless_from_os): 200 POST http://10.0.2.15:8774/v2.1/a477a079eaa44ef8aa85ab6f85ded228/servers/31c9ccb5-bec6-48d9-a0bd-18cbc1ad5f4f/action 0.214s
2015-12-23 09:23:54,214 21621 DEBUG    [tempest_lib.common.rest_client] Request - Headers: {'Content-Type': 'application/json', 'Accept': 'application/json', 'X-Auth-Token': '&lt;omitted&gt;'}
        Body: {"os-getConsoleOutput": {}}
    Response - Headers: {'status': '200', 'content-length': '24748', 'x-compute-request-id': 'req-754a30e9-8615-440d-84b9-6e671b7b5e29', 'vary': 'X-OpenStack-Nova-API-Version', 'connection': 'close', 'x-openstack-nova-api-version': '2.1', 'date': 'Wed, 23 Dec 2015 09:23:54 GMT', 'content-type': 'application/json'}
        Body: {"output": "[    0.000000] Initializing cgroup subsys cpuset\n[    0.000000] Initializing cgroup subsys cpu\n[    0.000000] Linux version 3.2.0-80-virtual (buildd@batsu) (gcc version 4.6.3 (Ubuntu/Linaro 4.6.3-1ubuntu5) ) #116-Ubuntu SMP Mon Mar 23 17:28:52 UTC 2015 (Ubuntu 3.2.0-80.116-virtual 3.2.68)\n[    0.000000] Command line: root=/dev/vda console=tty0 console=ttyS0 no_timer_check\n[    0.000000] KERNEL supported cpus:\n[    0.000000]   Intel GenuineIntel\n[    0.000000]   AMD AuthenticAMD\n[    0.000000]   Centaur CentaurHauls\n[    0.000000] BIOS-provided physical RAM map:\n[    0.000000]  BIOS-e820: 0000000000000000 - 000000000009fc00 (usable)\n[    0.000000]  BIOS-e820: 000000000009fc00 - 00000000000a0000 (reserved)\n[    0.000000]  BIOS-e820: 00000000000f0000 - 0000000000100000 (reserved)\n[    0.000000]  BIOS-e820: 0000000000100000 - 0000000003ffe000 (usable)\n[    0.000000]  BIOS-e820: 0000000003ffe000 - 0000000004000000 (reserved)\n[    0.000000]  BIOS-e820: 00000000fffc0000 - 0000000100000000 (reserved)\n[    0.000000] NX (Execute Disable) protection: active\n[    0.000000] SMBIOS 2.4 present.\n[    0.000000] No AGP bridge found\n[    0.000000] last_pfn = 0x3ffe max_arch_pfn = 0x400000000\n[    0.000000] x86 PAT enabled: cpu 0, old 0x7040600070406, new 0x7010600070106\n[    0.000000] found SMP MP-table at [ffff8800000f0b00] f0b00\n[    0.000000] init_memory_mapping: 0000000000000000-0000000003ffe000\n[    0.000000] RAMDISK: 03c5e000 - 03ff0000\n[    0.000000] ACPI: RSDP 00000000000f0950 00014 (v00 BOCHS )\n[    0.000000] ACPI: RSDT 0000000003fffbc1 00034 (v01 BOCHS  BXPCRSDT 00000001 BXPC 00000001)\n[    0.000000] ACPI: FACP 0000000003fff1c0 00074 (v01 BOCHS  BXPCFACP 00000001 BXPC 00000001)\n[    0.000000] ACPI: DSDT 0000000003ffe040 01180 (v01 BOCHS  BXPCDSDT 00000001 BXPC 00000001)\n[    0.000000] ACPI: FACS 0000000003ffe000 00040\n[    0.000000] ACPI: SSDT 0000000003fff234 008DD (v01 BOCHS  BXPCSSDT 00000001 BXPC 00000001)\n[    0.000000] ACPI: APIC 0000000003fffb11 00078 (v01 BOCHS  BXPCAPIC 00000001 BXPC 00000001)\n[    0.000000] ACPI: HPET 0000000003fffb89 00038 (v01 BOCHS  BXPCHPET 00000001 BXPC 00000001)\n[    0.000000] No NUMA configuration found\n[    0.000000] Faking a node at 0000000000000000-0000000003ffe000\n[    0.000000] Initmem setup node 0 0000000000000000-0000000003ffe000\n[    0.000000]   NODE_DATA [0000000003ff6000 - 0000000003ffafff]\n[    0.000000] Zone PFN ranges:\n[    0.000000]   DMA      0x00000010 -&gt; 0x00001000\n[    0.000000]   DMA32    0x00001000 -&gt; 0x00100000\n[    0.000000]   Normal   empty\n[    0.000000] Movable zone start PFN for each node\n[    0.000000] early_node_map[2] active PFN ranges\n[    0.000000]     0: 0x00000010 -&gt; 0x0000009f\n[    0.000000]     0: 0x00000100 -&gt; 0x00003ffe\n[    0.000000] ACPI: PM-Timer IO Port: 0xb008\n[    0.000000] ACPI: LAPIC (acpi_id[0x00] lapic_id[0x00] enabled)\n[    0.000000] ACPI: LAPIC_NMI (acpi_id[0xff] dfl dfl lint[0x1])\n[    0.000000] ACPI: IOAPIC (id[0x00] address[0xfec00000] gsi_base[0])\n[    0.000000] IOAPIC[0]: apic_id 0, version 17, address 0xfec00000, GSI 0-23\n[    0.000000] ACPI: INT_SRC_OVR (bus 0 bus_irq 0 global_irq 2 dfl dfl)\n[    0.000000] ACPI: INT_SRC_OVR (bus 0 bus_irq 5 global_irq 5 high level)\n[    0.000000] ACPI: INT_SRC_OVR (bus 0 bus_irq 9 global_irq 9 high level)\n[    0.000000] ACPI: INT_SRC_OVR (bus 0 bus_irq 10 global_irq 10 high level)\n[    0.000000] ACPI: INT_SRC_OVR (bus 0 bus_irq 11 global_irq 11 high level)\n[    0.000000] Using ACPI (MADT) for SMP configuration information\n[    0.000000] ACPI: HPET id: 0x8086a201 base: 0xfed00000\n[    0.000000] SMP: Allowing 1 CPUs, 0 hotplug CPUs\n[    0.000000] PM: Registered nosave memory: 000000000009f000 - 00000000000a0000\n[    0.000000] PM: Registered nosave memory: 00000000000a0000 - 00000000000f0000\n[    0.000000] PM: Registered nosave memory: 00000000000f0000 - 0000000000100000\n[    0.000000] Allocating PCI resources starting at 4000000 (gap: 4000000:fbfc0000)\n[    0.000000] Booting paravirtualized kernel on bare hardware\n[    0.000000] setup_pe
2015-12-23 09:23:54,216 21621 DEBUG    [tempest.scenario.manager] Console output for 31c9ccb5-bec6-48d9-a0bd-18cbc1ad5f4f
body=
[    0.000000] Initializing cgroup subsys cpuset
[    0.000000] Initializing cgroup subsys cpu
[    0.000000] Linux version 3.2.0-80-virtual (buildd@batsu) (gcc version 4.6.3 (Ubuntu/Linaro 4.6.3-1ubuntu5) ) #116-Ubuntu SMP Mon Mar 23 17:28:52 UTC 2015 (Ubuntu 3.2.0-80.116-virtual 3.2.68)
[    0.000000] Command line: root=/dev/vda console=tty0 console=ttyS0 no_timer_check
[    0.000000] KERNEL supported cpus:
[    0.000000]   Intel GenuineIntel
[    0.000000]   AMD AuthenticAMD
[    0.000000]   Centaur CentaurHauls
[    0.000000] BIOS-provided physical RAM map:
[    0.000000]  BIOS-e820: 0000000000000000 - 000000000009fc00 (usable)
[    0.000000]  BIOS-e820: 000000000009fc00 - 00000000000a0000 (reserved)
[    0.000000]  BIOS-e820: 00000000000f0000 - 0000000000100000 (reserved)
[    0.000000]  BIOS-e820: 0000000000100000 - 0000000003ffe000 (usable)
[    0.000000]  BIOS-e820: 0000000003ffe000 - 0000000004000000 (reserved)
[    0.000000]  BIOS-e820: 00000000fffc0000 - 0000000100000000 (reserved)
[    0.000000] NX (Execute Disable) protection: active
[    0.000000] SMBIOS 2.4 present.
[    0.000000] No AGP bridge found
[    0.000000] last_pfn = 0x3ffe max_arch_pfn = 0x400000000
[    0.000000] x86 PAT enabled: cpu 0, old 0x7040600070406, new 0x7010600070106
[    0.000000] found SMP MP-table at [ffff8800000f0b00] f0b00
[    0.000000] init_memory_mapping: 0000000000000000-0000000003ffe000
[    0.000000] RAMDISK: 03c5e000 - 03ff0000
[    0.000000] ACPI: RSDP 00000000000f0950 00014 (v00 BOCHS )
[    0.000000] ACPI: RSDT 0000000003fffbc1 00034 (v01 BOCHS  BXPCRSDT 00000001 BXPC 00000001)
[    0.000000] ACPI: FACP 0000000003fff1c0 00074 (v01 BOCHS  BXPCFACP 00000001 BXPC 00000001)
[    0.000000] ACPI: DSDT 0000000003ffe040 01180 (v01 BOCHS  BXPCDSDT 00000001 BXPC 00000001)
[    0.000000] ACPI: FACS 0000000003ffe000 00040
[    0.000000] ACPI: SSDT 0000000003fff234 008DD (v01 BOCHS  BXPCSSDT 00000001 BXPC 00000001)
[    0.000000] ACPI: APIC 0000000003fffb11 00078 (v01 BOCHS  BXPCAPIC 00000001 BXPC 00000001)
[    0.000000] ACPI: HPET 0000000003fffb89 00038 (v01 BOCHS  BXPCHPET 00000001 BXPC 00000001)
[    0.000000] No NUMA configuration found
[    0.000000] Faking a node at 0000000000000000-0000000003ffe000
[    0.000000] Initmem setup node 0 0000000000000000-0000000003ffe000
[    0.000000]   NODE_DATA [0000000003ff6000 - 0000000003ffafff]
[    0.000000] Zone PFN ranges:
[    0.000000]   DMA      0x00000010 -&gt; 0x00001000
[    0.000000]   DMA32    0x00001000 -&gt; 0x00100000
[    0.000000]   Normal   empty
[    0.000000] Movable zone start PFN for each node
[    0.000000] early_node_map[2] active PFN ranges
[    0.000000]     0: 0x00000010 -&gt; 0x0000009f
[    0.000000]     0: 0x00000100 -&gt; 0x00003ffe
[    0.000000] ACPI: PM-Timer IO Port: 0xb008
[    0.000000] ACPI: LAPIC (acpi_id[0x00] lapic_id[0x00] enabled)
[    0.000000] ACPI: LAPIC_NMI (acpi_id[0xff] dfl dfl lint[0x1])
[    0.000000] ACPI: IOAPIC (id[0x00] address[0xfec00000] gsi_base[0])
[    0.000000] IOAPIC[0]: apic_id 0, version 17, address 0xfec00000, GSI 0-23
[    0.000000] ACPI: INT_SRC_OVR (bus 0 bus_irq 0 global_irq 2 dfl dfl)
[    0.000000] ACPI: INT_SRC_OVR (bus 0 bus_irq 5 global_irq 5 high level)
[    0.000000] ACPI: INT_SRC_OVR (bus 0 bus_irq 9 global_irq 9 high level)
[    0.000000] ACPI: INT_SRC_OVR (bus 0 bus_irq 10 global_irq 10 high level)
[    0.000000] ACPI: INT_SRC_OVR (bus 0 bus_irq 11 global_irq 11 high level)
[    0.000000] Using ACPI (MADT) for SMP configuration information
[    0.000000] ACPI: HPET id: 0x8086a201 base: 0xfed00000
[    0.000000] SMP: Allowing 1 CPUs, 0 hotplug CPUs
[    0.000000] PM: Registered nosave memory: 000000000009f000 - 00000000000a0000
[    0.000000] PM: Registered nosave memory: 00000000000a0000 - 00000000000f0000
[    0.000000] PM: Registered nosave memory: 00000000000f0000 - 0000000000100000
[    0.000000] Allocating PCI resources starting at 4000000 (gap: 4000000:fbfc0000)
[    0.000000] Booting paravirtualized kernel on bare hardware
[    0.000000] setup_percpu: NR_CPUS:64 nr_cpumask_bits:64 nr_cpu_ids:1 nr_node_ids:1
[    0.000000] PERCPU: Embedded 27 pages/cpu @ffff880003a00000 s78848 r8192 d23552 u2097152
[    0.000000] Built 1 zonelists in Node order, mobility grouping on.  Total pages: 16008
[    0.000000] Policy zone: DMA32
[    0.000000] Kernel command line: root=/dev/vda console=tty0 console=ttyS0 no_timer_check
[    0.000000] PID hash table entries: 256 (order: -1, 2048 bytes)
[    0.000000] Checking aperture...
[    0.000000] No AGP bridge found
[    0.000000] Memory: 43492k/65528k available (6576k kernel code, 452k absent, 21584k reserved, 6620k data, 928k init)
[    0.000000] SLUB: Genslabs=15, HWalign=64, Order=0-3, MinObjects=0, CPUs=1, Nodes=1
[    0.000000] Hierarchical RCU implementation.
[    0.000000] 	RCU dyntick-idle grace-period acceleration is enabled.
[    0.000000] NR_IRQS:4352 nr_irqs:256 16
[    0.000000] Console: colour VGA+ 80x25
[    0.000000] console [tty0] enabled
[    0.000000] console [ttyS0] enabled
[    0.000000] allocated 1048576 bytes of page_cgroup
[    0.000000] please try 'cgroup_disable=memory' option if you don't want memory cgroups
[    0.000000] Fast TSC calibration failed
[    0.000000] TSC: Unable to calibrate against PIT
[    0.000000] TSC: using HPET reference calibration
[    0.000000] Detected 2292.097 MHz processor.
[    0.028443] Calibrating delay loop (skipped), value calculated using timer frequency.. 4584.19 BogoMIPS (lpj=9168388)
[    0.031288] pid_max: default: 32768 minimum: 301
[    0.040385] Security Framework initialized
[    0.044813] AppArmor: AppArmor initialized
[    0.045655] Yama: becoming mindful.
[    0.052906] Dentry cache hash table entries: 8192 (order: 4, 65536 bytes)
[    0.054722] Inode-cache hash table entries: 4096 (order: 3, 32768 bytes)
[    0.056566] Mount-cache hash table entries: 256
[    0.073034] Initializing cgroup subsys cpuacct
[    0.074036] Initializing cgroup subsys memory
[    0.076856] Initializing cgroup subsys devices
[    0.077859] Initializing cgroup subsys freezer
[    0.078522] Initializing cgroup subsys blkio
[    0.079356] Initializing cgroup subsys perf_event
[    0.082850] mce: CPU supports 10 MCE banks
[    0.086615] SMP alternatives: switching to UP code
[    0.483411] Freeing SMP alternatives: 24k freed
[    0.485085] ACPI: Core revision 20110623
[    0.532432] ftrace: allocating 26610 entries in 105 pages
[    0.561341] ..TIMER: vector=0x30 apic1=0 pin1=2 apic2=-1 pin2=-1
[    0.562966] CPU0: AMD QEMU Virtual CPU version 2.0.0 stepping 03
[    0.568034] Performance Events: Broken PMU hardware detected, using software events only.
[    0.575395] NMI watchdog disabled (cpu0): hardware events not enabled
[    0.576710] Brought up 1 CPUs
[    0.577208] Total of 1 processors activated (4584.19 BogoMIPS).
[    0.609299] devtmpfs: initialized
[    0.641326] EVM: security.selinux
[    0.641826] EVM: security.SMACK64
[    0.642252] EVM: security.capability
[    0.669561] print_constraints: dummy: 
[    0.673148] RTC time:  9:18:49, date: 12/23/15
[    0.677686] NET: Registered protocol family 16
[    0.688368] ACPI: bus type pci registered
[    0.693986] PCI: Using configuration type 1 for base access
[    0.729648] bio: create slab &lt;bio-0&gt; at 0
[    0.734493] ACPI: Added _OSI(Module Device)
[    0.735055] ACPI: Added _OSI(Processor Device)
[    0.736159] ACPI: Added _OSI(3.0 _SCP Extensions)
[    0.736758] ACPI: Added _OSI(Processor Aggregator Device)
[    0.842982] ACPI: Interpreter enabled
[    0.844243] ACPI: (supports S0 S3 S4 S5)
[    0.846438] ACPI: Using IOAPIC for interrupt routing
[    0.936371] ACPI: No dock devices found.
[    0.937013] HEST: Table not found.
[    0.937558] PCI: Using host bridge windows from ACPI; if necessary, use "pci=nocrs" and report a bug
[    0.944889] ACPI: PCI Root Bridge [PCI0] (domain 0000 [bus 00-ff])
[    0.950877] pci_root PNP0A03:00: host bridge window [io  0x0000-0x0cf7]
[    0.952162] pci_root PNP0A03:00: host bridge window [io  0x0d00-0xadff]
[    0.952985] pci_root PNP0A03:00: host bridge window [io  0xae0f-0xaeff]
[    0.953756] pci_root PNP0A03:00: host bridge window [io  0xaf20-0xafdf]
[    0.954649] pci_root PNP0A03:00: host bridge window [io  0xafe4-0xffff]
[    0.956171] pci_root PNP0A03:00: host bridge window [mem 0x000a0000-0x000bffff]
[    0.957031] pci_root PNP0A03:00: host bridge window [mem 0x04000000-0xfebfffff]
[    0.980224] pci 0000:00:01.3: quirk: [io  0xb000-0xb03f] claimed by PIIX4 ACPI
[    0.981149] pci 0000:00:01.3: quirk: [io  0xb100-0xb10f] claimed by PIIX4 SMB
[    1.049434]  pci0000:00: Unable to request _OSC control (_OSC support mask: 0x1e)
[    1.105843] ACPI: PCI Interrupt Link [LNKA] (IRQs 5 *10 11)
[    1.108586] ACPI: PCI Interrupt Link [LNKB] (IRQs 5 *10 11)
[    1.110405] ACPI: PCI Interrupt Link [LNKC] (IRQs 5 10 *11)
[    1.112936] ACPI: PCI Interrupt Link [LNKD] (IRQs 5 10 *11)
[    1.114160] ACPI: PCI Interrupt Link [LNKS] (IRQs *9)
[    1.121467] vgaarb: device added: PCI:0000:00:02.0,decodes=io+mem,owns=io+mem,locks=none
[    1.122339] vgaarb: loaded
[    1.122787] vgaarb: bridge control possible 0000:00:02.0
[    1.126760] i2c-core: driver [aat2870] using legacy suspend method
[    1.128142] i2c-core: driver [aat2870] using legacy resume method
[    1.130538] SCSI subsystem initialized
[    1.135008] usbcore: registered new interface driver usbfs
[    1.136614] usbcore: registered new interface driver hub
[    1.137750] usbcore: registered new device driver usb
[    1.142322] PCI: Using ACPI for IRQ routing
[    1.153532] NetLabel: Initializing
[    1.153926] NetLabel:  domain hash size = 128
[    1.154369] NetLabel:  protocols = UNLABELED CIPSOv4
[    1.156938] NetLabel:  unlabeled traffic allowed by default
[    1.158477] HPET: 3 timers in total, 0 timers will be used for per-cpu timer
[    1.160415] hpet0: at MMIO 0xfed00000, IRQs 2, 8, 0
[    1.161386] hpet0: 3 comparators, 64-bit 100.000000 MHz counter
[    1.176381] Switching to clocksource hpet
[    1.453421] AppArmor: AppArmor Filesystem Enabled
[    1.455773] pnp: PnP ACPI init
[    1.458246] ACPI: bus type pnp registered
[    1.480075] pnp: PnP ACPI: found 9 devices
[    1.481129] ACPI: ACPI bus type pnp unregistered
[    1.539722] NET: Registered protocol family 2
[    1.579240] IP route cache hash table entries: 512 (order: 0, 4096 bytes)
[    1.587186] TCP established hash table entries: 2048 (order: 3, 32768 bytes)
[    1.589193] TCP bind hash table entries: 2048 (order: 3, 32768 bytes)
[    1.590293] TCP: Hash tables configured (established 2048 bind 2048)
[    1.591071] TCP reno registered
[    1.591574] UDP hash table entries: 128 (order: 0, 4096 bytes)
[    1.593307] UDP-Lite hash table entries: 128 (order: 0, 4096 bytes)
[    1.595586] NET: Registered protocol family 1
[    1.597259] pci 0000:00:00.0: Limiting direct PCI/PCI transfers
[    1.598057] pci 0000:00:01.0: PIIX3: Enabling Passive Release
[    1.598950] pci 0000:00:01.0: Activating ISA DMA hang workarounds
[    1.603966] ACPI: PCI Interrupt Link [LNKD] enabled at IRQ 11
[    1.605810] pci 0000:00:01.2: PCI INT D -&gt; Link[LNKD] -&gt; GSI 11 (level, high) -&gt; IRQ 11
[    1.608170] pci 0000:00:01.2: PCI INT D disabled
[    1.625697] Trying to unpack rootfs image as initramfs...
[    1.641490] audit: initializing netlink socket (disabled)
[    1.643073] type=2000 audit(1450862329.640:1): initialized
[    1.915867] HugeTLB registered 2 MB page size, pre-allocated 0 pages
[    2.005330] VFS: Disk quotas dquot_6.5.2
[    2.006827] Dquot-cache hash table entries: 512 (order 0, 4096 bytes)
[    2.051366] fuse init (API version 7.17)
[    2.056007] msgmni has been set to 84
[    2.106707] Block layer SCSI generic (bsg) driver version 0.4 loaded (major 253)
[    2.113967] io scheduler noop registered
[    2.114521] io scheduler deadline registered (default)
[    2.115276] io scheduler cfq registered
[    2.119261] pci_hotplug: PCI Hot Plug PCI Core version: 0.5
[    2.122201] pciehp: PCI Express Hot Plug Controller Driver version: 0.4
[    2.127512] input: Power Button as /devices/LNXSYSTM:00/LNXPWRBN:00/input/input0
[    2.129891] ACPI: Power Button [PWRF]
[    2.181131] ERST: Table is not found!
[    2.181748] GHES: HEST is not enabled!
[    2.192043] ACPI: PCI Interrupt Link [LNKC] enabled at IRQ 10
[    2.196477] virtio-pci 0000:00:03.0: PCI INT A -&gt; Link[LNKC] -&gt; GSI 10 (level, high) -&gt; IRQ 10
[    2.199532] virtio-pci 0000:00:04.0: PCI INT A -&gt; Link[LNKD] -&gt; GSI 11 (level, high) -&gt; IRQ 11
[    2.215225] ACPI: PCI Interrupt Link [LNKA] enabled at IRQ 10
[    2.215922] virtio-pci 0000:00:05.0: PCI INT A -&gt; Link[LNKA] -&gt; GSI 10 (level, high) -&gt; IRQ 10
[    2.228049] Serial: 8250/16550 driver, 32 ports, IRQ sharing enabled
[    2.267413] serial8250: ttyS0 at I/O 0x3f8 (irq = 4) is a 16550A
[    2.353488] serial8250: ttyS1 at I/O 0x2f8 (irq = 3) is a 16550A
[    2.482677] 00:05: ttyS0 at I/O 0x3f8 (irq = 4) is a 16550A
[    2.573453] 00:06: ttyS1 at I/O 0x2f8 (irq = 3) is a 16550A
[    2.614823] Linux agpgart interface v0.103
[    2.622971] Refined TSC clocksource calibration: 2292.086 MHz.
[    2.623670] Switching to clocksource tsc
[    2.677453] brd: module loaded
[    2.707068] loop: module loaded
[    2.780315]  vda: unknown partition table
[    2.849307] scsi0 : ata_piix
[    2.851816] scsi1 : ata_piix
[    2.853686] ata1: PATA max MWDMA2 cmd 0x1f0 ctl 0x3f6 bmdma 0xc0a0 irq 14
[    2.854458] ata2: PATA max MWDMA2 cmd 0x170 ctl 0x376 bmdma 0xc0a8 irq 15
[    2.863887] Fixed MDIO Bus: probed
[    2.865482] tun: Universal TUN/TAP device driver, 1.6
[    2.866140] tun: (C) 1999-2004 Max Krasnyansky &lt;maxk@qualcomm.com&gt;
[    2.883723] PPP generic driver version 2.4.2
[    2.903858] ehci_hcd: USB 2.0 'Enhanced' Host Controller (EHCI) Driver
[    2.905714] ohci_hcd: USB 1.1 'Open' Host Controller (OHCI) Driver
[    2.906610] uhci_hcd: USB Universal Host Controller Interface driver
[    2.907648] uhci_hcd 0000:00:01.2: PCI INT D -&gt; Link[LNKD] -&gt; GSI 11 (level, high) -&gt; IRQ 11
[    2.911370] uhci_hcd 0000:00:01.2: UHCI Host Controller
[    2.926222] uhci_hcd 0000:00:01.2: new USB bus registered, assigned bus number 1
[    2.927959] uhci_hcd 0000:00:01.2: irq 11, io base 0x0000c040
[    2.971837] hub 1-0:1.0: USB hub found
[    2.975310] hub 1-0:1.0: 2 ports detected
[    2.986656] usbcore: registered new interface driver libusual
[    2.988822] i8042: PNP: PS/2 Controller [PNP0303:KBD,PNP0f13:MOU] at 0x60,0x64 irq 1,12
[    2.996983] serio: i8042 KBD port at 0x60,0x64 irq 1
[    2.999423] serio: i8042 AUX port at 0x60,0x64 irq 12
[    3.046541] mousedev: PS/2 mouse device common for all mice
[    3.055706] input: AT Translated Set 2 keyboard as /devices/platform/i8042/serio0/input/input1
[    3.073042] rtc_cmos 00:01: RTC can wake from S4
[    3.083472] rtc_cmos 00:01: rtc core: registered rtc_cmos as rtc0
[    3.087275] rtc0: alarms up to one day, 114 bytes nvram, hpet irqs
[    3.090460] device-mapper: uevent: version 1.0.3
[    3.104115] ata2.01: ATAPI: QEMU DVD-ROM, 2.0.0, max UDMA/100
[    3.119649] ata2.01: configured for MWDMA2
[    3.146161] device-mapper: ioctl: 4.22.0-ioctl (2011-10-19) initialised: dm-devel@redhat.com
[    3.149092] cpuidle: using governor ladder
[    3.150826] cpuidle: using governor menu
[    3.151591] EFI Variables Facility v0.08 2004-May-17
[    3.158224] TCP cubic registered
[    3.162779] NET: Registered protocol family 10
[    3.190580] NET: Registered protocol family 17
[    3.191801] Registering the dns_resolver key type
[    3.211036] scsi 1:0:1:0: CD-ROM            QEMU     QEMU DVD-ROM     2.0. PQ: 0 ANSI: 5
[    3.232682] sr0: scsi3-mmc drive: 4x/4x cd/rw xa/form2 tray
[    3.234442] cdrom: Uniform CD-ROM driver Revision: 3.20
[    3.254843] sr 1:0:1:0: Attached scsi generic sg0 type 5
[    3.300024] registered taskstats version 1
[    3.337806] Freeing initrd memory: 3656k freed
[    3.832689]   Magic number: 11:988:323
[    3.839267] bdi 11:0: hash matches
[    3.840471] tty tty48: hash matches
[    3.844484] rtc_cmos 00:01: setting system clock to 2015-12-23 09:18:52 UTC (1450862332)
[    3.846636] powernow-k8: Processor cpuid 663 not supported
[    3.853072] BIOS EDD facility v0.16 2004-Jun-25, 0 devices found
[    3.854239] EDD information not available.
[    3.913172] Freeing unused kernel memory: 928k freed
[    3.918080] Write protecting the kernel read-only data: 12288k
[    4.010167] Freeing unused kernel memory: 1596k freed
[    4.082259] Freeing unused kernel memory: 1184k freed

info: initramfs: up at 4.26
modprobe: module virtio_blk not found in modules.dep
modprobe: module virtio_net not found in modules.dep
info: copying initramfs to /dev/vda
info: initramfs loading root from /dev/vda
info: /etc/init.d/rc.sysinit: up at 8.63
info: container: none
Starting logging: OK
modprobe: module virtio_blk not found in modules.dep
modprobe: module virtio_net not found in modules.dep
WARN: /etc/rc3.d/S10-load-modules failed
Initializing random number generator... done.
Starting acpid: OK
cirros-ds 'local' up at 11.01
found datasource (configdrive, local)
Starting network...
udhcpc (v1.20.1) started
Sending discover...
Sending discover...
Sending discover...
Usage: /sbin/cirros-dhcpc &lt;up|down&gt;
No lease, failing
WARN: /etc/rc3.d/S40-network failed
Starting dropbear sshd: generating rsa key... generating dsa key... OK
no userdata for datasource
=== system information ===
Platform: OpenStack Foundation OpenStack Nova
Container: none
Arch: x86_64
CPU(s): 1 @ 2292.097 MHz
Cores/Sockets/Threads: 1/1/1
Virt-type: AMD-V
RAM Size: 49MB
Disks:
NAME MAJ:MIN     SIZE LABEL         MOUNTPOINT
vda  253:0   25165824 cirros-rootfs /
sr0   11:0     428032 config-2      
=== sshd host keys ===
-----BEGIN SSH HOST KEY KEYS-----
ssh-rsa AAAAB3NzaC1yc2EAAAADAQABAAAAgn5G2uZC13uJ662UQiKGaN0N5RYCssCSC8HhCmrqkwPZuiz2QtqF5tsFAkpaUgMPLgna3dBTT1rXJeP4onQWdd1nmU0f27SqfHGZ8P35Zp+1o6oC6OoPpMNYLV/2gLrJDRV4+6lU5e+aQEh8/WBjVh7bz42k6SA8+tvE17wrC53aDwk= root@tempest
ssh-dss AAAAB3NzaC1kc3MAAACBANB/x9bEkPHdGVUNDn+1TNz4kyDWPXoQ5P8RwDOsd2c2L5NHZKRFneE31w8cVyzwaNqZQg+4w9RjhAwSg2GQzg0Sc47CWsTYnR9zaw2QlAZu2PI07YjTNSaK8RP3ZeUwa0ZIUcIYkzoPNMUtWEtk8z/PxlbsEX3vqp21KM0ZsSEpAAAAFQD9Wfmv5Fa3fIMrCyoDxFaCwqScBQAAAIA1zlYRgKq+PkPxvC1CllfF6hJbAkVTEccvD4UpIpmjMZP7fnnUR2C6FgKr82N2UB86mL14b29gXQTPaBuBHS8oA4nDMryrW668Gio5goyUxSZSg85IfgA4OXG+yHdoXdaIWkD63xkultXbMseJf9Dfyh5upN7gmqMIczilv3OrngAAAIA5kWvCT+iIZWULtmpMX7t7fvlVF3bb1Jm5/WumWCCtyGjuLYrNxohZBo4aCJvBpbEWH9BTkp9hvoqmTpHbZXNpV3qco2wtpHYdA+7YU2DwgF2z4Sp4c7czEyk0ZxAouLsSZhe0K+DSekAZ0oGMhpoetAMPsKRbzPb7iKs+5UlakA== root@tempest
-----END SSH HOST KEY KEYS-----
=== network info ===
if-info: lo,up,127.0.0.1,8,::1
if-info: eth0,up,,8,fe80::f816:3eff:fe8b:3dd8
=== datasource: configdrive local ===
instance-id: 31c9ccb5-bec6-48d9-a0bd-18cbc1ad5f4f
name: tempest.common.compute-instance-516391362
availability-zone: nova
local-hostname: tempest.common.compute-instance-516391362.novalocal
launch-index: 0
=== cirros: current=0.3.4 uptime=200.52 ===
route: fscanf
=== pinging gateway failed, debugging connection ===
############ debug start ##############
### /etc/init.d/sshd start
Starting dropbear sshd: OK
route: fscanf
### ifconfig -a
eth0      Link encap:Ethernet  HWaddr FA:16:3E:8B:3D:D8  
          inet6 addr: fe80::f816:3eff:fe8b:3dd8/64 Scope:Link
          UP BROADCAST RUNNING MULTICAST  MTU:1500  Metric:1
          RX packets:12 errors:0 dropped:5 overruns:0 frame:0
          TX packets:8 errors:0 dropped:0 overruns:0 carrier:0
          collisions:0 txqueuelen:1000 
          RX bytes:1293 (1.2 KiB)  TX bytes:1134 (1.1 KiB)

lo        Link encap:Local Loopback  
          inet addr:127.0.0.1  Mask:255.0.0.0
          inet6 addr: ::1/128 Scope:Host
          UP LOOPBACK RUNNING  MTU:16436  Metric:1
          RX packets:12 errors:0 dropped:0 overruns:0 frame:0
          TX packets:12 errors:0 dropped:0 overruns:0 carrier:0
          collisions:0 txqueuelen:0 
          RX bytes:1020 (1020.0 B)  TX bytes:1020 (1020.0 B)

### route -n
Kernel IP routing table
Destination     Gateway         Genmask         Flags Metric Ref    Use Iface
route: fscanf
### cat /etc/resolv.conf
cat: can't open '/etc/resolv.conf': No such file or directory
### gateway not found
/sbin/cirros-status: line 1: can't open /etc/resolv.conf: no such file
### pinging nameservers
### uname -a
Linux tempest 3.2.0-80-virtual #116-Ubuntu SMP Mon Mar 23 17:28:52 UTC 2015 x86_64 GNU/Linux
### lsmod
Module                  Size  Used by    Not tainted
nls_iso8859_1          12713  0 
nls_cp437              16991  0 
vfat                   17585  0 
fat                    61512  1 vfat
isofs                  40259  0 
ip_tables              27473  0 
x_tables               29891  1 ip_tables
pcnet32                42119  0 
8139cp                 27360  0 
ne2k_pci               13691  0 
8390                   18856  1 ne2k_pci
e1000                 108589  0 
acpiphp                24231  0 
### dmesg | tail
[    4.953804] EXT3-fs (vda): mounted filesystem with ordered data mode
[    5.258650] ISO 9660 Extensions: Microsoft Joliet Level 3
[    5.323718] ISO 9660 Extensions: RRIP_1991A
[    5.545947] kjournald starting.  Commit interval 5 seconds
[    5.559696] EXT3-fs (vda): using internal journal
[    5.560594] EXT3-fs (vda): mounted filesystem with ordered data mode
[    8.675538] EXT3-fs (vda): using internal journal
[   11.758420] ISO 9660 Extensions: Microsoft Joliet Level 3
[   11.849234] ISO 9660 Extensions: RRIP_1991A
[   26.779831] eth0: no IPv6 routers present
### tail -n 25 /var/log/messages
Dec 23 09:18:58 cirros kern.info kernel: [    4.523009] acpiphp: Slot [21] registered
Dec 23 09:18:58 cirros kern.info kernel: [    4.523293] acpiphp: Slot [22] registered
Dec 23 09:18:58 cirros kern.info kernel: [    4.523608] acpiphp: Slot [23] registered
Dec 23 09:18:58 cirros kern.info kernel: [    4.523765] acpiphp: Slot [24] registered
Dec 23 09:18:58 cirros kern.info kernel: [    4.524047] acpiphp: Slot [25] registered
Dec 23 09:18:58 cirros kern.info kernel: [    4.527313] acpiphp: Slot [31] registered
Dec 23 09:18:58 cirros kern.info kernel: [    4.571105] e1000: Intel(R) PRO/1000 Network Driver - version 7.3.21-k8-NAPI
Dec 23 09:18:58 cirros kern.info kernel: [    4.571186] e1000: Copyright (c) 1999-2006 Intel Corporation.
Dec 23 09:18:58 cirros kern.info kernel: [    4.611954] ne2k-pci.c:v1.03 9/22/2003 D. Becker/P. Gortmaker
Dec 23 09:18:58 cirros kern.info kernel: [    4.646399] 8139cp: 8139cp: 10/100 PCI Ethernet driver v1.3 (Mar 22, 2004)
Dec 23 09:18:58 cirros kern.info kernel: [    4.687416] pcnet32: pcnet32.c:v1.35 21.Apr.2008 tsbogend@alpha.franken.de
Dec 23 09:18:58 cirros kern.info kernel: [    4.732070] ip_tables: (C) 2000-2006 Netfilter Core Team
Dec 23 09:18:58 cirros kern.info kernel: [    4.951011] kjournald starting.  Commit interval 5 seconds
Dec 23 09:18:58 cirros kern.info kernel: [    4.953804] EXT3-fs (vda): mounted filesystem with ordered data mode
Dec 23 09:18:58 cirros kern.debug kernel: [    5.258650] ISO 9660 Extensions: Microsoft Joliet Level 3
Dec 23 09:18:58 cirros kern.debug kernel: [    5.323718] ISO 9660 Extensions: RRIP_1991A
Dec 23 09:18:58 cirros kern.info kernel: [    5.545947] kjournald starting.  Commit interval 5 seconds
Dec 23 09:18:58 cirros kern.info kernel: [    5.559696] EXT3-fs (vda): using internal journal
Dec 23 09:18:58 cirros kern.info kernel: [    5.560594] EXT3-fs (vda): mounted filesystem with ordered data mode
Dec 23 09:18:58 cirros kern.info kernel: [    8.675538] EXT3-fs (vda): using internal journal
Dec 23 09:19:00 cirros kern.debug kernel: [   11.758420] ISO 9660 Extensions: Microsoft Joliet Level 3
Dec 23 09:19:00 cirros kern.debug kernel: [   11.849234] ISO 9660 Extensions: RRIP_1991A
Dec 23 09:19:03 cirros auth.notice su: + /dev/console root:cirros
Dec 23 09:19:15 cirros kern.debug kernel: [   26.779831] eth0: no IPv6 routers present
Dec 23 09:22:07 cirros authpriv.info dropbear[283]: Running in background
############ debug end   ##############
  ____               ____  ____
 / __/ __ ____ ____ / __ \/ __/
/ /__ / // __// __// /_/ /\ \ 
\___//_//_/  /_/   \____/___/ 
   http://cirros-cloud.net


login as 'cirros' user. default password: 'cubswin:)'. use 'sudo' for root.
tempest login: 
2015-12-23 09:23:54,654 21621 INFO     [tempest_lib.common.rest_client] Request (TestGettingAddress:_run_cleanups): 204 DELETE http://10.0.2.15:9696/v2.0/floatingips/e3f055cd-1123-4972-ab73-ab7ec27b6048 0.433s
2015-12-23 09:23:54,655 21621 DEBUG    [tempest_lib.common.rest_client] Request - Headers: {'Content-Type': 'application/json', 'Accept': 'application/json', 'X-Auth-Token': '&lt;omitted&gt;'}
        Body: None
    Response - Headers: {'date': 'Wed, 23 Dec 2015 09:23:54 GMT', 'status': '204', 'connection': 'close', 'content-length': '0', 'x-openstack-request-id': 'req-d7e3f452-a83e-44a7-8873-ac376f6c26c9'}
        Body: 
2015-12-23 09:23:54,867 21621 INFO     [tempest_lib.common.rest_client] Request (TestGettingAddress:_run_cleanups): 204 DELETE http://10.0.2.15:8774/v2.1/a477a079eaa44ef8aa85ab6f85ded228/servers/31c9ccb5-bec6-48d9-a0bd-18cbc1ad5f4f 0.212s
2015-12-23 09:23:54,868 21621 DEBUG    [tempest_lib.common.rest_client] Request - Headers: {'Content-Type': 'application/json', 'Accept': 'application/json', 'X-Auth-Token': '&lt;omitted&gt;'}
        Body: None
    Response - Headers: {'status': '204', 'content-length': '0', 'x-compute-request-id': 'req-cf7d0e56-13bc-4da7-9618-d79c9114f630', 'vary': 'X-OpenStack-Nova-API-Version', 'connection': 'close', 'x-openstack-nova-api-version': '2.1', 'date': 'Wed, 23 Dec 2015 09:23:54 GMT', 'content-type': 'application/json'}
        Body: 
2015-12-23 09:23:55,075 21621 INFO     [tempest_lib.common.rest_client] Request (TestGettingAddress:_run_cleanups): 200 GET http://10.0.2.15:8774/v2.1/a477a079eaa44ef8aa85ab6f85ded228/servers/31c9ccb5-bec6-48d9-a0bd-18cbc1ad5f4f 0.207s
2015-12-23 09:23:55,076 21621 DEBUG    [tempest_lib.common.rest_client] Request - Headers: {'Content-Type': 'application/json', 'Accept': 'application/json', 'X-Auth-Token': '&lt;omitted&gt;'}
        Body: None
    Response - Headers: {'status': '200', 'content-length': '1902', 'content-location': 'http://10.0.2.15:8774/v2.1/a477a079eaa44ef8aa85ab6f85ded228/servers/31c9ccb5-bec6-48d9-a0bd-18cbc1ad5f4f', 'x-compute-request-id': 'req-bad6ff2b-041f-4c65-822a-f193291ed32e', 'vary': 'X-OpenStack-Nova-API-Version', 'connection': 'close', 'x-openstack-nova-api-version': '2.1', 'date': 'Wed, 23 Dec 2015 09:23:55 GMT', 'content-type': 'application/json'}
        Body: {"server": {"status": "ACTIVE", "updated": "2015-12-23T09:23:54Z", "hostId": "cf246cd9cc245eb7379e0917d5e0f2315515903d91c97136646c10c8", "addresses": {"tempest-network-smoke--919366191": [{"OS-EXT-IPS-MAC:mac_addr": "fa:16:3e:8b:3d:d8", "version": 6, "addr": "2003::f816:3eff:fe8b:3dd8", "OS-EXT-IPS:type": "fixed"}, {"OS-EXT-IPS-MAC:mac_addr": "fa:16:3e:8b:3d:d8", "version": 4, "addr": "10.100.0.3", "OS-EXT-IPS:type": "fixed"}, {"OS-EXT-IPS-MAC:mac_addr": "fa:16:3e:8b:3d:d8", "version": 4, "addr": "172.24.4.4", "OS-EXT-IPS:type": "floating"}]}, "links": [{"href": "http://10.0.2.15:8774/v2.1/a477a079eaa44ef8aa85ab6f85ded228/servers/31c9ccb5-bec6-48d9-a0bd-18cbc1ad5f4f", "rel": "self"}, {"href": "http://10.0.2.15:8774/a477a079eaa44ef8aa85ab6f85ded228/servers/31c9ccb5-bec6-48d9-a0bd-18cbc1ad5f4f", "rel": "bookmark"}], "key_name": "tempest-TestGettingAddress-415058269", "image": {"id": "36d92b7a-549a-4537-8097-49bec00711a7", "links": [{"href": "http://10.0.2.15:8774/a477a079eaa44ef8aa85ab6f85ded228/images/36d92b7a-549a-4537-8097-49bec00711a7", "rel": "bookmark"}]}, "OS-EXT-STS:task_state": "deleting", "OS-EXT-STS:vm_state": "active", "OS-SRV-USG:launched_at": "2015-12-23T09:18:46.000000", "flavor": {"id": "42", "links": [{"href": "http://10.0.2.15:8774/a477a079eaa44ef8aa85ab6f85ded228/flavors/42", "rel": "bookmark"}]}, "id": "31c9ccb5-bec6-48d9-a0bd-18cbc1ad5f4f", "security_groups": [{"name": "tempest-secgroup-smoke-1111731651"}], "OS-SRV-USG:terminated_at": null, "OS-EXT-AZ:availability_zone": "nova", "user_id": "2dd2c404ef2b4b48b4d3e3e98aae2207", "name": "tempest.common.compute-instance-516391362", "created": "2015-12-23T09:18:42Z", "tenant_id": "a477a079eaa44ef8aa85ab6f85ded228", "OS-DCF:diskConfig": "MANUAL", "os-extended-volumes:volumes_attached": [], "accessIPv4": "", "accessIPv6": "", "progress": 0, "OS-EXT-STS:power_state": 1, "config_drive": "True", "metadata": {}}}
2015-12-23 09:23:56,215 21621 INFO     [tempest_lib.common.rest_client] Request (TestGettingAddress:_run_cleanups): 200 GET http://10.0.2.15:8774/v2.1/a477a079eaa44ef8aa85ab6f85ded228/servers/31c9ccb5-bec6-48d9-a0bd-18cbc1ad5f4f 0.125s
2015-12-23 09:23:56,216 21621 DEBUG    [tempest_lib.common.rest_client] Request - Headers: {'Content-Type': 'application/json', 'Accept': 'application/json', 'X-Auth-Token': '&lt;omitted&gt;'}
        Body: None
    Response - Headers: {'status': '200', 'content-length': '1834', 'content-location': 'http://10.0.2.15:8774/v2.1/a477a079eaa44ef8aa85ab6f85ded228/servers/31c9ccb5-bec6-48d9-a0bd-18cbc1ad5f4f', 'x-compute-request-id': 'req-a7d7f657-21c2-4d7c-9825-310bef6c99c0', 'vary': 'X-OpenStack-Nova-API-Version', 'connection': 'close', 'x-openstack-nova-api-version': '2.1', 'date': 'Wed, 23 Dec 2015 09:23:56 GMT', 'content-type': 'application/json'}
