<?xml version="1.0" encoding="UTF-8"?>
<!DOCTYPE html PUBLIC "-//W3C//DTD XHTML 1.0 Strict//EN"
     "http://www.w3.org/TR/xhtml1/DTD/xhtml1-strict.dtd">
<html xmlns="http://www.w3.org/1999/xhtml">
<head>
    <title>Unit Test Report</title>
    <meta name="generator" content="subunit2html 0.1"/>
    <meta http-equiv="Content-Type" content="text/html; charset=UTF-8"/>
    
<style type="text/css" media="screen">
body        { font-family: verdana, arial, helvetica, sans-serif;
    font-size: 80%; }
table       { font-size: 100%; width: 100%;}
pre         { font-size: 80%; }

/* -- heading -------------------------------------------------------------- */
h1 {
        font-size: 16pt;
        color: gray;
}
.heading {
    margin-top: 0ex;
    margin-bottom: 1ex;
}

.heading .attribute {
    margin-top: 1ex;
    margin-bottom: 0;
}

.heading .description {
    margin-top: 4ex;
    margin-bottom: 6ex;
}

/* -- css div popup -------------------------------------------------------- */
a.popup_link {
}

a.popup_link:hover {
    color: red;
}

.popup_window {
    display: none;
    overflow-x: scroll;
    /*border: solid #627173 1px; */
    padding: 10px;
    background-color: #E6E6D6;
    font-family: "Ubuntu Mono", "Lucida Console", "Courier New", monospace;
    text-align: left;
    font-size: 8pt;
}

}
/* -- report --------------------------------------------------------------- */
#show_detail_line {
    margin-top: 3ex;
    margin-bottom: 1ex;
}
#result_table {
    width: 100%;
    border-collapse: collapse;
    border: 1px solid #777;
}
#header_row {
    font-weight: bold;
    color: white;
    background-color: #777;
}
#result_table td {
    border: 1px solid #777;
    padding: 2px;
}
#total_row  { font-weight: bold; }
.passClass  { background-color: #6c6; }
.failClass  { background-color: #c60; }
.errorClass { background-color: #c00; }
.passCase   { color: #6c6; }
.failCase   { color: #c60; font-weight: bold; }
.errorCase  { color: #c00; font-weight: bold; }
.hiddenRow  { display: none; }
.testcase   { margin-left: 2em; }
td.testname {width: 40%}
td.small {width: 40px}

/* -- ending --------------------------------------------------------------- */
#ending {
}

</style>

</head>
<body>
<script language="javascript" type="text/javascript"><!--
output_list = Array();

/* level - 0:Summary; 1:Failed; 2:All */
function showCase(level) {
    trs = document.getElementsByTagName("tr");
    for (var i = 0; i < trs.length; i++) {
        tr = trs[i];
        id = tr.id;
        if (id.substr(0,2) == 'ft') {
            if (level < 1) {
                tr.className = 'hiddenRow';
            }
            else {
                tr.className = '';
            }
        }
        if (id.substr(0,2) == 'pt') {
            if (level > 1) {
                tr.className = '';
            }
            else {
                tr.className = 'hiddenRow';
            }
        }
    }
}


function showClassDetail(cid, count) {
    var id_list = Array(count);
    var toHide = 1;
    for (var i = 0; i < count; i++) {
        tid0 = 't' + cid.substr(1) + '.' + (i+1);
        tid = 'f' + tid0;
        tr = document.getElementById(tid);
        if (!tr) {
            tid = 'p' + tid0;
            tr = document.getElementById(tid);
        }
        id_list[i] = tid;
        if (tr.className) {
            toHide = 0;
        }
    }
    for (var i = 0; i < count; i++) {
        tid = id_list[i];
        if (toHide) {
            document.getElementById('div_'+tid).style.display = 'none'
            document.getElementById(tid).className = 'hiddenRow';
        }
        else {
            document.getElementById(tid).className = '';
        }
    }
}


function showTestDetail(div_id){
    var details_div = document.getElementById(div_id)
    var displayState = details_div.style.display
    // alert(displayState)
    if (displayState != 'block' ) {
        displayState = 'block'
        details_div.style.display = 'block'
    }
    else {
        details_div.style.display = 'none'
    }
}


function html_escape(s) {
    s = s.replace(/&/g,'&amp;');
    s = s.replace(/</g,'&lt;');
    s = s.replace(/>/g,'&gt;');
    return s;
}

/* obsoleted by detail in <div>
function showOutput(id, name) {
    var w = window.open("", //url
                    name,
                    "resizable,scrollbars,status,width=800,height=450");
    d = w.document;
    d.write("<pre>");
    d.write(html_escape(output_list[id]));
    d.write("\n");
    d.write("<a href='javascript:window.close()'>close</a>\n");
    d.write("</pre>\n");
    d.close();
}
*/
--></script>

<div class='heading'>
<h1>Unit Test Report</h1>

<p class='attribute'><strong>Status:</strong> Failure 8</p>

<p class='description'></p>
</div>



<p id='show_detail_line'>Show
<a href='javascript:showCase(0)'>Summary</a>
<a href='javascript:showCase(1)'>Failed</a>
<a href='javascript:showCase(2)'>All</a>
</p>
<table id='result_table'>
<colgroup>
<col align='left' />
<col align='right' />
<col align='right' />
<col align='right' />
<col align='right' />
<col align='right' />
<col align='right' />
<col align='right' />
</colgroup>
<tr id='header_row'>
    <td>Test Group/Test case</td>
    <td>Count</td>
    <td>Pass</td>
    <td>Fail</td>
    <td>Error</td>
    <td>Skip</td>
    <td>View</td>
    <td> </td>
</tr>

<tr class='failClass'>
    <td class="testname">tempest.scenario.test_network_v6.TestGettingAddress</td>
    <td class="small">8</td>
    <td class="small">0</td>
    <td class="small">8</td>
    <td class="small">0</td>
    <td class="small">0</td>
    <td class="small"><a href="javascript:showClassDetail('c1',8)"
>Detail</a></td>
    <td> </td>
</tr>

<tr id='ft1.1' class='none'>
    <td class='failCase'><div class='testcase'>test_dhcp6_stateless_from_os[compute,id-d7e1f858-187c-45a6-89c9-bdafde619a9f,network]</div></td>
    <td colspan='7' align='left'>

    <!--css div popup start-->
    <a class="popup_link" onfocus='this.blur();'
    href="javascript:showTestDetail('div_ft1.1')" >
        fail</a>

    <div id='div_ft1.1' class="popup_window">
        <div style='text-align: right; color:red;cursor:pointer'>
        <a onfocus='this.blur();'
onclick="document.getElementById('div_ft1.1').style.display = 'none' " >
           [x]</a>
        </div>
        <pre>
        
ft1.1: tempest.scenario.test_network_v6.TestGettingAddress.test_dhcp6_stateless_from_os[compute,id-d7e1f858-187c-45a6-89c9-bdafde619a9f,network]_StringException: Empty attachments:
  stderr
  stdout

pythonlogging:'': {{{
2015-12-21 15:56:33,431 21167 INFO     [tempest_lib.common.rest_client] Request (TestGettingAddress:setUp): 200 POST http://10.0.2.15:8774/v2.1/eade4cb670524cd4b161053623639483/os-keypairs 0.355s
2015-12-21 15:56:33,431 21167 DEBUG    [tempest_lib.common.rest_client] Request - Headers: {'Content-Type': 'application/json', 'Accept': 'application/json', 'X-Auth-Token': '&lt;omitted&gt;'}
        Body: {"keypair": {"name": "tempest-TestGettingAddress-864352124"}}
    Response - Headers: {'status': '200', 'content-length': '2323', 'x-compute-request-id': 'req-4544b42c-3e74-4770-8843-7f57629891fd', 'vary': 'X-OpenStack-Nova-API-Version', 'connection': 'close', 'x-openstack-nova-api-version': '2.1', 'date': 'Mon, 21 Dec 2015 15:56:33 GMT', 'content-type': 'application/json'}
        Body: {"keypair": {"public_key": "ssh-rsa AAAAB3NzaC1yc2EAAAADAQABAAABAQDaIYbzCJcUCxbE3ekgz4/do3m7+Vm07YmHXteLqjpB1L9F5b7mCJdgmBNA7oVLt7DsmhPtwT6jWcB9ReeFW7zo2Eu/GdG9OMItUdJVU87EH8GylATBP60vDQzPnJOTYgH1TRwr2lo4vOcZNZZFmPFHbbg3N3aW2BworDmZ8Ebx+l8TA48pO5LGn+uklzGdsYeTUmLWLW1EevgWEU5Iydl7yGS+K+c8od2iEoZXGycrKmkf1uJbcFIFd4KzlLuQv5djXqhK18ih1nN2t24gHMMBna/OUGpPFSwLOAoeOgA4aAEPEKcpJBEPyxevRUp7c18pilwawczGhPrVcR8EOOxj Generated-by-Nova", "private_key": "-----BEGIN RSA PRIVATE KEY-----\nMIIEqgIBAAKCAQEA2iGG8wiXFAsWxN3pIM+P3aN5u/lZtO2Jh17Xi6o6QdS/ReW+\n5giXYJgTQO6FS7ew7JoT7cE+o1nAfUXnhVu86NhLvxnRvTjCLVHSVVPOxB/BspQE\nwT+tLw0Mz5yTk2IB9U0cK9paOLznGTWWRZjxR224Nzd2ltgcKKw5mfBG8fpfEwOP\nKTuSxp/rpJcxnbGHk1Ji1i1tRHr4FhFOSMnZe8hkvivnPKHdohKGVxsnKyppH9bi\nW3BSBXeCs5S7kL+XY16oStfIodZzdrduIBzDAZ2vzlBqTxUsCzgKHjoAOGgBDxCn\nKSQRD8sXr0VKe3NfKYpcGsHMxoT61XEfBDjsYwIDAQABAoIBAQCSlnlkFd/Bfno8\nroyemh4qalPCuR1J81+680eS+kDQQLKRvIV/fUKNjWVS+3fknHtvZVQDMRxxFj2/\nchzWiAH50HGG6UkECoKjhhr9cKbBMj4vTj2ryKkPt4tmcejS4MhEGx/VcJW1D22W\niWaFOvTadaeYo9M0J+M0ihjjlI94yPUULgha1/u1zVdlVYXyCA5ppqAMmdPU21tq\nZDJE7AlgFUpEGGY8tgeLVXsAXTLcyjodpQXgb6NGQgPwrD/bLliIQ5qjTcyZ/MJX\nHJA1zJKPy/tQyhBG5JwbWZ6YqcN2kMkOHG3ztYChOhqPUm62dhblMCSTli6OmbyY\nYzd0ocPxAoIAgQDkatHo5MpEgfyCHsITkyBHa60hE81RDz1yC/psJCz+/lLD/VJg\nGrCKkydmgFIFMiIHfBstikIq2ttt8M0HGEXNkgbL/TVMHtkzPg9Hjro8PXF68+TT\nikI8fyXCLs8HIouszpZHats9JxzZwAde/qRFjMzorep9ggNlPSqs7sZohwKCAIEA\n9Hi4tW7oYU/B8d8h6AtkjILl2T2ybRquaju1Uf6tfM0llgDmrJI00bsbH4apxbEE\n/kGEL9PDkAbmp/HBtwIbKQxjG8uRlXL5LhwigrIv05h1YYxBbfVmmw4RFXrcYHGY\nHT9dcDcqzDhqALsYxuXKx3jqo8DCaw8fCqkZGKy7QEUCggCBAJIsmfCEmbyFwuYy\ncNi+CqYqDj1gwr/hFN1rNPMHo5P7hVPPRWwjKF9GFKzP6a1Ri91mWq4mEHoEXPBa\nbZrguar4jEj23ai9BRp52KVefWgXmgupEQMfM4wrgipmci6KuP/5pMpHY84avafL\n7+um4dFwbaFpyupOzYV4Q1sv4uD5AoIAgQCcQBhWJfeyUoaz75g9NiLix7reWVeT\n8iyty1G9gVgi3v9520OT4rKNpdfVE32o09ZMJ1W0N9XTVQXRK2xTaq4vUzJ5DmgT\nK/PlK6hG/lohFF1ZpoofHGyjB5+Vqfv2TEQb1WcEFM5uzlO5+dsBLNepHDhjxwy7\n3mNJrgBTS/s2PQKCAIBH1jQt20CVrPUSPBWUcBFAmSPzp7+qa329e531py2SLSYk\nZEY7sNkJGZVy6DwJVPbqf2HhE1PbmyCYE9TtoWKTGcQvMWuu3RsjV916I6ovC4Xz\nHEnobzcjE9jqcdjxIVdrO8cp2UCw3iJasAT3ynQpj8Arkcg9hnYMDfU9GGOuMQ==\n-----END RSA PRIVATE KEY-----\n", "user_id": "3a5c75f3aad546819b5555c5ab2ce5f1", "name": "tempest-TestGettingAddress-864352124", "fingerprint": "aa:26:7c:05:a2:d2:8c:7a:c1:40:af:83:75:38:9e:f6"}}
2015-12-21 15:56:33,785 21167 INFO     [tempest_lib.common.rest_client] Request (TestGettingAddress:setUp): 201 POST http://10.0.2.15:9696/v2.0/security-groups 0.350s
2015-12-21 15:56:33,786 21167 DEBUG    [tempest_lib.common.rest_client] Request - Headers: {'Content-Type': 'application/json', 'Accept': 'application/json', 'X-Auth-Token': '&lt;omitted&gt;'}
        Body: {"security_group": {"tenant_id": "eade4cb670524cd4b161053623639483", "description": "tempest-secgroup-smoke-737493376 description", "name": "tempest-secgroup-smoke-737493376"}}
    Response - Headers: {'status': '201', 'content-length': '886', 'connection': 'close', 'date': 'Mon, 21 Dec 2015 15:56:33 GMT', 'content-type': 'application/json; charset=UTF-8', 'x-openstack-request-id': 'req-7125d88b-0300-4dbc-912e-a00354a4d5e2'}
        Body: {"security_group": {"tenant_id": "eade4cb670524cd4b161053623639483", "description": "tempest-secgroup-smoke-737493376 description", "id": "d9e96dec-5273-4de3-8335-ac57afe2abac", "security_group_rules": [{"remote_group_id": null, "direction": "egress", "remote_ip_prefix": null, "protocol": null, "ethertype": "IPv4", "tenant_id": "eade4cb670524cd4b161053623639483", "port_range_max": null, "port_range_min": null, "id": "e3cd603e-54ef-4037-b030-75b804ad1f36", "security_group_id": "d9e96dec-5273-4de3-8335-ac57afe2abac"}, {"remote_group_id": null, "direction": "egress", "remote_ip_prefix": null, "protocol": null, "ethertype": "IPv6", "tenant_id": "eade4cb670524cd4b161053623639483", "port_range_max": null, "port_range_min": null, "id": "cdcef4c9-0a4d-4f60-8f89-71844c1cc396", "security_group_id": "d9e96dec-5273-4de3-8335-ac57afe2abac"}], "name": "tempest-secgroup-smoke-737493376"}}
2015-12-21 15:56:33,916 21167 INFO     [tempest_lib.common.rest_client] Request (TestGettingAddress:setUp): 201 POST http://10.0.2.15:9696/v2.0/security-group-rules 0.128s
2015-12-21 15:56:33,917 21167 DEBUG    [tempest_lib.common.rest_client] Request - Headers: {'Content-Type': 'application/json', 'Accept': 'application/json', 'X-Auth-Token': '&lt;omitted&gt;'}
        Body: {"security_group_rule": {"direction": "ingress", "protocol": "tcp", "tenant_id": "eade4cb670524cd4b161053623639483", "port_range_max": 22, "security_group_id": "d9e96dec-5273-4de3-8335-ac57afe2abac", "port_range_min": 22}}
    Response - Headers: {'status': '201', 'content-length': '340', 'connection': 'close', 'date': 'Mon, 21 Dec 2015 15:56:33 GMT', 'content-type': 'application/json; charset=UTF-8', 'x-openstack-request-id': 'req-6648a80e-686f-4e0a-84dd-b51e2cf073ad'}
        Body: {"security_group_rule": {"remote_group_id": null, "direction": "ingress", "remote_ip_prefix": null, "protocol": "tcp", "ethertype": "IPv4", "tenant_id": "eade4cb670524cd4b161053623639483", "port_range_max": 22, "port_range_min": 22, "id": "fb2a303c-2a5c-4b86-b156-dda8389196d3", "security_group_id": "d9e96dec-5273-4de3-8335-ac57afe2abac"}}
2015-12-21 15:56:34,037 21167 INFO     [tempest_lib.common.rest_client] Request (TestGettingAddress:setUp): 201 POST http://10.0.2.15:9696/v2.0/security-group-rules 0.119s
2015-12-21 15:56:34,037 21167 DEBUG    [tempest_lib.common.rest_client] Request - Headers: {'Content-Type': 'application/json', 'Accept': 'application/json', 'X-Auth-Token': '&lt;omitted&gt;'}
        Body: {"security_group_rule": {"direction": "egress", "protocol": "tcp", "tenant_id": "eade4cb670524cd4b161053623639483", "port_range_max": 22, "security_group_id": "d9e96dec-5273-4de3-8335-ac57afe2abac", "port_range_min": 22}}
    Response - Headers: {'status': '201', 'content-length': '339', 'connection': 'close', 'date': 'Mon, 21 Dec 2015 15:56:34 GMT', 'content-type': 'application/json; charset=UTF-8', 'x-openstack-request-id': 'req-38ed1a11-9206-4412-94ff-962b43413815'}
        Body: {"security_group_rule": {"remote_group_id": null, "direction": "egress", "remote_ip_prefix": null, "protocol": "tcp", "ethertype": "IPv4", "tenant_id": "eade4cb670524cd4b161053623639483", "port_range_max": 22, "port_range_min": 22, "id": "97df5abc-8b83-4127-894d-23bb1f862961", "security_group_id": "d9e96dec-5273-4de3-8335-ac57afe2abac"}}
2015-12-21 15:56:34,158 21167 INFO     [tempest_lib.common.rest_client] Request (TestGettingAddress:setUp): 201 POST http://10.0.2.15:9696/v2.0/security-group-rules 0.119s
2015-12-21 15:56:34,158 21167 DEBUG    [tempest_lib.common.rest_client] Request - Headers: {'Content-Type': 'application/json', 'Accept': 'application/json', 'X-Auth-Token': '&lt;omitted&gt;'}
        Body: {"security_group_rule": {"tenant_id": "eade4cb670524cd4b161053623639483", "direction": "ingress", "protocol": "icmp", "security_group_id": "d9e96dec-5273-4de3-8335-ac57afe2abac"}}
    Response - Headers: {'status': '201', 'content-length': '345', 'connection': 'close', 'date': 'Mon, 21 Dec 2015 15:56:34 GMT', 'content-type': 'application/json; charset=UTF-8', 'x-openstack-request-id': 'req-5c7d15b8-b8e4-459f-92e5-9436fdaee681'}
        Body: {"security_group_rule": {"remote_group_id": null, "direction": "ingress", "remote_ip_prefix": null, "protocol": "icmp", "ethertype": "IPv4", "tenant_id": "eade4cb670524cd4b161053623639483", "port_range_max": null, "port_range_min": null, "id": "dd5e7bbc-24f8-47f5-b23d-f97a6e521455", "security_group_id": "d9e96dec-5273-4de3-8335-ac57afe2abac"}}
2015-12-21 15:56:34,286 21167 INFO     [tempest_lib.common.rest_client] Request (TestGettingAddress:setUp): 201 POST http://10.0.2.15:9696/v2.0/security-group-rules 0.126s
2015-12-21 15:56:34,287 21167 DEBUG    [tempest_lib.common.rest_client] Request - Headers: {'Content-Type': 'application/json', 'Accept': 'application/json', 'X-Auth-Token': '&lt;omitted&gt;'}
        Body: {"security_group_rule": {"tenant_id": "eade4cb670524cd4b161053623639483", "direction": "egress", "protocol": "icmp", "security_group_id": "d9e96dec-5273-4de3-8335-ac57afe2abac"}}
    Response - Headers: {'status': '201', 'content-length': '344', 'connection': 'close', 'date': 'Mon, 21 Dec 2015 15:56:34 GMT', 'content-type': 'application/json; charset=UTF-8', 'x-openstack-request-id': 'req-4da36c65-2172-4af6-9774-429e3b67b721'}
        Body: {"security_group_rule": {"remote_group_id": null, "direction": "egress", "remote_ip_prefix": null, "protocol": "icmp", "ethertype": "IPv4", "tenant_id": "eade4cb670524cd4b161053623639483", "port_range_max": null, "port_range_min": null, "id": "d944dcaf-f4f7-4e13-b1dc-b064e8d22181", "security_group_id": "d9e96dec-5273-4de3-8335-ac57afe2abac"}}
2015-12-21 15:56:34,407 21167 INFO     [tempest_lib.common.rest_client] Request (TestGettingAddress:setUp): 201 POST http://10.0.2.15:9696/v2.0/security-group-rules 0.119s
2015-12-21 15:56:34,408 21167 DEBUG    [tempest_lib.common.rest_client] Request - Headers: {'Content-Type': 'application/json', 'Accept': 'application/json', 'X-Auth-Token': '&lt;omitted&gt;'}
        Body: {"security_group_rule": {"tenant_id": "eade4cb670524cd4b161053623639483", "direction": "ingress", "security_group_id": "d9e96dec-5273-4de3-8335-ac57afe2abac", "protocol": "icmp", "ethertype": "IPv6"}}
    Response - Headers: {'status': '201', 'content-length': '345', 'connection': 'close', 'date': 'Mon, 21 Dec 2015 15:56:34 GMT', 'content-type': 'application/json; charset=UTF-8', 'x-openstack-request-id': 'req-20eb6e52-8bb2-4e11-a09f-e23b915fe7f0'}
        Body: {"security_group_rule": {"remote_group_id": null, "direction": "ingress", "remote_ip_prefix": null, "protocol": "icmp", "ethertype": "IPv6", "tenant_id": "eade4cb670524cd4b161053623639483", "port_range_max": null, "port_range_min": null, "id": "6b17f0b1-33d9-455d-9394-f5b7fae8d84b", "security_group_id": "d9e96dec-5273-4de3-8335-ac57afe2abac"}}
2015-12-21 15:56:34,537 21167 INFO     [tempest_lib.common.rest_client] Request (TestGettingAddress:setUp): 201 POST http://10.0.2.15:9696/v2.0/security-group-rules 0.127s
2015-12-21 15:56:34,537 21167 DEBUG    [tempest_lib.common.rest_client] Request - Headers: {'Content-Type': 'application/json', 'Accept': 'application/json', 'X-Auth-Token': '&lt;omitted&gt;'}
        Body: {"security_group_rule": {"tenant_id": "eade4cb670524cd4b161053623639483", "direction": "egress", "security_group_id": "d9e96dec-5273-4de3-8335-ac57afe2abac", "protocol": "icmp", "ethertype": "IPv6"}}
    Response - Headers: {'status': '201', 'content-length': '344', 'connection': 'close', 'date': 'Mon, 21 Dec 2015 15:56:34 GMT', 'content-type': 'application/json; charset=UTF-8', 'x-openstack-request-id': 'req-48986bb6-45b7-445b-9dde-21295c799bcc'}
        Body: {"security_group_rule": {"remote_group_id": null, "direction": "egress", "remote_ip_prefix": null, "protocol": "icmp", "ethertype": "IPv6", "tenant_id": "eade4cb670524cd4b161053623639483", "port_range_max": null, "port_range_min": null, "id": "07a9e3c3-0c3a-4794-a17b-80ca6bd10ac0", "security_group_id": "d9e96dec-5273-4de3-8335-ac57afe2abac"}}
2015-12-21 15:56:34,722 21167 INFO     [tempest_lib.common.rest_client] Request (TestGettingAddress:test_dhcp6_stateless_from_os): 201 POST http://10.0.2.15:9696/v2.0/networks 0.183s
2015-12-21 15:56:34,723 21167 DEBUG    [tempest_lib.common.rest_client] Request - Headers: {'Content-Type': 'application/json', 'Accept': 'application/json', 'X-Auth-Token': '&lt;omitted&gt;'}
        Body: {"network": {"tenant_id": "eade4cb670524cd4b161053623639483", "name": "tempest-network-smoke--455100685"}}
    Response - Headers: {'status': '201', 'content-length': '328', 'connection': 'close', 'date': 'Mon, 21 Dec 2015 15:56:34 GMT', 'content-type': 'application/json; charset=UTF-8', 'x-openstack-request-id': 'req-c8adc063-57a5-4228-9054-e49cb1f5824c'}
        Body: {"network": {"status": "ACTIVE", "subnets": [], "availability_zone_hints": "[]", "name": "tempest-network-smoke--455100685", "admin_state_up": true, "tenant_id": "eade4cb670524cd4b161053623639483", "mtu": 0, "router:external": false, "shared": false, "port_security_enabled": true, "id": "e3fe8885-3903-4e1a-86d2-d3e5e73f2b63"}}
2015-12-21 15:56:34,923 21167 INFO     [tempest_lib.common.rest_client] Request (TestGettingAddress:test_dhcp6_stateless_from_os): 200 GET http://10.0.2.15:9696/v2.0/subnets?tenant_id=eade4cb670524cd4b161053623639483&amp;cidr=10.100.0.0%2F28 0.199s
2015-12-21 15:56:34,924 21167 DEBUG    [tempest_lib.common.rest_client] Request - Headers: {'Content-Type': 'application/json', 'Accept': 'application/json', 'X-Auth-Token': '&lt;omitted&gt;'}
        Body: None
    Response - Headers: {'status': '200', 'content-length': '15', 'content-location': 'http://10.0.2.15:9696/v2.0/subnets?tenant_id=eade4cb670524cd4b161053623639483&amp;cidr=10.100.0.0%2F28', 'connection': 'close', 'date': 'Mon, 21 Dec 2015 15:56:34 GMT', 'content-type': 'application/json; charset=UTF-8', 'x-openstack-request-id': 'req-be043ab6-650e-4fe3-95cf-f19ca28471a7'}
        Body: {"subnets": []}
2015-12-21 15:56:35,406 21167 INFO     [tempest_lib.common.rest_client] Request (TestGettingAddress:test_dhcp6_stateless_from_os): 201 POST http://10.0.2.15:9696/v2.0/subnets 0.480s
2015-12-21 15:56:35,407 21167 DEBUG    [tempest_lib.common.rest_client] Request - Headers: {'Content-Type': 'application/json', 'Accept': 'application/json', 'X-Auth-Token': '&lt;omitted&gt;'}
        Body: {"subnet": {"ip_version": 4, "tenant_id": "eade4cb670524cd4b161053623639483", "cidr": "10.100.0.0/28", "network_id": "e3fe8885-3903-4e1a-86d2-d3e5e73f2b63", "name": "tempest-sub4-40499278"}}
    Response - Headers: {'status': '201', 'content-length': '468', 'connection': 'close', 'date': 'Mon, 21 Dec 2015 15:56:35 GMT', 'content-type': 'application/json; charset=UTF-8', 'x-openstack-request-id': 'req-218aff57-5311-47e8-ba4b-22292306cb85'}
        Body: {"subnet": {"name": "tempest-sub4-40499278", "enable_dhcp": true, "network_id": "e3fe8885-3903-4e1a-86d2-d3e5e73f2b63", "tenant_id": "eade4cb670524cd4b161053623639483", "dns_nameservers": [], "gateway_ip": "10.100.0.1", "ipv6_ra_mode": null, "allocation_pools": [{"start": "10.100.0.2", "end": "10.100.0.14"}], "host_routes": [], "ip_version": 4, "ipv6_address_mode": null, "cidr": "10.100.0.0/28", "id": "abce5e37-f153-48ab-b820-a5037d5ae2c0", "subnetpool_id": null}}
2015-12-21 15:56:35,480 21167 INFO     [tempest_lib.common.rest_client] Request (TestGettingAddress:test_dhcp6_stateless_from_os): 201 POST http://10.0.2.15:9696/v2.0/routers 0.072s
2015-12-21 15:56:35,481 21167 DEBUG    [tempest_lib.common.rest_client] Request - Headers: {'Content-Type': 'application/json', 'Accept': 'application/json', 'X-Auth-Token': '&lt;omitted&gt;'}
        Body: {"router": {"tenant_id": "eade4cb670524cd4b161053623639483", "name": "tempest-router-smoke-366505355", "admin_state_up": true}}
    Response - Headers: {'status': '201', 'content-length': '295', 'connection': 'close', 'date': 'Mon, 21 Dec 2015 15:56:35 GMT', 'content-type': 'application/json; charset=UTF-8', 'x-openstack-request-id': 'req-3f132ad1-f15c-4199-9d06-381aef57a04a'}
        Body: {"router": {"status": "ACTIVE", "external_gateway_info": null, "availability_zone_hints": [], "availability_zones": [], "name": "tempest-router-smoke-366505355", "admin_state_up": true, "tenant_id": "eade4cb670524cd4b161053623639483", "routes": [], "id": "93892f35-0c3d-48bd-b3f9-a5afecbc7ed6"}}
2015-12-21 15:56:35,532 21167 INFO     [tempest_lib.common.rest_client] Request (TestGettingAddress:test_dhcp6_stateless_from_os): 200 GET http://10.0.2.15:9696/v2.0/routers/93892f35-0c3d-48bd-b3f9-a5afecbc7ed6 0.051s
2015-12-21 15:56:35,533 21167 DEBUG    [tempest_lib.common.rest_client] Request - Headers: {'Content-Type': 'application/json', 'Accept': 'application/json', 'X-Auth-Token': '&lt;omitted&gt;'}
        Body: None
    Response - Headers: {'status': '200', 'content-length': '295', 'content-location': 'http://10.0.2.15:9696/v2.0/routers/93892f35-0c3d-48bd-b3f9-a5afecbc7ed6', 'connection': 'close', 'date': 'Mon, 21 Dec 2015 15:56:35 GMT', 'content-type': 'application/json; charset=UTF-8', 'x-openstack-request-id': 'req-300848cf-a21a-4489-9944-eb3a5aced25d'}
        Body: {"router": {"status": "ACTIVE", "external_gateway_info": null, "availability_zone_hints": [], "availability_zones": [], "name": "tempest-router-smoke-366505355", "admin_state_up": true, "tenant_id": "eade4cb670524cd4b161053623639483", "routes": [], "id": "93892f35-0c3d-48bd-b3f9-a5afecbc7ed6"}}
2015-12-21 15:56:36,271 21167 INFO     [tempest_lib.common.rest_client] Request (TestGettingAddress:test_dhcp6_stateless_from_os): 200 PUT http://10.0.2.15:9696/v2.0/routers/93892f35-0c3d-48bd-b3f9-a5afecbc7ed6 0.737s
2015-12-21 15:56:36,271 21167 DEBUG    [tempest_lib.common.rest_client] Request - Headers: {'Content-Type': 'application/json', 'Accept': 'application/json', 'X-Auth-Token': '&lt;omitted&gt;'}
        Body: {"router": {"external_gateway_info": {"network_id": "b7686143-eae8-4af8-aa29-837096aaeb17"}, "name": "tempest-router-smoke-366505355", "admin_state_up": true}}
    Response - Headers: {'status': '200', 'content-length': '557', 'connection': 'close', 'date': 'Mon, 21 Dec 2015 15:56:36 GMT', 'content-type': 'application/json; charset=UTF-8', 'x-openstack-request-id': 'req-8a572bf9-0b65-4ba3-8367-5de86a1e833c'}
        Body: {"router": {"status": "ACTIVE", "external_gateway_info": {"network_id": "b7686143-eae8-4af8-aa29-837096aaeb17", "enable_snat": true, "external_fixed_ips": [{"subnet_id": "7299bac4-f59c-4535-b185-27c773f81449", "ip_address": "172.24.4.3"}, {"subnet_id": "056171b1-8c75-4240-a7ea-f030f252e271", "ip_address": "2001:db8::3"}]}, "availability_zone_hints": [], "availability_zones": [], "name": "tempest-router-smoke-366505355", "admin_state_up": true, "tenant_id": "eade4cb670524cd4b161053623639483", "routes": [], "id": "93892f35-0c3d-48bd-b3f9-a5afecbc7ed6"}}
2015-12-21 15:56:36,805 21167 INFO     [tempest_lib.common.rest_client] Request (TestGettingAddress:test_dhcp6_stateless_from_os): 200 PUT http://10.0.2.15:9696/v2.0/routers/93892f35-0c3d-48bd-b3f9-a5afecbc7ed6/add_router_interface 0.533s
2015-12-21 15:56:36,805 21167 DEBUG    [tempest_lib.common.rest_client] Request - Headers: {'Content-Type': 'application/json', 'Accept': 'application/json', 'X-Auth-Token': '&lt;omitted&gt;'}
        Body: {"subnet_id": "abce5e37-f153-48ab-b820-a5037d5ae2c0"}
    Response - Headers: {'status': '200', 'content-length': '255', 'connection': 'close', 'date': 'Mon, 21 Dec 2015 15:56:36 GMT', 'content-type': 'application/json; charset=UTF-8', 'x-openstack-request-id': 'req-f4b9a090-bd07-4320-9057-9d8392fe40b4'}
        Body: {"subnet_id": "abce5e37-f153-48ab-b820-a5037d5ae2c0", "tenant_id": "eade4cb670524cd4b161053623639483", "subnet_ids": ["abce5e37-f153-48ab-b820-a5037d5ae2c0"], "port_id": "b4b5f389-678d-4399-8104-1fff7edb01a9", "id": "93892f35-0c3d-48bd-b3f9-a5afecbc7ed6"}
2015-12-21 15:56:36,850 21167 INFO     [tempest_lib.common.rest_client] Request (TestGettingAddress:test_dhcp6_stateless_from_os): 200 GET http://10.0.2.15:9696/v2.0/subnets?tenant_id=eade4cb670524cd4b161053623639483&amp;cidr=2003%3A%3A%2F64 0.044s
2015-12-21 15:56:36,851 21167 DEBUG    [tempest_lib.common.rest_client] Request - Headers: {'Content-Type': 'application/json', 'Accept': 'application/json', 'X-Auth-Token': '&lt;omitted&gt;'}
        Body: None
    Response - Headers: {'status': '200', 'content-length': '15', 'content-location': 'http://10.0.2.15:9696/v2.0/subnets?tenant_id=eade4cb670524cd4b161053623639483&amp;cidr=2003%3A%3A%2F64', 'connection': 'close', 'date': 'Mon, 21 Dec 2015 15:56:36 GMT', 'content-type': 'application/json; charset=UTF-8', 'x-openstack-request-id': 'req-bcc55cfa-5ae6-4669-b1a9-664734ee6115'}
        Body: {"subnets": []}
2015-12-21 15:56:37,272 21167 INFO     [tempest_lib.common.rest_client] Request (TestGettingAddress:test_dhcp6_stateless_from_os): 201 POST http://10.0.2.15:9696/v2.0/subnets 0.420s
2015-12-21 15:56:37,272 21167 DEBUG    [tempest_lib.common.rest_client] Request - Headers: {'Content-Type': 'application/json', 'Accept': 'application/json', 'X-Auth-Token': '&lt;omitted&gt;'}
        Body: {"subnet": {"name": "tempest-sub6-1910416522", "network_id": "e3fe8885-3903-4e1a-86d2-d3e5e73f2b63", "tenant_id": "eade4cb670524cd4b161053623639483", "ipv6_ra_mode": "dhcpv6-stateless", "ip_version": 6, "ipv6_address_mode": "dhcpv6-stateless", "cidr": "2003::/64"}}
    Response - Headers: {'status': '201', 'content-length': '502', 'connection': 'close', 'date': 'Mon, 21 Dec 2015 15:56:37 GMT', 'content-type': 'application/json; charset=UTF-8', 'x-openstack-request-id': 'req-56317742-a766-45e8-9f7d-2babe3d85e65'}
        Body: {"subnet": {"name": "tempest-sub6-1910416522", "enable_dhcp": true, "network_id": "e3fe8885-3903-4e1a-86d2-d3e5e73f2b63", "tenant_id": "eade4cb670524cd4b161053623639483", "dns_nameservers": [], "gateway_ip": "2003::1", "ipv6_ra_mode": "dhcpv6-stateless", "allocation_pools": [{"start": "2003::2", "end": "2003::ffff:ffff:ffff:ffff"}], "host_routes": [], "ip_version": 6, "ipv6_address_mode": "dhcpv6-stateless", "cidr": "2003::/64", "id": "33e64bf4-a217-4744-96d0-a17cd0e85fb3", "subnetpool_id": null}}
2015-12-21 15:56:38,040 21167 INFO     [tempest_lib.common.rest_client] Request (TestGettingAddress:test_dhcp6_stateless_from_os): 200 PUT http://10.0.2.15:9696/v2.0/routers/93892f35-0c3d-48bd-b3f9-a5afecbc7ed6/add_router_interface 0.767s
2015-12-21 15:56:38,041 21167 DEBUG    [tempest_lib.common.rest_client] Request - Headers: {'Content-Type': 'application/json', 'Accept': 'application/json', 'X-Auth-Token': '&lt;omitted&gt;'}
        Body: {"subnet_id": "33e64bf4-a217-4744-96d0-a17cd0e85fb3"}
    Response - Headers: {'status': '200', 'content-length': '255', 'connection': 'close', 'date': 'Mon, 21 Dec 2015 15:56:38 GMT', 'content-type': 'application/json; charset=UTF-8', 'x-openstack-request-id': 'req-395119c3-52ac-4a97-b508-d7fde692de3a'}
        Body: {"subnet_id": "33e64bf4-a217-4744-96d0-a17cd0e85fb3", "tenant_id": "eade4cb670524cd4b161053623639483", "subnet_ids": ["33e64bf4-a217-4744-96d0-a17cd0e85fb3"], "port_id": "820372fa-d94f-4f93-91b8-efea6999fd27", "id": "93892f35-0c3d-48bd-b3f9-a5afecbc7ed6"}
2015-12-21 15:56:38,155 21167 INFO     [tempest_lib.common.rest_client] Request (TestGettingAddress:test_dhcp6_stateless_from_os): 200 POST http://10.0.2.15:5000/v2.0/tokens
2015-12-21 15:56:38,155 21167 DEBUG    [tempest_lib.common.rest_client] Request - Headers: {'Content-Type': 'application/json', 'Accept': 'application/json'}
        Body: &lt;omitted&gt;
    Response - Headers: {'status': '200', 'content-length': '2522', 'vary': 'X-Auth-Token', 'server': 'Apache/2.4.7 (Ubuntu)', 'connection': 'close', 'date': 'Mon, 21 Dec 2015 15:56:38 GMT', 'content-type': 'application/json', 'x-openstack-request-id': 'req-6ec2e9fc-7fcd-41ea-9631-60ae83ed28aa'}
        Body: {"access": {"token": {"issued_at": "2015-12-21T15:56:38.141612", "expires": "2015-12-21T16:56:38Z", "id": "038af2ef00b74c0f9188acdf341c6f65", "tenant": {"description": "tempest-TestGettingAddress-589259821-desc", "enabled": true, "id": "eade4cb670524cd4b161053623639483", "name": "tempest-TestGettingAddress-589259821"}, "audit_ids": ["XgMukj4hQkCeLfcPMmTlNg"]}, "serviceCatalog": [{"endpoints": [{"adminURL": "http://10.0.2.15:8774/v2.1/eade4cb670524cd4b161053623639483", "region": "RegionOne", "internalURL": "http://10.0.2.15:8774/v2.1/eade4cb670524cd4b161053623639483", "id": "5cf3df66b5c1485781ce00c17466f967", "publicURL": "http://10.0.2.15:8774/v2.1/eade4cb670524cd4b161053623639483"}], "endpoints_links": [], "type": "compute", "name": "nova"}, {"endpoints": [{"adminURL": "http://10.0.2.15:9696/", "region": "RegionOne", "internalURL": "http://10.0.2.15:9696/", "id": "690dd7d135f041fd92e1fb6238895cfd", "publicURL": "http://10.0.2.15:9696/"}], "endpoints_links": [], "type": "network", "name": "neutron"}, {"endpoints": [{"adminURL": "http://10.0.2.15:9292", "region": "RegionOne", "internalURL": "http://10.0.2.15:9292", "id": "6e5cb137760e4facad6d56e8af884c21", "publicURL": "http://10.0.2.15:9292"}], "endpoints_links": [], "type": "image", "name": "glance"}, {"endpoints": [{"adminURL": "http://10.0.2.15:8774/v2/eade4cb670524cd4b161053623639483", "region": "RegionOne", "internalURL": "http://10.0.2.15:8774/v2/eade4cb670524cd4b161053623639483", "id": "00f813f1d33f455387cda982ba5ef4f9", "publicURL": "http://10.0.2.15:8774/v2/eade4cb670524cd4b161053623639483"}], "endpoints_links": [], "type": "compute_legacy", "name": "nova_legacy"}, {"endpoints": [{"adminURL": "http://10.0.2.15:8773/", "region": "RegionOne", "internalURL": "http://10.0.2.15:8773/", "id": "0adbc6ca23534396868017a52a32cc05", "publicURL": "http://10.0.2.15:8773/"}], "endpoints_links": [], "type": "ec2", "name": "ec2"}, {"endpoints": [{"adminURL": "http://10.0.2.15:35357/v2.0", "region": "RegionOne", "internalURL": "http://10.0.2.15:5000/v2.0", "id": "392bd7df10a14aa5bd76bbb80922f1aa", "publicURL": "http://10.0.2.15:5000/v2.0"}], "endpoints_links": [], "type": "identity", "name": "keystone"}], "user": {"username": "tempest-TestGettingAddress-270097648", "roles_links": [], "id": "3a5c75f3aad546819b5555c5ab2ce5f1", "roles": [{"name": "_member_"}, {"name": "Member"}], "name": "tempest-TestGettingAddress-270097648"}, "metadata": {"is_admin": 0, "roles": ["9fe2ff9ee4384b1894a90878d3e92bab", "564d5ac255f34322922f8263633b461f"]}}}
2015-12-21 15:56:38,162 21167 DEBUG    [tempest.common.fixed_network] (TestGettingAddress:test_dhcp6_stateless_from_os) No valid network provided or created, defaulting to fixed_network_name
2015-12-21 15:56:38,474 21167 INFO     [tempest_lib.common.rest_client] Request (TestGettingAddress:test_dhcp6_stateless_from_os): 200 GET http://10.0.2.15:8774/v2.1/eade4cb670524cd4b161053623639483/os-networks 0.311s
2015-12-21 15:56:38,475 21167 DEBUG    [tempest_lib.common.rest_client] Request - Headers: {'Content-Type': 'application/json', 'Accept': 'application/json', 'X-Auth-Token': '&lt;omitted&gt;'}
        Body: None
    Response - Headers: {'status': '200', 'content-length': '478', 'content-location': 'http://10.0.2.15:8774/v2.1/eade4cb670524cd4b161053623639483/os-networks', 'x-compute-request-id': 'req-fcc4bd13-7254-4242-b04a-fa3ee680d6a4', 'vary': 'X-OpenStack-Nova-API-Version', 'connection': 'close', 'x-openstack-nova-api-version': '2.1', 'date': 'Mon, 21 Dec 2015 15:56:38 GMT', 'content-type': 'application/json'}
        Body: {"networks": [{"cidr_v6": null, "dns2": null, "dns1": null, "gateway": null, "broadcast": null, "netmask": null, "gateway_v6": null, "cidr": null, "label": "tempest-network-smoke--455100685", "id": "e3fe8885-3903-4e1a-86d2-d3e5e73f2b63", "netmask_v6": null}, {"cidr_v6": null, "dns2": null, "dns1": null, "gateway": null, "broadcast": null, "netmask": null, "gateway_v6": null, "cidr": null, "label": "public", "id": "b7686143-eae8-4af8-aa29-837096aaeb17", "netmask_v6": null}]}
2015-12-21 15:56:38,475 21167 WARNING  [tempest.common.fixed_network] (TestGettingAddress:test_dhcp6_stateless_from_os) Network with name: private not found
2015-12-21 15:56:38,476 21167 INFO     [tempest.common.fixed_network] (TestGettingAddress:test_dhcp6_stateless_from_os) Found network {} available for tenant
2015-12-21 15:56:40,160 21167 INFO     [tempest_lib.common.rest_client] Request (TestGettingAddress:test_dhcp6_stateless_from_os): 202 POST http://10.0.2.15:8774/v2.1/eade4cb670524cd4b161053623639483/servers 1.683s
2015-12-21 15:56:40,161 21167 DEBUG    [tempest_lib.common.rest_client] Request - Headers: {'Content-Type': 'application/json', 'Accept': 'application/json', 'X-Auth-Token': '&lt;omitted&gt;'}
        Body: {"server": {"name": "tempest.common.compute-instance-1890402845", "imageRef": "d415904f-3f67-420e-8cac-56aa6c4a6862", "key_name": "tempest-TestGettingAddress-864352124", "flavorRef": "42", "networks": [{"uuid": "e3fe8885-3903-4e1a-86d2-d3e5e73f2b63"}], "security_groups": [{"name": "tempest-secgroup-smoke-737493376"}]}}
    Response - Headers: {'status': '202', 'content-length': '461', 'x-compute-request-id': 'req-dbb5a9a0-7dba-43f1-a8e6-368ece1f933c', 'vary': 'X-OpenStack-Nova-API-Version', 'connection': 'close', 'location': 'http://10.0.2.15:8774/v2.1/eade4cb670524cd4b161053623639483/servers/937b468e-5411-4ec1-b823-b4098b835db2', 'x-openstack-nova-api-version': '2.1', 'date': 'Mon, 21 Dec 2015 15:56:40 GMT', 'content-type': 'application/json'}
        Body: {"server": {"security_groups": [{"name": "tempest-secgroup-smoke-737493376"}], "OS-DCF:diskConfig": "MANUAL", "id": "937b468e-5411-4ec1-b823-b4098b835db2", "links": [{"href": "http://10.0.2.15:8774/v2.1/eade4cb670524cd4b161053623639483/servers/937b468e-5411-4ec1-b823-b4098b835db2", "rel": "self"}, {"href": "http://10.0.2.15:8774/eade4cb670524cd4b161053623639483/servers/937b468e-5411-4ec1-b823-b4098b835db2", "rel": "bookmark"}], "adminPass": "27Qq3b3buvJ7"}}
2015-12-21 15:56:40,297 21167 INFO     [tempest_lib.common.rest_client] Request (TestGettingAddress:test_dhcp6_stateless_from_os): 200 GET http://10.0.2.15:8774/v2.1/eade4cb670524cd4b161053623639483/servers/937b468e-5411-4ec1-b823-b4098b835db2 0.131s
2015-12-21 15:56:40,297 21167 DEBUG    [tempest_lib.common.rest_client] Request - Headers: {'Content-Type': 'application/json', 'Accept': 'application/json', 'X-Auth-Token': '&lt;omitted&gt;'}
        Body: None
    Response - Headers: {'status': '200', 'content-length': '1354', 'content-location': 'http://10.0.2.15:8774/v2.1/eade4cb670524cd4b161053623639483/servers/937b468e-5411-4ec1-b823-b4098b835db2', 'x-compute-request-id': 'req-706aedf8-c450-4606-9efc-c9ce30db0a1f', 'vary': 'X-OpenStack-Nova-API-Version', 'connection': 'close', 'x-openstack-nova-api-version': '2.1', 'date': 'Mon, 21 Dec 2015 15:56:40 GMT', 'content-type': 'application/json'}
        Body: {"server": {"status": "BUILD", "updated": "2015-12-21T15:56:40Z", "hostId": "", "addresses": {}, "links": [{"href": "http://10.0.2.15:8774/v2.1/eade4cb670524cd4b161053623639483/servers/937b468e-5411-4ec1-b823-b4098b835db2", "rel": "self"}, {"href": "http://10.0.2.15:8774/eade4cb670524cd4b161053623639483/servers/937b468e-5411-4ec1-b823-b4098b835db2", "rel": "bookmark"}], "key_name": "tempest-TestGettingAddress-864352124", "image": {"id": "d415904f-3f67-420e-8cac-56aa6c4a6862", "links": [{"href": "http://10.0.2.15:8774/eade4cb670524cd4b161053623639483/images/d415904f-3f67-420e-8cac-56aa6c4a6862", "rel": "bookmark"}]}, "OS-EXT-STS:task_state": "scheduling", "OS-EXT-STS:vm_state": "building", "OS-SRV-USG:launched_at": null, "flavor": {"id": "42", "links": [{"href": "http://10.0.2.15:8774/eade4cb670524cd4b161053623639483/flavors/42", "rel": "bookmark"}]}, "id": "937b468e-5411-4ec1-b823-b4098b835db2", "OS-SRV-USG:terminated_at": null, "OS-EXT-AZ:availability_zone": "", "user_id": "3a5c75f3aad546819b5555c5ab2ce5f1", "name": "tempest.common.compute-instance-1890402845", "created": "2015-12-21T15:56:40Z", "tenant_id": "eade4cb670524cd4b161053623639483", "OS-DCF:diskConfig": "MANUAL", "os-extended-volumes:volumes_attached": [], "accessIPv4": "", "accessIPv6": "", "progress": 0, "OS-EXT-STS:power_state": 0, "config_drive": "", "metadata": {}}}
2015-12-21 15:56:41,464 21167 INFO     [tempest_lib.common.rest_client] Request (TestGettingAddress:test_dhcp6_stateless_from_os): 200 GET http://10.0.2.15:8774/v2.1/eade4cb670524cd4b161053623639483/servers/937b468e-5411-4ec1-b823-b4098b835db2 0.157s
2015-12-21 15:56:41,464 21167 DEBUG    [tempest_lib.common.rest_client] Request - Headers: {'Content-Type': 'application/json', 'Accept': 'application/json', 'X-Auth-Token': '&lt;omitted&gt;'}
        Body: None
    Response - Headers: {'status': '200', 'content-length': '1412', 'content-location': 'http://10.0.2.15:8774/v2.1/eade4cb670524cd4b161053623639483/servers/937b468e-5411-4ec1-b823-b4098b835db2', 'x-compute-request-id': 'req-bbd8f26b-ecbc-46a2-8309-5f2d7fca6c4b', 'vary': 'X-OpenStack-Nova-API-Version', 'connection': 'close', 'x-openstack-nova-api-version': '2.1', 'date': 'Mon, 21 Dec 2015 15:56:41 GMT', 'content-type': 'application/json'}
        Body: {"server": {"status": "BUILD", "updated": "2015-12-21T15:56:41Z", "hostId": "8ba05fe8d2a0085458069d5e2a4613c0aedd8dbe444468a617184f42", "addresses": {}, "links": [{"href": "http://10.0.2.15:8774/v2.1/eade4cb670524cd4b161053623639483/servers/937b468e-5411-4ec1-b823-b4098b835db2", "rel": "self"}, {"href": "http://10.0.2.15:8774/eade4cb670524cd4b161053623639483/servers/937b468e-5411-4ec1-b823-b4098b835db2", "rel": "bookmark"}], "key_name": "tempest-TestGettingAddress-864352124", "image": {"id": "d415904f-3f67-420e-8cac-56aa6c4a6862", "links": [{"href": "http://10.0.2.15:8774/eade4cb670524cd4b161053623639483/images/d415904f-3f67-420e-8cac-56aa6c4a6862", "rel": "bookmark"}]}, "OS-EXT-STS:task_state": "spawning", "OS-EXT-STS:vm_state": "building", "OS-SRV-USG:launched_at": null, "flavor": {"id": "42", "links": [{"href": "http://10.0.2.15:8774/eade4cb670524cd4b161053623639483/flavors/42", "rel": "bookmark"}]}, "id": "937b468e-5411-4ec1-b823-b4098b835db2", "OS-SRV-USG:terminated_at": null, "OS-EXT-AZ:availability_zone": "nova", "user_id": "3a5c75f3aad546819b5555c5ab2ce5f1", "name": "tempest.common.compute-instance-1890402845", "created": "2015-12-21T15:56:40Z", "tenant_id": "eade4cb670524cd4b161053623639483", "OS-DCF:diskConfig": "MANUAL", "os-extended-volumes:volumes_attached": [], "accessIPv4": "", "accessIPv6": "", "progress": 0, "OS-EXT-STS:power_state": 0, "config_drive": "", "metadata": {}}}
2015-12-21 15:56:41,474 21167 INFO     [tempest.common.waiters] State transition "BUILD/scheduling" ==&gt; "BUILD/spawning" after 1 second wait
2015-12-21 15:56:42,728 21167 INFO     [tempest_lib.common.rest_client] Request (TestGettingAddress:test_dhcp6_stateless_from_os): 200 GET http://10.0.2.15:8774/v2.1/eade4cb670524cd4b161053623639483/servers/937b468e-5411-4ec1-b823-b4098b835db2 0.251s
2015-12-21 15:56:42,728 21167 DEBUG    [tempest_lib.common.rest_client] Request - Headers: {'Content-Type': 'application/json', 'Accept': 'application/json', 'X-Auth-Token': '&lt;omitted&gt;'}
        Body: None
    Response - Headers: {'status': '200', 'content-length': '1479', 'content-location': 'http://10.0.2.15:8774/v2.1/eade4cb670524cd4b161053623639483/servers/937b468e-5411-4ec1-b823-b4098b835db2', 'x-compute-request-id': 'req-654f0632-476f-4154-924b-bba9714a4b73', 'vary': 'X-OpenStack-Nova-API-Version', 'connection': 'close', 'x-openstack-nova-api-version': '2.1', 'date': 'Mon, 21 Dec 2015 15:56:42 GMT', 'content-type': 'application/json'}
        Body: {"server": {"status": "BUILD", "updated": "2015-12-21T15:56:41Z", "hostId": "8ba05fe8d2a0085458069d5e2a4613c0aedd8dbe444468a617184f42", "addresses": {}, "links": [{"href": "http://10.0.2.15:8774/v2.1/eade4cb670524cd4b161053623639483/servers/937b468e-5411-4ec1-b823-b4098b835db2", "rel": "self"}, {"href": "http://10.0.2.15:8774/eade4cb670524cd4b161053623639483/servers/937b468e-5411-4ec1-b823-b4098b835db2", "rel": "bookmark"}], "key_name": "tempest-TestGettingAddress-864352124", "image": {"id": "d415904f-3f67-420e-8cac-56aa6c4a6862", "links": [{"href": "http://10.0.2.15:8774/eade4cb670524cd4b161053623639483/images/d415904f-3f67-420e-8cac-56aa6c4a6862", "rel": "bookmark"}]}, "OS-EXT-STS:task_state": "spawning", "OS-EXT-STS:vm_state": "building", "OS-SRV-USG:launched_at": null, "flavor": {"id": "42", "links": [{"href": "http://10.0.2.15:8774/eade4cb670524cd4b161053623639483/flavors/42", "rel": "bookmark"}]}, "id": "937b468e-5411-4ec1-b823-b4098b835db2", "security_groups": [{"name": "tempest-secgroup-smoke-737493376"}], "OS-SRV-USG:terminated_at": null, "OS-EXT-AZ:availability_zone": "nova", "user_id": "3a5c75f3aad546819b5555c5ab2ce5f1", "name": "tempest.common.compute-instance-1890402845", "created": "2015-12-21T15:56:40Z", "tenant_id": "eade4cb670524cd4b161053623639483", "OS-DCF:diskConfig": "MANUAL", "os-extended-volumes:volumes_attached": [], "accessIPv4": "", "accessIPv6": "", "progress": 0, "OS-EXT-STS:power_state": 0, "config_drive": "", "metadata": {}}}
2015-12-21 15:56:44,082 21167 INFO     [tempest_lib.common.rest_client] Request (TestGettingAddress:test_dhcp6_stateless_from_os): 200 GET http://10.0.2.15:8774/v2.1/eade4cb670524cd4b161053623639483/servers/937b468e-5411-4ec1-b823-b4098b835db2 0.336s
2015-12-21 15:56:44,082 21167 DEBUG    [tempest_lib.common.rest_client] Request - Headers: {'Content-Type': 'application/json', 'Accept': 'application/json', 'X-Auth-Token': '&lt;omitted&gt;'}
        Body: None
    Response - Headers: {'status': '200', 'content-length': '1779', 'content-location': 'http://10.0.2.15:8774/v2.1/eade4cb670524cd4b161053623639483/servers/937b468e-5411-4ec1-b823-b4098b835db2', 'x-compute-request-id': 'req-5f062698-0820-40b6-8cbf-bb045592e1d9', 'vary': 'X-OpenStack-Nova-API-Version', 'connection': 'close', 'x-openstack-nova-api-version': '2.1', 'date': 'Mon, 21 Dec 2015 15:56:44 GMT', 'content-type': 'application/json'}
        Body: {"server": {"status": "ACTIVE", "updated": "2015-12-21T15:56:43Z", "hostId": "8ba05fe8d2a0085458069d5e2a4613c0aedd8dbe444468a617184f42", "addresses": {"tempest-network-smoke--455100685": [{"OS-EXT-IPS-MAC:mac_addr": "fa:16:3e:5c:65:f4", "version": 4, "addr": "10.100.0.3", "OS-EXT-IPS:type": "fixed"}, {"OS-EXT-IPS-MAC:mac_addr": "fa:16:3e:5c:65:f4", "version": 6, "addr": "2003::f816:3eff:fe5c:65f4", "OS-EXT-IPS:type": "fixed"}]}, "links": [{"href": "http://10.0.2.15:8774/v2.1/eade4cb670524cd4b161053623639483/servers/937b468e-5411-4ec1-b823-b4098b835db2", "rel": "self"}, {"href": "http://10.0.2.15:8774/eade4cb670524cd4b161053623639483/servers/937b468e-5411-4ec1-b823-b4098b835db2", "rel": "bookmark"}], "key_name": "tempest-TestGettingAddress-864352124", "image": {"id": "d415904f-3f67-420e-8cac-56aa6c4a6862", "links": [{"href": "http://10.0.2.15:8774/eade4cb670524cd4b161053623639483/images/d415904f-3f67-420e-8cac-56aa6c4a6862", "rel": "bookmark"}]}, "OS-EXT-STS:task_state": null, "OS-EXT-STS:vm_state": "active", "OS-SRV-USG:launched_at": "2015-12-21T15:56:43.000000", "flavor": {"id": "42", "links": [{"href": "http://10.0.2.15:8774/eade4cb670524cd4b161053623639483/flavors/42", "rel": "bookmark"}]}, "id": "937b468e-5411-4ec1-b823-b4098b835db2", "security_groups": [{"name": "tempest-secgroup-smoke-737493376"}], "OS-SRV-USG:terminated_at": null, "OS-EXT-AZ:availability_zone": "nova", "user_id": "3a5c75f3aad546819b5555c5ab2ce5f1", "name": "tempest.common.compute-instance-1890402845", "created": "2015-12-21T15:56:40Z", "tenant_id": "eade4cb670524cd4b161053623639483", "OS-DCF:diskConfig": "MANUAL", "os-extended-volumes:volumes_attached": [], "accessIPv4": "", "accessIPv6": "", "progress": 0, "OS-EXT-STS:power_state": 1, "config_drive": "True", "metadata": {}}}
2015-12-21 15:56:44,091 21167 INFO     [tempest.common.waiters] State transition "BUILD/spawning" ==&gt; "ACTIVE/None" after 4 second wait
2015-12-21 15:56:44,457 21167 INFO     [tempest_lib.common.rest_client] Request (TestGettingAddress:test_dhcp6_stateless_from_os): 200 GET http://10.0.2.15:8774/v2.1/eade4cb670524cd4b161053623639483/servers/937b468e-5411-4ec1-b823-b4098b835db2 0.365s
2015-12-21 15:56:44,457 21167 DEBUG    [tempest_lib.common.rest_client] Request - Headers: {'Content-Type': 'application/json', 'Accept': 'application/json', 'X-Auth-Token': '&lt;omitted&gt;'}
        Body: None
    Response - Headers: {'status': '200', 'content-length': '1779', 'content-location': 'http://10.0.2.15:8774/v2.1/eade4cb670524cd4b161053623639483/servers/937b468e-5411-4ec1-b823-b4098b835db2', 'x-compute-request-id': 'req-dab9768a-1fce-4223-9d4e-cc21476383c2', 'vary': 'X-OpenStack-Nova-API-Version', 'connection': 'close', 'x-openstack-nova-api-version': '2.1', 'date': 'Mon, 21 Dec 2015 15:56:44 GMT', 'content-type': 'application/json'}
        Body: {"server": {"status": "ACTIVE", "updated": "2015-12-21T15:56:43Z", "hostId": "8ba05fe8d2a0085458069d5e2a4613c0aedd8dbe444468a617184f42", "addresses": {"tempest-network-smoke--455100685": [{"OS-EXT-IPS-MAC:mac_addr": "fa:16:3e:5c:65:f4", "version": 4, "addr": "10.100.0.3", "OS-EXT-IPS:type": "fixed"}, {"OS-EXT-IPS-MAC:mac_addr": "fa:16:3e:5c:65:f4", "version": 6, "addr": "2003::f816:3eff:fe5c:65f4", "OS-EXT-IPS:type": "fixed"}]}, "links": [{"href": "http://10.0.2.15:8774/v2.1/eade4cb670524cd4b161053623639483/servers/937b468e-5411-4ec1-b823-b4098b835db2", "rel": "self"}, {"href": "http://10.0.2.15:8774/eade4cb670524cd4b161053623639483/servers/937b468e-5411-4ec1-b823-b4098b835db2", "rel": "bookmark"}], "key_name": "tempest-TestGettingAddress-864352124", "image": {"id": "d415904f-3f67-420e-8cac-56aa6c4a6862", "links": [{"href": "http://10.0.2.15:8774/eade4cb670524cd4b161053623639483/images/d415904f-3f67-420e-8cac-56aa6c4a6862", "rel": "bookmark"}]}, "OS-EXT-STS:task_state": null, "OS-EXT-STS:vm_state": "active", "OS-SRV-USG:launched_at": "2015-12-21T15:56:43.000000", "flavor": {"id": "42", "links": [{"href": "http://10.0.2.15:8774/eade4cb670524cd4b161053623639483/flavors/42", "rel": "bookmark"}]}, "id": "937b468e-5411-4ec1-b823-b4098b835db2", "security_groups": [{"name": "tempest-secgroup-smoke-737493376"}], "OS-SRV-USG:terminated_at": null, "OS-EXT-AZ:availability_zone": "nova", "user_id": "3a5c75f3aad546819b5555c5ab2ce5f1", "name": "tempest.common.compute-instance-1890402845", "created": "2015-12-21T15:56:40Z", "tenant_id": "eade4cb670524cd4b161053623639483", "OS-DCF:diskConfig": "MANUAL", "os-extended-volumes:volumes_attached": [], "accessIPv4": "", "accessIPv6": "", "progress": 0, "OS-EXT-STS:power_state": 1, "config_drive": "True", "metadata": {}}}
2015-12-21 15:56:44,502 21167 INFO     [tempest_lib.common.rest_client] Request (TestGettingAddress:test_dhcp6_stateless_from_os): 200 GET http://10.0.2.15:9696/v2.0/ports?status=ACTIVE&amp;fixed_ip=None&amp;device_id=937b468e-5411-4ec1-b823-b4098b835db2 0.035s
2015-12-21 15:56:44,502 21167 DEBUG    [tempest_lib.common.rest_client] Request - Headers: {'Content-Type': 'application/json', 'Accept': 'application/json', 'X-Auth-Token': '&lt;omitted&gt;'}
        Body: None
    Response - Headers: {'status': '200', 'content-length': '1142', 'content-location': 'http://10.0.2.15:9696/v2.0/ports?status=ACTIVE&amp;fixed_ip=None&amp;device_id=937b468e-5411-4ec1-b823-b4098b835db2', 'connection': 'close', 'date': 'Mon, 21 Dec 2015 15:56:44 GMT', 'content-type': 'application/json; charset=UTF-8', 'x-openstack-request-id': 'req-76cf5bd0-451a-4093-af1a-0f6ae54993c2'}
        Body: {"ports": [{"status": "ACTIVE", "binding:host_id": "vagrant-ubuntu-trusty-64", "allowed_address_pairs": [], "extra_dhcp_opts": [], "dns_assignment": [{"hostname": "host-10-100-0-3", "ip_address": "10.100.0.3", "fqdn": "host-10-100-0-3.openstacklocal."}, {"hostname": "host-2003--f816-3eff-fe5c-65f4", "ip_address": "2003::f816:3eff:fe5c:65f4", "fqdn": "host-2003--f816-3eff-fe5c-65f4.openstacklocal."}], "device_owner": "compute:None", "port_security_enabled": true, "binding:profile": {}, "fixed_ips": [{"subnet_id": "abce5e37-f153-48ab-b820-a5037d5ae2c0", "ip_address": "10.100.0.3"}, {"subnet_id": "33e64bf4-a217-4744-96d0-a17cd0e85fb3", "ip_address": "2003::f816:3eff:fe5c:65f4"}], "id": "4ff12722-6a73-4142-91d5-0b1e9b8cdc74", "security_groups": ["d9e96dec-5273-4de3-8335-ac57afe2abac"], "device_id": "937b468e-5411-4ec1-b823-b4098b835db2", "name": "", "admin_state_up": true, "network_id": "e3fe8885-3903-4e1a-86d2-d3e5e73f2b63", "dns_name": "", "binding:vif_details": {"port_filter": true}, "binding:vnic_type": "normal", "binding:vif_type": "ovs", "tenant_id": "eade4cb670524cd4b161053623639483", "mac_address": "fa:16:3e:5c:65:f4"}]}
2015-12-21 15:56:45,114 21167 INFO     [tempest_lib.common.rest_client] Request (TestGettingAddress:test_dhcp6_stateless_from_os): 201 POST http://10.0.2.15:9696/v2.0/floatingips 0.610s
2015-12-21 15:56:45,114 21167 DEBUG    [tempest_lib.common.rest_client] Request - Headers: {'Content-Type': 'application/json', 'Accept': 'application/json', 'X-Auth-Token': '&lt;omitted&gt;'}
        Body: {"floatingip": {"floating_network_id": "b7686143-eae8-4af8-aa29-837096aaeb17", "tenant_id": "eade4cb670524cd4b161053623639483", "fixed_ip_address": "10.100.0.3", "port_id": "4ff12722-6a73-4142-91d5-0b1e9b8cdc74"}}
    Response - Headers: {'status': '201', 'content-length': '367', 'connection': 'close', 'date': 'Mon, 21 Dec 2015 15:56:45 GMT', 'content-type': 'application/json; charset=UTF-8', 'x-openstack-request-id': 'req-6c1aaced-2e90-4253-a744-9a29cd6aec77'}
        Body: {"floatingip": {"floating_network_id": "b7686143-eae8-4af8-aa29-837096aaeb17", "router_id": "93892f35-0c3d-48bd-b3f9-a5afecbc7ed6", "fixed_ip_address": "10.100.0.3", "floating_ip_address": "172.24.4.4", "tenant_id": "eade4cb670524cd4b161053623639483", "status": "DOWN", "port_id": "4ff12722-6a73-4142-91d5-0b1e9b8cdc74", "id": "d5ea1dc7-746e-4a65-88c5-3416a9ae3f1f"}}
2015-12-21 15:56:45,116 21167 INFO     [tempest_lib.common.ssh] Creating ssh connection to '172.24.4.4' as 'cirros' with public key authentication
2015-12-21 15:56:48,783 21167 WARNING  [tempest_lib.common.ssh] Failed to establish authenticated ssh connection to cirros@172.24.4.4 ([Errno None] Unable to connect to port 22 on  or 172.24.4.4). Number attempts: 1. Retry after 2 seconds.
2015-12-21 15:56:54,287 21167 WARNING  [tempest_lib.common.ssh] Failed to establish authenticated ssh connection to cirros@172.24.4.4 ([Errno None] Unable to connect to port 22 on  or 172.24.4.4). Number attempts: 2. Retry after 3 seconds.
2015-12-21 15:57:00,791 21167 WARNING  [tempest_lib.common.ssh] Failed to establish authenticated ssh connection to cirros@172.24.4.4 ([Errno None] Unable to connect to port 22 on  or 172.24.4.4). Number attempts: 3. Retry after 4 seconds.
2015-12-21 15:57:08,296 21167 WARNING  [tempest_lib.common.ssh] Failed to establish authenticated ssh connection to cirros@172.24.4.4 ([Errno None] Unable to connect to port 22 on  or 172.24.4.4). Number attempts: 4. Retry after 5 seconds.
2015-12-21 15:57:16,799 21167 WARNING  [tempest_lib.common.ssh] Failed to establish authenticated ssh connection to cirros@172.24.4.4 ([Errno None] Unable to connect to port 22 on  or 172.24.4.4). Number attempts: 5. Retry after 6 seconds.
2015-12-21 15:57:26,308 21167 WARNING  [tempest_lib.common.ssh] Failed to establish authenticated ssh connection to cirros@172.24.4.4 ([Errno None] Unable to connect to port 22 on  or 172.24.4.4). Number attempts: 6. Retry after 7 seconds.
2015-12-21 15:57:36,815 21167 WARNING  [tempest_lib.common.ssh] Failed to establish authenticated ssh connection to cirros@172.24.4.4 ([Errno None] Unable to connect to port 22 on  or 172.24.4.4). Number attempts: 7. Retry after 8 seconds.
2015-12-21 15:57:48,319 21167 WARNING  [tempest_lib.common.ssh] Failed to establish authenticated ssh connection to cirros@172.24.4.4 ([Errno None] Unable to connect to port 22 on  or 172.24.4.4). Number attempts: 8. Retry after 9 seconds.
2015-12-21 15:58:00,828 21167 WARNING  [tempest_lib.common.ssh] Failed to establish authenticated ssh connection to cirros@172.24.4.4 ([Errno None] Unable to connect to port 22 on  or 172.24.4.4). Number attempts: 9. Retry after 10 seconds.
2015-12-21 15:58:14,339 21167 WARNING  [tempest_lib.common.ssh] Failed to establish authenticated ssh connection to cirros@172.24.4.4 ([Errno None] Unable to connect to port 22 on  or 172.24.4.4). Number attempts: 10. Retry after 11 seconds.
2015-12-21 15:58:28,844 21167 WARNING  [tempest_lib.common.ssh] Failed to establish authenticated ssh connection to cirros@172.24.4.4 ([Errno None] Unable to connect to port 22 on  or 172.24.4.4). Number attempts: 11. Retry after 12 seconds.
2015-12-21 15:58:44,359 21167 WARNING  [tempest_lib.common.ssh] Failed to establish authenticated ssh connection to cirros@172.24.4.4 ([Errno None] Unable to connect to port 22 on  or 172.24.4.4). Number attempts: 12. Retry after 13 seconds.
2015-12-21 15:59:00,868 21167 WARNING  [tempest_lib.common.ssh] Failed to establish authenticated ssh connection to cirros@172.24.4.4 ([Errno None] Unable to connect to port 22 on  or 172.24.4.4). Number attempts: 13. Retry after 14 seconds.
2015-12-21 15:59:18,375 21167 WARNING  [tempest_lib.common.ssh] Failed to establish authenticated ssh connection to cirros@172.24.4.4 ([Errno None] Unable to connect to port 22 on  or 172.24.4.4). Number attempts: 14. Retry after 15 seconds.
2015-12-21 15:59:36,884 21167 WARNING  [tempest_lib.common.ssh] Failed to establish authenticated ssh connection to cirros@172.24.4.4 ([Errno None] Unable to connect to port 22 on  or 172.24.4.4). Number attempts: 15. Retry after 16 seconds.
2015-12-21 15:59:56,397 21167 WARNING  [tempest_lib.common.ssh] Failed to establish authenticated ssh connection to cirros@172.24.4.4 ([Errno None] Unable to connect to port 22 on  or 172.24.4.4). Number attempts: 16. Retry after 17 seconds.
2015-12-21 16:00:16,908 21167 WARNING  [tempest_lib.common.ssh] Failed to establish authenticated ssh connection to cirros@172.24.4.4 ([Errno None] Unable to connect to port 22 on  or 172.24.4.4). Number attempts: 17. Retry after 18 seconds.
2015-12-21 16:00:38,427 21167 WARNING  [tempest_lib.common.ssh] Failed to establish authenticated ssh connection to cirros@172.24.4.4 ([Errno None] Unable to connect to port 22 on  or 172.24.4.4). Number attempts: 18. Retry after 19 seconds.
2015-12-21 16:01:00,947 21167 WARNING  [tempest_lib.common.ssh] Failed to establish authenticated ssh connection to cirros@172.24.4.4 ([Errno None] Unable to connect to port 22 on  or 172.24.4.4). Number attempts: 19. Retry after 20 seconds.
2015-12-21 16:01:24,467 21167 WARNING  [tempest_lib.common.ssh] Failed to establish authenticated ssh connection to cirros@172.24.4.4 ([Errno None] Unable to connect to port 22 on  or 172.24.4.4). Number attempts: 20. Retry after 21 seconds.
2015-12-21 16:01:48,987 21167 ERROR    [tempest_lib.common.ssh] Failed to establish authenticated ssh connection to cirros@172.24.4.4 after 20 attempts
2015-12-21 16:01:48.987 21167 ERROR tempest_lib.common.ssh Traceback (most recent call last):
2015-12-21 16:01:48.987 21167 ERROR tempest_lib.common.ssh   File "/usr/local/lib/python2.7/dist-packages/tempest_lib/common/ssh.py", line 75, in _get_ssh_connection
2015-12-21 16:01:48.987 21167 ERROR tempest_lib.common.ssh     timeout=self.channel_timeout, pkey=self.pkey)
2015-12-21 16:01:48.987 21167 ERROR tempest_lib.common.ssh   File "/usr/local/lib/python2.7/dist-packages/paramiko/client.py", line 311, in connect
2015-12-21 16:01:48.987 21167 ERROR tempest_lib.common.ssh     raise NoValidConnectionsError(errors)
2015-12-21 16:01:48.987 21167 ERROR tempest_lib.common.ssh NoValidConnectionsError: [Errno None] Unable to connect to port 22 on  or 172.24.4.4
2015-12-21 16:01:48.987 21167 ERROR tempest_lib.common.ssh 
2015-12-21 16:01:48,989 21167 ERROR    [tempest.scenario.manager] (TestGettingAddress:test_dhcp6_stateless_from_os) Initializing SSH connection to 172.24.4.4 failed. Error: Connection to the 172.24.4.4 via SSH timed out.
User: cirros, Password: None
2015-12-21 16:01:48.989 21167 ERROR tempest.scenario.manager Traceback (most recent call last):
2015-12-21 16:01:48.989 21167 ERROR tempest.scenario.manager   File "tempest/scenario/manager.py", line 385, in get_remote_client
2015-12-21 16:01:48.989 21167 ERROR tempest.scenario.manager     linux_client.validate_authentication()
2015-12-21 16:01:48.989 21167 ERROR tempest.scenario.manager   File "tempest/common/utils/linux/remote_client.py", line 63, in validate_authentication
2015-12-21 16:01:48.989 21167 ERROR tempest.scenario.manager     self.ssh_client.test_connection_auth()
2015-12-21 16:01:48.989 21167 ERROR tempest.scenario.manager   File "/usr/local/lib/python2.7/dist-packages/tempest_lib/common/ssh.py", line 172, in test_connection_auth
2015-12-21 16:01:48.989 21167 ERROR tempest.scenario.manager     connection = self._get_ssh_connection()
2015-12-21 16:01:48.989 21167 ERROR tempest.scenario.manager   File "/usr/local/lib/python2.7/dist-packages/tempest_lib/common/ssh.py", line 87, in _get_ssh_connection
2015-12-21 16:01:48.989 21167 ERROR tempest.scenario.manager     password=self.password)
2015-12-21 16:01:48.989 21167 ERROR tempest.scenario.manager SSHTimeout: Connection to the 172.24.4.4 via SSH timed out.
2015-12-21 16:01:48.989 21167 ERROR tempest.scenario.manager User: cirros, Password: None
2015-12-21 16:01:48.989 21167 ERROR tempest.scenario.manager 
2015-12-21 16:01:49,313 21167 INFO     [tempest_lib.common.rest_client] Request (TestGettingAddress:test_dhcp6_stateless_from_os): 200 GET http://10.0.2.15:8774/v2.1/eade4cb670524cd4b161053623639483/servers 0.321s
2015-12-21 16:01:49,315 21167 DEBUG    [tempest_lib.common.rest_client] Request - Headers: {'Content-Type': 'application/json', 'Accept': 'application/json', 'X-Auth-Token': '&lt;omitted&gt;'}
        Body: None
    Response - Headers: {'status': '200', 'content-length': '391', 'content-location': 'http://10.0.2.15:8774/v2.1/eade4cb670524cd4b161053623639483/servers', 'x-compute-request-id': 'req-e4c2ec87-6d0b-44fd-b797-44262d09fd37', 'vary': 'X-OpenStack-Nova-API-Version', 'connection': 'close', 'x-openstack-nova-api-version': '2.1', 'date': 'Mon, 21 Dec 2015 16:01:49 GMT', 'content-type': 'application/json'}
        Body: {"servers": [{"id": "937b468e-5411-4ec1-b823-b4098b835db2", "links": [{"href": "http://10.0.2.15:8774/v2.1/eade4cb670524cd4b161053623639483/servers/937b468e-5411-4ec1-b823-b4098b835db2", "rel": "self"}, {"href": "http://10.0.2.15:8774/eade4cb670524cd4b161053623639483/servers/937b468e-5411-4ec1-b823-b4098b835db2", "rel": "bookmark"}], "name": "tempest.common.compute-instance-1890402845"}]}
2015-12-21 16:01:49,531 21167 INFO     [tempest_lib.common.rest_client] Request (TestGettingAddress:test_dhcp6_stateless_from_os): 200 POST http://10.0.2.15:8774/v2.1/eade4cb670524cd4b161053623639483/servers/937b468e-5411-4ec1-b823-b4098b835db2/action 0.210s
2015-12-21 16:01:49,531 21167 DEBUG    [tempest_lib.common.rest_client] Request - Headers: {'Content-Type': 'application/json', 'Accept': 'application/json', 'X-Auth-Token': '&lt;omitted&gt;'}
        Body: {"os-getConsoleOutput": {}}
    Response - Headers: {'status': '200', 'content-length': '24751', 'x-compute-request-id': 'req-eb47bd11-83d6-4dc9-8eb0-ede5cdb72205', 'vary': 'X-OpenStack-Nova-API-Version', 'connection': 'close', 'x-openstack-nova-api-version': '2.1', 'date': 'Mon, 21 Dec 2015 16:01:49 GMT', 'content-type': 'application/json'}
        Body: {"output": "[    0.000000] Initializing cgroup subsys cpuset\n[    0.000000] Initializing cgroup subsys cpu\n[    0.000000] Linux version 3.2.0-80-virtual (buildd@batsu) (gcc version 4.6.3 (Ubuntu/Linaro 4.6.3-1ubuntu5) ) #116-Ubuntu SMP Mon Mar 23 17:28:52 UTC 2015 (Ubuntu 3.2.0-80.116-virtual 3.2.68)\n[    0.000000] Command line: root=/dev/vda console=tty0 console=ttyS0 no_timer_check\n[    0.000000] KERNEL supported cpus:\n[    0.000000]   Intel GenuineIntel\n[    0.000000]   AMD AuthenticAMD\n[    0.000000]   Centaur CentaurHauls\n[    0.000000] BIOS-provided physical RAM map:\n[    0.000000]  BIOS-e820: 0000000000000000 - 000000000009fc00 (usable)\n[    0.000000]  BIOS-e820: 000000000009fc00 - 00000000000a0000 (reserved)\n[    0.000000]  BIOS-e820: 00000000000f0000 - 0000000000100000 (reserved)\n[    0.000000]  BIOS-e820: 0000000000100000 - 0000000003ffe000 (usable)\n[    0.000000]  BIOS-e820: 0000000003ffe000 - 0000000004000000 (reserved)\n[    0.000000]  BIOS-e820: 00000000fffc0000 - 0000000100000000 (reserved)\n[    0.000000] NX (Execute Disable) protection: active\n[    0.000000] SMBIOS 2.4 present.\n[    0.000000] No AGP bridge found\n[    0.000000] last_pfn = 0x3ffe max_arch_pfn = 0x400000000\n[    0.000000] x86 PAT enabled: cpu 0, old 0x7040600070406, new 0x7010600070106\n[    0.000000] found SMP MP-table at [ffff8800000f0b00] f0b00\n[    0.000000] init_memory_mapping: 0000000000000000-0000000003ffe000\n[    0.000000] RAMDISK: 03c5e000 - 03ff0000\n[    0.000000] ACPI: RSDP 00000000000f0950 00014 (v00 BOCHS )\n[    0.000000] ACPI: RSDT 0000000003fffbc1 00034 (v01 BOCHS  BXPCRSDT 00000001 BXPC 00000001)\n[    0.000000] ACPI: FACP 0000000003fff1c0 00074 (v01 BOCHS  BXPCFACP 00000001 BXPC 00000001)\n[    0.000000] ACPI: DSDT 0000000003ffe040 01180 (v01 BOCHS  BXPCDSDT 00000001 BXPC 00000001)\n[    0.000000] ACPI: FACS 0000000003ffe000 00040\n[    0.000000] ACPI: SSDT 0000000003fff234 008DD (v01 BOCHS  BXPCSSDT 00000001 BXPC 00000001)\n[    0.000000] ACPI: APIC 0000000003fffb11 00078 (v01 BOCHS  BXPCAPIC 00000001 BXPC 00000001)\n[    0.000000] ACPI: HPET 0000000003fffb89 00038 (v01 BOCHS  BXPCHPET 00000001 BXPC 00000001)\n[    0.000000] No NUMA configuration found\n[    0.000000] Faking a node at 0000000000000000-0000000003ffe000\n[    0.000000] Initmem setup node 0 0000000000000000-0000000003ffe000\n[    0.000000]   NODE_DATA [0000000003ff6000 - 0000000003ffafff]\n[    0.000000] Zone PFN ranges:\n[    0.000000]   DMA      0x00000010 -&gt; 0x00001000\n[    0.000000]   DMA32    0x00001000 -&gt; 0x00100000\n[    0.000000]   Normal   empty\n[    0.000000] Movable zone start PFN for each node\n[    0.000000] early_node_map[2] active PFN ranges\n[    0.000000]     0: 0x00000010 -&gt; 0x0000009f\n[    0.000000]     0: 0x00000100 -&gt; 0x00003ffe\n[    0.000000] ACPI: PM-Timer IO Port: 0xb008\n[    0.000000] ACPI: LAPIC (acpi_id[0x00] lapic_id[0x00] enabled)\n[    0.000000] ACPI: LAPIC_NMI (acpi_id[0xff] dfl dfl lint[0x1])\n[    0.000000] ACPI: IOAPIC (id[0x00] address[0xfec00000] gsi_base[0])\n[    0.000000] IOAPIC[0]: apic_id 0, version 17, address 0xfec00000, GSI 0-23\n[    0.000000] ACPI: INT_SRC_OVR (bus 0 bus_irq 0 global_irq 2 dfl dfl)\n[    0.000000] ACPI: INT_SRC_OVR (bus 0 bus_irq 5 global_irq 5 high level)\n[    0.000000] ACPI: INT_SRC_OVR (bus 0 bus_irq 9 global_irq 9 high level)\n[    0.000000] ACPI: INT_SRC_OVR (bus 0 bus_irq 10 global_irq 10 high level)\n[    0.000000] ACPI: INT_SRC_OVR (bus 0 bus_irq 11 global_irq 11 high level)\n[    0.000000] Using ACPI (MADT) for SMP configuration information\n[    0.000000] ACPI: HPET id: 0x8086a201 base: 0xfed00000\n[    0.000000] SMP: Allowing 1 CPUs, 0 hotplug CPUs\n[    0.000000] PM: Registered nosave memory: 000000000009f000 - 00000000000a0000\n[    0.000000] PM: Registered nosave memory: 00000000000a0000 - 00000000000f0000\n[    0.000000] PM: Registered nosave memory: 00000000000f0000 - 0000000000100000\n[    0.000000] Allocating PCI resources starting at 4000000 (gap: 4000000:fbfc0000)\n[    0.000000] Booting paravirtualized kernel on bare hardware\n[    0.000000] setup_pe
2015-12-21 16:01:49,534 21167 DEBUG    [tempest.scenario.manager] Console output for 937b468e-5411-4ec1-b823-b4098b835db2
body=
[    0.000000] Initializing cgroup subsys cpuset
[    0.000000] Initializing cgroup subsys cpu
[    0.000000] Linux version 3.2.0-80-virtual (buildd@batsu) (gcc version 4.6.3 (Ubuntu/Linaro 4.6.3-1ubuntu5) ) #116-Ubuntu SMP Mon Mar 23 17:28:52 UTC 2015 (Ubuntu 3.2.0-80.116-virtual 3.2.68)
[    0.000000] Command line: root=/dev/vda console=tty0 console=ttyS0 no_timer_check
[    0.000000] KERNEL supported cpus:
[    0.000000]   Intel GenuineIntel
[    0.000000]   AMD AuthenticAMD
[    0.000000]   Centaur CentaurHauls
[    0.000000] BIOS-provided physical RAM map:
[    0.000000]  BIOS-e820: 0000000000000000 - 000000000009fc00 (usable)
[    0.000000]  BIOS-e820: 000000000009fc00 - 00000000000a0000 (reserved)
[    0.000000]  BIOS-e820: 00000000000f0000 - 0000000000100000 (reserved)
[    0.000000]  BIOS-e820: 0000000000100000 - 0000000003ffe000 (usable)
[    0.000000]  BIOS-e820: 0000000003ffe000 - 0000000004000000 (reserved)
[    0.000000]  BIOS-e820: 00000000fffc0000 - 0000000100000000 (reserved)
[    0.000000] NX (Execute Disable) protection: active
[    0.000000] SMBIOS 2.4 present.
[    0.000000] No AGP bridge found
[    0.000000] last_pfn = 0x3ffe max_arch_pfn = 0x400000000
[    0.000000] x86 PAT enabled: cpu 0, old 0x7040600070406, new 0x7010600070106
[    0.000000] found SMP MP-table at [ffff8800000f0b00] f0b00
[    0.000000] init_memory_mapping: 0000000000000000-0000000003ffe000
[    0.000000] RAMDISK: 03c5e000 - 03ff0000
[    0.000000] ACPI: RSDP 00000000000f0950 00014 (v00 BOCHS )
[    0.000000] ACPI: RSDT 0000000003fffbc1 00034 (v01 BOCHS  BXPCRSDT 00000001 BXPC 00000001)
[    0.000000] ACPI: FACP 0000000003fff1c0 00074 (v01 BOCHS  BXPCFACP 00000001 BXPC 00000001)
[    0.000000] ACPI: DSDT 0000000003ffe040 01180 (v01 BOCHS  BXPCDSDT 00000001 BXPC 00000001)
[    0.000000] ACPI: FACS 0000000003ffe000 00040
[    0.000000] ACPI: SSDT 0000000003fff234 008DD (v01 BOCHS  BXPCSSDT 00000001 BXPC 00000001)
[    0.000000] ACPI: APIC 0000000003fffb11 00078 (v01 BOCHS  BXPCAPIC 00000001 BXPC 00000001)
[    0.000000] ACPI: HPET 0000000003fffb89 00038 (v01 BOCHS  BXPCHPET 00000001 BXPC 00000001)
[    0.000000] No NUMA configuration found
[    0.000000] Faking a node at 0000000000000000-0000000003ffe000
[    0.000000] Initmem setup node 0 0000000000000000-0000000003ffe000
[    0.000000]   NODE_DATA [0000000003ff6000 - 0000000003ffafff]
[    0.000000] Zone PFN ranges:
[    0.000000]   DMA      0x00000010 -&gt; 0x00001000
[    0.000000]   DMA32    0x00001000 -&gt; 0x00100000
[    0.000000]   Normal   empty
[    0.000000] Movable zone start PFN for each node
[    0.000000] early_node_map[2] active PFN ranges
[    0.000000]     0: 0x00000010 -&gt; 0x0000009f
[    0.000000]     0: 0x00000100 -&gt; 0x00003ffe
[    0.000000] ACPI: PM-Timer IO Port: 0xb008
[    0.000000] ACPI: LAPIC (acpi_id[0x00] lapic_id[0x00] enabled)
[    0.000000] ACPI: LAPIC_NMI (acpi_id[0xff] dfl dfl lint[0x1])
[    0.000000] ACPI: IOAPIC (id[0x00] address[0xfec00000] gsi_base[0])
[    0.000000] IOAPIC[0]: apic_id 0, version 17, address 0xfec00000, GSI 0-23
[    0.000000] ACPI: INT_SRC_OVR (bus 0 bus_irq 0 global_irq 2 dfl dfl)
[    0.000000] ACPI: INT_SRC_OVR (bus 0 bus_irq 5 global_irq 5 high level)
[    0.000000] ACPI: INT_SRC_OVR (bus 0 bus_irq 9 global_irq 9 high level)
[    0.000000] ACPI: INT_SRC_OVR (bus 0 bus_irq 10 global_irq 10 high level)
[    0.000000] ACPI: INT_SRC_OVR (bus 0 bus_irq 11 global_irq 11 high level)
[    0.000000] Using ACPI (MADT) for SMP configuration information
[    0.000000] ACPI: HPET id: 0x8086a201 base: 0xfed00000
[    0.000000] SMP: Allowing 1 CPUs, 0 hotplug CPUs
[    0.000000] PM: Registered nosave memory: 000000000009f000 - 00000000000a0000
[    0.000000] PM: Registered nosave memory: 00000000000a0000 - 00000000000f0000
[    0.000000] PM: Registered nosave memory: 00000000000f0000 - 0000000000100000
[    0.000000] Allocating PCI resources starting at 4000000 (gap: 4000000:fbfc0000)
[    0.000000] Booting paravirtualized kernel on bare hardware
[    0.000000] setup_percpu: NR_CPUS:64 nr_cpumask_bits:64 nr_cpu_ids:1 nr_node_ids:1
[    0.000000] PERCPU: Embedded 27 pages/cpu @ffff880003a00000 s78848 r8192 d23552 u2097152
[    0.000000] Built 1 zonelists in Node order, mobility grouping on.  Total pages: 16008
[    0.000000] Policy zone: DMA32
[    0.000000] Kernel command line: root=/dev/vda console=tty0 console=ttyS0 no_timer_check
[    0.000000] PID hash table entries: 256 (order: -1, 2048 bytes)
[    0.000000] Checking aperture...
[    0.000000] No AGP bridge found
[    0.000000] Memory: 43492k/65528k available (6576k kernel code, 452k absent, 21584k reserved, 6620k data, 928k init)
[    0.000000] SLUB: Genslabs=15, HWalign=64, Order=0-3, MinObjects=0, CPUs=1, Nodes=1
[    0.000000] Hierarchical RCU implementation.
[    0.000000] 	RCU dyntick-idle grace-period acceleration is enabled.
[    0.000000] NR_IRQS:4352 nr_irqs:256 16
[    0.000000] Console: colour VGA+ 80x25
[    0.000000] console [tty0] enabled
[    0.000000] console [ttyS0] enabled
[    0.000000] allocated 1048576 bytes of page_cgroup
[    0.000000] please try 'cgroup_disable=memory' option if you don't want memory cgroups
[    0.000000] Fast TSC calibration failed
[    0.000000] TSC: Unable to calibrate against PIT
[    0.000000] TSC: using HPET reference calibration
[    0.000000] Detected 2294.197 MHz processor.
[    0.043364] Calibrating delay loop (skipped), value calculated using timer frequency.. 4588.39 BogoMIPS (lpj=9176788)
[    0.048327] pid_max: default: 32768 minimum: 301
[    0.060471] Security Framework initialized
[    0.064991] AppArmor: AppArmor initialized
[    0.065658] Yama: becoming mindful.
[    0.073444] Dentry cache hash table entries: 8192 (order: 4, 65536 bytes)
[    0.074903] Inode-cache hash table entries: 4096 (order: 3, 32768 bytes)
[    0.076858] Mount-cache hash table entries: 256
[    0.093214] Initializing cgroup subsys cpuacct
[    0.094106] Initializing cgroup subsys memory
[    0.095406] Initializing cgroup subsys devices
[    0.096407] Initializing cgroup subsys freezer
[    0.097239] Initializing cgroup subsys blkio
[    0.097921] Initializing cgroup subsys perf_event
[    0.102606] mce: CPU supports 10 MCE banks
[    0.106013] SMP alternatives: switching to UP code
[    0.509950] Freeing SMP alternatives: 24k freed
[    0.512760] ACPI: Core revision 20110623
[    0.566023] ftrace: allocating 26610 entries in 105 pages
[    0.601098] ..TIMER: vector=0x30 apic1=0 pin1=2 apic2=-1 pin2=-1
[    0.602479] CPU0: AMD QEMU Virtual CPU version 2.0.0 stepping 03
[    0.608037] Performance Events: Broken PMU hardware detected, using software events only.
[    0.617075] NMI watchdog disabled (cpu0): hardware events not enabled
[    0.618877] Brought up 1 CPUs
[    0.620212] Total of 1 processors activated (4588.39 BogoMIPS).
[    0.648482] devtmpfs: initialized
[    0.680988] EVM: security.selinux
[    0.681563] EVM: security.SMACK64
[    0.681985] EVM: security.capability
[    0.705263] print_constraints: dummy: 
[    0.706863] RTC time: 15:56:47, date: 12/21/15
[    0.709610] NET: Registered protocol family 16
[    0.717934] ACPI: bus type pci registered
[    0.721456] PCI: Using configuration type 1 for base access
[    0.762397] bio: create slab &lt;bio-0&gt; at 0
[    0.769304] ACPI: Added _OSI(Module Device)
[    0.769962] ACPI: Added _OSI(Processor Device)
[    0.770558] ACPI: Added _OSI(3.0 _SCP Extensions)
[    0.771249] ACPI: Added _OSI(Processor Aggregator Device)
[    0.860721] ACPI: Interpreter enabled
[    0.861389] ACPI: (supports S0 S3 S4 S5)
[    0.864326] ACPI: Using IOAPIC for interrupt routing
[    0.946131] ACPI: No dock devices found.
[    0.946753] HEST: Table not found.
[    0.947301] PCI: Using host bridge windows from ACPI; if necessary, use "pci=nocrs" and report a bug
[    0.953779] ACPI: PCI Root Bridge [PCI0] (domain 0000 [bus 00-ff])
[    0.960655] pci_root PNP0A03:00: host bridge window [io  0x0000-0x0cf7]
[    0.961534] pci_root PNP0A03:00: host bridge window [io  0x0d00-0xadff]
[    0.962355] pci_root PNP0A03:00: host bridge window [io  0xae0f-0xaeff]
[    0.963155] pci_root PNP0A03:00: host bridge window [io  0xaf20-0xafdf]
[    0.964119] pci_root PNP0A03:00: host bridge window [io  0xafe4-0xffff]
[    0.965058] pci_root PNP0A03:00: host bridge window [mem 0x000a0000-0x000bffff]
[    0.965967] pci_root PNP0A03:00: host bridge window [mem 0x04000000-0xfebfffff]
[    0.990232] pci 0000:00:01.3: quirk: [io  0xb000-0xb03f] claimed by PIIX4 ACPI
[    0.992398] pci 0000:00:01.3: quirk: [io  0xb100-0xb10f] claimed by PIIX4 SMB
[    1.065183]  pci0000:00: Unable to request _OSC control (_OSC support mask: 0x1e)
[    1.125827] ACPI: PCI Interrupt Link [LNKA] (IRQs 5 *10 11)
[    1.128653] ACPI: PCI Interrupt Link [LNKB] (IRQs 5 *10 11)
[    1.130295] ACPI: PCI Interrupt Link [LNKC] (IRQs 5 10 *11)
[    1.131410] ACPI: PCI Interrupt Link [LNKD] (IRQs 5 10 *11)
[    1.132907] ACPI: PCI Interrupt Link [LNKS] (IRQs *9)
[    1.141628] vgaarb: device added: PCI:0000:00:02.0,decodes=io+mem,owns=io+mem,locks=none
[    1.142392] vgaarb: loaded
[    1.142774] vgaarb: bridge control possible 0000:00:02.0
[    1.145923] i2c-core: driver [aat2870] using legacy suspend method
[    1.146574] i2c-core: driver [aat2870] using legacy resume method
[    1.149601] SCSI subsystem initialized
[    1.153102] usbcore: registered new interface driver usbfs
[    1.154351] usbcore: registered new interface driver hub
[    1.155594] usbcore: registered new device driver usb
[    1.160167] PCI: Using ACPI for IRQ routing
[    1.171077] NetLabel: Initializing
[    1.172152] NetLabel:  domain hash size = 128
[    1.173307] NetLabel:  protocols = UNLABELED CIPSOv4
[    1.177464] NetLabel:  unlabeled traffic allowed by default
[    1.182437] HPET: 3 timers in total, 0 timers will be used for per-cpu timer
[    1.184211] hpet0: at MMIO 0xfed00000, IRQs 2, 8, 0
[    1.185743] hpet0: 3 comparators, 64-bit 100.000000 MHz counter
[    1.200204] Switching to clocksource hpet
[    1.439027] AppArmor: AppArmor Filesystem Enabled
[    1.440940] pnp: PnP ACPI init
[    1.441563] ACPI: bus type pnp registered
[    1.459582] pnp: PnP ACPI: found 9 devices
[    1.460926] ACPI: ACPI bus type pnp unregistered
[    1.522235] NET: Registered protocol family 2
[    1.556424] IP route cache hash table entries: 512 (order: 0, 4096 bytes)
[    1.563581] TCP established hash table entries: 2048 (order: 3, 32768 bytes)
[    1.565796] TCP bind hash table entries: 2048 (order: 3, 32768 bytes)
[    1.566686] TCP: Hash tables configured (established 2048 bind 2048)
[    1.567271] TCP reno registered
[    1.568024] UDP hash table entries: 128 (order: 0, 4096 bytes)
[    1.570058] UDP-Lite hash table entries: 128 (order: 0, 4096 bytes)
[    1.574353] NET: Registered protocol family 1
[    1.575217] pci 0000:00:00.0: Limiting direct PCI/PCI transfers
[    1.576052] pci 0000:00:01.0: PIIX3: Enabling Passive Release
[    1.577742] pci 0000:00:01.0: Activating ISA DMA hang workarounds
[    1.582487] ACPI: PCI Interrupt Link [LNKD] enabled at IRQ 11
[    1.584028] pci 0000:00:01.2: PCI INT D -&gt; Link[LNKD] -&gt; GSI 11 (level, high) -&gt; IRQ 11
[    1.586896] pci 0000:00:01.2: PCI INT D disabled
[    1.603471] Trying to unpack rootfs image as initramfs...
[    1.620066] audit: initializing netlink socket (disabled)
[    1.623104] type=2000 audit(1450713407.620:1): initialized
[    1.906136] HugeTLB registered 2 MB page size, pre-allocated 0 pages
[    1.998646] VFS: Disk quotas dquot_6.5.2
[    2.001736] Dquot-cache hash table entries: 512 (order 0, 4096 bytes)
[    2.034338] fuse init (API version 7.17)
[    2.038061] msgmni has been set to 84
[    2.070895] Block layer SCSI generic (bsg) driver version 0.4 loaded (major 253)
[    2.081158] io scheduler noop registered
[    2.081693] io scheduler deadline registered (default)
[    2.082944] io scheduler cfq registered
[    2.091666] pci_hotplug: PCI Hot Plug PCI Core version: 0.5
[    2.097733] pciehp: PCI Express Hot Plug Controller Driver version: 0.4
[    2.105604] input: Power Button as /devices/LNXSYSTM:00/LNXPWRBN:00/input/input0
[    2.107291] ACPI: Power Button [PWRF]
[    2.166602] ERST: Table is not found!
[    2.167140] GHES: HEST is not enabled!
[    2.173992] ACPI: PCI Interrupt Link [LNKC] enabled at IRQ 10
[    2.174679] virtio-pci 0000:00:03.0: PCI INT A -&gt; Link[LNKC] -&gt; GSI 10 (level, high) -&gt; IRQ 10
[    2.178308] virtio-pci 0000:00:04.0: PCI INT A -&gt; Link[LNKD] -&gt; GSI 11 (level, high) -&gt; IRQ 11
[    2.194140] ACPI: PCI Interrupt Link [LNKA] enabled at IRQ 10
[    2.194827] virtio-pci 0000:00:05.0: PCI INT A -&gt; Link[LNKA] -&gt; GSI 10 (level, high) -&gt; IRQ 10
[    2.206437] Serial: 8250/16550 driver, 32 ports, IRQ sharing enabled
[    2.249616] serial8250: ttyS0 at I/O 0x3f8 (irq = 4) is a 16550A
[    2.335072] serial8250: ttyS1 at I/O 0x2f8 (irq = 3) is a 16550A
[    2.463514] 00:05: ttyS0 at I/O 0x3f8 (irq = 4) is a 16550A
[    2.542832] 00:06: ttyS1 at I/O 0x2f8 (irq = 3) is a 16550A
[    2.589110] Linux agpgart interface v0.103
[    2.598489] Refined TSC clocksource calibration: 2294.253 MHz.
[    2.599244] Switching to clocksource tsc
[    2.657782] brd: module loaded
[    2.690182] loop: module loaded
[    2.733889]  vda: unknown partition table
[    2.790022] scsi0 : ata_piix
[    2.794029] scsi1 : ata_piix
[    2.795708] ata1: PATA max MWDMA2 cmd 0x1f0 ctl 0x3f6 bmdma 0xc0a0 irq 14
[    2.797621] ata2: PATA max MWDMA2 cmd 0x170 ctl 0x376 bmdma 0xc0a8 irq 15
[    2.807216] Fixed MDIO Bus: probed
[    2.809967] tun: Universal TUN/TAP device driver, 1.6
[    2.810564] tun: (C) 1999-2004 Max Krasnyansky &lt;maxk@qualcomm.com&gt;
[    2.823652] PPP generic driver version 2.4.2
[    2.835682] ehci_hcd: USB 2.0 'Enhanced' Host Controller (EHCI) Driver
[    2.838269] ohci_hcd: USB 1.1 'Open' Host Controller (OHCI) Driver
[    2.839347] uhci_hcd: USB Universal Host Controller Interface driver
[    2.841422] uhci_hcd 0000:00:01.2: PCI INT D -&gt; Link[LNKD] -&gt; GSI 11 (level, high) -&gt; IRQ 11
[    2.844533] uhci_hcd 0000:00:01.2: UHCI Host Controller
[    2.866221] uhci_hcd 0000:00:01.2: new USB bus registered, assigned bus number 1
[    2.868075] uhci_hcd 0000:00:01.2: irq 11, io base 0x0000c040
[    2.899575] hub 1-0:1.0: USB hub found
[    2.902415] hub 1-0:1.0: 2 ports detected
[    2.915110] usbcore: registered new interface driver libusual
[    2.926003] i8042: PNP: PS/2 Controller [PNP0303:KBD,PNP0f13:MOU] at 0x60,0x64 irq 1,12
[    2.939541] serio: i8042 KBD port at 0x60,0x64 irq 1
[    2.941013] serio: i8042 AUX port at 0x60,0x64 irq 12
[    2.994296] mousedev: PS/2 mouse device common for all mice
[    3.003793] input: AT Translated Set 2 keyboard as /devices/platform/i8042/serio0/input/input1
[    3.009699] rtc_cmos 00:01: RTC can wake from S4
[    3.026357] rtc_cmos 00:01: rtc core: registered rtc_cmos as rtc0
[    3.030865] rtc0: alarms up to one day, 114 bytes nvram, hpet irqs
[    3.034344] device-mapper: uevent: version 1.0.3
[    3.064868] device-mapper: ioctl: 4.22.0-ioctl (2011-10-19) initialised: dm-devel@redhat.com
[    3.068979] cpuidle: using governor ladder
[    3.070322] cpuidle: using governor menu
[    3.071437] EFI Variables Facility v0.08 2004-May-17
[    3.083537] TCP cubic registered
[    3.087925] NET: Registered protocol family 10
[    3.116112] NET: Registered protocol family 17
[    3.118617] Registering the dns_resolver key type
[    3.129705] ata2.01: ATAPI: QEMU DVD-ROM, 2.0.0, max UDMA/100
[    3.146366] ata2.01: configured for MWDMA2
[    3.171551] scsi 1:0:1:0: CD-ROM            QEMU     QEMU DVD-ROM     2.0. PQ: 0 ANSI: 5
[    3.198850] sr0: scsi3-mmc drive: 4x/4x cd/rw xa/form2 tray
[    3.200070] cdrom: Uniform CD-ROM driver Revision: 3.20
[    3.215404] sr 1:0:1:0: Attached scsi generic sg0 type 5
[    3.249412] registered taskstats version 1
[    3.297428] Freeing initrd memory: 3656k freed
[    3.885510]   Magic number: 11:98:943
[    3.894920] tty tty0: hash matches
[    3.896261] tty console: hash matches
[    3.905853] rtc_cmos 00:01: setting system clock to 2015-12-21 15:56:50 UTC (1450713410)
[    3.911780] powernow-k8: Processor cpuid 663 not supported
[    3.919695] BIOS EDD facility v0.16 2004-Jun-25, 0 devices found
[    3.922594] EDD information not available.
[    4.015336] Freeing unused kernel memory: 928k freed
[    4.021211] Write protecting the kernel read-only data: 12288k
[    4.155615] Freeing unused kernel memory: 1596k freed
[    4.219204] Freeing unused kernel memory: 1184k freed

info: initramfs: up at 4.39
modprobe: module virtio_blk not found in modules.dep
modprobe: module virtio_net not found in modules.dep
info: copying initramfs to /dev/vda
info: initramfs loading root from /dev/vda
info: /etc/init.d/rc.sysinit: up at 9.12
info: container: none
Starting logging: OK
modprobe: module virtio_blk not found in modules.dep
modprobe: module virtio_net not found in modules.dep
WARN: /etc/rc3.d/S10-load-modules failed
Initializing random number generator... done.
Starting acpid: OK
cirros-ds 'local' up at 11.73
found datasource (configdrive, local)
Starting network...
udhcpc (v1.20.1) started
Sending discover...
Sending discover...
Sending discover...
Usage: /sbin/cirros-dhcpc &lt;up|down&gt;
No lease, failing
WARN: /etc/rc3.d/S40-network failed
Starting dropbear sshd: generating rsa key... generating dsa key... OK
no userdata for datasource
=== system information ===
Platform: OpenStack Foundation OpenStack Nova
Container: none
Arch: x86_64
CPU(s): 1 @ 2294.197 MHz
Cores/Sockets/Threads: 1/1/1
Virt-type: AMD-V
RAM Size: 49MB
Disks:
NAME MAJ:MIN     SIZE LABEL         MOUNTPOINT
vda  253:0   25165824 cirros-rootfs /
sr0   11:0     428032 config-2      
=== sshd host keys ===
-----BEGIN SSH HOST KEY KEYS-----
ssh-rsa AAAAB3NzaC1yc2EAAAADAQABAAAAgwDCy1RgZpUmyweak8FqrrCsZoKKb0OlgqkoYFBkfLS+lIDUcYn2Qpv+rRHTQhUToY2RuIxwilXA5HUdqxibggKIpUF96HxqmccUgQn2UJoSoM/sGfcTvY7SljJXe1QvZ8ucrLaNThlp7bKenmAeh/9YJxb0R/PXPJ/d04fk6/qZ0jCP root@tempest
ssh-dss AAAAB3NzaC1kc3MAAACBAKdOtmfa54srQGTIYW+2bBt1EF4EVoFgRa0z7SNjH7TwDUGU/UOI24yGhoSvH0L3xkl49e3CY0xab0rQPywICdeZGQcOLCS+tGumb0jk31KWqKGEGAJsmptvj2w0WaGXd2DvLxo7Rhtqx5q7+BaH6txzCiInegEdAoKt5qxw8+0pAAAAFQC8BghCsGvD9qmzLQkEuK+XHk3SywAAAIEAgfT+nvMSHuOS/vchgJpAYAB6hYAcyuFiDVq/dgA7tgEEF3U/1lg8/8IXofZ/ne6XdZPZvdglXpo2F6FCC3o51ZrA98mEBNcYJEoWmg97a2iRce/VQJvIgZk954AJM9mjT6IVDJhxMRzOYoVwdl7qioblAqYdA74RpMd7+xX2OS4AAACASBMjZ4/hcO8NLz2W9wgQ5Vt0C+Oz15wLkC/MmNesGQpj5hqt/i9zQq+rLIbY9oG/B2dGixtclUH1jhTyW2pR2Q7XUg70V/kjVT+tLjig1mdgUJLWaKK+HWqvBlSMyYgAiAHIT3c4PJW8bPLWjNgb0gDvfl+9I1w6AYslIoHtESg= root@tempest
-----END SSH HOST KEY KEYS-----
=== network info ===
if-info: lo,up,127.0.0.1,8,::1
if-info: eth0,up,,8,fe80::f816:3eff:fe5c:65f4
=== datasource: configdrive local ===
instance-id: 937b468e-5411-4ec1-b823-b4098b835db2
name: tempest.common.compute-instance-1890402845
availability-zone: nova
local-hostname: tempest.common.compute-instance-1890402845.novalocal
launch-index: 0
=== cirros: current=0.3.4 uptime=202.69 ===
route: fscanf
=== pinging gateway failed, debugging connection ===
############ debug start ##############
### /etc/init.d/sshd start
Starting dropbear sshd: OK
route: fscanf
### ifconfig -a
eth0      Link encap:Ethernet  HWaddr FA:16:3E:5C:65:F4  
          inet6 addr: fe80::f816:3eff:fe5c:65f4/64 Scope:Link
          UP BROADCAST RUNNING MULTICAST  MTU:1500  Metric:1
          RX packets:12 errors:0 dropped:5 overruns:0 frame:0
          TX packets:8 errors:0 dropped:0 overruns:0 carrier:0
          collisions:0 txqueuelen:1000 
          RX bytes:1293 (1.2 KiB)  TX bytes:1134 (1.1 KiB)

lo        Link encap:Local Loopback  
          inet addr:127.0.0.1  Mask:255.0.0.0
          inet6 addr: ::1/128 Scope:Host
          UP LOOPBACK RUNNING  MTU:16436  Metric:1
          RX packets:12 errors:0 dropped:0 overruns:0 frame:0
          TX packets:12 errors:0 dropped:0 overruns:0 carrier:0
          collisions:0 txqueuelen:0 
          RX bytes:1020 (1020.0 B)  TX bytes:1020 (1020.0 B)

### route -n
Kernel IP routing table
Destination     Gateway         Genmask         Flags Metric Ref    Use Iface
route: fscanf
### cat /etc/resolv.conf
cat: can't open '/etc/resolv.conf': No such file or directory
### gateway not found
/sbin/cirros-status: line 1: can't open /etc/resolv.conf: no such file
### pinging nameservers
### uname -a
Linux tempest 3.2.0-80-virtual #116-Ubuntu SMP Mon Mar 23 17:28:52 UTC 2015 x86_64 GNU/Linux
### lsmod
Module                  Size  Used by    Not tainted
nls_iso8859_1          12713  0 
nls_cp437              16991  0 
vfat                   17585  0 
fat                    61512  1 vfat
isofs                  40259  0 
ip_tables              27473  0 
x_tables               29891  1 ip_tables
pcnet32                42119  0 
8139cp                 27360  0 
ne2k_pci               13691  0 
8390                   18856  1 ne2k_pci
e1000                 108589  0 
acpiphp                24231  0 
### dmesg | tail
[    5.193934] EXT3-fs (vda): mounted filesystem with ordered data mode
[    5.486335] ISO 9660 Extensions: Microsoft Joliet Level 3
[    5.563804] ISO 9660 Extensions: RRIP_1991A
[    5.834343] kjournald starting.  Commit interval 5 seconds
[    5.854171] EXT3-fs (vda): using internal journal
[    5.854371] EXT3-fs (vda): mounted filesystem with ordered data mode
[    9.173667] EXT3-fs (vda): using internal journal
[   12.555737] ISO 9660 Extensions: Microsoft Joliet Level 3
[   12.679928] ISO 9660 Extensions: RRIP_1991A
[   27.235125] eth0: no IPv6 routers present
### tail -n 25 /var/log/messages
Dec 21 15:56:57 cirros kern.info kernel: [    4.682347] acpiphp: Slot [26] registered
Dec 21 15:56:57 cirros kern.info kernel: [    4.682626] acpiphp: Slot [27] registered
Dec 21 15:56:57 cirros kern.info kernel: [    4.682905] acpiphp: Slot [28] registered
Dec 21 15:56:57 cirros kern.info kernel: [    4.683212] acpiphp: Slot [29] registered
Dec 21 15:56:57 cirros kern.info kernel: [    4.683368] acpiphp: Slot [30] registered
Dec 21 15:56:57 cirros kern.info kernel: [    4.683673] acpiphp: Slot [31] registered
Dec 21 15:56:57 cirros kern.info kernel: [    4.730086] e1000: Intel(R) PRO/1000 Network Driver - version 7.3.21-k8-NAPI
Dec 21 15:56:57 cirros kern.info kernel: [    4.730151] e1000: Copyright (c) 1999-2006 Intel Corporation.
Dec 21 15:56:57 cirros kern.info kernel: [    4.770770] ne2k-pci.c:v1.03 9/22/2003 D. Becker/P. Gortmaker
Dec 21 15:56:57 cirros kern.info kernel: [    4.817637] 8139cp: 8139cp: 10/100 PCI Ethernet driver v1.3 (Mar 22, 2004)
Dec 21 15:56:57 cirros kern.info kernel: [    4.856215] pcnet32: pcnet32.c:v1.35 21.Apr.2008 tsbogend@alpha.franken.de
Dec 21 15:56:57 cirros kern.info kernel: [    4.915294] ip_tables: (C) 2000-2006 Netfilter Core Team
Dec 21 15:56:57 cirros kern.info kernel: [    5.186959] kjournald starting.  Commit interval 5 seconds
Dec 21 15:56:57 cirros kern.info kernel: [    5.193934] EXT3-fs (vda): mounted filesystem with ordered data mode
Dec 21 15:56:57 cirros kern.debug kernel: [    5.486335] ISO 9660 Extensions: Microsoft Joliet Level 3
Dec 21 15:56:57 cirros kern.debug kernel: [    5.563804] ISO 9660 Extensions: RRIP_1991A
Dec 21 15:56:57 cirros kern.info kernel: [    5.834343] kjournald starting.  Commit interval 5 seconds
Dec 21 15:56:57 cirros kern.info kernel: [    5.854171] EXT3-fs (vda): using internal journal
Dec 21 15:56:57 cirros kern.info kernel: [    5.854371] EXT3-fs (vda): mounted filesystem with ordered data mode
Dec 21 15:56:57 cirros kern.info kernel: [    9.173667] EXT3-fs (vda): using internal journal
Dec 21 15:56:59 cirros kern.debug kernel: [   12.555737] ISO 9660 Extensions: Microsoft Joliet Level 3
Dec 21 15:56:59 cirros kern.debug kernel: [   12.679928] ISO 9660 Extensions: RRIP_1991A
Dec 21 15:57:02 cirros auth.notice su: + /dev/console root:cirros
Dec 21 15:57:13 cirros kern.debug kernel: [   27.235125] eth0: no IPv6 routers present
Dec 21 16:00:07 cirros authpriv.info dropbear[283]: Running in background
############ debug end   ##############
  ____               ____  ____
 / __/ __ ____ ____ / __ \/ __/
/ /__ / // __// __// /_/ /\ \ 
\___//_//_/  /_/   \____/___/ 
   http://cirros-cloud.net


login as 'cirros' user. default password: 'cubswin:)'. use 'sudo' for root.
tempest login: 
2015-12-21 16:01:49,953 21167 INFO     [tempest_lib.common.rest_client] Request (TestGettingAddress:_run_cleanups): 204 DELETE http://10.0.2.15:9696/v2.0/floatingips/d5ea1dc7-746e-4a65-88c5-3416a9ae3f1f 0.415s
2015-12-21 16:01:49,954 21167 DEBUG    [tempest_lib.common.rest_client] Request - Headers: {'Content-Type': 'application/json', 'Accept': 'application/json', 'X-Auth-Token': '&lt;omitted&gt;'}
        Body: None
    Response - Headers: {'date': 'Mon, 21 Dec 2015 16:01:49 GMT', 'status': '204', 'connection': 'close', 'content-length': '0', 'x-openstack-request-id': 'req-d2b28ab7-765f-4065-854a-e23d6ffb52eb'}
        Body: 
2015-12-21 16:01:50,307 21167 INFO     [tempest_lib.common.rest_client] Request (TestGettingAddress:_run_cleanups): 204 DELETE http://10.0.2.15:8774/v2.1/eade4cb670524cd4b161053623639483/servers/937b468e-5411-4ec1-b823-b4098b835db2 0.353s
2015-12-21 16:01:50,308 21167 DEBUG    [tempest_lib.common.rest_client] Request - Headers: {'Content-Type': 'application/json', 'Accept': 'application/json', 'X-Auth-Token': '&lt;omitted&gt;'}
        Body: None
    Response - Headers: {'status': '204', 'content-length': '0', 'x-compute-request-id': 'req-98426f83-eea5-4b9e-9fcb-82e0899513fe', 'vary': 'X-OpenStack-Nova-API-Version', 'connection': 'close', 'x-openstack-nova-api-version': '2.1', 'date': 'Mon, 21 Dec 2015 16:01:50 GMT', 'content-type': 'application/json'}
        Body: 
2015-12-21 16:01:50,531 21167 INFO     [tempest_lib.common.rest_client] Request (TestGettingAddress:_run_cleanups): 200 GET http://10.0.2.15:8774/v2.1/eade4cb670524cd4b161053623639483/servers/937b468e-5411-4ec1-b823-b4098b835db2 0.222s
2015-12-21 16:01:50,532 21167 DEBUG    [tempest_lib.common.rest_client] Request - Headers: {'Content-Type': 'application/json', 'Accept': 'application/json', 'X-Auth-Token': '&lt;omitted&gt;'}
        Body: None
    Response - Headers: {'status': '200', 'content-length': '1902', 'content-location': 'http://10.0.2.15:8774/v2.1/eade4cb670524cd4b161053623639483/servers/937b468e-5411-4ec1-b823-b4098b835db2', 'x-compute-request-id': 'req-7101a169-0971-48c8-be17-b8a9081b71f7', 'vary': 'X-OpenStack-Nova-API-Version', 'connection': 'close', 'x-openstack-nova-api-version': '2.1', 'date': 'Mon, 21 Dec 2015 16:01:50 GMT', 'content-type': 'application/json'}
        Body: {"server": {"status": "ACTIVE", "updated": "2015-12-21T16:01:50Z", "hostId": "8ba05fe8d2a0085458069d5e2a4613c0aedd8dbe444468a617184f42", "addresses": {"tempest-network-smoke--455100685": [{"OS-EXT-IPS-MAC:mac_addr": "fa:16:3e:5c:65:f4", "version": 4, "addr": "10.100.0.3", "OS-EXT-IPS:type": "fixed"}, {"OS-EXT-IPS-MAC:mac_addr": "fa:16:3e:5c:65:f4", "version": 6, "addr": "2003::f816:3eff:fe5c:65f4", "OS-EXT-IPS:type": "fixed"}, {"OS-EXT-IPS-MAC:mac_addr": "fa:16:3e:5c:65:f4", "version": 4, "addr": "172.24.4.4", "OS-EXT-IPS:type": "floating"}]}, "links": [{"href": "http://10.0.2.15:8774/v2.1/eade4cb670524cd4b161053623639483/servers/937b468e-5411-4ec1-b823-b4098b835db2", "rel": "self"}, {"href": "http://10.0.2.15:8774/eade4cb670524cd4b161053623639483/servers/937b468e-5411-4ec1-b823-b4098b835db2", "rel": "bookmark"}], "key_name": "tempest-TestGettingAddress-864352124", "image": {"id": "d415904f-3f67-420e-8cac-56aa6c4a6862", "links": [{"href": "http://10.0.2.15:8774/eade4cb670524cd4b161053623639483/images/d415904f-3f67-420e-8cac-56aa6c4a6862", "rel": "bookmark"}]}, "OS-EXT-STS:task_state": "deleting", "OS-EXT-STS:vm_state": "active", "OS-SRV-USG:launched_at": "2015-12-21T15:56:43.000000", "flavor": {"id": "42", "links": [{"href": "http://10.0.2.15:8774/eade4cb670524cd4b161053623639483/flavors/42", "rel": "bookmark"}]}, "id": "937b468e-5411-4ec1-b823-b4098b835db2", "security_groups": [{"name": "tempest-secgroup-smoke-737493376"}], "OS-SRV-USG:terminated_at": null, "OS-EXT-AZ:availability_zone": "nova", "user_id": "3a5c75f3aad546819b5555c5ab2ce5f1", "name": "tempest.common.compute-instance-1890402845", "created": "2015-12-21T15:56:40Z", "tenant_id": "eade4cb670524cd4b161053623639483", "OS-DCF:diskConfig": "MANUAL", "os-extended-volumes:volumes_attached": [], "accessIPv4": "", "accessIPv6": "", "progress": 0, "OS-EXT-STS:power_state": 1, "config_drive": "True", "metadata": {}}}
2015-12-21 16:01:51,749 21167 INFO     [tempest_lib.common.rest_client] Request (TestGettingAddress:_run_cleanups): 200 GET http://10.0.2.15:8774/v2.1/eade4cb670524cd4b161053623639483/servers/937b468e-5411-4ec1-b823-b4098b835db2 0.207s
2015-12-21 16:01:51,750 21167 DEBUG    [tempest_lib.common.rest_client] Request - Headers: {'Content-Type': 'application/json', 'Accept': 'application/json', 'X-Auth-Token': '&lt;omitted&gt;'}
        Body: None
    Response - Headers: {'status': '200', 'content-length': '1902', 'content-location': 'http://10.0.2.15:8774/v2.1/eade4cb670524cd4b161053623639483/servers/937b468e-5411-4ec1-b823-b4098b835db2', 'x-compute-request-id': 'req-94714924-1bc6-47bf-ba17-8a7b5d747f6e', 'vary': 'X-OpenStack-Nova-API-Version', 'connection': 'close', 'x-openstack-nova-api-version': '2.1', 'date': 'Mon, 21 Dec 2015 16:01:51 GMT', 'content-type': 'application/json'}
        Body: {"server": {"status": "ACTIVE", "updated": "2015-12-21T16:01:51Z", "hostId": "8ba05fe8d2a0085458069d5e2a4613c0aedd8dbe444468a617184f42", "addresses": {"tempest-network-smoke--455100685": [{"OS-EXT-IPS-MAC:mac_addr": "fa:16:3e:5c:65:f4", "version": 4, "addr": "10.100.0.3", "OS-EXT-IPS:type": "fixed"}, {"OS-EXT-IPS-MAC:mac_addr": "fa:16:3e:5c:65:f4", "version": 6, "addr": "2003::f816:3eff:fe5c:65f4", "OS-EXT-IPS:type": "fixed"}, {"OS-EXT-IPS-MAC:mac_addr": "fa:16:3e:5c:65:f4", "version": 4, "addr": "172.24.4.4", "OS-EXT-IPS:type": "floating"}]}, "links": [{"href": "http://10.0.2.15:8774/v2.1/eade4cb670524cd4b161053623639483/servers/937b468e-5411-4ec1-b823-b4098b835db2", "rel": "self"}, {"href": "http://10.0.2.15:8774/eade4cb670524cd4b161053623639483/servers/937b468e-5411-4ec1-b823-b4098b835db2", "rel": "bookmark"}], "key_name": "tempest-TestGettingAddress-864352124", "image": {"id": "d415904f-3f67-420e-8cac-56aa6c4a6862", "links": [{"href": "http://10.0.2.15:8774/eade4cb670524cd4b161053623639483/images/d415904f-3f67-420e-8cac-56aa6c4a6862", "rel": "bookmark"}]}, "OS-EXT-STS:task_state": "deleting", "OS-EXT-STS:vm_state": "active", "OS-SRV-USG:launched_at": "2015-12-21T15:56:43.000000", "flavor": {"id": "42", "links": [{"href": "http://10.0.2.15:8774/eade4cb670524cd4b161053623639483/flavors/42", "rel": "bookmark"}]}, "id": "937b468e-5411-4ec1-b823-b4098b835db2", "security_groups": [{"name": "tempest-secgroup-smoke-737493376"}], "OS-SRV-USG:terminated_at": null, "OS-EXT-AZ:availability_zone": "nova", "user_id": "3a5c75f3aad546819b5555c5ab2ce5f1", "name": "tempest.common.compute-instance-1890402845", "created": "2015-12-21T15:56:40Z", "tenant_id": "eade4cb670524cd4b161053623639483", "OS-DCF:diskConfig": "MANUAL", "os-extended-volumes:volumes_attached": [], "accessIPv4": "", "accessIPv6": "", "progress": 0, "OS-EXT-STS:power_state": 1, "config_drive": "True", "metadata": {}}}
2015-12-21 16:01:52,852 21167 INFO     [tempest_lib.common.rest_client] Request (TestGettingAddress:_run_cleanups): 404 GET http://10.0.2.15:8774/v2.1/eade4cb670524cd4b161053623639483/servers/937b468e-5411-4ec1-b823-b4098b835db2 0.089s
2015-12-21 16:01:52,853 21167 DEBUG    [tempest_lib.common.rest_client] Request - Headers: {'Content-Type': 'application/json', 'Accept': 'application/json', 'X-Auth-Token': '&lt;omitted&gt;'}
        Body: None
    Response - Headers: {'status': '404', 'content-length': '111', 'x-compute-request-id': 'req-5a283694-92b3-40d7-8c20-b4d002064122', 'vary': 'X-OpenStack-Nova-API-Version', 'connection': 'close', 'x-openstack-nova-api-version': '2.1', 'date': 'Mon, 21 Dec 2015 16:01:52 GMT', 'content-type': 'application/json; charset=UTF-8'}
        Body: {"itemNotFound": {"message": "Instance 937b468e-5411-4ec1-b823-b4098b835db2 could not be found.", "code": 404}}
2015-12-21 16:01:53,362 21167 INFO     [tempest_lib.common.rest_client] Request (TestGettingAddress:_run_cleanups): 200 PUT http://10.0.2.15:9696/v2.0/routers/93892f35-0c3d-48bd-b3f9-a5afecbc7ed6/remove_router_interface 0.507s
2015-12-21 16:01:53,362 21167 DEBUG    [tempest_lib.common.rest_client] Request - Headers: {'Content-Type': 'application/json', 'Accept': 'application/json', 'X-Auth-Token': '&lt;omitted&gt;'}
        Body: {"subnet_id": "33e64bf4-a217-4744-96d0-a17cd0e85fb3"}
    Response - Headers: {'status': '200', 'content-length': '255', 'connection': 'close', 'date': 'Mon, 21 Dec 2015 16:01:53 GMT', 'content-type': 'application/json; charset=UTF-8', 'x-openstack-request-id': 'req-34172f88-73d0-40ee-ab8e-8e07f6e4bbbe'}
        Body: {"subnet_id": "33e64bf4-a217-4744-96d0-a17cd0e85fb3", "tenant_id": "eade4cb670524cd4b161053623639483", "subnet_ids": ["33e64bf4-a217-4744-96d0-a17cd0e85fb3"], "port_id": "820372fa-d94f-4f93-91b8-efea6999fd27", "id": "93892f35-0c3d-48bd-b3f9-a5afecbc7ed6"}
2015-12-21 16:01:53,868 21167 INFO     [tempest_lib.common.rest_client] Request (TestGettingAddress:_run_cleanups): 204 DELETE http://10.0.2.15:9696/v2.0/subnets/33e64bf4-a217-4744-96d0-a17cd0e85fb3 0.505s
2015-12-21 16:01:53,869 21167 DEBUG    [tempest_lib.common.rest_client] Request - Headers: {'Content-Type': 'application/json', 'Accept': 'application/json', 'X-Auth-Token': '&lt;omitted&gt;'}
        Body: None
