<?xml version="1.0" encoding="UTF-8"?>
<!DOCTYPE html PUBLIC "-//W3C//DTD XHTML 1.0 Strict//EN"
     "http://www.w3.org/TR/xhtml1/DTD/xhtml1-strict.dtd">
<html xmlns="http://www.w3.org/1999/xhtml">
<head>
    <title>Unit Test Report</title>
    <meta name="generator" content="subunit2html 0.1"/>
    <meta http-equiv="Content-Type" content="text/html; charset=UTF-8"/>
    
<style type="text/css" media="screen">
body        { font-family: verdana, arial, helvetica, sans-serif;
    font-size: 80%; }
table       { font-size: 100%; width: 100%;}
pre         { font-size: 80%; }

/* -- heading -------------------------------------------------------------- */
h1 {
        font-size: 16pt;
        color: gray;
}
.heading {
    margin-top: 0ex;
    margin-bottom: 1ex;
}

.heading .attribute {
    margin-top: 1ex;
    margin-bottom: 0;
}

.heading .description {
    margin-top: 4ex;
    margin-bottom: 6ex;
}

/* -- css div popup -------------------------------------------------------- */
a.popup_link {
}

a.popup_link:hover {
    color: red;
}

.popup_window {
    display: none;
    overflow-x: scroll;
    /*border: solid #627173 1px; */
    padding: 10px;
    background-color: #E6E6D6;
    font-family: "Ubuntu Mono", "Lucida Console", "Courier New", monospace;
    text-align: left;
    font-size: 8pt;
}

}
/* -- report --------------------------------------------------------------- */
#show_detail_line {
    margin-top: 3ex;
    margin-bottom: 1ex;
}
#result_table {
    width: 100%;
    border-collapse: collapse;
    border: 1px solid #777;
}
#header_row {
    font-weight: bold;
    color: white;
    background-color: #777;
}
#result_table td {
    border: 1px solid #777;
    padding: 2px;
}
#total_row  { font-weight: bold; }
.passClass  { background-color: #6c6; }
.failClass  { background-color: #c60; }
.errorClass { background-color: #c00; }
.passCase   { color: #6c6; }
.failCase   { color: #c60; font-weight: bold; }
.errorCase  { color: #c00; font-weight: bold; }
.hiddenRow  { display: none; }
.testcase   { margin-left: 2em; }
td.testname {width: 40%}
td.small {width: 40px}

/* -- ending --------------------------------------------------------------- */
#ending {
}

</style>

</head>
<body>
<script language="javascript" type="text/javascript"><!--
output_list = Array();

/* level - 0:Summary; 1:Failed; 2:All */
function showCase(level) {
    trs = document.getElementsByTagName("tr");
    for (var i = 0; i < trs.length; i++) {
        tr = trs[i];
        id = tr.id;
        if (id.substr(0,2) == 'ft') {
            if (level < 1) {
                tr.className = 'hiddenRow';
            }
            else {
                tr.className = '';
            }
        }
        if (id.substr(0,2) == 'pt') {
            if (level > 1) {
                tr.className = '';
            }
            else {
                tr.className = 'hiddenRow';
            }
        }
    }
}


function showClassDetail(cid, count) {
    var id_list = Array(count);
    var toHide = 1;
    for (var i = 0; i < count; i++) {
        tid0 = 't' + cid.substr(1) + '.' + (i+1);
        tid = 'f' + tid0;
        tr = document.getElementById(tid);
        if (!tr) {
            tid = 'p' + tid0;
            tr = document.getElementById(tid);
        }
        id_list[i] = tid;
        if (tr.className) {
            toHide = 0;
        }
    }
    for (var i = 0; i < count; i++) {
        tid = id_list[i];
        if (toHide) {
            document.getElementById('div_'+tid).style.display = 'none'
            document.getElementById(tid).className = 'hiddenRow';
        }
        else {
            document.getElementById(tid).className = '';
        }
    }
}


function showTestDetail(div_id){
    var details_div = document.getElementById(div_id)
    var displayState = details_div.style.display
    // alert(displayState)
    if (displayState != 'block' ) {
        displayState = 'block'
        details_div.style.display = 'block'
    }
    else {
        details_div.style.display = 'none'
    }
}


function html_escape(s) {
    s = s.replace(/&/g,'&amp;');
    s = s.replace(/</g,'&lt;');
    s = s.replace(/>/g,'&gt;');
    return s;
}

/* obsoleted by detail in <div>
function showOutput(id, name) {
    var w = window.open("", //url
                    name,
                    "resizable,scrollbars,status,width=800,height=450");
    d = w.document;
    d.write("<pre>");
    d.write(html_escape(output_list[id]));
    d.write("\n");
    d.write("<a href='javascript:window.close()'>close</a>\n");
    d.write("</pre>\n");
    d.close();
}
*/
--></script>

<div class='heading'>
<h1>Unit Test Report</h1>

<p class='attribute'><strong>Status:</strong> Failure 8</p>

<p class='description'></p>
</div>



<p id='show_detail_line'>Show
<a href='javascript:showCase(0)'>Summary</a>
<a href='javascript:showCase(1)'>Failed</a>
<a href='javascript:showCase(2)'>All</a>
</p>
<table id='result_table'>
<colgroup>
<col align='left' />
<col align='right' />
<col align='right' />
<col align='right' />
<col align='right' />
<col align='right' />
<col align='right' />
<col align='right' />
</colgroup>
<tr id='header_row'>
    <td>Test Group/Test case</td>
    <td>Count</td>
    <td>Pass</td>
    <td>Fail</td>
    <td>Error</td>
    <td>Skip</td>
    <td>View</td>
    <td> </td>
</tr>

<tr class='failClass'>
    <td class="testname">tempest.scenario.test_network_v6.TestGettingAddress</td>
    <td class="small">8</td>
    <td class="small">0</td>
    <td class="small">8</td>
    <td class="small">0</td>
    <td class="small">0</td>
    <td class="small"><a href="javascript:showClassDetail('c1',8)"
>Detail</a></td>
    <td> </td>
</tr>

<tr id='ft1.1' class='none'>
    <td class='failCase'><div class='testcase'>test_dhcp6_stateless_from_os[compute,id-d7e1f858-187c-45a6-89c9-bdafde619a9f,network]</div></td>
    <td colspan='7' align='left'>

    <!--css div popup start-->
    <a class="popup_link" onfocus='this.blur();'
    href="javascript:showTestDetail('div_ft1.1')" >
        fail</a>

    <div id='div_ft1.1' class="popup_window">
        <div style='text-align: right; color:red;cursor:pointer'>
        <a onfocus='this.blur();'
onclick="document.getElementById('div_ft1.1').style.display = 'none' " >
           [x]</a>
        </div>
        <pre>
        
ft1.1: tempest.scenario.test_network_v6.TestGettingAddress.test_dhcp6_stateless_from_os[compute,id-d7e1f858-187c-45a6-89c9-bdafde619a9f,network]_StringException: Empty attachments:
  stderr
  stdout

pythonlogging:'': {{{
2016-01-05 11:15:35,769 24254 INFO     [tempest_lib.common.rest_client] Request (TestGettingAddress:setUp): 200 POST http://10.0.2.15:8774/v2.1/5cb8038b47af45aebb5e6de263d025e1/os-keypairs 0.570s
2016-01-05 11:15:35,770 24254 DEBUG    [tempest_lib.common.rest_client] Request - Headers: {'Content-Type': 'application/json', 'Accept': 'application/json', 'X-Auth-Token': '&lt;omitted&gt;'}
        Body: {"keypair": {"name": "tempest-TestGettingAddress-76614740"}}
    Response - Headers: {'status': '200', 'content-length': '2318', 'x-compute-request-id': 'req-7a601488-df87-448a-aa90-703061896c4d', 'vary': 'X-OpenStack-Nova-API-Version', 'connection': 'close', 'x-openstack-nova-api-version': '2.1', 'date': 'Tue, 05 Jan 2016 11:15:35 GMT', 'content-type': 'application/json'}
        Body: {"keypair": {"public_key": "ssh-rsa AAAAB3NzaC1yc2EAAAADAQABAAABAQCg0p7GXX9Vy/HEzxkDRGGf1BK1yYnVoVXMLcTl894PDFpaaUQ6fTLYGCiRbjaWnzKTC5sd5rTTaCzLaQfNKb2K3gnHKEvHI0X1XaYR8Jk3ogV16ZodV1iHOuB+ogtQjsFUK82utrKMmc6oR7aK44CxGWv0g/DG2CNVA7VC3ttNSmttRAuD8bfhHIgdVfHP4FvrNG4KBs88/1k1ev45hLTOVrJydc5WEkZ9X1OwxiGKnDb8Q0j80tXWbwIwIVSR5QHJf46QglkXwHppI+BG+nZo6TQp473VTuGgWjTq1RKSfZzvzJPJKVQhGe1ZbdEZIM/fmsEc/tGZeV4j0G/sF/lP Generated-by-Nova", "private_key": "-----BEGIN RSA PRIVATE KEY-----\nMIIEqQIBAAKCAQEAoNKexl1/VcvxxM8ZA0Rhn9QStcmJ1aFVzC3E5fPeDwxaWmlE\nOn0y2BgokW42lp8ykwubHea002gsy2kHzSm9it4JxyhLxyNF9V2mEfCZN6IFdema\nHVdYhzrgfqILUI7BVCvNrrayjJnOqEe2iuOAsRlr9IPwxtgjVQO1Qt7bTUprbUQL\ng/G34RyIHVXxz+Bb6zRuCgbPPP9ZNXr+OYS0zlaycnXOVhJGfV9TsMYhipw2/ENI\n/NLV1m8CMCFUkeUByX+OkIJZF8B6aSPgRvp2aOk0KeO91U7hoFo06tUSkn2c78yT\nySlUIRntWW3RGSDP35rBHP7RmXleI9Bv7Bf5TwIDAQABAoIBAQCOcqCCMZS1KQUH\n/yw3kZ0rFYxRCqeU2ueFB9FMoVpCV/278VumtviPIa7lSgr+FRqV1oTZ0ly+mJp8\nvZZUajFiTFO63P1p8Ntpfz62yzbbaR6PF5AThyd5+HOaluuQujGR3Y68v0Sddyru\nMT8F/Icj1tGhbjCZ4B5Dkho+lekHpogWkyFSYIkMVQWpr3O2zfHiXmT5XnNA8xAn\nFsE3DM+rrz/5LZJXkzDCaSrAiB9AXV9bN/v0hNLVjVX3eso4yeqWqCyz4WAgtceH\nksDzlaREa4Unz02onl3FMdI0mKt/nDmZTphLjgjEjvtcdUVYcy1KRwEcGeqlKVyb\nwAPXHsmBAoIAgQC+LZcFp9vyVxw48MCd58jPWAfR9v+Pv5hkvlocJ33B06PVH42j\nBD/HxUItqwSCGwmE/6W3ukb7/qk+cO0BDYzCEgwmNhWU3C3EGmsOLrlhtWvAfcKS\nxMf7iYzKHtrP1Fjwh8C9UOFGhM5zQGUvthy3jOmbVnFWptuTnLxFxc/lQQKCAIEA\n2HwMeY9b/KJ2qqvN7wHunKFtJkTtJX/jVyc1qXfTGejABFH4NfOe8JkDrx+9suQS\nLsad/FEHqXr75DpUhEJG4oHemf9CdfHfWWdKCHcIY92w4Aa6W9F1XfcoVngM1eNI\nGl+fRcHaaJ0zMysyLJL7ZAPxzCUZl/hTzxCrjQOKao8CggCBALGZ+8aBW0s3BJk8\nZHVSp1rTOAJiK4oAAH5cseRHEQ846XA31lrdtf6G/eWOJ1iljT9SS12ILZBZ4433\nga4RDFmU5xmsOn1ZHbhcf4uwINnZxjXufA36jVQfwYZkSC38fc6qyFlENg1YK0DA\na36iELFtfB/gG1oz2y1AGycBs8PBAoIAgAP9hV1YPyHQ/M74i7s0FendL93ct2JR\nkScyGdMd2k5H9AIgYKrd6rgUmfTIaP67JXqnPpJADBwboDj8ukIV1qimLCw6gEcc\nRjmnpb2yM/1jQLdgaF745Wjt/VhariHjJpkV2iG3CQeUnjT7PtmDfA7D49kXdflP\nInxWmlLnFc4RAoIAgH35Mj7gxLceNWe4UXCHwf5jLIPOfekoBWItif6cf9JqW2ub\n0l0GhHgM91M4HJs9gI26bPiEXSHXgNTlHOsT4QaJclCh4mSQcs4szwZ9UpCmtPFE\nW7KuykYKQ1J7kxFKN61KiZmSq7V3ZA+A2Lf8yYld6phrjBnnCJWh1vPhaK7/\n-----END RSA PRIVATE KEY-----\n", "user_id": "e463ae9940514fb6a870b0ba07be44f8", "name": "tempest-TestGettingAddress-76614740", "fingerprint": "7f:29:9d:47:a4:cd:2a:4d:e9:c9:03:a9:01:44:a9:43"}}
2016-01-05 11:15:36,122 24254 INFO     [tempest_lib.common.rest_client] Request (TestGettingAddress:setUp): 201 POST http://10.0.2.15:9696/v2.0/security-groups 0.348s
2016-01-05 11:15:36,123 24254 DEBUG    [tempest_lib.common.rest_client] Request - Headers: {'Content-Type': 'application/json', 'Accept': 'application/json', 'X-Auth-Token': '&lt;omitted&gt;'}
        Body: {"security_group": {"tenant_id": "5cb8038b47af45aebb5e6de263d025e1", "description": "tempest-secgroup-smoke-1302092599 description", "name": "tempest-secgroup-smoke-1302092599"}}
    Response - Headers: {'status': '201', 'content-length': '888', 'connection': 'close', 'date': 'Tue, 05 Jan 2016 11:15:36 GMT', 'content-type': 'application/json; charset=UTF-8', 'x-openstack-request-id': 'req-d98c6079-bce0-429a-811e-2e00533f4c5c'}
        Body: {"security_group": {"tenant_id": "5cb8038b47af45aebb5e6de263d025e1", "description": "tempest-secgroup-smoke-1302092599 description", "id": "b30c45af-306d-497c-858f-f230c3457327", "security_group_rules": [{"remote_group_id": null, "direction": "egress", "remote_ip_prefix": null, "protocol": null, "ethertype": "IPv4", "tenant_id": "5cb8038b47af45aebb5e6de263d025e1", "port_range_max": null, "port_range_min": null, "id": "e61c9bda-6aba-431b-83c9-2763374fd697", "security_group_id": "b30c45af-306d-497c-858f-f230c3457327"}, {"remote_group_id": null, "direction": "egress", "remote_ip_prefix": null, "protocol": null, "ethertype": "IPv6", "tenant_id": "5cb8038b47af45aebb5e6de263d025e1", "port_range_max": null, "port_range_min": null, "id": "b5e6e77d-fdb6-43fd-a43c-74d9ee75d72e", "security_group_id": "b30c45af-306d-497c-858f-f230c3457327"}], "name": "tempest-secgroup-smoke-1302092599"}}
2016-01-05 11:15:36,247 24254 INFO     [tempest_lib.common.rest_client] Request (TestGettingAddress:setUp): 201 POST http://10.0.2.15:9696/v2.0/security-group-rules 0.123s
2016-01-05 11:15:36,248 24254 DEBUG    [tempest_lib.common.rest_client] Request - Headers: {'Content-Type': 'application/json', 'Accept': 'application/json', 'X-Auth-Token': '&lt;omitted&gt;'}
        Body: {"security_group_rule": {"direction": "ingress", "protocol": "tcp", "tenant_id": "5cb8038b47af45aebb5e6de263d025e1", "port_range_max": 22, "security_group_id": "b30c45af-306d-497c-858f-f230c3457327", "port_range_min": 22}}
    Response - Headers: {'status': '201', 'content-length': '340', 'connection': 'close', 'date': 'Tue, 05 Jan 2016 11:15:36 GMT', 'content-type': 'application/json; charset=UTF-8', 'x-openstack-request-id': 'req-61bc6a3d-4b8d-4078-a89e-cc19b2262b9c'}
        Body: {"security_group_rule": {"remote_group_id": null, "direction": "ingress", "remote_ip_prefix": null, "protocol": "tcp", "ethertype": "IPv4", "tenant_id": "5cb8038b47af45aebb5e6de263d025e1", "port_range_max": 22, "port_range_min": 22, "id": "ef10bcd8-6541-4bf9-a061-f9cac67615e5", "security_group_id": "b30c45af-306d-497c-858f-f230c3457327"}}
2016-01-05 11:15:36,529 24254 INFO     [tempest_lib.common.rest_client] Request (TestGettingAddress:setUp): 201 POST http://10.0.2.15:9696/v2.0/security-group-rules 0.279s
2016-01-05 11:15:36,530 24254 DEBUG    [tempest_lib.common.rest_client] Request - Headers: {'Content-Type': 'application/json', 'Accept': 'application/json', 'X-Auth-Token': '&lt;omitted&gt;'}
        Body: {"security_group_rule": {"direction": "egress", "protocol": "tcp", "tenant_id": "5cb8038b47af45aebb5e6de263d025e1", "port_range_max": 22, "security_group_id": "b30c45af-306d-497c-858f-f230c3457327", "port_range_min": 22}}
    Response - Headers: {'status': '201', 'content-length': '339', 'connection': 'close', 'date': 'Tue, 05 Jan 2016 11:15:36 GMT', 'content-type': 'application/json; charset=UTF-8', 'x-openstack-request-id': 'req-325f8dad-269c-4cfa-8196-b62bcb04c16b'}
        Body: {"security_group_rule": {"remote_group_id": null, "direction": "egress", "remote_ip_prefix": null, "protocol": "tcp", "ethertype": "IPv4", "tenant_id": "5cb8038b47af45aebb5e6de263d025e1", "port_range_max": 22, "port_range_min": 22, "id": "0cffc93c-0307-4190-a8ac-fc33f898b0c8", "security_group_id": "b30c45af-306d-497c-858f-f230c3457327"}}
2016-01-05 11:15:36,653 24254 INFO     [tempest_lib.common.rest_client] Request (TestGettingAddress:setUp): 201 POST http://10.0.2.15:9696/v2.0/security-group-rules 0.122s
2016-01-05 11:15:36,654 24254 DEBUG    [tempest_lib.common.rest_client] Request - Headers: {'Content-Type': 'application/json', 'Accept': 'application/json', 'X-Auth-Token': '&lt;omitted&gt;'}
        Body: {"security_group_rule": {"tenant_id": "5cb8038b47af45aebb5e6de263d025e1", "direction": "ingress", "protocol": "icmp", "security_group_id": "b30c45af-306d-497c-858f-f230c3457327"}}
    Response - Headers: {'status': '201', 'content-length': '345', 'connection': 'close', 'date': 'Tue, 05 Jan 2016 11:15:36 GMT', 'content-type': 'application/json; charset=UTF-8', 'x-openstack-request-id': 'req-9d818c56-af3e-41b1-827f-9c910cf853e6'}
        Body: {"security_group_rule": {"remote_group_id": null, "direction": "ingress", "remote_ip_prefix": null, "protocol": "icmp", "ethertype": "IPv4", "tenant_id": "5cb8038b47af45aebb5e6de263d025e1", "port_range_max": null, "port_range_min": null, "id": "47e762ed-d44f-4174-9074-cd51b1e406a3", "security_group_id": "b30c45af-306d-497c-858f-f230c3457327"}}
2016-01-05 11:15:36,770 24254 INFO     [tempest_lib.common.rest_client] Request (TestGettingAddress:setUp): 201 POST http://10.0.2.15:9696/v2.0/security-group-rules 0.115s
2016-01-05 11:15:36,771 24254 DEBUG    [tempest_lib.common.rest_client] Request - Headers: {'Content-Type': 'application/json', 'Accept': 'application/json', 'X-Auth-Token': '&lt;omitted&gt;'}
        Body: {"security_group_rule": {"tenant_id": "5cb8038b47af45aebb5e6de263d025e1", "direction": "egress", "protocol": "icmp", "security_group_id": "b30c45af-306d-497c-858f-f230c3457327"}}
    Response - Headers: {'status': '201', 'content-length': '344', 'connection': 'close', 'date': 'Tue, 05 Jan 2016 11:15:36 GMT', 'content-type': 'application/json; charset=UTF-8', 'x-openstack-request-id': 'req-d5b183d3-63e4-40ee-be73-612b85ba69e9'}
        Body: {"security_group_rule": {"remote_group_id": null, "direction": "egress", "remote_ip_prefix": null, "protocol": "icmp", "ethertype": "IPv4", "tenant_id": "5cb8038b47af45aebb5e6de263d025e1", "port_range_max": null, "port_range_min": null, "id": "8ba9488d-1445-4a58-bb1e-f86b81857396", "security_group_id": "b30c45af-306d-497c-858f-f230c3457327"}}
2016-01-05 11:15:36,898 24254 INFO     [tempest_lib.common.rest_client] Request (TestGettingAddress:setUp): 201 POST http://10.0.2.15:9696/v2.0/security-group-rules 0.126s
2016-01-05 11:15:36,899 24254 DEBUG    [tempest_lib.common.rest_client] Request - Headers: {'Content-Type': 'application/json', 'Accept': 'application/json', 'X-Auth-Token': '&lt;omitted&gt;'}
        Body: {"security_group_rule": {"tenant_id": "5cb8038b47af45aebb5e6de263d025e1", "direction": "ingress", "security_group_id": "b30c45af-306d-497c-858f-f230c3457327", "protocol": "icmp", "ethertype": "IPv6"}}
    Response - Headers: {'status': '201', 'content-length': '345', 'connection': 'close', 'date': 'Tue, 05 Jan 2016 11:15:36 GMT', 'content-type': 'application/json; charset=UTF-8', 'x-openstack-request-id': 'req-d47a7885-56cb-40cf-b8c1-851b6011a559'}
        Body: {"security_group_rule": {"remote_group_id": null, "direction": "ingress", "remote_ip_prefix": null, "protocol": "icmp", "ethertype": "IPv6", "tenant_id": "5cb8038b47af45aebb5e6de263d025e1", "port_range_max": null, "port_range_min": null, "id": "6457b31f-456f-435e-a185-57dc1c938646", "security_group_id": "b30c45af-306d-497c-858f-f230c3457327"}}
2016-01-05 11:15:37,021 24254 INFO     [tempest_lib.common.rest_client] Request (TestGettingAddress:setUp): 201 POST http://10.0.2.15:9696/v2.0/security-group-rules 0.121s
2016-01-05 11:15:37,021 24254 DEBUG    [tempest_lib.common.rest_client] Request - Headers: {'Content-Type': 'application/json', 'Accept': 'application/json', 'X-Auth-Token': '&lt;omitted&gt;'}
        Body: {"security_group_rule": {"tenant_id": "5cb8038b47af45aebb5e6de263d025e1", "direction": "egress", "security_group_id": "b30c45af-306d-497c-858f-f230c3457327", "protocol": "icmp", "ethertype": "IPv6"}}
    Response - Headers: {'status': '201', 'content-length': '344', 'connection': 'close', 'date': 'Tue, 05 Jan 2016 11:15:37 GMT', 'content-type': 'application/json; charset=UTF-8', 'x-openstack-request-id': 'req-5a32af00-c128-4c87-90a9-3fcf771b51e1'}
        Body: {"security_group_rule": {"remote_group_id": null, "direction": "egress", "remote_ip_prefix": null, "protocol": "icmp", "ethertype": "IPv6", "tenant_id": "5cb8038b47af45aebb5e6de263d025e1", "port_range_max": null, "port_range_min": null, "id": "4e6038e9-117d-49a9-ae5e-5cbff02be624", "security_group_id": "b30c45af-306d-497c-858f-f230c3457327"}}
2016-01-05 11:15:37,294 24254 INFO     [tempest_lib.common.rest_client] Request (TestGettingAddress:test_dhcp6_stateless_from_os): 201 POST http://10.0.2.15:9696/v2.0/networks 0.270s
2016-01-05 11:15:37,294 24254 DEBUG    [tempest_lib.common.rest_client] Request - Headers: {'Content-Type': 'application/json', 'Accept': 'application/json', 'X-Auth-Token': '&lt;omitted&gt;'}
        Body: {"network": {"tenant_id": "5cb8038b47af45aebb5e6de263d025e1", "name": "tempest-network-smoke--596358507"}}
    Response - Headers: {'status': '201', 'content-length': '326', 'connection': 'close', 'date': 'Tue, 05 Jan 2016 11:15:37 GMT', 'content-type': 'application/json; charset=UTF-8', 'x-openstack-request-id': 'req-a33d073b-a07a-4582-a1ed-aff438a6b347'}
        Body: {"network": {"status": "ACTIVE", "subnets": [], "availability_zone_hints": [], "name": "tempest-network-smoke--596358507", "admin_state_up": true, "tenant_id": "5cb8038b47af45aebb5e6de263d025e1", "mtu": 0, "router:external": false, "shared": false, "port_security_enabled": true, "id": "acbeeb0a-174d-401d-b0ee-4aff807d37f7"}}
2016-01-05 11:15:37,507 24254 INFO     [tempest_lib.common.rest_client] Request (TestGettingAddress:test_dhcp6_stateless_from_os): 200 GET http://10.0.2.15:9696/v2.0/subnets?tenant_id=5cb8038b47af45aebb5e6de263d025e1&amp;cidr=10.100.0.0%2F28 0.210s
2016-01-05 11:15:37,508 24254 DEBUG    [tempest_lib.common.rest_client] Request - Headers: {'Content-Type': 'application/json', 'Accept': 'application/json', 'X-Auth-Token': '&lt;omitted&gt;'}
        Body: None
    Response - Headers: {'status': '200', 'content-length': '15', 'content-location': 'http://10.0.2.15:9696/v2.0/subnets?tenant_id=5cb8038b47af45aebb5e6de263d025e1&amp;cidr=10.100.0.0%2F28', 'connection': 'close', 'date': 'Tue, 05 Jan 2016 11:15:37 GMT', 'content-type': 'application/json; charset=UTF-8', 'x-openstack-request-id': 'req-c69f301f-611c-4054-9624-6c6aa7f9e549'}
        Body: {"subnets": []}
2016-01-05 11:15:37,864 24254 INFO     [tempest_lib.common.rest_client] Request (TestGettingAddress:test_dhcp6_stateless_from_os): 201 POST http://10.0.2.15:9696/v2.0/subnets 0.356s
2016-01-05 11:15:37,865 24254 DEBUG    [tempest_lib.common.rest_client] Request - Headers: {'Content-Type': 'application/json', 'Accept': 'application/json', 'X-Auth-Token': '&lt;omitted&gt;'}
        Body: {"subnet": {"ip_version": 4, "tenant_id": "5cb8038b47af45aebb5e6de263d025e1", "cidr": "10.100.0.0/28", "network_id": "acbeeb0a-174d-401d-b0ee-4aff807d37f7", "name": "tempest-sub4-1387203586"}}
    Response - Headers: {'status': '201', 'content-length': '470', 'connection': 'close', 'date': 'Tue, 05 Jan 2016 11:15:37 GMT', 'content-type': 'application/json; charset=UTF-8', 'x-openstack-request-id': 'req-4077da69-2c67-4d97-952e-df57beb7f16b'}
        Body: {"subnet": {"name": "tempest-sub4-1387203586", "enable_dhcp": true, "network_id": "acbeeb0a-174d-401d-b0ee-4aff807d37f7", "tenant_id": "5cb8038b47af45aebb5e6de263d025e1", "dns_nameservers": [], "gateway_ip": "10.100.0.1", "ipv6_ra_mode": null, "allocation_pools": [{"start": "10.100.0.2", "end": "10.100.0.14"}], "host_routes": [], "ip_version": 4, "ipv6_address_mode": null, "cidr": "10.100.0.0/28", "id": "1dd23c2a-0ba4-42f0-b9a7-e9b4987fe271", "subnetpool_id": null}}
2016-01-05 11:15:37,934 24254 INFO     [tempest_lib.common.rest_client] Request (TestGettingAddress:test_dhcp6_stateless_from_os): 201 POST http://10.0.2.15:9696/v2.0/routers 0.068s
2016-01-05 11:15:37,934 24254 DEBUG    [tempest_lib.common.rest_client] Request - Headers: {'Content-Type': 'application/json', 'Accept': 'application/json', 'X-Auth-Token': '&lt;omitted&gt;'}
        Body: {"router": {"tenant_id": "5cb8038b47af45aebb5e6de263d025e1", "name": "tempest-router-smoke-22919394", "admin_state_up": true}}
    Response - Headers: {'status': '201', 'content-length': '294', 'connection': 'close', 'date': 'Tue, 05 Jan 2016 11:15:37 GMT', 'content-type': 'application/json; charset=UTF-8', 'x-openstack-request-id': 'req-e0650245-92ce-4259-8360-8a175fba00c9'}
        Body: {"router": {"status": "ACTIVE", "external_gateway_info": null, "availability_zone_hints": [], "availability_zones": [], "name": "tempest-router-smoke-22919394", "admin_state_up": true, "tenant_id": "5cb8038b47af45aebb5e6de263d025e1", "routes": [], "id": "214b8088-86e8-41b4-9955-9f7598a82f23"}}
2016-01-05 11:15:37,981 24254 INFO     [tempest_lib.common.rest_client] Request (TestGettingAddress:test_dhcp6_stateless_from_os): 200 GET http://10.0.2.15:9696/v2.0/routers/214b8088-86e8-41b4-9955-9f7598a82f23 0.046s
2016-01-05 11:15:37,981 24254 DEBUG    [tempest_lib.common.rest_client] Request - Headers: {'Content-Type': 'application/json', 'Accept': 'application/json', 'X-Auth-Token': '&lt;omitted&gt;'}
        Body: None
    Response - Headers: {'status': '200', 'content-length': '294', 'content-location': 'http://10.0.2.15:9696/v2.0/routers/214b8088-86e8-41b4-9955-9f7598a82f23', 'connection': 'close', 'date': 'Tue, 05 Jan 2016 11:15:37 GMT', 'content-type': 'application/json; charset=UTF-8', 'x-openstack-request-id': 'req-1f335e20-67df-43e4-a9db-651eb49b8d3c'}
        Body: {"router": {"status": "ACTIVE", "external_gateway_info": null, "availability_zone_hints": [], "availability_zones": [], "name": "tempest-router-smoke-22919394", "admin_state_up": true, "tenant_id": "5cb8038b47af45aebb5e6de263d025e1", "routes": [], "id": "214b8088-86e8-41b4-9955-9f7598a82f23"}}
2016-01-05 11:15:38,643 24254 INFO     [tempest_lib.common.rest_client] Request (TestGettingAddress:test_dhcp6_stateless_from_os): 200 PUT http://10.0.2.15:9696/v2.0/routers/214b8088-86e8-41b4-9955-9f7598a82f23 0.660s
2016-01-05 11:15:38,643 24254 DEBUG    [tempest_lib.common.rest_client] Request - Headers: {'Content-Type': 'application/json', 'Accept': 'application/json', 'X-Auth-Token': '&lt;omitted&gt;'}
        Body: {"router": {"external_gateway_info": {"network_id": "db151373-e45e-4244-8e1b-b658af31b6ea"}, "name": "tempest-router-smoke-22919394", "admin_state_up": true}}
    Response - Headers: {'status': '200', 'content-length': '556', 'connection': 'close', 'date': 'Tue, 05 Jan 2016 11:15:38 GMT', 'content-type': 'application/json; charset=UTF-8', 'x-openstack-request-id': 'req-74ef683d-2007-4b45-ae40-9670656f8693'}
        Body: {"router": {"status": "ACTIVE", "external_gateway_info": {"network_id": "db151373-e45e-4244-8e1b-b658af31b6ea", "enable_snat": true, "external_fixed_ips": [{"subnet_id": "649f6bc6-1697-4861-a287-34054901dafa", "ip_address": "172.24.4.3"}, {"subnet_id": "78fdab10-3e3c-441f-a86c-d837e0d2253d", "ip_address": "2001:db8::3"}]}, "availability_zone_hints": [], "availability_zones": [], "name": "tempest-router-smoke-22919394", "admin_state_up": true, "tenant_id": "5cb8038b47af45aebb5e6de263d025e1", "routes": [], "id": "214b8088-86e8-41b4-9955-9f7598a82f23"}}
2016-01-05 11:15:39,291 24254 INFO     [tempest_lib.common.rest_client] Request (TestGettingAddress:test_dhcp6_stateless_from_os): 200 PUT http://10.0.2.15:9696/v2.0/routers/214b8088-86e8-41b4-9955-9f7598a82f23/add_router_interface 0.646s
2016-01-05 11:15:39,291 24254 DEBUG    [tempest_lib.common.rest_client] Request - Headers: {'Content-Type': 'application/json', 'Accept': 'application/json', 'X-Auth-Token': '&lt;omitted&gt;'}
        Body: {"subnet_id": "1dd23c2a-0ba4-42f0-b9a7-e9b4987fe271"}
    Response - Headers: {'status': '200', 'content-length': '255', 'connection': 'close', 'date': 'Tue, 05 Jan 2016 11:15:39 GMT', 'content-type': 'application/json; charset=UTF-8', 'x-openstack-request-id': 'req-57ac1ecb-e3a0-41ee-9429-00758270cccb'}
        Body: {"subnet_id": "1dd23c2a-0ba4-42f0-b9a7-e9b4987fe271", "tenant_id": "5cb8038b47af45aebb5e6de263d025e1", "subnet_ids": ["1dd23c2a-0ba4-42f0-b9a7-e9b4987fe271"], "port_id": "eb5e2b49-9589-4a23-9502-1bd3c31807dd", "id": "214b8088-86e8-41b4-9955-9f7598a82f23"}
2016-01-05 11:15:39,353 24254 INFO     [tempest_lib.common.rest_client] Request (TestGettingAddress:test_dhcp6_stateless_from_os): 200 GET http://10.0.2.15:9696/v2.0/subnets?tenant_id=5cb8038b47af45aebb5e6de263d025e1&amp;cidr=2003%3A%3A%2F64 0.061s
2016-01-05 11:15:39,354 24254 DEBUG    [tempest_lib.common.rest_client] Request - Headers: {'Content-Type': 'application/json', 'Accept': 'application/json', 'X-Auth-Token': '&lt;omitted&gt;'}
        Body: None
    Response - Headers: {'status': '200', 'content-length': '15', 'content-location': 'http://10.0.2.15:9696/v2.0/subnets?tenant_id=5cb8038b47af45aebb5e6de263d025e1&amp;cidr=2003%3A%3A%2F64', 'connection': 'close', 'date': 'Tue, 05 Jan 2016 11:15:39 GMT', 'content-type': 'application/json; charset=UTF-8', 'x-openstack-request-id': 'req-d866b1c7-e557-4463-a814-4b040eafd3f5'}
        Body: {"subnets": []}
2016-01-05 11:15:39,717 24254 INFO     [tempest_lib.common.rest_client] Request (TestGettingAddress:test_dhcp6_stateless_from_os): 201 POST http://10.0.2.15:9696/v2.0/subnets 0.362s
2016-01-05 11:15:39,717 24254 DEBUG    [tempest_lib.common.rest_client] Request - Headers: {'Content-Type': 'application/json', 'Accept': 'application/json', 'X-Auth-Token': '&lt;omitted&gt;'}
        Body: {"subnet": {"name": "tempest-sub6-100777903", "network_id": "acbeeb0a-174d-401d-b0ee-4aff807d37f7", "tenant_id": "5cb8038b47af45aebb5e6de263d025e1", "ipv6_ra_mode": "dhcpv6-stateless", "ip_version": 6, "ipv6_address_mode": "dhcpv6-stateless", "cidr": "2003::/64"}}
    Response - Headers: {'status': '201', 'content-length': '501', 'connection': 'close', 'date': 'Tue, 05 Jan 2016 11:15:39 GMT', 'content-type': 'application/json; charset=UTF-8', 'x-openstack-request-id': 'req-98002799-078e-46bc-930b-5e59333b7e36'}
        Body: {"subnet": {"name": "tempest-sub6-100777903", "enable_dhcp": true, "network_id": "acbeeb0a-174d-401d-b0ee-4aff807d37f7", "tenant_id": "5cb8038b47af45aebb5e6de263d025e1", "dns_nameservers": [], "gateway_ip": "2003::1", "ipv6_ra_mode": "dhcpv6-stateless", "allocation_pools": [{"start": "2003::2", "end": "2003::ffff:ffff:ffff:ffff"}], "host_routes": [], "ip_version": 6, "ipv6_address_mode": "dhcpv6-stateless", "cidr": "2003::/64", "id": "3587c7a6-9242-437c-9ef0-cb1ed31b1732", "subnetpool_id": null}}
2016-01-05 11:15:40,523 24254 INFO     [tempest_lib.common.rest_client] Request (TestGettingAddress:test_dhcp6_stateless_from_os): 200 PUT http://10.0.2.15:9696/v2.0/routers/214b8088-86e8-41b4-9955-9f7598a82f23/add_router_interface 0.804s
2016-01-05 11:15:40,524 24254 DEBUG    [tempest_lib.common.rest_client] Request - Headers: {'Content-Type': 'application/json', 'Accept': 'application/json', 'X-Auth-Token': '&lt;omitted&gt;'}
        Body: {"subnet_id": "3587c7a6-9242-437c-9ef0-cb1ed31b1732"}
    Response - Headers: {'status': '200', 'content-length': '255', 'connection': 'close', 'date': 'Tue, 05 Jan 2016 11:15:40 GMT', 'content-type': 'application/json; charset=UTF-8', 'x-openstack-request-id': 'req-88d9c6f4-060e-471e-ac50-da9539b702e5'}
        Body: {"subnet_id": "3587c7a6-9242-437c-9ef0-cb1ed31b1732", "tenant_id": "5cb8038b47af45aebb5e6de263d025e1", "subnet_ids": ["3587c7a6-9242-437c-9ef0-cb1ed31b1732"], "port_id": "de518ec9-9c1e-425c-a8af-5e820ba73244", "id": "214b8088-86e8-41b4-9955-9f7598a82f23"}
2016-01-05 11:15:40,660 24254 INFO     [tempest_lib.common.rest_client] Request (TestGettingAddress:test_dhcp6_stateless_from_os): 200 POST http://10.0.2.15:5000/v2.0/tokens
2016-01-05 11:15:40,661 24254 DEBUG    [tempest_lib.common.rest_client] Request - Headers: {'Content-Type': 'application/json', 'Accept': 'application/json'}
        Body: &lt;omitted&gt;
    Response - Headers: {'status': '200', 'content-length': '2271', 'vary': 'X-Auth-Token', 'server': 'Apache/2.4.7 (Ubuntu)', 'connection': 'close', 'date': 'Tue, 05 Jan 2016 11:15:40 GMT', 'content-type': 'application/json', 'x-openstack-request-id': 'req-5d0e303e-ce40-40cc-8697-cfd239256ed2'}
        Body: {"access": {"token": {"issued_at": "2016-01-05T11:15:40.648701", "expires": "2016-01-05T12:15:40Z", "id": "16009db49fbd45bb85474268a0e9b268", "tenant": {"description": "tempest-TestGettingAddress-1144161022-desc", "enabled": true, "id": "5cb8038b47af45aebb5e6de263d025e1", "name": "tempest-TestGettingAddress-1144161022"}, "audit_ids": ["zdmZ8SgMTnCzDfa2leZ6Ww"]}, "serviceCatalog": [{"endpoints": [{"adminURL": "http://10.0.2.15:9292", "region": "RegionOne", "internalURL": "http://10.0.2.15:9292", "id": "633ee8e8a8024e65ae2650b2a7559e11", "publicURL": "http://10.0.2.15:9292"}], "endpoints_links": [], "type": "image", "name": "glance"}, {"endpoints": [{"adminURL": "http://10.0.2.15:8774/v2.1/5cb8038b47af45aebb5e6de263d025e1", "region": "RegionOne", "internalURL": "http://10.0.2.15:8774/v2.1/5cb8038b47af45aebb5e6de263d025e1", "id": "4e5d901cd88c42aaba0a8d63672f0df9", "publicURL": "http://10.0.2.15:8774/v2.1/5cb8038b47af45aebb5e6de263d025e1"}], "endpoints_links": [], "type": "compute", "name": "nova"}, {"endpoints": [{"adminURL": "http://10.0.2.15:9696/", "region": "RegionOne", "internalURL": "http://10.0.2.15:9696/", "id": "0e58c1fc68304fbeaad2960f56802271", "publicURL": "http://10.0.2.15:9696/"}], "endpoints_links": [], "type": "network", "name": "neutron"}, {"endpoints": [{"adminURL": "http://10.0.2.15:35357/v2.0", "region": "RegionOne", "internalURL": "http://10.0.2.15:5000/v2.0", "id": "19a2d16a3a624f20ab9dabc5457e93c0", "publicURL": "http://10.0.2.15:5000/v2.0"}], "endpoints_links": [], "type": "identity", "name": "keystone"}, {"endpoints": [{"adminURL": "http://10.0.2.15:8774/v2/5cb8038b47af45aebb5e6de263d025e1", "region": "RegionOne", "internalURL": "http://10.0.2.15:8774/v2/5cb8038b47af45aebb5e6de263d025e1", "id": "497588a674b74480819b7e979855a432", "publicURL": "http://10.0.2.15:8774/v2/5cb8038b47af45aebb5e6de263d025e1"}], "endpoints_links": [], "type": "compute_legacy", "name": "nova_legacy"}], "user": {"username": "tempest-TestGettingAddress-2078580599", "roles_links": [], "id": "e463ae9940514fb6a870b0ba07be44f8", "roles": [{"name": "_member_"}, {"name": "Member"}], "name": "tempest-TestGettingAddress-2078580599"}, "metadata": {"is_admin": 0, "roles": ["9fe2ff9ee4384b1894a90878d3e92bab", "23a523ab10eb45b7a73ece52be26746c"]}}}
2016-01-05 11:15:40,665 24254 DEBUG    [tempest.common.fixed_network] (TestGettingAddress:test_dhcp6_stateless_from_os) No valid network provided or created, defaulting to fixed_network_name
2016-01-05 11:15:41,000 24254 INFO     [tempest_lib.common.rest_client] Request (TestGettingAddress:test_dhcp6_stateless_from_os): 200 GET http://10.0.2.15:8774/v2.1/5cb8038b47af45aebb5e6de263d025e1/os-networks 0.334s
2016-01-05 11:15:41,000 24254 DEBUG    [tempest_lib.common.rest_client] Request - Headers: {'Content-Type': 'application/json', 'Accept': 'application/json', 'X-Auth-Token': '&lt;omitted&gt;'}
        Body: None
    Response - Headers: {'status': '200', 'content-length': '478', 'content-location': 'http://10.0.2.15:8774/v2.1/5cb8038b47af45aebb5e6de263d025e1/os-networks', 'x-compute-request-id': 'req-1393a220-16c9-4739-b801-c6388e4cdb1a', 'vary': 'X-OpenStack-Nova-API-Version', 'connection': 'close', 'x-openstack-nova-api-version': '2.1', 'date': 'Tue, 05 Jan 2016 11:15:40 GMT', 'content-type': 'application/json'}
        Body: {"networks": [{"cidr_v6": null, "dns2": null, "dns1": null, "gateway": null, "broadcast": null, "netmask": null, "gateway_v6": null, "cidr": null, "label": "public", "id": "db151373-e45e-4244-8e1b-b658af31b6ea", "netmask_v6": null}, {"cidr_v6": null, "dns2": null, "dns1": null, "gateway": null, "broadcast": null, "netmask": null, "gateway_v6": null, "cidr": null, "label": "tempest-network-smoke--596358507", "id": "acbeeb0a-174d-401d-b0ee-4aff807d37f7", "netmask_v6": null}]}
2016-01-05 11:15:41,001 24254 WARNING  [tempest.common.fixed_network] (TestGettingAddress:test_dhcp6_stateless_from_os) Network with name: private not found
2016-01-05 11:15:41,001 24254 INFO     [tempest.common.fixed_network] (TestGettingAddress:test_dhcp6_stateless_from_os) Found network {} available for tenant
2016-01-05 11:15:42,714 24254 INFO     [tempest_lib.common.rest_client] Request (TestGettingAddress:test_dhcp6_stateless_from_os): 202 POST http://10.0.2.15:8774/v2.1/5cb8038b47af45aebb5e6de263d025e1/servers 1.711s
2016-01-05 11:15:42,715 24254 DEBUG    [tempest_lib.common.rest_client] Request - Headers: {'Content-Type': 'application/json', 'Accept': 'application/json', 'X-Auth-Token': '&lt;omitted&gt;'}
        Body: {"server": {"name": "tempest.common.compute-instance-657170510", "imageRef": "67f71e3f-ca6e-44a5-82c9-163db84ef4e6", "key_name": "tempest-TestGettingAddress-76614740", "flavorRef": "42", "networks": [{"uuid": "acbeeb0a-174d-401d-b0ee-4aff807d37f7"}], "security_groups": [{"name": "tempest-secgroup-smoke-1302092599"}]}}
    Response - Headers: {'status': '202', 'content-length': '462', 'x-compute-request-id': 'req-84ff8757-508a-47ff-807f-ca3755bcc44b', 'vary': 'X-OpenStack-Nova-API-Version', 'connection': 'close', 'location': 'http://10.0.2.15:8774/v2.1/5cb8038b47af45aebb5e6de263d025e1/servers/206b2910-216e-4ac6-b1d3-e90d8a8d3dfe', 'x-openstack-nova-api-version': '2.1', 'date': 'Tue, 05 Jan 2016 11:15:42 GMT', 'content-type': 'application/json'}
        Body: {"server": {"security_groups": [{"name": "tempest-secgroup-smoke-1302092599"}], "OS-DCF:diskConfig": "MANUAL", "id": "206b2910-216e-4ac6-b1d3-e90d8a8d3dfe", "links": [{"href": "http://10.0.2.15:8774/v2.1/5cb8038b47af45aebb5e6de263d025e1/servers/206b2910-216e-4ac6-b1d3-e90d8a8d3dfe", "rel": "self"}, {"href": "http://10.0.2.15:8774/5cb8038b47af45aebb5e6de263d025e1/servers/206b2910-216e-4ac6-b1d3-e90d8a8d3dfe", "rel": "bookmark"}], "adminPass": "XQXE9vnbPkK6"}}
2016-01-05 11:15:42,863 24254 INFO     [tempest_lib.common.rest_client] Request (TestGettingAddress:test_dhcp6_stateless_from_os): 200 GET http://10.0.2.15:8774/v2.1/5cb8038b47af45aebb5e6de263d025e1/servers/206b2910-216e-4ac6-b1d3-e90d8a8d3dfe 0.146s
2016-01-05 11:15:42,864 24254 DEBUG    [tempest_lib.common.rest_client] Request - Headers: {'Content-Type': 'application/json', 'Accept': 'application/json', 'X-Auth-Token': '&lt;omitted&gt;'}
        Body: None
    Response - Headers: {'status': '200', 'content-length': '1352', 'content-location': 'http://10.0.2.15:8774/v2.1/5cb8038b47af45aebb5e6de263d025e1/servers/206b2910-216e-4ac6-b1d3-e90d8a8d3dfe', 'x-compute-request-id': 'req-d86c688a-c3f7-4acb-822c-267a11f5bdb2', 'vary': 'X-OpenStack-Nova-API-Version', 'connection': 'close', 'x-openstack-nova-api-version': '2.1', 'date': 'Tue, 05 Jan 2016 11:15:42 GMT', 'content-type': 'application/json'}
        Body: {"server": {"status": "BUILD", "updated": "2016-01-05T11:15:42Z", "hostId": "", "addresses": {}, "links": [{"href": "http://10.0.2.15:8774/v2.1/5cb8038b47af45aebb5e6de263d025e1/servers/206b2910-216e-4ac6-b1d3-e90d8a8d3dfe", "rel": "self"}, {"href": "http://10.0.2.15:8774/5cb8038b47af45aebb5e6de263d025e1/servers/206b2910-216e-4ac6-b1d3-e90d8a8d3dfe", "rel": "bookmark"}], "key_name": "tempest-TestGettingAddress-76614740", "image": {"id": "67f71e3f-ca6e-44a5-82c9-163db84ef4e6", "links": [{"href": "http://10.0.2.15:8774/5cb8038b47af45aebb5e6de263d025e1/images/67f71e3f-ca6e-44a5-82c9-163db84ef4e6", "rel": "bookmark"}]}, "OS-EXT-STS:task_state": "scheduling", "OS-EXT-STS:vm_state": "building", "OS-SRV-USG:launched_at": null, "flavor": {"id": "42", "links": [{"href": "http://10.0.2.15:8774/5cb8038b47af45aebb5e6de263d025e1/flavors/42", "rel": "bookmark"}]}, "id": "206b2910-216e-4ac6-b1d3-e90d8a8d3dfe", "OS-SRV-USG:terminated_at": null, "OS-EXT-AZ:availability_zone": "", "user_id": "e463ae9940514fb6a870b0ba07be44f8", "name": "tempest.common.compute-instance-657170510", "created": "2016-01-05T11:15:42Z", "tenant_id": "5cb8038b47af45aebb5e6de263d025e1", "OS-DCF:diskConfig": "MANUAL", "os-extended-volumes:volumes_attached": [], "accessIPv4": "", "accessIPv6": "", "progress": 0, "OS-EXT-STS:power_state": 0, "config_drive": "", "metadata": {}}}
2016-01-05 11:15:44,212 24254 INFO     [tempest_lib.common.rest_client] Request (TestGettingAddress:test_dhcp6_stateless_from_os): 200 GET http://10.0.2.15:8774/v2.1/5cb8038b47af45aebb5e6de263d025e1/servers/206b2910-216e-4ac6-b1d3-e90d8a8d3dfe 0.339s
2016-01-05 11:15:44,212 24254 DEBUG    [tempest_lib.common.rest_client] Request - Headers: {'Content-Type': 'application/json', 'Accept': 'application/json', 'X-Auth-Token': '&lt;omitted&gt;'}
        Body: None
    Response - Headers: {'status': '200', 'content-length': '1478', 'content-location': 'http://10.0.2.15:8774/v2.1/5cb8038b47af45aebb5e6de263d025e1/servers/206b2910-216e-4ac6-b1d3-e90d8a8d3dfe', 'x-compute-request-id': 'req-961e2592-1e34-4b9c-9e88-c383c7c805d5', 'vary': 'X-OpenStack-Nova-API-Version', 'connection': 'close', 'x-openstack-nova-api-version': '2.1', 'date': 'Tue, 05 Jan 2016 11:15:44 GMT', 'content-type': 'application/json'}
        Body: {"server": {"status": "BUILD", "updated": "2016-01-05T11:15:43Z", "hostId": "879e0288a69c8c8bb726ae349956ab221bacec57f5954e236f2d5e45", "addresses": {}, "links": [{"href": "http://10.0.2.15:8774/v2.1/5cb8038b47af45aebb5e6de263d025e1/servers/206b2910-216e-4ac6-b1d3-e90d8a8d3dfe", "rel": "self"}, {"href": "http://10.0.2.15:8774/5cb8038b47af45aebb5e6de263d025e1/servers/206b2910-216e-4ac6-b1d3-e90d8a8d3dfe", "rel": "bookmark"}], "key_name": "tempest-TestGettingAddress-76614740", "image": {"id": "67f71e3f-ca6e-44a5-82c9-163db84ef4e6", "links": [{"href": "http://10.0.2.15:8774/5cb8038b47af45aebb5e6de263d025e1/images/67f71e3f-ca6e-44a5-82c9-163db84ef4e6", "rel": "bookmark"}]}, "OS-EXT-STS:task_state": "spawning", "OS-EXT-STS:vm_state": "building", "OS-SRV-USG:launched_at": null, "flavor": {"id": "42", "links": [{"href": "http://10.0.2.15:8774/5cb8038b47af45aebb5e6de263d025e1/flavors/42", "rel": "bookmark"}]}, "id": "206b2910-216e-4ac6-b1d3-e90d8a8d3dfe", "security_groups": [{"name": "tempest-secgroup-smoke-1302092599"}], "OS-SRV-USG:terminated_at": null, "OS-EXT-AZ:availability_zone": "nova", "user_id": "e463ae9940514fb6a870b0ba07be44f8", "name": "tempest.common.compute-instance-657170510", "created": "2016-01-05T11:15:42Z", "tenant_id": "5cb8038b47af45aebb5e6de263d025e1", "OS-DCF:diskConfig": "MANUAL", "os-extended-volumes:volumes_attached": [], "accessIPv4": "", "accessIPv6": "", "progress": 0, "OS-EXT-STS:power_state": 0, "config_drive": "", "metadata": {}}}
2016-01-05 11:15:44,222 24254 INFO     [tempest.common.waiters] State transition "BUILD/scheduling" ==&gt; "BUILD/spawning" after 2 second wait
2016-01-05 11:15:45,609 24254 INFO     [tempest_lib.common.rest_client] Request (TestGettingAddress:test_dhcp6_stateless_from_os): 200 GET http://10.0.2.15:8774/v2.1/5cb8038b47af45aebb5e6de263d025e1/servers/206b2910-216e-4ac6-b1d3-e90d8a8d3dfe 0.384s
2016-01-05 11:15:45,609 24254 DEBUG    [tempest_lib.common.rest_client] Request - Headers: {'Content-Type': 'application/json', 'Accept': 'application/json', 'X-Auth-Token': '&lt;omitted&gt;'}
        Body: None
    Response - Headers: {'status': '200', 'content-length': '1478', 'content-location': 'http://10.0.2.15:8774/v2.1/5cb8038b47af45aebb5e6de263d025e1/servers/206b2910-216e-4ac6-b1d3-e90d8a8d3dfe', 'x-compute-request-id': 'req-b9ad8a48-1fe5-4b8a-a44a-6a53ce070652', 'vary': 'X-OpenStack-Nova-API-Version', 'connection': 'close', 'x-openstack-nova-api-version': '2.1', 'date': 'Tue, 05 Jan 2016 11:15:45 GMT', 'content-type': 'application/json'}
        Body: {"server": {"status": "BUILD", "updated": "2016-01-05T11:15:43Z", "hostId": "879e0288a69c8c8bb726ae349956ab221bacec57f5954e236f2d5e45", "addresses": {}, "links": [{"href": "http://10.0.2.15:8774/v2.1/5cb8038b47af45aebb5e6de263d025e1/servers/206b2910-216e-4ac6-b1d3-e90d8a8d3dfe", "rel": "self"}, {"href": "http://10.0.2.15:8774/5cb8038b47af45aebb5e6de263d025e1/servers/206b2910-216e-4ac6-b1d3-e90d8a8d3dfe", "rel": "bookmark"}], "key_name": "tempest-TestGettingAddress-76614740", "image": {"id": "67f71e3f-ca6e-44a5-82c9-163db84ef4e6", "links": [{"href": "http://10.0.2.15:8774/5cb8038b47af45aebb5e6de263d025e1/images/67f71e3f-ca6e-44a5-82c9-163db84ef4e6", "rel": "bookmark"}]}, "OS-EXT-STS:task_state": "spawning", "OS-EXT-STS:vm_state": "building", "OS-SRV-USG:launched_at": null, "flavor": {"id": "42", "links": [{"href": "http://10.0.2.15:8774/5cb8038b47af45aebb5e6de263d025e1/flavors/42", "rel": "bookmark"}]}, "id": "206b2910-216e-4ac6-b1d3-e90d8a8d3dfe", "security_groups": [{"name": "tempest-secgroup-smoke-1302092599"}], "OS-SRV-USG:terminated_at": null, "OS-EXT-AZ:availability_zone": "nova", "user_id": "e463ae9940514fb6a870b0ba07be44f8", "name": "tempest.common.compute-instance-657170510", "created": "2016-01-05T11:15:42Z", "tenant_id": "5cb8038b47af45aebb5e6de263d025e1", "OS-DCF:diskConfig": "MANUAL", "os-extended-volumes:volumes_attached": [], "accessIPv4": "", "accessIPv6": "", "progress": 0, "OS-EXT-STS:power_state": 0, "config_drive": "", "metadata": {}}}
2016-01-05 11:15:46,822 24254 INFO     [tempest_lib.common.rest_client] Request (TestGettingAddress:test_dhcp6_stateless_from_os): 200 GET http://10.0.2.15:8774/v2.1/5cb8038b47af45aebb5e6de263d025e1/servers/206b2910-216e-4ac6-b1d3-e90d8a8d3dfe 0.202s
2016-01-05 11:15:46,822 24254 DEBUG    [tempest_lib.common.rest_client] Request - Headers: {'Content-Type': 'application/json', 'Accept': 'application/json', 'X-Auth-Token': '&lt;omitted&gt;'}
        Body: None
    Response - Headers: {'status': '200', 'content-length': '1778', 'content-location': 'http://10.0.2.15:8774/v2.1/5cb8038b47af45aebb5e6de263d025e1/servers/206b2910-216e-4ac6-b1d3-e90d8a8d3dfe', 'x-compute-request-id': 'req-190f1b41-c7cd-459b-bb86-397c558b9b6b', 'vary': 'X-OpenStack-Nova-API-Version', 'connection': 'close', 'x-openstack-nova-api-version': '2.1', 'date': 'Tue, 05 Jan 2016 11:15:46 GMT', 'content-type': 'application/json'}
        Body: {"server": {"status": "ACTIVE", "updated": "2016-01-05T11:15:46Z", "hostId": "879e0288a69c8c8bb726ae349956ab221bacec57f5954e236f2d5e45", "addresses": {"tempest-network-smoke--596358507": [{"OS-EXT-IPS-MAC:mac_addr": "fa:16:3e:d0:dc:cd", "version": 6, "addr": "2003::f816:3eff:fed0:dccd", "OS-EXT-IPS:type": "fixed"}, {"OS-EXT-IPS-MAC:mac_addr": "fa:16:3e:d0:dc:cd", "version": 4, "addr": "10.100.0.3", "OS-EXT-IPS:type": "fixed"}]}, "links": [{"href": "http://10.0.2.15:8774/v2.1/5cb8038b47af45aebb5e6de263d025e1/servers/206b2910-216e-4ac6-b1d3-e90d8a8d3dfe", "rel": "self"}, {"href": "http://10.0.2.15:8774/5cb8038b47af45aebb5e6de263d025e1/servers/206b2910-216e-4ac6-b1d3-e90d8a8d3dfe", "rel": "bookmark"}], "key_name": "tempest-TestGettingAddress-76614740", "image": {"id": "67f71e3f-ca6e-44a5-82c9-163db84ef4e6", "links": [{"href": "http://10.0.2.15:8774/5cb8038b47af45aebb5e6de263d025e1/images/67f71e3f-ca6e-44a5-82c9-163db84ef4e6", "rel": "bookmark"}]}, "OS-EXT-STS:task_state": null, "OS-EXT-STS:vm_state": "active", "OS-SRV-USG:launched_at": "2016-01-05T11:15:46.000000", "flavor": {"id": "42", "links": [{"href": "http://10.0.2.15:8774/5cb8038b47af45aebb5e6de263d025e1/flavors/42", "rel": "bookmark"}]}, "id": "206b2910-216e-4ac6-b1d3-e90d8a8d3dfe", "security_groups": [{"name": "tempest-secgroup-smoke-1302092599"}], "OS-SRV-USG:terminated_at": null, "OS-EXT-AZ:availability_zone": "nova", "user_id": "e463ae9940514fb6a870b0ba07be44f8", "name": "tempest.common.compute-instance-657170510", "created": "2016-01-05T11:15:42Z", "tenant_id": "5cb8038b47af45aebb5e6de263d025e1", "OS-DCF:diskConfig": "MANUAL", "os-extended-volumes:volumes_attached": [], "accessIPv4": "", "accessIPv6": "", "progress": 0, "OS-EXT-STS:power_state": 1, "config_drive": "True", "metadata": {}}}
2016-01-05 11:15:46,833 24254 INFO     [tempest.common.waiters] State transition "BUILD/spawning" ==&gt; "ACTIVE/None" after 4 second wait
2016-01-05 11:15:47,041 24254 INFO     [tempest_lib.common.rest_client] Request (TestGettingAddress:test_dhcp6_stateless_from_os): 200 GET http://10.0.2.15:8774/v2.1/5cb8038b47af45aebb5e6de263d025e1/servers/206b2910-216e-4ac6-b1d3-e90d8a8d3dfe 0.207s
2016-01-05 11:15:47,041 24254 DEBUG    [tempest_lib.common.rest_client] Request - Headers: {'Content-Type': 'application/json', 'Accept': 'application/json', 'X-Auth-Token': '&lt;omitted&gt;'}
        Body: None
    Response - Headers: {'status': '200', 'content-length': '1778', 'content-location': 'http://10.0.2.15:8774/v2.1/5cb8038b47af45aebb5e6de263d025e1/servers/206b2910-216e-4ac6-b1d3-e90d8a8d3dfe', 'x-compute-request-id': 'req-d50785cf-9032-40e1-9dd4-eb98c0c532e7', 'vary': 'X-OpenStack-Nova-API-Version', 'connection': 'close', 'x-openstack-nova-api-version': '2.1', 'date': 'Tue, 05 Jan 2016 11:15:47 GMT', 'content-type': 'application/json'}
        Body: {"server": {"status": "ACTIVE", "updated": "2016-01-05T11:15:46Z", "hostId": "879e0288a69c8c8bb726ae349956ab221bacec57f5954e236f2d5e45", "addresses": {"tempest-network-smoke--596358507": [{"OS-EXT-IPS-MAC:mac_addr": "fa:16:3e:d0:dc:cd", "version": 6, "addr": "2003::f816:3eff:fed0:dccd", "OS-EXT-IPS:type": "fixed"}, {"OS-EXT-IPS-MAC:mac_addr": "fa:16:3e:d0:dc:cd", "version": 4, "addr": "10.100.0.3", "OS-EXT-IPS:type": "fixed"}]}, "links": [{"href": "http://10.0.2.15:8774/v2.1/5cb8038b47af45aebb5e6de263d025e1/servers/206b2910-216e-4ac6-b1d3-e90d8a8d3dfe", "rel": "self"}, {"href": "http://10.0.2.15:8774/5cb8038b47af45aebb5e6de263d025e1/servers/206b2910-216e-4ac6-b1d3-e90d8a8d3dfe", "rel": "bookmark"}], "key_name": "tempest-TestGettingAddress-76614740", "image": {"id": "67f71e3f-ca6e-44a5-82c9-163db84ef4e6", "links": [{"href": "http://10.0.2.15:8774/5cb8038b47af45aebb5e6de263d025e1/images/67f71e3f-ca6e-44a5-82c9-163db84ef4e6", "rel": "bookmark"}]}, "OS-EXT-STS:task_state": null, "OS-EXT-STS:vm_state": "active", "OS-SRV-USG:launched_at": "2016-01-05T11:15:46.000000", "flavor": {"id": "42", "links": [{"href": "http://10.0.2.15:8774/5cb8038b47af45aebb5e6de263d025e1/flavors/42", "rel": "bookmark"}]}, "id": "206b2910-216e-4ac6-b1d3-e90d8a8d3dfe", "security_groups": [{"name": "tempest-secgroup-smoke-1302092599"}], "OS-SRV-USG:terminated_at": null, "OS-EXT-AZ:availability_zone": "nova", "user_id": "e463ae9940514fb6a870b0ba07be44f8", "name": "tempest.common.compute-instance-657170510", "created": "2016-01-05T11:15:42Z", "tenant_id": "5cb8038b47af45aebb5e6de263d025e1", "OS-DCF:diskConfig": "MANUAL", "os-extended-volumes:volumes_attached": [], "accessIPv4": "", "accessIPv6": "", "progress": 0, "OS-EXT-STS:power_state": 1, "config_drive": "True", "metadata": {}}}
2016-01-05 11:15:47,096 24254 INFO     [tempest_lib.common.rest_client] Request (TestGettingAddress:test_dhcp6_stateless_from_os): 200 GET http://10.0.2.15:9696/v2.0/ports?status=ACTIVE&amp;fixed_ip=None&amp;device_id=206b2910-216e-4ac6-b1d3-e90d8a8d3dfe 0.044s
2016-01-05 11:15:47,096 24254 DEBUG    [tempest_lib.common.rest_client] Request - Headers: {'Content-Type': 'application/json', 'Accept': 'application/json', 'X-Auth-Token': '&lt;omitted&gt;'}
        Body: None
    Response - Headers: {'status': '200', 'content-length': '1142', 'content-location': 'http://10.0.2.15:9696/v2.0/ports?status=ACTIVE&amp;fixed_ip=None&amp;device_id=206b2910-216e-4ac6-b1d3-e90d8a8d3dfe', 'connection': 'close', 'date': 'Tue, 05 Jan 2016 11:15:47 GMT', 'content-type': 'application/json; charset=UTF-8', 'x-openstack-request-id': 'req-59197e74-2a7d-469f-8970-358adc4a0304'}
        Body: {"ports": [{"status": "ACTIVE", "binding:host_id": "vagrant-ubuntu-trusty-64", "allowed_address_pairs": [], "extra_dhcp_opts": [], "dns_assignment": [{"hostname": "host-10-100-0-3", "ip_address": "10.100.0.3", "fqdn": "host-10-100-0-3.openstacklocal."}, {"hostname": "host-2003--f816-3eff-fed0-dccd", "ip_address": "2003::f816:3eff:fed0:dccd", "fqdn": "host-2003--f816-3eff-fed0-dccd.openstacklocal."}], "device_owner": "compute:None", "port_security_enabled": true, "binding:profile": {}, "fixed_ips": [{"subnet_id": "1dd23c2a-0ba4-42f0-b9a7-e9b4987fe271", "ip_address": "10.100.0.3"}, {"subnet_id": "3587c7a6-9242-437c-9ef0-cb1ed31b1732", "ip_address": "2003::f816:3eff:fed0:dccd"}], "id": "3b07d1e1-f1e8-4fc0-8a92-74a255d66669", "security_groups": ["b30c45af-306d-497c-858f-f230c3457327"], "device_id": "206b2910-216e-4ac6-b1d3-e90d8a8d3dfe", "name": "", "admin_state_up": true, "network_id": "acbeeb0a-174d-401d-b0ee-4aff807d37f7", "dns_name": "", "binding:vif_details": {"port_filter": true}, "binding:vnic_type": "normal", "binding:vif_type": "ovs", "tenant_id": "5cb8038b47af45aebb5e6de263d025e1", "mac_address": "fa:16:3e:d0:dc:cd"}]}
2016-01-05 11:15:47,700 24254 INFO     [tempest_lib.common.rest_client] Request (TestGettingAddress:test_dhcp6_stateless_from_os): 201 POST http://10.0.2.15:9696/v2.0/floatingips 0.602s
2016-01-05 11:15:47,700 24254 DEBUG    [tempest_lib.common.rest_client] Request - Headers: {'Content-Type': 'application/json', 'Accept': 'application/json', 'X-Auth-Token': '&lt;omitted&gt;'}
        Body: {"floatingip": {"floating_network_id": "db151373-e45e-4244-8e1b-b658af31b6ea", "tenant_id": "5cb8038b47af45aebb5e6de263d025e1", "fixed_ip_address": "10.100.0.3", "port_id": "3b07d1e1-f1e8-4fc0-8a92-74a255d66669"}}
    Response - Headers: {'status': '201', 'content-length': '367', 'connection': 'close', 'date': 'Tue, 05 Jan 2016 11:15:47 GMT', 'content-type': 'application/json; charset=UTF-8', 'x-openstack-request-id': 'req-fcdad05e-6ea3-4250-b0d9-cd9f4c0a65fc'}
        Body: {"floatingip": {"floating_network_id": "db151373-e45e-4244-8e1b-b658af31b6ea", "router_id": "214b8088-86e8-41b4-9955-9f7598a82f23", "fixed_ip_address": "10.100.0.3", "floating_ip_address": "172.24.4.4", "tenant_id": "5cb8038b47af45aebb5e6de263d025e1", "status": "DOWN", "port_id": "3b07d1e1-f1e8-4fc0-8a92-74a255d66669", "id": "e5a19834-489b-4e8c-8db1-b8013d35e18e"}}
2016-01-05 11:15:47,701 24254 INFO     [tempest_lib.common.ssh] Creating ssh connection to '172.24.4.4' as 'cirros' with public key authentication
2016-01-05 11:15:51,807 24254 WARNING  [tempest_lib.common.ssh] Failed to establish authenticated ssh connection to cirros@172.24.4.4 ([Errno None] Unable to connect to port 22 on  or 172.24.4.4). Number attempts: 1. Retry after 2 seconds.
2016-01-05 11:15:57,310 24254 WARNING  [tempest_lib.common.ssh] Failed to establish authenticated ssh connection to cirros@172.24.4.4 ([Errno None] Unable to connect to port 22 on  or 172.24.4.4). Number attempts: 2. Retry after 3 seconds.
2016-01-05 11:16:03,810 24254 WARNING  [tempest_lib.common.ssh] Failed to establish authenticated ssh connection to cirros@172.24.4.4 ([Errno None] Unable to connect to port 22 on  or 172.24.4.4). Number attempts: 3. Retry after 4 seconds.
2016-01-05 11:16:11,315 24254 WARNING  [tempest_lib.common.ssh] Failed to establish authenticated ssh connection to cirros@172.24.4.4 ([Errno None] Unable to connect to port 22 on  or 172.24.4.4). Number attempts: 4. Retry after 5 seconds.
2016-01-05 11:16:19,819 24254 WARNING  [tempest_lib.common.ssh] Failed to establish authenticated ssh connection to cirros@172.24.4.4 ([Errno None] Unable to connect to port 22 on  or 172.24.4.4). Number attempts: 5. Retry after 6 seconds.
2016-01-05 11:16:29,326 24254 WARNING  [tempest_lib.common.ssh] Failed to establish authenticated ssh connection to cirros@172.24.4.4 ([Errno None] Unable to connect to port 22 on  or 172.24.4.4). Number attempts: 6. Retry after 7 seconds.
2016-01-05 11:16:39,834 24254 WARNING  [tempest_lib.common.ssh] Failed to establish authenticated ssh connection to cirros@172.24.4.4 ([Errno None] Unable to connect to port 22 on  or 172.24.4.4). Number attempts: 7. Retry after 8 seconds.
2016-01-05 11:16:51,343 24254 WARNING  [tempest_lib.common.ssh] Failed to establish authenticated ssh connection to cirros@172.24.4.4 ([Errno None] Unable to connect to port 22 on  or 172.24.4.4). Number attempts: 8. Retry after 9 seconds.
2016-01-05 11:17:03,847 24254 WARNING  [tempest_lib.common.ssh] Failed to establish authenticated ssh connection to cirros@172.24.4.4 ([Errno None] Unable to connect to port 22 on  or 172.24.4.4). Number attempts: 9. Retry after 10 seconds.
2016-01-05 11:17:17,355 24254 WARNING  [tempest_lib.common.ssh] Failed to establish authenticated ssh connection to cirros@172.24.4.4 ([Errno None] Unable to connect to port 22 on  or 172.24.4.4). Number attempts: 10. Retry after 11 seconds.
2016-01-05 11:17:31,867 24254 WARNING  [tempest_lib.common.ssh] Failed to establish authenticated ssh connection to cirros@172.24.4.4 ([Errno None] Unable to connect to port 22 on  or 172.24.4.4). Number attempts: 11. Retry after 12 seconds.
2016-01-05 11:17:47,375 24254 WARNING  [tempest_lib.common.ssh] Failed to establish authenticated ssh connection to cirros@172.24.4.4 ([Errno None] Unable to connect to port 22 on  or 172.24.4.4). Number attempts: 12. Retry after 13 seconds.
2016-01-05 11:18:03,891 24254 WARNING  [tempest_lib.common.ssh] Failed to establish authenticated ssh connection to cirros@172.24.4.4 ([Errno None] Unable to connect to port 22 on  or 172.24.4.4). Number attempts: 13. Retry after 14 seconds.
2016-01-05 11:18:21,407 24254 WARNING  [tempest_lib.common.ssh] Failed to establish authenticated ssh connection to cirros@172.24.4.4 ([Errno None] Unable to connect to port 22 on  or 172.24.4.4). Number attempts: 14. Retry after 15 seconds.
2016-01-05 11:18:39,919 24254 WARNING  [tempest_lib.common.ssh] Failed to establish authenticated ssh connection to cirros@172.24.4.4 ([Errno None] Unable to connect to port 22 on  or 172.24.4.4). Number attempts: 15. Retry after 16 seconds.
2016-01-05 11:18:59,423 24254 WARNING  [tempest_lib.common.ssh] Failed to establish authenticated ssh connection to cirros@172.24.4.4 ([Errno None] Unable to connect to port 22 on  or 172.24.4.4). Number attempts: 16. Retry after 17 seconds.
2016-01-05 11:19:19,927 24254 ERROR    [tempest_lib.common.ssh] Failed to establish authenticated ssh connection to cirros@172.24.4.4 after 16 attempts
2016-01-05 11:19:19.927 24254 ERROR tempest_lib.common.ssh Traceback (most recent call last):
2016-01-05 11:19:19.927 24254 ERROR tempest_lib.common.ssh   File "/usr/local/lib/python2.7/dist-packages/tempest_lib/common/ssh.py", line 75, in _get_ssh_connection
2016-01-05 11:19:19.927 24254 ERROR tempest_lib.common.ssh     timeout=self.channel_timeout, pkey=self.pkey)
2016-01-05 11:19:19.927 24254 ERROR tempest_lib.common.ssh   File "/usr/local/lib/python2.7/dist-packages/paramiko/client.py", line 311, in connect
2016-01-05 11:19:19.927 24254 ERROR tempest_lib.common.ssh     raise NoValidConnectionsError(errors)
2016-01-05 11:19:19.927 24254 ERROR tempest_lib.common.ssh NoValidConnectionsError: [Errno None] Unable to connect to port 22 on  or 172.24.4.4
2016-01-05 11:19:19.927 24254 ERROR tempest_lib.common.ssh 
2016-01-05 11:19:19,929 24254 ERROR    [tempest.scenario.manager] (TestGettingAddress:test_dhcp6_stateless_from_os) Initializing SSH connection to 172.24.4.4 failed. Error: Connection to the 172.24.4.4 via SSH timed out.
User: cirros, Password: None
2016-01-05 11:19:19.929 24254 ERROR tempest.scenario.manager Traceback (most recent call last):
2016-01-05 11:19:19.929 24254 ERROR tempest.scenario.manager   File "tempest/scenario/manager.py", line 386, in get_remote_client
2016-01-05 11:19:19.929 24254 ERROR tempest.scenario.manager     linux_client.validate_authentication()
2016-01-05 11:19:19.929 24254 ERROR tempest.scenario.manager   File "tempest/common/utils/linux/remote_client.py", line 63, in validate_authentication
2016-01-05 11:19:19.929 24254 ERROR tempest.scenario.manager     self.ssh_client.test_connection_auth()
2016-01-05 11:19:19.929 24254 ERROR tempest.scenario.manager   File "/usr/local/lib/python2.7/dist-packages/tempest_lib/common/ssh.py", line 172, in test_connection_auth
2016-01-05 11:19:19.929 24254 ERROR tempest.scenario.manager     connection = self._get_ssh_connection()
2016-01-05 11:19:19.929 24254 ERROR tempest.scenario.manager   File "/usr/local/lib/python2.7/dist-packages/tempest_lib/common/ssh.py", line 87, in _get_ssh_connection
2016-01-05 11:19:19.929 24254 ERROR tempest.scenario.manager     password=self.password)
2016-01-05 11:19:19.929 24254 ERROR tempest.scenario.manager SSHTimeout: Connection to the 172.24.4.4 via SSH timed out.
2016-01-05 11:19:19.929 24254 ERROR tempest.scenario.manager User: cirros, Password: None
2016-01-05 11:19:19.929 24254 ERROR tempest.scenario.manager 
2016-01-05 11:19:20,005 24254 INFO     [tempest_lib.common.rest_client] Request (TestGettingAddress:test_dhcp6_stateless_from_os): 200 GET http://10.0.2.15:8774/v2.1/5cb8038b47af45aebb5e6de263d025e1/servers 0.073s
2016-01-05 11:19:20,006 24254 DEBUG    [tempest_lib.common.rest_client] Request - Headers: {'Content-Type': 'application/json', 'Accept': 'application/json', 'X-Auth-Token': '&lt;omitted&gt;'}
        Body: None
    Response - Headers: {'status': '200', 'content-length': '390', 'content-location': 'http://10.0.2.15:8774/v2.1/5cb8038b47af45aebb5e6de263d025e1/servers', 'x-compute-request-id': 'req-b3c886e4-8fb1-4ba7-a34b-b47997079669', 'vary': 'X-OpenStack-Nova-API-Version', 'connection': 'close', 'x-openstack-nova-api-version': '2.1', 'date': 'Tue, 05 Jan 2016 11:19:20 GMT', 'content-type': 'application/json'}
        Body: {"servers": [{"id": "206b2910-216e-4ac6-b1d3-e90d8a8d3dfe", "links": [{"href": "http://10.0.2.15:8774/v2.1/5cb8038b47af45aebb5e6de263d025e1/servers/206b2910-216e-4ac6-b1d3-e90d8a8d3dfe", "rel": "self"}, {"href": "http://10.0.2.15:8774/5cb8038b47af45aebb5e6de263d025e1/servers/206b2910-216e-4ac6-b1d3-e90d8a8d3dfe", "rel": "bookmark"}], "name": "tempest.common.compute-instance-657170510"}]}
2016-01-05 11:19:20,223 24254 INFO     [tempest_lib.common.rest_client] Request (TestGettingAddress:test_dhcp6_stateless_from_os): 200 POST http://10.0.2.15:8774/v2.1/5cb8038b47af45aebb5e6de263d025e1/servers/206b2910-216e-4ac6-b1d3-e90d8a8d3dfe/action 0.212s
2016-01-05 11:19:20,224 24254 DEBUG    [tempest_lib.common.rest_client] Request - Headers: {'Content-Type': 'application/json', 'Accept': 'application/json', 'X-Auth-Token': '&lt;omitted&gt;'}
        Body: {"os-getConsoleOutput": {}}
    Response - Headers: {'status': '200', 'content-length': '24602', 'x-compute-request-id': 'req-f474aa3e-1926-4da3-a048-80b1160c5ae1', 'vary': 'X-OpenStack-Nova-API-Version', 'connection': 'close', 'x-openstack-nova-api-version': '2.1', 'date': 'Tue, 05 Jan 2016 11:19:20 GMT', 'content-type': 'application/json'}
        Body: {"output": "[    0.000000] Initializing cgroup subsys cpuset\n[    0.000000] Initializing cgroup subsys cpu\n[    0.000000] Linux version 3.2.0-80-virtual (buildd@batsu) (gcc version 4.6.3 (Ubuntu/Linaro 4.6.3-1ubuntu5) ) #116-Ubuntu SMP Mon Mar 23 17:28:52 UTC 2015 (Ubuntu 3.2.0-80.116-virtual 3.2.68)\n[    0.000000] Command line: root=/dev/vda console=tty0 console=ttyS0 no_timer_check\n[    0.000000] KERNEL supported cpus:\n[    0.000000]   Intel GenuineIntel\n[    0.000000]   AMD AuthenticAMD\n[    0.000000]   Centaur CentaurHauls\n[    0.000000] BIOS-provided physical RAM map:\n[    0.000000]  BIOS-e820: 0000000000000000 - 000000000009fc00 (usable)\n[    0.000000]  BIOS-e820: 000000000009fc00 - 00000000000a0000 (reserved)\n[    0.000000]  BIOS-e820: 00000000000f0000 - 0000000000100000 (reserved)\n[    0.000000]  BIOS-e820: 0000000000100000 - 0000000003ffe000 (usable)\n[    0.000000]  BIOS-e820: 0000000003ffe000 - 0000000004000000 (reserved)\n[    0.000000]  BIOS-e820: 00000000fffc0000 - 0000000100000000 (reserved)\n[    0.000000] NX (Execute Disable) protection: active\n[    0.000000] SMBIOS 2.4 present.\n[    0.000000] No AGP bridge found\n[    0.000000] last_pfn = 0x3ffe max_arch_pfn = 0x400000000\n[    0.000000] x86 PAT enabled: cpu 0, old 0x7040600070406, new 0x7010600070106\n[    0.000000] found SMP MP-table at [ffff8800000f0b00] f0b00\n[    0.000000] init_memory_mapping: 0000000000000000-0000000003ffe000\n[    0.000000] RAMDISK: 03c5e000 - 03ff0000\n[    0.000000] ACPI: RSDP 00000000000f0950 00014 (v00 BOCHS )\n[    0.000000] ACPI: RSDT 0000000003fffbc1 00034 (v01 BOCHS  BXPCRSDT 00000001 BXPC 00000001)\n[    0.000000] ACPI: FACP 0000000003fff1c0 00074 (v01 BOCHS  BXPCFACP 00000001 BXPC 00000001)\n[    0.000000] ACPI: DSDT 0000000003ffe040 01180 (v01 BOCHS  BXPCDSDT 00000001 BXPC 00000001)\n[    0.000000] ACPI: FACS 0000000003ffe000 00040\n[    0.000000] ACPI: SSDT 0000000003fff234 008DD (v01 BOCHS  BXPCSSDT 00000001 BXPC 00000001)\n[    0.000000] ACPI: APIC 0000000003fffb11 00078 (v01 BOCHS  BXPCAPIC 00000001 BXPC 00000001)\n[    0.000000] ACPI: HPET 0000000003fffb89 00038 (v01 BOCHS  BXPCHPET 00000001 BXPC 00000001)\n[    0.000000] No NUMA configuration found\n[    0.000000] Faking a node at 0000000000000000-0000000003ffe000\n[    0.000000] Initmem setup node 0 0000000000000000-0000000003ffe000\n[    0.000000]   NODE_DATA [0000000003ff6000 - 0000000003ffafff]\n[    0.000000] Zone PFN ranges:\n[    0.000000]   DMA      0x00000010 -&gt; 0x00001000\n[    0.000000]   DMA32    0x00001000 -&gt; 0x00100000\n[    0.000000]   Normal   empty\n[    0.000000] Movable zone start PFN for each node\n[    0.000000] early_node_map[2] active PFN ranges\n[    0.000000]     0: 0x00000010 -&gt; 0x0000009f\n[    0.000000]     0: 0x00000100 -&gt; 0x00003ffe\n[    0.000000] ACPI: PM-Timer IO Port: 0xb008\n[    0.000000] ACPI: LAPIC (acpi_id[0x00] lapic_id[0x00] enabled)\n[    0.000000] ACPI: LAPIC_NMI (acpi_id[0xff] dfl dfl lint[0x1])\n[    0.000000] ACPI: IOAPIC (id[0x00] address[0xfec00000] gsi_base[0])\n[    0.000000] IOAPIC[0]: apic_id 0, version 17, address 0xfec00000, GSI 0-23\n[    0.000000] ACPI: INT_SRC_OVR (bus 0 bus_irq 0 global_irq 2 dfl dfl)\n[    0.000000] ACPI: INT_SRC_OVR (bus 0 bus_irq 5 global_irq 5 high level)\n[    0.000000] ACPI: INT_SRC_OVR (bus 0 bus_irq 9 global_irq 9 high level)\n[    0.000000] ACPI: INT_SRC_OVR (bus 0 bus_irq 10 global_irq 10 high level)\n[    0.000000] ACPI: INT_SRC_OVR (bus 0 bus_irq 11 global_irq 11 high level)\n[    0.000000] Using ACPI (MADT) for SMP configuration information\n[    0.000000] ACPI: HPET id: 0x8086a201 base: 0xfed00000\n[    0.000000] SMP: Allowing 1 CPUs, 0 hotplug CPUs\n[    0.000000] PM: Registered nosave memory: 000000000009f000 - 00000000000a0000\n[    0.000000] PM: Registered nosave memory: 00000000000a0000 - 00000000000f0000\n[    0.000000] PM: Registered nosave memory: 00000000000f0000 - 0000000000100000\n[    0.000000] Allocating PCI resources starting at 4000000 (gap: 4000000:fbfc0000)\n[    0.000000] Booting paravirtualized kernel on bare hardware\n[    0.000000] setup_pe
2016-01-05 11:19:20,227 24254 DEBUG    [tempest.scenario.manager] Console output for 206b2910-216e-4ac6-b1d3-e90d8a8d3dfe
body=
[    0.000000] Initializing cgroup subsys cpuset
[    0.000000] Initializing cgroup subsys cpu
[    0.000000] Linux version 3.2.0-80-virtual (buildd@batsu) (gcc version 4.6.3 (Ubuntu/Linaro 4.6.3-1ubuntu5) ) #116-Ubuntu SMP Mon Mar 23 17:28:52 UTC 2015 (Ubuntu 3.2.0-80.116-virtual 3.2.68)
[    0.000000] Command line: root=/dev/vda console=tty0 console=ttyS0 no_timer_check
[    0.000000] KERNEL supported cpus:
[    0.000000]   Intel GenuineIntel
[    0.000000]   AMD AuthenticAMD
[    0.000000]   Centaur CentaurHauls
[    0.000000] BIOS-provided physical RAM map:
[    0.000000]  BIOS-e820: 0000000000000000 - 000000000009fc00 (usable)
[    0.000000]  BIOS-e820: 000000000009fc00 - 00000000000a0000 (reserved)
[    0.000000]  BIOS-e820: 00000000000f0000 - 0000000000100000 (reserved)
[    0.000000]  BIOS-e820: 0000000000100000 - 0000000003ffe000 (usable)
[    0.000000]  BIOS-e820: 0000000003ffe000 - 0000000004000000 (reserved)
[    0.000000]  BIOS-e820: 00000000fffc0000 - 0000000100000000 (reserved)
[    0.000000] NX (Execute Disable) protection: active
[    0.000000] SMBIOS 2.4 present.
[    0.000000] No AGP bridge found
[    0.000000] last_pfn = 0x3ffe max_arch_pfn = 0x400000000
[    0.000000] x86 PAT enabled: cpu 0, old 0x7040600070406, new 0x7010600070106
[    0.000000] found SMP MP-table at [ffff8800000f0b00] f0b00
[    0.000000] init_memory_mapping: 0000000000000000-0000000003ffe000
[    0.000000] RAMDISK: 03c5e000 - 03ff0000
[    0.000000] ACPI: RSDP 00000000000f0950 00014 (v00 BOCHS )
[    0.000000] ACPI: RSDT 0000000003fffbc1 00034 (v01 BOCHS  BXPCRSDT 00000001 BXPC 00000001)
[    0.000000] ACPI: FACP 0000000003fff1c0 00074 (v01 BOCHS  BXPCFACP 00000001 BXPC 00000001)
[    0.000000] ACPI: DSDT 0000000003ffe040 01180 (v01 BOCHS  BXPCDSDT 00000001 BXPC 00000001)
[    0.000000] ACPI: FACS 0000000003ffe000 00040
[    0.000000] ACPI: SSDT 0000000003fff234 008DD (v01 BOCHS  BXPCSSDT 00000001 BXPC 00000001)
[    0.000000] ACPI: APIC 0000000003fffb11 00078 (v01 BOCHS  BXPCAPIC 00000001 BXPC 00000001)
[    0.000000] ACPI: HPET 0000000003fffb89 00038 (v01 BOCHS  BXPCHPET 00000001 BXPC 00000001)
[    0.000000] No NUMA configuration found
[    0.000000] Faking a node at 0000000000000000-0000000003ffe000
[    0.000000] Initmem setup node 0 0000000000000000-0000000003ffe000
[    0.000000]   NODE_DATA [0000000003ff6000 - 0000000003ffafff]
[    0.000000] Zone PFN ranges:
[    0.000000]   DMA      0x00000010 -&gt; 0x00001000
[    0.000000]   DMA32    0x00001000 -&gt; 0x00100000
[    0.000000]   Normal   empty
[    0.000000] Movable zone start PFN for each node
[    0.000000] early_node_map[2] active PFN ranges
[    0.000000]     0: 0x00000010 -&gt; 0x0000009f
[    0.000000]     0: 0x00000100 -&gt; 0x00003ffe
[    0.000000] ACPI: PM-Timer IO Port: 0xb008
[    0.000000] ACPI: LAPIC (acpi_id[0x00] lapic_id[0x00] enabled)
[    0.000000] ACPI: LAPIC_NMI (acpi_id[0xff] dfl dfl lint[0x1])
[    0.000000] ACPI: IOAPIC (id[0x00] address[0xfec00000] gsi_base[0])
[    0.000000] IOAPIC[0]: apic_id 0, version 17, address 0xfec00000, GSI 0-23
[    0.000000] ACPI: INT_SRC_OVR (bus 0 bus_irq 0 global_irq 2 dfl dfl)
[    0.000000] ACPI: INT_SRC_OVR (bus 0 bus_irq 5 global_irq 5 high level)
[    0.000000] ACPI: INT_SRC_OVR (bus 0 bus_irq 9 global_irq 9 high level)
[    0.000000] ACPI: INT_SRC_OVR (bus 0 bus_irq 10 global_irq 10 high level)
[    0.000000] ACPI: INT_SRC_OVR (bus 0 bus_irq 11 global_irq 11 high level)
[    0.000000] Using ACPI (MADT) for SMP configuration information
[    0.000000] ACPI: HPET id: 0x8086a201 base: 0xfed00000
[    0.000000] SMP: Allowing 1 CPUs, 0 hotplug CPUs
[    0.000000] PM: Registered nosave memory: 000000000009f000 - 00000000000a0000
[    0.000000] PM: Registered nosave memory: 00000000000a0000 - 00000000000f0000
[    0.000000] PM: Registered nosave memory: 00000000000f0000 - 0000000000100000
[    0.000000] Allocating PCI resources starting at 4000000 (gap: 4000000:fbfc0000)
[    0.000000] Booting paravirtualized kernel on bare hardware
[    0.000000] setup_percpu: NR_CPUS:64 nr_cpumask_bits:64 nr_cpu_ids:1 nr_node_ids:1
[    0.000000] PERCPU: Embedded 27 pages/cpu @ffff880003a00000 s78848 r8192 d23552 u2097152
[    0.000000] Built 1 zonelists in Node order, mobility grouping on.  Total pages: 16008
[    0.000000] Policy zone: DMA32
[    0.000000] Kernel command line: root=/dev/vda console=tty0 console=ttyS0 no_timer_check
[    0.000000] PID hash table entries: 256 (order: -1, 2048 bytes)
[    0.000000] Checking aperture...
[    0.000000] No AGP bridge found
[    0.000000] Memory: 43492k/65528k available (6576k kernel code, 452k absent, 21584k reserved, 6620k data, 928k init)
[    0.000000] SLUB: Genslabs=15, HWalign=64, Order=0-3, MinObjects=0, CPUs=1, Nodes=1
[    0.000000] Hierarchical RCU implementation.
[    0.000000] 	RCU dyntick-idle grace-period acceleration is enabled.
[    0.000000] NR_IRQS:4352 nr_irqs:256 16
[    0.000000] Console: colour VGA+ 80x25
[    0.000000] console [tty0] enabled
[    0.000000] console [ttyS0] enabled
[    0.000000] allocated 1048576 bytes of page_cgroup
[    0.000000] please try 'cgroup_disable=memory' option if you don't want memory cgroups
[    0.000000] Fast TSC calibration failed
[    0.000000] TSC: Unable to calibrate against PIT
[    0.000000] TSC: using HPET reference calibration
[    0.000000] Detected 2292.573 MHz processor.
[    0.028640] Calibrating delay loop (skipped), value calculated using timer frequency.. 4585.14 BogoMIPS (lpj=9170292)
[    0.032740] pid_max: default: 32768 minimum: 301
[    0.044623] Security Framework initialized
[    0.052290] AppArmor: AppArmor initialized
[    0.053252] Yama: becoming mindful.
[    0.062358] Dentry cache hash table entries: 8192 (order: 4, 65536 bytes)
[    0.064583] Inode-cache hash table entries: 4096 (order: 3, 32768 bytes)
[    0.066130] Mount-cache hash table entries: 256
[    0.081270] Initializing cgroup subsys cpuacct
[    0.082172] Initializing cgroup subsys memory
[    0.084312] Initializing cgroup subsys devices
[    0.085156] Initializing cgroup subsys freezer
[    0.085847] Initializing cgroup subsys blkio
[    0.086712] Initializing cgroup subsys perf_event
[    0.090961] mce: CPU supports 10 MCE banks
[    0.094529] SMP alternatives: switching to UP code
[    0.500776] Freeing SMP alternatives: 24k freed
[    0.503123] ACPI: Core revision 20110623
[    0.558261] ftrace: allocating 26610 entries in 105 pages
[    0.591276] ..TIMER: vector=0x30 apic1=0 pin1=2 apic2=-1 pin2=-1
[    0.592150] CPU0: AMD QEMU Virtual CPU version 2.0.0 stepping 03
[    0.596036] Performance Events: Broken PMU hardware detected, using software events only.
[    0.605254] NMI watchdog disabled (cpu0): hardware events not enabled
[    0.609002] Brought up 1 CPUs
[    0.609534] Total of 1 processors activated (4585.14 BogoMIPS).
[    0.634306] devtmpfs: initialized
[    0.674462] EVM: security.selinux
[    0.674934] EVM: security.SMACK64
[    0.675386] EVM: security.capability
[    0.693943] print_constraints: dummy: 
[    0.696433] RTC time: 11:15:49, date: 01/05/16
[    0.698637] NET: Registered protocol family 16
[    0.706826] ACPI: bus type pci registered
[    0.712401] PCI: Using configuration type 1 for base access
[    0.742778] bio: create slab &lt;bio-0&gt; at 0
[    0.749194] ACPI: Added _OSI(Module Device)
[    0.749772] ACPI: Added _OSI(Processor Device)
[    0.750346] ACPI: Added _OSI(3.0 _SCP Extensions)
[    0.750954] ACPI: Added _OSI(Processor Aggregator Device)
[    0.825478] ACPI: Interpreter enabled
[    0.826560] ACPI: (supports S0 S3 S4 S5)
[    0.829463] ACPI: Using IOAPIC for interrupt routing
[    0.902384] ACPI: No dock devices found.
[    0.904247] HEST: Table not found.
[    0.905021] PCI: Using host bridge windows from ACPI; if necessary, use "pci=nocrs" and report a bug
[    0.910373] ACPI: PCI Root Bridge [PCI0] (domain 0000 [bus 00-ff])
[    0.916374] pci_root PNP0A03:00: host bridge window [io  0x0000-0x0cf7]
[    0.917243] pci_root PNP0A03:00: host bridge window [io  0x0d00-0xadff]
[    0.918188] pci_root PNP0A03:00: host bridge window [io  0xae0f-0xaeff]
[    0.919094] pci_root PNP0A03:00: host bridge window [io  0xaf20-0xafdf]
[    0.920107] pci_root PNP0A03:00: host bridge window [io  0xafe4-0xffff]
[    0.921128] pci_root PNP0A03:00: host bridge window [mem 0x000a0000-0x000bffff]
[    0.922069] pci_root PNP0A03:00: host bridge window [mem 0x04000000-0xfebfffff]
[    0.944823] pci 0000:00:01.3: quirk: [io  0xb000-0xb03f] claimed by PIIX4 ACPI
[    0.945832] pci 0000:00:01.3: quirk: [io  0xb100-0xb10f] claimed by PIIX4 SMB
[    1.024247]  pci0000:00: Unable to request _OSC control (_OSC support mask: 0x1e)
[    1.082281] ACPI: PCI Interrupt Link [LNKA] (IRQs 5 *10 11)
[    1.085764] ACPI: PCI Interrupt Link [LNKB] (IRQs 5 *10 11)
[    1.090664] ACPI: PCI Interrupt Link [LNKC] (IRQs 5 10 *11)
[    1.094685] ACPI: PCI Interrupt Link [LNKD] (IRQs 5 10 *11)
[    1.097187] ACPI: PCI Interrupt Link [LNKS] (IRQs *9)
[    1.106946] vgaarb: device added: PCI:0000:00:02.0,decodes=io+mem,owns=io+mem,locks=none
[    1.108234] vgaarb: loaded
[    1.108607] vgaarb: bridge control possible 0000:00:02.0
[    1.113192] i2c-core: driver [aat2870] using legacy suspend method
[    1.114089] i2c-core: driver [aat2870] using legacy resume method
[    1.117873] SCSI subsystem initialized
[    1.125003] usbcore: registered new interface driver usbfs
[    1.126125] usbcore: registered new interface driver hub
[    1.127337] usbcore: registered new device driver usb
[    1.130633] PCI: Using ACPI for IRQ routing
[    1.142179] NetLabel: Initializing
[    1.142604] NetLabel:  domain hash size = 128
[    1.143088] NetLabel:  protocols = UNLABELED CIPSOv4
[    1.145584] NetLabel:  unlabeled traffic allowed by default
[    1.148614] HPET: 3 timers in total, 0 timers will be used for per-cpu timer
[    1.149669] hpet0: at MMIO 0xfed00000, IRQs 2, 8, 0
[    1.150549] hpet0: 3 comparators, 64-bit 100.000000 MHz counter
[    1.164677] Switching to clocksource hpet
[    1.418089] AppArmor: AppArmor Filesystem Enabled
[    1.419608] pnp: PnP ACPI init
[    1.420549] ACPI: bus type pnp registered
[    1.438590] pnp: PnP ACPI: found 9 devices
[    1.439203] ACPI: ACPI bus type pnp unregistered
[    1.490772] NET: Registered protocol family 2
[    1.522970] IP route cache hash table entries: 512 (order: 0, 4096 bytes)
[    1.530049] TCP established hash table entries: 2048 (order: 3, 32768 bytes)
[    1.531430] TCP bind hash table entries: 2048 (order: 3, 32768 bytes)
[    1.533029] TCP: Hash tables configured (established 2048 bind 2048)
[    1.533769] TCP reno registered
[    1.534256] UDP hash table entries: 128 (order: 0, 4096 bytes)
[    1.535101] UDP-Lite hash table entries: 128 (order: 0, 4096 bytes)
[    1.538095] NET: Registered protocol family 1
[    1.538986] pci 0000:00:00.0: Limiting direct PCI/PCI transfers
[    1.540004] pci 0000:00:01.0: PIIX3: Enabling Passive Release
[    1.541442] pci 0000:00:01.0: Activating ISA DMA hang workarounds
[    1.545846] ACPI: PCI Interrupt Link [LNKD] enabled at IRQ 11
[    1.546742] pci 0000:00:01.2: PCI INT D -&gt; Link[LNKD] -&gt; GSI 11 (level, high) -&gt; IRQ 11
[    1.549801] pci 0000:00:01.2: PCI INT D disabled
[    1.573246] Trying to unpack rootfs image as initramfs...
[    1.590313] audit: initializing netlink socket (disabled)
[    1.592076] type=2000 audit(1451992549.588:1): initialized
[    1.887021] HugeTLB registered 2 MB page size, pre-allocated 0 pages
[    1.967311] VFS: Disk quotas dquot_6.5.2
[    1.969629] Dquot-cache hash table entries: 512 (order 0, 4096 bytes)
[    1.985214] fuse init (API version 7.17)
[    1.991378] msgmni has been set to 84
[    2.042876] Block layer SCSI generic (bsg) driver version 0.4 loaded (major 253)
[    2.046229] io scheduler noop registered
[    2.046796] io scheduler deadline registered (default)
[    2.048011] io scheduler cfq registered
[    2.051718] pci_hotplug: PCI Hot Plug PCI Core version: 0.5
[    2.054925] pciehp: PCI Express Hot Plug Controller Driver version: 0.4
[    2.061706] input: Power Button as /devices/LNXSYSTM:00/LNXPWRBN:00/input/input0
[    2.063552] ACPI: Power Button [PWRF]
[    2.113445] ERST: Table is not found!
[    2.114426] GHES: HEST is not enabled!
[    2.133684] ACPI: PCI Interrupt Link [LNKC] enabled at IRQ 10
[    2.135187] virtio-pci 0000:00:03.0: PCI INT A -&gt; Link[LNKC] -&gt; GSI 10 (level, high) -&gt; IRQ 10
[    2.139029] virtio-pci 0000:00:04.0: PCI INT A -&gt; Link[LNKD] -&gt; GSI 11 (level, high) -&gt; IRQ 11
[    2.151257] ACPI: PCI Interrupt Link [LNKA] enabled at IRQ 10
[    2.152151] virtio-pci 0000:00:05.0: PCI INT A -&gt; Link[LNKA] -&gt; GSI 10 (level, high) -&gt; IRQ 10
[    2.162415] Serial: 8250/16550 driver, 32 ports, IRQ sharing enabled
[    2.209842] serial8250: ttyS0 at I/O 0x3f8 (irq = 4) is a 16550A
[    2.301922] serial8250: ttyS1 at I/O 0x2f8 (irq = 3) is a 16550A
[    2.441690] 00:05: ttyS0 at I/O 0x3f8 (irq = 4) is a 16550A
[    2.530797] 00:06: ttyS1 at I/O 0x2f8 (irq = 3) is a 16550A
[    2.554096] Refined TSC clocksource calibration: 2292.608 MHz.
[    2.554820] Switching to clocksource tsc
[    2.580003] Linux agpgart interface v0.103
[    2.639073] brd: module loaded
[    2.666253] loop: module loaded
[    2.730231]  vda: unknown partition table
[    2.789318] scsi0 : ata_piix
[    2.791609] scsi1 : ata_piix
[    2.793783] ata1: PATA max MWDMA2 cmd 0x1f0 ctl 0x3f6 bmdma 0xc0a0 irq 14
[    2.794571] ata2: PATA max MWDMA2 cmd 0x170 ctl 0x376 bmdma 0xc0a8 irq 15
[    2.805301] Fixed MDIO Bus: probed
[    2.806161] tun: Universal TUN/TAP device driver, 1.6
[    2.806745] tun: (C) 1999-2004 Max Krasnyansky &lt;maxk@qualcomm.com&gt;
[    2.819170] PPP generic driver version 2.4.2
[    2.841825] ehci_hcd: USB 2.0 'Enhanced' Host Controller (EHCI) Driver
[    2.842928] ohci_hcd: USB 1.1 'Open' Host Controller (OHCI) Driver
[    2.843803] uhci_hcd: USB Universal Host Controller Interface driver
[    2.845593] uhci_hcd 0000:00:01.2: PCI INT D -&gt; Link[LNKD] -&gt; GSI 11 (level, high) -&gt; IRQ 11
[    2.848053] uhci_hcd 0000:00:01.2: UHCI Host Controller
[    2.861638] uhci_hcd 0000:00:01.2: new USB bus registered, assigned bus number 1
[    2.863378] uhci_hcd 0000:00:01.2: irq 11, io base 0x0000c040
[    2.895164] hub 1-0:1.0: USB hub found
[    2.897390] hub 1-0:1.0: 2 ports detected
[    2.907423] usbcore: registered new interface driver libusual
[    2.910736] i8042: PNP: PS/2 Controller [PNP0303:KBD,PNP0f13:MOU] at 0x60,0x64 irq 1,12
[    2.919675] serio: i8042 KBD port at 0x60,0x64 irq 1
[    2.922510] serio: i8042 AUX port at 0x60,0x64 irq 12
[    2.967424] mousedev: PS/2 mouse device common for all mice
[    2.988003] input: AT Translated Set 2 keyboard as /devices/platform/i8042/serio0/input/input1
[    2.992867] rtc_cmos 00:01: RTC can wake from S4
[    3.015883] rtc_cmos 00:01: rtc core: registered rtc_cmos as rtc0
[    3.020139] rtc0: alarms up to one day, 114 bytes nvram, hpet irqs
[    3.023614] device-mapper: uevent: version 1.0.3
[    3.049624] ata2.01: ATAPI: QEMU DVD-ROM, 2.0.0, max UDMA/100
[    3.055426] device-mapper: ioctl: 4.22.0-ioctl (2011-10-19) initialised: dm-devel@redhat.com
[    3.058608] cpuidle: using governor ladder
[    3.059670] cpuidle: using governor menu
[    3.061017] EFI Variables Facility v0.08 2004-May-17
[    3.078326] TCP cubic registered
[    3.084656] NET: Registered protocol family 10
[    3.117557] NET: Registered protocol family 17
[    3.119392] Registering the dns_resolver key type
[    3.129481] ata2.01: configured for MWDMA2
[    3.171888] scsi 1:0:1:0: CD-ROM            QEMU     QEMU DVD-ROM     2.0. PQ: 0 ANSI: 5
[    3.198520] sr0: scsi3-mmc drive: 4x/4x cd/rw xa/form2 tray
[    3.201557] cdrom: Uniform CD-ROM driver Revision: 3.20
[    3.219896] sr 1:0:1:0: Attached scsi generic sg0 type 5
[    3.272089] registered taskstats version 1
[    3.330731] Freeing initrd memory: 3656k freed
[    3.871861]   Magic number: 0:229:276
[    3.879262] tty tty13: hash matches
[    3.885566] rtc_cmos 00:01: setting system clock to 2016-01-05 11:15:52 UTC (1451992552)
[    3.888018] powernow-k8: Processor cpuid 663 not supported
[    3.896929] BIOS EDD facility v0.16 2004-Jun-25, 0 devices found
[    3.900958] EDD information not available.
[    3.986609] Freeing unused kernel memory: 928k freed
[    3.996804] Write protecting the kernel read-only data: 12288k
[    4.116227] Freeing unused kernel memory: 1596k freed
[    4.181233] Freeing unused kernel memory: 1184k freed

info: initramfs: up at 4.36
modprobe: module virtio_blk not found in modules.dep
modprobe: module virtio_net not found in modules.dep
info: copying initramfs to /dev/vda
info: initramfs loading root from /dev/vda
info: /etc/init.d/rc.sysinit: up at 9.02
info: container: none
Starting logging: OK
modprobe: module virtio_blk not found in modules.dep
modprobe: module virtio_net not found in modules.dep
WARN: /etc/rc3.d/S10-load-modules failed
Initializing random number generator... done.
Starting acpid: OK
cirros-ds 'local' up at 11.47
found datasource (configdrive, local)
Starting network...
udhcpc (v1.20.1) started
Sending discover...
Sending discover...
Sending discover...
Usage: /sbin/cirros-dhcpc &lt;up|down&gt;
No lease, failing
WARN: /etc/rc3.d/S40-network failed
Starting dropbear sshd: generating rsa key... generating dsa key... OK
no userdata for datasource
=== system information ===
Platform: OpenStack Foundation OpenStack Nova
Container: none
Arch: x86_64
CPU(s): 1 @ 2292.573 MHz
Cores/Sockets/Threads: 1/1/1
Virt-type: AMD-V
RAM Size: 49MB
Disks:
NAME MAJ:MIN     SIZE LABEL         MOUNTPOINT
vda  253:0   25165824 cirros-rootfs /
sr0   11:0     428032 config-2      
=== sshd host keys ===
-----BEGIN SSH HOST KEY KEYS-----
ssh-rsa AAAAB3NzaC1yc2EAAAADAQABAAAAgwCbCwUhkQa2DWQmZlZ5UOoVQ5icOUZRNkCQpt09dJzwSfMsKjF/wd+GBlvGzlr/bpV3wmiLJ0Y7OWH0pDMFNGjXzT6YObU+D0gYgnkE/1eHjgnGO3vMPkBt4JK1D7u7Rm/sZcsifRJM0fWOGVJZGVsyTwGrRUPIuLHn5C8r9sHBGAMX root@tempest
ssh-dss AAAAB3NzaC1kc3MAAACBAMwiCvpUO6J//DyUPDOQj9I/oD1nVtxwTAohTUzxh5AS2HIstd08KS2CXJT7R4tlIPprvUEPYJV4Nv4pzkTNZPANFB+Sq7m1k0XoycSeEKkMJ/Bl5aD98aYmifh8MSraDzwdcW1i8G9IB2FCpiRXtehngsl4FattdeX78YwjkadtAAAAFQC4tAk8REpNJE9ACEfm3afm8PcpDQAAAIAb5LG3a7mn1+zDycfjXmrV1mVy/B+ilSg1hhBz7N9tT6yRZ1dECy7duQn5odY71/uMkqjxtd1yid+A+ESzyTtS+UVgu6wK7ekS2XfdkhpbINok9HlDgyNigbOcngp4mRWEcPOV1NM+ivR7bIpUbkyNbRqph8peEVU+oVXMtXZOBAAAAIEAxeQGUp5tuidKGGUAywo5U9B/99K4y9mJTerH82S2nUpl42drfzF4yhBXzzyCf04AnvrexgZr8k4veG5C+YCxf2omqPUhl7J5wyYeLFLAtIKiFtUXY1dPCbExzK344EpPKOAmMXFXwI+GJql9K3ST+u/YnSD+TT0pXisn4yEAhps= root@tempest
-----END SSH HOST KEY KEYS-----
=== network info ===
if-info: lo,up,127.0.0.1,8,::1
if-info: eth0,up,,8,fe80::f816:3eff:fed0:dccd
=== datasource: configdrive local ===
instance-id: 206b2910-216e-4ac6-b1d3-e90d8a8d3dfe
name: tempest.common.compute-instance-657170510
availability-zone: nova
local-hostname: tempest.common.compute-instance-657170510.novalocal
launch-index: 0
=== cirros: current=0.3.4 uptime=201.11 ===
route: fscanf
=== pinging gateway failed, debugging connection ===
############ debug start ##############
### /etc/init.d/sshd start
Starting dropbear sshd: OK
route: fscanf
### ifconfig -a
eth0      Link encap:Ethernet  HWaddr FA:16:3E:D0:DC:CD  
          inet6 addr: fe80::f816:3eff:fed0:dccd/64 Scope:Link
          UP BROADCAST RUNNING MULTICAST  MTU:1500  Metric:1
          RX packets:12 errors:0 dropped:5 overruns:0 frame:0
          TX packets:8 errors:0 dropped:0 overruns:0 carrier:0
          collisions:0 txqueuelen:1000 
          RX bytes:1293 (1.2 KiB)  TX bytes:1134 (1.1 KiB)

lo        Link encap:Local Loopback  
          inet addr:127.0.0.1  Mask:255.0.0.0
          inet6 addr: ::1/128 Scope:Host
          UP LOOPBACK RUNNING  MTU:16436  Metric:1
          RX packets:12 errors:0 dropped:0 overruns:0 frame:0
          TX packets:12 errors:0 dropped:0 overruns:0 carrier:0
          collisions:0 txqueuelen:0 
          RX bytes:1020 (1020.0 B)  TX bytes:1020 (1020.0 B)

### route -n
Kernel IP routing table
Destination     Gateway         Genmask         Flags Metric Ref    Use Iface
route: fscanf
### cat /etc/resolv.conf
cat: can't open '/etc/resolv.conf': No such file or directory
### gateway not found
/sbin/cirros-status: line 1: can't open /etc/resolv.conf: no such file
### pinging nameservers
### uname -a
Linux tempest 3.2.0-80-virtual #116-Ubuntu SMP Mon Mar 23 17:28:52 UTC 2015 x86_64 GNU/Linux
### lsmod
Module                  Size  Used by    Not tainted
nls_iso8859_1          12713  0 
nls_cp437              16991  0 
vfat                   17585  0 
fat                    61512  1 vfat
isofs                  40259  0 
ip_tables              27473  0 
x_tables               29891  1 ip_tables
pcnet32                42119  0 
8139cp                 27360  0 
ne2k_pci               13691  0 
8390                   18856  1 ne2k_pci
e1000                 108589  0 
acpiphp                24231  0 
### dmesg | tail
[    5.142034] EXT3-fs (vda): mounted filesystem with ordered data mode
[    5.437579] ISO 9660 Extensions: Microsoft Joliet Level 3
[    5.508941] ISO 9660 Extensions: RRIP_1991A
[    5.746008] kjournald starting.  Commit interval 5 seconds
[    5.761294] EXT3-fs (vda): using internal journal
[    5.761509] EXT3-fs (vda): mounted filesystem with ordered data mode
[    9.105291] EXT3-fs (vda): using internal journal
[   12.289727] ISO 9660 Extensions: Microsoft Joliet Level 3
[   12.385441] ISO 9660 Extensions: RRIP_1991A
[   27.074433] eth0: no IPv6 routers present
### tail -n 25 /var/log/messages
Jan  5 11:15:59 cirros kern.info kernel: [    4.645516] acpiphp: Slot [22] registered
Jan  5 11:15:59 cirros kern.info kernel: [    4.645868] acpiphp: Slot [23] registered
Jan  5 11:15:59 cirros kern.info kernel: [    4.646203] acpiphp: Slot [24] registered
Jan  5 11:15:59 cirros kern.info kernel: [    4.646533] acpiphp: Slot [25] registered
Jan  5 11:15:59 cirros kern.info kernel: [    4.646976] acpiphp: Slot [26] registered
Jan  5 11:15:59 cirros kern.info kernel: [    4.647311] acpiphp: Slot [27] registered
Jan  5 11:15:59 cirros kern.info kernel: [    4.647644] acpiphp: Slot [28] registered
Jan  5 11:15:59 cirros kern.info kernel: [    4.648075] acpiphp: Slot [29] registered
Jan  5 11:15:59 cirros kern.info kernel: [    4.649415] acpiphp: Slot [30] registered
Jan  5 11:15:59 cirros kern.info kernel: [    4.649768] acpiphp: Slot [31] registered
Jan  5 11:15:59 cirros kern.info kernel: [    4.698625] e1000: Intel(R) PRO/1000 Network Driver - version 7.3.21-k8-NAPI
Jan  5 11:15:59 cirros kern.info kernel: [    4.862533] ip_tables: (C) 2000-2006 Netfilter Core Team
Jan  5 11:15:59 cirros kern.info kernel: [    5.135508] kjournald starting.  Commit interval 5 seconds
Jan  5 11:15:59 cirros kern.info kernel: [    5.142034] EXT3-fs (vda): mounted filesystem with ordered data mode
Jan  5 11:15:59 cirros kern.debug kernel: [    5.437579] ISO 9660 Extensions: Microsoft Joliet Level 3
Jan  5 11:15:59 cirros kern.debug kernel: [    5.508941] ISO 9660 Extensions: RRIP_1991A
Jan  5 11:15:59 cirros kern.info kernel: [    5.746008] kjournald starting.  Commit interval 5 seconds
Jan  5 11:15:59 cirros kern.info kernel: [    5.761294] EXT3-fs (vda): using internal journal
Jan  5 11:15:59 cirros kern.info kernel: [    5.761509] EXT3-fs (vda): mounted filesystem with ordered data mode
Jan  5 11:15:59 cirros kern.info kernel: [    9.105291] EXT3-fs (vda): using internal journal
Jan  5 11:16:00 cirros kern.debug kernel: [   12.289727] ISO 9660 Extensions: Microsoft Joliet Level 3
Jan  5 11:16:01 cirros kern.debug kernel: [   12.385441] ISO 9660 Extensions: RRIP_1991A
Jan  5 11:16:03 cirros auth.notice su: + /dev/console root:cirros
Jan  5 11:16:15 cirros kern.debug kernel: [   27.074433] eth0: no IPv6 routers present
Jan  5 11:19:07 cirros authpriv.info dropbear[283]: Running in background
############ debug end   ##############
  ____               ____  ____
 / __/ __ ____ ____ / __ \/ __/
/ /__ / // __// __// /_/ /\ \ 
\___//_//_/  /_/   \____/___/ 
   http://cirros-cloud.net


login as 'cirros' user. default password: 'cubswin:)'. use 'sudo' for root.
tempest login: 
2016-01-05 11:19:20,503 24254 INFO     [tempest_lib.common.rest_client] Request (TestGettingAddress:_run_cleanups): 204 DELETE http://10.0.2.15:9696/v2.0/floatingips/e5a19834-489b-4e8c-8db1-b8013d35e18e 0.272s
2016-01-05 11:19:20,503 24254 DEBUG    [tempest_lib.common.rest_client] Request - Headers: {'Content-Type': 'application/json', 'Accept': 'application/json', 'X-Auth-Token': '&lt;omitted&gt;'}
        Body: None
    Response - Headers: {'date': 'Tue, 05 Jan 2016 11:19:20 GMT', 'status': '204', 'connection': 'close', 'content-length': '0', 'x-openstack-request-id': 'req-488363e1-8221-44f9-948e-c00a151e3a5f'}
        Body: 
2016-01-05 11:19:20,822 24254 INFO     [tempest_lib.common.rest_client] Request (TestGettingAddress:_run_cleanups): 204 DELETE http://10.0.2.15:8774/v2.1/5cb8038b47af45aebb5e6de263d025e1/servers/206b2910-216e-4ac6-b1d3-e90d8a8d3dfe 0.318s
2016-01-05 11:19:20,823 24254 DEBUG    [tempest_lib.common.rest_client] Request - Headers: {'Content-Type': 'application/json', 'Accept': 'application/json', 'X-Auth-Token': '&lt;omitted&gt;'}
        Body: None
    Response - Headers: {'status': '204', 'content-length': '0', 'x-compute-request-id': 'req-13aed3c6-ae5c-41eb-a5c9-f329c6ad066e', 'vary': 'X-OpenStack-Nova-API-Version', 'connection': 'close', 'x-openstack-nova-api-version': '2.1', 'date': 'Tue, 05 Jan 2016 11:19:20 GMT', 'content-type': 'application/json'}
        Body: 
2016-01-05 11:19:21,126 24254 INFO     [tempest_lib.common.rest_client] Request (TestGettingAddress:_run_cleanups): 200 GET http://10.0.2.15:8774/v2.1/5cb8038b47af45aebb5e6de263d025e1/servers/206b2910-216e-4ac6-b1d3-e90d8a8d3dfe 0.303s
2016-01-05 11:19:21,127 24254 DEBUG    [tempest_lib.common.rest_client] Request - Headers: {'Content-Type': 'application/json', 'Accept': 'application/json', 'X-Auth-Token': '&lt;omitted&gt;'}
        Body: None
    Response - Headers: {'status': '200', 'content-length': '1901', 'content-location': 'http://10.0.2.15:8774/v2.1/5cb8038b47af45aebb5e6de263d025e1/servers/206b2910-216e-4ac6-b1d3-e90d8a8d3dfe', 'x-compute-request-id': 'req-690a9541-618b-4e68-b72d-9208a42ba90f', 'vary': 'X-OpenStack-Nova-API-Version', 'connection': 'close', 'x-openstack-nova-api-version': '2.1', 'date': 'Tue, 05 Jan 2016 11:19:21 GMT', 'content-type': 'application/json'}
        Body: {"server": {"status": "ACTIVE", "updated": "2016-01-05T11:19:20Z", "hostId": "879e0288a69c8c8bb726ae349956ab221bacec57f5954e236f2d5e45", "addresses": {"tempest-network-smoke--596358507": [{"OS-EXT-IPS-MAC:mac_addr": "fa:16:3e:d0:dc:cd", "version": 6, "addr": "2003::f816:3eff:fed0:dccd", "OS-EXT-IPS:type": "fixed"}, {"OS-EXT-IPS-MAC:mac_addr": "fa:16:3e:d0:dc:cd", "version": 4, "addr": "10.100.0.3", "OS-EXT-IPS:type": "fixed"}, {"OS-EXT-IPS-MAC:mac_addr": "fa:16:3e:d0:dc:cd", "version": 4, "addr": "172.24.4.4", "OS-EXT-IPS:type": "floating"}]}, "links": [{"href": "http://10.0.2.15:8774/v2.1/5cb8038b47af45aebb5e6de263d025e1/servers/206b2910-216e-4ac6-b1d3-e90d8a8d3dfe", "rel": "self"}, {"href": "http://10.0.2.15:8774/5cb8038b47af45aebb5e6de263d025e1/servers/206b2910-216e-4ac6-b1d3-e90d8a8d3dfe", "rel": "bookmark"}], "key_name": "tempest-TestGettingAddress-76614740", "image": {"id": "67f71e3f-ca6e-44a5-82c9-163db84ef4e6", "links": [{"href": "http://10.0.2.15:8774/5cb8038b47af45aebb5e6de263d025e1/images/67f71e3f-ca6e-44a5-82c9-163db84ef4e6", "rel": "bookmark"}]}, "OS-EXT-STS:task_state": "deleting", "OS-EXT-STS:vm_state": "active", "OS-SRV-USG:launched_at": "2016-01-05T11:15:46.000000", "flavor": {"id": "42", "links": [{"href": "http://10.0.2.15:8774/5cb8038b47af45aebb5e6de263d025e1/flavors/42", "rel": "bookmark"}]}, "id": "206b2910-216e-4ac6-b1d3-e90d8a8d3dfe", "security_groups": [{"name": "tempest-secgroup-smoke-1302092599"}], "OS-SRV-USG:terminated_at": null, "OS-EXT-AZ:availability_zone": "nova", "user_id": "e463ae9940514fb6a870b0ba07be44f8", "name": "tempest.common.compute-instance-657170510", "created": "2016-01-05T11:15:42Z", "tenant_id": "5cb8038b47af45aebb5e6de263d025e1", "OS-DCF:diskConfig": "MANUAL", "os-extended-volumes:volumes_attached": [], "accessIPv4": "", "accessIPv6": "", "progress": 0, "OS-EXT-STS:power_state": 1, "config_drive": "True", "metadata": {}}}
2016-01-05 11:19:22,280 24254 INFO     [tempest_lib.common.rest_client] Request (TestGettingAddress:_run_cleanups): 200 GET http://10.0.2.15:8774/v2.1/5cb8038b47af45aebb5e6de263d025e1/servers/206b2910-216e-4ac6-b1d3-e90d8a8d3dfe 0.143s
2016-01-05 11:19:22,281 24254 DEBUG    [tempest_lib.common.rest_client] Request - Headers: {'Content-Type': 'application/json', 'Accept': 'application/json', 'X-Auth-Token': '&lt;omitted&gt;'}
        Body: None
    Response - Headers: {'status': '200', 'content-length': '1437', 'content-location': 'http://10.0.2.15:8774/v2.1/5cb8038b47af45aebb5e6de263d025e1/servers/206b2910-216e-4ac6-b1d3-e90d8a8d3dfe', 'x-compute-request-id': 'req-9d856085-4136-45c8-a04e-9ddec538abc8', 'vary': 'X-OpenStack-Nova-API-Version', 'connection': 'close', 'x-openstack-nova-api-version': '2.1', 'date': 'Tue, 05 Jan 2016 11:19:22 GMT', 'content-type': 'application/json'}
        Body: {"server": {"status": "ACTIVE", "updated": "2016-01-05T11:19:21Z", "hostId": "879e0288a69c8c8bb726ae349956ab221bacec57f5954e236f2d5e45", "addresses": {}, "links": [{"href": "http://10.0.2.15:8774/v2.1/5cb8038b47af45aebb5e6de263d025e1/servers/206b2910-216e-4ac6-b1d3-e90d8a8d3dfe", "rel": "self"}, {"href": "http://10.0.2.15:8774/5cb8038b47af45aebb5e6de263d025e1/servers/206b2910-216e-4ac6-b1d3-e90d8a8d3dfe", "rel": "bookmark"}], "key_name": "tempest-TestGettingAddress-76614740", "image": {"id": "67f71e3f-ca6e-44a5-82c9-163db84ef4e6", "links": [{"href": "http://10.0.2.15:8774/5cb8038b47af45aebb5e6de263d025e1/images/67f71e3f-ca6e-44a5-82c9-163db84ef4e6", "rel": "bookmark"}]}, "OS-EXT-STS:task_state": "deleting", "OS-EXT-STS:vm_state": "active", "OS-SRV-USG:launched_at": "2016-01-05T11:15:46.000000", "flavor": {"id": "42", "links": [{"href": "http://10.0.2.15:8774/5cb8038b47af45aebb5e6de263d025e1/flavors/42", "rel": "bookmark"}]}, "id": "206b2910-216e-4ac6-b1d3-e90d8a8d3dfe", "OS-SRV-USG:terminated_at": null, "OS-EXT-AZ:availability_zone": "nova", "user_id": "e463ae9940514fb6a870b0ba07be44f8", "name": "tempest.common.compute-instance-657170510", "created": "2016-01-05T11:15:42Z", "tenant_id": "5cb8038b47af45aebb5e6de263d025e1", "OS-DCF:diskConfig": "MANUAL", "os-extended-volumes:volumes_attached": [], "accessIPv4": "", "accessIPv6": "", "progress": 0, "OS-EXT-STS:power_state": 1, "config_drive": "True", "metadata": {}}}
2016-01-05 11:19:23,371 24254 INFO     [tempest_lib.common.rest_client] Request (TestGettingAddress:_run_cleanups): 404 GET http://10.0.2.15:8774/v2.1/5cb8038b47af45aebb5e6de263d025e1/servers/206b2910-216e-4ac6-b1d3-e90d8a8d3dfe 0.079s
2016-01-05 11:19:23,372 24254 DEBUG    [tempest_lib.common.rest_client] Request - Headers: {'Content-Type': 'application/json', 'Accept': 'application/json', 'X-Auth-Token': '&lt;omitted&gt;'}
        Body: None
    Response - Headers: {'status': '404', 'content-length': '111', 'x-compute-request-id': 'req-89fc5071-e2c5-4807-8214-9a1e15ee3201', 'vary': 'X-OpenStack-Nova-API-Version', 'connection': 'close', 'x-openstack-nova-api-version': '2.1', 'date': 'Tue, 05 Jan 2016 11:19:23 GMT', 'content-type': 'application/json; charset=UTF-8'}
        Body: {"itemNotFound": {"message": "Instance 206b2910-216e-4ac6-b1d3-e90d8a8d3dfe could not be found.", "code": 404}}
2016-01-05 11:19:23,792 24254 INFO     [tempest_lib.common.rest_client] Request (TestGettingAddress:_run_cleanups): 200 PUT http://10.0.2.15:9696/v2.0/routers/214b8088-86e8-41b4-9955-9f7598a82f23/remove_router_interface 0.418s
2016-01-05 11:19:23,792 24254 DEBUG    [tempest_lib.common.rest_client] Request - Headers: {'Content-Type': 'application/json', 'Accept': 'application/json', 'X-Auth-Token': '&lt;omitted&gt;'}
        Body: {"subnet_id": "3587c7a6-9242-437c-9ef0-cb1ed31b1732"}
    Response - Headers: {'status': '200', 'content-length': '255', 'connection': 'close', 'date': 'Tue, 05 Jan 2016 11:19:23 GMT', 'content-type': 'application/json; charset=UTF-8', 'x-openstack-request-id': 'req-51537261-7395-46c5-a600-425ce10e4996'}
        Body: {"subnet_id": "3587c7a6-9242-437c-9ef0-cb1ed31b1732", "tenant_id": "5cb8038b47af45aebb5e6de263d025e1", "subnet_ids": ["3587c7a6-9242-437c-9ef0-cb1ed31b1732"], "port_id": "de518ec9-9c1e-425c-a8af-5e820ba73244", "id": "214b8088-86e8-41b4-9955-9f7598a82f23"}
2016-01-05 11:19:24,263 24254 INFO     [tempest_lib.common.rest_client] Request (TestGettingAddress:_run_cleanups): 204 DELETE http://10.0.2.15:9696/v2.0/subnets/3587c7a6-9242-437c-9ef0-cb1ed31b1732 0.470s
2016-01-05 11:19:24,263 24254 DEBUG    [tempest_lib.common.rest_client] Request - Headers: {'Content-Type': 'application/json', 'Accept': 'application/json', 'X-Auth-Token': '&lt;omitted&gt;'}
        Body: None
    Response - Headers: {'date': 'Tue, 05 Jan 2016 11:19:24 GMT', 'status': '204', 'connection': 'close', 'content-length': '0', 'x-openstack-request-id': 'req-fefe82a3-cf14-4966-a464-666aed1e1dce'}
        Body: 
2016-01-05 11:19:24,308 24254 INFO     [tempest_lib.common.rest_client] Request (TestGettingAddress:_run_cleanups): 404 DELETE http://10.0.2.15:9696/v2.0/subnets/3587c7a6-9242-437c-9ef0-cb1ed31b1732 0.043s
2016-01-05 11:19:24,308 24254 DEBUG    [tempest_lib.common.rest_client] Request - Headers: {'Content-Type': 'application/json', 'Accept': 'application/json', 'X-Auth-Token': '&lt;omitted&gt;'}
        Body: None
    Response - Headers: {'status': '404', 'content-length': '136', 'connection': 'close', 'date': 'Tue, 05 Jan 2016 11:19:24 GMT', 'content-type': 'application/json; charset=UTF-8', 'x-openstack-request-id': 'req-04af88d1-484e-42f1-856f-a296863be6a8'}
        Body: {"NeutronError": {"message": "Subnet 3587c7a6-9242-437c-9ef0-cb1ed31b1732 could not be found.", "type": "SubnetNotFound", "detail": ""}}
2016-01-05 11:19:24,736 24254 INFO     [tempest_lib.common.rest_client] Request (TestGettingAddress:_run_cleanups): 200 PUT http://10.0.2.15:9696/v2.0/routers/214b8088-86e8-41b4-9955-9f7598a82f23/remove_router_interface 0.427s
2016-01-05 11:19:24,736 24254 DEBUG    [tempest_lib.common.rest_client] Request - Headers: {'Content-Type': 'application/json', 'Accept': 'application/json', 'X-Auth-Token': '&lt;omitted&gt;'}
        Body: {"subnet_id": "1dd23c2a-0ba4-42f0-b9a7-e9b4987fe271"}
    Response - Headers: {'status': '200', 'content-length': '255', 'connection': 'close', 'date': 'Tue, 05 Jan 2016 11:19:24 GMT', 'content-type': 'application/json; charset=UTF-8', 'x-openstack-request-id': 'req-f9e30fee-e8ee-4fa4-a7d5-0c130eef1f49'}
