<?xml version="1.0" encoding="UTF-8"?>
<!DOCTYPE html PUBLIC "-//W3C//DTD XHTML 1.0 Strict//EN"
     "http://www.w3.org/TR/xhtml1/DTD/xhtml1-strict.dtd">
<html xmlns="http://www.w3.org/1999/xhtml">
<head>
    <title>Unit Test Report</title>
    <meta name="generator" content="subunit2html 0.1"/>
    <meta http-equiv="Content-Type" content="text/html; charset=UTF-8"/>
    
<style type="text/css" media="screen">
body        { font-family: verdana, arial, helvetica, sans-serif;
    font-size: 80%; }
table       { font-size: 100%; width: 100%;}
pre         { font-size: 80%; }

/* -- heading -------------------------------------------------------------- */
h1 {
        font-size: 16pt;
        color: gray;
}
.heading {
    margin-top: 0ex;
    margin-bottom: 1ex;
}

.heading .attribute {
    margin-top: 1ex;
    margin-bottom: 0;
}

.heading .description {
    margin-top: 4ex;
    margin-bottom: 6ex;
}

/* -- css div popup -------------------------------------------------------- */
a.popup_link {
}

a.popup_link:hover {
    color: red;
}

.popup_window {
    display: none;
    overflow-x: scroll;
    /*border: solid #627173 1px; */
    padding: 10px;
    background-color: #E6E6D6;
    font-family: "Ubuntu Mono", "Lucida Console", "Courier New", monospace;
    text-align: left;
    font-size: 8pt;
}

}
/* -- report --------------------------------------------------------------- */
#show_detail_line {
    margin-top: 3ex;
    margin-bottom: 1ex;
}
#result_table {
    width: 100%;
    border-collapse: collapse;
    border: 1px solid #777;
}
#header_row {
    font-weight: bold;
    color: white;
    background-color: #777;
}
#result_table td {
    border: 1px solid #777;
    padding: 2px;
}
#total_row  { font-weight: bold; }
.passClass  { background-color: #6c6; }
.failClass  { background-color: #c60; }
.errorClass { background-color: #c00; }
.passCase   { color: #6c6; }
.failCase   { color: #c60; font-weight: bold; }
.errorCase  { color: #c00; font-weight: bold; }
.hiddenRow  { display: none; }
.testcase   { margin-left: 2em; }
td.testname {width: 40%}
td.small {width: 40px}

/* -- ending --------------------------------------------------------------- */
#ending {
}

</style>

</head>
<body>
<script language="javascript" type="text/javascript"><!--
output_list = Array();

/* level - 0:Summary; 1:Failed; 2:All */
function showCase(level) {
    trs = document.getElementsByTagName("tr");
    for (var i = 0; i < trs.length; i++) {
        tr = trs[i];
        id = tr.id;
        if (id.substr(0,2) == 'ft') {
            if (level < 1) {
                tr.className = 'hiddenRow';
            }
            else {
                tr.className = '';
            }
        }
        if (id.substr(0,2) == 'pt') {
            if (level > 1) {
                tr.className = '';
            }
            else {
                tr.className = 'hiddenRow';
            }
        }
    }
}


function showClassDetail(cid, count) {
    var id_list = Array(count);
    var toHide = 1;
    for (var i = 0; i < count; i++) {
        tid0 = 't' + cid.substr(1) + '.' + (i+1);
        tid = 'f' + tid0;
        tr = document.getElementById(tid);
        if (!tr) {
            tid = 'p' + tid0;
            tr = document.getElementById(tid);
        }
        id_list[i] = tid;
        if (tr.className) {
            toHide = 0;
        }
    }
    for (var i = 0; i < count; i++) {
        tid = id_list[i];
        if (toHide) {
            document.getElementById('div_'+tid).style.display = 'none'
            document.getElementById(tid).className = 'hiddenRow';
        }
        else {
            document.getElementById(tid).className = '';
        }
    }
}


function showTestDetail(div_id){
    var details_div = document.getElementById(div_id)
    var displayState = details_div.style.display
    // alert(displayState)
    if (displayState != 'block' ) {
        displayState = 'block'
        details_div.style.display = 'block'
    }
    else {
        details_div.style.display = 'none'
    }
}


function html_escape(s) {
    s = s.replace(/&/g,'&amp;');
    s = s.replace(/</g,'&lt;');
    s = s.replace(/>/g,'&gt;');
    return s;
}

/* obsoleted by detail in <div>
function showOutput(id, name) {
    var w = window.open("", //url
                    name,
                    "resizable,scrollbars,status,width=800,height=450");
    d = w.document;
    d.write("<pre>");
    d.write(html_escape(output_list[id]));
    d.write("\n");
    d.write("<a href='javascript:window.close()'>close</a>\n");
    d.write("</pre>\n");
    d.close();
}
*/
--></script>

<div class='heading'>
<h1>Unit Test Report</h1>

<p class='attribute'><strong>Status:</strong> Failure 8</p>

<p class='description'></p>
</div>



<p id='show_detail_line'>Show
<a href='javascript:showCase(0)'>Summary</a>
<a href='javascript:showCase(1)'>Failed</a>
<a href='javascript:showCase(2)'>All</a>
</p>
<table id='result_table'>
<colgroup>
<col align='left' />
<col align='right' />
<col align='right' />
<col align='right' />
<col align='right' />
<col align='right' />
<col align='right' />
<col align='right' />
</colgroup>
<tr id='header_row'>
    <td>Test Group/Test case</td>
    <td>Count</td>
    <td>Pass</td>
    <td>Fail</td>
    <td>Error</td>
    <td>Skip</td>
    <td>View</td>
    <td> </td>
</tr>

<tr class='failClass'>
    <td class="testname">tempest.scenario.test_network_v6.TestGettingAddress</td>
    <td class="small">8</td>
    <td class="small">0</td>
    <td class="small">8</td>
    <td class="small">0</td>
    <td class="small">0</td>
    <td class="small"><a href="javascript:showClassDetail('c1',8)"
>Detail</a></td>
    <td> </td>
</tr>

<tr id='ft1.1' class='none'>
    <td class='failCase'><div class='testcase'>test_dhcp6_stateless_from_os[compute,id-d7e1f858-187c-45a6-89c9-bdafde619a9f,network]</div></td>
    <td colspan='7' align='left'>

    <!--css div popup start-->
    <a class="popup_link" onfocus='this.blur();'
    href="javascript:showTestDetail('div_ft1.1')" >
        fail</a>

    <div id='div_ft1.1' class="popup_window">
        <div style='text-align: right; color:red;cursor:pointer'>
        <a onfocus='this.blur();'
onclick="document.getElementById('div_ft1.1').style.display = 'none' " >
           [x]</a>
        </div>
        <pre>
        
ft1.1: tempest.scenario.test_network_v6.TestGettingAddress.test_dhcp6_stateless_from_os[compute,id-d7e1f858-187c-45a6-89c9-bdafde619a9f,network]_StringException: Empty attachments:
  stderr
  stdout

pythonlogging:'': {{{
2016-01-07 01:37:42,155 3965 INFO     [tempest_lib.common.rest_client] Request (TestGettingAddress:setUp): 200 POST http://10.0.2.15:8774/v2.1/e7cbb71fafc544838d79caa5cb2dfa74/os-keypairs 0.611s
2016-01-07 01:37:42,156 3965 DEBUG    [tempest_lib.common.rest_client] Request - Headers: {'Content-Type': 'application/json', 'Accept': 'application/json', 'X-Auth-Token': '&lt;omitted&gt;'}
        Body: {"keypair": {"name": "tempest-TestGettingAddress-705034382"}}
    Response - Headers: {'status': '200', 'content-length': '2319', 'x-compute-request-id': 'req-0c1024ff-d366-4856-9901-b821829a5e34', 'vary': 'X-OpenStack-Nova-API-Version', 'connection': 'close', 'x-openstack-nova-api-version': '2.1', 'date': 'Thu, 07 Jan 2016 01:37:42 GMT', 'content-type': 'application/json'}
        Body: {"keypair": {"public_key": "ssh-rsa AAAAB3NzaC1yc2EAAAADAQABAAABAQCjxro0fqsM4WZdcFurCU6o/H4vOmOwmnT0s72GYxdGnpc90lpsZfUPpz9ENz3gTcBsrtNAHH2huuMOj5OakP+QQkzL6j3nWWo1/Bt82BjSLh9kgN8vSWxFFxxxqmzj6dx+ybtL1lQRvoGYuSqhaQx0G+vZAMXYhPtNfJf/kutlKBwNbRQ8TuzFCLJmR+hqf5lxrQKSo5t76BxtWOX3Urs3IwiXt6i+HShWBlual01wsOgrJPLKcOswxaL51le2B9NcxVmuymcKFyQoqBc7gYh0eIjRsWzepwhabTOSIeSb2+M9T3de6migJUSW2O5rVn9bNu245fD2FtXhlwhkM9ef Generated-by-Nova", "private_key": "-----BEGIN RSA PRIVATE KEY-----\nMIIEpwIBAAKCAQEAo8a6NH6rDOFmXXBbqwlOqPx+LzpjsJp09LO9hmMXRp6XPdJa\nbGX1D6c/RDc94E3AbK7TQBx9obrjDo+TmpD/kEJMy+o951lqNfwbfNgY0i4fZIDf\nL0lsRRcccaps4+ncfsm7S9ZUEb6BmLkqoWkMdBvr2QDF2IT7TXyX/5LrZSgcDW0U\nPE7sxQiyZkfoan+Zca0CkqObe+gcbVjl91K7NyMIl7eovh0oVgZbmpdNcLDoKyTy\nynDrMMWi+dZXtgfTXMVZrspnChckKKgXO4GIdHiI0bFs3qcIWm0zkiHkm9vjPU93\nXupooCVEltjua1Z/WzbtuOXw9hbV4ZcIZDPXnwIDAQABAoIBAEeUHF/DGLkpbhba\ne4X2LGXY7MFxcI6IAyPLxsKMXmjj+U/wtsp3iTKNMy56QlXdRYN6qSN1EEd2KbR8\nddNxGfEPuQbKWsHZJ31usQjQXZDGzbucQ28kVOihYDIhfTPjSxYyzuQnSVjz/Sol\ni4c+JU49wcd2+gFWpYrJMJlnue/cc9wIbhSgWpOunRZPCNiVHgfiDspujAWvjFVn\nz00NkhLYclkfuOk2gkwxJZ7MwYLanNyZsPWmOxlSFmg7cueNNOLm7ZfzheRkXTCG\nVGWduRu+f2BTOuCmH8pp7j/K0hJrhcvzUfFawbumrykVwtf1QUUA3HU9I2BjyrfD\n2ig7KXkCggCBAMli8jeUyrhEAnj6O8nl4muYY3idctB/5ePSu0omp2Oh39pBUnct\nwa7yPU6mKauOwOiIbpks2e+Sy4/eF2Sk8bVDY/rerj1++L0kcwuIxjGS0tFsNevJ\nnNXCEqr8TMIWOsbwmszwa4P3a4FIRv2uWV3gYbIkjehDXmMVJkbfks6jAoIAgQDQ\nMLqs6wb6eMXwKUFnY8lVmCYvQ3H/ZsNqlWB+8qa4YfJrRN41Y8gdfvXtk0gwnqUm\nDCvSLlCXrkS5WFgcsrjbztMPsHhGUsPL8OEj3a9UZstg33v+dcfQZtd+SF6h3Oii\n5VUPopY17NXflmuUrvAf4K9Oa0d3kss5sz1/2ksO1QKCAIBcv5Q8YuuGN9RHsT9t\n+dDwqstNFn51ZiITbc9SFEFNUpUNKL55IvqrvubbXQ2d9G4F6ie9pfltK9dSl/+A\nG7MyPypBtOLccajPO4U8j65v0GYFi2e+AymXDP2Z//69+IzzaIZy0ltB+OZrMUV4\nuh5wbNGxwMIWcUh8K5ZoV7l+LwKCAIB84o5Ihh/EhkguXYEXVRuEFeXp+ipbC7jz\nqbGd1U8/UboKsOAe5ME5OFyr6+qlB7WHkkuDJDdCFc6x5BXO+UK80F95jOFJRgKf\nxto3Gpc/KP6dGNKXfO2kzNw9q4ngzNRcSvdwjpZOuMg+/EuCgEIYzT4760yOpOb1\nsNiWZksaFQKCAIBBsVh39/fGInKZvh/87oC86DXGW1spKJ+xOF9tWInsRXqddxPZ\nDoK5VOSOUoUFUyY2JxALXLBJLFEspXC9RU5tXMv3jn3L8L58T/2mBWRZ0VzaawMY\nWOT5plCgvo9UV0YlgiXSLiTH9j1XQWSkflJh4OjpKoFZRQF42IaL536TuA==\n-----END RSA PRIVATE KEY-----\n", "user_id": "0f6fe30e0ae34b1885e8596e792f9504", "name": "tempest-TestGettingAddress-705034382", "fingerprint": "b3:83:fb:8c:5f:09:5e:74:99:e8:97:59:cd:92:9c:f6"}}
2016-01-07 01:37:42,540 3965 INFO     [tempest_lib.common.rest_client] Request (TestGettingAddress:setUp): 201 POST http://10.0.2.15:9696/v2.0/security-groups 0.379s
2016-01-07 01:37:42,541 3965 DEBUG    [tempest_lib.common.rest_client] Request - Headers: {'Content-Type': 'application/json', 'Accept': 'application/json', 'X-Auth-Token': '&lt;omitted&gt;'}
        Body: {"security_group": {"tenant_id": "e7cbb71fafc544838d79caa5cb2dfa74", "description": "tempest-secgroup-smoke-1823644075 description", "name": "tempest-secgroup-smoke-1823644075"}}
    Response - Headers: {'status': '201', 'content-length': '888', 'connection': 'close', 'date': 'Thu, 07 Jan 2016 01:37:42 GMT', 'content-type': 'application/json; charset=UTF-8', 'x-openstack-request-id': 'req-9c65ec58-0fbb-4e86-ba83-c612f196f858'}
        Body: {"security_group": {"tenant_id": "e7cbb71fafc544838d79caa5cb2dfa74", "description": "tempest-secgroup-smoke-1823644075 description", "id": "a25d48b7-f179-4510-bd36-0515b84d6915", "security_group_rules": [{"remote_group_id": null, "direction": "egress", "remote_ip_prefix": null, "protocol": null, "ethertype": "IPv4", "tenant_id": "e7cbb71fafc544838d79caa5cb2dfa74", "port_range_max": null, "port_range_min": null, "id": "0072ef0d-1582-49e4-883e-9d37f1acfcaf", "security_group_id": "a25d48b7-f179-4510-bd36-0515b84d6915"}, {"remote_group_id": null, "direction": "egress", "remote_ip_prefix": null, "protocol": null, "ethertype": "IPv6", "tenant_id": "e7cbb71fafc544838d79caa5cb2dfa74", "port_range_max": null, "port_range_min": null, "id": "1d5ee6e8-d224-4da9-8049-12fa3b7c128a", "security_group_id": "a25d48b7-f179-4510-bd36-0515b84d6915"}], "name": "tempest-secgroup-smoke-1823644075"}}
2016-01-07 01:37:42,664 3965 INFO     [tempest_lib.common.rest_client] Request (TestGettingAddress:setUp): 201 POST http://10.0.2.15:9696/v2.0/security-group-rules 0.121s
2016-01-07 01:37:42,665 3965 DEBUG    [tempest_lib.common.rest_client] Request - Headers: {'Content-Type': 'application/json', 'Accept': 'application/json', 'X-Auth-Token': '&lt;omitted&gt;'}
        Body: {"security_group_rule": {"direction": "ingress", "protocol": "tcp", "tenant_id": "e7cbb71fafc544838d79caa5cb2dfa74", "port_range_max": 22, "security_group_id": "a25d48b7-f179-4510-bd36-0515b84d6915", "port_range_min": 22}}
    Response - Headers: {'status': '201', 'content-length': '340', 'connection': 'close', 'date': 'Thu, 07 Jan 2016 01:37:42 GMT', 'content-type': 'application/json; charset=UTF-8', 'x-openstack-request-id': 'req-de1a8fd5-45ad-4a93-ba22-994907828e4c'}
        Body: {"security_group_rule": {"remote_group_id": null, "direction": "ingress", "remote_ip_prefix": null, "protocol": "tcp", "ethertype": "IPv4", "tenant_id": "e7cbb71fafc544838d79caa5cb2dfa74", "port_range_max": 22, "port_range_min": 22, "id": "b74271af-8768-4574-8810-1836adc6598a", "security_group_id": "a25d48b7-f179-4510-bd36-0515b84d6915"}}
2016-01-07 01:37:42,793 3965 INFO     [tempest_lib.common.rest_client] Request (TestGettingAddress:setUp): 201 POST http://10.0.2.15:9696/v2.0/security-group-rules 0.127s
2016-01-07 01:37:42,793 3965 DEBUG    [tempest_lib.common.rest_client] Request - Headers: {'Content-Type': 'application/json', 'Accept': 'application/json', 'X-Auth-Token': '&lt;omitted&gt;'}
        Body: {"security_group_rule": {"direction": "egress", "protocol": "tcp", "tenant_id": "e7cbb71fafc544838d79caa5cb2dfa74", "port_range_max": 22, "security_group_id": "a25d48b7-f179-4510-bd36-0515b84d6915", "port_range_min": 22}}
    Response - Headers: {'status': '201', 'content-length': '339', 'connection': 'close', 'date': 'Thu, 07 Jan 2016 01:37:42 GMT', 'content-type': 'application/json; charset=UTF-8', 'x-openstack-request-id': 'req-dabfc52b-3f92-42f4-91b4-0166b6ca0f21'}
        Body: {"security_group_rule": {"remote_group_id": null, "direction": "egress", "remote_ip_prefix": null, "protocol": "tcp", "ethertype": "IPv4", "tenant_id": "e7cbb71fafc544838d79caa5cb2dfa74", "port_range_max": 22, "port_range_min": 22, "id": "4e022933-a445-4e12-adee-ca49da7a48df", "security_group_id": "a25d48b7-f179-4510-bd36-0515b84d6915"}}
2016-01-07 01:37:42,924 3965 INFO     [tempest_lib.common.rest_client] Request (TestGettingAddress:setUp): 201 POST http://10.0.2.15:9696/v2.0/security-group-rules 0.129s
2016-01-07 01:37:42,925 3965 DEBUG    [tempest_lib.common.rest_client] Request - Headers: {'Content-Type': 'application/json', 'Accept': 'application/json', 'X-Auth-Token': '&lt;omitted&gt;'}
        Body: {"security_group_rule": {"tenant_id": "e7cbb71fafc544838d79caa5cb2dfa74", "direction": "ingress", "protocol": "icmp", "security_group_id": "a25d48b7-f179-4510-bd36-0515b84d6915"}}
    Response - Headers: {'status': '201', 'content-length': '345', 'connection': 'close', 'date': 'Thu, 07 Jan 2016 01:37:42 GMT', 'content-type': 'application/json; charset=UTF-8', 'x-openstack-request-id': 'req-b6aabeca-18ce-456c-a469-ca7defdbd4d3'}
        Body: {"security_group_rule": {"remote_group_id": null, "direction": "ingress", "remote_ip_prefix": null, "protocol": "icmp", "ethertype": "IPv4", "tenant_id": "e7cbb71fafc544838d79caa5cb2dfa74", "port_range_max": null, "port_range_min": null, "id": "4e55293c-9743-4043-b47a-694b609e301d", "security_group_id": "a25d48b7-f179-4510-bd36-0515b84d6915"}}
2016-01-07 01:37:43,048 3965 INFO     [tempest_lib.common.rest_client] Request (TestGettingAddress:setUp): 201 POST http://10.0.2.15:9696/v2.0/security-group-rules 0.121s
2016-01-07 01:37:43,048 3965 DEBUG    [tempest_lib.common.rest_client] Request - Headers: {'Content-Type': 'application/json', 'Accept': 'application/json', 'X-Auth-Token': '&lt;omitted&gt;'}
        Body: {"security_group_rule": {"tenant_id": "e7cbb71fafc544838d79caa5cb2dfa74", "direction": "egress", "protocol": "icmp", "security_group_id": "a25d48b7-f179-4510-bd36-0515b84d6915"}}
    Response - Headers: {'status': '201', 'content-length': '344', 'connection': 'close', 'date': 'Thu, 07 Jan 2016 01:37:43 GMT', 'content-type': 'application/json; charset=UTF-8', 'x-openstack-request-id': 'req-369b413a-4df3-4a07-b030-ddb48a6b9f5f'}
        Body: {"security_group_rule": {"remote_group_id": null, "direction": "egress", "remote_ip_prefix": null, "protocol": "icmp", "ethertype": "IPv4", "tenant_id": "e7cbb71fafc544838d79caa5cb2dfa74", "port_range_max": null, "port_range_min": null, "id": "c9a0f526-8e1a-442b-8d56-3f73e6776830", "security_group_id": "a25d48b7-f179-4510-bd36-0515b84d6915"}}
2016-01-07 01:37:43,173 3965 INFO     [tempest_lib.common.rest_client] Request (TestGettingAddress:setUp): 201 POST http://10.0.2.15:9696/v2.0/security-group-rules 0.124s
2016-01-07 01:37:43,174 3965 DEBUG    [tempest_lib.common.rest_client] Request - Headers: {'Content-Type': 'application/json', 'Accept': 'application/json', 'X-Auth-Token': '&lt;omitted&gt;'}
        Body: {"security_group_rule": {"tenant_id": "e7cbb71fafc544838d79caa5cb2dfa74", "direction": "ingress", "security_group_id": "a25d48b7-f179-4510-bd36-0515b84d6915", "protocol": "icmp", "ethertype": "IPv6"}}
    Response - Headers: {'status': '201', 'content-length': '345', 'connection': 'close', 'date': 'Thu, 07 Jan 2016 01:37:43 GMT', 'content-type': 'application/json; charset=UTF-8', 'x-openstack-request-id': 'req-f4d6d3e3-2843-4670-95be-fa0ffc666525'}
        Body: {"security_group_rule": {"remote_group_id": null, "direction": "ingress", "remote_ip_prefix": null, "protocol": "icmp", "ethertype": "IPv6", "tenant_id": "e7cbb71fafc544838d79caa5cb2dfa74", "port_range_max": null, "port_range_min": null, "id": "586d7b85-01c1-44de-8064-e1ae563a9bd4", "security_group_id": "a25d48b7-f179-4510-bd36-0515b84d6915"}}
2016-01-07 01:37:43,342 3965 INFO     [tempest_lib.common.rest_client] Request (TestGettingAddress:setUp): 201 POST http://10.0.2.15:9696/v2.0/security-group-rules 0.168s
2016-01-07 01:37:43,343 3965 DEBUG    [tempest_lib.common.rest_client] Request - Headers: {'Content-Type': 'application/json', 'Accept': 'application/json', 'X-Auth-Token': '&lt;omitted&gt;'}
        Body: {"security_group_rule": {"tenant_id": "e7cbb71fafc544838d79caa5cb2dfa74", "direction": "egress", "security_group_id": "a25d48b7-f179-4510-bd36-0515b84d6915", "protocol": "icmp", "ethertype": "IPv6"}}
    Response - Headers: {'status': '201', 'content-length': '344', 'connection': 'close', 'date': 'Thu, 07 Jan 2016 01:37:43 GMT', 'content-type': 'application/json; charset=UTF-8', 'x-openstack-request-id': 'req-2bccb9b7-d5e2-44c2-8144-1a356b966871'}
        Body: {"security_group_rule": {"remote_group_id": null, "direction": "egress", "remote_ip_prefix": null, "protocol": "icmp", "ethertype": "IPv6", "tenant_id": "e7cbb71fafc544838d79caa5cb2dfa74", "port_range_max": null, "port_range_min": null, "id": "9b7b42ec-7c4a-41d6-b32a-82ecdbe78f49", "security_group_id": "a25d48b7-f179-4510-bd36-0515b84d6915"}}
2016-01-07 01:37:43,528 3965 INFO     [tempest_lib.common.rest_client] Request (TestGettingAddress:test_dhcp6_stateless_from_os): 201 POST http://10.0.2.15:9696/v2.0/networks 0.183s
2016-01-07 01:37:43,529 3965 DEBUG    [tempest_lib.common.rest_client] Request - Headers: {'Content-Type': 'application/json', 'Accept': 'application/json', 'X-Auth-Token': '&lt;omitted&gt;'}
        Body: {"network": {"tenant_id": "e7cbb71fafc544838d79caa5cb2dfa74", "name": "tempest-network-smoke--1021387054"}}
    Response - Headers: {'status': '201', 'content-length': '327', 'connection': 'close', 'date': 'Thu, 07 Jan 2016 01:37:43 GMT', 'content-type': 'application/json; charset=UTF-8', 'x-openstack-request-id': 'req-1f65b858-4ca6-4dd5-a2e5-d79e662151d3'}
        Body: {"network": {"status": "ACTIVE", "subnets": [], "availability_zone_hints": [], "name": "tempest-network-smoke--1021387054", "admin_state_up": true, "tenant_id": "e7cbb71fafc544838d79caa5cb2dfa74", "mtu": 0, "router:external": false, "shared": false, "port_security_enabled": true, "id": "56c9145e-b09c-425c-9913-56b4ecfa7c90"}}
2016-01-07 01:37:43,732 3965 INFO     [tempest_lib.common.rest_client] Request (TestGettingAddress:test_dhcp6_stateless_from_os): 200 GET http://10.0.2.15:9696/v2.0/subnets?tenant_id=e7cbb71fafc544838d79caa5cb2dfa74&amp;cidr=10.100.0.0%2F28 0.201s
2016-01-07 01:37:43,732 3965 DEBUG    [tempest_lib.common.rest_client] Request - Headers: {'Content-Type': 'application/json', 'Accept': 'application/json', 'X-Auth-Token': '&lt;omitted&gt;'}
        Body: None
    Response - Headers: {'status': '200', 'content-length': '15', 'content-location': 'http://10.0.2.15:9696/v2.0/subnets?tenant_id=e7cbb71fafc544838d79caa5cb2dfa74&amp;cidr=10.100.0.0%2F28', 'connection': 'close', 'date': 'Thu, 07 Jan 2016 01:37:43 GMT', 'content-type': 'application/json; charset=UTF-8', 'x-openstack-request-id': 'req-464d52bd-a2a3-4504-b1c8-3115b47c67c2'}
        Body: {"subnets": []}
2016-01-07 01:37:44,117 3965 INFO     [tempest_lib.common.rest_client] Request (TestGettingAddress:test_dhcp6_stateless_from_os): 201 POST http://10.0.2.15:9696/v2.0/subnets 0.383s
2016-01-07 01:37:44,117 3965 DEBUG    [tempest_lib.common.rest_client] Request - Headers: {'Content-Type': 'application/json', 'Accept': 'application/json', 'X-Auth-Token': '&lt;omitted&gt;'}
        Body: {"subnet": {"ip_version": 4, "tenant_id": "e7cbb71fafc544838d79caa5cb2dfa74", "cidr": "10.100.0.0/28", "network_id": "56c9145e-b09c-425c-9913-56b4ecfa7c90", "name": "tempest-sub4-386926902"}}
    Response - Headers: {'status': '201', 'content-length': '469', 'connection': 'close', 'date': 'Thu, 07 Jan 2016 01:37:44 GMT', 'content-type': 'application/json; charset=UTF-8', 'x-openstack-request-id': 'req-801fe032-c525-4c62-9ad0-fec40ef9c3fc'}
        Body: {"subnet": {"name": "tempest-sub4-386926902", "enable_dhcp": true, "network_id": "56c9145e-b09c-425c-9913-56b4ecfa7c90", "tenant_id": "e7cbb71fafc544838d79caa5cb2dfa74", "dns_nameservers": [], "gateway_ip": "10.100.0.1", "ipv6_ra_mode": null, "allocation_pools": [{"start": "10.100.0.2", "end": "10.100.0.14"}], "host_routes": [], "ip_version": 4, "ipv6_address_mode": null, "cidr": "10.100.0.0/28", "id": "7ca33e0c-d8ec-43a4-96cd-546c288fc8d8", "subnetpool_id": null}}
2016-01-07 01:37:44,192 3965 INFO     [tempest_lib.common.rest_client] Request (TestGettingAddress:test_dhcp6_stateless_from_os): 201 POST http://10.0.2.15:9696/v2.0/routers 0.073s
2016-01-07 01:37:44,192 3965 DEBUG    [tempest_lib.common.rest_client] Request - Headers: {'Content-Type': 'application/json', 'Accept': 'application/json', 'X-Auth-Token': '&lt;omitted&gt;'}
        Body: {"router": {"tenant_id": "e7cbb71fafc544838d79caa5cb2dfa74", "name": "tempest-router-smoke-727776640", "admin_state_up": true}}
    Response - Headers: {'status': '201', 'content-length': '295', 'connection': 'close', 'date': 'Thu, 07 Jan 2016 01:37:44 GMT', 'content-type': 'application/json; charset=UTF-8', 'x-openstack-request-id': 'req-3c303732-6877-433b-b395-4cb79578455f'}
        Body: {"router": {"status": "ACTIVE", "external_gateway_info": null, "availability_zone_hints": [], "availability_zones": [], "name": "tempest-router-smoke-727776640", "admin_state_up": true, "tenant_id": "e7cbb71fafc544838d79caa5cb2dfa74", "routes": [], "id": "81439b10-e253-4af8-8688-0c8ab97a540b"}}
2016-01-07 01:37:44,392 3965 INFO     [tempest_lib.common.rest_client] Request (TestGettingAddress:test_dhcp6_stateless_from_os): 200 GET http://10.0.2.15:9696/v2.0/routers/81439b10-e253-4af8-8688-0c8ab97a540b 0.199s
2016-01-07 01:37:44,392 3965 DEBUG    [tempest_lib.common.rest_client] Request - Headers: {'Content-Type': 'application/json', 'Accept': 'application/json', 'X-Auth-Token': '&lt;omitted&gt;'}
        Body: None
    Response - Headers: {'status': '200', 'content-length': '295', 'content-location': 'http://10.0.2.15:9696/v2.0/routers/81439b10-e253-4af8-8688-0c8ab97a540b', 'connection': 'close', 'date': 'Thu, 07 Jan 2016 01:37:44 GMT', 'content-type': 'application/json; charset=UTF-8', 'x-openstack-request-id': 'req-c8483ab4-341e-434d-8a03-788a27be4e32'}
        Body: {"router": {"status": "ACTIVE", "external_gateway_info": null, "availability_zone_hints": [], "availability_zones": [], "name": "tempest-router-smoke-727776640", "admin_state_up": true, "tenant_id": "e7cbb71fafc544838d79caa5cb2dfa74", "routes": [], "id": "81439b10-e253-4af8-8688-0c8ab97a540b"}}
2016-01-07 01:37:45,257 3965 INFO     [tempest_lib.common.rest_client] Request (TestGettingAddress:test_dhcp6_stateless_from_os): 200 PUT http://10.0.2.15:9696/v2.0/routers/81439b10-e253-4af8-8688-0c8ab97a540b 0.864s
2016-01-07 01:37:45,258 3965 DEBUG    [tempest_lib.common.rest_client] Request - Headers: {'Content-Type': 'application/json', 'Accept': 'application/json', 'X-Auth-Token': '&lt;omitted&gt;'}
        Body: {"router": {"external_gateway_info": {"network_id": "607f585d-5a87-41c3-b429-eb45a895b81c"}, "name": "tempest-router-smoke-727776640", "admin_state_up": true}}
    Response - Headers: {'status': '200', 'content-length': '557', 'connection': 'close', 'date': 'Thu, 07 Jan 2016 01:37:45 GMT', 'content-type': 'application/json; charset=UTF-8', 'x-openstack-request-id': 'req-4a50f713-ef4f-4dde-a04c-ae9f46af3e04'}
        Body: {"router": {"status": "ACTIVE", "external_gateway_info": {"network_id": "607f585d-5a87-41c3-b429-eb45a895b81c", "enable_snat": true, "external_fixed_ips": [{"subnet_id": "c8add881-d9dc-4821-bdd5-98d8d20db984", "ip_address": "172.24.4.3"}, {"subnet_id": "6c765978-1b01-4f31-947a-828a68d4d193", "ip_address": "2001:db8::3"}]}, "availability_zone_hints": [], "availability_zones": [], "name": "tempest-router-smoke-727776640", "admin_state_up": true, "tenant_id": "e7cbb71fafc544838d79caa5cb2dfa74", "routes": [], "id": "81439b10-e253-4af8-8688-0c8ab97a540b"}}
2016-01-07 01:37:45,975 3965 INFO     [tempest_lib.common.rest_client] Request (TestGettingAddress:test_dhcp6_stateless_from_os): 200 PUT http://10.0.2.15:9696/v2.0/routers/81439b10-e253-4af8-8688-0c8ab97a540b/add_router_interface 0.715s
2016-01-07 01:37:45,976 3965 DEBUG    [tempest_lib.common.rest_client] Request - Headers: {'Content-Type': 'application/json', 'Accept': 'application/json', 'X-Auth-Token': '&lt;omitted&gt;'}
        Body: {"subnet_id": "7ca33e0c-d8ec-43a4-96cd-546c288fc8d8"}
    Response - Headers: {'status': '200', 'content-length': '255', 'connection': 'close', 'date': 'Thu, 07 Jan 2016 01:37:45 GMT', 'content-type': 'application/json; charset=UTF-8', 'x-openstack-request-id': 'req-7beaed33-41bb-4150-b1d4-ff831846bd46'}
        Body: {"subnet_id": "7ca33e0c-d8ec-43a4-96cd-546c288fc8d8", "tenant_id": "e7cbb71fafc544838d79caa5cb2dfa74", "subnet_ids": ["7ca33e0c-d8ec-43a4-96cd-546c288fc8d8"], "port_id": "36fda4f5-b67a-4a58-8492-16087b8676c6", "id": "81439b10-e253-4af8-8688-0c8ab97a540b"}
2016-01-07 01:37:46,021 3965 INFO     [tempest_lib.common.rest_client] Request (TestGettingAddress:test_dhcp6_stateless_from_os): 200 GET http://10.0.2.15:9696/v2.0/subnets?tenant_id=e7cbb71fafc544838d79caa5cb2dfa74&amp;cidr=2003%3A%3A%2F64 0.043s
2016-01-07 01:37:46,021 3965 DEBUG    [tempest_lib.common.rest_client] Request - Headers: {'Content-Type': 'application/json', 'Accept': 'application/json', 'X-Auth-Token': '&lt;omitted&gt;'}
        Body: None
    Response - Headers: {'status': '200', 'content-length': '15', 'content-location': 'http://10.0.2.15:9696/v2.0/subnets?tenant_id=e7cbb71fafc544838d79caa5cb2dfa74&amp;cidr=2003%3A%3A%2F64', 'connection': 'close', 'date': 'Thu, 07 Jan 2016 01:37:46 GMT', 'content-type': 'application/json; charset=UTF-8', 'x-openstack-request-id': 'req-e1239b16-8253-4e8c-af7a-6ec61c9a0026'}
        Body: {"subnets": []}
2016-01-07 01:37:46,425 3965 INFO     [tempest_lib.common.rest_client] Request (TestGettingAddress:test_dhcp6_stateless_from_os): 201 POST http://10.0.2.15:9696/v2.0/subnets 0.402s
2016-01-07 01:37:46,425 3965 DEBUG    [tempest_lib.common.rest_client] Request - Headers: {'Content-Type': 'application/json', 'Accept': 'application/json', 'X-Auth-Token': '&lt;omitted&gt;'}
        Body: {"subnet": {"name": "tempest-sub6-311839157", "network_id": "56c9145e-b09c-425c-9913-56b4ecfa7c90", "tenant_id": "e7cbb71fafc544838d79caa5cb2dfa74", "ipv6_ra_mode": "dhcpv6-stateless", "ip_version": 6, "ipv6_address_mode": "dhcpv6-stateless", "cidr": "2003::/64"}}
    Response - Headers: {'status': '201', 'content-length': '501', 'connection': 'close', 'date': 'Thu, 07 Jan 2016 01:37:46 GMT', 'content-type': 'application/json; charset=UTF-8', 'x-openstack-request-id': 'req-a24eec1b-5002-4410-8e73-f743ca72ab03'}
        Body: {"subnet": {"name": "tempest-sub6-311839157", "enable_dhcp": true, "network_id": "56c9145e-b09c-425c-9913-56b4ecfa7c90", "tenant_id": "e7cbb71fafc544838d79caa5cb2dfa74", "dns_nameservers": [], "gateway_ip": "2003::1", "ipv6_ra_mode": "dhcpv6-stateless", "allocation_pools": [{"start": "2003::2", "end": "2003::ffff:ffff:ffff:ffff"}], "host_routes": [], "ip_version": 6, "ipv6_address_mode": "dhcpv6-stateless", "cidr": "2003::/64", "id": "4ef1c3cf-683e-4600-af88-6d13dc94fd24", "subnetpool_id": null}}
2016-01-07 01:37:47,207 3965 INFO     [tempest_lib.common.rest_client] Request (TestGettingAddress:test_dhcp6_stateless_from_os): 200 PUT http://10.0.2.15:9696/v2.0/routers/81439b10-e253-4af8-8688-0c8ab97a540b/add_router_interface 0.781s
2016-01-07 01:37:47,208 3965 DEBUG    [tempest_lib.common.rest_client] Request - Headers: {'Content-Type': 'application/json', 'Accept': 'application/json', 'X-Auth-Token': '&lt;omitted&gt;'}
        Body: {"subnet_id": "4ef1c3cf-683e-4600-af88-6d13dc94fd24"}
    Response - Headers: {'status': '200', 'content-length': '255', 'connection': 'close', 'date': 'Thu, 07 Jan 2016 01:37:47 GMT', 'content-type': 'application/json; charset=UTF-8', 'x-openstack-request-id': 'req-576e7b31-a204-401c-9ddd-a5bbfc17e573'}
        Body: {"subnet_id": "4ef1c3cf-683e-4600-af88-6d13dc94fd24", "tenant_id": "e7cbb71fafc544838d79caa5cb2dfa74", "subnet_ids": ["4ef1c3cf-683e-4600-af88-6d13dc94fd24"], "port_id": "216f1f8d-9de5-41fa-a7ec-5900e89b1ea6", "id": "81439b10-e253-4af8-8688-0c8ab97a540b"}
2016-01-07 01:37:47,357 3965 INFO     [tempest_lib.common.rest_client] Request (TestGettingAddress:test_dhcp6_stateless_from_os): 200 POST http://10.0.2.15:5000/v2.0/tokens
2016-01-07 01:37:47,358 3965 DEBUG    [tempest_lib.common.rest_client] Request - Headers: {'Content-Type': 'application/json', 'Accept': 'application/json'}
        Body: &lt;omitted&gt;
    Response - Headers: {'status': '200', 'content-length': '2271', 'vary': 'X-Auth-Token', 'server': 'Apache/2.4.7 (Ubuntu)', 'connection': 'close', 'date': 'Thu, 07 Jan 2016 01:37:47 GMT', 'content-type': 'application/json', 'x-openstack-request-id': 'req-1abd55e2-39a3-45bc-845a-64ee629de531'}
        Body: {"access": {"token": {"issued_at": "2016-01-07T01:37:47.343186", "expires": "2016-01-07T02:37:47Z", "id": "ec994375d57049e18c3d80cd1ea669fd", "tenant": {"description": "tempest-TestGettingAddress-1995113951-desc", "enabled": true, "id": "e7cbb71fafc544838d79caa5cb2dfa74", "name": "tempest-TestGettingAddress-1995113951"}, "audit_ids": ["sgTkl-qASrS-10d1lwG8BA"]}, "serviceCatalog": [{"endpoints": [{"adminURL": "http://10.0.2.15:9292", "region": "RegionOne", "internalURL": "http://10.0.2.15:9292", "id": "4d821bf1d06241aba40153e54619841a", "publicURL": "http://10.0.2.15:9292"}], "endpoints_links": [], "type": "image", "name": "glance"}, {"endpoints": [{"adminURL": "http://10.0.2.15:8774/v2.1/e7cbb71fafc544838d79caa5cb2dfa74", "region": "RegionOne", "internalURL": "http://10.0.2.15:8774/v2.1/e7cbb71fafc544838d79caa5cb2dfa74", "id": "0919d351a9b8418783cc1efdbd11622d", "publicURL": "http://10.0.2.15:8774/v2.1/e7cbb71fafc544838d79caa5cb2dfa74"}], "endpoints_links": [], "type": "compute", "name": "nova"}, {"endpoints": [{"adminURL": "http://10.0.2.15:8774/v2/e7cbb71fafc544838d79caa5cb2dfa74", "region": "RegionOne", "internalURL": "http://10.0.2.15:8774/v2/e7cbb71fafc544838d79caa5cb2dfa74", "id": "08790f43908a4e69aa7a8b8bf37144a7", "publicURL": "http://10.0.2.15:8774/v2/e7cbb71fafc544838d79caa5cb2dfa74"}], "endpoints_links": [], "type": "compute_legacy", "name": "nova_legacy"}, {"endpoints": [{"adminURL": "http://10.0.2.15:35357/v2.0", "region": "RegionOne", "internalURL": "http://10.0.2.15:5000/v2.0", "id": "39936ec14dfe41309b7ba261184ca5ef", "publicURL": "http://10.0.2.15:5000/v2.0"}], "endpoints_links": [], "type": "identity", "name": "keystone"}, {"endpoints": [{"adminURL": "http://10.0.2.15:9696/", "region": "RegionOne", "internalURL": "http://10.0.2.15:9696/", "id": "293ff51db42648ff8f50cfa8022f37e6", "publicURL": "http://10.0.2.15:9696/"}], "endpoints_links": [], "type": "network", "name": "neutron"}], "user": {"username": "tempest-TestGettingAddress-1676140976", "roles_links": [], "id": "0f6fe30e0ae34b1885e8596e792f9504", "roles": [{"name": "_member_"}, {"name": "Member"}], "name": "tempest-TestGettingAddress-1676140976"}, "metadata": {"is_admin": 0, "roles": ["9fe2ff9ee4384b1894a90878d3e92bab", "9c71378b7bc9465183357d9b28955b4c"]}}}
2016-01-07 01:37:47,364 3965 DEBUG    [tempest.common.fixed_network] (TestGettingAddress:test_dhcp6_stateless_from_os) No valid network provided or created, defaulting to fixed_network_name
2016-01-07 01:37:47,696 3965 INFO     [tempest_lib.common.rest_client] Request (TestGettingAddress:test_dhcp6_stateless_from_os): 200 GET http://10.0.2.15:8774/v2.1/e7cbb71fafc544838d79caa5cb2dfa74/os-networks 0.330s
2016-01-07 01:37:47,696 3965 DEBUG    [tempest_lib.common.rest_client] Request - Headers: {'Content-Type': 'application/json', 'Accept': 'application/json', 'X-Auth-Token': '&lt;omitted&gt;'}
        Body: None
    Response - Headers: {'status': '200', 'content-length': '479', 'content-location': 'http://10.0.2.15:8774/v2.1/e7cbb71fafc544838d79caa5cb2dfa74/os-networks', 'x-compute-request-id': 'req-66c41f9c-31b9-4f22-a45d-84806f546483', 'vary': 'X-OpenStack-Nova-API-Version', 'connection': 'close', 'x-openstack-nova-api-version': '2.1', 'date': 'Thu, 07 Jan 2016 01:37:47 GMT', 'content-type': 'application/json'}
        Body: {"networks": [{"cidr_v6": null, "dns2": null, "dns1": null, "gateway": null, "broadcast": null, "netmask": null, "gateway_v6": null, "cidr": null, "label": "public", "id": "607f585d-5a87-41c3-b429-eb45a895b81c", "netmask_v6": null}, {"cidr_v6": null, "dns2": null, "dns1": null, "gateway": null, "broadcast": null, "netmask": null, "gateway_v6": null, "cidr": null, "label": "tempest-network-smoke--1021387054", "id": "56c9145e-b09c-425c-9913-56b4ecfa7c90", "netmask_v6": null}]}
2016-01-07 01:37:47,697 3965 WARNING  [tempest.common.fixed_network] (TestGettingAddress:test_dhcp6_stateless_from_os) Network with name: private not found
2016-01-07 01:37:47,697 3965 INFO     [tempest.common.fixed_network] (TestGettingAddress:test_dhcp6_stateless_from_os) Found network {} available for tenant
2016-01-07 01:37:49,395 3965 INFO     [tempest_lib.common.rest_client] Request (TestGettingAddress:test_dhcp6_stateless_from_os): 202 POST http://10.0.2.15:8774/v2.1/e7cbb71fafc544838d79caa5cb2dfa74/servers 1.697s
2016-01-07 01:37:49,395 3965 DEBUG    [tempest_lib.common.rest_client] Request - Headers: {'Content-Type': 'application/json', 'Accept': 'application/json', 'X-Auth-Token': '&lt;omitted&gt;'}
        Body: {"server": {"name": "tempest.common.compute-instance-1389978898", "imageRef": "d272fe0d-29d8-4211-b756-3dfe3131fe65", "key_name": "tempest-TestGettingAddress-705034382", "flavorRef": "42", "networks": [{"uuid": "56c9145e-b09c-425c-9913-56b4ecfa7c90"}], "security_groups": [{"name": "tempest-secgroup-smoke-1823644075"}]}}
    Response - Headers: {'status': '202', 'content-length': '462', 'x-compute-request-id': 'req-ce630569-e20d-4ddd-8a06-8043440872c6', 'vary': 'X-OpenStack-Nova-API-Version', 'connection': 'close', 'location': 'http://10.0.2.15:8774/v2.1/e7cbb71fafc544838d79caa5cb2dfa74/servers/9440bf79-3a0e-489a-9fda-31e928a74f75', 'x-openstack-nova-api-version': '2.1', 'date': 'Thu, 07 Jan 2016 01:37:49 GMT', 'content-type': 'application/json'}
        Body: {"server": {"security_groups": [{"name": "tempest-secgroup-smoke-1823644075"}], "OS-DCF:diskConfig": "MANUAL", "id": "9440bf79-3a0e-489a-9fda-31e928a74f75", "links": [{"href": "http://10.0.2.15:8774/v2.1/e7cbb71fafc544838d79caa5cb2dfa74/servers/9440bf79-3a0e-489a-9fda-31e928a74f75", "rel": "self"}, {"href": "http://10.0.2.15:8774/e7cbb71fafc544838d79caa5cb2dfa74/servers/9440bf79-3a0e-489a-9fda-31e928a74f75", "rel": "bookmark"}], "adminPass": "GNxgBUxn5Lbq"}}
2016-01-07 01:37:49,711 3965 INFO     [tempest_lib.common.rest_client] Request (TestGettingAddress:test_dhcp6_stateless_from_os): 200 GET http://10.0.2.15:8774/v2.1/e7cbb71fafc544838d79caa5cb2dfa74/servers/9440bf79-3a0e-489a-9fda-31e928a74f75 0.312s
2016-01-07 01:37:49,712 3965 DEBUG    [tempest_lib.common.rest_client] Request - Headers: {'Content-Type': 'application/json', 'Accept': 'application/json', 'X-Auth-Token': '&lt;omitted&gt;'}
        Body: None
    Response - Headers: {'status': '200', 'content-length': '1354', 'content-location': 'http://10.0.2.15:8774/v2.1/e7cbb71fafc544838d79caa5cb2dfa74/servers/9440bf79-3a0e-489a-9fda-31e928a74f75', 'x-compute-request-id': 'req-02847016-5b92-4789-ab83-b33f0aa93ed9', 'vary': 'X-OpenStack-Nova-API-Version', 'connection': 'close', 'x-openstack-nova-api-version': '2.1', 'date': 'Thu, 07 Jan 2016 01:37:49 GMT', 'content-type': 'application/json'}
        Body: {"server": {"status": "BUILD", "updated": "2016-01-07T01:37:49Z", "hostId": "", "addresses": {}, "links": [{"href": "http://10.0.2.15:8774/v2.1/e7cbb71fafc544838d79caa5cb2dfa74/servers/9440bf79-3a0e-489a-9fda-31e928a74f75", "rel": "self"}, {"href": "http://10.0.2.15:8774/e7cbb71fafc544838d79caa5cb2dfa74/servers/9440bf79-3a0e-489a-9fda-31e928a74f75", "rel": "bookmark"}], "key_name": "tempest-TestGettingAddress-705034382", "image": {"id": "d272fe0d-29d8-4211-b756-3dfe3131fe65", "links": [{"href": "http://10.0.2.15:8774/e7cbb71fafc544838d79caa5cb2dfa74/images/d272fe0d-29d8-4211-b756-3dfe3131fe65", "rel": "bookmark"}]}, "OS-EXT-STS:task_state": "scheduling", "OS-EXT-STS:vm_state": "building", "OS-SRV-USG:launched_at": null, "flavor": {"id": "42", "links": [{"href": "http://10.0.2.15:8774/e7cbb71fafc544838d79caa5cb2dfa74/flavors/42", "rel": "bookmark"}]}, "id": "9440bf79-3a0e-489a-9fda-31e928a74f75", "OS-SRV-USG:terminated_at": null, "OS-EXT-AZ:availability_zone": "", "user_id": "0f6fe30e0ae34b1885e8596e792f9504", "name": "tempest.common.compute-instance-1389978898", "created": "2016-01-07T01:37:49Z", "tenant_id": "e7cbb71fafc544838d79caa5cb2dfa74", "OS-DCF:diskConfig": "MANUAL", "os-extended-volumes:volumes_attached": [], "accessIPv4": "", "accessIPv6": "", "progress": 0, "OS-EXT-STS:power_state": 0, "config_drive": "", "metadata": {}}}
2016-01-07 01:37:50,982 3965 INFO     [tempest_lib.common.rest_client] Request (TestGettingAddress:test_dhcp6_stateless_from_os): 200 GET http://10.0.2.15:8774/v2.1/e7cbb71fafc544838d79caa5cb2dfa74/servers/9440bf79-3a0e-489a-9fda-31e928a74f75 0.260s
2016-01-07 01:37:50,982 3965 DEBUG    [tempest_lib.common.rest_client] Request - Headers: {'Content-Type': 'application/json', 'Accept': 'application/json', 'X-Auth-Token': '&lt;omitted&gt;'}
        Body: None
    Response - Headers: {'status': '200', 'content-length': '1480', 'content-location': 'http://10.0.2.15:8774/v2.1/e7cbb71fafc544838d79caa5cb2dfa74/servers/9440bf79-3a0e-489a-9fda-31e928a74f75', 'x-compute-request-id': 'req-49dbf3d0-b663-4eec-93a4-bb0f566b39d3', 'vary': 'X-OpenStack-Nova-API-Version', 'connection': 'close', 'x-openstack-nova-api-version': '2.1', 'date': 'Thu, 07 Jan 2016 01:37:50 GMT', 'content-type': 'application/json'}
        Body: {"server": {"status": "BUILD", "updated": "2016-01-07T01:37:50Z", "hostId": "e6fa4a0ffb0b07d9501980411e3aedaf7f5f409edd571a887073c877", "addresses": {}, "links": [{"href": "http://10.0.2.15:8774/v2.1/e7cbb71fafc544838d79caa5cb2dfa74/servers/9440bf79-3a0e-489a-9fda-31e928a74f75", "rel": "self"}, {"href": "http://10.0.2.15:8774/e7cbb71fafc544838d79caa5cb2dfa74/servers/9440bf79-3a0e-489a-9fda-31e928a74f75", "rel": "bookmark"}], "key_name": "tempest-TestGettingAddress-705034382", "image": {"id": "d272fe0d-29d8-4211-b756-3dfe3131fe65", "links": [{"href": "http://10.0.2.15:8774/e7cbb71fafc544838d79caa5cb2dfa74/images/d272fe0d-29d8-4211-b756-3dfe3131fe65", "rel": "bookmark"}]}, "OS-EXT-STS:task_state": "spawning", "OS-EXT-STS:vm_state": "building", "OS-SRV-USG:launched_at": null, "flavor": {"id": "42", "links": [{"href": "http://10.0.2.15:8774/e7cbb71fafc544838d79caa5cb2dfa74/flavors/42", "rel": "bookmark"}]}, "id": "9440bf79-3a0e-489a-9fda-31e928a74f75", "security_groups": [{"name": "tempest-secgroup-smoke-1823644075"}], "OS-SRV-USG:terminated_at": null, "OS-EXT-AZ:availability_zone": "nova", "user_id": "0f6fe30e0ae34b1885e8596e792f9504", "name": "tempest.common.compute-instance-1389978898", "created": "2016-01-07T01:37:49Z", "tenant_id": "e7cbb71fafc544838d79caa5cb2dfa74", "OS-DCF:diskConfig": "MANUAL", "os-extended-volumes:volumes_attached": [], "accessIPv4": "", "accessIPv6": "", "progress": 0, "OS-EXT-STS:power_state": 0, "config_drive": "", "metadata": {}}}
2016-01-07 01:37:50,992 3965 INFO     [tempest.common.waiters] State transition "BUILD/scheduling" ==&gt; "BUILD/spawning" after 1 second wait
2016-01-07 01:37:52,276 3965 INFO     [tempest_lib.common.rest_client] Request (TestGettingAddress:test_dhcp6_stateless_from_os): 200 GET http://10.0.2.15:8774/v2.1/e7cbb71fafc544838d79caa5cb2dfa74/servers/9440bf79-3a0e-489a-9fda-31e928a74f75 0.282s
2016-01-07 01:37:52,277 3965 DEBUG    [tempest_lib.common.rest_client] Request - Headers: {'Content-Type': 'application/json', 'Accept': 'application/json', 'X-Auth-Token': '&lt;omitted&gt;'}
        Body: None
    Response - Headers: {'status': '200', 'content-length': '1480', 'content-location': 'http://10.0.2.15:8774/v2.1/e7cbb71fafc544838d79caa5cb2dfa74/servers/9440bf79-3a0e-489a-9fda-31e928a74f75', 'x-compute-request-id': 'req-f6bfe2b1-84c4-4560-893a-b6c2777698a5', 'vary': 'X-OpenStack-Nova-API-Version', 'connection': 'close', 'x-openstack-nova-api-version': '2.1', 'date': 'Thu, 07 Jan 2016 01:37:52 GMT', 'content-type': 'application/json'}
        Body: {"server": {"status": "BUILD", "updated": "2016-01-07T01:37:50Z", "hostId": "e6fa4a0ffb0b07d9501980411e3aedaf7f5f409edd571a887073c877", "addresses": {}, "links": [{"href": "http://10.0.2.15:8774/v2.1/e7cbb71fafc544838d79caa5cb2dfa74/servers/9440bf79-3a0e-489a-9fda-31e928a74f75", "rel": "self"}, {"href": "http://10.0.2.15:8774/e7cbb71fafc544838d79caa5cb2dfa74/servers/9440bf79-3a0e-489a-9fda-31e928a74f75", "rel": "bookmark"}], "key_name": "tempest-TestGettingAddress-705034382", "image": {"id": "d272fe0d-29d8-4211-b756-3dfe3131fe65", "links": [{"href": "http://10.0.2.15:8774/e7cbb71fafc544838d79caa5cb2dfa74/images/d272fe0d-29d8-4211-b756-3dfe3131fe65", "rel": "bookmark"}]}, "OS-EXT-STS:task_state": "spawning", "OS-EXT-STS:vm_state": "building", "OS-SRV-USG:launched_at": null, "flavor": {"id": "42", "links": [{"href": "http://10.0.2.15:8774/e7cbb71fafc544838d79caa5cb2dfa74/flavors/42", "rel": "bookmark"}]}, "id": "9440bf79-3a0e-489a-9fda-31e928a74f75", "security_groups": [{"name": "tempest-secgroup-smoke-1823644075"}], "OS-SRV-USG:terminated_at": null, "OS-EXT-AZ:availability_zone": "nova", "user_id": "0f6fe30e0ae34b1885e8596e792f9504", "name": "tempest.common.compute-instance-1389978898", "created": "2016-01-07T01:37:49Z", "tenant_id": "e7cbb71fafc544838d79caa5cb2dfa74", "OS-DCF:diskConfig": "MANUAL", "os-extended-volumes:volumes_attached": [], "accessIPv4": "", "accessIPv6": "", "progress": 0, "OS-EXT-STS:power_state": 0, "config_drive": "", "metadata": {}}}
2016-01-07 01:37:53,509 3965 INFO     [tempest_lib.common.rest_client] Request (TestGettingAddress:test_dhcp6_stateless_from_os): 200 GET http://10.0.2.15:8774/v2.1/e7cbb71fafc544838d79caa5cb2dfa74/servers/9440bf79-3a0e-489a-9fda-31e928a74f75 0.220s
2016-01-07 01:37:53,510 3965 DEBUG    [tempest_lib.common.rest_client] Request - Headers: {'Content-Type': 'application/json', 'Accept': 'application/json', 'X-Auth-Token': '&lt;omitted&gt;'}
        Body: None
    Response - Headers: {'status': '200', 'content-length': '1781', 'content-location': 'http://10.0.2.15:8774/v2.1/e7cbb71fafc544838d79caa5cb2dfa74/servers/9440bf79-3a0e-489a-9fda-31e928a74f75', 'x-compute-request-id': 'req-d46611b6-dd25-4886-a20c-9e11e43ad9c2', 'vary': 'X-OpenStack-Nova-API-Version', 'connection': 'close', 'x-openstack-nova-api-version': '2.1', 'date': 'Thu, 07 Jan 2016 01:37:53 GMT', 'content-type': 'application/json'}
        Body: {"server": {"status": "ACTIVE", "updated": "2016-01-07T01:37:52Z", "hostId": "e6fa4a0ffb0b07d9501980411e3aedaf7f5f409edd571a887073c877", "addresses": {"tempest-network-smoke--1021387054": [{"OS-EXT-IPS-MAC:mac_addr": "fa:16:3e:46:3c:2d", "version": 4, "addr": "10.100.0.3", "OS-EXT-IPS:type": "fixed"}, {"OS-EXT-IPS-MAC:mac_addr": "fa:16:3e:46:3c:2d", "version": 6, "addr": "2003::f816:3eff:fe46:3c2d", "OS-EXT-IPS:type": "fixed"}]}, "links": [{"href": "http://10.0.2.15:8774/v2.1/e7cbb71fafc544838d79caa5cb2dfa74/servers/9440bf79-3a0e-489a-9fda-31e928a74f75", "rel": "self"}, {"href": "http://10.0.2.15:8774/e7cbb71fafc544838d79caa5cb2dfa74/servers/9440bf79-3a0e-489a-9fda-31e928a74f75", "rel": "bookmark"}], "key_name": "tempest-TestGettingAddress-705034382", "image": {"id": "d272fe0d-29d8-4211-b756-3dfe3131fe65", "links": [{"href": "http://10.0.2.15:8774/e7cbb71fafc544838d79caa5cb2dfa74/images/d272fe0d-29d8-4211-b756-3dfe3131fe65", "rel": "bookmark"}]}, "OS-EXT-STS:task_state": null, "OS-EXT-STS:vm_state": "active", "OS-SRV-USG:launched_at": "2016-01-07T01:37:52.000000", "flavor": {"id": "42", "links": [{"href": "http://10.0.2.15:8774/e7cbb71fafc544838d79caa5cb2dfa74/flavors/42", "rel": "bookmark"}]}, "id": "9440bf79-3a0e-489a-9fda-31e928a74f75", "security_groups": [{"name": "tempest-secgroup-smoke-1823644075"}], "OS-SRV-USG:terminated_at": null, "OS-EXT-AZ:availability_zone": "nova", "user_id": "0f6fe30e0ae34b1885e8596e792f9504", "name": "tempest.common.compute-instance-1389978898", "created": "2016-01-07T01:37:49Z", "tenant_id": "e7cbb71fafc544838d79caa5cb2dfa74", "OS-DCF:diskConfig": "MANUAL", "os-extended-volumes:volumes_attached": [], "accessIPv4": "", "accessIPv6": "", "progress": 0, "OS-EXT-STS:power_state": 1, "config_drive": "True", "metadata": {}}}
2016-01-07 01:37:53,519 3965 INFO     [tempest.common.waiters] State transition "BUILD/spawning" ==&gt; "ACTIVE/None" after 4 second wait
2016-01-07 01:37:53,712 3965 INFO     [tempest_lib.common.rest_client] Request (TestGettingAddress:test_dhcp6_stateless_from_os): 200 GET http://10.0.2.15:8774/v2.1/e7cbb71fafc544838d79caa5cb2dfa74/servers/9440bf79-3a0e-489a-9fda-31e928a74f75 0.192s
2016-01-07 01:37:53,713 3965 DEBUG    [tempest_lib.common.rest_client] Request - Headers: {'Content-Type': 'application/json', 'Accept': 'application/json', 'X-Auth-Token': '&lt;omitted&gt;'}
        Body: None
    Response - Headers: {'status': '200', 'content-length': '1781', 'content-location': 'http://10.0.2.15:8774/v2.1/e7cbb71fafc544838d79caa5cb2dfa74/servers/9440bf79-3a0e-489a-9fda-31e928a74f75', 'x-compute-request-id': 'req-ee2de8e8-de01-4fca-bf93-4ae24739726d', 'vary': 'X-OpenStack-Nova-API-Version', 'connection': 'close', 'x-openstack-nova-api-version': '2.1', 'date': 'Thu, 07 Jan 2016 01:37:53 GMT', 'content-type': 'application/json'}
        Body: {"server": {"status": "ACTIVE", "updated": "2016-01-07T01:37:52Z", "hostId": "e6fa4a0ffb0b07d9501980411e3aedaf7f5f409edd571a887073c877", "addresses": {"tempest-network-smoke--1021387054": [{"OS-EXT-IPS-MAC:mac_addr": "fa:16:3e:46:3c:2d", "version": 4, "addr": "10.100.0.3", "OS-EXT-IPS:type": "fixed"}, {"OS-EXT-IPS-MAC:mac_addr": "fa:16:3e:46:3c:2d", "version": 6, "addr": "2003::f816:3eff:fe46:3c2d", "OS-EXT-IPS:type": "fixed"}]}, "links": [{"href": "http://10.0.2.15:8774/v2.1/e7cbb71fafc544838d79caa5cb2dfa74/servers/9440bf79-3a0e-489a-9fda-31e928a74f75", "rel": "self"}, {"href": "http://10.0.2.15:8774/e7cbb71fafc544838d79caa5cb2dfa74/servers/9440bf79-3a0e-489a-9fda-31e928a74f75", "rel": "bookmark"}], "key_name": "tempest-TestGettingAddress-705034382", "image": {"id": "d272fe0d-29d8-4211-b756-3dfe3131fe65", "links": [{"href": "http://10.0.2.15:8774/e7cbb71fafc544838d79caa5cb2dfa74/images/d272fe0d-29d8-4211-b756-3dfe3131fe65", "rel": "bookmark"}]}, "OS-EXT-STS:task_state": null, "OS-EXT-STS:vm_state": "active", "OS-SRV-USG:launched_at": "2016-01-07T01:37:52.000000", "flavor": {"id": "42", "links": [{"href": "http://10.0.2.15:8774/e7cbb71fafc544838d79caa5cb2dfa74/flavors/42", "rel": "bookmark"}]}, "id": "9440bf79-3a0e-489a-9fda-31e928a74f75", "security_groups": [{"name": "tempest-secgroup-smoke-1823644075"}], "OS-SRV-USG:terminated_at": null, "OS-EXT-AZ:availability_zone": "nova", "user_id": "0f6fe30e0ae34b1885e8596e792f9504", "name": "tempest.common.compute-instance-1389978898", "created": "2016-01-07T01:37:49Z", "tenant_id": "e7cbb71fafc544838d79caa5cb2dfa74", "OS-DCF:diskConfig": "MANUAL", "os-extended-volumes:volumes_attached": [], "accessIPv4": "", "accessIPv6": "", "progress": 0, "OS-EXT-STS:power_state": 1, "config_drive": "True", "metadata": {}}}
2016-01-07 01:37:53,873 3965 INFO     [tempest_lib.common.rest_client] Request (TestGettingAddress:test_dhcp6_stateless_from_os): 200 GET http://10.0.2.15:9696/v2.0/ports?status=ACTIVE&amp;fixed_ip=None&amp;device_id=9440bf79-3a0e-489a-9fda-31e928a74f75 0.151s
2016-01-07 01:37:53,873 3965 DEBUG    [tempest_lib.common.rest_client] Request - Headers: {'Content-Type': 'application/json', 'Accept': 'application/json', 'X-Auth-Token': '&lt;omitted&gt;'}
        Body: None
    Response - Headers: {'status': '200', 'content-length': '1142', 'content-location': 'http://10.0.2.15:9696/v2.0/ports?status=ACTIVE&amp;fixed_ip=None&amp;device_id=9440bf79-3a0e-489a-9fda-31e928a74f75', 'connection': 'close', 'date': 'Thu, 07 Jan 2016 01:37:53 GMT', 'content-type': 'application/json; charset=UTF-8', 'x-openstack-request-id': 'req-34f844ee-be10-4a88-987e-872dae01e838'}
        Body: {"ports": [{"status": "ACTIVE", "binding:host_id": "vagrant-ubuntu-trusty-64", "allowed_address_pairs": [], "extra_dhcp_opts": [], "dns_assignment": [{"hostname": "host-10-100-0-3", "ip_address": "10.100.0.3", "fqdn": "host-10-100-0-3.openstacklocal."}, {"hostname": "host-2003--f816-3eff-fe46-3c2d", "ip_address": "2003::f816:3eff:fe46:3c2d", "fqdn": "host-2003--f816-3eff-fe46-3c2d.openstacklocal."}], "device_owner": "compute:None", "port_security_enabled": true, "binding:profile": {}, "fixed_ips": [{"subnet_id": "7ca33e0c-d8ec-43a4-96cd-546c288fc8d8", "ip_address": "10.100.0.3"}, {"subnet_id": "4ef1c3cf-683e-4600-af88-6d13dc94fd24", "ip_address": "2003::f816:3eff:fe46:3c2d"}], "id": "8b8c1f74-643b-4a1c-951b-ff1ab9fee2a2", "security_groups": ["a25d48b7-f179-4510-bd36-0515b84d6915"], "device_id": "9440bf79-3a0e-489a-9fda-31e928a74f75", "name": "", "admin_state_up": true, "network_id": "56c9145e-b09c-425c-9913-56b4ecfa7c90", "dns_name": "", "binding:vif_details": {"port_filter": true}, "binding:vnic_type": "normal", "binding:vif_type": "ovs", "tenant_id": "e7cbb71fafc544838d79caa5cb2dfa74", "mac_address": "fa:16:3e:46:3c:2d"}]}
2016-01-07 01:37:54,439 3965 INFO     [tempest_lib.common.rest_client] Request (TestGettingAddress:test_dhcp6_stateless_from_os): 201 POST http://10.0.2.15:9696/v2.0/floatingips 0.565s
2016-01-07 01:37:54,440 3965 DEBUG    [tempest_lib.common.rest_client] Request - Headers: {'Content-Type': 'application/json', 'Accept': 'application/json', 'X-Auth-Token': '&lt;omitted&gt;'}
        Body: {"floatingip": {"floating_network_id": "607f585d-5a87-41c3-b429-eb45a895b81c", "tenant_id": "e7cbb71fafc544838d79caa5cb2dfa74", "fixed_ip_address": "10.100.0.3", "port_id": "8b8c1f74-643b-4a1c-951b-ff1ab9fee2a2"}}
    Response - Headers: {'status': '201', 'content-length': '367', 'connection': 'close', 'date': 'Thu, 07 Jan 2016 01:37:54 GMT', 'content-type': 'application/json; charset=UTF-8', 'x-openstack-request-id': 'req-39420a62-6212-4914-bc31-e78f5aa366a4'}
        Body: {"floatingip": {"floating_network_id": "607f585d-5a87-41c3-b429-eb45a895b81c", "router_id": "81439b10-e253-4af8-8688-0c8ab97a540b", "fixed_ip_address": "10.100.0.3", "floating_ip_address": "172.24.4.4", "tenant_id": "e7cbb71fafc544838d79caa5cb2dfa74", "status": "DOWN", "port_id": "8b8c1f74-643b-4a1c-951b-ff1ab9fee2a2", "id": "3e95b96e-284c-49de-a7f1-4da50d619e30"}}
2016-01-07 01:37:54,441 3965 INFO     [tempest_lib.common.ssh] Creating ssh connection to '172.24.4.4' as 'cirros' with public key authentication
2016-01-07 01:37:58,114 3965 WARNING  [tempest_lib.common.ssh] Failed to establish authenticated ssh connection to cirros@172.24.4.4 ([Errno None] Unable to connect to port 22 on  or 172.24.4.4). Number attempts: 1. Retry after 2 seconds.
2016-01-07 01:38:03,617 3965 WARNING  [tempest_lib.common.ssh] Failed to establish authenticated ssh connection to cirros@172.24.4.4 ([Errno None] Unable to connect to port 22 on  or 172.24.4.4). Number attempts: 2. Retry after 3 seconds.
2016-01-07 01:38:10,118 3965 WARNING  [tempest_lib.common.ssh] Failed to establish authenticated ssh connection to cirros@172.24.4.4 ([Errno None] Unable to connect to port 22 on  or 172.24.4.4). Number attempts: 3. Retry after 4 seconds.
2016-01-07 01:38:17,622 3965 WARNING  [tempest_lib.common.ssh] Failed to establish authenticated ssh connection to cirros@172.24.4.4 ([Errno None] Unable to connect to port 22 on  or 172.24.4.4). Number attempts: 4. Retry after 5 seconds.
2016-01-07 01:38:26,122 3965 WARNING  [tempest_lib.common.ssh] Failed to establish authenticated ssh connection to cirros@172.24.4.4 ([Errno None] Unable to connect to port 22 on  or 172.24.4.4). Number attempts: 5. Retry after 6 seconds.
2016-01-07 01:38:35,626 3965 WARNING  [tempest_lib.common.ssh] Failed to establish authenticated ssh connection to cirros@172.24.4.4 ([Errno None] Unable to connect to port 22 on  or 172.24.4.4). Number attempts: 6. Retry after 7 seconds.
2016-01-07 01:38:46,130 3965 WARNING  [tempest_lib.common.ssh] Failed to establish authenticated ssh connection to cirros@172.24.4.4 ([Errno None] Unable to connect to port 22 on  or 172.24.4.4). Number attempts: 7. Retry after 8 seconds.
2016-01-07 01:38:57,634 3965 WARNING  [tempest_lib.common.ssh] Failed to establish authenticated ssh connection to cirros@172.24.4.4 ([Errno None] Unable to connect to port 22 on  or 172.24.4.4). Number attempts: 8. Retry after 9 seconds.
2016-01-07 01:39:10,147 3965 WARNING  [tempest_lib.common.ssh] Failed to establish authenticated ssh connection to cirros@172.24.4.4 ([Errno None] Unable to connect to port 22 on  or 172.24.4.4). Number attempts: 9. Retry after 10 seconds.
2016-01-07 01:39:23,658 3965 WARNING  [tempest_lib.common.ssh] Failed to establish authenticated ssh connection to cirros@172.24.4.4 ([Errno None] Unable to connect to port 22 on  or 172.24.4.4). Number attempts: 10. Retry after 11 seconds.
2016-01-07 01:39:38,167 3965 WARNING  [tempest_lib.common.ssh] Failed to establish authenticated ssh connection to cirros@172.24.4.4 ([Errno None] Unable to connect to port 22 on  or 172.24.4.4). Number attempts: 11. Retry after 12 seconds.
2016-01-07 01:39:53,678 3965 WARNING  [tempest_lib.common.ssh] Failed to establish authenticated ssh connection to cirros@172.24.4.4 ([Errno None] Unable to connect to port 22 on  or 172.24.4.4). Number attempts: 12. Retry after 13 seconds.
2016-01-07 01:40:10,190 3965 WARNING  [tempest_lib.common.ssh] Failed to establish authenticated ssh connection to cirros@172.24.4.4 ([Errno None] Unable to connect to port 22 on  or 172.24.4.4). Number attempts: 13. Retry after 14 seconds.
2016-01-07 01:40:27,707 3965 WARNING  [tempest_lib.common.ssh] Failed to establish authenticated ssh connection to cirros@172.24.4.4 ([Errno None] Unable to connect to port 22 on  or 172.24.4.4). Number attempts: 14. Retry after 15 seconds.
2016-01-07 01:40:46,223 3965 WARNING  [tempest_lib.common.ssh] Failed to establish authenticated ssh connection to cirros@172.24.4.4 ([Errno None] Unable to connect to port 22 on  or 172.24.4.4). Number attempts: 15. Retry after 16 seconds.
2016-01-07 01:41:05,738 3965 WARNING  [tempest_lib.common.ssh] Failed to establish authenticated ssh connection to cirros@172.24.4.4 ([Errno None] Unable to connect to port 22 on  or 172.24.4.4). Number attempts: 16. Retry after 17 seconds.
2016-01-07 01:41:26,242 3965 ERROR    [tempest_lib.common.ssh] Failed to establish authenticated ssh connection to cirros@172.24.4.4 after 16 attempts
2016-01-07 01:41:26.242 3965 ERROR tempest_lib.common.ssh Traceback (most recent call last):
2016-01-07 01:41:26.242 3965 ERROR tempest_lib.common.ssh   File "/usr/local/lib/python2.7/dist-packages/tempest_lib/common/ssh.py", line 75, in _get_ssh_connection
2016-01-07 01:41:26.242 3965 ERROR tempest_lib.common.ssh     timeout=self.channel_timeout, pkey=self.pkey)
2016-01-07 01:41:26.242 3965 ERROR tempest_lib.common.ssh   File "/usr/local/lib/python2.7/dist-packages/paramiko/client.py", line 311, in connect
2016-01-07 01:41:26.242 3965 ERROR tempest_lib.common.ssh     raise NoValidConnectionsError(errors)
2016-01-07 01:41:26.242 3965 ERROR tempest_lib.common.ssh NoValidConnectionsError: [Errno None] Unable to connect to port 22 on  or 172.24.4.4
2016-01-07 01:41:26.242 3965 ERROR tempest_lib.common.ssh 
2016-01-07 01:41:26,244 3965 ERROR    [tempest.scenario.manager] (TestGettingAddress:test_dhcp6_stateless_from_os) Initializing SSH connection to 172.24.4.4 failed. Error: Connection to the 172.24.4.4 via SSH timed out.
User: cirros, Password: None
2016-01-07 01:41:26.244 3965 ERROR tempest.scenario.manager Traceback (most recent call last):
2016-01-07 01:41:26.244 3965 ERROR tempest.scenario.manager   File "tempest/scenario/manager.py", line 386, in get_remote_client
2016-01-07 01:41:26.244 3965 ERROR tempest.scenario.manager     linux_client.validate_authentication()
2016-01-07 01:41:26.244 3965 ERROR tempest.scenario.manager   File "tempest/common/utils/linux/remote_client.py", line 63, in validate_authentication
2016-01-07 01:41:26.244 3965 ERROR tempest.scenario.manager     self.ssh_client.test_connection_auth()
2016-01-07 01:41:26.244 3965 ERROR tempest.scenario.manager   File "/usr/local/lib/python2.7/dist-packages/tempest_lib/common/ssh.py", line 172, in test_connection_auth
2016-01-07 01:41:26.244 3965 ERROR tempest.scenario.manager     connection = self._get_ssh_connection()
2016-01-07 01:41:26.244 3965 ERROR tempest.scenario.manager   File "/usr/local/lib/python2.7/dist-packages/tempest_lib/common/ssh.py", line 87, in _get_ssh_connection
2016-01-07 01:41:26.244 3965 ERROR tempest.scenario.manager     password=self.password)
2016-01-07 01:41:26.244 3965 ERROR tempest.scenario.manager SSHTimeout: Connection to the 172.24.4.4 via SSH timed out.
2016-01-07 01:41:26.244 3965 ERROR tempest.scenario.manager User: cirros, Password: None
2016-01-07 01:41:26.244 3965 ERROR tempest.scenario.manager 
2016-01-07 01:41:26,331 3965 INFO     [tempest_lib.common.rest_client] Request (TestGettingAddress:test_dhcp6_stateless_from_os): 200 GET http://10.0.2.15:8774/v2.1/e7cbb71fafc544838d79caa5cb2dfa74/servers 0.084s
2016-01-07 01:41:26,331 3965 DEBUG    [tempest_lib.common.rest_client] Request - Headers: {'Content-Type': 'application/json', 'Accept': 'application/json', 'X-Auth-Token': '&lt;omitted&gt;'}
        Body: None
    Response - Headers: {'status': '200', 'content-length': '391', 'content-location': 'http://10.0.2.15:8774/v2.1/e7cbb71fafc544838d79caa5cb2dfa74/servers', 'x-compute-request-id': 'req-0ac02051-c0cc-4122-9ba2-d5aa055bbab6', 'vary': 'X-OpenStack-Nova-API-Version', 'connection': 'close', 'x-openstack-nova-api-version': '2.1', 'date': 'Thu, 07 Jan 2016 01:41:26 GMT', 'content-type': 'application/json'}
        Body: {"servers": [{"id": "9440bf79-3a0e-489a-9fda-31e928a74f75", "links": [{"href": "http://10.0.2.15:8774/v2.1/e7cbb71fafc544838d79caa5cb2dfa74/servers/9440bf79-3a0e-489a-9fda-31e928a74f75", "rel": "self"}, {"href": "http://10.0.2.15:8774/e7cbb71fafc544838d79caa5cb2dfa74/servers/9440bf79-3a0e-489a-9fda-31e928a74f75", "rel": "bookmark"}], "name": "tempest.common.compute-instance-1389978898"}]}
2016-01-07 01:41:26,539 3965 INFO     [tempest_lib.common.rest_client] Request (TestGettingAddress:test_dhcp6_stateless_from_os): 200 POST http://10.0.2.15:8774/v2.1/e7cbb71fafc544838d79caa5cb2dfa74/servers/9440bf79-3a0e-489a-9fda-31e928a74f75/action 0.202s
2016-01-07 01:41:26,539 3965 DEBUG    [tempest_lib.common.rest_client] Request - Headers: {'Content-Type': 'application/json', 'Accept': 'application/json', 'X-Auth-Token': '&lt;omitted&gt;'}
        Body: {"os-getConsoleOutput": {}}
    Response - Headers: {'status': '200', 'content-length': '24536', 'x-compute-request-id': 'req-65370594-d907-4d4a-a26c-b95a4677f4b1', 'vary': 'X-OpenStack-Nova-API-Version', 'connection': 'close', 'x-openstack-nova-api-version': '2.1', 'date': 'Thu, 07 Jan 2016 01:41:26 GMT', 'content-type': 'application/json'}
        Body: {"output": "[    0.000000] Initializing cgroup subsys cpuset\n[    0.000000] Initializing cgroup subsys cpu\n[    0.000000] Linux version 3.2.0-80-virtual (buildd@batsu) (gcc version 4.6.3 (Ubuntu/Linaro 4.6.3-1ubuntu5) ) #116-Ubuntu SMP Mon Mar 23 17:28:52 UTC 2015 (Ubuntu 3.2.0-80.116-virtual 3.2.68)\n[    0.000000] Command line: root=/dev/vda console=tty0 console=ttyS0 no_timer_check\n[    0.000000] KERNEL supported cpus:\n[    0.000000]   Intel GenuineIntel\n[    0.000000]   AMD AuthenticAMD\n[    0.000000]   Centaur CentaurHauls\n[    0.000000] BIOS-provided physical RAM map:\n[    0.000000]  BIOS-e820: 0000000000000000 - 000000000009fc00 (usable)\n[    0.000000]  BIOS-e820: 000000000009fc00 - 00000000000a0000 (reserved)\n[    0.000000]  BIOS-e820: 00000000000f0000 - 0000000000100000 (reserved)\n[    0.000000]  BIOS-e820: 0000000000100000 - 0000000003ffe000 (usable)\n[    0.000000]  BIOS-e820: 0000000003ffe000 - 0000000004000000 (reserved)\n[    0.000000]  BIOS-e820: 00000000fffc0000 - 0000000100000000 (reserved)\n[    0.000000] NX (Execute Disable) protection: active\n[    0.000000] SMBIOS 2.4 present.\n[    0.000000] No AGP bridge found\n[    0.000000] last_pfn = 0x3ffe max_arch_pfn = 0x400000000\n[    0.000000] x86 PAT enabled: cpu 0, old 0x7040600070406, new 0x7010600070106\n[    0.000000] found SMP MP-table at [ffff8800000f0b00] f0b00\n[    0.000000] init_memory_mapping: 0000000000000000-0000000003ffe000\n[    0.000000] RAMDISK: 03c5e000 - 03ff0000\n[    0.000000] ACPI: RSDP 00000000000f0950 00014 (v00 BOCHS )\n[    0.000000] ACPI: RSDT 0000000003fffbc1 00034 (v01 BOCHS  BXPCRSDT 00000001 BXPC 00000001)\n[    0.000000] ACPI: FACP 0000000003fff1c0 00074 (v01 BOCHS  BXPCFACP 00000001 BXPC 00000001)\n[    0.000000] ACPI: DSDT 0000000003ffe040 01180 (v01 BOCHS  BXPCDSDT 00000001 BXPC 00000001)\n[    0.000000] ACPI: FACS 0000000003ffe000 00040\n[    0.000000] ACPI: SSDT 0000000003fff234 008DD (v01 BOCHS  BXPCSSDT 00000001 BXPC 00000001)\n[    0.000000] ACPI: APIC 0000000003fffb11 00078 (v01 BOCHS  BXPCAPIC 00000001 BXPC 00000001)\n[    0.000000] ACPI: HPET 0000000003fffb89 00038 (v01 BOCHS  BXPCHPET 00000001 BXPC 00000001)\n[    0.000000] No NUMA configuration found\n[    0.000000] Faking a node at 0000000000000000-0000000003ffe000\n[    0.000000] Initmem setup node 0 0000000000000000-0000000003ffe000\n[    0.000000]   NODE_DATA [0000000003ff6000 - 0000000003ffafff]\n[    0.000000] Zone PFN ranges:\n[    0.000000]   DMA      0x00000010 -&gt; 0x00001000\n[    0.000000]   DMA32    0x00001000 -&gt; 0x00100000\n[    0.000000]   Normal   empty\n[    0.000000] Movable zone start PFN for each node\n[    0.000000] early_node_map[2] active PFN ranges\n[    0.000000]     0: 0x00000010 -&gt; 0x0000009f\n[    0.000000]     0: 0x00000100 -&gt; 0x00003ffe\n[    0.000000] ACPI: PM-Timer IO Port: 0xb008\n[    0.000000] ACPI: LAPIC (acpi_id[0x00] lapic_id[0x00] enabled)\n[    0.000000] ACPI: LAPIC_NMI (acpi_id[0xff] dfl dfl lint[0x1])\n[    0.000000] ACPI: IOAPIC (id[0x00] address[0xfec00000] gsi_base[0])\n[    0.000000] IOAPIC[0]: apic_id 0, version 17, address 0xfec00000, GSI 0-23\n[    0.000000] ACPI: INT_SRC_OVR (bus 0 bus_irq 0 global_irq 2 dfl dfl)\n[    0.000000] ACPI: INT_SRC_OVR (bus 0 bus_irq 5 global_irq 5 high level)\n[    0.000000] ACPI: INT_SRC_OVR (bus 0 bus_irq 9 global_irq 9 high level)\n[    0.000000] ACPI: INT_SRC_OVR (bus 0 bus_irq 10 global_irq 10 high level)\n[    0.000000] ACPI: INT_SRC_OVR (bus 0 bus_irq 11 global_irq 11 high level)\n[    0.000000] Using ACPI (MADT) for SMP configuration information\n[    0.000000] ACPI: HPET id: 0x8086a201 base: 0xfed00000\n[    0.000000] SMP: Allowing 1 CPUs, 0 hotplug CPUs\n[    0.000000] PM: Registered nosave memory: 000000000009f000 - 00000000000a0000\n[    0.000000] PM: Registered nosave memory: 00000000000a0000 - 00000000000f0000\n[    0.000000] PM: Registered nosave memory: 00000000000f0000 - 0000000000100000\n[    0.000000] Allocating PCI resources starting at 4000000 (gap: 4000000:fbfc0000)\n[    0.000000] Booting paravirtualized kernel on bare hardware\n[    0.000000] setup_pe
2016-01-07 01:41:26,542 3965 DEBUG    [tempest.scenario.manager] Console output for 9440bf79-3a0e-489a-9fda-31e928a74f75
body=
[    0.000000] Initializing cgroup subsys cpuset
[    0.000000] Initializing cgroup subsys cpu
[    0.000000] Linux version 3.2.0-80-virtual (buildd@batsu) (gcc version 4.6.3 (Ubuntu/Linaro 4.6.3-1ubuntu5) ) #116-Ubuntu SMP Mon Mar 23 17:28:52 UTC 2015 (Ubuntu 3.2.0-80.116-virtual 3.2.68)
[    0.000000] Command line: root=/dev/vda console=tty0 console=ttyS0 no_timer_check
[    0.000000] KERNEL supported cpus:
[    0.000000]   Intel GenuineIntel
[    0.000000]   AMD AuthenticAMD
[    0.000000]   Centaur CentaurHauls
[    0.000000] BIOS-provided physical RAM map:
[    0.000000]  BIOS-e820: 0000000000000000 - 000000000009fc00 (usable)
[    0.000000]  BIOS-e820: 000000000009fc00 - 00000000000a0000 (reserved)
[    0.000000]  BIOS-e820: 00000000000f0000 - 0000000000100000 (reserved)
[    0.000000]  BIOS-e820: 0000000000100000 - 0000000003ffe000 (usable)
[    0.000000]  BIOS-e820: 0000000003ffe000 - 0000000004000000 (reserved)
[    0.000000]  BIOS-e820: 00000000fffc0000 - 0000000100000000 (reserved)
[    0.000000] NX (Execute Disable) protection: active
[    0.000000] SMBIOS 2.4 present.
[    0.000000] No AGP bridge found
[    0.000000] last_pfn = 0x3ffe max_arch_pfn = 0x400000000
[    0.000000] x86 PAT enabled: cpu 0, old 0x7040600070406, new 0x7010600070106
[    0.000000] found SMP MP-table at [ffff8800000f0b00] f0b00
[    0.000000] init_memory_mapping: 0000000000000000-0000000003ffe000
[    0.000000] RAMDISK: 03c5e000 - 03ff0000
[    0.000000] ACPI: RSDP 00000000000f0950 00014 (v00 BOCHS )
[    0.000000] ACPI: RSDT 0000000003fffbc1 00034 (v01 BOCHS  BXPCRSDT 00000001 BXPC 00000001)
[    0.000000] ACPI: FACP 0000000003fff1c0 00074 (v01 BOCHS  BXPCFACP 00000001 BXPC 00000001)
[    0.000000] ACPI: DSDT 0000000003ffe040 01180 (v01 BOCHS  BXPCDSDT 00000001 BXPC 00000001)
[    0.000000] ACPI: FACS 0000000003ffe000 00040
[    0.000000] ACPI: SSDT 0000000003fff234 008DD (v01 BOCHS  BXPCSSDT 00000001 BXPC 00000001)
[    0.000000] ACPI: APIC 0000000003fffb11 00078 (v01 BOCHS  BXPCAPIC 00000001 BXPC 00000001)
[    0.000000] ACPI: HPET 0000000003fffb89 00038 (v01 BOCHS  BXPCHPET 00000001 BXPC 00000001)
[    0.000000] No NUMA configuration found
[    0.000000] Faking a node at 0000000000000000-0000000003ffe000
[    0.000000] Initmem setup node 0 0000000000000000-0000000003ffe000
[    0.000000]   NODE_DATA [0000000003ff6000 - 0000000003ffafff]
[    0.000000] Zone PFN ranges:
[    0.000000]   DMA      0x00000010 -&gt; 0x00001000
[    0.000000]   DMA32    0x00001000 -&gt; 0x00100000
[    0.000000]   Normal   empty
[    0.000000] Movable zone start PFN for each node
[    0.000000] early_node_map[2] active PFN ranges
[    0.000000]     0: 0x00000010 -&gt; 0x0000009f
[    0.000000]     0: 0x00000100 -&gt; 0x00003ffe
[    0.000000] ACPI: PM-Timer IO Port: 0xb008
[    0.000000] ACPI: LAPIC (acpi_id[0x00] lapic_id[0x00] enabled)
[    0.000000] ACPI: LAPIC_NMI (acpi_id[0xff] dfl dfl lint[0x1])
[    0.000000] ACPI: IOAPIC (id[0x00] address[0xfec00000] gsi_base[0])
[    0.000000] IOAPIC[0]: apic_id 0, version 17, address 0xfec00000, GSI 0-23
[    0.000000] ACPI: INT_SRC_OVR (bus 0 bus_irq 0 global_irq 2 dfl dfl)
[    0.000000] ACPI: INT_SRC_OVR (bus 0 bus_irq 5 global_irq 5 high level)
[    0.000000] ACPI: INT_SRC_OVR (bus 0 bus_irq 9 global_irq 9 high level)
[    0.000000] ACPI: INT_SRC_OVR (bus 0 bus_irq 10 global_irq 10 high level)
[    0.000000] ACPI: INT_SRC_OVR (bus 0 bus_irq 11 global_irq 11 high level)
[    0.000000] Using ACPI (MADT) for SMP configuration information
[    0.000000] ACPI: HPET id: 0x8086a201 base: 0xfed00000
[    0.000000] SMP: Allowing 1 CPUs, 0 hotplug CPUs
[    0.000000] PM: Registered nosave memory: 000000000009f000 - 00000000000a0000
[    0.000000] PM: Registered nosave memory: 00000000000a0000 - 00000000000f0000
[    0.000000] PM: Registered nosave memory: 00000000000f0000 - 0000000000100000
[    0.000000] Allocating PCI resources starting at 4000000 (gap: 4000000:fbfc0000)
[    0.000000] Booting paravirtualized kernel on bare hardware
[    0.000000] setup_percpu: NR_CPUS:64 nr_cpumask_bits:64 nr_cpu_ids:1 nr_node_ids:1
[    0.000000] PERCPU: Embedded 27 pages/cpu @ffff880003a00000 s78848 r8192 d23552 u2097152
[    0.000000] Built 1 zonelists in Node order, mobility grouping on.  Total pages: 16008
[    0.000000] Policy zone: DMA32
[    0.000000] Kernel command line: root=/dev/vda console=tty0 console=ttyS0 no_timer_check
[    0.000000] PID hash table entries: 256 (order: -1, 2048 bytes)
[    0.000000] Checking aperture...
[    0.000000] No AGP bridge found
[    0.000000] Memory: 43492k/65528k available (6576k kernel code, 452k absent, 21584k reserved, 6620k data, 928k init)
[    0.000000] SLUB: Genslabs=15, HWalign=64, Order=0-3, MinObjects=0, CPUs=1, Nodes=1
[    0.000000] Hierarchical RCU implementation.
[    0.000000] 	RCU dyntick-idle grace-period acceleration is enabled.
[    0.000000] NR_IRQS:4352 nr_irqs:256 16
[    0.000000] Console: colour VGA+ 80x25
[    0.000000] console [tty0] enabled
[    0.000000] console [ttyS0] enabled
[    0.000000] allocated 1048576 bytes of page_cgroup
[    0.000000] please try 'cgroup_disable=memory' option if you don't want memory cgroups
[    0.000000] Fast TSC calibration failed
[    0.000000] TSC: Unable to calibrate against PIT
[    0.000000] TSC: using HPET reference calibration
[    0.000000] Detected 2296.911 MHz processor.
[    0.028810] Calibrating delay loop (skipped), value calculated using timer frequency.. 4593.82 BogoMIPS (lpj=9187644)
[    0.033116] pid_max: default: 32768 minimum: 301
[    0.040092] Security Framework initialized
[    0.044809] AppArmor: AppArmor initialized
[    0.045438] Yama: becoming mindful.
[    0.052744] Dentry cache hash table entries: 8192 (order: 4, 65536 bytes)
[    0.054149] Inode-cache hash table entries: 4096 (order: 3, 32768 bytes)
[    0.056168] Mount-cache hash table entries: 256
[    0.070248] Initializing cgroup subsys cpuacct
[    0.071373] Initializing cgroup subsys memory
[    0.072739] Initializing cgroup subsys devices
[    0.073592] Initializing cgroup subsys freezer
[    0.074290] Initializing cgroup subsys blkio
[    0.076178] Initializing cgroup subsys perf_event
[    0.080825] mce: CPU supports 10 MCE banks
[    0.084485] SMP alternatives: switching to UP code
[    0.471105] Freeing SMP alternatives: 24k freed
[    0.472935] ACPI: Core revision 20110623
[    0.524511] ftrace: allocating 26610 entries in 105 pages
[    0.558342] ..TIMER: vector=0x30 apic1=0 pin1=2 apic2=-1 pin2=-1
[    0.560167] CPU0: AMD QEMU Virtual CPU version 2.0.0 stepping 03
[    0.564034] APIC calibration not consistent with PM-Timer: 105ms instead of 100ms
[    0.564034] APIC delta adjusted to PM-Timer: 6250030 (6589339)
[    0.565350] Performance Events: Broken PMU hardware detected, using software events only.
[    0.575096] NMI watchdog disabled (cpu0): hardware events not enabled
[    0.576898] Brought up 1 CPUs
[    0.577554] Total of 1 processors activated (4593.82 BogoMIPS).
[    0.601283] devtmpfs: initialized
[    0.629802] EVM: security.selinux
[    0.630298] EVM: security.SMACK64
[    0.630744] EVM: security.capability
[    0.651538] print_constraints: dummy: 
[    0.652951] RTC time:  1:37:56, date: 01/07/16
[    0.656162] NET: Registered protocol family 16
[    0.664529] ACPI: bus type pci registered
[    0.668402] PCI: Using configuration type 1 for base access
[    0.697513] bio: create slab &lt;bio-0&gt; at 0
[    0.702242] ACPI: Added _OSI(Module Device)
[    0.702877] ACPI: Added _OSI(Processor Device)
[    0.704099] ACPI: Added _OSI(3.0 _SCP Extensions)
[    0.704756] ACPI: Added _OSI(Processor Aggregator Device)
[    0.776797] ACPI: Interpreter enabled
[    0.777444] ACPI: (supports S0 S3 S4 S5)
[    0.779323] ACPI: Using IOAPIC for interrupt routing
[    0.868201] ACPI: No dock devices found.
[    0.868796] HEST: Table not found.
[    0.869343] PCI: Using host bridge windows from ACPI; if necessary, use "pci=nocrs" and report a bug
[    0.875956] ACPI: PCI Root Bridge [PCI0] (domain 0000 [bus 00-ff])
[    0.882583] pci_root PNP0A03:00: host bridge window [io  0x0000-0x0cf7]
[    0.884155] pci_root PNP0A03:00: host bridge window [io  0x0d00-0xadff]
[    0.885014] pci_root PNP0A03:00: host bridge window [io  0xae0f-0xaeff]
[    0.885858] pci_root PNP0A03:00: host bridge window [io  0xaf20-0xafdf]
[    0.886887] pci_root PNP0A03:00: host bridge window [io  0xafe4-0xffff]
[    0.888180] pci_root PNP0A03:00: host bridge window [mem 0x000a0000-0x000bffff]
[    0.889279] pci_root PNP0A03:00: host bridge window [mem 0x04000000-0xfebfffff]
[    0.916720] pci 0000:00:01.3: quirk: [io  0xb000-0xb03f] claimed by PIIX4 ACPI
[    0.917748] pci 0000:00:01.3: quirk: [io  0xb100-0xb10f] claimed by PIIX4 SMB
[    0.989148]  pci0000:00: Unable to request _OSC control (_OSC support mask: 0x1e)
[    1.045621] ACPI: PCI Interrupt Link [LNKA] (IRQs 5 *10 11)
[    1.048353] ACPI: PCI Interrupt Link [LNKB] (IRQs 5 *10 11)
[    1.050730] ACPI: PCI Interrupt Link [LNKC] (IRQs 5 10 *11)
[    1.052216] ACPI: PCI Interrupt Link [LNKD] (IRQs 5 10 *11)
[    1.054087] ACPI: PCI Interrupt Link [LNKS] (IRQs *9)
[    1.061048] vgaarb: device added: PCI:0000:00:02.0,decodes=io+mem,owns=io+mem,locks=none
[    1.062048] vgaarb: loaded
[    1.062463] vgaarb: bridge control possible 0000:00:02.0
[    1.068491] i2c-core: driver [aat2870] using legacy suspend method
[    1.069782] i2c-core: driver [aat2870] using legacy resume method
[    1.073324] SCSI subsystem initialized
[    1.077094] usbcore: registered new interface driver usbfs
[    1.078521] usbcore: registered new interface driver hub
[    1.080640] usbcore: registered new device driver usb
[    1.084634] PCI: Using ACPI for IRQ routing
[    1.093744] NetLabel: Initializing
[    1.096149] NetLabel:  domain hash size = 128
[    1.096757] NetLabel:  protocols = UNLABELED CIPSOv4
[    1.098673] NetLabel:  unlabeled traffic allowed by default
[    1.101256] HPET: 3 timers in total, 0 timers will be used for per-cpu timer
[    1.102375] hpet0: at MMIO 0xfed00000, IRQs 2, 8, 0
[    1.103318] hpet0: 3 comparators, 64-bit 100.000000 MHz counter
[    1.118101] Switching to clocksource hpet
[    1.342366] AppArmor: AppArmor Filesystem Enabled
[    1.343547] pnp: PnP ACPI init
[    1.344041] ACPI: bus type pnp registered
[    1.365701] pnp: PnP ACPI: found 9 devices
[    1.366352] ACPI: ACPI bus type pnp unregistered
[    1.438736] NET: Registered protocol family 2
[    1.475213] IP route cache hash table entries: 512 (order: 0, 4096 bytes)
[    1.482956] TCP established hash table entries: 2048 (order: 3, 32768 bytes)
[    1.485188] TCP bind hash table entries: 2048 (order: 3, 32768 bytes)
[    1.486339] TCP: Hash tables configured (established 2048 bind 2048)
[    1.487156] TCP reno registered
[    1.487680] UDP hash table entries: 128 (order: 0, 4096 bytes)
[    1.489769] UDP-Lite hash table entries: 128 (order: 0, 4096 bytes)
[    1.493080] NET: Registered protocol family 1
[    1.493989] pci 0000:00:00.0: Limiting direct PCI/PCI transfers
[    1.495018] pci 0000:00:01.0: PIIX3: Enabling Passive Release
[    1.495916] pci 0000:00:01.0: Activating ISA DMA hang workarounds
[    1.501585] ACPI: PCI Interrupt Link [LNKD] enabled at IRQ 11
[    1.502605] pci 0000:00:01.2: PCI INT D -&gt; Link[LNKD] -&gt; GSI 11 (level, high) -&gt; IRQ 11
[    1.504394] pci 0000:00:01.2: PCI INT D disabled
[    1.522518] Trying to unpack rootfs image as initramfs...
[    1.551288] audit: initializing netlink socket (disabled)
[    1.554363] type=2000 audit(1452130676.548:1): initialized
[    1.839448] HugeTLB registered 2 MB page size, pre-allocated 0 pages
[    1.903813] VFS: Disk quotas dquot_6.5.2
[    1.906676] Dquot-cache hash table entries: 512 (order 0, 4096 bytes)
[    1.950787] fuse init (API version 7.17)
[    1.962679] msgmni has been set to 84
[    2.006733] Block layer SCSI generic (bsg) driver version 0.4 loaded (major 253)
[    2.009248] io scheduler noop registered
[    2.009886] io scheduler deadline registered (default)
[    2.011124] io scheduler cfq registered
[    2.014652] pci_hotplug: PCI Hot Plug PCI Core version: 0.5
[    2.017560] pciehp: PCI Express Hot Plug Controller Driver version: 0.4
[    2.022372] input: Power Button as /devices/LNXSYSTM:00/LNXPWRBN:00/input/input0
[    2.023828] ACPI: Power Button [PWRF]
[    2.101965] ERST: Table is not found!
[    2.102836] GHES: HEST is not enabled!
[    2.125814] ACPI: PCI Interrupt Link [LNKC] enabled at IRQ 10
[    2.126737] virtio-pci 0000:00:03.0: PCI INT A -&gt; Link[LNKC] -&gt; GSI 10 (level, high) -&gt; IRQ 10
[    2.131519] virtio-pci 0000:00:04.0: PCI INT A -&gt; Link[LNKD] -&gt; GSI 11 (level, high) -&gt; IRQ 11
[    2.151377] ACPI: PCI Interrupt Link [LNKA] enabled at IRQ 10
[    2.152345] virtio-pci 0000:00:05.0: PCI INT A -&gt; Link[LNKA] -&gt; GSI 10 (level, high) -&gt; IRQ 10
[    2.166071] Serial: 8250/16550 driver, 32 ports, IRQ sharing enabled
[    2.209288] serial8250: ttyS0 at I/O 0x3f8 (irq = 4) is a 16550A
[    2.307070] serial8250: ttyS1 at I/O 0x2f8 (irq = 3) is a 16550A
[    2.449427] 00:05: ttyS0 at I/O 0x3f8 (irq = 4) is a 16550A
[    2.528823] 00:06: ttyS1 at I/O 0x2f8 (irq = 3) is a 16550A
[    2.529862] Refined TSC clocksource calibration: 2296.945 MHz.
[    2.530710] Switching to clocksource tsc
[    2.574511] Linux agpgart interface v0.103
[    2.635485] brd: module loaded
[    2.667290] loop: module loaded
[    2.718473]  vda: unknown partition table
[    2.774301] scsi0 : ata_piix
[    2.777367] scsi1 : ata_piix
[    2.778689] ata1: PATA max MWDMA2 cmd 0x1f0 ctl 0x3f6 bmdma 0xc0a0 irq 14
[    2.779617] ata2: PATA max MWDMA2 cmd 0x170 ctl 0x376 bmdma 0xc0a8 irq 15
[    2.790341] Fixed MDIO Bus: probed
[    2.791266] tun: Universal TUN/TAP device driver, 1.6
[    2.791923] tun: (C) 1999-2004 Max Krasnyansky &lt;maxk@qualcomm.com&gt;
[    2.805277] PPP generic driver version 2.4.2
[    2.830052] ehci_hcd: USB 2.0 'Enhanced' Host Controller (EHCI) Driver
[    2.831258] ohci_hcd: USB 1.1 'Open' Host Controller (OHCI) Driver
[    2.832225] uhci_hcd: USB Universal Host Controller Interface driver
[    2.833973] uhci_hcd 0000:00:01.2: PCI INT D -&gt; Link[LNKD] -&gt; GSI 11 (level, high) -&gt; IRQ 11
[    2.837603] uhci_hcd 0000:00:01.2: UHCI Host Controller
[    2.845747] uhci_hcd 0000:00:01.2: new USB bus registered, assigned bus number 1
[    2.847535] uhci_hcd 0000:00:01.2: irq 11, io base 0x0000c040
[    2.872872] hub 1-0:1.0: USB hub found
[    2.874699] hub 1-0:1.0: 2 ports detected
[    2.882371] usbcore: registered new interface driver libusual
[    2.884766] i8042: PNP: PS/2 Controller [PNP0303:KBD,PNP0f13:MOU] at 0x60,0x64 irq 1,12
[    2.894629] serio: i8042 KBD port at 0x60,0x64 irq 1
[    2.897360] serio: i8042 AUX port at 0x60,0x64 irq 12
[    2.945172] mousedev: PS/2 mouse device common for all mice
[    2.958164] input: AT Translated Set 2 keyboard as /devices/platform/i8042/serio0/input/input1
[    2.964348] rtc_cmos 00:01: RTC can wake from S4
[    2.991458] rtc_cmos 00:01: rtc core: registered rtc_cmos as rtc0
[    2.994699] rtc0: alarms up to one day, 114 bytes nvram, hpet irqs
[    2.998178] device-mapper: uevent: version 1.0.3
[    3.015375] ata2.01: ATAPI: QEMU DVD-ROM, 2.0.0, max UDMA/100
[    3.020980] device-mapper: ioctl: 4.22.0-ioctl (2011-10-19) initialised: dm-devel@redhat.com
[    3.023742] cpuidle: using governor ladder
[    3.024772] cpuidle: using governor menu
[    3.026043] EFI Variables Facility v0.08 2004-May-17
[    3.036743] TCP cubic registered
[    3.040899] NET: Registered protocol family 10
[    3.067491] NET: Registered protocol family 17
[    3.068720] Registering the dns_resolver key type
[    3.082477] ata2.01: configured for MWDMA2
[    3.103882] scsi 1:0:1:0: CD-ROM            QEMU     QEMU DVD-ROM     2.0. PQ: 0 ANSI: 5
[    3.131688] sr0: scsi3-mmc drive: 4x/4x cd/rw xa/form2 tray
[    3.134151] cdrom: Uniform CD-ROM driver Revision: 3.20
[    3.145298] sr 1:0:1:0: Attached scsi generic sg0 type 5
[    3.200637] registered taskstats version 1
[    3.248075] Freeing initrd memory: 3656k freed
[    3.717783]   Magic number: 0:178:609
[    3.727210] rtc_cmos 00:01: setting system clock to 2016-01-07 01:37:59 UTC (1452130679)
[    3.729426] powernow-k8: Processor cpuid 663 not supported
[    3.735774] BIOS EDD facility v0.16 2004-Jun-25, 0 devices found
[    3.737213] EDD information not available.
[    3.793094] Freeing unused kernel memory: 928k freed
[    3.798600] Write protecting the kernel read-only data: 12288k
[    3.920181] Freeing unused kernel memory: 1596k freed
[    4.004837] Freeing unused kernel memory: 1184k freed

info: initramfs: up at 4.22
modprobe: module virtio_blk not found in modules.dep
modprobe: module virtio_net not found in modules.dep
info: copying initramfs to /dev/vda
info: initramfs loading root from /dev/vda
info: /etc/init.d/rc.sysinit: up at 8.86
info: container: none
Starting logging: OK
modprobe: module virtio_blk not found in modules.dep
modprobe: module virtio_net not found in modules.dep
WARN: /etc/rc3.d/S10-load-modules failed
Initializing random number generator... done.
Starting acpid: OK
cirros-ds 'local' up at 13.03
found datasource (configdrive, local)
Starting network...
udhcpc (v1.20.1) started
Sending discover...
Sending discover...
Sending discover...
Usage: /sbin/cirros-dhcpc &lt;up|down&gt;
No lease, failing
WARN: /etc/rc3.d/S40-network failed
Starting dropbear sshd: generating rsa key... generating dsa key... OK
no userdata for datasource
=== system information ===
Platform: OpenStack Foundation OpenStack Nova
Container: none
Arch: x86_64
CPU(s): 1 @ 2296.911 MHz
Cores/Sockets/Threads: 1/1/1
Virt-type: AMD-V
RAM Size: 49MB
Disks:
NAME MAJ:MIN     SIZE LABEL         MOUNTPOINT
vda  253:0   25165824 cirros-rootfs /
sr0   11:0     428032 config-2      
=== sshd host keys ===
-----BEGIN SSH HOST KEY KEYS-----
ssh-rsa AAAAB3NzaC1yc2EAAAADAQABAAAAgwCkJl+ihqkd8kk7OdxZTQGQuqyMke8LaesoIlRDCneCPTV6QtsVeLEL78zNpmw4TgQPLxYAln6GEKb4V57ZlMhmEu2qaI2Z8KCZ1mkIzCIH8i4BcIeAcEgMRSOLXkv2hkS9d60ItqcJidetwEgyY1ZvI7U3hysfMc4wk9EjLBppdFGn root@tempest
ssh-dss AAAAB3NzaC1kc3MAAACBAMD856uA8Nf9JX2c+E2r6KH2QupPE2H6tKruHF1OAbLJ2qA5mJdS0r82mP6CUowv4ieRdX4HTLI6ri8yxxO3NKKcYhYpeGOpy2dGLhWo4zWiz6ff6HGNad+o2z3+ELo5QjHOkm+58vGoOZhxY+0d9k4f4nZFGWS1rc7DL0wlqvxnAAAAFQCzSHpMGE0uFyBdN9ekJwlKj8GysQAAAIAw6w77O3j8OlqBZ1BWrYjbCxUP8ThSQczdaDGccHmiZogAoQxfnaX+9T0l+QQbdDgNI3RE8PujUw42WXa8FWBAk+Da4wCiGtW8ZHX1rPvQHhZ+TQ3j/UbvZrcgJe8xYUxBg26X/KwtiI/zOTNBSsvY8gTOk6vxEWLM5FgnZuuFiAAAAIEAkpVA/oIVlOdTsrui5VHjJnJa40Cq3AfC2X+rnNY6FyG+hwVlYSbI1Y1p/wmhD/N/9Ae36XIQeTM1QGF+I9XI3Bx4jF6lcXNsmdbzODbwIEc4utiV5DmO+5io24KXPOqJGfXFs1OeifcgGvpzYVnt48NOYNi9/ZJ1VvMyIRrEonE= root@tempest
-----END SSH HOST KEY KEYS-----
=== network info ===
if-info: lo,up,127.0.0.1,8,::1
if-info: eth0,up,,8,fe80::f816:3eff:fe46:3c2d
=== datasource: configdrive local ===
instance-id: 9440bf79-3a0e-489a-9fda-31e928a74f75
name: tempest.common.compute-instance-1389978898
availability-zone: nova
local-hostname: tempest.common.compute-instance-1389978898.novalocal
launch-index: 0
=== cirros: current=0.3.4 uptime=204.15 ===
route: fscanf
=== pinging gateway failed, debugging connection ===
############ debug start ##############
### /etc/init.d/sshd start
Starting dropbear sshd: OK
route: fscanf
### ifconfig -a
eth0      Link encap:Ethernet  HWaddr FA:16:3E:46:3C:2D  
          inet6 addr: fe80::f816:3eff:fe46:3c2d/64 Scope:Link
          UP BROADCAST RUNNING MULTICAST  MTU:1500  Metric:1
          RX packets:13 errors:0 dropped:6 overruns:0 frame:0
          TX packets:8 errors:0 dropped:0 overruns:0 carrier:0
          collisions:0 txqueuelen:1000 
          RX bytes:1416 (1.3 KiB)  TX bytes:1134 (1.1 KiB)

lo        Link encap:Local Loopback  
          inet addr:127.0.0.1  Mask:255.0.0.0
          inet6 addr: ::1/128 Scope:Host
          UP LOOPBACK RUNNING  MTU:16436  Metric:1
          RX packets:12 errors:0 dropped:0 overruns:0 frame:0
          TX packets:12 errors:0 dropped:0 overruns:0 carrier:0
          collisions:0 txqueuelen:0 
          RX bytes:1020 (1020.0 B)  TX bytes:1020 (1020.0 B)

### route -n
Kernel IP routing table
Destination     Gateway         Genmask         Flags Metric Ref    Use Iface
route: fscanf
### cat /etc/resolv.conf
cat: can't open '/etc/resolv.conf': No such file or directory
### gateway not found
/sbin/cirros-status: line 1: can't open /etc/resolv.conf: no such file
### pinging nameservers
### uname -a
Linux tempest 3.2.0-80-virtual #116-Ubuntu SMP Mon Mar 23 17:28:52 UTC 2015 x86_64 GNU/Linux
### lsmod
Module                  Size  Used by    Not tainted
nls_iso8859_1          12713  0 
nls_cp437              16991  0 
vfat                   17585  0 
fat                    61512  1 vfat
isofs                  40259  0 
ip_tables              27473  0 
x_tables               29891  1 ip_tables
pcnet32                42119  0 
8139cp                 27360  0 
ne2k_pci               13691  0 
8390                   18856  1 ne2k_pci
e1000                 108589  0 
acpiphp                24231  0 
### dmesg | tail
[    5.030178] EXT3-fs (vda): mounted filesystem with ordered data mode
[    5.278960] ISO 9660 Extensions: Microsoft Joliet Level 3
[    5.341411] ISO 9660 Extensions: RRIP_1991A
[    5.569783] kjournald starting.  Commit interval 5 seconds
[    5.587305] EXT3-fs (vda): using internal journal
[    5.587460] EXT3-fs (vda): mounted filesystem with ordered data mode
[    8.958670] EXT3-fs (vda): using internal journal
[   13.792555] ISO 9660 Extensions: Microsoft Joliet Level 3
[   13.902815] ISO 9660 Extensions: RRIP_1991A
[   28.347231] eth0: no IPv6 routers present
### tail -n 25 /var/log/messages
Jan  7 01:38:07 cirros kern.info kernel: [    4.509957] acpiphp: Slot [3] registered
Jan  7 01:38:07 cirros kern.info kernel: [    4.510615] acpiphp: Slot [4] registered
Jan  7 01:38:07 cirros kern.info kernel: [    4.510974] acpiphp: Slot [5] registered
Jan  7 01:38:07 cirros kern.info kernel: [    4.511299] acpiphp: Slot [6] registered
Jan  7 01:38:07 cirros kern.info kernel: [    4.511861] acpiphp: Slot [7] registered
Jan  7 01:38:07 cirros kern.info kernel: [    4.512494] acpiphp: Slot [8] registered
Jan  7 01:38:07 cirros kern.info kernel: [    4.513549] acpiphp: Slot [9] registered
Jan  7 01:38:07 cirros kern.info kernel: [    4.513878] acpiphp: Slot [10] registered
Jan  7 01:38:07 cirros kern.info kernel: [    4.514364] acpiphp: Slot [11] registered
Jan  7 01:38:07 cirros kern.info kernel: [    4.514693] acpiphp: Slot [12] registered
Jan  7 01:38:07 cirros kern.info kernel: [    4.515018] acpiphp: Slot [13] registered
Jan  7 01:38:07 cirros kern.info kernel: [    4.515380] acpiphp: Slot [14] registered
Jan  7 01:38:07 cirros kern.info kernel: [    4.515442] acpiphp: Slot [15] registered
Jan  7 01:38:07 cirros kern.info kernel: [    4.515803] acpiphp: Slot [16] registered
Jan  7 01:38:07 cirros kern.info kernel: [    4.516163] acpiphp: Slot [17] registered
Jan  7 01:38:07 cirros kern.info kernel: [    4.517844] acpiphp: Slot [18] registered
Jan  7 01:38:07 cirros kern.info kernel: [    4.518253] acpiphp: Slot [19] registered
Jan  7 01:38:07 cirros kern.info kernel: [    4.518622] acpiphp: Slot [20] registered
Jan  7 01:38:07 cirros kern.info kernel: [    4.518986] acpiphp: Slot [21] registered
Jan  7 01:38:07 cirros kern.info kernel: [    4.519663] acpiphp: Slot [23] registered
Jan  7 01:38:09 cirros kern.debug kernel: [   13.792555] ISO 9660 Extensions: Microsoft Joliet Level 3
Jan  7 01:38:09 cirros kern.debug kernel: [   13.902815] ISO 9660 Extensions: RRIP_1991A
Jan  7 01:38:12 cirros auth.notice su: + /dev/console root:cirros
Jan  7 01:38:24 cirros kern.debug kernel: [   28.347231] eth0: no IPv6 routers present
Jan  7 01:41:17 cirros authpriv.info dropbear[283]: Running in background
############ debug end   ##############
  ____               ____  ____
 / __/ __ ____ ____ / __ \/ __/
/ /__ / // __// __// /_/ /\ \ 
\___//_//_/  /_/   \____/___/ 
   http://cirros-cloud.net


login as 'cirros' user. default password: 'cubswin:)'. use 'sudo' for root.
tempest login: 
2016-01-07 01:41:26,827 3965 INFO     [tempest_lib.common.rest_client] Request (TestGettingAddress:_run_cleanups): 204 DELETE http://10.0.2.15:9696/v2.0/floatingips/3e95b96e-284c-49de-a7f1-4da50d619e30 0.279s
2016-01-07 01:41:26,828 3965 DEBUG    [tempest_lib.common.rest_client] Request - Headers: {'Content-Type': 'application/json', 'Accept': 'application/json', 'X-Auth-Token': '&lt;omitted&gt;'}
        Body: None
    Response - Headers: {'date': 'Thu, 07 Jan 2016 01:41:26 GMT', 'status': '204', 'connection': 'close', 'content-length': '0', 'x-openstack-request-id': 'req-260c60ae-9f70-4b52-9dc3-14d06dd97d5d'}
        Body: 
2016-01-07 01:41:27,167 3965 INFO     [tempest_lib.common.rest_client] Request (TestGettingAddress:_run_cleanups): 204 DELETE http://10.0.2.15:8774/v2.1/e7cbb71fafc544838d79caa5cb2dfa74/servers/9440bf79-3a0e-489a-9fda-31e928a74f75 0.338s
2016-01-07 01:41:27,167 3965 DEBUG    [tempest_lib.common.rest_client] Request - Headers: {'Content-Type': 'application/json', 'Accept': 'application/json', 'X-Auth-Token': '&lt;omitted&gt;'}
        Body: None
    Response - Headers: {'status': '204', 'content-length': '0', 'x-compute-request-id': 'req-bd9c3299-f9cc-4d17-bb76-2cd1c8480b20', 'vary': 'X-OpenStack-Nova-API-Version', 'connection': 'close', 'x-openstack-nova-api-version': '2.1', 'date': 'Thu, 07 Jan 2016 01:41:27 GMT', 'content-type': 'application/json'}
        Body: 
2016-01-07 01:41:27,400 3965 INFO     [tempest_lib.common.rest_client] Request (TestGettingAddress:_run_cleanups): 200 GET http://10.0.2.15:8774/v2.1/e7cbb71fafc544838d79caa5cb2dfa74/servers/9440bf79-3a0e-489a-9fda-31e928a74f75 0.231s
2016-01-07 01:41:27,400 3965 DEBUG    [tempest_lib.common.rest_client] Request - Headers: {'Content-Type': 'application/json', 'Accept': 'application/json', 'X-Auth-Token': '&lt;omitted&gt;'}
        Body: None
    Response - Headers: {'status': '200', 'content-length': '1904', 'content-location': 'http://10.0.2.15:8774/v2.1/e7cbb71fafc544838d79caa5cb2dfa74/servers/9440bf79-3a0e-489a-9fda-31e928a74f75', 'x-compute-request-id': 'req-2916a587-6482-4642-90d6-70f018171d1d', 'vary': 'X-OpenStack-Nova-API-Version', 'connection': 'close', 'x-openstack-nova-api-version': '2.1', 'date': 'Thu, 07 Jan 2016 01:41:27 GMT', 'content-type': 'application/json'}
        Body: {"server": {"status": "ACTIVE", "updated": "2016-01-07T01:41:27Z", "hostId": "e6fa4a0ffb0b07d9501980411e3aedaf7f5f409edd571a887073c877", "addresses": {"tempest-network-smoke--1021387054": [{"OS-EXT-IPS-MAC:mac_addr": "fa:16:3e:46:3c:2d", "version": 4, "addr": "10.100.0.3", "OS-EXT-IPS:type": "fixed"}, {"OS-EXT-IPS-MAC:mac_addr": "fa:16:3e:46:3c:2d", "version": 6, "addr": "2003::f816:3eff:fe46:3c2d", "OS-EXT-IPS:type": "fixed"}, {"OS-EXT-IPS-MAC:mac_addr": "fa:16:3e:46:3c:2d", "version": 4, "addr": "172.24.4.4", "OS-EXT-IPS:type": "floating"}]}, "links": [{"href": "http://10.0.2.15:8774/v2.1/e7cbb71fafc544838d79caa5cb2dfa74/servers/9440bf79-3a0e-489a-9fda-31e928a74f75", "rel": "self"}, {"href": "http://10.0.2.15:8774/e7cbb71fafc544838d79caa5cb2dfa74/servers/9440bf79-3a0e-489a-9fda-31e928a74f75", "rel": "bookmark"}], "key_name": "tempest-TestGettingAddress-705034382", "image": {"id": "d272fe0d-29d8-4211-b756-3dfe3131fe65", "links": [{"href": "http://10.0.2.15:8774/e7cbb71fafc544838d79caa5cb2dfa74/images/d272fe0d-29d8-4211-b756-3dfe3131fe65", "rel": "bookmark"}]}, "OS-EXT-STS:task_state": "deleting", "OS-EXT-STS:vm_state": "active", "OS-SRV-USG:launched_at": "2016-01-07T01:37:52.000000", "flavor": {"id": "42", "links": [{"href": "http://10.0.2.15:8774/e7cbb71fafc544838d79caa5cb2dfa74/flavors/42", "rel": "bookmark"}]}, "id": "9440bf79-3a0e-489a-9fda-31e928a74f75", "security_groups": [{"name": "tempest-secgroup-smoke-1823644075"}], "OS-SRV-USG:terminated_at": null, "OS-EXT-AZ:availability_zone": "nova", "user_id": "0f6fe30e0ae34b1885e8596e792f9504", "name": "tempest.common.compute-instance-1389978898", "created": "2016-01-07T01:37:49Z", "tenant_id": "e7cbb71fafc544838d79caa5cb2dfa74", "OS-DCF:diskConfig": "MANUAL", "os-extended-volumes:volumes_attached": [], "accessIPv4": "", "accessIPv6": "", "progress": 0, "OS-EXT-STS:power_state": 1, "config_drive": "True", "metadata": {}}}
2016-01-07 01:41:28,568 3965 INFO     [tempest_lib.common.rest_client] Request (TestGettingAddress:_run_cleanups): 200 GET http://10.0.2.15:8774/v2.1/e7cbb71fafc544838d79caa5cb2dfa74/servers/9440bf79-3a0e-489a-9fda-31e928a74f75 0.152s
2016-01-07 01:41:28,569 3965 DEBUG    [tempest_lib.common.rest_client] Request - Headers: {'Content-Type': 'application/json', 'Accept': 'application/json', 'X-Auth-Token': '&lt;omitted&gt;'}
        Body: None
    Response - Headers: {'status': '200', 'content-length': '1439', 'content-location': 'http://10.0.2.15:8774/v2.1/e7cbb71fafc544838d79caa5cb2dfa74/servers/9440bf79-3a0e-489a-9fda-31e928a74f75', 'x-compute-request-id': 'req-906fd24b-a739-4c06-b5cd-635734931b89', 'vary': 'X-OpenStack-Nova-API-Version', 'connection': 'close', 'x-openstack-nova-api-version': '2.1', 'date': 'Thu, 07 Jan 2016 01:41:28 GMT', 'content-type': 'application/json'}
        Body: {"server": {"status": "ACTIVE", "updated": "2016-01-07T01:41:27Z", "hostId": "e6fa4a0ffb0b07d9501980411e3aedaf7f5f409edd571a887073c877", "addresses": {}, "links": [{"href": "http://10.0.2.15:8774/v2.1/e7cbb71fafc544838d79caa5cb2dfa74/servers/9440bf79-3a0e-489a-9fda-31e928a74f75", "rel": "self"}, {"href": "http://10.0.2.15:8774/e7cbb71fafc544838d79caa5cb2dfa74/servers/9440bf79-3a0e-489a-9fda-31e928a74f75", "rel": "bookmark"}], "key_name": "tempest-TestGettingAddress-705034382", "image": {"id": "d272fe0d-29d8-4211-b756-3dfe3131fe65", "links": [{"href": "http://10.0.2.15:8774/e7cbb71fafc544838d79caa5cb2dfa74/images/d272fe0d-29d8-4211-b756-3dfe3131fe65", "rel": "bookmark"}]}, "OS-EXT-STS:task_state": "deleting", "OS-EXT-STS:vm_state": "active", "OS-SRV-USG:launched_at": "2016-01-07T01:37:52.000000", "flavor": {"id": "42", "links": [{"href": "http://10.0.2.15:8774/e7cbb71fafc544838d79caa5cb2dfa74/flavors/42", "rel": "bookmark"}]}, "id": "9440bf79-3a0e-489a-9fda-31e928a74f75", "OS-SRV-USG:terminated_at": null, "OS-EXT-AZ:availability_zone": "nova", "user_id": "0f6fe30e0ae34b1885e8596e792f9504", "name": "tempest.common.compute-instance-1389978898", "created": "2016-01-07T01:37:49Z", "tenant_id": "e7cbb71fafc544838d79caa5cb2dfa74", "OS-DCF:diskConfig": "MANUAL", "os-extended-volumes:volumes_attached": [], "accessIPv4": "", "accessIPv6": "", "progress": 0, "OS-EXT-STS:power_state": 1, "config_drive": "True", "metadata": {}}}
2016-01-07 01:41:29,660 3965 INFO     [tempest_lib.common.rest_client] Request (TestGettingAddress:_run_cleanups): 404 GET http://10.0.2.15:8774/v2.1/e7cbb71fafc544838d79caa5cb2dfa74/servers/9440bf79-3a0e-489a-9fda-31e928a74f75 0.081s
2016-01-07 01:41:29,661 3965 DEBUG    [tempest_lib.common.rest_client] Request - Headers: {'Content-Type': 'application/json', 'Accept': 'application/json', 'X-Auth-Token': '&lt;omitted&gt;'}
        Body: None
    Response - Headers: {'status': '404', 'content-length': '111', 'x-compute-request-id': 'req-499bc7b6-5195-4c38-ae05-5f5430e2e13c', 'vary': 'X-OpenStack-Nova-API-Version', 'connection': 'close', 'x-openstack-nova-api-version': '2.1', 'date': 'Thu, 07 Jan 2016 01:41:29 GMT', 'content-type': 'application/json; charset=UTF-8'}
        Body: {"itemNotFound": {"message": "Instance 9440bf79-3a0e-489a-9fda-31e928a74f75 could not be found.", "code": 404}}
2016-01-07 01:41:30,165 3965 INFO     [tempest_lib.common.rest_client] Request (TestGettingAddress:_run_cleanups): 200 PUT http://10.0.2.15:9696/v2.0/routers/81439b10-e253-4af8-8688-0c8ab97a540b/remove_router_interface 0.503s
2016-01-07 01:41:30,165 3965 DEBUG    [tempest_lib.common.rest_client] Request - Headers: {'Content-Type': 'application/json', 'Accept': 'application/json', 'X-Auth-Token': '&lt;omitted&gt;'}
        Body: {"subnet_id": "4ef1c3cf-683e-4600-af88-6d13dc94fd24"}
    Response - Headers: {'status': '200', 'content-length': '255', 'connection': 'close', 'date': 'Thu, 07 Jan 2016 01:41:30 GMT', 'content-type': 'application/json; charset=UTF-8', 'x-openstack-request-id': 'req-838b7919-3c41-4c66-a0b9-32b10432844b'}
        Body: {"subnet_id": "4ef1c3cf-683e-4600-af88-6d13dc94fd24", "tenant_id": "e7cbb71fafc544838d79caa5cb2dfa74", "subnet_ids": ["4ef1c3cf-683e-4600-af88-6d13dc94fd24"], "port_id": "216f1f8d-9de5-41fa-a7ec-5900e89b1ea6", "id": "81439b10-e253-4af8-8688-0c8ab97a540b"}
2016-01-07 01:41:30,604 3965 INFO     [tempest_lib.common.rest_client] Request (TestGettingAddress:_run_cleanups): 204 DELETE http://10.0.2.15:9696/v2.0/subnets/4ef1c3cf-683e-4600-af88-6d13dc94fd24 0.437s
2016-01-07 01:41:30,605 3965 DEBUG    [tempest_lib.common.rest_client] Request - Headers: {'Content-Type': 'application/json', 'Accept': 'application/json', 'X-Auth-Token': '&lt;omitted&gt;'}
        Body: None
    Response - Headers: {'date': 'Thu, 07 Jan 2016 01:41:30 GMT', 'status': '204', 'connection': 'close', 'content-length': '0', 'x-openstack-request-id': 'req-5c8d5e24-f3c1-4b7f-bbf8-6c88eb982a3a'}
        Body: 
2016-01-07 01:41:30,649 3965 INFO     [tempest_lib.common.rest_client] Request (TestGettingAddress:_run_cleanups): 404 DELETE http://10.0.2.15:9696/v2.0/subnets/4ef1c3cf-683e-4600-af88-6d13dc94fd24 0.043s
2016-01-07 01:41:30,649 3965 DEBUG    [tempest_lib.common.rest_client] Request - Headers: {'Content-Type': 'application/json', 'Accept': 'application/json', 'X-Auth-Token': '&lt;omitted&gt;'}
        Body: None
    Response - Headers: {'status': '404', 'content-length': '136', 'connection': 'close', 'date': 'Thu, 07 Jan 2016 01:41:30 GMT', 'content-type': 'application/json; charset=UTF-8', 'x-openstack-request-id': 'req-6a724dc2-7e37-4ffb-bdb6-284f9bb196df'}
        Body: {"NeutronError": {"message": "Subnet 4ef1c3cf-683e-4600-af88-6d13dc94fd24 could not be found.", "type": "SubnetNotFound", "detail": ""}}
2016-01-07 01:41:31,223 3965 INFO     [tempest_lib.common.rest_client] Request (TestGettingAddress:_run_cleanups): 200 PUT http://10.0.2.15:9696/v2.0/routers/81439b10-e253-4af8-8688-0c8ab97a540b/remove_router_interface 0.573s
2016-01-07 01:41:31,224 3965 DEBUG    [tempest_lib.common.rest_client] Request - Headers: {'Content-Type': 'application/json', 'Accept': 'application/json', 'X-Auth-Token': '&lt;omitted&gt;'}
        Body: {"subnet_id": "7ca33e0c-d8ec-43a4-96cd-546c288fc8d8"}
    Response - Headers: {'status': '200', 'content-length': '255', 'connection': 'close', 'date': 'Thu, 07 Jan 2016 01:41:31 GMT', 'content-type': 'application/json; charset=UTF-8', 'x-openstack-request-id': 'req-54cb727a-9b71-4ca3-9382-739381868b43'}
