<?xml version="1.0" encoding="UTF-8"?>
<!DOCTYPE html PUBLIC "-//W3C//DTD XHTML 1.0 Strict//EN"
     "http://www.w3.org/TR/xhtml1/DTD/xhtml1-strict.dtd">
<html xmlns="http://www.w3.org/1999/xhtml">
<head>
    <title>Unit Test Report</title>
    <meta name="generator" content="subunit2html 0.1"/>
    <meta http-equiv="Content-Type" content="text/html; charset=UTF-8"/>
    
<style type="text/css" media="screen">
body        { font-family: verdana, arial, helvetica, sans-serif;
    font-size: 80%; }
table       { font-size: 100%; width: 100%;}
pre         { font-size: 80%; }

/* -- heading -------------------------------------------------------------- */
h1 {
        font-size: 16pt;
        color: gray;
}
.heading {
    margin-top: 0ex;
    margin-bottom: 1ex;
}

.heading .attribute {
    margin-top: 1ex;
    margin-bottom: 0;
}

.heading .description {
    margin-top: 4ex;
    margin-bottom: 6ex;
}

/* -- css div popup -------------------------------------------------------- */
a.popup_link {
}

a.popup_link:hover {
    color: red;
}

.popup_window {
    display: none;
    overflow-x: scroll;
    /*border: solid #627173 1px; */
    padding: 10px;
    background-color: #E6E6D6;
    font-family: "Ubuntu Mono", "Lucida Console", "Courier New", monospace;
    text-align: left;
    font-size: 8pt;
}

}
/* -- report --------------------------------------------------------------- */
#show_detail_line {
    margin-top: 3ex;
    margin-bottom: 1ex;
}
#result_table {
    width: 100%;
    border-collapse: collapse;
    border: 1px solid #777;
}
#header_row {
    font-weight: bold;
    color: white;
    background-color: #777;
}
#result_table td {
    border: 1px solid #777;
    padding: 2px;
}
#total_row  { font-weight: bold; }
.passClass  { background-color: #6c6; }
.failClass  { background-color: #c60; }
.errorClass { background-color: #c00; }
.passCase   { color: #6c6; }
.failCase   { color: #c60; font-weight: bold; }
.errorCase  { color: #c00; font-weight: bold; }
.hiddenRow  { display: none; }
.testcase   { margin-left: 2em; }
td.testname {width: 40%}
td.small {width: 40px}

/* -- ending --------------------------------------------------------------- */
#ending {
}

</style>

</head>
<body>
<script language="javascript" type="text/javascript"><!--
output_list = Array();

/* level - 0:Summary; 1:Failed; 2:All */
function showCase(level) {
    trs = document.getElementsByTagName("tr");
    for (var i = 0; i < trs.length; i++) {
        tr = trs[i];
        id = tr.id;
        if (id.substr(0,2) == 'ft') {
            if (level < 1) {
                tr.className = 'hiddenRow';
            }
            else {
                tr.className = '';
            }
        }
        if (id.substr(0,2) == 'pt') {
            if (level > 1) {
                tr.className = '';
            }
            else {
                tr.className = 'hiddenRow';
            }
        }
    }
}


function showClassDetail(cid, count) {
    var id_list = Array(count);
    var toHide = 1;
    for (var i = 0; i < count; i++) {
        tid0 = 't' + cid.substr(1) + '.' + (i+1);
        tid = 'f' + tid0;
        tr = document.getElementById(tid);
        if (!tr) {
            tid = 'p' + tid0;
            tr = document.getElementById(tid);
        }
        id_list[i] = tid;
        if (tr.className) {
            toHide = 0;
        }
    }
    for (var i = 0; i < count; i++) {
        tid = id_list[i];
        if (toHide) {
            document.getElementById('div_'+tid).style.display = 'none'
            document.getElementById(tid).className = 'hiddenRow';
        }
        else {
            document.getElementById(tid).className = '';
        }
    }
}


function showTestDetail(div_id){
    var details_div = document.getElementById(div_id)
    var displayState = details_div.style.display
    // alert(displayState)
    if (displayState != 'block' ) {
        displayState = 'block'
        details_div.style.display = 'block'
    }
    else {
        details_div.style.display = 'none'
    }
}


function html_escape(s) {
    s = s.replace(/&/g,'&amp;');
    s = s.replace(/</g,'&lt;');
    s = s.replace(/>/g,'&gt;');
    return s;
}

/* obsoleted by detail in <div>
function showOutput(id, name) {
    var w = window.open("", //url
                    name,
                    "resizable,scrollbars,status,width=800,height=450");
    d = w.document;
    d.write("<pre>");
    d.write(html_escape(output_list[id]));
    d.write("\n");
    d.write("<a href='javascript:window.close()'>close</a>\n");
    d.write("</pre>\n");
    d.close();
}
*/
--></script>

<div class='heading'>
<h1>Unit Test Report</h1>

<p class='attribute'><strong>Status:</strong> Failure 8</p>

<p class='description'></p>
</div>



<p id='show_detail_line'>Show
<a href='javascript:showCase(0)'>Summary</a>
<a href='javascript:showCase(1)'>Failed</a>
<a href='javascript:showCase(2)'>All</a>
</p>
<table id='result_table'>
<colgroup>
<col align='left' />
<col align='right' />
<col align='right' />
<col align='right' />
<col align='right' />
<col align='right' />
<col align='right' />
<col align='right' />
</colgroup>
<tr id='header_row'>
    <td>Test Group/Test case</td>
    <td>Count</td>
    <td>Pass</td>
    <td>Fail</td>
    <td>Error</td>
    <td>Skip</td>
    <td>View</td>
    <td> </td>
</tr>

<tr class='failClass'>
    <td class="testname">tempest.scenario.test_network_v6.TestGettingAddress</td>
    <td class="small">8</td>
    <td class="small">0</td>
    <td class="small">8</td>
    <td class="small">0</td>
    <td class="small">0</td>
    <td class="small"><a href="javascript:showClassDetail('c1',8)"
>Detail</a></td>
    <td> </td>
</tr>

<tr id='ft1.1' class='none'>
    <td class='failCase'><div class='testcase'>test_dhcp6_stateless_from_os[compute,id-d7e1f858-187c-45a6-89c9-bdafde619a9f,network]</div></td>
    <td colspan='7' align='left'>

    <!--css div popup start-->
    <a class="popup_link" onfocus='this.blur();'
    href="javascript:showTestDetail('div_ft1.1')" >
        fail</a>

    <div id='div_ft1.1' class="popup_window">
        <div style='text-align: right; color:red;cursor:pointer'>
        <a onfocus='this.blur();'
onclick="document.getElementById('div_ft1.1').style.display = 'none' " >
           [x]</a>
        </div>
        <pre>
        
ft1.1: tempest.scenario.test_network_v6.TestGettingAddress.test_dhcp6_stateless_from_os[compute,id-d7e1f858-187c-45a6-89c9-bdafde619a9f,network]_StringException: Empty attachments:
  stderr
  stdout

pythonlogging:'': {{{
2015-12-26 08:41:16,445 21015 INFO     [tempest_lib.common.rest_client] Request (TestGettingAddress:setUp): 200 POST http://10.0.2.15:8774/v2.1/6bfc7ef9eb49492599078b9b4fd1d3f7/os-keypairs 0.495s
2015-12-26 08:41:16,446 21015 DEBUG    [tempest_lib.common.rest_client] Request - Headers: {'Content-Type': 'application/json', 'Accept': 'application/json', 'X-Auth-Token': '&lt;omitted&gt;'}
        Body: {"keypair": {"name": "tempest-TestGettingAddress-478427587"}}
    Response - Headers: {'status': '200', 'content-length': '2323', 'x-compute-request-id': 'req-87caf4c7-e1a8-46ef-8d8d-fb25e7c7a6c3', 'vary': 'X-OpenStack-Nova-API-Version', 'connection': 'close', 'x-openstack-nova-api-version': '2.1', 'date': 'Sat, 26 Dec 2015 08:41:16 GMT', 'content-type': 'application/json'}
        Body: {"keypair": {"public_key": "ssh-rsa AAAAB3NzaC1yc2EAAAADAQABAAABAQCnWq3uEXP3NatJU+jP7Gv5PtAWGh7/TR0ibhasZGn+VGiUZIX4cBHNc1pm2uibJv/PlQZuvNIyhc4BzDuYTAdW8U8LMP1qmyFy40GTPLOsYMI57YwrdHb8x0jX4kd9aiqsO0+ON8SKagN0QQFPAXfG+vXIwaLx4YUkHicPns7X4N7Y6ddiRPO9BTSor9hQo8Vd/IZgHWlOCrbO1cdpFtK0eZoi+YV+d0NKGeGyOBMkhC1fn7XBlRX+d9F1fhH6QqNPXMKlEe1QvWpSMSmCYbl/6vlMCu66yxUN6GQ5RtRIe45Rrns17QAx7GuYZiVO/e2eNaMwqohRb/xHDVMe+89t Generated-by-Nova", "private_key": "-----BEGIN RSA PRIVATE KEY-----\nMIIEqgIBAAKCAQEAp1qt7hFz9zWrSVPoz+xr+T7QFhoe/00dIm4WrGRp/lRolGSF\n+HARzXNaZtromyb/z5UGbrzSMoXOAcw7mEwHVvFPCzD9apshcuNBkzyzrGDCOe2M\nK3R2/MdI1+JHfWoqrDtPjjfEimoDdEEBTwF3xvr1yMGi8eGFJB4nD57O1+De2OnX\nYkTzvQU0qK/YUKPFXfyGYB1pTgq2ztXHaRbStHmaIvmFfndDShnhsjgTJIQtX5+1\nwZUV/nfRdX4R+kKjT1zCpRHtUL1qUjEpgmG5f+r5TAruussVDehkOUbUSHuOUa57\nNe0AMexrmGYlTv3tnjWjMKqIUW/8Rw1THvvPbQIDAQABAoIBABDV9YNqrBDljEq/\nLz+jmCUl5Ycjr5SdbF3nV06Wd3dHhJHRHw0kMRZLEYAha58YKEn4wwHm6vp8LYJO\nynwCwgZEFmCY2BWeb5oANLucMrMXtNJhDGXevI2nerOFJw393TcgbFtxTsth6OEM\nHRaWnjcdThaZLExLFLrScbmHj2V2Jy84xbcG4UXCeYRKO32N0/zK5UyTwqbhfM7W\nIRuYn4DsKycpdko3duvqIo4pWsn1PtNf+LTyE/KEK4ToRLJpvMRuvpAzdCmRqRHk\n5JGiDK7rWHZcE+lJFgpY3JtUKQ+yaovkhuJ7TIKX00NdNFavb9xyhuTrE/l7O4SI\nHszicH0CggCBAM0F7yu6Vwk3I+7mRqt8yWkPlm1ypXWTbWhDPjuMAqLStyUpFQEB\ner9R86ZW3czSgwnc6KsojxB5gJXKfV++GjwdwVF9oD0jcOv6SMgcuBCy1S6uRMp/\n/XGOOaHQi2Ezv6baKYIjknVgfOfptKC50iQR7utNzAgDdoEO8eqOdNoHAoIAgQDQ\n9w2VLobQNfrFv8e7fmqqy2Tj3maMOYCfzUsOJU+1Rv/rn/q/wPxQ5PcxDj3ajrtV\nHCziabMCWeZXT69dXfYI6QQMM10sHlFShc4dMV/zFRK1iydl1jKBAHGRDMtG0kdo\nVBq+yfgcZHfeQ2P84SEgfZ9j/4asjEmCD+7bzxw96wKCAIEAiPc77pSP7KIfqUvB\nTnMRAtTdA8UhcEjLQGobuyAv6qKmo3ash317iTCweyFxD5Ja5E3mSeHQoYrqMieS\nVlHjqOGf8lbgo7d3is4rrTQya0VtUcAuSLH0mNYQ/l8Znhg6IreAH2awQyXwi+X/\nO5ioIFyyphPVCE1374QSbUY6HiUCggCBAMa+8tA8nERT0ttZ+CG/rrwbDy4bTPV5\ni3hxzTz7B8CmcqosUlUmu9REsUabAQFqV4ovbhE57uQBlS7dvzDSOTtoRE1GXQul\nGjuev9bMKzILjOvWGfalrws63MjUnlIRlZEIzRdBCRYYCFoBRowxo0w/ruVxFynt\nk8x8UvYFGhtZAoIAgQCi0bz1D/yMhGTV4QQNrOkpnoIfjCE6s72mqvoDcRWQfQ3l\ndBcoLW6r5jqNbfEBGahYsJ//bU7LxnLCi4XHjA+weWiPE5JldmqVz0fyzvkckqVK\nMyLR7Q/ZuIfp+IOF8FZBK6F9Y/smnNOGIuCg/TPomgHJr2b9WEiiYKFulkeWFQ==\n-----END RSA PRIVATE KEY-----\n", "user_id": "383723ef208e4b3b87786916ec0eef27", "name": "tempest-TestGettingAddress-478427587", "fingerprint": "18:ea:60:40:95:b1:b1:87:67:29:92:a5:d8:3a:f6:75"}}
2015-12-26 08:41:16,831 21015 INFO     [tempest_lib.common.rest_client] Request (TestGettingAddress:setUp): 201 POST http://10.0.2.15:9696/v2.0/security-groups 0.380s
2015-12-26 08:41:16,832 21015 DEBUG    [tempest_lib.common.rest_client] Request - Headers: {'Content-Type': 'application/json', 'Accept': 'application/json', 'X-Auth-Token': '&lt;omitted&gt;'}
        Body: {"security_group": {"tenant_id": "6bfc7ef9eb49492599078b9b4fd1d3f7", "description": "tempest-secgroup-smoke-1194084256 description", "name": "tempest-secgroup-smoke-1194084256"}}
    Response - Headers: {'status': '201', 'content-length': '888', 'connection': 'close', 'date': 'Sat, 26 Dec 2015 08:41:16 GMT', 'content-type': 'application/json; charset=UTF-8', 'x-openstack-request-id': 'req-01d032c5-025d-436b-8479-68da977ee74d'}
        Body: {"security_group": {"tenant_id": "6bfc7ef9eb49492599078b9b4fd1d3f7", "description": "tempest-secgroup-smoke-1194084256 description", "id": "f23f47fc-c950-46ad-b1fd-01783134b158", "security_group_rules": [{"remote_group_id": null, "direction": "egress", "remote_ip_prefix": null, "protocol": null, "ethertype": "IPv4", "tenant_id": "6bfc7ef9eb49492599078b9b4fd1d3f7", "port_range_max": null, "port_range_min": null, "id": "b6110c40-2e30-418d-9c4d-d27095fe82f4", "security_group_id": "f23f47fc-c950-46ad-b1fd-01783134b158"}, {"remote_group_id": null, "direction": "egress", "remote_ip_prefix": null, "protocol": null, "ethertype": "IPv6", "tenant_id": "6bfc7ef9eb49492599078b9b4fd1d3f7", "port_range_max": null, "port_range_min": null, "id": "4e2e4766-1dbd-40cf-bf6f-d03f7f2eaa8e", "security_group_id": "f23f47fc-c950-46ad-b1fd-01783134b158"}], "name": "tempest-secgroup-smoke-1194084256"}}
2015-12-26 08:41:16,965 21015 INFO     [tempest_lib.common.rest_client] Request (TestGettingAddress:setUp): 201 POST http://10.0.2.15:9696/v2.0/security-group-rules 0.131s
2015-12-26 08:41:16,965 21015 DEBUG    [tempest_lib.common.rest_client] Request - Headers: {'Content-Type': 'application/json', 'Accept': 'application/json', 'X-Auth-Token': '&lt;omitted&gt;'}
        Body: {"security_group_rule": {"direction": "ingress", "protocol": "tcp", "tenant_id": "6bfc7ef9eb49492599078b9b4fd1d3f7", "port_range_max": 22, "security_group_id": "f23f47fc-c950-46ad-b1fd-01783134b158", "port_range_min": 22}}
    Response - Headers: {'status': '201', 'content-length': '340', 'connection': 'close', 'date': 'Sat, 26 Dec 2015 08:41:16 GMT', 'content-type': 'application/json; charset=UTF-8', 'x-openstack-request-id': 'req-2903b2ca-f1b9-497d-acc1-d012eb7b7ace'}
        Body: {"security_group_rule": {"remote_group_id": null, "direction": "ingress", "remote_ip_prefix": null, "protocol": "tcp", "ethertype": "IPv4", "tenant_id": "6bfc7ef9eb49492599078b9b4fd1d3f7", "port_range_max": 22, "port_range_min": 22, "id": "c9fd8a08-8e70-4681-b236-c23a3cf7793c", "security_group_id": "f23f47fc-c950-46ad-b1fd-01783134b158"}}
2015-12-26 08:41:17,083 21015 INFO     [tempest_lib.common.rest_client] Request (TestGettingAddress:setUp): 201 POST http://10.0.2.15:9696/v2.0/security-group-rules 0.116s
2015-12-26 08:41:17,084 21015 DEBUG    [tempest_lib.common.rest_client] Request - Headers: {'Content-Type': 'application/json', 'Accept': 'application/json', 'X-Auth-Token': '&lt;omitted&gt;'}
        Body: {"security_group_rule": {"direction": "egress", "protocol": "tcp", "tenant_id": "6bfc7ef9eb49492599078b9b4fd1d3f7", "port_range_max": 22, "security_group_id": "f23f47fc-c950-46ad-b1fd-01783134b158", "port_range_min": 22}}
    Response - Headers: {'status': '201', 'content-length': '339', 'connection': 'close', 'date': 'Sat, 26 Dec 2015 08:41:17 GMT', 'content-type': 'application/json; charset=UTF-8', 'x-openstack-request-id': 'req-6efbb048-ca38-4348-acfa-56881d32923e'}
        Body: {"security_group_rule": {"remote_group_id": null, "direction": "egress", "remote_ip_prefix": null, "protocol": "tcp", "ethertype": "IPv4", "tenant_id": "6bfc7ef9eb49492599078b9b4fd1d3f7", "port_range_max": 22, "port_range_min": 22, "id": "34f45a60-ea23-4a35-951e-7f1678041b4a", "security_group_id": "f23f47fc-c950-46ad-b1fd-01783134b158"}}
2015-12-26 08:41:17,209 21015 INFO     [tempest_lib.common.rest_client] Request (TestGettingAddress:setUp): 201 POST http://10.0.2.15:9696/v2.0/security-group-rules 0.125s
2015-12-26 08:41:17,210 21015 DEBUG    [tempest_lib.common.rest_client] Request - Headers: {'Content-Type': 'application/json', 'Accept': 'application/json', 'X-Auth-Token': '&lt;omitted&gt;'}
        Body: {"security_group_rule": {"tenant_id": "6bfc7ef9eb49492599078b9b4fd1d3f7", "direction": "ingress", "protocol": "icmp", "security_group_id": "f23f47fc-c950-46ad-b1fd-01783134b158"}}
    Response - Headers: {'status': '201', 'content-length': '345', 'connection': 'close', 'date': 'Sat, 26 Dec 2015 08:41:17 GMT', 'content-type': 'application/json; charset=UTF-8', 'x-openstack-request-id': 'req-d517c023-766a-4524-a1ef-b3d75311773b'}
        Body: {"security_group_rule": {"remote_group_id": null, "direction": "ingress", "remote_ip_prefix": null, "protocol": "icmp", "ethertype": "IPv4", "tenant_id": "6bfc7ef9eb49492599078b9b4fd1d3f7", "port_range_max": null, "port_range_min": null, "id": "285d31ad-aacb-4060-94b3-d134d20682bf", "security_group_id": "f23f47fc-c950-46ad-b1fd-01783134b158"}}
2015-12-26 08:41:17,349 21015 INFO     [tempest_lib.common.rest_client] Request (TestGettingAddress:setUp): 201 POST http://10.0.2.15:9696/v2.0/security-group-rules 0.138s
2015-12-26 08:41:17,349 21015 DEBUG    [tempest_lib.common.rest_client] Request - Headers: {'Content-Type': 'application/json', 'Accept': 'application/json', 'X-Auth-Token': '&lt;omitted&gt;'}
        Body: {"security_group_rule": {"tenant_id": "6bfc7ef9eb49492599078b9b4fd1d3f7", "direction": "egress", "protocol": "icmp", "security_group_id": "f23f47fc-c950-46ad-b1fd-01783134b158"}}
    Response - Headers: {'status': '201', 'content-length': '344', 'connection': 'close', 'date': 'Sat, 26 Dec 2015 08:41:17 GMT', 'content-type': 'application/json; charset=UTF-8', 'x-openstack-request-id': 'req-8784b831-187e-43d9-ab77-a4f47d66d13d'}
        Body: {"security_group_rule": {"remote_group_id": null, "direction": "egress", "remote_ip_prefix": null, "protocol": "icmp", "ethertype": "IPv4", "tenant_id": "6bfc7ef9eb49492599078b9b4fd1d3f7", "port_range_max": null, "port_range_min": null, "id": "b4b9f286-c77a-48a1-8663-f290ac9f97e8", "security_group_id": "f23f47fc-c950-46ad-b1fd-01783134b158"}}
2015-12-26 08:41:17,463 21015 INFO     [tempest_lib.common.rest_client] Request (TestGettingAddress:setUp): 201 POST http://10.0.2.15:9696/v2.0/security-group-rules 0.113s
2015-12-26 08:41:17,464 21015 DEBUG    [tempest_lib.common.rest_client] Request - Headers: {'Content-Type': 'application/json', 'Accept': 'application/json', 'X-Auth-Token': '&lt;omitted&gt;'}
        Body: {"security_group_rule": {"tenant_id": "6bfc7ef9eb49492599078b9b4fd1d3f7", "direction": "ingress", "security_group_id": "f23f47fc-c950-46ad-b1fd-01783134b158", "protocol": "icmp", "ethertype": "IPv6"}}
    Response - Headers: {'status': '201', 'content-length': '345', 'connection': 'close', 'date': 'Sat, 26 Dec 2015 08:41:17 GMT', 'content-type': 'application/json; charset=UTF-8', 'x-openstack-request-id': 'req-0db8b2e3-ed48-4c9f-831a-dc9a3c9a0ada'}
        Body: {"security_group_rule": {"remote_group_id": null, "direction": "ingress", "remote_ip_prefix": null, "protocol": "icmp", "ethertype": "IPv6", "tenant_id": "6bfc7ef9eb49492599078b9b4fd1d3f7", "port_range_max": null, "port_range_min": null, "id": "86b6ab86-33e0-44c0-8738-879ec07bfc6d", "security_group_id": "f23f47fc-c950-46ad-b1fd-01783134b158"}}
2015-12-26 08:41:17,745 21015 INFO     [tempest_lib.common.rest_client] Request (TestGettingAddress:setUp): 201 POST http://10.0.2.15:9696/v2.0/security-group-rules 0.279s
2015-12-26 08:41:17,746 21015 DEBUG    [tempest_lib.common.rest_client] Request - Headers: {'Content-Type': 'application/json', 'Accept': 'application/json', 'X-Auth-Token': '&lt;omitted&gt;'}
        Body: {"security_group_rule": {"tenant_id": "6bfc7ef9eb49492599078b9b4fd1d3f7", "direction": "egress", "security_group_id": "f23f47fc-c950-46ad-b1fd-01783134b158", "protocol": "icmp", "ethertype": "IPv6"}}
    Response - Headers: {'status': '201', 'content-length': '344', 'connection': 'close', 'date': 'Sat, 26 Dec 2015 08:41:17 GMT', 'content-type': 'application/json; charset=UTF-8', 'x-openstack-request-id': 'req-bf432ca5-7467-45f6-b717-5d2c59349e6d'}
        Body: {"security_group_rule": {"remote_group_id": null, "direction": "egress", "remote_ip_prefix": null, "protocol": "icmp", "ethertype": "IPv6", "tenant_id": "6bfc7ef9eb49492599078b9b4fd1d3f7", "port_range_max": null, "port_range_min": null, "id": "65fe06e7-36ab-453c-88fd-0019b4b71397", "security_group_id": "f23f47fc-c950-46ad-b1fd-01783134b158"}}
2015-12-26 08:41:17,937 21015 INFO     [tempest_lib.common.rest_client] Request (TestGettingAddress:test_dhcp6_stateless_from_os): 201 POST http://10.0.2.15:9696/v2.0/networks 0.189s
2015-12-26 08:41:17,937 21015 DEBUG    [tempest_lib.common.rest_client] Request - Headers: {'Content-Type': 'application/json', 'Accept': 'application/json', 'X-Auth-Token': '&lt;omitted&gt;'}
        Body: {"network": {"tenant_id": "6bfc7ef9eb49492599078b9b4fd1d3f7", "name": "tempest-network-smoke--1412375264"}}
    Response - Headers: {'status': '201', 'content-length': '327', 'connection': 'close', 'date': 'Sat, 26 Dec 2015 08:41:17 GMT', 'content-type': 'application/json; charset=UTF-8', 'x-openstack-request-id': 'req-91682537-13cf-4a35-9188-a3d166bef291'}
        Body: {"network": {"status": "ACTIVE", "subnets": [], "availability_zone_hints": [], "name": "tempest-network-smoke--1412375264", "admin_state_up": true, "tenant_id": "6bfc7ef9eb49492599078b9b4fd1d3f7", "mtu": 0, "router:external": false, "shared": false, "port_security_enabled": true, "id": "49dd7482-6b15-4d99-bcdf-125a5bd33ac2"}}
2015-12-26 08:41:18,131 21015 INFO     [tempest_lib.common.rest_client] Request (TestGettingAddress:test_dhcp6_stateless_from_os): 200 GET http://10.0.2.15:9696/v2.0/subnets?tenant_id=6bfc7ef9eb49492599078b9b4fd1d3f7&amp;cidr=10.100.0.0%2F28 0.192s
2015-12-26 08:41:18,132 21015 DEBUG    [tempest_lib.common.rest_client] Request - Headers: {'Content-Type': 'application/json', 'Accept': 'application/json', 'X-Auth-Token': '&lt;omitted&gt;'}
        Body: None
    Response - Headers: {'status': '200', 'content-length': '15', 'content-location': 'http://10.0.2.15:9696/v2.0/subnets?tenant_id=6bfc7ef9eb49492599078b9b4fd1d3f7&amp;cidr=10.100.0.0%2F28', 'connection': 'close', 'date': 'Sat, 26 Dec 2015 08:41:18 GMT', 'content-type': 'application/json; charset=UTF-8', 'x-openstack-request-id': 'req-89eaeb7e-ab6e-4703-8531-62976eea9f23'}
        Body: {"subnets": []}
2015-12-26 08:41:18,518 21015 INFO     [tempest_lib.common.rest_client] Request (TestGettingAddress:test_dhcp6_stateless_from_os): 201 POST http://10.0.2.15:9696/v2.0/subnets 0.385s
2015-12-26 08:41:18,519 21015 DEBUG    [tempest_lib.common.rest_client] Request - Headers: {'Content-Type': 'application/json', 'Accept': 'application/json', 'X-Auth-Token': '&lt;omitted&gt;'}
        Body: {"subnet": {"ip_version": 4, "tenant_id": "6bfc7ef9eb49492599078b9b4fd1d3f7", "cidr": "10.100.0.0/28", "network_id": "49dd7482-6b15-4d99-bcdf-125a5bd33ac2", "name": "tempest-sub4-1692314183"}}
    Response - Headers: {'status': '201', 'content-length': '470', 'connection': 'close', 'date': 'Sat, 26 Dec 2015 08:41:18 GMT', 'content-type': 'application/json; charset=UTF-8', 'x-openstack-request-id': 'req-52ec0574-d024-423d-9f99-d2a485db27aa'}
        Body: {"subnet": {"name": "tempest-sub4-1692314183", "enable_dhcp": true, "network_id": "49dd7482-6b15-4d99-bcdf-125a5bd33ac2", "tenant_id": "6bfc7ef9eb49492599078b9b4fd1d3f7", "dns_nameservers": [], "gateway_ip": "10.100.0.1", "ipv6_ra_mode": null, "allocation_pools": [{"start": "10.100.0.2", "end": "10.100.0.14"}], "host_routes": [], "ip_version": 4, "ipv6_address_mode": null, "cidr": "10.100.0.0/28", "id": "221e20c2-2e04-4a9e-962e-0f63b9fac23f", "subnetpool_id": null}}
2015-12-26 08:41:18,586 21015 INFO     [tempest_lib.common.rest_client] Request (TestGettingAddress:test_dhcp6_stateless_from_os): 201 POST http://10.0.2.15:9696/v2.0/routers 0.066s
2015-12-26 08:41:18,587 21015 DEBUG    [tempest_lib.common.rest_client] Request - Headers: {'Content-Type': 'application/json', 'Accept': 'application/json', 'X-Auth-Token': '&lt;omitted&gt;'}
        Body: {"router": {"tenant_id": "6bfc7ef9eb49492599078b9b4fd1d3f7", "name": "tempest-router-smoke-1589020125", "admin_state_up": true}}
    Response - Headers: {'status': '201', 'content-length': '296', 'connection': 'close', 'date': 'Sat, 26 Dec 2015 08:41:18 GMT', 'content-type': 'application/json; charset=UTF-8', 'x-openstack-request-id': 'req-cf5620d8-d0d6-43eb-aeaf-d686ab2f01ab'}
        Body: {"router": {"status": "ACTIVE", "external_gateway_info": null, "availability_zone_hints": [], "availability_zones": [], "name": "tempest-router-smoke-1589020125", "admin_state_up": true, "tenant_id": "6bfc7ef9eb49492599078b9b4fd1d3f7", "routes": [], "id": "82fbec5a-d626-4def-9fa5-11991ddcd759"}}
2015-12-26 08:41:18,646 21015 INFO     [tempest_lib.common.rest_client] Request (TestGettingAddress:test_dhcp6_stateless_from_os): 200 GET http://10.0.2.15:9696/v2.0/routers/82fbec5a-d626-4def-9fa5-11991ddcd759 0.058s
2015-12-26 08:41:18,647 21015 DEBUG    [tempest_lib.common.rest_client] Request - Headers: {'Content-Type': 'application/json', 'Accept': 'application/json', 'X-Auth-Token': '&lt;omitted&gt;'}
        Body: None
    Response - Headers: {'status': '200', 'content-length': '296', 'content-location': 'http://10.0.2.15:9696/v2.0/routers/82fbec5a-d626-4def-9fa5-11991ddcd759', 'connection': 'close', 'date': 'Sat, 26 Dec 2015 08:41:18 GMT', 'content-type': 'application/json; charset=UTF-8', 'x-openstack-request-id': 'req-931dc353-3231-4247-a21a-f5fb8f183dae'}
        Body: {"router": {"status": "ACTIVE", "external_gateway_info": null, "availability_zone_hints": [], "availability_zones": [], "name": "tempest-router-smoke-1589020125", "admin_state_up": true, "tenant_id": "6bfc7ef9eb49492599078b9b4fd1d3f7", "routes": [], "id": "82fbec5a-d626-4def-9fa5-11991ddcd759"}}
2015-12-26 08:41:19,430 21015 INFO     [tempest_lib.common.rest_client] Request (TestGettingAddress:test_dhcp6_stateless_from_os): 200 PUT http://10.0.2.15:9696/v2.0/routers/82fbec5a-d626-4def-9fa5-11991ddcd759 0.782s
2015-12-26 08:41:19,430 21015 DEBUG    [tempest_lib.common.rest_client] Request - Headers: {'Content-Type': 'application/json', 'Accept': 'application/json', 'X-Auth-Token': '&lt;omitted&gt;'}
        Body: {"router": {"external_gateway_info": {"network_id": "bae659fe-8e85-4b76-84fc-ebd32cbb30f8"}, "name": "tempest-router-smoke-1589020125", "admin_state_up": true}}
    Response - Headers: {'status': '200', 'content-length': '558', 'connection': 'close', 'date': 'Sat, 26 Dec 2015 08:41:19 GMT', 'content-type': 'application/json; charset=UTF-8', 'x-openstack-request-id': 'req-005cd9bf-baa3-408a-a726-b36f3b6ac556'}
        Body: {"router": {"status": "ACTIVE", "external_gateway_info": {"network_id": "bae659fe-8e85-4b76-84fc-ebd32cbb30f8", "enable_snat": true, "external_fixed_ips": [{"subnet_id": "49c305cc-fd4c-41c1-aa6c-ae41d54908c5", "ip_address": "172.24.4.3"}, {"subnet_id": "6e668f22-4964-41ee-8407-ef993331c3a5", "ip_address": "2001:db8::3"}]}, "availability_zone_hints": [], "availability_zones": [], "name": "tempest-router-smoke-1589020125", "admin_state_up": true, "tenant_id": "6bfc7ef9eb49492599078b9b4fd1d3f7", "routes": [], "id": "82fbec5a-d626-4def-9fa5-11991ddcd759"}}
2015-12-26 08:41:20,019 21015 INFO     [tempest_lib.common.rest_client] Request (TestGettingAddress:test_dhcp6_stateless_from_os): 200 PUT http://10.0.2.15:9696/v2.0/routers/82fbec5a-d626-4def-9fa5-11991ddcd759/add_router_interface 0.587s
2015-12-26 08:41:20,019 21015 DEBUG    [tempest_lib.common.rest_client] Request - Headers: {'Content-Type': 'application/json', 'Accept': 'application/json', 'X-Auth-Token': '&lt;omitted&gt;'}
        Body: {"subnet_id": "221e20c2-2e04-4a9e-962e-0f63b9fac23f"}
    Response - Headers: {'status': '200', 'content-length': '255', 'connection': 'close', 'date': 'Sat, 26 Dec 2015 08:41:20 GMT', 'content-type': 'application/json; charset=UTF-8', 'x-openstack-request-id': 'req-ad1ab71d-def2-4da9-9652-faaf9f693b85'}
        Body: {"subnet_id": "221e20c2-2e04-4a9e-962e-0f63b9fac23f", "tenant_id": "6bfc7ef9eb49492599078b9b4fd1d3f7", "subnet_ids": ["221e20c2-2e04-4a9e-962e-0f63b9fac23f"], "port_id": "b02691a9-e4d6-4df2-ba43-7e9a71bbe205", "id": "82fbec5a-d626-4def-9fa5-11991ddcd759"}
2015-12-26 08:41:20,067 21015 INFO     [tempest_lib.common.rest_client] Request (TestGettingAddress:test_dhcp6_stateless_from_os): 200 GET http://10.0.2.15:9696/v2.0/subnets?tenant_id=6bfc7ef9eb49492599078b9b4fd1d3f7&amp;cidr=2003%3A%3A%2F64 0.046s
2015-12-26 08:41:20,067 21015 DEBUG    [tempest_lib.common.rest_client] Request - Headers: {'Content-Type': 'application/json', 'Accept': 'application/json', 'X-Auth-Token': '&lt;omitted&gt;'}
        Body: None
    Response - Headers: {'status': '200', 'content-length': '15', 'content-location': 'http://10.0.2.15:9696/v2.0/subnets?tenant_id=6bfc7ef9eb49492599078b9b4fd1d3f7&amp;cidr=2003%3A%3A%2F64', 'connection': 'close', 'date': 'Sat, 26 Dec 2015 08:41:20 GMT', 'content-type': 'application/json; charset=UTF-8', 'x-openstack-request-id': 'req-bce673e0-3202-4ab9-9942-ebad59807c79'}
        Body: {"subnets": []}
2015-12-26 08:41:20,509 21015 INFO     [tempest_lib.common.rest_client] Request (TestGettingAddress:test_dhcp6_stateless_from_os): 201 POST http://10.0.2.15:9696/v2.0/subnets 0.441s
2015-12-26 08:41:20,510 21015 DEBUG    [tempest_lib.common.rest_client] Request - Headers: {'Content-Type': 'application/json', 'Accept': 'application/json', 'X-Auth-Token': '&lt;omitted&gt;'}
        Body: {"subnet": {"name": "tempest-sub6-992759231", "network_id": "49dd7482-6b15-4d99-bcdf-125a5bd33ac2", "tenant_id": "6bfc7ef9eb49492599078b9b4fd1d3f7", "ipv6_ra_mode": "dhcpv6-stateless", "ip_version": 6, "ipv6_address_mode": "dhcpv6-stateless", "cidr": "2003::/64"}}
    Response - Headers: {'status': '201', 'content-length': '501', 'connection': 'close', 'date': 'Sat, 26 Dec 2015 08:41:20 GMT', 'content-type': 'application/json; charset=UTF-8', 'x-openstack-request-id': 'req-47ad9bf3-c657-4564-8738-0157e845bb53'}
        Body: {"subnet": {"name": "tempest-sub6-992759231", "enable_dhcp": true, "network_id": "49dd7482-6b15-4d99-bcdf-125a5bd33ac2", "tenant_id": "6bfc7ef9eb49492599078b9b4fd1d3f7", "dns_nameservers": [], "gateway_ip": "2003::1", "ipv6_ra_mode": "dhcpv6-stateless", "allocation_pools": [{"start": "2003::2", "end": "2003::ffff:ffff:ffff:ffff"}], "host_routes": [], "ip_version": 6, "ipv6_address_mode": "dhcpv6-stateless", "cidr": "2003::/64", "id": "0466d46b-195c-4d2d-8aed-551580522051", "subnetpool_id": null}}
2015-12-26 08:41:21,162 21015 INFO     [tempest_lib.common.rest_client] Request (TestGettingAddress:test_dhcp6_stateless_from_os): 200 PUT http://10.0.2.15:9696/v2.0/routers/82fbec5a-d626-4def-9fa5-11991ddcd759/add_router_interface 0.651s
2015-12-26 08:41:21,162 21015 DEBUG    [tempest_lib.common.rest_client] Request - Headers: {'Content-Type': 'application/json', 'Accept': 'application/json', 'X-Auth-Token': '&lt;omitted&gt;'}
        Body: {"subnet_id": "0466d46b-195c-4d2d-8aed-551580522051"}
    Response - Headers: {'status': '200', 'content-length': '255', 'connection': 'close', 'date': 'Sat, 26 Dec 2015 08:41:21 GMT', 'content-type': 'application/json; charset=UTF-8', 'x-openstack-request-id': 'req-24be5659-6363-49e9-baa2-ba235390d4d0'}
        Body: {"subnet_id": "0466d46b-195c-4d2d-8aed-551580522051", "tenant_id": "6bfc7ef9eb49492599078b9b4fd1d3f7", "subnet_ids": ["0466d46b-195c-4d2d-8aed-551580522051"], "port_id": "94423dde-690d-4ed1-86be-d39fdca5bf6b", "id": "82fbec5a-d626-4def-9fa5-11991ddcd759"}
2015-12-26 08:41:21,316 21015 INFO     [tempest_lib.common.rest_client] Request (TestGettingAddress:test_dhcp6_stateless_from_os): 200 POST http://10.0.2.15:5000/v2.0/tokens
2015-12-26 08:41:21,317 21015 DEBUG    [tempest_lib.common.rest_client] Request - Headers: {'Content-Type': 'application/json', 'Accept': 'application/json'}
        Body: &lt;omitted&gt;
    Response - Headers: {'status': '200', 'content-length': '2524', 'vary': 'X-Auth-Token', 'server': 'Apache/2.4.7 (Ubuntu)', 'connection': 'close', 'date': 'Sat, 26 Dec 2015 08:41:21 GMT', 'content-type': 'application/json', 'x-openstack-request-id': 'req-64bade59-c24f-49ab-b951-d47d5e8a57c8'}
        Body: {"access": {"token": {"issued_at": "2015-12-26T08:41:21.302316", "expires": "2015-12-26T09:41:21Z", "id": "a47d2fab42a942329be14617b0398601", "tenant": {"description": "tempest-TestGettingAddress-708678032-desc", "enabled": true, "id": "6bfc7ef9eb49492599078b9b4fd1d3f7", "name": "tempest-TestGettingAddress-708678032"}, "audit_ids": ["DWd1sI2RT52crgkhFs0vlQ"]}, "serviceCatalog": [{"endpoints": [{"adminURL": "http://10.0.2.15:8774/v2.1/6bfc7ef9eb49492599078b9b4fd1d3f7", "region": "RegionOne", "internalURL": "http://10.0.2.15:8774/v2.1/6bfc7ef9eb49492599078b9b4fd1d3f7", "id": "847e1cc391c244ccb921847afcf3962f", "publicURL": "http://10.0.2.15:8774/v2.1/6bfc7ef9eb49492599078b9b4fd1d3f7"}], "endpoints_links": [], "type": "compute", "name": "nova"}, {"endpoints": [{"adminURL": "http://10.0.2.15:9696/", "region": "RegionOne", "internalURL": "http://10.0.2.15:9696/", "id": "41dbcbf7d5a0491f9aa6230a34caff95", "publicURL": "http://10.0.2.15:9696/"}], "endpoints_links": [], "type": "network", "name": "neutron"}, {"endpoints": [{"adminURL": "http://10.0.2.15:9292", "region": "RegionOne", "internalURL": "http://10.0.2.15:9292", "id": "2f418b5c424949c5b4456c117bb80472", "publicURL": "http://10.0.2.15:9292"}], "endpoints_links": [], "type": "image", "name": "glance"}, {"endpoints": [{"adminURL": "http://10.0.2.15:8774/v2/6bfc7ef9eb49492599078b9b4fd1d3f7", "region": "RegionOne", "internalURL": "http://10.0.2.15:8774/v2/6bfc7ef9eb49492599078b9b4fd1d3f7", "id": "07f541528f354f6a863dc1430c7efae6", "publicURL": "http://10.0.2.15:8774/v2/6bfc7ef9eb49492599078b9b4fd1d3f7"}], "endpoints_links": [], "type": "compute_legacy", "name": "nova_legacy"}, {"endpoints": [{"adminURL": "http://10.0.2.15:8773/", "region": "RegionOne", "internalURL": "http://10.0.2.15:8773/", "id": "4a9b443ee2524940a6c646facd2161c5", "publicURL": "http://10.0.2.15:8773/"}], "endpoints_links": [], "type": "ec2", "name": "ec2"}, {"endpoints": [{"adminURL": "http://10.0.2.15:35357/v2.0", "region": "RegionOne", "internalURL": "http://10.0.2.15:5000/v2.0", "id": "45bc647231634eb1a8697c96eb587897", "publicURL": "http://10.0.2.15:5000/v2.0"}], "endpoints_links": [], "type": "identity", "name": "keystone"}], "user": {"username": "tempest-TestGettingAddress-1085270435", "roles_links": [], "id": "383723ef208e4b3b87786916ec0eef27", "roles": [{"name": "_member_"}, {"name": "Member"}], "name": "tempest-TestGettingAddress-1085270435"}, "metadata": {"is_admin": 0, "roles": ["9fe2ff9ee4384b1894a90878d3e92bab", "885f260f63d54d13857b6dc3d468d3c0"]}}}
2015-12-26 08:41:21,325 21015 DEBUG    [tempest.common.fixed_network] (TestGettingAddress:test_dhcp6_stateless_from_os) No valid network provided or created, defaulting to fixed_network_name
2015-12-26 08:41:21,689 21015 INFO     [tempest_lib.common.rest_client] Request (TestGettingAddress:test_dhcp6_stateless_from_os): 200 GET http://10.0.2.15:8774/v2.1/6bfc7ef9eb49492599078b9b4fd1d3f7/os-networks 0.363s
2015-12-26 08:41:21,689 21015 DEBUG    [tempest_lib.common.rest_client] Request - Headers: {'Content-Type': 'application/json', 'Accept': 'application/json', 'X-Auth-Token': '&lt;omitted&gt;'}
        Body: None
    Response - Headers: {'status': '200', 'content-length': '479', 'content-location': 'http://10.0.2.15:8774/v2.1/6bfc7ef9eb49492599078b9b4fd1d3f7/os-networks', 'x-compute-request-id': 'req-ee6e0c76-a4ee-45d4-9a59-0060e9616555', 'vary': 'X-OpenStack-Nova-API-Version', 'connection': 'close', 'x-openstack-nova-api-version': '2.1', 'date': 'Sat, 26 Dec 2015 08:41:21 GMT', 'content-type': 'application/json'}
        Body: {"networks": [{"cidr_v6": null, "dns2": null, "dns1": null, "gateway": null, "broadcast": null, "netmask": null, "gateway_v6": null, "cidr": null, "label": "public", "id": "bae659fe-8e85-4b76-84fc-ebd32cbb30f8", "netmask_v6": null}, {"cidr_v6": null, "dns2": null, "dns1": null, "gateway": null, "broadcast": null, "netmask": null, "gateway_v6": null, "cidr": null, "label": "tempest-network-smoke--1412375264", "id": "49dd7482-6b15-4d99-bcdf-125a5bd33ac2", "netmask_v6": null}]}
2015-12-26 08:41:21,689 21015 WARNING  [tempest.common.fixed_network] (TestGettingAddress:test_dhcp6_stateless_from_os) Network with name: private not found
2015-12-26 08:41:21,690 21015 INFO     [tempest.common.fixed_network] (TestGettingAddress:test_dhcp6_stateless_from_os) Found network {} available for tenant
2015-12-26 08:41:23,000 21015 INFO     [tempest_lib.common.rest_client] Request (TestGettingAddress:test_dhcp6_stateless_from_os): 202 POST http://10.0.2.15:8774/v2.1/6bfc7ef9eb49492599078b9b4fd1d3f7/servers 1.310s
2015-12-26 08:41:23,001 21015 DEBUG    [tempest_lib.common.rest_client] Request - Headers: {'Content-Type': 'application/json', 'Accept': 'application/json', 'X-Auth-Token': '&lt;omitted&gt;'}
        Body: {"server": {"name": "tempest.common.compute-instance-325558032", "imageRef": "c4f5d415-d34e-4330-8fdc-b5869c44f980", "key_name": "tempest-TestGettingAddress-478427587", "flavorRef": "42", "networks": [{"uuid": "49dd7482-6b15-4d99-bcdf-125a5bd33ac2"}], "security_groups": [{"name": "tempest-secgroup-smoke-1194084256"}]}}
    Response - Headers: {'status': '202', 'content-length': '462', 'x-compute-request-id': 'req-6363e203-9338-42a1-80b5-a7cad9711ed2', 'vary': 'X-OpenStack-Nova-API-Version', 'connection': 'close', 'location': 'http://10.0.2.15:8774/v2.1/6bfc7ef9eb49492599078b9b4fd1d3f7/servers/7ed57db1-d87c-4da3-b15e-a460db6d8444', 'x-openstack-nova-api-version': '2.1', 'date': 'Sat, 26 Dec 2015 08:41:22 GMT', 'content-type': 'application/json'}
        Body: {"server": {"security_groups": [{"name": "tempest-secgroup-smoke-1194084256"}], "OS-DCF:diskConfig": "MANUAL", "id": "7ed57db1-d87c-4da3-b15e-a460db6d8444", "links": [{"href": "http://10.0.2.15:8774/v2.1/6bfc7ef9eb49492599078b9b4fd1d3f7/servers/7ed57db1-d87c-4da3-b15e-a460db6d8444", "rel": "self"}, {"href": "http://10.0.2.15:8774/6bfc7ef9eb49492599078b9b4fd1d3f7/servers/7ed57db1-d87c-4da3-b15e-a460db6d8444", "rel": "bookmark"}], "adminPass": "J8sFDoFyXw2F"}}
2015-12-26 08:41:23,153 21015 INFO     [tempest_lib.common.rest_client] Request (TestGettingAddress:test_dhcp6_stateless_from_os): 200 GET http://10.0.2.15:8774/v2.1/6bfc7ef9eb49492599078b9b4fd1d3f7/servers/7ed57db1-d87c-4da3-b15e-a460db6d8444 0.147s
2015-12-26 08:41:23,154 21015 DEBUG    [tempest_lib.common.rest_client] Request - Headers: {'Content-Type': 'application/json', 'Accept': 'application/json', 'X-Auth-Token': '&lt;omitted&gt;'}
        Body: None
    Response - Headers: {'status': '200', 'content-length': '1353', 'content-location': 'http://10.0.2.15:8774/v2.1/6bfc7ef9eb49492599078b9b4fd1d3f7/servers/7ed57db1-d87c-4da3-b15e-a460db6d8444', 'x-compute-request-id': 'req-c8da6519-0ca2-4bfe-9c04-5bc59d6d8f48', 'vary': 'X-OpenStack-Nova-API-Version', 'connection': 'close', 'x-openstack-nova-api-version': '2.1', 'date': 'Sat, 26 Dec 2015 08:41:23 GMT', 'content-type': 'application/json'}
        Body: {"server": {"status": "BUILD", "updated": "2015-12-26T08:41:23Z", "hostId": "", "addresses": {}, "links": [{"href": "http://10.0.2.15:8774/v2.1/6bfc7ef9eb49492599078b9b4fd1d3f7/servers/7ed57db1-d87c-4da3-b15e-a460db6d8444", "rel": "self"}, {"href": "http://10.0.2.15:8774/6bfc7ef9eb49492599078b9b4fd1d3f7/servers/7ed57db1-d87c-4da3-b15e-a460db6d8444", "rel": "bookmark"}], "key_name": "tempest-TestGettingAddress-478427587", "image": {"id": "c4f5d415-d34e-4330-8fdc-b5869c44f980", "links": [{"href": "http://10.0.2.15:8774/6bfc7ef9eb49492599078b9b4fd1d3f7/images/c4f5d415-d34e-4330-8fdc-b5869c44f980", "rel": "bookmark"}]}, "OS-EXT-STS:task_state": "scheduling", "OS-EXT-STS:vm_state": "building", "OS-SRV-USG:launched_at": null, "flavor": {"id": "42", "links": [{"href": "http://10.0.2.15:8774/6bfc7ef9eb49492599078b9b4fd1d3f7/flavors/42", "rel": "bookmark"}]}, "id": "7ed57db1-d87c-4da3-b15e-a460db6d8444", "OS-SRV-USG:terminated_at": null, "OS-EXT-AZ:availability_zone": "", "user_id": "383723ef208e4b3b87786916ec0eef27", "name": "tempest.common.compute-instance-325558032", "created": "2015-12-26T08:41:22Z", "tenant_id": "6bfc7ef9eb49492599078b9b4fd1d3f7", "OS-DCF:diskConfig": "MANUAL", "os-extended-volumes:volumes_attached": [], "accessIPv4": "", "accessIPv6": "", "progress": 0, "OS-EXT-STS:power_state": 0, "config_drive": "", "metadata": {}}}
2015-12-26 08:41:24,668 21015 INFO     [tempest_lib.common.rest_client] Request (TestGettingAddress:test_dhcp6_stateless_from_os): 200 GET http://10.0.2.15:8774/v2.1/6bfc7ef9eb49492599078b9b4fd1d3f7/servers/7ed57db1-d87c-4da3-b15e-a460db6d8444 0.504s
2015-12-26 08:41:24,669 21015 DEBUG    [tempest_lib.common.rest_client] Request - Headers: {'Content-Type': 'application/json', 'Accept': 'application/json', 'X-Auth-Token': '&lt;omitted&gt;'}
        Body: None
    Response - Headers: {'status': '200', 'content-length': '1479', 'content-location': 'http://10.0.2.15:8774/v2.1/6bfc7ef9eb49492599078b9b4fd1d3f7/servers/7ed57db1-d87c-4da3-b15e-a460db6d8444', 'x-compute-request-id': 'req-b56c14bf-f9a3-4486-a434-ded88c52ddbf', 'vary': 'X-OpenStack-Nova-API-Version', 'connection': 'close', 'x-openstack-nova-api-version': '2.1', 'date': 'Sat, 26 Dec 2015 08:41:24 GMT', 'content-type': 'application/json'}
        Body: {"server": {"status": "BUILD", "updated": "2015-12-26T08:41:24Z", "hostId": "dc8b7b202992611cea713d3eacd093a57ae58f7cdd086b1ab0d1407d", "addresses": {}, "links": [{"href": "http://10.0.2.15:8774/v2.1/6bfc7ef9eb49492599078b9b4fd1d3f7/servers/7ed57db1-d87c-4da3-b15e-a460db6d8444", "rel": "self"}, {"href": "http://10.0.2.15:8774/6bfc7ef9eb49492599078b9b4fd1d3f7/servers/7ed57db1-d87c-4da3-b15e-a460db6d8444", "rel": "bookmark"}], "key_name": "tempest-TestGettingAddress-478427587", "image": {"id": "c4f5d415-d34e-4330-8fdc-b5869c44f980", "links": [{"href": "http://10.0.2.15:8774/6bfc7ef9eb49492599078b9b4fd1d3f7/images/c4f5d415-d34e-4330-8fdc-b5869c44f980", "rel": "bookmark"}]}, "OS-EXT-STS:task_state": "spawning", "OS-EXT-STS:vm_state": "building", "OS-SRV-USG:launched_at": null, "flavor": {"id": "42", "links": [{"href": "http://10.0.2.15:8774/6bfc7ef9eb49492599078b9b4fd1d3f7/flavors/42", "rel": "bookmark"}]}, "id": "7ed57db1-d87c-4da3-b15e-a460db6d8444", "security_groups": [{"name": "tempest-secgroup-smoke-1194084256"}], "OS-SRV-USG:terminated_at": null, "OS-EXT-AZ:availability_zone": "nova", "user_id": "383723ef208e4b3b87786916ec0eef27", "name": "tempest.common.compute-instance-325558032", "created": "2015-12-26T08:41:22Z", "tenant_id": "6bfc7ef9eb49492599078b9b4fd1d3f7", "OS-DCF:diskConfig": "MANUAL", "os-extended-volumes:volumes_attached": [], "accessIPv4": "", "accessIPv6": "", "progress": 0, "OS-EXT-STS:power_state": 0, "config_drive": "", "metadata": {}}}
2015-12-26 08:41:24,677 21015 INFO     [tempest.common.waiters] State transition "BUILD/scheduling" ==&gt; "BUILD/spawning" after 1 second wait
2015-12-26 08:41:26,034 21015 INFO     [tempest_lib.common.rest_client] Request (TestGettingAddress:test_dhcp6_stateless_from_os): 200 GET http://10.0.2.15:8774/v2.1/6bfc7ef9eb49492599078b9b4fd1d3f7/servers/7ed57db1-d87c-4da3-b15e-a460db6d8444 0.354s
2015-12-26 08:41:26,034 21015 DEBUG    [tempest_lib.common.rest_client] Request - Headers: {'Content-Type': 'application/json', 'Accept': 'application/json', 'X-Auth-Token': '&lt;omitted&gt;'}
        Body: None
    Response - Headers: {'status': '200', 'content-length': '1479', 'content-location': 'http://10.0.2.15:8774/v2.1/6bfc7ef9eb49492599078b9b4fd1d3f7/servers/7ed57db1-d87c-4da3-b15e-a460db6d8444', 'x-compute-request-id': 'req-8e6cee70-decc-42d5-b3a2-59b4454daa4f', 'vary': 'X-OpenStack-Nova-API-Version', 'connection': 'close', 'x-openstack-nova-api-version': '2.1', 'date': 'Sat, 26 Dec 2015 08:41:26 GMT', 'content-type': 'application/json'}
        Body: {"server": {"status": "BUILD", "updated": "2015-12-26T08:41:24Z", "hostId": "dc8b7b202992611cea713d3eacd093a57ae58f7cdd086b1ab0d1407d", "addresses": {}, "links": [{"href": "http://10.0.2.15:8774/v2.1/6bfc7ef9eb49492599078b9b4fd1d3f7/servers/7ed57db1-d87c-4da3-b15e-a460db6d8444", "rel": "self"}, {"href": "http://10.0.2.15:8774/6bfc7ef9eb49492599078b9b4fd1d3f7/servers/7ed57db1-d87c-4da3-b15e-a460db6d8444", "rel": "bookmark"}], "key_name": "tempest-TestGettingAddress-478427587", "image": {"id": "c4f5d415-d34e-4330-8fdc-b5869c44f980", "links": [{"href": "http://10.0.2.15:8774/6bfc7ef9eb49492599078b9b4fd1d3f7/images/c4f5d415-d34e-4330-8fdc-b5869c44f980", "rel": "bookmark"}]}, "OS-EXT-STS:task_state": "spawning", "OS-EXT-STS:vm_state": "building", "OS-SRV-USG:launched_at": null, "flavor": {"id": "42", "links": [{"href": "http://10.0.2.15:8774/6bfc7ef9eb49492599078b9b4fd1d3f7/flavors/42", "rel": "bookmark"}]}, "id": "7ed57db1-d87c-4da3-b15e-a460db6d8444", "security_groups": [{"name": "tempest-secgroup-smoke-1194084256"}], "OS-SRV-USG:terminated_at": null, "OS-EXT-AZ:availability_zone": "nova", "user_id": "383723ef208e4b3b87786916ec0eef27", "name": "tempest.common.compute-instance-325558032", "created": "2015-12-26T08:41:22Z", "tenant_id": "6bfc7ef9eb49492599078b9b4fd1d3f7", "OS-DCF:diskConfig": "MANUAL", "os-extended-volumes:volumes_attached": [], "accessIPv4": "", "accessIPv6": "", "progress": 0, "OS-EXT-STS:power_state": 0, "config_drive": "", "metadata": {}}}
2015-12-26 08:41:27,385 21015 INFO     [tempest_lib.common.rest_client] Request (TestGettingAddress:test_dhcp6_stateless_from_os): 200 GET http://10.0.2.15:8774/v2.1/6bfc7ef9eb49492599078b9b4fd1d3f7/servers/7ed57db1-d87c-4da3-b15e-a460db6d8444 0.341s
2015-12-26 08:41:27,386 21015 DEBUG    [tempest_lib.common.rest_client] Request - Headers: {'Content-Type': 'application/json', 'Accept': 'application/json', 'X-Auth-Token': '&lt;omitted&gt;'}
        Body: None
    Response - Headers: {'status': '200', 'content-length': '1780', 'content-location': 'http://10.0.2.15:8774/v2.1/6bfc7ef9eb49492599078b9b4fd1d3f7/servers/7ed57db1-d87c-4da3-b15e-a460db6d8444', 'x-compute-request-id': 'req-72dcb49e-9290-446b-a26c-b3dba5f51dc9', 'vary': 'X-OpenStack-Nova-API-Version', 'connection': 'close', 'x-openstack-nova-api-version': '2.1', 'date': 'Sat, 26 Dec 2015 08:41:27 GMT', 'content-type': 'application/json'}
        Body: {"server": {"status": "ACTIVE", "updated": "2015-12-26T08:41:26Z", "hostId": "dc8b7b202992611cea713d3eacd093a57ae58f7cdd086b1ab0d1407d", "addresses": {"tempest-network-smoke--1412375264": [{"OS-EXT-IPS-MAC:mac_addr": "fa:16:3e:8b:d6:81", "version": 4, "addr": "10.100.0.3", "OS-EXT-IPS:type": "fixed"}, {"OS-EXT-IPS-MAC:mac_addr": "fa:16:3e:8b:d6:81", "version": 6, "addr": "2003::f816:3eff:fe8b:d681", "OS-EXT-IPS:type": "fixed"}]}, "links": [{"href": "http://10.0.2.15:8774/v2.1/6bfc7ef9eb49492599078b9b4fd1d3f7/servers/7ed57db1-d87c-4da3-b15e-a460db6d8444", "rel": "self"}, {"href": "http://10.0.2.15:8774/6bfc7ef9eb49492599078b9b4fd1d3f7/servers/7ed57db1-d87c-4da3-b15e-a460db6d8444", "rel": "bookmark"}], "key_name": "tempest-TestGettingAddress-478427587", "image": {"id": "c4f5d415-d34e-4330-8fdc-b5869c44f980", "links": [{"href": "http://10.0.2.15:8774/6bfc7ef9eb49492599078b9b4fd1d3f7/images/c4f5d415-d34e-4330-8fdc-b5869c44f980", "rel": "bookmark"}]}, "OS-EXT-STS:task_state": null, "OS-EXT-STS:vm_state": "active", "OS-SRV-USG:launched_at": "2015-12-26T08:41:26.000000", "flavor": {"id": "42", "links": [{"href": "http://10.0.2.15:8774/6bfc7ef9eb49492599078b9b4fd1d3f7/flavors/42", "rel": "bookmark"}]}, "id": "7ed57db1-d87c-4da3-b15e-a460db6d8444", "security_groups": [{"name": "tempest-secgroup-smoke-1194084256"}], "OS-SRV-USG:terminated_at": null, "OS-EXT-AZ:availability_zone": "nova", "user_id": "383723ef208e4b3b87786916ec0eef27", "name": "tempest.common.compute-instance-325558032", "created": "2015-12-26T08:41:22Z", "tenant_id": "6bfc7ef9eb49492599078b9b4fd1d3f7", "OS-DCF:diskConfig": "MANUAL", "os-extended-volumes:volumes_attached": [], "accessIPv4": "", "accessIPv6": "", "progress": 0, "OS-EXT-STS:power_state": 1, "config_drive": "True", "metadata": {}}}
2015-12-26 08:41:27,394 21015 INFO     [tempest.common.waiters] State transition "BUILD/spawning" ==&gt; "ACTIVE/None" after 4 second wait
2015-12-26 08:41:27,591 21015 INFO     [tempest_lib.common.rest_client] Request (TestGettingAddress:test_dhcp6_stateless_from_os): 200 GET http://10.0.2.15:8774/v2.1/6bfc7ef9eb49492599078b9b4fd1d3f7/servers/7ed57db1-d87c-4da3-b15e-a460db6d8444 0.196s
2015-12-26 08:41:27,592 21015 DEBUG    [tempest_lib.common.rest_client] Request - Headers: {'Content-Type': 'application/json', 'Accept': 'application/json', 'X-Auth-Token': '&lt;omitted&gt;'}
        Body: None
    Response - Headers: {'status': '200', 'content-length': '1780', 'content-location': 'http://10.0.2.15:8774/v2.1/6bfc7ef9eb49492599078b9b4fd1d3f7/servers/7ed57db1-d87c-4da3-b15e-a460db6d8444', 'x-compute-request-id': 'req-e84137df-644f-4fb0-b704-cc13ae346be7', 'vary': 'X-OpenStack-Nova-API-Version', 'connection': 'close', 'x-openstack-nova-api-version': '2.1', 'date': 'Sat, 26 Dec 2015 08:41:27 GMT', 'content-type': 'application/json'}
        Body: {"server": {"status": "ACTIVE", "updated": "2015-12-26T08:41:26Z", "hostId": "dc8b7b202992611cea713d3eacd093a57ae58f7cdd086b1ab0d1407d", "addresses": {"tempest-network-smoke--1412375264": [{"OS-EXT-IPS-MAC:mac_addr": "fa:16:3e:8b:d6:81", "version": 4, "addr": "10.100.0.3", "OS-EXT-IPS:type": "fixed"}, {"OS-EXT-IPS-MAC:mac_addr": "fa:16:3e:8b:d6:81", "version": 6, "addr": "2003::f816:3eff:fe8b:d681", "OS-EXT-IPS:type": "fixed"}]}, "links": [{"href": "http://10.0.2.15:8774/v2.1/6bfc7ef9eb49492599078b9b4fd1d3f7/servers/7ed57db1-d87c-4da3-b15e-a460db6d8444", "rel": "self"}, {"href": "http://10.0.2.15:8774/6bfc7ef9eb49492599078b9b4fd1d3f7/servers/7ed57db1-d87c-4da3-b15e-a460db6d8444", "rel": "bookmark"}], "key_name": "tempest-TestGettingAddress-478427587", "image": {"id": "c4f5d415-d34e-4330-8fdc-b5869c44f980", "links": [{"href": "http://10.0.2.15:8774/6bfc7ef9eb49492599078b9b4fd1d3f7/images/c4f5d415-d34e-4330-8fdc-b5869c44f980", "rel": "bookmark"}]}, "OS-EXT-STS:task_state": null, "OS-EXT-STS:vm_state": "active", "OS-SRV-USG:launched_at": "2015-12-26T08:41:26.000000", "flavor": {"id": "42", "links": [{"href": "http://10.0.2.15:8774/6bfc7ef9eb49492599078b9b4fd1d3f7/flavors/42", "rel": "bookmark"}]}, "id": "7ed57db1-d87c-4da3-b15e-a460db6d8444", "security_groups": [{"name": "tempest-secgroup-smoke-1194084256"}], "OS-SRV-USG:terminated_at": null, "OS-EXT-AZ:availability_zone": "nova", "user_id": "383723ef208e4b3b87786916ec0eef27", "name": "tempest.common.compute-instance-325558032", "created": "2015-12-26T08:41:22Z", "tenant_id": "6bfc7ef9eb49492599078b9b4fd1d3f7", "OS-DCF:diskConfig": "MANUAL", "os-extended-volumes:volumes_attached": [], "accessIPv4": "", "accessIPv6": "", "progress": 0, "OS-EXT-STS:power_state": 1, "config_drive": "True", "metadata": {}}}
2015-12-26 08:41:27,747 21015 INFO     [tempest_lib.common.rest_client] Request (TestGettingAddress:test_dhcp6_stateless_from_os): 200 GET http://10.0.2.15:9696/v2.0/ports?status=ACTIVE&amp;fixed_ip=None&amp;device_id=7ed57db1-d87c-4da3-b15e-a460db6d8444 0.147s
2015-12-26 08:41:27,747 21015 DEBUG    [tempest_lib.common.rest_client] Request - Headers: {'Content-Type': 'application/json', 'Accept': 'application/json', 'X-Auth-Token': '&lt;omitted&gt;'}
        Body: None
    Response - Headers: {'status': '200', 'content-length': '1142', 'content-location': 'http://10.0.2.15:9696/v2.0/ports?status=ACTIVE&amp;fixed_ip=None&amp;device_id=7ed57db1-d87c-4da3-b15e-a460db6d8444', 'connection': 'close', 'date': 'Sat, 26 Dec 2015 08:41:27 GMT', 'content-type': 'application/json; charset=UTF-8', 'x-openstack-request-id': 'req-37ccd18c-069c-40bd-940a-dece852b9889'}
        Body: {"ports": [{"status": "ACTIVE", "binding:host_id": "vagrant-ubuntu-trusty-64", "allowed_address_pairs": [], "extra_dhcp_opts": [], "dns_assignment": [{"hostname": "host-10-100-0-3", "ip_address": "10.100.0.3", "fqdn": "host-10-100-0-3.openstacklocal."}, {"hostname": "host-2003--f816-3eff-fe8b-d681", "ip_address": "2003::f816:3eff:fe8b:d681", "fqdn": "host-2003--f816-3eff-fe8b-d681.openstacklocal."}], "device_owner": "compute:None", "port_security_enabled": true, "binding:profile": {}, "fixed_ips": [{"subnet_id": "221e20c2-2e04-4a9e-962e-0f63b9fac23f", "ip_address": "10.100.0.3"}, {"subnet_id": "0466d46b-195c-4d2d-8aed-551580522051", "ip_address": "2003::f816:3eff:fe8b:d681"}], "id": "1d0ba352-1ea7-4ab3-b277-d7e911c85cf5", "security_groups": ["f23f47fc-c950-46ad-b1fd-01783134b158"], "device_id": "7ed57db1-d87c-4da3-b15e-a460db6d8444", "name": "", "admin_state_up": true, "network_id": "49dd7482-6b15-4d99-bcdf-125a5bd33ac2", "dns_name": "", "binding:vif_details": {"port_filter": true}, "binding:vnic_type": "normal", "binding:vif_type": "ovs", "tenant_id": "6bfc7ef9eb49492599078b9b4fd1d3f7", "mac_address": "fa:16:3e:8b:d6:81"}]}
2015-12-26 08:41:28,349 21015 INFO     [tempest_lib.common.rest_client] Request (TestGettingAddress:test_dhcp6_stateless_from_os): 201 POST http://10.0.2.15:9696/v2.0/floatingips 0.601s
2015-12-26 08:41:28,349 21015 DEBUG    [tempest_lib.common.rest_client] Request - Headers: {'Content-Type': 'application/json', 'Accept': 'application/json', 'X-Auth-Token': '&lt;omitted&gt;'}
        Body: {"floatingip": {"floating_network_id": "bae659fe-8e85-4b76-84fc-ebd32cbb30f8", "tenant_id": "6bfc7ef9eb49492599078b9b4fd1d3f7", "fixed_ip_address": "10.100.0.3", "port_id": "1d0ba352-1ea7-4ab3-b277-d7e911c85cf5"}}
    Response - Headers: {'status': '201', 'content-length': '367', 'connection': 'close', 'date': 'Sat, 26 Dec 2015 08:41:28 GMT', 'content-type': 'application/json; charset=UTF-8', 'x-openstack-request-id': 'req-142cc483-8f60-4066-b1b2-8fb6e59baa1a'}
        Body: {"floatingip": {"floating_network_id": "bae659fe-8e85-4b76-84fc-ebd32cbb30f8", "router_id": "82fbec5a-d626-4def-9fa5-11991ddcd759", "fixed_ip_address": "10.100.0.3", "floating_ip_address": "172.24.4.4", "tenant_id": "6bfc7ef9eb49492599078b9b4fd1d3f7", "status": "DOWN", "port_id": "1d0ba352-1ea7-4ab3-b277-d7e911c85cf5", "id": "86ba58f2-1718-4adc-a655-6ce415336e1c"}}
2015-12-26 08:41:28,351 21015 INFO     [tempest_lib.common.ssh] Creating ssh connection to '172.24.4.4' as 'cirros' with public key authentication
2015-12-26 08:41:32,011 21015 WARNING  [tempest_lib.common.ssh] Failed to establish authenticated ssh connection to cirros@172.24.4.4 ([Errno None] Unable to connect to port 22 on  or 172.24.4.4). Number attempts: 1. Retry after 2 seconds.
2015-12-26 08:41:37,515 21015 WARNING  [tempest_lib.common.ssh] Failed to establish authenticated ssh connection to cirros@172.24.4.4 ([Errno None] Unable to connect to port 22 on  or 172.24.4.4). Number attempts: 2. Retry after 3 seconds.
2015-12-26 08:41:44,015 21015 WARNING  [tempest_lib.common.ssh] Failed to establish authenticated ssh connection to cirros@172.24.4.4 ([Errno None] Unable to connect to port 22 on  or 172.24.4.4). Number attempts: 3. Retry after 4 seconds.
2015-12-26 08:41:51,523 21015 WARNING  [tempest_lib.common.ssh] Failed to establish authenticated ssh connection to cirros@172.24.4.4 ([Errno None] Unable to connect to port 22 on  or 172.24.4.4). Number attempts: 4. Retry after 5 seconds.
2015-12-26 08:42:00,027 21015 WARNING  [tempest_lib.common.ssh] Failed to establish authenticated ssh connection to cirros@172.24.4.4 ([Errno None] Unable to connect to port 22 on  or 172.24.4.4). Number attempts: 5. Retry after 6 seconds.
2015-12-26 08:42:09,535 21015 WARNING  [tempest_lib.common.ssh] Failed to establish authenticated ssh connection to cirros@172.24.4.4 ([Errno None] Unable to connect to port 22 on  or 172.24.4.4). Number attempts: 6. Retry after 7 seconds.
2015-12-26 08:42:20,036 21015 WARNING  [tempest_lib.common.ssh] Failed to establish authenticated ssh connection to cirros@172.24.4.4 ([Errno None] Unable to connect to port 22 on  or 172.24.4.4). Number attempts: 7. Retry after 8 seconds.
2015-12-26 08:42:31,544 21015 WARNING  [tempest_lib.common.ssh] Failed to establish authenticated ssh connection to cirros@172.24.4.4 ([Errno None] Unable to connect to port 22 on  or 172.24.4.4). Number attempts: 8. Retry after 9 seconds.
2015-12-26 08:42:44,051 21015 WARNING  [tempest_lib.common.ssh] Failed to establish authenticated ssh connection to cirros@172.24.4.4 ([Errno None] Unable to connect to port 22 on  or 172.24.4.4). Number attempts: 9. Retry after 10 seconds.
2015-12-26 08:42:57,568 21015 WARNING  [tempest_lib.common.ssh] Failed to establish authenticated ssh connection to cirros@172.24.4.4 ([Errno None] Unable to connect to port 22 on  or 172.24.4.4). Number attempts: 10. Retry after 11 seconds.
2015-12-26 08:43:12,080 21015 WARNING  [tempest_lib.common.ssh] Failed to establish authenticated ssh connection to cirros@172.24.4.4 ([Errno None] Unable to connect to port 22 on  or 172.24.4.4). Number attempts: 11. Retry after 12 seconds.
2015-12-26 08:43:27,587 21015 WARNING  [tempest_lib.common.ssh] Failed to establish authenticated ssh connection to cirros@172.24.4.4 ([Errno None] Unable to connect to port 22 on  or 172.24.4.4). Number attempts: 12. Retry after 13 seconds.
2015-12-26 08:43:44,100 21015 WARNING  [tempest_lib.common.ssh] Failed to establish authenticated ssh connection to cirros@172.24.4.4 ([Errno None] Unable to connect to port 22 on  or 172.24.4.4). Number attempts: 13. Retry after 14 seconds.
2015-12-26 08:44:01,603 21015 WARNING  [tempest_lib.common.ssh] Failed to establish authenticated ssh connection to cirros@172.24.4.4 ([Errno None] Unable to connect to port 22 on  or 172.24.4.4). Number attempts: 14. Retry after 15 seconds.
2015-12-26 08:44:20,119 21015 WARNING  [tempest_lib.common.ssh] Failed to establish authenticated ssh connection to cirros@172.24.4.4 ([Errno None] Unable to connect to port 22 on  or 172.24.4.4). Number attempts: 15. Retry after 16 seconds.
2015-12-26 08:44:39,631 21015 WARNING  [tempest_lib.common.ssh] Failed to establish authenticated ssh connection to cirros@172.24.4.4 ([Errno None] Unable to connect to port 22 on  or 172.24.4.4). Number attempts: 16. Retry after 17 seconds.
2015-12-26 08:45:00,143 21015 WARNING  [tempest_lib.common.ssh] Failed to establish authenticated ssh connection to cirros@172.24.4.4 ([Errno None] Unable to connect to port 22 on  or 172.24.4.4). Number attempts: 17. Retry after 18 seconds.
2015-12-26 08:45:21,659 21015 WARNING  [tempest_lib.common.ssh] Failed to establish authenticated ssh connection to cirros@172.24.4.4 ([Errno None] Unable to connect to port 22 on  or 172.24.4.4). Number attempts: 18. Retry after 19 seconds.
2015-12-26 08:45:44,181 21015 WARNING  [tempest_lib.common.ssh] Failed to establish authenticated ssh connection to cirros@172.24.4.4 ([Errno None] Unable to connect to port 22 on  or 172.24.4.4). Number attempts: 19. Retry after 20 seconds.
2015-12-26 08:46:07,700 21015 WARNING  [tempest_lib.common.ssh] Failed to establish authenticated ssh connection to cirros@172.24.4.4 ([Errno None] Unable to connect to port 22 on  or 172.24.4.4). Number attempts: 20. Retry after 21 seconds.
2015-12-26 08:46:32,223 21015 ERROR    [tempest_lib.common.ssh] Failed to establish authenticated ssh connection to cirros@172.24.4.4 after 20 attempts
2015-12-26 08:46:32.223 21015 ERROR tempest_lib.common.ssh Traceback (most recent call last):
2015-12-26 08:46:32.223 21015 ERROR tempest_lib.common.ssh   File "/usr/local/lib/python2.7/dist-packages/tempest_lib/common/ssh.py", line 75, in _get_ssh_connection
2015-12-26 08:46:32.223 21015 ERROR tempest_lib.common.ssh     timeout=self.channel_timeout, pkey=self.pkey)
2015-12-26 08:46:32.223 21015 ERROR tempest_lib.common.ssh   File "/usr/local/lib/python2.7/dist-packages/paramiko/client.py", line 311, in connect
2015-12-26 08:46:32.223 21015 ERROR tempest_lib.common.ssh     raise NoValidConnectionsError(errors)
2015-12-26 08:46:32.223 21015 ERROR tempest_lib.common.ssh NoValidConnectionsError: [Errno None] Unable to connect to port 22 on  or 172.24.4.4
2015-12-26 08:46:32.223 21015 ERROR tempest_lib.common.ssh 
2015-12-26 08:46:32,225 21015 ERROR    [tempest.scenario.manager] (TestGettingAddress:test_dhcp6_stateless_from_os) Initializing SSH connection to 172.24.4.4 failed. Error: Connection to the 172.24.4.4 via SSH timed out.
User: cirros, Password: None
2015-12-26 08:46:32.225 21015 ERROR tempest.scenario.manager Traceback (most recent call last):
2015-12-26 08:46:32.225 21015 ERROR tempest.scenario.manager   File "tempest/scenario/manager.py", line 386, in get_remote_client
2015-12-26 08:46:32.225 21015 ERROR tempest.scenario.manager     linux_client.validate_authentication()
2015-12-26 08:46:32.225 21015 ERROR tempest.scenario.manager   File "tempest/common/utils/linux/remote_client.py", line 63, in validate_authentication
2015-12-26 08:46:32.225 21015 ERROR tempest.scenario.manager     self.ssh_client.test_connection_auth()
2015-12-26 08:46:32.225 21015 ERROR tempest.scenario.manager   File "/usr/local/lib/python2.7/dist-packages/tempest_lib/common/ssh.py", line 172, in test_connection_auth
2015-12-26 08:46:32.225 21015 ERROR tempest.scenario.manager     connection = self._get_ssh_connection()
2015-12-26 08:46:32.225 21015 ERROR tempest.scenario.manager   File "/usr/local/lib/python2.7/dist-packages/tempest_lib/common/ssh.py", line 87, in _get_ssh_connection
2015-12-26 08:46:32.225 21015 ERROR tempest.scenario.manager     password=self.password)
2015-12-26 08:46:32.225 21015 ERROR tempest.scenario.manager SSHTimeout: Connection to the 172.24.4.4 via SSH timed out.
2015-12-26 08:46:32.225 21015 ERROR tempest.scenario.manager User: cirros, Password: None
2015-12-26 08:46:32.225 21015 ERROR tempest.scenario.manager 
2015-12-26 08:46:32,450 21015 INFO     [tempest_lib.common.rest_client] Request (TestGettingAddress:test_dhcp6_stateless_from_os): 200 GET http://10.0.2.15:8774/v2.1/6bfc7ef9eb49492599078b9b4fd1d3f7/servers 0.222s
2015-12-26 08:46:32,450 21015 DEBUG    [tempest_lib.common.rest_client] Request - Headers: {'Content-Type': 'application/json', 'Accept': 'application/json', 'X-Auth-Token': '&lt;omitted&gt;'}
        Body: None
    Response - Headers: {'status': '200', 'content-length': '390', 'content-location': 'http://10.0.2.15:8774/v2.1/6bfc7ef9eb49492599078b9b4fd1d3f7/servers', 'x-compute-request-id': 'req-a548ac6e-c13b-439f-9833-2e140d979bfb', 'vary': 'X-OpenStack-Nova-API-Version', 'connection': 'close', 'x-openstack-nova-api-version': '2.1', 'date': 'Sat, 26 Dec 2015 08:46:32 GMT', 'content-type': 'application/json'}
        Body: {"servers": [{"id": "7ed57db1-d87c-4da3-b15e-a460db6d8444", "links": [{"href": "http://10.0.2.15:8774/v2.1/6bfc7ef9eb49492599078b9b4fd1d3f7/servers/7ed57db1-d87c-4da3-b15e-a460db6d8444", "rel": "self"}, {"href": "http://10.0.2.15:8774/6bfc7ef9eb49492599078b9b4fd1d3f7/servers/7ed57db1-d87c-4da3-b15e-a460db6d8444", "rel": "bookmark"}], "name": "tempest.common.compute-instance-325558032"}]}
2015-12-26 08:46:32,673 21015 INFO     [tempest_lib.common.rest_client] Request (TestGettingAddress:test_dhcp6_stateless_from_os): 200 POST http://10.0.2.15:8774/v2.1/6bfc7ef9eb49492599078b9b4fd1d3f7/servers/7ed57db1-d87c-4da3-b15e-a460db6d8444/action 0.218s
2015-12-26 08:46:32,673 21015 DEBUG    [tempest_lib.common.rest_client] Request - Headers: {'Content-Type': 'application/json', 'Accept': 'application/json', 'X-Auth-Token': '&lt;omitted&gt;'}
        Body: {"os-getConsoleOutput": {}}
    Response - Headers: {'status': '200', 'content-length': '24716', 'x-compute-request-id': 'req-cfcb1224-80fc-4da7-9514-3407ab337456', 'vary': 'X-OpenStack-Nova-API-Version', 'connection': 'close', 'x-openstack-nova-api-version': '2.1', 'date': 'Sat, 26 Dec 2015 08:46:32 GMT', 'content-type': 'application/json'}
        Body: {"output": "[    0.000000] Initializing cgroup subsys cpuset\n[    0.000000] Initializing cgroup subsys cpu\n[    0.000000] Linux version 3.2.0-80-virtual (buildd@batsu) (gcc version 4.6.3 (Ubuntu/Linaro 4.6.3-1ubuntu5) ) #116-Ubuntu SMP Mon Mar 23 17:28:52 UTC 2015 (Ubuntu 3.2.0-80.116-virtual 3.2.68)\n[    0.000000] Command line: root=/dev/vda console=tty0 console=ttyS0 no_timer_check\n[    0.000000] KERNEL supported cpus:\n[    0.000000]   Intel GenuineIntel\n[    0.000000]   AMD AuthenticAMD\n[    0.000000]   Centaur CentaurHauls\n[    0.000000] BIOS-provided physical RAM map:\n[    0.000000]  BIOS-e820: 0000000000000000 - 000000000009fc00 (usable)\n[    0.000000]  BIOS-e820: 000000000009fc00 - 00000000000a0000 (reserved)\n[    0.000000]  BIOS-e820: 00000000000f0000 - 0000000000100000 (reserved)\n[    0.000000]  BIOS-e820: 0000000000100000 - 0000000003ffe000 (usable)\n[    0.000000]  BIOS-e820: 0000000003ffe000 - 0000000004000000 (reserved)\n[    0.000000]  BIOS-e820: 00000000fffc0000 - 0000000100000000 (reserved)\n[    0.000000] NX (Execute Disable) protection: active\n[    0.000000] SMBIOS 2.4 present.\n[    0.000000] No AGP bridge found\n[    0.000000] last_pfn = 0x3ffe max_arch_pfn = 0x400000000\n[    0.000000] x86 PAT enabled: cpu 0, old 0x7040600070406, new 0x7010600070106\n[    0.000000] found SMP MP-table at [ffff8800000f0b00] f0b00\n[    0.000000] init_memory_mapping: 0000000000000000-0000000003ffe000\n[    0.000000] RAMDISK: 03c5e000 - 03ff0000\n[    0.000000] ACPI: RSDP 00000000000f0950 00014 (v00 BOCHS )\n[    0.000000] ACPI: RSDT 0000000003fffbc1 00034 (v01 BOCHS  BXPCRSDT 00000001 BXPC 00000001)\n[    0.000000] ACPI: FACP 0000000003fff1c0 00074 (v01 BOCHS  BXPCFACP 00000001 BXPC 00000001)\n[    0.000000] ACPI: DSDT 0000000003ffe040 01180 (v01 BOCHS  BXPCDSDT 00000001 BXPC 00000001)\n[    0.000000] ACPI: FACS 0000000003ffe000 00040\n[    0.000000] ACPI: SSDT 0000000003fff234 008DD (v01 BOCHS  BXPCSSDT 00000001 BXPC 00000001)\n[    0.000000] ACPI: APIC 0000000003fffb11 00078 (v01 BOCHS  BXPCAPIC 00000001 BXPC 00000001)\n[    0.000000] ACPI: HPET 0000000003fffb89 00038 (v01 BOCHS  BXPCHPET 00000001 BXPC 00000001)\n[    0.000000] No NUMA configuration found\n[    0.000000] Faking a node at 0000000000000000-0000000003ffe000\n[    0.000000] Initmem setup node 0 0000000000000000-0000000003ffe000\n[    0.000000]   NODE_DATA [0000000003ff6000 - 0000000003ffafff]\n[    0.000000] Zone PFN ranges:\n[    0.000000]   DMA      0x00000010 -&gt; 0x00001000\n[    0.000000]   DMA32    0x00001000 -&gt; 0x00100000\n[    0.000000]   Normal   empty\n[    0.000000] Movable zone start PFN for each node\n[    0.000000] early_node_map[2] active PFN ranges\n[    0.000000]     0: 0x00000010 -&gt; 0x0000009f\n[    0.000000]     0: 0x00000100 -&gt; 0x00003ffe\n[    0.000000] ACPI: PM-Timer IO Port: 0xb008\n[    0.000000] ACPI: LAPIC (acpi_id[0x00] lapic_id[0x00] enabled)\n[    0.000000] ACPI: LAPIC_NMI (acpi_id[0xff] dfl dfl lint[0x1])\n[    0.000000] ACPI: IOAPIC (id[0x00] address[0xfec00000] gsi_base[0])\n[    0.000000] IOAPIC[0]: apic_id 0, version 17, address 0xfec00000, GSI 0-23\n[    0.000000] ACPI: INT_SRC_OVR (bus 0 bus_irq 0 global_irq 2 dfl dfl)\n[    0.000000] ACPI: INT_SRC_OVR (bus 0 bus_irq 5 global_irq 5 high level)\n[    0.000000] ACPI: INT_SRC_OVR (bus 0 bus_irq 9 global_irq 9 high level)\n[    0.000000] ACPI: INT_SRC_OVR (bus 0 bus_irq 10 global_irq 10 high level)\n[    0.000000] ACPI: INT_SRC_OVR (bus 0 bus_irq 11 global_irq 11 high level)\n[    0.000000] Using ACPI (MADT) for SMP configuration information\n[    0.000000] ACPI: HPET id: 0x8086a201 base: 0xfed00000\n[    0.000000] SMP: Allowing 1 CPUs, 0 hotplug CPUs\n[    0.000000] PM: Registered nosave memory: 000000000009f000 - 00000000000a0000\n[    0.000000] PM: Registered nosave memory: 00000000000a0000 - 00000000000f0000\n[    0.000000] PM: Registered nosave memory: 00000000000f0000 - 0000000000100000\n[    0.000000] Allocating PCI resources starting at 4000000 (gap: 4000000:fbfc0000)\n[    0.000000] Booting paravirtualized kernel on bare hardware\n[    0.000000] setup_pe
2015-12-26 08:46:32,677 21015 DEBUG    [tempest.scenario.manager] Console output for 7ed57db1-d87c-4da3-b15e-a460db6d8444
body=
[    0.000000] Initializing cgroup subsys cpuset
[    0.000000] Initializing cgroup subsys cpu
[    0.000000] Linux version 3.2.0-80-virtual (buildd@batsu) (gcc version 4.6.3 (Ubuntu/Linaro 4.6.3-1ubuntu5) ) #116-Ubuntu SMP Mon Mar 23 17:28:52 UTC 2015 (Ubuntu 3.2.0-80.116-virtual 3.2.68)
[    0.000000] Command line: root=/dev/vda console=tty0 console=ttyS0 no_timer_check
[    0.000000] KERNEL supported cpus:
[    0.000000]   Intel GenuineIntel
[    0.000000]   AMD AuthenticAMD
[    0.000000]   Centaur CentaurHauls
[    0.000000] BIOS-provided physical RAM map:
[    0.000000]  BIOS-e820: 0000000000000000 - 000000000009fc00 (usable)
[    0.000000]  BIOS-e820: 000000000009fc00 - 00000000000a0000 (reserved)
[    0.000000]  BIOS-e820: 00000000000f0000 - 0000000000100000 (reserved)
[    0.000000]  BIOS-e820: 0000000000100000 - 0000000003ffe000 (usable)
[    0.000000]  BIOS-e820: 0000000003ffe000 - 0000000004000000 (reserved)
[    0.000000]  BIOS-e820: 00000000fffc0000 - 0000000100000000 (reserved)
[    0.000000] NX (Execute Disable) protection: active
[    0.000000] SMBIOS 2.4 present.
[    0.000000] No AGP bridge found
[    0.000000] last_pfn = 0x3ffe max_arch_pfn = 0x400000000
[    0.000000] x86 PAT enabled: cpu 0, old 0x7040600070406, new 0x7010600070106
[    0.000000] found SMP MP-table at [ffff8800000f0b00] f0b00
[    0.000000] init_memory_mapping: 0000000000000000-0000000003ffe000
[    0.000000] RAMDISK: 03c5e000 - 03ff0000
[    0.000000] ACPI: RSDP 00000000000f0950 00014 (v00 BOCHS )
[    0.000000] ACPI: RSDT 0000000003fffbc1 00034 (v01 BOCHS  BXPCRSDT 00000001 BXPC 00000001)
[    0.000000] ACPI: FACP 0000000003fff1c0 00074 (v01 BOCHS  BXPCFACP 00000001 BXPC 00000001)
[    0.000000] ACPI: DSDT 0000000003ffe040 01180 (v01 BOCHS  BXPCDSDT 00000001 BXPC 00000001)
[    0.000000] ACPI: FACS 0000000003ffe000 00040
[    0.000000] ACPI: SSDT 0000000003fff234 008DD (v01 BOCHS  BXPCSSDT 00000001 BXPC 00000001)
[    0.000000] ACPI: APIC 0000000003fffb11 00078 (v01 BOCHS  BXPCAPIC 00000001 BXPC 00000001)
[    0.000000] ACPI: HPET 0000000003fffb89 00038 (v01 BOCHS  BXPCHPET 00000001 BXPC 00000001)
[    0.000000] No NUMA configuration found
[    0.000000] Faking a node at 0000000000000000-0000000003ffe000
[    0.000000] Initmem setup node 0 0000000000000000-0000000003ffe000
[    0.000000]   NODE_DATA [0000000003ff6000 - 0000000003ffafff]
[    0.000000] Zone PFN ranges:
[    0.000000]   DMA      0x00000010 -&gt; 0x00001000
[    0.000000]   DMA32    0x00001000 -&gt; 0x00100000
[    0.000000]   Normal   empty
[    0.000000] Movable zone start PFN for each node
[    0.000000] early_node_map[2] active PFN ranges
[    0.000000]     0: 0x00000010 -&gt; 0x0000009f
[    0.000000]     0: 0x00000100 -&gt; 0x00003ffe
[    0.000000] ACPI: PM-Timer IO Port: 0xb008
[    0.000000] ACPI: LAPIC (acpi_id[0x00] lapic_id[0x00] enabled)
[    0.000000] ACPI: LAPIC_NMI (acpi_id[0xff] dfl dfl lint[0x1])
[    0.000000] ACPI: IOAPIC (id[0x00] address[0xfec00000] gsi_base[0])
[    0.000000] IOAPIC[0]: apic_id 0, version 17, address 0xfec00000, GSI 0-23
[    0.000000] ACPI: INT_SRC_OVR (bus 0 bus_irq 0 global_irq 2 dfl dfl)
[    0.000000] ACPI: INT_SRC_OVR (bus 0 bus_irq 5 global_irq 5 high level)
[    0.000000] ACPI: INT_SRC_OVR (bus 0 bus_irq 9 global_irq 9 high level)
[    0.000000] ACPI: INT_SRC_OVR (bus 0 bus_irq 10 global_irq 10 high level)
[    0.000000] ACPI: INT_SRC_OVR (bus 0 bus_irq 11 global_irq 11 high level)
[    0.000000] Using ACPI (MADT) for SMP configuration information
[    0.000000] ACPI: HPET id: 0x8086a201 base: 0xfed00000
[    0.000000] SMP: Allowing 1 CPUs, 0 hotplug CPUs
[    0.000000] PM: Registered nosave memory: 000000000009f000 - 00000000000a0000
[    0.000000] PM: Registered nosave memory: 00000000000a0000 - 00000000000f0000
[    0.000000] PM: Registered nosave memory: 00000000000f0000 - 0000000000100000
[    0.000000] Allocating PCI resources starting at 4000000 (gap: 4000000:fbfc0000)
[    0.000000] Booting paravirtualized kernel on bare hardware
[    0.000000] setup_percpu: NR_CPUS:64 nr_cpumask_bits:64 nr_cpu_ids:1 nr_node_ids:1
[    0.000000] PERCPU: Embedded 27 pages/cpu @ffff880003a00000 s78848 r8192 d23552 u2097152
[    0.000000] Built 1 zonelists in Node order, mobility grouping on.  Total pages: 16008
[    0.000000] Policy zone: DMA32
[    0.000000] Kernel command line: root=/dev/vda console=tty0 console=ttyS0 no_timer_check
[    0.000000] PID hash table entries: 256 (order: -1, 2048 bytes)
[    0.000000] Checking aperture...
[    0.000000] No AGP bridge found
[    0.000000] Memory: 43492k/65528k available (6576k kernel code, 452k absent, 21584k reserved, 6620k data, 928k init)
[    0.000000] SLUB: Genslabs=15, HWalign=64, Order=0-3, MinObjects=0, CPUs=1, Nodes=1
[    0.000000] Hierarchical RCU implementation.
[    0.000000] 	RCU dyntick-idle grace-period acceleration is enabled.
[    0.000000] NR_IRQS:4352 nr_irqs:256 16
[    0.000000] Console: colour VGA+ 80x25
[    0.000000] console [tty0] enabled
[    0.000000] console [ttyS0] enabled
[    0.000000] allocated 1048576 bytes of page_cgroup
[    0.000000] please try 'cgroup_disable=memory' option if you don't want memory cgroups
[    0.000000] Fast TSC calibration failed
[    0.000000] TSC: Unable to calibrate against PIT
[    0.000000] TSC: using HPET reference calibration
[    0.000000] Detected 2292.468 MHz processor.
[    0.037728] Calibrating delay loop (skipped), value calculated using timer frequency.. 4584.93 BogoMIPS (lpj=9169872)
[    0.040002] pid_max: default: 32768 minimum: 301
[    0.048233] Security Framework initialized
[    0.052358] AppArmor: AppArmor initialized
[    0.053041] Yama: becoming mindful.
[    0.058844] Dentry cache hash table entries: 8192 (order: 4, 65536 bytes)
[    0.060467] Inode-cache hash table entries: 4096 (order: 3, 32768 bytes)
[    0.062109] Mount-cache hash table entries: 256
[    0.077635] Initializing cgroup subsys cpuacct
[    0.078861] Initializing cgroup subsys memory
[    0.081357] Initializing cgroup subsys devices
[    0.082109] Initializing cgroup subsys freezer
[    0.082819] Initializing cgroup subsys blkio
[    0.083512] Initializing cgroup subsys perf_event
[    0.088262] mce: CPU supports 10 MCE banks
[    0.093889] SMP alternatives: switching to UP code
[    0.517887] Freeing SMP alternatives: 24k freed
[    0.520948] ACPI: Core revision 20110623
[    0.562337] ftrace: allocating 26610 entries in 105 pages
[    0.598080] ..TIMER: vector=0x30 apic1=0 pin1=2 apic2=-1 pin2=-1
[    0.599395] CPU0: AMD QEMU Virtual CPU version 2.0.0 stepping 03
[    0.604037] Performance Events: Broken PMU hardware detected, using software events only.
[    0.610952] NMI watchdog disabled (cpu0): hardware events not enabled
[    0.612744] Brought up 1 CPUs
[    0.613421] Total of 1 processors activated (4584.93 BogoMIPS).
[    0.636257] devtmpfs: initialized
[    0.670086] EVM: security.selinux
[    0.670582] EVM: security.SMACK64
[    0.670992] EVM: security.capability
[    0.695198] print_constraints: dummy: 
[    0.697325] RTC time:  8:41:30, date: 12/26/15
[    0.700757] NET: Registered protocol family 16
[    0.710116] ACPI: bus type pci registered
[    0.714634] PCI: Using configuration type 1 for base access
[    0.752730] bio: create slab &lt;bio-0&gt; at 0
[    0.758954] ACPI: Added _OSI(Module Device)
[    0.760182] ACPI: Added _OSI(Processor Device)
[    0.760936] ACPI: Added _OSI(3.0 _SCP Extensions)
[    0.761568] ACPI: Added _OSI(Processor Aggregator Device)
[    0.834633] ACPI: Interpreter enabled
[    0.836190] ACPI: (supports S0 S3 S4 S5)
[    0.838104] ACPI: Using IOAPIC for interrupt routing
[    0.909625] ACPI: No dock devices found.
[    0.910431] HEST: Table not found.
[    0.911056] PCI: Using host bridge windows from ACPI; if necessary, use "pci=nocrs" and report a bug
[    0.917233] ACPI: PCI Root Bridge [PCI0] (domain 0000 [bus 00-ff])
[    0.923036] pci_root PNP0A03:00: host bridge window [io  0x0000-0x0cf7]
[    0.924158] pci_root PNP0A03:00: host bridge window [io  0x0d00-0xadff]
[    0.925187] pci_root PNP0A03:00: host bridge window [io  0xae0f-0xaeff]
[    0.926189] pci_root PNP0A03:00: host bridge window [io  0xaf20-0xafdf]
[    0.927018] pci_root PNP0A03:00: host bridge window [io  0xafe4-0xffff]
[    0.928169] pci_root PNP0A03:00: host bridge window [mem 0x000a0000-0x000bffff]
[    0.929188] pci_root PNP0A03:00: host bridge window [mem 0x04000000-0xfebfffff]
[    0.960300] pci 0000:00:01.3: quirk: [io  0xb000-0xb03f] claimed by PIIX4 ACPI
[    0.961585] pci 0000:00:01.3: quirk: [io  0xb100-0xb10f] claimed by PIIX4 SMB
[    1.041579]  pci0000:00: Unable to request _OSC control (_OSC support mask: 0x1e)
[    1.109609] ACPI: PCI Interrupt Link [LNKA] (IRQs 5 *10 11)
[    1.112454] ACPI: PCI Interrupt Link [LNKB] (IRQs 5 *10 11)
[    1.114235] ACPI: PCI Interrupt Link [LNKC] (IRQs 5 10 *11)
[    1.115507] ACPI: PCI Interrupt Link [LNKD] (IRQs 5 10 *11)
[    1.117122] ACPI: PCI Interrupt Link [LNKS] (IRQs *9)
[    1.124322] vgaarb: device added: PCI:0000:00:02.0,decodes=io+mem,owns=io+mem,locks=none
[    1.125294] vgaarb: loaded
[    1.125669] vgaarb: bridge control possible 0000:00:02.0
[    1.129242] i2c-core: driver [aat2870] using legacy suspend method
[    1.130003] i2c-core: driver [aat2870] using legacy resume method
[    1.133643] SCSI subsystem initialized
[    1.136998] usbcore: registered new interface driver usbfs
[    1.138200] usbcore: registered new interface driver hub
[    1.139450] usbcore: registered new device driver usb
[    1.142923] PCI: Using ACPI for IRQ routing
[    1.154326] NetLabel: Initializing
[    1.154739] NetLabel:  domain hash size = 128
[    1.155204] NetLabel:  protocols = UNLABELED CIPSOv4
[    1.157488] NetLabel:  unlabeled traffic allowed by default
[    1.160231] HPET: 3 timers in total, 0 timers will be used for per-cpu timer
[    1.161310] hpet0: at MMIO 0xfed00000, IRQs 2, 8, 0
[    1.162171] hpet0: 3 comparators, 64-bit 100.000000 MHz counter
[    1.173982] Switching to clocksource hpet
[    1.413651] AppArmor: AppArmor Filesystem Enabled
[    1.415024] pnp: PnP ACPI init
[    1.415779] ACPI: bus type pnp registered
[    1.435554] pnp: PnP ACPI: found 9 devices
[    1.436084] ACPI: ACPI bus type pnp unregistered
[    1.489735] NET: Registered protocol family 2
[    1.521887] IP route cache hash table entries: 512 (order: 0, 4096 bytes)
[    1.529604] TCP established hash table entries: 2048 (order: 3, 32768 bytes)
[    1.531064] TCP bind hash table entries: 2048 (order: 3, 32768 bytes)
[    1.531946] TCP: Hash tables configured (established 2048 bind 2048)
[    1.533690] TCP reno registered
[    1.534415] UDP hash table entries: 128 (order: 0, 4096 bytes)
[    1.535303] UDP-Lite hash table entries: 128 (order: 0, 4096 bytes)
[    1.538341] NET: Registered protocol family 1
[    1.539285] pci 0000:00:00.0: Limiting direct PCI/PCI transfers
[    1.540153] pci 0000:00:01.0: PIIX3: Enabling Passive Release
[    1.541822] pci 0000:00:01.0: Activating ISA DMA hang workarounds
[    1.547697] ACPI: PCI Interrupt Link [LNKD] enabled at IRQ 11
[    1.549560] pci 0000:00:01.2: PCI INT D -&gt; Link[LNKD] -&gt; GSI 11 (level, high) -&gt; IRQ 11
[    1.551674] pci 0000:00:01.2: PCI INT D disabled
[    1.568150] Trying to unpack rootfs image as initramfs...
[    1.586438] audit: initializing netlink socket (disabled)
[    1.587979] type=2000 audit(1451119290.584:1): initialized
[    1.853247] HugeTLB registered 2 MB page size, pre-allocated 0 pages
[    1.931587] VFS: Disk quotas dquot_6.5.2
[    1.933477] Dquot-cache hash table entries: 512 (order 0, 4096 bytes)
[    1.948092] fuse init (API version 7.17)
[    1.951114] msgmni has been set to 84
[    1.985540] Block layer SCSI generic (bsg) driver version 0.4 loaded (major 253)
[    1.987040] io scheduler noop registered
[    1.987604] io scheduler deadline registered (default)
[    1.990876] io scheduler cfq registered
[    1.995285] pci_hotplug: PCI Hot Plug PCI Core version: 0.5
[    1.998016] pciehp: PCI Express Hot Plug Controller Driver version: 0.4
[    2.003825] input: Power Button as /devices/LNXSYSTM:00/LNXPWRBN:00/input/input0
[    2.006576] ACPI: Power Button [PWRF]
[    2.082158] ERST: Table is not found!
[    2.082656] GHES: HEST is not enabled!
[    2.091598] ACPI: PCI Interrupt Link [LNKC] enabled at IRQ 10
[    2.093455] virtio-pci 0000:00:03.0: PCI INT A -&gt; Link[LNKC] -&gt; GSI 10 (level, high) -&gt; IRQ 10
[    2.097479] virtio-pci 0000:00:04.0: PCI INT A -&gt; Link[LNKD] -&gt; GSI 11 (level, high) -&gt; IRQ 11
[    2.110616] ACPI: PCI Interrupt Link [LNKA] enabled at IRQ 10
[    2.111435] virtio-pci 0000:00:05.0: PCI INT A -&gt; Link[LNKA] -&gt; GSI 10 (level, high) -&gt; IRQ 10
[    2.122832] Serial: 8250/16550 driver, 32 ports, IRQ sharing enabled
[    2.169536] serial8250: ttyS0 at I/O 0x3f8 (irq = 4) is a 16550A
[    2.257572] serial8250: ttyS1 at I/O 0x2f8 (irq = 3) is a 16550A
[    2.397773] 00:05: ttyS0 at I/O 0x3f8 (irq = 4) is a 16550A
[    2.471664] 00:06: ttyS1 at I/O 0x2f8 (irq = 3) is a 16550A
[    2.527709] Linux agpgart interface v0.103
[    2.557265] Refined TSC clocksource calibration: 2292.598 MHz.
[    2.558030] Switching to clocksource tsc
[    2.612017] brd: module loaded
[    2.647630] loop: module loaded
[    2.722591]  vda: unknown partition table
[    2.786684] scsi0 : ata_piix
[    2.791775] scsi1 : ata_piix
[    2.795602] ata1: PATA max MWDMA2 cmd 0x1f0 ctl 0x3f6 bmdma 0xc0a0 irq 14
[    2.798114] ata2: PATA max MWDMA2 cmd 0x170 ctl 0x376 bmdma 0xc0a8 irq 15
[    2.816133] Fixed MDIO Bus: probed
[    2.818547] tun: Universal TUN/TAP device driver, 1.6
[    2.820014] tun: (C) 1999-2004 Max Krasnyansky &lt;maxk@qualcomm.com&gt;
[    2.841452] PPP generic driver version 2.4.2
[    2.855707] ehci_hcd: USB 2.0 'Enhanced' Host Controller (EHCI) Driver
[    2.856613] ohci_hcd: USB 1.1 'Open' Host Controller (OHCI) Driver
[    2.858938] uhci_hcd: USB Universal Host Controller Interface driver
[    2.860086] uhci_hcd 0000:00:01.2: PCI INT D -&gt; Link[LNKD] -&gt; GSI 11 (level, high) -&gt; IRQ 11
[    2.863991] uhci_hcd 0000:00:01.2: UHCI Host Controller
[    2.887281] uhci_hcd 0000:00:01.2: new USB bus registered, assigned bus number 1
[    2.895387] uhci_hcd 0000:00:01.2: irq 11, io base 0x0000c040
[    2.948743] hub 1-0:1.0: USB hub found
[    2.952011] hub 1-0:1.0: 2 ports detected
[    2.966055] usbcore: registered new interface driver libusual
[    2.970213] i8042: PNP: PS/2 Controller [PNP0303:KBD,PNP0f13:MOU] at 0x60,0x64 irq 1,12
[    2.980796] serio: i8042 KBD port at 0x60,0x64 irq 1
[    2.983599] serio: i8042 AUX port at 0x60,0x64 irq 12
[    3.050230] mousedev: PS/2 mouse device common for all mice
[    3.057575] ata2.01: ATAPI: QEMU DVD-ROM, 2.0.0, max UDMA/100
[    3.083860] input: AT Translated Set 2 keyboard as /devices/platform/i8042/serio0/input/input1
[    3.090181] rtc_cmos 00:01: RTC can wake from S4
[    3.101822] rtc_cmos 00:01: rtc core: registered rtc_cmos as rtc0
[    3.107536] rtc0: alarms up to one day, 114 bytes nvram, hpet irqs
[    3.111835] device-mapper: uevent: version 1.0.3
[    3.129919] ata2.01: configured for MWDMA2
[    3.167886] device-mapper: ioctl: 4.22.0-ioctl (2011-10-19) initialised: dm-devel@redhat.com
[    3.172040] cpuidle: using governor ladder
[    3.175350] cpuidle: using governor menu
[    3.176788] EFI Variables Facility v0.08 2004-May-17
[    3.185931] TCP cubic registered
[    3.190569] NET: Registered protocol family 10
[    3.219895] NET: Registered protocol family 17
[    3.221423] Registering the dns_resolver key type
[    3.243204] scsi 1:0:1:0: CD-ROM            QEMU     QEMU DVD-ROM     2.0. PQ: 0 ANSI: 5
[    3.273601] sr0: scsi3-mmc drive: 4x/4x cd/rw xa/form2 tray
[    3.276030] cdrom: Uniform CD-ROM driver Revision: 3.20
[    3.295047] sr 1:0:1:0: Attached scsi generic sg0 type 5
[    3.336019] registered taskstats version 1
[    3.439615] Freeing initrd memory: 3656k freed
[    3.995204]   Magic number: 11:969:675
[    4.004108] vtconsole vtcon0: hash matches
[    4.011523] rtc_cmos 00:01: setting system clock to 2015-12-26 08:41:33 UTC (1451119293)
[    4.014529] powernow-k8: Processor cpuid 663 not supported
[    4.020767] BIOS EDD facility v0.16 2004-Jun-25, 0 devices found
[    4.024586] EDD information not available.
[    4.094765] Freeing unused kernel memory: 928k freed
[    4.099911] Write protecting the kernel read-only data: 12288k
[    4.191931] Freeing unused kernel memory: 1596k freed
[    4.260177] Freeing unused kernel memory: 1184k freed

info: initramfs: up at 4.45
modprobe: module virtio_blk not found in modules.dep
modprobe: module virtio_net not found in modules.dep
info: copying initramfs to /dev/vda
info: initramfs loading root from /dev/vda
info: /etc/init.d/rc.sysinit: up at 9.29
info: container: none
Starting logging: OK
modprobe: module virtio_blk not found in modules.dep
modprobe: module virtio_net not found in modules.dep
WARN: /etc/rc3.d/S10-load-modules failed
Initializing random number generator... done.
Starting acpid: OK
cirros-ds 'local' up at 11.93
found datasource (configdrive, local)
Starting network...
udhcpc (v1.20.1) started
Sending discover...
Sending discover...
Sending discover...
Usage: /sbin/cirros-dhcpc &lt;up|down&gt;
No lease, failing
WARN: /etc/rc3.d/S40-network failed
Starting dropbear sshd: generating rsa key... generating dsa key... OK
no userdata for datasource
=== system information ===
Platform: OpenStack Foundation OpenStack Nova
Container: none
Arch: x86_64
CPU(s): 1 @ 2292.468 MHz
Cores/Sockets/Threads: 1/1/1
Virt-type: AMD-V
RAM Size: 49MB
Disks:
NAME MAJ:MIN     SIZE LABEL         MOUNTPOINT
vda  253:0   25165824 cirros-rootfs /
sr0   11:0     428032 config-2      
=== sshd host keys ===
-----BEGIN SSH HOST KEY KEYS-----
ssh-rsa AAAAB3NzaC1yc2EAAAADAQABAAAAgm9jyDpUIKm+fDyaDf5U377lXUNw+TsWWjwwcMLLT1yopT0FgMQeaL7t+xiCpGTPwWLKrEffJrl7FmRPNEt4P+3Z1lTUcOz/IDeDNKN095hDEMt0G37XgbjojBhhGlY9IGT/YQEzVn0cYUotXdE5RHGOs6y3W/pzeg2QqI2IPXwbPfU= root@tempest
ssh-dss AAAAB3NzaC1kc3MAAACBAOe/WwCgL/Cr25RauPg4uRYbdRlvdNHVNJlsMe6Wl+tTr4593wJEJRzRhTpGCBBkd1kxR8zforqIgmjdDFUFYKQCZMlKNawS19QYjKFylbEgMR5qgro+2VRAb27INDlcTBy7ykpP794QGzLR88IAvHqBwJNnjS6YT+DXbqKbEMAdAAAAFQDYugkYzBDJKfipcj5FNSy/mnoTHQAAAIBR4oOXWLHOV2gDBe3sscCtl98r+EGsbNA2JrIjT/umhcaw60sqiOmSHcZYT0HRu5yRmrYotb+Lzr8k33lDSjXPIyU43djJcB3IKP9o0VGfbypk8mFFRo7UctQWWcODZWyivl8Ev8hh6lN2Z3BKgNyD1kPO8+dXLw9IdVMSySdQdwAAAIEAwsm/UoxXLRhwLj0bMVf2jms8yvAGoEFOiZT1V24Saht1ZS9EyFR+lNEAQrbH2bHgZDoqJ5FJxbt/Upd8i1e9Mw1bYLmTtCDSTrde1zuMVqjgnSKRk0bBX+GF7aYOKLhJTVMKqwQHVae1H1iNemTg45C7LbE258iOM/YF7H/reco= root@tempest
-----END SSH HOST KEY KEYS-----
=== network info ===
if-info: lo,up,127.0.0.1,8,::1
if-info: eth0,up,,8,fe80::f816:3eff:fe8b:d681
=== datasource: configdrive local ===
instance-id: 7ed57db1-d87c-4da3-b15e-a460db6d8444
name: tempest.common.compute-instance-325558032
availability-zone: nova
local-hostname: tempest.common.compute-instance-325558032.novalocal
launch-index: 0
=== cirros: current=0.3.4 uptime=202.25 ===
route: fscanf
=== pinging gateway failed, debugging connection ===
############ debug start ##############
### /etc/init.d/sshd start
Starting dropbear sshd: OK
route: fscanf
### ifconfig -a
eth0      Link encap:Ethernet  HWaddr FA:16:3E:8B:D6:81  
          inet6 addr: fe80::f816:3eff:fe8b:d681/64 Scope:Link
          UP BROADCAST RUNNING MULTICAST  MTU:1500  Metric:1
          RX packets:12 errors:0 dropped:5 overruns:0 frame:0
          TX packets:8 errors:0 dropped:0 overruns:0 carrier:0
          collisions:0 txqueuelen:1000 
          RX bytes:1303 (1.2 KiB)  TX bytes:1134 (1.1 KiB)

lo        Link encap:Local Loopback  
          inet addr:127.0.0.1  Mask:255.0.0.0
          inet6 addr: ::1/128 Scope:Host
          UP LOOPBACK RUNNING  MTU:16436  Metric:1
          RX packets:12 errors:0 dropped:0 overruns:0 frame:0
          TX packets:12 errors:0 dropped:0 overruns:0 carrier:0
          collisions:0 txqueuelen:0 
          RX bytes:1020 (1020.0 B)  TX bytes:1020 (1020.0 B)

### route -n
Kernel IP routing table
Destination     Gateway         Genmask         Flags Metric Ref    Use Iface
route: fscanf
### cat /etc/resolv.conf
cat: can't open '/etc/resolv.conf': No such file or directory
### gateway not found
/sbin/cirros-status: line 1: can't open /etc/resolv.conf: no such file
### pinging nameservers
### uname -a
Linux tempest 3.2.0-80-virtual #116-Ubuntu SMP Mon Mar 23 17:28:52 UTC 2015 x86_64 GNU/Linux
### lsmod
Module                  Size  Used by    Not tainted
nls_iso8859_1          12713  0 
nls_cp437              16991  0 
vfat                   17585  0 
fat                    61512  1 vfat
isofs                  40259  0 
ip_tables              27473  0 
x_tables               29891  1 ip_tables
pcnet32                42119  0 
8139cp                 27360  0 
ne2k_pci               13691  0 
8390                   18856  1 ne2k_pci
e1000                 108589  0 
acpiphp                24231  0 
### dmesg | tail
[    5.240564] EXT3-fs (vda): mounted filesystem with ordered data mode
[    5.580239] ISO 9660 Extensions: Microsoft Joliet Level 3
[    5.661631] ISO 9660 Extensions: RRIP_1991A
[    5.891098] kjournald starting.  Commit interval 5 seconds
[    5.903954] EXT3-fs (vda): using internal journal
[    5.904083] EXT3-fs (vda): mounted filesystem with ordered data mode
[    9.346197] EXT3-fs (vda): using internal journal
[   12.695658] ISO 9660 Extensions: Microsoft Joliet Level 3
[   12.790407] ISO 9660 Extensions: RRIP_1991A
[   27.826057] eth0: no IPv6 routers present
### tail -n 25 /var/log/messages
Dec 26 08:41:40 cirros kern.info kernel: [    4.756075] acpiphp: Slot [26] registered
Dec 26 08:41:40 cirros kern.info kernel: [    4.757633] acpiphp: Slot [27] registered
Dec 26 08:41:40 cirros kern.info kernel: [    4.758152] acpiphp: Slot [28] registered
Dec 26 08:41:40 cirros kern.info kernel: [    4.758660] acpiphp: Slot [29] registered
Dec 26 08:41:40 cirros kern.info kernel: [    4.759248] acpiphp: Slot [30] registered
Dec 26 08:41:40 cirros kern.info kernel: [    4.759713] acpiphp: Slot [31] registered
Dec 26 08:41:40 cirros kern.info kernel: [    4.823242] e1000: Intel(R) PRO/1000 Network Driver - version 7.3.21-k8-NAPI
Dec 26 08:41:40 cirros kern.info kernel: [    4.823319] e1000: Copyright (c) 1999-2006 Intel Corporation.
Dec 26 08:41:40 cirros kern.info kernel: [    4.862320] ne2k-pci.c:v1.03 9/22/2003 D. Becker/P. Gortmaker
Dec 26 08:41:40 cirros kern.info kernel: [    4.897341] 8139cp: 8139cp: 10/100 PCI Ethernet driver v1.3 (Mar 22, 2004)
Dec 26 08:41:40 cirros kern.info kernel: [    4.934393] pcnet32: pcnet32.c:v1.35 21.Apr.2008 tsbogend@alpha.franken.de
Dec 26 08:41:40 cirros kern.info kernel: [    4.980039] ip_tables: (C) 2000-2006 Netfilter Core Team
Dec 26 08:41:40 cirros kern.info kernel: [    5.234633] kjournald starting.  Commit interval 5 seconds
Dec 26 08:41:40 cirros kern.info kernel: [    5.240564] EXT3-fs (vda): mounted filesystem with ordered data mode
Dec 26 08:41:40 cirros kern.debug kernel: [    5.580239] ISO 9660 Extensions: Microsoft Joliet Level 3
Dec 26 08:41:40 cirros kern.debug kernel: [    5.661631] ISO 9660 Extensions: RRIP_1991A
Dec 26 08:41:40 cirros kern.info kernel: [    5.891098] kjournald starting.  Commit interval 5 seconds
Dec 26 08:41:40 cirros kern.info kernel: [    5.903954] EXT3-fs (vda): using internal journal
Dec 26 08:41:40 cirros kern.info kernel: [    5.904083] EXT3-fs (vda): mounted filesystem with ordered data mode
Dec 26 08:41:40 cirros kern.info kernel: [    9.346197] EXT3-fs (vda): using internal journal
Dec 26 08:41:42 cirros kern.debug kernel: [   12.695658] ISO 9660 Extensions: Microsoft Joliet Level 3
Dec 26 08:41:42 cirros kern.debug kernel: [   12.790407] ISO 9660 Extensions: RRIP_1991A
Dec 26 08:41:45 cirros auth.notice su: + /dev/console root:cirros
Dec 26 08:41:57 cirros kern.debug kernel: [   27.826057] eth0: no IPv6 routers present
Dec 26 08:44:49 cirros authpriv.info dropbear[283]: Running in background
############ debug end   ##############
  ____               ____  ____
 / __/ __ ____ ____ / __ \/ __/
/ /__ / // __// __// /_/ /\ \ 
\___//_//_/  /_/   \____/___/ 
   http://cirros-cloud.net


login as 'cirros' user. default password: 'cubswin:)'. use 'sudo' for root.
tempest login: 
2015-12-26 08:46:33,149 21015 INFO     [tempest_lib.common.rest_client] Request (TestGettingAddress:_run_cleanups): 204 DELETE http://10.0.2.15:9696/v2.0/floatingips/86ba58f2-1718-4adc-a655-6ce415336e1c 0.469s
2015-12-26 08:46:33,150 21015 DEBUG    [tempest_lib.common.rest_client] Request - Headers: {'Content-Type': 'application/json', 'Accept': 'application/json', 'X-Auth-Token': '&lt;omitted&gt;'}
        Body: None
    Response - Headers: {'date': 'Sat, 26 Dec 2015 08:46:33 GMT', 'status': '204', 'connection': 'close', 'content-length': '0', 'x-openstack-request-id': 'req-0f1f6ded-f8fe-4dc1-85c3-e509dcf687bc'}
        Body: 
2015-12-26 08:46:33,373 21015 INFO     [tempest_lib.common.rest_client] Request (TestGettingAddress:_run_cleanups): 204 DELETE http://10.0.2.15:8774/v2.1/6bfc7ef9eb49492599078b9b4fd1d3f7/servers/7ed57db1-d87c-4da3-b15e-a460db6d8444 0.223s
2015-12-26 08:46:33,374 21015 DEBUG    [tempest_lib.common.rest_client] Request - Headers: {'Content-Type': 'application/json', 'Accept': 'application/json', 'X-Auth-Token': '&lt;omitted&gt;'}
        Body: None
    Response - Headers: {'status': '204', 'content-length': '0', 'x-compute-request-id': 'req-23213fa5-ef0e-48e4-b798-893bb66221f8', 'vary': 'X-OpenStack-Nova-API-Version', 'connection': 'close', 'x-openstack-nova-api-version': '2.1', 'date': 'Sat, 26 Dec 2015 08:46:33 GMT', 'content-type': 'application/json'}
        Body: 
2015-12-26 08:46:33,950 21015 INFO     [tempest_lib.common.rest_client] Request (TestGettingAddress:_run_cleanups): 200 GET http://10.0.2.15:8774/v2.1/6bfc7ef9eb49492599078b9b4fd1d3f7/servers/7ed57db1-d87c-4da3-b15e-a460db6d8444 0.576s
2015-12-26 08:46:33,951 21015 DEBUG    [tempest_lib.common.rest_client] Request - Headers: {'Content-Type': 'application/json', 'Accept': 'application/json', 'X-Auth-Token': '&lt;omitted&gt;'}
        Body: None
    Response - Headers: {'status': '200', 'content-length': '1903', 'content-location': 'http://10.0.2.15:8774/v2.1/6bfc7ef9eb49492599078b9b4fd1d3f7/servers/7ed57db1-d87c-4da3-b15e-a460db6d8444', 'x-compute-request-id': 'req-598c4657-5ee2-498b-b848-9ff6fce9105f', 'vary': 'X-OpenStack-Nova-API-Version', 'connection': 'close', 'x-openstack-nova-api-version': '2.1', 'date': 'Sat, 26 Dec 2015 08:46:33 GMT', 'content-type': 'application/json'}
        Body: {"server": {"status": "ACTIVE", "updated": "2015-12-26T08:46:33Z", "hostId": "dc8b7b202992611cea713d3eacd093a57ae58f7cdd086b1ab0d1407d", "addresses": {"tempest-network-smoke--1412375264": [{"OS-EXT-IPS-MAC:mac_addr": "fa:16:3e:8b:d6:81", "version": 4, "addr": "10.100.0.3", "OS-EXT-IPS:type": "fixed"}, {"OS-EXT-IPS-MAC:mac_addr": "fa:16:3e:8b:d6:81", "version": 6, "addr": "2003::f816:3eff:fe8b:d681", "OS-EXT-IPS:type": "fixed"}, {"OS-EXT-IPS-MAC:mac_addr": "fa:16:3e:8b:d6:81", "version": 4, "addr": "172.24.4.4", "OS-EXT-IPS:type": "floating"}]}, "links": [{"href": "http://10.0.2.15:8774/v2.1/6bfc7ef9eb49492599078b9b4fd1d3f7/servers/7ed57db1-d87c-4da3-b15e-a460db6d8444", "rel": "self"}, {"href": "http://10.0.2.15:8774/6bfc7ef9eb49492599078b9b4fd1d3f7/servers/7ed57db1-d87c-4da3-b15e-a460db6d8444", "rel": "bookmark"}], "key_name": "tempest-TestGettingAddress-478427587", "image": {"id": "c4f5d415-d34e-4330-8fdc-b5869c44f980", "links": [{"href": "http://10.0.2.15:8774/6bfc7ef9eb49492599078b9b4fd1d3f7/images/c4f5d415-d34e-4330-8fdc-b5869c44f980", "rel": "bookmark"}]}, "OS-EXT-STS:task_state": "deleting", "OS-EXT-STS:vm_state": "active", "OS-SRV-USG:launched_at": "2015-12-26T08:41:26.000000", "flavor": {"id": "42", "links": [{"href": "http://10.0.2.15:8774/6bfc7ef9eb49492599078b9b4fd1d3f7/flavors/42", "rel": "bookmark"}]}, "id": "7ed57db1-d87c-4da3-b15e-a460db6d8444", "security_groups": [{"name": "tempest-secgroup-smoke-1194084256"}], "OS-SRV-USG:terminated_at": null, "OS-EXT-AZ:availability_zone": "nova", "user_id": "383723ef208e4b3b87786916ec0eef27", "name": "tempest.common.compute-instance-325558032", "created": "2015-12-26T08:41:22Z", "tenant_id": "6bfc7ef9eb49492599078b9b4fd1d3f7", "OS-DCF:diskConfig": "MANUAL", "os-extended-volumes:volumes_attached": [], "accessIPv4": "", "accessIPv6": "", "progress": 0, "OS-EXT-STS:power_state": 1, "config_drive": "True", "metadata": {}}}
2015-12-26 08:46:35,201 21015 INFO     [tempest_lib.common.rest_client] Request (TestGettingAddress:_run_cleanups): 404 GET http://10.0.2.15:8774/v2.1/6bfc7ef9eb49492599078b9b4fd1d3f7/servers/7ed57db1-d87c-4da3-b15e-a460db6d8444 0.239s
2015-12-26 08:46:35,202 21015 DEBUG    [tempest_lib.common.rest_client] Request - Headers: {'Content-Type': 'application/json', 'Accept': 'application/json', 'X-Auth-Token': '&lt;omitted&gt;'}
        Body: None
    Response - Headers: {'status': '404', 'content-length': '111', 'x-compute-request-id': 'req-d6ffe7a0-b201-4f42-ae4b-f1af0417fb0e', 'vary': 'X-OpenStack-Nova-API-Version', 'connection': 'close', 'x-openstack-nova-api-version': '2.1', 'date': 'Sat, 26 Dec 2015 08:46:35 GMT', 'content-type': 'application/json; charset=UTF-8'}
        Body: {"itemNotFound": {"message": "Instance 7ed57db1-d87c-4da3-b15e-a460db6d8444 could not be found.", "code": 404}}
2015-12-26 08:46:35,614 21015 INFO     [tempest_lib.common.rest_client] Request (TestGettingAddress:_run_cleanups): 200 PUT http://10.0.2.15:9696/v2.0/routers/82fbec5a-d626-4def-9fa5-11991ddcd759/remove_router_interface 0.410s
2015-12-26 08:46:35,614 21015 DEBUG    [tempest_lib.common.rest_client] Request - Headers: {'Content-Type': 'application/json', 'Accept': 'application/json', 'X-Auth-Token': '&lt;omitted&gt;'}
        Body: {"subnet_id": "0466d46b-195c-4d2d-8aed-551580522051"}
    Response - Headers: {'status': '200', 'content-length': '255', 'connection': 'close', 'date': 'Sat, 26 Dec 2015 08:46:35 GMT', 'content-type': 'application/json; charset=UTF-8', 'x-openstack-request-id': 'req-bda2b946-8f02-44f7-96e6-06fb7cdea0ea'}
        Body: {"subnet_id": "0466d46b-195c-4d2d-8aed-551580522051", "tenant_id": "6bfc7ef9eb49492599078b9b4fd1d3f7", "subnet_ids": ["0466d46b-195c-4d2d-8aed-551580522051"], "port_id": "94423dde-690d-4ed1-86be-d39fdca5bf6b", "id": "82fbec5a-d626-4def-9fa5-11991ddcd759"}
2015-12-26 08:46:36,123 21015 INFO     [tempest_lib.common.rest_client] Request (TestGettingAddress:_run_cleanups): 204 DELETE http://10.0.2.15:9696/v2.0/subnets/0466d46b-195c-4d2d-8aed-551580522051 0.507s
2015-12-26 08:46:36,123 21015 DEBUG    [tempest_lib.common.rest_client] Request - Headers: {'Content-Type': 'application/json', 'Accept': 'application/json', 'X-Auth-Token': '&lt;omitted&gt;'}
        Body: None
    Response - Headers: {'date': 'Sat, 26 Dec 2015 08:46:36 GMT', 'status': '204', 'connection': 'close', 'content-length': '0', 'x-openstack-request-id': 'req-3faec92a-2e4e-4d4e-9ae2-0159fe4c5119'}
        Body: 
2015-12-26 08:46:36,169 21015 INFO     [tempest_lib.common.rest_client] Request (TestGettingAddress:_run_cleanups): 404 DELETE http://10.0.2.15:9696/v2.0/subnets/0466d46b-195c-4d2d-8aed-551580522051 0.045s
2015-12-26 08:46:36,170 21015 DEBUG    [tempest_lib.common.rest_client] Request - Headers: {'Content-Type': 'application/json', 'Accept': 'application/json', 'X-Auth-Token': '&lt;omitted&gt;'}
        Body: None
    Response - Headers: {'status': '404', 'content-length': '136', 'connection': 'close', 'date': 'Sat, 26 Dec 2015 08:46:36 GMT', 'content-type': 'application/json; charset=UTF-8', 'x-openstack-request-id': 'req-fbeed5db-9fa6-4c72-a68a-07d8a818638f'}
        Body: {"NeutronError": {"message": "Subnet 0466d46b-195c-4d2d-8aed-551580522051 could not be found.", "type": "SubnetNotFound", "detail": ""}}
2015-12-26 08:46:36,598 21015 INFO     [tempest_lib.common.rest_client] Request (TestGettingAddress:_run_cleanups): 200 PUT http://10.0.2.15:9696/v2.0/routers/82fbec5a-d626-4def-9fa5-11991ddcd759/remove_router_interface 0.428s
2015-12-26 08:46:36,599 21015 DEBUG    [tempest_lib.common.rest_client] Request - Headers: {'Content-Type': 'application/json', 'Accept': 'application/json', 'X-Auth-Token': '&lt;omitted&gt;'}
        Body: {"subnet_id": "221e20c2-2e04-4a9e-962e-0f63b9fac23f"}
    Response - Headers: {'status': '200', 'content-length': '255', 'connection': 'close', 'date': 'Sat, 26 Dec 2015 08:46:36 GMT', 'content-type': 'application/json; charset=UTF-8', 'x-openstack-request-id': 'req-be9977cd-6722-4e2f-8c26-e437c250a295'}
        Body: {"subnet_id": "221e20c2-2e04-4a9e-962e-0f63b9fac23f", "tenant_id": "6bfc7ef9eb49492599078b9b4fd1d3f7", "subnet_ids": ["221e20c2-2e04-4a9e-962e-0f63b9fac23f"], "port_id": "b02691a9-e4d6-4df2-ba43-7e9a71bbe205", "id": "82fbec5a-d626-4def-9fa5-11991ddcd759"}
2015-12-26 08:46:37,083 21015 INFO     [tempest_lib.common.rest_client] Request (TestGettingAddress:_run_cleanups): 204 DELETE http://10.0.2.15:9696/v2.0/subnets/221e20c2-2e04-4a9e-962e-0f63b9fac23f 0.482s
2015-12-26 08:46:37,083 21015 DEBUG    [tempest_lib.common.rest_client] Request - Headers: {'Content-Type': 'application/json', 'Accept': 'application/json', 'X-Auth-Token': '&lt;omitted&gt;'}
        Body: None
    Response - Headers: {'date': 'Sat, 26 Dec 2015 08:46:37 GMT', 'status': '204', 'connection': 'close', 'content-length': '0', 'x-openstack-request-id': 'req-885ea968-542a-40bf-8e2d-6d82acebba3d'}
        Body: 
