<?xml version="1.0" encoding="UTF-8"?>
<!DOCTYPE html PUBLIC "-//W3C//DTD XHTML 1.0 Strict//EN"
     "http://www.w3.org/TR/xhtml1/DTD/xhtml1-strict.dtd">
<html xmlns="http://www.w3.org/1999/xhtml">
<head>
    <title>Unit Test Report</title>
    <meta name="generator" content="subunit2html 0.1"/>
    <meta http-equiv="Content-Type" content="text/html; charset=UTF-8"/>
    
<style type="text/css" media="screen">
body        { font-family: verdana, arial, helvetica, sans-serif;
    font-size: 80%; }
table       { font-size: 100%; width: 100%;}
pre         { font-size: 80%; }

/* -- heading -------------------------------------------------------------- */
h1 {
        font-size: 16pt;
        color: gray;
}
.heading {
    margin-top: 0ex;
    margin-bottom: 1ex;
}

.heading .attribute {
    margin-top: 1ex;
    margin-bottom: 0;
}

.heading .description {
    margin-top: 4ex;
    margin-bottom: 6ex;
}

/* -- css div popup -------------------------------------------------------- */
a.popup_link {
}

a.popup_link:hover {
    color: red;
}

.popup_window {
    display: none;
    overflow-x: scroll;
    /*border: solid #627173 1px; */
    padding: 10px;
    background-color: #E6E6D6;
    font-family: "Ubuntu Mono", "Lucida Console", "Courier New", monospace;
    text-align: left;
    font-size: 8pt;
}

}
/* -- report --------------------------------------------------------------- */
#show_detail_line {
    margin-top: 3ex;
    margin-bottom: 1ex;
}
#result_table {
    width: 100%;
    border-collapse: collapse;
    border: 1px solid #777;
}
#header_row {
    font-weight: bold;
    color: white;
    background-color: #777;
}
#result_table td {
    border: 1px solid #777;
    padding: 2px;
}
#total_row  { font-weight: bold; }
.passClass  { background-color: #6c6; }
.failClass  { background-color: #c60; }
.errorClass { background-color: #c00; }
.passCase   { color: #6c6; }
.failCase   { color: #c60; font-weight: bold; }
.errorCase  { color: #c00; font-weight: bold; }
.hiddenRow  { display: none; }
.testcase   { margin-left: 2em; }
td.testname {width: 40%}
td.small {width: 40px}

/* -- ending --------------------------------------------------------------- */
#ending {
}

</style>

</head>
<body>
<script language="javascript" type="text/javascript"><!--
output_list = Array();

/* level - 0:Summary; 1:Failed; 2:All */
function showCase(level) {
    trs = document.getElementsByTagName("tr");
    for (var i = 0; i < trs.length; i++) {
        tr = trs[i];
        id = tr.id;
        if (id.substr(0,2) == 'ft') {
            if (level < 1) {
                tr.className = 'hiddenRow';
            }
            else {
                tr.className = '';
            }
        }
        if (id.substr(0,2) == 'pt') {
            if (level > 1) {
                tr.className = '';
            }
            else {
                tr.className = 'hiddenRow';
            }
        }
    }
}


function showClassDetail(cid, count) {
    var id_list = Array(count);
    var toHide = 1;
    for (var i = 0; i < count; i++) {
        tid0 = 't' + cid.substr(1) + '.' + (i+1);
        tid = 'f' + tid0;
        tr = document.getElementById(tid);
        if (!tr) {
            tid = 'p' + tid0;
            tr = document.getElementById(tid);
        }
        id_list[i] = tid;
        if (tr.className) {
            toHide = 0;
        }
    }
    for (var i = 0; i < count; i++) {
        tid = id_list[i];
        if (toHide) {
            document.getElementById('div_'+tid).style.display = 'none'
            document.getElementById(tid).className = 'hiddenRow';
        }
        else {
            document.getElementById(tid).className = '';
        }
    }
}


function showTestDetail(div_id){
    var details_div = document.getElementById(div_id)
    var displayState = details_div.style.display
    // alert(displayState)
    if (displayState != 'block' ) {
        displayState = 'block'
        details_div.style.display = 'block'
    }
    else {
        details_div.style.display = 'none'
    }
}


function html_escape(s) {
    s = s.replace(/&/g,'&amp;');
    s = s.replace(/</g,'&lt;');
    s = s.replace(/>/g,'&gt;');
    return s;
}

/* obsoleted by detail in <div>
function showOutput(id, name) {
    var w = window.open("", //url
                    name,
                    "resizable,scrollbars,status,width=800,height=450");
    d = w.document;
    d.write("<pre>");
    d.write(html_escape(output_list[id]));
    d.write("\n");
    d.write("<a href='javascript:window.close()'>close</a>\n");
    d.write("</pre>\n");
    d.close();
}
*/
--></script>

<div class='heading'>
<h1>Unit Test Report</h1>

<p class='attribute'><strong>Status:</strong> Failure 8</p>

<p class='description'></p>
</div>



<p id='show_detail_line'>Show
<a href='javascript:showCase(0)'>Summary</a>
<a href='javascript:showCase(1)'>Failed</a>
<a href='javascript:showCase(2)'>All</a>
</p>
<table id='result_table'>
<colgroup>
<col align='left' />
<col align='right' />
<col align='right' />
<col align='right' />
<col align='right' />
<col align='right' />
<col align='right' />
<col align='right' />
</colgroup>
<tr id='header_row'>
    <td>Test Group/Test case</td>
    <td>Count</td>
    <td>Pass</td>
    <td>Fail</td>
    <td>Error</td>
    <td>Skip</td>
    <td>View</td>
    <td> </td>
</tr>

<tr class='failClass'>
    <td class="testname">tempest.scenario.test_network_v6.TestGettingAddress</td>
    <td class="small">8</td>
    <td class="small">0</td>
    <td class="small">8</td>
    <td class="small">0</td>
    <td class="small">0</td>
    <td class="small"><a href="javascript:showClassDetail('c1',8)"
>Detail</a></td>
    <td> </td>
</tr>

<tr id='ft1.1' class='none'>
    <td class='failCase'><div class='testcase'>test_dhcp6_stateless_from_os[compute,id-d7e1f858-187c-45a6-89c9-bdafde619a9f,network]</div></td>
    <td colspan='7' align='left'>

    <!--css div popup start-->
    <a class="popup_link" onfocus='this.blur();'
    href="javascript:showTestDetail('div_ft1.1')" >
        fail</a>

    <div id='div_ft1.1' class="popup_window">
        <div style='text-align: right; color:red;cursor:pointer'>
        <a onfocus='this.blur();'
onclick="document.getElementById('div_ft1.1').style.display = 'none' " >
           [x]</a>
        </div>
        <pre>
        
ft1.1: tempest.scenario.test_network_v6.TestGettingAddress.test_dhcp6_stateless_from_os[compute,id-d7e1f858-187c-45a6-89c9-bdafde619a9f,network]_StringException: Empty attachments:
  stderr
  stdout

pythonlogging:'': {{{
2016-01-06 14:30:52,515 5977 INFO     [tempest_lib.common.rest_client] Request (TestGettingAddress:setUp): 200 POST http://10.0.2.15:8774/v2.1/7281775002fc42269331ead2d6dde802/os-keypairs 0.816s
2016-01-06 14:30:52,515 5977 DEBUG    [tempest_lib.common.rest_client] Request - Headers: {'Content-Type': 'application/json', 'Accept': 'application/json', 'X-Auth-Token': '&lt;omitted&gt;'}
        Body: {"keypair": {"name": "tempest-TestGettingAddress-926856921"}}
    Response - Headers: {'status': '200', 'content-length': '2319', 'x-compute-request-id': 'req-541684c5-556d-4930-adfd-1dcd814b5e14', 'vary': 'X-OpenStack-Nova-API-Version', 'connection': 'close', 'x-openstack-nova-api-version': '2.1', 'date': 'Wed, 06 Jan 2016 14:30:52 GMT', 'content-type': 'application/json'}
        Body: {"keypair": {"public_key": "ssh-rsa AAAAB3NzaC1yc2EAAAADAQABAAABAQCy0SdLRkxJAKIb6Qvx1tcwD+bEnAu155M1PT0/lfp9z66gZOAZm2PP6cGSg3byH9ArP1mp8tBqY41UIlQ9m171mQSx2tnELbxbXV1XPdISVMu+VmhOtRNfaXf5NuunYRB64owCLza3U7twF8LPoBsy815ABzFQ9xLmugh3a7RCsMZAbmDq2Jafr/CFJulXZlGGG9ZlqhyHt7z4yL09SpY9r2SYajeUw+LcaFNlDqlTSRgpwGRN/JLBn/IIuLXNlGtc487gY9bMkz/AXtijpzAxxi5X8CoE93lX3G5RGOZbjPuweVnejnl1KvHp9nrRyS8L3lJZePb4Q2Fx8x+upcMx Generated-by-Nova", "private_key": "-----BEGIN RSA PRIVATE KEY-----\nMIIEqAIBAAKCAQEAstEnS0ZMSQCiG+kL8dbXMA/mxJwLteeTNT09P5X6fc+uoGTg\nGZtjz+nBkoN28h/QKz9ZqfLQamONVCJUPZte9ZkEsdrZxC28W11dVz3SElTLvlZo\nTrUTX2l3+Tbrp2EQeuKMAi82t1O7cBfCz6AbMvNeQAcxUPcS5roId2u0QrDGQG5g\n6tiWn6/whSbpV2ZRhhvWZaoch7e8+Mi9PUqWPa9kmGo3lMPi3GhTZQ6pU0kYKcBk\nTfySwZ/yCLi1zZRrXOPO4GPWzJM/wF7Yo6cwMcYuV/AqBPd5V9xuURjmW4z7sHlZ\n3o55dSrx6fZ60ckvC95SWXj2+ENhcfMfrqXDMQIDAQABAoIBAD6WCeTE1ApxGEwg\ngze/9E00I5cI7uhaByIJLxjES4ohWIN3CyCrTIIG1OOM8+LG07tvTti2zc+OzHZ4\nFXgCm3fmeMgvSyzovRZVVUglsRMNbspNv/BcXE12wrENUemhhX0dMdfJ4qLDwcT3\n7A1zglGQ8JoEanRmJc1vq2rw3YTBeEFwVne+iMjpEJS8a2s53krBLYGvqDWgoekb\nBfbH4cK6Bdi9zbQ0rAnd5GlFd0L5pwVuFLc+jfSxy7vNpZtAQd7OQHxh8uTtKlRn\ndtj92b28857aa37g0Zd9iT0j9f7eT157tQFZ6G6Jt7brSpNmAIf3/UGOsazex1i3\nltXE2ckCggCBAMV6vmxQssxKKcSYEJ/0HZwaSgoyWRaiTiNuHJ8HPap5WLACypXf\nXRLNsIzDMvmX4rGSJdXrvM9QcvbrKCrF5hHNpiEYjanReEEf5T5BgTLbiDcOw9Xx\n6do31cE+X/+eL5FXvEugvBWIWckYpy/Le3QaX2lps+g7mbvYoOldZgObAoIAgQDn\nzqGmE2gZq1PuvxJ9iKKUHHlhkC5tNLWyhZhUYvCW6vqUgCeViyTIzBFqAmAtniY0\nmnLSt0zlqyslVDxaznlHvEiOnQUf+vLTN5zyE+IO+Z/UHCxp7z8rRoRstsp0ju8J\nBJ7tjTra75VKpjJTdEuWlSuMqp6m0KhCszP+lsKfIwKCAIEAs7adPsM9w84mLqPY\nVUh5/cqq4JarHn78LyAQ6eRUCSS/QgZ4SGXqNKd9aMxnQl8nzUNcLU6IF/51cSHV\n/v7z/fWxnuLSYN2g21tkawB/zEGet8Q3EidCEvXHEEJsaJqTXWiDkiunnszkMK6/\nzy4VnjY16B9quwgqQpnE7jqyEMsCggCACvGQZBzKb1vNTJosr0yCEGf/uwFpj7JL\nWbBA7sr0/Mr/JX+fXsoA5JHtyIlwLPcoapdYEGai9LzN/qcpakgRJbfX3RPAqC/a\nwun/ONaDd52FVCg4WI/49XwQyGkgybvtwQk8z445Vxi0fZ+3BIWbA/Lq6Wssrkdv\niiaXr89CRO0CggCAD9vh3EQlqSbFoEEWaCj//jNb16+GuDrdh4aDum9cUIreGjTG\n1iAEBXytb/VTRiKAImOhA2BCjnXJHs475A81K0HCTgE5fEEDX4m6wCVSd6N91KOe\nHXlMkHaapXvdKZxjd5CwY1sE1cvq2YrPfAGerpPcfcs/k4XjcwnfihvIw1I=\n-----END RSA PRIVATE KEY-----\n", "user_id": "980df4f0aeb8499cbd7fecf28b2c4c7c", "name": "tempest-TestGettingAddress-926856921", "fingerprint": "9a:93:22:f7:96:ea:94:f8:01:c3:80:f9:ba:15:df:c6"}}
2016-01-06 14:30:52,886 5977 INFO     [tempest_lib.common.rest_client] Request (TestGettingAddress:setUp): 201 POST http://10.0.2.15:9696/v2.0/security-groups 0.366s
2016-01-06 14:30:52,887 5977 DEBUG    [tempest_lib.common.rest_client] Request - Headers: {'Content-Type': 'application/json', 'Accept': 'application/json', 'X-Auth-Token': '&lt;omitted&gt;'}
        Body: {"security_group": {"tenant_id": "7281775002fc42269331ead2d6dde802", "description": "tempest-secgroup-smoke-638442031 description", "name": "tempest-secgroup-smoke-638442031"}}
    Response - Headers: {'status': '201', 'content-length': '886', 'connection': 'close', 'date': 'Wed, 06 Jan 2016 14:30:52 GMT', 'content-type': 'application/json; charset=UTF-8', 'x-openstack-request-id': 'req-ddc1a15f-7696-40fb-8142-f4b6258f5373'}
        Body: {"security_group": {"tenant_id": "7281775002fc42269331ead2d6dde802", "description": "tempest-secgroup-smoke-638442031 description", "id": "a48e6837-416c-4073-9e4c-47b795f31f23", "security_group_rules": [{"remote_group_id": null, "direction": "egress", "remote_ip_prefix": null, "protocol": null, "ethertype": "IPv4", "tenant_id": "7281775002fc42269331ead2d6dde802", "port_range_max": null, "port_range_min": null, "id": "94097256-761e-4c15-af55-144818cd92ac", "security_group_id": "a48e6837-416c-4073-9e4c-47b795f31f23"}, {"remote_group_id": null, "direction": "egress", "remote_ip_prefix": null, "protocol": null, "ethertype": "IPv6", "tenant_id": "7281775002fc42269331ead2d6dde802", "port_range_max": null, "port_range_min": null, "id": "47451924-f940-4b5b-ba7b-dc2d44054c73", "security_group_id": "a48e6837-416c-4073-9e4c-47b795f31f23"}], "name": "tempest-secgroup-smoke-638442031"}}
2016-01-06 14:30:53,011 5977 INFO     [tempest_lib.common.rest_client] Request (TestGettingAddress:setUp): 201 POST http://10.0.2.15:9696/v2.0/security-group-rules 0.122s
2016-01-06 14:30:53,011 5977 DEBUG    [tempest_lib.common.rest_client] Request - Headers: {'Content-Type': 'application/json', 'Accept': 'application/json', 'X-Auth-Token': '&lt;omitted&gt;'}
        Body: {"security_group_rule": {"direction": "ingress", "protocol": "tcp", "tenant_id": "7281775002fc42269331ead2d6dde802", "port_range_max": 22, "security_group_id": "a48e6837-416c-4073-9e4c-47b795f31f23", "port_range_min": 22}}
    Response - Headers: {'status': '201', 'content-length': '340', 'connection': 'close', 'date': 'Wed, 06 Jan 2016 14:30:53 GMT', 'content-type': 'application/json; charset=UTF-8', 'x-openstack-request-id': 'req-65bd4dd3-8f01-41d2-933a-e862afe89d79'}
        Body: {"security_group_rule": {"remote_group_id": null, "direction": "ingress", "remote_ip_prefix": null, "protocol": "tcp", "ethertype": "IPv4", "tenant_id": "7281775002fc42269331ead2d6dde802", "port_range_max": 22, "port_range_min": 22, "id": "77aa92f4-1fa5-4bc6-9aa0-e3d2758cf021", "security_group_id": "a48e6837-416c-4073-9e4c-47b795f31f23"}}
2016-01-06 14:30:53,149 5977 INFO     [tempest_lib.common.rest_client] Request (TestGettingAddress:setUp): 201 POST http://10.0.2.15:9696/v2.0/security-group-rules 0.136s
2016-01-06 14:30:53,150 5977 DEBUG    [tempest_lib.common.rest_client] Request - Headers: {'Content-Type': 'application/json', 'Accept': 'application/json', 'X-Auth-Token': '&lt;omitted&gt;'}
        Body: {"security_group_rule": {"direction": "egress", "protocol": "tcp", "tenant_id": "7281775002fc42269331ead2d6dde802", "port_range_max": 22, "security_group_id": "a48e6837-416c-4073-9e4c-47b795f31f23", "port_range_min": 22}}
    Response - Headers: {'status': '201', 'content-length': '339', 'connection': 'close', 'date': 'Wed, 06 Jan 2016 14:30:53 GMT', 'content-type': 'application/json; charset=UTF-8', 'x-openstack-request-id': 'req-14bfd0d6-a52b-4352-8bbd-b593af09a6c7'}
        Body: {"security_group_rule": {"remote_group_id": null, "direction": "egress", "remote_ip_prefix": null, "protocol": "tcp", "ethertype": "IPv4", "tenant_id": "7281775002fc42269331ead2d6dde802", "port_range_max": 22, "port_range_min": 22, "id": "ac8ac9f1-6a97-49d1-858f-b76738b89d09", "security_group_id": "a48e6837-416c-4073-9e4c-47b795f31f23"}}
2016-01-06 14:30:53,281 5977 INFO     [tempest_lib.common.rest_client] Request (TestGettingAddress:setUp): 201 POST http://10.0.2.15:9696/v2.0/security-group-rules 0.130s
2016-01-06 14:30:53,281 5977 DEBUG    [tempest_lib.common.rest_client] Request - Headers: {'Content-Type': 'application/json', 'Accept': 'application/json', 'X-Auth-Token': '&lt;omitted&gt;'}
        Body: {"security_group_rule": {"tenant_id": "7281775002fc42269331ead2d6dde802", "direction": "ingress", "protocol": "icmp", "security_group_id": "a48e6837-416c-4073-9e4c-47b795f31f23"}}
    Response - Headers: {'status': '201', 'content-length': '345', 'connection': 'close', 'date': 'Wed, 06 Jan 2016 14:30:53 GMT', 'content-type': 'application/json; charset=UTF-8', 'x-openstack-request-id': 'req-8d1c23f5-96a9-4d0e-a94d-59b5b53f5598'}
        Body: {"security_group_rule": {"remote_group_id": null, "direction": "ingress", "remote_ip_prefix": null, "protocol": "icmp", "ethertype": "IPv4", "tenant_id": "7281775002fc42269331ead2d6dde802", "port_range_max": null, "port_range_min": null, "id": "184cf7e2-71c3-412f-9044-6ae9222ddd7d", "security_group_id": "a48e6837-416c-4073-9e4c-47b795f31f23"}}
2016-01-06 14:30:53,402 5977 INFO     [tempest_lib.common.rest_client] Request (TestGettingAddress:setUp): 201 POST http://10.0.2.15:9696/v2.0/security-group-rules 0.119s
2016-01-06 14:30:53,402 5977 DEBUG    [tempest_lib.common.rest_client] Request - Headers: {'Content-Type': 'application/json', 'Accept': 'application/json', 'X-Auth-Token': '&lt;omitted&gt;'}
        Body: {"security_group_rule": {"tenant_id": "7281775002fc42269331ead2d6dde802", "direction": "egress", "protocol": "icmp", "security_group_id": "a48e6837-416c-4073-9e4c-47b795f31f23"}}
    Response - Headers: {'status': '201', 'content-length': '344', 'connection': 'close', 'date': 'Wed, 06 Jan 2016 14:30:53 GMT', 'content-type': 'application/json; charset=UTF-8', 'x-openstack-request-id': 'req-6dde9764-8062-4ac1-a69e-8d058ce70d0e'}
        Body: {"security_group_rule": {"remote_group_id": null, "direction": "egress", "remote_ip_prefix": null, "protocol": "icmp", "ethertype": "IPv4", "tenant_id": "7281775002fc42269331ead2d6dde802", "port_range_max": null, "port_range_min": null, "id": "9649f762-cd7c-408f-8386-764007b4804b", "security_group_id": "a48e6837-416c-4073-9e4c-47b795f31f23"}}
2016-01-06 14:30:53,685 5977 INFO     [tempest_lib.common.rest_client] Request (TestGettingAddress:setUp): 201 POST http://10.0.2.15:9696/v2.0/security-group-rules 0.281s
2016-01-06 14:30:53,686 5977 DEBUG    [tempest_lib.common.rest_client] Request - Headers: {'Content-Type': 'application/json', 'Accept': 'application/json', 'X-Auth-Token': '&lt;omitted&gt;'}
        Body: {"security_group_rule": {"tenant_id": "7281775002fc42269331ead2d6dde802", "direction": "ingress", "security_group_id": "a48e6837-416c-4073-9e4c-47b795f31f23", "protocol": "icmp", "ethertype": "IPv6"}}
    Response - Headers: {'status': '201', 'content-length': '345', 'connection': 'close', 'date': 'Wed, 06 Jan 2016 14:30:53 GMT', 'content-type': 'application/json; charset=UTF-8', 'x-openstack-request-id': 'req-037207ef-0b01-4eb1-babb-c8d42c3211f9'}
        Body: {"security_group_rule": {"remote_group_id": null, "direction": "ingress", "remote_ip_prefix": null, "protocol": "icmp", "ethertype": "IPv6", "tenant_id": "7281775002fc42269331ead2d6dde802", "port_range_max": null, "port_range_min": null, "id": "69625783-10b0-45bb-ab6a-8653f3a7fd0a", "security_group_id": "a48e6837-416c-4073-9e4c-47b795f31f23"}}
2016-01-06 14:30:53,813 5977 INFO     [tempest_lib.common.rest_client] Request (TestGettingAddress:setUp): 201 POST http://10.0.2.15:9696/v2.0/security-group-rules 0.126s
2016-01-06 14:30:53,814 5977 DEBUG    [tempest_lib.common.rest_client] Request - Headers: {'Content-Type': 'application/json', 'Accept': 'application/json', 'X-Auth-Token': '&lt;omitted&gt;'}
        Body: {"security_group_rule": {"tenant_id": "7281775002fc42269331ead2d6dde802", "direction": "egress", "security_group_id": "a48e6837-416c-4073-9e4c-47b795f31f23", "protocol": "icmp", "ethertype": "IPv6"}}
    Response - Headers: {'status': '201', 'content-length': '344', 'connection': 'close', 'date': 'Wed, 06 Jan 2016 14:30:53 GMT', 'content-type': 'application/json; charset=UTF-8', 'x-openstack-request-id': 'req-975afb32-9ad8-4b37-8b96-45f93860a499'}
        Body: {"security_group_rule": {"remote_group_id": null, "direction": "egress", "remote_ip_prefix": null, "protocol": "icmp", "ethertype": "IPv6", "tenant_id": "7281775002fc42269331ead2d6dde802", "port_range_max": null, "port_range_min": null, "id": "f3fd9a4c-d411-408c-9460-4f6ca8d8ac8f", "security_group_id": "a48e6837-416c-4073-9e4c-47b795f31f23"}}
2016-01-06 14:30:53,999 5977 INFO     [tempest_lib.common.rest_client] Request (TestGettingAddress:test_dhcp6_stateless_from_os): 201 POST http://10.0.2.15:9696/v2.0/networks 0.183s
2016-01-06 14:30:54,000 5977 DEBUG    [tempest_lib.common.rest_client] Request - Headers: {'Content-Type': 'application/json', 'Accept': 'application/json', 'X-Auth-Token': '&lt;omitted&gt;'}
        Body: {"network": {"tenant_id": "7281775002fc42269331ead2d6dde802", "name": "tempest-network-smoke--2123505775"}}
    Response - Headers: {'status': '201', 'content-length': '327', 'connection': 'close', 'date': 'Wed, 06 Jan 2016 14:30:53 GMT', 'content-type': 'application/json; charset=UTF-8', 'x-openstack-request-id': 'req-21afc042-8289-49de-b8dd-c1b5256cfe28'}
        Body: {"network": {"status": "ACTIVE", "subnets": [], "availability_zone_hints": [], "name": "tempest-network-smoke--2123505775", "admin_state_up": true, "tenant_id": "7281775002fc42269331ead2d6dde802", "mtu": 0, "router:external": false, "shared": false, "port_security_enabled": true, "id": "1286dc16-dfc0-4966-b693-564e4cf0a58d"}}
2016-01-06 14:30:54,205 5977 INFO     [tempest_lib.common.rest_client] Request (TestGettingAddress:test_dhcp6_stateless_from_os): 200 GET http://10.0.2.15:9696/v2.0/subnets?tenant_id=7281775002fc42269331ead2d6dde802&amp;cidr=10.100.0.0%2F28 0.203s
2016-01-06 14:30:54,205 5977 DEBUG    [tempest_lib.common.rest_client] Request - Headers: {'Content-Type': 'application/json', 'Accept': 'application/json', 'X-Auth-Token': '&lt;omitted&gt;'}
        Body: None
    Response - Headers: {'status': '200', 'content-length': '15', 'content-location': 'http://10.0.2.15:9696/v2.0/subnets?tenant_id=7281775002fc42269331ead2d6dde802&amp;cidr=10.100.0.0%2F28', 'connection': 'close', 'date': 'Wed, 06 Jan 2016 14:30:54 GMT', 'content-type': 'application/json; charset=UTF-8', 'x-openstack-request-id': 'req-7129d8fb-8d52-4414-923c-bcfaa75e24a7'}
        Body: {"subnets": []}
2016-01-06 14:30:54,589 5977 INFO     [tempest_lib.common.rest_client] Request (TestGettingAddress:test_dhcp6_stateless_from_os): 201 POST http://10.0.2.15:9696/v2.0/subnets 0.382s
2016-01-06 14:30:54,590 5977 DEBUG    [tempest_lib.common.rest_client] Request - Headers: {'Content-Type': 'application/json', 'Accept': 'application/json', 'X-Auth-Token': '&lt;omitted&gt;'}
        Body: {"subnet": {"ip_version": 4, "tenant_id": "7281775002fc42269331ead2d6dde802", "cidr": "10.100.0.0/28", "network_id": "1286dc16-dfc0-4966-b693-564e4cf0a58d", "name": "tempest-sub4-67030084"}}
    Response - Headers: {'status': '201', 'content-length': '468', 'connection': 'close', 'date': 'Wed, 06 Jan 2016 14:30:54 GMT', 'content-type': 'application/json; charset=UTF-8', 'x-openstack-request-id': 'req-5b86b601-aa9b-402a-8dd6-c211cd94326a'}
        Body: {"subnet": {"name": "tempest-sub4-67030084", "enable_dhcp": true, "network_id": "1286dc16-dfc0-4966-b693-564e4cf0a58d", "tenant_id": "7281775002fc42269331ead2d6dde802", "dns_nameservers": [], "gateway_ip": "10.100.0.1", "ipv6_ra_mode": null, "allocation_pools": [{"start": "10.100.0.2", "end": "10.100.0.14"}], "host_routes": [], "ip_version": 4, "ipv6_address_mode": null, "cidr": "10.100.0.0/28", "id": "83795d35-4aa1-4bd5-adaf-5563f6afdee0", "subnetpool_id": null}}
2016-01-06 14:30:54,666 5977 INFO     [tempest_lib.common.rest_client] Request (TestGettingAddress:test_dhcp6_stateless_from_os): 201 POST http://10.0.2.15:9696/v2.0/routers 0.075s
2016-01-06 14:30:54,667 5977 DEBUG    [tempest_lib.common.rest_client] Request - Headers: {'Content-Type': 'application/json', 'Accept': 'application/json', 'X-Auth-Token': '&lt;omitted&gt;'}
        Body: {"router": {"tenant_id": "7281775002fc42269331ead2d6dde802", "name": "tempest-router-smoke-1959726989", "admin_state_up": true}}
    Response - Headers: {'status': '201', 'content-length': '296', 'connection': 'close', 'date': 'Wed, 06 Jan 2016 14:30:54 GMT', 'content-type': 'application/json; charset=UTF-8', 'x-openstack-request-id': 'req-979818ee-2561-497e-b900-eb43677ef64d'}
        Body: {"router": {"status": "ACTIVE", "external_gateway_info": null, "availability_zone_hints": [], "availability_zones": [], "name": "tempest-router-smoke-1959726989", "admin_state_up": true, "tenant_id": "7281775002fc42269331ead2d6dde802", "routes": [], "id": "6cc13f2d-9b7a-43d9-a883-cf22cb8cc63f"}}
2016-01-06 14:30:54,715 5977 INFO     [tempest_lib.common.rest_client] Request (TestGettingAddress:test_dhcp6_stateless_from_os): 200 GET http://10.0.2.15:9696/v2.0/routers/6cc13f2d-9b7a-43d9-a883-cf22cb8cc63f 0.047s
2016-01-06 14:30:54,715 5977 DEBUG    [tempest_lib.common.rest_client] Request - Headers: {'Content-Type': 'application/json', 'Accept': 'application/json', 'X-Auth-Token': '&lt;omitted&gt;'}
        Body: None
    Response - Headers: {'status': '200', 'content-length': '296', 'content-location': 'http://10.0.2.15:9696/v2.0/routers/6cc13f2d-9b7a-43d9-a883-cf22cb8cc63f', 'connection': 'close', 'date': 'Wed, 06 Jan 2016 14:30:54 GMT', 'content-type': 'application/json; charset=UTF-8', 'x-openstack-request-id': 'req-39d7f0a4-40bb-4621-81bc-1eceadfaf05a'}
        Body: {"router": {"status": "ACTIVE", "external_gateway_info": null, "availability_zone_hints": [], "availability_zones": [], "name": "tempest-router-smoke-1959726989", "admin_state_up": true, "tenant_id": "7281775002fc42269331ead2d6dde802", "routes": [], "id": "6cc13f2d-9b7a-43d9-a883-cf22cb8cc63f"}}
2016-01-06 14:30:55,529 5977 INFO     [tempest_lib.common.rest_client] Request (TestGettingAddress:test_dhcp6_stateless_from_os): 200 PUT http://10.0.2.15:9696/v2.0/routers/6cc13f2d-9b7a-43d9-a883-cf22cb8cc63f 0.813s
2016-01-06 14:30:55,529 5977 DEBUG    [tempest_lib.common.rest_client] Request - Headers: {'Content-Type': 'application/json', 'Accept': 'application/json', 'X-Auth-Token': '&lt;omitted&gt;'}
        Body: {"router": {"external_gateway_info": {"network_id": "7e059113-db24-419a-b7fe-014b1bfdb62f"}, "name": "tempest-router-smoke-1959726989", "admin_state_up": true}}
    Response - Headers: {'status': '200', 'content-length': '558', 'connection': 'close', 'date': 'Wed, 06 Jan 2016 14:30:55 GMT', 'content-type': 'application/json; charset=UTF-8', 'x-openstack-request-id': 'req-319bbdb1-4a0f-4f54-b8d1-b35c4cda3961'}
        Body: {"router": {"status": "ACTIVE", "external_gateway_info": {"network_id": "7e059113-db24-419a-b7fe-014b1bfdb62f", "enable_snat": true, "external_fixed_ips": [{"subnet_id": "20e0b332-7195-4e99-ae28-a05816a4db09", "ip_address": "172.24.4.3"}, {"subnet_id": "7ac86ae6-c42c-423b-94e1-6e225f3d69c2", "ip_address": "2001:db8::4"}]}, "availability_zone_hints": [], "availability_zones": [], "name": "tempest-router-smoke-1959726989", "admin_state_up": true, "tenant_id": "7281775002fc42269331ead2d6dde802", "routes": [], "id": "6cc13f2d-9b7a-43d9-a883-cf22cb8cc63f"}}
2016-01-06 14:30:56,304 5977 INFO     [tempest_lib.common.rest_client] Request (TestGettingAddress:test_dhcp6_stateless_from_os): 200 PUT http://10.0.2.15:9696/v2.0/routers/6cc13f2d-9b7a-43d9-a883-cf22cb8cc63f/add_router_interface 0.774s
2016-01-06 14:30:56,305 5977 DEBUG    [tempest_lib.common.rest_client] Request - Headers: {'Content-Type': 'application/json', 'Accept': 'application/json', 'X-Auth-Token': '&lt;omitted&gt;'}
        Body: {"subnet_id": "83795d35-4aa1-4bd5-adaf-5563f6afdee0"}
    Response - Headers: {'status': '200', 'content-length': '255', 'connection': 'close', 'date': 'Wed, 06 Jan 2016 14:30:56 GMT', 'content-type': 'application/json; charset=UTF-8', 'x-openstack-request-id': 'req-d6009701-517c-4cbc-ad16-646a4fb97867'}
        Body: {"subnet_id": "83795d35-4aa1-4bd5-adaf-5563f6afdee0", "tenant_id": "7281775002fc42269331ead2d6dde802", "subnet_ids": ["83795d35-4aa1-4bd5-adaf-5563f6afdee0"], "port_id": "61a4d881-d11e-4326-98a8-4dd84711ad39", "id": "6cc13f2d-9b7a-43d9-a883-cf22cb8cc63f"}
2016-01-06 14:30:56,494 5977 INFO     [tempest_lib.common.rest_client] Request (TestGettingAddress:test_dhcp6_stateless_from_os): 200 GET http://10.0.2.15:9696/v2.0/subnets?tenant_id=7281775002fc42269331ead2d6dde802&amp;cidr=2003%3A%3A%2F64 0.188s
2016-01-06 14:30:56,495 5977 DEBUG    [tempest_lib.common.rest_client] Request - Headers: {'Content-Type': 'application/json', 'Accept': 'application/json', 'X-Auth-Token': '&lt;omitted&gt;'}
        Body: None
    Response - Headers: {'status': '200', 'content-length': '15', 'content-location': 'http://10.0.2.15:9696/v2.0/subnets?tenant_id=7281775002fc42269331ead2d6dde802&amp;cidr=2003%3A%3A%2F64', 'connection': 'close', 'date': 'Wed, 06 Jan 2016 14:30:56 GMT', 'content-type': 'application/json; charset=UTF-8', 'x-openstack-request-id': 'req-096c417a-5bfc-43fd-9ec3-f0fac78ba3af'}
        Body: {"subnets": []}
2016-01-06 14:30:56,874 5977 INFO     [tempest_lib.common.rest_client] Request (TestGettingAddress:test_dhcp6_stateless_from_os): 201 POST http://10.0.2.15:9696/v2.0/subnets 0.378s
2016-01-06 14:30:56,874 5977 DEBUG    [tempest_lib.common.rest_client] Request - Headers: {'Content-Type': 'application/json', 'Accept': 'application/json', 'X-Auth-Token': '&lt;omitted&gt;'}
        Body: {"subnet": {"name": "tempest-sub6-1227734947", "network_id": "1286dc16-dfc0-4966-b693-564e4cf0a58d", "tenant_id": "7281775002fc42269331ead2d6dde802", "ipv6_ra_mode": "dhcpv6-stateless", "ip_version": 6, "ipv6_address_mode": "dhcpv6-stateless", "cidr": "2003::/64"}}
    Response - Headers: {'status': '201', 'content-length': '502', 'connection': 'close', 'date': 'Wed, 06 Jan 2016 14:30:56 GMT', 'content-type': 'application/json; charset=UTF-8', 'x-openstack-request-id': 'req-38f5a92d-c885-48bd-a06c-b2aea95520e6'}
        Body: {"subnet": {"name": "tempest-sub6-1227734947", "enable_dhcp": true, "network_id": "1286dc16-dfc0-4966-b693-564e4cf0a58d", "tenant_id": "7281775002fc42269331ead2d6dde802", "dns_nameservers": [], "gateway_ip": "2003::1", "ipv6_ra_mode": "dhcpv6-stateless", "allocation_pools": [{"start": "2003::2", "end": "2003::ffff:ffff:ffff:ffff"}], "host_routes": [], "ip_version": 6, "ipv6_address_mode": "dhcpv6-stateless", "cidr": "2003::/64", "id": "061a5fb1-0548-4ac1-92e2-fa8ae0a4169f", "subnetpool_id": null}}
2016-01-06 14:30:57,733 5977 INFO     [tempest_lib.common.rest_client] Request (TestGettingAddress:test_dhcp6_stateless_from_os): 200 PUT http://10.0.2.15:9696/v2.0/routers/6cc13f2d-9b7a-43d9-a883-cf22cb8cc63f/add_router_interface 0.858s
2016-01-06 14:30:57,733 5977 DEBUG    [tempest_lib.common.rest_client] Request - Headers: {'Content-Type': 'application/json', 'Accept': 'application/json', 'X-Auth-Token': '&lt;omitted&gt;'}
        Body: {"subnet_id": "061a5fb1-0548-4ac1-92e2-fa8ae0a4169f"}
    Response - Headers: {'status': '200', 'content-length': '255', 'connection': 'close', 'date': 'Wed, 06 Jan 2016 14:30:57 GMT', 'content-type': 'application/json; charset=UTF-8', 'x-openstack-request-id': 'req-ca91a2a6-600b-4eac-979a-2fc50e4e0302'}
        Body: {"subnet_id": "061a5fb1-0548-4ac1-92e2-fa8ae0a4169f", "tenant_id": "7281775002fc42269331ead2d6dde802", "subnet_ids": ["061a5fb1-0548-4ac1-92e2-fa8ae0a4169f"], "port_id": "1e48a433-b14c-44c5-a0d7-50610fb0ce3d", "id": "6cc13f2d-9b7a-43d9-a883-cf22cb8cc63f"}
2016-01-06 14:30:57,840 5977 INFO     [tempest_lib.common.rest_client] Request (TestGettingAddress:test_dhcp6_stateless_from_os): 200 POST http://10.0.2.15:5000/v2.0/tokens
2016-01-06 14:30:57,840 5977 DEBUG    [tempest_lib.common.rest_client] Request - Headers: {'Content-Type': 'application/json', 'Accept': 'application/json'}
        Body: &lt;omitted&gt;
    Response - Headers: {'status': '200', 'content-length': '2269', 'vary': 'X-Auth-Token', 'server': 'Apache/2.4.7 (Ubuntu)', 'connection': 'close', 'date': 'Wed, 06 Jan 2016 14:30:57 GMT', 'content-type': 'application/json', 'x-openstack-request-id': 'req-d4bd09bf-35ba-4c1f-9309-dcb3b9345bac'}
        Body: {"access": {"token": {"issued_at": "2016-01-06T14:30:57.830913", "expires": "2016-01-06T15:30:57Z", "id": "43bd26f3d400486298a90da7b4ef540c", "tenant": {"description": "tempest-TestGettingAddress-721074392-desc", "enabled": true, "id": "7281775002fc42269331ead2d6dde802", "name": "tempest-TestGettingAddress-721074392"}, "audit_ids": ["6oUK6EIeSTCoBPoalA-F3A"]}, "serviceCatalog": [{"endpoints": [{"adminURL": "http://10.0.2.15:9292", "region": "RegionOne", "internalURL": "http://10.0.2.15:9292", "id": "d425f9b205a74a209c5d2d3497a27039", "publicURL": "http://10.0.2.15:9292"}], "endpoints_links": [], "type": "image", "name": "glance"}, {"endpoints": [{"adminURL": "http://10.0.2.15:8774/v2.1/7281775002fc42269331ead2d6dde802", "region": "RegionOne", "internalURL": "http://10.0.2.15:8774/v2.1/7281775002fc42269331ead2d6dde802", "id": "75cb78afc9a049408e29e820bcd3fff5", "publicURL": "http://10.0.2.15:8774/v2.1/7281775002fc42269331ead2d6dde802"}], "endpoints_links": [], "type": "compute", "name": "nova"}, {"endpoints": [{"adminURL": "http://10.0.2.15:8774/v2/7281775002fc42269331ead2d6dde802", "region": "RegionOne", "internalURL": "http://10.0.2.15:8774/v2/7281775002fc42269331ead2d6dde802", "id": "305ca0a9c3ab40999f198bf3f9ee9226", "publicURL": "http://10.0.2.15:8774/v2/7281775002fc42269331ead2d6dde802"}], "endpoints_links": [], "type": "compute_legacy", "name": "nova_legacy"}, {"endpoints": [{"adminURL": "http://10.0.2.15:35357/v2.0", "region": "RegionOne", "internalURL": "http://10.0.2.15:5000/v2.0", "id": "156fd5fa913444d6a981e9aec05a7ceb", "publicURL": "http://10.0.2.15:5000/v2.0"}], "endpoints_links": [], "type": "identity", "name": "keystone"}, {"endpoints": [{"adminURL": "http://10.0.2.15:9696/", "region": "RegionOne", "internalURL": "http://10.0.2.15:9696/", "id": "968d06bbe4f94558a4e878bda930fe1b", "publicURL": "http://10.0.2.15:9696/"}], "endpoints_links": [], "type": "network", "name": "neutron"}], "user": {"username": "tempest-TestGettingAddress-1248863195", "roles_links": [], "id": "980df4f0aeb8499cbd7fecf28b2c4c7c", "roles": [{"name": "_member_"}, {"name": "Member"}], "name": "tempest-TestGettingAddress-1248863195"}, "metadata": {"is_admin": 0, "roles": ["9fe2ff9ee4384b1894a90878d3e92bab", "8218b90267ab4999824b74e78a2eecea"]}}}
2016-01-06 14:30:57,844 5977 DEBUG    [tempest.common.fixed_network] (TestGettingAddress:test_dhcp6_stateless_from_os) No valid network provided or created, defaulting to fixed_network_name
2016-01-06 14:30:58,146 5977 INFO     [tempest_lib.common.rest_client] Request (TestGettingAddress:test_dhcp6_stateless_from_os): 200 GET http://10.0.2.15:8774/v2.1/7281775002fc42269331ead2d6dde802/os-networks 0.302s
2016-01-06 14:30:58,147 5977 DEBUG    [tempest_lib.common.rest_client] Request - Headers: {'Content-Type': 'application/json', 'Accept': 'application/json', 'X-Auth-Token': '&lt;omitted&gt;'}
        Body: None
    Response - Headers: {'status': '200', 'content-length': '479', 'content-location': 'http://10.0.2.15:8774/v2.1/7281775002fc42269331ead2d6dde802/os-networks', 'x-compute-request-id': 'req-b7295c75-fdd2-41a7-a1c4-4159ee726fc8', 'vary': 'X-OpenStack-Nova-API-Version', 'connection': 'close', 'x-openstack-nova-api-version': '2.1', 'date': 'Wed, 06 Jan 2016 14:30:58 GMT', 'content-type': 'application/json'}
        Body: {"networks": [{"cidr_v6": null, "dns2": null, "dns1": null, "gateway": null, "broadcast": null, "netmask": null, "gateway_v6": null, "cidr": null, "label": "public", "id": "7e059113-db24-419a-b7fe-014b1bfdb62f", "netmask_v6": null}, {"cidr_v6": null, "dns2": null, "dns1": null, "gateway": null, "broadcast": null, "netmask": null, "gateway_v6": null, "cidr": null, "label": "tempest-network-smoke--2123505775", "id": "1286dc16-dfc0-4966-b693-564e4cf0a58d", "netmask_v6": null}]}
2016-01-06 14:30:58,147 5977 WARNING  [tempest.common.fixed_network] (TestGettingAddress:test_dhcp6_stateless_from_os) Network with name: private not found
2016-01-06 14:30:58,147 5977 INFO     [tempest.common.fixed_network] (TestGettingAddress:test_dhcp6_stateless_from_os) Found network {} available for tenant
2016-01-06 14:31:00,081 5977 INFO     [tempest_lib.common.rest_client] Request (TestGettingAddress:test_dhcp6_stateless_from_os): 202 POST http://10.0.2.15:8774/v2.1/7281775002fc42269331ead2d6dde802/servers 1.933s
2016-01-06 14:31:00,082 5977 DEBUG    [tempest_lib.common.rest_client] Request - Headers: {'Content-Type': 'application/json', 'Accept': 'application/json', 'X-Auth-Token': '&lt;omitted&gt;'}
        Body: {"server": {"name": "tempest.common.compute-instance-52258183", "imageRef": "e8c33c06-35fa-4539-aba3-a6a2b7f80658", "key_name": "tempest-TestGettingAddress-926856921", "flavorRef": "42", "networks": [{"uuid": "1286dc16-dfc0-4966-b693-564e4cf0a58d"}], "security_groups": [{"name": "tempest-secgroup-smoke-638442031"}]}}
    Response - Headers: {'status': '202', 'content-length': '461', 'x-compute-request-id': 'req-1d8329ca-b9d6-492d-9f76-c413b41afb66', 'vary': 'X-OpenStack-Nova-API-Version', 'connection': 'close', 'location': 'http://10.0.2.15:8774/v2.1/7281775002fc42269331ead2d6dde802/servers/5042b9e8-0762-409a-a0b3-abbe5efeb421', 'x-openstack-nova-api-version': '2.1', 'date': 'Wed, 06 Jan 2016 14:31:00 GMT', 'content-type': 'application/json'}
        Body: {"server": {"security_groups": [{"name": "tempest-secgroup-smoke-638442031"}], "OS-DCF:diskConfig": "MANUAL", "id": "5042b9e8-0762-409a-a0b3-abbe5efeb421", "links": [{"href": "http://10.0.2.15:8774/v2.1/7281775002fc42269331ead2d6dde802/servers/5042b9e8-0762-409a-a0b3-abbe5efeb421", "rel": "self"}, {"href": "http://10.0.2.15:8774/7281775002fc42269331ead2d6dde802/servers/5042b9e8-0762-409a-a0b3-abbe5efeb421", "rel": "bookmark"}], "adminPass": "ui2jwSKc9zrh"}}
2016-01-06 14:31:00,221 5977 INFO     [tempest_lib.common.rest_client] Request (TestGettingAddress:test_dhcp6_stateless_from_os): 200 GET http://10.0.2.15:8774/v2.1/7281775002fc42269331ead2d6dde802/servers/5042b9e8-0762-409a-a0b3-abbe5efeb421 0.135s
2016-01-06 14:31:00,221 5977 DEBUG    [tempest_lib.common.rest_client] Request - Headers: {'Content-Type': 'application/json', 'Accept': 'application/json', 'X-Auth-Token': '&lt;omitted&gt;'}
        Body: None
    Response - Headers: {'status': '200', 'content-length': '1352', 'content-location': 'http://10.0.2.15:8774/v2.1/7281775002fc42269331ead2d6dde802/servers/5042b9e8-0762-409a-a0b3-abbe5efeb421', 'x-compute-request-id': 'req-97115eb3-3de3-45ee-ad45-e8d866c2cafe', 'vary': 'X-OpenStack-Nova-API-Version', 'connection': 'close', 'x-openstack-nova-api-version': '2.1', 'date': 'Wed, 06 Jan 2016 14:31:00 GMT', 'content-type': 'application/json'}
        Body: {"server": {"status": "BUILD", "updated": "2016-01-06T14:31:00Z", "hostId": "", "addresses": {}, "links": [{"href": "http://10.0.2.15:8774/v2.1/7281775002fc42269331ead2d6dde802/servers/5042b9e8-0762-409a-a0b3-abbe5efeb421", "rel": "self"}, {"href": "http://10.0.2.15:8774/7281775002fc42269331ead2d6dde802/servers/5042b9e8-0762-409a-a0b3-abbe5efeb421", "rel": "bookmark"}], "key_name": "tempest-TestGettingAddress-926856921", "image": {"id": "e8c33c06-35fa-4539-aba3-a6a2b7f80658", "links": [{"href": "http://10.0.2.15:8774/7281775002fc42269331ead2d6dde802/images/e8c33c06-35fa-4539-aba3-a6a2b7f80658", "rel": "bookmark"}]}, "OS-EXT-STS:task_state": "scheduling", "OS-EXT-STS:vm_state": "building", "OS-SRV-USG:launched_at": null, "flavor": {"id": "42", "links": [{"href": "http://10.0.2.15:8774/7281775002fc42269331ead2d6dde802/flavors/42", "rel": "bookmark"}]}, "id": "5042b9e8-0762-409a-a0b3-abbe5efeb421", "OS-SRV-USG:terminated_at": null, "OS-EXT-AZ:availability_zone": "", "user_id": "980df4f0aeb8499cbd7fecf28b2c4c7c", "name": "tempest.common.compute-instance-52258183", "created": "2016-01-06T14:30:59Z", "tenant_id": "7281775002fc42269331ead2d6dde802", "OS-DCF:diskConfig": "MANUAL", "os-extended-volumes:volumes_attached": [], "accessIPv4": "", "accessIPv6": "", "progress": 0, "OS-EXT-STS:power_state": 0, "config_drive": "", "metadata": {}}}
2016-01-06 14:31:01,546 5977 INFO     [tempest_lib.common.rest_client] Request (TestGettingAddress:test_dhcp6_stateless_from_os): 200 GET http://10.0.2.15:8774/v2.1/7281775002fc42269331ead2d6dde802/servers/5042b9e8-0762-409a-a0b3-abbe5efeb421 0.312s
2016-01-06 14:31:01,547 5977 DEBUG    [tempest_lib.common.rest_client] Request - Headers: {'Content-Type': 'application/json', 'Accept': 'application/json', 'X-Auth-Token': '&lt;omitted&gt;'}
        Body: None
    Response - Headers: {'status': '200', 'content-length': '1477', 'content-location': 'http://10.0.2.15:8774/v2.1/7281775002fc42269331ead2d6dde802/servers/5042b9e8-0762-409a-a0b3-abbe5efeb421', 'x-compute-request-id': 'req-747c2066-b00b-40ed-be39-a5db93a8271f', 'vary': 'X-OpenStack-Nova-API-Version', 'connection': 'close', 'x-openstack-nova-api-version': '2.1', 'date': 'Wed, 06 Jan 2016 14:31:01 GMT', 'content-type': 'application/json'}
        Body: {"server": {"status": "BUILD", "updated": "2016-01-06T14:31:01Z", "hostId": "6e3adafa7b0a60e00ef4fa3bf135e420691ca59cae87df099d49f21f", "addresses": {}, "links": [{"href": "http://10.0.2.15:8774/v2.1/7281775002fc42269331ead2d6dde802/servers/5042b9e8-0762-409a-a0b3-abbe5efeb421", "rel": "self"}, {"href": "http://10.0.2.15:8774/7281775002fc42269331ead2d6dde802/servers/5042b9e8-0762-409a-a0b3-abbe5efeb421", "rel": "bookmark"}], "key_name": "tempest-TestGettingAddress-926856921", "image": {"id": "e8c33c06-35fa-4539-aba3-a6a2b7f80658", "links": [{"href": "http://10.0.2.15:8774/7281775002fc42269331ead2d6dde802/images/e8c33c06-35fa-4539-aba3-a6a2b7f80658", "rel": "bookmark"}]}, "OS-EXT-STS:task_state": "spawning", "OS-EXT-STS:vm_state": "building", "OS-SRV-USG:launched_at": null, "flavor": {"id": "42", "links": [{"href": "http://10.0.2.15:8774/7281775002fc42269331ead2d6dde802/flavors/42", "rel": "bookmark"}]}, "id": "5042b9e8-0762-409a-a0b3-abbe5efeb421", "security_groups": [{"name": "tempest-secgroup-smoke-638442031"}], "OS-SRV-USG:terminated_at": null, "OS-EXT-AZ:availability_zone": "nova", "user_id": "980df4f0aeb8499cbd7fecf28b2c4c7c", "name": "tempest.common.compute-instance-52258183", "created": "2016-01-06T14:30:59Z", "tenant_id": "7281775002fc42269331ead2d6dde802", "OS-DCF:diskConfig": "MANUAL", "os-extended-volumes:volumes_attached": [], "accessIPv4": "", "accessIPv6": "", "progress": 0, "OS-EXT-STS:power_state": 0, "config_drive": "", "metadata": {}}}
2016-01-06 14:31:01,555 5977 INFO     [tempest.common.waiters] State transition "BUILD/scheduling" ==&gt; "BUILD/spawning" after 1 second wait
2016-01-06 14:31:02,822 5977 INFO     [tempest_lib.common.rest_client] Request (TestGettingAddress:test_dhcp6_stateless_from_os): 200 GET http://10.0.2.15:8774/v2.1/7281775002fc42269331ead2d6dde802/servers/5042b9e8-0762-409a-a0b3-abbe5efeb421 0.264s
2016-01-06 14:31:02,822 5977 DEBUG    [tempest_lib.common.rest_client] Request - Headers: {'Content-Type': 'application/json', 'Accept': 'application/json', 'X-Auth-Token': '&lt;omitted&gt;'}
        Body: None
    Response - Headers: {'status': '200', 'content-length': '1477', 'content-location': 'http://10.0.2.15:8774/v2.1/7281775002fc42269331ead2d6dde802/servers/5042b9e8-0762-409a-a0b3-abbe5efeb421', 'x-compute-request-id': 'req-32ed4382-7953-4faa-9b9f-ba3f8eb30576', 'vary': 'X-OpenStack-Nova-API-Version', 'connection': 'close', 'x-openstack-nova-api-version': '2.1', 'date': 'Wed, 06 Jan 2016 14:31:02 GMT', 'content-type': 'application/json'}
        Body: {"server": {"status": "BUILD", "updated": "2016-01-06T14:31:01Z", "hostId": "6e3adafa7b0a60e00ef4fa3bf135e420691ca59cae87df099d49f21f", "addresses": {}, "links": [{"href": "http://10.0.2.15:8774/v2.1/7281775002fc42269331ead2d6dde802/servers/5042b9e8-0762-409a-a0b3-abbe5efeb421", "rel": "self"}, {"href": "http://10.0.2.15:8774/7281775002fc42269331ead2d6dde802/servers/5042b9e8-0762-409a-a0b3-abbe5efeb421", "rel": "bookmark"}], "key_name": "tempest-TestGettingAddress-926856921", "image": {"id": "e8c33c06-35fa-4539-aba3-a6a2b7f80658", "links": [{"href": "http://10.0.2.15:8774/7281775002fc42269331ead2d6dde802/images/e8c33c06-35fa-4539-aba3-a6a2b7f80658", "rel": "bookmark"}]}, "OS-EXT-STS:task_state": "spawning", "OS-EXT-STS:vm_state": "building", "OS-SRV-USG:launched_at": null, "flavor": {"id": "42", "links": [{"href": "http://10.0.2.15:8774/7281775002fc42269331ead2d6dde802/flavors/42", "rel": "bookmark"}]}, "id": "5042b9e8-0762-409a-a0b3-abbe5efeb421", "security_groups": [{"name": "tempest-secgroup-smoke-638442031"}], "OS-SRV-USG:terminated_at": null, "OS-EXT-AZ:availability_zone": "nova", "user_id": "980df4f0aeb8499cbd7fecf28b2c4c7c", "name": "tempest.common.compute-instance-52258183", "created": "2016-01-06T14:30:59Z", "tenant_id": "7281775002fc42269331ead2d6dde802", "OS-DCF:diskConfig": "MANUAL", "os-extended-volumes:volumes_attached": [], "accessIPv4": "", "accessIPv6": "", "progress": 0, "OS-EXT-STS:power_state": 0, "config_drive": "", "metadata": {}}}
2016-01-06 14:31:04,038 5977 INFO     [tempest_lib.common.rest_client] Request (TestGettingAddress:test_dhcp6_stateless_from_os): 200 GET http://10.0.2.15:8774/v2.1/7281775002fc42269331ead2d6dde802/servers/5042b9e8-0762-409a-a0b3-abbe5efeb421 0.206s
2016-01-06 14:31:04,038 5977 DEBUG    [tempest_lib.common.rest_client] Request - Headers: {'Content-Type': 'application/json', 'Accept': 'application/json', 'X-Auth-Token': '&lt;omitted&gt;'}
        Body: None
    Response - Headers: {'status': '200', 'content-length': '1778', 'content-location': 'http://10.0.2.15:8774/v2.1/7281775002fc42269331ead2d6dde802/servers/5042b9e8-0762-409a-a0b3-abbe5efeb421', 'x-compute-request-id': 'req-68911b71-76a0-4622-be00-f18e746f14ca', 'vary': 'X-OpenStack-Nova-API-Version', 'connection': 'close', 'x-openstack-nova-api-version': '2.1', 'date': 'Wed, 06 Jan 2016 14:31:04 GMT', 'content-type': 'application/json'}
        Body: {"server": {"status": "ACTIVE", "updated": "2016-01-06T14:31:03Z", "hostId": "6e3adafa7b0a60e00ef4fa3bf135e420691ca59cae87df099d49f21f", "addresses": {"tempest-network-smoke--2123505775": [{"OS-EXT-IPS-MAC:mac_addr": "fa:16:3e:db:65:31", "version": 4, "addr": "10.100.0.3", "OS-EXT-IPS:type": "fixed"}, {"OS-EXT-IPS-MAC:mac_addr": "fa:16:3e:db:65:31", "version": 6, "addr": "2003::f816:3eff:fedb:6531", "OS-EXT-IPS:type": "fixed"}]}, "links": [{"href": "http://10.0.2.15:8774/v2.1/7281775002fc42269331ead2d6dde802/servers/5042b9e8-0762-409a-a0b3-abbe5efeb421", "rel": "self"}, {"href": "http://10.0.2.15:8774/7281775002fc42269331ead2d6dde802/servers/5042b9e8-0762-409a-a0b3-abbe5efeb421", "rel": "bookmark"}], "key_name": "tempest-TestGettingAddress-926856921", "image": {"id": "e8c33c06-35fa-4539-aba3-a6a2b7f80658", "links": [{"href": "http://10.0.2.15:8774/7281775002fc42269331ead2d6dde802/images/e8c33c06-35fa-4539-aba3-a6a2b7f80658", "rel": "bookmark"}]}, "OS-EXT-STS:task_state": null, "OS-EXT-STS:vm_state": "active", "OS-SRV-USG:launched_at": "2016-01-06T14:31:03.000000", "flavor": {"id": "42", "links": [{"href": "http://10.0.2.15:8774/7281775002fc42269331ead2d6dde802/flavors/42", "rel": "bookmark"}]}, "id": "5042b9e8-0762-409a-a0b3-abbe5efeb421", "security_groups": [{"name": "tempest-secgroup-smoke-638442031"}], "OS-SRV-USG:terminated_at": null, "OS-EXT-AZ:availability_zone": "nova", "user_id": "980df4f0aeb8499cbd7fecf28b2c4c7c", "name": "tempest.common.compute-instance-52258183", "created": "2016-01-06T14:30:59Z", "tenant_id": "7281775002fc42269331ead2d6dde802", "OS-DCF:diskConfig": "MANUAL", "os-extended-volumes:volumes_attached": [], "accessIPv4": "", "accessIPv6": "", "progress": 0, "OS-EXT-STS:power_state": 1, "config_drive": "True", "metadata": {}}}
2016-01-06 14:31:04,048 5977 INFO     [tempest.common.waiters] State transition "BUILD/spawning" ==&gt; "ACTIVE/None" after 4 second wait
2016-01-06 14:31:04,266 5977 INFO     [tempest_lib.common.rest_client] Request (TestGettingAddress:test_dhcp6_stateless_from_os): 200 GET http://10.0.2.15:8774/v2.1/7281775002fc42269331ead2d6dde802/servers/5042b9e8-0762-409a-a0b3-abbe5efeb421 0.218s
2016-01-06 14:31:04,266 5977 DEBUG    [tempest_lib.common.rest_client] Request - Headers: {'Content-Type': 'application/json', 'Accept': 'application/json', 'X-Auth-Token': '&lt;omitted&gt;'}
        Body: None
    Response - Headers: {'status': '200', 'content-length': '1778', 'content-location': 'http://10.0.2.15:8774/v2.1/7281775002fc42269331ead2d6dde802/servers/5042b9e8-0762-409a-a0b3-abbe5efeb421', 'x-compute-request-id': 'req-f5085af1-d471-40f0-9a80-19e74aebbe74', 'vary': 'X-OpenStack-Nova-API-Version', 'connection': 'close', 'x-openstack-nova-api-version': '2.1', 'date': 'Wed, 06 Jan 2016 14:31:04 GMT', 'content-type': 'application/json'}
        Body: {"server": {"status": "ACTIVE", "updated": "2016-01-06T14:31:03Z", "hostId": "6e3adafa7b0a60e00ef4fa3bf135e420691ca59cae87df099d49f21f", "addresses": {"tempest-network-smoke--2123505775": [{"OS-EXT-IPS-MAC:mac_addr": "fa:16:3e:db:65:31", "version": 4, "addr": "10.100.0.3", "OS-EXT-IPS:type": "fixed"}, {"OS-EXT-IPS-MAC:mac_addr": "fa:16:3e:db:65:31", "version": 6, "addr": "2003::f816:3eff:fedb:6531", "OS-EXT-IPS:type": "fixed"}]}, "links": [{"href": "http://10.0.2.15:8774/v2.1/7281775002fc42269331ead2d6dde802/servers/5042b9e8-0762-409a-a0b3-abbe5efeb421", "rel": "self"}, {"href": "http://10.0.2.15:8774/7281775002fc42269331ead2d6dde802/servers/5042b9e8-0762-409a-a0b3-abbe5efeb421", "rel": "bookmark"}], "key_name": "tempest-TestGettingAddress-926856921", "image": {"id": "e8c33c06-35fa-4539-aba3-a6a2b7f80658", "links": [{"href": "http://10.0.2.15:8774/7281775002fc42269331ead2d6dde802/images/e8c33c06-35fa-4539-aba3-a6a2b7f80658", "rel": "bookmark"}]}, "OS-EXT-STS:task_state": null, "OS-EXT-STS:vm_state": "active", "OS-SRV-USG:launched_at": "2016-01-06T14:31:03.000000", "flavor": {"id": "42", "links": [{"href": "http://10.0.2.15:8774/7281775002fc42269331ead2d6dde802/flavors/42", "rel": "bookmark"}]}, "id": "5042b9e8-0762-409a-a0b3-abbe5efeb421", "security_groups": [{"name": "tempest-secgroup-smoke-638442031"}], "OS-SRV-USG:terminated_at": null, "OS-EXT-AZ:availability_zone": "nova", "user_id": "980df4f0aeb8499cbd7fecf28b2c4c7c", "name": "tempest.common.compute-instance-52258183", "created": "2016-01-06T14:30:59Z", "tenant_id": "7281775002fc42269331ead2d6dde802", "OS-DCF:diskConfig": "MANUAL", "os-extended-volumes:volumes_attached": [], "accessIPv4": "", "accessIPv6": "", "progress": 0, "OS-EXT-STS:power_state": 1, "config_drive": "True", "metadata": {}}}
2016-01-06 14:31:04,309 5977 INFO     [tempest_lib.common.rest_client] Request (TestGettingAddress:test_dhcp6_stateless_from_os): 200 GET http://10.0.2.15:9696/v2.0/ports?status=ACTIVE&amp;fixed_ip=None&amp;device_id=5042b9e8-0762-409a-a0b3-abbe5efeb421 0.033s
2016-01-06 14:31:04,309 5977 DEBUG    [tempest_lib.common.rest_client] Request - Headers: {'Content-Type': 'application/json', 'Accept': 'application/json', 'X-Auth-Token': '&lt;omitted&gt;'}
        Body: None
    Response - Headers: {'status': '200', 'content-length': '1142', 'content-location': 'http://10.0.2.15:9696/v2.0/ports?status=ACTIVE&amp;fixed_ip=None&amp;device_id=5042b9e8-0762-409a-a0b3-abbe5efeb421', 'connection': 'close', 'date': 'Wed, 06 Jan 2016 14:31:04 GMT', 'content-type': 'application/json; charset=UTF-8', 'x-openstack-request-id': 'req-d9e0a2e2-ab7f-4a9d-87b8-5478c399a761'}
        Body: {"ports": [{"status": "ACTIVE", "binding:host_id": "vagrant-ubuntu-trusty-64", "allowed_address_pairs": [], "extra_dhcp_opts": [], "dns_assignment": [{"hostname": "host-10-100-0-3", "ip_address": "10.100.0.3", "fqdn": "host-10-100-0-3.openstacklocal."}, {"hostname": "host-2003--f816-3eff-fedb-6531", "ip_address": "2003::f816:3eff:fedb:6531", "fqdn": "host-2003--f816-3eff-fedb-6531.openstacklocal."}], "device_owner": "compute:None", "port_security_enabled": true, "binding:profile": {}, "fixed_ips": [{"subnet_id": "83795d35-4aa1-4bd5-adaf-5563f6afdee0", "ip_address": "10.100.0.3"}, {"subnet_id": "061a5fb1-0548-4ac1-92e2-fa8ae0a4169f", "ip_address": "2003::f816:3eff:fedb:6531"}], "id": "2f49f2f0-2160-4a25-8f67-5010ae4476d3", "security_groups": ["a48e6837-416c-4073-9e4c-47b795f31f23"], "device_id": "5042b9e8-0762-409a-a0b3-abbe5efeb421", "name": "", "admin_state_up": true, "network_id": "1286dc16-dfc0-4966-b693-564e4cf0a58d", "dns_name": "", "binding:vif_details": {"port_filter": true}, "binding:vnic_type": "normal", "binding:vif_type": "ovs", "tenant_id": "7281775002fc42269331ead2d6dde802", "mac_address": "fa:16:3e:db:65:31"}]}
2016-01-06 14:31:04,851 5977 INFO     [tempest_lib.common.rest_client] Request (TestGettingAddress:test_dhcp6_stateless_from_os): 201 POST http://10.0.2.15:9696/v2.0/floatingips 0.541s
2016-01-06 14:31:04,851 5977 DEBUG    [tempest_lib.common.rest_client] Request - Headers: {'Content-Type': 'application/json', 'Accept': 'application/json', 'X-Auth-Token': '&lt;omitted&gt;'}
        Body: {"floatingip": {"floating_network_id": "7e059113-db24-419a-b7fe-014b1bfdb62f", "tenant_id": "7281775002fc42269331ead2d6dde802", "fixed_ip_address": "10.100.0.3", "port_id": "2f49f2f0-2160-4a25-8f67-5010ae4476d3"}}
    Response - Headers: {'status': '201', 'content-length': '367', 'connection': 'close', 'date': 'Wed, 06 Jan 2016 14:31:04 GMT', 'content-type': 'application/json; charset=UTF-8', 'x-openstack-request-id': 'req-3e05f03c-f6f3-47a9-bc8f-db117c35adc1'}
        Body: {"floatingip": {"floating_network_id": "7e059113-db24-419a-b7fe-014b1bfdb62f", "router_id": "6cc13f2d-9b7a-43d9-a883-cf22cb8cc63f", "fixed_ip_address": "10.100.0.3", "floating_ip_address": "172.24.4.4", "tenant_id": "7281775002fc42269331ead2d6dde802", "status": "DOWN", "port_id": "2f49f2f0-2160-4a25-8f67-5010ae4476d3", "id": "88db11ac-7976-4177-9839-a4968b6e8320"}}
2016-01-06 14:31:04,852 5977 INFO     [tempest_lib.common.ssh] Creating ssh connection to '172.24.4.4' as 'cirros' with public key authentication
2016-01-06 14:31:08,788 5977 WARNING  [tempest_lib.common.ssh] Failed to establish authenticated ssh connection to cirros@172.24.4.4 ([Errno None] Unable to connect to port 22 on  or 172.24.4.4). Number attempts: 1. Retry after 2 seconds.
2016-01-06 14:31:14,287 5977 WARNING  [tempest_lib.common.ssh] Failed to establish authenticated ssh connection to cirros@172.24.4.4 ([Errno None] Unable to connect to port 22 on  or 172.24.4.4). Number attempts: 2. Retry after 3 seconds.
2016-01-06 14:31:20,791 5977 WARNING  [tempest_lib.common.ssh] Failed to establish authenticated ssh connection to cirros@172.24.4.4 ([Errno None] Unable to connect to port 22 on  or 172.24.4.4). Number attempts: 3. Retry after 4 seconds.
2016-01-06 14:31:28,295 5977 WARNING  [tempest_lib.common.ssh] Failed to establish authenticated ssh connection to cirros@172.24.4.4 ([Errno None] Unable to connect to port 22 on  or 172.24.4.4). Number attempts: 4. Retry after 5 seconds.
2016-01-06 14:31:36,800 5977 WARNING  [tempest_lib.common.ssh] Failed to establish authenticated ssh connection to cirros@172.24.4.4 ([Errno None] Unable to connect to port 22 on  or 172.24.4.4). Number attempts: 5. Retry after 6 seconds.
2016-01-06 14:31:46,308 5977 WARNING  [tempest_lib.common.ssh] Failed to establish authenticated ssh connection to cirros@172.24.4.4 ([Errno None] Unable to connect to port 22 on  or 172.24.4.4). Number attempts: 6. Retry after 7 seconds.
2016-01-06 14:31:56,815 5977 WARNING  [tempest_lib.common.ssh] Failed to establish authenticated ssh connection to cirros@172.24.4.4 ([Errno None] Unable to connect to port 22 on  or 172.24.4.4). Number attempts: 7. Retry after 8 seconds.
2016-01-06 14:32:08,319 5977 WARNING  [tempest_lib.common.ssh] Failed to establish authenticated ssh connection to cirros@172.24.4.4 ([Errno None] Unable to connect to port 22 on  or 172.24.4.4). Number attempts: 8. Retry after 9 seconds.
2016-01-06 14:32:20,828 5977 WARNING  [tempest_lib.common.ssh] Failed to establish authenticated ssh connection to cirros@172.24.4.4 ([Errno None] Unable to connect to port 22 on  or 172.24.4.4). Number attempts: 9. Retry after 10 seconds.
2016-01-06 14:32:34,335 5977 WARNING  [tempest_lib.common.ssh] Failed to establish authenticated ssh connection to cirros@172.24.4.4 ([Errno None] Unable to connect to port 22 on  or 172.24.4.4). Number attempts: 10. Retry after 11 seconds.
2016-01-06 14:32:48,848 5977 WARNING  [tempest_lib.common.ssh] Failed to establish authenticated ssh connection to cirros@172.24.4.4 ([Errno None] Unable to connect to port 22 on  or 172.24.4.4). Number attempts: 11. Retry after 12 seconds.
2016-01-06 14:33:04,359 5977 WARNING  [tempest_lib.common.ssh] Failed to establish authenticated ssh connection to cirros@172.24.4.4 ([Errno None] Unable to connect to port 22 on  or 172.24.4.4). Number attempts: 12. Retry after 13 seconds.
2016-01-06 14:33:20,871 5977 WARNING  [tempest_lib.common.ssh] Failed to establish authenticated ssh connection to cirros@172.24.4.4 ([Errno None] Unable to connect to port 22 on  or 172.24.4.4). Number attempts: 13. Retry after 14 seconds.
2016-01-06 14:33:38,383 5977 WARNING  [tempest_lib.common.ssh] Failed to establish authenticated ssh connection to cirros@172.24.4.4 ([Errno None] Unable to connect to port 22 on  or 172.24.4.4). Number attempts: 14. Retry after 15 seconds.
2016-01-06 14:33:56,884 5977 WARNING  [tempest_lib.common.ssh] Failed to establish authenticated ssh connection to cirros@172.24.4.4 ([Errno None] Unable to connect to port 22 on  or 172.24.4.4). Number attempts: 15. Retry after 16 seconds.
2016-01-06 14:34:16,399 5977 WARNING  [tempest_lib.common.ssh] Failed to establish authenticated ssh connection to cirros@172.24.4.4 ([Errno None] Unable to connect to port 22 on  or 172.24.4.4). Number attempts: 16. Retry after 17 seconds.
2016-01-06 14:34:36,907 5977 ERROR    [tempest_lib.common.ssh] Failed to establish authenticated ssh connection to cirros@172.24.4.4 after 16 attempts
2016-01-06 14:34:36.907 5977 ERROR tempest_lib.common.ssh Traceback (most recent call last):
2016-01-06 14:34:36.907 5977 ERROR tempest_lib.common.ssh   File "/usr/local/lib/python2.7/dist-packages/tempest_lib/common/ssh.py", line 75, in _get_ssh_connection
2016-01-06 14:34:36.907 5977 ERROR tempest_lib.common.ssh     timeout=self.channel_timeout, pkey=self.pkey)
2016-01-06 14:34:36.907 5977 ERROR tempest_lib.common.ssh   File "/usr/local/lib/python2.7/dist-packages/paramiko/client.py", line 311, in connect
2016-01-06 14:34:36.907 5977 ERROR tempest_lib.common.ssh     raise NoValidConnectionsError(errors)
2016-01-06 14:34:36.907 5977 ERROR tempest_lib.common.ssh NoValidConnectionsError: [Errno None] Unable to connect to port 22 on  or 172.24.4.4
2016-01-06 14:34:36.907 5977 ERROR tempest_lib.common.ssh 
2016-01-06 14:34:36,910 5977 ERROR    [tempest.scenario.manager] (TestGettingAddress:test_dhcp6_stateless_from_os) Initializing SSH connection to 172.24.4.4 failed. Error: Connection to the 172.24.4.4 via SSH timed out.
User: cirros, Password: None
2016-01-06 14:34:36.910 5977 ERROR tempest.scenario.manager Traceback (most recent call last):
2016-01-06 14:34:36.910 5977 ERROR tempest.scenario.manager   File "tempest/scenario/manager.py", line 386, in get_remote_client
2016-01-06 14:34:36.910 5977 ERROR tempest.scenario.manager     linux_client.validate_authentication()
2016-01-06 14:34:36.910 5977 ERROR tempest.scenario.manager   File "tempest/common/utils/linux/remote_client.py", line 63, in validate_authentication
2016-01-06 14:34:36.910 5977 ERROR tempest.scenario.manager     self.ssh_client.test_connection_auth()
2016-01-06 14:34:36.910 5977 ERROR tempest.scenario.manager   File "/usr/local/lib/python2.7/dist-packages/tempest_lib/common/ssh.py", line 172, in test_connection_auth
2016-01-06 14:34:36.910 5977 ERROR tempest.scenario.manager     connection = self._get_ssh_connection()
2016-01-06 14:34:36.910 5977 ERROR tempest.scenario.manager   File "/usr/local/lib/python2.7/dist-packages/tempest_lib/common/ssh.py", line 87, in _get_ssh_connection
2016-01-06 14:34:36.910 5977 ERROR tempest.scenario.manager     password=self.password)
2016-01-06 14:34:36.910 5977 ERROR tempest.scenario.manager SSHTimeout: Connection to the 172.24.4.4 via SSH timed out.
2016-01-06 14:34:36.910 5977 ERROR tempest.scenario.manager User: cirros, Password: None
2016-01-06 14:34:36.910 5977 ERROR tempest.scenario.manager 
2016-01-06 14:34:36,991 5977 INFO     [tempest_lib.common.rest_client] Request (TestGettingAddress:test_dhcp6_stateless_from_os): 200 GET http://10.0.2.15:8774/v2.1/7281775002fc42269331ead2d6dde802/servers 0.078s
2016-01-06 14:34:36,992 5977 DEBUG    [tempest_lib.common.rest_client] Request - Headers: {'Content-Type': 'application/json', 'Accept': 'application/json', 'X-Auth-Token': '&lt;omitted&gt;'}
        Body: None
    Response - Headers: {'status': '200', 'content-length': '389', 'content-location': 'http://10.0.2.15:8774/v2.1/7281775002fc42269331ead2d6dde802/servers', 'x-compute-request-id': 'req-2a34a359-4ffc-4653-a145-b2f761ba0d16', 'vary': 'X-OpenStack-Nova-API-Version', 'connection': 'close', 'x-openstack-nova-api-version': '2.1', 'date': 'Wed, 06 Jan 2016 14:34:36 GMT', 'content-type': 'application/json'}
        Body: {"servers": [{"id": "5042b9e8-0762-409a-a0b3-abbe5efeb421", "links": [{"href": "http://10.0.2.15:8774/v2.1/7281775002fc42269331ead2d6dde802/servers/5042b9e8-0762-409a-a0b3-abbe5efeb421", "rel": "self"}, {"href": "http://10.0.2.15:8774/7281775002fc42269331ead2d6dde802/servers/5042b9e8-0762-409a-a0b3-abbe5efeb421", "rel": "bookmark"}], "name": "tempest.common.compute-instance-52258183"}]}
2016-01-06 14:34:37,215 5977 INFO     [tempest_lib.common.rest_client] Request (TestGettingAddress:test_dhcp6_stateless_from_os): 200 POST http://10.0.2.15:8774/v2.1/7281775002fc42269331ead2d6dde802/servers/5042b9e8-0762-409a-a0b3-abbe5efeb421/action 0.213s
2016-01-06 14:34:37,215 5977 DEBUG    [tempest_lib.common.rest_client] Request - Headers: {'Content-Type': 'application/json', 'Accept': 'application/json', 'X-Auth-Token': '&lt;omitted&gt;'}
        Body: {"os-getConsoleOutput": {}}
    Response - Headers: {'status': '200', 'content-length': '24746', 'x-compute-request-id': 'req-b8a2083d-6ff5-45d5-8e5f-5e58435bdaf4', 'vary': 'X-OpenStack-Nova-API-Version', 'connection': 'close', 'x-openstack-nova-api-version': '2.1', 'date': 'Wed, 06 Jan 2016 14:34:37 GMT', 'content-type': 'application/json'}
        Body: {"output": "[    0.000000] Initializing cgroup subsys cpuset\n[    0.000000] Initializing cgroup subsys cpu\n[    0.000000] Linux version 3.2.0-80-virtual (buildd@batsu) (gcc version 4.6.3 (Ubuntu/Linaro 4.6.3-1ubuntu5) ) #116-Ubuntu SMP Mon Mar 23 17:28:52 UTC 2015 (Ubuntu 3.2.0-80.116-virtual 3.2.68)\n[    0.000000] Command line: root=/dev/vda console=tty0 console=ttyS0 no_timer_check\n[    0.000000] KERNEL supported cpus:\n[    0.000000]   Intel GenuineIntel\n[    0.000000]   AMD AuthenticAMD\n[    0.000000]   Centaur CentaurHauls\n[    0.000000] BIOS-provided physical RAM map:\n[    0.000000]  BIOS-e820: 0000000000000000 - 000000000009fc00 (usable)\n[    0.000000]  BIOS-e820: 000000000009fc00 - 00000000000a0000 (reserved)\n[    0.000000]  BIOS-e820: 00000000000f0000 - 0000000000100000 (reserved)\n[    0.000000]  BIOS-e820: 0000000000100000 - 0000000003ffe000 (usable)\n[    0.000000]  BIOS-e820: 0000000003ffe000 - 0000000004000000 (reserved)\n[    0.000000]  BIOS-e820: 00000000fffc0000 - 0000000100000000 (reserved)\n[    0.000000] NX (Execute Disable) protection: active\n[    0.000000] SMBIOS 2.4 present.\n[    0.000000] No AGP bridge found\n[    0.000000] last_pfn = 0x3ffe max_arch_pfn = 0x400000000\n[    0.000000] x86 PAT enabled: cpu 0, old 0x7040600070406, new 0x7010600070106\n[    0.000000] found SMP MP-table at [ffff8800000f0b00] f0b00\n[    0.000000] init_memory_mapping: 0000000000000000-0000000003ffe000\n[    0.000000] RAMDISK: 03c5e000 - 03ff0000\n[    0.000000] ACPI: RSDP 00000000000f0950 00014 (v00 BOCHS )\n[    0.000000] ACPI: RSDT 0000000003fffbc1 00034 (v01 BOCHS  BXPCRSDT 00000001 BXPC 00000001)\n[    0.000000] ACPI: FACP 0000000003fff1c0 00074 (v01 BOCHS  BXPCFACP 00000001 BXPC 00000001)\n[    0.000000] ACPI: DSDT 0000000003ffe040 01180 (v01 BOCHS  BXPCDSDT 00000001 BXPC 00000001)\n[    0.000000] ACPI: FACS 0000000003ffe000 00040\n[    0.000000] ACPI: SSDT 0000000003fff234 008DD (v01 BOCHS  BXPCSSDT 00000001 BXPC 00000001)\n[    0.000000] ACPI: APIC 0000000003fffb11 00078 (v01 BOCHS  BXPCAPIC 00000001 BXPC 00000001)\n[    0.000000] ACPI: HPET 0000000003fffb89 00038 (v01 BOCHS  BXPCHPET 00000001 BXPC 00000001)\n[    0.000000] No NUMA configuration found\n[    0.000000] Faking a node at 0000000000000000-0000000003ffe000\n[    0.000000] Initmem setup node 0 0000000000000000-0000000003ffe000\n[    0.000000]   NODE_DATA [0000000003ff6000 - 0000000003ffafff]\n[    0.000000] Zone PFN ranges:\n[    0.000000]   DMA      0x00000010 -&gt; 0x00001000\n[    0.000000]   DMA32    0x00001000 -&gt; 0x00100000\n[    0.000000]   Normal   empty\n[    0.000000] Movable zone start PFN for each node\n[    0.000000] early_node_map[2] active PFN ranges\n[    0.000000]     0: 0x00000010 -&gt; 0x0000009f\n[    0.000000]     0: 0x00000100 -&gt; 0x00003ffe\n[    0.000000] ACPI: PM-Timer IO Port: 0xb008\n[    0.000000] ACPI: LAPIC (acpi_id[0x00] lapic_id[0x00] enabled)\n[    0.000000] ACPI: LAPIC_NMI (acpi_id[0xff] dfl dfl lint[0x1])\n[    0.000000] ACPI: IOAPIC (id[0x00] address[0xfec00000] gsi_base[0])\n[    0.000000] IOAPIC[0]: apic_id 0, version 17, address 0xfec00000, GSI 0-23\n[    0.000000] ACPI: INT_SRC_OVR (bus 0 bus_irq 0 global_irq 2 dfl dfl)\n[    0.000000] ACPI: INT_SRC_OVR (bus 0 bus_irq 5 global_irq 5 high level)\n[    0.000000] ACPI: INT_SRC_OVR (bus 0 bus_irq 9 global_irq 9 high level)\n[    0.000000] ACPI: INT_SRC_OVR (bus 0 bus_irq 10 global_irq 10 high level)\n[    0.000000] ACPI: INT_SRC_OVR (bus 0 bus_irq 11 global_irq 11 high level)\n[    0.000000] Using ACPI (MADT) for SMP configuration information\n[    0.000000] ACPI: HPET id: 0x8086a201 base: 0xfed00000\n[    0.000000] SMP: Allowing 1 CPUs, 0 hotplug CPUs\n[    0.000000] PM: Registered nosave memory: 000000000009f000 - 00000000000a0000\n[    0.000000] PM: Registered nosave memory: 00000000000a0000 - 00000000000f0000\n[    0.000000] PM: Registered nosave memory: 00000000000f0000 - 0000000000100000\n[    0.000000] Allocating PCI resources starting at 4000000 (gap: 4000000:fbfc0000)\n[    0.000000] Booting paravirtualized kernel on bare hardware\n[    0.000000] setup_pe
2016-01-06 14:34:37,217 5977 DEBUG    [tempest.scenario.manager] Console output for 5042b9e8-0762-409a-a0b3-abbe5efeb421
body=
[    0.000000] Initializing cgroup subsys cpuset
[    0.000000] Initializing cgroup subsys cpu
[    0.000000] Linux version 3.2.0-80-virtual (buildd@batsu) (gcc version 4.6.3 (Ubuntu/Linaro 4.6.3-1ubuntu5) ) #116-Ubuntu SMP Mon Mar 23 17:28:52 UTC 2015 (Ubuntu 3.2.0-80.116-virtual 3.2.68)
[    0.000000] Command line: root=/dev/vda console=tty0 console=ttyS0 no_timer_check
[    0.000000] KERNEL supported cpus:
[    0.000000]   Intel GenuineIntel
[    0.000000]   AMD AuthenticAMD
[    0.000000]   Centaur CentaurHauls
[    0.000000] BIOS-provided physical RAM map:
[    0.000000]  BIOS-e820: 0000000000000000 - 000000000009fc00 (usable)
[    0.000000]  BIOS-e820: 000000000009fc00 - 00000000000a0000 (reserved)
[    0.000000]  BIOS-e820: 00000000000f0000 - 0000000000100000 (reserved)
[    0.000000]  BIOS-e820: 0000000000100000 - 0000000003ffe000 (usable)
[    0.000000]  BIOS-e820: 0000000003ffe000 - 0000000004000000 (reserved)
[    0.000000]  BIOS-e820: 00000000fffc0000 - 0000000100000000 (reserved)
[    0.000000] NX (Execute Disable) protection: active
[    0.000000] SMBIOS 2.4 present.
[    0.000000] No AGP bridge found
[    0.000000] last_pfn = 0x3ffe max_arch_pfn = 0x400000000
[    0.000000] x86 PAT enabled: cpu 0, old 0x7040600070406, new 0x7010600070106
[    0.000000] found SMP MP-table at [ffff8800000f0b00] f0b00
[    0.000000] init_memory_mapping: 0000000000000000-0000000003ffe000
[    0.000000] RAMDISK: 03c5e000 - 03ff0000
[    0.000000] ACPI: RSDP 00000000000f0950 00014 (v00 BOCHS )
[    0.000000] ACPI: RSDT 0000000003fffbc1 00034 (v01 BOCHS  BXPCRSDT 00000001 BXPC 00000001)
[    0.000000] ACPI: FACP 0000000003fff1c0 00074 (v01 BOCHS  BXPCFACP 00000001 BXPC 00000001)
[    0.000000] ACPI: DSDT 0000000003ffe040 01180 (v01 BOCHS  BXPCDSDT 00000001 BXPC 00000001)
[    0.000000] ACPI: FACS 0000000003ffe000 00040
[    0.000000] ACPI: SSDT 0000000003fff234 008DD (v01 BOCHS  BXPCSSDT 00000001 BXPC 00000001)
[    0.000000] ACPI: APIC 0000000003fffb11 00078 (v01 BOCHS  BXPCAPIC 00000001 BXPC 00000001)
[    0.000000] ACPI: HPET 0000000003fffb89 00038 (v01 BOCHS  BXPCHPET 00000001 BXPC 00000001)
[    0.000000] No NUMA configuration found
[    0.000000] Faking a node at 0000000000000000-0000000003ffe000
[    0.000000] Initmem setup node 0 0000000000000000-0000000003ffe000
[    0.000000]   NODE_DATA [0000000003ff6000 - 0000000003ffafff]
[    0.000000] Zone PFN ranges:
[    0.000000]   DMA      0x00000010 -&gt; 0x00001000
[    0.000000]   DMA32    0x00001000 -&gt; 0x00100000
[    0.000000]   Normal   empty
[    0.000000] Movable zone start PFN for each node
[    0.000000] early_node_map[2] active PFN ranges
[    0.000000]     0: 0x00000010 -&gt; 0x0000009f
[    0.000000]     0: 0x00000100 -&gt; 0x00003ffe
[    0.000000] ACPI: PM-Timer IO Port: 0xb008
[    0.000000] ACPI: LAPIC (acpi_id[0x00] lapic_id[0x00] enabled)
[    0.000000] ACPI: LAPIC_NMI (acpi_id[0xff] dfl dfl lint[0x1])
[    0.000000] ACPI: IOAPIC (id[0x00] address[0xfec00000] gsi_base[0])
[    0.000000] IOAPIC[0]: apic_id 0, version 17, address 0xfec00000, GSI 0-23
[    0.000000] ACPI: INT_SRC_OVR (bus 0 bus_irq 0 global_irq 2 dfl dfl)
[    0.000000] ACPI: INT_SRC_OVR (bus 0 bus_irq 5 global_irq 5 high level)
[    0.000000] ACPI: INT_SRC_OVR (bus 0 bus_irq 9 global_irq 9 high level)
[    0.000000] ACPI: INT_SRC_OVR (bus 0 bus_irq 10 global_irq 10 high level)
[    0.000000] ACPI: INT_SRC_OVR (bus 0 bus_irq 11 global_irq 11 high level)
[    0.000000] Using ACPI (MADT) for SMP configuration information
[    0.000000] ACPI: HPET id: 0x8086a201 base: 0xfed00000
[    0.000000] SMP: Allowing 1 CPUs, 0 hotplug CPUs
[    0.000000] PM: Registered nosave memory: 000000000009f000 - 00000000000a0000
[    0.000000] PM: Registered nosave memory: 00000000000a0000 - 00000000000f0000
[    0.000000] PM: Registered nosave memory: 00000000000f0000 - 0000000000100000
[    0.000000] Allocating PCI resources starting at 4000000 (gap: 4000000:fbfc0000)
[    0.000000] Booting paravirtualized kernel on bare hardware
[    0.000000] setup_percpu: NR_CPUS:64 nr_cpumask_bits:64 nr_cpu_ids:1 nr_node_ids:1
[    0.000000] PERCPU: Embedded 27 pages/cpu @ffff880003a00000 s78848 r8192 d23552 u2097152
[    0.000000] Built 1 zonelists in Node order, mobility grouping on.  Total pages: 16008
[    0.000000] Policy zone: DMA32
[    0.000000] Kernel command line: root=/dev/vda console=tty0 console=ttyS0 no_timer_check
[    0.000000] PID hash table entries: 256 (order: -1, 2048 bytes)
[    0.000000] Checking aperture...
[    0.000000] No AGP bridge found
[    0.000000] Memory: 43492k/65528k available (6576k kernel code, 452k absent, 21584k reserved, 6620k data, 928k init)
[    0.000000] SLUB: Genslabs=15, HWalign=64, Order=0-3, MinObjects=0, CPUs=1, Nodes=1
[    0.000000] Hierarchical RCU implementation.
[    0.000000] 	RCU dyntick-idle grace-period acceleration is enabled.
[    0.000000] NR_IRQS:4352 nr_irqs:256 16
[    0.000000] Console: colour VGA+ 80x25
[    0.000000] console [tty0] enabled
[    0.000000] console [ttyS0] enabled
[    0.000000] allocated 1048576 bytes of page_cgroup
[    0.000000] please try 'cgroup_disable=memory' option if you don't want memory cgroups
[    0.000000] Fast TSC calibration failed
[    0.000000] TSC: Unable to calibrate against PIT
[    0.000000] TSC: using HPET reference calibration
[    0.000000] Detected 2293.691 MHz processor.
[    0.033366] Calibrating delay loop (skipped), value calculated using timer frequency.. 4587.38 BogoMIPS (lpj=9174764)
[    0.040379] pid_max: default: 32768 minimum: 301
[    0.052791] Security Framework initialized
[    0.058531] AppArmor: AppArmor initialized
[    0.060220] Yama: becoming mindful.
[    0.068485] Dentry cache hash table entries: 8192 (order: 4, 65536 bytes)
[    0.070097] Inode-cache hash table entries: 4096 (order: 3, 32768 bytes)
[    0.072151] Mount-cache hash table entries: 256
[    0.086240] Initializing cgroup subsys cpuacct
[    0.086828] Initializing cgroup subsys memory
[    0.088675] Initializing cgroup subsys devices
[    0.089399] Initializing cgroup subsys freezer
[    0.090349] Initializing cgroup subsys blkio
[    0.091091] Initializing cgroup subsys perf_event
[    0.095589] mce: CPU supports 10 MCE banks
[    0.098457] SMP alternatives: switching to UP code
[    0.458582] Freeing SMP alternatives: 24k freed
[    0.461484] ACPI: Core revision 20110623
[    0.505892] ftrace: allocating 26610 entries in 105 pages
[    0.537278] ..TIMER: vector=0x30 apic1=0 pin1=2 apic2=-1 pin2=-1
[    0.538940] CPU0: AMD QEMU Virtual CPU version 2.0.0 stepping 03
[    0.544033] Performance Events: Broken PMU hardware detected, using software events only.
[    0.552834] NMI watchdog disabled (cpu0): hardware events not enabled
[    0.554401] Brought up 1 CPUs
[    0.554998] Total of 1 processors activated (4587.38 BogoMIPS).
[    0.578633] devtmpfs: initialized
[    0.610904] EVM: security.selinux
[    0.612122] EVM: security.SMACK64
[    0.612930] EVM: security.capability
[    0.636434] print_constraints: dummy: 
[    0.638267] RTC time: 14:31:08, date: 01/06/16
[    0.641856] NET: Registered protocol family 16
[    0.650201] ACPI: bus type pci registered
[    0.653976] PCI: Using configuration type 1 for base access
[    0.689126] bio: create slab &lt;bio-0&gt; at 0
[    0.695264] ACPI: Added _OSI(Module Device)
[    0.696149] ACPI: Added _OSI(Processor Device)
[    0.696724] ACPI: Added _OSI(3.0 _SCP Extensions)
[    0.697255] ACPI: Added _OSI(Processor Aggregator Device)
[    0.764442] ACPI: Interpreter enabled
[    0.765747] ACPI: (supports S0 S3 S4 S5)
[    0.768498] ACPI: Using IOAPIC for interrupt routing
[    0.845056] ACPI: No dock devices found.
[    0.846019] HEST: Table not found.
[    0.846588] PCI: Using host bridge windows from ACPI; if necessary, use "pci=nocrs" and report a bug
[    0.854097] ACPI: PCI Root Bridge [PCI0] (domain 0000 [bus 00-ff])
[    0.860053] pci_root PNP0A03:00: host bridge window [io  0x0000-0x0cf7]
[    0.860166] pci_root PNP0A03:00: host bridge window [io  0x0d00-0xadff]
[    0.864107] pci_root PNP0A03:00: host bridge window [io  0xae0f-0xaeff]
[    0.865031] pci_root PNP0A03:00: host bridge window [io  0xaf20-0xafdf]
[    0.865872] pci_root PNP0A03:00: host bridge window [io  0xafe4-0xffff]
[    0.866758] pci_root PNP0A03:00: host bridge window [mem 0x000a0000-0x000bffff]
[    0.868107] pci_root PNP0A03:00: host bridge window [mem 0x04000000-0xfebfffff]
[    0.894297] pci 0000:00:01.3: quirk: [io  0xb000-0xb03f] claimed by PIIX4 ACPI
[    0.896193] pci 0000:00:01.3: quirk: [io  0xb100-0xb10f] claimed by PIIX4 SMB
[    0.968926]  pci0000:00: Unable to request _OSC control (_OSC support mask: 0x1e)
[    1.031315] ACPI: PCI Interrupt Link [LNKA] (IRQs 5 *10 11)
[    1.034024] ACPI: PCI Interrupt Link [LNKB] (IRQs 5 *10 11)
[    1.036731] ACPI: PCI Interrupt Link [LNKC] (IRQs 5 10 *11)
[    1.038944] ACPI: PCI Interrupt Link [LNKD] (IRQs 5 10 *11)
[    1.040655] ACPI: PCI Interrupt Link [LNKS] (IRQs *9)
[    1.046389] vgaarb: device added: PCI:0000:00:02.0,decodes=io+mem,owns=io+mem,locks=none
[    1.048214] vgaarb: loaded
[    1.048669] vgaarb: bridge control possible 0000:00:02.0
[    1.053604] i2c-core: driver [aat2870] using legacy suspend method
[    1.054482] i2c-core: driver [aat2870] using legacy resume method
[    1.057678] SCSI subsystem initialized
[    1.062133] usbcore: registered new interface driver usbfs
[    1.063247] usbcore: registered new interface driver hub
[    1.064730] usbcore: registered new device driver usb
[    1.068571] PCI: Using ACPI for IRQ routing
[    1.079447] NetLabel: Initializing
[    1.080135] NetLabel:  domain hash size = 128
[    1.080640] NetLabel:  protocols = UNLABELED CIPSOv4
[    1.082484] NetLabel:  unlabeled traffic allowed by default
[    1.085413] HPET: 3 timers in total, 0 timers will be used for per-cpu timer
[    1.086168] hpet0: at MMIO 0xfed00000, IRQs 2, 8, 0
[    1.088516] hpet0: 3 comparators, 64-bit 100.000000 MHz counter
[    1.104701] Switching to clocksource hpet
[    1.353786] AppArmor: AppArmor Filesystem Enabled
[    1.355456] pnp: PnP ACPI init
[    1.356177] ACPI: bus type pnp registered
[    1.378158] pnp: PnP ACPI: found 9 devices
[    1.378757] ACPI: ACPI bus type pnp unregistered
[    1.437966] NET: Registered protocol family 2
[    1.476207] IP route cache hash table entries: 512 (order: 0, 4096 bytes)
[    1.485136] TCP established hash table entries: 2048 (order: 3, 32768 bytes)
[    1.486624] TCP bind hash table entries: 2048 (order: 3, 32768 bytes)
[    1.487500] TCP: Hash tables configured (established 2048 bind 2048)
[    1.488569] TCP reno registered
[    1.489383] UDP hash table entries: 128 (order: 0, 4096 bytes)
[    1.490074] UDP-Lite hash table entries: 128 (order: 0, 4096 bytes)
[    1.492978] NET: Registered protocol family 1
[    1.493656] pci 0000:00:00.0: Limiting direct PCI/PCI transfers
[    1.495118] pci 0000:00:01.0: PIIX3: Enabling Passive Release
[    1.495987] pci 0000:00:01.0: Activating ISA DMA hang workarounds
[    1.500061] ACPI: PCI Interrupt Link [LNKD] enabled at IRQ 11
[    1.503528] pci 0000:00:01.2: PCI INT D -&gt; Link[LNKD] -&gt; GSI 11 (level, high) -&gt; IRQ 11
[    1.508177] pci 0000:00:01.2: PCI INT D disabled
[    1.538218] Trying to unpack rootfs image as initramfs...
[    1.563419] audit: initializing netlink socket (disabled)
[    1.565812] type=2000 audit(1452090667.564:1): initialized
[    1.847995] HugeTLB registered 2 MB page size, pre-allocated 0 pages
[    1.907807] VFS: Disk quotas dquot_6.5.2
[    1.910058] Dquot-cache hash table entries: 512 (order 0, 4096 bytes)
[    1.934882] fuse init (API version 7.17)
[    1.942355] msgmni has been set to 84
[    1.982472] Block layer SCSI generic (bsg) driver version 0.4 loaded (major 253)
[    1.984007] io scheduler noop registered
[    1.985795] io scheduler deadline registered (default)
[    1.987161] io scheduler cfq registered
[    1.990928] pci_hotplug: PCI Hot Plug PCI Core version: 0.5
[    1.994069] pciehp: PCI Express Hot Plug Controller Driver version: 0.4
[    1.999049] input: Power Button as /devices/LNXSYSTM:00/LNXPWRBN:00/input/input0
[    2.001418] ACPI: Power Button [PWRF]
[    2.054041] ERST: Table is not found!
[    2.054709] GHES: HEST is not enabled!
[    2.063481] ACPI: PCI Interrupt Link [LNKC] enabled at IRQ 10
[    2.064035] virtio-pci 0000:00:03.0: PCI INT A -&gt; Link[LNKC] -&gt; GSI 10 (level, high) -&gt; IRQ 10
[    2.067563] virtio-pci 0000:00:04.0: PCI INT A -&gt; Link[LNKD] -&gt; GSI 11 (level, high) -&gt; IRQ 11
[    2.087269] ACPI: PCI Interrupt Link [LNKA] enabled at IRQ 10
[    2.087954] virtio-pci 0000:00:05.0: PCI INT A -&gt; Link[LNKA] -&gt; GSI 10 (level, high) -&gt; IRQ 10
[    2.091713] Serial: 8250/16550 driver, 32 ports, IRQ sharing enabled
[    2.131157] serial8250: ttyS0 at I/O 0x3f8 (irq = 4) is a 16550A
[    2.212002] serial8250: ttyS1 at I/O 0x2f8 (irq = 3) is a 16550A
[    2.350919] 00:05: ttyS0 at I/O 0x3f8 (irq = 4) is a 16550A
[    2.431994] 00:06: ttyS1 at I/O 0x2f8 (irq = 3) is a 16550A
[    2.479597] Linux agpgart interface v0.103
[    2.518245] Refined TSC clocksource calibration: 2293.702 MHz.
[    2.519072] Switching to clocksource tsc
[    2.549844] brd: module loaded
[    2.597510] loop: module loaded
[    2.650649]  vda: unknown partition table
[    2.710091] scsi0 : ata_piix
[    2.713261] scsi1 : ata_piix
[    2.714560] ata1: PATA max MWDMA2 cmd 0x1f0 ctl 0x3f6 bmdma 0xc0a0 irq 14
[    2.715510] ata2: PATA max MWDMA2 cmd 0x170 ctl 0x376 bmdma 0xc0a8 irq 15
[    2.727941] Fixed MDIO Bus: probed
[    2.729949] tun: Universal TUN/TAP device driver, 1.6
[    2.730898] tun: (C) 1999-2004 Max Krasnyansky &lt;maxk@qualcomm.com&gt;
[    2.747296] PPP generic driver version 2.4.2
[    2.769010] ehci_hcd: USB 2.0 'Enhanced' Host Controller (EHCI) Driver
[    2.770118] ohci_hcd: USB 1.1 'Open' Host Controller (OHCI) Driver
[    2.771025] uhci_hcd: USB Universal Host Controller Interface driver
[    2.771996] uhci_hcd 0000:00:01.2: PCI INT D -&gt; Link[LNKD] -&gt; GSI 11 (level, high) -&gt; IRQ 11
[    2.775299] uhci_hcd 0000:00:01.2: UHCI Host Controller
[    2.793842] uhci_hcd 0000:00:01.2: new USB bus registered, assigned bus number 1
[    2.795824] uhci_hcd 0000:00:01.2: irq 11, io base 0x0000c040
[    2.833743] hub 1-0:1.0: USB hub found
[    2.836149] hub 1-0:1.0: 2 ports detected
[    2.847650] usbcore: registered new interface driver libusual
[    2.851355] i8042: PNP: PS/2 Controller [PNP0303:KBD,PNP0f13:MOU] at 0x60,0x64 irq 1,12
[    2.866651] serio: i8042 KBD port at 0x60,0x64 irq 1
[    2.869469] serio: i8042 AUX port at 0x60,0x64 irq 12
[    2.929156] mousedev: PS/2 mouse device common for all mice
[    2.943107] ata2.01: ATAPI: QEMU DVD-ROM, 2.0.0, max UDMA/100
[    2.959804] input: AT Translated Set 2 keyboard as /devices/platform/i8042/serio0/input/input1
[    2.978971] rtc_cmos 00:01: RTC can wake from S4
[    2.983947] rtc_cmos 00:01: rtc core: registered rtc_cmos as rtc0
[    2.990053] rtc0: alarms up to one day, 114 bytes nvram, hpet irqs
[    2.996077] device-mapper: uevent: version 1.0.3
[    3.011821] ata2.01: configured for MWDMA2
[    3.057872] device-mapper: ioctl: 4.22.0-ioctl (2011-10-19) initialised: dm-devel@redhat.com
[    3.061914] cpuidle: using governor ladder
[    3.063748] cpuidle: using governor menu
[    3.065389] EFI Variables Facility v0.08 2004-May-17
[    3.080597] TCP cubic registered
[    3.084826] NET: Registered protocol family 10
[    3.118365] NET: Registered protocol family 17
[    3.119897] Registering the dns_resolver key type
[    3.140834] scsi 1:0:1:0: CD-ROM            QEMU     QEMU DVD-ROM     2.0. PQ: 0 ANSI: 5
[    3.166981] sr0: scsi3-mmc drive: 4x/4x cd/rw xa/form2 tray
[    3.168888] cdrom: Uniform CD-ROM driver Revision: 3.20
[    3.189080] sr 1:0:1:0: Attached scsi generic sg0 type 5
[    3.234869] registered taskstats version 1
[    3.302089] Freeing initrd memory: 3656k freed
[    3.771658]   Magic number: 0:381:535
[    3.781594] bdi 1:13: hash matches
[    3.782694] tty ttyS15: hash matches
[    3.787924] rtc_cmos 00:01: setting system clock to 2016-01-06 14:31:11 UTC (1452090671)
[    3.791457] powernow-k8: Processor cpuid 663 not supported
[    3.797051] BIOS EDD facility v0.16 2004-Jun-25, 0 devices found
[    3.798716] EDD information not available.
[    3.870266] Freeing unused kernel memory: 928k freed
[    3.876596] Write protecting the kernel read-only data: 12288k
[    3.953817] Freeing unused kernel memory: 1596k freed
[    4.010743] Freeing unused kernel memory: 1184k freed

info: initramfs: up at 4.16
modprobe: module virtio_blk not found in modules.dep
modprobe: module virtio_net not found in modules.dep
info: copying initramfs to /dev/vda
info: initramfs loading root from /dev/vda
info: /etc/init.d/rc.sysinit: up at 8.87
info: container: none
Starting logging: OK
modprobe: module virtio_blk not found in modules.dep
modprobe: module virtio_net not found in modules.dep
WARN: /etc/rc3.d/S10-load-modules failed
Initializing random number generator... done.
Starting acpid: OK
cirros-ds 'local' up at 11.39
found datasource (configdrive, local)
Starting network...
udhcpc (v1.20.1) started
Sending discover...
Sending discover...
Sending discover...
Usage: /sbin/cirros-dhcpc &lt;up|down&gt;
No lease, failing
WARN: /etc/rc3.d/S40-network failed
Starting dropbear sshd: generating rsa key... generating dsa key... OK
no userdata for datasource
=== system information ===
Platform: OpenStack Foundation OpenStack Nova
Container: none
Arch: x86_64
CPU(s): 1 @ 2293.691 MHz
Cores/Sockets/Threads: 1/1/1
Virt-type: AMD-V
RAM Size: 49MB
Disks:
NAME MAJ:MIN     SIZE LABEL         MOUNTPOINT
vda  253:0   25165824 cirros-rootfs /
sr0   11:0     428032 config-2      
=== sshd host keys ===
-----BEGIN SSH HOST KEY KEYS-----
ssh-rsa AAAAB3NzaC1yc2EAAAADAQABAAAAgwCgyOkP1dGli7Yilqy8r9ZI7o8s+9rTt8uB4xzrRz9r9SckzAhFbsqBNeT0lX0FY/TjvjOb1nQALUbgKPj+qmv23LIxeAI7fXGJ8g2OvZo9kuvPkC+BqcOtDlxQ+2OXNC3AyuFqmcdNliVLHtgKJ95KhAOf9dSXGZynrhZWEnCl2c2v root@tempest
ssh-dss AAAAB3NzaC1kc3MAAACBAJDSL+ib6CUpN1u33kXUTaTn9QjZHjsWU5LLwChyYpbvYNiamHRHQ005rItLHLmPFE8ShtUdv5Hu+9V5aEYhYDxMo7WvYFVTY2SGMRm6W/4lCTMtx4zS6X5ZmKFUfEDwsmKuAPGoa3M/EJzymtYtUYkWpjVbYmiTqNmU5I+udAzJAAAAFQCZ2nE2fR2NJPD9CfEIXcgTkWlz9QAAAIEAiYzPBaMvG8oM6f2CVHkvg20Xsv6obJOBGyMG/nxWjL/knnCo9mnXteeQZTgJrUsN4HM5+EFa/4AobgLvJVs2RrPPQP5KtEiVTfIGK5oaXNiSZ3lym9cKRoH3yj6at/7sfbahByCFec6NfZ63gncWlfrfkFiBj3X4AwltvyJDjcAAAACAMTKBmOOiyK6cnxwFFfx/QKHSjXUyeIqDiPHSIpfnCI17ENw2pNULobm03zOX4NZ5juYobMjlTFVyUxTmYuz40YAa0pPRgRtKq9UjHXf/mQzrVuKKSAvoGvA1neqU3ln2CMqxOd61acCiOuRLYZ8hptJcylMPuI8OmvcqTAnkaqs= root@tempest
-----END SSH HOST KEY KEYS-----
=== network info ===
if-info: lo,up,127.0.0.1,8,::1
if-info: eth0,up,,8,fe80::f816:3eff:fedb:6531
=== datasource: configdrive local ===
instance-id: 5042b9e8-0762-409a-a0b3-abbe5efeb421
name: tempest.common.compute-instance-52258183
availability-zone: nova
local-hostname: tempest.common.compute-instance-52258183.novalocal
launch-index: 0
=== cirros: current=0.3.4 uptime=200.47 ===
route: fscanf
=== pinging gateway failed, debugging connection ===
############ debug start ##############
### /etc/init.d/sshd start
Starting dropbear sshd: OK
route: fscanf
### ifconfig -a
eth0      Link encap:Ethernet  HWaddr FA:16:3E:DB:65:31  
          inet6 addr: fe80::f816:3eff:fedb:6531/64 Scope:Link
          UP BROADCAST RUNNING MULTICAST  MTU:1500  Metric:1
          RX packets:13 errors:0 dropped:6 overruns:0 frame:0
          TX packets:8 errors:0 dropped:0 overruns:0 carrier:0
          collisions:0 txqueuelen:1000 
          RX bytes:1416 (1.3 KiB)  TX bytes:1134 (1.1 KiB)

lo        Link encap:Local Loopback  
          inet addr:127.0.0.1  Mask:255.0.0.0
          inet6 addr: ::1/128 Scope:Host
          UP LOOPBACK RUNNING  MTU:16436  Metric:1
          RX packets:12 errors:0 dropped:0 overruns:0 frame:0
          TX packets:12 errors:0 dropped:0 overruns:0 carrier:0
          collisions:0 txqueuelen:0 
          RX bytes:1020 (1020.0 B)  TX bytes:1020 (1020.0 B)

### route -n
Kernel IP routing table
Destination     Gateway         Genmask         Flags Metric Ref    Use Iface
route: fscanf
### cat /etc/resolv.conf
cat: can't open '/etc/resolv.conf': No such file or directory
### gateway not found
/sbin/cirros-status: line 1: can't open /etc/resolv.conf: no such file
### pinging nameservers
### uname -a
Linux tempest 3.2.0-80-virtual #116-Ubuntu SMP Mon Mar 23 17:28:52 UTC 2015 x86_64 GNU/Linux
### lsmod
Module                  Size  Used by    Not tainted
nls_iso8859_1          12713  0 
nls_cp437              16991  0 
vfat                   17585  0 
fat                    61512  1 vfat
isofs                  40259  0 
ip_tables              27473  0 
x_tables               29891  1 ip_tables
pcnet32                42119  0 
8139cp                 27360  0 
ne2k_pci               13691  0 
8390                   18856  1 ne2k_pci
e1000                 108589  0 
acpiphp                24231  0 
### dmesg | tail
[    4.924377] EXT3-fs (vda): mounted filesystem with ordered data mode
[    5.203848] ISO 9660 Extensions: Microsoft Joliet Level 3
[    5.273438] ISO 9660 Extensions: RRIP_1991A
[    5.513388] kjournald starting.  Commit interval 5 seconds
[    5.524958] EXT3-fs (vda): using internal journal
[    5.525197] EXT3-fs (vda): mounted filesystem with ordered data mode
[    8.963067] EXT3-fs (vda): using internal journal
[   12.205406] ISO 9660 Extensions: Microsoft Joliet Level 3
[   12.293542] ISO 9660 Extensions: RRIP_1991A
[   26.994647] eth0: no IPv6 routers present
### tail -n 25 /var/log/messages
Jan  6 14:31:18 cirros kern.info kernel: [    4.433524] acpiphp: Slot [26] registered
Jan  6 14:31:18 cirros kern.info kernel: [    4.433939] acpiphp: Slot [27] registered
Jan  6 14:31:18 cirros kern.info kernel: [    4.434245] acpiphp: Slot [28] registered
Jan  6 14:31:18 cirros kern.info kernel: [    4.434794] acpiphp: Slot [29] registered
Jan  6 14:31:18 cirros kern.info kernel: [    4.434916] acpiphp: Slot [30] registered
Jan  6 14:31:18 cirros kern.info kernel: [    4.435223] acpiphp: Slot [31] registered
Jan  6 14:31:18 cirros kern.info kernel: [    4.486874] e1000: Intel(R) PRO/1000 Network Driver - version 7.3.21-k8-NAPI
Jan  6 14:31:18 cirros kern.info kernel: [    4.486931] e1000: Copyright (c) 1999-2006 Intel Corporation.
Jan  6 14:31:18 cirros kern.info kernel: [    4.527196] ne2k-pci.c:v1.03 9/22/2003 D. Becker/P. Gortmaker
Jan  6 14:31:18 cirros kern.info kernel: [    4.561775] 8139cp: 8139cp: 10/100 PCI Ethernet driver v1.3 (Mar 22, 2004)
Jan  6 14:31:18 cirros kern.info kernel: [    4.606199] pcnet32: pcnet32.c:v1.35 21.Apr.2008 tsbogend@alpha.franken.de
Jan  6 14:31:18 cirros kern.info kernel: [    4.656185] ip_tables: (C) 2000-2006 Netfilter Core Team
Jan  6 14:31:18 cirros kern.info kernel: [    4.919040] kjournald starting.  Commit interval 5 seconds
Jan  6 14:31:18 cirros kern.info kernel: [    4.924377] EXT3-fs (vda): mounted filesystem with ordered data mode
Jan  6 14:31:18 cirros kern.debug kernel: [    5.203848] ISO 9660 Extensions: Microsoft Joliet Level 3
Jan  6 14:31:18 cirros kern.debug kernel: [    5.273438] ISO 9660 Extensions: RRIP_1991A
Jan  6 14:31:18 cirros kern.info kernel: [    5.513388] kjournald starting.  Commit interval 5 seconds
Jan  6 14:31:18 cirros kern.info kernel: [    5.524958] EXT3-fs (vda): using internal journal
Jan  6 14:31:18 cirros kern.info kernel: [    5.525197] EXT3-fs (vda): mounted filesystem with ordered data mode
Jan  6 14:31:18 cirros kern.info kernel: [    8.963067] EXT3-fs (vda): using internal journal
Jan  6 14:31:19 cirros kern.debug kernel: [   12.205406] ISO 9660 Extensions: Microsoft Joliet Level 3
Jan  6 14:31:20 cirros kern.debug kernel: [   12.293542] ISO 9660 Extensions: RRIP_1991A
Jan  6 14:31:22 cirros auth.notice su: + /dev/console root:cirros
Jan  6 14:31:34 cirros kern.debug kernel: [   26.994647] eth0: no IPv6 routers present
Jan  6 14:34:26 cirros authpriv.info dropbear[283]: Running in background
############ debug end   ##############
  ____               ____  ____
 / __/ __ ____ ____ / __ \/ __/
/ /__ / // __// __// /_/ /\ \ 
\___//_//_/  /_/   \____/___/ 
   http://cirros-cloud.net


login as 'cirros' user. default password: 'cubswin:)'. use 'sudo' for root.
tempest login: 
2016-01-06 14:34:37,507 5977 INFO     [tempest_lib.common.rest_client] Request (TestGettingAddress:_run_cleanups): 204 DELETE http://10.0.2.15:9696/v2.0/floatingips/88db11ac-7976-4177-9839-a4968b6e8320 0.284s
2016-01-06 14:34:37,507 5977 DEBUG    [tempest_lib.common.rest_client] Request - Headers: {'Content-Type': 'application/json', 'Accept': 'application/json', 'X-Auth-Token': '&lt;omitted&gt;'}
        Body: None
    Response - Headers: {'date': 'Wed, 06 Jan 2016 14:34:37 GMT', 'status': '204', 'connection': 'close', 'content-length': '0', 'x-openstack-request-id': 'req-76d37f1f-0be7-46c7-893b-f129d368f980'}
        Body: 
2016-01-06 14:34:37,828 5977 INFO     [tempest_lib.common.rest_client] Request (TestGettingAddress:_run_cleanups): 204 DELETE http://10.0.2.15:8774/v2.1/7281775002fc42269331ead2d6dde802/servers/5042b9e8-0762-409a-a0b3-abbe5efeb421 0.319s
2016-01-06 14:34:37,828 5977 DEBUG    [tempest_lib.common.rest_client] Request - Headers: {'Content-Type': 'application/json', 'Accept': 'application/json', 'X-Auth-Token': '&lt;omitted&gt;'}
        Body: None
    Response - Headers: {'status': '204', 'content-length': '0', 'x-compute-request-id': 'req-eac7e807-309d-44d3-8890-3b27afa6d991', 'vary': 'X-OpenStack-Nova-API-Version', 'connection': 'close', 'x-openstack-nova-api-version': '2.1', 'date': 'Wed, 06 Jan 2016 14:34:37 GMT', 'content-type': 'application/json'}
        Body: 
2016-01-06 14:34:38,046 5977 INFO     [tempest_lib.common.rest_client] Request (TestGettingAddress:_run_cleanups): 200 GET http://10.0.2.15:8774/v2.1/7281775002fc42269331ead2d6dde802/servers/5042b9e8-0762-409a-a0b3-abbe5efeb421 0.217s
2016-01-06 14:34:38,046 5977 DEBUG    [tempest_lib.common.rest_client] Request - Headers: {'Content-Type': 'application/json', 'Accept': 'application/json', 'X-Auth-Token': '&lt;omitted&gt;'}
        Body: None
    Response - Headers: {'status': '200', 'content-length': '1901', 'content-location': 'http://10.0.2.15:8774/v2.1/7281775002fc42269331ead2d6dde802/servers/5042b9e8-0762-409a-a0b3-abbe5efeb421', 'x-compute-request-id': 'req-5e2e2145-a593-4a0e-b409-d282958611fd', 'vary': 'X-OpenStack-Nova-API-Version', 'connection': 'close', 'x-openstack-nova-api-version': '2.1', 'date': 'Wed, 06 Jan 2016 14:34:38 GMT', 'content-type': 'application/json'}
        Body: {"server": {"status": "ACTIVE", "updated": "2016-01-06T14:34:37Z", "hostId": "6e3adafa7b0a60e00ef4fa3bf135e420691ca59cae87df099d49f21f", "addresses": {"tempest-network-smoke--2123505775": [{"OS-EXT-IPS-MAC:mac_addr": "fa:16:3e:db:65:31", "version": 4, "addr": "10.100.0.3", "OS-EXT-IPS:type": "fixed"}, {"OS-EXT-IPS-MAC:mac_addr": "fa:16:3e:db:65:31", "version": 6, "addr": "2003::f816:3eff:fedb:6531", "OS-EXT-IPS:type": "fixed"}, {"OS-EXT-IPS-MAC:mac_addr": "fa:16:3e:db:65:31", "version": 4, "addr": "172.24.4.4", "OS-EXT-IPS:type": "floating"}]}, "links": [{"href": "http://10.0.2.15:8774/v2.1/7281775002fc42269331ead2d6dde802/servers/5042b9e8-0762-409a-a0b3-abbe5efeb421", "rel": "self"}, {"href": "http://10.0.2.15:8774/7281775002fc42269331ead2d6dde802/servers/5042b9e8-0762-409a-a0b3-abbe5efeb421", "rel": "bookmark"}], "key_name": "tempest-TestGettingAddress-926856921", "image": {"id": "e8c33c06-35fa-4539-aba3-a6a2b7f80658", "links": [{"href": "http://10.0.2.15:8774/7281775002fc42269331ead2d6dde802/images/e8c33c06-35fa-4539-aba3-a6a2b7f80658", "rel": "bookmark"}]}, "OS-EXT-STS:task_state": "deleting", "OS-EXT-STS:vm_state": "active", "OS-SRV-USG:launched_at": "2016-01-06T14:31:03.000000", "flavor": {"id": "42", "links": [{"href": "http://10.0.2.15:8774/7281775002fc42269331ead2d6dde802/flavors/42", "rel": "bookmark"}]}, "id": "5042b9e8-0762-409a-a0b3-abbe5efeb421", "security_groups": [{"name": "tempest-secgroup-smoke-638442031"}], "OS-SRV-USG:terminated_at": null, "OS-EXT-AZ:availability_zone": "nova", "user_id": "980df4f0aeb8499cbd7fecf28b2c4c7c", "name": "tempest.common.compute-instance-52258183", "created": "2016-01-06T14:30:59Z", "tenant_id": "7281775002fc42269331ead2d6dde802", "OS-DCF:diskConfig": "MANUAL", "os-extended-volumes:volumes_attached": [], "accessIPv4": "", "accessIPv6": "", "progress": 0, "OS-EXT-STS:power_state": 1, "config_drive": "True", "metadata": {}}}
2016-01-06 14:34:39,227 5977 INFO     [tempest_lib.common.rest_client] Request (TestGettingAddress:_run_cleanups): 200 GET http://10.0.2.15:8774/v2.1/7281775002fc42269331ead2d6dde802/servers/5042b9e8-0762-409a-a0b3-abbe5efeb421 0.166s
2016-01-06 14:34:39,227 5977 DEBUG    [tempest_lib.common.rest_client] Request - Headers: {'Content-Type': 'application/json', 'Accept': 'application/json', 'X-Auth-Token': '&lt;omitted&gt;'}
        Body: None
    Response - Headers: {'status': '200', 'content-length': '1834', 'content-location': 'http://10.0.2.15:8774/v2.1/7281775002fc42269331ead2d6dde802/servers/5042b9e8-0762-409a-a0b3-abbe5efeb421', 'x-compute-request-id': 'req-1cc5c491-bea5-44cf-810d-12e70acd5f3b', 'vary': 'X-OpenStack-Nova-API-Version', 'connection': 'close', 'x-openstack-nova-api-version': '2.1', 'date': 'Wed, 06 Jan 2016 14:34:39 GMT', 'content-type': 'application/json'}
        Body: {"server": {"status": "ACTIVE", "updated": "2016-01-06T14:34:38Z", "hostId": "6e3adafa7b0a60e00ef4fa3bf135e420691ca59cae87df099d49f21f", "addresses": {"tempest-network-smoke--2123505775": [{"OS-EXT-IPS-MAC:mac_addr": "fa:16:3e:db:65:31", "version": 4, "addr": "10.100.0.3", "OS-EXT-IPS:type": "fixed"}, {"OS-EXT-IPS-MAC:mac_addr": "fa:16:3e:db:65:31", "version": 6, "addr": "2003::f816:3eff:fedb:6531", "OS-EXT-IPS:type": "fixed"}, {"OS-EXT-IPS-MAC:mac_addr": "fa:16:3e:db:65:31", "version": 4, "addr": "172.24.4.4", "OS-EXT-IPS:type": "floating"}]}, "links": [{"href": "http://10.0.2.15:8774/v2.1/7281775002fc42269331ead2d6dde802/servers/5042b9e8-0762-409a-a0b3-abbe5efeb421", "rel": "self"}, {"href": "http://10.0.2.15:8774/7281775002fc42269331ead2d6dde802/servers/5042b9e8-0762-409a-a0b3-abbe5efeb421", "rel": "bookmark"}], "key_name": "tempest-TestGettingAddress-926856921", "image": {"id": "e8c33c06-35fa-4539-aba3-a6a2b7f80658", "links": [{"href": "http://10.0.2.15:8774/7281775002fc42269331ead2d6dde802/images/e8c33c06-35fa-4539-aba3-a6a2b7f80658", "rel": "bookmark"}]}, "OS-EXT-STS:task_state": "deleting", "OS-EXT-STS:vm_state": "active", "OS-SRV-USG:launched_at": "2016-01-06T14:31:03.000000", "flavor": {"id": "42", "links": [{"href": "http://10.0.2.15:8774/7281775002fc42269331ead2d6dde802/flavors/42", "rel": "bookmark"}]}, "id": "5042b9e8-0762-409a-a0b3-abbe5efeb421", "OS-SRV-USG:terminated_at": null, "OS-EXT-AZ:availability_zone": "nova", "user_id": "980df4f0aeb8499cbd7fecf28b2c4c7c", "name": "tempest.common.compute-instance-52258183", "created": "2016-01-06T14:30:59Z", "tenant_id": "7281775002fc42269331ead2d6dde802", "OS-DCF:diskConfig": "MANUAL", "os-extended-volumes:volumes_attached": [], "accessIPv4": "", "accessIPv6": "", "progress": 0, "OS-EXT-STS:power_state": 1, "config_drive": "True", "metadata": {}}}
2016-01-06 14:34:40,317 5977 INFO     [tempest_lib.common.rest_client] Request (TestGettingAddress:_run_cleanups): 404 GET http://10.0.2.15:8774/v2.1/7281775002fc42269331ead2d6dde802/servers/5042b9e8-0762-409a-a0b3-abbe5efeb421 0.078s
2016-01-06 14:34:40,318 5977 DEBUG    [tempest_lib.common.rest_client] Request - Headers: {'Content-Type': 'application/json', 'Accept': 'application/json', 'X-Auth-Token': '&lt;omitted&gt;'}
        Body: None
    Response - Headers: {'status': '404', 'content-length': '111', 'x-compute-request-id': 'req-c3ee58e7-baca-453b-af4e-42d7da76514f', 'vary': 'X-OpenStack-Nova-API-Version', 'connection': 'close', 'x-openstack-nova-api-version': '2.1', 'date': 'Wed, 06 Jan 2016 14:34:40 GMT', 'content-type': 'application/json; charset=UTF-8'}
        Body: {"itemNotFound": {"message": "Instance 5042b9e8-0762-409a-a0b3-abbe5efeb421 could not be found.", "code": 404}}
2016-01-06 14:34:40,830 5977 INFO     [tempest_lib.common.rest_client] Request (TestGettingAddress:_run_cleanups): 200 PUT http://10.0.2.15:9696/v2.0/routers/6cc13f2d-9b7a-43d9-a883-cf22cb8cc63f/remove_router_interface 0.510s
2016-01-06 14:34:40,831 5977 DEBUG    [tempest_lib.common.rest_client] Request - Headers: {'Content-Type': 'application/json', 'Accept': 'application/json', 'X-Auth-Token': '&lt;omitted&gt;'}
        Body: {"subnet_id": "061a5fb1-0548-4ac1-92e2-fa8ae0a4169f"}
    Response - Headers: {'status': '200', 'content-length': '255', 'connection': 'close', 'date': 'Wed, 06 Jan 2016 14:34:40 GMT', 'content-type': 'application/json; charset=UTF-8', 'x-openstack-request-id': 'req-fe315129-9548-4a8d-8c3b-593e99655636'}
        Body: {"subnet_id": "061a5fb1-0548-4ac1-92e2-fa8ae0a4169f", "tenant_id": "7281775002fc42269331ead2d6dde802", "subnet_ids": ["061a5fb1-0548-4ac1-92e2-fa8ae0a4169f"], "port_id": "1e48a433-b14c-44c5-a0d7-50610fb0ce3d", "id": "6cc13f2d-9b7a-43d9-a883-cf22cb8cc63f"}
2016-01-06 14:34:41,420 5977 INFO     [tempest_lib.common.rest_client] Request (TestGettingAddress:_run_cleanups): 204 DELETE http://10.0.2.15:9696/v2.0/subnets/061a5fb1-0548-4ac1-92e2-fa8ae0a4169f 0.588s
2016-01-06 14:34:41,421 5977 DEBUG    [tempest_lib.common.rest_client] Request - Headers: {'Content-Type': 'application/json', 'Accept': 'application/json', 'X-Auth-Token': '&lt;omitted&gt;'}
        Body: None
    Response - Headers: {'date': 'Wed, 06 Jan 2016 14:34:41 GMT', 'status': '204', 'connection': 'close', 'content-length': '0', 'x-openstack-request-id': 'req-7fa23e4d-10eb-40ae-acbb-c767e6a91207'}
        Body: 
2016-01-06 14:34:41,473 5977 INFO     [tempest_lib.common.rest_client] Request (TestGettingAddress:_run_cleanups): 404 DELETE http://10.0.2.15:9696/v2.0/subnets/061a5fb1-0548-4ac1-92e2-fa8ae0a4169f 0.051s
2016-01-06 14:34:41,474 5977 DEBUG    [tempest_lib.common.rest_client] Request - Headers: {'Content-Type': 'application/json', 'Accept': 'application/json', 'X-Auth-Token': '&lt;omitted&gt;'}
        Body: None
    Response - Headers: {'status': '404', 'content-length': '136', 'connection': 'close', 'date': 'Wed, 06 Jan 2016 14:34:41 GMT', 'content-type': 'application/json; charset=UTF-8', 'x-openstack-request-id': 'req-06c779ed-13e6-4cd9-b16e-087928c9d780'}
        Body: {"NeutronError": {"message": "Subnet 061a5fb1-0548-4ac1-92e2-fa8ae0a4169f could not be found.", "type": "SubnetNotFound", "detail": ""}}
2016-01-06 14:34:41,925 5977 INFO     [tempest_lib.common.rest_client] Request (TestGettingAddress:_run_cleanups): 200 PUT http://10.0.2.15:9696/v2.0/routers/6cc13f2d-9b7a-43d9-a883-cf22cb8cc63f/remove_router_interface 0.450s
