<?xml version="1.0" encoding="UTF-8"?>
<!DOCTYPE html PUBLIC "-//W3C//DTD XHTML 1.0 Strict//EN"
     "http://www.w3.org/TR/xhtml1/DTD/xhtml1-strict.dtd">
<html xmlns="http://www.w3.org/1999/xhtml">
<head>
    <title>Unit Test Report</title>
    <meta name="generator" content="subunit2html 0.1"/>
    <meta http-equiv="Content-Type" content="text/html; charset=UTF-8"/>
    
<style type="text/css" media="screen">
body        { font-family: verdana, arial, helvetica, sans-serif;
    font-size: 80%; }
table       { font-size: 100%; width: 100%;}
pre         { font-size: 80%; }

/* -- heading -------------------------------------------------------------- */
h1 {
        font-size: 16pt;
        color: gray;
}
.heading {
    margin-top: 0ex;
    margin-bottom: 1ex;
}

.heading .attribute {
    margin-top: 1ex;
    margin-bottom: 0;
}

.heading .description {
    margin-top: 4ex;
    margin-bottom: 6ex;
}

/* -- css div popup -------------------------------------------------------- */
a.popup_link {
}

a.popup_link:hover {
    color: red;
}

.popup_window {
    display: none;
    overflow-x: scroll;
    /*border: solid #627173 1px; */
    padding: 10px;
    background-color: #E6E6D6;
    font-family: "Ubuntu Mono", "Lucida Console", "Courier New", monospace;
    text-align: left;
    font-size: 8pt;
}

}
/* -- report --------------------------------------------------------------- */
#show_detail_line {
    margin-top: 3ex;
    margin-bottom: 1ex;
}
#result_table {
    width: 100%;
    border-collapse: collapse;
    border: 1px solid #777;
}
#header_row {
    font-weight: bold;
    color: white;
    background-color: #777;
}
#result_table td {
    border: 1px solid #777;
    padding: 2px;
}
#total_row  { font-weight: bold; }
.passClass  { background-color: #6c6; }
.failClass  { background-color: #c60; }
.errorClass { background-color: #c00; }
.passCase   { color: #6c6; }
.failCase   { color: #c60; font-weight: bold; }
.errorCase  { color: #c00; font-weight: bold; }
.hiddenRow  { display: none; }
.testcase   { margin-left: 2em; }
td.testname {width: 40%}
td.small {width: 40px}

/* -- ending --------------------------------------------------------------- */
#ending {
}

</style>

</head>
<body>
<script language="javascript" type="text/javascript"><!--
output_list = Array();

/* level - 0:Summary; 1:Failed; 2:All */
function showCase(level) {
    trs = document.getElementsByTagName("tr");
    for (var i = 0; i < trs.length; i++) {
        tr = trs[i];
        id = tr.id;
        if (id.substr(0,2) == 'ft') {
            if (level < 1) {
                tr.className = 'hiddenRow';
            }
            else {
                tr.className = '';
            }
        }
        if (id.substr(0,2) == 'pt') {
            if (level > 1) {
                tr.className = '';
            }
            else {
                tr.className = 'hiddenRow';
            }
        }
    }
}


function showClassDetail(cid, count) {
    var id_list = Array(count);
    var toHide = 1;
    for (var i = 0; i < count; i++) {
        tid0 = 't' + cid.substr(1) + '.' + (i+1);
        tid = 'f' + tid0;
        tr = document.getElementById(tid);
        if (!tr) {
            tid = 'p' + tid0;
            tr = document.getElementById(tid);
        }
        id_list[i] = tid;
        if (tr.className) {
            toHide = 0;
        }
    }
    for (var i = 0; i < count; i++) {
        tid = id_list[i];
        if (toHide) {
            document.getElementById('div_'+tid).style.display = 'none'
            document.getElementById(tid).className = 'hiddenRow';
        }
        else {
            document.getElementById(tid).className = '';
        }
    }
}


function showTestDetail(div_id){
    var details_div = document.getElementById(div_id)
    var displayState = details_div.style.display
    // alert(displayState)
    if (displayState != 'block' ) {
        displayState = 'block'
        details_div.style.display = 'block'
    }
    else {
        details_div.style.display = 'none'
    }
}


function html_escape(s) {
    s = s.replace(/&/g,'&amp;');
    s = s.replace(/</g,'&lt;');
    s = s.replace(/>/g,'&gt;');
    return s;
}

/* obsoleted by detail in <div>
function showOutput(id, name) {
    var w = window.open("", //url
                    name,
                    "resizable,scrollbars,status,width=800,height=450");
    d = w.document;
    d.write("<pre>");
    d.write(html_escape(output_list[id]));
    d.write("\n");
    d.write("<a href='javascript:window.close()'>close</a>\n");
    d.write("</pre>\n");
    d.close();
}
*/
--></script>

<div class='heading'>
<h1>Unit Test Report</h1>

<p class='attribute'><strong>Status:</strong> Failure 8</p>

<p class='description'></p>
</div>



<p id='show_detail_line'>Show
<a href='javascript:showCase(0)'>Summary</a>
<a href='javascript:showCase(1)'>Failed</a>
<a href='javascript:showCase(2)'>All</a>
</p>
<table id='result_table'>
<colgroup>
<col align='left' />
<col align='right' />
<col align='right' />
<col align='right' />
<col align='right' />
<col align='right' />
<col align='right' />
<col align='right' />
</colgroup>
<tr id='header_row'>
    <td>Test Group/Test case</td>
    <td>Count</td>
    <td>Pass</td>
    <td>Fail</td>
    <td>Error</td>
    <td>Skip</td>
    <td>View</td>
    <td> </td>
</tr>

<tr class='failClass'>
    <td class="testname">tempest.scenario.test_network_v6.TestGettingAddress</td>
    <td class="small">8</td>
    <td class="small">0</td>
    <td class="small">8</td>
    <td class="small">0</td>
    <td class="small">0</td>
    <td class="small"><a href="javascript:showClassDetail('c1',8)"
>Detail</a></td>
    <td> </td>
</tr>

<tr id='ft1.1' class='none'>
    <td class='failCase'><div class='testcase'>test_dhcp6_stateless_from_os[compute,id-d7e1f858-187c-45a6-89c9-bdafde619a9f,network]</div></td>
    <td colspan='7' align='left'>

    <!--css div popup start-->
    <a class="popup_link" onfocus='this.blur();'
    href="javascript:showTestDetail('div_ft1.1')" >
        fail</a>

    <div id='div_ft1.1' class="popup_window">
        <div style='text-align: right; color:red;cursor:pointer'>
        <a onfocus='this.blur();'
onclick="document.getElementById('div_ft1.1').style.display = 'none' " >
           [x]</a>
        </div>
        <pre>
        
ft1.1: tempest.scenario.test_network_v6.TestGettingAddress.test_dhcp6_stateless_from_os[compute,id-d7e1f858-187c-45a6-89c9-bdafde619a9f,network]_StringException: Empty attachments:
  stderr
  stdout

pythonlogging:'': {{{
2015-12-24 08:19:18,186 21653 INFO     [tempest_lib.common.rest_client] Request (TestGettingAddress:setUp): 200 POST http://10.0.2.15:8774/v2.1/6ebc1dcdc1784089b1c152df922a3a6f/os-keypairs 0.412s
2015-12-24 08:19:18,187 21653 DEBUG    [tempest_lib.common.rest_client] Request - Headers: {'Content-Type': 'application/json', 'Accept': 'application/json', 'X-Auth-Token': '&lt;omitted&gt;'}
        Body: {"keypair": {"name": "tempest-TestGettingAddress-320505138"}}
    Response - Headers: {'status': '200', 'content-length': '2319', 'x-compute-request-id': 'req-b554d322-c091-4b9f-a11b-40bd06dd2227', 'vary': 'X-OpenStack-Nova-API-Version', 'connection': 'close', 'x-openstack-nova-api-version': '2.1', 'date': 'Thu, 24 Dec 2015 08:19:18 GMT', 'content-type': 'application/json'}
        Body: {"keypair": {"public_key": "ssh-rsa AAAAB3NzaC1yc2EAAAADAQABAAABAQCbo0H3AAQuOvfj4vmAT9xwivWFGKAGlp40fHY3GO4tCHwkRlphErFepPjAKzqZbMDpJDgY8/iVlateC88yUiZeNBV9W6RG8lEBIuD/T8t+0JrpkmZ6abOdYVXYGBTFPsWHRQtAX+6BqslNdKKjDtyVMVJ2a5PwWUMhKfQgYarTKdBp1WgEMAmlA4wPM+xQ8G9uqLkHjJ3fMDgRW6XjoOK8UnTquEdgM5SqlP6AYAdXhbTtryQjm0wfmzN4uS9bTP5GFsjQ6uiNDse6uiAKn1C4qXElDmgiITKID7eeP9KtN+CsecHX2L6dW0879W77O4Y7DxkH8KIgS0kI3dmZNfO9 Generated-by-Nova", "private_key": "-----BEGIN RSA PRIVATE KEY-----\nMIIEqQIBAAKCAQEAm6NB9wAELjr34+L5gE/ccIr1hRigBpaeNHx2NxjuLQh8JEZa\nYRKxXqT4wCs6mWzA6SQ4GPP4lZWrXgvPMlImXjQVfVukRvJRASLg/0/LftCa6ZJm\nemmznWFV2BgUxT7Fh0ULQF/ugarJTXSiow7clTFSdmuT8FlDISn0IGGq0ynQadVo\nBDAJpQOMDzPsUPBvbqi5B4yd3zA4EVul46DivFJ06rhHYDOUqpT+gGAHV4W07a8k\nI5tMH5szeLkvW0z+RhbI0OrojQ7HurogCp9QuKlxJQ5oIiEyiA+3nj/SrTfgrHnB\n19i+nVtPO/Vu+zuGOw8ZB/CiIEtJCN3ZmTXzvQIDAQABAoIBAFqT1+clNkmlffE9\nflFDqRpCdQMhwrgy3h3TtYT5WFwTDRSbcSv/kgRv5GkKf48c8OR+dLto+Wos8c/I\n9avmjXfTvhH3zJKRob0UjHdp/Bdw1kdLMaLac3MLW8dotGXa02CXOSYc7pS+TWtr\njt9w3cViMAjFMRL3EA9z+CUEUkOTsN6NZCYV3i0ZAESQQqFwfTAa9Szr3l5y8WAc\nxqjXYKVlv7FHqwfg+Ct0ktVwx4leID+y224w8wePUbCUXrS03rlT+5/KMUmEPFT5\nrLXsW+Oep+0fJjWXYrGYxpsDBYDUcjxABa7jDd6bn8f7S1YsH7nWw9cFBhGVr3Af\n/ZTsfa0CggCBAMR3o6/Romvn7KDsFkjtRbJoSkhynQZ5YredOsCoYWrM8BSKgFkJ\nqnw+OMv1aJU5PDXsdI/EdfG8+SQr8vSCDoLmn7M6jraL1PbJ6RhRaIQBs7fGbllr\n47E+GikCzlXBRv3K5wbnWFQaA9zEShdOiT1xxYmFZxov1NZhMqnfhpKnAoIAgQDK\nzGJWCfWTWwG9aWLe3aYdyXGUkLa7jYBzLVLA1BXPmeltP8iy3dkiisKeobxvQFbJ\nz34e9ZyP8yiqfnZgRGO69CnUiyHeOnR8eevVQlamKVWWR/cYfHd0OIuYJysQGGT7\ncTGHRYYD9PisBmQ1DSFk+E7RdMWfVUHri4Cl7FHG+wKCAIEAoieIz1V79AnQ8STK\nY9iKHO0c2lzWo4BObPP1iQuwk+CgCqQhuNtUfgUxBY4AiqFZw7vsnLhvDF2HWEZ5\n2Tr61SmaB+i934bb9/DAVZTjaYiqF3VMoLt+i0yRdOXe/UJv4Iq2Ualh6tAp/e14\npXHprfAYNSAI78EoruQ8V56oyKMCggCBALIFfIU+tN6n0v0s1+f/9mTLgvMBngdC\nDfINZUl0Y7kbyPdoOIwbhxJ1cKbEH6AhgI4joPkYbllHAPm5jbywDEP/NgEoKZDl\nC4CBnm5Uj6/JNSJ5BgXurQXO5WupZnn4kBzRnsK6Wwx6LRkFe02+uwPhnX7s3NYj\nh3x3t3Tv4FGlAoIAgGP2k+Rw2SIkE3EdRjtE/vh/5PQcFrbgAmjyUnM3XyhWgypB\ndZzUymaIY44TpAjRn23ZGYz+kL6lThf4xogwE9m5KOA1hL/8+BOpMfMQ4vppEuh+\nwjIQ9e/LNLLpguyLzZMBGqd37clMeoXwzwl2CJts+5mbvJGoyn7bpTeZ6STX\n-----END RSA PRIVATE KEY-----\n", "user_id": "136b23ba2fe247afb9f7ce0d406ac646", "name": "tempest-TestGettingAddress-320505138", "fingerprint": "08:6b:81:f4:a3:77:bb:69:ba:60:e4:42:4a:6c:38:c9"}}
2015-12-24 08:19:18,513 21653 INFO     [tempest_lib.common.rest_client] Request (TestGettingAddress:setUp): 201 POST http://10.0.2.15:9696/v2.0/security-groups 0.322s
2015-12-24 08:19:18,513 21653 DEBUG    [tempest_lib.common.rest_client] Request - Headers: {'Content-Type': 'application/json', 'Accept': 'application/json', 'X-Auth-Token': '&lt;omitted&gt;'}
        Body: {"security_group": {"tenant_id": "6ebc1dcdc1784089b1c152df922a3a6f", "description": "tempest-secgroup-smoke-1290576279 description", "name": "tempest-secgroup-smoke-1290576279"}}
    Response - Headers: {'status': '201', 'content-length': '888', 'connection': 'close', 'date': 'Thu, 24 Dec 2015 08:19:18 GMT', 'content-type': 'application/json; charset=UTF-8', 'x-openstack-request-id': 'req-f1bf5084-2225-4d41-ad5b-cd523102a288'}
        Body: {"security_group": {"tenant_id": "6ebc1dcdc1784089b1c152df922a3a6f", "description": "tempest-secgroup-smoke-1290576279 description", "id": "7e55ae8a-3718-41f2-b930-103754f32c59", "security_group_rules": [{"remote_group_id": null, "direction": "egress", "remote_ip_prefix": null, "protocol": null, "ethertype": "IPv4", "tenant_id": "6ebc1dcdc1784089b1c152df922a3a6f", "port_range_max": null, "port_range_min": null, "id": "211047b8-b589-4069-8bb7-5ece8f2aa57e", "security_group_id": "7e55ae8a-3718-41f2-b930-103754f32c59"}, {"remote_group_id": null, "direction": "egress", "remote_ip_prefix": null, "protocol": null, "ethertype": "IPv6", "tenant_id": "6ebc1dcdc1784089b1c152df922a3a6f", "port_range_max": null, "port_range_min": null, "id": "63692b5e-f02c-453f-bfe6-9231693bebd2", "security_group_id": "7e55ae8a-3718-41f2-b930-103754f32c59"}], "name": "tempest-secgroup-smoke-1290576279"}}
2015-12-24 08:19:18,726 21653 INFO     [tempest_lib.common.rest_client] Request (TestGettingAddress:setUp): 201 POST http://10.0.2.15:9696/v2.0/security-group-rules 0.211s
2015-12-24 08:19:18,727 21653 DEBUG    [tempest_lib.common.rest_client] Request - Headers: {'Content-Type': 'application/json', 'Accept': 'application/json', 'X-Auth-Token': '&lt;omitted&gt;'}
        Body: {"security_group_rule": {"direction": "ingress", "protocol": "tcp", "tenant_id": "6ebc1dcdc1784089b1c152df922a3a6f", "port_range_max": 22, "security_group_id": "7e55ae8a-3718-41f2-b930-103754f32c59", "port_range_min": 22}}
    Response - Headers: {'status': '201', 'content-length': '340', 'connection': 'close', 'date': 'Thu, 24 Dec 2015 08:19:18 GMT', 'content-type': 'application/json; charset=UTF-8', 'x-openstack-request-id': 'req-f2a191c0-dd43-4686-aef1-c75ff0622a9c'}
        Body: {"security_group_rule": {"remote_group_id": null, "direction": "ingress", "remote_ip_prefix": null, "protocol": "tcp", "ethertype": "IPv4", "tenant_id": "6ebc1dcdc1784089b1c152df922a3a6f", "port_range_max": 22, "port_range_min": 22, "id": "2b90f2ea-5555-4a6f-ac30-4aaeb51b4402", "security_group_id": "7e55ae8a-3718-41f2-b930-103754f32c59"}}
2015-12-24 08:19:18,852 21653 INFO     [tempest_lib.common.rest_client] Request (TestGettingAddress:setUp): 201 POST http://10.0.2.15:9696/v2.0/security-group-rules 0.124s
2015-12-24 08:19:18,852 21653 DEBUG    [tempest_lib.common.rest_client] Request - Headers: {'Content-Type': 'application/json', 'Accept': 'application/json', 'X-Auth-Token': '&lt;omitted&gt;'}
        Body: {"security_group_rule": {"direction": "egress", "protocol": "tcp", "tenant_id": "6ebc1dcdc1784089b1c152df922a3a6f", "port_range_max": 22, "security_group_id": "7e55ae8a-3718-41f2-b930-103754f32c59", "port_range_min": 22}}
    Response - Headers: {'status': '201', 'content-length': '339', 'connection': 'close', 'date': 'Thu, 24 Dec 2015 08:19:18 GMT', 'content-type': 'application/json; charset=UTF-8', 'x-openstack-request-id': 'req-241d1345-80df-4c51-9cf6-b6ae6572056f'}
        Body: {"security_group_rule": {"remote_group_id": null, "direction": "egress", "remote_ip_prefix": null, "protocol": "tcp", "ethertype": "IPv4", "tenant_id": "6ebc1dcdc1784089b1c152df922a3a6f", "port_range_max": 22, "port_range_min": 22, "id": "ff103a60-3afc-4b6b-8e5d-05a475b19a34", "security_group_id": "7e55ae8a-3718-41f2-b930-103754f32c59"}}
2015-12-24 08:19:18,969 21653 INFO     [tempest_lib.common.rest_client] Request (TestGettingAddress:setUp): 201 POST http://10.0.2.15:9696/v2.0/security-group-rules 0.116s
2015-12-24 08:19:18,970 21653 DEBUG    [tempest_lib.common.rest_client] Request - Headers: {'Content-Type': 'application/json', 'Accept': 'application/json', 'X-Auth-Token': '&lt;omitted&gt;'}
        Body: {"security_group_rule": {"tenant_id": "6ebc1dcdc1784089b1c152df922a3a6f", "direction": "ingress", "protocol": "icmp", "security_group_id": "7e55ae8a-3718-41f2-b930-103754f32c59"}}
    Response - Headers: {'status': '201', 'content-length': '345', 'connection': 'close', 'date': 'Thu, 24 Dec 2015 08:19:18 GMT', 'content-type': 'application/json; charset=UTF-8', 'x-openstack-request-id': 'req-96366656-c848-4e4f-9239-5eb7e7807297'}
        Body: {"security_group_rule": {"remote_group_id": null, "direction": "ingress", "remote_ip_prefix": null, "protocol": "icmp", "ethertype": "IPv4", "tenant_id": "6ebc1dcdc1784089b1c152df922a3a6f", "port_range_max": null, "port_range_min": null, "id": "ca59ae32-a5f6-493e-bc9b-f8e1e622cd60", "security_group_id": "7e55ae8a-3718-41f2-b930-103754f32c59"}}
2015-12-24 08:19:19,086 21653 INFO     [tempest_lib.common.rest_client] Request (TestGettingAddress:setUp): 201 POST http://10.0.2.15:9696/v2.0/security-group-rules 0.114s
2015-12-24 08:19:19,087 21653 DEBUG    [tempest_lib.common.rest_client] Request - Headers: {'Content-Type': 'application/json', 'Accept': 'application/json', 'X-Auth-Token': '&lt;omitted&gt;'}
        Body: {"security_group_rule": {"tenant_id": "6ebc1dcdc1784089b1c152df922a3a6f", "direction": "egress", "protocol": "icmp", "security_group_id": "7e55ae8a-3718-41f2-b930-103754f32c59"}}
    Response - Headers: {'status': '201', 'content-length': '344', 'connection': 'close', 'date': 'Thu, 24 Dec 2015 08:19:19 GMT', 'content-type': 'application/json; charset=UTF-8', 'x-openstack-request-id': 'req-ede9cd4e-c10d-427d-9d64-b79fb008bb6e'}
        Body: {"security_group_rule": {"remote_group_id": null, "direction": "egress", "remote_ip_prefix": null, "protocol": "icmp", "ethertype": "IPv4", "tenant_id": "6ebc1dcdc1784089b1c152df922a3a6f", "port_range_max": null, "port_range_min": null, "id": "9827fe73-befd-4947-b0f7-180cfff8070f", "security_group_id": "7e55ae8a-3718-41f2-b930-103754f32c59"}}
2015-12-24 08:19:19,206 21653 INFO     [tempest_lib.common.rest_client] Request (TestGettingAddress:setUp): 201 POST http://10.0.2.15:9696/v2.0/security-group-rules 0.118s
2015-12-24 08:19:19,207 21653 DEBUG    [tempest_lib.common.rest_client] Request - Headers: {'Content-Type': 'application/json', 'Accept': 'application/json', 'X-Auth-Token': '&lt;omitted&gt;'}
        Body: {"security_group_rule": {"tenant_id": "6ebc1dcdc1784089b1c152df922a3a6f", "direction": "ingress", "security_group_id": "7e55ae8a-3718-41f2-b930-103754f32c59", "protocol": "icmp", "ethertype": "IPv6"}}
    Response - Headers: {'status': '201', 'content-length': '345', 'connection': 'close', 'date': 'Thu, 24 Dec 2015 08:19:19 GMT', 'content-type': 'application/json; charset=UTF-8', 'x-openstack-request-id': 'req-5ca13754-b133-4135-bf21-b43a2ea3337a'}
        Body: {"security_group_rule": {"remote_group_id": null, "direction": "ingress", "remote_ip_prefix": null, "protocol": "icmp", "ethertype": "IPv6", "tenant_id": "6ebc1dcdc1784089b1c152df922a3a6f", "port_range_max": null, "port_range_min": null, "id": "00815e29-cc2e-44b8-b321-780a29dab772", "security_group_id": "7e55ae8a-3718-41f2-b930-103754f32c59"}}
2015-12-24 08:19:19,327 21653 INFO     [tempest_lib.common.rest_client] Request (TestGettingAddress:setUp): 201 POST http://10.0.2.15:9696/v2.0/security-group-rules 0.119s
2015-12-24 08:19:19,328 21653 DEBUG    [tempest_lib.common.rest_client] Request - Headers: {'Content-Type': 'application/json', 'Accept': 'application/json', 'X-Auth-Token': '&lt;omitted&gt;'}
        Body: {"security_group_rule": {"tenant_id": "6ebc1dcdc1784089b1c152df922a3a6f", "direction": "egress", "security_group_id": "7e55ae8a-3718-41f2-b930-103754f32c59", "protocol": "icmp", "ethertype": "IPv6"}}
    Response - Headers: {'status': '201', 'content-length': '344', 'connection': 'close', 'date': 'Thu, 24 Dec 2015 08:19:19 GMT', 'content-type': 'application/json; charset=UTF-8', 'x-openstack-request-id': 'req-78ad0397-990d-4453-ba70-bc529b577ed3'}
        Body: {"security_group_rule": {"remote_group_id": null, "direction": "egress", "remote_ip_prefix": null, "protocol": "icmp", "ethertype": "IPv6", "tenant_id": "6ebc1dcdc1784089b1c152df922a3a6f", "port_range_max": null, "port_range_min": null, "id": "ec814b8f-5e1f-4ace-b88b-aac347271a76", "security_group_id": "7e55ae8a-3718-41f2-b930-103754f32c59"}}
2015-12-24 08:19:19,516 21653 INFO     [tempest_lib.common.rest_client] Request (TestGettingAddress:test_dhcp6_stateless_from_os): 201 POST http://10.0.2.15:9696/v2.0/networks 0.186s
2015-12-24 08:19:19,517 21653 DEBUG    [tempest_lib.common.rest_client] Request - Headers: {'Content-Type': 'application/json', 'Accept': 'application/json', 'X-Auth-Token': '&lt;omitted&gt;'}
        Body: {"network": {"tenant_id": "6ebc1dcdc1784089b1c152df922a3a6f", "name": "tempest-network-smoke--1198946437"}}
    Response - Headers: {'status': '201', 'content-length': '327', 'connection': 'close', 'date': 'Thu, 24 Dec 2015 08:19:19 GMT', 'content-type': 'application/json; charset=UTF-8', 'x-openstack-request-id': 'req-4f1f5e5e-2805-4137-8474-ab56894bc002'}
        Body: {"network": {"status": "ACTIVE", "subnets": [], "availability_zone_hints": [], "name": "tempest-network-smoke--1198946437", "admin_state_up": true, "tenant_id": "6ebc1dcdc1784089b1c152df922a3a6f", "mtu": 0, "router:external": false, "shared": false, "port_security_enabled": true, "id": "00417930-f70f-4dc8-936a-098e6c8b29d2"}}
2015-12-24 08:19:19,725 21653 INFO     [tempest_lib.common.rest_client] Request (TestGettingAddress:test_dhcp6_stateless_from_os): 200 GET http://10.0.2.15:9696/v2.0/subnets?tenant_id=6ebc1dcdc1784089b1c152df922a3a6f&amp;cidr=10.100.0.0%2F28 0.205s
2015-12-24 08:19:19,725 21653 DEBUG    [tempest_lib.common.rest_client] Request - Headers: {'Content-Type': 'application/json', 'Accept': 'application/json', 'X-Auth-Token': '&lt;omitted&gt;'}
        Body: None
    Response - Headers: {'status': '200', 'content-length': '15', 'content-location': 'http://10.0.2.15:9696/v2.0/subnets?tenant_id=6ebc1dcdc1784089b1c152df922a3a6f&amp;cidr=10.100.0.0%2F28', 'connection': 'close', 'date': 'Thu, 24 Dec 2015 08:19:19 GMT', 'content-type': 'application/json; charset=UTF-8', 'x-openstack-request-id': 'req-4c6ced51-7b1e-4626-9300-eb2c69ee0db6'}
        Body: {"subnets": []}
2015-12-24 08:19:20,071 21653 INFO     [tempest_lib.common.rest_client] Request (TestGettingAddress:test_dhcp6_stateless_from_os): 201 POST http://10.0.2.15:9696/v2.0/subnets 0.344s
2015-12-24 08:19:20,072 21653 DEBUG    [tempest_lib.common.rest_client] Request - Headers: {'Content-Type': 'application/json', 'Accept': 'application/json', 'X-Auth-Token': '&lt;omitted&gt;'}
        Body: {"subnet": {"ip_version": 4, "tenant_id": "6ebc1dcdc1784089b1c152df922a3a6f", "cidr": "10.100.0.0/28", "network_id": "00417930-f70f-4dc8-936a-098e6c8b29d2", "name": "tempest-sub4-1367340562"}}
    Response - Headers: {'status': '201', 'content-length': '470', 'connection': 'close', 'date': 'Thu, 24 Dec 2015 08:19:20 GMT', 'content-type': 'application/json; charset=UTF-8', 'x-openstack-request-id': 'req-991024c7-ac28-401f-bb7e-e0965619cb3b'}
        Body: {"subnet": {"name": "tempest-sub4-1367340562", "enable_dhcp": true, "network_id": "00417930-f70f-4dc8-936a-098e6c8b29d2", "tenant_id": "6ebc1dcdc1784089b1c152df922a3a6f", "dns_nameservers": [], "gateway_ip": "10.100.0.1", "ipv6_ra_mode": null, "allocation_pools": [{"start": "10.100.0.2", "end": "10.100.0.14"}], "host_routes": [], "ip_version": 4, "ipv6_address_mode": null, "cidr": "10.100.0.0/28", "id": "c54ea184-2bc9-4b38-83a8-a0879e300248", "subnetpool_id": null}}
2015-12-24 08:19:20,156 21653 INFO     [tempest_lib.common.rest_client] Request (TestGettingAddress:test_dhcp6_stateless_from_os): 201 POST http://10.0.2.15:9696/v2.0/routers 0.083s
2015-12-24 08:19:20,157 21653 DEBUG    [tempest_lib.common.rest_client] Request - Headers: {'Content-Type': 'application/json', 'Accept': 'application/json', 'X-Auth-Token': '&lt;omitted&gt;'}
        Body: {"router": {"tenant_id": "6ebc1dcdc1784089b1c152df922a3a6f", "name": "tempest-router-smoke-587664795", "admin_state_up": true}}
    Response - Headers: {'status': '201', 'content-length': '295', 'connection': 'close', 'date': 'Thu, 24 Dec 2015 08:19:20 GMT', 'content-type': 'application/json; charset=UTF-8', 'x-openstack-request-id': 'req-3f6c3a05-1210-4f3f-a199-444a8fd5f9f6'}
        Body: {"router": {"status": "ACTIVE", "external_gateway_info": null, "availability_zone_hints": [], "availability_zones": [], "name": "tempest-router-smoke-587664795", "admin_state_up": true, "tenant_id": "6ebc1dcdc1784089b1c152df922a3a6f", "routes": [], "id": "50fe2457-9664-49b0-a4d4-eeac4f86abd9"}}
2015-12-24 08:19:20,209 21653 INFO     [tempest_lib.common.rest_client] Request (TestGettingAddress:test_dhcp6_stateless_from_os): 200 GET http://10.0.2.15:9696/v2.0/routers/50fe2457-9664-49b0-a4d4-eeac4f86abd9 0.051s
2015-12-24 08:19:20,210 21653 DEBUG    [tempest_lib.common.rest_client] Request - Headers: {'Content-Type': 'application/json', 'Accept': 'application/json', 'X-Auth-Token': '&lt;omitted&gt;'}
        Body: None
    Response - Headers: {'status': '200', 'content-length': '295', 'content-location': 'http://10.0.2.15:9696/v2.0/routers/50fe2457-9664-49b0-a4d4-eeac4f86abd9', 'connection': 'close', 'date': 'Thu, 24 Dec 2015 08:19:20 GMT', 'content-type': 'application/json; charset=UTF-8', 'x-openstack-request-id': 'req-1472c558-0a69-44cc-a037-f71b5f59fbbf'}
        Body: {"router": {"status": "ACTIVE", "external_gateway_info": null, "availability_zone_hints": [], "availability_zones": [], "name": "tempest-router-smoke-587664795", "admin_state_up": true, "tenant_id": "6ebc1dcdc1784089b1c152df922a3a6f", "routes": [], "id": "50fe2457-9664-49b0-a4d4-eeac4f86abd9"}}
2015-12-24 08:19:20,885 21653 INFO     [tempest_lib.common.rest_client] Request (TestGettingAddress:test_dhcp6_stateless_from_os): 200 PUT http://10.0.2.15:9696/v2.0/routers/50fe2457-9664-49b0-a4d4-eeac4f86abd9 0.674s
2015-12-24 08:19:20,886 21653 DEBUG    [tempest_lib.common.rest_client] Request - Headers: {'Content-Type': 'application/json', 'Accept': 'application/json', 'X-Auth-Token': '&lt;omitted&gt;'}
        Body: {"router": {"external_gateway_info": {"network_id": "6d7e2ea5-a60d-4371-a25c-72cbb3aeeda1"}, "name": "tempest-router-smoke-587664795", "admin_state_up": true}}
    Response - Headers: {'status': '200', 'content-length': '557', 'connection': 'close', 'date': 'Thu, 24 Dec 2015 08:19:20 GMT', 'content-type': 'application/json; charset=UTF-8', 'x-openstack-request-id': 'req-5b9547ef-a5c8-4fb8-82df-9862698a5e2f'}
        Body: {"router": {"status": "ACTIVE", "external_gateway_info": {"network_id": "6d7e2ea5-a60d-4371-a25c-72cbb3aeeda1", "enable_snat": true, "external_fixed_ips": [{"subnet_id": "5078f125-fd6c-4190-bf04-7f03492e48f4", "ip_address": "172.24.4.3"}, {"subnet_id": "31054ffe-c26a-4273-b22f-ab89c0b75ebe", "ip_address": "2001:db8::3"}]}, "availability_zone_hints": [], "availability_zones": [], "name": "tempest-router-smoke-587664795", "admin_state_up": true, "tenant_id": "6ebc1dcdc1784089b1c152df922a3a6f", "routes": [], "id": "50fe2457-9664-49b0-a4d4-eeac4f86abd9"}}
2015-12-24 08:19:21,497 21653 INFO     [tempest_lib.common.rest_client] Request (TestGettingAddress:test_dhcp6_stateless_from_os): 200 PUT http://10.0.2.15:9696/v2.0/routers/50fe2457-9664-49b0-a4d4-eeac4f86abd9/add_router_interface 0.611s
2015-12-24 08:19:21,498 21653 DEBUG    [tempest_lib.common.rest_client] Request - Headers: {'Content-Type': 'application/json', 'Accept': 'application/json', 'X-Auth-Token': '&lt;omitted&gt;'}
        Body: {"subnet_id": "c54ea184-2bc9-4b38-83a8-a0879e300248"}
    Response - Headers: {'status': '200', 'content-length': '255', 'connection': 'close', 'date': 'Thu, 24 Dec 2015 08:19:21 GMT', 'content-type': 'application/json; charset=UTF-8', 'x-openstack-request-id': 'req-0eb07559-a8ee-48e9-b7b5-b3d3a4d354c1'}
        Body: {"subnet_id": "c54ea184-2bc9-4b38-83a8-a0879e300248", "tenant_id": "6ebc1dcdc1784089b1c152df922a3a6f", "subnet_ids": ["c54ea184-2bc9-4b38-83a8-a0879e300248"], "port_id": "587e8882-ff42-4a7d-9ffc-0604be2173dc", "id": "50fe2457-9664-49b0-a4d4-eeac4f86abd9"}
2015-12-24 08:19:21,542 21653 INFO     [tempest_lib.common.rest_client] Request (TestGettingAddress:test_dhcp6_stateless_from_os): 200 GET http://10.0.2.15:9696/v2.0/subnets?tenant_id=6ebc1dcdc1784089b1c152df922a3a6f&amp;cidr=2003%3A%3A%2F64 0.042s
2015-12-24 08:19:21,543 21653 DEBUG    [tempest_lib.common.rest_client] Request - Headers: {'Content-Type': 'application/json', 'Accept': 'application/json', 'X-Auth-Token': '&lt;omitted&gt;'}
        Body: None
    Response - Headers: {'status': '200', 'content-length': '15', 'content-location': 'http://10.0.2.15:9696/v2.0/subnets?tenant_id=6ebc1dcdc1784089b1c152df922a3a6f&amp;cidr=2003%3A%3A%2F64', 'connection': 'close', 'date': 'Thu, 24 Dec 2015 08:19:21 GMT', 'content-type': 'application/json; charset=UTF-8', 'x-openstack-request-id': 'req-a0290d52-7072-4923-ade6-73709dfcb44e'}
        Body: {"subnets": []}
2015-12-24 08:19:21,883 21653 INFO     [tempest_lib.common.rest_client] Request (TestGettingAddress:test_dhcp6_stateless_from_os): 201 POST http://10.0.2.15:9696/v2.0/subnets 0.339s
2015-12-24 08:19:21,884 21653 DEBUG    [tempest_lib.common.rest_client] Request - Headers: {'Content-Type': 'application/json', 'Accept': 'application/json', 'X-Auth-Token': '&lt;omitted&gt;'}
        Body: {"subnet": {"name": "tempest-sub6-1018262545", "network_id": "00417930-f70f-4dc8-936a-098e6c8b29d2", "tenant_id": "6ebc1dcdc1784089b1c152df922a3a6f", "ipv6_ra_mode": "dhcpv6-stateless", "ip_version": 6, "ipv6_address_mode": "dhcpv6-stateless", "cidr": "2003::/64"}}
    Response - Headers: {'status': '201', 'content-length': '502', 'connection': 'close', 'date': 'Thu, 24 Dec 2015 08:19:21 GMT', 'content-type': 'application/json; charset=UTF-8', 'x-openstack-request-id': 'req-1edfcb07-cd06-4d01-a208-bbc2429b100b'}
        Body: {"subnet": {"name": "tempest-sub6-1018262545", "enable_dhcp": true, "network_id": "00417930-f70f-4dc8-936a-098e6c8b29d2", "tenant_id": "6ebc1dcdc1784089b1c152df922a3a6f", "dns_nameservers": [], "gateway_ip": "2003::1", "ipv6_ra_mode": "dhcpv6-stateless", "allocation_pools": [{"start": "2003::2", "end": "2003::ffff:ffff:ffff:ffff"}], "host_routes": [], "ip_version": 6, "ipv6_address_mode": "dhcpv6-stateless", "cidr": "2003::/64", "id": "0da8e26b-0593-482a-92b7-b53114b4c009", "subnetpool_id": null}}
2015-12-24 08:19:22,657 21653 INFO     [tempest_lib.common.rest_client] Request (TestGettingAddress:test_dhcp6_stateless_from_os): 200 PUT http://10.0.2.15:9696/v2.0/routers/50fe2457-9664-49b0-a4d4-eeac4f86abd9/add_router_interface 0.772s
2015-12-24 08:19:22,658 21653 DEBUG    [tempest_lib.common.rest_client] Request - Headers: {'Content-Type': 'application/json', 'Accept': 'application/json', 'X-Auth-Token': '&lt;omitted&gt;'}
        Body: {"subnet_id": "0da8e26b-0593-482a-92b7-b53114b4c009"}
    Response - Headers: {'status': '200', 'content-length': '255', 'connection': 'close', 'date': 'Thu, 24 Dec 2015 08:19:22 GMT', 'content-type': 'application/json; charset=UTF-8', 'x-openstack-request-id': 'req-608b4f44-df90-417c-bd9b-e447f5082665'}
        Body: {"subnet_id": "0da8e26b-0593-482a-92b7-b53114b4c009", "tenant_id": "6ebc1dcdc1784089b1c152df922a3a6f", "subnet_ids": ["0da8e26b-0593-482a-92b7-b53114b4c009"], "port_id": "da00005e-d147-4454-aca0-a1007eb619f1", "id": "50fe2457-9664-49b0-a4d4-eeac4f86abd9"}
2015-12-24 08:19:22,789 21653 INFO     [tempest_lib.common.rest_client] Request (TestGettingAddress:test_dhcp6_stateless_from_os): 200 POST http://10.0.2.15:5000/v2.0/tokens
2015-12-24 08:19:22,790 21653 DEBUG    [tempest_lib.common.rest_client] Request - Headers: {'Content-Type': 'application/json', 'Accept': 'application/json'}
        Body: &lt;omitted&gt;
    Response - Headers: {'status': '200', 'content-length': '2526', 'vary': 'X-Auth-Token', 'server': 'Apache/2.4.7 (Ubuntu)', 'connection': 'close', 'date': 'Thu, 24 Dec 2015 08:19:22 GMT', 'content-type': 'application/json', 'x-openstack-request-id': 'req-820319aa-29f4-435a-81fd-d88c49b8c6f6'}
        Body: {"access": {"token": {"issued_at": "2015-12-24T08:19:22.781224", "expires": "2015-12-24T09:19:22Z", "id": "641218753655403ba2f4f729a3cd71a7", "tenant": {"description": "tempest-TestGettingAddress-1380922185-desc", "enabled": true, "id": "6ebc1dcdc1784089b1c152df922a3a6f", "name": "tempest-TestGettingAddress-1380922185"}, "audit_ids": ["wAMfwwVyTnuxumw4tibYfw"]}, "serviceCatalog": [{"endpoints": [{"adminURL": "http://10.0.2.15:8774/v2.1/6ebc1dcdc1784089b1c152df922a3a6f", "region": "RegionOne", "internalURL": "http://10.0.2.15:8774/v2.1/6ebc1dcdc1784089b1c152df922a3a6f", "id": "1ac7607a447a413db50c2bbfaca91a0d", "publicURL": "http://10.0.2.15:8774/v2.1/6ebc1dcdc1784089b1c152df922a3a6f"}], "endpoints_links": [], "type": "compute", "name": "nova"}, {"endpoints": [{"adminURL": "http://10.0.2.15:9696/", "region": "RegionOne", "internalURL": "http://10.0.2.15:9696/", "id": "1df0db03e3cd4249addf7fa226374324", "publicURL": "http://10.0.2.15:9696/"}], "endpoints_links": [], "type": "network", "name": "neutron"}, {"endpoints": [{"adminURL": "http://10.0.2.15:9292", "region": "RegionOne", "internalURL": "http://10.0.2.15:9292", "id": "21604268d90e462cb229ff04ca28b672", "publicURL": "http://10.0.2.15:9292"}], "endpoints_links": [], "type": "image", "name": "glance"}, {"endpoints": [{"adminURL": "http://10.0.2.15:8774/v2/6ebc1dcdc1784089b1c152df922a3a6f", "region": "RegionOne", "internalURL": "http://10.0.2.15:8774/v2/6ebc1dcdc1784089b1c152df922a3a6f", "id": "03f7e4e40c8745479c61487cbc11cdd8", "publicURL": "http://10.0.2.15:8774/v2/6ebc1dcdc1784089b1c152df922a3a6f"}], "endpoints_links": [], "type": "compute_legacy", "name": "nova_legacy"}, {"endpoints": [{"adminURL": "http://10.0.2.15:8773/", "region": "RegionOne", "internalURL": "http://10.0.2.15:8773/", "id": "3e73879d5f7c468b94004388c4dfc881", "publicURL": "http://10.0.2.15:8773/"}], "endpoints_links": [], "type": "ec2", "name": "ec2"}, {"endpoints": [{"adminURL": "http://10.0.2.15:35357/v2.0", "region": "RegionOne", "internalURL": "http://10.0.2.15:5000/v2.0", "id": "121a490fc374468a87931456b899d88d", "publicURL": "http://10.0.2.15:5000/v2.0"}], "endpoints_links": [], "type": "identity", "name": "keystone"}], "user": {"username": "tempest-TestGettingAddress-1903486093", "roles_links": [], "id": "136b23ba2fe247afb9f7ce0d406ac646", "roles": [{"name": "_member_"}, {"name": "Member"}], "name": "tempest-TestGettingAddress-1903486093"}, "metadata": {"is_admin": 0, "roles": ["9fe2ff9ee4384b1894a90878d3e92bab", "f4b5f46422204db9bec1e90fd94dd888"]}}}
2015-12-24 08:19:22,794 21653 DEBUG    [tempest.common.fixed_network] (TestGettingAddress:test_dhcp6_stateless_from_os) No valid network provided or created, defaulting to fixed_network_name
2015-12-24 08:19:23,216 21653 INFO     [tempest_lib.common.rest_client] Request (TestGettingAddress:test_dhcp6_stateless_from_os): 200 GET http://10.0.2.15:8774/v2.1/6ebc1dcdc1784089b1c152df922a3a6f/os-networks 0.421s
2015-12-24 08:19:23,217 21653 DEBUG    [tempest_lib.common.rest_client] Request - Headers: {'Content-Type': 'application/json', 'Accept': 'application/json', 'X-Auth-Token': '&lt;omitted&gt;'}
        Body: None
    Response - Headers: {'status': '200', 'content-length': '479', 'content-location': 'http://10.0.2.15:8774/v2.1/6ebc1dcdc1784089b1c152df922a3a6f/os-networks', 'x-compute-request-id': 'req-14ee40e5-abb6-48aa-a479-5a8096c94bfd', 'vary': 'X-OpenStack-Nova-API-Version', 'connection': 'close', 'x-openstack-nova-api-version': '2.1', 'date': 'Thu, 24 Dec 2015 08:19:23 GMT', 'content-type': 'application/json'}
        Body: {"networks": [{"cidr_v6": null, "dns2": null, "dns1": null, "gateway": null, "broadcast": null, "netmask": null, "gateway_v6": null, "cidr": null, "label": "public", "id": "6d7e2ea5-a60d-4371-a25c-72cbb3aeeda1", "netmask_v6": null}, {"cidr_v6": null, "dns2": null, "dns1": null, "gateway": null, "broadcast": null, "netmask": null, "gateway_v6": null, "cidr": null, "label": "tempest-network-smoke--1198946437", "id": "00417930-f70f-4dc8-936a-098e6c8b29d2", "netmask_v6": null}]}
2015-12-24 08:19:23,217 21653 WARNING  [tempest.common.fixed_network] (TestGettingAddress:test_dhcp6_stateless_from_os) Network with name: private not found
2015-12-24 08:19:23,217 21653 INFO     [tempest.common.fixed_network] (TestGettingAddress:test_dhcp6_stateless_from_os) Found network {} available for tenant
2015-12-24 08:19:24,437 21653 INFO     [tempest_lib.common.rest_client] Request (TestGettingAddress:test_dhcp6_stateless_from_os): 202 POST http://10.0.2.15:8774/v2.1/6ebc1dcdc1784089b1c152df922a3a6f/servers 1.218s
2015-12-24 08:19:24,437 21653 DEBUG    [tempest_lib.common.rest_client] Request - Headers: {'Content-Type': 'application/json', 'Accept': 'application/json', 'X-Auth-Token': '&lt;omitted&gt;'}
        Body: {"server": {"name": "tempest.common.compute-instance-1571365104", "imageRef": "c8386146-0419-4070-b375-3c6251c14504", "key_name": "tempest-TestGettingAddress-320505138", "flavorRef": "42", "networks": [{"uuid": "00417930-f70f-4dc8-936a-098e6c8b29d2"}], "security_groups": [{"name": "tempest-secgroup-smoke-1290576279"}]}}
    Response - Headers: {'status': '202', 'content-length': '462', 'x-compute-request-id': 'req-4c7fab28-a9e3-45d7-85ec-354d0d031c9e', 'vary': 'X-OpenStack-Nova-API-Version', 'connection': 'close', 'location': 'http://10.0.2.15:8774/v2.1/6ebc1dcdc1784089b1c152df922a3a6f/servers/6181879b-f27b-4b1f-b647-79b8e99cdfb9', 'x-openstack-nova-api-version': '2.1', 'date': 'Thu, 24 Dec 2015 08:19:24 GMT', 'content-type': 'application/json'}
        Body: {"server": {"security_groups": [{"name": "tempest-secgroup-smoke-1290576279"}], "OS-DCF:diskConfig": "MANUAL", "id": "6181879b-f27b-4b1f-b647-79b8e99cdfb9", "links": [{"href": "http://10.0.2.15:8774/v2.1/6ebc1dcdc1784089b1c152df922a3a6f/servers/6181879b-f27b-4b1f-b647-79b8e99cdfb9", "rel": "self"}, {"href": "http://10.0.2.15:8774/6ebc1dcdc1784089b1c152df922a3a6f/servers/6181879b-f27b-4b1f-b647-79b8e99cdfb9", "rel": "bookmark"}], "adminPass": "JMRLQgS5k2qU"}}
2015-12-24 08:19:24,707 21653 INFO     [tempest_lib.common.rest_client] Request (TestGettingAddress:test_dhcp6_stateless_from_os): 200 GET http://10.0.2.15:8774/v2.1/6ebc1dcdc1784089b1c152df922a3a6f/servers/6181879b-f27b-4b1f-b647-79b8e99cdfb9 0.265s
2015-12-24 08:19:24,708 21653 DEBUG    [tempest_lib.common.rest_client] Request - Headers: {'Content-Type': 'application/json', 'Accept': 'application/json', 'X-Auth-Token': '&lt;omitted&gt;'}
        Body: None
    Response - Headers: {'status': '200', 'content-length': '1354', 'content-location': 'http://10.0.2.15:8774/v2.1/6ebc1dcdc1784089b1c152df922a3a6f/servers/6181879b-f27b-4b1f-b647-79b8e99cdfb9', 'x-compute-request-id': 'req-a5c6a29e-7666-46e2-87fa-802b9c21640b', 'vary': 'X-OpenStack-Nova-API-Version', 'connection': 'close', 'x-openstack-nova-api-version': '2.1', 'date': 'Thu, 24 Dec 2015 08:19:24 GMT', 'content-type': 'application/json'}
        Body: {"server": {"status": "BUILD", "updated": "2015-12-24T08:19:24Z", "hostId": "", "addresses": {}, "links": [{"href": "http://10.0.2.15:8774/v2.1/6ebc1dcdc1784089b1c152df922a3a6f/servers/6181879b-f27b-4b1f-b647-79b8e99cdfb9", "rel": "self"}, {"href": "http://10.0.2.15:8774/6ebc1dcdc1784089b1c152df922a3a6f/servers/6181879b-f27b-4b1f-b647-79b8e99cdfb9", "rel": "bookmark"}], "key_name": "tempest-TestGettingAddress-320505138", "image": {"id": "c8386146-0419-4070-b375-3c6251c14504", "links": [{"href": "http://10.0.2.15:8774/6ebc1dcdc1784089b1c152df922a3a6f/images/c8386146-0419-4070-b375-3c6251c14504", "rel": "bookmark"}]}, "OS-EXT-STS:task_state": "scheduling", "OS-EXT-STS:vm_state": "building", "OS-SRV-USG:launched_at": null, "flavor": {"id": "42", "links": [{"href": "http://10.0.2.15:8774/6ebc1dcdc1784089b1c152df922a3a6f/flavors/42", "rel": "bookmark"}]}, "id": "6181879b-f27b-4b1f-b647-79b8e99cdfb9", "OS-SRV-USG:terminated_at": null, "OS-EXT-AZ:availability_zone": "", "user_id": "136b23ba2fe247afb9f7ce0d406ac646", "name": "tempest.common.compute-instance-1571365104", "created": "2015-12-24T08:19:24Z", "tenant_id": "6ebc1dcdc1784089b1c152df922a3a6f", "OS-DCF:diskConfig": "MANUAL", "os-extended-volumes:volumes_attached": [], "accessIPv4": "", "accessIPv6": "", "progress": 0, "OS-EXT-STS:power_state": 0, "config_drive": "", "metadata": {}}}
2015-12-24 08:19:26,169 21653 INFO     [tempest_lib.common.rest_client] Request (TestGettingAddress:test_dhcp6_stateless_from_os): 200 GET http://10.0.2.15:8774/v2.1/6ebc1dcdc1784089b1c152df922a3a6f/servers/6181879b-f27b-4b1f-b647-79b8e99cdfb9 0.452s
2015-12-24 08:19:26,169 21653 DEBUG    [tempest_lib.common.rest_client] Request - Headers: {'Content-Type': 'application/json', 'Accept': 'application/json', 'X-Auth-Token': '&lt;omitted&gt;'}
        Body: None
    Response - Headers: {'status': '200', 'content-length': '1480', 'content-location': 'http://10.0.2.15:8774/v2.1/6ebc1dcdc1784089b1c152df922a3a6f/servers/6181879b-f27b-4b1f-b647-79b8e99cdfb9', 'x-compute-request-id': 'req-2b4f1f59-0056-4f55-a7fb-1780eb16793f', 'vary': 'X-OpenStack-Nova-API-Version', 'connection': 'close', 'x-openstack-nova-api-version': '2.1', 'date': 'Thu, 24 Dec 2015 08:19:26 GMT', 'content-type': 'application/json'}
        Body: {"server": {"status": "BUILD", "updated": "2015-12-24T08:19:25Z", "hostId": "5f202e17a24e7c4183850287eea441c36c166d6c166f5cefd1c4f981", "addresses": {}, "links": [{"href": "http://10.0.2.15:8774/v2.1/6ebc1dcdc1784089b1c152df922a3a6f/servers/6181879b-f27b-4b1f-b647-79b8e99cdfb9", "rel": "self"}, {"href": "http://10.0.2.15:8774/6ebc1dcdc1784089b1c152df922a3a6f/servers/6181879b-f27b-4b1f-b647-79b8e99cdfb9", "rel": "bookmark"}], "key_name": "tempest-TestGettingAddress-320505138", "image": {"id": "c8386146-0419-4070-b375-3c6251c14504", "links": [{"href": "http://10.0.2.15:8774/6ebc1dcdc1784089b1c152df922a3a6f/images/c8386146-0419-4070-b375-3c6251c14504", "rel": "bookmark"}]}, "OS-EXT-STS:task_state": "spawning", "OS-EXT-STS:vm_state": "building", "OS-SRV-USG:launched_at": null, "flavor": {"id": "42", "links": [{"href": "http://10.0.2.15:8774/6ebc1dcdc1784089b1c152df922a3a6f/flavors/42", "rel": "bookmark"}]}, "id": "6181879b-f27b-4b1f-b647-79b8e99cdfb9", "security_groups": [{"name": "tempest-secgroup-smoke-1290576279"}], "OS-SRV-USG:terminated_at": null, "OS-EXT-AZ:availability_zone": "nova", "user_id": "136b23ba2fe247afb9f7ce0d406ac646", "name": "tempest.common.compute-instance-1571365104", "created": "2015-12-24T08:19:24Z", "tenant_id": "6ebc1dcdc1784089b1c152df922a3a6f", "OS-DCF:diskConfig": "MANUAL", "os-extended-volumes:volumes_attached": [], "accessIPv4": "", "accessIPv6": "", "progress": 0, "OS-EXT-STS:power_state": 0, "config_drive": "", "metadata": {}}}
2015-12-24 08:19:26,178 21653 INFO     [tempest.common.waiters] State transition "BUILD/scheduling" ==&gt; "BUILD/spawning" after 2 second wait
2015-12-24 08:19:27,536 21653 INFO     [tempest_lib.common.rest_client] Request (TestGettingAddress:test_dhcp6_stateless_from_os): 200 GET http://10.0.2.15:8774/v2.1/6ebc1dcdc1784089b1c152df922a3a6f/servers/6181879b-f27b-4b1f-b647-79b8e99cdfb9 0.357s
2015-12-24 08:19:27,537 21653 DEBUG    [tempest_lib.common.rest_client] Request - Headers: {'Content-Type': 'application/json', 'Accept': 'application/json', 'X-Auth-Token': '&lt;omitted&gt;'}
        Body: None
    Response - Headers: {'status': '200', 'content-length': '1480', 'content-location': 'http://10.0.2.15:8774/v2.1/6ebc1dcdc1784089b1c152df922a3a6f/servers/6181879b-f27b-4b1f-b647-79b8e99cdfb9', 'x-compute-request-id': 'req-554e0117-9a76-4419-b1d9-e6336cc45518', 'vary': 'X-OpenStack-Nova-API-Version', 'connection': 'close', 'x-openstack-nova-api-version': '2.1', 'date': 'Thu, 24 Dec 2015 08:19:27 GMT', 'content-type': 'application/json'}
        Body: {"server": {"status": "BUILD", "updated": "2015-12-24T08:19:25Z", "hostId": "5f202e17a24e7c4183850287eea441c36c166d6c166f5cefd1c4f981", "addresses": {}, "links": [{"href": "http://10.0.2.15:8774/v2.1/6ebc1dcdc1784089b1c152df922a3a6f/servers/6181879b-f27b-4b1f-b647-79b8e99cdfb9", "rel": "self"}, {"href": "http://10.0.2.15:8774/6ebc1dcdc1784089b1c152df922a3a6f/servers/6181879b-f27b-4b1f-b647-79b8e99cdfb9", "rel": "bookmark"}], "key_name": "tempest-TestGettingAddress-320505138", "image": {"id": "c8386146-0419-4070-b375-3c6251c14504", "links": [{"href": "http://10.0.2.15:8774/6ebc1dcdc1784089b1c152df922a3a6f/images/c8386146-0419-4070-b375-3c6251c14504", "rel": "bookmark"}]}, "OS-EXT-STS:task_state": "spawning", "OS-EXT-STS:vm_state": "building", "OS-SRV-USG:launched_at": null, "flavor": {"id": "42", "links": [{"href": "http://10.0.2.15:8774/6ebc1dcdc1784089b1c152df922a3a6f/flavors/42", "rel": "bookmark"}]}, "id": "6181879b-f27b-4b1f-b647-79b8e99cdfb9", "security_groups": [{"name": "tempest-secgroup-smoke-1290576279"}], "OS-SRV-USG:terminated_at": null, "OS-EXT-AZ:availability_zone": "nova", "user_id": "136b23ba2fe247afb9f7ce0d406ac646", "name": "tempest.common.compute-instance-1571365104", "created": "2015-12-24T08:19:24Z", "tenant_id": "6ebc1dcdc1784089b1c152df922a3a6f", "OS-DCF:diskConfig": "MANUAL", "os-extended-volumes:volumes_attached": [], "accessIPv4": "", "accessIPv6": "", "progress": 0, "OS-EXT-STS:power_state": 0, "config_drive": "", "metadata": {}}}
2015-12-24 08:19:28,786 21653 INFO     [tempest_lib.common.rest_client] Request (TestGettingAddress:test_dhcp6_stateless_from_os): 200 GET http://10.0.2.15:8774/v2.1/6ebc1dcdc1784089b1c152df922a3a6f/servers/6181879b-f27b-4b1f-b647-79b8e99cdfb9 0.239s
2015-12-24 08:19:28,786 21653 DEBUG    [tempest_lib.common.rest_client] Request - Headers: {'Content-Type': 'application/json', 'Accept': 'application/json', 'X-Auth-Token': '&lt;omitted&gt;'}
        Body: None
    Response - Headers: {'status': '200', 'content-length': '1781', 'content-location': 'http://10.0.2.15:8774/v2.1/6ebc1dcdc1784089b1c152df922a3a6f/servers/6181879b-f27b-4b1f-b647-79b8e99cdfb9', 'x-compute-request-id': 'req-e03a63aa-911e-407e-b9b1-e54db885181e', 'vary': 'X-OpenStack-Nova-API-Version', 'connection': 'close', 'x-openstack-nova-api-version': '2.1', 'date': 'Thu, 24 Dec 2015 08:19:28 GMT', 'content-type': 'application/json'}
        Body: {"server": {"status": "ACTIVE", "updated": "2015-12-24T08:19:28Z", "hostId": "5f202e17a24e7c4183850287eea441c36c166d6c166f5cefd1c4f981", "addresses": {"tempest-network-smoke--1198946437": [{"OS-EXT-IPS-MAC:mac_addr": "fa:16:3e:fc:49:3e", "version": 4, "addr": "10.100.0.3", "OS-EXT-IPS:type": "fixed"}, {"OS-EXT-IPS-MAC:mac_addr": "fa:16:3e:fc:49:3e", "version": 6, "addr": "2003::f816:3eff:fefc:493e", "OS-EXT-IPS:type": "fixed"}]}, "links": [{"href": "http://10.0.2.15:8774/v2.1/6ebc1dcdc1784089b1c152df922a3a6f/servers/6181879b-f27b-4b1f-b647-79b8e99cdfb9", "rel": "self"}, {"href": "http://10.0.2.15:8774/6ebc1dcdc1784089b1c152df922a3a6f/servers/6181879b-f27b-4b1f-b647-79b8e99cdfb9", "rel": "bookmark"}], "key_name": "tempest-TestGettingAddress-320505138", "image": {"id": "c8386146-0419-4070-b375-3c6251c14504", "links": [{"href": "http://10.0.2.15:8774/6ebc1dcdc1784089b1c152df922a3a6f/images/c8386146-0419-4070-b375-3c6251c14504", "rel": "bookmark"}]}, "OS-EXT-STS:task_state": null, "OS-EXT-STS:vm_state": "active", "OS-SRV-USG:launched_at": "2015-12-24T08:19:28.000000", "flavor": {"id": "42", "links": [{"href": "http://10.0.2.15:8774/6ebc1dcdc1784089b1c152df922a3a6f/flavors/42", "rel": "bookmark"}]}, "id": "6181879b-f27b-4b1f-b647-79b8e99cdfb9", "security_groups": [{"name": "tempest-secgroup-smoke-1290576279"}], "OS-SRV-USG:terminated_at": null, "OS-EXT-AZ:availability_zone": "nova", "user_id": "136b23ba2fe247afb9f7ce0d406ac646", "name": "tempest.common.compute-instance-1571365104", "created": "2015-12-24T08:19:24Z", "tenant_id": "6ebc1dcdc1784089b1c152df922a3a6f", "OS-DCF:diskConfig": "MANUAL", "os-extended-volumes:volumes_attached": [], "accessIPv4": "", "accessIPv6": "", "progress": 0, "OS-EXT-STS:power_state": 1, "config_drive": "True", "metadata": {}}}
2015-12-24 08:19:28,800 21653 INFO     [tempest.common.waiters] State transition "BUILD/spawning" ==&gt; "ACTIVE/None" after 4 second wait
2015-12-24 08:19:29,031 21653 INFO     [tempest_lib.common.rest_client] Request (TestGettingAddress:test_dhcp6_stateless_from_os): 200 GET http://10.0.2.15:8774/v2.1/6ebc1dcdc1784089b1c152df922a3a6f/servers/6181879b-f27b-4b1f-b647-79b8e99cdfb9 0.230s
2015-12-24 08:19:29,031 21653 DEBUG    [tempest_lib.common.rest_client] Request - Headers: {'Content-Type': 'application/json', 'Accept': 'application/json', 'X-Auth-Token': '&lt;omitted&gt;'}
        Body: None
    Response - Headers: {'status': '200', 'content-length': '1781', 'content-location': 'http://10.0.2.15:8774/v2.1/6ebc1dcdc1784089b1c152df922a3a6f/servers/6181879b-f27b-4b1f-b647-79b8e99cdfb9', 'x-compute-request-id': 'req-714810ad-4466-4518-b62d-53e73f859a37', 'vary': 'X-OpenStack-Nova-API-Version', 'connection': 'close', 'x-openstack-nova-api-version': '2.1', 'date': 'Thu, 24 Dec 2015 08:19:29 GMT', 'content-type': 'application/json'}
        Body: {"server": {"status": "ACTIVE", "updated": "2015-12-24T08:19:28Z", "hostId": "5f202e17a24e7c4183850287eea441c36c166d6c166f5cefd1c4f981", "addresses": {"tempest-network-smoke--1198946437": [{"OS-EXT-IPS-MAC:mac_addr": "fa:16:3e:fc:49:3e", "version": 4, "addr": "10.100.0.3", "OS-EXT-IPS:type": "fixed"}, {"OS-EXT-IPS-MAC:mac_addr": "fa:16:3e:fc:49:3e", "version": 6, "addr": "2003::f816:3eff:fefc:493e", "OS-EXT-IPS:type": "fixed"}]}, "links": [{"href": "http://10.0.2.15:8774/v2.1/6ebc1dcdc1784089b1c152df922a3a6f/servers/6181879b-f27b-4b1f-b647-79b8e99cdfb9", "rel": "self"}, {"href": "http://10.0.2.15:8774/6ebc1dcdc1784089b1c152df922a3a6f/servers/6181879b-f27b-4b1f-b647-79b8e99cdfb9", "rel": "bookmark"}], "key_name": "tempest-TestGettingAddress-320505138", "image": {"id": "c8386146-0419-4070-b375-3c6251c14504", "links": [{"href": "http://10.0.2.15:8774/6ebc1dcdc1784089b1c152df922a3a6f/images/c8386146-0419-4070-b375-3c6251c14504", "rel": "bookmark"}]}, "OS-EXT-STS:task_state": null, "OS-EXT-STS:vm_state": "active", "OS-SRV-USG:launched_at": "2015-12-24T08:19:28.000000", "flavor": {"id": "42", "links": [{"href": "http://10.0.2.15:8774/6ebc1dcdc1784089b1c152df922a3a6f/flavors/42", "rel": "bookmark"}]}, "id": "6181879b-f27b-4b1f-b647-79b8e99cdfb9", "security_groups": [{"name": "tempest-secgroup-smoke-1290576279"}], "OS-SRV-USG:terminated_at": null, "OS-EXT-AZ:availability_zone": "nova", "user_id": "136b23ba2fe247afb9f7ce0d406ac646", "name": "tempest.common.compute-instance-1571365104", "created": "2015-12-24T08:19:24Z", "tenant_id": "6ebc1dcdc1784089b1c152df922a3a6f", "OS-DCF:diskConfig": "MANUAL", "os-extended-volumes:volumes_attached": [], "accessIPv4": "", "accessIPv6": "", "progress": 0, "OS-EXT-STS:power_state": 1, "config_drive": "True", "metadata": {}}}
2015-12-24 08:19:29,071 21653 INFO     [tempest_lib.common.rest_client] Request (TestGettingAddress:test_dhcp6_stateless_from_os): 200 GET http://10.0.2.15:9696/v2.0/ports?status=ACTIVE&amp;fixed_ip=None&amp;device_id=6181879b-f27b-4b1f-b647-79b8e99cdfb9 0.031s
2015-12-24 08:19:29,072 21653 DEBUG    [tempest_lib.common.rest_client] Request - Headers: {'Content-Type': 'application/json', 'Accept': 'application/json', 'X-Auth-Token': '&lt;omitted&gt;'}
        Body: None
    Response - Headers: {'status': '200', 'content-length': '1142', 'content-location': 'http://10.0.2.15:9696/v2.0/ports?status=ACTIVE&amp;fixed_ip=None&amp;device_id=6181879b-f27b-4b1f-b647-79b8e99cdfb9', 'connection': 'close', 'date': 'Thu, 24 Dec 2015 08:19:29 GMT', 'content-type': 'application/json; charset=UTF-8', 'x-openstack-request-id': 'req-eb009643-b989-4a5d-a887-1f1fea781389'}
        Body: {"ports": [{"status": "ACTIVE", "binding:host_id": "vagrant-ubuntu-trusty-64", "allowed_address_pairs": [], "extra_dhcp_opts": [], "dns_assignment": [{"hostname": "host-10-100-0-3", "ip_address": "10.100.0.3", "fqdn": "host-10-100-0-3.openstacklocal."}, {"hostname": "host-2003--f816-3eff-fefc-493e", "ip_address": "2003::f816:3eff:fefc:493e", "fqdn": "host-2003--f816-3eff-fefc-493e.openstacklocal."}], "device_owner": "compute:None", "port_security_enabled": true, "binding:profile": {}, "fixed_ips": [{"subnet_id": "c54ea184-2bc9-4b38-83a8-a0879e300248", "ip_address": "10.100.0.3"}, {"subnet_id": "0da8e26b-0593-482a-92b7-b53114b4c009", "ip_address": "2003::f816:3eff:fefc:493e"}], "id": "a680aef9-0e68-414c-8869-960740a16054", "security_groups": ["7e55ae8a-3718-41f2-b930-103754f32c59"], "device_id": "6181879b-f27b-4b1f-b647-79b8e99cdfb9", "name": "", "admin_state_up": true, "network_id": "00417930-f70f-4dc8-936a-098e6c8b29d2", "dns_name": "", "binding:vif_details": {"port_filter": true}, "binding:vnic_type": "normal", "binding:vif_type": "ovs", "tenant_id": "6ebc1dcdc1784089b1c152df922a3a6f", "mac_address": "fa:16:3e:fc:49:3e"}]}
2015-12-24 08:19:29,635 21653 INFO     [tempest_lib.common.rest_client] Request (TestGettingAddress:test_dhcp6_stateless_from_os): 201 POST http://10.0.2.15:9696/v2.0/floatingips 0.562s
2015-12-24 08:19:29,635 21653 DEBUG    [tempest_lib.common.rest_client] Request - Headers: {'Content-Type': 'application/json', 'Accept': 'application/json', 'X-Auth-Token': '&lt;omitted&gt;'}
        Body: {"floatingip": {"floating_network_id": "6d7e2ea5-a60d-4371-a25c-72cbb3aeeda1", "tenant_id": "6ebc1dcdc1784089b1c152df922a3a6f", "fixed_ip_address": "10.100.0.3", "port_id": "a680aef9-0e68-414c-8869-960740a16054"}}
    Response - Headers: {'status': '201', 'content-length': '367', 'connection': 'close', 'date': 'Thu, 24 Dec 2015 08:19:29 GMT', 'content-type': 'application/json; charset=UTF-8', 'x-openstack-request-id': 'req-21308ab3-88ec-4d94-94cc-d126345ec150'}
        Body: {"floatingip": {"floating_network_id": "6d7e2ea5-a60d-4371-a25c-72cbb3aeeda1", "router_id": "50fe2457-9664-49b0-a4d4-eeac4f86abd9", "fixed_ip_address": "10.100.0.3", "floating_ip_address": "172.24.4.4", "tenant_id": "6ebc1dcdc1784089b1c152df922a3a6f", "status": "DOWN", "port_id": "a680aef9-0e68-414c-8869-960740a16054", "id": "09120f85-8f3e-4547-9848-df9ca0ae027d"}}
2015-12-24 08:19:29,638 21653 INFO     [tempest_lib.common.ssh] Creating ssh connection to '172.24.4.4' as 'cirros' with public key authentication
2015-12-24 08:19:33,335 21653 WARNING  [tempest_lib.common.ssh] Failed to establish authenticated ssh connection to cirros@172.24.4.4 ([Errno None] Unable to connect to port 22 on  or 172.24.4.4). Number attempts: 1. Retry after 2 seconds.
2015-12-24 08:19:38,839 21653 WARNING  [tempest_lib.common.ssh] Failed to establish authenticated ssh connection to cirros@172.24.4.4 ([Errno None] Unable to connect to port 22 on  or 172.24.4.4). Number attempts: 2. Retry after 3 seconds.
2015-12-24 08:19:45,347 21653 WARNING  [tempest_lib.common.ssh] Failed to establish authenticated ssh connection to cirros@172.24.4.4 ([Errno None] Unable to connect to port 22 on  or 172.24.4.4). Number attempts: 3. Retry after 4 seconds.
2015-12-24 08:19:52,851 21653 WARNING  [tempest_lib.common.ssh] Failed to establish authenticated ssh connection to cirros@172.24.4.4 ([Errno None] Unable to connect to port 22 on  or 172.24.4.4). Number attempts: 4. Retry after 5 seconds.
2015-12-24 08:20:01,359 21653 WARNING  [tempest_lib.common.ssh] Failed to establish authenticated ssh connection to cirros@172.24.4.4 ([Errno None] Unable to connect to port 22 on  or 172.24.4.4). Number attempts: 5. Retry after 6 seconds.
2015-12-24 08:20:10,863 21653 WARNING  [tempest_lib.common.ssh] Failed to establish authenticated ssh connection to cirros@172.24.4.4 ([Errno None] Unable to connect to port 22 on  or 172.24.4.4). Number attempts: 6. Retry after 7 seconds.
2015-12-24 08:20:21,371 21653 WARNING  [tempest_lib.common.ssh] Failed to establish authenticated ssh connection to cirros@172.24.4.4 ([Errno None] Unable to connect to port 22 on  or 172.24.4.4). Number attempts: 7. Retry after 8 seconds.
2015-12-24 08:20:32,876 21653 WARNING  [tempest_lib.common.ssh] Failed to establish authenticated ssh connection to cirros@172.24.4.4 ([Errno None] Unable to connect to port 22 on  or 172.24.4.4). Number attempts: 8. Retry after 9 seconds.
2015-12-24 08:20:45,387 21653 WARNING  [tempest_lib.common.ssh] Failed to establish authenticated ssh connection to cirros@172.24.4.4 ([Errno None] Unable to connect to port 22 on  or 172.24.4.4). Number attempts: 9. Retry after 10 seconds.
2015-12-24 08:20:58,895 21653 WARNING  [tempest_lib.common.ssh] Failed to establish authenticated ssh connection to cirros@172.24.4.4 ([Errno None] Unable to connect to port 22 on  or 172.24.4.4). Number attempts: 10. Retry after 11 seconds.
2015-12-24 08:21:13,407 21653 WARNING  [tempest_lib.common.ssh] Failed to establish authenticated ssh connection to cirros@172.24.4.4 ([Errno None] Unable to connect to port 22 on  or 172.24.4.4). Number attempts: 11. Retry after 12 seconds.
2015-12-24 08:21:28,919 21653 WARNING  [tempest_lib.common.ssh] Failed to establish authenticated ssh connection to cirros@172.24.4.4 ([Errno None] Unable to connect to port 22 on  or 172.24.4.4). Number attempts: 12. Retry after 13 seconds.
2015-12-24 08:21:45,423 21653 WARNING  [tempest_lib.common.ssh] Failed to establish authenticated ssh connection to cirros@172.24.4.4 ([Errno None] Unable to connect to port 22 on  or 172.24.4.4). Number attempts: 13. Retry after 14 seconds.
2015-12-24 08:22:02,935 21653 WARNING  [tempest_lib.common.ssh] Failed to establish authenticated ssh connection to cirros@172.24.4.4 ([Errno None] Unable to connect to port 22 on  or 172.24.4.4). Number attempts: 14. Retry after 15 seconds.
2015-12-24 08:22:21,447 21653 WARNING  [tempest_lib.common.ssh] Failed to establish authenticated ssh connection to cirros@172.24.4.4 ([Errno None] Unable to connect to port 22 on  or 172.24.4.4). Number attempts: 15. Retry after 16 seconds.
2015-12-24 08:22:40,963 21653 WARNING  [tempest_lib.common.ssh] Failed to establish authenticated ssh connection to cirros@172.24.4.4 ([Errno None] Unable to connect to port 22 on  or 172.24.4.4). Number attempts: 16. Retry after 17 seconds.
2015-12-24 08:23:01,483 21653 WARNING  [tempest_lib.common.ssh] Failed to establish authenticated ssh connection to cirros@172.24.4.4 ([Errno None] Unable to connect to port 22 on  or 172.24.4.4). Number attempts: 17. Retry after 18 seconds.
2015-12-24 08:23:22,996 21653 WARNING  [tempest_lib.common.ssh] Failed to establish authenticated ssh connection to cirros@172.24.4.4 ([Errno None] Unable to connect to port 22 on  or 172.24.4.4). Number attempts: 18. Retry after 19 seconds.
2015-12-24 08:23:45,508 21653 WARNING  [tempest_lib.common.ssh] Failed to establish authenticated ssh connection to cirros@172.24.4.4 ([Errno None] Unable to connect to port 22 on  or 172.24.4.4). Number attempts: 19. Retry after 20 seconds.
2015-12-24 08:24:09,027 21653 WARNING  [tempest_lib.common.ssh] Failed to establish authenticated ssh connection to cirros@172.24.4.4 ([Errno None] Unable to connect to port 22 on  or 172.24.4.4). Number attempts: 20. Retry after 21 seconds.
2015-12-24 08:24:33,539 21653 ERROR    [tempest_lib.common.ssh] Failed to establish authenticated ssh connection to cirros@172.24.4.4 after 20 attempts
2015-12-24 08:24:33.539 21653 ERROR tempest_lib.common.ssh Traceback (most recent call last):
2015-12-24 08:24:33.539 21653 ERROR tempest_lib.common.ssh   File "/usr/local/lib/python2.7/dist-packages/tempest_lib/common/ssh.py", line 75, in _get_ssh_connection
2015-12-24 08:24:33.539 21653 ERROR tempest_lib.common.ssh     timeout=self.channel_timeout, pkey=self.pkey)
2015-12-24 08:24:33.539 21653 ERROR tempest_lib.common.ssh   File "/usr/local/lib/python2.7/dist-packages/paramiko/client.py", line 311, in connect
2015-12-24 08:24:33.539 21653 ERROR tempest_lib.common.ssh     raise NoValidConnectionsError(errors)
2015-12-24 08:24:33.539 21653 ERROR tempest_lib.common.ssh NoValidConnectionsError: [Errno None] Unable to connect to port 22 on  or 172.24.4.4
2015-12-24 08:24:33.539 21653 ERROR tempest_lib.common.ssh 
2015-12-24 08:24:33,540 21653 ERROR    [tempest.scenario.manager] (TestGettingAddress:test_dhcp6_stateless_from_os) Initializing SSH connection to 172.24.4.4 failed. Error: Connection to the 172.24.4.4 via SSH timed out.
User: cirros, Password: None
2015-12-24 08:24:33.540 21653 ERROR tempest.scenario.manager Traceback (most recent call last):
2015-12-24 08:24:33.540 21653 ERROR tempest.scenario.manager   File "tempest/scenario/manager.py", line 386, in get_remote_client
2015-12-24 08:24:33.540 21653 ERROR tempest.scenario.manager     linux_client.validate_authentication()
2015-12-24 08:24:33.540 21653 ERROR tempest.scenario.manager   File "tempest/common/utils/linux/remote_client.py", line 63, in validate_authentication
2015-12-24 08:24:33.540 21653 ERROR tempest.scenario.manager     self.ssh_client.test_connection_auth()
2015-12-24 08:24:33.540 21653 ERROR tempest.scenario.manager   File "/usr/local/lib/python2.7/dist-packages/tempest_lib/common/ssh.py", line 172, in test_connection_auth
2015-12-24 08:24:33.540 21653 ERROR tempest.scenario.manager     connection = self._get_ssh_connection()
2015-12-24 08:24:33.540 21653 ERROR tempest.scenario.manager   File "/usr/local/lib/python2.7/dist-packages/tempest_lib/common/ssh.py", line 87, in _get_ssh_connection
2015-12-24 08:24:33.540 21653 ERROR tempest.scenario.manager     password=self.password)
2015-12-24 08:24:33.540 21653 ERROR tempest.scenario.manager SSHTimeout: Connection to the 172.24.4.4 via SSH timed out.
2015-12-24 08:24:33.540 21653 ERROR tempest.scenario.manager User: cirros, Password: None
2015-12-24 08:24:33.540 21653 ERROR tempest.scenario.manager 
2015-12-24 08:24:33,762 21653 INFO     [tempest_lib.common.rest_client] Request (TestGettingAddress:test_dhcp6_stateless_from_os): 200 GET http://10.0.2.15:8774/v2.1/6ebc1dcdc1784089b1c152df922a3a6f/servers 0.220s
2015-12-24 08:24:33,763 21653 DEBUG    [tempest_lib.common.rest_client] Request - Headers: {'Content-Type': 'application/json', 'Accept': 'application/json', 'X-Auth-Token': '&lt;omitted&gt;'}
        Body: None
    Response - Headers: {'status': '200', 'content-length': '391', 'content-location': 'http://10.0.2.15:8774/v2.1/6ebc1dcdc1784089b1c152df922a3a6f/servers', 'x-compute-request-id': 'req-3b9265af-a1f9-4ef6-904e-243c0a7684e6', 'vary': 'X-OpenStack-Nova-API-Version', 'connection': 'close', 'x-openstack-nova-api-version': '2.1', 'date': 'Thu, 24 Dec 2015 08:24:33 GMT', 'content-type': 'application/json'}
        Body: {"servers": [{"id": "6181879b-f27b-4b1f-b647-79b8e99cdfb9", "links": [{"href": "http://10.0.2.15:8774/v2.1/6ebc1dcdc1784089b1c152df922a3a6f/servers/6181879b-f27b-4b1f-b647-79b8e99cdfb9", "rel": "self"}, {"href": "http://10.0.2.15:8774/6ebc1dcdc1784089b1c152df922a3a6f/servers/6181879b-f27b-4b1f-b647-79b8e99cdfb9", "rel": "bookmark"}], "name": "tempest.common.compute-instance-1571365104"}]}
2015-12-24 08:24:34,099 21653 INFO     [tempest_lib.common.rest_client] Request (TestGettingAddress:test_dhcp6_stateless_from_os): 200 POST http://10.0.2.15:8774/v2.1/6ebc1dcdc1784089b1c152df922a3a6f/servers/6181879b-f27b-4b1f-b647-79b8e99cdfb9/action 0.329s
2015-12-24 08:24:34,099 21653 DEBUG    [tempest_lib.common.rest_client] Request - Headers: {'Content-Type': 'application/json', 'Accept': 'application/json', 'X-Auth-Token': '&lt;omitted&gt;'}
        Body: {"os-getConsoleOutput": {}}
    Response - Headers: {'status': '200', 'content-length': '24883', 'x-compute-request-id': 'req-91d9f15c-9579-4b92-8707-6a50ddcd8593', 'vary': 'X-OpenStack-Nova-API-Version', 'connection': 'close', 'x-openstack-nova-api-version': '2.1', 'date': 'Thu, 24 Dec 2015 08:24:34 GMT', 'content-type': 'application/json'}
        Body: {"output": "[    0.000000] Initializing cgroup subsys cpuset\n[    0.000000] Initializing cgroup subsys cpu\n[    0.000000] Linux version 3.2.0-80-virtual (buildd@batsu) (gcc version 4.6.3 (Ubuntu/Linaro 4.6.3-1ubuntu5) ) #116-Ubuntu SMP Mon Mar 23 17:28:52 UTC 2015 (Ubuntu 3.2.0-80.116-virtual 3.2.68)\n[    0.000000] Command line: root=/dev/vda console=tty0 console=ttyS0 no_timer_check\n[    0.000000] KERNEL supported cpus:\n[    0.000000]   Intel GenuineIntel\n[    0.000000]   AMD AuthenticAMD\n[    0.000000]   Centaur CentaurHauls\n[    0.000000] BIOS-provided physical RAM map:\n[    0.000000]  BIOS-e820: 0000000000000000 - 000000000009fc00 (usable)\n[    0.000000]  BIOS-e820: 000000000009fc00 - 00000000000a0000 (reserved)\n[    0.000000]  BIOS-e820: 00000000000f0000 - 0000000000100000 (reserved)\n[    0.000000]  BIOS-e820: 0000000000100000 - 0000000003ffe000 (usable)\n[    0.000000]  BIOS-e820: 0000000003ffe000 - 0000000004000000 (reserved)\n[    0.000000]  BIOS-e820: 00000000fffc0000 - 0000000100000000 (reserved)\n[    0.000000] NX (Execute Disable) protection: active\n[    0.000000] SMBIOS 2.4 present.\n[    0.000000] No AGP bridge found\n[    0.000000] last_pfn = 0x3ffe max_arch_pfn = 0x400000000\n[    0.000000] x86 PAT enabled: cpu 0, old 0x7040600070406, new 0x7010600070106\n[    0.000000] found SMP MP-table at [ffff8800000f0b00] f0b00\n[    0.000000] init_memory_mapping: 0000000000000000-0000000003ffe000\n[    0.000000] RAMDISK: 03c5e000 - 03ff0000\n[    0.000000] ACPI: RSDP 00000000000f0950 00014 (v00 BOCHS )\n[    0.000000] ACPI: RSDT 0000000003fffbc1 00034 (v01 BOCHS  BXPCRSDT 00000001 BXPC 00000001)\n[    0.000000] ACPI: FACP 0000000003fff1c0 00074 (v01 BOCHS  BXPCFACP 00000001 BXPC 00000001)\n[    0.000000] ACPI: DSDT 0000000003ffe040 01180 (v01 BOCHS  BXPCDSDT 00000001 BXPC 00000001)\n[    0.000000] ACPI: FACS 0000000003ffe000 00040\n[    0.000000] ACPI: SSDT 0000000003fff234 008DD (v01 BOCHS  BXPCSSDT 00000001 BXPC 00000001)\n[    0.000000] ACPI: APIC 0000000003fffb11 00078 (v01 BOCHS  BXPCAPIC 00000001 BXPC 00000001)\n[    0.000000] ACPI: HPET 0000000003fffb89 00038 (v01 BOCHS  BXPCHPET 00000001 BXPC 00000001)\n[    0.000000] No NUMA configuration found\n[    0.000000] Faking a node at 0000000000000000-0000000003ffe000\n[    0.000000] Initmem setup node 0 0000000000000000-0000000003ffe000\n[    0.000000]   NODE_DATA [0000000003ff6000 - 0000000003ffafff]\n[    0.000000] Zone PFN ranges:\n[    0.000000]   DMA      0x00000010 -&gt; 0x00001000\n[    0.000000]   DMA32    0x00001000 -&gt; 0x00100000\n[    0.000000]   Normal   empty\n[    0.000000] Movable zone start PFN for each node\n[    0.000000] early_node_map[2] active PFN ranges\n[    0.000000]     0: 0x00000010 -&gt; 0x0000009f\n[    0.000000]     0: 0x00000100 -&gt; 0x00003ffe\n[    0.000000] ACPI: PM-Timer IO Port: 0xb008\n[    0.000000] ACPI: LAPIC (acpi_id[0x00] lapic_id[0x00] enabled)\n[    0.000000] ACPI: LAPIC_NMI (acpi_id[0xff] dfl dfl lint[0x1])\n[    0.000000] ACPI: IOAPIC (id[0x00] address[0xfec00000] gsi_base[0])\n[    0.000000] IOAPIC[0]: apic_id 0, version 17, address 0xfec00000, GSI 0-23\n[    0.000000] ACPI: INT_SRC_OVR (bus 0 bus_irq 0 global_irq 2 dfl dfl)\n[    0.000000] ACPI: INT_SRC_OVR (bus 0 bus_irq 5 global_irq 5 high level)\n[    0.000000] ACPI: INT_SRC_OVR (bus 0 bus_irq 9 global_irq 9 high level)\n[    0.000000] ACPI: INT_SRC_OVR (bus 0 bus_irq 10 global_irq 10 high level)\n[    0.000000] ACPI: INT_SRC_OVR (bus 0 bus_irq 11 global_irq 11 high level)\n[    0.000000] Using ACPI (MADT) for SMP configuration information\n[    0.000000] ACPI: HPET id: 0x8086a201 base: 0xfed00000\n[    0.000000] SMP: Allowing 1 CPUs, 0 hotplug CPUs\n[    0.000000] PM: Registered nosave memory: 000000000009f000 - 00000000000a0000\n[    0.000000] PM: Registered nosave memory: 00000000000a0000 - 00000000000f0000\n[    0.000000] PM: Registered nosave memory: 00000000000f0000 - 0000000000100000\n[    0.000000] Allocating PCI resources starting at 4000000 (gap: 4000000:fbfc0000)\n[    0.000000] Booting paravirtualized kernel on bare hardware\n[    0.000000] setup_pe
2015-12-24 08:24:34,103 21653 DEBUG    [tempest.scenario.manager] Console output for 6181879b-f27b-4b1f-b647-79b8e99cdfb9
body=
[    0.000000] Initializing cgroup subsys cpuset
[    0.000000] Initializing cgroup subsys cpu
[    0.000000] Linux version 3.2.0-80-virtual (buildd@batsu) (gcc version 4.6.3 (Ubuntu/Linaro 4.6.3-1ubuntu5) ) #116-Ubuntu SMP Mon Mar 23 17:28:52 UTC 2015 (Ubuntu 3.2.0-80.116-virtual 3.2.68)
[    0.000000] Command line: root=/dev/vda console=tty0 console=ttyS0 no_timer_check
[    0.000000] KERNEL supported cpus:
[    0.000000]   Intel GenuineIntel
[    0.000000]   AMD AuthenticAMD
[    0.000000]   Centaur CentaurHauls
[    0.000000] BIOS-provided physical RAM map:
[    0.000000]  BIOS-e820: 0000000000000000 - 000000000009fc00 (usable)
[    0.000000]  BIOS-e820: 000000000009fc00 - 00000000000a0000 (reserved)
[    0.000000]  BIOS-e820: 00000000000f0000 - 0000000000100000 (reserved)
[    0.000000]  BIOS-e820: 0000000000100000 - 0000000003ffe000 (usable)
[    0.000000]  BIOS-e820: 0000000003ffe000 - 0000000004000000 (reserved)
[    0.000000]  BIOS-e820: 00000000fffc0000 - 0000000100000000 (reserved)
[    0.000000] NX (Execute Disable) protection: active
[    0.000000] SMBIOS 2.4 present.
[    0.000000] No AGP bridge found
[    0.000000] last_pfn = 0x3ffe max_arch_pfn = 0x400000000
[    0.000000] x86 PAT enabled: cpu 0, old 0x7040600070406, new 0x7010600070106
[    0.000000] found SMP MP-table at [ffff8800000f0b00] f0b00
[    0.000000] init_memory_mapping: 0000000000000000-0000000003ffe000
[    0.000000] RAMDISK: 03c5e000 - 03ff0000
[    0.000000] ACPI: RSDP 00000000000f0950 00014 (v00 BOCHS )
[    0.000000] ACPI: RSDT 0000000003fffbc1 00034 (v01 BOCHS  BXPCRSDT 00000001 BXPC 00000001)
[    0.000000] ACPI: FACP 0000000003fff1c0 00074 (v01 BOCHS  BXPCFACP 00000001 BXPC 00000001)
[    0.000000] ACPI: DSDT 0000000003ffe040 01180 (v01 BOCHS  BXPCDSDT 00000001 BXPC 00000001)
[    0.000000] ACPI: FACS 0000000003ffe000 00040
[    0.000000] ACPI: SSDT 0000000003fff234 008DD (v01 BOCHS  BXPCSSDT 00000001 BXPC 00000001)
[    0.000000] ACPI: APIC 0000000003fffb11 00078 (v01 BOCHS  BXPCAPIC 00000001 BXPC 00000001)
[    0.000000] ACPI: HPET 0000000003fffb89 00038 (v01 BOCHS  BXPCHPET 00000001 BXPC 00000001)
[    0.000000] No NUMA configuration found
[    0.000000] Faking a node at 0000000000000000-0000000003ffe000
[    0.000000] Initmem setup node 0 0000000000000000-0000000003ffe000
[    0.000000]   NODE_DATA [0000000003ff6000 - 0000000003ffafff]
[    0.000000] Zone PFN ranges:
[    0.000000]   DMA      0x00000010 -&gt; 0x00001000
[    0.000000]   DMA32    0x00001000 -&gt; 0x00100000
[    0.000000]   Normal   empty
[    0.000000] Movable zone start PFN for each node
[    0.000000] early_node_map[2] active PFN ranges
[    0.000000]     0: 0x00000010 -&gt; 0x0000009f
[    0.000000]     0: 0x00000100 -&gt; 0x00003ffe
[    0.000000] ACPI: PM-Timer IO Port: 0xb008
[    0.000000] ACPI: LAPIC (acpi_id[0x00] lapic_id[0x00] enabled)
[    0.000000] ACPI: LAPIC_NMI (acpi_id[0xff] dfl dfl lint[0x1])
[    0.000000] ACPI: IOAPIC (id[0x00] address[0xfec00000] gsi_base[0])
[    0.000000] IOAPIC[0]: apic_id 0, version 17, address 0xfec00000, GSI 0-23
[    0.000000] ACPI: INT_SRC_OVR (bus 0 bus_irq 0 global_irq 2 dfl dfl)
[    0.000000] ACPI: INT_SRC_OVR (bus 0 bus_irq 5 global_irq 5 high level)
[    0.000000] ACPI: INT_SRC_OVR (bus 0 bus_irq 9 global_irq 9 high level)
[    0.000000] ACPI: INT_SRC_OVR (bus 0 bus_irq 10 global_irq 10 high level)
[    0.000000] ACPI: INT_SRC_OVR (bus 0 bus_irq 11 global_irq 11 high level)
[    0.000000] Using ACPI (MADT) for SMP configuration information
[    0.000000] ACPI: HPET id: 0x8086a201 base: 0xfed00000
[    0.000000] SMP: Allowing 1 CPUs, 0 hotplug CPUs
[    0.000000] PM: Registered nosave memory: 000000000009f000 - 00000000000a0000
[    0.000000] PM: Registered nosave memory: 00000000000a0000 - 00000000000f0000
[    0.000000] PM: Registered nosave memory: 00000000000f0000 - 0000000000100000
[    0.000000] Allocating PCI resources starting at 4000000 (gap: 4000000:fbfc0000)
[    0.000000] Booting paravirtualized kernel on bare hardware
[    0.000000] setup_percpu: NR_CPUS:64 nr_cpumask_bits:64 nr_cpu_ids:1 nr_node_ids:1
[    0.000000] PERCPU: Embedded 27 pages/cpu @ffff880003a00000 s78848 r8192 d23552 u2097152
[    0.000000] Built 1 zonelists in Node order, mobility grouping on.  Total pages: 16008
[    0.000000] Policy zone: DMA32
[    0.000000] Kernel command line: root=/dev/vda console=tty0 console=ttyS0 no_timer_check
[    0.000000] PID hash table entries: 256 (order: -1, 2048 bytes)
[    0.000000] Checking aperture...
[    0.000000] No AGP bridge found
[    0.000000] Memory: 43492k/65528k available (6576k kernel code, 452k absent, 21584k reserved, 6620k data, 928k init)
[    0.000000] SLUB: Genslabs=15, HWalign=64, Order=0-3, MinObjects=0, CPUs=1, Nodes=1
[    0.000000] Hierarchical RCU implementation.
[    0.000000] 	RCU dyntick-idle grace-period acceleration is enabled.
[    0.000000] NR_IRQS:4352 nr_irqs:256 16
[    0.000000] Console: colour VGA+ 80x25
[    0.000000] console [tty0] enabled
[    0.000000] console [ttyS0] enabled
[    0.000000] allocated 1048576 bytes of page_cgroup
[    0.000000] please try 'cgroup_disable=memory' option if you don't want memory cgroups
[    0.000000] Fast TSC calibration failed
[    0.000000] TSC: Unable to calibrate against PIT
[    0.000000] TSC: using HPET reference calibration
[    0.000000] Detected 2293.282 MHz processor.
[    0.032821] Calibrating delay loop (skipped), value calculated using timer frequency.. 4586.56 BogoMIPS (lpj=9173128)
[    0.036870] pid_max: default: 32768 minimum: 301
[    0.045822] Security Framework initialized
[    0.050048] AppArmor: AppArmor initialized
[    0.050798] Yama: becoming mindful.
[    0.058326] Dentry cache hash table entries: 8192 (order: 4, 65536 bytes)
[    0.060645] Inode-cache hash table entries: 4096 (order: 3, 32768 bytes)
[    0.062332] Mount-cache hash table entries: 256
[    0.078145] Initializing cgroup subsys cpuacct
[    0.079154] Initializing cgroup subsys memory
[    0.080568] Initializing cgroup subsys devices
[    0.081362] Initializing cgroup subsys freezer
[    0.082159] Initializing cgroup subsys blkio
[    0.084186] Initializing cgroup subsys perf_event
[    0.088671] mce: CPU supports 10 MCE banks
[    0.092331] SMP alternatives: switching to UP code
[    0.494342] Freeing SMP alternatives: 24k freed
[    0.496769] ACPI: Core revision 20110623
[    0.550016] ftrace: allocating 26610 entries in 105 pages
[    0.582319] ..TIMER: vector=0x30 apic1=0 pin1=2 apic2=-1 pin2=-1
[    0.584186] CPU0: AMD QEMU Virtual CPU version 2.0.0 stepping 03
[    0.588036] Performance Events: Broken PMU hardware detected, using software events only.
[    0.596725] NMI watchdog disabled (cpu0): hardware events not enabled
[    0.598475] Brought up 1 CPUs
[    0.599058] Total of 1 processors activated (4586.56 BogoMIPS).
[    0.622238] devtmpfs: initialized
[    0.654817] EVM: security.selinux
[    0.656080] EVM: security.SMACK64
[    0.656552] EVM: security.capability
[    0.677552] print_constraints: dummy: 
[    0.679072] RTC time:  8:19:31, date: 12/24/15
[    0.681379] NET: Registered protocol family 16
[    0.691077] ACPI: bus type pci registered
[    0.694794] PCI: Using configuration type 1 for base access
[    0.725241] bio: create slab &lt;bio-0&gt; at 0
[    0.729360] ACPI: Added _OSI(Module Device)
[    0.730000] ACPI: Added _OSI(Processor Device)
[    0.730543] ACPI: Added _OSI(3.0 _SCP Extensions)
[    0.731386] ACPI: Added _OSI(Processor Aggregator Device)
[    0.813701] ACPI: Interpreter enabled
[    0.814302] ACPI: (supports S0 S3 S4 S5)
[    0.816925] ACPI: Using IOAPIC for interrupt routing
[    0.892358] ACPI: No dock devices found.
[    0.892960] HEST: Table not found.
[    0.893545] PCI: Using host bridge windows from ACPI; if necessary, use "pci=nocrs" and report a bug
[    0.899312] ACPI: PCI Root Bridge [PCI0] (domain 0000 [bus 00-ff])
[    0.905814] pci_root PNP0A03:00: host bridge window [io  0x0000-0x0cf7]
[    0.906631] pci_root PNP0A03:00: host bridge window [io  0x0d00-0xadff]
[    0.908108] pci_root PNP0A03:00: host bridge window [io  0xae0f-0xaeff]
[    0.909187] pci_root PNP0A03:00: host bridge window [io  0xaf20-0xafdf]
[    0.910291] pci_root PNP0A03:00: host bridge window [io  0xafe4-0xffff]
[    0.912164] pci_root PNP0A03:00: host bridge window [mem 0x000a0000-0x000bffff]
[    0.913072] pci_root PNP0A03:00: host bridge window [mem 0x04000000-0xfebfffff]
[    0.936427] pci 0000:00:01.3: quirk: [io  0xb000-0xb03f] claimed by PIIX4 ACPI
[    0.937404] pci 0000:00:01.3: quirk: [io  0xb100-0xb10f] claimed by PIIX4 SMB
[    1.015304]  pci0000:00: Unable to request _OSC control (_OSC support mask: 0x1e)
[    1.072611] ACPI: PCI Interrupt Link [LNKA] (IRQs 5 *10 11)
[    1.075058] ACPI: PCI Interrupt Link [LNKB] (IRQs 5 *10 11)
[    1.077543] ACPI: PCI Interrupt Link [LNKC] (IRQs 5 10 *11)
[    1.080221] ACPI: PCI Interrupt Link [LNKD] (IRQs 5 10 *11)
[    1.081732] ACPI: PCI Interrupt Link [LNKS] (IRQs *9)
[    1.088711] vgaarb: device added: PCI:0000:00:02.0,decodes=io+mem,owns=io+mem,locks=none
[    1.089923] vgaarb: loaded
[    1.090318] vgaarb: bridge control possible 0000:00:02.0
[    1.094259] i2c-core: driver [aat2870] using legacy suspend method
[    1.095017] i2c-core: driver [aat2870] using legacy resume method
[    1.101887] SCSI subsystem initialized
[    1.106596] usbcore: registered new interface driver usbfs
[    1.108949] usbcore: registered new interface driver hub
[    1.110587] usbcore: registered new device driver usb
[    1.114538] PCI: Using ACPI for IRQ routing
[    1.125069] NetLabel: Initializing
[    1.125637] NetLabel:  domain hash size = 128
[    1.126119] NetLabel:  protocols = UNLABELED CIPSOv4
[    1.128582] NetLabel:  unlabeled traffic allowed by default
[    1.130488] HPET: 3 timers in total, 0 timers will be used for per-cpu timer
[    1.132290] hpet0: at MMIO 0xfed00000, IRQs 2, 8, 0
[    1.133343] hpet0: 3 comparators, 64-bit 100.000000 MHz counter
[    1.144798] Switching to clocksource hpet
[    1.378249] AppArmor: AppArmor Filesystem Enabled
[    1.381308] pnp: PnP ACPI init
[    1.381960] ACPI: bus type pnp registered
[    1.409707] pnp: PnP ACPI: found 9 devices
[    1.410286] ACPI: ACPI bus type pnp unregistered
[    1.487098] NET: Registered protocol family 2
[    1.525589] IP route cache hash table entries: 512 (order: 0, 4096 bytes)
[    1.532505] TCP established hash table entries: 2048 (order: 3, 32768 bytes)
[    1.534331] TCP bind hash table entries: 2048 (order: 3, 32768 bytes)
[    1.535230] TCP: Hash tables configured (established 2048 bind 2048)
[    1.536545] TCP reno registered
[    1.537532] UDP hash table entries: 128 (order: 0, 4096 bytes)
[    1.538406] UDP-Lite hash table entries: 128 (order: 0, 4096 bytes)
[    1.541965] NET: Registered protocol family 1
[    1.542871] pci 0000:00:00.0: Limiting direct PCI/PCI transfers
[    1.543891] pci 0000:00:01.0: PIIX3: Enabling Passive Release
[    1.545517] pci 0000:00:01.0: Activating ISA DMA hang workarounds
[    1.550393] ACPI: PCI Interrupt Link [LNKD] enabled at IRQ 11
[    1.551394] pci 0000:00:01.2: PCI INT D -&gt; Link[LNKD] -&gt; GSI 11 (level, high) -&gt; IRQ 11
[    1.554158] pci 0000:00:01.2: PCI INT D disabled
[    1.570735] Trying to unpack rootfs image as initramfs...
[    1.587207] audit: initializing netlink socket (disabled)
[    1.589675] type=2000 audit(1450945171.588:1): initialized
[    1.894479] HugeTLB registered 2 MB page size, pre-allocated 0 pages
[    1.970442] VFS: Disk quotas dquot_6.5.2
[    1.972131] Dquot-cache hash table entries: 512 (order 0, 4096 bytes)
[    1.989526] fuse init (API version 7.17)
[    1.992581] msgmni has been set to 84
[    2.030917] Block layer SCSI generic (bsg) driver version 0.4 loaded (major 253)
[    2.037073] io scheduler noop registered
[    2.037639] io scheduler deadline registered (default)
[    2.038669] io scheduler cfq registered
[    2.042793] pci_hotplug: PCI Hot Plug PCI Core version: 0.5
[    2.044605] pciehp: PCI Express Hot Plug Controller Driver version: 0.4
[    2.050983] input: Power Button as /devices/LNXSYSTM:00/LNXPWRBN:00/input/input0
[    2.053148] ACPI: Power Button [PWRF]
[    2.112166] ERST: Table is not found!
[    2.113427] GHES: HEST is not enabled!
[    2.124677] ACPI: PCI Interrupt Link [LNKC] enabled at IRQ 10
[    2.126101] virtio-pci 0000:00:03.0: PCI INT A -&gt; Link[LNKC] -&gt; GSI 10 (level, high) -&gt; IRQ 10
[    2.130564] virtio-pci 0000:00:04.0: PCI INT A -&gt; Link[LNKD] -&gt; GSI 11 (level, high) -&gt; IRQ 11
[    2.146047] ACPI: PCI Interrupt Link [LNKA] enabled at IRQ 10
[    2.147377] virtio-pci 0000:00:05.0: PCI INT A -&gt; Link[LNKA] -&gt; GSI 10 (level, high) -&gt; IRQ 10
[    2.165996] Serial: 8250/16550 driver, 32 ports, IRQ sharing enabled
[    2.211934] serial8250: ttyS0 at I/O 0x3f8 (irq = 4) is a 16550A
[    2.309431] serial8250: ttyS1 at I/O 0x2f8 (irq = 3) is a 16550A
[    2.455765] 00:05: ttyS0 at I/O 0x3f8 (irq = 4) is a 16550A
[    2.533838] 00:06: ttyS1 at I/O 0x2f8 (irq = 3) is a 16550A
[    2.562309] Refined TSC clocksource calibration: 2293.285 MHz.
[    2.563967] Switching to clocksource tsc
[    2.586886] Linux agpgart interface v0.103
[    2.662494] brd: module loaded
[    2.691118] loop: module loaded
[    2.743326]  vda: unknown partition table
[    2.814018] scsi0 : ata_piix
[    2.817926] scsi1 : ata_piix
[    2.819439] ata1: PATA max MWDMA2 cmd 0x1f0 ctl 0x3f6 bmdma 0xc0a0 irq 14
[    2.821226] ata2: PATA max MWDMA2 cmd 0x170 ctl 0x376 bmdma 0xc0a8 irq 15
[    2.833980] Fixed MDIO Bus: probed
[    2.834850] tun: Universal TUN/TAP device driver, 1.6
[    2.835542] tun: (C) 1999-2004 Max Krasnyansky &lt;maxk@qualcomm.com&gt;
[    2.849445] PPP generic driver version 2.4.2
[    2.872152] ehci_hcd: USB 2.0 'Enhanced' Host Controller (EHCI) Driver
[    2.873880] ohci_hcd: USB 1.1 'Open' Host Controller (OHCI) Driver
[    2.874923] uhci_hcd: USB Universal Host Controller Interface driver
[    2.875993] uhci_hcd 0000:00:01.2: PCI INT D -&gt; Link[LNKD] -&gt; GSI 11 (level, high) -&gt; IRQ 11
[    2.881477] uhci_hcd 0000:00:01.2: UHCI Host Controller
[    2.898212] uhci_hcd 0000:00:01.2: new USB bus registered, assigned bus number 1
[    2.900056] uhci_hcd 0000:00:01.2: irq 11, io base 0x0000c040
[    2.930660] hub 1-0:1.0: USB hub found
[    2.933389] hub 1-0:1.0: 2 ports detected
[    2.942990] usbcore: registered new interface driver libusual
[    2.947336] i8042: PNP: PS/2 Controller [PNP0303:KBD,PNP0f13:MOU] at 0x60,0x64 irq 1,12
[    2.958065] serio: i8042 KBD port at 0x60,0x64 irq 1
[    2.959938] serio: i8042 AUX port at 0x60,0x64 irq 12
[    3.002032] mousedev: PS/2 mouse device common for all mice
[    3.018135] input: AT Translated Set 2 keyboard as /devices/platform/i8042/serio0/input/input1
[    3.023073] rtc_cmos 00:01: RTC can wake from S4
[    3.039143] rtc_cmos 00:01: rtc core: registered rtc_cmos as rtc0
[    3.044824] rtc0: alarms up to one day, 114 bytes nvram, hpet irqs
[    3.049064] device-mapper: uevent: version 1.0.3
[    3.080791] ata2.01: ATAPI: QEMU DVD-ROM, 2.0.0, max UDMA/100
[    3.090327] device-mapper: ioctl: 4.22.0-ioctl (2011-10-19) initialised: dm-devel@redhat.com
[    3.097363] cpuidle: using governor ladder
[    3.099311] cpuidle: using governor menu
[    3.104054] EFI Variables Facility v0.08 2004-May-17
[    3.120673] TCP cubic registered
[    3.124879] NET: Registered protocol family 10
[    3.166118] NET: Registered protocol family 17
[    3.168024] Registering the dns_resolver key type
[    3.186136] ata2.01: configured for MWDMA2
[    3.211668] scsi 1:0:1:0: CD-ROM            QEMU     QEMU DVD-ROM     2.0. PQ: 0 ANSI: 5
[    3.232047] sr0: scsi3-mmc drive: 4x/4x cd/rw xa/form2 tray
[    3.234771] cdrom: Uniform CD-ROM driver Revision: 3.20
[    3.264066] sr 1:0:1:0: Attached scsi generic sg0 type 5
[    3.299913] Freeing initrd memory: 3656k freed
[    3.321385] registered taskstats version 1
[    3.794262]   Magic number: 11:957:321
[    3.801763] bsg 1:0:1:0: hash matches
[    3.803796] scsi_device 1:0:1:0: hash matches
[    3.805637] sr 1:0:1:0: hash matches
[    3.806109] bdi 253:0: hash matches
[    3.807765] tty tty46: hash matches
[    3.808633] pci 0000:00:02.0: hash matches
[    3.813410] rtc_cmos 00:01: setting system clock to 2015-12-24 08:19:34 UTC (1450945174)
[    3.816472] powernow-k8: Processor cpuid 663 not supported
[    3.823465] BIOS EDD facility v0.16 2004-Jun-25, 0 devices found
[    3.825046] EDD information not available.
[    3.904025] Freeing unused kernel memory: 928k freed
[    3.911163] Write protecting the kernel read-only data: 12288k
[    4.040524] Freeing unused kernel memory: 1596k freed
[    4.142185] Freeing unused kernel memory: 1184k freed

info: initramfs: up at 4.34
modprobe: module virtio_blk not found in modules.dep
modprobe: module virtio_net not found in modules.dep
info: copying initramfs to /dev/vda
info: initramfs loading root from /dev/vda
info: /etc/init.d/rc.sysinit: up at 8.81
info: container: none
Starting logging: OK
modprobe: module virtio_blk not found in modules.dep
modprobe: module virtio_net not found in modules.dep
WARN: /etc/rc3.d/S10-load-modules failed
Initializing random number generator... done.
Starting acpid: OK
cirros-ds 'local' up at 11.31
found datasource (configdrive, local)
Starting network...
udhcpc (v1.20.1) started
Sending discover...
Sending discover...
Sending discover...
Usage: /sbin/cirros-dhcpc &lt;up|down&gt;
No lease, failing
WARN: /etc/rc3.d/S40-network failed
Starting dropbear sshd: generating rsa key... generating dsa key... OK
no userdata for datasource
=== system information ===
Platform: OpenStack Foundation OpenStack Nova
Container: none
Arch: x86_64
CPU(s): 1 @ 2293.282 MHz
Cores/Sockets/Threads: 1/1/1
Virt-type: AMD-V
RAM Size: 49MB
Disks:
NAME MAJ:MIN     SIZE LABEL         MOUNTPOINT
vda  253:0   25165824 cirros-rootfs /
sr0   11:0     428032 config-2      
=== sshd host keys ===
-----BEGIN SSH HOST KEY KEYS-----
ssh-rsa AAAAB3NzaC1yc2EAAAADAQABAAAAgn/i+BraCLShBUpi1JWecf1Oa54ElPNQSzzXwXnRrK1ehepqyZGnahX63wByfU66MaJVuGQqg23DTcVBZTSzYzGFDmqepHjt2m1I2F2PJKRd0e+HIPTPnbCUmNNcqw/hiXOL97CuqDhTUABkq7ulWzg3KIjYTYbh24GOuh5XLnewG2M= root@tempest
ssh-dss AAAAB3NzaC1kc3MAAACBANn/95+E6Bzfr/r0MfcNXv/y9asnZKjLMfb3YSU8j9IQz/KfpRclXBW4MnQAhNdR6Gn044ceLQ0RjYF7eh5aRhX26afof6RE4jVFNbwi1VSVpBbCdEkvPmRq5gGaPj152fOaczh2g9c97UFgYJTytp2JBYrtcgKIITPnWNTKp0ldAAAAFQCotTvWGqC/SSxG8URc6bBD0Jm/2wAAAIEAvfwqxXoMQVPEh2L/RMI3wOz/a3gsvu9TrzoCz/oDKs3mA+udJedQEiFXBlXsJbj2MMuSxkoJFJn4u+IrXENwz+2uHfQNnUZl6LoaFszB6kFG5ooRnz6r8mqGabVSuWcIjUS8VTjBqlUVfucNXIqHsgnruBR2e3q+dvvCumjsXioAAACBAM7qlTO4Ex7FMPukM8NORx7xpWEviWMh9Hqaf8NzQMb6S1p4+FFBAZ6zcXC52gvYH4m0SApL7LaUp4vKOL2fOsnZzdLPOJXfapDH7Fr6BwGdSrDKyJdtiTSeD/mNRaDQV5n+QwSwppRHoLNC75dt1Uc6jK+wU37ZYQO7Lwn9vlyN root@tempest
-----END SSH HOST KEY KEYS-----
=== network info ===
if-info: lo,up,127.0.0.1,8,::1
if-info: eth0,up,,8,fe80::f816:3eff:fefc:493e
=== datasource: configdrive local ===
instance-id: 6181879b-f27b-4b1f-b647-79b8e99cdfb9
name: tempest.common.compute-instance-1571365104
availability-zone: nova
local-hostname: tempest.common.compute-instance-1571365104.novalocal
launch-index: 0
=== cirros: current=0.3.4 uptime=203.00 ===
route: fscanf
=== pinging gateway failed, debugging connection ===
############ debug start ##############
### /etc/init.d/sshd start
Starting dropbear sshd: OK
route: fscanf
### ifconfig -a
eth0      Link encap:Ethernet  HWaddr FA:16:3E:FC:49:3E  
          inet6 addr: fe80::f816:3eff:fefc:493e/64 Scope:Link
          UP BROADCAST RUNNING MULTICAST  MTU:1500  Metric:1
          RX packets:12 errors:0 dropped:5 overruns:0 frame:0
          TX packets:8 errors:0 dropped:0 overruns:0 carrier:0
          collisions:0 txqueuelen:1000 
          RX bytes:1303 (1.2 KiB)  TX bytes:1134 (1.1 KiB)

lo        Link encap:Local Loopback  
          inet addr:127.0.0.1  Mask:255.0.0.0
          inet6 addr: ::1/128 Scope:Host
          UP LOOPBACK RUNNING  MTU:16436  Metric:1
          RX packets:12 errors:0 dropped:0 overruns:0 frame:0
          TX packets:12 errors:0 dropped:0 overruns:0 carrier:0
          collisions:0 txqueuelen:0 
          RX bytes:1020 (1020.0 B)  TX bytes:1020 (1020.0 B)

### route -n
Kernel IP routing table
Destination     Gateway         Genmask         Flags Metric Ref    Use Iface
route: fscanf
### cat /etc/resolv.conf
cat: can't open '/etc/resolv.conf': No such file or directory
### gateway not found
/sbin/cirros-status: line 1: can't open /etc/resolv.conf: no such file
### pinging nameservers
### uname -a
Linux tempest 3.2.0-80-virtual #116-Ubuntu SMP Mon Mar 23 17:28:52 UTC 2015 x86_64 GNU/Linux
### lsmod
Module                  Size  Used by    Not tainted
nls_iso8859_1          12713  0 
nls_cp437              16991  0 
vfat                   17585  0 
fat                    61512  1 vfat
isofs                  40259  0 
ip_tables              27473  0 
x_tables               29891  1 ip_tables
pcnet32                42119  0 
8139cp                 27360  0 
ne2k_pci               13691  0 
8390                   18856  1 ne2k_pci
e1000                 108589  0 
acpiphp                24231  0 
### dmesg | tail
[    5.200033] EXT3-fs (vda): mounted filesystem with ordered data mode
[    5.464948] ISO 9660 Extensions: Microsoft Joliet Level 3
[    5.538304] ISO 9660 Extensions: RRIP_1991A
[    5.781537] kjournald starting.  Commit interval 5 seconds
[    5.798888] EXT3-fs (vda): using internal journal
[    5.798918] EXT3-fs (vda): mounted filesystem with ordered data mode
[    8.915541] EXT3-fs (vda): using internal journal
[   12.068204] ISO 9660 Extensions: Microsoft Joliet Level 3
[   12.163571] ISO 9660 Extensions: RRIP_1991A
[   26.835966] eth0: no IPv6 routers present
### tail -n 25 /var/log/messages
Dec 24 08:19:40 cirros kern.info kernel: [    4.658405] acpiphp: Slot [24] registered
Dec 24 08:19:40 cirros kern.info kernel: [    4.658745] acpiphp: Slot [25] registered
Dec 24 08:19:40 cirros kern.info kernel: [    4.659130] acpiphp: Slot [26] registered
Dec 24 08:19:40 cirros kern.info kernel: [    4.659477] acpiphp: Slot [27] registered
Dec 24 08:19:40 cirros kern.info kernel: [    4.659928] acpiphp: Slot [28] registered
Dec 24 08:19:40 cirros kern.info kernel: [    4.660304] acpiphp: Slot [29] registered
Dec 24 08:19:40 cirros kern.info kernel: [    4.662166] acpiphp: Slot [30] registered
Dec 24 08:19:40 cirros kern.info kernel: [    4.662741] acpiphp: Slot [31] registered
Dec 24 08:19:40 cirros kern.info kernel: [    4.739442] e1000: Intel(R) PRO/1000 Network Driver - version 7.3.21-k8-NAPI
Dec 24 08:19:40 cirros kern.info kernel: [    4.739733] e1000: Copyright (c) 1999-2006 Intel Corporation.
Dec 24 08:19:40 cirros kern.info kernel: [    4.802322] ne2k-pci.c:v1.03 9/22/2003 D. Becker/P. Gortmaker
Dec 24 08:19:40 cirros kern.info kernel: [    4.847036] 8139cp: 8139cp: 10/100 PCI Ethernet driver v1.3 (Mar 22, 2004)
Dec 24 08:19:40 cirros kern.info kernel: [    5.191604] kjournald starting.  Commit interval 5 seconds
Dec 24 08:19:40 cirros kern.info kernel: [    5.200033] EXT3-fs (vda): mounted filesystem with ordered data mode
Dec 24 08:19:40 cirros kern.debug kernel: [    5.464948] ISO 9660 Extensions: Microsoft Joliet Level 3
Dec 24 08:19:40 cirros kern.debug kernel: [    5.538304] ISO 9660 Extensions: RRIP_1991A
Dec 24 08:19:40 cirros kern.info kernel: [    5.781537] kjournald starting.  Commit interval 5 seconds
Dec 24 08:19:40 cirros kern.info kernel: [    5.798888] EXT3-fs (vda): using internal journal
Dec 24 08:19:40 cirros kern.info kernel: [    5.798918] EXT3-fs (vda): mounted filesystem with ordered data mode
Dec 24 08:19:40 cirros kern.info kernel: [    8.915541] EXT3-fs (vda): using internal journal
Dec 24 08:19:42 cirros kern.debug kernel: [   12.068204] ISO 9660 Extensions: Microsoft Joliet Level 3
Dec 24 08:19:42 cirros kern.debug kernel: [   12.163571] ISO 9660 Extensions: RRIP_1991A
Dec 24 08:19:45 cirros auth.notice su: + /dev/console root:cirros
Dec 24 08:19:57 cirros kern.debug kernel: [   26.835966] eth0: no IPv6 routers present
Dec 24 08:22:51 cirros authpriv.info dropbear[283]: Running in background
############ debug end   ##############
  ____               ____  ____
 / __/ __ ____ ____ / __ \/ __/
/ /__ / // __// __// /_/ /\ \ 
\___//_//_/  /_/   \____/___/ 
   http://cirros-cloud.net


login as 'cirros' user. default password: 'cubswin:)'. use 'sudo' for root.
tempest login: 
2015-12-24 08:24:34,532 21653 INFO     [tempest_lib.common.rest_client] Request (TestGettingAddress:_run_cleanups): 204 DELETE http://10.0.2.15:9696/v2.0/floatingips/09120f85-8f3e-4547-9848-df9ca0ae027d 0.425s
2015-12-24 08:24:34,532 21653 DEBUG    [tempest_lib.common.rest_client] Request - Headers: {'Content-Type': 'application/json', 'Accept': 'application/json', 'X-Auth-Token': '&lt;omitted&gt;'}
        Body: None
    Response - Headers: {'date': 'Thu, 24 Dec 2015 08:24:34 GMT', 'status': '204', 'connection': 'close', 'content-length': '0', 'x-openstack-request-id': 'req-1e16eba2-8f53-47d6-8fa2-84012d9f77ad'}
        Body: 
2015-12-24 08:24:34,885 21653 INFO     [tempest_lib.common.rest_client] Request (TestGettingAddress:_run_cleanups): 204 DELETE http://10.0.2.15:8774/v2.1/6ebc1dcdc1784089b1c152df922a3a6f/servers/6181879b-f27b-4b1f-b647-79b8e99cdfb9 0.352s
2015-12-24 08:24:34,885 21653 DEBUG    [tempest_lib.common.rest_client] Request - Headers: {'Content-Type': 'application/json', 'Accept': 'application/json', 'X-Auth-Token': '&lt;omitted&gt;'}
        Body: None
    Response - Headers: {'status': '204', 'content-length': '0', 'x-compute-request-id': 'req-f08bc870-47aa-4f0b-9c03-2ebb04855500', 'vary': 'X-OpenStack-Nova-API-Version', 'connection': 'close', 'x-openstack-nova-api-version': '2.1', 'date': 'Thu, 24 Dec 2015 08:24:34 GMT', 'content-type': 'application/json'}
        Body: 
2015-12-24 08:24:35,096 21653 INFO     [tempest_lib.common.rest_client] Request (TestGettingAddress:_run_cleanups): 200 GET http://10.0.2.15:8774/v2.1/6ebc1dcdc1784089b1c152df922a3a6f/servers/6181879b-f27b-4b1f-b647-79b8e99cdfb9 0.210s
2015-12-24 08:24:35,097 21653 DEBUG    [tempest_lib.common.rest_client] Request - Headers: {'Content-Type': 'application/json', 'Accept': 'application/json', 'X-Auth-Token': '&lt;omitted&gt;'}
        Body: None
    Response - Headers: {'status': '200', 'content-length': '1904', 'content-location': 'http://10.0.2.15:8774/v2.1/6ebc1dcdc1784089b1c152df922a3a6f/servers/6181879b-f27b-4b1f-b647-79b8e99cdfb9', 'x-compute-request-id': 'req-4632b5c1-ff3c-4cab-a345-93832e3a3c80', 'vary': 'X-OpenStack-Nova-API-Version', 'connection': 'close', 'x-openstack-nova-api-version': '2.1', 'date': 'Thu, 24 Dec 2015 08:24:35 GMT', 'content-type': 'application/json'}
        Body: {"server": {"status": "ACTIVE", "updated": "2015-12-24T08:24:34Z", "hostId": "5f202e17a24e7c4183850287eea441c36c166d6c166f5cefd1c4f981", "addresses": {"tempest-network-smoke--1198946437": [{"OS-EXT-IPS-MAC:mac_addr": "fa:16:3e:fc:49:3e", "version": 6, "addr": "2003::f816:3eff:fefc:493e", "OS-EXT-IPS:type": "fixed"}, {"OS-EXT-IPS-MAC:mac_addr": "fa:16:3e:fc:49:3e", "version": 4, "addr": "10.100.0.3", "OS-EXT-IPS:type": "fixed"}, {"OS-EXT-IPS-MAC:mac_addr": "fa:16:3e:fc:49:3e", "version": 4, "addr": "172.24.4.4", "OS-EXT-IPS:type": "floating"}]}, "links": [{"href": "http://10.0.2.15:8774/v2.1/6ebc1dcdc1784089b1c152df922a3a6f/servers/6181879b-f27b-4b1f-b647-79b8e99cdfb9", "rel": "self"}, {"href": "http://10.0.2.15:8774/6ebc1dcdc1784089b1c152df922a3a6f/servers/6181879b-f27b-4b1f-b647-79b8e99cdfb9", "rel": "bookmark"}], "key_name": "tempest-TestGettingAddress-320505138", "image": {"id": "c8386146-0419-4070-b375-3c6251c14504", "links": [{"href": "http://10.0.2.15:8774/6ebc1dcdc1784089b1c152df922a3a6f/images/c8386146-0419-4070-b375-3c6251c14504", "rel": "bookmark"}]}, "OS-EXT-STS:task_state": "deleting", "OS-EXT-STS:vm_state": "active", "OS-SRV-USG:launched_at": "2015-12-24T08:19:28.000000", "flavor": {"id": "42", "links": [{"href": "http://10.0.2.15:8774/6ebc1dcdc1784089b1c152df922a3a6f/flavors/42", "rel": "bookmark"}]}, "id": "6181879b-f27b-4b1f-b647-79b8e99cdfb9", "security_groups": [{"name": "tempest-secgroup-smoke-1290576279"}], "OS-SRV-USG:terminated_at": null, "OS-EXT-AZ:availability_zone": "nova", "user_id": "136b23ba2fe247afb9f7ce0d406ac646", "name": "tempest.common.compute-instance-1571365104", "created": "2015-12-24T08:19:24Z", "tenant_id": "6ebc1dcdc1784089b1c152df922a3a6f", "OS-DCF:diskConfig": "MANUAL", "os-extended-volumes:volumes_attached": [], "accessIPv4": "", "accessIPv6": "", "progress": 0, "OS-EXT-STS:power_state": 1, "config_drive": "True", "metadata": {}}}
2015-12-24 08:24:36,267 21653 INFO     [tempest_lib.common.rest_client] Request (TestGettingAddress:_run_cleanups): 200 GET http://10.0.2.15:8774/v2.1/6ebc1dcdc1784089b1c152df922a3a6f/servers/6181879b-f27b-4b1f-b647-79b8e99cdfb9 0.156s
2015-12-24 08:24:36,268 21653 DEBUG    [tempest_lib.common.rest_client] Request - Headers: {'Content-Type': 'application/json', 'Accept': 'application/json', 'X-Auth-Token': '&lt;omitted&gt;'}
        Body: None
    Response - Headers: {'status': '200', 'content-length': '1836', 'content-location': 'http://10.0.2.15:8774/v2.1/6ebc1dcdc1784089b1c152df922a3a6f/servers/6181879b-f27b-4b1f-b647-79b8e99cdfb9', 'x-compute-request-id': 'req-d06ef9d1-5a76-4ddb-b99c-7b5134561117', 'vary': 'X-OpenStack-Nova-API-Version', 'connection': 'close', 'x-openstack-nova-api-version': '2.1', 'date': 'Thu, 24 Dec 2015 08:24:36 GMT', 'content-type': 'application/json'}
        Body: {"server": {"status": "ACTIVE", "updated": "2015-12-24T08:24:35Z", "hostId": "5f202e17a24e7c4183850287eea441c36c166d6c166f5cefd1c4f981", "addresses": {"tempest-network-smoke--1198946437": [{"OS-EXT-IPS-MAC:mac_addr": "fa:16:3e:fc:49:3e", "version": 6, "addr": "2003::f816:3eff:fefc:493e", "OS-EXT-IPS:type": "fixed"}, {"OS-EXT-IPS-MAC:mac_addr": "fa:16:3e:fc:49:3e", "version": 4, "addr": "10.100.0.3", "OS-EXT-IPS:type": "fixed"}, {"OS-EXT-IPS-MAC:mac_addr": "fa:16:3e:fc:49:3e", "version": 4, "addr": "172.24.4.4", "OS-EXT-IPS:type": "floating"}]}, "links": [{"href": "http://10.0.2.15:8774/v2.1/6ebc1dcdc1784089b1c152df922a3a6f/servers/6181879b-f27b-4b1f-b647-79b8e99cdfb9", "rel": "self"}, {"href": "http://10.0.2.15:8774/6ebc1dcdc1784089b1c152df922a3a6f/servers/6181879b-f27b-4b1f-b647-79b8e99cdfb9", "rel": "bookmark"}], "key_name": "tempest-TestGettingAddress-320505138", "image": {"id": "c8386146-0419-4070-b375-3c6251c14504", "links": [{"href": "http://10.0.2.15:8774/6ebc1dcdc1784089b1c152df922a3a6f/images/c8386146-0419-4070-b375-3c6251c14504", "rel": "bookmark"}]}, "OS-EXT-STS:task_state": "deleting", "OS-EXT-STS:vm_state": "active", "OS-SRV-USG:launched_at": "2015-12-24T08:19:28.000000", "flavor": {"id": "42", "links": [{"href": "http://10.0.2.15:8774/6ebc1dcdc1784089b1c152df922a3a6f/flavors/42", "rel": "bookmark"}]}, "id": "6181879b-f27b-4b1f-b647-79b8e99cdfb9", "OS-SRV-USG:terminated_at": null, "OS-EXT-AZ:availability_zone": "nova", "user_id": "136b23ba2fe247afb9f7ce0d406ac646", "name": "tempest.common.compute-instance-1571365104", "created": "2015-12-24T08:19:24Z", "tenant_id": "6ebc1dcdc1784089b1c152df922a3a6f", "OS-DCF:diskConfig": "MANUAL", "os-extended-volumes:volumes_attached": [], "accessIPv4": "", "accessIPv6": "", "progress": 0, "OS-EXT-STS:power_state": 1, "config_drive": "True", "metadata": {}}}
2015-12-24 08:24:37,370 21653 INFO     [tempest_lib.common.rest_client] Request (TestGettingAddress:_run_cleanups): 404 GET http://10.0.2.15:8774/v2.1/6ebc1dcdc1784089b1c152df922a3a6f/servers/6181879b-f27b-4b1f-b647-79b8e99cdfb9 0.088s
2015-12-24 08:24:37,371 21653 DEBUG    [tempest_lib.common.rest_client] Request - Headers: {'Content-Type': 'application/json', 'Accept': 'application/json', 'X-Auth-Token': '&lt;omitted&gt;'}
        Body: None
    Response - Headers: {'status': '404', 'content-length': '111', 'x-compute-request-id': 'req-87238652-78f7-4128-a510-c2cea10f86f7', 'vary': 'X-OpenStack-Nova-API-Version', 'connection': 'close', 'x-openstack-nova-api-version': '2.1', 'date': 'Thu, 24 Dec 2015 08:24:37 GMT', 'content-type': 'application/json; charset=UTF-8'}
        Body: {"itemNotFound": {"message": "Instance 6181879b-f27b-4b1f-b647-79b8e99cdfb9 could not be found.", "code": 404}}
2015-12-24 08:24:37,880 21653 INFO     [tempest_lib.common.rest_client] Request (TestGettingAddress:_run_cleanups): 200 PUT http://10.0.2.15:9696/v2.0/routers/50fe2457-9664-49b0-a4d4-eeac4f86abd9/remove_router_interface 0.508s
2015-12-24 08:24:37,881 21653 DEBUG    [tempest_lib.common.rest_client] Request - Headers: {'Content-Type': 'application/json', 'Accept': 'application/json', 'X-Auth-Token': '&lt;omitted&gt;'}
        Body: {"subnet_id": "0da8e26b-0593-482a-92b7-b53114b4c009"}
    Response - Headers: {'status': '200', 'content-length': '255', 'connection': 'close', 'date': 'Thu, 24 Dec 2015 08:24:37 GMT', 'content-type': 'application/json; charset=UTF-8', 'x-openstack-request-id': 'req-c1a40259-9b80-4020-8246-9ff0b505bd42'}
        Body: {"subnet_id": "0da8e26b-0593-482a-92b7-b53114b4c009", "tenant_id": "6ebc1dcdc1784089b1c152df922a3a6f", "subnet_ids": ["0da8e26b-0593-482a-92b7-b53114b4c009"], "port_id": "da00005e-d147-4454-aca0-a1007eb619f1", "id": "50fe2457-9664-49b0-a4d4-eeac4f86abd9"}
2015-12-24 08:24:38,648 21653 INFO     [tempest_lib.common.rest_client] Request (TestGettingAddress:_run_cleanups): 204 DELETE http://10.0.2.15:9696/v2.0/subnets/0da8e26b-0593-482a-92b7-b53114b4c009 0.766s
