<?xml version="1.0" encoding="UTF-8"?>
<!DOCTYPE html PUBLIC "-//W3C//DTD XHTML 1.0 Strict//EN"
     "http://www.w3.org/TR/xhtml1/DTD/xhtml1-strict.dtd">
<html xmlns="http://www.w3.org/1999/xhtml">
<head>
    <title>Unit Test Report</title>
    <meta name="generator" content="subunit2html 0.1"/>
    <meta http-equiv="Content-Type" content="text/html; charset=UTF-8"/>
    
<style type="text/css" media="screen">
body        { font-family: verdana, arial, helvetica, sans-serif;
    font-size: 80%; }
table       { font-size: 100%; width: 100%;}
pre         { font-size: 80%; }

/* -- heading -------------------------------------------------------------- */
h1 {
        font-size: 16pt;
        color: gray;
}
.heading {
    margin-top: 0ex;
    margin-bottom: 1ex;
}

.heading .attribute {
    margin-top: 1ex;
    margin-bottom: 0;
}

.heading .description {
    margin-top: 4ex;
    margin-bottom: 6ex;
}

/* -- css div popup -------------------------------------------------------- */
a.popup_link {
}

a.popup_link:hover {
    color: red;
}

.popup_window {
    display: none;
    overflow-x: scroll;
    /*border: solid #627173 1px; */
    padding: 10px;
    background-color: #E6E6D6;
    font-family: "Ubuntu Mono", "Lucida Console", "Courier New", monospace;
    text-align: left;
    font-size: 8pt;
}

}
/* -- report --------------------------------------------------------------- */
#show_detail_line {
    margin-top: 3ex;
    margin-bottom: 1ex;
}
#result_table {
    width: 100%;
    border-collapse: collapse;
    border: 1px solid #777;
}
#header_row {
    font-weight: bold;
    color: white;
    background-color: #777;
}
#result_table td {
    border: 1px solid #777;
    padding: 2px;
}
#total_row  { font-weight: bold; }
.passClass  { background-color: #6c6; }
.failClass  { background-color: #c60; }
.errorClass { background-color: #c00; }
.passCase   { color: #6c6; }
.failCase   { color: #c60; font-weight: bold; }
.errorCase  { color: #c00; font-weight: bold; }
.hiddenRow  { display: none; }
.testcase   { margin-left: 2em; }
td.testname {width: 40%}
td.small {width: 40px}

/* -- ending --------------------------------------------------------------- */
#ending {
}

</style>

</head>
<body>
<script language="javascript" type="text/javascript"><!--
output_list = Array();

/* level - 0:Summary; 1:Failed; 2:All */
function showCase(level) {
    trs = document.getElementsByTagName("tr");
    for (var i = 0; i < trs.length; i++) {
        tr = trs[i];
        id = tr.id;
        if (id.substr(0,2) == 'ft') {
            if (level < 1) {
                tr.className = 'hiddenRow';
            }
            else {
                tr.className = '';
            }
        }
        if (id.substr(0,2) == 'pt') {
            if (level > 1) {
                tr.className = '';
            }
            else {
                tr.className = 'hiddenRow';
            }
        }
    }
}


function showClassDetail(cid, count) {
    var id_list = Array(count);
    var toHide = 1;
    for (var i = 0; i < count; i++) {
        tid0 = 't' + cid.substr(1) + '.' + (i+1);
        tid = 'f' + tid0;
        tr = document.getElementById(tid);
        if (!tr) {
            tid = 'p' + tid0;
            tr = document.getElementById(tid);
        }
        id_list[i] = tid;
        if (tr.className) {
            toHide = 0;
        }
    }
    for (var i = 0; i < count; i++) {
        tid = id_list[i];
        if (toHide) {
            document.getElementById('div_'+tid).style.display = 'none'
            document.getElementById(tid).className = 'hiddenRow';
        }
        else {
            document.getElementById(tid).className = '';
        }
    }
}


function showTestDetail(div_id){
    var details_div = document.getElementById(div_id)
    var displayState = details_div.style.display
    // alert(displayState)
    if (displayState != 'block' ) {
        displayState = 'block'
        details_div.style.display = 'block'
    }
    else {
        details_div.style.display = 'none'
    }
}


function html_escape(s) {
    s = s.replace(/&/g,'&amp;');
    s = s.replace(/</g,'&lt;');
    s = s.replace(/>/g,'&gt;');
    return s;
}

/* obsoleted by detail in <div>
function showOutput(id, name) {
    var w = window.open("", //url
                    name,
                    "resizable,scrollbars,status,width=800,height=450");
    d = w.document;
    d.write("<pre>");
    d.write(html_escape(output_list[id]));
    d.write("\n");
    d.write("<a href='javascript:window.close()'>close</a>\n");
    d.write("</pre>\n");
    d.close();
}
*/
--></script>

<div class='heading'>
<h1>Unit Test Report</h1>

<p class='attribute'><strong>Status:</strong> Failure 8</p>

<p class='description'></p>
</div>



<p id='show_detail_line'>Show
<a href='javascript:showCase(0)'>Summary</a>
<a href='javascript:showCase(1)'>Failed</a>
<a href='javascript:showCase(2)'>All</a>
</p>
<table id='result_table'>
<colgroup>
<col align='left' />
<col align='right' />
<col align='right' />
<col align='right' />
<col align='right' />
<col align='right' />
<col align='right' />
<col align='right' />
</colgroup>
<tr id='header_row'>
    <td>Test Group/Test case</td>
    <td>Count</td>
    <td>Pass</td>
    <td>Fail</td>
    <td>Error</td>
    <td>Skip</td>
    <td>View</td>
    <td> </td>
</tr>

<tr class='failClass'>
    <td class="testname">tempest.scenario.test_network_v6.TestGettingAddress</td>
    <td class="small">8</td>
    <td class="small">0</td>
    <td class="small">8</td>
    <td class="small">0</td>
    <td class="small">0</td>
    <td class="small"><a href="javascript:showClassDetail('c1',8)"
>Detail</a></td>
    <td> </td>
</tr>

<tr id='ft1.1' class='none'>
    <td class='failCase'><div class='testcase'>test_dhcp6_stateless_from_os[compute,id-d7e1f858-187c-45a6-89c9-bdafde619a9f,network]</div></td>
    <td colspan='7' align='left'>

    <!--css div popup start-->
    <a class="popup_link" onfocus='this.blur();'
    href="javascript:showTestDetail('div_ft1.1')" >
        fail</a>

    <div id='div_ft1.1' class="popup_window">
        <div style='text-align: right; color:red;cursor:pointer'>
        <a onfocus='this.blur();'
onclick="document.getElementById('div_ft1.1').style.display = 'none' " >
           [x]</a>
        </div>
        <pre>
        
ft1.1: tempest.scenario.test_network_v6.TestGettingAddress.test_dhcp6_stateless_from_os[compute,id-d7e1f858-187c-45a6-89c9-bdafde619a9f,network]_StringException: Empty attachments:
  stderr
  stdout

pythonlogging:'': {{{
2015-12-09 07:28:47,425 24456 INFO     [tempest_lib.common.rest_client] Request (TestGettingAddress:setUp): 200 POST http://10.0.2.15:8774/v2.1/b379ca974b734bf29ea5fae318ecf1b2/os-keypairs 0.362s
2015-12-09 07:28:47,425 24456 DEBUG    [tempest_lib.common.rest_client] Request - Headers: {'Content-Type': 'application/json', 'Accept': 'application/json', 'X-Auth-Token': '&lt;omitted&gt;'}
        Body: {"keypair": {"name": "tempest-TestGettingAddress-1231823353"}}
    Response - Headers: {'status': '200', 'content-length': '2324', 'x-compute-request-id': 'req-b6e3f4fa-e21f-4b74-a75f-10d4ac60e3e9', 'vary': 'X-OpenStack-Nova-API-Version', 'connection': 'close', 'x-openstack-nova-api-version': '2.1', 'date': 'Wed, 09 Dec 2015 07:28:47 GMT', 'content-type': 'application/json'}
        Body: {"keypair": {"public_key": "ssh-rsa AAAAB3NzaC1yc2EAAAADAQABAAABAQDTjh/Ug9c5m0nhA0PTS79Jw1UgzUd75NMSa+BlKW3suxXeBZ8LxDTXW68Tq7J88UP8rogvSxM7PO8wt8eDua3gXVI8T18q0yxclDIuiw/ulRLrPSrDIeAwO2mBVZYX4jvFPLgsfYgjp4aiXClp8TY+31FHhJVh+RZkIRWAXHt5wohPzwHMeGjzm3g6ZFlfsqOCCBuI+VxzLgw8WyumLdZEhpJgyxtqJcnc04Wcz9QPF+oupkWV8suWn3/M/hykhrkp2VEi+rd6B1RhzdF4UWS+6umW8wOoCOmGjYQmSDEgnTevVvsiYcfuBWTkX963m4vviN3ynNBRiUsHoypxklBL Generated-by-Nova", "private_key": "-----BEGIN RSA PRIVATE KEY-----\nMIIEqgIBAAKCAQEA044f1IPXOZtJ4QND00u/ScNVIM1He+TTEmvgZSlt7LsV3gWf\nC8Q011uvE6uyfPFD/K6IL0sTOzzvMLfHg7mt4F1SPE9fKtMsXJQyLosP7pUS6z0q\nwyHgMDtpgVWWF+I7xTy4LH2II6eGolwpafE2Pt9RR4SVYfkWZCEVgFx7ecKIT88B\nzHho85t4OmRZX7KjgggbiPlccy4MPFsrpi3WRIaSYMsbaiXJ3NOFnM/UDxfqLqZF\nlfLLlp9/zP4cpIa5KdlRIvq3egdUYc3ReFFkvurplvMDqAjpho2EJkgxIJ03r1b7\nImHH7gVk5F/et5uL74jd8pzQUYlLB6MqcZJQSwIDAQABAoIBAQCKiLNHUt6JlqsW\ncjDkGOI2x3bjeAmrk/i0Q3g6Rpr5PrnfHgc8iUuhCyTm2LSVJNjEivYbIiqBzDFF\n0dMQ63J1Ticf30oOnSKbrV//IolYTr6I1RE/nttUOlOoogcbtMY3Lr/cQof38Sg1\nAe0Mtywyl8J99tBry9Vh1FhkKiuhWxR5GrVpTPyQT6rNSpP3Qn17cSDlA8sm+qky\nvl2XEQuYxJHIZZpYxvyZymBS1FuLvcX3pfGwXR3qGTSBbPEcoDT11uAMUVhvzDGt\nmN5pxkBiDJVRFrdcxqaEYSCwCd46M9xU792RHDdaRgOGEypyNi8LeKQih78QmBWp\ng3vvuE6BAoIAgQDXRwZF38CVTafMYAiePAPZ/zL4AVEgPOon0Na9te9Cvtg9gx5V\nWEfCXHpWUOir28hfuzVngCmSA/0CG2eehGmGnZczE0CGx1wYZrXEwPpHPC4TSYKL\nbYmec/2K7a7v5uqe7uv7Hld57DrcP9ZgWQYkH3USwCwdUsDshfEDV7pykQKCAIEA\n+5LYolJ+MT7ZVaOXEJK3FhFufRb1qWe9v0K+AMSQWrklsNGa6N4/uueA8pyknp6s\n5aM11Bj9j7bQBnh7HAZ63VRguCJIUrddm2mTuAsKCGRt0JDkmKh1ZTSjLMbdLBu9\nfGBs/Uo0GwzCRGzCR1a6z7c3a39LusutrfoElRQ8CxsCggCAFz5P6xNxk61CxMpJ\no+wO7majdiuOOtDY51uhE/Kk1qwMZPfXOpfBh7a8br1locilJdDsvzQTSPStSKD0\n2ySo0CQLwzP875Bu3SOZ1JiRbUeOIf753VwCU91qLqnjDXv9MRPS3tYz07Ix2L37\nw4NZKmVLGq8tFC1vLxp3H0lFlEECggCBALbcnZUXq1x2V5m1SHgmfOiQkSRhzP1v\nR/A/Pkbmmhsn22q0YQqFigN8hTFUhSA7LGfbA6SA6cZN1tXtO2c6mpJI4+jUGoft\neyAdVN+BPrCs91mUCGWihXqkETvZ7ShDna9Lk81k440J8Ce2el1KgI29mo4LwGst\n47fDNRN72s0jAoIAgQDBYCHzPaByzersaBhfF7no+02PjA2Mr6wAS6iJ0X68uW/4\nTFdvalDBt3+EJVC6AxTqtp5cqPAo8/32oQpkIvdbrYeFtVtfI4XERBVmvc9uyo2r\nWFA5PNDhhskgNci0mMdBIjJt9x69V3Lcoq0iXr7ogy3zWPrgJIPcuUQxFZMvUg==\n-----END RSA PRIVATE KEY-----\n", "user_id": "f35474f4632b484cb73633ca7c3f1406", "name": "tempest-TestGettingAddress-1231823353", "fingerprint": "12:4c:d3:42:43:5d:48:2a:dc:90:9a:26:5c:1e:2d:1b"}}
2015-12-09 07:28:47,894 24456 INFO     [tempest_lib.common.rest_client] Request (TestGettingAddress:setUp): 201 POST http://10.0.2.15:9696/v2.0/security-groups 0.463s
2015-12-09 07:28:47,894 24456 DEBUG    [tempest_lib.common.rest_client] Request - Headers: {'Content-Type': 'application/json', 'Accept': 'application/json', 'X-Auth-Token': '&lt;omitted&gt;'}
        Body: {"security_group": {"tenant_id": "b379ca974b734bf29ea5fae318ecf1b2", "description": "tempest-secgroup-smoke-1165798615 description", "name": "tempest-secgroup-smoke-1165798615"}}
    Response - Headers: {'status': '201', 'content-length': '888', 'connection': 'close', 'date': 'Wed, 09 Dec 2015 07:28:47 GMT', 'content-type': 'application/json; charset=UTF-8', 'x-openstack-request-id': 'req-f066c97c-4ab6-4ba5-963e-f152caf0e0e5'}
        Body: {"security_group": {"tenant_id": "b379ca974b734bf29ea5fae318ecf1b2", "description": "tempest-secgroup-smoke-1165798615 description", "id": "88032576-2f7e-4fa8-ad46-f431eb9c5dbe", "security_group_rules": [{"remote_group_id": null, "direction": "egress", "remote_ip_prefix": null, "protocol": null, "ethertype": "IPv4", "tenant_id": "b379ca974b734bf29ea5fae318ecf1b2", "port_range_max": null, "port_range_min": null, "id": "f8d7902b-0f6c-4992-b1ff-2b88e4eb039f", "security_group_id": "88032576-2f7e-4fa8-ad46-f431eb9c5dbe"}, {"remote_group_id": null, "direction": "egress", "remote_ip_prefix": null, "protocol": null, "ethertype": "IPv6", "tenant_id": "b379ca974b734bf29ea5fae318ecf1b2", "port_range_max": null, "port_range_min": null, "id": "0bc54795-afea-4561-8b49-05e49303bb2a", "security_group_id": "88032576-2f7e-4fa8-ad46-f431eb9c5dbe"}], "name": "tempest-secgroup-smoke-1165798615"}}
2015-12-09 07:28:48,015 24456 INFO     [tempest_lib.common.rest_client] Request (TestGettingAddress:setUp): 201 POST http://10.0.2.15:9696/v2.0/security-group-rules 0.119s
2015-12-09 07:28:48,016 24456 DEBUG    [tempest_lib.common.rest_client] Request - Headers: {'Content-Type': 'application/json', 'Accept': 'application/json', 'X-Auth-Token': '&lt;omitted&gt;'}
        Body: {"security_group_rule": {"direction": "ingress", "protocol": "tcp", "tenant_id": "b379ca974b734bf29ea5fae318ecf1b2", "port_range_max": 22, "security_group_id": "88032576-2f7e-4fa8-ad46-f431eb9c5dbe", "port_range_min": 22}}
    Response - Headers: {'status': '201', 'content-length': '340', 'connection': 'close', 'date': 'Wed, 09 Dec 2015 07:28:48 GMT', 'content-type': 'application/json; charset=UTF-8', 'x-openstack-request-id': 'req-e3909d9c-efe4-4b6e-9aaf-76c18c329038'}
        Body: {"security_group_rule": {"remote_group_id": null, "direction": "ingress", "remote_ip_prefix": null, "protocol": "tcp", "ethertype": "IPv4", "tenant_id": "b379ca974b734bf29ea5fae318ecf1b2", "port_range_max": 22, "port_range_min": 22, "id": "19adc4b6-1a92-462c-9a88-042126ff2213", "security_group_id": "88032576-2f7e-4fa8-ad46-f431eb9c5dbe"}}
2015-12-09 07:28:48,262 24456 INFO     [tempest_lib.common.rest_client] Request (TestGettingAddress:setUp): 201 POST http://10.0.2.15:9696/v2.0/security-group-rules 0.245s
2015-12-09 07:28:48,262 24456 DEBUG    [tempest_lib.common.rest_client] Request - Headers: {'Content-Type': 'application/json', 'Accept': 'application/json', 'X-Auth-Token': '&lt;omitted&gt;'}
        Body: {"security_group_rule": {"direction": "egress", "protocol": "tcp", "tenant_id": "b379ca974b734bf29ea5fae318ecf1b2", "port_range_max": 22, "security_group_id": "88032576-2f7e-4fa8-ad46-f431eb9c5dbe", "port_range_min": 22}}
    Response - Headers: {'status': '201', 'content-length': '339', 'connection': 'close', 'date': 'Wed, 09 Dec 2015 07:28:48 GMT', 'content-type': 'application/json; charset=UTF-8', 'x-openstack-request-id': 'req-9450e3f5-fa0a-4a23-8098-f8fa18185bab'}
        Body: {"security_group_rule": {"remote_group_id": null, "direction": "egress", "remote_ip_prefix": null, "protocol": "tcp", "ethertype": "IPv4", "tenant_id": "b379ca974b734bf29ea5fae318ecf1b2", "port_range_max": 22, "port_range_min": 22, "id": "83917908-1473-4255-9a0f-c8f6f5e7e3e3", "security_group_id": "88032576-2f7e-4fa8-ad46-f431eb9c5dbe"}}
2015-12-09 07:28:48,385 24456 INFO     [tempest_lib.common.rest_client] Request (TestGettingAddress:setUp): 201 POST http://10.0.2.15:9696/v2.0/security-group-rules 0.121s
2015-12-09 07:28:48,386 24456 DEBUG    [tempest_lib.common.rest_client] Request - Headers: {'Content-Type': 'application/json', 'Accept': 'application/json', 'X-Auth-Token': '&lt;omitted&gt;'}
        Body: {"security_group_rule": {"tenant_id": "b379ca974b734bf29ea5fae318ecf1b2", "direction": "ingress", "protocol": "icmp", "security_group_id": "88032576-2f7e-4fa8-ad46-f431eb9c5dbe"}}
    Response - Headers: {'status': '201', 'content-length': '345', 'connection': 'close', 'date': 'Wed, 09 Dec 2015 07:28:48 GMT', 'content-type': 'application/json; charset=UTF-8', 'x-openstack-request-id': 'req-2c0f8194-ab99-4ec7-a30f-3a5b5817d1a4'}
        Body: {"security_group_rule": {"remote_group_id": null, "direction": "ingress", "remote_ip_prefix": null, "protocol": "icmp", "ethertype": "IPv4", "tenant_id": "b379ca974b734bf29ea5fae318ecf1b2", "port_range_max": null, "port_range_min": null, "id": "057a5e55-8fc9-4328-b7ff-169a830e773a", "security_group_id": "88032576-2f7e-4fa8-ad46-f431eb9c5dbe"}}
2015-12-09 07:28:48,505 24456 INFO     [tempest_lib.common.rest_client] Request (TestGettingAddress:setUp): 201 POST http://10.0.2.15:9696/v2.0/security-group-rules 0.119s
2015-12-09 07:28:48,506 24456 DEBUG    [tempest_lib.common.rest_client] Request - Headers: {'Content-Type': 'application/json', 'Accept': 'application/json', 'X-Auth-Token': '&lt;omitted&gt;'}
        Body: {"security_group_rule": {"tenant_id": "b379ca974b734bf29ea5fae318ecf1b2", "direction": "egress", "protocol": "icmp", "security_group_id": "88032576-2f7e-4fa8-ad46-f431eb9c5dbe"}}
    Response - Headers: {'status': '201', 'content-length': '344', 'connection': 'close', 'date': 'Wed, 09 Dec 2015 07:28:48 GMT', 'content-type': 'application/json; charset=UTF-8', 'x-openstack-request-id': 'req-a73e5265-949e-4459-9a7a-b1f500ffa0a7'}
        Body: {"security_group_rule": {"remote_group_id": null, "direction": "egress", "remote_ip_prefix": null, "protocol": "icmp", "ethertype": "IPv4", "tenant_id": "b379ca974b734bf29ea5fae318ecf1b2", "port_range_max": null, "port_range_min": null, "id": "5c5a8152-8b43-44e6-be83-f775bc650c2f", "security_group_id": "88032576-2f7e-4fa8-ad46-f431eb9c5dbe"}}
2015-12-09 07:28:48,629 24456 INFO     [tempest_lib.common.rest_client] Request (TestGettingAddress:setUp): 201 POST http://10.0.2.15:9696/v2.0/security-group-rules 0.121s
2015-12-09 07:28:48,629 24456 DEBUG    [tempest_lib.common.rest_client] Request - Headers: {'Content-Type': 'application/json', 'Accept': 'application/json', 'X-Auth-Token': '&lt;omitted&gt;'}
        Body: {"security_group_rule": {"tenant_id": "b379ca974b734bf29ea5fae318ecf1b2", "direction": "ingress", "security_group_id": "88032576-2f7e-4fa8-ad46-f431eb9c5dbe", "protocol": "icmp", "ethertype": "IPv6"}}
    Response - Headers: {'status': '201', 'content-length': '345', 'connection': 'close', 'date': 'Wed, 09 Dec 2015 07:28:48 GMT', 'content-type': 'application/json; charset=UTF-8', 'x-openstack-request-id': 'req-de0b0547-1a4d-41ca-9b58-5d0ad1cdf1ca'}
        Body: {"security_group_rule": {"remote_group_id": null, "direction": "ingress", "remote_ip_prefix": null, "protocol": "icmp", "ethertype": "IPv6", "tenant_id": "b379ca974b734bf29ea5fae318ecf1b2", "port_range_max": null, "port_range_min": null, "id": "c5d12563-999c-4fa5-8ece-9c56b7af16d1", "security_group_id": "88032576-2f7e-4fa8-ad46-f431eb9c5dbe"}}
2015-12-09 07:28:48,757 24456 INFO     [tempest_lib.common.rest_client] Request (TestGettingAddress:setUp): 201 POST http://10.0.2.15:9696/v2.0/security-group-rules 0.126s
2015-12-09 07:28:48,757 24456 DEBUG    [tempest_lib.common.rest_client] Request - Headers: {'Content-Type': 'application/json', 'Accept': 'application/json', 'X-Auth-Token': '&lt;omitted&gt;'}
        Body: {"security_group_rule": {"tenant_id": "b379ca974b734bf29ea5fae318ecf1b2", "direction": "egress", "security_group_id": "88032576-2f7e-4fa8-ad46-f431eb9c5dbe", "protocol": "icmp", "ethertype": "IPv6"}}
    Response - Headers: {'status': '201', 'content-length': '344', 'connection': 'close', 'date': 'Wed, 09 Dec 2015 07:28:48 GMT', 'content-type': 'application/json; charset=UTF-8', 'x-openstack-request-id': 'req-85712c9b-71ba-4e9f-82fe-84f3ece6cf13'}
        Body: {"security_group_rule": {"remote_group_id": null, "direction": "egress", "remote_ip_prefix": null, "protocol": "icmp", "ethertype": "IPv6", "tenant_id": "b379ca974b734bf29ea5fae318ecf1b2", "port_range_max": null, "port_range_min": null, "id": "b7550c24-ae15-4ff5-b90b-0b41734ad9b0", "security_group_id": "88032576-2f7e-4fa8-ad46-f431eb9c5dbe"}}
2015-12-09 07:28:48,949 24456 INFO     [tempest_lib.common.rest_client] Request (TestGettingAddress:test_dhcp6_stateless_from_os): 201 POST http://10.0.2.15:9696/v2.0/networks 0.188s
2015-12-09 07:28:48,950 24456 DEBUG    [tempest_lib.common.rest_client] Request - Headers: {'Content-Type': 'application/json', 'Accept': 'application/json', 'X-Auth-Token': '&lt;omitted&gt;'}
        Body: {"network": {"tenant_id": "b379ca974b734bf29ea5fae318ecf1b2", "name": "tempest-network-smoke--1582215489"}}
    Response - Headers: {'status': '201', 'content-length': '329', 'connection': 'close', 'date': 'Wed, 09 Dec 2015 07:28:48 GMT', 'content-type': 'application/json; charset=UTF-8', 'x-openstack-request-id': 'req-20d2141f-b0e9-4b19-99f7-530e5155eb82'}
        Body: {"network": {"status": "ACTIVE", "subnets": [], "availability_zone_hints": "[]", "name": "tempest-network-smoke--1582215489", "admin_state_up": true, "tenant_id": "b379ca974b734bf29ea5fae318ecf1b2", "mtu": 0, "router:external": false, "shared": false, "port_security_enabled": true, "id": "5c2e17cf-79ff-49c7-a26a-e1809745552b"}}
2015-12-09 07:28:49,129 24456 INFO     [tempest_lib.common.rest_client] Request (TestGettingAddress:test_dhcp6_stateless_from_os): 200 GET http://10.0.2.15:9696/v2.0/subnets?tenant_id=b379ca974b734bf29ea5fae318ecf1b2&amp;cidr=10.100.0.0%2F28 0.177s
2015-12-09 07:28:49,131 24456 DEBUG    [tempest_lib.common.rest_client] Request - Headers: {'Content-Type': 'application/json', 'Accept': 'application/json', 'X-Auth-Token': '&lt;omitted&gt;'}
        Body: None
    Response - Headers: {'status': '200', 'content-length': '15', 'content-location': 'http://10.0.2.15:9696/v2.0/subnets?tenant_id=b379ca974b734bf29ea5fae318ecf1b2&amp;cidr=10.100.0.0%2F28', 'connection': 'close', 'date': 'Wed, 09 Dec 2015 07:28:49 GMT', 'content-type': 'application/json; charset=UTF-8', 'x-openstack-request-id': 'req-abdc539a-62b1-4cb6-8849-fd25e1d0b92a'}
        Body: {"subnets": []}
2015-12-09 07:28:49,570 24456 INFO     [tempest_lib.common.rest_client] Request (TestGettingAddress:test_dhcp6_stateless_from_os): 201 POST http://10.0.2.15:9696/v2.0/subnets 0.438s
2015-12-09 07:28:49,571 24456 DEBUG    [tempest_lib.common.rest_client] Request - Headers: {'Content-Type': 'application/json', 'Accept': 'application/json', 'X-Auth-Token': '&lt;omitted&gt;'}
        Body: {"subnet": {"ip_version": 4, "tenant_id": "b379ca974b734bf29ea5fae318ecf1b2", "cidr": "10.100.0.0/28", "network_id": "5c2e17cf-79ff-49c7-a26a-e1809745552b", "name": "tempest-sub4-1604864498"}}
    Response - Headers: {'status': '201', 'content-length': '470', 'connection': 'close', 'date': 'Wed, 09 Dec 2015 07:28:49 GMT', 'content-type': 'application/json; charset=UTF-8', 'x-openstack-request-id': 'req-2fdf0126-c815-433c-88b9-63e499780b65'}
        Body: {"subnet": {"name": "tempest-sub4-1604864498", "enable_dhcp": true, "network_id": "5c2e17cf-79ff-49c7-a26a-e1809745552b", "tenant_id": "b379ca974b734bf29ea5fae318ecf1b2", "dns_nameservers": [], "gateway_ip": "10.100.0.1", "ipv6_ra_mode": null, "allocation_pools": [{"start": "10.100.0.2", "end": "10.100.0.14"}], "host_routes": [], "ip_version": 4, "ipv6_address_mode": null, "cidr": "10.100.0.0/28", "id": "fe8465c1-7420-4451-8cf3-bec188309f05", "subnetpool_id": null}}
2015-12-09 07:28:49,649 24456 INFO     [tempest_lib.common.rest_client] Request (TestGettingAddress:test_dhcp6_stateless_from_os): 201 POST http://10.0.2.15:9696/v2.0/routers 0.077s
2015-12-09 07:28:49,649 24456 DEBUG    [tempest_lib.common.rest_client] Request - Headers: {'Content-Type': 'application/json', 'Accept': 'application/json', 'X-Auth-Token': '&lt;omitted&gt;'}
        Body: {"router": {"tenant_id": "b379ca974b734bf29ea5fae318ecf1b2", "name": "tempest-router-smoke-1102329814", "admin_state_up": true}}
    Response - Headers: {'status': '201', 'content-length': '296', 'connection': 'close', 'date': 'Wed, 09 Dec 2015 07:28:49 GMT', 'content-type': 'application/json; charset=UTF-8', 'x-openstack-request-id': 'req-5790265f-0d12-413a-8333-71265119b92a'}
        Body: {"router": {"status": "ACTIVE", "external_gateway_info": null, "availability_zone_hints": [], "availability_zones": [], "name": "tempest-router-smoke-1102329814", "admin_state_up": true, "tenant_id": "b379ca974b734bf29ea5fae318ecf1b2", "routes": [], "id": "e28acf0c-524f-4566-bd72-2604c2f00a8b"}}
2015-12-09 07:28:49,709 24456 INFO     [tempest_lib.common.rest_client] Request (TestGettingAddress:test_dhcp6_stateless_from_os): 200 GET http://10.0.2.15:9696/v2.0/routers/e28acf0c-524f-4566-bd72-2604c2f00a8b 0.059s
2015-12-09 07:28:49,710 24456 DEBUG    [tempest_lib.common.rest_client] Request - Headers: {'Content-Type': 'application/json', 'Accept': 'application/json', 'X-Auth-Token': '&lt;omitted&gt;'}
        Body: None
    Response - Headers: {'status': '200', 'content-length': '296', 'content-location': 'http://10.0.2.15:9696/v2.0/routers/e28acf0c-524f-4566-bd72-2604c2f00a8b', 'connection': 'close', 'date': 'Wed, 09 Dec 2015 07:28:49 GMT', 'content-type': 'application/json; charset=UTF-8', 'x-openstack-request-id': 'req-d2be4ac2-d657-46b4-ba7e-0599b6e02aca'}
        Body: {"router": {"status": "ACTIVE", "external_gateway_info": null, "availability_zone_hints": [], "availability_zones": [], "name": "tempest-router-smoke-1102329814", "admin_state_up": true, "tenant_id": "b379ca974b734bf29ea5fae318ecf1b2", "routes": [], "id": "e28acf0c-524f-4566-bd72-2604c2f00a8b"}}
2015-12-09 07:28:50,425 24456 INFO     [tempest_lib.common.rest_client] Request (TestGettingAddress:test_dhcp6_stateless_from_os): 200 PUT http://10.0.2.15:9696/v2.0/routers/e28acf0c-524f-4566-bd72-2604c2f00a8b 0.714s
2015-12-09 07:28:50,425 24456 DEBUG    [tempest_lib.common.rest_client] Request - Headers: {'Content-Type': 'application/json', 'Accept': 'application/json', 'X-Auth-Token': '&lt;omitted&gt;'}
        Body: {"router": {"external_gateway_info": {"network_id": "35a21bdf-97fe-46c4-a082-483c8b4156e6"}, "name": "tempest-router-smoke-1102329814", "admin_state_up": true}}
    Response - Headers: {'status': '200', 'content-length': '558', 'connection': 'close', 'date': 'Wed, 09 Dec 2015 07:28:50 GMT', 'content-type': 'application/json; charset=UTF-8', 'x-openstack-request-id': 'req-04d6b239-fac7-496c-913f-5b6f4c882817'}
        Body: {"router": {"status": "ACTIVE", "external_gateway_info": {"network_id": "35a21bdf-97fe-46c4-a082-483c8b4156e6", "enable_snat": true, "external_fixed_ips": [{"subnet_id": "9b6ca328-6b43-4ce5-8ca2-cc256e140056", "ip_address": "172.24.4.3"}, {"subnet_id": "73d5e767-ee14-4157-83cf-968454c3b4bf", "ip_address": "2001:db8::4"}]}, "availability_zone_hints": [], "availability_zones": [], "name": "tempest-router-smoke-1102329814", "admin_state_up": true, "tenant_id": "b379ca974b734bf29ea5fae318ecf1b2", "routes": [], "id": "e28acf0c-524f-4566-bd72-2604c2f00a8b"}}
2015-12-09 07:28:51,049 24456 INFO     [tempest_lib.common.rest_client] Request (TestGettingAddress:test_dhcp6_stateless_from_os): 200 PUT http://10.0.2.15:9696/v2.0/routers/e28acf0c-524f-4566-bd72-2604c2f00a8b/add_router_interface 0.622s
2015-12-09 07:28:51,049 24456 DEBUG    [tempest_lib.common.rest_client] Request - Headers: {'Content-Type': 'application/json', 'Accept': 'application/json', 'X-Auth-Token': '&lt;omitted&gt;'}
        Body: {"subnet_id": "fe8465c1-7420-4451-8cf3-bec188309f05"}
    Response - Headers: {'status': '200', 'content-length': '255', 'connection': 'close', 'date': 'Wed, 09 Dec 2015 07:28:51 GMT', 'content-type': 'application/json; charset=UTF-8', 'x-openstack-request-id': 'req-6aa24c05-2740-43f7-a122-da92dd493601'}
        Body: {"subnet_id": "fe8465c1-7420-4451-8cf3-bec188309f05", "tenant_id": "b379ca974b734bf29ea5fae318ecf1b2", "subnet_ids": ["fe8465c1-7420-4451-8cf3-bec188309f05"], "port_id": "6aad2db4-b036-4266-a813-184a980f39c8", "id": "e28acf0c-524f-4566-bd72-2604c2f00a8b"}
2015-12-09 07:28:51,208 24456 INFO     [tempest_lib.common.rest_client] Request (TestGettingAddress:test_dhcp6_stateless_from_os): 200 GET http://10.0.2.15:9696/v2.0/subnets?tenant_id=b379ca974b734bf29ea5fae318ecf1b2&amp;cidr=2003%3A%3A%2F64 0.158s
2015-12-09 07:28:51,209 24456 DEBUG    [tempest_lib.common.rest_client] Request - Headers: {'Content-Type': 'application/json', 'Accept': 'application/json', 'X-Auth-Token': '&lt;omitted&gt;'}
        Body: None
    Response - Headers: {'status': '200', 'content-length': '15', 'content-location': 'http://10.0.2.15:9696/v2.0/subnets?tenant_id=b379ca974b734bf29ea5fae318ecf1b2&amp;cidr=2003%3A%3A%2F64', 'connection': 'close', 'date': 'Wed, 09 Dec 2015 07:28:51 GMT', 'content-type': 'application/json; charset=UTF-8', 'x-openstack-request-id': 'req-56d6cd9e-7c74-4361-b4f5-117fe8e74b36'}
        Body: {"subnets": []}
2015-12-09 07:28:51,591 24456 INFO     [tempest_lib.common.rest_client] Request (TestGettingAddress:test_dhcp6_stateless_from_os): 201 POST http://10.0.2.15:9696/v2.0/subnets 0.381s
2015-12-09 07:28:51,592 24456 DEBUG    [tempest_lib.common.rest_client] Request - Headers: {'Content-Type': 'application/json', 'Accept': 'application/json', 'X-Auth-Token': '&lt;omitted&gt;'}
        Body: {"subnet": {"name": "tempest-sub6-1702938592", "network_id": "5c2e17cf-79ff-49c7-a26a-e1809745552b", "tenant_id": "b379ca974b734bf29ea5fae318ecf1b2", "ipv6_ra_mode": "dhcpv6-stateless", "ip_version": 6, "ipv6_address_mode": "dhcpv6-stateless", "cidr": "2003::/64"}}
    Response - Headers: {'status': '201', 'content-length': '502', 'connection': 'close', 'date': 'Wed, 09 Dec 2015 07:28:51 GMT', 'content-type': 'application/json; charset=UTF-8', 'x-openstack-request-id': 'req-e25babe4-bc7a-40ee-9e95-ff77a9a2e22c'}
        Body: {"subnet": {"name": "tempest-sub6-1702938592", "enable_dhcp": true, "network_id": "5c2e17cf-79ff-49c7-a26a-e1809745552b", "tenant_id": "b379ca974b734bf29ea5fae318ecf1b2", "dns_nameservers": [], "gateway_ip": "2003::1", "ipv6_ra_mode": "dhcpv6-stateless", "allocation_pools": [{"start": "2003::2", "end": "2003::ffff:ffff:ffff:ffff"}], "host_routes": [], "ip_version": 6, "ipv6_address_mode": "dhcpv6-stateless", "cidr": "2003::/64", "id": "62e3e5bf-fd2f-4fd0-80a7-8c8afc7a9813", "subnetpool_id": null}}
2015-12-09 07:28:52,445 24456 INFO     [tempest_lib.common.rest_client] Request (TestGettingAddress:test_dhcp6_stateless_from_os): 200 PUT http://10.0.2.15:9696/v2.0/routers/e28acf0c-524f-4566-bd72-2604c2f00a8b/add_router_interface 0.851s
2015-12-09 07:28:52,446 24456 DEBUG    [tempest_lib.common.rest_client] Request - Headers: {'Content-Type': 'application/json', 'Accept': 'application/json', 'X-Auth-Token': '&lt;omitted&gt;'}
        Body: {"subnet_id": "62e3e5bf-fd2f-4fd0-80a7-8c8afc7a9813"}
    Response - Headers: {'status': '200', 'content-length': '255', 'connection': 'close', 'date': 'Wed, 09 Dec 2015 07:28:52 GMT', 'content-type': 'application/json; charset=UTF-8', 'x-openstack-request-id': 'req-f3bfe99b-fac9-45f5-a664-f0813594316b'}
        Body: {"subnet_id": "62e3e5bf-fd2f-4fd0-80a7-8c8afc7a9813", "tenant_id": "b379ca974b734bf29ea5fae318ecf1b2", "subnet_ids": ["62e3e5bf-fd2f-4fd0-80a7-8c8afc7a9813"], "port_id": "48f2ccbf-d84f-437f-b37b-9b7ab0613f2c", "id": "e28acf0c-524f-4566-bd72-2604c2f00a8b"}
2015-12-09 07:28:52,563 24456 INFO     [tempest_lib.common.rest_client] Request (TestGettingAddress:test_dhcp6_stateless_from_os): 200 POST http://10.0.2.15:5000/v2.0/tokens
2015-12-09 07:28:52,563 24456 DEBUG    [tempest_lib.common.rest_client] Request - Headers: {'Content-Type': 'application/json', 'Accept': 'application/json'}
        Body: &lt;omitted&gt;
    Response - Headers: {'status': '200', 'content-length': '2522', 'vary': 'X-Auth-Token', 'server': 'Apache/2.4.7 (Ubuntu)', 'connection': 'close', 'date': 'Wed, 09 Dec 2015 07:28:52 GMT', 'content-type': 'application/json', 'x-openstack-request-id': 'req-a508566a-05b1-4327-bdfc-883cc6c22b37'}
        Body: {"access": {"token": {"issued_at": "2015-12-09T07:28:52.550668", "expires": "2015-12-09T08:28:52Z", "id": "da2bbc030ed345e19f5e631948c20a37", "tenant": {"description": "tempest-TestGettingAddress-1605825841-desc", "enabled": true, "id": "b379ca974b734bf29ea5fae318ecf1b2", "name": "tempest-TestGettingAddress-1605825841"}, "audit_ids": ["e-KKUePHTcGk4t8yGK04zQ"]}, "serviceCatalog": [{"endpoints": [{"adminURL": "http://10.0.2.15:8774/v2.1/b379ca974b734bf29ea5fae318ecf1b2", "region": "RegionOne", "internalURL": "http://10.0.2.15:8774/v2.1/b379ca974b734bf29ea5fae318ecf1b2", "id": "046b90fc3fd247669cfbfc1bd41e70be", "publicURL": "http://10.0.2.15:8774/v2.1/b379ca974b734bf29ea5fae318ecf1b2"}], "endpoints_links": [], "type": "compute", "name": "nova"}, {"endpoints": [{"adminURL": "http://10.0.2.15:9696/", "region": "RegionOne", "internalURL": "http://10.0.2.15:9696/", "id": "21d1bc02117c4b6693e6aa74fd4b15ba", "publicURL": "http://10.0.2.15:9696/"}], "endpoints_links": [], "type": "network", "name": "neutron"}, {"endpoints": [{"adminURL": "http://10.0.2.15:9292", "region": "RegionOne", "internalURL": "http://10.0.2.15:9292", "id": "363cb87afd87436e87e1b11090a1e5a7", "publicURL": "http://10.0.2.15:9292"}], "endpoints_links": [], "type": "image", "name": "glance"}, {"endpoints": [{"adminURL": "http://10.0.2.15:8774/v2/b379ca974b734bf29ea5fae318ecf1b2", "region": "RegionOne", "internalURL": "http://10.0.2.15:8774/v2/b379ca974b734bf29ea5fae318ecf1b2", "id": "61372263ec0c40028fce2460a704b6f4", "publicURL": "http://10.0.2.15:8774/v2/b379ca974b734bf29ea5fae318ecf1b2"}], "endpoints_links": [], "type": "compute_legacy", "name": "nova_legacy"}, {"endpoints": [{"adminURL": "http://10.0.2.15:8773/", "region": "RegionOne", "internalURL": "http://10.0.2.15:8773/", "id": "31a7dbb2e4154362894fbab85f1b57f6", "publicURL": "http://10.0.2.15:8773/"}], "endpoints_links": [], "type": "ec2", "name": "ec2"}, {"endpoints": [{"adminURL": "http://10.0.2.15:35357/v2.0", "region": "RegionOne", "internalURL": "http://10.0.2.15:5000/v2.0", "id": "ba79a978f03946f2b51113e479a4a7cf", "publicURL": "http://10.0.2.15:5000/v2.0"}], "endpoints_links": [], "type": "identity", "name": "keystone"}], "user": {"username": "tempest-TestGettingAddress-95173152", "roles_links": [], "id": "f35474f4632b484cb73633ca7c3f1406", "roles": [{"name": "Member"}, {"name": "_member_"}], "name": "tempest-TestGettingAddress-95173152"}, "metadata": {"is_admin": 0, "roles": ["ea37903153a74cfd9bef22da08976ee7", "9fe2ff9ee4384b1894a90878d3e92bab"]}}}
2015-12-09 07:28:52,569 24456 DEBUG    [tempest.common.fixed_network] (TestGettingAddress:test_dhcp6_stateless_from_os) No valid network provided or created, defaulting to fixed_network_name
2015-12-09 07:28:52,830 24456 INFO     [tempest_lib.common.rest_client] Request (TestGettingAddress:test_dhcp6_stateless_from_os): 200 GET http://10.0.2.15:8774/v2.1/b379ca974b734bf29ea5fae318ecf1b2/os-networks 0.261s
2015-12-09 07:28:52,831 24456 DEBUG    [tempest_lib.common.rest_client] Request - Headers: {'Content-Type': 'application/json', 'Accept': 'application/json', 'X-Auth-Token': '&lt;omitted&gt;'}
        Body: None
    Response - Headers: {'status': '200', 'content-length': '479', 'content-location': 'http://10.0.2.15:8774/v2.1/b379ca974b734bf29ea5fae318ecf1b2/os-networks', 'x-compute-request-id': 'req-7f732256-a9a1-47b5-a8fe-a00c77db74c7', 'vary': 'X-OpenStack-Nova-API-Version', 'connection': 'close', 'x-openstack-nova-api-version': '2.1', 'date': 'Wed, 09 Dec 2015 07:28:52 GMT', 'content-type': 'application/json'}
        Body: {"networks": [{"cidr_v6": null, "dns2": null, "dns1": null, "gateway": null, "broadcast": null, "netmask": null, "gateway_v6": null, "cidr": null, "label": "tempest-network-smoke--1582215489", "id": "5c2e17cf-79ff-49c7-a26a-e1809745552b", "netmask_v6": null}, {"cidr_v6": null, "dns2": null, "dns1": null, "gateway": null, "broadcast": null, "netmask": null, "gateway_v6": null, "cidr": null, "label": "public", "id": "35a21bdf-97fe-46c4-a082-483c8b4156e6", "netmask_v6": null}]}
2015-12-09 07:28:52,831 24456 WARNING  [tempest.common.fixed_network] (TestGettingAddress:test_dhcp6_stateless_from_os) Network with name: private not found
2015-12-09 07:28:52,832 24456 INFO     [tempest.common.fixed_network] (TestGettingAddress:test_dhcp6_stateless_from_os) Found network {} available for tenant
2015-12-09 07:28:54,707 24456 INFO     [tempest_lib.common.rest_client] Request (TestGettingAddress:test_dhcp6_stateless_from_os): 202 POST http://10.0.2.15:8774/v2.1/b379ca974b734bf29ea5fae318ecf1b2/servers 1.874s
2015-12-09 07:28:54,707 24456 DEBUG    [tempest_lib.common.rest_client] Request - Headers: {'Content-Type': 'application/json', 'Accept': 'application/json', 'X-Auth-Token': '&lt;omitted&gt;'}
        Body: {"server": {"name": "tempest.common.compute-instance-26620989", "imageRef": "dc87375e-7952-462d-8839-49cc9eb3eddc", "key_name": "tempest-TestGettingAddress-1231823353", "flavorRef": "42", "networks": [{"uuid": "5c2e17cf-79ff-49c7-a26a-e1809745552b"}], "security_groups": [{"name": "tempest-secgroup-smoke-1165798615"}]}}
    Response - Headers: {'status': '202', 'content-length': '462', 'x-compute-request-id': 'req-2013c74c-44a6-49b3-9c86-3504fbb6b207', 'vary': 'X-OpenStack-Nova-API-Version', 'connection': 'close', 'location': 'http://10.0.2.15:8774/v2.1/b379ca974b734bf29ea5fae318ecf1b2/servers/07afc58d-f118-4686-a2dd-f167e83bc65b', 'x-openstack-nova-api-version': '2.1', 'date': 'Wed, 09 Dec 2015 07:28:54 GMT', 'content-type': 'application/json'}
        Body: {"server": {"security_groups": [{"name": "tempest-secgroup-smoke-1165798615"}], "OS-DCF:diskConfig": "MANUAL", "id": "07afc58d-f118-4686-a2dd-f167e83bc65b", "links": [{"href": "http://10.0.2.15:8774/v2.1/b379ca974b734bf29ea5fae318ecf1b2/servers/07afc58d-f118-4686-a2dd-f167e83bc65b", "rel": "self"}, {"href": "http://10.0.2.15:8774/b379ca974b734bf29ea5fae318ecf1b2/servers/07afc58d-f118-4686-a2dd-f167e83bc65b", "rel": "bookmark"}], "adminPass": "UtAfe2wH7JJk"}}
2015-12-09 07:28:54,970 24456 INFO     [tempest_lib.common.rest_client] Request (TestGettingAddress:test_dhcp6_stateless_from_os): 200 GET http://10.0.2.15:8774/v2.1/b379ca974b734bf29ea5fae318ecf1b2/servers/07afc58d-f118-4686-a2dd-f167e83bc65b 0.260s
2015-12-09 07:28:54,971 24456 DEBUG    [tempest_lib.common.rest_client] Request - Headers: {'Content-Type': 'application/json', 'Accept': 'application/json', 'X-Auth-Token': '&lt;omitted&gt;'}
        Body: None
    Response - Headers: {'status': '200', 'content-length': '1353', 'content-location': 'http://10.0.2.15:8774/v2.1/b379ca974b734bf29ea5fae318ecf1b2/servers/07afc58d-f118-4686-a2dd-f167e83bc65b', 'x-compute-request-id': 'req-9b78e33d-d52d-45c6-9b04-b618e5e3f73a', 'vary': 'X-OpenStack-Nova-API-Version', 'connection': 'close', 'x-openstack-nova-api-version': '2.1', 'date': 'Wed, 09 Dec 2015 07:28:54 GMT', 'content-type': 'application/json'}
        Body: {"server": {"status": "BUILD", "updated": "2015-12-09T07:28:54Z", "hostId": "", "addresses": {}, "links": [{"href": "http://10.0.2.15:8774/v2.1/b379ca974b734bf29ea5fae318ecf1b2/servers/07afc58d-f118-4686-a2dd-f167e83bc65b", "rel": "self"}, {"href": "http://10.0.2.15:8774/b379ca974b734bf29ea5fae318ecf1b2/servers/07afc58d-f118-4686-a2dd-f167e83bc65b", "rel": "bookmark"}], "key_name": "tempest-TestGettingAddress-1231823353", "image": {"id": "dc87375e-7952-462d-8839-49cc9eb3eddc", "links": [{"href": "http://10.0.2.15:8774/b379ca974b734bf29ea5fae318ecf1b2/images/dc87375e-7952-462d-8839-49cc9eb3eddc", "rel": "bookmark"}]}, "OS-EXT-STS:task_state": "scheduling", "OS-EXT-STS:vm_state": "building", "OS-SRV-USG:launched_at": null, "flavor": {"id": "42", "links": [{"href": "http://10.0.2.15:8774/b379ca974b734bf29ea5fae318ecf1b2/flavors/42", "rel": "bookmark"}]}, "id": "07afc58d-f118-4686-a2dd-f167e83bc65b", "OS-SRV-USG:terminated_at": null, "OS-EXT-AZ:availability_zone": "", "user_id": "f35474f4632b484cb73633ca7c3f1406", "name": "tempest.common.compute-instance-26620989", "created": "2015-12-09T07:28:54Z", "tenant_id": "b379ca974b734bf29ea5fae318ecf1b2", "OS-DCF:diskConfig": "MANUAL", "os-extended-volumes:volumes_attached": [], "accessIPv4": "", "accessIPv6": "", "progress": 0, "OS-EXT-STS:power_state": 0, "config_drive": "", "metadata": {}}}
2015-12-09 07:28:56,395 24456 INFO     [tempest_lib.common.rest_client] Request (TestGettingAddress:test_dhcp6_stateless_from_os): 200 GET http://10.0.2.15:8774/v2.1/b379ca974b734bf29ea5fae318ecf1b2/servers/07afc58d-f118-4686-a2dd-f167e83bc65b 0.413s
2015-12-09 07:28:56,396 24456 DEBUG    [tempest_lib.common.rest_client] Request - Headers: {'Content-Type': 'application/json', 'Accept': 'application/json', 'X-Auth-Token': '&lt;omitted&gt;'}
        Body: None
    Response - Headers: {'status': '200', 'content-length': '1479', 'content-location': 'http://10.0.2.15:8774/v2.1/b379ca974b734bf29ea5fae318ecf1b2/servers/07afc58d-f118-4686-a2dd-f167e83bc65b', 'x-compute-request-id': 'req-d5c6eea6-911c-4ba2-9857-1de23c0858fe', 'vary': 'X-OpenStack-Nova-API-Version', 'connection': 'close', 'x-openstack-nova-api-version': '2.1', 'date': 'Wed, 09 Dec 2015 07:28:56 GMT', 'content-type': 'application/json'}
        Body: {"server": {"status": "BUILD", "updated": "2015-12-09T07:28:55Z", "hostId": "dbacd4a5ce24d7509fbd24232f9632ad004a9f026494e35d9056d04f", "addresses": {}, "links": [{"href": "http://10.0.2.15:8774/v2.1/b379ca974b734bf29ea5fae318ecf1b2/servers/07afc58d-f118-4686-a2dd-f167e83bc65b", "rel": "self"}, {"href": "http://10.0.2.15:8774/b379ca974b734bf29ea5fae318ecf1b2/servers/07afc58d-f118-4686-a2dd-f167e83bc65b", "rel": "bookmark"}], "key_name": "tempest-TestGettingAddress-1231823353", "image": {"id": "dc87375e-7952-462d-8839-49cc9eb3eddc", "links": [{"href": "http://10.0.2.15:8774/b379ca974b734bf29ea5fae318ecf1b2/images/dc87375e-7952-462d-8839-49cc9eb3eddc", "rel": "bookmark"}]}, "OS-EXT-STS:task_state": "spawning", "OS-EXT-STS:vm_state": "building", "OS-SRV-USG:launched_at": null, "flavor": {"id": "42", "links": [{"href": "http://10.0.2.15:8774/b379ca974b734bf29ea5fae318ecf1b2/flavors/42", "rel": "bookmark"}]}, "id": "07afc58d-f118-4686-a2dd-f167e83bc65b", "security_groups": [{"name": "tempest-secgroup-smoke-1165798615"}], "OS-SRV-USG:terminated_at": null, "OS-EXT-AZ:availability_zone": "nova", "user_id": "f35474f4632b484cb73633ca7c3f1406", "name": "tempest.common.compute-instance-26620989", "created": "2015-12-09T07:28:54Z", "tenant_id": "b379ca974b734bf29ea5fae318ecf1b2", "OS-DCF:diskConfig": "MANUAL", "os-extended-volumes:volumes_attached": [], "accessIPv4": "", "accessIPv6": "", "progress": 0, "OS-EXT-STS:power_state": 0, "config_drive": "", "metadata": {}}}
2015-12-09 07:28:56,406 24456 INFO     [tempest.common.waiters] State transition "BUILD/scheduling" ==&gt; "BUILD/spawning" after 2 second wait
2015-12-09 07:28:57,643 24456 INFO     [tempest_lib.common.rest_client] Request (TestGettingAddress:test_dhcp6_stateless_from_os): 200 GET http://10.0.2.15:8774/v2.1/b379ca974b734bf29ea5fae318ecf1b2/servers/07afc58d-f118-4686-a2dd-f167e83bc65b 0.234s
2015-12-09 07:28:57,643 24456 DEBUG    [tempest_lib.common.rest_client] Request - Headers: {'Content-Type': 'application/json', 'Accept': 'application/json', 'X-Auth-Token': '&lt;omitted&gt;'}
        Body: None
    Response - Headers: {'status': '200', 'content-length': '1479', 'content-location': 'http://10.0.2.15:8774/v2.1/b379ca974b734bf29ea5fae318ecf1b2/servers/07afc58d-f118-4686-a2dd-f167e83bc65b', 'x-compute-request-id': 'req-26b87c44-16e5-4968-b352-080ffe549811', 'vary': 'X-OpenStack-Nova-API-Version', 'connection': 'close', 'x-openstack-nova-api-version': '2.1', 'date': 'Wed, 09 Dec 2015 07:28:57 GMT', 'content-type': 'application/json'}
        Body: {"server": {"status": "BUILD", "updated": "2015-12-09T07:28:55Z", "hostId": "dbacd4a5ce24d7509fbd24232f9632ad004a9f026494e35d9056d04f", "addresses": {}, "links": [{"href": "http://10.0.2.15:8774/v2.1/b379ca974b734bf29ea5fae318ecf1b2/servers/07afc58d-f118-4686-a2dd-f167e83bc65b", "rel": "self"}, {"href": "http://10.0.2.15:8774/b379ca974b734bf29ea5fae318ecf1b2/servers/07afc58d-f118-4686-a2dd-f167e83bc65b", "rel": "bookmark"}], "key_name": "tempest-TestGettingAddress-1231823353", "image": {"id": "dc87375e-7952-462d-8839-49cc9eb3eddc", "links": [{"href": "http://10.0.2.15:8774/b379ca974b734bf29ea5fae318ecf1b2/images/dc87375e-7952-462d-8839-49cc9eb3eddc", "rel": "bookmark"}]}, "OS-EXT-STS:task_state": "spawning", "OS-EXT-STS:vm_state": "building", "OS-SRV-USG:launched_at": null, "flavor": {"id": "42", "links": [{"href": "http://10.0.2.15:8774/b379ca974b734bf29ea5fae318ecf1b2/flavors/42", "rel": "bookmark"}]}, "id": "07afc58d-f118-4686-a2dd-f167e83bc65b", "security_groups": [{"name": "tempest-secgroup-smoke-1165798615"}], "OS-SRV-USG:terminated_at": null, "OS-EXT-AZ:availability_zone": "nova", "user_id": "f35474f4632b484cb73633ca7c3f1406", "name": "tempest.common.compute-instance-26620989", "created": "2015-12-09T07:28:54Z", "tenant_id": "b379ca974b734bf29ea5fae318ecf1b2", "OS-DCF:diskConfig": "MANUAL", "os-extended-volumes:volumes_attached": [], "accessIPv4": "", "accessIPv6": "", "progress": 0, "OS-EXT-STS:power_state": 0, "config_drive": "", "metadata": {}}}
2015-12-09 07:28:58,868 24456 INFO     [tempest_lib.common.rest_client] Request (TestGettingAddress:test_dhcp6_stateless_from_os): 200 GET http://10.0.2.15:8774/v2.1/b379ca974b734bf29ea5fae318ecf1b2/servers/07afc58d-f118-4686-a2dd-f167e83bc65b 0.210s
2015-12-09 07:28:58,868 24456 DEBUG    [tempest_lib.common.rest_client] Request - Headers: {'Content-Type': 'application/json', 'Accept': 'application/json', 'X-Auth-Token': '&lt;omitted&gt;'}
        Body: None
    Response - Headers: {'status': '200', 'content-length': '1780', 'content-location': 'http://10.0.2.15:8774/v2.1/b379ca974b734bf29ea5fae318ecf1b2/servers/07afc58d-f118-4686-a2dd-f167e83bc65b', 'x-compute-request-id': 'req-d45e64e7-d950-4f27-aeda-43f1564f07c2', 'vary': 'X-OpenStack-Nova-API-Version', 'connection': 'close', 'x-openstack-nova-api-version': '2.1', 'date': 'Wed, 09 Dec 2015 07:28:58 GMT', 'content-type': 'application/json'}
        Body: {"server": {"status": "ACTIVE", "updated": "2015-12-09T07:28:58Z", "hostId": "dbacd4a5ce24d7509fbd24232f9632ad004a9f026494e35d9056d04f", "addresses": {"tempest-network-smoke--1582215489": [{"OS-EXT-IPS-MAC:mac_addr": "fa:16:3e:50:b2:cb", "version": 6, "addr": "2003::f816:3eff:fe50:b2cb", "OS-EXT-IPS:type": "fixed"}, {"OS-EXT-IPS-MAC:mac_addr": "fa:16:3e:50:b2:cb", "version": 4, "addr": "10.100.0.3", "OS-EXT-IPS:type": "fixed"}]}, "links": [{"href": "http://10.0.2.15:8774/v2.1/b379ca974b734bf29ea5fae318ecf1b2/servers/07afc58d-f118-4686-a2dd-f167e83bc65b", "rel": "self"}, {"href": "http://10.0.2.15:8774/b379ca974b734bf29ea5fae318ecf1b2/servers/07afc58d-f118-4686-a2dd-f167e83bc65b", "rel": "bookmark"}], "key_name": "tempest-TestGettingAddress-1231823353", "image": {"id": "dc87375e-7952-462d-8839-49cc9eb3eddc", "links": [{"href": "http://10.0.2.15:8774/b379ca974b734bf29ea5fae318ecf1b2/images/dc87375e-7952-462d-8839-49cc9eb3eddc", "rel": "bookmark"}]}, "OS-EXT-STS:task_state": null, "OS-EXT-STS:vm_state": "active", "OS-SRV-USG:launched_at": "2015-12-09T07:28:58.000000", "flavor": {"id": "42", "links": [{"href": "http://10.0.2.15:8774/b379ca974b734bf29ea5fae318ecf1b2/flavors/42", "rel": "bookmark"}]}, "id": "07afc58d-f118-4686-a2dd-f167e83bc65b", "security_groups": [{"name": "tempest-secgroup-smoke-1165798615"}], "OS-SRV-USG:terminated_at": null, "OS-EXT-AZ:availability_zone": "nova", "user_id": "f35474f4632b484cb73633ca7c3f1406", "name": "tempest.common.compute-instance-26620989", "created": "2015-12-09T07:28:54Z", "tenant_id": "b379ca974b734bf29ea5fae318ecf1b2", "OS-DCF:diskConfig": "MANUAL", "os-extended-volumes:volumes_attached": [], "accessIPv4": "", "accessIPv6": "", "progress": 0, "OS-EXT-STS:power_state": 1, "config_drive": "True", "metadata": {}}}
2015-12-09 07:28:58,878 24456 INFO     [tempest.common.waiters] State transition "BUILD/spawning" ==&gt; "ACTIVE/None" after 4 second wait
2015-12-09 07:28:59,092 24456 INFO     [tempest_lib.common.rest_client] Request (TestGettingAddress:test_dhcp6_stateless_from_os): 200 GET http://10.0.2.15:8774/v2.1/b379ca974b734bf29ea5fae318ecf1b2/servers/07afc58d-f118-4686-a2dd-f167e83bc65b 0.213s
2015-12-09 07:28:59,093 24456 DEBUG    [tempest_lib.common.rest_client] Request - Headers: {'Content-Type': 'application/json', 'Accept': 'application/json', 'X-Auth-Token': '&lt;omitted&gt;'}
        Body: None
    Response - Headers: {'status': '200', 'content-length': '1780', 'content-location': 'http://10.0.2.15:8774/v2.1/b379ca974b734bf29ea5fae318ecf1b2/servers/07afc58d-f118-4686-a2dd-f167e83bc65b', 'x-compute-request-id': 'req-1c55ddf3-d22a-441b-b48f-259613f88f30', 'vary': 'X-OpenStack-Nova-API-Version', 'connection': 'close', 'x-openstack-nova-api-version': '2.1', 'date': 'Wed, 09 Dec 2015 07:28:59 GMT', 'content-type': 'application/json'}
        Body: {"server": {"status": "ACTIVE", "updated": "2015-12-09T07:28:58Z", "hostId": "dbacd4a5ce24d7509fbd24232f9632ad004a9f026494e35d9056d04f", "addresses": {"tempest-network-smoke--1582215489": [{"OS-EXT-IPS-MAC:mac_addr": "fa:16:3e:50:b2:cb", "version": 6, "addr": "2003::f816:3eff:fe50:b2cb", "OS-EXT-IPS:type": "fixed"}, {"OS-EXT-IPS-MAC:mac_addr": "fa:16:3e:50:b2:cb", "version": 4, "addr": "10.100.0.3", "OS-EXT-IPS:type": "fixed"}]}, "links": [{"href": "http://10.0.2.15:8774/v2.1/b379ca974b734bf29ea5fae318ecf1b2/servers/07afc58d-f118-4686-a2dd-f167e83bc65b", "rel": "self"}, {"href": "http://10.0.2.15:8774/b379ca974b734bf29ea5fae318ecf1b2/servers/07afc58d-f118-4686-a2dd-f167e83bc65b", "rel": "bookmark"}], "key_name": "tempest-TestGettingAddress-1231823353", "image": {"id": "dc87375e-7952-462d-8839-49cc9eb3eddc", "links": [{"href": "http://10.0.2.15:8774/b379ca974b734bf29ea5fae318ecf1b2/images/dc87375e-7952-462d-8839-49cc9eb3eddc", "rel": "bookmark"}]}, "OS-EXT-STS:task_state": null, "OS-EXT-STS:vm_state": "active", "OS-SRV-USG:launched_at": "2015-12-09T07:28:58.000000", "flavor": {"id": "42", "links": [{"href": "http://10.0.2.15:8774/b379ca974b734bf29ea5fae318ecf1b2/flavors/42", "rel": "bookmark"}]}, "id": "07afc58d-f118-4686-a2dd-f167e83bc65b", "security_groups": [{"name": "tempest-secgroup-smoke-1165798615"}], "OS-SRV-USG:terminated_at": null, "OS-EXT-AZ:availability_zone": "nova", "user_id": "f35474f4632b484cb73633ca7c3f1406", "name": "tempest.common.compute-instance-26620989", "created": "2015-12-09T07:28:54Z", "tenant_id": "b379ca974b734bf29ea5fae318ecf1b2", "OS-DCF:diskConfig": "MANUAL", "os-extended-volumes:volumes_attached": [], "accessIPv4": "", "accessIPv6": "", "progress": 0, "OS-EXT-STS:power_state": 1, "config_drive": "True", "metadata": {}}}
2015-12-09 07:28:59,138 24456 INFO     [tempest_lib.common.rest_client] Request (TestGettingAddress:test_dhcp6_stateless_from_os): 200 GET http://10.0.2.15:9696/v2.0/ports?status=ACTIVE&amp;fixed_ip=None&amp;device_id=07afc58d-f118-4686-a2dd-f167e83bc65b 0.035s
2015-12-09 07:28:59,138 24456 DEBUG    [tempest_lib.common.rest_client] Request - Headers: {'Content-Type': 'application/json', 'Accept': 'application/json', 'X-Auth-Token': '&lt;omitted&gt;'}
        Body: None
    Response - Headers: {'status': '200', 'content-length': '1142', 'content-location': 'http://10.0.2.15:9696/v2.0/ports?status=ACTIVE&amp;fixed_ip=None&amp;device_id=07afc58d-f118-4686-a2dd-f167e83bc65b', 'connection': 'close', 'date': 'Wed, 09 Dec 2015 07:28:59 GMT', 'content-type': 'application/json; charset=UTF-8', 'x-openstack-request-id': 'req-e75095ab-7a12-47d6-8fd6-de08de33a504'}
        Body: {"ports": [{"status": "ACTIVE", "binding:host_id": "vagrant-ubuntu-trusty-64", "allowed_address_pairs": [], "extra_dhcp_opts": [], "dns_assignment": [{"hostname": "host-10-100-0-3", "ip_address": "10.100.0.3", "fqdn": "host-10-100-0-3.openstacklocal."}, {"hostname": "host-2003--f816-3eff-fe50-b2cb", "ip_address": "2003::f816:3eff:fe50:b2cb", "fqdn": "host-2003--f816-3eff-fe50-b2cb.openstacklocal."}], "device_owner": "compute:None", "port_security_enabled": true, "binding:profile": {}, "fixed_ips": [{"subnet_id": "fe8465c1-7420-4451-8cf3-bec188309f05", "ip_address": "10.100.0.3"}, {"subnet_id": "62e3e5bf-fd2f-4fd0-80a7-8c8afc7a9813", "ip_address": "2003::f816:3eff:fe50:b2cb"}], "id": "9925333f-a40f-49ef-9504-57b5f5f8552d", "security_groups": ["88032576-2f7e-4fa8-ad46-f431eb9c5dbe"], "device_id": "07afc58d-f118-4686-a2dd-f167e83bc65b", "name": "", "admin_state_up": true, "network_id": "5c2e17cf-79ff-49c7-a26a-e1809745552b", "dns_name": "", "binding:vif_details": {"port_filter": true}, "binding:vnic_type": "normal", "binding:vif_type": "ovs", "tenant_id": "b379ca974b734bf29ea5fae318ecf1b2", "mac_address": "fa:16:3e:50:b2:cb"}]}
2015-12-09 07:28:59,691 24456 INFO     [tempest_lib.common.rest_client] Request (TestGettingAddress:test_dhcp6_stateless_from_os): 201 POST http://10.0.2.15:9696/v2.0/floatingips 0.552s
2015-12-09 07:28:59,692 24456 DEBUG    [tempest_lib.common.rest_client] Request - Headers: {'Content-Type': 'application/json', 'Accept': 'application/json', 'X-Auth-Token': '&lt;omitted&gt;'}
        Body: {"floatingip": {"floating_network_id": "35a21bdf-97fe-46c4-a082-483c8b4156e6", "tenant_id": "b379ca974b734bf29ea5fae318ecf1b2", "fixed_ip_address": "10.100.0.3", "port_id": "9925333f-a40f-49ef-9504-57b5f5f8552d"}}
    Response - Headers: {'status': '201', 'content-length': '367', 'connection': 'close', 'date': 'Wed, 09 Dec 2015 07:28:59 GMT', 'content-type': 'application/json; charset=UTF-8', 'x-openstack-request-id': 'req-040436f8-5df9-4240-bedd-3d9e8cbac33e'}
        Body: {"floatingip": {"floating_network_id": "35a21bdf-97fe-46c4-a082-483c8b4156e6", "router_id": "e28acf0c-524f-4566-bd72-2604c2f00a8b", "fixed_ip_address": "10.100.0.3", "floating_ip_address": "172.24.4.4", "tenant_id": "b379ca974b734bf29ea5fae318ecf1b2", "status": "DOWN", "port_id": "9925333f-a40f-49ef-9504-57b5f5f8552d", "id": "95b5716c-68c0-4e89-9718-9c09892cf1b0"}}
2015-12-09 07:28:59,694 24456 INFO     [tempest_lib.common.ssh] Creating ssh connection to '172.24.4.4' as 'cirros' with public key authentication
2015-12-09 07:29:03,492 24456 WARNING  [tempest_lib.common.ssh] Failed to establish authenticated ssh connection to cirros@172.24.4.4 ([Errno None] Unable to connect to port 22 on  or 172.24.4.4). Number attempts: 1. Retry after 2 seconds.
2015-12-09 07:29:08,996 24456 WARNING  [tempest_lib.common.ssh] Failed to establish authenticated ssh connection to cirros@172.24.4.4 ([Errno None] Unable to connect to port 22 on  or 172.24.4.4). Number attempts: 2. Retry after 3 seconds.
2015-12-09 07:29:15,500 24456 WARNING  [tempest_lib.common.ssh] Failed to establish authenticated ssh connection to cirros@172.24.4.4 ([Errno None] Unable to connect to port 22 on  or 172.24.4.4). Number attempts: 3. Retry after 4 seconds.
2015-12-09 07:29:23,005 24456 WARNING  [tempest_lib.common.ssh] Failed to establish authenticated ssh connection to cirros@172.24.4.4 ([Errno None] Unable to connect to port 22 on  or 172.24.4.4). Number attempts: 4. Retry after 5 seconds.
2015-12-09 07:29:31,513 24456 WARNING  [tempest_lib.common.ssh] Failed to establish authenticated ssh connection to cirros@172.24.4.4 ([Errno None] Unable to connect to port 22 on  or 172.24.4.4). Number attempts: 5. Retry after 6 seconds.
2015-12-09 07:29:41,020 24456 WARNING  [tempest_lib.common.ssh] Failed to establish authenticated ssh connection to cirros@172.24.4.4 ([Errno None] Unable to connect to port 22 on  or 172.24.4.4). Number attempts: 6. Retry after 7 seconds.
2015-12-09 07:29:51,529 24456 WARNING  [tempest_lib.common.ssh] Failed to establish authenticated ssh connection to cirros@172.24.4.4 ([Errno None] Unable to connect to port 22 on  or 172.24.4.4). Number attempts: 7. Retry after 8 seconds.
2015-12-09 07:30:03,036 24456 WARNING  [tempest_lib.common.ssh] Failed to establish authenticated ssh connection to cirros@172.24.4.4 ([Errno None] Unable to connect to port 22 on  or 172.24.4.4). Number attempts: 8. Retry after 9 seconds.
2015-12-09 07:30:15,541 24456 WARNING  [tempest_lib.common.ssh] Failed to establish authenticated ssh connection to cirros@172.24.4.4 ([Errno None] Unable to connect to port 22 on  or 172.24.4.4). Number attempts: 9. Retry after 10 seconds.
2015-12-09 07:30:29,049 24456 WARNING  [tempest_lib.common.ssh] Failed to establish authenticated ssh connection to cirros@172.24.4.4 ([Errno None] Unable to connect to port 22 on  or 172.24.4.4). Number attempts: 10. Retry after 11 seconds.
2015-12-09 07:30:43,561 24456 WARNING  [tempest_lib.common.ssh] Failed to establish authenticated ssh connection to cirros@172.24.4.4 ([Errno None] Unable to connect to port 22 on  or 172.24.4.4). Number attempts: 11. Retry after 12 seconds.
2015-12-09 07:30:59,065 24456 WARNING  [tempest_lib.common.ssh] Failed to establish authenticated ssh connection to cirros@172.24.4.4 ([Errno None] Unable to connect to port 22 on  or 172.24.4.4). Number attempts: 12. Retry after 13 seconds.
2015-12-09 07:31:15,569 24456 WARNING  [tempest_lib.common.ssh] Failed to establish authenticated ssh connection to cirros@172.24.4.4 ([Errno None] Unable to connect to port 22 on  or 172.24.4.4). Number attempts: 13. Retry after 14 seconds.
2015-12-09 07:31:33,084 24456 WARNING  [tempest_lib.common.ssh] Failed to establish authenticated ssh connection to cirros@172.24.4.4 ([Errno None] Unable to connect to port 22 on  or 172.24.4.4). Number attempts: 14. Retry after 15 seconds.
2015-12-09 07:31:51,593 24456 WARNING  [tempest_lib.common.ssh] Failed to establish authenticated ssh connection to cirros@172.24.4.4 ([Errno None] Unable to connect to port 22 on  or 172.24.4.4). Number attempts: 15. Retry after 16 seconds.
2015-12-09 07:32:11,108 24456 WARNING  [tempest_lib.common.ssh] Failed to establish authenticated ssh connection to cirros@172.24.4.4 ([Errno None] Unable to connect to port 22 on  or 172.24.4.4). Number attempts: 16. Retry after 17 seconds.
2015-12-09 07:32:31,621 24456 ERROR    [tempest_lib.common.ssh] Failed to establish authenticated ssh connection to cirros@172.24.4.4 after 16 attempts
2015-12-09 07:32:31.621 24456 ERROR tempest_lib.common.ssh Traceback (most recent call last):
2015-12-09 07:32:31.621 24456 ERROR tempest_lib.common.ssh   File "/usr/local/lib/python2.7/dist-packages/tempest_lib/common/ssh.py", line 75, in _get_ssh_connection
2015-12-09 07:32:31.621 24456 ERROR tempest_lib.common.ssh     timeout=self.channel_timeout, pkey=self.pkey)
2015-12-09 07:32:31.621 24456 ERROR tempest_lib.common.ssh   File "/usr/local/lib/python2.7/dist-packages/paramiko/client.py", line 311, in connect
2015-12-09 07:32:31.621 24456 ERROR tempest_lib.common.ssh     raise NoValidConnectionsError(errors)
2015-12-09 07:32:31.621 24456 ERROR tempest_lib.common.ssh NoValidConnectionsError: [Errno None] Unable to connect to port 22 on  or 172.24.4.4
2015-12-09 07:32:31.621 24456 ERROR tempest_lib.common.ssh 
2015-12-09 07:32:31,623 24456 ERROR    [tempest.scenario.manager] (TestGettingAddress:test_dhcp6_stateless_from_os) Initializing SSH connection to 172.24.4.4 failed. Error: Connection to the 172.24.4.4 via SSH timed out.
User: cirros, Password: None
2015-12-09 07:32:31.623 24456 ERROR tempest.scenario.manager Traceback (most recent call last):
2015-12-09 07:32:31.623 24456 ERROR tempest.scenario.manager   File "tempest/scenario/manager.py", line 383, in get_remote_client
2015-12-09 07:32:31.623 24456 ERROR tempest.scenario.manager     linux_client.validate_authentication()
2015-12-09 07:32:31.623 24456 ERROR tempest.scenario.manager   File "tempest/common/utils/linux/remote_client.py", line 63, in validate_authentication
2015-12-09 07:32:31.623 24456 ERROR tempest.scenario.manager     self.ssh_client.test_connection_auth()
2015-12-09 07:32:31.623 24456 ERROR tempest.scenario.manager   File "/usr/local/lib/python2.7/dist-packages/tempest_lib/common/ssh.py", line 167, in test_connection_auth
2015-12-09 07:32:31.623 24456 ERROR tempest.scenario.manager     connection = self._get_ssh_connection()
2015-12-09 07:32:31.623 24456 ERROR tempest.scenario.manager   File "/usr/local/lib/python2.7/dist-packages/tempest_lib/common/ssh.py", line 87, in _get_ssh_connection
2015-12-09 07:32:31.623 24456 ERROR tempest.scenario.manager     password=self.password)
2015-12-09 07:32:31.623 24456 ERROR tempest.scenario.manager SSHTimeout: Connection to the 172.24.4.4 via SSH timed out.
2015-12-09 07:32:31.623 24456 ERROR tempest.scenario.manager User: cirros, Password: None
2015-12-09 07:32:31.623 24456 ERROR tempest.scenario.manager 
2015-12-09 07:32:31,710 24456 INFO     [tempest_lib.common.rest_client] Request (TestGettingAddress:test_dhcp6_stateless_from_os): 200 GET http://10.0.2.15:8774/v2.1/b379ca974b734bf29ea5fae318ecf1b2/servers 0.084s
2015-12-09 07:32:31,711 24456 DEBUG    [tempest_lib.common.rest_client] Request - Headers: {'Content-Type': 'application/json', 'Accept': 'application/json', 'X-Auth-Token': '&lt;omitted&gt;'}
        Body: None
    Response - Headers: {'status': '200', 'content-length': '389', 'content-location': 'http://10.0.2.15:8774/v2.1/b379ca974b734bf29ea5fae318ecf1b2/servers', 'x-compute-request-id': 'req-a5f1bc16-a91a-434e-93af-09356dab4053', 'vary': 'X-OpenStack-Nova-API-Version', 'connection': 'close', 'x-openstack-nova-api-version': '2.1', 'date': 'Wed, 09 Dec 2015 07:32:31 GMT', 'content-type': 'application/json'}
        Body: {"servers": [{"id": "07afc58d-f118-4686-a2dd-f167e83bc65b", "links": [{"href": "http://10.0.2.15:8774/v2.1/b379ca974b734bf29ea5fae318ecf1b2/servers/07afc58d-f118-4686-a2dd-f167e83bc65b", "rel": "self"}, {"href": "http://10.0.2.15:8774/b379ca974b734bf29ea5fae318ecf1b2/servers/07afc58d-f118-4686-a2dd-f167e83bc65b", "rel": "bookmark"}], "name": "tempest.common.compute-instance-26620989"}]}
2015-12-09 07:32:31,945 24456 INFO     [tempest_lib.common.rest_client] Request (TestGettingAddress:test_dhcp6_stateless_from_os): 200 POST http://10.0.2.15:8774/v2.1/b379ca974b734bf29ea5fae318ecf1b2/servers/07afc58d-f118-4686-a2dd-f167e83bc65b/action 0.228s
2015-12-09 07:32:31,946 24456 DEBUG    [tempest_lib.common.rest_client] Request - Headers: {'Content-Type': 'application/json', 'Accept': 'application/json', 'X-Auth-Token': '&lt;omitted&gt;'}
        Body: {"os-getConsoleOutput": {}}
    Response - Headers: {'status': '200', 'content-length': '24667', 'x-compute-request-id': 'req-5fb3bef4-2a49-40d3-9bfb-eaac5efdeb7c', 'vary': 'X-OpenStack-Nova-API-Version', 'connection': 'close', 'x-openstack-nova-api-version': '2.1', 'date': 'Wed, 09 Dec 2015 07:32:31 GMT', 'content-type': 'application/json'}
        Body: {"output": "[    0.000000] Initializing cgroup subsys cpuset\n[    0.000000] Initializing cgroup subsys cpu\n[    0.000000] Linux version 3.2.0-80-virtual (buildd@batsu) (gcc version 4.6.3 (Ubuntu/Linaro 4.6.3-1ubuntu5) ) #116-Ubuntu SMP Mon Mar 23 17:28:52 UTC 2015 (Ubuntu 3.2.0-80.116-virtual 3.2.68)\n[    0.000000] Command line: root=/dev/vda console=tty0 console=ttyS0 no_timer_check\n[    0.000000] KERNEL supported cpus:\n[    0.000000]   Intel GenuineIntel\n[    0.000000]   AMD AuthenticAMD\n[    0.000000]   Centaur CentaurHauls\n[    0.000000] BIOS-provided physical RAM map:\n[    0.000000]  BIOS-e820: 0000000000000000 - 000000000009fc00 (usable)\n[    0.000000]  BIOS-e820: 000000000009fc00 - 00000000000a0000 (reserved)\n[    0.000000]  BIOS-e820: 00000000000f0000 - 0000000000100000 (reserved)\n[    0.000000]  BIOS-e820: 0000000000100000 - 0000000003ffe000 (usable)\n[    0.000000]  BIOS-e820: 0000000003ffe000 - 0000000004000000 (reserved)\n[    0.000000]  BIOS-e820: 00000000fffc0000 - 0000000100000000 (reserved)\n[    0.000000] NX (Execute Disable) protection: active\n[    0.000000] SMBIOS 2.4 present.\n[    0.000000] No AGP bridge found\n[    0.000000] last_pfn = 0x3ffe max_arch_pfn = 0x400000000\n[    0.000000] x86 PAT enabled: cpu 0, old 0x7040600070406, new 0x7010600070106\n[    0.000000] found SMP MP-table at [ffff8800000f0b00] f0b00\n[    0.000000] init_memory_mapping: 0000000000000000-0000000003ffe000\n[    0.000000] RAMDISK: 03c5e000 - 03ff0000\n[    0.000000] ACPI: RSDP 00000000000f0950 00014 (v00 BOCHS )\n[    0.000000] ACPI: RSDT 0000000003fffbc1 00034 (v01 BOCHS  BXPCRSDT 00000001 BXPC 00000001)\n[    0.000000] ACPI: FACP 0000000003fff1c0 00074 (v01 BOCHS  BXPCFACP 00000001 BXPC 00000001)\n[    0.000000] ACPI: DSDT 0000000003ffe040 01180 (v01 BOCHS  BXPCDSDT 00000001 BXPC 00000001)\n[    0.000000] ACPI: FACS 0000000003ffe000 00040\n[    0.000000] ACPI: SSDT 0000000003fff234 008DD (v01 BOCHS  BXPCSSDT 00000001 BXPC 00000001)\n[    0.000000] ACPI: APIC 0000000003fffb11 00078 (v01 BOCHS  BXPCAPIC 00000001 BXPC 00000001)\n[    0.000000] ACPI: HPET 0000000003fffb89 00038 (v01 BOCHS  BXPCHPET 00000001 BXPC 00000001)\n[    0.000000] No NUMA configuration found\n[    0.000000] Faking a node at 0000000000000000-0000000003ffe000\n[    0.000000] Initmem setup node 0 0000000000000000-0000000003ffe000\n[    0.000000]   NODE_DATA [0000000003ff6000 - 0000000003ffafff]\n[    0.000000] Zone PFN ranges:\n[    0.000000]   DMA      0x00000010 -&gt; 0x00001000\n[    0.000000]   DMA32    0x00001000 -&gt; 0x00100000\n[    0.000000]   Normal   empty\n[    0.000000] Movable zone start PFN for each node\n[    0.000000] early_node_map[2] active PFN ranges\n[    0.000000]     0: 0x00000010 -&gt; 0x0000009f\n[    0.000000]     0: 0x00000100 -&gt; 0x00003ffe\n[    0.000000] ACPI: PM-Timer IO Port: 0xb008\n[    0.000000] ACPI: LAPIC (acpi_id[0x00] lapic_id[0x00] enabled)\n[    0.000000] ACPI: LAPIC_NMI (acpi_id[0xff] dfl dfl lint[0x1])\n[    0.000000] ACPI: IOAPIC (id[0x00] address[0xfec00000] gsi_base[0])\n[    0.000000] IOAPIC[0]: apic_id 0, version 17, address 0xfec00000, GSI 0-23\n[    0.000000] ACPI: INT_SRC_OVR (bus 0 bus_irq 0 global_irq 2 dfl dfl)\n[    0.000000] ACPI: INT_SRC_OVR (bus 0 bus_irq 5 global_irq 5 high level)\n[    0.000000] ACPI: INT_SRC_OVR (bus 0 bus_irq 9 global_irq 9 high level)\n[    0.000000] ACPI: INT_SRC_OVR (bus 0 bus_irq 10 global_irq 10 high level)\n[    0.000000] ACPI: INT_SRC_OVR (bus 0 bus_irq 11 global_irq 11 high level)\n[    0.000000] Using ACPI (MADT) for SMP configuration information\n[    0.000000] ACPI: HPET id: 0x8086a201 base: 0xfed00000\n[    0.000000] SMP: Allowing 1 CPUs, 0 hotplug CPUs\n[    0.000000] PM: Registered nosave memory: 000000000009f000 - 00000000000a0000\n[    0.000000] PM: Registered nosave memory: 00000000000a0000 - 00000000000f0000\n[    0.000000] PM: Registered nosave memory: 00000000000f0000 - 0000000000100000\n[    0.000000] Allocating PCI resources starting at 4000000 (gap: 4000000:fbfc0000)\n[    0.000000] Booting paravirtualized kernel on bare hardware\n[    0.000000] setup_pe
2015-12-09 07:32:31,948 24456 DEBUG    [tempest.scenario.manager] Console output for 07afc58d-f118-4686-a2dd-f167e83bc65b
body=
[    0.000000] Initializing cgroup subsys cpuset
[    0.000000] Initializing cgroup subsys cpu
[    0.000000] Linux version 3.2.0-80-virtual (buildd@batsu) (gcc version 4.6.3 (Ubuntu/Linaro 4.6.3-1ubuntu5) ) #116-Ubuntu SMP Mon Mar 23 17:28:52 UTC 2015 (Ubuntu 3.2.0-80.116-virtual 3.2.68)
[    0.000000] Command line: root=/dev/vda console=tty0 console=ttyS0 no_timer_check
[    0.000000] KERNEL supported cpus:
[    0.000000]   Intel GenuineIntel
[    0.000000]   AMD AuthenticAMD
[    0.000000]   Centaur CentaurHauls
[    0.000000] BIOS-provided physical RAM map:
[    0.000000]  BIOS-e820: 0000000000000000 - 000000000009fc00 (usable)
[    0.000000]  BIOS-e820: 000000000009fc00 - 00000000000a0000 (reserved)
[    0.000000]  BIOS-e820: 00000000000f0000 - 0000000000100000 (reserved)
[    0.000000]  BIOS-e820: 0000000000100000 - 0000000003ffe000 (usable)
[    0.000000]  BIOS-e820: 0000000003ffe000 - 0000000004000000 (reserved)
[    0.000000]  BIOS-e820: 00000000fffc0000 - 0000000100000000 (reserved)
[    0.000000] NX (Execute Disable) protection: active
[    0.000000] SMBIOS 2.4 present.
[    0.000000] No AGP bridge found
[    0.000000] last_pfn = 0x3ffe max_arch_pfn = 0x400000000
[    0.000000] x86 PAT enabled: cpu 0, old 0x7040600070406, new 0x7010600070106
[    0.000000] found SMP MP-table at [ffff8800000f0b00] f0b00
[    0.000000] init_memory_mapping: 0000000000000000-0000000003ffe000
[    0.000000] RAMDISK: 03c5e000 - 03ff0000
[    0.000000] ACPI: RSDP 00000000000f0950 00014 (v00 BOCHS )
[    0.000000] ACPI: RSDT 0000000003fffbc1 00034 (v01 BOCHS  BXPCRSDT 00000001 BXPC 00000001)
[    0.000000] ACPI: FACP 0000000003fff1c0 00074 (v01 BOCHS  BXPCFACP 00000001 BXPC 00000001)
[    0.000000] ACPI: DSDT 0000000003ffe040 01180 (v01 BOCHS  BXPCDSDT 00000001 BXPC 00000001)
[    0.000000] ACPI: FACS 0000000003ffe000 00040
[    0.000000] ACPI: SSDT 0000000003fff234 008DD (v01 BOCHS  BXPCSSDT 00000001 BXPC 00000001)
[    0.000000] ACPI: APIC 0000000003fffb11 00078 (v01 BOCHS  BXPCAPIC 00000001 BXPC 00000001)
[    0.000000] ACPI: HPET 0000000003fffb89 00038 (v01 BOCHS  BXPCHPET 00000001 BXPC 00000001)
[    0.000000] No NUMA configuration found
[    0.000000] Faking a node at 0000000000000000-0000000003ffe000
[    0.000000] Initmem setup node 0 0000000000000000-0000000003ffe000
[    0.000000]   NODE_DATA [0000000003ff6000 - 0000000003ffafff]
[    0.000000] Zone PFN ranges:
[    0.000000]   DMA      0x00000010 -&gt; 0x00001000
[    0.000000]   DMA32    0x00001000 -&gt; 0x00100000
[    0.000000]   Normal   empty
[    0.000000] Movable zone start PFN for each node
[    0.000000] early_node_map[2] active PFN ranges
[    0.000000]     0: 0x00000010 -&gt; 0x0000009f
[    0.000000]     0: 0x00000100 -&gt; 0x00003ffe
[    0.000000] ACPI: PM-Timer IO Port: 0xb008
[    0.000000] ACPI: LAPIC (acpi_id[0x00] lapic_id[0x00] enabled)
[    0.000000] ACPI: LAPIC_NMI (acpi_id[0xff] dfl dfl lint[0x1])
[    0.000000] ACPI: IOAPIC (id[0x00] address[0xfec00000] gsi_base[0])
[    0.000000] IOAPIC[0]: apic_id 0, version 17, address 0xfec00000, GSI 0-23
[    0.000000] ACPI: INT_SRC_OVR (bus 0 bus_irq 0 global_irq 2 dfl dfl)
[    0.000000] ACPI: INT_SRC_OVR (bus 0 bus_irq 5 global_irq 5 high level)
[    0.000000] ACPI: INT_SRC_OVR (bus 0 bus_irq 9 global_irq 9 high level)
[    0.000000] ACPI: INT_SRC_OVR (bus 0 bus_irq 10 global_irq 10 high level)
[    0.000000] ACPI: INT_SRC_OVR (bus 0 bus_irq 11 global_irq 11 high level)
[    0.000000] Using ACPI (MADT) for SMP configuration information
[    0.000000] ACPI: HPET id: 0x8086a201 base: 0xfed00000
[    0.000000] SMP: Allowing 1 CPUs, 0 hotplug CPUs
[    0.000000] PM: Registered nosave memory: 000000000009f000 - 00000000000a0000
[    0.000000] PM: Registered nosave memory: 00000000000a0000 - 00000000000f0000
[    0.000000] PM: Registered nosave memory: 00000000000f0000 - 0000000000100000
[    0.000000] Allocating PCI resources starting at 4000000 (gap: 4000000:fbfc0000)
[    0.000000] Booting paravirtualized kernel on bare hardware
[    0.000000] setup_percpu: NR_CPUS:64 nr_cpumask_bits:64 nr_cpu_ids:1 nr_node_ids:1
[    0.000000] PERCPU: Embedded 27 pages/cpu @ffff880003a00000 s78848 r8192 d23552 u2097152
[    0.000000] Built 1 zonelists in Node order, mobility grouping on.  Total pages: 16008
[    0.000000] Policy zone: DMA32
[    0.000000] Kernel command line: root=/dev/vda console=tty0 console=ttyS0 no_timer_check
[    0.000000] PID hash table entries: 256 (order: -1, 2048 bytes)
[    0.000000] Checking aperture...
[    0.000000] No AGP bridge found
[    0.000000] Memory: 43492k/65528k available (6576k kernel code, 452k absent, 21584k reserved, 6620k data, 928k init)
[    0.000000] SLUB: Genslabs=15, HWalign=64, Order=0-3, MinObjects=0, CPUs=1, Nodes=1
[    0.000000] Hierarchical RCU implementation.
[    0.000000] 	RCU dyntick-idle grace-period acceleration is enabled.
[    0.000000] NR_IRQS:4352 nr_irqs:256 16
[    0.000000] Console: colour VGA+ 80x25
[    0.000000] console [tty0] enabled
[    0.000000] console [ttyS0] enabled
[    0.000000] allocated 1048576 bytes of page_cgroup
[    0.000000] please try 'cgroup_disable=memory' option if you don't want memory cgroups
[    0.000000] Fast TSC calibration failed
[    0.000000] TSC: Unable to calibrate against PIT
[    0.000000] TSC: using HPET reference calibration
[    0.000000] Detected 2293.386 MHz processor.
[    0.028876] Calibrating delay loop (skipped), value calculated using timer frequency.. 4586.77 BogoMIPS (lpj=9173544)
[    0.032946] pid_max: default: 32768 minimum: 301
[    0.044659] Security Framework initialized
[    0.052100] AppArmor: AppArmor initialized
[    0.053216] Yama: becoming mindful.
[    0.062874] Dentry cache hash table entries: 8192 (order: 4, 65536 bytes)
[    0.064909] Inode-cache hash table entries: 4096 (order: 3, 32768 bytes)
[    0.066228] Mount-cache hash table entries: 256
[    0.082976] Initializing cgroup subsys cpuacct
[    0.084351] Initializing cgroup subsys memory
[    0.085450] Initializing cgroup subsys devices
[    0.086147] Initializing cgroup subsys freezer
[    0.086884] Initializing cgroup subsys blkio
[    0.088308] Initializing cgroup subsys perf_event
[    0.096315] mce: CPU supports 10 MCE banks
[    0.100529] SMP alternatives: switching to UP code
[    0.486902] Freeing SMP alternatives: 24k freed
[    0.489064] ACPI: Core revision 20110623
[    0.542086] ftrace: allocating 26610 entries in 105 pages
[    0.578607] ..TIMER: vector=0x30 apic1=0 pin1=2 apic2=-1 pin2=-1
[    0.580160] CPU0: AMD QEMU Virtual CPU version 2.0.0 stepping 03
[    0.584035] Performance Events: Broken PMU hardware detected, using software events only.
[    0.596788] NMI watchdog disabled (cpu0): hardware events not enabled
[    0.598445] Brought up 1 CPUs
[    0.600224] Total of 1 processors activated (4586.77 BogoMIPS).
[    0.623240] devtmpfs: initialized
[    0.653673] EVM: security.selinux
[    0.654188] EVM: security.SMACK64
[    0.654603] EVM: security.capability
[    0.676660] print_constraints: dummy: 
[    0.678805] RTC time:  7:29:02, date: 12/09/15
[    0.682958] NET: Registered protocol family 16
[    0.690451] ACPI: bus type pci registered
[    0.693573] PCI: Using configuration type 1 for base access
[    0.730977] bio: create slab &lt;bio-0&gt; at 0
[    0.741003] ACPI: Added _OSI(Module Device)
[    0.742240] ACPI: Added _OSI(Processor Device)
[    0.743491] ACPI: Added _OSI(3.0 _SCP Extensions)
[    0.744106] ACPI: Added _OSI(Processor Aggregator Device)
[    0.814713] ACPI: Interpreter enabled
[    0.816065] ACPI: (supports S0 S3 S4 S5)
[    0.818420] ACPI: Using IOAPIC for interrupt routing
[    0.900878] ACPI: No dock devices found.
[    0.901632] HEST: Table not found.
[    0.902345] PCI: Using host bridge windows from ACPI; if necessary, use "pci=nocrs" and report a bug
[    0.908056] ACPI: PCI Root Bridge [PCI0] (domain 0000 [bus 00-ff])
[    0.914075] pci_root PNP0A03:00: host bridge window [io  0x0000-0x0cf7]
[    0.914934] pci_root PNP0A03:00: host bridge window [io  0x0d00-0xadff]
[    0.916117] pci_root PNP0A03:00: host bridge window [io  0xae0f-0xaeff]
[    0.916969] pci_root PNP0A03:00: host bridge window [io  0xaf20-0xafdf]
[    0.917795] pci_root PNP0A03:00: host bridge window [io  0xafe4-0xffff]
[    0.920170] pci_root PNP0A03:00: host bridge window [mem 0x000a0000-0x000bffff]
[    0.921138] pci_root PNP0A03:00: host bridge window [mem 0x04000000-0xfebfffff]
[    0.942487] pci 0000:00:01.3: quirk: [io  0xb000-0xb03f] claimed by PIIX4 ACPI
[    0.944226] pci 0000:00:01.3: quirk: [io  0xb100-0xb10f] claimed by PIIX4 SMB
[    1.014653]  pci0000:00: Unable to request _OSC control (_OSC support mask: 0x1e)
[    1.073557] ACPI: PCI Interrupt Link [LNKA] (IRQs 5 *10 11)
[    1.075077] ACPI: PCI Interrupt Link [LNKB] (IRQs 5 *10 11)
[    1.077406] ACPI: PCI Interrupt Link [LNKC] (IRQs 5 10 *11)
[    1.079027] ACPI: PCI Interrupt Link [LNKD] (IRQs 5 10 *11)
[    1.081028] ACPI: PCI Interrupt Link [LNKS] (IRQs *9)
[    1.089471] vgaarb: device added: PCI:0000:00:02.0,decodes=io+mem,owns=io+mem,locks=none
[    1.090720] vgaarb: loaded
[    1.091107] vgaarb: bridge control possible 0000:00:02.0
[    1.097322] i2c-core: driver [aat2870] using legacy suspend method
[    1.098210] i2c-core: driver [aat2870] using legacy resume method
[    1.101749] SCSI subsystem initialized
[    1.106196] usbcore: registered new interface driver usbfs
[    1.107289] usbcore: registered new interface driver hub
[    1.108825] usbcore: registered new device driver usb
[    1.114946] PCI: Using ACPI for IRQ routing
[    1.125086] NetLabel: Initializing
[    1.125527] NetLabel:  domain hash size = 128
[    1.125994] NetLabel:  protocols = UNLABELED CIPSOv4
[    1.128934] NetLabel:  unlabeled traffic allowed by default
[    1.131017] HPET: 3 timers in total, 0 timers will be used for per-cpu timer
[    1.132435] hpet0: at MMIO 0xfed00000, IRQs 2, 8, 0
[    1.133373] hpet0: 3 comparators, 64-bit 100.000000 MHz counter
[    1.152819] Switching to clocksource hpet
[    1.383739] AppArmor: AppArmor Filesystem Enabled
[    1.385343] pnp: PnP ACPI init
[    1.387032] ACPI: bus type pnp registered
[    1.405175] pnp: PnP ACPI: found 9 devices
[    1.405742] ACPI: ACPI bus type pnp unregistered
[    1.458859] NET: Registered protocol family 2
[    1.490987] IP route cache hash table entries: 512 (order: 0, 4096 bytes)
[    1.498686] TCP established hash table entries: 2048 (order: 3, 32768 bytes)
[    1.500174] TCP bind hash table entries: 2048 (order: 3, 32768 bytes)
[    1.501743] TCP: Hash tables configured (established 2048 bind 2048)
[    1.502656] TCP reno registered
[    1.503270] UDP hash table entries: 128 (order: 0, 4096 bytes)
[    1.504141] UDP-Lite hash table entries: 128 (order: 0, 4096 bytes)
[    1.507341] NET: Registered protocol family 1
[    1.508160] pci 0000:00:00.0: Limiting direct PCI/PCI transfers
[    1.509553] pci 0000:00:01.0: PIIX3: Enabling Passive Release
[    1.510639] pci 0000:00:01.0: Activating ISA DMA hang workarounds
[    1.515023] ACPI: PCI Interrupt Link [LNKD] enabled at IRQ 11
[    1.515995] pci 0000:00:01.2: PCI INT D -&gt; Link[LNKD] -&gt; GSI 11 (level, high) -&gt; IRQ 11
[    1.518675] pci 0000:00:01.2: PCI INT D disabled
[    1.545164] Trying to unpack rootfs image as initramfs...
[    1.567341] audit: initializing netlink socket (disabled)
[    1.569542] type=2000 audit(1449646142.568:1): initialized
[    1.854768] HugeTLB registered 2 MB page size, pre-allocated 0 pages
[    1.931114] VFS: Disk quotas dquot_6.5.2
[    1.932342] Dquot-cache hash table entries: 512 (order 0, 4096 bytes)
[    1.946158] fuse init (API version 7.17)
[    1.949205] msgmni has been set to 84
[    1.998708] Block layer SCSI generic (bsg) driver version 0.4 loaded (major 253)
[    2.002535] io scheduler noop registered
[    2.003080] io scheduler deadline registered (default)
[    2.005525] io scheduler cfq registered
[    2.009094] pci_hotplug: PCI Hot Plug PCI Core version: 0.5
[    2.011001] pciehp: PCI Express Hot Plug Controller Driver version: 0.4
[    2.016407] input: Power Button as /devices/LNXSYSTM:00/LNXPWRBN:00/input/input0
[    2.019456] ACPI: Power Button [PWRF]
[    2.075481] ERST: Table is not found!
[    2.075999] GHES: HEST is not enabled!
[    2.086787] ACPI: PCI Interrupt Link [LNKC] enabled at IRQ 10
[    2.087546] virtio-pci 0000:00:03.0: PCI INT A -&gt; Link[LNKC] -&gt; GSI 10 (level, high) -&gt; IRQ 10
[    2.091118] virtio-pci 0000:00:04.0: PCI INT A -&gt; Link[LNKD] -&gt; GSI 11 (level, high) -&gt; IRQ 11
[    2.102502] ACPI: PCI Interrupt Link [LNKA] enabled at IRQ 10
[    2.103135] virtio-pci 0000:00:05.0: PCI INT A -&gt; Link[LNKA] -&gt; GSI 10 (level, high) -&gt; IRQ 10
[    2.115729] Serial: 8250/16550 driver, 32 ports, IRQ sharing enabled
[    2.159844] serial8250: ttyS0 at I/O 0x3f8 (irq = 4) is a 16550A
[    2.249052] serial8250: ttyS1 at I/O 0x2f8 (irq = 3) is a 16550A
[    2.387933] 00:05: ttyS0 at I/O 0x3f8 (irq = 4) is a 16550A
[    2.465410] 00:06: ttyS1 at I/O 0x2f8 (irq = 3) is a 16550A
[    2.510898] Linux agpgart interface v0.103
[    2.523726] Refined TSC clocksource calibration: 2293.463 MHz.
[    2.527708] Switching to clocksource tsc
[    2.598556] brd: module loaded
[    2.650482] loop: module loaded
[    2.698730]  vda: unknown partition table
[    2.782154] scsi0 : ata_piix
[    2.790218] scsi1 : ata_piix
[    2.791342] ata1: PATA max MWDMA2 cmd 0x1f0 ctl 0x3f6 bmdma 0xc0a0 irq 14
[    2.793328] ata2: PATA max MWDMA2 cmd 0x170 ctl 0x376 bmdma 0xc0a8 irq 15
[    2.803283] Fixed MDIO Bus: probed
[    2.804114] tun: Universal TUN/TAP device driver, 1.6
[    2.805178] tun: (C) 1999-2004 Max Krasnyansky &lt;maxk@qualcomm.com&gt;
[    2.819964] PPP generic driver version 2.4.2
[    2.842867] ehci_hcd: USB 2.0 'Enhanced' Host Controller (EHCI) Driver
[    2.843679] ohci_hcd: USB 1.1 'Open' Host Controller (OHCI) Driver
[    2.845450] uhci_hcd: USB Universal Host Controller Interface driver
[    2.846246] uhci_hcd 0000:00:01.2: PCI INT D -&gt; Link[LNKD] -&gt; GSI 11 (level, high) -&gt; IRQ 11
[    2.849609] uhci_hcd 0000:00:01.2: UHCI Host Controller
[    2.857862] uhci_hcd 0000:00:01.2: new USB bus registered, assigned bus number 1
[    2.859633] uhci_hcd 0000:00:01.2: irq 11, io base 0x0000c040
[    2.893569] hub 1-0:1.0: USB hub found
[    2.895702] hub 1-0:1.0: 2 ports detected
[    2.906058] usbcore: registered new interface driver libusual
[    2.909852] i8042: PNP: PS/2 Controller [PNP0303:KBD,PNP0f13:MOU] at 0x60,0x64 irq 1,12
[    2.919819] serio: i8042 KBD port at 0x60,0x64 irq 1
[    2.922060] serio: i8042 AUX port at 0x60,0x64 irq 12
[    2.969471] mousedev: PS/2 mouse device common for all mice
[    2.978575] input: AT Translated Set 2 keyboard as /devices/platform/i8042/serio0/input/input1
[    2.983344] rtc_cmos 00:01: RTC can wake from S4
[    3.007199] rtc_cmos 00:01: rtc core: registered rtc_cmos as rtc0
[    3.010695] rtc0: alarms up to one day, 114 bytes nvram, hpet irqs
[    3.014242] device-mapper: uevent: version 1.0.3
[    3.040741] ata2.01: ATAPI: QEMU DVD-ROM, 2.0.0, max UDMA/100
[    3.046164] device-mapper: ioctl: 4.22.0-ioctl (2011-10-19) initialised: dm-devel@redhat.com
[    3.049649] cpuidle: using governor ladder
[    3.050210] cpuidle: using governor menu
[    3.051268] EFI Variables Facility v0.08 2004-May-17
[    3.059353] TCP cubic registered
[    3.062940] NET: Registered protocol family 10
[    3.088282] NET: Registered protocol family 17
[    3.089006] Registering the dns_resolver key type
[    3.103701] ata2.01: configured for MWDMA2
[    3.139892] scsi 1:0:1:0: CD-ROM            QEMU     QEMU DVD-ROM     2.0. PQ: 0 ANSI: 5
[    3.171205] sr0: scsi3-mmc drive: 4x/4x cd/rw xa/form2 tray
[    3.172649] cdrom: Uniform CD-ROM driver Revision: 3.20
[    3.189156] sr 1:0:1:0: Attached scsi generic sg0 type 5
[    3.214644] registered taskstats version 1
[    3.285938] Freeing initrd memory: 3656k freed
[    3.783939]   Magic number: 11:379:470
[    3.801961] rtc_cmos 00:01: setting system clock to 2015-12-09 07:29:05 UTC (1449646145)
[    3.804516] powernow-k8: Processor cpuid 663 not supported
[    3.815372] BIOS EDD facility v0.16 2004-Jun-25, 0 devices found
[    3.816044] EDD information not available.
[    3.898482] Freeing unused kernel memory: 928k freed
[    3.904763] Write protecting the kernel read-only data: 12288k
[    4.029128] Freeing unused kernel memory: 1596k freed
[    4.127837] Freeing unused kernel memory: 1184k freed

info: initramfs: up at 4.31
modprobe: module virtio_blk not found in modules.dep
modprobe: module virtio_net not found in modules.dep
info: copying initramfs to /dev/vda
info: initramfs loading root from /dev/vda
info: /etc/init.d/rc.sysinit: up at 9.01
info: container: none
Starting logging: OK
modprobe: module virtio_blk not found in modules.dep
modprobe: module virtio_net not found in modules.dep
WARN: /etc/rc3.d/S10-load-modules failed
Initializing random number generator... done.
Starting acpid: OK
cirros-ds 'local' up at 11.58
found datasource (configdrive, local)
Starting network...
udhcpc (v1.20.1) started
Sending discover...
Sending discover...
Sending discover...
Usage: /sbin/cirros-dhcpc &lt;up|down&gt;
No lease, failing
WARN: /etc/rc3.d/S40-network failed
Starting dropbear sshd: generating rsa key... generating dsa key... OK
no userdata for datasource
=== system information ===
Platform: OpenStack Foundation OpenStack Nova
Container: none
Arch: x86_64
CPU(s): 1 @ 2293.386 MHz
Cores/Sockets/Threads: 1/1/1
Virt-type: AMD-V
RAM Size: 49MB
Disks:
NAME MAJ:MIN     SIZE LABEL         MOUNTPOINT
vda  253:0   25165824 cirros-rootfs /
sr0   11:0     428032 config-2      
=== sshd host keys ===
-----BEGIN SSH HOST KEY KEYS-----
ssh-rsa AAAAB3NzaC1yc2EAAAADAQABAAAAgnsZVjcZqpbnJ+05sFRq9ZGcXMj/D9WSYz9Mvv27KHOCpZLVXkT9DMFWSjNHRZlwrhTnuxaGyCMcTANorPaSGYezwz4u25EnnMugCPVa46JJz34rXBGKjYxgT+bhbDwky2O5McsKScnBcyNgvwMDPdQm1wlBah4PZNl9F6sRkB60wx8= root@tempest
ssh-dss AAAAB3NzaC1kc3MAAACBAN/g5fBh/j8cpFgbf2F1cvURrA7mSvekpeUg1tw9cEzxfw6PGvEK5DZoneWIlrCfSR8MFClGiAKz592K0J2xjKbGX9h6EoL3sNIoEg2F5VBLsz7Rq8Pf8hGP4Y8EjSPS4qkaVhH3i0h7Q4b/7pEiiDnkz8N0UMQoxsVTytDRuHttAAAAFQDsLo8rTMx/OIAsK7/sGYSl6YBegQAAAIEAioxT7MwS8MKsgG4zpOtdKn5UfVWykENjQa0n0gkvkptF10LJhf+I43DwUI4oK7piOFGEdcgC18hq8RVlsMqjklxldktpeY3C+Z+tXVgGQh1dvSe5TG7NwW1D3RsSQD9H0WtY6U8D9IA1VX9CPmA0cilK7YMP6KvEn0whA+tAF6wAAACBANeHZp/5fdCl4LQ4JG/ekwcfC5q0hzwl5D/kTYCl0M1EKu0RPaQjEXqgAdVRw7XBUmR415i5r/H7g+4iTwTgJny4eYw9T9Hwtg/nk9+J5NQzgIOufLVNH4LPRDy/qHR72QW/C4RCCPU8SmuJGZ2NrJ56foFbyLMGVybCHSsBmrEH root@tempest
-----END SSH HOST KEY KEYS-----
=== network info ===
if-info: lo,up,127.0.0.1,8,::1
if-info: eth0,up,,8,fe80::f816:3eff:fe50:b2cb
=== datasource: configdrive local ===
instance-id: 07afc58d-f118-4686-a2dd-f167e83bc65b
name: tempest.common.compute-instance-26620989
availability-zone: nova
local-hostname: tempest.common.compute-instance-26620989.novalocal
launch-index: 0
=== cirros: current=0.3.4 uptime=202.55 ===
route: fscanf
=== pinging gateway failed, debugging connection ===
############ debug start ##############
### /etc/init.d/sshd start
Starting dropbear sshd: OK
route: fscanf
### ifconfig -a
eth0      Link encap:Ethernet  HWaddr FA:16:3E:50:B2:CB  
          inet6 addr: fe80::f816:3eff:fe50:b2cb/64 Scope:Link
          UP BROADCAST RUNNING MULTICAST  MTU:1500  Metric:1
          RX packets:12 errors:0 dropped:5 overruns:0 frame:0
          TX packets:8 errors:0 dropped:0 overruns:0 carrier:0
          collisions:0 txqueuelen:1000 
          RX bytes:1293 (1.2 KiB)  TX bytes:1134 (1.1 KiB)

lo        Link encap:Local Loopback  
          inet addr:127.0.0.1  Mask:255.0.0.0
          inet6 addr: ::1/128 Scope:Host
          UP LOOPBACK RUNNING  MTU:16436  Metric:1
          RX packets:12 errors:0 dropped:0 overruns:0 frame:0
          TX packets:12 errors:0 dropped:0 overruns:0 carrier:0
          collisions:0 txqueuelen:0 
          RX bytes:1020 (1020.0 B)  TX bytes:1020 (1020.0 B)

### route -n
Kernel IP routing table
Destination     Gateway         Genmask         Flags Metric Ref    Use Iface
route: fscanf
### cat /etc/resolv.conf
cat: can't open '/etc/resolv.conf': No such file or directory
### gateway not found
/sbin/cirros-status: line 1: can't open /etc/resolv.conf: no such file
### pinging nameservers
### uname -a
Linux tempest 3.2.0-80-virtual #116-Ubuntu SMP Mon Mar 23 17:28:52 UTC 2015 x86_64 GNU/Linux
### lsmod
Module                  Size  Used by    Not tainted
nls_iso8859_1          12713  0 
nls_cp437              16991  0 
vfat                   17585  0 
fat                    61512  1 vfat
isofs                  40259  0 
ip_tables              27473  0 
x_tables               29891  1 ip_tables
pcnet32                42119  0 
8139cp                 27360  0 
ne2k_pci               13691  0 
8390                   18856  1 ne2k_pci
e1000                 108589  0 
acpiphp                24231  0 
### dmesg | tail
[    5.151242] EXT3-fs (vda): mounted filesystem with ordered data mode
[    5.429869] ISO 9660 Extensions: Microsoft Joliet Level 3
[    5.501520] ISO 9660 Extensions: RRIP_1991A
[    5.739749] kjournald starting.  Commit interval 5 seconds
[    5.756587] EXT3-fs (vda): using internal journal
[    5.757442] EXT3-fs (vda): mounted filesystem with ordered data mode
[    9.109273] EXT3-fs (vda): using internal journal
[   12.355317] ISO 9660 Extensions: Microsoft Joliet Level 3
[   12.450970] ISO 9660 Extensions: RRIP_1991A
[   26.618866] eth0: no IPv6 routers present
### tail -n 25 /var/log/messages
Dec  9 07:29:12 cirros kern.info kernel: [    4.649643] acpiphp: Slot [26] registered
Dec  9 07:29:12 cirros kern.info kernel: [    4.649967] acpiphp: Slot [27] registered
Dec  9 07:29:12 cirros kern.info kernel: [    4.650271] acpiphp: Slot [28] registered
Dec  9 07:29:12 cirros kern.info kernel: [    4.650479] acpiphp: Slot [29] registered
Dec  9 07:29:12 cirros kern.info kernel: [    4.650504] acpiphp: Slot [30] registered
Dec  9 07:29:12 cirros kern.info kernel: [    4.650827] acpiphp: Slot [31] registered
Dec  9 07:29:12 cirros kern.info kernel: [    4.710414] e1000: Intel(R) PRO/1000 Network Driver - version 7.3.21-k8-NAPI
Dec  9 07:29:12 cirros kern.info kernel: [    4.710530] e1000: Copyright (c) 1999-2006 Intel Corporation.
Dec  9 07:29:12 cirros kern.info kernel: [    4.747912] ne2k-pci.c:v1.03 9/22/2003 D. Becker/P. Gortmaker
Dec  9 07:29:12 cirros kern.info kernel: [    4.782793] 8139cp: 8139cp: 10/100 PCI Ethernet driver v1.3 (Mar 22, 2004)
Dec  9 07:29:12 cirros kern.info kernel: [    4.825457] pcnet32: pcnet32.c:v1.35 21.Apr.2008 tsbogend@alpha.franken.de
Dec  9 07:29:12 cirros kern.info kernel: [    4.870031] ip_tables: (C) 2000-2006 Netfilter Core Team
Dec  9 07:29:12 cirros kern.info kernel: [    5.144653] kjournald starting.  Commit interval 5 seconds
Dec  9 07:29:12 cirros kern.info kernel: [    5.151242] EXT3-fs (vda): mounted filesystem with ordered data mode
Dec  9 07:29:12 cirros kern.debug kernel: [    5.429869] ISO 9660 Extensions: Microsoft Joliet Level 3
Dec  9 07:29:12 cirros kern.debug kernel: [    5.501520] ISO 9660 Extensions: RRIP_1991A
Dec  9 07:29:12 cirros kern.info kernel: [    5.739749] kjournald starting.  Commit interval 5 seconds
Dec  9 07:29:12 cirros kern.info kernel: [    5.756587] EXT3-fs (vda): using internal journal
Dec  9 07:29:12 cirros kern.info kernel: [    5.757442] EXT3-fs (vda): mounted filesystem with ordered data mode
Dec  9 07:29:12 cirros kern.info kernel: [    9.109273] EXT3-fs (vda): using internal journal
Dec  9 07:29:14 cirros kern.debug kernel: [   12.355317] ISO 9660 Extensions: Microsoft Joliet Level 3
Dec  9 07:29:14 cirros kern.debug kernel: [   12.450970] ISO 9660 Extensions: RRIP_1991A
Dec  9 07:29:17 cirros auth.notice su: + /dev/console root:cirros
Dec  9 07:29:28 cirros kern.debug kernel: [   26.618866] eth0: no IPv6 routers present
Dec  9 07:32:22 cirros authpriv.info dropbear[283]: Running in background
############ debug end   ##############
  ____               ____  ____
 / __/ __ ____ ____ / __ \/ __/
/ /__ / // __// __// /_/ /\ \ 
\___//_//_/  /_/   \____/___/ 
   http://cirros-cloud.net


login as 'cirros' user. default password: 'cubswin:)'. use 'sudo' for root.
tempest login: 
2015-12-09 07:32:32,235 24456 INFO     [tempest_lib.common.rest_client] Request (TestGettingAddress:_run_cleanups): 204 DELETE http://10.0.2.15:9696/v2.0/floatingips/95b5716c-68c0-4e89-9718-9c09892cf1b0 0.281s
2015-12-09 07:32:32,236 24456 DEBUG    [tempest_lib.common.rest_client] Request - Headers: {'Content-Type': 'application/json', 'Accept': 'application/json', 'X-Auth-Token': '&lt;omitted&gt;'}
        Body: None
    Response - Headers: {'date': 'Wed, 09 Dec 2015 07:32:32 GMT', 'status': '204', 'connection': 'close', 'content-length': '0', 'x-openstack-request-id': 'req-73666b62-fdff-4202-86ff-d284fdbc7407'}
        Body: 
2015-12-09 07:32:32,461 24456 INFO     [tempest_lib.common.rest_client] Request (TestGettingAddress:_run_cleanups): 204 DELETE http://10.0.2.15:8774/v2.1/b379ca974b734bf29ea5fae318ecf1b2/servers/07afc58d-f118-4686-a2dd-f167e83bc65b 0.225s
2015-12-09 07:32:32,462 24456 DEBUG    [tempest_lib.common.rest_client] Request - Headers: {'Content-Type': 'application/json', 'Accept': 'application/json', 'X-Auth-Token': '&lt;omitted&gt;'}
        Body: None
    Response - Headers: {'status': '204', 'content-length': '0', 'x-compute-request-id': 'req-b5cb3697-032f-4773-b375-39c12bc12e22', 'vary': 'X-OpenStack-Nova-API-Version', 'connection': 'close', 'x-openstack-nova-api-version': '2.1', 'date': 'Wed, 09 Dec 2015 07:32:32 GMT', 'content-type': 'application/json'}
        Body: 
2015-12-09 07:32:32,675 24456 INFO     [tempest_lib.common.rest_client] Request (TestGettingAddress:_run_cleanups): 200 GET http://10.0.2.15:8774/v2.1/b379ca974b734bf29ea5fae318ecf1b2/servers/07afc58d-f118-4686-a2dd-f167e83bc65b 0.212s
2015-12-09 07:32:32,676 24456 DEBUG    [tempest_lib.common.rest_client] Request - Headers: {'Content-Type': 'application/json', 'Accept': 'application/json', 'X-Auth-Token': '&lt;omitted&gt;'}
        Body: None
    Response - Headers: {'status': '200', 'content-length': '1903', 'content-location': 'http://10.0.2.15:8774/v2.1/b379ca974b734bf29ea5fae318ecf1b2/servers/07afc58d-f118-4686-a2dd-f167e83bc65b', 'x-compute-request-id': 'req-0679ad91-6ef9-45e1-9ded-3f3be75a6c84', 'vary': 'X-OpenStack-Nova-API-Version', 'connection': 'close', 'x-openstack-nova-api-version': '2.1', 'date': 'Wed, 09 Dec 2015 07:32:32 GMT', 'content-type': 'application/json'}
        Body: {"server": {"status": "ACTIVE", "updated": "2015-12-09T07:32:32Z", "hostId": "dbacd4a5ce24d7509fbd24232f9632ad004a9f026494e35d9056d04f", "addresses": {"tempest-network-smoke--1582215489": [{"OS-EXT-IPS-MAC:mac_addr": "fa:16:3e:50:b2:cb", "version": 6, "addr": "2003::f816:3eff:fe50:b2cb", "OS-EXT-IPS:type": "fixed"}, {"OS-EXT-IPS-MAC:mac_addr": "fa:16:3e:50:b2:cb", "version": 4, "addr": "10.100.0.3", "OS-EXT-IPS:type": "fixed"}, {"OS-EXT-IPS-MAC:mac_addr": "fa:16:3e:50:b2:cb", "version": 4, "addr": "172.24.4.4", "OS-EXT-IPS:type": "floating"}]}, "links": [{"href": "http://10.0.2.15:8774/v2.1/b379ca974b734bf29ea5fae318ecf1b2/servers/07afc58d-f118-4686-a2dd-f167e83bc65b", "rel": "self"}, {"href": "http://10.0.2.15:8774/b379ca974b734bf29ea5fae318ecf1b2/servers/07afc58d-f118-4686-a2dd-f167e83bc65b", "rel": "bookmark"}], "key_name": "tempest-TestGettingAddress-1231823353", "image": {"id": "dc87375e-7952-462d-8839-49cc9eb3eddc", "links": [{"href": "http://10.0.2.15:8774/b379ca974b734bf29ea5fae318ecf1b2/images/dc87375e-7952-462d-8839-49cc9eb3eddc", "rel": "bookmark"}]}, "OS-EXT-STS:task_state": "deleting", "OS-EXT-STS:vm_state": "active", "OS-SRV-USG:launched_at": "2015-12-09T07:28:58.000000", "flavor": {"id": "42", "links": [{"href": "http://10.0.2.15:8774/b379ca974b734bf29ea5fae318ecf1b2/flavors/42", "rel": "bookmark"}]}, "id": "07afc58d-f118-4686-a2dd-f167e83bc65b", "security_groups": [{"name": "tempest-secgroup-smoke-1165798615"}], "OS-SRV-USG:terminated_at": null, "OS-EXT-AZ:availability_zone": "nova", "user_id": "f35474f4632b484cb73633ca7c3f1406", "name": "tempest.common.compute-instance-26620989", "created": "2015-12-09T07:28:54Z", "tenant_id": "b379ca974b734bf29ea5fae318ecf1b2", "OS-DCF:diskConfig": "MANUAL", "os-extended-volumes:volumes_attached": [], "accessIPv4": "", "accessIPv6": "", "progress": 0, "OS-EXT-STS:power_state": 1, "config_drive": "True", "metadata": {}}}
2015-12-09 07:32:33,875 24456 INFO     [tempest_lib.common.rest_client] Request (TestGettingAddress:_run_cleanups): 200 GET http://10.0.2.15:8774/v2.1/b379ca974b734bf29ea5fae318ecf1b2/servers/07afc58d-f118-4686-a2dd-f167e83bc65b 0.181s
2015-12-09 07:32:33,875 24456 DEBUG    [tempest_lib.common.rest_client] Request - Headers: {'Content-Type': 'application/json', 'Accept': 'application/json', 'X-Auth-Token': '&lt;omitted&gt;'}
        Body: None
    Response - Headers: {'status': '200', 'content-length': '1835', 'content-location': 'http://10.0.2.15:8774/v2.1/b379ca974b734bf29ea5fae318ecf1b2/servers/07afc58d-f118-4686-a2dd-f167e83bc65b', 'x-compute-request-id': 'req-d620ff1d-d5d7-4dab-bc8c-3c9a75f91219', 'vary': 'X-OpenStack-Nova-API-Version', 'connection': 'close', 'x-openstack-nova-api-version': '2.1', 'date': 'Wed, 09 Dec 2015 07:32:33 GMT', 'content-type': 'application/json'}
        Body: {"server": {"status": "ACTIVE", "updated": "2015-12-09T07:32:33Z", "hostId": "dbacd4a5ce24d7509fbd24232f9632ad004a9f026494e35d9056d04f", "addresses": {"tempest-network-smoke--1582215489": [{"OS-EXT-IPS-MAC:mac_addr": "fa:16:3e:50:b2:cb", "version": 6, "addr": "2003::f816:3eff:fe50:b2cb", "OS-EXT-IPS:type": "fixed"}, {"OS-EXT-IPS-MAC:mac_addr": "fa:16:3e:50:b2:cb", "version": 4, "addr": "10.100.0.3", "OS-EXT-IPS:type": "fixed"}, {"OS-EXT-IPS-MAC:mac_addr": "fa:16:3e:50:b2:cb", "version": 4, "addr": "172.24.4.4", "OS-EXT-IPS:type": "floating"}]}, "links": [{"href": "http://10.0.2.15:8774/v2.1/b379ca974b734bf29ea5fae318ecf1b2/servers/07afc58d-f118-4686-a2dd-f167e83bc65b", "rel": "self"}, {"href": "http://10.0.2.15:8774/b379ca974b734bf29ea5fae318ecf1b2/servers/07afc58d-f118-4686-a2dd-f167e83bc65b", "rel": "bookmark"}], "key_name": "tempest-TestGettingAddress-1231823353", "image": {"id": "dc87375e-7952-462d-8839-49cc9eb3eddc", "links": [{"href": "http://10.0.2.15:8774/b379ca974b734bf29ea5fae318ecf1b2/images/dc87375e-7952-462d-8839-49cc9eb3eddc", "rel": "bookmark"}]}, "OS-EXT-STS:task_state": "deleting", "OS-EXT-STS:vm_state": "active", "OS-SRV-USG:launched_at": "2015-12-09T07:28:58.000000", "flavor": {"id": "42", "links": [{"href": "http://10.0.2.15:8774/b379ca974b734bf29ea5fae318ecf1b2/flavors/42", "rel": "bookmark"}]}, "id": "07afc58d-f118-4686-a2dd-f167e83bc65b", "OS-SRV-USG:terminated_at": null, "OS-EXT-AZ:availability_zone": "nova", "user_id": "f35474f4632b484cb73633ca7c3f1406", "name": "tempest.common.compute-instance-26620989", "created": "2015-12-09T07:28:54Z", "tenant_id": "b379ca974b734bf29ea5fae318ecf1b2", "OS-DCF:diskConfig": "MANUAL", "os-extended-volumes:volumes_attached": [], "accessIPv4": "", "accessIPv6": "", "progress": 0, "OS-EXT-STS:power_state": 1, "config_drive": "True", "metadata": {}}}
2015-12-09 07:32:34,973 24456 INFO     [tempest_lib.common.rest_client] Request (TestGettingAddress:_run_cleanups): 404 GET http://10.0.2.15:8774/v2.1/b379ca974b734bf29ea5fae318ecf1b2/servers/07afc58d-f118-4686-a2dd-f167e83bc65b 0.085s
2015-12-09 07:32:34,973 24456 DEBUG    [tempest_lib.common.rest_client] Request - Headers: {'Content-Type': 'application/json', 'Accept': 'application/json', 'X-Auth-Token': '&lt;omitted&gt;'}
        Body: None
    Response - Headers: {'status': '404', 'content-length': '111', 'x-compute-request-id': 'req-ab5d5c6d-bd20-4c49-bbd7-2ae618a00374', 'vary': 'X-OpenStack-Nova-API-Version', 'connection': 'close', 'x-openstack-nova-api-version': '2.1', 'date': 'Wed, 09 Dec 2015 07:32:34 GMT', 'content-type': 'application/json; charset=UTF-8'}
        Body: {"itemNotFound": {"message": "Instance 07afc58d-f118-4686-a2dd-f167e83bc65b could not be found.", "code": 404}}
2015-12-09 07:32:35,440 24456 INFO     [tempest_lib.common.rest_client] Request (TestGettingAddress:_run_cleanups): 200 PUT http://10.0.2.15:9696/v2.0/routers/e28acf0c-524f-4566-bd72-2604c2f00a8b/remove_router_interface 0.466s
2015-12-09 07:32:35,441 24456 DEBUG    [tempest_lib.common.rest_client] Request - Headers: {'Content-Type': 'application/json', 'Accept': 'application/json', 'X-Auth-Token': '&lt;omitted&gt;'}
        Body: {"subnet_id": "62e3e5bf-fd2f-4fd0-80a7-8c8afc7a9813"}
    Response - Headers: {'status': '200', 'content-length': '255', 'connection': 'close', 'date': 'Wed, 09 Dec 2015 07:32:35 GMT', 'content-type': 'application/json; charset=UTF-8', 'x-openstack-request-id': 'req-d63fe283-50cd-462b-a12c-b6c0a9ba0fe0'}
        Body: {"subnet_id": "62e3e5bf-fd2f-4fd0-80a7-8c8afc7a9813", "tenant_id": "b379ca974b734bf29ea5fae318ecf1b2", "subnet_ids": ["62e3e5bf-fd2f-4fd0-80a7-8c8afc7a9813"], "port_id": "48f2ccbf-d84f-437f-b37b-9b7ab0613f2c", "id": "e28acf0c-524f-4566-bd72-2604c2f00a8b"}
2015-12-09 07:32:36,134 24456 INFO     [tempest_lib.common.rest_client] Request (TestGettingAddress:_run_cleanups): 204 DELETE http://10.0.2.15:9696/v2.0/subnets/62e3e5bf-fd2f-4fd0-80a7-8c8afc7a9813 0.692s
2015-12-09 07:32:36,135 24456 DEBUG    [tempest_lib.common.rest_client] Request - Headers: {'Content-Type': 'application/json', 'Accept': 'application/json', 'X-Auth-Token': '&lt;omitted&gt;'}
        Body: None
    Response - Headers: {'date': 'Wed, 09 Dec 2015 07:32:36 GMT', 'status': '204', 'connection': 'close', 'content-length': '0', 'x-openstack-request-id': 'req-2392fd7d-4c85-4bad-9299-14c9c7de39f5'}
        Body: 
2015-12-09 07:32:36,170 24456 INFO     [tempest_lib.common.rest_client] Request (TestGettingAddress:_run_cleanups): 404 DELETE http://10.0.2.15:9696/v2.0/subnets/62e3e5bf-fd2f-4fd0-80a7-8c8afc7a9813 0.035s
2015-12-09 07:32:36,171 24456 DEBUG    [tempest_lib.common.rest_client] Request - Headers: {'Content-Type': 'application/json', 'Accept': 'application/json', 'X-Auth-Token': '&lt;omitted&gt;'}
        Body: None
    Response - Headers: {'status': '404', 'content-length': '136', 'connection': 'close', 'date': 'Wed, 09 Dec 2015 07:32:36 GMT', 'content-type': 'application/json; charset=UTF-8', 'x-openstack-request-id': 'req-1444e8c9-bf9a-43e5-a067-8f381f673938'}
        Body: {"NeutronError": {"message": "Subnet 62e3e5bf-fd2f-4fd0-80a7-8c8afc7a9813 could not be found.", "type": "SubnetNotFound", "detail": ""}}
