<?xml version="1.0" encoding="UTF-8"?>
<!DOCTYPE html PUBLIC "-//W3C//DTD XHTML 1.0 Strict//EN"
     "http://www.w3.org/TR/xhtml1/DTD/xhtml1-strict.dtd">
<html xmlns="http://www.w3.org/1999/xhtml">
<head>
    <title>Unit Test Report</title>
    <meta name="generator" content="subunit2html 0.1"/>
    <meta http-equiv="Content-Type" content="text/html; charset=UTF-8"/>
    
<style type="text/css" media="screen">
body        { font-family: verdana, arial, helvetica, sans-serif;
    font-size: 80%; }
table       { font-size: 100%; width: 100%;}
pre         { font-size: 80%; }

/* -- heading -------------------------------------------------------------- */
h1 {
        font-size: 16pt;
        color: gray;
}
.heading {
    margin-top: 0ex;
    margin-bottom: 1ex;
}

.heading .attribute {
    margin-top: 1ex;
    margin-bottom: 0;
}

.heading .description {
    margin-top: 4ex;
    margin-bottom: 6ex;
}

/* -- css div popup -------------------------------------------------------- */
a.popup_link {
}

a.popup_link:hover {
    color: red;
}

.popup_window {
    display: none;
    overflow-x: scroll;
    /*border: solid #627173 1px; */
    padding: 10px;
    background-color: #E6E6D6;
    font-family: "Ubuntu Mono", "Lucida Console", "Courier New", monospace;
    text-align: left;
    font-size: 8pt;
}

}
/* -- report --------------------------------------------------------------- */
#show_detail_line {
    margin-top: 3ex;
    margin-bottom: 1ex;
}
#result_table {
    width: 100%;
    border-collapse: collapse;
    border: 1px solid #777;
}
#header_row {
    font-weight: bold;
    color: white;
    background-color: #777;
}
#result_table td {
    border: 1px solid #777;
    padding: 2px;
}
#total_row  { font-weight: bold; }
.passClass  { background-color: #6c6; }
.failClass  { background-color: #c60; }
.errorClass { background-color: #c00; }
.passCase   { color: #6c6; }
.failCase   { color: #c60; font-weight: bold; }
.errorCase  { color: #c00; font-weight: bold; }
.hiddenRow  { display: none; }
.testcase   { margin-left: 2em; }
td.testname {width: 40%}
td.small {width: 40px}

/* -- ending --------------------------------------------------------------- */
#ending {
}

</style>

</head>
<body>
<script language="javascript" type="text/javascript"><!--
output_list = Array();

/* level - 0:Summary; 1:Failed; 2:All */
function showCase(level) {
    trs = document.getElementsByTagName("tr");
    for (var i = 0; i < trs.length; i++) {
        tr = trs[i];
        id = tr.id;
        if (id.substr(0,2) == 'ft') {
            if (level < 1) {
                tr.className = 'hiddenRow';
            }
            else {
                tr.className = '';
            }
        }
        if (id.substr(0,2) == 'pt') {
            if (level > 1) {
                tr.className = '';
            }
            else {
                tr.className = 'hiddenRow';
            }
        }
    }
}


function showClassDetail(cid, count) {
    var id_list = Array(count);
    var toHide = 1;
    for (var i = 0; i < count; i++) {
        tid0 = 't' + cid.substr(1) + '.' + (i+1);
        tid = 'f' + tid0;
        tr = document.getElementById(tid);
        if (!tr) {
            tid = 'p' + tid0;
            tr = document.getElementById(tid);
        }
        id_list[i] = tid;
        if (tr.className) {
            toHide = 0;
        }
    }
    for (var i = 0; i < count; i++) {
        tid = id_list[i];
        if (toHide) {
            document.getElementById('div_'+tid).style.display = 'none'
            document.getElementById(tid).className = 'hiddenRow';
        }
        else {
            document.getElementById(tid).className = '';
        }
    }
}


function showTestDetail(div_id){
    var details_div = document.getElementById(div_id)
    var displayState = details_div.style.display
    // alert(displayState)
    if (displayState != 'block' ) {
        displayState = 'block'
        details_div.style.display = 'block'
    }
    else {
        details_div.style.display = 'none'
    }
}


function html_escape(s) {
    s = s.replace(/&/g,'&amp;');
    s = s.replace(/</g,'&lt;');
    s = s.replace(/>/g,'&gt;');
    return s;
}

/* obsoleted by detail in <div>
function showOutput(id, name) {
    var w = window.open("", //url
                    name,
                    "resizable,scrollbars,status,width=800,height=450");
    d = w.document;
    d.write("<pre>");
    d.write(html_escape(output_list[id]));
    d.write("\n");
    d.write("<a href='javascript:window.close()'>close</a>\n");
    d.write("</pre>\n");
    d.close();
}
*/
--></script>

<div class='heading'>
<h1>Unit Test Report</h1>

<p class='attribute'><strong>Status:</strong> Failure 8</p>

<p class='description'></p>
</div>



<p id='show_detail_line'>Show
<a href='javascript:showCase(0)'>Summary</a>
<a href='javascript:showCase(1)'>Failed</a>
<a href='javascript:showCase(2)'>All</a>
</p>
<table id='result_table'>
<colgroup>
<col align='left' />
<col align='right' />
<col align='right' />
<col align='right' />
<col align='right' />
<col align='right' />
<col align='right' />
<col align='right' />
</colgroup>
<tr id='header_row'>
    <td>Test Group/Test case</td>
    <td>Count</td>
    <td>Pass</td>
    <td>Fail</td>
    <td>Error</td>
    <td>Skip</td>
    <td>View</td>
    <td> </td>
</tr>

<tr class='failClass'>
    <td class="testname">tempest.scenario.test_network_v6.TestGettingAddress</td>
    <td class="small">8</td>
    <td class="small">0</td>
    <td class="small">8</td>
    <td class="small">0</td>
    <td class="small">0</td>
    <td class="small"><a href="javascript:showClassDetail('c1',8)"
>Detail</a></td>
    <td> </td>
</tr>

<tr id='ft1.1' class='none'>
    <td class='failCase'><div class='testcase'>test_dhcp6_stateless_from_os[compute,id-d7e1f858-187c-45a6-89c9-bdafde619a9f,network]</div></td>
    <td colspan='7' align='left'>

    <!--css div popup start-->
    <a class="popup_link" onfocus='this.blur();'
    href="javascript:showTestDetail('div_ft1.1')" >
        fail</a>

    <div id='div_ft1.1' class="popup_window">
        <div style='text-align: right; color:red;cursor:pointer'>
        <a onfocus='this.blur();'
onclick="document.getElementById('div_ft1.1').style.display = 'none' " >
           [x]</a>
        </div>
        <pre>
        
ft1.1: tempest.scenario.test_network_v6.TestGettingAddress.test_dhcp6_stateless_from_os[compute,id-d7e1f858-187c-45a6-89c9-bdafde619a9f,network]_StringException: Empty attachments:
  stderr
  stdout

pythonlogging:'': {{{
2016-01-07 18:14:15,123 4665 INFO     [tempest_lib.common.rest_client] Request (TestGettingAddress:setUp): 200 POST http://10.0.2.15:8774/v2.1/73563529b26a4de2b845e31d320a0a6b/os-keypairs 0.324s
2016-01-07 18:14:15,123 4665 DEBUG    [tempest_lib.common.rest_client] Request - Headers: {'Content-Type': 'application/json', 'Accept': 'application/json', 'X-Auth-Token': '&lt;omitted&gt;'}
        Body: {"keypair": {"name": "tempest-TestGettingAddress-135356328"}}
    Response - Headers: {'status': '200', 'content-length': '2319', 'x-compute-request-id': 'req-1907775c-d1aa-4caf-ae4e-ff4852286d41', 'vary': 'X-OpenStack-Nova-API-Version', 'connection': 'close', 'x-openstack-nova-api-version': '2.1', 'date': 'Thu, 07 Jan 2016 18:14:15 GMT', 'content-type': 'application/json'}
        Body: {"keypair": {"public_key": "ssh-rsa AAAAB3NzaC1yc2EAAAADAQABAAABAQCcF38AK6VtBOoQ9K7w93STgPbS7kD4u1t+M7IWMR3nGK5YN1yF0yMYSQntBe5vrIDV8qwwtdbBIqjoFXuL7kJC8+b+uF1BiTw5d71w54tk0dR9MltY8jc+ruZQMiDM3wSI3QdQv1O99HmnyO/kDTaGqHfCz7ZcZLDD85Sa20/GACU0nYp2FrTJoY+VaCEBz7yFBTv/VcJTrzYCto+BTwypsbv7bKT38inYS8MOrnoPEJkKIDCMxGhVuC6SDN1VkwQplsLp8ZQdgRjSEa3X0rkZ18WanKPNFJPdDyf5rZkHgVNoP4/s9nIEt8Rbo3P+sopj6OHeCp19Jxr7B0LKC3FB Generated-by-Nova", "private_key": "-----BEGIN RSA PRIVATE KEY-----\nMIIEqAIBAAKCAQEAnBd/ACulbQTqEPSu8Pd0k4D20u5A+LtbfjOyFjEd5xiuWDdc\nhdMjGEkJ7QXub6yA1fKsMLXWwSKo6BV7i+5CQvPm/rhdQYk8OXe9cOeLZNHUfTJb\nWPI3Pq7mUDIgzN8EiN0HUL9TvfR5p8jv5A02hqh3ws+2XGSww/OUmttPxgAlNJ2K\ndha0yaGPlWghAc+8hQU7/1XCU682AraPgU8MqbG7+2yk9/Ip2EvDDq56DxCZCiAw\njMRoVbgukgzdVZMEKZbC6fGUHYEY0hGt19K5GdfFmpyjzRST3Q8n+a2ZB4FTaD+P\n7PZyBLfEW6Nz/rKKY+jh3gqdfSca+wdCygtxQQIDAQABAoIBAB7/j4oiINUYr780\nSHW0PuN4LgxPonmDA7V5YLmFgZG+VglQ3T/6YTLWdnEqx2JIGMHkUovN4Ns0HeUR\nNxrf8yrGsy4MwQBd16b1/5oncYhRH2jJkliEqbH6G+T7P4ZQF99yPZyskl3b6jkG\n75UThquRU09N3sJUgMI5Yl6qhRol58vireGlYTKTwo0sSUTnVceJ/nfEZMRgLvpm\naGEY69rk2U4bgePl8J+hcOr0OnIJnixjfL9NMt9xwdi0dirUV89uK4gcYjpNDSaL\nKtJhwXSVFYximT03Hg36wRRxwQSek4nYHd5rD7kT1dIQraxIRI5qOyJ1CeZu05sV\nQLepjlECggCBAMEe9Aoao7oFODeT0PomckZ0+5jN602gtigG4DnARS0k5k6IaoFE\nUBraK5qoYocAQg6wW5EI9hvHZ/OaKeXVj7FHYggZ/oRJYYoajxavRbIfaQwqxKjQ\nQDGMke+lMOArmmly9LJC5mJSGGgIbfEBdqXIOMd1udgh3u7+oVRnboPFAoIAgQDO\n6hWmRho7vJ+H8T+I3ekF988j0TvyRkKIiJrl0vOgspdguU+tV3buuSmlvwsIKHly\nDv2pjO8BlRZHJ4U0Swhdw+9RAQHTuXcoNO/eHZVj2fyZRJFQnPPyzjOOYXPmqYQ1\nbBWCA1gv398Nh9C/2QX7VTI5+7xgWAWrCKKsxOCDTQKCAIA6J28Hh+QbxSybl9iL\nK36n9tw4tHGSC74uqXtmCJ8MLBtqNKwVxxN0MpSE2wXob0x1DehU8WTjEpYcBiVt\nv3Soxr0fgWxiO5KyurKx+w+6xrikYFCeIS/je9gKWS0xpA+4h1RmRb0IiH4u/bLV\nq0ImQ/fNIIdZLUHrqCO+vfLKnQKCAIEAyrfsngrwiLY0Viu145IGSyKOfrjv0l2j\nscCkgaY7qqVOSiVEOsAGdbxTYV/anxOIaIbnXsYFI7e9K9k8WA9rEvJz9RjXgWej\npnC20RaK1lkrcb4L4L7lAm2jdUtlEgfiz7QlHkvIip77GXaGvm8RvTurCcPouzuB\n0h+TwVDh5cECggCAe5rMAnVmv4f3SHTIsos3ju8bJvJQLa+jdtP2VsEOYBiXrEXO\nGwMQeJ1MypEs1xRLUMcOEm7XGeh6oouJDmbWYyw1zjQQ6gbbVF/OSPg51wKlGH2U\nWhw9QzKJM7zMtJKg/A3mcUS8+5RvPJ8+hQky/B8ahdmmkpVhMggPFd6jw8E=\n-----END RSA PRIVATE KEY-----\n", "user_id": "1cc3cc09a39444709b0cd4e90bd16cf4", "name": "tempest-TestGettingAddress-135356328", "fingerprint": "00:b4:76:63:8a:b3:15:5f:f2:92:02:c1:31:5f:01:ca"}}
2016-01-07 18:14:15,490 4665 INFO     [tempest_lib.common.rest_client] Request (TestGettingAddress:setUp): 201 POST http://10.0.2.15:9696/v2.0/security-groups 0.362s
2016-01-07 18:14:15,491 4665 DEBUG    [tempest_lib.common.rest_client] Request - Headers: {'Content-Type': 'application/json', 'Accept': 'application/json', 'X-Auth-Token': '&lt;omitted&gt;'}
        Body: {"security_group": {"tenant_id": "73563529b26a4de2b845e31d320a0a6b", "description": "tempest-secgroup-smoke-480377255 description", "name": "tempest-secgroup-smoke-480377255"}}
    Response - Headers: {'status': '201', 'content-length': '886', 'connection': 'close', 'date': 'Thu, 07 Jan 2016 18:14:15 GMT', 'content-type': 'application/json; charset=UTF-8', 'x-openstack-request-id': 'req-df6af658-e34e-4445-a4f7-50ab0e6a80ce'}
        Body: {"security_group": {"tenant_id": "73563529b26a4de2b845e31d320a0a6b", "description": "tempest-secgroup-smoke-480377255 description", "id": "eb8e0e9d-a465-48b1-98af-da06f5fa7512", "security_group_rules": [{"remote_group_id": null, "direction": "egress", "remote_ip_prefix": null, "protocol": null, "ethertype": "IPv4", "tenant_id": "73563529b26a4de2b845e31d320a0a6b", "port_range_max": null, "port_range_min": null, "id": "c1e5144f-75fc-4406-b352-e14b5b948a2a", "security_group_id": "eb8e0e9d-a465-48b1-98af-da06f5fa7512"}, {"remote_group_id": null, "direction": "egress", "remote_ip_prefix": null, "protocol": null, "ethertype": "IPv6", "tenant_id": "73563529b26a4de2b845e31d320a0a6b", "port_range_max": null, "port_range_min": null, "id": "a14da6ab-bb64-47d3-9677-421398c8fc46", "security_group_id": "eb8e0e9d-a465-48b1-98af-da06f5fa7512"}], "name": "tempest-secgroup-smoke-480377255"}}
2016-01-07 18:14:15,610 4665 INFO     [tempest_lib.common.rest_client] Request (TestGettingAddress:setUp): 201 POST http://10.0.2.15:9696/v2.0/security-group-rules 0.118s
2016-01-07 18:14:15,611 4665 DEBUG    [tempest_lib.common.rest_client] Request - Headers: {'Content-Type': 'application/json', 'Accept': 'application/json', 'X-Auth-Token': '&lt;omitted&gt;'}
        Body: {"security_group_rule": {"direction": "ingress", "protocol": "tcp", "tenant_id": "73563529b26a4de2b845e31d320a0a6b", "port_range_max": 22, "security_group_id": "eb8e0e9d-a465-48b1-98af-da06f5fa7512", "port_range_min": 22}}
    Response - Headers: {'status': '201', 'content-length': '340', 'connection': 'close', 'date': 'Thu, 07 Jan 2016 18:14:15 GMT', 'content-type': 'application/json; charset=UTF-8', 'x-openstack-request-id': 'req-907ff7b1-4d48-45bd-a157-e20bb3594a6e'}
        Body: {"security_group_rule": {"remote_group_id": null, "direction": "ingress", "remote_ip_prefix": null, "protocol": "tcp", "ethertype": "IPv4", "tenant_id": "73563529b26a4de2b845e31d320a0a6b", "port_range_max": 22, "port_range_min": 22, "id": "e14daa0f-fe0d-4b8d-9984-3e00144c980c", "security_group_id": "eb8e0e9d-a465-48b1-98af-da06f5fa7512"}}
2016-01-07 18:14:15,737 4665 INFO     [tempest_lib.common.rest_client] Request (TestGettingAddress:setUp): 201 POST http://10.0.2.15:9696/v2.0/security-group-rules 0.125s
2016-01-07 18:14:15,738 4665 DEBUG    [tempest_lib.common.rest_client] Request - Headers: {'Content-Type': 'application/json', 'Accept': 'application/json', 'X-Auth-Token': '&lt;omitted&gt;'}
        Body: {"security_group_rule": {"direction": "egress", "protocol": "tcp", "tenant_id": "73563529b26a4de2b845e31d320a0a6b", "port_range_max": 22, "security_group_id": "eb8e0e9d-a465-48b1-98af-da06f5fa7512", "port_range_min": 22}}
    Response - Headers: {'status': '201', 'content-length': '339', 'connection': 'close', 'date': 'Thu, 07 Jan 2016 18:14:15 GMT', 'content-type': 'application/json; charset=UTF-8', 'x-openstack-request-id': 'req-6ba780ef-8f6a-419e-859a-3a66ebf25da4'}
        Body: {"security_group_rule": {"remote_group_id": null, "direction": "egress", "remote_ip_prefix": null, "protocol": "tcp", "ethertype": "IPv4", "tenant_id": "73563529b26a4de2b845e31d320a0a6b", "port_range_max": 22, "port_range_min": 22, "id": "3c0d93ac-9748-4493-9154-28b32241a750", "security_group_id": "eb8e0e9d-a465-48b1-98af-da06f5fa7512"}}
2016-01-07 18:14:15,861 4665 INFO     [tempest_lib.common.rest_client] Request (TestGettingAddress:setUp): 201 POST http://10.0.2.15:9696/v2.0/security-group-rules 0.120s
2016-01-07 18:14:15,862 4665 DEBUG    [tempest_lib.common.rest_client] Request - Headers: {'Content-Type': 'application/json', 'Accept': 'application/json', 'X-Auth-Token': '&lt;omitted&gt;'}
        Body: {"security_group_rule": {"tenant_id": "73563529b26a4de2b845e31d320a0a6b", "direction": "ingress", "protocol": "icmp", "security_group_id": "eb8e0e9d-a465-48b1-98af-da06f5fa7512"}}
    Response - Headers: {'status': '201', 'content-length': '345', 'connection': 'close', 'date': 'Thu, 07 Jan 2016 18:14:15 GMT', 'content-type': 'application/json; charset=UTF-8', 'x-openstack-request-id': 'req-2affe3d9-e56a-4abd-8420-129af08333d2'}
        Body: {"security_group_rule": {"remote_group_id": null, "direction": "ingress", "remote_ip_prefix": null, "protocol": "icmp", "ethertype": "IPv4", "tenant_id": "73563529b26a4de2b845e31d320a0a6b", "port_range_max": null, "port_range_min": null, "id": "f1adff15-2ab5-466d-8c53-40793c62203a", "security_group_id": "eb8e0e9d-a465-48b1-98af-da06f5fa7512"}}
2016-01-07 18:14:16,156 4665 INFO     [tempest_lib.common.rest_client] Request (TestGettingAddress:setUp): 201 POST http://10.0.2.15:9696/v2.0/security-group-rules 0.293s
2016-01-07 18:14:16,156 4665 DEBUG    [tempest_lib.common.rest_client] Request - Headers: {'Content-Type': 'application/json', 'Accept': 'application/json', 'X-Auth-Token': '&lt;omitted&gt;'}
        Body: {"security_group_rule": {"tenant_id": "73563529b26a4de2b845e31d320a0a6b", "direction": "egress", "protocol": "icmp", "security_group_id": "eb8e0e9d-a465-48b1-98af-da06f5fa7512"}}
    Response - Headers: {'status': '201', 'content-length': '344', 'connection': 'close', 'date': 'Thu, 07 Jan 2016 18:14:16 GMT', 'content-type': 'application/json; charset=UTF-8', 'x-openstack-request-id': 'req-d71598db-bc1c-4002-b886-28955a841398'}
        Body: {"security_group_rule": {"remote_group_id": null, "direction": "egress", "remote_ip_prefix": null, "protocol": "icmp", "ethertype": "IPv4", "tenant_id": "73563529b26a4de2b845e31d320a0a6b", "port_range_max": null, "port_range_min": null, "id": "bb3136e0-b495-417b-b4bf-5de709cd34bc", "security_group_id": "eb8e0e9d-a465-48b1-98af-da06f5fa7512"}}
2016-01-07 18:14:16,280 4665 INFO     [tempest_lib.common.rest_client] Request (TestGettingAddress:setUp): 201 POST http://10.0.2.15:9696/v2.0/security-group-rules 0.121s
2016-01-07 18:14:16,281 4665 DEBUG    [tempest_lib.common.rest_client] Request - Headers: {'Content-Type': 'application/json', 'Accept': 'application/json', 'X-Auth-Token': '&lt;omitted&gt;'}
        Body: {"security_group_rule": {"tenant_id": "73563529b26a4de2b845e31d320a0a6b", "direction": "ingress", "security_group_id": "eb8e0e9d-a465-48b1-98af-da06f5fa7512", "protocol": "icmp", "ethertype": "IPv6"}}
    Response - Headers: {'status': '201', 'content-length': '345', 'connection': 'close', 'date': 'Thu, 07 Jan 2016 18:14:16 GMT', 'content-type': 'application/json; charset=UTF-8', 'x-openstack-request-id': 'req-7ac46fae-2eaa-48ea-9980-62b4341efe38'}
        Body: {"security_group_rule": {"remote_group_id": null, "direction": "ingress", "remote_ip_prefix": null, "protocol": "icmp", "ethertype": "IPv6", "tenant_id": "73563529b26a4de2b845e31d320a0a6b", "port_range_max": null, "port_range_min": null, "id": "1b4a9d83-23af-409b-a92a-b808dcee01dc", "security_group_id": "eb8e0e9d-a465-48b1-98af-da06f5fa7512"}}
2016-01-07 18:14:16,403 4665 INFO     [tempest_lib.common.rest_client] Request (TestGettingAddress:setUp): 201 POST http://10.0.2.15:9696/v2.0/security-group-rules 0.119s
2016-01-07 18:14:16,403 4665 DEBUG    [tempest_lib.common.rest_client] Request - Headers: {'Content-Type': 'application/json', 'Accept': 'application/json', 'X-Auth-Token': '&lt;omitted&gt;'}
        Body: {"security_group_rule": {"tenant_id": "73563529b26a4de2b845e31d320a0a6b", "direction": "egress", "security_group_id": "eb8e0e9d-a465-48b1-98af-da06f5fa7512", "protocol": "icmp", "ethertype": "IPv6"}}
    Response - Headers: {'status': '201', 'content-length': '344', 'connection': 'close', 'date': 'Thu, 07 Jan 2016 18:14:16 GMT', 'content-type': 'application/json; charset=UTF-8', 'x-openstack-request-id': 'req-6bb94380-4e03-4b46-a91b-21f279c9e537'}
        Body: {"security_group_rule": {"remote_group_id": null, "direction": "egress", "remote_ip_prefix": null, "protocol": "icmp", "ethertype": "IPv6", "tenant_id": "73563529b26a4de2b845e31d320a0a6b", "port_range_max": null, "port_range_min": null, "id": "797f9347-29b1-478a-b572-5ce871bd8f55", "security_group_id": "eb8e0e9d-a465-48b1-98af-da06f5fa7512"}}
2016-01-07 18:14:16,584 4665 INFO     [tempest_lib.common.rest_client] Request (TestGettingAddress:test_dhcp6_stateless_from_os): 201 POST http://10.0.2.15:9696/v2.0/networks 0.179s
2016-01-07 18:14:16,585 4665 DEBUG    [tempest_lib.common.rest_client] Request - Headers: {'Content-Type': 'application/json', 'Accept': 'application/json', 'X-Auth-Token': '&lt;omitted&gt;'}
        Body: {"network": {"tenant_id": "73563529b26a4de2b845e31d320a0a6b", "name": "tempest-network-smoke--1742890478"}}
    Response - Headers: {'status': '201', 'content-length': '327', 'connection': 'close', 'date': 'Thu, 07 Jan 2016 18:14:16 GMT', 'content-type': 'application/json; charset=UTF-8', 'x-openstack-request-id': 'req-9003f8df-6d6d-40c0-b540-5068e4e99d15'}
        Body: {"network": {"status": "ACTIVE", "subnets": [], "availability_zone_hints": [], "name": "tempest-network-smoke--1742890478", "admin_state_up": true, "tenant_id": "73563529b26a4de2b845e31d320a0a6b", "mtu": 0, "router:external": false, "shared": false, "port_security_enabled": true, "id": "fbaf2251-510c-40d1-ae97-f665c457150b"}}
2016-01-07 18:14:16,772 4665 INFO     [tempest_lib.common.rest_client] Request (TestGettingAddress:test_dhcp6_stateless_from_os): 200 GET http://10.0.2.15:9696/v2.0/subnets?tenant_id=73563529b26a4de2b845e31d320a0a6b&amp;cidr=10.100.0.0%2F28 0.185s
2016-01-07 18:14:16,773 4665 DEBUG    [tempest_lib.common.rest_client] Request - Headers: {'Content-Type': 'application/json', 'Accept': 'application/json', 'X-Auth-Token': '&lt;omitted&gt;'}
        Body: None
    Response - Headers: {'status': '200', 'content-length': '15', 'content-location': 'http://10.0.2.15:9696/v2.0/subnets?tenant_id=73563529b26a4de2b845e31d320a0a6b&amp;cidr=10.100.0.0%2F28', 'connection': 'close', 'date': 'Thu, 07 Jan 2016 18:14:16 GMT', 'content-type': 'application/json; charset=UTF-8', 'x-openstack-request-id': 'req-b94af672-9745-404a-805b-243b7169964c'}
        Body: {"subnets": []}
2016-01-07 18:14:17,246 4665 INFO     [tempest_lib.common.rest_client] Request (TestGettingAddress:test_dhcp6_stateless_from_os): 201 POST http://10.0.2.15:9696/v2.0/subnets 0.472s
2016-01-07 18:14:17,247 4665 DEBUG    [tempest_lib.common.rest_client] Request - Headers: {'Content-Type': 'application/json', 'Accept': 'application/json', 'X-Auth-Token': '&lt;omitted&gt;'}
        Body: {"subnet": {"ip_version": 4, "tenant_id": "73563529b26a4de2b845e31d320a0a6b", "cidr": "10.100.0.0/28", "network_id": "fbaf2251-510c-40d1-ae97-f665c457150b", "name": "tempest-sub4-1855678403"}}
    Response - Headers: {'status': '201', 'content-length': '470', 'connection': 'close', 'date': 'Thu, 07 Jan 2016 18:14:17 GMT', 'content-type': 'application/json; charset=UTF-8', 'x-openstack-request-id': 'req-9cf3bc17-458a-4d2d-a597-a59edc4413e4'}
        Body: {"subnet": {"name": "tempest-sub4-1855678403", "enable_dhcp": true, "network_id": "fbaf2251-510c-40d1-ae97-f665c457150b", "tenant_id": "73563529b26a4de2b845e31d320a0a6b", "dns_nameservers": [], "gateway_ip": "10.100.0.1", "ipv6_ra_mode": null, "allocation_pools": [{"start": "10.100.0.2", "end": "10.100.0.14"}], "host_routes": [], "ip_version": 4, "ipv6_address_mode": null, "cidr": "10.100.0.0/28", "id": "7cdba210-0919-4443-bef8-102c60c70f0d", "subnetpool_id": null}}
2016-01-07 18:14:17,317 4665 INFO     [tempest_lib.common.rest_client] Request (TestGettingAddress:test_dhcp6_stateless_from_os): 201 POST http://10.0.2.15:9696/v2.0/routers 0.069s
2016-01-07 18:14:17,317 4665 DEBUG    [tempest_lib.common.rest_client] Request - Headers: {'Content-Type': 'application/json', 'Accept': 'application/json', 'X-Auth-Token': '&lt;omitted&gt;'}
        Body: {"router": {"tenant_id": "73563529b26a4de2b845e31d320a0a6b", "name": "tempest-router-smoke-574535175", "admin_state_up": true}}
    Response - Headers: {'status': '201', 'content-length': '295', 'connection': 'close', 'date': 'Thu, 07 Jan 2016 18:14:17 GMT', 'content-type': 'application/json; charset=UTF-8', 'x-openstack-request-id': 'req-8b98275d-7c00-4cae-a6f6-bdcded5f6308'}
        Body: {"router": {"status": "ACTIVE", "external_gateway_info": null, "availability_zone_hints": [], "availability_zones": [], "name": "tempest-router-smoke-574535175", "admin_state_up": true, "tenant_id": "73563529b26a4de2b845e31d320a0a6b", "routes": [], "id": "26fa1d7d-d57b-4a0a-886c-336982748c76"}}
2016-01-07 18:14:17,377 4665 INFO     [tempest_lib.common.rest_client] Request (TestGettingAddress:test_dhcp6_stateless_from_os): 200 GET http://10.0.2.15:9696/v2.0/routers/26fa1d7d-d57b-4a0a-886c-336982748c76 0.059s
2016-01-07 18:14:17,378 4665 DEBUG    [tempest_lib.common.rest_client] Request - Headers: {'Content-Type': 'application/json', 'Accept': 'application/json', 'X-Auth-Token': '&lt;omitted&gt;'}
        Body: None
    Response - Headers: {'status': '200', 'content-length': '295', 'content-location': 'http://10.0.2.15:9696/v2.0/routers/26fa1d7d-d57b-4a0a-886c-336982748c76', 'connection': 'close', 'date': 'Thu, 07 Jan 2016 18:14:17 GMT', 'content-type': 'application/json; charset=UTF-8', 'x-openstack-request-id': 'req-9c707b77-225b-4d84-ba59-42096ad0493b'}
        Body: {"router": {"status": "ACTIVE", "external_gateway_info": null, "availability_zone_hints": [], "availability_zones": [], "name": "tempest-router-smoke-574535175", "admin_state_up": true, "tenant_id": "73563529b26a4de2b845e31d320a0a6b", "routes": [], "id": "26fa1d7d-d57b-4a0a-886c-336982748c76"}}
2016-01-07 18:14:18,154 4665 INFO     [tempest_lib.common.rest_client] Request (TestGettingAddress:test_dhcp6_stateless_from_os): 200 PUT http://10.0.2.15:9696/v2.0/routers/26fa1d7d-d57b-4a0a-886c-336982748c76 0.776s
2016-01-07 18:14:18,155 4665 DEBUG    [tempest_lib.common.rest_client] Request - Headers: {'Content-Type': 'application/json', 'Accept': 'application/json', 'X-Auth-Token': '&lt;omitted&gt;'}
        Body: {"router": {"external_gateway_info": {"network_id": "9316064d-c223-403a-a4a1-11eac5deaf2c"}, "name": "tempest-router-smoke-574535175", "admin_state_up": true}}
    Response - Headers: {'status': '200', 'content-length': '557', 'connection': 'close', 'date': 'Thu, 07 Jan 2016 18:14:18 GMT', 'content-type': 'application/json; charset=UTF-8', 'x-openstack-request-id': 'req-b0516a5e-b796-4f21-98f7-aaf7414f797d'}
        Body: {"router": {"status": "ACTIVE", "external_gateway_info": {"network_id": "9316064d-c223-403a-a4a1-11eac5deaf2c", "enable_snat": true, "external_fixed_ips": [{"subnet_id": "a34a6f3b-bbd6-4a4a-9f6a-ff9436d05189", "ip_address": "172.24.4.3"}, {"subnet_id": "44c8e2f0-a133-4429-bf31-08160fad44aa", "ip_address": "2001:db8::4"}]}, "availability_zone_hints": [], "availability_zones": [], "name": "tempest-router-smoke-574535175", "admin_state_up": true, "tenant_id": "73563529b26a4de2b845e31d320a0a6b", "routes": [], "id": "26fa1d7d-d57b-4a0a-886c-336982748c76"}}
2016-01-07 18:14:18,893 4665 INFO     [tempest_lib.common.rest_client] Request (TestGettingAddress:test_dhcp6_stateless_from_os): 200 PUT http://10.0.2.15:9696/v2.0/routers/26fa1d7d-d57b-4a0a-886c-336982748c76/add_router_interface 0.737s
2016-01-07 18:14:18,893 4665 DEBUG    [tempest_lib.common.rest_client] Request - Headers: {'Content-Type': 'application/json', 'Accept': 'application/json', 'X-Auth-Token': '&lt;omitted&gt;'}
        Body: {"subnet_id": "7cdba210-0919-4443-bef8-102c60c70f0d"}
    Response - Headers: {'status': '200', 'content-length': '255', 'connection': 'close', 'date': 'Thu, 07 Jan 2016 18:14:18 GMT', 'content-type': 'application/json; charset=UTF-8', 'x-openstack-request-id': 'req-13e4a68f-2d6b-431a-bb6a-ca1b669aeda7'}
        Body: {"subnet_id": "7cdba210-0919-4443-bef8-102c60c70f0d", "tenant_id": "73563529b26a4de2b845e31d320a0a6b", "subnet_ids": ["7cdba210-0919-4443-bef8-102c60c70f0d"], "port_id": "004a78d2-caa7-4d87-98da-38322e414a91", "id": "26fa1d7d-d57b-4a0a-886c-336982748c76"}
2016-01-07 18:14:18,939 4665 INFO     [tempest_lib.common.rest_client] Request (TestGettingAddress:test_dhcp6_stateless_from_os): 200 GET http://10.0.2.15:9696/v2.0/subnets?tenant_id=73563529b26a4de2b845e31d320a0a6b&amp;cidr=2003%3A%3A%2F64 0.044s
2016-01-07 18:14:18,939 4665 DEBUG    [tempest_lib.common.rest_client] Request - Headers: {'Content-Type': 'application/json', 'Accept': 'application/json', 'X-Auth-Token': '&lt;omitted&gt;'}
        Body: None
    Response - Headers: {'status': '200', 'content-length': '15', 'content-location': 'http://10.0.2.15:9696/v2.0/subnets?tenant_id=73563529b26a4de2b845e31d320a0a6b&amp;cidr=2003%3A%3A%2F64', 'connection': 'close', 'date': 'Thu, 07 Jan 2016 18:14:18 GMT', 'content-type': 'application/json; charset=UTF-8', 'x-openstack-request-id': 'req-0e6f10f6-8455-443d-9590-90c301c41c9d'}
        Body: {"subnets": []}
2016-01-07 18:14:19,312 4665 INFO     [tempest_lib.common.rest_client] Request (TestGettingAddress:test_dhcp6_stateless_from_os): 201 POST http://10.0.2.15:9696/v2.0/subnets 0.372s
2016-01-07 18:14:19,312 4665 DEBUG    [tempest_lib.common.rest_client] Request - Headers: {'Content-Type': 'application/json', 'Accept': 'application/json', 'X-Auth-Token': '&lt;omitted&gt;'}
        Body: {"subnet": {"name": "tempest-sub6-2018210115", "network_id": "fbaf2251-510c-40d1-ae97-f665c457150b", "tenant_id": "73563529b26a4de2b845e31d320a0a6b", "ipv6_ra_mode": "dhcpv6-stateless", "ip_version": 6, "ipv6_address_mode": "dhcpv6-stateless", "cidr": "2003::/64"}}
    Response - Headers: {'status': '201', 'content-length': '502', 'connection': 'close', 'date': 'Thu, 07 Jan 2016 18:14:19 GMT', 'content-type': 'application/json; charset=UTF-8', 'x-openstack-request-id': 'req-bbeda087-5da8-48a5-86d5-dc674cf2d0fc'}
        Body: {"subnet": {"name": "tempest-sub6-2018210115", "enable_dhcp": true, "network_id": "fbaf2251-510c-40d1-ae97-f665c457150b", "tenant_id": "73563529b26a4de2b845e31d320a0a6b", "dns_nameservers": [], "gateway_ip": "2003::1", "ipv6_ra_mode": "dhcpv6-stateless", "allocation_pools": [{"start": "2003::2", "end": "2003::ffff:ffff:ffff:ffff"}], "host_routes": [], "ip_version": 6, "ipv6_address_mode": "dhcpv6-stateless", "cidr": "2003::/64", "id": "31c03902-c5d3-4b39-8f6b-6e5e1f7b61b0", "subnetpool_id": null}}
2016-01-07 18:14:19,996 4665 INFO     [tempest_lib.common.rest_client] Request (TestGettingAddress:test_dhcp6_stateless_from_os): 200 PUT http://10.0.2.15:9696/v2.0/routers/26fa1d7d-d57b-4a0a-886c-336982748c76/add_router_interface 0.683s
2016-01-07 18:14:19,997 4665 DEBUG    [tempest_lib.common.rest_client] Request - Headers: {'Content-Type': 'application/json', 'Accept': 'application/json', 'X-Auth-Token': '&lt;omitted&gt;'}
        Body: {"subnet_id": "31c03902-c5d3-4b39-8f6b-6e5e1f7b61b0"}
    Response - Headers: {'status': '200', 'content-length': '255', 'connection': 'close', 'date': 'Thu, 07 Jan 2016 18:14:19 GMT', 'content-type': 'application/json; charset=UTF-8', 'x-openstack-request-id': 'req-2c3a7a0d-ffde-4850-be8f-07cd8e6cbc6c'}
        Body: {"subnet_id": "31c03902-c5d3-4b39-8f6b-6e5e1f7b61b0", "tenant_id": "73563529b26a4de2b845e31d320a0a6b", "subnet_ids": ["31c03902-c5d3-4b39-8f6b-6e5e1f7b61b0"], "port_id": "6dcba8d8-20ce-4a53-a99e-7393a47cfba1", "id": "26fa1d7d-d57b-4a0a-886c-336982748c76"}
2016-01-07 18:14:20,124 4665 INFO     [tempest_lib.common.rest_client] Request (TestGettingAddress:test_dhcp6_stateless_from_os): 200 POST http://10.0.2.15:5000/v2.0/tokens
2016-01-07 18:14:20,124 4665 DEBUG    [tempest_lib.common.rest_client] Request - Headers: {'Content-Type': 'application/json', 'Accept': 'application/json'}
        Body: &lt;omitted&gt;
    Response - Headers: {'status': '200', 'content-length': '2271', 'vary': 'X-Auth-Token', 'server': 'Apache/2.4.7 (Ubuntu)', 'connection': 'close', 'date': 'Thu, 07 Jan 2016 18:14:19 GMT', 'content-type': 'application/json', 'x-openstack-request-id': 'req-e088cd1d-47ac-42cc-882e-9dd444f9f774'}
        Body: {"access": {"token": {"issued_at": "2016-01-07T18:14:20.113361", "expires": "2016-01-07T19:14:20Z", "id": "29a9bd86f5334df5b11bec3ea061371c", "tenant": {"description": "tempest-TestGettingAddress-1153988933-desc", "enabled": true, "id": "73563529b26a4de2b845e31d320a0a6b", "name": "tempest-TestGettingAddress-1153988933"}, "audit_ids": ["6Z8BHRiSTFeu73YdSKedXA"]}, "serviceCatalog": [{"endpoints": [{"adminURL": "http://10.0.2.15:9292", "region": "RegionOne", "internalURL": "http://10.0.2.15:9292", "id": "27721fd79bc84147aa730e5e7079ff2f", "publicURL": "http://10.0.2.15:9292"}], "endpoints_links": [], "type": "image", "name": "glance"}, {"endpoints": [{"adminURL": "http://10.0.2.15:8774/v2.1/73563529b26a4de2b845e31d320a0a6b", "region": "RegionOne", "internalURL": "http://10.0.2.15:8774/v2.1/73563529b26a4de2b845e31d320a0a6b", "id": "0bb62aa23ff145aeac6b402014c23342", "publicURL": "http://10.0.2.15:8774/v2.1/73563529b26a4de2b845e31d320a0a6b"}], "endpoints_links": [], "type": "compute", "name": "nova"}, {"endpoints": [{"adminURL": "http://10.0.2.15:8774/v2/73563529b26a4de2b845e31d320a0a6b", "region": "RegionOne", "internalURL": "http://10.0.2.15:8774/v2/73563529b26a4de2b845e31d320a0a6b", "id": "1a5b0d9719a144848b669ac88761483a", "publicURL": "http://10.0.2.15:8774/v2/73563529b26a4de2b845e31d320a0a6b"}], "endpoints_links": [], "type": "compute_legacy", "name": "nova_legacy"}, {"endpoints": [{"adminURL": "http://10.0.2.15:35357/v2.0", "region": "RegionOne", "internalURL": "http://10.0.2.15:5000/v2.0", "id": "13a973c8dd714df4b9ac25c59e261830", "publicURL": "http://10.0.2.15:5000/v2.0"}], "endpoints_links": [], "type": "identity", "name": "keystone"}, {"endpoints": [{"adminURL": "http://10.0.2.15:9696/", "region": "RegionOne", "internalURL": "http://10.0.2.15:9696/", "id": "3bbcd1e26d6545ddad96971cc5b2aa63", "publicURL": "http://10.0.2.15:9696/"}], "endpoints_links": [], "type": "network", "name": "neutron"}], "user": {"username": "tempest-TestGettingAddress-2042690096", "roles_links": [], "id": "1cc3cc09a39444709b0cd4e90bd16cf4", "roles": [{"name": "_member_"}, {"name": "Member"}], "name": "tempest-TestGettingAddress-2042690096"}, "metadata": {"is_admin": 0, "roles": ["9fe2ff9ee4384b1894a90878d3e92bab", "6ffcd343a3be4bffb23cf67ee1bd5428"]}}}
2016-01-07 18:14:20,129 4665 DEBUG    [tempest.common.fixed_network] (TestGettingAddress:test_dhcp6_stateless_from_os) No valid network provided or created, defaulting to fixed_network_name
2016-01-07 18:14:20,619 4665 INFO     [tempest_lib.common.rest_client] Request (TestGettingAddress:test_dhcp6_stateless_from_os): 200 GET http://10.0.2.15:8774/v2.1/73563529b26a4de2b845e31d320a0a6b/os-networks 0.489s
2016-01-07 18:14:20,619 4665 DEBUG    [tempest_lib.common.rest_client] Request - Headers: {'Content-Type': 'application/json', 'Accept': 'application/json', 'X-Auth-Token': '&lt;omitted&gt;'}
        Body: None
    Response - Headers: {'status': '200', 'content-length': '479', 'content-location': 'http://10.0.2.15:8774/v2.1/73563529b26a4de2b845e31d320a0a6b/os-networks', 'x-compute-request-id': 'req-510db8cf-5b46-4459-a835-381eba9166ee', 'vary': 'X-OpenStack-Nova-API-Version', 'connection': 'close', 'x-openstack-nova-api-version': '2.1', 'date': 'Thu, 07 Jan 2016 18:14:20 GMT', 'content-type': 'application/json'}
        Body: {"networks": [{"cidr_v6": null, "dns2": null, "dns1": null, "gateway": null, "broadcast": null, "netmask": null, "gateway_v6": null, "cidr": null, "label": "tempest-network-smoke--1742890478", "id": "fbaf2251-510c-40d1-ae97-f665c457150b", "netmask_v6": null}, {"cidr_v6": null, "dns2": null, "dns1": null, "gateway": null, "broadcast": null, "netmask": null, "gateway_v6": null, "cidr": null, "label": "public", "id": "9316064d-c223-403a-a4a1-11eac5deaf2c", "netmask_v6": null}]}
2016-01-07 18:14:20,620 4665 WARNING  [tempest.common.fixed_network] (TestGettingAddress:test_dhcp6_stateless_from_os) Network with name: private not found
2016-01-07 18:14:20,620 4665 INFO     [tempest.common.fixed_network] (TestGettingAddress:test_dhcp6_stateless_from_os) Found network {} available for tenant
2016-01-07 18:14:22,160 4665 INFO     [tempest_lib.common.rest_client] Request (TestGettingAddress:test_dhcp6_stateless_from_os): 202 POST http://10.0.2.15:8774/v2.1/73563529b26a4de2b845e31d320a0a6b/servers 1.540s
2016-01-07 18:14:22,161 4665 DEBUG    [tempest_lib.common.rest_client] Request - Headers: {'Content-Type': 'application/json', 'Accept': 'application/json', 'X-Auth-Token': '&lt;omitted&gt;'}
        Body: {"server": {"name": "tempest.common.compute-instance-451666591", "imageRef": "c84d46f4-0200-4682-a844-01b3c673f84e", "key_name": "tempest-TestGettingAddress-135356328", "flavorRef": "42", "networks": [{"uuid": "fbaf2251-510c-40d1-ae97-f665c457150b"}], "security_groups": [{"name": "tempest-secgroup-smoke-480377255"}]}}
    Response - Headers: {'status': '202', 'content-length': '461', 'x-compute-request-id': 'req-45ac5037-c7d6-4db6-a70b-1bb5aa897167', 'vary': 'X-OpenStack-Nova-API-Version', 'connection': 'close', 'location': 'http://10.0.2.15:8774/v2.1/73563529b26a4de2b845e31d320a0a6b/servers/1bd7dc99-4acf-4e1a-bcaf-df09b5be9219', 'x-openstack-nova-api-version': '2.1', 'date': 'Thu, 07 Jan 2016 18:14:22 GMT', 'content-type': 'application/json'}
        Body: {"server": {"security_groups": [{"name": "tempest-secgroup-smoke-480377255"}], "OS-DCF:diskConfig": "MANUAL", "id": "1bd7dc99-4acf-4e1a-bcaf-df09b5be9219", "links": [{"href": "http://10.0.2.15:8774/v2.1/73563529b26a4de2b845e31d320a0a6b/servers/1bd7dc99-4acf-4e1a-bcaf-df09b5be9219", "rel": "self"}, {"href": "http://10.0.2.15:8774/73563529b26a4de2b845e31d320a0a6b/servers/1bd7dc99-4acf-4e1a-bcaf-df09b5be9219", "rel": "bookmark"}], "adminPass": "aZAkyaC2iSM9"}}
2016-01-07 18:14:22,517 4665 INFO     [tempest_lib.common.rest_client] Request (TestGettingAddress:test_dhcp6_stateless_from_os): 200 GET http://10.0.2.15:8774/v2.1/73563529b26a4de2b845e31d320a0a6b/servers/1bd7dc99-4acf-4e1a-bcaf-df09b5be9219 0.353s
2016-01-07 18:14:22,518 4665 DEBUG    [tempest_lib.common.rest_client] Request - Headers: {'Content-Type': 'application/json', 'Accept': 'application/json', 'X-Auth-Token': '&lt;omitted&gt;'}
        Body: None
    Response - Headers: {'status': '200', 'content-length': '1353', 'content-location': 'http://10.0.2.15:8774/v2.1/73563529b26a4de2b845e31d320a0a6b/servers/1bd7dc99-4acf-4e1a-bcaf-df09b5be9219', 'x-compute-request-id': 'req-33040a05-e287-4f00-9224-5411bbdba5bf', 'vary': 'X-OpenStack-Nova-API-Version', 'connection': 'close', 'x-openstack-nova-api-version': '2.1', 'date': 'Thu, 07 Jan 2016 18:14:22 GMT', 'content-type': 'application/json'}
        Body: {"server": {"status": "BUILD", "updated": "2016-01-07T18:14:22Z", "hostId": "", "addresses": {}, "links": [{"href": "http://10.0.2.15:8774/v2.1/73563529b26a4de2b845e31d320a0a6b/servers/1bd7dc99-4acf-4e1a-bcaf-df09b5be9219", "rel": "self"}, {"href": "http://10.0.2.15:8774/73563529b26a4de2b845e31d320a0a6b/servers/1bd7dc99-4acf-4e1a-bcaf-df09b5be9219", "rel": "bookmark"}], "key_name": "tempest-TestGettingAddress-135356328", "image": {"id": "c84d46f4-0200-4682-a844-01b3c673f84e", "links": [{"href": "http://10.0.2.15:8774/73563529b26a4de2b845e31d320a0a6b/images/c84d46f4-0200-4682-a844-01b3c673f84e", "rel": "bookmark"}]}, "OS-EXT-STS:task_state": "scheduling", "OS-EXT-STS:vm_state": "building", "OS-SRV-USG:launched_at": null, "flavor": {"id": "42", "links": [{"href": "http://10.0.2.15:8774/73563529b26a4de2b845e31d320a0a6b/flavors/42", "rel": "bookmark"}]}, "id": "1bd7dc99-4acf-4e1a-bcaf-df09b5be9219", "OS-SRV-USG:terminated_at": null, "OS-EXT-AZ:availability_zone": "", "user_id": "1cc3cc09a39444709b0cd4e90bd16cf4", "name": "tempest.common.compute-instance-451666591", "created": "2016-01-07T18:14:22Z", "tenant_id": "73563529b26a4de2b845e31d320a0a6b", "OS-DCF:diskConfig": "MANUAL", "os-extended-volumes:volumes_attached": [], "accessIPv4": "", "accessIPv6": "", "progress": 0, "OS-EXT-STS:power_state": 0, "config_drive": "", "metadata": {}}}
2016-01-07 18:14:23,840 4665 INFO     [tempest_lib.common.rest_client] Request (TestGettingAddress:test_dhcp6_stateless_from_os): 200 GET http://10.0.2.15:8774/v2.1/73563529b26a4de2b845e31d320a0a6b/servers/1bd7dc99-4acf-4e1a-bcaf-df09b5be9219 0.310s
2016-01-07 18:14:23,841 4665 DEBUG    [tempest_lib.common.rest_client] Request - Headers: {'Content-Type': 'application/json', 'Accept': 'application/json', 'X-Auth-Token': '&lt;omitted&gt;'}
        Body: None
    Response - Headers: {'status': '200', 'content-length': '1478', 'content-location': 'http://10.0.2.15:8774/v2.1/73563529b26a4de2b845e31d320a0a6b/servers/1bd7dc99-4acf-4e1a-bcaf-df09b5be9219', 'x-compute-request-id': 'req-3718e22b-4804-4ffe-b17b-68d32e6f3181', 'vary': 'X-OpenStack-Nova-API-Version', 'connection': 'close', 'x-openstack-nova-api-version': '2.1', 'date': 'Thu, 07 Jan 2016 18:14:23 GMT', 'content-type': 'application/json'}
        Body: {"server": {"status": "BUILD", "updated": "2016-01-07T18:14:23Z", "hostId": "6a5330d560c6eafc59050e1d2ac8a01144d25f63b78c0f764286d49f", "addresses": {}, "links": [{"href": "http://10.0.2.15:8774/v2.1/73563529b26a4de2b845e31d320a0a6b/servers/1bd7dc99-4acf-4e1a-bcaf-df09b5be9219", "rel": "self"}, {"href": "http://10.0.2.15:8774/73563529b26a4de2b845e31d320a0a6b/servers/1bd7dc99-4acf-4e1a-bcaf-df09b5be9219", "rel": "bookmark"}], "key_name": "tempest-TestGettingAddress-135356328", "image": {"id": "c84d46f4-0200-4682-a844-01b3c673f84e", "links": [{"href": "http://10.0.2.15:8774/73563529b26a4de2b845e31d320a0a6b/images/c84d46f4-0200-4682-a844-01b3c673f84e", "rel": "bookmark"}]}, "OS-EXT-STS:task_state": "spawning", "OS-EXT-STS:vm_state": "building", "OS-SRV-USG:launched_at": null, "flavor": {"id": "42", "links": [{"href": "http://10.0.2.15:8774/73563529b26a4de2b845e31d320a0a6b/flavors/42", "rel": "bookmark"}]}, "id": "1bd7dc99-4acf-4e1a-bcaf-df09b5be9219", "security_groups": [{"name": "tempest-secgroup-smoke-480377255"}], "OS-SRV-USG:terminated_at": null, "OS-EXT-AZ:availability_zone": "nova", "user_id": "1cc3cc09a39444709b0cd4e90bd16cf4", "name": "tempest.common.compute-instance-451666591", "created": "2016-01-07T18:14:22Z", "tenant_id": "73563529b26a4de2b845e31d320a0a6b", "OS-DCF:diskConfig": "MANUAL", "os-extended-volumes:volumes_attached": [], "accessIPv4": "", "accessIPv6": "", "progress": 0, "OS-EXT-STS:power_state": 0, "config_drive": "", "metadata": {}}}
2016-01-07 18:14:23,849 4665 INFO     [tempest.common.waiters] State transition "BUILD/scheduling" ==&gt; "BUILD/spawning" after 1 second wait
2016-01-07 18:14:25,076 4665 INFO     [tempest_lib.common.rest_client] Request (TestGettingAddress:test_dhcp6_stateless_from_os): 200 GET http://10.0.2.15:8774/v2.1/73563529b26a4de2b845e31d320a0a6b/servers/1bd7dc99-4acf-4e1a-bcaf-df09b5be9219 0.225s
2016-01-07 18:14:25,077 4665 DEBUG    [tempest_lib.common.rest_client] Request - Headers: {'Content-Type': 'application/json', 'Accept': 'application/json', 'X-Auth-Token': '&lt;omitted&gt;'}
        Body: None
    Response - Headers: {'status': '200', 'content-length': '1478', 'content-location': 'http://10.0.2.15:8774/v2.1/73563529b26a4de2b845e31d320a0a6b/servers/1bd7dc99-4acf-4e1a-bcaf-df09b5be9219', 'x-compute-request-id': 'req-5e67f85f-dbdd-40cb-b733-757254349afb', 'vary': 'X-OpenStack-Nova-API-Version', 'connection': 'close', 'x-openstack-nova-api-version': '2.1', 'date': 'Thu, 07 Jan 2016 18:14:25 GMT', 'content-type': 'application/json'}
        Body: {"server": {"status": "BUILD", "updated": "2016-01-07T18:14:23Z", "hostId": "6a5330d560c6eafc59050e1d2ac8a01144d25f63b78c0f764286d49f", "addresses": {}, "links": [{"href": "http://10.0.2.15:8774/v2.1/73563529b26a4de2b845e31d320a0a6b/servers/1bd7dc99-4acf-4e1a-bcaf-df09b5be9219", "rel": "self"}, {"href": "http://10.0.2.15:8774/73563529b26a4de2b845e31d320a0a6b/servers/1bd7dc99-4acf-4e1a-bcaf-df09b5be9219", "rel": "bookmark"}], "key_name": "tempest-TestGettingAddress-135356328", "image": {"id": "c84d46f4-0200-4682-a844-01b3c673f84e", "links": [{"href": "http://10.0.2.15:8774/73563529b26a4de2b845e31d320a0a6b/images/c84d46f4-0200-4682-a844-01b3c673f84e", "rel": "bookmark"}]}, "OS-EXT-STS:task_state": "spawning", "OS-EXT-STS:vm_state": "building", "OS-SRV-USG:launched_at": null, "flavor": {"id": "42", "links": [{"href": "http://10.0.2.15:8774/73563529b26a4de2b845e31d320a0a6b/flavors/42", "rel": "bookmark"}]}, "id": "1bd7dc99-4acf-4e1a-bcaf-df09b5be9219", "security_groups": [{"name": "tempest-secgroup-smoke-480377255"}], "OS-SRV-USG:terminated_at": null, "OS-EXT-AZ:availability_zone": "nova", "user_id": "1cc3cc09a39444709b0cd4e90bd16cf4", "name": "tempest.common.compute-instance-451666591", "created": "2016-01-07T18:14:22Z", "tenant_id": "73563529b26a4de2b845e31d320a0a6b", "OS-DCF:diskConfig": "MANUAL", "os-extended-volumes:volumes_attached": [], "accessIPv4": "", "accessIPv6": "", "progress": 0, "OS-EXT-STS:power_state": 0, "config_drive": "", "metadata": {}}}
2016-01-07 18:14:26,300 4665 INFO     [tempest_lib.common.rest_client] Request (TestGettingAddress:test_dhcp6_stateless_from_os): 200 GET http://10.0.2.15:8774/v2.1/73563529b26a4de2b845e31d320a0a6b/servers/1bd7dc99-4acf-4e1a-bcaf-df09b5be9219 0.208s
2016-01-07 18:14:26,300 4665 DEBUG    [tempest_lib.common.rest_client] Request - Headers: {'Content-Type': 'application/json', 'Accept': 'application/json', 'X-Auth-Token': '&lt;omitted&gt;'}
        Body: None
    Response - Headers: {'status': '200', 'content-length': '1779', 'content-location': 'http://10.0.2.15:8774/v2.1/73563529b26a4de2b845e31d320a0a6b/servers/1bd7dc99-4acf-4e1a-bcaf-df09b5be9219', 'x-compute-request-id': 'req-92731847-647e-4871-8c9f-79a468374728', 'vary': 'X-OpenStack-Nova-API-Version', 'connection': 'close', 'x-openstack-nova-api-version': '2.1', 'date': 'Thu, 07 Jan 2016 18:14:26 GMT', 'content-type': 'application/json'}
        Body: {"server": {"status": "ACTIVE", "updated": "2016-01-07T18:14:25Z", "hostId": "6a5330d560c6eafc59050e1d2ac8a01144d25f63b78c0f764286d49f", "addresses": {"tempest-network-smoke--1742890478": [{"OS-EXT-IPS-MAC:mac_addr": "fa:16:3e:9e:62:5c", "version": 4, "addr": "10.100.0.3", "OS-EXT-IPS:type": "fixed"}, {"OS-EXT-IPS-MAC:mac_addr": "fa:16:3e:9e:62:5c", "version": 6, "addr": "2003::f816:3eff:fe9e:625c", "OS-EXT-IPS:type": "fixed"}]}, "links": [{"href": "http://10.0.2.15:8774/v2.1/73563529b26a4de2b845e31d320a0a6b/servers/1bd7dc99-4acf-4e1a-bcaf-df09b5be9219", "rel": "self"}, {"href": "http://10.0.2.15:8774/73563529b26a4de2b845e31d320a0a6b/servers/1bd7dc99-4acf-4e1a-bcaf-df09b5be9219", "rel": "bookmark"}], "key_name": "tempest-TestGettingAddress-135356328", "image": {"id": "c84d46f4-0200-4682-a844-01b3c673f84e", "links": [{"href": "http://10.0.2.15:8774/73563529b26a4de2b845e31d320a0a6b/images/c84d46f4-0200-4682-a844-01b3c673f84e", "rel": "bookmark"}]}, "OS-EXT-STS:task_state": null, "OS-EXT-STS:vm_state": "active", "OS-SRV-USG:launched_at": "2016-01-07T18:14:25.000000", "flavor": {"id": "42", "links": [{"href": "http://10.0.2.15:8774/73563529b26a4de2b845e31d320a0a6b/flavors/42", "rel": "bookmark"}]}, "id": "1bd7dc99-4acf-4e1a-bcaf-df09b5be9219", "security_groups": [{"name": "tempest-secgroup-smoke-480377255"}], "OS-SRV-USG:terminated_at": null, "OS-EXT-AZ:availability_zone": "nova", "user_id": "1cc3cc09a39444709b0cd4e90bd16cf4", "name": "tempest.common.compute-instance-451666591", "created": "2016-01-07T18:14:22Z", "tenant_id": "73563529b26a4de2b845e31d320a0a6b", "OS-DCF:diskConfig": "MANUAL", "os-extended-volumes:volumes_attached": [], "accessIPv4": "", "accessIPv6": "", "progress": 0, "OS-EXT-STS:power_state": 1, "config_drive": "True", "metadata": {}}}
2016-01-07 18:14:26,308 4665 INFO     [tempest.common.waiters] State transition "BUILD/spawning" ==&gt; "ACTIVE/None" after 4 second wait
2016-01-07 18:14:26,639 4665 INFO     [tempest_lib.common.rest_client] Request (TestGettingAddress:test_dhcp6_stateless_from_os): 200 GET http://10.0.2.15:8774/v2.1/73563529b26a4de2b845e31d320a0a6b/servers/1bd7dc99-4acf-4e1a-bcaf-df09b5be9219 0.330s
2016-01-07 18:14:26,639 4665 DEBUG    [tempest_lib.common.rest_client] Request - Headers: {'Content-Type': 'application/json', 'Accept': 'application/json', 'X-Auth-Token': '&lt;omitted&gt;'}
        Body: None
    Response - Headers: {'status': '200', 'content-length': '1779', 'content-location': 'http://10.0.2.15:8774/v2.1/73563529b26a4de2b845e31d320a0a6b/servers/1bd7dc99-4acf-4e1a-bcaf-df09b5be9219', 'x-compute-request-id': 'req-8616c754-1d87-452e-9004-238ac76e7656', 'vary': 'X-OpenStack-Nova-API-Version', 'connection': 'close', 'x-openstack-nova-api-version': '2.1', 'date': 'Thu, 07 Jan 2016 18:14:26 GMT', 'content-type': 'application/json'}
        Body: {"server": {"status": "ACTIVE", "updated": "2016-01-07T18:14:25Z", "hostId": "6a5330d560c6eafc59050e1d2ac8a01144d25f63b78c0f764286d49f", "addresses": {"tempest-network-smoke--1742890478": [{"OS-EXT-IPS-MAC:mac_addr": "fa:16:3e:9e:62:5c", "version": 4, "addr": "10.100.0.3", "OS-EXT-IPS:type": "fixed"}, {"OS-EXT-IPS-MAC:mac_addr": "fa:16:3e:9e:62:5c", "version": 6, "addr": "2003::f816:3eff:fe9e:625c", "OS-EXT-IPS:type": "fixed"}]}, "links": [{"href": "http://10.0.2.15:8774/v2.1/73563529b26a4de2b845e31d320a0a6b/servers/1bd7dc99-4acf-4e1a-bcaf-df09b5be9219", "rel": "self"}, {"href": "http://10.0.2.15:8774/73563529b26a4de2b845e31d320a0a6b/servers/1bd7dc99-4acf-4e1a-bcaf-df09b5be9219", "rel": "bookmark"}], "key_name": "tempest-TestGettingAddress-135356328", "image": {"id": "c84d46f4-0200-4682-a844-01b3c673f84e", "links": [{"href": "http://10.0.2.15:8774/73563529b26a4de2b845e31d320a0a6b/images/c84d46f4-0200-4682-a844-01b3c673f84e", "rel": "bookmark"}]}, "OS-EXT-STS:task_state": null, "OS-EXT-STS:vm_state": "active", "OS-SRV-USG:launched_at": "2016-01-07T18:14:25.000000", "flavor": {"id": "42", "links": [{"href": "http://10.0.2.15:8774/73563529b26a4de2b845e31d320a0a6b/flavors/42", "rel": "bookmark"}]}, "id": "1bd7dc99-4acf-4e1a-bcaf-df09b5be9219", "security_groups": [{"name": "tempest-secgroup-smoke-480377255"}], "OS-SRV-USG:terminated_at": null, "OS-EXT-AZ:availability_zone": "nova", "user_id": "1cc3cc09a39444709b0cd4e90bd16cf4", "name": "tempest.common.compute-instance-451666591", "created": "2016-01-07T18:14:22Z", "tenant_id": "73563529b26a4de2b845e31d320a0a6b", "OS-DCF:diskConfig": "MANUAL", "os-extended-volumes:volumes_attached": [], "accessIPv4": "", "accessIPv6": "", "progress": 0, "OS-EXT-STS:power_state": 1, "config_drive": "True", "metadata": {}}}
2016-01-07 18:14:26,796 4665 INFO     [tempest_lib.common.rest_client] Request (TestGettingAddress:test_dhcp6_stateless_from_os): 200 GET http://10.0.2.15:9696/v2.0/ports?status=ACTIVE&amp;fixed_ip=None&amp;device_id=1bd7dc99-4acf-4e1a-bcaf-df09b5be9219 0.146s
2016-01-07 18:14:26,797 4665 DEBUG    [tempest_lib.common.rest_client] Request - Headers: {'Content-Type': 'application/json', 'Accept': 'application/json', 'X-Auth-Token': '&lt;omitted&gt;'}
        Body: None
    Response - Headers: {'status': '200', 'content-length': '1142', 'content-location': 'http://10.0.2.15:9696/v2.0/ports?status=ACTIVE&amp;fixed_ip=None&amp;device_id=1bd7dc99-4acf-4e1a-bcaf-df09b5be9219', 'connection': 'close', 'date': 'Thu, 07 Jan 2016 18:14:26 GMT', 'content-type': 'application/json; charset=UTF-8', 'x-openstack-request-id': 'req-5b343972-ab12-4c81-9f94-06a24c2073ac'}
        Body: {"ports": [{"status": "ACTIVE", "binding:host_id": "vagrant-ubuntu-trusty-64", "allowed_address_pairs": [], "extra_dhcp_opts": [], "dns_assignment": [{"hostname": "host-10-100-0-3", "ip_address": "10.100.0.3", "fqdn": "host-10-100-0-3.openstacklocal."}, {"hostname": "host-2003--f816-3eff-fe9e-625c", "ip_address": "2003::f816:3eff:fe9e:625c", "fqdn": "host-2003--f816-3eff-fe9e-625c.openstacklocal."}], "device_owner": "compute:None", "port_security_enabled": true, "binding:profile": {}, "fixed_ips": [{"subnet_id": "7cdba210-0919-4443-bef8-102c60c70f0d", "ip_address": "10.100.0.3"}, {"subnet_id": "31c03902-c5d3-4b39-8f6b-6e5e1f7b61b0", "ip_address": "2003::f816:3eff:fe9e:625c"}], "id": "66fbd22e-dce8-45a7-b6af-3adf560a6c14", "security_groups": ["eb8e0e9d-a465-48b1-98af-da06f5fa7512"], "device_id": "1bd7dc99-4acf-4e1a-bcaf-df09b5be9219", "name": "", "admin_state_up": true, "network_id": "fbaf2251-510c-40d1-ae97-f665c457150b", "dns_name": "", "binding:vif_details": {"port_filter": true}, "binding:vnic_type": "normal", "binding:vif_type": "ovs", "tenant_id": "73563529b26a4de2b845e31d320a0a6b", "mac_address": "fa:16:3e:9e:62:5c"}]}
2016-01-07 18:14:27,450 4665 INFO     [tempest_lib.common.rest_client] Request (TestGettingAddress:test_dhcp6_stateless_from_os): 201 POST http://10.0.2.15:9696/v2.0/floatingips 0.652s
2016-01-07 18:14:27,450 4665 DEBUG    [tempest_lib.common.rest_client] Request - Headers: {'Content-Type': 'application/json', 'Accept': 'application/json', 'X-Auth-Token': '&lt;omitted&gt;'}
        Body: {"floatingip": {"floating_network_id": "9316064d-c223-403a-a4a1-11eac5deaf2c", "tenant_id": "73563529b26a4de2b845e31d320a0a6b", "fixed_ip_address": "10.100.0.3", "port_id": "66fbd22e-dce8-45a7-b6af-3adf560a6c14"}}
    Response - Headers: {'status': '201', 'content-length': '367', 'connection': 'close', 'date': 'Thu, 07 Jan 2016 18:14:27 GMT', 'content-type': 'application/json; charset=UTF-8', 'x-openstack-request-id': 'req-7c1aa682-7d11-45ad-85af-061a3072c5e4'}
        Body: {"floatingip": {"floating_network_id": "9316064d-c223-403a-a4a1-11eac5deaf2c", "router_id": "26fa1d7d-d57b-4a0a-886c-336982748c76", "fixed_ip_address": "10.100.0.3", "floating_ip_address": "172.24.4.4", "tenant_id": "73563529b26a4de2b845e31d320a0a6b", "status": "DOWN", "port_id": "66fbd22e-dce8-45a7-b6af-3adf560a6c14", "id": "a423bb0a-a3f7-445c-8c46-fbfe03c0b998"}}
2016-01-07 18:14:27,451 4665 INFO     [tempest_lib.common.ssh] Creating ssh connection to '172.24.4.4' as 'cirros' with public key authentication
2016-01-07 18:14:31,443 4665 WARNING  [tempest_lib.common.ssh] Failed to establish authenticated ssh connection to cirros@172.24.4.4 ([Errno None] Unable to connect to port 22 on  or 172.24.4.4). Number attempts: 1. Retry after 2 seconds.
2016-01-07 18:14:36,946 4665 WARNING  [tempest_lib.common.ssh] Failed to establish authenticated ssh connection to cirros@172.24.4.4 ([Errno None] Unable to connect to port 22 on  or 172.24.4.4). Number attempts: 2. Retry after 3 seconds.
2016-01-07 18:14:43,450 4665 WARNING  [tempest_lib.common.ssh] Failed to establish authenticated ssh connection to cirros@172.24.4.4 ([Errno None] Unable to connect to port 22 on  or 172.24.4.4). Number attempts: 3. Retry after 4 seconds.
2016-01-07 18:14:50,954 4665 WARNING  [tempest_lib.common.ssh] Failed to establish authenticated ssh connection to cirros@172.24.4.4 ([Errno None] Unable to connect to port 22 on  or 172.24.4.4). Number attempts: 4. Retry after 5 seconds.
2016-01-07 18:14:59,460 4665 WARNING  [tempest_lib.common.ssh] Failed to establish authenticated ssh connection to cirros@172.24.4.4 ([Errno None] Unable to connect to port 22 on  or 172.24.4.4). Number attempts: 5. Retry after 6 seconds.
2016-01-07 18:15:08,967 4665 WARNING  [tempest_lib.common.ssh] Failed to establish authenticated ssh connection to cirros@172.24.4.4 ([Errno None] Unable to connect to port 22 on  or 172.24.4.4). Number attempts: 6. Retry after 7 seconds.
2016-01-07 18:15:19,471 4665 WARNING  [tempest_lib.common.ssh] Failed to establish authenticated ssh connection to cirros@172.24.4.4 ([Errno None] Unable to connect to port 22 on  or 172.24.4.4). Number attempts: 7. Retry after 8 seconds.
2016-01-07 18:15:30,979 4665 WARNING  [tempest_lib.common.ssh] Failed to establish authenticated ssh connection to cirros@172.24.4.4 ([Errno None] Unable to connect to port 22 on  or 172.24.4.4). Number attempts: 8. Retry after 9 seconds.
2016-01-07 18:15:43,483 4665 WARNING  [tempest_lib.common.ssh] Failed to establish authenticated ssh connection to cirros@172.24.4.4 ([Errno None] Unable to connect to port 22 on  or 172.24.4.4). Number attempts: 9. Retry after 10 seconds.
2016-01-07 18:15:56,995 4665 WARNING  [tempest_lib.common.ssh] Failed to establish authenticated ssh connection to cirros@172.24.4.4 ([Errno None] Unable to connect to port 22 on  or 172.24.4.4). Number attempts: 10. Retry after 11 seconds.
2016-01-07 18:16:11,499 4665 WARNING  [tempest_lib.common.ssh] Failed to establish authenticated ssh connection to cirros@172.24.4.4 ([Errno None] Unable to connect to port 22 on  or 172.24.4.4). Number attempts: 11. Retry after 12 seconds.
2016-01-07 18:16:27,014 4665 WARNING  [tempest_lib.common.ssh] Failed to establish authenticated ssh connection to cirros@172.24.4.4 ([Errno None] Unable to connect to port 22 on  or 172.24.4.4). Number attempts: 12. Retry after 13 seconds.
2016-01-07 18:16:43,523 4665 WARNING  [tempest_lib.common.ssh] Failed to establish authenticated ssh connection to cirros@172.24.4.4 ([Errno None] Unable to connect to port 22 on  or 172.24.4.4). Number attempts: 13. Retry after 14 seconds.
2016-01-07 18:17:01,023 4665 WARNING  [tempest_lib.common.ssh] Failed to establish authenticated ssh connection to cirros@172.24.4.4 ([Errno None] Unable to connect to port 22 on  or 172.24.4.4). Number attempts: 14. Retry after 15 seconds.
2016-01-07 18:17:19,535 4665 WARNING  [tempest_lib.common.ssh] Failed to establish authenticated ssh connection to cirros@172.24.4.4 ([Errno None] Unable to connect to port 22 on  or 172.24.4.4). Number attempts: 15. Retry after 16 seconds.
2016-01-07 18:17:39,047 4665 WARNING  [tempest_lib.common.ssh] Failed to establish authenticated ssh connection to cirros@172.24.4.4 ([Errno None] Unable to connect to port 22 on  or 172.24.4.4). Number attempts: 16. Retry after 17 seconds.
2016-01-07 18:17:59,568 4665 ERROR    [tempest_lib.common.ssh] Failed to establish authenticated ssh connection to cirros@172.24.4.4 after 16 attempts
2016-01-07 18:17:59.568 4665 ERROR tempest_lib.common.ssh Traceback (most recent call last):
2016-01-07 18:17:59.568 4665 ERROR tempest_lib.common.ssh   File "/usr/local/lib/python2.7/dist-packages/tempest_lib/common/ssh.py", line 75, in _get_ssh_connection
2016-01-07 18:17:59.568 4665 ERROR tempest_lib.common.ssh     timeout=self.channel_timeout, pkey=self.pkey)
2016-01-07 18:17:59.568 4665 ERROR tempest_lib.common.ssh   File "/usr/local/lib/python2.7/dist-packages/paramiko/client.py", line 311, in connect
2016-01-07 18:17:59.568 4665 ERROR tempest_lib.common.ssh     raise NoValidConnectionsError(errors)
2016-01-07 18:17:59.568 4665 ERROR tempest_lib.common.ssh NoValidConnectionsError: [Errno None] Unable to connect to port 22 on  or 172.24.4.4
2016-01-07 18:17:59.568 4665 ERROR tempest_lib.common.ssh 
2016-01-07 18:17:59,570 4665 ERROR    [tempest.scenario.manager] (TestGettingAddress:test_dhcp6_stateless_from_os) Initializing SSH connection to 172.24.4.4 failed. Error: Connection to the 172.24.4.4 via SSH timed out.
User: cirros, Password: None
2016-01-07 18:17:59.570 4665 ERROR tempest.scenario.manager Traceback (most recent call last):
2016-01-07 18:17:59.570 4665 ERROR tempest.scenario.manager   File "tempest/scenario/manager.py", line 386, in get_remote_client
2016-01-07 18:17:59.570 4665 ERROR tempest.scenario.manager     linux_client.validate_authentication()
2016-01-07 18:17:59.570 4665 ERROR tempest.scenario.manager   File "tempest/common/utils/linux/remote_client.py", line 63, in validate_authentication
2016-01-07 18:17:59.570 4665 ERROR tempest.scenario.manager     self.ssh_client.test_connection_auth()
2016-01-07 18:17:59.570 4665 ERROR tempest.scenario.manager   File "/usr/local/lib/python2.7/dist-packages/tempest_lib/common/ssh.py", line 172, in test_connection_auth
2016-01-07 18:17:59.570 4665 ERROR tempest.scenario.manager     connection = self._get_ssh_connection()
2016-01-07 18:17:59.570 4665 ERROR tempest.scenario.manager   File "/usr/local/lib/python2.7/dist-packages/tempest_lib/common/ssh.py", line 87, in _get_ssh_connection
2016-01-07 18:17:59.570 4665 ERROR tempest.scenario.manager     password=self.password)
2016-01-07 18:17:59.570 4665 ERROR tempest.scenario.manager SSHTimeout: Connection to the 172.24.4.4 via SSH timed out.
2016-01-07 18:17:59.570 4665 ERROR tempest.scenario.manager User: cirros, Password: None
2016-01-07 18:17:59.570 4665 ERROR tempest.scenario.manager 
2016-01-07 18:17:59,652 4665 INFO     [tempest_lib.common.rest_client] Request (TestGettingAddress:test_dhcp6_stateless_from_os): 200 GET http://10.0.2.15:8774/v2.1/73563529b26a4de2b845e31d320a0a6b/servers 0.080s
2016-01-07 18:17:59,653 4665 DEBUG    [tempest_lib.common.rest_client] Request - Headers: {'Content-Type': 'application/json', 'Accept': 'application/json', 'X-Auth-Token': '&lt;omitted&gt;'}
        Body: None
    Response - Headers: {'status': '200', 'content-length': '390', 'content-location': 'http://10.0.2.15:8774/v2.1/73563529b26a4de2b845e31d320a0a6b/servers', 'x-compute-request-id': 'req-6212a10b-636e-4a25-a00e-aaa5b50dcf4d', 'vary': 'X-OpenStack-Nova-API-Version', 'connection': 'close', 'x-openstack-nova-api-version': '2.1', 'date': 'Thu, 07 Jan 2016 18:17:59 GMT', 'content-type': 'application/json'}
        Body: {"servers": [{"id": "1bd7dc99-4acf-4e1a-bcaf-df09b5be9219", "links": [{"href": "http://10.0.2.15:8774/v2.1/73563529b26a4de2b845e31d320a0a6b/servers/1bd7dc99-4acf-4e1a-bcaf-df09b5be9219", "rel": "self"}, {"href": "http://10.0.2.15:8774/73563529b26a4de2b845e31d320a0a6b/servers/1bd7dc99-4acf-4e1a-bcaf-df09b5be9219", "rel": "bookmark"}], "name": "tempest.common.compute-instance-451666591"}]}
2016-01-07 18:17:59,872 4665 INFO     [tempest_lib.common.rest_client] Request (TestGettingAddress:test_dhcp6_stateless_from_os): 200 POST http://10.0.2.15:8774/v2.1/73563529b26a4de2b845e31d320a0a6b/servers/1bd7dc99-4acf-4e1a-bcaf-df09b5be9219/action 0.215s
2016-01-07 18:17:59,873 4665 DEBUG    [tempest_lib.common.rest_client] Request - Headers: {'Content-Type': 'application/json', 'Accept': 'application/json', 'X-Auth-Token': '&lt;omitted&gt;'}
        Body: {"os-getConsoleOutput": {}}
    Response - Headers: {'status': '200', 'content-length': '24668', 'x-compute-request-id': 'req-43175239-6dc0-4ad1-8f97-0fa7b0ab7c11', 'vary': 'X-OpenStack-Nova-API-Version', 'connection': 'close', 'x-openstack-nova-api-version': '2.1', 'date': 'Thu, 07 Jan 2016 18:17:59 GMT', 'content-type': 'application/json'}
        Body: {"output": "[    0.000000] Initializing cgroup subsys cpuset\n[    0.000000] Initializing cgroup subsys cpu\n[    0.000000] Linux version 3.2.0-80-virtual (buildd@batsu) (gcc version 4.6.3 (Ubuntu/Linaro 4.6.3-1ubuntu5) ) #116-Ubuntu SMP Mon Mar 23 17:28:52 UTC 2015 (Ubuntu 3.2.0-80.116-virtual 3.2.68)\n[    0.000000] Command line: root=/dev/vda console=tty0 console=ttyS0 no_timer_check\n[    0.000000] KERNEL supported cpus:\n[    0.000000]   Intel GenuineIntel\n[    0.000000]   AMD AuthenticAMD\n[    0.000000]   Centaur CentaurHauls\n[    0.000000] BIOS-provided physical RAM map:\n[    0.000000]  BIOS-e820: 0000000000000000 - 000000000009fc00 (usable)\n[    0.000000]  BIOS-e820: 000000000009fc00 - 00000000000a0000 (reserved)\n[    0.000000]  BIOS-e820: 00000000000f0000 - 0000000000100000 (reserved)\n[    0.000000]  BIOS-e820: 0000000000100000 - 0000000003ffe000 (usable)\n[    0.000000]  BIOS-e820: 0000000003ffe000 - 0000000004000000 (reserved)\n[    0.000000]  BIOS-e820: 00000000fffc0000 - 0000000100000000 (reserved)\n[    0.000000] NX (Execute Disable) protection: active\n[    0.000000] SMBIOS 2.4 present.\n[    0.000000] No AGP bridge found\n[    0.000000] last_pfn = 0x3ffe max_arch_pfn = 0x400000000\n[    0.000000] x86 PAT enabled: cpu 0, old 0x7040600070406, new 0x7010600070106\n[    0.000000] found SMP MP-table at [ffff8800000f0b00] f0b00\n[    0.000000] init_memory_mapping: 0000000000000000-0000000003ffe000\n[    0.000000] RAMDISK: 03c5e000 - 03ff0000\n[    0.000000] ACPI: RSDP 00000000000f0950 00014 (v00 BOCHS )\n[    0.000000] ACPI: RSDT 0000000003fffbc1 00034 (v01 BOCHS  BXPCRSDT 00000001 BXPC 00000001)\n[    0.000000] ACPI: FACP 0000000003fff1c0 00074 (v01 BOCHS  BXPCFACP 00000001 BXPC 00000001)\n[    0.000000] ACPI: DSDT 0000000003ffe040 01180 (v01 BOCHS  BXPCDSDT 00000001 BXPC 00000001)\n[    0.000000] ACPI: FACS 0000000003ffe000 00040\n[    0.000000] ACPI: SSDT 0000000003fff234 008DD (v01 BOCHS  BXPCSSDT 00000001 BXPC 00000001)\n[    0.000000] ACPI: APIC 0000000003fffb11 00078 (v01 BOCHS  BXPCAPIC 00000001 BXPC 00000001)\n[    0.000000] ACPI: HPET 0000000003fffb89 00038 (v01 BOCHS  BXPCHPET 00000001 BXPC 00000001)\n[    0.000000] No NUMA configuration found\n[    0.000000] Faking a node at 0000000000000000-0000000003ffe000\n[    0.000000] Initmem setup node 0 0000000000000000-0000000003ffe000\n[    0.000000]   NODE_DATA [0000000003ff6000 - 0000000003ffafff]\n[    0.000000] Zone PFN ranges:\n[    0.000000]   DMA      0x00000010 -&gt; 0x00001000\n[    0.000000]   DMA32    0x00001000 -&gt; 0x00100000\n[    0.000000]   Normal   empty\n[    0.000000] Movable zone start PFN for each node\n[    0.000000] early_node_map[2] active PFN ranges\n[    0.000000]     0: 0x00000010 -&gt; 0x0000009f\n[    0.000000]     0: 0x00000100 -&gt; 0x00003ffe\n[    0.000000] ACPI: PM-Timer IO Port: 0xb008\n[    0.000000] ACPI: LAPIC (acpi_id[0x00] lapic_id[0x00] enabled)\n[    0.000000] ACPI: LAPIC_NMI (acpi_id[0xff] dfl dfl lint[0x1])\n[    0.000000] ACPI: IOAPIC (id[0x00] address[0xfec00000] gsi_base[0])\n[    0.000000] IOAPIC[0]: apic_id 0, version 17, address 0xfec00000, GSI 0-23\n[    0.000000] ACPI: INT_SRC_OVR (bus 0 bus_irq 0 global_irq 2 dfl dfl)\n[    0.000000] ACPI: INT_SRC_OVR (bus 0 bus_irq 5 global_irq 5 high level)\n[    0.000000] ACPI: INT_SRC_OVR (bus 0 bus_irq 9 global_irq 9 high level)\n[    0.000000] ACPI: INT_SRC_OVR (bus 0 bus_irq 10 global_irq 10 high level)\n[    0.000000] ACPI: INT_SRC_OVR (bus 0 bus_irq 11 global_irq 11 high level)\n[    0.000000] Using ACPI (MADT) for SMP configuration information\n[    0.000000] ACPI: HPET id: 0x8086a201 base: 0xfed00000\n[    0.000000] SMP: Allowing 1 CPUs, 0 hotplug CPUs\n[    0.000000] PM: Registered nosave memory: 000000000009f000 - 00000000000a0000\n[    0.000000] PM: Registered nosave memory: 00000000000a0000 - 00000000000f0000\n[    0.000000] PM: Registered nosave memory: 00000000000f0000 - 0000000000100000\n[    0.000000] Allocating PCI resources starting at 4000000 (gap: 4000000:fbfc0000)\n[    0.000000] Booting paravirtualized kernel on bare hardware\n[    0.000000] setup_pe
2016-01-07 18:17:59,877 4665 DEBUG    [tempest.scenario.manager] Console output for 1bd7dc99-4acf-4e1a-bcaf-df09b5be9219
body=
[    0.000000] Initializing cgroup subsys cpuset
[    0.000000] Initializing cgroup subsys cpu
[    0.000000] Linux version 3.2.0-80-virtual (buildd@batsu) (gcc version 4.6.3 (Ubuntu/Linaro 4.6.3-1ubuntu5) ) #116-Ubuntu SMP Mon Mar 23 17:28:52 UTC 2015 (Ubuntu 3.2.0-80.116-virtual 3.2.68)
[    0.000000] Command line: root=/dev/vda console=tty0 console=ttyS0 no_timer_check
[    0.000000] KERNEL supported cpus:
[    0.000000]   Intel GenuineIntel
[    0.000000]   AMD AuthenticAMD
[    0.000000]   Centaur CentaurHauls
[    0.000000] BIOS-provided physical RAM map:
[    0.000000]  BIOS-e820: 0000000000000000 - 000000000009fc00 (usable)
[    0.000000]  BIOS-e820: 000000000009fc00 - 00000000000a0000 (reserved)
[    0.000000]  BIOS-e820: 00000000000f0000 - 0000000000100000 (reserved)
[    0.000000]  BIOS-e820: 0000000000100000 - 0000000003ffe000 (usable)
[    0.000000]  BIOS-e820: 0000000003ffe000 - 0000000004000000 (reserved)
[    0.000000]  BIOS-e820: 00000000fffc0000 - 0000000100000000 (reserved)
[    0.000000] NX (Execute Disable) protection: active
[    0.000000] SMBIOS 2.4 present.
[    0.000000] No AGP bridge found
[    0.000000] last_pfn = 0x3ffe max_arch_pfn = 0x400000000
[    0.000000] x86 PAT enabled: cpu 0, old 0x7040600070406, new 0x7010600070106
[    0.000000] found SMP MP-table at [ffff8800000f0b00] f0b00
[    0.000000] init_memory_mapping: 0000000000000000-0000000003ffe000
[    0.000000] RAMDISK: 03c5e000 - 03ff0000
[    0.000000] ACPI: RSDP 00000000000f0950 00014 (v00 BOCHS )
[    0.000000] ACPI: RSDT 0000000003fffbc1 00034 (v01 BOCHS  BXPCRSDT 00000001 BXPC 00000001)
[    0.000000] ACPI: FACP 0000000003fff1c0 00074 (v01 BOCHS  BXPCFACP 00000001 BXPC 00000001)
[    0.000000] ACPI: DSDT 0000000003ffe040 01180 (v01 BOCHS  BXPCDSDT 00000001 BXPC 00000001)
[    0.000000] ACPI: FACS 0000000003ffe000 00040
[    0.000000] ACPI: SSDT 0000000003fff234 008DD (v01 BOCHS  BXPCSSDT 00000001 BXPC 00000001)
[    0.000000] ACPI: APIC 0000000003fffb11 00078 (v01 BOCHS  BXPCAPIC 00000001 BXPC 00000001)
[    0.000000] ACPI: HPET 0000000003fffb89 00038 (v01 BOCHS  BXPCHPET 00000001 BXPC 00000001)
[    0.000000] No NUMA configuration found
[    0.000000] Faking a node at 0000000000000000-0000000003ffe000
[    0.000000] Initmem setup node 0 0000000000000000-0000000003ffe000
[    0.000000]   NODE_DATA [0000000003ff6000 - 0000000003ffafff]
[    0.000000] Zone PFN ranges:
[    0.000000]   DMA      0x00000010 -&gt; 0x00001000
[    0.000000]   DMA32    0x00001000 -&gt; 0x00100000
[    0.000000]   Normal   empty
[    0.000000] Movable zone start PFN for each node
[    0.000000] early_node_map[2] active PFN ranges
[    0.000000]     0: 0x00000010 -&gt; 0x0000009f
[    0.000000]     0: 0x00000100 -&gt; 0x00003ffe
[    0.000000] ACPI: PM-Timer IO Port: 0xb008
[    0.000000] ACPI: LAPIC (acpi_id[0x00] lapic_id[0x00] enabled)
[    0.000000] ACPI: LAPIC_NMI (acpi_id[0xff] dfl dfl lint[0x1])
[    0.000000] ACPI: IOAPIC (id[0x00] address[0xfec00000] gsi_base[0])
[    0.000000] IOAPIC[0]: apic_id 0, version 17, address 0xfec00000, GSI 0-23
[    0.000000] ACPI: INT_SRC_OVR (bus 0 bus_irq 0 global_irq 2 dfl dfl)
[    0.000000] ACPI: INT_SRC_OVR (bus 0 bus_irq 5 global_irq 5 high level)
[    0.000000] ACPI: INT_SRC_OVR (bus 0 bus_irq 9 global_irq 9 high level)
[    0.000000] ACPI: INT_SRC_OVR (bus 0 bus_irq 10 global_irq 10 high level)
[    0.000000] ACPI: INT_SRC_OVR (bus 0 bus_irq 11 global_irq 11 high level)
[    0.000000] Using ACPI (MADT) for SMP configuration information
[    0.000000] ACPI: HPET id: 0x8086a201 base: 0xfed00000
[    0.000000] SMP: Allowing 1 CPUs, 0 hotplug CPUs
[    0.000000] PM: Registered nosave memory: 000000000009f000 - 00000000000a0000
[    0.000000] PM: Registered nosave memory: 00000000000a0000 - 00000000000f0000
[    0.000000] PM: Registered nosave memory: 00000000000f0000 - 0000000000100000
[    0.000000] Allocating PCI resources starting at 4000000 (gap: 4000000:fbfc0000)
[    0.000000] Booting paravirtualized kernel on bare hardware
[    0.000000] setup_percpu: NR_CPUS:64 nr_cpumask_bits:64 nr_cpu_ids:1 nr_node_ids:1
[    0.000000] PERCPU: Embedded 27 pages/cpu @ffff880003a00000 s78848 r8192 d23552 u2097152
[    0.000000] Built 1 zonelists in Node order, mobility grouping on.  Total pages: 16008
[    0.000000] Policy zone: DMA32
[    0.000000] Kernel command line: root=/dev/vda console=tty0 console=ttyS0 no_timer_check
[    0.000000] PID hash table entries: 256 (order: -1, 2048 bytes)
[    0.000000] Checking aperture...
[    0.000000] No AGP bridge found
[    0.000000] Memory: 43492k/65528k available (6576k kernel code, 452k absent, 21584k reserved, 6620k data, 928k init)
[    0.000000] SLUB: Genslabs=15, HWalign=64, Order=0-3, MinObjects=0, CPUs=1, Nodes=1
[    0.000000] Hierarchical RCU implementation.
[    0.000000] 	RCU dyntick-idle grace-period acceleration is enabled.
[    0.000000] NR_IRQS:4352 nr_irqs:256 16
[    0.000000] Console: colour VGA+ 80x25
[    0.000000] console [tty0] enabled
[    0.000000] console [ttyS0] enabled
[    0.000000] allocated 1048576 bytes of page_cgroup
[    0.000000] please try 'cgroup_disable=memory' option if you don't want memory cgroups
[    0.000000] Fast TSC calibration failed
[    0.000000] TSC: Unable to calibrate against PIT
[    0.000000] TSC: using HPET reference calibration
[    0.000000] Detected 2295.012 MHz processor.
[    0.032512] Calibrating delay loop (skipped), value calculated using timer frequency.. 4590.02 BogoMIPS (lpj=9180048)
[    0.036301] pid_max: default: 32768 minimum: 301
[    0.044940] Security Framework initialized
[    0.054023] AppArmor: AppArmor initialized
[    0.055059] Yama: becoming mindful.
[    0.064157] Dentry cache hash table entries: 8192 (order: 4, 65536 bytes)
[    0.065865] Inode-cache hash table entries: 4096 (order: 3, 32768 bytes)
[    0.068246] Mount-cache hash table entries: 256
[    0.089804] Initializing cgroup subsys cpuacct
[    0.092807] Initializing cgroup subsys memory
[    0.095019] Initializing cgroup subsys devices
[    0.096232] Initializing cgroup subsys freezer
[    0.097052] Initializing cgroup subsys blkio
[    0.097863] Initializing cgroup subsys perf_event
[    0.104224] mce: CPU supports 10 MCE banks
[    0.106408] SMP alternatives: switching to UP code
[    0.525531] Freeing SMP alternatives: 24k freed
[    0.528505] ACPI: Core revision 20110623
[    0.585339] ftrace: allocating 26610 entries in 105 pages
[    0.617608] ..TIMER: vector=0x30 apic1=0 pin1=2 apic2=-1 pin2=-1
[    0.620156] CPU0: AMD QEMU Virtual CPU version 2.0.0 stepping 03
[    0.624038] Performance Events: Broken PMU hardware detected, using software events only.
[    0.632985] NMI watchdog disabled (cpu0): hardware events not enabled
[    0.634642] Brought up 1 CPUs
[    0.635189] Total of 1 processors activated (4590.02 BogoMIPS).
[    0.657594] devtmpfs: initialized
[    0.686415] EVM: security.selinux
[    0.687157] EVM: security.SMACK64
[    0.688091] EVM: security.capability
[    0.709222] print_constraints: dummy: 
[    0.711146] RTC time: 18:14:29, date: 01/07/16
[    0.713760] NET: Registered protocol family 16
[    0.724141] ACPI: bus type pci registered
[    0.726940] PCI: Using configuration type 1 for base access
[    0.757399] bio: create slab &lt;bio-0&gt; at 0
[    0.761913] ACPI: Added _OSI(Module Device)
[    0.762513] ACPI: Added _OSI(Processor Device)
[    0.763044] ACPI: Added _OSI(3.0 _SCP Extensions)
[    0.764650] ACPI: Added _OSI(Processor Aggregator Device)
[    0.841446] ACPI: Interpreter enabled
[    0.842080] ACPI: (supports S0 S3 S4 S5)
[    0.844866] ACPI: Using IOAPIC for interrupt routing
[    0.917542] ACPI: No dock devices found.
[    0.918137] HEST: Table not found.
[    0.918710] PCI: Using host bridge windows from ACPI; if necessary, use "pci=nocrs" and report a bug
[    0.924729] ACPI: PCI Root Bridge [PCI0] (domain 0000 [bus 00-ff])
[    0.930479] pci_root PNP0A03:00: host bridge window [io  0x0000-0x0cf7]
[    0.931348] pci_root PNP0A03:00: host bridge window [io  0x0d00-0xadff]
[    0.932110] pci_root PNP0A03:00: host bridge window [io  0xae0f-0xaeff]
[    0.933027] pci_root PNP0A03:00: host bridge window [io  0xaf20-0xafdf]
[    0.933844] pci_root PNP0A03:00: host bridge window [io  0xafe4-0xffff]
[    0.936183] pci_root PNP0A03:00: host bridge window [mem 0x000a0000-0x000bffff]
[    0.937255] pci_root PNP0A03:00: host bridge window [mem 0x04000000-0xfebfffff]
[    0.968844] pci 0000:00:01.3: quirk: [io  0xb000-0xb03f] claimed by PIIX4 ACPI
[    0.969844] pci 0000:00:01.3: quirk: [io  0xb100-0xb10f] claimed by PIIX4 SMB
[    1.039324]  pci0000:00: Unable to request _OSC control (_OSC support mask: 0x1e)
[    1.105648] ACPI: PCI Interrupt Link [LNKA] (IRQs 5 *10 11)
[    1.108671] ACPI: PCI Interrupt Link [LNKB] (IRQs 5 *10 11)
[    1.110311] ACPI: PCI Interrupt Link [LNKC] (IRQs 5 10 *11)
[    1.113101] ACPI: PCI Interrupt Link [LNKD] (IRQs 5 10 *11)
[    1.114438] ACPI: PCI Interrupt Link [LNKS] (IRQs *9)
[    1.121859] vgaarb: device added: PCI:0000:00:02.0,decodes=io+mem,owns=io+mem,locks=none
[    1.124145] vgaarb: loaded
[    1.124514] vgaarb: bridge control possible 0000:00:02.0
[    1.128759] i2c-core: driver [aat2870] using legacy suspend method
[    1.129501] i2c-core: driver [aat2870] using legacy resume method
[    1.133289] SCSI subsystem initialized
[    1.137525] usbcore: registered new interface driver usbfs
[    1.138870] usbcore: registered new interface driver hub
[    1.140825] usbcore: registered new device driver usb
[    1.145706] PCI: Using ACPI for IRQ routing
[    1.158917] NetLabel: Initializing
[    1.160145] NetLabel:  domain hash size = 128
[    1.160673] NetLabel:  protocols = UNLABELED CIPSOv4
[    1.162844] NetLabel:  unlabeled traffic allowed by default
[    1.165592] HPET: 3 timers in total, 0 timers will be used for per-cpu timer
[    1.168363] hpet0: at MMIO 0xfed00000, IRQs 2, 8, 0
[    1.169183] hpet0: 3 comparators, 64-bit 100.000000 MHz counter
[    1.178706] Switching to clocksource hpet
[    1.419710] AppArmor: AppArmor Filesystem Enabled
[    1.422075] pnp: PnP ACPI init
[    1.422852] ACPI: bus type pnp registered
[    1.442354] pnp: PnP ACPI: found 9 devices
[    1.442968] ACPI: ACPI bus type pnp unregistered
[    1.502468] NET: Registered protocol family 2
[    1.540674] IP route cache hash table entries: 512 (order: 0, 4096 bytes)
[    1.547409] TCP established hash table entries: 2048 (order: 3, 32768 bytes)
[    1.549514] TCP bind hash table entries: 2048 (order: 3, 32768 bytes)
[    1.550765] TCP: Hash tables configured (established 2048 bind 2048)
[    1.551675] TCP reno registered
[    1.552515] UDP hash table entries: 128 (order: 0, 4096 bytes)
[    1.553834] UDP-Lite hash table entries: 128 (order: 0, 4096 bytes)
[    1.556040] NET: Registered protocol family 1
[    1.557645] pci 0000:00:00.0: Limiting direct PCI/PCI transfers
[    1.558497] pci 0000:00:01.0: PIIX3: Enabling Passive Release
[    1.559392] pci 0000:00:01.0: Activating ISA DMA hang workarounds
[    1.563881] ACPI: PCI Interrupt Link [LNKD] enabled at IRQ 11
[    1.565671] pci 0000:00:01.2: PCI INT D -&gt; Link[LNKD] -&gt; GSI 11 (level, high) -&gt; IRQ 11
[    1.567613] pci 0000:00:01.2: PCI INT D disabled
[    1.584014] Trying to unpack rootfs image as initramfs...
[    1.601274] audit: initializing netlink socket (disabled)
[    1.602781] type=2000 audit(1452190469.600:1): initialized
[    1.855314] HugeTLB registered 2 MB page size, pre-allocated 0 pages
[    1.932927] VFS: Disk quotas dquot_6.5.2
[    1.934656] Dquot-cache hash table entries: 512 (order 0, 4096 bytes)
[    1.950027] fuse init (API version 7.17)
[    1.953296] msgmni has been set to 84
[    1.987506] Block layer SCSI generic (bsg) driver version 0.4 loaded (major 253)
[    1.997806] io scheduler noop registered
[    1.998391] io scheduler deadline registered (default)
[    1.999566] io scheduler cfq registered
[    2.003070] pci_hotplug: PCI Hot Plug PCI Core version: 0.5
[    2.005424] pciehp: PCI Express Hot Plug Controller Driver version: 0.4
[    2.010814] input: Power Button as /devices/LNXSYSTM:00/LNXPWRBN:00/input/input0
[    2.012977] ACPI: Power Button [PWRF]
[    2.074661] ERST: Table is not found!
[    2.075220] GHES: HEST is not enabled!
[    2.078656] ACPI: PCI Interrupt Link [LNKC] enabled at IRQ 10
[    2.079387] virtio-pci 0000:00:03.0: PCI INT A -&gt; Link[LNKC] -&gt; GSI 10 (level, high) -&gt; IRQ 10
[    2.083153] virtio-pci 0000:00:04.0: PCI INT A -&gt; Link[LNKD] -&gt; GSI 11 (level, high) -&gt; IRQ 11
[    2.103841] ACPI: PCI Interrupt Link [LNKA] enabled at IRQ 10
[    2.105095] virtio-pci 0000:00:05.0: PCI INT A -&gt; Link[LNKA] -&gt; GSI 10 (level, high) -&gt; IRQ 10
[    2.122110] Serial: 8250/16550 driver, 32 ports, IRQ sharing enabled
[    2.167093] serial8250: ttyS0 at I/O 0x3f8 (irq = 4) is a 16550A
[    2.245662] serial8250: ttyS1 at I/O 0x2f8 (irq = 3) is a 16550A
[    2.364745] 00:05: ttyS0 at I/O 0x3f8 (irq = 4) is a 16550A
[    2.443409] 00:06: ttyS1 at I/O 0x2f8 (irq = 3) is a 16550A
[    2.484070] Linux agpgart interface v0.103
[    2.555113] brd: module loaded
[    2.574257] Refined TSC clocksource calibration: 2294.992 MHz.
[    2.575192] Switching to clocksource tsc
[    2.591917] loop: module loaded
[    2.641182]  vda: unknown partition table
[    2.689439] scsi0 : ata_piix
[    2.698640] scsi1 : ata_piix
[    2.699858] ata1: PATA max MWDMA2 cmd 0x1f0 ctl 0x3f6 bmdma 0xc0a0 irq 14
[    2.701717] ata2: PATA max MWDMA2 cmd 0x170 ctl 0x376 bmdma 0xc0a8 irq 15
[    2.711445] Fixed MDIO Bus: probed
[    2.712454] tun: Universal TUN/TAP device driver, 1.6
[    2.713904] tun: (C) 1999-2004 Max Krasnyansky &lt;maxk@qualcomm.com&gt;
[    2.726422] PPP generic driver version 2.4.2
[    2.750101] ehci_hcd: USB 2.0 'Enhanced' Host Controller (EHCI) Driver
[    2.751713] ohci_hcd: USB 1.1 'Open' Host Controller (OHCI) Driver
[    2.754129] uhci_hcd: USB Universal Host Controller Interface driver
[    2.755529] uhci_hcd 0000:00:01.2: PCI INT D -&gt; Link[LNKD] -&gt; GSI 11 (level, high) -&gt; IRQ 11
[    2.759721] uhci_hcd 0000:00:01.2: UHCI Host Controller
[    2.777991] uhci_hcd 0000:00:01.2: new USB bus registered, assigned bus number 1
[    2.779628] uhci_hcd 0000:00:01.2: irq 11, io base 0x0000c040
[    2.818048] hub 1-0:1.0: USB hub found
[    2.820864] hub 1-0:1.0: 2 ports detected
[    2.834718] usbcore: registered new interface driver libusual
[    2.839648] i8042: PNP: PS/2 Controller [PNP0303:KBD,PNP0f13:MOU] at 0x60,0x64 irq 1,12
[    2.855908] serio: i8042 KBD port at 0x60,0x64 irq 1
[    2.857097] serio: i8042 AUX port at 0x60,0x64 irq 12
[    2.879687] mousedev: PS/2 mouse device common for all mice
[    2.896984] rtc_cmos 00:01: RTC can wake from S4
[    2.926383] rtc_cmos 00:01: rtc core: registered rtc_cmos as rtc0
[    2.930219] rtc0: alarms up to one day, 114 bytes nvram, hpet irqs
[    2.933035] device-mapper: uevent: version 1.0.3
[    2.957228] device-mapper: ioctl: 4.22.0-ioctl (2011-10-19) initialised: dm-devel@redhat.com
[    2.961204] cpuidle: using governor ladder
[    2.962662] cpuidle: using governor menu
[    2.963651] EFI Variables Facility v0.08 2004-May-17
[    2.975864] TCP cubic registered
[    2.979734] NET: Registered protocol family 10
[    3.012796] NET: Registered protocol family 17
[    3.013323] Registering the dns_resolver key type
[    3.039854] input: AT Translated Set 2 keyboard as /devices/platform/i8042/serio0/input/input1
[    3.071283] ata2.01: ATAPI: QEMU DVD-ROM, 2.0.0, max UDMA/100
[    3.085817] ata2.01: configured for MWDMA2
[    3.108214] scsi 1:0:1:0: CD-ROM            QEMU     QEMU DVD-ROM     2.0. PQ: 0 ANSI: 5
[    3.129475] sr0: scsi3-mmc drive: 4x/4x cd/rw xa/form2 tray
[    3.132033] cdrom: Uniform CD-ROM driver Revision: 3.20
[    3.149040] registered taskstats version 1
[    3.168682] sr 1:0:1:0: Attached scsi generic sg0 type 5
[    3.239012] Freeing initrd memory: 3656k freed
[    3.727029]   Magic number: 0:571:240
[    3.737766] rtc_cmos 00:01: setting system clock to 2016-01-07 18:14:32 UTC (1452190472)
[    3.739685] powernow-k8: Processor cpuid 663 not supported
[    3.746400] BIOS EDD facility v0.16 2004-Jun-25, 0 devices found
[    3.747815] EDD information not available.
[    3.815793] Freeing unused kernel memory: 928k freed
[    3.820852] Write protecting the kernel read-only data: 12288k
[    3.916802] Freeing unused kernel memory: 1596k freed
[    3.971786] Freeing unused kernel memory: 1184k freed

info: initramfs: up at 4.15
modprobe: module virtio_blk not found in modules.dep
modprobe: module virtio_net not found in modules.dep
info: copying initramfs to /dev/vda
info: initramfs loading root from /dev/vda
info: /etc/init.d/rc.sysinit: up at 8.76
info: container: none
Starting logging: OK
modprobe: module virtio_blk not found in modules.dep
modprobe: module virtio_net not found in modules.dep
WARN: /etc/rc3.d/S10-load-modules failed
Initializing random number generator... done.
Starting acpid: OK
cirros-ds 'local' up at 11.29
found datasource (configdrive, local)
Starting network...
udhcpc (v1.20.1) started
Sending discover...
Sending discover...
Sending discover...
Usage: /sbin/cirros-dhcpc &lt;up|down&gt;
No lease, failing
WARN: /etc/rc3.d/S40-network failed
Starting dropbear sshd: generating rsa key... generating dsa key... OK
no userdata for datasource
=== system information ===
Platform: OpenStack Foundation OpenStack Nova
Container: none
Arch: x86_64
CPU(s): 1 @ 2295.012 MHz
Cores/Sockets/Threads: 1/1/1
Virt-type: AMD-V
RAM Size: 49MB
Disks:
NAME MAJ:MIN     SIZE LABEL         MOUNTPOINT
vda  253:0   25165824 cirros-rootfs /
sr0   11:0     428032 config-2      
=== sshd host keys ===
-----BEGIN SSH HOST KEY KEYS-----
ssh-rsa AAAAB3NzaC1yc2EAAAADAQABAAAAgnRfEdCzPM5cbJebQxjlsC/W66hdiCwndTGxITx2OIYF/0r0V9raOh2uU2kMd+2tngI1mlDR9VyNbLWa30Zzv9Nb4MFokiHB2Rh70IeUsL3dIOKBESywytQ2Hsn8L0Qj7F1DGtH2pASYME7grmSuAOE96g8tegZNkDZKKLi7WM5C888= root@tempest
ssh-dss AAAAB3NzaC1kc3MAAACBAOeSTxRee5XWDT19bnAVhIhwSiJY1yLy87DQp6p5L7cqf9HImQYJ9kgqfQlTnGVNayB5sKaod5N0AFRVpjvY58RU6AN2JRmcgN7sqA/qEE29Tci3y0Brqbxz2gJt1x8/7wmRqNOulqYn4ITngAKEkiZxiERDQQPuZziGu/qmuzUhAAAAFQDFvovq/fgjgv0zG7cZosvLH+F2rwAAAIAU5MSQv4IUaYCE1q4n7qsz4Q2QM1K0ti+THMBj/1/VDjIO0gaD59T+H4/N6+x6tAoQx44y5Gb5qZBwgaJAVYqgOeh9iuJJcDzQ/TpqQWm8LBLxwhGxDK5Isa68bNypCM2BC7yGMUBzC7nb7t/3w09xdSYww4DpecM0O2Nzh4bpXQAAAIAs+0nbo7GA8cPJcD9oDZJxHce1lHwf7FQLa/PhQ6JSOwnV2PyUiZES+74sFyJKdHoBDnLPoQc/MJIiHJUxeG2DNESDWyO5S44VAdvrUxmN9EpH3RRNGJPWbIDqdmBJTx1QVSdndeOLbOHZ3Lgf5Wv0epbemJrCHLmLBxuAY2flLw== root@tempest
-----END SSH HOST KEY KEYS-----
=== network info ===
if-info: lo,up,127.0.0.1,8,::1
if-info: eth0,up,,8,fe80::f816:3eff:fe9e:625c
=== datasource: configdrive local ===
instance-id: 1bd7dc99-4acf-4e1a-bcaf-df09b5be9219
name: tempest.common.compute-instance-451666591
availability-zone: nova
local-hostname: tempest.common.compute-instance-451666591.novalocal
launch-index: 0
=== cirros: current=0.3.4 uptime=203.11 ===
route: fscanf
=== pinging gateway failed, debugging connection ===
############ debug start ##############
### /etc/init.d/sshd start
Starting dropbear sshd: OK
route: fscanf
### ifconfig -a
eth0      Link encap:Ethernet  HWaddr FA:16:3E:9E:62:5C  
          inet6 addr: fe80::f816:3eff:fe9e:625c/64 Scope:Link
          UP BROADCAST RUNNING MULTICAST  MTU:1500  Metric:1
          RX packets:12 errors:0 dropped:5 overruns:0 frame:0
          TX packets:8 errors:0 dropped:0 overruns:0 carrier:0
          collisions:0 txqueuelen:1000 
          RX bytes:1293 (1.2 KiB)  TX bytes:1134 (1.1 KiB)

lo        Link encap:Local Loopback  
          inet addr:127.0.0.1  Mask:255.0.0.0
          inet6 addr: ::1/128 Scope:Host
          UP LOOPBACK RUNNING  MTU:16436  Metric:1
          RX packets:12 errors:0 dropped:0 overruns:0 frame:0
          TX packets:12 errors:0 dropped:0 overruns:0 carrier:0
          collisions:0 txqueuelen:0 
          RX bytes:1020 (1020.0 B)  TX bytes:1020 (1020.0 B)

### route -n
Kernel IP routing table
Destination     Gateway         Genmask         Flags Metric Ref    Use Iface
route: fscanf
### cat /etc/resolv.conf
cat: can't open '/etc/resolv.conf': No such file or directory
### gateway not found
/sbin/cirros-status: line 1: can't open /etc/resolv.conf: no such file
### pinging nameservers
### uname -a
Linux tempest 3.2.0-80-virtual #116-Ubuntu SMP Mon Mar 23 17:28:52 UTC 2015 x86_64 GNU/Linux
### lsmod
Module                  Size  Used by    Not tainted
nls_iso8859_1          12713  0 
nls_cp437              16991  0 
vfat                   17585  0 
fat                    61512  1 vfat
isofs                  40259  0 
ip_tables              27473  0 
x_tables               29891  1 ip_tables
pcnet32                42119  0 
8139cp                 27360  0 
ne2k_pci               13691  0 
8390                   18856  1 ne2k_pci
e1000                 108589  0 
acpiphp                24231  0 
### dmesg | tail
[    4.927134] EXT3-fs (vda): mounted filesystem with ordered data mode
[    5.222629] ISO 9660 Extensions: Microsoft Joliet Level 3
[    5.302251] ISO 9660 Extensions: RRIP_1991A
[    5.541815] kjournald starting.  Commit interval 5 seconds
[    5.557270] EXT3-fs (vda): using internal journal
[    5.557358] EXT3-fs (vda): mounted filesystem with ordered data mode
[    8.854532] EXT3-fs (vda): using internal journal
[   12.082509] ISO 9660 Extensions: Microsoft Joliet Level 3
[   12.185951] ISO 9660 Extensions: RRIP_1991A
[   27.274612] eth0: no IPv6 routers present
### tail -n 25 /var/log/messages
Jan  7 18:14:39 cirros kern.info kernel: [    4.453039] acpiphp: Slot [26] registered
Jan  7 18:14:39 cirros kern.info kernel: [    4.453392] acpiphp: Slot [27] registered
Jan  7 18:14:39 cirros kern.info kernel: [    4.453736] acpiphp: Slot [28] registered
Jan  7 18:14:39 cirros kern.info kernel: [    4.454448] acpiphp: Slot [29] registered
Jan  7 18:14:39 cirros kern.info kernel: [    4.454880] acpiphp: Slot [30] registered
Jan  7 18:14:39 cirros kern.info kernel: [    4.455223] acpiphp: Slot [31] registered
Jan  7 18:14:39 cirros kern.info kernel: [    4.513435] e1000: Intel(R) PRO/1000 Network Driver - version 7.3.21-k8-NAPI
Jan  7 18:14:39 cirros kern.info kernel: [    4.513488] e1000: Copyright (c) 1999-2006 Intel Corporation.
Jan  7 18:14:39 cirros kern.info kernel: [    4.557503] ne2k-pci.c:v1.03 9/22/2003 D. Becker/P. Gortmaker
Jan  7 18:14:39 cirros kern.info kernel: [    4.593943] 8139cp: 8139cp: 10/100 PCI Ethernet driver v1.3 (Mar 22, 2004)
Jan  7 18:14:39 cirros kern.info kernel: [    4.647579] pcnet32: pcnet32.c:v1.35 21.Apr.2008 tsbogend@alpha.franken.de
Jan  7 18:14:39 cirros kern.info kernel: [    4.695987] ip_tables: (C) 2000-2006 Netfilter Core Team
Jan  7 18:14:39 cirros kern.info kernel: [    4.918850] kjournald starting.  Commit interval 5 seconds
Jan  7 18:14:39 cirros kern.info kernel: [    4.927134] EXT3-fs (vda): mounted filesystem with ordered data mode
Jan  7 18:14:39 cirros kern.debug kernel: [    5.222629] ISO 9660 Extensions: Microsoft Joliet Level 3
Jan  7 18:14:39 cirros kern.debug kernel: [    5.302251] ISO 9660 Extensions: RRIP_1991A
Jan  7 18:14:39 cirros kern.info kernel: [    5.541815] kjournald starting.  Commit interval 5 seconds
Jan  7 18:14:39 cirros kern.info kernel: [    5.557270] EXT3-fs (vda): using internal journal
Jan  7 18:14:39 cirros kern.info kernel: [    5.557358] EXT3-fs (vda): mounted filesystem with ordered data mode
Jan  7 18:14:39 cirros kern.info kernel: [    8.854532] EXT3-fs (vda): using internal journal
Jan  7 18:14:40 cirros kern.debug kernel: [   12.082509] ISO 9660 Extensions: Microsoft Joliet Level 3
Jan  7 18:14:40 cirros kern.debug kernel: [   12.185951] ISO 9660 Extensions: RRIP_1991A
Jan  7 18:14:43 cirros auth.notice su: + /dev/console root:cirros
Jan  7 18:14:56 cirros kern.debug kernel: [   27.274612] eth0: no IPv6 routers present
Jan  7 18:17:49 cirros authpriv.info dropbear[283]: Running in background
############ debug end   ##############
  ____               ____  ____
 / __/ __ ____ ____ / __ \/ __/
/ /__ / // __// __// /_/ /\ \ 
\___//_//_/  /_/   \____/___/ 
   http://cirros-cloud.net


login as 'cirros' user. default password: 'cubswin:)'. use 'sudo' for root.
tempest login: 
2016-01-07 18:18:00,165 4665 INFO     [tempest_lib.common.rest_client] Request (TestGettingAddress:_run_cleanups): 204 DELETE http://10.0.2.15:9696/v2.0/floatingips/a423bb0a-a3f7-445c-8c46-fbfe03c0b998 0.282s
2016-01-07 18:18:00,165 4665 DEBUG    [tempest_lib.common.rest_client] Request - Headers: {'Content-Type': 'application/json', 'Accept': 'application/json', 'X-Auth-Token': '&lt;omitted&gt;'}
        Body: None
    Response - Headers: {'date': 'Thu, 07 Jan 2016 18:18:00 GMT', 'status': '204', 'connection': 'close', 'content-length': '0', 'x-openstack-request-id': 'req-1bf3a23f-a3cb-44c0-a624-0ecfcdde07dc'}
        Body: 
2016-01-07 18:18:00,427 4665 INFO     [tempest_lib.common.rest_client] Request (TestGettingAddress:_run_cleanups): 204 DELETE http://10.0.2.15:8774/v2.1/73563529b26a4de2b845e31d320a0a6b/servers/1bd7dc99-4acf-4e1a-bcaf-df09b5be9219 0.261s
2016-01-07 18:18:00,427 4665 DEBUG    [tempest_lib.common.rest_client] Request - Headers: {'Content-Type': 'application/json', 'Accept': 'application/json', 'X-Auth-Token': '&lt;omitted&gt;'}
        Body: None
    Response - Headers: {'status': '204', 'content-length': '0', 'x-compute-request-id': 'req-529388b8-dbab-47eb-a1e2-cf631f260673', 'vary': 'X-OpenStack-Nova-API-Version', 'connection': 'close', 'x-openstack-nova-api-version': '2.1', 'date': 'Thu, 07 Jan 2016 18:18:00 GMT', 'content-type': 'application/json'}
        Body: 
2016-01-07 18:18:00,673 4665 INFO     [tempest_lib.common.rest_client] Request (TestGettingAddress:_run_cleanups): 200 GET http://10.0.2.15:8774/v2.1/73563529b26a4de2b845e31d320a0a6b/servers/1bd7dc99-4acf-4e1a-bcaf-df09b5be9219 0.245s
2016-01-07 18:18:00,673 4665 DEBUG    [tempest_lib.common.rest_client] Request - Headers: {'Content-Type': 'application/json', 'Accept': 'application/json', 'X-Auth-Token': '&lt;omitted&gt;'}
        Body: None
    Response - Headers: {'status': '200', 'content-length': '1902', 'content-location': 'http://10.0.2.15:8774/v2.1/73563529b26a4de2b845e31d320a0a6b/servers/1bd7dc99-4acf-4e1a-bcaf-df09b5be9219', 'x-compute-request-id': 'req-eafcf390-143e-479e-bce4-5901c3593e3c', 'vary': 'X-OpenStack-Nova-API-Version', 'connection': 'close', 'x-openstack-nova-api-version': '2.1', 'date': 'Thu, 07 Jan 2016 18:18:00 GMT', 'content-type': 'application/json'}
        Body: {"server": {"status": "ACTIVE", "updated": "2016-01-07T18:18:00Z", "hostId": "6a5330d560c6eafc59050e1d2ac8a01144d25f63b78c0f764286d49f", "addresses": {"tempest-network-smoke--1742890478": [{"OS-EXT-IPS-MAC:mac_addr": "fa:16:3e:9e:62:5c", "version": 4, "addr": "10.100.0.3", "OS-EXT-IPS:type": "fixed"}, {"OS-EXT-IPS-MAC:mac_addr": "fa:16:3e:9e:62:5c", "version": 6, "addr": "2003::f816:3eff:fe9e:625c", "OS-EXT-IPS:type": "fixed"}, {"OS-EXT-IPS-MAC:mac_addr": "fa:16:3e:9e:62:5c", "version": 4, "addr": "172.24.4.4", "OS-EXT-IPS:type": "floating"}]}, "links": [{"href": "http://10.0.2.15:8774/v2.1/73563529b26a4de2b845e31d320a0a6b/servers/1bd7dc99-4acf-4e1a-bcaf-df09b5be9219", "rel": "self"}, {"href": "http://10.0.2.15:8774/73563529b26a4de2b845e31d320a0a6b/servers/1bd7dc99-4acf-4e1a-bcaf-df09b5be9219", "rel": "bookmark"}], "key_name": "tempest-TestGettingAddress-135356328", "image": {"id": "c84d46f4-0200-4682-a844-01b3c673f84e", "links": [{"href": "http://10.0.2.15:8774/73563529b26a4de2b845e31d320a0a6b/images/c84d46f4-0200-4682-a844-01b3c673f84e", "rel": "bookmark"}]}, "OS-EXT-STS:task_state": "deleting", "OS-EXT-STS:vm_state": "active", "OS-SRV-USG:launched_at": "2016-01-07T18:14:25.000000", "flavor": {"id": "42", "links": [{"href": "http://10.0.2.15:8774/73563529b26a4de2b845e31d320a0a6b/flavors/42", "rel": "bookmark"}]}, "id": "1bd7dc99-4acf-4e1a-bcaf-df09b5be9219", "security_groups": [{"name": "tempest-secgroup-smoke-480377255"}], "OS-SRV-USG:terminated_at": null, "OS-EXT-AZ:availability_zone": "nova", "user_id": "1cc3cc09a39444709b0cd4e90bd16cf4", "name": "tempest.common.compute-instance-451666591", "created": "2016-01-07T18:14:22Z", "tenant_id": "73563529b26a4de2b845e31d320a0a6b", "OS-DCF:diskConfig": "MANUAL", "os-extended-volumes:volumes_attached": [], "accessIPv4": "", "accessIPv6": "", "progress": 0, "OS-EXT-STS:power_state": 1, "config_drive": "True", "metadata": {}}}
2016-01-07 18:18:01,809 4665 INFO     [tempest_lib.common.rest_client] Request (TestGettingAddress:_run_cleanups): 200 GET http://10.0.2.15:8774/v2.1/73563529b26a4de2b845e31d320a0a6b/servers/1bd7dc99-4acf-4e1a-bcaf-df09b5be9219 0.124s
2016-01-07 18:18:01,809 4665 DEBUG    [tempest_lib.common.rest_client] Request - Headers: {'Content-Type': 'application/json', 'Accept': 'application/json', 'X-Auth-Token': '&lt;omitted&gt;'}
        Body: None
    Response - Headers: {'status': '200', 'content-length': '1835', 'content-location': 'http://10.0.2.15:8774/v2.1/73563529b26a4de2b845e31d320a0a6b/servers/1bd7dc99-4acf-4e1a-bcaf-df09b5be9219', 'x-compute-request-id': 'req-4b08fa27-292d-44fe-9e42-c67e5c0e02a6', 'vary': 'X-OpenStack-Nova-API-Version', 'connection': 'close', 'x-openstack-nova-api-version': '2.1', 'date': 'Thu, 07 Jan 2016 18:18:01 GMT', 'content-type': 'application/json'}
        Body: {"server": {"status": "ACTIVE", "updated": "2016-01-07T18:18:01Z", "hostId": "6a5330d560c6eafc59050e1d2ac8a01144d25f63b78c0f764286d49f", "addresses": {"tempest-network-smoke--1742890478": [{"OS-EXT-IPS-MAC:mac_addr": "fa:16:3e:9e:62:5c", "version": 4, "addr": "10.100.0.3", "OS-EXT-IPS:type": "fixed"}, {"OS-EXT-IPS-MAC:mac_addr": "fa:16:3e:9e:62:5c", "version": 6, "addr": "2003::f816:3eff:fe9e:625c", "OS-EXT-IPS:type": "fixed"}, {"OS-EXT-IPS-MAC:mac_addr": "fa:16:3e:9e:62:5c", "version": 4, "addr": "172.24.4.4", "OS-EXT-IPS:type": "floating"}]}, "links": [{"href": "http://10.0.2.15:8774/v2.1/73563529b26a4de2b845e31d320a0a6b/servers/1bd7dc99-4acf-4e1a-bcaf-df09b5be9219", "rel": "self"}, {"href": "http://10.0.2.15:8774/73563529b26a4de2b845e31d320a0a6b/servers/1bd7dc99-4acf-4e1a-bcaf-df09b5be9219", "rel": "bookmark"}], "key_name": "tempest-TestGettingAddress-135356328", "image": {"id": "c84d46f4-0200-4682-a844-01b3c673f84e", "links": [{"href": "http://10.0.2.15:8774/73563529b26a4de2b845e31d320a0a6b/images/c84d46f4-0200-4682-a844-01b3c673f84e", "rel": "bookmark"}]}, "OS-EXT-STS:task_state": "deleting", "OS-EXT-STS:vm_state": "active", "OS-SRV-USG:launched_at": "2016-01-07T18:14:25.000000", "flavor": {"id": "42", "links": [{"href": "http://10.0.2.15:8774/73563529b26a4de2b845e31d320a0a6b/flavors/42", "rel": "bookmark"}]}, "id": "1bd7dc99-4acf-4e1a-bcaf-df09b5be9219", "OS-SRV-USG:terminated_at": null, "OS-EXT-AZ:availability_zone": "nova", "user_id": "1cc3cc09a39444709b0cd4e90bd16cf4", "name": "tempest.common.compute-instance-451666591", "created": "2016-01-07T18:14:22Z", "tenant_id": "73563529b26a4de2b845e31d320a0a6b", "OS-DCF:diskConfig": "MANUAL", "os-extended-volumes:volumes_attached": [], "accessIPv4": "", "accessIPv6": "", "progress": 0, "OS-EXT-STS:power_state": 1, "config_drive": "True", "metadata": {}}}
2016-01-07 18:18:02,903 4665 INFO     [tempest_lib.common.rest_client] Request (TestGettingAddress:_run_cleanups): 404 GET http://10.0.2.15:8774/v2.1/73563529b26a4de2b845e31d320a0a6b/servers/1bd7dc99-4acf-4e1a-bcaf-df09b5be9219 0.081s
2016-01-07 18:18:02,904 4665 DEBUG    [tempest_lib.common.rest_client] Request - Headers: {'Content-Type': 'application/json', 'Accept': 'application/json', 'X-Auth-Token': '&lt;omitted&gt;'}
        Body: None
    Response - Headers: {'status': '404', 'content-length': '111', 'x-compute-request-id': 'req-1902a44d-bfbd-4dfe-befb-6581e514b89e', 'vary': 'X-OpenStack-Nova-API-Version', 'connection': 'close', 'x-openstack-nova-api-version': '2.1', 'date': 'Thu, 07 Jan 2016 18:18:02 GMT', 'content-type': 'application/json; charset=UTF-8'}
        Body: {"itemNotFound": {"message": "Instance 1bd7dc99-4acf-4e1a-bcaf-df09b5be9219 could not be found.", "code": 404}}
2016-01-07 18:18:03,313 4665 INFO     [tempest_lib.common.rest_client] Request (TestGettingAddress:_run_cleanups): 200 PUT http://10.0.2.15:9696/v2.0/routers/26fa1d7d-d57b-4a0a-886c-336982748c76/remove_router_interface 0.408s
2016-01-07 18:18:03,314 4665 DEBUG    [tempest_lib.common.rest_client] Request - Headers: {'Content-Type': 'application/json', 'Accept': 'application/json', 'X-Auth-Token': '&lt;omitted&gt;'}
        Body: {"subnet_id": "31c03902-c5d3-4b39-8f6b-6e5e1f7b61b0"}
    Response - Headers: {'status': '200', 'content-length': '255', 'connection': 'close', 'date': 'Thu, 07 Jan 2016 18:18:03 GMT', 'content-type': 'application/json; charset=UTF-8', 'x-openstack-request-id': 'req-e6645b98-7668-4c2d-917b-2af8bbca35b9'}
        Body: {"subnet_id": "31c03902-c5d3-4b39-8f6b-6e5e1f7b61b0", "tenant_id": "73563529b26a4de2b845e31d320a0a6b", "subnet_ids": ["31c03902-c5d3-4b39-8f6b-6e5e1f7b61b0"], "port_id": "6dcba8d8-20ce-4a53-a99e-7393a47cfba1", "id": "26fa1d7d-d57b-4a0a-886c-336982748c76"}
2016-01-07 18:18:03,850 4665 INFO     [tempest_lib.common.rest_client] Request (TestGettingAddress:_run_cleanups): 204 DELETE http://10.0.2.15:9696/v2.0/subnets/31c03902-c5d3-4b39-8f6b-6e5e1f7b61b0 0.534s
2016-01-07 18:18:03,850 4665 DEBUG    [tempest_lib.common.rest_client] Request - Headers: {'Content-Type': 'application/json', 'Accept': 'application/json', 'X-Auth-Token': '&lt;omitted&gt;'}
        Body: None
    Response - Headers: {'date': 'Thu, 07 Jan 2016 18:18:03 GMT', 'status': '204', 'connection': 'close', 'content-length': '0', 'x-openstack-request-id': 'req-7938c467-53ed-42eb-905f-7eb5a52de975'}
        Body: 
2016-01-07 18:18:03,895 4665 INFO     [tempest_lib.common.rest_client] Request (TestGettingAddress:_run_cleanups): 404 DELETE http://10.0.2.15:9696/v2.0/subnets/31c03902-c5d3-4b39-8f6b-6e5e1f7b61b0 0.044s
2016-01-07 18:18:03,896 4665 DEBUG    [tempest_lib.common.rest_client] Request - Headers: {'Content-Type': 'application/json', 'Accept': 'application/json', 'X-Auth-Token': '&lt;omitted&gt;'}
        Body: None
    Response - Headers: {'status': '404', 'content-length': '136', 'connection': 'close', 'date': 'Thu, 07 Jan 2016 18:18:03 GMT', 'content-type': 'application/json; charset=UTF-8', 'x-openstack-request-id': 'req-c5711526-b67a-4185-9ffe-1b644504187d'}
        Body: {"NeutronError": {"message": "Subnet 31c03902-c5d3-4b39-8f6b-6e5e1f7b61b0 could not be found.", "type": "SubnetNotFound", "detail": ""}}
2016-01-07 18:18:04,318 4665 INFO     [tempest_lib.common.rest_client] Request (TestGettingAddress:_run_cleanups): 200 PUT http://10.0.2.15:9696/v2.0/routers/26fa1d7d-d57b-4a0a-886c-336982748c76/remove_router_interface 0.422s
2016-01-07 18:18:04,319 4665 DEBUG    [tempest_lib.common.rest_client] Request - Headers: {'Content-Type': 'application/json', 'Accept': 'application/json', 'X-Auth-Token': '&lt;omitted&gt;'}
