<?xml version="1.0" encoding="UTF-8"?>
<!DOCTYPE html PUBLIC "-//W3C//DTD XHTML 1.0 Strict//EN"
     "http://www.w3.org/TR/xhtml1/DTD/xhtml1-strict.dtd">
<html xmlns="http://www.w3.org/1999/xhtml">
<head>
    <title>Unit Test Report</title>
    <meta name="generator" content="subunit2html 0.1"/>
    <meta http-equiv="Content-Type" content="text/html; charset=UTF-8"/>
    
<style type="text/css" media="screen">
body        { font-family: verdana, arial, helvetica, sans-serif;
    font-size: 80%; }
table       { font-size: 100%; width: 100%;}
pre         { font-size: 80%; }

/* -- heading -------------------------------------------------------------- */
h1 {
        font-size: 16pt;
        color: gray;
}
.heading {
    margin-top: 0ex;
    margin-bottom: 1ex;
}

.heading .attribute {
    margin-top: 1ex;
    margin-bottom: 0;
}

.heading .description {
    margin-top: 4ex;
    margin-bottom: 6ex;
}

/* -- css div popup -------------------------------------------------------- */
a.popup_link {
}

a.popup_link:hover {
    color: red;
}

.popup_window {
    display: none;
    overflow-x: scroll;
    /*border: solid #627173 1px; */
    padding: 10px;
    background-color: #E6E6D6;
    font-family: "Ubuntu Mono", "Lucida Console", "Courier New", monospace;
    text-align: left;
    font-size: 8pt;
}

}
/* -- report --------------------------------------------------------------- */
#show_detail_line {
    margin-top: 3ex;
    margin-bottom: 1ex;
}
#result_table {
    width: 100%;
    border-collapse: collapse;
    border: 1px solid #777;
}
#header_row {
    font-weight: bold;
    color: white;
    background-color: #777;
}
#result_table td {
    border: 1px solid #777;
    padding: 2px;
}
#total_row  { font-weight: bold; }
.passClass  { background-color: #6c6; }
.failClass  { background-color: #c60; }
.errorClass { background-color: #c00; }
.passCase   { color: #6c6; }
.failCase   { color: #c60; font-weight: bold; }
.errorCase  { color: #c00; font-weight: bold; }
.hiddenRow  { display: none; }
.testcase   { margin-left: 2em; }
td.testname {width: 40%}
td.small {width: 40px}

/* -- ending --------------------------------------------------------------- */
#ending {
}

</style>

</head>
<body>
<script language="javascript" type="text/javascript"><!--
output_list = Array();

/* level - 0:Summary; 1:Failed; 2:All */
function showCase(level) {
    trs = document.getElementsByTagName("tr");
    for (var i = 0; i < trs.length; i++) {
        tr = trs[i];
        id = tr.id;
        if (id.substr(0,2) == 'ft') {
            if (level < 1) {
                tr.className = 'hiddenRow';
            }
            else {
                tr.className = '';
            }
        }
        if (id.substr(0,2) == 'pt') {
            if (level > 1) {
                tr.className = '';
            }
            else {
                tr.className = 'hiddenRow';
            }
        }
    }
}


function showClassDetail(cid, count) {
    var id_list = Array(count);
    var toHide = 1;
    for (var i = 0; i < count; i++) {
        tid0 = 't' + cid.substr(1) + '.' + (i+1);
        tid = 'f' + tid0;
        tr = document.getElementById(tid);
        if (!tr) {
            tid = 'p' + tid0;
            tr = document.getElementById(tid);
        }
        id_list[i] = tid;
        if (tr.className) {
            toHide = 0;
        }
    }
    for (var i = 0; i < count; i++) {
        tid = id_list[i];
        if (toHide) {
            document.getElementById('div_'+tid).style.display = 'none'
            document.getElementById(tid).className = 'hiddenRow';
        }
        else {
            document.getElementById(tid).className = '';
        }
    }
}


function showTestDetail(div_id){
    var details_div = document.getElementById(div_id)
    var displayState = details_div.style.display
    // alert(displayState)
    if (displayState != 'block' ) {
        displayState = 'block'
        details_div.style.display = 'block'
    }
    else {
        details_div.style.display = 'none'
    }
}


function html_escape(s) {
    s = s.replace(/&/g,'&amp;');
    s = s.replace(/</g,'&lt;');
    s = s.replace(/>/g,'&gt;');
    return s;
}

/* obsoleted by detail in <div>
function showOutput(id, name) {
    var w = window.open("", //url
                    name,
                    "resizable,scrollbars,status,width=800,height=450");
    d = w.document;
    d.write("<pre>");
    d.write(html_escape(output_list[id]));
    d.write("\n");
    d.write("<a href='javascript:window.close()'>close</a>\n");
    d.write("</pre>\n");
    d.close();
}
*/
--></script>

<div class='heading'>
<h1>Unit Test Report</h1>

<p class='attribute'><strong>Status:</strong> Failure 8</p>

<p class='description'></p>
</div>



<p id='show_detail_line'>Show
<a href='javascript:showCase(0)'>Summary</a>
<a href='javascript:showCase(1)'>Failed</a>
<a href='javascript:showCase(2)'>All</a>
</p>
<table id='result_table'>
<colgroup>
<col align='left' />
<col align='right' />
<col align='right' />
<col align='right' />
<col align='right' />
<col align='right' />
<col align='right' />
<col align='right' />
</colgroup>
<tr id='header_row'>
    <td>Test Group/Test case</td>
    <td>Count</td>
    <td>Pass</td>
    <td>Fail</td>
    <td>Error</td>
    <td>Skip</td>
    <td>View</td>
    <td> </td>
</tr>

<tr class='failClass'>
    <td class="testname">tempest.scenario.test_network_v6.TestGettingAddress</td>
    <td class="small">8</td>
    <td class="small">0</td>
    <td class="small">8</td>
    <td class="small">0</td>
    <td class="small">0</td>
    <td class="small"><a href="javascript:showClassDetail('c1',8)"
>Detail</a></td>
    <td> </td>
</tr>

<tr id='ft1.1' class='none'>
    <td class='failCase'><div class='testcase'>test_dhcp6_stateless_from_os[compute,id-d7e1f858-187c-45a6-89c9-bdafde619a9f,network]</div></td>
    <td colspan='7' align='left'>

    <!--css div popup start-->
    <a class="popup_link" onfocus='this.blur();'
    href="javascript:showTestDetail('div_ft1.1')" >
        fail</a>

    <div id='div_ft1.1' class="popup_window">
        <div style='text-align: right; color:red;cursor:pointer'>
        <a onfocus='this.blur();'
onclick="document.getElementById('div_ft1.1').style.display = 'none' " >
           [x]</a>
        </div>
        <pre>
        
ft1.1: tempest.scenario.test_network_v6.TestGettingAddress.test_dhcp6_stateless_from_os[compute,id-d7e1f858-187c-45a6-89c9-bdafde619a9f,network]_StringException: Empty attachments:
  stderr
  stdout

pythonlogging:'': {{{
2015-12-23 14:57:54,053 21206 INFO     [tempest_lib.common.rest_client] Request (TestGettingAddress:setUp): 200 POST http://10.0.2.15:8774/v2.1/e4e87ae4d68041cd81b928b53e6a6a3c/os-keypairs 0.296s
2015-12-23 14:57:54,053 21206 DEBUG    [tempest_lib.common.rest_client] Request - Headers: {'Content-Type': 'application/json', 'Accept': 'application/json', 'X-Auth-Token': '&lt;omitted&gt;'}
        Body: {"keypair": {"name": "tempest-TestGettingAddress-233010202"}}
    Response - Headers: {'status': '200', 'content-length': '2319', 'x-compute-request-id': 'req-7ae6ed7a-5f70-4ded-9bce-11e8416b1124', 'vary': 'X-OpenStack-Nova-API-Version', 'connection': 'close', 'x-openstack-nova-api-version': '2.1', 'date': 'Wed, 23 Dec 2015 14:57:54 GMT', 'content-type': 'application/json'}
        Body: {"keypair": {"public_key": "ssh-rsa AAAAB3NzaC1yc2EAAAADAQABAAABAQCePq6hX51+Ivb5Fwf0i1TuRGDqzmV7cW+SH4Z/y50mV3jHhH/vmLjiir/3FaeqSDvMXcY6DPdDcgBR6yZFZA4MtALLPXZTB4vxeoarQOZ8KvbW4BnDZpfdz1HWQ3sfKGYHQSu66JkW02jIM6zYskfPXUT92yY/4vEZkUmi8aImDY2v4TUiSSoE3gwMP+f48LVp4g7J7opTcr8Ps5ahHi8rwbfhXffcEwN9yHAlkUgT2YjHRdx86L6ls92Dg+w1xi6ZWrCxh0Ul8ETWHzi0jLp/yUY8GUEv+Pcr+Z7eaQxZLy3ydYiUpWOUx8H0wr5/v9ncarRPeprj1lct17hfPv+p Generated-by-Nova", "private_key": "-----BEGIN RSA PRIVATE KEY-----\nMIIEpwIBAAKCAQEAnj6uoV+dfiL2+RcH9ItU7kRg6s5le3Fvkh+Gf8udJld4x4R/\n75i44oq/9xWnqkg7zF3GOgz3Q3IAUesmRWQODLQCyz12UweL8XqGq0DmfCr21uAZ\nw2aX3c9R1kN7HyhmB0EruuiZFtNoyDOs2LJHz11E/dsmP+LxGZFJovGiJg2Nr+E1\nIkkqBN4MDD/n+PC1aeIOye6KU3K/D7OWoR4vK8G34V333BMDfchwJZFIE9mIx0Xc\nfOi+pbPdg4PsNcYumVqwsYdFJfBE1h84tIy6f8lGPBlBL/j3K/me3mkMWS8t8nWI\nlKVjlMfB9MK+f7/Z3Gq0T3qa49ZXLde4Xz7/qQIDAQABAoIBADi8To4rIuNbk+Lg\n4AhMgEnhGEJ3d6kXlaH1TZq6HQDnMbWPCvOTdQ48IvFqwS9rMI1oPa8IgQqccALu\n5UzRv7vMOog15BuGxCTzAh+aaEiyese1l2cYfHCZaUUB8r3MFTCarBwaUvD9IT9O\nT7VtzhNJ5HeDwCX9ruW00orqSXGMsB3ira+LejyCiOm/IZLwWwZJh8il/Nb+fECm\nEeD/cburidfvymNln2OjrEQjDaQLwjrc7PJWoZzTpyX1bfZw0oOhoQDWZraMoiC/\nN1xbDYSUX0rMxyZsGx2iNqFR7fLQCUe5zp9U7JYhfuDIuBUxTi/JrInnwcyPUNz2\njYZmFIECggCBAMaEm9rDY9Nk0GGT3hFTRDMD4Di2typQoK7E6tyzYcBQOUiFweht\ni9ycIbkovUOqYU/BMxzHgHBzUIzE1ZMNgcmYCY225apoCLfs8AlSUS4hEbEFVKoN\n37g8OTzxs89uw/zUBUfXyGq6lajfISi2gdEnejAo8LfR33hC1DZv8ea5AoIAgQDM\nEMbHjBCVQsBDXiK4XoIpLuIevilWQpt3UFkRiOChEkcECW67xyBDAm8CeGVZIWfa\n/jdbsIf0u6ElFPaVQW0TtmmGDZsgd7nZcbS2kBA7LGqDUoyn65PD5uxGj7wZUEmG\neRWBK1fvHJEzTkSQojvk+yYB1DwI1C1wc1PXjyVocQKCAIBUO7BmAsI40G4a+UMg\n1tP5UYuyhNTzf4KupZ+CRhsUHvYvb5H3rYPK9/TXPBISxBjGXpPxgjVdgZCMKnj1\nDKYlg/2JxDFvPPV2FXNEgUkw6Zc4Jarm/TwQUH14/pXtTnKatNwIv+aqYsFeBk9r\nlwU+WiHejYCWftbzkGe7MYTTAQKCAIBP56nObTv5FkAuoOe7hdY1xhPosdGB42b4\n209lHFHJAF0qaX8grCIn2wYY04fr1LbT+4M1tfQmkmnRGVpMq2fItj6vrRg3KGpv\niKSYb+TLJuM2NNa60fX0WbHfF10yFEwWCcev4ob2LBt3GYijkcMeMHF7ed1gH6UD\nSUVlPLoLIQKCAIBcvtzFKkne1kjhScEjf/gh9nNSy5kFesXlPFo3j1xojunB93rz\nCWvWs0ZgWQeDtgpIr2+uPk/Vwi46Rtf/GGlOKZ9XcZU+CUlUWbzX0nYqdXfd+xWD\nKIxeo5EjGDIb7YnDnADOxFcIjuHIUuaV35mPceU2+BLkKm1owY/h0tMXrA==\n-----END RSA PRIVATE KEY-----\n", "user_id": "48d61692a9534d49b1bc40cb904331ee", "name": "tempest-TestGettingAddress-233010202", "fingerprint": "9a:a6:fe:ae:92:bf:64:9c:fd:3b:3f:df:2f:1c:9f:30"}}
2015-12-23 14:57:54,427 21206 INFO     [tempest_lib.common.rest_client] Request (TestGettingAddress:setUp): 201 POST http://10.0.2.15:9696/v2.0/security-groups 0.369s
2015-12-23 14:57:54,427 21206 DEBUG    [tempest_lib.common.rest_client] Request - Headers: {'Content-Type': 'application/json', 'Accept': 'application/json', 'X-Auth-Token': '&lt;omitted&gt;'}
        Body: {"security_group": {"tenant_id": "e4e87ae4d68041cd81b928b53e6a6a3c", "description": "tempest-secgroup-smoke-785945975 description", "name": "tempest-secgroup-smoke-785945975"}}
    Response - Headers: {'status': '201', 'content-length': '886', 'connection': 'close', 'date': 'Wed, 23 Dec 2015 14:57:54 GMT', 'content-type': 'application/json; charset=UTF-8', 'x-openstack-request-id': 'req-36b7b98c-6f4d-4bfa-a539-e7692667d87f'}
        Body: {"security_group": {"tenant_id": "e4e87ae4d68041cd81b928b53e6a6a3c", "description": "tempest-secgroup-smoke-785945975 description", "id": "d9206c92-15e7-43d7-aacd-c003bb92a9cd", "security_group_rules": [{"remote_group_id": null, "direction": "egress", "remote_ip_prefix": null, "protocol": null, "ethertype": "IPv4", "tenant_id": "e4e87ae4d68041cd81b928b53e6a6a3c", "port_range_max": null, "port_range_min": null, "id": "69fc67ff-2367-44fb-ac0d-89f3b9f6b2c6", "security_group_id": "d9206c92-15e7-43d7-aacd-c003bb92a9cd"}, {"remote_group_id": null, "direction": "egress", "remote_ip_prefix": null, "protocol": null, "ethertype": "IPv6", "tenant_id": "e4e87ae4d68041cd81b928b53e6a6a3c", "port_range_max": null, "port_range_min": null, "id": "14f9160c-84e9-4fde-854d-b6c6b4348bfd", "security_group_id": "d9206c92-15e7-43d7-aacd-c003bb92a9cd"}], "name": "tempest-secgroup-smoke-785945975"}}
2015-12-23 14:57:54,552 21206 INFO     [tempest_lib.common.rest_client] Request (TestGettingAddress:setUp): 201 POST http://10.0.2.15:9696/v2.0/security-group-rules 0.124s
2015-12-23 14:57:54,553 21206 DEBUG    [tempest_lib.common.rest_client] Request - Headers: {'Content-Type': 'application/json', 'Accept': 'application/json', 'X-Auth-Token': '&lt;omitted&gt;'}
        Body: {"security_group_rule": {"direction": "ingress", "protocol": "tcp", "tenant_id": "e4e87ae4d68041cd81b928b53e6a6a3c", "port_range_max": 22, "security_group_id": "d9206c92-15e7-43d7-aacd-c003bb92a9cd", "port_range_min": 22}}
    Response - Headers: {'status': '201', 'content-length': '340', 'connection': 'close', 'date': 'Wed, 23 Dec 2015 14:57:54 GMT', 'content-type': 'application/json; charset=UTF-8', 'x-openstack-request-id': 'req-d2e51b82-e592-42e8-92a8-90131c0e2d65'}
        Body: {"security_group_rule": {"remote_group_id": null, "direction": "ingress", "remote_ip_prefix": null, "protocol": "tcp", "ethertype": "IPv4", "tenant_id": "e4e87ae4d68041cd81b928b53e6a6a3c", "port_range_max": 22, "port_range_min": 22, "id": "97d0020b-ce6b-453d-806b-3658bf690bcb", "security_group_id": "d9206c92-15e7-43d7-aacd-c003bb92a9cd"}}
2015-12-23 14:57:54,671 21206 INFO     [tempest_lib.common.rest_client] Request (TestGettingAddress:setUp): 201 POST http://10.0.2.15:9696/v2.0/security-group-rules 0.117s
2015-12-23 14:57:54,672 21206 DEBUG    [tempest_lib.common.rest_client] Request - Headers: {'Content-Type': 'application/json', 'Accept': 'application/json', 'X-Auth-Token': '&lt;omitted&gt;'}
        Body: {"security_group_rule": {"direction": "egress", "protocol": "tcp", "tenant_id": "e4e87ae4d68041cd81b928b53e6a6a3c", "port_range_max": 22, "security_group_id": "d9206c92-15e7-43d7-aacd-c003bb92a9cd", "port_range_min": 22}}
    Response - Headers: {'status': '201', 'content-length': '339', 'connection': 'close', 'date': 'Wed, 23 Dec 2015 14:57:54 GMT', 'content-type': 'application/json; charset=UTF-8', 'x-openstack-request-id': 'req-51e7e8cf-ea3d-4c9a-bc7e-4780f69dce17'}
        Body: {"security_group_rule": {"remote_group_id": null, "direction": "egress", "remote_ip_prefix": null, "protocol": "tcp", "ethertype": "IPv4", "tenant_id": "e4e87ae4d68041cd81b928b53e6a6a3c", "port_range_max": 22, "port_range_min": 22, "id": "9322f29b-378d-49ae-84bb-f5f51de0b2e0", "security_group_id": "d9206c92-15e7-43d7-aacd-c003bb92a9cd"}}
2015-12-23 14:57:54,791 21206 INFO     [tempest_lib.common.rest_client] Request (TestGettingAddress:setUp): 201 POST http://10.0.2.15:9696/v2.0/security-group-rules 0.119s
2015-12-23 14:57:54,792 21206 DEBUG    [tempest_lib.common.rest_client] Request - Headers: {'Content-Type': 'application/json', 'Accept': 'application/json', 'X-Auth-Token': '&lt;omitted&gt;'}
        Body: {"security_group_rule": {"tenant_id": "e4e87ae4d68041cd81b928b53e6a6a3c", "direction": "ingress", "protocol": "icmp", "security_group_id": "d9206c92-15e7-43d7-aacd-c003bb92a9cd"}}
    Response - Headers: {'status': '201', 'content-length': '345', 'connection': 'close', 'date': 'Wed, 23 Dec 2015 14:57:54 GMT', 'content-type': 'application/json; charset=UTF-8', 'x-openstack-request-id': 'req-f34cc2ef-cccb-4b66-9564-2931f97b2243'}
        Body: {"security_group_rule": {"remote_group_id": null, "direction": "ingress", "remote_ip_prefix": null, "protocol": "icmp", "ethertype": "IPv4", "tenant_id": "e4e87ae4d68041cd81b928b53e6a6a3c", "port_range_max": null, "port_range_min": null, "id": "f1b98ef7-80b7-4f47-832a-b7f5616f4d73", "security_group_id": "d9206c92-15e7-43d7-aacd-c003bb92a9cd"}}
2015-12-23 14:57:54,922 21206 INFO     [tempest_lib.common.rest_client] Request (TestGettingAddress:setUp): 201 POST http://10.0.2.15:9696/v2.0/security-group-rules 0.129s
2015-12-23 14:57:54,923 21206 DEBUG    [tempest_lib.common.rest_client] Request - Headers: {'Content-Type': 'application/json', 'Accept': 'application/json', 'X-Auth-Token': '&lt;omitted&gt;'}
        Body: {"security_group_rule": {"tenant_id": "e4e87ae4d68041cd81b928b53e6a6a3c", "direction": "egress", "protocol": "icmp", "security_group_id": "d9206c92-15e7-43d7-aacd-c003bb92a9cd"}}
    Response - Headers: {'status': '201', 'content-length': '344', 'connection': 'close', 'date': 'Wed, 23 Dec 2015 14:57:54 GMT', 'content-type': 'application/json; charset=UTF-8', 'x-openstack-request-id': 'req-f795e5d4-3492-4c1f-ab08-d914ae8d2f93'}
        Body: {"security_group_rule": {"remote_group_id": null, "direction": "egress", "remote_ip_prefix": null, "protocol": "icmp", "ethertype": "IPv4", "tenant_id": "e4e87ae4d68041cd81b928b53e6a6a3c", "port_range_max": null, "port_range_min": null, "id": "04a16eb7-c69b-4bff-9b0d-bdc2650ac129", "security_group_id": "d9206c92-15e7-43d7-aacd-c003bb92a9cd"}}
2015-12-23 14:57:55,202 21206 INFO     [tempest_lib.common.rest_client] Request (TestGettingAddress:setUp): 201 POST http://10.0.2.15:9696/v2.0/security-group-rules 0.277s
2015-12-23 14:57:55,203 21206 DEBUG    [tempest_lib.common.rest_client] Request - Headers: {'Content-Type': 'application/json', 'Accept': 'application/json', 'X-Auth-Token': '&lt;omitted&gt;'}
        Body: {"security_group_rule": {"tenant_id": "e4e87ae4d68041cd81b928b53e6a6a3c", "direction": "ingress", "security_group_id": "d9206c92-15e7-43d7-aacd-c003bb92a9cd", "protocol": "icmp", "ethertype": "IPv6"}}
    Response - Headers: {'status': '201', 'content-length': '345', 'connection': 'close', 'date': 'Wed, 23 Dec 2015 14:57:55 GMT', 'content-type': 'application/json; charset=UTF-8', 'x-openstack-request-id': 'req-bed7b635-1da7-44a1-ba0f-51e948a9ccd1'}
        Body: {"security_group_rule": {"remote_group_id": null, "direction": "ingress", "remote_ip_prefix": null, "protocol": "icmp", "ethertype": "IPv6", "tenant_id": "e4e87ae4d68041cd81b928b53e6a6a3c", "port_range_max": null, "port_range_min": null, "id": "f343dfa9-28a6-43c3-8cc9-505c9b0cc461", "security_group_id": "d9206c92-15e7-43d7-aacd-c003bb92a9cd"}}
2015-12-23 14:57:55,325 21206 INFO     [tempest_lib.common.rest_client] Request (TestGettingAddress:setUp): 201 POST http://10.0.2.15:9696/v2.0/security-group-rules 0.121s
2015-12-23 14:57:55,326 21206 DEBUG    [tempest_lib.common.rest_client] Request - Headers: {'Content-Type': 'application/json', 'Accept': 'application/json', 'X-Auth-Token': '&lt;omitted&gt;'}
        Body: {"security_group_rule": {"tenant_id": "e4e87ae4d68041cd81b928b53e6a6a3c", "direction": "egress", "security_group_id": "d9206c92-15e7-43d7-aacd-c003bb92a9cd", "protocol": "icmp", "ethertype": "IPv6"}}
    Response - Headers: {'status': '201', 'content-length': '344', 'connection': 'close', 'date': 'Wed, 23 Dec 2015 14:57:55 GMT', 'content-type': 'application/json; charset=UTF-8', 'x-openstack-request-id': 'req-7cdc9758-3fc9-4404-aad0-3e46e599655f'}
        Body: {"security_group_rule": {"remote_group_id": null, "direction": "egress", "remote_ip_prefix": null, "protocol": "icmp", "ethertype": "IPv6", "tenant_id": "e4e87ae4d68041cd81b928b53e6a6a3c", "port_range_max": null, "port_range_min": null, "id": "066e701a-6e80-49bb-a4c4-869e4109fd5f", "security_group_id": "d9206c92-15e7-43d7-aacd-c003bb92a9cd"}}
2015-12-23 14:57:55,510 21206 INFO     [tempest_lib.common.rest_client] Request (TestGettingAddress:test_dhcp6_stateless_from_os): 201 POST http://10.0.2.15:9696/v2.0/networks 0.182s
2015-12-23 14:57:55,510 21206 DEBUG    [tempest_lib.common.rest_client] Request - Headers: {'Content-Type': 'application/json', 'Accept': 'application/json', 'X-Auth-Token': '&lt;omitted&gt;'}
        Body: {"network": {"tenant_id": "e4e87ae4d68041cd81b928b53e6a6a3c", "name": "tempest-network-smoke--349733409"}}
    Response - Headers: {'status': '201', 'content-length': '328', 'connection': 'close', 'date': 'Wed, 23 Dec 2015 14:57:55 GMT', 'content-type': 'application/json; charset=UTF-8', 'x-openstack-request-id': 'req-10304cf5-9000-4fcc-a0d6-1ede3c9b05fc'}
        Body: {"network": {"status": "ACTIVE", "subnets": [], "availability_zone_hints": "[]", "name": "tempest-network-smoke--349733409", "admin_state_up": true, "tenant_id": "e4e87ae4d68041cd81b928b53e6a6a3c", "mtu": 0, "router:external": false, "shared": false, "port_security_enabled": true, "id": "7cf5987d-3953-4cdc-bee4-4babe5fbf6b4"}}
2015-12-23 14:57:55,709 21206 INFO     [tempest_lib.common.rest_client] Request (TestGettingAddress:test_dhcp6_stateless_from_os): 200 GET http://10.0.2.15:9696/v2.0/subnets?tenant_id=e4e87ae4d68041cd81b928b53e6a6a3c&amp;cidr=10.100.0.0%2F28 0.197s
2015-12-23 14:57:55,710 21206 DEBUG    [tempest_lib.common.rest_client] Request - Headers: {'Content-Type': 'application/json', 'Accept': 'application/json', 'X-Auth-Token': '&lt;omitted&gt;'}
        Body: None
    Response - Headers: {'status': '200', 'content-length': '15', 'content-location': 'http://10.0.2.15:9696/v2.0/subnets?tenant_id=e4e87ae4d68041cd81b928b53e6a6a3c&amp;cidr=10.100.0.0%2F28', 'connection': 'close', 'date': 'Wed, 23 Dec 2015 14:57:55 GMT', 'content-type': 'application/json; charset=UTF-8', 'x-openstack-request-id': 'req-199723ac-a5f1-4707-95d3-9efa18805d01'}
        Body: {"subnets": []}
2015-12-23 14:57:56,076 21206 INFO     [tempest_lib.common.rest_client] Request (TestGettingAddress:test_dhcp6_stateless_from_os): 201 POST http://10.0.2.15:9696/v2.0/subnets 0.364s
2015-12-23 14:57:56,076 21206 DEBUG    [tempest_lib.common.rest_client] Request - Headers: {'Content-Type': 'application/json', 'Accept': 'application/json', 'X-Auth-Token': '&lt;omitted&gt;'}
        Body: {"subnet": {"ip_version": 4, "tenant_id": "e4e87ae4d68041cd81b928b53e6a6a3c", "cidr": "10.100.0.0/28", "network_id": "7cf5987d-3953-4cdc-bee4-4babe5fbf6b4", "name": "tempest-sub4-699385809"}}
    Response - Headers: {'status': '201', 'content-length': '469', 'connection': 'close', 'date': 'Wed, 23 Dec 2015 14:57:56 GMT', 'content-type': 'application/json; charset=UTF-8', 'x-openstack-request-id': 'req-07b3764e-2846-47b4-8744-d48ab120ac7f'}
        Body: {"subnet": {"name": "tempest-sub4-699385809", "enable_dhcp": true, "network_id": "7cf5987d-3953-4cdc-bee4-4babe5fbf6b4", "tenant_id": "e4e87ae4d68041cd81b928b53e6a6a3c", "dns_nameservers": [], "gateway_ip": "10.100.0.1", "ipv6_ra_mode": null, "allocation_pools": [{"start": "10.100.0.2", "end": "10.100.0.14"}], "host_routes": [], "ip_version": 4, "ipv6_address_mode": null, "cidr": "10.100.0.0/28", "id": "9a9507a9-31ce-40e7-ba04-e5c58a613a6c", "subnetpool_id": null}}
2015-12-23 14:57:56,976 21206 INFO     [tempest_lib.common.rest_client] Request (TestGettingAddress:test_dhcp6_stateless_from_os): 201 POST http://10.0.2.15:9696/v2.0/routers 0.898s
2015-12-23 14:57:56,976 21206 DEBUG    [tempest_lib.common.rest_client] Request - Headers: {'Content-Type': 'application/json', 'Accept': 'application/json', 'X-Auth-Token': '&lt;omitted&gt;'}
        Body: {"router": {"tenant_id": "e4e87ae4d68041cd81b928b53e6a6a3c", "name": "tempest-router-smoke-927129899", "admin_state_up": true}}
    Response - Headers: {'status': '201', 'content-length': '295', 'connection': 'close', 'date': 'Wed, 23 Dec 2015 14:57:56 GMT', 'content-type': 'application/json; charset=UTF-8', 'x-openstack-request-id': 'req-7d13c72e-6c1b-408e-b7b9-b97574eb8d0f'}
        Body: {"router": {"status": "ACTIVE", "external_gateway_info": null, "availability_zone_hints": [], "availability_zones": [], "name": "tempest-router-smoke-927129899", "admin_state_up": true, "tenant_id": "e4e87ae4d68041cd81b928b53e6a6a3c", "routes": [], "id": "41084bf8-0075-41a1-8de2-465eb2ca92df"}}
2015-12-23 14:57:57,029 21206 INFO     [tempest_lib.common.rest_client] Request (TestGettingAddress:test_dhcp6_stateless_from_os): 200 GET http://10.0.2.15:9696/v2.0/routers/41084bf8-0075-41a1-8de2-465eb2ca92df 0.052s
2015-12-23 14:57:57,029 21206 DEBUG    [tempest_lib.common.rest_client] Request - Headers: {'Content-Type': 'application/json', 'Accept': 'application/json', 'X-Auth-Token': '&lt;omitted&gt;'}
        Body: None
    Response - Headers: {'status': '200', 'content-length': '295', 'content-location': 'http://10.0.2.15:9696/v2.0/routers/41084bf8-0075-41a1-8de2-465eb2ca92df', 'connection': 'close', 'date': 'Wed, 23 Dec 2015 14:57:57 GMT', 'content-type': 'application/json; charset=UTF-8', 'x-openstack-request-id': 'req-f948cb7f-d6e5-4dbc-843a-b5e79cf36721'}
        Body: {"router": {"status": "ACTIVE", "external_gateway_info": null, "availability_zone_hints": [], "availability_zones": [], "name": "tempest-router-smoke-927129899", "admin_state_up": true, "tenant_id": "e4e87ae4d68041cd81b928b53e6a6a3c", "routes": [], "id": "41084bf8-0075-41a1-8de2-465eb2ca92df"}}
2015-12-23 14:57:57,705 21206 INFO     [tempest_lib.common.rest_client] Request (TestGettingAddress:test_dhcp6_stateless_from_os): 200 PUT http://10.0.2.15:9696/v2.0/routers/41084bf8-0075-41a1-8de2-465eb2ca92df 0.674s
2015-12-23 14:57:57,706 21206 DEBUG    [tempest_lib.common.rest_client] Request - Headers: {'Content-Type': 'application/json', 'Accept': 'application/json', 'X-Auth-Token': '&lt;omitted&gt;'}
        Body: {"router": {"external_gateway_info": {"network_id": "60587a4b-3ec2-40af-9cfd-4b9e88ef4a14"}, "name": "tempest-router-smoke-927129899", "admin_state_up": true}}
    Response - Headers: {'status': '200', 'content-length': '557', 'connection': 'close', 'date': 'Wed, 23 Dec 2015 14:57:57 GMT', 'content-type': 'application/json; charset=UTF-8', 'x-openstack-request-id': 'req-f0115206-92fd-4146-a4bf-5f9e95e55811'}
        Body: {"router": {"status": "ACTIVE", "external_gateway_info": {"network_id": "60587a4b-3ec2-40af-9cfd-4b9e88ef4a14", "enable_snat": true, "external_fixed_ips": [{"subnet_id": "995aa786-d1e5-4f89-8bc0-a606a0ee4519", "ip_address": "172.24.4.3"}, {"subnet_id": "1336519b-7a13-41e4-a517-7d66caa19224", "ip_address": "2001:db8::4"}]}, "availability_zone_hints": [], "availability_zones": [], "name": "tempest-router-smoke-927129899", "admin_state_up": true, "tenant_id": "e4e87ae4d68041cd81b928b53e6a6a3c", "routes": [], "id": "41084bf8-0075-41a1-8de2-465eb2ca92df"}}
2015-12-23 14:57:58,338 21206 INFO     [tempest_lib.common.rest_client] Request (TestGettingAddress:test_dhcp6_stateless_from_os): 200 PUT http://10.0.2.15:9696/v2.0/routers/41084bf8-0075-41a1-8de2-465eb2ca92df/add_router_interface 0.631s
2015-12-23 14:57:58,339 21206 DEBUG    [tempest_lib.common.rest_client] Request - Headers: {'Content-Type': 'application/json', 'Accept': 'application/json', 'X-Auth-Token': '&lt;omitted&gt;'}
        Body: {"subnet_id": "9a9507a9-31ce-40e7-ba04-e5c58a613a6c"}
    Response - Headers: {'status': '200', 'content-length': '255', 'connection': 'close', 'date': 'Wed, 23 Dec 2015 14:57:58 GMT', 'content-type': 'application/json; charset=UTF-8', 'x-openstack-request-id': 'req-06494978-85a8-4d8a-8476-3b80bde49fc6'}
        Body: {"subnet_id": "9a9507a9-31ce-40e7-ba04-e5c58a613a6c", "tenant_id": "e4e87ae4d68041cd81b928b53e6a6a3c", "subnet_ids": ["9a9507a9-31ce-40e7-ba04-e5c58a613a6c"], "port_id": "34f0f0e1-7e66-4544-bb4f-b4ffd1c0fd3c", "id": "41084bf8-0075-41a1-8de2-465eb2ca92df"}
2015-12-23 14:57:58,384 21206 INFO     [tempest_lib.common.rest_client] Request (TestGettingAddress:test_dhcp6_stateless_from_os): 200 GET http://10.0.2.15:9696/v2.0/subnets?tenant_id=e4e87ae4d68041cd81b928b53e6a6a3c&amp;cidr=2003%3A%3A%2F64 0.043s
2015-12-23 14:57:58,384 21206 DEBUG    [tempest_lib.common.rest_client] Request - Headers: {'Content-Type': 'application/json', 'Accept': 'application/json', 'X-Auth-Token': '&lt;omitted&gt;'}
        Body: None
    Response - Headers: {'status': '200', 'content-length': '15', 'content-location': 'http://10.0.2.15:9696/v2.0/subnets?tenant_id=e4e87ae4d68041cd81b928b53e6a6a3c&amp;cidr=2003%3A%3A%2F64', 'connection': 'close', 'date': 'Wed, 23 Dec 2015 14:57:58 GMT', 'content-type': 'application/json; charset=UTF-8', 'x-openstack-request-id': 'req-6aff7797-6d2f-4f34-8f26-f3089692e8e5'}
        Body: {"subnets": []}
2015-12-23 14:57:58,733 21206 INFO     [tempest_lib.common.rest_client] Request (TestGettingAddress:test_dhcp6_stateless_from_os): 201 POST http://10.0.2.15:9696/v2.0/subnets 0.347s
2015-12-23 14:57:58,733 21206 DEBUG    [tempest_lib.common.rest_client] Request - Headers: {'Content-Type': 'application/json', 'Accept': 'application/json', 'X-Auth-Token': '&lt;omitted&gt;'}
        Body: {"subnet": {"name": "tempest-sub6-1750031871", "network_id": "7cf5987d-3953-4cdc-bee4-4babe5fbf6b4", "tenant_id": "e4e87ae4d68041cd81b928b53e6a6a3c", "ipv6_ra_mode": "dhcpv6-stateless", "ip_version": 6, "ipv6_address_mode": "dhcpv6-stateless", "cidr": "2003::/64"}}
    Response - Headers: {'status': '201', 'content-length': '502', 'connection': 'close', 'date': 'Wed, 23 Dec 2015 14:57:58 GMT', 'content-type': 'application/json; charset=UTF-8', 'x-openstack-request-id': 'req-c232488e-0836-4fba-ac2e-117a0bffa1d8'}
        Body: {"subnet": {"name": "tempest-sub6-1750031871", "enable_dhcp": true, "network_id": "7cf5987d-3953-4cdc-bee4-4babe5fbf6b4", "tenant_id": "e4e87ae4d68041cd81b928b53e6a6a3c", "dns_nameservers": [], "gateway_ip": "2003::1", "ipv6_ra_mode": "dhcpv6-stateless", "allocation_pools": [{"start": "2003::2", "end": "2003::ffff:ffff:ffff:ffff"}], "host_routes": [], "ip_version": 6, "ipv6_address_mode": "dhcpv6-stateless", "cidr": "2003::/64", "id": "9f757c5a-cf71-40b1-8d88-5e8882528375", "subnetpool_id": null}}
2015-12-23 14:57:59,458 21206 INFO     [tempest_lib.common.rest_client] Request (TestGettingAddress:test_dhcp6_stateless_from_os): 200 PUT http://10.0.2.15:9696/v2.0/routers/41084bf8-0075-41a1-8de2-465eb2ca92df/add_router_interface 0.723s
2015-12-23 14:57:59,458 21206 DEBUG    [tempest_lib.common.rest_client] Request - Headers: {'Content-Type': 'application/json', 'Accept': 'application/json', 'X-Auth-Token': '&lt;omitted&gt;'}
        Body: {"subnet_id": "9f757c5a-cf71-40b1-8d88-5e8882528375"}
    Response - Headers: {'status': '200', 'content-length': '255', 'connection': 'close', 'date': 'Wed, 23 Dec 2015 14:57:59 GMT', 'content-type': 'application/json; charset=UTF-8', 'x-openstack-request-id': 'req-3de83b09-94c3-4ee4-b20d-4a3c6bd91d38'}
        Body: {"subnet_id": "9f757c5a-cf71-40b1-8d88-5e8882528375", "tenant_id": "e4e87ae4d68041cd81b928b53e6a6a3c", "subnet_ids": ["9f757c5a-cf71-40b1-8d88-5e8882528375"], "port_id": "d8a2064e-dd71-445d-b60e-9531e0914fde", "id": "41084bf8-0075-41a1-8de2-465eb2ca92df"}
2015-12-23 14:57:59,583 21206 INFO     [tempest_lib.common.rest_client] Request (TestGettingAddress:test_dhcp6_stateless_from_os): 200 POST http://10.0.2.15:5000/v2.0/tokens
2015-12-23 14:57:59,583 21206 DEBUG    [tempest_lib.common.rest_client] Request - Headers: {'Content-Type': 'application/json', 'Accept': 'application/json'}
        Body: &lt;omitted&gt;
    Response - Headers: {'status': '200', 'content-length': '2524', 'vary': 'X-Auth-Token', 'server': 'Apache/2.4.7 (Ubuntu)', 'connection': 'close', 'date': 'Wed, 23 Dec 2015 14:57:59 GMT', 'content-type': 'application/json', 'x-openstack-request-id': 'req-ee084554-e689-4839-bd5a-5cd1af8ec0c6'}
        Body: {"access": {"token": {"issued_at": "2015-12-23T14:57:59.571229", "expires": "2015-12-23T15:57:59Z", "id": "01d22dbd828142d89abc048077d114f2", "tenant": {"description": "tempest-TestGettingAddress-1842749068-desc", "enabled": true, "id": "e4e87ae4d68041cd81b928b53e6a6a3c", "name": "tempest-TestGettingAddress-1842749068"}, "audit_ids": ["5Az_DpqASa2b5niioaJuyg"]}, "serviceCatalog": [{"endpoints": [{"adminURL": "http://10.0.2.15:8774/v2.1/e4e87ae4d68041cd81b928b53e6a6a3c", "region": "RegionOne", "internalURL": "http://10.0.2.15:8774/v2.1/e4e87ae4d68041cd81b928b53e6a6a3c", "id": "26430061331d4582a5fa35a8831cc46d", "publicURL": "http://10.0.2.15:8774/v2.1/e4e87ae4d68041cd81b928b53e6a6a3c"}], "endpoints_links": [], "type": "compute", "name": "nova"}, {"endpoints": [{"adminURL": "http://10.0.2.15:9696/", "region": "RegionOne", "internalURL": "http://10.0.2.15:9696/", "id": "09fa770199dc4bf28f3d8fef9392de59", "publicURL": "http://10.0.2.15:9696/"}], "endpoints_links": [], "type": "network", "name": "neutron"}, {"endpoints": [{"adminURL": "http://10.0.2.15:9292", "region": "RegionOne", "internalURL": "http://10.0.2.15:9292", "id": "8b6e67337dd04be49b240fbcdf11d49b", "publicURL": "http://10.0.2.15:9292"}], "endpoints_links": [], "type": "image", "name": "glance"}, {"endpoints": [{"adminURL": "http://10.0.2.15:8774/v2/e4e87ae4d68041cd81b928b53e6a6a3c", "region": "RegionOne", "internalURL": "http://10.0.2.15:8774/v2/e4e87ae4d68041cd81b928b53e6a6a3c", "id": "4571278dfa79428bab66acd4a8c592b9", "publicURL": "http://10.0.2.15:8774/v2/e4e87ae4d68041cd81b928b53e6a6a3c"}], "endpoints_links": [], "type": "compute_legacy", "name": "nova_legacy"}, {"endpoints": [{"adminURL": "http://10.0.2.15:8773/", "region": "RegionOne", "internalURL": "http://10.0.2.15:8773/", "id": "436e246f928c4121be513cfaa24a155d", "publicURL": "http://10.0.2.15:8773/"}], "endpoints_links": [], "type": "ec2", "name": "ec2"}, {"endpoints": [{"adminURL": "http://10.0.2.15:35357/v2.0", "region": "RegionOne", "internalURL": "http://10.0.2.15:5000/v2.0", "id": "13658246da6141a6a47fa8448ed2e32e", "publicURL": "http://10.0.2.15:5000/v2.0"}], "endpoints_links": [], "type": "identity", "name": "keystone"}], "user": {"username": "tempest-TestGettingAddress-192630102", "roles_links": [], "id": "48d61692a9534d49b1bc40cb904331ee", "roles": [{"name": "_member_"}, {"name": "Member"}], "name": "tempest-TestGettingAddress-192630102"}, "metadata": {"is_admin": 0, "roles": ["9fe2ff9ee4384b1894a90878d3e92bab", "4530ea17e7b346bfa80517f051b7f507"]}}}
2015-12-23 14:57:59,589 21206 DEBUG    [tempest.common.fixed_network] (TestGettingAddress:test_dhcp6_stateless_from_os) No valid network provided or created, defaulting to fixed_network_name
2015-12-23 14:57:59,940 21206 INFO     [tempest_lib.common.rest_client] Request (TestGettingAddress:test_dhcp6_stateless_from_os): 200 GET http://10.0.2.15:8774/v2.1/e4e87ae4d68041cd81b928b53e6a6a3c/os-networks 0.350s
2015-12-23 14:57:59,940 21206 DEBUG    [tempest_lib.common.rest_client] Request - Headers: {'Content-Type': 'application/json', 'Accept': 'application/json', 'X-Auth-Token': '&lt;omitted&gt;'}
        Body: None
    Response - Headers: {'status': '200', 'content-length': '478', 'content-location': 'http://10.0.2.15:8774/v2.1/e4e87ae4d68041cd81b928b53e6a6a3c/os-networks', 'x-compute-request-id': 'req-415f5722-db27-42cd-bc0e-54362726ae80', 'vary': 'X-OpenStack-Nova-API-Version', 'connection': 'close', 'x-openstack-nova-api-version': '2.1', 'date': 'Wed, 23 Dec 2015 14:57:59 GMT', 'content-type': 'application/json'}
        Body: {"networks": [{"cidr_v6": null, "dns2": null, "dns1": null, "gateway": null, "broadcast": null, "netmask": null, "gateway_v6": null, "cidr": null, "label": "tempest-network-smoke--349733409", "id": "7cf5987d-3953-4cdc-bee4-4babe5fbf6b4", "netmask_v6": null}, {"cidr_v6": null, "dns2": null, "dns1": null, "gateway": null, "broadcast": null, "netmask": null, "gateway_v6": null, "cidr": null, "label": "public", "id": "60587a4b-3ec2-40af-9cfd-4b9e88ef4a14", "netmask_v6": null}]}
2015-12-23 14:57:59,940 21206 WARNING  [tempest.common.fixed_network] (TestGettingAddress:test_dhcp6_stateless_from_os) Network with name: private not found
2015-12-23 14:57:59,941 21206 INFO     [tempest.common.fixed_network] (TestGettingAddress:test_dhcp6_stateless_from_os) Found network {} available for tenant
2015-12-23 14:58:01,825 21206 INFO     [tempest_lib.common.rest_client] Request (TestGettingAddress:test_dhcp6_stateless_from_os): 202 POST http://10.0.2.15:8774/v2.1/e4e87ae4d68041cd81b928b53e6a6a3c/servers 1.884s
2015-12-23 14:58:01,826 21206 DEBUG    [tempest_lib.common.rest_client] Request - Headers: {'Content-Type': 'application/json', 'Accept': 'application/json', 'X-Auth-Token': '&lt;omitted&gt;'}
        Body: {"server": {"name": "tempest.common.compute-instance-702872983", "imageRef": "f511afc9-116d-4da3-953a-40e58645bd19", "key_name": "tempest-TestGettingAddress-233010202", "flavorRef": "42", "networks": [{"uuid": "7cf5987d-3953-4cdc-bee4-4babe5fbf6b4"}], "security_groups": [{"name": "tempest-secgroup-smoke-785945975"}]}}
    Response - Headers: {'status': '202', 'content-length': '461', 'x-compute-request-id': 'req-c8e4143b-d620-42e3-bb09-a0f26a8282cb', 'vary': 'X-OpenStack-Nova-API-Version', 'connection': 'close', 'location': 'http://10.0.2.15:8774/v2.1/e4e87ae4d68041cd81b928b53e6a6a3c/servers/36f1084f-0238-479f-b667-271c5a589c68', 'x-openstack-nova-api-version': '2.1', 'date': 'Wed, 23 Dec 2015 14:58:01 GMT', 'content-type': 'application/json'}
        Body: {"server": {"security_groups": [{"name": "tempest-secgroup-smoke-785945975"}], "OS-DCF:diskConfig": "MANUAL", "id": "36f1084f-0238-479f-b667-271c5a589c68", "links": [{"href": "http://10.0.2.15:8774/v2.1/e4e87ae4d68041cd81b928b53e6a6a3c/servers/36f1084f-0238-479f-b667-271c5a589c68", "rel": "self"}, {"href": "http://10.0.2.15:8774/e4e87ae4d68041cd81b928b53e6a6a3c/servers/36f1084f-0238-479f-b667-271c5a589c68", "rel": "bookmark"}], "adminPass": "x7BpF6xWjvnG"}}
2015-12-23 14:58:01,957 21206 INFO     [tempest_lib.common.rest_client] Request (TestGettingAddress:test_dhcp6_stateless_from_os): 200 GET http://10.0.2.15:8774/v2.1/e4e87ae4d68041cd81b928b53e6a6a3c/servers/36f1084f-0238-479f-b667-271c5a589c68 0.128s
2015-12-23 14:58:01,957 21206 DEBUG    [tempest_lib.common.rest_client] Request - Headers: {'Content-Type': 'application/json', 'Accept': 'application/json', 'X-Auth-Token': '&lt;omitted&gt;'}
        Body: None
    Response - Headers: {'status': '200', 'content-length': '1353', 'content-location': 'http://10.0.2.15:8774/v2.1/e4e87ae4d68041cd81b928b53e6a6a3c/servers/36f1084f-0238-479f-b667-271c5a589c68', 'x-compute-request-id': 'req-5b8244a3-54c4-46ee-9e96-c625c93a91f4', 'vary': 'X-OpenStack-Nova-API-Version', 'connection': 'close', 'x-openstack-nova-api-version': '2.1', 'date': 'Wed, 23 Dec 2015 14:58:01 GMT', 'content-type': 'application/json'}
        Body: {"server": {"status": "BUILD", "updated": "2015-12-23T14:58:01Z", "hostId": "", "addresses": {}, "links": [{"href": "http://10.0.2.15:8774/v2.1/e4e87ae4d68041cd81b928b53e6a6a3c/servers/36f1084f-0238-479f-b667-271c5a589c68", "rel": "self"}, {"href": "http://10.0.2.15:8774/e4e87ae4d68041cd81b928b53e6a6a3c/servers/36f1084f-0238-479f-b667-271c5a589c68", "rel": "bookmark"}], "key_name": "tempest-TestGettingAddress-233010202", "image": {"id": "f511afc9-116d-4da3-953a-40e58645bd19", "links": [{"href": "http://10.0.2.15:8774/e4e87ae4d68041cd81b928b53e6a6a3c/images/f511afc9-116d-4da3-953a-40e58645bd19", "rel": "bookmark"}]}, "OS-EXT-STS:task_state": "scheduling", "OS-EXT-STS:vm_state": "building", "OS-SRV-USG:launched_at": null, "flavor": {"id": "42", "links": [{"href": "http://10.0.2.15:8774/e4e87ae4d68041cd81b928b53e6a6a3c/flavors/42", "rel": "bookmark"}]}, "id": "36f1084f-0238-479f-b667-271c5a589c68", "OS-SRV-USG:terminated_at": null, "OS-EXT-AZ:availability_zone": "", "user_id": "48d61692a9534d49b1bc40cb904331ee", "name": "tempest.common.compute-instance-702872983", "created": "2015-12-23T14:58:01Z", "tenant_id": "e4e87ae4d68041cd81b928b53e6a6a3c", "OS-DCF:diskConfig": "MANUAL", "os-extended-volumes:volumes_attached": [], "accessIPv4": "", "accessIPv6": "", "progress": 0, "OS-EXT-STS:power_state": 0, "config_drive": "", "metadata": {}}}
2015-12-23 14:58:03,115 21206 INFO     [tempest_lib.common.rest_client] Request (TestGettingAddress:test_dhcp6_stateless_from_os): 200 GET http://10.0.2.15:8774/v2.1/e4e87ae4d68041cd81b928b53e6a6a3c/servers/36f1084f-0238-479f-b667-271c5a589c68 0.147s
2015-12-23 14:58:03,115 21206 DEBUG    [tempest_lib.common.rest_client] Request - Headers: {'Content-Type': 'application/json', 'Accept': 'application/json', 'X-Auth-Token': '&lt;omitted&gt;'}
        Body: None
    Response - Headers: {'status': '200', 'content-length': '1411', 'content-location': 'http://10.0.2.15:8774/v2.1/e4e87ae4d68041cd81b928b53e6a6a3c/servers/36f1084f-0238-479f-b667-271c5a589c68', 'x-compute-request-id': 'req-d1ffa198-3e47-45a5-81f6-7aa7c1ded8cf', 'vary': 'X-OpenStack-Nova-API-Version', 'connection': 'close', 'x-openstack-nova-api-version': '2.1', 'date': 'Wed, 23 Dec 2015 14:58:03 GMT', 'content-type': 'application/json'}
        Body: {"server": {"status": "BUILD", "updated": "2015-12-23T14:58:02Z", "hostId": "59202d02d04f11d0d688301fe0967aeaf5eb887e195571ff796080b6", "addresses": {}, "links": [{"href": "http://10.0.2.15:8774/v2.1/e4e87ae4d68041cd81b928b53e6a6a3c/servers/36f1084f-0238-479f-b667-271c5a589c68", "rel": "self"}, {"href": "http://10.0.2.15:8774/e4e87ae4d68041cd81b928b53e6a6a3c/servers/36f1084f-0238-479f-b667-271c5a589c68", "rel": "bookmark"}], "key_name": "tempest-TestGettingAddress-233010202", "image": {"id": "f511afc9-116d-4da3-953a-40e58645bd19", "links": [{"href": "http://10.0.2.15:8774/e4e87ae4d68041cd81b928b53e6a6a3c/images/f511afc9-116d-4da3-953a-40e58645bd19", "rel": "bookmark"}]}, "OS-EXT-STS:task_state": "spawning", "OS-EXT-STS:vm_state": "building", "OS-SRV-USG:launched_at": null, "flavor": {"id": "42", "links": [{"href": "http://10.0.2.15:8774/e4e87ae4d68041cd81b928b53e6a6a3c/flavors/42", "rel": "bookmark"}]}, "id": "36f1084f-0238-479f-b667-271c5a589c68", "OS-SRV-USG:terminated_at": null, "OS-EXT-AZ:availability_zone": "nova", "user_id": "48d61692a9534d49b1bc40cb904331ee", "name": "tempest.common.compute-instance-702872983", "created": "2015-12-23T14:58:01Z", "tenant_id": "e4e87ae4d68041cd81b928b53e6a6a3c", "OS-DCF:diskConfig": "MANUAL", "os-extended-volumes:volumes_attached": [], "accessIPv4": "", "accessIPv6": "", "progress": 0, "OS-EXT-STS:power_state": 0, "config_drive": "", "metadata": {}}}
2015-12-23 14:58:03,126 21206 INFO     [tempest.common.waiters] State transition "BUILD/scheduling" ==&gt; "BUILD/spawning" after 2 second wait
2015-12-23 14:58:04,462 21206 INFO     [tempest_lib.common.rest_client] Request (TestGettingAddress:test_dhcp6_stateless_from_os): 200 GET http://10.0.2.15:8774/v2.1/e4e87ae4d68041cd81b928b53e6a6a3c/servers/36f1084f-0238-479f-b667-271c5a589c68 0.334s
2015-12-23 14:58:04,462 21206 DEBUG    [tempest_lib.common.rest_client] Request - Headers: {'Content-Type': 'application/json', 'Accept': 'application/json', 'X-Auth-Token': '&lt;omitted&gt;'}
        Body: None
    Response - Headers: {'status': '200', 'content-length': '1478', 'content-location': 'http://10.0.2.15:8774/v2.1/e4e87ae4d68041cd81b928b53e6a6a3c/servers/36f1084f-0238-479f-b667-271c5a589c68', 'x-compute-request-id': 'req-dcaad246-b7e7-4eb2-8ba2-8bf95dfeaf9c', 'vary': 'X-OpenStack-Nova-API-Version', 'connection': 'close', 'x-openstack-nova-api-version': '2.1', 'date': 'Wed, 23 Dec 2015 14:58:04 GMT', 'content-type': 'application/json'}
        Body: {"server": {"status": "BUILD", "updated": "2015-12-23T14:58:02Z", "hostId": "59202d02d04f11d0d688301fe0967aeaf5eb887e195571ff796080b6", "addresses": {}, "links": [{"href": "http://10.0.2.15:8774/v2.1/e4e87ae4d68041cd81b928b53e6a6a3c/servers/36f1084f-0238-479f-b667-271c5a589c68", "rel": "self"}, {"href": "http://10.0.2.15:8774/e4e87ae4d68041cd81b928b53e6a6a3c/servers/36f1084f-0238-479f-b667-271c5a589c68", "rel": "bookmark"}], "key_name": "tempest-TestGettingAddress-233010202", "image": {"id": "f511afc9-116d-4da3-953a-40e58645bd19", "links": [{"href": "http://10.0.2.15:8774/e4e87ae4d68041cd81b928b53e6a6a3c/images/f511afc9-116d-4da3-953a-40e58645bd19", "rel": "bookmark"}]}, "OS-EXT-STS:task_state": "spawning", "OS-EXT-STS:vm_state": "building", "OS-SRV-USG:launched_at": null, "flavor": {"id": "42", "links": [{"href": "http://10.0.2.15:8774/e4e87ae4d68041cd81b928b53e6a6a3c/flavors/42", "rel": "bookmark"}]}, "id": "36f1084f-0238-479f-b667-271c5a589c68", "security_groups": [{"name": "tempest-secgroup-smoke-785945975"}], "OS-SRV-USG:terminated_at": null, "OS-EXT-AZ:availability_zone": "nova", "user_id": "48d61692a9534d49b1bc40cb904331ee", "name": "tempest.common.compute-instance-702872983", "created": "2015-12-23T14:58:01Z", "tenant_id": "e4e87ae4d68041cd81b928b53e6a6a3c", "OS-DCF:diskConfig": "MANUAL", "os-extended-volumes:volumes_attached": [], "accessIPv4": "", "accessIPv6": "", "progress": 0, "OS-EXT-STS:power_state": 0, "config_drive": "", "metadata": {}}}
2015-12-23 14:58:05,673 21206 INFO     [tempest_lib.common.rest_client] Request (TestGettingAddress:test_dhcp6_stateless_from_os): 200 GET http://10.0.2.15:8774/v2.1/e4e87ae4d68041cd81b928b53e6a6a3c/servers/36f1084f-0238-479f-b667-271c5a589c68 0.200s
2015-12-23 14:58:05,673 21206 DEBUG    [tempest_lib.common.rest_client] Request - Headers: {'Content-Type': 'application/json', 'Accept': 'application/json', 'X-Auth-Token': '&lt;omitted&gt;'}
        Body: None
    Response - Headers: {'status': '200', 'content-length': '1777', 'content-location': 'http://10.0.2.15:8774/v2.1/e4e87ae4d68041cd81b928b53e6a6a3c/servers/36f1084f-0238-479f-b667-271c5a589c68', 'x-compute-request-id': 'req-3c73aa69-7ed0-491e-995c-957a6dac4917', 'vary': 'X-OpenStack-Nova-API-Version', 'connection': 'close', 'x-openstack-nova-api-version': '2.1', 'date': 'Wed, 23 Dec 2015 14:58:05 GMT', 'content-type': 'application/json'}
        Body: {"server": {"status": "ACTIVE", "updated": "2015-12-23T14:58:05Z", "hostId": "59202d02d04f11d0d688301fe0967aeaf5eb887e195571ff796080b6", "addresses": {"tempest-network-smoke--349733409": [{"OS-EXT-IPS-MAC:mac_addr": "fa:16:3e:fb:0a:db", "version": 6, "addr": "2003::f816:3eff:fefb:adb", "OS-EXT-IPS:type": "fixed"}, {"OS-EXT-IPS-MAC:mac_addr": "fa:16:3e:fb:0a:db", "version": 4, "addr": "10.100.0.3", "OS-EXT-IPS:type": "fixed"}]}, "links": [{"href": "http://10.0.2.15:8774/v2.1/e4e87ae4d68041cd81b928b53e6a6a3c/servers/36f1084f-0238-479f-b667-271c5a589c68", "rel": "self"}, {"href": "http://10.0.2.15:8774/e4e87ae4d68041cd81b928b53e6a6a3c/servers/36f1084f-0238-479f-b667-271c5a589c68", "rel": "bookmark"}], "key_name": "tempest-TestGettingAddress-233010202", "image": {"id": "f511afc9-116d-4da3-953a-40e58645bd19", "links": [{"href": "http://10.0.2.15:8774/e4e87ae4d68041cd81b928b53e6a6a3c/images/f511afc9-116d-4da3-953a-40e58645bd19", "rel": "bookmark"}]}, "OS-EXT-STS:task_state": null, "OS-EXT-STS:vm_state": "active", "OS-SRV-USG:launched_at": "2015-12-23T14:58:05.000000", "flavor": {"id": "42", "links": [{"href": "http://10.0.2.15:8774/e4e87ae4d68041cd81b928b53e6a6a3c/flavors/42", "rel": "bookmark"}]}, "id": "36f1084f-0238-479f-b667-271c5a589c68", "security_groups": [{"name": "tempest-secgroup-smoke-785945975"}], "OS-SRV-USG:terminated_at": null, "OS-EXT-AZ:availability_zone": "nova", "user_id": "48d61692a9534d49b1bc40cb904331ee", "name": "tempest.common.compute-instance-702872983", "created": "2015-12-23T14:58:01Z", "tenant_id": "e4e87ae4d68041cd81b928b53e6a6a3c", "OS-DCF:diskConfig": "MANUAL", "os-extended-volumes:volumes_attached": [], "accessIPv4": "", "accessIPv6": "", "progress": 0, "OS-EXT-STS:power_state": 1, "config_drive": "True", "metadata": {}}}
2015-12-23 14:58:05,682 21206 INFO     [tempest.common.waiters] State transition "BUILD/spawning" ==&gt; "ACTIVE/None" after 4 second wait
2015-12-23 14:58:05,883 21206 INFO     [tempest_lib.common.rest_client] Request (TestGettingAddress:test_dhcp6_stateless_from_os): 200 GET http://10.0.2.15:8774/v2.1/e4e87ae4d68041cd81b928b53e6a6a3c/servers/36f1084f-0238-479f-b667-271c5a589c68 0.200s
2015-12-23 14:58:05,883 21206 DEBUG    [tempest_lib.common.rest_client] Request - Headers: {'Content-Type': 'application/json', 'Accept': 'application/json', 'X-Auth-Token': '&lt;omitted&gt;'}
        Body: None
    Response - Headers: {'status': '200', 'content-length': '1777', 'content-location': 'http://10.0.2.15:8774/v2.1/e4e87ae4d68041cd81b928b53e6a6a3c/servers/36f1084f-0238-479f-b667-271c5a589c68', 'x-compute-request-id': 'req-1c85cbf1-886d-4624-8186-f62e0754f483', 'vary': 'X-OpenStack-Nova-API-Version', 'connection': 'close', 'x-openstack-nova-api-version': '2.1', 'date': 'Wed, 23 Dec 2015 14:58:05 GMT', 'content-type': 'application/json'}
        Body: {"server": {"status": "ACTIVE", "updated": "2015-12-23T14:58:05Z", "hostId": "59202d02d04f11d0d688301fe0967aeaf5eb887e195571ff796080b6", "addresses": {"tempest-network-smoke--349733409": [{"OS-EXT-IPS-MAC:mac_addr": "fa:16:3e:fb:0a:db", "version": 6, "addr": "2003::f816:3eff:fefb:adb", "OS-EXT-IPS:type": "fixed"}, {"OS-EXT-IPS-MAC:mac_addr": "fa:16:3e:fb:0a:db", "version": 4, "addr": "10.100.0.3", "OS-EXT-IPS:type": "fixed"}]}, "links": [{"href": "http://10.0.2.15:8774/v2.1/e4e87ae4d68041cd81b928b53e6a6a3c/servers/36f1084f-0238-479f-b667-271c5a589c68", "rel": "self"}, {"href": "http://10.0.2.15:8774/e4e87ae4d68041cd81b928b53e6a6a3c/servers/36f1084f-0238-479f-b667-271c5a589c68", "rel": "bookmark"}], "key_name": "tempest-TestGettingAddress-233010202", "image": {"id": "f511afc9-116d-4da3-953a-40e58645bd19", "links": [{"href": "http://10.0.2.15:8774/e4e87ae4d68041cd81b928b53e6a6a3c/images/f511afc9-116d-4da3-953a-40e58645bd19", "rel": "bookmark"}]}, "OS-EXT-STS:task_state": null, "OS-EXT-STS:vm_state": "active", "OS-SRV-USG:launched_at": "2015-12-23T14:58:05.000000", "flavor": {"id": "42", "links": [{"href": "http://10.0.2.15:8774/e4e87ae4d68041cd81b928b53e6a6a3c/flavors/42", "rel": "bookmark"}]}, "id": "36f1084f-0238-479f-b667-271c5a589c68", "security_groups": [{"name": "tempest-secgroup-smoke-785945975"}], "OS-SRV-USG:terminated_at": null, "OS-EXT-AZ:availability_zone": "nova", "user_id": "48d61692a9534d49b1bc40cb904331ee", "name": "tempest.common.compute-instance-702872983", "created": "2015-12-23T14:58:01Z", "tenant_id": "e4e87ae4d68041cd81b928b53e6a6a3c", "OS-DCF:diskConfig": "MANUAL", "os-extended-volumes:volumes_attached": [], "accessIPv4": "", "accessIPv6": "", "progress": 0, "OS-EXT-STS:power_state": 1, "config_drive": "True", "metadata": {}}}
2015-12-23 14:58:06,043 21206 INFO     [tempest_lib.common.rest_client] Request (TestGettingAddress:test_dhcp6_stateless_from_os): 200 GET http://10.0.2.15:9696/v2.0/ports?status=ACTIVE&amp;fixed_ip=None&amp;device_id=36f1084f-0238-479f-b667-271c5a589c68 0.150s
2015-12-23 14:58:06,044 21206 DEBUG    [tempest_lib.common.rest_client] Request - Headers: {'Content-Type': 'application/json', 'Accept': 'application/json', 'X-Auth-Token': '&lt;omitted&gt;'}
        Body: None
    Response - Headers: {'status': '200', 'content-length': '1138', 'content-location': 'http://10.0.2.15:9696/v2.0/ports?status=ACTIVE&amp;fixed_ip=None&amp;device_id=36f1084f-0238-479f-b667-271c5a589c68', 'connection': 'close', 'date': 'Wed, 23 Dec 2015 14:58:06 GMT', 'content-type': 'application/json; charset=UTF-8', 'x-openstack-request-id': 'req-2b56ffac-f424-4224-8f51-982b2ae41368'}
        Body: {"ports": [{"status": "ACTIVE", "binding:host_id": "vagrant-ubuntu-trusty-64", "allowed_address_pairs": [], "extra_dhcp_opts": [], "dns_assignment": [{"hostname": "host-10-100-0-3", "ip_address": "10.100.0.3", "fqdn": "host-10-100-0-3.openstacklocal."}, {"hostname": "host-2003--f816-3eff-fefb-adb", "ip_address": "2003::f816:3eff:fefb:adb", "fqdn": "host-2003--f816-3eff-fefb-adb.openstacklocal."}], "device_owner": "compute:None", "port_security_enabled": true, "binding:profile": {}, "fixed_ips": [{"subnet_id": "9a9507a9-31ce-40e7-ba04-e5c58a613a6c", "ip_address": "10.100.0.3"}, {"subnet_id": "9f757c5a-cf71-40b1-8d88-5e8882528375", "ip_address": "2003::f816:3eff:fefb:adb"}], "id": "884f16a8-adc8-4ff2-9873-d2563b063e98", "security_groups": ["d9206c92-15e7-43d7-aacd-c003bb92a9cd"], "device_id": "36f1084f-0238-479f-b667-271c5a589c68", "name": "", "admin_state_up": true, "network_id": "7cf5987d-3953-4cdc-bee4-4babe5fbf6b4", "dns_name": "", "binding:vif_details": {"port_filter": true}, "binding:vnic_type": "normal", "binding:vif_type": "ovs", "tenant_id": "e4e87ae4d68041cd81b928b53e6a6a3c", "mac_address": "fa:16:3e:fb:0a:db"}]}
2015-12-23 14:58:06,661 21206 INFO     [tempest_lib.common.rest_client] Request (TestGettingAddress:test_dhcp6_stateless_from_os): 201 POST http://10.0.2.15:9696/v2.0/floatingips 0.616s
2015-12-23 14:58:06,661 21206 DEBUG    [tempest_lib.common.rest_client] Request - Headers: {'Content-Type': 'application/json', 'Accept': 'application/json', 'X-Auth-Token': '&lt;omitted&gt;'}
        Body: {"floatingip": {"floating_network_id": "60587a4b-3ec2-40af-9cfd-4b9e88ef4a14", "tenant_id": "e4e87ae4d68041cd81b928b53e6a6a3c", "fixed_ip_address": "10.100.0.3", "port_id": "884f16a8-adc8-4ff2-9873-d2563b063e98"}}
    Response - Headers: {'status': '201', 'content-length': '367', 'connection': 'close', 'date': 'Wed, 23 Dec 2015 14:58:06 GMT', 'content-type': 'application/json; charset=UTF-8', 'x-openstack-request-id': 'req-284d73b9-fe2b-4a56-9a7c-1dec747f0822'}
        Body: {"floatingip": {"floating_network_id": "60587a4b-3ec2-40af-9cfd-4b9e88ef4a14", "router_id": "41084bf8-0075-41a1-8de2-465eb2ca92df", "fixed_ip_address": "10.100.0.3", "floating_ip_address": "172.24.4.4", "tenant_id": "e4e87ae4d68041cd81b928b53e6a6a3c", "status": "DOWN", "port_id": "884f16a8-adc8-4ff2-9873-d2563b063e98", "id": "1dd88edc-ddbc-408f-8037-87ece722abb5"}}
2015-12-23 14:58:06,662 21206 INFO     [tempest_lib.common.ssh] Creating ssh connection to '172.24.4.4' as 'cirros' with public key authentication
2015-12-23 14:58:10,666 21206 WARNING  [tempest_lib.common.ssh] Failed to establish authenticated ssh connection to cirros@172.24.4.4 ([Errno None] Unable to connect to port 22 on  or 172.24.4.4). Number attempts: 1. Retry after 2 seconds.
2015-12-23 14:58:16,170 21206 WARNING  [tempest_lib.common.ssh] Failed to establish authenticated ssh connection to cirros@172.24.4.4 ([Errno None] Unable to connect to port 22 on  or 172.24.4.4). Number attempts: 2. Retry after 3 seconds.
2015-12-23 14:58:22,674 21206 WARNING  [tempest_lib.common.ssh] Failed to establish authenticated ssh connection to cirros@172.24.4.4 ([Errno None] Unable to connect to port 22 on  or 172.24.4.4). Number attempts: 3. Retry after 4 seconds.
2015-12-23 14:58:30,175 21206 WARNING  [tempest_lib.common.ssh] Failed to establish authenticated ssh connection to cirros@172.24.4.4 ([Errno None] Unable to connect to port 22 on  or 172.24.4.4). Number attempts: 4. Retry after 5 seconds.
2015-12-23 14:58:38,678 21206 WARNING  [tempest_lib.common.ssh] Failed to establish authenticated ssh connection to cirros@172.24.4.4 ([Errno None] Unable to connect to port 22 on  or 172.24.4.4). Number attempts: 5. Retry after 6 seconds.
2015-12-23 14:58:48,178 21206 WARNING  [tempest_lib.common.ssh] Failed to establish authenticated ssh connection to cirros@172.24.4.4 ([Errno None] Unable to connect to port 22 on  or 172.24.4.4). Number attempts: 6. Retry after 7 seconds.
2015-12-23 14:58:58,683 21206 WARNING  [tempest_lib.common.ssh] Failed to establish authenticated ssh connection to cirros@172.24.4.4 ([Errno None] Unable to connect to port 22 on  or 172.24.4.4). Number attempts: 7. Retry after 8 seconds.
2015-12-23 14:59:10,190 21206 WARNING  [tempest_lib.common.ssh] Failed to establish authenticated ssh connection to cirros@172.24.4.4 ([Errno None] Unable to connect to port 22 on  or 172.24.4.4). Number attempts: 8. Retry after 9 seconds.
2015-12-23 14:59:22,698 21206 WARNING  [tempest_lib.common.ssh] Failed to establish authenticated ssh connection to cirros@172.24.4.4 ([Errno None] Unable to connect to port 22 on  or 172.24.4.4). Number attempts: 9. Retry after 10 seconds.
2015-12-23 14:59:36,210 21206 WARNING  [tempest_lib.common.ssh] Failed to establish authenticated ssh connection to cirros@172.24.4.4 ([Errno None] Unable to connect to port 22 on  or 172.24.4.4). Number attempts: 10. Retry after 11 seconds.
2015-12-23 14:59:50,723 21206 WARNING  [tempest_lib.common.ssh] Failed to establish authenticated ssh connection to cirros@172.24.4.4 ([Errno None] Unable to connect to port 22 on  or 172.24.4.4). Number attempts: 11. Retry after 12 seconds.
2015-12-23 15:00:06,231 21206 WARNING  [tempest_lib.common.ssh] Failed to establish authenticated ssh connection to cirros@172.24.4.4 ([Errno None] Unable to connect to port 22 on  or 172.24.4.4). Number attempts: 12. Retry after 13 seconds.
2015-12-23 15:00:22,747 21206 WARNING  [tempest_lib.common.ssh] Failed to establish authenticated ssh connection to cirros@172.24.4.4 ([Errno None] Unable to connect to port 22 on  or 172.24.4.4). Number attempts: 13. Retry after 14 seconds.
2015-12-23 15:00:40,270 21206 WARNING  [tempest_lib.common.ssh] Failed to establish authenticated ssh connection to cirros@172.24.4.4 ([Errno None] Unable to connect to port 22 on  or 172.24.4.4). Number attempts: 14. Retry after 15 seconds.
2015-12-23 15:00:58,787 21206 WARNING  [tempest_lib.common.ssh] Failed to establish authenticated ssh connection to cirros@172.24.4.4 ([Errno None] Unable to connect to port 22 on  or 172.24.4.4). Number attempts: 15. Retry after 16 seconds.
2015-12-23 15:01:18,299 21206 WARNING  [tempest_lib.common.ssh] Failed to establish authenticated ssh connection to cirros@172.24.4.4 ([Errno None] Unable to connect to port 22 on  or 172.24.4.4). Number attempts: 16. Retry after 17 seconds.
2015-12-23 15:01:38,810 21206 WARNING  [tempest_lib.common.ssh] Failed to establish authenticated ssh connection to cirros@172.24.4.4 ([Errno None] Unable to connect to port 22 on  or 172.24.4.4). Number attempts: 17. Retry after 18 seconds.
2015-12-23 15:02:00,318 21206 WARNING  [tempest_lib.common.ssh] Failed to establish authenticated ssh connection to cirros@172.24.4.4 ([Errno None] Unable to connect to port 22 on  or 172.24.4.4). Number attempts: 18. Retry after 19 seconds.
2015-12-23 15:02:22,843 21206 WARNING  [tempest_lib.common.ssh] Failed to establish authenticated ssh connection to cirros@172.24.4.4 ([Errno None] Unable to connect to port 22 on  or 172.24.4.4). Number attempts: 19. Retry after 20 seconds.
2015-12-23 15:02:46,363 21206 WARNING  [tempest_lib.common.ssh] Failed to establish authenticated ssh connection to cirros@172.24.4.4 ([Errno None] Unable to connect to port 22 on  or 172.24.4.4). Number attempts: 20. Retry after 21 seconds.
2015-12-23 15:03:10,878 21206 ERROR    [tempest_lib.common.ssh] Failed to establish authenticated ssh connection to cirros@172.24.4.4 after 20 attempts
2015-12-23 15:03:10.878 21206 ERROR tempest_lib.common.ssh Traceback (most recent call last):
2015-12-23 15:03:10.878 21206 ERROR tempest_lib.common.ssh   File "/usr/local/lib/python2.7/dist-packages/tempest_lib/common/ssh.py", line 75, in _get_ssh_connection
2015-12-23 15:03:10.878 21206 ERROR tempest_lib.common.ssh     timeout=self.channel_timeout, pkey=self.pkey)
2015-12-23 15:03:10.878 21206 ERROR tempest_lib.common.ssh   File "/usr/local/lib/python2.7/dist-packages/paramiko/client.py", line 311, in connect
2015-12-23 15:03:10.878 21206 ERROR tempest_lib.common.ssh     raise NoValidConnectionsError(errors)
2015-12-23 15:03:10.878 21206 ERROR tempest_lib.common.ssh NoValidConnectionsError: [Errno None] Unable to connect to port 22 on  or 172.24.4.4
2015-12-23 15:03:10.878 21206 ERROR tempest_lib.common.ssh 
2015-12-23 15:03:10,880 21206 ERROR    [tempest.scenario.manager] (TestGettingAddress:test_dhcp6_stateless_from_os) Initializing SSH connection to 172.24.4.4 failed. Error: Connection to the 172.24.4.4 via SSH timed out.
User: cirros, Password: None
2015-12-23 15:03:10.880 21206 ERROR tempest.scenario.manager Traceback (most recent call last):
2015-12-23 15:03:10.880 21206 ERROR tempest.scenario.manager   File "tempest/scenario/manager.py", line 386, in get_remote_client
2015-12-23 15:03:10.880 21206 ERROR tempest.scenario.manager     linux_client.validate_authentication()
2015-12-23 15:03:10.880 21206 ERROR tempest.scenario.manager   File "tempest/common/utils/linux/remote_client.py", line 63, in validate_authentication
2015-12-23 15:03:10.880 21206 ERROR tempest.scenario.manager     self.ssh_client.test_connection_auth()
2015-12-23 15:03:10.880 21206 ERROR tempest.scenario.manager   File "/usr/local/lib/python2.7/dist-packages/tempest_lib/common/ssh.py", line 172, in test_connection_auth
2015-12-23 15:03:10.880 21206 ERROR tempest.scenario.manager     connection = self._get_ssh_connection()
2015-12-23 15:03:10.880 21206 ERROR tempest.scenario.manager   File "/usr/local/lib/python2.7/dist-packages/tempest_lib/common/ssh.py", line 87, in _get_ssh_connection
2015-12-23 15:03:10.880 21206 ERROR tempest.scenario.manager     password=self.password)
2015-12-23 15:03:10.880 21206 ERROR tempest.scenario.manager SSHTimeout: Connection to the 172.24.4.4 via SSH timed out.
2015-12-23 15:03:10.880 21206 ERROR tempest.scenario.manager User: cirros, Password: None
2015-12-23 15:03:10.880 21206 ERROR tempest.scenario.manager 
2015-12-23 15:03:11,253 21206 INFO     [tempest_lib.common.rest_client] Request (TestGettingAddress:test_dhcp6_stateless_from_os): 200 GET http://10.0.2.15:8774/v2.1/e4e87ae4d68041cd81b928b53e6a6a3c/servers 0.370s
2015-12-23 15:03:11,253 21206 DEBUG    [tempest_lib.common.rest_client] Request - Headers: {'Content-Type': 'application/json', 'Accept': 'application/json', 'X-Auth-Token': '&lt;omitted&gt;'}
        Body: None
    Response - Headers: {'status': '200', 'content-length': '390', 'content-location': 'http://10.0.2.15:8774/v2.1/e4e87ae4d68041cd81b928b53e6a6a3c/servers', 'x-compute-request-id': 'req-6639f23e-0c07-481c-909f-47e29a5c9414', 'vary': 'X-OpenStack-Nova-API-Version', 'connection': 'close', 'x-openstack-nova-api-version': '2.1', 'date': 'Wed, 23 Dec 2015 15:03:11 GMT', 'content-type': 'application/json'}
        Body: {"servers": [{"id": "36f1084f-0238-479f-b667-271c5a589c68", "links": [{"href": "http://10.0.2.15:8774/v2.1/e4e87ae4d68041cd81b928b53e6a6a3c/servers/36f1084f-0238-479f-b667-271c5a589c68", "rel": "self"}, {"href": "http://10.0.2.15:8774/e4e87ae4d68041cd81b928b53e6a6a3c/servers/36f1084f-0238-479f-b667-271c5a589c68", "rel": "bookmark"}], "name": "tempest.common.compute-instance-702872983"}]}
2015-12-23 15:03:11,461 21206 INFO     [tempest_lib.common.rest_client] Request (TestGettingAddress:test_dhcp6_stateless_from_os): 200 POST http://10.0.2.15:8774/v2.1/e4e87ae4d68041cd81b928b53e6a6a3c/servers/36f1084f-0238-479f-b667-271c5a589c68/action 0.202s
2015-12-23 15:03:11,462 21206 DEBUG    [tempest_lib.common.rest_client] Request - Headers: {'Content-Type': 'application/json', 'Accept': 'application/json', 'X-Auth-Token': '&lt;omitted&gt;'}
        Body: {"os-getConsoleOutput": {}}
    Response - Headers: {'status': '200', 'content-length': '24667', 'x-compute-request-id': 'req-9283b1d4-95d4-44cb-b1f9-9d476af4a4e6', 'vary': 'X-OpenStack-Nova-API-Version', 'connection': 'close', 'x-openstack-nova-api-version': '2.1', 'date': 'Wed, 23 Dec 2015 15:03:11 GMT', 'content-type': 'application/json'}
        Body: {"output": "[    0.000000] Initializing cgroup subsys cpuset\n[    0.000000] Initializing cgroup subsys cpu\n[    0.000000] Linux version 3.2.0-80-virtual (buildd@batsu) (gcc version 4.6.3 (Ubuntu/Linaro 4.6.3-1ubuntu5) ) #116-Ubuntu SMP Mon Mar 23 17:28:52 UTC 2015 (Ubuntu 3.2.0-80.116-virtual 3.2.68)\n[    0.000000] Command line: root=/dev/vda console=tty0 console=ttyS0 no_timer_check\n[    0.000000] KERNEL supported cpus:\n[    0.000000]   Intel GenuineIntel\n[    0.000000]   AMD AuthenticAMD\n[    0.000000]   Centaur CentaurHauls\n[    0.000000] BIOS-provided physical RAM map:\n[    0.000000]  BIOS-e820: 0000000000000000 - 000000000009fc00 (usable)\n[    0.000000]  BIOS-e820: 000000000009fc00 - 00000000000a0000 (reserved)\n[    0.000000]  BIOS-e820: 00000000000f0000 - 0000000000100000 (reserved)\n[    0.000000]  BIOS-e820: 0000000000100000 - 0000000003ffe000 (usable)\n[    0.000000]  BIOS-e820: 0000000003ffe000 - 0000000004000000 (reserved)\n[    0.000000]  BIOS-e820: 00000000fffc0000 - 0000000100000000 (reserved)\n[    0.000000] NX (Execute Disable) protection: active\n[    0.000000] SMBIOS 2.4 present.\n[    0.000000] No AGP bridge found\n[    0.000000] last_pfn = 0x3ffe max_arch_pfn = 0x400000000\n[    0.000000] x86 PAT enabled: cpu 0, old 0x7040600070406, new 0x7010600070106\n[    0.000000] found SMP MP-table at [ffff8800000f0b00] f0b00\n[    0.000000] init_memory_mapping: 0000000000000000-0000000003ffe000\n[    0.000000] RAMDISK: 03c5e000 - 03ff0000\n[    0.000000] ACPI: RSDP 00000000000f0950 00014 (v00 BOCHS )\n[    0.000000] ACPI: RSDT 0000000003fffbc1 00034 (v01 BOCHS  BXPCRSDT 00000001 BXPC 00000001)\n[    0.000000] ACPI: FACP 0000000003fff1c0 00074 (v01 BOCHS  BXPCFACP 00000001 BXPC 00000001)\n[    0.000000] ACPI: DSDT 0000000003ffe040 01180 (v01 BOCHS  BXPCDSDT 00000001 BXPC 00000001)\n[    0.000000] ACPI: FACS 0000000003ffe000 00040\n[    0.000000] ACPI: SSDT 0000000003fff234 008DD (v01 BOCHS  BXPCSSDT 00000001 BXPC 00000001)\n[    0.000000] ACPI: APIC 0000000003fffb11 00078 (v01 BOCHS  BXPCAPIC 00000001 BXPC 00000001)\n[    0.000000] ACPI: HPET 0000000003fffb89 00038 (v01 BOCHS  BXPCHPET 00000001 BXPC 00000001)\n[    0.000000] No NUMA configuration found\n[    0.000000] Faking a node at 0000000000000000-0000000003ffe000\n[    0.000000] Initmem setup node 0 0000000000000000-0000000003ffe000\n[    0.000000]   NODE_DATA [0000000003ff6000 - 0000000003ffafff]\n[    0.000000] Zone PFN ranges:\n[    0.000000]   DMA      0x00000010 -&gt; 0x00001000\n[    0.000000]   DMA32    0x00001000 -&gt; 0x00100000\n[    0.000000]   Normal   empty\n[    0.000000] Movable zone start PFN for each node\n[    0.000000] early_node_map[2] active PFN ranges\n[    0.000000]     0: 0x00000010 -&gt; 0x0000009f\n[    0.000000]     0: 0x00000100 -&gt; 0x00003ffe\n[    0.000000] ACPI: PM-Timer IO Port: 0xb008\n[    0.000000] ACPI: LAPIC (acpi_id[0x00] lapic_id[0x00] enabled)\n[    0.000000] ACPI: LAPIC_NMI (acpi_id[0xff] dfl dfl lint[0x1])\n[    0.000000] ACPI: IOAPIC (id[0x00] address[0xfec00000] gsi_base[0])\n[    0.000000] IOAPIC[0]: apic_id 0, version 17, address 0xfec00000, GSI 0-23\n[    0.000000] ACPI: INT_SRC_OVR (bus 0 bus_irq 0 global_irq 2 dfl dfl)\n[    0.000000] ACPI: INT_SRC_OVR (bus 0 bus_irq 5 global_irq 5 high level)\n[    0.000000] ACPI: INT_SRC_OVR (bus 0 bus_irq 9 global_irq 9 high level)\n[    0.000000] ACPI: INT_SRC_OVR (bus 0 bus_irq 10 global_irq 10 high level)\n[    0.000000] ACPI: INT_SRC_OVR (bus 0 bus_irq 11 global_irq 11 high level)\n[    0.000000] Using ACPI (MADT) for SMP configuration information\n[    0.000000] ACPI: HPET id: 0x8086a201 base: 0xfed00000\n[    0.000000] SMP: Allowing 1 CPUs, 0 hotplug CPUs\n[    0.000000] PM: Registered nosave memory: 000000000009f000 - 00000000000a0000\n[    0.000000] PM: Registered nosave memory: 00000000000a0000 - 00000000000f0000\n[    0.000000] PM: Registered nosave memory: 00000000000f0000 - 0000000000100000\n[    0.000000] Allocating PCI resources starting at 4000000 (gap: 4000000:fbfc0000)\n[    0.000000] Booting paravirtualized kernel on bare hardware\n[    0.000000] setup_pe
2015-12-23 15:03:11,464 21206 DEBUG    [tempest.scenario.manager] Console output for 36f1084f-0238-479f-b667-271c5a589c68
body=
[    0.000000] Initializing cgroup subsys cpuset
[    0.000000] Initializing cgroup subsys cpu
[    0.000000] Linux version 3.2.0-80-virtual (buildd@batsu) (gcc version 4.6.3 (Ubuntu/Linaro 4.6.3-1ubuntu5) ) #116-Ubuntu SMP Mon Mar 23 17:28:52 UTC 2015 (Ubuntu 3.2.0-80.116-virtual 3.2.68)
[    0.000000] Command line: root=/dev/vda console=tty0 console=ttyS0 no_timer_check
[    0.000000] KERNEL supported cpus:
[    0.000000]   Intel GenuineIntel
[    0.000000]   AMD AuthenticAMD
[    0.000000]   Centaur CentaurHauls
[    0.000000] BIOS-provided physical RAM map:
[    0.000000]  BIOS-e820: 0000000000000000 - 000000000009fc00 (usable)
[    0.000000]  BIOS-e820: 000000000009fc00 - 00000000000a0000 (reserved)
[    0.000000]  BIOS-e820: 00000000000f0000 - 0000000000100000 (reserved)
[    0.000000]  BIOS-e820: 0000000000100000 - 0000000003ffe000 (usable)
[    0.000000]  BIOS-e820: 0000000003ffe000 - 0000000004000000 (reserved)
[    0.000000]  BIOS-e820: 00000000fffc0000 - 0000000100000000 (reserved)
[    0.000000] NX (Execute Disable) protection: active
[    0.000000] SMBIOS 2.4 present.
[    0.000000] No AGP bridge found
[    0.000000] last_pfn = 0x3ffe max_arch_pfn = 0x400000000
[    0.000000] x86 PAT enabled: cpu 0, old 0x7040600070406, new 0x7010600070106
[    0.000000] found SMP MP-table at [ffff8800000f0b00] f0b00
[    0.000000] init_memory_mapping: 0000000000000000-0000000003ffe000
[    0.000000] RAMDISK: 03c5e000 - 03ff0000
[    0.000000] ACPI: RSDP 00000000000f0950 00014 (v00 BOCHS )
[    0.000000] ACPI: RSDT 0000000003fffbc1 00034 (v01 BOCHS  BXPCRSDT 00000001 BXPC 00000001)
[    0.000000] ACPI: FACP 0000000003fff1c0 00074 (v01 BOCHS  BXPCFACP 00000001 BXPC 00000001)
[    0.000000] ACPI: DSDT 0000000003ffe040 01180 (v01 BOCHS  BXPCDSDT 00000001 BXPC 00000001)
[    0.000000] ACPI: FACS 0000000003ffe000 00040
[    0.000000] ACPI: SSDT 0000000003fff234 008DD (v01 BOCHS  BXPCSSDT 00000001 BXPC 00000001)
[    0.000000] ACPI: APIC 0000000003fffb11 00078 (v01 BOCHS  BXPCAPIC 00000001 BXPC 00000001)
[    0.000000] ACPI: HPET 0000000003fffb89 00038 (v01 BOCHS  BXPCHPET 00000001 BXPC 00000001)
[    0.000000] No NUMA configuration found
[    0.000000] Faking a node at 0000000000000000-0000000003ffe000
[    0.000000] Initmem setup node 0 0000000000000000-0000000003ffe000
[    0.000000]   NODE_DATA [0000000003ff6000 - 0000000003ffafff]
[    0.000000] Zone PFN ranges:
[    0.000000]   DMA      0x00000010 -&gt; 0x00001000
[    0.000000]   DMA32    0x00001000 -&gt; 0x00100000
[    0.000000]   Normal   empty
[    0.000000] Movable zone start PFN for each node
[    0.000000] early_node_map[2] active PFN ranges
[    0.000000]     0: 0x00000010 -&gt; 0x0000009f
[    0.000000]     0: 0x00000100 -&gt; 0x00003ffe
[    0.000000] ACPI: PM-Timer IO Port: 0xb008
[    0.000000] ACPI: LAPIC (acpi_id[0x00] lapic_id[0x00] enabled)
[    0.000000] ACPI: LAPIC_NMI (acpi_id[0xff] dfl dfl lint[0x1])
[    0.000000] ACPI: IOAPIC (id[0x00] address[0xfec00000] gsi_base[0])
[    0.000000] IOAPIC[0]: apic_id 0, version 17, address 0xfec00000, GSI 0-23
[    0.000000] ACPI: INT_SRC_OVR (bus 0 bus_irq 0 global_irq 2 dfl dfl)
[    0.000000] ACPI: INT_SRC_OVR (bus 0 bus_irq 5 global_irq 5 high level)
[    0.000000] ACPI: INT_SRC_OVR (bus 0 bus_irq 9 global_irq 9 high level)
[    0.000000] ACPI: INT_SRC_OVR (bus 0 bus_irq 10 global_irq 10 high level)
[    0.000000] ACPI: INT_SRC_OVR (bus 0 bus_irq 11 global_irq 11 high level)
[    0.000000] Using ACPI (MADT) for SMP configuration information
[    0.000000] ACPI: HPET id: 0x8086a201 base: 0xfed00000
[    0.000000] SMP: Allowing 1 CPUs, 0 hotplug CPUs
[    0.000000] PM: Registered nosave memory: 000000000009f000 - 00000000000a0000
[    0.000000] PM: Registered nosave memory: 00000000000a0000 - 00000000000f0000
[    0.000000] PM: Registered nosave memory: 00000000000f0000 - 0000000000100000
[    0.000000] Allocating PCI resources starting at 4000000 (gap: 4000000:fbfc0000)
[    0.000000] Booting paravirtualized kernel on bare hardware
[    0.000000] setup_percpu: NR_CPUS:64 nr_cpumask_bits:64 nr_cpu_ids:1 nr_node_ids:1
[    0.000000] PERCPU: Embedded 27 pages/cpu @ffff880003a00000 s78848 r8192 d23552 u2097152
[    0.000000] Built 1 zonelists in Node order, mobility grouping on.  Total pages: 16008
[    0.000000] Policy zone: DMA32
[    0.000000] Kernel command line: root=/dev/vda console=tty0 console=ttyS0 no_timer_check
[    0.000000] PID hash table entries: 256 (order: -1, 2048 bytes)
[    0.000000] Checking aperture...
[    0.000000] No AGP bridge found
[    0.000000] Memory: 43492k/65528k available (6576k kernel code, 452k absent, 21584k reserved, 6620k data, 928k init)
[    0.000000] SLUB: Genslabs=15, HWalign=64, Order=0-3, MinObjects=0, CPUs=1, Nodes=1
[    0.000000] Hierarchical RCU implementation.
[    0.000000] 	RCU dyntick-idle grace-period acceleration is enabled.
[    0.000000] NR_IRQS:4352 nr_irqs:256 16
[    0.000000] Console: colour VGA+ 80x25
[    0.000000] console [tty0] enabled
[    0.000000] console [ttyS0] enabled
[    0.000000] allocated 1048576 bytes of page_cgroup
[    0.000000] please try 'cgroup_disable=memory' option if you don't want memory cgroups
[    0.000000] Fast TSC calibration failed
[    0.000000] TSC: Unable to calibrate against PIT
[    0.000000] TSC: using HPET reference calibration
[    0.000000] Detected 2291.819 MHz processor.
[    0.037288] Calibrating delay loop (skipped), value calculated using timer frequency.. 4583.63 BogoMIPS (lpj=9167276)
[    0.041622] pid_max: default: 32768 minimum: 301
[    0.057334] Security Framework initialized
[    0.064295] AppArmor: AppArmor initialized
[    0.065505] Yama: becoming mindful.
[    0.074049] Dentry cache hash table entries: 8192 (order: 4, 65536 bytes)
[    0.076999] Inode-cache hash table entries: 4096 (order: 3, 32768 bytes)
[    0.080244] Mount-cache hash table entries: 256
[    0.098064] Initializing cgroup subsys cpuacct
[    0.098956] Initializing cgroup subsys memory
[    0.100719] Initializing cgroup subsys devices
[    0.101531] Initializing cgroup subsys freezer
[    0.102290] Initializing cgroup subsys blkio
[    0.103113] Initializing cgroup subsys perf_event
[    0.108637] mce: CPU supports 10 MCE banks
[    0.112634] SMP alternatives: switching to UP code
[    0.524611] Freeing SMP alternatives: 24k freed
[    0.526518] ACPI: Core revision 20110623
[    0.570090] ftrace: allocating 26610 entries in 105 pages
[    0.600969] ..TIMER: vector=0x30 apic1=0 pin1=2 apic2=-1 pin2=-1
[    0.602338] CPU0: AMD QEMU Virtual CPU version 2.0.0 stepping 03
[    0.608037] Performance Events: Broken PMU hardware detected, using software events only.
[    0.621900] NMI watchdog disabled (cpu0): hardware events not enabled
[    0.624304] Brought up 1 CPUs
[    0.624872] Total of 1 processors activated (4583.63 BogoMIPS).
[    0.646836] devtmpfs: initialized
[    0.677521] EVM: security.selinux
[    0.678030] EVM: security.SMACK64
[    0.678462] EVM: security.capability
[    0.698017] print_constraints: dummy: 
[    0.700499] RTC time: 14:58:08, date: 12/23/15
[    0.704267] NET: Registered protocol family 16
[    0.712651] ACPI: bus type pci registered
[    0.716598] PCI: Using configuration type 1 for base access
[    0.745328] bio: create slab &lt;bio-0&gt; at 0
[    0.749433] ACPI: Added _OSI(Module Device)
[    0.750035] ACPI: Added _OSI(Processor Device)
[    0.750584] ACPI: Added _OSI(3.0 _SCP Extensions)
[    0.751266] ACPI: Added _OSI(Processor Aggregator Device)
[    0.832815] ACPI: Interpreter enabled
[    0.833447] ACPI: (supports S0 S3 S4 S5)
[    0.835490] ACPI: Using IOAPIC for interrupt routing
[    0.910722] ACPI: No dock devices found.
[    0.911409] HEST: Table not found.
[    0.912220] PCI: Using host bridge windows from ACPI; if necessary, use "pci=nocrs" and report a bug
[    0.920056] ACPI: PCI Root Bridge [PCI0] (domain 0000 [bus 00-ff])
[    0.926111] pci_root PNP0A03:00: host bridge window [io  0x0000-0x0cf7]
[    0.927099] pci_root PNP0A03:00: host bridge window [io  0x0d00-0xadff]
[    0.928111] pci_root PNP0A03:00: host bridge window [io  0xae0f-0xaeff]
[    0.929048] pci_root PNP0A03:00: host bridge window [io  0xaf20-0xafdf]
[    0.930069] pci_root PNP0A03:00: host bridge window [io  0xafe4-0xffff]
[    0.932170] pci_root PNP0A03:00: host bridge window [mem 0x000a0000-0x000bffff]
[    0.933097] pci_root PNP0A03:00: host bridge window [mem 0x04000000-0xfebfffff]
[    0.958808] pci 0000:00:01.3: quirk: [io  0xb000-0xb03f] claimed by PIIX4 ACPI
[    0.960196] pci 0000:00:01.3: quirk: [io  0xb100-0xb10f] claimed by PIIX4 SMB
[    1.041408]  pci0000:00: Unable to request _OSC control (_OSC support mask: 0x1e)
[    1.095318] ACPI: PCI Interrupt Link [LNKA] (IRQs 5 *10 11)
[    1.097587] ACPI: PCI Interrupt Link [LNKB] (IRQs 5 *10 11)
[    1.100357] ACPI: PCI Interrupt Link [LNKC] (IRQs 5 10 *11)
[    1.101925] ACPI: PCI Interrupt Link [LNKD] (IRQs 5 10 *11)
[    1.103316] ACPI: PCI Interrupt Link [LNKS] (IRQs *9)
[    1.110050] vgaarb: device added: PCI:0000:00:02.0,decodes=io+mem,owns=io+mem,locks=none
[    1.111174] vgaarb: loaded
[    1.112144] vgaarb: bridge control possible 0000:00:02.0
[    1.115572] i2c-core: driver [aat2870] using legacy suspend method
[    1.116139] i2c-core: driver [aat2870] using legacy resume method
[    1.118659] SCSI subsystem initialized
[    1.121617] usbcore: registered new interface driver usbfs
[    1.124494] usbcore: registered new interface driver hub
[    1.125912] usbcore: registered new device driver usb
[    1.130130] PCI: Using ACPI for IRQ routing
[    1.144153] NetLabel: Initializing
[    1.144964] NetLabel:  domain hash size = 128
[    1.145916] NetLabel:  protocols = UNLABELED CIPSOv4
[    1.149632] NetLabel:  unlabeled traffic allowed by default
[    1.152937] HPET: 3 timers in total, 0 timers will be used for per-cpu timer
[    1.153691] hpet0: at MMIO 0xfed00000, IRQs 2, 8, 0
[    1.154561] hpet0: 3 comparators, 64-bit 100.000000 MHz counter
[    1.166625] Switching to clocksource hpet
[    1.434352] AppArmor: AppArmor Filesystem Enabled
[    1.437632] pnp: PnP ACPI init
[    1.438429] ACPI: bus type pnp registered
[    1.470112] pnp: PnP ACPI: found 9 devices
[    1.470876] ACPI: ACPI bus type pnp unregistered
[    1.531586] NET: Registered protocol family 2
[    1.571618] IP route cache hash table entries: 512 (order: 0, 4096 bytes)
[    1.585392] TCP established hash table entries: 2048 (order: 3, 32768 bytes)
[    1.587062] TCP bind hash table entries: 2048 (order: 3, 32768 bytes)
[    1.589571] TCP: Hash tables configured (established 2048 bind 2048)
[    1.590850] TCP reno registered
[    1.591374] UDP hash table entries: 128 (order: 0, 4096 bytes)
[    1.593107] UDP-Lite hash table entries: 128 (order: 0, 4096 bytes)
[    1.596715] NET: Registered protocol family 1
[    1.598511] pci 0000:00:00.0: Limiting direct PCI/PCI transfers
[    1.599286] pci 0000:00:01.0: PIIX3: Enabling Passive Release
[    1.600177] pci 0000:00:01.0: Activating ISA DMA hang workarounds
[    1.606371] ACPI: PCI Interrupt Link [LNKD] enabled at IRQ 11
[    1.607605] pci 0000:00:01.2: PCI INT D -&gt; Link[LNKD] -&gt; GSI 11 (level, high) -&gt; IRQ 11
[    1.610560] pci 0000:00:01.2: PCI INT D disabled
[    1.635018] Trying to unpack rootfs image as initramfs...
[    1.658879] audit: initializing netlink socket (disabled)
[    1.661190] type=2000 audit(1450882688.656:1): initialized
[    1.950779] HugeTLB registered 2 MB page size, pre-allocated 0 pages
[    2.029673] VFS: Disk quotas dquot_6.5.2
[    2.031115] Dquot-cache hash table entries: 512 (order 0, 4096 bytes)
[    2.055251] fuse init (API version 7.17)
[    2.058957] msgmni has been set to 84
[    2.094535] Block layer SCSI generic (bsg) driver version 0.4 loaded (major 253)
[    2.096046] io scheduler noop registered
[    2.098167] io scheduler deadline registered (default)
[    2.099245] io scheduler cfq registered
[    2.102547] pci_hotplug: PCI Hot Plug PCI Core version: 0.5
[    2.104898] pciehp: PCI Express Hot Plug Controller Driver version: 0.4
[    2.110304] input: Power Button as /devices/LNXSYSTM:00/LNXPWRBN:00/input/input0
[    2.111743] ACPI: Power Button [PWRF]
[    2.170472] ERST: Table is not found!
[    2.171051] GHES: HEST is not enabled!
[    2.182167] ACPI: PCI Interrupt Link [LNKC] enabled at IRQ 10
[    2.182985] virtio-pci 0000:00:03.0: PCI INT A -&gt; Link[LNKC] -&gt; GSI 10 (level, high) -&gt; IRQ 10
[    2.186777] virtio-pci 0000:00:04.0: PCI INT A -&gt; Link[LNKD] -&gt; GSI 11 (level, high) -&gt; IRQ 11
[    2.198641] ACPI: PCI Interrupt Link [LNKA] enabled at IRQ 10
[    2.199508] virtio-pci 0000:00:05.0: PCI INT A -&gt; Link[LNKA] -&gt; GSI 10 (level, high) -&gt; IRQ 10
[    2.210908] Serial: 8250/16550 driver, 32 ports, IRQ sharing enabled
[    2.255401] serial8250: ttyS0 at I/O 0x3f8 (irq = 4) is a 16550A
[    2.353309] serial8250: ttyS1 at I/O 0x2f8 (irq = 3) is a 16550A
[    2.480277] 00:05: ttyS0 at I/O 0x3f8 (irq = 4) is a 16550A
[    2.565527] 00:06: ttyS1 at I/O 0x2f8 (irq = 3) is a 16550A
[    2.617607] Linux agpgart interface v0.103
[    2.627541] Refined TSC clocksource calibration: 2291.865 MHz.
[    2.630122] Switching to clocksource tsc
[    2.679736] brd: module loaded
[    2.719916] loop: module loaded
[    2.782516]  vda: unknown partition table
[    2.847400] scsi0 : ata_piix
[    2.857505] scsi1 : ata_piix
[    2.859330] ata1: PATA max MWDMA2 cmd 0x1f0 ctl 0x3f6 bmdma 0xc0a0 irq 14
[    2.861120] ata2: PATA max MWDMA2 cmd 0x170 ctl 0x376 bmdma 0xc0a8 irq 15
[    2.874965] Fixed MDIO Bus: probed
[    2.875902] tun: Universal TUN/TAP device driver, 1.6
[    2.877341] tun: (C) 1999-2004 Max Krasnyansky &lt;maxk@qualcomm.com&gt;
[    2.895455] PPP generic driver version 2.4.2
[    2.929676] ehci_hcd: USB 2.0 'Enhanced' Host Controller (EHCI) Driver
[    2.931472] ohci_hcd: USB 1.1 'Open' Host Controller (OHCI) Driver
[    2.933513] uhci_hcd: USB Universal Host Controller Interface driver
[    2.934899] uhci_hcd 0000:00:01.2: PCI INT D -&gt; Link[LNKD] -&gt; GSI 11 (level, high) -&gt; IRQ 11
[    2.938838] uhci_hcd 0000:00:01.2: UHCI Host Controller
[    2.959652] uhci_hcd 0000:00:01.2: new USB bus registered, assigned bus number 1
[    2.964022] uhci_hcd 0000:00:01.2: irq 11, io base 0x0000c040
[    3.005703] hub 1-0:1.0: USB hub found
[    3.008701] hub 1-0:1.0: 2 ports detected
[    3.019276] usbcore: registered new interface driver libusual
[    3.024889] i8042: PNP: PS/2 Controller [PNP0303:KBD,PNP0f13:MOU] at 0x60,0x64 irq 1,12
[    3.038052] serio: i8042 KBD port at 0x60,0x64 irq 1
[    3.040407] serio: i8042 AUX port at 0x60,0x64 irq 12
[    3.120978] ata2.01: ATAPI: QEMU DVD-ROM, 2.0.0, max UDMA/100
[    3.131636] mousedev: PS/2 mouse device common for all mice
[    3.142525] input: AT Translated Set 2 keyboard as /devices/platform/i8042/serio0/input/input1
[    3.148018] rtc_cmos 00:01: RTC can wake from S4
[    3.169900] rtc_cmos 00:01: rtc core: registered rtc_cmos as rtc0
[    3.174330] rtc0: alarms up to one day, 114 bytes nvram, hpet irqs
[    3.179442] device-mapper: uevent: version 1.0.3
[    3.186816] ata2.01: configured for MWDMA2
[    3.227558] device-mapper: ioctl: 4.22.0-ioctl (2011-10-19) initialised: dm-devel@redhat.com
[    3.231667] cpuidle: using governor ladder
[    3.233216] cpuidle: using governor menu
[    3.234789] EFI Variables Facility v0.08 2004-May-17
[    3.242723] TCP cubic registered
[    3.246609] NET: Registered protocol family 10
[    3.275454] NET: Registered protocol family 17
[    3.276806] Registering the dns_resolver key type
[    3.284049] scsi 1:0:1:0: CD-ROM            QEMU     QEMU DVD-ROM     2.0. PQ: 0 ANSI: 5
[    3.325537] sr0: scsi3-mmc drive: 4x/4x cd/rw xa/form2 tray
[    3.327881] cdrom: Uniform CD-ROM driver Revision: 3.20
[    3.339588] sr 1:0:1:0: Attached scsi generic sg0 type 5
[    3.385411] registered taskstats version 1
[    3.412225] Freeing initrd memory: 3656k freed
[    3.978946]   Magic number: 11:692:991
[    3.992253] rtc_cmos 00:01: setting system clock to 2015-12-23 14:58:11 UTC (1450882691)
[    3.995565] powernow-k8: Processor cpuid 663 not supported
[    4.000010] BIOS EDD facility v0.16 2004-Jun-25, 0 devices found
[    4.002089] EDD information not available.
[    4.068894] Freeing unused kernel memory: 928k freed
[    4.075491] Write protecting the kernel read-only data: 12288k
[    4.202515] Freeing unused kernel memory: 1596k freed
[    4.261292] Freeing unused kernel memory: 1184k freed

info: initramfs: up at 4.45
modprobe: module virtio_blk not found in modules.dep
modprobe: module virtio_net not found in modules.dep
info: copying initramfs to /dev/vda
info: initramfs loading root from /dev/vda
info: /etc/init.d/rc.sysinit: up at 9.28
info: container: none
Starting logging: OK
modprobe: module virtio_blk not found in modules.dep
modprobe: module virtio_net not found in modules.dep
WARN: /etc/rc3.d/S10-load-modules failed
Initializing random number generator... done.
Starting acpid: OK
cirros-ds 'local' up at 11.84
found datasource (configdrive, local)
Starting network...
udhcpc (v1.20.1) started
Sending discover...
Sending discover...
Sending discover...
Usage: /sbin/cirros-dhcpc &lt;up|down&gt;
No lease, failing
WARN: /etc/rc3.d/S40-network failed
Starting dropbear sshd: generating rsa key... generating dsa key... OK
no userdata for datasource
=== system information ===
Platform: OpenStack Foundation OpenStack Nova
Container: none
Arch: x86_64
CPU(s): 1 @ 2291.819 MHz
Cores/Sockets/Threads: 1/1/1
Virt-type: AMD-V
RAM Size: 49MB
Disks:
NAME MAJ:MIN     SIZE LABEL         MOUNTPOINT
vda  253:0   25165824 cirros-rootfs /
sr0   11:0     428032 config-2      
=== sshd host keys ===
-----BEGIN SSH HOST KEY KEYS-----
ssh-rsa AAAAB3NzaC1yc2EAAAADAQABAAAAgwDYjoHUsUPtbSX36mZSgHFxUvpuuueduUbfYiOzA67zzrgOzlMxL6ohE4vlAzp3YBAwpChi9hTZ9+SH/IiTZOux0K3sB7DJxWtIgUsWQ5s9A+i90VGEXMegchFKeMYIYBezihDU6zwiqbwP/sf6d+CnSCuRz96t9Vk8Xqw9KWOpm4h9 root@tempest
ssh-dss AAAAB3NzaC1kc3MAAACBAPcue60VPUZNMAAofJwi/ELqQl6OA6baaMohsGD99MatgKkK6e13WoDOFmW3sBb0l/5jxBDxTN1bVrednws0bKMEiWN5tISZPGc01jh6ypwV6+dIMcdYcAO7uVXgkFJzSzU4RRuCCmNH752/G+p6YdO64TI0k3tVz5Esxecv8wnRAAAAFQDMpE46wHceBlDjpLEpWIwqEwFgTQAAAIBaHV7Kt/7oc2v6HLYWjwiUUqsBTZn5lnvLyNhFSxI7g/TKtCOz01Zhq1tl8iwO7lhr0ET/smCszxy/Af13o7SfIWLrfZqWN42W9Yys54+669e7tH3oBsb0phucVLqUFKVxc62rO5N85SfH//FodJJUv71cq4MKAXO4t7rQJbvz1AAAAIAWlD1f/2E0YNQis66H3xwVParGxPVh4J6nLTjlEFUK73zPqg+r8DBogFESuUkm1mOSRQDSU5NQE6dypaDrSWajCzdxVVobQQ1qJUwRK/at+UlmaiRvQ53IGpr8lhI2uCzIy/ylkV52KBInynasJU0ABBrW84mAvzK1QwX1Wg0S1g== root@tempest
-----END SSH HOST KEY KEYS-----
=== network info ===
if-info: lo,up,127.0.0.1,8,::1
if-info: eth0,up,,8,fe80::f816:3eff:fefb:adb
=== datasource: configdrive local ===
instance-id: 36f1084f-0238-479f-b667-271c5a589c68
name: tempest.common.compute-instance-702872983
availability-zone: nova
local-hostname: tempest.common.compute-instance-702872983.novalocal
launch-index: 0
=== cirros: current=0.3.4 uptime=202.53 ===
route: fscanf
=== pinging gateway failed, debugging connection ===
############ debug start ##############
### /etc/init.d/sshd start
Starting dropbear sshd: OK
route: fscanf
### ifconfig -a
eth0      Link encap:Ethernet  HWaddr FA:16:3E:FB:0A:DB  
          inet6 addr: fe80::f816:3eff:fefb:adb/64 Scope:Link
          UP BROADCAST RUNNING MULTICAST  MTU:1500  Metric:1
          RX packets:12 errors:0 dropped:5 overruns:0 frame:0
          TX packets:8 errors:0 dropped:0 overruns:0 carrier:0
          collisions:0 txqueuelen:1000 
          RX bytes:1303 (1.2 KiB)  TX bytes:1134 (1.1 KiB)

lo        Link encap:Local Loopback  
          inet addr:127.0.0.1  Mask:255.0.0.0
          inet6 addr: ::1/128 Scope:Host
          UP LOOPBACK RUNNING  MTU:16436  Metric:1
          RX packets:12 errors:0 dropped:0 overruns:0 frame:0
          TX packets:12 errors:0 dropped:0 overruns:0 carrier:0
          collisions:0 txqueuelen:0 
          RX bytes:1020 (1020.0 B)  TX bytes:1020 (1020.0 B)

### route -n
Kernel IP routing table
Destination     Gateway         Genmask         Flags Metric Ref    Use Iface
route: fscanf
### cat /etc/resolv.conf
cat: can't open '/etc/resolv.conf': No such file or directory
### gateway not found
/sbin/cirros-status: line 1: can't open /etc/resolv.conf: no such file
### pinging nameservers
### uname -a
Linux tempest 3.2.0-80-virtual #116-Ubuntu SMP Mon Mar 23 17:28:52 UTC 2015 x86_64 GNU/Linux
### lsmod
Module                  Size  Used by    Not tainted
nls_iso8859_1          12713  0 
nls_cp437              16991  0 
vfat                   17585  0 
fat                    61512  1 vfat
isofs                  40259  0 
ip_tables              27473  0 
x_tables               29891  1 ip_tables
pcnet32                42119  0 
8139cp                 27360  0 
ne2k_pci               13691  0 
8390                   18856  1 ne2k_pci
e1000                 108589  0 
acpiphp                24231  0 
### dmesg | tail
[    5.302554] EXT3-fs (vda): mounted filesystem with ordered data mode
[    5.556695] ISO 9660 Extensions: Microsoft Joliet Level 3
[    5.630545] ISO 9660 Extensions: RRIP_1991A
[    5.871689] kjournald starting.  Commit interval 5 seconds
[    5.883522] EXT3-fs (vda): using internal journal
[    5.883691] EXT3-fs (vda): mounted filesystem with ordered data mode
[    9.333427] EXT3-fs (vda): using internal journal
[   12.681819] ISO 9660 Extensions: Microsoft Joliet Level 3
[   12.781815] ISO 9660 Extensions: RRIP_1991A
[   27.555884] eth0: no IPv6 routers present
### tail -n 25 /var/log/messages
Dec 23 14:58:18 cirros kern.info kernel: [    4.769187] acpiphp: Slot [26] registered
Dec 23 14:58:18 cirros kern.info kernel: [    4.769681] acpiphp: Slot [27] registered
Dec 23 14:58:18 cirros kern.info kernel: [    4.770110] acpiphp: Slot [28] registered
Dec 23 14:58:18 cirros kern.info kernel: [    4.770670] acpiphp: Slot [29] registered
Dec 23 14:58:18 cirros kern.info kernel: [    4.770825] acpiphp: Slot [30] registered
Dec 23 14:58:18 cirros kern.info kernel: [    4.771286] acpiphp: Slot [31] registered
Dec 23 14:58:18 cirros kern.info kernel: [    4.831723] e1000: Intel(R) PRO/1000 Network Driver - version 7.3.21-k8-NAPI
Dec 23 14:58:18 cirros kern.info kernel: [    4.831840] e1000: Copyright (c) 1999-2006 Intel Corporation.
Dec 23 14:58:18 cirros kern.info kernel: [    4.874243] ne2k-pci.c:v1.03 9/22/2003 D. Becker/P. Gortmaker
Dec 23 14:58:18 cirros kern.info kernel: [    4.920336] 8139cp: 8139cp: 10/100 PCI Ethernet driver v1.3 (Mar 22, 2004)
Dec 23 14:58:18 cirros kern.info kernel: [    4.967468] pcnet32: pcnet32.c:v1.35 21.Apr.2008 tsbogend@alpha.franken.de
Dec 23 14:58:18 cirros kern.info kernel: [    5.021670] ip_tables: (C) 2000-2006 Netfilter Core Team
Dec 23 14:58:18 cirros kern.info kernel: [    5.296437] kjournald starting.  Commit interval 5 seconds
Dec 23 14:58:18 cirros kern.info kernel: [    5.302554] EXT3-fs (vda): mounted filesystem with ordered data mode
Dec 23 14:58:18 cirros kern.debug kernel: [    5.556695] ISO 9660 Extensions: Microsoft Joliet Level 3
Dec 23 14:58:18 cirros kern.debug kernel: [    5.630545] ISO 9660 Extensions: RRIP_1991A
Dec 23 14:58:18 cirros kern.info kernel: [    5.871689] kjournald starting.  Commit interval 5 seconds
Dec 23 14:58:18 cirros kern.info kernel: [    5.883522] EXT3-fs (vda): using internal journal
Dec 23 14:58:18 cirros kern.info kernel: [    5.883691] EXT3-fs (vda): mounted filesystem with ordered data mode
Dec 23 14:58:18 cirros kern.info kernel: [    9.333427] EXT3-fs (vda): using internal journal
Dec 23 14:58:20 cirros kern.debug kernel: [   12.681819] ISO 9660 Extensions: Microsoft Joliet Level 3
Dec 23 14:58:20 cirros kern.debug kernel: [   12.781815] ISO 9660 Extensions: RRIP_1991A
Dec 23 14:58:23 cirros auth.notice su: + /dev/console root:cirros
Dec 23 14:58:35 cirros kern.debug kernel: [   27.555884] eth0: no IPv6 routers present
Dec 23 15:01:28 cirros authpriv.info dropbear[283]: Running in background
############ debug end   ##############
  ____               ____  ____
 / __/ __ ____ ____ / __ \/ __/
/ /__ / // __// __// /_/ /\ \ 
\___//_//_/  /_/   \____/___/ 
   http://cirros-cloud.net


login as 'cirros' user. default password: 'cubswin:)'. use 'sudo' for root.
tempest login: 
2015-12-23 15:03:11,925 21206 INFO     [tempest_lib.common.rest_client] Request (TestGettingAddress:_run_cleanups): 204 DELETE http://10.0.2.15:9696/v2.0/floatingips/1dd88edc-ddbc-408f-8037-87ece722abb5 0.457s
2015-12-23 15:03:11,925 21206 DEBUG    [tempest_lib.common.rest_client] Request - Headers: {'Content-Type': 'application/json', 'Accept': 'application/json', 'X-Auth-Token': '&lt;omitted&gt;'}
        Body: None
    Response - Headers: {'date': 'Wed, 23 Dec 2015 15:03:11 GMT', 'status': '204', 'connection': 'close', 'content-length': '0', 'x-openstack-request-id': 'req-b4388c63-15d9-4750-adea-48089dcf2657'}
        Body: 
2015-12-23 15:03:12,302 21206 INFO     [tempest_lib.common.rest_client] Request (TestGettingAddress:_run_cleanups): 204 DELETE http://10.0.2.15:8774/v2.1/e4e87ae4d68041cd81b928b53e6a6a3c/servers/36f1084f-0238-479f-b667-271c5a589c68 0.376s
2015-12-23 15:03:12,303 21206 DEBUG    [tempest_lib.common.rest_client] Request - Headers: {'Content-Type': 'application/json', 'Accept': 'application/json', 'X-Auth-Token': '&lt;omitted&gt;'}
        Body: None
    Response - Headers: {'status': '204', 'content-length': '0', 'x-compute-request-id': 'req-6c54d4bf-3a5f-45c4-98cf-4be651efd7c9', 'vary': 'X-OpenStack-Nova-API-Version', 'connection': 'close', 'x-openstack-nova-api-version': '2.1', 'date': 'Wed, 23 Dec 2015 15:03:12 GMT', 'content-type': 'application/json'}
        Body: 
2015-12-23 15:03:12,578 21206 INFO     [tempest_lib.common.rest_client] Request (TestGettingAddress:_run_cleanups): 200 GET http://10.0.2.15:8774/v2.1/e4e87ae4d68041cd81b928b53e6a6a3c/servers/36f1084f-0238-479f-b667-271c5a589c68 0.274s
2015-12-23 15:03:12,578 21206 DEBUG    [tempest_lib.common.rest_client] Request - Headers: {'Content-Type': 'application/json', 'Accept': 'application/json', 'X-Auth-Token': '&lt;omitted&gt;'}
        Body: None
    Response - Headers: {'status': '200', 'content-length': '1900', 'content-location': 'http://10.0.2.15:8774/v2.1/e4e87ae4d68041cd81b928b53e6a6a3c/servers/36f1084f-0238-479f-b667-271c5a589c68', 'x-compute-request-id': 'req-4d8e8cf6-72f6-49c3-a97c-5f0f00251f0d', 'vary': 'X-OpenStack-Nova-API-Version', 'connection': 'close', 'x-openstack-nova-api-version': '2.1', 'date': 'Wed, 23 Dec 2015 15:03:12 GMT', 'content-type': 'application/json'}
        Body: {"server": {"status": "ACTIVE", "updated": "2015-12-23T15:03:12Z", "hostId": "59202d02d04f11d0d688301fe0967aeaf5eb887e195571ff796080b6", "addresses": {"tempest-network-smoke--349733409": [{"OS-EXT-IPS-MAC:mac_addr": "fa:16:3e:fb:0a:db", "version": 6, "addr": "2003::f816:3eff:fefb:adb", "OS-EXT-IPS:type": "fixed"}, {"OS-EXT-IPS-MAC:mac_addr": "fa:16:3e:fb:0a:db", "version": 4, "addr": "10.100.0.3", "OS-EXT-IPS:type": "fixed"}, {"OS-EXT-IPS-MAC:mac_addr": "fa:16:3e:fb:0a:db", "version": 4, "addr": "172.24.4.4", "OS-EXT-IPS:type": "floating"}]}, "links": [{"href": "http://10.0.2.15:8774/v2.1/e4e87ae4d68041cd81b928b53e6a6a3c/servers/36f1084f-0238-479f-b667-271c5a589c68", "rel": "self"}, {"href": "http://10.0.2.15:8774/e4e87ae4d68041cd81b928b53e6a6a3c/servers/36f1084f-0238-479f-b667-271c5a589c68", "rel": "bookmark"}], "key_name": "tempest-TestGettingAddress-233010202", "image": {"id": "f511afc9-116d-4da3-953a-40e58645bd19", "links": [{"href": "http://10.0.2.15:8774/e4e87ae4d68041cd81b928b53e6a6a3c/images/f511afc9-116d-4da3-953a-40e58645bd19", "rel": "bookmark"}]}, "OS-EXT-STS:task_state": "deleting", "OS-EXT-STS:vm_state": "active", "OS-SRV-USG:launched_at": "2015-12-23T14:58:05.000000", "flavor": {"id": "42", "links": [{"href": "http://10.0.2.15:8774/e4e87ae4d68041cd81b928b53e6a6a3c/flavors/42", "rel": "bookmark"}]}, "id": "36f1084f-0238-479f-b667-271c5a589c68", "security_groups": [{"name": "tempest-secgroup-smoke-785945975"}], "OS-SRV-USG:terminated_at": null, "OS-EXT-AZ:availability_zone": "nova", "user_id": "48d61692a9534d49b1bc40cb904331ee", "name": "tempest.common.compute-instance-702872983", "created": "2015-12-23T14:58:01Z", "tenant_id": "e4e87ae4d68041cd81b928b53e6a6a3c", "OS-DCF:diskConfig": "MANUAL", "os-extended-volumes:volumes_attached": [], "accessIPv4": "", "accessIPv6": "", "progress": 0, "OS-EXT-STS:power_state": 1, "config_drive": "True", "metadata": {}}}
2015-12-23 15:03:13,755 21206 INFO     [tempest_lib.common.rest_client] Request (TestGettingAddress:_run_cleanups): 200 GET http://10.0.2.15:8774/v2.1/e4e87ae4d68041cd81b928b53e6a6a3c/servers/36f1084f-0238-479f-b667-271c5a589c68 0.165s
2015-12-23 15:03:13,755 21206 DEBUG    [tempest_lib.common.rest_client] Request - Headers: {'Content-Type': 'application/json', 'Accept': 'application/json', 'X-Auth-Token': '&lt;omitted&gt;'}
        Body: None
    Response - Headers: {'status': '200', 'content-length': '1438', 'content-location': 'http://10.0.2.15:8774/v2.1/e4e87ae4d68041cd81b928b53e6a6a3c/servers/36f1084f-0238-479f-b667-271c5a589c68', 'x-compute-request-id': 'req-3989acd8-8078-41f2-9bbc-eec344b9c18b', 'vary': 'X-OpenStack-Nova-API-Version', 'connection': 'close', 'x-openstack-nova-api-version': '2.1', 'date': 'Wed, 23 Dec 2015 15:03:13 GMT', 'content-type': 'application/json'}
        Body: {"server": {"status": "ACTIVE", "updated": "2015-12-23T15:03:13Z", "hostId": "59202d02d04f11d0d688301fe0967aeaf5eb887e195571ff796080b6", "addresses": {}, "links": [{"href": "http://10.0.2.15:8774/v2.1/e4e87ae4d68041cd81b928b53e6a6a3c/servers/36f1084f-0238-479f-b667-271c5a589c68", "rel": "self"}, {"href": "http://10.0.2.15:8774/e4e87ae4d68041cd81b928b53e6a6a3c/servers/36f1084f-0238-479f-b667-271c5a589c68", "rel": "bookmark"}], "key_name": "tempest-TestGettingAddress-233010202", "image": {"id": "f511afc9-116d-4da3-953a-40e58645bd19", "links": [{"href": "http://10.0.2.15:8774/e4e87ae4d68041cd81b928b53e6a6a3c/images/f511afc9-116d-4da3-953a-40e58645bd19", "rel": "bookmark"}]}, "OS-EXT-STS:task_state": "deleting", "OS-EXT-STS:vm_state": "active", "OS-SRV-USG:launched_at": "2015-12-23T14:58:05.000000", "flavor": {"id": "42", "links": [{"href": "http://10.0.2.15:8774/e4e87ae4d68041cd81b928b53e6a6a3c/flavors/42", "rel": "bookmark"}]}, "id": "36f1084f-0238-479f-b667-271c5a589c68", "OS-SRV-USG:terminated_at": null, "OS-EXT-AZ:availability_zone": "nova", "user_id": "48d61692a9534d49b1bc40cb904331ee", "name": "tempest.common.compute-instance-702872983", "created": "2015-12-23T14:58:01Z", "tenant_id": "e4e87ae4d68041cd81b928b53e6a6a3c", "OS-DCF:diskConfig": "MANUAL", "os-extended-volumes:volumes_attached": [], "accessIPv4": "", "accessIPv6": "", "progress": 0, "OS-EXT-STS:power_state": 1, "config_drive": "True", "metadata": {}}}
2015-12-23 15:03:14,851 21206 INFO     [tempest_lib.common.rest_client] Request (TestGettingAddress:_run_cleanups): 404 GET http://10.0.2.15:8774/v2.1/e4e87ae4d68041cd81b928b53e6a6a3c/servers/36f1084f-0238-479f-b667-271c5a589c68 0.082s
2015-12-23 15:03:14,851 21206 DEBUG    [tempest_lib.common.rest_client] Request - Headers: {'Content-Type': 'application/json', 'Accept': 'application/json', 'X-Auth-Token': '&lt;omitted&gt;'}
        Body: None
    Response - Headers: {'status': '404', 'content-length': '111', 'x-compute-request-id': 'req-554574ae-3a4c-4678-9d14-6275eeea7d35', 'vary': 'X-OpenStack-Nova-API-Version', 'connection': 'close', 'x-openstack-nova-api-version': '2.1', 'date': 'Wed, 23 Dec 2015 15:03:14 GMT', 'content-type': 'application/json; charset=UTF-8'}
        Body: {"itemNotFound": {"message": "Instance 36f1084f-0238-479f-b667-271c5a589c68 could not be found.", "code": 404}}
2015-12-23 15:03:15,277 21206 INFO     [tempest_lib.common.rest_client] Request (TestGettingAddress:_run_cleanups): 200 PUT http://10.0.2.15:9696/v2.0/routers/41084bf8-0075-41a1-8de2-465eb2ca92df/remove_router_interface 0.424s
2015-12-23 15:03:15,278 21206 DEBUG    [tempest_lib.common.rest_client] Request - Headers: {'Content-Type': 'application/json', 'Accept': 'application/json', 'X-Auth-Token': '&lt;omitted&gt;'}
        Body: {"subnet_id": "9f757c5a-cf71-40b1-8d88-5e8882528375"}
    Response - Headers: {'status': '200', 'content-length': '255', 'connection': 'close', 'date': 'Wed, 23 Dec 2015 15:03:15 GMT', 'content-type': 'application/json; charset=UTF-8', 'x-openstack-request-id': 'req-4666480e-346e-481b-97cf-bb17f0438375'}
        Body: {"subnet_id": "9f757c5a-cf71-40b1-8d88-5e8882528375", "tenant_id": "e4e87ae4d68041cd81b928b53e6a6a3c", "subnet_ids": ["9f757c5a-cf71-40b1-8d88-5e8882528375"], "port_id": "d8a2064e-dd71-445d-b60e-9531e0914fde", "id": "41084bf8-0075-41a1-8de2-465eb2ca92df"}
2015-12-23 15:03:15,803 21206 INFO     [tempest_lib.common.rest_client] Request (TestGettingAddress:_run_cleanups): 204 DELETE http://10.0.2.15:9696/v2.0/subnets/9f757c5a-cf71-40b1-8d88-5e8882528375 0.523s
2015-12-23 15:03:15,804 21206 DEBUG    [tempest_lib.common.rest_client] Request - Headers: {'Content-Type': 'application/json', 'Accept': 'application/json', 'X-Auth-Token': '&lt;omitted&gt;'}
        Body: None
    Response - Headers: {'date': 'Wed, 23 Dec 2015 15:03:15 GMT', 'status': '204', 'connection': 'close', 'content-length': '0', 'x-openstack-request-id': 'req-e6df6716-0fb7-489f-9d06-08ae42480e91'}
        Body: 
2015-12-23 15:03:15,847 21206 INFO     [tempest_lib.common.rest_client] Request (TestGettingAddress:_run_cleanups): 404 DELETE http://10.0.2.15:9696/v2.0/subnets/9f757c5a-cf71-40b1-8d88-5e8882528375 0.042s
