<?xml version="1.0" encoding="UTF-8"?>
<!DOCTYPE html PUBLIC "-//W3C//DTD XHTML 1.0 Strict//EN"
     "http://www.w3.org/TR/xhtml1/DTD/xhtml1-strict.dtd">
<html xmlns="http://www.w3.org/1999/xhtml">
<head>
    <title>Unit Test Report</title>
    <meta name="generator" content="subunit2html 0.1"/>
    <meta http-equiv="Content-Type" content="text/html; charset=UTF-8"/>
    
<style type="text/css" media="screen">
body        { font-family: verdana, arial, helvetica, sans-serif;
    font-size: 80%; }
table       { font-size: 100%; width: 100%;}
pre         { font-size: 80%; }

/* -- heading -------------------------------------------------------------- */
h1 {
        font-size: 16pt;
        color: gray;
}
.heading {
    margin-top: 0ex;
    margin-bottom: 1ex;
}

.heading .attribute {
    margin-top: 1ex;
    margin-bottom: 0;
}

.heading .description {
    margin-top: 4ex;
    margin-bottom: 6ex;
}

/* -- css div popup -------------------------------------------------------- */
a.popup_link {
}

a.popup_link:hover {
    color: red;
}

.popup_window {
    display: none;
    overflow-x: scroll;
    /*border: solid #627173 1px; */
    padding: 10px;
    background-color: #E6E6D6;
    font-family: "Ubuntu Mono", "Lucida Console", "Courier New", monospace;
    text-align: left;
    font-size: 8pt;
}

}
/* -- report --------------------------------------------------------------- */
#show_detail_line {
    margin-top: 3ex;
    margin-bottom: 1ex;
}
#result_table {
    width: 100%;
    border-collapse: collapse;
    border: 1px solid #777;
}
#header_row {
    font-weight: bold;
    color: white;
    background-color: #777;
}
#result_table td {
    border: 1px solid #777;
    padding: 2px;
}
#total_row  { font-weight: bold; }
.passClass  { background-color: #6c6; }
.failClass  { background-color: #c60; }
.errorClass { background-color: #c00; }
.passCase   { color: #6c6; }
.failCase   { color: #c60; font-weight: bold; }
.errorCase  { color: #c00; font-weight: bold; }
.hiddenRow  { display: none; }
.testcase   { margin-left: 2em; }
td.testname {width: 40%}
td.small {width: 40px}

/* -- ending --------------------------------------------------------------- */
#ending {
}

</style>

</head>
<body>
<script language="javascript" type="text/javascript"><!--
output_list = Array();

/* level - 0:Summary; 1:Failed; 2:All */
function showCase(level) {
    trs = document.getElementsByTagName("tr");
    for (var i = 0; i < trs.length; i++) {
        tr = trs[i];
        id = tr.id;
        if (id.substr(0,2) == 'ft') {
            if (level < 1) {
                tr.className = 'hiddenRow';
            }
            else {
                tr.className = '';
            }
        }
        if (id.substr(0,2) == 'pt') {
            if (level > 1) {
                tr.className = '';
            }
            else {
                tr.className = 'hiddenRow';
            }
        }
    }
}


function showClassDetail(cid, count) {
    var id_list = Array(count);
    var toHide = 1;
    for (var i = 0; i < count; i++) {
        tid0 = 't' + cid.substr(1) + '.' + (i+1);
        tid = 'f' + tid0;
        tr = document.getElementById(tid);
        if (!tr) {
            tid = 'p' + tid0;
            tr = document.getElementById(tid);
        }
        id_list[i] = tid;
        if (tr.className) {
            toHide = 0;
        }
    }
    for (var i = 0; i < count; i++) {
        tid = id_list[i];
        if (toHide) {
            document.getElementById('div_'+tid).style.display = 'none'
            document.getElementById(tid).className = 'hiddenRow';
        }
        else {
            document.getElementById(tid).className = '';
        }
    }
}


function showTestDetail(div_id){
    var details_div = document.getElementById(div_id)
    var displayState = details_div.style.display
    // alert(displayState)
    if (displayState != 'block' ) {
        displayState = 'block'
        details_div.style.display = 'block'
    }
    else {
        details_div.style.display = 'none'
    }
}


function html_escape(s) {
    s = s.replace(/&/g,'&amp;');
    s = s.replace(/</g,'&lt;');
    s = s.replace(/>/g,'&gt;');
    return s;
}

/* obsoleted by detail in <div>
function showOutput(id, name) {
    var w = window.open("", //url
                    name,
                    "resizable,scrollbars,status,width=800,height=450");
    d = w.document;
    d.write("<pre>");
    d.write(html_escape(output_list[id]));
    d.write("\n");
    d.write("<a href='javascript:window.close()'>close</a>\n");
    d.write("</pre>\n");
    d.close();
}
*/
--></script>

<div class='heading'>
<h1>Unit Test Report</h1>

<p class='attribute'><strong>Status:</strong> Failure 8</p>

<p class='description'></p>
</div>



<p id='show_detail_line'>Show
<a href='javascript:showCase(0)'>Summary</a>
<a href='javascript:showCase(1)'>Failed</a>
<a href='javascript:showCase(2)'>All</a>
</p>
<table id='result_table'>
<colgroup>
<col align='left' />
<col align='right' />
<col align='right' />
<col align='right' />
<col align='right' />
<col align='right' />
<col align='right' />
<col align='right' />
</colgroup>
<tr id='header_row'>
    <td>Test Group/Test case</td>
    <td>Count</td>
    <td>Pass</td>
    <td>Fail</td>
    <td>Error</td>
    <td>Skip</td>
    <td>View</td>
    <td> </td>
</tr>

<tr class='failClass'>
    <td class="testname">tempest.scenario.test_network_v6.TestGettingAddress</td>
    <td class="small">8</td>
    <td class="small">0</td>
    <td class="small">8</td>
    <td class="small">0</td>
    <td class="small">0</td>
    <td class="small"><a href="javascript:showClassDetail('c1',8)"
>Detail</a></td>
    <td> </td>
</tr>

<tr id='ft1.1' class='none'>
    <td class='failCase'><div class='testcase'>test_dhcp6_stateless_from_os[compute,id-d7e1f858-187c-45a6-89c9-bdafde619a9f,network]</div></td>
    <td colspan='7' align='left'>

    <!--css div popup start-->
    <a class="popup_link" onfocus='this.blur();'
    href="javascript:showTestDetail('div_ft1.1')" >
        fail</a>

    <div id='div_ft1.1' class="popup_window">
        <div style='text-align: right; color:red;cursor:pointer'>
        <a onfocus='this.blur();'
onclick="document.getElementById('div_ft1.1').style.display = 'none' " >
           [x]</a>
        </div>
        <pre>
        
ft1.1: tempest.scenario.test_network_v6.TestGettingAddress.test_dhcp6_stateless_from_os[compute,id-d7e1f858-187c-45a6-89c9-bdafde619a9f,network]_StringException: Empty attachments:
  stderr
  stdout

pythonlogging:'': {{{
2015-12-05 06:16:06,993 20320 INFO     [tempest_lib.common.rest_client] Request (TestGettingAddress:setUp): 200 POST http://10.0.2.15:8774/v2.1/acd2cb0e6fd84937af601a89be98c509/os-keypairs 0.614s
2015-12-05 06:16:06,994 20320 DEBUG    [tempest_lib.common.rest_client] Request - Headers: {'Content-Type': 'application/json', 'Accept': 'application/json', 'X-Auth-Token': '&lt;omitted&gt;'}
        Body: {"keypair": {"name": "tempest-TestGettingAddress-651858860"}}
    Response - Headers: {'status': '200', 'content-length': '2319', 'x-compute-request-id': 'req-06d90d08-7df3-4de1-89e9-62fd233da338', 'vary': 'X-OpenStack-Nova-API-Version', 'connection': 'close', 'x-openstack-nova-api-version': '2.1', 'date': 'Sat, 05 Dec 2015 06:16:06 GMT', 'content-type': 'application/json'}
        Body: {"keypair": {"public_key": "ssh-rsa AAAAB3NzaC1yc2EAAAADAQABAAABAQDuAPYlKSNbBltv5VMJncat5qpumDSANQte4OeO9MI8mACG+6RP2+lHnZLVbZxIr974Ozr9D1RTs7XLctcnkgQraNgFVrMERVmYAAwf4yck7UK7Xda0fdko/5A2IcMqgOcfSGCozYusV5yASCA5blFrZFpPvYuGoVISudAZ/0+3KcbBN+sJlr9TJLHmp43V3zQNlrdOAWx5XHMWqqVKd0Ep/lyknl61cS3ALe1e8H78PQp6Ba/bPEYT0K/MK7WW/w2nBcEFOBniIAC9UnipTbptida9es0Fy/uq5F3zP3GCg1tRMIgYyVC0WlPAoyqKc43I52OuVPTa9iSXd0j8LJX5 Generated-by-Nova", "private_key": "-----BEGIN RSA PRIVATE KEY-----\nMIIEqAIBAAKCAQEA7gD2JSkjWwZbb+VTCZ3Greaqbpg0gDULXuDnjvTCPJgAhvuk\nT9vpR52S1W2cSK/e+Ds6/Q9UU7O1y3LXJ5IEK2jYBVazBEVZmAAMH+MnJO1Cu13W\ntH3ZKP+QNiHDKoDnH0hgqM2LrFecgEggOW5Ra2RaT72LhqFSErnQGf9PtynGwTfr\nCZa/UySx5qeN1d80DZa3TgFseVxzFqqlSndBKf5cpJ5etXEtwC3tXvB+/D0KegWv\n2zxGE9CvzCu1lv8NpwXBBTgZ4iAAvVJ4qU26bYnWvXrNBcv7quRd8z9xgoNbUTCI\nGMlQtFpTwKMqinONyOdjrlT02vYkl3dI/CyV+QIDAQABAoIBAEkOiIANqammQOkP\nFrcr9DGrTYOXOv5jyfK8zLeIEBtzeS32DpDo6ymth8X12HRDcAj4fXnye6sZzeL+\nhGbEHn2IuE6jN15HP2I2GYKsQnbGUaab/mz2+HLqR8UmBfeFC+0BVZJbTdWAKy0B\ndsrKPznc2xABGdQgrsXKvcNNKJYLKEmfGcY4wid67mx9kv32ih6oHN2/reAkQZQN\nUJt8pLIX7kXzF+EJUrInTBU1zrb7j6XHfDY6HVx4zacr25eciEjDfFuRWD98G74Z\nQZbcMgcO4Um+Nl2IEz50TdzSCKzMDwA0IpyhSI3SBuiucTp5kqr8AeQXzrYOX6ja\ncSzYcdECggCBAPVV+QV5pW2YMc98nWvZKYXMU9LCGgogT3qDMcQov/o+u4Bf/SH/\nCfLx9ZSbAKlpvxinbLxWm/EarHxxLb73DyU5QvsS9XQfOYahp7HEpnz2qBxYFTKr\nmE7bYkRYsWCMXIaP92H/jRboq+FPwNjdgvJZyDd5cUyr3g3ZPJim/GT1AoIAgQD4\nWWZG/CquaE7T6hjMl4JiBr8JYELPMRp9NepOf2X1Wf2xPpffkpDE8reS5uh3lX3f\nexUGiKF0/ve14byIFajgDTPGTU2BNzhWbEiT6cJLykYDiN6O1seJP6bL5mAIGA5T\nAG3pTIICp4vTAZT2J4cVxT1fPBvHdxGaOHt8qdFqdQKCAIEA16Gi6B8NOZBlZ1q9\n+ka66jC3FC0qOfBAKwwYt7KhWc+9eY3krPa+xdvI376FDGI3ZfHx7m+pTHcHV7Ea\nZhg8JZl4t7joKBIxu5VmEScotfkNtSvuJcUQb27/pdbWwGdeA5+R7X5xgcsrFzPD\n6lh3eY9UHP4OiTceSsm/KuTKPekCggCAPBIDty/Pcxgv2PpKvVH4a5WOJ8ps3ojW\nC2s7HXmbQ9lcj77AJYfiFIFQ/et0V1iFdcTjtQzfYNk7OXc8jv4ONwN6foC8OoEM\n03qlo4FrScHHZZt5mbtB0GThB3jVyZ9n95OnAkNLPzEflQ5Q5alx90YaLirv3TNj\nwpXe6Kx6xvECggCAArZcjE4s3iDMgeV/EAJT1glUFPP1pjq5A+3GuVrSl89BZCLs\nZYN0U3uuaIVLKoWfn1wSYlkMidVPh4oDPjLRNTxRKJ6PujaZUsMVaPi/tZ/K0Is3\nUM2Qf46i0gsexBTFPODL99i+6mHhahtV6TjEO2GMSS5F61+q+b9F3VN8CkU=\n-----END RSA PRIVATE KEY-----\n", "user_id": "c793eaf972b044eda8dd0ef8a0783ba4", "name": "tempest-TestGettingAddress-651858860", "fingerprint": "9f:ed:7b:bf:f0:d0:40:35:8b:02:ee:bd:73:96:12:e4"}}
2015-12-05 06:16:07,352 20320 INFO     [tempest_lib.common.rest_client] Request (TestGettingAddress:setUp): 201 POST http://10.0.2.15:9696/v2.0/security-groups 0.355s
2015-12-05 06:16:07,352 20320 DEBUG    [tempest_lib.common.rest_client] Request - Headers: {'Content-Type': 'application/json', 'Accept': 'application/json', 'X-Auth-Token': '&lt;omitted&gt;'}
        Body: {"security_group": {"tenant_id": "acd2cb0e6fd84937af601a89be98c509", "description": "tempest-secgroup-smoke-339071068 description", "name": "tempest-secgroup-smoke-339071068"}}
    Response - Headers: {'status': '201', 'content-length': '886', 'connection': 'close', 'date': 'Sat, 05 Dec 2015 06:16:07 GMT', 'content-type': 'application/json; charset=UTF-8', 'x-openstack-request-id': 'req-1333a9e8-9d91-4cd8-a276-90cf6f3cfa9f'}
        Body: {"security_group": {"tenant_id": "acd2cb0e6fd84937af601a89be98c509", "description": "tempest-secgroup-smoke-339071068 description", "id": "630d7064-a760-428e-bf81-8eac8086322f", "security_group_rules": [{"remote_group_id": null, "direction": "egress", "remote_ip_prefix": null, "protocol": null, "ethertype": "IPv4", "tenant_id": "acd2cb0e6fd84937af601a89be98c509", "port_range_max": null, "port_range_min": null, "id": "04ab3a4a-7631-4cf5-8c28-5d7c26dcb484", "security_group_id": "630d7064-a760-428e-bf81-8eac8086322f"}, {"remote_group_id": null, "direction": "egress", "remote_ip_prefix": null, "protocol": null, "ethertype": "IPv6", "tenant_id": "acd2cb0e6fd84937af601a89be98c509", "port_range_max": null, "port_range_min": null, "id": "9c55240b-bb60-4135-b80c-02558297545c", "security_group_id": "630d7064-a760-428e-bf81-8eac8086322f"}], "name": "tempest-secgroup-smoke-339071068"}}
2015-12-05 06:16:07,480 20320 INFO     [tempest_lib.common.rest_client] Request (TestGettingAddress:setUp): 201 POST http://10.0.2.15:9696/v2.0/security-group-rules 0.126s
2015-12-05 06:16:07,481 20320 DEBUG    [tempest_lib.common.rest_client] Request - Headers: {'Content-Type': 'application/json', 'Accept': 'application/json', 'X-Auth-Token': '&lt;omitted&gt;'}
        Body: {"security_group_rule": {"direction": "ingress", "protocol": "tcp", "tenant_id": "acd2cb0e6fd84937af601a89be98c509", "port_range_max": 22, "security_group_id": "630d7064-a760-428e-bf81-8eac8086322f", "port_range_min": 22}}
    Response - Headers: {'status': '201', 'content-length': '340', 'connection': 'close', 'date': 'Sat, 05 Dec 2015 06:16:07 GMT', 'content-type': 'application/json; charset=UTF-8', 'x-openstack-request-id': 'req-6ef92f22-9b82-4d0d-aa39-6d3f1a8cda6e'}
        Body: {"security_group_rule": {"remote_group_id": null, "direction": "ingress", "remote_ip_prefix": null, "protocol": "tcp", "ethertype": "IPv4", "tenant_id": "acd2cb0e6fd84937af601a89be98c509", "port_range_max": 22, "port_range_min": 22, "id": "8a387979-14b9-49fa-94f6-aaa7b2ec0b88", "security_group_id": "630d7064-a760-428e-bf81-8eac8086322f"}}
2015-12-05 06:16:07,738 20320 INFO     [tempest_lib.common.rest_client] Request (TestGettingAddress:setUp): 201 POST http://10.0.2.15:9696/v2.0/security-group-rules 0.256s
2015-12-05 06:16:07,738 20320 DEBUG    [tempest_lib.common.rest_client] Request - Headers: {'Content-Type': 'application/json', 'Accept': 'application/json', 'X-Auth-Token': '&lt;omitted&gt;'}
        Body: {"security_group_rule": {"direction": "egress", "protocol": "tcp", "tenant_id": "acd2cb0e6fd84937af601a89be98c509", "port_range_max": 22, "security_group_id": "630d7064-a760-428e-bf81-8eac8086322f", "port_range_min": 22}}
    Response - Headers: {'status': '201', 'content-length': '339', 'connection': 'close', 'date': 'Sat, 05 Dec 2015 06:16:07 GMT', 'content-type': 'application/json; charset=UTF-8', 'x-openstack-request-id': 'req-718a483a-5572-4655-97c7-97a356485771'}
        Body: {"security_group_rule": {"remote_group_id": null, "direction": "egress", "remote_ip_prefix": null, "protocol": "tcp", "ethertype": "IPv4", "tenant_id": "acd2cb0e6fd84937af601a89be98c509", "port_range_max": 22, "port_range_min": 22, "id": "943db1f3-e999-47af-ab71-a456929b0554", "security_group_id": "630d7064-a760-428e-bf81-8eac8086322f"}}
2015-12-05 06:16:07,834 20320 INFO     [tempest_lib.common.rest_client] Request (TestGettingAddress:setUp): 201 POST http://10.0.2.15:9696/v2.0/security-group-rules 0.095s
2015-12-05 06:16:07,835 20320 DEBUG    [tempest_lib.common.rest_client] Request - Headers: {'Content-Type': 'application/json', 'Accept': 'application/json', 'X-Auth-Token': '&lt;omitted&gt;'}
        Body: {"security_group_rule": {"tenant_id": "acd2cb0e6fd84937af601a89be98c509", "direction": "ingress", "protocol": "icmp", "security_group_id": "630d7064-a760-428e-bf81-8eac8086322f"}}
    Response - Headers: {'status': '201', 'content-length': '345', 'connection': 'close', 'date': 'Sat, 05 Dec 2015 06:16:07 GMT', 'content-type': 'application/json; charset=UTF-8', 'x-openstack-request-id': 'req-9ac57dce-1aa3-4787-896e-7e2ce161adf5'}
        Body: {"security_group_rule": {"remote_group_id": null, "direction": "ingress", "remote_ip_prefix": null, "protocol": "icmp", "ethertype": "IPv4", "tenant_id": "acd2cb0e6fd84937af601a89be98c509", "port_range_max": null, "port_range_min": null, "id": "9c352a42-72cb-49bd-82f0-2fdcfa9ee184", "security_group_id": "630d7064-a760-428e-bf81-8eac8086322f"}}
2015-12-05 06:16:07,955 20320 INFO     [tempest_lib.common.rest_client] Request (TestGettingAddress:setUp): 201 POST http://10.0.2.15:9696/v2.0/security-group-rules 0.120s
2015-12-05 06:16:07,956 20320 DEBUG    [tempest_lib.common.rest_client] Request - Headers: {'Content-Type': 'application/json', 'Accept': 'application/json', 'X-Auth-Token': '&lt;omitted&gt;'}
        Body: {"security_group_rule": {"tenant_id": "acd2cb0e6fd84937af601a89be98c509", "direction": "egress", "protocol": "icmp", "security_group_id": "630d7064-a760-428e-bf81-8eac8086322f"}}
    Response - Headers: {'status': '201', 'content-length': '344', 'connection': 'close', 'date': 'Sat, 05 Dec 2015 06:16:07 GMT', 'content-type': 'application/json; charset=UTF-8', 'x-openstack-request-id': 'req-39d07040-da0c-45bc-922f-7cfa083ba2a3'}
        Body: {"security_group_rule": {"remote_group_id": null, "direction": "egress", "remote_ip_prefix": null, "protocol": "icmp", "ethertype": "IPv4", "tenant_id": "acd2cb0e6fd84937af601a89be98c509", "port_range_max": null, "port_range_min": null, "id": "cf624ede-1a86-4654-a247-ed3b9bd249c5", "security_group_id": "630d7064-a760-428e-bf81-8eac8086322f"}}
2015-12-05 06:16:08,166 20320 INFO     [tempest_lib.common.rest_client] Request (TestGettingAddress:setUp): 201 POST http://10.0.2.15:9696/v2.0/security-group-rules 0.209s
2015-12-05 06:16:08,167 20320 DEBUG    [tempest_lib.common.rest_client] Request - Headers: {'Content-Type': 'application/json', 'Accept': 'application/json', 'X-Auth-Token': '&lt;omitted&gt;'}
        Body: {"security_group_rule": {"tenant_id": "acd2cb0e6fd84937af601a89be98c509", "direction": "ingress", "security_group_id": "630d7064-a760-428e-bf81-8eac8086322f", "protocol": "icmp", "ethertype": "IPv6"}}
    Response - Headers: {'status': '201', 'content-length': '345', 'connection': 'close', 'date': 'Sat, 05 Dec 2015 06:16:08 GMT', 'content-type': 'application/json; charset=UTF-8', 'x-openstack-request-id': 'req-d57e0ba4-fef1-45a7-98a4-8d4f2eb79037'}
        Body: {"security_group_rule": {"remote_group_id": null, "direction": "ingress", "remote_ip_prefix": null, "protocol": "icmp", "ethertype": "IPv6", "tenant_id": "acd2cb0e6fd84937af601a89be98c509", "port_range_max": null, "port_range_min": null, "id": "f32552aa-e4eb-4926-83aa-e8649083bad1", "security_group_id": "630d7064-a760-428e-bf81-8eac8086322f"}}
2015-12-05 06:16:08,291 20320 INFO     [tempest_lib.common.rest_client] Request (TestGettingAddress:setUp): 201 POST http://10.0.2.15:9696/v2.0/security-group-rules 0.122s
2015-12-05 06:16:08,292 20320 DEBUG    [tempest_lib.common.rest_client] Request - Headers: {'Content-Type': 'application/json', 'Accept': 'application/json', 'X-Auth-Token': '&lt;omitted&gt;'}
        Body: {"security_group_rule": {"tenant_id": "acd2cb0e6fd84937af601a89be98c509", "direction": "egress", "security_group_id": "630d7064-a760-428e-bf81-8eac8086322f", "protocol": "icmp", "ethertype": "IPv6"}}
    Response - Headers: {'status': '201', 'content-length': '344', 'connection': 'close', 'date': 'Sat, 05 Dec 2015 06:16:08 GMT', 'content-type': 'application/json; charset=UTF-8', 'x-openstack-request-id': 'req-8a4f56b6-81b3-4b32-88af-db7dfac2b076'}
        Body: {"security_group_rule": {"remote_group_id": null, "direction": "egress", "remote_ip_prefix": null, "protocol": "icmp", "ethertype": "IPv6", "tenant_id": "acd2cb0e6fd84937af601a89be98c509", "port_range_max": null, "port_range_min": null, "id": "3d51874a-8a89-456b-99b6-35dbcdfc44b1", "security_group_id": "630d7064-a760-428e-bf81-8eac8086322f"}}
2015-12-05 06:16:08,484 20320 INFO     [tempest_lib.common.rest_client] Request (TestGettingAddress:test_dhcp6_stateless_from_os): 201 POST http://10.0.2.15:9696/v2.0/networks 0.189s
2015-12-05 06:16:08,485 20320 DEBUG    [tempest_lib.common.rest_client] Request - Headers: {'Content-Type': 'application/json', 'Accept': 'application/json', 'X-Auth-Token': '&lt;omitted&gt;'}
        Body: {"network": {"tenant_id": "acd2cb0e6fd84937af601a89be98c509", "name": "tempest-network-smoke--632141415"}}
    Response - Headers: {'status': '201', 'content-length': '328', 'connection': 'close', 'date': 'Sat, 05 Dec 2015 06:16:08 GMT', 'content-type': 'application/json; charset=UTF-8', 'x-openstack-request-id': 'req-1959d60a-ed00-40bb-ad98-784eb7f54a36'}
        Body: {"network": {"status": "ACTIVE", "subnets": [], "availability_zone_hints": "[]", "name": "tempest-network-smoke--632141415", "admin_state_up": true, "tenant_id": "acd2cb0e6fd84937af601a89be98c509", "mtu": 0, "router:external": false, "shared": false, "port_security_enabled": true, "id": "27f99a11-12e5-4e78-981d-5c0fa6321f29"}}
2015-12-05 06:16:08,661 20320 INFO     [tempest_lib.common.rest_client] Request (TestGettingAddress:test_dhcp6_stateless_from_os): 200 GET http://10.0.2.15:9696/v2.0/subnets?tenant_id=acd2cb0e6fd84937af601a89be98c509&amp;cidr=10.100.0.0%2F28 0.173s
2015-12-05 06:16:08,662 20320 DEBUG    [tempest_lib.common.rest_client] Request - Headers: {'Content-Type': 'application/json', 'Accept': 'application/json', 'X-Auth-Token': '&lt;omitted&gt;'}
        Body: None
    Response - Headers: {'status': '200', 'content-length': '15', 'content-location': 'http://10.0.2.15:9696/v2.0/subnets?tenant_id=acd2cb0e6fd84937af601a89be98c509&amp;cidr=10.100.0.0%2F28', 'connection': 'close', 'date': 'Sat, 05 Dec 2015 06:16:08 GMT', 'content-type': 'application/json; charset=UTF-8', 'x-openstack-request-id': 'req-012e548e-fe52-441a-a4ae-4cb0e1d3dac0'}
        Body: {"subnets": []}
2015-12-05 06:16:09,019 20320 INFO     [tempest_lib.common.rest_client] Request (TestGettingAddress:test_dhcp6_stateless_from_os): 201 POST http://10.0.2.15:9696/v2.0/subnets 0.356s
2015-12-05 06:16:09,019 20320 DEBUG    [tempest_lib.common.rest_client] Request - Headers: {'Content-Type': 'application/json', 'Accept': 'application/json', 'X-Auth-Token': '&lt;omitted&gt;'}
        Body: {"subnet": {"ip_version": 4, "tenant_id": "acd2cb0e6fd84937af601a89be98c509", "cidr": "10.100.0.0/28", "network_id": "27f99a11-12e5-4e78-981d-5c0fa6321f29", "name": "tempest-sub4-956644762"}}
    Response - Headers: {'status': '201', 'content-length': '469', 'connection': 'close', 'date': 'Sat, 05 Dec 2015 06:16:09 GMT', 'content-type': 'application/json; charset=UTF-8', 'x-openstack-request-id': 'req-1ae3145e-342f-42a2-9e58-1f9693be1e6a'}
        Body: {"subnet": {"name": "tempest-sub4-956644762", "enable_dhcp": true, "network_id": "27f99a11-12e5-4e78-981d-5c0fa6321f29", "tenant_id": "acd2cb0e6fd84937af601a89be98c509", "dns_nameservers": [], "gateway_ip": "10.100.0.1", "ipv6_ra_mode": null, "allocation_pools": [{"start": "10.100.0.2", "end": "10.100.0.14"}], "host_routes": [], "ip_version": 4, "ipv6_address_mode": null, "cidr": "10.100.0.0/28", "id": "b56c1249-d2b6-42e6-9a09-83c1db6eb18d", "subnetpool_id": null}}
2015-12-05 06:16:09,090 20320 INFO     [tempest_lib.common.rest_client] Request (TestGettingAddress:test_dhcp6_stateless_from_os): 201 POST http://10.0.2.15:9696/v2.0/routers 0.069s
2015-12-05 06:16:09,090 20320 DEBUG    [tempest_lib.common.rest_client] Request - Headers: {'Content-Type': 'application/json', 'Accept': 'application/json', 'X-Auth-Token': '&lt;omitted&gt;'}
        Body: {"router": {"tenant_id": "acd2cb0e6fd84937af601a89be98c509", "name": "tempest-router-smoke-144894545", "admin_state_up": true}}
    Response - Headers: {'status': '201', 'content-length': '295', 'connection': 'close', 'date': 'Sat, 05 Dec 2015 06:16:09 GMT', 'content-type': 'application/json; charset=UTF-8', 'x-openstack-request-id': 'req-bca83379-d721-4c52-9676-74513af72a1f'}
        Body: {"router": {"status": "ACTIVE", "external_gateway_info": null, "availability_zone_hints": [], "availability_zones": [], "name": "tempest-router-smoke-144894545", "admin_state_up": true, "tenant_id": "acd2cb0e6fd84937af601a89be98c509", "routes": [], "id": "61fc0ab2-8391-4298-86b3-c19752ccbcac"}}
2015-12-05 06:16:09,135 20320 INFO     [tempest_lib.common.rest_client] Request (TestGettingAddress:test_dhcp6_stateless_from_os): 200 GET http://10.0.2.15:9696/v2.0/routers/61fc0ab2-8391-4298-86b3-c19752ccbcac 0.044s
2015-12-05 06:16:09,136 20320 DEBUG    [tempest_lib.common.rest_client] Request - Headers: {'Content-Type': 'application/json', 'Accept': 'application/json', 'X-Auth-Token': '&lt;omitted&gt;'}
        Body: None
    Response - Headers: {'status': '200', 'content-length': '295', 'content-location': 'http://10.0.2.15:9696/v2.0/routers/61fc0ab2-8391-4298-86b3-c19752ccbcac', 'connection': 'close', 'date': 'Sat, 05 Dec 2015 06:16:09 GMT', 'content-type': 'application/json; charset=UTF-8', 'x-openstack-request-id': 'req-e5a9bf2e-342c-4d1d-874d-57f33f3b7bf2'}
        Body: {"router": {"status": "ACTIVE", "external_gateway_info": null, "availability_zone_hints": [], "availability_zones": [], "name": "tempest-router-smoke-144894545", "admin_state_up": true, "tenant_id": "acd2cb0e6fd84937af601a89be98c509", "routes": [], "id": "61fc0ab2-8391-4298-86b3-c19752ccbcac"}}
2015-12-05 06:16:10,052 20320 INFO     [tempest_lib.common.rest_client] Request (TestGettingAddress:test_dhcp6_stateless_from_os): 200 PUT http://10.0.2.15:9696/v2.0/routers/61fc0ab2-8391-4298-86b3-c19752ccbcac 0.916s
2015-12-05 06:16:10,053 20320 DEBUG    [tempest_lib.common.rest_client] Request - Headers: {'Content-Type': 'application/json', 'Accept': 'application/json', 'X-Auth-Token': '&lt;omitted&gt;'}
        Body: {"router": {"external_gateway_info": {"network_id": "639cc579-46f5-4584-b722-abeaa5954eef"}, "name": "tempest-router-smoke-144894545", "admin_state_up": true}}
    Response - Headers: {'status': '200', 'content-length': '557', 'connection': 'close', 'date': 'Sat, 05 Dec 2015 06:16:10 GMT', 'content-type': 'application/json; charset=UTF-8', 'x-openstack-request-id': 'req-ebfb01f7-7716-4b99-b8ef-bc3d922c345e'}
        Body: {"router": {"status": "ACTIVE", "external_gateway_info": {"network_id": "639cc579-46f5-4584-b722-abeaa5954eef", "enable_snat": true, "external_fixed_ips": [{"subnet_id": "5440942e-0dd0-4fa2-a114-ca7e37d5876b", "ip_address": "172.24.4.3"}, {"subnet_id": "f986920d-4348-461b-b47a-9ddf813e5d4b", "ip_address": "2001:db8::4"}]}, "availability_zone_hints": [], "availability_zones": [], "name": "tempest-router-smoke-144894545", "admin_state_up": true, "tenant_id": "acd2cb0e6fd84937af601a89be98c509", "routes": [], "id": "61fc0ab2-8391-4298-86b3-c19752ccbcac"}}
2015-12-05 06:16:10,699 20320 INFO     [tempest_lib.common.rest_client] Request (TestGettingAddress:test_dhcp6_stateless_from_os): 200 PUT http://10.0.2.15:9696/v2.0/routers/61fc0ab2-8391-4298-86b3-c19752ccbcac/add_router_interface 0.645s
2015-12-05 06:16:10,700 20320 DEBUG    [tempest_lib.common.rest_client] Request - Headers: {'Content-Type': 'application/json', 'Accept': 'application/json', 'X-Auth-Token': '&lt;omitted&gt;'}
        Body: {"subnet_id": "b56c1249-d2b6-42e6-9a09-83c1db6eb18d"}
    Response - Headers: {'status': '200', 'content-length': '255', 'connection': 'close', 'date': 'Sat, 05 Dec 2015 06:16:10 GMT', 'content-type': 'application/json; charset=UTF-8', 'x-openstack-request-id': 'req-58504040-9f9d-4b96-b455-1bf04a7eede2'}
        Body: {"subnet_id": "b56c1249-d2b6-42e6-9a09-83c1db6eb18d", "tenant_id": "acd2cb0e6fd84937af601a89be98c509", "subnet_ids": ["b56c1249-d2b6-42e6-9a09-83c1db6eb18d"], "port_id": "25ed3e07-c347-4333-8b65-963b6271a4b1", "id": "61fc0ab2-8391-4298-86b3-c19752ccbcac"}
2015-12-05 06:16:10,846 20320 INFO     [tempest_lib.common.rest_client] Request (TestGettingAddress:test_dhcp6_stateless_from_os): 200 GET http://10.0.2.15:9696/v2.0/subnets?tenant_id=acd2cb0e6fd84937af601a89be98c509&amp;cidr=2003%3A%3A%2F64 0.145s
2015-12-05 06:16:10,847 20320 DEBUG    [tempest_lib.common.rest_client] Request - Headers: {'Content-Type': 'application/json', 'Accept': 'application/json', 'X-Auth-Token': '&lt;omitted&gt;'}
        Body: None
    Response - Headers: {'status': '200', 'content-length': '15', 'content-location': 'http://10.0.2.15:9696/v2.0/subnets?tenant_id=acd2cb0e6fd84937af601a89be98c509&amp;cidr=2003%3A%3A%2F64', 'connection': 'close', 'date': 'Sat, 05 Dec 2015 06:16:10 GMT', 'content-type': 'application/json; charset=UTF-8', 'x-openstack-request-id': 'req-230654f7-7d33-4dd6-9e9c-796f93fb4a4d'}
        Body: {"subnets": []}
2015-12-05 06:16:11,204 20320 INFO     [tempest_lib.common.rest_client] Request (TestGettingAddress:test_dhcp6_stateless_from_os): 201 POST http://10.0.2.15:9696/v2.0/subnets 0.357s
2015-12-05 06:16:11,205 20320 DEBUG    [tempest_lib.common.rest_client] Request - Headers: {'Content-Type': 'application/json', 'Accept': 'application/json', 'X-Auth-Token': '&lt;omitted&gt;'}
        Body: {"subnet": {"name": "tempest-sub6-1838439354", "network_id": "27f99a11-12e5-4e78-981d-5c0fa6321f29", "tenant_id": "acd2cb0e6fd84937af601a89be98c509", "ipv6_ra_mode": "dhcpv6-stateless", "ip_version": 6, "ipv6_address_mode": "dhcpv6-stateless", "cidr": "2003::/64"}}
    Response - Headers: {'status': '201', 'content-length': '502', 'connection': 'close', 'date': 'Sat, 05 Dec 2015 06:16:11 GMT', 'content-type': 'application/json; charset=UTF-8', 'x-openstack-request-id': 'req-27d0c7e1-dbec-4db9-bd79-7c2cc745728c'}
        Body: {"subnet": {"name": "tempest-sub6-1838439354", "enable_dhcp": true, "network_id": "27f99a11-12e5-4e78-981d-5c0fa6321f29", "tenant_id": "acd2cb0e6fd84937af601a89be98c509", "dns_nameservers": [], "gateway_ip": "2003::1", "ipv6_ra_mode": "dhcpv6-stateless", "allocation_pools": [{"start": "2003::2", "end": "2003::ffff:ffff:ffff:ffff"}], "host_routes": [], "ip_version": 6, "ipv6_address_mode": "dhcpv6-stateless", "cidr": "2003::/64", "id": "01b15552-b68c-4b1f-b560-afd5eeed985d", "subnetpool_id": null}}
2015-12-05 06:16:11,998 20320 INFO     [tempest_lib.common.rest_client] Request (TestGettingAddress:test_dhcp6_stateless_from_os): 200 PUT http://10.0.2.15:9696/v2.0/routers/61fc0ab2-8391-4298-86b3-c19752ccbcac/add_router_interface 0.792s
2015-12-05 06:16:11,998 20320 DEBUG    [tempest_lib.common.rest_client] Request - Headers: {'Content-Type': 'application/json', 'Accept': 'application/json', 'X-Auth-Token': '&lt;omitted&gt;'}
        Body: {"subnet_id": "01b15552-b68c-4b1f-b560-afd5eeed985d"}
    Response - Headers: {'status': '200', 'content-length': '255', 'connection': 'close', 'date': 'Sat, 05 Dec 2015 06:16:11 GMT', 'content-type': 'application/json; charset=UTF-8', 'x-openstack-request-id': 'req-c91f2c41-95f5-40cf-b3d6-e827c50de3b9'}
        Body: {"subnet_id": "01b15552-b68c-4b1f-b560-afd5eeed985d", "tenant_id": "acd2cb0e6fd84937af601a89be98c509", "subnet_ids": ["01b15552-b68c-4b1f-b560-afd5eeed985d"], "port_id": "5d8c5329-bf07-4d50-9403-def9c12f22dc", "id": "61fc0ab2-8391-4298-86b3-c19752ccbcac"}
2015-12-05 06:16:12,100 20320 INFO     [tempest_lib.common.rest_client] Request (TestGettingAddress:test_dhcp6_stateless_from_os): 200 POST http://10.0.2.15:5000/v2.0/tokens
2015-12-05 06:16:12,101 20320 DEBUG    [tempest_lib.common.rest_client] Request - Headers: {'Content-Type': 'application/json', 'Accept': 'application/json'}
        Body: &lt;omitted&gt;
    Response - Headers: {'status': '200', 'content-length': '2526', 'vary': 'X-Auth-Token', 'server': 'Apache/2.4.7 (Ubuntu)', 'connection': 'close', 'date': 'Sat, 05 Dec 2015 06:16:11 GMT', 'content-type': 'application/json', 'x-openstack-request-id': 'req-6fbf8709-6a75-4551-a40a-81a1f3d98836'}
        Body: {"access": {"token": {"issued_at": "2015-12-05T06:16:12.089443", "expires": "2015-12-05T07:16:12Z", "id": "7b236d2a34cb436ca1edfb3f915a0dbe", "tenant": {"description": "tempest-TestGettingAddress-1928335839-desc", "enabled": true, "id": "acd2cb0e6fd84937af601a89be98c509", "name": "tempest-TestGettingAddress-1928335839"}, "audit_ids": ["qUXilWcASb23GRhKMkGbSQ"]}, "serviceCatalog": [{"endpoints": [{"adminURL": "http://10.0.2.15:8774/v2.1/acd2cb0e6fd84937af601a89be98c509", "region": "RegionOne", "internalURL": "http://10.0.2.15:8774/v2.1/acd2cb0e6fd84937af601a89be98c509", "id": "0836bcc52abc4487a96c15ffa07d9b63", "publicURL": "http://10.0.2.15:8774/v2.1/acd2cb0e6fd84937af601a89be98c509"}], "endpoints_links": [], "type": "compute", "name": "nova"}, {"endpoints": [{"adminURL": "http://10.0.2.15:9696/", "region": "RegionOne", "internalURL": "http://10.0.2.15:9696/", "id": "2fb3ed2c173c40aba05b06ae37d346c0", "publicURL": "http://10.0.2.15:9696/"}], "endpoints_links": [], "type": "network", "name": "neutron"}, {"endpoints": [{"adminURL": "http://10.0.2.15:9292", "region": "RegionOne", "internalURL": "http://10.0.2.15:9292", "id": "340a88414d5b4404b52b12707d4c68ea", "publicURL": "http://10.0.2.15:9292"}], "endpoints_links": [], "type": "image", "name": "glance"}, {"endpoints": [{"adminURL": "http://10.0.2.15:8774/v2/acd2cb0e6fd84937af601a89be98c509", "region": "RegionOne", "internalURL": "http://10.0.2.15:8774/v2/acd2cb0e6fd84937af601a89be98c509", "id": "64734e6d143a4c6f8e9d375bbf2b6b37", "publicURL": "http://10.0.2.15:8774/v2/acd2cb0e6fd84937af601a89be98c509"}], "endpoints_links": [], "type": "compute_legacy", "name": "nova_legacy"}, {"endpoints": [{"adminURL": "http://10.0.2.15:8773/", "region": "RegionOne", "internalURL": "http://10.0.2.15:8773/", "id": "3a5e8cff64d34ce69cf602707272778b", "publicURL": "http://10.0.2.15:8773/"}], "endpoints_links": [], "type": "ec2", "name": "ec2"}, {"endpoints": [{"adminURL": "http://10.0.2.15:35357/v2.0", "region": "RegionOne", "internalURL": "http://10.0.2.15:5000/v2.0", "id": "32b978e4f4fe4adcadaeb3ca6f68024d", "publicURL": "http://10.0.2.15:5000/v2.0"}], "endpoints_links": [], "type": "identity", "name": "keystone"}], "user": {"username": "tempest-TestGettingAddress-2049213459", "roles_links": [], "id": "c793eaf972b044eda8dd0ef8a0783ba4", "roles": [{"name": "Member"}, {"name": "_member_"}], "name": "tempest-TestGettingAddress-2049213459"}, "metadata": {"is_admin": 0, "roles": ["5fcc2446a4cc4ea5b37e60df5ecbe71c", "9fe2ff9ee4384b1894a90878d3e92bab"]}}}
2015-12-05 06:16:12,106 20320 DEBUG    [tempest.common.fixed_network] (TestGettingAddress:test_dhcp6_stateless_from_os) No valid network provided or created, defaulting to fixed_network_name
2015-12-05 06:16:12,387 20320 INFO     [tempest_lib.common.rest_client] Request (TestGettingAddress:test_dhcp6_stateless_from_os): 200 GET http://10.0.2.15:8774/v2.1/acd2cb0e6fd84937af601a89be98c509/os-networks 0.279s
2015-12-05 06:16:12,387 20320 DEBUG    [tempest_lib.common.rest_client] Request - Headers: {'Content-Type': 'application/json', 'Accept': 'application/json', 'X-Auth-Token': '&lt;omitted&gt;'}
        Body: None
    Response - Headers: {'status': '200', 'content-length': '478', 'content-location': 'http://10.0.2.15:8774/v2.1/acd2cb0e6fd84937af601a89be98c509/os-networks', 'x-compute-request-id': 'req-89a88433-4035-40d5-a31c-1be1e18d0c99', 'vary': 'X-OpenStack-Nova-API-Version', 'connection': 'close', 'x-openstack-nova-api-version': '2.1', 'date': 'Sat, 05 Dec 2015 06:16:12 GMT', 'content-type': 'application/json'}
        Body: {"networks": [{"cidr_v6": null, "dns2": null, "dns1": null, "gateway": null, "broadcast": null, "netmask": null, "gateway_v6": null, "cidr": null, "label": "tempest-network-smoke--632141415", "id": "27f99a11-12e5-4e78-981d-5c0fa6321f29", "netmask_v6": null}, {"cidr_v6": null, "dns2": null, "dns1": null, "gateway": null, "broadcast": null, "netmask": null, "gateway_v6": null, "cidr": null, "label": "public", "id": "639cc579-46f5-4584-b722-abeaa5954eef", "netmask_v6": null}]}
2015-12-05 06:16:12,387 20320 WARNING  [tempest.common.fixed_network] (TestGettingAddress:test_dhcp6_stateless_from_os) Network with name: private not found
2015-12-05 06:16:12,388 20320 INFO     [tempest.common.fixed_network] (TestGettingAddress:test_dhcp6_stateless_from_os) Found network {} available for tenant
2015-12-05 06:16:14,164 20320 INFO     [tempest_lib.common.rest_client] Request (TestGettingAddress:test_dhcp6_stateless_from_os): 202 POST http://10.0.2.15:8774/v2.1/acd2cb0e6fd84937af601a89be98c509/servers 1.775s
2015-12-05 06:16:14,164 20320 DEBUG    [tempest_lib.common.rest_client] Request - Headers: {'Content-Type': 'application/json', 'Accept': 'application/json', 'X-Auth-Token': '&lt;omitted&gt;'}
        Body: {"server": {"name": "tempest.common.compute-instance-293336719", "imageRef": "ba1ee645-7ec4-4b60-b294-e55b03402a84", "key_name": "tempest-TestGettingAddress-651858860", "flavorRef": "42", "networks": [{"uuid": "27f99a11-12e5-4e78-981d-5c0fa6321f29"}], "security_groups": [{"name": "tempest-secgroup-smoke-339071068"}]}}
    Response - Headers: {'status': '202', 'content-length': '461', 'x-compute-request-id': 'req-7f9f5aae-6556-4d32-9ba6-55fd02ac131a', 'vary': 'X-OpenStack-Nova-API-Version', 'connection': 'close', 'location': 'http://10.0.2.15:8774/v2.1/acd2cb0e6fd84937af601a89be98c509/servers/b40a9ac4-4648-4124-b636-961ae4e09cec', 'x-openstack-nova-api-version': '2.1', 'date': 'Sat, 05 Dec 2015 06:16:14 GMT', 'content-type': 'application/json'}
        Body: {"server": {"security_groups": [{"name": "tempest-secgroup-smoke-339071068"}], "OS-DCF:diskConfig": "MANUAL", "id": "b40a9ac4-4648-4124-b636-961ae4e09cec", "links": [{"href": "http://10.0.2.15:8774/v2.1/acd2cb0e6fd84937af601a89be98c509/servers/b40a9ac4-4648-4124-b636-961ae4e09cec", "rel": "self"}, {"href": "http://10.0.2.15:8774/acd2cb0e6fd84937af601a89be98c509/servers/b40a9ac4-4648-4124-b636-961ae4e09cec", "rel": "bookmark"}], "adminPass": "LV8SUgje7YHy"}}
2015-12-05 06:16:14,505 20320 INFO     [tempest_lib.common.rest_client] Request (TestGettingAddress:test_dhcp6_stateless_from_os): 200 GET http://10.0.2.15:8774/v2.1/acd2cb0e6fd84937af601a89be98c509/servers/b40a9ac4-4648-4124-b636-961ae4e09cec 0.337s
2015-12-05 06:16:14,505 20320 DEBUG    [tempest_lib.common.rest_client] Request - Headers: {'Content-Type': 'application/json', 'Accept': 'application/json', 'X-Auth-Token': '&lt;omitted&gt;'}
        Body: None
    Response - Headers: {'status': '200', 'content-length': '1353', 'content-location': 'http://10.0.2.15:8774/v2.1/acd2cb0e6fd84937af601a89be98c509/servers/b40a9ac4-4648-4124-b636-961ae4e09cec', 'x-compute-request-id': 'req-71bf3210-bb3c-4da6-a551-c4ac554af1ae', 'vary': 'X-OpenStack-Nova-API-Version', 'connection': 'close', 'x-openstack-nova-api-version': '2.1', 'date': 'Sat, 05 Dec 2015 06:16:14 GMT', 'content-type': 'application/json'}
        Body: {"server": {"status": "BUILD", "updated": "2015-12-05T06:16:14Z", "hostId": "", "addresses": {}, "links": [{"href": "http://10.0.2.15:8774/v2.1/acd2cb0e6fd84937af601a89be98c509/servers/b40a9ac4-4648-4124-b636-961ae4e09cec", "rel": "self"}, {"href": "http://10.0.2.15:8774/acd2cb0e6fd84937af601a89be98c509/servers/b40a9ac4-4648-4124-b636-961ae4e09cec", "rel": "bookmark"}], "key_name": "tempest-TestGettingAddress-651858860", "image": {"id": "ba1ee645-7ec4-4b60-b294-e55b03402a84", "links": [{"href": "http://10.0.2.15:8774/acd2cb0e6fd84937af601a89be98c509/images/ba1ee645-7ec4-4b60-b294-e55b03402a84", "rel": "bookmark"}]}, "OS-EXT-STS:task_state": "scheduling", "OS-EXT-STS:vm_state": "building", "OS-SRV-USG:launched_at": null, "flavor": {"id": "42", "links": [{"href": "http://10.0.2.15:8774/acd2cb0e6fd84937af601a89be98c509/flavors/42", "rel": "bookmark"}]}, "id": "b40a9ac4-4648-4124-b636-961ae4e09cec", "OS-SRV-USG:terminated_at": null, "OS-EXT-AZ:availability_zone": "", "user_id": "c793eaf972b044eda8dd0ef8a0783ba4", "name": "tempest.common.compute-instance-293336719", "created": "2015-12-05T06:16:14Z", "tenant_id": "acd2cb0e6fd84937af601a89be98c509", "OS-DCF:diskConfig": "MANUAL", "os-extended-volumes:volumes_attached": [], "accessIPv4": "", "accessIPv6": "", "progress": 0, "OS-EXT-STS:power_state": 0, "config_drive": "", "metadata": {}}}
2015-12-05 06:16:15,922 20320 INFO     [tempest_lib.common.rest_client] Request (TestGettingAddress:test_dhcp6_stateless_from_os): 200 GET http://10.0.2.15:8774/v2.1/acd2cb0e6fd84937af601a89be98c509/servers/b40a9ac4-4648-4124-b636-961ae4e09cec 0.400s
2015-12-05 06:16:15,922 20320 DEBUG    [tempest_lib.common.rest_client] Request - Headers: {'Content-Type': 'application/json', 'Accept': 'application/json', 'X-Auth-Token': '&lt;omitted&gt;'}
        Body: None
    Response - Headers: {'status': '200', 'content-length': '1478', 'content-location': 'http://10.0.2.15:8774/v2.1/acd2cb0e6fd84937af601a89be98c509/servers/b40a9ac4-4648-4124-b636-961ae4e09cec', 'x-compute-request-id': 'req-32b4949f-a337-4ab2-adc2-a8048f77148b', 'vary': 'X-OpenStack-Nova-API-Version', 'connection': 'close', 'x-openstack-nova-api-version': '2.1', 'date': 'Sat, 05 Dec 2015 06:16:15 GMT', 'content-type': 'application/json'}
        Body: {"server": {"status": "BUILD", "updated": "2015-12-05T06:16:15Z", "hostId": "a98bedfcbc962ea41e2aba708d1142d06ff02ff105391589e08ea8b9", "addresses": {}, "links": [{"href": "http://10.0.2.15:8774/v2.1/acd2cb0e6fd84937af601a89be98c509/servers/b40a9ac4-4648-4124-b636-961ae4e09cec", "rel": "self"}, {"href": "http://10.0.2.15:8774/acd2cb0e6fd84937af601a89be98c509/servers/b40a9ac4-4648-4124-b636-961ae4e09cec", "rel": "bookmark"}], "key_name": "tempest-TestGettingAddress-651858860", "image": {"id": "ba1ee645-7ec4-4b60-b294-e55b03402a84", "links": [{"href": "http://10.0.2.15:8774/acd2cb0e6fd84937af601a89be98c509/images/ba1ee645-7ec4-4b60-b294-e55b03402a84", "rel": "bookmark"}]}, "OS-EXT-STS:task_state": "spawning", "OS-EXT-STS:vm_state": "building", "OS-SRV-USG:launched_at": null, "flavor": {"id": "42", "links": [{"href": "http://10.0.2.15:8774/acd2cb0e6fd84937af601a89be98c509/flavors/42", "rel": "bookmark"}]}, "id": "b40a9ac4-4648-4124-b636-961ae4e09cec", "security_groups": [{"name": "tempest-secgroup-smoke-339071068"}], "OS-SRV-USG:terminated_at": null, "OS-EXT-AZ:availability_zone": "nova", "user_id": "c793eaf972b044eda8dd0ef8a0783ba4", "name": "tempest.common.compute-instance-293336719", "created": "2015-12-05T06:16:14Z", "tenant_id": "acd2cb0e6fd84937af601a89be98c509", "OS-DCF:diskConfig": "MANUAL", "os-extended-volumes:volumes_attached": [], "accessIPv4": "", "accessIPv6": "", "progress": 0, "OS-EXT-STS:power_state": 0, "config_drive": "", "metadata": {}}}
2015-12-05 06:16:15,938 20320 INFO     [tempest.common.waiters] State transition "BUILD/scheduling" ==&gt; "BUILD/spawning" after 1 second wait
2015-12-05 06:16:17,146 20320 INFO     [tempest_lib.common.rest_client] Request (TestGettingAddress:test_dhcp6_stateless_from_os): 200 GET http://10.0.2.15:8774/v2.1/acd2cb0e6fd84937af601a89be98c509/servers/b40a9ac4-4648-4124-b636-961ae4e09cec 0.207s
2015-12-05 06:16:17,147 20320 DEBUG    [tempest_lib.common.rest_client] Request - Headers: {'Content-Type': 'application/json', 'Accept': 'application/json', 'X-Auth-Token': '&lt;omitted&gt;'}
        Body: None
    Response - Headers: {'status': '200', 'content-length': '1478', 'content-location': 'http://10.0.2.15:8774/v2.1/acd2cb0e6fd84937af601a89be98c509/servers/b40a9ac4-4648-4124-b636-961ae4e09cec', 'x-compute-request-id': 'req-99c97bce-6c90-4048-9422-4ce8585be9b5', 'vary': 'X-OpenStack-Nova-API-Version', 'connection': 'close', 'x-openstack-nova-api-version': '2.1', 'date': 'Sat, 05 Dec 2015 06:16:17 GMT', 'content-type': 'application/json'}
        Body: {"server": {"status": "BUILD", "updated": "2015-12-05T06:16:15Z", "hostId": "a98bedfcbc962ea41e2aba708d1142d06ff02ff105391589e08ea8b9", "addresses": {}, "links": [{"href": "http://10.0.2.15:8774/v2.1/acd2cb0e6fd84937af601a89be98c509/servers/b40a9ac4-4648-4124-b636-961ae4e09cec", "rel": "self"}, {"href": "http://10.0.2.15:8774/acd2cb0e6fd84937af601a89be98c509/servers/b40a9ac4-4648-4124-b636-961ae4e09cec", "rel": "bookmark"}], "key_name": "tempest-TestGettingAddress-651858860", "image": {"id": "ba1ee645-7ec4-4b60-b294-e55b03402a84", "links": [{"href": "http://10.0.2.15:8774/acd2cb0e6fd84937af601a89be98c509/images/ba1ee645-7ec4-4b60-b294-e55b03402a84", "rel": "bookmark"}]}, "OS-EXT-STS:task_state": "spawning", "OS-EXT-STS:vm_state": "building", "OS-SRV-USG:launched_at": null, "flavor": {"id": "42", "links": [{"href": "http://10.0.2.15:8774/acd2cb0e6fd84937af601a89be98c509/flavors/42", "rel": "bookmark"}]}, "id": "b40a9ac4-4648-4124-b636-961ae4e09cec", "security_groups": [{"name": "tempest-secgroup-smoke-339071068"}], "OS-SRV-USG:terminated_at": null, "OS-EXT-AZ:availability_zone": "nova", "user_id": "c793eaf972b044eda8dd0ef8a0783ba4", "name": "tempest.common.compute-instance-293336719", "created": "2015-12-05T06:16:14Z", "tenant_id": "acd2cb0e6fd84937af601a89be98c509", "OS-DCF:diskConfig": "MANUAL", "os-extended-volumes:volumes_attached": [], "accessIPv4": "", "accessIPv6": "", "progress": 0, "OS-EXT-STS:power_state": 0, "config_drive": "", "metadata": {}}}
2015-12-05 06:16:18,374 20320 INFO     [tempest_lib.common.rest_client] Request (TestGettingAddress:test_dhcp6_stateless_from_os): 200 GET http://10.0.2.15:8774/v2.1/acd2cb0e6fd84937af601a89be98c509/servers/b40a9ac4-4648-4124-b636-961ae4e09cec 0.211s
2015-12-05 06:16:18,374 20320 DEBUG    [tempest_lib.common.rest_client] Request - Headers: {'Content-Type': 'application/json', 'Accept': 'application/json', 'X-Auth-Token': '&lt;omitted&gt;'}
        Body: None
    Response - Headers: {'status': '200', 'content-length': '1778', 'content-location': 'http://10.0.2.15:8774/v2.1/acd2cb0e6fd84937af601a89be98c509/servers/b40a9ac4-4648-4124-b636-961ae4e09cec', 'x-compute-request-id': 'req-d862b3bd-0016-4c8a-b8d3-d34b88272b2a', 'vary': 'X-OpenStack-Nova-API-Version', 'connection': 'close', 'x-openstack-nova-api-version': '2.1', 'date': 'Sat, 05 Dec 2015 06:16:18 GMT', 'content-type': 'application/json'}
        Body: {"server": {"status": "ACTIVE", "updated": "2015-12-05T06:16:17Z", "hostId": "a98bedfcbc962ea41e2aba708d1142d06ff02ff105391589e08ea8b9", "addresses": {"tempest-network-smoke--632141415": [{"OS-EXT-IPS-MAC:mac_addr": "fa:16:3e:24:70:67", "version": 6, "addr": "2003::f816:3eff:fe24:7067", "OS-EXT-IPS:type": "fixed"}, {"OS-EXT-IPS-MAC:mac_addr": "fa:16:3e:24:70:67", "version": 4, "addr": "10.100.0.3", "OS-EXT-IPS:type": "fixed"}]}, "links": [{"href": "http://10.0.2.15:8774/v2.1/acd2cb0e6fd84937af601a89be98c509/servers/b40a9ac4-4648-4124-b636-961ae4e09cec", "rel": "self"}, {"href": "http://10.0.2.15:8774/acd2cb0e6fd84937af601a89be98c509/servers/b40a9ac4-4648-4124-b636-961ae4e09cec", "rel": "bookmark"}], "key_name": "tempest-TestGettingAddress-651858860", "image": {"id": "ba1ee645-7ec4-4b60-b294-e55b03402a84", "links": [{"href": "http://10.0.2.15:8774/acd2cb0e6fd84937af601a89be98c509/images/ba1ee645-7ec4-4b60-b294-e55b03402a84", "rel": "bookmark"}]}, "OS-EXT-STS:task_state": null, "OS-EXT-STS:vm_state": "active", "OS-SRV-USG:launched_at": "2015-12-05T06:16:17.000000", "flavor": {"id": "42", "links": [{"href": "http://10.0.2.15:8774/acd2cb0e6fd84937af601a89be98c509/flavors/42", "rel": "bookmark"}]}, "id": "b40a9ac4-4648-4124-b636-961ae4e09cec", "security_groups": [{"name": "tempest-secgroup-smoke-339071068"}], "OS-SRV-USG:terminated_at": null, "OS-EXT-AZ:availability_zone": "nova", "user_id": "c793eaf972b044eda8dd0ef8a0783ba4", "name": "tempest.common.compute-instance-293336719", "created": "2015-12-05T06:16:14Z", "tenant_id": "acd2cb0e6fd84937af601a89be98c509", "OS-DCF:diskConfig": "MANUAL", "os-extended-volumes:volumes_attached": [], "accessIPv4": "", "accessIPv6": "", "progress": 0, "OS-EXT-STS:power_state": 1, "config_drive": "True", "metadata": {}}}
2015-12-05 06:16:18,383 20320 INFO     [tempest.common.waiters] State transition "BUILD/spawning" ==&gt; "ACTIVE/None" after 4 second wait
2015-12-05 06:16:18,663 20320 INFO     [tempest_lib.common.rest_client] Request (TestGettingAddress:test_dhcp6_stateless_from_os): 200 GET http://10.0.2.15:8774/v2.1/acd2cb0e6fd84937af601a89be98c509/servers/b40a9ac4-4648-4124-b636-961ae4e09cec 0.279s
2015-12-05 06:16:18,663 20320 DEBUG    [tempest_lib.common.rest_client] Request - Headers: {'Content-Type': 'application/json', 'Accept': 'application/json', 'X-Auth-Token': '&lt;omitted&gt;'}
        Body: None
    Response - Headers: {'status': '200', 'content-length': '1778', 'content-location': 'http://10.0.2.15:8774/v2.1/acd2cb0e6fd84937af601a89be98c509/servers/b40a9ac4-4648-4124-b636-961ae4e09cec', 'x-compute-request-id': 'req-122394fe-52f5-438a-b5e7-457036e0d671', 'vary': 'X-OpenStack-Nova-API-Version', 'connection': 'close', 'x-openstack-nova-api-version': '2.1', 'date': 'Sat, 05 Dec 2015 06:16:18 GMT', 'content-type': 'application/json'}
        Body: {"server": {"status": "ACTIVE", "updated": "2015-12-05T06:16:17Z", "hostId": "a98bedfcbc962ea41e2aba708d1142d06ff02ff105391589e08ea8b9", "addresses": {"tempest-network-smoke--632141415": [{"OS-EXT-IPS-MAC:mac_addr": "fa:16:3e:24:70:67", "version": 6, "addr": "2003::f816:3eff:fe24:7067", "OS-EXT-IPS:type": "fixed"}, {"OS-EXT-IPS-MAC:mac_addr": "fa:16:3e:24:70:67", "version": 4, "addr": "10.100.0.3", "OS-EXT-IPS:type": "fixed"}]}, "links": [{"href": "http://10.0.2.15:8774/v2.1/acd2cb0e6fd84937af601a89be98c509/servers/b40a9ac4-4648-4124-b636-961ae4e09cec", "rel": "self"}, {"href": "http://10.0.2.15:8774/acd2cb0e6fd84937af601a89be98c509/servers/b40a9ac4-4648-4124-b636-961ae4e09cec", "rel": "bookmark"}], "key_name": "tempest-TestGettingAddress-651858860", "image": {"id": "ba1ee645-7ec4-4b60-b294-e55b03402a84", "links": [{"href": "http://10.0.2.15:8774/acd2cb0e6fd84937af601a89be98c509/images/ba1ee645-7ec4-4b60-b294-e55b03402a84", "rel": "bookmark"}]}, "OS-EXT-STS:task_state": null, "OS-EXT-STS:vm_state": "active", "OS-SRV-USG:launched_at": "2015-12-05T06:16:17.000000", "flavor": {"id": "42", "links": [{"href": "http://10.0.2.15:8774/acd2cb0e6fd84937af601a89be98c509/flavors/42", "rel": "bookmark"}]}, "id": "b40a9ac4-4648-4124-b636-961ae4e09cec", "security_groups": [{"name": "tempest-secgroup-smoke-339071068"}], "OS-SRV-USG:terminated_at": null, "OS-EXT-AZ:availability_zone": "nova", "user_id": "c793eaf972b044eda8dd0ef8a0783ba4", "name": "tempest.common.compute-instance-293336719", "created": "2015-12-05T06:16:14Z", "tenant_id": "acd2cb0e6fd84937af601a89be98c509", "OS-DCF:diskConfig": "MANUAL", "os-extended-volumes:volumes_attached": [], "accessIPv4": "", "accessIPv6": "", "progress": 0, "OS-EXT-STS:power_state": 1, "config_drive": "True", "metadata": {}}}
2015-12-05 06:16:18,705 20320 INFO     [tempest_lib.common.rest_client] Request (TestGettingAddress:test_dhcp6_stateless_from_os): 200 GET http://10.0.2.15:9696/v2.0/ports?status=ACTIVE&amp;fixed_ip=None&amp;device_id=b40a9ac4-4648-4124-b636-961ae4e09cec 0.033s
2015-12-05 06:16:18,706 20320 DEBUG    [tempest_lib.common.rest_client] Request - Headers: {'Content-Type': 'application/json', 'Accept': 'application/json', 'X-Auth-Token': '&lt;omitted&gt;'}
        Body: None
    Response - Headers: {'status': '200', 'content-length': '1142', 'content-location': 'http://10.0.2.15:9696/v2.0/ports?status=ACTIVE&amp;fixed_ip=None&amp;device_id=b40a9ac4-4648-4124-b636-961ae4e09cec', 'connection': 'close', 'date': 'Sat, 05 Dec 2015 06:16:18 GMT', 'content-type': 'application/json; charset=UTF-8', 'x-openstack-request-id': 'req-311d61b1-2fb6-4a14-8214-95a2384a3f0b'}
        Body: {"ports": [{"status": "ACTIVE", "binding:host_id": "vagrant-ubuntu-trusty-64", "allowed_address_pairs": [], "extra_dhcp_opts": [], "dns_assignment": [{"hostname": "host-10-100-0-3", "ip_address": "10.100.0.3", "fqdn": "host-10-100-0-3.openstacklocal."}, {"hostname": "host-2003--f816-3eff-fe24-7067", "ip_address": "2003::f816:3eff:fe24:7067", "fqdn": "host-2003--f816-3eff-fe24-7067.openstacklocal."}], "device_owner": "compute:None", "port_security_enabled": true, "binding:profile": {}, "fixed_ips": [{"subnet_id": "b56c1249-d2b6-42e6-9a09-83c1db6eb18d", "ip_address": "10.100.0.3"}, {"subnet_id": "01b15552-b68c-4b1f-b560-afd5eeed985d", "ip_address": "2003::f816:3eff:fe24:7067"}], "id": "263831a8-b868-42a5-be45-2fa57e4c0cae", "security_groups": ["630d7064-a760-428e-bf81-8eac8086322f"], "device_id": "b40a9ac4-4648-4124-b636-961ae4e09cec", "name": "", "admin_state_up": true, "network_id": "27f99a11-12e5-4e78-981d-5c0fa6321f29", "dns_name": "", "binding:vif_details": {"port_filter": true}, "binding:vnic_type": "normal", "binding:vif_type": "ovs", "tenant_id": "acd2cb0e6fd84937af601a89be98c509", "mac_address": "fa:16:3e:24:70:67"}]}
2015-12-05 06:16:19,251 20320 INFO     [tempest_lib.common.rest_client] Request (TestGettingAddress:test_dhcp6_stateless_from_os): 201 POST http://10.0.2.15:9696/v2.0/floatingips 0.544s
2015-12-05 06:16:19,251 20320 DEBUG    [tempest_lib.common.rest_client] Request - Headers: {'Content-Type': 'application/json', 'Accept': 'application/json', 'X-Auth-Token': '&lt;omitted&gt;'}
        Body: {"floatingip": {"floating_network_id": "639cc579-46f5-4584-b722-abeaa5954eef", "tenant_id": "acd2cb0e6fd84937af601a89be98c509", "fixed_ip_address": "10.100.0.3", "port_id": "263831a8-b868-42a5-be45-2fa57e4c0cae"}}
    Response - Headers: {'status': '201', 'content-length': '367', 'connection': 'close', 'date': 'Sat, 05 Dec 2015 06:16:19 GMT', 'content-type': 'application/json; charset=UTF-8', 'x-openstack-request-id': 'req-e0aefff9-804c-46e2-b4fe-d10711537583'}
        Body: {"floatingip": {"floating_network_id": "639cc579-46f5-4584-b722-abeaa5954eef", "router_id": "61fc0ab2-8391-4298-86b3-c19752ccbcac", "fixed_ip_address": "10.100.0.3", "floating_ip_address": "172.24.4.4", "tenant_id": "acd2cb0e6fd84937af601a89be98c509", "status": "DOWN", "port_id": "263831a8-b868-42a5-be45-2fa57e4c0cae", "id": "2b8b92ea-1335-479f-99eb-01cabe4ead2a"}}
2015-12-05 06:16:19,253 20320 INFO     [tempest_lib.common.ssh] Creating ssh connection to '172.24.4.4' as 'cirros' with public key authentication
2015-12-05 06:16:23,255 20320 WARNING  [tempest_lib.common.ssh] Failed to establish authenticated ssh connection to cirros@172.24.4.4 ([Errno None] Unable to connect to port 22 on  or 172.24.4.4). Number attempts: 1. Retry after 2 seconds.
2015-12-05 06:16:28,760 20320 WARNING  [tempest_lib.common.ssh] Failed to establish authenticated ssh connection to cirros@172.24.4.4 ([Errno None] Unable to connect to port 22 on  or 172.24.4.4). Number attempts: 2. Retry after 3 seconds.
2015-12-05 06:16:35,264 20320 WARNING  [tempest_lib.common.ssh] Failed to establish authenticated ssh connection to cirros@172.24.4.4 ([Errno None] Unable to connect to port 22 on  or 172.24.4.4). Number attempts: 3. Retry after 4 seconds.
2015-12-05 06:16:42,770 20320 WARNING  [tempest_lib.common.ssh] Failed to establish authenticated ssh connection to cirros@172.24.4.4 ([Errno None] Unable to connect to port 22 on  or 172.24.4.4). Number attempts: 4. Retry after 5 seconds.
2015-12-05 06:16:51,277 20320 WARNING  [tempest_lib.common.ssh] Failed to establish authenticated ssh connection to cirros@172.24.4.4 ([Errno None] Unable to connect to port 22 on  or 172.24.4.4). Number attempts: 5. Retry after 6 seconds.
2015-12-05 06:17:00,784 20320 WARNING  [tempest_lib.common.ssh] Failed to establish authenticated ssh connection to cirros@172.24.4.4 ([Errno None] Unable to connect to port 22 on  or 172.24.4.4). Number attempts: 6. Retry after 7 seconds.
2015-12-05 06:17:11,292 20320 WARNING  [tempest_lib.common.ssh] Failed to establish authenticated ssh connection to cirros@172.24.4.4 ([Errno None] Unable to connect to port 22 on  or 172.24.4.4). Number attempts: 7. Retry after 8 seconds.
2015-12-05 06:17:22,800 20320 WARNING  [tempest_lib.common.ssh] Failed to establish authenticated ssh connection to cirros@172.24.4.4 ([Errno None] Unable to connect to port 22 on  or 172.24.4.4). Number attempts: 8. Retry after 9 seconds.
2015-12-05 06:17:35,308 20320 WARNING  [tempest_lib.common.ssh] Failed to establish authenticated ssh connection to cirros@172.24.4.4 ([Errno None] Unable to connect to port 22 on  or 172.24.4.4). Number attempts: 9. Retry after 10 seconds.
2015-12-05 06:17:48,820 20320 WARNING  [tempest_lib.common.ssh] Failed to establish authenticated ssh connection to cirros@172.24.4.4 ([Errno None] Unable to connect to port 22 on  or 172.24.4.4). Number attempts: 10. Retry after 11 seconds.
2015-12-05 06:18:03,328 20320 WARNING  [tempest_lib.common.ssh] Failed to establish authenticated ssh connection to cirros@172.24.4.4 ([Errno None] Unable to connect to port 22 on  or 172.24.4.4). Number attempts: 11. Retry after 12 seconds.
2015-12-05 06:18:18,840 20320 WARNING  [tempest_lib.common.ssh] Failed to establish authenticated ssh connection to cirros@172.24.4.4 ([Errno None] Unable to connect to port 22 on  or 172.24.4.4). Number attempts: 12. Retry after 13 seconds.
2015-12-05 06:18:35,356 20320 WARNING  [tempest_lib.common.ssh] Failed to establish authenticated ssh connection to cirros@172.24.4.4 ([Errno None] Unable to connect to port 22 on  or 172.24.4.4). Number attempts: 13. Retry after 14 seconds.
2015-12-05 06:18:52,868 20320 WARNING  [tempest_lib.common.ssh] Failed to establish authenticated ssh connection to cirros@172.24.4.4 ([Errno None] Unable to connect to port 22 on  or 172.24.4.4). Number attempts: 14. Retry after 15 seconds.
2015-12-05 06:19:11,384 20320 WARNING  [tempest_lib.common.ssh] Failed to establish authenticated ssh connection to cirros@172.24.4.4 ([Errno None] Unable to connect to port 22 on  or 172.24.4.4). Number attempts: 15. Retry after 16 seconds.
2015-12-05 06:19:30,900 20320 WARNING  [tempest_lib.common.ssh] Failed to establish authenticated ssh connection to cirros@172.24.4.4 ([Errno None] Unable to connect to port 22 on  or 172.24.4.4). Number attempts: 16. Retry after 17 seconds.
2015-12-05 06:19:51,419 20320 ERROR    [tempest_lib.common.ssh] Failed to establish authenticated ssh connection to cirros@172.24.4.4 after 16 attempts
2015-12-05 06:19:51.419 20320 ERROR tempest_lib.common.ssh Traceback (most recent call last):
2015-12-05 06:19:51.419 20320 ERROR tempest_lib.common.ssh   File "/usr/local/lib/python2.7/dist-packages/tempest_lib/common/ssh.py", line 75, in _get_ssh_connection
2015-12-05 06:19:51.419 20320 ERROR tempest_lib.common.ssh     timeout=self.channel_timeout, pkey=self.pkey)
2015-12-05 06:19:51.419 20320 ERROR tempest_lib.common.ssh   File "/usr/local/lib/python2.7/dist-packages/paramiko/client.py", line 311, in connect
2015-12-05 06:19:51.419 20320 ERROR tempest_lib.common.ssh     raise NoValidConnectionsError(errors)
2015-12-05 06:19:51.419 20320 ERROR tempest_lib.common.ssh NoValidConnectionsError: [Errno None] Unable to connect to port 22 on  or 172.24.4.4
2015-12-05 06:19:51.419 20320 ERROR tempest_lib.common.ssh 
2015-12-05 06:19:51,421 20320 ERROR    [tempest.scenario.manager] (TestGettingAddress:test_dhcp6_stateless_from_os) Initializing SSH connection to 172.24.4.4 failed. Error: Connection to the 172.24.4.4 via SSH timed out.
User: cirros, Password: None
2015-12-05 06:19:51.421 20320 ERROR tempest.scenario.manager Traceback (most recent call last):
2015-12-05 06:19:51.421 20320 ERROR tempest.scenario.manager   File "tempest/scenario/manager.py", line 383, in get_remote_client
2015-12-05 06:19:51.421 20320 ERROR tempest.scenario.manager     linux_client.validate_authentication()
2015-12-05 06:19:51.421 20320 ERROR tempest.scenario.manager   File "tempest/common/utils/linux/remote_client.py", line 63, in validate_authentication
2015-12-05 06:19:51.421 20320 ERROR tempest.scenario.manager     self.ssh_client.test_connection_auth()
2015-12-05 06:19:51.421 20320 ERROR tempest.scenario.manager   File "/usr/local/lib/python2.7/dist-packages/tempest_lib/common/ssh.py", line 167, in test_connection_auth
2015-12-05 06:19:51.421 20320 ERROR tempest.scenario.manager     connection = self._get_ssh_connection()
2015-12-05 06:19:51.421 20320 ERROR tempest.scenario.manager   File "/usr/local/lib/python2.7/dist-packages/tempest_lib/common/ssh.py", line 87, in _get_ssh_connection
2015-12-05 06:19:51.421 20320 ERROR tempest.scenario.manager     password=self.password)
2015-12-05 06:19:51.421 20320 ERROR tempest.scenario.manager SSHTimeout: Connection to the 172.24.4.4 via SSH timed out.
2015-12-05 06:19:51.421 20320 ERROR tempest.scenario.manager User: cirros, Password: None
2015-12-05 06:19:51.421 20320 ERROR tempest.scenario.manager 
2015-12-05 06:19:51,512 20320 INFO     [tempest_lib.common.rest_client] Request (TestGettingAddress:test_dhcp6_stateless_from_os): 200 GET http://10.0.2.15:8774/v2.1/acd2cb0e6fd84937af601a89be98c509/servers 0.088s
2015-12-05 06:19:51,512 20320 DEBUG    [tempest_lib.common.rest_client] Request - Headers: {'Content-Type': 'application/json', 'Accept': 'application/json', 'X-Auth-Token': '&lt;omitted&gt;'}
        Body: None
    Response - Headers: {'status': '200', 'content-length': '390', 'content-location': 'http://10.0.2.15:8774/v2.1/acd2cb0e6fd84937af601a89be98c509/servers', 'x-compute-request-id': 'req-9f1dc5c4-1e17-4ced-9867-8034a0b0fe02', 'vary': 'X-OpenStack-Nova-API-Version', 'connection': 'close', 'x-openstack-nova-api-version': '2.1', 'date': 'Sat, 05 Dec 2015 06:19:51 GMT', 'content-type': 'application/json'}
        Body: {"servers": [{"id": "b40a9ac4-4648-4124-b636-961ae4e09cec", "links": [{"href": "http://10.0.2.15:8774/v2.1/acd2cb0e6fd84937af601a89be98c509/servers/b40a9ac4-4648-4124-b636-961ae4e09cec", "rel": "self"}, {"href": "http://10.0.2.15:8774/acd2cb0e6fd84937af601a89be98c509/servers/b40a9ac4-4648-4124-b636-961ae4e09cec", "rel": "bookmark"}], "name": "tempest.common.compute-instance-293336719"}]}
2015-12-05 06:19:51,726 20320 INFO     [tempest_lib.common.rest_client] Request (TestGettingAddress:test_dhcp6_stateless_from_os): 200 POST http://10.0.2.15:8774/v2.1/acd2cb0e6fd84937af601a89be98c509/servers/b40a9ac4-4648-4124-b636-961ae4e09cec/action 0.208s
2015-12-05 06:19:51,727 20320 DEBUG    [tempest_lib.common.rest_client] Request - Headers: {'Content-Type': 'application/json', 'Accept': 'application/json', 'X-Auth-Token': '&lt;omitted&gt;'}
        Body: {"os-getConsoleOutput": {}}
    Response - Headers: {'status': '200', 'content-length': '24669', 'x-compute-request-id': 'req-742e32cc-c982-4ec4-9530-c5f98b9333d8', 'vary': 'X-OpenStack-Nova-API-Version', 'connection': 'close', 'x-openstack-nova-api-version': '2.1', 'date': 'Sat, 05 Dec 2015 06:19:51 GMT', 'content-type': 'application/json'}
        Body: {"output": "[    0.000000] Initializing cgroup subsys cpuset\n[    0.000000] Initializing cgroup subsys cpu\n[    0.000000] Linux version 3.2.0-80-virtual (buildd@batsu) (gcc version 4.6.3 (Ubuntu/Linaro 4.6.3-1ubuntu5) ) #116-Ubuntu SMP Mon Mar 23 17:28:52 UTC 2015 (Ubuntu 3.2.0-80.116-virtual 3.2.68)\n[    0.000000] Command line: root=/dev/vda console=tty0 console=ttyS0 no_timer_check\n[    0.000000] KERNEL supported cpus:\n[    0.000000]   Intel GenuineIntel\n[    0.000000]   AMD AuthenticAMD\n[    0.000000]   Centaur CentaurHauls\n[    0.000000] BIOS-provided physical RAM map:\n[    0.000000]  BIOS-e820: 0000000000000000 - 000000000009fc00 (usable)\n[    0.000000]  BIOS-e820: 000000000009fc00 - 00000000000a0000 (reserved)\n[    0.000000]  BIOS-e820: 00000000000f0000 - 0000000000100000 (reserved)\n[    0.000000]  BIOS-e820: 0000000000100000 - 0000000003ffe000 (usable)\n[    0.000000]  BIOS-e820: 0000000003ffe000 - 0000000004000000 (reserved)\n[    0.000000]  BIOS-e820: 00000000fffc0000 - 0000000100000000 (reserved)\n[    0.000000] NX (Execute Disable) protection: active\n[    0.000000] SMBIOS 2.4 present.\n[    0.000000] No AGP bridge found\n[    0.000000] last_pfn = 0x3ffe max_arch_pfn = 0x400000000\n[    0.000000] x86 PAT enabled: cpu 0, old 0x7040600070406, new 0x7010600070106\n[    0.000000] found SMP MP-table at [ffff8800000f0b00] f0b00\n[    0.000000] init_memory_mapping: 0000000000000000-0000000003ffe000\n[    0.000000] RAMDISK: 03c5e000 - 03ff0000\n[    0.000000] ACPI: RSDP 00000000000f0950 00014 (v00 BOCHS )\n[    0.000000] ACPI: RSDT 0000000003fffbc1 00034 (v01 BOCHS  BXPCRSDT 00000001 BXPC 00000001)\n[    0.000000] ACPI: FACP 0000000003fff1c0 00074 (v01 BOCHS  BXPCFACP 00000001 BXPC 00000001)\n[    0.000000] ACPI: DSDT 0000000003ffe040 01180 (v01 BOCHS  BXPCDSDT 00000001 BXPC 00000001)\n[    0.000000] ACPI: FACS 0000000003ffe000 00040\n[    0.000000] ACPI: SSDT 0000000003fff234 008DD (v01 BOCHS  BXPCSSDT 00000001 BXPC 00000001)\n[    0.000000] ACPI: APIC 0000000003fffb11 00078 (v01 BOCHS  BXPCAPIC 00000001 BXPC 00000001)\n[    0.000000] ACPI: HPET 0000000003fffb89 00038 (v01 BOCHS  BXPCHPET 00000001 BXPC 00000001)\n[    0.000000] No NUMA configuration found\n[    0.000000] Faking a node at 0000000000000000-0000000003ffe000\n[    0.000000] Initmem setup node 0 0000000000000000-0000000003ffe000\n[    0.000000]   NODE_DATA [0000000003ff6000 - 0000000003ffafff]\n[    0.000000] Zone PFN ranges:\n[    0.000000]   DMA      0x00000010 -&gt; 0x00001000\n[    0.000000]   DMA32    0x00001000 -&gt; 0x00100000\n[    0.000000]   Normal   empty\n[    0.000000] Movable zone start PFN for each node\n[    0.000000] early_node_map[2] active PFN ranges\n[    0.000000]     0: 0x00000010 -&gt; 0x0000009f\n[    0.000000]     0: 0x00000100 -&gt; 0x00003ffe\n[    0.000000] ACPI: PM-Timer IO Port: 0xb008\n[    0.000000] ACPI: LAPIC (acpi_id[0x00] lapic_id[0x00] enabled)\n[    0.000000] ACPI: LAPIC_NMI (acpi_id[0xff] dfl dfl lint[0x1])\n[    0.000000] ACPI: IOAPIC (id[0x00] address[0xfec00000] gsi_base[0])\n[    0.000000] IOAPIC[0]: apic_id 0, version 17, address 0xfec00000, GSI 0-23\n[    0.000000] ACPI: INT_SRC_OVR (bus 0 bus_irq 0 global_irq 2 dfl dfl)\n[    0.000000] ACPI: INT_SRC_OVR (bus 0 bus_irq 5 global_irq 5 high level)\n[    0.000000] ACPI: INT_SRC_OVR (bus 0 bus_irq 9 global_irq 9 high level)\n[    0.000000] ACPI: INT_SRC_OVR (bus 0 bus_irq 10 global_irq 10 high level)\n[    0.000000] ACPI: INT_SRC_OVR (bus 0 bus_irq 11 global_irq 11 high level)\n[    0.000000] Using ACPI (MADT) for SMP configuration information\n[    0.000000] ACPI: HPET id: 0x8086a201 base: 0xfed00000\n[    0.000000] SMP: Allowing 1 CPUs, 0 hotplug CPUs\n[    0.000000] PM: Registered nosave memory: 000000000009f000 - 00000000000a0000\n[    0.000000] PM: Registered nosave memory: 00000000000a0000 - 00000000000f0000\n[    0.000000] PM: Registered nosave memory: 00000000000f0000 - 0000000000100000\n[    0.000000] Allocating PCI resources starting at 4000000 (gap: 4000000:fbfc0000)\n[    0.000000] Booting paravirtualized kernel on bare hardware\n[    0.000000] setup_pe
2015-12-05 06:19:51,731 20320 DEBUG    [tempest.scenario.manager] Console output for b40a9ac4-4648-4124-b636-961ae4e09cec
body=
[    0.000000] Initializing cgroup subsys cpuset
[    0.000000] Initializing cgroup subsys cpu
[    0.000000] Linux version 3.2.0-80-virtual (buildd@batsu) (gcc version 4.6.3 (Ubuntu/Linaro 4.6.3-1ubuntu5) ) #116-Ubuntu SMP Mon Mar 23 17:28:52 UTC 2015 (Ubuntu 3.2.0-80.116-virtual 3.2.68)
[    0.000000] Command line: root=/dev/vda console=tty0 console=ttyS0 no_timer_check
[    0.000000] KERNEL supported cpus:
[    0.000000]   Intel GenuineIntel
[    0.000000]   AMD AuthenticAMD
[    0.000000]   Centaur CentaurHauls
[    0.000000] BIOS-provided physical RAM map:
[    0.000000]  BIOS-e820: 0000000000000000 - 000000000009fc00 (usable)
[    0.000000]  BIOS-e820: 000000000009fc00 - 00000000000a0000 (reserved)
[    0.000000]  BIOS-e820: 00000000000f0000 - 0000000000100000 (reserved)
[    0.000000]  BIOS-e820: 0000000000100000 - 0000000003ffe000 (usable)
[    0.000000]  BIOS-e820: 0000000003ffe000 - 0000000004000000 (reserved)
[    0.000000]  BIOS-e820: 00000000fffc0000 - 0000000100000000 (reserved)
[    0.000000] NX (Execute Disable) protection: active
[    0.000000] SMBIOS 2.4 present.
[    0.000000] No AGP bridge found
[    0.000000] last_pfn = 0x3ffe max_arch_pfn = 0x400000000
[    0.000000] x86 PAT enabled: cpu 0, old 0x7040600070406, new 0x7010600070106
[    0.000000] found SMP MP-table at [ffff8800000f0b00] f0b00
[    0.000000] init_memory_mapping: 0000000000000000-0000000003ffe000
[    0.000000] RAMDISK: 03c5e000 - 03ff0000
[    0.000000] ACPI: RSDP 00000000000f0950 00014 (v00 BOCHS )
[    0.000000] ACPI: RSDT 0000000003fffbc1 00034 (v01 BOCHS  BXPCRSDT 00000001 BXPC 00000001)
[    0.000000] ACPI: FACP 0000000003fff1c0 00074 (v01 BOCHS  BXPCFACP 00000001 BXPC 00000001)
[    0.000000] ACPI: DSDT 0000000003ffe040 01180 (v01 BOCHS  BXPCDSDT 00000001 BXPC 00000001)
[    0.000000] ACPI: FACS 0000000003ffe000 00040
[    0.000000] ACPI: SSDT 0000000003fff234 008DD (v01 BOCHS  BXPCSSDT 00000001 BXPC 00000001)
[    0.000000] ACPI: APIC 0000000003fffb11 00078 (v01 BOCHS  BXPCAPIC 00000001 BXPC 00000001)
[    0.000000] ACPI: HPET 0000000003fffb89 00038 (v01 BOCHS  BXPCHPET 00000001 BXPC 00000001)
[    0.000000] No NUMA configuration found
[    0.000000] Faking a node at 0000000000000000-0000000003ffe000
[    0.000000] Initmem setup node 0 0000000000000000-0000000003ffe000
[    0.000000]   NODE_DATA [0000000003ff6000 - 0000000003ffafff]
[    0.000000] Zone PFN ranges:
[    0.000000]   DMA      0x00000010 -&gt; 0x00001000
[    0.000000]   DMA32    0x00001000 -&gt; 0x00100000
[    0.000000]   Normal   empty
[    0.000000] Movable zone start PFN for each node
[    0.000000] early_node_map[2] active PFN ranges
[    0.000000]     0: 0x00000010 -&gt; 0x0000009f
[    0.000000]     0: 0x00000100 -&gt; 0x00003ffe
[    0.000000] ACPI: PM-Timer IO Port: 0xb008
[    0.000000] ACPI: LAPIC (acpi_id[0x00] lapic_id[0x00] enabled)
[    0.000000] ACPI: LAPIC_NMI (acpi_id[0xff] dfl dfl lint[0x1])
[    0.000000] ACPI: IOAPIC (id[0x00] address[0xfec00000] gsi_base[0])
[    0.000000] IOAPIC[0]: apic_id 0, version 17, address 0xfec00000, GSI 0-23
[    0.000000] ACPI: INT_SRC_OVR (bus 0 bus_irq 0 global_irq 2 dfl dfl)
[    0.000000] ACPI: INT_SRC_OVR (bus 0 bus_irq 5 global_irq 5 high level)
[    0.000000] ACPI: INT_SRC_OVR (bus 0 bus_irq 9 global_irq 9 high level)
[    0.000000] ACPI: INT_SRC_OVR (bus 0 bus_irq 10 global_irq 10 high level)
[    0.000000] ACPI: INT_SRC_OVR (bus 0 bus_irq 11 global_irq 11 high level)
[    0.000000] Using ACPI (MADT) for SMP configuration information
[    0.000000] ACPI: HPET id: 0x8086a201 base: 0xfed00000
[    0.000000] SMP: Allowing 1 CPUs, 0 hotplug CPUs
[    0.000000] PM: Registered nosave memory: 000000000009f000 - 00000000000a0000
[    0.000000] PM: Registered nosave memory: 00000000000a0000 - 00000000000f0000
[    0.000000] PM: Registered nosave memory: 00000000000f0000 - 0000000000100000
[    0.000000] Allocating PCI resources starting at 4000000 (gap: 4000000:fbfc0000)
[    0.000000] Booting paravirtualized kernel on bare hardware
[    0.000000] setup_percpu: NR_CPUS:64 nr_cpumask_bits:64 nr_cpu_ids:1 nr_node_ids:1
[    0.000000] PERCPU: Embedded 27 pages/cpu @ffff880003a00000 s78848 r8192 d23552 u2097152
[    0.000000] Built 1 zonelists in Node order, mobility grouping on.  Total pages: 16008
[    0.000000] Policy zone: DMA32
[    0.000000] Kernel command line: root=/dev/vda console=tty0 console=ttyS0 no_timer_check
[    0.000000] PID hash table entries: 256 (order: -1, 2048 bytes)
[    0.000000] Checking aperture...
[    0.000000] No AGP bridge found
[    0.000000] Memory: 43492k/65528k available (6576k kernel code, 452k absent, 21584k reserved, 6620k data, 928k init)
[    0.000000] SLUB: Genslabs=15, HWalign=64, Order=0-3, MinObjects=0, CPUs=1, Nodes=1
[    0.000000] Hierarchical RCU implementation.
[    0.000000] 	RCU dyntick-idle grace-period acceleration is enabled.
[    0.000000] NR_IRQS:4352 nr_irqs:256 16
[    0.000000] Console: colour VGA+ 80x25
[    0.000000] console [tty0] enabled
[    0.000000] console [ttyS0] enabled
[    0.000000] allocated 1048576 bytes of page_cgroup
[    0.000000] please try 'cgroup_disable=memory' option if you don't want memory cgroups
[    0.000000] Fast TSC calibration failed
[    0.000000] TSC: Unable to calibrate against PIT
[    0.000000] TSC: using HPET reference calibration
[    0.000000] Detected 2292.449 MHz processor.
[    0.032877] Calibrating delay loop (skipped), value calculated using timer frequency.. 4584.89 BogoMIPS (lpj=9169796)
[    0.037312] pid_max: default: 32768 minimum: 301
[    0.048407] Security Framework initialized
[    0.052898] AppArmor: AppArmor initialized
[    0.053570] Yama: becoming mindful.
[    0.062038] Dentry cache hash table entries: 8192 (order: 4, 65536 bytes)
[    0.064223] Inode-cache hash table entries: 4096 (order: 3, 32768 bytes)
[    0.065780] Mount-cache hash table entries: 256
[    0.081765] Initializing cgroup subsys cpuacct
[    0.083162] Initializing cgroup subsys memory
[    0.085417] Initializing cgroup subsys devices
[    0.088182] Initializing cgroup subsys freezer
[    0.088851] Initializing cgroup subsys blkio
[    0.089689] Initializing cgroup subsys perf_event
[    0.093955] mce: CPU supports 10 MCE banks
[    0.097509] SMP alternatives: switching to UP code
[    0.530572] Freeing SMP alternatives: 24k freed
[    0.533479] ACPI: Core revision 20110623
[    0.582221] ftrace: allocating 26610 entries in 105 pages
[    0.614086] ..TIMER: vector=0x30 apic1=0 pin1=2 apic2=-1 pin2=-1
[    0.615543] CPU0: AMD QEMU Virtual CPU version 2.0.0 stepping 03
[    0.620038] Performance Events: Broken PMU hardware detected, using software events only.
[    0.632409] NMI watchdog disabled (cpu0): hardware events not enabled
[    0.636346] Brought up 1 CPUs
[    0.637316] Total of 1 processors activated (4584.89 BogoMIPS).
[    0.663082] devtmpfs: initialized
[    0.693901] EVM: security.selinux
[    0.694366] EVM: security.SMACK64
[    0.694938] EVM: security.capability
[    0.714557] print_constraints: dummy: 
[    0.717166] RTC time:  6:16:21, date: 12/05/15
[    0.722433] NET: Registered protocol family 16
[    0.732387] ACPI: bus type pci registered
[    0.737298] PCI: Using configuration type 1 for base access
[    0.768247] bio: create slab &lt;bio-0&gt; at 0
[    0.772703] ACPI: Added _OSI(Module Device)
[    0.773293] ACPI: Added _OSI(Processor Device)
[    0.773875] ACPI: Added _OSI(3.0 _SCP Extensions)
[    0.774473] ACPI: Added _OSI(Processor Aggregator Device)
[    0.853054] ACPI: Interpreter enabled
[    0.853951] ACPI: (supports S0 S3 S4 S5)
[    0.856407] ACPI: Using IOAPIC for interrupt routing
[    0.933034] ACPI: No dock devices found.
[    0.933763] HEST: Table not found.
[    0.934555] PCI: Using host bridge windows from ACPI; if necessary, use "pci=nocrs" and report a bug
[    0.941419] ACPI: PCI Root Bridge [PCI0] (domain 0000 [bus 00-ff])
[    0.946637] pci_root PNP0A03:00: host bridge window [io  0x0000-0x0cf7]
[    0.948158] pci_root PNP0A03:00: host bridge window [io  0x0d00-0xadff]
[    0.948994] pci_root PNP0A03:00: host bridge window [io  0xae0f-0xaeff]
[    0.949871] pci_root PNP0A03:00: host bridge window [io  0xaf20-0xafdf]
[    0.950765] pci_root PNP0A03:00: host bridge window [io  0xafe4-0xffff]
[    0.952162] pci_root PNP0A03:00: host bridge window [mem 0x000a0000-0x000bffff]
[    0.953004] pci_root PNP0A03:00: host bridge window [mem 0x04000000-0xfebfffff]
[    0.976206] pci 0000:00:01.3: quirk: [io  0xb000-0xb03f] claimed by PIIX4 ACPI
[    0.977305] pci 0000:00:01.3: quirk: [io  0xb100-0xb10f] claimed by PIIX4 SMB
[    1.044064]  pci0000:00: Unable to request _OSC control (_OSC support mask: 0x1e)
[    1.117969] ACPI: PCI Interrupt Link [LNKA] (IRQs 5 *10 11)
[    1.120963] ACPI: PCI Interrupt Link [LNKB] (IRQs 5 *10 11)
[    1.122770] ACPI: PCI Interrupt Link [LNKC] (IRQs 5 10 *11)
[    1.125404] ACPI: PCI Interrupt Link [LNKD] (IRQs 5 10 *11)
[    1.126800] ACPI: PCI Interrupt Link [LNKS] (IRQs *9)
[    1.133421] vgaarb: device added: PCI:0000:00:02.0,decodes=io+mem,owns=io+mem,locks=none
[    1.134589] vgaarb: loaded
[    1.134988] vgaarb: bridge control possible 0000:00:02.0
[    1.140512] i2c-core: driver [aat2870] using legacy suspend method
[    1.141350] i2c-core: driver [aat2870] using legacy resume method
[    1.144598] SCSI subsystem initialized
[    1.148796] usbcore: registered new interface driver usbfs
[    1.150021] usbcore: registered new interface driver hub
[    1.151394] usbcore: registered new device driver usb
[    1.156480] PCI: Using ACPI for IRQ routing
[    1.167033] NetLabel: Initializing
[    1.168190] NetLabel:  domain hash size = 128
[    1.168710] NetLabel:  protocols = UNLABELED CIPSOv4
[    1.170688] NetLabel:  unlabeled traffic allowed by default
[    1.173570] HPET: 3 timers in total, 0 timers will be used for per-cpu timer
[    1.174820] hpet0: at MMIO 0xfed00000, IRQs 2, 8, 0
[    1.176566] hpet0: 3 comparators, 64-bit 100.000000 MHz counter
[    1.190126] Switching to clocksource hpet
[    1.435584] AppArmor: AppArmor Filesystem Enabled
[    1.438253] pnp: PnP ACPI init
[    1.438932] ACPI: bus type pnp registered
[    1.464151] pnp: PnP ACPI: found 9 devices
[    1.465739] ACPI: ACPI bus type pnp unregistered
[    1.528071] NET: Registered protocol family 2
[    1.570469] IP route cache hash table entries: 512 (order: 0, 4096 bytes)
[    1.578444] TCP established hash table entries: 2048 (order: 3, 32768 bytes)
[    1.579936] TCP bind hash table entries: 2048 (order: 3, 32768 bytes)
[    1.582171] TCP: Hash tables configured (established 2048 bind 2048)
[    1.583007] TCP reno registered
[    1.583661] UDP hash table entries: 128 (order: 0, 4096 bytes)
[    1.585557] UDP-Lite hash table entries: 128 (order: 0, 4096 bytes)
[    1.588136] NET: Registered protocol family 1
[    1.590949] pci 0000:00:00.0: Limiting direct PCI/PCI transfers
[    1.593447] pci 0000:00:01.0: PIIX3: Enabling Passive Release
[    1.594348] pci 0000:00:01.0: Activating ISA DMA hang workarounds
[    1.599602] ACPI: PCI Interrupt Link [LNKD] enabled at IRQ 11
[    1.601449] pci 0000:00:01.2: PCI INT D -&gt; Link[LNKD] -&gt; GSI 11 (level, high) -&gt; IRQ 11
[    1.603418] pci 0000:00:01.2: PCI INT D disabled
[    1.628949] Trying to unpack rootfs image as initramfs...
[    1.650429] audit: initializing netlink socket (disabled)
[    1.653150] type=2000 audit(1449296181.648:1): initialized
[    1.959463] HugeTLB registered 2 MB page size, pre-allocated 0 pages
[    2.035081] VFS: Disk quotas dquot_6.5.2
[    2.037303] Dquot-cache hash table entries: 512 (order 0, 4096 bytes)
[    2.051155] fuse init (API version 7.17)
[    2.054274] msgmni has been set to 84
[    2.084153] Block layer SCSI generic (bsg) driver version 0.4 loaded (major 253)
[    2.093786] io scheduler noop registered
[    2.094339] io scheduler deadline registered (default)
[    2.095673] io scheduler cfq registered
[    2.099762] pci_hotplug: PCI Hot Plug PCI Core version: 0.5
[    2.102790] pciehp: PCI Express Hot Plug Controller Driver version: 0.4
[    2.109131] input: Power Button as /devices/LNXSYSTM:00/LNXPWRBN:00/input/input0
[    2.110856] ACPI: Power Button [PWRF]
[    2.163207] ERST: Table is not found!
[    2.163782] GHES: HEST is not enabled!
[    2.174208] ACPI: PCI Interrupt Link [LNKC] enabled at IRQ 10
[    2.175829] virtio-pci 0000:00:03.0: PCI INT A -&gt; Link[LNKC] -&gt; GSI 10 (level, high) -&gt; IRQ 10
[    2.179543] virtio-pci 0000:00:04.0: PCI INT A -&gt; Link[LNKD] -&gt; GSI 11 (level, high) -&gt; IRQ 11
[    2.199467] ACPI: PCI Interrupt Link [LNKA] enabled at IRQ 10
[    2.200686] virtio-pci 0000:00:05.0: PCI INT A -&gt; Link[LNKA] -&gt; GSI 10 (level, high) -&gt; IRQ 10
[    2.211153] Serial: 8250/16550 driver, 32 ports, IRQ sharing enabled
[    2.253812] serial8250: ttyS0 at I/O 0x3f8 (irq = 4) is a 16550A
[    2.337893] serial8250: ttyS1 at I/O 0x2f8 (irq = 3) is a 16550A
[    2.469011] 00:05: ttyS0 at I/O 0x3f8 (irq = 4) is a 16550A
[    2.555025] 00:06: ttyS1 at I/O 0x2f8 (irq = 3) is a 16550A
[    2.598706] Linux agpgart interface v0.103
[    2.609723] Refined TSC clocksource calibration: 2292.936 MHz.
[    2.610468] Switching to clocksource tsc
[    2.658602] brd: module loaded
[    2.687835] loop: module loaded
[    2.762569]  vda: unknown partition table
[    2.832966] scsi0 : ata_piix
[    2.835130] scsi1 : ata_piix
[    2.837568] ata1: PATA max MWDMA2 cmd 0x1f0 ctl 0x3f6 bmdma 0xc0a0 irq 14
[    2.838493] ata2: PATA max MWDMA2 cmd 0x170 ctl 0x376 bmdma 0xc0a8 irq 15
[    2.850812] Fixed MDIO Bus: probed
[    2.851693] tun: Universal TUN/TAP device driver, 1.6
[    2.852852] tun: (C) 1999-2004 Max Krasnyansky &lt;maxk@qualcomm.com&gt;
[    2.871469] PPP generic driver version 2.4.2
[    2.901802] ehci_hcd: USB 2.0 'Enhanced' Host Controller (EHCI) Driver
[    2.903087] ohci_hcd: USB 1.1 'Open' Host Controller (OHCI) Driver
[    2.904152] uhci_hcd: USB Universal Host Controller Interface driver
[    2.905963] uhci_hcd 0000:00:01.2: PCI INT D -&gt; Link[LNKD] -&gt; GSI 11 (level, high) -&gt; IRQ 11
[    2.910015] uhci_hcd 0000:00:01.2: UHCI Host Controller
[    2.913464] uhci_hcd 0000:00:01.2: new USB bus registered, assigned bus number 1
[    2.914955] uhci_hcd 0000:00:01.2: irq 11, io base 0x0000c040
[    2.947313] hub 1-0:1.0: USB hub found
[    2.950559] hub 1-0:1.0: 2 ports detected
[    2.958538] usbcore: registered new interface driver libusual
[    2.963543] i8042: PNP: PS/2 Controller [PNP0303:KBD,PNP0f13:MOU] at 0x60,0x64 irq 1,12
[    2.974065] serio: i8042 KBD port at 0x60,0x64 irq 1
[    2.976088] serio: i8042 AUX port at 0x60,0x64 irq 12
[    3.023879] mousedev: PS/2 mouse device common for all mice
[    3.036022] input: AT Translated Set 2 keyboard as /devices/platform/i8042/serio0/input/input1
[    3.061011] rtc_cmos 00:01: RTC can wake from S4
[    3.076483] rtc_cmos 00:01: rtc core: registered rtc_cmos as rtc0
[    3.079918] rtc0: alarms up to one day, 114 bytes nvram, hpet irqs
[    3.087910] device-mapper: uevent: version 1.0.3
[    3.114335] ata2.01: ATAPI: QEMU DVD-ROM, 2.0.0, max UDMA/100
[    3.127053] device-mapper: ioctl: 4.22.0-ioctl (2011-10-19) initialised: dm-devel@redhat.com
[    3.131362] cpuidle: using governor ladder
[    3.132517] cpuidle: using governor menu
[    3.134394] EFI Variables Facility v0.08 2004-May-17
[    3.154587] TCP cubic registered
[    3.159468] NET: Registered protocol family 10
[    3.193592] NET: Registered protocol family 17
[    3.198017] Registering the dns_resolver key type
[    3.210763] ata2.01: configured for MWDMA2
[    3.254985] scsi 1:0:1:0: CD-ROM            QEMU     QEMU DVD-ROM     2.0. PQ: 0 ANSI: 5
[    3.321592] Freeing initrd memory: 3656k freed
[    3.333548] sr0: scsi3-mmc drive: 4x/4x cd/rw xa/form2 tray
[    3.335151] cdrom: Uniform CD-ROM driver Revision: 3.20
[    3.351389] sr 1:0:1:0: Attached scsi generic sg0 type 5
[    3.363992] registered taskstats version 1
[    3.866359]   Magic number: 11:764:265
[    3.877639] rtc_cmos 00:01: setting system clock to 2015-12-05 06:16:24 UTC (1449296184)
[    3.880226] powernow-k8: Processor cpuid 663 not supported
[    3.889062] BIOS EDD facility v0.16 2004-Jun-25, 0 devices found
[    3.891506] EDD information not available.
[    3.958416] Freeing unused kernel memory: 928k freed
[    3.969464] Write protecting the kernel read-only data: 12288k
[    4.089979] Freeing unused kernel memory: 1596k freed
[    4.166499] Freeing unused kernel memory: 1184k freed

info: initramfs: up at 4.34
modprobe: module virtio_blk not found in modules.dep
modprobe: module virtio_net not found in modules.dep
info: copying initramfs to /dev/vda
info: initramfs loading root from /dev/vda
info: /etc/init.d/rc.sysinit: up at 8.96
info: container: none
Starting logging: OK
modprobe: module virtio_blk not found in modules.dep
modprobe: module virtio_net not found in modules.dep
WARN: /etc/rc3.d/S10-load-modules failed
Initializing random number generator... done.
Starting acpid: OK
cirros-ds 'local' up at 11.41
found datasource (configdrive, local)
Starting network...
udhcpc (v1.20.1) started
Sending discover...
Sending discover...
Sending discover...
Usage: /sbin/cirros-dhcpc &lt;up|down&gt;
No lease, failing
WARN: /etc/rc3.d/S40-network failed
Starting dropbear sshd: generating rsa key... generating dsa key... OK
no userdata for datasource
=== system information ===
Platform: OpenStack Foundation OpenStack Nova
Container: none
Arch: x86_64
CPU(s): 1 @ 2292.449 MHz
Cores/Sockets/Threads: 1/1/1
Virt-type: AMD-V
RAM Size: 49MB
Disks:
NAME MAJ:MIN     SIZE LABEL         MOUNTPOINT
vda  253:0   25165824 cirros-rootfs /
sr0   11:0     428032 config-2      
=== sshd host keys ===
-----BEGIN SSH HOST KEY KEYS-----
ssh-rsa AAAAB3NzaC1yc2EAAAADAQABAAAAgwDY9fIUPuE4aMkGTjPUcsbKoF2Xd3qvzHs0cT9F0q3UcnTtfDe29L3QioBN7MgeW9Q+Xhh28rGaA0WX0YiCBcIISQz7eLgdgoXSF5PxMWDLPkUYt1tml5m0LDO4VhtxdRljMPrEbpV5KGUn891xcMfa6WL0qa++wCg7B0coXJ/nWyC3 root@tempest
ssh-dss AAAAB3NzaC1kc3MAAACBALjiVpBUIXdv9pEUhaPnnBEZtEsusiuvOYJr/KGsXH/qCSeef55PKq2wLF8ntD8GgS/Sej9j/hCFLqJTzDeA6caZdoQf6trlOt8KqqStz2xAg2qx+y6TtwAFFDoSVHAFiFmClC6bBIG3O+utA4H5XC9DwXzOJXwD61dvuHoY1nvRAAAAFQDwY+bTway4DcR+6iPaEVJfLUEU0QAAAIBVte7R6juMGRx3s+8JYQ4bfCbWSl1oJMNzyn6uDLONfwwzIrz8M7Zc2LafV3h7jYzQkhZFThDPRDgouJ5nr5ZHDwsK2SBlXYvsoMJIIa2Xg6yKkSM351TrF6pondPZDvW1dm/wIqL0zDDZWBMIT+RuGRTj60+R36tRXcXlBWt/dAAAAIBujpxU4dW1C/kNVdLO370dazEq9vKmfz3cj2ygS4wFPpM8s3SdzkALLCXayqZQnl0VTGVI9QZrvj5sSzJc8IgyreFjFX/a0MymEtiOb2iT9O/Hee0lSzVCaGjkHfQj6hsrMe83ZX9B/5H0JkYYsHvF7c0ve90ku77O91z4cbDoBw== root@tempest
-----END SSH HOST KEY KEYS-----
=== network info ===
if-info: lo,up,127.0.0.1,8,::1
if-info: eth0,up,,8,fe80::f816:3eff:fe24:7067
=== datasource: configdrive local ===
instance-id: b40a9ac4-4648-4124-b636-961ae4e09cec
name: tempest.common.compute-instance-293336719
availability-zone: nova
local-hostname: tempest.common.compute-instance-293336719.novalocal
launch-index: 0
=== cirros: current=0.3.4 uptime=200.69 ===
route: fscanf
=== pinging gateway failed, debugging connection ===
############ debug start ##############
### /etc/init.d/sshd start
Starting dropbear sshd: OK
route: fscanf
### ifconfig -a
eth0      Link encap:Ethernet  HWaddr FA:16:3E:24:70:67  
          inet6 addr: fe80::f816:3eff:fe24:7067/64 Scope:Link
          UP BROADCAST RUNNING MULTICAST  MTU:1500  Metric:1
          RX packets:12 errors:0 dropped:5 overruns:0 frame:0
          TX packets:8 errors:0 dropped:0 overruns:0 carrier:0
          collisions:0 txqueuelen:1000 
          RX bytes:1293 (1.2 KiB)  TX bytes:1134 (1.1 KiB)

lo        Link encap:Local Loopback  
          inet addr:127.0.0.1  Mask:255.0.0.0
          inet6 addr: ::1/128 Scope:Host
          UP LOOPBACK RUNNING  MTU:16436  Metric:1
          RX packets:12 errors:0 dropped:0 overruns:0 frame:0
          TX packets:12 errors:0 dropped:0 overruns:0 carrier:0
          collisions:0 txqueuelen:0 
          RX bytes:1020 (1020.0 B)  TX bytes:1020 (1020.0 B)

### route -n
Kernel IP routing table
Destination     Gateway         Genmask         Flags Metric Ref    Use Iface
route: fscanf
### cat /etc/resolv.conf
cat: can't open '/etc/resolv.conf': No such file or directory
### gateway not found
/sbin/cirros-status: line 1: can't open /etc/resolv.conf: no such file
### pinging nameservers
### uname -a
Linux tempest 3.2.0-80-virtual #116-Ubuntu SMP Mon Mar 23 17:28:52 UTC 2015 x86_64 GNU/Linux
### lsmod
Module                  Size  Used by    Not tainted
nls_iso8859_1          12713  0 
nls_cp437              16991  0 
vfat                   17585  0 
fat                    61512  1 vfat
isofs                  40259  0 
ip_tables              27473  0 
x_tables               29891  1 ip_tables
pcnet32                42119  0 
8139cp                 27360  0 
ne2k_pci               13691  0 
8390                   18856  1 ne2k_pci
e1000                 108589  0 
acpiphp                24231  0 
### dmesg | tail
[    5.214173] EXT3-fs (vda): mounted filesystem with ordered data mode
[    5.551049] ISO 9660 Extensions: Microsoft Joliet Level 3
[    5.613422] ISO 9660 Extensions: RRIP_1991A
[    5.851781] kjournald starting.  Commit interval 5 seconds
[    5.866963] EXT3-fs (vda): using internal journal
[    5.867116] EXT3-fs (vda): mounted filesystem with ordered data mode
[    9.016172] EXT3-fs (vda): using internal journal
[   12.161654] ISO 9660 Extensions: Microsoft Joliet Level 3
[   12.261698] ISO 9660 Extensions: RRIP_1991A
[   26.634744] eth0: no IPv6 routers present
### tail -n 25 /var/log/messages
Dec  5 06:16:31 cirros kern.info kernel: [    4.669216] acpiphp: Slot [26] registered
Dec  5 06:16:31 cirros kern.info kernel: [    4.669769] acpiphp: Slot [27] registered
Dec  5 06:16:31 cirros kern.info kernel: [    4.670315] acpiphp: Slot [28] registered
Dec  5 06:16:31 cirros kern.info kernel: [    4.670913] acpiphp: Slot [29] registered
Dec  5 06:16:31 cirros kern.info kernel: [    4.671267] acpiphp: Slot [30] registered
Dec  5 06:16:31 cirros kern.info kernel: [    4.671716] acpiphp: Slot [31] registered
Dec  5 06:16:31 cirros kern.info kernel: [    4.734564] e1000: Intel(R) PRO/1000 Network Driver - version 7.3.21-k8-NAPI
Dec  5 06:16:31 cirros kern.info kernel: [    4.734619] e1000: Copyright (c) 1999-2006 Intel Corporation.
Dec  5 06:16:31 cirros kern.info kernel: [    4.794251] ne2k-pci.c:v1.03 9/22/2003 D. Becker/P. Gortmaker
Dec  5 06:16:31 cirros kern.info kernel: [    4.862182] 8139cp: 8139cp: 10/100 PCI Ethernet driver v1.3 (Mar 22, 2004)
Dec  5 06:16:31 cirros kern.info kernel: [    4.901931] pcnet32: pcnet32.c:v1.35 21.Apr.2008 tsbogend@alpha.franken.de
Dec  5 06:16:31 cirros kern.info kernel: [    4.941586] ip_tables: (C) 2000-2006 Netfilter Core Team
Dec  5 06:16:31 cirros kern.info kernel: [    5.199184] kjournald starting.  Commit interval 5 seconds
Dec  5 06:16:31 cirros kern.info kernel: [    5.214173] EXT3-fs (vda): mounted filesystem with ordered data mode
Dec  5 06:16:31 cirros kern.debug kernel: [    5.551049] ISO 9660 Extensions: Microsoft Joliet Level 3
Dec  5 06:16:31 cirros kern.debug kernel: [    5.613422] ISO 9660 Extensions: RRIP_1991A
Dec  5 06:16:31 cirros kern.info kernel: [    5.851781] kjournald starting.  Commit interval 5 seconds
Dec  5 06:16:31 cirros kern.info kernel: [    5.866963] EXT3-fs (vda): using internal journal
Dec  5 06:16:31 cirros kern.info kernel: [    5.867116] EXT3-fs (vda): mounted filesystem with ordered data mode
Dec  5 06:16:31 cirros kern.info kernel: [    9.016172] EXT3-fs (vda): using internal journal
Dec  5 06:16:32 cirros kern.debug kernel: [   12.161654] ISO 9660 Extensions: Microsoft Joliet Level 3
Dec  5 06:16:32 cirros kern.debug kernel: [   12.261698] ISO 9660 Extensions: RRIP_1991A
Dec  5 06:16:35 cirros auth.notice su: + /dev/console root:cirros
Dec  5 06:16:47 cirros kern.debug kernel: [   26.634744] eth0: no IPv6 routers present
Dec  5 06:19:39 cirros authpriv.info dropbear[283]: Running in background
############ debug end   ##############
  ____               ____  ____
 / __/ __ ____ ____ / __ \/ __/
/ /__ / // __// __// /_/ /\ \ 
\___//_//_/  /_/   \____/___/ 
   http://cirros-cloud.net


login as 'cirros' user. default password: 'cubswin:)'. use 'sudo' for root.
tempest login: 
2015-12-05 06:19:52,017 20320 INFO     [tempest_lib.common.rest_client] Request (TestGettingAddress:_run_cleanups): 204 DELETE http://10.0.2.15:9696/v2.0/floatingips/2b8b92ea-1335-479f-99eb-01cabe4ead2a 0.282s
2015-12-05 06:19:52,017 20320 DEBUG    [tempest_lib.common.rest_client] Request - Headers: {'Content-Type': 'application/json', 'Accept': 'application/json', 'X-Auth-Token': '&lt;omitted&gt;'}
        Body: None
    Response - Headers: {'date': 'Sat, 05 Dec 2015 06:19:52 GMT', 'status': '204', 'connection': 'close', 'content-length': '0', 'x-openstack-request-id': 'req-4e6e738c-ccee-4d27-9127-2a0f0066d041'}
        Body: 
2015-12-05 06:19:52,245 20320 INFO     [tempest_lib.common.rest_client] Request (TestGettingAddress:_run_cleanups): 204 DELETE http://10.0.2.15:8774/v2.1/acd2cb0e6fd84937af601a89be98c509/servers/b40a9ac4-4648-4124-b636-961ae4e09cec 0.227s
2015-12-05 06:19:52,246 20320 DEBUG    [tempest_lib.common.rest_client] Request - Headers: {'Content-Type': 'application/json', 'Accept': 'application/json', 'X-Auth-Token': '&lt;omitted&gt;'}
        Body: None
    Response - Headers: {'status': '204', 'content-length': '0', 'x-compute-request-id': 'req-9b784fa5-61e2-472f-a691-46b6244d282b', 'vary': 'X-OpenStack-Nova-API-Version', 'connection': 'close', 'x-openstack-nova-api-version': '2.1', 'date': 'Sat, 05 Dec 2015 06:19:52 GMT', 'content-type': 'application/json'}
        Body: 
2015-12-05 06:19:52,472 20320 INFO     [tempest_lib.common.rest_client] Request (TestGettingAddress:_run_cleanups): 200 GET http://10.0.2.15:8774/v2.1/acd2cb0e6fd84937af601a89be98c509/servers/b40a9ac4-4648-4124-b636-961ae4e09cec 0.226s
2015-12-05 06:19:52,473 20320 DEBUG    [tempest_lib.common.rest_client] Request - Headers: {'Content-Type': 'application/json', 'Accept': 'application/json', 'X-Auth-Token': '&lt;omitted&gt;'}
        Body: None
    Response - Headers: {'status': '200', 'content-length': '1901', 'content-location': 'http://10.0.2.15:8774/v2.1/acd2cb0e6fd84937af601a89be98c509/servers/b40a9ac4-4648-4124-b636-961ae4e09cec', 'x-compute-request-id': 'req-aa4fced8-717c-4168-b670-0c2ac2b4d643', 'vary': 'X-OpenStack-Nova-API-Version', 'connection': 'close', 'x-openstack-nova-api-version': '2.1', 'date': 'Sat, 05 Dec 2015 06:19:52 GMT', 'content-type': 'application/json'}
        Body: {"server": {"status": "ACTIVE", "updated": "2015-12-05T06:19:52Z", "hostId": "a98bedfcbc962ea41e2aba708d1142d06ff02ff105391589e08ea8b9", "addresses": {"tempest-network-smoke--632141415": [{"OS-EXT-IPS-MAC:mac_addr": "fa:16:3e:24:70:67", "version": 6, "addr": "2003::f816:3eff:fe24:7067", "OS-EXT-IPS:type": "fixed"}, {"OS-EXT-IPS-MAC:mac_addr": "fa:16:3e:24:70:67", "version": 4, "addr": "10.100.0.3", "OS-EXT-IPS:type": "fixed"}, {"OS-EXT-IPS-MAC:mac_addr": "fa:16:3e:24:70:67", "version": 4, "addr": "172.24.4.4", "OS-EXT-IPS:type": "floating"}]}, "links": [{"href": "http://10.0.2.15:8774/v2.1/acd2cb0e6fd84937af601a89be98c509/servers/b40a9ac4-4648-4124-b636-961ae4e09cec", "rel": "self"}, {"href": "http://10.0.2.15:8774/acd2cb0e6fd84937af601a89be98c509/servers/b40a9ac4-4648-4124-b636-961ae4e09cec", "rel": "bookmark"}], "key_name": "tempest-TestGettingAddress-651858860", "image": {"id": "ba1ee645-7ec4-4b60-b294-e55b03402a84", "links": [{"href": "http://10.0.2.15:8774/acd2cb0e6fd84937af601a89be98c509/images/ba1ee645-7ec4-4b60-b294-e55b03402a84", "rel": "bookmark"}]}, "OS-EXT-STS:task_state": "deleting", "OS-EXT-STS:vm_state": "active", "OS-SRV-USG:launched_at": "2015-12-05T06:16:17.000000", "flavor": {"id": "42", "links": [{"href": "http://10.0.2.15:8774/acd2cb0e6fd84937af601a89be98c509/flavors/42", "rel": "bookmark"}]}, "id": "b40a9ac4-4648-4124-b636-961ae4e09cec", "security_groups": [{"name": "tempest-secgroup-smoke-339071068"}], "OS-SRV-USG:terminated_at": null, "OS-EXT-AZ:availability_zone": "nova", "user_id": "c793eaf972b044eda8dd0ef8a0783ba4", "name": "tempest.common.compute-instance-293336719", "created": "2015-12-05T06:16:14Z", "tenant_id": "acd2cb0e6fd84937af601a89be98c509", "OS-DCF:diskConfig": "MANUAL", "os-extended-volumes:volumes_attached": [], "accessIPv4": "", "accessIPv6": "", "progress": 0, "OS-EXT-STS:power_state": 1, "config_drive": "True", "metadata": {}}}
2015-12-05 06:19:53,627 20320 INFO     [tempest_lib.common.rest_client] Request (TestGettingAddress:_run_cleanups): 200 GET http://10.0.2.15:8774/v2.1/acd2cb0e6fd84937af601a89be98c509/servers/b40a9ac4-4648-4124-b636-961ae4e09cec 0.139s
2015-12-05 06:19:53,628 20320 DEBUG    [tempest_lib.common.rest_client] Request - Headers: {'Content-Type': 'application/json', 'Accept': 'application/json', 'X-Auth-Token': '&lt;omitted&gt;'}
        Body: None
    Response - Headers: {'status': '200', 'content-length': '1834', 'content-location': 'http://10.0.2.15:8774/v2.1/acd2cb0e6fd84937af601a89be98c509/servers/b40a9ac4-4648-4124-b636-961ae4e09cec', 'x-compute-request-id': 'req-ddf5c00a-34c4-4fee-b200-541c6ceec9a7', 'vary': 'X-OpenStack-Nova-API-Version', 'connection': 'close', 'x-openstack-nova-api-version': '2.1', 'date': 'Sat, 05 Dec 2015 06:19:53 GMT', 'content-type': 'application/json'}
        Body: {"server": {"status": "ACTIVE", "updated": "2015-12-05T06:19:53Z", "hostId": "a98bedfcbc962ea41e2aba708d1142d06ff02ff105391589e08ea8b9", "addresses": {"tempest-network-smoke--632141415": [{"OS-EXT-IPS-MAC:mac_addr": "fa:16:3e:24:70:67", "version": 6, "addr": "2003::f816:3eff:fe24:7067", "OS-EXT-IPS:type": "fixed"}, {"OS-EXT-IPS-MAC:mac_addr": "fa:16:3e:24:70:67", "version": 4, "addr": "10.100.0.3", "OS-EXT-IPS:type": "fixed"}, {"OS-EXT-IPS-MAC:mac_addr": "fa:16:3e:24:70:67", "version": 4, "addr": "172.24.4.4", "OS-EXT-IPS:type": "floating"}]}, "links": [{"href": "http://10.0.2.15:8774/v2.1/acd2cb0e6fd84937af601a89be98c509/servers/b40a9ac4-4648-4124-b636-961ae4e09cec", "rel": "self"}, {"href": "http://10.0.2.15:8774/acd2cb0e6fd84937af601a89be98c509/servers/b40a9ac4-4648-4124-b636-961ae4e09cec", "rel": "bookmark"}], "key_name": "tempest-TestGettingAddress-651858860", "image": {"id": "ba1ee645-7ec4-4b60-b294-e55b03402a84", "links": [{"href": "http://10.0.2.15:8774/acd2cb0e6fd84937af601a89be98c509/images/ba1ee645-7ec4-4b60-b294-e55b03402a84", "rel": "bookmark"}]}, "OS-EXT-STS:task_state": "deleting", "OS-EXT-STS:vm_state": "active", "OS-SRV-USG:launched_at": "2015-12-05T06:16:17.000000", "flavor": {"id": "42", "links": [{"href": "http://10.0.2.15:8774/acd2cb0e6fd84937af601a89be98c509/flavors/42", "rel": "bookmark"}]}, "id": "b40a9ac4-4648-4124-b636-961ae4e09cec", "OS-SRV-USG:terminated_at": null, "OS-EXT-AZ:availability_zone": "nova", "user_id": "c793eaf972b044eda8dd0ef8a0783ba4", "name": "tempest.common.compute-instance-293336719", "created": "2015-12-05T06:16:14Z", "tenant_id": "acd2cb0e6fd84937af601a89be98c509", "OS-DCF:diskConfig": "MANUAL", "os-extended-volumes:volumes_attached": [], "accessIPv4": "", "accessIPv6": "", "progress": 0, "OS-EXT-STS:power_state": 1, "config_drive": "True", "metadata": {}}}
2015-12-05 06:19:54,727 20320 INFO     [tempest_lib.common.rest_client] Request (TestGettingAddress:_run_cleanups): 404 GET http://10.0.2.15:8774/v2.1/acd2cb0e6fd84937af601a89be98c509/servers/b40a9ac4-4648-4124-b636-961ae4e09cec 0.088s
2015-12-05 06:19:54,728 20320 DEBUG    [tempest_lib.common.rest_client] Request - Headers: {'Content-Type': 'application/json', 'Accept': 'application/json', 'X-Auth-Token': '&lt;omitted&gt;'}
        Body: None
    Response - Headers: {'status': '404', 'content-length': '111', 'x-compute-request-id': 'req-82b0e381-f79c-4ce9-a815-2061e729c29d', 'vary': 'X-OpenStack-Nova-API-Version', 'connection': 'close', 'x-openstack-nova-api-version': '2.1', 'date': 'Sat, 05 Dec 2015 06:19:54 GMT', 'content-type': 'application/json; charset=UTF-8'}
        Body: {"itemNotFound": {"message": "Instance b40a9ac4-4648-4124-b636-961ae4e09cec could not be found.", "code": 404}}
2015-12-05 06:19:55,174 20320 INFO     [tempest_lib.common.rest_client] Request (TestGettingAddress:_run_cleanups): 200 PUT http://10.0.2.15:9696/v2.0/routers/61fc0ab2-8391-4298-86b3-c19752ccbcac/remove_router_interface 0.445s
2015-12-05 06:19:55,174 20320 DEBUG    [tempest_lib.common.rest_client] Request - Headers: {'Content-Type': 'application/json', 'Accept': 'application/json', 'X-Auth-Token': '&lt;omitted&gt;'}
        Body: {"subnet_id": "01b15552-b68c-4b1f-b560-afd5eeed985d"}
    Response - Headers: {'status': '200', 'content-length': '255', 'connection': 'close', 'date': 'Sat, 05 Dec 2015 06:19:55 GMT', 'content-type': 'application/json; charset=UTF-8', 'x-openstack-request-id': 'req-ad48f3ab-3d81-4a75-942f-0d513f30e0aa'}
        Body: {"subnet_id": "01b15552-b68c-4b1f-b560-afd5eeed985d", "tenant_id": "acd2cb0e6fd84937af601a89be98c509", "subnet_ids": ["01b15552-b68c-4b1f-b560-afd5eeed985d"], "port_id": "5d8c5329-bf07-4d50-9403-def9c12f22dc", "id": "61fc0ab2-8391-4298-86b3-c19752ccbcac"}
2015-12-05 06:19:55,912 20320 INFO     [tempest_lib.common.rest_client] Request (TestGettingAddress:_run_cleanups): 204 DELETE http://10.0.2.15:9696/v2.0/subnets/01b15552-b68c-4b1f-b560-afd5eeed985d 0.736s
2015-12-05 06:19:55,912 20320 DEBUG    [tempest_lib.common.rest_client] Request - Headers: {'Content-Type': 'application/json', 'Accept': 'application/json', 'X-Auth-Token': '&lt;omitted&gt;'}
        Body: None
    Response - Headers: {'date': 'Sat, 05 Dec 2015 06:19:55 GMT', 'status': '204', 'connection': 'close', 'content-length': '0', 'x-openstack-request-id': 'req-bd66d850-a7a8-4378-a780-9d3fc7a5827a'}
        Body: 
2015-12-05 06:19:55,965 20320 INFO     [tempest_lib.common.rest_client] Request (TestGettingAddress:_run_cleanups): 404 DELETE http://10.0.2.15:9696/v2.0/subnets/01b15552-b68c-4b1f-b560-afd5eeed985d 0.052s
2015-12-05 06:19:55,965 20320 DEBUG    [tempest_lib.common.rest_client] Request - Headers: {'Content-Type': 'application/json', 'Accept': 'application/json', 'X-Auth-Token': '&lt;omitted&gt;'}
        Body: None
    Response - Headers: {'status': '404', 'content-length': '136', 'connection': 'close', 'date': 'Sat, 05 Dec 2015 06:19:55 GMT', 'content-type': 'application/json; charset=UTF-8', 'x-openstack-request-id': 'req-f542eae5-1da5-467f-94ac-90db8376168e'}
        Body: {"NeutronError": {"message": "Subnet 01b15552-b68c-4b1f-b560-afd5eeed985d could not be found.", "type": "SubnetNotFound", "detail": ""}}
