<?xml version="1.0" encoding="UTF-8"?>
<!DOCTYPE html PUBLIC "-//W3C//DTD XHTML 1.0 Strict//EN"
     "http://www.w3.org/TR/xhtml1/DTD/xhtml1-strict.dtd">
<html xmlns="http://www.w3.org/1999/xhtml">
<head>
    <title>Unit Test Report</title>
    <meta name="generator" content="subunit2html 0.1"/>
    <meta http-equiv="Content-Type" content="text/html; charset=UTF-8"/>
    
<style type="text/css" media="screen">
body        { font-family: verdana, arial, helvetica, sans-serif;
    font-size: 80%; }
table       { font-size: 100%; width: 100%;}
pre         { font-size: 80%; }

/* -- heading -------------------------------------------------------------- */
h1 {
        font-size: 16pt;
        color: gray;
}
.heading {
    margin-top: 0ex;
    margin-bottom: 1ex;
}

.heading .attribute {
    margin-top: 1ex;
    margin-bottom: 0;
}

.heading .description {
    margin-top: 4ex;
    margin-bottom: 6ex;
}

/* -- css div popup -------------------------------------------------------- */
a.popup_link {
}

a.popup_link:hover {
    color: red;
}

.popup_window {
    display: none;
    overflow-x: scroll;
    /*border: solid #627173 1px; */
    padding: 10px;
    background-color: #E6E6D6;
    font-family: "Ubuntu Mono", "Lucida Console", "Courier New", monospace;
    text-align: left;
    font-size: 8pt;
}

}
/* -- report --------------------------------------------------------------- */
#show_detail_line {
    margin-top: 3ex;
    margin-bottom: 1ex;
}
#result_table {
    width: 100%;
    border-collapse: collapse;
    border: 1px solid #777;
}
#header_row {
    font-weight: bold;
    color: white;
    background-color: #777;
}
#result_table td {
    border: 1px solid #777;
    padding: 2px;
}
#total_row  { font-weight: bold; }
.passClass  { background-color: #6c6; }
.failClass  { background-color: #c60; }
.errorClass { background-color: #c00; }
.passCase   { color: #6c6; }
.failCase   { color: #c60; font-weight: bold; }
.errorCase  { color: #c00; font-weight: bold; }
.hiddenRow  { display: none; }
.testcase   { margin-left: 2em; }
td.testname {width: 40%}
td.small {width: 40px}

/* -- ending --------------------------------------------------------------- */
#ending {
}

</style>

</head>
<body>
<script language="javascript" type="text/javascript"><!--
output_list = Array();

/* level - 0:Summary; 1:Failed; 2:All */
function showCase(level) {
    trs = document.getElementsByTagName("tr");
    for (var i = 0; i < trs.length; i++) {
        tr = trs[i];
        id = tr.id;
        if (id.substr(0,2) == 'ft') {
            if (level < 1) {
                tr.className = 'hiddenRow';
            }
            else {
                tr.className = '';
            }
        }
        if (id.substr(0,2) == 'pt') {
            if (level > 1) {
                tr.className = '';
            }
            else {
                tr.className = 'hiddenRow';
            }
        }
    }
}


function showClassDetail(cid, count) {
    var id_list = Array(count);
    var toHide = 1;
    for (var i = 0; i < count; i++) {
        tid0 = 't' + cid.substr(1) + '.' + (i+1);
        tid = 'f' + tid0;
        tr = document.getElementById(tid);
        if (!tr) {
            tid = 'p' + tid0;
            tr = document.getElementById(tid);
        }
        id_list[i] = tid;
        if (tr.className) {
            toHide = 0;
        }
    }
    for (var i = 0; i < count; i++) {
        tid = id_list[i];
        if (toHide) {
            document.getElementById('div_'+tid).style.display = 'none'
            document.getElementById(tid).className = 'hiddenRow';
        }
        else {
            document.getElementById(tid).className = '';
        }
    }
}


function showTestDetail(div_id){
    var details_div = document.getElementById(div_id)
    var displayState = details_div.style.display
    // alert(displayState)
    if (displayState != 'block' ) {
        displayState = 'block'
        details_div.style.display = 'block'
    }
    else {
        details_div.style.display = 'none'
    }
}


function html_escape(s) {
    s = s.replace(/&/g,'&amp;');
    s = s.replace(/</g,'&lt;');
    s = s.replace(/>/g,'&gt;');
    return s;
}

/* obsoleted by detail in <div>
function showOutput(id, name) {
    var w = window.open("", //url
                    name,
                    "resizable,scrollbars,status,width=800,height=450");
    d = w.document;
    d.write("<pre>");
    d.write(html_escape(output_list[id]));
    d.write("\n");
    d.write("<a href='javascript:window.close()'>close</a>\n");
    d.write("</pre>\n");
    d.close();
}
*/
--></script>

<div class='heading'>
<h1>Unit Test Report</h1>

<p class='attribute'><strong>Status:</strong> Failure 8</p>

<p class='description'></p>
</div>



<p id='show_detail_line'>Show
<a href='javascript:showCase(0)'>Summary</a>
<a href='javascript:showCase(1)'>Failed</a>
<a href='javascript:showCase(2)'>All</a>
</p>
<table id='result_table'>
<colgroup>
<col align='left' />
<col align='right' />
<col align='right' />
<col align='right' />
<col align='right' />
<col align='right' />
<col align='right' />
<col align='right' />
</colgroup>
<tr id='header_row'>
    <td>Test Group/Test case</td>
    <td>Count</td>
    <td>Pass</td>
    <td>Fail</td>
    <td>Error</td>
    <td>Skip</td>
    <td>View</td>
    <td> </td>
</tr>

<tr class='failClass'>
    <td class="testname">tempest.scenario.test_network_v6.TestGettingAddress</td>
    <td class="small">8</td>
    <td class="small">0</td>
    <td class="small">8</td>
    <td class="small">0</td>
    <td class="small">0</td>
    <td class="small"><a href="javascript:showClassDetail('c1',8)"
>Detail</a></td>
    <td> </td>
</tr>

<tr id='ft1.1' class='none'>
    <td class='failCase'><div class='testcase'>test_dhcp6_stateless_from_os[compute,id-d7e1f858-187c-45a6-89c9-bdafde619a9f,network]</div></td>
    <td colspan='7' align='left'>

    <!--css div popup start-->
    <a class="popup_link" onfocus='this.blur();'
    href="javascript:showTestDetail('div_ft1.1')" >
        fail</a>

    <div id='div_ft1.1' class="popup_window">
        <div style='text-align: right; color:red;cursor:pointer'>
        <a onfocus='this.blur();'
onclick="document.getElementById('div_ft1.1').style.display = 'none' " >
           [x]</a>
        </div>
        <pre>
        
ft1.1: tempest.scenario.test_network_v6.TestGettingAddress.test_dhcp6_stateless_from_os[compute,id-d7e1f858-187c-45a6-89c9-bdafde619a9f,network]_StringException: Empty attachments:
  stderr
  stdout

pythonlogging:'': {{{
2015-12-25 15:46:15,020 21170 INFO     [tempest_lib.common.rest_client] Request (TestGettingAddress:setUp): 200 POST http://10.0.2.15:8774/v2.1/bebf5370fb8e4e498ef4ff221801dcf3/os-keypairs 0.370s
2015-12-25 15:46:15,021 21170 DEBUG    [tempest_lib.common.rest_client] Request - Headers: {'Content-Type': 'application/json', 'Accept': 'application/json', 'X-Auth-Token': '&lt;omitted&gt;'}
        Body: {"keypair": {"name": "tempest-TestGettingAddress-2047088365"}}
    Response - Headers: {'status': '200', 'content-length': '2320', 'x-compute-request-id': 'req-25424edc-435c-4bbc-8b7a-894095cb4e64', 'vary': 'X-OpenStack-Nova-API-Version', 'connection': 'close', 'x-openstack-nova-api-version': '2.1', 'date': 'Fri, 25 Dec 2015 15:46:15 GMT', 'content-type': 'application/json'}
        Body: {"keypair": {"public_key": "ssh-rsa AAAAB3NzaC1yc2EAAAADAQABAAABAQDcx9YnjNkrOyMlw15pt92kWNdWBXftZYFUPB0TnOUTlYlB/GyLr7+euGxLM4AC3SEyzfmY+hdcySFnGHfF3MyZzg365Mw1aRdndtqv7SaBt2gEao0oUOR3QJ/WEINo7FqvpUOJK1RwB8LJovXUQGS4Z5/On4cE7arGNKC2TZXE9MQTQ7hkTRtlL3h0UrSj9iFIhKoFfQA5NgWtKpw66tUY31oyLraxJMMbUsHe18y+3yFxMpQ1M5R8duWkZhl8i1P5dkVCADSk6OtKFLxUZGn+D70qWkY/LnSALvIqEusnykJp87ezXPRotXTtJXgMwGodReX1e7I79D7nqhvrT/+3 Generated-by-Nova", "private_key": "-----BEGIN RSA PRIVATE KEY-----\nMIIEqAIBAAKCAQEA3MfWJ4zZKzsjJcNeabfdpFjXVgV37WWBVDwdE5zlE5WJQfxs\ni6+/nrhsSzOAAt0hMs35mPoXXMkhZxh3xdzMmc4N+uTMNWkXZ3bar+0mgbdoBGqN\nKFDkd0Cf1hCDaOxar6VDiStUcAfCyaL11EBkuGefzp+HBO2qxjSgtk2VxPTEE0O4\nZE0bZS94dFK0o/YhSISqBX0AOTYFrSqcOurVGN9aMi62sSTDG1LB3tfMvt8hcTKU\nNTOUfHblpGYZfItT+XZFQgA0pOjrShS8VGRp/g+9KlpGPy50gC7yKhLrJ8pCafO3\ns1z0aLV07SV4DMBqHUXl9XuyO/Q+56ob60//twIDAQABAoIBAEgjq+AEb7lme1eN\nfL4CbBOVS9c5tjQFpLqHYeDUtS0vAUhkWHtUE8Ki9A+mZj+JTZ2yG8pWfWe9+IId\nRpWKTfg7kenW9LrG+fS+qzosvRZJfV1kC3eO5vfoT9G8V5PjFsaps2WQmOh6QLVt\n3/FYkRCIG3mCOrXrio91BsZKl5Ng44Y2OeA6BgudetYgWX+CJ0hObIBmjCN9TmA4\nd0MHKKwu51TGKH0fenfNlJ3WkloCdQ8pDASw4XtGQ2mFH23151Cugmot9cuwRK5H\n8tdmVFvtiDhA3R7vgmswZr53WXTUgPzpdkSmLQIQj254ah+QtJqr5hkVEWTe65nu\nQpkcbtECggCBAOnkMYPcYtV206dgMWM4s3vIeahElj5X1ZO3gjtXGYLZzlsNtZfy\nsyJT2Nli2kTX9+aYQ6ov7SnAfVSR03d+XJP3Nn1v9CKWnGwfBbCjjLsOgl2yO/Fy\nwVTqE770+w0zxGC65VWHFOBmeGlxMOZn2xK08b/LDcz4pbzVRVkqblRDAoIAgQDx\npmIJzI+Okp+MFIvdGbuYfOPz7IYbu3BYvZqEYLdiCNgxedxCESXEjnmj3un+lQ0Q\n5ACLmtGd08SZRrB16iFkqso6VtYnmkPKC+WlDgES3/DJiOPbGeLEK/AXgnzKUkBL\nfaEyvCoHJHtuVonmsNc7lY9Er8JWqrY/BOkFtTOJfQKCAIEA1dEOkwT+NTcT9ocx\nnwtOyXJUBUfuMcAKN6gjHixZ3g1PYF4ADJCKwm70ZobAEv98WQoJkaOOpAScjpth\nPnP+HiZ5YeLexF/7T7xsbzaUiMyS0SUHN4s4wm/a7U730vHoLKWu0alTpHEI0xvv\nIDMBSvCvsC3ox+DnYuF1LDZl9hECggCAfc0GoN9TpP+D++L+ZR5uYRYzfdsWff14\noVojxOKs1WaRVkCAgAx5QviBLuRvoM9ru+1Ws1bn5WhHoxv/5YL723JmUTS/zGIt\nBFRpOyItQOxAaErRhFDXkxTkqviNiq6DNkmyz7zRjGJbt7dplyVdB3H24eU2IPRC\naFBgF06cA+kCggCAOQLStYanATrWMLF5wlc4iczoMM/AiTY5SB4IkhdykAq3xmmo\nX1X2dOL1hzTuVUqDCWv/JfD52pV7QdrJdEcD05BAirkjXYr3YgM0HogFYthvqqYH\nuJQnneyPdiaW6upjxqRsw+lO09vInun+0b4r7wtrbtU76KU1w/Msc3bArLc=\n-----END RSA PRIVATE KEY-----\n", "user_id": "0d45846e1db24b0c99cae2e69cee5ceb", "name": "tempest-TestGettingAddress-2047088365", "fingerprint": "64:7f:06:cf:06:6a:10:62:7e:45:b1:ce:72:01:88:15"}}
2015-12-25 15:46:15,387 21170 INFO     [tempest_lib.common.rest_client] Request (TestGettingAddress:setUp): 201 POST http://10.0.2.15:9696/v2.0/security-groups 0.361s
2015-12-25 15:46:15,387 21170 DEBUG    [tempest_lib.common.rest_client] Request - Headers: {'Content-Type': 'application/json', 'Accept': 'application/json', 'X-Auth-Token': '&lt;omitted&gt;'}
        Body: {"security_group": {"tenant_id": "bebf5370fb8e4e498ef4ff221801dcf3", "description": "tempest-secgroup-smoke-1228393823 description", "name": "tempest-secgroup-smoke-1228393823"}}
    Response - Headers: {'status': '201', 'content-length': '888', 'connection': 'close', 'date': 'Fri, 25 Dec 2015 15:46:15 GMT', 'content-type': 'application/json; charset=UTF-8', 'x-openstack-request-id': 'req-91f5b55c-8f66-47db-8f59-18101f711279'}
        Body: {"security_group": {"tenant_id": "bebf5370fb8e4e498ef4ff221801dcf3", "description": "tempest-secgroup-smoke-1228393823 description", "id": "89bc7d52-e22f-46d6-8eab-3c978a8a9512", "security_group_rules": [{"remote_group_id": null, "direction": "egress", "remote_ip_prefix": null, "protocol": null, "ethertype": "IPv4", "tenant_id": "bebf5370fb8e4e498ef4ff221801dcf3", "port_range_max": null, "port_range_min": null, "id": "828f407e-0412-4d69-a8d9-92e8e15f6fc2", "security_group_id": "89bc7d52-e22f-46d6-8eab-3c978a8a9512"}, {"remote_group_id": null, "direction": "egress", "remote_ip_prefix": null, "protocol": null, "ethertype": "IPv6", "tenant_id": "bebf5370fb8e4e498ef4ff221801dcf3", "port_range_max": null, "port_range_min": null, "id": "61d175ef-c129-431e-8663-a3d1cc55b4ce", "security_group_id": "89bc7d52-e22f-46d6-8eab-3c978a8a9512"}], "name": "tempest-secgroup-smoke-1228393823"}}
2015-12-25 15:46:15,518 21170 INFO     [tempest_lib.common.rest_client] Request (TestGettingAddress:setUp): 201 POST http://10.0.2.15:9696/v2.0/security-group-rules 0.128s
2015-12-25 15:46:15,519 21170 DEBUG    [tempest_lib.common.rest_client] Request - Headers: {'Content-Type': 'application/json', 'Accept': 'application/json', 'X-Auth-Token': '&lt;omitted&gt;'}
        Body: {"security_group_rule": {"direction": "ingress", "protocol": "tcp", "tenant_id": "bebf5370fb8e4e498ef4ff221801dcf3", "port_range_max": 22, "security_group_id": "89bc7d52-e22f-46d6-8eab-3c978a8a9512", "port_range_min": 22}}
    Response - Headers: {'status': '201', 'content-length': '340', 'connection': 'close', 'date': 'Fri, 25 Dec 2015 15:46:15 GMT', 'content-type': 'application/json; charset=UTF-8', 'x-openstack-request-id': 'req-2623b397-a783-41d2-858b-37f4c6e88114'}
        Body: {"security_group_rule": {"remote_group_id": null, "direction": "ingress", "remote_ip_prefix": null, "protocol": "tcp", "ethertype": "IPv4", "tenant_id": "bebf5370fb8e4e498ef4ff221801dcf3", "port_range_max": 22, "port_range_min": 22, "id": "1920a9c6-877a-4d2e-8987-01000de4a5cb", "security_group_id": "89bc7d52-e22f-46d6-8eab-3c978a8a9512"}}
2015-12-25 15:46:15,646 21170 INFO     [tempest_lib.common.rest_client] Request (TestGettingAddress:setUp): 201 POST http://10.0.2.15:9696/v2.0/security-group-rules 0.126s
2015-12-25 15:46:15,647 21170 DEBUG    [tempest_lib.common.rest_client] Request - Headers: {'Content-Type': 'application/json', 'Accept': 'application/json', 'X-Auth-Token': '&lt;omitted&gt;'}
        Body: {"security_group_rule": {"direction": "egress", "protocol": "tcp", "tenant_id": "bebf5370fb8e4e498ef4ff221801dcf3", "port_range_max": 22, "security_group_id": "89bc7d52-e22f-46d6-8eab-3c978a8a9512", "port_range_min": 22}}
    Response - Headers: {'status': '201', 'content-length': '339', 'connection': 'close', 'date': 'Fri, 25 Dec 2015 15:46:15 GMT', 'content-type': 'application/json; charset=UTF-8', 'x-openstack-request-id': 'req-74c09a47-c515-4e9d-8943-df1afda4666a'}
        Body: {"security_group_rule": {"remote_group_id": null, "direction": "egress", "remote_ip_prefix": null, "protocol": "tcp", "ethertype": "IPv4", "tenant_id": "bebf5370fb8e4e498ef4ff221801dcf3", "port_range_max": 22, "port_range_min": 22, "id": "d70468e1-d9f0-4349-80d4-dd2c345ba181", "security_group_id": "89bc7d52-e22f-46d6-8eab-3c978a8a9512"}}
2015-12-25 15:46:15,772 21170 INFO     [tempest_lib.common.rest_client] Request (TestGettingAddress:setUp): 201 POST http://10.0.2.15:9696/v2.0/security-group-rules 0.124s
2015-12-25 15:46:15,773 21170 DEBUG    [tempest_lib.common.rest_client] Request - Headers: {'Content-Type': 'application/json', 'Accept': 'application/json', 'X-Auth-Token': '&lt;omitted&gt;'}
        Body: {"security_group_rule": {"tenant_id": "bebf5370fb8e4e498ef4ff221801dcf3", "direction": "ingress", "protocol": "icmp", "security_group_id": "89bc7d52-e22f-46d6-8eab-3c978a8a9512"}}
    Response - Headers: {'status': '201', 'content-length': '345', 'connection': 'close', 'date': 'Fri, 25 Dec 2015 15:46:15 GMT', 'content-type': 'application/json; charset=UTF-8', 'x-openstack-request-id': 'req-42708d37-ad06-49f4-aa55-94bb3f346aa7'}
        Body: {"security_group_rule": {"remote_group_id": null, "direction": "ingress", "remote_ip_prefix": null, "protocol": "icmp", "ethertype": "IPv4", "tenant_id": "bebf5370fb8e4e498ef4ff221801dcf3", "port_range_max": null, "port_range_min": null, "id": "4c22888d-a0e2-4add-bbd6-491d38aca7f0", "security_group_id": "89bc7d52-e22f-46d6-8eab-3c978a8a9512"}}
2015-12-25 15:46:15,894 21170 INFO     [tempest_lib.common.rest_client] Request (TestGettingAddress:setUp): 201 POST http://10.0.2.15:9696/v2.0/security-group-rules 0.119s
2015-12-25 15:46:15,895 21170 DEBUG    [tempest_lib.common.rest_client] Request - Headers: {'Content-Type': 'application/json', 'Accept': 'application/json', 'X-Auth-Token': '&lt;omitted&gt;'}
        Body: {"security_group_rule": {"tenant_id": "bebf5370fb8e4e498ef4ff221801dcf3", "direction": "egress", "protocol": "icmp", "security_group_id": "89bc7d52-e22f-46d6-8eab-3c978a8a9512"}}
    Response - Headers: {'status': '201', 'content-length': '344', 'connection': 'close', 'date': 'Fri, 25 Dec 2015 15:46:15 GMT', 'content-type': 'application/json; charset=UTF-8', 'x-openstack-request-id': 'req-a3803ef6-827b-44c8-9197-8055b507741b'}
        Body: {"security_group_rule": {"remote_group_id": null, "direction": "egress", "remote_ip_prefix": null, "protocol": "icmp", "ethertype": "IPv4", "tenant_id": "bebf5370fb8e4e498ef4ff221801dcf3", "port_range_max": null, "port_range_min": null, "id": "56809158-3a72-430a-89a3-831f0b849c4b", "security_group_id": "89bc7d52-e22f-46d6-8eab-3c978a8a9512"}}
2015-12-25 15:46:16,173 21170 INFO     [tempest_lib.common.rest_client] Request (TestGettingAddress:setUp): 201 POST http://10.0.2.15:9696/v2.0/security-group-rules 0.277s
2015-12-25 15:46:16,174 21170 DEBUG    [tempest_lib.common.rest_client] Request - Headers: {'Content-Type': 'application/json', 'Accept': 'application/json', 'X-Auth-Token': '&lt;omitted&gt;'}
        Body: {"security_group_rule": {"tenant_id": "bebf5370fb8e4e498ef4ff221801dcf3", "direction": "ingress", "security_group_id": "89bc7d52-e22f-46d6-8eab-3c978a8a9512", "protocol": "icmp", "ethertype": "IPv6"}}
    Response - Headers: {'status': '201', 'content-length': '345', 'connection': 'close', 'date': 'Fri, 25 Dec 2015 15:46:16 GMT', 'content-type': 'application/json; charset=UTF-8', 'x-openstack-request-id': 'req-1adb55c8-80c9-4410-8289-59ec5e4aa705'}
        Body: {"security_group_rule": {"remote_group_id": null, "direction": "ingress", "remote_ip_prefix": null, "protocol": "icmp", "ethertype": "IPv6", "tenant_id": "bebf5370fb8e4e498ef4ff221801dcf3", "port_range_max": null, "port_range_min": null, "id": "71d8f741-5ab3-43bf-8182-fb08891b5d8e", "security_group_id": "89bc7d52-e22f-46d6-8eab-3c978a8a9512"}}
2015-12-25 15:46:16,288 21170 INFO     [tempest_lib.common.rest_client] Request (TestGettingAddress:setUp): 201 POST http://10.0.2.15:9696/v2.0/security-group-rules 0.112s
2015-12-25 15:46:16,289 21170 DEBUG    [tempest_lib.common.rest_client] Request - Headers: {'Content-Type': 'application/json', 'Accept': 'application/json', 'X-Auth-Token': '&lt;omitted&gt;'}
        Body: {"security_group_rule": {"tenant_id": "bebf5370fb8e4e498ef4ff221801dcf3", "direction": "egress", "security_group_id": "89bc7d52-e22f-46d6-8eab-3c978a8a9512", "protocol": "icmp", "ethertype": "IPv6"}}
    Response - Headers: {'status': '201', 'content-length': '344', 'connection': 'close', 'date': 'Fri, 25 Dec 2015 15:46:16 GMT', 'content-type': 'application/json; charset=UTF-8', 'x-openstack-request-id': 'req-e3b032a4-b19b-4b30-b230-c420a3e19c8d'}
        Body: {"security_group_rule": {"remote_group_id": null, "direction": "egress", "remote_ip_prefix": null, "protocol": "icmp", "ethertype": "IPv6", "tenant_id": "bebf5370fb8e4e498ef4ff221801dcf3", "port_range_max": null, "port_range_min": null, "id": "650ec9e1-4381-4fb4-aa9b-cbf3b5d3dd0c", "security_group_id": "89bc7d52-e22f-46d6-8eab-3c978a8a9512"}}
2015-12-25 15:46:16,463 21170 INFO     [tempest_lib.common.rest_client] Request (TestGettingAddress:test_dhcp6_stateless_from_os): 201 POST http://10.0.2.15:9696/v2.0/networks 0.172s
2015-12-25 15:46:16,464 21170 DEBUG    [tempest_lib.common.rest_client] Request - Headers: {'Content-Type': 'application/json', 'Accept': 'application/json', 'X-Auth-Token': '&lt;omitted&gt;'}
        Body: {"network": {"tenant_id": "bebf5370fb8e4e498ef4ff221801dcf3", "name": "tempest-network-smoke--1381829530"}}
    Response - Headers: {'status': '201', 'content-length': '327', 'connection': 'close', 'date': 'Fri, 25 Dec 2015 15:46:16 GMT', 'content-type': 'application/json; charset=UTF-8', 'x-openstack-request-id': 'req-c1016c15-0c5b-47e2-9d96-b59f871aa154'}
        Body: {"network": {"status": "ACTIVE", "subnets": [], "availability_zone_hints": [], "name": "tempest-network-smoke--1381829530", "admin_state_up": true, "tenant_id": "bebf5370fb8e4e498ef4ff221801dcf3", "mtu": 0, "router:external": false, "shared": false, "port_security_enabled": true, "id": "1eb801fc-d6b9-4d38-a895-4cd14a17f598"}}
2015-12-25 15:46:16,725 21170 INFO     [tempest_lib.common.rest_client] Request (TestGettingAddress:test_dhcp6_stateless_from_os): 200 GET http://10.0.2.15:9696/v2.0/subnets?tenant_id=bebf5370fb8e4e498ef4ff221801dcf3&amp;cidr=10.100.0.0%2F28 0.259s
2015-12-25 15:46:16,726 21170 DEBUG    [tempest_lib.common.rest_client] Request - Headers: {'Content-Type': 'application/json', 'Accept': 'application/json', 'X-Auth-Token': '&lt;omitted&gt;'}
        Body: None
    Response - Headers: {'status': '200', 'content-length': '15', 'content-location': 'http://10.0.2.15:9696/v2.0/subnets?tenant_id=bebf5370fb8e4e498ef4ff221801dcf3&amp;cidr=10.100.0.0%2F28', 'connection': 'close', 'date': 'Fri, 25 Dec 2015 15:46:16 GMT', 'content-type': 'application/json; charset=UTF-8', 'x-openstack-request-id': 'req-2857b263-455e-4ae1-bb4f-17f6d07e22d8'}
        Body: {"subnets": []}
2015-12-25 15:46:17,177 21170 INFO     [tempest_lib.common.rest_client] Request (TestGettingAddress:test_dhcp6_stateless_from_os): 201 POST http://10.0.2.15:9696/v2.0/subnets 0.449s
2015-12-25 15:46:17,178 21170 DEBUG    [tempest_lib.common.rest_client] Request - Headers: {'Content-Type': 'application/json', 'Accept': 'application/json', 'X-Auth-Token': '&lt;omitted&gt;'}
        Body: {"subnet": {"ip_version": 4, "tenant_id": "bebf5370fb8e4e498ef4ff221801dcf3", "cidr": "10.100.0.0/28", "network_id": "1eb801fc-d6b9-4d38-a895-4cd14a17f598", "name": "tempest-sub4-930486962"}}
    Response - Headers: {'status': '201', 'content-length': '469', 'connection': 'close', 'date': 'Fri, 25 Dec 2015 15:46:17 GMT', 'content-type': 'application/json; charset=UTF-8', 'x-openstack-request-id': 'req-299542af-7bc0-4001-b918-727e1edde684'}
        Body: {"subnet": {"name": "tempest-sub4-930486962", "enable_dhcp": true, "network_id": "1eb801fc-d6b9-4d38-a895-4cd14a17f598", "tenant_id": "bebf5370fb8e4e498ef4ff221801dcf3", "dns_nameservers": [], "gateway_ip": "10.100.0.1", "ipv6_ra_mode": null, "allocation_pools": [{"start": "10.100.0.2", "end": "10.100.0.14"}], "host_routes": [], "ip_version": 4, "ipv6_address_mode": null, "cidr": "10.100.0.0/28", "id": "c1fb2fcd-1736-46b0-84fc-654b564f0b40", "subnetpool_id": null}}
2015-12-25 15:46:17,253 21170 INFO     [tempest_lib.common.rest_client] Request (TestGettingAddress:test_dhcp6_stateless_from_os): 201 POST http://10.0.2.15:9696/v2.0/routers 0.074s
2015-12-25 15:46:17,254 21170 DEBUG    [tempest_lib.common.rest_client] Request - Headers: {'Content-Type': 'application/json', 'Accept': 'application/json', 'X-Auth-Token': '&lt;omitted&gt;'}
        Body: {"router": {"tenant_id": "bebf5370fb8e4e498ef4ff221801dcf3", "name": "tempest-router-smoke-249243976", "admin_state_up": true}}
    Response - Headers: {'status': '201', 'content-length': '295', 'connection': 'close', 'date': 'Fri, 25 Dec 2015 15:46:17 GMT', 'content-type': 'application/json; charset=UTF-8', 'x-openstack-request-id': 'req-b32e1b5b-6a53-4159-829e-c468b4e963a8'}
        Body: {"router": {"status": "ACTIVE", "external_gateway_info": null, "availability_zone_hints": [], "availability_zones": [], "name": "tempest-router-smoke-249243976", "admin_state_up": true, "tenant_id": "bebf5370fb8e4e498ef4ff221801dcf3", "routes": [], "id": "faa412a8-4ad7-4a28-81b5-ba14662a7597"}}
2015-12-25 15:46:17,301 21170 INFO     [tempest_lib.common.rest_client] Request (TestGettingAddress:test_dhcp6_stateless_from_os): 200 GET http://10.0.2.15:9696/v2.0/routers/faa412a8-4ad7-4a28-81b5-ba14662a7597 0.046s
2015-12-25 15:46:17,302 21170 DEBUG    [tempest_lib.common.rest_client] Request - Headers: {'Content-Type': 'application/json', 'Accept': 'application/json', 'X-Auth-Token': '&lt;omitted&gt;'}
        Body: None
    Response - Headers: {'status': '200', 'content-length': '295', 'content-location': 'http://10.0.2.15:9696/v2.0/routers/faa412a8-4ad7-4a28-81b5-ba14662a7597', 'connection': 'close', 'date': 'Fri, 25 Dec 2015 15:46:17 GMT', 'content-type': 'application/json; charset=UTF-8', 'x-openstack-request-id': 'req-120b6edf-960e-47fe-bac3-39e954505d8a'}
        Body: {"router": {"status": "ACTIVE", "external_gateway_info": null, "availability_zone_hints": [], "availability_zones": [], "name": "tempest-router-smoke-249243976", "admin_state_up": true, "tenant_id": "bebf5370fb8e4e498ef4ff221801dcf3", "routes": [], "id": "faa412a8-4ad7-4a28-81b5-ba14662a7597"}}
2015-12-25 15:46:17,954 21170 INFO     [tempest_lib.common.rest_client] Request (TestGettingAddress:test_dhcp6_stateless_from_os): 200 PUT http://10.0.2.15:9696/v2.0/routers/faa412a8-4ad7-4a28-81b5-ba14662a7597 0.651s
2015-12-25 15:46:17,954 21170 DEBUG    [tempest_lib.common.rest_client] Request - Headers: {'Content-Type': 'application/json', 'Accept': 'application/json', 'X-Auth-Token': '&lt;omitted&gt;'}
        Body: {"router": {"external_gateway_info": {"network_id": "d9632bf0-e888-4b4e-850f-45f3a3fd2852"}, "name": "tempest-router-smoke-249243976", "admin_state_up": true}}
    Response - Headers: {'status': '200', 'content-length': '557', 'connection': 'close', 'date': 'Fri, 25 Dec 2015 15:46:17 GMT', 'content-type': 'application/json; charset=UTF-8', 'x-openstack-request-id': 'req-13590b0c-cf6a-4ec8-8d5f-72ffd34495db'}
        Body: {"router": {"status": "ACTIVE", "external_gateway_info": {"network_id": "d9632bf0-e888-4b4e-850f-45f3a3fd2852", "enable_snat": true, "external_fixed_ips": [{"subnet_id": "68640049-f210-47ed-849f-46637bd1684a", "ip_address": "172.24.4.3"}, {"subnet_id": "e67728b5-df06-454b-8f12-65b31a381ced", "ip_address": "2001:db8::3"}]}, "availability_zone_hints": [], "availability_zones": [], "name": "tempest-router-smoke-249243976", "admin_state_up": true, "tenant_id": "bebf5370fb8e4e498ef4ff221801dcf3", "routes": [], "id": "faa412a8-4ad7-4a28-81b5-ba14662a7597"}}
2015-12-25 15:46:18,494 21170 INFO     [tempest_lib.common.rest_client] Request (TestGettingAddress:test_dhcp6_stateless_from_os): 200 PUT http://10.0.2.15:9696/v2.0/routers/faa412a8-4ad7-4a28-81b5-ba14662a7597/add_router_interface 0.539s
2015-12-25 15:46:18,494 21170 DEBUG    [tempest_lib.common.rest_client] Request - Headers: {'Content-Type': 'application/json', 'Accept': 'application/json', 'X-Auth-Token': '&lt;omitted&gt;'}
        Body: {"subnet_id": "c1fb2fcd-1736-46b0-84fc-654b564f0b40"}
    Response - Headers: {'status': '200', 'content-length': '255', 'connection': 'close', 'date': 'Fri, 25 Dec 2015 15:46:18 GMT', 'content-type': 'application/json; charset=UTF-8', 'x-openstack-request-id': 'req-f8789675-70fe-4cae-aa5a-d6a642785222'}
        Body: {"subnet_id": "c1fb2fcd-1736-46b0-84fc-654b564f0b40", "tenant_id": "bebf5370fb8e4e498ef4ff221801dcf3", "subnet_ids": ["c1fb2fcd-1736-46b0-84fc-654b564f0b40"], "port_id": "f69f129e-eb53-45de-a885-c70cda27fcd1", "id": "faa412a8-4ad7-4a28-81b5-ba14662a7597"}
2015-12-25 15:46:18,621 21170 INFO     [tempest_lib.common.rest_client] Request (TestGettingAddress:test_dhcp6_stateless_from_os): 200 GET http://10.0.2.15:9696/v2.0/subnets?tenant_id=bebf5370fb8e4e498ef4ff221801dcf3&amp;cidr=2003%3A%3A%2F64 0.125s
2015-12-25 15:46:18,621 21170 DEBUG    [tempest_lib.common.rest_client] Request - Headers: {'Content-Type': 'application/json', 'Accept': 'application/json', 'X-Auth-Token': '&lt;omitted&gt;'}
        Body: None
    Response - Headers: {'status': '200', 'content-length': '15', 'content-location': 'http://10.0.2.15:9696/v2.0/subnets?tenant_id=bebf5370fb8e4e498ef4ff221801dcf3&amp;cidr=2003%3A%3A%2F64', 'connection': 'close', 'date': 'Fri, 25 Dec 2015 15:46:18 GMT', 'content-type': 'application/json; charset=UTF-8', 'x-openstack-request-id': 'req-8c2e0eb7-e86f-4d24-9c38-d2d2d481eae6'}
        Body: {"subnets": []}
2015-12-25 15:46:19,035 21170 INFO     [tempest_lib.common.rest_client] Request (TestGettingAddress:test_dhcp6_stateless_from_os): 201 POST http://10.0.2.15:9696/v2.0/subnets 0.412s
2015-12-25 15:46:19,036 21170 DEBUG    [tempest_lib.common.rest_client] Request - Headers: {'Content-Type': 'application/json', 'Accept': 'application/json', 'X-Auth-Token': '&lt;omitted&gt;'}
        Body: {"subnet": {"name": "tempest-sub6-1938078129", "network_id": "1eb801fc-d6b9-4d38-a895-4cd14a17f598", "tenant_id": "bebf5370fb8e4e498ef4ff221801dcf3", "ipv6_ra_mode": "dhcpv6-stateless", "ip_version": 6, "ipv6_address_mode": "dhcpv6-stateless", "cidr": "2003::/64"}}
    Response - Headers: {'status': '201', 'content-length': '502', 'connection': 'close', 'date': 'Fri, 25 Dec 2015 15:46:19 GMT', 'content-type': 'application/json; charset=UTF-8', 'x-openstack-request-id': 'req-ccec65e9-9be1-4eac-b702-b331f5e7c504'}
        Body: {"subnet": {"name": "tempest-sub6-1938078129", "enable_dhcp": true, "network_id": "1eb801fc-d6b9-4d38-a895-4cd14a17f598", "tenant_id": "bebf5370fb8e4e498ef4ff221801dcf3", "dns_nameservers": [], "gateway_ip": "2003::1", "ipv6_ra_mode": "dhcpv6-stateless", "allocation_pools": [{"start": "2003::2", "end": "2003::ffff:ffff:ffff:ffff"}], "host_routes": [], "ip_version": 6, "ipv6_address_mode": "dhcpv6-stateless", "cidr": "2003::/64", "id": "e8541a01-2734-48bc-bff5-f01434b6c744", "subnetpool_id": null}}
2015-12-25 15:46:19,782 21170 INFO     [tempest_lib.common.rest_client] Request (TestGettingAddress:test_dhcp6_stateless_from_os): 200 PUT http://10.0.2.15:9696/v2.0/routers/faa412a8-4ad7-4a28-81b5-ba14662a7597/add_router_interface 0.745s
2015-12-25 15:46:19,783 21170 DEBUG    [tempest_lib.common.rest_client] Request - Headers: {'Content-Type': 'application/json', 'Accept': 'application/json', 'X-Auth-Token': '&lt;omitted&gt;'}
        Body: {"subnet_id": "e8541a01-2734-48bc-bff5-f01434b6c744"}
    Response - Headers: {'status': '200', 'content-length': '255', 'connection': 'close', 'date': 'Fri, 25 Dec 2015 15:46:19 GMT', 'content-type': 'application/json; charset=UTF-8', 'x-openstack-request-id': 'req-ed013ade-4ed5-421a-bd7d-6bcf6ae720e1'}
        Body: {"subnet_id": "e8541a01-2734-48bc-bff5-f01434b6c744", "tenant_id": "bebf5370fb8e4e498ef4ff221801dcf3", "subnet_ids": ["e8541a01-2734-48bc-bff5-f01434b6c744"], "port_id": "f68b1083-b72e-48a8-a1b8-a527b749abc1", "id": "faa412a8-4ad7-4a28-81b5-ba14662a7597"}
2015-12-25 15:46:19,931 21170 INFO     [tempest_lib.common.rest_client] Request (TestGettingAddress:test_dhcp6_stateless_from_os): 200 POST http://10.0.2.15:5000/v2.0/tokens
2015-12-25 15:46:19,932 21170 DEBUG    [tempest_lib.common.rest_client] Request - Headers: {'Content-Type': 'application/json', 'Accept': 'application/json'}
        Body: &lt;omitted&gt;
    Response - Headers: {'status': '200', 'content-length': '2524', 'vary': 'X-Auth-Token', 'server': 'Apache/2.4.7 (Ubuntu)', 'connection': 'close', 'date': 'Fri, 25 Dec 2015 15:46:19 GMT', 'content-type': 'application/json', 'x-openstack-request-id': 'req-7b3fc5a7-75c8-43b4-96bc-187dc2b021f4'}
        Body: {"access": {"token": {"issued_at": "2015-12-25T15:46:19.917388", "expires": "2015-12-25T16:46:19Z", "id": "abc810ae1be94186aa87088182861d52", "tenant": {"description": "tempest-TestGettingAddress-1796259569-desc", "enabled": true, "id": "bebf5370fb8e4e498ef4ff221801dcf3", "name": "tempest-TestGettingAddress-1796259569"}, "audit_ids": ["UU2QwlDAQVC3n2TV8vq0ZA"]}, "serviceCatalog": [{"endpoints": [{"adminURL": "http://10.0.2.15:8774/v2.1/bebf5370fb8e4e498ef4ff221801dcf3", "region": "RegionOne", "internalURL": "http://10.0.2.15:8774/v2.1/bebf5370fb8e4e498ef4ff221801dcf3", "id": "168135dbae5c4ea49b5e1133583b5ec2", "publicURL": "http://10.0.2.15:8774/v2.1/bebf5370fb8e4e498ef4ff221801dcf3"}], "endpoints_links": [], "type": "compute", "name": "nova"}, {"endpoints": [{"adminURL": "http://10.0.2.15:9696/", "region": "RegionOne", "internalURL": "http://10.0.2.15:9696/", "id": "06ef16ec4c104b1ba4f5372fc2850772", "publicURL": "http://10.0.2.15:9696/"}], "endpoints_links": [], "type": "network", "name": "neutron"}, {"endpoints": [{"adminURL": "http://10.0.2.15:9292", "region": "RegionOne", "internalURL": "http://10.0.2.15:9292", "id": "32c133ae3d864e1690c9379b661c1afa", "publicURL": "http://10.0.2.15:9292"}], "endpoints_links": [], "type": "image", "name": "glance"}, {"endpoints": [{"adminURL": "http://10.0.2.15:8774/v2/bebf5370fb8e4e498ef4ff221801dcf3", "region": "RegionOne", "internalURL": "http://10.0.2.15:8774/v2/bebf5370fb8e4e498ef4ff221801dcf3", "id": "6a48607b47644a73b3c085841a95876c", "publicURL": "http://10.0.2.15:8774/v2/bebf5370fb8e4e498ef4ff221801dcf3"}], "endpoints_links": [], "type": "compute_legacy", "name": "nova_legacy"}, {"endpoints": [{"adminURL": "http://10.0.2.15:8773/", "region": "RegionOne", "internalURL": "http://10.0.2.15:8773/", "id": "12efbd83c33f4059b096a2b3359e6ddc", "publicURL": "http://10.0.2.15:8773/"}], "endpoints_links": [], "type": "ec2", "name": "ec2"}, {"endpoints": [{"adminURL": "http://10.0.2.15:35357/v2.0", "region": "RegionOne", "internalURL": "http://10.0.2.15:5000/v2.0", "id": "329f73d71f1e4dc585b4779848225e9f", "publicURL": "http://10.0.2.15:5000/v2.0"}], "endpoints_links": [], "type": "identity", "name": "keystone"}], "user": {"username": "tempest-TestGettingAddress-231560556", "roles_links": [], "id": "0d45846e1db24b0c99cae2e69cee5ceb", "roles": [{"name": "_member_"}, {"name": "Member"}], "name": "tempest-TestGettingAddress-231560556"}, "metadata": {"is_admin": 0, "roles": ["9fe2ff9ee4384b1894a90878d3e92bab", "4601b78d1f7342908e1d546563fa10b5"]}}}
2015-12-25 15:46:19,944 21170 DEBUG    [tempest.common.fixed_network] (TestGettingAddress:test_dhcp6_stateless_from_os) No valid network provided or created, defaulting to fixed_network_name
2015-12-25 15:46:20,263 21170 INFO     [tempest_lib.common.rest_client] Request (TestGettingAddress:test_dhcp6_stateless_from_os): 200 GET http://10.0.2.15:8774/v2.1/bebf5370fb8e4e498ef4ff221801dcf3/os-networks 0.318s
2015-12-25 15:46:20,264 21170 DEBUG    [tempest_lib.common.rest_client] Request - Headers: {'Content-Type': 'application/json', 'Accept': 'application/json', 'X-Auth-Token': '&lt;omitted&gt;'}
        Body: None
    Response - Headers: {'status': '200', 'content-length': '479', 'content-location': 'http://10.0.2.15:8774/v2.1/bebf5370fb8e4e498ef4ff221801dcf3/os-networks', 'x-compute-request-id': 'req-a7eae9dc-52b1-4d35-bab8-8308cc934aaa', 'vary': 'X-OpenStack-Nova-API-Version', 'connection': 'close', 'x-openstack-nova-api-version': '2.1', 'date': 'Fri, 25 Dec 2015 15:46:20 GMT', 'content-type': 'application/json'}
        Body: {"networks": [{"cidr_v6": null, "dns2": null, "dns1": null, "gateway": null, "broadcast": null, "netmask": null, "gateway_v6": null, "cidr": null, "label": "tempest-network-smoke--1381829530", "id": "1eb801fc-d6b9-4d38-a895-4cd14a17f598", "netmask_v6": null}, {"cidr_v6": null, "dns2": null, "dns1": null, "gateway": null, "broadcast": null, "netmask": null, "gateway_v6": null, "cidr": null, "label": "public", "id": "d9632bf0-e888-4b4e-850f-45f3a3fd2852", "netmask_v6": null}]}
2015-12-25 15:46:20,264 21170 WARNING  [tempest.common.fixed_network] (TestGettingAddress:test_dhcp6_stateless_from_os) Network with name: private not found
2015-12-25 15:46:20,265 21170 INFO     [tempest.common.fixed_network] (TestGettingAddress:test_dhcp6_stateless_from_os) Found network {} available for tenant
2015-12-25 15:46:22,343 21170 INFO     [tempest_lib.common.rest_client] Request (TestGettingAddress:test_dhcp6_stateless_from_os): 202 POST http://10.0.2.15:8774/v2.1/bebf5370fb8e4e498ef4ff221801dcf3/servers 2.077s
2015-12-25 15:46:22,343 21170 DEBUG    [tempest_lib.common.rest_client] Request - Headers: {'Content-Type': 'application/json', 'Accept': 'application/json', 'X-Auth-Token': '&lt;omitted&gt;'}
        Body: {"server": {"name": "tempest.common.compute-instance-1820143756", "imageRef": "3c030f79-601f-4fe2-adcd-a172afc36718", "key_name": "tempest-TestGettingAddress-2047088365", "flavorRef": "42", "networks": [{"uuid": "1eb801fc-d6b9-4d38-a895-4cd14a17f598"}], "security_groups": [{"name": "tempest-secgroup-smoke-1228393823"}]}}
    Response - Headers: {'status': '202', 'content-length': '462', 'x-compute-request-id': 'req-1a4887a1-6a3d-4469-b91b-73a895f886a5', 'vary': 'X-OpenStack-Nova-API-Version', 'connection': 'close', 'location': 'http://10.0.2.15:8774/v2.1/bebf5370fb8e4e498ef4ff221801dcf3/servers/91c79b64-5d2a-4721-9aa9-3764f08bfdcf', 'x-openstack-nova-api-version': '2.1', 'date': 'Fri, 25 Dec 2015 15:46:22 GMT', 'content-type': 'application/json'}
        Body: {"server": {"security_groups": [{"name": "tempest-secgroup-smoke-1228393823"}], "OS-DCF:diskConfig": "MANUAL", "id": "91c79b64-5d2a-4721-9aa9-3764f08bfdcf", "links": [{"href": "http://10.0.2.15:8774/v2.1/bebf5370fb8e4e498ef4ff221801dcf3/servers/91c79b64-5d2a-4721-9aa9-3764f08bfdcf", "rel": "self"}, {"href": "http://10.0.2.15:8774/bebf5370fb8e4e498ef4ff221801dcf3/servers/91c79b64-5d2a-4721-9aa9-3764f08bfdcf", "rel": "bookmark"}], "adminPass": "UsEtJ5GkFJVd"}}
2015-12-25 15:46:22,480 21170 INFO     [tempest_lib.common.rest_client] Request (TestGettingAddress:test_dhcp6_stateless_from_os): 200 GET http://10.0.2.15:8774/v2.1/bebf5370fb8e4e498ef4ff221801dcf3/servers/91c79b64-5d2a-4721-9aa9-3764f08bfdcf 0.134s
2015-12-25 15:46:22,481 21170 DEBUG    [tempest_lib.common.rest_client] Request - Headers: {'Content-Type': 'application/json', 'Accept': 'application/json', 'X-Auth-Token': '&lt;omitted&gt;'}
        Body: None
    Response - Headers: {'status': '200', 'content-length': '1355', 'content-location': 'http://10.0.2.15:8774/v2.1/bebf5370fb8e4e498ef4ff221801dcf3/servers/91c79b64-5d2a-4721-9aa9-3764f08bfdcf', 'x-compute-request-id': 'req-78f1444e-f2e1-4cf6-adfa-d156b3b95c6f', 'vary': 'X-OpenStack-Nova-API-Version', 'connection': 'close', 'x-openstack-nova-api-version': '2.1', 'date': 'Fri, 25 Dec 2015 15:46:22 GMT', 'content-type': 'application/json'}
        Body: {"server": {"status": "BUILD", "updated": "2015-12-25T15:46:22Z", "hostId": "", "addresses": {}, "links": [{"href": "http://10.0.2.15:8774/v2.1/bebf5370fb8e4e498ef4ff221801dcf3/servers/91c79b64-5d2a-4721-9aa9-3764f08bfdcf", "rel": "self"}, {"href": "http://10.0.2.15:8774/bebf5370fb8e4e498ef4ff221801dcf3/servers/91c79b64-5d2a-4721-9aa9-3764f08bfdcf", "rel": "bookmark"}], "key_name": "tempest-TestGettingAddress-2047088365", "image": {"id": "3c030f79-601f-4fe2-adcd-a172afc36718", "links": [{"href": "http://10.0.2.15:8774/bebf5370fb8e4e498ef4ff221801dcf3/images/3c030f79-601f-4fe2-adcd-a172afc36718", "rel": "bookmark"}]}, "OS-EXT-STS:task_state": "scheduling", "OS-EXT-STS:vm_state": "building", "OS-SRV-USG:launched_at": null, "flavor": {"id": "42", "links": [{"href": "http://10.0.2.15:8774/bebf5370fb8e4e498ef4ff221801dcf3/flavors/42", "rel": "bookmark"}]}, "id": "91c79b64-5d2a-4721-9aa9-3764f08bfdcf", "OS-SRV-USG:terminated_at": null, "OS-EXT-AZ:availability_zone": "", "user_id": "0d45846e1db24b0c99cae2e69cee5ceb", "name": "tempest.common.compute-instance-1820143756", "created": "2015-12-25T15:46:22Z", "tenant_id": "bebf5370fb8e4e498ef4ff221801dcf3", "OS-DCF:diskConfig": "MANUAL", "os-extended-volumes:volumes_attached": [], "accessIPv4": "", "accessIPv6": "", "progress": 0, "OS-EXT-STS:power_state": 0, "config_drive": "", "metadata": {}}}
2015-12-25 15:46:23,924 21170 INFO     [tempest_lib.common.rest_client] Request (TestGettingAddress:test_dhcp6_stateless_from_os): 200 GET http://10.0.2.15:8774/v2.1/bebf5370fb8e4e498ef4ff221801dcf3/servers/91c79b64-5d2a-4721-9aa9-3764f08bfdcf 0.434s
2015-12-25 15:46:23,925 21170 DEBUG    [tempest_lib.common.rest_client] Request - Headers: {'Content-Type': 'application/json', 'Accept': 'application/json', 'X-Auth-Token': '&lt;omitted&gt;'}
        Body: None
    Response - Headers: {'status': '200', 'content-length': '1481', 'content-location': 'http://10.0.2.15:8774/v2.1/bebf5370fb8e4e498ef4ff221801dcf3/servers/91c79b64-5d2a-4721-9aa9-3764f08bfdcf', 'x-compute-request-id': 'req-17f75059-b4e6-4ba9-b0e8-8849396ecd9e', 'vary': 'X-OpenStack-Nova-API-Version', 'connection': 'close', 'x-openstack-nova-api-version': '2.1', 'date': 'Fri, 25 Dec 2015 15:46:23 GMT', 'content-type': 'application/json'}
        Body: {"server": {"status": "BUILD", "updated": "2015-12-25T15:46:23Z", "hostId": "8653b0a62de40ed0b054177ea706f4714461a0c93a495fb2182ee594", "addresses": {}, "links": [{"href": "http://10.0.2.15:8774/v2.1/bebf5370fb8e4e498ef4ff221801dcf3/servers/91c79b64-5d2a-4721-9aa9-3764f08bfdcf", "rel": "self"}, {"href": "http://10.0.2.15:8774/bebf5370fb8e4e498ef4ff221801dcf3/servers/91c79b64-5d2a-4721-9aa9-3764f08bfdcf", "rel": "bookmark"}], "key_name": "tempest-TestGettingAddress-2047088365", "image": {"id": "3c030f79-601f-4fe2-adcd-a172afc36718", "links": [{"href": "http://10.0.2.15:8774/bebf5370fb8e4e498ef4ff221801dcf3/images/3c030f79-601f-4fe2-adcd-a172afc36718", "rel": "bookmark"}]}, "OS-EXT-STS:task_state": "spawning", "OS-EXT-STS:vm_state": "building", "OS-SRV-USG:launched_at": null, "flavor": {"id": "42", "links": [{"href": "http://10.0.2.15:8774/bebf5370fb8e4e498ef4ff221801dcf3/flavors/42", "rel": "bookmark"}]}, "id": "91c79b64-5d2a-4721-9aa9-3764f08bfdcf", "security_groups": [{"name": "tempest-secgroup-smoke-1228393823"}], "OS-SRV-USG:terminated_at": null, "OS-EXT-AZ:availability_zone": "nova", "user_id": "0d45846e1db24b0c99cae2e69cee5ceb", "name": "tempest.common.compute-instance-1820143756", "created": "2015-12-25T15:46:22Z", "tenant_id": "bebf5370fb8e4e498ef4ff221801dcf3", "OS-DCF:diskConfig": "MANUAL", "os-extended-volumes:volumes_attached": [], "accessIPv4": "", "accessIPv6": "", "progress": 0, "OS-EXT-STS:power_state": 0, "config_drive": "", "metadata": {}}}
2015-12-25 15:46:23,933 21170 INFO     [tempest.common.waiters] State transition "BUILD/scheduling" ==&gt; "BUILD/spawning" after 1 second wait
2015-12-25 15:46:25,536 21170 INFO     [tempest_lib.common.rest_client] Request (TestGettingAddress:test_dhcp6_stateless_from_os): 200 GET http://10.0.2.15:8774/v2.1/bebf5370fb8e4e498ef4ff221801dcf3/servers/91c79b64-5d2a-4721-9aa9-3764f08bfdcf 0.602s
2015-12-25 15:46:25,537 21170 DEBUG    [tempest_lib.common.rest_client] Request - Headers: {'Content-Type': 'application/json', 'Accept': 'application/json', 'X-Auth-Token': '&lt;omitted&gt;'}
        Body: None
    Response - Headers: {'status': '200', 'content-length': '1481', 'content-location': 'http://10.0.2.15:8774/v2.1/bebf5370fb8e4e498ef4ff221801dcf3/servers/91c79b64-5d2a-4721-9aa9-3764f08bfdcf', 'x-compute-request-id': 'req-c8e8a51f-2a94-44e2-9888-8ff544aa5f15', 'vary': 'X-OpenStack-Nova-API-Version', 'connection': 'close', 'x-openstack-nova-api-version': '2.1', 'date': 'Fri, 25 Dec 2015 15:46:25 GMT', 'content-type': 'application/json'}
        Body: {"server": {"status": "BUILD", "updated": "2015-12-25T15:46:23Z", "hostId": "8653b0a62de40ed0b054177ea706f4714461a0c93a495fb2182ee594", "addresses": {}, "links": [{"href": "http://10.0.2.15:8774/v2.1/bebf5370fb8e4e498ef4ff221801dcf3/servers/91c79b64-5d2a-4721-9aa9-3764f08bfdcf", "rel": "self"}, {"href": "http://10.0.2.15:8774/bebf5370fb8e4e498ef4ff221801dcf3/servers/91c79b64-5d2a-4721-9aa9-3764f08bfdcf", "rel": "bookmark"}], "key_name": "tempest-TestGettingAddress-2047088365", "image": {"id": "3c030f79-601f-4fe2-adcd-a172afc36718", "links": [{"href": "http://10.0.2.15:8774/bebf5370fb8e4e498ef4ff221801dcf3/images/3c030f79-601f-4fe2-adcd-a172afc36718", "rel": "bookmark"}]}, "OS-EXT-STS:task_state": "spawning", "OS-EXT-STS:vm_state": "building", "OS-SRV-USG:launched_at": null, "flavor": {"id": "42", "links": [{"href": "http://10.0.2.15:8774/bebf5370fb8e4e498ef4ff221801dcf3/flavors/42", "rel": "bookmark"}]}, "id": "91c79b64-5d2a-4721-9aa9-3764f08bfdcf", "security_groups": [{"name": "tempest-secgroup-smoke-1228393823"}], "OS-SRV-USG:terminated_at": null, "OS-EXT-AZ:availability_zone": "nova", "user_id": "0d45846e1db24b0c99cae2e69cee5ceb", "name": "tempest.common.compute-instance-1820143756", "created": "2015-12-25T15:46:22Z", "tenant_id": "bebf5370fb8e4e498ef4ff221801dcf3", "OS-DCF:diskConfig": "MANUAL", "os-extended-volumes:volumes_attached": [], "accessIPv4": "", "accessIPv6": "", "progress": 0, "OS-EXT-STS:power_state": 0, "config_drive": "", "metadata": {}}}
2015-12-25 15:46:26,792 21170 INFO     [tempest_lib.common.rest_client] Request (TestGettingAddress:test_dhcp6_stateless_from_os): 200 GET http://10.0.2.15:8774/v2.1/bebf5370fb8e4e498ef4ff221801dcf3/servers/91c79b64-5d2a-4721-9aa9-3764f08bfdcf 0.242s
2015-12-25 15:46:26,792 21170 DEBUG    [tempest_lib.common.rest_client] Request - Headers: {'Content-Type': 'application/json', 'Accept': 'application/json', 'X-Auth-Token': '&lt;omitted&gt;'}
        Body: None
    Response - Headers: {'status': '200', 'content-length': '1481', 'content-location': 'http://10.0.2.15:8774/v2.1/bebf5370fb8e4e498ef4ff221801dcf3/servers/91c79b64-5d2a-4721-9aa9-3764f08bfdcf', 'x-compute-request-id': 'req-8f09dd5d-2e9f-4959-8929-9bd6d8492c38', 'vary': 'X-OpenStack-Nova-API-Version', 'connection': 'close', 'x-openstack-nova-api-version': '2.1', 'date': 'Fri, 25 Dec 2015 15:46:26 GMT', 'content-type': 'application/json'}
        Body: {"server": {"status": "BUILD", "updated": "2015-12-25T15:46:23Z", "hostId": "8653b0a62de40ed0b054177ea706f4714461a0c93a495fb2182ee594", "addresses": {}, "links": [{"href": "http://10.0.2.15:8774/v2.1/bebf5370fb8e4e498ef4ff221801dcf3/servers/91c79b64-5d2a-4721-9aa9-3764f08bfdcf", "rel": "self"}, {"href": "http://10.0.2.15:8774/bebf5370fb8e4e498ef4ff221801dcf3/servers/91c79b64-5d2a-4721-9aa9-3764f08bfdcf", "rel": "bookmark"}], "key_name": "tempest-TestGettingAddress-2047088365", "image": {"id": "3c030f79-601f-4fe2-adcd-a172afc36718", "links": [{"href": "http://10.0.2.15:8774/bebf5370fb8e4e498ef4ff221801dcf3/images/3c030f79-601f-4fe2-adcd-a172afc36718", "rel": "bookmark"}]}, "OS-EXT-STS:task_state": "spawning", "OS-EXT-STS:vm_state": "building", "OS-SRV-USG:launched_at": null, "flavor": {"id": "42", "links": [{"href": "http://10.0.2.15:8774/bebf5370fb8e4e498ef4ff221801dcf3/flavors/42", "rel": "bookmark"}]}, "id": "91c79b64-5d2a-4721-9aa9-3764f08bfdcf", "security_groups": [{"name": "tempest-secgroup-smoke-1228393823"}], "OS-SRV-USG:terminated_at": null, "OS-EXT-AZ:availability_zone": "nova", "user_id": "0d45846e1db24b0c99cae2e69cee5ceb", "name": "tempest.common.compute-instance-1820143756", "created": "2015-12-25T15:46:22Z", "tenant_id": "bebf5370fb8e4e498ef4ff221801dcf3", "OS-DCF:diskConfig": "MANUAL", "os-extended-volumes:volumes_attached": [], "accessIPv4": "", "accessIPv6": "", "progress": 0, "OS-EXT-STS:power_state": 0, "config_drive": "", "metadata": {}}}
2015-12-25 15:46:28,002 21170 INFO     [tempest_lib.common.rest_client] Request (TestGettingAddress:test_dhcp6_stateless_from_os): 200 GET http://10.0.2.15:8774/v2.1/bebf5370fb8e4e498ef4ff221801dcf3/servers/91c79b64-5d2a-4721-9aa9-3764f08bfdcf 0.195s
2015-12-25 15:46:28,003 21170 DEBUG    [tempest_lib.common.rest_client] Request - Headers: {'Content-Type': 'application/json', 'Accept': 'application/json', 'X-Auth-Token': '&lt;omitted&gt;'}
        Body: None
    Response - Headers: {'status': '200', 'content-length': '1782', 'content-location': 'http://10.0.2.15:8774/v2.1/bebf5370fb8e4e498ef4ff221801dcf3/servers/91c79b64-5d2a-4721-9aa9-3764f08bfdcf', 'x-compute-request-id': 'req-854075e6-1eea-4bc5-ba5e-53e0e303c4a0', 'vary': 'X-OpenStack-Nova-API-Version', 'connection': 'close', 'x-openstack-nova-api-version': '2.1', 'date': 'Fri, 25 Dec 2015 15:46:28 GMT', 'content-type': 'application/json'}
        Body: {"server": {"status": "ACTIVE", "updated": "2015-12-25T15:46:26Z", "hostId": "8653b0a62de40ed0b054177ea706f4714461a0c93a495fb2182ee594", "addresses": {"tempest-network-smoke--1381829530": [{"OS-EXT-IPS-MAC:mac_addr": "fa:16:3e:6f:5b:3f", "version": 6, "addr": "2003::f816:3eff:fe6f:5b3f", "OS-EXT-IPS:type": "fixed"}, {"OS-EXT-IPS-MAC:mac_addr": "fa:16:3e:6f:5b:3f", "version": 4, "addr": "10.100.0.3", "OS-EXT-IPS:type": "fixed"}]}, "links": [{"href": "http://10.0.2.15:8774/v2.1/bebf5370fb8e4e498ef4ff221801dcf3/servers/91c79b64-5d2a-4721-9aa9-3764f08bfdcf", "rel": "self"}, {"href": "http://10.0.2.15:8774/bebf5370fb8e4e498ef4ff221801dcf3/servers/91c79b64-5d2a-4721-9aa9-3764f08bfdcf", "rel": "bookmark"}], "key_name": "tempest-TestGettingAddress-2047088365", "image": {"id": "3c030f79-601f-4fe2-adcd-a172afc36718", "links": [{"href": "http://10.0.2.15:8774/bebf5370fb8e4e498ef4ff221801dcf3/images/3c030f79-601f-4fe2-adcd-a172afc36718", "rel": "bookmark"}]}, "OS-EXT-STS:task_state": null, "OS-EXT-STS:vm_state": "active", "OS-SRV-USG:launched_at": "2015-12-25T15:46:26.000000", "flavor": {"id": "42", "links": [{"href": "http://10.0.2.15:8774/bebf5370fb8e4e498ef4ff221801dcf3/flavors/42", "rel": "bookmark"}]}, "id": "91c79b64-5d2a-4721-9aa9-3764f08bfdcf", "security_groups": [{"name": "tempest-secgroup-smoke-1228393823"}], "OS-SRV-USG:terminated_at": null, "OS-EXT-AZ:availability_zone": "nova", "user_id": "0d45846e1db24b0c99cae2e69cee5ceb", "name": "tempest.common.compute-instance-1820143756", "created": "2015-12-25T15:46:22Z", "tenant_id": "bebf5370fb8e4e498ef4ff221801dcf3", "OS-DCF:diskConfig": "MANUAL", "os-extended-volumes:volumes_attached": [], "accessIPv4": "", "accessIPv6": "", "progress": 0, "OS-EXT-STS:power_state": 1, "config_drive": "True", "metadata": {}}}
2015-12-25 15:46:28,011 21170 INFO     [tempest.common.waiters] State transition "BUILD/spawning" ==&gt; "ACTIVE/None" after 6 second wait
2015-12-25 15:46:28,215 21170 INFO     [tempest_lib.common.rest_client] Request (TestGettingAddress:test_dhcp6_stateless_from_os): 200 GET http://10.0.2.15:8774/v2.1/bebf5370fb8e4e498ef4ff221801dcf3/servers/91c79b64-5d2a-4721-9aa9-3764f08bfdcf 0.203s
2015-12-25 15:46:28,216 21170 DEBUG    [tempest_lib.common.rest_client] Request - Headers: {'Content-Type': 'application/json', 'Accept': 'application/json', 'X-Auth-Token': '&lt;omitted&gt;'}
        Body: None
    Response - Headers: {'status': '200', 'content-length': '1782', 'content-location': 'http://10.0.2.15:8774/v2.1/bebf5370fb8e4e498ef4ff221801dcf3/servers/91c79b64-5d2a-4721-9aa9-3764f08bfdcf', 'x-compute-request-id': 'req-06264cda-4921-45c1-8f89-93a1e8da9af6', 'vary': 'X-OpenStack-Nova-API-Version', 'connection': 'close', 'x-openstack-nova-api-version': '2.1', 'date': 'Fri, 25 Dec 2015 15:46:28 GMT', 'content-type': 'application/json'}
        Body: {"server": {"status": "ACTIVE", "updated": "2015-12-25T15:46:26Z", "hostId": "8653b0a62de40ed0b054177ea706f4714461a0c93a495fb2182ee594", "addresses": {"tempest-network-smoke--1381829530": [{"OS-EXT-IPS-MAC:mac_addr": "fa:16:3e:6f:5b:3f", "version": 6, "addr": "2003::f816:3eff:fe6f:5b3f", "OS-EXT-IPS:type": "fixed"}, {"OS-EXT-IPS-MAC:mac_addr": "fa:16:3e:6f:5b:3f", "version": 4, "addr": "10.100.0.3", "OS-EXT-IPS:type": "fixed"}]}, "links": [{"href": "http://10.0.2.15:8774/v2.1/bebf5370fb8e4e498ef4ff221801dcf3/servers/91c79b64-5d2a-4721-9aa9-3764f08bfdcf", "rel": "self"}, {"href": "http://10.0.2.15:8774/bebf5370fb8e4e498ef4ff221801dcf3/servers/91c79b64-5d2a-4721-9aa9-3764f08bfdcf", "rel": "bookmark"}], "key_name": "tempest-TestGettingAddress-2047088365", "image": {"id": "3c030f79-601f-4fe2-adcd-a172afc36718", "links": [{"href": "http://10.0.2.15:8774/bebf5370fb8e4e498ef4ff221801dcf3/images/3c030f79-601f-4fe2-adcd-a172afc36718", "rel": "bookmark"}]}, "OS-EXT-STS:task_state": null, "OS-EXT-STS:vm_state": "active", "OS-SRV-USG:launched_at": "2015-12-25T15:46:26.000000", "flavor": {"id": "42", "links": [{"href": "http://10.0.2.15:8774/bebf5370fb8e4e498ef4ff221801dcf3/flavors/42", "rel": "bookmark"}]}, "id": "91c79b64-5d2a-4721-9aa9-3764f08bfdcf", "security_groups": [{"name": "tempest-secgroup-smoke-1228393823"}], "OS-SRV-USG:terminated_at": null, "OS-EXT-AZ:availability_zone": "nova", "user_id": "0d45846e1db24b0c99cae2e69cee5ceb", "name": "tempest.common.compute-instance-1820143756", "created": "2015-12-25T15:46:22Z", "tenant_id": "bebf5370fb8e4e498ef4ff221801dcf3", "OS-DCF:diskConfig": "MANUAL", "os-extended-volumes:volumes_attached": [], "accessIPv4": "", "accessIPv6": "", "progress": 0, "OS-EXT-STS:power_state": 1, "config_drive": "True", "metadata": {}}}
2015-12-25 15:46:28,255 21170 INFO     [tempest_lib.common.rest_client] Request (TestGettingAddress:test_dhcp6_stateless_from_os): 200 GET http://10.0.2.15:9696/v2.0/ports?status=ACTIVE&amp;fixed_ip=None&amp;device_id=91c79b64-5d2a-4721-9aa9-3764f08bfdcf 0.029s
2015-12-25 15:46:28,255 21170 DEBUG    [tempest_lib.common.rest_client] Request - Headers: {'Content-Type': 'application/json', 'Accept': 'application/json', 'X-Auth-Token': '&lt;omitted&gt;'}
        Body: None
    Response - Headers: {'status': '200', 'content-length': '1142', 'content-location': 'http://10.0.2.15:9696/v2.0/ports?status=ACTIVE&amp;fixed_ip=None&amp;device_id=91c79b64-5d2a-4721-9aa9-3764f08bfdcf', 'connection': 'close', 'date': 'Fri, 25 Dec 2015 15:46:28 GMT', 'content-type': 'application/json; charset=UTF-8', 'x-openstack-request-id': 'req-29a1cf83-764d-4878-9693-579cf185ea42'}
        Body: {"ports": [{"status": "ACTIVE", "binding:host_id": "vagrant-ubuntu-trusty-64", "allowed_address_pairs": [], "extra_dhcp_opts": [], "dns_assignment": [{"hostname": "host-10-100-0-3", "ip_address": "10.100.0.3", "fqdn": "host-10-100-0-3.openstacklocal."}, {"hostname": "host-2003--f816-3eff-fe6f-5b3f", "ip_address": "2003::f816:3eff:fe6f:5b3f", "fqdn": "host-2003--f816-3eff-fe6f-5b3f.openstacklocal."}], "device_owner": "compute:None", "port_security_enabled": true, "binding:profile": {}, "fixed_ips": [{"subnet_id": "c1fb2fcd-1736-46b0-84fc-654b564f0b40", "ip_address": "10.100.0.3"}, {"subnet_id": "e8541a01-2734-48bc-bff5-f01434b6c744", "ip_address": "2003::f816:3eff:fe6f:5b3f"}], "id": "5adf2e9f-7c44-49da-b47a-49a031517a44", "security_groups": ["89bc7d52-e22f-46d6-8eab-3c978a8a9512"], "device_id": "91c79b64-5d2a-4721-9aa9-3764f08bfdcf", "name": "", "admin_state_up": true, "network_id": "1eb801fc-d6b9-4d38-a895-4cd14a17f598", "dns_name": "", "binding:vif_details": {"port_filter": true}, "binding:vnic_type": "normal", "binding:vif_type": "ovs", "tenant_id": "bebf5370fb8e4e498ef4ff221801dcf3", "mac_address": "fa:16:3e:6f:5b:3f"}]}
2015-12-25 15:46:28,969 21170 INFO     [tempest_lib.common.rest_client] Request (TestGettingAddress:test_dhcp6_stateless_from_os): 201 POST http://10.0.2.15:9696/v2.0/floatingips 0.712s
2015-12-25 15:46:28,969 21170 DEBUG    [tempest_lib.common.rest_client] Request - Headers: {'Content-Type': 'application/json', 'Accept': 'application/json', 'X-Auth-Token': '&lt;omitted&gt;'}
        Body: {"floatingip": {"floating_network_id": "d9632bf0-e888-4b4e-850f-45f3a3fd2852", "tenant_id": "bebf5370fb8e4e498ef4ff221801dcf3", "fixed_ip_address": "10.100.0.3", "port_id": "5adf2e9f-7c44-49da-b47a-49a031517a44"}}
    Response - Headers: {'status': '201', 'content-length': '367', 'connection': 'close', 'date': 'Fri, 25 Dec 2015 15:46:28 GMT', 'content-type': 'application/json; charset=UTF-8', 'x-openstack-request-id': 'req-2e0b5b8e-3c3d-4fae-a137-49b007d6380b'}
        Body: {"floatingip": {"floating_network_id": "d9632bf0-e888-4b4e-850f-45f3a3fd2852", "router_id": "faa412a8-4ad7-4a28-81b5-ba14662a7597", "fixed_ip_address": "10.100.0.3", "floating_ip_address": "172.24.4.4", "tenant_id": "bebf5370fb8e4e498ef4ff221801dcf3", "status": "DOWN", "port_id": "5adf2e9f-7c44-49da-b47a-49a031517a44", "id": "9438ee91-864f-4bbc-96df-ada038e6186b"}}
2015-12-25 15:46:28,970 21170 INFO     [tempest_lib.common.ssh] Creating ssh connection to '172.24.4.4' as 'cirros' with public key authentication
2015-12-25 15:46:33,057 21170 WARNING  [tempest_lib.common.ssh] Failed to establish authenticated ssh connection to cirros@172.24.4.4 ([Errno None] Unable to connect to port 22 on  or 172.24.4.4). Number attempts: 1. Retry after 2 seconds.
2015-12-25 15:46:38,561 21170 WARNING  [tempest_lib.common.ssh] Failed to establish authenticated ssh connection to cirros@172.24.4.4 ([Errno None] Unable to connect to port 22 on  or 172.24.4.4). Number attempts: 2. Retry after 3 seconds.
2015-12-25 15:46:45,069 21170 WARNING  [tempest_lib.common.ssh] Failed to establish authenticated ssh connection to cirros@172.24.4.4 ([Errno None] Unable to connect to port 22 on  or 172.24.4.4). Number attempts: 3. Retry after 4 seconds.
2015-12-25 15:46:52,569 21170 WARNING  [tempest_lib.common.ssh] Failed to establish authenticated ssh connection to cirros@172.24.4.4 ([Errno None] Unable to connect to port 22 on  or 172.24.4.4). Number attempts: 4. Retry after 5 seconds.
2015-12-25 15:47:01,074 21170 WARNING  [tempest_lib.common.ssh] Failed to establish authenticated ssh connection to cirros@172.24.4.4 ([Errno None] Unable to connect to port 22 on  or 172.24.4.4). Number attempts: 5. Retry after 6 seconds.
2015-12-25 15:47:10,577 21170 WARNING  [tempest_lib.common.ssh] Failed to establish authenticated ssh connection to cirros@172.24.4.4 ([Errno None] Unable to connect to port 22 on  or 172.24.4.4). Number attempts: 6. Retry after 7 seconds.
2015-12-25 15:47:21,086 21170 WARNING  [tempest_lib.common.ssh] Failed to establish authenticated ssh connection to cirros@172.24.4.4 ([Errno None] Unable to connect to port 22 on  or 172.24.4.4). Number attempts: 7. Retry after 8 seconds.
2015-12-25 15:47:32,590 21170 WARNING  [tempest_lib.common.ssh] Failed to establish authenticated ssh connection to cirros@172.24.4.4 ([Errno None] Unable to connect to port 22 on  or 172.24.4.4). Number attempts: 8. Retry after 9 seconds.
2015-12-25 15:47:45,094 21170 WARNING  [tempest_lib.common.ssh] Failed to establish authenticated ssh connection to cirros@172.24.4.4 ([Errno None] Unable to connect to port 22 on  or 172.24.4.4). Number attempts: 9. Retry after 10 seconds.
2015-12-25 15:47:58,601 21170 WARNING  [tempest_lib.common.ssh] Failed to establish authenticated ssh connection to cirros@172.24.4.4 ([Errno None] Unable to connect to port 22 on  or 172.24.4.4). Number attempts: 10. Retry after 11 seconds.
2015-12-25 15:48:13,114 21170 WARNING  [tempest_lib.common.ssh] Failed to establish authenticated ssh connection to cirros@172.24.4.4 ([Errno None] Unable to connect to port 22 on  or 172.24.4.4). Number attempts: 11. Retry after 12 seconds.
2015-12-25 15:48:28,617 21170 WARNING  [tempest_lib.common.ssh] Failed to establish authenticated ssh connection to cirros@172.24.4.4 ([Errno None] Unable to connect to port 22 on  or 172.24.4.4). Number attempts: 12. Retry after 13 seconds.
2015-12-25 15:48:45,126 21170 WARNING  [tempest_lib.common.ssh] Failed to establish authenticated ssh connection to cirros@172.24.4.4 ([Errno None] Unable to connect to port 22 on  or 172.24.4.4). Number attempts: 13. Retry after 14 seconds.
2015-12-25 15:49:02,634 21170 WARNING  [tempest_lib.common.ssh] Failed to establish authenticated ssh connection to cirros@172.24.4.4 ([Errno None] Unable to connect to port 22 on  or 172.24.4.4). Number attempts: 14. Retry after 15 seconds.
2015-12-25 15:49:21,142 21170 WARNING  [tempest_lib.common.ssh] Failed to establish authenticated ssh connection to cirros@172.24.4.4 ([Errno None] Unable to connect to port 22 on  or 172.24.4.4). Number attempts: 15. Retry after 16 seconds.
2015-12-25 15:49:40,657 21170 WARNING  [tempest_lib.common.ssh] Failed to establish authenticated ssh connection to cirros@172.24.4.4 ([Errno None] Unable to connect to port 22 on  or 172.24.4.4). Number attempts: 16. Retry after 17 seconds.
2015-12-25 15:50:01,174 21170 WARNING  [tempest_lib.common.ssh] Failed to establish authenticated ssh connection to cirros@172.24.4.4 ([Errno None] Unable to connect to port 22 on  or 172.24.4.4). Number attempts: 17. Retry after 18 seconds.
2015-12-25 15:50:22,689 21170 WARNING  [tempest_lib.common.ssh] Failed to establish authenticated ssh connection to cirros@172.24.4.4 ([Errno None] Unable to connect to port 22 on  or 172.24.4.4). Number attempts: 18. Retry after 19 seconds.
2015-12-25 15:50:45,210 21170 WARNING  [tempest_lib.common.ssh] Failed to establish authenticated ssh connection to cirros@172.24.4.4 ([Errno None] Unable to connect to port 22 on  or 172.24.4.4). Number attempts: 19. Retry after 20 seconds.
2015-12-25 15:51:08,730 21170 WARNING  [tempest_lib.common.ssh] Failed to establish authenticated ssh connection to cirros@172.24.4.4 ([Errno None] Unable to connect to port 22 on  or 172.24.4.4). Number attempts: 20. Retry after 21 seconds.
2015-12-25 15:51:33,250 21170 ERROR    [tempest_lib.common.ssh] Failed to establish authenticated ssh connection to cirros@172.24.4.4 after 20 attempts
2015-12-25 15:51:33.250 21170 ERROR tempest_lib.common.ssh Traceback (most recent call last):
2015-12-25 15:51:33.250 21170 ERROR tempest_lib.common.ssh   File "/usr/local/lib/python2.7/dist-packages/tempest_lib/common/ssh.py", line 75, in _get_ssh_connection
2015-12-25 15:51:33.250 21170 ERROR tempest_lib.common.ssh     timeout=self.channel_timeout, pkey=self.pkey)
2015-12-25 15:51:33.250 21170 ERROR tempest_lib.common.ssh   File "/usr/local/lib/python2.7/dist-packages/paramiko/client.py", line 311, in connect
2015-12-25 15:51:33.250 21170 ERROR tempest_lib.common.ssh     raise NoValidConnectionsError(errors)
2015-12-25 15:51:33.250 21170 ERROR tempest_lib.common.ssh NoValidConnectionsError: [Errno None] Unable to connect to port 22 on  or 172.24.4.4
2015-12-25 15:51:33.250 21170 ERROR tempest_lib.common.ssh 
2015-12-25 15:51:33,251 21170 ERROR    [tempest.scenario.manager] (TestGettingAddress:test_dhcp6_stateless_from_os) Initializing SSH connection to 172.24.4.4 failed. Error: Connection to the 172.24.4.4 via SSH timed out.
User: cirros, Password: None
2015-12-25 15:51:33.251 21170 ERROR tempest.scenario.manager Traceback (most recent call last):
2015-12-25 15:51:33.251 21170 ERROR tempest.scenario.manager   File "tempest/scenario/manager.py", line 386, in get_remote_client
2015-12-25 15:51:33.251 21170 ERROR tempest.scenario.manager     linux_client.validate_authentication()
2015-12-25 15:51:33.251 21170 ERROR tempest.scenario.manager   File "tempest/common/utils/linux/remote_client.py", line 63, in validate_authentication
2015-12-25 15:51:33.251 21170 ERROR tempest.scenario.manager     self.ssh_client.test_connection_auth()
2015-12-25 15:51:33.251 21170 ERROR tempest.scenario.manager   File "/usr/local/lib/python2.7/dist-packages/tempest_lib/common/ssh.py", line 172, in test_connection_auth
2015-12-25 15:51:33.251 21170 ERROR tempest.scenario.manager     connection = self._get_ssh_connection()
2015-12-25 15:51:33.251 21170 ERROR tempest.scenario.manager   File "/usr/local/lib/python2.7/dist-packages/tempest_lib/common/ssh.py", line 87, in _get_ssh_connection
2015-12-25 15:51:33.251 21170 ERROR tempest.scenario.manager     password=self.password)
2015-12-25 15:51:33.251 21170 ERROR tempest.scenario.manager SSHTimeout: Connection to the 172.24.4.4 via SSH timed out.
2015-12-25 15:51:33.251 21170 ERROR tempest.scenario.manager User: cirros, Password: None
2015-12-25 15:51:33.251 21170 ERROR tempest.scenario.manager 
2015-12-25 15:51:33,486 21170 INFO     [tempest_lib.common.rest_client] Request (TestGettingAddress:test_dhcp6_stateless_from_os): 200 GET http://10.0.2.15:8774/v2.1/bebf5370fb8e4e498ef4ff221801dcf3/servers 0.233s
2015-12-25 15:51:33,486 21170 DEBUG    [tempest_lib.common.rest_client] Request - Headers: {'Content-Type': 'application/json', 'Accept': 'application/json', 'X-Auth-Token': '&lt;omitted&gt;'}
        Body: None
    Response - Headers: {'status': '200', 'content-length': '391', 'content-location': 'http://10.0.2.15:8774/v2.1/bebf5370fb8e4e498ef4ff221801dcf3/servers', 'x-compute-request-id': 'req-b578e769-e443-477c-82b8-489f839f7ea3', 'vary': 'X-OpenStack-Nova-API-Version', 'connection': 'close', 'x-openstack-nova-api-version': '2.1', 'date': 'Fri, 25 Dec 2015 15:51:33 GMT', 'content-type': 'application/json'}
        Body: {"servers": [{"id": "91c79b64-5d2a-4721-9aa9-3764f08bfdcf", "links": [{"href": "http://10.0.2.15:8774/v2.1/bebf5370fb8e4e498ef4ff221801dcf3/servers/91c79b64-5d2a-4721-9aa9-3764f08bfdcf", "rel": "self"}, {"href": "http://10.0.2.15:8774/bebf5370fb8e4e498ef4ff221801dcf3/servers/91c79b64-5d2a-4721-9aa9-3764f08bfdcf", "rel": "bookmark"}], "name": "tempest.common.compute-instance-1820143756"}]}
2015-12-25 15:51:33,697 21170 INFO     [tempest_lib.common.rest_client] Request (TestGettingAddress:test_dhcp6_stateless_from_os): 200 POST http://10.0.2.15:8774/v2.1/bebf5370fb8e4e498ef4ff221801dcf3/servers/91c79b64-5d2a-4721-9aa9-3764f08bfdcf/action 0.204s
2015-12-25 15:51:33,697 21170 DEBUG    [tempest_lib.common.rest_client] Request - Headers: {'Content-Type': 'application/json', 'Accept': 'application/json', 'X-Auth-Token': '&lt;omitted&gt;'}
        Body: {"os-getConsoleOutput": {}}
    Response - Headers: {'status': '200', 'content-length': '24671', 'x-compute-request-id': 'req-17beef11-cd8e-4614-b37e-dbcd96199ace', 'vary': 'X-OpenStack-Nova-API-Version', 'connection': 'close', 'x-openstack-nova-api-version': '2.1', 'date': 'Fri, 25 Dec 2015 15:51:33 GMT', 'content-type': 'application/json'}
        Body: {"output": "[    0.000000] Initializing cgroup subsys cpuset\n[    0.000000] Initializing cgroup subsys cpu\n[    0.000000] Linux version 3.2.0-80-virtual (buildd@batsu) (gcc version 4.6.3 (Ubuntu/Linaro 4.6.3-1ubuntu5) ) #116-Ubuntu SMP Mon Mar 23 17:28:52 UTC 2015 (Ubuntu 3.2.0-80.116-virtual 3.2.68)\n[    0.000000] Command line: root=/dev/vda console=tty0 console=ttyS0 no_timer_check\n[    0.000000] KERNEL supported cpus:\n[    0.000000]   Intel GenuineIntel\n[    0.000000]   AMD AuthenticAMD\n[    0.000000]   Centaur CentaurHauls\n[    0.000000] BIOS-provided physical RAM map:\n[    0.000000]  BIOS-e820: 0000000000000000 - 000000000009fc00 (usable)\n[    0.000000]  BIOS-e820: 000000000009fc00 - 00000000000a0000 (reserved)\n[    0.000000]  BIOS-e820: 00000000000f0000 - 0000000000100000 (reserved)\n[    0.000000]  BIOS-e820: 0000000000100000 - 0000000003ffe000 (usable)\n[    0.000000]  BIOS-e820: 0000000003ffe000 - 0000000004000000 (reserved)\n[    0.000000]  BIOS-e820: 00000000fffc0000 - 0000000100000000 (reserved)\n[    0.000000] NX (Execute Disable) protection: active\n[    0.000000] SMBIOS 2.4 present.\n[    0.000000] No AGP bridge found\n[    0.000000] last_pfn = 0x3ffe max_arch_pfn = 0x400000000\n[    0.000000] x86 PAT enabled: cpu 0, old 0x7040600070406, new 0x7010600070106\n[    0.000000] found SMP MP-table at [ffff8800000f0b00] f0b00\n[    0.000000] init_memory_mapping: 0000000000000000-0000000003ffe000\n[    0.000000] RAMDISK: 03c5e000 - 03ff0000\n[    0.000000] ACPI: RSDP 00000000000f0950 00014 (v00 BOCHS )\n[    0.000000] ACPI: RSDT 0000000003fffbc1 00034 (v01 BOCHS  BXPCRSDT 00000001 BXPC 00000001)\n[    0.000000] ACPI: FACP 0000000003fff1c0 00074 (v01 BOCHS  BXPCFACP 00000001 BXPC 00000001)\n[    0.000000] ACPI: DSDT 0000000003ffe040 01180 (v01 BOCHS  BXPCDSDT 00000001 BXPC 00000001)\n[    0.000000] ACPI: FACS 0000000003ffe000 00040\n[    0.000000] ACPI: SSDT 0000000003fff234 008DD (v01 BOCHS  BXPCSSDT 00000001 BXPC 00000001)\n[    0.000000] ACPI: APIC 0000000003fffb11 00078 (v01 BOCHS  BXPCAPIC 00000001 BXPC 00000001)\n[    0.000000] ACPI: HPET 0000000003fffb89 00038 (v01 BOCHS  BXPCHPET 00000001 BXPC 00000001)\n[    0.000000] No NUMA configuration found\n[    0.000000] Faking a node at 0000000000000000-0000000003ffe000\n[    0.000000] Initmem setup node 0 0000000000000000-0000000003ffe000\n[    0.000000]   NODE_DATA [0000000003ff6000 - 0000000003ffafff]\n[    0.000000] Zone PFN ranges:\n[    0.000000]   DMA      0x00000010 -&gt; 0x00001000\n[    0.000000]   DMA32    0x00001000 -&gt; 0x00100000\n[    0.000000]   Normal   empty\n[    0.000000] Movable zone start PFN for each node\n[    0.000000] early_node_map[2] active PFN ranges\n[    0.000000]     0: 0x00000010 -&gt; 0x0000009f\n[    0.000000]     0: 0x00000100 -&gt; 0x00003ffe\n[    0.000000] ACPI: PM-Timer IO Port: 0xb008\n[    0.000000] ACPI: LAPIC (acpi_id[0x00] lapic_id[0x00] enabled)\n[    0.000000] ACPI: LAPIC_NMI (acpi_id[0xff] dfl dfl lint[0x1])\n[    0.000000] ACPI: IOAPIC (id[0x00] address[0xfec00000] gsi_base[0])\n[    0.000000] IOAPIC[0]: apic_id 0, version 17, address 0xfec00000, GSI 0-23\n[    0.000000] ACPI: INT_SRC_OVR (bus 0 bus_irq 0 global_irq 2 dfl dfl)\n[    0.000000] ACPI: INT_SRC_OVR (bus 0 bus_irq 5 global_irq 5 high level)\n[    0.000000] ACPI: INT_SRC_OVR (bus 0 bus_irq 9 global_irq 9 high level)\n[    0.000000] ACPI: INT_SRC_OVR (bus 0 bus_irq 10 global_irq 10 high level)\n[    0.000000] ACPI: INT_SRC_OVR (bus 0 bus_irq 11 global_irq 11 high level)\n[    0.000000] Using ACPI (MADT) for SMP configuration information\n[    0.000000] ACPI: HPET id: 0x8086a201 base: 0xfed00000\n[    0.000000] SMP: Allowing 1 CPUs, 0 hotplug CPUs\n[    0.000000] PM: Registered nosave memory: 000000000009f000 - 00000000000a0000\n[    0.000000] PM: Registered nosave memory: 00000000000a0000 - 00000000000f0000\n[    0.000000] PM: Registered nosave memory: 00000000000f0000 - 0000000000100000\n[    0.000000] Allocating PCI resources starting at 4000000 (gap: 4000000:fbfc0000)\n[    0.000000] Booting paravirtualized kernel on bare hardware\n[    0.000000] setup_pe
2015-12-25 15:51:33,700 21170 DEBUG    [tempest.scenario.manager] Console output for 91c79b64-5d2a-4721-9aa9-3764f08bfdcf
body=
[    0.000000] Initializing cgroup subsys cpuset
[    0.000000] Initializing cgroup subsys cpu
[    0.000000] Linux version 3.2.0-80-virtual (buildd@batsu) (gcc version 4.6.3 (Ubuntu/Linaro 4.6.3-1ubuntu5) ) #116-Ubuntu SMP Mon Mar 23 17:28:52 UTC 2015 (Ubuntu 3.2.0-80.116-virtual 3.2.68)
[    0.000000] Command line: root=/dev/vda console=tty0 console=ttyS0 no_timer_check
[    0.000000] KERNEL supported cpus:
[    0.000000]   Intel GenuineIntel
[    0.000000]   AMD AuthenticAMD
[    0.000000]   Centaur CentaurHauls
[    0.000000] BIOS-provided physical RAM map:
[    0.000000]  BIOS-e820: 0000000000000000 - 000000000009fc00 (usable)
[    0.000000]  BIOS-e820: 000000000009fc00 - 00000000000a0000 (reserved)
[    0.000000]  BIOS-e820: 00000000000f0000 - 0000000000100000 (reserved)
[    0.000000]  BIOS-e820: 0000000000100000 - 0000000003ffe000 (usable)
[    0.000000]  BIOS-e820: 0000000003ffe000 - 0000000004000000 (reserved)
[    0.000000]  BIOS-e820: 00000000fffc0000 - 0000000100000000 (reserved)
[    0.000000] NX (Execute Disable) protection: active
[    0.000000] SMBIOS 2.4 present.
[    0.000000] No AGP bridge found
[    0.000000] last_pfn = 0x3ffe max_arch_pfn = 0x400000000
[    0.000000] x86 PAT enabled: cpu 0, old 0x7040600070406, new 0x7010600070106
[    0.000000] found SMP MP-table at [ffff8800000f0b00] f0b00
[    0.000000] init_memory_mapping: 0000000000000000-0000000003ffe000
[    0.000000] RAMDISK: 03c5e000 - 03ff0000
[    0.000000] ACPI: RSDP 00000000000f0950 00014 (v00 BOCHS )
[    0.000000] ACPI: RSDT 0000000003fffbc1 00034 (v01 BOCHS  BXPCRSDT 00000001 BXPC 00000001)
[    0.000000] ACPI: FACP 0000000003fff1c0 00074 (v01 BOCHS  BXPCFACP 00000001 BXPC 00000001)
[    0.000000] ACPI: DSDT 0000000003ffe040 01180 (v01 BOCHS  BXPCDSDT 00000001 BXPC 00000001)
[    0.000000] ACPI: FACS 0000000003ffe000 00040
[    0.000000] ACPI: SSDT 0000000003fff234 008DD (v01 BOCHS  BXPCSSDT 00000001 BXPC 00000001)
[    0.000000] ACPI: APIC 0000000003fffb11 00078 (v01 BOCHS  BXPCAPIC 00000001 BXPC 00000001)
[    0.000000] ACPI: HPET 0000000003fffb89 00038 (v01 BOCHS  BXPCHPET 00000001 BXPC 00000001)
[    0.000000] No NUMA configuration found
[    0.000000] Faking a node at 0000000000000000-0000000003ffe000
[    0.000000] Initmem setup node 0 0000000000000000-0000000003ffe000
[    0.000000]   NODE_DATA [0000000003ff6000 - 0000000003ffafff]
[    0.000000] Zone PFN ranges:
[    0.000000]   DMA      0x00000010 -&gt; 0x00001000
[    0.000000]   DMA32    0x00001000 -&gt; 0x00100000
[    0.000000]   Normal   empty
[    0.000000] Movable zone start PFN for each node
[    0.000000] early_node_map[2] active PFN ranges
[    0.000000]     0: 0x00000010 -&gt; 0x0000009f
[    0.000000]     0: 0x00000100 -&gt; 0x00003ffe
[    0.000000] ACPI: PM-Timer IO Port: 0xb008
[    0.000000] ACPI: LAPIC (acpi_id[0x00] lapic_id[0x00] enabled)
[    0.000000] ACPI: LAPIC_NMI (acpi_id[0xff] dfl dfl lint[0x1])
[    0.000000] ACPI: IOAPIC (id[0x00] address[0xfec00000] gsi_base[0])
[    0.000000] IOAPIC[0]: apic_id 0, version 17, address 0xfec00000, GSI 0-23
[    0.000000] ACPI: INT_SRC_OVR (bus 0 bus_irq 0 global_irq 2 dfl dfl)
[    0.000000] ACPI: INT_SRC_OVR (bus 0 bus_irq 5 global_irq 5 high level)
[    0.000000] ACPI: INT_SRC_OVR (bus 0 bus_irq 9 global_irq 9 high level)
[    0.000000] ACPI: INT_SRC_OVR (bus 0 bus_irq 10 global_irq 10 high level)
[    0.000000] ACPI: INT_SRC_OVR (bus 0 bus_irq 11 global_irq 11 high level)
[    0.000000] Using ACPI (MADT) for SMP configuration information
[    0.000000] ACPI: HPET id: 0x8086a201 base: 0xfed00000
[    0.000000] SMP: Allowing 1 CPUs, 0 hotplug CPUs
[    0.000000] PM: Registered nosave memory: 000000000009f000 - 00000000000a0000
[    0.000000] PM: Registered nosave memory: 00000000000a0000 - 00000000000f0000
[    0.000000] PM: Registered nosave memory: 00000000000f0000 - 0000000000100000
[    0.000000] Allocating PCI resources starting at 4000000 (gap: 4000000:fbfc0000)
[    0.000000] Booting paravirtualized kernel on bare hardware
[    0.000000] setup_percpu: NR_CPUS:64 nr_cpumask_bits:64 nr_cpu_ids:1 nr_node_ids:1
[    0.000000] PERCPU: Embedded 27 pages/cpu @ffff880003a00000 s78848 r8192 d23552 u2097152
[    0.000000] Built 1 zonelists in Node order, mobility grouping on.  Total pages: 16008
[    0.000000] Policy zone: DMA32
[    0.000000] Kernel command line: root=/dev/vda console=tty0 console=ttyS0 no_timer_check
[    0.000000] PID hash table entries: 256 (order: -1, 2048 bytes)
[    0.000000] Checking aperture...
[    0.000000] No AGP bridge found
[    0.000000] Memory: 43492k/65528k available (6576k kernel code, 452k absent, 21584k reserved, 6620k data, 928k init)
[    0.000000] SLUB: Genslabs=15, HWalign=64, Order=0-3, MinObjects=0, CPUs=1, Nodes=1
[    0.000000] Hierarchical RCU implementation.
[    0.000000] 	RCU dyntick-idle grace-period acceleration is enabled.
[    0.000000] NR_IRQS:4352 nr_irqs:256 16
[    0.000000] Console: colour VGA+ 80x25
[    0.000000] console [tty0] enabled
[    0.000000] console [ttyS0] enabled
[    0.000000] allocated 1048576 bytes of page_cgroup
[    0.000000] please try 'cgroup_disable=memory' option if you don't want memory cgroups
[    0.000000] Fast TSC calibration failed
[    0.000000] TSC: Unable to calibrate against PIT
[    0.000000] TSC: using HPET reference calibration
[    0.000000] Detected 2293.540 MHz processor.
[    0.032851] Calibrating delay loop (skipped), value calculated using timer frequency.. 4587.08 BogoMIPS (lpj=9174160)
[    0.035002] pid_max: default: 32768 minimum: 301
[    0.045821] Security Framework initialized
[    0.052776] AppArmor: AppArmor initialized
[    0.053709] Yama: becoming mindful.
[    0.061420] Dentry cache hash table entries: 8192 (order: 4, 65536 bytes)
[    0.063311] Inode-cache hash table entries: 4096 (order: 3, 32768 bytes)
[    0.064675] Mount-cache hash table entries: 256
[    0.082856] Initializing cgroup subsys cpuacct
[    0.084470] Initializing cgroup subsys memory
[    0.086504] Initializing cgroup subsys devices
[    0.087237] Initializing cgroup subsys freezer
[    0.088139] Initializing cgroup subsys blkio
[    0.088866] Initializing cgroup subsys perf_event
[    0.095009] mce: CPU supports 10 MCE banks
[    0.098213] SMP alternatives: switching to UP code
[    0.505381] Freeing SMP alternatives: 24k freed
[    0.507006] ACPI: Core revision 20110623
[    0.557779] ftrace: allocating 26610 entries in 105 pages
[    0.585357] ..TIMER: vector=0x30 apic1=0 pin1=2 apic2=-1 pin2=-1
[    0.586812] CPU0: AMD QEMU Virtual CPU version 2.0.0 stepping 03
[    0.592036] Performance Events: Broken PMU hardware detected, using software events only.
[    0.600860] NMI watchdog disabled (cpu0): hardware events not enabled
[    0.602468] Brought up 1 CPUs
[    0.604316] Total of 1 processors activated (4587.08 BogoMIPS).
[    0.628190] devtmpfs: initialized
[    0.654652] EVM: security.selinux
[    0.655094] EVM: security.SMACK64
[    0.655502] EVM: security.capability
[    0.688897] print_constraints: dummy: 
[    0.690865] RTC time: 15:46:30, date: 12/25/15
[    0.694410] NET: Registered protocol family 16
[    0.707044] ACPI: bus type pci registered
[    0.714606] PCI: Using configuration type 1 for base access
[    0.745412] bio: create slab &lt;bio-0&gt; at 0
[    0.750273] ACPI: Added _OSI(Module Device)
[    0.750856] ACPI: Added _OSI(Processor Device)
[    0.751443] ACPI: Added _OSI(3.0 _SCP Extensions)
[    0.752120] ACPI: Added _OSI(Processor Aggregator Device)
[    0.840520] ACPI: Interpreter enabled
[    0.841273] ACPI: (supports S0 S3 S4 S5)
[    0.843316] ACPI: Using IOAPIC for interrupt routing
[    0.913710] ACPI: No dock devices found.
[    0.914334] HEST: Table not found.
[    0.914889] PCI: Using host bridge windows from ACPI; if necessary, use "pci=nocrs" and report a bug
[    0.920711] ACPI: PCI Root Bridge [PCI0] (domain 0000 [bus 00-ff])
[    0.928391] pci_root PNP0A03:00: host bridge window [io  0x0000-0x0cf7]
[    0.929288] pci_root PNP0A03:00: host bridge window [io  0x0d00-0xadff]
[    0.930202] pci_root PNP0A03:00: host bridge window [io  0xae0f-0xaeff]
[    0.931109] pci_root PNP0A03:00: host bridge window [io  0xaf20-0xafdf]
[    0.932109] pci_root PNP0A03:00: host bridge window [io  0xafe4-0xffff]
[    0.933038] pci_root PNP0A03:00: host bridge window [mem 0x000a0000-0x000bffff]
[    0.933934] pci_root PNP0A03:00: host bridge window [mem 0x04000000-0xfebfffff]
[    0.956444] pci 0000:00:01.3: quirk: [io  0xb000-0xb03f] claimed by PIIX4 ACPI
[    0.957479] pci 0000:00:01.3: quirk: [io  0xb100-0xb10f] claimed by PIIX4 SMB
[    1.025700]  pci0000:00: Unable to request _OSC control (_OSC support mask: 0x1e)
[    1.082677] ACPI: PCI Interrupt Link [LNKA] (IRQs 5 *10 11)
[    1.085294] ACPI: PCI Interrupt Link [LNKB] (IRQs 5 *10 11)
[    1.086715] ACPI: PCI Interrupt Link [LNKC] (IRQs 5 10 *11)
[    1.089472] ACPI: PCI Interrupt Link [LNKD] (IRQs 5 10 *11)
[    1.090643] ACPI: PCI Interrupt Link [LNKS] (IRQs *9)
[    1.096710] vgaarb: device added: PCI:0000:00:02.0,decodes=io+mem,owns=io+mem,locks=none
[    1.097621] vgaarb: loaded
[    1.097951] vgaarb: bridge control possible 0000:00:02.0
[    1.101848] i2c-core: driver [aat2870] using legacy suspend method
[    1.102481] i2c-core: driver [aat2870] using legacy resume method
[    1.105139] SCSI subsystem initialized
[    1.108714] usbcore: registered new interface driver usbfs
[    1.109794] usbcore: registered new interface driver hub
[    1.110934] usbcore: registered new device driver usb
[    1.117574] PCI: Using ACPI for IRQ routing
[    1.130467] NetLabel: Initializing
[    1.130896] NetLabel:  domain hash size = 128
[    1.131390] NetLabel:  protocols = UNLABELED CIPSOv4
[    1.133343] NetLabel:  unlabeled traffic allowed by default
[    1.136653] HPET: 3 timers in total, 0 timers will be used for per-cpu timer
[    1.137555] hpet0: at MMIO 0xfed00000, IRQs 2, 8, 0
[    1.138360] hpet0: 3 comparators, 64-bit 100.000000 MHz counter
[    1.150433] Switching to clocksource hpet
[    1.421379] AppArmor: AppArmor Filesystem Enabled
[    1.422990] pnp: PnP ACPI init
[    1.423628] ACPI: bus type pnp registered
[    1.443422] pnp: PnP ACPI: found 9 devices
[    1.444055] ACPI: ACPI bus type pnp unregistered
[    1.513816] NET: Registered protocol family 2
[    1.557600] IP route cache hash table entries: 512 (order: 0, 4096 bytes)
[    1.567145] TCP established hash table entries: 2048 (order: 3, 32768 bytes)
[    1.568040] TCP bind hash table entries: 2048 (order: 3, 32768 bytes)
[    1.570695] TCP: Hash tables configured (established 2048 bind 2048)
[    1.571506] TCP reno registered
[    1.572018] UDP hash table entries: 128 (order: 0, 4096 bytes)
[    1.573751] UDP-Lite hash table entries: 128 (order: 0, 4096 bytes)
[    1.576018] NET: Registered protocol family 1
[    1.577560] pci 0000:00:00.0: Limiting direct PCI/PCI transfers
[    1.578609] pci 0000:00:01.0: PIIX3: Enabling Passive Release
[    1.579578] pci 0000:00:01.0: Activating ISA DMA hang workarounds
[    1.588169] ACPI: PCI Interrupt Link [LNKD] enabled at IRQ 11
[    1.591403] pci 0000:00:01.2: PCI INT D -&gt; Link[LNKD] -&gt; GSI 11 (level, high) -&gt; IRQ 11
[    1.594743] pci 0000:00:01.2: PCI INT D disabled
[    1.614525] audit: initializing netlink socket (disabled)
[    1.616114] type=2000 audit(1451058390.612:1): initialized
[    1.754097] Trying to unpack rootfs image as initramfs...
[    1.921851] HugeTLB registered 2 MB page size, pre-allocated 0 pages
[    2.011196] VFS: Disk quotas dquot_6.5.2
[    2.013282] Dquot-cache hash table entries: 512 (order 0, 4096 bytes)
[    2.035401] fuse init (API version 7.17)
[    2.038714] msgmni has been set to 84
[    2.070865] Block layer SCSI generic (bsg) driver version 0.4 loaded (major 253)
[    2.078310] io scheduler noop registered
[    2.078889] io scheduler deadline registered (default)
[    2.080016] io scheduler cfq registered
[    2.083867] pci_hotplug: PCI Hot Plug PCI Core version: 0.5
[    2.086640] pciehp: PCI Express Hot Plug Controller Driver version: 0.4
[    2.091853] input: Power Button as /devices/LNXSYSTM:00/LNXPWRBN:00/input/input0
[    2.093908] ACPI: Power Button [PWRF]
[    2.151830] ERST: Table is not found!
[    2.154138] GHES: HEST is not enabled!
[    2.170956] ACPI: PCI Interrupt Link [LNKC] enabled at IRQ 10
[    2.171621] virtio-pci 0000:00:03.0: PCI INT A -&gt; Link[LNKC] -&gt; GSI 10 (level, high) -&gt; IRQ 10
[    2.175922] virtio-pci 0000:00:04.0: PCI INT A -&gt; Link[LNKD] -&gt; GSI 11 (level, high) -&gt; IRQ 11
[    2.197235] ACPI: PCI Interrupt Link [LNKA] enabled at IRQ 10
[    2.197940] virtio-pci 0000:00:05.0: PCI INT A -&gt; Link[LNKA] -&gt; GSI 10 (level, high) -&gt; IRQ 10
[    2.213532] Serial: 8250/16550 driver, 32 ports, IRQ sharing enabled
[    2.255262] serial8250: ttyS0 at I/O 0x3f8 (irq = 4) is a 16550A
[    2.340873] serial8250: ttyS1 at I/O 0x2f8 (irq = 3) is a 16550A
[    2.490485] 00:05: ttyS0 at I/O 0x3f8 (irq = 4) is a 16550A
[    2.566629] 00:06: ttyS1 at I/O 0x2f8 (irq = 3) is a 16550A
[    2.606514] Refined TSC clocksource calibration: 2293.575 MHz.
[    2.607272] Switching to clocksource tsc
[    2.621450] Linux agpgart interface v0.103
[    2.681398] brd: module loaded
[    2.715604] loop: module loaded
[    2.762791]  vda: unknown partition table
[    2.841520] scsi0 : ata_piix
[    2.851794] scsi1 : ata_piix
[    2.854413] ata1: PATA max MWDMA2 cmd 0x1f0 ctl 0x3f6 bmdma 0xc0a0 irq 14
[    2.855353] ata2: PATA max MWDMA2 cmd 0x170 ctl 0x376 bmdma 0xc0a8 irq 15
[    2.866866] Fixed MDIO Bus: probed
[    2.867693] tun: Universal TUN/TAP device driver, 1.6
[    2.868786] tun: (C) 1999-2004 Max Krasnyansky &lt;maxk@qualcomm.com&gt;
[    2.881576] PPP generic driver version 2.4.2
[    2.899811] ehci_hcd: USB 2.0 'Enhanced' Host Controller (EHCI) Driver
[    2.901751] ohci_hcd: USB 1.1 'Open' Host Controller (OHCI) Driver
[    2.902754] uhci_hcd: USB Universal Host Controller Interface driver
[    2.903820] uhci_hcd 0000:00:01.2: PCI INT D -&gt; Link[LNKD] -&gt; GSI 11 (level, high) -&gt; IRQ 11
[    2.907267] uhci_hcd 0000:00:01.2: UHCI Host Controller
[    2.921983] uhci_hcd 0000:00:01.2: new USB bus registered, assigned bus number 1
[    2.923732] uhci_hcd 0000:00:01.2: irq 11, io base 0x0000c040
[    2.965693] hub 1-0:1.0: USB hub found
[    2.967677] hub 1-0:1.0: 2 ports detected
[    2.975330] usbcore: registered new interface driver libusual
[    2.977821] i8042: PNP: PS/2 Controller [PNP0303:KBD,PNP0f13:MOU] at 0x60,0x64 irq 1,12
[    2.985829] serio: i8042 KBD port at 0x60,0x64 irq 1
[    2.987630] serio: i8042 AUX port at 0x60,0x64 irq 12
[    3.028020] mousedev: PS/2 mouse device common for all mice
[    3.039194] input: AT Translated Set 2 keyboard as /devices/platform/i8042/serio0/input/input1
[    3.044014] rtc_cmos 00:01: RTC can wake from S4
[    3.064814] rtc_cmos 00:01: rtc core: registered rtc_cmos as rtc0
[    3.068763] rtc0: alarms up to one day, 114 bytes nvram, hpet irqs
[    3.071995] device-mapper: uevent: version 1.0.3
[    3.088021] ata2.01: ATAPI: QEMU DVD-ROM, 2.0.0, max UDMA/100
[    3.111317] device-mapper: ioctl: 4.22.0-ioctl (2011-10-19) initialised: dm-devel@redhat.com
[    3.121670] cpuidle: using governor ladder
[    3.123122] cpuidle: using governor menu
[    3.124017] EFI Variables Facility v0.08 2004-May-17
[    3.138535] TCP cubic registered
[    3.143232] NET: Registered protocol family 10
[    3.182538] NET: Registered protocol family 17
[    3.183892] Registering the dns_resolver key type
[    3.191406] ata2.01: configured for MWDMA2
[    3.247446] scsi 1:0:1:0: CD-ROM            QEMU     QEMU DVD-ROM     2.0. PQ: 0 ANSI: 5
[    3.275770] sr0: scsi3-mmc drive: 4x/4x cd/rw xa/form2 tray
[    3.278632] cdrom: Uniform CD-ROM driver Revision: 3.20
[    3.295819] sr 1:0:1:0: Attached scsi generic sg0 type 5
[    3.346849] registered taskstats version 1
[    4.020107] Freeing initrd memory: 3656k freed
[    4.419509]   Magic number: 11:742:791
[    4.428039] rtc_cmos 00:01: setting system clock to 2015-12-25 15:46:34 UTC (1451058394)
[    4.430093] powernow-k8: Processor cpuid 663 not supported
[    4.435572] BIOS EDD facility v0.16 2004-Jun-25, 0 devices found
[    4.436912] EDD information not available.
[    4.482940] Freeing unused kernel memory: 928k freed
[    4.486771] Write protecting the kernel read-only data: 12288k
[    4.576003] Freeing unused kernel memory: 1596k freed
[    4.643645] Freeing unused kernel memory: 1184k freed

info: initramfs: up at 4.85
modprobe: module virtio_blk not found in modules.dep
modprobe: module virtio_net not found in modules.dep
info: copying initramfs to /dev/vda
info: initramfs loading root from /dev/vda
info: /etc/init.d/rc.sysinit: up at 9.55
info: container: none
Starting logging: OK
modprobe: module virtio_blk not found in modules.dep
modprobe: module virtio_net not found in modules.dep
WARN: /etc/rc3.d/S10-load-modules failed
Initializing random number generator... done.
Starting acpid: OK
cirros-ds 'local' up at 12.14
found datasource (configdrive, local)
Starting network...
udhcpc (v1.20.1) started
Sending discover...
Sending discover...
Sending discover...
Usage: /sbin/cirros-dhcpc &lt;up|down&gt;
No lease, failing
WARN: /etc/rc3.d/S40-network failed
Starting dropbear sshd: generating rsa key... generating dsa key... OK
no userdata for datasource
=== system information ===
Platform: OpenStack Foundation OpenStack Nova
Container: none
Arch: x86_64
CPU(s): 1 @ 2293.540 MHz
Cores/Sockets/Threads: 1/1/1
Virt-type: AMD-V
RAM Size: 49MB
Disks:
NAME MAJ:MIN     SIZE LABEL         MOUNTPOINT
vda  253:0   25165824 cirros-rootfs /
sr0   11:0     428032 config-2      
=== sshd host keys ===
-----BEGIN SSH HOST KEY KEYS-----
ssh-rsa AAAAB3NzaC1yc2EAAAADAQABAAAAgwCBoewc0e+VM3mJfqweXS8nXhZ1Exjltivl6K6WcyE9HyAEmi6MyK5SEEtsiA+DxmtzmHy89JA5VJqKyUP0Dd1TR9r82eeFs5f4M1StzjaYuEZ0vIq6GKOVDV/TFcT85+pZJgmCq5uv3AxyEU3Iyi3QgpDMiHWq8AgrFDOzZXvtBdeV root@tempest
ssh-dss AAAAB3NzaC1kc3MAAACBAMvhT5BsFUhZ/wnGsIahZpP7DA2JY0g0DDnxjd4iIlxw8sTYBjFOF8yr7b2uom1XgsLCF54Ij1LSpjyjWEpXMZwWERywHoEqqTiL0XsvrULg/GQc1XmRvU5XP1dwaOfWb/9rcFo4krbIKkm3QIAGVcYOs20by2YqO/uDpgCw4tz5AAAAFQDnakh6JJd8Z4g/gq2Vhpm5VsQPHwAAAIBaNs7OGe6ZU9CLiYT8msmFQyr0agfgdOkIt+Ojf+z++5wAuRv6Oi1atvA4zXYz4SVO+7BHc0WFMKKVgP3EbGdso4efudP2DWyRUeF8dUyRUL27uIriQohZGloQ9WGysH3EE5OiFfN2liF82CGngrF1bWOKEsfq4zdQhWD3ttMpEwAAAIBmnVgZZpfLegQWDgK4ESYgLA981lWNCWfTDBq0O/kpLAFSRsf0hMWNgp8+F0HC4d0DWYZZYgjOrQhBs5boHZ4X5Ktl6ZUH4ndXrT66EowHspDG5VeQwwOodlzhZA31HNfBaO9xhrDnzpPHrH3DbAUC6RKZG2HXFDDWzuxNgcvw2Q== root@tempest
-----END SSH HOST KEY KEYS-----
=== network info ===
if-info: lo,up,127.0.0.1,8,::1
if-info: eth0,up,,8,fe80::f816:3eff:fe6f:5b3f
=== datasource: configdrive local ===
instance-id: 91c79b64-5d2a-4721-9aa9-3764f08bfdcf
name: tempest.common.compute-instance-1820143756
availability-zone: nova
local-hostname: tempest.common.compute-instance-1820143756.novalocal
launch-index: 0
=== cirros: current=0.3.4 uptime=201.64 ===
route: fscanf
=== pinging gateway failed, debugging connection ===
############ debug start ##############
### /etc/init.d/sshd start
Starting dropbear sshd: OK
route: fscanf
### ifconfig -a
eth0      Link encap:Ethernet  HWaddr FA:16:3E:6F:5B:3F  
          inet6 addr: fe80::f816:3eff:fe6f:5b3f/64 Scope:Link
          UP BROADCAST RUNNING MULTICAST  MTU:1500  Metric:1
          RX packets:12 errors:0 dropped:5 overruns:0 frame:0
          TX packets:8 errors:0 dropped:0 overruns:0 carrier:0
          collisions:0 txqueuelen:1000 
          RX bytes:1303 (1.2 KiB)  TX bytes:1134 (1.1 KiB)

lo        Link encap:Local Loopback  
          inet addr:127.0.0.1  Mask:255.0.0.0
          inet6 addr: ::1/128 Scope:Host
          UP LOOPBACK RUNNING  MTU:16436  Metric:1
          RX packets:12 errors:0 dropped:0 overruns:0 frame:0
          TX packets:12 errors:0 dropped:0 overruns:0 carrier:0
          collisions:0 txqueuelen:0 
          RX bytes:1020 (1020.0 B)  TX bytes:1020 (1020.0 B)

### route -n
Kernel IP routing table
Destination     Gateway         Genmask         Flags Metric Ref    Use Iface
route: fscanf
### cat /etc/resolv.conf
cat: can't open '/etc/resolv.conf': No such file or directory
### gateway not found
/sbin/cirros-status: line 1: can't open /etc/resolv.conf: no such file
### pinging nameservers
### uname -a
Linux tempest 3.2.0-80-virtual #116-Ubuntu SMP Mon Mar 23 17:28:52 UTC 2015 x86_64 GNU/Linux
### lsmod
Module                  Size  Used by    Not tainted
nls_iso8859_1          12713  0 
nls_cp437              16991  0 
vfat                   17585  0 
fat                    61512  1 vfat
isofs                  40259  0 
ip_tables              27473  0 
x_tables               29891  1 ip_tables
pcnet32                42119  0 
8139cp                 27360  0 
ne2k_pci               13691  0 
8390                   18856  1 ne2k_pci
e1000                 108589  0 
acpiphp                24231  0 
### dmesg | tail
[    5.645466] EXT3-fs (vda): mounted filesystem with ordered data mode
[    5.953340] ISO 9660 Extensions: Microsoft Joliet Level 3
[    6.041419] ISO 9660 Extensions: RRIP_1991A
[    6.313460] kjournald starting.  Commit interval 5 seconds
[    6.329410] EXT3-fs (vda): using internal journal
[    6.330648] EXT3-fs (vda): mounted filesystem with ordered data mode
[    9.618807] EXT3-fs (vda): using internal journal
[   12.904197] ISO 9660 Extensions: Microsoft Joliet Level 3
[   13.007727] ISO 9660 Extensions: RRIP_1991A
[   27.861030] eth0: no IPv6 routers present
### tail -n 25 /var/log/messages
Dec 25 15:46:41 cirros kern.info kernel: [    5.178746] acpiphp: Slot [26] registered
Dec 25 15:46:41 cirros kern.info kernel: [    5.179030] acpiphp: Slot [27] registered
Dec 25 15:46:41 cirros kern.info kernel: [    5.179396] acpiphp: Slot [28] registered
Dec 25 15:46:41 cirros kern.info kernel: [    5.179896] acpiphp: Slot [29] registered
Dec 25 15:46:41 cirros kern.info kernel: [    5.180989] acpiphp: Slot [30] registered
Dec 25 15:46:41 cirros kern.info kernel: [    5.181348] acpiphp: Slot [31] registered
Dec 25 15:46:41 cirros kern.info kernel: [    5.236032] e1000: Intel(R) PRO/1000 Network Driver - version 7.3.21-k8-NAPI
Dec 25 15:46:41 cirros kern.info kernel: [    5.236115] e1000: Copyright (c) 1999-2006 Intel Corporation.
Dec 25 15:46:41 cirros kern.info kernel: [    5.273951] ne2k-pci.c:v1.03 9/22/2003 D. Becker/P. Gortmaker
Dec 25 15:46:41 cirros kern.info kernel: [    5.314351] 8139cp: 8139cp: 10/100 PCI Ethernet driver v1.3 (Mar 22, 2004)
Dec 25 15:46:41 cirros kern.info kernel: [    5.363965] pcnet32: pcnet32.c:v1.35 21.Apr.2008 tsbogend@alpha.franken.de
Dec 25 15:46:41 cirros kern.info kernel: [    5.414169] ip_tables: (C) 2000-2006 Netfilter Core Team
Dec 25 15:46:41 cirros kern.info kernel: [    5.643028] kjournald starting.  Commit interval 5 seconds
Dec 25 15:46:41 cirros kern.info kernel: [    5.645466] EXT3-fs (vda): mounted filesystem with ordered data mode
Dec 25 15:46:41 cirros kern.debug kernel: [    5.953340] ISO 9660 Extensions: Microsoft Joliet Level 3
Dec 25 15:46:41 cirros kern.debug kernel: [    6.041419] ISO 9660 Extensions: RRIP_1991A
Dec 25 15:46:41 cirros kern.info kernel: [    6.313460] kjournald starting.  Commit interval 5 seconds
Dec 25 15:46:41 cirros kern.info kernel: [    6.329410] EXT3-fs (vda): using internal journal
Dec 25 15:46:41 cirros kern.info kernel: [    6.330648] EXT3-fs (vda): mounted filesystem with ordered data mode
Dec 25 15:46:41 cirros kern.info kernel: [    9.618807] EXT3-fs (vda): using internal journal
Dec 25 15:46:42 cirros kern.debug kernel: [   12.904197] ISO 9660 Extensions: Microsoft Joliet Level 3
Dec 25 15:46:43 cirros kern.debug kernel: [   13.007727] ISO 9660 Extensions: RRIP_1991A
Dec 25 15:46:45 cirros auth.notice su: + /dev/console root:cirros
Dec 25 15:46:57 cirros kern.debug kernel: [   27.861030] eth0: no IPv6 routers present
Dec 25 15:49:49 cirros authpriv.info dropbear[283]: Running in background
############ debug end   ##############
  ____               ____  ____
 / __/ __ ____ ____ / __ \/ __/
/ /__ / // __// __// /_/ /\ \ 
\___//_//_/  /_/   \____/___/ 
   http://cirros-cloud.net


login as 'cirros' user. default password: 'cubswin:)'. use 'sudo' for root.
tempest login: 
2015-12-25 15:51:34,137 21170 INFO     [tempest_lib.common.rest_client] Request (TestGettingAddress:_run_cleanups): 204 DELETE http://10.0.2.15:9696/v2.0/floatingips/9438ee91-864f-4bbc-96df-ada038e6186b 0.431s
2015-12-25 15:51:34,138 21170 DEBUG    [tempest_lib.common.rest_client] Request - Headers: {'Content-Type': 'application/json', 'Accept': 'application/json', 'X-Auth-Token': '&lt;omitted&gt;'}
        Body: None
    Response - Headers: {'date': 'Fri, 25 Dec 2015 15:51:34 GMT', 'status': '204', 'connection': 'close', 'content-length': '0', 'x-openstack-request-id': 'req-f22b0bfd-48c0-42fb-87ca-09df8cb87feb'}
        Body: 
2015-12-25 15:51:34,345 21170 INFO     [tempest_lib.common.rest_client] Request (TestGettingAddress:_run_cleanups): 204 DELETE http://10.0.2.15:8774/v2.1/bebf5370fb8e4e498ef4ff221801dcf3/servers/91c79b64-5d2a-4721-9aa9-3764f08bfdcf 0.207s
2015-12-25 15:51:34,346 21170 DEBUG    [tempest_lib.common.rest_client] Request - Headers: {'Content-Type': 'application/json', 'Accept': 'application/json', 'X-Auth-Token': '&lt;omitted&gt;'}
        Body: None
    Response - Headers: {'status': '204', 'content-length': '0', 'x-compute-request-id': 'req-85b47ea2-c32d-4dbb-bebf-11591374908e', 'vary': 'X-OpenStack-Nova-API-Version', 'connection': 'close', 'x-openstack-nova-api-version': '2.1', 'date': 'Fri, 25 Dec 2015 15:51:34 GMT', 'content-type': 'application/json'}
        Body: 
2015-12-25 15:51:34,821 21170 INFO     [tempest_lib.common.rest_client] Request (TestGettingAddress:_run_cleanups): 200 GET http://10.0.2.15:8774/v2.1/bebf5370fb8e4e498ef4ff221801dcf3/servers/91c79b64-5d2a-4721-9aa9-3764f08bfdcf 0.474s
2015-12-25 15:51:34,821 21170 DEBUG    [tempest_lib.common.rest_client] Request - Headers: {'Content-Type': 'application/json', 'Accept': 'application/json', 'X-Auth-Token': '&lt;omitted&gt;'}
        Body: None
    Response - Headers: {'status': '200', 'content-length': '1905', 'content-location': 'http://10.0.2.15:8774/v2.1/bebf5370fb8e4e498ef4ff221801dcf3/servers/91c79b64-5d2a-4721-9aa9-3764f08bfdcf', 'x-compute-request-id': 'req-8e2da22e-8e1f-4e15-9076-9d8fe0726d92', 'vary': 'X-OpenStack-Nova-API-Version', 'connection': 'close', 'x-openstack-nova-api-version': '2.1', 'date': 'Fri, 25 Dec 2015 15:51:34 GMT', 'content-type': 'application/json'}
        Body: {"server": {"status": "ACTIVE", "updated": "2015-12-25T15:51:34Z", "hostId": "8653b0a62de40ed0b054177ea706f4714461a0c93a495fb2182ee594", "addresses": {"tempest-network-smoke--1381829530": [{"OS-EXT-IPS-MAC:mac_addr": "fa:16:3e:6f:5b:3f", "version": 6, "addr": "2003::f816:3eff:fe6f:5b3f", "OS-EXT-IPS:type": "fixed"}, {"OS-EXT-IPS-MAC:mac_addr": "fa:16:3e:6f:5b:3f", "version": 4, "addr": "10.100.0.3", "OS-EXT-IPS:type": "fixed"}, {"OS-EXT-IPS-MAC:mac_addr": "fa:16:3e:6f:5b:3f", "version": 4, "addr": "172.24.4.4", "OS-EXT-IPS:type": "floating"}]}, "links": [{"href": "http://10.0.2.15:8774/v2.1/bebf5370fb8e4e498ef4ff221801dcf3/servers/91c79b64-5d2a-4721-9aa9-3764f08bfdcf", "rel": "self"}, {"href": "http://10.0.2.15:8774/bebf5370fb8e4e498ef4ff221801dcf3/servers/91c79b64-5d2a-4721-9aa9-3764f08bfdcf", "rel": "bookmark"}], "key_name": "tempest-TestGettingAddress-2047088365", "image": {"id": "3c030f79-601f-4fe2-adcd-a172afc36718", "links": [{"href": "http://10.0.2.15:8774/bebf5370fb8e4e498ef4ff221801dcf3/images/3c030f79-601f-4fe2-adcd-a172afc36718", "rel": "bookmark"}]}, "OS-EXT-STS:task_state": "deleting", "OS-EXT-STS:vm_state": "active", "OS-SRV-USG:launched_at": "2015-12-25T15:46:26.000000", "flavor": {"id": "42", "links": [{"href": "http://10.0.2.15:8774/bebf5370fb8e4e498ef4ff221801dcf3/flavors/42", "rel": "bookmark"}]}, "id": "91c79b64-5d2a-4721-9aa9-3764f08bfdcf", "security_groups": [{"name": "tempest-secgroup-smoke-1228393823"}], "OS-SRV-USG:terminated_at": null, "OS-EXT-AZ:availability_zone": "nova", "user_id": "0d45846e1db24b0c99cae2e69cee5ceb", "name": "tempest.common.compute-instance-1820143756", "created": "2015-12-25T15:46:22Z", "tenant_id": "bebf5370fb8e4e498ef4ff221801dcf3", "OS-DCF:diskConfig": "MANUAL", "os-extended-volumes:volumes_attached": [], "accessIPv4": "", "accessIPv6": "", "progress": 0, "OS-EXT-STS:power_state": 1, "config_drive": "True", "metadata": {}}}
2015-12-25 15:51:35,986 21170 INFO     [tempest_lib.common.rest_client] Request (TestGettingAddress:_run_cleanups): 200 GET http://10.0.2.15:8774/v2.1/bebf5370fb8e4e498ef4ff221801dcf3/servers/91c79b64-5d2a-4721-9aa9-3764f08bfdcf 0.155s
2015-12-25 15:51:35,987 21170 DEBUG    [tempest_lib.common.rest_client] Request - Headers: {'Content-Type': 'application/json', 'Accept': 'application/json', 'X-Auth-Token': '&lt;omitted&gt;'}
        Body: None
    Response - Headers: {'status': '200', 'content-length': '1445', 'content-location': 'http://10.0.2.15:8774/v2.1/bebf5370fb8e4e498ef4ff221801dcf3/servers/91c79b64-5d2a-4721-9aa9-3764f08bfdcf', 'x-compute-request-id': 'req-ff1982d8-e4b1-4108-bb41-43aa834053bf', 'vary': 'X-OpenStack-Nova-API-Version', 'connection': 'close', 'x-openstack-nova-api-version': '2.1', 'date': 'Fri, 25 Dec 2015 15:51:35 GMT', 'content-type': 'application/json'}
        Body: {"server": {"status": "DELETED", "updated": "2015-12-25T15:51:35Z", "hostId": "8653b0a62de40ed0b054177ea706f4714461a0c93a495fb2182ee594", "addresses": {}, "links": [{"href": "http://10.0.2.15:8774/v2.1/bebf5370fb8e4e498ef4ff221801dcf3/servers/91c79b64-5d2a-4721-9aa9-3764f08bfdcf", "rel": "self"}, {"href": "http://10.0.2.15:8774/bebf5370fb8e4e498ef4ff221801dcf3/servers/91c79b64-5d2a-4721-9aa9-3764f08bfdcf", "rel": "bookmark"}], "key_name": "tempest-TestGettingAddress-2047088365", "image": {"id": "3c030f79-601f-4fe2-adcd-a172afc36718", "links": [{"href": "http://10.0.2.15:8774/bebf5370fb8e4e498ef4ff221801dcf3/images/3c030f79-601f-4fe2-adcd-a172afc36718", "rel": "bookmark"}]}, "OS-EXT-STS:task_state": null, "OS-EXT-STS:vm_state": "deleted", "OS-SRV-USG:launched_at": "2015-12-25T15:46:26.000000", "flavor": {"id": "42", "links": [{"href": "http://10.0.2.15:8774/bebf5370fb8e4e498ef4ff221801dcf3/flavors/42", "rel": "bookmark"}]}, "id": "91c79b64-5d2a-4721-9aa9-3764f08bfdcf", "OS-SRV-USG:terminated_at": "2015-12-25T15:51:35.000000", "OS-EXT-AZ:availability_zone": "nova", "user_id": "0d45846e1db24b0c99cae2e69cee5ceb", "name": "tempest.common.compute-instance-1820143756", "created": "2015-12-25T15:46:22Z", "tenant_id": "bebf5370fb8e4e498ef4ff221801dcf3", "OS-DCF:diskConfig": "MANUAL", "os-extended-volumes:volumes_attached": [], "accessIPv4": "", "accessIPv6": "", "OS-EXT-STS:power_state": 0, "config_drive": "True", "metadata": {}}}
2015-12-25 15:51:37,088 21170 INFO     [tempest_lib.common.rest_client] Request (TestGettingAddress:_run_cleanups): 404 GET http://10.0.2.15:8774/v2.1/bebf5370fb8e4e498ef4ff221801dcf3/servers/91c79b64-5d2a-4721-9aa9-3764f08bfdcf 0.083s
