<?xml version="1.0" encoding="UTF-8"?>
<!DOCTYPE html PUBLIC "-//W3C//DTD XHTML 1.0 Strict//EN"
     "http://www.w3.org/TR/xhtml1/DTD/xhtml1-strict.dtd">
<html xmlns="http://www.w3.org/1999/xhtml">
<head>
    <title>Unit Test Report</title>
    <meta name="generator" content="subunit2html 0.1"/>
    <meta http-equiv="Content-Type" content="text/html; charset=UTF-8"/>
    
<style type="text/css" media="screen">
body        { font-family: verdana, arial, helvetica, sans-serif;
    font-size: 80%; }
table       { font-size: 100%; width: 100%;}
pre         { font-size: 80%; }

/* -- heading -------------------------------------------------------------- */
h1 {
        font-size: 16pt;
        color: gray;
}
.heading {
    margin-top: 0ex;
    margin-bottom: 1ex;
}

.heading .attribute {
    margin-top: 1ex;
    margin-bottom: 0;
}

.heading .description {
    margin-top: 4ex;
    margin-bottom: 6ex;
}

/* -- css div popup -------------------------------------------------------- */
a.popup_link {
}

a.popup_link:hover {
    color: red;
}

.popup_window {
    display: none;
    overflow-x: scroll;
    /*border: solid #627173 1px; */
    padding: 10px;
    background-color: #E6E6D6;
    font-family: "Ubuntu Mono", "Lucida Console", "Courier New", monospace;
    text-align: left;
    font-size: 8pt;
}

}
/* -- report --------------------------------------------------------------- */
#show_detail_line {
    margin-top: 3ex;
    margin-bottom: 1ex;
}
#result_table {
    width: 100%;
    border-collapse: collapse;
    border: 1px solid #777;
}
#header_row {
    font-weight: bold;
    color: white;
    background-color: #777;
}
#result_table td {
    border: 1px solid #777;
    padding: 2px;
}
#total_row  { font-weight: bold; }
.passClass  { background-color: #6c6; }
.failClass  { background-color: #c60; }
.errorClass { background-color: #c00; }
.passCase   { color: #6c6; }
.failCase   { color: #c60; font-weight: bold; }
.errorCase  { color: #c00; font-weight: bold; }
.hiddenRow  { display: none; }
.testcase   { margin-left: 2em; }
td.testname {width: 40%}
td.small {width: 40px}

/* -- ending --------------------------------------------------------------- */
#ending {
}

</style>

</head>
<body>
<script language="javascript" type="text/javascript"><!--
output_list = Array();

/* level - 0:Summary; 1:Failed; 2:All */
function showCase(level) {
    trs = document.getElementsByTagName("tr");
    for (var i = 0; i < trs.length; i++) {
        tr = trs[i];
        id = tr.id;
        if (id.substr(0,2) == 'ft') {
            if (level < 1) {
                tr.className = 'hiddenRow';
            }
            else {
                tr.className = '';
            }
        }
        if (id.substr(0,2) == 'pt') {
            if (level > 1) {
                tr.className = '';
            }
            else {
                tr.className = 'hiddenRow';
            }
        }
    }
}


function showClassDetail(cid, count) {
    var id_list = Array(count);
    var toHide = 1;
    for (var i = 0; i < count; i++) {
        tid0 = 't' + cid.substr(1) + '.' + (i+1);
        tid = 'f' + tid0;
        tr = document.getElementById(tid);
        if (!tr) {
            tid = 'p' + tid0;
            tr = document.getElementById(tid);
        }
        id_list[i] = tid;
        if (tr.className) {
            toHide = 0;
        }
    }
    for (var i = 0; i < count; i++) {
        tid = id_list[i];
        if (toHide) {
            document.getElementById('div_'+tid).style.display = 'none'
            document.getElementById(tid).className = 'hiddenRow';
        }
        else {
            document.getElementById(tid).className = '';
        }
    }
}


function showTestDetail(div_id){
    var details_div = document.getElementById(div_id)
    var displayState = details_div.style.display
    // alert(displayState)
    if (displayState != 'block' ) {
        displayState = 'block'
        details_div.style.display = 'block'
    }
    else {
        details_div.style.display = 'none'
    }
}


function html_escape(s) {
    s = s.replace(/&/g,'&amp;');
    s = s.replace(/</g,'&lt;');
    s = s.replace(/>/g,'&gt;');
    return s;
}

/* obsoleted by detail in <div>
function showOutput(id, name) {
    var w = window.open("", //url
                    name,
                    "resizable,scrollbars,status,width=800,height=450");
    d = w.document;
    d.write("<pre>");
    d.write(html_escape(output_list[id]));
    d.write("\n");
    d.write("<a href='javascript:window.close()'>close</a>\n");
    d.write("</pre>\n");
    d.close();
}
*/
--></script>

<div class='heading'>
<h1>Unit Test Report</h1>

<p class='attribute'><strong>Status:</strong> Failure 8</p>

<p class='description'></p>
</div>



<p id='show_detail_line'>Show
<a href='javascript:showCase(0)'>Summary</a>
<a href='javascript:showCase(1)'>Failed</a>
<a href='javascript:showCase(2)'>All</a>
</p>
<table id='result_table'>
<colgroup>
<col align='left' />
<col align='right' />
<col align='right' />
<col align='right' />
<col align='right' />
<col align='right' />
<col align='right' />
<col align='right' />
</colgroup>
<tr id='header_row'>
    <td>Test Group/Test case</td>
    <td>Count</td>
    <td>Pass</td>
    <td>Fail</td>
    <td>Error</td>
    <td>Skip</td>
    <td>View</td>
    <td> </td>
</tr>

<tr class='failClass'>
    <td class="testname">tempest.scenario.test_network_v6.TestGettingAddress</td>
    <td class="small">8</td>
    <td class="small">0</td>
    <td class="small">8</td>
    <td class="small">0</td>
    <td class="small">0</td>
    <td class="small"><a href="javascript:showClassDetail('c1',8)"
>Detail</a></td>
    <td> </td>
</tr>

<tr id='ft1.1' class='none'>
    <td class='failCase'><div class='testcase'>test_dhcp6_stateless_from_os[compute,id-d7e1f858-187c-45a6-89c9-bdafde619a9f,network]</div></td>
    <td colspan='7' align='left'>

    <!--css div popup start-->
    <a class="popup_link" onfocus='this.blur();'
    href="javascript:showTestDetail('div_ft1.1')" >
        fail</a>

    <div id='div_ft1.1' class="popup_window">
        <div style='text-align: right; color:red;cursor:pointer'>
        <a onfocus='this.blur();'
onclick="document.getElementById('div_ft1.1').style.display = 'none' " >
           [x]</a>
        </div>
        <pre>
        
ft1.1: tempest.scenario.test_network_v6.TestGettingAddress.test_dhcp6_stateless_from_os[compute,id-d7e1f858-187c-45a6-89c9-bdafde619a9f,network]_StringException: Empty attachments:
  stderr
  stdout

pythonlogging:'': {{{
2015-12-17 05:46:34,782 21136 INFO     [tempest_lib.common.rest_client] Request (TestGettingAddress:setUp): 200 POST http://10.0.2.15:8774/v2.1/9a32fafe5fae45848df2810d5eb66fae/os-keypairs 0.602s
2015-12-17 05:46:34,783 21136 DEBUG    [tempest_lib.common.rest_client] Request - Headers: {'Content-Type': 'application/json', 'Accept': 'application/json', 'X-Auth-Token': '&lt;omitted&gt;'}
        Body: {"keypair": {"name": "tempest-TestGettingAddress-1564856861"}}
    Response - Headers: {'status': '200', 'content-length': '2320', 'x-compute-request-id': 'req-0679cd22-47f7-44f8-930f-1286c7fdce36', 'vary': 'X-OpenStack-Nova-API-Version', 'connection': 'close', 'x-openstack-nova-api-version': '2.1', 'date': 'Thu, 17 Dec 2015 05:46:34 GMT', 'content-type': 'application/json'}
        Body: {"keypair": {"public_key": "ssh-rsa AAAAB3NzaC1yc2EAAAADAQABAAABAQDTRc5a+5XrBQWl9nPoAnSBdfHY4/QW1XXilFfs9AaAK6Xyuw4rC6kcwonZEYm7VTLCuWXfOV5YeFgA7fg2F31h975U6GmW1wFJ2U4Is3lvnZkiaNjlExWSbxfxhx9tfCgIbk9VyRnK732YJlFggYJgaXc1nsELEBabRGG9+SpV5ie5QpTdLnXQHBNll121dz9NHsb1TskL74Z57vXBsMQuWazya9AlJofZdxvhvzbYGUByJjBKpJ+aVWxNaUSLmD/aJ/Wosl7kKlekicj0Hjd9nOeXz200VZS+/j1jf8s3As73BBzTC7VbZqL/7t2VnMziyVJu83DKaRH4sp/prGHt Generated-by-Nova", "private_key": "-----BEGIN RSA PRIVATE KEY-----\nMIIEpwIBAAKCAQEA00XOWvuV6wUFpfZz6AJ0gXXx2OP0FtV14pRX7PQGgCul8rsO\nKwupHMKJ2RGJu1Uywrll3zleWHhYAO34Nhd9Yfe+VOhpltcBSdlOCLN5b52ZImjY\n5RMVkm8X8YcfbXwoCG5PVckZyu99mCZRYIGCYGl3NZ7BCxAWm0RhvfkqVeYnuUKU\n3S510BwTZZddtXc/TR7G9U7JC++Gee71wbDELlms8mvQJSaH2Xcb4b822BlAciYw\nSqSfmlVsTWlEi5g/2if1qLJe5CpXpInI9B43fZznl89tNFWUvv49Y3/LNwLO9wQc\n0wu1W2ai/+7dlZzM4slSbvNwymkR+LKf6axh7QIDAQABAoIBAF4m371gHQFtbYT2\nfdTJM052V18Gx0JdwnlFDqIEZdk8mmm/vqKkQasVbwUTccPQRhzNLn76O/dFOkK/\nyjug4DmGhIWmRVf5XROiCcqK4PVC0HmrK+16QcTOSWdThkfuapDHSAe85QexDtF9\nUgql7Io2te9pXjIl600qfjyBC8LXTT63dYWbuoqD7Pj4XD3wYONGMJxXKfOiviXO\nqIyDhnbvVAuW7vFWvxFbUobeioDGfpPhm+F6/oK6IACRwwEyVeOswBspXnQAmyzF\ncKUJnxBrs9hfZUEDJxR5wuzzVz1u+GRCq8B4Kfq8U51yo2+cC+vxd6BvaCYQm61Z\nc4T4I8ECggCBAOF5UzixPUhaSWz6V8YrxlzxT0rM3TYYctYhdYuP+PqXpRbtrBJR\n8dwwnaVY6JSKfeBKwrgytsqX1htKuBuBtbWb4oXvOjHGPTRXEFATEobVZHZ4/+xN\naYaet6uKyduTMzGep+GBalDFL/oU3bSuvSFgUJyNrgIL5US6LMHGUFkpAoIAgQDv\n4EgZG4o8f9imaTz8ne7z9mLiN3ymnQ4OCsV6J4OyAYV9d7TVMORpZJBubwYhSJoZ\n/jCdY55iHcl29VF22Uc5/OTTs9jBhPHTZ0YzPkD2/VwvPVIOuKw1MAdBGBliwcBh\nzOCNi41r7JoSszrOCdEbKZQ4RhS1tn8oi1CVoLBnJQKCAIB1C8tk4bVDawM03FxW\nVoEZ3HbiCKlJHLX4bNQdR/bi93fPCEBMHlfkiyQ7IoVSHvarSYP9pO35C4stDcO3\nG8WdajfUeVSHZDZ/hjbEqrHyZrJJQhTwsVr3dEs6dMjHAIoR1x+lU85B8asvMkfJ\nNPCfc+VE79OF4nD5FYCIcw9gyQKCAIB6GmCY5zvmr+1ISCmTLZGE/dY38Kay6R9O\nZo0/MP4Ijl21EEose0bJnzcl/73PE3Xd5VY5x4vHxgHXW+ir5s4q5mBUoyei2ll+\nkwNY8kd/cliKc1xhwf9m05vdtra1XorfPbrQUkkatsV232T/nF+kw/V+7617EfqI\nWOIcSD+DQQKCAIA3D9wFIY/J3T4T6B/mdIbaNrAdxuKiPzp0CvRpDTN+NUMB4bp1\n1T43LEOwDfGP6Sw1K5/Vg4FXFo66Lu//I11wW9JyHFSeuXXnbeMDaJlZ2Oe/3hdh\nLwr06ARevF2+6qiJ/yi7B3DXJFm1kYibpuBi0oW+TLW2PGRZYrXV431UWg==\n-----END RSA PRIVATE KEY-----\n", "user_id": "1801d22237334a4db134a4b512b52165", "name": "tempest-TestGettingAddress-1564856861", "fingerprint": "b9:9e:7b:4f:38:60:a1:9c:88:d8:71:d8:49:6a:6c:54"}}
2015-12-17 05:46:35,101 21136 INFO     [tempest_lib.common.rest_client] Request (TestGettingAddress:setUp): 201 POST http://10.0.2.15:9696/v2.0/security-groups 0.314s
2015-12-17 05:46:35,102 21136 DEBUG    [tempest_lib.common.rest_client] Request - Headers: {'Content-Type': 'application/json', 'Accept': 'application/json', 'X-Auth-Token': '&lt;omitted&gt;'}
        Body: {"security_group": {"tenant_id": "9a32fafe5fae45848df2810d5eb66fae", "description": "tempest-secgroup-smoke-1611226265 description", "name": "tempest-secgroup-smoke-1611226265"}}
    Response - Headers: {'status': '201', 'content-length': '888', 'connection': 'close', 'date': 'Thu, 17 Dec 2015 05:46:35 GMT', 'content-type': 'application/json; charset=UTF-8', 'x-openstack-request-id': 'req-73b3bca1-47fc-4da9-a810-9cb78bd941eb'}
        Body: {"security_group": {"tenant_id": "9a32fafe5fae45848df2810d5eb66fae", "description": "tempest-secgroup-smoke-1611226265 description", "id": "a1aa57b0-3605-40c1-8736-164642e872ea", "security_group_rules": [{"remote_group_id": null, "direction": "egress", "remote_ip_prefix": null, "protocol": null, "ethertype": "IPv4", "tenant_id": "9a32fafe5fae45848df2810d5eb66fae", "port_range_max": null, "port_range_min": null, "id": "64a94e03-7da9-4c5b-8b77-ab66895e9fb5", "security_group_id": "a1aa57b0-3605-40c1-8736-164642e872ea"}, {"remote_group_id": null, "direction": "egress", "remote_ip_prefix": null, "protocol": null, "ethertype": "IPv6", "tenant_id": "9a32fafe5fae45848df2810d5eb66fae", "port_range_max": null, "port_range_min": null, "id": "ad1f3eae-8b15-4b3d-9279-3ae6be9a1425", "security_group_id": "a1aa57b0-3605-40c1-8736-164642e872ea"}], "name": "tempest-secgroup-smoke-1611226265"}}
2015-12-17 05:46:35,230 21136 INFO     [tempest_lib.common.rest_client] Request (TestGettingAddress:setUp): 201 POST http://10.0.2.15:9696/v2.0/security-group-rules 0.126s
2015-12-17 05:46:35,230 21136 DEBUG    [tempest_lib.common.rest_client] Request - Headers: {'Content-Type': 'application/json', 'Accept': 'application/json', 'X-Auth-Token': '&lt;omitted&gt;'}
        Body: {"security_group_rule": {"direction": "ingress", "protocol": "tcp", "tenant_id": "9a32fafe5fae45848df2810d5eb66fae", "port_range_max": 22, "security_group_id": "a1aa57b0-3605-40c1-8736-164642e872ea", "port_range_min": 22}}
    Response - Headers: {'status': '201', 'content-length': '340', 'connection': 'close', 'date': 'Thu, 17 Dec 2015 05:46:35 GMT', 'content-type': 'application/json; charset=UTF-8', 'x-openstack-request-id': 'req-c41f5cdf-b2be-439a-81ad-71f124f66a3c'}
        Body: {"security_group_rule": {"remote_group_id": null, "direction": "ingress", "remote_ip_prefix": null, "protocol": "tcp", "ethertype": "IPv4", "tenant_id": "9a32fafe5fae45848df2810d5eb66fae", "port_range_max": 22, "port_range_min": 22, "id": "47b30b35-9781-409d-87c0-b3bdbcd021cc", "security_group_id": "a1aa57b0-3605-40c1-8736-164642e872ea"}}
2015-12-17 05:46:35,478 21136 INFO     [tempest_lib.common.rest_client] Request (TestGettingAddress:setUp): 201 POST http://10.0.2.15:9696/v2.0/security-group-rules 0.246s
2015-12-17 05:46:35,478 21136 DEBUG    [tempest_lib.common.rest_client] Request - Headers: {'Content-Type': 'application/json', 'Accept': 'application/json', 'X-Auth-Token': '&lt;omitted&gt;'}
        Body: {"security_group_rule": {"direction": "egress", "protocol": "tcp", "tenant_id": "9a32fafe5fae45848df2810d5eb66fae", "port_range_max": 22, "security_group_id": "a1aa57b0-3605-40c1-8736-164642e872ea", "port_range_min": 22}}
    Response - Headers: {'status': '201', 'content-length': '339', 'connection': 'close', 'date': 'Thu, 17 Dec 2015 05:46:35 GMT', 'content-type': 'application/json; charset=UTF-8', 'x-openstack-request-id': 'req-cce1acee-138c-481f-ba25-0a45e482fb8c'}
        Body: {"security_group_rule": {"remote_group_id": null, "direction": "egress", "remote_ip_prefix": null, "protocol": "tcp", "ethertype": "IPv4", "tenant_id": "9a32fafe5fae45848df2810d5eb66fae", "port_range_max": 22, "port_range_min": 22, "id": "084dce60-07e7-4439-95a8-654058d8eed1", "security_group_id": "a1aa57b0-3605-40c1-8736-164642e872ea"}}
2015-12-17 05:46:35,600 21136 INFO     [tempest_lib.common.rest_client] Request (TestGettingAddress:setUp): 201 POST http://10.0.2.15:9696/v2.0/security-group-rules 0.119s
2015-12-17 05:46:35,600 21136 DEBUG    [tempest_lib.common.rest_client] Request - Headers: {'Content-Type': 'application/json', 'Accept': 'application/json', 'X-Auth-Token': '&lt;omitted&gt;'}
        Body: {"security_group_rule": {"tenant_id": "9a32fafe5fae45848df2810d5eb66fae", "direction": "ingress", "protocol": "icmp", "security_group_id": "a1aa57b0-3605-40c1-8736-164642e872ea"}}
    Response - Headers: {'status': '201', 'content-length': '345', 'connection': 'close', 'date': 'Thu, 17 Dec 2015 05:46:35 GMT', 'content-type': 'application/json; charset=UTF-8', 'x-openstack-request-id': 'req-32a9663f-5d4e-4d4f-b275-4cd5153da68e'}
        Body: {"security_group_rule": {"remote_group_id": null, "direction": "ingress", "remote_ip_prefix": null, "protocol": "icmp", "ethertype": "IPv4", "tenant_id": "9a32fafe5fae45848df2810d5eb66fae", "port_range_max": null, "port_range_min": null, "id": "be72462a-8b21-4f2b-8e6d-5234bd77fab6", "security_group_id": "a1aa57b0-3605-40c1-8736-164642e872ea"}}
2015-12-17 05:46:35,721 21136 INFO     [tempest_lib.common.rest_client] Request (TestGettingAddress:setUp): 201 POST http://10.0.2.15:9696/v2.0/security-group-rules 0.119s
2015-12-17 05:46:35,721 21136 DEBUG    [tempest_lib.common.rest_client] Request - Headers: {'Content-Type': 'application/json', 'Accept': 'application/json', 'X-Auth-Token': '&lt;omitted&gt;'}
        Body: {"security_group_rule": {"tenant_id": "9a32fafe5fae45848df2810d5eb66fae", "direction": "egress", "protocol": "icmp", "security_group_id": "a1aa57b0-3605-40c1-8736-164642e872ea"}}
    Response - Headers: {'status': '201', 'content-length': '344', 'connection': 'close', 'date': 'Thu, 17 Dec 2015 05:46:35 GMT', 'content-type': 'application/json; charset=UTF-8', 'x-openstack-request-id': 'req-97160b32-a6bc-4a0f-8417-cc1a8bdc7d50'}
        Body: {"security_group_rule": {"remote_group_id": null, "direction": "egress", "remote_ip_prefix": null, "protocol": "icmp", "ethertype": "IPv4", "tenant_id": "9a32fafe5fae45848df2810d5eb66fae", "port_range_max": null, "port_range_min": null, "id": "b61605db-3767-4d18-a271-f2973992fc78", "security_group_id": "a1aa57b0-3605-40c1-8736-164642e872ea"}}
2015-12-17 05:46:35,843 21136 INFO     [tempest_lib.common.rest_client] Request (TestGettingAddress:setUp): 201 POST http://10.0.2.15:9696/v2.0/security-group-rules 0.120s
2015-12-17 05:46:35,844 21136 DEBUG    [tempest_lib.common.rest_client] Request - Headers: {'Content-Type': 'application/json', 'Accept': 'application/json', 'X-Auth-Token': '&lt;omitted&gt;'}
        Body: {"security_group_rule": {"tenant_id": "9a32fafe5fae45848df2810d5eb66fae", "direction": "ingress", "security_group_id": "a1aa57b0-3605-40c1-8736-164642e872ea", "protocol": "icmp", "ethertype": "IPv6"}}
    Response - Headers: {'status': '201', 'content-length': '345', 'connection': 'close', 'date': 'Thu, 17 Dec 2015 05:46:35 GMT', 'content-type': 'application/json; charset=UTF-8', 'x-openstack-request-id': 'req-21270371-de71-4f0f-b8e8-3d86d4b7f0e7'}
        Body: {"security_group_rule": {"remote_group_id": null, "direction": "ingress", "remote_ip_prefix": null, "protocol": "icmp", "ethertype": "IPv6", "tenant_id": "9a32fafe5fae45848df2810d5eb66fae", "port_range_max": null, "port_range_min": null, "id": "635f6925-98ee-4429-b2a4-18aaaea2856e", "security_group_id": "a1aa57b0-3605-40c1-8736-164642e872ea"}}
2015-12-17 05:46:35,958 21136 INFO     [tempest_lib.common.rest_client] Request (TestGettingAddress:setUp): 201 POST http://10.0.2.15:9696/v2.0/security-group-rules 0.113s
2015-12-17 05:46:35,959 21136 DEBUG    [tempest_lib.common.rest_client] Request - Headers: {'Content-Type': 'application/json', 'Accept': 'application/json', 'X-Auth-Token': '&lt;omitted&gt;'}
        Body: {"security_group_rule": {"tenant_id": "9a32fafe5fae45848df2810d5eb66fae", "direction": "egress", "security_group_id": "a1aa57b0-3605-40c1-8736-164642e872ea", "protocol": "icmp", "ethertype": "IPv6"}}
    Response - Headers: {'status': '201', 'content-length': '344', 'connection': 'close', 'date': 'Thu, 17 Dec 2015 05:46:35 GMT', 'content-type': 'application/json; charset=UTF-8', 'x-openstack-request-id': 'req-149f784a-903c-4ff7-bad2-6891374bd2f7'}
        Body: {"security_group_rule": {"remote_group_id": null, "direction": "egress", "remote_ip_prefix": null, "protocol": "icmp", "ethertype": "IPv6", "tenant_id": "9a32fafe5fae45848df2810d5eb66fae", "port_range_max": null, "port_range_min": null, "id": "c9c817f0-c8fe-42a3-99a3-5d7376110e00", "security_group_id": "a1aa57b0-3605-40c1-8736-164642e872ea"}}
2015-12-17 05:46:36,145 21136 INFO     [tempest_lib.common.rest_client] Request (TestGettingAddress:test_dhcp6_stateless_from_os): 201 POST http://10.0.2.15:9696/v2.0/networks 0.184s
2015-12-17 05:46:36,146 21136 DEBUG    [tempest_lib.common.rest_client] Request - Headers: {'Content-Type': 'application/json', 'Accept': 'application/json', 'X-Auth-Token': '&lt;omitted&gt;'}
        Body: {"network": {"tenant_id": "9a32fafe5fae45848df2810d5eb66fae", "name": "tempest-network-smoke--41296586"}}
    Response - Headers: {'status': '201', 'content-length': '327', 'connection': 'close', 'date': 'Thu, 17 Dec 2015 05:46:36 GMT', 'content-type': 'application/json; charset=UTF-8', 'x-openstack-request-id': 'req-d31d1359-c4f8-4f19-a71b-3513b950a35e'}
        Body: {"network": {"status": "ACTIVE", "subnets": [], "availability_zone_hints": "[]", "name": "tempest-network-smoke--41296586", "admin_state_up": true, "tenant_id": "9a32fafe5fae45848df2810d5eb66fae", "mtu": 0, "router:external": false, "shared": false, "port_security_enabled": true, "id": "6b44843f-4033-4ee2-8e76-4920d65642f1"}}
2015-12-17 05:46:36,408 21136 INFO     [tempest_lib.common.rest_client] Request (TestGettingAddress:test_dhcp6_stateless_from_os): 200 GET http://10.0.2.15:9696/v2.0/subnets?tenant_id=9a32fafe5fae45848df2810d5eb66fae&amp;cidr=10.100.0.0%2F28 0.260s
2015-12-17 05:46:36,409 21136 DEBUG    [tempest_lib.common.rest_client] Request - Headers: {'Content-Type': 'application/json', 'Accept': 'application/json', 'X-Auth-Token': '&lt;omitted&gt;'}
        Body: None
    Response - Headers: {'status': '200', 'content-length': '15', 'content-location': 'http://10.0.2.15:9696/v2.0/subnets?tenant_id=9a32fafe5fae45848df2810d5eb66fae&amp;cidr=10.100.0.0%2F28', 'connection': 'close', 'date': 'Thu, 17 Dec 2015 05:46:36 GMT', 'content-type': 'application/json; charset=UTF-8', 'x-openstack-request-id': 'req-3a50fc51-0813-489b-aa07-0202d4797739'}
        Body: {"subnets": []}
2015-12-17 05:46:36,758 21136 INFO     [tempest_lib.common.rest_client] Request (TestGettingAddress:test_dhcp6_stateless_from_os): 201 POST http://10.0.2.15:9696/v2.0/subnets 0.348s
2015-12-17 05:46:36,759 21136 DEBUG    [tempest_lib.common.rest_client] Request - Headers: {'Content-Type': 'application/json', 'Accept': 'application/json', 'X-Auth-Token': '&lt;omitted&gt;'}
        Body: {"subnet": {"ip_version": 4, "tenant_id": "9a32fafe5fae45848df2810d5eb66fae", "cidr": "10.100.0.0/28", "network_id": "6b44843f-4033-4ee2-8e76-4920d65642f1", "name": "tempest-sub4-826789597"}}
    Response - Headers: {'status': '201', 'content-length': '469', 'connection': 'close', 'date': 'Thu, 17 Dec 2015 05:46:36 GMT', 'content-type': 'application/json; charset=UTF-8', 'x-openstack-request-id': 'req-3993f764-6bc0-4224-b580-806ccd979513'}
        Body: {"subnet": {"name": "tempest-sub4-826789597", "enable_dhcp": true, "network_id": "6b44843f-4033-4ee2-8e76-4920d65642f1", "tenant_id": "9a32fafe5fae45848df2810d5eb66fae", "dns_nameservers": [], "gateway_ip": "10.100.0.1", "ipv6_ra_mode": null, "allocation_pools": [{"start": "10.100.0.2", "end": "10.100.0.14"}], "host_routes": [], "ip_version": 4, "ipv6_address_mode": null, "cidr": "10.100.0.0/28", "id": "3e403c31-56f7-49ad-a1ab-d072ec165ca4", "subnetpool_id": null}}
2015-12-17 05:46:36,831 21136 INFO     [tempest_lib.common.rest_client] Request (TestGettingAddress:test_dhcp6_stateless_from_os): 201 POST http://10.0.2.15:9696/v2.0/routers 0.071s
2015-12-17 05:46:36,831 21136 DEBUG    [tempest_lib.common.rest_client] Request - Headers: {'Content-Type': 'application/json', 'Accept': 'application/json', 'X-Auth-Token': '&lt;omitted&gt;'}
        Body: {"router": {"tenant_id": "9a32fafe5fae45848df2810d5eb66fae", "name": "tempest-router-smoke-1913247052", "admin_state_up": true}}
    Response - Headers: {'status': '201', 'content-length': '296', 'connection': 'close', 'date': 'Thu, 17 Dec 2015 05:46:36 GMT', 'content-type': 'application/json; charset=UTF-8', 'x-openstack-request-id': 'req-e11ca739-4420-483d-8f9a-80a5aad0b1c6'}
        Body: {"router": {"status": "ACTIVE", "external_gateway_info": null, "availability_zone_hints": [], "availability_zones": [], "name": "tempest-router-smoke-1913247052", "admin_state_up": true, "tenant_id": "9a32fafe5fae45848df2810d5eb66fae", "routes": [], "id": "36e140e6-0eb3-4434-96c8-1ad675b72fbe"}}
2015-12-17 05:46:36,885 21136 INFO     [tempest_lib.common.rest_client] Request (TestGettingAddress:test_dhcp6_stateless_from_os): 200 GET http://10.0.2.15:9696/v2.0/routers/36e140e6-0eb3-4434-96c8-1ad675b72fbe 0.053s
2015-12-17 05:46:36,886 21136 DEBUG    [tempest_lib.common.rest_client] Request - Headers: {'Content-Type': 'application/json', 'Accept': 'application/json', 'X-Auth-Token': '&lt;omitted&gt;'}
        Body: None
    Response - Headers: {'status': '200', 'content-length': '296', 'content-location': 'http://10.0.2.15:9696/v2.0/routers/36e140e6-0eb3-4434-96c8-1ad675b72fbe', 'connection': 'close', 'date': 'Thu, 17 Dec 2015 05:46:36 GMT', 'content-type': 'application/json; charset=UTF-8', 'x-openstack-request-id': 'req-b7595939-f065-464a-a573-54bdaa0608d2'}
        Body: {"router": {"status": "ACTIVE", "external_gateway_info": null, "availability_zone_hints": [], "availability_zones": [], "name": "tempest-router-smoke-1913247052", "admin_state_up": true, "tenant_id": "9a32fafe5fae45848df2810d5eb66fae", "routes": [], "id": "36e140e6-0eb3-4434-96c8-1ad675b72fbe"}}
2015-12-17 05:46:37,629 21136 INFO     [tempest_lib.common.rest_client] Request (TestGettingAddress:test_dhcp6_stateless_from_os): 200 PUT http://10.0.2.15:9696/v2.0/routers/36e140e6-0eb3-4434-96c8-1ad675b72fbe 0.742s
2015-12-17 05:46:37,629 21136 DEBUG    [tempest_lib.common.rest_client] Request - Headers: {'Content-Type': 'application/json', 'Accept': 'application/json', 'X-Auth-Token': '&lt;omitted&gt;'}
        Body: {"router": {"external_gateway_info": {"network_id": "0fbe5803-f736-4ada-b920-f8f8fed5e4b0"}, "name": "tempest-router-smoke-1913247052", "admin_state_up": true}}
    Response - Headers: {'status': '200', 'content-length': '558', 'connection': 'close', 'date': 'Thu, 17 Dec 2015 05:46:37 GMT', 'content-type': 'application/json; charset=UTF-8', 'x-openstack-request-id': 'req-a59bb59d-2b05-4842-807f-7e78c4c3abf3'}
        Body: {"router": {"status": "ACTIVE", "external_gateway_info": {"network_id": "0fbe5803-f736-4ada-b920-f8f8fed5e4b0", "enable_snat": true, "external_fixed_ips": [{"subnet_id": "43a1ad5c-437b-4995-899d-ed5cfdc7135f", "ip_address": "172.24.4.3"}, {"subnet_id": "820b5130-73f7-420b-9266-924d66fdd411", "ip_address": "2001:db8::4"}]}, "availability_zone_hints": [], "availability_zones": [], "name": "tempest-router-smoke-1913247052", "admin_state_up": true, "tenant_id": "9a32fafe5fae45848df2810d5eb66fae", "routes": [], "id": "36e140e6-0eb3-4434-96c8-1ad675b72fbe"}}
2015-12-17 05:46:38,297 21136 INFO     [tempest_lib.common.rest_client] Request (TestGettingAddress:test_dhcp6_stateless_from_os): 200 PUT http://10.0.2.15:9696/v2.0/routers/36e140e6-0eb3-4434-96c8-1ad675b72fbe/add_router_interface 0.667s
2015-12-17 05:46:38,298 21136 DEBUG    [tempest_lib.common.rest_client] Request - Headers: {'Content-Type': 'application/json', 'Accept': 'application/json', 'X-Auth-Token': '&lt;omitted&gt;'}
        Body: {"subnet_id": "3e403c31-56f7-49ad-a1ab-d072ec165ca4"}
    Response - Headers: {'status': '200', 'content-length': '255', 'connection': 'close', 'date': 'Thu, 17 Dec 2015 05:46:38 GMT', 'content-type': 'application/json; charset=UTF-8', 'x-openstack-request-id': 'req-d2ae84f7-ef3b-40d5-ad57-070769e5ec37'}
        Body: {"subnet_id": "3e403c31-56f7-49ad-a1ab-d072ec165ca4", "tenant_id": "9a32fafe5fae45848df2810d5eb66fae", "subnet_ids": ["3e403c31-56f7-49ad-a1ab-d072ec165ca4"], "port_id": "e0bacf4c-0f0d-42c7-9063-b735b6025b95", "id": "36e140e6-0eb3-4434-96c8-1ad675b72fbe"}
2015-12-17 05:46:38,338 21136 INFO     [tempest_lib.common.rest_client] Request (TestGettingAddress:test_dhcp6_stateless_from_os): 200 GET http://10.0.2.15:9696/v2.0/subnets?tenant_id=9a32fafe5fae45848df2810d5eb66fae&amp;cidr=2003%3A%3A%2F64 0.039s
2015-12-17 05:46:38,338 21136 DEBUG    [tempest_lib.common.rest_client] Request - Headers: {'Content-Type': 'application/json', 'Accept': 'application/json', 'X-Auth-Token': '&lt;omitted&gt;'}
        Body: None
    Response - Headers: {'status': '200', 'content-length': '15', 'content-location': 'http://10.0.2.15:9696/v2.0/subnets?tenant_id=9a32fafe5fae45848df2810d5eb66fae&amp;cidr=2003%3A%3A%2F64', 'connection': 'close', 'date': 'Thu, 17 Dec 2015 05:46:38 GMT', 'content-type': 'application/json; charset=UTF-8', 'x-openstack-request-id': 'req-5df0f027-9ef3-4dd9-9343-56657e0b9d76'}
        Body: {"subnets": []}
2015-12-17 05:46:38,693 21136 INFO     [tempest_lib.common.rest_client] Request (TestGettingAddress:test_dhcp6_stateless_from_os): 201 POST http://10.0.2.15:9696/v2.0/subnets 0.354s
2015-12-17 05:46:38,693 21136 DEBUG    [tempest_lib.common.rest_client] Request - Headers: {'Content-Type': 'application/json', 'Accept': 'application/json', 'X-Auth-Token': '&lt;omitted&gt;'}
        Body: {"subnet": {"name": "tempest-sub6-1825439162", "network_id": "6b44843f-4033-4ee2-8e76-4920d65642f1", "tenant_id": "9a32fafe5fae45848df2810d5eb66fae", "ipv6_ra_mode": "dhcpv6-stateless", "ip_version": 6, "ipv6_address_mode": "dhcpv6-stateless", "cidr": "2003::/64"}}
    Response - Headers: {'status': '201', 'content-length': '502', 'connection': 'close', 'date': 'Thu, 17 Dec 2015 05:46:38 GMT', 'content-type': 'application/json; charset=UTF-8', 'x-openstack-request-id': 'req-9465ac81-c41b-43f9-8f9d-9a17cf36a111'}
        Body: {"subnet": {"name": "tempest-sub6-1825439162", "enable_dhcp": true, "network_id": "6b44843f-4033-4ee2-8e76-4920d65642f1", "tenant_id": "9a32fafe5fae45848df2810d5eb66fae", "dns_nameservers": [], "gateway_ip": "2003::1", "ipv6_ra_mode": "dhcpv6-stateless", "allocation_pools": [{"start": "2003::2", "end": "2003::ffff:ffff:ffff:ffff"}], "host_routes": [], "ip_version": 6, "ipv6_address_mode": "dhcpv6-stateless", "cidr": "2003::/64", "id": "7867a4c1-ac85-4f10-865f-16af2e270a72", "subnetpool_id": null}}
2015-12-17 05:46:39,333 21136 INFO     [tempest_lib.common.rest_client] Request (TestGettingAddress:test_dhcp6_stateless_from_os): 200 PUT http://10.0.2.15:9696/v2.0/routers/36e140e6-0eb3-4434-96c8-1ad675b72fbe/add_router_interface 0.638s
2015-12-17 05:46:39,333 21136 DEBUG    [tempest_lib.common.rest_client] Request - Headers: {'Content-Type': 'application/json', 'Accept': 'application/json', 'X-Auth-Token': '&lt;omitted&gt;'}
        Body: {"subnet_id": "7867a4c1-ac85-4f10-865f-16af2e270a72"}
    Response - Headers: {'status': '200', 'content-length': '255', 'connection': 'close', 'date': 'Thu, 17 Dec 2015 05:46:39 GMT', 'content-type': 'application/json; charset=UTF-8', 'x-openstack-request-id': 'req-745392e4-88eb-477e-aa13-302c80b95042'}
        Body: {"subnet_id": "7867a4c1-ac85-4f10-865f-16af2e270a72", "tenant_id": "9a32fafe5fae45848df2810d5eb66fae", "subnet_ids": ["7867a4c1-ac85-4f10-865f-16af2e270a72"], "port_id": "8501cc3f-2a49-4cf0-a0c3-c8469d91f0c7", "id": "36e140e6-0eb3-4434-96c8-1ad675b72fbe"}
2015-12-17 05:46:39,449 21136 INFO     [tempest_lib.common.rest_client] Request (TestGettingAddress:test_dhcp6_stateless_from_os): 200 POST http://10.0.2.15:5000/v2.0/tokens
2015-12-17 05:46:39,449 21136 DEBUG    [tempest_lib.common.rest_client] Request - Headers: {'Content-Type': 'application/json', 'Accept': 'application/json'}
        Body: &lt;omitted&gt;
    Response - Headers: {'status': '200', 'content-length': '2524', 'vary': 'X-Auth-Token', 'server': 'Apache/2.4.7 (Ubuntu)', 'connection': 'close', 'date': 'Thu, 17 Dec 2015 05:46:39 GMT', 'content-type': 'application/json', 'x-openstack-request-id': 'req-30618ce4-b901-4a35-bbce-9aac51985f73'}
        Body: {"access": {"token": {"issued_at": "2015-12-17T05:46:39.432722", "expires": "2015-12-17T06:46:39Z", "id": "306f226ea675431ca1236f7613c36ec0", "tenant": {"description": "tempest-TestGettingAddress-971402120-desc", "enabled": true, "id": "9a32fafe5fae45848df2810d5eb66fae", "name": "tempest-TestGettingAddress-971402120"}, "audit_ids": ["xtDGrfvcQguwPiduZENtTA"]}, "serviceCatalog": [{"endpoints": [{"adminURL": "http://10.0.2.15:8774/v2.1/9a32fafe5fae45848df2810d5eb66fae", "region": "RegionOne", "internalURL": "http://10.0.2.15:8774/v2.1/9a32fafe5fae45848df2810d5eb66fae", "id": "7a2849836c814bbeaae541b5c830880e", "publicURL": "http://10.0.2.15:8774/v2.1/9a32fafe5fae45848df2810d5eb66fae"}], "endpoints_links": [], "type": "compute", "name": "nova"}, {"endpoints": [{"adminURL": "http://10.0.2.15:9696/", "region": "RegionOne", "internalURL": "http://10.0.2.15:9696/", "id": "12b510e9f3f3435d97e37ff3d38cb810", "publicURL": "http://10.0.2.15:9696/"}], "endpoints_links": [], "type": "network", "name": "neutron"}, {"endpoints": [{"adminURL": "http://10.0.2.15:9292", "region": "RegionOne", "internalURL": "http://10.0.2.15:9292", "id": "8f32e614f25e4e1fa1b55045e1ab0c49", "publicURL": "http://10.0.2.15:9292"}], "endpoints_links": [], "type": "image", "name": "glance"}, {"endpoints": [{"adminURL": "http://10.0.2.15:8774/v2/9a32fafe5fae45848df2810d5eb66fae", "region": "RegionOne", "internalURL": "http://10.0.2.15:8774/v2/9a32fafe5fae45848df2810d5eb66fae", "id": "3d590c15ebd94b8b99f7d02e80ec8171", "publicURL": "http://10.0.2.15:8774/v2/9a32fafe5fae45848df2810d5eb66fae"}], "endpoints_links": [], "type": "compute_legacy", "name": "nova_legacy"}, {"endpoints": [{"adminURL": "http://10.0.2.15:8773/", "region": "RegionOne", "internalURL": "http://10.0.2.15:8773/", "id": "36e064be59084f1295c5c0e79f20d0c7", "publicURL": "http://10.0.2.15:8773/"}], "endpoints_links": [], "type": "ec2", "name": "ec2"}, {"endpoints": [{"adminURL": "http://10.0.2.15:35357/v2.0", "region": "RegionOne", "internalURL": "http://10.0.2.15:5000/v2.0", "id": "1777ebe5925c4d0a97e9e642aa799289", "publicURL": "http://10.0.2.15:5000/v2.0"}], "endpoints_links": [], "type": "identity", "name": "keystone"}], "user": {"username": "tempest-TestGettingAddress-1255845890", "roles_links": [], "id": "1801d22237334a4db134a4b512b52165", "roles": [{"name": "_member_"}, {"name": "Member"}], "name": "tempest-TestGettingAddress-1255845890"}, "metadata": {"is_admin": 0, "roles": ["9fe2ff9ee4384b1894a90878d3e92bab", "8c1c05f402e94809b37df03a8652838f"]}}}
2015-12-17 05:46:39,457 21136 DEBUG    [tempest.common.fixed_network] (TestGettingAddress:test_dhcp6_stateless_from_os) No valid network provided or created, defaulting to fixed_network_name
2015-12-17 05:46:39,803 21136 INFO     [tempest_lib.common.rest_client] Request (TestGettingAddress:test_dhcp6_stateless_from_os): 200 GET http://10.0.2.15:8774/v2.1/9a32fafe5fae45848df2810d5eb66fae/os-networks 0.345s
2015-12-17 05:46:39,804 21136 DEBUG    [tempest_lib.common.rest_client] Request - Headers: {'Content-Type': 'application/json', 'Accept': 'application/json', 'X-Auth-Token': '&lt;omitted&gt;'}
        Body: None
    Response - Headers: {'status': '200', 'content-length': '477', 'content-location': 'http://10.0.2.15:8774/v2.1/9a32fafe5fae45848df2810d5eb66fae/os-networks', 'x-compute-request-id': 'req-8da23df1-6f6f-4d86-af6f-ce6187d23dda', 'vary': 'X-OpenStack-Nova-API-Version', 'connection': 'close', 'x-openstack-nova-api-version': '2.1', 'date': 'Thu, 17 Dec 2015 05:46:39 GMT', 'content-type': 'application/json'}
        Body: {"networks": [{"cidr_v6": null, "dns2": null, "dns1": null, "gateway": null, "broadcast": null, "netmask": null, "gateway_v6": null, "cidr": null, "label": "tempest-network-smoke--41296586", "id": "6b44843f-4033-4ee2-8e76-4920d65642f1", "netmask_v6": null}, {"cidr_v6": null, "dns2": null, "dns1": null, "gateway": null, "broadcast": null, "netmask": null, "gateway_v6": null, "cidr": null, "label": "public", "id": "0fbe5803-f736-4ada-b920-f8f8fed5e4b0", "netmask_v6": null}]}
2015-12-17 05:46:39,805 21136 WARNING  [tempest.common.fixed_network] (TestGettingAddress:test_dhcp6_stateless_from_os) Network with name: private not found
2015-12-17 05:46:39,805 21136 INFO     [tempest.common.fixed_network] (TestGettingAddress:test_dhcp6_stateless_from_os) Found network {} available for tenant
2015-12-17 05:46:41,363 21136 INFO     [tempest_lib.common.rest_client] Request (TestGettingAddress:test_dhcp6_stateless_from_os): 202 POST http://10.0.2.15:8774/v2.1/9a32fafe5fae45848df2810d5eb66fae/servers 1.557s
2015-12-17 05:46:41,364 21136 DEBUG    [tempest_lib.common.rest_client] Request - Headers: {'Content-Type': 'application/json', 'Accept': 'application/json', 'X-Auth-Token': '&lt;omitted&gt;'}
        Body: {"server": {"name": "tempest.common.compute-instance-494396296", "imageRef": "b4bc6b65-7c7c-4a2c-938a-e6751bbdab6e", "key_name": "tempest-TestGettingAddress-1564856861", "flavorRef": "42", "networks": [{"uuid": "6b44843f-4033-4ee2-8e76-4920d65642f1"}], "security_groups": [{"name": "tempest-secgroup-smoke-1611226265"}]}}
    Response - Headers: {'status': '202', 'content-length': '462', 'x-compute-request-id': 'req-56506efe-935b-4742-9ad5-b7f2edd086c4', 'vary': 'X-OpenStack-Nova-API-Version', 'connection': 'close', 'location': 'http://10.0.2.15:8774/v2.1/9a32fafe5fae45848df2810d5eb66fae/servers/c654f41d-0afc-4c5d-8d64-07c627fcd91a', 'x-openstack-nova-api-version': '2.1', 'date': 'Thu, 17 Dec 2015 05:46:41 GMT', 'content-type': 'application/json'}
        Body: {"server": {"security_groups": [{"name": "tempest-secgroup-smoke-1611226265"}], "OS-DCF:diskConfig": "MANUAL", "id": "c654f41d-0afc-4c5d-8d64-07c627fcd91a", "links": [{"href": "http://10.0.2.15:8774/v2.1/9a32fafe5fae45848df2810d5eb66fae/servers/c654f41d-0afc-4c5d-8d64-07c627fcd91a", "rel": "self"}, {"href": "http://10.0.2.15:8774/9a32fafe5fae45848df2810d5eb66fae/servers/c654f41d-0afc-4c5d-8d64-07c627fcd91a", "rel": "bookmark"}], "adminPass": "4iKvHG5Ww9uN"}}
2015-12-17 05:46:41,665 21136 INFO     [tempest_lib.common.rest_client] Request (TestGettingAddress:test_dhcp6_stateless_from_os): 200 GET http://10.0.2.15:8774/v2.1/9a32fafe5fae45848df2810d5eb66fae/servers/c654f41d-0afc-4c5d-8d64-07c627fcd91a 0.297s
2015-12-17 05:46:41,665 21136 DEBUG    [tempest_lib.common.rest_client] Request - Headers: {'Content-Type': 'application/json', 'Accept': 'application/json', 'X-Auth-Token': '&lt;omitted&gt;'}
        Body: None
    Response - Headers: {'status': '200', 'content-length': '1354', 'content-location': 'http://10.0.2.15:8774/v2.1/9a32fafe5fae45848df2810d5eb66fae/servers/c654f41d-0afc-4c5d-8d64-07c627fcd91a', 'x-compute-request-id': 'req-b2642323-49e3-4486-bd40-edef688b8d58', 'vary': 'X-OpenStack-Nova-API-Version', 'connection': 'close', 'x-openstack-nova-api-version': '2.1', 'date': 'Thu, 17 Dec 2015 05:46:41 GMT', 'content-type': 'application/json'}
        Body: {"server": {"status": "BUILD", "updated": "2015-12-17T05:46:41Z", "hostId": "", "addresses": {}, "links": [{"href": "http://10.0.2.15:8774/v2.1/9a32fafe5fae45848df2810d5eb66fae/servers/c654f41d-0afc-4c5d-8d64-07c627fcd91a", "rel": "self"}, {"href": "http://10.0.2.15:8774/9a32fafe5fae45848df2810d5eb66fae/servers/c654f41d-0afc-4c5d-8d64-07c627fcd91a", "rel": "bookmark"}], "key_name": "tempest-TestGettingAddress-1564856861", "image": {"id": "b4bc6b65-7c7c-4a2c-938a-e6751bbdab6e", "links": [{"href": "http://10.0.2.15:8774/9a32fafe5fae45848df2810d5eb66fae/images/b4bc6b65-7c7c-4a2c-938a-e6751bbdab6e", "rel": "bookmark"}]}, "OS-EXT-STS:task_state": "scheduling", "OS-EXT-STS:vm_state": "building", "OS-SRV-USG:launched_at": null, "flavor": {"id": "42", "links": [{"href": "http://10.0.2.15:8774/9a32fafe5fae45848df2810d5eb66fae/flavors/42", "rel": "bookmark"}]}, "id": "c654f41d-0afc-4c5d-8d64-07c627fcd91a", "OS-SRV-USG:terminated_at": null, "OS-EXT-AZ:availability_zone": "", "user_id": "1801d22237334a4db134a4b512b52165", "name": "tempest.common.compute-instance-494396296", "created": "2015-12-17T05:46:41Z", "tenant_id": "9a32fafe5fae45848df2810d5eb66fae", "OS-DCF:diskConfig": "MANUAL", "os-extended-volumes:volumes_attached": [], "accessIPv4": "", "accessIPv6": "", "progress": 0, "OS-EXT-STS:power_state": 0, "config_drive": "", "metadata": {}}}
2015-12-17 05:46:42,895 21136 INFO     [tempest_lib.common.rest_client] Request (TestGettingAddress:test_dhcp6_stateless_from_os): 200 GET http://10.0.2.15:8774/v2.1/9a32fafe5fae45848df2810d5eb66fae/servers/c654f41d-0afc-4c5d-8d64-07c627fcd91a 0.218s
2015-12-17 05:46:42,895 21136 DEBUG    [tempest_lib.common.rest_client] Request - Headers: {'Content-Type': 'application/json', 'Accept': 'application/json', 'X-Auth-Token': '&lt;omitted&gt;'}
        Body: None
    Response - Headers: {'status': '200', 'content-length': '1480', 'content-location': 'http://10.0.2.15:8774/v2.1/9a32fafe5fae45848df2810d5eb66fae/servers/c654f41d-0afc-4c5d-8d64-07c627fcd91a', 'x-compute-request-id': 'req-5073a8e2-0528-46d0-ad0d-68063b1ee303', 'vary': 'X-OpenStack-Nova-API-Version', 'connection': 'close', 'x-openstack-nova-api-version': '2.1', 'date': 'Thu, 17 Dec 2015 05:46:42 GMT', 'content-type': 'application/json'}
        Body: {"server": {"status": "BUILD", "updated": "2015-12-17T05:46:42Z", "hostId": "83f6b9424b2e3a2b02e9a7e581a7e1c5f6a0462b23cd6c3104cde3f7", "addresses": {}, "links": [{"href": "http://10.0.2.15:8774/v2.1/9a32fafe5fae45848df2810d5eb66fae/servers/c654f41d-0afc-4c5d-8d64-07c627fcd91a", "rel": "self"}, {"href": "http://10.0.2.15:8774/9a32fafe5fae45848df2810d5eb66fae/servers/c654f41d-0afc-4c5d-8d64-07c627fcd91a", "rel": "bookmark"}], "key_name": "tempest-TestGettingAddress-1564856861", "image": {"id": "b4bc6b65-7c7c-4a2c-938a-e6751bbdab6e", "links": [{"href": "http://10.0.2.15:8774/9a32fafe5fae45848df2810d5eb66fae/images/b4bc6b65-7c7c-4a2c-938a-e6751bbdab6e", "rel": "bookmark"}]}, "OS-EXT-STS:task_state": "spawning", "OS-EXT-STS:vm_state": "building", "OS-SRV-USG:launched_at": null, "flavor": {"id": "42", "links": [{"href": "http://10.0.2.15:8774/9a32fafe5fae45848df2810d5eb66fae/flavors/42", "rel": "bookmark"}]}, "id": "c654f41d-0afc-4c5d-8d64-07c627fcd91a", "security_groups": [{"name": "tempest-secgroup-smoke-1611226265"}], "OS-SRV-USG:terminated_at": null, "OS-EXT-AZ:availability_zone": "nova", "user_id": "1801d22237334a4db134a4b512b52165", "name": "tempest.common.compute-instance-494396296", "created": "2015-12-17T05:46:41Z", "tenant_id": "9a32fafe5fae45848df2810d5eb66fae", "OS-DCF:diskConfig": "MANUAL", "os-extended-volumes:volumes_attached": [], "accessIPv4": "", "accessIPv6": "", "progress": 0, "OS-EXT-STS:power_state": 0, "config_drive": "", "metadata": {}}}
2015-12-17 05:46:42,903 21136 INFO     [tempest.common.waiters] State transition "BUILD/scheduling" ==&gt; "BUILD/spawning" after 1 second wait
2015-12-17 05:46:44,115 21136 INFO     [tempest_lib.common.rest_client] Request (TestGettingAddress:test_dhcp6_stateless_from_os): 200 GET http://10.0.2.15:8774/v2.1/9a32fafe5fae45848df2810d5eb66fae/servers/c654f41d-0afc-4c5d-8d64-07c627fcd91a 0.211s
2015-12-17 05:46:44,116 21136 DEBUG    [tempest_lib.common.rest_client] Request - Headers: {'Content-Type': 'application/json', 'Accept': 'application/json', 'X-Auth-Token': '&lt;omitted&gt;'}
        Body: None
    Response - Headers: {'status': '200', 'content-length': '1480', 'content-location': 'http://10.0.2.15:8774/v2.1/9a32fafe5fae45848df2810d5eb66fae/servers/c654f41d-0afc-4c5d-8d64-07c627fcd91a', 'x-compute-request-id': 'req-85726b6b-c0e6-4882-80ed-6086d762755a', 'vary': 'X-OpenStack-Nova-API-Version', 'connection': 'close', 'x-openstack-nova-api-version': '2.1', 'date': 'Thu, 17 Dec 2015 05:46:44 GMT', 'content-type': 'application/json'}
        Body: {"server": {"status": "BUILD", "updated": "2015-12-17T05:46:42Z", "hostId": "83f6b9424b2e3a2b02e9a7e581a7e1c5f6a0462b23cd6c3104cde3f7", "addresses": {}, "links": [{"href": "http://10.0.2.15:8774/v2.1/9a32fafe5fae45848df2810d5eb66fae/servers/c654f41d-0afc-4c5d-8d64-07c627fcd91a", "rel": "self"}, {"href": "http://10.0.2.15:8774/9a32fafe5fae45848df2810d5eb66fae/servers/c654f41d-0afc-4c5d-8d64-07c627fcd91a", "rel": "bookmark"}], "key_name": "tempest-TestGettingAddress-1564856861", "image": {"id": "b4bc6b65-7c7c-4a2c-938a-e6751bbdab6e", "links": [{"href": "http://10.0.2.15:8774/9a32fafe5fae45848df2810d5eb66fae/images/b4bc6b65-7c7c-4a2c-938a-e6751bbdab6e", "rel": "bookmark"}]}, "OS-EXT-STS:task_state": "spawning", "OS-EXT-STS:vm_state": "building", "OS-SRV-USG:launched_at": null, "flavor": {"id": "42", "links": [{"href": "http://10.0.2.15:8774/9a32fafe5fae45848df2810d5eb66fae/flavors/42", "rel": "bookmark"}]}, "id": "c654f41d-0afc-4c5d-8d64-07c627fcd91a", "security_groups": [{"name": "tempest-secgroup-smoke-1611226265"}], "OS-SRV-USG:terminated_at": null, "OS-EXT-AZ:availability_zone": "nova", "user_id": "1801d22237334a4db134a4b512b52165", "name": "tempest.common.compute-instance-494396296", "created": "2015-12-17T05:46:41Z", "tenant_id": "9a32fafe5fae45848df2810d5eb66fae", "OS-DCF:diskConfig": "MANUAL", "os-extended-volumes:volumes_attached": [], "accessIPv4": "", "accessIPv6": "", "progress": 0, "OS-EXT-STS:power_state": 0, "config_drive": "", "metadata": {}}}
2015-12-17 05:46:45,321 21136 INFO     [tempest_lib.common.rest_client] Request (TestGettingAddress:test_dhcp6_stateless_from_os): 200 GET http://10.0.2.15:8774/v2.1/9a32fafe5fae45848df2810d5eb66fae/servers/c654f41d-0afc-4c5d-8d64-07c627fcd91a 0.194s
2015-12-17 05:46:45,321 21136 DEBUG    [tempest_lib.common.rest_client] Request - Headers: {'Content-Type': 'application/json', 'Accept': 'application/json', 'X-Auth-Token': '&lt;omitted&gt;'}
        Body: None
    Response - Headers: {'status': '200', 'content-length': '1779', 'content-location': 'http://10.0.2.15:8774/v2.1/9a32fafe5fae45848df2810d5eb66fae/servers/c654f41d-0afc-4c5d-8d64-07c627fcd91a', 'x-compute-request-id': 'req-6e7baba6-7661-41ba-bf6e-0e49f4899d2b', 'vary': 'X-OpenStack-Nova-API-Version', 'connection': 'close', 'x-openstack-nova-api-version': '2.1', 'date': 'Thu, 17 Dec 2015 05:46:45 GMT', 'content-type': 'application/json'}
        Body: {"server": {"status": "ACTIVE", "updated": "2015-12-17T05:46:44Z", "hostId": "83f6b9424b2e3a2b02e9a7e581a7e1c5f6a0462b23cd6c3104cde3f7", "addresses": {"tempest-network-smoke--41296586": [{"OS-EXT-IPS-MAC:mac_addr": "fa:16:3e:38:c7:49", "version": 6, "addr": "2003::f816:3eff:fe38:c749", "OS-EXT-IPS:type": "fixed"}, {"OS-EXT-IPS-MAC:mac_addr": "fa:16:3e:38:c7:49", "version": 4, "addr": "10.100.0.3", "OS-EXT-IPS:type": "fixed"}]}, "links": [{"href": "http://10.0.2.15:8774/v2.1/9a32fafe5fae45848df2810d5eb66fae/servers/c654f41d-0afc-4c5d-8d64-07c627fcd91a", "rel": "self"}, {"href": "http://10.0.2.15:8774/9a32fafe5fae45848df2810d5eb66fae/servers/c654f41d-0afc-4c5d-8d64-07c627fcd91a", "rel": "bookmark"}], "key_name": "tempest-TestGettingAddress-1564856861", "image": {"id": "b4bc6b65-7c7c-4a2c-938a-e6751bbdab6e", "links": [{"href": "http://10.0.2.15:8774/9a32fafe5fae45848df2810d5eb66fae/images/b4bc6b65-7c7c-4a2c-938a-e6751bbdab6e", "rel": "bookmark"}]}, "OS-EXT-STS:task_state": null, "OS-EXT-STS:vm_state": "active", "OS-SRV-USG:launched_at": "2015-12-17T05:46:44.000000", "flavor": {"id": "42", "links": [{"href": "http://10.0.2.15:8774/9a32fafe5fae45848df2810d5eb66fae/flavors/42", "rel": "bookmark"}]}, "id": "c654f41d-0afc-4c5d-8d64-07c627fcd91a", "security_groups": [{"name": "tempest-secgroup-smoke-1611226265"}], "OS-SRV-USG:terminated_at": null, "OS-EXT-AZ:availability_zone": "nova", "user_id": "1801d22237334a4db134a4b512b52165", "name": "tempest.common.compute-instance-494396296", "created": "2015-12-17T05:46:41Z", "tenant_id": "9a32fafe5fae45848df2810d5eb66fae", "OS-DCF:diskConfig": "MANUAL", "os-extended-volumes:volumes_attached": [], "accessIPv4": "", "accessIPv6": "", "progress": 0, "OS-EXT-STS:power_state": 1, "config_drive": "True", "metadata": {}}}
2015-12-17 05:46:45,331 21136 INFO     [tempest.common.waiters] State transition "BUILD/spawning" ==&gt; "ACTIVE/None" after 4 second wait
2015-12-17 05:46:45,530 21136 INFO     [tempest_lib.common.rest_client] Request (TestGettingAddress:test_dhcp6_stateless_from_os): 200 GET http://10.0.2.15:8774/v2.1/9a32fafe5fae45848df2810d5eb66fae/servers/c654f41d-0afc-4c5d-8d64-07c627fcd91a 0.199s
2015-12-17 05:46:45,530 21136 DEBUG    [tempest_lib.common.rest_client] Request - Headers: {'Content-Type': 'application/json', 'Accept': 'application/json', 'X-Auth-Token': '&lt;omitted&gt;'}
        Body: None
    Response - Headers: {'status': '200', 'content-length': '1779', 'content-location': 'http://10.0.2.15:8774/v2.1/9a32fafe5fae45848df2810d5eb66fae/servers/c654f41d-0afc-4c5d-8d64-07c627fcd91a', 'x-compute-request-id': 'req-8cbeb310-49f0-4e9d-a150-ba55ac5d0aac', 'vary': 'X-OpenStack-Nova-API-Version', 'connection': 'close', 'x-openstack-nova-api-version': '2.1', 'date': 'Thu, 17 Dec 2015 05:46:45 GMT', 'content-type': 'application/json'}
        Body: {"server": {"status": "ACTIVE", "updated": "2015-12-17T05:46:44Z", "hostId": "83f6b9424b2e3a2b02e9a7e581a7e1c5f6a0462b23cd6c3104cde3f7", "addresses": {"tempest-network-smoke--41296586": [{"OS-EXT-IPS-MAC:mac_addr": "fa:16:3e:38:c7:49", "version": 6, "addr": "2003::f816:3eff:fe38:c749", "OS-EXT-IPS:type": "fixed"}, {"OS-EXT-IPS-MAC:mac_addr": "fa:16:3e:38:c7:49", "version": 4, "addr": "10.100.0.3", "OS-EXT-IPS:type": "fixed"}]}, "links": [{"href": "http://10.0.2.15:8774/v2.1/9a32fafe5fae45848df2810d5eb66fae/servers/c654f41d-0afc-4c5d-8d64-07c627fcd91a", "rel": "self"}, {"href": "http://10.0.2.15:8774/9a32fafe5fae45848df2810d5eb66fae/servers/c654f41d-0afc-4c5d-8d64-07c627fcd91a", "rel": "bookmark"}], "key_name": "tempest-TestGettingAddress-1564856861", "image": {"id": "b4bc6b65-7c7c-4a2c-938a-e6751bbdab6e", "links": [{"href": "http://10.0.2.15:8774/9a32fafe5fae45848df2810d5eb66fae/images/b4bc6b65-7c7c-4a2c-938a-e6751bbdab6e", "rel": "bookmark"}]}, "OS-EXT-STS:task_state": null, "OS-EXT-STS:vm_state": "active", "OS-SRV-USG:launched_at": "2015-12-17T05:46:44.000000", "flavor": {"id": "42", "links": [{"href": "http://10.0.2.15:8774/9a32fafe5fae45848df2810d5eb66fae/flavors/42", "rel": "bookmark"}]}, "id": "c654f41d-0afc-4c5d-8d64-07c627fcd91a", "security_groups": [{"name": "tempest-secgroup-smoke-1611226265"}], "OS-SRV-USG:terminated_at": null, "OS-EXT-AZ:availability_zone": "nova", "user_id": "1801d22237334a4db134a4b512b52165", "name": "tempest.common.compute-instance-494396296", "created": "2015-12-17T05:46:41Z", "tenant_id": "9a32fafe5fae45848df2810d5eb66fae", "OS-DCF:diskConfig": "MANUAL", "os-extended-volumes:volumes_attached": [], "accessIPv4": "", "accessIPv6": "", "progress": 0, "OS-EXT-STS:power_state": 1, "config_drive": "True", "metadata": {}}}
2015-12-17 05:46:45,572 21136 INFO     [tempest_lib.common.rest_client] Request (TestGettingAddress:test_dhcp6_stateless_from_os): 200 GET http://10.0.2.15:9696/v2.0/ports?status=ACTIVE&amp;fixed_ip=None&amp;device_id=c654f41d-0afc-4c5d-8d64-07c627fcd91a 0.033s
2015-12-17 05:46:45,572 21136 DEBUG    [tempest_lib.common.rest_client] Request - Headers: {'Content-Type': 'application/json', 'Accept': 'application/json', 'X-Auth-Token': '&lt;omitted&gt;'}
        Body: None
    Response - Headers: {'status': '200', 'content-length': '1142', 'content-location': 'http://10.0.2.15:9696/v2.0/ports?status=ACTIVE&amp;fixed_ip=None&amp;device_id=c654f41d-0afc-4c5d-8d64-07c627fcd91a', 'connection': 'close', 'date': 'Thu, 17 Dec 2015 05:46:45 GMT', 'content-type': 'application/json; charset=UTF-8', 'x-openstack-request-id': 'req-bb6d1703-be23-439c-bfa4-e0089d741fc7'}
        Body: {"ports": [{"status": "ACTIVE", "binding:host_id": "vagrant-ubuntu-trusty-64", "allowed_address_pairs": [], "extra_dhcp_opts": [], "dns_assignment": [{"hostname": "host-10-100-0-3", "ip_address": "10.100.0.3", "fqdn": "host-10-100-0-3.openstacklocal."}, {"hostname": "host-2003--f816-3eff-fe38-c749", "ip_address": "2003::f816:3eff:fe38:c749", "fqdn": "host-2003--f816-3eff-fe38-c749.openstacklocal."}], "device_owner": "compute:None", "port_security_enabled": true, "binding:profile": {}, "fixed_ips": [{"subnet_id": "3e403c31-56f7-49ad-a1ab-d072ec165ca4", "ip_address": "10.100.0.3"}, {"subnet_id": "7867a4c1-ac85-4f10-865f-16af2e270a72", "ip_address": "2003::f816:3eff:fe38:c749"}], "id": "b2d6d09b-d1c3-4c7e-b130-93602d3a7659", "security_groups": ["a1aa57b0-3605-40c1-8736-164642e872ea"], "device_id": "c654f41d-0afc-4c5d-8d64-07c627fcd91a", "name": "", "admin_state_up": true, "network_id": "6b44843f-4033-4ee2-8e76-4920d65642f1", "dns_name": "", "binding:vif_details": {"port_filter": true}, "binding:vnic_type": "normal", "binding:vif_type": "ovs", "tenant_id": "9a32fafe5fae45848df2810d5eb66fae", "mac_address": "fa:16:3e:38:c7:49"}]}
2015-12-17 05:46:46,089 21136 INFO     [tempest_lib.common.rest_client] Request (TestGettingAddress:test_dhcp6_stateless_from_os): 201 POST http://10.0.2.15:9696/v2.0/floatingips 0.516s
2015-12-17 05:46:46,090 21136 DEBUG    [tempest_lib.common.rest_client] Request - Headers: {'Content-Type': 'application/json', 'Accept': 'application/json', 'X-Auth-Token': '&lt;omitted&gt;'}
        Body: {"floatingip": {"floating_network_id": "0fbe5803-f736-4ada-b920-f8f8fed5e4b0", "tenant_id": "9a32fafe5fae45848df2810d5eb66fae", "fixed_ip_address": "10.100.0.3", "port_id": "b2d6d09b-d1c3-4c7e-b130-93602d3a7659"}}
    Response - Headers: {'status': '201', 'content-length': '367', 'connection': 'close', 'date': 'Thu, 17 Dec 2015 05:46:46 GMT', 'content-type': 'application/json; charset=UTF-8', 'x-openstack-request-id': 'req-1409cfd7-8b67-4bb4-b15c-bee44268dd11'}
        Body: {"floatingip": {"floating_network_id": "0fbe5803-f736-4ada-b920-f8f8fed5e4b0", "router_id": "36e140e6-0eb3-4434-96c8-1ad675b72fbe", "fixed_ip_address": "10.100.0.3", "floating_ip_address": "172.24.4.4", "tenant_id": "9a32fafe5fae45848df2810d5eb66fae", "status": "DOWN", "port_id": "b2d6d09b-d1c3-4c7e-b130-93602d3a7659", "id": "43838424-b654-45aa-901f-0db269fee5b0"}}
2015-12-17 05:46:46,091 21136 INFO     [tempest_lib.common.ssh] Creating ssh connection to '172.24.4.4' as 'cirros' with public key authentication
2015-12-17 05:46:49,724 21136 WARNING  [tempest_lib.common.ssh] Failed to establish authenticated ssh connection to cirros@172.24.4.4 ([Errno None] Unable to connect to port 22 on  or 172.24.4.4). Number attempts: 1. Retry after 2 seconds.
2015-12-17 05:46:55,228 21136 WARNING  [tempest_lib.common.ssh] Failed to establish authenticated ssh connection to cirros@172.24.4.4 ([Errno None] Unable to connect to port 22 on  or 172.24.4.4). Number attempts: 2. Retry after 3 seconds.
2015-12-17 05:47:01,732 21136 WARNING  [tempest_lib.common.ssh] Failed to establish authenticated ssh connection to cirros@172.24.4.4 ([Errno None] Unable to connect to port 22 on  or 172.24.4.4). Number attempts: 3. Retry after 4 seconds.
2015-12-17 05:47:09,237 21136 WARNING  [tempest_lib.common.ssh] Failed to establish authenticated ssh connection to cirros@172.24.4.4 ([Errno None] Unable to connect to port 22 on  or 172.24.4.4). Number attempts: 4. Retry after 5 seconds.
2015-12-17 05:47:17,737 21136 WARNING  [tempest_lib.common.ssh] Failed to establish authenticated ssh connection to cirros@172.24.4.4 ([Errno None] Unable to connect to port 22 on  or 172.24.4.4). Number attempts: 5. Retry after 6 seconds.
2015-12-17 05:47:27,240 21136 WARNING  [tempest_lib.common.ssh] Failed to establish authenticated ssh connection to cirros@172.24.4.4 ([Errno None] Unable to connect to port 22 on  or 172.24.4.4). Number attempts: 6. Retry after 7 seconds.
2015-12-17 05:47:37,749 21136 WARNING  [tempest_lib.common.ssh] Failed to establish authenticated ssh connection to cirros@172.24.4.4 ([Errno None] Unable to connect to port 22 on  or 172.24.4.4). Number attempts: 7. Retry after 8 seconds.
2015-12-17 05:47:49,257 21136 WARNING  [tempest_lib.common.ssh] Failed to establish authenticated ssh connection to cirros@172.24.4.4 ([Errno None] Unable to connect to port 22 on  or 172.24.4.4). Number attempts: 8. Retry after 9 seconds.
2015-12-17 05:48:01,762 21136 WARNING  [tempest_lib.common.ssh] Failed to establish authenticated ssh connection to cirros@172.24.4.4 ([Errno None] Unable to connect to port 22 on  or 172.24.4.4). Number attempts: 9. Retry after 10 seconds.
2015-12-17 05:48:15,272 21136 WARNING  [tempest_lib.common.ssh] Failed to establish authenticated ssh connection to cirros@172.24.4.4 ([Errno None] Unable to connect to port 22 on  or 172.24.4.4). Number attempts: 10. Retry after 11 seconds.
2015-12-17 05:48:29,785 21136 WARNING  [tempest_lib.common.ssh] Failed to establish authenticated ssh connection to cirros@172.24.4.4 ([Errno None] Unable to connect to port 22 on  or 172.24.4.4). Number attempts: 11. Retry after 12 seconds.
2015-12-17 05:48:45,293 21136 WARNING  [tempest_lib.common.ssh] Failed to establish authenticated ssh connection to cirros@172.24.4.4 ([Errno None] Unable to connect to port 22 on  or 172.24.4.4). Number attempts: 12. Retry after 13 seconds.
2015-12-17 05:49:01,805 21136 WARNING  [tempest_lib.common.ssh] Failed to establish authenticated ssh connection to cirros@172.24.4.4 ([Errno None] Unable to connect to port 22 on  or 172.24.4.4). Number attempts: 13. Retry after 14 seconds.
2015-12-17 05:49:19,321 21136 WARNING  [tempest_lib.common.ssh] Failed to establish authenticated ssh connection to cirros@172.24.4.4 ([Errno None] Unable to connect to port 22 on  or 172.24.4.4). Number attempts: 14. Retry after 15 seconds.
2015-12-17 05:49:37,837 21136 WARNING  [tempest_lib.common.ssh] Failed to establish authenticated ssh connection to cirros@172.24.4.4 ([Errno None] Unable to connect to port 22 on  or 172.24.4.4). Number attempts: 15. Retry after 16 seconds.
2015-12-17 05:49:57,357 21136 WARNING  [tempest_lib.common.ssh] Failed to establish authenticated ssh connection to cirros@172.24.4.4 ([Errno None] Unable to connect to port 22 on  or 172.24.4.4). Number attempts: 16. Retry after 17 seconds.
2015-12-17 05:50:17,876 21136 ERROR    [tempest_lib.common.ssh] Failed to establish authenticated ssh connection to cirros@172.24.4.4 after 16 attempts
2015-12-17 05:50:17.876 21136 ERROR tempest_lib.common.ssh Traceback (most recent call last):
2015-12-17 05:50:17.876 21136 ERROR tempest_lib.common.ssh   File "/usr/local/lib/python2.7/dist-packages/tempest_lib/common/ssh.py", line 75, in _get_ssh_connection
2015-12-17 05:50:17.876 21136 ERROR tempest_lib.common.ssh     timeout=self.channel_timeout, pkey=self.pkey)
2015-12-17 05:50:17.876 21136 ERROR tempest_lib.common.ssh   File "/usr/local/lib/python2.7/dist-packages/paramiko/client.py", line 311, in connect
2015-12-17 05:50:17.876 21136 ERROR tempest_lib.common.ssh     raise NoValidConnectionsError(errors)
2015-12-17 05:50:17.876 21136 ERROR tempest_lib.common.ssh NoValidConnectionsError: [Errno None] Unable to connect to port 22 on  or 172.24.4.4
2015-12-17 05:50:17.876 21136 ERROR tempest_lib.common.ssh 
2015-12-17 05:50:17,878 21136 ERROR    [tempest.scenario.manager] (TestGettingAddress:test_dhcp6_stateless_from_os) Initializing SSH connection to 172.24.4.4 failed. Error: Connection to the 172.24.4.4 via SSH timed out.
User: cirros, Password: None
2015-12-17 05:50:17.878 21136 ERROR tempest.scenario.manager Traceback (most recent call last):
2015-12-17 05:50:17.878 21136 ERROR tempest.scenario.manager   File "tempest/scenario/manager.py", line 385, in get_remote_client
2015-12-17 05:50:17.878 21136 ERROR tempest.scenario.manager     linux_client.validate_authentication()
2015-12-17 05:50:17.878 21136 ERROR tempest.scenario.manager   File "tempest/common/utils/linux/remote_client.py", line 63, in validate_authentication
2015-12-17 05:50:17.878 21136 ERROR tempest.scenario.manager     self.ssh_client.test_connection_auth()
2015-12-17 05:50:17.878 21136 ERROR tempest.scenario.manager   File "/usr/local/lib/python2.7/dist-packages/tempest_lib/common/ssh.py", line 167, in test_connection_auth
2015-12-17 05:50:17.878 21136 ERROR tempest.scenario.manager     connection = self._get_ssh_connection()
2015-12-17 05:50:17.878 21136 ERROR tempest.scenario.manager   File "/usr/local/lib/python2.7/dist-packages/tempest_lib/common/ssh.py", line 87, in _get_ssh_connection
2015-12-17 05:50:17.878 21136 ERROR tempest.scenario.manager     password=self.password)
2015-12-17 05:50:17.878 21136 ERROR tempest.scenario.manager SSHTimeout: Connection to the 172.24.4.4 via SSH timed out.
2015-12-17 05:50:17.878 21136 ERROR tempest.scenario.manager User: cirros, Password: None
2015-12-17 05:50:17.878 21136 ERROR tempest.scenario.manager 
2015-12-17 05:50:18,094 21136 INFO     [tempest_lib.common.rest_client] Request (TestGettingAddress:test_dhcp6_stateless_from_os): 200 GET http://10.0.2.15:8774/v2.1/9a32fafe5fae45848df2810d5eb66fae/servers 0.214s
2015-12-17 05:50:18,094 21136 DEBUG    [tempest_lib.common.rest_client] Request - Headers: {'Content-Type': 'application/json', 'Accept': 'application/json', 'X-Auth-Token': '&lt;omitted&gt;'}
        Body: None
    Response - Headers: {'status': '200', 'content-length': '390', 'content-location': 'http://10.0.2.15:8774/v2.1/9a32fafe5fae45848df2810d5eb66fae/servers', 'x-compute-request-id': 'req-5d43bd2f-75d1-4dfa-abc6-aa8e719a1d2e', 'vary': 'X-OpenStack-Nova-API-Version', 'connection': 'close', 'x-openstack-nova-api-version': '2.1', 'date': 'Thu, 17 Dec 2015 05:50:18 GMT', 'content-type': 'application/json'}
        Body: {"servers": [{"id": "c654f41d-0afc-4c5d-8d64-07c627fcd91a", "links": [{"href": "http://10.0.2.15:8774/v2.1/9a32fafe5fae45848df2810d5eb66fae/servers/c654f41d-0afc-4c5d-8d64-07c627fcd91a", "rel": "self"}, {"href": "http://10.0.2.15:8774/9a32fafe5fae45848df2810d5eb66fae/servers/c654f41d-0afc-4c5d-8d64-07c627fcd91a", "rel": "bookmark"}], "name": "tempest.common.compute-instance-494396296"}]}
2015-12-17 05:50:18,299 21136 INFO     [tempest_lib.common.rest_client] Request (TestGettingAddress:test_dhcp6_stateless_from_os): 200 POST http://10.0.2.15:8774/v2.1/9a32fafe5fae45848df2810d5eb66fae/servers/c654f41d-0afc-4c5d-8d64-07c627fcd91a/action 0.199s
2015-12-17 05:50:18,300 21136 DEBUG    [tempest_lib.common.rest_client] Request - Headers: {'Content-Type': 'application/json', 'Accept': 'application/json', 'X-Auth-Token': '&lt;omitted&gt;'}
        Body: {"os-getConsoleOutput": {}}
    Response - Headers: {'status': '200', 'content-length': '24640', 'x-compute-request-id': 'req-66fbb315-675b-401f-ba0d-8df9bb0b81e7', 'vary': 'X-OpenStack-Nova-API-Version', 'connection': 'close', 'x-openstack-nova-api-version': '2.1', 'date': 'Thu, 17 Dec 2015 05:50:18 GMT', 'content-type': 'application/json'}
        Body: {"output": "[    0.000000] Initializing cgroup subsys cpuset\n[    0.000000] Initializing cgroup subsys cpu\n[    0.000000] Linux version 3.2.0-80-virtual (buildd@batsu) (gcc version 4.6.3 (Ubuntu/Linaro 4.6.3-1ubuntu5) ) #116-Ubuntu SMP Mon Mar 23 17:28:52 UTC 2015 (Ubuntu 3.2.0-80.116-virtual 3.2.68)\n[    0.000000] Command line: root=/dev/vda console=tty0 console=ttyS0 no_timer_check\n[    0.000000] KERNEL supported cpus:\n[    0.000000]   Intel GenuineIntel\n[    0.000000]   AMD AuthenticAMD\n[    0.000000]   Centaur CentaurHauls\n[    0.000000] BIOS-provided physical RAM map:\n[    0.000000]  BIOS-e820: 0000000000000000 - 000000000009fc00 (usable)\n[    0.000000]  BIOS-e820: 000000000009fc00 - 00000000000a0000 (reserved)\n[    0.000000]  BIOS-e820: 00000000000f0000 - 0000000000100000 (reserved)\n[    0.000000]  BIOS-e820: 0000000000100000 - 0000000003ffe000 (usable)\n[    0.000000]  BIOS-e820: 0000000003ffe000 - 0000000004000000 (reserved)\n[    0.000000]  BIOS-e820: 00000000fffc0000 - 0000000100000000 (reserved)\n[    0.000000] NX (Execute Disable) protection: active\n[    0.000000] SMBIOS 2.4 present.\n[    0.000000] No AGP bridge found\n[    0.000000] last_pfn = 0x3ffe max_arch_pfn = 0x400000000\n[    0.000000] x86 PAT enabled: cpu 0, old 0x7040600070406, new 0x7010600070106\n[    0.000000] found SMP MP-table at [ffff8800000f0b00] f0b00\n[    0.000000] init_memory_mapping: 0000000000000000-0000000003ffe000\n[    0.000000] RAMDISK: 03c5e000 - 03ff0000\n[    0.000000] ACPI: RSDP 00000000000f0950 00014 (v00 BOCHS )\n[    0.000000] ACPI: RSDT 0000000003fffbc1 00034 (v01 BOCHS  BXPCRSDT 00000001 BXPC 00000001)\n[    0.000000] ACPI: FACP 0000000003fff1c0 00074 (v01 BOCHS  BXPCFACP 00000001 BXPC 00000001)\n[    0.000000] ACPI: DSDT 0000000003ffe040 01180 (v01 BOCHS  BXPCDSDT 00000001 BXPC 00000001)\n[    0.000000] ACPI: FACS 0000000003ffe000 00040\n[    0.000000] ACPI: SSDT 0000000003fff234 008DD (v01 BOCHS  BXPCSSDT 00000001 BXPC 00000001)\n[    0.000000] ACPI: APIC 0000000003fffb11 00078 (v01 BOCHS  BXPCAPIC 00000001 BXPC 00000001)\n[    0.000000] ACPI: HPET 0000000003fffb89 00038 (v01 BOCHS  BXPCHPET 00000001 BXPC 00000001)\n[    0.000000] No NUMA configuration found\n[    0.000000] Faking a node at 0000000000000000-0000000003ffe000\n[    0.000000] Initmem setup node 0 0000000000000000-0000000003ffe000\n[    0.000000]   NODE_DATA [0000000003ff6000 - 0000000003ffafff]\n[    0.000000] Zone PFN ranges:\n[    0.000000]   DMA      0x00000010 -&gt; 0x00001000\n[    0.000000]   DMA32    0x00001000 -&gt; 0x00100000\n[    0.000000]   Normal   empty\n[    0.000000] Movable zone start PFN for each node\n[    0.000000] early_node_map[2] active PFN ranges\n[    0.000000]     0: 0x00000010 -&gt; 0x0000009f\n[    0.000000]     0: 0x00000100 -&gt; 0x00003ffe\n[    0.000000] ACPI: PM-Timer IO Port: 0xb008\n[    0.000000] ACPI: LAPIC (acpi_id[0x00] lapic_id[0x00] enabled)\n[    0.000000] ACPI: LAPIC_NMI (acpi_id[0xff] dfl dfl lint[0x1])\n[    0.000000] ACPI: IOAPIC (id[0x00] address[0xfec00000] gsi_base[0])\n[    0.000000] IOAPIC[0]: apic_id 0, version 17, address 0xfec00000, GSI 0-23\n[    0.000000] ACPI: INT_SRC_OVR (bus 0 bus_irq 0 global_irq 2 dfl dfl)\n[    0.000000] ACPI: INT_SRC_OVR (bus 0 bus_irq 5 global_irq 5 high level)\n[    0.000000] ACPI: INT_SRC_OVR (bus 0 bus_irq 9 global_irq 9 high level)\n[    0.000000] ACPI: INT_SRC_OVR (bus 0 bus_irq 10 global_irq 10 high level)\n[    0.000000] ACPI: INT_SRC_OVR (bus 0 bus_irq 11 global_irq 11 high level)\n[    0.000000] Using ACPI (MADT) for SMP configuration information\n[    0.000000] ACPI: HPET id: 0x8086a201 base: 0xfed00000\n[    0.000000] SMP: Allowing 1 CPUs, 0 hotplug CPUs\n[    0.000000] PM: Registered nosave memory: 000000000009f000 - 00000000000a0000\n[    0.000000] PM: Registered nosave memory: 00000000000a0000 - 00000000000f0000\n[    0.000000] PM: Registered nosave memory: 00000000000f0000 - 0000000000100000\n[    0.000000] Allocating PCI resources starting at 4000000 (gap: 4000000:fbfc0000)\n[    0.000000] Booting paravirtualized kernel on bare hardware\n[    0.000000] setup_pe
2015-12-17 05:50:18,303 21136 DEBUG    [tempest.scenario.manager] Console output for c654f41d-0afc-4c5d-8d64-07c627fcd91a
body=
[    0.000000] Initializing cgroup subsys cpuset
[    0.000000] Initializing cgroup subsys cpu
[    0.000000] Linux version 3.2.0-80-virtual (buildd@batsu) (gcc version 4.6.3 (Ubuntu/Linaro 4.6.3-1ubuntu5) ) #116-Ubuntu SMP Mon Mar 23 17:28:52 UTC 2015 (Ubuntu 3.2.0-80.116-virtual 3.2.68)
[    0.000000] Command line: root=/dev/vda console=tty0 console=ttyS0 no_timer_check
[    0.000000] KERNEL supported cpus:
[    0.000000]   Intel GenuineIntel
[    0.000000]   AMD AuthenticAMD
[    0.000000]   Centaur CentaurHauls
[    0.000000] BIOS-provided physical RAM map:
[    0.000000]  BIOS-e820: 0000000000000000 - 000000000009fc00 (usable)
[    0.000000]  BIOS-e820: 000000000009fc00 - 00000000000a0000 (reserved)
[    0.000000]  BIOS-e820: 00000000000f0000 - 0000000000100000 (reserved)
[    0.000000]  BIOS-e820: 0000000000100000 - 0000000003ffe000 (usable)
[    0.000000]  BIOS-e820: 0000000003ffe000 - 0000000004000000 (reserved)
[    0.000000]  BIOS-e820: 00000000fffc0000 - 0000000100000000 (reserved)
[    0.000000] NX (Execute Disable) protection: active
[    0.000000] SMBIOS 2.4 present.
[    0.000000] No AGP bridge found
[    0.000000] last_pfn = 0x3ffe max_arch_pfn = 0x400000000
[    0.000000] x86 PAT enabled: cpu 0, old 0x7040600070406, new 0x7010600070106
[    0.000000] found SMP MP-table at [ffff8800000f0b00] f0b00
[    0.000000] init_memory_mapping: 0000000000000000-0000000003ffe000
[    0.000000] RAMDISK: 03c5e000 - 03ff0000
[    0.000000] ACPI: RSDP 00000000000f0950 00014 (v00 BOCHS )
[    0.000000] ACPI: RSDT 0000000003fffbc1 00034 (v01 BOCHS  BXPCRSDT 00000001 BXPC 00000001)
[    0.000000] ACPI: FACP 0000000003fff1c0 00074 (v01 BOCHS  BXPCFACP 00000001 BXPC 00000001)
[    0.000000] ACPI: DSDT 0000000003ffe040 01180 (v01 BOCHS  BXPCDSDT 00000001 BXPC 00000001)
[    0.000000] ACPI: FACS 0000000003ffe000 00040
[    0.000000] ACPI: SSDT 0000000003fff234 008DD (v01 BOCHS  BXPCSSDT 00000001 BXPC 00000001)
[    0.000000] ACPI: APIC 0000000003fffb11 00078 (v01 BOCHS  BXPCAPIC 00000001 BXPC 00000001)
[    0.000000] ACPI: HPET 0000000003fffb89 00038 (v01 BOCHS  BXPCHPET 00000001 BXPC 00000001)
[    0.000000] No NUMA configuration found
[    0.000000] Faking a node at 0000000000000000-0000000003ffe000
[    0.000000] Initmem setup node 0 0000000000000000-0000000003ffe000
[    0.000000]   NODE_DATA [0000000003ff6000 - 0000000003ffafff]
[    0.000000] Zone PFN ranges:
[    0.000000]   DMA      0x00000010 -&gt; 0x00001000
[    0.000000]   DMA32    0x00001000 -&gt; 0x00100000
[    0.000000]   Normal   empty
[    0.000000] Movable zone start PFN for each node
[    0.000000] early_node_map[2] active PFN ranges
[    0.000000]     0: 0x00000010 -&gt; 0x0000009f
[    0.000000]     0: 0x00000100 -&gt; 0x00003ffe
[    0.000000] ACPI: PM-Timer IO Port: 0xb008
[    0.000000] ACPI: LAPIC (acpi_id[0x00] lapic_id[0x00] enabled)
[    0.000000] ACPI: LAPIC_NMI (acpi_id[0xff] dfl dfl lint[0x1])
[    0.000000] ACPI: IOAPIC (id[0x00] address[0xfec00000] gsi_base[0])
[    0.000000] IOAPIC[0]: apic_id 0, version 17, address 0xfec00000, GSI 0-23
[    0.000000] ACPI: INT_SRC_OVR (bus 0 bus_irq 0 global_irq 2 dfl dfl)
[    0.000000] ACPI: INT_SRC_OVR (bus 0 bus_irq 5 global_irq 5 high level)
[    0.000000] ACPI: INT_SRC_OVR (bus 0 bus_irq 9 global_irq 9 high level)
[    0.000000] ACPI: INT_SRC_OVR (bus 0 bus_irq 10 global_irq 10 high level)
[    0.000000] ACPI: INT_SRC_OVR (bus 0 bus_irq 11 global_irq 11 high level)
[    0.000000] Using ACPI (MADT) for SMP configuration information
[    0.000000] ACPI: HPET id: 0x8086a201 base: 0xfed00000
[    0.000000] SMP: Allowing 1 CPUs, 0 hotplug CPUs
[    0.000000] PM: Registered nosave memory: 000000000009f000 - 00000000000a0000
[    0.000000] PM: Registered nosave memory: 00000000000a0000 - 00000000000f0000
[    0.000000] PM: Registered nosave memory: 00000000000f0000 - 0000000000100000
[    0.000000] Allocating PCI resources starting at 4000000 (gap: 4000000:fbfc0000)
[    0.000000] Booting paravirtualized kernel on bare hardware
[    0.000000] setup_percpu: NR_CPUS:64 nr_cpumask_bits:64 nr_cpu_ids:1 nr_node_ids:1
[    0.000000] PERCPU: Embedded 27 pages/cpu @ffff880003a00000 s78848 r8192 d23552 u2097152
[    0.000000] Built 1 zonelists in Node order, mobility grouping on.  Total pages: 16008
[    0.000000] Policy zone: DMA32
[    0.000000] Kernel command line: root=/dev/vda console=tty0 console=ttyS0 no_timer_check
[    0.000000] PID hash table entries: 256 (order: -1, 2048 bytes)
[    0.000000] Checking aperture...
[    0.000000] No AGP bridge found
[    0.000000] Memory: 43492k/65528k available (6576k kernel code, 452k absent, 21584k reserved, 6620k data, 928k init)
[    0.000000] SLUB: Genslabs=15, HWalign=64, Order=0-3, MinObjects=0, CPUs=1, Nodes=1
[    0.000000] Hierarchical RCU implementation.
[    0.000000] 	RCU dyntick-idle grace-period acceleration is enabled.
[    0.000000] NR_IRQS:4352 nr_irqs:256 16
[    0.000000] Console: colour VGA+ 80x25
[    0.000000] console [tty0] enabled
[    0.000000] console [ttyS0] enabled
[    0.000000] allocated 1048576 bytes of page_cgroup
[    0.000000] please try 'cgroup_disable=memory' option if you don't want memory cgroups
[    0.000000] Fast TSC calibration failed
[    0.000000] TSC: Unable to calibrate against PIT
[    0.000000] TSC: using HPET reference calibration
[    0.000000] Detected 2293.063 MHz processor.
[    0.036480] Calibrating delay loop (skipped), value calculated using timer frequency.. 4586.12 BogoMIPS (lpj=9172252)
[    0.039140] pid_max: default: 32768 minimum: 301
[    0.045717] Security Framework initialized
[    0.052112] AppArmor: AppArmor initialized
[    0.052746] Yama: becoming mindful.
[    0.058083] Dentry cache hash table entries: 8192 (order: 4, 65536 bytes)
[    0.060596] Inode-cache hash table entries: 4096 (order: 3, 32768 bytes)
[    0.061808] Mount-cache hash table entries: 256
[    0.084702] Initializing cgroup subsys cpuacct
[    0.085585] Initializing cgroup subsys memory
[    0.086881] Initializing cgroup subsys devices
[    0.088149] Initializing cgroup subsys freezer
[    0.088927] Initializing cgroup subsys blkio
[    0.089678] Initializing cgroup subsys perf_event
[    0.097511] mce: CPU supports 10 MCE banks
[    0.103231] SMP alternatives: switching to UP code
[    0.471013] Freeing SMP alternatives: 24k freed
[    0.472716] ACPI: Core revision 20110623
[    0.524479] ftrace: allocating 26610 entries in 105 pages
[    0.553785] ..TIMER: vector=0x30 apic1=0 pin1=2 apic2=-1 pin2=-1
[    0.556233] CPU0: AMD QEMU Virtual CPU version 2.0.0 stepping 03
[    0.564034] Performance Events: Broken PMU hardware detected, using software events only.
[    0.572035] NMI watchdog disabled (cpu0): hardware events not enabled
[    0.572797] Brought up 1 CPUs
[    0.573504] Total of 1 processors activated (4586.12 BogoMIPS).
[    0.597981] devtmpfs: initialized
[    0.628085] EVM: security.selinux
[    0.628643] EVM: security.SMACK64
[    0.629086] EVM: security.capability
[    0.653799] print_constraints: dummy: 
[    0.656650] RTC time:  5:46:48, date: 12/17/15
[    0.660195] NET: Registered protocol family 16
[    0.668321] ACPI: bus type pci registered
[    0.672419] PCI: Using configuration type 1 for base access
[    0.702394] bio: create slab &lt;bio-0&gt; at 0
[    0.706145] ACPI: Added _OSI(Module Device)
[    0.708126] ACPI: Added _OSI(Processor Device)
[    0.708678] ACPI: Added _OSI(3.0 _SCP Extensions)
[    0.709265] ACPI: Added _OSI(Processor Aggregator Device)
[    0.776341] ACPI: Interpreter enabled
[    0.776931] ACPI: (supports S0 S3 S4 S5)
[    0.780275] ACPI: Using IOAPIC for interrupt routing
[    0.861329] ACPI: No dock devices found.
[    0.862175] HEST: Table not found.
[    0.862738] PCI: Using host bridge windows from ACPI; if necessary, use "pci=nocrs" and report a bug
[    0.868920] ACPI: PCI Root Bridge [PCI0] (domain 0000 [bus 00-ff])
[    0.873989] pci_root PNP0A03:00: host bridge window [io  0x0000-0x0cf7]
[    0.876152] pci_root PNP0A03:00: host bridge window [io  0x0d00-0xadff]
[    0.876916] pci_root PNP0A03:00: host bridge window [io  0xae0f-0xaeff]
[    0.877712] pci_root PNP0A03:00: host bridge window [io  0xaf20-0xafdf]
[    0.880104] pci_root PNP0A03:00: host bridge window [io  0xafe4-0xffff]
[    0.880930] pci_root PNP0A03:00: host bridge window [mem 0x000a0000-0x000bffff]
[    0.881809] pci_root PNP0A03:00: host bridge window [mem 0x04000000-0xfebfffff]
[    0.904773] pci 0000:00:01.3: quirk: [io  0xb000-0xb03f] claimed by PIIX4 ACPI
[    0.905668] pci 0000:00:01.3: quirk: [io  0xb100-0xb10f] claimed by PIIX4 SMB
[    0.984686]  pci0000:00: Unable to request _OSC control (_OSC support mask: 0x1e)
[    1.047362] ACPI: PCI Interrupt Link [LNKA] (IRQs 5 *10 11)
[    1.049991] ACPI: PCI Interrupt Link [LNKB] (IRQs 5 *10 11)
[    1.053155] ACPI: PCI Interrupt Link [LNKC] (IRQs 5 10 *11)
[    1.055106] ACPI: PCI Interrupt Link [LNKD] (IRQs 5 10 *11)
[    1.056784] ACPI: PCI Interrupt Link [LNKS] (IRQs *9)
[    1.063949] vgaarb: device added: PCI:0000:00:02.0,decodes=io+mem,owns=io+mem,locks=none
[    1.064193] vgaarb: loaded
[    1.064669] vgaarb: bridge control possible 0000:00:02.0
[    1.069258] i2c-core: driver [aat2870] using legacy suspend method
[    1.070064] i2c-core: driver [aat2870] using legacy resume method
[    1.073457] SCSI subsystem initialized
[    1.078114] usbcore: registered new interface driver usbfs
[    1.079314] usbcore: registered new interface driver hub
[    1.080709] usbcore: registered new device driver usb
[    1.085189] PCI: Using ACPI for IRQ routing
[    1.104507] NetLabel: Initializing
[    1.105269] NetLabel:  domain hash size = 128
[    1.106206] NetLabel:  protocols = UNLABELED CIPSOv4
[    1.109784] NetLabel:  unlabeled traffic allowed by default
[    1.114502] HPET: 3 timers in total, 0 timers will be used for per-cpu timer
[    1.116649] hpet0: at MMIO 0xfed00000, IRQs 2, 8, 0
[    1.118332] hpet0: 3 comparators, 64-bit 100.000000 MHz counter
[    1.133977] Switching to clocksource hpet
[    1.375602] AppArmor: AppArmor Filesystem Enabled
[    1.377740] pnp: PnP ACPI init
[    1.378342] ACPI: bus type pnp registered
[    1.400026] pnp: PnP ACPI: found 9 devices
[    1.401641] ACPI: ACPI bus type pnp unregistered
[    1.462975] NET: Registered protocol family 2
[    1.494334] IP route cache hash table entries: 512 (order: 0, 4096 bytes)
[    1.502053] TCP established hash table entries: 2048 (order: 3, 32768 bytes)
[    1.503521] TCP bind hash table entries: 2048 (order: 3, 32768 bytes)
[    1.505145] TCP: Hash tables configured (established 2048 bind 2048)
[    1.505902] TCP reno registered
[    1.506421] UDP hash table entries: 128 (order: 0, 4096 bytes)
[    1.507325] UDP-Lite hash table entries: 128 (order: 0, 4096 bytes)
[    1.510456] NET: Registered protocol family 1
[    1.511311] pci 0000:00:00.0: Limiting direct PCI/PCI transfers
[    1.512053] pci 0000:00:01.0: PIIX3: Enabling Passive Release
[    1.513426] pci 0000:00:01.0: Activating ISA DMA hang workarounds
[    1.518156] ACPI: PCI Interrupt Link [LNKD] enabled at IRQ 11
[    1.519135] pci 0000:00:01.2: PCI INT D -&gt; Link[LNKD] -&gt; GSI 11 (level, high) -&gt; IRQ 11
[    1.521909] pci 0000:00:01.2: PCI INT D disabled
[    1.538712] Trying to unpack rootfs image as initramfs...
[    1.554254] audit: initializing netlink socket (disabled)
[    1.555647] type=2000 audit(1450331208.552:1): initialized
[    1.818465] HugeTLB registered 2 MB page size, pre-allocated 0 pages
[    1.898761] VFS: Disk quotas dquot_6.5.2
[    1.900041] Dquot-cache hash table entries: 512 (order 0, 4096 bytes)
[    1.915129] fuse init (API version 7.17)
[    1.923418] msgmni has been set to 84
[    1.971004] Block layer SCSI generic (bsg) driver version 0.4 loaded (major 253)
[    1.974113] io scheduler noop registered
[    1.975218] io scheduler deadline registered (default)
[    1.978484] io scheduler cfq registered
[    1.985530] pci_hotplug: PCI Hot Plug PCI Core version: 0.5
[    1.990062] pciehp: PCI Express Hot Plug Controller Driver version: 0.4
[    1.998584] input: Power Button as /devices/LNXSYSTM:00/LNXPWRBN:00/input/input0
[    2.000923] ACPI: Power Button [PWRF]
[    2.066256] ERST: Table is not found!
[    2.066850] GHES: HEST is not enabled!
[    2.077384] ACPI: PCI Interrupt Link [LNKC] enabled at IRQ 10
[    2.078186] virtio-pci 0000:00:03.0: PCI INT A -&gt; Link[LNKC] -&gt; GSI 10 (level, high) -&gt; IRQ 10
[    2.082094] virtio-pci 0000:00:04.0: PCI INT A -&gt; Link[LNKD] -&gt; GSI 11 (level, high) -&gt; IRQ 11
[    2.097998] ACPI: PCI Interrupt Link [LNKA] enabled at IRQ 10
[    2.099451] virtio-pci 0000:00:05.0: PCI INT A -&gt; Link[LNKA] -&gt; GSI 10 (level, high) -&gt; IRQ 10
[    2.126596] Serial: 8250/16550 driver, 32 ports, IRQ sharing enabled
[    2.169237] serial8250: ttyS0 at I/O 0x3f8 (irq = 4) is a 16550A
[    2.253817] serial8250: ttyS1 at I/O 0x2f8 (irq = 3) is a 16550A
[    2.380768] 00:05: ttyS0 at I/O 0x3f8 (irq = 4) is a 16550A
[    2.458904] 00:06: ttyS1 at I/O 0x2f8 (irq = 3) is a 16550A
[    2.503768] Linux agpgart interface v0.103
[    2.525649] Refined TSC clocksource calibration: 2293.115 MHz.
[    2.526481] Switching to clocksource tsc
[    2.569665] brd: module loaded
[    2.604098] loop: module loaded
[    2.674549]  vda: unknown partition table
[    2.724342] scsi0 : ata_piix
[    2.728257] scsi1 : ata_piix
[    2.730819] ata1: PATA max MWDMA2 cmd 0x1f0 ctl 0x3f6 bmdma 0xc0a0 irq 14
[    2.731797] ata2: PATA max MWDMA2 cmd 0x170 ctl 0x376 bmdma 0xc0a8 irq 15
[    2.743635] Fixed MDIO Bus: probed
[    2.745626] tun: Universal TUN/TAP device driver, 1.6
[    2.746351] tun: (C) 1999-2004 Max Krasnyansky &lt;maxk@qualcomm.com&gt;
[    2.765529] PPP generic driver version 2.4.2
[    2.787358] ehci_hcd: USB 2.0 'Enhanced' Host Controller (EHCI) Driver
[    2.789710] ohci_hcd: USB 1.1 'Open' Host Controller (OHCI) Driver
[    2.791431] uhci_hcd: USB Universal Host Controller Interface driver
[    2.793390] uhci_hcd 0000:00:01.2: PCI INT D -&gt; Link[LNKD] -&gt; GSI 11 (level, high) -&gt; IRQ 11
[    2.797547] uhci_hcd 0000:00:01.2: UHCI Host Controller
[    2.809869] uhci_hcd 0000:00:01.2: new USB bus registered, assigned bus number 1
[    2.813680] uhci_hcd 0000:00:01.2: irq 11, io base 0x0000c040
[    2.839534] hub 1-0:1.0: USB hub found
[    2.841081] hub 1-0:1.0: 2 ports detected
[    2.849275] usbcore: registered new interface driver libusual
[    2.853136] i8042: PNP: PS/2 Controller [PNP0303:KBD,PNP0f13:MOU] at 0x60,0x64 irq 1,12
[    2.863810] serio: i8042 KBD port at 0x60,0x64 irq 1
[    2.866095] serio: i8042 AUX port at 0x60,0x64 irq 12
[    2.909600] mousedev: PS/2 mouse device common for all mice
[    2.933209] input: AT Translated Set 2 keyboard as /devices/platform/i8042/serio0/input/input1
[    2.955343] rtc_cmos 00:01: RTC can wake from S4
[    2.971910] rtc_cmos 00:01: rtc core: registered rtc_cmos as rtc0
[    2.975870] rtc0: alarms up to one day, 114 bytes nvram, hpet irqs
[    2.979917] device-mapper: uevent: version 1.0.3
[    3.006323] ata2.01: ATAPI: QEMU DVD-ROM, 2.0.0, max UDMA/100
[    3.019496] ata2.01: configured for MWDMA2
[    3.027201] device-mapper: ioctl: 4.22.0-ioctl (2011-10-19) initialised: dm-devel@redhat.com
[    3.031665] cpuidle: using governor ladder
[    3.032904] cpuidle: using governor menu
[    3.034460] EFI Variables Facility v0.08 2004-May-17
[    3.045003] TCP cubic registered
[    3.048523] NET: Registered protocol family 10
[    3.076652] NET: Registered protocol family 17
[    3.078155] Registering the dns_resolver key type
[    3.111611] scsi 1:0:1:0: CD-ROM            QEMU     QEMU DVD-ROM     2.0. PQ: 0 ANSI: 5
[    3.150158] sr0: scsi3-mmc drive: 4x/4x cd/rw xa/form2 tray
[    3.151947] cdrom: Uniform CD-ROM driver Revision: 3.20
[    3.174854] sr 1:0:1:0: Attached scsi generic sg0 type 5
[    3.206463] registered taskstats version 1
[    3.258458] Freeing initrd memory: 3656k freed
[    3.769232]   Magic number: 11:79:770
[    3.780822] rtc_cmos 00:01: setting system clock to 2015-12-17 05:46:51 UTC (1450331211)
[    3.784516] powernow-k8: Processor cpuid 663 not supported
[    3.791792] BIOS EDD facility v0.16 2004-Jun-25, 0 devices found
[    3.792969] EDD information not available.
[    3.851399] Freeing unused kernel memory: 928k freed
[    3.856147] Write protecting the kernel read-only data: 12288k
[    3.933708] Freeing unused kernel memory: 1596k freed
[    3.989412] Freeing unused kernel memory: 1184k freed

info: initramfs: up at 4.17
modprobe: module virtio_blk not found in modules.dep
modprobe: module virtio_net not found in modules.dep
info: copying initramfs to /dev/vda
info: initramfs loading root from /dev/vda
info: /etc/init.d/rc.sysinit: up at 8.71
info: container: none
Starting logging: OK
modprobe: module virtio_blk not found in modules.dep
modprobe: module virtio_net not found in modules.dep
WARN: /etc/rc3.d/S10-load-modules failed
Initializing random number generator... done.
Starting acpid: OK
cirros-ds 'local' up at 11.28
found datasource (configdrive, local)
Starting network...
udhcpc (v1.20.1) started
Sending discover...
Sending discover...
Sending discover...
Usage: /sbin/cirros-dhcpc &lt;up|down&gt;
No lease, failing
WARN: /etc/rc3.d/S40-network failed
Starting dropbear sshd: generating rsa key... generating dsa key... OK
no userdata for datasource
=== system information ===
Platform: OpenStack Foundation OpenStack Nova
Container: none
Arch: x86_64
CPU(s): 1 @ 2293.063 MHz
Cores/Sockets/Threads: 1/1/1
Virt-type: AMD-V
RAM Size: 49MB
Disks:
NAME MAJ:MIN     SIZE LABEL         MOUNTPOINT
vda  253:0   25165824 cirros-rootfs /
sr0   11:0     428032 config-2      
=== sshd host keys ===
-----BEGIN SSH HOST KEY KEYS-----
ssh-rsa AAAAB3NzaC1yc2EAAAADAQABAAAAgmr65jcu30PwL5QcXsL1gS4lLPneZV02QNnbMljoYCG1lT761FvHJUkjbe2rfgP9H29mE1oPTjr8xSDgNSus04MJlHsvXJPoWcPYhgy/7pUTeIvKVyD0vjyVzsp9xBDmC0rmR5zfkVsD4qFeseZM+nFKGSB1511upoRrnFV+PpSKLjc= root@tempest
ssh-dss AAAAB3NzaC1kc3MAAACBALkfyebgyMGe7eTpHvrawBuYa/WzlpMjrq8ycreUcoIy5CZlvoM3vUdqFqWxiAcmKH/sgE6CgJAYov2aOWrN4iKXOoD1o7KvPdr81CZ/sfiHXMDNpSdc/YvAi7195xX6ArcWD92uRxz+p4Upe3aaQVPZsZtuHQDlOBpYt+QbFHsnAAAAFQDiBkX9o5pD5pQCQ8Ez2gP1zM5sCwAAAIA6QbaQX3weCLjq8LHP2oFHBCkBHXE2UEGwRjLUn1tVVLOWisFeu0naNE7yFt+nekVSSZ+WFXrr+gb0hrdP9MvSt9iqJCeUThkYrxwDrGJSINPIDEgdT0hjY7aU9J9nT+xIDsGz2K8G/MB31N1/ryG20AeBWepjXD6ltye7en5g2gAAAIEAt2WVPQ+29tnZopVh5ebVjTndKu5WeLh3YNI6lMRe8py/Zbv9j6J9QpsGkOJYcAxhTcLZdlyAa0rfXN9ktNAM8yzWGrk8pUg/I/c7saWSlHOAsRqY98gY7L9wss6YJRcYlRFDGqwmzXtLiShxwgkx3hpBzSc+GqtVT7CXEOfRhgg= root@tempest
-----END SSH HOST KEY KEYS-----
=== network info ===
if-info: lo,up,127.0.0.1,8,::1
if-info: eth0,up,,8,fe80::f816:3eff:fe38:c749
=== datasource: configdrive local ===
instance-id: c654f41d-0afc-4c5d-8d64-07c627fcd91a
name: tempest.common.compute-instance-494396296
availability-zone: nova
local-hostname: tempest.common.compute-instance-494396296.novalocal
launch-index: 0
=== cirros: current=0.3.4 uptime=202.29 ===
route: fscanf
=== pinging gateway failed, debugging connection ===
############ debug start ##############
### /etc/init.d/sshd start
Starting dropbear sshd: OK
route: fscanf
### ifconfig -a
eth0      Link encap:Ethernet  HWaddr FA:16:3E:38:C7:49  
          inet6 addr: fe80::f816:3eff:fe38:c749/64 Scope:Link
          UP BROADCAST RUNNING MULTICAST  MTU:1500  Metric:1
          RX packets:12 errors:0 dropped:5 overruns:0 frame:0
          TX packets:8 errors:0 dropped:0 overruns:0 carrier:0
          collisions:0 txqueuelen:1000 
          RX bytes:1293 (1.2 KiB)  TX bytes:1134 (1.1 KiB)

lo        Link encap:Local Loopback  
          inet addr:127.0.0.1  Mask:255.0.0.0
          inet6 addr: ::1/128 Scope:Host
          UP LOOPBACK RUNNING  MTU:16436  Metric:1
          RX packets:12 errors:0 dropped:0 overruns:0 frame:0
          TX packets:12 errors:0 dropped:0 overruns:0 carrier:0
          collisions:0 txqueuelen:0 
          RX bytes:1020 (1020.0 B)  TX bytes:1020 (1020.0 B)

### route -n
Kernel IP routing table
Destination     Gateway         Genmask         Flags Metric Ref    Use Iface
route: fscanf
### cat /etc/resolv.conf
cat: can't open '/etc/resolv.conf': No such file or directory
### gateway not found
/sbin/cirros-status: line 1: can't open /etc/resolv.conf: no such file
### pinging nameservers
### uname -a
Linux tempest 3.2.0-80-virtual #116-Ubuntu SMP Mon Mar 23 17:28:52 UTC 2015 x86_64 GNU/Linux
### lsmod
Module                  Size  Used by    Not tainted
nls_iso8859_1          12713  0 
nls_cp437              16991  0 
vfat                   17585  0 
fat                    61512  1 vfat
isofs                  40259  0 
ip_tables              27473  0 
x_tables               29891  1 ip_tables
pcnet32                42119  0 
8139cp                 27360  0 
ne2k_pci               13691  0 
8390                   18856  1 ne2k_pci
e1000                 108589  0 
acpiphp                24231  0 
### dmesg | tail
[    4.984050] EXT3-fs (vda): mounted filesystem with ordered data mode
[    5.299321] ISO 9660 Extensions: Microsoft Joliet Level 3
[    5.378446] ISO 9660 Extensions: RRIP_1991A
[    5.611860] kjournald starting.  Commit interval 5 seconds
[    5.627268] EXT3-fs (vda): using internal journal
[    5.627405] EXT3-fs (vda): mounted filesystem with ordered data mode
[    8.763450] EXT3-fs (vda): using internal journal
[   12.070303] ISO 9660 Extensions: Microsoft Joliet Level 3
[   12.167958] ISO 9660 Extensions: RRIP_1991A
[   26.339407] eth0: no IPv6 routers present
### tail -n 25 /var/log/messages
Dec 17 05:46:57 cirros kern.info kernel: [    4.482738] acpiphp: Slot [23] registered
Dec 17 05:46:57 cirros kern.info kernel: [    4.483027] acpiphp: Slot [24] registered
Dec 17 05:46:57 cirros kern.info kernel: [    4.483304] acpiphp: Slot [25] registered
Dec 17 05:46:57 cirros kern.info kernel: [    4.483618] acpiphp: Slot [26] registered
Dec 17 05:46:57 cirros kern.info kernel: [    4.483905] acpiphp: Slot [27] registered
Dec 17 05:46:57 cirros kern.info kernel: [    4.484375] acpiphp: Slot [28] registered
Dec 17 05:46:57 cirros kern.info kernel: [    4.485243] acpiphp: Slot [29] registered
Dec 17 05:46:57 cirros kern.info kernel: [    4.485627] acpiphp: Slot [30] registered
Dec 17 05:46:57 cirros kern.info kernel: [    4.485933] acpiphp: Slot [31] registered
Dec 17 05:46:57 cirros kern.info kernel: [    4.533330] e1000: Intel(R) PRO/1000 Network Driver - version 7.3.21-k8-NAPI
Dec 17 05:46:57 cirros kern.info kernel: [    4.533820] e1000: Copyright (c) 1999-2006 Intel Corporation.
Dec 17 05:46:57 cirros kern.info kernel: [    4.573185] ne2k-pci.c:v1.03 9/22/2003 D. Becker/P. Gortmaker
Dec 17 05:46:57 cirros kern.info kernel: [    4.610294] 8139cp: 8139cp: 10/100 PCI Ethernet driver v1.3 (Mar 22, 2004)
Dec 17 05:46:57 cirros kern.info kernel: [    4.656499] pcnet32: pcnet32.c:v1.35 21.Apr.2008 tsbogend@alpha.franken.de
Dec 17 05:46:57 cirros kern.info kernel: [    4.699349] ip_tables: (C) 2000-2006 Netfilter Core Team
Dec 17 05:46:57 cirros kern.info kernel: [    4.976845] kjournald starting.  Commit interval 5 seconds
Dec 17 05:46:57 cirros kern.info kernel: [    4.984050] EXT3-fs (vda): mounted filesystem with ordered data mode
Dec 17 05:46:57 cirros kern.debug kernel: [    5.299321] ISO 9660 Extensions: Microsoft Joliet Level 3
Dec 17 05:46:57 cirros kern.info kernel: [    5.627405] EXT3-fs (vda): mounted filesystem with ordered data mode
Dec 17 05:46:57 cirros kern.info kernel: [    8.763450] EXT3-fs (vda): using internal journal
Dec 17 05:46:59 cirros kern.debug kernel: [   12.070303] ISO 9660 Extensions: Microsoft Joliet Level 3
Dec 17 05:46:59 cirros kern.debug kernel: [   12.167958] ISO 9660 Extensions: RRIP_1991A
Dec 17 05:47:02 cirros auth.notice su: + /dev/console root:cirros
Dec 17 05:47:14 cirros kern.debug kernel: [   26.339407] eth0: no IPv6 routers present
Dec 17 05:50:07 cirros authpriv.info dropbear[283]: Running in background
############ debug end   ##############
  ____               ____  ____
 / __/ __ ____ ____ / __ \/ __/
/ /__ / // __// __// /_/ /\ \ 
\___//_//_/  /_/   \____/___/ 
   http://cirros-cloud.net


login as 'cirros' user. default password: 'cubswin:)'. use 'sudo' for root.
tempest login: 
2015-12-17 05:50:18,581 21136 INFO     [tempest_lib.common.rest_client] Request (TestGettingAddress:_run_cleanups): 204 DELETE http://10.0.2.15:9696/v2.0/floatingips/43838424-b654-45aa-901f-0db269fee5b0 0.274s
2015-12-17 05:50:18,581 21136 DEBUG    [tempest_lib.common.rest_client] Request - Headers: {'Content-Type': 'application/json', 'Accept': 'application/json', 'X-Auth-Token': '&lt;omitted&gt;'}
        Body: None
    Response - Headers: {'date': 'Thu, 17 Dec 2015 05:50:18 GMT', 'status': '204', 'connection': 'close', 'content-length': '0', 'x-openstack-request-id': 'req-628a6165-680c-4817-b0c3-01b88d91f18f'}
        Body: 
2015-12-17 05:50:18,797 21136 INFO     [tempest_lib.common.rest_client] Request (TestGettingAddress:_run_cleanups): 204 DELETE http://10.0.2.15:8774/v2.1/9a32fafe5fae45848df2810d5eb66fae/servers/c654f41d-0afc-4c5d-8d64-07c627fcd91a 0.215s
2015-12-17 05:50:18,797 21136 DEBUG    [tempest_lib.common.rest_client] Request - Headers: {'Content-Type': 'application/json', 'Accept': 'application/json', 'X-Auth-Token': '&lt;omitted&gt;'}
        Body: None
    Response - Headers: {'status': '204', 'content-length': '0', 'x-compute-request-id': 'req-81538688-6dfe-41b6-b3c8-1d8efa8ab7e9', 'vary': 'X-OpenStack-Nova-API-Version', 'connection': 'close', 'x-openstack-nova-api-version': '2.1', 'date': 'Thu, 17 Dec 2015 05:50:18 GMT', 'content-type': 'application/json'}
        Body: 
2015-12-17 05:50:19,143 21136 INFO     [tempest_lib.common.rest_client] Request (TestGettingAddress:_run_cleanups): 200 GET http://10.0.2.15:8774/v2.1/9a32fafe5fae45848df2810d5eb66fae/servers/c654f41d-0afc-4c5d-8d64-07c627fcd91a 0.345s
2015-12-17 05:50:19,143 21136 DEBUG    [tempest_lib.common.rest_client] Request - Headers: {'Content-Type': 'application/json', 'Accept': 'application/json', 'X-Auth-Token': '&lt;omitted&gt;'}
        Body: None
    Response - Headers: {'status': '200', 'content-length': '1902', 'content-location': 'http://10.0.2.15:8774/v2.1/9a32fafe5fae45848df2810d5eb66fae/servers/c654f41d-0afc-4c5d-8d64-07c627fcd91a', 'x-compute-request-id': 'req-a26178c5-864f-4e19-b097-cc2484846e1d', 'vary': 'X-OpenStack-Nova-API-Version', 'connection': 'close', 'x-openstack-nova-api-version': '2.1', 'date': 'Thu, 17 Dec 2015 05:50:19 GMT', 'content-type': 'application/json'}
        Body: {"server": {"status": "ACTIVE", "updated": "2015-12-17T05:50:18Z", "hostId": "83f6b9424b2e3a2b02e9a7e581a7e1c5f6a0462b23cd6c3104cde3f7", "addresses": {"tempest-network-smoke--41296586": [{"OS-EXT-IPS-MAC:mac_addr": "fa:16:3e:38:c7:49", "version": 4, "addr": "10.100.0.3", "OS-EXT-IPS:type": "fixed"}, {"OS-EXT-IPS-MAC:mac_addr": "fa:16:3e:38:c7:49", "version": 6, "addr": "2003::f816:3eff:fe38:c749", "OS-EXT-IPS:type": "fixed"}, {"OS-EXT-IPS-MAC:mac_addr": "fa:16:3e:38:c7:49", "version": 4, "addr": "172.24.4.4", "OS-EXT-IPS:type": "floating"}]}, "links": [{"href": "http://10.0.2.15:8774/v2.1/9a32fafe5fae45848df2810d5eb66fae/servers/c654f41d-0afc-4c5d-8d64-07c627fcd91a", "rel": "self"}, {"href": "http://10.0.2.15:8774/9a32fafe5fae45848df2810d5eb66fae/servers/c654f41d-0afc-4c5d-8d64-07c627fcd91a", "rel": "bookmark"}], "key_name": "tempest-TestGettingAddress-1564856861", "image": {"id": "b4bc6b65-7c7c-4a2c-938a-e6751bbdab6e", "links": [{"href": "http://10.0.2.15:8774/9a32fafe5fae45848df2810d5eb66fae/images/b4bc6b65-7c7c-4a2c-938a-e6751bbdab6e", "rel": "bookmark"}]}, "OS-EXT-STS:task_state": "deleting", "OS-EXT-STS:vm_state": "active", "OS-SRV-USG:launched_at": "2015-12-17T05:46:44.000000", "flavor": {"id": "42", "links": [{"href": "http://10.0.2.15:8774/9a32fafe5fae45848df2810d5eb66fae/flavors/42", "rel": "bookmark"}]}, "id": "c654f41d-0afc-4c5d-8d64-07c627fcd91a", "security_groups": [{"name": "tempest-secgroup-smoke-1611226265"}], "OS-SRV-USG:terminated_at": null, "OS-EXT-AZ:availability_zone": "nova", "user_id": "1801d22237334a4db134a4b512b52165", "name": "tempest.common.compute-instance-494396296", "created": "2015-12-17T05:46:41Z", "tenant_id": "9a32fafe5fae45848df2810d5eb66fae", "OS-DCF:diskConfig": "MANUAL", "os-extended-volumes:volumes_attached": [], "accessIPv4": "", "accessIPv6": "", "progress": 0, "OS-EXT-STS:power_state": 1, "config_drive": "True", "metadata": {}}}
2015-12-17 05:50:20,294 21136 INFO     [tempest_lib.common.rest_client] Request (TestGettingAddress:_run_cleanups): 200 GET http://10.0.2.15:8774/v2.1/9a32fafe5fae45848df2810d5eb66fae/servers/c654f41d-0afc-4c5d-8d64-07c627fcd91a 0.141s
2015-12-17 05:50:20,295 21136 DEBUG    [tempest_lib.common.rest_client] Request - Headers: {'Content-Type': 'application/json', 'Accept': 'application/json', 'X-Auth-Token': '&lt;omitted&gt;'}
        Body: None
    Response - Headers: {'status': '200', 'content-length': '1439', 'content-location': 'http://10.0.2.15:8774/v2.1/9a32fafe5fae45848df2810d5eb66fae/servers/c654f41d-0afc-4c5d-8d64-07c627fcd91a', 'x-compute-request-id': 'req-71ad61da-c90f-41a7-99bf-a88132d4cbbd', 'vary': 'X-OpenStack-Nova-API-Version', 'connection': 'close', 'x-openstack-nova-api-version': '2.1', 'date': 'Thu, 17 Dec 2015 05:50:20 GMT', 'content-type': 'application/json'}
        Body: {"server": {"status": "ACTIVE", "updated": "2015-12-17T05:50:19Z", "hostId": "83f6b9424b2e3a2b02e9a7e581a7e1c5f6a0462b23cd6c3104cde3f7", "addresses": {}, "links": [{"href": "http://10.0.2.15:8774/v2.1/9a32fafe5fae45848df2810d5eb66fae/servers/c654f41d-0afc-4c5d-8d64-07c627fcd91a", "rel": "self"}, {"href": "http://10.0.2.15:8774/9a32fafe5fae45848df2810d5eb66fae/servers/c654f41d-0afc-4c5d-8d64-07c627fcd91a", "rel": "bookmark"}], "key_name": "tempest-TestGettingAddress-1564856861", "image": {"id": "b4bc6b65-7c7c-4a2c-938a-e6751bbdab6e", "links": [{"href": "http://10.0.2.15:8774/9a32fafe5fae45848df2810d5eb66fae/images/b4bc6b65-7c7c-4a2c-938a-e6751bbdab6e", "rel": "bookmark"}]}, "OS-EXT-STS:task_state": "deleting", "OS-EXT-STS:vm_state": "active", "OS-SRV-USG:launched_at": "2015-12-17T05:46:44.000000", "flavor": {"id": "42", "links": [{"href": "http://10.0.2.15:8774/9a32fafe5fae45848df2810d5eb66fae/flavors/42", "rel": "bookmark"}]}, "id": "c654f41d-0afc-4c5d-8d64-07c627fcd91a", "OS-SRV-USG:terminated_at": null, "OS-EXT-AZ:availability_zone": "nova", "user_id": "1801d22237334a4db134a4b512b52165", "name": "tempest.common.compute-instance-494396296", "created": "2015-12-17T05:46:41Z", "tenant_id": "9a32fafe5fae45848df2810d5eb66fae", "OS-DCF:diskConfig": "MANUAL", "os-extended-volumes:volumes_attached": [], "accessIPv4": "", "accessIPv6": "", "progress": 0, "OS-EXT-STS:power_state": 1, "config_drive": "True", "metadata": {}}}
2015-12-17 05:50:21,397 21136 INFO     [tempest_lib.common.rest_client] Request (TestGettingAddress:_run_cleanups): 404 GET http://10.0.2.15:8774/v2.1/9a32fafe5fae45848df2810d5eb66fae/servers/c654f41d-0afc-4c5d-8d64-07c627fcd91a 0.086s
2015-12-17 05:50:21,398 21136 DEBUG    [tempest_lib.common.rest_client] Request - Headers: {'Content-Type': 'application/json', 'Accept': 'application/json', 'X-Auth-Token': '&lt;omitted&gt;'}
        Body: None
    Response - Headers: {'status': '404', 'content-length': '111', 'x-compute-request-id': 'req-781fca16-6906-4594-9c93-e7beb25d0229', 'vary': 'X-OpenStack-Nova-API-Version', 'connection': 'close', 'x-openstack-nova-api-version': '2.1', 'date': 'Thu, 17 Dec 2015 05:50:21 GMT', 'content-type': 'application/json; charset=UTF-8'}
        Body: {"itemNotFound": {"message": "Instance c654f41d-0afc-4c5d-8d64-07c627fcd91a could not be found.", "code": 404}}
2015-12-17 05:50:21,891 21136 INFO     [tempest_lib.common.rest_client] Request (TestGettingAddress:_run_cleanups): 200 PUT http://10.0.2.15:9696/v2.0/routers/36e140e6-0eb3-4434-96c8-1ad675b72fbe/remove_router_interface 0.491s
2015-12-17 05:50:21,892 21136 DEBUG    [tempest_lib.common.rest_client] Request - Headers: {'Content-Type': 'application/json', 'Accept': 'application/json', 'X-Auth-Token': '&lt;omitted&gt;'}
        Body: {"subnet_id": "7867a4c1-ac85-4f10-865f-16af2e270a72"}
    Response - Headers: {'status': '200', 'content-length': '255', 'connection': 'close', 'date': 'Thu, 17 Dec 2015 05:50:21 GMT', 'content-type': 'application/json; charset=UTF-8', 'x-openstack-request-id': 'req-d25e1d65-9b48-4a92-9866-db8f90a6735d'}
        Body: {"subnet_id": "7867a4c1-ac85-4f10-865f-16af2e270a72", "tenant_id": "9a32fafe5fae45848df2810d5eb66fae", "subnet_ids": ["7867a4c1-ac85-4f10-865f-16af2e270a72"], "port_id": "8501cc3f-2a49-4cf0-a0c3-c8469d91f0c7", "id": "36e140e6-0eb3-4434-96c8-1ad675b72fbe"}
2015-12-17 05:50:22,497 21136 INFO     [tempest_lib.common.rest_client] Request (TestGettingAddress:_run_cleanups): 204 DELETE http://10.0.2.15:9696/v2.0/subnets/7867a4c1-ac85-4f10-865f-16af2e270a72 0.604s
2015-12-17 05:50:22,498 21136 DEBUG    [tempest_lib.common.rest_client] Request - Headers: {'Content-Type': 'application/json', 'Accept': 'application/json', 'X-Auth-Token': '&lt;omitted&gt;'}
        Body: None
    Response - Headers: {'date': 'Thu, 17 Dec 2015 05:50:22 GMT', 'status': '204', 'connection': 'close', 'content-length': '0', 'x-openstack-request-id': 'req-1895f41e-e467-4e2c-a964-7da43650906b'}
        Body: 
2015-12-17 05:50:22,545 21136 INFO     [tempest_lib.common.rest_client] Request (TestGettingAddress:_run_cleanups): 404 DELETE http://10.0.2.15:9696/v2.0/subnets/7867a4c1-ac85-4f10-865f-16af2e270a72 0.047s
2015-12-17 05:50:22,546 21136 DEBUG    [tempest_lib.common.rest_client] Request - Headers: {'Content-Type': 'application/json', 'Accept': 'application/json', 'X-Auth-Token': '&lt;omitted&gt;'}
        Body: None
    Response - Headers: {'status': '404', 'content-length': '136', 'connection': 'close', 'date': 'Thu, 17 Dec 2015 05:50:22 GMT', 'content-type': 'application/json; charset=UTF-8', 'x-openstack-request-id': 'req-92c24e3e-541c-486e-8cac-71d70625e445'}
        Body: {"NeutronError": {"message": "Subnet 7867a4c1-ac85-4f10-865f-16af2e270a72 could not be found.", "type": "SubnetNotFound", "detail": ""}}
2015-12-17 05:50:22,950 21136 INFO     [tempest_lib.common.rest_client] Request (TestGettingAddress:_run_cleanups): 200 PUT http://10.0.2.15:9696/v2.0/routers/36e140e6-0eb3-4434-96c8-1ad675b72fbe/remove_router_interface 0.403s
2015-12-17 05:50:22,950 21136 DEBUG    [tempest_lib.common.rest_client] Request - Headers: {'Content-Type': 'application/json', 'Accept': 'application/json', 'X-Auth-Token': '&lt;omitted&gt;'}
