<?xml version="1.0" encoding="UTF-8"?>
<!DOCTYPE html PUBLIC "-//W3C//DTD XHTML 1.0 Strict//EN"
     "http://www.w3.org/TR/xhtml1/DTD/xhtml1-strict.dtd">
<html xmlns="http://www.w3.org/1999/xhtml">
<head>
    <title>Unit Test Report</title>
    <meta name="generator" content="subunit2html 0.1"/>
    <meta http-equiv="Content-Type" content="text/html; charset=UTF-8"/>
    
<style type="text/css" media="screen">
body        { font-family: verdana, arial, helvetica, sans-serif;
    font-size: 80%; }
table       { font-size: 100%; width: 100%;}
pre         { font-size: 80%; }

/* -- heading -------------------------------------------------------------- */
h1 {
        font-size: 16pt;
        color: gray;
}
.heading {
    margin-top: 0ex;
    margin-bottom: 1ex;
}

.heading .attribute {
    margin-top: 1ex;
    margin-bottom: 0;
}

.heading .description {
    margin-top: 4ex;
    margin-bottom: 6ex;
}

/* -- css div popup -------------------------------------------------------- */
a.popup_link {
}

a.popup_link:hover {
    color: red;
}

.popup_window {
    display: none;
    overflow-x: scroll;
    /*border: solid #627173 1px; */
    padding: 10px;
    background-color: #E6E6D6;
    font-family: "Ubuntu Mono", "Lucida Console", "Courier New", monospace;
    text-align: left;
    font-size: 8pt;
}

}
/* -- report --------------------------------------------------------------- */
#show_detail_line {
    margin-top: 3ex;
    margin-bottom: 1ex;
}
#result_table {
    width: 100%;
    border-collapse: collapse;
    border: 1px solid #777;
}
#header_row {
    font-weight: bold;
    color: white;
    background-color: #777;
}
#result_table td {
    border: 1px solid #777;
    padding: 2px;
}
#total_row  { font-weight: bold; }
.passClass  { background-color: #6c6; }
.failClass  { background-color: #c60; }
.errorClass { background-color: #c00; }
.passCase   { color: #6c6; }
.failCase   { color: #c60; font-weight: bold; }
.errorCase  { color: #c00; font-weight: bold; }
.hiddenRow  { display: none; }
.testcase   { margin-left: 2em; }
td.testname {width: 40%}
td.small {width: 40px}

/* -- ending --------------------------------------------------------------- */
#ending {
}

</style>

</head>
<body>
<script language="javascript" type="text/javascript"><!--
output_list = Array();

/* level - 0:Summary; 1:Failed; 2:All */
function showCase(level) {
    trs = document.getElementsByTagName("tr");
    for (var i = 0; i < trs.length; i++) {
        tr = trs[i];
        id = tr.id;
        if (id.substr(0,2) == 'ft') {
            if (level < 1) {
                tr.className = 'hiddenRow';
            }
            else {
                tr.className = '';
            }
        }
        if (id.substr(0,2) == 'pt') {
            if (level > 1) {
                tr.className = '';
            }
            else {
                tr.className = 'hiddenRow';
            }
        }
    }
}


function showClassDetail(cid, count) {
    var id_list = Array(count);
    var toHide = 1;
    for (var i = 0; i < count; i++) {
        tid0 = 't' + cid.substr(1) + '.' + (i+1);
        tid = 'f' + tid0;
        tr = document.getElementById(tid);
        if (!tr) {
            tid = 'p' + tid0;
            tr = document.getElementById(tid);
        }
        id_list[i] = tid;
        if (tr.className) {
            toHide = 0;
        }
    }
    for (var i = 0; i < count; i++) {
        tid = id_list[i];
        if (toHide) {
            document.getElementById('div_'+tid).style.display = 'none'
            document.getElementById(tid).className = 'hiddenRow';
        }
        else {
            document.getElementById(tid).className = '';
        }
    }
}


function showTestDetail(div_id){
    var details_div = document.getElementById(div_id)
    var displayState = details_div.style.display
    // alert(displayState)
    if (displayState != 'block' ) {
        displayState = 'block'
        details_div.style.display = 'block'
    }
    else {
        details_div.style.display = 'none'
    }
}


function html_escape(s) {
    s = s.replace(/&/g,'&amp;');
    s = s.replace(/</g,'&lt;');
    s = s.replace(/>/g,'&gt;');
    return s;
}

/* obsoleted by detail in <div>
function showOutput(id, name) {
    var w = window.open("", //url
                    name,
                    "resizable,scrollbars,status,width=800,height=450");
    d = w.document;
    d.write("<pre>");
    d.write(html_escape(output_list[id]));
    d.write("\n");
    d.write("<a href='javascript:window.close()'>close</a>\n");
    d.write("</pre>\n");
    d.close();
}
*/
--></script>

<div class='heading'>
<h1>Unit Test Report</h1>

<p class='attribute'><strong>Status:</strong> Failure 8</p>

<p class='description'></p>
</div>



<p id='show_detail_line'>Show
<a href='javascript:showCase(0)'>Summary</a>
<a href='javascript:showCase(1)'>Failed</a>
<a href='javascript:showCase(2)'>All</a>
</p>
<table id='result_table'>
<colgroup>
<col align='left' />
<col align='right' />
<col align='right' />
<col align='right' />
<col align='right' />
<col align='right' />
<col align='right' />
<col align='right' />
</colgroup>
<tr id='header_row'>
    <td>Test Group/Test case</td>
    <td>Count</td>
    <td>Pass</td>
    <td>Fail</td>
    <td>Error</td>
    <td>Skip</td>
    <td>View</td>
    <td> </td>
</tr>

<tr class='failClass'>
    <td class="testname">tempest.scenario.test_network_v6.TestGettingAddress</td>
    <td class="small">8</td>
    <td class="small">0</td>
    <td class="small">8</td>
    <td class="small">0</td>
    <td class="small">0</td>
    <td class="small"><a href="javascript:showClassDetail('c1',8)"
>Detail</a></td>
    <td> </td>
</tr>

<tr id='ft1.1' class='none'>
    <td class='failCase'><div class='testcase'>test_dhcp6_stateless_from_os[compute,id-d7e1f858-187c-45a6-89c9-bdafde619a9f,network]</div></td>
    <td colspan='7' align='left'>

    <!--css div popup start-->
    <a class="popup_link" onfocus='this.blur();'
    href="javascript:showTestDetail('div_ft1.1')" >
        fail</a>

    <div id='div_ft1.1' class="popup_window">
        <div style='text-align: right; color:red;cursor:pointer'>
        <a onfocus='this.blur();'
onclick="document.getElementById('div_ft1.1').style.display = 'none' " >
           [x]</a>
        </div>
        <pre>
        
ft1.1: tempest.scenario.test_network_v6.TestGettingAddress.test_dhcp6_stateless_from_os[compute,id-d7e1f858-187c-45a6-89c9-bdafde619a9f,network]_StringException: Empty attachments:
  stderr
  stdout

pythonlogging:'': {{{
2015-12-06 14:04:56,796 20661 INFO     [tempest_lib.common.rest_client] Request (TestGettingAddress:setUp): 200 POST http://10.0.2.15:8774/v2.1/9098062568f945f2b00eaf9fdf75b197/os-keypairs 0.277s
2015-12-06 14:04:56,796 20661 DEBUG    [tempest_lib.common.rest_client] Request - Headers: {'Content-Type': 'application/json', 'Accept': 'application/json', 'X-Auth-Token': '&lt;omitted&gt;'}
        Body: {"keypair": {"name": "tempest-TestGettingAddress-1121973321"}}
    Response - Headers: {'status': '200', 'content-length': '2320', 'x-compute-request-id': 'req-a0ee8d00-b601-4382-bfc8-509e48b868fe', 'vary': 'X-OpenStack-Nova-API-Version', 'connection': 'close', 'x-openstack-nova-api-version': '2.1', 'date': 'Sun, 06 Dec 2015 14:04:56 GMT', 'content-type': 'application/json'}
        Body: {"keypair": {"public_key": "ssh-rsa AAAAB3NzaC1yc2EAAAADAQABAAABAQC3tTzFegrHX310SXPd7r62010zdyJbkWQSlRUsiN7cC2djmGiJWF416JiSXW5bTI9ley2G6JLHwt7rMvxheSNq4qLtgnC0glM62L1OqL7NrLrjnmdcthoJJslOPgEg4wVd0bMOe+P4W71tElAisSc9T5Xn+n5NocDXlYfoR8ks9UCJ/27RLiROtWs8elwywfupnTbbyX0ntG17xdeSSpjmAOlUF8LaoJ7XIO/NsbGPawGDmXwCFqOn/R6idlxU5sOu4BW/DBp4Ezu4f7E7IutUd2hQxkWox2ytL5UP21YEXLTOdjKRkrVNOEL+MZE5Rom0VMmOA60orGXmXJ1DOCmz Generated-by-Nova", "private_key": "-----BEGIN RSA PRIVATE KEY-----\nMIIEqQIBAAKCAQEAt7U8xXoKx199dElz3e6+ttNdM3ciW5FkEpUVLIje3AtnY5ho\niVheNeiYkl1uW0yPZXsthuiSx8Le6zL8YXkjauKi7YJwtIJTOti9Tqi+zay6455n\nXLYaCSbJTj4BIOMFXdGzDnvj+Fu9bRJQIrEnPU+V5/p+TaHA15WH6EfJLPVAif9u\n0S4kTrVrPHpcMsH7qZ0228l9J7Rte8XXkkqY5gDpVBfC2qCe1yDvzbGxj2sBg5l8\nAhajp/0eonZcVObDruAVvwwaeBM7uH+xOyLrVHdoUMZFqMdsrS+VD9tWBFy0znYy\nkZK1TThC/jGROUaJtFTJjgOtKKxl5lydQzgpswIDAQABAoIBAQC1T7DdDmiZAcvl\n+6DZx4p/EvkHlGtaiJKGLJGrVKLv9mliSMfT1l2VQy1iN8h1X4iflgUHA3/qnJA6\n/iVNZqvoECrR0029Oms+xy9/9NfsUrBZert1K11i7t771AJ1HNrtD8xzXR9Qveql\nPc/NjZ62ylefjwEdSan0nGZ4gHEzZmaJvJAmp+vhRFFNaTLzBJKreWcqd1MWIwB+\nRxHOhdUhagQM8In6Km7dSy5jzWGfm5fBOjFZvSVkmKxuEbpOQikP6udDLODcAb8p\nxZ302x7qS6RNljpj6BB8qlwLfiA/vni5a8XcTSn3HffYiTKTESXmAXwFuY396DnT\nLkVGqFGBAoIAgQDP4mI7dcOLDc5UQQedy52SwAtxP2Bjlmjnv59JV4HtvB0NR2s3\nGphkLgtuFn+9pW9FnKY49vBUXHbnSkhOWfbzXnXJm81cyPlgXO9eeXaKARkg+CBV\nUeZXUWLR+sW3o7LAEtxp+8I4/MLQXPrDPenaRBINKsik6iA8EnUHTi5gEwKCAIEA\n4jpZmfZ70iuVxylxrn/fYvewzoAyfdhaewES6qFvd/HHiBWdyZmny+/+AaLyo0X7\na33i06OUTx0tioDZkcSWCYEezyIo+w71BU36OErrJO57Kx9D+5ZEFTich3heqEnb\nJl9NYnD+of3d/m0PyLN7LC05uk8WQdlABhlPBIsEg+ECggCABjK3vxIZzHGS70wp\nD/lcL13ueWfsVcvMQOyjsSocw5vSOe0hMzllxcbhrFybXmoqUScEhbpHHBzNpsO+\nOCfShxsP4/zzOIr9dHQQ5v40HJU/zI3ZWPHiLkRM7/nMH1eQIs3tKHPLLKvMmy3K\nhDu6VzmkWCQoa1JXt7LNLnSUSWUCggCAUWSC9kTbObuasMQ1dX3mRjotb65p/CMK\nMrUpNCeO7k2b51c3pN/WoiYfckFJIPs9wOfS4yg4ZNpvlyRSowJipNrC1e1JZ0Jz\nX0w12WkC/w+aWuJt2CexKR1sG8Vv8QZZhY3GTsOuqWOoKjDc++2vRC6lVWW88UYT\npd4XMuA9aKECggCBAIOieJMNRA6cicU5M6Ulofv+b7jYLexJkZ4p1pI8ny9Vu/Hx\nFiYxmkW8VKjVXBI3/p4JZJF+2g9BNz31mYyNyv9AYlmLAZdy0lY+d/2qUZaZI58s\n9UtEIb/K6YpfEhMwvI8GKThUW63AU0fDPCa8rs/NKu/Vdigf4dqqiyle4j8W\n-----END RSA PRIVATE KEY-----\n", "user_id": "7eaaee07a21a48e08e60687649031d7a", "name": "tempest-TestGettingAddress-1121973321", "fingerprint": "4b:c7:9b:23:61:0e:7e:a8:db:e5:e9:29:9d:0e:f7:c6"}}
2015-12-06 14:04:57,145 20661 INFO     [tempest_lib.common.rest_client] Request (TestGettingAddress:setUp): 201 POST http://10.0.2.15:9696/v2.0/security-groups 0.344s
2015-12-06 14:04:57,146 20661 DEBUG    [tempest_lib.common.rest_client] Request - Headers: {'Content-Type': 'application/json', 'Accept': 'application/json', 'X-Auth-Token': '&lt;omitted&gt;'}
        Body: {"security_group": {"tenant_id": "9098062568f945f2b00eaf9fdf75b197", "description": "tempest-secgroup-smoke-2021554906 description", "name": "tempest-secgroup-smoke-2021554906"}}
    Response - Headers: {'status': '201', 'content-length': '888', 'connection': 'close', 'date': 'Sun, 06 Dec 2015 14:04:57 GMT', 'content-type': 'application/json; charset=UTF-8', 'x-openstack-request-id': 'req-445dd175-b5ab-4ace-9711-209f3e082a4a'}
        Body: {"security_group": {"tenant_id": "9098062568f945f2b00eaf9fdf75b197", "description": "tempest-secgroup-smoke-2021554906 description", "id": "099b9e4e-b995-4a70-ae0a-da150d7b1e32", "security_group_rules": [{"remote_group_id": null, "direction": "egress", "remote_ip_prefix": null, "protocol": null, "ethertype": "IPv4", "tenant_id": "9098062568f945f2b00eaf9fdf75b197", "port_range_max": null, "port_range_min": null, "id": "4a1c1dd8-5426-4926-a0e8-ca176ace7a7c", "security_group_id": "099b9e4e-b995-4a70-ae0a-da150d7b1e32"}, {"remote_group_id": null, "direction": "egress", "remote_ip_prefix": null, "protocol": null, "ethertype": "IPv6", "tenant_id": "9098062568f945f2b00eaf9fdf75b197", "port_range_max": null, "port_range_min": null, "id": "d1a959c4-a2bf-456c-863b-0d03779ac80e", "security_group_id": "099b9e4e-b995-4a70-ae0a-da150d7b1e32"}], "name": "tempest-secgroup-smoke-2021554906"}}
2015-12-06 14:04:57,265 20661 INFO     [tempest_lib.common.rest_client] Request (TestGettingAddress:setUp): 201 POST http://10.0.2.15:9696/v2.0/security-group-rules 0.118s
2015-12-06 14:04:57,266 20661 DEBUG    [tempest_lib.common.rest_client] Request - Headers: {'Content-Type': 'application/json', 'Accept': 'application/json', 'X-Auth-Token': '&lt;omitted&gt;'}
        Body: {"security_group_rule": {"direction": "ingress", "protocol": "tcp", "tenant_id": "9098062568f945f2b00eaf9fdf75b197", "port_range_max": 22, "security_group_id": "099b9e4e-b995-4a70-ae0a-da150d7b1e32", "port_range_min": 22}}
    Response - Headers: {'status': '201', 'content-length': '340', 'connection': 'close', 'date': 'Sun, 06 Dec 2015 14:04:57 GMT', 'content-type': 'application/json; charset=UTF-8', 'x-openstack-request-id': 'req-ee094964-a278-4055-88e4-cad7418959b6'}
        Body: {"security_group_rule": {"remote_group_id": null, "direction": "ingress", "remote_ip_prefix": null, "protocol": "tcp", "ethertype": "IPv4", "tenant_id": "9098062568f945f2b00eaf9fdf75b197", "port_range_max": 22, "port_range_min": 22, "id": "b68cf1ff-8f77-4b01-968e-63bf87d5095e", "security_group_id": "099b9e4e-b995-4a70-ae0a-da150d7b1e32"}}
2015-12-06 14:04:57,378 20661 INFO     [tempest_lib.common.rest_client] Request (TestGettingAddress:setUp): 201 POST http://10.0.2.15:9696/v2.0/security-group-rules 0.111s
2015-12-06 14:04:57,379 20661 DEBUG    [tempest_lib.common.rest_client] Request - Headers: {'Content-Type': 'application/json', 'Accept': 'application/json', 'X-Auth-Token': '&lt;omitted&gt;'}
        Body: {"security_group_rule": {"direction": "egress", "protocol": "tcp", "tenant_id": "9098062568f945f2b00eaf9fdf75b197", "port_range_max": 22, "security_group_id": "099b9e4e-b995-4a70-ae0a-da150d7b1e32", "port_range_min": 22}}
    Response - Headers: {'status': '201', 'content-length': '339', 'connection': 'close', 'date': 'Sun, 06 Dec 2015 14:04:57 GMT', 'content-type': 'application/json; charset=UTF-8', 'x-openstack-request-id': 'req-815527f6-8a9f-472c-9ad7-c61cffdfe277'}
        Body: {"security_group_rule": {"remote_group_id": null, "direction": "egress", "remote_ip_prefix": null, "protocol": "tcp", "ethertype": "IPv4", "tenant_id": "9098062568f945f2b00eaf9fdf75b197", "port_range_max": 22, "port_range_min": 22, "id": "dcce412d-7b16-4ade-bc23-192edadf1bf6", "security_group_id": "099b9e4e-b995-4a70-ae0a-da150d7b1e32"}}
2015-12-06 14:04:57,502 20661 INFO     [tempest_lib.common.rest_client] Request (TestGettingAddress:setUp): 201 POST http://10.0.2.15:9696/v2.0/security-group-rules 0.122s
2015-12-06 14:04:57,503 20661 DEBUG    [tempest_lib.common.rest_client] Request - Headers: {'Content-Type': 'application/json', 'Accept': 'application/json', 'X-Auth-Token': '&lt;omitted&gt;'}
        Body: {"security_group_rule": {"tenant_id": "9098062568f945f2b00eaf9fdf75b197", "direction": "ingress", "protocol": "icmp", "security_group_id": "099b9e4e-b995-4a70-ae0a-da150d7b1e32"}}
    Response - Headers: {'status': '201', 'content-length': '345', 'connection': 'close', 'date': 'Sun, 06 Dec 2015 14:04:57 GMT', 'content-type': 'application/json; charset=UTF-8', 'x-openstack-request-id': 'req-ab347fbf-8cfc-4f8e-9cb9-ae54aac8a88e'}
        Body: {"security_group_rule": {"remote_group_id": null, "direction": "ingress", "remote_ip_prefix": null, "protocol": "icmp", "ethertype": "IPv4", "tenant_id": "9098062568f945f2b00eaf9fdf75b197", "port_range_max": null, "port_range_min": null, "id": "c021a486-4d37-456b-9fda-854f75f2038d", "security_group_id": "099b9e4e-b995-4a70-ae0a-da150d7b1e32"}}
2015-12-06 14:04:57,624 20661 INFO     [tempest_lib.common.rest_client] Request (TestGettingAddress:setUp): 201 POST http://10.0.2.15:9696/v2.0/security-group-rules 0.120s
2015-12-06 14:04:57,625 20661 DEBUG    [tempest_lib.common.rest_client] Request - Headers: {'Content-Type': 'application/json', 'Accept': 'application/json', 'X-Auth-Token': '&lt;omitted&gt;'}
        Body: {"security_group_rule": {"tenant_id": "9098062568f945f2b00eaf9fdf75b197", "direction": "egress", "protocol": "icmp", "security_group_id": "099b9e4e-b995-4a70-ae0a-da150d7b1e32"}}
    Response - Headers: {'status': '201', 'content-length': '344', 'connection': 'close', 'date': 'Sun, 06 Dec 2015 14:04:57 GMT', 'content-type': 'application/json; charset=UTF-8', 'x-openstack-request-id': 'req-0c86a108-ca46-47ea-8927-944a44e63378'}
        Body: {"security_group_rule": {"remote_group_id": null, "direction": "egress", "remote_ip_prefix": null, "protocol": "icmp", "ethertype": "IPv4", "tenant_id": "9098062568f945f2b00eaf9fdf75b197", "port_range_max": null, "port_range_min": null, "id": "38304559-ae7d-48be-bd90-6cfb105d342f", "security_group_id": "099b9e4e-b995-4a70-ae0a-da150d7b1e32"}}
2015-12-06 14:04:57,743 20661 INFO     [tempest_lib.common.rest_client] Request (TestGettingAddress:setUp): 201 POST http://10.0.2.15:9696/v2.0/security-group-rules 0.116s
2015-12-06 14:04:57,743 20661 DEBUG    [tempest_lib.common.rest_client] Request - Headers: {'Content-Type': 'application/json', 'Accept': 'application/json', 'X-Auth-Token': '&lt;omitted&gt;'}
        Body: {"security_group_rule": {"tenant_id": "9098062568f945f2b00eaf9fdf75b197", "direction": "ingress", "security_group_id": "099b9e4e-b995-4a70-ae0a-da150d7b1e32", "protocol": "icmp", "ethertype": "IPv6"}}
    Response - Headers: {'status': '201', 'content-length': '345', 'connection': 'close', 'date': 'Sun, 06 Dec 2015 14:04:57 GMT', 'content-type': 'application/json; charset=UTF-8', 'x-openstack-request-id': 'req-9a3f6607-1085-49c6-8403-2c38cbfefeeb'}
        Body: {"security_group_rule": {"remote_group_id": null, "direction": "ingress", "remote_ip_prefix": null, "protocol": "icmp", "ethertype": "IPv6", "tenant_id": "9098062568f945f2b00eaf9fdf75b197", "port_range_max": null, "port_range_min": null, "id": "2279e4d0-a91e-4c08-b06a-fe4fc4fe4857", "security_group_id": "099b9e4e-b995-4a70-ae0a-da150d7b1e32"}}
2015-12-06 14:04:57,861 20661 INFO     [tempest_lib.common.rest_client] Request (TestGettingAddress:setUp): 201 POST http://10.0.2.15:9696/v2.0/security-group-rules 0.116s
2015-12-06 14:04:57,862 20661 DEBUG    [tempest_lib.common.rest_client] Request - Headers: {'Content-Type': 'application/json', 'Accept': 'application/json', 'X-Auth-Token': '&lt;omitted&gt;'}
        Body: {"security_group_rule": {"tenant_id": "9098062568f945f2b00eaf9fdf75b197", "direction": "egress", "security_group_id": "099b9e4e-b995-4a70-ae0a-da150d7b1e32", "protocol": "icmp", "ethertype": "IPv6"}}
    Response - Headers: {'status': '201', 'content-length': '344', 'connection': 'close', 'date': 'Sun, 06 Dec 2015 14:04:57 GMT', 'content-type': 'application/json; charset=UTF-8', 'x-openstack-request-id': 'req-8c318a26-d879-41a3-9595-97620531296b'}
        Body: {"security_group_rule": {"remote_group_id": null, "direction": "egress", "remote_ip_prefix": null, "protocol": "icmp", "ethertype": "IPv6", "tenant_id": "9098062568f945f2b00eaf9fdf75b197", "port_range_max": null, "port_range_min": null, "id": "0a37ee89-ab5f-467d-9b74-33598b0ebbeb", "security_group_id": "099b9e4e-b995-4a70-ae0a-da150d7b1e32"}}
2015-12-06 14:04:58,052 20661 INFO     [tempest_lib.common.rest_client] Request (TestGettingAddress:test_dhcp6_stateless_from_os): 201 POST http://10.0.2.15:9696/v2.0/networks 0.188s
2015-12-06 14:04:58,052 20661 DEBUG    [tempest_lib.common.rest_client] Request - Headers: {'Content-Type': 'application/json', 'Accept': 'application/json', 'X-Auth-Token': '&lt;omitted&gt;'}
        Body: {"network": {"tenant_id": "9098062568f945f2b00eaf9fdf75b197", "name": "tempest-network-smoke--649370050"}}
    Response - Headers: {'status': '201', 'content-length': '328', 'connection': 'close', 'date': 'Sun, 06 Dec 2015 14:04:58 GMT', 'content-type': 'application/json; charset=UTF-8', 'x-openstack-request-id': 'req-0279b8ff-ac25-43be-a286-128f5ab63d2d'}
        Body: {"network": {"status": "ACTIVE", "subnets": [], "availability_zone_hints": "[]", "name": "tempest-network-smoke--649370050", "admin_state_up": true, "tenant_id": "9098062568f945f2b00eaf9fdf75b197", "mtu": 0, "router:external": false, "shared": false, "port_security_enabled": true, "id": "ef3a0563-751a-472a-a0c3-09a2f9a225bc"}}
2015-12-06 14:04:58,227 20661 INFO     [tempest_lib.common.rest_client] Request (TestGettingAddress:test_dhcp6_stateless_from_os): 200 GET http://10.0.2.15:9696/v2.0/subnets?tenant_id=9098062568f945f2b00eaf9fdf75b197&amp;cidr=10.100.0.0%2F28 0.173s
2015-12-06 14:04:58,229 20661 DEBUG    [tempest_lib.common.rest_client] Request - Headers: {'Content-Type': 'application/json', 'Accept': 'application/json', 'X-Auth-Token': '&lt;omitted&gt;'}
        Body: None
    Response - Headers: {'status': '200', 'content-length': '15', 'content-location': 'http://10.0.2.15:9696/v2.0/subnets?tenant_id=9098062568f945f2b00eaf9fdf75b197&amp;cidr=10.100.0.0%2F28', 'connection': 'close', 'date': 'Sun, 06 Dec 2015 14:04:58 GMT', 'content-type': 'application/json; charset=UTF-8', 'x-openstack-request-id': 'req-b06a7f0c-9435-4f4b-9723-cf908026f40c'}
        Body: {"subnets": []}
2015-12-06 14:04:58,580 20661 INFO     [tempest_lib.common.rest_client] Request (TestGettingAddress:test_dhcp6_stateless_from_os): 201 POST http://10.0.2.15:9696/v2.0/subnets 0.350s
2015-12-06 14:04:58,581 20661 DEBUG    [tempest_lib.common.rest_client] Request - Headers: {'Content-Type': 'application/json', 'Accept': 'application/json', 'X-Auth-Token': '&lt;omitted&gt;'}
        Body: {"subnet": {"ip_version": 4, "tenant_id": "9098062568f945f2b00eaf9fdf75b197", "cidr": "10.100.0.0/28", "network_id": "ef3a0563-751a-472a-a0c3-09a2f9a225bc", "name": "tempest-sub4-2141424064"}}
    Response - Headers: {'status': '201', 'content-length': '470', 'connection': 'close', 'date': 'Sun, 06 Dec 2015 14:04:58 GMT', 'content-type': 'application/json; charset=UTF-8', 'x-openstack-request-id': 'req-3bd3c872-90e0-4309-aa43-00eb3b34eca5'}
        Body: {"subnet": {"name": "tempest-sub4-2141424064", "enable_dhcp": true, "network_id": "ef3a0563-751a-472a-a0c3-09a2f9a225bc", "tenant_id": "9098062568f945f2b00eaf9fdf75b197", "dns_nameservers": [], "gateway_ip": "10.100.0.1", "ipv6_ra_mode": null, "allocation_pools": [{"start": "10.100.0.2", "end": "10.100.0.14"}], "host_routes": [], "ip_version": 4, "ipv6_address_mode": null, "cidr": "10.100.0.0/28", "id": "048a9310-8cfc-481e-a93d-a4a4c37f1d18", "subnetpool_id": null}}
2015-12-06 14:04:58,757 20661 INFO     [tempest_lib.common.rest_client] Request (TestGettingAddress:test_dhcp6_stateless_from_os): 201 POST http://10.0.2.15:9696/v2.0/routers 0.175s
2015-12-06 14:04:58,757 20661 DEBUG    [tempest_lib.common.rest_client] Request - Headers: {'Content-Type': 'application/json', 'Accept': 'application/json', 'X-Auth-Token': '&lt;omitted&gt;'}
        Body: {"router": {"tenant_id": "9098062568f945f2b00eaf9fdf75b197", "name": "tempest-router-smoke-1155270480", "admin_state_up": true}}
    Response - Headers: {'status': '201', 'content-length': '296', 'connection': 'close', 'date': 'Sun, 06 Dec 2015 14:04:58 GMT', 'content-type': 'application/json; charset=UTF-8', 'x-openstack-request-id': 'req-06342723-6b85-4cdf-ad25-a70d5296aeaf'}
        Body: {"router": {"status": "ACTIVE", "external_gateway_info": null, "availability_zone_hints": [], "availability_zones": [], "name": "tempest-router-smoke-1155270480", "admin_state_up": true, "tenant_id": "9098062568f945f2b00eaf9fdf75b197", "routes": [], "id": "fa106802-7731-4c41-b5de-91e52f7048d4"}}
2015-12-06 14:04:58,805 20661 INFO     [tempest_lib.common.rest_client] Request (TestGettingAddress:test_dhcp6_stateless_from_os): 200 GET http://10.0.2.15:9696/v2.0/routers/fa106802-7731-4c41-b5de-91e52f7048d4 0.046s
2015-12-06 14:04:58,806 20661 DEBUG    [tempest_lib.common.rest_client] Request - Headers: {'Content-Type': 'application/json', 'Accept': 'application/json', 'X-Auth-Token': '&lt;omitted&gt;'}
        Body: None
    Response - Headers: {'status': '200', 'content-length': '296', 'content-location': 'http://10.0.2.15:9696/v2.0/routers/fa106802-7731-4c41-b5de-91e52f7048d4', 'connection': 'close', 'date': 'Sun, 06 Dec 2015 14:04:58 GMT', 'content-type': 'application/json; charset=UTF-8', 'x-openstack-request-id': 'req-a5593174-1e26-486c-bcbc-10e25ab4eba4'}
        Body: {"router": {"status": "ACTIVE", "external_gateway_info": null, "availability_zone_hints": [], "availability_zones": [], "name": "tempest-router-smoke-1155270480", "admin_state_up": true, "tenant_id": "9098062568f945f2b00eaf9fdf75b197", "routes": [], "id": "fa106802-7731-4c41-b5de-91e52f7048d4"}}
2015-12-06 14:04:59,564 20661 INFO     [tempest_lib.common.rest_client] Request (TestGettingAddress:test_dhcp6_stateless_from_os): 200 PUT http://10.0.2.15:9696/v2.0/routers/fa106802-7731-4c41-b5de-91e52f7048d4 0.757s
2015-12-06 14:04:59,565 20661 DEBUG    [tempest_lib.common.rest_client] Request - Headers: {'Content-Type': 'application/json', 'Accept': 'application/json', 'X-Auth-Token': '&lt;omitted&gt;'}
        Body: {"router": {"external_gateway_info": {"network_id": "0d5699b2-4e2a-45eb-a30a-4617519368fd"}, "name": "tempest-router-smoke-1155270480", "admin_state_up": true}}
    Response - Headers: {'status': '200', 'content-length': '558', 'connection': 'close', 'date': 'Sun, 06 Dec 2015 14:04:59 GMT', 'content-type': 'application/json; charset=UTF-8', 'x-openstack-request-id': 'req-da579d07-84f8-4b07-9cc1-fc3c33640653'}
        Body: {"router": {"status": "ACTIVE", "external_gateway_info": {"network_id": "0d5699b2-4e2a-45eb-a30a-4617519368fd", "enable_snat": true, "external_fixed_ips": [{"subnet_id": "ffa0193f-c5ae-4a4e-9ff3-e83388c7d6ab", "ip_address": "172.24.4.3"}, {"subnet_id": "651ba54e-1fac-47a3-88d8-b05b3c6c1d33", "ip_address": "2001:db8::3"}]}, "availability_zone_hints": [], "availability_zones": [], "name": "tempest-router-smoke-1155270480", "admin_state_up": true, "tenant_id": "9098062568f945f2b00eaf9fdf75b197", "routes": [], "id": "fa106802-7731-4c41-b5de-91e52f7048d4"}}
2015-12-06 14:05:00,173 20661 INFO     [tempest_lib.common.rest_client] Request (TestGettingAddress:test_dhcp6_stateless_from_os): 200 PUT http://10.0.2.15:9696/v2.0/routers/fa106802-7731-4c41-b5de-91e52f7048d4/add_router_interface 0.606s
2015-12-06 14:05:00,174 20661 DEBUG    [tempest_lib.common.rest_client] Request - Headers: {'Content-Type': 'application/json', 'Accept': 'application/json', 'X-Auth-Token': '&lt;omitted&gt;'}
        Body: {"subnet_id": "048a9310-8cfc-481e-a93d-a4a4c37f1d18"}
    Response - Headers: {'status': '200', 'content-length': '255', 'connection': 'close', 'date': 'Sun, 06 Dec 2015 14:05:00 GMT', 'content-type': 'application/json; charset=UTF-8', 'x-openstack-request-id': 'req-ce45e50c-ee63-440b-aba2-b076a47758d7'}
        Body: {"subnet_id": "048a9310-8cfc-481e-a93d-a4a4c37f1d18", "tenant_id": "9098062568f945f2b00eaf9fdf75b197", "subnet_ids": ["048a9310-8cfc-481e-a93d-a4a4c37f1d18"], "port_id": "165cf97b-61f0-4032-b656-097b86fd2416", "id": "fa106802-7731-4c41-b5de-91e52f7048d4"}
2015-12-06 14:05:00,353 20661 INFO     [tempest_lib.common.rest_client] Request (TestGettingAddress:test_dhcp6_stateless_from_os): 200 GET http://10.0.2.15:9696/v2.0/subnets?tenant_id=9098062568f945f2b00eaf9fdf75b197&amp;cidr=2003%3A%3A%2F64 0.177s
2015-12-06 14:05:00,353 20661 DEBUG    [tempest_lib.common.rest_client] Request - Headers: {'Content-Type': 'application/json', 'Accept': 'application/json', 'X-Auth-Token': '&lt;omitted&gt;'}
        Body: None
    Response - Headers: {'status': '200', 'content-length': '15', 'content-location': 'http://10.0.2.15:9696/v2.0/subnets?tenant_id=9098062568f945f2b00eaf9fdf75b197&amp;cidr=2003%3A%3A%2F64', 'connection': 'close', 'date': 'Sun, 06 Dec 2015 14:05:00 GMT', 'content-type': 'application/json; charset=UTF-8', 'x-openstack-request-id': 'req-47c24000-d0e5-4802-abf9-6eb8cc092c29'}
        Body: {"subnets": []}
2015-12-06 14:05:00,731 20661 INFO     [tempest_lib.common.rest_client] Request (TestGettingAddress:test_dhcp6_stateless_from_os): 201 POST http://10.0.2.15:9696/v2.0/subnets 0.375s
2015-12-06 14:05:00,731 20661 DEBUG    [tempest_lib.common.rest_client] Request - Headers: {'Content-Type': 'application/json', 'Accept': 'application/json', 'X-Auth-Token': '&lt;omitted&gt;'}
        Body: {"subnet": {"name": "tempest-sub6-368167645", "network_id": "ef3a0563-751a-472a-a0c3-09a2f9a225bc", "tenant_id": "9098062568f945f2b00eaf9fdf75b197", "ipv6_ra_mode": "dhcpv6-stateless", "ip_version": 6, "ipv6_address_mode": "dhcpv6-stateless", "cidr": "2003::/64"}}
    Response - Headers: {'status': '201', 'content-length': '501', 'connection': 'close', 'date': 'Sun, 06 Dec 2015 14:05:00 GMT', 'content-type': 'application/json; charset=UTF-8', 'x-openstack-request-id': 'req-059fd8b6-1afb-4623-9443-c50870f39621'}
        Body: {"subnet": {"name": "tempest-sub6-368167645", "enable_dhcp": true, "network_id": "ef3a0563-751a-472a-a0c3-09a2f9a225bc", "tenant_id": "9098062568f945f2b00eaf9fdf75b197", "dns_nameservers": [], "gateway_ip": "2003::1", "ipv6_ra_mode": "dhcpv6-stateless", "allocation_pools": [{"start": "2003::2", "end": "2003::ffff:ffff:ffff:ffff"}], "host_routes": [], "ip_version": 6, "ipv6_address_mode": "dhcpv6-stateless", "cidr": "2003::/64", "id": "e8251e9a-0494-4df2-b763-613793e9252c", "subnetpool_id": null}}
2015-12-06 14:05:01,485 20661 INFO     [tempest_lib.common.rest_client] Request (TestGettingAddress:test_dhcp6_stateless_from_os): 200 PUT http://10.0.2.15:9696/v2.0/routers/fa106802-7731-4c41-b5de-91e52f7048d4/add_router_interface 0.752s
2015-12-06 14:05:01,486 20661 DEBUG    [tempest_lib.common.rest_client] Request - Headers: {'Content-Type': 'application/json', 'Accept': 'application/json', 'X-Auth-Token': '&lt;omitted&gt;'}
        Body: {"subnet_id": "e8251e9a-0494-4df2-b763-613793e9252c"}
    Response - Headers: {'status': '200', 'content-length': '255', 'connection': 'close', 'date': 'Sun, 06 Dec 2015 14:05:01 GMT', 'content-type': 'application/json; charset=UTF-8', 'x-openstack-request-id': 'req-962880b8-83b0-470b-a66f-0e551cf23748'}
        Body: {"subnet_id": "e8251e9a-0494-4df2-b763-613793e9252c", "tenant_id": "9098062568f945f2b00eaf9fdf75b197", "subnet_ids": ["e8251e9a-0494-4df2-b763-613793e9252c"], "port_id": "42c9459b-adc1-44be-bd3a-ae46a092700a", "id": "fa106802-7731-4c41-b5de-91e52f7048d4"}
2015-12-06 14:05:01,593 20661 INFO     [tempest_lib.common.rest_client] Request (TestGettingAddress:test_dhcp6_stateless_from_os): 200 POST http://10.0.2.15:5000/v2.0/tokens
2015-12-06 14:05:01,593 20661 DEBUG    [tempest_lib.common.rest_client] Request - Headers: {'Content-Type': 'application/json', 'Accept': 'application/json'}
        Body: &lt;omitted&gt;
    Response - Headers: {'status': '200', 'content-length': '2524', 'vary': 'X-Auth-Token', 'server': 'Apache/2.4.7 (Ubuntu)', 'connection': 'close', 'date': 'Sun, 06 Dec 2015 14:05:01 GMT', 'content-type': 'application/json', 'x-openstack-request-id': 'req-4344c4f4-6100-42f4-a1d2-cacaab231f37'}
        Body: {"access": {"token": {"issued_at": "2015-12-06T14:05:01.583128", "expires": "2015-12-06T15:05:01Z", "id": "b43c16b530e64521b618566132cb8123", "tenant": {"description": "tempest-TestGettingAddress-1394738968-desc", "enabled": true, "id": "9098062568f945f2b00eaf9fdf75b197", "name": "tempest-TestGettingAddress-1394738968"}, "audit_ids": ["pQac5DGPTs-wpU2MyIJ6kw"]}, "serviceCatalog": [{"endpoints": [{"adminURL": "http://10.0.2.15:8774/v2.1/9098062568f945f2b00eaf9fdf75b197", "region": "RegionOne", "internalURL": "http://10.0.2.15:8774/v2.1/9098062568f945f2b00eaf9fdf75b197", "id": "0f69574a258d4ce8aed24bc957990b90", "publicURL": "http://10.0.2.15:8774/v2.1/9098062568f945f2b00eaf9fdf75b197"}], "endpoints_links": [], "type": "compute", "name": "nova"}, {"endpoints": [{"adminURL": "http://10.0.2.15:9696/", "region": "RegionOne", "internalURL": "http://10.0.2.15:9696/", "id": "08aebcb3400a409c99b28e2521756ae9", "publicURL": "http://10.0.2.15:9696/"}], "endpoints_links": [], "type": "network", "name": "neutron"}, {"endpoints": [{"adminURL": "http://10.0.2.15:9292", "region": "RegionOne", "internalURL": "http://10.0.2.15:9292", "id": "3990a3667f7f429c949df31024e1fc43", "publicURL": "http://10.0.2.15:9292"}], "endpoints_links": [], "type": "image", "name": "glance"}, {"endpoints": [{"adminURL": "http://10.0.2.15:8774/v2/9098062568f945f2b00eaf9fdf75b197", "region": "RegionOne", "internalURL": "http://10.0.2.15:8774/v2/9098062568f945f2b00eaf9fdf75b197", "id": "755733256b69481e97ae939d8ba403e5", "publicURL": "http://10.0.2.15:8774/v2/9098062568f945f2b00eaf9fdf75b197"}], "endpoints_links": [], "type": "compute_legacy", "name": "nova_legacy"}, {"endpoints": [{"adminURL": "http://10.0.2.15:8773/", "region": "RegionOne", "internalURL": "http://10.0.2.15:8773/", "id": "4fa2f1865aaf4d06b4c77d76d5a2e023", "publicURL": "http://10.0.2.15:8773/"}], "endpoints_links": [], "type": "ec2", "name": "ec2"}, {"endpoints": [{"adminURL": "http://10.0.2.15:35357/v2.0", "region": "RegionOne", "internalURL": "http://10.0.2.15:5000/v2.0", "id": "65a50a879cec4bc1b523d652b1825552", "publicURL": "http://10.0.2.15:5000/v2.0"}], "endpoints_links": [], "type": "identity", "name": "keystone"}], "user": {"username": "tempest-TestGettingAddress-264202941", "roles_links": [], "id": "7eaaee07a21a48e08e60687649031d7a", "roles": [{"name": "_member_"}, {"name": "Member"}], "name": "tempest-TestGettingAddress-264202941"}, "metadata": {"is_admin": 0, "roles": ["9fe2ff9ee4384b1894a90878d3e92bab", "fbc66a3c00984f929c980bdcc54dd48f"]}}}
2015-12-06 14:05:01,597 20661 DEBUG    [tempest.common.fixed_network] (TestGettingAddress:test_dhcp6_stateless_from_os) No valid network provided or created, defaulting to fixed_network_name
2015-12-06 14:05:01,905 20661 INFO     [tempest_lib.common.rest_client] Request (TestGettingAddress:test_dhcp6_stateless_from_os): 200 GET http://10.0.2.15:8774/v2.1/9098062568f945f2b00eaf9fdf75b197/os-networks 0.306s
2015-12-06 14:05:01,906 20661 DEBUG    [tempest_lib.common.rest_client] Request - Headers: {'Content-Type': 'application/json', 'Accept': 'application/json', 'X-Auth-Token': '&lt;omitted&gt;'}
        Body: None
    Response - Headers: {'status': '200', 'content-length': '478', 'content-location': 'http://10.0.2.15:8774/v2.1/9098062568f945f2b00eaf9fdf75b197/os-networks', 'x-compute-request-id': 'req-d6c0b6bc-711e-4fe4-8358-7ff1f9907f4b', 'vary': 'X-OpenStack-Nova-API-Version', 'connection': 'close', 'x-openstack-nova-api-version': '2.1', 'date': 'Sun, 06 Dec 2015 14:05:01 GMT', 'content-type': 'application/json'}
        Body: {"networks": [{"cidr_v6": null, "dns2": null, "dns1": null, "gateway": null, "broadcast": null, "netmask": null, "gateway_v6": null, "cidr": null, "label": "tempest-network-smoke--649370050", "id": "ef3a0563-751a-472a-a0c3-09a2f9a225bc", "netmask_v6": null}, {"cidr_v6": null, "dns2": null, "dns1": null, "gateway": null, "broadcast": null, "netmask": null, "gateway_v6": null, "cidr": null, "label": "public", "id": "0d5699b2-4e2a-45eb-a30a-4617519368fd", "netmask_v6": null}]}
2015-12-06 14:05:01,906 20661 WARNING  [tempest.common.fixed_network] (TestGettingAddress:test_dhcp6_stateless_from_os) Network with name: private not found
2015-12-06 14:05:01,906 20661 INFO     [tempest.common.fixed_network] (TestGettingAddress:test_dhcp6_stateless_from_os) Found network {} available for tenant
2015-12-06 14:05:03,148 20661 INFO     [tempest_lib.common.rest_client] Request (TestGettingAddress:test_dhcp6_stateless_from_os): 202 POST http://10.0.2.15:8774/v2.1/9098062568f945f2b00eaf9fdf75b197/servers 1.241s
2015-12-06 14:05:03,149 20661 DEBUG    [tempest_lib.common.rest_client] Request - Headers: {'Content-Type': 'application/json', 'Accept': 'application/json', 'X-Auth-Token': '&lt;omitted&gt;'}
        Body: {"server": {"name": "tempest.common.compute-instance-590663581", "imageRef": "34d536d0-123b-4649-a45b-6a78d1b17f62", "key_name": "tempest-TestGettingAddress-1121973321", "flavorRef": "42", "networks": [{"uuid": "ef3a0563-751a-472a-a0c3-09a2f9a225bc"}], "security_groups": [{"name": "tempest-secgroup-smoke-2021554906"}]}}
    Response - Headers: {'status': '202', 'content-length': '462', 'x-compute-request-id': 'req-79b555bd-f5c7-4745-8b78-728b2d4714c4', 'vary': 'X-OpenStack-Nova-API-Version', 'connection': 'close', 'location': 'http://10.0.2.15:8774/v2.1/9098062568f945f2b00eaf9fdf75b197/servers/5ba3976c-7ed9-415c-bcb0-efa16de74a5d', 'x-openstack-nova-api-version': '2.1', 'date': 'Sun, 06 Dec 2015 14:05:03 GMT', 'content-type': 'application/json'}
        Body: {"server": {"security_groups": [{"name": "tempest-secgroup-smoke-2021554906"}], "OS-DCF:diskConfig": "MANUAL", "id": "5ba3976c-7ed9-415c-bcb0-efa16de74a5d", "links": [{"href": "http://10.0.2.15:8774/v2.1/9098062568f945f2b00eaf9fdf75b197/servers/5ba3976c-7ed9-415c-bcb0-efa16de74a5d", "rel": "self"}, {"href": "http://10.0.2.15:8774/9098062568f945f2b00eaf9fdf75b197/servers/5ba3976c-7ed9-415c-bcb0-efa16de74a5d", "rel": "bookmark"}], "adminPass": "fTeezfVw5vHc"}}
2015-12-06 14:05:03,416 20661 INFO     [tempest_lib.common.rest_client] Request (TestGettingAddress:test_dhcp6_stateless_from_os): 200 GET http://10.0.2.15:8774/v2.1/9098062568f945f2b00eaf9fdf75b197/servers/5ba3976c-7ed9-415c-bcb0-efa16de74a5d 0.264s
2015-12-06 14:05:03,416 20661 DEBUG    [tempest_lib.common.rest_client] Request - Headers: {'Content-Type': 'application/json', 'Accept': 'application/json', 'X-Auth-Token': '&lt;omitted&gt;'}
        Body: None
    Response - Headers: {'status': '200', 'content-length': '1354', 'content-location': 'http://10.0.2.15:8774/v2.1/9098062568f945f2b00eaf9fdf75b197/servers/5ba3976c-7ed9-415c-bcb0-efa16de74a5d', 'x-compute-request-id': 'req-a734fd52-aed9-464b-aebc-72d782c81570', 'vary': 'X-OpenStack-Nova-API-Version', 'connection': 'close', 'x-openstack-nova-api-version': '2.1', 'date': 'Sun, 06 Dec 2015 14:05:03 GMT', 'content-type': 'application/json'}
        Body: {"server": {"status": "BUILD", "updated": "2015-12-06T14:05:03Z", "hostId": "", "addresses": {}, "links": [{"href": "http://10.0.2.15:8774/v2.1/9098062568f945f2b00eaf9fdf75b197/servers/5ba3976c-7ed9-415c-bcb0-efa16de74a5d", "rel": "self"}, {"href": "http://10.0.2.15:8774/9098062568f945f2b00eaf9fdf75b197/servers/5ba3976c-7ed9-415c-bcb0-efa16de74a5d", "rel": "bookmark"}], "key_name": "tempest-TestGettingAddress-1121973321", "image": {"id": "34d536d0-123b-4649-a45b-6a78d1b17f62", "links": [{"href": "http://10.0.2.15:8774/9098062568f945f2b00eaf9fdf75b197/images/34d536d0-123b-4649-a45b-6a78d1b17f62", "rel": "bookmark"}]}, "OS-EXT-STS:task_state": "scheduling", "OS-EXT-STS:vm_state": "building", "OS-SRV-USG:launched_at": null, "flavor": {"id": "42", "links": [{"href": "http://10.0.2.15:8774/9098062568f945f2b00eaf9fdf75b197/flavors/42", "rel": "bookmark"}]}, "id": "5ba3976c-7ed9-415c-bcb0-efa16de74a5d", "OS-SRV-USG:terminated_at": null, "OS-EXT-AZ:availability_zone": "", "user_id": "7eaaee07a21a48e08e60687649031d7a", "name": "tempest.common.compute-instance-590663581", "created": "2015-12-06T14:05:03Z", "tenant_id": "9098062568f945f2b00eaf9fdf75b197", "OS-DCF:diskConfig": "MANUAL", "os-extended-volumes:volumes_attached": [], "accessIPv4": "", "accessIPv6": "", "progress": 0, "OS-EXT-STS:power_state": 0, "config_drive": "", "metadata": {}}}
2015-12-06 14:05:04,653 20661 INFO     [tempest_lib.common.rest_client] Request (TestGettingAddress:test_dhcp6_stateless_from_os): 200 GET http://10.0.2.15:8774/v2.1/9098062568f945f2b00eaf9fdf75b197/servers/5ba3976c-7ed9-415c-bcb0-efa16de74a5d 0.227s
2015-12-06 14:05:04,653 20661 DEBUG    [tempest_lib.common.rest_client] Request - Headers: {'Content-Type': 'application/json', 'Accept': 'application/json', 'X-Auth-Token': '&lt;omitted&gt;'}
        Body: None
    Response - Headers: {'status': '200', 'content-length': '1480', 'content-location': 'http://10.0.2.15:8774/v2.1/9098062568f945f2b00eaf9fdf75b197/servers/5ba3976c-7ed9-415c-bcb0-efa16de74a5d', 'x-compute-request-id': 'req-d48e1844-b779-4b11-821f-b46a599ea3d4', 'vary': 'X-OpenStack-Nova-API-Version', 'connection': 'close', 'x-openstack-nova-api-version': '2.1', 'date': 'Sun, 06 Dec 2015 14:05:04 GMT', 'content-type': 'application/json'}
        Body: {"server": {"status": "BUILD", "updated": "2015-12-06T14:05:04Z", "hostId": "602867560a89fc76d62478f6694f504aff4c562baed513c9ae89f1c8", "addresses": {}, "links": [{"href": "http://10.0.2.15:8774/v2.1/9098062568f945f2b00eaf9fdf75b197/servers/5ba3976c-7ed9-415c-bcb0-efa16de74a5d", "rel": "self"}, {"href": "http://10.0.2.15:8774/9098062568f945f2b00eaf9fdf75b197/servers/5ba3976c-7ed9-415c-bcb0-efa16de74a5d", "rel": "bookmark"}], "key_name": "tempest-TestGettingAddress-1121973321", "image": {"id": "34d536d0-123b-4649-a45b-6a78d1b17f62", "links": [{"href": "http://10.0.2.15:8774/9098062568f945f2b00eaf9fdf75b197/images/34d536d0-123b-4649-a45b-6a78d1b17f62", "rel": "bookmark"}]}, "OS-EXT-STS:task_state": "spawning", "OS-EXT-STS:vm_state": "building", "OS-SRV-USG:launched_at": null, "flavor": {"id": "42", "links": [{"href": "http://10.0.2.15:8774/9098062568f945f2b00eaf9fdf75b197/flavors/42", "rel": "bookmark"}]}, "id": "5ba3976c-7ed9-415c-bcb0-efa16de74a5d", "security_groups": [{"name": "tempest-secgroup-smoke-2021554906"}], "OS-SRV-USG:terminated_at": null, "OS-EXT-AZ:availability_zone": "nova", "user_id": "7eaaee07a21a48e08e60687649031d7a", "name": "tempest.common.compute-instance-590663581", "created": "2015-12-06T14:05:03Z", "tenant_id": "9098062568f945f2b00eaf9fdf75b197", "OS-DCF:diskConfig": "MANUAL", "os-extended-volumes:volumes_attached": [], "accessIPv4": "", "accessIPv6": "", "progress": 0, "OS-EXT-STS:power_state": 0, "config_drive": "", "metadata": {}}}
2015-12-06 14:05:04,666 20661 INFO     [tempest.common.waiters] State transition "BUILD/scheduling" ==&gt; "BUILD/spawning" after 1 second wait
2015-12-06 14:05:05,874 20661 INFO     [tempest_lib.common.rest_client] Request (TestGettingAddress:test_dhcp6_stateless_from_os): 200 GET http://10.0.2.15:8774/v2.1/9098062568f945f2b00eaf9fdf75b197/servers/5ba3976c-7ed9-415c-bcb0-efa16de74a5d 0.205s
2015-12-06 14:05:05,875 20661 DEBUG    [tempest_lib.common.rest_client] Request - Headers: {'Content-Type': 'application/json', 'Accept': 'application/json', 'X-Auth-Token': '&lt;omitted&gt;'}
        Body: None
    Response - Headers: {'status': '200', 'content-length': '1480', 'content-location': 'http://10.0.2.15:8774/v2.1/9098062568f945f2b00eaf9fdf75b197/servers/5ba3976c-7ed9-415c-bcb0-efa16de74a5d', 'x-compute-request-id': 'req-20288adf-cd84-42bf-a83e-8507b70b1ef7', 'vary': 'X-OpenStack-Nova-API-Version', 'connection': 'close', 'x-openstack-nova-api-version': '2.1', 'date': 'Sun, 06 Dec 2015 14:05:05 GMT', 'content-type': 'application/json'}
        Body: {"server": {"status": "BUILD", "updated": "2015-12-06T14:05:04Z", "hostId": "602867560a89fc76d62478f6694f504aff4c562baed513c9ae89f1c8", "addresses": {}, "links": [{"href": "http://10.0.2.15:8774/v2.1/9098062568f945f2b00eaf9fdf75b197/servers/5ba3976c-7ed9-415c-bcb0-efa16de74a5d", "rel": "self"}, {"href": "http://10.0.2.15:8774/9098062568f945f2b00eaf9fdf75b197/servers/5ba3976c-7ed9-415c-bcb0-efa16de74a5d", "rel": "bookmark"}], "key_name": "tempest-TestGettingAddress-1121973321", "image": {"id": "34d536d0-123b-4649-a45b-6a78d1b17f62", "links": [{"href": "http://10.0.2.15:8774/9098062568f945f2b00eaf9fdf75b197/images/34d536d0-123b-4649-a45b-6a78d1b17f62", "rel": "bookmark"}]}, "OS-EXT-STS:task_state": "spawning", "OS-EXT-STS:vm_state": "building", "OS-SRV-USG:launched_at": null, "flavor": {"id": "42", "links": [{"href": "http://10.0.2.15:8774/9098062568f945f2b00eaf9fdf75b197/flavors/42", "rel": "bookmark"}]}, "id": "5ba3976c-7ed9-415c-bcb0-efa16de74a5d", "security_groups": [{"name": "tempest-secgroup-smoke-2021554906"}], "OS-SRV-USG:terminated_at": null, "OS-EXT-AZ:availability_zone": "nova", "user_id": "7eaaee07a21a48e08e60687649031d7a", "name": "tempest.common.compute-instance-590663581", "created": "2015-12-06T14:05:03Z", "tenant_id": "9098062568f945f2b00eaf9fdf75b197", "OS-DCF:diskConfig": "MANUAL", "os-extended-volumes:volumes_attached": [], "accessIPv4": "", "accessIPv6": "", "progress": 0, "OS-EXT-STS:power_state": 0, "config_drive": "", "metadata": {}}}
2015-12-06 14:05:07,129 20661 INFO     [tempest_lib.common.rest_client] Request (TestGettingAddress:test_dhcp6_stateless_from_os): 200 GET http://10.0.2.15:8774/v2.1/9098062568f945f2b00eaf9fdf75b197/servers/5ba3976c-7ed9-415c-bcb0-efa16de74a5d 0.244s
2015-12-06 14:05:07,130 20661 DEBUG    [tempest_lib.common.rest_client] Request - Headers: {'Content-Type': 'application/json', 'Accept': 'application/json', 'X-Auth-Token': '&lt;omitted&gt;'}
        Body: None
    Response - Headers: {'status': '200', 'content-length': '1780', 'content-location': 'http://10.0.2.15:8774/v2.1/9098062568f945f2b00eaf9fdf75b197/servers/5ba3976c-7ed9-415c-bcb0-efa16de74a5d', 'x-compute-request-id': 'req-50fdef0c-d0e1-4fd1-9f1e-41fd613d988f', 'vary': 'X-OpenStack-Nova-API-Version', 'connection': 'close', 'x-openstack-nova-api-version': '2.1', 'date': 'Sun, 06 Dec 2015 14:05:07 GMT', 'content-type': 'application/json'}
        Body: {"server": {"status": "ACTIVE", "updated": "2015-12-06T14:05:06Z", "hostId": "602867560a89fc76d62478f6694f504aff4c562baed513c9ae89f1c8", "addresses": {"tempest-network-smoke--649370050": [{"OS-EXT-IPS-MAC:mac_addr": "fa:16:3e:53:c3:e8", "version": 4, "addr": "10.100.0.3", "OS-EXT-IPS:type": "fixed"}, {"OS-EXT-IPS-MAC:mac_addr": "fa:16:3e:53:c3:e8", "version": 6, "addr": "2003::f816:3eff:fe53:c3e8", "OS-EXT-IPS:type": "fixed"}]}, "links": [{"href": "http://10.0.2.15:8774/v2.1/9098062568f945f2b00eaf9fdf75b197/servers/5ba3976c-7ed9-415c-bcb0-efa16de74a5d", "rel": "self"}, {"href": "http://10.0.2.15:8774/9098062568f945f2b00eaf9fdf75b197/servers/5ba3976c-7ed9-415c-bcb0-efa16de74a5d", "rel": "bookmark"}], "key_name": "tempest-TestGettingAddress-1121973321", "image": {"id": "34d536d0-123b-4649-a45b-6a78d1b17f62", "links": [{"href": "http://10.0.2.15:8774/9098062568f945f2b00eaf9fdf75b197/images/34d536d0-123b-4649-a45b-6a78d1b17f62", "rel": "bookmark"}]}, "OS-EXT-STS:task_state": null, "OS-EXT-STS:vm_state": "active", "OS-SRV-USG:launched_at": "2015-12-06T14:05:06.000000", "flavor": {"id": "42", "links": [{"href": "http://10.0.2.15:8774/9098062568f945f2b00eaf9fdf75b197/flavors/42", "rel": "bookmark"}]}, "id": "5ba3976c-7ed9-415c-bcb0-efa16de74a5d", "security_groups": [{"name": "tempest-secgroup-smoke-2021554906"}], "OS-SRV-USG:terminated_at": null, "OS-EXT-AZ:availability_zone": "nova", "user_id": "7eaaee07a21a48e08e60687649031d7a", "name": "tempest.common.compute-instance-590663581", "created": "2015-12-06T14:05:03Z", "tenant_id": "9098062568f945f2b00eaf9fdf75b197", "OS-DCF:diskConfig": "MANUAL", "os-extended-volumes:volumes_attached": [], "accessIPv4": "", "accessIPv6": "", "progress": 0, "OS-EXT-STS:power_state": 1, "config_drive": "True", "metadata": {}}}
2015-12-06 14:05:07,139 20661 INFO     [tempest.common.waiters] State transition "BUILD/spawning" ==&gt; "ACTIVE/None" after 4 second wait
2015-12-06 14:05:07,388 20661 INFO     [tempest_lib.common.rest_client] Request (TestGettingAddress:test_dhcp6_stateless_from_os): 200 GET http://10.0.2.15:8774/v2.1/9098062568f945f2b00eaf9fdf75b197/servers/5ba3976c-7ed9-415c-bcb0-efa16de74a5d 0.248s
2015-12-06 14:05:07,389 20661 DEBUG    [tempest_lib.common.rest_client] Request - Headers: {'Content-Type': 'application/json', 'Accept': 'application/json', 'X-Auth-Token': '&lt;omitted&gt;'}
        Body: None
    Response - Headers: {'status': '200', 'content-length': '1780', 'content-location': 'http://10.0.2.15:8774/v2.1/9098062568f945f2b00eaf9fdf75b197/servers/5ba3976c-7ed9-415c-bcb0-efa16de74a5d', 'x-compute-request-id': 'req-07c8e00d-9e5f-4083-b3cf-58e77a224f6b', 'vary': 'X-OpenStack-Nova-API-Version', 'connection': 'close', 'x-openstack-nova-api-version': '2.1', 'date': 'Sun, 06 Dec 2015 14:05:07 GMT', 'content-type': 'application/json'}
        Body: {"server": {"status": "ACTIVE", "updated": "2015-12-06T14:05:06Z", "hostId": "602867560a89fc76d62478f6694f504aff4c562baed513c9ae89f1c8", "addresses": {"tempest-network-smoke--649370050": [{"OS-EXT-IPS-MAC:mac_addr": "fa:16:3e:53:c3:e8", "version": 4, "addr": "10.100.0.3", "OS-EXT-IPS:type": "fixed"}, {"OS-EXT-IPS-MAC:mac_addr": "fa:16:3e:53:c3:e8", "version": 6, "addr": "2003::f816:3eff:fe53:c3e8", "OS-EXT-IPS:type": "fixed"}]}, "links": [{"href": "http://10.0.2.15:8774/v2.1/9098062568f945f2b00eaf9fdf75b197/servers/5ba3976c-7ed9-415c-bcb0-efa16de74a5d", "rel": "self"}, {"href": "http://10.0.2.15:8774/9098062568f945f2b00eaf9fdf75b197/servers/5ba3976c-7ed9-415c-bcb0-efa16de74a5d", "rel": "bookmark"}], "key_name": "tempest-TestGettingAddress-1121973321", "image": {"id": "34d536d0-123b-4649-a45b-6a78d1b17f62", "links": [{"href": "http://10.0.2.15:8774/9098062568f945f2b00eaf9fdf75b197/images/34d536d0-123b-4649-a45b-6a78d1b17f62", "rel": "bookmark"}]}, "OS-EXT-STS:task_state": null, "OS-EXT-STS:vm_state": "active", "OS-SRV-USG:launched_at": "2015-12-06T14:05:06.000000", "flavor": {"id": "42", "links": [{"href": "http://10.0.2.15:8774/9098062568f945f2b00eaf9fdf75b197/flavors/42", "rel": "bookmark"}]}, "id": "5ba3976c-7ed9-415c-bcb0-efa16de74a5d", "security_groups": [{"name": "tempest-secgroup-smoke-2021554906"}], "OS-SRV-USG:terminated_at": null, "OS-EXT-AZ:availability_zone": "nova", "user_id": "7eaaee07a21a48e08e60687649031d7a", "name": "tempest.common.compute-instance-590663581", "created": "2015-12-06T14:05:03Z", "tenant_id": "9098062568f945f2b00eaf9fdf75b197", "OS-DCF:diskConfig": "MANUAL", "os-extended-volumes:volumes_attached": [], "accessIPv4": "", "accessIPv6": "", "progress": 0, "OS-EXT-STS:power_state": 1, "config_drive": "True", "metadata": {}}}
2015-12-06 14:05:07,431 20661 INFO     [tempest_lib.common.rest_client] Request (TestGettingAddress:test_dhcp6_stateless_from_os): 200 GET http://10.0.2.15:9696/v2.0/ports?status=ACTIVE&amp;fixed_ip=None&amp;device_id=5ba3976c-7ed9-415c-bcb0-efa16de74a5d 0.032s
2015-12-06 14:05:07,431 20661 DEBUG    [tempest_lib.common.rest_client] Request - Headers: {'Content-Type': 'application/json', 'Accept': 'application/json', 'X-Auth-Token': '&lt;omitted&gt;'}
        Body: None
    Response - Headers: {'status': '200', 'content-length': '1142', 'content-location': 'http://10.0.2.15:9696/v2.0/ports?status=ACTIVE&amp;fixed_ip=None&amp;device_id=5ba3976c-7ed9-415c-bcb0-efa16de74a5d', 'connection': 'close', 'date': 'Sun, 06 Dec 2015 14:05:07 GMT', 'content-type': 'application/json; charset=UTF-8', 'x-openstack-request-id': 'req-d199449a-d5dd-4884-a812-bbebc983cbac'}
        Body: {"ports": [{"status": "ACTIVE", "binding:host_id": "vagrant-ubuntu-trusty-64", "allowed_address_pairs": [], "extra_dhcp_opts": [], "dns_assignment": [{"hostname": "host-10-100-0-3", "ip_address": "10.100.0.3", "fqdn": "host-10-100-0-3.openstacklocal."}, {"hostname": "host-2003--f816-3eff-fe53-c3e8", "ip_address": "2003::f816:3eff:fe53:c3e8", "fqdn": "host-2003--f816-3eff-fe53-c3e8.openstacklocal."}], "device_owner": "compute:None", "port_security_enabled": true, "binding:profile": {}, "fixed_ips": [{"subnet_id": "048a9310-8cfc-481e-a93d-a4a4c37f1d18", "ip_address": "10.100.0.3"}, {"subnet_id": "e8251e9a-0494-4df2-b763-613793e9252c", "ip_address": "2003::f816:3eff:fe53:c3e8"}], "id": "d652898a-990f-485e-9edb-94269c33e37f", "security_groups": ["099b9e4e-b995-4a70-ae0a-da150d7b1e32"], "device_id": "5ba3976c-7ed9-415c-bcb0-efa16de74a5d", "name": "", "admin_state_up": true, "network_id": "ef3a0563-751a-472a-a0c3-09a2f9a225bc", "dns_name": "", "binding:vif_details": {"port_filter": true}, "binding:vnic_type": "normal", "binding:vif_type": "ovs", "tenant_id": "9098062568f945f2b00eaf9fdf75b197", "mac_address": "fa:16:3e:53:c3:e8"}]}
2015-12-06 14:05:07,965 20661 INFO     [tempest_lib.common.rest_client] Request (TestGettingAddress:test_dhcp6_stateless_from_os): 201 POST http://10.0.2.15:9696/v2.0/floatingips 0.533s
2015-12-06 14:05:07,965 20661 DEBUG    [tempest_lib.common.rest_client] Request - Headers: {'Content-Type': 'application/json', 'Accept': 'application/json', 'X-Auth-Token': '&lt;omitted&gt;'}
        Body: {"floatingip": {"floating_network_id": "0d5699b2-4e2a-45eb-a30a-4617519368fd", "tenant_id": "9098062568f945f2b00eaf9fdf75b197", "fixed_ip_address": "10.100.0.3", "port_id": "d652898a-990f-485e-9edb-94269c33e37f"}}
    Response - Headers: {'status': '201', 'content-length': '367', 'connection': 'close', 'date': 'Sun, 06 Dec 2015 14:05:07 GMT', 'content-type': 'application/json; charset=UTF-8', 'x-openstack-request-id': 'req-ec22a5af-261b-4aa3-a503-fd4d06658fdc'}
        Body: {"floatingip": {"floating_network_id": "0d5699b2-4e2a-45eb-a30a-4617519368fd", "router_id": "fa106802-7731-4c41-b5de-91e52f7048d4", "fixed_ip_address": "10.100.0.3", "floating_ip_address": "172.24.4.4", "tenant_id": "9098062568f945f2b00eaf9fdf75b197", "status": "DOWN", "port_id": "d652898a-990f-485e-9edb-94269c33e37f", "id": "7a2cb985-7351-4f07-973c-4df3720a8647"}}
2015-12-06 14:05:07,967 20661 INFO     [tempest_lib.common.ssh] Creating ssh connection to '172.24.4.4' as 'cirros' with public key authentication
2015-12-06 14:05:12,092 20661 WARNING  [tempest_lib.common.ssh] Failed to establish authenticated ssh connection to cirros@172.24.4.4 ([Errno None] Unable to connect to port 22 on  or 172.24.4.4). Number attempts: 1. Retry after 2 seconds.
2015-12-06 14:05:17,595 20661 WARNING  [tempest_lib.common.ssh] Failed to establish authenticated ssh connection to cirros@172.24.4.4 ([Errno None] Unable to connect to port 22 on  or 172.24.4.4). Number attempts: 2. Retry after 3 seconds.
2015-12-06 14:05:24,099 20661 WARNING  [tempest_lib.common.ssh] Failed to establish authenticated ssh connection to cirros@172.24.4.4 ([Errno None] Unable to connect to port 22 on  or 172.24.4.4). Number attempts: 3. Retry after 4 seconds.
2015-12-06 14:05:31,604 20661 WARNING  [tempest_lib.common.ssh] Failed to establish authenticated ssh connection to cirros@172.24.4.4 ([Errno None] Unable to connect to port 22 on  or 172.24.4.4). Number attempts: 4. Retry after 5 seconds.
2015-12-06 14:05:40,112 20661 WARNING  [tempest_lib.common.ssh] Failed to establish authenticated ssh connection to cirros@172.24.4.4 ([Errno None] Unable to connect to port 22 on  or 172.24.4.4). Number attempts: 5. Retry after 6 seconds.
2015-12-06 14:05:49,616 20661 WARNING  [tempest_lib.common.ssh] Failed to establish authenticated ssh connection to cirros@172.24.4.4 ([Errno None] Unable to connect to port 22 on  or 172.24.4.4). Number attempts: 6. Retry after 7 seconds.
2015-12-06 14:06:00,119 20661 WARNING  [tempest_lib.common.ssh] Failed to establish authenticated ssh connection to cirros@172.24.4.4 ([Errno None] Unable to connect to port 22 on  or 172.24.4.4). Number attempts: 7. Retry after 8 seconds.
2015-12-06 14:06:11,627 20661 WARNING  [tempest_lib.common.ssh] Failed to establish authenticated ssh connection to cirros@172.24.4.4 ([Errno None] Unable to connect to port 22 on  or 172.24.4.4). Number attempts: 8. Retry after 9 seconds.
2015-12-06 14:06:24,132 20661 WARNING  [tempest_lib.common.ssh] Failed to establish authenticated ssh connection to cirros@172.24.4.4 ([Errno None] Unable to connect to port 22 on  or 172.24.4.4). Number attempts: 9. Retry after 10 seconds.
2015-12-06 14:06:37,640 20661 WARNING  [tempest_lib.common.ssh] Failed to establish authenticated ssh connection to cirros@172.24.4.4 ([Errno None] Unable to connect to port 22 on  or 172.24.4.4). Number attempts: 10. Retry after 11 seconds.
2015-12-06 14:06:52,151 20661 WARNING  [tempest_lib.common.ssh] Failed to establish authenticated ssh connection to cirros@172.24.4.4 ([Errno None] Unable to connect to port 22 on  or 172.24.4.4). Number attempts: 11. Retry after 12 seconds.
2015-12-06 14:07:07,668 20661 WARNING  [tempest_lib.common.ssh] Failed to establish authenticated ssh connection to cirros@172.24.4.4 ([Errno None] Unable to connect to port 22 on  or 172.24.4.4). Number attempts: 12. Retry after 13 seconds.
2015-12-06 14:07:24,183 20661 WARNING  [tempest_lib.common.ssh] Failed to establish authenticated ssh connection to cirros@172.24.4.4 ([Errno None] Unable to connect to port 22 on  or 172.24.4.4). Number attempts: 13. Retry after 14 seconds.
2015-12-06 14:07:41,699 20661 WARNING  [tempest_lib.common.ssh] Failed to establish authenticated ssh connection to cirros@172.24.4.4 ([Errno None] Unable to connect to port 22 on  or 172.24.4.4). Number attempts: 14. Retry after 15 seconds.
2015-12-06 14:08:00,211 20661 WARNING  [tempest_lib.common.ssh] Failed to establish authenticated ssh connection to cirros@172.24.4.4 ([Errno None] Unable to connect to port 22 on  or 172.24.4.4). Number attempts: 15. Retry after 16 seconds.
2015-12-06 14:08:19,723 20661 WARNING  [tempest_lib.common.ssh] Failed to establish authenticated ssh connection to cirros@172.24.4.4 ([Errno None] Unable to connect to port 22 on  or 172.24.4.4). Number attempts: 16. Retry after 17 seconds.
2015-12-06 14:08:40,235 20661 ERROR    [tempest_lib.common.ssh] Failed to establish authenticated ssh connection to cirros@172.24.4.4 after 16 attempts
2015-12-06 14:08:40.235 20661 ERROR tempest_lib.common.ssh Traceback (most recent call last):
2015-12-06 14:08:40.235 20661 ERROR tempest_lib.common.ssh   File "/usr/local/lib/python2.7/dist-packages/tempest_lib/common/ssh.py", line 75, in _get_ssh_connection
2015-12-06 14:08:40.235 20661 ERROR tempest_lib.common.ssh     timeout=self.channel_timeout, pkey=self.pkey)
2015-12-06 14:08:40.235 20661 ERROR tempest_lib.common.ssh   File "/usr/local/lib/python2.7/dist-packages/paramiko/client.py", line 311, in connect
2015-12-06 14:08:40.235 20661 ERROR tempest_lib.common.ssh     raise NoValidConnectionsError(errors)
2015-12-06 14:08:40.235 20661 ERROR tempest_lib.common.ssh NoValidConnectionsError: [Errno None] Unable to connect to port 22 on  or 172.24.4.4
2015-12-06 14:08:40.235 20661 ERROR tempest_lib.common.ssh 
2015-12-06 14:08:40,237 20661 ERROR    [tempest.scenario.manager] (TestGettingAddress:test_dhcp6_stateless_from_os) Initializing SSH connection to 172.24.4.4 failed. Error: Connection to the 172.24.4.4 via SSH timed out.
User: cirros, Password: None
2015-12-06 14:08:40.237 20661 ERROR tempest.scenario.manager Traceback (most recent call last):
2015-12-06 14:08:40.237 20661 ERROR tempest.scenario.manager   File "tempest/scenario/manager.py", line 383, in get_remote_client
2015-12-06 14:08:40.237 20661 ERROR tempest.scenario.manager     linux_client.validate_authentication()
2015-12-06 14:08:40.237 20661 ERROR tempest.scenario.manager   File "tempest/common/utils/linux/remote_client.py", line 63, in validate_authentication
2015-12-06 14:08:40.237 20661 ERROR tempest.scenario.manager     self.ssh_client.test_connection_auth()
2015-12-06 14:08:40.237 20661 ERROR tempest.scenario.manager   File "/usr/local/lib/python2.7/dist-packages/tempest_lib/common/ssh.py", line 167, in test_connection_auth
2015-12-06 14:08:40.237 20661 ERROR tempest.scenario.manager     connection = self._get_ssh_connection()
2015-12-06 14:08:40.237 20661 ERROR tempest.scenario.manager   File "/usr/local/lib/python2.7/dist-packages/tempest_lib/common/ssh.py", line 87, in _get_ssh_connection
2015-12-06 14:08:40.237 20661 ERROR tempest.scenario.manager     password=self.password)
2015-12-06 14:08:40.237 20661 ERROR tempest.scenario.manager SSHTimeout: Connection to the 172.24.4.4 via SSH timed out.
2015-12-06 14:08:40.237 20661 ERROR tempest.scenario.manager User: cirros, Password: None
2015-12-06 14:08:40.237 20661 ERROR tempest.scenario.manager 
2015-12-06 14:08:40,316 20661 INFO     [tempest_lib.common.rest_client] Request (TestGettingAddress:test_dhcp6_stateless_from_os): 200 GET http://10.0.2.15:8774/v2.1/9098062568f945f2b00eaf9fdf75b197/servers 0.076s
2015-12-06 14:08:40,317 20661 DEBUG    [tempest_lib.common.rest_client] Request - Headers: {'Content-Type': 'application/json', 'Accept': 'application/json', 'X-Auth-Token': '&lt;omitted&gt;'}
        Body: None
    Response - Headers: {'status': '200', 'content-length': '390', 'content-location': 'http://10.0.2.15:8774/v2.1/9098062568f945f2b00eaf9fdf75b197/servers', 'x-compute-request-id': 'req-94c693c3-cf14-4f6c-9c37-c834a59c47e8', 'vary': 'X-OpenStack-Nova-API-Version', 'connection': 'close', 'x-openstack-nova-api-version': '2.1', 'date': 'Sun, 06 Dec 2015 14:08:40 GMT', 'content-type': 'application/json'}
        Body: {"servers": [{"id": "5ba3976c-7ed9-415c-bcb0-efa16de74a5d", "links": [{"href": "http://10.0.2.15:8774/v2.1/9098062568f945f2b00eaf9fdf75b197/servers/5ba3976c-7ed9-415c-bcb0-efa16de74a5d", "rel": "self"}, {"href": "http://10.0.2.15:8774/9098062568f945f2b00eaf9fdf75b197/servers/5ba3976c-7ed9-415c-bcb0-efa16de74a5d", "rel": "bookmark"}], "name": "tempest.common.compute-instance-590663581"}]}
2015-12-06 14:08:40,522 20661 INFO     [tempest_lib.common.rest_client] Request (TestGettingAddress:test_dhcp6_stateless_from_os): 200 POST http://10.0.2.15:8774/v2.1/9098062568f945f2b00eaf9fdf75b197/servers/5ba3976c-7ed9-415c-bcb0-efa16de74a5d/action 0.199s
2015-12-06 14:08:40,523 20661 DEBUG    [tempest_lib.common.rest_client] Request - Headers: {'Content-Type': 'application/json', 'Accept': 'application/json', 'X-Auth-Token': '&lt;omitted&gt;'}
        Body: {"os-getConsoleOutput": {}}
    Response - Headers: {'status': '200', 'content-length': '24668', 'x-compute-request-id': 'req-d1eea8f3-d090-4995-9dd3-13dff3ea023e', 'vary': 'X-OpenStack-Nova-API-Version', 'connection': 'close', 'x-openstack-nova-api-version': '2.1', 'date': 'Sun, 06 Dec 2015 14:08:40 GMT', 'content-type': 'application/json'}
        Body: {"output": "[    0.000000] Initializing cgroup subsys cpuset\n[    0.000000] Initializing cgroup subsys cpu\n[    0.000000] Linux version 3.2.0-80-virtual (buildd@batsu) (gcc version 4.6.3 (Ubuntu/Linaro 4.6.3-1ubuntu5) ) #116-Ubuntu SMP Mon Mar 23 17:28:52 UTC 2015 (Ubuntu 3.2.0-80.116-virtual 3.2.68)\n[    0.000000] Command line: root=/dev/vda console=tty0 console=ttyS0 no_timer_check\n[    0.000000] KERNEL supported cpus:\n[    0.000000]   Intel GenuineIntel\n[    0.000000]   AMD AuthenticAMD\n[    0.000000]   Centaur CentaurHauls\n[    0.000000] BIOS-provided physical RAM map:\n[    0.000000]  BIOS-e820: 0000000000000000 - 000000000009fc00 (usable)\n[    0.000000]  BIOS-e820: 000000000009fc00 - 00000000000a0000 (reserved)\n[    0.000000]  BIOS-e820: 00000000000f0000 - 0000000000100000 (reserved)\n[    0.000000]  BIOS-e820: 0000000000100000 - 0000000003ffe000 (usable)\n[    0.000000]  BIOS-e820: 0000000003ffe000 - 0000000004000000 (reserved)\n[    0.000000]  BIOS-e820: 00000000fffc0000 - 0000000100000000 (reserved)\n[    0.000000] NX (Execute Disable) protection: active\n[    0.000000] SMBIOS 2.4 present.\n[    0.000000] No AGP bridge found\n[    0.000000] last_pfn = 0x3ffe max_arch_pfn = 0x400000000\n[    0.000000] x86 PAT enabled: cpu 0, old 0x7040600070406, new 0x7010600070106\n[    0.000000] found SMP MP-table at [ffff8800000f0b00] f0b00\n[    0.000000] init_memory_mapping: 0000000000000000-0000000003ffe000\n[    0.000000] RAMDISK: 03c5e000 - 03ff0000\n[    0.000000] ACPI: RSDP 00000000000f0950 00014 (v00 BOCHS )\n[    0.000000] ACPI: RSDT 0000000003fffbc1 00034 (v01 BOCHS  BXPCRSDT 00000001 BXPC 00000001)\n[    0.000000] ACPI: FACP 0000000003fff1c0 00074 (v01 BOCHS  BXPCFACP 00000001 BXPC 00000001)\n[    0.000000] ACPI: DSDT 0000000003ffe040 01180 (v01 BOCHS  BXPCDSDT 00000001 BXPC 00000001)\n[    0.000000] ACPI: FACS 0000000003ffe000 00040\n[    0.000000] ACPI: SSDT 0000000003fff234 008DD (v01 BOCHS  BXPCSSDT 00000001 BXPC 00000001)\n[    0.000000] ACPI: APIC 0000000003fffb11 00078 (v01 BOCHS  BXPCAPIC 00000001 BXPC 00000001)\n[    0.000000] ACPI: HPET 0000000003fffb89 00038 (v01 BOCHS  BXPCHPET 00000001 BXPC 00000001)\n[    0.000000] No NUMA configuration found\n[    0.000000] Faking a node at 0000000000000000-0000000003ffe000\n[    0.000000] Initmem setup node 0 0000000000000000-0000000003ffe000\n[    0.000000]   NODE_DATA [0000000003ff6000 - 0000000003ffafff]\n[    0.000000] Zone PFN ranges:\n[    0.000000]   DMA      0x00000010 -&gt; 0x00001000\n[    0.000000]   DMA32    0x00001000 -&gt; 0x00100000\n[    0.000000]   Normal   empty\n[    0.000000] Movable zone start PFN for each node\n[    0.000000] early_node_map[2] active PFN ranges\n[    0.000000]     0: 0x00000010 -&gt; 0x0000009f\n[    0.000000]     0: 0x00000100 -&gt; 0x00003ffe\n[    0.000000] ACPI: PM-Timer IO Port: 0xb008\n[    0.000000] ACPI: LAPIC (acpi_id[0x00] lapic_id[0x00] enabled)\n[    0.000000] ACPI: LAPIC_NMI (acpi_id[0xff] dfl dfl lint[0x1])\n[    0.000000] ACPI: IOAPIC (id[0x00] address[0xfec00000] gsi_base[0])\n[    0.000000] IOAPIC[0]: apic_id 0, version 17, address 0xfec00000, GSI 0-23\n[    0.000000] ACPI: INT_SRC_OVR (bus 0 bus_irq 0 global_irq 2 dfl dfl)\n[    0.000000] ACPI: INT_SRC_OVR (bus 0 bus_irq 5 global_irq 5 high level)\n[    0.000000] ACPI: INT_SRC_OVR (bus 0 bus_irq 9 global_irq 9 high level)\n[    0.000000] ACPI: INT_SRC_OVR (bus 0 bus_irq 10 global_irq 10 high level)\n[    0.000000] ACPI: INT_SRC_OVR (bus 0 bus_irq 11 global_irq 11 high level)\n[    0.000000] Using ACPI (MADT) for SMP configuration information\n[    0.000000] ACPI: HPET id: 0x8086a201 base: 0xfed00000\n[    0.000000] SMP: Allowing 1 CPUs, 0 hotplug CPUs\n[    0.000000] PM: Registered nosave memory: 000000000009f000 - 00000000000a0000\n[    0.000000] PM: Registered nosave memory: 00000000000a0000 - 00000000000f0000\n[    0.000000] PM: Registered nosave memory: 00000000000f0000 - 0000000000100000\n[    0.000000] Allocating PCI resources starting at 4000000 (gap: 4000000:fbfc0000)\n[    0.000000] Booting paravirtualized kernel on bare hardware\n[    0.000000] setup_pe
2015-12-06 14:08:40,524 20661 DEBUG    [tempest.scenario.manager] Console output for 5ba3976c-7ed9-415c-bcb0-efa16de74a5d
body=
[    0.000000] Initializing cgroup subsys cpuset
[    0.000000] Initializing cgroup subsys cpu
[    0.000000] Linux version 3.2.0-80-virtual (buildd@batsu) (gcc version 4.6.3 (Ubuntu/Linaro 4.6.3-1ubuntu5) ) #116-Ubuntu SMP Mon Mar 23 17:28:52 UTC 2015 (Ubuntu 3.2.0-80.116-virtual 3.2.68)
[    0.000000] Command line: root=/dev/vda console=tty0 console=ttyS0 no_timer_check
[    0.000000] KERNEL supported cpus:
[    0.000000]   Intel GenuineIntel
[    0.000000]   AMD AuthenticAMD
[    0.000000]   Centaur CentaurHauls
[    0.000000] BIOS-provided physical RAM map:
[    0.000000]  BIOS-e820: 0000000000000000 - 000000000009fc00 (usable)
[    0.000000]  BIOS-e820: 000000000009fc00 - 00000000000a0000 (reserved)
[    0.000000]  BIOS-e820: 00000000000f0000 - 0000000000100000 (reserved)
[    0.000000]  BIOS-e820: 0000000000100000 - 0000000003ffe000 (usable)
[    0.000000]  BIOS-e820: 0000000003ffe000 - 0000000004000000 (reserved)
[    0.000000]  BIOS-e820: 00000000fffc0000 - 0000000100000000 (reserved)
[    0.000000] NX (Execute Disable) protection: active
[    0.000000] SMBIOS 2.4 present.
[    0.000000] No AGP bridge found
[    0.000000] last_pfn = 0x3ffe max_arch_pfn = 0x400000000
[    0.000000] x86 PAT enabled: cpu 0, old 0x7040600070406, new 0x7010600070106
[    0.000000] found SMP MP-table at [ffff8800000f0b00] f0b00
[    0.000000] init_memory_mapping: 0000000000000000-0000000003ffe000
[    0.000000] RAMDISK: 03c5e000 - 03ff0000
[    0.000000] ACPI: RSDP 00000000000f0950 00014 (v00 BOCHS )
[    0.000000] ACPI: RSDT 0000000003fffbc1 00034 (v01 BOCHS  BXPCRSDT 00000001 BXPC 00000001)
[    0.000000] ACPI: FACP 0000000003fff1c0 00074 (v01 BOCHS  BXPCFACP 00000001 BXPC 00000001)
[    0.000000] ACPI: DSDT 0000000003ffe040 01180 (v01 BOCHS  BXPCDSDT 00000001 BXPC 00000001)
[    0.000000] ACPI: FACS 0000000003ffe000 00040
[    0.000000] ACPI: SSDT 0000000003fff234 008DD (v01 BOCHS  BXPCSSDT 00000001 BXPC 00000001)
[    0.000000] ACPI: APIC 0000000003fffb11 00078 (v01 BOCHS  BXPCAPIC 00000001 BXPC 00000001)
[    0.000000] ACPI: HPET 0000000003fffb89 00038 (v01 BOCHS  BXPCHPET 00000001 BXPC 00000001)
[    0.000000] No NUMA configuration found
[    0.000000] Faking a node at 0000000000000000-0000000003ffe000
[    0.000000] Initmem setup node 0 0000000000000000-0000000003ffe000
[    0.000000]   NODE_DATA [0000000003ff6000 - 0000000003ffafff]
[    0.000000] Zone PFN ranges:
[    0.000000]   DMA      0x00000010 -&gt; 0x00001000
[    0.000000]   DMA32    0x00001000 -&gt; 0x00100000
[    0.000000]   Normal   empty
[    0.000000] Movable zone start PFN for each node
[    0.000000] early_node_map[2] active PFN ranges
[    0.000000]     0: 0x00000010 -&gt; 0x0000009f
[    0.000000]     0: 0x00000100 -&gt; 0x00003ffe
[    0.000000] ACPI: PM-Timer IO Port: 0xb008
[    0.000000] ACPI: LAPIC (acpi_id[0x00] lapic_id[0x00] enabled)
[    0.000000] ACPI: LAPIC_NMI (acpi_id[0xff] dfl dfl lint[0x1])
[    0.000000] ACPI: IOAPIC (id[0x00] address[0xfec00000] gsi_base[0])
[    0.000000] IOAPIC[0]: apic_id 0, version 17, address 0xfec00000, GSI 0-23
[    0.000000] ACPI: INT_SRC_OVR (bus 0 bus_irq 0 global_irq 2 dfl dfl)
[    0.000000] ACPI: INT_SRC_OVR (bus 0 bus_irq 5 global_irq 5 high level)
[    0.000000] ACPI: INT_SRC_OVR (bus 0 bus_irq 9 global_irq 9 high level)
[    0.000000] ACPI: INT_SRC_OVR (bus 0 bus_irq 10 global_irq 10 high level)
[    0.000000] ACPI: INT_SRC_OVR (bus 0 bus_irq 11 global_irq 11 high level)
[    0.000000] Using ACPI (MADT) for SMP configuration information
[    0.000000] ACPI: HPET id: 0x8086a201 base: 0xfed00000
[    0.000000] SMP: Allowing 1 CPUs, 0 hotplug CPUs
[    0.000000] PM: Registered nosave memory: 000000000009f000 - 00000000000a0000
[    0.000000] PM: Registered nosave memory: 00000000000a0000 - 00000000000f0000
[    0.000000] PM: Registered nosave memory: 00000000000f0000 - 0000000000100000
[    0.000000] Allocating PCI resources starting at 4000000 (gap: 4000000:fbfc0000)
[    0.000000] Booting paravirtualized kernel on bare hardware
[    0.000000] setup_percpu: NR_CPUS:64 nr_cpumask_bits:64 nr_cpu_ids:1 nr_node_ids:1
[    0.000000] PERCPU: Embedded 27 pages/cpu @ffff880003a00000 s78848 r8192 d23552 u2097152
[    0.000000] Built 1 zonelists in Node order, mobility grouping on.  Total pages: 16008
[    0.000000] Policy zone: DMA32
[    0.000000] Kernel command line: root=/dev/vda console=tty0 console=ttyS0 no_timer_check
[    0.000000] PID hash table entries: 256 (order: -1, 2048 bytes)
[    0.000000] Checking aperture...
[    0.000000] No AGP bridge found
[    0.000000] Memory: 43492k/65528k available (6576k kernel code, 452k absent, 21584k reserved, 6620k data, 928k init)
[    0.000000] SLUB: Genslabs=15, HWalign=64, Order=0-3, MinObjects=0, CPUs=1, Nodes=1
[    0.000000] Hierarchical RCU implementation.
[    0.000000] 	RCU dyntick-idle grace-period acceleration is enabled.
[    0.000000] NR_IRQS:4352 nr_irqs:256 16
[    0.000000] Console: colour VGA+ 80x25
[    0.000000] console [tty0] enabled
[    0.000000] console [ttyS0] enabled
[    0.000000] allocated 1048576 bytes of page_cgroup
[    0.000000] please try 'cgroup_disable=memory' option if you don't want memory cgroups
[    0.000000] Fast TSC calibration failed
[    0.000000] TSC: Unable to calibrate against PIT
[    0.000000] TSC: using HPET reference calibration
[    0.000000] Detected 2294.389 MHz processor.
[    0.033600] Calibrating delay loop (skipped), value calculated using timer frequency.. 4588.77 BogoMIPS (lpj=9177556)
[    0.035537] pid_max: default: 32768 minimum: 301
[    0.042581] Security Framework initialized
[    0.048124] AppArmor: AppArmor initialized
[    0.048745] Yama: becoming mindful.
[    0.056213] Dentry cache hash table entries: 8192 (order: 4, 65536 bytes)
[    0.057663] Inode-cache hash table entries: 4096 (order: 3, 32768 bytes)
[    0.059162] Mount-cache hash table entries: 256
[    0.074942] Initializing cgroup subsys cpuacct
[    0.076347] Initializing cgroup subsys memory
[    0.077650] Initializing cgroup subsys devices
[    0.078458] Initializing cgroup subsys freezer
[    0.080165] Initializing cgroup subsys blkio
[    0.080911] Initializing cgroup subsys perf_event
[    0.085606] mce: CPU supports 10 MCE banks
[    0.089348] SMP alternatives: switching to UP code
[    0.486559] Freeing SMP alternatives: 24k freed
[    0.488876] ACPI: Core revision 20110623
[    0.542221] ftrace: allocating 26610 entries in 105 pages
[    0.574129] ..TIMER: vector=0x30 apic1=0 pin1=2 apic2=-1 pin2=-1
[    0.576182] CPU0: AMD QEMU Virtual CPU version 2.0.0 stepping 03
[    0.580035] Performance Events: Broken PMU hardware detected, using software events only.
[    0.591354] NMI watchdog disabled (cpu0): hardware events not enabled
[    0.592927] Brought up 1 CPUs
[    0.593827] Total of 1 processors activated (4588.77 BogoMIPS).
[    0.625079] devtmpfs: initialized
[    0.656823] EVM: security.selinux
[    0.657307] EVM: security.SMACK64
[    0.657866] EVM: security.capability
[    0.684401] print_constraints: dummy: 
[    0.686164] RTC time: 14:05:10, date: 12/06/15
[    0.689746] NET: Registered protocol family 16
[    0.698315] ACPI: bus type pci registered
[    0.704614] PCI: Using configuration type 1 for base access
[    0.744548] bio: create slab &lt;bio-0&gt; at 0
[    0.752813] ACPI: Added _OSI(Module Device)
[    0.753970] ACPI: Added _OSI(Processor Device)
[    0.755180] ACPI: Added _OSI(3.0 _SCP Extensions)
[    0.756131] ACPI: Added _OSI(Processor Aggregator Device)
[    0.846311] ACPI: Interpreter enabled
[    0.847448] ACPI: (supports S0 S3 S4 S5)
[    0.850128] ACPI: Using IOAPIC for interrupt routing
[    0.934597] ACPI: No dock devices found.
[    0.935230] HEST: Table not found.
[    0.936236] PCI: Using host bridge windows from ACPI; if necessary, use "pci=nocrs" and report a bug
[    0.943121] ACPI: PCI Root Bridge [PCI0] (domain 0000 [bus 00-ff])
[    0.949631] pci_root PNP0A03:00: host bridge window [io  0x0000-0x0cf7]
[    0.950488] pci_root PNP0A03:00: host bridge window [io  0x0d00-0xadff]
[    0.951318] pci_root PNP0A03:00: host bridge window [io  0xae0f-0xaeff]
[    0.952121] pci_root PNP0A03:00: host bridge window [io  0xaf20-0xafdf]
[    0.952954] pci_root PNP0A03:00: host bridge window [io  0xafe4-0xffff]
[    0.954034] pci_root PNP0A03:00: host bridge window [mem 0x000a0000-0x000bffff]
[    0.956119] pci_root PNP0A03:00: host bridge window [mem 0x04000000-0xfebfffff]
[    0.988351] pci 0000:00:01.3: quirk: [io  0xb000-0xb03f] claimed by PIIX4 ACPI
[    0.989338] pci 0000:00:01.3: quirk: [io  0xb100-0xb10f] claimed by PIIX4 SMB
[    1.063405]  pci0000:00: Unable to request _OSC control (_OSC support mask: 0x1e)
[    1.134161] ACPI: PCI Interrupt Link [LNKA] (IRQs 5 *10 11)
[    1.136070] ACPI: PCI Interrupt Link [LNKB] (IRQs 5 *10 11)
[    1.137338] ACPI: PCI Interrupt Link [LNKC] (IRQs 5 10 *11)
[    1.141020] ACPI: PCI Interrupt Link [LNKD] (IRQs 5 10 *11)
[    1.142239] ACPI: PCI Interrupt Link [LNKS] (IRQs *9)
[    1.149061] vgaarb: device added: PCI:0000:00:02.0,decodes=io+mem,owns=io+mem,locks=none
[    1.150063] vgaarb: loaded
[    1.150420] vgaarb: bridge control possible 0000:00:02.0
[    1.154095] i2c-core: driver [aat2870] using legacy suspend method
[    1.154839] i2c-core: driver [aat2870] using legacy resume method
[    1.157865] SCSI subsystem initialized
[    1.161298] usbcore: registered new interface driver usbfs
[    1.162433] usbcore: registered new interface driver hub
[    1.164395] usbcore: registered new device driver usb
[    1.167451] PCI: Using ACPI for IRQ routing
[    1.178007] NetLabel: Initializing
[    1.178472] NetLabel:  domain hash size = 128
[    1.179074] NetLabel:  protocols = UNLABELED CIPSOv4
[    1.181444] NetLabel:  unlabeled traffic allowed by default
[    1.184814] HPET: 3 timers in total, 0 timers will be used for per-cpu timer
[    1.186694] hpet0: at MMIO 0xfed00000, IRQs 2, 8, 0
[    1.188484] hpet0: 3 comparators, 64-bit 100.000000 MHz counter
[    1.200224] Switching to clocksource hpet
[    1.477324] AppArmor: AppArmor Filesystem Enabled
[    1.479080] pnp: PnP ACPI init
[    1.482026] ACPI: bus type pnp registered
[    1.514087] pnp: PnP ACPI: found 9 devices
[    1.514785] ACPI: ACPI bus type pnp unregistered
[    1.579844] NET: Registered protocol family 2
[    1.622459] IP route cache hash table entries: 512 (order: 0, 4096 bytes)
[    1.630654] TCP established hash table entries: 2048 (order: 3, 32768 bytes)
[    1.632043] TCP bind hash table entries: 2048 (order: 3, 32768 bytes)
[    1.633675] TCP: Hash tables configured (established 2048 bind 2048)
[    1.634582] TCP reno registered
[    1.635104] UDP hash table entries: 128 (order: 0, 4096 bytes)
[    1.635947] UDP-Lite hash table entries: 128 (order: 0, 4096 bytes)
[    1.639536] NET: Registered protocol family 1
[    1.641093] pci 0000:00:00.0: Limiting direct PCI/PCI transfers
[    1.642005] pci 0000:00:01.0: PIIX3: Enabling Passive Release
[    1.643560] pci 0000:00:01.0: Activating ISA DMA hang workarounds
[    1.650414] ACPI: PCI Interrupt Link [LNKD] enabled at IRQ 11
[    1.651373] pci 0000:00:01.2: PCI INT D -&gt; Link[LNKD] -&gt; GSI 11 (level, high) -&gt; IRQ 11
[    1.654687] pci 0000:00:01.2: PCI INT D disabled
[    1.675515] Trying to unpack rootfs image as initramfs...
[    1.695083] audit: initializing netlink socket (disabled)
[    1.696209] type=2000 audit(1449410710.692:1): initialized
[    2.011766] HugeTLB registered 2 MB page size, pre-allocated 0 pages
[    2.159015] VFS: Disk quotas dquot_6.5.2
[    2.161061] Dquot-cache hash table entries: 512 (order 0, 4096 bytes)
[    2.177166] fuse init (API version 7.17)
[    2.179417] msgmni has been set to 84
[    2.215043] Block layer SCSI generic (bsg) driver version 0.4 loaded (major 253)
[    2.221636] io scheduler noop registered
[    2.222592] io scheduler deadline registered (default)
[    2.225591] io scheduler cfq registered
[    2.228653] pci_hotplug: PCI Hot Plug PCI Core version: 0.5
[    2.231105] pciehp: PCI Express Hot Plug Controller Driver version: 0.4
[    2.237717] input: Power Button as /devices/LNXSYSTM:00/LNXPWRBN:00/input/input0
[    2.239920] ACPI: Power Button [PWRF]
[    2.294006] ERST: Table is not found!
[    2.294666] GHES: HEST is not enabled!
[    2.302796] ACPI: PCI Interrupt Link [LNKC] enabled at IRQ 10
[    2.303511] virtio-pci 0000:00:03.0: PCI INT A -&gt; Link[LNKC] -&gt; GSI 10 (level, high) -&gt; IRQ 10
[    2.307467] virtio-pci 0000:00:04.0: PCI INT A -&gt; Link[LNKD] -&gt; GSI 11 (level, high) -&gt; IRQ 11
[    2.318848] ACPI: PCI Interrupt Link [LNKA] enabled at IRQ 10
[    2.319535] virtio-pci 0000:00:05.0: PCI INT A -&gt; Link[LNKA] -&gt; GSI 10 (level, high) -&gt; IRQ 10
[    2.335865] Serial: 8250/16550 driver, 32 ports, IRQ sharing enabled
[    2.382386] serial8250: ttyS0 at I/O 0x3f8 (irq = 4) is a 16550A
[    2.466380] serial8250: ttyS1 at I/O 0x2f8 (irq = 3) is a 16550A
[    2.587689] 00:05: ttyS0 at I/O 0x3f8 (irq = 4) is a 16550A
[    2.677696] 00:06: ttyS1 at I/O 0x2f8 (irq = 3) is a 16550A
[    2.679090] Refined TSC clocksource calibration: 2294.356 MHz.
[    2.679789] Switching to clocksource tsc
[    2.731682] Linux agpgart interface v0.103
[    2.796955] brd: module loaded
[    2.827418] loop: module loaded
[    2.877405]  vda: unknown partition table
[    2.939583] scsi0 : ata_piix
[    2.942943] scsi1 : ata_piix
[    2.945219] ata1: PATA max MWDMA2 cmd 0x1f0 ctl 0x3f6 bmdma 0xc0a0 irq 14
[    2.945974] ata2: PATA max MWDMA2 cmd 0x170 ctl 0x376 bmdma 0xc0a8 irq 15
[    2.957606] Fixed MDIO Bus: probed
[    2.958506] tun: Universal TUN/TAP device driver, 1.6
[    2.959048] tun: (C) 1999-2004 Max Krasnyansky &lt;maxk@qualcomm.com&gt;
[    2.971715] PPP generic driver version 2.4.2
[    2.999508] ehci_hcd: USB 2.0 'Enhanced' Host Controller (EHCI) Driver
[    3.001425] ohci_hcd: USB 1.1 'Open' Host Controller (OHCI) Driver
[    3.002501] uhci_hcd: USB Universal Host Controller Interface driver
[    3.003500] uhci_hcd 0000:00:01.2: PCI INT D -&gt; Link[LNKD] -&gt; GSI 11 (level, high) -&gt; IRQ 11
[    3.007233] uhci_hcd 0000:00:01.2: UHCI Host Controller
[    3.017543] uhci_hcd 0000:00:01.2: new USB bus registered, assigned bus number 1
[    3.019311] uhci_hcd 0000:00:01.2: irq 11, io base 0x0000c040
[    3.051295] hub 1-0:1.0: USB hub found
[    3.052524] hub 1-0:1.0: 2 ports detected
[    3.062904] usbcore: registered new interface driver libusual
[    3.068940] i8042: PNP: PS/2 Controller [PNP0303:KBD,PNP0f13:MOU] at 0x60,0x64 irq 1,12
[    3.080676] serio: i8042 KBD port at 0x60,0x64 irq 1
[    3.082557] serio: i8042 AUX port at 0x60,0x64 irq 12
[    3.131422] mousedev: PS/2 mouse device common for all mice
[    3.141384] input: AT Translated Set 2 keyboard as /devices/platform/i8042/serio0/input/input1
[    3.157097] rtc_cmos 00:01: RTC can wake from S4
[    3.168950] rtc_cmos 00:01: rtc core: registered rtc_cmos as rtc0
[    3.174111] rtc0: alarms up to one day, 114 bytes nvram, hpet irqs
[    3.177606] device-mapper: uevent: version 1.0.3
[    3.199297] ata2.01: ATAPI: QEMU DVD-ROM, 2.0.0, max UDMA/100
[    3.207176] ata2.01: configured for MWDMA2
[    3.236020] device-mapper: ioctl: 4.22.0-ioctl (2011-10-19) initialised: dm-devel@redhat.com
[    3.242073] cpuidle: using governor ladder
[    3.244199] cpuidle: using governor menu
[    3.245656] EFI Variables Facility v0.08 2004-May-17
[    3.261682] TCP cubic registered
[    3.267298] NET: Registered protocol family 10
[    3.298753] NET: Registered protocol family 17
[    3.300497] Registering the dns_resolver key type
[    3.311173] scsi 1:0:1:0: CD-ROM            QEMU     QEMU DVD-ROM     2.0. PQ: 0 ANSI: 5
[    3.345555] Freeing initrd memory: 3656k freed
[    3.373006] sr0: scsi3-mmc drive: 4x/4x cd/rw xa/form2 tray
[    3.375456] cdrom: Uniform CD-ROM driver Revision: 3.20
[    3.387807] sr 1:0:1:0: Attached scsi generic sg0 type 5
[    3.401002] registered taskstats version 1
[    3.889172]   Magic number: 11:484:80
[    3.907364] rtc_cmos 00:01: setting system clock to 2015-12-06 14:05:13 UTC (1449410713)
[    3.911350] powernow-k8: Processor cpuid 663 not supported
[    3.920410] BIOS EDD facility v0.16 2004-Jun-25, 0 devices found
[    3.921158] EDD information not available.
[    4.010388] Freeing unused kernel memory: 928k freed
[    4.016662] Write protecting the kernel read-only data: 12288k
[    4.139443] Freeing unused kernel memory: 1596k freed
[    4.201582] Freeing unused kernel memory: 1184k freed

info: initramfs: up at 4.38
modprobe: module virtio_blk not found in modules.dep
modprobe: module virtio_net not found in modules.dep
info: copying initramfs to /dev/vda
info: initramfs loading root from /dev/vda
info: /etc/init.d/rc.sysinit: up at 8.93
info: container: none
Starting logging: OK
modprobe: module virtio_blk not found in modules.dep
modprobe: module virtio_net not found in modules.dep
WARN: /etc/rc3.d/S10-load-modules failed
Initializing random number generator... done.
Starting acpid: OK
cirros-ds 'local' up at 11.40
found datasource (configdrive, local)
Starting network...
udhcpc (v1.20.1) started
Sending discover...
Sending discover...
Sending discover...
Usage: /sbin/cirros-dhcpc &lt;up|down&gt;
No lease, failing
WARN: /etc/rc3.d/S40-network failed
Starting dropbear sshd: generating rsa key... generating dsa key... OK
no userdata for datasource
=== system information ===
Platform: OpenStack Foundation OpenStack Nova
Container: none
Arch: x86_64
CPU(s): 1 @ 2294.389 MHz
Cores/Sockets/Threads: 1/1/1
Virt-type: AMD-V
RAM Size: 49MB
Disks:
NAME MAJ:MIN     SIZE LABEL         MOUNTPOINT
vda  253:0   25165824 cirros-rootfs /
sr0   11:0     428032 config-2      
=== sshd host keys ===
-----BEGIN SSH HOST KEY KEYS-----
ssh-rsa AAAAB3NzaC1yc2EAAAADAQABAAAAgwCpZjiY5aTLg7ErowyaQoKY+pDVUamS30kOrP0aWTHNd5+r8mAC7kAfJhvVKbNih3RJQCy6/zO0llfxnGv8Yxf2HeW7uLZ7MUwsL099V43Ze53CZGSqGRoEjPc64bf6ACVGMc39qGDxRh0RrnVxnlZj85UBqXsVeG9mPz222aPCbYcn root@tempest
ssh-dss AAAAB3NzaC1kc3MAAACBAP+PIpLA0FBYIjasr7dDPM3aIVFmS/1MvauV2nu11+RCbscJKLNENQMkh84y04gNwDenEK47uXVfHwUxPxEfly/rR6vp5sxGI8MW/uFO/+FjoK+AwNJvcmwVMjI2P5X28qnrxWM3010bO1T+ACRs46h5vOyUUAc+JjVgssB73K7bAAAAFQDSoHmAWSpy2+kMNPhFwAGBPQOlowAAAIBWqAc2jIikWJspizFqpFy4YCZBk8KtG2SeqmyD76rF2+lE+L1O6Hg94ngHQ9CFi94o58Hvlb+lZMhHZAi+x6Q3gLGmmn7+3SD/IaaGYLXn7oJNQwYnzzXbAsw//p8hJdMJo4RKhkmTwi6Br8dg5Agtx/zd2t0TDvjU1pIU0Jm6jAAAAIEAnMmb+N3F8s163/Izh+hhBvj5W1A+ztd2PxpwcaE3MYp47+l1TrldbpJA7Ra1qEsszyw8u3tATer4YHLEWv+wg6YoBR07gQDoLvitCf/j1j3OhHJZxAtZozUTifj76HwhoVfHGEp0F2KEEB77yJSMre1YjzHdJJ3Tnzx8uyF7GBQ= root@tempest
-----END SSH HOST KEY KEYS-----
=== network info ===
if-info: lo,up,127.0.0.1,8,::1
if-info: eth0,up,,8,fe80::f816:3eff:fe53:c3e8
=== datasource: configdrive local ===
instance-id: 5ba3976c-7ed9-415c-bcb0-efa16de74a5d
name: tempest.common.compute-instance-590663581
availability-zone: nova
local-hostname: tempest.common.compute-instance-590663581.novalocal
launch-index: 0
=== cirros: current=0.3.4 uptime=201.90 ===
route: fscanf
=== pinging gateway failed, debugging connection ===
############ debug start ##############
### /etc/init.d/sshd start
Starting dropbear sshd: OK
route: fscanf
### ifconfig -a
eth0      Link encap:Ethernet  HWaddr FA:16:3E:53:C3:E8  
          inet6 addr: fe80::f816:3eff:fe53:c3e8/64 Scope:Link
          UP BROADCAST RUNNING MULTICAST  MTU:1500  Metric:1
          RX packets:12 errors:0 dropped:5 overruns:0 frame:0
          TX packets:8 errors:0 dropped:0 overruns:0 carrier:0
          collisions:0 txqueuelen:1000 
          RX bytes:1293 (1.2 KiB)  TX bytes:1134 (1.1 KiB)

lo        Link encap:Local Loopback  
          inet addr:127.0.0.1  Mask:255.0.0.0
          inet6 addr: ::1/128 Scope:Host
          UP LOOPBACK RUNNING  MTU:16436  Metric:1
          RX packets:12 errors:0 dropped:0 overruns:0 frame:0
          TX packets:12 errors:0 dropped:0 overruns:0 carrier:0
          collisions:0 txqueuelen:0 
          RX bytes:1020 (1020.0 B)  TX bytes:1020 (1020.0 B)

### route -n
Kernel IP routing table
Destination     Gateway         Genmask         Flags Metric Ref    Use Iface
route: fscanf
### cat /etc/resolv.conf
cat: can't open '/etc/resolv.conf': No such file or directory
### gateway not found
/sbin/cirros-status: line 1: can't open /etc/resolv.conf: no such file
### pinging nameservers
### uname -a
Linux tempest 3.2.0-80-virtual #116-Ubuntu SMP Mon Mar 23 17:28:52 UTC 2015 x86_64 GNU/Linux
### lsmod
Module                  Size  Used by    Not tainted
nls_iso8859_1          12713  0 
nls_cp437              16991  0 
vfat                   17585  0 
fat                    61512  1 vfat
isofs                  40259  0 
ip_tables              27473  0 
x_tables               29891  1 ip_tables
pcnet32                42119  0 
8139cp                 27360  0 
ne2k_pci               13691  0 
8390                   18856  1 ne2k_pci
e1000                 108589  0 
acpiphp                24231  0 
### dmesg | tail
[    5.213384] EXT3-fs (vda): mounted filesystem with ordered data mode
[    5.504507] ISO 9660 Extensions: Microsoft Joliet Level 3
[    5.585806] ISO 9660 Extensions: RRIP_1991A
[    5.806623] kjournald starting.  Commit interval 5 seconds
[    5.821247] EXT3-fs (vda): using internal journal
[    5.821347] EXT3-fs (vda): mounted filesystem with ordered data mode
[    9.023449] EXT3-fs (vda): using internal journal
[   12.131878] ISO 9660 Extensions: Microsoft Joliet Level 3
[   12.224098] ISO 9660 Extensions: RRIP_1991A
[   26.819356] eth0: no IPv6 routers present
### tail -n 25 /var/log/messages
Dec  6 14:05:19 cirros kern.info kernel: [    4.697061] acpiphp: Slot [26] registered
Dec  6 14:05:19 cirros kern.info kernel: [    4.697391] acpiphp: Slot [27] registered
Dec  6 14:05:19 cirros kern.info kernel: [    4.697694] acpiphp: Slot [28] registered
Dec  6 14:05:19 cirros kern.info kernel: [    4.698049] acpiphp: Slot [29] registered
Dec  6 14:05:19 cirros kern.info kernel: [    4.698415] acpiphp: Slot [30] registered
Dec  6 14:05:19 cirros kern.info kernel: [    4.698723] acpiphp: Slot [31] registered
Dec  6 14:05:19 cirros kern.info kernel: [    4.749677] e1000: Intel(R) PRO/1000 Network Driver - version 7.3.21-k8-NAPI
Dec  6 14:05:19 cirros kern.info kernel: [    4.749731] e1000: Copyright (c) 1999-2006 Intel Corporation.
Dec  6 14:05:19 cirros kern.info kernel: [    4.794957] ne2k-pci.c:v1.03 9/22/2003 D. Becker/P. Gortmaker
Dec  6 14:05:19 cirros kern.info kernel: [    4.835641] 8139cp: 8139cp: 10/100 PCI Ethernet driver v1.3 (Mar 22, 2004)
Dec  6 14:05:19 cirros kern.info kernel: [    4.882958] pcnet32: pcnet32.c:v1.35 21.Apr.2008 tsbogend@alpha.franken.de
Dec  6 14:05:19 cirros kern.info kernel: [    4.940086] ip_tables: (C) 2000-2006 Netfilter Core Team
Dec  6 14:05:19 cirros kern.info kernel: [    5.205916] kjournald starting.  Commit interval 5 seconds
Dec  6 14:05:19 cirros kern.info kernel: [    5.213384] EXT3-fs (vda): mounted filesystem with ordered data mode
Dec  6 14:05:19 cirros kern.debug kernel: [    5.504507] ISO 9660 Extensions: Microsoft Joliet Level 3
Dec  6 14:05:19 cirros kern.debug kernel: [    5.585806] ISO 9660 Extensions: RRIP_1991A
Dec  6 14:05:19 cirros kern.info kernel: [    5.806623] kjournald starting.  Commit interval 5 seconds
Dec  6 14:05:19 cirros kern.info kernel: [    5.821247] EXT3-fs (vda): using internal journal
Dec  6 14:05:19 cirros kern.info kernel: [    5.821347] EXT3-fs (vda): mounted filesystem with ordered data mode
Dec  6 14:05:19 cirros kern.info kernel: [    9.023449] EXT3-fs (vda): using internal journal
Dec  6 14:05:21 cirros kern.debug kernel: [   12.131878] ISO 9660 Extensions: Microsoft Joliet Level 3
Dec  6 14:05:21 cirros kern.debug kernel: [   12.224098] ISO 9660 Extensions: RRIP_1991A
Dec  6 14:05:24 cirros auth.notice su: + /dev/console root:cirros
Dec  6 14:05:36 cirros kern.debug kernel: [   26.819356] eth0: no IPv6 routers present
Dec  6 14:08:29 cirros authpriv.info dropbear[283]: Running in background
############ debug end   ##############
  ____               ____  ____
 / __/ __ ____ ____ / __ \/ __/
/ /__ / // __// __// /_/ /\ \ 
\___//_//_/  /_/   \____/___/ 
   http://cirros-cloud.net


login as 'cirros' user. default password: 'cubswin:)'. use 'sudo' for root.
tempest login: 
2015-12-06 14:08:40,879 20661 INFO     [tempest_lib.common.rest_client] Request (TestGettingAddress:_run_cleanups): 204 DELETE http://10.0.2.15:9696/v2.0/floatingips/7a2cb985-7351-4f07-973c-4df3720a8647 0.350s
2015-12-06 14:08:40,879 20661 DEBUG    [tempest_lib.common.rest_client] Request - Headers: {'Content-Type': 'application/json', 'Accept': 'application/json', 'X-Auth-Token': '&lt;omitted&gt;'}
        Body: None
    Response - Headers: {'date': 'Sun, 06 Dec 2015 14:08:40 GMT', 'status': '204', 'connection': 'close', 'content-length': '0', 'x-openstack-request-id': 'req-c5c73c79-af60-47a2-ac94-2049802f2f76'}
        Body: 
2015-12-06 14:08:41,086 20661 INFO     [tempest_lib.common.rest_client] Request (TestGettingAddress:_run_cleanups): 204 DELETE http://10.0.2.15:8774/v2.1/9098062568f945f2b00eaf9fdf75b197/servers/5ba3976c-7ed9-415c-bcb0-efa16de74a5d 0.206s
2015-12-06 14:08:41,087 20661 DEBUG    [tempest_lib.common.rest_client] Request - Headers: {'Content-Type': 'application/json', 'Accept': 'application/json', 'X-Auth-Token': '&lt;omitted&gt;'}
        Body: None
    Response - Headers: {'status': '204', 'content-length': '0', 'x-compute-request-id': 'req-ffc7c88e-dc9b-4f1d-8f01-3d8d218a717d', 'vary': 'X-OpenStack-Nova-API-Version', 'connection': 'close', 'x-openstack-nova-api-version': '2.1', 'date': 'Sun, 06 Dec 2015 14:08:41 GMT', 'content-type': 'application/json'}
        Body: 
2015-12-06 14:08:41,373 20661 INFO     [tempest_lib.common.rest_client] Request (TestGettingAddress:_run_cleanups): 200 GET http://10.0.2.15:8774/v2.1/9098062568f945f2b00eaf9fdf75b197/servers/5ba3976c-7ed9-415c-bcb0-efa16de74a5d 0.286s
2015-12-06 14:08:41,373 20661 DEBUG    [tempest_lib.common.rest_client] Request - Headers: {'Content-Type': 'application/json', 'Accept': 'application/json', 'X-Auth-Token': '&lt;omitted&gt;'}
        Body: None
    Response - Headers: {'status': '200', 'content-length': '1903', 'content-location': 'http://10.0.2.15:8774/v2.1/9098062568f945f2b00eaf9fdf75b197/servers/5ba3976c-7ed9-415c-bcb0-efa16de74a5d', 'x-compute-request-id': 'req-f2bb5519-8728-4876-8c40-bed924cdbbd6', 'vary': 'X-OpenStack-Nova-API-Version', 'connection': 'close', 'x-openstack-nova-api-version': '2.1', 'date': 'Sun, 06 Dec 2015 14:08:41 GMT', 'content-type': 'application/json'}
        Body: {"server": {"status": "ACTIVE", "updated": "2015-12-06T14:08:41Z", "hostId": "602867560a89fc76d62478f6694f504aff4c562baed513c9ae89f1c8", "addresses": {"tempest-network-smoke--649370050": [{"OS-EXT-IPS-MAC:mac_addr": "fa:16:3e:53:c3:e8", "version": 4, "addr": "10.100.0.3", "OS-EXT-IPS:type": "fixed"}, {"OS-EXT-IPS-MAC:mac_addr": "fa:16:3e:53:c3:e8", "version": 6, "addr": "2003::f816:3eff:fe53:c3e8", "OS-EXT-IPS:type": "fixed"}, {"OS-EXT-IPS-MAC:mac_addr": "fa:16:3e:53:c3:e8", "version": 4, "addr": "172.24.4.4", "OS-EXT-IPS:type": "floating"}]}, "links": [{"href": "http://10.0.2.15:8774/v2.1/9098062568f945f2b00eaf9fdf75b197/servers/5ba3976c-7ed9-415c-bcb0-efa16de74a5d", "rel": "self"}, {"href": "http://10.0.2.15:8774/9098062568f945f2b00eaf9fdf75b197/servers/5ba3976c-7ed9-415c-bcb0-efa16de74a5d", "rel": "bookmark"}], "key_name": "tempest-TestGettingAddress-1121973321", "image": {"id": "34d536d0-123b-4649-a45b-6a78d1b17f62", "links": [{"href": "http://10.0.2.15:8774/9098062568f945f2b00eaf9fdf75b197/images/34d536d0-123b-4649-a45b-6a78d1b17f62", "rel": "bookmark"}]}, "OS-EXT-STS:task_state": "deleting", "OS-EXT-STS:vm_state": "active", "OS-SRV-USG:launched_at": "2015-12-06T14:05:06.000000", "flavor": {"id": "42", "links": [{"href": "http://10.0.2.15:8774/9098062568f945f2b00eaf9fdf75b197/flavors/42", "rel": "bookmark"}]}, "id": "5ba3976c-7ed9-415c-bcb0-efa16de74a5d", "security_groups": [{"name": "tempest-secgroup-smoke-2021554906"}], "OS-SRV-USG:terminated_at": null, "OS-EXT-AZ:availability_zone": "nova", "user_id": "7eaaee07a21a48e08e60687649031d7a", "name": "tempest.common.compute-instance-590663581", "created": "2015-12-06T14:05:03Z", "tenant_id": "9098062568f945f2b00eaf9fdf75b197", "OS-DCF:diskConfig": "MANUAL", "os-extended-volumes:volumes_attached": [], "accessIPv4": "", "accessIPv6": "", "progress": 0, "OS-EXT-STS:power_state": 1, "config_drive": "True", "metadata": {}}}
2015-12-06 14:08:42,518 20661 INFO     [tempest_lib.common.rest_client] Request (TestGettingAddress:_run_cleanups): 200 GET http://10.0.2.15:8774/v2.1/9098062568f945f2b00eaf9fdf75b197/servers/5ba3976c-7ed9-415c-bcb0-efa16de74a5d 0.132s
2015-12-06 14:08:42,518 20661 DEBUG    [tempest_lib.common.rest_client] Request - Headers: {'Content-Type': 'application/json', 'Accept': 'application/json', 'X-Auth-Token': '&lt;omitted&gt;'}
        Body: None
    Response - Headers: {'status': '200', 'content-length': '1439', 'content-location': 'http://10.0.2.15:8774/v2.1/9098062568f945f2b00eaf9fdf75b197/servers/5ba3976c-7ed9-415c-bcb0-efa16de74a5d', 'x-compute-request-id': 'req-8ec6b12d-a5a2-488a-90bb-65d1cc9c3707', 'vary': 'X-OpenStack-Nova-API-Version', 'connection': 'close', 'x-openstack-nova-api-version': '2.1', 'date': 'Sun, 06 Dec 2015 14:08:42 GMT', 'content-type': 'application/json'}
        Body: {"server": {"status": "ACTIVE", "updated": "2015-12-06T14:08:41Z", "hostId": "602867560a89fc76d62478f6694f504aff4c562baed513c9ae89f1c8", "addresses": {}, "links": [{"href": "http://10.0.2.15:8774/v2.1/9098062568f945f2b00eaf9fdf75b197/servers/5ba3976c-7ed9-415c-bcb0-efa16de74a5d", "rel": "self"}, {"href": "http://10.0.2.15:8774/9098062568f945f2b00eaf9fdf75b197/servers/5ba3976c-7ed9-415c-bcb0-efa16de74a5d", "rel": "bookmark"}], "key_name": "tempest-TestGettingAddress-1121973321", "image": {"id": "34d536d0-123b-4649-a45b-6a78d1b17f62", "links": [{"href": "http://10.0.2.15:8774/9098062568f945f2b00eaf9fdf75b197/images/34d536d0-123b-4649-a45b-6a78d1b17f62", "rel": "bookmark"}]}, "OS-EXT-STS:task_state": "deleting", "OS-EXT-STS:vm_state": "active", "OS-SRV-USG:launched_at": "2015-12-06T14:05:06.000000", "flavor": {"id": "42", "links": [{"href": "http://10.0.2.15:8774/9098062568f945f2b00eaf9fdf75b197/flavors/42", "rel": "bookmark"}]}, "id": "5ba3976c-7ed9-415c-bcb0-efa16de74a5d", "OS-SRV-USG:terminated_at": null, "OS-EXT-AZ:availability_zone": "nova", "user_id": "7eaaee07a21a48e08e60687649031d7a", "name": "tempest.common.compute-instance-590663581", "created": "2015-12-06T14:05:03Z", "tenant_id": "9098062568f945f2b00eaf9fdf75b197", "OS-DCF:diskConfig": "MANUAL", "os-extended-volumes:volumes_attached": [], "accessIPv4": "", "accessIPv6": "", "progress": 0, "OS-EXT-STS:power_state": 1, "config_drive": "True", "metadata": {}}}
2015-12-06 14:08:43,623 20661 INFO     [tempest_lib.common.rest_client] Request (TestGettingAddress:_run_cleanups): 404 GET http://10.0.2.15:8774/v2.1/9098062568f945f2b00eaf9fdf75b197/servers/5ba3976c-7ed9-415c-bcb0-efa16de74a5d 0.094s
2015-12-06 14:08:43,624 20661 DEBUG    [tempest_lib.common.rest_client] Request - Headers: {'Content-Type': 'application/json', 'Accept': 'application/json', 'X-Auth-Token': '&lt;omitted&gt;'}
        Body: None
    Response - Headers: {'status': '404', 'content-length': '111', 'x-compute-request-id': 'req-f9e50ea4-de84-43d4-9778-b6bc3afc3958', 'vary': 'X-OpenStack-Nova-API-Version', 'connection': 'close', 'x-openstack-nova-api-version': '2.1', 'date': 'Sun, 06 Dec 2015 14:08:43 GMT', 'content-type': 'application/json; charset=UTF-8'}
        Body: {"itemNotFound": {"message": "Instance 5ba3976c-7ed9-415c-bcb0-efa16de74a5d could not be found.", "code": 404}}
2015-12-06 14:08:44,149 20661 INFO     [tempest_lib.common.rest_client] Request (TestGettingAddress:_run_cleanups): 200 PUT http://10.0.2.15:9696/v2.0/routers/fa106802-7731-4c41-b5de-91e52f7048d4/remove_router_interface 0.524s
2015-12-06 14:08:44,150 20661 DEBUG    [tempest_lib.common.rest_client] Request - Headers: {'Content-Type': 'application/json', 'Accept': 'application/json', 'X-Auth-Token': '&lt;omitted&gt;'}
        Body: {"subnet_id": "e8251e9a-0494-4df2-b763-613793e9252c"}
    Response - Headers: {'status': '200', 'content-length': '255', 'connection': 'close', 'date': 'Sun, 06 Dec 2015 14:08:44 GMT', 'content-type': 'application/json; charset=UTF-8', 'x-openstack-request-id': 'req-337a1880-7735-4a55-9943-f07af29a16ef'}
        Body: {"subnet_id": "e8251e9a-0494-4df2-b763-613793e9252c", "tenant_id": "9098062568f945f2b00eaf9fdf75b197", "subnet_ids": ["e8251e9a-0494-4df2-b763-613793e9252c"], "port_id": "42c9459b-adc1-44be-bd3a-ae46a092700a", "id": "fa106802-7731-4c41-b5de-91e52f7048d4"}
2015-12-06 14:08:44,621 20661 INFO     [tempest_lib.common.rest_client] Request (TestGettingAddress:_run_cleanups): 204 DELETE http://10.0.2.15:9696/v2.0/subnets/e8251e9a-0494-4df2-b763-613793e9252c 0.470s
2015-12-06 14:08:44,622 20661 DEBUG    [tempest_lib.common.rest_client] Request - Headers: {'Content-Type': 'application/json', 'Accept': 'application/json', 'X-Auth-Token': '&lt;omitted&gt;'}
        Body: None
    Response - Headers: {'date': 'Sun, 06 Dec 2015 14:08:44 GMT', 'status': '204', 'connection': 'close', 'content-length': '0', 'x-openstack-request-id': 'req-568dc04c-0a6b-4d75-b6d9-d9297d8df96c'}
        Body: 
2015-12-06 14:08:44,673 20661 INFO     [tempest_lib.common.rest_client] Request (TestGettingAddress:_run_cleanups): 404 DELETE http://10.0.2.15:9696/v2.0/subnets/e8251e9a-0494-4df2-b763-613793e9252c 0.049s
2015-12-06 14:08:44,673 20661 DEBUG    [tempest_lib.common.rest_client] Request - Headers: {'Content-Type': 'application/json', 'Accept': 'application/json', 'X-Auth-Token': '&lt;omitted&gt;'}
        Body: None
    Response - Headers: {'status': '404', 'content-length': '136', 'connection': 'close', 'date': 'Sun, 06 Dec 2015 14:08:44 GMT', 'content-type': 'application/json; charset=UTF-8', 'x-openstack-request-id': 'req-779a7d01-ba33-4e0c-9227-7be99a09b93e'}
        Body: {"NeutronError": {"message": "Subnet e8251e9a-0494-4df2-b763-613793e9252c could not be found.", "type": "SubnetNotFound", "detail": ""}}
2015-12-06 14:08:45,084 20661 INFO     [tempest_lib.common.rest_client] Request (TestGettingAddress:_run_cleanups): 200 PUT http://10.0.2.15:9696/v2.0/routers/fa106802-7731-4c41-b5de-91e52f7048d4/remove_router_interface 0.410s
2015-12-06 14:08:45,085 20661 DEBUG    [tempest_lib.common.rest_client] Request - Headers: {'Content-Type': 'application/json', 'Accept': 'application/json', 'X-Auth-Token': '&lt;omitted&gt;'}
