<?xml version="1.0" encoding="UTF-8"?>
<!DOCTYPE html PUBLIC "-//W3C//DTD XHTML 1.0 Strict//EN"
     "http://www.w3.org/TR/xhtml1/DTD/xhtml1-strict.dtd">
<html xmlns="http://www.w3.org/1999/xhtml">
<head>
    <title>Unit Test Report</title>
    <meta name="generator" content="subunit2html 0.1"/>
    <meta http-equiv="Content-Type" content="text/html; charset=UTF-8"/>
    
<style type="text/css" media="screen">
body        { font-family: verdana, arial, helvetica, sans-serif;
    font-size: 80%; }
table       { font-size: 100%; width: 100%;}
pre         { font-size: 80%; }

/* -- heading -------------------------------------------------------------- */
h1 {
        font-size: 16pt;
        color: gray;
}
.heading {
    margin-top: 0ex;
    margin-bottom: 1ex;
}

.heading .attribute {
    margin-top: 1ex;
    margin-bottom: 0;
}

.heading .description {
    margin-top: 4ex;
    margin-bottom: 6ex;
}

/* -- css div popup -------------------------------------------------------- */
a.popup_link {
}

a.popup_link:hover {
    color: red;
}

.popup_window {
    display: none;
    overflow-x: scroll;
    /*border: solid #627173 1px; */
    padding: 10px;
    background-color: #E6E6D6;
    font-family: "Ubuntu Mono", "Lucida Console", "Courier New", monospace;
    text-align: left;
    font-size: 8pt;
}

}
/* -- report --------------------------------------------------------------- */
#show_detail_line {
    margin-top: 3ex;
    margin-bottom: 1ex;
}
#result_table {
    width: 100%;
    border-collapse: collapse;
    border: 1px solid #777;
}
#header_row {
    font-weight: bold;
    color: white;
    background-color: #777;
}
#result_table td {
    border: 1px solid #777;
    padding: 2px;
}
#total_row  { font-weight: bold; }
.passClass  { background-color: #6c6; }
.failClass  { background-color: #c60; }
.errorClass { background-color: #c00; }
.passCase   { color: #6c6; }
.failCase   { color: #c60; font-weight: bold; }
.errorCase  { color: #c00; font-weight: bold; }
.hiddenRow  { display: none; }
.testcase   { margin-left: 2em; }
td.testname {width: 40%}
td.small {width: 40px}

/* -- ending --------------------------------------------------------------- */
#ending {
}

</style>

</head>
<body>
<script language="javascript" type="text/javascript"><!--
output_list = Array();

/* level - 0:Summary; 1:Failed; 2:All */
function showCase(level) {
    trs = document.getElementsByTagName("tr");
    for (var i = 0; i < trs.length; i++) {
        tr = trs[i];
        id = tr.id;
        if (id.substr(0,2) == 'ft') {
            if (level < 1) {
                tr.className = 'hiddenRow';
            }
            else {
                tr.className = '';
            }
        }
        if (id.substr(0,2) == 'pt') {
            if (level > 1) {
                tr.className = '';
            }
            else {
                tr.className = 'hiddenRow';
            }
        }
    }
}


function showClassDetail(cid, count) {
    var id_list = Array(count);
    var toHide = 1;
    for (var i = 0; i < count; i++) {
        tid0 = 't' + cid.substr(1) + '.' + (i+1);
        tid = 'f' + tid0;
        tr = document.getElementById(tid);
        if (!tr) {
            tid = 'p' + tid0;
            tr = document.getElementById(tid);
        }
        id_list[i] = tid;
        if (tr.className) {
            toHide = 0;
        }
    }
    for (var i = 0; i < count; i++) {
        tid = id_list[i];
        if (toHide) {
            document.getElementById('div_'+tid).style.display = 'none'
            document.getElementById(tid).className = 'hiddenRow';
        }
        else {
            document.getElementById(tid).className = '';
        }
    }
}


function showTestDetail(div_id){
    var details_div = document.getElementById(div_id)
    var displayState = details_div.style.display
    // alert(displayState)
    if (displayState != 'block' ) {
        displayState = 'block'
        details_div.style.display = 'block'
    }
    else {
        details_div.style.display = 'none'
    }
}


function html_escape(s) {
    s = s.replace(/&/g,'&amp;');
    s = s.replace(/</g,'&lt;');
    s = s.replace(/>/g,'&gt;');
    return s;
}

/* obsoleted by detail in <div>
function showOutput(id, name) {
    var w = window.open("", //url
                    name,
                    "resizable,scrollbars,status,width=800,height=450");
    d = w.document;
    d.write("<pre>");
    d.write(html_escape(output_list[id]));
    d.write("\n");
    d.write("<a href='javascript:window.close()'>close</a>\n");
    d.write("</pre>\n");
    d.close();
}
*/
--></script>

<div class='heading'>
<h1>Unit Test Report</h1>

<p class='attribute'><strong>Status:</strong> Failure 8</p>

<p class='description'></p>
</div>



<p id='show_detail_line'>Show
<a href='javascript:showCase(0)'>Summary</a>
<a href='javascript:showCase(1)'>Failed</a>
<a href='javascript:showCase(2)'>All</a>
</p>
<table id='result_table'>
<colgroup>
<col align='left' />
<col align='right' />
<col align='right' />
<col align='right' />
<col align='right' />
<col align='right' />
<col align='right' />
<col align='right' />
</colgroup>
<tr id='header_row'>
    <td>Test Group/Test case</td>
    <td>Count</td>
    <td>Pass</td>
    <td>Fail</td>
    <td>Error</td>
    <td>Skip</td>
    <td>View</td>
    <td> </td>
</tr>

<tr class='failClass'>
    <td class="testname">tempest.scenario.test_network_v6.TestGettingAddress</td>
    <td class="small">8</td>
    <td class="small">0</td>
    <td class="small">8</td>
    <td class="small">0</td>
    <td class="small">0</td>
    <td class="small"><a href="javascript:showClassDetail('c1',8)"
>Detail</a></td>
    <td> </td>
</tr>

<tr id='ft1.1' class='none'>
    <td class='failCase'><div class='testcase'>test_dhcp6_stateless_from_os[compute,id-d7e1f858-187c-45a6-89c9-bdafde619a9f,network]</div></td>
    <td colspan='7' align='left'>

    <!--css div popup start-->
    <a class="popup_link" onfocus='this.blur();'
    href="javascript:showTestDetail('div_ft1.1')" >
        fail</a>

    <div id='div_ft1.1' class="popup_window">
        <div style='text-align: right; color:red;cursor:pointer'>
        <a onfocus='this.blur();'
onclick="document.getElementById('div_ft1.1').style.display = 'none' " >
           [x]</a>
        </div>
        <pre>
        
ft1.1: tempest.scenario.test_network_v6.TestGettingAddress.test_dhcp6_stateless_from_os[compute,id-d7e1f858-187c-45a6-89c9-bdafde619a9f,network]_StringException: Empty attachments:
  stderr
  stdout

pythonlogging:'': {{{
2016-01-08 10:48:42,362 4320 INFO     [tempest_lib.common.rest_client] Request (TestGettingAddress:setUp): 200 POST http://10.0.2.15:8774/v2.1/90c4bafa94ad417c8a1c134b5cac4daf/os-keypairs 0.354s
2016-01-08 10:48:42,362 4320 DEBUG    [tempest_lib.common.rest_client] Request - Headers: {'Content-Type': 'application/json', 'Accept': 'application/json', 'X-Auth-Token': '&lt;omitted&gt;'}
        Body: {"keypair": {"name": "tempest-TestGettingAddress-838260739"}}
    Response - Headers: {'status': '200', 'content-length': '2323', 'x-compute-request-id': 'req-dfc94e09-1db5-4204-98ed-48a2761965f3', 'vary': 'X-OpenStack-Nova-API-Version', 'connection': 'close', 'x-openstack-nova-api-version': '2.1', 'date': 'Fri, 08 Jan 2016 10:48:42 GMT', 'content-type': 'application/json'}
        Body: {"keypair": {"public_key": "ssh-rsa AAAAB3NzaC1yc2EAAAADAQABAAABAQCeEpKxNXjAJk9rXqryKBY6iIKy25KVZvNev2bwt9qGTk3TT6cobPV32+O5AlUgh6kyQXm74IRfUpip0OK3yftY+P9niboBnPwe0S8Urg/yWJ+duQzqOTafbiak3wJYKNvGDDGTjiBVdxZSZf3wFQV4uOpSsxHdx3ghMSjhiSkukbSSsNIMW/P3Sj14wI5bsLNByXSQm88pW/MS8PqHYmfKLIweRiYNtZAMsRc1YOpxUkheMGeY9MisPJVtbB96i8KzupCkPZK0IKkf6y8pKFe14rbKEZUS7wkH2cYa83v+tLynAh5r/zmhFim9mrQFUjVXW7iQT+Rg7WP1kloTu9+b Generated-by-Nova", "private_key": "-----BEGIN RSA PRIVATE KEY-----\nMIIEqgIBAAKCAQEAnhKSsTV4wCZPa16q8igWOoiCstuSlWbzXr9m8Lfahk5N00+n\nKGz1d9vjuQJVIIepMkF5u+CEX1KYqdDit8n7WPj/Z4m6AZz8HtEvFK4P8lifnbkM\n6jk2n24mpN8CWCjbxgwxk44gVXcWUmX98BUFeLjqUrMR3cd4ITEo4YkpLpG0krDS\nDFvz90o9eMCOW7CzQcl0kJvPKVvzEvD6h2JnyiyMHkYmDbWQDLEXNWDqcVJIXjBn\nmPTIrDyVbWwfeovCs7qQpD2StCCpH+svKShXteK2yhGVEu8JB9nGGvN7/rS8pwIe\na/85oRYpvZq0BVI1V1u4kE/kYO1j9ZJaE7vfmwIDAQABAoIBAQCEBf0xNvjoe9bf\nVY0vfd26+6M14YBXekoQO4qtyNEiVapYsHFrqT2H40cakeEpr0TYrakQCyBkQScy\nxj1lxbRBho5DGtwZVtWYo5xQCGVXQz/lStaHlkuR8z0hfQWHPnD4w9xwYkeNOk6R\neZATgms0fjVv5xIoCt7B0j5TyOx1cHo8fIUx4OD+LjRE3v2wFm0Oupfx0V6sFJB1\nRWHYuT99RKmS079IzOenU4Hmt4MCIZCX1KS8XJ+DSgpYb8hCSgYW38jjum1MWVFA\nohXMC3h1lPpwkzXErlOActjtjGDtCVxlXMrKlGR/9EgGAfpjfdtbWYapvUZ3w2Vp\nk4e7bjcJAoIAgQC+lTWpuQY22Kx1DhSUavTzHceZb3/GinKj7SCdkPQdETSLGRY+\nJB2YxvZu7fOz3NiB7dUa2djGrZVNvoDlwAUgrMXDLqVmIgBEfgQ/8/0lQ9f/bdCG\n3EndsMo9xppdnUNxJ2HBUIXU/xpyeLeVwrByu5SCka/oJirqL4xgRbuirQKCAIEA\n1FSi7UEZa9bcvcfyZNl3Gik817owHmPAhPJsvpG49S8ihcNAJMQPfwmM8ucZW4UX\nNLWPTLkd2eBqJSkonIJg13rki/dYLgkldcYGY6hO7lN3g91w/NDcdXhbz6jshfZ/\nvppu/4oRdmJ5/hhIkpKkrxhxFee1V//qWaXhFAYMnGcCggCAWdxWyijwkinF3wd9\nkqF/z6YJ+AHHuKCM/1gOmdzADXiQUsnIYBJ9VgzyI0nVL8iA2Xp/kcKH4N312Qtr\nEWlhwY9VS/uRhz+e6qyUamcrxEdh8BEiUoRJ29rA8THUlTFSnGbaQ+EoyU5jdPgQ\nb++1bNOfaZUx4P8mGvfCc55No50CggCBAMJni5T2mbPm0czhGMnFYgsN3qsVyaDJ\nbCdNXstM2K+ELHOURVJkQFvr/qUXelwVCx4zbbSteOtXUVgcyxYhOVGRL1gHazEb\nJrUiTg9Itpv2x+JwCVcwU+kp/cWvwH8XJfb5ps9JNpvRpihDS48HvMij9EY+FAcy\nRPs3qVCQCVPZAoIAgQCAgWWzzpXCJeoAoNnMBj1zSEDK0gpuoANHnr24LavQRuUd\nKNQI8NTXmYMZsQlNW2UO7q+jCtDAuw2NMjJn+A+s65R2PdVjcDjSSkGGoSFpWF7f\nK+LT3DZEtjBAlgTjLJxdc7OWtoHnOK6GXK5w0G+UwJJxqgb1BOpr0k3OEpUV3Q==\n-----END RSA PRIVATE KEY-----\n", "user_id": "60251d74d45343599f0c6077fc4a3194", "name": "tempest-TestGettingAddress-838260739", "fingerprint": "2d:1e:fb:1a:e6:26:58:ff:5b:6a:85:cf:ef:9c:5a:62"}}
2016-01-08 10:48:42,687 4320 INFO     [tempest_lib.common.rest_client] Request (TestGettingAddress:setUp): 201 POST http://10.0.2.15:9696/v2.0/security-groups 0.321s
2016-01-08 10:48:42,687 4320 DEBUG    [tempest_lib.common.rest_client] Request - Headers: {'Content-Type': 'application/json', 'Accept': 'application/json', 'X-Auth-Token': '&lt;omitted&gt;'}
        Body: {"security_group": {"tenant_id": "90c4bafa94ad417c8a1c134b5cac4daf", "description": "tempest-secgroup-smoke-14990989 description", "name": "tempest-secgroup-smoke-14990989"}}
    Response - Headers: {'status': '201', 'content-length': '884', 'connection': 'close', 'date': 'Fri, 08 Jan 2016 10:48:42 GMT', 'content-type': 'application/json; charset=UTF-8', 'x-openstack-request-id': 'req-dc2b6496-e6f3-45fc-815e-5a83b93350cb'}
        Body: {"security_group": {"tenant_id": "90c4bafa94ad417c8a1c134b5cac4daf", "description": "tempest-secgroup-smoke-14990989 description", "id": "8e2f4f0d-0f4d-4ee6-921d-4ecac43ad76b", "security_group_rules": [{"remote_group_id": null, "direction": "egress", "remote_ip_prefix": null, "protocol": null, "ethertype": "IPv4", "tenant_id": "90c4bafa94ad417c8a1c134b5cac4daf", "port_range_max": null, "port_range_min": null, "id": "f2fd9716-b5e6-499b-9cfb-1c42de0dab59", "security_group_id": "8e2f4f0d-0f4d-4ee6-921d-4ecac43ad76b"}, {"remote_group_id": null, "direction": "egress", "remote_ip_prefix": null, "protocol": null, "ethertype": "IPv6", "tenant_id": "90c4bafa94ad417c8a1c134b5cac4daf", "port_range_max": null, "port_range_min": null, "id": "2c015681-fd71-4c6c-9ce4-614135b87200", "security_group_id": "8e2f4f0d-0f4d-4ee6-921d-4ecac43ad76b"}], "name": "tempest-secgroup-smoke-14990989"}}
2016-01-08 10:48:42,948 4320 INFO     [tempest_lib.common.rest_client] Request (TestGettingAddress:setUp): 201 POST http://10.0.2.15:9696/v2.0/security-group-rules 0.260s
2016-01-08 10:48:42,948 4320 DEBUG    [tempest_lib.common.rest_client] Request - Headers: {'Content-Type': 'application/json', 'Accept': 'application/json', 'X-Auth-Token': '&lt;omitted&gt;'}
        Body: {"security_group_rule": {"direction": "ingress", "protocol": "tcp", "tenant_id": "90c4bafa94ad417c8a1c134b5cac4daf", "port_range_max": 22, "security_group_id": "8e2f4f0d-0f4d-4ee6-921d-4ecac43ad76b", "port_range_min": 22}}
    Response - Headers: {'status': '201', 'content-length': '340', 'connection': 'close', 'date': 'Fri, 08 Jan 2016 10:48:42 GMT', 'content-type': 'application/json; charset=UTF-8', 'x-openstack-request-id': 'req-44a90855-2191-4ac1-afa6-e533b5511562'}
        Body: {"security_group_rule": {"remote_group_id": null, "direction": "ingress", "remote_ip_prefix": null, "protocol": "tcp", "ethertype": "IPv4", "tenant_id": "90c4bafa94ad417c8a1c134b5cac4daf", "port_range_max": 22, "port_range_min": 22, "id": "0a06036c-cf45-42d8-b2ef-964156650b0b", "security_group_id": "8e2f4f0d-0f4d-4ee6-921d-4ecac43ad76b"}}
2016-01-08 10:48:43,079 4320 INFO     [tempest_lib.common.rest_client] Request (TestGettingAddress:setUp): 201 POST http://10.0.2.15:9696/v2.0/security-group-rules 0.129s
2016-01-08 10:48:43,080 4320 DEBUG    [tempest_lib.common.rest_client] Request - Headers: {'Content-Type': 'application/json', 'Accept': 'application/json', 'X-Auth-Token': '&lt;omitted&gt;'}
        Body: {"security_group_rule": {"direction": "egress", "protocol": "tcp", "tenant_id": "90c4bafa94ad417c8a1c134b5cac4daf", "port_range_max": 22, "security_group_id": "8e2f4f0d-0f4d-4ee6-921d-4ecac43ad76b", "port_range_min": 22}}
    Response - Headers: {'status': '201', 'content-length': '339', 'connection': 'close', 'date': 'Fri, 08 Jan 2016 10:48:43 GMT', 'content-type': 'application/json; charset=UTF-8', 'x-openstack-request-id': 'req-7fc2e990-3c68-455c-906e-c7592b357a26'}
        Body: {"security_group_rule": {"remote_group_id": null, "direction": "egress", "remote_ip_prefix": null, "protocol": "tcp", "ethertype": "IPv4", "tenant_id": "90c4bafa94ad417c8a1c134b5cac4daf", "port_range_max": 22, "port_range_min": 22, "id": "5430c281-8950-4cc9-b73c-9e5107d8ed9c", "security_group_id": "8e2f4f0d-0f4d-4ee6-921d-4ecac43ad76b"}}
2016-01-08 10:48:43,196 4320 INFO     [tempest_lib.common.rest_client] Request (TestGettingAddress:setUp): 201 POST http://10.0.2.15:9696/v2.0/security-group-rules 0.114s
2016-01-08 10:48:43,197 4320 DEBUG    [tempest_lib.common.rest_client] Request - Headers: {'Content-Type': 'application/json', 'Accept': 'application/json', 'X-Auth-Token': '&lt;omitted&gt;'}
        Body: {"security_group_rule": {"tenant_id": "90c4bafa94ad417c8a1c134b5cac4daf", "direction": "ingress", "protocol": "icmp", "security_group_id": "8e2f4f0d-0f4d-4ee6-921d-4ecac43ad76b"}}
    Response - Headers: {'status': '201', 'content-length': '345', 'connection': 'close', 'date': 'Fri, 08 Jan 2016 10:48:43 GMT', 'content-type': 'application/json; charset=UTF-8', 'x-openstack-request-id': 'req-c81131de-da38-42f5-928c-a832bcbb54b6'}
        Body: {"security_group_rule": {"remote_group_id": null, "direction": "ingress", "remote_ip_prefix": null, "protocol": "icmp", "ethertype": "IPv4", "tenant_id": "90c4bafa94ad417c8a1c134b5cac4daf", "port_range_max": null, "port_range_min": null, "id": "bb804bfd-d39e-4173-b678-bd2d631c13cc", "security_group_id": "8e2f4f0d-0f4d-4ee6-921d-4ecac43ad76b"}}
2016-01-08 10:48:43,318 4320 INFO     [tempest_lib.common.rest_client] Request (TestGettingAddress:setUp): 201 POST http://10.0.2.15:9696/v2.0/security-group-rules 0.119s
2016-01-08 10:48:43,319 4320 DEBUG    [tempest_lib.common.rest_client] Request - Headers: {'Content-Type': 'application/json', 'Accept': 'application/json', 'X-Auth-Token': '&lt;omitted&gt;'}
        Body: {"security_group_rule": {"tenant_id": "90c4bafa94ad417c8a1c134b5cac4daf", "direction": "egress", "protocol": "icmp", "security_group_id": "8e2f4f0d-0f4d-4ee6-921d-4ecac43ad76b"}}
    Response - Headers: {'status': '201', 'content-length': '344', 'connection': 'close', 'date': 'Fri, 08 Jan 2016 10:48:43 GMT', 'content-type': 'application/json; charset=UTF-8', 'x-openstack-request-id': 'req-266c6ca4-a2a4-453b-813f-8d6a2807a253'}
        Body: {"security_group_rule": {"remote_group_id": null, "direction": "egress", "remote_ip_prefix": null, "protocol": "icmp", "ethertype": "IPv4", "tenant_id": "90c4bafa94ad417c8a1c134b5cac4daf", "port_range_max": null, "port_range_min": null, "id": "7c4912f5-f10a-438d-b5d2-0b9a91507c19", "security_group_id": "8e2f4f0d-0f4d-4ee6-921d-4ecac43ad76b"}}
2016-01-08 10:48:43,439 4320 INFO     [tempest_lib.common.rest_client] Request (TestGettingAddress:setUp): 201 POST http://10.0.2.15:9696/v2.0/security-group-rules 0.119s
2016-01-08 10:48:43,440 4320 DEBUG    [tempest_lib.common.rest_client] Request - Headers: {'Content-Type': 'application/json', 'Accept': 'application/json', 'X-Auth-Token': '&lt;omitted&gt;'}
        Body: {"security_group_rule": {"tenant_id": "90c4bafa94ad417c8a1c134b5cac4daf", "direction": "ingress", "security_group_id": "8e2f4f0d-0f4d-4ee6-921d-4ecac43ad76b", "protocol": "icmp", "ethertype": "IPv6"}}
    Response - Headers: {'status': '201', 'content-length': '345', 'connection': 'close', 'date': 'Fri, 08 Jan 2016 10:48:43 GMT', 'content-type': 'application/json; charset=UTF-8', 'x-openstack-request-id': 'req-a7a90d0e-aa79-4718-9361-32d3c27c7916'}
        Body: {"security_group_rule": {"remote_group_id": null, "direction": "ingress", "remote_ip_prefix": null, "protocol": "icmp", "ethertype": "IPv6", "tenant_id": "90c4bafa94ad417c8a1c134b5cac4daf", "port_range_max": null, "port_range_min": null, "id": "206ac7b6-e1eb-4c6d-82ae-78ef6d9d9e7a", "security_group_id": "8e2f4f0d-0f4d-4ee6-921d-4ecac43ad76b"}}
2016-01-08 10:48:43,563 4320 INFO     [tempest_lib.common.rest_client] Request (TestGettingAddress:setUp): 201 POST http://10.0.2.15:9696/v2.0/security-group-rules 0.122s
2016-01-08 10:48:43,564 4320 DEBUG    [tempest_lib.common.rest_client] Request - Headers: {'Content-Type': 'application/json', 'Accept': 'application/json', 'X-Auth-Token': '&lt;omitted&gt;'}
        Body: {"security_group_rule": {"tenant_id": "90c4bafa94ad417c8a1c134b5cac4daf", "direction": "egress", "security_group_id": "8e2f4f0d-0f4d-4ee6-921d-4ecac43ad76b", "protocol": "icmp", "ethertype": "IPv6"}}
    Response - Headers: {'status': '201', 'content-length': '344', 'connection': 'close', 'date': 'Fri, 08 Jan 2016 10:48:43 GMT', 'content-type': 'application/json; charset=UTF-8', 'x-openstack-request-id': 'req-1c035ac2-29eb-425f-a7c5-0b38a540c0f4'}
        Body: {"security_group_rule": {"remote_group_id": null, "direction": "egress", "remote_ip_prefix": null, "protocol": "icmp", "ethertype": "IPv6", "tenant_id": "90c4bafa94ad417c8a1c134b5cac4daf", "port_range_max": null, "port_range_min": null, "id": "386335a1-f22a-4575-98cd-cecf507bc6fe", "security_group_id": "8e2f4f0d-0f4d-4ee6-921d-4ecac43ad76b"}}
2016-01-08 10:48:43,749 4320 INFO     [tempest_lib.common.rest_client] Request (TestGettingAddress:test_dhcp6_stateless_from_os): 201 POST http://10.0.2.15:9696/v2.0/networks 0.184s
2016-01-08 10:48:43,750 4320 DEBUG    [tempest_lib.common.rest_client] Request - Headers: {'Content-Type': 'application/json', 'Accept': 'application/json', 'X-Auth-Token': '&lt;omitted&gt;'}
        Body: {"network": {"tenant_id": "90c4bafa94ad417c8a1c134b5cac4daf", "name": "tempest-network-smoke--2114383122"}}
    Response - Headers: {'status': '201', 'content-length': '327', 'connection': 'close', 'date': 'Fri, 08 Jan 2016 10:48:43 GMT', 'content-type': 'application/json; charset=UTF-8', 'x-openstack-request-id': 'req-713b60de-2325-4043-9c6f-91f87cd9e19e'}
        Body: {"network": {"status": "ACTIVE", "subnets": [], "availability_zone_hints": [], "name": "tempest-network-smoke--2114383122", "admin_state_up": true, "tenant_id": "90c4bafa94ad417c8a1c134b5cac4daf", "mtu": 0, "router:external": false, "shared": false, "port_security_enabled": true, "id": "b501463c-bb82-48ea-a5ad-974a8ee9db97"}}
2016-01-08 10:48:43,954 4320 INFO     [tempest_lib.common.rest_client] Request (TestGettingAddress:test_dhcp6_stateless_from_os): 200 GET http://10.0.2.15:9696/v2.0/subnets?tenant_id=90c4bafa94ad417c8a1c134b5cac4daf&amp;cidr=10.100.0.0%2F28 0.202s
2016-01-08 10:48:43,955 4320 DEBUG    [tempest_lib.common.rest_client] Request - Headers: {'Content-Type': 'application/json', 'Accept': 'application/json', 'X-Auth-Token': '&lt;omitted&gt;'}
        Body: None
    Response - Headers: {'status': '200', 'content-length': '15', 'content-location': 'http://10.0.2.15:9696/v2.0/subnets?tenant_id=90c4bafa94ad417c8a1c134b5cac4daf&amp;cidr=10.100.0.0%2F28', 'connection': 'close', 'date': 'Fri, 08 Jan 2016 10:48:43 GMT', 'content-type': 'application/json; charset=UTF-8', 'x-openstack-request-id': 'req-16c3377a-9927-43e1-9077-9bf72ea928df'}
        Body: {"subnets": []}
2016-01-08 10:48:44,290 4320 INFO     [tempest_lib.common.rest_client] Request (TestGettingAddress:test_dhcp6_stateless_from_os): 201 POST http://10.0.2.15:9696/v2.0/subnets 0.334s
2016-01-08 10:48:44,291 4320 DEBUG    [tempest_lib.common.rest_client] Request - Headers: {'Content-Type': 'application/json', 'Accept': 'application/json', 'X-Auth-Token': '&lt;omitted&gt;'}
        Body: {"subnet": {"ip_version": 4, "tenant_id": "90c4bafa94ad417c8a1c134b5cac4daf", "cidr": "10.100.0.0/28", "network_id": "b501463c-bb82-48ea-a5ad-974a8ee9db97", "name": "tempest-sub4-1688945187"}}
    Response - Headers: {'status': '201', 'content-length': '470', 'connection': 'close', 'date': 'Fri, 08 Jan 2016 10:48:44 GMT', 'content-type': 'application/json; charset=UTF-8', 'x-openstack-request-id': 'req-d94ca7e3-8d35-4ed8-b25a-6b9fd0e5cf6a'}
        Body: {"subnet": {"name": "tempest-sub4-1688945187", "enable_dhcp": true, "network_id": "b501463c-bb82-48ea-a5ad-974a8ee9db97", "tenant_id": "90c4bafa94ad417c8a1c134b5cac4daf", "dns_nameservers": [], "gateway_ip": "10.100.0.1", "ipv6_ra_mode": null, "allocation_pools": [{"start": "10.100.0.2", "end": "10.100.0.14"}], "host_routes": [], "ip_version": 4, "ipv6_address_mode": null, "cidr": "10.100.0.0/28", "id": "bb3906a9-a439-4384-88ee-bb5aa0eee454", "subnetpool_id": null}}
2016-01-08 10:48:44,358 4320 INFO     [tempest_lib.common.rest_client] Request (TestGettingAddress:test_dhcp6_stateless_from_os): 201 POST http://10.0.2.15:9696/v2.0/routers 0.066s
2016-01-08 10:48:44,359 4320 DEBUG    [tempest_lib.common.rest_client] Request - Headers: {'Content-Type': 'application/json', 'Accept': 'application/json', 'X-Auth-Token': '&lt;omitted&gt;'}
        Body: {"router": {"tenant_id": "90c4bafa94ad417c8a1c134b5cac4daf", "name": "tempest-router-smoke-2070734809", "admin_state_up": true}}
    Response - Headers: {'status': '201', 'content-length': '296', 'connection': 'close', 'date': 'Fri, 08 Jan 2016 10:48:44 GMT', 'content-type': 'application/json; charset=UTF-8', 'x-openstack-request-id': 'req-6c08b951-edfe-49c2-9cda-86205aadee15'}
        Body: {"router": {"status": "ACTIVE", "external_gateway_info": null, "availability_zone_hints": [], "availability_zones": [], "name": "tempest-router-smoke-2070734809", "admin_state_up": true, "tenant_id": "90c4bafa94ad417c8a1c134b5cac4daf", "routes": [], "id": "d5f223a7-1651-4604-8502-aef67b384f50"}}
2016-01-08 10:48:44,408 4320 INFO     [tempest_lib.common.rest_client] Request (TestGettingAddress:test_dhcp6_stateless_from_os): 200 GET http://10.0.2.15:9696/v2.0/routers/d5f223a7-1651-4604-8502-aef67b384f50 0.048s
2016-01-08 10:48:44,408 4320 DEBUG    [tempest_lib.common.rest_client] Request - Headers: {'Content-Type': 'application/json', 'Accept': 'application/json', 'X-Auth-Token': '&lt;omitted&gt;'}
        Body: None
    Response - Headers: {'status': '200', 'content-length': '296', 'content-location': 'http://10.0.2.15:9696/v2.0/routers/d5f223a7-1651-4604-8502-aef67b384f50', 'connection': 'close', 'date': 'Fri, 08 Jan 2016 10:48:44 GMT', 'content-type': 'application/json; charset=UTF-8', 'x-openstack-request-id': 'req-04cbaae1-1786-46c9-813a-a0f31e141052'}
        Body: {"router": {"status": "ACTIVE", "external_gateway_info": null, "availability_zone_hints": [], "availability_zones": [], "name": "tempest-router-smoke-2070734809", "admin_state_up": true, "tenant_id": "90c4bafa94ad417c8a1c134b5cac4daf", "routes": [], "id": "d5f223a7-1651-4604-8502-aef67b384f50"}}
2016-01-08 10:48:45,154 4320 INFO     [tempest_lib.common.rest_client] Request (TestGettingAddress:test_dhcp6_stateless_from_os): 200 PUT http://10.0.2.15:9696/v2.0/routers/d5f223a7-1651-4604-8502-aef67b384f50 0.745s
2016-01-08 10:48:45,154 4320 DEBUG    [tempest_lib.common.rest_client] Request - Headers: {'Content-Type': 'application/json', 'Accept': 'application/json', 'X-Auth-Token': '&lt;omitted&gt;'}
        Body: {"router": {"external_gateway_info": {"network_id": "4164721e-ca06-438c-a62c-6fe4f85bbc9c"}, "name": "tempest-router-smoke-2070734809", "admin_state_up": true}}
    Response - Headers: {'status': '200', 'content-length': '558', 'connection': 'close', 'date': 'Fri, 08 Jan 2016 10:48:45 GMT', 'content-type': 'application/json; charset=UTF-8', 'x-openstack-request-id': 'req-71652353-32fe-4ff1-8b4b-e87d6b31a9c2'}
        Body: {"router": {"status": "ACTIVE", "external_gateway_info": {"network_id": "4164721e-ca06-438c-a62c-6fe4f85bbc9c", "enable_snat": true, "external_fixed_ips": [{"subnet_id": "48289f3d-01e9-46a1-9a35-79c41f3dbc40", "ip_address": "172.24.4.3"}, {"subnet_id": "155719bf-67a5-4cba-b11d-7fae81a655e6", "ip_address": "2001:db8::4"}]}, "availability_zone_hints": [], "availability_zones": [], "name": "tempest-router-smoke-2070734809", "admin_state_up": true, "tenant_id": "90c4bafa94ad417c8a1c134b5cac4daf", "routes": [], "id": "d5f223a7-1651-4604-8502-aef67b384f50"}}
2016-01-08 10:48:45,699 4320 INFO     [tempest_lib.common.rest_client] Request (TestGettingAddress:test_dhcp6_stateless_from_os): 200 PUT http://10.0.2.15:9696/v2.0/routers/d5f223a7-1651-4604-8502-aef67b384f50/add_router_interface 0.544s
2016-01-08 10:48:45,700 4320 DEBUG    [tempest_lib.common.rest_client] Request - Headers: {'Content-Type': 'application/json', 'Accept': 'application/json', 'X-Auth-Token': '&lt;omitted&gt;'}
        Body: {"subnet_id": "bb3906a9-a439-4384-88ee-bb5aa0eee454"}
    Response - Headers: {'status': '200', 'content-length': '255', 'connection': 'close', 'date': 'Fri, 08 Jan 2016 10:48:45 GMT', 'content-type': 'application/json; charset=UTF-8', 'x-openstack-request-id': 'req-7490800e-735d-4ec4-825b-f12816536832'}
        Body: {"subnet_id": "bb3906a9-a439-4384-88ee-bb5aa0eee454", "tenant_id": "90c4bafa94ad417c8a1c134b5cac4daf", "subnet_ids": ["bb3906a9-a439-4384-88ee-bb5aa0eee454"], "port_id": "05996d24-72b1-4df1-8f53-ff75a594846e", "id": "d5f223a7-1651-4604-8502-aef67b384f50"}
2016-01-08 10:48:45,739 4320 INFO     [tempest_lib.common.rest_client] Request (TestGettingAddress:test_dhcp6_stateless_from_os): 200 GET http://10.0.2.15:9696/v2.0/subnets?tenant_id=90c4bafa94ad417c8a1c134b5cac4daf&amp;cidr=2003%3A%3A%2F64 0.038s
2016-01-08 10:48:45,739 4320 DEBUG    [tempest_lib.common.rest_client] Request - Headers: {'Content-Type': 'application/json', 'Accept': 'application/json', 'X-Auth-Token': '&lt;omitted&gt;'}
        Body: None
    Response - Headers: {'status': '200', 'content-length': '15', 'content-location': 'http://10.0.2.15:9696/v2.0/subnets?tenant_id=90c4bafa94ad417c8a1c134b5cac4daf&amp;cidr=2003%3A%3A%2F64', 'connection': 'close', 'date': 'Fri, 08 Jan 2016 10:48:45 GMT', 'content-type': 'application/json; charset=UTF-8', 'x-openstack-request-id': 'req-f77b802b-f540-48b6-b35f-c52f858ad819'}
        Body: {"subnets": []}
2016-01-08 10:48:46,157 4320 INFO     [tempest_lib.common.rest_client] Request (TestGettingAddress:test_dhcp6_stateless_from_os): 201 POST http://10.0.2.15:9696/v2.0/subnets 0.417s
2016-01-08 10:48:46,158 4320 DEBUG    [tempest_lib.common.rest_client] Request - Headers: {'Content-Type': 'application/json', 'Accept': 'application/json', 'X-Auth-Token': '&lt;omitted&gt;'}
        Body: {"subnet": {"name": "tempest-sub6-741643791", "network_id": "b501463c-bb82-48ea-a5ad-974a8ee9db97", "tenant_id": "90c4bafa94ad417c8a1c134b5cac4daf", "ipv6_ra_mode": "dhcpv6-stateless", "ip_version": 6, "ipv6_address_mode": "dhcpv6-stateless", "cidr": "2003::/64"}}
    Response - Headers: {'status': '201', 'content-length': '501', 'connection': 'close', 'date': 'Fri, 08 Jan 2016 10:48:46 GMT', 'content-type': 'application/json; charset=UTF-8', 'x-openstack-request-id': 'req-bb98f259-3051-42d6-87bf-a7c33ef54852'}
        Body: {"subnet": {"name": "tempest-sub6-741643791", "enable_dhcp": true, "network_id": "b501463c-bb82-48ea-a5ad-974a8ee9db97", "tenant_id": "90c4bafa94ad417c8a1c134b5cac4daf", "dns_nameservers": [], "gateway_ip": "2003::1", "ipv6_ra_mode": "dhcpv6-stateless", "allocation_pools": [{"start": "2003::2", "end": "2003::ffff:ffff:ffff:ffff"}], "host_routes": [], "ip_version": 6, "ipv6_address_mode": "dhcpv6-stateless", "cidr": "2003::/64", "id": "62408df9-b35a-4653-a4d6-6f3db2b150c2", "subnetpool_id": null}}
2016-01-08 10:48:46,794 4320 INFO     [tempest_lib.common.rest_client] Request (TestGettingAddress:test_dhcp6_stateless_from_os): 200 PUT http://10.0.2.15:9696/v2.0/routers/d5f223a7-1651-4604-8502-aef67b384f50/add_router_interface 0.635s
2016-01-08 10:48:46,794 4320 DEBUG    [tempest_lib.common.rest_client] Request - Headers: {'Content-Type': 'application/json', 'Accept': 'application/json', 'X-Auth-Token': '&lt;omitted&gt;'}
        Body: {"subnet_id": "62408df9-b35a-4653-a4d6-6f3db2b150c2"}
    Response - Headers: {'status': '200', 'content-length': '255', 'connection': 'close', 'date': 'Fri, 08 Jan 2016 10:48:46 GMT', 'content-type': 'application/json; charset=UTF-8', 'x-openstack-request-id': 'req-46842a17-f6e0-4ca9-92f0-ef3283787c06'}
        Body: {"subnet_id": "62408df9-b35a-4653-a4d6-6f3db2b150c2", "tenant_id": "90c4bafa94ad417c8a1c134b5cac4daf", "subnet_ids": ["62408df9-b35a-4653-a4d6-6f3db2b150c2"], "port_id": "0331c4e2-6611-4292-99ae-5beb6764b2e8", "id": "d5f223a7-1651-4604-8502-aef67b384f50"}
2016-01-08 10:48:46,939 4320 INFO     [tempest_lib.common.rest_client] Request (TestGettingAddress:test_dhcp6_stateless_from_os): 200 POST http://10.0.2.15:5000/v2.0/tokens
2016-01-08 10:48:46,940 4320 DEBUG    [tempest_lib.common.rest_client] Request - Headers: {'Content-Type': 'application/json', 'Accept': 'application/json'}
        Body: &lt;omitted&gt;
    Response - Headers: {'status': '200', 'content-length': '2271', 'vary': 'X-Auth-Token', 'server': 'Apache/2.4.7 (Ubuntu)', 'connection': 'close', 'date': 'Fri, 08 Jan 2016 10:48:46 GMT', 'content-type': 'application/json', 'x-openstack-request-id': 'req-eae735ed-3005-4fcc-b14c-57edb38b0b88'}
        Body: {"access": {"token": {"issued_at": "2016-01-08T10:48:46.924076", "expires": "2016-01-08T11:48:46Z", "id": "403c144146594bc28fdd734e721838e0", "tenant": {"description": "tempest-TestGettingAddress-1105737136-desc", "enabled": true, "id": "90c4bafa94ad417c8a1c134b5cac4daf", "name": "tempest-TestGettingAddress-1105737136"}, "audit_ids": ["Vp9mGckSRnWkcylh5juXOQ"]}, "serviceCatalog": [{"endpoints": [{"adminURL": "http://10.0.2.15:9292", "region": "RegionOne", "internalURL": "http://10.0.2.15:9292", "id": "075e1d0f1fed44db94283e65beda8596", "publicURL": "http://10.0.2.15:9292"}], "endpoints_links": [], "type": "image", "name": "glance"}, {"endpoints": [{"adminURL": "http://10.0.2.15:8774/v2.1/90c4bafa94ad417c8a1c134b5cac4daf", "region": "RegionOne", "internalURL": "http://10.0.2.15:8774/v2.1/90c4bafa94ad417c8a1c134b5cac4daf", "id": "6141a62e312c45aa895fa8f06ed69081", "publicURL": "http://10.0.2.15:8774/v2.1/90c4bafa94ad417c8a1c134b5cac4daf"}], "endpoints_links": [], "type": "compute", "name": "nova"}, {"endpoints": [{"adminURL": "http://10.0.2.15:8774/v2/90c4bafa94ad417c8a1c134b5cac4daf", "region": "RegionOne", "internalURL": "http://10.0.2.15:8774/v2/90c4bafa94ad417c8a1c134b5cac4daf", "id": "739dc225823a46dea84cf1f0c984f021", "publicURL": "http://10.0.2.15:8774/v2/90c4bafa94ad417c8a1c134b5cac4daf"}], "endpoints_links": [], "type": "compute_legacy", "name": "nova_legacy"}, {"endpoints": [{"adminURL": "http://10.0.2.15:35357/v2.0", "region": "RegionOne", "internalURL": "http://10.0.2.15:5000/v2.0", "id": "16c3aadb5a3e4dc49a769e638270a4cc", "publicURL": "http://10.0.2.15:5000/v2.0"}], "endpoints_links": [], "type": "identity", "name": "keystone"}, {"endpoints": [{"adminURL": "http://10.0.2.15:9696/", "region": "RegionOne", "internalURL": "http://10.0.2.15:9696/", "id": "8a6e32dda67b43ac99ac0bb67e936c6e", "publicURL": "http://10.0.2.15:9696/"}], "endpoints_links": [], "type": "network", "name": "neutron"}], "user": {"username": "tempest-TestGettingAddress-2027959538", "roles_links": [], "id": "60251d74d45343599f0c6077fc4a3194", "roles": [{"name": "Member"}, {"name": "_member_"}], "name": "tempest-TestGettingAddress-2027959538"}, "metadata": {"is_admin": 0, "roles": ["85e1bfd0d66b45a888ec797d5fe8012b", "9fe2ff9ee4384b1894a90878d3e92bab"]}}}
2016-01-08 10:48:46,947 4320 DEBUG    [tempest.common.fixed_network] (TestGettingAddress:test_dhcp6_stateless_from_os) No valid network provided or created, defaulting to fixed_network_name
2016-01-08 10:48:47,312 4320 INFO     [tempest_lib.common.rest_client] Request (TestGettingAddress:test_dhcp6_stateless_from_os): 200 GET http://10.0.2.15:8774/v2.1/90c4bafa94ad417c8a1c134b5cac4daf/os-networks 0.364s
2016-01-08 10:48:47,312 4320 DEBUG    [tempest_lib.common.rest_client] Request - Headers: {'Content-Type': 'application/json', 'Accept': 'application/json', 'X-Auth-Token': '&lt;omitted&gt;'}
        Body: None
    Response - Headers: {'status': '200', 'content-length': '479', 'content-location': 'http://10.0.2.15:8774/v2.1/90c4bafa94ad417c8a1c134b5cac4daf/os-networks', 'x-compute-request-id': 'req-004f93e5-fbb4-4671-a140-9767302b53fa', 'vary': 'X-OpenStack-Nova-API-Version', 'connection': 'close', 'x-openstack-nova-api-version': '2.1', 'date': 'Fri, 08 Jan 2016 10:48:47 GMT', 'content-type': 'application/json'}
        Body: {"networks": [{"cidr_v6": null, "dns2": null, "dns1": null, "gateway": null, "broadcast": null, "netmask": null, "gateway_v6": null, "cidr": null, "label": "public", "id": "4164721e-ca06-438c-a62c-6fe4f85bbc9c", "netmask_v6": null}, {"cidr_v6": null, "dns2": null, "dns1": null, "gateway": null, "broadcast": null, "netmask": null, "gateway_v6": null, "cidr": null, "label": "tempest-network-smoke--2114383122", "id": "b501463c-bb82-48ea-a5ad-974a8ee9db97", "netmask_v6": null}]}
2016-01-08 10:48:47,313 4320 WARNING  [tempest.common.fixed_network] (TestGettingAddress:test_dhcp6_stateless_from_os) Network with name: private not found
2016-01-08 10:48:47,313 4320 INFO     [tempest.common.fixed_network] (TestGettingAddress:test_dhcp6_stateless_from_os) Found network {} available for tenant
2016-01-08 10:48:48,467 4320 INFO     [tempest_lib.common.rest_client] Request (TestGettingAddress:test_dhcp6_stateless_from_os): 202 POST http://10.0.2.15:8774/v2.1/90c4bafa94ad417c8a1c134b5cac4daf/servers 1.152s
2016-01-08 10:48:48,467 4320 DEBUG    [tempest_lib.common.rest_client] Request - Headers: {'Content-Type': 'application/json', 'Accept': 'application/json', 'X-Auth-Token': '&lt;omitted&gt;'}
        Body: {"server": {"name": "tempest.common.compute-instance-2107665962", "imageRef": "ed5cd3bc-a476-4744-b48b-0de98b25ed4a", "key_name": "tempest-TestGettingAddress-838260739", "flavorRef": "42", "networks": [{"uuid": "b501463c-bb82-48ea-a5ad-974a8ee9db97"}], "security_groups": [{"name": "tempest-secgroup-smoke-14990989"}]}}
    Response - Headers: {'status': '202', 'content-length': '460', 'x-compute-request-id': 'req-939fd446-14c3-449d-9ed9-66ef0ee1e3cc', 'vary': 'X-OpenStack-Nova-API-Version', 'connection': 'close', 'location': 'http://10.0.2.15:8774/v2.1/90c4bafa94ad417c8a1c134b5cac4daf/servers/5b77696c-e32a-40b0-9727-ee0f49558f6a', 'x-openstack-nova-api-version': '2.1', 'date': 'Fri, 08 Jan 2016 10:48:48 GMT', 'content-type': 'application/json'}
        Body: {"server": {"security_groups": [{"name": "tempest-secgroup-smoke-14990989"}], "OS-DCF:diskConfig": "MANUAL", "id": "5b77696c-e32a-40b0-9727-ee0f49558f6a", "links": [{"href": "http://10.0.2.15:8774/v2.1/90c4bafa94ad417c8a1c134b5cac4daf/servers/5b77696c-e32a-40b0-9727-ee0f49558f6a", "rel": "self"}, {"href": "http://10.0.2.15:8774/90c4bafa94ad417c8a1c134b5cac4daf/servers/5b77696c-e32a-40b0-9727-ee0f49558f6a", "rel": "bookmark"}], "adminPass": "2a5r57uyzEZM"}}
2016-01-08 10:48:48,603 4320 INFO     [tempest_lib.common.rest_client] Request (TestGettingAddress:test_dhcp6_stateless_from_os): 200 GET http://10.0.2.15:8774/v2.1/90c4bafa94ad417c8a1c134b5cac4daf/servers/5b77696c-e32a-40b0-9727-ee0f49558f6a 0.132s
2016-01-08 10:48:48,603 4320 DEBUG    [tempest_lib.common.rest_client] Request - Headers: {'Content-Type': 'application/json', 'Accept': 'application/json', 'X-Auth-Token': '&lt;omitted&gt;'}
        Body: None
    Response - Headers: {'status': '200', 'content-length': '1354', 'content-location': 'http://10.0.2.15:8774/v2.1/90c4bafa94ad417c8a1c134b5cac4daf/servers/5b77696c-e32a-40b0-9727-ee0f49558f6a', 'x-compute-request-id': 'req-a589031f-034f-411a-9a70-8f5c895808b4', 'vary': 'X-OpenStack-Nova-API-Version', 'connection': 'close', 'x-openstack-nova-api-version': '2.1', 'date': 'Fri, 08 Jan 2016 10:48:48 GMT', 'content-type': 'application/json'}
        Body: {"server": {"status": "BUILD", "updated": "2016-01-08T10:48:48Z", "hostId": "", "addresses": {}, "links": [{"href": "http://10.0.2.15:8774/v2.1/90c4bafa94ad417c8a1c134b5cac4daf/servers/5b77696c-e32a-40b0-9727-ee0f49558f6a", "rel": "self"}, {"href": "http://10.0.2.15:8774/90c4bafa94ad417c8a1c134b5cac4daf/servers/5b77696c-e32a-40b0-9727-ee0f49558f6a", "rel": "bookmark"}], "key_name": "tempest-TestGettingAddress-838260739", "image": {"id": "ed5cd3bc-a476-4744-b48b-0de98b25ed4a", "links": [{"href": "http://10.0.2.15:8774/90c4bafa94ad417c8a1c134b5cac4daf/images/ed5cd3bc-a476-4744-b48b-0de98b25ed4a", "rel": "bookmark"}]}, "OS-EXT-STS:task_state": "scheduling", "OS-EXT-STS:vm_state": "building", "OS-SRV-USG:launched_at": null, "flavor": {"id": "42", "links": [{"href": "http://10.0.2.15:8774/90c4bafa94ad417c8a1c134b5cac4daf/flavors/42", "rel": "bookmark"}]}, "id": "5b77696c-e32a-40b0-9727-ee0f49558f6a", "OS-SRV-USG:terminated_at": null, "OS-EXT-AZ:availability_zone": "", "user_id": "60251d74d45343599f0c6077fc4a3194", "name": "tempest.common.compute-instance-2107665962", "created": "2016-01-08T10:48:48Z", "tenant_id": "90c4bafa94ad417c8a1c134b5cac4daf", "OS-DCF:diskConfig": "MANUAL", "os-extended-volumes:volumes_attached": [], "accessIPv4": "", "accessIPv6": "", "progress": 0, "OS-EXT-STS:power_state": 0, "config_drive": "", "metadata": {}}}
2016-01-08 10:48:50,145 4320 INFO     [tempest_lib.common.rest_client] Request (TestGettingAddress:test_dhcp6_stateless_from_os): 200 GET http://10.0.2.15:8774/v2.1/90c4bafa94ad417c8a1c134b5cac4daf/servers/5b77696c-e32a-40b0-9727-ee0f49558f6a 0.532s
2016-01-08 10:48:50,145 4320 DEBUG    [tempest_lib.common.rest_client] Request - Headers: {'Content-Type': 'application/json', 'Accept': 'application/json', 'X-Auth-Token': '&lt;omitted&gt;'}
        Body: None
    Response - Headers: {'status': '200', 'content-length': '1478', 'content-location': 'http://10.0.2.15:8774/v2.1/90c4bafa94ad417c8a1c134b5cac4daf/servers/5b77696c-e32a-40b0-9727-ee0f49558f6a', 'x-compute-request-id': 'req-5f538d56-5203-489c-add0-96792494f181', 'vary': 'X-OpenStack-Nova-API-Version', 'connection': 'close', 'x-openstack-nova-api-version': '2.1', 'date': 'Fri, 08 Jan 2016 10:48:50 GMT', 'content-type': 'application/json'}
        Body: {"server": {"status": "BUILD", "updated": "2016-01-08T10:48:49Z", "hostId": "a356d381c7b64c02ce73a5190bf8312f1112e7e03785d39f306471e2", "addresses": {}, "links": [{"href": "http://10.0.2.15:8774/v2.1/90c4bafa94ad417c8a1c134b5cac4daf/servers/5b77696c-e32a-40b0-9727-ee0f49558f6a", "rel": "self"}, {"href": "http://10.0.2.15:8774/90c4bafa94ad417c8a1c134b5cac4daf/servers/5b77696c-e32a-40b0-9727-ee0f49558f6a", "rel": "bookmark"}], "key_name": "tempest-TestGettingAddress-838260739", "image": {"id": "ed5cd3bc-a476-4744-b48b-0de98b25ed4a", "links": [{"href": "http://10.0.2.15:8774/90c4bafa94ad417c8a1c134b5cac4daf/images/ed5cd3bc-a476-4744-b48b-0de98b25ed4a", "rel": "bookmark"}]}, "OS-EXT-STS:task_state": "spawning", "OS-EXT-STS:vm_state": "building", "OS-SRV-USG:launched_at": null, "flavor": {"id": "42", "links": [{"href": "http://10.0.2.15:8774/90c4bafa94ad417c8a1c134b5cac4daf/flavors/42", "rel": "bookmark"}]}, "id": "5b77696c-e32a-40b0-9727-ee0f49558f6a", "security_groups": [{"name": "tempest-secgroup-smoke-14990989"}], "OS-SRV-USG:terminated_at": null, "OS-EXT-AZ:availability_zone": "nova", "user_id": "60251d74d45343599f0c6077fc4a3194", "name": "tempest.common.compute-instance-2107665962", "created": "2016-01-08T10:48:48Z", "tenant_id": "90c4bafa94ad417c8a1c134b5cac4daf", "OS-DCF:diskConfig": "MANUAL", "os-extended-volumes:volumes_attached": [], "accessIPv4": "", "accessIPv6": "", "progress": 0, "OS-EXT-STS:power_state": 0, "config_drive": "", "metadata": {}}}
2016-01-08 10:48:50,154 4320 INFO     [tempest.common.waiters] State transition "BUILD/scheduling" ==&gt; "BUILD/spawning" after 2 second wait
2016-01-08 10:48:51,421 4320 INFO     [tempest_lib.common.rest_client] Request (TestGettingAddress:test_dhcp6_stateless_from_os): 200 GET http://10.0.2.15:8774/v2.1/90c4bafa94ad417c8a1c134b5cac4daf/servers/5b77696c-e32a-40b0-9727-ee0f49558f6a 0.265s
2016-01-08 10:48:51,421 4320 DEBUG    [tempest_lib.common.rest_client] Request - Headers: {'Content-Type': 'application/json', 'Accept': 'application/json', 'X-Auth-Token': '&lt;omitted&gt;'}
        Body: None
    Response - Headers: {'status': '200', 'content-length': '1478', 'content-location': 'http://10.0.2.15:8774/v2.1/90c4bafa94ad417c8a1c134b5cac4daf/servers/5b77696c-e32a-40b0-9727-ee0f49558f6a', 'x-compute-request-id': 'req-3b6df517-0ed0-4a42-93fe-ca653a1e1541', 'vary': 'X-OpenStack-Nova-API-Version', 'connection': 'close', 'x-openstack-nova-api-version': '2.1', 'date': 'Fri, 08 Jan 2016 10:48:51 GMT', 'content-type': 'application/json'}
        Body: {"server": {"status": "BUILD", "updated": "2016-01-08T10:48:49Z", "hostId": "a356d381c7b64c02ce73a5190bf8312f1112e7e03785d39f306471e2", "addresses": {}, "links": [{"href": "http://10.0.2.15:8774/v2.1/90c4bafa94ad417c8a1c134b5cac4daf/servers/5b77696c-e32a-40b0-9727-ee0f49558f6a", "rel": "self"}, {"href": "http://10.0.2.15:8774/90c4bafa94ad417c8a1c134b5cac4daf/servers/5b77696c-e32a-40b0-9727-ee0f49558f6a", "rel": "bookmark"}], "key_name": "tempest-TestGettingAddress-838260739", "image": {"id": "ed5cd3bc-a476-4744-b48b-0de98b25ed4a", "links": [{"href": "http://10.0.2.15:8774/90c4bafa94ad417c8a1c134b5cac4daf/images/ed5cd3bc-a476-4744-b48b-0de98b25ed4a", "rel": "bookmark"}]}, "OS-EXT-STS:task_state": "spawning", "OS-EXT-STS:vm_state": "building", "OS-SRV-USG:launched_at": null, "flavor": {"id": "42", "links": [{"href": "http://10.0.2.15:8774/90c4bafa94ad417c8a1c134b5cac4daf/flavors/42", "rel": "bookmark"}]}, "id": "5b77696c-e32a-40b0-9727-ee0f49558f6a", "security_groups": [{"name": "tempest-secgroup-smoke-14990989"}], "OS-SRV-USG:terminated_at": null, "OS-EXT-AZ:availability_zone": "nova", "user_id": "60251d74d45343599f0c6077fc4a3194", "name": "tempest.common.compute-instance-2107665962", "created": "2016-01-08T10:48:48Z", "tenant_id": "90c4bafa94ad417c8a1c134b5cac4daf", "OS-DCF:diskConfig": "MANUAL", "os-extended-volumes:volumes_attached": [], "accessIPv4": "", "accessIPv6": "", "progress": 0, "OS-EXT-STS:power_state": 0, "config_drive": "", "metadata": {}}}
2016-01-08 10:48:52,835 4320 INFO     [tempest_lib.common.rest_client] Request (TestGettingAddress:test_dhcp6_stateless_from_os): 200 GET http://10.0.2.15:8774/v2.1/90c4bafa94ad417c8a1c134b5cac4daf/servers/5b77696c-e32a-40b0-9727-ee0f49558f6a 0.403s
2016-01-08 10:48:52,835 4320 DEBUG    [tempest_lib.common.rest_client] Request - Headers: {'Content-Type': 'application/json', 'Accept': 'application/json', 'X-Auth-Token': '&lt;omitted&gt;'}
        Body: None
    Response - Headers: {'status': '200', 'content-length': '1478', 'content-location': 'http://10.0.2.15:8774/v2.1/90c4bafa94ad417c8a1c134b5cac4daf/servers/5b77696c-e32a-40b0-9727-ee0f49558f6a', 'x-compute-request-id': 'req-c87cc059-f4a8-46dd-8fcc-b7296d81a9ef', 'vary': 'X-OpenStack-Nova-API-Version', 'connection': 'close', 'x-openstack-nova-api-version': '2.1', 'date': 'Fri, 08 Jan 2016 10:48:52 GMT', 'content-type': 'application/json'}
        Body: {"server": {"status": "BUILD", "updated": "2016-01-08T10:48:49Z", "hostId": "a356d381c7b64c02ce73a5190bf8312f1112e7e03785d39f306471e2", "addresses": {}, "links": [{"href": "http://10.0.2.15:8774/v2.1/90c4bafa94ad417c8a1c134b5cac4daf/servers/5b77696c-e32a-40b0-9727-ee0f49558f6a", "rel": "self"}, {"href": "http://10.0.2.15:8774/90c4bafa94ad417c8a1c134b5cac4daf/servers/5b77696c-e32a-40b0-9727-ee0f49558f6a", "rel": "bookmark"}], "key_name": "tempest-TestGettingAddress-838260739", "image": {"id": "ed5cd3bc-a476-4744-b48b-0de98b25ed4a", "links": [{"href": "http://10.0.2.15:8774/90c4bafa94ad417c8a1c134b5cac4daf/images/ed5cd3bc-a476-4744-b48b-0de98b25ed4a", "rel": "bookmark"}]}, "OS-EXT-STS:task_state": "spawning", "OS-EXT-STS:vm_state": "building", "OS-SRV-USG:launched_at": null, "flavor": {"id": "42", "links": [{"href": "http://10.0.2.15:8774/90c4bafa94ad417c8a1c134b5cac4daf/flavors/42", "rel": "bookmark"}]}, "id": "5b77696c-e32a-40b0-9727-ee0f49558f6a", "security_groups": [{"name": "tempest-secgroup-smoke-14990989"}], "OS-SRV-USG:terminated_at": null, "OS-EXT-AZ:availability_zone": "nova", "user_id": "60251d74d45343599f0c6077fc4a3194", "name": "tempest.common.compute-instance-2107665962", "created": "2016-01-08T10:48:48Z", "tenant_id": "90c4bafa94ad417c8a1c134b5cac4daf", "OS-DCF:diskConfig": "MANUAL", "os-extended-volumes:volumes_attached": [], "accessIPv4": "", "accessIPv6": "", "progress": 0, "OS-EXT-STS:power_state": 0, "config_drive": "", "metadata": {}}}
2016-01-08 10:48:54,049 4320 INFO     [tempest_lib.common.rest_client] Request (TestGettingAddress:test_dhcp6_stateless_from_os): 200 GET http://10.0.2.15:8774/v2.1/90c4bafa94ad417c8a1c134b5cac4daf/servers/5b77696c-e32a-40b0-9727-ee0f49558f6a 0.202s
2016-01-08 10:48:54,049 4320 DEBUG    [tempest_lib.common.rest_client] Request - Headers: {'Content-Type': 'application/json', 'Accept': 'application/json', 'X-Auth-Token': '&lt;omitted&gt;'}
        Body: None
    Response - Headers: {'status': '200', 'content-length': '1779', 'content-location': 'http://10.0.2.15:8774/v2.1/90c4bafa94ad417c8a1c134b5cac4daf/servers/5b77696c-e32a-40b0-9727-ee0f49558f6a', 'x-compute-request-id': 'req-145f2359-ee8c-44c0-a757-a33eb2429556', 'vary': 'X-OpenStack-Nova-API-Version', 'connection': 'close', 'x-openstack-nova-api-version': '2.1', 'date': 'Fri, 08 Jan 2016 10:48:54 GMT', 'content-type': 'application/json'}
        Body: {"server": {"status": "ACTIVE", "updated": "2016-01-08T10:48:52Z", "hostId": "a356d381c7b64c02ce73a5190bf8312f1112e7e03785d39f306471e2", "addresses": {"tempest-network-smoke--2114383122": [{"OS-EXT-IPS-MAC:mac_addr": "fa:16:3e:dd:33:fd", "version": 4, "addr": "10.100.0.3", "OS-EXT-IPS:type": "fixed"}, {"OS-EXT-IPS-MAC:mac_addr": "fa:16:3e:dd:33:fd", "version": 6, "addr": "2003::f816:3eff:fedd:33fd", "OS-EXT-IPS:type": "fixed"}]}, "links": [{"href": "http://10.0.2.15:8774/v2.1/90c4bafa94ad417c8a1c134b5cac4daf/servers/5b77696c-e32a-40b0-9727-ee0f49558f6a", "rel": "self"}, {"href": "http://10.0.2.15:8774/90c4bafa94ad417c8a1c134b5cac4daf/servers/5b77696c-e32a-40b0-9727-ee0f49558f6a", "rel": "bookmark"}], "key_name": "tempest-TestGettingAddress-838260739", "image": {"id": "ed5cd3bc-a476-4744-b48b-0de98b25ed4a", "links": [{"href": "http://10.0.2.15:8774/90c4bafa94ad417c8a1c134b5cac4daf/images/ed5cd3bc-a476-4744-b48b-0de98b25ed4a", "rel": "bookmark"}]}, "OS-EXT-STS:task_state": null, "OS-EXT-STS:vm_state": "active", "OS-SRV-USG:launched_at": "2016-01-08T10:48:52.000000", "flavor": {"id": "42", "links": [{"href": "http://10.0.2.15:8774/90c4bafa94ad417c8a1c134b5cac4daf/flavors/42", "rel": "bookmark"}]}, "id": "5b77696c-e32a-40b0-9727-ee0f49558f6a", "security_groups": [{"name": "tempest-secgroup-smoke-14990989"}], "OS-SRV-USG:terminated_at": null, "OS-EXT-AZ:availability_zone": "nova", "user_id": "60251d74d45343599f0c6077fc4a3194", "name": "tempest.common.compute-instance-2107665962", "created": "2016-01-08T10:48:48Z", "tenant_id": "90c4bafa94ad417c8a1c134b5cac4daf", "OS-DCF:diskConfig": "MANUAL", "os-extended-volumes:volumes_attached": [], "accessIPv4": "", "accessIPv6": "", "progress": 0, "OS-EXT-STS:power_state": 1, "config_drive": "True", "metadata": {}}}
2016-01-08 10:48:54,060 4320 INFO     [tempest.common.waiters] State transition "BUILD/spawning" ==&gt; "ACTIVE/None" after 6 second wait
2016-01-08 10:48:54,260 4320 INFO     [tempest_lib.common.rest_client] Request (TestGettingAddress:test_dhcp6_stateless_from_os): 200 GET http://10.0.2.15:8774/v2.1/90c4bafa94ad417c8a1c134b5cac4daf/servers/5b77696c-e32a-40b0-9727-ee0f49558f6a 0.199s
2016-01-08 10:48:54,260 4320 DEBUG    [tempest_lib.common.rest_client] Request - Headers: {'Content-Type': 'application/json', 'Accept': 'application/json', 'X-Auth-Token': '&lt;omitted&gt;'}
        Body: None
    Response - Headers: {'status': '200', 'content-length': '1779', 'content-location': 'http://10.0.2.15:8774/v2.1/90c4bafa94ad417c8a1c134b5cac4daf/servers/5b77696c-e32a-40b0-9727-ee0f49558f6a', 'x-compute-request-id': 'req-ef7147c6-9ef8-4878-bec2-ebd2ac1b5f2a', 'vary': 'X-OpenStack-Nova-API-Version', 'connection': 'close', 'x-openstack-nova-api-version': '2.1', 'date': 'Fri, 08 Jan 2016 10:48:54 GMT', 'content-type': 'application/json'}
        Body: {"server": {"status": "ACTIVE", "updated": "2016-01-08T10:48:52Z", "hostId": "a356d381c7b64c02ce73a5190bf8312f1112e7e03785d39f306471e2", "addresses": {"tempest-network-smoke--2114383122": [{"OS-EXT-IPS-MAC:mac_addr": "fa:16:3e:dd:33:fd", "version": 4, "addr": "10.100.0.3", "OS-EXT-IPS:type": "fixed"}, {"OS-EXT-IPS-MAC:mac_addr": "fa:16:3e:dd:33:fd", "version": 6, "addr": "2003::f816:3eff:fedd:33fd", "OS-EXT-IPS:type": "fixed"}]}, "links": [{"href": "http://10.0.2.15:8774/v2.1/90c4bafa94ad417c8a1c134b5cac4daf/servers/5b77696c-e32a-40b0-9727-ee0f49558f6a", "rel": "self"}, {"href": "http://10.0.2.15:8774/90c4bafa94ad417c8a1c134b5cac4daf/servers/5b77696c-e32a-40b0-9727-ee0f49558f6a", "rel": "bookmark"}], "key_name": "tempest-TestGettingAddress-838260739", "image": {"id": "ed5cd3bc-a476-4744-b48b-0de98b25ed4a", "links": [{"href": "http://10.0.2.15:8774/90c4bafa94ad417c8a1c134b5cac4daf/images/ed5cd3bc-a476-4744-b48b-0de98b25ed4a", "rel": "bookmark"}]}, "OS-EXT-STS:task_state": null, "OS-EXT-STS:vm_state": "active", "OS-SRV-USG:launched_at": "2016-01-08T10:48:52.000000", "flavor": {"id": "42", "links": [{"href": "http://10.0.2.15:8774/90c4bafa94ad417c8a1c134b5cac4daf/flavors/42", "rel": "bookmark"}]}, "id": "5b77696c-e32a-40b0-9727-ee0f49558f6a", "security_groups": [{"name": "tempest-secgroup-smoke-14990989"}], "OS-SRV-USG:terminated_at": null, "OS-EXT-AZ:availability_zone": "nova", "user_id": "60251d74d45343599f0c6077fc4a3194", "name": "tempest.common.compute-instance-2107665962", "created": "2016-01-08T10:48:48Z", "tenant_id": "90c4bafa94ad417c8a1c134b5cac4daf", "OS-DCF:diskConfig": "MANUAL", "os-extended-volumes:volumes_attached": [], "accessIPv4": "", "accessIPv6": "", "progress": 0, "OS-EXT-STS:power_state": 1, "config_drive": "True", "metadata": {}}}
2016-01-08 10:48:54,300 4320 INFO     [tempest_lib.common.rest_client] Request (TestGettingAddress:test_dhcp6_stateless_from_os): 200 GET http://10.0.2.15:9696/v2.0/ports?status=ACTIVE&amp;fixed_ip=None&amp;device_id=5b77696c-e32a-40b0-9727-ee0f49558f6a 0.030s
2016-01-08 10:48:54,300 4320 DEBUG    [tempest_lib.common.rest_client] Request - Headers: {'Content-Type': 'application/json', 'Accept': 'application/json', 'X-Auth-Token': '&lt;omitted&gt;'}
        Body: None
    Response - Headers: {'status': '200', 'content-length': '1142', 'content-location': 'http://10.0.2.15:9696/v2.0/ports?status=ACTIVE&amp;fixed_ip=None&amp;device_id=5b77696c-e32a-40b0-9727-ee0f49558f6a', 'connection': 'close', 'date': 'Fri, 08 Jan 2016 10:48:54 GMT', 'content-type': 'application/json; charset=UTF-8', 'x-openstack-request-id': 'req-2ce3ea93-28f4-4ec8-a438-76109a41a02a'}
        Body: {"ports": [{"status": "ACTIVE", "binding:host_id": "vagrant-ubuntu-trusty-64", "allowed_address_pairs": [], "extra_dhcp_opts": [], "dns_assignment": [{"hostname": "host-10-100-0-3", "ip_address": "10.100.0.3", "fqdn": "host-10-100-0-3.openstacklocal."}, {"hostname": "host-2003--f816-3eff-fedd-33fd", "ip_address": "2003::f816:3eff:fedd:33fd", "fqdn": "host-2003--f816-3eff-fedd-33fd.openstacklocal."}], "device_owner": "compute:None", "port_security_enabled": true, "binding:profile": {}, "fixed_ips": [{"subnet_id": "bb3906a9-a439-4384-88ee-bb5aa0eee454", "ip_address": "10.100.0.3"}, {"subnet_id": "62408df9-b35a-4653-a4d6-6f3db2b150c2", "ip_address": "2003::f816:3eff:fedd:33fd"}], "id": "eff50eae-36d6-46e2-8964-f48a8b64eca5", "security_groups": ["8e2f4f0d-0f4d-4ee6-921d-4ecac43ad76b"], "device_id": "5b77696c-e32a-40b0-9727-ee0f49558f6a", "name": "", "admin_state_up": true, "network_id": "b501463c-bb82-48ea-a5ad-974a8ee9db97", "dns_name": "", "binding:vif_details": {"port_filter": true}, "binding:vnic_type": "normal", "binding:vif_type": "ovs", "tenant_id": "90c4bafa94ad417c8a1c134b5cac4daf", "mac_address": "fa:16:3e:dd:33:fd"}]}
2016-01-08 10:48:54,820 4320 INFO     [tempest_lib.common.rest_client] Request (TestGettingAddress:test_dhcp6_stateless_from_os): 201 POST http://10.0.2.15:9696/v2.0/floatingips 0.519s
2016-01-08 10:48:54,820 4320 DEBUG    [tempest_lib.common.rest_client] Request - Headers: {'Content-Type': 'application/json', 'Accept': 'application/json', 'X-Auth-Token': '&lt;omitted&gt;'}
        Body: {"floatingip": {"floating_network_id": "4164721e-ca06-438c-a62c-6fe4f85bbc9c", "tenant_id": "90c4bafa94ad417c8a1c134b5cac4daf", "fixed_ip_address": "10.100.0.3", "port_id": "eff50eae-36d6-46e2-8964-f48a8b64eca5"}}
    Response - Headers: {'status': '201', 'content-length': '367', 'connection': 'close', 'date': 'Fri, 08 Jan 2016 10:48:54 GMT', 'content-type': 'application/json; charset=UTF-8', 'x-openstack-request-id': 'req-d9832381-6ab7-4646-b708-7985c729b63f'}
        Body: {"floatingip": {"floating_network_id": "4164721e-ca06-438c-a62c-6fe4f85bbc9c", "router_id": "d5f223a7-1651-4604-8502-aef67b384f50", "fixed_ip_address": "10.100.0.3", "floating_ip_address": "172.24.4.4", "tenant_id": "90c4bafa94ad417c8a1c134b5cac4daf", "status": "DOWN", "port_id": "eff50eae-36d6-46e2-8964-f48a8b64eca5", "id": "d8b7fc03-5a72-498d-ab90-ba087aeaf972"}}
2016-01-08 10:48:54,821 4320 INFO     [tempest_lib.common.ssh] Creating ssh connection to '172.24.4.4' as 'cirros' with public key authentication
2016-01-08 10:48:58,470 4320 WARNING  [tempest_lib.common.ssh] Failed to establish authenticated ssh connection to cirros@172.24.4.4 ([Errno None] Unable to connect to port 22 on  or 172.24.4.4). Number attempts: 1. Retry after 2 seconds.
2016-01-08 10:49:03,974 4320 WARNING  [tempest_lib.common.ssh] Failed to establish authenticated ssh connection to cirros@172.24.4.4 ([Errno None] Unable to connect to port 22 on  or 172.24.4.4). Number attempts: 2. Retry after 3 seconds.
2016-01-08 10:49:10,477 4320 WARNING  [tempest_lib.common.ssh] Failed to establish authenticated ssh connection to cirros@172.24.4.4 ([Errno None] Unable to connect to port 22 on  or 172.24.4.4). Number attempts: 3. Retry after 4 seconds.
2016-01-08 10:49:17,978 4320 WARNING  [tempest_lib.common.ssh] Failed to establish authenticated ssh connection to cirros@172.24.4.4 ([Errno None] Unable to connect to port 22 on  or 172.24.4.4). Number attempts: 4. Retry after 5 seconds.
2016-01-08 10:49:26,481 4320 WARNING  [tempest_lib.common.ssh] Failed to establish authenticated ssh connection to cirros@172.24.4.4 ([Errno None] Unable to connect to port 22 on  or 172.24.4.4). Number attempts: 5. Retry after 6 seconds.
2016-01-08 10:49:35,990 4320 WARNING  [tempest_lib.common.ssh] Failed to establish authenticated ssh connection to cirros@172.24.4.4 ([Errno None] Unable to connect to port 22 on  or 172.24.4.4). Number attempts: 6. Retry after 7 seconds.
2016-01-08 10:49:46,501 4320 WARNING  [tempest_lib.common.ssh] Failed to establish authenticated ssh connection to cirros@172.24.4.4 ([Errno None] Unable to connect to port 22 on  or 172.24.4.4). Number attempts: 7. Retry after 8 seconds.
2016-01-08 10:49:58,007 4320 WARNING  [tempest_lib.common.ssh] Failed to establish authenticated ssh connection to cirros@172.24.4.4 ([Errno None] Unable to connect to port 22 on  or 172.24.4.4). Number attempts: 8. Retry after 9 seconds.
2016-01-08 10:50:10,514 4320 WARNING  [tempest_lib.common.ssh] Failed to establish authenticated ssh connection to cirros@172.24.4.4 ([Errno None] Unable to connect to port 22 on  or 172.24.4.4). Number attempts: 9. Retry after 10 seconds.
2016-01-08 10:50:24,026 4320 WARNING  [tempest_lib.common.ssh] Failed to establish authenticated ssh connection to cirros@172.24.4.4 ([Errno None] Unable to connect to port 22 on  or 172.24.4.4). Number attempts: 10. Retry after 11 seconds.
2016-01-08 10:50:38,539 4320 WARNING  [tempest_lib.common.ssh] Failed to establish authenticated ssh connection to cirros@172.24.4.4 ([Errno None] Unable to connect to port 22 on  or 172.24.4.4). Number attempts: 11. Retry after 12 seconds.
2016-01-08 10:50:54,054 4320 WARNING  [tempest_lib.common.ssh] Failed to establish authenticated ssh connection to cirros@172.24.4.4 ([Errno None] Unable to connect to port 22 on  or 172.24.4.4). Number attempts: 12. Retry after 13 seconds.
2016-01-08 10:51:10,554 4320 WARNING  [tempest_lib.common.ssh] Failed to establish authenticated ssh connection to cirros@172.24.4.4 ([Errno None] Unable to connect to port 22 on  or 172.24.4.4). Number attempts: 13. Retry after 14 seconds.
2016-01-08 10:51:28,067 4320 WARNING  [tempest_lib.common.ssh] Failed to establish authenticated ssh connection to cirros@172.24.4.4 ([Errno None] Unable to connect to port 22 on  or 172.24.4.4). Number attempts: 14. Retry after 15 seconds.
2016-01-08 10:51:46,578 4320 WARNING  [tempest_lib.common.ssh] Failed to establish authenticated ssh connection to cirros@172.24.4.4 ([Errno None] Unable to connect to port 22 on  or 172.24.4.4). Number attempts: 15. Retry after 16 seconds.
2016-01-08 10:52:06,094 4320 WARNING  [tempest_lib.common.ssh] Failed to establish authenticated ssh connection to cirros@172.24.4.4 ([Errno None] Unable to connect to port 22 on  or 172.24.4.4). Number attempts: 16. Retry after 17 seconds.
2016-01-08 10:52:26,598 4320 ERROR    [tempest_lib.common.ssh] Failed to establish authenticated ssh connection to cirros@172.24.4.4 after 16 attempts
2016-01-08 10:52:26.598 4320 ERROR tempest_lib.common.ssh Traceback (most recent call last):
2016-01-08 10:52:26.598 4320 ERROR tempest_lib.common.ssh   File "/usr/local/lib/python2.7/dist-packages/tempest_lib/common/ssh.py", line 75, in _get_ssh_connection
2016-01-08 10:52:26.598 4320 ERROR tempest_lib.common.ssh     timeout=self.channel_timeout, pkey=self.pkey)
2016-01-08 10:52:26.598 4320 ERROR tempest_lib.common.ssh   File "/usr/local/lib/python2.7/dist-packages/paramiko/client.py", line 311, in connect
2016-01-08 10:52:26.598 4320 ERROR tempest_lib.common.ssh     raise NoValidConnectionsError(errors)
2016-01-08 10:52:26.598 4320 ERROR tempest_lib.common.ssh NoValidConnectionsError: [Errno None] Unable to connect to port 22 on  or 172.24.4.4
2016-01-08 10:52:26.598 4320 ERROR tempest_lib.common.ssh 
2016-01-08 10:52:26,599 4320 ERROR    [tempest.scenario.manager] (TestGettingAddress:test_dhcp6_stateless_from_os) Initializing SSH connection to 172.24.4.4 failed. Error: Connection to the 172.24.4.4 via SSH timed out.
User: cirros, Password: None
2016-01-08 10:52:26.599 4320 ERROR tempest.scenario.manager Traceback (most recent call last):
2016-01-08 10:52:26.599 4320 ERROR tempest.scenario.manager   File "tempest/scenario/manager.py", line 386, in get_remote_client
2016-01-08 10:52:26.599 4320 ERROR tempest.scenario.manager     linux_client.validate_authentication()
2016-01-08 10:52:26.599 4320 ERROR tempest.scenario.manager   File "tempest/common/utils/linux/remote_client.py", line 63, in validate_authentication
2016-01-08 10:52:26.599 4320 ERROR tempest.scenario.manager     self.ssh_client.test_connection_auth()
2016-01-08 10:52:26.599 4320 ERROR tempest.scenario.manager   File "/usr/local/lib/python2.7/dist-packages/tempest_lib/common/ssh.py", line 172, in test_connection_auth
2016-01-08 10:52:26.599 4320 ERROR tempest.scenario.manager     connection = self._get_ssh_connection()
2016-01-08 10:52:26.599 4320 ERROR tempest.scenario.manager   File "/usr/local/lib/python2.7/dist-packages/tempest_lib/common/ssh.py", line 87, in _get_ssh_connection
2016-01-08 10:52:26.599 4320 ERROR tempest.scenario.manager     password=self.password)
2016-01-08 10:52:26.599 4320 ERROR tempest.scenario.manager SSHTimeout: Connection to the 172.24.4.4 via SSH timed out.
2016-01-08 10:52:26.599 4320 ERROR tempest.scenario.manager User: cirros, Password: None
2016-01-08 10:52:26.599 4320 ERROR tempest.scenario.manager 
2016-01-08 10:52:26,674 4320 INFO     [tempest_lib.common.rest_client] Request (TestGettingAddress:test_dhcp6_stateless_from_os): 200 GET http://10.0.2.15:8774/v2.1/90c4bafa94ad417c8a1c134b5cac4daf/servers 0.073s
2016-01-08 10:52:26,674 4320 DEBUG    [tempest_lib.common.rest_client] Request - Headers: {'Content-Type': 'application/json', 'Accept': 'application/json', 'X-Auth-Token': '&lt;omitted&gt;'}
        Body: None
    Response - Headers: {'status': '200', 'content-length': '391', 'content-location': 'http://10.0.2.15:8774/v2.1/90c4bafa94ad417c8a1c134b5cac4daf/servers', 'x-compute-request-id': 'req-39bae7c0-53f9-40a5-aa24-471cc1a5d2f8', 'vary': 'X-OpenStack-Nova-API-Version', 'connection': 'close', 'x-openstack-nova-api-version': '2.1', 'date': 'Fri, 08 Jan 2016 10:52:26 GMT', 'content-type': 'application/json'}
        Body: {"servers": [{"id": "5b77696c-e32a-40b0-9727-ee0f49558f6a", "links": [{"href": "http://10.0.2.15:8774/v2.1/90c4bafa94ad417c8a1c134b5cac4daf/servers/5b77696c-e32a-40b0-9727-ee0f49558f6a", "rel": "self"}, {"href": "http://10.0.2.15:8774/90c4bafa94ad417c8a1c134b5cac4daf/servers/5b77696c-e32a-40b0-9727-ee0f49558f6a", "rel": "bookmark"}], "name": "tempest.common.compute-instance-2107665962"}]}
2016-01-08 10:52:26,891 4320 INFO     [tempest_lib.common.rest_client] Request (TestGettingAddress:test_dhcp6_stateless_from_os): 200 POST http://10.0.2.15:8774/v2.1/90c4bafa94ad417c8a1c134b5cac4daf/servers/5b77696c-e32a-40b0-9727-ee0f49558f6a/action 0.212s
2016-01-08 10:52:26,892 4320 DEBUG    [tempest_lib.common.rest_client] Request - Headers: {'Content-Type': 'application/json', 'Accept': 'application/json', 'X-Auth-Token': '&lt;omitted&gt;'}
        Body: {"os-getConsoleOutput": {}}
    Response - Headers: {'status': '200', 'content-length': '24562', 'x-compute-request-id': 'req-4f67fbf2-aeb9-49c3-86ba-3cfcc3a8b1fc', 'vary': 'X-OpenStack-Nova-API-Version', 'connection': 'close', 'x-openstack-nova-api-version': '2.1', 'date': 'Fri, 08 Jan 2016 10:52:26 GMT', 'content-type': 'application/json'}
        Body: {"output": "[    0.000000] Initializing cgroup subsys cpuset\n[    0.000000] Initializing cgroup subsys cpu\n[    0.000000] Linux version 3.2.0-80-virtual (buildd@batsu) (gcc version 4.6.3 (Ubuntu/Linaro 4.6.3-1ubuntu5) ) #116-Ubuntu SMP Mon Mar 23 17:28:52 UTC 2015 (Ubuntu 3.2.0-80.116-virtual 3.2.68)\n[    0.000000] Command line: root=/dev/vda console=tty0 console=ttyS0 no_timer_check\n[    0.000000] KERNEL supported cpus:\n[    0.000000]   Intel GenuineIntel\n[    0.000000]   AMD AuthenticAMD\n[    0.000000]   Centaur CentaurHauls\n[    0.000000] BIOS-provided physical RAM map:\n[    0.000000]  BIOS-e820: 0000000000000000 - 000000000009fc00 (usable)\n[    0.000000]  BIOS-e820: 000000000009fc00 - 00000000000a0000 (reserved)\n[    0.000000]  BIOS-e820: 00000000000f0000 - 0000000000100000 (reserved)\n[    0.000000]  BIOS-e820: 0000000000100000 - 0000000003ffe000 (usable)\n[    0.000000]  BIOS-e820: 0000000003ffe000 - 0000000004000000 (reserved)\n[    0.000000]  BIOS-e820: 00000000fffc0000 - 0000000100000000 (reserved)\n[    0.000000] NX (Execute Disable) protection: active\n[    0.000000] SMBIOS 2.4 present.\n[    0.000000] No AGP bridge found\n[    0.000000] last_pfn = 0x3ffe max_arch_pfn = 0x400000000\n[    0.000000] x86 PAT enabled: cpu 0, old 0x7040600070406, new 0x7010600070106\n[    0.000000] found SMP MP-table at [ffff8800000f0b00] f0b00\n[    0.000000] init_memory_mapping: 0000000000000000-0000000003ffe000\n[    0.000000] RAMDISK: 03c5e000 - 03ff0000\n[    0.000000] ACPI: RSDP 00000000000f0950 00014 (v00 BOCHS )\n[    0.000000] ACPI: RSDT 0000000003fffbc1 00034 (v01 BOCHS  BXPCRSDT 00000001 BXPC 00000001)\n[    0.000000] ACPI: FACP 0000000003fff1c0 00074 (v01 BOCHS  BXPCFACP 00000001 BXPC 00000001)\n[    0.000000] ACPI: DSDT 0000000003ffe040 01180 (v01 BOCHS  BXPCDSDT 00000001 BXPC 00000001)\n[    0.000000] ACPI: FACS 0000000003ffe000 00040\n[    0.000000] ACPI: SSDT 0000000003fff234 008DD (v01 BOCHS  BXPCSSDT 00000001 BXPC 00000001)\n[    0.000000] ACPI: APIC 0000000003fffb11 00078 (v01 BOCHS  BXPCAPIC 00000001 BXPC 00000001)\n[    0.000000] ACPI: HPET 0000000003fffb89 00038 (v01 BOCHS  BXPCHPET 00000001 BXPC 00000001)\n[    0.000000] No NUMA configuration found\n[    0.000000] Faking a node at 0000000000000000-0000000003ffe000\n[    0.000000] Initmem setup node 0 0000000000000000-0000000003ffe000\n[    0.000000]   NODE_DATA [0000000003ff6000 - 0000000003ffafff]\n[    0.000000] Zone PFN ranges:\n[    0.000000]   DMA      0x00000010 -&gt; 0x00001000\n[    0.000000]   DMA32    0x00001000 -&gt; 0x00100000\n[    0.000000]   Normal   empty\n[    0.000000] Movable zone start PFN for each node\n[    0.000000] early_node_map[2] active PFN ranges\n[    0.000000]     0: 0x00000010 -&gt; 0x0000009f\n[    0.000000]     0: 0x00000100 -&gt; 0x00003ffe\n[    0.000000] ACPI: PM-Timer IO Port: 0xb008\n[    0.000000] ACPI: LAPIC (acpi_id[0x00] lapic_id[0x00] enabled)\n[    0.000000] ACPI: LAPIC_NMI (acpi_id[0xff] dfl dfl lint[0x1])\n[    0.000000] ACPI: IOAPIC (id[0x00] address[0xfec00000] gsi_base[0])\n[    0.000000] IOAPIC[0]: apic_id 0, version 17, address 0xfec00000, GSI 0-23\n[    0.000000] ACPI: INT_SRC_OVR (bus 0 bus_irq 0 global_irq 2 dfl dfl)\n[    0.000000] ACPI: INT_SRC_OVR (bus 0 bus_irq 5 global_irq 5 high level)\n[    0.000000] ACPI: INT_SRC_OVR (bus 0 bus_irq 9 global_irq 9 high level)\n[    0.000000] ACPI: INT_SRC_OVR (bus 0 bus_irq 10 global_irq 10 high level)\n[    0.000000] ACPI: INT_SRC_OVR (bus 0 bus_irq 11 global_irq 11 high level)\n[    0.000000] Using ACPI (MADT) for SMP configuration information\n[    0.000000] ACPI: HPET id: 0x8086a201 base: 0xfed00000\n[    0.000000] SMP: Allowing 1 CPUs, 0 hotplug CPUs\n[    0.000000] PM: Registered nosave memory: 000000000009f000 - 00000000000a0000\n[    0.000000] PM: Registered nosave memory: 00000000000a0000 - 00000000000f0000\n[    0.000000] PM: Registered nosave memory: 00000000000f0000 - 0000000000100000\n[    0.000000] Allocating PCI resources starting at 4000000 (gap: 4000000:fbfc0000)\n[    0.000000] Booting paravirtualized kernel on bare hardware\n[    0.000000] setup_pe
2016-01-08 10:52:26,895 4320 DEBUG    [tempest.scenario.manager] Console output for 5b77696c-e32a-40b0-9727-ee0f49558f6a
body=
[    0.000000] Initializing cgroup subsys cpuset
[    0.000000] Initializing cgroup subsys cpu
[    0.000000] Linux version 3.2.0-80-virtual (buildd@batsu) (gcc version 4.6.3 (Ubuntu/Linaro 4.6.3-1ubuntu5) ) #116-Ubuntu SMP Mon Mar 23 17:28:52 UTC 2015 (Ubuntu 3.2.0-80.116-virtual 3.2.68)
[    0.000000] Command line: root=/dev/vda console=tty0 console=ttyS0 no_timer_check
[    0.000000] KERNEL supported cpus:
[    0.000000]   Intel GenuineIntel
[    0.000000]   AMD AuthenticAMD
[    0.000000]   Centaur CentaurHauls
[    0.000000] BIOS-provided physical RAM map:
[    0.000000]  BIOS-e820: 0000000000000000 - 000000000009fc00 (usable)
[    0.000000]  BIOS-e820: 000000000009fc00 - 00000000000a0000 (reserved)
[    0.000000]  BIOS-e820: 00000000000f0000 - 0000000000100000 (reserved)
[    0.000000]  BIOS-e820: 0000000000100000 - 0000000003ffe000 (usable)
[    0.000000]  BIOS-e820: 0000000003ffe000 - 0000000004000000 (reserved)
[    0.000000]  BIOS-e820: 00000000fffc0000 - 0000000100000000 (reserved)
[    0.000000] NX (Execute Disable) protection: active
[    0.000000] SMBIOS 2.4 present.
[    0.000000] No AGP bridge found
[    0.000000] last_pfn = 0x3ffe max_arch_pfn = 0x400000000
[    0.000000] x86 PAT enabled: cpu 0, old 0x7040600070406, new 0x7010600070106
[    0.000000] found SMP MP-table at [ffff8800000f0b00] f0b00
[    0.000000] init_memory_mapping: 0000000000000000-0000000003ffe000
[    0.000000] RAMDISK: 03c5e000 - 03ff0000
[    0.000000] ACPI: RSDP 00000000000f0950 00014 (v00 BOCHS )
[    0.000000] ACPI: RSDT 0000000003fffbc1 00034 (v01 BOCHS  BXPCRSDT 00000001 BXPC 00000001)
[    0.000000] ACPI: FACP 0000000003fff1c0 00074 (v01 BOCHS  BXPCFACP 00000001 BXPC 00000001)
[    0.000000] ACPI: DSDT 0000000003ffe040 01180 (v01 BOCHS  BXPCDSDT 00000001 BXPC 00000001)
[    0.000000] ACPI: FACS 0000000003ffe000 00040
[    0.000000] ACPI: SSDT 0000000003fff234 008DD (v01 BOCHS  BXPCSSDT 00000001 BXPC 00000001)
[    0.000000] ACPI: APIC 0000000003fffb11 00078 (v01 BOCHS  BXPCAPIC 00000001 BXPC 00000001)
[    0.000000] ACPI: HPET 0000000003fffb89 00038 (v01 BOCHS  BXPCHPET 00000001 BXPC 00000001)
[    0.000000] No NUMA configuration found
[    0.000000] Faking a node at 0000000000000000-0000000003ffe000
[    0.000000] Initmem setup node 0 0000000000000000-0000000003ffe000
[    0.000000]   NODE_DATA [0000000003ff6000 - 0000000003ffafff]
[    0.000000] Zone PFN ranges:
[    0.000000]   DMA      0x00000010 -&gt; 0x00001000
[    0.000000]   DMA32    0x00001000 -&gt; 0x00100000
[    0.000000]   Normal   empty
[    0.000000] Movable zone start PFN for each node
[    0.000000] early_node_map[2] active PFN ranges
[    0.000000]     0: 0x00000010 -&gt; 0x0000009f
[    0.000000]     0: 0x00000100 -&gt; 0x00003ffe
[    0.000000] ACPI: PM-Timer IO Port: 0xb008
[    0.000000] ACPI: LAPIC (acpi_id[0x00] lapic_id[0x00] enabled)
[    0.000000] ACPI: LAPIC_NMI (acpi_id[0xff] dfl dfl lint[0x1])
[    0.000000] ACPI: IOAPIC (id[0x00] address[0xfec00000] gsi_base[0])
[    0.000000] IOAPIC[0]: apic_id 0, version 17, address 0xfec00000, GSI 0-23
[    0.000000] ACPI: INT_SRC_OVR (bus 0 bus_irq 0 global_irq 2 dfl dfl)
[    0.000000] ACPI: INT_SRC_OVR (bus 0 bus_irq 5 global_irq 5 high level)
[    0.000000] ACPI: INT_SRC_OVR (bus 0 bus_irq 9 global_irq 9 high level)
[    0.000000] ACPI: INT_SRC_OVR (bus 0 bus_irq 10 global_irq 10 high level)
[    0.000000] ACPI: INT_SRC_OVR (bus 0 bus_irq 11 global_irq 11 high level)
[    0.000000] Using ACPI (MADT) for SMP configuration information
[    0.000000] ACPI: HPET id: 0x8086a201 base: 0xfed00000
[    0.000000] SMP: Allowing 1 CPUs, 0 hotplug CPUs
[    0.000000] PM: Registered nosave memory: 000000000009f000 - 00000000000a0000
[    0.000000] PM: Registered nosave memory: 00000000000a0000 - 00000000000f0000
[    0.000000] PM: Registered nosave memory: 00000000000f0000 - 0000000000100000
[    0.000000] Allocating PCI resources starting at 4000000 (gap: 4000000:fbfc0000)
[    0.000000] Booting paravirtualized kernel on bare hardware
[    0.000000] setup_percpu: NR_CPUS:64 nr_cpumask_bits:64 nr_cpu_ids:1 nr_node_ids:1
[    0.000000] PERCPU: Embedded 27 pages/cpu @ffff880003a00000 s78848 r8192 d23552 u2097152
[    0.000000] Built 1 zonelists in Node order, mobility grouping on.  Total pages: 16008
[    0.000000] Policy zone: DMA32
[    0.000000] Kernel command line: root=/dev/vda console=tty0 console=ttyS0 no_timer_check
[    0.000000] PID hash table entries: 256 (order: -1, 2048 bytes)
[    0.000000] Checking aperture...
[    0.000000] No AGP bridge found
[    0.000000] Memory: 43492k/65528k available (6576k kernel code, 452k absent, 21584k reserved, 6620k data, 928k init)
[    0.000000] SLUB: Genslabs=15, HWalign=64, Order=0-3, MinObjects=0, CPUs=1, Nodes=1
[    0.000000] Hierarchical RCU implementation.
[    0.000000] 	RCU dyntick-idle grace-period acceleration is enabled.
[    0.000000] NR_IRQS:4352 nr_irqs:256 16
[    0.000000] Console: colour VGA+ 80x25
[    0.000000] console [tty0] enabled
[    0.000000] console [ttyS0] enabled
[    0.000000] allocated 1048576 bytes of page_cgroup
[    0.000000] please try 'cgroup_disable=memory' option if you don't want memory cgroups
[    0.000000] Fast TSC calibration failed
[    0.000000] TSC: Unable to calibrate against PIT
[    0.000000] TSC: using HPET reference calibration
[    0.000000] Detected 2293.544 MHz processor.
[    0.032958] Calibrating delay loop (skipped), value calculated using timer frequency.. 4587.08 BogoMIPS (lpj=9174176)
[    0.036745] pid_max: default: 32768 minimum: 301
[    0.044864] Security Framework initialized
[    0.049849] AppArmor: AppArmor initialized
[    0.050469] Yama: becoming mindful.
[    0.057486] Dentry cache hash table entries: 8192 (order: 4, 65536 bytes)
[    0.058327] Inode-cache hash table entries: 4096 (order: 3, 32768 bytes)
[    0.060641] Mount-cache hash table entries: 256
[    0.074796] Initializing cgroup subsys cpuacct
[    0.076379] Initializing cgroup subsys memory
[    0.080699] Initializing cgroup subsys devices
[    0.081458] Initializing cgroup subsys freezer
[    0.082203] Initializing cgroup subsys blkio
[    0.083193] Initializing cgroup subsys perf_event
[    0.088488] mce: CPU supports 10 MCE banks
[    0.092701] SMP alternatives: switching to UP code
[    0.497670] Freeing SMP alternatives: 24k freed
[    0.499258] ACPI: Core revision 20110623
[    0.544602] ftrace: allocating 26610 entries in 105 pages
[    0.576035] ..TIMER: vector=0x30 apic1=0 pin1=2 apic2=-1 pin2=-1
[    0.576065] CPU0: AMD QEMU Virtual CPU version 2.0.0 stepping 03
[    0.580035] Performance Events: Broken PMU hardware detected, using software events only.
[    0.597147] NMI watchdog disabled (cpu0): hardware events not enabled
[    0.600279] Brought up 1 CPUs
[    0.600862] Total of 1 processors activated (4587.08 BogoMIPS).
[    0.624935] devtmpfs: initialized
[    0.654819] EVM: security.selinux
[    0.655423] EVM: security.SMACK64
[    0.656084] EVM: security.capability
[    0.678447] print_constraints: dummy: 
[    0.680472] RTC time: 10:48:56, date: 01/08/16
[    0.682806] NET: Registered protocol family 16
[    0.691121] ACPI: bus type pci registered
[    0.694629] PCI: Using configuration type 1 for base access
[    0.728782] bio: create slab &lt;bio-0&gt; at 0
[    0.739107] ACPI: Added _OSI(Module Device)
[    0.740123] ACPI: Added _OSI(Processor Device)
[    0.740978] ACPI: Added _OSI(3.0 _SCP Extensions)
[    0.741614] ACPI: Added _OSI(Processor Aggregator Device)
[    0.813909] ACPI: Interpreter enabled
[    0.814500] ACPI: (supports S0 S3 S4 S5)
[    0.816952] ACPI: Using IOAPIC for interrupt routing
[    0.899027] ACPI: No dock devices found.
[    0.900177] HEST: Table not found.
[    0.900933] PCI: Using host bridge windows from ACPI; if necessary, use "pci=nocrs" and report a bug
[    0.907812] ACPI: PCI Root Bridge [PCI0] (domain 0000 [bus 00-ff])
[    0.914338] pci_root PNP0A03:00: host bridge window [io  0x0000-0x0cf7]
[    0.916161] pci_root PNP0A03:00: host bridge window [io  0x0d00-0xadff]
[    0.917157] pci_root PNP0A03:00: host bridge window [io  0xae0f-0xaeff]
[    0.918621] pci_root PNP0A03:00: host bridge window [io  0xaf20-0xafdf]
[    0.920112] pci_root PNP0A03:00: host bridge window [io  0xafe4-0xffff]
[    0.921588] pci_root PNP0A03:00: host bridge window [mem 0x000a0000-0x000bffff]
[    0.922499] pci_root PNP0A03:00: host bridge window [mem 0x04000000-0xfebfffff]
[    0.948672] pci 0000:00:01.3: quirk: [io  0xb000-0xb03f] claimed by PIIX4 ACPI
[    0.949748] pci 0000:00:01.3: quirk: [io  0xb100-0xb10f] claimed by PIIX4 SMB
[    1.024631]  pci0000:00: Unable to request _OSC control (_OSC support mask: 0x1e)
[    1.074559] ACPI: PCI Interrupt Link [LNKA] (IRQs 5 *10 11)
[    1.077736] ACPI: PCI Interrupt Link [LNKB] (IRQs 5 *10 11)
[    1.081013] ACPI: PCI Interrupt Link [LNKC] (IRQs 5 10 *11)
[    1.084757] ACPI: PCI Interrupt Link [LNKD] (IRQs 5 10 *11)
[    1.086406] ACPI: PCI Interrupt Link [LNKS] (IRQs *9)
[    1.093941] vgaarb: device added: PCI:0000:00:02.0,decodes=io+mem,owns=io+mem,locks=none
[    1.094944] vgaarb: loaded
[    1.095338] vgaarb: bridge control possible 0000:00:02.0
[    1.098450] i2c-core: driver [aat2870] using legacy suspend method
[    1.100139] i2c-core: driver [aat2870] using legacy resume method
[    1.104288] SCSI subsystem initialized
[    1.106704] usbcore: registered new interface driver usbfs
[    1.108590] usbcore: registered new interface driver hub
[    1.109796] usbcore: registered new device driver usb
[    1.113723] PCI: Using ACPI for IRQ routing
[    1.124943] NetLabel: Initializing
[    1.125375] NetLabel:  domain hash size = 128
[    1.125919] NetLabel:  protocols = UNLABELED CIPSOv4
[    1.128359] NetLabel:  unlabeled traffic allowed by default
[    1.130534] HPET: 3 timers in total, 0 timers will be used for per-cpu timer
[    1.132616] hpet0: at MMIO 0xfed00000, IRQs 2, 8, 0
[    1.133645] hpet0: 3 comparators, 64-bit 100.000000 MHz counter
[    1.146100] Switching to clocksource hpet
[    1.386014] AppArmor: AppArmor Filesystem Enabled
[    1.387359] pnp: PnP ACPI init
[    1.388032] ACPI: bus type pnp registered
[    1.410600] pnp: PnP ACPI: found 9 devices
[    1.411262] ACPI: ACPI bus type pnp unregistered
[    1.471229] NET: Registered protocol family 2
[    1.519326] IP route cache hash table entries: 512 (order: 0, 4096 bytes)
[    1.528067] TCP established hash table entries: 2048 (order: 3, 32768 bytes)
[    1.531179] TCP bind hash table entries: 2048 (order: 3, 32768 bytes)
[    1.532101] TCP: Hash tables configured (established 2048 bind 2048)
[    1.534493] TCP reno registered
[    1.535132] UDP hash table entries: 128 (order: 0, 4096 bytes)
[    1.536218] UDP-Lite hash table entries: 128 (order: 0, 4096 bytes)
[    1.538935] NET: Registered protocol family 1
[    1.541750] pci 0000:00:00.0: Limiting direct PCI/PCI transfers
[    1.542392] pci 0000:00:01.0: PIIX3: Enabling Passive Release
[    1.543598] pci 0000:00:01.0: Activating ISA DMA hang workarounds
[    1.549680] ACPI: PCI Interrupt Link [LNKD] enabled at IRQ 11
[    1.550779] pci 0000:00:01.2: PCI INT D -&gt; Link[LNKD] -&gt; GSI 11 (level, high) -&gt; IRQ 11
[    1.554239] pci 0000:00:01.2: PCI INT D disabled
[    1.574913] Trying to unpack rootfs image as initramfs...
[    1.594655] audit: initializing netlink socket (disabled)
[    1.596910] type=2000 audit(1452250136.592:1): initialized
[    1.886950] HugeTLB registered 2 MB page size, pre-allocated 0 pages
[    1.987164] VFS: Disk quotas dquot_6.5.2
[    1.990013] Dquot-cache hash table entries: 512 (order 0, 4096 bytes)
[    2.007558] fuse init (API version 7.17)
[    2.019547] msgmni has been set to 84
[    2.051122] Block layer SCSI generic (bsg) driver version 0.4 loaded (major 253)
[    2.061871] io scheduler noop registered
[    2.062450] io scheduler deadline registered (default)
[    2.063681] io scheduler cfq registered
[    2.068170] pci_hotplug: PCI Hot Plug PCI Core version: 0.5
[    2.071338] pciehp: PCI Express Hot Plug Controller Driver version: 0.4
[    2.077782] input: Power Button as /devices/LNXSYSTM:00/LNXPWRBN:00/input/input0
[    2.079984] ACPI: Power Button [PWRF]
[    2.132573] ERST: Table is not found!
[    2.133763] GHES: HEST is not enabled!
[    2.146349] ACPI: PCI Interrupt Link [LNKC] enabled at IRQ 10
[    2.147211] virtio-pci 0000:00:03.0: PCI INT A -&gt; Link[LNKC] -&gt; GSI 10 (level, high) -&gt; IRQ 10
[    2.150780] virtio-pci 0000:00:04.0: PCI INT A -&gt; Link[LNKD] -&gt; GSI 11 (level, high) -&gt; IRQ 11
[    2.167523] ACPI: PCI Interrupt Link [LNKA] enabled at IRQ 10
[    2.168597] virtio-pci 0000:00:05.0: PCI INT A -&gt; Link[LNKA] -&gt; GSI 10 (level, high) -&gt; IRQ 10
[    2.182783] Serial: 8250/16550 driver, 32 ports, IRQ sharing enabled
[    2.224162] serial8250: ttyS0 at I/O 0x3f8 (irq = 4) is a 16550A
[    2.315167] serial8250: ttyS1 at I/O 0x2f8 (irq = 3) is a 16550A
[    2.475719] 00:05: ttyS0 at I/O 0x3f8 (irq = 4) is a 16550A
[    2.567360] 00:06: ttyS1 at I/O 0x2f8 (irq = 3) is a 16550A
[    2.568587] Refined TSC clocksource calibration: 2293.555 MHz.
[    2.569768] Switching to clocksource tsc
[    2.616157] Linux agpgart interface v0.103
[    2.678421] brd: module loaded
[    2.711865] loop: module loaded
[    2.757867]  vda: unknown partition table
[    2.805845] scsi0 : ata_piix
[    2.819030] scsi1 : ata_piix
[    2.822493] ata1: PATA max MWDMA2 cmd 0x1f0 ctl 0x3f6 bmdma 0xc0a0 irq 14
[    2.823955] ata2: PATA max MWDMA2 cmd 0x170 ctl 0x376 bmdma 0xc0a8 irq 15
[    2.835152] Fixed MDIO Bus: probed
[    2.835938] tun: Universal TUN/TAP device driver, 1.6
[    2.837115] tun: (C) 1999-2004 Max Krasnyansky &lt;maxk@qualcomm.com&gt;
[    2.855798] PPP generic driver version 2.4.2
[    2.875354] ehci_hcd: USB 2.0 'Enhanced' Host Controller (EHCI) Driver
[    2.877656] ohci_hcd: USB 1.1 'Open' Host Controller (OHCI) Driver
[    2.878619] uhci_hcd: USB Universal Host Controller Interface driver
[    2.879705] uhci_hcd 0000:00:01.2: PCI INT D -&gt; Link[LNKD] -&gt; GSI 11 (level, high) -&gt; IRQ 11
[    2.883134] uhci_hcd 0000:00:01.2: UHCI Host Controller
[    2.893922] uhci_hcd 0000:00:01.2: new USB bus registered, assigned bus number 1
[    2.895700] uhci_hcd 0000:00:01.2: irq 11, io base 0x0000c040
[    2.930665] hub 1-0:1.0: USB hub found
[    2.932239] hub 1-0:1.0: 2 ports detected
[    2.944099] usbcore: registered new interface driver libusual
[    2.950210] i8042: PNP: PS/2 Controller [PNP0303:KBD,PNP0f13:MOU] at 0x60,0x64 irq 1,12
[    2.961036] serio: i8042 KBD port at 0x60,0x64 irq 1
[    2.962578] serio: i8042 AUX port at 0x60,0x64 irq 12
[    3.007230] mousedev: PS/2 mouse device common for all mice
[    3.021449] input: AT Translated Set 2 keyboard as /devices/platform/i8042/serio0/input/input1
[    3.039875] rtc_cmos 00:01: RTC can wake from S4
[    3.071575] rtc_cmos 00:01: rtc core: registered rtc_cmos as rtc0
[    3.075874] rtc0: alarms up to one day, 114 bytes nvram, hpet irqs
[    3.079194] device-mapper: uevent: version 1.0.3
[    3.086938] ata2.01: ATAPI: QEMU DVD-ROM, 2.0.0, max UDMA/100
[    3.104019] ata2.01: configured for MWDMA2
[    3.127148] device-mapper: ioctl: 4.22.0-ioctl (2011-10-19) initialised: dm-devel@redhat.com
[    3.131920] cpuidle: using governor ladder
[    3.134170] cpuidle: using governor menu
[    3.135600] EFI Variables Facility v0.08 2004-May-17
[    3.143930] TCP cubic registered
[    3.150191] NET: Registered protocol family 10
[    3.175548] NET: Registered protocol family 17
[    3.178033] Registering the dns_resolver key type
[    3.194282] scsi 1:0:1:0: CD-ROM            QEMU     QEMU DVD-ROM     2.0. PQ: 0 ANSI: 5
[    3.225524] sr0: scsi3-mmc drive: 4x/4x cd/rw xa/form2 tray
[    3.227506] cdrom: Uniform CD-ROM driver Revision: 3.20
[    3.246111] sr 1:0:1:0: Attached scsi generic sg0 type 5
[    3.283836] registered taskstats version 1
[    3.316669] Freeing initrd memory: 3656k freed
[    3.856843]   Magic number: 0:416:830
[    3.870257] rtc_cmos 00:01: setting system clock to 2016-01-08 10:48:59 UTC (1452250139)
[    3.871989] powernow-k8: Processor cpuid 663 not supported
[    3.879579] BIOS EDD facility v0.16 2004-Jun-25, 0 devices found
[    3.880880] EDD information not available.
[    3.969533] Freeing unused kernel memory: 928k freed
[    3.975748] Write protecting the kernel read-only data: 12288k
[    4.134605] Freeing unused kernel memory: 1596k freed
[    4.196605] Freeing unused kernel memory: 1184k freed

info: initramfs: up at 4.36
modprobe: module virtio_blk not found in modules.dep
modprobe: module virtio_net not found in modules.dep
info: copying initramfs to /dev/vda
info: initramfs loading root from /dev/vda
info: /etc/init.d/rc.sysinit: up at 9.11
info: container: none
Starting logging: OK
modprobe: module virtio_blk not found in modules.dep
modprobe: module virtio_net not found in modules.dep
WARN: /etc/rc3.d/S10-load-modules failed
Initializing random number generator... done.
Starting acpid: OK
cirros-ds 'local' up at 11.87
found datasource (configdrive, local)
Starting network...
udhcpc (v1.20.1) started
Sending discover...
Sending discover...
Sending discover...
Usage: /sbin/cirros-dhcpc &lt;up|down&gt;
No lease, failing
WARN: /etc/rc3.d/S40-network failed
Starting dropbear sshd: generating rsa key... generating dsa key... OK
no userdata for datasource
=== system information ===
Platform: OpenStack Foundation OpenStack Nova
Container: none
Arch: x86_64
CPU(s): 1 @ 2293.544 MHz
Cores/Sockets/Threads: 1/1/1
Virt-type: AMD-V
RAM Size: 49MB
Disks:
NAME MAJ:MIN     SIZE LABEL         MOUNTPOINT
vda  253:0   25165824 cirros-rootfs /
sr0   11:0     428032 config-2      
=== sshd host keys ===
-----BEGIN SSH HOST KEY KEYS-----
ssh-rsa AAAAB3NzaC1yc2EAAAADAQABAAAAgwCGlFImgkjuZDM7gkh4TPne/o3VV+pCVpkUf4Fp6lDffe6TacKzWM4HyO4+d06rMkvxoQwVYTl4g00c0QmzCdLXHNYx6dc2kHXrpTjky8kR9cg3VTHWNAYIHtaQTnlPnH8GS3016bHEYFKqfFfWmqsTMb0AWB9A1bjNZIYzvT6NPlUf root@tempest
ssh-dss AAAAB3NzaC1kc3MAAACBAME9m42e32ggBTUUDm+1ngEdPkSz9CBxphFwDylbqcbPcqaldfaPb4UWJdIQ6cHK0Snh/l4pG1+enbEmMay7S6YiyxHfH2PKkewzGmmHorPLm2BBm052UwJ11wI1aFqp7m5v9H111agmXba5Q4H0JoJixjY6dKrRrcnPrstGeB/lAAAAFQCR6TK/uj/tIHrwHoRaEnJRAxhTEwAAAIEAtsBidUBH2YPx7FApxi+izcjI9z6g0t19kmibt42X82R8hZvzkOnMmMhU2uJlvXsgh6D6YPL05iie/aSVrN6mt26ZmRNGH600crmjJZ5Rr+JJZUolYnX9MthvSArAdD2TSGfisQR3hzzNLbcJlaGbJGgZgsmvHBsfle9kyLE08WcAAACAUID1aiL6A1B1F5wP9AVDtiWSREfLPf0zdBwYwAQtwjbiPI8V2vq6A+e0KxTIJfQHp8eZbmW5GkWDPr1ofRlFetGxUYJmbMMEnlJVmuqeZJQuQ2+GNk0hKD+AQlIh2HyFlEC0oMgYK1eKTDxFDQCTAR2LO1shf8dQkl1YSzN+s1w= root@tempest
-----END SSH HOST KEY KEYS-----
=== network info ===
if-info: lo,up,127.0.0.1,8,::1
if-info: eth0,up,,8,fe80::f816:3eff:fedd:33fd
=== datasource: configdrive local ===
instance-id: 5b77696c-e32a-40b0-9727-ee0f49558f6a
name: tempest.common.compute-instance-2107665962
availability-zone: nova
local-hostname: tempest.common.compute-instance-2107665962.novalocal
launch-index: 0
=== cirros: current=0.3.4 uptime=202.61 ===
route: fscanf
=== pinging gateway failed, debugging connection ===
############ debug start ##############
### /etc/init.d/sshd start
Starting dropbear sshd: OK
route: fscanf
### ifconfig -a
eth0      Link encap:Ethernet  HWaddr FA:16:3E:DD:33:FD  
          inet6 addr: fe80::f816:3eff:fedd:33fd/64 Scope:Link
          UP BROADCAST RUNNING MULTICAST  MTU:1500  Metric:1
          RX packets:12 errors:0 dropped:5 overruns:0 frame:0
          TX packets:8 errors:0 dropped:0 overruns:0 carrier:0
          collisions:0 txqueuelen:1000 
          RX bytes:1293 (1.2 KiB)  TX bytes:1134 (1.1 KiB)

lo        Link encap:Local Loopback  
          inet addr:127.0.0.1  Mask:255.0.0.0
          inet6 addr: ::1/128 Scope:Host
          UP LOOPBACK RUNNING  MTU:16436  Metric:1
          RX packets:12 errors:0 dropped:0 overruns:0 frame:0
          TX packets:12 errors:0 dropped:0 overruns:0 carrier:0
          collisions:0 txqueuelen:0 
          RX bytes:1020 (1020.0 B)  TX bytes:1020 (1020.0 B)

### route -n
Kernel IP routing table
Destination     Gateway         Genmask         Flags Metric Ref    Use Iface
route: fscanf
### cat /etc/resolv.conf
cat: can't open '/etc/resolv.conf': No such file or directory
### gateway not found
/sbin/cirros-status: line 1: can't open /etc/resolv.conf: no such file
### pinging nameservers
### uname -a
Linux tempest 3.2.0-80-virtual #116-Ubuntu SMP Mon Mar 23 17:28:52 UTC 2015 x86_64 GNU/Linux
### lsmod
Module                  Size  Used by    Not tainted
nls_iso8859_1          12713  0 
nls_cp437              16991  0 
vfat                   17585  0 
fat                    61512  1 vfat
isofs                  40259  0 
ip_tables              27473  0 
x_tables               29891  1 ip_tables
pcnet32                42119  0 
8139cp                 27360  0 
ne2k_pci               13691  0 
8390                   18856  1 ne2k_pci
e1000                 108589  0 
acpiphp                24231  0 
### dmesg | tail
[    5.189116] EXT3-fs (vda): mounted filesystem with ordered data mode
[    5.471801] ISO 9660 Extensions: Microsoft Joliet Level 3
[    5.545607] ISO 9660 Extensions: RRIP_1991A
[    5.797686] kjournald starting.  Commit interval 5 seconds
[    5.809275] EXT3-fs (vda): using internal journal
[    5.809382] EXT3-fs (vda): mounted filesystem with ordered data mode
[    9.188072] EXT3-fs (vda): using internal journal
[   12.617781] ISO 9660 Extensions: Microsoft Joliet Level 3
[   12.745692] ISO 9660 Extensions: RRIP_1991A
[   27.851141] eth0: no IPv6 routers present
### tail -n 25 /var/log/messages
Jan  8 10:49:06 cirros kern.info kernel: [    4.662575] acpiphp: Slot [21] registered
Jan  8 10:49:06 cirros kern.info kernel: [    4.662944] acpiphp: Slot [22] registered
Jan  8 10:49:06 cirros kern.info kernel: [    4.663271] acpiphp: Slot [23] registered
Jan  8 10:49:06 cirros kern.info kernel: [    4.663547] acpiphp: Slot [24] registered
Jan  8 10:49:06 cirros kern.info kernel: [    4.663902] acpiphp: Slot [25] registered
Jan  8 10:49:06 cirros kern.info kernel: [    4.664148] acpiphp: Slot [26] registered
Jan  8 10:49:06 cirros kern.info kernel: [    4.665424] acpiphp: Slot [27] registered
Jan  8 10:49:06 cirros kern.info kernel: [    4.665584] acpiphp: Slot [28] registered
Jan  8 10:49:06 cirros kern.info kernel: [    4.666734] acpiphp: Slot [29] registered
Jan  8 10:49:06 cirros kern.info kernel: [    4.667129] acpiphp: Slot [30] registered
Jan  8 10:49:06 cirros kern.info kernel: [    4.846400] pcnet32: pcnet32.c:v1.35 21.Apr.2008 tsbogend@alpha.franken.de
Jan  8 10:49:06 cirros kern.info kernel: [    4.898673] ip_tables: (C) 2000-2006 Netfilter Core Team
Jan  8 10:49:06 cirros kern.info kernel: [    5.184052] kjournald starting.  Commit interval 5 seconds
Jan  8 10:49:06 cirros kern.info kernel: [    5.189116] EXT3-fs (vda): mounted filesystem with ordered data mode
Jan  8 10:49:06 cirros kern.debug kernel: [    5.471801] ISO 9660 Extensions: Microsoft Joliet Level 3
Jan  8 10:49:06 cirros kern.debug kernel: [    5.545607] ISO 9660 Extensions: RRIP_1991A
Jan  8 10:49:06 cirros kern.info kernel: [    5.797686] kjournald starting.  Commit interval 5 seconds
Jan  8 10:49:06 cirros kern.info kernel: [    5.809275] EXT3-fs (vda): using internal journal
Jan  8 10:49:06 cirros kern.info kernel: [    5.809382] EXT3-fs (vda): mounted filesystem with ordered data mode
Jan  8 10:49:06 cirros kern.info kernel: [    9.188072] EXT3-fs (vda): using internal journal
Jan  8 10:49:08 cirros kern.debug kernel: [   12.617781] ISO 9660 Extensions: Microsoft Joliet Level 3
Jan  8 10:49:08 cirros kern.debug kernel: [   12.745692] ISO 9660 Extensions: RRIP_1991A
Jan  8 10:49:11 cirros auth.notice su: + /dev/console root:cirros
Jan  8 10:49:23 cirros kern.debug kernel: [   27.851141] eth0: no IPv6 routers present
Jan  8 10:52:16 cirros authpriv.info dropbear[283]: Running in background
############ debug end   ##############
  ____               ____  ____
 / __/ __ ____ ____ / __ \/ __/
/ /__ / // __// __// /_/ /\ \ 
\___//_//_/  /_/   \____/___/ 
   http://cirros-cloud.net


login as 'cirros' user. default password: 'cubswin:)'. use 'sudo' for root.
tempest login: 
2016-01-08 10:52:27,176 4320 INFO     [tempest_lib.common.rest_client] Request (TestGettingAddress:_run_cleanups): 204 DELETE http://10.0.2.15:9696/v2.0/floatingips/d8b7fc03-5a72-498d-ab90-ba087aeaf972 0.276s
2016-01-08 10:52:27,176 4320 DEBUG    [tempest_lib.common.rest_client] Request - Headers: {'Content-Type': 'application/json', 'Accept': 'application/json', 'X-Auth-Token': '&lt;omitted&gt;'}
        Body: None
    Response - Headers: {'date': 'Fri, 08 Jan 2016 10:52:27 GMT', 'status': '204', 'connection': 'close', 'content-length': '0', 'x-openstack-request-id': 'req-7609d603-b5a0-4511-b347-92687b06bff7'}
        Body: 
2016-01-08 10:52:27,471 4320 INFO     [tempest_lib.common.rest_client] Request (TestGettingAddress:_run_cleanups): 204 DELETE http://10.0.2.15:8774/v2.1/90c4bafa94ad417c8a1c134b5cac4daf/servers/5b77696c-e32a-40b0-9727-ee0f49558f6a 0.294s
2016-01-08 10:52:27,472 4320 DEBUG    [tempest_lib.common.rest_client] Request - Headers: {'Content-Type': 'application/json', 'Accept': 'application/json', 'X-Auth-Token': '&lt;omitted&gt;'}
        Body: None
    Response - Headers: {'status': '204', 'content-length': '0', 'x-compute-request-id': 'req-94176811-446f-4943-9e6c-bd3bb7873149', 'vary': 'X-OpenStack-Nova-API-Version', 'connection': 'close', 'x-openstack-nova-api-version': '2.1', 'date': 'Fri, 08 Jan 2016 10:52:27 GMT', 'content-type': 'application/json'}
        Body: 
2016-01-08 10:52:27,689 4320 INFO     [tempest_lib.common.rest_client] Request (TestGettingAddress:_run_cleanups): 200 GET http://10.0.2.15:8774/v2.1/90c4bafa94ad417c8a1c134b5cac4daf/servers/5b77696c-e32a-40b0-9727-ee0f49558f6a 0.216s
2016-01-08 10:52:27,690 4320 DEBUG    [tempest_lib.common.rest_client] Request - Headers: {'Content-Type': 'application/json', 'Accept': 'application/json', 'X-Auth-Token': '&lt;omitted&gt;'}
        Body: None
    Response - Headers: {'status': '200', 'content-length': '1902', 'content-location': 'http://10.0.2.15:8774/v2.1/90c4bafa94ad417c8a1c134b5cac4daf/servers/5b77696c-e32a-40b0-9727-ee0f49558f6a', 'x-compute-request-id': 'req-94ce2dd8-037f-4dfa-8a3a-6ac9dd00c664', 'vary': 'X-OpenStack-Nova-API-Version', 'connection': 'close', 'x-openstack-nova-api-version': '2.1', 'date': 'Fri, 08 Jan 2016 10:52:27 GMT', 'content-type': 'application/json'}
        Body: {"server": {"status": "ACTIVE", "updated": "2016-01-08T10:52:27Z", "hostId": "a356d381c7b64c02ce73a5190bf8312f1112e7e03785d39f306471e2", "addresses": {"tempest-network-smoke--2114383122": [{"OS-EXT-IPS-MAC:mac_addr": "fa:16:3e:dd:33:fd", "version": 4, "addr": "10.100.0.3", "OS-EXT-IPS:type": "fixed"}, {"OS-EXT-IPS-MAC:mac_addr": "fa:16:3e:dd:33:fd", "version": 6, "addr": "2003::f816:3eff:fedd:33fd", "OS-EXT-IPS:type": "fixed"}, {"OS-EXT-IPS-MAC:mac_addr": "fa:16:3e:dd:33:fd", "version": 4, "addr": "172.24.4.4", "OS-EXT-IPS:type": "floating"}]}, "links": [{"href": "http://10.0.2.15:8774/v2.1/90c4bafa94ad417c8a1c134b5cac4daf/servers/5b77696c-e32a-40b0-9727-ee0f49558f6a", "rel": "self"}, {"href": "http://10.0.2.15:8774/90c4bafa94ad417c8a1c134b5cac4daf/servers/5b77696c-e32a-40b0-9727-ee0f49558f6a", "rel": "bookmark"}], "key_name": "tempest-TestGettingAddress-838260739", "image": {"id": "ed5cd3bc-a476-4744-b48b-0de98b25ed4a", "links": [{"href": "http://10.0.2.15:8774/90c4bafa94ad417c8a1c134b5cac4daf/images/ed5cd3bc-a476-4744-b48b-0de98b25ed4a", "rel": "bookmark"}]}, "OS-EXT-STS:task_state": "deleting", "OS-EXT-STS:vm_state": "active", "OS-SRV-USG:launched_at": "2016-01-08T10:48:52.000000", "flavor": {"id": "42", "links": [{"href": "http://10.0.2.15:8774/90c4bafa94ad417c8a1c134b5cac4daf/flavors/42", "rel": "bookmark"}]}, "id": "5b77696c-e32a-40b0-9727-ee0f49558f6a", "security_groups": [{"name": "tempest-secgroup-smoke-14990989"}], "OS-SRV-USG:terminated_at": null, "OS-EXT-AZ:availability_zone": "nova", "user_id": "60251d74d45343599f0c6077fc4a3194", "name": "tempest.common.compute-instance-2107665962", "created": "2016-01-08T10:48:48Z", "tenant_id": "90c4bafa94ad417c8a1c134b5cac4daf", "OS-DCF:diskConfig": "MANUAL", "os-extended-volumes:volumes_attached": [], "accessIPv4": "", "accessIPv6": "", "progress": 0, "OS-EXT-STS:power_state": 1, "config_drive": "True", "metadata": {}}}
2016-01-08 10:52:28,869 4320 INFO     [tempest_lib.common.rest_client] Request (TestGettingAddress:_run_cleanups): 200 GET http://10.0.2.15:8774/v2.1/90c4bafa94ad417c8a1c134b5cac4daf/servers/5b77696c-e32a-40b0-9727-ee0f49558f6a 0.162s
2016-01-08 10:52:28,870 4320 DEBUG    [tempest_lib.common.rest_client] Request - Headers: {'Content-Type': 'application/json', 'Accept': 'application/json', 'X-Auth-Token': '&lt;omitted&gt;'}
        Body: None
    Response - Headers: {'status': '200', 'content-length': '1836', 'content-location': 'http://10.0.2.15:8774/v2.1/90c4bafa94ad417c8a1c134b5cac4daf/servers/5b77696c-e32a-40b0-9727-ee0f49558f6a', 'x-compute-request-id': 'req-6780f742-44d5-4980-82c1-a5cf02e9bf9a', 'vary': 'X-OpenStack-Nova-API-Version', 'connection': 'close', 'x-openstack-nova-api-version': '2.1', 'date': 'Fri, 08 Jan 2016 10:52:28 GMT', 'content-type': 'application/json'}
        Body: {"server": {"status": "ACTIVE", "updated": "2016-01-08T10:52:28Z", "hostId": "a356d381c7b64c02ce73a5190bf8312f1112e7e03785d39f306471e2", "addresses": {"tempest-network-smoke--2114383122": [{"OS-EXT-IPS-MAC:mac_addr": "fa:16:3e:dd:33:fd", "version": 4, "addr": "10.100.0.3", "OS-EXT-IPS:type": "fixed"}, {"OS-EXT-IPS-MAC:mac_addr": "fa:16:3e:dd:33:fd", "version": 6, "addr": "2003::f816:3eff:fedd:33fd", "OS-EXT-IPS:type": "fixed"}, {"OS-EXT-IPS-MAC:mac_addr": "fa:16:3e:dd:33:fd", "version": 4, "addr": "172.24.4.4", "OS-EXT-IPS:type": "floating"}]}, "links": [{"href": "http://10.0.2.15:8774/v2.1/90c4bafa94ad417c8a1c134b5cac4daf/servers/5b77696c-e32a-40b0-9727-ee0f49558f6a", "rel": "self"}, {"href": "http://10.0.2.15:8774/90c4bafa94ad417c8a1c134b5cac4daf/servers/5b77696c-e32a-40b0-9727-ee0f49558f6a", "rel": "bookmark"}], "key_name": "tempest-TestGettingAddress-838260739", "image": {"id": "ed5cd3bc-a476-4744-b48b-0de98b25ed4a", "links": [{"href": "http://10.0.2.15:8774/90c4bafa94ad417c8a1c134b5cac4daf/images/ed5cd3bc-a476-4744-b48b-0de98b25ed4a", "rel": "bookmark"}]}, "OS-EXT-STS:task_state": "deleting", "OS-EXT-STS:vm_state": "active", "OS-SRV-USG:launched_at": "2016-01-08T10:48:52.000000", "flavor": {"id": "42", "links": [{"href": "http://10.0.2.15:8774/90c4bafa94ad417c8a1c134b5cac4daf/flavors/42", "rel": "bookmark"}]}, "id": "5b77696c-e32a-40b0-9727-ee0f49558f6a", "OS-SRV-USG:terminated_at": null, "OS-EXT-AZ:availability_zone": "nova", "user_id": "60251d74d45343599f0c6077fc4a3194", "name": "tempest.common.compute-instance-2107665962", "created": "2016-01-08T10:48:48Z", "tenant_id": "90c4bafa94ad417c8a1c134b5cac4daf", "OS-DCF:diskConfig": "MANUAL", "os-extended-volumes:volumes_attached": [], "accessIPv4": "", "accessIPv6": "", "progress": 0, "OS-EXT-STS:power_state": 1, "config_drive": "True", "metadata": {}}}
2016-01-08 10:52:30,079 4320 INFO     [tempest_lib.common.rest_client] Request (TestGettingAddress:_run_cleanups): 404 GET http://10.0.2.15:8774/v2.1/90c4bafa94ad417c8a1c134b5cac4daf/servers/5b77696c-e32a-40b0-9727-ee0f49558f6a 0.197s
2016-01-08 10:52:30,080 4320 DEBUG    [tempest_lib.common.rest_client] Request - Headers: {'Content-Type': 'application/json', 'Accept': 'application/json', 'X-Auth-Token': '&lt;omitted&gt;'}
        Body: None
    Response - Headers: {'status': '404', 'content-length': '111', 'x-compute-request-id': 'req-8f725943-3a2d-406c-97b9-cb5c3c4e1fde', 'vary': 'X-OpenStack-Nova-API-Version', 'connection': 'close', 'x-openstack-nova-api-version': '2.1', 'date': 'Fri, 08 Jan 2016 10:52:30 GMT', 'content-type': 'application/json; charset=UTF-8'}
        Body: {"itemNotFound": {"message": "Instance 5b77696c-e32a-40b0-9727-ee0f49558f6a could not be found.", "code": 404}}
2016-01-08 10:52:30,506 4320 INFO     [tempest_lib.common.rest_client] Request (TestGettingAddress:_run_cleanups): 200 PUT http://10.0.2.15:9696/v2.0/routers/d5f223a7-1651-4604-8502-aef67b384f50/remove_router_interface 0.424s
2016-01-08 10:52:30,507 4320 DEBUG    [tempest_lib.common.rest_client] Request - Headers: {'Content-Type': 'application/json', 'Accept': 'application/json', 'X-Auth-Token': '&lt;omitted&gt;'}
        Body: {"subnet_id": "62408df9-b35a-4653-a4d6-6f3db2b150c2"}
