<?xml version="1.0" encoding="UTF-8"?>
<!DOCTYPE html PUBLIC "-//W3C//DTD XHTML 1.0 Strict//EN"
     "http://www.w3.org/TR/xhtml1/DTD/xhtml1-strict.dtd">
<html xmlns="http://www.w3.org/1999/xhtml">
<head>
    <title>Unit Test Report</title>
    <meta name="generator" content="subunit2html 0.1"/>
    <meta http-equiv="Content-Type" content="text/html; charset=UTF-8"/>
    
<style type="text/css" media="screen">
body        { font-family: verdana, arial, helvetica, sans-serif;
    font-size: 80%; }
table       { font-size: 100%; width: 100%;}
pre         { font-size: 80%; }

/* -- heading -------------------------------------------------------------- */
h1 {
        font-size: 16pt;
        color: gray;
}
.heading {
    margin-top: 0ex;
    margin-bottom: 1ex;
}

.heading .attribute {
    margin-top: 1ex;
    margin-bottom: 0;
}

.heading .description {
    margin-top: 4ex;
    margin-bottom: 6ex;
}

/* -- css div popup -------------------------------------------------------- */
a.popup_link {
}

a.popup_link:hover {
    color: red;
}

.popup_window {
    display: none;
    overflow-x: scroll;
    /*border: solid #627173 1px; */
    padding: 10px;
    background-color: #E6E6D6;
    font-family: "Ubuntu Mono", "Lucida Console", "Courier New", monospace;
    text-align: left;
    font-size: 8pt;
}

}
/* -- report --------------------------------------------------------------- */
#show_detail_line {
    margin-top: 3ex;
    margin-bottom: 1ex;
}
#result_table {
    width: 100%;
    border-collapse: collapse;
    border: 1px solid #777;
}
#header_row {
    font-weight: bold;
    color: white;
    background-color: #777;
}
#result_table td {
    border: 1px solid #777;
    padding: 2px;
}
#total_row  { font-weight: bold; }
.passClass  { background-color: #6c6; }
.failClass  { background-color: #c60; }
.errorClass { background-color: #c00; }
.passCase   { color: #6c6; }
.failCase   { color: #c60; font-weight: bold; }
.errorCase  { color: #c00; font-weight: bold; }
.hiddenRow  { display: none; }
.testcase   { margin-left: 2em; }
td.testname {width: 40%}
td.small {width: 40px}

/* -- ending --------------------------------------------------------------- */
#ending {
}

</style>

</head>
<body>
<script language="javascript" type="text/javascript"><!--
output_list = Array();

/* level - 0:Summary; 1:Failed; 2:All */
function showCase(level) {
    trs = document.getElementsByTagName("tr");
    for (var i = 0; i < trs.length; i++) {
        tr = trs[i];
        id = tr.id;
        if (id.substr(0,2) == 'ft') {
            if (level < 1) {
                tr.className = 'hiddenRow';
            }
            else {
                tr.className = '';
            }
        }
        if (id.substr(0,2) == 'pt') {
            if (level > 1) {
                tr.className = '';
            }
            else {
                tr.className = 'hiddenRow';
            }
        }
    }
}


function showClassDetail(cid, count) {
    var id_list = Array(count);
    var toHide = 1;
    for (var i = 0; i < count; i++) {
        tid0 = 't' + cid.substr(1) + '.' + (i+1);
        tid = 'f' + tid0;
        tr = document.getElementById(tid);
        if (!tr) {
            tid = 'p' + tid0;
            tr = document.getElementById(tid);
        }
        id_list[i] = tid;
        if (tr.className) {
            toHide = 0;
        }
    }
    for (var i = 0; i < count; i++) {
        tid = id_list[i];
        if (toHide) {
            document.getElementById('div_'+tid).style.display = 'none'
            document.getElementById(tid).className = 'hiddenRow';
        }
        else {
            document.getElementById(tid).className = '';
        }
    }
}


function showTestDetail(div_id){
    var details_div = document.getElementById(div_id)
    var displayState = details_div.style.display
    // alert(displayState)
    if (displayState != 'block' ) {
        displayState = 'block'
        details_div.style.display = 'block'
    }
    else {
        details_div.style.display = 'none'
    }
}


function html_escape(s) {
    s = s.replace(/&/g,'&amp;');
    s = s.replace(/</g,'&lt;');
    s = s.replace(/>/g,'&gt;');
    return s;
}

/* obsoleted by detail in <div>
function showOutput(id, name) {
    var w = window.open("", //url
                    name,
                    "resizable,scrollbars,status,width=800,height=450");
    d = w.document;
    d.write("<pre>");
    d.write(html_escape(output_list[id]));
    d.write("\n");
    d.write("<a href='javascript:window.close()'>close</a>\n");
    d.write("</pre>\n");
    d.close();
}
*/
--></script>

<div class='heading'>
<h1>Unit Test Report</h1>

<p class='attribute'><strong>Status:</strong> Failure 8</p>

<p class='description'></p>
</div>



<p id='show_detail_line'>Show
<a href='javascript:showCase(0)'>Summary</a>
<a href='javascript:showCase(1)'>Failed</a>
<a href='javascript:showCase(2)'>All</a>
</p>
<table id='result_table'>
<colgroup>
<col align='left' />
<col align='right' />
<col align='right' />
<col align='right' />
<col align='right' />
<col align='right' />
<col align='right' />
<col align='right' />
</colgroup>
<tr id='header_row'>
    <td>Test Group/Test case</td>
    <td>Count</td>
    <td>Pass</td>
    <td>Fail</td>
    <td>Error</td>
    <td>Skip</td>
    <td>View</td>
    <td> </td>
</tr>

<tr class='failClass'>
    <td class="testname">tempest.scenario.test_network_v6.TestGettingAddress</td>
    <td class="small">8</td>
    <td class="small">0</td>
    <td class="small">8</td>
    <td class="small">0</td>
    <td class="small">0</td>
    <td class="small"><a href="javascript:showClassDetail('c1',8)"
>Detail</a></td>
    <td> </td>
</tr>

<tr id='ft1.1' class='none'>
    <td class='failCase'><div class='testcase'>test_dhcp6_stateless_from_os[compute,id-d7e1f858-187c-45a6-89c9-bdafde619a9f,network]</div></td>
    <td colspan='7' align='left'>

    <!--css div popup start-->
    <a class="popup_link" onfocus='this.blur();'
    href="javascript:showTestDetail('div_ft1.1')" >
        fail</a>

    <div id='div_ft1.1' class="popup_window">
        <div style='text-align: right; color:red;cursor:pointer'>
        <a onfocus='this.blur();'
onclick="document.getElementById('div_ft1.1').style.display = 'none' " >
           [x]</a>
        </div>
        <pre>
        
ft1.1: tempest.scenario.test_network_v6.TestGettingAddress.test_dhcp6_stateless_from_os[compute,id-d7e1f858-187c-45a6-89c9-bdafde619a9f,network]_StringException: Empty attachments:
  stderr
  stdout

pythonlogging:'': {{{
2015-12-08 04:47:40,904 20486 INFO     [tempest_lib.common.rest_client] Request (TestGettingAddress:setUp): 200 POST http://10.0.2.15:8774/v2.1/56734569d9fe400d81a6dd333a5092de/os-keypairs 0.393s
2015-12-08 04:47:40,904 20486 DEBUG    [tempest_lib.common.rest_client] Request - Headers: {'Content-Type': 'application/json', 'Accept': 'application/json', 'X-Auth-Token': '&lt;omitted&gt;'}
        Body: {"keypair": {"name": "tempest-TestGettingAddress-754108074"}}
    Response - Headers: {'status': '200', 'content-length': '2319', 'x-compute-request-id': 'req-74411f16-bc48-43ae-8d9c-098b0e7262e3', 'vary': 'X-OpenStack-Nova-API-Version', 'connection': 'close', 'x-openstack-nova-api-version': '2.1', 'date': 'Tue, 08 Dec 2015 04:47:40 GMT', 'content-type': 'application/json'}
        Body: {"keypair": {"public_key": "ssh-rsa AAAAB3NzaC1yc2EAAAADAQABAAABAQCv9SiZyANfpE05nEFwbpbfMzZCM4j+bntGPuDfq8UXiE4tEuW/AZ2CRu7f5txGk3DVrYPMReyk48FXKsZ1MtQXzomGB+xpP0MXOPYiHZB+T7vsAky1kEwxbN+E/TbVsZkx62xsk9bPmVtWWXqRV5yznt154F3TEasgzZumHDuCvPbmhKFqwCaFuLsiph6r4kXKOQRrT4RsnvSUNUbbJgncwPdQyvhFSNTP+sZ5+FnGhclJnSWO1PcFoukBMSApuOyJHwipxt3Eh5ajpQUSABHfnNtlIGSmJ5Y8azUeTSE6llb0SQpuAEFYKrAyvOqa6n0+GivNbddyFbhxLHmq/WEv Generated-by-Nova", "private_key": "-----BEGIN RSA PRIVATE KEY-----\nMIIEpwIBAAKCAQEAr/UomcgDX6RNOZxBcG6W3zM2QjOI/m57Rj7g36vFF4hOLRLl\nvwGdgkbu3+bcRpNw1a2DzEXspOPBVyrGdTLUF86JhgfsaT9DFzj2Ih2Qfk+77AJM\ntZBMMWzfhP021bGZMetsbJPWz5lbVll6kVecs57deeBd0xGrIM2bphw7grz25oSh\nasAmhbi7IqYeq+JFyjkEa0+EbJ70lDVG2yYJ3MD3UMr4RUjUz/rGefhZxoXJSZ0l\njtT3BaLpATEgKbjsiR8IqcbdxIeWo6UFEgAR35zbZSBkpieWPGs1Hk0hOpZW9EkK\nbgBBWCqwMrzqmup9PhorzW3XchW4cSx5qv1hLwIDAQABAoIBAHEkhjfkOe8c+h9K\nT3XZVqAtEP2en79jEVeJBRYuIGzSU9p95Udd5Ycoz18f1pJ3Kj3r9ey7JcCdRuwi\n8DvaNDEeuKV7oNPIPv7GvNYRBqGB6ceHbwXsxGGfrVaZb9IXAffsduqWYbFZ3jZ3\nEO42VOfXBnjhAdO/77cHHsfALbARegzRzt1qm/jo3Oc5CMpy7IjtGlQRZP9IwaEf\n68gXl8P/PCwUE9taxWzKBxDi8uoNeqlPPHVNHvyFYnkZLJ1dIuOaFQP79eA3LViH\nA0YYzdzM3AkYbzQrcOYSsE/SqhMTdqx4J0UcQqJ/6xJ3E1rL8U6jRKFzdA7g3hwt\niqVUJlkCggCBAMLjZ84YpKGlz5Pcw0Y3zu4+EQxwDKDeRZQySOitubLeYq1eZPwr\nvzG0svnDsQ/K//g9+dCj7NGEHBTq3QHxWZxy/9QKu/oN62grNhjH9YJ+92KUtcb6\nQ9ScTfBZT393uhznE/MBzHUWLDEX1d5UvXw5utC4mp7hCUZWVgVP09ttAoIAgQDn\nIhnq48eFEmyQyVPw2NjH1GmbFwsRFsX9OTsMwZeqncjMThcuqgSWVXZrPFBRQpoh\n8gh9zdp4ZK/oFrgyX457gtAslXZwfA93bM9YGUvVorAMmmufXNcCyxJyblVPi7pP\n+3CEZ10Q2zwapi35DEr6A+zvOWUnYopBfNIsPg8RiwKCAIAzBqVcIbmhFS/HMAr0\nrJICcL+3+PJlgCzJg2zxduLjATTm3YslNzMFCaG+oU0PrH/eeCObTAAqTyOnGmMp\nKg7jVnzDANh8vP5AtOeiD2CpfSK6beM2KLpvxUjmwAt/fVJ+VMY1XugwU9DYPbxi\nTN+b0eWm1l6tcJAkGWDGXUND9QKCAIBm9OjImehBXaCgqh3LFj0SXosgO5aBaTyO\nfNTR7NZreNd+MnbfIXrjoHQcdoRsfhd8cXzY1T6xDGDTKHOqdKhaWj3y7i0RFCIr\nl3uRCcufAVYcdxjjpw5bvyubb4xu35YBlMZdJFHvdUkDseyemJw5XFBJi66Eab+e\nRkS00nwR2wKCAIBClE+Bq3/Ic5eGBwWll29FwHoTtR4zxKzSvTZH6ZYAUU34NQzt\nvxTWdY5bU1WHkXNqd/OjFm6KliDNJZtL1Pc4y7n+CPj0+ZfNXl/hSUEfm3l8zJPg\nbHZ9y+LXXE5xcI5/WEyNnBV0xGKKq6rKq+Wup+Oz2RaKtA6PXWHGeB3K3Q==\n-----END RSA PRIVATE KEY-----\n", "user_id": "507a0fc3d22f4393a733699a7bc6cc03", "name": "tempest-TestGettingAddress-754108074", "fingerprint": "7a:ce:99:a7:68:26:3f:7d:b6:4d:5a:39:27:78:56:29"}}
2015-12-08 04:47:41,282 20486 INFO     [tempest_lib.common.rest_client] Request (TestGettingAddress:setUp): 201 POST http://10.0.2.15:9696/v2.0/security-groups 0.374s
2015-12-08 04:47:41,283 20486 DEBUG    [tempest_lib.common.rest_client] Request - Headers: {'Content-Type': 'application/json', 'Accept': 'application/json', 'X-Auth-Token': '&lt;omitted&gt;'}
        Body: {"security_group": {"tenant_id": "56734569d9fe400d81a6dd333a5092de", "description": "tempest-secgroup-smoke-1746942270 description", "name": "tempest-secgroup-smoke-1746942270"}}
    Response - Headers: {'status': '201', 'content-length': '888', 'connection': 'close', 'date': 'Tue, 08 Dec 2015 04:47:41 GMT', 'content-type': 'application/json; charset=UTF-8', 'x-openstack-request-id': 'req-174d9cc3-bdcd-4ba0-9fba-18e926dfddfd'}
        Body: {"security_group": {"tenant_id": "56734569d9fe400d81a6dd333a5092de", "description": "tempest-secgroup-smoke-1746942270 description", "id": "208f0ffe-2233-466e-9490-736f59e688f7", "security_group_rules": [{"remote_group_id": null, "direction": "egress", "remote_ip_prefix": null, "protocol": null, "ethertype": "IPv4", "tenant_id": "56734569d9fe400d81a6dd333a5092de", "port_range_max": null, "port_range_min": null, "id": "15d7cc89-3b72-47de-b7cc-48ba9df60ca9", "security_group_id": "208f0ffe-2233-466e-9490-736f59e688f7"}, {"remote_group_id": null, "direction": "egress", "remote_ip_prefix": null, "protocol": null, "ethertype": "IPv6", "tenant_id": "56734569d9fe400d81a6dd333a5092de", "port_range_max": null, "port_range_min": null, "id": "0ac03012-2b5f-4a72-a42e-92cc95d1eee6", "security_group_id": "208f0ffe-2233-466e-9490-736f59e688f7"}], "name": "tempest-secgroup-smoke-1746942270"}}
2015-12-08 04:47:41,406 20486 INFO     [tempest_lib.common.rest_client] Request (TestGettingAddress:setUp): 201 POST http://10.0.2.15:9696/v2.0/security-group-rules 0.121s
2015-12-08 04:47:41,407 20486 DEBUG    [tempest_lib.common.rest_client] Request - Headers: {'Content-Type': 'application/json', 'Accept': 'application/json', 'X-Auth-Token': '&lt;omitted&gt;'}
        Body: {"security_group_rule": {"direction": "ingress", "protocol": "tcp", "tenant_id": "56734569d9fe400d81a6dd333a5092de", "port_range_max": 22, "security_group_id": "208f0ffe-2233-466e-9490-736f59e688f7", "port_range_min": 22}}
    Response - Headers: {'status': '201', 'content-length': '340', 'connection': 'close', 'date': 'Tue, 08 Dec 2015 04:47:41 GMT', 'content-type': 'application/json; charset=UTF-8', 'x-openstack-request-id': 'req-6a74b7a8-7642-497a-b4ea-d3e1893e7f41'}
        Body: {"security_group_rule": {"remote_group_id": null, "direction": "ingress", "remote_ip_prefix": null, "protocol": "tcp", "ethertype": "IPv4", "tenant_id": "56734569d9fe400d81a6dd333a5092de", "port_range_max": 22, "port_range_min": 22, "id": "548cb4b4-7519-4fdc-84f2-d56d11321fb0", "security_group_id": "208f0ffe-2233-466e-9490-736f59e688f7"}}
2015-12-08 04:47:41,533 20486 INFO     [tempest_lib.common.rest_client] Request (TestGettingAddress:setUp): 201 POST http://10.0.2.15:9696/v2.0/security-group-rules 0.125s
2015-12-08 04:47:41,534 20486 DEBUG    [tempest_lib.common.rest_client] Request - Headers: {'Content-Type': 'application/json', 'Accept': 'application/json', 'X-Auth-Token': '&lt;omitted&gt;'}
        Body: {"security_group_rule": {"direction": "egress", "protocol": "tcp", "tenant_id": "56734569d9fe400d81a6dd333a5092de", "port_range_max": 22, "security_group_id": "208f0ffe-2233-466e-9490-736f59e688f7", "port_range_min": 22}}
    Response - Headers: {'status': '201', 'content-length': '339', 'connection': 'close', 'date': 'Tue, 08 Dec 2015 04:47:41 GMT', 'content-type': 'application/json; charset=UTF-8', 'x-openstack-request-id': 'req-fa995f3c-3b14-4b9e-a5b3-f008620709e3'}
        Body: {"security_group_rule": {"remote_group_id": null, "direction": "egress", "remote_ip_prefix": null, "protocol": "tcp", "ethertype": "IPv4", "tenant_id": "56734569d9fe400d81a6dd333a5092de", "port_range_max": 22, "port_range_min": 22, "id": "24552569-2b4d-417e-9e9d-239567ca2a68", "security_group_id": "208f0ffe-2233-466e-9490-736f59e688f7"}}
2015-12-08 04:47:41,658 20486 INFO     [tempest_lib.common.rest_client] Request (TestGettingAddress:setUp): 201 POST http://10.0.2.15:9696/v2.0/security-group-rules 0.123s
2015-12-08 04:47:41,659 20486 DEBUG    [tempest_lib.common.rest_client] Request - Headers: {'Content-Type': 'application/json', 'Accept': 'application/json', 'X-Auth-Token': '&lt;omitted&gt;'}
        Body: {"security_group_rule": {"tenant_id": "56734569d9fe400d81a6dd333a5092de", "direction": "ingress", "protocol": "icmp", "security_group_id": "208f0ffe-2233-466e-9490-736f59e688f7"}}
    Response - Headers: {'status': '201', 'content-length': '345', 'connection': 'close', 'date': 'Tue, 08 Dec 2015 04:47:41 GMT', 'content-type': 'application/json; charset=UTF-8', 'x-openstack-request-id': 'req-f40a964c-3fe4-4c62-aed7-ee79558b77d3'}
        Body: {"security_group_rule": {"remote_group_id": null, "direction": "ingress", "remote_ip_prefix": null, "protocol": "icmp", "ethertype": "IPv4", "tenant_id": "56734569d9fe400d81a6dd333a5092de", "port_range_max": null, "port_range_min": null, "id": "f910c127-d384-4de2-9f61-30f906de07fc", "security_group_id": "208f0ffe-2233-466e-9490-736f59e688f7"}}
2015-12-08 04:47:41,784 20486 INFO     [tempest_lib.common.rest_client] Request (TestGettingAddress:setUp): 201 POST http://10.0.2.15:9696/v2.0/security-group-rules 0.124s
2015-12-08 04:47:41,785 20486 DEBUG    [tempest_lib.common.rest_client] Request - Headers: {'Content-Type': 'application/json', 'Accept': 'application/json', 'X-Auth-Token': '&lt;omitted&gt;'}
        Body: {"security_group_rule": {"tenant_id": "56734569d9fe400d81a6dd333a5092de", "direction": "egress", "protocol": "icmp", "security_group_id": "208f0ffe-2233-466e-9490-736f59e688f7"}}
    Response - Headers: {'status': '201', 'content-length': '344', 'connection': 'close', 'date': 'Tue, 08 Dec 2015 04:47:41 GMT', 'content-type': 'application/json; charset=UTF-8', 'x-openstack-request-id': 'req-b5420e5f-ef89-4eae-88ee-50c98dc7143c'}
        Body: {"security_group_rule": {"remote_group_id": null, "direction": "egress", "remote_ip_prefix": null, "protocol": "icmp", "ethertype": "IPv4", "tenant_id": "56734569d9fe400d81a6dd333a5092de", "port_range_max": null, "port_range_min": null, "id": "70e75f5d-c3e8-46bf-a0c2-4758f29a6e14", "security_group_id": "208f0ffe-2233-466e-9490-736f59e688f7"}}
2015-12-08 04:47:41,913 20486 INFO     [tempest_lib.common.rest_client] Request (TestGettingAddress:setUp): 201 POST http://10.0.2.15:9696/v2.0/security-group-rules 0.126s
2015-12-08 04:47:41,913 20486 DEBUG    [tempest_lib.common.rest_client] Request - Headers: {'Content-Type': 'application/json', 'Accept': 'application/json', 'X-Auth-Token': '&lt;omitted&gt;'}
        Body: {"security_group_rule": {"tenant_id": "56734569d9fe400d81a6dd333a5092de", "direction": "ingress", "security_group_id": "208f0ffe-2233-466e-9490-736f59e688f7", "protocol": "icmp", "ethertype": "IPv6"}}
    Response - Headers: {'status': '201', 'content-length': '345', 'connection': 'close', 'date': 'Tue, 08 Dec 2015 04:47:41 GMT', 'content-type': 'application/json; charset=UTF-8', 'x-openstack-request-id': 'req-a443274a-482f-4bba-a4c3-502fc7e1b304'}
        Body: {"security_group_rule": {"remote_group_id": null, "direction": "ingress", "remote_ip_prefix": null, "protocol": "icmp", "ethertype": "IPv6", "tenant_id": "56734569d9fe400d81a6dd333a5092de", "port_range_max": null, "port_range_min": null, "id": "88bbb4b6-5f00-41b8-ab23-31a317a97870", "security_group_id": "208f0ffe-2233-466e-9490-736f59e688f7"}}
2015-12-08 04:47:42,158 20486 INFO     [tempest_lib.common.rest_client] Request (TestGettingAddress:setUp): 201 POST http://10.0.2.15:9696/v2.0/security-group-rules 0.243s
2015-12-08 04:47:42,158 20486 DEBUG    [tempest_lib.common.rest_client] Request - Headers: {'Content-Type': 'application/json', 'Accept': 'application/json', 'X-Auth-Token': '&lt;omitted&gt;'}
        Body: {"security_group_rule": {"tenant_id": "56734569d9fe400d81a6dd333a5092de", "direction": "egress", "security_group_id": "208f0ffe-2233-466e-9490-736f59e688f7", "protocol": "icmp", "ethertype": "IPv6"}}
    Response - Headers: {'status': '201', 'content-length': '344', 'connection': 'close', 'date': 'Tue, 08 Dec 2015 04:47:42 GMT', 'content-type': 'application/json; charset=UTF-8', 'x-openstack-request-id': 'req-2116ea76-ace5-4b4b-a48e-3594ea434e90'}
        Body: {"security_group_rule": {"remote_group_id": null, "direction": "egress", "remote_ip_prefix": null, "protocol": "icmp", "ethertype": "IPv6", "tenant_id": "56734569d9fe400d81a6dd333a5092de", "port_range_max": null, "port_range_min": null, "id": "fad0c6fd-2fee-47eb-830b-7aa7ea83cedd", "security_group_id": "208f0ffe-2233-466e-9490-736f59e688f7"}}
2015-12-08 04:47:42,349 20486 INFO     [tempest_lib.common.rest_client] Request (TestGettingAddress:test_dhcp6_stateless_from_os): 201 POST http://10.0.2.15:9696/v2.0/networks 0.188s
2015-12-08 04:47:42,349 20486 DEBUG    [tempest_lib.common.rest_client] Request - Headers: {'Content-Type': 'application/json', 'Accept': 'application/json', 'X-Auth-Token': '&lt;omitted&gt;'}
        Body: {"network": {"tenant_id": "56734569d9fe400d81a6dd333a5092de", "name": "tempest-network-smoke--738611409"}}
    Response - Headers: {'status': '201', 'content-length': '328', 'connection': 'close', 'date': 'Tue, 08 Dec 2015 04:47:42 GMT', 'content-type': 'application/json; charset=UTF-8', 'x-openstack-request-id': 'req-7c2841d6-10b7-473f-a559-5f8835379d32'}
        Body: {"network": {"status": "ACTIVE", "subnets": [], "availability_zone_hints": "[]", "name": "tempest-network-smoke--738611409", "admin_state_up": true, "tenant_id": "56734569d9fe400d81a6dd333a5092de", "mtu": 0, "router:external": false, "shared": false, "port_security_enabled": true, "id": "86dc47a9-5ef4-466b-872b-7f4bfd8bba7b"}}
2015-12-08 04:47:42,522 20486 INFO     [tempest_lib.common.rest_client] Request (TestGettingAddress:test_dhcp6_stateless_from_os): 200 GET http://10.0.2.15:9696/v2.0/subnets?tenant_id=56734569d9fe400d81a6dd333a5092de&amp;cidr=10.100.0.0%2F28 0.171s
2015-12-08 04:47:42,523 20486 DEBUG    [tempest_lib.common.rest_client] Request - Headers: {'Content-Type': 'application/json', 'Accept': 'application/json', 'X-Auth-Token': '&lt;omitted&gt;'}
        Body: None
    Response - Headers: {'status': '200', 'content-length': '15', 'content-location': 'http://10.0.2.15:9696/v2.0/subnets?tenant_id=56734569d9fe400d81a6dd333a5092de&amp;cidr=10.100.0.0%2F28', 'connection': 'close', 'date': 'Tue, 08 Dec 2015 04:47:42 GMT', 'content-type': 'application/json; charset=UTF-8', 'x-openstack-request-id': 'req-fbeba05c-f962-4b79-b012-826170f9336f'}
        Body: {"subnets": []}
2015-12-08 04:47:42,895 20486 INFO     [tempest_lib.common.rest_client] Request (TestGettingAddress:test_dhcp6_stateless_from_os): 201 POST http://10.0.2.15:9696/v2.0/subnets 0.371s
2015-12-08 04:47:42,896 20486 DEBUG    [tempest_lib.common.rest_client] Request - Headers: {'Content-Type': 'application/json', 'Accept': 'application/json', 'X-Auth-Token': '&lt;omitted&gt;'}
        Body: {"subnet": {"ip_version": 4, "tenant_id": "56734569d9fe400d81a6dd333a5092de", "cidr": "10.100.0.0/28", "network_id": "86dc47a9-5ef4-466b-872b-7f4bfd8bba7b", "name": "tempest-sub4-514610436"}}
    Response - Headers: {'status': '201', 'content-length': '469', 'connection': 'close', 'date': 'Tue, 08 Dec 2015 04:47:42 GMT', 'content-type': 'application/json; charset=UTF-8', 'x-openstack-request-id': 'req-3ef36735-421b-428e-8ab1-8582b4c9de1e'}
        Body: {"subnet": {"name": "tempest-sub4-514610436", "enable_dhcp": true, "network_id": "86dc47a9-5ef4-466b-872b-7f4bfd8bba7b", "tenant_id": "56734569d9fe400d81a6dd333a5092de", "dns_nameservers": [], "gateway_ip": "10.100.0.1", "ipv6_ra_mode": null, "allocation_pools": [{"start": "10.100.0.2", "end": "10.100.0.14"}], "host_routes": [], "ip_version": 4, "ipv6_address_mode": null, "cidr": "10.100.0.0/28", "id": "2e001011-6b52-4105-ad3a-4c56df4af48d", "subnetpool_id": null}}
2015-12-08 04:47:42,971 20486 INFO     [tempest_lib.common.rest_client] Request (TestGettingAddress:test_dhcp6_stateless_from_os): 201 POST http://10.0.2.15:9696/v2.0/routers 0.073s
2015-12-08 04:47:42,972 20486 DEBUG    [tempest_lib.common.rest_client] Request - Headers: {'Content-Type': 'application/json', 'Accept': 'application/json', 'X-Auth-Token': '&lt;omitted&gt;'}
        Body: {"router": {"tenant_id": "56734569d9fe400d81a6dd333a5092de", "name": "tempest-router-smoke-1278864707", "admin_state_up": true}}
    Response - Headers: {'status': '201', 'content-length': '296', 'connection': 'close', 'date': 'Tue, 08 Dec 2015 04:47:42 GMT', 'content-type': 'application/json; charset=UTF-8', 'x-openstack-request-id': 'req-ffa3200d-717a-4834-bd2b-662eb75c18d9'}
        Body: {"router": {"status": "ACTIVE", "external_gateway_info": null, "availability_zone_hints": [], "availability_zones": [], "name": "tempest-router-smoke-1278864707", "admin_state_up": true, "tenant_id": "56734569d9fe400d81a6dd333a5092de", "routes": [], "id": "324f7f76-1138-4449-af10-06d8b49e1894"}}
2015-12-08 04:47:43,021 20486 INFO     [tempest_lib.common.rest_client] Request (TestGettingAddress:test_dhcp6_stateless_from_os): 200 GET http://10.0.2.15:9696/v2.0/routers/324f7f76-1138-4449-af10-06d8b49e1894 0.049s
2015-12-08 04:47:43,022 20486 DEBUG    [tempest_lib.common.rest_client] Request - Headers: {'Content-Type': 'application/json', 'Accept': 'application/json', 'X-Auth-Token': '&lt;omitted&gt;'}
        Body: None
    Response - Headers: {'status': '200', 'content-length': '296', 'content-location': 'http://10.0.2.15:9696/v2.0/routers/324f7f76-1138-4449-af10-06d8b49e1894', 'connection': 'close', 'date': 'Tue, 08 Dec 2015 04:47:43 GMT', 'content-type': 'application/json; charset=UTF-8', 'x-openstack-request-id': 'req-85be01fc-8a06-4e63-a7c0-77e8f8c322b5'}
        Body: {"router": {"status": "ACTIVE", "external_gateway_info": null, "availability_zone_hints": [], "availability_zones": [], "name": "tempest-router-smoke-1278864707", "admin_state_up": true, "tenant_id": "56734569d9fe400d81a6dd333a5092de", "routes": [], "id": "324f7f76-1138-4449-af10-06d8b49e1894"}}
2015-12-08 04:47:43,930 20486 INFO     [tempest_lib.common.rest_client] Request (TestGettingAddress:test_dhcp6_stateless_from_os): 200 PUT http://10.0.2.15:9696/v2.0/routers/324f7f76-1138-4449-af10-06d8b49e1894 0.908s
2015-12-08 04:47:43,931 20486 DEBUG    [tempest_lib.common.rest_client] Request - Headers: {'Content-Type': 'application/json', 'Accept': 'application/json', 'X-Auth-Token': '&lt;omitted&gt;'}
        Body: {"router": {"external_gateway_info": {"network_id": "75709b11-6641-4b0e-81ba-18e6ddfca514"}, "name": "tempest-router-smoke-1278864707", "admin_state_up": true}}
    Response - Headers: {'status': '200', 'content-length': '558', 'connection': 'close', 'date': 'Tue, 08 Dec 2015 04:47:43 GMT', 'content-type': 'application/json; charset=UTF-8', 'x-openstack-request-id': 'req-6d83459c-fa5e-4ee7-957b-99d4ea035bdf'}
        Body: {"router": {"status": "ACTIVE", "external_gateway_info": {"network_id": "75709b11-6641-4b0e-81ba-18e6ddfca514", "enable_snat": true, "external_fixed_ips": [{"subnet_id": "a6c078f0-0daf-4505-8708-9398e7275e38", "ip_address": "172.24.4.3"}, {"subnet_id": "fb1c166e-fc02-452c-a062-4a3ca03841c4", "ip_address": "2001:db8::4"}]}, "availability_zone_hints": [], "availability_zones": [], "name": "tempest-router-smoke-1278864707", "admin_state_up": true, "tenant_id": "56734569d9fe400d81a6dd333a5092de", "routes": [], "id": "324f7f76-1138-4449-af10-06d8b49e1894"}}
2015-12-08 04:47:44,743 20486 INFO     [tempest_lib.common.rest_client] Request (TestGettingAddress:test_dhcp6_stateless_from_os): 200 PUT http://10.0.2.15:9696/v2.0/routers/324f7f76-1138-4449-af10-06d8b49e1894/add_router_interface 0.811s
2015-12-08 04:47:44,744 20486 DEBUG    [tempest_lib.common.rest_client] Request - Headers: {'Content-Type': 'application/json', 'Accept': 'application/json', 'X-Auth-Token': '&lt;omitted&gt;'}
        Body: {"subnet_id": "2e001011-6b52-4105-ad3a-4c56df4af48d"}
    Response - Headers: {'status': '200', 'content-length': '255', 'connection': 'close', 'date': 'Tue, 08 Dec 2015 04:47:44 GMT', 'content-type': 'application/json; charset=UTF-8', 'x-openstack-request-id': 'req-56ca3457-5457-49c4-b7bd-7c23dcf25ab0'}
        Body: {"subnet_id": "2e001011-6b52-4105-ad3a-4c56df4af48d", "tenant_id": "56734569d9fe400d81a6dd333a5092de", "subnet_ids": ["2e001011-6b52-4105-ad3a-4c56df4af48d"], "port_id": "9cd6250e-64a7-4cb1-91fd-1664b0572839", "id": "324f7f76-1138-4449-af10-06d8b49e1894"}
2015-12-08 04:47:44,927 20486 INFO     [tempest_lib.common.rest_client] Request (TestGettingAddress:test_dhcp6_stateless_from_os): 200 GET http://10.0.2.15:9696/v2.0/subnets?tenant_id=56734569d9fe400d81a6dd333a5092de&amp;cidr=2003%3A%3A%2F64 0.181s
2015-12-08 04:47:44,927 20486 DEBUG    [tempest_lib.common.rest_client] Request - Headers: {'Content-Type': 'application/json', 'Accept': 'application/json', 'X-Auth-Token': '&lt;omitted&gt;'}
        Body: None
    Response - Headers: {'status': '200', 'content-length': '15', 'content-location': 'http://10.0.2.15:9696/v2.0/subnets?tenant_id=56734569d9fe400d81a6dd333a5092de&amp;cidr=2003%3A%3A%2F64', 'connection': 'close', 'date': 'Tue, 08 Dec 2015 04:47:44 GMT', 'content-type': 'application/json; charset=UTF-8', 'x-openstack-request-id': 'req-84e511e2-a789-4906-a452-8828726bb6b2'}
        Body: {"subnets": []}
2015-12-08 04:47:45,306 20486 INFO     [tempest_lib.common.rest_client] Request (TestGettingAddress:test_dhcp6_stateless_from_os): 201 POST http://10.0.2.15:9696/v2.0/subnets 0.378s
2015-12-08 04:47:45,307 20486 DEBUG    [tempest_lib.common.rest_client] Request - Headers: {'Content-Type': 'application/json', 'Accept': 'application/json', 'X-Auth-Token': '&lt;omitted&gt;'}
        Body: {"subnet": {"name": "tempest-sub6-394852429", "network_id": "86dc47a9-5ef4-466b-872b-7f4bfd8bba7b", "tenant_id": "56734569d9fe400d81a6dd333a5092de", "ipv6_ra_mode": "dhcpv6-stateless", "ip_version": 6, "ipv6_address_mode": "dhcpv6-stateless", "cidr": "2003::/64"}}
    Response - Headers: {'status': '201', 'content-length': '501', 'connection': 'close', 'date': 'Tue, 08 Dec 2015 04:47:45 GMT', 'content-type': 'application/json; charset=UTF-8', 'x-openstack-request-id': 'req-ba0198bf-3953-4203-8346-c54ca2cb57dc'}
        Body: {"subnet": {"name": "tempest-sub6-394852429", "enable_dhcp": true, "network_id": "86dc47a9-5ef4-466b-872b-7f4bfd8bba7b", "tenant_id": "56734569d9fe400d81a6dd333a5092de", "dns_nameservers": [], "gateway_ip": "2003::1", "ipv6_ra_mode": "dhcpv6-stateless", "allocation_pools": [{"start": "2003::2", "end": "2003::ffff:ffff:ffff:ffff"}], "host_routes": [], "ip_version": 6, "ipv6_address_mode": "dhcpv6-stateless", "cidr": "2003::/64", "id": "5e096676-ae1b-408f-a4cc-41e441b05b4b", "subnetpool_id": null}}
2015-12-08 04:47:45,986 20486 INFO     [tempest_lib.common.rest_client] Request (TestGettingAddress:test_dhcp6_stateless_from_os): 200 PUT http://10.0.2.15:9696/v2.0/routers/324f7f76-1138-4449-af10-06d8b49e1894/add_router_interface 0.678s
2015-12-08 04:47:45,987 20486 DEBUG    [tempest_lib.common.rest_client] Request - Headers: {'Content-Type': 'application/json', 'Accept': 'application/json', 'X-Auth-Token': '&lt;omitted&gt;'}
        Body: {"subnet_id": "5e096676-ae1b-408f-a4cc-41e441b05b4b"}
    Response - Headers: {'status': '200', 'content-length': '255', 'connection': 'close', 'date': 'Tue, 08 Dec 2015 04:47:45 GMT', 'content-type': 'application/json; charset=UTF-8', 'x-openstack-request-id': 'req-81826bbd-8764-4661-8531-399e605ed4f0'}
        Body: {"subnet_id": "5e096676-ae1b-408f-a4cc-41e441b05b4b", "tenant_id": "56734569d9fe400d81a6dd333a5092de", "subnet_ids": ["5e096676-ae1b-408f-a4cc-41e441b05b4b"], "port_id": "b79eb9bc-9a94-4910-8d82-cb4f807cf9d0", "id": "324f7f76-1138-4449-af10-06d8b49e1894"}
2015-12-08 04:47:46,105 20486 INFO     [tempest_lib.common.rest_client] Request (TestGettingAddress:test_dhcp6_stateless_from_os): 200 POST http://10.0.2.15:5000/v2.0/tokens
2015-12-08 04:47:46,105 20486 DEBUG    [tempest_lib.common.rest_client] Request - Headers: {'Content-Type': 'application/json', 'Accept': 'application/json'}
        Body: &lt;omitted&gt;
    Response - Headers: {'status': '200', 'content-length': '2526', 'vary': 'X-Auth-Token', 'server': 'Apache/2.4.7 (Ubuntu)', 'connection': 'close', 'date': 'Tue, 08 Dec 2015 04:47:45 GMT', 'content-type': 'application/json', 'x-openstack-request-id': 'req-88ca8fb3-06c5-462f-bbbf-5b9742385e15'}
        Body: {"access": {"token": {"issued_at": "2015-12-08T04:47:46.090272", "expires": "2015-12-08T05:47:46Z", "id": "dd6e2b8d6e9d4e5abeb0de0880cdfa9a", "tenant": {"description": "tempest-TestGettingAddress-1564533801-desc", "enabled": true, "id": "56734569d9fe400d81a6dd333a5092de", "name": "tempest-TestGettingAddress-1564533801"}, "audit_ids": ["9nWWwO_WSaKY_9BBkQqH1A"]}, "serviceCatalog": [{"endpoints": [{"adminURL": "http://10.0.2.15:8774/v2.1/56734569d9fe400d81a6dd333a5092de", "region": "RegionOne", "internalURL": "http://10.0.2.15:8774/v2.1/56734569d9fe400d81a6dd333a5092de", "id": "175f1135ef0a4b558bd34e2ea383e9e3", "publicURL": "http://10.0.2.15:8774/v2.1/56734569d9fe400d81a6dd333a5092de"}], "endpoints_links": [], "type": "compute", "name": "nova"}, {"endpoints": [{"adminURL": "http://10.0.2.15:9696/", "region": "RegionOne", "internalURL": "http://10.0.2.15:9696/", "id": "7062c4c96c3f4d24a54729ab8b69ca2e", "publicURL": "http://10.0.2.15:9696/"}], "endpoints_links": [], "type": "network", "name": "neutron"}, {"endpoints": [{"adminURL": "http://10.0.2.15:9292", "region": "RegionOne", "internalURL": "http://10.0.2.15:9292", "id": "727cf7ebff9f45e1abb1d3fe959f507a", "publicURL": "http://10.0.2.15:9292"}], "endpoints_links": [], "type": "image", "name": "glance"}, {"endpoints": [{"adminURL": "http://10.0.2.15:8774/v2/56734569d9fe400d81a6dd333a5092de", "region": "RegionOne", "internalURL": "http://10.0.2.15:8774/v2/56734569d9fe400d81a6dd333a5092de", "id": "29f6e37f1f984152977764ac9480a73f", "publicURL": "http://10.0.2.15:8774/v2/56734569d9fe400d81a6dd333a5092de"}], "endpoints_links": [], "type": "compute_legacy", "name": "nova_legacy"}, {"endpoints": [{"adminURL": "http://10.0.2.15:8773/", "region": "RegionOne", "internalURL": "http://10.0.2.15:8773/", "id": "896f8f1d44b942f5981e4e716406097b", "publicURL": "http://10.0.2.15:8773/"}], "endpoints_links": [], "type": "ec2", "name": "ec2"}, {"endpoints": [{"adminURL": "http://10.0.2.15:35357/v2.0", "region": "RegionOne", "internalURL": "http://10.0.2.15:5000/v2.0", "id": "30c87fd63d4144d6b09786e55990897e", "publicURL": "http://10.0.2.15:5000/v2.0"}], "endpoints_links": [], "type": "identity", "name": "keystone"}], "user": {"username": "tempest-TestGettingAddress-1970830175", "roles_links": [], "id": "507a0fc3d22f4393a733699a7bc6cc03", "roles": [{"name": "_member_"}, {"name": "Member"}], "name": "tempest-TestGettingAddress-1970830175"}, "metadata": {"is_admin": 0, "roles": ["9fe2ff9ee4384b1894a90878d3e92bab", "c735fbf1e9514c0cb504f224ec1bf596"]}}}
2015-12-08 04:47:46,113 20486 DEBUG    [tempest.common.fixed_network] (TestGettingAddress:test_dhcp6_stateless_from_os) No valid network provided or created, defaulting to fixed_network_name
2015-12-08 04:47:46,441 20486 INFO     [tempest_lib.common.rest_client] Request (TestGettingAddress:test_dhcp6_stateless_from_os): 200 GET http://10.0.2.15:8774/v2.1/56734569d9fe400d81a6dd333a5092de/os-networks 0.327s
2015-12-08 04:47:46,441 20486 DEBUG    [tempest_lib.common.rest_client] Request - Headers: {'Content-Type': 'application/json', 'Accept': 'application/json', 'X-Auth-Token': '&lt;omitted&gt;'}
        Body: None
    Response - Headers: {'status': '200', 'content-length': '478', 'content-location': 'http://10.0.2.15:8774/v2.1/56734569d9fe400d81a6dd333a5092de/os-networks', 'x-compute-request-id': 'req-bbd2ae2d-7a63-46df-a7b9-b217999708ed', 'vary': 'X-OpenStack-Nova-API-Version', 'connection': 'close', 'x-openstack-nova-api-version': '2.1', 'date': 'Tue, 08 Dec 2015 04:47:46 GMT', 'content-type': 'application/json'}
        Body: {"networks": [{"cidr_v6": null, "dns2": null, "dns1": null, "gateway": null, "broadcast": null, "netmask": null, "gateway_v6": null, "cidr": null, "label": "tempest-network-smoke--738611409", "id": "86dc47a9-5ef4-466b-872b-7f4bfd8bba7b", "netmask_v6": null}, {"cidr_v6": null, "dns2": null, "dns1": null, "gateway": null, "broadcast": null, "netmask": null, "gateway_v6": null, "cidr": null, "label": "public", "id": "75709b11-6641-4b0e-81ba-18e6ddfca514", "netmask_v6": null}]}
2015-12-08 04:47:46,442 20486 WARNING  [tempest.common.fixed_network] (TestGettingAddress:test_dhcp6_stateless_from_os) Network with name: private not found
2015-12-08 04:47:46,442 20486 INFO     [tempest.common.fixed_network] (TestGettingAddress:test_dhcp6_stateless_from_os) Found network {} available for tenant
2015-12-08 04:47:48,252 20486 INFO     [tempest_lib.common.rest_client] Request (TestGettingAddress:test_dhcp6_stateless_from_os): 202 POST http://10.0.2.15:8774/v2.1/56734569d9fe400d81a6dd333a5092de/servers 1.809s
2015-12-08 04:47:48,252 20486 DEBUG    [tempest_lib.common.rest_client] Request - Headers: {'Content-Type': 'application/json', 'Accept': 'application/json', 'X-Auth-Token': '&lt;omitted&gt;'}
        Body: {"server": {"name": "tempest.common.compute-instance-775770684", "imageRef": "fca3d93c-7e75-4a47-aa05-ecdad3e4d743", "key_name": "tempest-TestGettingAddress-754108074", "flavorRef": "42", "networks": [{"uuid": "86dc47a9-5ef4-466b-872b-7f4bfd8bba7b"}], "security_groups": [{"name": "tempest-secgroup-smoke-1746942270"}]}}
    Response - Headers: {'status': '202', 'content-length': '462', 'x-compute-request-id': 'req-10b184cd-50cf-4dbc-80c8-ebeaa27b3e54', 'vary': 'X-OpenStack-Nova-API-Version', 'connection': 'close', 'location': 'http://10.0.2.15:8774/v2.1/56734569d9fe400d81a6dd333a5092de/servers/817bcb0b-c96d-4b5f-8845-8a2764f1feb2', 'x-openstack-nova-api-version': '2.1', 'date': 'Tue, 08 Dec 2015 04:47:48 GMT', 'content-type': 'application/json'}
        Body: {"server": {"security_groups": [{"name": "tempest-secgroup-smoke-1746942270"}], "OS-DCF:diskConfig": "MANUAL", "id": "817bcb0b-c96d-4b5f-8845-8a2764f1feb2", "links": [{"href": "http://10.0.2.15:8774/v2.1/56734569d9fe400d81a6dd333a5092de/servers/817bcb0b-c96d-4b5f-8845-8a2764f1feb2", "rel": "self"}, {"href": "http://10.0.2.15:8774/56734569d9fe400d81a6dd333a5092de/servers/817bcb0b-c96d-4b5f-8845-8a2764f1feb2", "rel": "bookmark"}], "adminPass": "8oiGXEgTzput"}}
2015-12-08 04:47:48,405 20486 INFO     [tempest_lib.common.rest_client] Request (TestGettingAddress:test_dhcp6_stateless_from_os): 200 GET http://10.0.2.15:8774/v2.1/56734569d9fe400d81a6dd333a5092de/servers/817bcb0b-c96d-4b5f-8845-8a2764f1feb2 0.146s
2015-12-08 04:47:48,406 20486 DEBUG    [tempest_lib.common.rest_client] Request - Headers: {'Content-Type': 'application/json', 'Accept': 'application/json', 'X-Auth-Token': '&lt;omitted&gt;'}
        Body: None
    Response - Headers: {'status': '200', 'content-length': '1353', 'content-location': 'http://10.0.2.15:8774/v2.1/56734569d9fe400d81a6dd333a5092de/servers/817bcb0b-c96d-4b5f-8845-8a2764f1feb2', 'x-compute-request-id': 'req-e99cff22-9ade-4bd4-be98-b833ea2fb6cf', 'vary': 'X-OpenStack-Nova-API-Version', 'connection': 'close', 'x-openstack-nova-api-version': '2.1', 'date': 'Tue, 08 Dec 2015 04:47:48 GMT', 'content-type': 'application/json'}
        Body: {"server": {"status": "BUILD", "updated": "2015-12-08T04:47:48Z", "hostId": "", "addresses": {}, "links": [{"href": "http://10.0.2.15:8774/v2.1/56734569d9fe400d81a6dd333a5092de/servers/817bcb0b-c96d-4b5f-8845-8a2764f1feb2", "rel": "self"}, {"href": "http://10.0.2.15:8774/56734569d9fe400d81a6dd333a5092de/servers/817bcb0b-c96d-4b5f-8845-8a2764f1feb2", "rel": "bookmark"}], "key_name": "tempest-TestGettingAddress-754108074", "image": {"id": "fca3d93c-7e75-4a47-aa05-ecdad3e4d743", "links": [{"href": "http://10.0.2.15:8774/56734569d9fe400d81a6dd333a5092de/images/fca3d93c-7e75-4a47-aa05-ecdad3e4d743", "rel": "bookmark"}]}, "OS-EXT-STS:task_state": "scheduling", "OS-EXT-STS:vm_state": "building", "OS-SRV-USG:launched_at": null, "flavor": {"id": "42", "links": [{"href": "http://10.0.2.15:8774/56734569d9fe400d81a6dd333a5092de/flavors/42", "rel": "bookmark"}]}, "id": "817bcb0b-c96d-4b5f-8845-8a2764f1feb2", "OS-SRV-USG:terminated_at": null, "OS-EXT-AZ:availability_zone": "", "user_id": "507a0fc3d22f4393a733699a7bc6cc03", "name": "tempest.common.compute-instance-775770684", "created": "2015-12-08T04:47:48Z", "tenant_id": "56734569d9fe400d81a6dd333a5092de", "OS-DCF:diskConfig": "MANUAL", "os-extended-volumes:volumes_attached": [], "accessIPv4": "", "accessIPv6": "", "progress": 0, "OS-EXT-STS:power_state": 0, "config_drive": "", "metadata": {}}}
2015-12-08 04:47:49,577 20486 INFO     [tempest_lib.common.rest_client] Request (TestGettingAddress:test_dhcp6_stateless_from_os): 200 GET http://10.0.2.15:8774/v2.1/56734569d9fe400d81a6dd333a5092de/servers/817bcb0b-c96d-4b5f-8845-8a2764f1feb2 0.161s
2015-12-08 04:47:49,578 20486 DEBUG    [tempest_lib.common.rest_client] Request - Headers: {'Content-Type': 'application/json', 'Accept': 'application/json', 'X-Auth-Token': '&lt;omitted&gt;'}
        Body: None
    Response - Headers: {'status': '200', 'content-length': '1411', 'content-location': 'http://10.0.2.15:8774/v2.1/56734569d9fe400d81a6dd333a5092de/servers/817bcb0b-c96d-4b5f-8845-8a2764f1feb2', 'x-compute-request-id': 'req-fcad2a8b-9c1e-496e-ba34-880e15193e1a', 'vary': 'X-OpenStack-Nova-API-Version', 'connection': 'close', 'x-openstack-nova-api-version': '2.1', 'date': 'Tue, 08 Dec 2015 04:47:49 GMT', 'content-type': 'application/json'}
        Body: {"server": {"status": "BUILD", "updated": "2015-12-08T04:47:49Z", "hostId": "64c81a7c3afce26c9c16275182831e36a728d9ab2252dd67e842eec4", "addresses": {}, "links": [{"href": "http://10.0.2.15:8774/v2.1/56734569d9fe400d81a6dd333a5092de/servers/817bcb0b-c96d-4b5f-8845-8a2764f1feb2", "rel": "self"}, {"href": "http://10.0.2.15:8774/56734569d9fe400d81a6dd333a5092de/servers/817bcb0b-c96d-4b5f-8845-8a2764f1feb2", "rel": "bookmark"}], "key_name": "tempest-TestGettingAddress-754108074", "image": {"id": "fca3d93c-7e75-4a47-aa05-ecdad3e4d743", "links": [{"href": "http://10.0.2.15:8774/56734569d9fe400d81a6dd333a5092de/images/fca3d93c-7e75-4a47-aa05-ecdad3e4d743", "rel": "bookmark"}]}, "OS-EXT-STS:task_state": "spawning", "OS-EXT-STS:vm_state": "building", "OS-SRV-USG:launched_at": null, "flavor": {"id": "42", "links": [{"href": "http://10.0.2.15:8774/56734569d9fe400d81a6dd333a5092de/flavors/42", "rel": "bookmark"}]}, "id": "817bcb0b-c96d-4b5f-8845-8a2764f1feb2", "OS-SRV-USG:terminated_at": null, "OS-EXT-AZ:availability_zone": "nova", "user_id": "507a0fc3d22f4393a733699a7bc6cc03", "name": "tempest.common.compute-instance-775770684", "created": "2015-12-08T04:47:48Z", "tenant_id": "56734569d9fe400d81a6dd333a5092de", "OS-DCF:diskConfig": "MANUAL", "os-extended-volumes:volumes_attached": [], "accessIPv4": "", "accessIPv6": "", "progress": 0, "OS-EXT-STS:power_state": 0, "config_drive": "", "metadata": {}}}
2015-12-08 04:47:49,587 20486 INFO     [tempest.common.waiters] State transition "BUILD/scheduling" ==&gt; "BUILD/spawning" after 1 second wait
2015-12-08 04:47:50,947 20486 INFO     [tempest_lib.common.rest_client] Request (TestGettingAddress:test_dhcp6_stateless_from_os): 200 GET http://10.0.2.15:8774/v2.1/56734569d9fe400d81a6dd333a5092de/servers/817bcb0b-c96d-4b5f-8845-8a2764f1feb2 0.358s
2015-12-08 04:47:50,947 20486 DEBUG    [tempest_lib.common.rest_client] Request - Headers: {'Content-Type': 'application/json', 'Accept': 'application/json', 'X-Auth-Token': '&lt;omitted&gt;'}
        Body: None
    Response - Headers: {'status': '200', 'content-length': '1479', 'content-location': 'http://10.0.2.15:8774/v2.1/56734569d9fe400d81a6dd333a5092de/servers/817bcb0b-c96d-4b5f-8845-8a2764f1feb2', 'x-compute-request-id': 'req-f6de72fc-4076-4edc-99bf-b5ec6ae13c7e', 'vary': 'X-OpenStack-Nova-API-Version', 'connection': 'close', 'x-openstack-nova-api-version': '2.1', 'date': 'Tue, 08 Dec 2015 04:47:50 GMT', 'content-type': 'application/json'}
        Body: {"server": {"status": "BUILD", "updated": "2015-12-08T04:47:49Z", "hostId": "64c81a7c3afce26c9c16275182831e36a728d9ab2252dd67e842eec4", "addresses": {}, "links": [{"href": "http://10.0.2.15:8774/v2.1/56734569d9fe400d81a6dd333a5092de/servers/817bcb0b-c96d-4b5f-8845-8a2764f1feb2", "rel": "self"}, {"href": "http://10.0.2.15:8774/56734569d9fe400d81a6dd333a5092de/servers/817bcb0b-c96d-4b5f-8845-8a2764f1feb2", "rel": "bookmark"}], "key_name": "tempest-TestGettingAddress-754108074", "image": {"id": "fca3d93c-7e75-4a47-aa05-ecdad3e4d743", "links": [{"href": "http://10.0.2.15:8774/56734569d9fe400d81a6dd333a5092de/images/fca3d93c-7e75-4a47-aa05-ecdad3e4d743", "rel": "bookmark"}]}, "OS-EXT-STS:task_state": "spawning", "OS-EXT-STS:vm_state": "building", "OS-SRV-USG:launched_at": null, "flavor": {"id": "42", "links": [{"href": "http://10.0.2.15:8774/56734569d9fe400d81a6dd333a5092de/flavors/42", "rel": "bookmark"}]}, "id": "817bcb0b-c96d-4b5f-8845-8a2764f1feb2", "security_groups": [{"name": "tempest-secgroup-smoke-1746942270"}], "OS-SRV-USG:terminated_at": null, "OS-EXT-AZ:availability_zone": "nova", "user_id": "507a0fc3d22f4393a733699a7bc6cc03", "name": "tempest.common.compute-instance-775770684", "created": "2015-12-08T04:47:48Z", "tenant_id": "56734569d9fe400d81a6dd333a5092de", "OS-DCF:diskConfig": "MANUAL", "os-extended-volumes:volumes_attached": [], "accessIPv4": "", "accessIPv6": "", "progress": 0, "OS-EXT-STS:power_state": 0, "config_drive": "", "metadata": {}}}
2015-12-08 04:47:52,335 20486 INFO     [tempest_lib.common.rest_client] Request (TestGettingAddress:test_dhcp6_stateless_from_os): 200 GET http://10.0.2.15:8774/v2.1/56734569d9fe400d81a6dd333a5092de/servers/817bcb0b-c96d-4b5f-8845-8a2764f1feb2 0.376s
2015-12-08 04:47:52,336 20486 DEBUG    [tempest_lib.common.rest_client] Request - Headers: {'Content-Type': 'application/json', 'Accept': 'application/json', 'X-Auth-Token': '&lt;omitted&gt;'}
        Body: None
    Response - Headers: {'status': '200', 'content-length': '1779', 'content-location': 'http://10.0.2.15:8774/v2.1/56734569d9fe400d81a6dd333a5092de/servers/817bcb0b-c96d-4b5f-8845-8a2764f1feb2', 'x-compute-request-id': 'req-37e58194-69f1-40cc-bc96-ccc83f09a858', 'vary': 'X-OpenStack-Nova-API-Version', 'connection': 'close', 'x-openstack-nova-api-version': '2.1', 'date': 'Tue, 08 Dec 2015 04:47:52 GMT', 'content-type': 'application/json'}
        Body: {"server": {"status": "ACTIVE", "updated": "2015-12-08T04:47:52Z", "hostId": "64c81a7c3afce26c9c16275182831e36a728d9ab2252dd67e842eec4", "addresses": {"tempest-network-smoke--738611409": [{"OS-EXT-IPS-MAC:mac_addr": "fa:16:3e:01:b1:48", "version": 4, "addr": "10.100.0.3", "OS-EXT-IPS:type": "fixed"}, {"OS-EXT-IPS-MAC:mac_addr": "fa:16:3e:01:b1:48", "version": 6, "addr": "2003::f816:3eff:fe01:b148", "OS-EXT-IPS:type": "fixed"}]}, "links": [{"href": "http://10.0.2.15:8774/v2.1/56734569d9fe400d81a6dd333a5092de/servers/817bcb0b-c96d-4b5f-8845-8a2764f1feb2", "rel": "self"}, {"href": "http://10.0.2.15:8774/56734569d9fe400d81a6dd333a5092de/servers/817bcb0b-c96d-4b5f-8845-8a2764f1feb2", "rel": "bookmark"}], "key_name": "tempest-TestGettingAddress-754108074", "image": {"id": "fca3d93c-7e75-4a47-aa05-ecdad3e4d743", "links": [{"href": "http://10.0.2.15:8774/56734569d9fe400d81a6dd333a5092de/images/fca3d93c-7e75-4a47-aa05-ecdad3e4d743", "rel": "bookmark"}]}, "OS-EXT-STS:task_state": null, "OS-EXT-STS:vm_state": "active", "OS-SRV-USG:launched_at": "2015-12-08T04:47:51.000000", "flavor": {"id": "42", "links": [{"href": "http://10.0.2.15:8774/56734569d9fe400d81a6dd333a5092de/flavors/42", "rel": "bookmark"}]}, "id": "817bcb0b-c96d-4b5f-8845-8a2764f1feb2", "security_groups": [{"name": "tempest-secgroup-smoke-1746942270"}], "OS-SRV-USG:terminated_at": null, "OS-EXT-AZ:availability_zone": "nova", "user_id": "507a0fc3d22f4393a733699a7bc6cc03", "name": "tempest.common.compute-instance-775770684", "created": "2015-12-08T04:47:48Z", "tenant_id": "56734569d9fe400d81a6dd333a5092de", "OS-DCF:diskConfig": "MANUAL", "os-extended-volumes:volumes_attached": [], "accessIPv4": "", "accessIPv6": "", "progress": 0, "OS-EXT-STS:power_state": 1, "config_drive": "True", "metadata": {}}}
2015-12-08 04:47:52,344 20486 INFO     [tempest.common.waiters] State transition "BUILD/spawning" ==&gt; "ACTIVE/None" after 4 second wait
2015-12-08 04:47:52,537 20486 INFO     [tempest_lib.common.rest_client] Request (TestGettingAddress:test_dhcp6_stateless_from_os): 200 GET http://10.0.2.15:8774/v2.1/56734569d9fe400d81a6dd333a5092de/servers/817bcb0b-c96d-4b5f-8845-8a2764f1feb2 0.192s
2015-12-08 04:47:52,537 20486 DEBUG    [tempest_lib.common.rest_client] Request - Headers: {'Content-Type': 'application/json', 'Accept': 'application/json', 'X-Auth-Token': '&lt;omitted&gt;'}
        Body: None
    Response - Headers: {'status': '200', 'content-length': '1779', 'content-location': 'http://10.0.2.15:8774/v2.1/56734569d9fe400d81a6dd333a5092de/servers/817bcb0b-c96d-4b5f-8845-8a2764f1feb2', 'x-compute-request-id': 'req-10108bb0-3ab8-4e7f-a199-e5eb16a1143f', 'vary': 'X-OpenStack-Nova-API-Version', 'connection': 'close', 'x-openstack-nova-api-version': '2.1', 'date': 'Tue, 08 Dec 2015 04:47:52 GMT', 'content-type': 'application/json'}
        Body: {"server": {"status": "ACTIVE", "updated": "2015-12-08T04:47:52Z", "hostId": "64c81a7c3afce26c9c16275182831e36a728d9ab2252dd67e842eec4", "addresses": {"tempest-network-smoke--738611409": [{"OS-EXT-IPS-MAC:mac_addr": "fa:16:3e:01:b1:48", "version": 4, "addr": "10.100.0.3", "OS-EXT-IPS:type": "fixed"}, {"OS-EXT-IPS-MAC:mac_addr": "fa:16:3e:01:b1:48", "version": 6, "addr": "2003::f816:3eff:fe01:b148", "OS-EXT-IPS:type": "fixed"}]}, "links": [{"href": "http://10.0.2.15:8774/v2.1/56734569d9fe400d81a6dd333a5092de/servers/817bcb0b-c96d-4b5f-8845-8a2764f1feb2", "rel": "self"}, {"href": "http://10.0.2.15:8774/56734569d9fe400d81a6dd333a5092de/servers/817bcb0b-c96d-4b5f-8845-8a2764f1feb2", "rel": "bookmark"}], "key_name": "tempest-TestGettingAddress-754108074", "image": {"id": "fca3d93c-7e75-4a47-aa05-ecdad3e4d743", "links": [{"href": "http://10.0.2.15:8774/56734569d9fe400d81a6dd333a5092de/images/fca3d93c-7e75-4a47-aa05-ecdad3e4d743", "rel": "bookmark"}]}, "OS-EXT-STS:task_state": null, "OS-EXT-STS:vm_state": "active", "OS-SRV-USG:launched_at": "2015-12-08T04:47:51.000000", "flavor": {"id": "42", "links": [{"href": "http://10.0.2.15:8774/56734569d9fe400d81a6dd333a5092de/flavors/42", "rel": "bookmark"}]}, "id": "817bcb0b-c96d-4b5f-8845-8a2764f1feb2", "security_groups": [{"name": "tempest-secgroup-smoke-1746942270"}], "OS-SRV-USG:terminated_at": null, "OS-EXT-AZ:availability_zone": "nova", "user_id": "507a0fc3d22f4393a733699a7bc6cc03", "name": "tempest.common.compute-instance-775770684", "created": "2015-12-08T04:47:48Z", "tenant_id": "56734569d9fe400d81a6dd333a5092de", "OS-DCF:diskConfig": "MANUAL", "os-extended-volumes:volumes_attached": [], "accessIPv4": "", "accessIPv6": "", "progress": 0, "OS-EXT-STS:power_state": 1, "config_drive": "True", "metadata": {}}}
2015-12-08 04:47:52,587 20486 INFO     [tempest_lib.common.rest_client] Request (TestGettingAddress:test_dhcp6_stateless_from_os): 200 GET http://10.0.2.15:9696/v2.0/ports?status=ACTIVE&amp;fixed_ip=None&amp;device_id=817bcb0b-c96d-4b5f-8845-8a2764f1feb2 0.041s
2015-12-08 04:47:52,588 20486 DEBUG    [tempest_lib.common.rest_client] Request - Headers: {'Content-Type': 'application/json', 'Accept': 'application/json', 'X-Auth-Token': '&lt;omitted&gt;'}
        Body: None
    Response - Headers: {'status': '200', 'content-length': '1142', 'content-location': 'http://10.0.2.15:9696/v2.0/ports?status=ACTIVE&amp;fixed_ip=None&amp;device_id=817bcb0b-c96d-4b5f-8845-8a2764f1feb2', 'connection': 'close', 'date': 'Tue, 08 Dec 2015 04:47:52 GMT', 'content-type': 'application/json; charset=UTF-8', 'x-openstack-request-id': 'req-257c2082-d2d1-4397-b0a1-bfd49eb1065a'}
        Body: {"ports": [{"status": "ACTIVE", "binding:host_id": "vagrant-ubuntu-trusty-64", "allowed_address_pairs": [], "extra_dhcp_opts": [], "dns_assignment": [{"hostname": "host-10-100-0-3", "ip_address": "10.100.0.3", "fqdn": "host-10-100-0-3.openstacklocal."}, {"hostname": "host-2003--f816-3eff-fe01-b148", "ip_address": "2003::f816:3eff:fe01:b148", "fqdn": "host-2003--f816-3eff-fe01-b148.openstacklocal."}], "device_owner": "compute:None", "port_security_enabled": true, "binding:profile": {}, "fixed_ips": [{"subnet_id": "2e001011-6b52-4105-ad3a-4c56df4af48d", "ip_address": "10.100.0.3"}, {"subnet_id": "5e096676-ae1b-408f-a4cc-41e441b05b4b", "ip_address": "2003::f816:3eff:fe01:b148"}], "id": "8b5f9b71-6108-458e-9a31-026d3fac78bf", "security_groups": ["208f0ffe-2233-466e-9490-736f59e688f7"], "device_id": "817bcb0b-c96d-4b5f-8845-8a2764f1feb2", "name": "", "admin_state_up": true, "network_id": "86dc47a9-5ef4-466b-872b-7f4bfd8bba7b", "dns_name": "", "binding:vif_details": {"port_filter": true}, "binding:vnic_type": "normal", "binding:vif_type": "ovs", "tenant_id": "56734569d9fe400d81a6dd333a5092de", "mac_address": "fa:16:3e:01:b1:48"}]}
2015-12-08 04:47:53,188 20486 INFO     [tempest_lib.common.rest_client] Request (TestGettingAddress:test_dhcp6_stateless_from_os): 201 POST http://10.0.2.15:9696/v2.0/floatingips 0.599s
2015-12-08 04:47:53,189 20486 DEBUG    [tempest_lib.common.rest_client] Request - Headers: {'Content-Type': 'application/json', 'Accept': 'application/json', 'X-Auth-Token': '&lt;omitted&gt;'}
        Body: {"floatingip": {"floating_network_id": "75709b11-6641-4b0e-81ba-18e6ddfca514", "tenant_id": "56734569d9fe400d81a6dd333a5092de", "fixed_ip_address": "10.100.0.3", "port_id": "8b5f9b71-6108-458e-9a31-026d3fac78bf"}}
    Response - Headers: {'status': '201', 'content-length': '367', 'connection': 'close', 'date': 'Tue, 08 Dec 2015 04:47:53 GMT', 'content-type': 'application/json; charset=UTF-8', 'x-openstack-request-id': 'req-adb0ecf8-1a09-43d5-890f-5a01966d39d1'}
        Body: {"floatingip": {"floating_network_id": "75709b11-6641-4b0e-81ba-18e6ddfca514", "router_id": "324f7f76-1138-4449-af10-06d8b49e1894", "fixed_ip_address": "10.100.0.3", "floating_ip_address": "172.24.4.4", "tenant_id": "56734569d9fe400d81a6dd333a5092de", "status": "DOWN", "port_id": "8b5f9b71-6108-458e-9a31-026d3fac78bf", "id": "be920c73-6cc5-450f-a48a-dd2155c0e734"}}
2015-12-08 04:47:53,190 20486 INFO     [tempest_lib.common.ssh] Creating ssh connection to '172.24.4.4' as 'cirros' with public key authentication
2015-12-08 04:47:56,856 20486 WARNING  [tempest_lib.common.ssh] Failed to establish authenticated ssh connection to cirros@172.24.4.4 ([Errno None] Unable to connect to port 22 on  or 172.24.4.4). Number attempts: 1. Retry after 2 seconds.
2015-12-08 04:48:02,360 20486 WARNING  [tempest_lib.common.ssh] Failed to establish authenticated ssh connection to cirros@172.24.4.4 ([Errno None] Unable to connect to port 22 on  or 172.24.4.4). Number attempts: 2. Retry after 3 seconds.
2015-12-08 04:48:08,864 20486 WARNING  [tempest_lib.common.ssh] Failed to establish authenticated ssh connection to cirros@172.24.4.4 ([Errno None] Unable to connect to port 22 on  or 172.24.4.4). Number attempts: 3. Retry after 4 seconds.
2015-12-08 04:48:16,364 20486 WARNING  [tempest_lib.common.ssh] Failed to establish authenticated ssh connection to cirros@172.24.4.4 ([Errno None] Unable to connect to port 22 on  or 172.24.4.4). Number attempts: 4. Retry after 5 seconds.
2015-12-08 04:48:24,865 20486 WARNING  [tempest_lib.common.ssh] Failed to establish authenticated ssh connection to cirros@172.24.4.4 ([Errno None] Unable to connect to port 22 on  or 172.24.4.4). Number attempts: 5. Retry after 6 seconds.
2015-12-08 04:48:34,372 20486 WARNING  [tempest_lib.common.ssh] Failed to establish authenticated ssh connection to cirros@172.24.4.4 ([Errno None] Unable to connect to port 22 on  or 172.24.4.4). Number attempts: 6. Retry after 7 seconds.
2015-12-08 04:48:44,881 20486 WARNING  [tempest_lib.common.ssh] Failed to establish authenticated ssh connection to cirros@172.24.4.4 ([Errno None] Unable to connect to port 22 on  or 172.24.4.4). Number attempts: 7. Retry after 8 seconds.
2015-12-08 04:48:56,391 20486 WARNING  [tempest_lib.common.ssh] Failed to establish authenticated ssh connection to cirros@172.24.4.4 ([Errno None] Unable to connect to port 22 on  or 172.24.4.4). Number attempts: 8. Retry after 9 seconds.
2015-12-08 04:49:08,900 20486 WARNING  [tempest_lib.common.ssh] Failed to establish authenticated ssh connection to cirros@172.24.4.4 ([Errno None] Unable to connect to port 22 on  or 172.24.4.4). Number attempts: 9. Retry after 10 seconds.
2015-12-08 04:49:22,409 20486 WARNING  [tempest_lib.common.ssh] Failed to establish authenticated ssh connection to cirros@172.24.4.4 ([Errno None] Unable to connect to port 22 on  or 172.24.4.4). Number attempts: 10. Retry after 11 seconds.
2015-12-08 04:49:36,917 20486 WARNING  [tempest_lib.common.ssh] Failed to establish authenticated ssh connection to cirros@172.24.4.4 ([Errno None] Unable to connect to port 22 on  or 172.24.4.4). Number attempts: 11. Retry after 12 seconds.
2015-12-08 04:49:52,429 20486 WARNING  [tempest_lib.common.ssh] Failed to establish authenticated ssh connection to cirros@172.24.4.4 ([Errno None] Unable to connect to port 22 on  or 172.24.4.4). Number attempts: 12. Retry after 13 seconds.
2015-12-08 04:50:08,940 20486 WARNING  [tempest_lib.common.ssh] Failed to establish authenticated ssh connection to cirros@172.24.4.4 ([Errno None] Unable to connect to port 22 on  or 172.24.4.4). Number attempts: 13. Retry after 14 seconds.
2015-12-08 04:50:26,445 20486 WARNING  [tempest_lib.common.ssh] Failed to establish authenticated ssh connection to cirros@172.24.4.4 ([Errno None] Unable to connect to port 22 on  or 172.24.4.4). Number attempts: 14. Retry after 15 seconds.
2015-12-08 04:50:44,964 20486 WARNING  [tempest_lib.common.ssh] Failed to establish authenticated ssh connection to cirros@172.24.4.4 ([Errno None] Unable to connect to port 22 on  or 172.24.4.4). Number attempts: 15. Retry after 16 seconds.
2015-12-08 04:51:04,477 20486 WARNING  [tempest_lib.common.ssh] Failed to establish authenticated ssh connection to cirros@172.24.4.4 ([Errno None] Unable to connect to port 22 on  or 172.24.4.4). Number attempts: 16. Retry after 17 seconds.
2015-12-08 04:51:24,997 20486 ERROR    [tempest_lib.common.ssh] Failed to establish authenticated ssh connection to cirros@172.24.4.4 after 16 attempts
2015-12-08 04:51:24.997 20486 ERROR tempest_lib.common.ssh Traceback (most recent call last):
2015-12-08 04:51:24.997 20486 ERROR tempest_lib.common.ssh   File "/usr/local/lib/python2.7/dist-packages/tempest_lib/common/ssh.py", line 75, in _get_ssh_connection
2015-12-08 04:51:24.997 20486 ERROR tempest_lib.common.ssh     timeout=self.channel_timeout, pkey=self.pkey)
2015-12-08 04:51:24.997 20486 ERROR tempest_lib.common.ssh   File "/usr/local/lib/python2.7/dist-packages/paramiko/client.py", line 311, in connect
2015-12-08 04:51:24.997 20486 ERROR tempest_lib.common.ssh     raise NoValidConnectionsError(errors)
2015-12-08 04:51:24.997 20486 ERROR tempest_lib.common.ssh NoValidConnectionsError: [Errno None] Unable to connect to port 22 on  or 172.24.4.4
2015-12-08 04:51:24.997 20486 ERROR tempest_lib.common.ssh 
2015-12-08 04:51:24,999 20486 ERROR    [tempest.scenario.manager] (TestGettingAddress:test_dhcp6_stateless_from_os) Initializing SSH connection to 172.24.4.4 failed. Error: Connection to the 172.24.4.4 via SSH timed out.
User: cirros, Password: None
2015-12-08 04:51:24.999 20486 ERROR tempest.scenario.manager Traceback (most recent call last):
2015-12-08 04:51:24.999 20486 ERROR tempest.scenario.manager   File "tempest/scenario/manager.py", line 383, in get_remote_client
2015-12-08 04:51:24.999 20486 ERROR tempest.scenario.manager     linux_client.validate_authentication()
2015-12-08 04:51:24.999 20486 ERROR tempest.scenario.manager   File "tempest/common/utils/linux/remote_client.py", line 63, in validate_authentication
2015-12-08 04:51:24.999 20486 ERROR tempest.scenario.manager     self.ssh_client.test_connection_auth()
2015-12-08 04:51:24.999 20486 ERROR tempest.scenario.manager   File "/usr/local/lib/python2.7/dist-packages/tempest_lib/common/ssh.py", line 167, in test_connection_auth
2015-12-08 04:51:24.999 20486 ERROR tempest.scenario.manager     connection = self._get_ssh_connection()
2015-12-08 04:51:24.999 20486 ERROR tempest.scenario.manager   File "/usr/local/lib/python2.7/dist-packages/tempest_lib/common/ssh.py", line 87, in _get_ssh_connection
2015-12-08 04:51:24.999 20486 ERROR tempest.scenario.manager     password=self.password)
2015-12-08 04:51:24.999 20486 ERROR tempest.scenario.manager SSHTimeout: Connection to the 172.24.4.4 via SSH timed out.
2015-12-08 04:51:24.999 20486 ERROR tempest.scenario.manager User: cirros, Password: None
2015-12-08 04:51:24.999 20486 ERROR tempest.scenario.manager 
2015-12-08 04:51:25,080 20486 INFO     [tempest_lib.common.rest_client] Request (TestGettingAddress:test_dhcp6_stateless_from_os): 200 GET http://10.0.2.15:8774/v2.1/56734569d9fe400d81a6dd333a5092de/servers 0.079s
2015-12-08 04:51:25,081 20486 DEBUG    [tempest_lib.common.rest_client] Request - Headers: {'Content-Type': 'application/json', 'Accept': 'application/json', 'X-Auth-Token': '&lt;omitted&gt;'}
        Body: None
    Response - Headers: {'status': '200', 'content-length': '390', 'content-location': 'http://10.0.2.15:8774/v2.1/56734569d9fe400d81a6dd333a5092de/servers', 'x-compute-request-id': 'req-dcf77dfe-a0f0-4ac7-8252-1dbcfc0ef867', 'vary': 'X-OpenStack-Nova-API-Version', 'connection': 'close', 'x-openstack-nova-api-version': '2.1', 'date': 'Tue, 08 Dec 2015 04:51:25 GMT', 'content-type': 'application/json'}
        Body: {"servers": [{"id": "817bcb0b-c96d-4b5f-8845-8a2764f1feb2", "links": [{"href": "http://10.0.2.15:8774/v2.1/56734569d9fe400d81a6dd333a5092de/servers/817bcb0b-c96d-4b5f-8845-8a2764f1feb2", "rel": "self"}, {"href": "http://10.0.2.15:8774/56734569d9fe400d81a6dd333a5092de/servers/817bcb0b-c96d-4b5f-8845-8a2764f1feb2", "rel": "bookmark"}], "name": "tempest.common.compute-instance-775770684"}]}
2015-12-08 04:51:25,306 20486 INFO     [tempest_lib.common.rest_client] Request (TestGettingAddress:test_dhcp6_stateless_from_os): 200 POST http://10.0.2.15:8774/v2.1/56734569d9fe400d81a6dd333a5092de/servers/817bcb0b-c96d-4b5f-8845-8a2764f1feb2/action 0.218s
2015-12-08 04:51:25,307 20486 DEBUG    [tempest_lib.common.rest_client] Request - Headers: {'Content-Type': 'application/json', 'Accept': 'application/json', 'X-Auth-Token': '&lt;omitted&gt;'}
        Body: {"os-getConsoleOutput": {}}
    Response - Headers: {'status': '200', 'content-length': '24669', 'x-compute-request-id': 'req-64b950eb-dc57-49db-8a59-bda49d8d3909', 'vary': 'X-OpenStack-Nova-API-Version', 'connection': 'close', 'x-openstack-nova-api-version': '2.1', 'date': 'Tue, 08 Dec 2015 04:51:25 GMT', 'content-type': 'application/json'}
        Body: {"output": "[    0.000000] Initializing cgroup subsys cpuset\n[    0.000000] Initializing cgroup subsys cpu\n[    0.000000] Linux version 3.2.0-80-virtual (buildd@batsu) (gcc version 4.6.3 (Ubuntu/Linaro 4.6.3-1ubuntu5) ) #116-Ubuntu SMP Mon Mar 23 17:28:52 UTC 2015 (Ubuntu 3.2.0-80.116-virtual 3.2.68)\n[    0.000000] Command line: root=/dev/vda console=tty0 console=ttyS0 no_timer_check\n[    0.000000] KERNEL supported cpus:\n[    0.000000]   Intel GenuineIntel\n[    0.000000]   AMD AuthenticAMD\n[    0.000000]   Centaur CentaurHauls\n[    0.000000] BIOS-provided physical RAM map:\n[    0.000000]  BIOS-e820: 0000000000000000 - 000000000009fc00 (usable)\n[    0.000000]  BIOS-e820: 000000000009fc00 - 00000000000a0000 (reserved)\n[    0.000000]  BIOS-e820: 00000000000f0000 - 0000000000100000 (reserved)\n[    0.000000]  BIOS-e820: 0000000000100000 - 0000000003ffe000 (usable)\n[    0.000000]  BIOS-e820: 0000000003ffe000 - 0000000004000000 (reserved)\n[    0.000000]  BIOS-e820: 00000000fffc0000 - 0000000100000000 (reserved)\n[    0.000000] NX (Execute Disable) protection: active\n[    0.000000] SMBIOS 2.4 present.\n[    0.000000] No AGP bridge found\n[    0.000000] last_pfn = 0x3ffe max_arch_pfn = 0x400000000\n[    0.000000] x86 PAT enabled: cpu 0, old 0x7040600070406, new 0x7010600070106\n[    0.000000] found SMP MP-table at [ffff8800000f0b00] f0b00\n[    0.000000] init_memory_mapping: 0000000000000000-0000000003ffe000\n[    0.000000] RAMDISK: 03c5e000 - 03ff0000\n[    0.000000] ACPI: RSDP 00000000000f0950 00014 (v00 BOCHS )\n[    0.000000] ACPI: RSDT 0000000003fffbc1 00034 (v01 BOCHS  BXPCRSDT 00000001 BXPC 00000001)\n[    0.000000] ACPI: FACP 0000000003fff1c0 00074 (v01 BOCHS  BXPCFACP 00000001 BXPC 00000001)\n[    0.000000] ACPI: DSDT 0000000003ffe040 01180 (v01 BOCHS  BXPCDSDT 00000001 BXPC 00000001)\n[    0.000000] ACPI: FACS 0000000003ffe000 00040\n[    0.000000] ACPI: SSDT 0000000003fff234 008DD (v01 BOCHS  BXPCSSDT 00000001 BXPC 00000001)\n[    0.000000] ACPI: APIC 0000000003fffb11 00078 (v01 BOCHS  BXPCAPIC 00000001 BXPC 00000001)\n[    0.000000] ACPI: HPET 0000000003fffb89 00038 (v01 BOCHS  BXPCHPET 00000001 BXPC 00000001)\n[    0.000000] No NUMA configuration found\n[    0.000000] Faking a node at 0000000000000000-0000000003ffe000\n[    0.000000] Initmem setup node 0 0000000000000000-0000000003ffe000\n[    0.000000]   NODE_DATA [0000000003ff6000 - 0000000003ffafff]\n[    0.000000] Zone PFN ranges:\n[    0.000000]   DMA      0x00000010 -&gt; 0x00001000\n[    0.000000]   DMA32    0x00001000 -&gt; 0x00100000\n[    0.000000]   Normal   empty\n[    0.000000] Movable zone start PFN for each node\n[    0.000000] early_node_map[2] active PFN ranges\n[    0.000000]     0: 0x00000010 -&gt; 0x0000009f\n[    0.000000]     0: 0x00000100 -&gt; 0x00003ffe\n[    0.000000] ACPI: PM-Timer IO Port: 0xb008\n[    0.000000] ACPI: LAPIC (acpi_id[0x00] lapic_id[0x00] enabled)\n[    0.000000] ACPI: LAPIC_NMI (acpi_id[0xff] dfl dfl lint[0x1])\n[    0.000000] ACPI: IOAPIC (id[0x00] address[0xfec00000] gsi_base[0])\n[    0.000000] IOAPIC[0]: apic_id 0, version 17, address 0xfec00000, GSI 0-23\n[    0.000000] ACPI: INT_SRC_OVR (bus 0 bus_irq 0 global_irq 2 dfl dfl)\n[    0.000000] ACPI: INT_SRC_OVR (bus 0 bus_irq 5 global_irq 5 high level)\n[    0.000000] ACPI: INT_SRC_OVR (bus 0 bus_irq 9 global_irq 9 high level)\n[    0.000000] ACPI: INT_SRC_OVR (bus 0 bus_irq 10 global_irq 10 high level)\n[    0.000000] ACPI: INT_SRC_OVR (bus 0 bus_irq 11 global_irq 11 high level)\n[    0.000000] Using ACPI (MADT) for SMP configuration information\n[    0.000000] ACPI: HPET id: 0x8086a201 base: 0xfed00000\n[    0.000000] SMP: Allowing 1 CPUs, 0 hotplug CPUs\n[    0.000000] PM: Registered nosave memory: 000000000009f000 - 00000000000a0000\n[    0.000000] PM: Registered nosave memory: 00000000000a0000 - 00000000000f0000\n[    0.000000] PM: Registered nosave memory: 00000000000f0000 - 0000000000100000\n[    0.000000] Allocating PCI resources starting at 4000000 (gap: 4000000:fbfc0000)\n[    0.000000] Booting paravirtualized kernel on bare hardware\n[    0.000000] setup_pe
2015-12-08 04:51:25,309 20486 DEBUG    [tempest.scenario.manager] Console output for 817bcb0b-c96d-4b5f-8845-8a2764f1feb2
body=
[    0.000000] Initializing cgroup subsys cpuset
[    0.000000] Initializing cgroup subsys cpu
[    0.000000] Linux version 3.2.0-80-virtual (buildd@batsu) (gcc version 4.6.3 (Ubuntu/Linaro 4.6.3-1ubuntu5) ) #116-Ubuntu SMP Mon Mar 23 17:28:52 UTC 2015 (Ubuntu 3.2.0-80.116-virtual 3.2.68)
[    0.000000] Command line: root=/dev/vda console=tty0 console=ttyS0 no_timer_check
[    0.000000] KERNEL supported cpus:
[    0.000000]   Intel GenuineIntel
[    0.000000]   AMD AuthenticAMD
[    0.000000]   Centaur CentaurHauls
[    0.000000] BIOS-provided physical RAM map:
[    0.000000]  BIOS-e820: 0000000000000000 - 000000000009fc00 (usable)
[    0.000000]  BIOS-e820: 000000000009fc00 - 00000000000a0000 (reserved)
[    0.000000]  BIOS-e820: 00000000000f0000 - 0000000000100000 (reserved)
[    0.000000]  BIOS-e820: 0000000000100000 - 0000000003ffe000 (usable)
[    0.000000]  BIOS-e820: 0000000003ffe000 - 0000000004000000 (reserved)
[    0.000000]  BIOS-e820: 00000000fffc0000 - 0000000100000000 (reserved)
[    0.000000] NX (Execute Disable) protection: active
[    0.000000] SMBIOS 2.4 present.
[    0.000000] No AGP bridge found
[    0.000000] last_pfn = 0x3ffe max_arch_pfn = 0x400000000
[    0.000000] x86 PAT enabled: cpu 0, old 0x7040600070406, new 0x7010600070106
[    0.000000] found SMP MP-table at [ffff8800000f0b00] f0b00
[    0.000000] init_memory_mapping: 0000000000000000-0000000003ffe000
[    0.000000] RAMDISK: 03c5e000 - 03ff0000
[    0.000000] ACPI: RSDP 00000000000f0950 00014 (v00 BOCHS )
[    0.000000] ACPI: RSDT 0000000003fffbc1 00034 (v01 BOCHS  BXPCRSDT 00000001 BXPC 00000001)
[    0.000000] ACPI: FACP 0000000003fff1c0 00074 (v01 BOCHS  BXPCFACP 00000001 BXPC 00000001)
[    0.000000] ACPI: DSDT 0000000003ffe040 01180 (v01 BOCHS  BXPCDSDT 00000001 BXPC 00000001)
[    0.000000] ACPI: FACS 0000000003ffe000 00040
[    0.000000] ACPI: SSDT 0000000003fff234 008DD (v01 BOCHS  BXPCSSDT 00000001 BXPC 00000001)
[    0.000000] ACPI: APIC 0000000003fffb11 00078 (v01 BOCHS  BXPCAPIC 00000001 BXPC 00000001)
[    0.000000] ACPI: HPET 0000000003fffb89 00038 (v01 BOCHS  BXPCHPET 00000001 BXPC 00000001)
[    0.000000] No NUMA configuration found
[    0.000000] Faking a node at 0000000000000000-0000000003ffe000
[    0.000000] Initmem setup node 0 0000000000000000-0000000003ffe000
[    0.000000]   NODE_DATA [0000000003ff6000 - 0000000003ffafff]
[    0.000000] Zone PFN ranges:
[    0.000000]   DMA      0x00000010 -&gt; 0x00001000
[    0.000000]   DMA32    0x00001000 -&gt; 0x00100000
[    0.000000]   Normal   empty
[    0.000000] Movable zone start PFN for each node
[    0.000000] early_node_map[2] active PFN ranges
[    0.000000]     0: 0x00000010 -&gt; 0x0000009f
[    0.000000]     0: 0x00000100 -&gt; 0x00003ffe
[    0.000000] ACPI: PM-Timer IO Port: 0xb008
[    0.000000] ACPI: LAPIC (acpi_id[0x00] lapic_id[0x00] enabled)
[    0.000000] ACPI: LAPIC_NMI (acpi_id[0xff] dfl dfl lint[0x1])
[    0.000000] ACPI: IOAPIC (id[0x00] address[0xfec00000] gsi_base[0])
[    0.000000] IOAPIC[0]: apic_id 0, version 17, address 0xfec00000, GSI 0-23
[    0.000000] ACPI: INT_SRC_OVR (bus 0 bus_irq 0 global_irq 2 dfl dfl)
[    0.000000] ACPI: INT_SRC_OVR (bus 0 bus_irq 5 global_irq 5 high level)
[    0.000000] ACPI: INT_SRC_OVR (bus 0 bus_irq 9 global_irq 9 high level)
[    0.000000] ACPI: INT_SRC_OVR (bus 0 bus_irq 10 global_irq 10 high level)
[    0.000000] ACPI: INT_SRC_OVR (bus 0 bus_irq 11 global_irq 11 high level)
[    0.000000] Using ACPI (MADT) for SMP configuration information
[    0.000000] ACPI: HPET id: 0x8086a201 base: 0xfed00000
[    0.000000] SMP: Allowing 1 CPUs, 0 hotplug CPUs
[    0.000000] PM: Registered nosave memory: 000000000009f000 - 00000000000a0000
[    0.000000] PM: Registered nosave memory: 00000000000a0000 - 00000000000f0000
[    0.000000] PM: Registered nosave memory: 00000000000f0000 - 0000000000100000
[    0.000000] Allocating PCI resources starting at 4000000 (gap: 4000000:fbfc0000)
[    0.000000] Booting paravirtualized kernel on bare hardware
[    0.000000] setup_percpu: NR_CPUS:64 nr_cpumask_bits:64 nr_cpu_ids:1 nr_node_ids:1
[    0.000000] PERCPU: Embedded 27 pages/cpu @ffff880003a00000 s78848 r8192 d23552 u2097152
[    0.000000] Built 1 zonelists in Node order, mobility grouping on.  Total pages: 16008
[    0.000000] Policy zone: DMA32
[    0.000000] Kernel command line: root=/dev/vda console=tty0 console=ttyS0 no_timer_check
[    0.000000] PID hash table entries: 256 (order: -1, 2048 bytes)
[    0.000000] Checking aperture...
[    0.000000] No AGP bridge found
[    0.000000] Memory: 43492k/65528k available (6576k kernel code, 452k absent, 21584k reserved, 6620k data, 928k init)
[    0.000000] SLUB: Genslabs=15, HWalign=64, Order=0-3, MinObjects=0, CPUs=1, Nodes=1
[    0.000000] Hierarchical RCU implementation.
[    0.000000] 	RCU dyntick-idle grace-period acceleration is enabled.
[    0.000000] NR_IRQS:4352 nr_irqs:256 16
[    0.000000] Console: colour VGA+ 80x25
[    0.000000] console [tty0] enabled
[    0.000000] console [ttyS0] enabled
[    0.000000] allocated 1048576 bytes of page_cgroup
[    0.000000] please try 'cgroup_disable=memory' option if you don't want memory cgroups
[    0.000000] Fast TSC calibration failed
[    0.000000] TSC: Unable to calibrate against PIT
[    0.000000] TSC: using HPET reference calibration
[    0.000000] Detected 2292.042 MHz processor.
[    0.037463] Calibrating delay loop (skipped), value calculated using timer frequency.. 4584.08 BogoMIPS (lpj=9168168)
[    0.040002] pid_max: default: 32768 minimum: 301
[    0.048319] Security Framework initialized
[    0.053168] AppArmor: AppArmor initialized
[    0.054428] Yama: becoming mindful.
[    0.061505] Dentry cache hash table entries: 8192 (order: 4, 65536 bytes)
[    0.064188] Inode-cache hash table entries: 4096 (order: 3, 32768 bytes)
[    0.066351] Mount-cache hash table entries: 256
[    0.082249] Initializing cgroup subsys cpuacct
[    0.083372] Initializing cgroup subsys memory
[    0.085195] Initializing cgroup subsys devices
[    0.086201] Initializing cgroup subsys freezer
[    0.088139] Initializing cgroup subsys blkio
[    0.089065] Initializing cgroup subsys perf_event
[    0.093715] mce: CPU supports 10 MCE banks
[    0.096944] SMP alternatives: switching to UP code
[    0.501700] Freeing SMP alternatives: 24k freed
[    0.504991] ACPI: Core revision 20110623
[    0.559071] ftrace: allocating 26610 entries in 105 pages
[    0.589068] ..TIMER: vector=0x30 apic1=0 pin1=2 apic2=-1 pin2=-1
[    0.590599] CPU0: AMD QEMU Virtual CPU version 2.0.0 stepping 03
[    0.596036] Performance Events: Broken PMU hardware detected, using software events only.
[    0.611071] NMI watchdog disabled (cpu0): hardware events not enabled
[    0.612794] Brought up 1 CPUs
[    0.613374] Total of 1 processors activated (4584.08 BogoMIPS).
[    0.638726] devtmpfs: initialized
[    0.671388] EVM: security.selinux
[    0.672083] EVM: security.SMACK64
[    0.672597] EVM: security.capability
[    0.696234] print_constraints: dummy: 
[    0.698004] RTC time:  4:47:55, date: 12/08/15
[    0.701232] NET: Registered protocol family 16
[    0.710211] ACPI: bus type pci registered
[    0.714144] PCI: Using configuration type 1 for base access
[    0.742003] bio: create slab &lt;bio-0&gt; at 0
[    0.748178] ACPI: Added _OSI(Module Device)
[    0.748804] ACPI: Added _OSI(Processor Device)
[    0.749490] ACPI: Added _OSI(3.0 _SCP Extensions)
[    0.750351] ACPI: Added _OSI(Processor Aggregator Device)
[    0.820220] ACPI: Interpreter enabled
[    0.820861] ACPI: (supports S0 S3 S4 S5)
[    0.822723] ACPI: Using IOAPIC for interrupt routing
[    0.893163] ACPI: No dock devices found.
[    0.893958] HEST: Table not found.
[    0.894574] PCI: Using host bridge windows from ACPI; if necessary, use "pci=nocrs" and report a bug
[    0.900938] ACPI: PCI Root Bridge [PCI0] (domain 0000 [bus 00-ff])
[    0.906535] pci_root PNP0A03:00: host bridge window [io  0x0000-0x0cf7]
[    0.908155] pci_root PNP0A03:00: host bridge window [io  0x0d00-0xadff]
[    0.909267] pci_root PNP0A03:00: host bridge window [io  0xae0f-0xaeff]
[    0.910180] pci_root PNP0A03:00: host bridge window [io  0xaf20-0xafdf]
[    0.912107] pci_root PNP0A03:00: host bridge window [io  0xafe4-0xffff]
[    0.913228] pci_root PNP0A03:00: host bridge window [mem 0x000a0000-0x000bffff]
[    0.914316] pci_root PNP0A03:00: host bridge window [mem 0x04000000-0xfebfffff]
[    0.941354] pci 0000:00:01.3: quirk: [io  0xb000-0xb03f] claimed by PIIX4 ACPI
[    0.942709] pci 0000:00:01.3: quirk: [io  0xb100-0xb10f] claimed by PIIX4 SMB
[    1.018849]  pci0000:00: Unable to request _OSC control (_OSC support mask: 0x1e)
[    1.077783] ACPI: PCI Interrupt Link [LNKA] (IRQs 5 *10 11)
[    1.081807] ACPI: PCI Interrupt Link [LNKB] (IRQs 5 *10 11)
[    1.084709] ACPI: PCI Interrupt Link [LNKC] (IRQs 5 10 *11)
[    1.086466] ACPI: PCI Interrupt Link [LNKD] (IRQs 5 10 *11)
[    1.088658] ACPI: PCI Interrupt Link [LNKS] (IRQs *9)
[    1.094793] vgaarb: device added: PCI:0000:00:02.0,decodes=io+mem,owns=io+mem,locks=none
[    1.096207] vgaarb: loaded
[    1.096684] vgaarb: bridge control possible 0000:00:02.0
[    1.101759] i2c-core: driver [aat2870] using legacy suspend method
[    1.102542] i2c-core: driver [aat2870] using legacy resume method
[    1.105641] SCSI subsystem initialized
[    1.109126] usbcore: registered new interface driver usbfs
[    1.110295] usbcore: registered new interface driver hub
[    1.112351] usbcore: registered new device driver usb
[    1.116372] PCI: Using ACPI for IRQ routing
[    1.127221] NetLabel: Initializing
[    1.128148] NetLabel:  domain hash size = 128
[    1.128730] NetLabel:  protocols = UNLABELED CIPSOv4
[    1.132483] NetLabel:  unlabeled traffic allowed by default
[    1.134426] HPET: 3 timers in total, 0 timers will be used for per-cpu timer
[    1.135633] hpet0: at MMIO 0xfed00000, IRQs 2, 8, 0
[    1.136680] hpet0: 3 comparators, 64-bit 100.000000 MHz counter
[    1.150623] Switching to clocksource hpet
[    1.393724] AppArmor: AppArmor Filesystem Enabled
[    1.395321] pnp: PnP ACPI init
[    1.395996] ACPI: bus type pnp registered
[    1.417214] pnp: PnP ACPI: found 9 devices
[    1.417868] ACPI: ACPI bus type pnp unregistered
[    1.474546] NET: Registered protocol family 2
[    1.511808] IP route cache hash table entries: 512 (order: 0, 4096 bytes)
[    1.519079] TCP established hash table entries: 2048 (order: 3, 32768 bytes)
[    1.521401] TCP bind hash table entries: 2048 (order: 3, 32768 bytes)
[    1.522443] TCP: Hash tables configured (established 2048 bind 2048)
[    1.523410] TCP reno registered
[    1.523970] UDP hash table entries: 128 (order: 0, 4096 bytes)
[    1.525770] UDP-Lite hash table entries: 128 (order: 0, 4096 bytes)
[    1.529100] NET: Registered protocol family 1
[    1.529976] pci 0000:00:00.0: Limiting direct PCI/PCI transfers
[    1.531023] pci 0000:00:01.0: PIIX3: Enabling Passive Release
[    1.531997] pci 0000:00:01.0: Activating ISA DMA hang workarounds
[    1.537909] ACPI: PCI Interrupt Link [LNKD] enabled at IRQ 11
[    1.539039] pci 0000:00:01.2: PCI INT D -&gt; Link[LNKD] -&gt; GSI 11 (level, high) -&gt; IRQ 11
[    1.542057] pci 0000:00:01.2: PCI INT D disabled
[    1.562054] Trying to unpack rootfs image as initramfs...
[    1.587393] audit: initializing netlink socket (disabled)
[    1.589988] type=2000 audit(1449550075.588:1): initialized
[    1.869834] HugeTLB registered 2 MB page size, pre-allocated 0 pages
[    1.959785] VFS: Disk quotas dquot_6.5.2
[    1.962267] Dquot-cache hash table entries: 512 (order 0, 4096 bytes)
[    1.990074] fuse init (API version 7.17)
[    1.992457] msgmni has been set to 84
[    2.030431] Block layer SCSI generic (bsg) driver version 0.4 loaded (major 253)
[    2.037207] io scheduler noop registered
[    2.037952] io scheduler deadline registered (default)
[    2.039258] io scheduler cfq registered
[    2.042907] pci_hotplug: PCI Hot Plug PCI Core version: 0.5
[    2.045541] pciehp: PCI Express Hot Plug Controller Driver version: 0.4
[    2.050454] input: Power Button as /devices/LNXSYSTM:00/LNXPWRBN:00/input/input0
[    2.053503] ACPI: Power Button [PWRF]
[    2.101327] ERST: Table is not found!
[    2.102022] GHES: HEST is not enabled!
[    2.115713] ACPI: PCI Interrupt Link [LNKC] enabled at IRQ 10
[    2.117616] virtio-pci 0000:00:03.0: PCI INT A -&gt; Link[LNKC] -&gt; GSI 10 (level, high) -&gt; IRQ 10
[    2.122047] virtio-pci 0000:00:04.0: PCI INT A -&gt; Link[LNKD] -&gt; GSI 11 (level, high) -&gt; IRQ 11
[    2.143058] ACPI: PCI Interrupt Link [LNKA] enabled at IRQ 10
[    2.143951] virtio-pci 0000:00:05.0: PCI INT A -&gt; Link[LNKA] -&gt; GSI 10 (level, high) -&gt; IRQ 10
[    2.150060] Serial: 8250/16550 driver, 32 ports, IRQ sharing enabled
[    2.198785] serial8250: ttyS0 at I/O 0x3f8 (irq = 4) is a 16550A
[    2.299988] serial8250: ttyS1 at I/O 0x2f8 (irq = 3) is a 16550A
[    2.451309] 00:05: ttyS0 at I/O 0x3f8 (irq = 4) is a 16550A
[    2.540665] 00:06: ttyS1 at I/O 0x2f8 (irq = 3) is a 16550A
[    2.545433] Refined TSC clocksource calibration: 2292.169 MHz.
[    2.546285] Switching to clocksource tsc
[    2.590631] Linux agpgart interface v0.103
[    2.659488] brd: module loaded
[    2.695617] loop: module loaded
[    2.745725]  vda: unknown partition table
[    2.802064] scsi0 : ata_piix
[    2.811150] scsi1 : ata_piix
[    2.813486] ata1: PATA max MWDMA2 cmd 0x1f0 ctl 0x3f6 bmdma 0xc0a0 irq 14
[    2.814952] ata2: PATA max MWDMA2 cmd 0x170 ctl 0x376 bmdma 0xc0a8 irq 15
[    2.826046] Fixed MDIO Bus: probed
[    2.827027] tun: Universal TUN/TAP device driver, 1.6
[    2.827788] tun: (C) 1999-2004 Max Krasnyansky &lt;maxk@qualcomm.com&gt;
[    2.845595] PPP generic driver version 2.4.2
[    2.869168] ehci_hcd: USB 2.0 'Enhanced' Host Controller (EHCI) Driver
[    2.870514] ohci_hcd: USB 1.1 'Open' Host Controller (OHCI) Driver
[    2.871676] uhci_hcd: USB Universal Host Controller Interface driver
[    2.874000] uhci_hcd 0000:00:01.2: PCI INT D -&gt; Link[LNKD] -&gt; GSI 11 (level, high) -&gt; IRQ 11
[    2.878365] uhci_hcd 0000:00:01.2: UHCI Host Controller
[    2.893624] uhci_hcd 0000:00:01.2: new USB bus registered, assigned bus number 1
[    2.895823] uhci_hcd 0000:00:01.2: irq 11, io base 0x0000c040
[    2.931718] hub 1-0:1.0: USB hub found
[    2.935774] hub 1-0:1.0: 2 ports detected
[    2.951645] usbcore: registered new interface driver libusual
[    2.955495] i8042: PNP: PS/2 Controller [PNP0303:KBD,PNP0f13:MOU] at 0x60,0x64 irq 1,12
[    2.967644] serio: i8042 KBD port at 0x60,0x64 irq 1
[    2.970093] serio: i8042 AUX port at 0x60,0x64 irq 12
[    3.063583] ata2.01: ATAPI: QEMU DVD-ROM, 2.0.0, max UDMA/100
[    3.081660] mousedev: PS/2 mouse device common for all mice
[    3.085999] ata2.01: configured for MWDMA2
[    3.111903] rtc_cmos 00:01: RTC can wake from S4
[    3.130357] input: AT Translated Set 2 keyboard as /devices/platform/i8042/serio0/input/input1
[    3.139552] scsi 1:0:1:0: CD-ROM            QEMU     QEMU DVD-ROM     2.0. PQ: 0 ANSI: 5
[    3.156215] rtc_cmos 00:01: rtc core: registered rtc_cmos as rtc0
[    3.162498] rtc0: alarms up to one day, 114 bytes nvram, hpet irqs
[    3.167463] device-mapper: uevent: version 1.0.3
[    3.189881] sr0: scsi3-mmc drive: 4x/4x cd/rw xa/form2 tray
[    3.191857] cdrom: Uniform CD-ROM driver Revision: 3.20
[    3.206182] device-mapper: ioctl: 4.22.0-ioctl (2011-10-19) initialised: dm-devel@redhat.com
[    3.216257] cpuidle: using governor ladder
[    3.219205] cpuidle: using governor menu
[    3.221066] EFI Variables Facility v0.08 2004-May-17
[    3.232525] TCP cubic registered
[    3.240265] NET: Registered protocol family 10
[    3.291213] NET: Registered protocol family 17
[    3.292355] Registering the dns_resolver key type
[    3.314504] sr 1:0:1:0: Attached scsi generic sg0 type 5
[    3.426722] Freeing initrd memory: 3656k freed
[    3.442639] registered taskstats version 1
[    3.987334]   Magic number: 11:295:767
[    3.999077] rtc_cmos 00:01: setting system clock to 2015-12-08 04:47:58 UTC (1449550078)
[    4.004227] powernow-k8: Processor cpuid 663 not supported
[    4.011092] BIOS EDD facility v0.16 2004-Jun-25, 0 devices found
[    4.017119] EDD information not available.
[    4.083943] Freeing unused kernel memory: 928k freed
[    4.090647] Write protecting the kernel read-only data: 12288k
[    4.182569] Freeing unused kernel memory: 1596k freed
[    4.246873] Freeing unused kernel memory: 1184k freed

info: initramfs: up at 4.41
modprobe: module virtio_blk not found in modules.dep
modprobe: module virtio_net not found in modules.dep
info: copying initramfs to /dev/vda
info: initramfs loading root from /dev/vda
info: /etc/init.d/rc.sysinit: up at 9.28
info: container: none
Starting logging: OK
modprobe: module virtio_blk not found in modules.dep
modprobe: module virtio_net not found in modules.dep
WARN: /etc/rc3.d/S10-load-modules failed
Initializing random number generator... done.
Starting acpid: OK
cirros-ds 'local' up at 12.14
found datasource (configdrive, local)
Starting network...
udhcpc (v1.20.1) started
Sending discover...
Sending discover...
Sending discover...
Usage: /sbin/cirros-dhcpc &lt;up|down&gt;
No lease, failing
WARN: /etc/rc3.d/S40-network failed
Starting dropbear sshd: generating rsa key... generating dsa key... OK
no userdata for datasource
=== system information ===
Platform: OpenStack Foundation OpenStack Nova
Container: none
Arch: x86_64
CPU(s): 1 @ 2292.042 MHz
Cores/Sockets/Threads: 1/1/1
Virt-type: AMD-V
RAM Size: 49MB
Disks:
NAME MAJ:MIN     SIZE LABEL         MOUNTPOINT
vda  253:0   25165824 cirros-rootfs /
sr0   11:0     428032 config-2      
=== sshd host keys ===
-----BEGIN SSH HOST KEY KEYS-----
ssh-rsa AAAAB3NzaC1yc2EAAAADAQABAAAAgwCLn4NEUbPcdOxLz01KgoXz3/5CyEGR69H4QfjR7dHtwDmjuuXohQi25o6h5NvHu+1BPHQGc8H8rOTRxLhCacvpydW54+5msM7LTeMore3KF9ciZCW44d01WN0h5xkU4GT0aXF7WtfaAvnLZ4HIOtEfSrL/BDmWxcIE4R0LpjcEqRQ1 root@tempest
ssh-dss AAAAB3NzaC1kc3MAAACBAJklBye2Xnf6SxxERgcEantz0FbGxlWkdmV5foG3HjZDboeZTF7qRqyxu5pJqBRA7kGR0xWBf7yNhKmqOErgBmS0gRnoYxNt+nwP5P1YPcNs4RRZVMZgAxpTWRIdYtGW7QHidn0HOPAYKnrl/lr8A214WOdj9RIW/afEiHEsQleNAAAAFQDrVwQiHVkkx2DMAS4BOZCxSGVXKwAAAIBUyPCFkhlDFGGR+NMT5c92B6N4nIwauQ21+gh8vD7VFacWPH1xtKjJ6BexcyfeMxO5DioYFXwxzMageaC3NtXZT6RfcLymtdTuzZiRjh5UytcybPeXnfvq6JIHVg0J7gnUNXLVXF5AQrUgclE2Adcq3wxgp5Nte0loYCgdpdDxngAAAIBR7kw0nUqlidkQAzb3y55RZN37B2PPZQQ8V/Q3zBfmJfEkDQLp1+h6ZPq/8V69U865etdgwcfv5nKx0UeZMZqc3tbwhFoHu55KSKjSFkFpTLeFmZeeGENv6H7BiEP1NxQp2dTQrrBSDvGpAAsjtAIPEG5EKVJp1LHZD9mIcLvEyw== root@tempest
-----END SSH HOST KEY KEYS-----
=== network info ===
if-info: lo,up,127.0.0.1,8,::1
if-info: eth0,up,,8,fe80::f816:3eff:fe01:b148
=== datasource: configdrive local ===
instance-id: 817bcb0b-c96d-4b5f-8845-8a2764f1feb2
name: tempest.common.compute-instance-775770684
availability-zone: nova
local-hostname: tempest.common.compute-instance-775770684.novalocal
launch-index: 0
=== cirros: current=0.3.4 uptime=201.87 ===
route: fscanf
=== pinging gateway failed, debugging connection ===
############ debug start ##############
### /etc/init.d/sshd start
Starting dropbear sshd: OK
route: fscanf
### ifconfig -a
eth0      Link encap:Ethernet  HWaddr FA:16:3E:01:B1:48  
          inet6 addr: fe80::f816:3eff:fe01:b148/64 Scope:Link
          UP BROADCAST RUNNING MULTICAST  MTU:1500  Metric:1
          RX packets:13 errors:0 dropped:6 overruns:0 frame:0
          TX packets:8 errors:0 dropped:0 overruns:0 carrier:0
          collisions:0 txqueuelen:1000 
          RX bytes:1416 (1.3 KiB)  TX bytes:1134 (1.1 KiB)

lo        Link encap:Local Loopback  
          inet addr:127.0.0.1  Mask:255.0.0.0
          inet6 addr: ::1/128 Scope:Host
          UP LOOPBACK RUNNING  MTU:16436  Metric:1
          RX packets:12 errors:0 dropped:0 overruns:0 frame:0
          TX packets:12 errors:0 dropped:0 overruns:0 carrier:0
          collisions:0 txqueuelen:0 
          RX bytes:1020 (1020.0 B)  TX bytes:1020 (1020.0 B)

### route -n
Kernel IP routing table
Destination     Gateway         Genmask         Flags Metric Ref    Use Iface
route: fscanf
### cat /etc/resolv.conf
cat: can't open '/etc/resolv.conf': No such file or directory
### gateway not found
/sbin/cirros-status: line 1: can't open /etc/resolv.conf: no such file
### pinging nameservers
### uname -a
Linux tempest 3.2.0-80-virtual #116-Ubuntu SMP Mon Mar 23 17:28:52 UTC 2015 x86_64 GNU/Linux
### lsmod
Module                  Size  Used by    Not tainted
nls_iso8859_1          12713  0 
nls_cp437              16991  0 
vfat                   17585  0 
fat                    61512  1 vfat
isofs                  40259  0 
ip_tables              27473  0 
x_tables               29891  1 ip_tables
pcnet32                42119  0 
8139cp                 27360  0 
ne2k_pci               13691  0 
8390                   18856  1 ne2k_pci
e1000                 108589  0 
acpiphp                24231  0 
### dmesg | tail
[    5.288656] EXT3-fs (vda): mounted filesystem with ordered data mode
[    5.563830] ISO 9660 Extensions: Microsoft Joliet Level 3
[    5.645648] ISO 9660 Extensions: RRIP_1991A
[    5.891027] kjournald starting.  Commit interval 5 seconds
[    5.906674] EXT3-fs (vda): using internal journal
[    5.906841] EXT3-fs (vda): mounted filesystem with ordered data mode
[    9.383881] EXT3-fs (vda): using internal journal
[   13.034739] ISO 9660 Extensions: Microsoft Joliet Level 3
[   13.128421] ISO 9660 Extensions: RRIP_1991A
[   28.211507] eth0: no IPv6 routers present
### tail -n 25 /var/log/messages
Dec  8 04:48:05 cirros kern.info kernel: [    4.731222] acpiphp: Slot [26] registered
Dec  8 04:48:05 cirros kern.info kernel: [    4.731554] acpiphp: Slot [27] registered
Dec  8 04:48:05 cirros kern.info kernel: [    4.731850] acpiphp: Slot [28] registered
Dec  8 04:48:05 cirros kern.info kernel: [    4.732468] acpiphp: Slot [29] registered
Dec  8 04:48:05 cirros kern.info kernel: [    4.732765] acpiphp: Slot [30] registered
Dec  8 04:48:05 cirros kern.info kernel: [    4.733053] acpiphp: Slot [31] registered
Dec  8 04:48:05 cirros kern.info kernel: [    4.779086] e1000: Intel(R) PRO/1000 Network Driver - version 7.3.21-k8-NAPI
Dec  8 04:48:05 cirros kern.info kernel: [    4.779209] e1000: Copyright (c) 1999-2006 Intel Corporation.
Dec  8 04:48:05 cirros kern.info kernel: [    4.826314] ne2k-pci.c:v1.03 9/22/2003 D. Becker/P. Gortmaker
Dec  8 04:48:05 cirros kern.info kernel: [    4.870722] 8139cp: 8139cp: 10/100 PCI Ethernet driver v1.3 (Mar 22, 2004)
Dec  8 04:48:05 cirros kern.info kernel: [    4.913296] pcnet32: pcnet32.c:v1.35 21.Apr.2008 tsbogend@alpha.franken.de
Dec  8 04:48:05 cirros kern.info kernel: [    4.960761] ip_tables: (C) 2000-2006 Netfilter Core Team
Dec  8 04:48:05 cirros kern.info kernel: [    5.281200] kjournald starting.  Commit interval 5 seconds
Dec  8 04:48:05 cirros kern.info kernel: [    5.288656] EXT3-fs (vda): mounted filesystem with ordered data mode
Dec  8 04:48:05 cirros kern.debug kernel: [    5.563830] ISO 9660 Extensions: Microsoft Joliet Level 3
Dec  8 04:48:05 cirros kern.debug kernel: [    5.645648] ISO 9660 Extensions: RRIP_1991A
Dec  8 04:48:05 cirros kern.info kernel: [    5.891027] kjournald starting.  Commit interval 5 seconds
Dec  8 04:48:05 cirros kern.info kernel: [    5.906674] EXT3-fs (vda): using internal journal
Dec  8 04:48:05 cirros kern.info kernel: [    5.906841] EXT3-fs (vda): mounted filesystem with ordered data mode
Dec  8 04:48:05 cirros kern.info kernel: [    9.383881] EXT3-fs (vda): using internal journal
Dec  8 04:48:07 cirros kern.debug kernel: [   13.034739] ISO 9660 Extensions: Microsoft Joliet Level 3
Dec  8 04:48:07 cirros kern.debug kernel: [   13.128421] ISO 9660 Extensions: RRIP_1991A
Dec  8 04:48:10 cirros auth.notice su: + /dev/console root:cirros
Dec  8 04:48:22 cirros kern.debug kernel: [   28.211507] eth0: no IPv6 routers present
Dec  8 04:51:14 cirros authpriv.info dropbear[283]: Running in background
############ debug end   ##############
  ____               ____  ____
 / __/ __ ____ ____ / __ \/ __/
/ /__ / // __// __// /_/ /\ \ 
\___//_//_/  /_/   \____/___/ 
   http://cirros-cloud.net


login as 'cirros' user. default password: 'cubswin:)'. use 'sudo' for root.
tempest login: 
2015-12-08 04:51:25,592 20486 INFO     [tempest_lib.common.rest_client] Request (TestGettingAddress:_run_cleanups): 204 DELETE http://10.0.2.15:9696/v2.0/floatingips/be920c73-6cc5-450f-a48a-dd2155c0e734 0.279s
2015-12-08 04:51:25,593 20486 DEBUG    [tempest_lib.common.rest_client] Request - Headers: {'Content-Type': 'application/json', 'Accept': 'application/json', 'X-Auth-Token': '&lt;omitted&gt;'}
        Body: None
    Response - Headers: {'date': 'Tue, 08 Dec 2015 04:51:25 GMT', 'status': '204', 'connection': 'close', 'content-length': '0', 'x-openstack-request-id': 'req-ac5ddfdd-4851-4df3-8da9-f9e49fbcf540'}
        Body: 
2015-12-08 04:51:25,797 20486 INFO     [tempest_lib.common.rest_client] Request (TestGettingAddress:_run_cleanups): 204 DELETE http://10.0.2.15:8774/v2.1/56734569d9fe400d81a6dd333a5092de/servers/817bcb0b-c96d-4b5f-8845-8a2764f1feb2 0.203s
2015-12-08 04:51:25,797 20486 DEBUG    [tempest_lib.common.rest_client] Request - Headers: {'Content-Type': 'application/json', 'Accept': 'application/json', 'X-Auth-Token': '&lt;omitted&gt;'}
        Body: None
    Response - Headers: {'status': '204', 'content-length': '0', 'x-compute-request-id': 'req-888c3d63-31d6-4ebf-9fc3-719770c40eb9', 'vary': 'X-OpenStack-Nova-API-Version', 'connection': 'close', 'x-openstack-nova-api-version': '2.1', 'date': 'Tue, 08 Dec 2015 04:51:25 GMT', 'content-type': 'application/json'}
        Body: 
2015-12-08 04:51:26,036 20486 INFO     [tempest_lib.common.rest_client] Request (TestGettingAddress:_run_cleanups): 200 GET http://10.0.2.15:8774/v2.1/56734569d9fe400d81a6dd333a5092de/servers/817bcb0b-c96d-4b5f-8845-8a2764f1feb2 0.238s
2015-12-08 04:51:26,037 20486 DEBUG    [tempest_lib.common.rest_client] Request - Headers: {'Content-Type': 'application/json', 'Accept': 'application/json', 'X-Auth-Token': '&lt;omitted&gt;'}
        Body: None
    Response - Headers: {'status': '200', 'content-length': '1902', 'content-location': 'http://10.0.2.15:8774/v2.1/56734569d9fe400d81a6dd333a5092de/servers/817bcb0b-c96d-4b5f-8845-8a2764f1feb2', 'x-compute-request-id': 'req-91329c32-21de-43eb-8074-7126e36e77cb', 'vary': 'X-OpenStack-Nova-API-Version', 'connection': 'close', 'x-openstack-nova-api-version': '2.1', 'date': 'Tue, 08 Dec 2015 04:51:26 GMT', 'content-type': 'application/json'}
        Body: {"server": {"status": "ACTIVE", "updated": "2015-12-08T04:51:25Z", "hostId": "64c81a7c3afce26c9c16275182831e36a728d9ab2252dd67e842eec4", "addresses": {"tempest-network-smoke--738611409": [{"OS-EXT-IPS-MAC:mac_addr": "fa:16:3e:01:b1:48", "version": 4, "addr": "10.100.0.3", "OS-EXT-IPS:type": "fixed"}, {"OS-EXT-IPS-MAC:mac_addr": "fa:16:3e:01:b1:48", "version": 6, "addr": "2003::f816:3eff:fe01:b148", "OS-EXT-IPS:type": "fixed"}, {"OS-EXT-IPS-MAC:mac_addr": "fa:16:3e:01:b1:48", "version": 4, "addr": "172.24.4.4", "OS-EXT-IPS:type": "floating"}]}, "links": [{"href": "http://10.0.2.15:8774/v2.1/56734569d9fe400d81a6dd333a5092de/servers/817bcb0b-c96d-4b5f-8845-8a2764f1feb2", "rel": "self"}, {"href": "http://10.0.2.15:8774/56734569d9fe400d81a6dd333a5092de/servers/817bcb0b-c96d-4b5f-8845-8a2764f1feb2", "rel": "bookmark"}], "key_name": "tempest-TestGettingAddress-754108074", "image": {"id": "fca3d93c-7e75-4a47-aa05-ecdad3e4d743", "links": [{"href": "http://10.0.2.15:8774/56734569d9fe400d81a6dd333a5092de/images/fca3d93c-7e75-4a47-aa05-ecdad3e4d743", "rel": "bookmark"}]}, "OS-EXT-STS:task_state": "deleting", "OS-EXT-STS:vm_state": "active", "OS-SRV-USG:launched_at": "2015-12-08T04:47:51.000000", "flavor": {"id": "42", "links": [{"href": "http://10.0.2.15:8774/56734569d9fe400d81a6dd333a5092de/flavors/42", "rel": "bookmark"}]}, "id": "817bcb0b-c96d-4b5f-8845-8a2764f1feb2", "security_groups": [{"name": "tempest-secgroup-smoke-1746942270"}], "OS-SRV-USG:terminated_at": null, "OS-EXT-AZ:availability_zone": "nova", "user_id": "507a0fc3d22f4393a733699a7bc6cc03", "name": "tempest.common.compute-instance-775770684", "created": "2015-12-08T04:47:48Z", "tenant_id": "56734569d9fe400d81a6dd333a5092de", "OS-DCF:diskConfig": "MANUAL", "os-extended-volumes:volumes_attached": [], "accessIPv4": "", "accessIPv6": "", "progress": 0, "OS-EXT-STS:power_state": 1, "config_drive": "True", "metadata": {}}}
2015-12-08 04:51:27,191 20486 INFO     [tempest_lib.common.rest_client] Request (TestGettingAddress:_run_cleanups): 200 GET http://10.0.2.15:8774/v2.1/56734569d9fe400d81a6dd333a5092de/servers/817bcb0b-c96d-4b5f-8845-8a2764f1feb2 0.142s
2015-12-08 04:51:27,192 20486 DEBUG    [tempest_lib.common.rest_client] Request - Headers: {'Content-Type': 'application/json', 'Accept': 'application/json', 'X-Auth-Token': '&lt;omitted&gt;'}
        Body: None
    Response - Headers: {'status': '200', 'content-length': '1438', 'content-location': 'http://10.0.2.15:8774/v2.1/56734569d9fe400d81a6dd333a5092de/servers/817bcb0b-c96d-4b5f-8845-8a2764f1feb2', 'x-compute-request-id': 'req-33654bd5-8a3c-4a55-992c-9b835837413f', 'vary': 'X-OpenStack-Nova-API-Version', 'connection': 'close', 'x-openstack-nova-api-version': '2.1', 'date': 'Tue, 08 Dec 2015 04:51:27 GMT', 'content-type': 'application/json'}
        Body: {"server": {"status": "ACTIVE", "updated": "2015-12-08T04:51:26Z", "hostId": "64c81a7c3afce26c9c16275182831e36a728d9ab2252dd67e842eec4", "addresses": {}, "links": [{"href": "http://10.0.2.15:8774/v2.1/56734569d9fe400d81a6dd333a5092de/servers/817bcb0b-c96d-4b5f-8845-8a2764f1feb2", "rel": "self"}, {"href": "http://10.0.2.15:8774/56734569d9fe400d81a6dd333a5092de/servers/817bcb0b-c96d-4b5f-8845-8a2764f1feb2", "rel": "bookmark"}], "key_name": "tempest-TestGettingAddress-754108074", "image": {"id": "fca3d93c-7e75-4a47-aa05-ecdad3e4d743", "links": [{"href": "http://10.0.2.15:8774/56734569d9fe400d81a6dd333a5092de/images/fca3d93c-7e75-4a47-aa05-ecdad3e4d743", "rel": "bookmark"}]}, "OS-EXT-STS:task_state": "deleting", "OS-EXT-STS:vm_state": "active", "OS-SRV-USG:launched_at": "2015-12-08T04:47:51.000000", "flavor": {"id": "42", "links": [{"href": "http://10.0.2.15:8774/56734569d9fe400d81a6dd333a5092de/flavors/42", "rel": "bookmark"}]}, "id": "817bcb0b-c96d-4b5f-8845-8a2764f1feb2", "OS-SRV-USG:terminated_at": null, "OS-EXT-AZ:availability_zone": "nova", "user_id": "507a0fc3d22f4393a733699a7bc6cc03", "name": "tempest.common.compute-instance-775770684", "created": "2015-12-08T04:47:48Z", "tenant_id": "56734569d9fe400d81a6dd333a5092de", "OS-DCF:diskConfig": "MANUAL", "os-extended-volumes:volumes_attached": [], "accessIPv4": "", "accessIPv6": "", "progress": 0, "OS-EXT-STS:power_state": 1, "config_drive": "True", "metadata": {}}}
2015-12-08 04:51:28,279 20486 INFO     [tempest_lib.common.rest_client] Request (TestGettingAddress:_run_cleanups): 404 GET http://10.0.2.15:8774/v2.1/56734569d9fe400d81a6dd333a5092de/servers/817bcb0b-c96d-4b5f-8845-8a2764f1feb2 0.077s
2015-12-08 04:51:28,280 20486 DEBUG    [tempest_lib.common.rest_client] Request - Headers: {'Content-Type': 'application/json', 'Accept': 'application/json', 'X-Auth-Token': '&lt;omitted&gt;'}
        Body: None
    Response - Headers: {'status': '404', 'content-length': '111', 'x-compute-request-id': 'req-64764d9d-abe2-40a2-b13a-24f5aaecd5da', 'vary': 'X-OpenStack-Nova-API-Version', 'connection': 'close', 'x-openstack-nova-api-version': '2.1', 'date': 'Tue, 08 Dec 2015 04:51:28 GMT', 'content-type': 'application/json; charset=UTF-8'}
        Body: {"itemNotFound": {"message": "Instance 817bcb0b-c96d-4b5f-8845-8a2764f1feb2 could not be found.", "code": 404}}
2015-12-08 04:51:28,778 20486 INFO     [tempest_lib.common.rest_client] Request (TestGettingAddress:_run_cleanups): 200 PUT http://10.0.2.15:9696/v2.0/routers/324f7f76-1138-4449-af10-06d8b49e1894/remove_router_interface 0.497s
2015-12-08 04:51:28,778 20486 DEBUG    [tempest_lib.common.rest_client] Request - Headers: {'Content-Type': 'application/json', 'Accept': 'application/json', 'X-Auth-Token': '&lt;omitted&gt;'}
        Body: {"subnet_id": "5e096676-ae1b-408f-a4cc-41e441b05b4b"}
    Response - Headers: {'status': '200', 'content-length': '255', 'connection': 'close', 'date': 'Tue, 08 Dec 2015 04:51:28 GMT', 'content-type': 'application/json; charset=UTF-8', 'x-openstack-request-id': 'req-1b03a964-3b11-44c7-872d-7a0e620ff4e8'}
        Body: {"subnet_id": "5e096676-ae1b-408f-a4cc-41e441b05b4b", "tenant_id": "56734569d9fe400d81a6dd333a5092de", "subnet_ids": ["5e096676-ae1b-408f-a4cc-41e441b05b4b"], "port_id": "b79eb9bc-9a94-4910-8d82-cb4f807cf9d0", "id": "324f7f76-1138-4449-af10-06d8b49e1894"}
2015-12-08 04:51:29,316 20486 INFO     [tempest_lib.common.rest_client] Request (TestGettingAddress:_run_cleanups): 204 DELETE http://10.0.2.15:9696/v2.0/subnets/5e096676-ae1b-408f-a4cc-41e441b05b4b 0.537s
2015-12-08 04:51:29,317 20486 DEBUG    [tempest_lib.common.rest_client] Request - Headers: {'Content-Type': 'application/json', 'Accept': 'application/json', 'X-Auth-Token': '&lt;omitted&gt;'}
        Body: None
    Response - Headers: {'date': 'Tue, 08 Dec 2015 04:51:29 GMT', 'status': '204', 'connection': 'close', 'content-length': '0', 'x-openstack-request-id': 'req-f180de51-39e2-4c10-aacd-cc1863a8ab13'}
        Body: 
2015-12-08 04:51:29,353 20486 INFO     [tempest_lib.common.rest_client] Request (TestGettingAddress:_run_cleanups): 404 DELETE http://10.0.2.15:9696/v2.0/subnets/5e096676-ae1b-408f-a4cc-41e441b05b4b 0.035s
2015-12-08 04:51:29,353 20486 DEBUG    [tempest_lib.common.rest_client] Request - Headers: {'Content-Type': 'application/json', 'Accept': 'application/json', 'X-Auth-Token': '&lt;omitted&gt;'}
        Body: None
    Response - Headers: {'status': '404', 'content-length': '136', 'connection': 'close', 'date': 'Tue, 08 Dec 2015 04:51:29 GMT', 'content-type': 'application/json; charset=UTF-8', 'x-openstack-request-id': 'req-3fc14d61-f761-41ad-b178-7c6198678887'}
        Body: {"NeutronError": {"message": "Subnet 5e096676-ae1b-408f-a4cc-41e441b05b4b could not be found.", "type": "SubnetNotFound", "detail": ""}}
2015-12-08 04:51:29,819 20486 INFO     [tempest_lib.common.rest_client] Request (TestGettingAddress:_run_cleanups): 200 PUT http://10.0.2.15:9696/v2.0/routers/324f7f76-1138-4449-af10-06d8b49e1894/remove_router_interface 0.465s
2015-12-08 04:51:29,819 20486 DEBUG    [tempest_lib.common.rest_client] Request - Headers: {'Content-Type': 'application/json', 'Accept': 'application/json', 'X-Auth-Token': '&lt;omitted&gt;'}
        Body: {"subnet_id": "2e001011-6b52-4105-ad3a-4c56df4af48d"}
