<?xml version="1.0" encoding="UTF-8"?>
<!DOCTYPE html PUBLIC "-//W3C//DTD XHTML 1.0 Strict//EN"
     "http://www.w3.org/TR/xhtml1/DTD/xhtml1-strict.dtd">
<html xmlns="http://www.w3.org/1999/xhtml">
<head>
    <title>Unit Test Report</title>
    <meta name="generator" content="subunit2html 0.1"/>
    <meta http-equiv="Content-Type" content="text/html; charset=UTF-8"/>
    
<style type="text/css" media="screen">
body        { font-family: verdana, arial, helvetica, sans-serif;
    font-size: 80%; }
table       { font-size: 100%; width: 100%;}
pre         { font-size: 80%; }

/* -- heading -------------------------------------------------------------- */
h1 {
        font-size: 16pt;
        color: gray;
}
.heading {
    margin-top: 0ex;
    margin-bottom: 1ex;
}

.heading .attribute {
    margin-top: 1ex;
    margin-bottom: 0;
}

.heading .description {
    margin-top: 4ex;
    margin-bottom: 6ex;
}

/* -- css div popup -------------------------------------------------------- */
a.popup_link {
}

a.popup_link:hover {
    color: red;
}

.popup_window {
    display: none;
    overflow-x: scroll;
    /*border: solid #627173 1px; */
    padding: 10px;
    background-color: #E6E6D6;
    font-family: "Ubuntu Mono", "Lucida Console", "Courier New", monospace;
    text-align: left;
    font-size: 8pt;
}

}
/* -- report --------------------------------------------------------------- */
#show_detail_line {
    margin-top: 3ex;
    margin-bottom: 1ex;
}
#result_table {
    width: 100%;
    border-collapse: collapse;
    border: 1px solid #777;
}
#header_row {
    font-weight: bold;
    color: white;
    background-color: #777;
}
#result_table td {
    border: 1px solid #777;
    padding: 2px;
}
#total_row  { font-weight: bold; }
.passClass  { background-color: #6c6; }
.failClass  { background-color: #c60; }
.errorClass { background-color: #c00; }
.passCase   { color: #6c6; }
.failCase   { color: #c60; font-weight: bold; }
.errorCase  { color: #c00; font-weight: bold; }
.hiddenRow  { display: none; }
.testcase   { margin-left: 2em; }
td.testname {width: 40%}
td.small {width: 40px}

/* -- ending --------------------------------------------------------------- */
#ending {
}

</style>

</head>
<body>
<script language="javascript" type="text/javascript"><!--
output_list = Array();

/* level - 0:Summary; 1:Failed; 2:All */
function showCase(level) {
    trs = document.getElementsByTagName("tr");
    for (var i = 0; i < trs.length; i++) {
        tr = trs[i];
        id = tr.id;
        if (id.substr(0,2) == 'ft') {
            if (level < 1) {
                tr.className = 'hiddenRow';
            }
            else {
                tr.className = '';
            }
        }
        if (id.substr(0,2) == 'pt') {
            if (level > 1) {
                tr.className = '';
            }
            else {
                tr.className = 'hiddenRow';
            }
        }
    }
}


function showClassDetail(cid, count) {
    var id_list = Array(count);
    var toHide = 1;
    for (var i = 0; i < count; i++) {
        tid0 = 't' + cid.substr(1) + '.' + (i+1);
        tid = 'f' + tid0;
        tr = document.getElementById(tid);
        if (!tr) {
            tid = 'p' + tid0;
            tr = document.getElementById(tid);
        }
        id_list[i] = tid;
        if (tr.className) {
            toHide = 0;
        }
    }
    for (var i = 0; i < count; i++) {
        tid = id_list[i];
        if (toHide) {
            document.getElementById('div_'+tid).style.display = 'none'
            document.getElementById(tid).className = 'hiddenRow';
        }
        else {
            document.getElementById(tid).className = '';
        }
    }
}


function showTestDetail(div_id){
    var details_div = document.getElementById(div_id)
    var displayState = details_div.style.display
    // alert(displayState)
    if (displayState != 'block' ) {
        displayState = 'block'
        details_div.style.display = 'block'
    }
    else {
        details_div.style.display = 'none'
    }
}


function html_escape(s) {
    s = s.replace(/&/g,'&amp;');
    s = s.replace(/</g,'&lt;');
    s = s.replace(/>/g,'&gt;');
    return s;
}

/* obsoleted by detail in <div>
function showOutput(id, name) {
    var w = window.open("", //url
                    name,
                    "resizable,scrollbars,status,width=800,height=450");
    d = w.document;
    d.write("<pre>");
    d.write(html_escape(output_list[id]));
    d.write("\n");
    d.write("<a href='javascript:window.close()'>close</a>\n");
    d.write("</pre>\n");
    d.close();
}
*/
--></script>

<div class='heading'>
<h1>Unit Test Report</h1>

<p class='attribute'><strong>Status:</strong> Failure 8</p>

<p class='description'></p>
</div>



<p id='show_detail_line'>Show
<a href='javascript:showCase(0)'>Summary</a>
<a href='javascript:showCase(1)'>Failed</a>
<a href='javascript:showCase(2)'>All</a>
</p>
<table id='result_table'>
<colgroup>
<col align='left' />
<col align='right' />
<col align='right' />
<col align='right' />
<col align='right' />
<col align='right' />
<col align='right' />
<col align='right' />
</colgroup>
<tr id='header_row'>
    <td>Test Group/Test case</td>
    <td>Count</td>
    <td>Pass</td>
    <td>Fail</td>
    <td>Error</td>
    <td>Skip</td>
    <td>View</td>
    <td> </td>
</tr>

<tr class='failClass'>
    <td class="testname">tempest.scenario.test_network_v6.TestGettingAddress</td>
    <td class="small">8</td>
    <td class="small">0</td>
    <td class="small">8</td>
    <td class="small">0</td>
    <td class="small">0</td>
    <td class="small"><a href="javascript:showClassDetail('c1',8)"
>Detail</a></td>
    <td> </td>
</tr>

<tr id='ft1.1' class='none'>
    <td class='failCase'><div class='testcase'>test_dhcp6_stateless_from_os[compute,id-d7e1f858-187c-45a6-89c9-bdafde619a9f,network]</div></td>
    <td colspan='7' align='left'>

    <!--css div popup start-->
    <a class="popup_link" onfocus='this.blur();'
    href="javascript:showTestDetail('div_ft1.1')" >
        fail</a>

    <div id='div_ft1.1' class="popup_window">
        <div style='text-align: right; color:red;cursor:pointer'>
        <a onfocus='this.blur();'
onclick="document.getElementById('div_ft1.1').style.display = 'none' " >
           [x]</a>
        </div>
        <pre>
        
ft1.1: tempest.scenario.test_network_v6.TestGettingAddress.test_dhcp6_stateless_from_os[compute,id-d7e1f858-187c-45a6-89c9-bdafde619a9f,network]_StringException: Empty attachments:
  stderr
  stdout

pythonlogging:'': {{{
2015-12-24 17:27:33,149 21169 INFO     [tempest_lib.common.rest_client] Request (TestGettingAddress:setUp): 200 POST http://10.0.2.15:8774/v2.1/7d2eb74beffc46a590591e6a2d68a14a/os-keypairs 0.333s
2015-12-24 17:27:33,150 21169 DEBUG    [tempest_lib.common.rest_client] Request - Headers: {'Content-Type': 'application/json', 'Accept': 'application/json', 'X-Auth-Token': '&lt;omitted&gt;'}
        Body: {"keypair": {"name": "tempest-TestGettingAddress-1532971180"}}
    Response - Headers: {'status': '200', 'content-length': '2320', 'x-compute-request-id': 'req-45686bd1-35f3-41df-a962-ea38bac74235', 'vary': 'X-OpenStack-Nova-API-Version', 'connection': 'close', 'x-openstack-nova-api-version': '2.1', 'date': 'Thu, 24 Dec 2015 17:27:33 GMT', 'content-type': 'application/json'}
        Body: {"keypair": {"public_key": "ssh-rsa AAAAB3NzaC1yc2EAAAADAQABAAABAQCiLNasX6sQch4pc4M+uCF2xgLOamqamBg6++OaTunRTDYWXIlXWyGw5Kcupi+z8CMGAThQzlp4dV0lbIrdtgl3wGHbM8X8dD6A1F0avGjfhtUbiZtt2z3ZBddEMojjuN+U7+WSnjK+ai3SOq0UKi/SM7hKxQ9IPfa/WzO7t8LUXJutOpxsTojb2CTMpYWm1FbY2aob2PT7izmwQbxWtfw/7bc2ZwuhaUurFCOd4Fh79/KoGvefRldOyohvNJzOdZvK60UQSNzYUJXbJroSVKDlCS3/RE2+vwBaD1pEIwj/SoDNfULGWIOFWMzkWPeH3LMBbGIJ8DCTsJNoTDWRwXcL Generated-by-Nova", "private_key": "-----BEGIN RSA PRIVATE KEY-----\nMIIEqAIBAAKCAQEAoizWrF+rEHIeKXODPrghdsYCzmpqmpgYOvvjmk7p0Uw2FlyJ\nV1shsOSnLqYvs/AjBgE4UM5aeHVdJWyK3bYJd8Bh2zPF/HQ+gNRdGrxo34bVG4mb\nbds92QXXRDKI47jflO/lkp4yvmot0jqtFCov0jO4SsUPSD32v1szu7fC1FybrTqc\nbE6I29gkzKWFptRW2NmqG9j0+4s5sEG8VrX8P+23NmcLoWlLqxQjneBYe/fyqBr3\nn0ZXTsqIbzScznWbyutFEEjc2FCV2ya6ElSg5Qkt/0RNvr8AWg9aRCMI/0qAzX1C\nxliDhVjM5Fj3h9yzAWxiCfAwk7CTaEw1kcF3CwIDAQABAoIBACncEP0lJG52RjrE\nyheiR2D08zx8U0/b+kUfRzxJKikP1tYmxHx71VJnco+j7aQwU5n1LqgM22VEReqm\n/aEEn6T9T0TZND1Zc9ik9/Myto8bql4VQr00Xd5ql4nO0W6WBX/X/BXAJ7DmjzU4\nV/xgdz92ghcqjitDczEpRU0qvWs6oujRfkLYfr8XPYooccd3RScDK9mmx/ghLXVm\nsgp4+uc11y+IrmB/DVNr5LxX2O69BVjJK9Q5dgMYkS0Y5/FL/BET5kCgty84zBuQ\nVLCyQI+64I8bJJZ+ksaLuc1xknPRFxjL/NTR3RuRDDEkYnNIiFLb22ryFkqxENKR\nB1E+wgECggCBAMXa7sITZJqKWne+bztm7u9bpt6wrr5zl60+eHzp8qbAKdZvBwA+\nOM3Y0iSGH7DB5hZXLNVFGjxeitXo2q8a7x1E192pYHoOp8tDYsDvAe9x4rjz28z+\nWj0PaOOfYqF53fIqg9kVRudda7m0GxK8V2k/Cqsbx2YBpKHEfFwQArpBAoIAgQDR\n1Z6eDMfD81RxSXH6WHULBLrkpiVoARA3x0IktiVCAQ4tk3/LzvrFF+oZHnaKsRTD\n1ThmjarkFfu2jjByW/5katX4vLNcT75Kjp5BpIT6bJ76EbVTYvDw+meAnTG58rIR\nLkcdSPgoB4Huxi1AwHVQH+eVDJXbBilPeUnrRP9mSwKCAIEAsgCax04NN5/7bjmM\n9wNPOVbalQSd4cg7EGjgm3kajnzZ5wqyYLyZ/E/yF1v3jN2VNEovkpv904w3GeXJ\nQLpZn5p9HvYwTv96ZDt20B73PcXW9RCnkhDPfJmtgwO1B5ONYz5uqlIjHSoGLedk\naAG8HnrSDUkLprEZvVP5khXxbkECggCAdEj9KTuN7WLJFisMlh81ZdDOPe5xZmzI\nbxDm7+9dQHHTSKCoPutKf7VcD2WZbgzqpAhixDqYTOR95VJxOL8QgNfQEpOIloy+\nuRTGUTx6UUmm5JCxuy9mtTUf7N+wcgs0cV8DHBCXLZ/Tet6qr2q42JmFvk0GMyX7\n+MYPl+lZ3HcCggCAMMGXlfHOPjAGo5upA3WDD1M/2P/J7SpSLkvL8I9odARzrDIP\nNU3tuollw+ytxe9S/NQoOOmMbXfWsAZMheJoPH7eLIykKY0RIArx279FR8+XGIkB\n5/M8bV5U8UiMmUMqlZ3HvMAH8IfbtPrvSHVEwC7M+ZzAE2iHksDR/ntOKcU=\n-----END RSA PRIVATE KEY-----\n", "user_id": "2de00129c9c348979e3a57f4751b654b", "name": "tempest-TestGettingAddress-1532971180", "fingerprint": "32:22:89:f7:48:b1:2d:18:e5:84:66:75:04:65:87:b6"}}
2015-12-24 17:27:33,545 21169 INFO     [tempest_lib.common.rest_client] Request (TestGettingAddress:setUp): 201 POST http://10.0.2.15:9696/v2.0/security-groups 0.391s
2015-12-24 17:27:33,546 21169 DEBUG    [tempest_lib.common.rest_client] Request - Headers: {'Content-Type': 'application/json', 'Accept': 'application/json', 'X-Auth-Token': '&lt;omitted&gt;'}
        Body: {"security_group": {"tenant_id": "7d2eb74beffc46a590591e6a2d68a14a", "description": "tempest-secgroup-smoke-327196475 description", "name": "tempest-secgroup-smoke-327196475"}}
    Response - Headers: {'status': '201', 'content-length': '886', 'connection': 'close', 'date': 'Thu, 24 Dec 2015 17:27:33 GMT', 'content-type': 'application/json; charset=UTF-8', 'x-openstack-request-id': 'req-94a6aa37-af18-4519-bc86-32a98aa67d8f'}
        Body: {"security_group": {"tenant_id": "7d2eb74beffc46a590591e6a2d68a14a", "description": "tempest-secgroup-smoke-327196475 description", "id": "8a0f9b72-2b32-47b2-8f28-b61667c27f9c", "security_group_rules": [{"remote_group_id": null, "direction": "egress", "remote_ip_prefix": null, "protocol": null, "ethertype": "IPv4", "tenant_id": "7d2eb74beffc46a590591e6a2d68a14a", "port_range_max": null, "port_range_min": null, "id": "f4ab0587-2785-4c9e-aad0-32a44c9c2fa2", "security_group_id": "8a0f9b72-2b32-47b2-8f28-b61667c27f9c"}, {"remote_group_id": null, "direction": "egress", "remote_ip_prefix": null, "protocol": null, "ethertype": "IPv6", "tenant_id": "7d2eb74beffc46a590591e6a2d68a14a", "port_range_max": null, "port_range_min": null, "id": "cf19d833-52db-4b56-abce-ea6633d7b0ee", "security_group_id": "8a0f9b72-2b32-47b2-8f28-b61667c27f9c"}], "name": "tempest-secgroup-smoke-327196475"}}
2015-12-24 17:27:33,685 21169 INFO     [tempest_lib.common.rest_client] Request (TestGettingAddress:setUp): 201 POST http://10.0.2.15:9696/v2.0/security-group-rules 0.138s
2015-12-24 17:27:33,685 21169 DEBUG    [tempest_lib.common.rest_client] Request - Headers: {'Content-Type': 'application/json', 'Accept': 'application/json', 'X-Auth-Token': '&lt;omitted&gt;'}
        Body: {"security_group_rule": {"direction": "ingress", "protocol": "tcp", "tenant_id": "7d2eb74beffc46a590591e6a2d68a14a", "port_range_max": 22, "security_group_id": "8a0f9b72-2b32-47b2-8f28-b61667c27f9c", "port_range_min": 22}}
    Response - Headers: {'status': '201', 'content-length': '340', 'connection': 'close', 'date': 'Thu, 24 Dec 2015 17:27:33 GMT', 'content-type': 'application/json; charset=UTF-8', 'x-openstack-request-id': 'req-de5fac2a-ab24-42f4-a841-f0122ffbeeb5'}
        Body: {"security_group_rule": {"remote_group_id": null, "direction": "ingress", "remote_ip_prefix": null, "protocol": "tcp", "ethertype": "IPv4", "tenant_id": "7d2eb74beffc46a590591e6a2d68a14a", "port_range_max": 22, "port_range_min": 22, "id": "37d39a00-45b9-4768-b3cc-8f3d8cb88c01", "security_group_id": "8a0f9b72-2b32-47b2-8f28-b61667c27f9c"}}
2015-12-24 17:27:33,800 21169 INFO     [tempest_lib.common.rest_client] Request (TestGettingAddress:setUp): 201 POST http://10.0.2.15:9696/v2.0/security-group-rules 0.114s
2015-12-24 17:27:33,801 21169 DEBUG    [tempest_lib.common.rest_client] Request - Headers: {'Content-Type': 'application/json', 'Accept': 'application/json', 'X-Auth-Token': '&lt;omitted&gt;'}
        Body: {"security_group_rule": {"direction": "egress", "protocol": "tcp", "tenant_id": "7d2eb74beffc46a590591e6a2d68a14a", "port_range_max": 22, "security_group_id": "8a0f9b72-2b32-47b2-8f28-b61667c27f9c", "port_range_min": 22}}
    Response - Headers: {'status': '201', 'content-length': '339', 'connection': 'close', 'date': 'Thu, 24 Dec 2015 17:27:33 GMT', 'content-type': 'application/json; charset=UTF-8', 'x-openstack-request-id': 'req-fdedf92f-4ed8-461c-b769-0a6566b84471'}
        Body: {"security_group_rule": {"remote_group_id": null, "direction": "egress", "remote_ip_prefix": null, "protocol": "tcp", "ethertype": "IPv4", "tenant_id": "7d2eb74beffc46a590591e6a2d68a14a", "port_range_max": 22, "port_range_min": 22, "id": "7abf618b-08ce-444a-9a86-a23296ffb7f2", "security_group_id": "8a0f9b72-2b32-47b2-8f28-b61667c27f9c"}}
2015-12-24 17:27:34,067 21169 INFO     [tempest_lib.common.rest_client] Request (TestGettingAddress:setUp): 201 POST http://10.0.2.15:9696/v2.0/security-group-rules 0.264s
2015-12-24 17:27:34,068 21169 DEBUG    [tempest_lib.common.rest_client] Request - Headers: {'Content-Type': 'application/json', 'Accept': 'application/json', 'X-Auth-Token': '&lt;omitted&gt;'}
        Body: {"security_group_rule": {"tenant_id": "7d2eb74beffc46a590591e6a2d68a14a", "direction": "ingress", "protocol": "icmp", "security_group_id": "8a0f9b72-2b32-47b2-8f28-b61667c27f9c"}}
    Response - Headers: {'status': '201', 'content-length': '345', 'connection': 'close', 'date': 'Thu, 24 Dec 2015 17:27:34 GMT', 'content-type': 'application/json; charset=UTF-8', 'x-openstack-request-id': 'req-d939ee06-346a-420d-8fda-db96132f5a75'}
        Body: {"security_group_rule": {"remote_group_id": null, "direction": "ingress", "remote_ip_prefix": null, "protocol": "icmp", "ethertype": "IPv4", "tenant_id": "7d2eb74beffc46a590591e6a2d68a14a", "port_range_max": null, "port_range_min": null, "id": "82744f00-27c7-451e-b2d2-7738b0623e9d", "security_group_id": "8a0f9b72-2b32-47b2-8f28-b61667c27f9c"}}
2015-12-24 17:27:34,198 21169 INFO     [tempest_lib.common.rest_client] Request (TestGettingAddress:setUp): 201 POST http://10.0.2.15:9696/v2.0/security-group-rules 0.129s
2015-12-24 17:27:34,199 21169 DEBUG    [tempest_lib.common.rest_client] Request - Headers: {'Content-Type': 'application/json', 'Accept': 'application/json', 'X-Auth-Token': '&lt;omitted&gt;'}
        Body: {"security_group_rule": {"tenant_id": "7d2eb74beffc46a590591e6a2d68a14a", "direction": "egress", "protocol": "icmp", "security_group_id": "8a0f9b72-2b32-47b2-8f28-b61667c27f9c"}}
    Response - Headers: {'status': '201', 'content-length': '344', 'connection': 'close', 'date': 'Thu, 24 Dec 2015 17:27:34 GMT', 'content-type': 'application/json; charset=UTF-8', 'x-openstack-request-id': 'req-8c6dedc1-cf9a-4c3b-8af4-83f4229c8500'}
        Body: {"security_group_rule": {"remote_group_id": null, "direction": "egress", "remote_ip_prefix": null, "protocol": "icmp", "ethertype": "IPv4", "tenant_id": "7d2eb74beffc46a590591e6a2d68a14a", "port_range_max": null, "port_range_min": null, "id": "be4e3236-b8da-4aa1-a39b-e2af2341e84d", "security_group_id": "8a0f9b72-2b32-47b2-8f28-b61667c27f9c"}}
2015-12-24 17:27:34,315 21169 INFO     [tempest_lib.common.rest_client] Request (TestGettingAddress:setUp): 201 POST http://10.0.2.15:9696/v2.0/security-group-rules 0.115s
2015-12-24 17:27:34,316 21169 DEBUG    [tempest_lib.common.rest_client] Request - Headers: {'Content-Type': 'application/json', 'Accept': 'application/json', 'X-Auth-Token': '&lt;omitted&gt;'}
        Body: {"security_group_rule": {"tenant_id": "7d2eb74beffc46a590591e6a2d68a14a", "direction": "ingress", "security_group_id": "8a0f9b72-2b32-47b2-8f28-b61667c27f9c", "protocol": "icmp", "ethertype": "IPv6"}}
    Response - Headers: {'status': '201', 'content-length': '345', 'connection': 'close', 'date': 'Thu, 24 Dec 2015 17:27:34 GMT', 'content-type': 'application/json; charset=UTF-8', 'x-openstack-request-id': 'req-e296e606-5ac2-4fd8-b591-3949e50ea307'}
        Body: {"security_group_rule": {"remote_group_id": null, "direction": "ingress", "remote_ip_prefix": null, "protocol": "icmp", "ethertype": "IPv6", "tenant_id": "7d2eb74beffc46a590591e6a2d68a14a", "port_range_max": null, "port_range_min": null, "id": "f56d3430-3c04-4e65-b5c7-e3d4a1ab3038", "security_group_id": "8a0f9b72-2b32-47b2-8f28-b61667c27f9c"}}
2015-12-24 17:27:34,442 21169 INFO     [tempest_lib.common.rest_client] Request (TestGettingAddress:setUp): 201 POST http://10.0.2.15:9696/v2.0/security-group-rules 0.124s
2015-12-24 17:27:34,442 21169 DEBUG    [tempest_lib.common.rest_client] Request - Headers: {'Content-Type': 'application/json', 'Accept': 'application/json', 'X-Auth-Token': '&lt;omitted&gt;'}
        Body: {"security_group_rule": {"tenant_id": "7d2eb74beffc46a590591e6a2d68a14a", "direction": "egress", "security_group_id": "8a0f9b72-2b32-47b2-8f28-b61667c27f9c", "protocol": "icmp", "ethertype": "IPv6"}}
    Response - Headers: {'status': '201', 'content-length': '344', 'connection': 'close', 'date': 'Thu, 24 Dec 2015 17:27:34 GMT', 'content-type': 'application/json; charset=UTF-8', 'x-openstack-request-id': 'req-d61ac88e-5587-4e9d-b434-b7c43e2ff707'}
        Body: {"security_group_rule": {"remote_group_id": null, "direction": "egress", "remote_ip_prefix": null, "protocol": "icmp", "ethertype": "IPv6", "tenant_id": "7d2eb74beffc46a590591e6a2d68a14a", "port_range_max": null, "port_range_min": null, "id": "c007f776-b123-408a-91a2-bb0031738ca6", "security_group_id": "8a0f9b72-2b32-47b2-8f28-b61667c27f9c"}}
2015-12-24 17:27:34,628 21169 INFO     [tempest_lib.common.rest_client] Request (TestGettingAddress:test_dhcp6_stateless_from_os): 201 POST http://10.0.2.15:9696/v2.0/networks 0.184s
2015-12-24 17:27:34,629 21169 DEBUG    [tempest_lib.common.rest_client] Request - Headers: {'Content-Type': 'application/json', 'Accept': 'application/json', 'X-Auth-Token': '&lt;omitted&gt;'}
        Body: {"network": {"tenant_id": "7d2eb74beffc46a590591e6a2d68a14a", "name": "tempest-network-smoke--326190630"}}
    Response - Headers: {'status': '201', 'content-length': '326', 'connection': 'close', 'date': 'Thu, 24 Dec 2015 17:27:34 GMT', 'content-type': 'application/json; charset=UTF-8', 'x-openstack-request-id': 'req-241ccad8-400b-4f51-a652-3f81259b3e91'}
        Body: {"network": {"status": "ACTIVE", "subnets": [], "availability_zone_hints": [], "name": "tempest-network-smoke--326190630", "admin_state_up": true, "tenant_id": "7d2eb74beffc46a590591e6a2d68a14a", "mtu": 0, "router:external": false, "shared": false, "port_security_enabled": true, "id": "8bb1fb6b-fa49-4784-b6b8-9216a4ba85f8"}}
2015-12-24 17:27:34,840 21169 INFO     [tempest_lib.common.rest_client] Request (TestGettingAddress:test_dhcp6_stateless_from_os): 200 GET http://10.0.2.15:9696/v2.0/subnets?tenant_id=7d2eb74beffc46a590591e6a2d68a14a&amp;cidr=10.100.0.0%2F28 0.209s
2015-12-24 17:27:34,840 21169 DEBUG    [tempest_lib.common.rest_client] Request - Headers: {'Content-Type': 'application/json', 'Accept': 'application/json', 'X-Auth-Token': '&lt;omitted&gt;'}
        Body: None
    Response - Headers: {'status': '200', 'content-length': '15', 'content-location': 'http://10.0.2.15:9696/v2.0/subnets?tenant_id=7d2eb74beffc46a590591e6a2d68a14a&amp;cidr=10.100.0.0%2F28', 'connection': 'close', 'date': 'Thu, 24 Dec 2015 17:27:34 GMT', 'content-type': 'application/json; charset=UTF-8', 'x-openstack-request-id': 'req-609d1f5a-9a51-4da3-8c7d-f8b6ca57246e'}
        Body: {"subnets": []}
2015-12-24 17:27:36,274 21169 INFO     [tempest_lib.common.rest_client] Request (TestGettingAddress:test_dhcp6_stateless_from_os): 201 POST http://10.0.2.15:9696/v2.0/subnets 1.432s
2015-12-24 17:27:36,274 21169 DEBUG    [tempest_lib.common.rest_client] Request - Headers: {'Content-Type': 'application/json', 'Accept': 'application/json', 'X-Auth-Token': '&lt;omitted&gt;'}
        Body: {"subnet": {"ip_version": 4, "tenant_id": "7d2eb74beffc46a590591e6a2d68a14a", "cidr": "10.100.0.0/28", "network_id": "8bb1fb6b-fa49-4784-b6b8-9216a4ba85f8", "name": "tempest-sub4-1522686094"}}
    Response - Headers: {'status': '201', 'content-length': '470', 'connection': 'close', 'date': 'Thu, 24 Dec 2015 17:27:36 GMT', 'content-type': 'application/json; charset=UTF-8', 'x-openstack-request-id': 'req-b1457162-15da-4490-a1c1-f4c41c980d82'}
        Body: {"subnet": {"name": "tempest-sub4-1522686094", "enable_dhcp": true, "network_id": "8bb1fb6b-fa49-4784-b6b8-9216a4ba85f8", "tenant_id": "7d2eb74beffc46a590591e6a2d68a14a", "dns_nameservers": [], "gateway_ip": "10.100.0.1", "ipv6_ra_mode": null, "allocation_pools": [{"start": "10.100.0.2", "end": "10.100.0.14"}], "host_routes": [], "ip_version": 4, "ipv6_address_mode": null, "cidr": "10.100.0.0/28", "id": "846e3873-60fb-459e-9800-b12451e5e676", "subnetpool_id": null}}
2015-12-24 17:27:36,345 21169 INFO     [tempest_lib.common.rest_client] Request (TestGettingAddress:test_dhcp6_stateless_from_os): 201 POST http://10.0.2.15:9696/v2.0/routers 0.069s
2015-12-24 17:27:36,345 21169 DEBUG    [tempest_lib.common.rest_client] Request - Headers: {'Content-Type': 'application/json', 'Accept': 'application/json', 'X-Auth-Token': '&lt;omitted&gt;'}
        Body: {"router": {"tenant_id": "7d2eb74beffc46a590591e6a2d68a14a", "name": "tempest-router-smoke-311434389", "admin_state_up": true}}
    Response - Headers: {'status': '201', 'content-length': '295', 'connection': 'close', 'date': 'Thu, 24 Dec 2015 17:27:36 GMT', 'content-type': 'application/json; charset=UTF-8', 'x-openstack-request-id': 'req-45f0bdbb-6553-4922-8117-cf1f9d4cd434'}
        Body: {"router": {"status": "ACTIVE", "external_gateway_info": null, "availability_zone_hints": [], "availability_zones": [], "name": "tempest-router-smoke-311434389", "admin_state_up": true, "tenant_id": "7d2eb74beffc46a590591e6a2d68a14a", "routes": [], "id": "20a58f94-5979-4c90-833b-6422cb18d16a"}}
2015-12-24 17:27:36,395 21169 INFO     [tempest_lib.common.rest_client] Request (TestGettingAddress:test_dhcp6_stateless_from_os): 200 GET http://10.0.2.15:9696/v2.0/routers/20a58f94-5979-4c90-833b-6422cb18d16a 0.049s
2015-12-24 17:27:36,395 21169 DEBUG    [tempest_lib.common.rest_client] Request - Headers: {'Content-Type': 'application/json', 'Accept': 'application/json', 'X-Auth-Token': '&lt;omitted&gt;'}
        Body: None
    Response - Headers: {'status': '200', 'content-length': '295', 'content-location': 'http://10.0.2.15:9696/v2.0/routers/20a58f94-5979-4c90-833b-6422cb18d16a', 'connection': 'close', 'date': 'Thu, 24 Dec 2015 17:27:36 GMT', 'content-type': 'application/json; charset=UTF-8', 'x-openstack-request-id': 'req-9acd088d-04dd-4451-a1e2-174ba144af2b'}
        Body: {"router": {"status": "ACTIVE", "external_gateway_info": null, "availability_zone_hints": [], "availability_zones": [], "name": "tempest-router-smoke-311434389", "admin_state_up": true, "tenant_id": "7d2eb74beffc46a590591e6a2d68a14a", "routes": [], "id": "20a58f94-5979-4c90-833b-6422cb18d16a"}}
2015-12-24 17:27:37,126 21169 INFO     [tempest_lib.common.rest_client] Request (TestGettingAddress:test_dhcp6_stateless_from_os): 200 PUT http://10.0.2.15:9696/v2.0/routers/20a58f94-5979-4c90-833b-6422cb18d16a 0.729s
2015-12-24 17:27:37,126 21169 DEBUG    [tempest_lib.common.rest_client] Request - Headers: {'Content-Type': 'application/json', 'Accept': 'application/json', 'X-Auth-Token': '&lt;omitted&gt;'}
        Body: {"router": {"external_gateway_info": {"network_id": "251c6068-9ecb-4e5b-9a8a-8728d2c74d29"}, "name": "tempest-router-smoke-311434389", "admin_state_up": true}}
    Response - Headers: {'status': '200', 'content-length': '557', 'connection': 'close', 'date': 'Thu, 24 Dec 2015 17:27:37 GMT', 'content-type': 'application/json; charset=UTF-8', 'x-openstack-request-id': 'req-e382589b-4bc8-450f-93aa-bf38360beb55'}
        Body: {"router": {"status": "ACTIVE", "external_gateway_info": {"network_id": "251c6068-9ecb-4e5b-9a8a-8728d2c74d29", "enable_snat": true, "external_fixed_ips": [{"subnet_id": "fa601847-7239-407c-9725-34667b0da2ab", "ip_address": "172.24.4.3"}, {"subnet_id": "b8ff8967-597d-4d68-b0ec-24b6620e7252", "ip_address": "2001:db8::4"}]}, "availability_zone_hints": [], "availability_zones": [], "name": "tempest-router-smoke-311434389", "admin_state_up": true, "tenant_id": "7d2eb74beffc46a590591e6a2d68a14a", "routes": [], "id": "20a58f94-5979-4c90-833b-6422cb18d16a"}}
2015-12-24 17:27:37,683 21169 INFO     [tempest_lib.common.rest_client] Request (TestGettingAddress:test_dhcp6_stateless_from_os): 200 PUT http://10.0.2.15:9696/v2.0/routers/20a58f94-5979-4c90-833b-6422cb18d16a/add_router_interface 0.556s
2015-12-24 17:27:37,683 21169 DEBUG    [tempest_lib.common.rest_client] Request - Headers: {'Content-Type': 'application/json', 'Accept': 'application/json', 'X-Auth-Token': '&lt;omitted&gt;'}
        Body: {"subnet_id": "846e3873-60fb-459e-9800-b12451e5e676"}
    Response - Headers: {'status': '200', 'content-length': '255', 'connection': 'close', 'date': 'Thu, 24 Dec 2015 17:27:37 GMT', 'content-type': 'application/json; charset=UTF-8', 'x-openstack-request-id': 'req-1809fb89-9e54-4930-9334-0cd8d4762bc9'}
        Body: {"subnet_id": "846e3873-60fb-459e-9800-b12451e5e676", "tenant_id": "7d2eb74beffc46a590591e6a2d68a14a", "subnet_ids": ["846e3873-60fb-459e-9800-b12451e5e676"], "port_id": "59226563-fab5-4b73-b43e-0dbadd29f258", "id": "20a58f94-5979-4c90-833b-6422cb18d16a"}
2015-12-24 17:27:37,887 21169 INFO     [tempest_lib.common.rest_client] Request (TestGettingAddress:test_dhcp6_stateless_from_os): 200 GET http://10.0.2.15:9696/v2.0/subnets?tenant_id=7d2eb74beffc46a590591e6a2d68a14a&amp;cidr=2003%3A%3A%2F64 0.202s
2015-12-24 17:27:37,887 21169 DEBUG    [tempest_lib.common.rest_client] Request - Headers: {'Content-Type': 'application/json', 'Accept': 'application/json', 'X-Auth-Token': '&lt;omitted&gt;'}
        Body: None
    Response - Headers: {'status': '200', 'content-length': '15', 'content-location': 'http://10.0.2.15:9696/v2.0/subnets?tenant_id=7d2eb74beffc46a590591e6a2d68a14a&amp;cidr=2003%3A%3A%2F64', 'connection': 'close', 'date': 'Thu, 24 Dec 2015 17:27:37 GMT', 'content-type': 'application/json; charset=UTF-8', 'x-openstack-request-id': 'req-628662ae-2ac1-4872-90d6-90e26f746a44'}
        Body: {"subnets": []}
2015-12-24 17:27:38,365 21169 INFO     [tempest_lib.common.rest_client] Request (TestGettingAddress:test_dhcp6_stateless_from_os): 201 POST http://10.0.2.15:9696/v2.0/subnets 0.477s
2015-12-24 17:27:38,366 21169 DEBUG    [tempest_lib.common.rest_client] Request - Headers: {'Content-Type': 'application/json', 'Accept': 'application/json', 'X-Auth-Token': '&lt;omitted&gt;'}
        Body: {"subnet": {"name": "tempest-sub6-259202615", "network_id": "8bb1fb6b-fa49-4784-b6b8-9216a4ba85f8", "tenant_id": "7d2eb74beffc46a590591e6a2d68a14a", "ipv6_ra_mode": "dhcpv6-stateless", "ip_version": 6, "ipv6_address_mode": "dhcpv6-stateless", "cidr": "2003::/64"}}
    Response - Headers: {'status': '201', 'content-length': '501', 'connection': 'close', 'date': 'Thu, 24 Dec 2015 17:27:38 GMT', 'content-type': 'application/json; charset=UTF-8', 'x-openstack-request-id': 'req-713350dc-9f6d-4791-9c3f-6381facd5197'}
        Body: {"subnet": {"name": "tempest-sub6-259202615", "enable_dhcp": true, "network_id": "8bb1fb6b-fa49-4784-b6b8-9216a4ba85f8", "tenant_id": "7d2eb74beffc46a590591e6a2d68a14a", "dns_nameservers": [], "gateway_ip": "2003::1", "ipv6_ra_mode": "dhcpv6-stateless", "allocation_pools": [{"start": "2003::2", "end": "2003::ffff:ffff:ffff:ffff"}], "host_routes": [], "ip_version": 6, "ipv6_address_mode": "dhcpv6-stateless", "cidr": "2003::/64", "id": "fbe58d9f-16d3-4c63-ac5b-d5ed537eb1a6", "subnetpool_id": null}}
2015-12-24 17:27:38,989 21169 INFO     [tempest_lib.common.rest_client] Request (TestGettingAddress:test_dhcp6_stateless_from_os): 200 PUT http://10.0.2.15:9696/v2.0/routers/20a58f94-5979-4c90-833b-6422cb18d16a/add_router_interface 0.622s
2015-12-24 17:27:38,990 21169 DEBUG    [tempest_lib.common.rest_client] Request - Headers: {'Content-Type': 'application/json', 'Accept': 'application/json', 'X-Auth-Token': '&lt;omitted&gt;'}
        Body: {"subnet_id": "fbe58d9f-16d3-4c63-ac5b-d5ed537eb1a6"}
    Response - Headers: {'status': '200', 'content-length': '255', 'connection': 'close', 'date': 'Thu, 24 Dec 2015 17:27:38 GMT', 'content-type': 'application/json; charset=UTF-8', 'x-openstack-request-id': 'req-322e9e75-3ab4-4504-8806-c38a241ae4bb'}
        Body: {"subnet_id": "fbe58d9f-16d3-4c63-ac5b-d5ed537eb1a6", "tenant_id": "7d2eb74beffc46a590591e6a2d68a14a", "subnet_ids": ["fbe58d9f-16d3-4c63-ac5b-d5ed537eb1a6"], "port_id": "e1048bcf-545f-4e99-ba01-6dea4c0c3ed5", "id": "20a58f94-5979-4c90-833b-6422cb18d16a"}
2015-12-24 17:27:39,125 21169 INFO     [tempest_lib.common.rest_client] Request (TestGettingAddress:test_dhcp6_stateless_from_os): 200 POST http://10.0.2.15:5000/v2.0/tokens
2015-12-24 17:27:39,125 21169 DEBUG    [tempest_lib.common.rest_client] Request - Headers: {'Content-Type': 'application/json', 'Accept': 'application/json'}
        Body: &lt;omitted&gt;
    Response - Headers: {'status': '200', 'content-length': '2526', 'vary': 'X-Auth-Token', 'server': 'Apache/2.4.7 (Ubuntu)', 'connection': 'close', 'date': 'Thu, 24 Dec 2015 17:27:38 GMT', 'content-type': 'application/json', 'x-openstack-request-id': 'req-d97fa9c9-e131-40d9-b294-b3f134371724'}
        Body: {"access": {"token": {"issued_at": "2015-12-24T17:27:39.111286", "expires": "2015-12-24T18:27:39Z", "id": "781dda28eb6b4a2183eb60d3ffa9730b", "tenant": {"description": "tempest-TestGettingAddress-1002688590-desc", "enabled": true, "id": "7d2eb74beffc46a590591e6a2d68a14a", "name": "tempest-TestGettingAddress-1002688590"}, "audit_ids": ["M_PphvOqSc2t5mExBavWAg"]}, "serviceCatalog": [{"endpoints": [{"adminURL": "http://10.0.2.15:8774/v2.1/7d2eb74beffc46a590591e6a2d68a14a", "region": "RegionOne", "internalURL": "http://10.0.2.15:8774/v2.1/7d2eb74beffc46a590591e6a2d68a14a", "id": "751e44c33d01479da77cb7dbe1a6315e", "publicURL": "http://10.0.2.15:8774/v2.1/7d2eb74beffc46a590591e6a2d68a14a"}], "endpoints_links": [], "type": "compute", "name": "nova"}, {"endpoints": [{"adminURL": "http://10.0.2.15:9696/", "region": "RegionOne", "internalURL": "http://10.0.2.15:9696/", "id": "00ee00b771634d8ca2905144855986bc", "publicURL": "http://10.0.2.15:9696/"}], "endpoints_links": [], "type": "network", "name": "neutron"}, {"endpoints": [{"adminURL": "http://10.0.2.15:9292", "region": "RegionOne", "internalURL": "http://10.0.2.15:9292", "id": "1608a4d0e6374629b0a2bd8c54c9af05", "publicURL": "http://10.0.2.15:9292"}], "endpoints_links": [], "type": "image", "name": "glance"}, {"endpoints": [{"adminURL": "http://10.0.2.15:8774/v2/7d2eb74beffc46a590591e6a2d68a14a", "region": "RegionOne", "internalURL": "http://10.0.2.15:8774/v2/7d2eb74beffc46a590591e6a2d68a14a", "id": "02148492b51e4adfa6a5305067afabb1", "publicURL": "http://10.0.2.15:8774/v2/7d2eb74beffc46a590591e6a2d68a14a"}], "endpoints_links": [], "type": "compute_legacy", "name": "nova_legacy"}, {"endpoints": [{"adminURL": "http://10.0.2.15:8773/", "region": "RegionOne", "internalURL": "http://10.0.2.15:8773/", "id": "200a6df8bb49411bafddbfd8978bab5f", "publicURL": "http://10.0.2.15:8773/"}], "endpoints_links": [], "type": "ec2", "name": "ec2"}, {"endpoints": [{"adminURL": "http://10.0.2.15:35357/v2.0", "region": "RegionOne", "internalURL": "http://10.0.2.15:5000/v2.0", "id": "2000fdeffcc2498fa8404b4189b43c66", "publicURL": "http://10.0.2.15:5000/v2.0"}], "endpoints_links": [], "type": "identity", "name": "keystone"}], "user": {"username": "tempest-TestGettingAddress-1843785122", "roles_links": [], "id": "2de00129c9c348979e3a57f4751b654b", "roles": [{"name": "_member_"}, {"name": "Member"}], "name": "tempest-TestGettingAddress-1843785122"}, "metadata": {"is_admin": 0, "roles": ["9fe2ff9ee4384b1894a90878d3e92bab", "d82c96a6eea54fc6b00648952e0617a2"]}}}
2015-12-24 17:27:39,129 21169 DEBUG    [tempest.common.fixed_network] (TestGettingAddress:test_dhcp6_stateless_from_os) No valid network provided or created, defaulting to fixed_network_name
2015-12-24 17:27:39,472 21169 INFO     [tempest_lib.common.rest_client] Request (TestGettingAddress:test_dhcp6_stateless_from_os): 200 GET http://10.0.2.15:8774/v2.1/7d2eb74beffc46a590591e6a2d68a14a/os-networks 0.342s
2015-12-24 17:27:39,472 21169 DEBUG    [tempest_lib.common.rest_client] Request - Headers: {'Content-Type': 'application/json', 'Accept': 'application/json', 'X-Auth-Token': '&lt;omitted&gt;'}
        Body: None
    Response - Headers: {'status': '200', 'content-length': '478', 'content-location': 'http://10.0.2.15:8774/v2.1/7d2eb74beffc46a590591e6a2d68a14a/os-networks', 'x-compute-request-id': 'req-03fab0aa-f52b-47e8-8b11-1b8de13fcf68', 'vary': 'X-OpenStack-Nova-API-Version', 'connection': 'close', 'x-openstack-nova-api-version': '2.1', 'date': 'Thu, 24 Dec 2015 17:27:39 GMT', 'content-type': 'application/json'}
        Body: {"networks": [{"cidr_v6": null, "dns2": null, "dns1": null, "gateway": null, "broadcast": null, "netmask": null, "gateway_v6": null, "cidr": null, "label": "tempest-network-smoke--326190630", "id": "8bb1fb6b-fa49-4784-b6b8-9216a4ba85f8", "netmask_v6": null}, {"cidr_v6": null, "dns2": null, "dns1": null, "gateway": null, "broadcast": null, "netmask": null, "gateway_v6": null, "cidr": null, "label": "public", "id": "251c6068-9ecb-4e5b-9a8a-8728d2c74d29", "netmask_v6": null}]}
2015-12-24 17:27:39,473 21169 WARNING  [tempest.common.fixed_network] (TestGettingAddress:test_dhcp6_stateless_from_os) Network with name: private not found
2015-12-24 17:27:39,473 21169 INFO     [tempest.common.fixed_network] (TestGettingAddress:test_dhcp6_stateless_from_os) Found network {} available for tenant
2015-12-24 17:27:40,901 21169 INFO     [tempest_lib.common.rest_client] Request (TestGettingAddress:test_dhcp6_stateless_from_os): 202 POST http://10.0.2.15:8774/v2.1/7d2eb74beffc46a590591e6a2d68a14a/servers 1.427s
2015-12-24 17:27:40,901 21169 DEBUG    [tempest_lib.common.rest_client] Request - Headers: {'Content-Type': 'application/json', 'Accept': 'application/json', 'X-Auth-Token': '&lt;omitted&gt;'}
        Body: {"server": {"name": "tempest.common.compute-instance-415890080", "imageRef": "30ae5c6b-35a8-4eea-96ac-b4ca2984e4e2", "key_name": "tempest-TestGettingAddress-1532971180", "flavorRef": "42", "networks": [{"uuid": "8bb1fb6b-fa49-4784-b6b8-9216a4ba85f8"}], "security_groups": [{"name": "tempest-secgroup-smoke-327196475"}]}}
    Response - Headers: {'status': '202', 'content-length': '461', 'x-compute-request-id': 'req-0f64ff9f-4b10-43c9-84d5-e2fa6a12db8e', 'vary': 'X-OpenStack-Nova-API-Version', 'connection': 'close', 'location': 'http://10.0.2.15:8774/v2.1/7d2eb74beffc46a590591e6a2d68a14a/servers/9d0576d1-3d61-47be-9d96-6e2739bb2d0a', 'x-openstack-nova-api-version': '2.1', 'date': 'Thu, 24 Dec 2015 17:27:40 GMT', 'content-type': 'application/json'}
        Body: {"server": {"security_groups": [{"name": "tempest-secgroup-smoke-327196475"}], "OS-DCF:diskConfig": "MANUAL", "id": "9d0576d1-3d61-47be-9d96-6e2739bb2d0a", "links": [{"href": "http://10.0.2.15:8774/v2.1/7d2eb74beffc46a590591e6a2d68a14a/servers/9d0576d1-3d61-47be-9d96-6e2739bb2d0a", "rel": "self"}, {"href": "http://10.0.2.15:8774/7d2eb74beffc46a590591e6a2d68a14a/servers/9d0576d1-3d61-47be-9d96-6e2739bb2d0a", "rel": "bookmark"}], "adminPass": "68N3ppxFmyBC"}}
2015-12-24 17:27:41,161 21169 INFO     [tempest_lib.common.rest_client] Request (TestGettingAddress:test_dhcp6_stateless_from_os): 200 GET http://10.0.2.15:8774/v2.1/7d2eb74beffc46a590591e6a2d68a14a/servers/9d0576d1-3d61-47be-9d96-6e2739bb2d0a 0.254s
2015-12-24 17:27:41,162 21169 DEBUG    [tempest_lib.common.rest_client] Request - Headers: {'Content-Type': 'application/json', 'Accept': 'application/json', 'X-Auth-Token': '&lt;omitted&gt;'}
        Body: None
    Response - Headers: {'status': '200', 'content-length': '1354', 'content-location': 'http://10.0.2.15:8774/v2.1/7d2eb74beffc46a590591e6a2d68a14a/servers/9d0576d1-3d61-47be-9d96-6e2739bb2d0a', 'x-compute-request-id': 'req-17e9ad32-1d19-47dd-9713-4a138b182f17', 'vary': 'X-OpenStack-Nova-API-Version', 'connection': 'close', 'x-openstack-nova-api-version': '2.1', 'date': 'Thu, 24 Dec 2015 17:27:41 GMT', 'content-type': 'application/json'}
        Body: {"server": {"status": "BUILD", "updated": "2015-12-24T17:27:41Z", "hostId": "", "addresses": {}, "links": [{"href": "http://10.0.2.15:8774/v2.1/7d2eb74beffc46a590591e6a2d68a14a/servers/9d0576d1-3d61-47be-9d96-6e2739bb2d0a", "rel": "self"}, {"href": "http://10.0.2.15:8774/7d2eb74beffc46a590591e6a2d68a14a/servers/9d0576d1-3d61-47be-9d96-6e2739bb2d0a", "rel": "bookmark"}], "key_name": "tempest-TestGettingAddress-1532971180", "image": {"id": "30ae5c6b-35a8-4eea-96ac-b4ca2984e4e2", "links": [{"href": "http://10.0.2.15:8774/7d2eb74beffc46a590591e6a2d68a14a/images/30ae5c6b-35a8-4eea-96ac-b4ca2984e4e2", "rel": "bookmark"}]}, "OS-EXT-STS:task_state": "scheduling", "OS-EXT-STS:vm_state": "building", "OS-SRV-USG:launched_at": null, "flavor": {"id": "42", "links": [{"href": "http://10.0.2.15:8774/7d2eb74beffc46a590591e6a2d68a14a/flavors/42", "rel": "bookmark"}]}, "id": "9d0576d1-3d61-47be-9d96-6e2739bb2d0a", "OS-SRV-USG:terminated_at": null, "OS-EXT-AZ:availability_zone": "", "user_id": "2de00129c9c348979e3a57f4751b654b", "name": "tempest.common.compute-instance-415890080", "created": "2015-12-24T17:27:40Z", "tenant_id": "7d2eb74beffc46a590591e6a2d68a14a", "OS-DCF:diskConfig": "MANUAL", "os-extended-volumes:volumes_attached": [], "accessIPv4": "", "accessIPv6": "", "progress": 0, "OS-EXT-STS:power_state": 0, "config_drive": "", "metadata": {}}}
2015-12-24 17:27:42,558 21169 INFO     [tempest_lib.common.rest_client] Request (TestGettingAddress:test_dhcp6_stateless_from_os): 200 GET http://10.0.2.15:8774/v2.1/7d2eb74beffc46a590591e6a2d68a14a/servers/9d0576d1-3d61-47be-9d96-6e2739bb2d0a 0.387s
2015-12-24 17:27:42,558 21169 DEBUG    [tempest_lib.common.rest_client] Request - Headers: {'Content-Type': 'application/json', 'Accept': 'application/json', 'X-Auth-Token': '&lt;omitted&gt;'}
        Body: None
    Response - Headers: {'status': '200', 'content-length': '1479', 'content-location': 'http://10.0.2.15:8774/v2.1/7d2eb74beffc46a590591e6a2d68a14a/servers/9d0576d1-3d61-47be-9d96-6e2739bb2d0a', 'x-compute-request-id': 'req-0dd22afd-55e8-4629-8773-52cf90f1a46d', 'vary': 'X-OpenStack-Nova-API-Version', 'connection': 'close', 'x-openstack-nova-api-version': '2.1', 'date': 'Thu, 24 Dec 2015 17:27:42 GMT', 'content-type': 'application/json'}
        Body: {"server": {"status": "BUILD", "updated": "2015-12-24T17:27:41Z", "hostId": "ae0a60fc860e0291e5f033057ecb2a07681d614fe8fd7487e68b8d29", "addresses": {}, "links": [{"href": "http://10.0.2.15:8774/v2.1/7d2eb74beffc46a590591e6a2d68a14a/servers/9d0576d1-3d61-47be-9d96-6e2739bb2d0a", "rel": "self"}, {"href": "http://10.0.2.15:8774/7d2eb74beffc46a590591e6a2d68a14a/servers/9d0576d1-3d61-47be-9d96-6e2739bb2d0a", "rel": "bookmark"}], "key_name": "tempest-TestGettingAddress-1532971180", "image": {"id": "30ae5c6b-35a8-4eea-96ac-b4ca2984e4e2", "links": [{"href": "http://10.0.2.15:8774/7d2eb74beffc46a590591e6a2d68a14a/images/30ae5c6b-35a8-4eea-96ac-b4ca2984e4e2", "rel": "bookmark"}]}, "OS-EXT-STS:task_state": "spawning", "OS-EXT-STS:vm_state": "building", "OS-SRV-USG:launched_at": null, "flavor": {"id": "42", "links": [{"href": "http://10.0.2.15:8774/7d2eb74beffc46a590591e6a2d68a14a/flavors/42", "rel": "bookmark"}]}, "id": "9d0576d1-3d61-47be-9d96-6e2739bb2d0a", "security_groups": [{"name": "tempest-secgroup-smoke-327196475"}], "OS-SRV-USG:terminated_at": null, "OS-EXT-AZ:availability_zone": "nova", "user_id": "2de00129c9c348979e3a57f4751b654b", "name": "tempest.common.compute-instance-415890080", "created": "2015-12-24T17:27:40Z", "tenant_id": "7d2eb74beffc46a590591e6a2d68a14a", "OS-DCF:diskConfig": "MANUAL", "os-extended-volumes:volumes_attached": [], "accessIPv4": "", "accessIPv6": "", "progress": 0, "OS-EXT-STS:power_state": 0, "config_drive": "", "metadata": {}}}
2015-12-24 17:27:42,567 21169 INFO     [tempest.common.waiters] State transition "BUILD/scheduling" ==&gt; "BUILD/spawning" after 1 second wait
2015-12-24 17:27:43,772 21169 INFO     [tempest_lib.common.rest_client] Request (TestGettingAddress:test_dhcp6_stateless_from_os): 200 GET http://10.0.2.15:8774/v2.1/7d2eb74beffc46a590591e6a2d68a14a/servers/9d0576d1-3d61-47be-9d96-6e2739bb2d0a 0.203s
2015-12-24 17:27:43,772 21169 DEBUG    [tempest_lib.common.rest_client] Request - Headers: {'Content-Type': 'application/json', 'Accept': 'application/json', 'X-Auth-Token': '&lt;omitted&gt;'}
        Body: None
    Response - Headers: {'status': '200', 'content-length': '1479', 'content-location': 'http://10.0.2.15:8774/v2.1/7d2eb74beffc46a590591e6a2d68a14a/servers/9d0576d1-3d61-47be-9d96-6e2739bb2d0a', 'x-compute-request-id': 'req-71a6ea3e-37e0-4490-8fc8-86c0ac452293', 'vary': 'X-OpenStack-Nova-API-Version', 'connection': 'close', 'x-openstack-nova-api-version': '2.1', 'date': 'Thu, 24 Dec 2015 17:27:43 GMT', 'content-type': 'application/json'}
        Body: {"server": {"status": "BUILD", "updated": "2015-12-24T17:27:41Z", "hostId": "ae0a60fc860e0291e5f033057ecb2a07681d614fe8fd7487e68b8d29", "addresses": {}, "links": [{"href": "http://10.0.2.15:8774/v2.1/7d2eb74beffc46a590591e6a2d68a14a/servers/9d0576d1-3d61-47be-9d96-6e2739bb2d0a", "rel": "self"}, {"href": "http://10.0.2.15:8774/7d2eb74beffc46a590591e6a2d68a14a/servers/9d0576d1-3d61-47be-9d96-6e2739bb2d0a", "rel": "bookmark"}], "key_name": "tempest-TestGettingAddress-1532971180", "image": {"id": "30ae5c6b-35a8-4eea-96ac-b4ca2984e4e2", "links": [{"href": "http://10.0.2.15:8774/7d2eb74beffc46a590591e6a2d68a14a/images/30ae5c6b-35a8-4eea-96ac-b4ca2984e4e2", "rel": "bookmark"}]}, "OS-EXT-STS:task_state": "spawning", "OS-EXT-STS:vm_state": "building", "OS-SRV-USG:launched_at": null, "flavor": {"id": "42", "links": [{"href": "http://10.0.2.15:8774/7d2eb74beffc46a590591e6a2d68a14a/flavors/42", "rel": "bookmark"}]}, "id": "9d0576d1-3d61-47be-9d96-6e2739bb2d0a", "security_groups": [{"name": "tempest-secgroup-smoke-327196475"}], "OS-SRV-USG:terminated_at": null, "OS-EXT-AZ:availability_zone": "nova", "user_id": "2de00129c9c348979e3a57f4751b654b", "name": "tempest.common.compute-instance-415890080", "created": "2015-12-24T17:27:40Z", "tenant_id": "7d2eb74beffc46a590591e6a2d68a14a", "OS-DCF:diskConfig": "MANUAL", "os-extended-volumes:volumes_attached": [], "accessIPv4": "", "accessIPv6": "", "progress": 0, "OS-EXT-STS:power_state": 0, "config_drive": "", "metadata": {}}}
2015-12-24 17:27:45,115 21169 INFO     [tempest_lib.common.rest_client] Request (TestGettingAddress:test_dhcp6_stateless_from_os): 200 GET http://10.0.2.15:8774/v2.1/7d2eb74beffc46a590591e6a2d68a14a/servers/9d0576d1-3d61-47be-9d96-6e2739bb2d0a 0.333s
2015-12-24 17:27:45,116 21169 DEBUG    [tempest_lib.common.rest_client] Request - Headers: {'Content-Type': 'application/json', 'Accept': 'application/json', 'X-Auth-Token': '&lt;omitted&gt;'}
        Body: None
    Response - Headers: {'status': '200', 'content-length': '1779', 'content-location': 'http://10.0.2.15:8774/v2.1/7d2eb74beffc46a590591e6a2d68a14a/servers/9d0576d1-3d61-47be-9d96-6e2739bb2d0a', 'x-compute-request-id': 'req-8f4c6adb-0fd4-4d67-8d92-d41f2197fb40', 'vary': 'X-OpenStack-Nova-API-Version', 'connection': 'close', 'x-openstack-nova-api-version': '2.1', 'date': 'Thu, 24 Dec 2015 17:27:45 GMT', 'content-type': 'application/json'}
        Body: {"server": {"status": "ACTIVE", "updated": "2015-12-24T17:27:44Z", "hostId": "ae0a60fc860e0291e5f033057ecb2a07681d614fe8fd7487e68b8d29", "addresses": {"tempest-network-smoke--326190630": [{"OS-EXT-IPS-MAC:mac_addr": "fa:16:3e:35:20:34", "version": 6, "addr": "2003::f816:3eff:fe35:2034", "OS-EXT-IPS:type": "fixed"}, {"OS-EXT-IPS-MAC:mac_addr": "fa:16:3e:35:20:34", "version": 4, "addr": "10.100.0.3", "OS-EXT-IPS:type": "fixed"}]}, "links": [{"href": "http://10.0.2.15:8774/v2.1/7d2eb74beffc46a590591e6a2d68a14a/servers/9d0576d1-3d61-47be-9d96-6e2739bb2d0a", "rel": "self"}, {"href": "http://10.0.2.15:8774/7d2eb74beffc46a590591e6a2d68a14a/servers/9d0576d1-3d61-47be-9d96-6e2739bb2d0a", "rel": "bookmark"}], "key_name": "tempest-TestGettingAddress-1532971180", "image": {"id": "30ae5c6b-35a8-4eea-96ac-b4ca2984e4e2", "links": [{"href": "http://10.0.2.15:8774/7d2eb74beffc46a590591e6a2d68a14a/images/30ae5c6b-35a8-4eea-96ac-b4ca2984e4e2", "rel": "bookmark"}]}, "OS-EXT-STS:task_state": null, "OS-EXT-STS:vm_state": "active", "OS-SRV-USG:launched_at": "2015-12-24T17:27:44.000000", "flavor": {"id": "42", "links": [{"href": "http://10.0.2.15:8774/7d2eb74beffc46a590591e6a2d68a14a/flavors/42", "rel": "bookmark"}]}, "id": "9d0576d1-3d61-47be-9d96-6e2739bb2d0a", "security_groups": [{"name": "tempest-secgroup-smoke-327196475"}], "OS-SRV-USG:terminated_at": null, "OS-EXT-AZ:availability_zone": "nova", "user_id": "2de00129c9c348979e3a57f4751b654b", "name": "tempest.common.compute-instance-415890080", "created": "2015-12-24T17:27:40Z", "tenant_id": "7d2eb74beffc46a590591e6a2d68a14a", "OS-DCF:diskConfig": "MANUAL", "os-extended-volumes:volumes_attached": [], "accessIPv4": "", "accessIPv6": "", "progress": 0, "OS-EXT-STS:power_state": 1, "config_drive": "True", "metadata": {}}}
2015-12-24 17:27:45,134 21169 INFO     [tempest.common.waiters] State transition "BUILD/spawning" ==&gt; "ACTIVE/None" after 4 second wait
2015-12-24 17:27:45,370 21169 INFO     [tempest_lib.common.rest_client] Request (TestGettingAddress:test_dhcp6_stateless_from_os): 200 GET http://10.0.2.15:8774/v2.1/7d2eb74beffc46a590591e6a2d68a14a/servers/9d0576d1-3d61-47be-9d96-6e2739bb2d0a 0.236s
2015-12-24 17:27:45,371 21169 DEBUG    [tempest_lib.common.rest_client] Request - Headers: {'Content-Type': 'application/json', 'Accept': 'application/json', 'X-Auth-Token': '&lt;omitted&gt;'}
        Body: None
    Response - Headers: {'status': '200', 'content-length': '1779', 'content-location': 'http://10.0.2.15:8774/v2.1/7d2eb74beffc46a590591e6a2d68a14a/servers/9d0576d1-3d61-47be-9d96-6e2739bb2d0a', 'x-compute-request-id': 'req-8fa9130f-95cd-44cd-a17c-83582d746958', 'vary': 'X-OpenStack-Nova-API-Version', 'connection': 'close', 'x-openstack-nova-api-version': '2.1', 'date': 'Thu, 24 Dec 2015 17:27:45 GMT', 'content-type': 'application/json'}
        Body: {"server": {"status": "ACTIVE", "updated": "2015-12-24T17:27:44Z", "hostId": "ae0a60fc860e0291e5f033057ecb2a07681d614fe8fd7487e68b8d29", "addresses": {"tempest-network-smoke--326190630": [{"OS-EXT-IPS-MAC:mac_addr": "fa:16:3e:35:20:34", "version": 6, "addr": "2003::f816:3eff:fe35:2034", "OS-EXT-IPS:type": "fixed"}, {"OS-EXT-IPS-MAC:mac_addr": "fa:16:3e:35:20:34", "version": 4, "addr": "10.100.0.3", "OS-EXT-IPS:type": "fixed"}]}, "links": [{"href": "http://10.0.2.15:8774/v2.1/7d2eb74beffc46a590591e6a2d68a14a/servers/9d0576d1-3d61-47be-9d96-6e2739bb2d0a", "rel": "self"}, {"href": "http://10.0.2.15:8774/7d2eb74beffc46a590591e6a2d68a14a/servers/9d0576d1-3d61-47be-9d96-6e2739bb2d0a", "rel": "bookmark"}], "key_name": "tempest-TestGettingAddress-1532971180", "image": {"id": "30ae5c6b-35a8-4eea-96ac-b4ca2984e4e2", "links": [{"href": "http://10.0.2.15:8774/7d2eb74beffc46a590591e6a2d68a14a/images/30ae5c6b-35a8-4eea-96ac-b4ca2984e4e2", "rel": "bookmark"}]}, "OS-EXT-STS:task_state": null, "OS-EXT-STS:vm_state": "active", "OS-SRV-USG:launched_at": "2015-12-24T17:27:44.000000", "flavor": {"id": "42", "links": [{"href": "http://10.0.2.15:8774/7d2eb74beffc46a590591e6a2d68a14a/flavors/42", "rel": "bookmark"}]}, "id": "9d0576d1-3d61-47be-9d96-6e2739bb2d0a", "security_groups": [{"name": "tempest-secgroup-smoke-327196475"}], "OS-SRV-USG:terminated_at": null, "OS-EXT-AZ:availability_zone": "nova", "user_id": "2de00129c9c348979e3a57f4751b654b", "name": "tempest.common.compute-instance-415890080", "created": "2015-12-24T17:27:40Z", "tenant_id": "7d2eb74beffc46a590591e6a2d68a14a", "OS-DCF:diskConfig": "MANUAL", "os-extended-volumes:volumes_attached": [], "accessIPv4": "", "accessIPv6": "", "progress": 0, "OS-EXT-STS:power_state": 1, "config_drive": "True", "metadata": {}}}
2015-12-24 17:27:45,416 21169 INFO     [tempest_lib.common.rest_client] Request (TestGettingAddress:test_dhcp6_stateless_from_os): 200 GET http://10.0.2.15:9696/v2.0/ports?status=ACTIVE&amp;fixed_ip=None&amp;device_id=9d0576d1-3d61-47be-9d96-6e2739bb2d0a 0.034s
2015-12-24 17:27:45,416 21169 DEBUG    [tempest_lib.common.rest_client] Request - Headers: {'Content-Type': 'application/json', 'Accept': 'application/json', 'X-Auth-Token': '&lt;omitted&gt;'}
        Body: None
    Response - Headers: {'status': '200', 'content-length': '1142', 'content-location': 'http://10.0.2.15:9696/v2.0/ports?status=ACTIVE&amp;fixed_ip=None&amp;device_id=9d0576d1-3d61-47be-9d96-6e2739bb2d0a', 'connection': 'close', 'date': 'Thu, 24 Dec 2015 17:27:45 GMT', 'content-type': 'application/json; charset=UTF-8', 'x-openstack-request-id': 'req-2e762e92-7f2e-43e0-98be-7dad54b2272e'}
        Body: {"ports": [{"status": "ACTIVE", "binding:host_id": "vagrant-ubuntu-trusty-64", "allowed_address_pairs": [], "extra_dhcp_opts": [], "dns_assignment": [{"hostname": "host-10-100-0-3", "ip_address": "10.100.0.3", "fqdn": "host-10-100-0-3.openstacklocal."}, {"hostname": "host-2003--f816-3eff-fe35-2034", "ip_address": "2003::f816:3eff:fe35:2034", "fqdn": "host-2003--f816-3eff-fe35-2034.openstacklocal."}], "device_owner": "compute:None", "port_security_enabled": true, "binding:profile": {}, "fixed_ips": [{"subnet_id": "846e3873-60fb-459e-9800-b12451e5e676", "ip_address": "10.100.0.3"}, {"subnet_id": "fbe58d9f-16d3-4c63-ac5b-d5ed537eb1a6", "ip_address": "2003::f816:3eff:fe35:2034"}], "id": "c80a974f-3779-4ce2-9e67-aa3023e03d8a", "security_groups": ["8a0f9b72-2b32-47b2-8f28-b61667c27f9c"], "device_id": "9d0576d1-3d61-47be-9d96-6e2739bb2d0a", "name": "", "admin_state_up": true, "network_id": "8bb1fb6b-fa49-4784-b6b8-9216a4ba85f8", "dns_name": "", "binding:vif_details": {"port_filter": true}, "binding:vnic_type": "normal", "binding:vif_type": "ovs", "tenant_id": "7d2eb74beffc46a590591e6a2d68a14a", "mac_address": "fa:16:3e:35:20:34"}]}
2015-12-24 17:27:46,004 21169 INFO     [tempest_lib.common.rest_client] Request (TestGettingAddress:test_dhcp6_stateless_from_os): 201 POST http://10.0.2.15:9696/v2.0/floatingips 0.586s
2015-12-24 17:27:46,004 21169 DEBUG    [tempest_lib.common.rest_client] Request - Headers: {'Content-Type': 'application/json', 'Accept': 'application/json', 'X-Auth-Token': '&lt;omitted&gt;'}
        Body: {"floatingip": {"floating_network_id": "251c6068-9ecb-4e5b-9a8a-8728d2c74d29", "tenant_id": "7d2eb74beffc46a590591e6a2d68a14a", "fixed_ip_address": "10.100.0.3", "port_id": "c80a974f-3779-4ce2-9e67-aa3023e03d8a"}}
    Response - Headers: {'status': '201', 'content-length': '367', 'connection': 'close', 'date': 'Thu, 24 Dec 2015 17:27:46 GMT', 'content-type': 'application/json; charset=UTF-8', 'x-openstack-request-id': 'req-f8fa697c-8923-43bd-a149-d2e29966277d'}
        Body: {"floatingip": {"floating_network_id": "251c6068-9ecb-4e5b-9a8a-8728d2c74d29", "router_id": "20a58f94-5979-4c90-833b-6422cb18d16a", "fixed_ip_address": "10.100.0.3", "floating_ip_address": "172.24.4.4", "tenant_id": "7d2eb74beffc46a590591e6a2d68a14a", "status": "DOWN", "port_id": "c80a974f-3779-4ce2-9e67-aa3023e03d8a", "id": "cae1069f-688c-48e7-b7b1-e1d1fcdddc50"}}
2015-12-24 17:27:46,004 21169 INFO     [tempest_lib.common.ssh] Creating ssh connection to '172.24.4.4' as 'cirros' with public key authentication
2015-12-24 17:27:49,609 21169 WARNING  [tempest_lib.common.ssh] Failed to establish authenticated ssh connection to cirros@172.24.4.4 ([Errno None] Unable to connect to port 22 on  or 172.24.4.4). Number attempts: 1. Retry after 2 seconds.
2015-12-24 17:27:55,112 21169 WARNING  [tempest_lib.common.ssh] Failed to establish authenticated ssh connection to cirros@172.24.4.4 ([Errno None] Unable to connect to port 22 on  or 172.24.4.4). Number attempts: 2. Retry after 3 seconds.
2015-12-24 17:28:01,617 21169 WARNING  [tempest_lib.common.ssh] Failed to establish authenticated ssh connection to cirros@172.24.4.4 ([Errno None] Unable to connect to port 22 on  or 172.24.4.4). Number attempts: 3. Retry after 4 seconds.
2015-12-24 17:28:09,121 21169 WARNING  [tempest_lib.common.ssh] Failed to establish authenticated ssh connection to cirros@172.24.4.4 ([Errno None] Unable to connect to port 22 on  or 172.24.4.4). Number attempts: 4. Retry after 5 seconds.
2015-12-24 17:28:17,629 21169 WARNING  [tempest_lib.common.ssh] Failed to establish authenticated ssh connection to cirros@172.24.4.4 ([Errno None] Unable to connect to port 22 on  or 172.24.4.4). Number attempts: 5. Retry after 6 seconds.
2015-12-24 17:28:27,137 21169 WARNING  [tempest_lib.common.ssh] Failed to establish authenticated ssh connection to cirros@172.24.4.4 ([Errno None] Unable to connect to port 22 on  or 172.24.4.4). Number attempts: 6. Retry after 7 seconds.
2015-12-24 17:28:37,641 21169 WARNING  [tempest_lib.common.ssh] Failed to establish authenticated ssh connection to cirros@172.24.4.4 ([Errno None] Unable to connect to port 22 on  or 172.24.4.4). Number attempts: 7. Retry after 8 seconds.
2015-12-24 17:28:49,149 21169 WARNING  [tempest_lib.common.ssh] Failed to establish authenticated ssh connection to cirros@172.24.4.4 ([Errno None] Unable to connect to port 22 on  or 172.24.4.4). Number attempts: 8. Retry after 9 seconds.
2015-12-24 17:29:01,661 21169 WARNING  [tempest_lib.common.ssh] Failed to establish authenticated ssh connection to cirros@172.24.4.4 ([Errno None] Unable to connect to port 22 on  or 172.24.4.4). Number attempts: 9. Retry after 10 seconds.
2015-12-24 17:29:15,173 21169 WARNING  [tempest_lib.common.ssh] Failed to establish authenticated ssh connection to cirros@172.24.4.4 ([Errno None] Unable to connect to port 22 on  or 172.24.4.4). Number attempts: 10. Retry after 11 seconds.
2015-12-24 17:29:29,681 21169 WARNING  [tempest_lib.common.ssh] Failed to establish authenticated ssh connection to cirros@172.24.4.4 ([Errno None] Unable to connect to port 22 on  or 172.24.4.4). Number attempts: 11. Retry after 12 seconds.
2015-12-24 17:29:45,193 21169 WARNING  [tempest_lib.common.ssh] Failed to establish authenticated ssh connection to cirros@172.24.4.4 ([Errno None] Unable to connect to port 22 on  or 172.24.4.4). Number attempts: 12. Retry after 13 seconds.
2015-12-24 17:30:01,705 21169 WARNING  [tempest_lib.common.ssh] Failed to establish authenticated ssh connection to cirros@172.24.4.4 ([Errno None] Unable to connect to port 22 on  or 172.24.4.4). Number attempts: 13. Retry after 14 seconds.
2015-12-24 17:30:19,221 21169 WARNING  [tempest_lib.common.ssh] Failed to establish authenticated ssh connection to cirros@172.24.4.4 ([Errno None] Unable to connect to port 22 on  or 172.24.4.4). Number attempts: 14. Retry after 15 seconds.
2015-12-24 17:30:37,737 21169 WARNING  [tempest_lib.common.ssh] Failed to establish authenticated ssh connection to cirros@172.24.4.4 ([Errno None] Unable to connect to port 22 on  or 172.24.4.4). Number attempts: 15. Retry after 16 seconds.
2015-12-24 17:30:57,249 21169 WARNING  [tempest_lib.common.ssh] Failed to establish authenticated ssh connection to cirros@172.24.4.4 ([Errno None] Unable to connect to port 22 on  or 172.24.4.4). Number attempts: 16. Retry after 17 seconds.
2015-12-24 17:31:17,769 21169 WARNING  [tempest_lib.common.ssh] Failed to establish authenticated ssh connection to cirros@172.24.4.4 ([Errno None] Unable to connect to port 22 on  or 172.24.4.4). Number attempts: 17. Retry after 18 seconds.
2015-12-24 17:31:39,288 21169 WARNING  [tempest_lib.common.ssh] Failed to establish authenticated ssh connection to cirros@172.24.4.4 ([Errno None] Unable to connect to port 22 on  or 172.24.4.4). Number attempts: 18. Retry after 19 seconds.
2015-12-24 17:32:01,809 21169 WARNING  [tempest_lib.common.ssh] Failed to establish authenticated ssh connection to cirros@172.24.4.4 ([Errno None] Unable to connect to port 22 on  or 172.24.4.4). Number attempts: 19. Retry after 20 seconds.
2015-12-24 17:32:25,317 21169 WARNING  [tempest_lib.common.ssh] Failed to establish authenticated ssh connection to cirros@172.24.4.4 ([Errno None] Unable to connect to port 22 on  or 172.24.4.4). Number attempts: 20. Retry after 21 seconds.
2015-12-24 17:32:49,829 21169 ERROR    [tempest_lib.common.ssh] Failed to establish authenticated ssh connection to cirros@172.24.4.4 after 20 attempts
2015-12-24 17:32:49.829 21169 ERROR tempest_lib.common.ssh Traceback (most recent call last):
2015-12-24 17:32:49.829 21169 ERROR tempest_lib.common.ssh   File "/usr/local/lib/python2.7/dist-packages/tempest_lib/common/ssh.py", line 75, in _get_ssh_connection
2015-12-24 17:32:49.829 21169 ERROR tempest_lib.common.ssh     timeout=self.channel_timeout, pkey=self.pkey)
2015-12-24 17:32:49.829 21169 ERROR tempest_lib.common.ssh   File "/usr/local/lib/python2.7/dist-packages/paramiko/client.py", line 311, in connect
2015-12-24 17:32:49.829 21169 ERROR tempest_lib.common.ssh     raise NoValidConnectionsError(errors)
2015-12-24 17:32:49.829 21169 ERROR tempest_lib.common.ssh NoValidConnectionsError: [Errno None] Unable to connect to port 22 on  or 172.24.4.4
2015-12-24 17:32:49.829 21169 ERROR tempest_lib.common.ssh 
2015-12-24 17:32:49,831 21169 ERROR    [tempest.scenario.manager] (TestGettingAddress:test_dhcp6_stateless_from_os) Initializing SSH connection to 172.24.4.4 failed. Error: Connection to the 172.24.4.4 via SSH timed out.
User: cirros, Password: None
2015-12-24 17:32:49.831 21169 ERROR tempest.scenario.manager Traceback (most recent call last):
2015-12-24 17:32:49.831 21169 ERROR tempest.scenario.manager   File "tempest/scenario/manager.py", line 386, in get_remote_client
2015-12-24 17:32:49.831 21169 ERROR tempest.scenario.manager     linux_client.validate_authentication()
2015-12-24 17:32:49.831 21169 ERROR tempest.scenario.manager   File "tempest/common/utils/linux/remote_client.py", line 63, in validate_authentication
2015-12-24 17:32:49.831 21169 ERROR tempest.scenario.manager     self.ssh_client.test_connection_auth()
2015-12-24 17:32:49.831 21169 ERROR tempest.scenario.manager   File "/usr/local/lib/python2.7/dist-packages/tempest_lib/common/ssh.py", line 172, in test_connection_auth
2015-12-24 17:32:49.831 21169 ERROR tempest.scenario.manager     connection = self._get_ssh_connection()
2015-12-24 17:32:49.831 21169 ERROR tempest.scenario.manager   File "/usr/local/lib/python2.7/dist-packages/tempest_lib/common/ssh.py", line 87, in _get_ssh_connection
2015-12-24 17:32:49.831 21169 ERROR tempest.scenario.manager     password=self.password)
2015-12-24 17:32:49.831 21169 ERROR tempest.scenario.manager SSHTimeout: Connection to the 172.24.4.4 via SSH timed out.
2015-12-24 17:32:49.831 21169 ERROR tempest.scenario.manager User: cirros, Password: None
2015-12-24 17:32:49.831 21169 ERROR tempest.scenario.manager 
2015-12-24 17:32:50,076 21169 INFO     [tempest_lib.common.rest_client] Request (TestGettingAddress:test_dhcp6_stateless_from_os): 200 GET http://10.0.2.15:8774/v2.1/7d2eb74beffc46a590591e6a2d68a14a/servers 0.241s
2015-12-24 17:32:50,077 21169 DEBUG    [tempest_lib.common.rest_client] Request - Headers: {'Content-Type': 'application/json', 'Accept': 'application/json', 'X-Auth-Token': '&lt;omitted&gt;'}
        Body: None
    Response - Headers: {'status': '200', 'content-length': '390', 'content-location': 'http://10.0.2.15:8774/v2.1/7d2eb74beffc46a590591e6a2d68a14a/servers', 'x-compute-request-id': 'req-d62073b0-ed47-4b63-a04b-d7f23a0344b6', 'vary': 'X-OpenStack-Nova-API-Version', 'connection': 'close', 'x-openstack-nova-api-version': '2.1', 'date': 'Thu, 24 Dec 2015 17:32:50 GMT', 'content-type': 'application/json'}
        Body: {"servers": [{"id": "9d0576d1-3d61-47be-9d96-6e2739bb2d0a", "links": [{"href": "http://10.0.2.15:8774/v2.1/7d2eb74beffc46a590591e6a2d68a14a/servers/9d0576d1-3d61-47be-9d96-6e2739bb2d0a", "rel": "self"}, {"href": "http://10.0.2.15:8774/7d2eb74beffc46a590591e6a2d68a14a/servers/9d0576d1-3d61-47be-9d96-6e2739bb2d0a", "rel": "bookmark"}], "name": "tempest.common.compute-instance-415890080"}]}
2015-12-24 17:32:50,296 21169 INFO     [tempest_lib.common.rest_client] Request (TestGettingAddress:test_dhcp6_stateless_from_os): 200 POST http://10.0.2.15:8774/v2.1/7d2eb74beffc46a590591e6a2d68a14a/servers/9d0576d1-3d61-47be-9d96-6e2739bb2d0a/action 0.212s
2015-12-24 17:32:50,297 21169 DEBUG    [tempest_lib.common.rest_client] Request - Headers: {'Content-Type': 'application/json', 'Accept': 'application/json', 'X-Auth-Token': '&lt;omitted&gt;'}
        Body: {"os-getConsoleOutput": {}}
    Response - Headers: {'status': '200', 'content-length': '24669', 'x-compute-request-id': 'req-9f79225e-f9bb-4ed8-a24b-745eaf5b282e', 'vary': 'X-OpenStack-Nova-API-Version', 'connection': 'close', 'x-openstack-nova-api-version': '2.1', 'date': 'Thu, 24 Dec 2015 17:32:50 GMT', 'content-type': 'application/json'}
        Body: {"output": "[    0.000000] Initializing cgroup subsys cpuset\n[    0.000000] Initializing cgroup subsys cpu\n[    0.000000] Linux version 3.2.0-80-virtual (buildd@batsu) (gcc version 4.6.3 (Ubuntu/Linaro 4.6.3-1ubuntu5) ) #116-Ubuntu SMP Mon Mar 23 17:28:52 UTC 2015 (Ubuntu 3.2.0-80.116-virtual 3.2.68)\n[    0.000000] Command line: root=/dev/vda console=tty0 console=ttyS0 no_timer_check\n[    0.000000] KERNEL supported cpus:\n[    0.000000]   Intel GenuineIntel\n[    0.000000]   AMD AuthenticAMD\n[    0.000000]   Centaur CentaurHauls\n[    0.000000] BIOS-provided physical RAM map:\n[    0.000000]  BIOS-e820: 0000000000000000 - 000000000009fc00 (usable)\n[    0.000000]  BIOS-e820: 000000000009fc00 - 00000000000a0000 (reserved)\n[    0.000000]  BIOS-e820: 00000000000f0000 - 0000000000100000 (reserved)\n[    0.000000]  BIOS-e820: 0000000000100000 - 0000000003ffe000 (usable)\n[    0.000000]  BIOS-e820: 0000000003ffe000 - 0000000004000000 (reserved)\n[    0.000000]  BIOS-e820: 00000000fffc0000 - 0000000100000000 (reserved)\n[    0.000000] NX (Execute Disable) protection: active\n[    0.000000] SMBIOS 2.4 present.\n[    0.000000] No AGP bridge found\n[    0.000000] last_pfn = 0x3ffe max_arch_pfn = 0x400000000\n[    0.000000] x86 PAT enabled: cpu 0, old 0x7040600070406, new 0x7010600070106\n[    0.000000] found SMP MP-table at [ffff8800000f0b00] f0b00\n[    0.000000] init_memory_mapping: 0000000000000000-0000000003ffe000\n[    0.000000] RAMDISK: 03c5e000 - 03ff0000\n[    0.000000] ACPI: RSDP 00000000000f0950 00014 (v00 BOCHS )\n[    0.000000] ACPI: RSDT 0000000003fffbc1 00034 (v01 BOCHS  BXPCRSDT 00000001 BXPC 00000001)\n[    0.000000] ACPI: FACP 0000000003fff1c0 00074 (v01 BOCHS  BXPCFACP 00000001 BXPC 00000001)\n[    0.000000] ACPI: DSDT 0000000003ffe040 01180 (v01 BOCHS  BXPCDSDT 00000001 BXPC 00000001)\n[    0.000000] ACPI: FACS 0000000003ffe000 00040\n[    0.000000] ACPI: SSDT 0000000003fff234 008DD (v01 BOCHS  BXPCSSDT 00000001 BXPC 00000001)\n[    0.000000] ACPI: APIC 0000000003fffb11 00078 (v01 BOCHS  BXPCAPIC 00000001 BXPC 00000001)\n[    0.000000] ACPI: HPET 0000000003fffb89 00038 (v01 BOCHS  BXPCHPET 00000001 BXPC 00000001)\n[    0.000000] No NUMA configuration found\n[    0.000000] Faking a node at 0000000000000000-0000000003ffe000\n[    0.000000] Initmem setup node 0 0000000000000000-0000000003ffe000\n[    0.000000]   NODE_DATA [0000000003ff6000 - 0000000003ffafff]\n[    0.000000] Zone PFN ranges:\n[    0.000000]   DMA      0x00000010 -&gt; 0x00001000\n[    0.000000]   DMA32    0x00001000 -&gt; 0x00100000\n[    0.000000]   Normal   empty\n[    0.000000] Movable zone start PFN for each node\n[    0.000000] early_node_map[2] active PFN ranges\n[    0.000000]     0: 0x00000010 -&gt; 0x0000009f\n[    0.000000]     0: 0x00000100 -&gt; 0x00003ffe\n[    0.000000] ACPI: PM-Timer IO Port: 0xb008\n[    0.000000] ACPI: LAPIC (acpi_id[0x00] lapic_id[0x00] enabled)\n[    0.000000] ACPI: LAPIC_NMI (acpi_id[0xff] dfl dfl lint[0x1])\n[    0.000000] ACPI: IOAPIC (id[0x00] address[0xfec00000] gsi_base[0])\n[    0.000000] IOAPIC[0]: apic_id 0, version 17, address 0xfec00000, GSI 0-23\n[    0.000000] ACPI: INT_SRC_OVR (bus 0 bus_irq 0 global_irq 2 dfl dfl)\n[    0.000000] ACPI: INT_SRC_OVR (bus 0 bus_irq 5 global_irq 5 high level)\n[    0.000000] ACPI: INT_SRC_OVR (bus 0 bus_irq 9 global_irq 9 high level)\n[    0.000000] ACPI: INT_SRC_OVR (bus 0 bus_irq 10 global_irq 10 high level)\n[    0.000000] ACPI: INT_SRC_OVR (bus 0 bus_irq 11 global_irq 11 high level)\n[    0.000000] Using ACPI (MADT) for SMP configuration information\n[    0.000000] ACPI: HPET id: 0x8086a201 base: 0xfed00000\n[    0.000000] SMP: Allowing 1 CPUs, 0 hotplug CPUs\n[    0.000000] PM: Registered nosave memory: 000000000009f000 - 00000000000a0000\n[    0.000000] PM: Registered nosave memory: 00000000000a0000 - 00000000000f0000\n[    0.000000] PM: Registered nosave memory: 00000000000f0000 - 0000000000100000\n[    0.000000] Allocating PCI resources starting at 4000000 (gap: 4000000:fbfc0000)\n[    0.000000] Booting paravirtualized kernel on bare hardware\n[    0.000000] setup_pe
2015-12-24 17:32:50,300 21169 DEBUG    [tempest.scenario.manager] Console output for 9d0576d1-3d61-47be-9d96-6e2739bb2d0a
body=
[    0.000000] Initializing cgroup subsys cpuset
[    0.000000] Initializing cgroup subsys cpu
[    0.000000] Linux version 3.2.0-80-virtual (buildd@batsu) (gcc version 4.6.3 (Ubuntu/Linaro 4.6.3-1ubuntu5) ) #116-Ubuntu SMP Mon Mar 23 17:28:52 UTC 2015 (Ubuntu 3.2.0-80.116-virtual 3.2.68)
[    0.000000] Command line: root=/dev/vda console=tty0 console=ttyS0 no_timer_check
[    0.000000] KERNEL supported cpus:
[    0.000000]   Intel GenuineIntel
[    0.000000]   AMD AuthenticAMD
[    0.000000]   Centaur CentaurHauls
[    0.000000] BIOS-provided physical RAM map:
[    0.000000]  BIOS-e820: 0000000000000000 - 000000000009fc00 (usable)
[    0.000000]  BIOS-e820: 000000000009fc00 - 00000000000a0000 (reserved)
[    0.000000]  BIOS-e820: 00000000000f0000 - 0000000000100000 (reserved)
[    0.000000]  BIOS-e820: 0000000000100000 - 0000000003ffe000 (usable)
[    0.000000]  BIOS-e820: 0000000003ffe000 - 0000000004000000 (reserved)
[    0.000000]  BIOS-e820: 00000000fffc0000 - 0000000100000000 (reserved)
[    0.000000] NX (Execute Disable) protection: active
[    0.000000] SMBIOS 2.4 present.
[    0.000000] No AGP bridge found
[    0.000000] last_pfn = 0x3ffe max_arch_pfn = 0x400000000
[    0.000000] x86 PAT enabled: cpu 0, old 0x7040600070406, new 0x7010600070106
[    0.000000] found SMP MP-table at [ffff8800000f0b00] f0b00
[    0.000000] init_memory_mapping: 0000000000000000-0000000003ffe000
[    0.000000] RAMDISK: 03c5e000 - 03ff0000
[    0.000000] ACPI: RSDP 00000000000f0950 00014 (v00 BOCHS )
[    0.000000] ACPI: RSDT 0000000003fffbc1 00034 (v01 BOCHS  BXPCRSDT 00000001 BXPC 00000001)
[    0.000000] ACPI: FACP 0000000003fff1c0 00074 (v01 BOCHS  BXPCFACP 00000001 BXPC 00000001)
[    0.000000] ACPI: DSDT 0000000003ffe040 01180 (v01 BOCHS  BXPCDSDT 00000001 BXPC 00000001)
[    0.000000] ACPI: FACS 0000000003ffe000 00040
[    0.000000] ACPI: SSDT 0000000003fff234 008DD (v01 BOCHS  BXPCSSDT 00000001 BXPC 00000001)
[    0.000000] ACPI: APIC 0000000003fffb11 00078 (v01 BOCHS  BXPCAPIC 00000001 BXPC 00000001)
[    0.000000] ACPI: HPET 0000000003fffb89 00038 (v01 BOCHS  BXPCHPET 00000001 BXPC 00000001)
[    0.000000] No NUMA configuration found
[    0.000000] Faking a node at 0000000000000000-0000000003ffe000
[    0.000000] Initmem setup node 0 0000000000000000-0000000003ffe000
[    0.000000]   NODE_DATA [0000000003ff6000 - 0000000003ffafff]
[    0.000000] Zone PFN ranges:
[    0.000000]   DMA      0x00000010 -&gt; 0x00001000
[    0.000000]   DMA32    0x00001000 -&gt; 0x00100000
[    0.000000]   Normal   empty
[    0.000000] Movable zone start PFN for each node
[    0.000000] early_node_map[2] active PFN ranges
[    0.000000]     0: 0x00000010 -&gt; 0x0000009f
[    0.000000]     0: 0x00000100 -&gt; 0x00003ffe
[    0.000000] ACPI: PM-Timer IO Port: 0xb008
[    0.000000] ACPI: LAPIC (acpi_id[0x00] lapic_id[0x00] enabled)
[    0.000000] ACPI: LAPIC_NMI (acpi_id[0xff] dfl dfl lint[0x1])
[    0.000000] ACPI: IOAPIC (id[0x00] address[0xfec00000] gsi_base[0])
[    0.000000] IOAPIC[0]: apic_id 0, version 17, address 0xfec00000, GSI 0-23
[    0.000000] ACPI: INT_SRC_OVR (bus 0 bus_irq 0 global_irq 2 dfl dfl)
[    0.000000] ACPI: INT_SRC_OVR (bus 0 bus_irq 5 global_irq 5 high level)
[    0.000000] ACPI: INT_SRC_OVR (bus 0 bus_irq 9 global_irq 9 high level)
[    0.000000] ACPI: INT_SRC_OVR (bus 0 bus_irq 10 global_irq 10 high level)
[    0.000000] ACPI: INT_SRC_OVR (bus 0 bus_irq 11 global_irq 11 high level)
[    0.000000] Using ACPI (MADT) for SMP configuration information
[    0.000000] ACPI: HPET id: 0x8086a201 base: 0xfed00000
[    0.000000] SMP: Allowing 1 CPUs, 0 hotplug CPUs
[    0.000000] PM: Registered nosave memory: 000000000009f000 - 00000000000a0000
[    0.000000] PM: Registered nosave memory: 00000000000a0000 - 00000000000f0000
[    0.000000] PM: Registered nosave memory: 00000000000f0000 - 0000000000100000
[    0.000000] Allocating PCI resources starting at 4000000 (gap: 4000000:fbfc0000)
[    0.000000] Booting paravirtualized kernel on bare hardware
[    0.000000] setup_percpu: NR_CPUS:64 nr_cpumask_bits:64 nr_cpu_ids:1 nr_node_ids:1
[    0.000000] PERCPU: Embedded 27 pages/cpu @ffff880003a00000 s78848 r8192 d23552 u2097152
[    0.000000] Built 1 zonelists in Node order, mobility grouping on.  Total pages: 16008
[    0.000000] Policy zone: DMA32
[    0.000000] Kernel command line: root=/dev/vda console=tty0 console=ttyS0 no_timer_check
[    0.000000] PID hash table entries: 256 (order: -1, 2048 bytes)
[    0.000000] Checking aperture...
[    0.000000] No AGP bridge found
[    0.000000] Memory: 43492k/65528k available (6576k kernel code, 452k absent, 21584k reserved, 6620k data, 928k init)
[    0.000000] SLUB: Genslabs=15, HWalign=64, Order=0-3, MinObjects=0, CPUs=1, Nodes=1
[    0.000000] Hierarchical RCU implementation.
[    0.000000] 	RCU dyntick-idle grace-period acceleration is enabled.
[    0.000000] NR_IRQS:4352 nr_irqs:256 16
[    0.000000] Console: colour VGA+ 80x25
[    0.000000] console [tty0] enabled
[    0.000000] console [ttyS0] enabled
[    0.000000] allocated 1048576 bytes of page_cgroup
[    0.000000] please try 'cgroup_disable=memory' option if you don't want memory cgroups
[    0.000000] Fast TSC calibration failed
[    0.000000] TSC: Unable to calibrate against PIT
[    0.000000] TSC: using HPET reference calibration
[    0.000000] Detected 2292.364 MHz processor.
[    0.032830] Calibrating delay loop (skipped), value calculated using timer frequency.. 4584.72 BogoMIPS (lpj=9169456)
[    0.036841] pid_max: default: 32768 minimum: 301
[    0.045043] Security Framework initialized
[    0.052191] AppArmor: AppArmor initialized
[    0.053521] Yama: becoming mindful.
[    0.066371] Dentry cache hash table entries: 8192 (order: 4, 65536 bytes)
[    0.068602] Inode-cache hash table entries: 4096 (order: 3, 32768 bytes)
[    0.070447] Mount-cache hash table entries: 256
[    0.090533] Initializing cgroup subsys cpuacct
[    0.091492] Initializing cgroup subsys memory
[    0.092864] Initializing cgroup subsys devices
[    0.093671] Initializing cgroup subsys freezer
[    0.094338] Initializing cgroup subsys blkio
[    0.096191] Initializing cgroup subsys perf_event
[    0.100741] mce: CPU supports 10 MCE banks
[    0.104740] SMP alternatives: switching to UP code
[    0.512425] Freeing SMP alternatives: 24k freed
[    0.514173] ACPI: Core revision 20110623
[    0.568774] ftrace: allocating 26610 entries in 105 pages
[    0.600036] ..TIMER: vector=0x30 apic1=0 pin1=2 apic2=-1 pin2=-1
[    0.600160] CPU0: AMD QEMU Virtual CPU version 2.0.0 stepping 03
[    0.608037] Performance Events: Broken PMU hardware detected, using software events only.
[    0.615230] NMI watchdog disabled (cpu0): hardware events not enabled
[    0.616898] Brought up 1 CPUs
[    0.617490] Total of 1 processors activated (4584.72 BogoMIPS).
[    0.637668] devtmpfs: initialized
[    0.665576] EVM: security.selinux
[    0.666097] EVM: security.SMACK64
[    0.666746] EVM: security.capability
[    0.690986] print_constraints: dummy: 
[    0.693067] RTC time: 17:27:48, date: 12/24/15
[    0.696769] NET: Registered protocol family 16
[    0.704669] ACPI: bus type pci registered
[    0.708811] PCI: Using configuration type 1 for base access
[    0.738861] bio: create slab &lt;bio-0&gt; at 0
[    0.744710] ACPI: Added _OSI(Module Device)
[    0.745367] ACPI: Added _OSI(Processor Device)
[    0.746056] ACPI: Added _OSI(3.0 _SCP Extensions)
[    0.746740] ACPI: Added _OSI(Processor Aggregator Device)
[    0.825000] ACPI: Interpreter enabled
[    0.825531] ACPI: (supports S0 S3 S4 S5)
[    0.827195] ACPI: Using IOAPIC for interrupt routing
[    0.901044] ACPI: No dock devices found.
[    0.901668] HEST: Table not found.
[    0.902295] PCI: Using host bridge windows from ACPI; if necessary, use "pci=nocrs" and report a bug
[    0.908516] ACPI: PCI Root Bridge [PCI0] (domain 0000 [bus 00-ff])
[    0.914045] pci_root PNP0A03:00: host bridge window [io  0x0000-0x0cf7]
[    0.914895] pci_root PNP0A03:00: host bridge window [io  0x0d00-0xadff]
[    0.916116] pci_root PNP0A03:00: host bridge window [io  0xae0f-0xaeff]
[    0.917055] pci_root PNP0A03:00: host bridge window [io  0xaf20-0xafdf]
[    0.917916] pci_root PNP0A03:00: host bridge window [io  0xafe4-0xffff]
[    0.920174] pci_root PNP0A03:00: host bridge window [mem 0x000a0000-0x000bffff]
[    0.921185] pci_root PNP0A03:00: host bridge window [mem 0x04000000-0xfebfffff]
[    0.945043] pci 0000:00:01.3: quirk: [io  0xb000-0xb03f] claimed by PIIX4 ACPI
[    0.946186] pci 0000:00:01.3: quirk: [io  0xb100-0xb10f] claimed by PIIX4 SMB
[    1.013095]  pci0000:00: Unable to request _OSC control (_OSC support mask: 0x1e)
[    1.086388] ACPI: PCI Interrupt Link [LNKA] (IRQs 5 *10 11)
[    1.089546] ACPI: PCI Interrupt Link [LNKB] (IRQs 5 *10 11)
[    1.092147] ACPI: PCI Interrupt Link [LNKC] (IRQs 5 10 *11)
[    1.094013] ACPI: PCI Interrupt Link [LNKD] (IRQs 5 10 *11)
[    1.095392] ACPI: PCI Interrupt Link [LNKS] (IRQs *9)
[    1.102419] vgaarb: device added: PCI:0000:00:02.0,decodes=io+mem,owns=io+mem,locks=none
[    1.103376] vgaarb: loaded
[    1.104160] vgaarb: bridge control possible 0000:00:02.0
[    1.107167] i2c-core: driver [aat2870] using legacy suspend method
[    1.108139] i2c-core: driver [aat2870] using legacy resume method
[    1.110434] SCSI subsystem initialized
[    1.114309] usbcore: registered new interface driver usbfs
[    1.115433] usbcore: registered new interface driver hub
[    1.116675] usbcore: registered new device driver usb
[    1.120739] PCI: Using ACPI for IRQ routing
[    1.130881] NetLabel: Initializing
[    1.131298] NetLabel:  domain hash size = 128
[    1.132144] NetLabel:  protocols = UNLABELED CIPSOv4
[    1.134007] NetLabel:  unlabeled traffic allowed by default
[    1.137094] HPET: 3 timers in total, 0 timers will be used for per-cpu timer
[    1.138545] hpet0: at MMIO 0xfed00000, IRQs 2, 8, 0
[    1.139408] hpet0: 3 comparators, 64-bit 100.000000 MHz counter
[    1.160667] Switching to clocksource hpet
[    1.426331] AppArmor: AppArmor Filesystem Enabled
[    1.427848] pnp: PnP ACPI init
[    1.429167] ACPI: bus type pnp registered
[    1.447173] pnp: PnP ACPI: found 9 devices
[    1.447805] ACPI: ACPI bus type pnp unregistered
[    1.506814] NET: Registered protocol family 2
[    1.543524] IP route cache hash table entries: 512 (order: 0, 4096 bytes)
[    1.554004] TCP established hash table entries: 2048 (order: 3, 32768 bytes)
[    1.557272] TCP bind hash table entries: 2048 (order: 3, 32768 bytes)
[    1.558200] TCP: Hash tables configured (established 2048 bind 2048)
[    1.559037] TCP reno registered
[    1.559633] UDP hash table entries: 128 (order: 0, 4096 bytes)
[    1.561265] UDP-Lite hash table entries: 128 (order: 0, 4096 bytes)
[    1.565328] NET: Registered protocol family 1
[    1.566471] pci 0000:00:00.0: Limiting direct PCI/PCI transfers
[    1.567218] pci 0000:00:01.0: PIIX3: Enabling Passive Release
[    1.568450] pci 0000:00:01.0: Activating ISA DMA hang workarounds
[    1.573849] ACPI: PCI Interrupt Link [LNKD] enabled at IRQ 11
[    1.574800] pci 0000:00:01.2: PCI INT D -&gt; Link[LNKD] -&gt; GSI 11 (level, high) -&gt; IRQ 11
[    1.577543] pci 0000:00:01.2: PCI INT D disabled
[    1.594730] Trying to unpack rootfs image as initramfs...
[    1.609636] audit: initializing netlink socket (disabled)
[    1.610791] type=2000 audit(1450978068.608:1): initialized
[    1.875218] HugeTLB registered 2 MB page size, pre-allocated 0 pages
[    1.947957] VFS: Disk quotas dquot_6.5.2
[    1.950507] Dquot-cache hash table entries: 512 (order 0, 4096 bytes)
[    1.979432] fuse init (API version 7.17)
[    1.989746] msgmni has been set to 84
[    2.020111] Block layer SCSI generic (bsg) driver version 0.4 loaded (major 253)
[    2.029175] io scheduler noop registered
[    2.029737] io scheduler deadline registered (default)
[    2.030801] io scheduler cfq registered
[    2.034781] pci_hotplug: PCI Hot Plug PCI Core version: 0.5
[    2.037732] pciehp: PCI Express Hot Plug Controller Driver version: 0.4
[    2.043402] input: Power Button as /devices/LNXSYSTM:00/LNXPWRBN:00/input/input0
[    2.045772] ACPI: Power Button [PWRF]
[    2.098512] ERST: Table is not found!
[    2.098997] GHES: HEST is not enabled!
[    2.102009] ACPI: PCI Interrupt Link [LNKC] enabled at IRQ 10
[    2.102696] virtio-pci 0000:00:03.0: PCI INT A -&gt; Link[LNKC] -&gt; GSI 10 (level, high) -&gt; IRQ 10
[    2.106352] virtio-pci 0000:00:04.0: PCI INT A -&gt; Link[LNKD] -&gt; GSI 11 (level, high) -&gt; IRQ 11
[    2.123349] ACPI: PCI Interrupt Link [LNKA] enabled at IRQ 10
[    2.124311] virtio-pci 0000:00:05.0: PCI INT A -&gt; Link[LNKA] -&gt; GSI 10 (level, high) -&gt; IRQ 10
[    2.138622] Serial: 8250/16550 driver, 32 ports, IRQ sharing enabled
[    2.185134] serial8250: ttyS0 at I/O 0x3f8 (irq = 4) is a 16550A
[    2.267133] serial8250: ttyS1 at I/O 0x2f8 (irq = 3) is a 16550A
[    2.407627] 00:05: ttyS0 at I/O 0x3f8 (irq = 4) is a 16550A
[    2.503434] 00:06: ttyS1 at I/O 0x2f8 (irq = 3) is a 16550A
[    2.557063] Linux agpgart interface v0.103
[    2.583442] Refined TSC clocksource calibration: 2292.463 MHz.
[    2.584988] Switching to clocksource tsc
[    2.622368] brd: module loaded
[    2.649415] loop: module loaded
[    2.697445]  vda: unknown partition table
[    2.750321] scsi0 : ata_piix
[    2.762700] scsi1 : ata_piix
[    2.764094] ata1: PATA max MWDMA2 cmd 0x1f0 ctl 0x3f6 bmdma 0xc0a0 irq 14
[    2.765523] ata2: PATA max MWDMA2 cmd 0x170 ctl 0x376 bmdma 0xc0a8 irq 15
[    2.774503] Fixed MDIO Bus: probed
[    2.775359] tun: Universal TUN/TAP device driver, 1.6
[    2.775957] tun: (C) 1999-2004 Max Krasnyansky &lt;maxk@qualcomm.com&gt;
[    2.789554] PPP generic driver version 2.4.2
[    2.806077] ehci_hcd: USB 2.0 'Enhanced' Host Controller (EHCI) Driver
[    2.807198] ohci_hcd: USB 1.1 'Open' Host Controller (OHCI) Driver
[    2.808174] uhci_hcd: USB Universal Host Controller Interface driver
[    2.809891] uhci_hcd 0000:00:01.2: PCI INT D -&gt; Link[LNKD] -&gt; GSI 11 (level, high) -&gt; IRQ 11
[    2.813370] uhci_hcd 0000:00:01.2: UHCI Host Controller
[    2.830079] uhci_hcd 0000:00:01.2: new USB bus registered, assigned bus number 1
[    2.831779] uhci_hcd 0000:00:01.2: irq 11, io base 0x0000c040
[    2.874434] hub 1-0:1.0: USB hub found
[    2.876938] hub 1-0:1.0: 2 ports detected
[    2.886037] usbcore: registered new interface driver libusual
[    2.890980] i8042: PNP: PS/2 Controller [PNP0303:KBD,PNP0f13:MOU] at 0x60,0x64 irq 1,12
[    2.914735] serio: i8042 KBD port at 0x60,0x64 irq 1
[    2.918822] serio: i8042 AUX port at 0x60,0x64 irq 12
[    2.969294] ata2.01: ATAPI: QEMU DVD-ROM, 2.0.0, max UDMA/100
[    2.988071] ata2.01: configured for MWDMA2
[    3.025533] scsi 1:0:1:0: CD-ROM            QEMU     QEMU DVD-ROM     2.0. PQ: 0 ANSI: 5
[    3.053219] mousedev: PS/2 mouse device common for all mice
[    3.067939] input: AT Translated Set 2 keyboard as /devices/platform/i8042/serio0/input/input1
[    3.073675] rtc_cmos 00:01: RTC can wake from S4
[    3.099108] rtc_cmos 00:01: rtc core: registered rtc_cmos as rtc0
[    3.103728] rtc0: alarms up to one day, 114 bytes nvram, hpet irqs
[    3.109444] device-mapper: uevent: version 1.0.3
[    3.117728] sr0: scsi3-mmc drive: 4x/4x cd/rw xa/form2 tray
[    3.118917] cdrom: Uniform CD-ROM driver Revision: 3.20
[    3.146594] sr 1:0:1:0: Attached scsi generic sg0 type 5
[    3.152008] device-mapper: ioctl: 4.22.0-ioctl (2011-10-19) initialised: dm-devel@redhat.com
[    3.155754] cpuidle: using governor ladder
[    3.156794] cpuidle: using governor menu
[    3.157950] EFI Variables Facility v0.08 2004-May-17
[    3.166546] TCP cubic registered
[    3.170582] NET: Registered protocol family 10
[    3.199721] NET: Registered protocol family 17
[    3.200845] Registering the dns_resolver key type
[    3.249034] Freeing initrd memory: 3656k freed
[    3.263635] registered taskstats version 1
[    3.823117]   Magic number: 11:570:492
[    3.840049] rtc_cmos 00:01: setting system clock to 2015-12-24 17:27:51 UTC (1450978071)
[    3.843802] powernow-k8: Processor cpuid 663 not supported
[    3.851781] BIOS EDD facility v0.16 2004-Jun-25, 0 devices found
[    3.852984] EDD information not available.
[    3.944561] Freeing unused kernel memory: 928k freed
[    3.951629] Write protecting the kernel read-only data: 12288k
[    4.071818] Freeing unused kernel memory: 1596k freed
[    4.158722] Freeing unused kernel memory: 1184k freed

info: initramfs: up at 4.32
modprobe: module virtio_blk not found in modules.dep
modprobe: module virtio_net not found in modules.dep
info: copying initramfs to /dev/vda
info: initramfs loading root from /dev/vda
info: /etc/init.d/rc.sysinit: up at 9.42
info: container: none
Starting logging: OK
modprobe: module virtio_blk not found in modules.dep
modprobe: module virtio_net not found in modules.dep
WARN: /etc/rc3.d/S10-load-modules failed
Initializing random number generator... done.
Starting acpid: OK
cirros-ds 'local' up at 11.99
found datasource (configdrive, local)
Starting network...
udhcpc (v1.20.1) started
Sending discover...
Sending discover...
Sending discover...
Usage: /sbin/cirros-dhcpc &lt;up|down&gt;
No lease, failing
WARN: /etc/rc3.d/S40-network failed
Starting dropbear sshd: generating rsa key... generating dsa key... OK
no userdata for datasource
=== system information ===
Platform: OpenStack Foundation OpenStack Nova
Container: none
Arch: x86_64
CPU(s): 1 @ 2292.364 MHz
Cores/Sockets/Threads: 1/1/1
Virt-type: AMD-V
RAM Size: 49MB
Disks:
NAME MAJ:MIN     SIZE LABEL         MOUNTPOINT
vda  253:0   25165824 cirros-rootfs /
sr0   11:0     428032 config-2      
=== sshd host keys ===
-----BEGIN SSH HOST KEY KEYS-----
ssh-rsa AAAAB3NzaC1yc2EAAAADAQABAAAAgwCBT/ywiGSfnRv/fkKavD0BGUL3GdQ7WPHfh7/3ZNP19XPNmvDD4+7cS8IGopEINAKnId8eF8iGhZdtyrh8VMNH9sf5k4uG7ukDE/hO1ssEyXjkhjmgd3u1+qZcCapEDOPP7Sy/bP4IgvwQVBEIeFpAGCrZjot0RLTMD4UnVhZsA/wf root@tempest
ssh-dss AAAAB3NzaC1kc3MAAACBAI+xCTz2ckjb3ETBRDpjsIbl/pCMenoareIyiJ2buP8RDxdIccUafkoI91MvkHuFK3aFq1ctDmMlA2djo5CySIqlVqGjyvkkYXxEV1vXsvi7xeLkfzv2G6wJZ4q4b7mhscXzXet09YFByVvfDy39Tq0tdc32J73RZVdAG22g3w+tAAAAFQCzUgeE+PUb2772ry22eO5dUQtBMwAAAIAhk/fiR3MQPvns2zPuEJ6YdI9hhOP7baTZ2jkAPWNILy72oMlYvRUlJpNm9I9IM1F6ac65Cn4lnJMNCe+dREK5kWr6Y3MbLywoNb/xjmJOH2x91JXfT2GVaK+ZXQC/OGpf+pY01A98Aur84xkySI8vIxOR4O7AN44LdA0K25Gr4wAAAIAE590ZH4WeiEnA7l63PiBIlFfg7hExqAUwxekWYbohP86qgqK2Yl2IHs4IowMG2yeKrH/WIdl/iIeyWeNFA43HvPEBvkspEYKKDJXCQI19cEedu1qHG0gV3gfNcPe6vNPfMVRnWo7ifdrzz7WPtdl6CufWUIwXjVphd/Hj0z9XDg== root@tempest
-----END SSH HOST KEY KEYS-----
=== network info ===
if-info: lo,up,127.0.0.1,8,::1
if-info: eth0,up,,8,fe80::f816:3eff:fe35:2034
=== datasource: configdrive local ===
instance-id: 9d0576d1-3d61-47be-9d96-6e2739bb2d0a
name: tempest.common.compute-instance-415890080
availability-zone: nova
local-hostname: tempest.common.compute-instance-415890080.novalocal
launch-index: 0
=== cirros: current=0.3.4 uptime=206.65 ===
route: fscanf
=== pinging gateway failed, debugging connection ===
############ debug start ##############
### /etc/init.d/sshd start
Starting dropbear sshd: OK
route: fscanf
### ifconfig -a
eth0      Link encap:Ethernet  HWaddr FA:16:3E:35:20:34  
          inet6 addr: fe80::f816:3eff:fe35:2034/64 Scope:Link
          UP BROADCAST RUNNING MULTICAST  MTU:1500  Metric:1
          RX packets:13 errors:0 dropped:6 overruns:0 frame:0
          TX packets:8 errors:0 dropped:0 overruns:0 carrier:0
          collisions:0 txqueuelen:1000 
          RX bytes:1404 (1.3 KiB)  TX bytes:1134 (1.1 KiB)

lo        Link encap:Local Loopback  
          inet addr:127.0.0.1  Mask:255.0.0.0
          inet6 addr: ::1/128 Scope:Host
          UP LOOPBACK RUNNING  MTU:16436  Metric:1
          RX packets:12 errors:0 dropped:0 overruns:0 frame:0
          TX packets:12 errors:0 dropped:0 overruns:0 carrier:0
          collisions:0 txqueuelen:0 
          RX bytes:1020 (1020.0 B)  TX bytes:1020 (1020.0 B)

### route -n
Kernel IP routing table
Destination     Gateway         Genmask         Flags Metric Ref    Use Iface
route: fscanf
### cat /etc/resolv.conf
cat: can't open '/etc/resolv.conf': No such file or directory
### gateway not found
/sbin/cirros-status: line 1: can't open /etc/resolv.conf: no such file
### pinging nameservers
### uname -a
Linux tempest 3.2.0-80-virtual #116-Ubuntu SMP Mon Mar 23 17:28:52 UTC 2015 x86_64 GNU/Linux
### lsmod
Module                  Size  Used by    Not tainted
nls_iso8859_1          12713  0 
nls_cp437              16991  0 
vfat                   17585  0 
fat                    61512  1 vfat
isofs                  40259  0 
ip_tables              27473  0 
x_tables               29891  1 ip_tables
pcnet32                42119  0 
8139cp                 27360  0 
ne2k_pci               13691  0 
8390                   18856  1 ne2k_pci
e1000                 108589  0 
acpiphp                24231  0 
### dmesg | tail
[    5.105451] EXT3-fs (vda): mounted filesystem with ordered data mode
[    5.427272] ISO 9660 Extensions: Microsoft Joliet Level 3
[    5.505130] ISO 9660 Extensions: RRIP_1991A
[    5.765864] kjournald starting.  Commit interval 5 seconds
[    5.783403] EXT3-fs (vda): using internal journal
[    5.783508] EXT3-fs (vda): mounted filesystem with ordered data mode
[    9.476330] EXT3-fs (vda): using internal journal
[   12.754977] ISO 9660 Extensions: Microsoft Joliet Level 3
[   12.850168] ISO 9660 Extensions: RRIP_1991A
[   27.969912] eth0: no IPv6 routers present
### tail -n 25 /var/log/messages
Dec 24 17:27:58 cirros kern.info kernel: [    4.610517] acpiphp: Slot [26] registered
Dec 24 17:27:58 cirros kern.info kernel: [    4.610938] acpiphp: Slot [27] registered
Dec 24 17:27:58 cirros kern.info kernel: [    4.611561] acpiphp: Slot [28] registered
Dec 24 17:27:58 cirros kern.info kernel: [    4.611906] acpiphp: Slot [29] registered
Dec 24 17:27:58 cirros kern.info kernel: [    4.612377] acpiphp: Slot [30] registered
Dec 24 17:27:58 cirros kern.info kernel: [    4.613108] acpiphp: Slot [31] registered
Dec 24 17:27:58 cirros kern.info kernel: [    4.667803] e1000: Intel(R) PRO/1000 Network Driver - version 7.3.21-k8-NAPI
Dec 24 17:27:58 cirros kern.info kernel: [    4.667852] e1000: Copyright (c) 1999-2006 Intel Corporation.
Dec 24 17:27:58 cirros kern.info kernel: [    4.709731] ne2k-pci.c:v1.03 9/22/2003 D. Becker/P. Gortmaker
Dec 24 17:27:58 cirros kern.info kernel: [    4.750025] 8139cp: 8139cp: 10/100 PCI Ethernet driver v1.3 (Mar 22, 2004)
Dec 24 17:27:58 cirros kern.info kernel: [    4.789542] pcnet32: pcnet32.c:v1.35 21.Apr.2008 tsbogend@alpha.franken.de
Dec 24 17:27:58 cirros kern.info kernel: [    4.841616] ip_tables: (C) 2000-2006 Netfilter Core Team
Dec 24 17:27:58 cirros kern.info kernel: [    5.099783] kjournald starting.  Commit interval 5 seconds
Dec 24 17:27:58 cirros kern.info kernel: [    5.105451] EXT3-fs (vda): mounted filesystem with ordered data mode
Dec 24 17:27:58 cirros kern.debug kernel: [    5.427272] ISO 9660 Extensions: Microsoft Joliet Level 3
Dec 24 17:27:58 cirros kern.debug kernel: [    5.505130] ISO 9660 Extensions: RRIP_1991A
Dec 24 17:27:58 cirros kern.info kernel: [    5.765864] kjournald starting.  Commit interval 5 seconds
Dec 24 17:27:58 cirros kern.info kernel: [    5.783403] EXT3-fs (vda): using internal journal
Dec 24 17:27:58 cirros kern.info kernel: [    5.783508] EXT3-fs (vda): mounted filesystem with ordered data mode
Dec 24 17:27:58 cirros kern.info kernel: [    9.476330] EXT3-fs (vda): using internal journal
Dec 24 17:28:00 cirros kern.debug kernel: [   12.754977] ISO 9660 Extensions: Microsoft Joliet Level 3
Dec 24 17:28:00 cirros kern.debug kernel: [   12.850168] ISO 9660 Extensions: RRIP_1991A
Dec 24 17:28:03 cirros auth.notice su: + /dev/console root:cirros
Dec 24 17:28:15 cirros kern.debug kernel: [   27.969912] eth0: no IPv6 routers present
Dec 24 17:31:12 cirros authpriv.info dropbear[283]: Running in background
############ debug end   ##############
  ____               ____  ____
 / __/ __ ____ ____ / __ \/ __/
/ /__ / // __// __// /_/ /\ \ 
\___//_//_/  /_/   \____/___/ 
   http://cirros-cloud.net


login as 'cirros' user. default password: 'cubswin:)'. use 'sudo' for root.
tempest login: 
2015-12-24 17:32:50,745 21169 INFO     [tempest_lib.common.rest_client] Request (TestGettingAddress:_run_cleanups): 204 DELETE http://10.0.2.15:9696/v2.0/floatingips/cae1069f-688c-48e7-b7b1-e1d1fcdddc50 0.440s
2015-12-24 17:32:50,745 21169 DEBUG    [tempest_lib.common.rest_client] Request - Headers: {'Content-Type': 'application/json', 'Accept': 'application/json', 'X-Auth-Token': '&lt;omitted&gt;'}
        Body: None
    Response - Headers: {'date': 'Thu, 24 Dec 2015 17:32:50 GMT', 'status': '204', 'connection': 'close', 'content-length': '0', 'x-openstack-request-id': 'req-e3d62a5d-7451-4d64-b7f9-29ce5da8b314'}
        Body: 
2015-12-24 17:32:50,994 21169 INFO     [tempest_lib.common.rest_client] Request (TestGettingAddress:_run_cleanups): 204 DELETE http://10.0.2.15:8774/v2.1/7d2eb74beffc46a590591e6a2d68a14a/servers/9d0576d1-3d61-47be-9d96-6e2739bb2d0a 0.247s
2015-12-24 17:32:50,994 21169 DEBUG    [tempest_lib.common.rest_client] Request - Headers: {'Content-Type': 'application/json', 'Accept': 'application/json', 'X-Auth-Token': '&lt;omitted&gt;'}
        Body: None
    Response - Headers: {'status': '204', 'content-length': '0', 'x-compute-request-id': 'req-1dbf6bb0-5fc0-4566-a384-a1222b26d539', 'vary': 'X-OpenStack-Nova-API-Version', 'connection': 'close', 'x-openstack-nova-api-version': '2.1', 'date': 'Thu, 24 Dec 2015 17:32:50 GMT', 'content-type': 'application/json'}
        Body: 
2015-12-24 17:32:51,351 21169 INFO     [tempest_lib.common.rest_client] Request (TestGettingAddress:_run_cleanups): 200 GET http://10.0.2.15:8774/v2.1/7d2eb74beffc46a590591e6a2d68a14a/servers/9d0576d1-3d61-47be-9d96-6e2739bb2d0a 0.355s
2015-12-24 17:32:51,352 21169 DEBUG    [tempest_lib.common.rest_client] Request - Headers: {'Content-Type': 'application/json', 'Accept': 'application/json', 'X-Auth-Token': '&lt;omitted&gt;'}
        Body: None
    Response - Headers: {'status': '200', 'content-length': '1902', 'content-location': 'http://10.0.2.15:8774/v2.1/7d2eb74beffc46a590591e6a2d68a14a/servers/9d0576d1-3d61-47be-9d96-6e2739bb2d0a', 'x-compute-request-id': 'req-c8792451-0d7a-4b10-b359-206b812ae3a8', 'vary': 'X-OpenStack-Nova-API-Version', 'connection': 'close', 'x-openstack-nova-api-version': '2.1', 'date': 'Thu, 24 Dec 2015 17:32:51 GMT', 'content-type': 'application/json'}
        Body: {"server": {"status": "ACTIVE", "updated": "2015-12-24T17:32:50Z", "hostId": "ae0a60fc860e0291e5f033057ecb2a07681d614fe8fd7487e68b8d29", "addresses": {"tempest-network-smoke--326190630": [{"OS-EXT-IPS-MAC:mac_addr": "fa:16:3e:35:20:34", "version": 6, "addr": "2003::f816:3eff:fe35:2034", "OS-EXT-IPS:type": "fixed"}, {"OS-EXT-IPS-MAC:mac_addr": "fa:16:3e:35:20:34", "version": 4, "addr": "10.100.0.3", "OS-EXT-IPS:type": "fixed"}, {"OS-EXT-IPS-MAC:mac_addr": "fa:16:3e:35:20:34", "version": 4, "addr": "172.24.4.4", "OS-EXT-IPS:type": "floating"}]}, "links": [{"href": "http://10.0.2.15:8774/v2.1/7d2eb74beffc46a590591e6a2d68a14a/servers/9d0576d1-3d61-47be-9d96-6e2739bb2d0a", "rel": "self"}, {"href": "http://10.0.2.15:8774/7d2eb74beffc46a590591e6a2d68a14a/servers/9d0576d1-3d61-47be-9d96-6e2739bb2d0a", "rel": "bookmark"}], "key_name": "tempest-TestGettingAddress-1532971180", "image": {"id": "30ae5c6b-35a8-4eea-96ac-b4ca2984e4e2", "links": [{"href": "http://10.0.2.15:8774/7d2eb74beffc46a590591e6a2d68a14a/images/30ae5c6b-35a8-4eea-96ac-b4ca2984e4e2", "rel": "bookmark"}]}, "OS-EXT-STS:task_state": "deleting", "OS-EXT-STS:vm_state": "active", "OS-SRV-USG:launched_at": "2015-12-24T17:27:44.000000", "flavor": {"id": "42", "links": [{"href": "http://10.0.2.15:8774/7d2eb74beffc46a590591e6a2d68a14a/flavors/42", "rel": "bookmark"}]}, "id": "9d0576d1-3d61-47be-9d96-6e2739bb2d0a", "security_groups": [{"name": "tempest-secgroup-smoke-327196475"}], "OS-SRV-USG:terminated_at": null, "OS-EXT-AZ:availability_zone": "nova", "user_id": "2de00129c9c348979e3a57f4751b654b", "name": "tempest.common.compute-instance-415890080", "created": "2015-12-24T17:27:40Z", "tenant_id": "7d2eb74beffc46a590591e6a2d68a14a", "OS-DCF:diskConfig": "MANUAL", "os-extended-volumes:volumes_attached": [], "accessIPv4": "", "accessIPv6": "", "progress": 0, "OS-EXT-STS:power_state": 1, "config_drive": "True", "metadata": {}}}
2015-12-24 17:32:52,676 21169 INFO     [tempest_lib.common.rest_client] Request (TestGettingAddress:_run_cleanups): 200 GET http://10.0.2.15:8774/v2.1/7d2eb74beffc46a590591e6a2d68a14a/servers/9d0576d1-3d61-47be-9d96-6e2739bb2d0a 0.312s
2015-12-24 17:32:52,677 21169 DEBUG    [tempest_lib.common.rest_client] Request - Headers: {'Content-Type': 'application/json', 'Accept': 'application/json', 'X-Auth-Token': '&lt;omitted&gt;'}
        Body: None
    Response - Headers: {'status': '200', 'content-length': '1444', 'content-location': 'http://10.0.2.15:8774/v2.1/7d2eb74beffc46a590591e6a2d68a14a/servers/9d0576d1-3d61-47be-9d96-6e2739bb2d0a', 'x-compute-request-id': 'req-351b14ce-2092-4c76-9bc6-7e01d94fe075', 'vary': 'X-OpenStack-Nova-API-Version', 'connection': 'close', 'x-openstack-nova-api-version': '2.1', 'date': 'Thu, 24 Dec 2015 17:32:52 GMT', 'content-type': 'application/json'}
        Body: {"server": {"status": "DELETED", "updated": "2015-12-24T17:32:52Z", "hostId": "ae0a60fc860e0291e5f033057ecb2a07681d614fe8fd7487e68b8d29", "addresses": {}, "links": [{"href": "http://10.0.2.15:8774/v2.1/7d2eb74beffc46a590591e6a2d68a14a/servers/9d0576d1-3d61-47be-9d96-6e2739bb2d0a", "rel": "self"}, {"href": "http://10.0.2.15:8774/7d2eb74beffc46a590591e6a2d68a14a/servers/9d0576d1-3d61-47be-9d96-6e2739bb2d0a", "rel": "bookmark"}], "key_name": "tempest-TestGettingAddress-1532971180", "image": {"id": "30ae5c6b-35a8-4eea-96ac-b4ca2984e4e2", "links": [{"href": "http://10.0.2.15:8774/7d2eb74beffc46a590591e6a2d68a14a/images/30ae5c6b-35a8-4eea-96ac-b4ca2984e4e2", "rel": "bookmark"}]}, "OS-EXT-STS:task_state": null, "OS-EXT-STS:vm_state": "deleted", "OS-SRV-USG:launched_at": "2015-12-24T17:27:44.000000", "flavor": {"id": "42", "links": [{"href": "http://10.0.2.15:8774/7d2eb74beffc46a590591e6a2d68a14a/flavors/42", "rel": "bookmark"}]}, "id": "9d0576d1-3d61-47be-9d96-6e2739bb2d0a", "OS-SRV-USG:terminated_at": "2015-12-24T17:32:52.000000", "OS-EXT-AZ:availability_zone": "nova", "user_id": "2de00129c9c348979e3a57f4751b654b", "name": "tempest.common.compute-instance-415890080", "created": "2015-12-24T17:27:40Z", "tenant_id": "7d2eb74beffc46a590591e6a2d68a14a", "OS-DCF:diskConfig": "MANUAL", "os-extended-volumes:volumes_attached": [], "accessIPv4": "", "accessIPv6": "", "OS-EXT-STS:power_state": 0, "config_drive": "True", "metadata": {}}}
2015-12-24 17:32:53,784 21169 INFO     [tempest_lib.common.rest_client] Request (TestGettingAddress:_run_cleanups): 404 GET http://10.0.2.15:8774/v2.1/7d2eb74beffc46a590591e6a2d68a14a/servers/9d0576d1-3d61-47be-9d96-6e2739bb2d0a 0.091s
2015-12-24 17:32:53,785 21169 DEBUG    [tempest_lib.common.rest_client] Request - Headers: {'Content-Type': 'application/json', 'Accept': 'application/json', 'X-Auth-Token': '&lt;omitted&gt;'}
        Body: None
    Response - Headers: {'status': '404', 'content-length': '111', 'x-compute-request-id': 'req-55044029-ddb5-452d-81e8-6bacd157512e', 'vary': 'X-OpenStack-Nova-API-Version', 'connection': 'close', 'x-openstack-nova-api-version': '2.1', 'date': 'Thu, 24 Dec 2015 17:32:53 GMT', 'content-type': 'application/json; charset=UTF-8'}
        Body: {"itemNotFound": {"message": "Instance 9d0576d1-3d61-47be-9d96-6e2739bb2d0a could not be found.", "code": 404}}
2015-12-24 17:32:54,329 21169 INFO     [tempest_lib.common.rest_client] Request (TestGettingAddress:_run_cleanups): 200 PUT http://10.0.2.15:9696/v2.0/routers/20a58f94-5979-4c90-833b-6422cb18d16a/remove_router_interface 0.543s
2015-12-24 17:32:54,329 21169 DEBUG    [tempest_lib.common.rest_client] Request - Headers: {'Content-Type': 'application/json', 'Accept': 'application/json', 'X-Auth-Token': '&lt;omitted&gt;'}
        Body: {"subnet_id": "fbe58d9f-16d3-4c63-ac5b-d5ed537eb1a6"}
    Response - Headers: {'status': '200', 'content-length': '255', 'connection': 'close', 'date': 'Thu, 24 Dec 2015 17:32:54 GMT', 'content-type': 'application/json; charset=UTF-8', 'x-openstack-request-id': 'req-6e62dca6-e0f9-4424-8d4d-bccf7dae45cf'}
        Body: {"subnet_id": "fbe58d9f-16d3-4c63-ac5b-d5ed537eb1a6", "tenant_id": "7d2eb74beffc46a590591e6a2d68a14a", "subnet_ids": ["fbe58d9f-16d3-4c63-ac5b-d5ed537eb1a6"], "port_id": "e1048bcf-545f-4e99-ba01-6dea4c0c3ed5", "id": "20a58f94-5979-4c90-833b-6422cb18d16a"}
2015-12-24 17:32:54,819 21169 INFO     [tempest_lib.common.rest_client] Request (TestGettingAddress:_run_cleanups): 204 DELETE http://10.0.2.15:9696/v2.0/subnets/fbe58d9f-16d3-4c63-ac5b-d5ed537eb1a6 0.488s
2015-12-24 17:32:54,819 21169 DEBUG    [tempest_lib.common.rest_client] Request - Headers: {'Content-Type': 'application/json', 'Accept': 'application/json', 'X-Auth-Token': '&lt;omitted&gt;'}
        Body: None
    Response - Headers: {'date': 'Thu, 24 Dec 2015 17:32:54 GMT', 'status': '204', 'connection': 'close', 'content-length': '0', 'x-openstack-request-id': 'req-4e00180b-5623-44d6-acfd-cea9b65ce77f'}
        Body: 
2015-12-24 17:32:54,865 21169 INFO     [tempest_lib.common.rest_client] Request (TestGettingAddress:_run_cleanups): 404 DELETE http://10.0.2.15:9696/v2.0/subnets/fbe58d9f-16d3-4c63-ac5b-d5ed537eb1a6 0.045s
