<?xml version="1.0" encoding="UTF-8"?>
<!DOCTYPE html PUBLIC "-//W3C//DTD XHTML 1.0 Strict//EN"
     "http://www.w3.org/TR/xhtml1/DTD/xhtml1-strict.dtd">
<html xmlns="http://www.w3.org/1999/xhtml">
<head>
    <title>Unit Test Report</title>
    <meta name="generator" content="subunit2html 0.1"/>
    <meta http-equiv="Content-Type" content="text/html; charset=UTF-8"/>
    
<style type="text/css" media="screen">
body        { font-family: verdana, arial, helvetica, sans-serif;
    font-size: 80%; }
table       { font-size: 100%; width: 100%;}
pre         { font-size: 80%; }

/* -- heading -------------------------------------------------------------- */
h1 {
        font-size: 16pt;
        color: gray;
}
.heading {
    margin-top: 0ex;
    margin-bottom: 1ex;
}

.heading .attribute {
    margin-top: 1ex;
    margin-bottom: 0;
}

.heading .description {
    margin-top: 4ex;
    margin-bottom: 6ex;
}

/* -- css div popup -------------------------------------------------------- */
a.popup_link {
}

a.popup_link:hover {
    color: red;
}

.popup_window {
    display: none;
    overflow-x: scroll;
    /*border: solid #627173 1px; */
    padding: 10px;
    background-color: #E6E6D6;
    font-family: "Ubuntu Mono", "Lucida Console", "Courier New", monospace;
    text-align: left;
    font-size: 8pt;
}

}
/* -- report --------------------------------------------------------------- */
#show_detail_line {
    margin-top: 3ex;
    margin-bottom: 1ex;
}
#result_table {
    width: 100%;
    border-collapse: collapse;
    border: 1px solid #777;
}
#header_row {
    font-weight: bold;
    color: white;
    background-color: #777;
}
#result_table td {
    border: 1px solid #777;
    padding: 2px;
}
#total_row  { font-weight: bold; }
.passClass  { background-color: #6c6; }
.failClass  { background-color: #c60; }
.errorClass { background-color: #c00; }
.passCase   { color: #6c6; }
.failCase   { color: #c60; font-weight: bold; }
.errorCase  { color: #c00; font-weight: bold; }
.hiddenRow  { display: none; }
.testcase   { margin-left: 2em; }
td.testname {width: 40%}
td.small {width: 40px}

/* -- ending --------------------------------------------------------------- */
#ending {
}

</style>

</head>
<body>
<script language="javascript" type="text/javascript"><!--
output_list = Array();

/* level - 0:Summary; 1:Failed; 2:All */
function showCase(level) {
    trs = document.getElementsByTagName("tr");
    for (var i = 0; i < trs.length; i++) {
        tr = trs[i];
        id = tr.id;
        if (id.substr(0,2) == 'ft') {
            if (level < 1) {
                tr.className = 'hiddenRow';
            }
            else {
                tr.className = '';
            }
        }
        if (id.substr(0,2) == 'pt') {
            if (level > 1) {
                tr.className = '';
            }
            else {
                tr.className = 'hiddenRow';
            }
        }
    }
}


function showClassDetail(cid, count) {
    var id_list = Array(count);
    var toHide = 1;
    for (var i = 0; i < count; i++) {
        tid0 = 't' + cid.substr(1) + '.' + (i+1);
        tid = 'f' + tid0;
        tr = document.getElementById(tid);
        if (!tr) {
            tid = 'p' + tid0;
            tr = document.getElementById(tid);
        }
        id_list[i] = tid;
        if (tr.className) {
            toHide = 0;
        }
    }
    for (var i = 0; i < count; i++) {
        tid = id_list[i];
        if (toHide) {
            document.getElementById('div_'+tid).style.display = 'none'
            document.getElementById(tid).className = 'hiddenRow';
        }
        else {
            document.getElementById(tid).className = '';
        }
    }
}


function showTestDetail(div_id){
    var details_div = document.getElementById(div_id)
    var displayState = details_div.style.display
    // alert(displayState)
    if (displayState != 'block' ) {
        displayState = 'block'
        details_div.style.display = 'block'
    }
    else {
        details_div.style.display = 'none'
    }
}


function html_escape(s) {
    s = s.replace(/&/g,'&amp;');
    s = s.replace(/</g,'&lt;');
    s = s.replace(/>/g,'&gt;');
    return s;
}

/* obsoleted by detail in <div>
function showOutput(id, name) {
    var w = window.open("", //url
                    name,
                    "resizable,scrollbars,status,width=800,height=450");
    d = w.document;
    d.write("<pre>");
    d.write(html_escape(output_list[id]));
    d.write("\n");
    d.write("<a href='javascript:window.close()'>close</a>\n");
    d.write("</pre>\n");
    d.close();
}
*/
--></script>

<div class='heading'>
<h1>Unit Test Report</h1>

<p class='attribute'><strong>Status:</strong> Failure 8</p>

<p class='description'></p>
</div>



<p id='show_detail_line'>Show
<a href='javascript:showCase(0)'>Summary</a>
<a href='javascript:showCase(1)'>Failed</a>
<a href='javascript:showCase(2)'>All</a>
</p>
<table id='result_table'>
<colgroup>
<col align='left' />
<col align='right' />
<col align='right' />
<col align='right' />
<col align='right' />
<col align='right' />
<col align='right' />
<col align='right' />
</colgroup>
<tr id='header_row'>
    <td>Test Group/Test case</td>
    <td>Count</td>
    <td>Pass</td>
    <td>Fail</td>
    <td>Error</td>
    <td>Skip</td>
    <td>View</td>
    <td> </td>
</tr>

<tr class='failClass'>
    <td class="testname">tempest.scenario.test_network_v6.TestGettingAddress</td>
    <td class="small">8</td>
    <td class="small">0</td>
    <td class="small">8</td>
    <td class="small">0</td>
    <td class="small">0</td>
    <td class="small"><a href="javascript:showClassDetail('c1',8)"
>Detail</a></td>
    <td> </td>
</tr>

<tr id='ft1.1' class='none'>
    <td class='failCase'><div class='testcase'>test_dhcp6_stateless_from_os[compute,id-d7e1f858-187c-45a6-89c9-bdafde619a9f,network]</div></td>
    <td colspan='7' align='left'>

    <!--css div popup start-->
    <a class="popup_link" onfocus='this.blur();'
    href="javascript:showTestDetail('div_ft1.1')" >
        fail</a>

    <div id='div_ft1.1' class="popup_window">
        <div style='text-align: right; color:red;cursor:pointer'>
        <a onfocus='this.blur();'
onclick="document.getElementById('div_ft1.1').style.display = 'none' " >
           [x]</a>
        </div>
        <pre>
        
ft1.1: tempest.scenario.test_network_v6.TestGettingAddress.test_dhcp6_stateless_from_os[compute,id-d7e1f858-187c-45a6-89c9-bdafde619a9f,network]_StringException: Empty attachments:
  stderr
  stdout

pythonlogging:'': {{{
2015-12-08 11:22:29,230 20546 INFO     [tempest_lib.common.rest_client] Request (TestGettingAddress:setUp): 200 POST http://10.0.2.15:8774/v2.1/f455962a7117418b819a5855a2a56c08/os-keypairs 0.396s
2015-12-08 11:22:29,230 20546 DEBUG    [tempest_lib.common.rest_client] Request - Headers: {'Content-Type': 'application/json', 'Accept': 'application/json', 'X-Auth-Token': '&lt;omitted&gt;'}
        Body: {"keypair": {"name": "tempest-TestGettingAddress-640810819"}}
    Response - Headers: {'status': '200', 'content-length': '2319', 'x-compute-request-id': 'req-70142c9e-176f-4d50-ba71-098914ff2a55', 'vary': 'X-OpenStack-Nova-API-Version', 'connection': 'close', 'x-openstack-nova-api-version': '2.1', 'date': 'Tue, 08 Dec 2015 11:22:29 GMT', 'content-type': 'application/json'}
        Body: {"keypair": {"public_key": "ssh-rsa AAAAB3NzaC1yc2EAAAADAQABAAABAQCdDb8wbPscoyvXr8tR+MEPrNtaocKLkq+Gxj7gkuMUXigi1/fOMbETaeLFv0/jSkG3wMuTZdZCc3C9X2QqVL4BTjVzBlpj5JK3prkpM6CV+BS7gbxhUr1g9o2WYOaDfFihkuCrphtkkGCvd5VJ94x+CRlhXb+yyeqU7eDHQYD+09hdrkwqlSw+IOFEg6z7JyTms8iMx9o+PyYRDuLsWowyEbYq+CYRT+ZLxiG69H8WH0J9UJq9MM34K9MjCa7n+bGIqLDqhZ8l2t1JA1SgS9Fb1FEP2NiCj1N4HI3fpcyQ2563urVkQUF+JjRsySeMcI5gUhn4dBUY8K76yLIM7RcP Generated-by-Nova", "private_key": "-----BEGIN RSA PRIVATE KEY-----\nMIIEqQIBAAKCAQEAnQ2/MGz7HKMr16/LUfjBD6zbWqHCi5KvhsY+4JLjFF4oItf3\nzjGxE2nixb9P40pBt8DLk2XWQnNwvV9kKlS+AU41cwZaY+SSt6a5KTOglfgUu4G8\nYVK9YPaNlmDmg3xYoZLgq6YbZJBgr3eVSfeMfgkZYV2/ssnqlO3gx0GA/tPYXa5M\nKpUsPiDhRIOs+yck5rPIjMfaPj8mEQ7i7FqMMhG2KvgmEU/mS8YhuvR/Fh9CfVCa\nvTDN+CvTIwmu5/mxiKiw6oWfJdrdSQNUoEvRW9RRD9jYgo9TeByN36XMkNuet7q1\nZEFBfiY0bMknjHCOYFIZ+HQVGPCu+siyDO0XDwIDAQABAoIBAQCNyUFX2KuDmRQV\nrtFh+a9iFW4bDnpyQ0VP6V4OpM15L+AQROWlM1tn6WofmK3oxrs5x0aClaevakTX\n0my9gq/ewdqjM5MbJ9oFDvGO7tsFSWh+N4v4WRg7l5sPrf+tqO7jP5Sxok6MpYOE\nJfOTSXd+uXw+WMKeCIhNV8xcVxi79N2fUmH3tGLeVqOyR/y1ZitfUZuvpnc0fqBL\noCgbsBC2/OaTJwenwYOD9qR9r9oVDx/ZLkerwB4HotZ7+UhqWCBMQt0XAz807jTE\nWwkeeJZE7GNyjD30uDoKFAaAvNwkIsgzBNwLvjUHiIXNY336sbXj5CE32gaNWp78\n+quQ6scRAoIAgQC3cBm9EFGs0IOtX8rcLyy19TNV95RaO9vpvySDyfR98PdLOlGv\nM8t9HhadUpiO1hC0k8RHegQhhTNQL5WKpkZbHgag/5oNve0deAGlwCcja60Jq/jb\nTDzc/PYrSKHipbcHeYaIpye53TrNFbYmD9JzVzXEo4dQ+327+sdOAwOiTQKCAIEA\n2y3XkSlqJHDeteAenMzDDjcmhgNuKMJnTKX1Ht1XjyMB8EQf8LjfbJKsM28vc4NV\nYVp+n3UW6SWLBoIpWMJ/p8az2SHTcNU+Zv5GRiJhHPUeJc9fHgOPJ/CCkdFr23ID\npR/OxpSBJ05ow0s7AWznaqIftkuta3qMWJqYXATC9MsCggCAZO3WC5OeDMLRoKQT\nPuDp7dfS/hrx0lAbKNpVofmNf3oE5qxY41hRPy897CPU8spPeLvRBC7bdQIQAK+d\nzSK9lUbJCO55+dOlUlCEP4mhPzjwhWDM1QR2fHTmkVwuTkE1mnRAFJI8JmTWBJ9M\nkFamSXYTjHUZb/Jf9Pz/iinYZwUCggCBALlqGW96uokjVrRDaYI6ElRnQVajdkBS\n3PJRfoBivNygv9YSu3Z33sJJfhVw3JJ6qvLVjEK22e/Xy7lwySuGNlmnVaO84tMU\nAls8hhR0pvTJQ3y25f9NAYDHDJ3wrK6S0BSTSOhi3rNyuFtlu//jsg1aIzui340J\nucqG1ZcajBZrAoIAgFveza2qg5Re7UJBFguSEjuHo+DmM9qcZyjTHI9BZOvJIyXA\nXr1X/rnK5ZJ5WBZ9N1BcgCdBpCj0wKF2fwLGUzwwfNQF03+mUYFEYhMeGjtTragj\nE0Tg7nb3CRCisc6aNmpgGqCaWvNYw/CzxnzQ1zSrIH+W5mqgNq8Luh+uzcHM\n-----END RSA PRIVATE KEY-----\n", "user_id": "5494e7dd1e0e447b997f8992278f1abf", "name": "tempest-TestGettingAddress-640810819", "fingerprint": "d7:bf:dd:84:f5:30:6c:d3:73:82:57:87:a7:82:69:6d"}}
2015-12-08 11:22:29,578 20546 INFO     [tempest_lib.common.rest_client] Request (TestGettingAddress:setUp): 201 POST http://10.0.2.15:9696/v2.0/security-groups 0.342s
2015-12-08 11:22:29,579 20546 DEBUG    [tempest_lib.common.rest_client] Request - Headers: {'Content-Type': 'application/json', 'Accept': 'application/json', 'X-Auth-Token': '&lt;omitted&gt;'}
        Body: {"security_group": {"tenant_id": "f455962a7117418b819a5855a2a56c08", "description": "tempest-secgroup-smoke-646322671 description", "name": "tempest-secgroup-smoke-646322671"}}
    Response - Headers: {'status': '201', 'content-length': '886', 'connection': 'close', 'date': 'Tue, 08 Dec 2015 11:22:29 GMT', 'content-type': 'application/json; charset=UTF-8', 'x-openstack-request-id': 'req-6c6238d8-77da-4e21-a274-133e051120da'}
        Body: {"security_group": {"tenant_id": "f455962a7117418b819a5855a2a56c08", "description": "tempest-secgroup-smoke-646322671 description", "id": "05920c44-a1a2-49ac-bcbe-855a45f85236", "security_group_rules": [{"remote_group_id": null, "direction": "egress", "remote_ip_prefix": null, "protocol": null, "ethertype": "IPv4", "tenant_id": "f455962a7117418b819a5855a2a56c08", "port_range_max": null, "port_range_min": null, "id": "fd6bd893-2e1c-4359-bc47-54dfc5690b56", "security_group_id": "05920c44-a1a2-49ac-bcbe-855a45f85236"}, {"remote_group_id": null, "direction": "egress", "remote_ip_prefix": null, "protocol": null, "ethertype": "IPv6", "tenant_id": "f455962a7117418b819a5855a2a56c08", "port_range_max": null, "port_range_min": null, "id": "41cf655d-4698-4faf-8bb8-faeb6e93e2b3", "security_group_id": "05920c44-a1a2-49ac-bcbe-855a45f85236"}], "name": "tempest-secgroup-smoke-646322671"}}
2015-12-08 11:22:29,684 20546 INFO     [tempest_lib.common.rest_client] Request (TestGettingAddress:setUp): 201 POST http://10.0.2.15:9696/v2.0/security-group-rules 0.104s
2015-12-08 11:22:29,684 20546 DEBUG    [tempest_lib.common.rest_client] Request - Headers: {'Content-Type': 'application/json', 'Accept': 'application/json', 'X-Auth-Token': '&lt;omitted&gt;'}
        Body: {"security_group_rule": {"direction": "ingress", "protocol": "tcp", "tenant_id": "f455962a7117418b819a5855a2a56c08", "port_range_max": 22, "security_group_id": "05920c44-a1a2-49ac-bcbe-855a45f85236", "port_range_min": 22}}
    Response - Headers: {'status': '201', 'content-length': '340', 'connection': 'close', 'date': 'Tue, 08 Dec 2015 11:22:29 GMT', 'content-type': 'application/json; charset=UTF-8', 'x-openstack-request-id': 'req-8eccb3e6-726c-409c-a1f6-7aef74fb1b3a'}
        Body: {"security_group_rule": {"remote_group_id": null, "direction": "ingress", "remote_ip_prefix": null, "protocol": "tcp", "ethertype": "IPv4", "tenant_id": "f455962a7117418b819a5855a2a56c08", "port_range_max": 22, "port_range_min": 22, "id": "ff8db013-b8ab-4dfa-8b74-6875b00e11c3", "security_group_id": "05920c44-a1a2-49ac-bcbe-855a45f85236"}}
2015-12-08 11:22:29,806 20546 INFO     [tempest_lib.common.rest_client] Request (TestGettingAddress:setUp): 201 POST http://10.0.2.15:9696/v2.0/security-group-rules 0.120s
2015-12-08 11:22:29,807 20546 DEBUG    [tempest_lib.common.rest_client] Request - Headers: {'Content-Type': 'application/json', 'Accept': 'application/json', 'X-Auth-Token': '&lt;omitted&gt;'}
        Body: {"security_group_rule": {"direction": "egress", "protocol": "tcp", "tenant_id": "f455962a7117418b819a5855a2a56c08", "port_range_max": 22, "security_group_id": "05920c44-a1a2-49ac-bcbe-855a45f85236", "port_range_min": 22}}
    Response - Headers: {'status': '201', 'content-length': '339', 'connection': 'close', 'date': 'Tue, 08 Dec 2015 11:22:29 GMT', 'content-type': 'application/json; charset=UTF-8', 'x-openstack-request-id': 'req-68f01b64-e123-4665-afea-6d4c96473fc5'}
        Body: {"security_group_rule": {"remote_group_id": null, "direction": "egress", "remote_ip_prefix": null, "protocol": "tcp", "ethertype": "IPv4", "tenant_id": "f455962a7117418b819a5855a2a56c08", "port_range_max": 22, "port_range_min": 22, "id": "39e0f53b-8d58-478c-a724-d3fa26666de7", "security_group_id": "05920c44-a1a2-49ac-bcbe-855a45f85236"}}
2015-12-08 11:22:29,932 20546 INFO     [tempest_lib.common.rest_client] Request (TestGettingAddress:setUp): 201 POST http://10.0.2.15:9696/v2.0/security-group-rules 0.123s
2015-12-08 11:22:29,933 20546 DEBUG    [tempest_lib.common.rest_client] Request - Headers: {'Content-Type': 'application/json', 'Accept': 'application/json', 'X-Auth-Token': '&lt;omitted&gt;'}
        Body: {"security_group_rule": {"tenant_id": "f455962a7117418b819a5855a2a56c08", "direction": "ingress", "protocol": "icmp", "security_group_id": "05920c44-a1a2-49ac-bcbe-855a45f85236"}}
    Response - Headers: {'status': '201', 'content-length': '345', 'connection': 'close', 'date': 'Tue, 08 Dec 2015 11:22:29 GMT', 'content-type': 'application/json; charset=UTF-8', 'x-openstack-request-id': 'req-3c5b3edc-b193-45ee-9de5-5a2b1cb7125f'}
        Body: {"security_group_rule": {"remote_group_id": null, "direction": "ingress", "remote_ip_prefix": null, "protocol": "icmp", "ethertype": "IPv4", "tenant_id": "f455962a7117418b819a5855a2a56c08", "port_range_max": null, "port_range_min": null, "id": "5ad7d494-f5ac-4d06-865d-846e90842f6c", "security_group_id": "05920c44-a1a2-49ac-bcbe-855a45f85236"}}
2015-12-08 11:22:30,056 20546 INFO     [tempest_lib.common.rest_client] Request (TestGettingAddress:setUp): 201 POST http://10.0.2.15:9696/v2.0/security-group-rules 0.122s
2015-12-08 11:22:30,057 20546 DEBUG    [tempest_lib.common.rest_client] Request - Headers: {'Content-Type': 'application/json', 'Accept': 'application/json', 'X-Auth-Token': '&lt;omitted&gt;'}
        Body: {"security_group_rule": {"tenant_id": "f455962a7117418b819a5855a2a56c08", "direction": "egress", "protocol": "icmp", "security_group_id": "05920c44-a1a2-49ac-bcbe-855a45f85236"}}
    Response - Headers: {'status': '201', 'content-length': '344', 'connection': 'close', 'date': 'Tue, 08 Dec 2015 11:22:30 GMT', 'content-type': 'application/json; charset=UTF-8', 'x-openstack-request-id': 'req-fb78358f-4a6d-49de-95f7-f8c4f9e86fb3'}
        Body: {"security_group_rule": {"remote_group_id": null, "direction": "egress", "remote_ip_prefix": null, "protocol": "icmp", "ethertype": "IPv4", "tenant_id": "f455962a7117418b819a5855a2a56c08", "port_range_max": null, "port_range_min": null, "id": "7bf2b97f-7390-4db6-bfc1-3fb6fec5c689", "security_group_id": "05920c44-a1a2-49ac-bcbe-855a45f85236"}}
2015-12-08 11:22:30,177 20546 INFO     [tempest_lib.common.rest_client] Request (TestGettingAddress:setUp): 201 POST http://10.0.2.15:9696/v2.0/security-group-rules 0.118s
2015-12-08 11:22:30,178 20546 DEBUG    [tempest_lib.common.rest_client] Request - Headers: {'Content-Type': 'application/json', 'Accept': 'application/json', 'X-Auth-Token': '&lt;omitted&gt;'}
        Body: {"security_group_rule": {"tenant_id": "f455962a7117418b819a5855a2a56c08", "direction": "ingress", "security_group_id": "05920c44-a1a2-49ac-bcbe-855a45f85236", "protocol": "icmp", "ethertype": "IPv6"}}
    Response - Headers: {'status': '201', 'content-length': '345', 'connection': 'close', 'date': 'Tue, 08 Dec 2015 11:22:30 GMT', 'content-type': 'application/json; charset=UTF-8', 'x-openstack-request-id': 'req-de48c87d-33ce-49ad-ae2c-c5ae3152d88e'}
        Body: {"security_group_rule": {"remote_group_id": null, "direction": "ingress", "remote_ip_prefix": null, "protocol": "icmp", "ethertype": "IPv6", "tenant_id": "f455962a7117418b819a5855a2a56c08", "port_range_max": null, "port_range_min": null, "id": "f6ab43fd-05ff-4143-842a-9cc0e77a0869", "security_group_id": "05920c44-a1a2-49ac-bcbe-855a45f85236"}}
2015-12-08 11:22:30,303 20546 INFO     [tempest_lib.common.rest_client] Request (TestGettingAddress:setUp): 201 POST http://10.0.2.15:9696/v2.0/security-group-rules 0.123s
2015-12-08 11:22:30,304 20546 DEBUG    [tempest_lib.common.rest_client] Request - Headers: {'Content-Type': 'application/json', 'Accept': 'application/json', 'X-Auth-Token': '&lt;omitted&gt;'}
        Body: {"security_group_rule": {"tenant_id": "f455962a7117418b819a5855a2a56c08", "direction": "egress", "security_group_id": "05920c44-a1a2-49ac-bcbe-855a45f85236", "protocol": "icmp", "ethertype": "IPv6"}}
    Response - Headers: {'status': '201', 'content-length': '344', 'connection': 'close', 'date': 'Tue, 08 Dec 2015 11:22:30 GMT', 'content-type': 'application/json; charset=UTF-8', 'x-openstack-request-id': 'req-8b3c2876-d3cc-4121-a950-3e8ba8825742'}
        Body: {"security_group_rule": {"remote_group_id": null, "direction": "egress", "remote_ip_prefix": null, "protocol": "icmp", "ethertype": "IPv6", "tenant_id": "f455962a7117418b819a5855a2a56c08", "port_range_max": null, "port_range_min": null, "id": "1bf282a7-b628-4d4a-8092-7003912172bf", "security_group_id": "05920c44-a1a2-49ac-bcbe-855a45f85236"}}
2015-12-08 11:22:30,634 20546 INFO     [tempest_lib.common.rest_client] Request (TestGettingAddress:test_dhcp6_stateless_from_os): 201 POST http://10.0.2.15:9696/v2.0/networks 0.328s
2015-12-08 11:22:30,634 20546 DEBUG    [tempest_lib.common.rest_client] Request - Headers: {'Content-Type': 'application/json', 'Accept': 'application/json', 'X-Auth-Token': '&lt;omitted&gt;'}
        Body: {"network": {"tenant_id": "f455962a7117418b819a5855a2a56c08", "name": "tempest-network-smoke--1335006468"}}
    Response - Headers: {'status': '201', 'content-length': '329', 'connection': 'close', 'date': 'Tue, 08 Dec 2015 11:22:30 GMT', 'content-type': 'application/json; charset=UTF-8', 'x-openstack-request-id': 'req-014b4ac2-57f4-4c0b-bfb8-d8355dff1799'}
        Body: {"network": {"status": "ACTIVE", "subnets": [], "availability_zone_hints": "[]", "name": "tempest-network-smoke--1335006468", "admin_state_up": true, "tenant_id": "f455962a7117418b819a5855a2a56c08", "mtu": 0, "router:external": false, "shared": false, "port_security_enabled": true, "id": "e363474a-eb41-4b50-a7c4-14517fc407d5"}}
2015-12-08 11:22:30,810 20546 INFO     [tempest_lib.common.rest_client] Request (TestGettingAddress:test_dhcp6_stateless_from_os): 200 GET http://10.0.2.15:9696/v2.0/subnets?tenant_id=f455962a7117418b819a5855a2a56c08&amp;cidr=10.100.0.0%2F28 0.174s
2015-12-08 11:22:30,811 20546 DEBUG    [tempest_lib.common.rest_client] Request - Headers: {'Content-Type': 'application/json', 'Accept': 'application/json', 'X-Auth-Token': '&lt;omitted&gt;'}
        Body: None
    Response - Headers: {'status': '200', 'content-length': '15', 'content-location': 'http://10.0.2.15:9696/v2.0/subnets?tenant_id=f455962a7117418b819a5855a2a56c08&amp;cidr=10.100.0.0%2F28', 'connection': 'close', 'date': 'Tue, 08 Dec 2015 11:22:30 GMT', 'content-type': 'application/json; charset=UTF-8', 'x-openstack-request-id': 'req-e94d5fb8-f272-45e3-aa81-39b332adb82d'}
        Body: {"subnets": []}
2015-12-08 11:22:31,166 20546 INFO     [tempest_lib.common.rest_client] Request (TestGettingAddress:test_dhcp6_stateless_from_os): 201 POST http://10.0.2.15:9696/v2.0/subnets 0.354s
2015-12-08 11:22:31,168 20546 DEBUG    [tempest_lib.common.rest_client] Request - Headers: {'Content-Type': 'application/json', 'Accept': 'application/json', 'X-Auth-Token': '&lt;omitted&gt;'}
        Body: {"subnet": {"ip_version": 4, "tenant_id": "f455962a7117418b819a5855a2a56c08", "cidr": "10.100.0.0/28", "network_id": "e363474a-eb41-4b50-a7c4-14517fc407d5", "name": "tempest-sub4-2042308552"}}
    Response - Headers: {'status': '201', 'content-length': '470', 'connection': 'close', 'date': 'Tue, 08 Dec 2015 11:22:31 GMT', 'content-type': 'application/json; charset=UTF-8', 'x-openstack-request-id': 'req-02f0b249-a088-41a0-9691-0ba527c0b3a6'}
        Body: {"subnet": {"name": "tempest-sub4-2042308552", "enable_dhcp": true, "network_id": "e363474a-eb41-4b50-a7c4-14517fc407d5", "tenant_id": "f455962a7117418b819a5855a2a56c08", "dns_nameservers": [], "gateway_ip": "10.100.0.1", "ipv6_ra_mode": null, "allocation_pools": [{"start": "10.100.0.2", "end": "10.100.0.14"}], "host_routes": [], "ip_version": 4, "ipv6_address_mode": null, "cidr": "10.100.0.0/28", "id": "adaf8010-060f-42f6-8e40-fcbe62908ccd", "subnetpool_id": null}}
2015-12-08 11:22:31,240 20546 INFO     [tempest_lib.common.rest_client] Request (TestGettingAddress:test_dhcp6_stateless_from_os): 201 POST http://10.0.2.15:9696/v2.0/routers 0.070s
2015-12-08 11:22:31,240 20546 DEBUG    [tempest_lib.common.rest_client] Request - Headers: {'Content-Type': 'application/json', 'Accept': 'application/json', 'X-Auth-Token': '&lt;omitted&gt;'}
        Body: {"router": {"tenant_id": "f455962a7117418b819a5855a2a56c08", "name": "tempest-router-smoke-815404700", "admin_state_up": true}}
    Response - Headers: {'status': '201', 'content-length': '295', 'connection': 'close', 'date': 'Tue, 08 Dec 2015 11:22:31 GMT', 'content-type': 'application/json; charset=UTF-8', 'x-openstack-request-id': 'req-52f52f18-8da0-439a-a8bf-7df97802f7b6'}
        Body: {"router": {"status": "ACTIVE", "external_gateway_info": null, "availability_zone_hints": [], "availability_zones": [], "name": "tempest-router-smoke-815404700", "admin_state_up": true, "tenant_id": "f455962a7117418b819a5855a2a56c08", "routes": [], "id": "5d8afe7c-2b7e-4af4-9c73-f97594f2209e"}}
2015-12-08 11:22:31,300 20546 INFO     [tempest_lib.common.rest_client] Request (TestGettingAddress:test_dhcp6_stateless_from_os): 200 GET http://10.0.2.15:9696/v2.0/routers/5d8afe7c-2b7e-4af4-9c73-f97594f2209e 0.059s
2015-12-08 11:22:31,301 20546 DEBUG    [tempest_lib.common.rest_client] Request - Headers: {'Content-Type': 'application/json', 'Accept': 'application/json', 'X-Auth-Token': '&lt;omitted&gt;'}
        Body: None
    Response - Headers: {'status': '200', 'content-length': '295', 'content-location': 'http://10.0.2.15:9696/v2.0/routers/5d8afe7c-2b7e-4af4-9c73-f97594f2209e', 'connection': 'close', 'date': 'Tue, 08 Dec 2015 11:22:31 GMT', 'content-type': 'application/json; charset=UTF-8', 'x-openstack-request-id': 'req-a4722105-827d-4606-a524-df153e1c939b'}
        Body: {"router": {"status": "ACTIVE", "external_gateway_info": null, "availability_zone_hints": [], "availability_zones": [], "name": "tempest-router-smoke-815404700", "admin_state_up": true, "tenant_id": "f455962a7117418b819a5855a2a56c08", "routes": [], "id": "5d8afe7c-2b7e-4af4-9c73-f97594f2209e"}}
2015-12-08 11:22:32,039 20546 INFO     [tempest_lib.common.rest_client] Request (TestGettingAddress:test_dhcp6_stateless_from_os): 200 PUT http://10.0.2.15:9696/v2.0/routers/5d8afe7c-2b7e-4af4-9c73-f97594f2209e 0.736s
2015-12-08 11:22:32,039 20546 DEBUG    [tempest_lib.common.rest_client] Request - Headers: {'Content-Type': 'application/json', 'Accept': 'application/json', 'X-Auth-Token': '&lt;omitted&gt;'}
        Body: {"router": {"external_gateway_info": {"network_id": "1b7fdac7-2458-4c5b-aba3-adec3e41d9e6"}, "name": "tempest-router-smoke-815404700", "admin_state_up": true}}
    Response - Headers: {'status': '200', 'content-length': '557', 'connection': 'close', 'date': 'Tue, 08 Dec 2015 11:22:32 GMT', 'content-type': 'application/json; charset=UTF-8', 'x-openstack-request-id': 'req-9353fb41-339f-4336-b6f1-4a8b12026bb8'}
        Body: {"router": {"status": "ACTIVE", "external_gateway_info": {"network_id": "1b7fdac7-2458-4c5b-aba3-adec3e41d9e6", "enable_snat": true, "external_fixed_ips": [{"subnet_id": "133c7ac0-406f-4f42-8413-a0a714188edc", "ip_address": "172.24.4.3"}, {"subnet_id": "9d140f6a-3e2d-4796-b85a-ee08118c177f", "ip_address": "2001:db8::3"}]}, "availability_zone_hints": [], "availability_zones": [], "name": "tempest-router-smoke-815404700", "admin_state_up": true, "tenant_id": "f455962a7117418b819a5855a2a56c08", "routes": [], "id": "5d8afe7c-2b7e-4af4-9c73-f97594f2209e"}}
2015-12-08 11:22:32,719 20546 INFO     [tempest_lib.common.rest_client] Request (TestGettingAddress:test_dhcp6_stateless_from_os): 200 PUT http://10.0.2.15:9696/v2.0/routers/5d8afe7c-2b7e-4af4-9c73-f97594f2209e/add_router_interface 0.679s
2015-12-08 11:22:32,719 20546 DEBUG    [tempest_lib.common.rest_client] Request - Headers: {'Content-Type': 'application/json', 'Accept': 'application/json', 'X-Auth-Token': '&lt;omitted&gt;'}
        Body: {"subnet_id": "adaf8010-060f-42f6-8e40-fcbe62908ccd"}
    Response - Headers: {'status': '200', 'content-length': '255', 'connection': 'close', 'date': 'Tue, 08 Dec 2015 11:22:32 GMT', 'content-type': 'application/json; charset=UTF-8', 'x-openstack-request-id': 'req-219f4630-872b-4846-8609-07b10a480e7b'}
        Body: {"subnet_id": "adaf8010-060f-42f6-8e40-fcbe62908ccd", "tenant_id": "f455962a7117418b819a5855a2a56c08", "subnet_ids": ["adaf8010-060f-42f6-8e40-fcbe62908ccd"], "port_id": "9757c442-92d7-4819-8d68-d3043206562d", "id": "5d8afe7c-2b7e-4af4-9c73-f97594f2209e"}
2015-12-08 11:22:32,891 20546 INFO     [tempest_lib.common.rest_client] Request (TestGettingAddress:test_dhcp6_stateless_from_os): 200 GET http://10.0.2.15:9696/v2.0/subnets?tenant_id=f455962a7117418b819a5855a2a56c08&amp;cidr=2003%3A%3A%2F64 0.170s
2015-12-08 11:22:32,891 20546 DEBUG    [tempest_lib.common.rest_client] Request - Headers: {'Content-Type': 'application/json', 'Accept': 'application/json', 'X-Auth-Token': '&lt;omitted&gt;'}
        Body: None
    Response - Headers: {'status': '200', 'content-length': '15', 'content-location': 'http://10.0.2.15:9696/v2.0/subnets?tenant_id=f455962a7117418b819a5855a2a56c08&amp;cidr=2003%3A%3A%2F64', 'connection': 'close', 'date': 'Tue, 08 Dec 2015 11:22:32 GMT', 'content-type': 'application/json; charset=UTF-8', 'x-openstack-request-id': 'req-8ca4be53-6e24-418c-804f-75a84fe09fcd'}
        Body: {"subnets": []}
2015-12-08 11:22:33,298 20546 INFO     [tempest_lib.common.rest_client] Request (TestGettingAddress:test_dhcp6_stateless_from_os): 201 POST http://10.0.2.15:9696/v2.0/subnets 0.406s
2015-12-08 11:22:33,298 20546 DEBUG    [tempest_lib.common.rest_client] Request - Headers: {'Content-Type': 'application/json', 'Accept': 'application/json', 'X-Auth-Token': '&lt;omitted&gt;'}
        Body: {"subnet": {"name": "tempest-sub6-1980811109", "network_id": "e363474a-eb41-4b50-a7c4-14517fc407d5", "tenant_id": "f455962a7117418b819a5855a2a56c08", "ipv6_ra_mode": "dhcpv6-stateless", "ip_version": 6, "ipv6_address_mode": "dhcpv6-stateless", "cidr": "2003::/64"}}
    Response - Headers: {'status': '201', 'content-length': '502', 'connection': 'close', 'date': 'Tue, 08 Dec 2015 11:22:33 GMT', 'content-type': 'application/json; charset=UTF-8', 'x-openstack-request-id': 'req-8152f97a-87f9-4f92-a7c1-da2ea38f3350'}
        Body: {"subnet": {"name": "tempest-sub6-1980811109", "enable_dhcp": true, "network_id": "e363474a-eb41-4b50-a7c4-14517fc407d5", "tenant_id": "f455962a7117418b819a5855a2a56c08", "dns_nameservers": [], "gateway_ip": "2003::1", "ipv6_ra_mode": "dhcpv6-stateless", "allocation_pools": [{"start": "2003::2", "end": "2003::ffff:ffff:ffff:ffff"}], "host_routes": [], "ip_version": 6, "ipv6_address_mode": "dhcpv6-stateless", "cidr": "2003::/64", "id": "afd2fe2f-981f-4cab-97e0-ecdddacc7dd5", "subnetpool_id": null}}
2015-12-08 11:22:34,127 20546 INFO     [tempest_lib.common.rest_client] Request (TestGettingAddress:test_dhcp6_stateless_from_os): 200 PUT http://10.0.2.15:9696/v2.0/routers/5d8afe7c-2b7e-4af4-9c73-f97594f2209e/add_router_interface 0.827s
2015-12-08 11:22:34,127 20546 DEBUG    [tempest_lib.common.rest_client] Request - Headers: {'Content-Type': 'application/json', 'Accept': 'application/json', 'X-Auth-Token': '&lt;omitted&gt;'}
        Body: {"subnet_id": "afd2fe2f-981f-4cab-97e0-ecdddacc7dd5"}
    Response - Headers: {'status': '200', 'content-length': '255', 'connection': 'close', 'date': 'Tue, 08 Dec 2015 11:22:34 GMT', 'content-type': 'application/json; charset=UTF-8', 'x-openstack-request-id': 'req-3bd25042-23ed-42da-858c-c18320496d1b'}
        Body: {"subnet_id": "afd2fe2f-981f-4cab-97e0-ecdddacc7dd5", "tenant_id": "f455962a7117418b819a5855a2a56c08", "subnet_ids": ["afd2fe2f-981f-4cab-97e0-ecdddacc7dd5"], "port_id": "0015fa37-af93-48ad-a36b-4fe12713474d", "id": "5d8afe7c-2b7e-4af4-9c73-f97594f2209e"}
2015-12-08 11:22:34,230 20546 INFO     [tempest_lib.common.rest_client] Request (TestGettingAddress:test_dhcp6_stateless_from_os): 200 POST http://10.0.2.15:5000/v2.0/tokens
2015-12-08 11:22:34,231 20546 DEBUG    [tempest_lib.common.rest_client] Request - Headers: {'Content-Type': 'application/json', 'Accept': 'application/json'}
        Body: &lt;omitted&gt;
    Response - Headers: {'status': '200', 'content-length': '2526', 'vary': 'X-Auth-Token', 'server': 'Apache/2.4.7 (Ubuntu)', 'connection': 'close', 'date': 'Tue, 08 Dec 2015 11:22:34 GMT', 'content-type': 'application/json', 'x-openstack-request-id': 'req-ba13daac-2526-4b5a-95f4-c00993767756'}
        Body: {"access": {"token": {"issued_at": "2015-12-08T11:22:34.220982", "expires": "2015-12-08T12:22:34Z", "id": "294624e530f84c66b28b584f9cd4c155", "tenant": {"description": "tempest-TestGettingAddress-2131480461-desc", "enabled": true, "id": "f455962a7117418b819a5855a2a56c08", "name": "tempest-TestGettingAddress-2131480461"}, "audit_ids": ["jaBMMMY4SZSTXS_lb4EwFQ"]}, "serviceCatalog": [{"endpoints": [{"adminURL": "http://10.0.2.15:8774/v2.1/f455962a7117418b819a5855a2a56c08", "region": "RegionOne", "internalURL": "http://10.0.2.15:8774/v2.1/f455962a7117418b819a5855a2a56c08", "id": "55bfa6b48d884a7dac0366fffef43acb", "publicURL": "http://10.0.2.15:8774/v2.1/f455962a7117418b819a5855a2a56c08"}], "endpoints_links": [], "type": "compute", "name": "nova"}, {"endpoints": [{"adminURL": "http://10.0.2.15:9696/", "region": "RegionOne", "internalURL": "http://10.0.2.15:9696/", "id": "1433c544e0ea4523ac74955c0b3e9e23", "publicURL": "http://10.0.2.15:9696/"}], "endpoints_links": [], "type": "network", "name": "neutron"}, {"endpoints": [{"adminURL": "http://10.0.2.15:9292", "region": "RegionOne", "internalURL": "http://10.0.2.15:9292", "id": "8dacc2476f2a44fab7c0515e39a0cfbf", "publicURL": "http://10.0.2.15:9292"}], "endpoints_links": [], "type": "image", "name": "glance"}, {"endpoints": [{"adminURL": "http://10.0.2.15:8774/v2/f455962a7117418b819a5855a2a56c08", "region": "RegionOne", "internalURL": "http://10.0.2.15:8774/v2/f455962a7117418b819a5855a2a56c08", "id": "1c9104c45f4a4ea0b8e046e33e9f2486", "publicURL": "http://10.0.2.15:8774/v2/f455962a7117418b819a5855a2a56c08"}], "endpoints_links": [], "type": "compute_legacy", "name": "nova_legacy"}, {"endpoints": [{"adminURL": "http://10.0.2.15:8773/", "region": "RegionOne", "internalURL": "http://10.0.2.15:8773/", "id": "ba1c4158b9c940888ada8e2134c8373b", "publicURL": "http://10.0.2.15:8773/"}], "endpoints_links": [], "type": "ec2", "name": "ec2"}, {"endpoints": [{"adminURL": "http://10.0.2.15:35357/v2.0", "region": "RegionOne", "internalURL": "http://10.0.2.15:5000/v2.0", "id": "49b66ea31c9a46c7b5917faf54e5e646", "publicURL": "http://10.0.2.15:5000/v2.0"}], "endpoints_links": [], "type": "identity", "name": "keystone"}], "user": {"username": "tempest-TestGettingAddress-1796079438", "roles_links": [], "id": "5494e7dd1e0e447b997f8992278f1abf", "roles": [{"name": "_member_"}, {"name": "Member"}], "name": "tempest-TestGettingAddress-1796079438"}, "metadata": {"is_admin": 0, "roles": ["9fe2ff9ee4384b1894a90878d3e92bab", "6c71bad731774473b8d3e23175740f38"]}}}
2015-12-08 11:22:34,235 20546 DEBUG    [tempest.common.fixed_network] (TestGettingAddress:test_dhcp6_stateless_from_os) No valid network provided or created, defaulting to fixed_network_name
2015-12-08 11:22:34,547 20546 INFO     [tempest_lib.common.rest_client] Request (TestGettingAddress:test_dhcp6_stateless_from_os): 200 GET http://10.0.2.15:8774/v2.1/f455962a7117418b819a5855a2a56c08/os-networks 0.312s
2015-12-08 11:22:34,548 20546 DEBUG    [tempest_lib.common.rest_client] Request - Headers: {'Content-Type': 'application/json', 'Accept': 'application/json', 'X-Auth-Token': '&lt;omitted&gt;'}
        Body: None
    Response - Headers: {'status': '200', 'content-length': '479', 'content-location': 'http://10.0.2.15:8774/v2.1/f455962a7117418b819a5855a2a56c08/os-networks', 'x-compute-request-id': 'req-04f8cc35-190a-4064-805f-23d93074831c', 'vary': 'X-OpenStack-Nova-API-Version', 'connection': 'close', 'x-openstack-nova-api-version': '2.1', 'date': 'Tue, 08 Dec 2015 11:22:34 GMT', 'content-type': 'application/json'}
        Body: {"networks": [{"cidr_v6": null, "dns2": null, "dns1": null, "gateway": null, "broadcast": null, "netmask": null, "gateway_v6": null, "cidr": null, "label": "public", "id": "1b7fdac7-2458-4c5b-aba3-adec3e41d9e6", "netmask_v6": null}, {"cidr_v6": null, "dns2": null, "dns1": null, "gateway": null, "broadcast": null, "netmask": null, "gateway_v6": null, "cidr": null, "label": "tempest-network-smoke--1335006468", "id": "e363474a-eb41-4b50-a7c4-14517fc407d5", "netmask_v6": null}]}
2015-12-08 11:22:34,548 20546 WARNING  [tempest.common.fixed_network] (TestGettingAddress:test_dhcp6_stateless_from_os) Network with name: private not found
2015-12-08 11:22:34,548 20546 INFO     [tempest.common.fixed_network] (TestGettingAddress:test_dhcp6_stateless_from_os) Found network {} available for tenant
2015-12-08 11:22:36,058 20546 INFO     [tempest_lib.common.rest_client] Request (TestGettingAddress:test_dhcp6_stateless_from_os): 202 POST http://10.0.2.15:8774/v2.1/f455962a7117418b819a5855a2a56c08/servers 1.509s
2015-12-08 11:22:36,059 20546 DEBUG    [tempest_lib.common.rest_client] Request - Headers: {'Content-Type': 'application/json', 'Accept': 'application/json', 'X-Auth-Token': '&lt;omitted&gt;'}
        Body: {"server": {"name": "tempest.common.compute-instance-1772446218", "imageRef": "5cece177-32dc-4d00-af2e-be9022485102", "key_name": "tempest-TestGettingAddress-640810819", "flavorRef": "42", "networks": [{"uuid": "e363474a-eb41-4b50-a7c4-14517fc407d5"}], "security_groups": [{"name": "tempest-secgroup-smoke-646322671"}]}}
    Response - Headers: {'status': '202', 'content-length': '461', 'x-compute-request-id': 'req-2c0eb497-cf96-48d0-836c-b884e7df45eb', 'vary': 'X-OpenStack-Nova-API-Version', 'connection': 'close', 'location': 'http://10.0.2.15:8774/v2.1/f455962a7117418b819a5855a2a56c08/servers/9c93852e-8cd0-4d3f-a8ac-f0dfac6740a3', 'x-openstack-nova-api-version': '2.1', 'date': 'Tue, 08 Dec 2015 11:22:36 GMT', 'content-type': 'application/json'}
        Body: {"server": {"security_groups": [{"name": "tempest-secgroup-smoke-646322671"}], "OS-DCF:diskConfig": "MANUAL", "id": "9c93852e-8cd0-4d3f-a8ac-f0dfac6740a3", "links": [{"href": "http://10.0.2.15:8774/v2.1/f455962a7117418b819a5855a2a56c08/servers/9c93852e-8cd0-4d3f-a8ac-f0dfac6740a3", "rel": "self"}, {"href": "http://10.0.2.15:8774/f455962a7117418b819a5855a2a56c08/servers/9c93852e-8cd0-4d3f-a8ac-f0dfac6740a3", "rel": "bookmark"}], "adminPass": "iTV4n7U8MET6"}}
2015-12-08 11:22:36,405 20546 INFO     [tempest_lib.common.rest_client] Request (TestGettingAddress:test_dhcp6_stateless_from_os): 200 GET http://10.0.2.15:8774/v2.1/f455962a7117418b819a5855a2a56c08/servers/9c93852e-8cd0-4d3f-a8ac-f0dfac6740a3 0.343s
2015-12-08 11:22:36,405 20546 DEBUG    [tempest_lib.common.rest_client] Request - Headers: {'Content-Type': 'application/json', 'Accept': 'application/json', 'X-Auth-Token': '&lt;omitted&gt;'}
        Body: None
    Response - Headers: {'status': '200', 'content-length': '1354', 'content-location': 'http://10.0.2.15:8774/v2.1/f455962a7117418b819a5855a2a56c08/servers/9c93852e-8cd0-4d3f-a8ac-f0dfac6740a3', 'x-compute-request-id': 'req-fad6413a-e0ee-41ef-9170-40fb0a13fcb5', 'vary': 'X-OpenStack-Nova-API-Version', 'connection': 'close', 'x-openstack-nova-api-version': '2.1', 'date': 'Tue, 08 Dec 2015 11:22:36 GMT', 'content-type': 'application/json'}
        Body: {"server": {"status": "BUILD", "updated": "2015-12-08T11:22:36Z", "hostId": "", "addresses": {}, "links": [{"href": "http://10.0.2.15:8774/v2.1/f455962a7117418b819a5855a2a56c08/servers/9c93852e-8cd0-4d3f-a8ac-f0dfac6740a3", "rel": "self"}, {"href": "http://10.0.2.15:8774/f455962a7117418b819a5855a2a56c08/servers/9c93852e-8cd0-4d3f-a8ac-f0dfac6740a3", "rel": "bookmark"}], "key_name": "tempest-TestGettingAddress-640810819", "image": {"id": "5cece177-32dc-4d00-af2e-be9022485102", "links": [{"href": "http://10.0.2.15:8774/f455962a7117418b819a5855a2a56c08/images/5cece177-32dc-4d00-af2e-be9022485102", "rel": "bookmark"}]}, "OS-EXT-STS:task_state": "scheduling", "OS-EXT-STS:vm_state": "building", "OS-SRV-USG:launched_at": null, "flavor": {"id": "42", "links": [{"href": "http://10.0.2.15:8774/f455962a7117418b819a5855a2a56c08/flavors/42", "rel": "bookmark"}]}, "id": "9c93852e-8cd0-4d3f-a8ac-f0dfac6740a3", "OS-SRV-USG:terminated_at": null, "OS-EXT-AZ:availability_zone": "", "user_id": "5494e7dd1e0e447b997f8992278f1abf", "name": "tempest.common.compute-instance-1772446218", "created": "2015-12-08T11:22:35Z", "tenant_id": "f455962a7117418b819a5855a2a56c08", "OS-DCF:diskConfig": "MANUAL", "os-extended-volumes:volumes_attached": [], "accessIPv4": "", "accessIPv6": "", "progress": 0, "OS-EXT-STS:power_state": 0, "config_drive": "", "metadata": {}}}
2015-12-08 11:22:37,665 20546 INFO     [tempest_lib.common.rest_client] Request (TestGettingAddress:test_dhcp6_stateless_from_os): 200 GET http://10.0.2.15:8774/v2.1/f455962a7117418b819a5855a2a56c08/servers/9c93852e-8cd0-4d3f-a8ac-f0dfac6740a3 0.249s
2015-12-08 11:22:37,665 20546 DEBUG    [tempest_lib.common.rest_client] Request - Headers: {'Content-Type': 'application/json', 'Accept': 'application/json', 'X-Auth-Token': '&lt;omitted&gt;'}
        Body: None
    Response - Headers: {'status': '200', 'content-length': '1479', 'content-location': 'http://10.0.2.15:8774/v2.1/f455962a7117418b819a5855a2a56c08/servers/9c93852e-8cd0-4d3f-a8ac-f0dfac6740a3', 'x-compute-request-id': 'req-87313516-d84a-45f2-8d32-12ce5cf810c0', 'vary': 'X-OpenStack-Nova-API-Version', 'connection': 'close', 'x-openstack-nova-api-version': '2.1', 'date': 'Tue, 08 Dec 2015 11:22:37 GMT', 'content-type': 'application/json'}
        Body: {"server": {"status": "BUILD", "updated": "2015-12-08T11:22:37Z", "hostId": "6e8a2f2b88c4da8e0fba653eec067193c4c418b6c1f8280478c8b935", "addresses": {}, "links": [{"href": "http://10.0.2.15:8774/v2.1/f455962a7117418b819a5855a2a56c08/servers/9c93852e-8cd0-4d3f-a8ac-f0dfac6740a3", "rel": "self"}, {"href": "http://10.0.2.15:8774/f455962a7117418b819a5855a2a56c08/servers/9c93852e-8cd0-4d3f-a8ac-f0dfac6740a3", "rel": "bookmark"}], "key_name": "tempest-TestGettingAddress-640810819", "image": {"id": "5cece177-32dc-4d00-af2e-be9022485102", "links": [{"href": "http://10.0.2.15:8774/f455962a7117418b819a5855a2a56c08/images/5cece177-32dc-4d00-af2e-be9022485102", "rel": "bookmark"}]}, "OS-EXT-STS:task_state": "spawning", "OS-EXT-STS:vm_state": "building", "OS-SRV-USG:launched_at": null, "flavor": {"id": "42", "links": [{"href": "http://10.0.2.15:8774/f455962a7117418b819a5855a2a56c08/flavors/42", "rel": "bookmark"}]}, "id": "9c93852e-8cd0-4d3f-a8ac-f0dfac6740a3", "security_groups": [{"name": "tempest-secgroup-smoke-646322671"}], "OS-SRV-USG:terminated_at": null, "OS-EXT-AZ:availability_zone": "nova", "user_id": "5494e7dd1e0e447b997f8992278f1abf", "name": "tempest.common.compute-instance-1772446218", "created": "2015-12-08T11:22:35Z", "tenant_id": "f455962a7117418b819a5855a2a56c08", "OS-DCF:diskConfig": "MANUAL", "os-extended-volumes:volumes_attached": [], "accessIPv4": "", "accessIPv6": "", "progress": 0, "OS-EXT-STS:power_state": 0, "config_drive": "", "metadata": {}}}
2015-12-08 11:22:37,674 20546 INFO     [tempest.common.waiters] State transition "BUILD/scheduling" ==&gt; "BUILD/spawning" after 1 second wait
2015-12-08 11:22:38,876 20546 INFO     [tempest_lib.common.rest_client] Request (TestGettingAddress:test_dhcp6_stateless_from_os): 200 GET http://10.0.2.15:8774/v2.1/f455962a7117418b819a5855a2a56c08/servers/9c93852e-8cd0-4d3f-a8ac-f0dfac6740a3 0.200s
2015-12-08 11:22:38,877 20546 DEBUG    [tempest_lib.common.rest_client] Request - Headers: {'Content-Type': 'application/json', 'Accept': 'application/json', 'X-Auth-Token': '&lt;omitted&gt;'}
        Body: None
    Response - Headers: {'status': '200', 'content-length': '1479', 'content-location': 'http://10.0.2.15:8774/v2.1/f455962a7117418b819a5855a2a56c08/servers/9c93852e-8cd0-4d3f-a8ac-f0dfac6740a3', 'x-compute-request-id': 'req-554ece1a-acb0-41c2-9fae-96ded8149cd1', 'vary': 'X-OpenStack-Nova-API-Version', 'connection': 'close', 'x-openstack-nova-api-version': '2.1', 'date': 'Tue, 08 Dec 2015 11:22:38 GMT', 'content-type': 'application/json'}
        Body: {"server": {"status": "BUILD", "updated": "2015-12-08T11:22:37Z", "hostId": "6e8a2f2b88c4da8e0fba653eec067193c4c418b6c1f8280478c8b935", "addresses": {}, "links": [{"href": "http://10.0.2.15:8774/v2.1/f455962a7117418b819a5855a2a56c08/servers/9c93852e-8cd0-4d3f-a8ac-f0dfac6740a3", "rel": "self"}, {"href": "http://10.0.2.15:8774/f455962a7117418b819a5855a2a56c08/servers/9c93852e-8cd0-4d3f-a8ac-f0dfac6740a3", "rel": "bookmark"}], "key_name": "tempest-TestGettingAddress-640810819", "image": {"id": "5cece177-32dc-4d00-af2e-be9022485102", "links": [{"href": "http://10.0.2.15:8774/f455962a7117418b819a5855a2a56c08/images/5cece177-32dc-4d00-af2e-be9022485102", "rel": "bookmark"}]}, "OS-EXT-STS:task_state": "spawning", "OS-EXT-STS:vm_state": "building", "OS-SRV-USG:launched_at": null, "flavor": {"id": "42", "links": [{"href": "http://10.0.2.15:8774/f455962a7117418b819a5855a2a56c08/flavors/42", "rel": "bookmark"}]}, "id": "9c93852e-8cd0-4d3f-a8ac-f0dfac6740a3", "security_groups": [{"name": "tempest-secgroup-smoke-646322671"}], "OS-SRV-USG:terminated_at": null, "OS-EXT-AZ:availability_zone": "nova", "user_id": "5494e7dd1e0e447b997f8992278f1abf", "name": "tempest.common.compute-instance-1772446218", "created": "2015-12-08T11:22:35Z", "tenant_id": "f455962a7117418b819a5855a2a56c08", "OS-DCF:diskConfig": "MANUAL", "os-extended-volumes:volumes_attached": [], "accessIPv4": "", "accessIPv6": "", "progress": 0, "OS-EXT-STS:power_state": 0, "config_drive": "", "metadata": {}}}
2015-12-08 11:22:40,114 20546 INFO     [tempest_lib.common.rest_client] Request (TestGettingAddress:test_dhcp6_stateless_from_os): 200 GET http://10.0.2.15:8774/v2.1/f455962a7117418b819a5855a2a56c08/servers/9c93852e-8cd0-4d3f-a8ac-f0dfac6740a3 0.227s
2015-12-08 11:22:40,114 20546 DEBUG    [tempest_lib.common.rest_client] Request - Headers: {'Content-Type': 'application/json', 'Accept': 'application/json', 'X-Auth-Token': '&lt;omitted&gt;'}
        Body: None
    Response - Headers: {'status': '200', 'content-length': '1780', 'content-location': 'http://10.0.2.15:8774/v2.1/f455962a7117418b819a5855a2a56c08/servers/9c93852e-8cd0-4d3f-a8ac-f0dfac6740a3', 'x-compute-request-id': 'req-0c591e91-bf3d-40c3-b2a8-297df22b2167', 'vary': 'X-OpenStack-Nova-API-Version', 'connection': 'close', 'x-openstack-nova-api-version': '2.1', 'date': 'Tue, 08 Dec 2015 11:22:40 GMT', 'content-type': 'application/json'}
        Body: {"server": {"status": "ACTIVE", "updated": "2015-12-08T11:22:39Z", "hostId": "6e8a2f2b88c4da8e0fba653eec067193c4c418b6c1f8280478c8b935", "addresses": {"tempest-network-smoke--1335006468": [{"OS-EXT-IPS-MAC:mac_addr": "fa:16:3e:85:56:cb", "version": 4, "addr": "10.100.0.3", "OS-EXT-IPS:type": "fixed"}, {"OS-EXT-IPS-MAC:mac_addr": "fa:16:3e:85:56:cb", "version": 6, "addr": "2003::f816:3eff:fe85:56cb", "OS-EXT-IPS:type": "fixed"}]}, "links": [{"href": "http://10.0.2.15:8774/v2.1/f455962a7117418b819a5855a2a56c08/servers/9c93852e-8cd0-4d3f-a8ac-f0dfac6740a3", "rel": "self"}, {"href": "http://10.0.2.15:8774/f455962a7117418b819a5855a2a56c08/servers/9c93852e-8cd0-4d3f-a8ac-f0dfac6740a3", "rel": "bookmark"}], "key_name": "tempest-TestGettingAddress-640810819", "image": {"id": "5cece177-32dc-4d00-af2e-be9022485102", "links": [{"href": "http://10.0.2.15:8774/f455962a7117418b819a5855a2a56c08/images/5cece177-32dc-4d00-af2e-be9022485102", "rel": "bookmark"}]}, "OS-EXT-STS:task_state": null, "OS-EXT-STS:vm_state": "active", "OS-SRV-USG:launched_at": "2015-12-08T11:22:39.000000", "flavor": {"id": "42", "links": [{"href": "http://10.0.2.15:8774/f455962a7117418b819a5855a2a56c08/flavors/42", "rel": "bookmark"}]}, "id": "9c93852e-8cd0-4d3f-a8ac-f0dfac6740a3", "security_groups": [{"name": "tempest-secgroup-smoke-646322671"}], "OS-SRV-USG:terminated_at": null, "OS-EXT-AZ:availability_zone": "nova", "user_id": "5494e7dd1e0e447b997f8992278f1abf", "name": "tempest.common.compute-instance-1772446218", "created": "2015-12-08T11:22:35Z", "tenant_id": "f455962a7117418b819a5855a2a56c08", "OS-DCF:diskConfig": "MANUAL", "os-extended-volumes:volumes_attached": [], "accessIPv4": "", "accessIPv6": "", "progress": 0, "OS-EXT-STS:power_state": 1, "config_drive": "True", "metadata": {}}}
2015-12-08 11:22:40,123 20546 INFO     [tempest.common.waiters] State transition "BUILD/spawning" ==&gt; "ACTIVE/None" after 4 second wait
2015-12-08 11:22:40,331 20546 INFO     [tempest_lib.common.rest_client] Request (TestGettingAddress:test_dhcp6_stateless_from_os): 200 GET http://10.0.2.15:8774/v2.1/f455962a7117418b819a5855a2a56c08/servers/9c93852e-8cd0-4d3f-a8ac-f0dfac6740a3 0.206s
2015-12-08 11:22:40,331 20546 DEBUG    [tempest_lib.common.rest_client] Request - Headers: {'Content-Type': 'application/json', 'Accept': 'application/json', 'X-Auth-Token': '&lt;omitted&gt;'}
        Body: None
    Response - Headers: {'status': '200', 'content-length': '1780', 'content-location': 'http://10.0.2.15:8774/v2.1/f455962a7117418b819a5855a2a56c08/servers/9c93852e-8cd0-4d3f-a8ac-f0dfac6740a3', 'x-compute-request-id': 'req-21af9955-b363-4dc7-b132-64d3130ed84e', 'vary': 'X-OpenStack-Nova-API-Version', 'connection': 'close', 'x-openstack-nova-api-version': '2.1', 'date': 'Tue, 08 Dec 2015 11:22:40 GMT', 'content-type': 'application/json'}
        Body: {"server": {"status": "ACTIVE", "updated": "2015-12-08T11:22:39Z", "hostId": "6e8a2f2b88c4da8e0fba653eec067193c4c418b6c1f8280478c8b935", "addresses": {"tempest-network-smoke--1335006468": [{"OS-EXT-IPS-MAC:mac_addr": "fa:16:3e:85:56:cb", "version": 4, "addr": "10.100.0.3", "OS-EXT-IPS:type": "fixed"}, {"OS-EXT-IPS-MAC:mac_addr": "fa:16:3e:85:56:cb", "version": 6, "addr": "2003::f816:3eff:fe85:56cb", "OS-EXT-IPS:type": "fixed"}]}, "links": [{"href": "http://10.0.2.15:8774/v2.1/f455962a7117418b819a5855a2a56c08/servers/9c93852e-8cd0-4d3f-a8ac-f0dfac6740a3", "rel": "self"}, {"href": "http://10.0.2.15:8774/f455962a7117418b819a5855a2a56c08/servers/9c93852e-8cd0-4d3f-a8ac-f0dfac6740a3", "rel": "bookmark"}], "key_name": "tempest-TestGettingAddress-640810819", "image": {"id": "5cece177-32dc-4d00-af2e-be9022485102", "links": [{"href": "http://10.0.2.15:8774/f455962a7117418b819a5855a2a56c08/images/5cece177-32dc-4d00-af2e-be9022485102", "rel": "bookmark"}]}, "OS-EXT-STS:task_state": null, "OS-EXT-STS:vm_state": "active", "OS-SRV-USG:launched_at": "2015-12-08T11:22:39.000000", "flavor": {"id": "42", "links": [{"href": "http://10.0.2.15:8774/f455962a7117418b819a5855a2a56c08/flavors/42", "rel": "bookmark"}]}, "id": "9c93852e-8cd0-4d3f-a8ac-f0dfac6740a3", "security_groups": [{"name": "tempest-secgroup-smoke-646322671"}], "OS-SRV-USG:terminated_at": null, "OS-EXT-AZ:availability_zone": "nova", "user_id": "5494e7dd1e0e447b997f8992278f1abf", "name": "tempest.common.compute-instance-1772446218", "created": "2015-12-08T11:22:35Z", "tenant_id": "f455962a7117418b819a5855a2a56c08", "OS-DCF:diskConfig": "MANUAL", "os-extended-volumes:volumes_attached": [], "accessIPv4": "", "accessIPv6": "", "progress": 0, "OS-EXT-STS:power_state": 1, "config_drive": "True", "metadata": {}}}
2015-12-08 11:22:40,371 20546 INFO     [tempest_lib.common.rest_client] Request (TestGettingAddress:test_dhcp6_stateless_from_os): 200 GET http://10.0.2.15:9696/v2.0/ports?status=ACTIVE&amp;fixed_ip=None&amp;device_id=9c93852e-8cd0-4d3f-a8ac-f0dfac6740a3 0.031s
2015-12-08 11:22:40,372 20546 DEBUG    [tempest_lib.common.rest_client] Request - Headers: {'Content-Type': 'application/json', 'Accept': 'application/json', 'X-Auth-Token': '&lt;omitted&gt;'}
        Body: None
    Response - Headers: {'status': '200', 'content-length': '1142', 'content-location': 'http://10.0.2.15:9696/v2.0/ports?status=ACTIVE&amp;fixed_ip=None&amp;device_id=9c93852e-8cd0-4d3f-a8ac-f0dfac6740a3', 'connection': 'close', 'date': 'Tue, 08 Dec 2015 11:22:40 GMT', 'content-type': 'application/json; charset=UTF-8', 'x-openstack-request-id': 'req-777943ea-d485-4e1b-899f-ba339dbd401b'}
        Body: {"ports": [{"status": "ACTIVE", "binding:host_id": "vagrant-ubuntu-trusty-64", "allowed_address_pairs": [], "extra_dhcp_opts": [], "dns_assignment": [{"hostname": "host-10-100-0-3", "ip_address": "10.100.0.3", "fqdn": "host-10-100-0-3.openstacklocal."}, {"hostname": "host-2003--f816-3eff-fe85-56cb", "ip_address": "2003::f816:3eff:fe85:56cb", "fqdn": "host-2003--f816-3eff-fe85-56cb.openstacklocal."}], "device_owner": "compute:None", "port_security_enabled": true, "binding:profile": {}, "fixed_ips": [{"subnet_id": "adaf8010-060f-42f6-8e40-fcbe62908ccd", "ip_address": "10.100.0.3"}, {"subnet_id": "afd2fe2f-981f-4cab-97e0-ecdddacc7dd5", "ip_address": "2003::f816:3eff:fe85:56cb"}], "id": "77015ddd-0fc0-4146-b9ea-389f9b4f56ff", "security_groups": ["05920c44-a1a2-49ac-bcbe-855a45f85236"], "device_id": "9c93852e-8cd0-4d3f-a8ac-f0dfac6740a3", "name": "", "admin_state_up": true, "network_id": "e363474a-eb41-4b50-a7c4-14517fc407d5", "dns_name": "", "binding:vif_details": {"port_filter": true}, "binding:vnic_type": "normal", "binding:vif_type": "ovs", "tenant_id": "f455962a7117418b819a5855a2a56c08", "mac_address": "fa:16:3e:85:56:cb"}]}
2015-12-08 11:22:40,882 20546 INFO     [tempest_lib.common.rest_client] Request (TestGettingAddress:test_dhcp6_stateless_from_os): 201 POST http://10.0.2.15:9696/v2.0/floatingips 0.509s
2015-12-08 11:22:40,882 20546 DEBUG    [tempest_lib.common.rest_client] Request - Headers: {'Content-Type': 'application/json', 'Accept': 'application/json', 'X-Auth-Token': '&lt;omitted&gt;'}
        Body: {"floatingip": {"floating_network_id": "1b7fdac7-2458-4c5b-aba3-adec3e41d9e6", "tenant_id": "f455962a7117418b819a5855a2a56c08", "fixed_ip_address": "10.100.0.3", "port_id": "77015ddd-0fc0-4146-b9ea-389f9b4f56ff"}}
    Response - Headers: {'status': '201', 'content-length': '367', 'connection': 'close', 'date': 'Tue, 08 Dec 2015 11:22:40 GMT', 'content-type': 'application/json; charset=UTF-8', 'x-openstack-request-id': 'req-75994eba-b031-4e39-b0c4-7bf6f3b9dd7b'}
        Body: {"floatingip": {"floating_network_id": "1b7fdac7-2458-4c5b-aba3-adec3e41d9e6", "router_id": "5d8afe7c-2b7e-4af4-9c73-f97594f2209e", "fixed_ip_address": "10.100.0.3", "floating_ip_address": "172.24.4.4", "tenant_id": "f455962a7117418b819a5855a2a56c08", "status": "DOWN", "port_id": "77015ddd-0fc0-4146-b9ea-389f9b4f56ff", "id": "6b6dd27f-9184-4783-90fc-cdda5715c020"}}
2015-12-08 11:22:40,883 20546 INFO     [tempest_lib.common.ssh] Creating ssh connection to '172.24.4.4' as 'cirros' with public key authentication
2015-12-08 11:22:44,570 20546 WARNING  [tempest_lib.common.ssh] Failed to establish authenticated ssh connection to cirros@172.24.4.4 ([Errno None] Unable to connect to port 22 on  or 172.24.4.4). Number attempts: 1. Retry after 2 seconds.
2015-12-08 11:22:50,074 20546 WARNING  [tempest_lib.common.ssh] Failed to establish authenticated ssh connection to cirros@172.24.4.4 ([Errno None] Unable to connect to port 22 on  or 172.24.4.4). Number attempts: 2. Retry after 3 seconds.
2015-12-08 11:22:56,577 20546 WARNING  [tempest_lib.common.ssh] Failed to establish authenticated ssh connection to cirros@172.24.4.4 ([Errno None] Unable to connect to port 22 on  or 172.24.4.4). Number attempts: 3. Retry after 4 seconds.
2015-12-08 11:23:04,082 20546 WARNING  [tempest_lib.common.ssh] Failed to establish authenticated ssh connection to cirros@172.24.4.4 ([Errno None] Unable to connect to port 22 on  or 172.24.4.4). Number attempts: 4. Retry after 5 seconds.
2015-12-08 11:23:12,586 20546 WARNING  [tempest_lib.common.ssh] Failed to establish authenticated ssh connection to cirros@172.24.4.4 ([Errno None] Unable to connect to port 22 on  or 172.24.4.4). Number attempts: 5. Retry after 6 seconds.
2015-12-08 11:23:22,094 20546 WARNING  [tempest_lib.common.ssh] Failed to establish authenticated ssh connection to cirros@172.24.4.4 ([Errno None] Unable to connect to port 22 on  or 172.24.4.4). Number attempts: 6. Retry after 7 seconds.
2015-12-08 11:23:32,594 20546 WARNING  [tempest_lib.common.ssh] Failed to establish authenticated ssh connection to cirros@172.24.4.4 ([Errno None] Unable to connect to port 22 on  or 172.24.4.4). Number attempts: 7. Retry after 8 seconds.
2015-12-08 11:23:44,102 20546 WARNING  [tempest_lib.common.ssh] Failed to establish authenticated ssh connection to cirros@172.24.4.4 ([Errno None] Unable to connect to port 22 on  or 172.24.4.4). Number attempts: 8. Retry after 9 seconds.
2015-12-08 11:23:56,619 20546 WARNING  [tempest_lib.common.ssh] Failed to establish authenticated ssh connection to cirros@172.24.4.4 ([Errno None] Unable to connect to port 22 on  or 172.24.4.4). Number attempts: 9. Retry after 10 seconds.
2015-12-08 11:24:10,122 20546 WARNING  [tempest_lib.common.ssh] Failed to establish authenticated ssh connection to cirros@172.24.4.4 ([Errno None] Unable to connect to port 22 on  or 172.24.4.4). Number attempts: 10. Retry after 11 seconds.
2015-12-08 11:24:24,630 20546 WARNING  [tempest_lib.common.ssh] Failed to establish authenticated ssh connection to cirros@172.24.4.4 ([Errno None] Unable to connect to port 22 on  or 172.24.4.4). Number attempts: 11. Retry after 12 seconds.
2015-12-08 11:24:40,142 20546 WARNING  [tempest_lib.common.ssh] Failed to establish authenticated ssh connection to cirros@172.24.4.4 ([Errno None] Unable to connect to port 22 on  or 172.24.4.4). Number attempts: 12. Retry after 13 seconds.
2015-12-08 11:24:56,650 20546 WARNING  [tempest_lib.common.ssh] Failed to establish authenticated ssh connection to cirros@172.24.4.4 ([Errno None] Unable to connect to port 22 on  or 172.24.4.4). Number attempts: 13. Retry after 14 seconds.
2015-12-08 11:25:14,162 20546 WARNING  [tempest_lib.common.ssh] Failed to establish authenticated ssh connection to cirros@172.24.4.4 ([Errno None] Unable to connect to port 22 on  or 172.24.4.4). Number attempts: 14. Retry after 15 seconds.
2015-12-08 11:25:32,666 20546 WARNING  [tempest_lib.common.ssh] Failed to establish authenticated ssh connection to cirros@172.24.4.4 ([Errno None] Unable to connect to port 22 on  or 172.24.4.4). Number attempts: 15. Retry after 16 seconds.
2015-12-08 11:25:52,174 20546 WARNING  [tempest_lib.common.ssh] Failed to establish authenticated ssh connection to cirros@172.24.4.4 ([Errno None] Unable to connect to port 22 on  or 172.24.4.4). Number attempts: 16. Retry after 17 seconds.
2015-12-08 11:26:12,678 20546 ERROR    [tempest_lib.common.ssh] Failed to establish authenticated ssh connection to cirros@172.24.4.4 after 16 attempts
2015-12-08 11:26:12.678 20546 ERROR tempest_lib.common.ssh Traceback (most recent call last):
2015-12-08 11:26:12.678 20546 ERROR tempest_lib.common.ssh   File "/usr/local/lib/python2.7/dist-packages/tempest_lib/common/ssh.py", line 75, in _get_ssh_connection
2015-12-08 11:26:12.678 20546 ERROR tempest_lib.common.ssh     timeout=self.channel_timeout, pkey=self.pkey)
2015-12-08 11:26:12.678 20546 ERROR tempest_lib.common.ssh   File "/usr/local/lib/python2.7/dist-packages/paramiko/client.py", line 311, in connect
2015-12-08 11:26:12.678 20546 ERROR tempest_lib.common.ssh     raise NoValidConnectionsError(errors)
2015-12-08 11:26:12.678 20546 ERROR tempest_lib.common.ssh NoValidConnectionsError: [Errno None] Unable to connect to port 22 on  or 172.24.4.4
2015-12-08 11:26:12.678 20546 ERROR tempest_lib.common.ssh 
2015-12-08 11:26:12,680 20546 ERROR    [tempest.scenario.manager] (TestGettingAddress:test_dhcp6_stateless_from_os) Initializing SSH connection to 172.24.4.4 failed. Error: Connection to the 172.24.4.4 via SSH timed out.
User: cirros, Password: None
2015-12-08 11:26:12.680 20546 ERROR tempest.scenario.manager Traceback (most recent call last):
2015-12-08 11:26:12.680 20546 ERROR tempest.scenario.manager   File "tempest/scenario/manager.py", line 383, in get_remote_client
2015-12-08 11:26:12.680 20546 ERROR tempest.scenario.manager     linux_client.validate_authentication()
2015-12-08 11:26:12.680 20546 ERROR tempest.scenario.manager   File "tempest/common/utils/linux/remote_client.py", line 63, in validate_authentication
2015-12-08 11:26:12.680 20546 ERROR tempest.scenario.manager     self.ssh_client.test_connection_auth()
2015-12-08 11:26:12.680 20546 ERROR tempest.scenario.manager   File "/usr/local/lib/python2.7/dist-packages/tempest_lib/common/ssh.py", line 167, in test_connection_auth
2015-12-08 11:26:12.680 20546 ERROR tempest.scenario.manager     connection = self._get_ssh_connection()
2015-12-08 11:26:12.680 20546 ERROR tempest.scenario.manager   File "/usr/local/lib/python2.7/dist-packages/tempest_lib/common/ssh.py", line 87, in _get_ssh_connection
2015-12-08 11:26:12.680 20546 ERROR tempest.scenario.manager     password=self.password)
2015-12-08 11:26:12.680 20546 ERROR tempest.scenario.manager SSHTimeout: Connection to the 172.24.4.4 via SSH timed out.
2015-12-08 11:26:12.680 20546 ERROR tempest.scenario.manager User: cirros, Password: None
2015-12-08 11:26:12.680 20546 ERROR tempest.scenario.manager 
2015-12-08 11:26:12,759 20546 INFO     [tempest_lib.common.rest_client] Request (TestGettingAddress:test_dhcp6_stateless_from_os): 200 GET http://10.0.2.15:8774/v2.1/f455962a7117418b819a5855a2a56c08/servers 0.076s
2015-12-08 11:26:12,760 20546 DEBUG    [tempest_lib.common.rest_client] Request - Headers: {'Content-Type': 'application/json', 'Accept': 'application/json', 'X-Auth-Token': '&lt;omitted&gt;'}
        Body: None
    Response - Headers: {'status': '200', 'content-length': '391', 'content-location': 'http://10.0.2.15:8774/v2.1/f455962a7117418b819a5855a2a56c08/servers', 'x-compute-request-id': 'req-d67254dc-5092-4061-8767-808011429ce9', 'vary': 'X-OpenStack-Nova-API-Version', 'connection': 'close', 'x-openstack-nova-api-version': '2.1', 'date': 'Tue, 08 Dec 2015 11:26:12 GMT', 'content-type': 'application/json'}
        Body: {"servers": [{"id": "9c93852e-8cd0-4d3f-a8ac-f0dfac6740a3", "links": [{"href": "http://10.0.2.15:8774/v2.1/f455962a7117418b819a5855a2a56c08/servers/9c93852e-8cd0-4d3f-a8ac-f0dfac6740a3", "rel": "self"}, {"href": "http://10.0.2.15:8774/f455962a7117418b819a5855a2a56c08/servers/9c93852e-8cd0-4d3f-a8ac-f0dfac6740a3", "rel": "bookmark"}], "name": "tempest.common.compute-instance-1772446218"}]}
2015-12-08 11:26:12,984 20546 INFO     [tempest_lib.common.rest_client] Request (TestGettingAddress:test_dhcp6_stateless_from_os): 200 POST http://10.0.2.15:8774/v2.1/f455962a7117418b819a5855a2a56c08/servers/9c93852e-8cd0-4d3f-a8ac-f0dfac6740a3/action 0.216s
2015-12-08 11:26:12,985 20546 DEBUG    [tempest_lib.common.rest_client] Request - Headers: {'Content-Type': 'application/json', 'Accept': 'application/json', 'X-Auth-Token': '&lt;omitted&gt;'}
        Body: {"os-getConsoleOutput": {}}
    Response - Headers: {'status': '200', 'content-length': '24717', 'x-compute-request-id': 'req-1756ce09-5e56-4f6f-9085-37fddfa8560b', 'vary': 'X-OpenStack-Nova-API-Version', 'connection': 'close', 'x-openstack-nova-api-version': '2.1', 'date': 'Tue, 08 Dec 2015 11:26:12 GMT', 'content-type': 'application/json'}
        Body: {"output": "[    0.000000] Initializing cgroup subsys cpuset\n[    0.000000] Initializing cgroup subsys cpu\n[    0.000000] Linux version 3.2.0-80-virtual (buildd@batsu) (gcc version 4.6.3 (Ubuntu/Linaro 4.6.3-1ubuntu5) ) #116-Ubuntu SMP Mon Mar 23 17:28:52 UTC 2015 (Ubuntu 3.2.0-80.116-virtual 3.2.68)\n[    0.000000] Command line: root=/dev/vda console=tty0 console=ttyS0 no_timer_check\n[    0.000000] KERNEL supported cpus:\n[    0.000000]   Intel GenuineIntel\n[    0.000000]   AMD AuthenticAMD\n[    0.000000]   Centaur CentaurHauls\n[    0.000000] BIOS-provided physical RAM map:\n[    0.000000]  BIOS-e820: 0000000000000000 - 000000000009fc00 (usable)\n[    0.000000]  BIOS-e820: 000000000009fc00 - 00000000000a0000 (reserved)\n[    0.000000]  BIOS-e820: 00000000000f0000 - 0000000000100000 (reserved)\n[    0.000000]  BIOS-e820: 0000000000100000 - 0000000003ffe000 (usable)\n[    0.000000]  BIOS-e820: 0000000003ffe000 - 0000000004000000 (reserved)\n[    0.000000]  BIOS-e820: 00000000fffc0000 - 0000000100000000 (reserved)\n[    0.000000] NX (Execute Disable) protection: active\n[    0.000000] SMBIOS 2.4 present.\n[    0.000000] No AGP bridge found\n[    0.000000] last_pfn = 0x3ffe max_arch_pfn = 0x400000000\n[    0.000000] x86 PAT enabled: cpu 0, old 0x7040600070406, new 0x7010600070106\n[    0.000000] found SMP MP-table at [ffff8800000f0b00] f0b00\n[    0.000000] init_memory_mapping: 0000000000000000-0000000003ffe000\n[    0.000000] RAMDISK: 03c5e000 - 03ff0000\n[    0.000000] ACPI: RSDP 00000000000f0950 00014 (v00 BOCHS )\n[    0.000000] ACPI: RSDT 0000000003fffbc1 00034 (v01 BOCHS  BXPCRSDT 00000001 BXPC 00000001)\n[    0.000000] ACPI: FACP 0000000003fff1c0 00074 (v01 BOCHS  BXPCFACP 00000001 BXPC 00000001)\n[    0.000000] ACPI: DSDT 0000000003ffe040 01180 (v01 BOCHS  BXPCDSDT 00000001 BXPC 00000001)\n[    0.000000] ACPI: FACS 0000000003ffe000 00040\n[    0.000000] ACPI: SSDT 0000000003fff234 008DD (v01 BOCHS  BXPCSSDT 00000001 BXPC 00000001)\n[    0.000000] ACPI: APIC 0000000003fffb11 00078 (v01 BOCHS  BXPCAPIC 00000001 BXPC 00000001)\n[    0.000000] ACPI: HPET 0000000003fffb89 00038 (v01 BOCHS  BXPCHPET 00000001 BXPC 00000001)\n[    0.000000] No NUMA configuration found\n[    0.000000] Faking a node at 0000000000000000-0000000003ffe000\n[    0.000000] Initmem setup node 0 0000000000000000-0000000003ffe000\n[    0.000000]   NODE_DATA [0000000003ff6000 - 0000000003ffafff]\n[    0.000000] Zone PFN ranges:\n[    0.000000]   DMA      0x00000010 -&gt; 0x00001000\n[    0.000000]   DMA32    0x00001000 -&gt; 0x00100000\n[    0.000000]   Normal   empty\n[    0.000000] Movable zone start PFN for each node\n[    0.000000] early_node_map[2] active PFN ranges\n[    0.000000]     0: 0x00000010 -&gt; 0x0000009f\n[    0.000000]     0: 0x00000100 -&gt; 0x00003ffe\n[    0.000000] ACPI: PM-Timer IO Port: 0xb008\n[    0.000000] ACPI: LAPIC (acpi_id[0x00] lapic_id[0x00] enabled)\n[    0.000000] ACPI: LAPIC_NMI (acpi_id[0xff] dfl dfl lint[0x1])\n[    0.000000] ACPI: IOAPIC (id[0x00] address[0xfec00000] gsi_base[0])\n[    0.000000] IOAPIC[0]: apic_id 0, version 17, address 0xfec00000, GSI 0-23\n[    0.000000] ACPI: INT_SRC_OVR (bus 0 bus_irq 0 global_irq 2 dfl dfl)\n[    0.000000] ACPI: INT_SRC_OVR (bus 0 bus_irq 5 global_irq 5 high level)\n[    0.000000] ACPI: INT_SRC_OVR (bus 0 bus_irq 9 global_irq 9 high level)\n[    0.000000] ACPI: INT_SRC_OVR (bus 0 bus_irq 10 global_irq 10 high level)\n[    0.000000] ACPI: INT_SRC_OVR (bus 0 bus_irq 11 global_irq 11 high level)\n[    0.000000] Using ACPI (MADT) for SMP configuration information\n[    0.000000] ACPI: HPET id: 0x8086a201 base: 0xfed00000\n[    0.000000] SMP: Allowing 1 CPUs, 0 hotplug CPUs\n[    0.000000] PM: Registered nosave memory: 000000000009f000 - 00000000000a0000\n[    0.000000] PM: Registered nosave memory: 00000000000a0000 - 00000000000f0000\n[    0.000000] PM: Registered nosave memory: 00000000000f0000 - 0000000000100000\n[    0.000000] Allocating PCI resources starting at 4000000 (gap: 4000000:fbfc0000)\n[    0.000000] Booting paravirtualized kernel on bare hardware\n[    0.000000] setup_pe
2015-12-08 11:26:12,988 20546 DEBUG    [tempest.scenario.manager] Console output for 9c93852e-8cd0-4d3f-a8ac-f0dfac6740a3
body=
[    0.000000] Initializing cgroup subsys cpuset
[    0.000000] Initializing cgroup subsys cpu
[    0.000000] Linux version 3.2.0-80-virtual (buildd@batsu) (gcc version 4.6.3 (Ubuntu/Linaro 4.6.3-1ubuntu5) ) #116-Ubuntu SMP Mon Mar 23 17:28:52 UTC 2015 (Ubuntu 3.2.0-80.116-virtual 3.2.68)
[    0.000000] Command line: root=/dev/vda console=tty0 console=ttyS0 no_timer_check
[    0.000000] KERNEL supported cpus:
[    0.000000]   Intel GenuineIntel
[    0.000000]   AMD AuthenticAMD
[    0.000000]   Centaur CentaurHauls
[    0.000000] BIOS-provided physical RAM map:
[    0.000000]  BIOS-e820: 0000000000000000 - 000000000009fc00 (usable)
[    0.000000]  BIOS-e820: 000000000009fc00 - 00000000000a0000 (reserved)
[    0.000000]  BIOS-e820: 00000000000f0000 - 0000000000100000 (reserved)
[    0.000000]  BIOS-e820: 0000000000100000 - 0000000003ffe000 (usable)
[    0.000000]  BIOS-e820: 0000000003ffe000 - 0000000004000000 (reserved)
[    0.000000]  BIOS-e820: 00000000fffc0000 - 0000000100000000 (reserved)
[    0.000000] NX (Execute Disable) protection: active
[    0.000000] SMBIOS 2.4 present.
[    0.000000] No AGP bridge found
[    0.000000] last_pfn = 0x3ffe max_arch_pfn = 0x400000000
[    0.000000] x86 PAT enabled: cpu 0, old 0x7040600070406, new 0x7010600070106
[    0.000000] found SMP MP-table at [ffff8800000f0b00] f0b00
[    0.000000] init_memory_mapping: 0000000000000000-0000000003ffe000
[    0.000000] RAMDISK: 03c5e000 - 03ff0000
[    0.000000] ACPI: RSDP 00000000000f0950 00014 (v00 BOCHS )
[    0.000000] ACPI: RSDT 0000000003fffbc1 00034 (v01 BOCHS  BXPCRSDT 00000001 BXPC 00000001)
[    0.000000] ACPI: FACP 0000000003fff1c0 00074 (v01 BOCHS  BXPCFACP 00000001 BXPC 00000001)
[    0.000000] ACPI: DSDT 0000000003ffe040 01180 (v01 BOCHS  BXPCDSDT 00000001 BXPC 00000001)
[    0.000000] ACPI: FACS 0000000003ffe000 00040
[    0.000000] ACPI: SSDT 0000000003fff234 008DD (v01 BOCHS  BXPCSSDT 00000001 BXPC 00000001)
[    0.000000] ACPI: APIC 0000000003fffb11 00078 (v01 BOCHS  BXPCAPIC 00000001 BXPC 00000001)
[    0.000000] ACPI: HPET 0000000003fffb89 00038 (v01 BOCHS  BXPCHPET 00000001 BXPC 00000001)
[    0.000000] No NUMA configuration found
[    0.000000] Faking a node at 0000000000000000-0000000003ffe000
[    0.000000] Initmem setup node 0 0000000000000000-0000000003ffe000
[    0.000000]   NODE_DATA [0000000003ff6000 - 0000000003ffafff]
[    0.000000] Zone PFN ranges:
[    0.000000]   DMA      0x00000010 -&gt; 0x00001000
[    0.000000]   DMA32    0x00001000 -&gt; 0x00100000
[    0.000000]   Normal   empty
[    0.000000] Movable zone start PFN for each node
[    0.000000] early_node_map[2] active PFN ranges
[    0.000000]     0: 0x00000010 -&gt; 0x0000009f
[    0.000000]     0: 0x00000100 -&gt; 0x00003ffe
[    0.000000] ACPI: PM-Timer IO Port: 0xb008
[    0.000000] ACPI: LAPIC (acpi_id[0x00] lapic_id[0x00] enabled)
[    0.000000] ACPI: LAPIC_NMI (acpi_id[0xff] dfl dfl lint[0x1])
[    0.000000] ACPI: IOAPIC (id[0x00] address[0xfec00000] gsi_base[0])
[    0.000000] IOAPIC[0]: apic_id 0, version 17, address 0xfec00000, GSI 0-23
[    0.000000] ACPI: INT_SRC_OVR (bus 0 bus_irq 0 global_irq 2 dfl dfl)
[    0.000000] ACPI: INT_SRC_OVR (bus 0 bus_irq 5 global_irq 5 high level)
[    0.000000] ACPI: INT_SRC_OVR (bus 0 bus_irq 9 global_irq 9 high level)
[    0.000000] ACPI: INT_SRC_OVR (bus 0 bus_irq 10 global_irq 10 high level)
[    0.000000] ACPI: INT_SRC_OVR (bus 0 bus_irq 11 global_irq 11 high level)
[    0.000000] Using ACPI (MADT) for SMP configuration information
[    0.000000] ACPI: HPET id: 0x8086a201 base: 0xfed00000
[    0.000000] SMP: Allowing 1 CPUs, 0 hotplug CPUs
[    0.000000] PM: Registered nosave memory: 000000000009f000 - 00000000000a0000
[    0.000000] PM: Registered nosave memory: 00000000000a0000 - 00000000000f0000
[    0.000000] PM: Registered nosave memory: 00000000000f0000 - 0000000000100000
[    0.000000] Allocating PCI resources starting at 4000000 (gap: 4000000:fbfc0000)
[    0.000000] Booting paravirtualized kernel on bare hardware
[    0.000000] setup_percpu: NR_CPUS:64 nr_cpumask_bits:64 nr_cpu_ids:1 nr_node_ids:1
[    0.000000] PERCPU: Embedded 27 pages/cpu @ffff880003a00000 s78848 r8192 d23552 u2097152
[    0.000000] Built 1 zonelists in Node order, mobility grouping on.  Total pages: 16008
[    0.000000] Policy zone: DMA32
[    0.000000] Kernel command line: root=/dev/vda console=tty0 console=ttyS0 no_timer_check
[    0.000000] PID hash table entries: 256 (order: -1, 2048 bytes)
[    0.000000] Checking aperture...
[    0.000000] No AGP bridge found
[    0.000000] Memory: 43492k/65528k available (6576k kernel code, 452k absent, 21584k reserved, 6620k data, 928k init)
[    0.000000] SLUB: Genslabs=15, HWalign=64, Order=0-3, MinObjects=0, CPUs=1, Nodes=1
[    0.000000] Hierarchical RCU implementation.
[    0.000000] 	RCU dyntick-idle grace-period acceleration is enabled.
[    0.000000] NR_IRQS:4352 nr_irqs:256 16
[    0.000000] Console: colour VGA+ 80x25
[    0.000000] console [tty0] enabled
[    0.000000] console [ttyS0] enabled
[    0.000000] allocated 1048576 bytes of page_cgroup
[    0.000000] please try 'cgroup_disable=memory' option if you don't want memory cgroups
[    0.000000] Fast TSC calibration failed
[    0.000000] TSC: Unable to calibrate against PIT
[    0.000000] TSC: using HPET reference calibration
[    0.000000] Detected 2291.816 MHz processor.
[    0.037423] Calibrating delay loop (skipped), value calculated using timer frequency.. 4583.63 BogoMIPS (lpj=9167264)
[    0.039746] pid_max: default: 32768 minimum: 301
[    0.052929] Security Framework initialized
[    0.058631] AppArmor: AppArmor initialized
[    0.060139] Yama: becoming mindful.
[    0.068643] Dentry cache hash table entries: 8192 (order: 4, 65536 bytes)
[    0.070369] Inode-cache hash table entries: 4096 (order: 3, 32768 bytes)
[    0.072734] Mount-cache hash table entries: 256
[    0.092436] Initializing cgroup subsys cpuacct
[    0.093331] Initializing cgroup subsys memory
[    0.095243] Initializing cgroup subsys devices
[    0.096171] Initializing cgroup subsys freezer
[    0.097025] Initializing cgroup subsys blkio
[    0.097892] Initializing cgroup subsys perf_event
[    0.104176] mce: CPU supports 10 MCE banks
[    0.108141] SMP alternatives: switching to UP code
[    0.586342] Freeing SMP alternatives: 24k freed
[    0.588999] ACPI: Core revision 20110623
[    0.640487] ftrace: allocating 26610 entries in 105 pages
[    0.673610] ..TIMER: vector=0x30 apic1=0 pin1=2 apic2=-1 pin2=-1
[    0.675063] CPU0: AMD QEMU Virtual CPU version 2.0.0 stepping 03
[    0.680041] Performance Events: Broken PMU hardware detected, using software events only.
[    0.696854] NMI watchdog disabled (cpu0): hardware events not enabled
[    0.698754] Brought up 1 CPUs
[    0.699262] Total of 1 processors activated (4583.63 BogoMIPS).
[    0.734990] devtmpfs: initialized
[    0.769495] EVM: security.selinux
[    0.770023] EVM: security.SMACK64
[    0.770478] EVM: security.capability
[    0.794683] print_constraints: dummy: 
[    0.800619] RTC time: 11:22:43, date: 12/08/15
[    0.804406] NET: Registered protocol family 16
[    0.818425] ACPI: bus type pci registered
[    0.823195] PCI: Using configuration type 1 for base access
[    0.853526] bio: create slab &lt;bio-0&gt; at 0
[    0.857983] ACPI: Added _OSI(Module Device)
[    0.858556] ACPI: Added _OSI(Processor Device)
[    0.859461] ACPI: Added _OSI(3.0 _SCP Extensions)
[    0.860109] ACPI: Added _OSI(Processor Aggregator Device)
[    0.936695] ACPI: Interpreter enabled
[    0.937267] ACPI: (supports S0 S3 S4 S5)
[    0.938950] ACPI: Using IOAPIC for interrupt routing
[    1.030064] ACPI: No dock devices found.
[    1.032186] HEST: Table not found.
[    1.032772] PCI: Using host bridge windows from ACPI; if necessary, use "pci=nocrs" and report a bug
[    1.038410] ACPI: PCI Root Bridge [PCI0] (domain 0000 [bus 00-ff])
[    1.044854] pci_root PNP0A03:00: host bridge window [io  0x0000-0x0cf7]
[    1.045704] pci_root PNP0A03:00: host bridge window [io  0x0d00-0xadff]
[    1.046718] pci_root PNP0A03:00: host bridge window [io  0xae0f-0xaeff]
[    1.048126] pci_root PNP0A03:00: host bridge window [io  0xaf20-0xafdf]
[    1.049004] pci_root PNP0A03:00: host bridge window [io  0xafe4-0xffff]
[    1.049925] pci_root PNP0A03:00: host bridge window [mem 0x000a0000-0x000bffff]
[    1.050829] pci_root PNP0A03:00: host bridge window [mem 0x04000000-0xfebfffff]
[    1.074696] pci 0000:00:01.3: quirk: [io  0xb000-0xb03f] claimed by PIIX4 ACPI
[    1.076268] pci 0000:00:01.3: quirk: [io  0xb100-0xb10f] claimed by PIIX4 SMB
[    1.164507]  pci0000:00: Unable to request _OSC control (_OSC support mask: 0x1e)
[    1.234797] ACPI: PCI Interrupt Link [LNKA] (IRQs 5 *10 11)
[    1.238061] ACPI: PCI Interrupt Link [LNKB] (IRQs 5 *10 11)
[    1.240667] ACPI: PCI Interrupt Link [LNKC] (IRQs 5 10 *11)
[    1.243206] ACPI: PCI Interrupt Link [LNKD] (IRQs 5 10 *11)
[    1.244821] ACPI: PCI Interrupt Link [LNKS] (IRQs *9)
[    1.251311] vgaarb: device added: PCI:0000:00:02.0,decodes=io+mem,owns=io+mem,locks=none
[    1.252219] vgaarb: loaded
[    1.252751] vgaarb: bridge control possible 0000:00:02.0
[    1.257556] i2c-core: driver [aat2870] using legacy suspend method
[    1.258337] i2c-core: driver [aat2870] using legacy resume method
[    1.261463] SCSI subsystem initialized
[    1.265735] usbcore: registered new interface driver usbfs
[    1.266477] usbcore: registered new interface driver hub
[    1.268449] usbcore: registered new device driver usb
[    1.272235] PCI: Using ACPI for IRQ routing
[    1.283841] NetLabel: Initializing
[    1.284150] NetLabel:  domain hash size = 128
[    1.284654] NetLabel:  protocols = UNLABELED CIPSOv4
[    1.289387] NetLabel:  unlabeled traffic allowed by default
[    1.294310] HPET: 3 timers in total, 0 timers will be used for per-cpu timer
[    1.296521] hpet0: at MMIO 0xfed00000, IRQs 2, 8, 0
[    1.300593] hpet0: 3 comparators, 64-bit 100.000000 MHz counter
[    1.314736] Switching to clocksource hpet
[    1.581171] AppArmor: AppArmor Filesystem Enabled
[    1.582616] pnp: PnP ACPI init
[    1.583222] ACPI: bus type pnp registered
[    1.614102] pnp: PnP ACPI: found 9 devices
[    1.614666] ACPI: ACPI bus type pnp unregistered
[    1.678574] NET: Registered protocol family 2
[    1.728140] IP route cache hash table entries: 512 (order: 0, 4096 bytes)
[    1.736399] TCP established hash table entries: 2048 (order: 3, 32768 bytes)
[    1.738961] TCP bind hash table entries: 2048 (order: 3, 32768 bytes)
[    1.741698] TCP: Hash tables configured (established 2048 bind 2048)
[    1.743066] TCP reno registered
[    1.746666] UDP hash table entries: 128 (order: 0, 4096 bytes)
[    1.750606] UDP-Lite hash table entries: 128 (order: 0, 4096 bytes)
[    1.755910] NET: Registered protocol family 1
[    1.757961] pci 0000:00:00.0: Limiting direct PCI/PCI transfers
[    1.758854] pci 0000:00:01.0: PIIX3: Enabling Passive Release
[    1.760066] pci 0000:00:01.0: Activating ISA DMA hang workarounds
[    1.769449] ACPI: PCI Interrupt Link [LNKD] enabled at IRQ 11
[    1.770796] pci 0000:00:01.2: PCI INT D -&gt; Link[LNKD] -&gt; GSI 11 (level, high) -&gt; IRQ 11
[    1.774022] pci 0000:00:01.2: PCI INT D disabled
[    1.801490] Trying to unpack rootfs image as initramfs...
[    1.827301] audit: initializing netlink socket (disabled)
[    1.830397] type=2000 audit(1449573763.828:1): initialized
[    2.174761] HugeTLB registered 2 MB page size, pre-allocated 0 pages
[    2.259442] VFS: Disk quotas dquot_6.5.2
[    2.261201] Dquot-cache hash table entries: 512 (order 0, 4096 bytes)
[    2.275584] fuse init (API version 7.17)
[    2.279796] msgmni has been set to 84
[    2.311959] Block layer SCSI generic (bsg) driver version 0.4 loaded (major 253)
[    2.322306] io scheduler noop registered
[    2.322946] io scheduler deadline registered (default)
[    2.324026] io scheduler cfq registered
[    2.328093] pci_hotplug: PCI Hot Plug PCI Core version: 0.5
[    2.330243] pciehp: PCI Express Hot Plug Controller Driver version: 0.4
[    2.335460] input: Power Button as /devices/LNXSYSTM:00/LNXPWRBN:00/input/input0
[    2.338547] ACPI: Power Button [PWRF]
[    2.385961] ERST: Table is not found!
[    2.386532] GHES: HEST is not enabled!
[    2.398490] ACPI: PCI Interrupt Link [LNKC] enabled at IRQ 10
[    2.399938] virtio-pci 0000:00:03.0: PCI INT A -&gt; Link[LNKC] -&gt; GSI 10 (level, high) -&gt; IRQ 10
[    2.403253] virtio-pci 0000:00:04.0: PCI INT A -&gt; Link[LNKD] -&gt; GSI 11 (level, high) -&gt; IRQ 11
[    2.418289] ACPI: PCI Interrupt Link [LNKA] enabled at IRQ 10
[    2.419008] virtio-pci 0000:00:05.0: PCI INT A -&gt; Link[LNKA] -&gt; GSI 10 (level, high) -&gt; IRQ 10
[    2.430352] Serial: 8250/16550 driver, 32 ports, IRQ sharing enabled
[    2.470609] serial8250: ttyS0 at I/O 0x3f8 (irq = 4) is a 16550A
[    2.557113] serial8250: ttyS1 at I/O 0x2f8 (irq = 3) is a 16550A
[    2.706110] 00:05: ttyS0 at I/O 0x3f8 (irq = 4) is a 16550A
[    2.777071] 00:06: ttyS1 at I/O 0x2f8 (irq = 3) is a 16550A
[    2.782135] Refined TSC clocksource calibration: 2291.805 MHz.
[    2.782892] Switching to clocksource tsc
[    2.819800] Linux agpgart interface v0.103
[    2.884053] brd: module loaded
[    2.922117] loop: module loaded
[    2.965568]  vda: unknown partition table
[    3.037825] scsi0 : ata_piix
[    3.041464] scsi1 : ata_piix
[    3.042743] ata1: PATA max MWDMA2 cmd 0x1f0 ctl 0x3f6 bmdma 0xc0a0 irq 14
[    3.043627] ata2: PATA max MWDMA2 cmd 0x170 ctl 0x376 bmdma 0xc0a8 irq 15
[    3.057947] Fixed MDIO Bus: probed
[    3.058610] tun: Universal TUN/TAP device driver, 1.6
[    3.059230] tun: (C) 1999-2004 Max Krasnyansky &lt;maxk@qualcomm.com&gt;
[    3.074055] PPP generic driver version 2.4.2
[    3.102352] ehci_hcd: USB 2.0 'Enhanced' Host Controller (EHCI) Driver
[    3.103422] ohci_hcd: USB 1.1 'Open' Host Controller (OHCI) Driver
[    3.105960] uhci_hcd: USB Universal Host Controller Interface driver
[    3.106998] uhci_hcd 0000:00:01.2: PCI INT D -&gt; Link[LNKD] -&gt; GSI 11 (level, high) -&gt; IRQ 11
[    3.110284] uhci_hcd 0000:00:01.2: UHCI Host Controller
[    3.121827] uhci_hcd 0000:00:01.2: new USB bus registered, assigned bus number 1
[    3.123542] uhci_hcd 0000:00:01.2: irq 11, io base 0x0000c040
[    3.158429] hub 1-0:1.0: USB hub found
[    3.159819] hub 1-0:1.0: 2 ports detected
[    3.168939] usbcore: registered new interface driver libusual
[    3.172973] i8042: PNP: PS/2 Controller [PNP0303:KBD,PNP0f13:MOU] at 0x60,0x64 irq 1,12
[    3.181049] serio: i8042 KBD port at 0x60,0x64 irq 1
[    3.182546] serio: i8042 AUX port at 0x60,0x64 irq 12
[    3.222319] mousedev: PS/2 mouse device common for all mice
[    3.233501] input: AT Translated Set 2 keyboard as /devices/platform/i8042/serio0/input/input1
[    3.239843] rtc_cmos 00:01: RTC can wake from S4
[    3.275436] rtc_cmos 00:01: rtc core: registered rtc_cmos as rtc0
[    3.280594] rtc0: alarms up to one day, 114 bytes nvram, hpet irqs
[    3.285825] device-mapper: uevent: version 1.0.3
[    3.305461] ata2.01: ATAPI: QEMU DVD-ROM, 2.0.0, max UDMA/100
[    3.314464] ata2.01: configured for MWDMA2
[    3.350132] device-mapper: ioctl: 4.22.0-ioctl (2011-10-19) initialised: dm-devel@redhat.com
[    3.353978] cpuidle: using governor ladder
[    3.354574] cpuidle: using governor menu
[    3.355986] EFI Variables Facility v0.08 2004-May-17
[    3.363080] TCP cubic registered
[    3.367417] NET: Registered protocol family 10
[    3.404315] NET: Registered protocol family 17
[    3.405106] Registering the dns_resolver key type
[    3.421480] scsi 1:0:1:0: CD-ROM            QEMU     QEMU DVD-ROM     2.0. PQ: 0 ANSI: 5
[    3.449407] sr0: scsi3-mmc drive: 4x/4x cd/rw xa/form2 tray
[    3.451426] cdrom: Uniform CD-ROM driver Revision: 3.20
[    3.475233] sr 1:0:1:0: Attached scsi generic sg0 type 5
[    3.511243] Freeing initrd memory: 3656k freed
[    3.530081] registered taskstats version 1
[    4.014109]   Magic number: 11:625:377
[    4.023189] acpi PNP0700:00: hash matches
[    4.033212] rtc_cmos 00:01: setting system clock to 2015-12-08 11:22:46 UTC (1449573766)
[    4.035862] powernow-k8: Processor cpuid 663 not supported
[    4.042961] BIOS EDD facility v0.16 2004-Jun-25, 0 devices found
[    4.044032] EDD information not available.
[    4.105942] Freeing unused kernel memory: 928k freed
[    4.111527] Write protecting the kernel read-only data: 12288k
[    4.216047] Freeing unused kernel memory: 1596k freed
[    4.307520] Freeing unused kernel memory: 1184k freed

info: initramfs: up at 4.49
modprobe: module virtio_blk not found in modules.dep
modprobe: module virtio_net not found in modules.dep
info: copying initramfs to /dev/vda
info: initramfs loading root from /dev/vda
info: /etc/init.d/rc.sysinit: up at 8.98
info: container: none
Starting logging: OK
modprobe: module virtio_blk not found in modules.dep
modprobe: module virtio_net not found in modules.dep
WARN: /etc/rc3.d/S10-load-modules failed
Initializing random number generator... done.
Starting acpid: OK
cirros-ds 'local' up at 11.41
found datasource (configdrive, local)
Starting network...
udhcpc (v1.20.1) started
Sending discover...
Sending discover...
Sending discover...
Usage: /sbin/cirros-dhcpc &lt;up|down&gt;
No lease, failing
WARN: /etc/rc3.d/S40-network failed
Starting dropbear sshd: generating rsa key... generating dsa key... OK
no userdata for datasource
=== system information ===
Platform: OpenStack Foundation OpenStack Nova
Container: none
Arch: x86_64
CPU(s): 1 @ 2291.816 MHz
Cores/Sockets/Threads: 1/1/1
Virt-type: AMD-V
RAM Size: 49MB
Disks:
NAME MAJ:MIN     SIZE LABEL         MOUNTPOINT
vda  253:0   25165824 cirros-rootfs /
sr0   11:0     428032 config-2      
=== sshd host keys ===
-----BEGIN SSH HOST KEY KEYS-----
ssh-rsa AAAAB3NzaC1yc2EAAAADAQABAAAAgwDEriapziiquRhqS5kQbXYCbTm7oZK4ZaeAHDCsaeTSaDjdXq+/b9teAMJIVwKse7+VnpP7mB4lcZR9/6rEcS9oZZdAI6a08FhEJKOuKLATI6ZaoqBfTWuMVJq2oGLdGY+qip5UnIaeJgOzM31smg87aJ8FmsX6dG1GKiXZ8NWy5dNF root@tempest
ssh-dss AAAAB3NzaC1kc3MAAACBAIcvycRHRreP/WFvKvCdxdK66LgiHG0vWe754N60V6STTJOaxMqZS+rVE7RhXSD/QWqBfyobzhBAM2Mv5S9bWGmF52CYRtZZ8MNax7NGmrrocB50aOKbK1WDQmR1fdEsiF8k7X7x58x3PF/GXxEu7gonKNpZdwLgeZsBuhyE2UpTAAAAFQD9sKdlL/Zgn4bF5448zMdnFi/FywAAAIALURoBuWtWihf4WS09YshRbVyTewzm29Q4owLwLf/gJnjsgXQnaP7OB7VJ7OBlzaSnwxhWtn2eC8Pl8Y1aQD+YU7CIBPtpVBP9/++mbds7hYC9UCulJfsf94HFTVkaBfwrsl20win4QVbGvwyQj0DWFgAiTyo5+B+3Fo+KTso1ZQAAAIEAgSfERgDw8fgnt187hwOyzD7Rt1lcfhf4Z78RhpAW9drzXI7rP5yZg16uIMPNDf5rs/mz76sgG/PJgFkQiR/HmqP9guXEy6CBzY20f1r/QPuKOYGznIDAgeyG5t+/uYCKUVJJvXWYJ0EH8dAwZ/nQxmLJTpd4OuZr72g2cfRKpeU= root@tempest
-----END SSH HOST KEY KEYS-----
=== network info ===
if-info: lo,up,127.0.0.1,8,::1
if-info: eth0,up,,8,fe80::f816:3eff:fe85:56cb
=== datasource: configdrive local ===
instance-id: 9c93852e-8cd0-4d3f-a8ac-f0dfac6740a3
name: tempest.common.compute-instance-1772446218
availability-zone: nova
local-hostname: tempest.common.compute-instance-1772446218.novalocal
launch-index: 0
=== cirros: current=0.3.4 uptime=201.87 ===
route: fscanf
=== pinging gateway failed, debugging connection ===
############ debug start ##############
### /etc/init.d/sshd start
Starting dropbear sshd: OK
route: fscanf
### ifconfig -a
eth0      Link encap:Ethernet  HWaddr FA:16:3E:85:56:CB  
          inet6 addr: fe80::f816:3eff:fe85:56cb/64 Scope:Link
          UP BROADCAST RUNNING MULTICAST  MTU:1500  Metric:1
          RX packets:12 errors:0 dropped:5 overruns:0 frame:0
          TX packets:8 errors:0 dropped:0 overruns:0 carrier:0
          collisions:0 txqueuelen:1000 
          RX bytes:1303 (1.2 KiB)  TX bytes:1134 (1.1 KiB)

lo        Link encap:Local Loopback  
          inet addr:127.0.0.1  Mask:255.0.0.0
          inet6 addr: ::1/128 Scope:Host
          UP LOOPBACK RUNNING  MTU:16436  Metric:1
          RX packets:12 errors:0 dropped:0 overruns:0 frame:0
          TX packets:12 errors:0 dropped:0 overruns:0 carrier:0
          collisions:0 txqueuelen:0 
          RX bytes:1020 (1020.0 B)  TX bytes:1020 (1020.0 B)

### route -n
Kernel IP routing table
Destination     Gateway         Genmask         Flags Metric Ref    Use Iface
route: fscanf
### cat /etc/resolv.conf
cat: can't open '/etc/resolv.conf': No such file or directory
### gateway not found
/sbin/cirros-status: line 1: can't open /etc/resolv.conf: no such file
### pinging nameservers
### uname -a
Linux tempest 3.2.0-80-virtual #116-Ubuntu SMP Mon Mar 23 17:28:52 UTC 2015 x86_64 GNU/Linux
### lsmod
Module                  Size  Used by    Not tainted
nls_iso8859_1          12713  0 
nls_cp437              16991  0 
vfat                   17585  0 
fat                    61512  1 vfat
isofs                  40259  0 
ip_tables              27473  0 
x_tables               29891  1 ip_tables
pcnet32                42119  0 
8139cp                 27360  0 
ne2k_pci               13691  0 
8390                   18856  1 ne2k_pci
e1000                 108589  0 
acpiphp                24231  0 
### dmesg | tail
[    5.290543] EXT3-fs (vda): mounted filesystem with ordered data mode
[    5.587494] ISO 9660 Extensions: Microsoft Joliet Level 3
[    5.654640] ISO 9660 Extensions: RRIP_1991A
[    5.921687] kjournald starting.  Commit interval 5 seconds
[    5.933945] EXT3-fs (vda): using internal journal
[    5.934097] EXT3-fs (vda): mounted filesystem with ordered data mode
[    9.094047] EXT3-fs (vda): using internal journal
[   12.151780] ISO 9660 Extensions: Microsoft Joliet Level 3
[   12.242516] ISO 9660 Extensions: RRIP_1991A
[   26.567084] eth0: no IPv6 routers present
### tail -n 25 /var/log/messages
Dec  8 11:22:52 cirros kern.info kernel: [    4.771251] acpiphp: Slot [23] registered
Dec  8 11:22:52 cirros kern.info kernel: [    4.771578] acpiphp: Slot [24] registered
Dec  8 11:22:52 cirros kern.info kernel: [    4.771995] acpiphp: Slot [25] registered
Dec  8 11:22:52 cirros kern.info kernel: [    4.773005] acpiphp: Slot [26] registered
Dec  8 11:22:52 cirros kern.info kernel: [    4.773328] acpiphp: Slot [27] registered
Dec  8 11:22:52 cirros kern.info kernel: [    4.773892] acpiphp: Slot [28] registered
Dec  8 11:22:52 cirros kern.info kernel: [    4.830344] e1000: Intel(R) PRO/1000 Network Driver - version 7.3.21-k8-NAPI
Dec  8 11:22:52 cirros kern.info kernel: [    4.830517] e1000: Copyright (c) 1999-2006 Intel Corporation.
Dec  8 11:22:52 cirros kern.info kernel: [    4.889533] ne2k-pci.c:v1.03 9/22/2003 D. Becker/P. Gortmaker
Dec  8 11:22:52 cirros kern.info kernel: [    4.941735] 8139cp: 8139cp: 10/100 PCI Ethernet driver v1.3 (Mar 22, 2004)
Dec  8 11:22:52 cirros kern.info kernel: [    4.989955] pcnet32: pcnet32.c:v1.35 21.Apr.2008 tsbogend@alpha.franken.de
Dec  8 11:22:52 cirros kern.info kernel: [    5.035115] ip_tables: (C) 2000-2006 Netfilter Core Team
Dec  8 11:22:52 cirros kern.info kernel: [    5.284638] kjournald starting.  Commit interval 5 seconds
Dec  8 11:22:52 cirros kern.info kernel: [    5.290543] EXT3-fs (vda): mounted filesystem with ordered data mode
Dec  8 11:22:52 cirros kern.debug kernel: [    5.587494] ISO 9660 Extensions: Microsoft Joliet Level 3
Dec  8 11:22:52 cirros kern.debug kernel: [    5.654640] ISO 9660 Extensions: RRIP_1991A
Dec  8 11:22:52 cirros kern.info kernel: [    5.921687] kjournald starting.  Commit interval 5 seconds
Dec  8 11:22:52 cirros kern.info kernel: [    5.933945] EXT3-fs (vda): using internal journal
Dec  8 11:22:52 cirros kern.info kernel: [    5.934097] EXT3-fs (vda): mounted filesystem with ordered data mode
Dec  8 11:22:52 cirros kern.info kernel: [    9.094047] EXT3-fs (vda): using internal journal
Dec  8 11:22:54 cirros kern.debug kernel: [   12.151780] ISO 9660 Extensions: Microsoft Joliet Level 3
Dec  8 11:22:54 cirros kern.debug kernel: [   12.242516] ISO 9660 Extensions: RRIP_1991A
Dec  8 11:22:57 cirros auth.notice su: + /dev/console root:cirros
Dec  8 11:23:09 cirros kern.debug kernel: [   26.567084] eth0: no IPv6 routers present
Dec  8 11:26:02 cirros authpriv.info dropbear[283]: Running in background
############ debug end   ##############
  ____               ____  ____
 / __/ __ ____ ____ / __ \/ __/
/ /__ / // __// __// /_/ /\ \ 
\___//_//_/  /_/   \____/___/ 
   http://cirros-cloud.net


login as 'cirros' user. default password: 'cubswin:)'. use 'sudo' for root.
tempest login: 
2015-12-08 11:26:13,260 20546 INFO     [tempest_lib.common.rest_client] Request (TestGettingAddress:_run_cleanups): 204 DELETE http://10.0.2.15:9696/v2.0/floatingips/6b6dd27f-9184-4783-90fc-cdda5715c020 0.267s
2015-12-08 11:26:13,261 20546 DEBUG    [tempest_lib.common.rest_client] Request - Headers: {'Content-Type': 'application/json', 'Accept': 'application/json', 'X-Auth-Token': '&lt;omitted&gt;'}
        Body: None
    Response - Headers: {'date': 'Tue, 08 Dec 2015 11:26:13 GMT', 'status': '204', 'connection': 'close', 'content-length': '0', 'x-openstack-request-id': 'req-018a55e0-19af-48b2-92da-df6a43fd5bd3'}
        Body: 
2015-12-08 11:26:13,480 20546 INFO     [tempest_lib.common.rest_client] Request (TestGettingAddress:_run_cleanups): 204 DELETE http://10.0.2.15:8774/v2.1/f455962a7117418b819a5855a2a56c08/servers/9c93852e-8cd0-4d3f-a8ac-f0dfac6740a3 0.219s
2015-12-08 11:26:13,480 20546 DEBUG    [tempest_lib.common.rest_client] Request - Headers: {'Content-Type': 'application/json', 'Accept': 'application/json', 'X-Auth-Token': '&lt;omitted&gt;'}
        Body: None
    Response - Headers: {'status': '204', 'content-length': '0', 'x-compute-request-id': 'req-6af6731a-dae7-4e60-8c27-3c0d6bc47e7f', 'vary': 'X-OpenStack-Nova-API-Version', 'connection': 'close', 'x-openstack-nova-api-version': '2.1', 'date': 'Tue, 08 Dec 2015 11:26:13 GMT', 'content-type': 'application/json'}
        Body: 
2015-12-08 11:26:13,698 20546 INFO     [tempest_lib.common.rest_client] Request (TestGettingAddress:_run_cleanups): 200 GET http://10.0.2.15:8774/v2.1/f455962a7117418b819a5855a2a56c08/servers/9c93852e-8cd0-4d3f-a8ac-f0dfac6740a3 0.216s
2015-12-08 11:26:13,698 20546 DEBUG    [tempest_lib.common.rest_client] Request - Headers: {'Content-Type': 'application/json', 'Accept': 'application/json', 'X-Auth-Token': '&lt;omitted&gt;'}
        Body: None
    Response - Headers: {'status': '200', 'content-length': '1903', 'content-location': 'http://10.0.2.15:8774/v2.1/f455962a7117418b819a5855a2a56c08/servers/9c93852e-8cd0-4d3f-a8ac-f0dfac6740a3', 'x-compute-request-id': 'req-65aacaec-1dfa-4683-8a0c-6a65a7763754', 'vary': 'X-OpenStack-Nova-API-Version', 'connection': 'close', 'x-openstack-nova-api-version': '2.1', 'date': 'Tue, 08 Dec 2015 11:26:13 GMT', 'content-type': 'application/json'}
        Body: {"server": {"status": "ACTIVE", "updated": "2015-12-08T11:26:13Z", "hostId": "6e8a2f2b88c4da8e0fba653eec067193c4c418b6c1f8280478c8b935", "addresses": {"tempest-network-smoke--1335006468": [{"OS-EXT-IPS-MAC:mac_addr": "fa:16:3e:85:56:cb", "version": 4, "addr": "10.100.0.3", "OS-EXT-IPS:type": "fixed"}, {"OS-EXT-IPS-MAC:mac_addr": "fa:16:3e:85:56:cb", "version": 6, "addr": "2003::f816:3eff:fe85:56cb", "OS-EXT-IPS:type": "fixed"}, {"OS-EXT-IPS-MAC:mac_addr": "fa:16:3e:85:56:cb", "version": 4, "addr": "172.24.4.4", "OS-EXT-IPS:type": "floating"}]}, "links": [{"href": "http://10.0.2.15:8774/v2.1/f455962a7117418b819a5855a2a56c08/servers/9c93852e-8cd0-4d3f-a8ac-f0dfac6740a3", "rel": "self"}, {"href": "http://10.0.2.15:8774/f455962a7117418b819a5855a2a56c08/servers/9c93852e-8cd0-4d3f-a8ac-f0dfac6740a3", "rel": "bookmark"}], "key_name": "tempest-TestGettingAddress-640810819", "image": {"id": "5cece177-32dc-4d00-af2e-be9022485102", "links": [{"href": "http://10.0.2.15:8774/f455962a7117418b819a5855a2a56c08/images/5cece177-32dc-4d00-af2e-be9022485102", "rel": "bookmark"}]}, "OS-EXT-STS:task_state": "deleting", "OS-EXT-STS:vm_state": "active", "OS-SRV-USG:launched_at": "2015-12-08T11:22:39.000000", "flavor": {"id": "42", "links": [{"href": "http://10.0.2.15:8774/f455962a7117418b819a5855a2a56c08/flavors/42", "rel": "bookmark"}]}, "id": "9c93852e-8cd0-4d3f-a8ac-f0dfac6740a3", "security_groups": [{"name": "tempest-secgroup-smoke-646322671"}], "OS-SRV-USG:terminated_at": null, "OS-EXT-AZ:availability_zone": "nova", "user_id": "5494e7dd1e0e447b997f8992278f1abf", "name": "tempest.common.compute-instance-1772446218", "created": "2015-12-08T11:22:35Z", "tenant_id": "f455962a7117418b819a5855a2a56c08", "OS-DCF:diskConfig": "MANUAL", "os-extended-volumes:volumes_attached": [], "accessIPv4": "", "accessIPv6": "", "progress": 0, "OS-EXT-STS:power_state": 1, "config_drive": "True", "metadata": {}}}
2015-12-08 11:26:14,907 20546 INFO     [tempest_lib.common.rest_client] Request (TestGettingAddress:_run_cleanups): 200 GET http://10.0.2.15:8774/v2.1/f455962a7117418b819a5855a2a56c08/servers/9c93852e-8cd0-4d3f-a8ac-f0dfac6740a3 0.194s
2015-12-08 11:26:14,908 20546 DEBUG    [tempest_lib.common.rest_client] Request - Headers: {'Content-Type': 'application/json', 'Accept': 'application/json', 'X-Auth-Token': '&lt;omitted&gt;'}
        Body: None
    Response - Headers: {'status': '200', 'content-length': '1439', 'content-location': 'http://10.0.2.15:8774/v2.1/f455962a7117418b819a5855a2a56c08/servers/9c93852e-8cd0-4d3f-a8ac-f0dfac6740a3', 'x-compute-request-id': 'req-125d0839-3c4b-4bcd-a412-aa9c4473dbf0', 'vary': 'X-OpenStack-Nova-API-Version', 'connection': 'close', 'x-openstack-nova-api-version': '2.1', 'date': 'Tue, 08 Dec 2015 11:26:14 GMT', 'content-type': 'application/json'}
        Body: {"server": {"status": "ACTIVE", "updated": "2015-12-08T11:26:14Z", "hostId": "6e8a2f2b88c4da8e0fba653eec067193c4c418b6c1f8280478c8b935", "addresses": {}, "links": [{"href": "http://10.0.2.15:8774/v2.1/f455962a7117418b819a5855a2a56c08/servers/9c93852e-8cd0-4d3f-a8ac-f0dfac6740a3", "rel": "self"}, {"href": "http://10.0.2.15:8774/f455962a7117418b819a5855a2a56c08/servers/9c93852e-8cd0-4d3f-a8ac-f0dfac6740a3", "rel": "bookmark"}], "key_name": "tempest-TestGettingAddress-640810819", "image": {"id": "5cece177-32dc-4d00-af2e-be9022485102", "links": [{"href": "http://10.0.2.15:8774/f455962a7117418b819a5855a2a56c08/images/5cece177-32dc-4d00-af2e-be9022485102", "rel": "bookmark"}]}, "OS-EXT-STS:task_state": "deleting", "OS-EXT-STS:vm_state": "active", "OS-SRV-USG:launched_at": "2015-12-08T11:22:39.000000", "flavor": {"id": "42", "links": [{"href": "http://10.0.2.15:8774/f455962a7117418b819a5855a2a56c08/flavors/42", "rel": "bookmark"}]}, "id": "9c93852e-8cd0-4d3f-a8ac-f0dfac6740a3", "OS-SRV-USG:terminated_at": null, "OS-EXT-AZ:availability_zone": "nova", "user_id": "5494e7dd1e0e447b997f8992278f1abf", "name": "tempest.common.compute-instance-1772446218", "created": "2015-12-08T11:22:35Z", "tenant_id": "f455962a7117418b819a5855a2a56c08", "OS-DCF:diskConfig": "MANUAL", "os-extended-volumes:volumes_attached": [], "accessIPv4": "", "accessIPv6": "", "progress": 0, "OS-EXT-STS:power_state": 1, "config_drive": "True", "metadata": {}}}
2015-12-08 11:26:16,010 20546 INFO     [tempest_lib.common.rest_client] Request (TestGettingAddress:_run_cleanups): 404 GET http://10.0.2.15:8774/v2.1/f455962a7117418b819a5855a2a56c08/servers/9c93852e-8cd0-4d3f-a8ac-f0dfac6740a3 0.091s
2015-12-08 11:26:16,010 20546 DEBUG    [tempest_lib.common.rest_client] Request - Headers: {'Content-Type': 'application/json', 'Accept': 'application/json', 'X-Auth-Token': '&lt;omitted&gt;'}
        Body: None
    Response - Headers: {'status': '404', 'content-length': '111', 'x-compute-request-id': 'req-419d44ae-b6c1-448a-8e5a-3e5d3fb364c9', 'vary': 'X-OpenStack-Nova-API-Version', 'connection': 'close', 'x-openstack-nova-api-version': '2.1', 'date': 'Tue, 08 Dec 2015 11:26:16 GMT', 'content-type': 'application/json; charset=UTF-8'}
        Body: {"itemNotFound": {"message": "Instance 9c93852e-8cd0-4d3f-a8ac-f0dfac6740a3 could not be found.", "code": 404}}
2015-12-08 11:26:16,457 20546 INFO     [tempest_lib.common.rest_client] Request (TestGettingAddress:_run_cleanups): 200 PUT http://10.0.2.15:9696/v2.0/routers/5d8afe7c-2b7e-4af4-9c73-f97594f2209e/remove_router_interface 0.445s
2015-12-08 11:26:16,458 20546 DEBUG    [tempest_lib.common.rest_client] Request - Headers: {'Content-Type': 'application/json', 'Accept': 'application/json', 'X-Auth-Token': '&lt;omitted&gt;'}
        Body: {"subnet_id": "afd2fe2f-981f-4cab-97e0-ecdddacc7dd5"}
    Response - Headers: {'status': '200', 'content-length': '255', 'connection': 'close', 'date': 'Tue, 08 Dec 2015 11:26:16 GMT', 'content-type': 'application/json; charset=UTF-8', 'x-openstack-request-id': 'req-2e038a42-e7e1-4ecf-9a68-9a42b302b272'}
        Body: {"subnet_id": "afd2fe2f-981f-4cab-97e0-ecdddacc7dd5", "tenant_id": "f455962a7117418b819a5855a2a56c08", "subnet_ids": ["afd2fe2f-981f-4cab-97e0-ecdddacc7dd5"], "port_id": "0015fa37-af93-48ad-a36b-4fe12713474d", "id": "5d8afe7c-2b7e-4af4-9c73-f97594f2209e"}
2015-12-08 11:26:17,030 20546 INFO     [tempest_lib.common.rest_client] Request (TestGettingAddress:_run_cleanups): 204 DELETE http://10.0.2.15:9696/v2.0/subnets/afd2fe2f-981f-4cab-97e0-ecdddacc7dd5 0.570s
2015-12-08 11:26:17,030 20546 DEBUG    [tempest_lib.common.rest_client] Request - Headers: {'Content-Type': 'application/json', 'Accept': 'application/json', 'X-Auth-Token': '&lt;omitted&gt;'}
        Body: None
    Response - Headers: {'date': 'Tue, 08 Dec 2015 11:26:17 GMT', 'status': '204', 'connection': 'close', 'content-length': '0', 'x-openstack-request-id': 'req-820f3a39-50a9-4740-9a7a-0d472a9c1b1d'}
        Body: 
2015-12-08 11:26:17,066 20546 INFO     [tempest_lib.common.rest_client] Request (TestGettingAddress:_run_cleanups): 404 DELETE http://10.0.2.15:9696/v2.0/subnets/afd2fe2f-981f-4cab-97e0-ecdddacc7dd5 0.034s
2015-12-08 11:26:17,066 20546 DEBUG    [tempest_lib.common.rest_client] Request - Headers: {'Content-Type': 'application/json', 'Accept': 'application/json', 'X-Auth-Token': '&lt;omitted&gt;'}
        Body: None
    Response - Headers: {'status': '404', 'content-length': '136', 'connection': 'close', 'date': 'Tue, 08 Dec 2015 11:26:17 GMT', 'content-type': 'application/json; charset=UTF-8', 'x-openstack-request-id': 'req-e660ec31-8db3-4f64-b197-f368601d7aec'}
        Body: {"NeutronError": {"message": "Subnet afd2fe2f-981f-4cab-97e0-ecdddacc7dd5 could not be found.", "type": "SubnetNotFound", "detail": ""}}
2015-12-08 11:26:17,589 20546 INFO     [tempest_lib.common.rest_client] Request (TestGettingAddress:_run_cleanups): 200 PUT http://10.0.2.15:9696/v2.0/routers/5d8afe7c-2b7e-4af4-9c73-f97594f2209e/remove_router_interface 0.522s
