<?xml version="1.0" encoding="UTF-8"?>
<!DOCTYPE html PUBLIC "-//W3C//DTD XHTML 1.0 Strict//EN"
     "http://www.w3.org/TR/xhtml1/DTD/xhtml1-strict.dtd">
<html xmlns="http://www.w3.org/1999/xhtml">
<head>
    <title>Unit Test Report</title>
    <meta name="generator" content="subunit2html 0.1"/>
    <meta http-equiv="Content-Type" content="text/html; charset=UTF-8"/>
    
<style type="text/css" media="screen">
body        { font-family: verdana, arial, helvetica, sans-serif;
    font-size: 80%; }
table       { font-size: 100%; width: 100%;}
pre         { font-size: 80%; }

/* -- heading -------------------------------------------------------------- */
h1 {
        font-size: 16pt;
        color: gray;
}
.heading {
    margin-top: 0ex;
    margin-bottom: 1ex;
}

.heading .attribute {
    margin-top: 1ex;
    margin-bottom: 0;
}

.heading .description {
    margin-top: 4ex;
    margin-bottom: 6ex;
}

/* -- css div popup -------------------------------------------------------- */
a.popup_link {
}

a.popup_link:hover {
    color: red;
}

.popup_window {
    display: none;
    overflow-x: scroll;
    /*border: solid #627173 1px; */
    padding: 10px;
    background-color: #E6E6D6;
    font-family: "Ubuntu Mono", "Lucida Console", "Courier New", monospace;
    text-align: left;
    font-size: 8pt;
}

}
/* -- report --------------------------------------------------------------- */
#show_detail_line {
    margin-top: 3ex;
    margin-bottom: 1ex;
}
#result_table {
    width: 100%;
    border-collapse: collapse;
    border: 1px solid #777;
}
#header_row {
    font-weight: bold;
    color: white;
    background-color: #777;
}
#result_table td {
    border: 1px solid #777;
    padding: 2px;
}
#total_row  { font-weight: bold; }
.passClass  { background-color: #6c6; }
.failClass  { background-color: #c60; }
.errorClass { background-color: #c00; }
.passCase   { color: #6c6; }
.failCase   { color: #c60; font-weight: bold; }
.errorCase  { color: #c00; font-weight: bold; }
.hiddenRow  { display: none; }
.testcase   { margin-left: 2em; }
td.testname {width: 40%}
td.small {width: 40px}

/* -- ending --------------------------------------------------------------- */
#ending {
}

</style>

</head>
<body>
<script language="javascript" type="text/javascript"><!--
output_list = Array();

/* level - 0:Summary; 1:Failed; 2:All */
function showCase(level) {
    trs = document.getElementsByTagName("tr");
    for (var i = 0; i < trs.length; i++) {
        tr = trs[i];
        id = tr.id;
        if (id.substr(0,2) == 'ft') {
            if (level < 1) {
                tr.className = 'hiddenRow';
            }
            else {
                tr.className = '';
            }
        }
        if (id.substr(0,2) == 'pt') {
            if (level > 1) {
                tr.className = '';
            }
            else {
                tr.className = 'hiddenRow';
            }
        }
    }
}


function showClassDetail(cid, count) {
    var id_list = Array(count);
    var toHide = 1;
    for (var i = 0; i < count; i++) {
        tid0 = 't' + cid.substr(1) + '.' + (i+1);
        tid = 'f' + tid0;
        tr = document.getElementById(tid);
        if (!tr) {
            tid = 'p' + tid0;
            tr = document.getElementById(tid);
        }
        id_list[i] = tid;
        if (tr.className) {
            toHide = 0;
        }
    }
    for (var i = 0; i < count; i++) {
        tid = id_list[i];
        if (toHide) {
            document.getElementById('div_'+tid).style.display = 'none'
            document.getElementById(tid).className = 'hiddenRow';
        }
        else {
            document.getElementById(tid).className = '';
        }
    }
}


function showTestDetail(div_id){
    var details_div = document.getElementById(div_id)
    var displayState = details_div.style.display
    // alert(displayState)
    if (displayState != 'block' ) {
        displayState = 'block'
        details_div.style.display = 'block'
    }
    else {
        details_div.style.display = 'none'
    }
}


function html_escape(s) {
    s = s.replace(/&/g,'&amp;');
    s = s.replace(/</g,'&lt;');
    s = s.replace(/>/g,'&gt;');
    return s;
}

/* obsoleted by detail in <div>
function showOutput(id, name) {
    var w = window.open("", //url
                    name,
                    "resizable,scrollbars,status,width=800,height=450");
    d = w.document;
    d.write("<pre>");
    d.write(html_escape(output_list[id]));
    d.write("\n");
    d.write("<a href='javascript:window.close()'>close</a>\n");
    d.write("</pre>\n");
    d.close();
}
*/
--></script>

<div class='heading'>
<h1>Unit Test Report</h1>

<p class='attribute'><strong>Status:</strong> Failure 8</p>

<p class='description'></p>
</div>



<p id='show_detail_line'>Show
<a href='javascript:showCase(0)'>Summary</a>
<a href='javascript:showCase(1)'>Failed</a>
<a href='javascript:showCase(2)'>All</a>
</p>
<table id='result_table'>
<colgroup>
<col align='left' />
<col align='right' />
<col align='right' />
<col align='right' />
<col align='right' />
<col align='right' />
<col align='right' />
<col align='right' />
</colgroup>
<tr id='header_row'>
    <td>Test Group/Test case</td>
    <td>Count</td>
    <td>Pass</td>
    <td>Fail</td>
    <td>Error</td>
    <td>Skip</td>
    <td>View</td>
    <td> </td>
</tr>

<tr class='failClass'>
    <td class="testname">tempest.scenario.test_network_v6.TestGettingAddress</td>
    <td class="small">8</td>
    <td class="small">0</td>
    <td class="small">8</td>
    <td class="small">0</td>
    <td class="small">0</td>
    <td class="small"><a href="javascript:showClassDetail('c1',8)"
>Detail</a></td>
    <td> </td>
</tr>

<tr id='ft1.1' class='none'>
    <td class='failCase'><div class='testcase'>test_dhcp6_stateless_from_os[compute,id-d7e1f858-187c-45a6-89c9-bdafde619a9f,network]</div></td>
    <td colspan='7' align='left'>

    <!--css div popup start-->
    <a class="popup_link" onfocus='this.blur();'
    href="javascript:showTestDetail('div_ft1.1')" >
        fail</a>

    <div id='div_ft1.1' class="popup_window">
        <div style='text-align: right; color:red;cursor:pointer'>
        <a onfocus='this.blur();'
onclick="document.getElementById('div_ft1.1').style.display = 'none' " >
           [x]</a>
        </div>
        <pre>
        
ft1.1: tempest.scenario.test_network_v6.TestGettingAddress.test_dhcp6_stateless_from_os[compute,id-d7e1f858-187c-45a6-89c9-bdafde619a9f,network]_StringException: Empty attachments:
  stderr
  stdout

pythonlogging:'': {{{
2015-12-17 02:15:46,946 21874 INFO     [tempest_lib.common.rest_client] Request (TestGettingAddress:setUp): 200 POST http://10.0.2.15:8774/v2.1/c8e0c1afc314438d9abb32108208e6d2/os-keypairs 0.806s
2015-12-17 02:15:46,946 21874 DEBUG    [tempest_lib.common.rest_client] Request - Headers: {'Content-Type': 'application/json', 'Accept': 'application/json', 'X-Auth-Token': '&lt;omitted&gt;'}
        Body: {"keypair": {"name": "tempest-TestGettingAddress-1996539027"}}
    Response - Headers: {'status': '200', 'content-length': '2320', 'x-compute-request-id': 'req-5bef6865-0607-4ce7-b250-b63f711fda59', 'vary': 'X-OpenStack-Nova-API-Version', 'connection': 'close', 'x-openstack-nova-api-version': '2.1', 'date': 'Thu, 17 Dec 2015 02:15:46 GMT', 'content-type': 'application/json'}
        Body: {"keypair": {"public_key": "ssh-rsa AAAAB3NzaC1yc2EAAAADAQABAAABAQCI+Yl+TmJDpB/JNj0coorllCB5vo583MCXNfchPOjHD7sedxbQpLWHZcNpHZsb49bffG5eXHoRCGkkIyGaKnQafVmoUGSIeK+xvPyszPK2jRiQg4ry0YfFda26tk0ZY+e1oDiLaKep+wIVxzEhWHsVF1nmHB89AF1dmAhr7LXHn2W+8ZkVTRyVrOPvtvJJSi3zDUBKl8GLRD6FMqwn1czsmgBD/8fRRRMJpG3jV2HfWYBWPDDe5XsFcoNdp6l9Fm6ec1uLWST+g6GFiRj1KIV78P7tMGtSEJpRZoiRLhMhjk/ibFBnHkQ6bJxan2mEQI15Lk8BEjMoJJz80LAXdeQ7 Generated-by-Nova", "private_key": "-----BEGIN RSA PRIVATE KEY-----\nMIIEqAIBAAKCAQEAiPmJfk5iQ6QfyTY9HKKK5ZQgeb6OfNzAlzX3ITzoxw+7HncW\n0KS1h2XDaR2bG+PW33xuXlx6EQhpJCMhmip0Gn1ZqFBkiHivsbz8rMzyto0YkIOK\n8tGHxXWturZNGWPntaA4i2inqfsCFccxIVh7FRdZ5hwfPQBdXZgIa+y1x59lvvGZ\nFU0clazj77bySUot8w1ASpfBi0Q+hTKsJ9XM7JoAQ//H0UUTCaRt41dh31mAVjww\n3uV7BXKDXaepfRZunnNbi1kk/oOhhYkY9SiFe/D+7TBrUhCaUWaIkS4TIY5P4mxQ\nZx5EOmycWp9phECNeS5PARIzKCSc/NCwF3XkOwIDAQABAoIBADNmeLsGDQfXAfqO\nuPYS5M5r/JfS80NVz4uuu5MkeTGh7JTtGYmoFVq+zEqYyoj3wb1Rw1TznPbhUhs2\nd7iTb8g0+70WlfNEXqHzClqJ+haY8fvg8PZXvHxTwaLMIDiD7gKRIkbmOeymfczQ\nV9ZsjpuGjLy2Ft7cUSz7DUX6qOhEktt1RwWOdxdkxRROpce+88etpCNfpO4ZBhIY\nsBQGlsLIvdJr2DwTIbtoC/V9syVDUOSGZ8dFUom9hSAviP4t9p9pOYz/fKsh1PZu\n5PWsIjmUj5oXoiC3nIyV/jauYZDqbUCGZU2MwHORcxScF+WDnIfwZUkoPMV/EM0z\nf6XKWqkCggCBALVH19VYzUoxU1y4oLFjylt38h08wmChfiY5Gfp6Agyo4c8nfSXq\n7f0ZbYQ3P73u3ix31YUzlEsHqs+ZiY5MLXsuC+uDNTG+jVgDvjMle6FC/R9ojpYV\nHIUqz5Bxy43jkOTMeNuRsD5Xe3TX+2d4bQELRwNv6J15EVeuLDTe2V7XAoIAgQDB\nbq2QSLhb/FxQIKL1FIrfHy+f6lmTXDH0v2eV6NeFf8w2ncShy+gfb8OVHvbgC0Va\nWFhIEyaIDgSr/kdgvVrdILCggaEAqUT4p2dJEeuUD+kLnb9svoXVTAmPCDJfxn/u\nMYeDEw2hnoLepLgtH+lNyjHQcCizXTI0XkOUyKWtPQKCAIEAjMeZPu7ypm597aDX\n8kqr6LLSjJAV59MiU26+1P0RQGGa0zQ4hUzXu1mW6jm5v7eURHZflE0FGet/ZC85\nWw+ftmyBB0ni8pmnzLVDbRbr1sVeK5kYOkd02ZnwjZ1B1hPm/zgnl2ShuRhZINlm\nPOmRxWDLqkirHjfaFvyFCh4SMwsCggCAC6TG692Ew3zAbc5ZINmYtm+hJUYtGDK/\nixUOfjai6pVTzKHYmUi181Z99ncDs17aUOLqhYQpmJ0HaPcIgulDE/aIy1CiSXDn\nBvTEweBDRwliJOHdCQW69qj6FlMO/TbssoDmwFwgQO9Sv2Y48/Zsy9L1BrAJsypU\nAFUASm99kZ0CggCAVth9x1KOU4Y7UeJKWX4BgaMckgPt6kPRMtFlPz2fThaTF8mF\nGpk2rz/7PEGEsdgMHPc678fz+cHFdo7WN0ca0pIERIg/DV6z/atO9OcdwJBRBnOd\nA62q3mU3X4n0bXQJ06EoP6xePhhAtmtjTFjA/0MBCCdESY75U1AdB4JlgXM=\n-----END RSA PRIVATE KEY-----\n", "user_id": "6045b9bdcc644b2da9907bde6948a9b8", "name": "tempest-TestGettingAddress-1996539027", "fingerprint": "7c:e5:ea:1c:86:c9:62:fd:fd:28:92:7f:d3:0a:a4:78"}}
2015-12-17 02:15:47,325 21874 INFO     [tempest_lib.common.rest_client] Request (TestGettingAddress:setUp): 201 POST http://10.0.2.15:9696/v2.0/security-groups 0.373s
2015-12-17 02:15:47,326 21874 DEBUG    [tempest_lib.common.rest_client] Request - Headers: {'Content-Type': 'application/json', 'Accept': 'application/json', 'X-Auth-Token': '&lt;omitted&gt;'}
        Body: {"security_group": {"tenant_id": "c8e0c1afc314438d9abb32108208e6d2", "description": "tempest-secgroup-smoke-908844779 description", "name": "tempest-secgroup-smoke-908844779"}}
    Response - Headers: {'status': '201', 'content-length': '886', 'connection': 'close', 'date': 'Thu, 17 Dec 2015 02:15:47 GMT', 'content-type': 'application/json; charset=UTF-8', 'x-openstack-request-id': 'req-724b6468-c8a9-42e1-bd48-4ff62bf06151'}
        Body: {"security_group": {"tenant_id": "c8e0c1afc314438d9abb32108208e6d2", "description": "tempest-secgroup-smoke-908844779 description", "id": "e8eb0a61-065d-4bc2-be7e-f2763e954df0", "security_group_rules": [{"remote_group_id": null, "direction": "egress", "remote_ip_prefix": null, "protocol": null, "ethertype": "IPv4", "tenant_id": "c8e0c1afc314438d9abb32108208e6d2", "port_range_max": null, "port_range_min": null, "id": "c33154ec-f4bc-420d-94e3-642a6cc4deda", "security_group_id": "e8eb0a61-065d-4bc2-be7e-f2763e954df0"}, {"remote_group_id": null, "direction": "egress", "remote_ip_prefix": null, "protocol": null, "ethertype": "IPv6", "tenant_id": "c8e0c1afc314438d9abb32108208e6d2", "port_range_max": null, "port_range_min": null, "id": "5b5bfad7-5746-4b08-a5fd-b22fea97b6f6", "security_group_id": "e8eb0a61-065d-4bc2-be7e-f2763e954df0"}], "name": "tempest-secgroup-smoke-908844779"}}
2015-12-17 02:15:47,451 21874 INFO     [tempest_lib.common.rest_client] Request (TestGettingAddress:setUp): 201 POST http://10.0.2.15:9696/v2.0/security-group-rules 0.124s
2015-12-17 02:15:47,451 21874 DEBUG    [tempest_lib.common.rest_client] Request - Headers: {'Content-Type': 'application/json', 'Accept': 'application/json', 'X-Auth-Token': '&lt;omitted&gt;'}
        Body: {"security_group_rule": {"direction": "ingress", "protocol": "tcp", "tenant_id": "c8e0c1afc314438d9abb32108208e6d2", "port_range_max": 22, "security_group_id": "e8eb0a61-065d-4bc2-be7e-f2763e954df0", "port_range_min": 22}}
    Response - Headers: {'status': '201', 'content-length': '340', 'connection': 'close', 'date': 'Thu, 17 Dec 2015 02:15:47 GMT', 'content-type': 'application/json; charset=UTF-8', 'x-openstack-request-id': 'req-ac8770d6-8080-47cb-8ac1-81cc19563420'}
        Body: {"security_group_rule": {"remote_group_id": null, "direction": "ingress", "remote_ip_prefix": null, "protocol": "tcp", "ethertype": "IPv4", "tenant_id": "c8e0c1afc314438d9abb32108208e6d2", "port_range_max": 22, "port_range_min": 22, "id": "f20c44a5-1212-46f5-be80-212952db7484", "security_group_id": "e8eb0a61-065d-4bc2-be7e-f2763e954df0"}}
2015-12-17 02:15:47,567 21874 INFO     [tempest_lib.common.rest_client] Request (TestGettingAddress:setUp): 201 POST http://10.0.2.15:9696/v2.0/security-group-rules 0.113s
2015-12-17 02:15:47,567 21874 DEBUG    [tempest_lib.common.rest_client] Request - Headers: {'Content-Type': 'application/json', 'Accept': 'application/json', 'X-Auth-Token': '&lt;omitted&gt;'}
        Body: {"security_group_rule": {"direction": "egress", "protocol": "tcp", "tenant_id": "c8e0c1afc314438d9abb32108208e6d2", "port_range_max": 22, "security_group_id": "e8eb0a61-065d-4bc2-be7e-f2763e954df0", "port_range_min": 22}}
    Response - Headers: {'status': '201', 'content-length': '339', 'connection': 'close', 'date': 'Thu, 17 Dec 2015 02:15:47 GMT', 'content-type': 'application/json; charset=UTF-8', 'x-openstack-request-id': 'req-057d6033-d883-4e57-9d7d-11389e279b9c'}
        Body: {"security_group_rule": {"remote_group_id": null, "direction": "egress", "remote_ip_prefix": null, "protocol": "tcp", "ethertype": "IPv4", "tenant_id": "c8e0c1afc314438d9abb32108208e6d2", "port_range_max": 22, "port_range_min": 22, "id": "348ed879-1362-4f31-8347-839d76ec828d", "security_group_id": "e8eb0a61-065d-4bc2-be7e-f2763e954df0"}}
2015-12-17 02:15:47,686 21874 INFO     [tempest_lib.common.rest_client] Request (TestGettingAddress:setUp): 201 POST http://10.0.2.15:9696/v2.0/security-group-rules 0.117s
2015-12-17 02:15:47,687 21874 DEBUG    [tempest_lib.common.rest_client] Request - Headers: {'Content-Type': 'application/json', 'Accept': 'application/json', 'X-Auth-Token': '&lt;omitted&gt;'}
        Body: {"security_group_rule": {"tenant_id": "c8e0c1afc314438d9abb32108208e6d2", "direction": "ingress", "protocol": "icmp", "security_group_id": "e8eb0a61-065d-4bc2-be7e-f2763e954df0"}}
    Response - Headers: {'status': '201', 'content-length': '345', 'connection': 'close', 'date': 'Thu, 17 Dec 2015 02:15:47 GMT', 'content-type': 'application/json; charset=UTF-8', 'x-openstack-request-id': 'req-afc3fc1d-7e89-4563-9b5d-957d418bccb1'}
        Body: {"security_group_rule": {"remote_group_id": null, "direction": "ingress", "remote_ip_prefix": null, "protocol": "icmp", "ethertype": "IPv4", "tenant_id": "c8e0c1afc314438d9abb32108208e6d2", "port_range_max": null, "port_range_min": null, "id": "0167327e-9d1d-4e4e-9ea2-174c2edbe7af", "security_group_id": "e8eb0a61-065d-4bc2-be7e-f2763e954df0"}}
2015-12-17 02:15:47,813 21874 INFO     [tempest_lib.common.rest_client] Request (TestGettingAddress:setUp): 201 POST http://10.0.2.15:9696/v2.0/security-group-rules 0.125s
2015-12-17 02:15:47,814 21874 DEBUG    [tempest_lib.common.rest_client] Request - Headers: {'Content-Type': 'application/json', 'Accept': 'application/json', 'X-Auth-Token': '&lt;omitted&gt;'}
        Body: {"security_group_rule": {"tenant_id": "c8e0c1afc314438d9abb32108208e6d2", "direction": "egress", "protocol": "icmp", "security_group_id": "e8eb0a61-065d-4bc2-be7e-f2763e954df0"}}
    Response - Headers: {'status': '201', 'content-length': '344', 'connection': 'close', 'date': 'Thu, 17 Dec 2015 02:15:47 GMT', 'content-type': 'application/json; charset=UTF-8', 'x-openstack-request-id': 'req-ece56b1a-e97d-4b47-bfb2-22aa5154d83e'}
        Body: {"security_group_rule": {"remote_group_id": null, "direction": "egress", "remote_ip_prefix": null, "protocol": "icmp", "ethertype": "IPv4", "tenant_id": "c8e0c1afc314438d9abb32108208e6d2", "port_range_max": null, "port_range_min": null, "id": "91b3ec41-b08b-431b-8472-f58776150e1c", "security_group_id": "e8eb0a61-065d-4bc2-be7e-f2763e954df0"}}
2015-12-17 02:15:47,928 21874 INFO     [tempest_lib.common.rest_client] Request (TestGettingAddress:setUp): 201 POST http://10.0.2.15:9696/v2.0/security-group-rules 0.114s
2015-12-17 02:15:47,929 21874 DEBUG    [tempest_lib.common.rest_client] Request - Headers: {'Content-Type': 'application/json', 'Accept': 'application/json', 'X-Auth-Token': '&lt;omitted&gt;'}
        Body: {"security_group_rule": {"tenant_id": "c8e0c1afc314438d9abb32108208e6d2", "direction": "ingress", "security_group_id": "e8eb0a61-065d-4bc2-be7e-f2763e954df0", "protocol": "icmp", "ethertype": "IPv6"}}
    Response - Headers: {'status': '201', 'content-length': '345', 'connection': 'close', 'date': 'Thu, 17 Dec 2015 02:15:47 GMT', 'content-type': 'application/json; charset=UTF-8', 'x-openstack-request-id': 'req-5ad8c9de-e654-4e94-b60b-a730a96ea370'}
        Body: {"security_group_rule": {"remote_group_id": null, "direction": "ingress", "remote_ip_prefix": null, "protocol": "icmp", "ethertype": "IPv6", "tenant_id": "c8e0c1afc314438d9abb32108208e6d2", "port_range_max": null, "port_range_min": null, "id": "31204b05-4e3d-433f-b6e1-8d6bd597a3f1", "security_group_id": "e8eb0a61-065d-4bc2-be7e-f2763e954df0"}}
2015-12-17 02:15:48,047 21874 INFO     [tempest_lib.common.rest_client] Request (TestGettingAddress:setUp): 201 POST http://10.0.2.15:9696/v2.0/security-group-rules 0.117s
2015-12-17 02:15:48,048 21874 DEBUG    [tempest_lib.common.rest_client] Request - Headers: {'Content-Type': 'application/json', 'Accept': 'application/json', 'X-Auth-Token': '&lt;omitted&gt;'}
        Body: {"security_group_rule": {"tenant_id": "c8e0c1afc314438d9abb32108208e6d2", "direction": "egress", "security_group_id": "e8eb0a61-065d-4bc2-be7e-f2763e954df0", "protocol": "icmp", "ethertype": "IPv6"}}
    Response - Headers: {'status': '201', 'content-length': '344', 'connection': 'close', 'date': 'Thu, 17 Dec 2015 02:15:48 GMT', 'content-type': 'application/json; charset=UTF-8', 'x-openstack-request-id': 'req-f928e28c-cb34-43b1-a003-220be6c7e858'}
        Body: {"security_group_rule": {"remote_group_id": null, "direction": "egress", "remote_ip_prefix": null, "protocol": "icmp", "ethertype": "IPv6", "tenant_id": "c8e0c1afc314438d9abb32108208e6d2", "port_range_max": null, "port_range_min": null, "id": "0faf60fb-9397-4c3c-a5f5-44ec821a56fd", "security_group_id": "e8eb0a61-065d-4bc2-be7e-f2763e954df0"}}
2015-12-17 02:15:48,221 21874 INFO     [tempest_lib.common.rest_client] Request (TestGettingAddress:test_dhcp6_stateless_from_os): 201 POST http://10.0.2.15:9696/v2.0/networks 0.172s
2015-12-17 02:15:48,222 21874 DEBUG    [tempest_lib.common.rest_client] Request - Headers: {'Content-Type': 'application/json', 'Accept': 'application/json', 'X-Auth-Token': '&lt;omitted&gt;'}
        Body: {"network": {"tenant_id": "c8e0c1afc314438d9abb32108208e6d2", "name": "tempest-network-smoke--1208070479"}}
    Response - Headers: {'status': '201', 'content-length': '329', 'connection': 'close', 'date': 'Thu, 17 Dec 2015 02:15:48 GMT', 'content-type': 'application/json; charset=UTF-8', 'x-openstack-request-id': 'req-0b07d4c8-afb5-4ba5-aa97-3bc2559ae711'}
        Body: {"network": {"status": "ACTIVE", "subnets": [], "availability_zone_hints": "[]", "name": "tempest-network-smoke--1208070479", "admin_state_up": true, "tenant_id": "c8e0c1afc314438d9abb32108208e6d2", "mtu": 0, "router:external": false, "shared": false, "port_security_enabled": true, "id": "9d8a0e3b-1035-4de3-aae8-10f63a224739"}}
2015-12-17 02:15:48,425 21874 INFO     [tempest_lib.common.rest_client] Request (TestGettingAddress:test_dhcp6_stateless_from_os): 200 GET http://10.0.2.15:9696/v2.0/subnets?tenant_id=c8e0c1afc314438d9abb32108208e6d2&amp;cidr=10.100.0.0%2F28 0.202s
2015-12-17 02:15:48,426 21874 DEBUG    [tempest_lib.common.rest_client] Request - Headers: {'Content-Type': 'application/json', 'Accept': 'application/json', 'X-Auth-Token': '&lt;omitted&gt;'}
        Body: None
    Response - Headers: {'status': '200', 'content-length': '15', 'content-location': 'http://10.0.2.15:9696/v2.0/subnets?tenant_id=c8e0c1afc314438d9abb32108208e6d2&amp;cidr=10.100.0.0%2F28', 'connection': 'close', 'date': 'Thu, 17 Dec 2015 02:15:48 GMT', 'content-type': 'application/json; charset=UTF-8', 'x-openstack-request-id': 'req-e014c815-68d1-4e23-ae04-aadb725015bd'}
        Body: {"subnets": []}
2015-12-17 02:15:48,796 21874 INFO     [tempest_lib.common.rest_client] Request (TestGettingAddress:test_dhcp6_stateless_from_os): 201 POST http://10.0.2.15:9696/v2.0/subnets 0.369s
2015-12-17 02:15:48,797 21874 DEBUG    [tempest_lib.common.rest_client] Request - Headers: {'Content-Type': 'application/json', 'Accept': 'application/json', 'X-Auth-Token': '&lt;omitted&gt;'}
        Body: {"subnet": {"ip_version": 4, "tenant_id": "c8e0c1afc314438d9abb32108208e6d2", "cidr": "10.100.0.0/28", "network_id": "9d8a0e3b-1035-4de3-aae8-10f63a224739", "name": "tempest-sub4-560100069"}}
    Response - Headers: {'status': '201', 'content-length': '469', 'connection': 'close', 'date': 'Thu, 17 Dec 2015 02:15:48 GMT', 'content-type': 'application/json; charset=UTF-8', 'x-openstack-request-id': 'req-984d867b-fe82-4d12-a51a-829a0623e8e4'}
        Body: {"subnet": {"name": "tempest-sub4-560100069", "enable_dhcp": true, "network_id": "9d8a0e3b-1035-4de3-aae8-10f63a224739", "tenant_id": "c8e0c1afc314438d9abb32108208e6d2", "dns_nameservers": [], "gateway_ip": "10.100.0.1", "ipv6_ra_mode": null, "allocation_pools": [{"start": "10.100.0.2", "end": "10.100.0.14"}], "host_routes": [], "ip_version": 4, "ipv6_address_mode": null, "cidr": "10.100.0.0/28", "id": "00d468cb-2d98-4fa0-827a-a45918721e48", "subnetpool_id": null}}
2015-12-17 02:15:48,869 21874 INFO     [tempest_lib.common.rest_client] Request (TestGettingAddress:test_dhcp6_stateless_from_os): 201 POST http://10.0.2.15:9696/v2.0/routers 0.071s
2015-12-17 02:15:48,870 21874 DEBUG    [tempest_lib.common.rest_client] Request - Headers: {'Content-Type': 'application/json', 'Accept': 'application/json', 'X-Auth-Token': '&lt;omitted&gt;'}
        Body: {"router": {"tenant_id": "c8e0c1afc314438d9abb32108208e6d2", "name": "tempest-router-smoke-2030150141", "admin_state_up": true}}
    Response - Headers: {'status': '201', 'content-length': '296', 'connection': 'close', 'date': 'Thu, 17 Dec 2015 02:15:48 GMT', 'content-type': 'application/json; charset=UTF-8', 'x-openstack-request-id': 'req-95c50cbe-9903-485b-90a9-a4d2479d1bb9'}
        Body: {"router": {"status": "ACTIVE", "external_gateway_info": null, "availability_zone_hints": [], "availability_zones": [], "name": "tempest-router-smoke-2030150141", "admin_state_up": true, "tenant_id": "c8e0c1afc314438d9abb32108208e6d2", "routes": [], "id": "8a08eb7a-fa62-4330-b494-188cd2665206"}}
2015-12-17 02:15:48,920 21874 INFO     [tempest_lib.common.rest_client] Request (TestGettingAddress:test_dhcp6_stateless_from_os): 200 GET http://10.0.2.15:9696/v2.0/routers/8a08eb7a-fa62-4330-b494-188cd2665206 0.049s
2015-12-17 02:15:48,920 21874 DEBUG    [tempest_lib.common.rest_client] Request - Headers: {'Content-Type': 'application/json', 'Accept': 'application/json', 'X-Auth-Token': '&lt;omitted&gt;'}
        Body: None
    Response - Headers: {'status': '200', 'content-length': '296', 'content-location': 'http://10.0.2.15:9696/v2.0/routers/8a08eb7a-fa62-4330-b494-188cd2665206', 'connection': 'close', 'date': 'Thu, 17 Dec 2015 02:15:48 GMT', 'content-type': 'application/json; charset=UTF-8', 'x-openstack-request-id': 'req-521f82ed-c355-474c-b062-c45c44268a0b'}
        Body: {"router": {"status": "ACTIVE", "external_gateway_info": null, "availability_zone_hints": [], "availability_zones": [], "name": "tempest-router-smoke-2030150141", "admin_state_up": true, "tenant_id": "c8e0c1afc314438d9abb32108208e6d2", "routes": [], "id": "8a08eb7a-fa62-4330-b494-188cd2665206"}}
2015-12-17 02:15:49,686 21874 INFO     [tempest_lib.common.rest_client] Request (TestGettingAddress:test_dhcp6_stateless_from_os): 200 PUT http://10.0.2.15:9696/v2.0/routers/8a08eb7a-fa62-4330-b494-188cd2665206 0.765s
2015-12-17 02:15:49,687 21874 DEBUG    [tempest_lib.common.rest_client] Request - Headers: {'Content-Type': 'application/json', 'Accept': 'application/json', 'X-Auth-Token': '&lt;omitted&gt;'}
        Body: {"router": {"external_gateway_info": {"network_id": "753cca93-5765-4ec2-81f3-e053aa97d598"}, "name": "tempest-router-smoke-2030150141", "admin_state_up": true}}
    Response - Headers: {'status': '200', 'content-length': '558', 'connection': 'close', 'date': 'Thu, 17 Dec 2015 02:15:49 GMT', 'content-type': 'application/json; charset=UTF-8', 'x-openstack-request-id': 'req-d8d34ef2-ac82-4164-b941-cb3d71b5f5ff'}
        Body: {"router": {"status": "ACTIVE", "external_gateway_info": {"network_id": "753cca93-5765-4ec2-81f3-e053aa97d598", "enable_snat": true, "external_fixed_ips": [{"subnet_id": "83fa4619-ed90-427a-ab1a-ee684350fc12", "ip_address": "172.24.4.3"}, {"subnet_id": "2ea5930f-1db3-4781-a259-7769b3d7b59c", "ip_address": "2001:db8::3"}]}, "availability_zone_hints": [], "availability_zones": [], "name": "tempest-router-smoke-2030150141", "admin_state_up": true, "tenant_id": "c8e0c1afc314438d9abb32108208e6d2", "routes": [], "id": "8a08eb7a-fa62-4330-b494-188cd2665206"}}
2015-12-17 02:15:50,289 21874 INFO     [tempest_lib.common.rest_client] Request (TestGettingAddress:test_dhcp6_stateless_from_os): 200 PUT http://10.0.2.15:9696/v2.0/routers/8a08eb7a-fa62-4330-b494-188cd2665206/add_router_interface 0.601s
2015-12-17 02:15:50,289 21874 DEBUG    [tempest_lib.common.rest_client] Request - Headers: {'Content-Type': 'application/json', 'Accept': 'application/json', 'X-Auth-Token': '&lt;omitted&gt;'}
        Body: {"subnet_id": "00d468cb-2d98-4fa0-827a-a45918721e48"}
    Response - Headers: {'status': '200', 'content-length': '255', 'connection': 'close', 'date': 'Thu, 17 Dec 2015 02:15:50 GMT', 'content-type': 'application/json; charset=UTF-8', 'x-openstack-request-id': 'req-21e352d9-4fc3-4e6e-b744-3abf77734d42'}
        Body: {"subnet_id": "00d468cb-2d98-4fa0-827a-a45918721e48", "tenant_id": "c8e0c1afc314438d9abb32108208e6d2", "subnet_ids": ["00d468cb-2d98-4fa0-827a-a45918721e48"], "port_id": "826c7f10-c243-4d9b-bda2-f3a28cd1c0c9", "id": "8a08eb7a-fa62-4330-b494-188cd2665206"}
2015-12-17 02:15:50,337 21874 INFO     [tempest_lib.common.rest_client] Request (TestGettingAddress:test_dhcp6_stateless_from_os): 200 GET http://10.0.2.15:9696/v2.0/subnets?tenant_id=c8e0c1afc314438d9abb32108208e6d2&amp;cidr=2003%3A%3A%2F64 0.046s
2015-12-17 02:15:50,337 21874 DEBUG    [tempest_lib.common.rest_client] Request - Headers: {'Content-Type': 'application/json', 'Accept': 'application/json', 'X-Auth-Token': '&lt;omitted&gt;'}
        Body: None
    Response - Headers: {'status': '200', 'content-length': '15', 'content-location': 'http://10.0.2.15:9696/v2.0/subnets?tenant_id=c8e0c1afc314438d9abb32108208e6d2&amp;cidr=2003%3A%3A%2F64', 'connection': 'close', 'date': 'Thu, 17 Dec 2015 02:15:50 GMT', 'content-type': 'application/json; charset=UTF-8', 'x-openstack-request-id': 'req-2750b24e-04f9-44bd-97ed-988d8ff40c85'}
        Body: {"subnets": []}
2015-12-17 02:15:50,690 21874 INFO     [tempest_lib.common.rest_client] Request (TestGettingAddress:test_dhcp6_stateless_from_os): 201 POST http://10.0.2.15:9696/v2.0/subnets 0.352s
2015-12-17 02:15:50,690 21874 DEBUG    [tempest_lib.common.rest_client] Request - Headers: {'Content-Type': 'application/json', 'Accept': 'application/json', 'X-Auth-Token': '&lt;omitted&gt;'}
        Body: {"subnet": {"name": "tempest-sub6-313515139", "network_id": "9d8a0e3b-1035-4de3-aae8-10f63a224739", "tenant_id": "c8e0c1afc314438d9abb32108208e6d2", "ipv6_ra_mode": "dhcpv6-stateless", "ip_version": 6, "ipv6_address_mode": "dhcpv6-stateless", "cidr": "2003::/64"}}
    Response - Headers: {'status': '201', 'content-length': '501', 'connection': 'close', 'date': 'Thu, 17 Dec 2015 02:15:50 GMT', 'content-type': 'application/json; charset=UTF-8', 'x-openstack-request-id': 'req-8da1fe5d-adba-4b17-8dd0-6d7d9d081a53'}
        Body: {"subnet": {"name": "tempest-sub6-313515139", "enable_dhcp": true, "network_id": "9d8a0e3b-1035-4de3-aae8-10f63a224739", "tenant_id": "c8e0c1afc314438d9abb32108208e6d2", "dns_nameservers": [], "gateway_ip": "2003::1", "ipv6_ra_mode": "dhcpv6-stateless", "allocation_pools": [{"start": "2003::2", "end": "2003::ffff:ffff:ffff:ffff"}], "host_routes": [], "ip_version": 6, "ipv6_address_mode": "dhcpv6-stateless", "cidr": "2003::/64", "id": "fead1182-3876-48a5-a2cd-15fdeb8d49d2", "subnetpool_id": null}}
2015-12-17 02:15:51,407 21874 INFO     [tempest_lib.common.rest_client] Request (TestGettingAddress:test_dhcp6_stateless_from_os): 200 PUT http://10.0.2.15:9696/v2.0/routers/8a08eb7a-fa62-4330-b494-188cd2665206/add_router_interface 0.716s
2015-12-17 02:15:51,408 21874 DEBUG    [tempest_lib.common.rest_client] Request - Headers: {'Content-Type': 'application/json', 'Accept': 'application/json', 'X-Auth-Token': '&lt;omitted&gt;'}
        Body: {"subnet_id": "fead1182-3876-48a5-a2cd-15fdeb8d49d2"}
    Response - Headers: {'status': '200', 'content-length': '255', 'connection': 'close', 'date': 'Thu, 17 Dec 2015 02:15:51 GMT', 'content-type': 'application/json; charset=UTF-8', 'x-openstack-request-id': 'req-1f73d641-5226-4672-a77f-ef5021fc149f'}
        Body: {"subnet_id": "fead1182-3876-48a5-a2cd-15fdeb8d49d2", "tenant_id": "c8e0c1afc314438d9abb32108208e6d2", "subnet_ids": ["fead1182-3876-48a5-a2cd-15fdeb8d49d2"], "port_id": "366d22da-d5cd-4d64-a2c8-27ec1708c4c3", "id": "8a08eb7a-fa62-4330-b494-188cd2665206"}
2015-12-17 02:15:51,528 21874 INFO     [tempest_lib.common.rest_client] Request (TestGettingAddress:test_dhcp6_stateless_from_os): 200 POST http://10.0.2.15:5000/v2.0/tokens
2015-12-17 02:15:51,528 21874 DEBUG    [tempest_lib.common.rest_client] Request - Headers: {'Content-Type': 'application/json', 'Accept': 'application/json'}
        Body: &lt;omitted&gt;
    Response - Headers: {'status': '200', 'content-length': '2524', 'vary': 'X-Auth-Token', 'server': 'Apache/2.4.7 (Ubuntu)', 'connection': 'close', 'date': 'Thu, 17 Dec 2015 02:15:51 GMT', 'content-type': 'application/json', 'x-openstack-request-id': 'req-26e196da-482c-4b50-9385-95dcbb46538f'}
        Body: {"access": {"token": {"issued_at": "2015-12-17T02:15:51.513628", "expires": "2015-12-17T03:15:51Z", "id": "add01ed53a7e4fa1853b3ceef64eab7d", "tenant": {"description": "tempest-TestGettingAddress-717748188-desc", "enabled": true, "id": "c8e0c1afc314438d9abb32108208e6d2", "name": "tempest-TestGettingAddress-717748188"}, "audit_ids": ["qsqm-SEKRNOQUnXkgHhtcQ"]}, "serviceCatalog": [{"endpoints": [{"adminURL": "http://10.0.2.15:8774/v2.1/c8e0c1afc314438d9abb32108208e6d2", "region": "RegionOne", "internalURL": "http://10.0.2.15:8774/v2.1/c8e0c1afc314438d9abb32108208e6d2", "id": "4d006eca4fa744b2a9e893513d00cace", "publicURL": "http://10.0.2.15:8774/v2.1/c8e0c1afc314438d9abb32108208e6d2"}], "endpoints_links": [], "type": "compute", "name": "nova"}, {"endpoints": [{"adminURL": "http://10.0.2.15:9696/", "region": "RegionOne", "internalURL": "http://10.0.2.15:9696/", "id": "22b86662033f4c0a9dbb085478839ad3", "publicURL": "http://10.0.2.15:9696/"}], "endpoints_links": [], "type": "network", "name": "neutron"}, {"endpoints": [{"adminURL": "http://10.0.2.15:9292", "region": "RegionOne", "internalURL": "http://10.0.2.15:9292", "id": "4f9ae3d90b92491fb08629bf1aa55660", "publicURL": "http://10.0.2.15:9292"}], "endpoints_links": [], "type": "image", "name": "glance"}, {"endpoints": [{"adminURL": "http://10.0.2.15:8774/v2/c8e0c1afc314438d9abb32108208e6d2", "region": "RegionOne", "internalURL": "http://10.0.2.15:8774/v2/c8e0c1afc314438d9abb32108208e6d2", "id": "17e67aea3cf24a9b802230f7195fe25b", "publicURL": "http://10.0.2.15:8774/v2/c8e0c1afc314438d9abb32108208e6d2"}], "endpoints_links": [], "type": "compute_legacy", "name": "nova_legacy"}, {"endpoints": [{"adminURL": "http://10.0.2.15:8773/", "region": "RegionOne", "internalURL": "http://10.0.2.15:8773/", "id": "37d030e59d874a59aabe691a5a750a4f", "publicURL": "http://10.0.2.15:8773/"}], "endpoints_links": [], "type": "ec2", "name": "ec2"}, {"endpoints": [{"adminURL": "http://10.0.2.15:35357/v2.0", "region": "RegionOne", "internalURL": "http://10.0.2.15:5000/v2.0", "id": "0185fce6d29d44b6866a962a343bc436", "publicURL": "http://10.0.2.15:5000/v2.0"}], "endpoints_links": [], "type": "identity", "name": "keystone"}], "user": {"username": "tempest-TestGettingAddress-1692034903", "roles_links": [], "id": "6045b9bdcc644b2da9907bde6948a9b8", "roles": [{"name": "_member_"}, {"name": "Member"}], "name": "tempest-TestGettingAddress-1692034903"}, "metadata": {"is_admin": 0, "roles": ["9fe2ff9ee4384b1894a90878d3e92bab", "bb103e9920a646e099f7455f0df4af41"]}}}
2015-12-17 02:15:51,535 21874 DEBUG    [tempest.common.fixed_network] (TestGettingAddress:test_dhcp6_stateless_from_os) No valid network provided or created, defaulting to fixed_network_name
2015-12-17 02:15:51,832 21874 INFO     [tempest_lib.common.rest_client] Request (TestGettingAddress:test_dhcp6_stateless_from_os): 200 GET http://10.0.2.15:8774/v2.1/c8e0c1afc314438d9abb32108208e6d2/os-networks 0.296s
2015-12-17 02:15:51,832 21874 DEBUG    [tempest_lib.common.rest_client] Request - Headers: {'Content-Type': 'application/json', 'Accept': 'application/json', 'X-Auth-Token': '&lt;omitted&gt;'}
        Body: None
    Response - Headers: {'status': '200', 'content-length': '479', 'content-location': 'http://10.0.2.15:8774/v2.1/c8e0c1afc314438d9abb32108208e6d2/os-networks', 'x-compute-request-id': 'req-669048b9-9e7d-40d4-9c4f-936200171a1f', 'vary': 'X-OpenStack-Nova-API-Version', 'connection': 'close', 'x-openstack-nova-api-version': '2.1', 'date': 'Thu, 17 Dec 2015 02:15:51 GMT', 'content-type': 'application/json'}
        Body: {"networks": [{"cidr_v6": null, "dns2": null, "dns1": null, "gateway": null, "broadcast": null, "netmask": null, "gateway_v6": null, "cidr": null, "label": "tempest-network-smoke--1208070479", "id": "9d8a0e3b-1035-4de3-aae8-10f63a224739", "netmask_v6": null}, {"cidr_v6": null, "dns2": null, "dns1": null, "gateway": null, "broadcast": null, "netmask": null, "gateway_v6": null, "cidr": null, "label": "public", "id": "753cca93-5765-4ec2-81f3-e053aa97d598", "netmask_v6": null}]}
2015-12-17 02:15:51,833 21874 WARNING  [tempest.common.fixed_network] (TestGettingAddress:test_dhcp6_stateless_from_os) Network with name: private not found
2015-12-17 02:15:51,833 21874 INFO     [tempest.common.fixed_network] (TestGettingAddress:test_dhcp6_stateless_from_os) Found network {} available for tenant
2015-12-17 02:15:53,292 21874 INFO     [tempest_lib.common.rest_client] Request (TestGettingAddress:test_dhcp6_stateless_from_os): 202 POST http://10.0.2.15:8774/v2.1/c8e0c1afc314438d9abb32108208e6d2/servers 1.458s
2015-12-17 02:15:53,293 21874 DEBUG    [tempest_lib.common.rest_client] Request - Headers: {'Content-Type': 'application/json', 'Accept': 'application/json', 'X-Auth-Token': '&lt;omitted&gt;'}
        Body: {"server": {"name": "tempest.common.compute-instance-1099045078", "imageRef": "68c5a4ea-7dbc-4d28-876b-057c7aed7e9c", "key_name": "tempest-TestGettingAddress-1996539027", "flavorRef": "42", "networks": [{"uuid": "9d8a0e3b-1035-4de3-aae8-10f63a224739"}], "security_groups": [{"name": "tempest-secgroup-smoke-908844779"}]}}
    Response - Headers: {'status': '202', 'content-length': '461', 'x-compute-request-id': 'req-c1853594-0bc0-4157-90bd-7affeea7313d', 'vary': 'X-OpenStack-Nova-API-Version', 'connection': 'close', 'location': 'http://10.0.2.15:8774/v2.1/c8e0c1afc314438d9abb32108208e6d2/servers/f163fbdc-2072-4ba1-b7fc-8f522aa18944', 'x-openstack-nova-api-version': '2.1', 'date': 'Thu, 17 Dec 2015 02:15:53 GMT', 'content-type': 'application/json'}
        Body: {"server": {"security_groups": [{"name": "tempest-secgroup-smoke-908844779"}], "OS-DCF:diskConfig": "MANUAL", "id": "f163fbdc-2072-4ba1-b7fc-8f522aa18944", "links": [{"href": "http://10.0.2.15:8774/v2.1/c8e0c1afc314438d9abb32108208e6d2/servers/f163fbdc-2072-4ba1-b7fc-8f522aa18944", "rel": "self"}, {"href": "http://10.0.2.15:8774/c8e0c1afc314438d9abb32108208e6d2/servers/f163fbdc-2072-4ba1-b7fc-8f522aa18944", "rel": "bookmark"}], "adminPass": "5GSHBH5wuMog"}}
2015-12-17 02:15:53,599 21874 INFO     [tempest_lib.common.rest_client] Request (TestGettingAddress:test_dhcp6_stateless_from_os): 200 GET http://10.0.2.15:8774/v2.1/c8e0c1afc314438d9abb32108208e6d2/servers/f163fbdc-2072-4ba1-b7fc-8f522aa18944 0.300s
2015-12-17 02:15:53,599 21874 DEBUG    [tempest_lib.common.rest_client] Request - Headers: {'Content-Type': 'application/json', 'Accept': 'application/json', 'X-Auth-Token': '&lt;omitted&gt;'}
        Body: None
    Response - Headers: {'status': '200', 'content-length': '1355', 'content-location': 'http://10.0.2.15:8774/v2.1/c8e0c1afc314438d9abb32108208e6d2/servers/f163fbdc-2072-4ba1-b7fc-8f522aa18944', 'x-compute-request-id': 'req-c2bbc1e1-6403-4322-bb18-d8f0fbf7b2f5', 'vary': 'X-OpenStack-Nova-API-Version', 'connection': 'close', 'x-openstack-nova-api-version': '2.1', 'date': 'Thu, 17 Dec 2015 02:15:53 GMT', 'content-type': 'application/json'}
        Body: {"server": {"status": "BUILD", "updated": "2015-12-17T02:15:53Z", "hostId": "", "addresses": {}, "links": [{"href": "http://10.0.2.15:8774/v2.1/c8e0c1afc314438d9abb32108208e6d2/servers/f163fbdc-2072-4ba1-b7fc-8f522aa18944", "rel": "self"}, {"href": "http://10.0.2.15:8774/c8e0c1afc314438d9abb32108208e6d2/servers/f163fbdc-2072-4ba1-b7fc-8f522aa18944", "rel": "bookmark"}], "key_name": "tempest-TestGettingAddress-1996539027", "image": {"id": "68c5a4ea-7dbc-4d28-876b-057c7aed7e9c", "links": [{"href": "http://10.0.2.15:8774/c8e0c1afc314438d9abb32108208e6d2/images/68c5a4ea-7dbc-4d28-876b-057c7aed7e9c", "rel": "bookmark"}]}, "OS-EXT-STS:task_state": "scheduling", "OS-EXT-STS:vm_state": "building", "OS-SRV-USG:launched_at": null, "flavor": {"id": "42", "links": [{"href": "http://10.0.2.15:8774/c8e0c1afc314438d9abb32108208e6d2/flavors/42", "rel": "bookmark"}]}, "id": "f163fbdc-2072-4ba1-b7fc-8f522aa18944", "OS-SRV-USG:terminated_at": null, "OS-EXT-AZ:availability_zone": "", "user_id": "6045b9bdcc644b2da9907bde6948a9b8", "name": "tempest.common.compute-instance-1099045078", "created": "2015-12-17T02:15:53Z", "tenant_id": "c8e0c1afc314438d9abb32108208e6d2", "OS-DCF:diskConfig": "MANUAL", "os-extended-volumes:volumes_attached": [], "accessIPv4": "", "accessIPv6": "", "progress": 0, "OS-EXT-STS:power_state": 0, "config_drive": "", "metadata": {}}}
2015-12-17 02:15:54,837 21874 INFO     [tempest_lib.common.rest_client] Request (TestGettingAddress:test_dhcp6_stateless_from_os): 200 GET http://10.0.2.15:8774/v2.1/c8e0c1afc314438d9abb32108208e6d2/servers/f163fbdc-2072-4ba1-b7fc-8f522aa18944 0.223s
2015-12-17 02:15:54,837 21874 DEBUG    [tempest_lib.common.rest_client] Request - Headers: {'Content-Type': 'application/json', 'Accept': 'application/json', 'X-Auth-Token': '&lt;omitted&gt;'}
        Body: None
    Response - Headers: {'status': '200', 'content-length': '1480', 'content-location': 'http://10.0.2.15:8774/v2.1/c8e0c1afc314438d9abb32108208e6d2/servers/f163fbdc-2072-4ba1-b7fc-8f522aa18944', 'x-compute-request-id': 'req-b675c0e7-8629-491e-85f6-d76c485f28ac', 'vary': 'X-OpenStack-Nova-API-Version', 'connection': 'close', 'x-openstack-nova-api-version': '2.1', 'date': 'Thu, 17 Dec 2015 02:15:54 GMT', 'content-type': 'application/json'}
        Body: {"server": {"status": "BUILD", "updated": "2015-12-17T02:15:54Z", "hostId": "d3753c7cbd11261adc3f3ff529bbd5f9a5a144e3add3eb5837a4f553", "addresses": {}, "links": [{"href": "http://10.0.2.15:8774/v2.1/c8e0c1afc314438d9abb32108208e6d2/servers/f163fbdc-2072-4ba1-b7fc-8f522aa18944", "rel": "self"}, {"href": "http://10.0.2.15:8774/c8e0c1afc314438d9abb32108208e6d2/servers/f163fbdc-2072-4ba1-b7fc-8f522aa18944", "rel": "bookmark"}], "key_name": "tempest-TestGettingAddress-1996539027", "image": {"id": "68c5a4ea-7dbc-4d28-876b-057c7aed7e9c", "links": [{"href": "http://10.0.2.15:8774/c8e0c1afc314438d9abb32108208e6d2/images/68c5a4ea-7dbc-4d28-876b-057c7aed7e9c", "rel": "bookmark"}]}, "OS-EXT-STS:task_state": "spawning", "OS-EXT-STS:vm_state": "building", "OS-SRV-USG:launched_at": null, "flavor": {"id": "42", "links": [{"href": "http://10.0.2.15:8774/c8e0c1afc314438d9abb32108208e6d2/flavors/42", "rel": "bookmark"}]}, "id": "f163fbdc-2072-4ba1-b7fc-8f522aa18944", "security_groups": [{"name": "tempest-secgroup-smoke-908844779"}], "OS-SRV-USG:terminated_at": null, "OS-EXT-AZ:availability_zone": "nova", "user_id": "6045b9bdcc644b2da9907bde6948a9b8", "name": "tempest.common.compute-instance-1099045078", "created": "2015-12-17T02:15:53Z", "tenant_id": "c8e0c1afc314438d9abb32108208e6d2", "OS-DCF:diskConfig": "MANUAL", "os-extended-volumes:volumes_attached": [], "accessIPv4": "", "accessIPv6": "", "progress": 0, "OS-EXT-STS:power_state": 0, "config_drive": "", "metadata": {}}}
2015-12-17 02:15:54,845 21874 INFO     [tempest.common.waiters] State transition "BUILD/scheduling" ==&gt; "BUILD/spawning" after 1 second wait
2015-12-17 02:15:56,218 21874 INFO     [tempest_lib.common.rest_client] Request (TestGettingAddress:test_dhcp6_stateless_from_os): 200 GET http://10.0.2.15:8774/v2.1/c8e0c1afc314438d9abb32108208e6d2/servers/f163fbdc-2072-4ba1-b7fc-8f522aa18944 0.371s
2015-12-17 02:15:56,219 21874 DEBUG    [tempest_lib.common.rest_client] Request - Headers: {'Content-Type': 'application/json', 'Accept': 'application/json', 'X-Auth-Token': '&lt;omitted&gt;'}
        Body: None
    Response - Headers: {'status': '200', 'content-length': '1480', 'content-location': 'http://10.0.2.15:8774/v2.1/c8e0c1afc314438d9abb32108208e6d2/servers/f163fbdc-2072-4ba1-b7fc-8f522aa18944', 'x-compute-request-id': 'req-91fce5a8-4c66-4792-8b8b-4c0a446c47de', 'vary': 'X-OpenStack-Nova-API-Version', 'connection': 'close', 'x-openstack-nova-api-version': '2.1', 'date': 'Thu, 17 Dec 2015 02:15:56 GMT', 'content-type': 'application/json'}
        Body: {"server": {"status": "BUILD", "updated": "2015-12-17T02:15:54Z", "hostId": "d3753c7cbd11261adc3f3ff529bbd5f9a5a144e3add3eb5837a4f553", "addresses": {}, "links": [{"href": "http://10.0.2.15:8774/v2.1/c8e0c1afc314438d9abb32108208e6d2/servers/f163fbdc-2072-4ba1-b7fc-8f522aa18944", "rel": "self"}, {"href": "http://10.0.2.15:8774/c8e0c1afc314438d9abb32108208e6d2/servers/f163fbdc-2072-4ba1-b7fc-8f522aa18944", "rel": "bookmark"}], "key_name": "tempest-TestGettingAddress-1996539027", "image": {"id": "68c5a4ea-7dbc-4d28-876b-057c7aed7e9c", "links": [{"href": "http://10.0.2.15:8774/c8e0c1afc314438d9abb32108208e6d2/images/68c5a4ea-7dbc-4d28-876b-057c7aed7e9c", "rel": "bookmark"}]}, "OS-EXT-STS:task_state": "spawning", "OS-EXT-STS:vm_state": "building", "OS-SRV-USG:launched_at": null, "flavor": {"id": "42", "links": [{"href": "http://10.0.2.15:8774/c8e0c1afc314438d9abb32108208e6d2/flavors/42", "rel": "bookmark"}]}, "id": "f163fbdc-2072-4ba1-b7fc-8f522aa18944", "security_groups": [{"name": "tempest-secgroup-smoke-908844779"}], "OS-SRV-USG:terminated_at": null, "OS-EXT-AZ:availability_zone": "nova", "user_id": "6045b9bdcc644b2da9907bde6948a9b8", "name": "tempest.common.compute-instance-1099045078", "created": "2015-12-17T02:15:53Z", "tenant_id": "c8e0c1afc314438d9abb32108208e6d2", "OS-DCF:diskConfig": "MANUAL", "os-extended-volumes:volumes_attached": [], "accessIPv4": "", "accessIPv6": "", "progress": 0, "OS-EXT-STS:power_state": 0, "config_drive": "", "metadata": {}}}
2015-12-17 02:15:57,434 21874 INFO     [tempest_lib.common.rest_client] Request (TestGettingAddress:test_dhcp6_stateless_from_os): 200 GET http://10.0.2.15:8774/v2.1/c8e0c1afc314438d9abb32108208e6d2/servers/f163fbdc-2072-4ba1-b7fc-8f522aa18944 0.205s
2015-12-17 02:15:57,435 21874 DEBUG    [tempest_lib.common.rest_client] Request - Headers: {'Content-Type': 'application/json', 'Accept': 'application/json', 'X-Auth-Token': '&lt;omitted&gt;'}
        Body: None
    Response - Headers: {'status': '200', 'content-length': '1781', 'content-location': 'http://10.0.2.15:8774/v2.1/c8e0c1afc314438d9abb32108208e6d2/servers/f163fbdc-2072-4ba1-b7fc-8f522aa18944', 'x-compute-request-id': 'req-5318f633-8d46-4aac-afb3-c054965c58c5', 'vary': 'X-OpenStack-Nova-API-Version', 'connection': 'close', 'x-openstack-nova-api-version': '2.1', 'date': 'Thu, 17 Dec 2015 02:15:57 GMT', 'content-type': 'application/json'}
        Body: {"server": {"status": "ACTIVE", "updated": "2015-12-17T02:15:57Z", "hostId": "d3753c7cbd11261adc3f3ff529bbd5f9a5a144e3add3eb5837a4f553", "addresses": {"tempest-network-smoke--1208070479": [{"OS-EXT-IPS-MAC:mac_addr": "fa:16:3e:3d:ca:99", "version": 6, "addr": "2003::f816:3eff:fe3d:ca99", "OS-EXT-IPS:type": "fixed"}, {"OS-EXT-IPS-MAC:mac_addr": "fa:16:3e:3d:ca:99", "version": 4, "addr": "10.100.0.3", "OS-EXT-IPS:type": "fixed"}]}, "links": [{"href": "http://10.0.2.15:8774/v2.1/c8e0c1afc314438d9abb32108208e6d2/servers/f163fbdc-2072-4ba1-b7fc-8f522aa18944", "rel": "self"}, {"href": "http://10.0.2.15:8774/c8e0c1afc314438d9abb32108208e6d2/servers/f163fbdc-2072-4ba1-b7fc-8f522aa18944", "rel": "bookmark"}], "key_name": "tempest-TestGettingAddress-1996539027", "image": {"id": "68c5a4ea-7dbc-4d28-876b-057c7aed7e9c", "links": [{"href": "http://10.0.2.15:8774/c8e0c1afc314438d9abb32108208e6d2/images/68c5a4ea-7dbc-4d28-876b-057c7aed7e9c", "rel": "bookmark"}]}, "OS-EXT-STS:task_state": null, "OS-EXT-STS:vm_state": "active", "OS-SRV-USG:launched_at": "2015-12-17T02:15:57.000000", "flavor": {"id": "42", "links": [{"href": "http://10.0.2.15:8774/c8e0c1afc314438d9abb32108208e6d2/flavors/42", "rel": "bookmark"}]}, "id": "f163fbdc-2072-4ba1-b7fc-8f522aa18944", "security_groups": [{"name": "tempest-secgroup-smoke-908844779"}], "OS-SRV-USG:terminated_at": null, "OS-EXT-AZ:availability_zone": "nova", "user_id": "6045b9bdcc644b2da9907bde6948a9b8", "name": "tempest.common.compute-instance-1099045078", "created": "2015-12-17T02:15:53Z", "tenant_id": "c8e0c1afc314438d9abb32108208e6d2", "OS-DCF:diskConfig": "MANUAL", "os-extended-volumes:volumes_attached": [], "accessIPv4": "", "accessIPv6": "", "progress": 0, "OS-EXT-STS:power_state": 1, "config_drive": "True", "metadata": {}}}
2015-12-17 02:15:57,444 21874 INFO     [tempest.common.waiters] State transition "BUILD/spawning" ==&gt; "ACTIVE/None" after 4 second wait
2015-12-17 02:15:57,661 21874 INFO     [tempest_lib.common.rest_client] Request (TestGettingAddress:test_dhcp6_stateless_from_os): 200 GET http://10.0.2.15:8774/v2.1/c8e0c1afc314438d9abb32108208e6d2/servers/f163fbdc-2072-4ba1-b7fc-8f522aa18944 0.215s
2015-12-17 02:15:57,661 21874 DEBUG    [tempest_lib.common.rest_client] Request - Headers: {'Content-Type': 'application/json', 'Accept': 'application/json', 'X-Auth-Token': '&lt;omitted&gt;'}
        Body: None
    Response - Headers: {'status': '200', 'content-length': '1781', 'content-location': 'http://10.0.2.15:8774/v2.1/c8e0c1afc314438d9abb32108208e6d2/servers/f163fbdc-2072-4ba1-b7fc-8f522aa18944', 'x-compute-request-id': 'req-97ff7454-7131-4adf-abff-f2fd630e3ade', 'vary': 'X-OpenStack-Nova-API-Version', 'connection': 'close', 'x-openstack-nova-api-version': '2.1', 'date': 'Thu, 17 Dec 2015 02:15:57 GMT', 'content-type': 'application/json'}
        Body: {"server": {"status": "ACTIVE", "updated": "2015-12-17T02:15:57Z", "hostId": "d3753c7cbd11261adc3f3ff529bbd5f9a5a144e3add3eb5837a4f553", "addresses": {"tempest-network-smoke--1208070479": [{"OS-EXT-IPS-MAC:mac_addr": "fa:16:3e:3d:ca:99", "version": 6, "addr": "2003::f816:3eff:fe3d:ca99", "OS-EXT-IPS:type": "fixed"}, {"OS-EXT-IPS-MAC:mac_addr": "fa:16:3e:3d:ca:99", "version": 4, "addr": "10.100.0.3", "OS-EXT-IPS:type": "fixed"}]}, "links": [{"href": "http://10.0.2.15:8774/v2.1/c8e0c1afc314438d9abb32108208e6d2/servers/f163fbdc-2072-4ba1-b7fc-8f522aa18944", "rel": "self"}, {"href": "http://10.0.2.15:8774/c8e0c1afc314438d9abb32108208e6d2/servers/f163fbdc-2072-4ba1-b7fc-8f522aa18944", "rel": "bookmark"}], "key_name": "tempest-TestGettingAddress-1996539027", "image": {"id": "68c5a4ea-7dbc-4d28-876b-057c7aed7e9c", "links": [{"href": "http://10.0.2.15:8774/c8e0c1afc314438d9abb32108208e6d2/images/68c5a4ea-7dbc-4d28-876b-057c7aed7e9c", "rel": "bookmark"}]}, "OS-EXT-STS:task_state": null, "OS-EXT-STS:vm_state": "active", "OS-SRV-USG:launched_at": "2015-12-17T02:15:57.000000", "flavor": {"id": "42", "links": [{"href": "http://10.0.2.15:8774/c8e0c1afc314438d9abb32108208e6d2/flavors/42", "rel": "bookmark"}]}, "id": "f163fbdc-2072-4ba1-b7fc-8f522aa18944", "security_groups": [{"name": "tempest-secgroup-smoke-908844779"}], "OS-SRV-USG:terminated_at": null, "OS-EXT-AZ:availability_zone": "nova", "user_id": "6045b9bdcc644b2da9907bde6948a9b8", "name": "tempest.common.compute-instance-1099045078", "created": "2015-12-17T02:15:53Z", "tenant_id": "c8e0c1afc314438d9abb32108208e6d2", "OS-DCF:diskConfig": "MANUAL", "os-extended-volumes:volumes_attached": [], "accessIPv4": "", "accessIPv6": "", "progress": 0, "OS-EXT-STS:power_state": 1, "config_drive": "True", "metadata": {}}}
2015-12-17 02:15:57,801 21874 INFO     [tempest_lib.common.rest_client] Request (TestGettingAddress:test_dhcp6_stateless_from_os): 200 GET http://10.0.2.15:9696/v2.0/ports?status=ACTIVE&amp;fixed_ip=None&amp;device_id=f163fbdc-2072-4ba1-b7fc-8f522aa18944 0.131s
2015-12-17 02:15:57,802 21874 DEBUG    [tempest_lib.common.rest_client] Request - Headers: {'Content-Type': 'application/json', 'Accept': 'application/json', 'X-Auth-Token': '&lt;omitted&gt;'}
        Body: None
    Response - Headers: {'status': '200', 'content-length': '1142', 'content-location': 'http://10.0.2.15:9696/v2.0/ports?status=ACTIVE&amp;fixed_ip=None&amp;device_id=f163fbdc-2072-4ba1-b7fc-8f522aa18944', 'connection': 'close', 'date': 'Thu, 17 Dec 2015 02:15:57 GMT', 'content-type': 'application/json; charset=UTF-8', 'x-openstack-request-id': 'req-658b66a5-63e0-4c6b-84a4-7c2534887849'}
        Body: {"ports": [{"status": "ACTIVE", "binding:host_id": "vagrant-ubuntu-trusty-64", "allowed_address_pairs": [], "extra_dhcp_opts": [], "dns_assignment": [{"hostname": "host-10-100-0-3", "ip_address": "10.100.0.3", "fqdn": "host-10-100-0-3.openstacklocal."}, {"hostname": "host-2003--f816-3eff-fe3d-ca99", "ip_address": "2003::f816:3eff:fe3d:ca99", "fqdn": "host-2003--f816-3eff-fe3d-ca99.openstacklocal."}], "device_owner": "compute:None", "port_security_enabled": true, "binding:profile": {}, "fixed_ips": [{"subnet_id": "00d468cb-2d98-4fa0-827a-a45918721e48", "ip_address": "10.100.0.3"}, {"subnet_id": "fead1182-3876-48a5-a2cd-15fdeb8d49d2", "ip_address": "2003::f816:3eff:fe3d:ca99"}], "id": "447bf363-95db-4516-8737-5294c346b164", "security_groups": ["e8eb0a61-065d-4bc2-be7e-f2763e954df0"], "device_id": "f163fbdc-2072-4ba1-b7fc-8f522aa18944", "name": "", "admin_state_up": true, "network_id": "9d8a0e3b-1035-4de3-aae8-10f63a224739", "dns_name": "", "binding:vif_details": {"port_filter": true}, "binding:vnic_type": "normal", "binding:vif_type": "ovs", "tenant_id": "c8e0c1afc314438d9abb32108208e6d2", "mac_address": "fa:16:3e:3d:ca:99"}]}
2015-12-17 02:15:58,367 21874 INFO     [tempest_lib.common.rest_client] Request (TestGettingAddress:test_dhcp6_stateless_from_os): 201 POST http://10.0.2.15:9696/v2.0/floatingips 0.564s
2015-12-17 02:15:58,367 21874 DEBUG    [tempest_lib.common.rest_client] Request - Headers: {'Content-Type': 'application/json', 'Accept': 'application/json', 'X-Auth-Token': '&lt;omitted&gt;'}
        Body: {"floatingip": {"floating_network_id": "753cca93-5765-4ec2-81f3-e053aa97d598", "tenant_id": "c8e0c1afc314438d9abb32108208e6d2", "fixed_ip_address": "10.100.0.3", "port_id": "447bf363-95db-4516-8737-5294c346b164"}}
    Response - Headers: {'status': '201', 'content-length': '367', 'connection': 'close', 'date': 'Thu, 17 Dec 2015 02:15:58 GMT', 'content-type': 'application/json; charset=UTF-8', 'x-openstack-request-id': 'req-ccf71fda-ee57-4ec5-9fe3-9c785733b112'}
        Body: {"floatingip": {"floating_network_id": "753cca93-5765-4ec2-81f3-e053aa97d598", "router_id": "8a08eb7a-fa62-4330-b494-188cd2665206", "fixed_ip_address": "10.100.0.3", "floating_ip_address": "172.24.4.4", "tenant_id": "c8e0c1afc314438d9abb32108208e6d2", "status": "DOWN", "port_id": "447bf363-95db-4516-8737-5294c346b164", "id": "5280e781-0968-4175-b584-6d30ba6dfed0"}}
2015-12-17 02:15:58,369 21874 INFO     [tempest_lib.common.ssh] Creating ssh connection to '172.24.4.4' as 'cirros' with public key authentication
2015-12-17 02:16:02,286 21874 WARNING  [tempest_lib.common.ssh] Failed to establish authenticated ssh connection to cirros@172.24.4.4 ([Errno None] Unable to connect to port 22 on  or 172.24.4.4). Number attempts: 1. Retry after 2 seconds.
2015-12-17 02:16:07,790 21874 WARNING  [tempest_lib.common.ssh] Failed to establish authenticated ssh connection to cirros@172.24.4.4 ([Errno None] Unable to connect to port 22 on  or 172.24.4.4). Number attempts: 2. Retry after 3 seconds.
2015-12-17 02:16:14,290 21874 WARNING  [tempest_lib.common.ssh] Failed to establish authenticated ssh connection to cirros@172.24.4.4 ([Errno None] Unable to connect to port 22 on  or 172.24.4.4). Number attempts: 3. Retry after 4 seconds.
2015-12-17 02:16:21,794 21874 WARNING  [tempest_lib.common.ssh] Failed to establish authenticated ssh connection to cirros@172.24.4.4 ([Errno None] Unable to connect to port 22 on  or 172.24.4.4). Number attempts: 4. Retry after 5 seconds.
2015-12-17 02:16:30,298 21874 WARNING  [tempest_lib.common.ssh] Failed to establish authenticated ssh connection to cirros@172.24.4.4 ([Errno None] Unable to connect to port 22 on  or 172.24.4.4). Number attempts: 5. Retry after 6 seconds.
2015-12-17 02:16:39,806 21874 WARNING  [tempest_lib.common.ssh] Failed to establish authenticated ssh connection to cirros@172.24.4.4 ([Errno None] Unable to connect to port 22 on  or 172.24.4.4). Number attempts: 6. Retry after 7 seconds.
2015-12-17 02:16:50,314 21874 WARNING  [tempest_lib.common.ssh] Failed to establish authenticated ssh connection to cirros@172.24.4.4 ([Errno None] Unable to connect to port 22 on  or 172.24.4.4). Number attempts: 7. Retry after 8 seconds.
2015-12-17 02:17:01,818 21874 WARNING  [tempest_lib.common.ssh] Failed to establish authenticated ssh connection to cirros@172.24.4.4 ([Errno None] Unable to connect to port 22 on  or 172.24.4.4). Number attempts: 8. Retry after 9 seconds.
2015-12-17 02:17:14,326 21874 WARNING  [tempest_lib.common.ssh] Failed to establish authenticated ssh connection to cirros@172.24.4.4 ([Errno None] Unable to connect to port 22 on  or 172.24.4.4). Number attempts: 9. Retry after 10 seconds.
2015-12-17 02:17:27,839 21874 WARNING  [tempest_lib.common.ssh] Failed to establish authenticated ssh connection to cirros@172.24.4.4 ([Errno None] Unable to connect to port 22 on  or 172.24.4.4). Number attempts: 10. Retry after 11 seconds.
2015-12-17 02:17:42,350 21874 WARNING  [tempest_lib.common.ssh] Failed to establish authenticated ssh connection to cirros@172.24.4.4 ([Errno None] Unable to connect to port 22 on  or 172.24.4.4). Number attempts: 11. Retry after 12 seconds.
2015-12-17 02:17:57,862 21874 WARNING  [tempest_lib.common.ssh] Failed to establish authenticated ssh connection to cirros@172.24.4.4 ([Errno None] Unable to connect to port 22 on  or 172.24.4.4). Number attempts: 12. Retry after 13 seconds.
2015-12-17 02:18:14,378 21874 WARNING  [tempest_lib.common.ssh] Failed to establish authenticated ssh connection to cirros@172.24.4.4 ([Errno None] Unable to connect to port 22 on  or 172.24.4.4). Number attempts: 13. Retry after 14 seconds.
2015-12-17 02:18:31,898 21874 WARNING  [tempest_lib.common.ssh] Failed to establish authenticated ssh connection to cirros@172.24.4.4 ([Errno None] Unable to connect to port 22 on  or 172.24.4.4). Number attempts: 14. Retry after 15 seconds.
2015-12-17 02:18:50,406 21874 WARNING  [tempest_lib.common.ssh] Failed to establish authenticated ssh connection to cirros@172.24.4.4 ([Errno None] Unable to connect to port 22 on  or 172.24.4.4). Number attempts: 15. Retry after 16 seconds.
2015-12-17 02:19:09,922 21874 WARNING  [tempest_lib.common.ssh] Failed to establish authenticated ssh connection to cirros@172.24.4.4 ([Errno None] Unable to connect to port 22 on  or 172.24.4.4). Number attempts: 16. Retry after 17 seconds.
2015-12-17 02:19:30,434 21874 ERROR    [tempest_lib.common.ssh] Failed to establish authenticated ssh connection to cirros@172.24.4.4 after 16 attempts
2015-12-17 02:19:30.434 21874 ERROR tempest_lib.common.ssh Traceback (most recent call last):
2015-12-17 02:19:30.434 21874 ERROR tempest_lib.common.ssh   File "/usr/local/lib/python2.7/dist-packages/tempest_lib/common/ssh.py", line 75, in _get_ssh_connection
2015-12-17 02:19:30.434 21874 ERROR tempest_lib.common.ssh     timeout=self.channel_timeout, pkey=self.pkey)
2015-12-17 02:19:30.434 21874 ERROR tempest_lib.common.ssh   File "/usr/local/lib/python2.7/dist-packages/paramiko/client.py", line 311, in connect
2015-12-17 02:19:30.434 21874 ERROR tempest_lib.common.ssh     raise NoValidConnectionsError(errors)
2015-12-17 02:19:30.434 21874 ERROR tempest_lib.common.ssh NoValidConnectionsError: [Errno None] Unable to connect to port 22 on  or 172.24.4.4
2015-12-17 02:19:30.434 21874 ERROR tempest_lib.common.ssh 
2015-12-17 02:19:30,436 21874 ERROR    [tempest.scenario.manager] (TestGettingAddress:test_dhcp6_stateless_from_os) Initializing SSH connection to 172.24.4.4 failed. Error: Connection to the 172.24.4.4 via SSH timed out.
User: cirros, Password: None
2015-12-17 02:19:30.436 21874 ERROR tempest.scenario.manager Traceback (most recent call last):
2015-12-17 02:19:30.436 21874 ERROR tempest.scenario.manager   File "tempest/scenario/manager.py", line 385, in get_remote_client
2015-12-17 02:19:30.436 21874 ERROR tempest.scenario.manager     linux_client.validate_authentication()
2015-12-17 02:19:30.436 21874 ERROR tempest.scenario.manager   File "tempest/common/utils/linux/remote_client.py", line 63, in validate_authentication
2015-12-17 02:19:30.436 21874 ERROR tempest.scenario.manager     self.ssh_client.test_connection_auth()
2015-12-17 02:19:30.436 21874 ERROR tempest.scenario.manager   File "/usr/local/lib/python2.7/dist-packages/tempest_lib/common/ssh.py", line 167, in test_connection_auth
2015-12-17 02:19:30.436 21874 ERROR tempest.scenario.manager     connection = self._get_ssh_connection()
2015-12-17 02:19:30.436 21874 ERROR tempest.scenario.manager   File "/usr/local/lib/python2.7/dist-packages/tempest_lib/common/ssh.py", line 87, in _get_ssh_connection
2015-12-17 02:19:30.436 21874 ERROR tempest.scenario.manager     password=self.password)
2015-12-17 02:19:30.436 21874 ERROR tempest.scenario.manager SSHTimeout: Connection to the 172.24.4.4 via SSH timed out.
2015-12-17 02:19:30.436 21874 ERROR tempest.scenario.manager User: cirros, Password: None
2015-12-17 02:19:30.436 21874 ERROR tempest.scenario.manager 
2015-12-17 02:19:30,511 21874 INFO     [tempest_lib.common.rest_client] Request (TestGettingAddress:test_dhcp6_stateless_from_os): 200 GET http://10.0.2.15:8774/v2.1/c8e0c1afc314438d9abb32108208e6d2/servers 0.071s
2015-12-17 02:19:30,511 21874 DEBUG    [tempest_lib.common.rest_client] Request - Headers: {'Content-Type': 'application/json', 'Accept': 'application/json', 'X-Auth-Token': '&lt;omitted&gt;'}
        Body: None
    Response - Headers: {'status': '200', 'content-length': '391', 'content-location': 'http://10.0.2.15:8774/v2.1/c8e0c1afc314438d9abb32108208e6d2/servers', 'x-compute-request-id': 'req-0896fbde-e9df-4bac-9425-dea2230d105a', 'vary': 'X-OpenStack-Nova-API-Version', 'connection': 'close', 'x-openstack-nova-api-version': '2.1', 'date': 'Thu, 17 Dec 2015 02:19:30 GMT', 'content-type': 'application/json'}
        Body: {"servers": [{"id": "f163fbdc-2072-4ba1-b7fc-8f522aa18944", "links": [{"href": "http://10.0.2.15:8774/v2.1/c8e0c1afc314438d9abb32108208e6d2/servers/f163fbdc-2072-4ba1-b7fc-8f522aa18944", "rel": "self"}, {"href": "http://10.0.2.15:8774/c8e0c1afc314438d9abb32108208e6d2/servers/f163fbdc-2072-4ba1-b7fc-8f522aa18944", "rel": "bookmark"}], "name": "tempest.common.compute-instance-1099045078"}]}
2015-12-17 02:19:30,746 21874 INFO     [tempest_lib.common.rest_client] Request (TestGettingAddress:test_dhcp6_stateless_from_os): 200 POST http://10.0.2.15:8774/v2.1/c8e0c1afc314438d9abb32108208e6d2/servers/f163fbdc-2072-4ba1-b7fc-8f522aa18944/action 0.227s
2015-12-17 02:19:30,747 21874 DEBUG    [tempest_lib.common.rest_client] Request - Headers: {'Content-Type': 'application/json', 'Accept': 'application/json', 'X-Auth-Token': '&lt;omitted&gt;'}
        Body: {"os-getConsoleOutput": {}}
    Response - Headers: {'status': '200', 'content-length': '24671', 'x-compute-request-id': 'req-b78d9f86-d545-4b1c-a7e9-4c644aa811e2', 'vary': 'X-OpenStack-Nova-API-Version', 'connection': 'close', 'x-openstack-nova-api-version': '2.1', 'date': 'Thu, 17 Dec 2015 02:19:30 GMT', 'content-type': 'application/json'}
        Body: {"output": "[    0.000000] Initializing cgroup subsys cpuset\n[    0.000000] Initializing cgroup subsys cpu\n[    0.000000] Linux version 3.2.0-80-virtual (buildd@batsu) (gcc version 4.6.3 (Ubuntu/Linaro 4.6.3-1ubuntu5) ) #116-Ubuntu SMP Mon Mar 23 17:28:52 UTC 2015 (Ubuntu 3.2.0-80.116-virtual 3.2.68)\n[    0.000000] Command line: root=/dev/vda console=tty0 console=ttyS0 no_timer_check\n[    0.000000] KERNEL supported cpus:\n[    0.000000]   Intel GenuineIntel\n[    0.000000]   AMD AuthenticAMD\n[    0.000000]   Centaur CentaurHauls\n[    0.000000] BIOS-provided physical RAM map:\n[    0.000000]  BIOS-e820: 0000000000000000 - 000000000009fc00 (usable)\n[    0.000000]  BIOS-e820: 000000000009fc00 - 00000000000a0000 (reserved)\n[    0.000000]  BIOS-e820: 00000000000f0000 - 0000000000100000 (reserved)\n[    0.000000]  BIOS-e820: 0000000000100000 - 0000000003ffe000 (usable)\n[    0.000000]  BIOS-e820: 0000000003ffe000 - 0000000004000000 (reserved)\n[    0.000000]  BIOS-e820: 00000000fffc0000 - 0000000100000000 (reserved)\n[    0.000000] NX (Execute Disable) protection: active\n[    0.000000] SMBIOS 2.4 present.\n[    0.000000] No AGP bridge found\n[    0.000000] last_pfn = 0x3ffe max_arch_pfn = 0x400000000\n[    0.000000] x86 PAT enabled: cpu 0, old 0x7040600070406, new 0x7010600070106\n[    0.000000] found SMP MP-table at [ffff8800000f0b00] f0b00\n[    0.000000] init_memory_mapping: 0000000000000000-0000000003ffe000\n[    0.000000] RAMDISK: 03c5e000 - 03ff0000\n[    0.000000] ACPI: RSDP 00000000000f0950 00014 (v00 BOCHS )\n[    0.000000] ACPI: RSDT 0000000003fffbc1 00034 (v01 BOCHS  BXPCRSDT 00000001 BXPC 00000001)\n[    0.000000] ACPI: FACP 0000000003fff1c0 00074 (v01 BOCHS  BXPCFACP 00000001 BXPC 00000001)\n[    0.000000] ACPI: DSDT 0000000003ffe040 01180 (v01 BOCHS  BXPCDSDT 00000001 BXPC 00000001)\n[    0.000000] ACPI: FACS 0000000003ffe000 00040\n[    0.000000] ACPI: SSDT 0000000003fff234 008DD (v01 BOCHS  BXPCSSDT 00000001 BXPC 00000001)\n[    0.000000] ACPI: APIC 0000000003fffb11 00078 (v01 BOCHS  BXPCAPIC 00000001 BXPC 00000001)\n[    0.000000] ACPI: HPET 0000000003fffb89 00038 (v01 BOCHS  BXPCHPET 00000001 BXPC 00000001)\n[    0.000000] No NUMA configuration found\n[    0.000000] Faking a node at 0000000000000000-0000000003ffe000\n[    0.000000] Initmem setup node 0 0000000000000000-0000000003ffe000\n[    0.000000]   NODE_DATA [0000000003ff6000 - 0000000003ffafff]\n[    0.000000] Zone PFN ranges:\n[    0.000000]   DMA      0x00000010 -&gt; 0x00001000\n[    0.000000]   DMA32    0x00001000 -&gt; 0x00100000\n[    0.000000]   Normal   empty\n[    0.000000] Movable zone start PFN for each node\n[    0.000000] early_node_map[2] active PFN ranges\n[    0.000000]     0: 0x00000010 -&gt; 0x0000009f\n[    0.000000]     0: 0x00000100 -&gt; 0x00003ffe\n[    0.000000] ACPI: PM-Timer IO Port: 0xb008\n[    0.000000] ACPI: LAPIC (acpi_id[0x00] lapic_id[0x00] enabled)\n[    0.000000] ACPI: LAPIC_NMI (acpi_id[0xff] dfl dfl lint[0x1])\n[    0.000000] ACPI: IOAPIC (id[0x00] address[0xfec00000] gsi_base[0])\n[    0.000000] IOAPIC[0]: apic_id 0, version 17, address 0xfec00000, GSI 0-23\n[    0.000000] ACPI: INT_SRC_OVR (bus 0 bus_irq 0 global_irq 2 dfl dfl)\n[    0.000000] ACPI: INT_SRC_OVR (bus 0 bus_irq 5 global_irq 5 high level)\n[    0.000000] ACPI: INT_SRC_OVR (bus 0 bus_irq 9 global_irq 9 high level)\n[    0.000000] ACPI: INT_SRC_OVR (bus 0 bus_irq 10 global_irq 10 high level)\n[    0.000000] ACPI: INT_SRC_OVR (bus 0 bus_irq 11 global_irq 11 high level)\n[    0.000000] Using ACPI (MADT) for SMP configuration information\n[    0.000000] ACPI: HPET id: 0x8086a201 base: 0xfed00000\n[    0.000000] SMP: Allowing 1 CPUs, 0 hotplug CPUs\n[    0.000000] PM: Registered nosave memory: 000000000009f000 - 00000000000a0000\n[    0.000000] PM: Registered nosave memory: 00000000000a0000 - 00000000000f0000\n[    0.000000] PM: Registered nosave memory: 00000000000f0000 - 0000000000100000\n[    0.000000] Allocating PCI resources starting at 4000000 (gap: 4000000:fbfc0000)\n[    0.000000] Booting paravirtualized kernel on bare hardware\n[    0.000000] setup_pe
2015-12-17 02:19:30,750 21874 DEBUG    [tempest.scenario.manager] Console output for f163fbdc-2072-4ba1-b7fc-8f522aa18944
body=
[    0.000000] Initializing cgroup subsys cpuset
[    0.000000] Initializing cgroup subsys cpu
[    0.000000] Linux version 3.2.0-80-virtual (buildd@batsu) (gcc version 4.6.3 (Ubuntu/Linaro 4.6.3-1ubuntu5) ) #116-Ubuntu SMP Mon Mar 23 17:28:52 UTC 2015 (Ubuntu 3.2.0-80.116-virtual 3.2.68)
[    0.000000] Command line: root=/dev/vda console=tty0 console=ttyS0 no_timer_check
[    0.000000] KERNEL supported cpus:
[    0.000000]   Intel GenuineIntel
[    0.000000]   AMD AuthenticAMD
[    0.000000]   Centaur CentaurHauls
[    0.000000] BIOS-provided physical RAM map:
[    0.000000]  BIOS-e820: 0000000000000000 - 000000000009fc00 (usable)
[    0.000000]  BIOS-e820: 000000000009fc00 - 00000000000a0000 (reserved)
[    0.000000]  BIOS-e820: 00000000000f0000 - 0000000000100000 (reserved)
[    0.000000]  BIOS-e820: 0000000000100000 - 0000000003ffe000 (usable)
[    0.000000]  BIOS-e820: 0000000003ffe000 - 0000000004000000 (reserved)
[    0.000000]  BIOS-e820: 00000000fffc0000 - 0000000100000000 (reserved)
[    0.000000] NX (Execute Disable) protection: active
[    0.000000] SMBIOS 2.4 present.
[    0.000000] No AGP bridge found
[    0.000000] last_pfn = 0x3ffe max_arch_pfn = 0x400000000
[    0.000000] x86 PAT enabled: cpu 0, old 0x7040600070406, new 0x7010600070106
[    0.000000] found SMP MP-table at [ffff8800000f0b00] f0b00
[    0.000000] init_memory_mapping: 0000000000000000-0000000003ffe000
[    0.000000] RAMDISK: 03c5e000 - 03ff0000
[    0.000000] ACPI: RSDP 00000000000f0950 00014 (v00 BOCHS )
[    0.000000] ACPI: RSDT 0000000003fffbc1 00034 (v01 BOCHS  BXPCRSDT 00000001 BXPC 00000001)
[    0.000000] ACPI: FACP 0000000003fff1c0 00074 (v01 BOCHS  BXPCFACP 00000001 BXPC 00000001)
[    0.000000] ACPI: DSDT 0000000003ffe040 01180 (v01 BOCHS  BXPCDSDT 00000001 BXPC 00000001)
[    0.000000] ACPI: FACS 0000000003ffe000 00040
[    0.000000] ACPI: SSDT 0000000003fff234 008DD (v01 BOCHS  BXPCSSDT 00000001 BXPC 00000001)
[    0.000000] ACPI: APIC 0000000003fffb11 00078 (v01 BOCHS  BXPCAPIC 00000001 BXPC 00000001)
[    0.000000] ACPI: HPET 0000000003fffb89 00038 (v01 BOCHS  BXPCHPET 00000001 BXPC 00000001)
[    0.000000] No NUMA configuration found
[    0.000000] Faking a node at 0000000000000000-0000000003ffe000
[    0.000000] Initmem setup node 0 0000000000000000-0000000003ffe000
[    0.000000]   NODE_DATA [0000000003ff6000 - 0000000003ffafff]
[    0.000000] Zone PFN ranges:
[    0.000000]   DMA      0x00000010 -&gt; 0x00001000
[    0.000000]   DMA32    0x00001000 -&gt; 0x00100000
[    0.000000]   Normal   empty
[    0.000000] Movable zone start PFN for each node
[    0.000000] early_node_map[2] active PFN ranges
[    0.000000]     0: 0x00000010 -&gt; 0x0000009f
[    0.000000]     0: 0x00000100 -&gt; 0x00003ffe
[    0.000000] ACPI: PM-Timer IO Port: 0xb008
[    0.000000] ACPI: LAPIC (acpi_id[0x00] lapic_id[0x00] enabled)
[    0.000000] ACPI: LAPIC_NMI (acpi_id[0xff] dfl dfl lint[0x1])
[    0.000000] ACPI: IOAPIC (id[0x00] address[0xfec00000] gsi_base[0])
[    0.000000] IOAPIC[0]: apic_id 0, version 17, address 0xfec00000, GSI 0-23
[    0.000000] ACPI: INT_SRC_OVR (bus 0 bus_irq 0 global_irq 2 dfl dfl)
[    0.000000] ACPI: INT_SRC_OVR (bus 0 bus_irq 5 global_irq 5 high level)
[    0.000000] ACPI: INT_SRC_OVR (bus 0 bus_irq 9 global_irq 9 high level)
[    0.000000] ACPI: INT_SRC_OVR (bus 0 bus_irq 10 global_irq 10 high level)
[    0.000000] ACPI: INT_SRC_OVR (bus 0 bus_irq 11 global_irq 11 high level)
[    0.000000] Using ACPI (MADT) for SMP configuration information
[    0.000000] ACPI: HPET id: 0x8086a201 base: 0xfed00000
[    0.000000] SMP: Allowing 1 CPUs, 0 hotplug CPUs
[    0.000000] PM: Registered nosave memory: 000000000009f000 - 00000000000a0000
[    0.000000] PM: Registered nosave memory: 00000000000a0000 - 00000000000f0000
[    0.000000] PM: Registered nosave memory: 00000000000f0000 - 0000000000100000
[    0.000000] Allocating PCI resources starting at 4000000 (gap: 4000000:fbfc0000)
[    0.000000] Booting paravirtualized kernel on bare hardware
[    0.000000] setup_percpu: NR_CPUS:64 nr_cpumask_bits:64 nr_cpu_ids:1 nr_node_ids:1
[    0.000000] PERCPU: Embedded 27 pages/cpu @ffff880003a00000 s78848 r8192 d23552 u2097152
[    0.000000] Built 1 zonelists in Node order, mobility grouping on.  Total pages: 16008
[    0.000000] Policy zone: DMA32
[    0.000000] Kernel command line: root=/dev/vda console=tty0 console=ttyS0 no_timer_check
[    0.000000] PID hash table entries: 256 (order: -1, 2048 bytes)
[    0.000000] Checking aperture...
[    0.000000] No AGP bridge found
[    0.000000] Memory: 43492k/65528k available (6576k kernel code, 452k absent, 21584k reserved, 6620k data, 928k init)
[    0.000000] SLUB: Genslabs=15, HWalign=64, Order=0-3, MinObjects=0, CPUs=1, Nodes=1
[    0.000000] Hierarchical RCU implementation.
[    0.000000] 	RCU dyntick-idle grace-period acceleration is enabled.
[    0.000000] NR_IRQS:4352 nr_irqs:256 16
[    0.000000] Console: colour VGA+ 80x25
[    0.000000] console [tty0] enabled
[    0.000000] console [ttyS0] enabled
[    0.000000] allocated 1048576 bytes of page_cgroup
[    0.000000] please try 'cgroup_disable=memory' option if you don't want memory cgroups
[    0.000000] Fast TSC calibration failed
[    0.000000] TSC: Unable to calibrate against PIT
[    0.000000] TSC: using HPET reference calibration
[    0.000000] Detected 2291.862 MHz processor.
[    0.032411] Calibrating delay loop (skipped), value calculated using timer frequency.. 4583.72 BogoMIPS (lpj=9167448)
[    0.034358] pid_max: default: 32768 minimum: 301
[    0.043376] Security Framework initialized
[    0.048598] AppArmor: AppArmor initialized
[    0.049282] Yama: becoming mindful.
[    0.056308] Dentry cache hash table entries: 8192 (order: 4, 65536 bytes)
[    0.057920] Inode-cache hash table entries: 4096 (order: 3, 32768 bytes)
[    0.060323] Mount-cache hash table entries: 256
[    0.076842] Initializing cgroup subsys cpuacct
[    0.077829] Initializing cgroup subsys memory
[    0.079104] Initializing cgroup subsys devices
[    0.080176] Initializing cgroup subsys freezer
[    0.080919] Initializing cgroup subsys blkio
[    0.081876] Initializing cgroup subsys perf_event
[    0.088334] mce: CPU supports 10 MCE banks
[    0.092647] SMP alternatives: switching to UP code
[    0.504381] Freeing SMP alternatives: 24k freed
[    0.506022] ACPI: Core revision 20110623
[    0.568445] ftrace: allocating 26610 entries in 105 pages
[    0.607166] ..TIMER: vector=0x30 apic1=0 pin1=2 apic2=-1 pin2=-1
[    0.608273] CPU0: AMD QEMU Virtual CPU version 2.0.0 stepping 03
[    0.612037] Performance Events: Broken PMU hardware detected, using software events only.
[    0.618981] NMI watchdog disabled (cpu0): hardware events not enabled
[    0.620815] Brought up 1 CPUs
[    0.621433] Total of 1 processors activated (4583.72 BogoMIPS).
[    0.649930] devtmpfs: initialized
[    0.684857] EVM: security.selinux
[    0.685811] EVM: security.SMACK64
[    0.686454] EVM: security.capability
[    0.709498] print_constraints: dummy: 
[    0.713224] RTC time:  2:16:00, date: 12/17/15
[    0.716661] NET: Registered protocol family 16
[    0.725748] ACPI: bus type pci registered
[    0.729906] PCI: Using configuration type 1 for base access
[    0.765835] bio: create slab &lt;bio-0&gt; at 0
[    0.772522] ACPI: Added _OSI(Module Device)
[    0.773175] ACPI: Added _OSI(Processor Device)
[    0.773758] ACPI: Added _OSI(3.0 _SCP Extensions)
[    0.774449] ACPI: Added _OSI(Processor Aggregator Device)
[    0.850918] ACPI: Interpreter enabled
[    0.852191] ACPI: (supports S0 S3 S4 S5)
[    0.853899] ACPI: Using IOAPIC for interrupt routing
[    0.922307] ACPI: No dock devices found.
[    0.922965] HEST: Table not found.
[    0.923516] PCI: Using host bridge windows from ACPI; if necessary, use "pci=nocrs" and report a bug
[    0.929817] ACPI: PCI Root Bridge [PCI0] (domain 0000 [bus 00-ff])
[    0.934877] pci_root PNP0A03:00: host bridge window [io  0x0000-0x0cf7]
[    0.936157] pci_root PNP0A03:00: host bridge window [io  0x0d00-0xadff]
[    0.937153] pci_root PNP0A03:00: host bridge window [io  0xae0f-0xaeff]
[    0.938039] pci_root PNP0A03:00: host bridge window [io  0xaf20-0xafdf]
[    0.939026] pci_root PNP0A03:00: host bridge window [io  0xafe4-0xffff]
[    0.940171] pci_root PNP0A03:00: host bridge window [mem 0x000a0000-0x000bffff]
[    0.941189] pci_root PNP0A03:00: host bridge window [mem 0x04000000-0xfebfffff]
[    0.964879] pci 0000:00:01.3: quirk: [io  0xb000-0xb03f] claimed by PIIX4 ACPI
[    0.965864] pci 0000:00:01.3: quirk: [io  0xb100-0xb10f] claimed by PIIX4 SMB
[    1.035393]  pci0000:00: Unable to request _OSC control (_OSC support mask: 0x1e)
[    1.086299] ACPI: PCI Interrupt Link [LNKA] (IRQs 5 *10 11)
[    1.089479] ACPI: PCI Interrupt Link [LNKB] (IRQs 5 *10 11)
[    1.091146] ACPI: PCI Interrupt Link [LNKC] (IRQs 5 10 *11)
[    1.093262] ACPI: PCI Interrupt Link [LNKD] (IRQs 5 10 *11)
[    1.094513] ACPI: PCI Interrupt Link [LNKS] (IRQs *9)
[    1.101069] vgaarb: device added: PCI:0000:00:02.0,decodes=io+mem,owns=io+mem,locks=none
[    1.102143] vgaarb: loaded
[    1.102492] vgaarb: bridge control possible 0000:00:02.0
[    1.106081] i2c-core: driver [aat2870] using legacy suspend method
[    1.106835] i2c-core: driver [aat2870] using legacy resume method
[    1.109757] SCSI subsystem initialized
[    1.113313] usbcore: registered new interface driver usbfs
[    1.114378] usbcore: registered new interface driver hub
[    1.116166] usbcore: registered new device driver usb
[    1.119291] PCI: Using ACPI for IRQ routing
[    1.129757] NetLabel: Initializing
[    1.130237] NetLabel:  domain hash size = 128
[    1.130858] NetLabel:  protocols = UNLABELED CIPSOv4
[    1.133363] NetLabel:  unlabeled traffic allowed by default
[    1.135239] HPET: 3 timers in total, 0 timers will be used for per-cpu timer
[    1.136410] hpet0: at MMIO 0xfed00000, IRQs 2, 8, 0
[    1.137304] hpet0: 3 comparators, 64-bit 100.000000 MHz counter
[    1.150311] Switching to clocksource hpet
[    1.370614] AppArmor: AppArmor Filesystem Enabled
[    1.372012] pnp: PnP ACPI init
[    1.373858] ACPI: bus type pnp registered
[    1.394908] pnp: PnP ACPI: found 9 devices
[    1.395431] ACPI: ACPI bus type pnp unregistered
[    1.450660] NET: Registered protocol family 2
[    1.483325] IP route cache hash table entries: 512 (order: 0, 4096 bytes)
[    1.490956] TCP established hash table entries: 2048 (order: 3, 32768 bytes)
[    1.493045] TCP bind hash table entries: 2048 (order: 3, 32768 bytes)
[    1.494003] TCP: Hash tables configured (established 2048 bind 2048)
[    1.494798] TCP reno registered
[    1.495378] UDP hash table entries: 128 (order: 0, 4096 bytes)
[    1.496396] UDP-Lite hash table entries: 128 (order: 0, 4096 bytes)
[    1.499448] NET: Registered protocol family 1
[    1.501298] pci 0000:00:00.0: Limiting direct PCI/PCI transfers
[    1.502026] pci 0000:00:01.0: PIIX3: Enabling Passive Release
[    1.502883] pci 0000:00:01.0: Activating ISA DMA hang workarounds
[    1.507156] ACPI: PCI Interrupt Link [LNKD] enabled at IRQ 11
[    1.509185] pci 0000:00:01.2: PCI INT D -&gt; Link[LNKD] -&gt; GSI 11 (level, high) -&gt; IRQ 11
[    1.511143] pci 0000:00:01.2: PCI INT D disabled
[    1.530850] Trying to unpack rootfs image as initramfs...
[    1.547276] audit: initializing netlink socket (disabled)
[    1.549584] type=2000 audit(1450318560.548:1): initialized
[    1.818772] HugeTLB registered 2 MB page size, pre-allocated 0 pages
[    1.882607] VFS: Disk quotas dquot_6.5.2
[    1.884041] Dquot-cache hash table entries: 512 (order 0, 4096 bytes)
[    1.906615] fuse init (API version 7.17)
[    1.910207] msgmni has been set to 84
[    1.951542] Block layer SCSI generic (bsg) driver version 0.4 loaded (major 253)
[    1.954486] io scheduler noop registered
[    1.955083] io scheduler deadline registered (default)
[    1.957144] io scheduler cfq registered
[    1.961308] pci_hotplug: PCI Hot Plug PCI Core version: 0.5
[    1.963206] pciehp: PCI Express Hot Plug Controller Driver version: 0.4
[    1.968171] input: Power Button as /devices/LNXSYSTM:00/LNXPWRBN:00/input/input0
[    1.970601] ACPI: Power Button [PWRF]
[    2.031973] ERST: Table is not found!
[    2.033036] GHES: HEST is not enabled!
[    2.043531] ACPI: PCI Interrupt Link [LNKC] enabled at IRQ 10
[    2.045971] virtio-pci 0000:00:03.0: PCI INT A -&gt; Link[LNKC] -&gt; GSI 10 (level, high) -&gt; IRQ 10
[    2.049203] virtio-pci 0000:00:04.0: PCI INT A -&gt; Link[LNKD] -&gt; GSI 11 (level, high) -&gt; IRQ 11
[    2.066310] ACPI: PCI Interrupt Link [LNKA] enabled at IRQ 10
[    2.067091] virtio-pci 0000:00:05.0: PCI INT A -&gt; Link[LNKA] -&gt; GSI 10 (level, high) -&gt; IRQ 10
[    2.078058] Serial: 8250/16550 driver, 32 ports, IRQ sharing enabled
[    2.125704] serial8250: ttyS0 at I/O 0x3f8 (irq = 4) is a 16550A
[    2.218393] serial8250: ttyS1 at I/O 0x2f8 (irq = 3) is a 16550A
[    2.364686] 00:05: ttyS0 at I/O 0x3f8 (irq = 4) is a 16550A
[    2.455594] 00:06: ttyS1 at I/O 0x2f8 (irq = 3) is a 16550A
[    2.518883] Linux agpgart interface v0.103
[    2.534151] Refined TSC clocksource calibration: 2291.998 MHz.
[    2.535327] Switching to clocksource tsc
[    2.587295] brd: module loaded
[    2.626089] loop: module loaded
[    2.678561]  vda: unknown partition table
[    2.733806] scsi0 : ata_piix
[    2.741564] scsi1 : ata_piix
[    2.742970] ata1: PATA max MWDMA2 cmd 0x1f0 ctl 0x3f6 bmdma 0xc0a0 irq 14
[    2.743780] ata2: PATA max MWDMA2 cmd 0x170 ctl 0x376 bmdma 0xc0a8 irq 15
[    2.754714] Fixed MDIO Bus: probed
[    2.755339] tun: Universal TUN/TAP device driver, 1.6
[    2.755929] tun: (C) 1999-2004 Max Krasnyansky &lt;maxk@qualcomm.com&gt;
[    2.767648] PPP generic driver version 2.4.2
[    2.803716] ehci_hcd: USB 2.0 'Enhanced' Host Controller (EHCI) Driver
[    2.806369] ohci_hcd: USB 1.1 'Open' Host Controller (OHCI) Driver
[    2.807351] uhci_hcd: USB Universal Host Controller Interface driver
[    2.809571] uhci_hcd 0000:00:01.2: PCI INT D -&gt; Link[LNKD] -&gt; GSI 11 (level, high) -&gt; IRQ 11
[    2.812414] uhci_hcd 0000:00:01.2: UHCI Host Controller
[    2.822369] uhci_hcd 0000:00:01.2: new USB bus registered, assigned bus number 1
[    2.824054] uhci_hcd 0000:00:01.2: irq 11, io base 0x0000c040
[    2.860698] hub 1-0:1.0: USB hub found
[    2.862571] hub 1-0:1.0: 2 ports detected
[    2.871272] usbcore: registered new interface driver libusual
[    2.874087] i8042: PNP: PS/2 Controller [PNP0303:KBD,PNP0f13:MOU] at 0x60,0x64 irq 1,12
[    2.880975] serio: i8042 KBD port at 0x60,0x64 irq 1
[    2.882475] serio: i8042 AUX port at 0x60,0x64 irq 12
[    2.915179] mousedev: PS/2 mouse device common for all mice
[    2.929716] input: AT Translated Set 2 keyboard as /devices/platform/i8042/serio0/input/input1
[    2.943226] rtc_cmos 00:01: RTC can wake from S4
[    2.967315] rtc_cmos 00:01: rtc core: registered rtc_cmos as rtc0
[    2.970935] rtc0: alarms up to one day, 114 bytes nvram, hpet irqs
[    2.974784] device-mapper: uevent: version 1.0.3
[    3.004903] device-mapper: ioctl: 4.22.0-ioctl (2011-10-19) initialised: dm-devel@redhat.com
[    3.007765] cpuidle: using governor ladder
[    3.009302] cpuidle: using governor menu
[    3.010858] EFI Variables Facility v0.08 2004-May-17
[    3.022870] TCP cubic registered
[    3.028643] NET: Registered protocol family 10
[    3.070251] NET: Registered protocol family 17
[    3.071932] Registering the dns_resolver key type
[    3.083381] ata2.01: ATAPI: QEMU DVD-ROM, 2.0.0, max UDMA/100
[    3.098557] ata2.01: configured for MWDMA2
[    3.151607] scsi 1:0:1:0: CD-ROM            QEMU     QEMU DVD-ROM     2.0. PQ: 0 ANSI: 5
[    3.182993] sr0: scsi3-mmc drive: 4x/4x cd/rw xa/form2 tray
[    3.184041] cdrom: Uniform CD-ROM driver Revision: 3.20
[    3.212869] sr 1:0:1:0: Attached scsi generic sg0 type 5
[    3.251010] registered taskstats version 1
[    3.355861] Freeing initrd memory: 3656k freed
[    3.834715]   Magic number: 11:243:258
[    3.849931] rtc_cmos 00:01: setting system clock to 2015-12-17 02:16:03 UTC (1450318563)
[    3.852004] powernow-k8: Processor cpuid 663 not supported
[    3.858681] BIOS EDD facility v0.16 2004-Jun-25, 0 devices found
[    3.859832] EDD information not available.
[    3.911346] Freeing unused kernel memory: 928k freed
[    3.915103] Write protecting the kernel read-only data: 12288k
[    4.005542] Freeing unused kernel memory: 1596k freed
[    4.067061] Freeing unused kernel memory: 1184k freed

info: initramfs: up at 4.26
modprobe: module virtio_blk not found in modules.dep
modprobe: module virtio_net not found in modules.dep
info: copying initramfs to /dev/vda
info: initramfs loading root from /dev/vda
info: /etc/init.d/rc.sysinit: up at 8.90
info: container: none
Starting logging: OK
modprobe: module virtio_blk not found in modules.dep
modprobe: module virtio_net not found in modules.dep
WARN: /etc/rc3.d/S10-load-modules failed
Initializing random number generator... done.
Starting acpid: OK
cirros-ds 'local' up at 11.33
found datasource (configdrive, local)
Starting network...
udhcpc (v1.20.1) started
Sending discover...
Sending discover...
Sending discover...
Usage: /sbin/cirros-dhcpc &lt;up|down&gt;
No lease, failing
WARN: /etc/rc3.d/S40-network failed
Starting dropbear sshd: generating rsa key... generating dsa key... OK
no userdata for datasource
=== system information ===
Platform: OpenStack Foundation OpenStack Nova
Container: none
Arch: x86_64
CPU(s): 1 @ 2291.862 MHz
Cores/Sockets/Threads: 1/1/1
Virt-type: AMD-V
RAM Size: 49MB
Disks:
NAME MAJ:MIN     SIZE LABEL         MOUNTPOINT
vda  253:0   25165824 cirros-rootfs /
sr0   11:0     428032 config-2      
=== sshd host keys ===
-----BEGIN SSH HOST KEY KEYS-----
ssh-rsa AAAAB3NzaC1yc2EAAAADAQABAAAAgwCFzr31BW0skuk9CGnQhH32nJcsZUX6T0tsk5PvgUqC1ciXheBsPkw+59Z8UOgHzK++GJqAm2Chuw9YtbZns1fKmpVHL9LCGeXI/z34iPOJ0jONTDnCpjkJH+cNQUkCBS44PNapYYrrIFD3/xsCxnbDD59l0nBdApueQ/3proW4IE+F root@tempest
ssh-dss AAAAB3NzaC1kc3MAAACBAMUVBxN6CLH1A+jNlk3TmhIUcbtwGg+X9npdL+4nGzwk+FtbukDmZbVtkQFDy7F4Krz/HeWPkbCiCVflsBKOt7X+/j0lpISix8LsCQLBnGw1E6KoEL4EemzlO1MWJf31k5r8RPtodgiC3USPsim3TXWJnCIvtjFT5H5SqWZdCk/bAAAAFQCu6T5196iixaxkJz6tB/Ks1D65fQAAAIALvDdFBdUhb2lcTMJsajU48sLWGSAoQ086zFwZsftcWLedQwVRgK4kwftQ4hyoRvOQOZp/UxYKv+2f107dSFjJQIXO8MGrvKjqfeyBIczPsGyftuP3a+dy3fklqhJZh5m/mrrSRIplX/35JwjA2fQwZZK31gKWqNkaBO+YoUs6PQAAAIAjJK8GOcbHL1sjiRC05Rj9ozwnAg2zVEGQmh8NtS0s2oiI8KcBf2jxuci6drqa+9r0dYCt2a0PfzIpqkSXr9UcOKpWmqzsl/mMrMaty8I1BEiXTV4WPzst4FLxpZYiKIYELM7B1OmQ5WS/i8BEppHsdfSwCTyGMYa5EyGOPD9slA== root@tempest
-----END SSH HOST KEY KEYS-----
=== network info ===
if-info: lo,up,127.0.0.1,8,::1
if-info: eth0,up,,8,fe80::f816:3eff:fe3d:ca99
=== datasource: configdrive local ===
instance-id: f163fbdc-2072-4ba1-b7fc-8f522aa18944
name: tempest.common.compute-instance-1099045078
availability-zone: nova
local-hostname: tempest.common.compute-instance-1099045078.novalocal
launch-index: 0
=== cirros: current=0.3.4 uptime=203.37 ===
route: fscanf
=== pinging gateway failed, debugging connection ===
############ debug start ##############
### /etc/init.d/sshd start
Starting dropbear sshd: OK
route: fscanf
### ifconfig -a
eth0      Link encap:Ethernet  HWaddr FA:16:3E:3D:CA:99  
          inet6 addr: fe80::f816:3eff:fe3d:ca99/64 Scope:Link
          UP BROADCAST RUNNING MULTICAST  MTU:1500  Metric:1
          RX packets:12 errors:0 dropped:5 overruns:0 frame:0
          TX packets:8 errors:0 dropped:0 overruns:0 carrier:0
          collisions:0 txqueuelen:1000 
          RX bytes:1303 (1.2 KiB)  TX bytes:1134 (1.1 KiB)

lo        Link encap:Local Loopback  
          inet addr:127.0.0.1  Mask:255.0.0.0
          inet6 addr: ::1/128 Scope:Host
          UP LOOPBACK RUNNING  MTU:16436  Metric:1
          RX packets:12 errors:0 dropped:0 overruns:0 frame:0
          TX packets:12 errors:0 dropped:0 overruns:0 carrier:0
          collisions:0 txqueuelen:0 
          RX bytes:1020 (1020.0 B)  TX bytes:1020 (1020.0 B)

### route -n
Kernel IP routing table
Destination     Gateway         Genmask         Flags Metric Ref    Use Iface
route: fscanf
### cat /etc/resolv.conf
cat: can't open '/etc/resolv.conf': No such file or directory
### gateway not found
/sbin/cirros-status: line 1: can't open /etc/resolv.conf: no such file
### pinging nameservers
### uname -a
Linux tempest 3.2.0-80-virtual #116-Ubuntu SMP Mon Mar 23 17:28:52 UTC 2015 x86_64 GNU/Linux
### lsmod
Module                  Size  Used by    Not tainted
nls_iso8859_1          12713  0 
nls_cp437              16991  0 
vfat                   17585  0 
fat                    61512  1 vfat
isofs                  40259  0 
ip_tables              27473  0 
x_tables               29891  1 ip_tables
pcnet32                42119  0 
8139cp                 27360  0 
ne2k_pci               13691  0 
8390                   18856  1 ne2k_pci
e1000                 108589  0 
acpiphp                24231  0 
### dmesg | tail
[    5.058304] EXT3-fs (vda): mounted filesystem with ordered data mode
[    5.399807] ISO 9660 Extensions: Microsoft Joliet Level 3
[    5.464735] ISO 9660 Extensions: RRIP_1991A
[    5.708109] kjournald starting.  Commit interval 5 seconds
[    5.727380] EXT3-fs (vda): using internal journal
[    5.729998] EXT3-fs (vda): mounted filesystem with ordered data mode
[    8.949405] EXT3-fs (vda): using internal journal
[   12.138175] ISO 9660 Extensions: Microsoft Joliet Level 3
[   12.217558] ISO 9660 Extensions: RRIP_1991A
[   26.748646] eth0: no IPv6 routers present
### tail -n 25 /var/log/messages
Dec 17 02:16:09 cirros kern.info kernel: [    4.564721] acpiphp: Slot [26] registered
Dec 17 02:16:09 cirros kern.info kernel: [    4.565636] acpiphp: Slot [27] registered
Dec 17 02:16:09 cirros kern.info kernel: [    4.565961] acpiphp: Slot [28] registered
Dec 17 02:16:09 cirros kern.info kernel: [    4.566317] acpiphp: Slot [29] registered
Dec 17 02:16:09 cirros kern.info kernel: [    4.566494] acpiphp: Slot [30] registered
Dec 17 02:16:09 cirros kern.info kernel: [    4.567615] acpiphp: Slot [31] registered
Dec 17 02:16:09 cirros kern.info kernel: [    4.634884] e1000: Intel(R) PRO/1000 Network Driver - version 7.3.21-k8-NAPI
Dec 17 02:16:09 cirros kern.info kernel: [    4.634933] e1000: Copyright (c) 1999-2006 Intel Corporation.
Dec 17 02:16:09 cirros kern.info kernel: [    4.690725] ne2k-pci.c:v1.03 9/22/2003 D. Becker/P. Gortmaker
Dec 17 02:16:09 cirros kern.info kernel: [    4.744132] 8139cp: 8139cp: 10/100 PCI Ethernet driver v1.3 (Mar 22, 2004)
Dec 17 02:16:09 cirros kern.info kernel: [    4.790780] pcnet32: pcnet32.c:v1.35 21.Apr.2008 tsbogend@alpha.franken.de
Dec 17 02:16:09 cirros kern.info kernel: [    4.836031] ip_tables: (C) 2000-2006 Netfilter Core Team
Dec 17 02:16:09 cirros kern.info kernel: [    5.054490] kjournald starting.  Commit interval 5 seconds
Dec 17 02:16:09 cirros kern.info kernel: [    5.058304] EXT3-fs (vda): mounted filesystem with ordered data mode
Dec 17 02:16:09 cirros kern.debug kernel: [    5.399807] ISO 9660 Extensions: Microsoft Joliet Level 3
Dec 17 02:16:09 cirros kern.debug kernel: [    5.464735] ISO 9660 Extensions: RRIP_1991A
Dec 17 02:16:09 cirros kern.info kernel: [    5.708109] kjournald starting.  Commit interval 5 seconds
Dec 17 02:16:09 cirros kern.info kernel: [    5.727380] EXT3-fs (vda): using internal journal
Dec 17 02:16:09 cirros kern.info kernel: [    5.729998] EXT3-fs (vda): mounted filesystem with ordered data mode
Dec 17 02:16:09 cirros kern.info kernel: [    8.949405] EXT3-fs (vda): using internal journal
Dec 17 02:16:11 cirros kern.debug kernel: [   12.138175] ISO 9660 Extensions: Microsoft Joliet Level 3
Dec 17 02:16:11 cirros kern.debug kernel: [   12.217558] ISO 9660 Extensions: RRIP_1991A
Dec 17 02:16:14 cirros auth.notice su: + /dev/console root:cirros
Dec 17 02:16:26 cirros kern.debug kernel: [   26.748646] eth0: no IPv6 routers present
Dec 17 02:19:20 cirros authpriv.info dropbear[283]: Running in background
############ debug end   ##############
  ____               ____  ____
 / __/ __ ____ ____ / __ \/ __/
/ /__ / // __// __// /_/ /\ \ 
\___//_//_/  /_/   \____/___/ 
   http://cirros-cloud.net


login as 'cirros' user. default password: 'cubswin:)'. use 'sudo' for root.
tempest login: 
2015-12-17 02:19:31,041 21874 INFO     [tempest_lib.common.rest_client] Request (TestGettingAddress:_run_cleanups): 204 DELETE http://10.0.2.15:9696/v2.0/floatingips/5280e781-0968-4175-b584-6d30ba6dfed0 0.285s
2015-12-17 02:19:31,042 21874 DEBUG    [tempest_lib.common.rest_client] Request - Headers: {'Content-Type': 'application/json', 'Accept': 'application/json', 'X-Auth-Token': '&lt;omitted&gt;'}
        Body: None
    Response - Headers: {'date': 'Thu, 17 Dec 2015 02:19:31 GMT', 'status': '204', 'connection': 'close', 'content-length': '0', 'x-openstack-request-id': 'req-8c5a35ed-25c4-45bd-bfa0-b9336b313244'}
        Body: 
2015-12-17 02:19:31,260 21874 INFO     [tempest_lib.common.rest_client] Request (TestGettingAddress:_run_cleanups): 204 DELETE http://10.0.2.15:8774/v2.1/c8e0c1afc314438d9abb32108208e6d2/servers/f163fbdc-2072-4ba1-b7fc-8f522aa18944 0.218s
2015-12-17 02:19:31,261 21874 DEBUG    [tempest_lib.common.rest_client] Request - Headers: {'Content-Type': 'application/json', 'Accept': 'application/json', 'X-Auth-Token': '&lt;omitted&gt;'}
        Body: None
    Response - Headers: {'status': '204', 'content-length': '0', 'x-compute-request-id': 'req-0fc9c123-ca4f-4cfc-9251-6f032257549e', 'vary': 'X-OpenStack-Nova-API-Version', 'connection': 'close', 'x-openstack-nova-api-version': '2.1', 'date': 'Thu, 17 Dec 2015 02:19:31 GMT', 'content-type': 'application/json'}
        Body: 
2015-12-17 02:19:31,471 21874 INFO     [tempest_lib.common.rest_client] Request (TestGettingAddress:_run_cleanups): 200 GET http://10.0.2.15:8774/v2.1/c8e0c1afc314438d9abb32108208e6d2/servers/f163fbdc-2072-4ba1-b7fc-8f522aa18944 0.209s
2015-12-17 02:19:31,472 21874 DEBUG    [tempest_lib.common.rest_client] Request - Headers: {'Content-Type': 'application/json', 'Accept': 'application/json', 'X-Auth-Token': '&lt;omitted&gt;'}
        Body: None
    Response - Headers: {'status': '200', 'content-length': '1904', 'content-location': 'http://10.0.2.15:8774/v2.1/c8e0c1afc314438d9abb32108208e6d2/servers/f163fbdc-2072-4ba1-b7fc-8f522aa18944', 'x-compute-request-id': 'req-3d47b6b1-fe06-4af5-99be-666225967f20', 'vary': 'X-OpenStack-Nova-API-Version', 'connection': 'close', 'x-openstack-nova-api-version': '2.1', 'date': 'Thu, 17 Dec 2015 02:19:31 GMT', 'content-type': 'application/json'}
        Body: {"server": {"status": "ACTIVE", "updated": "2015-12-17T02:19:31Z", "hostId": "d3753c7cbd11261adc3f3ff529bbd5f9a5a144e3add3eb5837a4f553", "addresses": {"tempest-network-smoke--1208070479": [{"OS-EXT-IPS-MAC:mac_addr": "fa:16:3e:3d:ca:99", "version": 4, "addr": "10.100.0.3", "OS-EXT-IPS:type": "fixed"}, {"OS-EXT-IPS-MAC:mac_addr": "fa:16:3e:3d:ca:99", "version": 6, "addr": "2003::f816:3eff:fe3d:ca99", "OS-EXT-IPS:type": "fixed"}, {"OS-EXT-IPS-MAC:mac_addr": "fa:16:3e:3d:ca:99", "version": 4, "addr": "172.24.4.4", "OS-EXT-IPS:type": "floating"}]}, "links": [{"href": "http://10.0.2.15:8774/v2.1/c8e0c1afc314438d9abb32108208e6d2/servers/f163fbdc-2072-4ba1-b7fc-8f522aa18944", "rel": "self"}, {"href": "http://10.0.2.15:8774/c8e0c1afc314438d9abb32108208e6d2/servers/f163fbdc-2072-4ba1-b7fc-8f522aa18944", "rel": "bookmark"}], "key_name": "tempest-TestGettingAddress-1996539027", "image": {"id": "68c5a4ea-7dbc-4d28-876b-057c7aed7e9c", "links": [{"href": "http://10.0.2.15:8774/c8e0c1afc314438d9abb32108208e6d2/images/68c5a4ea-7dbc-4d28-876b-057c7aed7e9c", "rel": "bookmark"}]}, "OS-EXT-STS:task_state": "deleting", "OS-EXT-STS:vm_state": "active", "OS-SRV-USG:launched_at": "2015-12-17T02:15:57.000000", "flavor": {"id": "42", "links": [{"href": "http://10.0.2.15:8774/c8e0c1afc314438d9abb32108208e6d2/flavors/42", "rel": "bookmark"}]}, "id": "f163fbdc-2072-4ba1-b7fc-8f522aa18944", "security_groups": [{"name": "tempest-secgroup-smoke-908844779"}], "OS-SRV-USG:terminated_at": null, "OS-EXT-AZ:availability_zone": "nova", "user_id": "6045b9bdcc644b2da9907bde6948a9b8", "name": "tempest.common.compute-instance-1099045078", "created": "2015-12-17T02:15:53Z", "tenant_id": "c8e0c1afc314438d9abb32108208e6d2", "OS-DCF:diskConfig": "MANUAL", "os-extended-volumes:volumes_attached": [], "accessIPv4": "", "accessIPv6": "", "progress": 0, "OS-EXT-STS:power_state": 1, "config_drive": "True", "metadata": {}}}
2015-12-17 02:19:32,612 21874 INFO     [tempest_lib.common.rest_client] Request (TestGettingAddress:_run_cleanups): 200 GET http://10.0.2.15:8774/v2.1/c8e0c1afc314438d9abb32108208e6d2/servers/f163fbdc-2072-4ba1-b7fc-8f522aa18944 0.129s
2015-12-17 02:19:32,612 21874 DEBUG    [tempest_lib.common.rest_client] Request - Headers: {'Content-Type': 'application/json', 'Accept': 'application/json', 'X-Auth-Token': '&lt;omitted&gt;'}
        Body: None
    Response - Headers: {'status': '200', 'content-length': '1837', 'content-location': 'http://10.0.2.15:8774/v2.1/c8e0c1afc314438d9abb32108208e6d2/servers/f163fbdc-2072-4ba1-b7fc-8f522aa18944', 'x-compute-request-id': 'req-b1cfcd05-4d5c-4844-a2bb-c26c7600a3d4', 'vary': 'X-OpenStack-Nova-API-Version', 'connection': 'close', 'x-openstack-nova-api-version': '2.1', 'date': 'Thu, 17 Dec 2015 02:19:32 GMT', 'content-type': 'application/json'}
        Body: {"server": {"status": "ACTIVE", "updated": "2015-12-17T02:19:31Z", "hostId": "d3753c7cbd11261adc3f3ff529bbd5f9a5a144e3add3eb5837a4f553", "addresses": {"tempest-network-smoke--1208070479": [{"OS-EXT-IPS-MAC:mac_addr": "fa:16:3e:3d:ca:99", "version": 4, "addr": "10.100.0.3", "OS-EXT-IPS:type": "fixed"}, {"OS-EXT-IPS-MAC:mac_addr": "fa:16:3e:3d:ca:99", "version": 6, "addr": "2003::f816:3eff:fe3d:ca99", "OS-EXT-IPS:type": "fixed"}, {"OS-EXT-IPS-MAC:mac_addr": "fa:16:3e:3d:ca:99", "version": 4, "addr": "172.24.4.4", "OS-EXT-IPS:type": "floating"}]}, "links": [{"href": "http://10.0.2.15:8774/v2.1/c8e0c1afc314438d9abb32108208e6d2/servers/f163fbdc-2072-4ba1-b7fc-8f522aa18944", "rel": "self"}, {"href": "http://10.0.2.15:8774/c8e0c1afc314438d9abb32108208e6d2/servers/f163fbdc-2072-4ba1-b7fc-8f522aa18944", "rel": "bookmark"}], "key_name": "tempest-TestGettingAddress-1996539027", "image": {"id": "68c5a4ea-7dbc-4d28-876b-057c7aed7e9c", "links": [{"href": "http://10.0.2.15:8774/c8e0c1afc314438d9abb32108208e6d2/images/68c5a4ea-7dbc-4d28-876b-057c7aed7e9c", "rel": "bookmark"}]}, "OS-EXT-STS:task_state": "deleting", "OS-EXT-STS:vm_state": "active", "OS-SRV-USG:launched_at": "2015-12-17T02:15:57.000000", "flavor": {"id": "42", "links": [{"href": "http://10.0.2.15:8774/c8e0c1afc314438d9abb32108208e6d2/flavors/42", "rel": "bookmark"}]}, "id": "f163fbdc-2072-4ba1-b7fc-8f522aa18944", "OS-SRV-USG:terminated_at": null, "OS-EXT-AZ:availability_zone": "nova", "user_id": "6045b9bdcc644b2da9907bde6948a9b8", "name": "tempest.common.compute-instance-1099045078", "created": "2015-12-17T02:15:53Z", "tenant_id": "c8e0c1afc314438d9abb32108208e6d2", "OS-DCF:diskConfig": "MANUAL", "os-extended-volumes:volumes_attached": [], "accessIPv4": "", "accessIPv6": "", "progress": 0, "OS-EXT-STS:power_state": 1, "config_drive": "True", "metadata": {}}}
2015-12-17 02:19:33,716 21874 INFO     [tempest_lib.common.rest_client] Request (TestGettingAddress:_run_cleanups): 404 GET http://10.0.2.15:8774/v2.1/c8e0c1afc314438d9abb32108208e6d2/servers/f163fbdc-2072-4ba1-b7fc-8f522aa18944 0.091s
2015-12-17 02:19:33,717 21874 DEBUG    [tempest_lib.common.rest_client] Request - Headers: {'Content-Type': 'application/json', 'Accept': 'application/json', 'X-Auth-Token': '&lt;omitted&gt;'}
        Body: None
    Response - Headers: {'status': '404', 'content-length': '111', 'x-compute-request-id': 'req-2029a2c8-030b-43c9-8ba3-240510fea47f', 'vary': 'X-OpenStack-Nova-API-Version', 'connection': 'close', 'x-openstack-nova-api-version': '2.1', 'date': 'Thu, 17 Dec 2015 02:19:33 GMT', 'content-type': 'application/json; charset=UTF-8'}
        Body: {"itemNotFound": {"message": "Instance f163fbdc-2072-4ba1-b7fc-8f522aa18944 could not be found.", "code": 404}}
2015-12-17 02:19:34,242 21874 INFO     [tempest_lib.common.rest_client] Request (TestGettingAddress:_run_cleanups): 200 PUT http://10.0.2.15:9696/v2.0/routers/8a08eb7a-fa62-4330-b494-188cd2665206/remove_router_interface 0.524s
2015-12-17 02:19:34,243 21874 DEBUG    [tempest_lib.common.rest_client] Request - Headers: {'Content-Type': 'application/json', 'Accept': 'application/json', 'X-Auth-Token': '&lt;omitted&gt;'}
        Body: {"subnet_id": "fead1182-3876-48a5-a2cd-15fdeb8d49d2"}
    Response - Headers: {'status': '200', 'content-length': '255', 'connection': 'close', 'date': 'Thu, 17 Dec 2015 02:19:34 GMT', 'content-type': 'application/json; charset=UTF-8', 'x-openstack-request-id': 'req-63096a39-2a49-47fa-887b-1c83343148fa'}
        Body: {"subnet_id": "fead1182-3876-48a5-a2cd-15fdeb8d49d2", "tenant_id": "c8e0c1afc314438d9abb32108208e6d2", "subnet_ids": ["fead1182-3876-48a5-a2cd-15fdeb8d49d2"], "port_id": "366d22da-d5cd-4d64-a2c8-27ec1708c4c3", "id": "8a08eb7a-fa62-4330-b494-188cd2665206"}
2015-12-17 02:19:34,756 21874 INFO     [tempest_lib.common.rest_client] Request (TestGettingAddress:_run_cleanups): 204 DELETE http://10.0.2.15:9696/v2.0/subnets/fead1182-3876-48a5-a2cd-15fdeb8d49d2 0.512s
2015-12-17 02:19:34,757 21874 DEBUG    [tempest_lib.common.rest_client] Request - Headers: {'Content-Type': 'application/json', 'Accept': 'application/json', 'X-Auth-Token': '&lt;omitted&gt;'}
        Body: None
    Response - Headers: {'date': 'Thu, 17 Dec 2015 02:19:34 GMT', 'status': '204', 'connection': 'close', 'content-length': '0', 'x-openstack-request-id': 'req-e2ec0e58-443b-4466-880d-65a4fb3de2df'}
        Body: 
2015-12-17 02:19:34,822 21874 INFO     [tempest_lib.common.rest_client] Request (TestGettingAddress:_run_cleanups): 404 DELETE http://10.0.2.15:9696/v2.0/subnets/fead1182-3876-48a5-a2cd-15fdeb8d49d2 0.064s
2015-12-17 02:19:34,822 21874 DEBUG    [tempest_lib.common.rest_client] Request - Headers: {'Content-Type': 'application/json', 'Accept': 'application/json', 'X-Auth-Token': '&lt;omitted&gt;'}
        Body: None
    Response - Headers: {'status': '404', 'content-length': '136', 'connection': 'close', 'date': 'Thu, 17 Dec 2015 02:19:34 GMT', 'content-type': 'application/json; charset=UTF-8', 'x-openstack-request-id': 'req-e95673c2-6252-41ae-ae82-3cd76ed63dc0'}
        Body: {"NeutronError": {"message": "Subnet fead1182-3876-48a5-a2cd-15fdeb8d49d2 could not be found.", "type": "SubnetNotFound", "detail": ""}}
