<?xml version="1.0" encoding="UTF-8"?>
<!DOCTYPE html PUBLIC "-//W3C//DTD XHTML 1.0 Strict//EN"
     "http://www.w3.org/TR/xhtml1/DTD/xhtml1-strict.dtd">
<html xmlns="http://www.w3.org/1999/xhtml">
<head>
    <title>Unit Test Report</title>
    <meta name="generator" content="subunit2html 0.1"/>
    <meta http-equiv="Content-Type" content="text/html; charset=UTF-8"/>
    
<style type="text/css" media="screen">
body        { font-family: verdana, arial, helvetica, sans-serif;
    font-size: 80%; }
table       { font-size: 100%; width: 100%;}
pre         { font-size: 80%; }

/* -- heading -------------------------------------------------------------- */
h1 {
        font-size: 16pt;
        color: gray;
}
.heading {
    margin-top: 0ex;
    margin-bottom: 1ex;
}

.heading .attribute {
    margin-top: 1ex;
    margin-bottom: 0;
}

.heading .description {
    margin-top: 4ex;
    margin-bottom: 6ex;
}

/* -- css div popup -------------------------------------------------------- */
a.popup_link {
}

a.popup_link:hover {
    color: red;
}

.popup_window {
    display: none;
    overflow-x: scroll;
    /*border: solid #627173 1px; */
    padding: 10px;
    background-color: #E6E6D6;
    font-family: "Ubuntu Mono", "Lucida Console", "Courier New", monospace;
    text-align: left;
    font-size: 8pt;
}

}
/* -- report --------------------------------------------------------------- */
#show_detail_line {
    margin-top: 3ex;
    margin-bottom: 1ex;
}
#result_table {
    width: 100%;
    border-collapse: collapse;
    border: 1px solid #777;
}
#header_row {
    font-weight: bold;
    color: white;
    background-color: #777;
}
#result_table td {
    border: 1px solid #777;
    padding: 2px;
}
#total_row  { font-weight: bold; }
.passClass  { background-color: #6c6; }
.failClass  { background-color: #c60; }
.errorClass { background-color: #c00; }
.passCase   { color: #6c6; }
.failCase   { color: #c60; font-weight: bold; }
.errorCase  { color: #c00; font-weight: bold; }
.hiddenRow  { display: none; }
.testcase   { margin-left: 2em; }
td.testname {width: 40%}
td.small {width: 40px}

/* -- ending --------------------------------------------------------------- */
#ending {
}

</style>

</head>
<body>
<script language="javascript" type="text/javascript"><!--
output_list = Array();

/* level - 0:Summary; 1:Failed; 2:All */
function showCase(level) {
    trs = document.getElementsByTagName("tr");
    for (var i = 0; i < trs.length; i++) {
        tr = trs[i];
        id = tr.id;
        if (id.substr(0,2) == 'ft') {
            if (level < 1) {
                tr.className = 'hiddenRow';
            }
            else {
                tr.className = '';
            }
        }
        if (id.substr(0,2) == 'pt') {
            if (level > 1) {
                tr.className = '';
            }
            else {
                tr.className = 'hiddenRow';
            }
        }
    }
}


function showClassDetail(cid, count) {
    var id_list = Array(count);
    var toHide = 1;
    for (var i = 0; i < count; i++) {
        tid0 = 't' + cid.substr(1) + '.' + (i+1);
        tid = 'f' + tid0;
        tr = document.getElementById(tid);
        if (!tr) {
            tid = 'p' + tid0;
            tr = document.getElementById(tid);
        }
        id_list[i] = tid;
        if (tr.className) {
            toHide = 0;
        }
    }
    for (var i = 0; i < count; i++) {
        tid = id_list[i];
        if (toHide) {
            document.getElementById('div_'+tid).style.display = 'none'
            document.getElementById(tid).className = 'hiddenRow';
        }
        else {
            document.getElementById(tid).className = '';
        }
    }
}


function showTestDetail(div_id){
    var details_div = document.getElementById(div_id)
    var displayState = details_div.style.display
    // alert(displayState)
    if (displayState != 'block' ) {
        displayState = 'block'
        details_div.style.display = 'block'
    }
    else {
        details_div.style.display = 'none'
    }
}


function html_escape(s) {
    s = s.replace(/&/g,'&amp;');
    s = s.replace(/</g,'&lt;');
    s = s.replace(/>/g,'&gt;');
    return s;
}

/* obsoleted by detail in <div>
function showOutput(id, name) {
    var w = window.open("", //url
                    name,
                    "resizable,scrollbars,status,width=800,height=450");
    d = w.document;
    d.write("<pre>");
    d.write(html_escape(output_list[id]));
    d.write("\n");
    d.write("<a href='javascript:window.close()'>close</a>\n");
    d.write("</pre>\n");
    d.close();
}
*/
--></script>

<div class='heading'>
<h1>Unit Test Report</h1>

<p class='attribute'><strong>Status:</strong> Failure 8</p>

<p class='description'></p>
</div>



<p id='show_detail_line'>Show
<a href='javascript:showCase(0)'>Summary</a>
<a href='javascript:showCase(1)'>Failed</a>
<a href='javascript:showCase(2)'>All</a>
</p>
<table id='result_table'>
<colgroup>
<col align='left' />
<col align='right' />
<col align='right' />
<col align='right' />
<col align='right' />
<col align='right' />
<col align='right' />
<col align='right' />
</colgroup>
<tr id='header_row'>
    <td>Test Group/Test case</td>
    <td>Count</td>
    <td>Pass</td>
    <td>Fail</td>
    <td>Error</td>
    <td>Skip</td>
    <td>View</td>
    <td> </td>
</tr>

<tr class='failClass'>
    <td class="testname">tempest.scenario.test_network_v6.TestGettingAddress</td>
    <td class="small">8</td>
    <td class="small">0</td>
    <td class="small">8</td>
    <td class="small">0</td>
    <td class="small">0</td>
    <td class="small"><a href="javascript:showClassDetail('c1',8)"
>Detail</a></td>
    <td> </td>
</tr>

<tr id='ft1.1' class='none'>
    <td class='failCase'><div class='testcase'>test_dhcp6_stateless_from_os[compute,id-d7e1f858-187c-45a6-89c9-bdafde619a9f,network]</div></td>
    <td colspan='7' align='left'>

    <!--css div popup start-->
    <a class="popup_link" onfocus='this.blur();'
    href="javascript:showTestDetail('div_ft1.1')" >
        fail</a>

    <div id='div_ft1.1' class="popup_window">
        <div style='text-align: right; color:red;cursor:pointer'>
        <a onfocus='this.blur();'
onclick="document.getElementById('div_ft1.1').style.display = 'none' " >
           [x]</a>
        </div>
        <pre>
        
ft1.1: tempest.scenario.test_network_v6.TestGettingAddress.test_dhcp6_stateless_from_os[compute,id-d7e1f858-187c-45a6-89c9-bdafde619a9f,network]_StringException: Empty attachments:
  stderr
  stdout

pythonlogging:'': {{{
2015-12-19 15:27:34,394 21528 INFO     [tempest_lib.common.rest_client] Request (TestGettingAddress:setUp): 200 POST http://10.0.2.15:8774/v2.1/e54e4de33d4d404b8d7349eb502ec121/os-keypairs 0.551s
2015-12-19 15:27:34,395 21528 DEBUG    [tempest_lib.common.rest_client] Request - Headers: {'Content-Type': 'application/json', 'Accept': 'application/json', 'X-Auth-Token': '&lt;omitted&gt;'}
        Body: {"keypair": {"name": "tempest-TestGettingAddress-905702644"}}
    Response - Headers: {'status': '200', 'content-length': '2319', 'x-compute-request-id': 'req-4e1b2215-96b8-424e-9b61-74816be23df1', 'vary': 'X-OpenStack-Nova-API-Version', 'connection': 'close', 'x-openstack-nova-api-version': '2.1', 'date': 'Sat, 19 Dec 2015 15:27:34 GMT', 'content-type': 'application/json'}
        Body: {"keypair": {"public_key": "ssh-rsa AAAAB3NzaC1yc2EAAAADAQABAAABAQD6t6wIkd33wjvRUEAcPYWvcWaDjpW/aoKvJJLdy5A0YDQncunBSb6/E1D71mwz2twbWP3yZO1KZ8zPC/d1oCvgGw/dyYJqvgAFMcOsYCq0rvi3wE0O5afQ6l1shqpjE4yyzMklaGUKcqDY34ZQCoX+NFzy1iKeb0xHcVhIGX3ZOf1WVNIzGx0bi/TYoL9+NRv8Fu/pGnAqeeET1SsOqZVlVjnzK+VGf0GuEFpEIUvWi3H4Zwm0cNtlT4p9yWxglW6D15ByZywYrEI76bIXItqpVpCSSdH9cev1eLC9/I/Dd5K4yyMwZYjQH2wax7bJN2F/zE4J9kE6D3c6A0I8z5mv Generated-by-Nova", "private_key": "-----BEGIN RSA PRIVATE KEY-----\nMIIEpwIBAAKCAQEA+resCJHd98I70VBAHD2Fr3Fmg46Vv2qCrySS3cuQNGA0J3Lp\nwUm+vxNQ+9ZsM9rcG1j98mTtSmfMzwv3daAr4BsP3cmCar4ABTHDrGAqtK74t8BN\nDuWn0OpdbIaqYxOMsszJJWhlCnKg2N+GUAqF/jRc8tYinm9MR3FYSBl92Tn9VlTS\nMxsdG4v02KC/fjUb/Bbv6RpwKnnhE9UrDqmVZVY58yvlRn9BrhBaRCFL1otx+GcJ\ntHDbZU+KfclsYJVug9eQcmcsGKxCO+myFyLaqVaQkknR/XHr9XiwvfyPw3eSuMsj\nMGWI0B9sGse2yTdhf8xOCfZBOg93OgNCPM+ZrwIDAQABAoIBABmioB98MrL7lDwx\ntWxtyfaHZND8ykj5LgWUesPc5ZDFaW/DKy2NScilw/kMEqI2tZzCO60GLtEVzfY5\npgLL7tCKU9P8n64kYUImtXgxmQxCe8HmErr8Nm2BGS5YkqFwxUke8U4232XzFIk4\nSbZzbQHx/rMBvCZxAN6pMzqkCJ8mP/cIBDYH3gVeayiZnQql8PhA9akt4PWncDiO\nTTDC8RajMf2tw2I5ywVwqEkZNPVT7lj/w2xx3CvkeQkd0Y2REcxSgL6hodX5/prd\nDMcjo5xQvowIOBX9i71fwGFVpcXLZjJNOK8Oub/Ve/gxDJIqBUEwDPbfLuhJS74t\nTtHFWmkCggCBAPz6WEQDzB+0BJTOVehVmLrdjiJ6wb4VMXTjKjvY+2m65kX20TNY\n7s4/Koj/akL24sBsxhe8SMMPOr2dPpEwCT9Bu4EEKzDHuLPgWwO3/vC5XZhZakj0\nNQ+4aQIWfZk324gPKh7xVYhT+eGrlpsGL8/zDY7pNB93m5Grmrpk+gXjAoIAgQD9\ntmoTKyQzQxDsx8BAtEhYyJRrZWyrrs57jEwfpiVLRqO7kHpJZ4CWTcmsEVna0X1i\nKWdlGyPUudfx/PigdN6TOJ+q/Tb1j/5E3CmlsTkgTWd1bDov5l9Kr+tvzoAa5eCU\nIRzfQUM9ZdO3hsz8njecvEIfLITwTn+CZpk9a49GxQKCAIAoaUFSVBz2b4ZP0wos\nHAhSyXOcFGoAmFgXKPalKss2n5GLWZsfjbRQJA0CZ3KtEc01Gesm/X/OEQ+8HHNT\nNA42GaT/PhA8MZtSuKMxW+IQyDuoS5hL4R7czQORPtB/eknKWUnMOZcFOQzwvL1J\nNFrM6DGhQ6V85Vlnkrcb0WeTKwKCAIB3sUUdwe6UGIG1kw8J94NiD06l0/WOkSts\nceW/0JwrhSndZO2sD55ESnJoMM9ZQheK5cmXk1Q2GW7dBOEuobQXdFEvU8JH2ySz\ny8ICHze6G4pBhUt2KZKvI4tI9fzNs8FdYLnEQX+9SXq2TGwMiX/m+5GeL1yQGhhh\nppGIvmObmQKCAIB2lXSbKF8qAKsjLeXxjNy2csivDxS/pvSbyc26hb5miwMIJALE\nVJ/H/9lwrCqKteUtNx+ZLw2vK315QuVETCjBwFOyx+udghzgVKy3O/vY4Da2j6vB\nhlFclbgzyxgTIT+UdPTFfobIDA5Squ6kTxIh5pzX3tdH/tb3JX2IyEc4TA==\n-----END RSA PRIVATE KEY-----\n", "user_id": "5dfae26482a54d69b0c0edee8714ff7c", "name": "tempest-TestGettingAddress-905702644", "fingerprint": "01:85:b5:4a:d6:31:80:0a:a8:90:c5:81:e6:db:52:72"}}
2015-12-19 15:27:34,751 21528 INFO     [tempest_lib.common.rest_client] Request (TestGettingAddress:setUp): 201 POST http://10.0.2.15:9696/v2.0/security-groups 0.351s
2015-12-19 15:27:34,752 21528 DEBUG    [tempest_lib.common.rest_client] Request - Headers: {'Content-Type': 'application/json', 'Accept': 'application/json', 'X-Auth-Token': '&lt;omitted&gt;'}
        Body: {"security_group": {"tenant_id": "e54e4de33d4d404b8d7349eb502ec121", "description": "tempest-secgroup-smoke-1666899575 description", "name": "tempest-secgroup-smoke-1666899575"}}
    Response - Headers: {'status': '201', 'content-length': '888', 'connection': 'close', 'date': 'Sat, 19 Dec 2015 15:27:34 GMT', 'content-type': 'application/json; charset=UTF-8', 'x-openstack-request-id': 'req-75aa80e6-4e5d-4ff9-94dd-7ac57054f902'}
        Body: {"security_group": {"tenant_id": "e54e4de33d4d404b8d7349eb502ec121", "description": "tempest-secgroup-smoke-1666899575 description", "id": "eb949bd6-fe15-46bd-b91f-19625c653735", "security_group_rules": [{"remote_group_id": null, "direction": "egress", "remote_ip_prefix": null, "protocol": null, "ethertype": "IPv4", "tenant_id": "e54e4de33d4d404b8d7349eb502ec121", "port_range_max": null, "port_range_min": null, "id": "a614d322-94a4-4f4a-9265-22eafde71039", "security_group_id": "eb949bd6-fe15-46bd-b91f-19625c653735"}, {"remote_group_id": null, "direction": "egress", "remote_ip_prefix": null, "protocol": null, "ethertype": "IPv6", "tenant_id": "e54e4de33d4d404b8d7349eb502ec121", "port_range_max": null, "port_range_min": null, "id": "6024ceae-d795-4b30-97ae-571d32d07041", "security_group_id": "eb949bd6-fe15-46bd-b91f-19625c653735"}], "name": "tempest-secgroup-smoke-1666899575"}}
2015-12-19 15:27:34,879 21528 INFO     [tempest_lib.common.rest_client] Request (TestGettingAddress:setUp): 201 POST http://10.0.2.15:9696/v2.0/security-group-rules 0.126s
2015-12-19 15:27:34,880 21528 DEBUG    [tempest_lib.common.rest_client] Request - Headers: {'Content-Type': 'application/json', 'Accept': 'application/json', 'X-Auth-Token': '&lt;omitted&gt;'}
        Body: {"security_group_rule": {"direction": "ingress", "protocol": "tcp", "tenant_id": "e54e4de33d4d404b8d7349eb502ec121", "port_range_max": 22, "security_group_id": "eb949bd6-fe15-46bd-b91f-19625c653735", "port_range_min": 22}}
    Response - Headers: {'status': '201', 'content-length': '340', 'connection': 'close', 'date': 'Sat, 19 Dec 2015 15:27:34 GMT', 'content-type': 'application/json; charset=UTF-8', 'x-openstack-request-id': 'req-fdaf930d-7093-430f-9650-542712053e6a'}
        Body: {"security_group_rule": {"remote_group_id": null, "direction": "ingress", "remote_ip_prefix": null, "protocol": "tcp", "ethertype": "IPv4", "tenant_id": "e54e4de33d4d404b8d7349eb502ec121", "port_range_max": 22, "port_range_min": 22, "id": "d2690359-1a9a-42b7-b675-1616cad0ef56", "security_group_id": "eb949bd6-fe15-46bd-b91f-19625c653735"}}
2015-12-19 15:27:35,003 21528 INFO     [tempest_lib.common.rest_client] Request (TestGettingAddress:setUp): 201 POST http://10.0.2.15:9696/v2.0/security-group-rules 0.121s
2015-12-19 15:27:35,003 21528 DEBUG    [tempest_lib.common.rest_client] Request - Headers: {'Content-Type': 'application/json', 'Accept': 'application/json', 'X-Auth-Token': '&lt;omitted&gt;'}
        Body: {"security_group_rule": {"direction": "egress", "protocol": "tcp", "tenant_id": "e54e4de33d4d404b8d7349eb502ec121", "port_range_max": 22, "security_group_id": "eb949bd6-fe15-46bd-b91f-19625c653735", "port_range_min": 22}}
    Response - Headers: {'status': '201', 'content-length': '339', 'connection': 'close', 'date': 'Sat, 19 Dec 2015 15:27:35 GMT', 'content-type': 'application/json; charset=UTF-8', 'x-openstack-request-id': 'req-6830efbd-f210-4099-a044-4716dd19d636'}
        Body: {"security_group_rule": {"remote_group_id": null, "direction": "egress", "remote_ip_prefix": null, "protocol": "tcp", "ethertype": "IPv4", "tenant_id": "e54e4de33d4d404b8d7349eb502ec121", "port_range_max": 22, "port_range_min": 22, "id": "10dfd0ea-1851-4a61-86e9-9f20099b8d08", "security_group_id": "eb949bd6-fe15-46bd-b91f-19625c653735"}}
2015-12-19 15:27:35,133 21528 INFO     [tempest_lib.common.rest_client] Request (TestGettingAddress:setUp): 201 POST http://10.0.2.15:9696/v2.0/security-group-rules 0.128s
2015-12-19 15:27:35,133 21528 DEBUG    [tempest_lib.common.rest_client] Request - Headers: {'Content-Type': 'application/json', 'Accept': 'application/json', 'X-Auth-Token': '&lt;omitted&gt;'}
        Body: {"security_group_rule": {"tenant_id": "e54e4de33d4d404b8d7349eb502ec121", "direction": "ingress", "protocol": "icmp", "security_group_id": "eb949bd6-fe15-46bd-b91f-19625c653735"}}
    Response - Headers: {'status': '201', 'content-length': '345', 'connection': 'close', 'date': 'Sat, 19 Dec 2015 15:27:35 GMT', 'content-type': 'application/json; charset=UTF-8', 'x-openstack-request-id': 'req-f8b31b60-b35a-4b5e-8fe0-aef8b68fb205'}
        Body: {"security_group_rule": {"remote_group_id": null, "direction": "ingress", "remote_ip_prefix": null, "protocol": "icmp", "ethertype": "IPv4", "tenant_id": "e54e4de33d4d404b8d7349eb502ec121", "port_range_max": null, "port_range_min": null, "id": "b227f65a-3022-404b-9bcd-cf3eec6ce8f0", "security_group_id": "eb949bd6-fe15-46bd-b91f-19625c653735"}}
2015-12-19 15:27:35,263 21528 INFO     [tempest_lib.common.rest_client] Request (TestGettingAddress:setUp): 201 POST http://10.0.2.15:9696/v2.0/security-group-rules 0.128s
2015-12-19 15:27:35,263 21528 DEBUG    [tempest_lib.common.rest_client] Request - Headers: {'Content-Type': 'application/json', 'Accept': 'application/json', 'X-Auth-Token': '&lt;omitted&gt;'}
        Body: {"security_group_rule": {"tenant_id": "e54e4de33d4d404b8d7349eb502ec121", "direction": "egress", "protocol": "icmp", "security_group_id": "eb949bd6-fe15-46bd-b91f-19625c653735"}}
    Response - Headers: {'status': '201', 'content-length': '344', 'connection': 'close', 'date': 'Sat, 19 Dec 2015 15:27:35 GMT', 'content-type': 'application/json; charset=UTF-8', 'x-openstack-request-id': 'req-56419622-c87f-44fe-bc8c-c68582446fca'}
        Body: {"security_group_rule": {"remote_group_id": null, "direction": "egress", "remote_ip_prefix": null, "protocol": "icmp", "ethertype": "IPv4", "tenant_id": "e54e4de33d4d404b8d7349eb502ec121", "port_range_max": null, "port_range_min": null, "id": "2d084046-19c4-4562-afdb-225e50ded13b", "security_group_id": "eb949bd6-fe15-46bd-b91f-19625c653735"}}
2015-12-19 15:27:35,387 21528 INFO     [tempest_lib.common.rest_client] Request (TestGettingAddress:setUp): 201 POST http://10.0.2.15:9696/v2.0/security-group-rules 0.121s
2015-12-19 15:27:35,387 21528 DEBUG    [tempest_lib.common.rest_client] Request - Headers: {'Content-Type': 'application/json', 'Accept': 'application/json', 'X-Auth-Token': '&lt;omitted&gt;'}
        Body: {"security_group_rule": {"tenant_id": "e54e4de33d4d404b8d7349eb502ec121", "direction": "ingress", "security_group_id": "eb949bd6-fe15-46bd-b91f-19625c653735", "protocol": "icmp", "ethertype": "IPv6"}}
    Response - Headers: {'status': '201', 'content-length': '345', 'connection': 'close', 'date': 'Sat, 19 Dec 2015 15:27:35 GMT', 'content-type': 'application/json; charset=UTF-8', 'x-openstack-request-id': 'req-30fddcfa-cb52-4a84-ad35-d6b9c23fc829'}
        Body: {"security_group_rule": {"remote_group_id": null, "direction": "ingress", "remote_ip_prefix": null, "protocol": "icmp", "ethertype": "IPv6", "tenant_id": "e54e4de33d4d404b8d7349eb502ec121", "port_range_max": null, "port_range_min": null, "id": "109230ec-0bdf-4bed-be8e-391610b14e98", "security_group_id": "eb949bd6-fe15-46bd-b91f-19625c653735"}}
2015-12-19 15:27:35,509 21528 INFO     [tempest_lib.common.rest_client] Request (TestGettingAddress:setUp): 201 POST http://10.0.2.15:9696/v2.0/security-group-rules 0.120s
2015-12-19 15:27:35,509 21528 DEBUG    [tempest_lib.common.rest_client] Request - Headers: {'Content-Type': 'application/json', 'Accept': 'application/json', 'X-Auth-Token': '&lt;omitted&gt;'}
        Body: {"security_group_rule": {"tenant_id": "e54e4de33d4d404b8d7349eb502ec121", "direction": "egress", "security_group_id": "eb949bd6-fe15-46bd-b91f-19625c653735", "protocol": "icmp", "ethertype": "IPv6"}}
    Response - Headers: {'status': '201', 'content-length': '344', 'connection': 'close', 'date': 'Sat, 19 Dec 2015 15:27:35 GMT', 'content-type': 'application/json; charset=UTF-8', 'x-openstack-request-id': 'req-8e712257-c8bf-4e9a-9e5b-3ebc8d7cf928'}
        Body: {"security_group_rule": {"remote_group_id": null, "direction": "egress", "remote_ip_prefix": null, "protocol": "icmp", "ethertype": "IPv6", "tenant_id": "e54e4de33d4d404b8d7349eb502ec121", "port_range_max": null, "port_range_min": null, "id": "4441e91e-a618-4b11-b841-ff68932b132c", "security_group_id": "eb949bd6-fe15-46bd-b91f-19625c653735"}}
2015-12-19 15:27:35,814 21528 INFO     [tempest_lib.common.rest_client] Request (TestGettingAddress:test_dhcp6_stateless_from_os): 201 POST http://10.0.2.15:9696/v2.0/networks 0.304s
2015-12-19 15:27:35,815 21528 DEBUG    [tempest_lib.common.rest_client] Request - Headers: {'Content-Type': 'application/json', 'Accept': 'application/json', 'X-Auth-Token': '&lt;omitted&gt;'}
        Body: {"network": {"tenant_id": "e54e4de33d4d404b8d7349eb502ec121", "name": "tempest-network-smoke--247479703"}}
    Response - Headers: {'status': '201', 'content-length': '328', 'connection': 'close', 'date': 'Sat, 19 Dec 2015 15:27:35 GMT', 'content-type': 'application/json; charset=UTF-8', 'x-openstack-request-id': 'req-8eeb6309-1aef-4bcb-9071-dc4d0a9a2269'}
        Body: {"network": {"status": "ACTIVE", "subnets": [], "availability_zone_hints": "[]", "name": "tempest-network-smoke--247479703", "admin_state_up": true, "tenant_id": "e54e4de33d4d404b8d7349eb502ec121", "mtu": 0, "router:external": false, "shared": false, "port_security_enabled": true, "id": "6f8d02ff-e91e-4d45-9356-7676131f9941"}}
2015-12-19 15:27:36,004 21528 INFO     [tempest_lib.common.rest_client] Request (TestGettingAddress:test_dhcp6_stateless_from_os): 200 GET http://10.0.2.15:9696/v2.0/subnets?tenant_id=e54e4de33d4d404b8d7349eb502ec121&amp;cidr=10.100.0.0%2F28 0.186s
2015-12-19 15:27:36,005 21528 DEBUG    [tempest_lib.common.rest_client] Request - Headers: {'Content-Type': 'application/json', 'Accept': 'application/json', 'X-Auth-Token': '&lt;omitted&gt;'}
        Body: None
    Response - Headers: {'status': '200', 'content-length': '15', 'content-location': 'http://10.0.2.15:9696/v2.0/subnets?tenant_id=e54e4de33d4d404b8d7349eb502ec121&amp;cidr=10.100.0.0%2F28', 'connection': 'close', 'date': 'Sat, 19 Dec 2015 15:27:36 GMT', 'content-type': 'application/json; charset=UTF-8', 'x-openstack-request-id': 'req-fa16ffe1-41ea-4be7-b8a9-f946031d707a'}
        Body: {"subnets": []}
2015-12-19 15:27:36,358 21528 INFO     [tempest_lib.common.rest_client] Request (TestGettingAddress:test_dhcp6_stateless_from_os): 201 POST http://10.0.2.15:9696/v2.0/subnets 0.351s
2015-12-19 15:27:36,358 21528 DEBUG    [tempest_lib.common.rest_client] Request - Headers: {'Content-Type': 'application/json', 'Accept': 'application/json', 'X-Auth-Token': '&lt;omitted&gt;'}
        Body: {"subnet": {"ip_version": 4, "tenant_id": "e54e4de33d4d404b8d7349eb502ec121", "cidr": "10.100.0.0/28", "network_id": "6f8d02ff-e91e-4d45-9356-7676131f9941", "name": "tempest-sub4-268098587"}}
    Response - Headers: {'status': '201', 'content-length': '469', 'connection': 'close', 'date': 'Sat, 19 Dec 2015 15:27:36 GMT', 'content-type': 'application/json; charset=UTF-8', 'x-openstack-request-id': 'req-33062ce8-dcd0-4a0d-81b9-d6910224cef3'}
        Body: {"subnet": {"name": "tempest-sub4-268098587", "enable_dhcp": true, "network_id": "6f8d02ff-e91e-4d45-9356-7676131f9941", "tenant_id": "e54e4de33d4d404b8d7349eb502ec121", "dns_nameservers": [], "gateway_ip": "10.100.0.1", "ipv6_ra_mode": null, "allocation_pools": [{"start": "10.100.0.2", "end": "10.100.0.14"}], "host_routes": [], "ip_version": 4, "ipv6_address_mode": null, "cidr": "10.100.0.0/28", "id": "c5d62835-a008-4b5c-9b82-f9d1c3fc7be1", "subnetpool_id": null}}
2015-12-19 15:27:36,438 21528 INFO     [tempest_lib.common.rest_client] Request (TestGettingAddress:test_dhcp6_stateless_from_os): 201 POST http://10.0.2.15:9696/v2.0/routers 0.078s
2015-12-19 15:27:36,439 21528 DEBUG    [tempest_lib.common.rest_client] Request - Headers: {'Content-Type': 'application/json', 'Accept': 'application/json', 'X-Auth-Token': '&lt;omitted&gt;'}
        Body: {"router": {"tenant_id": "e54e4de33d4d404b8d7349eb502ec121", "name": "tempest-router-smoke-1415724986", "admin_state_up": true}}
    Response - Headers: {'status': '201', 'content-length': '296', 'connection': 'close', 'date': 'Sat, 19 Dec 2015 15:27:36 GMT', 'content-type': 'application/json; charset=UTF-8', 'x-openstack-request-id': 'req-771b8dd6-0f94-4358-9709-1776ac6666ea'}
        Body: {"router": {"status": "ACTIVE", "external_gateway_info": null, "availability_zone_hints": [], "availability_zones": [], "name": "tempest-router-smoke-1415724986", "admin_state_up": true, "tenant_id": "e54e4de33d4d404b8d7349eb502ec121", "routes": [], "id": "f83757ec-5948-4254-a1dd-761f4a86b4ec"}}
2015-12-19 15:27:36,490 21528 INFO     [tempest_lib.common.rest_client] Request (TestGettingAddress:test_dhcp6_stateless_from_os): 200 GET http://10.0.2.15:9696/v2.0/routers/f83757ec-5948-4254-a1dd-761f4a86b4ec 0.050s
2015-12-19 15:27:36,490 21528 DEBUG    [tempest_lib.common.rest_client] Request - Headers: {'Content-Type': 'application/json', 'Accept': 'application/json', 'X-Auth-Token': '&lt;omitted&gt;'}
        Body: None
    Response - Headers: {'status': '200', 'content-length': '296', 'content-location': 'http://10.0.2.15:9696/v2.0/routers/f83757ec-5948-4254-a1dd-761f4a86b4ec', 'connection': 'close', 'date': 'Sat, 19 Dec 2015 15:27:36 GMT', 'content-type': 'application/json; charset=UTF-8', 'x-openstack-request-id': 'req-7fff78da-c5f9-41bd-8071-6342c57ff5f0'}
        Body: {"router": {"status": "ACTIVE", "external_gateway_info": null, "availability_zone_hints": [], "availability_zones": [], "name": "tempest-router-smoke-1415724986", "admin_state_up": true, "tenant_id": "e54e4de33d4d404b8d7349eb502ec121", "routes": [], "id": "f83757ec-5948-4254-a1dd-761f4a86b4ec"}}
2015-12-19 15:27:37,450 21528 INFO     [tempest_lib.common.rest_client] Request (TestGettingAddress:test_dhcp6_stateless_from_os): 200 PUT http://10.0.2.15:9696/v2.0/routers/f83757ec-5948-4254-a1dd-761f4a86b4ec 0.959s
2015-12-19 15:27:37,450 21528 DEBUG    [tempest_lib.common.rest_client] Request - Headers: {'Content-Type': 'application/json', 'Accept': 'application/json', 'X-Auth-Token': '&lt;omitted&gt;'}
        Body: {"router": {"external_gateway_info": {"network_id": "06797ea6-85a0-4aeb-ac62-8a9e124f126b"}, "name": "tempest-router-smoke-1415724986", "admin_state_up": true}}
    Response - Headers: {'status': '200', 'content-length': '558', 'connection': 'close', 'date': 'Sat, 19 Dec 2015 15:27:37 GMT', 'content-type': 'application/json; charset=UTF-8', 'x-openstack-request-id': 'req-0ef80c51-f508-47b5-a574-09df232396ef'}
        Body: {"router": {"status": "ACTIVE", "external_gateway_info": {"network_id": "06797ea6-85a0-4aeb-ac62-8a9e124f126b", "enable_snat": true, "external_fixed_ips": [{"subnet_id": "678dca8e-10fb-4785-b975-271e1ecbaa9d", "ip_address": "172.24.4.3"}, {"subnet_id": "ce7d7d27-2710-43d4-8c9a-cba73b945fce", "ip_address": "2001:db8::3"}]}, "availability_zone_hints": [], "availability_zones": [], "name": "tempest-router-smoke-1415724986", "admin_state_up": true, "tenant_id": "e54e4de33d4d404b8d7349eb502ec121", "routes": [], "id": "f83757ec-5948-4254-a1dd-761f4a86b4ec"}}
2015-12-19 15:27:38,148 21528 INFO     [tempest_lib.common.rest_client] Request (TestGettingAddress:test_dhcp6_stateless_from_os): 200 PUT http://10.0.2.15:9696/v2.0/routers/f83757ec-5948-4254-a1dd-761f4a86b4ec/add_router_interface 0.697s
2015-12-19 15:27:38,148 21528 DEBUG    [tempest_lib.common.rest_client] Request - Headers: {'Content-Type': 'application/json', 'Accept': 'application/json', 'X-Auth-Token': '&lt;omitted&gt;'}
        Body: {"subnet_id": "c5d62835-a008-4b5c-9b82-f9d1c3fc7be1"}
    Response - Headers: {'status': '200', 'content-length': '255', 'connection': 'close', 'date': 'Sat, 19 Dec 2015 15:27:38 GMT', 'content-type': 'application/json; charset=UTF-8', 'x-openstack-request-id': 'req-5acd14c1-ea51-4606-8b47-5ec842d03bcd'}
        Body: {"subnet_id": "c5d62835-a008-4b5c-9b82-f9d1c3fc7be1", "tenant_id": "e54e4de33d4d404b8d7349eb502ec121", "subnet_ids": ["c5d62835-a008-4b5c-9b82-f9d1c3fc7be1"], "port_id": "24092c29-3cc0-4379-b693-76cb7f7e6ad2", "id": "f83757ec-5948-4254-a1dd-761f4a86b4ec"}
2015-12-19 15:27:38,334 21528 INFO     [tempest_lib.common.rest_client] Request (TestGettingAddress:test_dhcp6_stateless_from_os): 200 GET http://10.0.2.15:9696/v2.0/subnets?tenant_id=e54e4de33d4d404b8d7349eb502ec121&amp;cidr=2003%3A%3A%2F64 0.184s
2015-12-19 15:27:38,335 21528 DEBUG    [tempest_lib.common.rest_client] Request - Headers: {'Content-Type': 'application/json', 'Accept': 'application/json', 'X-Auth-Token': '&lt;omitted&gt;'}
        Body: None
    Response - Headers: {'status': '200', 'content-length': '15', 'content-location': 'http://10.0.2.15:9696/v2.0/subnets?tenant_id=e54e4de33d4d404b8d7349eb502ec121&amp;cidr=2003%3A%3A%2F64', 'connection': 'close', 'date': 'Sat, 19 Dec 2015 15:27:38 GMT', 'content-type': 'application/json; charset=UTF-8', 'x-openstack-request-id': 'req-f4a2a6ca-99a7-422e-956d-10fd12b32182'}
        Body: {"subnets": []}
2015-12-19 15:27:38,717 21528 INFO     [tempest_lib.common.rest_client] Request (TestGettingAddress:test_dhcp6_stateless_from_os): 201 POST http://10.0.2.15:9696/v2.0/subnets 0.381s
2015-12-19 15:27:38,718 21528 DEBUG    [tempest_lib.common.rest_client] Request - Headers: {'Content-Type': 'application/json', 'Accept': 'application/json', 'X-Auth-Token': '&lt;omitted&gt;'}
        Body: {"subnet": {"name": "tempest-sub6-1442087784", "network_id": "6f8d02ff-e91e-4d45-9356-7676131f9941", "tenant_id": "e54e4de33d4d404b8d7349eb502ec121", "ipv6_ra_mode": "dhcpv6-stateless", "ip_version": 6, "ipv6_address_mode": "dhcpv6-stateless", "cidr": "2003::/64"}}
    Response - Headers: {'status': '201', 'content-length': '502', 'connection': 'close', 'date': 'Sat, 19 Dec 2015 15:27:38 GMT', 'content-type': 'application/json; charset=UTF-8', 'x-openstack-request-id': 'req-5b28aca3-eab5-4a73-8a5d-34649bdfddd4'}
        Body: {"subnet": {"name": "tempest-sub6-1442087784", "enable_dhcp": true, "network_id": "6f8d02ff-e91e-4d45-9356-7676131f9941", "tenant_id": "e54e4de33d4d404b8d7349eb502ec121", "dns_nameservers": [], "gateway_ip": "2003::1", "ipv6_ra_mode": "dhcpv6-stateless", "allocation_pools": [{"start": "2003::2", "end": "2003::ffff:ffff:ffff:ffff"}], "host_routes": [], "ip_version": 6, "ipv6_address_mode": "dhcpv6-stateless", "cidr": "2003::/64", "id": "c4398b62-01ea-4220-85a1-c380f5d33004", "subnetpool_id": null}}
2015-12-19 15:27:39,428 21528 INFO     [tempest_lib.common.rest_client] Request (TestGettingAddress:test_dhcp6_stateless_from_os): 200 PUT http://10.0.2.15:9696/v2.0/routers/f83757ec-5948-4254-a1dd-761f4a86b4ec/add_router_interface 0.709s
2015-12-19 15:27:39,428 21528 DEBUG    [tempest_lib.common.rest_client] Request - Headers: {'Content-Type': 'application/json', 'Accept': 'application/json', 'X-Auth-Token': '&lt;omitted&gt;'}
        Body: {"subnet_id": "c4398b62-01ea-4220-85a1-c380f5d33004"}
    Response - Headers: {'status': '200', 'content-length': '255', 'connection': 'close', 'date': 'Sat, 19 Dec 2015 15:27:39 GMT', 'content-type': 'application/json; charset=UTF-8', 'x-openstack-request-id': 'req-61d0e7b7-f3a5-43c3-97f4-97892209dc37'}
        Body: {"subnet_id": "c4398b62-01ea-4220-85a1-c380f5d33004", "tenant_id": "e54e4de33d4d404b8d7349eb502ec121", "subnet_ids": ["c4398b62-01ea-4220-85a1-c380f5d33004"], "port_id": "ca0d16f7-bf88-40d8-85cb-a648b6f5cfdc", "id": "f83757ec-5948-4254-a1dd-761f4a86b4ec"}
2015-12-19 15:27:39,532 21528 INFO     [tempest_lib.common.rest_client] Request (TestGettingAddress:test_dhcp6_stateless_from_os): 200 POST http://10.0.2.15:5000/v2.0/tokens
2015-12-19 15:27:39,533 21528 DEBUG    [tempest_lib.common.rest_client] Request - Headers: {'Content-Type': 'application/json', 'Accept': 'application/json'}
        Body: &lt;omitted&gt;
    Response - Headers: {'status': '200', 'content-length': '2524', 'vary': 'X-Auth-Token', 'server': 'Apache/2.4.7 (Ubuntu)', 'connection': 'close', 'date': 'Sat, 19 Dec 2015 15:27:39 GMT', 'content-type': 'application/json', 'x-openstack-request-id': 'req-fafefcd8-9eb1-4b16-b1f3-b7c1c8e6b2a1'}
        Body: {"access": {"token": {"issued_at": "2015-12-19T15:27:39.521154", "expires": "2015-12-19T16:27:39Z", "id": "02d3130c8971466cae90d6dce4baaa72", "tenant": {"description": "tempest-TestGettingAddress-841926215-desc", "enabled": true, "id": "e54e4de33d4d404b8d7349eb502ec121", "name": "tempest-TestGettingAddress-841926215"}, "audit_ids": ["-95cPV9ASDGOfZhz5jlu_g"]}, "serviceCatalog": [{"endpoints": [{"adminURL": "http://10.0.2.15:8774/v2.1/e54e4de33d4d404b8d7349eb502ec121", "region": "RegionOne", "internalURL": "http://10.0.2.15:8774/v2.1/e54e4de33d4d404b8d7349eb502ec121", "id": "13044ddb972c464ca60e1087b08ab025", "publicURL": "http://10.0.2.15:8774/v2.1/e54e4de33d4d404b8d7349eb502ec121"}], "endpoints_links": [], "type": "compute", "name": "nova"}, {"endpoints": [{"adminURL": "http://10.0.2.15:9696/", "region": "RegionOne", "internalURL": "http://10.0.2.15:9696/", "id": "e269e6cc63a6421ca3e45eef211db725", "publicURL": "http://10.0.2.15:9696/"}], "endpoints_links": [], "type": "network", "name": "neutron"}, {"endpoints": [{"adminURL": "http://10.0.2.15:9292", "region": "RegionOne", "internalURL": "http://10.0.2.15:9292", "id": "2c96759fa6d1447e8259b285521778bb", "publicURL": "http://10.0.2.15:9292"}], "endpoints_links": [], "type": "image", "name": "glance"}, {"endpoints": [{"adminURL": "http://10.0.2.15:8774/v2/e54e4de33d4d404b8d7349eb502ec121", "region": "RegionOne", "internalURL": "http://10.0.2.15:8774/v2/e54e4de33d4d404b8d7349eb502ec121", "id": "02273174cc07448bb08bd26b8dd2085e", "publicURL": "http://10.0.2.15:8774/v2/e54e4de33d4d404b8d7349eb502ec121"}], "endpoints_links": [], "type": "compute_legacy", "name": "nova_legacy"}, {"endpoints": [{"adminURL": "http://10.0.2.15:8773/", "region": "RegionOne", "internalURL": "http://10.0.2.15:8773/", "id": "24dba80a4ee44a879dc5cd76f138d152", "publicURL": "http://10.0.2.15:8773/"}], "endpoints_links": [], "type": "ec2", "name": "ec2"}, {"endpoints": [{"adminURL": "http://10.0.2.15:35357/v2.0", "region": "RegionOne", "internalURL": "http://10.0.2.15:5000/v2.0", "id": "5abe9f42aa0f45058303331d14df3bc7", "publicURL": "http://10.0.2.15:5000/v2.0"}], "endpoints_links": [], "type": "identity", "name": "keystone"}], "user": {"username": "tempest-TestGettingAddress-1704323334", "roles_links": [], "id": "5dfae26482a54d69b0c0edee8714ff7c", "roles": [{"name": "_member_"}, {"name": "Member"}], "name": "tempest-TestGettingAddress-1704323334"}, "metadata": {"is_admin": 0, "roles": ["9fe2ff9ee4384b1894a90878d3e92bab", "d005724237b94c6ebd756f675cebc490"]}}}
2015-12-19 15:27:39,539 21528 DEBUG    [tempest.common.fixed_network] (TestGettingAddress:test_dhcp6_stateless_from_os) No valid network provided or created, defaulting to fixed_network_name
2015-12-19 15:27:39,825 21528 INFO     [tempest_lib.common.rest_client] Request (TestGettingAddress:test_dhcp6_stateless_from_os): 200 GET http://10.0.2.15:8774/v2.1/e54e4de33d4d404b8d7349eb502ec121/os-networks 0.285s
2015-12-19 15:27:39,825 21528 DEBUG    [tempest_lib.common.rest_client] Request - Headers: {'Content-Type': 'application/json', 'Accept': 'application/json', 'X-Auth-Token': '&lt;omitted&gt;'}
        Body: None
    Response - Headers: {'status': '200', 'content-length': '478', 'content-location': 'http://10.0.2.15:8774/v2.1/e54e4de33d4d404b8d7349eb502ec121/os-networks', 'x-compute-request-id': 'req-967f1ffa-30be-4ae9-9d2d-a86a053ef877', 'vary': 'X-OpenStack-Nova-API-Version', 'connection': 'close', 'x-openstack-nova-api-version': '2.1', 'date': 'Sat, 19 Dec 2015 15:27:39 GMT', 'content-type': 'application/json'}
        Body: {"networks": [{"cidr_v6": null, "dns2": null, "dns1": null, "gateway": null, "broadcast": null, "netmask": null, "gateway_v6": null, "cidr": null, "label": "tempest-network-smoke--247479703", "id": "6f8d02ff-e91e-4d45-9356-7676131f9941", "netmask_v6": null}, {"cidr_v6": null, "dns2": null, "dns1": null, "gateway": null, "broadcast": null, "netmask": null, "gateway_v6": null, "cidr": null, "label": "public", "id": "06797ea6-85a0-4aeb-ac62-8a9e124f126b", "netmask_v6": null}]}
2015-12-19 15:27:39,826 21528 WARNING  [tempest.common.fixed_network] (TestGettingAddress:test_dhcp6_stateless_from_os) Network with name: private not found
2015-12-19 15:27:39,826 21528 INFO     [tempest.common.fixed_network] (TestGettingAddress:test_dhcp6_stateless_from_os) Found network {} available for tenant
2015-12-19 15:27:41,180 21528 INFO     [tempest_lib.common.rest_client] Request (TestGettingAddress:test_dhcp6_stateless_from_os): 202 POST http://10.0.2.15:8774/v2.1/e54e4de33d4d404b8d7349eb502ec121/servers 1.353s
2015-12-19 15:27:41,180 21528 DEBUG    [tempest_lib.common.rest_client] Request - Headers: {'Content-Type': 'application/json', 'Accept': 'application/json', 'X-Auth-Token': '&lt;omitted&gt;'}
        Body: {"server": {"name": "tempest.common.compute-instance-2018245514", "imageRef": "9e68d77d-52fc-4012-a427-ddc7a99c3c71", "key_name": "tempest-TestGettingAddress-905702644", "flavorRef": "42", "networks": [{"uuid": "6f8d02ff-e91e-4d45-9356-7676131f9941"}], "security_groups": [{"name": "tempest-secgroup-smoke-1666899575"}]}}
    Response - Headers: {'status': '202', 'content-length': '462', 'x-compute-request-id': 'req-923fde83-db12-4f5a-9ca1-803c593ee858', 'vary': 'X-OpenStack-Nova-API-Version', 'connection': 'close', 'location': 'http://10.0.2.15:8774/v2.1/e54e4de33d4d404b8d7349eb502ec121/servers/6f66a75d-f933-4a86-bf98-326a38a78547', 'x-openstack-nova-api-version': '2.1', 'date': 'Sat, 19 Dec 2015 15:27:41 GMT', 'content-type': 'application/json'}
        Body: {"server": {"security_groups": [{"name": "tempest-secgroup-smoke-1666899575"}], "OS-DCF:diskConfig": "MANUAL", "id": "6f66a75d-f933-4a86-bf98-326a38a78547", "links": [{"href": "http://10.0.2.15:8774/v2.1/e54e4de33d4d404b8d7349eb502ec121/servers/6f66a75d-f933-4a86-bf98-326a38a78547", "rel": "self"}, {"href": "http://10.0.2.15:8774/e54e4de33d4d404b8d7349eb502ec121/servers/6f66a75d-f933-4a86-bf98-326a38a78547", "rel": "bookmark"}], "adminPass": "GbQXpZ5BogfB"}}
2015-12-19 15:27:41,310 21528 INFO     [tempest_lib.common.rest_client] Request (TestGettingAddress:test_dhcp6_stateless_from_os): 200 GET http://10.0.2.15:8774/v2.1/e54e4de33d4d404b8d7349eb502ec121/servers/6f66a75d-f933-4a86-bf98-326a38a78547 0.127s
2015-12-19 15:27:41,311 21528 DEBUG    [tempest_lib.common.rest_client] Request - Headers: {'Content-Type': 'application/json', 'Accept': 'application/json', 'X-Auth-Token': '&lt;omitted&gt;'}
        Body: None
    Response - Headers: {'status': '200', 'content-length': '1354', 'content-location': 'http://10.0.2.15:8774/v2.1/e54e4de33d4d404b8d7349eb502ec121/servers/6f66a75d-f933-4a86-bf98-326a38a78547', 'x-compute-request-id': 'req-1fde2a21-cb3f-4e03-a6f7-57d27afe1856', 'vary': 'X-OpenStack-Nova-API-Version', 'connection': 'close', 'x-openstack-nova-api-version': '2.1', 'date': 'Sat, 19 Dec 2015 15:27:41 GMT', 'content-type': 'application/json'}
        Body: {"server": {"status": "BUILD", "updated": "2015-12-19T15:27:41Z", "hostId": "", "addresses": {}, "links": [{"href": "http://10.0.2.15:8774/v2.1/e54e4de33d4d404b8d7349eb502ec121/servers/6f66a75d-f933-4a86-bf98-326a38a78547", "rel": "self"}, {"href": "http://10.0.2.15:8774/e54e4de33d4d404b8d7349eb502ec121/servers/6f66a75d-f933-4a86-bf98-326a38a78547", "rel": "bookmark"}], "key_name": "tempest-TestGettingAddress-905702644", "image": {"id": "9e68d77d-52fc-4012-a427-ddc7a99c3c71", "links": [{"href": "http://10.0.2.15:8774/e54e4de33d4d404b8d7349eb502ec121/images/9e68d77d-52fc-4012-a427-ddc7a99c3c71", "rel": "bookmark"}]}, "OS-EXT-STS:task_state": "scheduling", "OS-EXT-STS:vm_state": "building", "OS-SRV-USG:launched_at": null, "flavor": {"id": "42", "links": [{"href": "http://10.0.2.15:8774/e54e4de33d4d404b8d7349eb502ec121/flavors/42", "rel": "bookmark"}]}, "id": "6f66a75d-f933-4a86-bf98-326a38a78547", "OS-SRV-USG:terminated_at": null, "OS-EXT-AZ:availability_zone": "", "user_id": "5dfae26482a54d69b0c0edee8714ff7c", "name": "tempest.common.compute-instance-2018245514", "created": "2015-12-19T15:27:41Z", "tenant_id": "e54e4de33d4d404b8d7349eb502ec121", "OS-DCF:diskConfig": "MANUAL", "os-extended-volumes:volumes_attached": [], "accessIPv4": "", "accessIPv6": "", "progress": 0, "OS-EXT-STS:power_state": 0, "config_drive": "", "metadata": {}}}
2015-12-19 15:27:42,590 21528 INFO     [tempest_lib.common.rest_client] Request (TestGettingAddress:test_dhcp6_stateless_from_os): 200 GET http://10.0.2.15:8774/v2.1/e54e4de33d4d404b8d7349eb502ec121/servers/6f66a75d-f933-4a86-bf98-326a38a78547 0.267s
2015-12-19 15:27:42,590 21528 DEBUG    [tempest_lib.common.rest_client] Request - Headers: {'Content-Type': 'application/json', 'Accept': 'application/json', 'X-Auth-Token': '&lt;omitted&gt;'}
        Body: None
    Response - Headers: {'status': '200', 'content-length': '1412', 'content-location': 'http://10.0.2.15:8774/v2.1/e54e4de33d4d404b8d7349eb502ec121/servers/6f66a75d-f933-4a86-bf98-326a38a78547', 'x-compute-request-id': 'req-0b5fbdcb-e407-4fcc-9405-2977857ee6af', 'vary': 'X-OpenStack-Nova-API-Version', 'connection': 'close', 'x-openstack-nova-api-version': '2.1', 'date': 'Sat, 19 Dec 2015 15:27:42 GMT', 'content-type': 'application/json'}
        Body: {"server": {"status": "BUILD", "updated": "2015-12-19T15:27:42Z", "hostId": "bef0eb83a9be21a594015219bc4c781d7f86ecc4617ce2f98d908272", "addresses": {}, "links": [{"href": "http://10.0.2.15:8774/v2.1/e54e4de33d4d404b8d7349eb502ec121/servers/6f66a75d-f933-4a86-bf98-326a38a78547", "rel": "self"}, {"href": "http://10.0.2.15:8774/e54e4de33d4d404b8d7349eb502ec121/servers/6f66a75d-f933-4a86-bf98-326a38a78547", "rel": "bookmark"}], "key_name": "tempest-TestGettingAddress-905702644", "image": {"id": "9e68d77d-52fc-4012-a427-ddc7a99c3c71", "links": [{"href": "http://10.0.2.15:8774/e54e4de33d4d404b8d7349eb502ec121/images/9e68d77d-52fc-4012-a427-ddc7a99c3c71", "rel": "bookmark"}]}, "OS-EXT-STS:task_state": "spawning", "OS-EXT-STS:vm_state": "building", "OS-SRV-USG:launched_at": null, "flavor": {"id": "42", "links": [{"href": "http://10.0.2.15:8774/e54e4de33d4d404b8d7349eb502ec121/flavors/42", "rel": "bookmark"}]}, "id": "6f66a75d-f933-4a86-bf98-326a38a78547", "OS-SRV-USG:terminated_at": null, "OS-EXT-AZ:availability_zone": "nova", "user_id": "5dfae26482a54d69b0c0edee8714ff7c", "name": "tempest.common.compute-instance-2018245514", "created": "2015-12-19T15:27:41Z", "tenant_id": "e54e4de33d4d404b8d7349eb502ec121", "OS-DCF:diskConfig": "MANUAL", "os-extended-volumes:volumes_attached": [], "accessIPv4": "", "accessIPv6": "", "progress": 0, "OS-EXT-STS:power_state": 0, "config_drive": "", "metadata": {}}}
2015-12-19 15:27:42,599 21528 INFO     [tempest.common.waiters] State transition "BUILD/scheduling" ==&gt; "BUILD/spawning" after 1 second wait
2015-12-19 15:27:43,804 21528 INFO     [tempest_lib.common.rest_client] Request (TestGettingAddress:test_dhcp6_stateless_from_os): 200 GET http://10.0.2.15:8774/v2.1/e54e4de33d4d404b8d7349eb502ec121/servers/6f66a75d-f933-4a86-bf98-326a38a78547 0.204s
2015-12-19 15:27:43,804 21528 DEBUG    [tempest_lib.common.rest_client] Request - Headers: {'Content-Type': 'application/json', 'Accept': 'application/json', 'X-Auth-Token': '&lt;omitted&gt;'}
        Body: None
    Response - Headers: {'status': '200', 'content-length': '1480', 'content-location': 'http://10.0.2.15:8774/v2.1/e54e4de33d4d404b8d7349eb502ec121/servers/6f66a75d-f933-4a86-bf98-326a38a78547', 'x-compute-request-id': 'req-1d36cc41-b705-4f7d-8ce2-006f21bf6883', 'vary': 'X-OpenStack-Nova-API-Version', 'connection': 'close', 'x-openstack-nova-api-version': '2.1', 'date': 'Sat, 19 Dec 2015 15:27:43 GMT', 'content-type': 'application/json'}
        Body: {"server": {"status": "BUILD", "updated": "2015-12-19T15:27:42Z", "hostId": "bef0eb83a9be21a594015219bc4c781d7f86ecc4617ce2f98d908272", "addresses": {}, "links": [{"href": "http://10.0.2.15:8774/v2.1/e54e4de33d4d404b8d7349eb502ec121/servers/6f66a75d-f933-4a86-bf98-326a38a78547", "rel": "self"}, {"href": "http://10.0.2.15:8774/e54e4de33d4d404b8d7349eb502ec121/servers/6f66a75d-f933-4a86-bf98-326a38a78547", "rel": "bookmark"}], "key_name": "tempest-TestGettingAddress-905702644", "image": {"id": "9e68d77d-52fc-4012-a427-ddc7a99c3c71", "links": [{"href": "http://10.0.2.15:8774/e54e4de33d4d404b8d7349eb502ec121/images/9e68d77d-52fc-4012-a427-ddc7a99c3c71", "rel": "bookmark"}]}, "OS-EXT-STS:task_state": "spawning", "OS-EXT-STS:vm_state": "building", "OS-SRV-USG:launched_at": null, "flavor": {"id": "42", "links": [{"href": "http://10.0.2.15:8774/e54e4de33d4d404b8d7349eb502ec121/flavors/42", "rel": "bookmark"}]}, "id": "6f66a75d-f933-4a86-bf98-326a38a78547", "security_groups": [{"name": "tempest-secgroup-smoke-1666899575"}], "OS-SRV-USG:terminated_at": null, "OS-EXT-AZ:availability_zone": "nova", "user_id": "5dfae26482a54d69b0c0edee8714ff7c", "name": "tempest.common.compute-instance-2018245514", "created": "2015-12-19T15:27:41Z", "tenant_id": "e54e4de33d4d404b8d7349eb502ec121", "OS-DCF:diskConfig": "MANUAL", "os-extended-volumes:volumes_attached": [], "accessIPv4": "", "accessIPv6": "", "progress": 0, "OS-EXT-STS:power_state": 0, "config_drive": "", "metadata": {}}}
2015-12-19 15:27:45,133 21528 INFO     [tempest_lib.common.rest_client] Request (TestGettingAddress:test_dhcp6_stateless_from_os): 200 GET http://10.0.2.15:8774/v2.1/e54e4de33d4d404b8d7349eb502ec121/servers/6f66a75d-f933-4a86-bf98-326a38a78547 0.319s
2015-12-19 15:27:45,133 21528 DEBUG    [tempest_lib.common.rest_client] Request - Headers: {'Content-Type': 'application/json', 'Accept': 'application/json', 'X-Auth-Token': '&lt;omitted&gt;'}
        Body: None
    Response - Headers: {'status': '200', 'content-length': '1780', 'content-location': 'http://10.0.2.15:8774/v2.1/e54e4de33d4d404b8d7349eb502ec121/servers/6f66a75d-f933-4a86-bf98-326a38a78547', 'x-compute-request-id': 'req-2ccaf949-122d-40bf-96c1-8d83386bf7e4', 'vary': 'X-OpenStack-Nova-API-Version', 'connection': 'close', 'x-openstack-nova-api-version': '2.1', 'date': 'Sat, 19 Dec 2015 15:27:45 GMT', 'content-type': 'application/json'}
        Body: {"server": {"status": "ACTIVE", "updated": "2015-12-19T15:27:44Z", "hostId": "bef0eb83a9be21a594015219bc4c781d7f86ecc4617ce2f98d908272", "addresses": {"tempest-network-smoke--247479703": [{"OS-EXT-IPS-MAC:mac_addr": "fa:16:3e:9b:e6:ee", "version": 4, "addr": "10.100.0.3", "OS-EXT-IPS:type": "fixed"}, {"OS-EXT-IPS-MAC:mac_addr": "fa:16:3e:9b:e6:ee", "version": 6, "addr": "2003::f816:3eff:fe9b:e6ee", "OS-EXT-IPS:type": "fixed"}]}, "links": [{"href": "http://10.0.2.15:8774/v2.1/e54e4de33d4d404b8d7349eb502ec121/servers/6f66a75d-f933-4a86-bf98-326a38a78547", "rel": "self"}, {"href": "http://10.0.2.15:8774/e54e4de33d4d404b8d7349eb502ec121/servers/6f66a75d-f933-4a86-bf98-326a38a78547", "rel": "bookmark"}], "key_name": "tempest-TestGettingAddress-905702644", "image": {"id": "9e68d77d-52fc-4012-a427-ddc7a99c3c71", "links": [{"href": "http://10.0.2.15:8774/e54e4de33d4d404b8d7349eb502ec121/images/9e68d77d-52fc-4012-a427-ddc7a99c3c71", "rel": "bookmark"}]}, "OS-EXT-STS:task_state": null, "OS-EXT-STS:vm_state": "active", "OS-SRV-USG:launched_at": "2015-12-19T15:27:44.000000", "flavor": {"id": "42", "links": [{"href": "http://10.0.2.15:8774/e54e4de33d4d404b8d7349eb502ec121/flavors/42", "rel": "bookmark"}]}, "id": "6f66a75d-f933-4a86-bf98-326a38a78547", "security_groups": [{"name": "tempest-secgroup-smoke-1666899575"}], "OS-SRV-USG:terminated_at": null, "OS-EXT-AZ:availability_zone": "nova", "user_id": "5dfae26482a54d69b0c0edee8714ff7c", "name": "tempest.common.compute-instance-2018245514", "created": "2015-12-19T15:27:41Z", "tenant_id": "e54e4de33d4d404b8d7349eb502ec121", "OS-DCF:diskConfig": "MANUAL", "os-extended-volumes:volumes_attached": [], "accessIPv4": "", "accessIPv6": "", "progress": 0, "OS-EXT-STS:power_state": 1, "config_drive": "True", "metadata": {}}}
2015-12-19 15:27:45,143 21528 INFO     [tempest.common.waiters] State transition "BUILD/spawning" ==&gt; "ACTIVE/None" after 4 second wait
2015-12-19 15:27:45,471 21528 INFO     [tempest_lib.common.rest_client] Request (TestGettingAddress:test_dhcp6_stateless_from_os): 200 GET http://10.0.2.15:8774/v2.1/e54e4de33d4d404b8d7349eb502ec121/servers/6f66a75d-f933-4a86-bf98-326a38a78547 0.327s
2015-12-19 15:27:45,471 21528 DEBUG    [tempest_lib.common.rest_client] Request - Headers: {'Content-Type': 'application/json', 'Accept': 'application/json', 'X-Auth-Token': '&lt;omitted&gt;'}
        Body: None
    Response - Headers: {'status': '200', 'content-length': '1780', 'content-location': 'http://10.0.2.15:8774/v2.1/e54e4de33d4d404b8d7349eb502ec121/servers/6f66a75d-f933-4a86-bf98-326a38a78547', 'x-compute-request-id': 'req-06b4a00b-69e8-4210-8279-bec513975a94', 'vary': 'X-OpenStack-Nova-API-Version', 'connection': 'close', 'x-openstack-nova-api-version': '2.1', 'date': 'Sat, 19 Dec 2015 15:27:45 GMT', 'content-type': 'application/json'}
        Body: {"server": {"status": "ACTIVE", "updated": "2015-12-19T15:27:44Z", "hostId": "bef0eb83a9be21a594015219bc4c781d7f86ecc4617ce2f98d908272", "addresses": {"tempest-network-smoke--247479703": [{"OS-EXT-IPS-MAC:mac_addr": "fa:16:3e:9b:e6:ee", "version": 4, "addr": "10.100.0.3", "OS-EXT-IPS:type": "fixed"}, {"OS-EXT-IPS-MAC:mac_addr": "fa:16:3e:9b:e6:ee", "version": 6, "addr": "2003::f816:3eff:fe9b:e6ee", "OS-EXT-IPS:type": "fixed"}]}, "links": [{"href": "http://10.0.2.15:8774/v2.1/e54e4de33d4d404b8d7349eb502ec121/servers/6f66a75d-f933-4a86-bf98-326a38a78547", "rel": "self"}, {"href": "http://10.0.2.15:8774/e54e4de33d4d404b8d7349eb502ec121/servers/6f66a75d-f933-4a86-bf98-326a38a78547", "rel": "bookmark"}], "key_name": "tempest-TestGettingAddress-905702644", "image": {"id": "9e68d77d-52fc-4012-a427-ddc7a99c3c71", "links": [{"href": "http://10.0.2.15:8774/e54e4de33d4d404b8d7349eb502ec121/images/9e68d77d-52fc-4012-a427-ddc7a99c3c71", "rel": "bookmark"}]}, "OS-EXT-STS:task_state": null, "OS-EXT-STS:vm_state": "active", "OS-SRV-USG:launched_at": "2015-12-19T15:27:44.000000", "flavor": {"id": "42", "links": [{"href": "http://10.0.2.15:8774/e54e4de33d4d404b8d7349eb502ec121/flavors/42", "rel": "bookmark"}]}, "id": "6f66a75d-f933-4a86-bf98-326a38a78547", "security_groups": [{"name": "tempest-secgroup-smoke-1666899575"}], "OS-SRV-USG:terminated_at": null, "OS-EXT-AZ:availability_zone": "nova", "user_id": "5dfae26482a54d69b0c0edee8714ff7c", "name": "tempest.common.compute-instance-2018245514", "created": "2015-12-19T15:27:41Z", "tenant_id": "e54e4de33d4d404b8d7349eb502ec121", "OS-DCF:diskConfig": "MANUAL", "os-extended-volumes:volumes_attached": [], "accessIPv4": "", "accessIPv6": "", "progress": 0, "OS-EXT-STS:power_state": 1, "config_drive": "True", "metadata": {}}}
2015-12-19 15:27:45,509 21528 INFO     [tempest_lib.common.rest_client] Request (TestGettingAddress:test_dhcp6_stateless_from_os): 200 GET http://10.0.2.15:9696/v2.0/ports?status=ACTIVE&amp;fixed_ip=None&amp;device_id=6f66a75d-f933-4a86-bf98-326a38a78547 0.030s
2015-12-19 15:27:45,510 21528 DEBUG    [tempest_lib.common.rest_client] Request - Headers: {'Content-Type': 'application/json', 'Accept': 'application/json', 'X-Auth-Token': '&lt;omitted&gt;'}
        Body: None
    Response - Headers: {'status': '200', 'content-length': '1142', 'content-location': 'http://10.0.2.15:9696/v2.0/ports?status=ACTIVE&amp;fixed_ip=None&amp;device_id=6f66a75d-f933-4a86-bf98-326a38a78547', 'connection': 'close', 'date': 'Sat, 19 Dec 2015 15:27:45 GMT', 'content-type': 'application/json; charset=UTF-8', 'x-openstack-request-id': 'req-4c37019c-cf77-4b4b-9c3c-405df44eb282'}
        Body: {"ports": [{"status": "ACTIVE", "binding:host_id": "vagrant-ubuntu-trusty-64", "allowed_address_pairs": [], "extra_dhcp_opts": [], "dns_assignment": [{"hostname": "host-10-100-0-3", "ip_address": "10.100.0.3", "fqdn": "host-10-100-0-3.openstacklocal."}, {"hostname": "host-2003--f816-3eff-fe9b-e6ee", "ip_address": "2003::f816:3eff:fe9b:e6ee", "fqdn": "host-2003--f816-3eff-fe9b-e6ee.openstacklocal."}], "device_owner": "compute:None", "port_security_enabled": true, "binding:profile": {}, "fixed_ips": [{"subnet_id": "c5d62835-a008-4b5c-9b82-f9d1c3fc7be1", "ip_address": "10.100.0.3"}, {"subnet_id": "c4398b62-01ea-4220-85a1-c380f5d33004", "ip_address": "2003::f816:3eff:fe9b:e6ee"}], "id": "2431f96b-2854-4dbb-b5fc-172e7f086ae8", "security_groups": ["eb949bd6-fe15-46bd-b91f-19625c653735"], "device_id": "6f66a75d-f933-4a86-bf98-326a38a78547", "name": "", "admin_state_up": true, "network_id": "6f8d02ff-e91e-4d45-9356-7676131f9941", "dns_name": "", "binding:vif_details": {"port_filter": true}, "binding:vnic_type": "normal", "binding:vif_type": "ovs", "tenant_id": "e54e4de33d4d404b8d7349eb502ec121", "mac_address": "fa:16:3e:9b:e6:ee"}]}
2015-12-19 15:27:46,027 21528 INFO     [tempest_lib.common.rest_client] Request (TestGettingAddress:test_dhcp6_stateless_from_os): 201 POST http://10.0.2.15:9696/v2.0/floatingips 0.516s
2015-12-19 15:27:46,027 21528 DEBUG    [tempest_lib.common.rest_client] Request - Headers: {'Content-Type': 'application/json', 'Accept': 'application/json', 'X-Auth-Token': '&lt;omitted&gt;'}
        Body: {"floatingip": {"floating_network_id": "06797ea6-85a0-4aeb-ac62-8a9e124f126b", "tenant_id": "e54e4de33d4d404b8d7349eb502ec121", "fixed_ip_address": "10.100.0.3", "port_id": "2431f96b-2854-4dbb-b5fc-172e7f086ae8"}}
    Response - Headers: {'status': '201', 'content-length': '367', 'connection': 'close', 'date': 'Sat, 19 Dec 2015 15:27:46 GMT', 'content-type': 'application/json; charset=UTF-8', 'x-openstack-request-id': 'req-d590dfcf-ec14-48a9-8fca-cb947c75f81f'}
        Body: {"floatingip": {"floating_network_id": "06797ea6-85a0-4aeb-ac62-8a9e124f126b", "router_id": "f83757ec-5948-4254-a1dd-761f4a86b4ec", "fixed_ip_address": "10.100.0.3", "floating_ip_address": "172.24.4.4", "tenant_id": "e54e4de33d4d404b8d7349eb502ec121", "status": "DOWN", "port_id": "2431f96b-2854-4dbb-b5fc-172e7f086ae8", "id": "758a1aba-3ddc-4195-861d-72ae5de40295"}}
2015-12-19 15:27:46,028 21528 INFO     [tempest_lib.common.ssh] Creating ssh connection to '172.24.4.4' as 'cirros' with public key authentication
2015-12-19 15:27:49,982 21528 WARNING  [tempest_lib.common.ssh] Failed to establish authenticated ssh connection to cirros@172.24.4.4 ([Errno None] Unable to connect to port 22 on  or 172.24.4.4). Number attempts: 1. Retry after 2 seconds.
2015-12-19 15:27:55,485 21528 WARNING  [tempest_lib.common.ssh] Failed to establish authenticated ssh connection to cirros@172.24.4.4 ([Errno None] Unable to connect to port 22 on  or 172.24.4.4). Number attempts: 2. Retry after 3 seconds.
2015-12-19 15:28:01,990 21528 WARNING  [tempest_lib.common.ssh] Failed to establish authenticated ssh connection to cirros@172.24.4.4 ([Errno None] Unable to connect to port 22 on  or 172.24.4.4). Number attempts: 3. Retry after 4 seconds.
2015-12-19 15:28:09,493 21528 WARNING  [tempest_lib.common.ssh] Failed to establish authenticated ssh connection to cirros@172.24.4.4 ([Errno None] Unable to connect to port 22 on  or 172.24.4.4). Number attempts: 4. Retry after 5 seconds.
2015-12-19 15:28:17,997 21528 WARNING  [tempest_lib.common.ssh] Failed to establish authenticated ssh connection to cirros@172.24.4.4 ([Errno None] Unable to connect to port 22 on  or 172.24.4.4). Number attempts: 5. Retry after 6 seconds.
2015-12-19 15:28:27,505 21528 WARNING  [tempest_lib.common.ssh] Failed to establish authenticated ssh connection to cirros@172.24.4.4 ([Errno None] Unable to connect to port 22 on  or 172.24.4.4). Number attempts: 6. Retry after 7 seconds.
2015-12-19 15:28:38,009 21528 WARNING  [tempest_lib.common.ssh] Failed to establish authenticated ssh connection to cirros@172.24.4.4 ([Errno None] Unable to connect to port 22 on  or 172.24.4.4). Number attempts: 7. Retry after 8 seconds.
2015-12-19 15:28:49,513 21528 WARNING  [tempest_lib.common.ssh] Failed to establish authenticated ssh connection to cirros@172.24.4.4 ([Errno None] Unable to connect to port 22 on  or 172.24.4.4). Number attempts: 8. Retry after 9 seconds.
2015-12-19 15:29:02,021 21528 WARNING  [tempest_lib.common.ssh] Failed to establish authenticated ssh connection to cirros@172.24.4.4 ([Errno None] Unable to connect to port 22 on  or 172.24.4.4). Number attempts: 9. Retry after 10 seconds.
2015-12-19 15:29:15,530 21528 WARNING  [tempest_lib.common.ssh] Failed to establish authenticated ssh connection to cirros@172.24.4.4 ([Errno None] Unable to connect to port 22 on  or 172.24.4.4). Number attempts: 10. Retry after 11 seconds.
2015-12-19 15:29:30,041 21528 WARNING  [tempest_lib.common.ssh] Failed to establish authenticated ssh connection to cirros@172.24.4.4 ([Errno None] Unable to connect to port 22 on  or 172.24.4.4). Number attempts: 11. Retry after 12 seconds.
2015-12-19 15:29:45,550 21528 WARNING  [tempest_lib.common.ssh] Failed to establish authenticated ssh connection to cirros@172.24.4.4 ([Errno None] Unable to connect to port 22 on  or 172.24.4.4). Number attempts: 12. Retry after 13 seconds.
2015-12-19 15:30:02,053 21528 WARNING  [tempest_lib.common.ssh] Failed to establish authenticated ssh connection to cirros@172.24.4.4 ([Errno None] Unable to connect to port 22 on  or 172.24.4.4). Number attempts: 13. Retry after 14 seconds.
2015-12-19 15:30:19,566 21528 WARNING  [tempest_lib.common.ssh] Failed to establish authenticated ssh connection to cirros@172.24.4.4 ([Errno None] Unable to connect to port 22 on  or 172.24.4.4). Number attempts: 14. Retry after 15 seconds.
2015-12-19 15:30:38,081 21528 WARNING  [tempest_lib.common.ssh] Failed to establish authenticated ssh connection to cirros@172.24.4.4 ([Errno None] Unable to connect to port 22 on  or 172.24.4.4). Number attempts: 15. Retry after 16 seconds.
2015-12-19 15:30:57,585 21528 WARNING  [tempest_lib.common.ssh] Failed to establish authenticated ssh connection to cirros@172.24.4.4 ([Errno None] Unable to connect to port 22 on  or 172.24.4.4). Number attempts: 16. Retry after 17 seconds.
2015-12-19 15:31:18,101 21528 WARNING  [tempest_lib.common.ssh] Failed to establish authenticated ssh connection to cirros@172.24.4.4 ([Errno None] Unable to connect to port 22 on  or 172.24.4.4). Number attempts: 17. Retry after 18 seconds.
2015-12-19 15:31:39,606 21528 WARNING  [tempest_lib.common.ssh] Failed to establish authenticated ssh connection to cirros@172.24.4.4 ([Errno None] Unable to connect to port 22 on  or 172.24.4.4). Number attempts: 18. Retry after 19 seconds.
2015-12-19 15:32:02,126 21528 WARNING  [tempest_lib.common.ssh] Failed to establish authenticated ssh connection to cirros@172.24.4.4 ([Errno None] Unable to connect to port 22 on  or 172.24.4.4). Number attempts: 19. Retry after 20 seconds.
2015-12-19 15:32:25,641 21528 WARNING  [tempest_lib.common.ssh] Failed to establish authenticated ssh connection to cirros@172.24.4.4 ([Errno None] Unable to connect to port 22 on  or 172.24.4.4). Number attempts: 20. Retry after 21 seconds.
2015-12-19 15:32:50,150 21528 ERROR    [tempest_lib.common.ssh] Failed to establish authenticated ssh connection to cirros@172.24.4.4 after 20 attempts
2015-12-19 15:32:50.150 21528 ERROR tempest_lib.common.ssh Traceback (most recent call last):
2015-12-19 15:32:50.150 21528 ERROR tempest_lib.common.ssh   File "/usr/local/lib/python2.7/dist-packages/tempest_lib/common/ssh.py", line 75, in _get_ssh_connection
2015-12-19 15:32:50.150 21528 ERROR tempest_lib.common.ssh     timeout=self.channel_timeout, pkey=self.pkey)
2015-12-19 15:32:50.150 21528 ERROR tempest_lib.common.ssh   File "/usr/local/lib/python2.7/dist-packages/paramiko/client.py", line 311, in connect
2015-12-19 15:32:50.150 21528 ERROR tempest_lib.common.ssh     raise NoValidConnectionsError(errors)
2015-12-19 15:32:50.150 21528 ERROR tempest_lib.common.ssh NoValidConnectionsError: [Errno None] Unable to connect to port 22 on  or 172.24.4.4
2015-12-19 15:32:50.150 21528 ERROR tempest_lib.common.ssh 
2015-12-19 15:32:50,152 21528 ERROR    [tempest.scenario.manager] (TestGettingAddress:test_dhcp6_stateless_from_os) Initializing SSH connection to 172.24.4.4 failed. Error: Connection to the 172.24.4.4 via SSH timed out.
User: cirros, Password: None
2015-12-19 15:32:50.152 21528 ERROR tempest.scenario.manager Traceback (most recent call last):
2015-12-19 15:32:50.152 21528 ERROR tempest.scenario.manager   File "tempest/scenario/manager.py", line 385, in get_remote_client
2015-12-19 15:32:50.152 21528 ERROR tempest.scenario.manager     linux_client.validate_authentication()
2015-12-19 15:32:50.152 21528 ERROR tempest.scenario.manager   File "tempest/common/utils/linux/remote_client.py", line 63, in validate_authentication
2015-12-19 15:32:50.152 21528 ERROR tempest.scenario.manager     self.ssh_client.test_connection_auth()
2015-12-19 15:32:50.152 21528 ERROR tempest.scenario.manager   File "/usr/local/lib/python2.7/dist-packages/tempest_lib/common/ssh.py", line 172, in test_connection_auth
2015-12-19 15:32:50.152 21528 ERROR tempest.scenario.manager     connection = self._get_ssh_connection()
2015-12-19 15:32:50.152 21528 ERROR tempest.scenario.manager   File "/usr/local/lib/python2.7/dist-packages/tempest_lib/common/ssh.py", line 87, in _get_ssh_connection
2015-12-19 15:32:50.152 21528 ERROR tempest.scenario.manager     password=self.password)
2015-12-19 15:32:50.152 21528 ERROR tempest.scenario.manager SSHTimeout: Connection to the 172.24.4.4 via SSH timed out.
2015-12-19 15:32:50.152 21528 ERROR tempest.scenario.manager User: cirros, Password: None
2015-12-19 15:32:50.152 21528 ERROR tempest.scenario.manager 
2015-12-19 15:32:50,375 21528 INFO     [tempest_lib.common.rest_client] Request (TestGettingAddress:test_dhcp6_stateless_from_os): 200 GET http://10.0.2.15:8774/v2.1/e54e4de33d4d404b8d7349eb502ec121/servers 0.221s
2015-12-19 15:32:50,376 21528 DEBUG    [tempest_lib.common.rest_client] Request - Headers: {'Content-Type': 'application/json', 'Accept': 'application/json', 'X-Auth-Token': '&lt;omitted&gt;'}
        Body: None
    Response - Headers: {'status': '200', 'content-length': '391', 'content-location': 'http://10.0.2.15:8774/v2.1/e54e4de33d4d404b8d7349eb502ec121/servers', 'x-compute-request-id': 'req-81bbde3c-1059-413a-a416-2563cee7f290', 'vary': 'X-OpenStack-Nova-API-Version', 'connection': 'close', 'x-openstack-nova-api-version': '2.1', 'date': 'Sat, 19 Dec 2015 15:32:50 GMT', 'content-type': 'application/json'}
        Body: {"servers": [{"id": "6f66a75d-f933-4a86-bf98-326a38a78547", "links": [{"href": "http://10.0.2.15:8774/v2.1/e54e4de33d4d404b8d7349eb502ec121/servers/6f66a75d-f933-4a86-bf98-326a38a78547", "rel": "self"}, {"href": "http://10.0.2.15:8774/e54e4de33d4d404b8d7349eb502ec121/servers/6f66a75d-f933-4a86-bf98-326a38a78547", "rel": "bookmark"}], "name": "tempest.common.compute-instance-2018245514"}]}
2015-12-19 15:32:50,580 21528 INFO     [tempest_lib.common.rest_client] Request (TestGettingAddress:test_dhcp6_stateless_from_os): 200 POST http://10.0.2.15:8774/v2.1/e54e4de33d4d404b8d7349eb502ec121/servers/6f66a75d-f933-4a86-bf98-326a38a78547/action 0.199s
2015-12-19 15:32:50,581 21528 DEBUG    [tempest_lib.common.rest_client] Request - Headers: {'Content-Type': 'application/json', 'Accept': 'application/json', 'X-Auth-Token': '&lt;omitted&gt;'}
        Body: {"os-getConsoleOutput": {}}
    Response - Headers: {'status': '200', 'content-length': '24671', 'x-compute-request-id': 'req-c092833f-4f5a-4439-acc2-3012556ed2b9', 'vary': 'X-OpenStack-Nova-API-Version', 'connection': 'close', 'x-openstack-nova-api-version': '2.1', 'date': 'Sat, 19 Dec 2015 15:32:50 GMT', 'content-type': 'application/json'}
        Body: {"output": "[    0.000000] Initializing cgroup subsys cpuset\n[    0.000000] Initializing cgroup subsys cpu\n[    0.000000] Linux version 3.2.0-80-virtual (buildd@batsu) (gcc version 4.6.3 (Ubuntu/Linaro 4.6.3-1ubuntu5) ) #116-Ubuntu SMP Mon Mar 23 17:28:52 UTC 2015 (Ubuntu 3.2.0-80.116-virtual 3.2.68)\n[    0.000000] Command line: root=/dev/vda console=tty0 console=ttyS0 no_timer_check\n[    0.000000] KERNEL supported cpus:\n[    0.000000]   Intel GenuineIntel\n[    0.000000]   AMD AuthenticAMD\n[    0.000000]   Centaur CentaurHauls\n[    0.000000] BIOS-provided physical RAM map:\n[    0.000000]  BIOS-e820: 0000000000000000 - 000000000009fc00 (usable)\n[    0.000000]  BIOS-e820: 000000000009fc00 - 00000000000a0000 (reserved)\n[    0.000000]  BIOS-e820: 00000000000f0000 - 0000000000100000 (reserved)\n[    0.000000]  BIOS-e820: 0000000000100000 - 0000000003ffe000 (usable)\n[    0.000000]  BIOS-e820: 0000000003ffe000 - 0000000004000000 (reserved)\n[    0.000000]  BIOS-e820: 00000000fffc0000 - 0000000100000000 (reserved)\n[    0.000000] NX (Execute Disable) protection: active\n[    0.000000] SMBIOS 2.4 present.\n[    0.000000] No AGP bridge found\n[    0.000000] last_pfn = 0x3ffe max_arch_pfn = 0x400000000\n[    0.000000] x86 PAT enabled: cpu 0, old 0x7040600070406, new 0x7010600070106\n[    0.000000] found SMP MP-table at [ffff8800000f0b00] f0b00\n[    0.000000] init_memory_mapping: 0000000000000000-0000000003ffe000\n[    0.000000] RAMDISK: 03c5e000 - 03ff0000\n[    0.000000] ACPI: RSDP 00000000000f0950 00014 (v00 BOCHS )\n[    0.000000] ACPI: RSDT 0000000003fffbc1 00034 (v01 BOCHS  BXPCRSDT 00000001 BXPC 00000001)\n[    0.000000] ACPI: FACP 0000000003fff1c0 00074 (v01 BOCHS  BXPCFACP 00000001 BXPC 00000001)\n[    0.000000] ACPI: DSDT 0000000003ffe040 01180 (v01 BOCHS  BXPCDSDT 00000001 BXPC 00000001)\n[    0.000000] ACPI: FACS 0000000003ffe000 00040\n[    0.000000] ACPI: SSDT 0000000003fff234 008DD (v01 BOCHS  BXPCSSDT 00000001 BXPC 00000001)\n[    0.000000] ACPI: APIC 0000000003fffb11 00078 (v01 BOCHS  BXPCAPIC 00000001 BXPC 00000001)\n[    0.000000] ACPI: HPET 0000000003fffb89 00038 (v01 BOCHS  BXPCHPET 00000001 BXPC 00000001)\n[    0.000000] No NUMA configuration found\n[    0.000000] Faking a node at 0000000000000000-0000000003ffe000\n[    0.000000] Initmem setup node 0 0000000000000000-0000000003ffe000\n[    0.000000]   NODE_DATA [0000000003ff6000 - 0000000003ffafff]\n[    0.000000] Zone PFN ranges:\n[    0.000000]   DMA      0x00000010 -&gt; 0x00001000\n[    0.000000]   DMA32    0x00001000 -&gt; 0x00100000\n[    0.000000]   Normal   empty\n[    0.000000] Movable zone start PFN for each node\n[    0.000000] early_node_map[2] active PFN ranges\n[    0.000000]     0: 0x00000010 -&gt; 0x0000009f\n[    0.000000]     0: 0x00000100 -&gt; 0x00003ffe\n[    0.000000] ACPI: PM-Timer IO Port: 0xb008\n[    0.000000] ACPI: LAPIC (acpi_id[0x00] lapic_id[0x00] enabled)\n[    0.000000] ACPI: LAPIC_NMI (acpi_id[0xff] dfl dfl lint[0x1])\n[    0.000000] ACPI: IOAPIC (id[0x00] address[0xfec00000] gsi_base[0])\n[    0.000000] IOAPIC[0]: apic_id 0, version 17, address 0xfec00000, GSI 0-23\n[    0.000000] ACPI: INT_SRC_OVR (bus 0 bus_irq 0 global_irq 2 dfl dfl)\n[    0.000000] ACPI: INT_SRC_OVR (bus 0 bus_irq 5 global_irq 5 high level)\n[    0.000000] ACPI: INT_SRC_OVR (bus 0 bus_irq 9 global_irq 9 high level)\n[    0.000000] ACPI: INT_SRC_OVR (bus 0 bus_irq 10 global_irq 10 high level)\n[    0.000000] ACPI: INT_SRC_OVR (bus 0 bus_irq 11 global_irq 11 high level)\n[    0.000000] Using ACPI (MADT) for SMP configuration information\n[    0.000000] ACPI: HPET id: 0x8086a201 base: 0xfed00000\n[    0.000000] SMP: Allowing 1 CPUs, 0 hotplug CPUs\n[    0.000000] PM: Registered nosave memory: 000000000009f000 - 00000000000a0000\n[    0.000000] PM: Registered nosave memory: 00000000000a0000 - 00000000000f0000\n[    0.000000] PM: Registered nosave memory: 00000000000f0000 - 0000000000100000\n[    0.000000] Allocating PCI resources starting at 4000000 (gap: 4000000:fbfc0000)\n[    0.000000] Booting paravirtualized kernel on bare hardware\n[    0.000000] setup_pe
2015-12-19 15:32:50,585 21528 DEBUG    [tempest.scenario.manager] Console output for 6f66a75d-f933-4a86-bf98-326a38a78547
body=
[    0.000000] Initializing cgroup subsys cpuset
[    0.000000] Initializing cgroup subsys cpu
[    0.000000] Linux version 3.2.0-80-virtual (buildd@batsu) (gcc version 4.6.3 (Ubuntu/Linaro 4.6.3-1ubuntu5) ) #116-Ubuntu SMP Mon Mar 23 17:28:52 UTC 2015 (Ubuntu 3.2.0-80.116-virtual 3.2.68)
[    0.000000] Command line: root=/dev/vda console=tty0 console=ttyS0 no_timer_check
[    0.000000] KERNEL supported cpus:
[    0.000000]   Intel GenuineIntel
[    0.000000]   AMD AuthenticAMD
[    0.000000]   Centaur CentaurHauls
[    0.000000] BIOS-provided physical RAM map:
[    0.000000]  BIOS-e820: 0000000000000000 - 000000000009fc00 (usable)
[    0.000000]  BIOS-e820: 000000000009fc00 - 00000000000a0000 (reserved)
[    0.000000]  BIOS-e820: 00000000000f0000 - 0000000000100000 (reserved)
[    0.000000]  BIOS-e820: 0000000000100000 - 0000000003ffe000 (usable)
[    0.000000]  BIOS-e820: 0000000003ffe000 - 0000000004000000 (reserved)
[    0.000000]  BIOS-e820: 00000000fffc0000 - 0000000100000000 (reserved)
[    0.000000] NX (Execute Disable) protection: active
[    0.000000] SMBIOS 2.4 present.
[    0.000000] No AGP bridge found
[    0.000000] last_pfn = 0x3ffe max_arch_pfn = 0x400000000
[    0.000000] x86 PAT enabled: cpu 0, old 0x7040600070406, new 0x7010600070106
[    0.000000] found SMP MP-table at [ffff8800000f0b00] f0b00
[    0.000000] init_memory_mapping: 0000000000000000-0000000003ffe000
[    0.000000] RAMDISK: 03c5e000 - 03ff0000
[    0.000000] ACPI: RSDP 00000000000f0950 00014 (v00 BOCHS )
[    0.000000] ACPI: RSDT 0000000003fffbc1 00034 (v01 BOCHS  BXPCRSDT 00000001 BXPC 00000001)
[    0.000000] ACPI: FACP 0000000003fff1c0 00074 (v01 BOCHS  BXPCFACP 00000001 BXPC 00000001)
[    0.000000] ACPI: DSDT 0000000003ffe040 01180 (v01 BOCHS  BXPCDSDT 00000001 BXPC 00000001)
[    0.000000] ACPI: FACS 0000000003ffe000 00040
[    0.000000] ACPI: SSDT 0000000003fff234 008DD (v01 BOCHS  BXPCSSDT 00000001 BXPC 00000001)
[    0.000000] ACPI: APIC 0000000003fffb11 00078 (v01 BOCHS  BXPCAPIC 00000001 BXPC 00000001)
[    0.000000] ACPI: HPET 0000000003fffb89 00038 (v01 BOCHS  BXPCHPET 00000001 BXPC 00000001)
[    0.000000] No NUMA configuration found
[    0.000000] Faking a node at 0000000000000000-0000000003ffe000
[    0.000000] Initmem setup node 0 0000000000000000-0000000003ffe000
[    0.000000]   NODE_DATA [0000000003ff6000 - 0000000003ffafff]
[    0.000000] Zone PFN ranges:
[    0.000000]   DMA      0x00000010 -&gt; 0x00001000
[    0.000000]   DMA32    0x00001000 -&gt; 0x00100000
[    0.000000]   Normal   empty
[    0.000000] Movable zone start PFN for each node
[    0.000000] early_node_map[2] active PFN ranges
[    0.000000]     0: 0x00000010 -&gt; 0x0000009f
[    0.000000]     0: 0x00000100 -&gt; 0x00003ffe
[    0.000000] ACPI: PM-Timer IO Port: 0xb008
[    0.000000] ACPI: LAPIC (acpi_id[0x00] lapic_id[0x00] enabled)
[    0.000000] ACPI: LAPIC_NMI (acpi_id[0xff] dfl dfl lint[0x1])
[    0.000000] ACPI: IOAPIC (id[0x00] address[0xfec00000] gsi_base[0])
[    0.000000] IOAPIC[0]: apic_id 0, version 17, address 0xfec00000, GSI 0-23
[    0.000000] ACPI: INT_SRC_OVR (bus 0 bus_irq 0 global_irq 2 dfl dfl)
[    0.000000] ACPI: INT_SRC_OVR (bus 0 bus_irq 5 global_irq 5 high level)
[    0.000000] ACPI: INT_SRC_OVR (bus 0 bus_irq 9 global_irq 9 high level)
[    0.000000] ACPI: INT_SRC_OVR (bus 0 bus_irq 10 global_irq 10 high level)
[    0.000000] ACPI: INT_SRC_OVR (bus 0 bus_irq 11 global_irq 11 high level)
[    0.000000] Using ACPI (MADT) for SMP configuration information
[    0.000000] ACPI: HPET id: 0x8086a201 base: 0xfed00000
[    0.000000] SMP: Allowing 1 CPUs, 0 hotplug CPUs
[    0.000000] PM: Registered nosave memory: 000000000009f000 - 00000000000a0000
[    0.000000] PM: Registered nosave memory: 00000000000a0000 - 00000000000f0000
[    0.000000] PM: Registered nosave memory: 00000000000f0000 - 0000000000100000
[    0.000000] Allocating PCI resources starting at 4000000 (gap: 4000000:fbfc0000)
[    0.000000] Booting paravirtualized kernel on bare hardware
[    0.000000] setup_percpu: NR_CPUS:64 nr_cpumask_bits:64 nr_cpu_ids:1 nr_node_ids:1
[    0.000000] PERCPU: Embedded 27 pages/cpu @ffff880003a00000 s78848 r8192 d23552 u2097152
[    0.000000] Built 1 zonelists in Node order, mobility grouping on.  Total pages: 16008
[    0.000000] Policy zone: DMA32
[    0.000000] Kernel command line: root=/dev/vda console=tty0 console=ttyS0 no_timer_check
[    0.000000] PID hash table entries: 256 (order: -1, 2048 bytes)
[    0.000000] Checking aperture...
[    0.000000] No AGP bridge found
[    0.000000] Memory: 43492k/65528k available (6576k kernel code, 452k absent, 21584k reserved, 6620k data, 928k init)
[    0.000000] SLUB: Genslabs=15, HWalign=64, Order=0-3, MinObjects=0, CPUs=1, Nodes=1
[    0.000000] Hierarchical RCU implementation.
[    0.000000] 	RCU dyntick-idle grace-period acceleration is enabled.
[    0.000000] NR_IRQS:4352 nr_irqs:256 16
[    0.000000] Console: colour VGA+ 80x25
[    0.000000] console [tty0] enabled
[    0.000000] console [ttyS0] enabled
[    0.000000] allocated 1048576 bytes of page_cgroup
[    0.000000] please try 'cgroup_disable=memory' option if you don't want memory cgroups
[    0.000000] Fast TSC calibration failed
[    0.000000] TSC: Unable to calibrate against PIT
[    0.000000] TSC: using HPET reference calibration
[    0.000000] Detected 2294.543 MHz processor.
[    0.032759] Calibrating delay loop (skipped), value calculated using timer frequency.. 4589.08 BogoMIPS (lpj=9178172)
[    0.034523] pid_max: default: 32768 minimum: 301
[    0.044089] Security Framework initialized
[    0.048573] AppArmor: AppArmor initialized
[    0.049213] Yama: becoming mindful.
[    0.057763] Dentry cache hash table entries: 8192 (order: 4, 65536 bytes)
[    0.059309] Inode-cache hash table entries: 4096 (order: 3, 32768 bytes)
[    0.060707] Mount-cache hash table entries: 256
[    0.076627] Initializing cgroup subsys cpuacct
[    0.077492] Initializing cgroup subsys memory
[    0.080588] Initializing cgroup subsys devices
[    0.081249] Initializing cgroup subsys freezer
[    0.082114] Initializing cgroup subsys blkio
[    0.082828] Initializing cgroup subsys perf_event
[    0.086421] mce: CPU supports 10 MCE banks
[    0.090225] SMP alternatives: switching to UP code
[    0.475030] Freeing SMP alternatives: 24k freed
[    0.477483] ACPI: Core revision 20110623
[    0.530605] ftrace: allocating 26610 entries in 105 pages
[    0.566978] ..TIMER: vector=0x30 apic1=0 pin1=2 apic2=-1 pin2=-1
[    0.568156] CPU0: AMD QEMU Virtual CPU version 2.0.0 stepping 03
[    0.572035] Performance Events: Broken PMU hardware detected, using software events only.
[    0.580390] NMI watchdog disabled (cpu0): hardware events not enabled
[    0.581941] Brought up 1 CPUs
[    0.582424] Total of 1 processors activated (4589.08 BogoMIPS).
[    0.604911] devtmpfs: initialized
[    0.632568] EVM: security.selinux
[    0.633202] EVM: security.SMACK64
[    0.633589] EVM: security.capability
[    0.652775] print_constraints: dummy: 
[    0.654735] RTC time: 15:27:48, date: 12/19/15
[    0.657607] NET: Registered protocol family 16
[    0.665462] ACPI: bus type pci registered
[    0.669770] PCI: Using configuration type 1 for base access
[    0.700256] bio: create slab &lt;bio-0&gt; at 0
[    0.705271] ACPI: Added _OSI(Module Device)
[    0.705832] ACPI: Added _OSI(Processor Device)
[    0.706397] ACPI: Added _OSI(3.0 _SCP Extensions)
[    0.707014] ACPI: Added _OSI(Processor Aggregator Device)
[    0.801634] ACPI: Interpreter enabled
[    0.802188] ACPI: (supports S0 S3 S4 S5)
[    0.804614] ACPI: Using IOAPIC for interrupt routing
[    0.877015] ACPI: No dock devices found.
[    0.878045] HEST: Table not found.
[    0.879136] PCI: Using host bridge windows from ACPI; if necessary, use "pci=nocrs" and report a bug
[    0.888054] ACPI: PCI Root Bridge [PCI0] (domain 0000 [bus 00-ff])
[    0.893423] pci_root PNP0A03:00: host bridge window [io  0x0000-0x0cf7]
[    0.894252] pci_root PNP0A03:00: host bridge window [io  0x0d00-0xadff]
[    0.894979] pci_root PNP0A03:00: host bridge window [io  0xae0f-0xaeff]
[    0.896116] pci_root PNP0A03:00: host bridge window [io  0xaf20-0xafdf]
[    0.896965] pci_root PNP0A03:00: host bridge window [io  0xafe4-0xffff]
[    0.898072] pci_root PNP0A03:00: host bridge window [mem 0x000a0000-0x000bffff]
[    0.900111] pci_root PNP0A03:00: host bridge window [mem 0x04000000-0xfebfffff]
[    0.921537] pci 0000:00:01.3: quirk: [io  0xb000-0xb03f] claimed by PIIX4 ACPI
[    0.922482] pci 0000:00:01.3: quirk: [io  0xb100-0xb10f] claimed by PIIX4 SMB
[    0.997782]  pci0000:00: Unable to request _OSC control (_OSC support mask: 0x1e)
[    1.065854] ACPI: PCI Interrupt Link [LNKA] (IRQs 5 *10 11)
[    1.068562] ACPI: PCI Interrupt Link [LNKB] (IRQs 5 *10 11)
[    1.070689] ACPI: PCI Interrupt Link [LNKC] (IRQs 5 10 *11)
[    1.073180] ACPI: PCI Interrupt Link [LNKD] (IRQs 5 10 *11)
[    1.074451] ACPI: PCI Interrupt Link [LNKS] (IRQs *9)
[    1.081933] vgaarb: device added: PCI:0000:00:02.0,decodes=io+mem,owns=io+mem,locks=none
[    1.082869] vgaarb: loaded
[    1.084157] vgaarb: bridge control possible 0000:00:02.0
[    1.087296] i2c-core: driver [aat2870] using legacy suspend method
[    1.088187] i2c-core: driver [aat2870] using legacy resume method
[    1.090427] SCSI subsystem initialized
[    1.094979] usbcore: registered new interface driver usbfs
[    1.096836] usbcore: registered new interface driver hub
[    1.098266] usbcore: registered new device driver usb
[    1.103060] PCI: Using ACPI for IRQ routing
[    1.119501] NetLabel: Initializing
[    1.120156] NetLabel:  domain hash size = 128
[    1.120744] NetLabel:  protocols = UNLABELED CIPSOv4
[    1.123117] NetLabel:  unlabeled traffic allowed by default
[    1.128158] HPET: 3 timers in total, 0 timers will be used for per-cpu timer
[    1.129335] hpet0: at MMIO 0xfed00000, IRQs 2, 8, 0
[    1.132579] hpet0: 3 comparators, 64-bit 100.000000 MHz counter
[    1.146039] Switching to clocksource hpet
[    1.399268] AppArmor: AppArmor Filesystem Enabled
[    1.401321] pnp: PnP ACPI init
[    1.401925] ACPI: bus type pnp registered
[    1.419690] pnp: PnP ACPI: found 9 devices
[    1.420323] ACPI: ACPI bus type pnp unregistered
[    1.483104] NET: Registered protocol family 2
[    1.515605] IP route cache hash table entries: 512 (order: 0, 4096 bytes)
[    1.523884] TCP established hash table entries: 2048 (order: 3, 32768 bytes)
[    1.526076] TCP bind hash table entries: 2048 (order: 3, 32768 bytes)
[    1.527015] TCP: Hash tables configured (established 2048 bind 2048)
[    1.527873] TCP reno registered
[    1.529210] UDP hash table entries: 128 (order: 0, 4096 bytes)
[    1.530112] UDP-Lite hash table entries: 128 (order: 0, 4096 bytes)
[    1.533651] NET: Registered protocol family 1
[    1.534103] pci 0000:00:00.0: Limiting direct PCI/PCI transfers
[    1.535903] pci 0000:00:01.0: PIIX3: Enabling Passive Release
[    1.537440] pci 0000:00:01.0: Activating ISA DMA hang workarounds
[    1.541878] ACPI: PCI Interrupt Link [LNKD] enabled at IRQ 11
[    1.543156] pci 0000:00:01.2: PCI INT D -&gt; Link[LNKD] -&gt; GSI 11 (level, high) -&gt; IRQ 11
[    1.546264] pci 0000:00:01.2: PCI INT D disabled
[    1.565730] Trying to unpack rootfs image as initramfs...
[    1.587843] audit: initializing netlink socket (disabled)
[    1.590115] type=2000 audit(1450538868.588:1): initialized
[    1.840034] HugeTLB registered 2 MB page size, pre-allocated 0 pages
[    1.912041] VFS: Disk quotas dquot_6.5.2
[    1.914335] Dquot-cache hash table entries: 512 (order 0, 4096 bytes)
[    1.938349] fuse init (API version 7.17)
[    1.941722] msgmni has been set to 84
[    1.977945] Block layer SCSI generic (bsg) driver version 0.4 loaded (major 253)
[    1.979524] io scheduler noop registered
[    1.980045] io scheduler deadline registered (default)
[    1.982419] io scheduler cfq registered
[    1.986272] pci_hotplug: PCI Hot Plug PCI Core version: 0.5
[    1.991490] pciehp: PCI Express Hot Plug Controller Driver version: 0.4
[    2.004679] input: Power Button as /devices/LNXSYSTM:00/LNXPWRBN:00/input/input0
[    2.008029] ACPI: Power Button [PWRF]
[    2.074796] ERST: Table is not found!
[    2.075248] GHES: HEST is not enabled!
[    2.086238] ACPI: PCI Interrupt Link [LNKC] enabled at IRQ 10
[    2.086997] virtio-pci 0000:00:03.0: PCI INT A -&gt; Link[LNKC] -&gt; GSI 10 (level, high) -&gt; IRQ 10
[    2.090918] virtio-pci 0000:00:04.0: PCI INT A -&gt; Link[LNKD] -&gt; GSI 11 (level, high) -&gt; IRQ 11
[    2.102976] ACPI: PCI Interrupt Link [LNKA] enabled at IRQ 10
[    2.103666] virtio-pci 0000:00:05.0: PCI INT A -&gt; Link[LNKA] -&gt; GSI 10 (level, high) -&gt; IRQ 10
[    2.117831] Serial: 8250/16550 driver, 32 ports, IRQ sharing enabled
[    2.158189] serial8250: ttyS0 at I/O 0x3f8 (irq = 4) is a 16550A
[    2.240544] serial8250: ttyS1 at I/O 0x2f8 (irq = 3) is a 16550A
[    2.362098] 00:05: ttyS0 at I/O 0x3f8 (irq = 4) is a 16550A
[    2.443056] 00:06: ttyS1 at I/O 0x2f8 (irq = 3) is a 16550A
[    2.495706] Linux agpgart interface v0.103
[    2.549935] Refined TSC clocksource calibration: 2294.960 MHz.
[    2.551134] Switching to clocksource tsc
[    2.566934] brd: module loaded
[    2.602819] loop: module loaded
[    2.649680]  vda: unknown partition table
[    2.709116] scsi0 : ata_piix
[    2.717273] scsi1 : ata_piix
[    2.718560] ata1: PATA max MWDMA2 cmd 0x1f0 ctl 0x3f6 bmdma 0xc0a0 irq 14
[    2.719540] ata2: PATA max MWDMA2 cmd 0x170 ctl 0x376 bmdma 0xc0a8 irq 15
[    2.729749] Fixed MDIO Bus: probed
[    2.730558] tun: Universal TUN/TAP device driver, 1.6
[    2.731328] tun: (C) 1999-2004 Max Krasnyansky &lt;maxk@qualcomm.com&gt;
[    2.743373] PPP generic driver version 2.4.2
[    2.765793] ehci_hcd: USB 2.0 'Enhanced' Host Controller (EHCI) Driver
[    2.766595] ohci_hcd: USB 1.1 'Open' Host Controller (OHCI) Driver
[    2.767668] uhci_hcd: USB Universal Host Controller Interface driver
[    2.769383] uhci_hcd 0000:00:01.2: PCI INT D -&gt; Link[LNKD] -&gt; GSI 11 (level, high) -&gt; IRQ 11
[    2.771689] uhci_hcd 0000:00:01.2: UHCI Host Controller
[    2.782520] uhci_hcd 0000:00:01.2: new USB bus registered, assigned bus number 1
[    2.784177] uhci_hcd 0000:00:01.2: irq 11, io base 0x0000c040
[    2.813864] hub 1-0:1.0: USB hub found
[    2.815481] hub 1-0:1.0: 2 ports detected
[    2.822689] usbcore: registered new interface driver libusual
[    2.826220] i8042: PNP: PS/2 Controller [PNP0303:KBD,PNP0f13:MOU] at 0x60,0x64 irq 1,12
[    2.832734] serio: i8042 KBD port at 0x60,0x64 irq 1
[    2.834126] serio: i8042 AUX port at 0x60,0x64 irq 12
[    2.847906] mousedev: PS/2 mouse device common for all mice
[    2.857858] rtc_cmos 00:01: RTC can wake from S4
[    2.862481] rtc_cmos 00:01: rtc core: registered rtc_cmos as rtc0
[    2.865981] rtc0: alarms up to one day, 114 bytes nvram, hpet irqs
[    2.869867] device-mapper: uevent: version 1.0.3
[    2.885808] input: AT Translated Set 2 keyboard as /devices/platform/i8042/serio0/input/input1
[    2.893775] device-mapper: ioctl: 4.22.0-ioctl (2011-10-19) initialised: dm-devel@redhat.com
[    2.897325] cpuidle: using governor ladder
[    2.897901] cpuidle: using governor menu
[    2.899967] EFI Variables Facility v0.08 2004-May-17
[    2.911843] TCP cubic registered
[    2.915616] NET: Registered protocol family 10
[    2.941544] NET: Registered protocol family 17
[    2.942659] Registering the dns_resolver key type
[    2.981739] ata2.01: ATAPI: QEMU DVD-ROM, 2.0.0, max UDMA/100
[    2.993566] ata2.01: configured for MWDMA2
[    3.024797] scsi 1:0:1:0: CD-ROM            QEMU     QEMU DVD-ROM     2.0. PQ: 0 ANSI: 5
[    3.034654] registered taskstats version 1
[    3.054987] sr0: scsi3-mmc drive: 4x/4x cd/rw xa/form2 tray
[    3.056050] cdrom: Uniform CD-ROM driver Revision: 3.20
[    3.073881] sr 1:0:1:0: Attached scsi generic sg0 type 5
[    3.206356] Freeing initrd memory: 3656k freed
[    3.683874]   Magic number: 11:980:487
[    3.697703] rtc_cmos 00:01: setting system clock to 2015-12-19 15:27:51 UTC (1450538871)
[    3.701150] powernow-k8: Processor cpuid 663 not supported
[    3.710247] BIOS EDD facility v0.16 2004-Jun-25, 0 devices found
[    3.711900] EDD information not available.
[    3.784484] Freeing unused kernel memory: 928k freed
[    3.790105] Write protecting the kernel read-only data: 12288k
[    3.895671] Freeing unused kernel memory: 1596k freed
[    3.959644] Freeing unused kernel memory: 1184k freed

info: initramfs: up at 4.13
modprobe: module virtio_blk not found in modules.dep
modprobe: module virtio_net not found in modules.dep
info: copying initramfs to /dev/vda
info: initramfs loading root from /dev/vda
info: /etc/init.d/rc.sysinit: up at 8.81
info: container: none
Starting logging: OK
modprobe: module virtio_blk not found in modules.dep
modprobe: module virtio_net not found in modules.dep
WARN: /etc/rc3.d/S10-load-modules failed
Initializing random number generator... done.
Starting acpid: OK
cirros-ds 'local' up at 11.45
found datasource (configdrive, local)
Starting network...
udhcpc (v1.20.1) started
Sending discover...
Sending discover...
Sending discover...
Usage: /sbin/cirros-dhcpc &lt;up|down&gt;
No lease, failing
WARN: /etc/rc3.d/S40-network failed
Starting dropbear sshd: generating rsa key... generating dsa key... OK
no userdata for datasource
=== system information ===
Platform: OpenStack Foundation OpenStack Nova
Container: none
Arch: x86_64
CPU(s): 1 @ 2294.543 MHz
Cores/Sockets/Threads: 1/1/1
Virt-type: AMD-V
RAM Size: 49MB
Disks:
NAME MAJ:MIN     SIZE LABEL         MOUNTPOINT
vda  253:0   25165824 cirros-rootfs /
sr0   11:0     428032 config-2      
=== sshd host keys ===
-----BEGIN SSH HOST KEY KEYS-----
ssh-rsa AAAAB3NzaC1yc2EAAAADAQABAAAAgnYqlh8Zzbo++lpxXKO4wIaZ9aY4mnWv98ppp4+7sZNlemr70TB2zSmOFGHHPpPBJNwJegnA6Hssw8USCG5jWEVgxSCTwqnAqgCtI5ZmhTl4LN8lcwlGknIVaqs1sl3KNz6GDAOtUOQhLFvJ6iX0uqWo2xtVxNGpz8MW8DeWjkze2E0= root@tempest
ssh-dss AAAAB3NzaC1kc3MAAACBAOv0w7EijGyrZhQfVaDJlbwJlzVtvQPIxvsRcLFcoPdgmPNiZZUjuy7KsYwM/Q6rFBNTgdWxh2JPgRL9tdfIbr72A26V+EFX9lNwq6UFo6wn8QkgIvBKrZ/WtYu52OxYvbIbViYnCnb0UDZVUEzLu4e+DWatd6R8NTZgPhdPB0DbAAAAFQCgYMrnTOes3JZpOa9YYzilQPp0iwAAAIEA3WzPZ7UywNiSMRPN5ghuzN1iCLT9EygQq8+pHqOMQdAhHNMWE7cZe1jj2XT+JCUN8E1Xul5gWeqquj/6rhFJLLcCKyspxClf1j1tTCGbhTGJ8v2P4UY8yrj10P2WNSK5f5vlzV8/W5k8EjMDNNNGXFCULD12Z4PnVZPK2OGsnGUAAACAOqg2Dqc8D7iWUSJOBN/1QvmJpAiV/a+eWIjoS/irfsbX+TvQE5tY/1jYqriL85WUZscEP38uD75Ha5AGF/ZfHjw8aP+evkJYe06lIVT9TRWMKCmijHHJWZILSNlcfrBsUzdH1CsBLMA1aJjVeKPON9mAbInuNcivGwOz5/8gD30= root@tempest
-----END SSH HOST KEY KEYS-----
=== network info ===
if-info: lo,up,127.0.0.1,8,::1
if-info: eth0,up,,8,fe80::f816:3eff:fe9b:e6ee
=== datasource: configdrive local ===
instance-id: 6f66a75d-f933-4a86-bf98-326a38a78547
name: tempest.common.compute-instance-2018245514
availability-zone: nova
local-hostname: tempest.common.compute-instance-2018245514.novalocal
launch-index: 0
=== cirros: current=0.3.4 uptime=201.46 ===
route: fscanf
=== pinging gateway failed, debugging connection ===
############ debug start ##############
### /etc/init.d/sshd start
Starting dropbear sshd: OK
route: fscanf
### ifconfig -a
eth0      Link encap:Ethernet  HWaddr FA:16:3E:9B:E6:EE  
          inet6 addr: fe80::f816:3eff:fe9b:e6ee/64 Scope:Link
          UP BROADCAST RUNNING MULTICAST  MTU:1500  Metric:1
          RX packets:12 errors:0 dropped:5 overruns:0 frame:0
          TX packets:8 errors:0 dropped:0 overruns:0 carrier:0
          collisions:0 txqueuelen:1000 
          RX bytes:1303 (1.2 KiB)  TX bytes:1134 (1.1 KiB)

lo        Link encap:Local Loopback  
          inet addr:127.0.0.1  Mask:255.0.0.0
          inet6 addr: ::1/128 Scope:Host
          UP LOOPBACK RUNNING  MTU:16436  Metric:1
          RX packets:12 errors:0 dropped:0 overruns:0 frame:0
          TX packets:12 errors:0 dropped:0 overruns:0 carrier:0
          collisions:0 txqueuelen:0 
          RX bytes:1020 (1020.0 B)  TX bytes:1020 (1020.0 B)

### route -n
Kernel IP routing table
Destination     Gateway         Genmask         Flags Metric Ref    Use Iface
route: fscanf
### cat /etc/resolv.conf
cat: can't open '/etc/resolv.conf': No such file or directory
### gateway not found
/sbin/cirros-status: line 1: can't open /etc/resolv.conf: no such file
### pinging nameservers
### uname -a
Linux tempest 3.2.0-80-virtual #116-Ubuntu SMP Mon Mar 23 17:28:52 UTC 2015 x86_64 GNU/Linux
### lsmod
Module                  Size  Used by    Not tainted
nls_iso8859_1          12713  0 
nls_cp437              16991  0 
vfat                   17585  0 
fat                    61512  1 vfat
isofs                  40259  0 
ip_tables              27473  0 
x_tables               29891  1 ip_tables
pcnet32                42119  0 
8139cp                 27360  0 
ne2k_pci               13691  0 
8390                   18856  1 ne2k_pci
e1000                 108589  0 
acpiphp                24231  0 
### dmesg | tail
[    4.983288] EXT3-fs (vda): mounted filesystem with ordered data mode
[    5.270601] ISO 9660 Extensions: Microsoft Joliet Level 3
[    5.343617] ISO 9660 Extensions: RRIP_1991A
[    5.577282] kjournald starting.  Commit interval 5 seconds
[    5.593403] EXT3-fs (vda): using internal journal
[    5.593506] EXT3-fs (vda): mounted filesystem with ordered data mode
[    8.880744] EXT3-fs (vda): using internal journal
[   12.256018] ISO 9660 Extensions: Microsoft Joliet Level 3
[   12.347184] ISO 9660 Extensions: RRIP_1991A
[   27.219618] eth0: no IPv6 routers present
### tail -n 25 /var/log/messages
Dec 19 15:27:58 cirros kern.info kernel: [    4.464157] acpiphp: Slot [26] registered
Dec 19 15:27:58 cirros kern.info kernel: [    4.465462] acpiphp: Slot [27] registered
Dec 19 15:27:58 cirros kern.info kernel: [    4.465766] acpiphp: Slot [28] registered
Dec 19 15:27:58 cirros kern.info kernel: [    4.466838] acpiphp: Slot [29] registered
Dec 19 15:27:58 cirros kern.info kernel: [    4.467182] acpiphp: Slot [30] registered
Dec 19 15:27:58 cirros kern.info kernel: [    4.467522] acpiphp: Slot [31] registered
Dec 19 15:27:58 cirros kern.info kernel: [    4.520043] e1000: Intel(R) PRO/1000 Network Driver - version 7.3.21-k8-NAPI
Dec 19 15:27:58 cirros kern.info kernel: [    4.520120] e1000: Copyright (c) 1999-2006 Intel Corporation.
Dec 19 15:27:58 cirros kern.info kernel: [    4.565241] ne2k-pci.c:v1.03 9/22/2003 D. Becker/P. Gortmaker
Dec 19 15:27:58 cirros kern.info kernel: [    4.613592] 8139cp: 8139cp: 10/100 PCI Ethernet driver v1.3 (Mar 22, 2004)
Dec 19 15:27:58 cirros kern.info kernel: [    4.650747] pcnet32: pcnet32.c:v1.35 21.Apr.2008 tsbogend@alpha.franken.de
Dec 19 15:27:58 cirros kern.info kernel: [    4.710872] ip_tables: (C) 2000-2006 Netfilter Core Team
Dec 19 15:27:58 cirros kern.info kernel: [    4.971667] kjournald starting.  Commit interval 5 seconds
Dec 19 15:27:58 cirros kern.info kernel: [    4.983288] EXT3-fs (vda): mounted filesystem with ordered data mode
Dec 19 15:27:58 cirros kern.debug kernel: [    5.270601] ISO 9660 Extensions: Microsoft Joliet Level 3
Dec 19 15:27:58 cirros kern.debug kernel: [    5.343617] ISO 9660 Extensions: RRIP_1991A
Dec 19 15:27:58 cirros kern.info kernel: [    5.577282] kjournald starting.  Commit interval 5 seconds
Dec 19 15:27:58 cirros kern.info kernel: [    5.593403] EXT3-fs (vda): using internal journal
Dec 19 15:27:58 cirros kern.info kernel: [    5.593506] EXT3-fs (vda): mounted filesystem with ordered data mode
Dec 19 15:27:58 cirros kern.info kernel: [    8.880744] EXT3-fs (vda): using internal journal
Dec 19 15:28:00 cirros kern.debug kernel: [   12.256018] ISO 9660 Extensions: Microsoft Joliet Level 3
Dec 19 15:28:00 cirros kern.debug kernel: [   12.347184] ISO 9660 Extensions: RRIP_1991A
Dec 19 15:28:03 cirros auth.notice su: + /dev/console root:cirros
Dec 19 15:28:15 cirros kern.debug kernel: [   27.219618] eth0: no IPv6 routers present
Dec 19 15:31:07 cirros authpriv.info dropbear[283]: Running in background
############ debug end   ##############
  ____               ____  ____
 / __/ __ ____ ____ / __ \/ __/
/ /__ / // __// __// /_/ /\ \ 
\___//_//_/  /_/   \____/___/ 
   http://cirros-cloud.net


login as 'cirros' user. default password: 'cubswin:)'. use 'sudo' for root.
tempest login: 
2015-12-19 15:32:51,002 21528 INFO     [tempest_lib.common.rest_client] Request (TestGettingAddress:_run_cleanups): 204 DELETE http://10.0.2.15:9696/v2.0/floatingips/758a1aba-3ddc-4195-861d-72ae5de40295 0.412s
2015-12-19 15:32:51,003 21528 DEBUG    [tempest_lib.common.rest_client] Request - Headers: {'Content-Type': 'application/json', 'Accept': 'application/json', 'X-Auth-Token': '&lt;omitted&gt;'}
        Body: None
    Response - Headers: {'date': 'Sat, 19 Dec 2015 15:32:51 GMT', 'status': '204', 'connection': 'close', 'content-length': '0', 'x-openstack-request-id': 'req-df5a25a9-6e68-40c9-a8f9-1710f0973390'}
        Body: 
2015-12-19 15:32:51,337 21528 INFO     [tempest_lib.common.rest_client] Request (TestGettingAddress:_run_cleanups): 204 DELETE http://10.0.2.15:8774/v2.1/e54e4de33d4d404b8d7349eb502ec121/servers/6f66a75d-f933-4a86-bf98-326a38a78547 0.333s
2015-12-19 15:32:51,338 21528 DEBUG    [tempest_lib.common.rest_client] Request - Headers: {'Content-Type': 'application/json', 'Accept': 'application/json', 'X-Auth-Token': '&lt;omitted&gt;'}
        Body: None
    Response - Headers: {'status': '204', 'content-length': '0', 'x-compute-request-id': 'req-b716b13b-eb8a-458c-87f0-764a018984a8', 'vary': 'X-OpenStack-Nova-API-Version', 'connection': 'close', 'x-openstack-nova-api-version': '2.1', 'date': 'Sat, 19 Dec 2015 15:32:51 GMT', 'content-type': 'application/json'}
        Body: 
2015-12-19 15:32:51,680 21528 INFO     [tempest_lib.common.rest_client] Request (TestGettingAddress:_run_cleanups): 200 GET http://10.0.2.15:8774/v2.1/e54e4de33d4d404b8d7349eb502ec121/servers/6f66a75d-f933-4a86-bf98-326a38a78547 0.341s
2015-12-19 15:32:51,680 21528 DEBUG    [tempest_lib.common.rest_client] Request - Headers: {'Content-Type': 'application/json', 'Accept': 'application/json', 'X-Auth-Token': '&lt;omitted&gt;'}
        Body: None
    Response - Headers: {'status': '200', 'content-length': '1903', 'content-location': 'http://10.0.2.15:8774/v2.1/e54e4de33d4d404b8d7349eb502ec121/servers/6f66a75d-f933-4a86-bf98-326a38a78547', 'x-compute-request-id': 'req-4d9df230-1743-4f27-987c-ed1e95fc4c12', 'vary': 'X-OpenStack-Nova-API-Version', 'connection': 'close', 'x-openstack-nova-api-version': '2.1', 'date': 'Sat, 19 Dec 2015 15:32:51 GMT', 'content-type': 'application/json'}
        Body: {"server": {"status": "ACTIVE", "updated": "2015-12-19T15:32:51Z", "hostId": "bef0eb83a9be21a594015219bc4c781d7f86ecc4617ce2f98d908272", "addresses": {"tempest-network-smoke--247479703": [{"OS-EXT-IPS-MAC:mac_addr": "fa:16:3e:9b:e6:ee", "version": 4, "addr": "10.100.0.3", "OS-EXT-IPS:type": "fixed"}, {"OS-EXT-IPS-MAC:mac_addr": "fa:16:3e:9b:e6:ee", "version": 6, "addr": "2003::f816:3eff:fe9b:e6ee", "OS-EXT-IPS:type": "fixed"}, {"OS-EXT-IPS-MAC:mac_addr": "fa:16:3e:9b:e6:ee", "version": 4, "addr": "172.24.4.4", "OS-EXT-IPS:type": "floating"}]}, "links": [{"href": "http://10.0.2.15:8774/v2.1/e54e4de33d4d404b8d7349eb502ec121/servers/6f66a75d-f933-4a86-bf98-326a38a78547", "rel": "self"}, {"href": "http://10.0.2.15:8774/e54e4de33d4d404b8d7349eb502ec121/servers/6f66a75d-f933-4a86-bf98-326a38a78547", "rel": "bookmark"}], "key_name": "tempest-TestGettingAddress-905702644", "image": {"id": "9e68d77d-52fc-4012-a427-ddc7a99c3c71", "links": [{"href": "http://10.0.2.15:8774/e54e4de33d4d404b8d7349eb502ec121/images/9e68d77d-52fc-4012-a427-ddc7a99c3c71", "rel": "bookmark"}]}, "OS-EXT-STS:task_state": "deleting", "OS-EXT-STS:vm_state": "active", "OS-SRV-USG:launched_at": "2015-12-19T15:27:44.000000", "flavor": {"id": "42", "links": [{"href": "http://10.0.2.15:8774/e54e4de33d4d404b8d7349eb502ec121/flavors/42", "rel": "bookmark"}]}, "id": "6f66a75d-f933-4a86-bf98-326a38a78547", "security_groups": [{"name": "tempest-secgroup-smoke-1666899575"}], "OS-SRV-USG:terminated_at": null, "OS-EXT-AZ:availability_zone": "nova", "user_id": "5dfae26482a54d69b0c0edee8714ff7c", "name": "tempest.common.compute-instance-2018245514", "created": "2015-12-19T15:27:41Z", "tenant_id": "e54e4de33d4d404b8d7349eb502ec121", "OS-DCF:diskConfig": "MANUAL", "os-extended-volumes:volumes_attached": [], "accessIPv4": "", "accessIPv6": "", "progress": 0, "OS-EXT-STS:power_state": 1, "config_drive": "True", "metadata": {}}}
2015-12-19 15:32:52,872 21528 INFO     [tempest_lib.common.rest_client] Request (TestGettingAddress:_run_cleanups): 200 GET http://10.0.2.15:8774/v2.1/e54e4de33d4d404b8d7349eb502ec121/servers/6f66a75d-f933-4a86-bf98-326a38a78547 0.178s
2015-12-19 15:32:52,873 21528 DEBUG    [tempest_lib.common.rest_client] Request - Headers: {'Content-Type': 'application/json', 'Accept': 'application/json', 'X-Auth-Token': '&lt;omitted&gt;'}
        Body: None
    Response - Headers: {'status': '200', 'content-length': '1439', 'content-location': 'http://10.0.2.15:8774/v2.1/e54e4de33d4d404b8d7349eb502ec121/servers/6f66a75d-f933-4a86-bf98-326a38a78547', 'x-compute-request-id': 'req-78ede9e6-bee3-41df-8bc7-1963adae84fc', 'vary': 'X-OpenStack-Nova-API-Version', 'connection': 'close', 'x-openstack-nova-api-version': '2.1', 'date': 'Sat, 19 Dec 2015 15:32:52 GMT', 'content-type': 'application/json'}
        Body: {"server": {"status": "ACTIVE", "updated": "2015-12-19T15:32:52Z", "hostId": "bef0eb83a9be21a594015219bc4c781d7f86ecc4617ce2f98d908272", "addresses": {}, "links": [{"href": "http://10.0.2.15:8774/v2.1/e54e4de33d4d404b8d7349eb502ec121/servers/6f66a75d-f933-4a86-bf98-326a38a78547", "rel": "self"}, {"href": "http://10.0.2.15:8774/e54e4de33d4d404b8d7349eb502ec121/servers/6f66a75d-f933-4a86-bf98-326a38a78547", "rel": "bookmark"}], "key_name": "tempest-TestGettingAddress-905702644", "image": {"id": "9e68d77d-52fc-4012-a427-ddc7a99c3c71", "links": [{"href": "http://10.0.2.15:8774/e54e4de33d4d404b8d7349eb502ec121/images/9e68d77d-52fc-4012-a427-ddc7a99c3c71", "rel": "bookmark"}]}, "OS-EXT-STS:task_state": "deleting", "OS-EXT-STS:vm_state": "active", "OS-SRV-USG:launched_at": "2015-12-19T15:27:44.000000", "flavor": {"id": "42", "links": [{"href": "http://10.0.2.15:8774/e54e4de33d4d404b8d7349eb502ec121/flavors/42", "rel": "bookmark"}]}, "id": "6f66a75d-f933-4a86-bf98-326a38a78547", "OS-SRV-USG:terminated_at": null, "OS-EXT-AZ:availability_zone": "nova", "user_id": "5dfae26482a54d69b0c0edee8714ff7c", "name": "tempest.common.compute-instance-2018245514", "created": "2015-12-19T15:27:41Z", "tenant_id": "e54e4de33d4d404b8d7349eb502ec121", "OS-DCF:diskConfig": "MANUAL", "os-extended-volumes:volumes_attached": [], "accessIPv4": "", "accessIPv6": "", "progress": 0, "OS-EXT-STS:power_state": 1, "config_drive": "True", "metadata": {}}}
2015-12-19 15:32:54,084 21528 INFO     [tempest_lib.common.rest_client] Request (TestGettingAddress:_run_cleanups): 404 GET http://10.0.2.15:8774/v2.1/e54e4de33d4d404b8d7349eb502ec121/servers/6f66a75d-f933-4a86-bf98-326a38a78547 0.194s
2015-12-19 15:32:54,085 21528 DEBUG    [tempest_lib.common.rest_client] Request - Headers: {'Content-Type': 'application/json', 'Accept': 'application/json', 'X-Auth-Token': '&lt;omitted&gt;'}
        Body: None
    Response - Headers: {'status': '404', 'content-length': '111', 'x-compute-request-id': 'req-525a7400-0b5a-4178-ad94-1af12155e269', 'vary': 'X-OpenStack-Nova-API-Version', 'connection': 'close', 'x-openstack-nova-api-version': '2.1', 'date': 'Sat, 19 Dec 2015 15:32:54 GMT', 'content-type': 'application/json; charset=UTF-8'}
        Body: {"itemNotFound": {"message": "Instance 6f66a75d-f933-4a86-bf98-326a38a78547 could not be found.", "code": 404}}
2015-12-19 15:32:54,495 21528 INFO     [tempest_lib.common.rest_client] Request (TestGettingAddress:_run_cleanups): 200 PUT http://10.0.2.15:9696/v2.0/routers/f83757ec-5948-4254-a1dd-761f4a86b4ec/remove_router_interface 0.409s
2015-12-19 15:32:54,495 21528 DEBUG    [tempest_lib.common.rest_client] Request - Headers: {'Content-Type': 'application/json', 'Accept': 'application/json', 'X-Auth-Token': '&lt;omitted&gt;'}
        Body: {"subnet_id": "c4398b62-01ea-4220-85a1-c380f5d33004"}
    Response - Headers: {'status': '200', 'content-length': '255', 'connection': 'close', 'date': 'Sat, 19 Dec 2015 15:32:54 GMT', 'content-type': 'application/json; charset=UTF-8', 'x-openstack-request-id': 'req-3f3d521f-76a8-46be-b1ae-0a6022d2484b'}
        Body: {"subnet_id": "c4398b62-01ea-4220-85a1-c380f5d33004", "tenant_id": "e54e4de33d4d404b8d7349eb502ec121", "subnet_ids": ["c4398b62-01ea-4220-85a1-c380f5d33004"], "port_id": "ca0d16f7-bf88-40d8-85cb-a648b6f5cfdc", "id": "f83757ec-5948-4254-a1dd-761f4a86b4ec"}
2015-12-19 15:32:55,062 21528 INFO     [tempest_lib.common.rest_client] Request (TestGettingAddress:_run_cleanups): 204 DELETE http://10.0.2.15:9696/v2.0/subnets/c4398b62-01ea-4220-85a1-c380f5d33004 0.566s
2015-12-19 15:32:55,063 21528 DEBUG    [tempest_lib.common.rest_client] Request - Headers: {'Content-Type': 'application/json', 'Accept': 'application/json', 'X-Auth-Token': '&lt;omitted&gt;'}
        Body: None
    Response - Headers: {'date': 'Sat, 19 Dec 2015 15:32:55 GMT', 'status': '204', 'connection': 'close', 'content-length': '0', 'x-openstack-request-id': 'req-ec00aebe-9975-40ab-93dc-f7f03db0d528'}
        Body: 
2015-12-19 15:32:55,108 21528 INFO     [tempest_lib.common.rest_client] Request (TestGettingAddress:_run_cleanups): 404 DELETE http://10.0.2.15:9696/v2.0/subnets/c4398b62-01ea-4220-85a1-c380f5d33004 0.044s
