<?xml version="1.0" encoding="UTF-8"?>
<!DOCTYPE html PUBLIC "-//W3C//DTD XHTML 1.0 Strict//EN"
     "http://www.w3.org/TR/xhtml1/DTD/xhtml1-strict.dtd">
<html xmlns="http://www.w3.org/1999/xhtml">
<head>
    <title>Unit Test Report</title>
    <meta name="generator" content="subunit2html 0.1"/>
    <meta http-equiv="Content-Type" content="text/html; charset=UTF-8"/>
    
<style type="text/css" media="screen">
body        { font-family: verdana, arial, helvetica, sans-serif;
    font-size: 80%; }
table       { font-size: 100%; width: 100%;}
pre         { font-size: 80%; }

/* -- heading -------------------------------------------------------------- */
h1 {
        font-size: 16pt;
        color: gray;
}
.heading {
    margin-top: 0ex;
    margin-bottom: 1ex;
}

.heading .attribute {
    margin-top: 1ex;
    margin-bottom: 0;
}

.heading .description {
    margin-top: 4ex;
    margin-bottom: 6ex;
}

/* -- css div popup -------------------------------------------------------- */
a.popup_link {
}

a.popup_link:hover {
    color: red;
}

.popup_window {
    display: none;
    overflow-x: scroll;
    /*border: solid #627173 1px; */
    padding: 10px;
    background-color: #E6E6D6;
    font-family: "Ubuntu Mono", "Lucida Console", "Courier New", monospace;
    text-align: left;
    font-size: 8pt;
}

}
/* -- report --------------------------------------------------------------- */
#show_detail_line {
    margin-top: 3ex;
    margin-bottom: 1ex;
}
#result_table {
    width: 100%;
    border-collapse: collapse;
    border: 1px solid #777;
}
#header_row {
    font-weight: bold;
    color: white;
    background-color: #777;
}
#result_table td {
    border: 1px solid #777;
    padding: 2px;
}
#total_row  { font-weight: bold; }
.passClass  { background-color: #6c6; }
.failClass  { background-color: #c60; }
.errorClass { background-color: #c00; }
.passCase   { color: #6c6; }
.failCase   { color: #c60; font-weight: bold; }
.errorCase  { color: #c00; font-weight: bold; }
.hiddenRow  { display: none; }
.testcase   { margin-left: 2em; }
td.testname {width: 40%}
td.small {width: 40px}

/* -- ending --------------------------------------------------------------- */
#ending {
}

</style>

</head>
<body>
<script language="javascript" type="text/javascript"><!--
output_list = Array();

/* level - 0:Summary; 1:Failed; 2:All */
function showCase(level) {
    trs = document.getElementsByTagName("tr");
    for (var i = 0; i < trs.length; i++) {
        tr = trs[i];
        id = tr.id;
        if (id.substr(0,2) == 'ft') {
            if (level < 1) {
                tr.className = 'hiddenRow';
            }
            else {
                tr.className = '';
            }
        }
        if (id.substr(0,2) == 'pt') {
            if (level > 1) {
                tr.className = '';
            }
            else {
                tr.className = 'hiddenRow';
            }
        }
    }
}


function showClassDetail(cid, count) {
    var id_list = Array(count);
    var toHide = 1;
    for (var i = 0; i < count; i++) {
        tid0 = 't' + cid.substr(1) + '.' + (i+1);
        tid = 'f' + tid0;
        tr = document.getElementById(tid);
        if (!tr) {
            tid = 'p' + tid0;
            tr = document.getElementById(tid);
        }
        id_list[i] = tid;
        if (tr.className) {
            toHide = 0;
        }
    }
    for (var i = 0; i < count; i++) {
        tid = id_list[i];
        if (toHide) {
            document.getElementById('div_'+tid).style.display = 'none'
            document.getElementById(tid).className = 'hiddenRow';
        }
        else {
            document.getElementById(tid).className = '';
        }
    }
}


function showTestDetail(div_id){
    var details_div = document.getElementById(div_id)
    var displayState = details_div.style.display
    // alert(displayState)
    if (displayState != 'block' ) {
        displayState = 'block'
        details_div.style.display = 'block'
    }
    else {
        details_div.style.display = 'none'
    }
}


function html_escape(s) {
    s = s.replace(/&/g,'&amp;');
    s = s.replace(/</g,'&lt;');
    s = s.replace(/>/g,'&gt;');
    return s;
}

/* obsoleted by detail in <div>
function showOutput(id, name) {
    var w = window.open("", //url
                    name,
                    "resizable,scrollbars,status,width=800,height=450");
    d = w.document;
    d.write("<pre>");
    d.write(html_escape(output_list[id]));
    d.write("\n");
    d.write("<a href='javascript:window.close()'>close</a>\n");
    d.write("</pre>\n");
    d.close();
}
*/
--></script>

<div class='heading'>
<h1>Unit Test Report</h1>

<p class='attribute'><strong>Status:</strong> Failure 8</p>

<p class='description'></p>
</div>



<p id='show_detail_line'>Show
<a href='javascript:showCase(0)'>Summary</a>
<a href='javascript:showCase(1)'>Failed</a>
<a href='javascript:showCase(2)'>All</a>
</p>
<table id='result_table'>
<colgroup>
<col align='left' />
<col align='right' />
<col align='right' />
<col align='right' />
<col align='right' />
<col align='right' />
<col align='right' />
<col align='right' />
</colgroup>
<tr id='header_row'>
    <td>Test Group/Test case</td>
    <td>Count</td>
    <td>Pass</td>
    <td>Fail</td>
    <td>Error</td>
    <td>Skip</td>
    <td>View</td>
    <td> </td>
</tr>

<tr class='failClass'>
    <td class="testname">tempest.scenario.test_network_v6.TestGettingAddress</td>
    <td class="small">8</td>
    <td class="small">0</td>
    <td class="small">8</td>
    <td class="small">0</td>
    <td class="small">0</td>
    <td class="small"><a href="javascript:showClassDetail('c1',8)"
>Detail</a></td>
    <td> </td>
</tr>

<tr id='ft1.1' class='none'>
    <td class='failCase'><div class='testcase'>test_dhcp6_stateless_from_os[compute,id-d7e1f858-187c-45a6-89c9-bdafde619a9f,network]</div></td>
    <td colspan='7' align='left'>

    <!--css div popup start-->
    <a class="popup_link" onfocus='this.blur();'
    href="javascript:showTestDetail('div_ft1.1')" >
        fail</a>

    <div id='div_ft1.1' class="popup_window">
        <div style='text-align: right; color:red;cursor:pointer'>
        <a onfocus='this.blur();'
onclick="document.getElementById('div_ft1.1').style.display = 'none' " >
           [x]</a>
        </div>
        <pre>
        
ft1.1: tempest.scenario.test_network_v6.TestGettingAddress.test_dhcp6_stateless_from_os[compute,id-d7e1f858-187c-45a6-89c9-bdafde619a9f,network]_StringException: Empty attachments:
  stderr
  stdout

pythonlogging:'': {{{
2015-12-06 20:26:25,492 20417 INFO     [tempest_lib.common.rest_client] Request (TestGettingAddress:setUp): 200 POST http://10.0.2.15:8774/v2.1/aaa67553b97b4b8fa03bdfb782c9197f/os-keypairs 0.592s
2015-12-06 20:26:25,493 20417 DEBUG    [tempest_lib.common.rest_client] Request - Headers: {'Content-Type': 'application/json', 'Accept': 'application/json', 'X-Auth-Token': '&lt;omitted&gt;'}
        Body: {"keypair": {"name": "tempest-TestGettingAddress-1653994693"}}
    Response - Headers: {'status': '200', 'content-length': '2320', 'x-compute-request-id': 'req-690c2d4a-ad24-495c-8162-614f63378f34', 'vary': 'X-OpenStack-Nova-API-Version', 'connection': 'close', 'x-openstack-nova-api-version': '2.1', 'date': 'Sun, 06 Dec 2015 20:26:25 GMT', 'content-type': 'application/json'}
        Body: {"keypair": {"public_key": "ssh-rsa AAAAB3NzaC1yc2EAAAADAQABAAABAQCvQYisUc81bMCHFW2zzLQHCm7tzcMGf2QG57V4Rj5NlOBcZMr+ID9oQ61bAVpHRCM1Ai+cLOJdiLvg49N98XMBSoQvsxAVxAlxeg/4a4OXk/NB533CuN/g1XtE6wDpCMvFm/ZWhE0fJotSR+x7Lt9pi67GIjIZe2SXWJc3U4lMf2A91mg4g90Qkz8OFL9sHIk3AFUGHiL3LzSHxX1URmoMJLQ6rSCYxRmPabIdIt7dxCOFuDy12fvbe3kJQ4bD9xNRFtyNQL3YZSBL2B4O579ut00G8DLL3W6vkrRAcUB4aOg+ZN7uMyCszFIoQWrM6mozow3q1ok3e/e91rxjJmIj Generated-by-Nova", "private_key": "-----BEGIN RSA PRIVATE KEY-----\nMIIEpwIBAAKCAQEAr0GIrFHPNWzAhxVts8y0Bwpu7c3DBn9kBue1eEY+TZTgXGTK\n/iA/aEOtWwFaR0QjNQIvnCziXYi74OPTffFzAUqEL7MQFcQJcXoP+GuDl5PzQed9\nwrjf4NV7ROsA6QjLxZv2VoRNHyaLUkfsey7faYuuxiIyGXtkl1iXN1OJTH9gPdZo\nOIPdEJM/DhS/bByJNwBVBh4i9y80h8V9VEZqDCS0Oq0gmMUZj2myHSLe3cQjhbg8\ntdn723t5CUOGw/cTURbcjUC92GUgS9geDue/brdNBvAyy91ur5K0QHFAeGjoPmTe\n7jMgrMxSKEFqzOpqM6MN6taJN3v3vda8YyZiIwIDAQABAoIBAB+SMKrKOgenxa8P\n/ykqsSurh3wzWvSqsjxENX6rOMIFFb3PMnpBGOsRdgM05Sx9a9I6yJTbyROMdDv5\nDrpbappK8DEfksA5BnJ4yLO5uoTt1B6FMzSG1V3NV1188DcKrJq2k9PWFYaNDQAP\nkNxH/1smHJ/4vQm2HtLc1LDUzaEH7NtbqceBBCWMEm84IdBYLqmyDjsx6jIwTkin\n/R0MVLRk5EalHHUaIEn+71t21a3DzQv3i1mZDSFmN2d2u0Lo6Ph6ooF0hSloz2a4\ntJP3KgwcmKQuSuEEk36jb04HRr4hi98hAx8QkfaazdelNPmECeDg1Z98rtd/8POm\nlCnKDfECggCBAM9Rwzh83xP92ukMLOuCdbHCAJz+ke0UVAZXGxkn4tgrOE2QYrKI\nZxj0g6+2Vnn3ifn2gdud95HMZmxOxs4fqOlAe2TG1EAaQ0J4aL0IS0ipgQIvFQQ0\nULogxnjwowMxRaD195yvodewIcSPmaqdt0lmp8pKi/QQTYAuUjmYHnX9AoIAgQDY\naGYq7+2QbC7cShnD2zXYwr3jXsHThpoeVwpITw1F+CJK63xdn3fc3gxyf6TcfqIC\ntPkScVfs2Kt5ocO98MJOSkuFCy7PDw6jEp6fKEUqEYaBpKl1pLOui/Vuq7uTEnup\nc/Lpr4waH9IjYP3dnYx6mHKZ9uPhbtn6ECgZJCWinwKCAIB4DdHt4SnRSty8vac5\njieXk0+Fmklor6/kqAZyL83F/mkxSV5OIn0JT3b+hqlXIciNrnkOc1CM5n+dUpT/\nggfvYr7R4e3BXTP7xvxoEuh9oGKroBYchCsHTbmBCWBsldjLWARWgMJIw58aU0na\nKlCcOc0KcNbQs6wdgTVuUq+5BQKCAIBeR917B1xwdzFTN9VRxscG0JD55eZ7yUCL\nx0/rgMU/noMSMNXV1AvcZcD2gTXJ+kGK/F0m88pinWLXcupcbe+5PBT6uYyDGQQ/\nd3Uz0c+QLGJ1SM+rOT4u5TrgJGFsCblmceV6eciH+SUL1M3FJ0Z0gsYq3a0aIblF\ngJR3n4/l8QKCAIB1+R8ETOdm2UBj2wLW+dU8tUdgrLaNQNQ79ATQuGF6udXhtfGf\nABKHeBpEvBeWRQl3rAHlVfOP3tYoQv19yJWAI8wS8J6z0Lozw43xB6s+YLmY8vdn\npWPBEGh2CU5cTdiKFigDQCxwqMVvaMC+HpXWg95c4uezjUMM4ysWdhD/CA==\n-----END RSA PRIVATE KEY-----\n", "user_id": "0ff74a2fe9724f2aa2b1f070492a8698", "name": "tempest-TestGettingAddress-1653994693", "fingerprint": "01:af:51:af:c6:33:51:40:76:45:ab:8d:64:96:3f:12"}}
2015-12-06 20:26:25,855 20417 INFO     [tempest_lib.common.rest_client] Request (TestGettingAddress:setUp): 201 POST http://10.0.2.15:9696/v2.0/security-groups 0.356s
2015-12-06 20:26:25,856 20417 DEBUG    [tempest_lib.common.rest_client] Request - Headers: {'Content-Type': 'application/json', 'Accept': 'application/json', 'X-Auth-Token': '&lt;omitted&gt;'}
        Body: {"security_group": {"tenant_id": "aaa67553b97b4b8fa03bdfb782c9197f", "description": "tempest-secgroup-smoke-133709492 description", "name": "tempest-secgroup-smoke-133709492"}}
    Response - Headers: {'status': '201', 'content-length': '886', 'connection': 'close', 'date': 'Sun, 06 Dec 2015 20:26:25 GMT', 'content-type': 'application/json; charset=UTF-8', 'x-openstack-request-id': 'req-56d0adab-de9c-48c4-a59b-dae24a216adc'}
        Body: {"security_group": {"tenant_id": "aaa67553b97b4b8fa03bdfb782c9197f", "description": "tempest-secgroup-smoke-133709492 description", "id": "a130e08e-2d0f-4c81-a8e2-df11c8b34e27", "security_group_rules": [{"remote_group_id": null, "direction": "egress", "remote_ip_prefix": null, "protocol": null, "ethertype": "IPv4", "tenant_id": "aaa67553b97b4b8fa03bdfb782c9197f", "port_range_max": null, "port_range_min": null, "id": "45887e18-06b5-4515-bf94-daf30f61624d", "security_group_id": "a130e08e-2d0f-4c81-a8e2-df11c8b34e27"}, {"remote_group_id": null, "direction": "egress", "remote_ip_prefix": null, "protocol": null, "ethertype": "IPv6", "tenant_id": "aaa67553b97b4b8fa03bdfb782c9197f", "port_range_max": null, "port_range_min": null, "id": "bfc9eecc-c9ea-4a52-ba10-d2eec81806a6", "security_group_id": "a130e08e-2d0f-4c81-a8e2-df11c8b34e27"}], "name": "tempest-secgroup-smoke-133709492"}}
2015-12-06 20:26:26,101 20417 INFO     [tempest_lib.common.rest_client] Request (TestGettingAddress:setUp): 201 POST http://10.0.2.15:9696/v2.0/security-group-rules 0.243s
2015-12-06 20:26:26,102 20417 DEBUG    [tempest_lib.common.rest_client] Request - Headers: {'Content-Type': 'application/json', 'Accept': 'application/json', 'X-Auth-Token': '&lt;omitted&gt;'}
        Body: {"security_group_rule": {"direction": "ingress", "protocol": "tcp", "tenant_id": "aaa67553b97b4b8fa03bdfb782c9197f", "port_range_max": 22, "security_group_id": "a130e08e-2d0f-4c81-a8e2-df11c8b34e27", "port_range_min": 22}}
    Response - Headers: {'status': '201', 'content-length': '340', 'connection': 'close', 'date': 'Sun, 06 Dec 2015 20:26:26 GMT', 'content-type': 'application/json; charset=UTF-8', 'x-openstack-request-id': 'req-25d344cc-b865-4df6-bd20-558781f84141'}
        Body: {"security_group_rule": {"remote_group_id": null, "direction": "ingress", "remote_ip_prefix": null, "protocol": "tcp", "ethertype": "IPv4", "tenant_id": "aaa67553b97b4b8fa03bdfb782c9197f", "port_range_max": 22, "port_range_min": 22, "id": "0000e094-c3d2-4659-ba47-55a20dbe5803", "security_group_id": "a130e08e-2d0f-4c81-a8e2-df11c8b34e27"}}
2015-12-06 20:26:26,220 20417 INFO     [tempest_lib.common.rest_client] Request (TestGettingAddress:setUp): 201 POST http://10.0.2.15:9696/v2.0/security-group-rules 0.117s
2015-12-06 20:26:26,221 20417 DEBUG    [tempest_lib.common.rest_client] Request - Headers: {'Content-Type': 'application/json', 'Accept': 'application/json', 'X-Auth-Token': '&lt;omitted&gt;'}
        Body: {"security_group_rule": {"direction": "egress", "protocol": "tcp", "tenant_id": "aaa67553b97b4b8fa03bdfb782c9197f", "port_range_max": 22, "security_group_id": "a130e08e-2d0f-4c81-a8e2-df11c8b34e27", "port_range_min": 22}}
    Response - Headers: {'status': '201', 'content-length': '339', 'connection': 'close', 'date': 'Sun, 06 Dec 2015 20:26:26 GMT', 'content-type': 'application/json; charset=UTF-8', 'x-openstack-request-id': 'req-96cb8212-f034-4058-8f65-d71f6f920e47'}
        Body: {"security_group_rule": {"remote_group_id": null, "direction": "egress", "remote_ip_prefix": null, "protocol": "tcp", "ethertype": "IPv4", "tenant_id": "aaa67553b97b4b8fa03bdfb782c9197f", "port_range_max": 22, "port_range_min": 22, "id": "83026958-665e-4b5e-ba32-ed34ff9afd4b", "security_group_id": "a130e08e-2d0f-4c81-a8e2-df11c8b34e27"}}
2015-12-06 20:26:26,338 20417 INFO     [tempest_lib.common.rest_client] Request (TestGettingAddress:setUp): 201 POST http://10.0.2.15:9696/v2.0/security-group-rules 0.115s
2015-12-06 20:26:26,339 20417 DEBUG    [tempest_lib.common.rest_client] Request - Headers: {'Content-Type': 'application/json', 'Accept': 'application/json', 'X-Auth-Token': '&lt;omitted&gt;'}
        Body: {"security_group_rule": {"tenant_id": "aaa67553b97b4b8fa03bdfb782c9197f", "direction": "ingress", "protocol": "icmp", "security_group_id": "a130e08e-2d0f-4c81-a8e2-df11c8b34e27"}}
    Response - Headers: {'status': '201', 'content-length': '345', 'connection': 'close', 'date': 'Sun, 06 Dec 2015 20:26:26 GMT', 'content-type': 'application/json; charset=UTF-8', 'x-openstack-request-id': 'req-abf5be9f-3736-43f6-b251-f5dfd56507c7'}
        Body: {"security_group_rule": {"remote_group_id": null, "direction": "ingress", "remote_ip_prefix": null, "protocol": "icmp", "ethertype": "IPv4", "tenant_id": "aaa67553b97b4b8fa03bdfb782c9197f", "port_range_max": null, "port_range_min": null, "id": "36616a3d-818e-4765-8ced-7bd03d707ceb", "security_group_id": "a130e08e-2d0f-4c81-a8e2-df11c8b34e27"}}
2015-12-06 20:26:26,454 20417 INFO     [tempest_lib.common.rest_client] Request (TestGettingAddress:setUp): 201 POST http://10.0.2.15:9696/v2.0/security-group-rules 0.114s
2015-12-06 20:26:26,454 20417 DEBUG    [tempest_lib.common.rest_client] Request - Headers: {'Content-Type': 'application/json', 'Accept': 'application/json', 'X-Auth-Token': '&lt;omitted&gt;'}
        Body: {"security_group_rule": {"tenant_id": "aaa67553b97b4b8fa03bdfb782c9197f", "direction": "egress", "protocol": "icmp", "security_group_id": "a130e08e-2d0f-4c81-a8e2-df11c8b34e27"}}
    Response - Headers: {'status': '201', 'content-length': '344', 'connection': 'close', 'date': 'Sun, 06 Dec 2015 20:26:26 GMT', 'content-type': 'application/json; charset=UTF-8', 'x-openstack-request-id': 'req-de4f1a3a-4f08-4adf-9629-aff67f563285'}
        Body: {"security_group_rule": {"remote_group_id": null, "direction": "egress", "remote_ip_prefix": null, "protocol": "icmp", "ethertype": "IPv4", "tenant_id": "aaa67553b97b4b8fa03bdfb782c9197f", "port_range_max": null, "port_range_min": null, "id": "dfb30899-733d-4e4d-9148-5a4715ac487b", "security_group_id": "a130e08e-2d0f-4c81-a8e2-df11c8b34e27"}}
2015-12-06 20:26:26,575 20417 INFO     [tempest_lib.common.rest_client] Request (TestGettingAddress:setUp): 201 POST http://10.0.2.15:9696/v2.0/security-group-rules 0.120s
2015-12-06 20:26:26,576 20417 DEBUG    [tempest_lib.common.rest_client] Request - Headers: {'Content-Type': 'application/json', 'Accept': 'application/json', 'X-Auth-Token': '&lt;omitted&gt;'}
        Body: {"security_group_rule": {"tenant_id": "aaa67553b97b4b8fa03bdfb782c9197f", "direction": "ingress", "security_group_id": "a130e08e-2d0f-4c81-a8e2-df11c8b34e27", "protocol": "icmp", "ethertype": "IPv6"}}
    Response - Headers: {'status': '201', 'content-length': '345', 'connection': 'close', 'date': 'Sun, 06 Dec 2015 20:26:26 GMT', 'content-type': 'application/json; charset=UTF-8', 'x-openstack-request-id': 'req-8d5b42b5-2cfd-49b9-b819-0112d96dbe8e'}
        Body: {"security_group_rule": {"remote_group_id": null, "direction": "ingress", "remote_ip_prefix": null, "protocol": "icmp", "ethertype": "IPv6", "tenant_id": "aaa67553b97b4b8fa03bdfb782c9197f", "port_range_max": null, "port_range_min": null, "id": "deff9320-6715-441e-82b2-8a4d99ac2bfd", "security_group_id": "a130e08e-2d0f-4c81-a8e2-df11c8b34e27"}}
2015-12-06 20:26:26,706 20417 INFO     [tempest_lib.common.rest_client] Request (TestGettingAddress:setUp): 201 POST http://10.0.2.15:9696/v2.0/security-group-rules 0.128s
2015-12-06 20:26:26,706 20417 DEBUG    [tempest_lib.common.rest_client] Request - Headers: {'Content-Type': 'application/json', 'Accept': 'application/json', 'X-Auth-Token': '&lt;omitted&gt;'}
        Body: {"security_group_rule": {"tenant_id": "aaa67553b97b4b8fa03bdfb782c9197f", "direction": "egress", "security_group_id": "a130e08e-2d0f-4c81-a8e2-df11c8b34e27", "protocol": "icmp", "ethertype": "IPv6"}}
    Response - Headers: {'status': '201', 'content-length': '344', 'connection': 'close', 'date': 'Sun, 06 Dec 2015 20:26:26 GMT', 'content-type': 'application/json; charset=UTF-8', 'x-openstack-request-id': 'req-0ecf4871-4f78-434d-8572-8b8597f34ef8'}
        Body: {"security_group_rule": {"remote_group_id": null, "direction": "egress", "remote_ip_prefix": null, "protocol": "icmp", "ethertype": "IPv6", "tenant_id": "aaa67553b97b4b8fa03bdfb782c9197f", "port_range_max": null, "port_range_min": null, "id": "8329adcf-98b5-4071-aa77-758fc9ffd658", "security_group_id": "a130e08e-2d0f-4c81-a8e2-df11c8b34e27"}}
2015-12-06 20:26:26,890 20417 INFO     [tempest_lib.common.rest_client] Request (TestGettingAddress:test_dhcp6_stateless_from_os): 201 POST http://10.0.2.15:9696/v2.0/networks 0.181s
2015-12-06 20:26:26,890 20417 DEBUG    [tempest_lib.common.rest_client] Request - Headers: {'Content-Type': 'application/json', 'Accept': 'application/json', 'X-Auth-Token': '&lt;omitted&gt;'}
        Body: {"network": {"tenant_id": "aaa67553b97b4b8fa03bdfb782c9197f", "name": "tempest-network-smoke--439061500"}}
    Response - Headers: {'status': '201', 'content-length': '328', 'connection': 'close', 'date': 'Sun, 06 Dec 2015 20:26:26 GMT', 'content-type': 'application/json; charset=UTF-8', 'x-openstack-request-id': 'req-0e443b1e-41cb-4940-a1af-979f356aa394'}
        Body: {"network": {"status": "ACTIVE", "subnets": [], "availability_zone_hints": "[]", "name": "tempest-network-smoke--439061500", "admin_state_up": true, "tenant_id": "aaa67553b97b4b8fa03bdfb782c9197f", "mtu": 0, "router:external": false, "shared": false, "port_security_enabled": true, "id": "e7f36f02-0c7d-4574-b1e7-4106911304de"}}
2015-12-06 20:26:27,062 20417 INFO     [tempest_lib.common.rest_client] Request (TestGettingAddress:test_dhcp6_stateless_from_os): 200 GET http://10.0.2.15:9696/v2.0/subnets?tenant_id=aaa67553b97b4b8fa03bdfb782c9197f&amp;cidr=10.100.0.0%2F28 0.171s
2015-12-06 20:26:27,063 20417 DEBUG    [tempest_lib.common.rest_client] Request - Headers: {'Content-Type': 'application/json', 'Accept': 'application/json', 'X-Auth-Token': '&lt;omitted&gt;'}
        Body: None
    Response - Headers: {'status': '200', 'content-length': '15', 'content-location': 'http://10.0.2.15:9696/v2.0/subnets?tenant_id=aaa67553b97b4b8fa03bdfb782c9197f&amp;cidr=10.100.0.0%2F28', 'connection': 'close', 'date': 'Sun, 06 Dec 2015 20:26:27 GMT', 'content-type': 'application/json; charset=UTF-8', 'x-openstack-request-id': 'req-50cc5281-78a8-4b2a-88f6-be7f96ab3830'}
        Body: {"subnets": []}
2015-12-06 20:26:27,414 20417 INFO     [tempest_lib.common.rest_client] Request (TestGettingAddress:test_dhcp6_stateless_from_os): 201 POST http://10.0.2.15:9696/v2.0/subnets 0.350s
2015-12-06 20:26:27,415 20417 DEBUG    [tempest_lib.common.rest_client] Request - Headers: {'Content-Type': 'application/json', 'Accept': 'application/json', 'X-Auth-Token': '&lt;omitted&gt;'}
        Body: {"subnet": {"ip_version": 4, "tenant_id": "aaa67553b97b4b8fa03bdfb782c9197f", "cidr": "10.100.0.0/28", "network_id": "e7f36f02-0c7d-4574-b1e7-4106911304de", "name": "tempest-sub4-821161688"}}
    Response - Headers: {'status': '201', 'content-length': '469', 'connection': 'close', 'date': 'Sun, 06 Dec 2015 20:26:27 GMT', 'content-type': 'application/json; charset=UTF-8', 'x-openstack-request-id': 'req-85b4c771-4e34-43d2-8d74-91e4bb9ff3db'}
        Body: {"subnet": {"name": "tempest-sub4-821161688", "enable_dhcp": true, "network_id": "e7f36f02-0c7d-4574-b1e7-4106911304de", "tenant_id": "aaa67553b97b4b8fa03bdfb782c9197f", "dns_nameservers": [], "gateway_ip": "10.100.0.1", "ipv6_ra_mode": null, "allocation_pools": [{"start": "10.100.0.2", "end": "10.100.0.14"}], "host_routes": [], "ip_version": 4, "ipv6_address_mode": null, "cidr": "10.100.0.0/28", "id": "ef8066a0-ac9e-4ce8-856e-1bf6511c91ac", "subnetpool_id": null}}
2015-12-06 20:26:27,485 20417 INFO     [tempest_lib.common.rest_client] Request (TestGettingAddress:test_dhcp6_stateless_from_os): 201 POST http://10.0.2.15:9696/v2.0/routers 0.067s
2015-12-06 20:26:27,485 20417 DEBUG    [tempest_lib.common.rest_client] Request - Headers: {'Content-Type': 'application/json', 'Accept': 'application/json', 'X-Auth-Token': '&lt;omitted&gt;'}
        Body: {"router": {"tenant_id": "aaa67553b97b4b8fa03bdfb782c9197f", "name": "tempest-router-smoke-926814199", "admin_state_up": true}}
    Response - Headers: {'status': '201', 'content-length': '295', 'connection': 'close', 'date': 'Sun, 06 Dec 2015 20:26:27 GMT', 'content-type': 'application/json; charset=UTF-8', 'x-openstack-request-id': 'req-1382d3f2-5833-48d5-b940-ee6c5bed8cbe'}
        Body: {"router": {"status": "ACTIVE", "external_gateway_info": null, "availability_zone_hints": [], "availability_zones": [], "name": "tempest-router-smoke-926814199", "admin_state_up": true, "tenant_id": "aaa67553b97b4b8fa03bdfb782c9197f", "routes": [], "id": "b9ce8c2a-8871-4243-a05e-d343d6a3c0c5"}}
2015-12-06 20:26:27,568 20417 INFO     [tempest_lib.common.rest_client] Request (TestGettingAddress:test_dhcp6_stateless_from_os): 200 GET http://10.0.2.15:9696/v2.0/routers/b9ce8c2a-8871-4243-a05e-d343d6a3c0c5 0.082s
2015-12-06 20:26:27,568 20417 DEBUG    [tempest_lib.common.rest_client] Request - Headers: {'Content-Type': 'application/json', 'Accept': 'application/json', 'X-Auth-Token': '&lt;omitted&gt;'}
        Body: None
    Response - Headers: {'status': '200', 'content-length': '295', 'content-location': 'http://10.0.2.15:9696/v2.0/routers/b9ce8c2a-8871-4243-a05e-d343d6a3c0c5', 'connection': 'close', 'date': 'Sun, 06 Dec 2015 20:26:27 GMT', 'content-type': 'application/json; charset=UTF-8', 'x-openstack-request-id': 'req-0448cfed-ae35-4ed2-a3da-d24331de08b0'}
        Body: {"router": {"status": "ACTIVE", "external_gateway_info": null, "availability_zone_hints": [], "availability_zones": [], "name": "tempest-router-smoke-926814199", "admin_state_up": true, "tenant_id": "aaa67553b97b4b8fa03bdfb782c9197f", "routes": [], "id": "b9ce8c2a-8871-4243-a05e-d343d6a3c0c5"}}
2015-12-06 20:26:28,434 20417 INFO     [tempest_lib.common.rest_client] Request (TestGettingAddress:test_dhcp6_stateless_from_os): 200 PUT http://10.0.2.15:9696/v2.0/routers/b9ce8c2a-8871-4243-a05e-d343d6a3c0c5 0.865s
2015-12-06 20:26:28,435 20417 DEBUG    [tempest_lib.common.rest_client] Request - Headers: {'Content-Type': 'application/json', 'Accept': 'application/json', 'X-Auth-Token': '&lt;omitted&gt;'}
        Body: {"router": {"external_gateway_info": {"network_id": "2e1ec65e-9ecf-4a1c-8fc7-715cbd9cea89"}, "name": "tempest-router-smoke-926814199", "admin_state_up": true}}
    Response - Headers: {'status': '200', 'content-length': '557', 'connection': 'close', 'date': 'Sun, 06 Dec 2015 20:26:28 GMT', 'content-type': 'application/json; charset=UTF-8', 'x-openstack-request-id': 'req-5112c578-d7b4-492b-8abd-41203135502d'}
        Body: {"router": {"status": "ACTIVE", "external_gateway_info": {"network_id": "2e1ec65e-9ecf-4a1c-8fc7-715cbd9cea89", "enable_snat": true, "external_fixed_ips": [{"subnet_id": "f30e3e66-cab8-4f1d-b700-66e19c3126e2", "ip_address": "172.24.4.3"}, {"subnet_id": "0c374ab8-c58f-4a6a-a382-5417968eacf8", "ip_address": "2001:db8::4"}]}, "availability_zone_hints": [], "availability_zones": [], "name": "tempest-router-smoke-926814199", "admin_state_up": true, "tenant_id": "aaa67553b97b4b8fa03bdfb782c9197f", "routes": [], "id": "b9ce8c2a-8871-4243-a05e-d343d6a3c0c5"}}
2015-12-06 20:26:29,296 20417 INFO     [tempest_lib.common.rest_client] Request (TestGettingAddress:test_dhcp6_stateless_from_os): 200 PUT http://10.0.2.15:9696/v2.0/routers/b9ce8c2a-8871-4243-a05e-d343d6a3c0c5/add_router_interface 0.859s
2015-12-06 20:26:29,296 20417 DEBUG    [tempest_lib.common.rest_client] Request - Headers: {'Content-Type': 'application/json', 'Accept': 'application/json', 'X-Auth-Token': '&lt;omitted&gt;'}
        Body: {"subnet_id": "ef8066a0-ac9e-4ce8-856e-1bf6511c91ac"}
    Response - Headers: {'status': '200', 'content-length': '255', 'connection': 'close', 'date': 'Sun, 06 Dec 2015 20:26:29 GMT', 'content-type': 'application/json; charset=UTF-8', 'x-openstack-request-id': 'req-6b7fa37e-bbe9-4395-8a54-fe1727e29634'}
        Body: {"subnet_id": "ef8066a0-ac9e-4ce8-856e-1bf6511c91ac", "tenant_id": "aaa67553b97b4b8fa03bdfb782c9197f", "subnet_ids": ["ef8066a0-ac9e-4ce8-856e-1bf6511c91ac"], "port_id": "6e7a87bd-145e-49ac-93cd-c3b6c3aa52ba", "id": "b9ce8c2a-8871-4243-a05e-d343d6a3c0c5"}
2015-12-06 20:26:29,484 20417 INFO     [tempest_lib.common.rest_client] Request (TestGettingAddress:test_dhcp6_stateless_from_os): 200 GET http://10.0.2.15:9696/v2.0/subnets?tenant_id=aaa67553b97b4b8fa03bdfb782c9197f&amp;cidr=2003%3A%3A%2F64 0.186s
2015-12-06 20:26:29,484 20417 DEBUG    [tempest_lib.common.rest_client] Request - Headers: {'Content-Type': 'application/json', 'Accept': 'application/json', 'X-Auth-Token': '&lt;omitted&gt;'}
        Body: None
    Response - Headers: {'status': '200', 'content-length': '15', 'content-location': 'http://10.0.2.15:9696/v2.0/subnets?tenant_id=aaa67553b97b4b8fa03bdfb782c9197f&amp;cidr=2003%3A%3A%2F64', 'connection': 'close', 'date': 'Sun, 06 Dec 2015 20:26:29 GMT', 'content-type': 'application/json; charset=UTF-8', 'x-openstack-request-id': 'req-e8065f82-a676-461a-90aa-4fef5418ab00'}
        Body: {"subnets": []}
2015-12-06 20:26:29,886 20417 INFO     [tempest_lib.common.rest_client] Request (TestGettingAddress:test_dhcp6_stateless_from_os): 201 POST http://10.0.2.15:9696/v2.0/subnets 0.401s
2015-12-06 20:26:29,886 20417 DEBUG    [tempest_lib.common.rest_client] Request - Headers: {'Content-Type': 'application/json', 'Accept': 'application/json', 'X-Auth-Token': '&lt;omitted&gt;'}
        Body: {"subnet": {"name": "tempest-sub6-1026054081", "network_id": "e7f36f02-0c7d-4574-b1e7-4106911304de", "tenant_id": "aaa67553b97b4b8fa03bdfb782c9197f", "ipv6_ra_mode": "dhcpv6-stateless", "ip_version": 6, "ipv6_address_mode": "dhcpv6-stateless", "cidr": "2003::/64"}}
    Response - Headers: {'status': '201', 'content-length': '502', 'connection': 'close', 'date': 'Sun, 06 Dec 2015 20:26:29 GMT', 'content-type': 'application/json; charset=UTF-8', 'x-openstack-request-id': 'req-13855cc3-8153-4bc0-9941-c4c36863db50'}
        Body: {"subnet": {"name": "tempest-sub6-1026054081", "enable_dhcp": true, "network_id": "e7f36f02-0c7d-4574-b1e7-4106911304de", "tenant_id": "aaa67553b97b4b8fa03bdfb782c9197f", "dns_nameservers": [], "gateway_ip": "2003::1", "ipv6_ra_mode": "dhcpv6-stateless", "allocation_pools": [{"start": "2003::2", "end": "2003::ffff:ffff:ffff:ffff"}], "host_routes": [], "ip_version": 6, "ipv6_address_mode": "dhcpv6-stateless", "cidr": "2003::/64", "id": "443a71f4-5db9-49f7-b8c3-7dd2d47c8ea7", "subnetpool_id": null}}
2015-12-06 20:26:30,569 20417 INFO     [tempest_lib.common.rest_client] Request (TestGettingAddress:test_dhcp6_stateless_from_os): 200 PUT http://10.0.2.15:9696/v2.0/routers/b9ce8c2a-8871-4243-a05e-d343d6a3c0c5/add_router_interface 0.682s
2015-12-06 20:26:30,569 20417 DEBUG    [tempest_lib.common.rest_client] Request - Headers: {'Content-Type': 'application/json', 'Accept': 'application/json', 'X-Auth-Token': '&lt;omitted&gt;'}
        Body: {"subnet_id": "443a71f4-5db9-49f7-b8c3-7dd2d47c8ea7"}
    Response - Headers: {'status': '200', 'content-length': '255', 'connection': 'close', 'date': 'Sun, 06 Dec 2015 20:26:30 GMT', 'content-type': 'application/json; charset=UTF-8', 'x-openstack-request-id': 'req-27bd4253-9c02-4c84-8e9d-e44b55f7937f'}
        Body: {"subnet_id": "443a71f4-5db9-49f7-b8c3-7dd2d47c8ea7", "tenant_id": "aaa67553b97b4b8fa03bdfb782c9197f", "subnet_ids": ["443a71f4-5db9-49f7-b8c3-7dd2d47c8ea7"], "port_id": "5ba47785-d8f0-4937-9f19-28a47cb56bff", "id": "b9ce8c2a-8871-4243-a05e-d343d6a3c0c5"}
2015-12-06 20:26:30,686 20417 INFO     [tempest_lib.common.rest_client] Request (TestGettingAddress:test_dhcp6_stateless_from_os): 200 POST http://10.0.2.15:5000/v2.0/tokens
2015-12-06 20:26:30,687 20417 DEBUG    [tempest_lib.common.rest_client] Request - Headers: {'Content-Type': 'application/json', 'Accept': 'application/json'}
        Body: &lt;omitted&gt;
    Response - Headers: {'status': '200', 'content-length': '2522', 'vary': 'X-Auth-Token', 'server': 'Apache/2.4.7 (Ubuntu)', 'connection': 'close', 'date': 'Sun, 06 Dec 2015 20:26:30 GMT', 'content-type': 'application/json', 'x-openstack-request-id': 'req-61781bb0-94da-4856-b8fb-49869ddd2ee7'}
        Body: {"access": {"token": {"issued_at": "2015-12-06T20:26:30.673054", "expires": "2015-12-06T21:26:30Z", "id": "271a99819ed144b69f256f93e476fc62", "tenant": {"description": "tempest-TestGettingAddress-2069590731-desc", "enabled": true, "id": "aaa67553b97b4b8fa03bdfb782c9197f", "name": "tempest-TestGettingAddress-2069590731"}, "audit_ids": ["EAFh7V0rQYqhNA7EjMx9Dg"]}, "serviceCatalog": [{"endpoints": [{"adminURL": "http://10.0.2.15:8774/v2.1/aaa67553b97b4b8fa03bdfb782c9197f", "region": "RegionOne", "internalURL": "http://10.0.2.15:8774/v2.1/aaa67553b97b4b8fa03bdfb782c9197f", "id": "2215f3e59c6e4d668f2ac57decbf4e93", "publicURL": "http://10.0.2.15:8774/v2.1/aaa67553b97b4b8fa03bdfb782c9197f"}], "endpoints_links": [], "type": "compute", "name": "nova"}, {"endpoints": [{"adminURL": "http://10.0.2.15:9696/", "region": "RegionOne", "internalURL": "http://10.0.2.15:9696/", "id": "2f336a80b4dc4971883fc3ce6e14d674", "publicURL": "http://10.0.2.15:9696/"}], "endpoints_links": [], "type": "network", "name": "neutron"}, {"endpoints": [{"adminURL": "http://10.0.2.15:9292", "region": "RegionOne", "internalURL": "http://10.0.2.15:9292", "id": "9ab00f0224894d9e9bbbce8f221c9c54", "publicURL": "http://10.0.2.15:9292"}], "endpoints_links": [], "type": "image", "name": "glance"}, {"endpoints": [{"adminURL": "http://10.0.2.15:8774/v2/aaa67553b97b4b8fa03bdfb782c9197f", "region": "RegionOne", "internalURL": "http://10.0.2.15:8774/v2/aaa67553b97b4b8fa03bdfb782c9197f", "id": "8cc9b4346c204328b6696544fd29cdf4", "publicURL": "http://10.0.2.15:8774/v2/aaa67553b97b4b8fa03bdfb782c9197f"}], "endpoints_links": [], "type": "compute_legacy", "name": "nova_legacy"}, {"endpoints": [{"adminURL": "http://10.0.2.15:8773/", "region": "RegionOne", "internalURL": "http://10.0.2.15:8773/", "id": "0a271d452c0b49ab892b24d37fd83811", "publicURL": "http://10.0.2.15:8773/"}], "endpoints_links": [], "type": "ec2", "name": "ec2"}, {"endpoints": [{"adminURL": "http://10.0.2.15:35357/v2.0", "region": "RegionOne", "internalURL": "http://10.0.2.15:5000/v2.0", "id": "05057a74e68c421fa242f3d150e29575", "publicURL": "http://10.0.2.15:5000/v2.0"}], "endpoints_links": [], "type": "identity", "name": "keystone"}], "user": {"username": "tempest-TestGettingAddress-98754036", "roles_links": [], "id": "0ff74a2fe9724f2aa2b1f070492a8698", "roles": [{"name": "_member_"}, {"name": "Member"}], "name": "tempest-TestGettingAddress-98754036"}, "metadata": {"is_admin": 0, "roles": ["9fe2ff9ee4384b1894a90878d3e92bab", "84eb7a15a7504db5b8e887fc113601f0"]}}}
2015-12-06 20:26:30,694 20417 DEBUG    [tempest.common.fixed_network] (TestGettingAddress:test_dhcp6_stateless_from_os) No valid network provided or created, defaulting to fixed_network_name
2015-12-06 20:26:31,007 20417 INFO     [tempest_lib.common.rest_client] Request (TestGettingAddress:test_dhcp6_stateless_from_os): 200 GET http://10.0.2.15:8774/v2.1/aaa67553b97b4b8fa03bdfb782c9197f/os-networks 0.312s
2015-12-06 20:26:31,007 20417 DEBUG    [tempest_lib.common.rest_client] Request - Headers: {'Content-Type': 'application/json', 'Accept': 'application/json', 'X-Auth-Token': '&lt;omitted&gt;'}
        Body: None
    Response - Headers: {'status': '200', 'content-length': '478', 'content-location': 'http://10.0.2.15:8774/v2.1/aaa67553b97b4b8fa03bdfb782c9197f/os-networks', 'x-compute-request-id': 'req-e971c87e-5038-47a9-a9f1-f128fa446c1b', 'vary': 'X-OpenStack-Nova-API-Version', 'connection': 'close', 'x-openstack-nova-api-version': '2.1', 'date': 'Sun, 06 Dec 2015 20:26:31 GMT', 'content-type': 'application/json'}
        Body: {"networks": [{"cidr_v6": null, "dns2": null, "dns1": null, "gateway": null, "broadcast": null, "netmask": null, "gateway_v6": null, "cidr": null, "label": "public", "id": "2e1ec65e-9ecf-4a1c-8fc7-715cbd9cea89", "netmask_v6": null}, {"cidr_v6": null, "dns2": null, "dns1": null, "gateway": null, "broadcast": null, "netmask": null, "gateway_v6": null, "cidr": null, "label": "tempest-network-smoke--439061500", "id": "e7f36f02-0c7d-4574-b1e7-4106911304de", "netmask_v6": null}]}
2015-12-06 20:26:31,008 20417 WARNING  [tempest.common.fixed_network] (TestGettingAddress:test_dhcp6_stateless_from_os) Network with name: private not found
2015-12-06 20:26:31,008 20417 INFO     [tempest.common.fixed_network] (TestGettingAddress:test_dhcp6_stateless_from_os) Found network {} available for tenant
2015-12-06 20:26:32,927 20417 INFO     [tempest_lib.common.rest_client] Request (TestGettingAddress:test_dhcp6_stateless_from_os): 202 POST http://10.0.2.15:8774/v2.1/aaa67553b97b4b8fa03bdfb782c9197f/servers 1.918s
2015-12-06 20:26:32,927 20417 DEBUG    [tempest_lib.common.rest_client] Request - Headers: {'Content-Type': 'application/json', 'Accept': 'application/json', 'X-Auth-Token': '&lt;omitted&gt;'}
        Body: {"server": {"name": "tempest.common.compute-instance-1850600087", "imageRef": "617e7114-5c3a-4744-bc89-c64056cb7fef", "key_name": "tempest-TestGettingAddress-1653994693", "flavorRef": "42", "networks": [{"uuid": "e7f36f02-0c7d-4574-b1e7-4106911304de"}], "security_groups": [{"name": "tempest-secgroup-smoke-133709492"}]}}
    Response - Headers: {'status': '202', 'content-length': '461', 'x-compute-request-id': 'req-8248c0a6-de76-4cf3-aec9-34301703ba59', 'vary': 'X-OpenStack-Nova-API-Version', 'connection': 'close', 'location': 'http://10.0.2.15:8774/v2.1/aaa67553b97b4b8fa03bdfb782c9197f/servers/1615ab03-af9f-4ab0-981a-229a041c6262', 'x-openstack-nova-api-version': '2.1', 'date': 'Sun, 06 Dec 2015 20:26:32 GMT', 'content-type': 'application/json'}
        Body: {"server": {"security_groups": [{"name": "tempest-secgroup-smoke-133709492"}], "OS-DCF:diskConfig": "MANUAL", "id": "1615ab03-af9f-4ab0-981a-229a041c6262", "links": [{"href": "http://10.0.2.15:8774/v2.1/aaa67553b97b4b8fa03bdfb782c9197f/servers/1615ab03-af9f-4ab0-981a-229a041c6262", "rel": "self"}, {"href": "http://10.0.2.15:8774/aaa67553b97b4b8fa03bdfb782c9197f/servers/1615ab03-af9f-4ab0-981a-229a041c6262", "rel": "bookmark"}], "adminPass": "ZGd5FhLHRf45"}}
2015-12-06 20:26:33,062 20417 INFO     [tempest_lib.common.rest_client] Request (TestGettingAddress:test_dhcp6_stateless_from_os): 200 GET http://10.0.2.15:8774/v2.1/aaa67553b97b4b8fa03bdfb782c9197f/servers/1615ab03-af9f-4ab0-981a-229a041c6262 0.131s
2015-12-06 20:26:33,062 20417 DEBUG    [tempest_lib.common.rest_client] Request - Headers: {'Content-Type': 'application/json', 'Accept': 'application/json', 'X-Auth-Token': '&lt;omitted&gt;'}
        Body: None
    Response - Headers: {'status': '200', 'content-length': '1355', 'content-location': 'http://10.0.2.15:8774/v2.1/aaa67553b97b4b8fa03bdfb782c9197f/servers/1615ab03-af9f-4ab0-981a-229a041c6262', 'x-compute-request-id': 'req-73639b02-2dfe-4895-9a93-a119128c781a', 'vary': 'X-OpenStack-Nova-API-Version', 'connection': 'close', 'x-openstack-nova-api-version': '2.1', 'date': 'Sun, 06 Dec 2015 20:26:33 GMT', 'content-type': 'application/json'}
        Body: {"server": {"status": "BUILD", "updated": "2015-12-06T20:26:33Z", "hostId": "", "addresses": {}, "links": [{"href": "http://10.0.2.15:8774/v2.1/aaa67553b97b4b8fa03bdfb782c9197f/servers/1615ab03-af9f-4ab0-981a-229a041c6262", "rel": "self"}, {"href": "http://10.0.2.15:8774/aaa67553b97b4b8fa03bdfb782c9197f/servers/1615ab03-af9f-4ab0-981a-229a041c6262", "rel": "bookmark"}], "key_name": "tempest-TestGettingAddress-1653994693", "image": {"id": "617e7114-5c3a-4744-bc89-c64056cb7fef", "links": [{"href": "http://10.0.2.15:8774/aaa67553b97b4b8fa03bdfb782c9197f/images/617e7114-5c3a-4744-bc89-c64056cb7fef", "rel": "bookmark"}]}, "OS-EXT-STS:task_state": "scheduling", "OS-EXT-STS:vm_state": "building", "OS-SRV-USG:launched_at": null, "flavor": {"id": "42", "links": [{"href": "http://10.0.2.15:8774/aaa67553b97b4b8fa03bdfb782c9197f/flavors/42", "rel": "bookmark"}]}, "id": "1615ab03-af9f-4ab0-981a-229a041c6262", "OS-SRV-USG:terminated_at": null, "OS-EXT-AZ:availability_zone": "", "user_id": "0ff74a2fe9724f2aa2b1f070492a8698", "name": "tempest.common.compute-instance-1850600087", "created": "2015-12-06T20:26:32Z", "tenant_id": "aaa67553b97b4b8fa03bdfb782c9197f", "OS-DCF:diskConfig": "MANUAL", "os-extended-volumes:volumes_attached": [], "accessIPv4": "", "accessIPv6": "", "progress": 0, "OS-EXT-STS:power_state": 0, "config_drive": "", "metadata": {}}}
2015-12-06 20:26:34,476 20417 INFO     [tempest_lib.common.rest_client] Request (TestGettingAddress:test_dhcp6_stateless_from_os): 200 GET http://10.0.2.15:8774/v2.1/aaa67553b97b4b8fa03bdfb782c9197f/servers/1615ab03-af9f-4ab0-981a-229a041c6262 0.399s
2015-12-06 20:26:34,477 20417 DEBUG    [tempest_lib.common.rest_client] Request - Headers: {'Content-Type': 'application/json', 'Accept': 'application/json', 'X-Auth-Token': '&lt;omitted&gt;'}
        Body: None
    Response - Headers: {'status': '200', 'content-length': '1480', 'content-location': 'http://10.0.2.15:8774/v2.1/aaa67553b97b4b8fa03bdfb782c9197f/servers/1615ab03-af9f-4ab0-981a-229a041c6262', 'x-compute-request-id': 'req-707e46be-5eb0-4007-8573-fdc342de9d5d', 'vary': 'X-OpenStack-Nova-API-Version', 'connection': 'close', 'x-openstack-nova-api-version': '2.1', 'date': 'Sun, 06 Dec 2015 20:26:34 GMT', 'content-type': 'application/json'}
        Body: {"server": {"status": "BUILD", "updated": "2015-12-06T20:26:33Z", "hostId": "b1222be080819aa8f9f5b868f7e11c05e7432decf9b6aa92677f37a2", "addresses": {}, "links": [{"href": "http://10.0.2.15:8774/v2.1/aaa67553b97b4b8fa03bdfb782c9197f/servers/1615ab03-af9f-4ab0-981a-229a041c6262", "rel": "self"}, {"href": "http://10.0.2.15:8774/aaa67553b97b4b8fa03bdfb782c9197f/servers/1615ab03-af9f-4ab0-981a-229a041c6262", "rel": "bookmark"}], "key_name": "tempest-TestGettingAddress-1653994693", "image": {"id": "617e7114-5c3a-4744-bc89-c64056cb7fef", "links": [{"href": "http://10.0.2.15:8774/aaa67553b97b4b8fa03bdfb782c9197f/images/617e7114-5c3a-4744-bc89-c64056cb7fef", "rel": "bookmark"}]}, "OS-EXT-STS:task_state": "spawning", "OS-EXT-STS:vm_state": "building", "OS-SRV-USG:launched_at": null, "flavor": {"id": "42", "links": [{"href": "http://10.0.2.15:8774/aaa67553b97b4b8fa03bdfb782c9197f/flavors/42", "rel": "bookmark"}]}, "id": "1615ab03-af9f-4ab0-981a-229a041c6262", "security_groups": [{"name": "tempest-secgroup-smoke-133709492"}], "OS-SRV-USG:terminated_at": null, "OS-EXT-AZ:availability_zone": "nova", "user_id": "0ff74a2fe9724f2aa2b1f070492a8698", "name": "tempest.common.compute-instance-1850600087", "created": "2015-12-06T20:26:32Z", "tenant_id": "aaa67553b97b4b8fa03bdfb782c9197f", "OS-DCF:diskConfig": "MANUAL", "os-extended-volumes:volumes_attached": [], "accessIPv4": "", "accessIPv6": "", "progress": 0, "OS-EXT-STS:power_state": 0, "config_drive": "", "metadata": {}}}
2015-12-06 20:26:34,485 20417 INFO     [tempest.common.waiters] State transition "BUILD/scheduling" ==&gt; "BUILD/spawning" after 1 second wait
2015-12-06 20:26:35,706 20417 INFO     [tempest_lib.common.rest_client] Request (TestGettingAddress:test_dhcp6_stateless_from_os): 200 GET http://10.0.2.15:8774/v2.1/aaa67553b97b4b8fa03bdfb782c9197f/servers/1615ab03-af9f-4ab0-981a-229a041c6262 0.219s
2015-12-06 20:26:35,707 20417 DEBUG    [tempest_lib.common.rest_client] Request - Headers: {'Content-Type': 'application/json', 'Accept': 'application/json', 'X-Auth-Token': '&lt;omitted&gt;'}
        Body: None
    Response - Headers: {'status': '200', 'content-length': '1480', 'content-location': 'http://10.0.2.15:8774/v2.1/aaa67553b97b4b8fa03bdfb782c9197f/servers/1615ab03-af9f-4ab0-981a-229a041c6262', 'x-compute-request-id': 'req-1da8a062-2b34-4569-b431-e5c2d9170e76', 'vary': 'X-OpenStack-Nova-API-Version', 'connection': 'close', 'x-openstack-nova-api-version': '2.1', 'date': 'Sun, 06 Dec 2015 20:26:35 GMT', 'content-type': 'application/json'}
        Body: {"server": {"status": "BUILD", "updated": "2015-12-06T20:26:33Z", "hostId": "b1222be080819aa8f9f5b868f7e11c05e7432decf9b6aa92677f37a2", "addresses": {}, "links": [{"href": "http://10.0.2.15:8774/v2.1/aaa67553b97b4b8fa03bdfb782c9197f/servers/1615ab03-af9f-4ab0-981a-229a041c6262", "rel": "self"}, {"href": "http://10.0.2.15:8774/aaa67553b97b4b8fa03bdfb782c9197f/servers/1615ab03-af9f-4ab0-981a-229a041c6262", "rel": "bookmark"}], "key_name": "tempest-TestGettingAddress-1653994693", "image": {"id": "617e7114-5c3a-4744-bc89-c64056cb7fef", "links": [{"href": "http://10.0.2.15:8774/aaa67553b97b4b8fa03bdfb782c9197f/images/617e7114-5c3a-4744-bc89-c64056cb7fef", "rel": "bookmark"}]}, "OS-EXT-STS:task_state": "spawning", "OS-EXT-STS:vm_state": "building", "OS-SRV-USG:launched_at": null, "flavor": {"id": "42", "links": [{"href": "http://10.0.2.15:8774/aaa67553b97b4b8fa03bdfb782c9197f/flavors/42", "rel": "bookmark"}]}, "id": "1615ab03-af9f-4ab0-981a-229a041c6262", "security_groups": [{"name": "tempest-secgroup-smoke-133709492"}], "OS-SRV-USG:terminated_at": null, "OS-EXT-AZ:availability_zone": "nova", "user_id": "0ff74a2fe9724f2aa2b1f070492a8698", "name": "tempest.common.compute-instance-1850600087", "created": "2015-12-06T20:26:32Z", "tenant_id": "aaa67553b97b4b8fa03bdfb782c9197f", "OS-DCF:diskConfig": "MANUAL", "os-extended-volumes:volumes_attached": [], "accessIPv4": "", "accessIPv6": "", "progress": 0, "OS-EXT-STS:power_state": 0, "config_drive": "", "metadata": {}}}
2015-12-06 20:26:36,929 20417 INFO     [tempest_lib.common.rest_client] Request (TestGettingAddress:test_dhcp6_stateless_from_os): 200 GET http://10.0.2.15:8774/v2.1/aaa67553b97b4b8fa03bdfb782c9197f/servers/1615ab03-af9f-4ab0-981a-229a041c6262 0.211s
2015-12-06 20:26:36,930 20417 DEBUG    [tempest_lib.common.rest_client] Request - Headers: {'Content-Type': 'application/json', 'Accept': 'application/json', 'X-Auth-Token': '&lt;omitted&gt;'}
        Body: None
    Response - Headers: {'status': '200', 'content-length': '1780', 'content-location': 'http://10.0.2.15:8774/v2.1/aaa67553b97b4b8fa03bdfb782c9197f/servers/1615ab03-af9f-4ab0-981a-229a041c6262', 'x-compute-request-id': 'req-3c2a736b-9d02-44ad-b864-af43aa7b1f78', 'vary': 'X-OpenStack-Nova-API-Version', 'connection': 'close', 'x-openstack-nova-api-version': '2.1', 'date': 'Sun, 06 Dec 2015 20:26:36 GMT', 'content-type': 'application/json'}
        Body: {"server": {"status": "ACTIVE", "updated": "2015-12-06T20:26:36Z", "hostId": "b1222be080819aa8f9f5b868f7e11c05e7432decf9b6aa92677f37a2", "addresses": {"tempest-network-smoke--439061500": [{"OS-EXT-IPS-MAC:mac_addr": "fa:16:3e:40:dd:cb", "version": 6, "addr": "2003::f816:3eff:fe40:ddcb", "OS-EXT-IPS:type": "fixed"}, {"OS-EXT-IPS-MAC:mac_addr": "fa:16:3e:40:dd:cb", "version": 4, "addr": "10.100.0.3", "OS-EXT-IPS:type": "fixed"}]}, "links": [{"href": "http://10.0.2.15:8774/v2.1/aaa67553b97b4b8fa03bdfb782c9197f/servers/1615ab03-af9f-4ab0-981a-229a041c6262", "rel": "self"}, {"href": "http://10.0.2.15:8774/aaa67553b97b4b8fa03bdfb782c9197f/servers/1615ab03-af9f-4ab0-981a-229a041c6262", "rel": "bookmark"}], "key_name": "tempest-TestGettingAddress-1653994693", "image": {"id": "617e7114-5c3a-4744-bc89-c64056cb7fef", "links": [{"href": "http://10.0.2.15:8774/aaa67553b97b4b8fa03bdfb782c9197f/images/617e7114-5c3a-4744-bc89-c64056cb7fef", "rel": "bookmark"}]}, "OS-EXT-STS:task_state": null, "OS-EXT-STS:vm_state": "active", "OS-SRV-USG:launched_at": "2015-12-06T20:26:36.000000", "flavor": {"id": "42", "links": [{"href": "http://10.0.2.15:8774/aaa67553b97b4b8fa03bdfb782c9197f/flavors/42", "rel": "bookmark"}]}, "id": "1615ab03-af9f-4ab0-981a-229a041c6262", "security_groups": [{"name": "tempest-secgroup-smoke-133709492"}], "OS-SRV-USG:terminated_at": null, "OS-EXT-AZ:availability_zone": "nova", "user_id": "0ff74a2fe9724f2aa2b1f070492a8698", "name": "tempest.common.compute-instance-1850600087", "created": "2015-12-06T20:26:32Z", "tenant_id": "aaa67553b97b4b8fa03bdfb782c9197f", "OS-DCF:diskConfig": "MANUAL", "os-extended-volumes:volumes_attached": [], "accessIPv4": "", "accessIPv6": "", "progress": 0, "OS-EXT-STS:power_state": 1, "config_drive": "True", "metadata": {}}}
2015-12-06 20:26:36,938 20417 INFO     [tempest.common.waiters] State transition "BUILD/spawning" ==&gt; "ACTIVE/None" after 3 second wait
2015-12-06 20:26:37,146 20417 INFO     [tempest_lib.common.rest_client] Request (TestGettingAddress:test_dhcp6_stateless_from_os): 200 GET http://10.0.2.15:8774/v2.1/aaa67553b97b4b8fa03bdfb782c9197f/servers/1615ab03-af9f-4ab0-981a-229a041c6262 0.207s
2015-12-06 20:26:37,147 20417 DEBUG    [tempest_lib.common.rest_client] Request - Headers: {'Content-Type': 'application/json', 'Accept': 'application/json', 'X-Auth-Token': '&lt;omitted&gt;'}
        Body: None
    Response - Headers: {'status': '200', 'content-length': '1780', 'content-location': 'http://10.0.2.15:8774/v2.1/aaa67553b97b4b8fa03bdfb782c9197f/servers/1615ab03-af9f-4ab0-981a-229a041c6262', 'x-compute-request-id': 'req-e9ec418d-63cc-4719-b7cf-87af2dc5f49a', 'vary': 'X-OpenStack-Nova-API-Version', 'connection': 'close', 'x-openstack-nova-api-version': '2.1', 'date': 'Sun, 06 Dec 2015 20:26:37 GMT', 'content-type': 'application/json'}
        Body: {"server": {"status": "ACTIVE", "updated": "2015-12-06T20:26:36Z", "hostId": "b1222be080819aa8f9f5b868f7e11c05e7432decf9b6aa92677f37a2", "addresses": {"tempest-network-smoke--439061500": [{"OS-EXT-IPS-MAC:mac_addr": "fa:16:3e:40:dd:cb", "version": 6, "addr": "2003::f816:3eff:fe40:ddcb", "OS-EXT-IPS:type": "fixed"}, {"OS-EXT-IPS-MAC:mac_addr": "fa:16:3e:40:dd:cb", "version": 4, "addr": "10.100.0.3", "OS-EXT-IPS:type": "fixed"}]}, "links": [{"href": "http://10.0.2.15:8774/v2.1/aaa67553b97b4b8fa03bdfb782c9197f/servers/1615ab03-af9f-4ab0-981a-229a041c6262", "rel": "self"}, {"href": "http://10.0.2.15:8774/aaa67553b97b4b8fa03bdfb782c9197f/servers/1615ab03-af9f-4ab0-981a-229a041c6262", "rel": "bookmark"}], "key_name": "tempest-TestGettingAddress-1653994693", "image": {"id": "617e7114-5c3a-4744-bc89-c64056cb7fef", "links": [{"href": "http://10.0.2.15:8774/aaa67553b97b4b8fa03bdfb782c9197f/images/617e7114-5c3a-4744-bc89-c64056cb7fef", "rel": "bookmark"}]}, "OS-EXT-STS:task_state": null, "OS-EXT-STS:vm_state": "active", "OS-SRV-USG:launched_at": "2015-12-06T20:26:36.000000", "flavor": {"id": "42", "links": [{"href": "http://10.0.2.15:8774/aaa67553b97b4b8fa03bdfb782c9197f/flavors/42", "rel": "bookmark"}]}, "id": "1615ab03-af9f-4ab0-981a-229a041c6262", "security_groups": [{"name": "tempest-secgroup-smoke-133709492"}], "OS-SRV-USG:terminated_at": null, "OS-EXT-AZ:availability_zone": "nova", "user_id": "0ff74a2fe9724f2aa2b1f070492a8698", "name": "tempest.common.compute-instance-1850600087", "created": "2015-12-06T20:26:32Z", "tenant_id": "aaa67553b97b4b8fa03bdfb782c9197f", "OS-DCF:diskConfig": "MANUAL", "os-extended-volumes:volumes_attached": [], "accessIPv4": "", "accessIPv6": "", "progress": 0, "OS-EXT-STS:power_state": 1, "config_drive": "True", "metadata": {}}}
2015-12-06 20:26:37,188 20417 INFO     [tempest_lib.common.rest_client] Request (TestGettingAddress:test_dhcp6_stateless_from_os): 200 GET http://10.0.2.15:9696/v2.0/ports?status=ACTIVE&amp;fixed_ip=None&amp;device_id=1615ab03-af9f-4ab0-981a-229a041c6262 0.032s
2015-12-06 20:26:37,188 20417 DEBUG    [tempest_lib.common.rest_client] Request - Headers: {'Content-Type': 'application/json', 'Accept': 'application/json', 'X-Auth-Token': '&lt;omitted&gt;'}
        Body: None
    Response - Headers: {'status': '200', 'content-length': '1142', 'content-location': 'http://10.0.2.15:9696/v2.0/ports?status=ACTIVE&amp;fixed_ip=None&amp;device_id=1615ab03-af9f-4ab0-981a-229a041c6262', 'connection': 'close', 'date': 'Sun, 06 Dec 2015 20:26:37 GMT', 'content-type': 'application/json; charset=UTF-8', 'x-openstack-request-id': 'req-0a3c3de0-99f6-4e7e-96b1-20395409bdf9'}
        Body: {"ports": [{"status": "ACTIVE", "binding:host_id": "vagrant-ubuntu-trusty-64", "allowed_address_pairs": [], "extra_dhcp_opts": [], "dns_assignment": [{"hostname": "host-10-100-0-3", "ip_address": "10.100.0.3", "fqdn": "host-10-100-0-3.openstacklocal."}, {"hostname": "host-2003--f816-3eff-fe40-ddcb", "ip_address": "2003::f816:3eff:fe40:ddcb", "fqdn": "host-2003--f816-3eff-fe40-ddcb.openstacklocal."}], "device_owner": "compute:None", "port_security_enabled": true, "binding:profile": {}, "fixed_ips": [{"subnet_id": "ef8066a0-ac9e-4ce8-856e-1bf6511c91ac", "ip_address": "10.100.0.3"}, {"subnet_id": "443a71f4-5db9-49f7-b8c3-7dd2d47c8ea7", "ip_address": "2003::f816:3eff:fe40:ddcb"}], "id": "de3cbb22-1618-43a4-9bb0-8a29dd08eed8", "security_groups": ["a130e08e-2d0f-4c81-a8e2-df11c8b34e27"], "device_id": "1615ab03-af9f-4ab0-981a-229a041c6262", "name": "", "admin_state_up": true, "network_id": "e7f36f02-0c7d-4574-b1e7-4106911304de", "dns_name": "", "binding:vif_details": {"port_filter": true}, "binding:vnic_type": "normal", "binding:vif_type": "ovs", "tenant_id": "aaa67553b97b4b8fa03bdfb782c9197f", "mac_address": "fa:16:3e:40:dd:cb"}]}
2015-12-06 20:26:37,809 20417 INFO     [tempest_lib.common.rest_client] Request (TestGettingAddress:test_dhcp6_stateless_from_os): 201 POST http://10.0.2.15:9696/v2.0/floatingips 0.619s
2015-12-06 20:26:37,809 20417 DEBUG    [tempest_lib.common.rest_client] Request - Headers: {'Content-Type': 'application/json', 'Accept': 'application/json', 'X-Auth-Token': '&lt;omitted&gt;'}
        Body: {"floatingip": {"floating_network_id": "2e1ec65e-9ecf-4a1c-8fc7-715cbd9cea89", "tenant_id": "aaa67553b97b4b8fa03bdfb782c9197f", "fixed_ip_address": "10.100.0.3", "port_id": "de3cbb22-1618-43a4-9bb0-8a29dd08eed8"}}
    Response - Headers: {'status': '201', 'content-length': '367', 'connection': 'close', 'date': 'Sun, 06 Dec 2015 20:26:37 GMT', 'content-type': 'application/json; charset=UTF-8', 'x-openstack-request-id': 'req-e9b6857c-7763-4b17-8de8-d70a65400fd8'}
        Body: {"floatingip": {"floating_network_id": "2e1ec65e-9ecf-4a1c-8fc7-715cbd9cea89", "router_id": "b9ce8c2a-8871-4243-a05e-d343d6a3c0c5", "fixed_ip_address": "10.100.0.3", "floating_ip_address": "172.24.4.4", "tenant_id": "aaa67553b97b4b8fa03bdfb782c9197f", "status": "DOWN", "port_id": "de3cbb22-1618-43a4-9bb0-8a29dd08eed8", "id": "f9782720-b149-4e4a-a1c0-45d6af84cf6f"}}
2015-12-06 20:26:37,810 20417 INFO     [tempest_lib.common.ssh] Creating ssh connection to '172.24.4.4' as 'cirros' with public key authentication
2015-12-06 20:26:41,781 20417 WARNING  [tempest_lib.common.ssh] Failed to establish authenticated ssh connection to cirros@172.24.4.4 ([Errno None] Unable to connect to port 22 on  or 172.24.4.4). Number attempts: 1. Retry after 2 seconds.
2015-12-06 20:26:47,285 20417 WARNING  [tempest_lib.common.ssh] Failed to establish authenticated ssh connection to cirros@172.24.4.4 ([Errno None] Unable to connect to port 22 on  or 172.24.4.4). Number attempts: 2. Retry after 3 seconds.
2015-12-06 20:26:53,789 20417 WARNING  [tempest_lib.common.ssh] Failed to establish authenticated ssh connection to cirros@172.24.4.4 ([Errno None] Unable to connect to port 22 on  or 172.24.4.4). Number attempts: 3. Retry after 4 seconds.
2015-12-06 20:27:01,293 20417 WARNING  [tempest_lib.common.ssh] Failed to establish authenticated ssh connection to cirros@172.24.4.4 ([Errno None] Unable to connect to port 22 on  or 172.24.4.4). Number attempts: 4. Retry after 5 seconds.
2015-12-06 20:27:09,801 20417 WARNING  [tempest_lib.common.ssh] Failed to establish authenticated ssh connection to cirros@172.24.4.4 ([Errno None] Unable to connect to port 22 on  or 172.24.4.4). Number attempts: 5. Retry after 6 seconds.
2015-12-06 20:27:19,306 20417 WARNING  [tempest_lib.common.ssh] Failed to establish authenticated ssh connection to cirros@172.24.4.4 ([Errno None] Unable to connect to port 22 on  or 172.24.4.4). Number attempts: 6. Retry after 7 seconds.
2015-12-06 20:27:29,809 20417 WARNING  [tempest_lib.common.ssh] Failed to establish authenticated ssh connection to cirros@172.24.4.4 ([Errno None] Unable to connect to port 22 on  or 172.24.4.4). Number attempts: 7. Retry after 8 seconds.
2015-12-06 20:27:41,313 20417 WARNING  [tempest_lib.common.ssh] Failed to establish authenticated ssh connection to cirros@172.24.4.4 ([Errno None] Unable to connect to port 22 on  or 172.24.4.4). Number attempts: 8. Retry after 9 seconds.
2015-12-06 20:27:53,825 20417 WARNING  [tempest_lib.common.ssh] Failed to establish authenticated ssh connection to cirros@172.24.4.4 ([Errno None] Unable to connect to port 22 on  or 172.24.4.4). Number attempts: 9. Retry after 10 seconds.
2015-12-06 20:28:07,329 20417 WARNING  [tempest_lib.common.ssh] Failed to establish authenticated ssh connection to cirros@172.24.4.4 ([Errno None] Unable to connect to port 22 on  or 172.24.4.4). Number attempts: 10. Retry after 11 seconds.
2015-12-06 20:28:21,841 20417 WARNING  [tempest_lib.common.ssh] Failed to establish authenticated ssh connection to cirros@172.24.4.4 ([Errno None] Unable to connect to port 22 on  or 172.24.4.4). Number attempts: 11. Retry after 12 seconds.
2015-12-06 20:28:37,345 20417 WARNING  [tempest_lib.common.ssh] Failed to establish authenticated ssh connection to cirros@172.24.4.4 ([Errno None] Unable to connect to port 22 on  or 172.24.4.4). Number attempts: 12. Retry after 13 seconds.
2015-12-06 20:28:53,853 20417 WARNING  [tempest_lib.common.ssh] Failed to establish authenticated ssh connection to cirros@172.24.4.4 ([Errno None] Unable to connect to port 22 on  or 172.24.4.4). Number attempts: 13. Retry after 14 seconds.
2015-12-06 20:29:11,357 20417 WARNING  [tempest_lib.common.ssh] Failed to establish authenticated ssh connection to cirros@172.24.4.4 ([Errno None] Unable to connect to port 22 on  or 172.24.4.4). Number attempts: 14. Retry after 15 seconds.
2015-12-06 20:29:29,869 20417 WARNING  [tempest_lib.common.ssh] Failed to establish authenticated ssh connection to cirros@172.24.4.4 ([Errno None] Unable to connect to port 22 on  or 172.24.4.4). Number attempts: 15. Retry after 16 seconds.
2015-12-06 20:29:49,385 20417 WARNING  [tempest_lib.common.ssh] Failed to establish authenticated ssh connection to cirros@172.24.4.4 ([Errno None] Unable to connect to port 22 on  or 172.24.4.4). Number attempts: 16. Retry after 17 seconds.
2015-12-06 20:30:09,898 20417 ERROR    [tempest_lib.common.ssh] Failed to establish authenticated ssh connection to cirros@172.24.4.4 after 16 attempts
2015-12-06 20:30:09.898 20417 ERROR tempest_lib.common.ssh Traceback (most recent call last):
2015-12-06 20:30:09.898 20417 ERROR tempest_lib.common.ssh   File "/usr/local/lib/python2.7/dist-packages/tempest_lib/common/ssh.py", line 75, in _get_ssh_connection
2015-12-06 20:30:09.898 20417 ERROR tempest_lib.common.ssh     timeout=self.channel_timeout, pkey=self.pkey)
2015-12-06 20:30:09.898 20417 ERROR tempest_lib.common.ssh   File "/usr/local/lib/python2.7/dist-packages/paramiko/client.py", line 311, in connect
2015-12-06 20:30:09.898 20417 ERROR tempest_lib.common.ssh     raise NoValidConnectionsError(errors)
2015-12-06 20:30:09.898 20417 ERROR tempest_lib.common.ssh NoValidConnectionsError: [Errno None] Unable to connect to port 22 on  or 172.24.4.4
2015-12-06 20:30:09.898 20417 ERROR tempest_lib.common.ssh 
2015-12-06 20:30:09,900 20417 ERROR    [tempest.scenario.manager] (TestGettingAddress:test_dhcp6_stateless_from_os) Initializing SSH connection to 172.24.4.4 failed. Error: Connection to the 172.24.4.4 via SSH timed out.
User: cirros, Password: None
2015-12-06 20:30:09.900 20417 ERROR tempest.scenario.manager Traceback (most recent call last):
2015-12-06 20:30:09.900 20417 ERROR tempest.scenario.manager   File "tempest/scenario/manager.py", line 383, in get_remote_client
2015-12-06 20:30:09.900 20417 ERROR tempest.scenario.manager     linux_client.validate_authentication()
2015-12-06 20:30:09.900 20417 ERROR tempest.scenario.manager   File "tempest/common/utils/linux/remote_client.py", line 63, in validate_authentication
2015-12-06 20:30:09.900 20417 ERROR tempest.scenario.manager     self.ssh_client.test_connection_auth()
2015-12-06 20:30:09.900 20417 ERROR tempest.scenario.manager   File "/usr/local/lib/python2.7/dist-packages/tempest_lib/common/ssh.py", line 167, in test_connection_auth
2015-12-06 20:30:09.900 20417 ERROR tempest.scenario.manager     connection = self._get_ssh_connection()
2015-12-06 20:30:09.900 20417 ERROR tempest.scenario.manager   File "/usr/local/lib/python2.7/dist-packages/tempest_lib/common/ssh.py", line 87, in _get_ssh_connection
2015-12-06 20:30:09.900 20417 ERROR tempest.scenario.manager     password=self.password)
2015-12-06 20:30:09.900 20417 ERROR tempest.scenario.manager SSHTimeout: Connection to the 172.24.4.4 via SSH timed out.
2015-12-06 20:30:09.900 20417 ERROR tempest.scenario.manager User: cirros, Password: None
2015-12-06 20:30:09.900 20417 ERROR tempest.scenario.manager 
2015-12-06 20:30:09,979 20417 INFO     [tempest_lib.common.rest_client] Request (TestGettingAddress:test_dhcp6_stateless_from_os): 200 GET http://10.0.2.15:8774/v2.1/aaa67553b97b4b8fa03bdfb782c9197f/servers 0.077s
2015-12-06 20:30:09,979 20417 DEBUG    [tempest_lib.common.rest_client] Request - Headers: {'Content-Type': 'application/json', 'Accept': 'application/json', 'X-Auth-Token': '&lt;omitted&gt;'}
        Body: None
    Response - Headers: {'status': '200', 'content-length': '391', 'content-location': 'http://10.0.2.15:8774/v2.1/aaa67553b97b4b8fa03bdfb782c9197f/servers', 'x-compute-request-id': 'req-3ed521d6-9e44-4586-a4a0-ea1d622a7b08', 'vary': 'X-OpenStack-Nova-API-Version', 'connection': 'close', 'x-openstack-nova-api-version': '2.1', 'date': 'Sun, 06 Dec 2015 20:30:09 GMT', 'content-type': 'application/json'}
        Body: {"servers": [{"id": "1615ab03-af9f-4ab0-981a-229a041c6262", "links": [{"href": "http://10.0.2.15:8774/v2.1/aaa67553b97b4b8fa03bdfb782c9197f/servers/1615ab03-af9f-4ab0-981a-229a041c6262", "rel": "self"}, {"href": "http://10.0.2.15:8774/aaa67553b97b4b8fa03bdfb782c9197f/servers/1615ab03-af9f-4ab0-981a-229a041c6262", "rel": "bookmark"}], "name": "tempest.common.compute-instance-1850600087"}]}
2015-12-06 20:30:10,196 20417 INFO     [tempest_lib.common.rest_client] Request (TestGettingAddress:test_dhcp6_stateless_from_os): 200 POST http://10.0.2.15:8774/v2.1/aaa67553b97b4b8fa03bdfb782c9197f/servers/1615ab03-af9f-4ab0-981a-229a041c6262/action 0.213s
2015-12-06 20:30:10,196 20417 DEBUG    [tempest_lib.common.rest_client] Request - Headers: {'Content-Type': 'application/json', 'Accept': 'application/json', 'X-Auth-Token': '&lt;omitted&gt;'}
        Body: {"os-getConsoleOutput": {}}
    Response - Headers: {'status': '200', 'content-length': '24671', 'x-compute-request-id': 'req-e49b7672-9653-47e5-b43f-8273af76ff92', 'vary': 'X-OpenStack-Nova-API-Version', 'connection': 'close', 'x-openstack-nova-api-version': '2.1', 'date': 'Sun, 06 Dec 2015 20:30:10 GMT', 'content-type': 'application/json'}
        Body: {"output": "[    0.000000] Initializing cgroup subsys cpuset\n[    0.000000] Initializing cgroup subsys cpu\n[    0.000000] Linux version 3.2.0-80-virtual (buildd@batsu) (gcc version 4.6.3 (Ubuntu/Linaro 4.6.3-1ubuntu5) ) #116-Ubuntu SMP Mon Mar 23 17:28:52 UTC 2015 (Ubuntu 3.2.0-80.116-virtual 3.2.68)\n[    0.000000] Command line: root=/dev/vda console=tty0 console=ttyS0 no_timer_check\n[    0.000000] KERNEL supported cpus:\n[    0.000000]   Intel GenuineIntel\n[    0.000000]   AMD AuthenticAMD\n[    0.000000]   Centaur CentaurHauls\n[    0.000000] BIOS-provided physical RAM map:\n[    0.000000]  BIOS-e820: 0000000000000000 - 000000000009fc00 (usable)\n[    0.000000]  BIOS-e820: 000000000009fc00 - 00000000000a0000 (reserved)\n[    0.000000]  BIOS-e820: 00000000000f0000 - 0000000000100000 (reserved)\n[    0.000000]  BIOS-e820: 0000000000100000 - 0000000003ffe000 (usable)\n[    0.000000]  BIOS-e820: 0000000003ffe000 - 0000000004000000 (reserved)\n[    0.000000]  BIOS-e820: 00000000fffc0000 - 0000000100000000 (reserved)\n[    0.000000] NX (Execute Disable) protection: active\n[    0.000000] SMBIOS 2.4 present.\n[    0.000000] No AGP bridge found\n[    0.000000] last_pfn = 0x3ffe max_arch_pfn = 0x400000000\n[    0.000000] x86 PAT enabled: cpu 0, old 0x7040600070406, new 0x7010600070106\n[    0.000000] found SMP MP-table at [ffff8800000f0b00] f0b00\n[    0.000000] init_memory_mapping: 0000000000000000-0000000003ffe000\n[    0.000000] RAMDISK: 03c5e000 - 03ff0000\n[    0.000000] ACPI: RSDP 00000000000f0950 00014 (v00 BOCHS )\n[    0.000000] ACPI: RSDT 0000000003fffbc1 00034 (v01 BOCHS  BXPCRSDT 00000001 BXPC 00000001)\n[    0.000000] ACPI: FACP 0000000003fff1c0 00074 (v01 BOCHS  BXPCFACP 00000001 BXPC 00000001)\n[    0.000000] ACPI: DSDT 0000000003ffe040 01180 (v01 BOCHS  BXPCDSDT 00000001 BXPC 00000001)\n[    0.000000] ACPI: FACS 0000000003ffe000 00040\n[    0.000000] ACPI: SSDT 0000000003fff234 008DD (v01 BOCHS  BXPCSSDT 00000001 BXPC 00000001)\n[    0.000000] ACPI: APIC 0000000003fffb11 00078 (v01 BOCHS  BXPCAPIC 00000001 BXPC 00000001)\n[    0.000000] ACPI: HPET 0000000003fffb89 00038 (v01 BOCHS  BXPCHPET 00000001 BXPC 00000001)\n[    0.000000] No NUMA configuration found\n[    0.000000] Faking a node at 0000000000000000-0000000003ffe000\n[    0.000000] Initmem setup node 0 0000000000000000-0000000003ffe000\n[    0.000000]   NODE_DATA [0000000003ff6000 - 0000000003ffafff]\n[    0.000000] Zone PFN ranges:\n[    0.000000]   DMA      0x00000010 -&gt; 0x00001000\n[    0.000000]   DMA32    0x00001000 -&gt; 0x00100000\n[    0.000000]   Normal   empty\n[    0.000000] Movable zone start PFN for each node\n[    0.000000] early_node_map[2] active PFN ranges\n[    0.000000]     0: 0x00000010 -&gt; 0x0000009f\n[    0.000000]     0: 0x00000100 -&gt; 0x00003ffe\n[    0.000000] ACPI: PM-Timer IO Port: 0xb008\n[    0.000000] ACPI: LAPIC (acpi_id[0x00] lapic_id[0x00] enabled)\n[    0.000000] ACPI: LAPIC_NMI (acpi_id[0xff] dfl dfl lint[0x1])\n[    0.000000] ACPI: IOAPIC (id[0x00] address[0xfec00000] gsi_base[0])\n[    0.000000] IOAPIC[0]: apic_id 0, version 17, address 0xfec00000, GSI 0-23\n[    0.000000] ACPI: INT_SRC_OVR (bus 0 bus_irq 0 global_irq 2 dfl dfl)\n[    0.000000] ACPI: INT_SRC_OVR (bus 0 bus_irq 5 global_irq 5 high level)\n[    0.000000] ACPI: INT_SRC_OVR (bus 0 bus_irq 9 global_irq 9 high level)\n[    0.000000] ACPI: INT_SRC_OVR (bus 0 bus_irq 10 global_irq 10 high level)\n[    0.000000] ACPI: INT_SRC_OVR (bus 0 bus_irq 11 global_irq 11 high level)\n[    0.000000] Using ACPI (MADT) for SMP configuration information\n[    0.000000] ACPI: HPET id: 0x8086a201 base: 0xfed00000\n[    0.000000] SMP: Allowing 1 CPUs, 0 hotplug CPUs\n[    0.000000] PM: Registered nosave memory: 000000000009f000 - 00000000000a0000\n[    0.000000] PM: Registered nosave memory: 00000000000a0000 - 00000000000f0000\n[    0.000000] PM: Registered nosave memory: 00000000000f0000 - 0000000000100000\n[    0.000000] Allocating PCI resources starting at 4000000 (gap: 4000000:fbfc0000)\n[    0.000000] Booting paravirtualized kernel on bare hardware\n[    0.000000] setup_pe
2015-12-06 20:30:10,198 20417 DEBUG    [tempest.scenario.manager] Console output for 1615ab03-af9f-4ab0-981a-229a041c6262
body=
[    0.000000] Initializing cgroup subsys cpuset
[    0.000000] Initializing cgroup subsys cpu
[    0.000000] Linux version 3.2.0-80-virtual (buildd@batsu) (gcc version 4.6.3 (Ubuntu/Linaro 4.6.3-1ubuntu5) ) #116-Ubuntu SMP Mon Mar 23 17:28:52 UTC 2015 (Ubuntu 3.2.0-80.116-virtual 3.2.68)
[    0.000000] Command line: root=/dev/vda console=tty0 console=ttyS0 no_timer_check
[    0.000000] KERNEL supported cpus:
[    0.000000]   Intel GenuineIntel
[    0.000000]   AMD AuthenticAMD
[    0.000000]   Centaur CentaurHauls
[    0.000000] BIOS-provided physical RAM map:
[    0.000000]  BIOS-e820: 0000000000000000 - 000000000009fc00 (usable)
[    0.000000]  BIOS-e820: 000000000009fc00 - 00000000000a0000 (reserved)
[    0.000000]  BIOS-e820: 00000000000f0000 - 0000000000100000 (reserved)
[    0.000000]  BIOS-e820: 0000000000100000 - 0000000003ffe000 (usable)
[    0.000000]  BIOS-e820: 0000000003ffe000 - 0000000004000000 (reserved)
[    0.000000]  BIOS-e820: 00000000fffc0000 - 0000000100000000 (reserved)
[    0.000000] NX (Execute Disable) protection: active
[    0.000000] SMBIOS 2.4 present.
[    0.000000] No AGP bridge found
[    0.000000] last_pfn = 0x3ffe max_arch_pfn = 0x400000000
[    0.000000] x86 PAT enabled: cpu 0, old 0x7040600070406, new 0x7010600070106
[    0.000000] found SMP MP-table at [ffff8800000f0b00] f0b00
[    0.000000] init_memory_mapping: 0000000000000000-0000000003ffe000
[    0.000000] RAMDISK: 03c5e000 - 03ff0000
[    0.000000] ACPI: RSDP 00000000000f0950 00014 (v00 BOCHS )
[    0.000000] ACPI: RSDT 0000000003fffbc1 00034 (v01 BOCHS  BXPCRSDT 00000001 BXPC 00000001)
[    0.000000] ACPI: FACP 0000000003fff1c0 00074 (v01 BOCHS  BXPCFACP 00000001 BXPC 00000001)
[    0.000000] ACPI: DSDT 0000000003ffe040 01180 (v01 BOCHS  BXPCDSDT 00000001 BXPC 00000001)
[    0.000000] ACPI: FACS 0000000003ffe000 00040
[    0.000000] ACPI: SSDT 0000000003fff234 008DD (v01 BOCHS  BXPCSSDT 00000001 BXPC 00000001)
[    0.000000] ACPI: APIC 0000000003fffb11 00078 (v01 BOCHS  BXPCAPIC 00000001 BXPC 00000001)
[    0.000000] ACPI: HPET 0000000003fffb89 00038 (v01 BOCHS  BXPCHPET 00000001 BXPC 00000001)
[    0.000000] No NUMA configuration found
[    0.000000] Faking a node at 0000000000000000-0000000003ffe000
[    0.000000] Initmem setup node 0 0000000000000000-0000000003ffe000
[    0.000000]   NODE_DATA [0000000003ff6000 - 0000000003ffafff]
[    0.000000] Zone PFN ranges:
[    0.000000]   DMA      0x00000010 -&gt; 0x00001000
[    0.000000]   DMA32    0x00001000 -&gt; 0x00100000
[    0.000000]   Normal   empty
[    0.000000] Movable zone start PFN for each node
[    0.000000] early_node_map[2] active PFN ranges
[    0.000000]     0: 0x00000010 -&gt; 0x0000009f
[    0.000000]     0: 0x00000100 -&gt; 0x00003ffe
[    0.000000] ACPI: PM-Timer IO Port: 0xb008
[    0.000000] ACPI: LAPIC (acpi_id[0x00] lapic_id[0x00] enabled)
[    0.000000] ACPI: LAPIC_NMI (acpi_id[0xff] dfl dfl lint[0x1])
[    0.000000] ACPI: IOAPIC (id[0x00] address[0xfec00000] gsi_base[0])
[    0.000000] IOAPIC[0]: apic_id 0, version 17, address 0xfec00000, GSI 0-23
[    0.000000] ACPI: INT_SRC_OVR (bus 0 bus_irq 0 global_irq 2 dfl dfl)
[    0.000000] ACPI: INT_SRC_OVR (bus 0 bus_irq 5 global_irq 5 high level)
[    0.000000] ACPI: INT_SRC_OVR (bus 0 bus_irq 9 global_irq 9 high level)
[    0.000000] ACPI: INT_SRC_OVR (bus 0 bus_irq 10 global_irq 10 high level)
[    0.000000] ACPI: INT_SRC_OVR (bus 0 bus_irq 11 global_irq 11 high level)
[    0.000000] Using ACPI (MADT) for SMP configuration information
[    0.000000] ACPI: HPET id: 0x8086a201 base: 0xfed00000
[    0.000000] SMP: Allowing 1 CPUs, 0 hotplug CPUs
[    0.000000] PM: Registered nosave memory: 000000000009f000 - 00000000000a0000
[    0.000000] PM: Registered nosave memory: 00000000000a0000 - 00000000000f0000
[    0.000000] PM: Registered nosave memory: 00000000000f0000 - 0000000000100000
[    0.000000] Allocating PCI resources starting at 4000000 (gap: 4000000:fbfc0000)
[    0.000000] Booting paravirtualized kernel on bare hardware
[    0.000000] setup_percpu: NR_CPUS:64 nr_cpumask_bits:64 nr_cpu_ids:1 nr_node_ids:1
[    0.000000] PERCPU: Embedded 27 pages/cpu @ffff880003a00000 s78848 r8192 d23552 u2097152
[    0.000000] Built 1 zonelists in Node order, mobility grouping on.  Total pages: 16008
[    0.000000] Policy zone: DMA32
[    0.000000] Kernel command line: root=/dev/vda console=tty0 console=ttyS0 no_timer_check
[    0.000000] PID hash table entries: 256 (order: -1, 2048 bytes)
[    0.000000] Checking aperture...
[    0.000000] No AGP bridge found
[    0.000000] Memory: 43492k/65528k available (6576k kernel code, 452k absent, 21584k reserved, 6620k data, 928k init)
[    0.000000] SLUB: Genslabs=15, HWalign=64, Order=0-3, MinObjects=0, CPUs=1, Nodes=1
[    0.000000] Hierarchical RCU implementation.
[    0.000000] 	RCU dyntick-idle grace-period acceleration is enabled.
[    0.000000] NR_IRQS:4352 nr_irqs:256 16
[    0.000000] Console: colour VGA+ 80x25
[    0.000000] console [tty0] enabled
[    0.000000] console [ttyS0] enabled
[    0.000000] allocated 1048576 bytes of page_cgroup
[    0.000000] please try 'cgroup_disable=memory' option if you don't want memory cgroups
[    0.000000] Fast TSC calibration failed
[    0.000000] TSC: Unable to calibrate against PIT
[    0.000000] TSC: using HPET reference calibration
[    0.000000] Detected 2294.549 MHz processor.
[    0.033311] Calibrating delay loop (skipped), value calculated using timer frequency.. 4589.09 BogoMIPS (lpj=9178196)
[    0.035284] pid_max: default: 32768 minimum: 301
[    0.041878] Security Framework initialized
[    0.046949] AppArmor: AppArmor initialized
[    0.048112] Yama: becoming mindful.
[    0.053768] Dentry cache hash table entries: 8192 (order: 4, 65536 bytes)
[    0.055329] Inode-cache hash table entries: 4096 (order: 3, 32768 bytes)
[    0.056646] Mount-cache hash table entries: 256
[    0.072317] Initializing cgroup subsys cpuacct
[    0.073212] Initializing cgroup subsys memory
[    0.074552] Initializing cgroup subsys devices
[    0.075311] Initializing cgroup subsys freezer
[    0.076134] Initializing cgroup subsys blkio
[    0.076870] Initializing cgroup subsys perf_event
[    0.081710] mce: CPU supports 10 MCE banks
[    0.085832] SMP alternatives: switching to UP code
[    0.499531] Freeing SMP alternatives: 24k freed
[    0.501005] ACPI: Core revision 20110623
[    0.555255] ftrace: allocating 26610 entries in 105 pages
[    0.588882] ..TIMER: vector=0x30 apic1=0 pin1=2 apic2=-1 pin2=-1
[    0.590354] CPU0: AMD QEMU Virtual CPU version 2.0.0 stepping 03
[    0.596036] Performance Events: Broken PMU hardware detected, using software events only.
[    0.604355] NMI watchdog disabled (cpu0): hardware events not enabled
[    0.606132] Brought up 1 CPUs
[    0.606532] Total of 1 processors activated (4589.09 BogoMIPS).
[    0.629848] devtmpfs: initialized
[    0.659834] EVM: security.selinux
[    0.660082] EVM: security.SMACK64
[    0.660963] EVM: security.capability
[    0.681704] print_constraints: dummy: 
[    0.685190] RTC time: 20:26:39, date: 12/06/15
[    0.691203] NET: Registered protocol family 16
[    0.698875] ACPI: bus type pci registered
[    0.701674] PCI: Using configuration type 1 for base access
[    0.732794] bio: create slab &lt;bio-0&gt; at 0
[    0.736877] ACPI: Added _OSI(Module Device)
[    0.737630] ACPI: Added _OSI(Processor Device)
[    0.738168] ACPI: Added _OSI(3.0 _SCP Extensions)
[    0.738841] ACPI: Added _OSI(Processor Aggregator Device)
[    0.820138] ACPI: Interpreter enabled
[    0.820602] ACPI: (supports S0 S3 S4 S5)
[    0.822468] ACPI: Using IOAPIC for interrupt routing
[    0.891379] ACPI: No dock devices found.
[    0.892181] HEST: Table not found.
[    0.892794] PCI: Using host bridge windows from ACPI; if necessary, use "pci=nocrs" and report a bug
[    0.899150] ACPI: PCI Root Bridge [PCI0] (domain 0000 [bus 00-ff])
[    0.906577] pci_root PNP0A03:00: host bridge window [io  0x0000-0x0cf7]
[    0.908147] pci_root PNP0A03:00: host bridge window [io  0x0d00-0xadff]
[    0.908996] pci_root PNP0A03:00: host bridge window [io  0xae0f-0xaeff]
[    0.909836] pci_root PNP0A03:00: host bridge window [io  0xaf20-0xafdf]
[    0.910803] pci_root PNP0A03:00: host bridge window [io  0xafe4-0xffff]
[    0.912165] pci_root PNP0A03:00: host bridge window [mem 0x000a0000-0x000bffff]
[    0.913247] pci_root PNP0A03:00: host bridge window [mem 0x04000000-0xfebfffff]
[    0.936925] pci 0000:00:01.3: quirk: [io  0xb000-0xb03f] claimed by PIIX4 ACPI
[    0.940244] pci 0000:00:01.3: quirk: [io  0xb100-0xb10f] claimed by PIIX4 SMB
[    1.010422]  pci0000:00: Unable to request _OSC control (_OSC support mask: 0x1e)
[    1.073305] ACPI: PCI Interrupt Link [LNKA] (IRQs 5 *10 11)
[    1.076373] ACPI: PCI Interrupt Link [LNKB] (IRQs 5 *10 11)
[    1.078219] ACPI: PCI Interrupt Link [LNKC] (IRQs 5 10 *11)
[    1.081609] ACPI: PCI Interrupt Link [LNKD] (IRQs 5 10 *11)
[    1.085393] ACPI: PCI Interrupt Link [LNKS] (IRQs *9)
[    1.098478] vgaarb: device added: PCI:0000:00:02.0,decodes=io+mem,owns=io+mem,locks=none
[    1.100118] vgaarb: loaded
[    1.100514] vgaarb: bridge control possible 0000:00:02.0
[    1.104722] i2c-core: driver [aat2870] using legacy suspend method
[    1.105761] i2c-core: driver [aat2870] using legacy resume method
[    1.109573] SCSI subsystem initialized
[    1.113112] usbcore: registered new interface driver usbfs
[    1.113743] usbcore: registered new interface driver hub
[    1.116162] usbcore: registered new device driver usb
[    1.120932] PCI: Using ACPI for IRQ routing
[    1.131009] NetLabel: Initializing
[    1.132141] NetLabel:  domain hash size = 128
[    1.132662] NetLabel:  protocols = UNLABELED CIPSOv4
[    1.134549] NetLabel:  unlabeled traffic allowed by default
[    1.137431] HPET: 3 timers in total, 0 timers will be used for per-cpu timer
[    1.138602] hpet0: at MMIO 0xfed00000, IRQs 2, 8, 0
[    1.140497] hpet0: 3 comparators, 64-bit 100.000000 MHz counter
[    1.156687] Switching to clocksource hpet
[    1.408128] AppArmor: AppArmor Filesystem Enabled
[    1.410172] pnp: PnP ACPI init
[    1.410801] ACPI: bus type pnp registered
[    1.430518] pnp: PnP ACPI: found 9 devices
[    1.431094] ACPI: ACPI bus type pnp unregistered
[    1.486090] NET: Registered protocol family 2
[    1.529750] IP route cache hash table entries: 512 (order: 0, 4096 bytes)
[    1.536999] TCP established hash table entries: 2048 (order: 3, 32768 bytes)
[    1.538516] TCP bind hash table entries: 2048 (order: 3, 32768 bytes)
[    1.539548] TCP: Hash tables configured (established 2048 bind 2048)
[    1.541296] TCP reno registered
[    1.541821] UDP hash table entries: 128 (order: 0, 4096 bytes)
[    1.542705] UDP-Lite hash table entries: 128 (order: 0, 4096 bytes)
[    1.545949] NET: Registered protocol family 1
[    1.546779] pci 0000:00:00.0: Limiting direct PCI/PCI transfers
[    1.547571] pci 0000:00:01.0: PIIX3: Enabling Passive Release
[    1.549436] pci 0000:00:01.0: Activating ISA DMA hang workarounds
[    1.553836] ACPI: PCI Interrupt Link [LNKD] enabled at IRQ 11
[    1.554819] pci 0000:00:01.2: PCI INT D -&gt; Link[LNKD] -&gt; GSI 11 (level, high) -&gt; IRQ 11
[    1.558000] pci 0000:00:01.2: PCI INT D disabled
[    1.575219] Trying to unpack rootfs image as initramfs...
[    1.594865] audit: initializing netlink socket (disabled)
[    1.597535] type=2000 audit(1449433599.592:1): initialized
[    1.854495] HugeTLB registered 2 MB page size, pre-allocated 0 pages
[    1.961427] VFS: Disk quotas dquot_6.5.2
[    1.963089] Dquot-cache hash table entries: 512 (order 0, 4096 bytes)
[    1.978027] fuse init (API version 7.17)
[    1.981266] msgmni has been set to 84
[    2.019277] Block layer SCSI generic (bsg) driver version 0.4 loaded (major 253)
[    2.029428] io scheduler noop registered
[    2.030051] io scheduler deadline registered (default)
[    2.031138] io scheduler cfq registered
[    2.034338] pci_hotplug: PCI Hot Plug PCI Core version: 0.5
[    2.037564] pciehp: PCI Express Hot Plug Controller Driver version: 0.4
[    2.042579] input: Power Button as /devices/LNXSYSTM:00/LNXPWRBN:00/input/input0
[    2.044158] ACPI: Power Button [PWRF]
[    2.086676] ERST: Table is not found!
[    2.087178] GHES: HEST is not enabled!
[    2.098898] ACPI: PCI Interrupt Link [LNKC] enabled at IRQ 10
[    2.099870] virtio-pci 0000:00:03.0: PCI INT A -&gt; Link[LNKC] -&gt; GSI 10 (level, high) -&gt; IRQ 10
[    2.104588] virtio-pci 0000:00:04.0: PCI INT A -&gt; Link[LNKD] -&gt; GSI 11 (level, high) -&gt; IRQ 11
[    2.123110] ACPI: PCI Interrupt Link [LNKA] enabled at IRQ 10
[    2.123832] virtio-pci 0000:00:05.0: PCI INT A -&gt; Link[LNKA] -&gt; GSI 10 (level, high) -&gt; IRQ 10
[    2.138300] Serial: 8250/16550 driver, 32 ports, IRQ sharing enabled
[    2.181076] serial8250: ttyS0 at I/O 0x3f8 (irq = 4) is a 16550A
[    2.257540] serial8250: ttyS1 at I/O 0x2f8 (irq = 3) is a 16550A
[    2.394879] 00:05: ttyS0 at I/O 0x3f8 (irq = 4) is a 16550A
[    2.483277] 00:06: ttyS1 at I/O 0x2f8 (irq = 3) is a 16550A
[    2.539950] Linux agpgart interface v0.103
[    2.561589] Refined TSC clocksource calibration: 2294.672 MHz.
[    2.562395] Switching to clocksource tsc
[    2.615579] brd: module loaded
[    2.643850] loop: module loaded
[    2.708069]  vda: unknown partition table
[    2.774081] scsi0 : ata_piix
[    2.786207] scsi1 : ata_piix
[    2.787360] ata1: PATA max MWDMA2 cmd 0x1f0 ctl 0x3f6 bmdma 0xc0a0 irq 14
[    2.788919] ata2: PATA max MWDMA2 cmd 0x170 ctl 0x376 bmdma 0xc0a8 irq 15
[    2.799346] Fixed MDIO Bus: probed
[    2.800043] tun: Universal TUN/TAP device driver, 1.6
[    2.800927] tun: (C) 1999-2004 Max Krasnyansky &lt;maxk@qualcomm.com&gt;
[    2.822164] PPP generic driver version 2.4.2
[    2.847051] ehci_hcd: USB 2.0 'Enhanced' Host Controller (EHCI) Driver
[    2.848622] ohci_hcd: USB 1.1 'Open' Host Controller (OHCI) Driver
[    2.850111] uhci_hcd: USB Universal Host Controller Interface driver
[    2.851165] uhci_hcd 0000:00:01.2: PCI INT D -&gt; Link[LNKD] -&gt; GSI 11 (level, high) -&gt; IRQ 11
[    2.854843] uhci_hcd 0000:00:01.2: UHCI Host Controller
[    2.866011] uhci_hcd 0000:00:01.2: new USB bus registered, assigned bus number 1
[    2.867667] uhci_hcd 0000:00:01.2: irq 11, io base 0x0000c040
[    2.906022] hub 1-0:1.0: USB hub found
[    2.908852] hub 1-0:1.0: 2 ports detected
[    2.918914] usbcore: registered new interface driver libusual
[    2.923146] i8042: PNP: PS/2 Controller [PNP0303:KBD,PNP0f13:MOU] at 0x60,0x64 irq 1,12
[    2.935341] serio: i8042 KBD port at 0x60,0x64 irq 1
[    2.937075] serio: i8042 AUX port at 0x60,0x64 irq 12
[    3.008567] mousedev: PS/2 mouse device common for all mice
[    3.019553] input: AT Translated Set 2 keyboard as /devices/platform/i8042/serio0/input/input1
[    3.023456] rtc_cmos 00:01: RTC can wake from S4
[    3.042798] ata2.01: ATAPI: QEMU DVD-ROM, 2.0.0, max UDMA/100
[    3.055562] rtc_cmos 00:01: rtc core: registered rtc_cmos as rtc0
[    3.060239] rtc0: alarms up to one day, 114 bytes nvram, hpet irqs
[    3.064731] device-mapper: uevent: version 1.0.3
[    3.077371] ata2.01: configured for MWDMA2
[    3.110938] device-mapper: ioctl: 4.22.0-ioctl (2011-10-19) initialised: dm-devel@redhat.com
[    3.115276] cpuidle: using governor ladder
[    3.116018] cpuidle: using governor menu
[    3.117839] EFI Variables Facility v0.08 2004-May-17
[    3.126942] TCP cubic registered
[    3.131822] NET: Registered protocol family 10
[    3.170771] NET: Registered protocol family 17
[    3.173819] Registering the dns_resolver key type
[    3.186550] scsi 1:0:1:0: CD-ROM            QEMU     QEMU DVD-ROM     2.0. PQ: 0 ANSI: 5
[    3.214496] sr0: scsi3-mmc drive: 4x/4x cd/rw xa/form2 tray
[    3.215768] cdrom: Uniform CD-ROM driver Revision: 3.20
[    3.234977] sr 1:0:1:0: Attached scsi generic sg0 type 5
[    3.310735] registered taskstats version 1
[    3.344607] Freeing initrd memory: 3656k freed
[    3.874833]   Magic number: 11:982:446
[    3.895854] rtc_cmos 00:01: setting system clock to 2015-12-06 20:26:42 UTC (1449433602)
[    3.900112] powernow-k8: Processor cpuid 663 not supported
[    3.913385] BIOS EDD facility v0.16 2004-Jun-25, 0 devices found
[    3.916133] EDD information not available.
[    3.978545] Freeing unused kernel memory: 928k freed
[    3.983729] Write protecting the kernel read-only data: 12288k
[    4.094132] Freeing unused kernel memory: 1596k freed
[    4.177019] Freeing unused kernel memory: 1184k freed

info: initramfs: up at 4.33
modprobe: module virtio_blk not found in modules.dep
modprobe: module virtio_net not found in modules.dep
info: copying initramfs to /dev/vda
info: initramfs loading root from /dev/vda
info: /etc/init.d/rc.sysinit: up at 8.99
info: container: none
Starting logging: OK
modprobe: module virtio_blk not found in modules.dep
modprobe: module virtio_net not found in modules.dep
WARN: /etc/rc3.d/S10-load-modules failed
Initializing random number generator... done.
Starting acpid: OK
cirros-ds 'local' up at 11.55
found datasource (configdrive, local)
Starting network...
udhcpc (v1.20.1) started
Sending discover...
Sending discover...
Sending discover...
Usage: /sbin/cirros-dhcpc &lt;up|down&gt;
No lease, failing
WARN: /etc/rc3.d/S40-network failed
Starting dropbear sshd: generating rsa key... generating dsa key... OK
no userdata for datasource
=== system information ===
Platform: OpenStack Foundation OpenStack Nova
Container: none
Arch: x86_64
CPU(s): 1 @ 2294.549 MHz
Cores/Sockets/Threads: 1/1/1
Virt-type: AMD-V
RAM Size: 49MB
Disks:
NAME MAJ:MIN     SIZE LABEL         MOUNTPOINT
vda  253:0   25165824 cirros-rootfs /
sr0   11:0     428032 config-2      
=== sshd host keys ===
-----BEGIN SSH HOST KEY KEYS-----
ssh-rsa AAAAB3NzaC1yc2EAAAADAQABAAAAgn21DhKvIKxDriE4xuGUSv6TDVbmcSKyfWfUc88fOYokDwEW+5RNHtD39gFn3XeYxvg5kTYupQBX0W/SOimYqlS2GGmBaiuNgTrG4URRnYjHVMUObOuDu2B3xRjFmYwtMa6VrBJ1/IsQ4Rhvj3lduycKOz9VVflRKPEDwiYt8mLF2vE= root@tempest
ssh-dss AAAAB3NzaC1kc3MAAACBAJeWrFQ8WJvxN7J7mJVhpXjW3+TwKq8IxAu67TAGC27ZEMfzEYnOQNWsHZd8Loa+ew6Qmvu/ugnayIsHgRfOtt6ifmK7jnFbuqXJjEODMVJyGoWCqnZgeLf/oXI1Kz3SBm4SH1/37W3MsiaeZYPO/CfJnVyUq7gSoU+H+AAEt4VzAAAAFQDF8GyshAN+lGKPHeGeHy0y4udekwAAAIBFZDs/O2ax1I5mY9OZfy/bV0F7bH6IQ1z+7AMUBi2CrxU06/sRv7Ds4ZFWBtUsdhcRNlolF30si8WLfHLCHFEyks7jmttRKU31NKDwD5OpMUw+LCGo4R7ccO0klDVlltLvaS1guHYT5BrZcFE812juFzp52Vljel49qe1o2TcUjQAAAIBvQk0kkbLq5Z5Pk90gbP4Mihe0BeFiVEfo8iHh14f7Z0fvIodP6ZK66rsgRIDWnJETM5ETSYkgG+lUprINMKFfFOOOcw4cgN7TjfGTnFaFAWpCtIsUbjwqS4XUY6d9pdo9wMBrf1ewpc3akKxd+2oVU+1VFxhWOJuFS9jlFn8xPg== root@tempest
-----END SSH HOST KEY KEYS-----
=== network info ===
if-info: lo,up,127.0.0.1,8,::1
if-info: eth0,up,,8,fe80::f816:3eff:fe40:ddcb
=== datasource: configdrive local ===
instance-id: 1615ab03-af9f-4ab0-981a-229a041c6262
name: tempest.common.compute-instance-1850600087
availability-zone: nova
local-hostname: tempest.common.compute-instance-1850600087.novalocal
launch-index: 0
=== cirros: current=0.3.4 uptime=206.46 ===
route: fscanf
=== pinging gateway failed, debugging connection ===
############ debug start ##############
### /etc/init.d/sshd start
Starting dropbear sshd: OK
route: fscanf
### ifconfig -a
eth0      Link encap:Ethernet  HWaddr FA:16:3E:40:DD:CB  
          inet6 addr: fe80::f816:3eff:fe40:ddcb/64 Scope:Link
          UP BROADCAST RUNNING MULTICAST  MTU:1500  Metric:1
          RX packets:12 errors:0 dropped:5 overruns:0 frame:0
          TX packets:8 errors:0 dropped:0 overruns:0 carrier:0
          collisions:0 txqueuelen:1000 
          RX bytes:1303 (1.2 KiB)  TX bytes:1134 (1.1 KiB)

lo        Link encap:Local Loopback  
          inet addr:127.0.0.1  Mask:255.0.0.0
          inet6 addr: ::1/128 Scope:Host
          UP LOOPBACK RUNNING  MTU:16436  Metric:1
          RX packets:12 errors:0 dropped:0 overruns:0 frame:0
          TX packets:12 errors:0 dropped:0 overruns:0 carrier:0
          collisions:0 txqueuelen:0 
          RX bytes:1020 (1020.0 B)  TX bytes:1020 (1020.0 B)

### route -n
Kernel IP routing table
Destination     Gateway         Genmask         Flags Metric Ref    Use Iface
route: fscanf
### cat /etc/resolv.conf
cat: can't open '/etc/resolv.conf': No such file or directory
### gateway not found
/sbin/cirros-status: line 1: can't open /etc/resolv.conf: no such file
### pinging nameservers
### uname -a
Linux tempest 3.2.0-80-virtual #116-Ubuntu SMP Mon Mar 23 17:28:52 UTC 2015 x86_64 GNU/Linux
### lsmod
Module                  Size  Used by    Not tainted
nls_iso8859_1          12713  0 
nls_cp437              16991  0 
vfat                   17585  0 
fat                    61512  1 vfat
isofs                  40259  0 
ip_tables              27473  0 
x_tables               29891  1 ip_tables
pcnet32                42119  0 
8139cp                 27360  0 
ne2k_pci               13691  0 
8390                   18856  1 ne2k_pci
e1000                 108589  0 
acpiphp                24231  0 
### dmesg | tail
[    5.073977] EXT3-fs (vda): mounted filesystem with ordered data mode
[    5.331837] ISO 9660 Extensions: Microsoft Joliet Level 3
[    5.407356] ISO 9660 Extensions: RRIP_1991A
[    5.654268] kjournald starting.  Commit interval 5 seconds
[    5.669339] EXT3-fs (vda): using internal journal
[    5.669510] EXT3-fs (vda): mounted filesystem with ordered data mode
[    9.042395] EXT3-fs (vda): using internal journal
[   12.334655] ISO 9660 Extensions: Microsoft Joliet Level 3
[   12.437546] ISO 9660 Extensions: RRIP_1991A
[   26.722872] eth0: no IPv6 routers present
### tail -n 25 /var/log/messages
Dec  6 20:26:49 cirros kern.info kernel: [    4.613667] acpiphp: Slot [26] registered
Dec  6 20:26:49 cirros kern.info kernel: [    4.613973] acpiphp: Slot [27] registered
Dec  6 20:26:49 cirros kern.info kernel: [    4.614274] acpiphp: Slot [28] registered
Dec  6 20:26:49 cirros kern.info kernel: [    4.614621] acpiphp: Slot [29] registered
Dec  6 20:26:49 cirros kern.info kernel: [    4.614744] acpiphp: Slot [30] registered
Dec  6 20:26:49 cirros kern.info kernel: [    4.615922] acpiphp: Slot [31] registered
Dec  6 20:26:49 cirros kern.info kernel: [    4.666044] e1000: Intel(R) PRO/1000 Network Driver - version 7.3.21-k8-NAPI
Dec  6 20:26:49 cirros kern.info kernel: [    4.666096] e1000: Copyright (c) 1999-2006 Intel Corporation.
Dec  6 20:26:49 cirros kern.info kernel: [    4.702933] ne2k-pci.c:v1.03 9/22/2003 D. Becker/P. Gortmaker
Dec  6 20:26:49 cirros kern.info kernel: [    4.738151] 8139cp: 8139cp: 10/100 PCI Ethernet driver v1.3 (Mar 22, 2004)
Dec  6 20:26:49 cirros kern.info kernel: [    4.779649] pcnet32: pcnet32.c:v1.35 21.Apr.2008 tsbogend@alpha.franken.de
Dec  6 20:26:49 cirros kern.info kernel: [    4.824039] ip_tables: (C) 2000-2006 Netfilter Core Team
Dec  6 20:26:49 cirros kern.info kernel: [    5.067512] kjournald starting.  Commit interval 5 seconds
Dec  6 20:26:49 cirros kern.info kernel: [    5.073977] EXT3-fs (vda): mounted filesystem with ordered data mode
Dec  6 20:26:49 cirros kern.debug kernel: [    5.331837] ISO 9660 Extensions: Microsoft Joliet Level 3
Dec  6 20:26:49 cirros kern.debug kernel: [    5.407356] ISO 9660 Extensions: RRIP_1991A
Dec  6 20:26:49 cirros kern.info kernel: [    5.654268] kjournald starting.  Commit interval 5 seconds
Dec  6 20:26:49 cirros kern.info kernel: [    5.669339] EXT3-fs (vda): using internal journal
Dec  6 20:26:49 cirros kern.info kernel: [    5.669510] EXT3-fs (vda): mounted filesystem with ordered data mode
Dec  6 20:26:49 cirros kern.info kernel: [    9.042395] EXT3-fs (vda): using internal journal
Dec  6 20:26:50 cirros kern.debug kernel: [   12.334655] ISO 9660 Extensions: Microsoft Joliet Level 3
Dec  6 20:26:51 cirros kern.debug kernel: [   12.437546] ISO 9660 Extensions: RRIP_1991A
Dec  6 20:26:53 cirros auth.notice su: + /dev/console root:cirros
Dec  6 20:27:05 cirros kern.debug kernel: [   26.722872] eth0: no IPv6 routers present
Dec  6 20:30:03 cirros authpriv.info dropbear[283]: Running in background
############ debug end   ##############
  ____               ____  ____
 / __/ __ ____ ____ / __ \/ __/
/ /__ / // __// __// /_/ /\ \ 
\___//_//_/  /_/   \____/___/ 
   http://cirros-cloud.net


login as 'cirros' user. default password: 'cubswin:)'. use 'sudo' for root.
tempest login: 
2015-12-06 20:30:10,488 20417 INFO     [tempest_lib.common.rest_client] Request (TestGettingAddress:_run_cleanups): 204 DELETE http://10.0.2.15:9696/v2.0/floatingips/f9782720-b149-4e4a-a1c0-45d6af84cf6f 0.286s
2015-12-06 20:30:10,489 20417 DEBUG    [tempest_lib.common.rest_client] Request - Headers: {'Content-Type': 'application/json', 'Accept': 'application/json', 'X-Auth-Token': '&lt;omitted&gt;'}
        Body: None
    Response - Headers: {'date': 'Sun, 06 Dec 2015 20:30:10 GMT', 'status': '204', 'connection': 'close', 'content-length': '0', 'x-openstack-request-id': 'req-07ea5248-1d70-466a-a00d-118e8f2f716f'}
        Body: 
2015-12-06 20:30:10,715 20417 INFO     [tempest_lib.common.rest_client] Request (TestGettingAddress:_run_cleanups): 204 DELETE http://10.0.2.15:8774/v2.1/aaa67553b97b4b8fa03bdfb782c9197f/servers/1615ab03-af9f-4ab0-981a-229a041c6262 0.226s
2015-12-06 20:30:10,716 20417 DEBUG    [tempest_lib.common.rest_client] Request - Headers: {'Content-Type': 'application/json', 'Accept': 'application/json', 'X-Auth-Token': '&lt;omitted&gt;'}
        Body: None
    Response - Headers: {'status': '204', 'content-length': '0', 'x-compute-request-id': 'req-ac7615c1-5fff-402b-9c03-d2d80f254314', 'vary': 'X-OpenStack-Nova-API-Version', 'connection': 'close', 'x-openstack-nova-api-version': '2.1', 'date': 'Sun, 06 Dec 2015 20:30:10 GMT', 'content-type': 'application/json'}
        Body: 
2015-12-06 20:30:11,074 20417 INFO     [tempest_lib.common.rest_client] Request (TestGettingAddress:_run_cleanups): 200 GET http://10.0.2.15:8774/v2.1/aaa67553b97b4b8fa03bdfb782c9197f/servers/1615ab03-af9f-4ab0-981a-229a041c6262 0.358s
2015-12-06 20:30:11,075 20417 DEBUG    [tempest_lib.common.rest_client] Request - Headers: {'Content-Type': 'application/json', 'Accept': 'application/json', 'X-Auth-Token': '&lt;omitted&gt;'}
        Body: None
    Response - Headers: {'status': '200', 'content-length': '1903', 'content-location': 'http://10.0.2.15:8774/v2.1/aaa67553b97b4b8fa03bdfb782c9197f/servers/1615ab03-af9f-4ab0-981a-229a041c6262', 'x-compute-request-id': 'req-363b0298-1408-4852-98dd-4974d662394a', 'vary': 'X-OpenStack-Nova-API-Version', 'connection': 'close', 'x-openstack-nova-api-version': '2.1', 'date': 'Sun, 06 Dec 2015 20:30:11 GMT', 'content-type': 'application/json'}
        Body: {"server": {"status": "ACTIVE", "updated": "2015-12-06T20:30:10Z", "hostId": "b1222be080819aa8f9f5b868f7e11c05e7432decf9b6aa92677f37a2", "addresses": {"tempest-network-smoke--439061500": [{"OS-EXT-IPS-MAC:mac_addr": "fa:16:3e:40:dd:cb", "version": 6, "addr": "2003::f816:3eff:fe40:ddcb", "OS-EXT-IPS:type": "fixed"}, {"OS-EXT-IPS-MAC:mac_addr": "fa:16:3e:40:dd:cb", "version": 4, "addr": "10.100.0.3", "OS-EXT-IPS:type": "fixed"}, {"OS-EXT-IPS-MAC:mac_addr": "fa:16:3e:40:dd:cb", "version": 4, "addr": "172.24.4.4", "OS-EXT-IPS:type": "floating"}]}, "links": [{"href": "http://10.0.2.15:8774/v2.1/aaa67553b97b4b8fa03bdfb782c9197f/servers/1615ab03-af9f-4ab0-981a-229a041c6262", "rel": "self"}, {"href": "http://10.0.2.15:8774/aaa67553b97b4b8fa03bdfb782c9197f/servers/1615ab03-af9f-4ab0-981a-229a041c6262", "rel": "bookmark"}], "key_name": "tempest-TestGettingAddress-1653994693", "image": {"id": "617e7114-5c3a-4744-bc89-c64056cb7fef", "links": [{"href": "http://10.0.2.15:8774/aaa67553b97b4b8fa03bdfb782c9197f/images/617e7114-5c3a-4744-bc89-c64056cb7fef", "rel": "bookmark"}]}, "OS-EXT-STS:task_state": "deleting", "OS-EXT-STS:vm_state": "active", "OS-SRV-USG:launched_at": "2015-12-06T20:26:36.000000", "flavor": {"id": "42", "links": [{"href": "http://10.0.2.15:8774/aaa67553b97b4b8fa03bdfb782c9197f/flavors/42", "rel": "bookmark"}]}, "id": "1615ab03-af9f-4ab0-981a-229a041c6262", "security_groups": [{"name": "tempest-secgroup-smoke-133709492"}], "OS-SRV-USG:terminated_at": null, "OS-EXT-AZ:availability_zone": "nova", "user_id": "0ff74a2fe9724f2aa2b1f070492a8698", "name": "tempest.common.compute-instance-1850600087", "created": "2015-12-06T20:26:32Z", "tenant_id": "aaa67553b97b4b8fa03bdfb782c9197f", "OS-DCF:diskConfig": "MANUAL", "os-extended-volumes:volumes_attached": [], "accessIPv4": "", "accessIPv6": "", "progress": 0, "OS-EXT-STS:power_state": 1, "config_drive": "True", "metadata": {}}}
2015-12-06 20:30:12,346 20417 INFO     [tempest_lib.common.rest_client] Request (TestGettingAddress:_run_cleanups): 200 GET http://10.0.2.15:8774/v2.1/aaa67553b97b4b8fa03bdfb782c9197f/servers/1615ab03-af9f-4ab0-981a-229a041c6262 0.261s
2015-12-06 20:30:12,346 20417 DEBUG    [tempest_lib.common.rest_client] Request - Headers: {'Content-Type': 'application/json', 'Accept': 'application/json', 'X-Auth-Token': '&lt;omitted&gt;'}
        Body: None
    Response - Headers: {'status': '200', 'content-length': '1440', 'content-location': 'http://10.0.2.15:8774/v2.1/aaa67553b97b4b8fa03bdfb782c9197f/servers/1615ab03-af9f-4ab0-981a-229a041c6262', 'x-compute-request-id': 'req-4a338d90-1a2c-4fbc-886f-ef18ad14e9fc', 'vary': 'X-OpenStack-Nova-API-Version', 'connection': 'close', 'x-openstack-nova-api-version': '2.1', 'date': 'Sun, 06 Dec 2015 20:30:12 GMT', 'content-type': 'application/json'}
        Body: {"server": {"status": "ACTIVE", "updated": "2015-12-06T20:30:11Z", "hostId": "b1222be080819aa8f9f5b868f7e11c05e7432decf9b6aa92677f37a2", "addresses": {}, "links": [{"href": "http://10.0.2.15:8774/v2.1/aaa67553b97b4b8fa03bdfb782c9197f/servers/1615ab03-af9f-4ab0-981a-229a041c6262", "rel": "self"}, {"href": "http://10.0.2.15:8774/aaa67553b97b4b8fa03bdfb782c9197f/servers/1615ab03-af9f-4ab0-981a-229a041c6262", "rel": "bookmark"}], "key_name": "tempest-TestGettingAddress-1653994693", "image": {"id": "617e7114-5c3a-4744-bc89-c64056cb7fef", "links": [{"href": "http://10.0.2.15:8774/aaa67553b97b4b8fa03bdfb782c9197f/images/617e7114-5c3a-4744-bc89-c64056cb7fef", "rel": "bookmark"}]}, "OS-EXT-STS:task_state": "deleting", "OS-EXT-STS:vm_state": "active", "OS-SRV-USG:launched_at": "2015-12-06T20:26:36.000000", "flavor": {"id": "42", "links": [{"href": "http://10.0.2.15:8774/aaa67553b97b4b8fa03bdfb782c9197f/flavors/42", "rel": "bookmark"}]}, "id": "1615ab03-af9f-4ab0-981a-229a041c6262", "OS-SRV-USG:terminated_at": null, "OS-EXT-AZ:availability_zone": "nova", "user_id": "0ff74a2fe9724f2aa2b1f070492a8698", "name": "tempest.common.compute-instance-1850600087", "created": "2015-12-06T20:26:32Z", "tenant_id": "aaa67553b97b4b8fa03bdfb782c9197f", "OS-DCF:diskConfig": "MANUAL", "os-extended-volumes:volumes_attached": [], "accessIPv4": "", "accessIPv6": "", "progress": 0, "OS-EXT-STS:power_state": 1, "config_drive": "True", "metadata": {}}}
2015-12-06 20:30:13,438 20417 INFO     [tempest_lib.common.rest_client] Request (TestGettingAddress:_run_cleanups): 404 GET http://10.0.2.15:8774/v2.1/aaa67553b97b4b8fa03bdfb782c9197f/servers/1615ab03-af9f-4ab0-981a-229a041c6262 0.080s
2015-12-06 20:30:13,438 20417 DEBUG    [tempest_lib.common.rest_client] Request - Headers: {'Content-Type': 'application/json', 'Accept': 'application/json', 'X-Auth-Token': '&lt;omitted&gt;'}
        Body: None
    Response - Headers: {'status': '404', 'content-length': '111', 'x-compute-request-id': 'req-60ccef8e-36b9-4c1f-8277-1e21d928eb51', 'vary': 'X-OpenStack-Nova-API-Version', 'connection': 'close', 'x-openstack-nova-api-version': '2.1', 'date': 'Sun, 06 Dec 2015 20:30:13 GMT', 'content-type': 'application/json; charset=UTF-8'}
        Body: {"itemNotFound": {"message": "Instance 1615ab03-af9f-4ab0-981a-229a041c6262 could not be found.", "code": 404}}
2015-12-06 20:30:13,911 20417 INFO     [tempest_lib.common.rest_client] Request (TestGettingAddress:_run_cleanups): 200 PUT http://10.0.2.15:9696/v2.0/routers/b9ce8c2a-8871-4243-a05e-d343d6a3c0c5/remove_router_interface 0.471s
2015-12-06 20:30:13,912 20417 DEBUG    [tempest_lib.common.rest_client] Request - Headers: {'Content-Type': 'application/json', 'Accept': 'application/json', 'X-Auth-Token': '&lt;omitted&gt;'}
        Body: {"subnet_id": "443a71f4-5db9-49f7-b8c3-7dd2d47c8ea7"}
    Response - Headers: {'status': '200', 'content-length': '255', 'connection': 'close', 'date': 'Sun, 06 Dec 2015 20:30:13 GMT', 'content-type': 'application/json; charset=UTF-8', 'x-openstack-request-id': 'req-c1d10fa1-68e5-4533-95cd-910dd51fdfdc'}
        Body: {"subnet_id": "443a71f4-5db9-49f7-b8c3-7dd2d47c8ea7", "tenant_id": "aaa67553b97b4b8fa03bdfb782c9197f", "subnet_ids": ["443a71f4-5db9-49f7-b8c3-7dd2d47c8ea7"], "port_id": "5ba47785-d8f0-4937-9f19-28a47cb56bff", "id": "b9ce8c2a-8871-4243-a05e-d343d6a3c0c5"}
2015-12-06 20:30:14,415 20417 INFO     [tempest_lib.common.rest_client] Request (TestGettingAddress:_run_cleanups): 204 DELETE http://10.0.2.15:9696/v2.0/subnets/443a71f4-5db9-49f7-b8c3-7dd2d47c8ea7 0.502s
2015-12-06 20:30:14,415 20417 DEBUG    [tempest_lib.common.rest_client] Request - Headers: {'Content-Type': 'application/json', 'Accept': 'application/json', 'X-Auth-Token': '&lt;omitted&gt;'}
        Body: None
    Response - Headers: {'date': 'Sun, 06 Dec 2015 20:30:14 GMT', 'status': '204', 'connection': 'close', 'content-length': '0', 'x-openstack-request-id': 'req-3d2ab264-e43b-4ab2-94d0-f62a1094ca72'}
        Body: 
2015-12-06 20:30:14,455 20417 INFO     [tempest_lib.common.rest_client] Request (TestGettingAddress:_run_cleanups): 404 DELETE http://10.0.2.15:9696/v2.0/subnets/443a71f4-5db9-49f7-b8c3-7dd2d47c8ea7 0.039s
2015-12-06 20:30:14,455 20417 DEBUG    [tempest_lib.common.rest_client] Request - Headers: {'Content-Type': 'application/json', 'Accept': 'application/json', 'X-Auth-Token': '&lt;omitted&gt;'}
        Body: None
    Response - Headers: {'status': '404', 'content-length': '136', 'connection': 'close', 'date': 'Sun, 06 Dec 2015 20:30:14 GMT', 'content-type': 'application/json; charset=UTF-8', 'x-openstack-request-id': 'req-2ae29efe-bfd3-48aa-8287-0f530dab9d5b'}
        Body: {"NeutronError": {"message": "Subnet 443a71f4-5db9-49f7-b8c3-7dd2d47c8ea7 could not be found.", "type": "SubnetNotFound", "detail": ""}}
2015-12-06 20:30:14,881 20417 INFO     [tempest_lib.common.rest_client] Request (TestGettingAddress:_run_cleanups): 200 PUT http://10.0.2.15:9696/v2.0/routers/b9ce8c2a-8871-4243-a05e-d343d6a3c0c5/remove_router_interface 0.425s
2015-12-06 20:30:14,882 20417 DEBUG    [tempest_lib.common.rest_client] Request - Headers: {'Content-Type': 'application/json', 'Accept': 'application/json', 'X-Auth-Token': '&lt;omitted&gt;'}
