<?xml version="1.0" encoding="UTF-8"?>
<!DOCTYPE html PUBLIC "-//W3C//DTD XHTML 1.0 Strict//EN"
     "http://www.w3.org/TR/xhtml1/DTD/xhtml1-strict.dtd">
<html xmlns="http://www.w3.org/1999/xhtml">
<head>
    <title>Unit Test Report</title>
    <meta name="generator" content="subunit2html 0.1"/>
    <meta http-equiv="Content-Type" content="text/html; charset=UTF-8"/>
    
<style type="text/css" media="screen">
body        { font-family: verdana, arial, helvetica, sans-serif;
    font-size: 80%; }
table       { font-size: 100%; width: 100%;}
pre         { font-size: 80%; }

/* -- heading -------------------------------------------------------------- */
h1 {
        font-size: 16pt;
        color: gray;
}
.heading {
    margin-top: 0ex;
    margin-bottom: 1ex;
}

.heading .attribute {
    margin-top: 1ex;
    margin-bottom: 0;
}

.heading .description {
    margin-top: 4ex;
    margin-bottom: 6ex;
}

/* -- css div popup -------------------------------------------------------- */
a.popup_link {
}

a.popup_link:hover {
    color: red;
}

.popup_window {
    display: none;
    overflow-x: scroll;
    /*border: solid #627173 1px; */
    padding: 10px;
    background-color: #E6E6D6;
    font-family: "Ubuntu Mono", "Lucida Console", "Courier New", monospace;
    text-align: left;
    font-size: 8pt;
}

}
/* -- report --------------------------------------------------------------- */
#show_detail_line {
    margin-top: 3ex;
    margin-bottom: 1ex;
}
#result_table {
    width: 100%;
    border-collapse: collapse;
    border: 1px solid #777;
}
#header_row {
    font-weight: bold;
    color: white;
    background-color: #777;
}
#result_table td {
    border: 1px solid #777;
    padding: 2px;
}
#total_row  { font-weight: bold; }
.passClass  { background-color: #6c6; }
.failClass  { background-color: #c60; }
.errorClass { background-color: #c00; }
.passCase   { color: #6c6; }
.failCase   { color: #c60; font-weight: bold; }
.errorCase  { color: #c00; font-weight: bold; }
.hiddenRow  { display: none; }
.testcase   { margin-left: 2em; }
td.testname {width: 40%}
td.small {width: 40px}

/* -- ending --------------------------------------------------------------- */
#ending {
}

</style>

</head>
<body>
<script language="javascript" type="text/javascript"><!--
output_list = Array();

/* level - 0:Summary; 1:Failed; 2:All */
function showCase(level) {
    trs = document.getElementsByTagName("tr");
    for (var i = 0; i < trs.length; i++) {
        tr = trs[i];
        id = tr.id;
        if (id.substr(0,2) == 'ft') {
            if (level < 1) {
                tr.className = 'hiddenRow';
            }
            else {
                tr.className = '';
            }
        }
        if (id.substr(0,2) == 'pt') {
            if (level > 1) {
                tr.className = '';
            }
            else {
                tr.className = 'hiddenRow';
            }
        }
    }
}


function showClassDetail(cid, count) {
    var id_list = Array(count);
    var toHide = 1;
    for (var i = 0; i < count; i++) {
        tid0 = 't' + cid.substr(1) + '.' + (i+1);
        tid = 'f' + tid0;
        tr = document.getElementById(tid);
        if (!tr) {
            tid = 'p' + tid0;
            tr = document.getElementById(tid);
        }
        id_list[i] = tid;
        if (tr.className) {
            toHide = 0;
        }
    }
    for (var i = 0; i < count; i++) {
        tid = id_list[i];
        if (toHide) {
            document.getElementById('div_'+tid).style.display = 'none'
            document.getElementById(tid).className = 'hiddenRow';
        }
        else {
            document.getElementById(tid).className = '';
        }
    }
}


function showTestDetail(div_id){
    var details_div = document.getElementById(div_id)
    var displayState = details_div.style.display
    // alert(displayState)
    if (displayState != 'block' ) {
        displayState = 'block'
        details_div.style.display = 'block'
    }
    else {
        details_div.style.display = 'none'
    }
}


function html_escape(s) {
    s = s.replace(/&/g,'&amp;');
    s = s.replace(/</g,'&lt;');
    s = s.replace(/>/g,'&gt;');
    return s;
}

/* obsoleted by detail in <div>
function showOutput(id, name) {
    var w = window.open("", //url
                    name,
                    "resizable,scrollbars,status,width=800,height=450");
    d = w.document;
    d.write("<pre>");
    d.write(html_escape(output_list[id]));
    d.write("\n");
    d.write("<a href='javascript:window.close()'>close</a>\n");
    d.write("</pre>\n");
    d.close();
}
*/
--></script>

<div class='heading'>
<h1>Unit Test Report</h1>

<p class='attribute'><strong>Status:</strong> Failure 8</p>

<p class='description'></p>
</div>



<p id='show_detail_line'>Show
<a href='javascript:showCase(0)'>Summary</a>
<a href='javascript:showCase(1)'>Failed</a>
<a href='javascript:showCase(2)'>All</a>
</p>
<table id='result_table'>
<colgroup>
<col align='left' />
<col align='right' />
<col align='right' />
<col align='right' />
<col align='right' />
<col align='right' />
<col align='right' />
<col align='right' />
</colgroup>
<tr id='header_row'>
    <td>Test Group/Test case</td>
    <td>Count</td>
    <td>Pass</td>
    <td>Fail</td>
    <td>Error</td>
    <td>Skip</td>
    <td>View</td>
    <td> </td>
</tr>

<tr class='failClass'>
    <td class="testname">tempest.scenario.test_network_v6.TestGettingAddress</td>
    <td class="small">8</td>
    <td class="small">0</td>
    <td class="small">8</td>
    <td class="small">0</td>
    <td class="small">0</td>
    <td class="small"><a href="javascript:showClassDetail('c1',8)"
>Detail</a></td>
    <td> </td>
</tr>

<tr id='ft1.1' class='none'>
    <td class='failCase'><div class='testcase'>test_dhcp6_stateless_from_os[compute,id-d7e1f858-187c-45a6-89c9-bdafde619a9f,network]</div></td>
    <td colspan='7' align='left'>

    <!--css div popup start-->
    <a class="popup_link" onfocus='this.blur();'
    href="javascript:showTestDetail('div_ft1.1')" >
        fail</a>

    <div id='div_ft1.1' class="popup_window">
        <div style='text-align: right; color:red;cursor:pointer'>
        <a onfocus='this.blur();'
onclick="document.getElementById('div_ft1.1').style.display = 'none' " >
           [x]</a>
        </div>
        <pre>
        
ft1.1: tempest.scenario.test_network_v6.TestGettingAddress.test_dhcp6_stateless_from_os[compute,id-d7e1f858-187c-45a6-89c9-bdafde619a9f,network]_StringException: Empty attachments:
  stderr
  stdout

pythonlogging:'': {{{
2015-12-25 04:42:49,088 21172 INFO     [tempest_lib.common.rest_client] Request (TestGettingAddress:setUp): 200 POST http://10.0.2.15:8774/v2.1/0a7627639d8e4ef192724e5c770d673e/os-keypairs 0.435s
2015-12-25 04:42:49,089 21172 DEBUG    [tempest_lib.common.rest_client] Request - Headers: {'Content-Type': 'application/json', 'Accept': 'application/json', 'X-Auth-Token': '&lt;omitted&gt;'}
        Body: {"keypair": {"name": "tempest-TestGettingAddress-1995628576"}}
    Response - Headers: {'status': '200', 'content-length': '2320', 'x-compute-request-id': 'req-57de9b81-c184-4bdf-ab62-1e5c055f6c3a', 'vary': 'X-OpenStack-Nova-API-Version', 'connection': 'close', 'x-openstack-nova-api-version': '2.1', 'date': 'Fri, 25 Dec 2015 04:42:49 GMT', 'content-type': 'application/json'}
        Body: {"keypair": {"public_key": "ssh-rsa AAAAB3NzaC1yc2EAAAADAQABAAABAQCSvvAcIhCAdiodgwf3KMURyyrdB1aFCTWLBOA9Uq4ntf+FMfbN8xRE8b24tIoYuolJCSATRxxXUH5bZ/DKAjU18aLo8gQ6p02TPxUCsdX07N2TSpivtvus7jUZ7lXvlxnhZUUvLhkT5L7BK+dpJlAswCp0QoLtRR0e21BWvblFNweRBb28SnUGBMwbdfvGe824wAe2Yt87QaX3IsaQspEf4Yysqdwg6lJJhQSXNr7/hcdgG9T/A+joaiWz8RNckXpJC/4y1OJgo0OpVtCLNYzGJY9/aH3I6X50x9aEs8/OVdInr/OjN+93bDWxNXMsmhNI+1nazPHxldlfPRoIVsoP Generated-by-Nova", "private_key": "-----BEGIN RSA PRIVATE KEY-----\nMIIEqQIBAAKCAQEAkr7wHCIQgHYqHYMH9yjFEcsq3QdWhQk1iwTgPVKuJ7X/hTH2\nzfMURPG9uLSKGLqJSQkgE0ccV1B+W2fwygI1NfGi6PIEOqdNkz8VArHV9Ozdk0qY\nr7b7rO41Ge5V75cZ4WVFLy4ZE+S+wSvnaSZQLMAqdEKC7UUdHttQVr25RTcHkQW9\nvEp1BgTMG3X7xnvNuMAHtmLfO0Gl9yLGkLKRH+GMrKncIOpSSYUElza+/4XHYBvU\n/wPo6Gols/ETXJF6SQv+MtTiYKNDqVbQizWMxiWPf2h9yOl+dMfWhLPPzlXSJ6/z\nozfvd2w1sTVzLJoTSPtZ2szx8ZXZXz0aCFbKDwIDAQABAoIBADkaL5ji8ITsdkrx\nmAHnTXg1FMLZfiNaiAlGpnN2Xup4+as83AscEcEaSHc9WZdxzsYq1N5rh226ltC+\ny4XwAgCxvHDk7BxeyeMIYwafaOBb44TTPELz809BikxC4BHRPHLm01selweUtV25\n1dym2f/v7xU6ZHQrtr8xHDwEq7lwr29sn5hWTA+FDVijPAyjBxQIPFQh7O0rDQjO\n97uHer0iv3mg9/YgVxQj0cYg4BIbvW1bpLY4BoecP1L4w9AWD1Of/HAcVI+CsLK0\nU8F3giyn6hkivi3A7VohsUfVtA3BesMxXMMlsLRU8GVaXuFbKSNhLnzFLqK0ajoW\nvKqW03ECggCBALjSiJViSRhaT0PXjfwimnv7f7XFSN87wUT0GeQ+wHXnJe1ESg9/\nY+PRNilOq5BWQOcc2eBXPq7nbRBI/9Li9Lplf3li7MwAMNTKptrDmaS/vD9Va0t0\neapSkLTX9LpwlSv7hjJDSyxxQ1Ke2JP0Uq6bXLF1NmiGvzxH0tZL1KQlAoIAgQDL\nQnk7fsmGNisDa3jOWk7H+zcfCxQWNk/AMpjE+5pjSpYc7Kf60Rqv4CLzCOnh/3X9\nGiZKAOJZv8BIFFmafbq1yxopD1d8tcf6fYuTgW1+BIDQyTCpFFckoZev4kgRqE12\nhfxXi2L+9AitKZWBpPRZtffw3/CRP5oxagqw8O8lIwKCAIEAlC430405jYzagEoS\nTFRyB3Vcrx+9jT0bd20+VQD6zYzFm7Vkq4g3TjAufG/WnaKJ5sH67SMF3rUtfCEK\n+sl77PXzfh8SO3zrqa/QlxS72prfEugpXhXEdgo8esGqNNCOyPSgYywQ2VD16Qfy\nHK2GnPdzGdQgCy39pRbws1+Y3QECggCBAIy80DiTx3H4m7vYdGNdQGNT3IzQHO5s\nWLgZ0JHELNhHUr1gV8dhdfsFVO225EqpmcbQjmZ7Sj8eeELwZEKGf/tUUB7SEp+1\nNmyI9VYDLg8tiwwF4n2QKe6hPOh547DmOgyxJVJwnvEtg7xyqKSF1PMw/iZ4yJep\n1FgWtqRhjxTFAoIAgEBb3xVaYu55iC38YZuUTusqtGuPHLxJ76HPav9Wktpx+fhs\nbeG/0v/3iz7uSD4KWcKqqgG8MJhxkJcT642r+/42JebiHXdIZXfUY8pkPqGLVs8A\nz8hK7aNfFuSZlC0i+//Xp6n8NuzeHZ18LB093Ti3tCbHXWDHkYnEqnj17DMS\n-----END RSA PRIVATE KEY-----\n", "user_id": "4e87027351ec403c8c1edaab1d000f6c", "name": "tempest-TestGettingAddress-1995628576", "fingerprint": "a2:b9:20:4d:bd:36:f5:0f:0e:68:77:70:42:08:e8:61"}}
2015-12-25 04:42:49,457 21172 INFO     [tempest_lib.common.rest_client] Request (TestGettingAddress:setUp): 201 POST http://10.0.2.15:9696/v2.0/security-groups 0.365s
2015-12-25 04:42:49,458 21172 DEBUG    [tempest_lib.common.rest_client] Request - Headers: {'Content-Type': 'application/json', 'Accept': 'application/json', 'X-Auth-Token': '&lt;omitted&gt;'}
        Body: {"security_group": {"tenant_id": "0a7627639d8e4ef192724e5c770d673e", "description": "tempest-secgroup-smoke-885820577 description", "name": "tempest-secgroup-smoke-885820577"}}
    Response - Headers: {'status': '201', 'content-length': '886', 'connection': 'close', 'date': 'Fri, 25 Dec 2015 04:42:49 GMT', 'content-type': 'application/json; charset=UTF-8', 'x-openstack-request-id': 'req-a2053161-e0d8-4b40-b781-ba367f0f827c'}
        Body: {"security_group": {"tenant_id": "0a7627639d8e4ef192724e5c770d673e", "description": "tempest-secgroup-smoke-885820577 description", "id": "92559b99-33ab-4a8e-88fb-ca383a1e25a4", "security_group_rules": [{"remote_group_id": null, "direction": "egress", "remote_ip_prefix": null, "protocol": null, "ethertype": "IPv4", "tenant_id": "0a7627639d8e4ef192724e5c770d673e", "port_range_max": null, "port_range_min": null, "id": "80751594-ce24-4504-ab24-d5c9f05b964e", "security_group_id": "92559b99-33ab-4a8e-88fb-ca383a1e25a4"}, {"remote_group_id": null, "direction": "egress", "remote_ip_prefix": null, "protocol": null, "ethertype": "IPv6", "tenant_id": "0a7627639d8e4ef192724e5c770d673e", "port_range_max": null, "port_range_min": null, "id": "ea4162d8-ef98-4792-9797-4e42295cfb2c", "security_group_id": "92559b99-33ab-4a8e-88fb-ca383a1e25a4"}], "name": "tempest-secgroup-smoke-885820577"}}
2015-12-25 04:42:49,576 21172 INFO     [tempest_lib.common.rest_client] Request (TestGettingAddress:setUp): 201 POST http://10.0.2.15:9696/v2.0/security-group-rules 0.117s
2015-12-25 04:42:49,577 21172 DEBUG    [tempest_lib.common.rest_client] Request - Headers: {'Content-Type': 'application/json', 'Accept': 'application/json', 'X-Auth-Token': '&lt;omitted&gt;'}
        Body: {"security_group_rule": {"direction": "ingress", "protocol": "tcp", "tenant_id": "0a7627639d8e4ef192724e5c770d673e", "port_range_max": 22, "security_group_id": "92559b99-33ab-4a8e-88fb-ca383a1e25a4", "port_range_min": 22}}
    Response - Headers: {'status': '201', 'content-length': '340', 'connection': 'close', 'date': 'Fri, 25 Dec 2015 04:42:49 GMT', 'content-type': 'application/json; charset=UTF-8', 'x-openstack-request-id': 'req-ac7e2883-cb50-4763-b168-d214029a8ddc'}
        Body: {"security_group_rule": {"remote_group_id": null, "direction": "ingress", "remote_ip_prefix": null, "protocol": "tcp", "ethertype": "IPv4", "tenant_id": "0a7627639d8e4ef192724e5c770d673e", "port_range_max": 22, "port_range_min": 22, "id": "9cddfa0d-f0b5-4c00-9f4c-a3355c617ce0", "security_group_id": "92559b99-33ab-4a8e-88fb-ca383a1e25a4"}}
2015-12-25 04:42:49,699 21172 INFO     [tempest_lib.common.rest_client] Request (TestGettingAddress:setUp): 201 POST http://10.0.2.15:9696/v2.0/security-group-rules 0.121s
2015-12-25 04:42:49,700 21172 DEBUG    [tempest_lib.common.rest_client] Request - Headers: {'Content-Type': 'application/json', 'Accept': 'application/json', 'X-Auth-Token': '&lt;omitted&gt;'}
        Body: {"security_group_rule": {"direction": "egress", "protocol": "tcp", "tenant_id": "0a7627639d8e4ef192724e5c770d673e", "port_range_max": 22, "security_group_id": "92559b99-33ab-4a8e-88fb-ca383a1e25a4", "port_range_min": 22}}
    Response - Headers: {'status': '201', 'content-length': '339', 'connection': 'close', 'date': 'Fri, 25 Dec 2015 04:42:49 GMT', 'content-type': 'application/json; charset=UTF-8', 'x-openstack-request-id': 'req-abf74d0f-d1d5-447f-8ba7-04c35eb58a0f'}
        Body: {"security_group_rule": {"remote_group_id": null, "direction": "egress", "remote_ip_prefix": null, "protocol": "tcp", "ethertype": "IPv4", "tenant_id": "0a7627639d8e4ef192724e5c770d673e", "port_range_max": 22, "port_range_min": 22, "id": "cbba8764-5844-4c72-8fc4-2ba7522f3564", "security_group_id": "92559b99-33ab-4a8e-88fb-ca383a1e25a4"}}
2015-12-25 04:42:49,830 21172 INFO     [tempest_lib.common.rest_client] Request (TestGettingAddress:setUp): 201 POST http://10.0.2.15:9696/v2.0/security-group-rules 0.129s
2015-12-25 04:42:49,831 21172 DEBUG    [tempest_lib.common.rest_client] Request - Headers: {'Content-Type': 'application/json', 'Accept': 'application/json', 'X-Auth-Token': '&lt;omitted&gt;'}
        Body: {"security_group_rule": {"tenant_id": "0a7627639d8e4ef192724e5c770d673e", "direction": "ingress", "protocol": "icmp", "security_group_id": "92559b99-33ab-4a8e-88fb-ca383a1e25a4"}}
    Response - Headers: {'status': '201', 'content-length': '345', 'connection': 'close', 'date': 'Fri, 25 Dec 2015 04:42:49 GMT', 'content-type': 'application/json; charset=UTF-8', 'x-openstack-request-id': 'req-2931f929-4b83-438e-b861-36fef64b47a4'}
        Body: {"security_group_rule": {"remote_group_id": null, "direction": "ingress", "remote_ip_prefix": null, "protocol": "icmp", "ethertype": "IPv4", "tenant_id": "0a7627639d8e4ef192724e5c770d673e", "port_range_max": null, "port_range_min": null, "id": "db574e64-98be-4acc-baf2-0a0c63dc1a4c", "security_group_id": "92559b99-33ab-4a8e-88fb-ca383a1e25a4"}}
2015-12-25 04:42:49,954 21172 INFO     [tempest_lib.common.rest_client] Request (TestGettingAddress:setUp): 201 POST http://10.0.2.15:9696/v2.0/security-group-rules 0.121s
2015-12-25 04:42:49,954 21172 DEBUG    [tempest_lib.common.rest_client] Request - Headers: {'Content-Type': 'application/json', 'Accept': 'application/json', 'X-Auth-Token': '&lt;omitted&gt;'}
        Body: {"security_group_rule": {"tenant_id": "0a7627639d8e4ef192724e5c770d673e", "direction": "egress", "protocol": "icmp", "security_group_id": "92559b99-33ab-4a8e-88fb-ca383a1e25a4"}}
    Response - Headers: {'status': '201', 'content-length': '344', 'connection': 'close', 'date': 'Fri, 25 Dec 2015 04:42:49 GMT', 'content-type': 'application/json; charset=UTF-8', 'x-openstack-request-id': 'req-41261cf6-a21d-41d1-b96d-1a2649719fda'}
        Body: {"security_group_rule": {"remote_group_id": null, "direction": "egress", "remote_ip_prefix": null, "protocol": "icmp", "ethertype": "IPv4", "tenant_id": "0a7627639d8e4ef192724e5c770d673e", "port_range_max": null, "port_range_min": null, "id": "dc0e29b6-1117-4f55-bf25-f70d9bf2208c", "security_group_id": "92559b99-33ab-4a8e-88fb-ca383a1e25a4"}}
2015-12-25 04:42:50,072 21172 INFO     [tempest_lib.common.rest_client] Request (TestGettingAddress:setUp): 201 POST http://10.0.2.15:9696/v2.0/security-group-rules 0.117s
2015-12-25 04:42:50,073 21172 DEBUG    [tempest_lib.common.rest_client] Request - Headers: {'Content-Type': 'application/json', 'Accept': 'application/json', 'X-Auth-Token': '&lt;omitted&gt;'}
        Body: {"security_group_rule": {"tenant_id": "0a7627639d8e4ef192724e5c770d673e", "direction": "ingress", "security_group_id": "92559b99-33ab-4a8e-88fb-ca383a1e25a4", "protocol": "icmp", "ethertype": "IPv6"}}
    Response - Headers: {'status': '201', 'content-length': '345', 'connection': 'close', 'date': 'Fri, 25 Dec 2015 04:42:50 GMT', 'content-type': 'application/json; charset=UTF-8', 'x-openstack-request-id': 'req-9e231838-a626-470a-aa14-2b418bf6c76f'}
        Body: {"security_group_rule": {"remote_group_id": null, "direction": "ingress", "remote_ip_prefix": null, "protocol": "icmp", "ethertype": "IPv6", "tenant_id": "0a7627639d8e4ef192724e5c770d673e", "port_range_max": null, "port_range_min": null, "id": "704af502-6d91-409c-97bb-45ce76c64707", "security_group_id": "92559b99-33ab-4a8e-88fb-ca383a1e25a4"}}
2015-12-25 04:42:50,187 21172 INFO     [tempest_lib.common.rest_client] Request (TestGettingAddress:setUp): 201 POST http://10.0.2.15:9696/v2.0/security-group-rules 0.113s
2015-12-25 04:42:50,188 21172 DEBUG    [tempest_lib.common.rest_client] Request - Headers: {'Content-Type': 'application/json', 'Accept': 'application/json', 'X-Auth-Token': '&lt;omitted&gt;'}
        Body: {"security_group_rule": {"tenant_id": "0a7627639d8e4ef192724e5c770d673e", "direction": "egress", "security_group_id": "92559b99-33ab-4a8e-88fb-ca383a1e25a4", "protocol": "icmp", "ethertype": "IPv6"}}
    Response - Headers: {'status': '201', 'content-length': '344', 'connection': 'close', 'date': 'Fri, 25 Dec 2015 04:42:50 GMT', 'content-type': 'application/json; charset=UTF-8', 'x-openstack-request-id': 'req-848eac4c-0689-46ff-b2d4-56487c51630d'}
        Body: {"security_group_rule": {"remote_group_id": null, "direction": "egress", "remote_ip_prefix": null, "protocol": "icmp", "ethertype": "IPv6", "tenant_id": "0a7627639d8e4ef192724e5c770d673e", "port_range_max": null, "port_range_min": null, "id": "07e4caa4-3f82-4d00-859a-bf19220c3255", "security_group_id": "92559b99-33ab-4a8e-88fb-ca383a1e25a4"}}
2015-12-25 04:42:50,380 21172 INFO     [tempest_lib.common.rest_client] Request (TestGettingAddress:test_dhcp6_stateless_from_os): 201 POST http://10.0.2.15:9696/v2.0/networks 0.191s
2015-12-25 04:42:50,381 21172 DEBUG    [tempest_lib.common.rest_client] Request - Headers: {'Content-Type': 'application/json', 'Accept': 'application/json', 'X-Auth-Token': '&lt;omitted&gt;'}
        Body: {"network": {"tenant_id": "0a7627639d8e4ef192724e5c770d673e", "name": "tempest-network-smoke--624125641"}}
    Response - Headers: {'status': '201', 'content-length': '326', 'connection': 'close', 'date': 'Fri, 25 Dec 2015 04:42:50 GMT', 'content-type': 'application/json; charset=UTF-8', 'x-openstack-request-id': 'req-571dfd6b-7304-4938-81df-bb1e4035f0c4'}
        Body: {"network": {"status": "ACTIVE", "subnets": [], "availability_zone_hints": [], "name": "tempest-network-smoke--624125641", "admin_state_up": true, "tenant_id": "0a7627639d8e4ef192724e5c770d673e", "mtu": 0, "router:external": false, "shared": false, "port_security_enabled": true, "id": "cc0b89b9-daa5-4c19-bcc4-66d0feb6dfcd"}}
2015-12-25 04:42:50,680 21172 INFO     [tempest_lib.common.rest_client] Request (TestGettingAddress:test_dhcp6_stateless_from_os): 200 GET http://10.0.2.15:9696/v2.0/subnets?tenant_id=0a7627639d8e4ef192724e5c770d673e&amp;cidr=10.100.0.0%2F28 0.296s
2015-12-25 04:42:50,680 21172 DEBUG    [tempest_lib.common.rest_client] Request - Headers: {'Content-Type': 'application/json', 'Accept': 'application/json', 'X-Auth-Token': '&lt;omitted&gt;'}
        Body: None
    Response - Headers: {'status': '200', 'content-length': '15', 'content-location': 'http://10.0.2.15:9696/v2.0/subnets?tenant_id=0a7627639d8e4ef192724e5c770d673e&amp;cidr=10.100.0.0%2F28', 'connection': 'close', 'date': 'Fri, 25 Dec 2015 04:42:50 GMT', 'content-type': 'application/json; charset=UTF-8', 'x-openstack-request-id': 'req-3402eeb9-9e74-4fff-9b60-1c2b866e9409'}
        Body: {"subnets": []}
2015-12-25 04:42:51,042 21172 INFO     [tempest_lib.common.rest_client] Request (TestGettingAddress:test_dhcp6_stateless_from_os): 201 POST http://10.0.2.15:9696/v2.0/subnets 0.360s
2015-12-25 04:42:51,042 21172 DEBUG    [tempest_lib.common.rest_client] Request - Headers: {'Content-Type': 'application/json', 'Accept': 'application/json', 'X-Auth-Token': '&lt;omitted&gt;'}
        Body: {"subnet": {"ip_version": 4, "tenant_id": "0a7627639d8e4ef192724e5c770d673e", "cidr": "10.100.0.0/28", "network_id": "cc0b89b9-daa5-4c19-bcc4-66d0feb6dfcd", "name": "tempest-sub4-472014267"}}
    Response - Headers: {'status': '201', 'content-length': '469', 'connection': 'close', 'date': 'Fri, 25 Dec 2015 04:42:51 GMT', 'content-type': 'application/json; charset=UTF-8', 'x-openstack-request-id': 'req-57f33227-6cf5-4d55-9738-32c14b763b18'}
        Body: {"subnet": {"name": "tempest-sub4-472014267", "enable_dhcp": true, "network_id": "cc0b89b9-daa5-4c19-bcc4-66d0feb6dfcd", "tenant_id": "0a7627639d8e4ef192724e5c770d673e", "dns_nameservers": [], "gateway_ip": "10.100.0.1", "ipv6_ra_mode": null, "allocation_pools": [{"start": "10.100.0.2", "end": "10.100.0.14"}], "host_routes": [], "ip_version": 4, "ipv6_address_mode": null, "cidr": "10.100.0.0/28", "id": "902cfe95-7a60-4fcc-a85c-d04f80816b88", "subnetpool_id": null}}
2015-12-25 04:42:51,136 21172 INFO     [tempest_lib.common.rest_client] Request (TestGettingAddress:test_dhcp6_stateless_from_os): 201 POST http://10.0.2.15:9696/v2.0/routers 0.093s
2015-12-25 04:42:51,137 21172 DEBUG    [tempest_lib.common.rest_client] Request - Headers: {'Content-Type': 'application/json', 'Accept': 'application/json', 'X-Auth-Token': '&lt;omitted&gt;'}
        Body: {"router": {"tenant_id": "0a7627639d8e4ef192724e5c770d673e", "name": "tempest-router-smoke-1653397920", "admin_state_up": true}}
    Response - Headers: {'status': '201', 'content-length': '296', 'connection': 'close', 'date': 'Fri, 25 Dec 2015 04:42:51 GMT', 'content-type': 'application/json; charset=UTF-8', 'x-openstack-request-id': 'req-1e81024e-0405-49de-a8e2-58c6be3f80f7'}
        Body: {"router": {"status": "ACTIVE", "external_gateway_info": null, "availability_zone_hints": [], "availability_zones": [], "name": "tempest-router-smoke-1653397920", "admin_state_up": true, "tenant_id": "0a7627639d8e4ef192724e5c770d673e", "routes": [], "id": "3dd40465-d287-484d-8e21-2d66299fe420"}}
2015-12-25 04:42:51,335 21172 INFO     [tempest_lib.common.rest_client] Request (TestGettingAddress:test_dhcp6_stateless_from_os): 200 GET http://10.0.2.15:9696/v2.0/routers/3dd40465-d287-484d-8e21-2d66299fe420 0.196s
2015-12-25 04:42:51,335 21172 DEBUG    [tempest_lib.common.rest_client] Request - Headers: {'Content-Type': 'application/json', 'Accept': 'application/json', 'X-Auth-Token': '&lt;omitted&gt;'}
        Body: None
    Response - Headers: {'status': '200', 'content-length': '296', 'content-location': 'http://10.0.2.15:9696/v2.0/routers/3dd40465-d287-484d-8e21-2d66299fe420', 'connection': 'close', 'date': 'Fri, 25 Dec 2015 04:42:51 GMT', 'content-type': 'application/json; charset=UTF-8', 'x-openstack-request-id': 'req-86578673-e9e0-47e1-a847-3a00d2b082f9'}
        Body: {"router": {"status": "ACTIVE", "external_gateway_info": null, "availability_zone_hints": [], "availability_zones": [], "name": "tempest-router-smoke-1653397920", "admin_state_up": true, "tenant_id": "0a7627639d8e4ef192724e5c770d673e", "routes": [], "id": "3dd40465-d287-484d-8e21-2d66299fe420"}}
2015-12-25 04:42:52,151 21172 INFO     [tempest_lib.common.rest_client] Request (TestGettingAddress:test_dhcp6_stateless_from_os): 200 PUT http://10.0.2.15:9696/v2.0/routers/3dd40465-d287-484d-8e21-2d66299fe420 0.814s
2015-12-25 04:42:52,151 21172 DEBUG    [tempest_lib.common.rest_client] Request - Headers: {'Content-Type': 'application/json', 'Accept': 'application/json', 'X-Auth-Token': '&lt;omitted&gt;'}
        Body: {"router": {"external_gateway_info": {"network_id": "eac7ed1d-abac-4528-ac0e-70c744f4e1f6"}, "name": "tempest-router-smoke-1653397920", "admin_state_up": true}}
    Response - Headers: {'status': '200', 'content-length': '558', 'connection': 'close', 'date': 'Fri, 25 Dec 2015 04:42:52 GMT', 'content-type': 'application/json; charset=UTF-8', 'x-openstack-request-id': 'req-708ad107-bd81-4380-927c-fbb9b357772c'}
        Body: {"router": {"status": "ACTIVE", "external_gateway_info": {"network_id": "eac7ed1d-abac-4528-ac0e-70c744f4e1f6", "enable_snat": true, "external_fixed_ips": [{"subnet_id": "0eefba21-db72-4688-9aac-b2ce4e68d7fb", "ip_address": "172.24.4.3"}, {"subnet_id": "d7975f30-050f-41f0-bb71-138d1740a826", "ip_address": "2001:db8::3"}]}, "availability_zone_hints": [], "availability_zones": [], "name": "tempest-router-smoke-1653397920", "admin_state_up": true, "tenant_id": "0a7627639d8e4ef192724e5c770d673e", "routes": [], "id": "3dd40465-d287-484d-8e21-2d66299fe420"}}
2015-12-25 04:42:52,697 21172 INFO     [tempest_lib.common.rest_client] Request (TestGettingAddress:test_dhcp6_stateless_from_os): 200 PUT http://10.0.2.15:9696/v2.0/routers/3dd40465-d287-484d-8e21-2d66299fe420/add_router_interface 0.545s
2015-12-25 04:42:52,697 21172 DEBUG    [tempest_lib.common.rest_client] Request - Headers: {'Content-Type': 'application/json', 'Accept': 'application/json', 'X-Auth-Token': '&lt;omitted&gt;'}
        Body: {"subnet_id": "902cfe95-7a60-4fcc-a85c-d04f80816b88"}
    Response - Headers: {'status': '200', 'content-length': '255', 'connection': 'close', 'date': 'Fri, 25 Dec 2015 04:42:52 GMT', 'content-type': 'application/json; charset=UTF-8', 'x-openstack-request-id': 'req-26ba37c1-6b3a-42be-8f41-3052d2b19848'}
        Body: {"subnet_id": "902cfe95-7a60-4fcc-a85c-d04f80816b88", "tenant_id": "0a7627639d8e4ef192724e5c770d673e", "subnet_ids": ["902cfe95-7a60-4fcc-a85c-d04f80816b88"], "port_id": "4932a8bc-1cf5-47a0-a13b-22a5a4ed4bc0", "id": "3dd40465-d287-484d-8e21-2d66299fe420"}
2015-12-25 04:42:52,904 21172 INFO     [tempest_lib.common.rest_client] Request (TestGettingAddress:test_dhcp6_stateless_from_os): 200 GET http://10.0.2.15:9696/v2.0/subnets?tenant_id=0a7627639d8e4ef192724e5c770d673e&amp;cidr=2003%3A%3A%2F64 0.205s
2015-12-25 04:42:52,905 21172 DEBUG    [tempest_lib.common.rest_client] Request - Headers: {'Content-Type': 'application/json', 'Accept': 'application/json', 'X-Auth-Token': '&lt;omitted&gt;'}
        Body: None
    Response - Headers: {'status': '200', 'content-length': '15', 'content-location': 'http://10.0.2.15:9696/v2.0/subnets?tenant_id=0a7627639d8e4ef192724e5c770d673e&amp;cidr=2003%3A%3A%2F64', 'connection': 'close', 'date': 'Fri, 25 Dec 2015 04:42:52 GMT', 'content-type': 'application/json; charset=UTF-8', 'x-openstack-request-id': 'req-5fe48333-8aba-417c-8475-75aa7bbc96c1'}
        Body: {"subnets": []}
2015-12-25 04:42:53,372 21172 INFO     [tempest_lib.common.rest_client] Request (TestGettingAddress:test_dhcp6_stateless_from_os): 201 POST http://10.0.2.15:9696/v2.0/subnets 0.465s
2015-12-25 04:42:53,372 21172 DEBUG    [tempest_lib.common.rest_client] Request - Headers: {'Content-Type': 'application/json', 'Accept': 'application/json', 'X-Auth-Token': '&lt;omitted&gt;'}
        Body: {"subnet": {"name": "tempest-sub6-1768153513", "network_id": "cc0b89b9-daa5-4c19-bcc4-66d0feb6dfcd", "tenant_id": "0a7627639d8e4ef192724e5c770d673e", "ipv6_ra_mode": "dhcpv6-stateless", "ip_version": 6, "ipv6_address_mode": "dhcpv6-stateless", "cidr": "2003::/64"}}
    Response - Headers: {'status': '201', 'content-length': '502', 'connection': 'close', 'date': 'Fri, 25 Dec 2015 04:42:53 GMT', 'content-type': 'application/json; charset=UTF-8', 'x-openstack-request-id': 'req-8781efa1-efb7-4266-9e66-7e6c5c9f22eb'}
        Body: {"subnet": {"name": "tempest-sub6-1768153513", "enable_dhcp": true, "network_id": "cc0b89b9-daa5-4c19-bcc4-66d0feb6dfcd", "tenant_id": "0a7627639d8e4ef192724e5c770d673e", "dns_nameservers": [], "gateway_ip": "2003::1", "ipv6_ra_mode": "dhcpv6-stateless", "allocation_pools": [{"start": "2003::2", "end": "2003::ffff:ffff:ffff:ffff"}], "host_routes": [], "ip_version": 6, "ipv6_address_mode": "dhcpv6-stateless", "cidr": "2003::/64", "id": "b0357e35-4f65-47c5-b610-a8098ec1aa48", "subnetpool_id": null}}
2015-12-25 04:42:54,008 21172 INFO     [tempest_lib.common.rest_client] Request (TestGettingAddress:test_dhcp6_stateless_from_os): 200 PUT http://10.0.2.15:9696/v2.0/routers/3dd40465-d287-484d-8e21-2d66299fe420/add_router_interface 0.634s
2015-12-25 04:42:54,008 21172 DEBUG    [tempest_lib.common.rest_client] Request - Headers: {'Content-Type': 'application/json', 'Accept': 'application/json', 'X-Auth-Token': '&lt;omitted&gt;'}
        Body: {"subnet_id": "b0357e35-4f65-47c5-b610-a8098ec1aa48"}
    Response - Headers: {'status': '200', 'content-length': '255', 'connection': 'close', 'date': 'Fri, 25 Dec 2015 04:42:54 GMT', 'content-type': 'application/json; charset=UTF-8', 'x-openstack-request-id': 'req-fcdb47e2-d0e7-43b3-beb4-5bdf090e2211'}
        Body: {"subnet_id": "b0357e35-4f65-47c5-b610-a8098ec1aa48", "tenant_id": "0a7627639d8e4ef192724e5c770d673e", "subnet_ids": ["b0357e35-4f65-47c5-b610-a8098ec1aa48"], "port_id": "4c0c0123-fa76-45fc-8562-c3136d3da998", "id": "3dd40465-d287-484d-8e21-2d66299fe420"}
2015-12-25 04:42:54,126 21172 INFO     [tempest_lib.common.rest_client] Request (TestGettingAddress:test_dhcp6_stateless_from_os): 200 POST http://10.0.2.15:5000/v2.0/tokens
2015-12-25 04:42:54,126 21172 DEBUG    [tempest_lib.common.rest_client] Request - Headers: {'Content-Type': 'application/json', 'Accept': 'application/json'}
        Body: &lt;omitted&gt;
    Response - Headers: {'status': '200', 'content-length': '2524', 'vary': 'X-Auth-Token', 'server': 'Apache/2.4.7 (Ubuntu)', 'connection': 'close', 'date': 'Fri, 25 Dec 2015 04:42:54 GMT', 'content-type': 'application/json', 'x-openstack-request-id': 'req-0ff620e4-46e8-4d51-8584-48c88cf9a4e7'}
        Body: {"access": {"token": {"issued_at": "2015-12-25T04:42:54.115844", "expires": "2015-12-25T05:42:54Z", "id": "0847a58af84444bab616215855e8791b", "tenant": {"description": "tempest-TestGettingAddress-733769863-desc", "enabled": true, "id": "0a7627639d8e4ef192724e5c770d673e", "name": "tempest-TestGettingAddress-733769863"}, "audit_ids": ["uvzGryLTQL2coQ7xIiJ_Yg"]}, "serviceCatalog": [{"endpoints": [{"adminURL": "http://10.0.2.15:8774/v2.1/0a7627639d8e4ef192724e5c770d673e", "region": "RegionOne", "internalURL": "http://10.0.2.15:8774/v2.1/0a7627639d8e4ef192724e5c770d673e", "id": "3f7934b7ffb643e0a3f8305976ea8231", "publicURL": "http://10.0.2.15:8774/v2.1/0a7627639d8e4ef192724e5c770d673e"}], "endpoints_links": [], "type": "compute", "name": "nova"}, {"endpoints": [{"adminURL": "http://10.0.2.15:9696/", "region": "RegionOne", "internalURL": "http://10.0.2.15:9696/", "id": "72704a3ec8e54a158ad014b5faab1071", "publicURL": "http://10.0.2.15:9696/"}], "endpoints_links": [], "type": "network", "name": "neutron"}, {"endpoints": [{"adminURL": "http://10.0.2.15:9292", "region": "RegionOne", "internalURL": "http://10.0.2.15:9292", "id": "00eebcb9aff74d1bb418cb81d10821b5", "publicURL": "http://10.0.2.15:9292"}], "endpoints_links": [], "type": "image", "name": "glance"}, {"endpoints": [{"adminURL": "http://10.0.2.15:8774/v2/0a7627639d8e4ef192724e5c770d673e", "region": "RegionOne", "internalURL": "http://10.0.2.15:8774/v2/0a7627639d8e4ef192724e5c770d673e", "id": "2994cde0bedf4384bd38ccc4c3d8dba3", "publicURL": "http://10.0.2.15:8774/v2/0a7627639d8e4ef192724e5c770d673e"}], "endpoints_links": [], "type": "compute_legacy", "name": "nova_legacy"}, {"endpoints": [{"adminURL": "http://10.0.2.15:8773/", "region": "RegionOne", "internalURL": "http://10.0.2.15:8773/", "id": "31d3134a42174f9cb9582a75ba3f141f", "publicURL": "http://10.0.2.15:8773/"}], "endpoints_links": [], "type": "ec2", "name": "ec2"}, {"endpoints": [{"adminURL": "http://10.0.2.15:35357/v2.0", "region": "RegionOne", "internalURL": "http://10.0.2.15:5000/v2.0", "id": "1e19743601d44a67ad65fa1e3b7f594b", "publicURL": "http://10.0.2.15:5000/v2.0"}], "endpoints_links": [], "type": "identity", "name": "keystone"}], "user": {"username": "tempest-TestGettingAddress-1054921731", "roles_links": [], "id": "4e87027351ec403c8c1edaab1d000f6c", "roles": [{"name": "_member_"}, {"name": "Member"}], "name": "tempest-TestGettingAddress-1054921731"}, "metadata": {"is_admin": 0, "roles": ["9fe2ff9ee4384b1894a90878d3e92bab", "2a5491af6c4e407eb3633149bfdbdd6e"]}}}
2015-12-25 04:42:54,131 21172 DEBUG    [tempest.common.fixed_network] (TestGettingAddress:test_dhcp6_stateless_from_os) No valid network provided or created, defaulting to fixed_network_name
2015-12-25 04:42:54,467 21172 INFO     [tempest_lib.common.rest_client] Request (TestGettingAddress:test_dhcp6_stateless_from_os): 200 GET http://10.0.2.15:8774/v2.1/0a7627639d8e4ef192724e5c770d673e/os-networks 0.335s
2015-12-25 04:42:54,467 21172 DEBUG    [tempest_lib.common.rest_client] Request - Headers: {'Content-Type': 'application/json', 'Accept': 'application/json', 'X-Auth-Token': '&lt;omitted&gt;'}
        Body: None
    Response - Headers: {'status': '200', 'content-length': '478', 'content-location': 'http://10.0.2.15:8774/v2.1/0a7627639d8e4ef192724e5c770d673e/os-networks', 'x-compute-request-id': 'req-7a59adfb-e31f-420f-bc12-0ac810b8175d', 'vary': 'X-OpenStack-Nova-API-Version', 'connection': 'close', 'x-openstack-nova-api-version': '2.1', 'date': 'Fri, 25 Dec 2015 04:42:54 GMT', 'content-type': 'application/json'}
        Body: {"networks": [{"cidr_v6": null, "dns2": null, "dns1": null, "gateway": null, "broadcast": null, "netmask": null, "gateway_v6": null, "cidr": null, "label": "tempest-network-smoke--624125641", "id": "cc0b89b9-daa5-4c19-bcc4-66d0feb6dfcd", "netmask_v6": null}, {"cidr_v6": null, "dns2": null, "dns1": null, "gateway": null, "broadcast": null, "netmask": null, "gateway_v6": null, "cidr": null, "label": "public", "id": "eac7ed1d-abac-4528-ac0e-70c744f4e1f6", "netmask_v6": null}]}
2015-12-25 04:42:54,467 21172 WARNING  [tempest.common.fixed_network] (TestGettingAddress:test_dhcp6_stateless_from_os) Network with name: private not found
2015-12-25 04:42:54,468 21172 INFO     [tempest.common.fixed_network] (TestGettingAddress:test_dhcp6_stateless_from_os) Found network {} available for tenant
2015-12-25 04:42:55,574 21172 INFO     [tempest_lib.common.rest_client] Request (TestGettingAddress:test_dhcp6_stateless_from_os): 202 POST http://10.0.2.15:8774/v2.1/0a7627639d8e4ef192724e5c770d673e/servers 1.106s
2015-12-25 04:42:55,575 21172 DEBUG    [tempest_lib.common.rest_client] Request - Headers: {'Content-Type': 'application/json', 'Accept': 'application/json', 'X-Auth-Token': '&lt;omitted&gt;'}
        Body: {"server": {"name": "tempest.common.compute-instance-758027526", "imageRef": "b0b83b7e-f067-41e6-9cc5-7cb0d9ab161f", "key_name": "tempest-TestGettingAddress-1995628576", "flavorRef": "42", "networks": [{"uuid": "cc0b89b9-daa5-4c19-bcc4-66d0feb6dfcd"}], "security_groups": [{"name": "tempest-secgroup-smoke-885820577"}]}}
    Response - Headers: {'status': '202', 'content-length': '461', 'x-compute-request-id': 'req-6f08f36d-4b35-47fd-b37c-c9c4a4e29ffc', 'vary': 'X-OpenStack-Nova-API-Version', 'connection': 'close', 'location': 'http://10.0.2.15:8774/v2.1/0a7627639d8e4ef192724e5c770d673e/servers/4dee6102-cc74-4bd5-a883-2c69728558f6', 'x-openstack-nova-api-version': '2.1', 'date': 'Fri, 25 Dec 2015 04:42:55 GMT', 'content-type': 'application/json'}
        Body: {"server": {"security_groups": [{"name": "tempest-secgroup-smoke-885820577"}], "OS-DCF:diskConfig": "MANUAL", "id": "4dee6102-cc74-4bd5-a883-2c69728558f6", "links": [{"href": "http://10.0.2.15:8774/v2.1/0a7627639d8e4ef192724e5c770d673e/servers/4dee6102-cc74-4bd5-a883-2c69728558f6", "rel": "self"}, {"href": "http://10.0.2.15:8774/0a7627639d8e4ef192724e5c770d673e/servers/4dee6102-cc74-4bd5-a883-2c69728558f6", "rel": "bookmark"}], "adminPass": "Zhpu3usWx4dr"}}
2015-12-25 04:42:55,932 21172 INFO     [tempest_lib.common.rest_client] Request (TestGettingAddress:test_dhcp6_stateless_from_os): 200 GET http://10.0.2.15:8774/v2.1/0a7627639d8e4ef192724e5c770d673e/servers/4dee6102-cc74-4bd5-a883-2c69728558f6 0.353s
2015-12-25 04:42:55,932 21172 DEBUG    [tempest_lib.common.rest_client] Request - Headers: {'Content-Type': 'application/json', 'Accept': 'application/json', 'X-Auth-Token': '&lt;omitted&gt;'}
        Body: None
    Response - Headers: {'status': '200', 'content-length': '1354', 'content-location': 'http://10.0.2.15:8774/v2.1/0a7627639d8e4ef192724e5c770d673e/servers/4dee6102-cc74-4bd5-a883-2c69728558f6', 'x-compute-request-id': 'req-6e7cd17c-fc9a-4a2f-8496-e99a4d2a7450', 'vary': 'X-OpenStack-Nova-API-Version', 'connection': 'close', 'x-openstack-nova-api-version': '2.1', 'date': 'Fri, 25 Dec 2015 04:42:55 GMT', 'content-type': 'application/json'}
        Body: {"server": {"status": "BUILD", "updated": "2015-12-25T04:42:55Z", "hostId": "", "addresses": {}, "links": [{"href": "http://10.0.2.15:8774/v2.1/0a7627639d8e4ef192724e5c770d673e/servers/4dee6102-cc74-4bd5-a883-2c69728558f6", "rel": "self"}, {"href": "http://10.0.2.15:8774/0a7627639d8e4ef192724e5c770d673e/servers/4dee6102-cc74-4bd5-a883-2c69728558f6", "rel": "bookmark"}], "key_name": "tempest-TestGettingAddress-1995628576", "image": {"id": "b0b83b7e-f067-41e6-9cc5-7cb0d9ab161f", "links": [{"href": "http://10.0.2.15:8774/0a7627639d8e4ef192724e5c770d673e/images/b0b83b7e-f067-41e6-9cc5-7cb0d9ab161f", "rel": "bookmark"}]}, "OS-EXT-STS:task_state": "scheduling", "OS-EXT-STS:vm_state": "building", "OS-SRV-USG:launched_at": null, "flavor": {"id": "42", "links": [{"href": "http://10.0.2.15:8774/0a7627639d8e4ef192724e5c770d673e/flavors/42", "rel": "bookmark"}]}, "id": "4dee6102-cc74-4bd5-a883-2c69728558f6", "OS-SRV-USG:terminated_at": null, "OS-EXT-AZ:availability_zone": "", "user_id": "4e87027351ec403c8c1edaab1d000f6c", "name": "tempest.common.compute-instance-758027526", "created": "2015-12-25T04:42:55Z", "tenant_id": "0a7627639d8e4ef192724e5c770d673e", "OS-DCF:diskConfig": "MANUAL", "os-extended-volumes:volumes_attached": [], "accessIPv4": "", "accessIPv6": "", "progress": 0, "OS-EXT-STS:power_state": 0, "config_drive": "", "metadata": {}}}
2015-12-25 04:42:57,361 21172 INFO     [tempest_lib.common.rest_client] Request (TestGettingAddress:test_dhcp6_stateless_from_os): 200 GET http://10.0.2.15:8774/v2.1/0a7627639d8e4ef192724e5c770d673e/servers/4dee6102-cc74-4bd5-a883-2c69728558f6 0.417s
2015-12-25 04:42:57,361 21172 DEBUG    [tempest_lib.common.rest_client] Request - Headers: {'Content-Type': 'application/json', 'Accept': 'application/json', 'X-Auth-Token': '&lt;omitted&gt;'}
        Body: None
    Response - Headers: {'status': '200', 'content-length': '1479', 'content-location': 'http://10.0.2.15:8774/v2.1/0a7627639d8e4ef192724e5c770d673e/servers/4dee6102-cc74-4bd5-a883-2c69728558f6', 'x-compute-request-id': 'req-e5207545-ed3f-4b3d-a655-26d0f9d37ba2', 'vary': 'X-OpenStack-Nova-API-Version', 'connection': 'close', 'x-openstack-nova-api-version': '2.1', 'date': 'Fri, 25 Dec 2015 04:42:57 GMT', 'content-type': 'application/json'}
        Body: {"server": {"status": "BUILD", "updated": "2015-12-25T04:42:56Z", "hostId": "9f6044d8ad5a6b9bc752bbee247d0324b5f591242b29da72f8e65d04", "addresses": {}, "links": [{"href": "http://10.0.2.15:8774/v2.1/0a7627639d8e4ef192724e5c770d673e/servers/4dee6102-cc74-4bd5-a883-2c69728558f6", "rel": "self"}, {"href": "http://10.0.2.15:8774/0a7627639d8e4ef192724e5c770d673e/servers/4dee6102-cc74-4bd5-a883-2c69728558f6", "rel": "bookmark"}], "key_name": "tempest-TestGettingAddress-1995628576", "image": {"id": "b0b83b7e-f067-41e6-9cc5-7cb0d9ab161f", "links": [{"href": "http://10.0.2.15:8774/0a7627639d8e4ef192724e5c770d673e/images/b0b83b7e-f067-41e6-9cc5-7cb0d9ab161f", "rel": "bookmark"}]}, "OS-EXT-STS:task_state": "spawning", "OS-EXT-STS:vm_state": "building", "OS-SRV-USG:launched_at": null, "flavor": {"id": "42", "links": [{"href": "http://10.0.2.15:8774/0a7627639d8e4ef192724e5c770d673e/flavors/42", "rel": "bookmark"}]}, "id": "4dee6102-cc74-4bd5-a883-2c69728558f6", "security_groups": [{"name": "tempest-secgroup-smoke-885820577"}], "OS-SRV-USG:terminated_at": null, "OS-EXT-AZ:availability_zone": "nova", "user_id": "4e87027351ec403c8c1edaab1d000f6c", "name": "tempest.common.compute-instance-758027526", "created": "2015-12-25T04:42:55Z", "tenant_id": "0a7627639d8e4ef192724e5c770d673e", "OS-DCF:diskConfig": "MANUAL", "os-extended-volumes:volumes_attached": [], "accessIPv4": "", "accessIPv6": "", "progress": 0, "OS-EXT-STS:power_state": 0, "config_drive": "", "metadata": {}}}
2015-12-25 04:42:57,376 21172 INFO     [tempest.common.waiters] State transition "BUILD/scheduling" ==&gt; "BUILD/spawning" after 2 second wait
2015-12-25 04:42:58,593 21172 INFO     [tempest_lib.common.rest_client] Request (TestGettingAddress:test_dhcp6_stateless_from_os): 200 GET http://10.0.2.15:8774/v2.1/0a7627639d8e4ef192724e5c770d673e/servers/4dee6102-cc74-4bd5-a883-2c69728558f6 0.214s
2015-12-25 04:42:58,593 21172 DEBUG    [tempest_lib.common.rest_client] Request - Headers: {'Content-Type': 'application/json', 'Accept': 'application/json', 'X-Auth-Token': '&lt;omitted&gt;'}
        Body: None
    Response - Headers: {'status': '200', 'content-length': '1479', 'content-location': 'http://10.0.2.15:8774/v2.1/0a7627639d8e4ef192724e5c770d673e/servers/4dee6102-cc74-4bd5-a883-2c69728558f6', 'x-compute-request-id': 'req-f60d05cf-6bba-4cbd-b0db-f6503f276456', 'vary': 'X-OpenStack-Nova-API-Version', 'connection': 'close', 'x-openstack-nova-api-version': '2.1', 'date': 'Fri, 25 Dec 2015 04:42:58 GMT', 'content-type': 'application/json'}
        Body: {"server": {"status": "BUILD", "updated": "2015-12-25T04:42:56Z", "hostId": "9f6044d8ad5a6b9bc752bbee247d0324b5f591242b29da72f8e65d04", "addresses": {}, "links": [{"href": "http://10.0.2.15:8774/v2.1/0a7627639d8e4ef192724e5c770d673e/servers/4dee6102-cc74-4bd5-a883-2c69728558f6", "rel": "self"}, {"href": "http://10.0.2.15:8774/0a7627639d8e4ef192724e5c770d673e/servers/4dee6102-cc74-4bd5-a883-2c69728558f6", "rel": "bookmark"}], "key_name": "tempest-TestGettingAddress-1995628576", "image": {"id": "b0b83b7e-f067-41e6-9cc5-7cb0d9ab161f", "links": [{"href": "http://10.0.2.15:8774/0a7627639d8e4ef192724e5c770d673e/images/b0b83b7e-f067-41e6-9cc5-7cb0d9ab161f", "rel": "bookmark"}]}, "OS-EXT-STS:task_state": "spawning", "OS-EXT-STS:vm_state": "building", "OS-SRV-USG:launched_at": null, "flavor": {"id": "42", "links": [{"href": "http://10.0.2.15:8774/0a7627639d8e4ef192724e5c770d673e/flavors/42", "rel": "bookmark"}]}, "id": "4dee6102-cc74-4bd5-a883-2c69728558f6", "security_groups": [{"name": "tempest-secgroup-smoke-885820577"}], "OS-SRV-USG:terminated_at": null, "OS-EXT-AZ:availability_zone": "nova", "user_id": "4e87027351ec403c8c1edaab1d000f6c", "name": "tempest.common.compute-instance-758027526", "created": "2015-12-25T04:42:55Z", "tenant_id": "0a7627639d8e4ef192724e5c770d673e", "OS-DCF:diskConfig": "MANUAL", "os-extended-volumes:volumes_attached": [], "accessIPv4": "", "accessIPv6": "", "progress": 0, "OS-EXT-STS:power_state": 0, "config_drive": "", "metadata": {}}}
2015-12-25 04:42:59,889 21172 INFO     [tempest_lib.common.rest_client] Request (TestGettingAddress:test_dhcp6_stateless_from_os): 200 GET http://10.0.2.15:8774/v2.1/0a7627639d8e4ef192724e5c770d673e/servers/4dee6102-cc74-4bd5-a883-2c69728558f6 0.284s
2015-12-25 04:42:59,890 21172 DEBUG    [tempest_lib.common.rest_client] Request - Headers: {'Content-Type': 'application/json', 'Accept': 'application/json', 'X-Auth-Token': '&lt;omitted&gt;'}
        Body: None
    Response - Headers: {'status': '200', 'content-length': '1779', 'content-location': 'http://10.0.2.15:8774/v2.1/0a7627639d8e4ef192724e5c770d673e/servers/4dee6102-cc74-4bd5-a883-2c69728558f6', 'x-compute-request-id': 'req-86697d52-4675-408f-baf1-883b5655a50a', 'vary': 'X-OpenStack-Nova-API-Version', 'connection': 'close', 'x-openstack-nova-api-version': '2.1', 'date': 'Fri, 25 Dec 2015 04:42:59 GMT', 'content-type': 'application/json'}
        Body: {"server": {"status": "ACTIVE", "updated": "2015-12-25T04:42:59Z", "hostId": "9f6044d8ad5a6b9bc752bbee247d0324b5f591242b29da72f8e65d04", "addresses": {"tempest-network-smoke--624125641": [{"OS-EXT-IPS-MAC:mac_addr": "fa:16:3e:50:3b:4e", "version": 6, "addr": "2003::f816:3eff:fe50:3b4e", "OS-EXT-IPS:type": "fixed"}, {"OS-EXT-IPS-MAC:mac_addr": "fa:16:3e:50:3b:4e", "version": 4, "addr": "10.100.0.3", "OS-EXT-IPS:type": "fixed"}]}, "links": [{"href": "http://10.0.2.15:8774/v2.1/0a7627639d8e4ef192724e5c770d673e/servers/4dee6102-cc74-4bd5-a883-2c69728558f6", "rel": "self"}, {"href": "http://10.0.2.15:8774/0a7627639d8e4ef192724e5c770d673e/servers/4dee6102-cc74-4bd5-a883-2c69728558f6", "rel": "bookmark"}], "key_name": "tempest-TestGettingAddress-1995628576", "image": {"id": "b0b83b7e-f067-41e6-9cc5-7cb0d9ab161f", "links": [{"href": "http://10.0.2.15:8774/0a7627639d8e4ef192724e5c770d673e/images/b0b83b7e-f067-41e6-9cc5-7cb0d9ab161f", "rel": "bookmark"}]}, "OS-EXT-STS:task_state": null, "OS-EXT-STS:vm_state": "active", "OS-SRV-USG:launched_at": "2015-12-25T04:42:59.000000", "flavor": {"id": "42", "links": [{"href": "http://10.0.2.15:8774/0a7627639d8e4ef192724e5c770d673e/flavors/42", "rel": "bookmark"}]}, "id": "4dee6102-cc74-4bd5-a883-2c69728558f6", "security_groups": [{"name": "tempest-secgroup-smoke-885820577"}], "OS-SRV-USG:terminated_at": null, "OS-EXT-AZ:availability_zone": "nova", "user_id": "4e87027351ec403c8c1edaab1d000f6c", "name": "tempest.common.compute-instance-758027526", "created": "2015-12-25T04:42:55Z", "tenant_id": "0a7627639d8e4ef192724e5c770d673e", "OS-DCF:diskConfig": "MANUAL", "os-extended-volumes:volumes_attached": [], "accessIPv4": "", "accessIPv6": "", "progress": 0, "OS-EXT-STS:power_state": 1, "config_drive": "True", "metadata": {}}}
2015-12-25 04:42:59,899 21172 INFO     [tempest.common.waiters] State transition "BUILD/spawning" ==&gt; "ACTIVE/None" after 4 second wait
2015-12-25 04:43:00,233 21172 INFO     [tempest_lib.common.rest_client] Request (TestGettingAddress:test_dhcp6_stateless_from_os): 200 GET http://10.0.2.15:8774/v2.1/0a7627639d8e4ef192724e5c770d673e/servers/4dee6102-cc74-4bd5-a883-2c69728558f6 0.333s
2015-12-25 04:43:00,233 21172 DEBUG    [tempest_lib.common.rest_client] Request - Headers: {'Content-Type': 'application/json', 'Accept': 'application/json', 'X-Auth-Token': '&lt;omitted&gt;'}
        Body: None
    Response - Headers: {'status': '200', 'content-length': '1779', 'content-location': 'http://10.0.2.15:8774/v2.1/0a7627639d8e4ef192724e5c770d673e/servers/4dee6102-cc74-4bd5-a883-2c69728558f6', 'x-compute-request-id': 'req-f9cffc6e-13f5-4137-be73-eb29f399e051', 'vary': 'X-OpenStack-Nova-API-Version', 'connection': 'close', 'x-openstack-nova-api-version': '2.1', 'date': 'Fri, 25 Dec 2015 04:43:00 GMT', 'content-type': 'application/json'}
        Body: {"server": {"status": "ACTIVE", "updated": "2015-12-25T04:42:59Z", "hostId": "9f6044d8ad5a6b9bc752bbee247d0324b5f591242b29da72f8e65d04", "addresses": {"tempest-network-smoke--624125641": [{"OS-EXT-IPS-MAC:mac_addr": "fa:16:3e:50:3b:4e", "version": 6, "addr": "2003::f816:3eff:fe50:3b4e", "OS-EXT-IPS:type": "fixed"}, {"OS-EXT-IPS-MAC:mac_addr": "fa:16:3e:50:3b:4e", "version": 4, "addr": "10.100.0.3", "OS-EXT-IPS:type": "fixed"}]}, "links": [{"href": "http://10.0.2.15:8774/v2.1/0a7627639d8e4ef192724e5c770d673e/servers/4dee6102-cc74-4bd5-a883-2c69728558f6", "rel": "self"}, {"href": "http://10.0.2.15:8774/0a7627639d8e4ef192724e5c770d673e/servers/4dee6102-cc74-4bd5-a883-2c69728558f6", "rel": "bookmark"}], "key_name": "tempest-TestGettingAddress-1995628576", "image": {"id": "b0b83b7e-f067-41e6-9cc5-7cb0d9ab161f", "links": [{"href": "http://10.0.2.15:8774/0a7627639d8e4ef192724e5c770d673e/images/b0b83b7e-f067-41e6-9cc5-7cb0d9ab161f", "rel": "bookmark"}]}, "OS-EXT-STS:task_state": null, "OS-EXT-STS:vm_state": "active", "OS-SRV-USG:launched_at": "2015-12-25T04:42:59.000000", "flavor": {"id": "42", "links": [{"href": "http://10.0.2.15:8774/0a7627639d8e4ef192724e5c770d673e/flavors/42", "rel": "bookmark"}]}, "id": "4dee6102-cc74-4bd5-a883-2c69728558f6", "security_groups": [{"name": "tempest-secgroup-smoke-885820577"}], "OS-SRV-USG:terminated_at": null, "OS-EXT-AZ:availability_zone": "nova", "user_id": "4e87027351ec403c8c1edaab1d000f6c", "name": "tempest.common.compute-instance-758027526", "created": "2015-12-25T04:42:55Z", "tenant_id": "0a7627639d8e4ef192724e5c770d673e", "OS-DCF:diskConfig": "MANUAL", "os-extended-volumes:volumes_attached": [], "accessIPv4": "", "accessIPv6": "", "progress": 0, "OS-EXT-STS:power_state": 1, "config_drive": "True", "metadata": {}}}
2015-12-25 04:43:00,275 21172 INFO     [tempest_lib.common.rest_client] Request (TestGettingAddress:test_dhcp6_stateless_from_os): 200 GET http://10.0.2.15:9696/v2.0/ports?status=ACTIVE&amp;fixed_ip=None&amp;device_id=4dee6102-cc74-4bd5-a883-2c69728558f6 0.033s
2015-12-25 04:43:00,275 21172 DEBUG    [tempest_lib.common.rest_client] Request - Headers: {'Content-Type': 'application/json', 'Accept': 'application/json', 'X-Auth-Token': '&lt;omitted&gt;'}
        Body: None
    Response - Headers: {'status': '200', 'content-length': '1142', 'content-location': 'http://10.0.2.15:9696/v2.0/ports?status=ACTIVE&amp;fixed_ip=None&amp;device_id=4dee6102-cc74-4bd5-a883-2c69728558f6', 'connection': 'close', 'date': 'Fri, 25 Dec 2015 04:43:00 GMT', 'content-type': 'application/json; charset=UTF-8', 'x-openstack-request-id': 'req-0cb8bec0-a3d0-43bd-9944-62cd1348e205'}
        Body: {"ports": [{"status": "ACTIVE", "binding:host_id": "vagrant-ubuntu-trusty-64", "allowed_address_pairs": [], "extra_dhcp_opts": [], "dns_assignment": [{"hostname": "host-10-100-0-3", "ip_address": "10.100.0.3", "fqdn": "host-10-100-0-3.openstacklocal."}, {"hostname": "host-2003--f816-3eff-fe50-3b4e", "ip_address": "2003::f816:3eff:fe50:3b4e", "fqdn": "host-2003--f816-3eff-fe50-3b4e.openstacklocal."}], "device_owner": "compute:None", "port_security_enabled": true, "binding:profile": {}, "fixed_ips": [{"subnet_id": "902cfe95-7a60-4fcc-a85c-d04f80816b88", "ip_address": "10.100.0.3"}, {"subnet_id": "b0357e35-4f65-47c5-b610-a8098ec1aa48", "ip_address": "2003::f816:3eff:fe50:3b4e"}], "id": "33d07dce-c952-46ba-bbcc-a274c7e535e2", "security_groups": ["92559b99-33ab-4a8e-88fb-ca383a1e25a4"], "device_id": "4dee6102-cc74-4bd5-a883-2c69728558f6", "name": "", "admin_state_up": true, "network_id": "cc0b89b9-daa5-4c19-bcc4-66d0feb6dfcd", "dns_name": "", "binding:vif_details": {"port_filter": true}, "binding:vnic_type": "normal", "binding:vif_type": "ovs", "tenant_id": "0a7627639d8e4ef192724e5c770d673e", "mac_address": "fa:16:3e:50:3b:4e"}]}
2015-12-25 04:43:00,804 21172 INFO     [tempest_lib.common.rest_client] Request (TestGettingAddress:test_dhcp6_stateless_from_os): 201 POST http://10.0.2.15:9696/v2.0/floatingips 0.528s
2015-12-25 04:43:00,805 21172 DEBUG    [tempest_lib.common.rest_client] Request - Headers: {'Content-Type': 'application/json', 'Accept': 'application/json', 'X-Auth-Token': '&lt;omitted&gt;'}
        Body: {"floatingip": {"floating_network_id": "eac7ed1d-abac-4528-ac0e-70c744f4e1f6", "tenant_id": "0a7627639d8e4ef192724e5c770d673e", "fixed_ip_address": "10.100.0.3", "port_id": "33d07dce-c952-46ba-bbcc-a274c7e535e2"}}
    Response - Headers: {'status': '201', 'content-length': '367', 'connection': 'close', 'date': 'Fri, 25 Dec 2015 04:43:00 GMT', 'content-type': 'application/json; charset=UTF-8', 'x-openstack-request-id': 'req-e5005c39-2e7b-4128-9e43-d52ef6c27f84'}
        Body: {"floatingip": {"floating_network_id": "eac7ed1d-abac-4528-ac0e-70c744f4e1f6", "router_id": "3dd40465-d287-484d-8e21-2d66299fe420", "fixed_ip_address": "10.100.0.3", "floating_ip_address": "172.24.4.4", "tenant_id": "0a7627639d8e4ef192724e5c770d673e", "status": "DOWN", "port_id": "33d07dce-c952-46ba-bbcc-a274c7e535e2", "id": "7bf98f62-f855-4a88-915e-df8fc71e7dd0"}}
2015-12-25 04:43:00,806 21172 INFO     [tempest_lib.common.ssh] Creating ssh connection to '172.24.4.4' as 'cirros' with public key authentication
2015-12-25 04:43:04,807 21172 WARNING  [tempest_lib.common.ssh] Failed to establish authenticated ssh connection to cirros@172.24.4.4 ([Errno None] Unable to connect to port 22 on  or 172.24.4.4). Number attempts: 1. Retry after 2 seconds.
2015-12-25 04:43:10,307 21172 WARNING  [tempest_lib.common.ssh] Failed to establish authenticated ssh connection to cirros@172.24.4.4 ([Errno None] Unable to connect to port 22 on  or 172.24.4.4). Number attempts: 2. Retry after 3 seconds.
2015-12-25 04:43:16,811 21172 WARNING  [tempest_lib.common.ssh] Failed to establish authenticated ssh connection to cirros@172.24.4.4 ([Errno None] Unable to connect to port 22 on  or 172.24.4.4). Number attempts: 3. Retry after 4 seconds.
2015-12-25 04:43:24,315 21172 WARNING  [tempest_lib.common.ssh] Failed to establish authenticated ssh connection to cirros@172.24.4.4 ([Errno None] Unable to connect to port 22 on  or 172.24.4.4). Number attempts: 4. Retry after 5 seconds.
2015-12-25 04:43:32,815 21172 WARNING  [tempest_lib.common.ssh] Failed to establish authenticated ssh connection to cirros@172.24.4.4 ([Errno None] Unable to connect to port 22 on  or 172.24.4.4). Number attempts: 5. Retry after 6 seconds.
2015-12-25 04:43:42,323 21172 WARNING  [tempest_lib.common.ssh] Failed to establish authenticated ssh connection to cirros@172.24.4.4 ([Errno None] Unable to connect to port 22 on  or 172.24.4.4). Number attempts: 6. Retry after 7 seconds.
2015-12-25 04:43:52,831 21172 WARNING  [tempest_lib.common.ssh] Failed to establish authenticated ssh connection to cirros@172.24.4.4 ([Errno None] Unable to connect to port 22 on  or 172.24.4.4). Number attempts: 7. Retry after 8 seconds.
2015-12-25 04:44:04,339 21172 WARNING  [tempest_lib.common.ssh] Failed to establish authenticated ssh connection to cirros@172.24.4.4 ([Errno None] Unable to connect to port 22 on  or 172.24.4.4). Number attempts: 8. Retry after 9 seconds.
2015-12-25 04:44:16,844 21172 WARNING  [tempest_lib.common.ssh] Failed to establish authenticated ssh connection to cirros@172.24.4.4 ([Errno None] Unable to connect to port 22 on  or 172.24.4.4). Number attempts: 9. Retry after 10 seconds.
2015-12-25 04:44:30,355 21172 WARNING  [tempest_lib.common.ssh] Failed to establish authenticated ssh connection to cirros@172.24.4.4 ([Errno None] Unable to connect to port 22 on  or 172.24.4.4). Number attempts: 10. Retry after 11 seconds.
2015-12-25 04:44:44,860 21172 WARNING  [tempest_lib.common.ssh] Failed to establish authenticated ssh connection to cirros@172.24.4.4 ([Errno None] Unable to connect to port 22 on  or 172.24.4.4). Number attempts: 11. Retry after 12 seconds.
2015-12-25 04:45:00,371 21172 WARNING  [tempest_lib.common.ssh] Failed to establish authenticated ssh connection to cirros@172.24.4.4 ([Errno None] Unable to connect to port 22 on  or 172.24.4.4). Number attempts: 12. Retry after 13 seconds.
2015-12-25 04:45:16,883 21172 WARNING  [tempest_lib.common.ssh] Failed to establish authenticated ssh connection to cirros@172.24.4.4 ([Errno None] Unable to connect to port 22 on  or 172.24.4.4). Number attempts: 13. Retry after 14 seconds.
2015-12-25 04:45:34,392 21172 WARNING  [tempest_lib.common.ssh] Failed to establish authenticated ssh connection to cirros@172.24.4.4 ([Errno None] Unable to connect to port 22 on  or 172.24.4.4). Number attempts: 14. Retry after 15 seconds.
2015-12-25 04:45:52,895 21172 WARNING  [tempest_lib.common.ssh] Failed to establish authenticated ssh connection to cirros@172.24.4.4 ([Errno None] Unable to connect to port 22 on  or 172.24.4.4). Number attempts: 15. Retry after 16 seconds.
2015-12-25 04:46:12,407 21172 WARNING  [tempest_lib.common.ssh] Failed to establish authenticated ssh connection to cirros@172.24.4.4 ([Errno None] Unable to connect to port 22 on  or 172.24.4.4). Number attempts: 16. Retry after 17 seconds.
2015-12-25 04:46:32,923 21172 WARNING  [tempest_lib.common.ssh] Failed to establish authenticated ssh connection to cirros@172.24.4.4 ([Errno None] Unable to connect to port 22 on  or 172.24.4.4). Number attempts: 17. Retry after 18 seconds.
2015-12-25 04:46:54,443 21172 WARNING  [tempest_lib.common.ssh] Failed to establish authenticated ssh connection to cirros@172.24.4.4 ([Errno None] Unable to connect to port 22 on  or 172.24.4.4). Number attempts: 18. Retry after 19 seconds.
2015-12-25 04:47:16,959 21172 WARNING  [tempest_lib.common.ssh] Failed to establish authenticated ssh connection to cirros@172.24.4.4 ([Errno None] Unable to connect to port 22 on  or 172.24.4.4). Number attempts: 19. Retry after 20 seconds.
2015-12-25 04:47:40,479 21172 WARNING  [tempest_lib.common.ssh] Failed to establish authenticated ssh connection to cirros@172.24.4.4 ([Errno None] Unable to connect to port 22 on  or 172.24.4.4). Number attempts: 20. Retry after 21 seconds.
2015-12-25 04:48:04,979 21172 ERROR    [tempest_lib.common.ssh] Failed to establish authenticated ssh connection to cirros@172.24.4.4 after 20 attempts
2015-12-25 04:48:04.979 21172 ERROR tempest_lib.common.ssh Traceback (most recent call last):
2015-12-25 04:48:04.979 21172 ERROR tempest_lib.common.ssh   File "/usr/local/lib/python2.7/dist-packages/tempest_lib/common/ssh.py", line 75, in _get_ssh_connection
2015-12-25 04:48:04.979 21172 ERROR tempest_lib.common.ssh     timeout=self.channel_timeout, pkey=self.pkey)
2015-12-25 04:48:04.979 21172 ERROR tempest_lib.common.ssh   File "/usr/local/lib/python2.7/dist-packages/paramiko/client.py", line 311, in connect
2015-12-25 04:48:04.979 21172 ERROR tempest_lib.common.ssh     raise NoValidConnectionsError(errors)
2015-12-25 04:48:04.979 21172 ERROR tempest_lib.common.ssh NoValidConnectionsError: [Errno None] Unable to connect to port 22 on  or 172.24.4.4
2015-12-25 04:48:04.979 21172 ERROR tempest_lib.common.ssh 
2015-12-25 04:48:04,982 21172 ERROR    [tempest.scenario.manager] (TestGettingAddress:test_dhcp6_stateless_from_os) Initializing SSH connection to 172.24.4.4 failed. Error: Connection to the 172.24.4.4 via SSH timed out.
User: cirros, Password: None
2015-12-25 04:48:04.982 21172 ERROR tempest.scenario.manager Traceback (most recent call last):
2015-12-25 04:48:04.982 21172 ERROR tempest.scenario.manager   File "tempest/scenario/manager.py", line 386, in get_remote_client
2015-12-25 04:48:04.982 21172 ERROR tempest.scenario.manager     linux_client.validate_authentication()
2015-12-25 04:48:04.982 21172 ERROR tempest.scenario.manager   File "tempest/common/utils/linux/remote_client.py", line 63, in validate_authentication
2015-12-25 04:48:04.982 21172 ERROR tempest.scenario.manager     self.ssh_client.test_connection_auth()
2015-12-25 04:48:04.982 21172 ERROR tempest.scenario.manager   File "/usr/local/lib/python2.7/dist-packages/tempest_lib/common/ssh.py", line 172, in test_connection_auth
2015-12-25 04:48:04.982 21172 ERROR tempest.scenario.manager     connection = self._get_ssh_connection()
2015-12-25 04:48:04.982 21172 ERROR tempest.scenario.manager   File "/usr/local/lib/python2.7/dist-packages/tempest_lib/common/ssh.py", line 87, in _get_ssh_connection
2015-12-25 04:48:04.982 21172 ERROR tempest.scenario.manager     password=self.password)
2015-12-25 04:48:04.982 21172 ERROR tempest.scenario.manager SSHTimeout: Connection to the 172.24.4.4 via SSH timed out.
2015-12-25 04:48:04.982 21172 ERROR tempest.scenario.manager User: cirros, Password: None
2015-12-25 04:48:04.982 21172 ERROR tempest.scenario.manager 
2015-12-25 04:48:05,223 21172 INFO     [tempest_lib.common.rest_client] Request (TestGettingAddress:test_dhcp6_stateless_from_os): 200 GET http://10.0.2.15:8774/v2.1/0a7627639d8e4ef192724e5c770d673e/servers 0.238s
2015-12-25 04:48:05,223 21172 DEBUG    [tempest_lib.common.rest_client] Request - Headers: {'Content-Type': 'application/json', 'Accept': 'application/json', 'X-Auth-Token': '&lt;omitted&gt;'}
        Body: None
    Response - Headers: {'status': '200', 'content-length': '390', 'content-location': 'http://10.0.2.15:8774/v2.1/0a7627639d8e4ef192724e5c770d673e/servers', 'x-compute-request-id': 'req-627941ed-32f8-462b-8a1e-7712daa51bca', 'vary': 'X-OpenStack-Nova-API-Version', 'connection': 'close', 'x-openstack-nova-api-version': '2.1', 'date': 'Fri, 25 Dec 2015 04:48:05 GMT', 'content-type': 'application/json'}
        Body: {"servers": [{"id": "4dee6102-cc74-4bd5-a883-2c69728558f6", "links": [{"href": "http://10.0.2.15:8774/v2.1/0a7627639d8e4ef192724e5c770d673e/servers/4dee6102-cc74-4bd5-a883-2c69728558f6", "rel": "self"}, {"href": "http://10.0.2.15:8774/0a7627639d8e4ef192724e5c770d673e/servers/4dee6102-cc74-4bd5-a883-2c69728558f6", "rel": "bookmark"}], "name": "tempest.common.compute-instance-758027526"}]}
2015-12-25 04:48:05,440 21172 INFO     [tempest_lib.common.rest_client] Request (TestGettingAddress:test_dhcp6_stateless_from_os): 200 POST http://10.0.2.15:8774/v2.1/0a7627639d8e4ef192724e5c770d673e/servers/4dee6102-cc74-4bd5-a883-2c69728558f6/action 0.212s
2015-12-25 04:48:05,441 21172 DEBUG    [tempest_lib.common.rest_client] Request - Headers: {'Content-Type': 'application/json', 'Accept': 'application/json', 'X-Auth-Token': '&lt;omitted&gt;'}
        Body: {"os-getConsoleOutput": {}}
    Response - Headers: {'status': '200', 'content-length': '24633', 'x-compute-request-id': 'req-dee67b84-af12-4440-a9f0-a0bde2f5243d', 'vary': 'X-OpenStack-Nova-API-Version', 'connection': 'close', 'x-openstack-nova-api-version': '2.1', 'date': 'Fri, 25 Dec 2015 04:48:05 GMT', 'content-type': 'application/json'}
        Body: {"output": "[    0.000000] Initializing cgroup subsys cpuset\n[    0.000000] Initializing cgroup subsys cpu\n[    0.000000] Linux version 3.2.0-80-virtual (buildd@batsu) (gcc version 4.6.3 (Ubuntu/Linaro 4.6.3-1ubuntu5) ) #116-Ubuntu SMP Mon Mar 23 17:28:52 UTC 2015 (Ubuntu 3.2.0-80.116-virtual 3.2.68)\n[    0.000000] Command line: root=/dev/vda console=tty0 console=ttyS0 no_timer_check\n[    0.000000] KERNEL supported cpus:\n[    0.000000]   Intel GenuineIntel\n[    0.000000]   AMD AuthenticAMD\n[    0.000000]   Centaur CentaurHauls\n[    0.000000] BIOS-provided physical RAM map:\n[    0.000000]  BIOS-e820: 0000000000000000 - 000000000009fc00 (usable)\n[    0.000000]  BIOS-e820: 000000000009fc00 - 00000000000a0000 (reserved)\n[    0.000000]  BIOS-e820: 00000000000f0000 - 0000000000100000 (reserved)\n[    0.000000]  BIOS-e820: 0000000000100000 - 0000000003ffe000 (usable)\n[    0.000000]  BIOS-e820: 0000000003ffe000 - 0000000004000000 (reserved)\n[    0.000000]  BIOS-e820: 00000000fffc0000 - 0000000100000000 (reserved)\n[    0.000000] NX (Execute Disable) protection: active\n[    0.000000] SMBIOS 2.4 present.\n[    0.000000] No AGP bridge found\n[    0.000000] last_pfn = 0x3ffe max_arch_pfn = 0x400000000\n[    0.000000] x86 PAT enabled: cpu 0, old 0x7040600070406, new 0x7010600070106\n[    0.000000] found SMP MP-table at [ffff8800000f0b00] f0b00\n[    0.000000] init_memory_mapping: 0000000000000000-0000000003ffe000\n[    0.000000] RAMDISK: 03c5e000 - 03ff0000\n[    0.000000] ACPI: RSDP 00000000000f0950 00014 (v00 BOCHS )\n[    0.000000] ACPI: RSDT 0000000003fffbc1 00034 (v01 BOCHS  BXPCRSDT 00000001 BXPC 00000001)\n[    0.000000] ACPI: FACP 0000000003fff1c0 00074 (v01 BOCHS  BXPCFACP 00000001 BXPC 00000001)\n[    0.000000] ACPI: DSDT 0000000003ffe040 01180 (v01 BOCHS  BXPCDSDT 00000001 BXPC 00000001)\n[    0.000000] ACPI: FACS 0000000003ffe000 00040\n[    0.000000] ACPI: SSDT 0000000003fff234 008DD (v01 BOCHS  BXPCSSDT 00000001 BXPC 00000001)\n[    0.000000] ACPI: APIC 0000000003fffb11 00078 (v01 BOCHS  BXPCAPIC 00000001 BXPC 00000001)\n[    0.000000] ACPI: HPET 0000000003fffb89 00038 (v01 BOCHS  BXPCHPET 00000001 BXPC 00000001)\n[    0.000000] No NUMA configuration found\n[    0.000000] Faking a node at 0000000000000000-0000000003ffe000\n[    0.000000] Initmem setup node 0 0000000000000000-0000000003ffe000\n[    0.000000]   NODE_DATA [0000000003ff6000 - 0000000003ffafff]\n[    0.000000] Zone PFN ranges:\n[    0.000000]   DMA      0x00000010 -&gt; 0x00001000\n[    0.000000]   DMA32    0x00001000 -&gt; 0x00100000\n[    0.000000]   Normal   empty\n[    0.000000] Movable zone start PFN for each node\n[    0.000000] early_node_map[2] active PFN ranges\n[    0.000000]     0: 0x00000010 -&gt; 0x0000009f\n[    0.000000]     0: 0x00000100 -&gt; 0x00003ffe\n[    0.000000] ACPI: PM-Timer IO Port: 0xb008\n[    0.000000] ACPI: LAPIC (acpi_id[0x00] lapic_id[0x00] enabled)\n[    0.000000] ACPI: LAPIC_NMI (acpi_id[0xff] dfl dfl lint[0x1])\n[    0.000000] ACPI: IOAPIC (id[0x00] address[0xfec00000] gsi_base[0])\n[    0.000000] IOAPIC[0]: apic_id 0, version 17, address 0xfec00000, GSI 0-23\n[    0.000000] ACPI: INT_SRC_OVR (bus 0 bus_irq 0 global_irq 2 dfl dfl)\n[    0.000000] ACPI: INT_SRC_OVR (bus 0 bus_irq 5 global_irq 5 high level)\n[    0.000000] ACPI: INT_SRC_OVR (bus 0 bus_irq 9 global_irq 9 high level)\n[    0.000000] ACPI: INT_SRC_OVR (bus 0 bus_irq 10 global_irq 10 high level)\n[    0.000000] ACPI: INT_SRC_OVR (bus 0 bus_irq 11 global_irq 11 high level)\n[    0.000000] Using ACPI (MADT) for SMP configuration information\n[    0.000000] ACPI: HPET id: 0x8086a201 base: 0xfed00000\n[    0.000000] SMP: Allowing 1 CPUs, 0 hotplug CPUs\n[    0.000000] PM: Registered nosave memory: 000000000009f000 - 00000000000a0000\n[    0.000000] PM: Registered nosave memory: 00000000000a0000 - 00000000000f0000\n[    0.000000] PM: Registered nosave memory: 00000000000f0000 - 0000000000100000\n[    0.000000] Allocating PCI resources starting at 4000000 (gap: 4000000:fbfc0000)\n[    0.000000] Booting paravirtualized kernel on bare hardware\n[    0.000000] setup_pe
2015-12-25 04:48:05,443 21172 DEBUG    [tempest.scenario.manager] Console output for 4dee6102-cc74-4bd5-a883-2c69728558f6
body=
[    0.000000] Initializing cgroup subsys cpuset
[    0.000000] Initializing cgroup subsys cpu
[    0.000000] Linux version 3.2.0-80-virtual (buildd@batsu) (gcc version 4.6.3 (Ubuntu/Linaro 4.6.3-1ubuntu5) ) #116-Ubuntu SMP Mon Mar 23 17:28:52 UTC 2015 (Ubuntu 3.2.0-80.116-virtual 3.2.68)
[    0.000000] Command line: root=/dev/vda console=tty0 console=ttyS0 no_timer_check
[    0.000000] KERNEL supported cpus:
[    0.000000]   Intel GenuineIntel
[    0.000000]   AMD AuthenticAMD
[    0.000000]   Centaur CentaurHauls
[    0.000000] BIOS-provided physical RAM map:
[    0.000000]  BIOS-e820: 0000000000000000 - 000000000009fc00 (usable)
[    0.000000]  BIOS-e820: 000000000009fc00 - 00000000000a0000 (reserved)
[    0.000000]  BIOS-e820: 00000000000f0000 - 0000000000100000 (reserved)
[    0.000000]  BIOS-e820: 0000000000100000 - 0000000003ffe000 (usable)
[    0.000000]  BIOS-e820: 0000000003ffe000 - 0000000004000000 (reserved)
[    0.000000]  BIOS-e820: 00000000fffc0000 - 0000000100000000 (reserved)
[    0.000000] NX (Execute Disable) protection: active
[    0.000000] SMBIOS 2.4 present.
[    0.000000] No AGP bridge found
[    0.000000] last_pfn = 0x3ffe max_arch_pfn = 0x400000000
[    0.000000] x86 PAT enabled: cpu 0, old 0x7040600070406, new 0x7010600070106
[    0.000000] found SMP MP-table at [ffff8800000f0b00] f0b00
[    0.000000] init_memory_mapping: 0000000000000000-0000000003ffe000
[    0.000000] RAMDISK: 03c5e000 - 03ff0000
[    0.000000] ACPI: RSDP 00000000000f0950 00014 (v00 BOCHS )
[    0.000000] ACPI: RSDT 0000000003fffbc1 00034 (v01 BOCHS  BXPCRSDT 00000001 BXPC 00000001)
[    0.000000] ACPI: FACP 0000000003fff1c0 00074 (v01 BOCHS  BXPCFACP 00000001 BXPC 00000001)
[    0.000000] ACPI: DSDT 0000000003ffe040 01180 (v01 BOCHS  BXPCDSDT 00000001 BXPC 00000001)
[    0.000000] ACPI: FACS 0000000003ffe000 00040
[    0.000000] ACPI: SSDT 0000000003fff234 008DD (v01 BOCHS  BXPCSSDT 00000001 BXPC 00000001)
[    0.000000] ACPI: APIC 0000000003fffb11 00078 (v01 BOCHS  BXPCAPIC 00000001 BXPC 00000001)
[    0.000000] ACPI: HPET 0000000003fffb89 00038 (v01 BOCHS  BXPCHPET 00000001 BXPC 00000001)
[    0.000000] No NUMA configuration found
[    0.000000] Faking a node at 0000000000000000-0000000003ffe000
[    0.000000] Initmem setup node 0 0000000000000000-0000000003ffe000
[    0.000000]   NODE_DATA [0000000003ff6000 - 0000000003ffafff]
[    0.000000] Zone PFN ranges:
[    0.000000]   DMA      0x00000010 -&gt; 0x00001000
[    0.000000]   DMA32    0x00001000 -&gt; 0x00100000
[    0.000000]   Normal   empty
[    0.000000] Movable zone start PFN for each node
[    0.000000] early_node_map[2] active PFN ranges
[    0.000000]     0: 0x00000010 -&gt; 0x0000009f
[    0.000000]     0: 0x00000100 -&gt; 0x00003ffe
[    0.000000] ACPI: PM-Timer IO Port: 0xb008
[    0.000000] ACPI: LAPIC (acpi_id[0x00] lapic_id[0x00] enabled)
[    0.000000] ACPI: LAPIC_NMI (acpi_id[0xff] dfl dfl lint[0x1])
[    0.000000] ACPI: IOAPIC (id[0x00] address[0xfec00000] gsi_base[0])
[    0.000000] IOAPIC[0]: apic_id 0, version 17, address 0xfec00000, GSI 0-23
[    0.000000] ACPI: INT_SRC_OVR (bus 0 bus_irq 0 global_irq 2 dfl dfl)
[    0.000000] ACPI: INT_SRC_OVR (bus 0 bus_irq 5 global_irq 5 high level)
[    0.000000] ACPI: INT_SRC_OVR (bus 0 bus_irq 9 global_irq 9 high level)
[    0.000000] ACPI: INT_SRC_OVR (bus 0 bus_irq 10 global_irq 10 high level)
[    0.000000] ACPI: INT_SRC_OVR (bus 0 bus_irq 11 global_irq 11 high level)
[    0.000000] Using ACPI (MADT) for SMP configuration information
[    0.000000] ACPI: HPET id: 0x8086a201 base: 0xfed00000
[    0.000000] SMP: Allowing 1 CPUs, 0 hotplug CPUs
[    0.000000] PM: Registered nosave memory: 000000000009f000 - 00000000000a0000
[    0.000000] PM: Registered nosave memory: 00000000000a0000 - 00000000000f0000
[    0.000000] PM: Registered nosave memory: 00000000000f0000 - 0000000000100000
[    0.000000] Allocating PCI resources starting at 4000000 (gap: 4000000:fbfc0000)
[    0.000000] Booting paravirtualized kernel on bare hardware
[    0.000000] setup_percpu: NR_CPUS:64 nr_cpumask_bits:64 nr_cpu_ids:1 nr_node_ids:1
[    0.000000] PERCPU: Embedded 27 pages/cpu @ffff880003a00000 s78848 r8192 d23552 u2097152
[    0.000000] Built 1 zonelists in Node order, mobility grouping on.  Total pages: 16008
[    0.000000] Policy zone: DMA32
[    0.000000] Kernel command line: root=/dev/vda console=tty0 console=ttyS0 no_timer_check
[    0.000000] PID hash table entries: 256 (order: -1, 2048 bytes)
[    0.000000] Checking aperture...
[    0.000000] No AGP bridge found
[    0.000000] Memory: 43492k/65528k available (6576k kernel code, 452k absent, 21584k reserved, 6620k data, 928k init)
[    0.000000] SLUB: Genslabs=15, HWalign=64, Order=0-3, MinObjects=0, CPUs=1, Nodes=1
[    0.000000] Hierarchical RCU implementation.
[    0.000000] 	RCU dyntick-idle grace-period acceleration is enabled.
[    0.000000] NR_IRQS:4352 nr_irqs:256 16
[    0.000000] Console: colour VGA+ 80x25
[    0.000000] console [tty0] enabled
[    0.000000] console [ttyS0] enabled
[    0.000000] allocated 1048576 bytes of page_cgroup
[    0.000000] please try 'cgroup_disable=memory' option if you don't want memory cgroups
[    0.000000] Fast TSC calibration failed
[    0.000000] TSC: Unable to calibrate against PIT
[    0.000000] TSC: using HPET reference calibration
[    0.000000] Detected 2293.211 MHz processor.
[    0.032896] Calibrating delay loop (skipped), value calculated using timer frequency.. 4586.42 BogoMIPS (lpj=9172844)
[    0.034948] pid_max: default: 32768 minimum: 301
[    0.043835] Security Framework initialized
[    0.046277] AppArmor: AppArmor initialized
[    0.048142] Yama: becoming mindful.
[    0.057281] Dentry cache hash table entries: 8192 (order: 4, 65536 bytes)
[    0.058805] Inode-cache hash table entries: 4096 (order: 3, 32768 bytes)
[    0.061046] Mount-cache hash table entries: 256
[    0.080386] Initializing cgroup subsys cpuacct
[    0.081317] Initializing cgroup subsys memory
[    0.082729] Initializing cgroup subsys devices
[    0.084197] Initializing cgroup subsys freezer
[    0.084933] Initializing cgroup subsys blkio
[    0.085868] Initializing cgroup subsys perf_event
[    0.089982] mce: CPU supports 10 MCE banks
[    0.094320] SMP alternatives: switching to UP code
[    0.496030] Freeing SMP alternatives: 24k freed
[    0.497371] ACPI: Core revision 20110623
[    0.559426] ftrace: allocating 26610 entries in 105 pages
[    0.595040] ..TIMER: vector=0x30 apic1=0 pin1=2 apic2=-1 pin2=-1
[    0.596170] CPU0: AMD QEMU Virtual CPU version 2.0.0 stepping 03
[    0.600036] Performance Events: Broken PMU hardware detected, using software events only.
[    0.617982] NMI watchdog disabled (cpu0): hardware events not enabled
[    0.620792] Brought up 1 CPUs
[    0.621303] Total of 1 processors activated (4586.42 BogoMIPS).
[    0.646700] devtmpfs: initialized
[    0.680245] EVM: security.selinux
[    0.680727] EVM: security.SMACK64
[    0.681156] EVM: security.capability
[    0.702780] print_constraints: dummy: 
[    0.705203] RTC time:  4:43:02, date: 12/25/15
[    0.708879] NET: Registered protocol family 16
[    0.723126] ACPI: bus type pci registered
[    0.728095] PCI: Using configuration type 1 for base access
[    0.763427] bio: create slab &lt;bio-0&gt; at 0
[    0.772225] ACPI: Added _OSI(Module Device)
[    0.772776] ACPI: Added _OSI(Processor Device)
[    0.773488] ACPI: Added _OSI(3.0 _SCP Extensions)
[    0.774536] ACPI: Added _OSI(Processor Aggregator Device)
[    0.853646] ACPI: Interpreter enabled
[    0.854377] ACPI: (supports S0 S3 S4 S5)
[    0.857057] ACPI: Using IOAPIC for interrupt routing
[    0.945468] ACPI: No dock devices found.
[    0.946227] HEST: Table not found.
[    0.946785] PCI: Using host bridge windows from ACPI; if necessary, use "pci=nocrs" and report a bug
[    0.953691] ACPI: PCI Root Bridge [PCI0] (domain 0000 [bus 00-ff])
[    0.959243] pci_root PNP0A03:00: host bridge window [io  0x0000-0x0cf7]
[    0.960159] pci_root PNP0A03:00: host bridge window [io  0x0d00-0xadff]
[    0.961054] pci_root PNP0A03:00: host bridge window [io  0xae0f-0xaeff]
[    0.961910] pci_root PNP0A03:00: host bridge window [io  0xaf20-0xafdf]
[    0.964111] pci_root PNP0A03:00: host bridge window [io  0xafe4-0xffff]
[    0.964988] pci_root PNP0A03:00: host bridge window [mem 0x000a0000-0x000bffff]
[    0.965983] pci_root PNP0A03:00: host bridge window [mem 0x04000000-0xfebfffff]
[    0.989794] pci 0000:00:01.3: quirk: [io  0xb000-0xb03f] claimed by PIIX4 ACPI
[    0.990784] pci 0000:00:01.3: quirk: [io  0xb100-0xb10f] claimed by PIIX4 SMB
[    1.064947]  pci0000:00: Unable to request _OSC control (_OSC support mask: 0x1e)
[    1.129879] ACPI: PCI Interrupt Link [LNKA] (IRQs 5 *10 11)
[    1.133694] ACPI: PCI Interrupt Link [LNKB] (IRQs 5 *10 11)
[    1.137174] ACPI: PCI Interrupt Link [LNKC] (IRQs 5 10 *11)
[    1.139313] ACPI: PCI Interrupt Link [LNKD] (IRQs 5 10 *11)
[    1.141085] ACPI: PCI Interrupt Link [LNKS] (IRQs *9)
[    1.154260] vgaarb: device added: PCI:0000:00:02.0,decodes=io+mem,owns=io+mem,locks=none
[    1.156254] vgaarb: loaded
[    1.156774] vgaarb: bridge control possible 0000:00:02.0
[    1.161514] i2c-core: driver [aat2870] using legacy suspend method
[    1.162345] i2c-core: driver [aat2870] using legacy resume method
[    1.165422] SCSI subsystem initialized
[    1.169338] usbcore: registered new interface driver usbfs
[    1.170606] usbcore: registered new interface driver hub
[    1.172667] usbcore: registered new device driver usb
[    1.176723] PCI: Using ACPI for IRQ routing
[    1.188764] NetLabel: Initializing
[    1.189271] NetLabel:  domain hash size = 128
[    1.189850] NetLabel:  protocols = UNLABELED CIPSOv4
[    1.192859] NetLabel:  unlabeled traffic allowed by default
[    1.195007] HPET: 3 timers in total, 0 timers will be used for per-cpu timer
[    1.196460] hpet0: at MMIO 0xfed00000, IRQs 2, 8, 0
[    1.197495] hpet0: 3 comparators, 64-bit 100.000000 MHz counter
[    1.206491] Switching to clocksource hpet
[    1.479305] AppArmor: AppArmor Filesystem Enabled
[    1.481643] pnp: PnP ACPI init
[    1.482383] ACPI: bus type pnp registered
[    1.513581] pnp: PnP ACPI: found 9 devices
[    1.514316] ACPI: ACPI bus type pnp unregistered
[    1.582705] NET: Registered protocol family 2
[    1.623475] IP route cache hash table entries: 512 (order: 0, 4096 bytes)
[    1.630825] TCP established hash table entries: 2048 (order: 3, 32768 bytes)
[    1.631975] TCP bind hash table entries: 2048 (order: 3, 32768 bytes)
[    1.633730] TCP: Hash tables configured (established 2048 bind 2048)
[    1.634578] TCP reno registered
[    1.635131] UDP hash table entries: 128 (order: 0, 4096 bytes)
[    1.638209] UDP-Lite hash table entries: 128 (order: 0, 4096 bytes)
[    1.643245] NET: Registered protocol family 1
[    1.644562] pci 0000:00:00.0: Limiting direct PCI/PCI transfers
[    1.646768] pci 0000:00:01.0: PIIX3: Enabling Passive Release
[    1.648204] pci 0000:00:01.0: Activating ISA DMA hang workarounds
[    1.656207] ACPI: PCI Interrupt Link [LNKD] enabled at IRQ 11
[    1.658702] pci 0000:00:01.2: PCI INT D -&gt; Link[LNKD] -&gt; GSI 11 (level, high) -&gt; IRQ 11
[    1.661564] pci 0000:00:01.2: PCI INT D disabled
[    1.681744] Trying to unpack rootfs image as initramfs...
[    1.702435] audit: initializing netlink socket (disabled)
[    1.705296] type=2000 audit(1451018582.700:1): initialized
[    1.963517] HugeTLB registered 2 MB page size, pre-allocated 0 pages
[    2.054038] VFS: Disk quotas dquot_6.5.2
[    2.057599] Dquot-cache hash table entries: 512 (order 0, 4096 bytes)
[    2.082374] fuse init (API version 7.17)
[    2.086090] msgmni has been set to 84
[    2.126423] Block layer SCSI generic (bsg) driver version 0.4 loaded (major 253)
[    2.127924] io scheduler noop registered
[    2.129785] io scheduler deadline registered (default)
[    2.131093] io scheduler cfq registered
[    2.135164] pci_hotplug: PCI Hot Plug PCI Core version: 0.5
[    2.138609] pciehp: PCI Express Hot Plug Controller Driver version: 0.4
[    2.145311] input: Power Button as /devices/LNXSYSTM:00/LNXPWRBN:00/input/input0
[    2.147004] ACPI: Power Button [PWRF]
[    2.214306] ERST: Table is not found!
[    2.215685] GHES: HEST is not enabled!
[    2.226534] ACPI: PCI Interrupt Link [LNKC] enabled at IRQ 10
[    2.227321] virtio-pci 0000:00:03.0: PCI INT A -&gt; Link[LNKC] -&gt; GSI 10 (level, high) -&gt; IRQ 10
[    2.231825] virtio-pci 0000:00:04.0: PCI INT A -&gt; Link[LNKD] -&gt; GSI 11 (level, high) -&gt; IRQ 11
[    2.252862] ACPI: PCI Interrupt Link [LNKA] enabled at IRQ 10
[    2.254181] virtio-pci 0000:00:05.0: PCI INT A -&gt; Link[LNKA] -&gt; GSI 10 (level, high) -&gt; IRQ 10
[    2.266642] Serial: 8250/16550 driver, 32 ports, IRQ sharing enabled
[    2.315497] serial8250: ttyS0 at I/O 0x3f8 (irq = 4) is a 16550A
[    2.410938] serial8250: ttyS1 at I/O 0x2f8 (irq = 3) is a 16550A
[    2.530728] 00:05: ttyS0 at I/O 0x3f8 (irq = 4) is a 16550A
[    2.617695] 00:06: ttyS1 at I/O 0x2f8 (irq = 3) is a 16550A
[    2.665801] Refined TSC clocksource calibration: 2293.237 MHz.
[    2.666815] Switching to clocksource tsc
[    2.671073] Linux agpgart interface v0.103
[    2.735561] brd: module loaded
[    2.767443] loop: module loaded
[    2.832270]  vda: unknown partition table
[    2.886676] scsi0 : ata_piix
[    2.890260] scsi1 : ata_piix
[    2.891527] ata1: PATA max MWDMA2 cmd 0x1f0 ctl 0x3f6 bmdma 0xc0a0 irq 14
[    2.893428] ata2: PATA max MWDMA2 cmd 0x170 ctl 0x376 bmdma 0xc0a8 irq 15
[    2.903415] Fixed MDIO Bus: probed
[    2.904413] tun: Universal TUN/TAP device driver, 1.6
[    2.905507] tun: (C) 1999-2004 Max Krasnyansky &lt;maxk@qualcomm.com&gt;
[    2.919553] PPP generic driver version 2.4.2
[    2.947829] ehci_hcd: USB 2.0 'Enhanced' Host Controller (EHCI) Driver
[    2.949956] ohci_hcd: USB 1.1 'Open' Host Controller (OHCI) Driver
[    2.950857] uhci_hcd: USB Universal Host Controller Interface driver
[    2.951795] uhci_hcd 0000:00:01.2: PCI INT D -&gt; Link[LNKD] -&gt; GSI 11 (level, high) -&gt; IRQ 11
[    2.955207] uhci_hcd 0000:00:01.2: UHCI Host Controller
[    2.966183] uhci_hcd 0000:00:01.2: new USB bus registered, assigned bus number 1
[    2.967862] uhci_hcd 0000:00:01.2: irq 11, io base 0x0000c040
[    2.995958] hub 1-0:1.0: USB hub found
[    2.998795] hub 1-0:1.0: 2 ports detected
[    3.005445] usbcore: registered new interface driver libusual
[    3.009349] i8042: PNP: PS/2 Controller [PNP0303:KBD,PNP0f13:MOU] at 0x60,0x64 irq 1,12
[    3.018310] serio: i8042 KBD port at 0x60,0x64 irq 1
[    3.020780] serio: i8042 AUX port at 0x60,0x64 irq 12
[    3.063345] mousedev: PS/2 mouse device common for all mice
[    3.074311] input: AT Translated Set 2 keyboard as /devices/platform/i8042/serio0/input/input1
[    3.093559] rtc_cmos 00:01: RTC can wake from S4
[    3.107405] rtc_cmos 00:01: rtc core: registered rtc_cmos as rtc0
[    3.113376] rtc0: alarms up to one day, 114 bytes nvram, hpet irqs
[    3.121286] device-mapper: uevent: version 1.0.3
[    3.135517] ata2.01: ATAPI: QEMU DVD-ROM, 2.0.0, max UDMA/100
[    3.154334] ata2.01: configured for MWDMA2
[    3.159154] device-mapper: ioctl: 4.22.0-ioctl (2011-10-19) initialised: dm-devel@redhat.com
[    3.163711] cpuidle: using governor ladder
[    3.165656] cpuidle: using governor menu
[    3.167191] EFI Variables Facility v0.08 2004-May-17
[    3.180499] TCP cubic registered
[    3.184936] NET: Registered protocol family 10
[    3.229317] NET: Registered protocol family 17
[    3.230787] Registering the dns_resolver key type
[    3.267046] scsi 1:0:1:0: CD-ROM            QEMU     QEMU DVD-ROM     2.0. PQ: 0 ANSI: 5
[    3.303786] sr0: scsi3-mmc drive: 4x/4x cd/rw xa/form2 tray
[    3.307505] cdrom: Uniform CD-ROM driver Revision: 3.20
[    3.336432] sr 1:0:1:0: Attached scsi generic sg0 type 5
[    3.381319] registered taskstats version 1
[    3.425662] Freeing initrd memory: 3656k freed
[    3.902543]   Magic number: 11:23:718
[    3.918685] rtc_cmos 00:01: setting system clock to 2015-12-25 04:43:05 UTC (1451018585)
[    3.921620] powernow-k8: Processor cpuid 663 not supported
[    3.928119] BIOS EDD facility v0.16 2004-Jun-25, 0 devices found
[    3.930766] EDD information not available.
[    4.004088] Freeing unused kernel memory: 928k freed
[    4.010218] Write protecting the kernel read-only data: 12288k
[    4.122698] Freeing unused kernel memory: 1596k freed
[    4.181961] Freeing unused kernel memory: 1184k freed

info: initramfs: up at 4.35
modprobe: module virtio_blk not found in modules.dep
modprobe: module virtio_net not found in modules.dep
info: copying initramfs to /dev/vda
info: initramfs loading root from /dev/vda
info: /etc/init.d/rc.sysinit: up at 9.04
info: container: none
Starting logging: OK
modprobe: module virtio_blk not found in modules.dep
modprobe: module virtio_net not found in modules.dep
WARN: /etc/rc3.d/S10-load-modules failed
Initializing random number generator... done.
Starting acpid: OK
cirros-ds 'local' up at 11.70
found datasource (configdrive, local)
Starting network...
udhcpc (v1.20.1) started
Sending discover...
Sending discover...
Sending discover...
Usage: /sbin/cirros-dhcpc &lt;up|down&gt;
No lease, failing
WARN: /etc/rc3.d/S40-network failed
Starting dropbear sshd: generating rsa key... generating dsa key... OK
no userdata for datasource
=== system information ===
Platform: OpenStack Foundation OpenStack Nova
Container: none
Arch: x86_64
CPU(s): 1 @ 2293.211 MHz
Cores/Sockets/Threads: 1/1/1
Virt-type: AMD-V
RAM Size: 49MB
Disks:
NAME MAJ:MIN     SIZE LABEL         MOUNTPOINT
vda  253:0   25165824 cirros-rootfs /
sr0   11:0     428032 config-2      
=== sshd host keys ===
-----BEGIN SSH HOST KEY KEYS-----
ssh-rsa AAAAB3NzaC1yc2EAAAADAQABAAAAgwCDlsMpxM6f/1/z59FOQdzqfAXIo9BH08CUTpwR0aVHeqTmIW7eOutRZGMW73eajR3Di7lw5LlVp6CdJg+LO8C3mRNiltaj4bw281YKu9k97COWbvFT4kfHGQw1CClqEpOEVzzy6d4XUr25flT6T9bJiOypN0UWptcmDJOg4ImsjAyH root@tempest
ssh-dss AAAAB3NzaC1kc3MAAACBANVSDUqDOzFxnShAjbLnNf6kiG+Ha5ZQ5g3/Z/A8XXcmd+oOyf8GCpDUq6mkuP08MazHeN5rMpFwiCN56IkMGPTYkc76+kjuqJPeOWBf8toOnQjKbOM9hIX4m2cYi6+E90Htc8S/mglQcCeqOXSpfgi3F93Tb6iMQ2ohi56ejNbhAAAAFQDAvxs/chTw3TK2x/fgtbKJYQS/8wAAAIAWdcu4PBMqM71a28BgRjmx8IBGQSFCRBlPTCKY1r9HgCmK+gPPd7Y6nBEUVJq7da3ODKjHZGLEWHaANeVTvGNHp5iuVEtkGAbwxHH7vDR5NUW3HKHeF/AO2UciPE09Uvpla/m/ddYd34yAlkcZ/QyrcinNt6r0N+oToorPTLFeugAAAIAfzB1vLpXLIvye9zhei9huhSgvEjVsZXuVx9Xb6KCtlkc5B9ADQS4Fo20mLC2q7N43QnZLTFtAmjDYSBchufkdWD5wlOnS8ENuak9+vtD5GfliNujpx5iq+n9K9Scjx/MhmaAeWG9kRsyIG2pms1Zj3pCXsMrKKz0FWIITUnLEIw== root@tempest
-----END SSH HOST KEY KEYS-----
=== network info ===
if-info: lo,up,127.0.0.1,8,::1
if-info: eth0,up,,8,fe80::f816:3eff:fe50:3b4e
=== datasource: configdrive local ===
instance-id: 4dee6102-cc74-4bd5-a883-2c69728558f6
name: tempest.common.compute-instance-758027526
availability-zone: nova
local-hostname: tempest.common.compute-instance-758027526.novalocal
launch-index: 0
=== cirros: current=0.3.4 uptime=201.85 ===
route: fscanf
=== pinging gateway failed, debugging connection ===
############ debug start ##############
### /etc/init.d/sshd start
Starting dropbear sshd: OK
route: fscanf
### ifconfig -a
eth0      Link encap:Ethernet  HWaddr FA:16:3E:50:3B:4E  
          inet6 addr: fe80::f816:3eff:fe50:3b4e/64 Scope:Link
          UP BROADCAST RUNNING MULTICAST  MTU:1500  Metric:1
          RX packets:13 errors:0 dropped:6 overruns:0 frame:0
          TX packets:8 errors:0 dropped:0 overruns:0 carrier:0
          collisions:0 txqueuelen:1000 
          RX bytes:1404 (1.3 KiB)  TX bytes:1134 (1.1 KiB)

lo        Link encap:Local Loopback  
          inet addr:127.0.0.1  Mask:255.0.0.0
          inet6 addr: ::1/128 Scope:Host
          UP LOOPBACK RUNNING  MTU:16436  Metric:1
          RX packets:12 errors:0 dropped:0 overruns:0 frame:0
          TX packets:12 errors:0 dropped:0 overruns:0 carrier:0
          collisions:0 txqueuelen:0 
          RX bytes:1020 (1020.0 B)  TX bytes:1020 (1020.0 B)

### route -n
Kernel IP routing table
Destination     Gateway         Genmask         Flags Metric Ref    Use Iface
route: fscanf
### cat /etc/resolv.conf
cat: can't open '/etc/resolv.conf': No such file or directory
### gateway not found
/sbin/cirros-status: line 1: can't open /etc/resolv.conf: no such file
### pinging nameservers
### uname -a
Linux tempest 3.2.0-80-virtual #116-Ubuntu SMP Mon Mar 23 17:28:52 UTC 2015 x86_64 GNU/Linux
### lsmod
Module                  Size  Used by    Not tainted
nls_iso8859_1          12713  0 
nls_cp437              16991  0 
vfat                   17585  0 
fat                    61512  1 vfat
isofs                  40259  0 
ip_tables              27473  0 
x_tables               29891  1 ip_tables
pcnet32                42119  0 
8139cp                 27360  0 
ne2k_pci               13691  0 
8390                   18856  1 ne2k_pci
e1000                 108589  0 
acpiphp                24231  0 
### dmesg | tail
[    5.119319] EXT3-fs (vda): mounted filesystem with ordered data mode
[    5.403260] ISO 9660 Extensions: Microsoft Joliet Level 3
[    5.476999] ISO 9660 Extensions: RRIP_1991A
[    5.729353] kjournald starting.  Commit interval 5 seconds
[    5.744969] EXT3-fs (vda): using internal journal
[    5.746087] EXT3-fs (vda): mounted filesystem with ordered data mode
[    9.097651] EXT3-fs (vda): using internal journal
[   12.540861] ISO 9660 Extensions: Microsoft Joliet Level 3
[   12.663850] ISO 9660 Extensions: RRIP_1991A
[   26.875159] eth0: no IPv6 routers present
### tail -n 25 /var/log/messages
Dec 25 04:43:12 cirros kern.info kernel: [    4.618216] acpiphp: Slot [24] registered
Dec 25 04:43:12 cirros kern.info kernel: [    4.618255] acpiphp: Slot [25] registered
Dec 25 04:43:12 cirros kern.info kernel: [    4.618612] acpiphp: Slot [26] registered
Dec 25 04:43:12 cirros kern.info kernel: [    4.618912] acpiphp: Slot [27] registered
Dec 25 04:43:12 cirros kern.info kernel: [    4.619207] acpiphp: Slot [28] registered
Dec 25 04:43:12 cirros kern.info kernel: [    4.619588] acpiphp: Slot [29] registered
Dec 25 04:43:12 cirros kern.info kernel: [    4.619886] acpiphp: Slot [30] registered
Dec 25 04:43:12 cirros kern.info kernel: [    4.620179] acpiphp: Slot [31] registered
Dec 25 04:43:12 cirros kern.info kernel: [    4.670738] e1000: Intel(R) PRO/1000 Network Driver - version 7.3.21-k8-NAPI
Dec 25 04:43:12 cirros kern.info kernel: [    4.670793] e1000: Copyright (c) 1999-2006 Intel Corporation.
Dec 25 04:43:12 cirros kern.info kernel: [    4.709346] ne2k-pci.c:v1.03 9/22/2003 D. Becker/P. Gortmaker
Dec 25 04:43:12 cirros kern.info kernel: [    4.746012] 8139cp: 8139cp: 10/100 PCI Ethernet driver v1.3 (Mar 22, 2004)
Dec 25 04:43:12 cirros kern.info kernel: [    4.780906] pcnet32: pcnet32.c:v1.35 21.Apr.2008 tsbogend@alpha.franken.de
Dec 25 04:43:12 cirros kern.info kernel: [    4.825074] ip_tables: (C) 2000-2006 Netfilter Core Team
Dec 25 04:43:12 cirros kern.info kernel: [    5.106876] kjournald starting.  Commit interval 5 seconds
Dec 25 04:43:12 cirros kern.info kernel: [    5.119319] EXT3-fs (vda): mounted filesystem with ordered data mode
Dec 25 04:43:12 cirros kern.debug kernel: [    5.403260] ISO 9660 Extensions: Microsoft Joliet Level 3
Dec 25 04:43:12 cirros kern.debug kernel: [    5.476999] ISO 9660 Extensions: RRIP_1991A
Dec 25 04:43:12 cirros kern.info kernel: [    5.729353] kjournald starting.  Commit interval 5 seconds
Dec 25 04:43:12 cirros kern.info kernel: [    5.744969] EXT3-fs (vda): using internal journal
Dec 25 04:43:14 cirros kern.debug kernel: [   12.540861] ISO 9660 Extensions: Microsoft Joliet Level 3
Dec 25 04:43:14 cirros kern.debug kernel: [   12.663850] ISO 9660 Extensions: RRIP_1991A
Dec 25 04:43:17 cirros auth.notice su: + /dev/console root:cirros
Dec 25 04:43:28 cirros kern.debug kernel: [   26.875159] eth0: no IPv6 routers present
Dec 25 04:46:21 cirros authpriv.info dropbear[283]: Running in background
############ debug end   ##############
  ____               ____  ____
 / __/ __ ____ ____ / __ \/ __/
/ /__ / // __// __// /_/ /\ \ 
\___//_//_/  /_/   \____/___/ 
   http://cirros-cloud.net


login as 'cirros' user. default password: 'cubswin:)'. use 'sudo' for root.
tempest login: 
2015-12-25 04:48:05,881 21172 INFO     [tempest_lib.common.rest_client] Request (TestGettingAddress:_run_cleanups): 204 DELETE http://10.0.2.15:9696/v2.0/floatingips/7bf98f62-f855-4a88-915e-df8fc71e7dd0 0.433s
2015-12-25 04:48:05,882 21172 DEBUG    [tempest_lib.common.rest_client] Request - Headers: {'Content-Type': 'application/json', 'Accept': 'application/json', 'X-Auth-Token': '&lt;omitted&gt;'}
        Body: None
    Response - Headers: {'date': 'Fri, 25 Dec 2015 04:48:05 GMT', 'status': '204', 'connection': 'close', 'content-length': '0', 'x-openstack-request-id': 'req-121548be-fb4f-43c3-bae0-935ab6cfc5ef'}
        Body: 
2015-12-25 04:48:06,116 21172 INFO     [tempest_lib.common.rest_client] Request (TestGettingAddress:_run_cleanups): 204 DELETE http://10.0.2.15:8774/v2.1/0a7627639d8e4ef192724e5c770d673e/servers/4dee6102-cc74-4bd5-a883-2c69728558f6 0.233s
2015-12-25 04:48:06,116 21172 DEBUG    [tempest_lib.common.rest_client] Request - Headers: {'Content-Type': 'application/json', 'Accept': 'application/json', 'X-Auth-Token': '&lt;omitted&gt;'}
        Body: None
    Response - Headers: {'status': '204', 'content-length': '0', 'x-compute-request-id': 'req-581579a5-a38e-420d-a7f4-e98171be999b', 'vary': 'X-OpenStack-Nova-API-Version', 'connection': 'close', 'x-openstack-nova-api-version': '2.1', 'date': 'Fri, 25 Dec 2015 04:48:06 GMT', 'content-type': 'application/json'}
        Body: 
2015-12-25 04:48:06,471 21172 INFO     [tempest_lib.common.rest_client] Request (TestGettingAddress:_run_cleanups): 200 GET http://10.0.2.15:8774/v2.1/0a7627639d8e4ef192724e5c770d673e/servers/4dee6102-cc74-4bd5-a883-2c69728558f6 0.354s
2015-12-25 04:48:06,471 21172 DEBUG    [tempest_lib.common.rest_client] Request - Headers: {'Content-Type': 'application/json', 'Accept': 'application/json', 'X-Auth-Token': '&lt;omitted&gt;'}
        Body: None
    Response - Headers: {'status': '200', 'content-length': '1902', 'content-location': 'http://10.0.2.15:8774/v2.1/0a7627639d8e4ef192724e5c770d673e/servers/4dee6102-cc74-4bd5-a883-2c69728558f6', 'x-compute-request-id': 'req-44bd454b-61d4-4c9d-8b49-c5208f718993', 'vary': 'X-OpenStack-Nova-API-Version', 'connection': 'close', 'x-openstack-nova-api-version': '2.1', 'date': 'Fri, 25 Dec 2015 04:48:06 GMT', 'content-type': 'application/json'}
        Body: {"server": {"status": "ACTIVE", "updated": "2015-12-25T04:48:06Z", "hostId": "9f6044d8ad5a6b9bc752bbee247d0324b5f591242b29da72f8e65d04", "addresses": {"tempest-network-smoke--624125641": [{"OS-EXT-IPS-MAC:mac_addr": "fa:16:3e:50:3b:4e", "version": 6, "addr": "2003::f816:3eff:fe50:3b4e", "OS-EXT-IPS:type": "fixed"}, {"OS-EXT-IPS-MAC:mac_addr": "fa:16:3e:50:3b:4e", "version": 4, "addr": "10.100.0.3", "OS-EXT-IPS:type": "fixed"}, {"OS-EXT-IPS-MAC:mac_addr": "fa:16:3e:50:3b:4e", "version": 4, "addr": "172.24.4.4", "OS-EXT-IPS:type": "floating"}]}, "links": [{"href": "http://10.0.2.15:8774/v2.1/0a7627639d8e4ef192724e5c770d673e/servers/4dee6102-cc74-4bd5-a883-2c69728558f6", "rel": "self"}, {"href": "http://10.0.2.15:8774/0a7627639d8e4ef192724e5c770d673e/servers/4dee6102-cc74-4bd5-a883-2c69728558f6", "rel": "bookmark"}], "key_name": "tempest-TestGettingAddress-1995628576", "image": {"id": "b0b83b7e-f067-41e6-9cc5-7cb0d9ab161f", "links": [{"href": "http://10.0.2.15:8774/0a7627639d8e4ef192724e5c770d673e/images/b0b83b7e-f067-41e6-9cc5-7cb0d9ab161f", "rel": "bookmark"}]}, "OS-EXT-STS:task_state": "deleting", "OS-EXT-STS:vm_state": "active", "OS-SRV-USG:launched_at": "2015-12-25T04:42:59.000000", "flavor": {"id": "42", "links": [{"href": "http://10.0.2.15:8774/0a7627639d8e4ef192724e5c770d673e/flavors/42", "rel": "bookmark"}]}, "id": "4dee6102-cc74-4bd5-a883-2c69728558f6", "security_groups": [{"name": "tempest-secgroup-smoke-885820577"}], "OS-SRV-USG:terminated_at": null, "OS-EXT-AZ:availability_zone": "nova", "user_id": "4e87027351ec403c8c1edaab1d000f6c", "name": "tempest.common.compute-instance-758027526", "created": "2015-12-25T04:42:55Z", "tenant_id": "0a7627639d8e4ef192724e5c770d673e", "OS-DCF:diskConfig": "MANUAL", "os-extended-volumes:volumes_attached": [], "accessIPv4": "", "accessIPv6": "", "progress": 0, "OS-EXT-STS:power_state": 1, "config_drive": "True", "metadata": {}}}
2015-12-25 04:48:07,742 21172 INFO     [tempest_lib.common.rest_client] Request (TestGettingAddress:_run_cleanups): 200 GET http://10.0.2.15:8774/v2.1/0a7627639d8e4ef192724e5c770d673e/servers/4dee6102-cc74-4bd5-a883-2c69728558f6 0.260s
2015-12-25 04:48:07,744 21172 DEBUG    [tempest_lib.common.rest_client] Request - Headers: {'Content-Type': 'application/json', 'Accept': 'application/json', 'X-Auth-Token': '&lt;omitted&gt;'}
        Body: None
    Response - Headers: {'status': '200', 'content-length': '1444', 'content-location': 'http://10.0.2.15:8774/v2.1/0a7627639d8e4ef192724e5c770d673e/servers/4dee6102-cc74-4bd5-a883-2c69728558f6', 'x-compute-request-id': 'req-a33a5bcc-5cb3-4f23-9586-7593c883c12d', 'vary': 'X-OpenStack-Nova-API-Version', 'connection': 'close', 'x-openstack-nova-api-version': '2.1', 'date': 'Fri, 25 Dec 2015 04:48:07 GMT', 'content-type': 'application/json'}
        Body: {"server": {"status": "DELETED", "updated": "2015-12-25T04:48:07Z", "hostId": "9f6044d8ad5a6b9bc752bbee247d0324b5f591242b29da72f8e65d04", "addresses": {}, "links": [{"href": "http://10.0.2.15:8774/v2.1/0a7627639d8e4ef192724e5c770d673e/servers/4dee6102-cc74-4bd5-a883-2c69728558f6", "rel": "self"}, {"href": "http://10.0.2.15:8774/0a7627639d8e4ef192724e5c770d673e/servers/4dee6102-cc74-4bd5-a883-2c69728558f6", "rel": "bookmark"}], "key_name": "tempest-TestGettingAddress-1995628576", "image": {"id": "b0b83b7e-f067-41e6-9cc5-7cb0d9ab161f", "links": [{"href": "http://10.0.2.15:8774/0a7627639d8e4ef192724e5c770d673e/images/b0b83b7e-f067-41e6-9cc5-7cb0d9ab161f", "rel": "bookmark"}]}, "OS-EXT-STS:task_state": null, "OS-EXT-STS:vm_state": "deleted", "OS-SRV-USG:launched_at": "2015-12-25T04:42:59.000000", "flavor": {"id": "42", "links": [{"href": "http://10.0.2.15:8774/0a7627639d8e4ef192724e5c770d673e/flavors/42", "rel": "bookmark"}]}, "id": "4dee6102-cc74-4bd5-a883-2c69728558f6", "OS-SRV-USG:terminated_at": "2015-12-25T04:48:07.000000", "OS-EXT-AZ:availability_zone": "nova", "user_id": "4e87027351ec403c8c1edaab1d000f6c", "name": "tempest.common.compute-instance-758027526", "created": "2015-12-25T04:42:55Z", "tenant_id": "0a7627639d8e4ef192724e5c770d673e", "OS-DCF:diskConfig": "MANUAL", "os-extended-volumes:volumes_attached": [], "accessIPv4": "", "accessIPv6": "", "OS-EXT-STS:power_state": 0, "config_drive": "True", "metadata": {}}}
2015-12-25 04:48:08,839 21172 INFO     [tempest_lib.common.rest_client] Request (TestGettingAddress:_run_cleanups): 404 GET http://10.0.2.15:8774/v2.1/0a7627639d8e4ef192724e5c770d673e/servers/4dee6102-cc74-4bd5-a883-2c69728558f6 0.083s
2015-12-25 04:48:08,839 21172 DEBUG    [tempest_lib.common.rest_client] Request - Headers: {'Content-Type': 'application/json', 'Accept': 'application/json', 'X-Auth-Token': '&lt;omitted&gt;'}
        Body: None
    Response - Headers: {'status': '404', 'content-length': '111', 'x-compute-request-id': 'req-f2a67a23-237c-485f-81b6-8abc10f1eb2a', 'vary': 'X-OpenStack-Nova-API-Version', 'connection': 'close', 'x-openstack-nova-api-version': '2.1', 'date': 'Fri, 25 Dec 2015 04:48:08 GMT', 'content-type': 'application/json; charset=UTF-8'}
        Body: {"itemNotFound": {"message": "Instance 4dee6102-cc74-4bd5-a883-2c69728558f6 could not be found.", "code": 404}}
2015-12-25 04:48:09,336 21172 INFO     [tempest_lib.common.rest_client] Request (TestGettingAddress:_run_cleanups): 200 PUT http://10.0.2.15:9696/v2.0/routers/3dd40465-d287-484d-8e21-2d66299fe420/remove_router_interface 0.495s
2015-12-25 04:48:09,337 21172 DEBUG    [tempest_lib.common.rest_client] Request - Headers: {'Content-Type': 'application/json', 'Accept': 'application/json', 'X-Auth-Token': '&lt;omitted&gt;'}
        Body: {"subnet_id": "b0357e35-4f65-47c5-b610-a8098ec1aa48"}
    Response - Headers: {'status': '200', 'content-length': '255', 'connection': 'close', 'date': 'Fri, 25 Dec 2015 04:48:09 GMT', 'content-type': 'application/json; charset=UTF-8', 'x-openstack-request-id': 'req-83647cf2-1793-4378-86b5-0975434f6e6e'}
        Body: {"subnet_id": "b0357e35-4f65-47c5-b610-a8098ec1aa48", "tenant_id": "0a7627639d8e4ef192724e5c770d673e", "subnet_ids": ["b0357e35-4f65-47c5-b610-a8098ec1aa48"], "port_id": "4c0c0123-fa76-45fc-8562-c3136d3da998", "id": "3dd40465-d287-484d-8e21-2d66299fe420"}
2015-12-25 04:48:09,787 21172 INFO     [tempest_lib.common.rest_client] Request (TestGettingAddress:_run_cleanups): 204 DELETE http://10.0.2.15:9696/v2.0/subnets/b0357e35-4f65-47c5-b610-a8098ec1aa48 0.448s
2015-12-25 04:48:09,788 21172 DEBUG    [tempest_lib.common.rest_client] Request - Headers: {'Content-Type': 'application/json', 'Accept': 'application/json', 'X-Auth-Token': '&lt;omitted&gt;'}
        Body: None
    Response - Headers: {'date': 'Fri, 25 Dec 2015 04:48:09 GMT', 'status': '204', 'connection': 'close', 'content-length': '0', 'x-openstack-request-id': 'req-74188ab4-b123-4082-9e84-d5196dd69824'}
        Body: 
2015-12-25 04:48:09,832 21172 INFO     [tempest_lib.common.rest_client] Request (TestGettingAddress:_run_cleanups): 404 DELETE http://10.0.2.15:9696/v2.0/subnets/b0357e35-4f65-47c5-b610-a8098ec1aa48 0.044s
