<?xml version="1.0" encoding="UTF-8"?>
<!DOCTYPE html PUBLIC "-//W3C//DTD XHTML 1.0 Strict//EN"
     "http://www.w3.org/TR/xhtml1/DTD/xhtml1-strict.dtd">
<html xmlns="http://www.w3.org/1999/xhtml">
<head>
    <title>Unit Test Report</title>
    <meta name="generator" content="subunit2html 0.1"/>
    <meta http-equiv="Content-Type" content="text/html; charset=UTF-8"/>
    
<style type="text/css" media="screen">
body        { font-family: verdana, arial, helvetica, sans-serif;
    font-size: 80%; }
table       { font-size: 100%; width: 100%;}
pre         { font-size: 80%; }

/* -- heading -------------------------------------------------------------- */
h1 {
        font-size: 16pt;
        color: gray;
}
.heading {
    margin-top: 0ex;
    margin-bottom: 1ex;
}

.heading .attribute {
    margin-top: 1ex;
    margin-bottom: 0;
}

.heading .description {
    margin-top: 4ex;
    margin-bottom: 6ex;
}

/* -- css div popup -------------------------------------------------------- */
a.popup_link {
}

a.popup_link:hover {
    color: red;
}

.popup_window {
    display: none;
    overflow-x: scroll;
    /*border: solid #627173 1px; */
    padding: 10px;
    background-color: #E6E6D6;
    font-family: "Ubuntu Mono", "Lucida Console", "Courier New", monospace;
    text-align: left;
    font-size: 8pt;
}

}
/* -- report --------------------------------------------------------------- */
#show_detail_line {
    margin-top: 3ex;
    margin-bottom: 1ex;
}
#result_table {
    width: 100%;
    border-collapse: collapse;
    border: 1px solid #777;
}
#header_row {
    font-weight: bold;
    color: white;
    background-color: #777;
}
#result_table td {
    border: 1px solid #777;
    padding: 2px;
}
#total_row  { font-weight: bold; }
.passClass  { background-color: #6c6; }
.failClass  { background-color: #c60; }
.errorClass { background-color: #c00; }
.passCase   { color: #6c6; }
.failCase   { color: #c60; font-weight: bold; }
.errorCase  { color: #c00; font-weight: bold; }
.hiddenRow  { display: none; }
.testcase   { margin-left: 2em; }
td.testname {width: 40%}
td.small {width: 40px}

/* -- ending --------------------------------------------------------------- */
#ending {
}

</style>

</head>
<body>
<script language="javascript" type="text/javascript"><!--
output_list = Array();

/* level - 0:Summary; 1:Failed; 2:All */
function showCase(level) {
    trs = document.getElementsByTagName("tr");
    for (var i = 0; i < trs.length; i++) {
        tr = trs[i];
        id = tr.id;
        if (id.substr(0,2) == 'ft') {
            if (level < 1) {
                tr.className = 'hiddenRow';
            }
            else {
                tr.className = '';
            }
        }
        if (id.substr(0,2) == 'pt') {
            if (level > 1) {
                tr.className = '';
            }
            else {
                tr.className = 'hiddenRow';
            }
        }
    }
}


function showClassDetail(cid, count) {
    var id_list = Array(count);
    var toHide = 1;
    for (var i = 0; i < count; i++) {
        tid0 = 't' + cid.substr(1) + '.' + (i+1);
        tid = 'f' + tid0;
        tr = document.getElementById(tid);
        if (!tr) {
            tid = 'p' + tid0;
            tr = document.getElementById(tid);
        }
        id_list[i] = tid;
        if (tr.className) {
            toHide = 0;
        }
    }
    for (var i = 0; i < count; i++) {
        tid = id_list[i];
        if (toHide) {
            document.getElementById('div_'+tid).style.display = 'none'
            document.getElementById(tid).className = 'hiddenRow';
        }
        else {
            document.getElementById(tid).className = '';
        }
    }
}


function showTestDetail(div_id){
    var details_div = document.getElementById(div_id)
    var displayState = details_div.style.display
    // alert(displayState)
    if (displayState != 'block' ) {
        displayState = 'block'
        details_div.style.display = 'block'
    }
    else {
        details_div.style.display = 'none'
    }
}


function html_escape(s) {
    s = s.replace(/&/g,'&amp;');
    s = s.replace(/</g,'&lt;');
    s = s.replace(/>/g,'&gt;');
    return s;
}

/* obsoleted by detail in <div>
function showOutput(id, name) {
    var w = window.open("", //url
                    name,
                    "resizable,scrollbars,status,width=800,height=450");
    d = w.document;
    d.write("<pre>");
    d.write(html_escape(output_list[id]));
    d.write("\n");
    d.write("<a href='javascript:window.close()'>close</a>\n");
    d.write("</pre>\n");
    d.close();
}
*/
--></script>

<div class='heading'>
<h1>Unit Test Report</h1>

<p class='attribute'><strong>Status:</strong> Failure 8</p>

<p class='description'></p>
</div>



<p id='show_detail_line'>Show
<a href='javascript:showCase(0)'>Summary</a>
<a href='javascript:showCase(1)'>Failed</a>
<a href='javascript:showCase(2)'>All</a>
</p>
<table id='result_table'>
<colgroup>
<col align='left' />
<col align='right' />
<col align='right' />
<col align='right' />
<col align='right' />
<col align='right' />
<col align='right' />
<col align='right' />
</colgroup>
<tr id='header_row'>
    <td>Test Group/Test case</td>
    <td>Count</td>
    <td>Pass</td>
    <td>Fail</td>
    <td>Error</td>
    <td>Skip</td>
    <td>View</td>
    <td> </td>
</tr>

<tr class='failClass'>
    <td class="testname">tempest.scenario.test_network_v6.TestGettingAddress</td>
    <td class="small">8</td>
    <td class="small">0</td>
    <td class="small">8</td>
    <td class="small">0</td>
    <td class="small">0</td>
    <td class="small"><a href="javascript:showClassDetail('c1',8)"
>Detail</a></td>
    <td> </td>
</tr>

<tr id='ft1.1' class='none'>
    <td class='failCase'><div class='testcase'>test_dhcp6_stateless_from_os[compute,id-d7e1f858-187c-45a6-89c9-bdafde619a9f,network]</div></td>
    <td colspan='7' align='left'>

    <!--css div popup start-->
    <a class="popup_link" onfocus='this.blur();'
    href="javascript:showTestDetail('div_ft1.1')" >
        fail</a>

    <div id='div_ft1.1' class="popup_window">
        <div style='text-align: right; color:red;cursor:pointer'>
        <a onfocus='this.blur();'
onclick="document.getElementById('div_ft1.1').style.display = 'none' " >
           [x]</a>
        </div>
        <pre>
        
ft1.1: tempest.scenario.test_network_v6.TestGettingAddress.test_dhcp6_stateless_from_os[compute,id-d7e1f858-187c-45a6-89c9-bdafde619a9f,network]_StringException: Empty attachments:
  stderr
  stdout

pythonlogging:'': {{{
2015-12-16 13:25:50,832 25114 INFO     [tempest_lib.common.rest_client] Request (TestGettingAddress:setUp): 200 POST http://10.0.2.15:8774/v2.1/ed138ce7288a46e2bf0636786c22afca/os-keypairs 0.333s
2015-12-16 13:25:50,832 25114 DEBUG    [tempest_lib.common.rest_client] Request - Headers: {'Content-Type': 'application/json', 'Accept': 'application/json', 'X-Auth-Token': '&lt;omitted&gt;'}
        Body: {"keypair": {"name": "tempest-TestGettingAddress-110726433"}}
    Response - Headers: {'status': '200', 'content-length': '2319', 'x-compute-request-id': 'req-905cfea2-ab90-464e-a9bf-38fb0e5bbf64', 'vary': 'X-OpenStack-Nova-API-Version', 'connection': 'close', 'x-openstack-nova-api-version': '2.1', 'date': 'Wed, 16 Dec 2015 13:25:50 GMT', 'content-type': 'application/json'}
        Body: {"keypair": {"public_key": "ssh-rsa AAAAB3NzaC1yc2EAAAADAQABAAABAQCFMsG2C3vLtEDs1aZ3iUUCkWpTiAOU0NDOQNz650MAn4NoksAuCMfEeiVyPxBCBykKe/XBHlC3d1gSXatT2wX0T0PDS/5GkwVZojo58L5jzIAufyPgzij9ioQqkv4gfzaQ2NWvvIL/JIUNr39JBqEMRXumBaNv8B4mkw0DJIOvRLWfcuZhRX5Jihyrd1Mh9JqWg3Ud1sPlC7lH7yYmc+mENRhkx1tUzcMe5kdDjJzjpP3icNI8xGcAp9C4jy6+1FQDgSPyJFHtddLAe9yFfgm7NWIk/jW/kmEkssYo7qKl9fG1biTa9e64cFkSKFQ1lbD2C7nJGPbj3k1d+p5htSOB Generated-by-Nova", "private_key": "-----BEGIN RSA PRIVATE KEY-----\nMIIEqAIBAAKCAQEAhTLBtgt7y7RA7NWmd4lFApFqU4gDlNDQzkDc+udDAJ+DaJLA\nLgjHxHolcj8QQgcpCnv1wR5Qt3dYEl2rU9sF9E9Dw0v+RpMFWaI6OfC+Y8yALn8j\n4M4o/YqEKpL+IH82kNjVr7yC/ySFDa9/SQahDEV7pgWjb/AeJpMNAySDr0S1n3Lm\nYUV+SYocq3dTIfSaloN1HdbD5Qu5R+8mJnPphDUYZMdbVM3DHuZHQ4yc46T94nDS\nPMRnAKfQuI8uvtRUA4Ej8iRR7XXSwHvchX4JuzViJP41v5JhJLLGKO6ipfXxtW4k\n2vXuuHBZEihUNZWw9gu5yRj2495NXfqeYbUjgQIDAQABAoIBABsbNjKu6ZWN7DyG\nSic/ZyzbnPC82EW7rRKcPpxM3eTNkXeBjdyQat8AIIi8brmRLXf1vBB9890yS1kJ\neOlKxE5wpxCicW+5Ubho/EJ4TLaQknFj7FA+hDb8rmLfoRnJ6bfWeL4XtezoaK9d\nTKD22WVe6ofh093e1rPw7w/5qVbMcKS5N5kQnF2+kkJt3oUGp6HNTpqjbwkKNOKb\nGpnILOp0K5CkoGcf88Gy6gGNv6ib7whCmg7whVCOgX1PwUi64vpgy9YwZOahwbZA\nnxqzxDEodtDjU/LDFZOBrGi696Jqwyrf1U1i4bZVei09xq3sjBzPk1hh4UXYzT2y\nMMNnC8ECggCBALd0EeRGM4DjOc6rKDiCHrHNGU+gUkY+g2+xFz3VIvCGYcyj69n+\nFTYaby9IZq99wNPqgs5plDuPhRdkXHUHA2BkrERhlsZcHC9qJG0E+fjXHMBlmg4H\nB+TVy0VxWDH2Hb6aSXVaf2gLPDfpR90C5c2oVVc3YjCgnAz2k3YUyLr5AoIAgQC5\n3xoO8QyMqYjo6/q0ruZsYIRDPkBChY0bVWO8sLL8lol0FcVuL+vrDx/l0PZ+PAkQ\nJdm9PE55KO21DU6uRMdq30XFxGmhUJzosAg2S6f2Tsl+E7rmNSIeDQEIjOka1zl3\nnnRSMSqDWgxn5crL2jvCVt/SzTGvVI1DSvK2oxyGyQKCAIA71LEZIAQgHvt1ecDO\nXTGhj2CX5ZOvsSewv7LyyZZxl4JB+ZwsJn/Ie2qToytKRNskwjETHL/phO9FJ8g3\nqqfhQjQkwScpXlUa6aUjoSHdlFqeLQTHWmeqrEd1SHgZI0mkJjGbAn7W8gMbwQtc\n+1rzbdkXbsqpTVhXqfuB4VluEQKCAIEAqnOSLgmX/JasWw2sx21tGg4YvKGlxFs8\n38gawrs4KLLUMoSUnUuNCe7Azbwnj/P2S7yqRQO84xdJhjNB6EZiqfs+vPI1/B01\nB54GqeQPj60I0nm9d8daFjzOqcyvKFIe/TdubMFxvyshHVZ59x+Wlc2dTG+oFKVx\nNjjRA/PpASECggCAFAslo2SN1KLRYY6lhtUOYxKtYxS1PotyvD4CSYY/vTJUiRWf\n9o5sa6prRumi9b03Ff39e/4yfUYfMKoy6ViMNEkj18IwfPvSPEsCtr6pZ2CeGW/h\nvZld8AKEPCqIpSiFAR3d2Bq2OCPbiAejvidBr3LcZNyqDfQisPHtwVtmmgI=\n-----END RSA PRIVATE KEY-----\n", "user_id": "1759e5a7ed64422b999ea0188d9f2104", "name": "tempest-TestGettingAddress-110726433", "fingerprint": "d8:bf:56:66:7c:d0:af:fd:aa:e4:37:de:3b:2a:ad:8b"}}
2015-12-16 13:25:51,184 25114 INFO     [tempest_lib.common.rest_client] Request (TestGettingAddress:setUp): 201 POST http://10.0.2.15:9696/v2.0/security-groups 0.348s
2015-12-16 13:25:51,185 25114 DEBUG    [tempest_lib.common.rest_client] Request - Headers: {'Content-Type': 'application/json', 'Accept': 'application/json', 'X-Auth-Token': '&lt;omitted&gt;'}
        Body: {"security_group": {"tenant_id": "ed138ce7288a46e2bf0636786c22afca", "description": "tempest-secgroup-smoke-859576285 description", "name": "tempest-secgroup-smoke-859576285"}}
    Response - Headers: {'status': '201', 'content-length': '886', 'connection': 'close', 'date': 'Wed, 16 Dec 2015 13:25:51 GMT', 'content-type': 'application/json; charset=UTF-8', 'x-openstack-request-id': 'req-0ee90cc7-60fb-4abe-84b0-7485a4cc4462'}
        Body: {"security_group": {"tenant_id": "ed138ce7288a46e2bf0636786c22afca", "description": "tempest-secgroup-smoke-859576285 description", "id": "87fcc0bb-99f2-4b4b-a925-07565f2babfe", "security_group_rules": [{"remote_group_id": null, "direction": "egress", "remote_ip_prefix": null, "protocol": null, "ethertype": "IPv4", "tenant_id": "ed138ce7288a46e2bf0636786c22afca", "port_range_max": null, "port_range_min": null, "id": "319c5266-2591-478d-8586-aca0a77d3d36", "security_group_id": "87fcc0bb-99f2-4b4b-a925-07565f2babfe"}, {"remote_group_id": null, "direction": "egress", "remote_ip_prefix": null, "protocol": null, "ethertype": "IPv6", "tenant_id": "ed138ce7288a46e2bf0636786c22afca", "port_range_max": null, "port_range_min": null, "id": "d22f50ea-25c3-4514-8064-58e2a844a19a", "security_group_id": "87fcc0bb-99f2-4b4b-a925-07565f2babfe"}], "name": "tempest-secgroup-smoke-859576285"}}
2015-12-16 13:25:51,425 25114 INFO     [tempest_lib.common.rest_client] Request (TestGettingAddress:setUp): 201 POST http://10.0.2.15:9696/v2.0/security-group-rules 0.238s
2015-12-16 13:25:51,425 25114 DEBUG    [tempest_lib.common.rest_client] Request - Headers: {'Content-Type': 'application/json', 'Accept': 'application/json', 'X-Auth-Token': '&lt;omitted&gt;'}
        Body: {"security_group_rule": {"direction": "ingress", "protocol": "tcp", "tenant_id": "ed138ce7288a46e2bf0636786c22afca", "port_range_max": 22, "security_group_id": "87fcc0bb-99f2-4b4b-a925-07565f2babfe", "port_range_min": 22}}
    Response - Headers: {'status': '201', 'content-length': '340', 'connection': 'close', 'date': 'Wed, 16 Dec 2015 13:25:51 GMT', 'content-type': 'application/json; charset=UTF-8', 'x-openstack-request-id': 'req-f8f86ef1-3856-4b06-b995-b4caf0461106'}
        Body: {"security_group_rule": {"remote_group_id": null, "direction": "ingress", "remote_ip_prefix": null, "protocol": "tcp", "ethertype": "IPv4", "tenant_id": "ed138ce7288a46e2bf0636786c22afca", "port_range_max": 22, "port_range_min": 22, "id": "a74ac5aa-0818-4f80-9035-95553d2f0354", "security_group_id": "87fcc0bb-99f2-4b4b-a925-07565f2babfe"}}
2015-12-16 13:25:51,553 25114 INFO     [tempest_lib.common.rest_client] Request (TestGettingAddress:setUp): 201 POST http://10.0.2.15:9696/v2.0/security-group-rules 0.126s
2015-12-16 13:25:51,553 25114 DEBUG    [tempest_lib.common.rest_client] Request - Headers: {'Content-Type': 'application/json', 'Accept': 'application/json', 'X-Auth-Token': '&lt;omitted&gt;'}
        Body: {"security_group_rule": {"direction": "egress", "protocol": "tcp", "tenant_id": "ed138ce7288a46e2bf0636786c22afca", "port_range_max": 22, "security_group_id": "87fcc0bb-99f2-4b4b-a925-07565f2babfe", "port_range_min": 22}}
    Response - Headers: {'status': '201', 'content-length': '339', 'connection': 'close', 'date': 'Wed, 16 Dec 2015 13:25:51 GMT', 'content-type': 'application/json; charset=UTF-8', 'x-openstack-request-id': 'req-b5ea3638-a5d8-4a53-a0cc-cd785bc82804'}
        Body: {"security_group_rule": {"remote_group_id": null, "direction": "egress", "remote_ip_prefix": null, "protocol": "tcp", "ethertype": "IPv4", "tenant_id": "ed138ce7288a46e2bf0636786c22afca", "port_range_max": 22, "port_range_min": 22, "id": "91d40cba-51ed-491a-9b3d-e532baa9408a", "security_group_id": "87fcc0bb-99f2-4b4b-a925-07565f2babfe"}}
2015-12-16 13:25:51,680 25114 INFO     [tempest_lib.common.rest_client] Request (TestGettingAddress:setUp): 201 POST http://10.0.2.15:9696/v2.0/security-group-rules 0.124s
2015-12-16 13:25:51,681 25114 DEBUG    [tempest_lib.common.rest_client] Request - Headers: {'Content-Type': 'application/json', 'Accept': 'application/json', 'X-Auth-Token': '&lt;omitted&gt;'}
        Body: {"security_group_rule": {"tenant_id": "ed138ce7288a46e2bf0636786c22afca", "direction": "ingress", "protocol": "icmp", "security_group_id": "87fcc0bb-99f2-4b4b-a925-07565f2babfe"}}
    Response - Headers: {'status': '201', 'content-length': '345', 'connection': 'close', 'date': 'Wed, 16 Dec 2015 13:25:51 GMT', 'content-type': 'application/json; charset=UTF-8', 'x-openstack-request-id': 'req-88a00378-6f2b-4366-873a-d3aab9cd56da'}
        Body: {"security_group_rule": {"remote_group_id": null, "direction": "ingress", "remote_ip_prefix": null, "protocol": "icmp", "ethertype": "IPv4", "tenant_id": "ed138ce7288a46e2bf0636786c22afca", "port_range_max": null, "port_range_min": null, "id": "42ec338f-eef5-4765-8b65-8a30ebbac2ca", "security_group_id": "87fcc0bb-99f2-4b4b-a925-07565f2babfe"}}
2015-12-16 13:25:51,810 25114 INFO     [tempest_lib.common.rest_client] Request (TestGettingAddress:setUp): 201 POST http://10.0.2.15:9696/v2.0/security-group-rules 0.127s
2015-12-16 13:25:51,810 25114 DEBUG    [tempest_lib.common.rest_client] Request - Headers: {'Content-Type': 'application/json', 'Accept': 'application/json', 'X-Auth-Token': '&lt;omitted&gt;'}
        Body: {"security_group_rule": {"tenant_id": "ed138ce7288a46e2bf0636786c22afca", "direction": "egress", "protocol": "icmp", "security_group_id": "87fcc0bb-99f2-4b4b-a925-07565f2babfe"}}
    Response - Headers: {'status': '201', 'content-length': '344', 'connection': 'close', 'date': 'Wed, 16 Dec 2015 13:25:51 GMT', 'content-type': 'application/json; charset=UTF-8', 'x-openstack-request-id': 'req-ae46899e-d643-4825-bfa2-f53451087554'}
        Body: {"security_group_rule": {"remote_group_id": null, "direction": "egress", "remote_ip_prefix": null, "protocol": "icmp", "ethertype": "IPv4", "tenant_id": "ed138ce7288a46e2bf0636786c22afca", "port_range_max": null, "port_range_min": null, "id": "6361d760-1e9d-4502-a787-b22bb6858276", "security_group_id": "87fcc0bb-99f2-4b4b-a925-07565f2babfe"}}
2015-12-16 13:25:51,946 25114 INFO     [tempest_lib.common.rest_client] Request (TestGettingAddress:setUp): 201 POST http://10.0.2.15:9696/v2.0/security-group-rules 0.134s
2015-12-16 13:25:51,946 25114 DEBUG    [tempest_lib.common.rest_client] Request - Headers: {'Content-Type': 'application/json', 'Accept': 'application/json', 'X-Auth-Token': '&lt;omitted&gt;'}
        Body: {"security_group_rule": {"tenant_id": "ed138ce7288a46e2bf0636786c22afca", "direction": "ingress", "security_group_id": "87fcc0bb-99f2-4b4b-a925-07565f2babfe", "protocol": "icmp", "ethertype": "IPv6"}}
    Response - Headers: {'status': '201', 'content-length': '345', 'connection': 'close', 'date': 'Wed, 16 Dec 2015 13:25:51 GMT', 'content-type': 'application/json; charset=UTF-8', 'x-openstack-request-id': 'req-294f35d0-0ae9-438f-9906-c33525375a53'}
        Body: {"security_group_rule": {"remote_group_id": null, "direction": "ingress", "remote_ip_prefix": null, "protocol": "icmp", "ethertype": "IPv6", "tenant_id": "ed138ce7288a46e2bf0636786c22afca", "port_range_max": null, "port_range_min": null, "id": "e4181e90-58c2-453b-bfa4-55e9250b1eda", "security_group_id": "87fcc0bb-99f2-4b4b-a925-07565f2babfe"}}
2015-12-16 13:25:52,072 25114 INFO     [tempest_lib.common.rest_client] Request (TestGettingAddress:setUp): 201 POST http://10.0.2.15:9696/v2.0/security-group-rules 0.124s
2015-12-16 13:25:52,073 25114 DEBUG    [tempest_lib.common.rest_client] Request - Headers: {'Content-Type': 'application/json', 'Accept': 'application/json', 'X-Auth-Token': '&lt;omitted&gt;'}
        Body: {"security_group_rule": {"tenant_id": "ed138ce7288a46e2bf0636786c22afca", "direction": "egress", "security_group_id": "87fcc0bb-99f2-4b4b-a925-07565f2babfe", "protocol": "icmp", "ethertype": "IPv6"}}
    Response - Headers: {'status': '201', 'content-length': '344', 'connection': 'close', 'date': 'Wed, 16 Dec 2015 13:25:52 GMT', 'content-type': 'application/json; charset=UTF-8', 'x-openstack-request-id': 'req-193eab8f-8565-4cb2-afcf-4a1d55157d3d'}
        Body: {"security_group_rule": {"remote_group_id": null, "direction": "egress", "remote_ip_prefix": null, "protocol": "icmp", "ethertype": "IPv6", "tenant_id": "ed138ce7288a46e2bf0636786c22afca", "port_range_max": null, "port_range_min": null, "id": "c59acc87-2ded-48e1-a34e-95ee7f6e44ce", "security_group_id": "87fcc0bb-99f2-4b4b-a925-07565f2babfe"}}
2015-12-16 13:25:52,259 25114 INFO     [tempest_lib.common.rest_client] Request (TestGettingAddress:test_dhcp6_stateless_from_os): 201 POST http://10.0.2.15:9696/v2.0/networks 0.184s
2015-12-16 13:25:52,260 25114 DEBUG    [tempest_lib.common.rest_client] Request - Headers: {'Content-Type': 'application/json', 'Accept': 'application/json', 'X-Auth-Token': '&lt;omitted&gt;'}
        Body: {"network": {"tenant_id": "ed138ce7288a46e2bf0636786c22afca", "name": "tempest-network-smoke--578500549"}}
    Response - Headers: {'status': '201', 'content-length': '328', 'connection': 'close', 'date': 'Wed, 16 Dec 2015 13:25:52 GMT', 'content-type': 'application/json; charset=UTF-8', 'x-openstack-request-id': 'req-956d9439-8f66-4936-8e74-58a821ea24a9'}
        Body: {"network": {"status": "ACTIVE", "subnets": [], "availability_zone_hints": "[]", "name": "tempest-network-smoke--578500549", "admin_state_up": true, "tenant_id": "ed138ce7288a46e2bf0636786c22afca", "mtu": 0, "router:external": false, "shared": false, "port_security_enabled": true, "id": "9116b34e-83cb-460f-9fce-a43502bc0e51"}}
2015-12-16 13:25:52,432 25114 INFO     [tempest_lib.common.rest_client] Request (TestGettingAddress:test_dhcp6_stateless_from_os): 200 GET http://10.0.2.15:9696/v2.0/subnets?tenant_id=ed138ce7288a46e2bf0636786c22afca&amp;cidr=10.100.0.0%2F28 0.170s
2015-12-16 13:25:52,432 25114 DEBUG    [tempest_lib.common.rest_client] Request - Headers: {'Content-Type': 'application/json', 'Accept': 'application/json', 'X-Auth-Token': '&lt;omitted&gt;'}
        Body: None
    Response - Headers: {'status': '200', 'content-length': '15', 'content-location': 'http://10.0.2.15:9696/v2.0/subnets?tenant_id=ed138ce7288a46e2bf0636786c22afca&amp;cidr=10.100.0.0%2F28', 'connection': 'close', 'date': 'Wed, 16 Dec 2015 13:25:52 GMT', 'content-type': 'application/json; charset=UTF-8', 'x-openstack-request-id': 'req-e54eb39f-b8ee-40e8-acba-4297aaed9984'}
        Body: {"subnets": []}
2015-12-16 13:25:52,901 25114 INFO     [tempest_lib.common.rest_client] Request (TestGettingAddress:test_dhcp6_stateless_from_os): 201 POST http://10.0.2.15:9696/v2.0/subnets 0.467s
2015-12-16 13:25:52,901 25114 DEBUG    [tempest_lib.common.rest_client] Request - Headers: {'Content-Type': 'application/json', 'Accept': 'application/json', 'X-Auth-Token': '&lt;omitted&gt;'}
        Body: {"subnet": {"ip_version": 4, "tenant_id": "ed138ce7288a46e2bf0636786c22afca", "cidr": "10.100.0.0/28", "network_id": "9116b34e-83cb-460f-9fce-a43502bc0e51", "name": "tempest-sub4-1192838111"}}
    Response - Headers: {'status': '201', 'content-length': '470', 'connection': 'close', 'date': 'Wed, 16 Dec 2015 13:25:52 GMT', 'content-type': 'application/json; charset=UTF-8', 'x-openstack-request-id': 'req-731722fa-b2cf-47b3-9214-e5a7abfbc37c'}
        Body: {"subnet": {"name": "tempest-sub4-1192838111", "enable_dhcp": true, "network_id": "9116b34e-83cb-460f-9fce-a43502bc0e51", "tenant_id": "ed138ce7288a46e2bf0636786c22afca", "dns_nameservers": [], "gateway_ip": "10.100.0.1", "ipv6_ra_mode": null, "allocation_pools": [{"start": "10.100.0.2", "end": "10.100.0.14"}], "host_routes": [], "ip_version": 4, "ipv6_address_mode": null, "cidr": "10.100.0.0/28", "id": "917eb0cb-03c9-4ba4-af16-b87ffbca6ae5", "subnetpool_id": null}}
2015-12-16 13:25:52,974 25114 INFO     [tempest_lib.common.rest_client] Request (TestGettingAddress:test_dhcp6_stateless_from_os): 201 POST http://10.0.2.15:9696/v2.0/routers 0.071s
2015-12-16 13:25:52,974 25114 DEBUG    [tempest_lib.common.rest_client] Request - Headers: {'Content-Type': 'application/json', 'Accept': 'application/json', 'X-Auth-Token': '&lt;omitted&gt;'}
        Body: {"router": {"tenant_id": "ed138ce7288a46e2bf0636786c22afca", "name": "tempest-router-smoke-2067297729", "admin_state_up": true}}
    Response - Headers: {'status': '201', 'content-length': '296', 'connection': 'close', 'date': 'Wed, 16 Dec 2015 13:25:52 GMT', 'content-type': 'application/json; charset=UTF-8', 'x-openstack-request-id': 'req-85660ebc-b1e9-4940-b4db-aea375bc370b'}
        Body: {"router": {"status": "ACTIVE", "external_gateway_info": null, "availability_zone_hints": [], "availability_zones": [], "name": "tempest-router-smoke-2067297729", "admin_state_up": true, "tenant_id": "ed138ce7288a46e2bf0636786c22afca", "routes": [], "id": "d7edfa4d-5b4e-4539-8c54-0716087d0777"}}
2015-12-16 13:25:53,021 25114 INFO     [tempest_lib.common.rest_client] Request (TestGettingAddress:test_dhcp6_stateless_from_os): 200 GET http://10.0.2.15:9696/v2.0/routers/d7edfa4d-5b4e-4539-8c54-0716087d0777 0.046s
2015-12-16 13:25:53,022 25114 DEBUG    [tempest_lib.common.rest_client] Request - Headers: {'Content-Type': 'application/json', 'Accept': 'application/json', 'X-Auth-Token': '&lt;omitted&gt;'}
        Body: None
    Response - Headers: {'status': '200', 'content-length': '296', 'content-location': 'http://10.0.2.15:9696/v2.0/routers/d7edfa4d-5b4e-4539-8c54-0716087d0777', 'connection': 'close', 'date': 'Wed, 16 Dec 2015 13:25:53 GMT', 'content-type': 'application/json; charset=UTF-8', 'x-openstack-request-id': 'req-b3078c79-f5f1-483a-b484-b5116a3c704d'}
        Body: {"router": {"status": "ACTIVE", "external_gateway_info": null, "availability_zone_hints": [], "availability_zones": [], "name": "tempest-router-smoke-2067297729", "admin_state_up": true, "tenant_id": "ed138ce7288a46e2bf0636786c22afca", "routes": [], "id": "d7edfa4d-5b4e-4539-8c54-0716087d0777"}}
2015-12-16 13:25:53,675 25114 INFO     [tempest_lib.common.rest_client] Request (TestGettingAddress:test_dhcp6_stateless_from_os): 200 PUT http://10.0.2.15:9696/v2.0/routers/d7edfa4d-5b4e-4539-8c54-0716087d0777 0.653s
2015-12-16 13:25:53,675 25114 DEBUG    [tempest_lib.common.rest_client] Request - Headers: {'Content-Type': 'application/json', 'Accept': 'application/json', 'X-Auth-Token': '&lt;omitted&gt;'}
        Body: {"router": {"external_gateway_info": {"network_id": "c0d2c617-40a8-478e-9ea8-a8263a631f6e"}, "name": "tempest-router-smoke-2067297729", "admin_state_up": true}}
    Response - Headers: {'status': '200', 'content-length': '558', 'connection': 'close', 'date': 'Wed, 16 Dec 2015 13:25:53 GMT', 'content-type': 'application/json; charset=UTF-8', 'x-openstack-request-id': 'req-62e38697-b732-44e9-b2e5-f359b44eca37'}
        Body: {"router": {"status": "ACTIVE", "external_gateway_info": {"network_id": "c0d2c617-40a8-478e-9ea8-a8263a631f6e", "enable_snat": true, "external_fixed_ips": [{"subnet_id": "0f24e5aa-deaf-496a-a2fc-05c97ff445e7", "ip_address": "172.24.4.3"}, {"subnet_id": "010710d7-1dc9-4e04-9508-e19a69b56f34", "ip_address": "2001:db8::3"}]}, "availability_zone_hints": [], "availability_zones": [], "name": "tempest-router-smoke-2067297729", "admin_state_up": true, "tenant_id": "ed138ce7288a46e2bf0636786c22afca", "routes": [], "id": "d7edfa4d-5b4e-4539-8c54-0716087d0777"}}
2015-12-16 13:25:54,213 25114 INFO     [tempest_lib.common.rest_client] Request (TestGettingAddress:test_dhcp6_stateless_from_os): 200 PUT http://10.0.2.15:9696/v2.0/routers/d7edfa4d-5b4e-4539-8c54-0716087d0777/add_router_interface 0.537s
2015-12-16 13:25:54,213 25114 DEBUG    [tempest_lib.common.rest_client] Request - Headers: {'Content-Type': 'application/json', 'Accept': 'application/json', 'X-Auth-Token': '&lt;omitted&gt;'}
        Body: {"subnet_id": "917eb0cb-03c9-4ba4-af16-b87ffbca6ae5"}
    Response - Headers: {'status': '200', 'content-length': '255', 'connection': 'close', 'date': 'Wed, 16 Dec 2015 13:25:54 GMT', 'content-type': 'application/json; charset=UTF-8', 'x-openstack-request-id': 'req-0dd8aa53-7e36-42c6-b9ad-e4251002062d'}
        Body: {"subnet_id": "917eb0cb-03c9-4ba4-af16-b87ffbca6ae5", "tenant_id": "ed138ce7288a46e2bf0636786c22afca", "subnet_ids": ["917eb0cb-03c9-4ba4-af16-b87ffbca6ae5"], "port_id": "4ac63db0-1d84-422e-94b9-3e7ba9bc6165", "id": "d7edfa4d-5b4e-4539-8c54-0716087d0777"}
2015-12-16 13:25:54,255 25114 INFO     [tempest_lib.common.rest_client] Request (TestGettingAddress:test_dhcp6_stateless_from_os): 200 GET http://10.0.2.15:9696/v2.0/subnets?tenant_id=ed138ce7288a46e2bf0636786c22afca&amp;cidr=2003%3A%3A%2F64 0.040s
2015-12-16 13:25:54,255 25114 DEBUG    [tempest_lib.common.rest_client] Request - Headers: {'Content-Type': 'application/json', 'Accept': 'application/json', 'X-Auth-Token': '&lt;omitted&gt;'}
        Body: None
    Response - Headers: {'status': '200', 'content-length': '15', 'content-location': 'http://10.0.2.15:9696/v2.0/subnets?tenant_id=ed138ce7288a46e2bf0636786c22afca&amp;cidr=2003%3A%3A%2F64', 'connection': 'close', 'date': 'Wed, 16 Dec 2015 13:25:54 GMT', 'content-type': 'application/json; charset=UTF-8', 'x-openstack-request-id': 'req-03fb2d9f-5ac8-4084-9eb0-33989d665573'}
        Body: {"subnets": []}
2015-12-16 13:25:54,716 25114 INFO     [tempest_lib.common.rest_client] Request (TestGettingAddress:test_dhcp6_stateless_from_os): 201 POST http://10.0.2.15:9696/v2.0/subnets 0.461s
2015-12-16 13:25:54,717 25114 DEBUG    [tempest_lib.common.rest_client] Request - Headers: {'Content-Type': 'application/json', 'Accept': 'application/json', 'X-Auth-Token': '&lt;omitted&gt;'}
        Body: {"subnet": {"name": "tempest-sub6-781292200", "network_id": "9116b34e-83cb-460f-9fce-a43502bc0e51", "tenant_id": "ed138ce7288a46e2bf0636786c22afca", "ipv6_ra_mode": "dhcpv6-stateless", "ip_version": 6, "ipv6_address_mode": "dhcpv6-stateless", "cidr": "2003::/64"}}
    Response - Headers: {'status': '201', 'content-length': '501', 'connection': 'close', 'date': 'Wed, 16 Dec 2015 13:25:54 GMT', 'content-type': 'application/json; charset=UTF-8', 'x-openstack-request-id': 'req-5c93e204-aa90-4299-a9d5-a89b3b0d2f66'}
        Body: {"subnet": {"name": "tempest-sub6-781292200", "enable_dhcp": true, "network_id": "9116b34e-83cb-460f-9fce-a43502bc0e51", "tenant_id": "ed138ce7288a46e2bf0636786c22afca", "dns_nameservers": [], "gateway_ip": "2003::1", "ipv6_ra_mode": "dhcpv6-stateless", "allocation_pools": [{"start": "2003::2", "end": "2003::ffff:ffff:ffff:ffff"}], "host_routes": [], "ip_version": 6, "ipv6_address_mode": "dhcpv6-stateless", "cidr": "2003::/64", "id": "3b5a4af7-b6a0-484a-864b-07f29add9702", "subnetpool_id": null}}
2015-12-16 13:25:55,355 25114 INFO     [tempest_lib.common.rest_client] Request (TestGettingAddress:test_dhcp6_stateless_from_os): 200 PUT http://10.0.2.15:9696/v2.0/routers/d7edfa4d-5b4e-4539-8c54-0716087d0777/add_router_interface 0.637s
2015-12-16 13:25:55,356 25114 DEBUG    [tempest_lib.common.rest_client] Request - Headers: {'Content-Type': 'application/json', 'Accept': 'application/json', 'X-Auth-Token': '&lt;omitted&gt;'}
        Body: {"subnet_id": "3b5a4af7-b6a0-484a-864b-07f29add9702"}
    Response - Headers: {'status': '200', 'content-length': '255', 'connection': 'close', 'date': 'Wed, 16 Dec 2015 13:25:55 GMT', 'content-type': 'application/json; charset=UTF-8', 'x-openstack-request-id': 'req-ad2a826e-9162-4ac0-acf0-6a13c721f171'}
        Body: {"subnet_id": "3b5a4af7-b6a0-484a-864b-07f29add9702", "tenant_id": "ed138ce7288a46e2bf0636786c22afca", "subnet_ids": ["3b5a4af7-b6a0-484a-864b-07f29add9702"], "port_id": "9bf7005b-6099-4dda-9472-b975e560ab53", "id": "d7edfa4d-5b4e-4539-8c54-0716087d0777"}
2015-12-16 13:25:55,470 25114 INFO     [tempest_lib.common.rest_client] Request (TestGettingAddress:test_dhcp6_stateless_from_os): 200 POST http://10.0.2.15:5000/v2.0/tokens
2015-12-16 13:25:55,470 25114 DEBUG    [tempest_lib.common.rest_client] Request - Headers: {'Content-Type': 'application/json', 'Accept': 'application/json'}
        Body: &lt;omitted&gt;
    Response - Headers: {'status': '200', 'content-length': '2526', 'vary': 'X-Auth-Token', 'server': 'Apache/2.4.7 (Ubuntu)', 'connection': 'close', 'date': 'Wed, 16 Dec 2015 13:25:55 GMT', 'content-type': 'application/json', 'x-openstack-request-id': 'req-6710bb62-49ba-448e-a997-89e44afb6281'}
        Body: {"access": {"token": {"issued_at": "2015-12-16T13:25:55.457265", "expires": "2015-12-16T14:25:55Z", "id": "f7aebe88736a423fb0c54c7254c23929", "tenant": {"description": "tempest-TestGettingAddress-1114673711-desc", "enabled": true, "id": "ed138ce7288a46e2bf0636786c22afca", "name": "tempest-TestGettingAddress-1114673711"}, "audit_ids": ["EIGAo-V_Qi6cbVF7BE6yug"]}, "serviceCatalog": [{"endpoints": [{"adminURL": "http://10.0.2.15:8774/v2.1/ed138ce7288a46e2bf0636786c22afca", "region": "RegionOne", "internalURL": "http://10.0.2.15:8774/v2.1/ed138ce7288a46e2bf0636786c22afca", "id": "203850631a1448198649c31fa45a05fd", "publicURL": "http://10.0.2.15:8774/v2.1/ed138ce7288a46e2bf0636786c22afca"}], "endpoints_links": [], "type": "compute", "name": "nova"}, {"endpoints": [{"adminURL": "http://10.0.2.15:9696/", "region": "RegionOne", "internalURL": "http://10.0.2.15:9696/", "id": "6352ef8923e0472ca1ba86ffcb36652e", "publicURL": "http://10.0.2.15:9696/"}], "endpoints_links": [], "type": "network", "name": "neutron"}, {"endpoints": [{"adminURL": "http://10.0.2.15:9292", "region": "RegionOne", "internalURL": "http://10.0.2.15:9292", "id": "46bc42d4d9db4c2892d7949cd71c4ae3", "publicURL": "http://10.0.2.15:9292"}], "endpoints_links": [], "type": "image", "name": "glance"}, {"endpoints": [{"adminURL": "http://10.0.2.15:8774/v2/ed138ce7288a46e2bf0636786c22afca", "region": "RegionOne", "internalURL": "http://10.0.2.15:8774/v2/ed138ce7288a46e2bf0636786c22afca", "id": "3b114d760ffa47249cdfd715e8398c20", "publicURL": "http://10.0.2.15:8774/v2/ed138ce7288a46e2bf0636786c22afca"}], "endpoints_links": [], "type": "compute_legacy", "name": "nova_legacy"}, {"endpoints": [{"adminURL": "http://10.0.2.15:8773/", "region": "RegionOne", "internalURL": "http://10.0.2.15:8773/", "id": "49b4a9c3695f4ab3bf48745d365bb6e4", "publicURL": "http://10.0.2.15:8773/"}], "endpoints_links": [], "type": "ec2", "name": "ec2"}, {"endpoints": [{"adminURL": "http://10.0.2.15:35357/v2.0", "region": "RegionOne", "internalURL": "http://10.0.2.15:5000/v2.0", "id": "69320a0877eb45459db9e62fbbf8e05a", "publicURL": "http://10.0.2.15:5000/v2.0"}], "endpoints_links": [], "type": "identity", "name": "keystone"}], "user": {"username": "tempest-TestGettingAddress-1607764455", "roles_links": [], "id": "1759e5a7ed64422b999ea0188d9f2104", "roles": [{"name": "Member"}, {"name": "_member_"}], "name": "tempest-TestGettingAddress-1607764455"}, "metadata": {"is_admin": 0, "roles": ["460c4d5302ce4d7cb206d6ced62de5c7", "9fe2ff9ee4384b1894a90878d3e92bab"]}}}
2015-12-16 13:25:55,477 25114 DEBUG    [tempest.common.fixed_network] (TestGettingAddress:test_dhcp6_stateless_from_os) No valid network provided or created, defaulting to fixed_network_name
2015-12-16 13:25:55,810 25114 INFO     [tempest_lib.common.rest_client] Request (TestGettingAddress:test_dhcp6_stateless_from_os): 200 GET http://10.0.2.15:8774/v2.1/ed138ce7288a46e2bf0636786c22afca/os-networks 0.332s
2015-12-16 13:25:55,811 25114 DEBUG    [tempest_lib.common.rest_client] Request - Headers: {'Content-Type': 'application/json', 'Accept': 'application/json', 'X-Auth-Token': '&lt;omitted&gt;'}
        Body: None
    Response - Headers: {'status': '200', 'content-length': '478', 'content-location': 'http://10.0.2.15:8774/v2.1/ed138ce7288a46e2bf0636786c22afca/os-networks', 'x-compute-request-id': 'req-1599e637-4020-4459-95ab-d63e47c2c0a9', 'vary': 'X-OpenStack-Nova-API-Version', 'connection': 'close', 'x-openstack-nova-api-version': '2.1', 'date': 'Wed, 16 Dec 2015 13:25:55 GMT', 'content-type': 'application/json'}
        Body: {"networks": [{"cidr_v6": null, "dns2": null, "dns1": null, "gateway": null, "broadcast": null, "netmask": null, "gateway_v6": null, "cidr": null, "label": "public", "id": "c0d2c617-40a8-478e-9ea8-a8263a631f6e", "netmask_v6": null}, {"cidr_v6": null, "dns2": null, "dns1": null, "gateway": null, "broadcast": null, "netmask": null, "gateway_v6": null, "cidr": null, "label": "tempest-network-smoke--578500549", "id": "9116b34e-83cb-460f-9fce-a43502bc0e51", "netmask_v6": null}]}
2015-12-16 13:25:55,812 25114 WARNING  [tempest.common.fixed_network] (TestGettingAddress:test_dhcp6_stateless_from_os) Network with name: private not found
2015-12-16 13:25:55,812 25114 INFO     [tempest.common.fixed_network] (TestGettingAddress:test_dhcp6_stateless_from_os) Found network {} available for tenant
2015-12-16 13:25:57,610 25114 INFO     [tempest_lib.common.rest_client] Request (TestGettingAddress:test_dhcp6_stateless_from_os): 202 POST http://10.0.2.15:8774/v2.1/ed138ce7288a46e2bf0636786c22afca/servers 1.796s
2015-12-16 13:25:57,611 25114 DEBUG    [tempest_lib.common.rest_client] Request - Headers: {'Content-Type': 'application/json', 'Accept': 'application/json', 'X-Auth-Token': '&lt;omitted&gt;'}
        Body: {"server": {"name": "tempest.common.compute-instance-1163509740", "imageRef": "022f3975-0140-4de8-a0c9-51f29a6562c4", "key_name": "tempest-TestGettingAddress-110726433", "flavorRef": "42", "networks": [{"uuid": "9116b34e-83cb-460f-9fce-a43502bc0e51"}], "security_groups": [{"name": "tempest-secgroup-smoke-859576285"}]}}
    Response - Headers: {'status': '202', 'content-length': '461', 'x-compute-request-id': 'req-3af0a494-b858-442b-b2a3-03e6b8825c9d', 'vary': 'X-OpenStack-Nova-API-Version', 'connection': 'close', 'location': 'http://10.0.2.15:8774/v2.1/ed138ce7288a46e2bf0636786c22afca/servers/753ea4de-354f-4daa-96ab-3dbd854e5f2c', 'x-openstack-nova-api-version': '2.1', 'date': 'Wed, 16 Dec 2015 13:25:57 GMT', 'content-type': 'application/json'}
        Body: {"server": {"security_groups": [{"name": "tempest-secgroup-smoke-859576285"}], "OS-DCF:diskConfig": "MANUAL", "id": "753ea4de-354f-4daa-96ab-3dbd854e5f2c", "links": [{"href": "http://10.0.2.15:8774/v2.1/ed138ce7288a46e2bf0636786c22afca/servers/753ea4de-354f-4daa-96ab-3dbd854e5f2c", "rel": "self"}, {"href": "http://10.0.2.15:8774/ed138ce7288a46e2bf0636786c22afca/servers/753ea4de-354f-4daa-96ab-3dbd854e5f2c", "rel": "bookmark"}], "adminPass": "H74tV24xdn2C"}}
2015-12-16 13:25:57,951 25114 INFO     [tempest_lib.common.rest_client] Request (TestGettingAddress:test_dhcp6_stateless_from_os): 200 GET http://10.0.2.15:8774/v2.1/ed138ce7288a46e2bf0636786c22afca/servers/753ea4de-354f-4daa-96ab-3dbd854e5f2c 0.335s
2015-12-16 13:25:57,951 25114 DEBUG    [tempest_lib.common.rest_client] Request - Headers: {'Content-Type': 'application/json', 'Accept': 'application/json', 'X-Auth-Token': '&lt;omitted&gt;'}
        Body: None
    Response - Headers: {'status': '200', 'content-length': '1354', 'content-location': 'http://10.0.2.15:8774/v2.1/ed138ce7288a46e2bf0636786c22afca/servers/753ea4de-354f-4daa-96ab-3dbd854e5f2c', 'x-compute-request-id': 'req-bc6b3f42-ee2d-4b18-941f-9dc97b1b4f50', 'vary': 'X-OpenStack-Nova-API-Version', 'connection': 'close', 'x-openstack-nova-api-version': '2.1', 'date': 'Wed, 16 Dec 2015 13:25:57 GMT', 'content-type': 'application/json'}
        Body: {"server": {"status": "BUILD", "updated": "2015-12-16T13:25:57Z", "hostId": "", "addresses": {}, "links": [{"href": "http://10.0.2.15:8774/v2.1/ed138ce7288a46e2bf0636786c22afca/servers/753ea4de-354f-4daa-96ab-3dbd854e5f2c", "rel": "self"}, {"href": "http://10.0.2.15:8774/ed138ce7288a46e2bf0636786c22afca/servers/753ea4de-354f-4daa-96ab-3dbd854e5f2c", "rel": "bookmark"}], "key_name": "tempest-TestGettingAddress-110726433", "image": {"id": "022f3975-0140-4de8-a0c9-51f29a6562c4", "links": [{"href": "http://10.0.2.15:8774/ed138ce7288a46e2bf0636786c22afca/images/022f3975-0140-4de8-a0c9-51f29a6562c4", "rel": "bookmark"}]}, "OS-EXT-STS:task_state": "scheduling", "OS-EXT-STS:vm_state": "building", "OS-SRV-USG:launched_at": null, "flavor": {"id": "42", "links": [{"href": "http://10.0.2.15:8774/ed138ce7288a46e2bf0636786c22afca/flavors/42", "rel": "bookmark"}]}, "id": "753ea4de-354f-4daa-96ab-3dbd854e5f2c", "OS-SRV-USG:terminated_at": null, "OS-EXT-AZ:availability_zone": "", "user_id": "1759e5a7ed64422b999ea0188d9f2104", "name": "tempest.common.compute-instance-1163509740", "created": "2015-12-16T13:25:57Z", "tenant_id": "ed138ce7288a46e2bf0636786c22afca", "OS-DCF:diskConfig": "MANUAL", "os-extended-volumes:volumes_attached": [], "accessIPv4": "", "accessIPv6": "", "progress": 0, "OS-EXT-STS:power_state": 0, "config_drive": "", "metadata": {}}}
2015-12-16 13:25:59,299 25114 INFO     [tempest_lib.common.rest_client] Request (TestGettingAddress:test_dhcp6_stateless_from_os): 200 GET http://10.0.2.15:8774/v2.1/ed138ce7288a46e2bf0636786c22afca/servers/753ea4de-354f-4daa-96ab-3dbd854e5f2c 0.338s
2015-12-16 13:25:59,299 25114 DEBUG    [tempest_lib.common.rest_client] Request - Headers: {'Content-Type': 'application/json', 'Accept': 'application/json', 'X-Auth-Token': '&lt;omitted&gt;'}
        Body: None
    Response - Headers: {'status': '200', 'content-length': '1412', 'content-location': 'http://10.0.2.15:8774/v2.1/ed138ce7288a46e2bf0636786c22afca/servers/753ea4de-354f-4daa-96ab-3dbd854e5f2c', 'x-compute-request-id': 'req-a10b864c-fb56-437c-b46d-994c1799db8c', 'vary': 'X-OpenStack-Nova-API-Version', 'connection': 'close', 'x-openstack-nova-api-version': '2.1', 'date': 'Wed, 16 Dec 2015 13:25:59 GMT', 'content-type': 'application/json'}
        Body: {"server": {"status": "BUILD", "updated": "2015-12-16T13:25:58Z", "hostId": "e5debfa8cc36ef63735efbbadaac674bf50240b8f6a65e3d73873a85", "addresses": {}, "links": [{"href": "http://10.0.2.15:8774/v2.1/ed138ce7288a46e2bf0636786c22afca/servers/753ea4de-354f-4daa-96ab-3dbd854e5f2c", "rel": "self"}, {"href": "http://10.0.2.15:8774/ed138ce7288a46e2bf0636786c22afca/servers/753ea4de-354f-4daa-96ab-3dbd854e5f2c", "rel": "bookmark"}], "key_name": "tempest-TestGettingAddress-110726433", "image": {"id": "022f3975-0140-4de8-a0c9-51f29a6562c4", "links": [{"href": "http://10.0.2.15:8774/ed138ce7288a46e2bf0636786c22afca/images/022f3975-0140-4de8-a0c9-51f29a6562c4", "rel": "bookmark"}]}, "OS-EXT-STS:task_state": "spawning", "OS-EXT-STS:vm_state": "building", "OS-SRV-USG:launched_at": null, "flavor": {"id": "42", "links": [{"href": "http://10.0.2.15:8774/ed138ce7288a46e2bf0636786c22afca/flavors/42", "rel": "bookmark"}]}, "id": "753ea4de-354f-4daa-96ab-3dbd854e5f2c", "OS-SRV-USG:terminated_at": null, "OS-EXT-AZ:availability_zone": "nova", "user_id": "1759e5a7ed64422b999ea0188d9f2104", "name": "tempest.common.compute-instance-1163509740", "created": "2015-12-16T13:25:57Z", "tenant_id": "ed138ce7288a46e2bf0636786c22afca", "OS-DCF:diskConfig": "MANUAL", "os-extended-volumes:volumes_attached": [], "accessIPv4": "", "accessIPv6": "", "progress": 0, "OS-EXT-STS:power_state": 0, "config_drive": "", "metadata": {}}}
2015-12-16 13:25:59,309 25114 INFO     [tempest.common.waiters] State transition "BUILD/scheduling" ==&gt; "BUILD/spawning" after 2 second wait
2015-12-16 13:26:00,560 25114 INFO     [tempest_lib.common.rest_client] Request (TestGettingAddress:test_dhcp6_stateless_from_os): 200 GET http://10.0.2.15:8774/v2.1/ed138ce7288a46e2bf0636786c22afca/servers/753ea4de-354f-4daa-96ab-3dbd854e5f2c 0.249s
2015-12-16 13:26:00,561 25114 DEBUG    [tempest_lib.common.rest_client] Request - Headers: {'Content-Type': 'application/json', 'Accept': 'application/json', 'X-Auth-Token': '&lt;omitted&gt;'}
        Body: None
    Response - Headers: {'status': '200', 'content-length': '1479', 'content-location': 'http://10.0.2.15:8774/v2.1/ed138ce7288a46e2bf0636786c22afca/servers/753ea4de-354f-4daa-96ab-3dbd854e5f2c', 'x-compute-request-id': 'req-4d041a8a-c008-4d00-8025-682aca09cd83', 'vary': 'X-OpenStack-Nova-API-Version', 'connection': 'close', 'x-openstack-nova-api-version': '2.1', 'date': 'Wed, 16 Dec 2015 13:26:00 GMT', 'content-type': 'application/json'}
        Body: {"server": {"status": "BUILD", "updated": "2015-12-16T13:25:58Z", "hostId": "e5debfa8cc36ef63735efbbadaac674bf50240b8f6a65e3d73873a85", "addresses": {}, "links": [{"href": "http://10.0.2.15:8774/v2.1/ed138ce7288a46e2bf0636786c22afca/servers/753ea4de-354f-4daa-96ab-3dbd854e5f2c", "rel": "self"}, {"href": "http://10.0.2.15:8774/ed138ce7288a46e2bf0636786c22afca/servers/753ea4de-354f-4daa-96ab-3dbd854e5f2c", "rel": "bookmark"}], "key_name": "tempest-TestGettingAddress-110726433", "image": {"id": "022f3975-0140-4de8-a0c9-51f29a6562c4", "links": [{"href": "http://10.0.2.15:8774/ed138ce7288a46e2bf0636786c22afca/images/022f3975-0140-4de8-a0c9-51f29a6562c4", "rel": "bookmark"}]}, "OS-EXT-STS:task_state": "spawning", "OS-EXT-STS:vm_state": "building", "OS-SRV-USG:launched_at": null, "flavor": {"id": "42", "links": [{"href": "http://10.0.2.15:8774/ed138ce7288a46e2bf0636786c22afca/flavors/42", "rel": "bookmark"}]}, "id": "753ea4de-354f-4daa-96ab-3dbd854e5f2c", "security_groups": [{"name": "tempest-secgroup-smoke-859576285"}], "OS-SRV-USG:terminated_at": null, "OS-EXT-AZ:availability_zone": "nova", "user_id": "1759e5a7ed64422b999ea0188d9f2104", "name": "tempest.common.compute-instance-1163509740", "created": "2015-12-16T13:25:57Z", "tenant_id": "ed138ce7288a46e2bf0636786c22afca", "OS-DCF:diskConfig": "MANUAL", "os-extended-volumes:volumes_attached": [], "accessIPv4": "", "accessIPv6": "", "progress": 0, "OS-EXT-STS:power_state": 0, "config_drive": "", "metadata": {}}}
2015-12-16 13:26:01,827 25114 INFO     [tempest_lib.common.rest_client] Request (TestGettingAddress:test_dhcp6_stateless_from_os): 200 GET http://10.0.2.15:8774/v2.1/ed138ce7288a46e2bf0636786c22afca/servers/753ea4de-354f-4daa-96ab-3dbd854e5f2c 0.256s
2015-12-16 13:26:01,827 25114 DEBUG    [tempest_lib.common.rest_client] Request - Headers: {'Content-Type': 'application/json', 'Accept': 'application/json', 'X-Auth-Token': '&lt;omitted&gt;'}
        Body: None
    Response - Headers: {'status': '200', 'content-length': '1779', 'content-location': 'http://10.0.2.15:8774/v2.1/ed138ce7288a46e2bf0636786c22afca/servers/753ea4de-354f-4daa-96ab-3dbd854e5f2c', 'x-compute-request-id': 'req-201a84b0-919f-43b8-ab56-50b4d0b160ba', 'vary': 'X-OpenStack-Nova-API-Version', 'connection': 'close', 'x-openstack-nova-api-version': '2.1', 'date': 'Wed, 16 Dec 2015 13:26:01 GMT', 'content-type': 'application/json'}
        Body: {"server": {"status": "ACTIVE", "updated": "2015-12-16T13:26:01Z", "hostId": "e5debfa8cc36ef63735efbbadaac674bf50240b8f6a65e3d73873a85", "addresses": {"tempest-network-smoke--578500549": [{"OS-EXT-IPS-MAC:mac_addr": "fa:16:3e:71:af:8f", "version": 4, "addr": "10.100.0.3", "OS-EXT-IPS:type": "fixed"}, {"OS-EXT-IPS-MAC:mac_addr": "fa:16:3e:71:af:8f", "version": 6, "addr": "2003::f816:3eff:fe71:af8f", "OS-EXT-IPS:type": "fixed"}]}, "links": [{"href": "http://10.0.2.15:8774/v2.1/ed138ce7288a46e2bf0636786c22afca/servers/753ea4de-354f-4daa-96ab-3dbd854e5f2c", "rel": "self"}, {"href": "http://10.0.2.15:8774/ed138ce7288a46e2bf0636786c22afca/servers/753ea4de-354f-4daa-96ab-3dbd854e5f2c", "rel": "bookmark"}], "key_name": "tempest-TestGettingAddress-110726433", "image": {"id": "022f3975-0140-4de8-a0c9-51f29a6562c4", "links": [{"href": "http://10.0.2.15:8774/ed138ce7288a46e2bf0636786c22afca/images/022f3975-0140-4de8-a0c9-51f29a6562c4", "rel": "bookmark"}]}, "OS-EXT-STS:task_state": null, "OS-EXT-STS:vm_state": "active", "OS-SRV-USG:launched_at": "2015-12-16T13:26:01.000000", "flavor": {"id": "42", "links": [{"href": "http://10.0.2.15:8774/ed138ce7288a46e2bf0636786c22afca/flavors/42", "rel": "bookmark"}]}, "id": "753ea4de-354f-4daa-96ab-3dbd854e5f2c", "security_groups": [{"name": "tempest-secgroup-smoke-859576285"}], "OS-SRV-USG:terminated_at": null, "OS-EXT-AZ:availability_zone": "nova", "user_id": "1759e5a7ed64422b999ea0188d9f2104", "name": "tempest.common.compute-instance-1163509740", "created": "2015-12-16T13:25:57Z", "tenant_id": "ed138ce7288a46e2bf0636786c22afca", "OS-DCF:diskConfig": "MANUAL", "os-extended-volumes:volumes_attached": [], "accessIPv4": "", "accessIPv6": "", "progress": 0, "OS-EXT-STS:power_state": 1, "config_drive": "True", "metadata": {}}}
2015-12-16 13:26:01,836 25114 INFO     [tempest.common.waiters] State transition "BUILD/spawning" ==&gt; "ACTIVE/None" after 4 second wait
2015-12-16 13:26:02,076 25114 INFO     [tempest_lib.common.rest_client] Request (TestGettingAddress:test_dhcp6_stateless_from_os): 200 GET http://10.0.2.15:8774/v2.1/ed138ce7288a46e2bf0636786c22afca/servers/753ea4de-354f-4daa-96ab-3dbd854e5f2c 0.240s
2015-12-16 13:26:02,077 25114 DEBUG    [tempest_lib.common.rest_client] Request - Headers: {'Content-Type': 'application/json', 'Accept': 'application/json', 'X-Auth-Token': '&lt;omitted&gt;'}
        Body: None
    Response - Headers: {'status': '200', 'content-length': '1779', 'content-location': 'http://10.0.2.15:8774/v2.1/ed138ce7288a46e2bf0636786c22afca/servers/753ea4de-354f-4daa-96ab-3dbd854e5f2c', 'x-compute-request-id': 'req-37f2ffae-fa7e-4641-834d-639466fd87a5', 'vary': 'X-OpenStack-Nova-API-Version', 'connection': 'close', 'x-openstack-nova-api-version': '2.1', 'date': 'Wed, 16 Dec 2015 13:26:02 GMT', 'content-type': 'application/json'}
        Body: {"server": {"status": "ACTIVE", "updated": "2015-12-16T13:26:01Z", "hostId": "e5debfa8cc36ef63735efbbadaac674bf50240b8f6a65e3d73873a85", "addresses": {"tempest-network-smoke--578500549": [{"OS-EXT-IPS-MAC:mac_addr": "fa:16:3e:71:af:8f", "version": 4, "addr": "10.100.0.3", "OS-EXT-IPS:type": "fixed"}, {"OS-EXT-IPS-MAC:mac_addr": "fa:16:3e:71:af:8f", "version": 6, "addr": "2003::f816:3eff:fe71:af8f", "OS-EXT-IPS:type": "fixed"}]}, "links": [{"href": "http://10.0.2.15:8774/v2.1/ed138ce7288a46e2bf0636786c22afca/servers/753ea4de-354f-4daa-96ab-3dbd854e5f2c", "rel": "self"}, {"href": "http://10.0.2.15:8774/ed138ce7288a46e2bf0636786c22afca/servers/753ea4de-354f-4daa-96ab-3dbd854e5f2c", "rel": "bookmark"}], "key_name": "tempest-TestGettingAddress-110726433", "image": {"id": "022f3975-0140-4de8-a0c9-51f29a6562c4", "links": [{"href": "http://10.0.2.15:8774/ed138ce7288a46e2bf0636786c22afca/images/022f3975-0140-4de8-a0c9-51f29a6562c4", "rel": "bookmark"}]}, "OS-EXT-STS:task_state": null, "OS-EXT-STS:vm_state": "active", "OS-SRV-USG:launched_at": "2015-12-16T13:26:01.000000", "flavor": {"id": "42", "links": [{"href": "http://10.0.2.15:8774/ed138ce7288a46e2bf0636786c22afca/flavors/42", "rel": "bookmark"}]}, "id": "753ea4de-354f-4daa-96ab-3dbd854e5f2c", "security_groups": [{"name": "tempest-secgroup-smoke-859576285"}], "OS-SRV-USG:terminated_at": null, "OS-EXT-AZ:availability_zone": "nova", "user_id": "1759e5a7ed64422b999ea0188d9f2104", "name": "tempest.common.compute-instance-1163509740", "created": "2015-12-16T13:25:57Z", "tenant_id": "ed138ce7288a46e2bf0636786c22afca", "OS-DCF:diskConfig": "MANUAL", "os-extended-volumes:volumes_attached": [], "accessIPv4": "", "accessIPv6": "", "progress": 0, "OS-EXT-STS:power_state": 1, "config_drive": "True", "metadata": {}}}
2015-12-16 13:26:02,118 25114 INFO     [tempest_lib.common.rest_client] Request (TestGettingAddress:test_dhcp6_stateless_from_os): 200 GET http://10.0.2.15:9696/v2.0/ports?status=ACTIVE&amp;fixed_ip=None&amp;device_id=753ea4de-354f-4daa-96ab-3dbd854e5f2c 0.033s
2015-12-16 13:26:02,118 25114 DEBUG    [tempest_lib.common.rest_client] Request - Headers: {'Content-Type': 'application/json', 'Accept': 'application/json', 'X-Auth-Token': '&lt;omitted&gt;'}
        Body: None
    Response - Headers: {'status': '200', 'content-length': '1142', 'content-location': 'http://10.0.2.15:9696/v2.0/ports?status=ACTIVE&amp;fixed_ip=None&amp;device_id=753ea4de-354f-4daa-96ab-3dbd854e5f2c', 'connection': 'close', 'date': 'Wed, 16 Dec 2015 13:26:02 GMT', 'content-type': 'application/json; charset=UTF-8', 'x-openstack-request-id': 'req-ce40349a-b74f-4e90-bbc8-12f33aad21cc'}
        Body: {"ports": [{"status": "ACTIVE", "binding:host_id": "vagrant-ubuntu-trusty-64", "allowed_address_pairs": [], "extra_dhcp_opts": [], "dns_assignment": [{"hostname": "host-10-100-0-3", "ip_address": "10.100.0.3", "fqdn": "host-10-100-0-3.openstacklocal."}, {"hostname": "host-2003--f816-3eff-fe71-af8f", "ip_address": "2003::f816:3eff:fe71:af8f", "fqdn": "host-2003--f816-3eff-fe71-af8f.openstacklocal."}], "device_owner": "compute:None", "port_security_enabled": true, "binding:profile": {}, "fixed_ips": [{"subnet_id": "917eb0cb-03c9-4ba4-af16-b87ffbca6ae5", "ip_address": "10.100.0.3"}, {"subnet_id": "3b5a4af7-b6a0-484a-864b-07f29add9702", "ip_address": "2003::f816:3eff:fe71:af8f"}], "id": "c45890e9-63ae-48c6-890f-d5998547d0b5", "security_groups": ["87fcc0bb-99f2-4b4b-a925-07565f2babfe"], "device_id": "753ea4de-354f-4daa-96ab-3dbd854e5f2c", "name": "", "admin_state_up": true, "network_id": "9116b34e-83cb-460f-9fce-a43502bc0e51", "dns_name": "", "binding:vif_details": {"port_filter": true}, "binding:vnic_type": "normal", "binding:vif_type": "ovs", "tenant_id": "ed138ce7288a46e2bf0636786c22afca", "mac_address": "fa:16:3e:71:af:8f"}]}
2015-12-16 13:26:02,764 25114 INFO     [tempest_lib.common.rest_client] Request (TestGettingAddress:test_dhcp6_stateless_from_os): 201 POST http://10.0.2.15:9696/v2.0/floatingips 0.645s
2015-12-16 13:26:02,765 25114 DEBUG    [tempest_lib.common.rest_client] Request - Headers: {'Content-Type': 'application/json', 'Accept': 'application/json', 'X-Auth-Token': '&lt;omitted&gt;'}
        Body: {"floatingip": {"floating_network_id": "c0d2c617-40a8-478e-9ea8-a8263a631f6e", "tenant_id": "ed138ce7288a46e2bf0636786c22afca", "fixed_ip_address": "10.100.0.3", "port_id": "c45890e9-63ae-48c6-890f-d5998547d0b5"}}
    Response - Headers: {'status': '201', 'content-length': '367', 'connection': 'close', 'date': 'Wed, 16 Dec 2015 13:26:02 GMT', 'content-type': 'application/json; charset=UTF-8', 'x-openstack-request-id': 'req-8b1a8063-d0e8-4d2a-8e60-155a25728e25'}
        Body: {"floatingip": {"floating_network_id": "c0d2c617-40a8-478e-9ea8-a8263a631f6e", "router_id": "d7edfa4d-5b4e-4539-8c54-0716087d0777", "fixed_ip_address": "10.100.0.3", "floating_ip_address": "172.24.4.4", "tenant_id": "ed138ce7288a46e2bf0636786c22afca", "status": "DOWN", "port_id": "c45890e9-63ae-48c6-890f-d5998547d0b5", "id": "e4b3a199-604f-40ff-b30f-aa985e7a5555"}}
2015-12-16 13:26:02,766 25114 INFO     [tempest_lib.common.ssh] Creating ssh connection to '172.24.4.4' as 'cirros' with public key authentication
2015-12-16 13:26:06,571 25114 WARNING  [tempest_lib.common.ssh] Failed to establish authenticated ssh connection to cirros@172.24.4.4 ([Errno None] Unable to connect to port 22 on  or 172.24.4.4). Number attempts: 1. Retry after 2 seconds.
2015-12-16 13:26:12,075 25114 WARNING  [tempest_lib.common.ssh] Failed to establish authenticated ssh connection to cirros@172.24.4.4 ([Errno None] Unable to connect to port 22 on  or 172.24.4.4). Number attempts: 2. Retry after 3 seconds.
2015-12-16 13:26:18,579 25114 WARNING  [tempest_lib.common.ssh] Failed to establish authenticated ssh connection to cirros@172.24.4.4 ([Errno None] Unable to connect to port 22 on  or 172.24.4.4). Number attempts: 3. Retry after 4 seconds.
2015-12-16 13:26:26,084 25114 WARNING  [tempest_lib.common.ssh] Failed to establish authenticated ssh connection to cirros@172.24.4.4 ([Errno None] Unable to connect to port 22 on  or 172.24.4.4). Number attempts: 4. Retry after 5 seconds.
2015-12-16 13:26:34,585 25114 WARNING  [tempest_lib.common.ssh] Failed to establish authenticated ssh connection to cirros@172.24.4.4 ([Errno None] Unable to connect to port 22 on  or 172.24.4.4). Number attempts: 5. Retry after 6 seconds.
2015-12-16 13:26:44,089 25114 WARNING  [tempest_lib.common.ssh] Failed to establish authenticated ssh connection to cirros@172.24.4.4 ([Errno None] Unable to connect to port 22 on  or 172.24.4.4). Number attempts: 6. Retry after 7 seconds.
2015-12-16 13:26:54,595 25114 WARNING  [tempest_lib.common.ssh] Failed to establish authenticated ssh connection to cirros@172.24.4.4 ([Errno None] Unable to connect to port 22 on  or 172.24.4.4). Number attempts: 7. Retry after 8 seconds.
2015-12-16 13:27:06,104 25114 WARNING  [tempest_lib.common.ssh] Failed to establish authenticated ssh connection to cirros@172.24.4.4 ([Errno None] Unable to connect to port 22 on  or 172.24.4.4). Number attempts: 8. Retry after 9 seconds.
2015-12-16 13:27:18,615 25114 WARNING  [tempest_lib.common.ssh] Failed to establish authenticated ssh connection to cirros@172.24.4.4 ([Errno None] Unable to connect to port 22 on  or 172.24.4.4). Number attempts: 9. Retry after 10 seconds.
2015-12-16 13:27:32,124 25114 WARNING  [tempest_lib.common.ssh] Failed to establish authenticated ssh connection to cirros@172.24.4.4 ([Errno None] Unable to connect to port 22 on  or 172.24.4.4). Number attempts: 10. Retry after 11 seconds.
2015-12-16 13:27:46,636 25114 WARNING  [tempest_lib.common.ssh] Failed to establish authenticated ssh connection to cirros@172.24.4.4 ([Errno None] Unable to connect to port 22 on  or 172.24.4.4). Number attempts: 11. Retry after 12 seconds.
2015-12-16 13:28:02,148 25114 WARNING  [tempest_lib.common.ssh] Failed to establish authenticated ssh connection to cirros@172.24.4.4 ([Errno None] Unable to connect to port 22 on  or 172.24.4.4). Number attempts: 12. Retry after 13 seconds.
2015-12-16 13:28:18,659 25114 WARNING  [tempest_lib.common.ssh] Failed to establish authenticated ssh connection to cirros@172.24.4.4 ([Errno None] Unable to connect to port 22 on  or 172.24.4.4). Number attempts: 13. Retry after 14 seconds.
2015-12-16 13:28:36,165 25114 WARNING  [tempest_lib.common.ssh] Failed to establish authenticated ssh connection to cirros@172.24.4.4 ([Errno None] Unable to connect to port 22 on  or 172.24.4.4). Number attempts: 14. Retry after 15 seconds.
2015-12-16 13:28:54,680 25114 WARNING  [tempest_lib.common.ssh] Failed to establish authenticated ssh connection to cirros@172.24.4.4 ([Errno None] Unable to connect to port 22 on  or 172.24.4.4). Number attempts: 15. Retry after 16 seconds.
2015-12-16 13:29:14,200 25114 WARNING  [tempest_lib.common.ssh] Failed to establish authenticated ssh connection to cirros@172.24.4.4 ([Errno None] Unable to connect to port 22 on  or 172.24.4.4). Number attempts: 16. Retry after 17 seconds.
2015-12-16 13:29:34,716 25114 ERROR    [tempest_lib.common.ssh] Failed to establish authenticated ssh connection to cirros@172.24.4.4 after 16 attempts
2015-12-16 13:29:34.716 25114 ERROR tempest_lib.common.ssh Traceback (most recent call last):
2015-12-16 13:29:34.716 25114 ERROR tempest_lib.common.ssh   File "/usr/local/lib/python2.7/dist-packages/tempest_lib/common/ssh.py", line 75, in _get_ssh_connection
2015-12-16 13:29:34.716 25114 ERROR tempest_lib.common.ssh     timeout=self.channel_timeout, pkey=self.pkey)
2015-12-16 13:29:34.716 25114 ERROR tempest_lib.common.ssh   File "/usr/local/lib/python2.7/dist-packages/paramiko/client.py", line 311, in connect
2015-12-16 13:29:34.716 25114 ERROR tempest_lib.common.ssh     raise NoValidConnectionsError(errors)
2015-12-16 13:29:34.716 25114 ERROR tempest_lib.common.ssh NoValidConnectionsError: [Errno None] Unable to connect to port 22 on  or 172.24.4.4
2015-12-16 13:29:34.716 25114 ERROR tempest_lib.common.ssh 
2015-12-16 13:29:34,718 25114 ERROR    [tempest.scenario.manager] (TestGettingAddress:test_dhcp6_stateless_from_os) Initializing SSH connection to 172.24.4.4 failed. Error: Connection to the 172.24.4.4 via SSH timed out.
User: cirros, Password: None
2015-12-16 13:29:34.718 25114 ERROR tempest.scenario.manager Traceback (most recent call last):
2015-12-16 13:29:34.718 25114 ERROR tempest.scenario.manager   File "tempest/scenario/manager.py", line 385, in get_remote_client
2015-12-16 13:29:34.718 25114 ERROR tempest.scenario.manager     linux_client.validate_authentication()
2015-12-16 13:29:34.718 25114 ERROR tempest.scenario.manager   File "tempest/common/utils/linux/remote_client.py", line 63, in validate_authentication
2015-12-16 13:29:34.718 25114 ERROR tempest.scenario.manager     self.ssh_client.test_connection_auth()
2015-12-16 13:29:34.718 25114 ERROR tempest.scenario.manager   File "/usr/local/lib/python2.7/dist-packages/tempest_lib/common/ssh.py", line 167, in test_connection_auth
2015-12-16 13:29:34.718 25114 ERROR tempest.scenario.manager     connection = self._get_ssh_connection()
2015-12-16 13:29:34.718 25114 ERROR tempest.scenario.manager   File "/usr/local/lib/python2.7/dist-packages/tempest_lib/common/ssh.py", line 87, in _get_ssh_connection
2015-12-16 13:29:34.718 25114 ERROR tempest.scenario.manager     password=self.password)
2015-12-16 13:29:34.718 25114 ERROR tempest.scenario.manager SSHTimeout: Connection to the 172.24.4.4 via SSH timed out.
2015-12-16 13:29:34.718 25114 ERROR tempest.scenario.manager User: cirros, Password: None
2015-12-16 13:29:34.718 25114 ERROR tempest.scenario.manager 
2015-12-16 13:29:34,800 25114 INFO     [tempest_lib.common.rest_client] Request (TestGettingAddress:test_dhcp6_stateless_from_os): 200 GET http://10.0.2.15:8774/v2.1/ed138ce7288a46e2bf0636786c22afca/servers 0.079s
2015-12-16 13:29:34,801 25114 DEBUG    [tempest_lib.common.rest_client] Request - Headers: {'Content-Type': 'application/json', 'Accept': 'application/json', 'X-Auth-Token': '&lt;omitted&gt;'}
        Body: None
    Response - Headers: {'status': '200', 'content-length': '391', 'content-location': 'http://10.0.2.15:8774/v2.1/ed138ce7288a46e2bf0636786c22afca/servers', 'x-compute-request-id': 'req-538f1af2-0f92-43cf-90a1-8558ca26f60f', 'vary': 'X-OpenStack-Nova-API-Version', 'connection': 'close', 'x-openstack-nova-api-version': '2.1', 'date': 'Wed, 16 Dec 2015 13:29:34 GMT', 'content-type': 'application/json'}
        Body: {"servers": [{"id": "753ea4de-354f-4daa-96ab-3dbd854e5f2c", "links": [{"href": "http://10.0.2.15:8774/v2.1/ed138ce7288a46e2bf0636786c22afca/servers/753ea4de-354f-4daa-96ab-3dbd854e5f2c", "rel": "self"}, {"href": "http://10.0.2.15:8774/ed138ce7288a46e2bf0636786c22afca/servers/753ea4de-354f-4daa-96ab-3dbd854e5f2c", "rel": "bookmark"}], "name": "tempest.common.compute-instance-1163509740"}]}
2015-12-16 13:29:35,034 25114 INFO     [tempest_lib.common.rest_client] Request (TestGettingAddress:test_dhcp6_stateless_from_os): 200 POST http://10.0.2.15:8774/v2.1/ed138ce7288a46e2bf0636786c22afca/servers/753ea4de-354f-4daa-96ab-3dbd854e5f2c/action 0.229s
2015-12-16 13:29:35,035 25114 DEBUG    [tempest_lib.common.rest_client] Request - Headers: {'Content-Type': 'application/json', 'Accept': 'application/json', 'X-Auth-Token': '&lt;omitted&gt;'}
        Body: {"os-getConsoleOutput": {}}
    Response - Headers: {'status': '200', 'content-length': '24671', 'x-compute-request-id': 'req-656f9b01-4cd6-431c-a95f-a75f7eef3ddc', 'vary': 'X-OpenStack-Nova-API-Version', 'connection': 'close', 'x-openstack-nova-api-version': '2.1', 'date': 'Wed, 16 Dec 2015 13:29:35 GMT', 'content-type': 'application/json'}
        Body: {"output": "[    0.000000] Initializing cgroup subsys cpuset\n[    0.000000] Initializing cgroup subsys cpu\n[    0.000000] Linux version 3.2.0-80-virtual (buildd@batsu) (gcc version 4.6.3 (Ubuntu/Linaro 4.6.3-1ubuntu5) ) #116-Ubuntu SMP Mon Mar 23 17:28:52 UTC 2015 (Ubuntu 3.2.0-80.116-virtual 3.2.68)\n[    0.000000] Command line: root=/dev/vda console=tty0 console=ttyS0 no_timer_check\n[    0.000000] KERNEL supported cpus:\n[    0.000000]   Intel GenuineIntel\n[    0.000000]   AMD AuthenticAMD\n[    0.000000]   Centaur CentaurHauls\n[    0.000000] BIOS-provided physical RAM map:\n[    0.000000]  BIOS-e820: 0000000000000000 - 000000000009fc00 (usable)\n[    0.000000]  BIOS-e820: 000000000009fc00 - 00000000000a0000 (reserved)\n[    0.000000]  BIOS-e820: 00000000000f0000 - 0000000000100000 (reserved)\n[    0.000000]  BIOS-e820: 0000000000100000 - 0000000003ffe000 (usable)\n[    0.000000]  BIOS-e820: 0000000003ffe000 - 0000000004000000 (reserved)\n[    0.000000]  BIOS-e820: 00000000fffc0000 - 0000000100000000 (reserved)\n[    0.000000] NX (Execute Disable) protection: active\n[    0.000000] SMBIOS 2.4 present.\n[    0.000000] No AGP bridge found\n[    0.000000] last_pfn = 0x3ffe max_arch_pfn = 0x400000000\n[    0.000000] x86 PAT enabled: cpu 0, old 0x7040600070406, new 0x7010600070106\n[    0.000000] found SMP MP-table at [ffff8800000f0b00] f0b00\n[    0.000000] init_memory_mapping: 0000000000000000-0000000003ffe000\n[    0.000000] RAMDISK: 03c5e000 - 03ff0000\n[    0.000000] ACPI: RSDP 00000000000f0950 00014 (v00 BOCHS )\n[    0.000000] ACPI: RSDT 0000000003fffbc1 00034 (v01 BOCHS  BXPCRSDT 00000001 BXPC 00000001)\n[    0.000000] ACPI: FACP 0000000003fff1c0 00074 (v01 BOCHS  BXPCFACP 00000001 BXPC 00000001)\n[    0.000000] ACPI: DSDT 0000000003ffe040 01180 (v01 BOCHS  BXPCDSDT 00000001 BXPC 00000001)\n[    0.000000] ACPI: FACS 0000000003ffe000 00040\n[    0.000000] ACPI: SSDT 0000000003fff234 008DD (v01 BOCHS  BXPCSSDT 00000001 BXPC 00000001)\n[    0.000000] ACPI: APIC 0000000003fffb11 00078 (v01 BOCHS  BXPCAPIC 00000001 BXPC 00000001)\n[    0.000000] ACPI: HPET 0000000003fffb89 00038 (v01 BOCHS  BXPCHPET 00000001 BXPC 00000001)\n[    0.000000] No NUMA configuration found\n[    0.000000] Faking a node at 0000000000000000-0000000003ffe000\n[    0.000000] Initmem setup node 0 0000000000000000-0000000003ffe000\n[    0.000000]   NODE_DATA [0000000003ff6000 - 0000000003ffafff]\n[    0.000000] Zone PFN ranges:\n[    0.000000]   DMA      0x00000010 -&gt; 0x00001000\n[    0.000000]   DMA32    0x00001000 -&gt; 0x00100000\n[    0.000000]   Normal   empty\n[    0.000000] Movable zone start PFN for each node\n[    0.000000] early_node_map[2] active PFN ranges\n[    0.000000]     0: 0x00000010 -&gt; 0x0000009f\n[    0.000000]     0: 0x00000100 -&gt; 0x00003ffe\n[    0.000000] ACPI: PM-Timer IO Port: 0xb008\n[    0.000000] ACPI: LAPIC (acpi_id[0x00] lapic_id[0x00] enabled)\n[    0.000000] ACPI: LAPIC_NMI (acpi_id[0xff] dfl dfl lint[0x1])\n[    0.000000] ACPI: IOAPIC (id[0x00] address[0xfec00000] gsi_base[0])\n[    0.000000] IOAPIC[0]: apic_id 0, version 17, address 0xfec00000, GSI 0-23\n[    0.000000] ACPI: INT_SRC_OVR (bus 0 bus_irq 0 global_irq 2 dfl dfl)\n[    0.000000] ACPI: INT_SRC_OVR (bus 0 bus_irq 5 global_irq 5 high level)\n[    0.000000] ACPI: INT_SRC_OVR (bus 0 bus_irq 9 global_irq 9 high level)\n[    0.000000] ACPI: INT_SRC_OVR (bus 0 bus_irq 10 global_irq 10 high level)\n[    0.000000] ACPI: INT_SRC_OVR (bus 0 bus_irq 11 global_irq 11 high level)\n[    0.000000] Using ACPI (MADT) for SMP configuration information\n[    0.000000] ACPI: HPET id: 0x8086a201 base: 0xfed00000\n[    0.000000] SMP: Allowing 1 CPUs, 0 hotplug CPUs\n[    0.000000] PM: Registered nosave memory: 000000000009f000 - 00000000000a0000\n[    0.000000] PM: Registered nosave memory: 00000000000a0000 - 00000000000f0000\n[    0.000000] PM: Registered nosave memory: 00000000000f0000 - 0000000000100000\n[    0.000000] Allocating PCI resources starting at 4000000 (gap: 4000000:fbfc0000)\n[    0.000000] Booting paravirtualized kernel on bare hardware\n[    0.000000] setup_pe
2015-12-16 13:29:35,038 25114 DEBUG    [tempest.scenario.manager] Console output for 753ea4de-354f-4daa-96ab-3dbd854e5f2c
body=
[    0.000000] Initializing cgroup subsys cpuset
[    0.000000] Initializing cgroup subsys cpu
[    0.000000] Linux version 3.2.0-80-virtual (buildd@batsu) (gcc version 4.6.3 (Ubuntu/Linaro 4.6.3-1ubuntu5) ) #116-Ubuntu SMP Mon Mar 23 17:28:52 UTC 2015 (Ubuntu 3.2.0-80.116-virtual 3.2.68)
[    0.000000] Command line: root=/dev/vda console=tty0 console=ttyS0 no_timer_check
[    0.000000] KERNEL supported cpus:
[    0.000000]   Intel GenuineIntel
[    0.000000]   AMD AuthenticAMD
[    0.000000]   Centaur CentaurHauls
[    0.000000] BIOS-provided physical RAM map:
[    0.000000]  BIOS-e820: 0000000000000000 - 000000000009fc00 (usable)
[    0.000000]  BIOS-e820: 000000000009fc00 - 00000000000a0000 (reserved)
[    0.000000]  BIOS-e820: 00000000000f0000 - 0000000000100000 (reserved)
[    0.000000]  BIOS-e820: 0000000000100000 - 0000000003ffe000 (usable)
[    0.000000]  BIOS-e820: 0000000003ffe000 - 0000000004000000 (reserved)
[    0.000000]  BIOS-e820: 00000000fffc0000 - 0000000100000000 (reserved)
[    0.000000] NX (Execute Disable) protection: active
[    0.000000] SMBIOS 2.4 present.
[    0.000000] No AGP bridge found
[    0.000000] last_pfn = 0x3ffe max_arch_pfn = 0x400000000
[    0.000000] x86 PAT enabled: cpu 0, old 0x7040600070406, new 0x7010600070106
[    0.000000] found SMP MP-table at [ffff8800000f0b00] f0b00
[    0.000000] init_memory_mapping: 0000000000000000-0000000003ffe000
[    0.000000] RAMDISK: 03c5e000 - 03ff0000
[    0.000000] ACPI: RSDP 00000000000f0950 00014 (v00 BOCHS )
[    0.000000] ACPI: RSDT 0000000003fffbc1 00034 (v01 BOCHS  BXPCRSDT 00000001 BXPC 00000001)
[    0.000000] ACPI: FACP 0000000003fff1c0 00074 (v01 BOCHS  BXPCFACP 00000001 BXPC 00000001)
[    0.000000] ACPI: DSDT 0000000003ffe040 01180 (v01 BOCHS  BXPCDSDT 00000001 BXPC 00000001)
[    0.000000] ACPI: FACS 0000000003ffe000 00040
[    0.000000] ACPI: SSDT 0000000003fff234 008DD (v01 BOCHS  BXPCSSDT 00000001 BXPC 00000001)
[    0.000000] ACPI: APIC 0000000003fffb11 00078 (v01 BOCHS  BXPCAPIC 00000001 BXPC 00000001)
[    0.000000] ACPI: HPET 0000000003fffb89 00038 (v01 BOCHS  BXPCHPET 00000001 BXPC 00000001)
[    0.000000] No NUMA configuration found
[    0.000000] Faking a node at 0000000000000000-0000000003ffe000
[    0.000000] Initmem setup node 0 0000000000000000-0000000003ffe000
[    0.000000]   NODE_DATA [0000000003ff6000 - 0000000003ffafff]
[    0.000000] Zone PFN ranges:
[    0.000000]   DMA      0x00000010 -&gt; 0x00001000
[    0.000000]   DMA32    0x00001000 -&gt; 0x00100000
[    0.000000]   Normal   empty
[    0.000000] Movable zone start PFN for each node
[    0.000000] early_node_map[2] active PFN ranges
[    0.000000]     0: 0x00000010 -&gt; 0x0000009f
[    0.000000]     0: 0x00000100 -&gt; 0x00003ffe
[    0.000000] ACPI: PM-Timer IO Port: 0xb008
[    0.000000] ACPI: LAPIC (acpi_id[0x00] lapic_id[0x00] enabled)
[    0.000000] ACPI: LAPIC_NMI (acpi_id[0xff] dfl dfl lint[0x1])
[    0.000000] ACPI: IOAPIC (id[0x00] address[0xfec00000] gsi_base[0])
[    0.000000] IOAPIC[0]: apic_id 0, version 17, address 0xfec00000, GSI 0-23
[    0.000000] ACPI: INT_SRC_OVR (bus 0 bus_irq 0 global_irq 2 dfl dfl)
[    0.000000] ACPI: INT_SRC_OVR (bus 0 bus_irq 5 global_irq 5 high level)
[    0.000000] ACPI: INT_SRC_OVR (bus 0 bus_irq 9 global_irq 9 high level)
[    0.000000] ACPI: INT_SRC_OVR (bus 0 bus_irq 10 global_irq 10 high level)
[    0.000000] ACPI: INT_SRC_OVR (bus 0 bus_irq 11 global_irq 11 high level)
[    0.000000] Using ACPI (MADT) for SMP configuration information
[    0.000000] ACPI: HPET id: 0x8086a201 base: 0xfed00000
[    0.000000] SMP: Allowing 1 CPUs, 0 hotplug CPUs
[    0.000000] PM: Registered nosave memory: 000000000009f000 - 00000000000a0000
[    0.000000] PM: Registered nosave memory: 00000000000a0000 - 00000000000f0000
[    0.000000] PM: Registered nosave memory: 00000000000f0000 - 0000000000100000
[    0.000000] Allocating PCI resources starting at 4000000 (gap: 4000000:fbfc0000)
[    0.000000] Booting paravirtualized kernel on bare hardware
[    0.000000] setup_percpu: NR_CPUS:64 nr_cpumask_bits:64 nr_cpu_ids:1 nr_node_ids:1
[    0.000000] PERCPU: Embedded 27 pages/cpu @ffff880003a00000 s78848 r8192 d23552 u2097152
[    0.000000] Built 1 zonelists in Node order, mobility grouping on.  Total pages: 16008
[    0.000000] Policy zone: DMA32
[    0.000000] Kernel command line: root=/dev/vda console=tty0 console=ttyS0 no_timer_check
[    0.000000] PID hash table entries: 256 (order: -1, 2048 bytes)
[    0.000000] Checking aperture...
[    0.000000] No AGP bridge found
[    0.000000] Memory: 43492k/65528k available (6576k kernel code, 452k absent, 21584k reserved, 6620k data, 928k init)
[    0.000000] SLUB: Genslabs=15, HWalign=64, Order=0-3, MinObjects=0, CPUs=1, Nodes=1
[    0.000000] Hierarchical RCU implementation.
[    0.000000] 	RCU dyntick-idle grace-period acceleration is enabled.
[    0.000000] NR_IRQS:4352 nr_irqs:256 16
[    0.000000] Console: colour VGA+ 80x25
[    0.000000] console [tty0] enabled
[    0.000000] console [ttyS0] enabled
[    0.000000] allocated 1048576 bytes of page_cgroup
[    0.000000] please try 'cgroup_disable=memory' option if you don't want memory cgroups
[    0.000000] Fast TSC calibration failed
[    0.000000] TSC: Unable to calibrate against PIT
[    0.000000] TSC: using HPET reference calibration
[    0.000000] Detected 2294.746 MHz processor.
[    0.036263] Calibrating delay loop (skipped), value calculated using timer frequency.. 4589.49 BogoMIPS (lpj=9178984)
[    0.038023] pid_max: default: 32768 minimum: 301
[    0.045608] Security Framework initialized
[    0.049976] AppArmor: AppArmor initialized
[    0.050689] Yama: becoming mindful.
[    0.056889] Dentry cache hash table entries: 8192 (order: 4, 65536 bytes)
[    0.058304] Inode-cache hash table entries: 4096 (order: 3, 32768 bytes)
[    0.060181] Mount-cache hash table entries: 256
[    0.084465] Initializing cgroup subsys cpuacct
[    0.085437] Initializing cgroup subsys memory
[    0.086892] Initializing cgroup subsys devices
[    0.088189] Initializing cgroup subsys freezer
[    0.088891] Initializing cgroup subsys blkio
[    0.089623] Initializing cgroup subsys perf_event
[    0.094621] mce: CPU supports 10 MCE banks
[    0.098307] SMP alternatives: switching to UP code
[    0.493879] Freeing SMP alternatives: 24k freed
[    0.495538] ACPI: Core revision 20110623
[    0.544576] ftrace: allocating 26610 entries in 105 pages
[    0.584883] ..TIMER: vector=0x30 apic1=0 pin1=2 apic2=-1 pin2=-1
[    0.586310] CPU0: AMD QEMU Virtual CPU version 2.0.0 stepping 03
[    0.592036] Performance Events: Broken PMU hardware detected, using software events only.
[    0.600131] NMI watchdog disabled (cpu0): hardware events not enabled
[    0.601805] Brought up 1 CPUs
[    0.603153] Total of 1 processors activated (4589.49 BogoMIPS).
[    0.630284] devtmpfs: initialized
[    0.666324] EVM: security.selinux
[    0.666817] EVM: security.SMACK64
[    0.667286] EVM: security.capability
[    0.689214] print_constraints: dummy: 
[    0.690851] RTC time: 13:26:05, date: 12/16/15
[    0.693951] NET: Registered protocol family 16
[    0.700497] ACPI: bus type pci registered
[    0.707233] PCI: Using configuration type 1 for base access
[    0.746852] bio: create slab &lt;bio-0&gt; at 0
[    0.751191] ACPI: Added _OSI(Module Device)
[    0.752064] ACPI: Added _OSI(Processor Device)
[    0.752785] ACPI: Added _OSI(3.0 _SCP Extensions)
[    0.753482] ACPI: Added _OSI(Processor Aggregator Device)
[    0.822925] ACPI: Interpreter enabled
[    0.824129] ACPI: (supports S0 S3 S4 S5)
[    0.826894] ACPI: Using IOAPIC for interrupt routing
[    0.894000] ACPI: No dock devices found.
[    0.894650] HEST: Table not found.
[    0.895200] PCI: Using host bridge windows from ACPI; if necessary, use "pci=nocrs" and report a bug
[    0.901570] ACPI: PCI Root Bridge [PCI0] (domain 0000 [bus 00-ff])
[    0.908419] pci_root PNP0A03:00: host bridge window [io  0x0000-0x0cf7]
[    0.909293] pci_root PNP0A03:00: host bridge window [io  0x0d00-0xadff]
[    0.910381] pci_root PNP0A03:00: host bridge window [io  0xae0f-0xaeff]
[    0.911470] pci_root PNP0A03:00: host bridge window [io  0xaf20-0xafdf]
[    0.912110] pci_root PNP0A03:00: host bridge window [io  0xafe4-0xffff]
[    0.912980] pci_root PNP0A03:00: host bridge window [mem 0x000a0000-0x000bffff]
[    0.916109] pci_root PNP0A03:00: host bridge window [mem 0x04000000-0xfebfffff]
[    0.938548] pci 0000:00:01.3: quirk: [io  0xb000-0xb03f] claimed by PIIX4 ACPI
[    0.940197] pci 0000:00:01.3: quirk: [io  0xb100-0xb10f] claimed by PIIX4 SMB
[    1.024494]  pci0000:00: Unable to request _OSC control (_OSC support mask: 0x1e)
[    1.083269] ACPI: PCI Interrupt Link [LNKA] (IRQs 5 *10 11)
[    1.085939] ACPI: PCI Interrupt Link [LNKB] (IRQs 5 *10 11)
[    1.088908] ACPI: PCI Interrupt Link [LNKC] (IRQs 5 10 *11)
[    1.090567] ACPI: PCI Interrupt Link [LNKD] (IRQs 5 10 *11)
[    1.092877] ACPI: PCI Interrupt Link [LNKS] (IRQs *9)
[    1.100788] vgaarb: device added: PCI:0000:00:02.0,decodes=io+mem,owns=io+mem,locks=none
[    1.101854] vgaarb: loaded
[    1.102375] vgaarb: bridge control possible 0000:00:02.0
[    1.106232] i2c-core: driver [aat2870] using legacy suspend method
[    1.107065] i2c-core: driver [aat2870] using legacy resume method
[    1.109722] SCSI subsystem initialized
[    1.113558] usbcore: registered new interface driver usbfs
[    1.114916] usbcore: registered new interface driver hub
[    1.116710] usbcore: registered new device driver usb
[    1.120764] PCI: Using ACPI for IRQ routing
[    1.131571] NetLabel: Initializing
[    1.132147] NetLabel:  domain hash size = 128
[    1.132683] NetLabel:  protocols = UNLABELED CIPSOv4
[    1.134615] NetLabel:  unlabeled traffic allowed by default
[    1.137481] HPET: 3 timers in total, 0 timers will be used for per-cpu timer
[    1.140305] hpet0: at MMIO 0xfed00000, IRQs 2, 8, 0
[    1.141143] hpet0: 3 comparators, 64-bit 100.000000 MHz counter
[    1.153122] Switching to clocksource hpet
[    1.371318] AppArmor: AppArmor Filesystem Enabled
[    1.374011] pnp: PnP ACPI init
[    1.374643] ACPI: bus type pnp registered
[    1.396009] pnp: PnP ACPI: found 9 devices
[    1.396997] ACPI: ACPI bus type pnp unregistered
[    1.494008] NET: Registered protocol family 2
[    1.535364] IP route cache hash table entries: 512 (order: 0, 4096 bytes)
[    1.549401] TCP established hash table entries: 2048 (order: 3, 32768 bytes)
[    1.552288] TCP bind hash table entries: 2048 (order: 3, 32768 bytes)
[    1.555287] TCP: Hash tables configured (established 2048 bind 2048)
[    1.558245] TCP reno registered
[    1.559313] UDP hash table entries: 128 (order: 0, 4096 bytes)
[    1.562249] UDP-Lite hash table entries: 128 (order: 0, 4096 bytes)
[    1.567901] NET: Registered protocol family 1
[    1.571000] pci 0000:00:00.0: Limiting direct PCI/PCI transfers
[    1.573675] pci 0000:00:01.0: PIIX3: Enabling Passive Release
[    1.574781] pci 0000:00:01.0: Activating ISA DMA hang workarounds
[    1.583245] ACPI: PCI Interrupt Link [LNKD] enabled at IRQ 11
[    1.585614] pci 0000:00:01.2: PCI INT D -&gt; Link[LNKD] -&gt; GSI 11 (level, high) -&gt; IRQ 11
[    1.587978] pci 0000:00:01.2: PCI INT D disabled
[    1.610873] Trying to unpack rootfs image as initramfs...
[    1.627129] audit: initializing netlink socket (disabled)
[    1.629751] type=2000 audit(1450272365.628:1): initialized
[    1.931487] HugeTLB registered 2 MB page size, pre-allocated 0 pages
[    2.003406] VFS: Disk quotas dquot_6.5.2
[    2.005698] Dquot-cache hash table entries: 512 (order 0, 4096 bytes)
[    2.026713] fuse init (API version 7.17)
[    2.030124] msgmni has been set to 84
[    2.066530] Block layer SCSI generic (bsg) driver version 0.4 loaded (major 253)
[    2.069996] io scheduler noop registered
[    2.070582] io scheduler deadline registered (default)
[    2.071386] io scheduler cfq registered
[    2.076720] pci_hotplug: PCI Hot Plug PCI Core version: 0.5
[    2.079758] pciehp: PCI Express Hot Plug Controller Driver version: 0.4
[    2.086972] input: Power Button as /devices/LNXSYSTM:00/LNXPWRBN:00/input/input0
[    2.089537] ACPI: Power Button [PWRF]
[    2.146207] ERST: Table is not found!
[    2.146738] GHES: HEST is not enabled!
[    2.155937] ACPI: PCI Interrupt Link [LNKC] enabled at IRQ 10
[    2.157378] virtio-pci 0000:00:03.0: PCI INT A -&gt; Link[LNKC] -&gt; GSI 10 (level, high) -&gt; IRQ 10
[    2.161570] virtio-pci 0000:00:04.0: PCI INT A -&gt; Link[LNKD] -&gt; GSI 11 (level, high) -&gt; IRQ 11
[    2.174954] ACPI: PCI Interrupt Link [LNKA] enabled at IRQ 10
[    2.175590] virtio-pci 0000:00:05.0: PCI INT A -&gt; Link[LNKA] -&gt; GSI 10 (level, high) -&gt; IRQ 10
[    2.186310] Serial: 8250/16550 driver, 32 ports, IRQ sharing enabled
[    2.227952] serial8250: ttyS0 at I/O 0x3f8 (irq = 4) is a 16550A
[    2.321365] serial8250: ttyS1 at I/O 0x2f8 (irq = 3) is a 16550A
[    2.477708] 00:05: ttyS0 at I/O 0x3f8 (irq = 4) is a 16550A
[    2.565214] 00:06: ttyS1 at I/O 0x2f8 (irq = 3) is a 16550A
[    2.594391] Refined TSC clocksource calibration: 2294.793 MHz.
[    2.595203] Switching to clocksource tsc
[    2.621768] Linux agpgart interface v0.103
[    2.691654] brd: module loaded
[    2.723132] loop: module loaded
[    2.773441]  vda: unknown partition table
[    2.826317] scsi0 : ata_piix
[    2.833713] scsi1 : ata_piix
[    2.835064] ata1: PATA max MWDMA2 cmd 0x1f0 ctl 0x3f6 bmdma 0xc0a0 irq 14
[    2.835932] ata2: PATA max MWDMA2 cmd 0x170 ctl 0x376 bmdma 0xc0a8 irq 15
[    2.845903] Fixed MDIO Bus: probed
[    2.847523] tun: Universal TUN/TAP device driver, 1.6
[    2.848007] tun: (C) 1999-2004 Max Krasnyansky &lt;maxk@qualcomm.com&gt;
[    2.862469] PPP generic driver version 2.4.2
[    2.887864] ehci_hcd: USB 2.0 'Enhanced' Host Controller (EHCI) Driver
[    2.890078] ohci_hcd: USB 1.1 'Open' Host Controller (OHCI) Driver
[    2.890973] uhci_hcd: USB Universal Host Controller Interface driver
[    2.892073] uhci_hcd 0000:00:01.2: PCI INT D -&gt; Link[LNKD] -&gt; GSI 11 (level, high) -&gt; IRQ 11
[    2.895358] uhci_hcd 0000:00:01.2: UHCI Host Controller
[    2.909483] uhci_hcd 0000:00:01.2: new USB bus registered, assigned bus number 1
[    2.911193] uhci_hcd 0000:00:01.2: irq 11, io base 0x0000c040
[    2.938968] hub 1-0:1.0: USB hub found
[    2.941544] hub 1-0:1.0: 2 ports detected
[    2.947766] usbcore: registered new interface driver libusual
[    2.951656] i8042: PNP: PS/2 Controller [PNP0303:KBD,PNP0f13:MOU] at 0x60,0x64 irq 1,12
[    2.964157] serio: i8042 KBD port at 0x60,0x64 irq 1
[    2.967074] serio: i8042 AUX port at 0x60,0x64 irq 12
[    3.019275] mousedev: PS/2 mouse device common for all mice
[    3.030474] input: AT Translated Set 2 keyboard as /devices/platform/i8042/serio0/input/input1
[    3.041761] rtc_cmos 00:01: RTC can wake from S4
[    3.051775] rtc_cmos 00:01: rtc core: registered rtc_cmos as rtc0
[    3.058875] rtc0: alarms up to one day, 114 bytes nvram, hpet irqs
[    3.063227] device-mapper: uevent: version 1.0.3
[    3.094050] ata2.01: ATAPI: QEMU DVD-ROM, 2.0.0, max UDMA/100
[    3.106073] device-mapper: ioctl: 4.22.0-ioctl (2011-10-19) initialised: dm-devel@redhat.com
[    3.111280] cpuidle: using governor ladder
[    3.112683] cpuidle: using governor menu
[    3.114130] EFI Variables Facility v0.08 2004-May-17
[    3.124985] TCP cubic registered
[    3.127902] NET: Registered protocol family 10
[    3.161493] NET: Registered protocol family 17
[    3.162925] Registering the dns_resolver key type
[    3.170424] ata2.01: configured for MWDMA2
[    3.214195] scsi 1:0:1:0: CD-ROM            QEMU     QEMU DVD-ROM     2.0. PQ: 0 ANSI: 5
[    3.255592] sr0: scsi3-mmc drive: 4x/4x cd/rw xa/form2 tray
[    3.259877] cdrom: Uniform CD-ROM driver Revision: 3.20
[    3.282628] sr 1:0:1:0: Attached scsi generic sg0 type 5
[    3.307088] registered taskstats version 1
[    3.371704] Freeing initrd memory: 3656k freed
[    3.892142]   Magic number: 11:990:432
[    3.909993] rtc_cmos 00:01: setting system clock to 2015-12-16 13:26:08 UTC (1450272368)
[    3.915290] powernow-k8: Processor cpuid 663 not supported
[    3.923400] BIOS EDD facility v0.16 2004-Jun-25, 0 devices found
[    3.924783] EDD information not available.
[    4.012781] Freeing unused kernel memory: 928k freed
[    4.018696] Write protecting the kernel read-only data: 12288k
[    4.149766] Freeing unused kernel memory: 1596k freed
[    4.211234] Freeing unused kernel memory: 1184k freed

info: initramfs: up at 4.38
modprobe: module virtio_blk not found in modules.dep
modprobe: module virtio_net not found in modules.dep
info: copying initramfs to /dev/vda
info: initramfs loading root from /dev/vda
info: /etc/init.d/rc.sysinit: up at 9.17
info: container: none
Starting logging: OK
modprobe: module virtio_blk not found in modules.dep
modprobe: module virtio_net not found in modules.dep
WARN: /etc/rc3.d/S10-load-modules failed
Initializing random number generator... done.
Starting acpid: OK
cirros-ds 'local' up at 11.74
found datasource (configdrive, local)
Starting network...
udhcpc (v1.20.1) started
Sending discover...
Sending discover...
Sending discover...
Usage: /sbin/cirros-dhcpc &lt;up|down&gt;
No lease, failing
WARN: /etc/rc3.d/S40-network failed
Starting dropbear sshd: generating rsa key... generating dsa key... OK
no userdata for datasource
=== system information ===
Platform: OpenStack Foundation OpenStack Nova
Container: none
Arch: x86_64
CPU(s): 1 @ 2294.746 MHz
Cores/Sockets/Threads: 1/1/1
Virt-type: AMD-V
RAM Size: 49MB
Disks:
NAME MAJ:MIN     SIZE LABEL         MOUNTPOINT
vda  253:0   25165824 cirros-rootfs /
sr0   11:0     428032 config-2      
=== sshd host keys ===
-----BEGIN SSH HOST KEY KEYS-----
ssh-rsa AAAAB3NzaC1yc2EAAAADAQABAAAAgn7YQZeZgCgEkTUi3UanFx/NXBA5sd/6iBG69VHMAvQqsZ49SW+T1zXfJEulv2PwkbCVvB0gxEyLQoHRk+da9svPemROk7iwLbAjL2zomQM9VuzQYMQEZFgFx62qaZpWxKeAbqGR23+A0truTRGDSPGdqJGKg6Xm6oIHv5Lvw6Eq7y0= root@tempest
ssh-dss AAAAB3NzaC1kc3MAAACBAPCdm465ygJiVHckguQRHN+fYCvUg++CrYsPh0/vskyZxmIn1u1oFTQlJbL4QU8kKUYOyB6efDD+pCSQHse2ujmy8VscpVaBK8rUeb+wZkba4tuXSRpmT80GljJZiR73Q/ZJUnvY3njHhG1CUqCewMAVh4+9Yp/6pP1ITh12gXkNAAAAFQCoATiUyD8doTjtHFRzQJdP/6XCgQAAAIEApEM+bmKuIlJW0suJppdY5ERs2hiJIYKBFpkIgO8Q8ecqdYiZOq4186bb+hehZClkR5c+wHi6hIndPvoUmM3ATdP+i7p5pK2NSSqlkRTdIX6HoZ0XmX1V3BZQaB4Dc2E4ZS8s/2iJ0IwQoHtQM7wDod88ma4Nt0JyKfjHr6LVa/4AAACBALGp14/GnYjK31au7Awda6tWiO8lX2Afr4Q4wemtyjX+lI27MU7mbBsi3h1Zfyupdn3/UtukhgdOhlnYN+Y2G6lr6tRKhhmiWrIqpMkgx88QJebSPOiYfZNCP1Ag0Y2hf+Xu4i1RWUHDHBggZefex+7Y+/R6qh/LSJxnoZqF+oXk root@tempest
-----END SSH HOST KEY KEYS-----
=== network info ===
if-info: lo,up,127.0.0.1,8,::1
if-info: eth0,up,,8,fe80::f816:3eff:fe71:af8f
=== datasource: configdrive local ===
instance-id: 753ea4de-354f-4daa-96ab-3dbd854e5f2c
name: tempest.common.compute-instance-1163509740
availability-zone: nova
local-hostname: tempest.common.compute-instance-1163509740.novalocal
launch-index: 0
=== cirros: current=0.3.4 uptime=202.82 ===
route: fscanf
=== pinging gateway failed, debugging connection ===
############ debug start ##############
### /etc/init.d/sshd start
Starting dropbear sshd: OK
route: fscanf
### ifconfig -a
eth0      Link encap:Ethernet  HWaddr FA:16:3E:71:AF:8F  
          inet6 addr: fe80::f816:3eff:fe71:af8f/64 Scope:Link
          UP BROADCAST RUNNING MULTICAST  MTU:1500  Metric:1
          RX packets:12 errors:0 dropped:5 overruns:0 frame:0
          TX packets:8 errors:0 dropped:0 overruns:0 carrier:0
          collisions:0 txqueuelen:1000 
          RX bytes:1293 (1.2 KiB)  TX bytes:1134 (1.1 KiB)

lo        Link encap:Local Loopback  
          inet addr:127.0.0.1  Mask:255.0.0.0
          inet6 addr: ::1/128 Scope:Host
          UP LOOPBACK RUNNING  MTU:16436  Metric:1
          RX packets:12 errors:0 dropped:0 overruns:0 frame:0
          TX packets:12 errors:0 dropped:0 overruns:0 carrier:0
          collisions:0 txqueuelen:0 
          RX bytes:1020 (1020.0 B)  TX bytes:1020 (1020.0 B)

### route -n
Kernel IP routing table
Destination     Gateway         Genmask         Flags Metric Ref    Use Iface
route: fscanf
### cat /etc/resolv.conf
cat: can't open '/etc/resolv.conf': No such file or directory
### gateway not found
/sbin/cirros-status: line 1: can't open /etc/resolv.conf: no such file
### pinging nameservers
### uname -a
Linux tempest 3.2.0-80-virtual #116-Ubuntu SMP Mon Mar 23 17:28:52 UTC 2015 x86_64 GNU/Linux
### lsmod
Module                  Size  Used by    Not tainted
nls_iso8859_1          12713  0 
nls_cp437              16991  0 
vfat                   17585  0 
fat                    61512  1 vfat
isofs                  40259  0 
ip_tables              27473  0 
x_tables               29891  1 ip_tables
pcnet32                42119  0 
8139cp                 27360  0 
ne2k_pci               13691  0 
8390                   18856  1 ne2k_pci
e1000                 108589  0 
acpiphp                24231  0 
### dmesg | tail
[    5.214173] EXT3-fs (vda): mounted filesystem with ordered data mode
[    5.513524] ISO 9660 Extensions: Microsoft Joliet Level 3
[    5.594382] ISO 9660 Extensions: RRIP_1991A
[    5.830812] kjournald starting.  Commit interval 5 seconds
[    5.843000] EXT3-fs (vda): using internal journal
[    5.843090] EXT3-fs (vda): mounted filesystem with ordered data mode
[    9.217533] EXT3-fs (vda): using internal journal
[   12.544902] ISO 9660 Extensions: Microsoft Joliet Level 3
[   12.639412] ISO 9660 Extensions: RRIP_1991A
[   27.827097] eth0: no IPv6 routers present
### tail -n 25 /var/log/messages
Dec 16 13:26:15 cirros kern.info kernel: [    4.730228] acpiphp: Slot [26] registered
Dec 16 13:26:15 cirros kern.info kernel: [    4.730524] acpiphp: Slot [27] registered
Dec 16 13:26:15 cirros kern.info kernel: [    4.730590] acpiphp: Slot [28] registered
Dec 16 13:26:15 cirros kern.info kernel: [    4.730944] acpiphp: Slot [29] registered
Dec 16 13:26:15 cirros kern.info kernel: [    4.731240] acpiphp: Slot [30] registered
Dec 16 13:26:15 cirros kern.info kernel: [    4.731530] acpiphp: Slot [31] registered
Dec 16 13:26:15 cirros kern.info kernel: [    4.782993] e1000: Intel(R) PRO/1000 Network Driver - version 7.3.21-k8-NAPI
Dec 16 13:26:15 cirros kern.info kernel: [    4.783089] e1000: Copyright (c) 1999-2006 Intel Corporation.
Dec 16 13:26:15 cirros kern.info kernel: [    4.831106] ne2k-pci.c:v1.03 9/22/2003 D. Becker/P. Gortmaker
Dec 16 13:26:15 cirros kern.info kernel: [    4.866112] 8139cp: 8139cp: 10/100 PCI Ethernet driver v1.3 (Mar 22, 2004)
Dec 16 13:26:15 cirros kern.info kernel: [    4.905866] pcnet32: pcnet32.c:v1.35 21.Apr.2008 tsbogend@alpha.franken.de
Dec 16 13:26:15 cirros kern.info kernel: [    4.947251] ip_tables: (C) 2000-2006 Netfilter Core Team
Dec 16 13:26:15 cirros kern.info kernel: [    5.208790] kjournald starting.  Commit interval 5 seconds
Dec 16 13:26:15 cirros kern.info kernel: [    5.214173] EXT3-fs (vda): mounted filesystem with ordered data mode
Dec 16 13:26:15 cirros kern.debug kernel: [    5.513524] ISO 9660 Extensions: Microsoft Joliet Level 3
Dec 16 13:26:15 cirros kern.debug kernel: [    5.594382] ISO 9660 Extensions: RRIP_1991A
Dec 16 13:26:15 cirros kern.info kernel: [    5.830812] kjournald starting.  Commit interval 5 seconds
Dec 16 13:26:15 cirros kern.info kernel: [    5.843000] EXT3-fs (vda): using internal journal
Dec 16 13:26:15 cirros kern.info kernel: [    5.843090] EXT3-fs (vda): mounted filesystem with ordered data mode
Dec 16 13:26:15 cirros kern.info kernel: [    9.217533] EXT3-fs (vda): using internal journal
Dec 16 13:26:17 cirros kern.debug kernel: [   12.544902] ISO 9660 Extensions: Microsoft Joliet Level 3
Dec 16 13:26:17 cirros kern.debug kernel: [   12.639412] ISO 9660 Extensions: RRIP_1991A
Dec 16 13:26:20 cirros auth.notice su: + /dev/console root:cirros
Dec 16 13:26:32 cirros kern.debug kernel: [   27.827097] eth0: no IPv6 routers present
Dec 16 13:29:25 cirros authpriv.info dropbear[283]: Running in background
############ debug end   ##############
  ____               ____  ____
 / __/ __ ____ ____ / __ \/ __/
/ /__ / // __// __// /_/ /\ \ 
\___//_//_/  /_/   \____/___/ 
   http://cirros-cloud.net


login as 'cirros' user. default password: 'cubswin:)'. use 'sudo' for root.
tempest login: 
2015-12-16 13:29:35,313 25114 INFO     [tempest_lib.common.rest_client] Request (TestGettingAddress:_run_cleanups): 204 DELETE http://10.0.2.15:9696/v2.0/floatingips/e4b3a199-604f-40ff-b30f-aa985e7a5555 0.269s
2015-12-16 13:29:35,313 25114 DEBUG    [tempest_lib.common.rest_client] Request - Headers: {'Content-Type': 'application/json', 'Accept': 'application/json', 'X-Auth-Token': '&lt;omitted&gt;'}
        Body: None
    Response - Headers: {'date': 'Wed, 16 Dec 2015 13:29:35 GMT', 'status': '204', 'connection': 'close', 'content-length': '0', 'x-openstack-request-id': 'req-16795f27-7ff6-4958-94bb-40aa763f8a23'}
        Body: 
2015-12-16 13:29:35,524 25114 INFO     [tempest_lib.common.rest_client] Request (TestGettingAddress:_run_cleanups): 204 DELETE http://10.0.2.15:8774/v2.1/ed138ce7288a46e2bf0636786c22afca/servers/753ea4de-354f-4daa-96ab-3dbd854e5f2c 0.210s
2015-12-16 13:29:35,525 25114 DEBUG    [tempest_lib.common.rest_client] Request - Headers: {'Content-Type': 'application/json', 'Accept': 'application/json', 'X-Auth-Token': '&lt;omitted&gt;'}
        Body: None
    Response - Headers: {'status': '204', 'content-length': '0', 'x-compute-request-id': 'req-5c181816-769b-44f6-9de1-832fae589417', 'vary': 'X-OpenStack-Nova-API-Version', 'connection': 'close', 'x-openstack-nova-api-version': '2.1', 'date': 'Wed, 16 Dec 2015 13:29:35 GMT', 'content-type': 'application/json'}
        Body: 
2015-12-16 13:29:35,788 25114 INFO     [tempest_lib.common.rest_client] Request (TestGettingAddress:_run_cleanups): 200 GET http://10.0.2.15:8774/v2.1/ed138ce7288a46e2bf0636786c22afca/servers/753ea4de-354f-4daa-96ab-3dbd854e5f2c 0.262s
2015-12-16 13:29:35,788 25114 DEBUG    [tempest_lib.common.rest_client] Request - Headers: {'Content-Type': 'application/json', 'Accept': 'application/json', 'X-Auth-Token': '&lt;omitted&gt;'}
        Body: None
    Response - Headers: {'status': '200', 'content-length': '1902', 'content-location': 'http://10.0.2.15:8774/v2.1/ed138ce7288a46e2bf0636786c22afca/servers/753ea4de-354f-4daa-96ab-3dbd854e5f2c', 'x-compute-request-id': 'req-0ecaf13a-8597-4e4b-9de7-46671e7a7874', 'vary': 'X-OpenStack-Nova-API-Version', 'connection': 'close', 'x-openstack-nova-api-version': '2.1', 'date': 'Wed, 16 Dec 2015 13:29:35 GMT', 'content-type': 'application/json'}
        Body: {"server": {"status": "ACTIVE", "updated": "2015-12-16T13:29:35Z", "hostId": "e5debfa8cc36ef63735efbbadaac674bf50240b8f6a65e3d73873a85", "addresses": {"tempest-network-smoke--578500549": [{"OS-EXT-IPS-MAC:mac_addr": "fa:16:3e:71:af:8f", "version": 4, "addr": "10.100.0.3", "OS-EXT-IPS:type": "fixed"}, {"OS-EXT-IPS-MAC:mac_addr": "fa:16:3e:71:af:8f", "version": 6, "addr": "2003::f816:3eff:fe71:af8f", "OS-EXT-IPS:type": "fixed"}, {"OS-EXT-IPS-MAC:mac_addr": "fa:16:3e:71:af:8f", "version": 4, "addr": "172.24.4.4", "OS-EXT-IPS:type": "floating"}]}, "links": [{"href": "http://10.0.2.15:8774/v2.1/ed138ce7288a46e2bf0636786c22afca/servers/753ea4de-354f-4daa-96ab-3dbd854e5f2c", "rel": "self"}, {"href": "http://10.0.2.15:8774/ed138ce7288a46e2bf0636786c22afca/servers/753ea4de-354f-4daa-96ab-3dbd854e5f2c", "rel": "bookmark"}], "key_name": "tempest-TestGettingAddress-110726433", "image": {"id": "022f3975-0140-4de8-a0c9-51f29a6562c4", "links": [{"href": "http://10.0.2.15:8774/ed138ce7288a46e2bf0636786c22afca/images/022f3975-0140-4de8-a0c9-51f29a6562c4", "rel": "bookmark"}]}, "OS-EXT-STS:task_state": "deleting", "OS-EXT-STS:vm_state": "active", "OS-SRV-USG:launched_at": "2015-12-16T13:26:01.000000", "flavor": {"id": "42", "links": [{"href": "http://10.0.2.15:8774/ed138ce7288a46e2bf0636786c22afca/flavors/42", "rel": "bookmark"}]}, "id": "753ea4de-354f-4daa-96ab-3dbd854e5f2c", "security_groups": [{"name": "tempest-secgroup-smoke-859576285"}], "OS-SRV-USG:terminated_at": null, "OS-EXT-AZ:availability_zone": "nova", "user_id": "1759e5a7ed64422b999ea0188d9f2104", "name": "tempest.common.compute-instance-1163509740", "created": "2015-12-16T13:25:57Z", "tenant_id": "ed138ce7288a46e2bf0636786c22afca", "OS-DCF:diskConfig": "MANUAL", "os-extended-volumes:volumes_attached": [], "accessIPv4": "", "accessIPv6": "", "progress": 0, "OS-EXT-STS:power_state": 1, "config_drive": "True", "metadata": {}}}
2015-12-16 13:29:37,000 25114 INFO     [tempest_lib.common.rest_client] Request (TestGettingAddress:_run_cleanups): 200 GET http://10.0.2.15:8774/v2.1/ed138ce7288a46e2bf0636786c22afca/servers/753ea4de-354f-4daa-96ab-3dbd854e5f2c 0.200s
2015-12-16 13:29:37,001 25114 DEBUG    [tempest_lib.common.rest_client] Request - Headers: {'Content-Type': 'application/json', 'Accept': 'application/json', 'X-Auth-Token': '&lt;omitted&gt;'}
        Body: None
    Response - Headers: {'status': '200', 'content-length': '1835', 'content-location': 'http://10.0.2.15:8774/v2.1/ed138ce7288a46e2bf0636786c22afca/servers/753ea4de-354f-4daa-96ab-3dbd854e5f2c', 'x-compute-request-id': 'req-35f5dfab-0220-4d38-bbc3-77c5dadb88e9', 'vary': 'X-OpenStack-Nova-API-Version', 'connection': 'close', 'x-openstack-nova-api-version': '2.1', 'date': 'Wed, 16 Dec 2015 13:29:36 GMT', 'content-type': 'application/json'}
        Body: {"server": {"status": "ACTIVE", "updated": "2015-12-16T13:29:36Z", "hostId": "e5debfa8cc36ef63735efbbadaac674bf50240b8f6a65e3d73873a85", "addresses": {"tempest-network-smoke--578500549": [{"OS-EXT-IPS-MAC:mac_addr": "fa:16:3e:71:af:8f", "version": 4, "addr": "10.100.0.3", "OS-EXT-IPS:type": "fixed"}, {"OS-EXT-IPS-MAC:mac_addr": "fa:16:3e:71:af:8f", "version": 6, "addr": "2003::f816:3eff:fe71:af8f", "OS-EXT-IPS:type": "fixed"}, {"OS-EXT-IPS-MAC:mac_addr": "fa:16:3e:71:af:8f", "version": 4, "addr": "172.24.4.4", "OS-EXT-IPS:type": "floating"}]}, "links": [{"href": "http://10.0.2.15:8774/v2.1/ed138ce7288a46e2bf0636786c22afca/servers/753ea4de-354f-4daa-96ab-3dbd854e5f2c", "rel": "self"}, {"href": "http://10.0.2.15:8774/ed138ce7288a46e2bf0636786c22afca/servers/753ea4de-354f-4daa-96ab-3dbd854e5f2c", "rel": "bookmark"}], "key_name": "tempest-TestGettingAddress-110726433", "image": {"id": "022f3975-0140-4de8-a0c9-51f29a6562c4", "links": [{"href": "http://10.0.2.15:8774/ed138ce7288a46e2bf0636786c22afca/images/022f3975-0140-4de8-a0c9-51f29a6562c4", "rel": "bookmark"}]}, "OS-EXT-STS:task_state": "deleting", "OS-EXT-STS:vm_state": "active", "OS-SRV-USG:launched_at": "2015-12-16T13:26:01.000000", "flavor": {"id": "42", "links": [{"href": "http://10.0.2.15:8774/ed138ce7288a46e2bf0636786c22afca/flavors/42", "rel": "bookmark"}]}, "id": "753ea4de-354f-4daa-96ab-3dbd854e5f2c", "OS-SRV-USG:terminated_at": null, "OS-EXT-AZ:availability_zone": "nova", "user_id": "1759e5a7ed64422b999ea0188d9f2104", "name": "tempest.common.compute-instance-1163509740", "created": "2015-12-16T13:25:57Z", "tenant_id": "ed138ce7288a46e2bf0636786c22afca", "OS-DCF:diskConfig": "MANUAL", "os-extended-volumes:volumes_attached": [], "accessIPv4": "", "accessIPv6": "", "progress": 0, "OS-EXT-STS:power_state": 1, "config_drive": "True", "metadata": {}}}
2015-12-16 13:29:38,100 25114 INFO     [tempest_lib.common.rest_client] Request (TestGettingAddress:_run_cleanups): 404 GET http://10.0.2.15:8774/v2.1/ed138ce7288a46e2bf0636786c22afca/servers/753ea4de-354f-4daa-96ab-3dbd854e5f2c 0.084s
2015-12-16 13:29:38,101 25114 DEBUG    [tempest_lib.common.rest_client] Request - Headers: {'Content-Type': 'application/json', 'Accept': 'application/json', 'X-Auth-Token': '&lt;omitted&gt;'}
        Body: None
    Response - Headers: {'status': '404', 'content-length': '111', 'x-compute-request-id': 'req-3a9ac28f-9126-4314-a120-987351f6d317', 'vary': 'X-OpenStack-Nova-API-Version', 'connection': 'close', 'x-openstack-nova-api-version': '2.1', 'date': 'Wed, 16 Dec 2015 13:29:38 GMT', 'content-type': 'application/json; charset=UTF-8'}
        Body: {"itemNotFound": {"message": "Instance 753ea4de-354f-4daa-96ab-3dbd854e5f2c could not be found.", "code": 404}}
2015-12-16 13:29:38,535 25114 INFO     [tempest_lib.common.rest_client] Request (TestGettingAddress:_run_cleanups): 200 PUT http://10.0.2.15:9696/v2.0/routers/d7edfa4d-5b4e-4539-8c54-0716087d0777/remove_router_interface 0.433s
2015-12-16 13:29:38,536 25114 DEBUG    [tempest_lib.common.rest_client] Request - Headers: {'Content-Type': 'application/json', 'Accept': 'application/json', 'X-Auth-Token': '&lt;omitted&gt;'}
        Body: {"subnet_id": "3b5a4af7-b6a0-484a-864b-07f29add9702"}
    Response - Headers: {'status': '200', 'content-length': '255', 'connection': 'close', 'date': 'Wed, 16 Dec 2015 13:29:38 GMT', 'content-type': 'application/json; charset=UTF-8', 'x-openstack-request-id': 'req-f9cc45a7-343c-4f5a-a7d4-3f0ae6bb506d'}
        Body: {"subnet_id": "3b5a4af7-b6a0-484a-864b-07f29add9702", "tenant_id": "ed138ce7288a46e2bf0636786c22afca", "subnet_ids": ["3b5a4af7-b6a0-484a-864b-07f29add9702"], "port_id": "9bf7005b-6099-4dda-9472-b975e560ab53", "id": "d7edfa4d-5b4e-4539-8c54-0716087d0777"}
2015-12-16 13:29:39,100 25114 INFO     [tempest_lib.common.rest_client] Request (TestGettingAddress:_run_cleanups): 204 DELETE http://10.0.2.15:9696/v2.0/subnets/3b5a4af7-b6a0-484a-864b-07f29add9702 0.563s
2015-12-16 13:29:39,100 25114 DEBUG    [tempest_lib.common.rest_client] Request - Headers: {'Content-Type': 'application/json', 'Accept': 'application/json', 'X-Auth-Token': '&lt;omitted&gt;'}
        Body: None
    Response - Headers: {'date': 'Wed, 16 Dec 2015 13:29:39 GMT', 'status': '204', 'connection': 'close', 'content-length': '0', 'x-openstack-request-id': 'req-47a1a7c1-91cd-4cf5-9493-74ed35532858'}
        Body: 
2015-12-16 13:29:39,147 25114 INFO     [tempest_lib.common.rest_client] Request (TestGettingAddress:_run_cleanups): 404 DELETE http://10.0.2.15:9696/v2.0/subnets/3b5a4af7-b6a0-484a-864b-07f29add9702 0.046s
2015-12-16 13:29:39,147 25114 DEBUG    [tempest_lib.common.rest_client] Request - Headers: {'Content-Type': 'application/json', 'Accept': 'application/json', 'X-Auth-Token': '&lt;omitted&gt;'}
        Body: None
    Response - Headers: {'status': '404', 'content-length': '136', 'connection': 'close', 'date': 'Wed, 16 Dec 2015 13:29:39 GMT', 'content-type': 'application/json; charset=UTF-8', 'x-openstack-request-id': 'req-44542080-2a8c-466d-b5a4-3ec8b6b074dd'}
        Body: {"NeutronError": {"message": "Subnet 3b5a4af7-b6a0-484a-864b-07f29add9702 could not be found.", "type": "SubnetNotFound", "detail": ""}}
