<?xml version="1.0" encoding="UTF-8"?>
<!DOCTYPE html PUBLIC "-//W3C//DTD XHTML 1.0 Strict//EN"
     "http://www.w3.org/TR/xhtml1/DTD/xhtml1-strict.dtd">
<html xmlns="http://www.w3.org/1999/xhtml">
<head>
    <title>Unit Test Report</title>
    <meta name="generator" content="subunit2html 0.1"/>
    <meta http-equiv="Content-Type" content="text/html; charset=UTF-8"/>
    
<style type="text/css" media="screen">
body        { font-family: verdana, arial, helvetica, sans-serif;
    font-size: 80%; }
table       { font-size: 100%; width: 100%;}
pre         { font-size: 80%; }

/* -- heading -------------------------------------------------------------- */
h1 {
        font-size: 16pt;
        color: gray;
}
.heading {
    margin-top: 0ex;
    margin-bottom: 1ex;
}

.heading .attribute {
    margin-top: 1ex;
    margin-bottom: 0;
}

.heading .description {
    margin-top: 4ex;
    margin-bottom: 6ex;
}

/* -- css div popup -------------------------------------------------------- */
a.popup_link {
}

a.popup_link:hover {
    color: red;
}

.popup_window {
    display: none;
    overflow-x: scroll;
    /*border: solid #627173 1px; */
    padding: 10px;
    background-color: #E6E6D6;
    font-family: "Ubuntu Mono", "Lucida Console", "Courier New", monospace;
    text-align: left;
    font-size: 8pt;
}

}
/* -- report --------------------------------------------------------------- */
#show_detail_line {
    margin-top: 3ex;
    margin-bottom: 1ex;
}
#result_table {
    width: 100%;
    border-collapse: collapse;
    border: 1px solid #777;
}
#header_row {
    font-weight: bold;
    color: white;
    background-color: #777;
}
#result_table td {
    border: 1px solid #777;
    padding: 2px;
}
#total_row  { font-weight: bold; }
.passClass  { background-color: #6c6; }
.failClass  { background-color: #c60; }
.errorClass { background-color: #c00; }
.passCase   { color: #6c6; }
.failCase   { color: #c60; font-weight: bold; }
.errorCase  { color: #c00; font-weight: bold; }
.hiddenRow  { display: none; }
.testcase   { margin-left: 2em; }
td.testname {width: 40%}
td.small {width: 40px}

/* -- ending --------------------------------------------------------------- */
#ending {
}

</style>

</head>
<body>
<script language="javascript" type="text/javascript"><!--
output_list = Array();

/* level - 0:Summary; 1:Failed; 2:All */
function showCase(level) {
    trs = document.getElementsByTagName("tr");
    for (var i = 0; i < trs.length; i++) {
        tr = trs[i];
        id = tr.id;
        if (id.substr(0,2) == 'ft') {
            if (level < 1) {
                tr.className = 'hiddenRow';
            }
            else {
                tr.className = '';
            }
        }
        if (id.substr(0,2) == 'pt') {
            if (level > 1) {
                tr.className = '';
            }
            else {
                tr.className = 'hiddenRow';
            }
        }
    }
}


function showClassDetail(cid, count) {
    var id_list = Array(count);
    var toHide = 1;
    for (var i = 0; i < count; i++) {
        tid0 = 't' + cid.substr(1) + '.' + (i+1);
        tid = 'f' + tid0;
        tr = document.getElementById(tid);
        if (!tr) {
            tid = 'p' + tid0;
            tr = document.getElementById(tid);
        }
        id_list[i] = tid;
        if (tr.className) {
            toHide = 0;
        }
    }
    for (var i = 0; i < count; i++) {
        tid = id_list[i];
        if (toHide) {
            document.getElementById('div_'+tid).style.display = 'none'
            document.getElementById(tid).className = 'hiddenRow';
        }
        else {
            document.getElementById(tid).className = '';
        }
    }
}


function showTestDetail(div_id){
    var details_div = document.getElementById(div_id)
    var displayState = details_div.style.display
    // alert(displayState)
    if (displayState != 'block' ) {
        displayState = 'block'
        details_div.style.display = 'block'
    }
    else {
        details_div.style.display = 'none'
    }
}


function html_escape(s) {
    s = s.replace(/&/g,'&amp;');
    s = s.replace(/</g,'&lt;');
    s = s.replace(/>/g,'&gt;');
    return s;
}

/* obsoleted by detail in <div>
function showOutput(id, name) {
    var w = window.open("", //url
                    name,
                    "resizable,scrollbars,status,width=800,height=450");
    d = w.document;
    d.write("<pre>");
    d.write(html_escape(output_list[id]));
    d.write("\n");
    d.write("<a href='javascript:window.close()'>close</a>\n");
    d.write("</pre>\n");
    d.close();
}
*/
--></script>

<div class='heading'>
<h1>Unit Test Report</h1>

<p class='attribute'><strong>Status:</strong> Failure 8</p>

<p class='description'></p>
</div>



<p id='show_detail_line'>Show
<a href='javascript:showCase(0)'>Summary</a>
<a href='javascript:showCase(1)'>Failed</a>
<a href='javascript:showCase(2)'>All</a>
</p>
<table id='result_table'>
<colgroup>
<col align='left' />
<col align='right' />
<col align='right' />
<col align='right' />
<col align='right' />
<col align='right' />
<col align='right' />
<col align='right' />
</colgroup>
<tr id='header_row'>
    <td>Test Group/Test case</td>
    <td>Count</td>
    <td>Pass</td>
    <td>Fail</td>
    <td>Error</td>
    <td>Skip</td>
    <td>View</td>
    <td> </td>
</tr>

<tr class='failClass'>
    <td class="testname">tempest.scenario.test_network_v6.TestGettingAddress</td>
    <td class="small">8</td>
    <td class="small">0</td>
    <td class="small">8</td>
    <td class="small">0</td>
    <td class="small">0</td>
    <td class="small"><a href="javascript:showClassDetail('c1',8)"
>Detail</a></td>
    <td> </td>
</tr>

<tr id='ft1.1' class='none'>
    <td class='failCase'><div class='testcase'>test_dhcp6_stateless_from_os[compute,id-d7e1f858-187c-45a6-89c9-bdafde619a9f,network]</div></td>
    <td colspan='7' align='left'>

    <!--css div popup start-->
    <a class="popup_link" onfocus='this.blur();'
    href="javascript:showTestDetail('div_ft1.1')" >
        fail</a>

    <div id='div_ft1.1' class="popup_window">
        <div style='text-align: right; color:red;cursor:pointer'>
        <a onfocus='this.blur();'
onclick="document.getElementById('div_ft1.1').style.display = 'none' " >
           [x]</a>
        </div>
        <pre>
        
ft1.1: tempest.scenario.test_network_v6.TestGettingAddress.test_dhcp6_stateless_from_os[compute,id-d7e1f858-187c-45a6-89c9-bdafde619a9f,network]_StringException: Empty attachments:
  stderr
  stdout

pythonlogging:'': {{{
2015-12-18 18:22:11,512 21567 INFO     [tempest_lib.common.rest_client] Request (TestGettingAddress:setUp): 200 POST http://10.0.2.15:8774/v2.1/8418f9a8d29d49c0936104f46b53f11f/os-keypairs 0.421s
2015-12-18 18:22:11,512 21567 DEBUG    [tempest_lib.common.rest_client] Request - Headers: {'Content-Type': 'application/json', 'Accept': 'application/json', 'X-Auth-Token': '&lt;omitted&gt;'}
        Body: {"keypair": {"name": "tempest-TestGettingAddress-160922369"}}
    Response - Headers: {'status': '200', 'content-length': '2319', 'x-compute-request-id': 'req-a306deeb-136f-4859-81a8-0d75ef93602f', 'vary': 'X-OpenStack-Nova-API-Version', 'connection': 'close', 'x-openstack-nova-api-version': '2.1', 'date': 'Fri, 18 Dec 2015 18:22:11 GMT', 'content-type': 'application/json'}
        Body: {"keypair": {"public_key": "ssh-rsa AAAAB3NzaC1yc2EAAAADAQABAAABAQDB6rjglQtwG+MTsGZi0GUqp2nXyiCguloV6WD3nLASDeLvIPeIM5Z/4OoGAWLWI8levsactMs/dsu7POAwViLDapfBvLUvaBed6Aftlo37/8dHzQzCCA7LbBtE10jb6GdYM4XnNPbwint/a2Hcn7EmWyxau9Cf5/YOLccO0eHsmAfD12TOjVfeFm6hHRa4dwhAzfX43FQj+lYXOgCraRCOJ+zsrQDv6Qz4CNEWQhgm+2OJ3prnq2hKQyQ85tTVpKowLI+XPI6ooLwRfbwuDvOuGnMi1LpKxqseUbL0MIQT4Si6cqacEOH4NNacr7WPDZz2ItLOewAAvPY9Uunlu2fF Generated-by-Nova", "private_key": "-----BEGIN RSA PRIVATE KEY-----\nMIIEpwIBAAKCAQEAweq44JULcBvjE7BmYtBlKqdp18ogoLpaFelg95ywEg3i7yD3\niDOWf+DqBgFi1iPJXr7GnLTLP3bLuzzgMFYiw2qXwby1L2gXnegH7ZaN+//HR80M\nwggOy2wbRNdI2+hnWDOF5zT28Ip7f2th3J+xJlssWrvQn+f2Di3HDtHh7JgHw9dk\nzo1X3hZuoR0WuHcIQM31+NxUI/pWFzoAq2kQjifs7K0A7+kM+AjRFkIYJvtjid6a\n56toSkMkPObU1aSqMCyPlzyOqKC8EX28Lg7zrhpzItS6SsarHlGy9DCEE+EounKm\nnBDh+DTWnK+1jw2c9iLSznsAALz2PVLp5btnxQIDAQABAoIBAAgKECIXa8L5FP/y\n9zuvghIzoJq2oYWoVCXGaCO71jzZYIgjaL+3y8x/aZRYKF3SW/3WkOtcP3ThGu8n\nRfAbEhPh7mq0xRozCY+dV/7MmBRTdVKPuLCuntZmI/dFqZqcVvR8JlgAhSBRzW7p\n58O6xyBc9UjJsot+lV/fG/qMTv58+JJ3q8mlw7mdS5AaS5PyLWOPdmNT23Jf4PoW\nDFyN7bNRYlqHKYgvxeF3MKJk6O7r6Q858Albue00w/rYvG9geH0cLQTUB06t7+BG\nPgv5C4dvol+lSh/PYmQUyWJbS3KzyX990SpdQG7s1u6euqVm9TWV9ATGmZD9to79\ntJIibkECggCBANko6BLJqAZzRYItl71Nt91nH5XzHTDya6p1snZEmPFCn9wYRqts\n1V1eek6ZuGp72baHkyxe5qEdl7JxZ5vnpK3riWM/vAdy5ji/09+4J/PiCni9yfOe\nkGIYROtiCDDPQj3lAEfn4Z4zJ0ySQ4QkT03ilQ0YrM2PCrs0oSmcUKF1AoIAgQDk\nmZfDtuwpPj9VqMT6m3t8GBHgv7eG27DW+egrdrWHGp9ekh0GJQPZscPUZ3mhP0M4\ncaoxo6Tnf7U53SSmHzFGpf/4JIYTD+w1qRcIoVRv+DyoNQVVOHXFimob+t4w+MAQ\nfwQRnQ+gFxgbASBp8AKP2X985wZqQwe7ZEC5/TETEQKCAIAbkZXkzLUIHJo2bJNW\n9QbilLTt1G9gR2ZjvY1qdkr0VgD1cB+Io8hykgv07o769b4t7ghBGcstqRQZE0yT\n/lRpv/0xHGZCi9OuYKwFOtvXmlq5+V4qD3dE/M/DEi74A1flg60Fc+qwqs3Sar8n\nh3SJ7rn9b6SAdChom8XaAn46AQKCAIB4XvwP/WkbSoC1DTozr910+YOocask4tea\nS1taT5bEfls+w/dufd0qKzWvyZC9PH+b4BY7Ly0tDQ0TXAPpSXF7/vrq4eiLbw31\nL4VGcRTyJKdj9w9I0YMKMpkvBIktBj60MP2mfKp2pNJ3nb9AqTXgIynDTi8NkyAm\nJ2MBzHWj0QKCAIBPjNlc3u8FVv5vTXS3W0mNJ/8wavtoO0FsOy3XTgvoy+zllsRJ\n/AvE3F58ZMCxJ7AbJW5QZkuWWm0FsIZMWMD42MZlthz6wvLj+REgALFe2FJegyVG\nVUz7ad7T2K7cmsa+s8GCytDfmOZlnhVcd6F2lDdlIlP+McVwncOz5Tjr4g==\n-----END RSA PRIVATE KEY-----\n", "user_id": "e8438d37449a4f76a6fb415aeca88713", "name": "tempest-TestGettingAddress-160922369", "fingerprint": "c5:9b:1e:2b:1c:95:05:65:e2:92:f1:a8:23:22:a8:dc"}}
2015-12-18 18:22:11,879 21567 INFO     [tempest_lib.common.rest_client] Request (TestGettingAddress:setUp): 201 POST http://10.0.2.15:9696/v2.0/security-groups 0.362s
2015-12-18 18:22:11,879 21567 DEBUG    [tempest_lib.common.rest_client] Request - Headers: {'Content-Type': 'application/json', 'Accept': 'application/json', 'X-Auth-Token': '&lt;omitted&gt;'}
        Body: {"security_group": {"tenant_id": "8418f9a8d29d49c0936104f46b53f11f", "description": "tempest-secgroup-smoke-794247743 description", "name": "tempest-secgroup-smoke-794247743"}}
    Response - Headers: {'status': '201', 'content-length': '886', 'connection': 'close', 'date': 'Fri, 18 Dec 2015 18:22:11 GMT', 'content-type': 'application/json; charset=UTF-8', 'x-openstack-request-id': 'req-9480bb51-8cd6-4042-afb1-60977cc6fd87'}
        Body: {"security_group": {"tenant_id": "8418f9a8d29d49c0936104f46b53f11f", "description": "tempest-secgroup-smoke-794247743 description", "id": "f0b8e3c3-098c-445f-9fe1-3fa695ef3594", "security_group_rules": [{"remote_group_id": null, "direction": "egress", "remote_ip_prefix": null, "protocol": null, "ethertype": "IPv4", "tenant_id": "8418f9a8d29d49c0936104f46b53f11f", "port_range_max": null, "port_range_min": null, "id": "56832706-f134-4250-8380-8bfa182e335e", "security_group_id": "f0b8e3c3-098c-445f-9fe1-3fa695ef3594"}, {"remote_group_id": null, "direction": "egress", "remote_ip_prefix": null, "protocol": null, "ethertype": "IPv6", "tenant_id": "8418f9a8d29d49c0936104f46b53f11f", "port_range_max": null, "port_range_min": null, "id": "01a8f31d-55c0-4489-a428-177dc4bb01d8", "security_group_id": "f0b8e3c3-098c-445f-9fe1-3fa695ef3594"}], "name": "tempest-secgroup-smoke-794247743"}}
2015-12-18 18:22:12,012 21567 INFO     [tempest_lib.common.rest_client] Request (TestGettingAddress:setUp): 201 POST http://10.0.2.15:9696/v2.0/security-group-rules 0.131s
2015-12-18 18:22:12,012 21567 DEBUG    [tempest_lib.common.rest_client] Request - Headers: {'Content-Type': 'application/json', 'Accept': 'application/json', 'X-Auth-Token': '&lt;omitted&gt;'}
        Body: {"security_group_rule": {"direction": "ingress", "protocol": "tcp", "tenant_id": "8418f9a8d29d49c0936104f46b53f11f", "port_range_max": 22, "security_group_id": "f0b8e3c3-098c-445f-9fe1-3fa695ef3594", "port_range_min": 22}}
    Response - Headers: {'status': '201', 'content-length': '340', 'connection': 'close', 'date': 'Fri, 18 Dec 2015 18:22:12 GMT', 'content-type': 'application/json; charset=UTF-8', 'x-openstack-request-id': 'req-36c5e9e7-d557-44b0-b727-8ac37b320d7b'}
        Body: {"security_group_rule": {"remote_group_id": null, "direction": "ingress", "remote_ip_prefix": null, "protocol": "tcp", "ethertype": "IPv4", "tenant_id": "8418f9a8d29d49c0936104f46b53f11f", "port_range_max": 22, "port_range_min": 22, "id": "70286673-a49c-4fd0-8820-dd8aa55610e5", "security_group_id": "f0b8e3c3-098c-445f-9fe1-3fa695ef3594"}}
2015-12-18 18:22:12,139 21567 INFO     [tempest_lib.common.rest_client] Request (TestGettingAddress:setUp): 201 POST http://10.0.2.15:9696/v2.0/security-group-rules 0.125s
2015-12-18 18:22:12,139 21567 DEBUG    [tempest_lib.common.rest_client] Request - Headers: {'Content-Type': 'application/json', 'Accept': 'application/json', 'X-Auth-Token': '&lt;omitted&gt;'}
        Body: {"security_group_rule": {"direction": "egress", "protocol": "tcp", "tenant_id": "8418f9a8d29d49c0936104f46b53f11f", "port_range_max": 22, "security_group_id": "f0b8e3c3-098c-445f-9fe1-3fa695ef3594", "port_range_min": 22}}
    Response - Headers: {'status': '201', 'content-length': '339', 'connection': 'close', 'date': 'Fri, 18 Dec 2015 18:22:12 GMT', 'content-type': 'application/json; charset=UTF-8', 'x-openstack-request-id': 'req-37c28dde-93a3-44f0-90b8-22fbd622e91c'}
        Body: {"security_group_rule": {"remote_group_id": null, "direction": "egress", "remote_ip_prefix": null, "protocol": "tcp", "ethertype": "IPv4", "tenant_id": "8418f9a8d29d49c0936104f46b53f11f", "port_range_max": 22, "port_range_min": 22, "id": "a00da444-4029-42b4-925a-b3d0a684435c", "security_group_id": "f0b8e3c3-098c-445f-9fe1-3fa695ef3594"}}
2015-12-18 18:22:12,258 21567 INFO     [tempest_lib.common.rest_client] Request (TestGettingAddress:setUp): 201 POST http://10.0.2.15:9696/v2.0/security-group-rules 0.117s
2015-12-18 18:22:12,258 21567 DEBUG    [tempest_lib.common.rest_client] Request - Headers: {'Content-Type': 'application/json', 'Accept': 'application/json', 'X-Auth-Token': '&lt;omitted&gt;'}
        Body: {"security_group_rule": {"tenant_id": "8418f9a8d29d49c0936104f46b53f11f", "direction": "ingress", "protocol": "icmp", "security_group_id": "f0b8e3c3-098c-445f-9fe1-3fa695ef3594"}}
    Response - Headers: {'status': '201', 'content-length': '345', 'connection': 'close', 'date': 'Fri, 18 Dec 2015 18:22:12 GMT', 'content-type': 'application/json; charset=UTF-8', 'x-openstack-request-id': 'req-090caf87-a571-4054-ae1e-2d22d03353c9'}
        Body: {"security_group_rule": {"remote_group_id": null, "direction": "ingress", "remote_ip_prefix": null, "protocol": "icmp", "ethertype": "IPv4", "tenant_id": "8418f9a8d29d49c0936104f46b53f11f", "port_range_max": null, "port_range_min": null, "id": "c982e433-dacb-49d5-afb9-3f3a09a4a92e", "security_group_id": "f0b8e3c3-098c-445f-9fe1-3fa695ef3594"}}
2015-12-18 18:22:12,377 21567 INFO     [tempest_lib.common.rest_client] Request (TestGettingAddress:setUp): 201 POST http://10.0.2.15:9696/v2.0/security-group-rules 0.118s
2015-12-18 18:22:12,378 21567 DEBUG    [tempest_lib.common.rest_client] Request - Headers: {'Content-Type': 'application/json', 'Accept': 'application/json', 'X-Auth-Token': '&lt;omitted&gt;'}
        Body: {"security_group_rule": {"tenant_id": "8418f9a8d29d49c0936104f46b53f11f", "direction": "egress", "protocol": "icmp", "security_group_id": "f0b8e3c3-098c-445f-9fe1-3fa695ef3594"}}
    Response - Headers: {'status': '201', 'content-length': '344', 'connection': 'close', 'date': 'Fri, 18 Dec 2015 18:22:12 GMT', 'content-type': 'application/json; charset=UTF-8', 'x-openstack-request-id': 'req-64309f96-878b-4e57-94ea-883ea9eef2f3'}
        Body: {"security_group_rule": {"remote_group_id": null, "direction": "egress", "remote_ip_prefix": null, "protocol": "icmp", "ethertype": "IPv4", "tenant_id": "8418f9a8d29d49c0936104f46b53f11f", "port_range_max": null, "port_range_min": null, "id": "37ee1051-808a-4d8c-88e9-f187fc7e09e7", "security_group_id": "f0b8e3c3-098c-445f-9fe1-3fa695ef3594"}}
2015-12-18 18:22:12,505 21567 INFO     [tempest_lib.common.rest_client] Request (TestGettingAddress:setUp): 201 POST http://10.0.2.15:9696/v2.0/security-group-rules 0.125s
2015-12-18 18:22:12,505 21567 DEBUG    [tempest_lib.common.rest_client] Request - Headers: {'Content-Type': 'application/json', 'Accept': 'application/json', 'X-Auth-Token': '&lt;omitted&gt;'}
        Body: {"security_group_rule": {"tenant_id": "8418f9a8d29d49c0936104f46b53f11f", "direction": "ingress", "security_group_id": "f0b8e3c3-098c-445f-9fe1-3fa695ef3594", "protocol": "icmp", "ethertype": "IPv6"}}
    Response - Headers: {'status': '201', 'content-length': '345', 'connection': 'close', 'date': 'Fri, 18 Dec 2015 18:22:12 GMT', 'content-type': 'application/json; charset=UTF-8', 'x-openstack-request-id': 'req-01de4b55-8489-4fde-a14c-7200def5e58f'}
        Body: {"security_group_rule": {"remote_group_id": null, "direction": "ingress", "remote_ip_prefix": null, "protocol": "icmp", "ethertype": "IPv6", "tenant_id": "8418f9a8d29d49c0936104f46b53f11f", "port_range_max": null, "port_range_min": null, "id": "6ca5769b-c338-419e-b9db-5495f5a413ad", "security_group_id": "f0b8e3c3-098c-445f-9fe1-3fa695ef3594"}}
2015-12-18 18:22:12,628 21567 INFO     [tempest_lib.common.rest_client] Request (TestGettingAddress:setUp): 201 POST http://10.0.2.15:9696/v2.0/security-group-rules 0.121s
2015-12-18 18:22:12,628 21567 DEBUG    [tempest_lib.common.rest_client] Request - Headers: {'Content-Type': 'application/json', 'Accept': 'application/json', 'X-Auth-Token': '&lt;omitted&gt;'}
        Body: {"security_group_rule": {"tenant_id": "8418f9a8d29d49c0936104f46b53f11f", "direction": "egress", "security_group_id": "f0b8e3c3-098c-445f-9fe1-3fa695ef3594", "protocol": "icmp", "ethertype": "IPv6"}}
    Response - Headers: {'status': '201', 'content-length': '344', 'connection': 'close', 'date': 'Fri, 18 Dec 2015 18:22:12 GMT', 'content-type': 'application/json; charset=UTF-8', 'x-openstack-request-id': 'req-fe035b4f-2431-4300-ac6a-cb5c6c269bcd'}
        Body: {"security_group_rule": {"remote_group_id": null, "direction": "egress", "remote_ip_prefix": null, "protocol": "icmp", "ethertype": "IPv6", "tenant_id": "8418f9a8d29d49c0936104f46b53f11f", "port_range_max": null, "port_range_min": null, "id": "fab38ee4-acd1-4392-a1e0-8b52a486f090", "security_group_id": "f0b8e3c3-098c-445f-9fe1-3fa695ef3594"}}
2015-12-18 18:22:13,032 21567 INFO     [tempest_lib.common.rest_client] Request (TestGettingAddress:test_dhcp6_stateless_from_os): 201 POST http://10.0.2.15:9696/v2.0/networks 0.402s
2015-12-18 18:22:13,033 21567 DEBUG    [tempest_lib.common.rest_client] Request - Headers: {'Content-Type': 'application/json', 'Accept': 'application/json', 'X-Auth-Token': '&lt;omitted&gt;'}
        Body: {"network": {"tenant_id": "8418f9a8d29d49c0936104f46b53f11f", "name": "tempest-network-smoke--946821930"}}
    Response - Headers: {'status': '201', 'content-length': '328', 'connection': 'close', 'date': 'Fri, 18 Dec 2015 18:22:13 GMT', 'content-type': 'application/json; charset=UTF-8', 'x-openstack-request-id': 'req-c4a58704-eb55-4f5e-956e-fcf2773aed4b'}
        Body: {"network": {"status": "ACTIVE", "subnets": [], "availability_zone_hints": "[]", "name": "tempest-network-smoke--946821930", "admin_state_up": true, "tenant_id": "8418f9a8d29d49c0936104f46b53f11f", "mtu": 0, "router:external": false, "shared": false, "port_security_enabled": true, "id": "e9fff6db-4da2-4b4c-8aeb-2107ed0a73e1"}}
2015-12-18 18:22:13,206 21567 INFO     [tempest_lib.common.rest_client] Request (TestGettingAddress:test_dhcp6_stateless_from_os): 200 GET http://10.0.2.15:9696/v2.0/subnets?tenant_id=8418f9a8d29d49c0936104f46b53f11f&amp;cidr=10.100.0.0%2F28 0.172s
2015-12-18 18:22:13,207 21567 DEBUG    [tempest_lib.common.rest_client] Request - Headers: {'Content-Type': 'application/json', 'Accept': 'application/json', 'X-Auth-Token': '&lt;omitted&gt;'}
        Body: None
    Response - Headers: {'status': '200', 'content-length': '15', 'content-location': 'http://10.0.2.15:9696/v2.0/subnets?tenant_id=8418f9a8d29d49c0936104f46b53f11f&amp;cidr=10.100.0.0%2F28', 'connection': 'close', 'date': 'Fri, 18 Dec 2015 18:22:13 GMT', 'content-type': 'application/json; charset=UTF-8', 'x-openstack-request-id': 'req-cec9610b-428f-41ff-8322-59d2d2de49a2'}
        Body: {"subnets": []}
2015-12-18 18:22:13,567 21567 INFO     [tempest_lib.common.rest_client] Request (TestGettingAddress:test_dhcp6_stateless_from_os): 201 POST http://10.0.2.15:9696/v2.0/subnets 0.358s
2015-12-18 18:22:13,567 21567 DEBUG    [tempest_lib.common.rest_client] Request - Headers: {'Content-Type': 'application/json', 'Accept': 'application/json', 'X-Auth-Token': '&lt;omitted&gt;'}
        Body: {"subnet": {"ip_version": 4, "tenant_id": "8418f9a8d29d49c0936104f46b53f11f", "cidr": "10.100.0.0/28", "network_id": "e9fff6db-4da2-4b4c-8aeb-2107ed0a73e1", "name": "tempest-sub4-1032828809"}}
    Response - Headers: {'status': '201', 'content-length': '470', 'connection': 'close', 'date': 'Fri, 18 Dec 2015 18:22:13 GMT', 'content-type': 'application/json; charset=UTF-8', 'x-openstack-request-id': 'req-a10b42ed-5386-4af0-b034-89542773aee2'}
        Body: {"subnet": {"name": "tempest-sub4-1032828809", "enable_dhcp": true, "network_id": "e9fff6db-4da2-4b4c-8aeb-2107ed0a73e1", "tenant_id": "8418f9a8d29d49c0936104f46b53f11f", "dns_nameservers": [], "gateway_ip": "10.100.0.1", "ipv6_ra_mode": null, "allocation_pools": [{"start": "10.100.0.2", "end": "10.100.0.14"}], "host_routes": [], "ip_version": 4, "ipv6_address_mode": null, "cidr": "10.100.0.0/28", "id": "cd96c655-af17-43e1-81f7-f2f4bcb04541", "subnetpool_id": null}}
2015-12-18 18:22:13,646 21567 INFO     [tempest_lib.common.rest_client] Request (TestGettingAddress:test_dhcp6_stateless_from_os): 201 POST http://10.0.2.15:9696/v2.0/routers 0.077s
2015-12-18 18:22:13,647 21567 DEBUG    [tempest_lib.common.rest_client] Request - Headers: {'Content-Type': 'application/json', 'Accept': 'application/json', 'X-Auth-Token': '&lt;omitted&gt;'}
        Body: {"router": {"tenant_id": "8418f9a8d29d49c0936104f46b53f11f", "name": "tempest-router-smoke-309239954", "admin_state_up": true}}
    Response - Headers: {'status': '201', 'content-length': '295', 'connection': 'close', 'date': 'Fri, 18 Dec 2015 18:22:13 GMT', 'content-type': 'application/json; charset=UTF-8', 'x-openstack-request-id': 'req-0d91a076-f075-4133-9cb0-43f532548272'}
        Body: {"router": {"status": "ACTIVE", "external_gateway_info": null, "availability_zone_hints": [], "availability_zones": [], "name": "tempest-router-smoke-309239954", "admin_state_up": true, "tenant_id": "8418f9a8d29d49c0936104f46b53f11f", "routes": [], "id": "7ec87ad5-ceba-44ac-8723-43c827d94c1d"}}
2015-12-18 18:22:13,696 21567 INFO     [tempest_lib.common.rest_client] Request (TestGettingAddress:test_dhcp6_stateless_from_os): 200 GET http://10.0.2.15:9696/v2.0/routers/7ec87ad5-ceba-44ac-8723-43c827d94c1d 0.048s
2015-12-18 18:22:13,696 21567 DEBUG    [tempest_lib.common.rest_client] Request - Headers: {'Content-Type': 'application/json', 'Accept': 'application/json', 'X-Auth-Token': '&lt;omitted&gt;'}
        Body: None
    Response - Headers: {'status': '200', 'content-length': '295', 'content-location': 'http://10.0.2.15:9696/v2.0/routers/7ec87ad5-ceba-44ac-8723-43c827d94c1d', 'connection': 'close', 'date': 'Fri, 18 Dec 2015 18:22:13 GMT', 'content-type': 'application/json; charset=UTF-8', 'x-openstack-request-id': 'req-e623f2b1-4557-4483-8436-c83133535476'}
        Body: {"router": {"status": "ACTIVE", "external_gateway_info": null, "availability_zone_hints": [], "availability_zones": [], "name": "tempest-router-smoke-309239954", "admin_state_up": true, "tenant_id": "8418f9a8d29d49c0936104f46b53f11f", "routes": [], "id": "7ec87ad5-ceba-44ac-8723-43c827d94c1d"}}
2015-12-18 18:22:14,497 21567 INFO     [tempest_lib.common.rest_client] Request (TestGettingAddress:test_dhcp6_stateless_from_os): 200 PUT http://10.0.2.15:9696/v2.0/routers/7ec87ad5-ceba-44ac-8723-43c827d94c1d 0.799s
2015-12-18 18:22:14,497 21567 DEBUG    [tempest_lib.common.rest_client] Request - Headers: {'Content-Type': 'application/json', 'Accept': 'application/json', 'X-Auth-Token': '&lt;omitted&gt;'}
        Body: {"router": {"external_gateway_info": {"network_id": "c4be7d1a-8226-4d9d-a984-735ad5c6b0e1"}, "name": "tempest-router-smoke-309239954", "admin_state_up": true}}
    Response - Headers: {'status': '200', 'content-length': '557', 'connection': 'close', 'date': 'Fri, 18 Dec 2015 18:22:14 GMT', 'content-type': 'application/json; charset=UTF-8', 'x-openstack-request-id': 'req-77ad5112-28e4-490b-a81c-8418f7a72755'}
        Body: {"router": {"status": "ACTIVE", "external_gateway_info": {"network_id": "c4be7d1a-8226-4d9d-a984-735ad5c6b0e1", "enable_snat": true, "external_fixed_ips": [{"subnet_id": "96d59016-b0ef-4e11-a9f3-ef544ea712b1", "ip_address": "172.24.4.3"}, {"subnet_id": "6ec83eae-d81c-45d7-9e80-f41eb014dac2", "ip_address": "2001:db8::4"}]}, "availability_zone_hints": [], "availability_zones": [], "name": "tempest-router-smoke-309239954", "admin_state_up": true, "tenant_id": "8418f9a8d29d49c0936104f46b53f11f", "routes": [], "id": "7ec87ad5-ceba-44ac-8723-43c827d94c1d"}}
2015-12-18 18:22:15,038 21567 INFO     [tempest_lib.common.rest_client] Request (TestGettingAddress:test_dhcp6_stateless_from_os): 200 PUT http://10.0.2.15:9696/v2.0/routers/7ec87ad5-ceba-44ac-8723-43c827d94c1d/add_router_interface 0.539s
2015-12-18 18:22:15,038 21567 DEBUG    [tempest_lib.common.rest_client] Request - Headers: {'Content-Type': 'application/json', 'Accept': 'application/json', 'X-Auth-Token': '&lt;omitted&gt;'}
        Body: {"subnet_id": "cd96c655-af17-43e1-81f7-f2f4bcb04541"}
    Response - Headers: {'status': '200', 'content-length': '255', 'connection': 'close', 'date': 'Fri, 18 Dec 2015 18:22:15 GMT', 'content-type': 'application/json; charset=UTF-8', 'x-openstack-request-id': 'req-6e27e0ab-42bf-4ce5-bfbf-943bd85a4e74'}
        Body: {"subnet_id": "cd96c655-af17-43e1-81f7-f2f4bcb04541", "tenant_id": "8418f9a8d29d49c0936104f46b53f11f", "subnet_ids": ["cd96c655-af17-43e1-81f7-f2f4bcb04541"], "port_id": "99d48cd7-3e06-4699-88bf-3828837a44de", "id": "7ec87ad5-ceba-44ac-8723-43c827d94c1d"}
2015-12-18 18:22:15,193 21567 INFO     [tempest_lib.common.rest_client] Request (TestGettingAddress:test_dhcp6_stateless_from_os): 200 GET http://10.0.2.15:9696/v2.0/subnets?tenant_id=8418f9a8d29d49c0936104f46b53f11f&amp;cidr=2003%3A%3A%2F64 0.153s
2015-12-18 18:22:15,194 21567 DEBUG    [tempest_lib.common.rest_client] Request - Headers: {'Content-Type': 'application/json', 'Accept': 'application/json', 'X-Auth-Token': '&lt;omitted&gt;'}
        Body: None
    Response - Headers: {'status': '200', 'content-length': '15', 'content-location': 'http://10.0.2.15:9696/v2.0/subnets?tenant_id=8418f9a8d29d49c0936104f46b53f11f&amp;cidr=2003%3A%3A%2F64', 'connection': 'close', 'date': 'Fri, 18 Dec 2015 18:22:15 GMT', 'content-type': 'application/json; charset=UTF-8', 'x-openstack-request-id': 'req-317960b2-93a5-4143-bb68-5e7a454bff2d'}
        Body: {"subnets": []}
2015-12-18 18:22:15,635 21567 INFO     [tempest_lib.common.rest_client] Request (TestGettingAddress:test_dhcp6_stateless_from_os): 201 POST http://10.0.2.15:9696/v2.0/subnets 0.441s
2015-12-18 18:22:15,635 21567 DEBUG    [tempest_lib.common.rest_client] Request - Headers: {'Content-Type': 'application/json', 'Accept': 'application/json', 'X-Auth-Token': '&lt;omitted&gt;'}
        Body: {"subnet": {"name": "tempest-sub6-2082416694", "network_id": "e9fff6db-4da2-4b4c-8aeb-2107ed0a73e1", "tenant_id": "8418f9a8d29d49c0936104f46b53f11f", "ipv6_ra_mode": "dhcpv6-stateless", "ip_version": 6, "ipv6_address_mode": "dhcpv6-stateless", "cidr": "2003::/64"}}
    Response - Headers: {'status': '201', 'content-length': '502', 'connection': 'close', 'date': 'Fri, 18 Dec 2015 18:22:15 GMT', 'content-type': 'application/json; charset=UTF-8', 'x-openstack-request-id': 'req-d5c157e0-fe4e-4830-b155-98cd6fe39934'}
        Body: {"subnet": {"name": "tempest-sub6-2082416694", "enable_dhcp": true, "network_id": "e9fff6db-4da2-4b4c-8aeb-2107ed0a73e1", "tenant_id": "8418f9a8d29d49c0936104f46b53f11f", "dns_nameservers": [], "gateway_ip": "2003::1", "ipv6_ra_mode": "dhcpv6-stateless", "allocation_pools": [{"start": "2003::2", "end": "2003::ffff:ffff:ffff:ffff"}], "host_routes": [], "ip_version": 6, "ipv6_address_mode": "dhcpv6-stateless", "cidr": "2003::/64", "id": "dde8faa6-f22c-455d-a508-c406092cfaf9", "subnetpool_id": null}}
2015-12-18 18:22:16,316 21567 INFO     [tempest_lib.common.rest_client] Request (TestGettingAddress:test_dhcp6_stateless_from_os): 200 PUT http://10.0.2.15:9696/v2.0/routers/7ec87ad5-ceba-44ac-8723-43c827d94c1d/add_router_interface 0.679s
2015-12-18 18:22:16,316 21567 DEBUG    [tempest_lib.common.rest_client] Request - Headers: {'Content-Type': 'application/json', 'Accept': 'application/json', 'X-Auth-Token': '&lt;omitted&gt;'}
        Body: {"subnet_id": "dde8faa6-f22c-455d-a508-c406092cfaf9"}
    Response - Headers: {'status': '200', 'content-length': '255', 'connection': 'close', 'date': 'Fri, 18 Dec 2015 18:22:16 GMT', 'content-type': 'application/json; charset=UTF-8', 'x-openstack-request-id': 'req-a26cb50a-3986-4398-932a-9983f380fbaa'}
        Body: {"subnet_id": "dde8faa6-f22c-455d-a508-c406092cfaf9", "tenant_id": "8418f9a8d29d49c0936104f46b53f11f", "subnet_ids": ["dde8faa6-f22c-455d-a508-c406092cfaf9"], "port_id": "d6c04b73-55a6-40b0-8e24-af67119dde3a", "id": "7ec87ad5-ceba-44ac-8723-43c827d94c1d"}
2015-12-18 18:22:16,428 21567 INFO     [tempest_lib.common.rest_client] Request (TestGettingAddress:test_dhcp6_stateless_from_os): 200 POST http://10.0.2.15:5000/v2.0/tokens
2015-12-18 18:22:16,429 21567 DEBUG    [tempest_lib.common.rest_client] Request - Headers: {'Content-Type': 'application/json', 'Accept': 'application/json'}
        Body: &lt;omitted&gt;
    Response - Headers: {'status': '200', 'content-length': '2524', 'vary': 'X-Auth-Token', 'server': 'Apache/2.4.7 (Ubuntu)', 'connection': 'close', 'date': 'Fri, 18 Dec 2015 18:22:16 GMT', 'content-type': 'application/json', 'x-openstack-request-id': 'req-8f73b8b9-2c31-46ca-8290-509ec8561938'}
        Body: {"access": {"token": {"issued_at": "2015-12-18T18:22:16.416196", "expires": "2015-12-18T19:22:16Z", "id": "8f2411edf4214febb25bf3d6cbb847c7", "tenant": {"description": "tempest-TestGettingAddress-676054912-desc", "enabled": true, "id": "8418f9a8d29d49c0936104f46b53f11f", "name": "tempest-TestGettingAddress-676054912"}, "audit_ids": ["PgZTKbivRR-CQT3CWSUUxA"]}, "serviceCatalog": [{"endpoints": [{"adminURL": "http://10.0.2.15:8774/v2.1/8418f9a8d29d49c0936104f46b53f11f", "region": "RegionOne", "internalURL": "http://10.0.2.15:8774/v2.1/8418f9a8d29d49c0936104f46b53f11f", "id": "0372aa4aa7fe443781047ebb1f28d3c7", "publicURL": "http://10.0.2.15:8774/v2.1/8418f9a8d29d49c0936104f46b53f11f"}], "endpoints_links": [], "type": "compute", "name": "nova"}, {"endpoints": [{"adminURL": "http://10.0.2.15:9696/", "region": "RegionOne", "internalURL": "http://10.0.2.15:9696/", "id": "2773235cc6ab4d02b9c082061eab2ca1", "publicURL": "http://10.0.2.15:9696/"}], "endpoints_links": [], "type": "network", "name": "neutron"}, {"endpoints": [{"adminURL": "http://10.0.2.15:9292", "region": "RegionOne", "internalURL": "http://10.0.2.15:9292", "id": "2d2091ab6d114b02b091aa73119e4bf7", "publicURL": "http://10.0.2.15:9292"}], "endpoints_links": [], "type": "image", "name": "glance"}, {"endpoints": [{"adminURL": "http://10.0.2.15:8774/v2/8418f9a8d29d49c0936104f46b53f11f", "region": "RegionOne", "internalURL": "http://10.0.2.15:8774/v2/8418f9a8d29d49c0936104f46b53f11f", "id": "08be9b523ed5418f8a0bd7c58cff2b4f", "publicURL": "http://10.0.2.15:8774/v2/8418f9a8d29d49c0936104f46b53f11f"}], "endpoints_links": [], "type": "compute_legacy", "name": "nova_legacy"}, {"endpoints": [{"adminURL": "http://10.0.2.15:8773/", "region": "RegionOne", "internalURL": "http://10.0.2.15:8773/", "id": "0209a07bae1c41ac97a29bd25e4eb362", "publicURL": "http://10.0.2.15:8773/"}], "endpoints_links": [], "type": "ec2", "name": "ec2"}, {"endpoints": [{"adminURL": "http://10.0.2.15:35357/v2.0", "region": "RegionOne", "internalURL": "http://10.0.2.15:5000/v2.0", "id": "7e141afef33b47688468a11023c4a04b", "publicURL": "http://10.0.2.15:5000/v2.0"}], "endpoints_links": [], "type": "identity", "name": "keystone"}], "user": {"username": "tempest-TestGettingAddress-1192045909", "roles_links": [], "id": "e8438d37449a4f76a6fb415aeca88713", "roles": [{"name": "Member"}, {"name": "_member_"}], "name": "tempest-TestGettingAddress-1192045909"}, "metadata": {"is_admin": 0, "roles": ["64bebdf1ed23448e80241c1176308fc3", "9fe2ff9ee4384b1894a90878d3e92bab"]}}}
2015-12-18 18:22:16,434 21567 DEBUG    [tempest.common.fixed_network] (TestGettingAddress:test_dhcp6_stateless_from_os) No valid network provided or created, defaulting to fixed_network_name
2015-12-18 18:22:16,821 21567 INFO     [tempest_lib.common.rest_client] Request (TestGettingAddress:test_dhcp6_stateless_from_os): 200 GET http://10.0.2.15:8774/v2.1/8418f9a8d29d49c0936104f46b53f11f/os-networks 0.387s
2015-12-18 18:22:16,822 21567 DEBUG    [tempest_lib.common.rest_client] Request - Headers: {'Content-Type': 'application/json', 'Accept': 'application/json', 'X-Auth-Token': '&lt;omitted&gt;'}
        Body: None
    Response - Headers: {'status': '200', 'content-length': '478', 'content-location': 'http://10.0.2.15:8774/v2.1/8418f9a8d29d49c0936104f46b53f11f/os-networks', 'x-compute-request-id': 'req-aab5ebff-2abd-4e10-b2af-939dbd89844f', 'vary': 'X-OpenStack-Nova-API-Version', 'connection': 'close', 'x-openstack-nova-api-version': '2.1', 'date': 'Fri, 18 Dec 2015 18:22:16 GMT', 'content-type': 'application/json'}
        Body: {"networks": [{"cidr_v6": null, "dns2": null, "dns1": null, "gateway": null, "broadcast": null, "netmask": null, "gateway_v6": null, "cidr": null, "label": "public", "id": "c4be7d1a-8226-4d9d-a984-735ad5c6b0e1", "netmask_v6": null}, {"cidr_v6": null, "dns2": null, "dns1": null, "gateway": null, "broadcast": null, "netmask": null, "gateway_v6": null, "cidr": null, "label": "tempest-network-smoke--946821930", "id": "e9fff6db-4da2-4b4c-8aeb-2107ed0a73e1", "netmask_v6": null}]}
2015-12-18 18:22:16,822 21567 WARNING  [tempest.common.fixed_network] (TestGettingAddress:test_dhcp6_stateless_from_os) Network with name: private not found
2015-12-18 18:22:16,822 21567 INFO     [tempest.common.fixed_network] (TestGettingAddress:test_dhcp6_stateless_from_os) Found network {} available for tenant
2015-12-18 18:22:18,379 21567 INFO     [tempest_lib.common.rest_client] Request (TestGettingAddress:test_dhcp6_stateless_from_os): 202 POST http://10.0.2.15:8774/v2.1/8418f9a8d29d49c0936104f46b53f11f/servers 1.555s
2015-12-18 18:22:18,379 21567 DEBUG    [tempest_lib.common.rest_client] Request - Headers: {'Content-Type': 'application/json', 'Accept': 'application/json', 'X-Auth-Token': '&lt;omitted&gt;'}
        Body: {"server": {"name": "tempest.common.compute-instance-1674956796", "imageRef": "dfb874ef-db4c-44b6-95d6-69619f11ea48", "key_name": "tempest-TestGettingAddress-160922369", "flavorRef": "42", "networks": [{"uuid": "e9fff6db-4da2-4b4c-8aeb-2107ed0a73e1"}], "security_groups": [{"name": "tempest-secgroup-smoke-794247743"}]}}
    Response - Headers: {'status': '202', 'content-length': '461', 'x-compute-request-id': 'req-8ee5076d-067e-415c-9386-5524666847f8', 'vary': 'X-OpenStack-Nova-API-Version', 'connection': 'close', 'location': 'http://10.0.2.15:8774/v2.1/8418f9a8d29d49c0936104f46b53f11f/servers/ea34e891-4368-4479-888b-0504c213637c', 'x-openstack-nova-api-version': '2.1', 'date': 'Fri, 18 Dec 2015 18:22:18 GMT', 'content-type': 'application/json'}
        Body: {"server": {"security_groups": [{"name": "tempest-secgroup-smoke-794247743"}], "OS-DCF:diskConfig": "MANUAL", "id": "ea34e891-4368-4479-888b-0504c213637c", "links": [{"href": "http://10.0.2.15:8774/v2.1/8418f9a8d29d49c0936104f46b53f11f/servers/ea34e891-4368-4479-888b-0504c213637c", "rel": "self"}, {"href": "http://10.0.2.15:8774/8418f9a8d29d49c0936104f46b53f11f/servers/ea34e891-4368-4479-888b-0504c213637c", "rel": "bookmark"}], "adminPass": "aFgXZ8kRaFdJ"}}
2015-12-18 18:22:18,643 21567 INFO     [tempest_lib.common.rest_client] Request (TestGettingAddress:test_dhcp6_stateless_from_os): 200 GET http://10.0.2.15:8774/v2.1/8418f9a8d29d49c0936104f46b53f11f/servers/ea34e891-4368-4479-888b-0504c213637c 0.259s
2015-12-18 18:22:18,643 21567 DEBUG    [tempest_lib.common.rest_client] Request - Headers: {'Content-Type': 'application/json', 'Accept': 'application/json', 'X-Auth-Token': '&lt;omitted&gt;'}
        Body: None
    Response - Headers: {'status': '200', 'content-length': '1354', 'content-location': 'http://10.0.2.15:8774/v2.1/8418f9a8d29d49c0936104f46b53f11f/servers/ea34e891-4368-4479-888b-0504c213637c', 'x-compute-request-id': 'req-eb463d77-8232-4421-8acb-6ce8569a736a', 'vary': 'X-OpenStack-Nova-API-Version', 'connection': 'close', 'x-openstack-nova-api-version': '2.1', 'date': 'Fri, 18 Dec 2015 18:22:18 GMT', 'content-type': 'application/json'}
        Body: {"server": {"status": "BUILD", "updated": "2015-12-18T18:22:18Z", "hostId": "", "addresses": {}, "links": [{"href": "http://10.0.2.15:8774/v2.1/8418f9a8d29d49c0936104f46b53f11f/servers/ea34e891-4368-4479-888b-0504c213637c", "rel": "self"}, {"href": "http://10.0.2.15:8774/8418f9a8d29d49c0936104f46b53f11f/servers/ea34e891-4368-4479-888b-0504c213637c", "rel": "bookmark"}], "key_name": "tempest-TestGettingAddress-160922369", "image": {"id": "dfb874ef-db4c-44b6-95d6-69619f11ea48", "links": [{"href": "http://10.0.2.15:8774/8418f9a8d29d49c0936104f46b53f11f/images/dfb874ef-db4c-44b6-95d6-69619f11ea48", "rel": "bookmark"}]}, "OS-EXT-STS:task_state": "scheduling", "OS-EXT-STS:vm_state": "building", "OS-SRV-USG:launched_at": null, "flavor": {"id": "42", "links": [{"href": "http://10.0.2.15:8774/8418f9a8d29d49c0936104f46b53f11f/flavors/42", "rel": "bookmark"}]}, "id": "ea34e891-4368-4479-888b-0504c213637c", "OS-SRV-USG:terminated_at": null, "OS-EXT-AZ:availability_zone": "", "user_id": "e8438d37449a4f76a6fb415aeca88713", "name": "tempest.common.compute-instance-1674956796", "created": "2015-12-18T18:22:18Z", "tenant_id": "8418f9a8d29d49c0936104f46b53f11f", "OS-DCF:diskConfig": "MANUAL", "os-extended-volumes:volumes_attached": [], "accessIPv4": "", "accessIPv6": "", "progress": 0, "OS-EXT-STS:power_state": 0, "config_drive": "", "metadata": {}}}
2015-12-18 18:22:20,194 21567 INFO     [tempest_lib.common.rest_client] Request (TestGettingAddress:test_dhcp6_stateless_from_os): 200 GET http://10.0.2.15:8774/v2.1/8418f9a8d29d49c0936104f46b53f11f/servers/ea34e891-4368-4479-888b-0504c213637c 0.541s
2015-12-18 18:22:20,195 21567 DEBUG    [tempest_lib.common.rest_client] Request - Headers: {'Content-Type': 'application/json', 'Accept': 'application/json', 'X-Auth-Token': '&lt;omitted&gt;'}
        Body: None
    Response - Headers: {'status': '200', 'content-length': '1479', 'content-location': 'http://10.0.2.15:8774/v2.1/8418f9a8d29d49c0936104f46b53f11f/servers/ea34e891-4368-4479-888b-0504c213637c', 'x-compute-request-id': 'req-c66adad6-0348-4e63-8e2d-86bdafd7e8b0', 'vary': 'X-OpenStack-Nova-API-Version', 'connection': 'close', 'x-openstack-nova-api-version': '2.1', 'date': 'Fri, 18 Dec 2015 18:22:20 GMT', 'content-type': 'application/json'}
        Body: {"server": {"status": "BUILD", "updated": "2015-12-18T18:22:19Z", "hostId": "250f7f154f9f03e7144b65ad678c8d76f8f0b46de3a13b86300b09dd", "addresses": {}, "links": [{"href": "http://10.0.2.15:8774/v2.1/8418f9a8d29d49c0936104f46b53f11f/servers/ea34e891-4368-4479-888b-0504c213637c", "rel": "self"}, {"href": "http://10.0.2.15:8774/8418f9a8d29d49c0936104f46b53f11f/servers/ea34e891-4368-4479-888b-0504c213637c", "rel": "bookmark"}], "key_name": "tempest-TestGettingAddress-160922369", "image": {"id": "dfb874ef-db4c-44b6-95d6-69619f11ea48", "links": [{"href": "http://10.0.2.15:8774/8418f9a8d29d49c0936104f46b53f11f/images/dfb874ef-db4c-44b6-95d6-69619f11ea48", "rel": "bookmark"}]}, "OS-EXT-STS:task_state": "spawning", "OS-EXT-STS:vm_state": "building", "OS-SRV-USG:launched_at": null, "flavor": {"id": "42", "links": [{"href": "http://10.0.2.15:8774/8418f9a8d29d49c0936104f46b53f11f/flavors/42", "rel": "bookmark"}]}, "id": "ea34e891-4368-4479-888b-0504c213637c", "security_groups": [{"name": "tempest-secgroup-smoke-794247743"}], "OS-SRV-USG:terminated_at": null, "OS-EXT-AZ:availability_zone": "nova", "user_id": "e8438d37449a4f76a6fb415aeca88713", "name": "tempest.common.compute-instance-1674956796", "created": "2015-12-18T18:22:18Z", "tenant_id": "8418f9a8d29d49c0936104f46b53f11f", "OS-DCF:diskConfig": "MANUAL", "os-extended-volumes:volumes_attached": [], "accessIPv4": "", "accessIPv6": "", "progress": 0, "OS-EXT-STS:power_state": 0, "config_drive": "", "metadata": {}}}
2015-12-18 18:22:20,203 21567 INFO     [tempest.common.waiters] State transition "BUILD/scheduling" ==&gt; "BUILD/spawning" after 2 second wait
2015-12-18 18:22:21,449 21567 INFO     [tempest_lib.common.rest_client] Request (TestGettingAddress:test_dhcp6_stateless_from_os): 200 GET http://10.0.2.15:8774/v2.1/8418f9a8d29d49c0936104f46b53f11f/servers/ea34e891-4368-4479-888b-0504c213637c 0.244s
2015-12-18 18:22:21,450 21567 DEBUG    [tempest_lib.common.rest_client] Request - Headers: {'Content-Type': 'application/json', 'Accept': 'application/json', 'X-Auth-Token': '&lt;omitted&gt;'}
        Body: None
    Response - Headers: {'status': '200', 'content-length': '1479', 'content-location': 'http://10.0.2.15:8774/v2.1/8418f9a8d29d49c0936104f46b53f11f/servers/ea34e891-4368-4479-888b-0504c213637c', 'x-compute-request-id': 'req-97260b62-470c-4625-98e0-58bedf4ea39a', 'vary': 'X-OpenStack-Nova-API-Version', 'connection': 'close', 'x-openstack-nova-api-version': '2.1', 'date': 'Fri, 18 Dec 2015 18:22:21 GMT', 'content-type': 'application/json'}
        Body: {"server": {"status": "BUILD", "updated": "2015-12-18T18:22:19Z", "hostId": "250f7f154f9f03e7144b65ad678c8d76f8f0b46de3a13b86300b09dd", "addresses": {}, "links": [{"href": "http://10.0.2.15:8774/v2.1/8418f9a8d29d49c0936104f46b53f11f/servers/ea34e891-4368-4479-888b-0504c213637c", "rel": "self"}, {"href": "http://10.0.2.15:8774/8418f9a8d29d49c0936104f46b53f11f/servers/ea34e891-4368-4479-888b-0504c213637c", "rel": "bookmark"}], "key_name": "tempest-TestGettingAddress-160922369", "image": {"id": "dfb874ef-db4c-44b6-95d6-69619f11ea48", "links": [{"href": "http://10.0.2.15:8774/8418f9a8d29d49c0936104f46b53f11f/images/dfb874ef-db4c-44b6-95d6-69619f11ea48", "rel": "bookmark"}]}, "OS-EXT-STS:task_state": "spawning", "OS-EXT-STS:vm_state": "building", "OS-SRV-USG:launched_at": null, "flavor": {"id": "42", "links": [{"href": "http://10.0.2.15:8774/8418f9a8d29d49c0936104f46b53f11f/flavors/42", "rel": "bookmark"}]}, "id": "ea34e891-4368-4479-888b-0504c213637c", "security_groups": [{"name": "tempest-secgroup-smoke-794247743"}], "OS-SRV-USG:terminated_at": null, "OS-EXT-AZ:availability_zone": "nova", "user_id": "e8438d37449a4f76a6fb415aeca88713", "name": "tempest.common.compute-instance-1674956796", "created": "2015-12-18T18:22:18Z", "tenant_id": "8418f9a8d29d49c0936104f46b53f11f", "OS-DCF:diskConfig": "MANUAL", "os-extended-volumes:volumes_attached": [], "accessIPv4": "", "accessIPv6": "", "progress": 0, "OS-EXT-STS:power_state": 0, "config_drive": "", "metadata": {}}}
2015-12-18 18:22:22,665 21567 INFO     [tempest_lib.common.rest_client] Request (TestGettingAddress:test_dhcp6_stateless_from_os): 200 GET http://10.0.2.15:8774/v2.1/8418f9a8d29d49c0936104f46b53f11f/servers/ea34e891-4368-4479-888b-0504c213637c 0.200s
2015-12-18 18:22:22,666 21567 DEBUG    [tempest_lib.common.rest_client] Request - Headers: {'Content-Type': 'application/json', 'Accept': 'application/json', 'X-Auth-Token': '&lt;omitted&gt;'}
        Body: None
    Response - Headers: {'status': '200', 'content-length': '1779', 'content-location': 'http://10.0.2.15:8774/v2.1/8418f9a8d29d49c0936104f46b53f11f/servers/ea34e891-4368-4479-888b-0504c213637c', 'x-compute-request-id': 'req-f7e9db90-862a-48a5-8f0d-bdd97fc3ea76', 'vary': 'X-OpenStack-Nova-API-Version', 'connection': 'close', 'x-openstack-nova-api-version': '2.1', 'date': 'Fri, 18 Dec 2015 18:22:22 GMT', 'content-type': 'application/json'}
        Body: {"server": {"status": "ACTIVE", "updated": "2015-12-18T18:22:22Z", "hostId": "250f7f154f9f03e7144b65ad678c8d76f8f0b46de3a13b86300b09dd", "addresses": {"tempest-network-smoke--946821930": [{"OS-EXT-IPS-MAC:mac_addr": "fa:16:3e:28:5a:8e", "version": 4, "addr": "10.100.0.3", "OS-EXT-IPS:type": "fixed"}, {"OS-EXT-IPS-MAC:mac_addr": "fa:16:3e:28:5a:8e", "version": 6, "addr": "2003::f816:3eff:fe28:5a8e", "OS-EXT-IPS:type": "fixed"}]}, "links": [{"href": "http://10.0.2.15:8774/v2.1/8418f9a8d29d49c0936104f46b53f11f/servers/ea34e891-4368-4479-888b-0504c213637c", "rel": "self"}, {"href": "http://10.0.2.15:8774/8418f9a8d29d49c0936104f46b53f11f/servers/ea34e891-4368-4479-888b-0504c213637c", "rel": "bookmark"}], "key_name": "tempest-TestGettingAddress-160922369", "image": {"id": "dfb874ef-db4c-44b6-95d6-69619f11ea48", "links": [{"href": "http://10.0.2.15:8774/8418f9a8d29d49c0936104f46b53f11f/images/dfb874ef-db4c-44b6-95d6-69619f11ea48", "rel": "bookmark"}]}, "OS-EXT-STS:task_state": null, "OS-EXT-STS:vm_state": "active", "OS-SRV-USG:launched_at": "2015-12-18T18:22:22.000000", "flavor": {"id": "42", "links": [{"href": "http://10.0.2.15:8774/8418f9a8d29d49c0936104f46b53f11f/flavors/42", "rel": "bookmark"}]}, "id": "ea34e891-4368-4479-888b-0504c213637c", "security_groups": [{"name": "tempest-secgroup-smoke-794247743"}], "OS-SRV-USG:terminated_at": null, "OS-EXT-AZ:availability_zone": "nova", "user_id": "e8438d37449a4f76a6fb415aeca88713", "name": "tempest.common.compute-instance-1674956796", "created": "2015-12-18T18:22:18Z", "tenant_id": "8418f9a8d29d49c0936104f46b53f11f", "OS-DCF:diskConfig": "MANUAL", "os-extended-volumes:volumes_attached": [], "accessIPv4": "", "accessIPv6": "", "progress": 0, "OS-EXT-STS:power_state": 1, "config_drive": "True", "metadata": {}}}
2015-12-18 18:22:22,675 21567 INFO     [tempest.common.waiters] State transition "BUILD/spawning" ==&gt; "ACTIVE/None" after 4 second wait
2015-12-18 18:22:22,919 21567 INFO     [tempest_lib.common.rest_client] Request (TestGettingAddress:test_dhcp6_stateless_from_os): 200 GET http://10.0.2.15:8774/v2.1/8418f9a8d29d49c0936104f46b53f11f/servers/ea34e891-4368-4479-888b-0504c213637c 0.243s
2015-12-18 18:22:22,919 21567 DEBUG    [tempest_lib.common.rest_client] Request - Headers: {'Content-Type': 'application/json', 'Accept': 'application/json', 'X-Auth-Token': '&lt;omitted&gt;'}
        Body: None
    Response - Headers: {'status': '200', 'content-length': '1779', 'content-location': 'http://10.0.2.15:8774/v2.1/8418f9a8d29d49c0936104f46b53f11f/servers/ea34e891-4368-4479-888b-0504c213637c', 'x-compute-request-id': 'req-84678951-5ef4-42fb-8644-16ccf31ac5aa', 'vary': 'X-OpenStack-Nova-API-Version', 'connection': 'close', 'x-openstack-nova-api-version': '2.1', 'date': 'Fri, 18 Dec 2015 18:22:22 GMT', 'content-type': 'application/json'}
        Body: {"server": {"status": "ACTIVE", "updated": "2015-12-18T18:22:22Z", "hostId": "250f7f154f9f03e7144b65ad678c8d76f8f0b46de3a13b86300b09dd", "addresses": {"tempest-network-smoke--946821930": [{"OS-EXT-IPS-MAC:mac_addr": "fa:16:3e:28:5a:8e", "version": 4, "addr": "10.100.0.3", "OS-EXT-IPS:type": "fixed"}, {"OS-EXT-IPS-MAC:mac_addr": "fa:16:3e:28:5a:8e", "version": 6, "addr": "2003::f816:3eff:fe28:5a8e", "OS-EXT-IPS:type": "fixed"}]}, "links": [{"href": "http://10.0.2.15:8774/v2.1/8418f9a8d29d49c0936104f46b53f11f/servers/ea34e891-4368-4479-888b-0504c213637c", "rel": "self"}, {"href": "http://10.0.2.15:8774/8418f9a8d29d49c0936104f46b53f11f/servers/ea34e891-4368-4479-888b-0504c213637c", "rel": "bookmark"}], "key_name": "tempest-TestGettingAddress-160922369", "image": {"id": "dfb874ef-db4c-44b6-95d6-69619f11ea48", "links": [{"href": "http://10.0.2.15:8774/8418f9a8d29d49c0936104f46b53f11f/images/dfb874ef-db4c-44b6-95d6-69619f11ea48", "rel": "bookmark"}]}, "OS-EXT-STS:task_state": null, "OS-EXT-STS:vm_state": "active", "OS-SRV-USG:launched_at": "2015-12-18T18:22:22.000000", "flavor": {"id": "42", "links": [{"href": "http://10.0.2.15:8774/8418f9a8d29d49c0936104f46b53f11f/flavors/42", "rel": "bookmark"}]}, "id": "ea34e891-4368-4479-888b-0504c213637c", "security_groups": [{"name": "tempest-secgroup-smoke-794247743"}], "OS-SRV-USG:terminated_at": null, "OS-EXT-AZ:availability_zone": "nova", "user_id": "e8438d37449a4f76a6fb415aeca88713", "name": "tempest.common.compute-instance-1674956796", "created": "2015-12-18T18:22:18Z", "tenant_id": "8418f9a8d29d49c0936104f46b53f11f", "OS-DCF:diskConfig": "MANUAL", "os-extended-volumes:volumes_attached": [], "accessIPv4": "", "accessIPv6": "", "progress": 0, "OS-EXT-STS:power_state": 1, "config_drive": "True", "metadata": {}}}
2015-12-18 18:22:22,960 21567 INFO     [tempest_lib.common.rest_client] Request (TestGettingAddress:test_dhcp6_stateless_from_os): 200 GET http://10.0.2.15:9696/v2.0/ports?status=ACTIVE&amp;fixed_ip=None&amp;device_id=ea34e891-4368-4479-888b-0504c213637c 0.032s
2015-12-18 18:22:22,961 21567 DEBUG    [tempest_lib.common.rest_client] Request - Headers: {'Content-Type': 'application/json', 'Accept': 'application/json', 'X-Auth-Token': '&lt;omitted&gt;'}
        Body: None
    Response - Headers: {'status': '200', 'content-length': '1142', 'content-location': 'http://10.0.2.15:9696/v2.0/ports?status=ACTIVE&amp;fixed_ip=None&amp;device_id=ea34e891-4368-4479-888b-0504c213637c', 'connection': 'close', 'date': 'Fri, 18 Dec 2015 18:22:22 GMT', 'content-type': 'application/json; charset=UTF-8', 'x-openstack-request-id': 'req-059f6f87-b242-49d7-9f27-a8f271b1288c'}
        Body: {"ports": [{"status": "ACTIVE", "binding:host_id": "vagrant-ubuntu-trusty-64", "allowed_address_pairs": [], "extra_dhcp_opts": [], "dns_assignment": [{"hostname": "host-10-100-0-3", "ip_address": "10.100.0.3", "fqdn": "host-10-100-0-3.openstacklocal."}, {"hostname": "host-2003--f816-3eff-fe28-5a8e", "ip_address": "2003::f816:3eff:fe28:5a8e", "fqdn": "host-2003--f816-3eff-fe28-5a8e.openstacklocal."}], "device_owner": "compute:None", "port_security_enabled": true, "binding:profile": {}, "fixed_ips": [{"subnet_id": "cd96c655-af17-43e1-81f7-f2f4bcb04541", "ip_address": "10.100.0.3"}, {"subnet_id": "dde8faa6-f22c-455d-a508-c406092cfaf9", "ip_address": "2003::f816:3eff:fe28:5a8e"}], "id": "5ee57868-af04-47be-a988-c3106ca5e9d6", "security_groups": ["f0b8e3c3-098c-445f-9fe1-3fa695ef3594"], "device_id": "ea34e891-4368-4479-888b-0504c213637c", "name": "", "admin_state_up": true, "network_id": "e9fff6db-4da2-4b4c-8aeb-2107ed0a73e1", "dns_name": "", "binding:vif_details": {"port_filter": true}, "binding:vnic_type": "normal", "binding:vif_type": "ovs", "tenant_id": "8418f9a8d29d49c0936104f46b53f11f", "mac_address": "fa:16:3e:28:5a:8e"}]}
2015-12-18 18:22:23,559 21567 INFO     [tempest_lib.common.rest_client] Request (TestGettingAddress:test_dhcp6_stateless_from_os): 201 POST http://10.0.2.15:9696/v2.0/floatingips 0.597s
2015-12-18 18:22:23,559 21567 DEBUG    [tempest_lib.common.rest_client] Request - Headers: {'Content-Type': 'application/json', 'Accept': 'application/json', 'X-Auth-Token': '&lt;omitted&gt;'}
        Body: {"floatingip": {"floating_network_id": "c4be7d1a-8226-4d9d-a984-735ad5c6b0e1", "tenant_id": "8418f9a8d29d49c0936104f46b53f11f", "fixed_ip_address": "10.100.0.3", "port_id": "5ee57868-af04-47be-a988-c3106ca5e9d6"}}
    Response - Headers: {'status': '201', 'content-length': '367', 'connection': 'close', 'date': 'Fri, 18 Dec 2015 18:22:23 GMT', 'content-type': 'application/json; charset=UTF-8', 'x-openstack-request-id': 'req-24399de7-b61f-47b5-93eb-f1cacdec9d7a'}
        Body: {"floatingip": {"floating_network_id": "c4be7d1a-8226-4d9d-a984-735ad5c6b0e1", "router_id": "7ec87ad5-ceba-44ac-8723-43c827d94c1d", "fixed_ip_address": "10.100.0.3", "floating_ip_address": "172.24.4.4", "tenant_id": "8418f9a8d29d49c0936104f46b53f11f", "status": "DOWN", "port_id": "5ee57868-af04-47be-a988-c3106ca5e9d6", "id": "d653a3c8-8898-41be-9e6d-7a415f3a7e61"}}
2015-12-18 18:22:23,561 21567 INFO     [tempest_lib.common.ssh] Creating ssh connection to '172.24.4.4' as 'cirros' with public key authentication
2015-12-18 18:22:27,194 21567 WARNING  [tempest_lib.common.ssh] Failed to establish authenticated ssh connection to cirros@172.24.4.4 ([Errno None] Unable to connect to port 22 on  or 172.24.4.4). Number attempts: 1. Retry after 2 seconds.
2015-12-18 18:22:32,694 21567 WARNING  [tempest_lib.common.ssh] Failed to establish authenticated ssh connection to cirros@172.24.4.4 ([Errno None] Unable to connect to port 22 on  or 172.24.4.4). Number attempts: 2. Retry after 3 seconds.
2015-12-18 18:22:39,198 21567 WARNING  [tempest_lib.common.ssh] Failed to establish authenticated ssh connection to cirros@172.24.4.4 ([Errno None] Unable to connect to port 22 on  or 172.24.4.4). Number attempts: 3. Retry after 4 seconds.
2015-12-18 18:22:46,702 21567 WARNING  [tempest_lib.common.ssh] Failed to establish authenticated ssh connection to cirros@172.24.4.4 ([Errno None] Unable to connect to port 22 on  or 172.24.4.4). Number attempts: 4. Retry after 5 seconds.
2015-12-18 18:22:55,212 21567 WARNING  [tempest_lib.common.ssh] Failed to establish authenticated ssh connection to cirros@172.24.4.4 ([Errno None] Unable to connect to port 22 on  or 172.24.4.4). Number attempts: 5. Retry after 6 seconds.
2015-12-18 18:23:04,718 21567 WARNING  [tempest_lib.common.ssh] Failed to establish authenticated ssh connection to cirros@172.24.4.4 ([Errno None] Unable to connect to port 22 on  or 172.24.4.4). Number attempts: 6. Retry after 7 seconds.
2015-12-18 18:23:15,222 21567 WARNING  [tempest_lib.common.ssh] Failed to establish authenticated ssh connection to cirros@172.24.4.4 ([Errno None] Unable to connect to port 22 on  or 172.24.4.4). Number attempts: 7. Retry after 8 seconds.
2015-12-18 18:23:26,730 21567 WARNING  [tempest_lib.common.ssh] Failed to establish authenticated ssh connection to cirros@172.24.4.4 ([Errno None] Unable to connect to port 22 on  or 172.24.4.4). Number attempts: 8. Retry after 9 seconds.
2015-12-18 18:23:39,235 21567 WARNING  [tempest_lib.common.ssh] Failed to establish authenticated ssh connection to cirros@172.24.4.4 ([Errno None] Unable to connect to port 22 on  or 172.24.4.4). Number attempts: 9. Retry after 10 seconds.
2015-12-18 18:23:52,746 21567 WARNING  [tempest_lib.common.ssh] Failed to establish authenticated ssh connection to cirros@172.24.4.4 ([Errno None] Unable to connect to port 22 on  or 172.24.4.4). Number attempts: 10. Retry after 11 seconds.
2015-12-18 18:24:07,254 21567 WARNING  [tempest_lib.common.ssh] Failed to establish authenticated ssh connection to cirros@172.24.4.4 ([Errno None] Unable to connect to port 22 on  or 172.24.4.4). Number attempts: 11. Retry after 12 seconds.
2015-12-18 18:24:22,763 21567 WARNING  [tempest_lib.common.ssh] Failed to establish authenticated ssh connection to cirros@172.24.4.4 ([Errno None] Unable to connect to port 22 on  or 172.24.4.4). Number attempts: 12. Retry after 13 seconds.
2015-12-18 18:24:39,270 21567 WARNING  [tempest_lib.common.ssh] Failed to establish authenticated ssh connection to cirros@172.24.4.4 ([Errno None] Unable to connect to port 22 on  or 172.24.4.4). Number attempts: 13. Retry after 14 seconds.
2015-12-18 18:24:56,786 21567 WARNING  [tempest_lib.common.ssh] Failed to establish authenticated ssh connection to cirros@172.24.4.4 ([Errno None] Unable to connect to port 22 on  or 172.24.4.4). Number attempts: 14. Retry after 15 seconds.
2015-12-18 18:25:15,302 21567 WARNING  [tempest_lib.common.ssh] Failed to establish authenticated ssh connection to cirros@172.24.4.4 ([Errno None] Unable to connect to port 22 on  or 172.24.4.4). Number attempts: 15. Retry after 16 seconds.
2015-12-18 18:25:34,818 21567 WARNING  [tempest_lib.common.ssh] Failed to establish authenticated ssh connection to cirros@172.24.4.4 ([Errno None] Unable to connect to port 22 on  or 172.24.4.4). Number attempts: 16. Retry after 17 seconds.
2015-12-18 18:25:55,334 21567 WARNING  [tempest_lib.common.ssh] Failed to establish authenticated ssh connection to cirros@172.24.4.4 ([Errno None] Unable to connect to port 22 on  or 172.24.4.4). Number attempts: 17. Retry after 18 seconds.
2015-12-18 18:26:16,854 21567 WARNING  [tempest_lib.common.ssh] Failed to establish authenticated ssh connection to cirros@172.24.4.4 ([Errno None] Unable to connect to port 22 on  or 172.24.4.4). Number attempts: 18. Retry after 19 seconds.
2015-12-18 18:26:39,374 21567 WARNING  [tempest_lib.common.ssh] Failed to establish authenticated ssh connection to cirros@172.24.4.4 ([Errno None] Unable to connect to port 22 on  or 172.24.4.4). Number attempts: 19. Retry after 20 seconds.
2015-12-18 18:27:02,891 21567 WARNING  [tempest_lib.common.ssh] Failed to establish authenticated ssh connection to cirros@172.24.4.4 ([Errno None] Unable to connect to port 22 on  or 172.24.4.4). Number attempts: 20. Retry after 21 seconds.
2015-12-18 18:27:27,410 21567 ERROR    [tempest_lib.common.ssh] Failed to establish authenticated ssh connection to cirros@172.24.4.4 after 20 attempts
2015-12-18 18:27:27.410 21567 ERROR tempest_lib.common.ssh Traceback (most recent call last):
2015-12-18 18:27:27.410 21567 ERROR tempest_lib.common.ssh   File "/usr/local/lib/python2.7/dist-packages/tempest_lib/common/ssh.py", line 75, in _get_ssh_connection
2015-12-18 18:27:27.410 21567 ERROR tempest_lib.common.ssh     timeout=self.channel_timeout, pkey=self.pkey)
2015-12-18 18:27:27.410 21567 ERROR tempest_lib.common.ssh   File "/usr/local/lib/python2.7/dist-packages/paramiko/client.py", line 311, in connect
2015-12-18 18:27:27.410 21567 ERROR tempest_lib.common.ssh     raise NoValidConnectionsError(errors)
2015-12-18 18:27:27.410 21567 ERROR tempest_lib.common.ssh NoValidConnectionsError: [Errno None] Unable to connect to port 22 on  or 172.24.4.4
2015-12-18 18:27:27.410 21567 ERROR tempest_lib.common.ssh 
2015-12-18 18:27:27,412 21567 ERROR    [tempest.scenario.manager] (TestGettingAddress:test_dhcp6_stateless_from_os) Initializing SSH connection to 172.24.4.4 failed. Error: Connection to the 172.24.4.4 via SSH timed out.
User: cirros, Password: None
2015-12-18 18:27:27.412 21567 ERROR tempest.scenario.manager Traceback (most recent call last):
2015-12-18 18:27:27.412 21567 ERROR tempest.scenario.manager   File "tempest/scenario/manager.py", line 385, in get_remote_client
2015-12-18 18:27:27.412 21567 ERROR tempest.scenario.manager     linux_client.validate_authentication()
2015-12-18 18:27:27.412 21567 ERROR tempest.scenario.manager   File "tempest/common/utils/linux/remote_client.py", line 63, in validate_authentication
2015-12-18 18:27:27.412 21567 ERROR tempest.scenario.manager     self.ssh_client.test_connection_auth()
2015-12-18 18:27:27.412 21567 ERROR tempest.scenario.manager   File "/usr/local/lib/python2.7/dist-packages/tempest_lib/common/ssh.py", line 172, in test_connection_auth
2015-12-18 18:27:27.412 21567 ERROR tempest.scenario.manager     connection = self._get_ssh_connection()
2015-12-18 18:27:27.412 21567 ERROR tempest.scenario.manager   File "/usr/local/lib/python2.7/dist-packages/tempest_lib/common/ssh.py", line 87, in _get_ssh_connection
2015-12-18 18:27:27.412 21567 ERROR tempest.scenario.manager     password=self.password)
2015-12-18 18:27:27.412 21567 ERROR tempest.scenario.manager SSHTimeout: Connection to the 172.24.4.4 via SSH timed out.
2015-12-18 18:27:27.412 21567 ERROR tempest.scenario.manager User: cirros, Password: None
2015-12-18 18:27:27.412 21567 ERROR tempest.scenario.manager 
2015-12-18 18:27:27,622 21567 INFO     [tempest_lib.common.rest_client] Request (TestGettingAddress:test_dhcp6_stateless_from_os): 200 GET http://10.0.2.15:8774/v2.1/8418f9a8d29d49c0936104f46b53f11f/servers 0.206s
2015-12-18 18:27:27,622 21567 DEBUG    [tempest_lib.common.rest_client] Request - Headers: {'Content-Type': 'application/json', 'Accept': 'application/json', 'X-Auth-Token': '&lt;omitted&gt;'}
        Body: None
    Response - Headers: {'status': '200', 'content-length': '391', 'content-location': 'http://10.0.2.15:8774/v2.1/8418f9a8d29d49c0936104f46b53f11f/servers', 'x-compute-request-id': 'req-2077a984-2980-4199-baf0-59518c9526ca', 'vary': 'X-OpenStack-Nova-API-Version', 'connection': 'close', 'x-openstack-nova-api-version': '2.1', 'date': 'Fri, 18 Dec 2015 18:27:27 GMT', 'content-type': 'application/json'}
        Body: {"servers": [{"id": "ea34e891-4368-4479-888b-0504c213637c", "links": [{"href": "http://10.0.2.15:8774/v2.1/8418f9a8d29d49c0936104f46b53f11f/servers/ea34e891-4368-4479-888b-0504c213637c", "rel": "self"}, {"href": "http://10.0.2.15:8774/8418f9a8d29d49c0936104f46b53f11f/servers/ea34e891-4368-4479-888b-0504c213637c", "rel": "bookmark"}], "name": "tempest.common.compute-instance-1674956796"}]}
2015-12-18 18:27:27,831 21567 INFO     [tempest_lib.common.rest_client] Request (TestGettingAddress:test_dhcp6_stateless_from_os): 200 POST http://10.0.2.15:8774/v2.1/8418f9a8d29d49c0936104f46b53f11f/servers/ea34e891-4368-4479-888b-0504c213637c/action 0.203s
2015-12-18 18:27:27,831 21567 DEBUG    [tempest_lib.common.rest_client] Request - Headers: {'Content-Type': 'application/json', 'Accept': 'application/json', 'X-Auth-Token': '&lt;omitted&gt;'}
        Body: {"os-getConsoleOutput": {}}
    Response - Headers: {'status': '200', 'content-length': '24671', 'x-compute-request-id': 'req-622e07de-3a6f-4492-b286-9af8f21b434a', 'vary': 'X-OpenStack-Nova-API-Version', 'connection': 'close', 'x-openstack-nova-api-version': '2.1', 'date': 'Fri, 18 Dec 2015 18:27:27 GMT', 'content-type': 'application/json'}
        Body: {"output": "[    0.000000] Initializing cgroup subsys cpuset\n[    0.000000] Initializing cgroup subsys cpu\n[    0.000000] Linux version 3.2.0-80-virtual (buildd@batsu) (gcc version 4.6.3 (Ubuntu/Linaro 4.6.3-1ubuntu5) ) #116-Ubuntu SMP Mon Mar 23 17:28:52 UTC 2015 (Ubuntu 3.2.0-80.116-virtual 3.2.68)\n[    0.000000] Command line: root=/dev/vda console=tty0 console=ttyS0 no_timer_check\n[    0.000000] KERNEL supported cpus:\n[    0.000000]   Intel GenuineIntel\n[    0.000000]   AMD AuthenticAMD\n[    0.000000]   Centaur CentaurHauls\n[    0.000000] BIOS-provided physical RAM map:\n[    0.000000]  BIOS-e820: 0000000000000000 - 000000000009fc00 (usable)\n[    0.000000]  BIOS-e820: 000000000009fc00 - 00000000000a0000 (reserved)\n[    0.000000]  BIOS-e820: 00000000000f0000 - 0000000000100000 (reserved)\n[    0.000000]  BIOS-e820: 0000000000100000 - 0000000003ffe000 (usable)\n[    0.000000]  BIOS-e820: 0000000003ffe000 - 0000000004000000 (reserved)\n[    0.000000]  BIOS-e820: 00000000fffc0000 - 0000000100000000 (reserved)\n[    0.000000] NX (Execute Disable) protection: active\n[    0.000000] SMBIOS 2.4 present.\n[    0.000000] No AGP bridge found\n[    0.000000] last_pfn = 0x3ffe max_arch_pfn = 0x400000000\n[    0.000000] x86 PAT enabled: cpu 0, old 0x7040600070406, new 0x7010600070106\n[    0.000000] found SMP MP-table at [ffff8800000f0b00] f0b00\n[    0.000000] init_memory_mapping: 0000000000000000-0000000003ffe000\n[    0.000000] RAMDISK: 03c5e000 - 03ff0000\n[    0.000000] ACPI: RSDP 00000000000f0950 00014 (v00 BOCHS )\n[    0.000000] ACPI: RSDT 0000000003fffbc1 00034 (v01 BOCHS  BXPCRSDT 00000001 BXPC 00000001)\n[    0.000000] ACPI: FACP 0000000003fff1c0 00074 (v01 BOCHS  BXPCFACP 00000001 BXPC 00000001)\n[    0.000000] ACPI: DSDT 0000000003ffe040 01180 (v01 BOCHS  BXPCDSDT 00000001 BXPC 00000001)\n[    0.000000] ACPI: FACS 0000000003ffe000 00040\n[    0.000000] ACPI: SSDT 0000000003fff234 008DD (v01 BOCHS  BXPCSSDT 00000001 BXPC 00000001)\n[    0.000000] ACPI: APIC 0000000003fffb11 00078 (v01 BOCHS  BXPCAPIC 00000001 BXPC 00000001)\n[    0.000000] ACPI: HPET 0000000003fffb89 00038 (v01 BOCHS  BXPCHPET 00000001 BXPC 00000001)\n[    0.000000] No NUMA configuration found\n[    0.000000] Faking a node at 0000000000000000-0000000003ffe000\n[    0.000000] Initmem setup node 0 0000000000000000-0000000003ffe000\n[    0.000000]   NODE_DATA [0000000003ff6000 - 0000000003ffafff]\n[    0.000000] Zone PFN ranges:\n[    0.000000]   DMA      0x00000010 -&gt; 0x00001000\n[    0.000000]   DMA32    0x00001000 -&gt; 0x00100000\n[    0.000000]   Normal   empty\n[    0.000000] Movable zone start PFN for each node\n[    0.000000] early_node_map[2] active PFN ranges\n[    0.000000]     0: 0x00000010 -&gt; 0x0000009f\n[    0.000000]     0: 0x00000100 -&gt; 0x00003ffe\n[    0.000000] ACPI: PM-Timer IO Port: 0xb008\n[    0.000000] ACPI: LAPIC (acpi_id[0x00] lapic_id[0x00] enabled)\n[    0.000000] ACPI: LAPIC_NMI (acpi_id[0xff] dfl dfl lint[0x1])\n[    0.000000] ACPI: IOAPIC (id[0x00] address[0xfec00000] gsi_base[0])\n[    0.000000] IOAPIC[0]: apic_id 0, version 17, address 0xfec00000, GSI 0-23\n[    0.000000] ACPI: INT_SRC_OVR (bus 0 bus_irq 0 global_irq 2 dfl dfl)\n[    0.000000] ACPI: INT_SRC_OVR (bus 0 bus_irq 5 global_irq 5 high level)\n[    0.000000] ACPI: INT_SRC_OVR (bus 0 bus_irq 9 global_irq 9 high level)\n[    0.000000] ACPI: INT_SRC_OVR (bus 0 bus_irq 10 global_irq 10 high level)\n[    0.000000] ACPI: INT_SRC_OVR (bus 0 bus_irq 11 global_irq 11 high level)\n[    0.000000] Using ACPI (MADT) for SMP configuration information\n[    0.000000] ACPI: HPET id: 0x8086a201 base: 0xfed00000\n[    0.000000] SMP: Allowing 1 CPUs, 0 hotplug CPUs\n[    0.000000] PM: Registered nosave memory: 000000000009f000 - 00000000000a0000\n[    0.000000] PM: Registered nosave memory: 00000000000a0000 - 00000000000f0000\n[    0.000000] PM: Registered nosave memory: 00000000000f0000 - 0000000000100000\n[    0.000000] Allocating PCI resources starting at 4000000 (gap: 4000000:fbfc0000)\n[    0.000000] Booting paravirtualized kernel on bare hardware\n[    0.000000] setup_pe
2015-12-18 18:27:27,835 21567 DEBUG    [tempest.scenario.manager] Console output for ea34e891-4368-4479-888b-0504c213637c
body=
[    0.000000] Initializing cgroup subsys cpuset
[    0.000000] Initializing cgroup subsys cpu
[    0.000000] Linux version 3.2.0-80-virtual (buildd@batsu) (gcc version 4.6.3 (Ubuntu/Linaro 4.6.3-1ubuntu5) ) #116-Ubuntu SMP Mon Mar 23 17:28:52 UTC 2015 (Ubuntu 3.2.0-80.116-virtual 3.2.68)
[    0.000000] Command line: root=/dev/vda console=tty0 console=ttyS0 no_timer_check
[    0.000000] KERNEL supported cpus:
[    0.000000]   Intel GenuineIntel
[    0.000000]   AMD AuthenticAMD
[    0.000000]   Centaur CentaurHauls
[    0.000000] BIOS-provided physical RAM map:
[    0.000000]  BIOS-e820: 0000000000000000 - 000000000009fc00 (usable)
[    0.000000]  BIOS-e820: 000000000009fc00 - 00000000000a0000 (reserved)
[    0.000000]  BIOS-e820: 00000000000f0000 - 0000000000100000 (reserved)
[    0.000000]  BIOS-e820: 0000000000100000 - 0000000003ffe000 (usable)
[    0.000000]  BIOS-e820: 0000000003ffe000 - 0000000004000000 (reserved)
[    0.000000]  BIOS-e820: 00000000fffc0000 - 0000000100000000 (reserved)
[    0.000000] NX (Execute Disable) protection: active
[    0.000000] SMBIOS 2.4 present.
[    0.000000] No AGP bridge found
[    0.000000] last_pfn = 0x3ffe max_arch_pfn = 0x400000000
[    0.000000] x86 PAT enabled: cpu 0, old 0x7040600070406, new 0x7010600070106
[    0.000000] found SMP MP-table at [ffff8800000f0b00] f0b00
[    0.000000] init_memory_mapping: 0000000000000000-0000000003ffe000
[    0.000000] RAMDISK: 03c5e000 - 03ff0000
[    0.000000] ACPI: RSDP 00000000000f0950 00014 (v00 BOCHS )
[    0.000000] ACPI: RSDT 0000000003fffbc1 00034 (v01 BOCHS  BXPCRSDT 00000001 BXPC 00000001)
[    0.000000] ACPI: FACP 0000000003fff1c0 00074 (v01 BOCHS  BXPCFACP 00000001 BXPC 00000001)
[    0.000000] ACPI: DSDT 0000000003ffe040 01180 (v01 BOCHS  BXPCDSDT 00000001 BXPC 00000001)
[    0.000000] ACPI: FACS 0000000003ffe000 00040
[    0.000000] ACPI: SSDT 0000000003fff234 008DD (v01 BOCHS  BXPCSSDT 00000001 BXPC 00000001)
[    0.000000] ACPI: APIC 0000000003fffb11 00078 (v01 BOCHS  BXPCAPIC 00000001 BXPC 00000001)
[    0.000000] ACPI: HPET 0000000003fffb89 00038 (v01 BOCHS  BXPCHPET 00000001 BXPC 00000001)
[    0.000000] No NUMA configuration found
[    0.000000] Faking a node at 0000000000000000-0000000003ffe000
[    0.000000] Initmem setup node 0 0000000000000000-0000000003ffe000
[    0.000000]   NODE_DATA [0000000003ff6000 - 0000000003ffafff]
[    0.000000] Zone PFN ranges:
[    0.000000]   DMA      0x00000010 -&gt; 0x00001000
[    0.000000]   DMA32    0x00001000 -&gt; 0x00100000
[    0.000000]   Normal   empty
[    0.000000] Movable zone start PFN for each node
[    0.000000] early_node_map[2] active PFN ranges
[    0.000000]     0: 0x00000010 -&gt; 0x0000009f
[    0.000000]     0: 0x00000100 -&gt; 0x00003ffe
[    0.000000] ACPI: PM-Timer IO Port: 0xb008
[    0.000000] ACPI: LAPIC (acpi_id[0x00] lapic_id[0x00] enabled)
[    0.000000] ACPI: LAPIC_NMI (acpi_id[0xff] dfl dfl lint[0x1])
[    0.000000] ACPI: IOAPIC (id[0x00] address[0xfec00000] gsi_base[0])
[    0.000000] IOAPIC[0]: apic_id 0, version 17, address 0xfec00000, GSI 0-23
[    0.000000] ACPI: INT_SRC_OVR (bus 0 bus_irq 0 global_irq 2 dfl dfl)
[    0.000000] ACPI: INT_SRC_OVR (bus 0 bus_irq 5 global_irq 5 high level)
[    0.000000] ACPI: INT_SRC_OVR (bus 0 bus_irq 9 global_irq 9 high level)
[    0.000000] ACPI: INT_SRC_OVR (bus 0 bus_irq 10 global_irq 10 high level)
[    0.000000] ACPI: INT_SRC_OVR (bus 0 bus_irq 11 global_irq 11 high level)
[    0.000000] Using ACPI (MADT) for SMP configuration information
[    0.000000] ACPI: HPET id: 0x8086a201 base: 0xfed00000
[    0.000000] SMP: Allowing 1 CPUs, 0 hotplug CPUs
[    0.000000] PM: Registered nosave memory: 000000000009f000 - 00000000000a0000
[    0.000000] PM: Registered nosave memory: 00000000000a0000 - 00000000000f0000
[    0.000000] PM: Registered nosave memory: 00000000000f0000 - 0000000000100000
[    0.000000] Allocating PCI resources starting at 4000000 (gap: 4000000:fbfc0000)
[    0.000000] Booting paravirtualized kernel on bare hardware
[    0.000000] setup_percpu: NR_CPUS:64 nr_cpumask_bits:64 nr_cpu_ids:1 nr_node_ids:1
[    0.000000] PERCPU: Embedded 27 pages/cpu @ffff880003a00000 s78848 r8192 d23552 u2097152
[    0.000000] Built 1 zonelists in Node order, mobility grouping on.  Total pages: 16008
[    0.000000] Policy zone: DMA32
[    0.000000] Kernel command line: root=/dev/vda console=tty0 console=ttyS0 no_timer_check
[    0.000000] PID hash table entries: 256 (order: -1, 2048 bytes)
[    0.000000] Checking aperture...
[    0.000000] No AGP bridge found
[    0.000000] Memory: 43492k/65528k available (6576k kernel code, 452k absent, 21584k reserved, 6620k data, 928k init)
[    0.000000] SLUB: Genslabs=15, HWalign=64, Order=0-3, MinObjects=0, CPUs=1, Nodes=1
[    0.000000] Hierarchical RCU implementation.
[    0.000000] 	RCU dyntick-idle grace-period acceleration is enabled.
[    0.000000] NR_IRQS:4352 nr_irqs:256 16
[    0.000000] Console: colour VGA+ 80x25
[    0.000000] console [tty0] enabled
[    0.000000] console [ttyS0] enabled
[    0.000000] allocated 1048576 bytes of page_cgroup
[    0.000000] please try 'cgroup_disable=memory' option if you don't want memory cgroups
[    0.000000] Fast TSC calibration failed
[    0.000000] TSC: Unable to calibrate against PIT
[    0.000000] TSC: using HPET reference calibration
[    0.000000] Detected 2293.732 MHz processor.
[    0.033614] Calibrating delay loop (skipped), value calculated using timer frequency.. 4587.46 BogoMIPS (lpj=9174928)
[    0.035540] pid_max: default: 32768 minimum: 301
[    0.045908] Security Framework initialized
[    0.050465] AppArmor: AppArmor initialized
[    0.051454] Yama: becoming mindful.
[    0.058286] Dentry cache hash table entries: 8192 (order: 4, 65536 bytes)
[    0.060382] Inode-cache hash table entries: 4096 (order: 3, 32768 bytes)
[    0.061905] Mount-cache hash table entries: 256
[    0.081122] Initializing cgroup subsys cpuacct
[    0.082030] Initializing cgroup subsys memory
[    0.083409] Initializing cgroup subsys devices
[    0.084190] Initializing cgroup subsys freezer
[    0.084842] Initializing cgroup subsys blkio
[    0.085554] Initializing cgroup subsys perf_event
[    0.091120] mce: CPU supports 10 MCE banks
[    0.094608] SMP alternatives: switching to UP code
[    0.519296] Freeing SMP alternatives: 24k freed
[    0.520921] ACPI: Core revision 20110623
[    0.567641] ftrace: allocating 26610 entries in 105 pages
[    0.599317] ..TIMER: vector=0x30 apic1=0 pin1=2 apic2=-1 pin2=-1
[    0.600174] CPU0: AMD QEMU Virtual CPU version 2.0.0 stepping 03
[    0.608037] Performance Events: Broken PMU hardware detected, using software events only.
[    0.614596] NMI watchdog disabled (cpu0): hardware events not enabled
[    0.617005] Brought up 1 CPUs
[    0.617518] Total of 1 processors activated (4587.46 BogoMIPS).
[    0.639192] devtmpfs: initialized
[    0.674709] EVM: security.selinux
[    0.675216] EVM: security.SMACK64
[    0.676082] EVM: security.capability
[    0.696882] print_constraints: dummy: 
[    0.698532] RTC time: 18:22:25, date: 12/18/15
[    0.701873] NET: Registered protocol family 16
[    0.710180] ACPI: bus type pci registered
[    0.713977] PCI: Using configuration type 1 for base access
[    0.742528] bio: create slab &lt;bio-0&gt; at 0
[    0.747123] ACPI: Added _OSI(Module Device)
[    0.748183] ACPI: Added _OSI(Processor Device)
[    0.749019] ACPI: Added _OSI(3.0 _SCP Extensions)
[    0.749868] ACPI: Added _OSI(Processor Aggregator Device)
[    0.814553] ACPI: Interpreter enabled
[    0.815084] ACPI: (supports S0 S3 S4 S5)
[    0.817499] ACPI: Using IOAPIC for interrupt routing
[    0.906956] ACPI: No dock devices found.
[    0.908199] HEST: Table not found.
[    0.908705] PCI: Using host bridge windows from ACPI; if necessary, use "pci=nocrs" and report a bug
[    0.914104] ACPI: PCI Root Bridge [PCI0] (domain 0000 [bus 00-ff])
[    0.920832] pci_root PNP0A03:00: host bridge window [io  0x0000-0x0cf7]
[    0.921752] pci_root PNP0A03:00: host bridge window [io  0x0d00-0xadff]
[    0.923206] pci_root PNP0A03:00: host bridge window [io  0xae0f-0xaeff]
[    0.924110] pci_root PNP0A03:00: host bridge window [io  0xaf20-0xafdf]
[    0.925119] pci_root PNP0A03:00: host bridge window [io  0xafe4-0xffff]
[    0.926036] pci_root PNP0A03:00: host bridge window [mem 0x000a0000-0x000bffff]
[    0.926884] pci_root PNP0A03:00: host bridge window [mem 0x04000000-0xfebfffff]
[    0.953388] pci 0000:00:01.3: quirk: [io  0xb000-0xb03f] claimed by PIIX4 ACPI
[    0.954564] pci 0000:00:01.3: quirk: [io  0xb100-0xb10f] claimed by PIIX4 SMB
[    1.025102]  pci0000:00: Unable to request _OSC control (_OSC support mask: 0x1e)
[    1.082018] ACPI: PCI Interrupt Link [LNKA] (IRQs 5 *10 11)
[    1.088627] ACPI: PCI Interrupt Link [LNKB] (IRQs 5 *10 11)
[    1.091194] ACPI: PCI Interrupt Link [LNKC] (IRQs 5 10 *11)
[    1.093427] ACPI: PCI Interrupt Link [LNKD] (IRQs 5 10 *11)
[    1.094656] ACPI: PCI Interrupt Link [LNKS] (IRQs *9)
[    1.102145] vgaarb: device added: PCI:0000:00:02.0,decodes=io+mem,owns=io+mem,locks=none
[    1.103218] vgaarb: loaded
[    1.104166] vgaarb: bridge control possible 0000:00:02.0
[    1.108418] i2c-core: driver [aat2870] using legacy suspend method
[    1.109141] i2c-core: driver [aat2870] using legacy resume method
[    1.111481] SCSI subsystem initialized
[    1.114512] usbcore: registered new interface driver usbfs
[    1.116619] usbcore: registered new interface driver hub
[    1.117880] usbcore: registered new device driver usb
[    1.121591] PCI: Using ACPI for IRQ routing
[    1.136476] NetLabel: Initializing
[    1.137444] NetLabel:  domain hash size = 128
[    1.137925] NetLabel:  protocols = UNLABELED CIPSOv4
[    1.141112] NetLabel:  unlabeled traffic allowed by default
[    1.143067] HPET: 3 timers in total, 0 timers will be used for per-cpu timer
[    1.144447] hpet0: at MMIO 0xfed00000, IRQs 2, 8, 0
[    1.145519] hpet0: 3 comparators, 64-bit 100.000000 MHz counter
[    1.160152] Switching to clocksource hpet
[    1.402300] AppArmor: AppArmor Filesystem Enabled
[    1.403768] pnp: PnP ACPI init
[    1.405305] ACPI: bus type pnp registered
[    1.436198] pnp: PnP ACPI: found 9 devices
[    1.437557] ACPI: ACPI bus type pnp unregistered
[    1.507836] NET: Registered protocol family 2
[    1.558284] IP route cache hash table entries: 512 (order: 0, 4096 bytes)
[    1.565736] TCP established hash table entries: 2048 (order: 3, 32768 bytes)
[    1.567089] TCP bind hash table entries: 2048 (order: 3, 32768 bytes)
[    1.567962] TCP: Hash tables configured (established 2048 bind 2048)
[    1.569014] TCP reno registered
[    1.570064] UDP hash table entries: 128 (order: 0, 4096 bytes)
[    1.570963] UDP-Lite hash table entries: 128 (order: 0, 4096 bytes)
[    1.574599] NET: Registered protocol family 1
[    1.575223] pci 0000:00:00.0: Limiting direct PCI/PCI transfers
[    1.576041] pci 0000:00:01.0: PIIX3: Enabling Passive Release
[    1.578178] pci 0000:00:01.0: Activating ISA DMA hang workarounds
[    1.584516] ACPI: PCI Interrupt Link [LNKD] enabled at IRQ 11
[    1.586015] pci 0000:00:01.2: PCI INT D -&gt; Link[LNKD] -&gt; GSI 11 (level, high) -&gt; IRQ 11
[    1.587467] pci 0000:00:01.2: PCI INT D disabled
[    1.606642] Trying to unpack rootfs image as initramfs...
[    1.627794] audit: initializing netlink socket (disabled)
[    1.630075] type=2000 audit(1450462945.628:1): initialized
[    1.942054] HugeTLB registered 2 MB page size, pre-allocated 0 pages
[    2.023786] VFS: Disk quotas dquot_6.5.2
[    2.026287] Dquot-cache hash table entries: 512 (order 0, 4096 bytes)
[    2.041122] fuse init (API version 7.17)
[    2.046001] msgmni has been set to 84
[    2.087288] Block layer SCSI generic (bsg) driver version 0.4 loaded (major 253)
[    2.097918] io scheduler noop registered
[    2.098538] io scheduler deadline registered (default)
[    2.099708] io scheduler cfq registered
[    2.103798] pci_hotplug: PCI Hot Plug PCI Core version: 0.5
[    2.107165] pciehp: PCI Express Hot Plug Controller Driver version: 0.4
[    2.113757] input: Power Button as /devices/LNXSYSTM:00/LNXPWRBN:00/input/input0
[    2.115231] ACPI: Power Button [PWRF]
[    2.167177] ERST: Table is not found!
[    2.167709] GHES: HEST is not enabled!
[    2.179786] ACPI: PCI Interrupt Link [LNKC] enabled at IRQ 10
[    2.181574] virtio-pci 0000:00:03.0: PCI INT A -&gt; Link[LNKC] -&gt; GSI 10 (level, high) -&gt; IRQ 10
[    2.185481] virtio-pci 0000:00:04.0: PCI INT A -&gt; Link[LNKD] -&gt; GSI 11 (level, high) -&gt; IRQ 11
[    2.194442] ACPI: PCI Interrupt Link [LNKA] enabled at IRQ 10
[    2.195048] virtio-pci 0000:00:05.0: PCI INT A -&gt; Link[LNKA] -&gt; GSI 10 (level, high) -&gt; IRQ 10
[    2.211945] Serial: 8250/16550 driver, 32 ports, IRQ sharing enabled
[    2.268038] serial8250: ttyS0 at I/O 0x3f8 (irq = 4) is a 16550A
[    2.377879] serial8250: ttyS1 at I/O 0x2f8 (irq = 3) is a 16550A
[    2.520229] 00:05: ttyS0 at I/O 0x3f8 (irq = 4) is a 16550A
[    2.613135] 00:06: ttyS1 at I/O 0x2f8 (irq = 3) is a 16550A
[    2.614591] Refined TSC clocksource calibration: 2293.726 MHz.
[    2.616084] Switching to clocksource tsc
[    2.690391] Linux agpgart interface v0.103
[    2.785965] brd: module loaded
[    2.824698] loop: module loaded
[    2.894157]  vda: unknown partition table
[    2.938034] scsi0 : ata_piix
[    2.945858] scsi1 : ata_piix
[    2.947178] ata1: PATA max MWDMA2 cmd 0x1f0 ctl 0x3f6 bmdma 0xc0a0 irq 14
[    2.948034] ata2: PATA max MWDMA2 cmd 0x170 ctl 0x376 bmdma 0xc0a8 irq 15
[    2.958345] Fixed MDIO Bus: probed
[    2.959117] tun: Universal TUN/TAP device driver, 1.6
[    2.959649] tun: (C) 1999-2004 Max Krasnyansky &lt;maxk@qualcomm.com&gt;
[    2.972445] PPP generic driver version 2.4.2
[    2.997494] ehci_hcd: USB 2.0 'Enhanced' Host Controller (EHCI) Driver
[    2.998590] ohci_hcd: USB 1.1 'Open' Host Controller (OHCI) Driver
[    2.999515] uhci_hcd: USB Universal Host Controller Interface driver
[    3.001604] uhci_hcd 0000:00:01.2: PCI INT D -&gt; Link[LNKD] -&gt; GSI 11 (level, high) -&gt; IRQ 11
[    3.007559] uhci_hcd 0000:00:01.2: UHCI Host Controller
[    3.025962] uhci_hcd 0000:00:01.2: new USB bus registered, assigned bus number 1
[    3.028247] uhci_hcd 0000:00:01.2: irq 11, io base 0x0000c040
[    3.082250] hub 1-0:1.0: USB hub found
[    3.083419] hub 1-0:1.0: 2 ports detected
[    3.098133] usbcore: registered new interface driver libusual
[    3.102423] i8042: PNP: PS/2 Controller [PNP0303:KBD,PNP0f13:MOU] at 0x60,0x64 irq 1,12
[    3.114744] serio: i8042 KBD port at 0x60,0x64 irq 1
[    3.116103] serio: i8042 AUX port at 0x60,0x64 irq 12
[    3.166403] ata2.01: ATAPI: QEMU DVD-ROM, 2.0.0, max UDMA/100
[    3.185742] ata2.01: configured for MWDMA2
[    3.226103] mousedev: PS/2 mouse device common for all mice
[    3.249268] input: AT Translated Set 2 keyboard as /devices/platform/i8042/serio0/input/input1
[    3.262884] scsi 1:0:1:0: CD-ROM            QEMU     QEMU DVD-ROM     2.0. PQ: 0 ANSI: 5
[    3.280973] rtc_cmos 00:01: RTC can wake from S4
[    3.300555] rtc_cmos 00:01: rtc core: registered rtc_cmos as rtc0
[    3.305685] rtc0: alarms up to one day, 114 bytes nvram, hpet irqs
[    3.312045] device-mapper: uevent: version 1.0.3
[    3.343235] sr0: scsi3-mmc drive: 4x/4x cd/rw xa/form2 tray
[    3.346679] cdrom: Uniform CD-ROM driver Revision: 3.20
[    3.351653] device-mapper: ioctl: 4.22.0-ioctl (2011-10-19) initialised: dm-devel@redhat.com
[    3.360123] cpuidle: using governor ladder
[    3.363350] cpuidle: using governor menu
[    3.366249] EFI Variables Facility v0.08 2004-May-17
[    3.375491] TCP cubic registered
[    3.378983] NET: Registered protocol family 10
[    3.407580] NET: Registered protocol family 17
[    3.408813] Registering the dns_resolver key type
[    3.431917] sr 1:0:1:0: Attached scsi generic sg0 type 5
[    3.505986] registered taskstats version 1
[    3.538413] Freeing initrd memory: 3656k freed
[    4.074588]   Magic number: 11:123:393
[    4.084576] rtc_cmos 00:01: setting system clock to 2015-12-18 18:22:28 UTC (1450462948)
[    4.086675] powernow-k8: Processor cpuid 663 not supported
[    4.093525] BIOS EDD facility v0.16 2004-Jun-25, 0 devices found
[    4.095065] EDD information not available.
[    4.150842] Freeing unused kernel memory: 928k freed
[    4.154494] Write protecting the kernel read-only data: 12288k
[    4.233608] Freeing unused kernel memory: 1596k freed
[    4.295531] Freeing unused kernel memory: 1184k freed

info: initramfs: up at 4.47
modprobe: module virtio_blk not found in modules.dep
modprobe: module virtio_net not found in modules.dep
info: copying initramfs to /dev/vda
info: initramfs loading root from /dev/vda
info: /etc/init.d/rc.sysinit: up at 9.46
info: container: none
Starting logging: OK
modprobe: module virtio_blk not found in modules.dep
modprobe: module virtio_net not found in modules.dep
WARN: /etc/rc3.d/S10-load-modules failed
Initializing random number generator... done.
Starting acpid: OK
cirros-ds 'local' up at 12.04
found datasource (configdrive, local)
Starting network...
udhcpc (v1.20.1) started
Sending discover...
Sending discover...
Sending discover...
Usage: /sbin/cirros-dhcpc &lt;up|down&gt;
No lease, failing
WARN: /etc/rc3.d/S40-network failed
Starting dropbear sshd: generating rsa key... generating dsa key... OK
no userdata for datasource
=== system information ===
Platform: OpenStack Foundation OpenStack Nova
Container: none
Arch: x86_64
CPU(s): 1 @ 2293.732 MHz
Cores/Sockets/Threads: 1/1/1
Virt-type: AMD-V
RAM Size: 49MB
Disks:
NAME MAJ:MIN     SIZE LABEL         MOUNTPOINT
vda  253:0   25165824 cirros-rootfs /
sr0   11:0     428032 config-2      
=== sshd host keys ===
-----BEGIN SSH HOST KEY KEYS-----
ssh-rsa AAAAB3NzaC1yc2EAAAADAQABAAAAgwDgntPAJXp6VtdpNutYKh09QAJs9tP2GhnlrDHQxgOJ7WJ5JLfHz1m9Hv5oqFrpJf2/itMNkotUpC8Y56Stw7AcK62sqQ03OZmihGIZjO+BYI+UckCaX6deLTIRILTF25mmXtYy8Qpq/hc4euovMz4w0P0040cqKy7qRgohKsZ1qLOh root@tempest
ssh-dss AAAAB3NzaC1kc3MAAACBAIYcRKUAgvrx9jYy6y5H1ryGDCHfVpJE75T2GvEQb9PcUcn6mxoXDccpC7WdP3Js4BIPLFy0D9xfCi1Rve4fkayPMwIO5cX+kOrY40FU63N64vxxUIlX1Bty1g+7mYzAo1WKqMWesZ7mGsw9WYagrWyS6j4OSQXs2dz0mSnTTXK7AAAAFQDLv+Sn1VLKPxifRXsJsUbXxd4alQAAAIAoELPeu3hO0V+5pl8BMyOzOz1dAuUu+RzPMKuRNNKYWoPlHMq4UQ50qBqGGNaFur5meDZNWNosGFUANWoYXvt1n6McYPu0FZKpxTtQHZdSpam9OBB7StGL1brACc5qXQWOgxihtQQlQ9RuGshMxrkbcYGl//BPCJJXI/jb9mPKPAAAAIBw3MoVUVeZ2Lq4Sm0R9HFtiDLxdisqGaBtrMuj9W8yKkC2kOS9/SQYr9+6c7e6W6qPrYygDmhusmWTPHFU0QrfUvsBNax/zK/UguxvY5moM/VwFPTyYYFVnQl2FtoO++ixrAkabq57k9o7FFEc6D8aLQkSqZKQ7FYiUZ5CezwyaA== root@tempest
-----END SSH HOST KEY KEYS-----
=== network info ===
if-info: lo,up,127.0.0.1,8,::1
if-info: eth0,up,,8,fe80::f816:3eff:fe28:5a8e
=== datasource: configdrive local ===
instance-id: ea34e891-4368-4479-888b-0504c213637c
name: tempest.common.compute-instance-1674956796
availability-zone: nova
local-hostname: tempest.common.compute-instance-1674956796.novalocal
launch-index: 0
=== cirros: current=0.3.4 uptime=202.00 ===
route: fscanf
=== pinging gateway failed, debugging connection ===
############ debug start ##############
### /etc/init.d/sshd start
Starting dropbear sshd: OK
route: fscanf
### ifconfig -a
eth0      Link encap:Ethernet  HWaddr FA:16:3E:28:5A:8E  
          inet6 addr: fe80::f816:3eff:fe28:5a8e/64 Scope:Link
          UP BROADCAST RUNNING MULTICAST  MTU:1500  Metric:1
          RX packets:12 errors:0 dropped:5 overruns:0 frame:0
          TX packets:8 errors:0 dropped:0 overruns:0 carrier:0
          collisions:0 txqueuelen:1000 
          RX bytes:1303 (1.2 KiB)  TX bytes:1134 (1.1 KiB)

lo        Link encap:Local Loopback  
          inet addr:127.0.0.1  Mask:255.0.0.0
          inet6 addr: ::1/128 Scope:Host
          UP LOOPBACK RUNNING  MTU:16436  Metric:1
          RX packets:12 errors:0 dropped:0 overruns:0 frame:0
          TX packets:12 errors:0 dropped:0 overruns:0 carrier:0
          collisions:0 txqueuelen:0 
          RX bytes:1020 (1020.0 B)  TX bytes:1020 (1020.0 B)

### route -n
Kernel IP routing table
Destination     Gateway         Genmask         Flags Metric Ref    Use Iface
route: fscanf
### cat /etc/resolv.conf
cat: can't open '/etc/resolv.conf': No such file or directory
### gateway not found
/sbin/cirros-status: line 1: can't open /etc/resolv.conf: no such file
### pinging nameservers
### uname -a
Linux tempest 3.2.0-80-virtual #116-Ubuntu SMP Mon Mar 23 17:28:52 UTC 2015 x86_64 GNU/Linux
### lsmod
Module                  Size  Used by    Not tainted
nls_iso8859_1          12713  0 
nls_cp437              16991  0 
vfat                   17585  0 
fat                    61512  1 vfat
isofs                  40259  0 
ip_tables              27473  0 
x_tables               29891  1 ip_tables
pcnet32                42119  0 
8139cp                 27360  0 
ne2k_pci               13691  0 
8390                   18856  1 ne2k_pci
e1000                 108589  0 
acpiphp                24231  0 
### dmesg | tail
[    5.335679] EXT3-fs (vda): mounted filesystem with ordered data mode
[    5.655474] ISO 9660 Extensions: Microsoft Joliet Level 3
[    5.725385] ISO 9660 Extensions: RRIP_1991A
[    5.961881] kjournald starting.  Commit interval 5 seconds
[    5.974338] EXT3-fs (vda): using internal journal
[    5.974488] EXT3-fs (vda): mounted filesystem with ordered data mode
[    9.577482] EXT3-fs (vda): using internal journal
[   12.857671] ISO 9660 Extensions: Microsoft Joliet Level 3
[   12.953534] ISO 9660 Extensions: RRIP_1991A
[   27.555196] eth0: no IPv6 routers present
### tail -n 25 /var/log/messages
Dec 18 18:22:35 cirros kern.info kernel: [    4.789782] acpiphp: Slot [26] registered
Dec 18 18:22:35 cirros kern.info kernel: [    4.790154] acpiphp: Slot [27] registered
Dec 18 18:22:35 cirros kern.info kernel: [    4.790470] acpiphp: Slot [28] registered
Dec 18 18:22:35 cirros kern.info kernel: [    4.790817] acpiphp: Slot [29] registered
Dec 18 18:22:35 cirros kern.info kernel: [    4.791125] acpiphp: Slot [30] registered
Dec 18 18:22:35 cirros kern.info kernel: [    4.791432] acpiphp: Slot [31] registered
Dec 18 18:22:35 cirros kern.info kernel: [    4.849747] e1000: Intel(R) PRO/1000 Network Driver - version 7.3.21-k8-NAPI
Dec 18 18:22:35 cirros kern.info kernel: [    4.849829] e1000: Copyright (c) 1999-2006 Intel Corporation.
Dec 18 18:22:35 cirros kern.info kernel: [    4.897314] ne2k-pci.c:v1.03 9/22/2003 D. Becker/P. Gortmaker
Dec 18 18:22:35 cirros kern.info kernel: [    4.942409] 8139cp: 8139cp: 10/100 PCI Ethernet driver v1.3 (Mar 22, 2004)
Dec 18 18:22:35 cirros kern.info kernel: [    4.993493] pcnet32: pcnet32.c:v1.35 21.Apr.2008 tsbogend@alpha.franken.de
Dec 18 18:22:35 cirros kern.info kernel: [    5.047631] ip_tables: (C) 2000-2006 Netfilter Core Team
Dec 18 18:22:35 cirros kern.info kernel: [    5.327537] kjournald starting.  Commit interval 5 seconds
Dec 18 18:22:35 cirros kern.info kernel: [    5.335679] EXT3-fs (vda): mounted filesystem with ordered data mode
Dec 18 18:22:35 cirros kern.debug kernel: [    5.655474] ISO 9660 Extensions: Microsoft Joliet Level 3
Dec 18 18:22:35 cirros kern.debug kernel: [    5.725385] ISO 9660 Extensions: RRIP_1991A
Dec 18 18:22:35 cirros kern.info kernel: [    5.961881] kjournald starting.  Commit interval 5 seconds
Dec 18 18:22:35 cirros kern.info kernel: [    5.974338] EXT3-fs (vda): using internal journal
Dec 18 18:22:35 cirros kern.info kernel: [    5.974488] EXT3-fs (vda): mounted filesystem with ordered data mode
Dec 18 18:22:35 cirros kern.info kernel: [    9.577482] EXT3-fs (vda): using internal journal
Dec 18 18:22:37 cirros kern.debug kernel: [   12.857671] ISO 9660 Extensions: Microsoft Joliet Level 3
Dec 18 18:22:37 cirros kern.debug kernel: [   12.953534] ISO 9660 Extensions: RRIP_1991A
Dec 18 18:22:40 cirros auth.notice su: + /dev/console root:cirros
Dec 18 18:22:51 cirros kern.debug kernel: [   27.555196] eth0: no IPv6 routers present
Dec 18 18:25:44 cirros authpriv.info dropbear[283]: Running in background
############ debug end   ##############
  ____               ____  ____
 / __/ __ ____ ____ / __ \/ __/
/ /__ / // __// __// /_/ /\ \ 
\___//_//_/  /_/   \____/___/ 
   http://cirros-cloud.net


login as 'cirros' user. default password: 'cubswin:)'. use 'sudo' for root.
tempest login: 
2015-12-18 18:27:28,331 21567 INFO     [tempest_lib.common.rest_client] Request (TestGettingAddress:_run_cleanups): 204 DELETE http://10.0.2.15:9696/v2.0/floatingips/d653a3c8-8898-41be-9e6d-7a415f3a7e61 0.491s
2015-12-18 18:27:28,331 21567 DEBUG    [tempest_lib.common.rest_client] Request - Headers: {'Content-Type': 'application/json', 'Accept': 'application/json', 'X-Auth-Token': '&lt;omitted&gt;'}
        Body: None
    Response - Headers: {'date': 'Fri, 18 Dec 2015 18:27:28 GMT', 'status': '204', 'connection': 'close', 'content-length': '0', 'x-openstack-request-id': 'req-5a9fda00-5bcc-4bb5-9d70-4a76ec0a033b'}
        Body: 
2015-12-18 18:27:28,678 21567 INFO     [tempest_lib.common.rest_client] Request (TestGettingAddress:_run_cleanups): 204 DELETE http://10.0.2.15:8774/v2.1/8418f9a8d29d49c0936104f46b53f11f/servers/ea34e891-4368-4479-888b-0504c213637c 0.346s
2015-12-18 18:27:28,678 21567 DEBUG    [tempest_lib.common.rest_client] Request - Headers: {'Content-Type': 'application/json', 'Accept': 'application/json', 'X-Auth-Token': '&lt;omitted&gt;'}
        Body: None
    Response - Headers: {'status': '204', 'content-length': '0', 'x-compute-request-id': 'req-8d108245-8a69-4e44-a18b-60c98b40204e', 'vary': 'X-OpenStack-Nova-API-Version', 'connection': 'close', 'x-openstack-nova-api-version': '2.1', 'date': 'Fri, 18 Dec 2015 18:27:28 GMT', 'content-type': 'application/json'}
        Body: 
2015-12-18 18:27:29,002 21567 INFO     [tempest_lib.common.rest_client] Request (TestGettingAddress:_run_cleanups): 200 GET http://10.0.2.15:8774/v2.1/8418f9a8d29d49c0936104f46b53f11f/servers/ea34e891-4368-4479-888b-0504c213637c 0.323s
2015-12-18 18:27:29,002 21567 DEBUG    [tempest_lib.common.rest_client] Request - Headers: {'Content-Type': 'application/json', 'Accept': 'application/json', 'X-Auth-Token': '&lt;omitted&gt;'}
        Body: None
    Response - Headers: {'status': '200', 'content-length': '1902', 'content-location': 'http://10.0.2.15:8774/v2.1/8418f9a8d29d49c0936104f46b53f11f/servers/ea34e891-4368-4479-888b-0504c213637c', 'x-compute-request-id': 'req-f0fc9519-5d12-4baf-af08-17c470774184', 'vary': 'X-OpenStack-Nova-API-Version', 'connection': 'close', 'x-openstack-nova-api-version': '2.1', 'date': 'Fri, 18 Dec 2015 18:27:29 GMT', 'content-type': 'application/json'}
        Body: {"server": {"status": "ACTIVE", "updated": "2015-12-18T18:27:28Z", "hostId": "250f7f154f9f03e7144b65ad678c8d76f8f0b46de3a13b86300b09dd", "addresses": {"tempest-network-smoke--946821930": [{"OS-EXT-IPS-MAC:mac_addr": "fa:16:3e:28:5a:8e", "version": 4, "addr": "10.100.0.3", "OS-EXT-IPS:type": "fixed"}, {"OS-EXT-IPS-MAC:mac_addr": "fa:16:3e:28:5a:8e", "version": 6, "addr": "2003::f816:3eff:fe28:5a8e", "OS-EXT-IPS:type": "fixed"}, {"OS-EXT-IPS-MAC:mac_addr": "fa:16:3e:28:5a:8e", "version": 4, "addr": "172.24.4.4", "OS-EXT-IPS:type": "floating"}]}, "links": [{"href": "http://10.0.2.15:8774/v2.1/8418f9a8d29d49c0936104f46b53f11f/servers/ea34e891-4368-4479-888b-0504c213637c", "rel": "self"}, {"href": "http://10.0.2.15:8774/8418f9a8d29d49c0936104f46b53f11f/servers/ea34e891-4368-4479-888b-0504c213637c", "rel": "bookmark"}], "key_name": "tempest-TestGettingAddress-160922369", "image": {"id": "dfb874ef-db4c-44b6-95d6-69619f11ea48", "links": [{"href": "http://10.0.2.15:8774/8418f9a8d29d49c0936104f46b53f11f/images/dfb874ef-db4c-44b6-95d6-69619f11ea48", "rel": "bookmark"}]}, "OS-EXT-STS:task_state": "deleting", "OS-EXT-STS:vm_state": "active", "OS-SRV-USG:launched_at": "2015-12-18T18:22:22.000000", "flavor": {"id": "42", "links": [{"href": "http://10.0.2.15:8774/8418f9a8d29d49c0936104f46b53f11f/flavors/42", "rel": "bookmark"}]}, "id": "ea34e891-4368-4479-888b-0504c213637c", "security_groups": [{"name": "tempest-secgroup-smoke-794247743"}], "OS-SRV-USG:terminated_at": null, "OS-EXT-AZ:availability_zone": "nova", "user_id": "e8438d37449a4f76a6fb415aeca88713", "name": "tempest.common.compute-instance-1674956796", "created": "2015-12-18T18:22:18Z", "tenant_id": "8418f9a8d29d49c0936104f46b53f11f", "OS-DCF:diskConfig": "MANUAL", "os-extended-volumes:volumes_attached": [], "accessIPv4": "", "accessIPv6": "", "progress": 0, "OS-EXT-STS:power_state": 1, "config_drive": "True", "metadata": {}}}
2015-12-18 18:27:30,161 21567 INFO     [tempest_lib.common.rest_client] Request (TestGettingAddress:_run_cleanups): 200 GET http://10.0.2.15:8774/v2.1/8418f9a8d29d49c0936104f46b53f11f/servers/ea34e891-4368-4479-888b-0504c213637c 0.148s
2015-12-18 18:27:30,161 21567 DEBUG    [tempest_lib.common.rest_client] Request - Headers: {'Content-Type': 'application/json', 'Accept': 'application/json', 'X-Auth-Token': '&lt;omitted&gt;'}
        Body: None
    Response - Headers: {'status': '200', 'content-length': '1439', 'content-location': 'http://10.0.2.15:8774/v2.1/8418f9a8d29d49c0936104f46b53f11f/servers/ea34e891-4368-4479-888b-0504c213637c', 'x-compute-request-id': 'req-b101b879-8203-4825-b753-5181722146d9', 'vary': 'X-OpenStack-Nova-API-Version', 'connection': 'close', 'x-openstack-nova-api-version': '2.1', 'date': 'Fri, 18 Dec 2015 18:27:30 GMT', 'content-type': 'application/json'}
        Body: {"server": {"status": "ACTIVE", "updated": "2015-12-18T18:27:29Z", "hostId": "250f7f154f9f03e7144b65ad678c8d76f8f0b46de3a13b86300b09dd", "addresses": {}, "links": [{"href": "http://10.0.2.15:8774/v2.1/8418f9a8d29d49c0936104f46b53f11f/servers/ea34e891-4368-4479-888b-0504c213637c", "rel": "self"}, {"href": "http://10.0.2.15:8774/8418f9a8d29d49c0936104f46b53f11f/servers/ea34e891-4368-4479-888b-0504c213637c", "rel": "bookmark"}], "key_name": "tempest-TestGettingAddress-160922369", "image": {"id": "dfb874ef-db4c-44b6-95d6-69619f11ea48", "links": [{"href": "http://10.0.2.15:8774/8418f9a8d29d49c0936104f46b53f11f/images/dfb874ef-db4c-44b6-95d6-69619f11ea48", "rel": "bookmark"}]}, "OS-EXT-STS:task_state": "deleting", "OS-EXT-STS:vm_state": "active", "OS-SRV-USG:launched_at": "2015-12-18T18:22:22.000000", "flavor": {"id": "42", "links": [{"href": "http://10.0.2.15:8774/8418f9a8d29d49c0936104f46b53f11f/flavors/42", "rel": "bookmark"}]}, "id": "ea34e891-4368-4479-888b-0504c213637c", "OS-SRV-USG:terminated_at": null, "OS-EXT-AZ:availability_zone": "nova", "user_id": "e8438d37449a4f76a6fb415aeca88713", "name": "tempest.common.compute-instance-1674956796", "created": "2015-12-18T18:22:18Z", "tenant_id": "8418f9a8d29d49c0936104f46b53f11f", "OS-DCF:diskConfig": "MANUAL", "os-extended-volumes:volumes_attached": [], "accessIPv4": "", "accessIPv6": "", "progress": 0, "OS-EXT-STS:power_state": 1, "config_drive": "True", "metadata": {}}}
2015-12-18 18:27:31,255 21567 INFO     [tempest_lib.common.rest_client] Request (TestGettingAddress:_run_cleanups): 404 GET http://10.0.2.15:8774/v2.1/8418f9a8d29d49c0936104f46b53f11f/servers/ea34e891-4368-4479-888b-0504c213637c 0.082s
2015-12-18 18:27:31,256 21567 DEBUG    [tempest_lib.common.rest_client] Request - Headers: {'Content-Type': 'application/json', 'Accept': 'application/json', 'X-Auth-Token': '&lt;omitted&gt;'}
        Body: None
    Response - Headers: {'status': '404', 'content-length': '111', 'x-compute-request-id': 'req-03e7eef6-13c5-417b-b78b-8479035f5b6f', 'vary': 'X-OpenStack-Nova-API-Version', 'connection': 'close', 'x-openstack-nova-api-version': '2.1', 'date': 'Fri, 18 Dec 2015 18:27:31 GMT', 'content-type': 'application/json; charset=UTF-8'}
        Body: {"itemNotFound": {"message": "Instance ea34e891-4368-4479-888b-0504c213637c could not be found.", "code": 404}}
2015-12-18 18:27:31,769 21567 INFO     [tempest_lib.common.rest_client] Request (TestGettingAddress:_run_cleanups): 200 PUT http://10.0.2.15:9696/v2.0/routers/7ec87ad5-ceba-44ac-8723-43c827d94c1d/remove_router_interface 0.512s
2015-12-18 18:27:31,769 21567 DEBUG    [tempest_lib.common.rest_client] Request - Headers: {'Content-Type': 'application/json', 'Accept': 'application/json', 'X-Auth-Token': '&lt;omitted&gt;'}
        Body: {"subnet_id": "dde8faa6-f22c-455d-a508-c406092cfaf9"}
    Response - Headers: {'status': '200', 'content-length': '255', 'connection': 'close', 'date': 'Fri, 18 Dec 2015 18:27:31 GMT', 'content-type': 'application/json; charset=UTF-8', 'x-openstack-request-id': 'req-3a13353e-bddc-4962-8e89-0226c4b56e83'}
        Body: {"subnet_id": "dde8faa6-f22c-455d-a508-c406092cfaf9", "tenant_id": "8418f9a8d29d49c0936104f46b53f11f", "subnet_ids": ["dde8faa6-f22c-455d-a508-c406092cfaf9"], "port_id": "d6c04b73-55a6-40b0-8e24-af67119dde3a", "id": "7ec87ad5-ceba-44ac-8723-43c827d94c1d"}
2015-12-18 18:27:32,258 21567 INFO     [tempest_lib.common.rest_client] Request (TestGettingAddress:_run_cleanups): 204 DELETE http://10.0.2.15:9696/v2.0/subnets/dde8faa6-f22c-455d-a508-c406092cfaf9 0.487s
2015-12-18 18:27:32,258 21567 DEBUG    [tempest_lib.common.rest_client] Request - Headers: {'Content-Type': 'application/json', 'Accept': 'application/json', 'X-Auth-Token': '&lt;omitted&gt;'}
        Body: None
    Response - Headers: {'date': 'Fri, 18 Dec 2015 18:27:32 GMT', 'status': '204', 'connection': 'close', 'content-length': '0', 'x-openstack-request-id': 'req-5bbad188-159a-42fb-867c-f7221346c0ee'}
        Body: 
2015-12-18 18:27:32,313 21567 INFO     [tempest_lib.common.rest_client] Request (TestGettingAddress:_run_cleanups): 404 DELETE http://10.0.2.15:9696/v2.0/subnets/dde8faa6-f22c-455d-a508-c406092cfaf9 0.055s
