<?xml version="1.0" encoding="UTF-8"?>
<!DOCTYPE html PUBLIC "-//W3C//DTD XHTML 1.0 Strict//EN"
     "http://www.w3.org/TR/xhtml1/DTD/xhtml1-strict.dtd">
<html xmlns="http://www.w3.org/1999/xhtml">
<head>
    <title>Unit Test Report</title>
    <meta name="generator" content="subunit2html 0.1"/>
    <meta http-equiv="Content-Type" content="text/html; charset=UTF-8"/>
    
<style type="text/css" media="screen">
body        { font-family: verdana, arial, helvetica, sans-serif;
    font-size: 80%; }
table       { font-size: 100%; width: 100%;}
pre         { font-size: 80%; }

/* -- heading -------------------------------------------------------------- */
h1 {
        font-size: 16pt;
        color: gray;
}
.heading {
    margin-top: 0ex;
    margin-bottom: 1ex;
}

.heading .attribute {
    margin-top: 1ex;
    margin-bottom: 0;
}

.heading .description {
    margin-top: 4ex;
    margin-bottom: 6ex;
}

/* -- css div popup -------------------------------------------------------- */
a.popup_link {
}

a.popup_link:hover {
    color: red;
}

.popup_window {
    display: none;
    overflow-x: scroll;
    /*border: solid #627173 1px; */
    padding: 10px;
    background-color: #E6E6D6;
    font-family: "Ubuntu Mono", "Lucida Console", "Courier New", monospace;
    text-align: left;
    font-size: 8pt;
}

}
/* -- report --------------------------------------------------------------- */
#show_detail_line {
    margin-top: 3ex;
    margin-bottom: 1ex;
}
#result_table {
    width: 100%;
    border-collapse: collapse;
    border: 1px solid #777;
}
#header_row {
    font-weight: bold;
    color: white;
    background-color: #777;
}
#result_table td {
    border: 1px solid #777;
    padding: 2px;
}
#total_row  { font-weight: bold; }
.passClass  { background-color: #6c6; }
.failClass  { background-color: #c60; }
.errorClass { background-color: #c00; }
.passCase   { color: #6c6; }
.failCase   { color: #c60; font-weight: bold; }
.errorCase  { color: #c00; font-weight: bold; }
.hiddenRow  { display: none; }
.testcase   { margin-left: 2em; }
td.testname {width: 40%}
td.small {width: 40px}

/* -- ending --------------------------------------------------------------- */
#ending {
}

</style>

</head>
<body>
<script language="javascript" type="text/javascript"><!--
output_list = Array();

/* level - 0:Summary; 1:Failed; 2:All */
function showCase(level) {
    trs = document.getElementsByTagName("tr");
    for (var i = 0; i < trs.length; i++) {
        tr = trs[i];
        id = tr.id;
        if (id.substr(0,2) == 'ft') {
            if (level < 1) {
                tr.className = 'hiddenRow';
            }
            else {
                tr.className = '';
            }
        }
        if (id.substr(0,2) == 'pt') {
            if (level > 1) {
                tr.className = '';
            }
            else {
                tr.className = 'hiddenRow';
            }
        }
    }
}


function showClassDetail(cid, count) {
    var id_list = Array(count);
    var toHide = 1;
    for (var i = 0; i < count; i++) {
        tid0 = 't' + cid.substr(1) + '.' + (i+1);
        tid = 'f' + tid0;
        tr = document.getElementById(tid);
        if (!tr) {
            tid = 'p' + tid0;
            tr = document.getElementById(tid);
        }
        id_list[i] = tid;
        if (tr.className) {
            toHide = 0;
        }
    }
    for (var i = 0; i < count; i++) {
        tid = id_list[i];
        if (toHide) {
            document.getElementById('div_'+tid).style.display = 'none'
            document.getElementById(tid).className = 'hiddenRow';
        }
        else {
            document.getElementById(tid).className = '';
        }
    }
}


function showTestDetail(div_id){
    var details_div = document.getElementById(div_id)
    var displayState = details_div.style.display
    // alert(displayState)
    if (displayState != 'block' ) {
        displayState = 'block'
        details_div.style.display = 'block'
    }
    else {
        details_div.style.display = 'none'
    }
}


function html_escape(s) {
    s = s.replace(/&/g,'&amp;');
    s = s.replace(/</g,'&lt;');
    s = s.replace(/>/g,'&gt;');
    return s;
}

/* obsoleted by detail in <div>
function showOutput(id, name) {
    var w = window.open("", //url
                    name,
                    "resizable,scrollbars,status,width=800,height=450");
    d = w.document;
    d.write("<pre>");
    d.write(html_escape(output_list[id]));
    d.write("\n");
    d.write("<a href='javascript:window.close()'>close</a>\n");
    d.write("</pre>\n");
    d.close();
}
*/
--></script>

<div class='heading'>
<h1>Unit Test Report</h1>

<p class='attribute'><strong>Status:</strong> Failure 8</p>

<p class='description'></p>
</div>



<p id='show_detail_line'>Show
<a href='javascript:showCase(0)'>Summary</a>
<a href='javascript:showCase(1)'>Failed</a>
<a href='javascript:showCase(2)'>All</a>
</p>
<table id='result_table'>
<colgroup>
<col align='left' />
<col align='right' />
<col align='right' />
<col align='right' />
<col align='right' />
<col align='right' />
<col align='right' />
<col align='right' />
</colgroup>
<tr id='header_row'>
    <td>Test Group/Test case</td>
    <td>Count</td>
    <td>Pass</td>
    <td>Fail</td>
    <td>Error</td>
    <td>Skip</td>
    <td>View</td>
    <td> </td>
</tr>

<tr class='failClass'>
    <td class="testname">tempest.scenario.test_network_v6.TestGettingAddress</td>
    <td class="small">8</td>
    <td class="small">0</td>
    <td class="small">8</td>
    <td class="small">0</td>
    <td class="small">0</td>
    <td class="small"><a href="javascript:showClassDetail('c1',8)"
>Detail</a></td>
    <td> </td>
</tr>

<tr id='ft1.1' class='none'>
    <td class='failCase'><div class='testcase'>test_dhcp6_stateless_from_os[compute,id-d7e1f858-187c-45a6-89c9-bdafde619a9f,network]</div></td>
    <td colspan='7' align='left'>

    <!--css div popup start-->
    <a class="popup_link" onfocus='this.blur();'
    href="javascript:showTestDetail('div_ft1.1')" >
        fail</a>

    <div id='div_ft1.1' class="popup_window">
        <div style='text-align: right; color:red;cursor:pointer'>
        <a onfocus='this.blur();'
onclick="document.getElementById('div_ft1.1').style.display = 'none' " >
           [x]</a>
        </div>
        <pre>
        
ft1.1: tempest.scenario.test_network_v6.TestGettingAddress.test_dhcp6_stateless_from_os[compute,id-d7e1f858-187c-45a6-89c9-bdafde619a9f,network]_StringException: Empty attachments:
  stderr
  stdout

pythonlogging:'': {{{
2015-12-08 18:00:51,201 20534 INFO     [tempest_lib.common.rest_client] Request (TestGettingAddress:setUp): 200 POST http://10.0.2.15:8774/v2.1/67a5e3be100d4ac296068209105ba666/os-keypairs 0.663s
2015-12-08 18:00:51,202 20534 DEBUG    [tempest_lib.common.rest_client] Request - Headers: {'Content-Type': 'application/json', 'Accept': 'application/json', 'X-Auth-Token': '&lt;omitted&gt;'}
        Body: {"keypair": {"name": "tempest-TestGettingAddress-1963982627"}}
    Response - Headers: {'status': '200', 'content-length': '2320', 'x-compute-request-id': 'req-94bb5d67-4dc4-440b-8050-4d3daf9ee97a', 'vary': 'X-OpenStack-Nova-API-Version', 'connection': 'close', 'x-openstack-nova-api-version': '2.1', 'date': 'Tue, 08 Dec 2015 18:00:51 GMT', 'content-type': 'application/json'}
        Body: {"keypair": {"public_key": "ssh-rsa AAAAB3NzaC1yc2EAAAADAQABAAABAQCPsCVKRWg8eRLitWdZOLuZo3EW0gMczFDXui1fh7bVCXOHvC/TJvTnD0qJ/E2Az8kx6HE+sZp7EUwG6nMZUjYj+QVfiQaFQ4kyHMGvHxo/MeZHkcXKpO5TQEcOwnI91j9gEkT+bUJvZ1xoESiTkEIgN9DTa4Sh0nSZ1s7mqTOi+rW9L92uFTcgJOJ4Q7tJ7uxhogxFLdldEtRdoyBW33csDnkuecbcdwRGXFV1dockdkjPuh62/YlfLnG4dLeksvjGbHAcpNeTG5rCs8hU5kYo86f1BLSji7DSu7Rm3h89R8Z/mGMTHtqJAlAi4vZT+zjkKBAsINiE6m5AR/UREt23 Generated-by-Nova", "private_key": "-----BEGIN RSA PRIVATE KEY-----\nMIIEpwIBAAKCAQEAj7AlSkVoPHkS4rVnWTi7maNxFtIDHMxQ17otX4e21Qlzh7wv\n0yb05w9KifxNgM/JMehxPrGaexFMBupzGVI2I/kFX4kGhUOJMhzBrx8aPzHmR5HF\nyqTuU0BHDsJyPdY/YBJE/m1Cb2dcaBEok5BCIDfQ02uEodJ0mdbO5qkzovq1vS/d\nrhU3ICTieEO7Se7sYaIMRS3ZXRLUXaMgVt93LA55LnnG3HcERlxVdXaHJHZIz7oe\ntv2JXy5xuHS3pLL4xmxwHKTXkxuawrPIVOZGKPOn9QS0o4uw0ru0Zt4fPUfGf5hj\nEx7aiQJQIuL2U/s45CgQLCDYhOpuQEf1ERLdtwIDAQABAoIBAH03a8fFpIjOmf6n\nR2EhZ5sEK9FPQxcdlnXo8RGHG3WbvupSvPqtwE57rOGC1aejbBnqDoYsEAufjzmX\npqYyVqwSnvQaXWxU5oKdPMx3tk/MFHnaNxvZjzdNlJ7wJM5untwCD84JORQMZyLp\nkQrHdFjPS1RzJio/VQ2bfMLWQQGNW8YOOfKvfYqsJY3FpCvqPANQHpgvWwVyUy2Y\nPh9qLYL9Srh9n2onAiPKs5OWJYoHK51Swf8TZfVeyQCDfeNWKm2aTt6Uedjp5+bu\nT3vffuzA8UlLaXDX6XqppgGFhBO3Spzsj0PmHuaErCcEy5XE85Pp8Qk6Hr5T8aAV\nralRy4ECggCBALkVJEth2ca5mBSQZP9Mu01wbsG+pVfoYV28zC0x244T7eqbnWOb\n/VR5ZazvVfztAuyLwbHjj8FaEcI8SfKfWEFSS3o8Zey1qAszmd12L9jFUdp7QwKy\no0Mq9hG+BcyzbMe+ZsK4g2WIpvFYE2k6qBnFPbKESxobmsl1CpZlPo0PAoIAgQDG\nvpd+pIwfIjHK0DBFEouMYMazTiK48dGE1DX13xaSOD6eCfvxwgrTgQcMgeyAv7sg\nJSN+yIDfLoIjkJ9kNLTXWgB82Lx1i3713KxNcATyX12JApMsWIkRYK9KwQjHeGmm\ns3ajCpSz8xvZ892PfXEO32JB4uGT2CPublTLy7X02QKCAIBTOpWirHMBMW6ZOMGi\nKMBFt5ym1XOHD4HRZFgwrq37uyyPBsGFDJ2kAh9d4Ba78V0SQFqvAxUfLsCzpube\nCxfl7/rvEgAHrTzPJLo5Y69qfHktlaZxrSFL0CLtoZT8E2eEfzO4tr6nxwbDmwbH\nmFAFnrP69hDLwcQeedpz/T1eswKCAIBdkDp313VT7uAsD8i5q9pgcur4XM+B6+3s\nL49bufPBUJNCCYc/sE8ydSrhW4UAs8KfhnxoYnIxH48KuTogjaOZQni6TbqjR9G0\nY3gGWLcrd3PsXXb1yJR2xuKfObMtXOW4IgK3DPMmqEuzVtg2hiKkksuKIwp5dKat\nx+lJrBR0OQKCAIBDUmV4TifU8aeZBjew6tkCNbfC/rSUM8574t4OwgIdq3JsNa4r\nnh9/2zGCYvimf9P+Hlz3l0Hb7D01Q+7GNvRGbWmam7QO2wiVdOo0iX70eFKIp05I\nU0Ela3YiwpVaz1SXZJIsN6FDpgbQNtoGd7loclai58ucBkNsBpFFzZ+1Xw==\n-----END RSA PRIVATE KEY-----\n", "user_id": "315afbc57dce4c1fb2dc4fdcc012e597", "name": "tempest-TestGettingAddress-1963982627", "fingerprint": "5f:4e:1c:4d:d5:7f:40:93:d1:d2:8a:4b:03:72:0c:2e"}}
2015-12-08 18:00:51,567 20534 INFO     [tempest_lib.common.rest_client] Request (TestGettingAddress:setUp): 201 POST http://10.0.2.15:9696/v2.0/security-groups 0.359s
2015-12-08 18:00:51,567 20534 DEBUG    [tempest_lib.common.rest_client] Request - Headers: {'Content-Type': 'application/json', 'Accept': 'application/json', 'X-Auth-Token': '&lt;omitted&gt;'}
        Body: {"security_group": {"tenant_id": "67a5e3be100d4ac296068209105ba666", "description": "tempest-secgroup-smoke-1937761826 description", "name": "tempest-secgroup-smoke-1937761826"}}
    Response - Headers: {'status': '201', 'content-length': '888', 'connection': 'close', 'date': 'Tue, 08 Dec 2015 18:00:51 GMT', 'content-type': 'application/json; charset=UTF-8', 'x-openstack-request-id': 'req-a00350d3-a361-4e33-b07d-bc63c723aa96'}
        Body: {"security_group": {"tenant_id": "67a5e3be100d4ac296068209105ba666", "description": "tempest-secgroup-smoke-1937761826 description", "id": "e0f3d6d3-6559-4630-a169-7866f6b4ac4d", "security_group_rules": [{"remote_group_id": null, "direction": "egress", "remote_ip_prefix": null, "protocol": null, "ethertype": "IPv4", "tenant_id": "67a5e3be100d4ac296068209105ba666", "port_range_max": null, "port_range_min": null, "id": "9952a1ea-37e5-46b6-b03b-842963fd7789", "security_group_id": "e0f3d6d3-6559-4630-a169-7866f6b4ac4d"}, {"remote_group_id": null, "direction": "egress", "remote_ip_prefix": null, "protocol": null, "ethertype": "IPv6", "tenant_id": "67a5e3be100d4ac296068209105ba666", "port_range_max": null, "port_range_min": null, "id": "27b25ed2-83eb-4ad6-b00a-3dced76d1588", "security_group_id": "e0f3d6d3-6559-4630-a169-7866f6b4ac4d"}], "name": "tempest-secgroup-smoke-1937761826"}}
2015-12-08 18:00:51,702 20534 INFO     [tempest_lib.common.rest_client] Request (TestGettingAddress:setUp): 201 POST http://10.0.2.15:9696/v2.0/security-group-rules 0.133s
2015-12-08 18:00:51,703 20534 DEBUG    [tempest_lib.common.rest_client] Request - Headers: {'Content-Type': 'application/json', 'Accept': 'application/json', 'X-Auth-Token': '&lt;omitted&gt;'}
        Body: {"security_group_rule": {"direction": "ingress", "protocol": "tcp", "tenant_id": "67a5e3be100d4ac296068209105ba666", "port_range_max": 22, "security_group_id": "e0f3d6d3-6559-4630-a169-7866f6b4ac4d", "port_range_min": 22}}
    Response - Headers: {'status': '201', 'content-length': '340', 'connection': 'close', 'date': 'Tue, 08 Dec 2015 18:00:51 GMT', 'content-type': 'application/json; charset=UTF-8', 'x-openstack-request-id': 'req-9a91d5e2-56a2-4712-aeb2-41846fd34ad5'}
        Body: {"security_group_rule": {"remote_group_id": null, "direction": "ingress", "remote_ip_prefix": null, "protocol": "tcp", "ethertype": "IPv4", "tenant_id": "67a5e3be100d4ac296068209105ba666", "port_range_max": 22, "port_range_min": 22, "id": "c795a5ac-db07-44a8-a03d-0835d355189f", "security_group_id": "e0f3d6d3-6559-4630-a169-7866f6b4ac4d"}}
2015-12-08 18:00:51,940 20534 INFO     [tempest_lib.common.rest_client] Request (TestGettingAddress:setUp): 201 POST http://10.0.2.15:9696/v2.0/security-group-rules 0.236s
2015-12-08 18:00:51,941 20534 DEBUG    [tempest_lib.common.rest_client] Request - Headers: {'Content-Type': 'application/json', 'Accept': 'application/json', 'X-Auth-Token': '&lt;omitted&gt;'}
        Body: {"security_group_rule": {"direction": "egress", "protocol": "tcp", "tenant_id": "67a5e3be100d4ac296068209105ba666", "port_range_max": 22, "security_group_id": "e0f3d6d3-6559-4630-a169-7866f6b4ac4d", "port_range_min": 22}}
    Response - Headers: {'status': '201', 'content-length': '339', 'connection': 'close', 'date': 'Tue, 08 Dec 2015 18:00:51 GMT', 'content-type': 'application/json; charset=UTF-8', 'x-openstack-request-id': 'req-bfadfc3f-4819-45b0-bdcc-b025fa3d2081'}
        Body: {"security_group_rule": {"remote_group_id": null, "direction": "egress", "remote_ip_prefix": null, "protocol": "tcp", "ethertype": "IPv4", "tenant_id": "67a5e3be100d4ac296068209105ba666", "port_range_max": 22, "port_range_min": 22, "id": "ae7a2e23-1316-42c1-9e8c-329382f26388", "security_group_id": "e0f3d6d3-6559-4630-a169-7866f6b4ac4d"}}
2015-12-08 18:00:52,052 20534 INFO     [tempest_lib.common.rest_client] Request (TestGettingAddress:setUp): 201 POST http://10.0.2.15:9696/v2.0/security-group-rules 0.110s
2015-12-08 18:00:52,053 20534 DEBUG    [tempest_lib.common.rest_client] Request - Headers: {'Content-Type': 'application/json', 'Accept': 'application/json', 'X-Auth-Token': '&lt;omitted&gt;'}
        Body: {"security_group_rule": {"tenant_id": "67a5e3be100d4ac296068209105ba666", "direction": "ingress", "protocol": "icmp", "security_group_id": "e0f3d6d3-6559-4630-a169-7866f6b4ac4d"}}
    Response - Headers: {'status': '201', 'content-length': '345', 'connection': 'close', 'date': 'Tue, 08 Dec 2015 18:00:52 GMT', 'content-type': 'application/json; charset=UTF-8', 'x-openstack-request-id': 'req-9eb5fb09-5894-4660-bdf2-6dc98e04cb33'}
        Body: {"security_group_rule": {"remote_group_id": null, "direction": "ingress", "remote_ip_prefix": null, "protocol": "icmp", "ethertype": "IPv4", "tenant_id": "67a5e3be100d4ac296068209105ba666", "port_range_max": null, "port_range_min": null, "id": "9a6da715-afa4-4a17-b981-f6e608d6cbf1", "security_group_id": "e0f3d6d3-6559-4630-a169-7866f6b4ac4d"}}
2015-12-08 18:00:52,257 20534 INFO     [tempest_lib.common.rest_client] Request (TestGettingAddress:setUp): 201 POST http://10.0.2.15:9696/v2.0/security-group-rules 0.202s
2015-12-08 18:00:52,257 20534 DEBUG    [tempest_lib.common.rest_client] Request - Headers: {'Content-Type': 'application/json', 'Accept': 'application/json', 'X-Auth-Token': '&lt;omitted&gt;'}
        Body: {"security_group_rule": {"tenant_id": "67a5e3be100d4ac296068209105ba666", "direction": "egress", "protocol": "icmp", "security_group_id": "e0f3d6d3-6559-4630-a169-7866f6b4ac4d"}}
    Response - Headers: {'status': '201', 'content-length': '344', 'connection': 'close', 'date': 'Tue, 08 Dec 2015 18:00:52 GMT', 'content-type': 'application/json; charset=UTF-8', 'x-openstack-request-id': 'req-8132fcfa-7cd5-4726-9e81-3af1375a1668'}
        Body: {"security_group_rule": {"remote_group_id": null, "direction": "egress", "remote_ip_prefix": null, "protocol": "icmp", "ethertype": "IPv4", "tenant_id": "67a5e3be100d4ac296068209105ba666", "port_range_max": null, "port_range_min": null, "id": "369c2e7e-02fc-4e7a-bf46-b765facb4092", "security_group_id": "e0f3d6d3-6559-4630-a169-7866f6b4ac4d"}}
2015-12-08 18:00:52,377 20534 INFO     [tempest_lib.common.rest_client] Request (TestGettingAddress:setUp): 201 POST http://10.0.2.15:9696/v2.0/security-group-rules 0.118s
2015-12-08 18:00:52,378 20534 DEBUG    [tempest_lib.common.rest_client] Request - Headers: {'Content-Type': 'application/json', 'Accept': 'application/json', 'X-Auth-Token': '&lt;omitted&gt;'}
        Body: {"security_group_rule": {"tenant_id": "67a5e3be100d4ac296068209105ba666", "direction": "ingress", "security_group_id": "e0f3d6d3-6559-4630-a169-7866f6b4ac4d", "protocol": "icmp", "ethertype": "IPv6"}}
    Response - Headers: {'status': '201', 'content-length': '345', 'connection': 'close', 'date': 'Tue, 08 Dec 2015 18:00:52 GMT', 'content-type': 'application/json; charset=UTF-8', 'x-openstack-request-id': 'req-74199510-fe4f-421e-9422-26fd725306ce'}
        Body: {"security_group_rule": {"remote_group_id": null, "direction": "ingress", "remote_ip_prefix": null, "protocol": "icmp", "ethertype": "IPv6", "tenant_id": "67a5e3be100d4ac296068209105ba666", "port_range_max": null, "port_range_min": null, "id": "e54bd5f0-de30-4196-b8a2-b2af585c6e26", "security_group_id": "e0f3d6d3-6559-4630-a169-7866f6b4ac4d"}}
2015-12-08 18:00:52,493 20534 INFO     [tempest_lib.common.rest_client] Request (TestGettingAddress:setUp): 201 POST http://10.0.2.15:9696/v2.0/security-group-rules 0.114s
2015-12-08 18:00:52,494 20534 DEBUG    [tempest_lib.common.rest_client] Request - Headers: {'Content-Type': 'application/json', 'Accept': 'application/json', 'X-Auth-Token': '&lt;omitted&gt;'}
        Body: {"security_group_rule": {"tenant_id": "67a5e3be100d4ac296068209105ba666", "direction": "egress", "security_group_id": "e0f3d6d3-6559-4630-a169-7866f6b4ac4d", "protocol": "icmp", "ethertype": "IPv6"}}
    Response - Headers: {'status': '201', 'content-length': '344', 'connection': 'close', 'date': 'Tue, 08 Dec 2015 18:00:52 GMT', 'content-type': 'application/json; charset=UTF-8', 'x-openstack-request-id': 'req-91e6169c-bcb8-4993-927c-23213cafeb8b'}
        Body: {"security_group_rule": {"remote_group_id": null, "direction": "egress", "remote_ip_prefix": null, "protocol": "icmp", "ethertype": "IPv6", "tenant_id": "67a5e3be100d4ac296068209105ba666", "port_range_max": null, "port_range_min": null, "id": "01f7ab6e-f14a-4150-93e4-8acc41d6b346", "security_group_id": "e0f3d6d3-6559-4630-a169-7866f6b4ac4d"}}
2015-12-08 18:00:52,667 20534 INFO     [tempest_lib.common.rest_client] Request (TestGettingAddress:test_dhcp6_stateless_from_os): 201 POST http://10.0.2.15:9696/v2.0/networks 0.172s
2015-12-08 18:00:52,668 20534 DEBUG    [tempest_lib.common.rest_client] Request - Headers: {'Content-Type': 'application/json', 'Accept': 'application/json', 'X-Auth-Token': '&lt;omitted&gt;'}
        Body: {"network": {"tenant_id": "67a5e3be100d4ac296068209105ba666", "name": "tempest-network-smoke--264348263"}}
    Response - Headers: {'status': '201', 'content-length': '328', 'connection': 'close', 'date': 'Tue, 08 Dec 2015 18:00:52 GMT', 'content-type': 'application/json; charset=UTF-8', 'x-openstack-request-id': 'req-6ea3de09-2d12-471f-a66f-3f41b0b01709'}
        Body: {"network": {"status": "ACTIVE", "subnets": [], "availability_zone_hints": "[]", "name": "tempest-network-smoke--264348263", "admin_state_up": true, "tenant_id": "67a5e3be100d4ac296068209105ba666", "mtu": 0, "router:external": false, "shared": false, "port_security_enabled": true, "id": "c203975d-1ba4-4e73-8d4e-5b714691ffa0"}}
2015-12-08 18:00:52,839 20534 INFO     [tempest_lib.common.rest_client] Request (TestGettingAddress:test_dhcp6_stateless_from_os): 200 GET http://10.0.2.15:9696/v2.0/subnets?tenant_id=67a5e3be100d4ac296068209105ba666&amp;cidr=10.100.0.0%2F28 0.169s
2015-12-08 18:00:52,840 20534 DEBUG    [tempest_lib.common.rest_client] Request - Headers: {'Content-Type': 'application/json', 'Accept': 'application/json', 'X-Auth-Token': '&lt;omitted&gt;'}
        Body: None
    Response - Headers: {'status': '200', 'content-length': '15', 'content-location': 'http://10.0.2.15:9696/v2.0/subnets?tenant_id=67a5e3be100d4ac296068209105ba666&amp;cidr=10.100.0.0%2F28', 'connection': 'close', 'date': 'Tue, 08 Dec 2015 18:00:52 GMT', 'content-type': 'application/json; charset=UTF-8', 'x-openstack-request-id': 'req-b9fd78d8-3ee0-418c-8cff-f4c6ccc9d0a5'}
        Body: {"subnets": []}
2015-12-08 18:00:53,189 20534 INFO     [tempest_lib.common.rest_client] Request (TestGettingAddress:test_dhcp6_stateless_from_os): 201 POST http://10.0.2.15:9696/v2.0/subnets 0.349s
2015-12-08 18:00:53,190 20534 DEBUG    [tempest_lib.common.rest_client] Request - Headers: {'Content-Type': 'application/json', 'Accept': 'application/json', 'X-Auth-Token': '&lt;omitted&gt;'}
        Body: {"subnet": {"ip_version": 4, "tenant_id": "67a5e3be100d4ac296068209105ba666", "cidr": "10.100.0.0/28", "network_id": "c203975d-1ba4-4e73-8d4e-5b714691ffa0", "name": "tempest-sub4-703130722"}}
    Response - Headers: {'status': '201', 'content-length': '469', 'connection': 'close', 'date': 'Tue, 08 Dec 2015 18:00:53 GMT', 'content-type': 'application/json; charset=UTF-8', 'x-openstack-request-id': 'req-1bd02667-cdbb-4337-852b-17320c66bdd8'}
        Body: {"subnet": {"name": "tempest-sub4-703130722", "enable_dhcp": true, "network_id": "c203975d-1ba4-4e73-8d4e-5b714691ffa0", "tenant_id": "67a5e3be100d4ac296068209105ba666", "dns_nameservers": [], "gateway_ip": "10.100.0.1", "ipv6_ra_mode": null, "allocation_pools": [{"start": "10.100.0.2", "end": "10.100.0.14"}], "host_routes": [], "ip_version": 4, "ipv6_address_mode": null, "cidr": "10.100.0.0/28", "id": "8f693d6e-7286-40a6-aa52-e0fe4a5fbdd5", "subnetpool_id": null}}
2015-12-08 18:00:53,261 20534 INFO     [tempest_lib.common.rest_client] Request (TestGettingAddress:test_dhcp6_stateless_from_os): 201 POST http://10.0.2.15:9696/v2.0/routers 0.069s
2015-12-08 18:00:53,261 20534 DEBUG    [tempest_lib.common.rest_client] Request - Headers: {'Content-Type': 'application/json', 'Accept': 'application/json', 'X-Auth-Token': '&lt;omitted&gt;'}
        Body: {"router": {"tenant_id": "67a5e3be100d4ac296068209105ba666", "name": "tempest-router-smoke-1107299876", "admin_state_up": true}}
    Response - Headers: {'status': '201', 'content-length': '296', 'connection': 'close', 'date': 'Tue, 08 Dec 2015 18:00:53 GMT', 'content-type': 'application/json; charset=UTF-8', 'x-openstack-request-id': 'req-6b6bd9d1-1f5c-43d7-a036-e4e70c73681e'}
        Body: {"router": {"status": "ACTIVE", "external_gateway_info": null, "availability_zone_hints": [], "availability_zones": [], "name": "tempest-router-smoke-1107299876", "admin_state_up": true, "tenant_id": "67a5e3be100d4ac296068209105ba666", "routes": [], "id": "56eccfa5-6fa6-4343-82a1-cce85567bf8b"}}
2015-12-08 18:00:53,307 20534 INFO     [tempest_lib.common.rest_client] Request (TestGettingAddress:test_dhcp6_stateless_from_os): 200 GET http://10.0.2.15:9696/v2.0/routers/56eccfa5-6fa6-4343-82a1-cce85567bf8b 0.045s
2015-12-08 18:00:53,307 20534 DEBUG    [tempest_lib.common.rest_client] Request - Headers: {'Content-Type': 'application/json', 'Accept': 'application/json', 'X-Auth-Token': '&lt;omitted&gt;'}
        Body: None
    Response - Headers: {'status': '200', 'content-length': '296', 'content-location': 'http://10.0.2.15:9696/v2.0/routers/56eccfa5-6fa6-4343-82a1-cce85567bf8b', 'connection': 'close', 'date': 'Tue, 08 Dec 2015 18:00:53 GMT', 'content-type': 'application/json; charset=UTF-8', 'x-openstack-request-id': 'req-ba78c375-e369-4ea9-9827-d64b84a58ac1'}
        Body: {"router": {"status": "ACTIVE", "external_gateway_info": null, "availability_zone_hints": [], "availability_zones": [], "name": "tempest-router-smoke-1107299876", "admin_state_up": true, "tenant_id": "67a5e3be100d4ac296068209105ba666", "routes": [], "id": "56eccfa5-6fa6-4343-82a1-cce85567bf8b"}}
2015-12-08 18:00:54,004 20534 INFO     [tempest_lib.common.rest_client] Request (TestGettingAddress:test_dhcp6_stateless_from_os): 200 PUT http://10.0.2.15:9696/v2.0/routers/56eccfa5-6fa6-4343-82a1-cce85567bf8b 0.696s
2015-12-08 18:00:54,004 20534 DEBUG    [tempest_lib.common.rest_client] Request - Headers: {'Content-Type': 'application/json', 'Accept': 'application/json', 'X-Auth-Token': '&lt;omitted&gt;'}
        Body: {"router": {"external_gateway_info": {"network_id": "65d302f0-7cca-4710-a4f3-b2d0725190ea"}, "name": "tempest-router-smoke-1107299876", "admin_state_up": true}}
    Response - Headers: {'status': '200', 'content-length': '558', 'connection': 'close', 'date': 'Tue, 08 Dec 2015 18:00:54 GMT', 'content-type': 'application/json; charset=UTF-8', 'x-openstack-request-id': 'req-0e143676-af7f-48c0-834d-a22d10979386'}
        Body: {"router": {"status": "ACTIVE", "external_gateway_info": {"network_id": "65d302f0-7cca-4710-a4f3-b2d0725190ea", "enable_snat": true, "external_fixed_ips": [{"subnet_id": "0403a81b-476c-4819-842f-377d4ed2045b", "ip_address": "172.24.4.3"}, {"subnet_id": "d0a2e80d-96e7-4c6b-8424-97b1aaf6d202", "ip_address": "2001:db8::4"}]}, "availability_zone_hints": [], "availability_zones": [], "name": "tempest-router-smoke-1107299876", "admin_state_up": true, "tenant_id": "67a5e3be100d4ac296068209105ba666", "routes": [], "id": "56eccfa5-6fa6-4343-82a1-cce85567bf8b"}}
2015-12-08 18:00:54,549 20534 INFO     [tempest_lib.common.rest_client] Request (TestGettingAddress:test_dhcp6_stateless_from_os): 200 PUT http://10.0.2.15:9696/v2.0/routers/56eccfa5-6fa6-4343-82a1-cce85567bf8b/add_router_interface 0.544s
2015-12-08 18:00:54,549 20534 DEBUG    [tempest_lib.common.rest_client] Request - Headers: {'Content-Type': 'application/json', 'Accept': 'application/json', 'X-Auth-Token': '&lt;omitted&gt;'}
        Body: {"subnet_id": "8f693d6e-7286-40a6-aa52-e0fe4a5fbdd5"}
    Response - Headers: {'status': '200', 'content-length': '255', 'connection': 'close', 'date': 'Tue, 08 Dec 2015 18:00:54 GMT', 'content-type': 'application/json; charset=UTF-8', 'x-openstack-request-id': 'req-373bbc67-f1b1-47f4-b5c7-ee88511cdb4d'}
        Body: {"subnet_id": "8f693d6e-7286-40a6-aa52-e0fe4a5fbdd5", "tenant_id": "67a5e3be100d4ac296068209105ba666", "subnet_ids": ["8f693d6e-7286-40a6-aa52-e0fe4a5fbdd5"], "port_id": "37e88f8f-7c3f-4e19-9430-78a2328ae62a", "id": "56eccfa5-6fa6-4343-82a1-cce85567bf8b"}
2015-12-08 18:00:54,588 20534 INFO     [tempest_lib.common.rest_client] Request (TestGettingAddress:test_dhcp6_stateless_from_os): 200 GET http://10.0.2.15:9696/v2.0/subnets?tenant_id=67a5e3be100d4ac296068209105ba666&amp;cidr=2003%3A%3A%2F64 0.037s
2015-12-08 18:00:54,588 20534 DEBUG    [tempest_lib.common.rest_client] Request - Headers: {'Content-Type': 'application/json', 'Accept': 'application/json', 'X-Auth-Token': '&lt;omitted&gt;'}
        Body: None
    Response - Headers: {'status': '200', 'content-length': '15', 'content-location': 'http://10.0.2.15:9696/v2.0/subnets?tenant_id=67a5e3be100d4ac296068209105ba666&amp;cidr=2003%3A%3A%2F64', 'connection': 'close', 'date': 'Tue, 08 Dec 2015 18:00:54 GMT', 'content-type': 'application/json; charset=UTF-8', 'x-openstack-request-id': 'req-979b1122-267d-416b-b735-defbfce985f6'}
        Body: {"subnets": []}
2015-12-08 18:00:54,937 20534 INFO     [tempest_lib.common.rest_client] Request (TestGettingAddress:test_dhcp6_stateless_from_os): 201 POST http://10.0.2.15:9696/v2.0/subnets 0.347s
2015-12-08 18:00:54,937 20534 DEBUG    [tempest_lib.common.rest_client] Request - Headers: {'Content-Type': 'application/json', 'Accept': 'application/json', 'X-Auth-Token': '&lt;omitted&gt;'}
        Body: {"subnet": {"name": "tempest-sub6-1561540064", "network_id": "c203975d-1ba4-4e73-8d4e-5b714691ffa0", "tenant_id": "67a5e3be100d4ac296068209105ba666", "ipv6_ra_mode": "dhcpv6-stateless", "ip_version": 6, "ipv6_address_mode": "dhcpv6-stateless", "cidr": "2003::/64"}}
    Response - Headers: {'status': '201', 'content-length': '502', 'connection': 'close', 'date': 'Tue, 08 Dec 2015 18:00:54 GMT', 'content-type': 'application/json; charset=UTF-8', 'x-openstack-request-id': 'req-d5f010dd-74fb-4a8e-a06f-25ddeca69136'}
        Body: {"subnet": {"name": "tempest-sub6-1561540064", "enable_dhcp": true, "network_id": "c203975d-1ba4-4e73-8d4e-5b714691ffa0", "tenant_id": "67a5e3be100d4ac296068209105ba666", "dns_nameservers": [], "gateway_ip": "2003::1", "ipv6_ra_mode": "dhcpv6-stateless", "allocation_pools": [{"start": "2003::2", "end": "2003::ffff:ffff:ffff:ffff"}], "host_routes": [], "ip_version": 6, "ipv6_address_mode": "dhcpv6-stateless", "cidr": "2003::/64", "id": "20ae26eb-905a-4159-be92-24185b825b70", "subnetpool_id": null}}
2015-12-08 18:00:55,683 20534 INFO     [tempest_lib.common.rest_client] Request (TestGettingAddress:test_dhcp6_stateless_from_os): 200 PUT http://10.0.2.15:9696/v2.0/routers/56eccfa5-6fa6-4343-82a1-cce85567bf8b/add_router_interface 0.744s
2015-12-08 18:00:55,683 20534 DEBUG    [tempest_lib.common.rest_client] Request - Headers: {'Content-Type': 'application/json', 'Accept': 'application/json', 'X-Auth-Token': '&lt;omitted&gt;'}
        Body: {"subnet_id": "20ae26eb-905a-4159-be92-24185b825b70"}
    Response - Headers: {'status': '200', 'content-length': '255', 'connection': 'close', 'date': 'Tue, 08 Dec 2015 18:00:55 GMT', 'content-type': 'application/json; charset=UTF-8', 'x-openstack-request-id': 'req-5c2dd3b2-5acd-48dc-a4b8-534275d37a45'}
        Body: {"subnet_id": "20ae26eb-905a-4159-be92-24185b825b70", "tenant_id": "67a5e3be100d4ac296068209105ba666", "subnet_ids": ["20ae26eb-905a-4159-be92-24185b825b70"], "port_id": "7973b1df-a472-4725-83a8-0df99c9041ec", "id": "56eccfa5-6fa6-4343-82a1-cce85567bf8b"}
2015-12-08 18:00:55,795 20534 INFO     [tempest_lib.common.rest_client] Request (TestGettingAddress:test_dhcp6_stateless_from_os): 200 POST http://10.0.2.15:5000/v2.0/tokens
2015-12-08 18:00:55,796 20534 DEBUG    [tempest_lib.common.rest_client] Request - Headers: {'Content-Type': 'application/json', 'Accept': 'application/json'}
        Body: &lt;omitted&gt;
    Response - Headers: {'status': '200', 'content-length': '2522', 'vary': 'X-Auth-Token', 'server': 'Apache/2.4.7 (Ubuntu)', 'connection': 'close', 'date': 'Tue, 08 Dec 2015 18:00:55 GMT', 'content-type': 'application/json', 'x-openstack-request-id': 'req-a078517a-ac95-4197-86a8-1426e6b7d1c0'}
        Body: {"access": {"token": {"issued_at": "2015-12-08T18:00:55.783199", "expires": "2015-12-08T19:00:55Z", "id": "b9df17b5620a436495b0c8fced4b276b", "tenant": {"description": "tempest-TestGettingAddress-949574243-desc", "enabled": true, "id": "67a5e3be100d4ac296068209105ba666", "name": "tempest-TestGettingAddress-949574243"}, "audit_ids": ["3xP_mjObTKWNW19IqIVb_g"]}, "serviceCatalog": [{"endpoints": [{"adminURL": "http://10.0.2.15:8774/v2.1/67a5e3be100d4ac296068209105ba666", "region": "RegionOne", "internalURL": "http://10.0.2.15:8774/v2.1/67a5e3be100d4ac296068209105ba666", "id": "6eb51d12bfef4d9bb30e38218de745fd", "publicURL": "http://10.0.2.15:8774/v2.1/67a5e3be100d4ac296068209105ba666"}], "endpoints_links": [], "type": "compute", "name": "nova"}, {"endpoints": [{"adminURL": "http://10.0.2.15:9696/", "region": "RegionOne", "internalURL": "http://10.0.2.15:9696/", "id": "0524a9f4e132475bb6b19696126c97a5", "publicURL": "http://10.0.2.15:9696/"}], "endpoints_links": [], "type": "network", "name": "neutron"}, {"endpoints": [{"adminURL": "http://10.0.2.15:9292", "region": "RegionOne", "internalURL": "http://10.0.2.15:9292", "id": "4b0f05111b1e4e66b66c7c97a9540611", "publicURL": "http://10.0.2.15:9292"}], "endpoints_links": [], "type": "image", "name": "glance"}, {"endpoints": [{"adminURL": "http://10.0.2.15:8774/v2/67a5e3be100d4ac296068209105ba666", "region": "RegionOne", "internalURL": "http://10.0.2.15:8774/v2/67a5e3be100d4ac296068209105ba666", "id": "10abb2e71b4144f48b9b0da0f2d7d570", "publicURL": "http://10.0.2.15:8774/v2/67a5e3be100d4ac296068209105ba666"}], "endpoints_links": [], "type": "compute_legacy", "name": "nova_legacy"}, {"endpoints": [{"adminURL": "http://10.0.2.15:8773/", "region": "RegionOne", "internalURL": "http://10.0.2.15:8773/", "id": "1defd19f5d6b47db8a052f849b193608", "publicURL": "http://10.0.2.15:8773/"}], "endpoints_links": [], "type": "ec2", "name": "ec2"}, {"endpoints": [{"adminURL": "http://10.0.2.15:35357/v2.0", "region": "RegionOne", "internalURL": "http://10.0.2.15:5000/v2.0", "id": "38ecd591d2c0477fac076a117313cd79", "publicURL": "http://10.0.2.15:5000/v2.0"}], "endpoints_links": [], "type": "identity", "name": "keystone"}], "user": {"username": "tempest-TestGettingAddress-750657632", "roles_links": [], "id": "315afbc57dce4c1fb2dc4fdcc012e597", "roles": [{"name": "_member_"}, {"name": "Member"}], "name": "tempest-TestGettingAddress-750657632"}, "metadata": {"is_admin": 0, "roles": ["9fe2ff9ee4384b1894a90878d3e92bab", "44323420d9be437c9fe8063394564e85"]}}}
2015-12-08 18:00:55,803 20534 DEBUG    [tempest.common.fixed_network] (TestGettingAddress:test_dhcp6_stateless_from_os) No valid network provided or created, defaulting to fixed_network_name
2015-12-08 18:00:56,147 20534 INFO     [tempest_lib.common.rest_client] Request (TestGettingAddress:test_dhcp6_stateless_from_os): 200 GET http://10.0.2.15:8774/v2.1/67a5e3be100d4ac296068209105ba666/os-networks 0.342s
2015-12-08 18:00:56,147 20534 DEBUG    [tempest_lib.common.rest_client] Request - Headers: {'Content-Type': 'application/json', 'Accept': 'application/json', 'X-Auth-Token': '&lt;omitted&gt;'}
        Body: None
    Response - Headers: {'status': '200', 'content-length': '478', 'content-location': 'http://10.0.2.15:8774/v2.1/67a5e3be100d4ac296068209105ba666/os-networks', 'x-compute-request-id': 'req-5ba294f3-556c-4b71-830e-3e87e9b05680', 'vary': 'X-OpenStack-Nova-API-Version', 'connection': 'close', 'x-openstack-nova-api-version': '2.1', 'date': 'Tue, 08 Dec 2015 18:00:56 GMT', 'content-type': 'application/json'}
        Body: {"networks": [{"cidr_v6": null, "dns2": null, "dns1": null, "gateway": null, "broadcast": null, "netmask": null, "gateway_v6": null, "cidr": null, "label": "public", "id": "65d302f0-7cca-4710-a4f3-b2d0725190ea", "netmask_v6": null}, {"cidr_v6": null, "dns2": null, "dns1": null, "gateway": null, "broadcast": null, "netmask": null, "gateway_v6": null, "cidr": null, "label": "tempest-network-smoke--264348263", "id": "c203975d-1ba4-4e73-8d4e-5b714691ffa0", "netmask_v6": null}]}
2015-12-08 18:00:56,147 20534 WARNING  [tempest.common.fixed_network] (TestGettingAddress:test_dhcp6_stateless_from_os) Network with name: private not found
2015-12-08 18:00:56,148 20534 INFO     [tempest.common.fixed_network] (TestGettingAddress:test_dhcp6_stateless_from_os) Found network {} available for tenant
2015-12-08 18:00:57,640 20534 INFO     [tempest_lib.common.rest_client] Request (TestGettingAddress:test_dhcp6_stateless_from_os): 202 POST http://10.0.2.15:8774/v2.1/67a5e3be100d4ac296068209105ba666/servers 1.491s
2015-12-08 18:00:57,642 20534 DEBUG    [tempest_lib.common.rest_client] Request - Headers: {'Content-Type': 'application/json', 'Accept': 'application/json', 'X-Auth-Token': '&lt;omitted&gt;'}
        Body: {"server": {"name": "tempest.common.compute-instance-1947368828", "imageRef": "decf4f11-9900-4395-8725-a8aa79741454", "key_name": "tempest-TestGettingAddress-1963982627", "flavorRef": "42", "networks": [{"uuid": "c203975d-1ba4-4e73-8d4e-5b714691ffa0"}], "security_groups": [{"name": "tempest-secgroup-smoke-1937761826"}]}}
    Response - Headers: {'status': '202', 'content-length': '462', 'x-compute-request-id': 'req-78331f83-a46e-4c40-b54a-80f7e699281a', 'vary': 'X-OpenStack-Nova-API-Version', 'connection': 'close', 'location': 'http://10.0.2.15:8774/v2.1/67a5e3be100d4ac296068209105ba666/servers/a40fe1bc-90b8-434a-9cc7-e436e037939d', 'x-openstack-nova-api-version': '2.1', 'date': 'Tue, 08 Dec 2015 18:00:57 GMT', 'content-type': 'application/json'}
        Body: {"server": {"security_groups": [{"name": "tempest-secgroup-smoke-1937761826"}], "OS-DCF:diskConfig": "MANUAL", "id": "a40fe1bc-90b8-434a-9cc7-e436e037939d", "links": [{"href": "http://10.0.2.15:8774/v2.1/67a5e3be100d4ac296068209105ba666/servers/a40fe1bc-90b8-434a-9cc7-e436e037939d", "rel": "self"}, {"href": "http://10.0.2.15:8774/67a5e3be100d4ac296068209105ba666/servers/a40fe1bc-90b8-434a-9cc7-e436e037939d", "rel": "bookmark"}], "adminPass": "P5MqnbJ5KPz5"}}
2015-12-08 18:00:57,793 20534 INFO     [tempest_lib.common.rest_client] Request (TestGettingAddress:test_dhcp6_stateless_from_os): 200 GET http://10.0.2.15:8774/v2.1/67a5e3be100d4ac296068209105ba666/servers/a40fe1bc-90b8-434a-9cc7-e436e037939d 0.145s
2015-12-08 18:00:57,794 20534 DEBUG    [tempest_lib.common.rest_client] Request - Headers: {'Content-Type': 'application/json', 'Accept': 'application/json', 'X-Auth-Token': '&lt;omitted&gt;'}
        Body: None
    Response - Headers: {'status': '200', 'content-length': '1355', 'content-location': 'http://10.0.2.15:8774/v2.1/67a5e3be100d4ac296068209105ba666/servers/a40fe1bc-90b8-434a-9cc7-e436e037939d', 'x-compute-request-id': 'req-d1e8c871-9c3f-4527-abbd-c7b1a6adae15', 'vary': 'X-OpenStack-Nova-API-Version', 'connection': 'close', 'x-openstack-nova-api-version': '2.1', 'date': 'Tue, 08 Dec 2015 18:00:57 GMT', 'content-type': 'application/json'}
        Body: {"server": {"status": "BUILD", "updated": "2015-12-08T18:00:57Z", "hostId": "", "addresses": {}, "links": [{"href": "http://10.0.2.15:8774/v2.1/67a5e3be100d4ac296068209105ba666/servers/a40fe1bc-90b8-434a-9cc7-e436e037939d", "rel": "self"}, {"href": "http://10.0.2.15:8774/67a5e3be100d4ac296068209105ba666/servers/a40fe1bc-90b8-434a-9cc7-e436e037939d", "rel": "bookmark"}], "key_name": "tempest-TestGettingAddress-1963982627", "image": {"id": "decf4f11-9900-4395-8725-a8aa79741454", "links": [{"href": "http://10.0.2.15:8774/67a5e3be100d4ac296068209105ba666/images/decf4f11-9900-4395-8725-a8aa79741454", "rel": "bookmark"}]}, "OS-EXT-STS:task_state": "scheduling", "OS-EXT-STS:vm_state": "building", "OS-SRV-USG:launched_at": null, "flavor": {"id": "42", "links": [{"href": "http://10.0.2.15:8774/67a5e3be100d4ac296068209105ba666/flavors/42", "rel": "bookmark"}]}, "id": "a40fe1bc-90b8-434a-9cc7-e436e037939d", "OS-SRV-USG:terminated_at": null, "OS-EXT-AZ:availability_zone": "", "user_id": "315afbc57dce4c1fb2dc4fdcc012e597", "name": "tempest.common.compute-instance-1947368828", "created": "2015-12-08T18:00:57Z", "tenant_id": "67a5e3be100d4ac296068209105ba666", "OS-DCF:diskConfig": "MANUAL", "os-extended-volumes:volumes_attached": [], "accessIPv4": "", "accessIPv6": "", "progress": 0, "OS-EXT-STS:power_state": 0, "config_drive": "", "metadata": {}}}
2015-12-08 18:00:59,220 20534 INFO     [tempest_lib.common.rest_client] Request (TestGettingAddress:test_dhcp6_stateless_from_os): 200 GET http://10.0.2.15:8774/v2.1/67a5e3be100d4ac296068209105ba666/servers/a40fe1bc-90b8-434a-9cc7-e436e037939d 0.416s
2015-12-08 18:00:59,220 20534 DEBUG    [tempest_lib.common.rest_client] Request - Headers: {'Content-Type': 'application/json', 'Accept': 'application/json', 'X-Auth-Token': '&lt;omitted&gt;'}
        Body: None
    Response - Headers: {'status': '200', 'content-length': '1481', 'content-location': 'http://10.0.2.15:8774/v2.1/67a5e3be100d4ac296068209105ba666/servers/a40fe1bc-90b8-434a-9cc7-e436e037939d', 'x-compute-request-id': 'req-24235613-6c84-4f5c-849e-ca7c00e9d328', 'vary': 'X-OpenStack-Nova-API-Version', 'connection': 'close', 'x-openstack-nova-api-version': '2.1', 'date': 'Tue, 08 Dec 2015 18:00:59 GMT', 'content-type': 'application/json'}
        Body: {"server": {"status": "BUILD", "updated": "2015-12-08T18:00:58Z", "hostId": "8bfa415254dd5f471e98a7f5f50ba20ac4c535df151f1786efef6b1b", "addresses": {}, "links": [{"href": "http://10.0.2.15:8774/v2.1/67a5e3be100d4ac296068209105ba666/servers/a40fe1bc-90b8-434a-9cc7-e436e037939d", "rel": "self"}, {"href": "http://10.0.2.15:8774/67a5e3be100d4ac296068209105ba666/servers/a40fe1bc-90b8-434a-9cc7-e436e037939d", "rel": "bookmark"}], "key_name": "tempest-TestGettingAddress-1963982627", "image": {"id": "decf4f11-9900-4395-8725-a8aa79741454", "links": [{"href": "http://10.0.2.15:8774/67a5e3be100d4ac296068209105ba666/images/decf4f11-9900-4395-8725-a8aa79741454", "rel": "bookmark"}]}, "OS-EXT-STS:task_state": "spawning", "OS-EXT-STS:vm_state": "building", "OS-SRV-USG:launched_at": null, "flavor": {"id": "42", "links": [{"href": "http://10.0.2.15:8774/67a5e3be100d4ac296068209105ba666/flavors/42", "rel": "bookmark"}]}, "id": "a40fe1bc-90b8-434a-9cc7-e436e037939d", "security_groups": [{"name": "tempest-secgroup-smoke-1937761826"}], "OS-SRV-USG:terminated_at": null, "OS-EXT-AZ:availability_zone": "nova", "user_id": "315afbc57dce4c1fb2dc4fdcc012e597", "name": "tempest.common.compute-instance-1947368828", "created": "2015-12-08T18:00:57Z", "tenant_id": "67a5e3be100d4ac296068209105ba666", "OS-DCF:diskConfig": "MANUAL", "os-extended-volumes:volumes_attached": [], "accessIPv4": "", "accessIPv6": "", "progress": 0, "OS-EXT-STS:power_state": 0, "config_drive": "", "metadata": {}}}
2015-12-08 18:00:59,229 20534 INFO     [tempest.common.waiters] State transition "BUILD/scheduling" ==&gt; "BUILD/spawning" after 2 second wait
2015-12-08 18:01:00,611 20534 INFO     [tempest_lib.common.rest_client] Request (TestGettingAddress:test_dhcp6_stateless_from_os): 200 GET http://10.0.2.15:8774/v2.1/67a5e3be100d4ac296068209105ba666/servers/a40fe1bc-90b8-434a-9cc7-e436e037939d 0.380s
2015-12-08 18:01:00,612 20534 DEBUG    [tempest_lib.common.rest_client] Request - Headers: {'Content-Type': 'application/json', 'Accept': 'application/json', 'X-Auth-Token': '&lt;omitted&gt;'}
        Body: None
    Response - Headers: {'status': '200', 'content-length': '1481', 'content-location': 'http://10.0.2.15:8774/v2.1/67a5e3be100d4ac296068209105ba666/servers/a40fe1bc-90b8-434a-9cc7-e436e037939d', 'x-compute-request-id': 'req-c0c5dbfa-a424-40f2-b603-008b520edae4', 'vary': 'X-OpenStack-Nova-API-Version', 'connection': 'close', 'x-openstack-nova-api-version': '2.1', 'date': 'Tue, 08 Dec 2015 18:01:00 GMT', 'content-type': 'application/json'}
        Body: {"server": {"status": "BUILD", "updated": "2015-12-08T18:00:58Z", "hostId": "8bfa415254dd5f471e98a7f5f50ba20ac4c535df151f1786efef6b1b", "addresses": {}, "links": [{"href": "http://10.0.2.15:8774/v2.1/67a5e3be100d4ac296068209105ba666/servers/a40fe1bc-90b8-434a-9cc7-e436e037939d", "rel": "self"}, {"href": "http://10.0.2.15:8774/67a5e3be100d4ac296068209105ba666/servers/a40fe1bc-90b8-434a-9cc7-e436e037939d", "rel": "bookmark"}], "key_name": "tempest-TestGettingAddress-1963982627", "image": {"id": "decf4f11-9900-4395-8725-a8aa79741454", "links": [{"href": "http://10.0.2.15:8774/67a5e3be100d4ac296068209105ba666/images/decf4f11-9900-4395-8725-a8aa79741454", "rel": "bookmark"}]}, "OS-EXT-STS:task_state": "spawning", "OS-EXT-STS:vm_state": "building", "OS-SRV-USG:launched_at": null, "flavor": {"id": "42", "links": [{"href": "http://10.0.2.15:8774/67a5e3be100d4ac296068209105ba666/flavors/42", "rel": "bookmark"}]}, "id": "a40fe1bc-90b8-434a-9cc7-e436e037939d", "security_groups": [{"name": "tempest-secgroup-smoke-1937761826"}], "OS-SRV-USG:terminated_at": null, "OS-EXT-AZ:availability_zone": "nova", "user_id": "315afbc57dce4c1fb2dc4fdcc012e597", "name": "tempest.common.compute-instance-1947368828", "created": "2015-12-08T18:00:57Z", "tenant_id": "67a5e3be100d4ac296068209105ba666", "OS-DCF:diskConfig": "MANUAL", "os-extended-volumes:volumes_attached": [], "accessIPv4": "", "accessIPv6": "", "progress": 0, "OS-EXT-STS:power_state": 0, "config_drive": "", "metadata": {}}}
2015-12-08 18:01:01,826 20534 INFO     [tempest_lib.common.rest_client] Request (TestGettingAddress:test_dhcp6_stateless_from_os): 200 GET http://10.0.2.15:8774/v2.1/67a5e3be100d4ac296068209105ba666/servers/a40fe1bc-90b8-434a-9cc7-e436e037939d 0.204s
2015-12-08 18:01:01,826 20534 DEBUG    [tempest_lib.common.rest_client] Request - Headers: {'Content-Type': 'application/json', 'Accept': 'application/json', 'X-Auth-Token': '&lt;omitted&gt;'}
        Body: None
    Response - Headers: {'status': '200', 'content-length': '1781', 'content-location': 'http://10.0.2.15:8774/v2.1/67a5e3be100d4ac296068209105ba666/servers/a40fe1bc-90b8-434a-9cc7-e436e037939d', 'x-compute-request-id': 'req-7cfabbe9-9bde-4040-ae34-77bf1feea9eb', 'vary': 'X-OpenStack-Nova-API-Version', 'connection': 'close', 'x-openstack-nova-api-version': '2.1', 'date': 'Tue, 08 Dec 2015 18:01:01 GMT', 'content-type': 'application/json'}
        Body: {"server": {"status": "ACTIVE", "updated": "2015-12-08T18:01:01Z", "hostId": "8bfa415254dd5f471e98a7f5f50ba20ac4c535df151f1786efef6b1b", "addresses": {"tempest-network-smoke--264348263": [{"OS-EXT-IPS-MAC:mac_addr": "fa:16:3e:c1:b7:d3", "version": 6, "addr": "2003::f816:3eff:fec1:b7d3", "OS-EXT-IPS:type": "fixed"}, {"OS-EXT-IPS-MAC:mac_addr": "fa:16:3e:c1:b7:d3", "version": 4, "addr": "10.100.0.3", "OS-EXT-IPS:type": "fixed"}]}, "links": [{"href": "http://10.0.2.15:8774/v2.1/67a5e3be100d4ac296068209105ba666/servers/a40fe1bc-90b8-434a-9cc7-e436e037939d", "rel": "self"}, {"href": "http://10.0.2.15:8774/67a5e3be100d4ac296068209105ba666/servers/a40fe1bc-90b8-434a-9cc7-e436e037939d", "rel": "bookmark"}], "key_name": "tempest-TestGettingAddress-1963982627", "image": {"id": "decf4f11-9900-4395-8725-a8aa79741454", "links": [{"href": "http://10.0.2.15:8774/67a5e3be100d4ac296068209105ba666/images/decf4f11-9900-4395-8725-a8aa79741454", "rel": "bookmark"}]}, "OS-EXT-STS:task_state": null, "OS-EXT-STS:vm_state": "active", "OS-SRV-USG:launched_at": "2015-12-08T18:01:01.000000", "flavor": {"id": "42", "links": [{"href": "http://10.0.2.15:8774/67a5e3be100d4ac296068209105ba666/flavors/42", "rel": "bookmark"}]}, "id": "a40fe1bc-90b8-434a-9cc7-e436e037939d", "security_groups": [{"name": "tempest-secgroup-smoke-1937761826"}], "OS-SRV-USG:terminated_at": null, "OS-EXT-AZ:availability_zone": "nova", "user_id": "315afbc57dce4c1fb2dc4fdcc012e597", "name": "tempest.common.compute-instance-1947368828", "created": "2015-12-08T18:00:57Z", "tenant_id": "67a5e3be100d4ac296068209105ba666", "OS-DCF:diskConfig": "MANUAL", "os-extended-volumes:volumes_attached": [], "accessIPv4": "", "accessIPv6": "", "progress": 0, "OS-EXT-STS:power_state": 1, "config_drive": "True", "metadata": {}}}
2015-12-08 18:01:01,836 20534 INFO     [tempest.common.waiters] State transition "BUILD/spawning" ==&gt; "ACTIVE/None" after 4 second wait
2015-12-08 18:01:02,073 20534 INFO     [tempest_lib.common.rest_client] Request (TestGettingAddress:test_dhcp6_stateless_from_os): 200 GET http://10.0.2.15:8774/v2.1/67a5e3be100d4ac296068209105ba666/servers/a40fe1bc-90b8-434a-9cc7-e436e037939d 0.236s
2015-12-08 18:01:02,074 20534 DEBUG    [tempest_lib.common.rest_client] Request - Headers: {'Content-Type': 'application/json', 'Accept': 'application/json', 'X-Auth-Token': '&lt;omitted&gt;'}
        Body: None
    Response - Headers: {'status': '200', 'content-length': '1781', 'content-location': 'http://10.0.2.15:8774/v2.1/67a5e3be100d4ac296068209105ba666/servers/a40fe1bc-90b8-434a-9cc7-e436e037939d', 'x-compute-request-id': 'req-f7eb6401-f427-47fb-ba6e-9e15d9392433', 'vary': 'X-OpenStack-Nova-API-Version', 'connection': 'close', 'x-openstack-nova-api-version': '2.1', 'date': 'Tue, 08 Dec 2015 18:01:02 GMT', 'content-type': 'application/json'}
        Body: {"server": {"status": "ACTIVE", "updated": "2015-12-08T18:01:01Z", "hostId": "8bfa415254dd5f471e98a7f5f50ba20ac4c535df151f1786efef6b1b", "addresses": {"tempest-network-smoke--264348263": [{"OS-EXT-IPS-MAC:mac_addr": "fa:16:3e:c1:b7:d3", "version": 6, "addr": "2003::f816:3eff:fec1:b7d3", "OS-EXT-IPS:type": "fixed"}, {"OS-EXT-IPS-MAC:mac_addr": "fa:16:3e:c1:b7:d3", "version": 4, "addr": "10.100.0.3", "OS-EXT-IPS:type": "fixed"}]}, "links": [{"href": "http://10.0.2.15:8774/v2.1/67a5e3be100d4ac296068209105ba666/servers/a40fe1bc-90b8-434a-9cc7-e436e037939d", "rel": "self"}, {"href": "http://10.0.2.15:8774/67a5e3be100d4ac296068209105ba666/servers/a40fe1bc-90b8-434a-9cc7-e436e037939d", "rel": "bookmark"}], "key_name": "tempest-TestGettingAddress-1963982627", "image": {"id": "decf4f11-9900-4395-8725-a8aa79741454", "links": [{"href": "http://10.0.2.15:8774/67a5e3be100d4ac296068209105ba666/images/decf4f11-9900-4395-8725-a8aa79741454", "rel": "bookmark"}]}, "OS-EXT-STS:task_state": null, "OS-EXT-STS:vm_state": "active", "OS-SRV-USG:launched_at": "2015-12-08T18:01:01.000000", "flavor": {"id": "42", "links": [{"href": "http://10.0.2.15:8774/67a5e3be100d4ac296068209105ba666/flavors/42", "rel": "bookmark"}]}, "id": "a40fe1bc-90b8-434a-9cc7-e436e037939d", "security_groups": [{"name": "tempest-secgroup-smoke-1937761826"}], "OS-SRV-USG:terminated_at": null, "OS-EXT-AZ:availability_zone": "nova", "user_id": "315afbc57dce4c1fb2dc4fdcc012e597", "name": "tempest.common.compute-instance-1947368828", "created": "2015-12-08T18:00:57Z", "tenant_id": "67a5e3be100d4ac296068209105ba666", "OS-DCF:diskConfig": "MANUAL", "os-extended-volumes:volumes_attached": [], "accessIPv4": "", "accessIPv6": "", "progress": 0, "OS-EXT-STS:power_state": 1, "config_drive": "True", "metadata": {}}}
2015-12-08 18:01:02,215 20534 INFO     [tempest_lib.common.rest_client] Request (TestGettingAddress:test_dhcp6_stateless_from_os): 200 GET http://10.0.2.15:9696/v2.0/ports?status=ACTIVE&amp;fixed_ip=None&amp;device_id=a40fe1bc-90b8-434a-9cc7-e436e037939d 0.133s
2015-12-08 18:01:02,215 20534 DEBUG    [tempest_lib.common.rest_client] Request - Headers: {'Content-Type': 'application/json', 'Accept': 'application/json', 'X-Auth-Token': '&lt;omitted&gt;'}
        Body: None
    Response - Headers: {'status': '200', 'content-length': '1142', 'content-location': 'http://10.0.2.15:9696/v2.0/ports?status=ACTIVE&amp;fixed_ip=None&amp;device_id=a40fe1bc-90b8-434a-9cc7-e436e037939d', 'connection': 'close', 'date': 'Tue, 08 Dec 2015 18:01:02 GMT', 'content-type': 'application/json; charset=UTF-8', 'x-openstack-request-id': 'req-e4a5ccf2-b49d-4f4b-8076-92d5a2901f2d'}
        Body: {"ports": [{"status": "ACTIVE", "binding:host_id": "vagrant-ubuntu-trusty-64", "allowed_address_pairs": [], "extra_dhcp_opts": [], "dns_assignment": [{"hostname": "host-10-100-0-3", "ip_address": "10.100.0.3", "fqdn": "host-10-100-0-3.openstacklocal."}, {"hostname": "host-2003--f816-3eff-fec1-b7d3", "ip_address": "2003::f816:3eff:fec1:b7d3", "fqdn": "host-2003--f816-3eff-fec1-b7d3.openstacklocal."}], "device_owner": "compute:None", "port_security_enabled": true, "binding:profile": {}, "fixed_ips": [{"subnet_id": "8f693d6e-7286-40a6-aa52-e0fe4a5fbdd5", "ip_address": "10.100.0.3"}, {"subnet_id": "20ae26eb-905a-4159-be92-24185b825b70", "ip_address": "2003::f816:3eff:fec1:b7d3"}], "id": "9a1013f6-16bc-4928-9ced-d06abcab890a", "security_groups": ["e0f3d6d3-6559-4630-a169-7866f6b4ac4d"], "device_id": "a40fe1bc-90b8-434a-9cc7-e436e037939d", "name": "", "admin_state_up": true, "network_id": "c203975d-1ba4-4e73-8d4e-5b714691ffa0", "dns_name": "", "binding:vif_details": {"port_filter": true}, "binding:vnic_type": "normal", "binding:vif_type": "ovs", "tenant_id": "67a5e3be100d4ac296068209105ba666", "mac_address": "fa:16:3e:c1:b7:d3"}]}
2015-12-08 18:01:02,822 20534 INFO     [tempest_lib.common.rest_client] Request (TestGettingAddress:test_dhcp6_stateless_from_os): 201 POST http://10.0.2.15:9696/v2.0/floatingips 0.606s
2015-12-08 18:01:02,823 20534 DEBUG    [tempest_lib.common.rest_client] Request - Headers: {'Content-Type': 'application/json', 'Accept': 'application/json', 'X-Auth-Token': '&lt;omitted&gt;'}
        Body: {"floatingip": {"floating_network_id": "65d302f0-7cca-4710-a4f3-b2d0725190ea", "tenant_id": "67a5e3be100d4ac296068209105ba666", "fixed_ip_address": "10.100.0.3", "port_id": "9a1013f6-16bc-4928-9ced-d06abcab890a"}}
    Response - Headers: {'status': '201', 'content-length': '367', 'connection': 'close', 'date': 'Tue, 08 Dec 2015 18:01:02 GMT', 'content-type': 'application/json; charset=UTF-8', 'x-openstack-request-id': 'req-f51ba245-32bc-457a-8ae6-35f217f2b0b4'}
        Body: {"floatingip": {"floating_network_id": "65d302f0-7cca-4710-a4f3-b2d0725190ea", "router_id": "56eccfa5-6fa6-4343-82a1-cce85567bf8b", "fixed_ip_address": "10.100.0.3", "floating_ip_address": "172.24.4.4", "tenant_id": "67a5e3be100d4ac296068209105ba666", "status": "DOWN", "port_id": "9a1013f6-16bc-4928-9ced-d06abcab890a", "id": "88e035e5-3340-4e29-8044-8b77d0478f8a"}}
2015-12-08 18:01:02,824 20534 INFO     [tempest_lib.common.ssh] Creating ssh connection to '172.24.4.4' as 'cirros' with public key authentication
2015-12-08 18:01:06,532 20534 WARNING  [tempest_lib.common.ssh] Failed to establish authenticated ssh connection to cirros@172.24.4.4 ([Errno None] Unable to connect to port 22 on  or 172.24.4.4). Number attempts: 1. Retry after 2 seconds.
2015-12-08 18:01:12,036 20534 WARNING  [tempest_lib.common.ssh] Failed to establish authenticated ssh connection to cirros@172.24.4.4 ([Errno None] Unable to connect to port 22 on  or 172.24.4.4). Number attempts: 2. Retry after 3 seconds.
2015-12-08 18:01:18,540 20534 WARNING  [tempest_lib.common.ssh] Failed to establish authenticated ssh connection to cirros@172.24.4.4 ([Errno None] Unable to connect to port 22 on  or 172.24.4.4). Number attempts: 3. Retry after 4 seconds.
2015-12-08 18:01:26,040 20534 WARNING  [tempest_lib.common.ssh] Failed to establish authenticated ssh connection to cirros@172.24.4.4 ([Errno None] Unable to connect to port 22 on  or 172.24.4.4). Number attempts: 4. Retry after 5 seconds.
2015-12-08 18:01:34,545 20534 WARNING  [tempest_lib.common.ssh] Failed to establish authenticated ssh connection to cirros@172.24.4.4 ([Errno None] Unable to connect to port 22 on  or 172.24.4.4). Number attempts: 5. Retry after 6 seconds.
2015-12-08 18:01:44,048 20534 WARNING  [tempest_lib.common.ssh] Failed to establish authenticated ssh connection to cirros@172.24.4.4 ([Errno None] Unable to connect to port 22 on  or 172.24.4.4). Number attempts: 6. Retry after 7 seconds.
2015-12-08 18:01:54,556 20534 WARNING  [tempest_lib.common.ssh] Failed to establish authenticated ssh connection to cirros@172.24.4.4 ([Errno None] Unable to connect to port 22 on  or 172.24.4.4). Number attempts: 7. Retry after 8 seconds.
2015-12-08 18:02:06,060 20534 WARNING  [tempest_lib.common.ssh] Failed to establish authenticated ssh connection to cirros@172.24.4.4 ([Errno None] Unable to connect to port 22 on  or 172.24.4.4). Number attempts: 8. Retry after 9 seconds.
2015-12-08 18:02:18,572 20534 WARNING  [tempest_lib.common.ssh] Failed to establish authenticated ssh connection to cirros@172.24.4.4 ([Errno None] Unable to connect to port 22 on  or 172.24.4.4). Number attempts: 9. Retry after 10 seconds.
2015-12-08 18:02:32,085 20534 WARNING  [tempest_lib.common.ssh] Failed to establish authenticated ssh connection to cirros@172.24.4.4 ([Errno None] Unable to connect to port 22 on  or 172.24.4.4). Number attempts: 10. Retry after 11 seconds.
2015-12-08 18:02:46,592 20534 WARNING  [tempest_lib.common.ssh] Failed to establish authenticated ssh connection to cirros@172.24.4.4 ([Errno None] Unable to connect to port 22 on  or 172.24.4.4). Number attempts: 11. Retry after 12 seconds.
2015-12-08 18:03:02,100 20534 WARNING  [tempest_lib.common.ssh] Failed to establish authenticated ssh connection to cirros@172.24.4.4 ([Errno None] Unable to connect to port 22 on  or 172.24.4.4). Number attempts: 12. Retry after 13 seconds.
2015-12-08 18:03:18,612 20534 WARNING  [tempest_lib.common.ssh] Failed to establish authenticated ssh connection to cirros@172.24.4.4 ([Errno None] Unable to connect to port 22 on  or 172.24.4.4). Number attempts: 13. Retry after 14 seconds.
2015-12-08 18:03:36,128 20534 WARNING  [tempest_lib.common.ssh] Failed to establish authenticated ssh connection to cirros@172.24.4.4 ([Errno None] Unable to connect to port 22 on  or 172.24.4.4). Number attempts: 14. Retry after 15 seconds.
2015-12-08 18:03:54,644 20534 WARNING  [tempest_lib.common.ssh] Failed to establish authenticated ssh connection to cirros@172.24.4.4 ([Errno None] Unable to connect to port 22 on  or 172.24.4.4). Number attempts: 15. Retry after 16 seconds.
2015-12-08 18:04:14,152 20534 WARNING  [tempest_lib.common.ssh] Failed to establish authenticated ssh connection to cirros@172.24.4.4 ([Errno None] Unable to connect to port 22 on  or 172.24.4.4). Number attempts: 16. Retry after 17 seconds.
2015-12-08 18:04:34,668 20534 ERROR    [tempest_lib.common.ssh] Failed to establish authenticated ssh connection to cirros@172.24.4.4 after 16 attempts
2015-12-08 18:04:34.668 20534 ERROR tempest_lib.common.ssh Traceback (most recent call last):
2015-12-08 18:04:34.668 20534 ERROR tempest_lib.common.ssh   File "/usr/local/lib/python2.7/dist-packages/tempest_lib/common/ssh.py", line 75, in _get_ssh_connection
2015-12-08 18:04:34.668 20534 ERROR tempest_lib.common.ssh     timeout=self.channel_timeout, pkey=self.pkey)
2015-12-08 18:04:34.668 20534 ERROR tempest_lib.common.ssh   File "/usr/local/lib/python2.7/dist-packages/paramiko/client.py", line 311, in connect
2015-12-08 18:04:34.668 20534 ERROR tempest_lib.common.ssh     raise NoValidConnectionsError(errors)
2015-12-08 18:04:34.668 20534 ERROR tempest_lib.common.ssh NoValidConnectionsError: [Errno None] Unable to connect to port 22 on  or 172.24.4.4
2015-12-08 18:04:34.668 20534 ERROR tempest_lib.common.ssh 
2015-12-08 18:04:34,670 20534 ERROR    [tempest.scenario.manager] (TestGettingAddress:test_dhcp6_stateless_from_os) Initializing SSH connection to 172.24.4.4 failed. Error: Connection to the 172.24.4.4 via SSH timed out.
User: cirros, Password: None
2015-12-08 18:04:34.670 20534 ERROR tempest.scenario.manager Traceback (most recent call last):
2015-12-08 18:04:34.670 20534 ERROR tempest.scenario.manager   File "tempest/scenario/manager.py", line 383, in get_remote_client
2015-12-08 18:04:34.670 20534 ERROR tempest.scenario.manager     linux_client.validate_authentication()
2015-12-08 18:04:34.670 20534 ERROR tempest.scenario.manager   File "tempest/common/utils/linux/remote_client.py", line 63, in validate_authentication
2015-12-08 18:04:34.670 20534 ERROR tempest.scenario.manager     self.ssh_client.test_connection_auth()
2015-12-08 18:04:34.670 20534 ERROR tempest.scenario.manager   File "/usr/local/lib/python2.7/dist-packages/tempest_lib/common/ssh.py", line 167, in test_connection_auth
2015-12-08 18:04:34.670 20534 ERROR tempest.scenario.manager     connection = self._get_ssh_connection()
2015-12-08 18:04:34.670 20534 ERROR tempest.scenario.manager   File "/usr/local/lib/python2.7/dist-packages/tempest_lib/common/ssh.py", line 87, in _get_ssh_connection
2015-12-08 18:04:34.670 20534 ERROR tempest.scenario.manager     password=self.password)
2015-12-08 18:04:34.670 20534 ERROR tempest.scenario.manager SSHTimeout: Connection to the 172.24.4.4 via SSH timed out.
2015-12-08 18:04:34.670 20534 ERROR tempest.scenario.manager User: cirros, Password: None
2015-12-08 18:04:34.670 20534 ERROR tempest.scenario.manager 
2015-12-08 18:04:34,750 20534 INFO     [tempest_lib.common.rest_client] Request (TestGettingAddress:test_dhcp6_stateless_from_os): 200 GET http://10.0.2.15:8774/v2.1/67a5e3be100d4ac296068209105ba666/servers 0.077s
2015-12-08 18:04:34,751 20534 DEBUG    [tempest_lib.common.rest_client] Request - Headers: {'Content-Type': 'application/json', 'Accept': 'application/json', 'X-Auth-Token': '&lt;omitted&gt;'}
        Body: None
    Response - Headers: {'status': '200', 'content-length': '391', 'content-location': 'http://10.0.2.15:8774/v2.1/67a5e3be100d4ac296068209105ba666/servers', 'x-compute-request-id': 'req-1a0a6ba0-1c71-4f96-86d4-8d231056f368', 'vary': 'X-OpenStack-Nova-API-Version', 'connection': 'close', 'x-openstack-nova-api-version': '2.1', 'date': 'Tue, 08 Dec 2015 18:04:34 GMT', 'content-type': 'application/json'}
        Body: {"servers": [{"id": "a40fe1bc-90b8-434a-9cc7-e436e037939d", "links": [{"href": "http://10.0.2.15:8774/v2.1/67a5e3be100d4ac296068209105ba666/servers/a40fe1bc-90b8-434a-9cc7-e436e037939d", "rel": "self"}, {"href": "http://10.0.2.15:8774/67a5e3be100d4ac296068209105ba666/servers/a40fe1bc-90b8-434a-9cc7-e436e037939d", "rel": "bookmark"}], "name": "tempest.common.compute-instance-1947368828"}]}
2015-12-08 18:04:34,995 20534 INFO     [tempest_lib.common.rest_client] Request (TestGettingAddress:test_dhcp6_stateless_from_os): 200 POST http://10.0.2.15:8774/v2.1/67a5e3be100d4ac296068209105ba666/servers/a40fe1bc-90b8-434a-9cc7-e436e037939d/action 0.238s
2015-12-08 18:04:34,996 20534 DEBUG    [tempest_lib.common.rest_client] Request - Headers: {'Content-Type': 'application/json', 'Accept': 'application/json', 'X-Auth-Token': '&lt;omitted&gt;'}
        Body: {"os-getConsoleOutput": {}}
    Response - Headers: {'status': '200', 'content-length': '24535', 'x-compute-request-id': 'req-1315a944-5697-4b36-9c56-406ed4df451e', 'vary': 'X-OpenStack-Nova-API-Version', 'connection': 'close', 'x-openstack-nova-api-version': '2.1', 'date': 'Tue, 08 Dec 2015 18:04:34 GMT', 'content-type': 'application/json'}
        Body: {"output": "[    0.000000] Initializing cgroup subsys cpuset\n[    0.000000] Initializing cgroup subsys cpu\n[    0.000000] Linux version 3.2.0-80-virtual (buildd@batsu) (gcc version 4.6.3 (Ubuntu/Linaro 4.6.3-1ubuntu5) ) #116-Ubuntu SMP Mon Mar 23 17:28:52 UTC 2015 (Ubuntu 3.2.0-80.116-virtual 3.2.68)\n[    0.000000] Command line: root=/dev/vda console=tty0 console=ttyS0 no_timer_check\n[    0.000000] KERNEL supported cpus:\n[    0.000000]   Intel GenuineIntel\n[    0.000000]   AMD AuthenticAMD\n[    0.000000]   Centaur CentaurHauls\n[    0.000000] BIOS-provided physical RAM map:\n[    0.000000]  BIOS-e820: 0000000000000000 - 000000000009fc00 (usable)\n[    0.000000]  BIOS-e820: 000000000009fc00 - 00000000000a0000 (reserved)\n[    0.000000]  BIOS-e820: 00000000000f0000 - 0000000000100000 (reserved)\n[    0.000000]  BIOS-e820: 0000000000100000 - 0000000003ffe000 (usable)\n[    0.000000]  BIOS-e820: 0000000003ffe000 - 0000000004000000 (reserved)\n[    0.000000]  BIOS-e820: 00000000fffc0000 - 0000000100000000 (reserved)\n[    0.000000] NX (Execute Disable) protection: active\n[    0.000000] SMBIOS 2.4 present.\n[    0.000000] No AGP bridge found\n[    0.000000] last_pfn = 0x3ffe max_arch_pfn = 0x400000000\n[    0.000000] x86 PAT enabled: cpu 0, old 0x7040600070406, new 0x7010600070106\n[    0.000000] found SMP MP-table at [ffff8800000f0b00] f0b00\n[    0.000000] init_memory_mapping: 0000000000000000-0000000003ffe000\n[    0.000000] RAMDISK: 03c5e000 - 03ff0000\n[    0.000000] ACPI: RSDP 00000000000f0950 00014 (v00 BOCHS )\n[    0.000000] ACPI: RSDT 0000000003fffbc1 00034 (v01 BOCHS  BXPCRSDT 00000001 BXPC 00000001)\n[    0.000000] ACPI: FACP 0000000003fff1c0 00074 (v01 BOCHS  BXPCFACP 00000001 BXPC 00000001)\n[    0.000000] ACPI: DSDT 0000000003ffe040 01180 (v01 BOCHS  BXPCDSDT 00000001 BXPC 00000001)\n[    0.000000] ACPI: FACS 0000000003ffe000 00040\n[    0.000000] ACPI: SSDT 0000000003fff234 008DD (v01 BOCHS  BXPCSSDT 00000001 BXPC 00000001)\n[    0.000000] ACPI: APIC 0000000003fffb11 00078 (v01 BOCHS  BXPCAPIC 00000001 BXPC 00000001)\n[    0.000000] ACPI: HPET 0000000003fffb89 00038 (v01 BOCHS  BXPCHPET 00000001 BXPC 00000001)\n[    0.000000] No NUMA configuration found\n[    0.000000] Faking a node at 0000000000000000-0000000003ffe000\n[    0.000000] Initmem setup node 0 0000000000000000-0000000003ffe000\n[    0.000000]   NODE_DATA [0000000003ff6000 - 0000000003ffafff]\n[    0.000000] Zone PFN ranges:\n[    0.000000]   DMA      0x00000010 -&gt; 0x00001000\n[    0.000000]   DMA32    0x00001000 -&gt; 0x00100000\n[    0.000000]   Normal   empty\n[    0.000000] Movable zone start PFN for each node\n[    0.000000] early_node_map[2] active PFN ranges\n[    0.000000]     0: 0x00000010 -&gt; 0x0000009f\n[    0.000000]     0: 0x00000100 -&gt; 0x00003ffe\n[    0.000000] ACPI: PM-Timer IO Port: 0xb008\n[    0.000000] ACPI: LAPIC (acpi_id[0x00] lapic_id[0x00] enabled)\n[    0.000000] ACPI: LAPIC_NMI (acpi_id[0xff] dfl dfl lint[0x1])\n[    0.000000] ACPI: IOAPIC (id[0x00] address[0xfec00000] gsi_base[0])\n[    0.000000] IOAPIC[0]: apic_id 0, version 17, address 0xfec00000, GSI 0-23\n[    0.000000] ACPI: INT_SRC_OVR (bus 0 bus_irq 0 global_irq 2 dfl dfl)\n[    0.000000] ACPI: INT_SRC_OVR (bus 0 bus_irq 5 global_irq 5 high level)\n[    0.000000] ACPI: INT_SRC_OVR (bus 0 bus_irq 9 global_irq 9 high level)\n[    0.000000] ACPI: INT_SRC_OVR (bus 0 bus_irq 10 global_irq 10 high level)\n[    0.000000] ACPI: INT_SRC_OVR (bus 0 bus_irq 11 global_irq 11 high level)\n[    0.000000] Using ACPI (MADT) for SMP configuration information\n[    0.000000] ACPI: HPET id: 0x8086a201 base: 0xfed00000\n[    0.000000] SMP: Allowing 1 CPUs, 0 hotplug CPUs\n[    0.000000] PM: Registered nosave memory: 000000000009f000 - 00000000000a0000\n[    0.000000] PM: Registered nosave memory: 00000000000a0000 - 00000000000f0000\n[    0.000000] PM: Registered nosave memory: 00000000000f0000 - 0000000000100000\n[    0.000000] Allocating PCI resources starting at 4000000 (gap: 4000000:fbfc0000)\n[    0.000000] Booting paravirtualized kernel on bare hardware\n[    0.000000] setup_pe
2015-12-08 18:04:34,999 20534 DEBUG    [tempest.scenario.manager] Console output for a40fe1bc-90b8-434a-9cc7-e436e037939d
body=
[    0.000000] Initializing cgroup subsys cpuset
[    0.000000] Initializing cgroup subsys cpu
[    0.000000] Linux version 3.2.0-80-virtual (buildd@batsu) (gcc version 4.6.3 (Ubuntu/Linaro 4.6.3-1ubuntu5) ) #116-Ubuntu SMP Mon Mar 23 17:28:52 UTC 2015 (Ubuntu 3.2.0-80.116-virtual 3.2.68)
[    0.000000] Command line: root=/dev/vda console=tty0 console=ttyS0 no_timer_check
[    0.000000] KERNEL supported cpus:
[    0.000000]   Intel GenuineIntel
[    0.000000]   AMD AuthenticAMD
[    0.000000]   Centaur CentaurHauls
[    0.000000] BIOS-provided physical RAM map:
[    0.000000]  BIOS-e820: 0000000000000000 - 000000000009fc00 (usable)
[    0.000000]  BIOS-e820: 000000000009fc00 - 00000000000a0000 (reserved)
[    0.000000]  BIOS-e820: 00000000000f0000 - 0000000000100000 (reserved)
[    0.000000]  BIOS-e820: 0000000000100000 - 0000000003ffe000 (usable)
[    0.000000]  BIOS-e820: 0000000003ffe000 - 0000000004000000 (reserved)
[    0.000000]  BIOS-e820: 00000000fffc0000 - 0000000100000000 (reserved)
[    0.000000] NX (Execute Disable) protection: active
[    0.000000] SMBIOS 2.4 present.
[    0.000000] No AGP bridge found
[    0.000000] last_pfn = 0x3ffe max_arch_pfn = 0x400000000
[    0.000000] x86 PAT enabled: cpu 0, old 0x7040600070406, new 0x7010600070106
[    0.000000] found SMP MP-table at [ffff8800000f0b00] f0b00
[    0.000000] init_memory_mapping: 0000000000000000-0000000003ffe000
[    0.000000] RAMDISK: 03c5e000 - 03ff0000
[    0.000000] ACPI: RSDP 00000000000f0950 00014 (v00 BOCHS )
[    0.000000] ACPI: RSDT 0000000003fffbc1 00034 (v01 BOCHS  BXPCRSDT 00000001 BXPC 00000001)
[    0.000000] ACPI: FACP 0000000003fff1c0 00074 (v01 BOCHS  BXPCFACP 00000001 BXPC 00000001)
[    0.000000] ACPI: DSDT 0000000003ffe040 01180 (v01 BOCHS  BXPCDSDT 00000001 BXPC 00000001)
[    0.000000] ACPI: FACS 0000000003ffe000 00040
[    0.000000] ACPI: SSDT 0000000003fff234 008DD (v01 BOCHS  BXPCSSDT 00000001 BXPC 00000001)
[    0.000000] ACPI: APIC 0000000003fffb11 00078 (v01 BOCHS  BXPCAPIC 00000001 BXPC 00000001)
[    0.000000] ACPI: HPET 0000000003fffb89 00038 (v01 BOCHS  BXPCHPET 00000001 BXPC 00000001)
[    0.000000] No NUMA configuration found
[    0.000000] Faking a node at 0000000000000000-0000000003ffe000
[    0.000000] Initmem setup node 0 0000000000000000-0000000003ffe000
[    0.000000]   NODE_DATA [0000000003ff6000 - 0000000003ffafff]
[    0.000000] Zone PFN ranges:
[    0.000000]   DMA      0x00000010 -&gt; 0x00001000
[    0.000000]   DMA32    0x00001000 -&gt; 0x00100000
[    0.000000]   Normal   empty
[    0.000000] Movable zone start PFN for each node
[    0.000000] early_node_map[2] active PFN ranges
[    0.000000]     0: 0x00000010 -&gt; 0x0000009f
[    0.000000]     0: 0x00000100 -&gt; 0x00003ffe
[    0.000000] ACPI: PM-Timer IO Port: 0xb008
[    0.000000] ACPI: LAPIC (acpi_id[0x00] lapic_id[0x00] enabled)
[    0.000000] ACPI: LAPIC_NMI (acpi_id[0xff] dfl dfl lint[0x1])
[    0.000000] ACPI: IOAPIC (id[0x00] address[0xfec00000] gsi_base[0])
[    0.000000] IOAPIC[0]: apic_id 0, version 17, address 0xfec00000, GSI 0-23
[    0.000000] ACPI: INT_SRC_OVR (bus 0 bus_irq 0 global_irq 2 dfl dfl)
[    0.000000] ACPI: INT_SRC_OVR (bus 0 bus_irq 5 global_irq 5 high level)
[    0.000000] ACPI: INT_SRC_OVR (bus 0 bus_irq 9 global_irq 9 high level)
[    0.000000] ACPI: INT_SRC_OVR (bus 0 bus_irq 10 global_irq 10 high level)
[    0.000000] ACPI: INT_SRC_OVR (bus 0 bus_irq 11 global_irq 11 high level)
[    0.000000] Using ACPI (MADT) for SMP configuration information
[    0.000000] ACPI: HPET id: 0x8086a201 base: 0xfed00000
[    0.000000] SMP: Allowing 1 CPUs, 0 hotplug CPUs
[    0.000000] PM: Registered nosave memory: 000000000009f000 - 00000000000a0000
[    0.000000] PM: Registered nosave memory: 00000000000a0000 - 00000000000f0000
[    0.000000] PM: Registered nosave memory: 00000000000f0000 - 0000000000100000
[    0.000000] Allocating PCI resources starting at 4000000 (gap: 4000000:fbfc0000)
[    0.000000] Booting paravirtualized kernel on bare hardware
[    0.000000] setup_percpu: NR_CPUS:64 nr_cpumask_bits:64 nr_cpu_ids:1 nr_node_ids:1
[    0.000000] PERCPU: Embedded 27 pages/cpu @ffff880003a00000 s78848 r8192 d23552 u2097152
[    0.000000] Built 1 zonelists in Node order, mobility grouping on.  Total pages: 16008
[    0.000000] Policy zone: DMA32
[    0.000000] Kernel command line: root=/dev/vda console=tty0 console=ttyS0 no_timer_check
[    0.000000] PID hash table entries: 256 (order: -1, 2048 bytes)
[    0.000000] Checking aperture...
[    0.000000] No AGP bridge found
[    0.000000] Memory: 43492k/65528k available (6576k kernel code, 452k absent, 21584k reserved, 6620k data, 928k init)
[    0.000000] SLUB: Genslabs=15, HWalign=64, Order=0-3, MinObjects=0, CPUs=1, Nodes=1
[    0.000000] Hierarchical RCU implementation.
[    0.000000] 	RCU dyntick-idle grace-period acceleration is enabled.
[    0.000000] NR_IRQS:4352 nr_irqs:256 16
[    0.000000] Console: colour VGA+ 80x25
[    0.000000] console [tty0] enabled
[    0.000000] console [ttyS0] enabled
[    0.000000] allocated 1048576 bytes of page_cgroup
[    0.000000] please try 'cgroup_disable=memory' option if you don't want memory cgroups
[    0.000000] Fast TSC calibration failed
[    0.000000] TSC: Unable to calibrate against PIT
[    0.000000] TSC: using HPET reference calibration
[    0.000000] Detected 2295.152 MHz processor.
[    0.032993] Calibrating delay loop (skipped), value calculated using timer frequency.. 4590.30 BogoMIPS (lpj=9180608)
[    0.036749] pid_max: default: 32768 minimum: 301
[    0.045241] Security Framework initialized
[    0.049957] AppArmor: AppArmor initialized
[    0.050581] Yama: becoming mindful.
[    0.057320] Dentry cache hash table entries: 8192 (order: 4, 65536 bytes)
[    0.059077] Inode-cache hash table entries: 4096 (order: 3, 32768 bytes)
[    0.060662] Mount-cache hash table entries: 256
[    0.075482] Initializing cgroup subsys cpuacct
[    0.076325] Initializing cgroup subsys memory
[    0.077564] Initializing cgroup subsys devices
[    0.078347] Initializing cgroup subsys freezer
[    0.080135] Initializing cgroup subsys blkio
[    0.080807] Initializing cgroup subsys perf_event
[    0.085719] mce: CPU supports 10 MCE banks
[    0.089614] SMP alternatives: switching to UP code
[    0.505786] Freeing SMP alternatives: 24k freed
[    0.508598] ACPI: Core revision 20110623
[    0.580680] ftrace: allocating 26610 entries in 105 pages
[    0.624027] ..TIMER: vector=0x30 apic1=0 pin1=2 apic2=-1 pin2=-1
[    0.624154] CPU0: AMD QEMU Virtual CPU version 2.0.0 stepping 03
[    0.632038] Performance Events: Broken PMU hardware detected, using software events only.
[    0.649082] NMI watchdog disabled (cpu0): hardware events not enabled
[    0.650674] Brought up 1 CPUs
[    0.651234] Total of 1 processors activated (4590.30 BogoMIPS).
[    0.676215] devtmpfs: initialized
[    0.709310] EVM: security.selinux
[    0.709933] EVM: security.SMACK64
[    0.710789] EVM: security.capability
[    0.738031] print_constraints: dummy: 
[    0.740704] RTC time: 18:01:04, date: 12/08/15
[    0.744311] NET: Registered protocol family 16
[    0.752187] ACPI: bus type pci registered
[    0.755315] PCI: Using configuration type 1 for base access
[    0.787036] bio: create slab &lt;bio-0&gt; at 0
[    0.793755] ACPI: Added _OSI(Module Device)
[    0.795000] ACPI: Added _OSI(Processor Device)
[    0.796112] ACPI: Added _OSI(3.0 _SCP Extensions)
[    0.796887] ACPI: Added _OSI(Processor Aggregator Device)
[    0.876054] ACPI: Interpreter enabled
[    0.876312] ACPI: (supports S0 S3 S4 S5)
[    0.881437] ACPI: Using IOAPIC for interrupt routing
[    0.959381] ACPI: No dock devices found.
[    0.960179] HEST: Table not found.
[    0.960730] PCI: Using host bridge windows from ACPI; if necessary, use "pci=nocrs" and report a bug
[    0.966650] ACPI: PCI Root Bridge [PCI0] (domain 0000 [bus 00-ff])
[    0.973692] pci_root PNP0A03:00: host bridge window [io  0x0000-0x0cf7]
[    0.976161] pci_root PNP0A03:00: host bridge window [io  0x0d00-0xadff]
[    0.976957] pci_root PNP0A03:00: host bridge window [io  0xae0f-0xaeff]
[    0.977777] pci_root PNP0A03:00: host bridge window [io  0xaf20-0xafdf]
[    0.978547] pci_root PNP0A03:00: host bridge window [io  0xafe4-0xffff]
[    0.980168] pci_root PNP0A03:00: host bridge window [mem 0x000a0000-0x000bffff]
[    0.981074] pci_root PNP0A03:00: host bridge window [mem 0x04000000-0xfebfffff]
[    1.004643] pci 0000:00:01.3: quirk: [io  0xb000-0xb03f] claimed by PIIX4 ACPI
[    1.006026] pci 0000:00:01.3: quirk: [io  0xb100-0xb10f] claimed by PIIX4 SMB
[    1.076763]  pci0000:00: Unable to request _OSC control (_OSC support mask: 0x1e)
[    1.141162] ACPI: PCI Interrupt Link [LNKA] (IRQs 5 *10 11)
[    1.145509] ACPI: PCI Interrupt Link [LNKB] (IRQs 5 *10 11)
[    1.147637] ACPI: PCI Interrupt Link [LNKC] (IRQs 5 10 *11)
[    1.149273] ACPI: PCI Interrupt Link [LNKD] (IRQs 5 10 *11)
[    1.150775] ACPI: PCI Interrupt Link [LNKS] (IRQs *9)
[    1.158566] vgaarb: device added: PCI:0000:00:02.0,decodes=io+mem,owns=io+mem,locks=none
[    1.160187] vgaarb: loaded
[    1.160574] vgaarb: bridge control possible 0000:00:02.0
[    1.164495] i2c-core: driver [aat2870] using legacy suspend method
[    1.165190] i2c-core: driver [aat2870] using legacy resume method
[    1.169057] SCSI subsystem initialized
[    1.173094] usbcore: registered new interface driver usbfs
[    1.174591] usbcore: registered new interface driver hub
[    1.176720] usbcore: registered new device driver usb
[    1.180726] PCI: Using ACPI for IRQ routing
[    1.192980] NetLabel: Initializing
[    1.193410] NetLabel:  domain hash size = 128
[    1.193904] NetLabel:  protocols = UNLABELED CIPSOv4
[    1.197271] NetLabel:  unlabeled traffic allowed by default
[    1.199331] HPET: 3 timers in total, 0 timers will be used for per-cpu timer
[    1.200422] hpet0: at MMIO 0xfed00000, IRQs 2, 8, 0
[    1.201217] hpet0: 3 comparators, 64-bit 100.000000 MHz counter
[    1.210444] Switching to clocksource hpet
[    1.458220] AppArmor: AppArmor Filesystem Enabled
[    1.459726] pnp: PnP ACPI init
[    1.461210] ACPI: bus type pnp registered
[    1.482697] pnp: PnP ACPI: found 9 devices
[    1.483324] ACPI: ACPI bus type pnp unregistered
[    1.543365] NET: Registered protocol family 2
[    1.582373] IP route cache hash table entries: 512 (order: 0, 4096 bytes)
[    1.589574] TCP established hash table entries: 2048 (order: 3, 32768 bytes)
[    1.592027] TCP bind hash table entries: 2048 (order: 3, 32768 bytes)
[    1.593811] TCP: Hash tables configured (established 2048 bind 2048)
[    1.594706] TCP reno registered
[    1.595990] UDP hash table entries: 128 (order: 0, 4096 bytes)
[    1.597721] UDP-Lite hash table entries: 128 (order: 0, 4096 bytes)
[    1.601460] NET: Registered protocol family 1
[    1.602437] pci 0000:00:00.0: Limiting direct PCI/PCI transfers
[    1.603302] pci 0000:00:01.0: PIIX3: Enabling Passive Release
[    1.604206] pci 0000:00:01.0: Activating ISA DMA hang workarounds
[    1.609771] ACPI: PCI Interrupt Link [LNKD] enabled at IRQ 11
[    1.610728] pci 0000:00:01.2: PCI INT D -&gt; Link[LNKD] -&gt; GSI 11 (level, high) -&gt; IRQ 11
[    1.613457] pci 0000:00:01.2: PCI INT D disabled
[    1.633801] Trying to unpack rootfs image as initramfs...
[    1.658031] audit: initializing netlink socket (disabled)
[    1.659904] type=2000 audit(1449597664.656:1): initialized
[    1.933368] HugeTLB registered 2 MB page size, pre-allocated 0 pages
[    2.063344] VFS: Disk quotas dquot_6.5.2
[    2.065578] Dquot-cache hash table entries: 512 (order 0, 4096 bytes)
[    2.091231] fuse init (API version 7.17)
[    2.094603] msgmni has been set to 84
[    2.139923] Block layer SCSI generic (bsg) driver version 0.4 loaded (major 253)
[    2.143608] io scheduler noop registered
[    2.145525] io scheduler deadline registered (default)
[    2.147611] io scheduler cfq registered
[    2.151760] pci_hotplug: PCI Hot Plug PCI Core version: 0.5
[    2.154339] pciehp: PCI Express Hot Plug Controller Driver version: 0.4
[    2.162106] input: Power Button as /devices/LNXSYSTM:00/LNXPWRBN:00/input/input0
[    2.170031] ACPI: Power Button [PWRF]
[    2.267320] ERST: Table is not found!
[    2.269360] GHES: HEST is not enabled!
[    2.278377] ACPI: PCI Interrupt Link [LNKC] enabled at IRQ 10
[    2.279411] virtio-pci 0000:00:03.0: PCI INT A -&gt; Link[LNKC] -&gt; GSI 10 (level, high) -&gt; IRQ 10
[    2.283094] virtio-pci 0000:00:04.0: PCI INT A -&gt; Link[LNKD] -&gt; GSI 11 (level, high) -&gt; IRQ 11
[    2.303622] ACPI: PCI Interrupt Link [LNKA] enabled at IRQ 10
[    2.304786] virtio-pci 0000:00:05.0: PCI INT A -&gt; Link[LNKA] -&gt; GSI 10 (level, high) -&gt; IRQ 10
[    2.319096] Serial: 8250/16550 driver, 32 ports, IRQ sharing enabled
[    2.370701] serial8250: ttyS0 at I/O 0x3f8 (irq = 4) is a 16550A
[    2.459856] serial8250: ttyS1 at I/O 0x2f8 (irq = 3) is a 16550A
[    2.599065] 00:05: ttyS0 at I/O 0x3f8 (irq = 4) is a 16550A
[    2.617452] Refined TSC clocksource calibration: 2295.271 MHz.
[    2.618434] Switching to clocksource tsc
[    2.688054] 00:06: ttyS1 at I/O 0x2f8 (irq = 3) is a 16550A
[    2.735794] Linux agpgart interface v0.103
[    2.802876] brd: module loaded
[    2.830534] loop: module loaded
[    2.889133]  vda: unknown partition table
[    2.949440] scsi0 : ata_piix
[    2.951942] scsi1 : ata_piix
[    2.954173] ata1: PATA max MWDMA2 cmd 0x1f0 ctl 0x3f6 bmdma 0xc0a0 irq 14
[    2.955790] ata2: PATA max MWDMA2 cmd 0x170 ctl 0x376 bmdma 0xc0a8 irq 15
[    2.966306] Fixed MDIO Bus: probed
[    2.967253] tun: Universal TUN/TAP device driver, 1.6
[    2.967872] tun: (C) 1999-2004 Max Krasnyansky &lt;maxk@qualcomm.com&gt;
[    2.979770] PPP generic driver version 2.4.2
[    3.005730] ehci_hcd: USB 2.0 'Enhanced' Host Controller (EHCI) Driver
[    3.007010] ohci_hcd: USB 1.1 'Open' Host Controller (OHCI) Driver
[    3.007983] uhci_hcd: USB Universal Host Controller Interface driver
[    3.009786] uhci_hcd 0000:00:01.2: PCI INT D -&gt; Link[LNKD] -&gt; GSI 11 (level, high) -&gt; IRQ 11
[    3.013531] uhci_hcd 0000:00:01.2: UHCI Host Controller
[    3.025683] uhci_hcd 0000:00:01.2: new USB bus registered, assigned bus number 1
[    3.027607] uhci_hcd 0000:00:01.2: irq 11, io base 0x0000c040
[    3.061284] hub 1-0:1.0: USB hub found
[    3.062941] hub 1-0:1.0: 2 ports detected
[    3.071896] usbcore: registered new interface driver libusual
[    3.075691] i8042: PNP: PS/2 Controller [PNP0303:KBD,PNP0f13:MOU] at 0x60,0x64 irq 1,12
[    3.083790] serio: i8042 KBD port at 0x60,0x64 irq 1
[    3.086796] serio: i8042 AUX port at 0x60,0x64 irq 12
[    3.136904] mousedev: PS/2 mouse device common for all mice
[    3.148154] input: AT Translated Set 2 keyboard as /devices/platform/i8042/serio0/input/input1
[    3.161532] rtc_cmos 00:01: RTC can wake from S4
[    3.204781] ata2.01: ATAPI: QEMU DVD-ROM, 2.0.0, max UDMA/100
[    3.217896] rtc_cmos 00:01: rtc core: registered rtc_cmos as rtc0
[    3.222017] rtc0: alarms up to one day, 114 bytes nvram, hpet irqs
[    3.227686] device-mapper: uevent: version 1.0.3
[    3.246510] ata2.01: configured for MWDMA2
[    3.276957] device-mapper: ioctl: 4.22.0-ioctl (2011-10-19) initialised: dm-devel@redhat.com
[    3.280500] cpuidle: using governor ladder
[    3.281714] cpuidle: using governor menu
[    3.282262] EFI Variables Facility v0.08 2004-May-17
[    3.290025] TCP cubic registered
[    3.292827] NET: Registered protocol family 10
[    3.315805] NET: Registered protocol family 17
[    3.317433] Registering the dns_resolver key type
[    3.343715] scsi 1:0:1:0: CD-ROM            QEMU     QEMU DVD-ROM     2.0. PQ: 0 ANSI: 5
[    3.378523] sr0: scsi3-mmc drive: 4x/4x cd/rw xa/form2 tray
[    3.379994] cdrom: Uniform CD-ROM driver Revision: 3.20
[    3.406520] sr 1:0:1:0: Attached scsi generic sg0 type 5
[    3.426106] registered taskstats version 1
[    3.492591] Freeing initrd memory: 3656k freed
[    4.024467]   Magic number: 11:508:38
[    4.033622] bdi 7:3: hash matches
[    4.040617] rtc_cmos 00:01: setting system clock to 2015-12-08 18:01:07 UTC (1449597667)
[    4.042573] powernow-k8: Processor cpuid 663 not supported
[    4.050976] BIOS EDD facility v0.16 2004-Jun-25, 0 devices found
[    4.052964] EDD information not available.
[    4.126748] Freeing unused kernel memory: 928k freed
[    4.132186] Write protecting the kernel read-only data: 12288k
[    4.221407] Freeing unused kernel memory: 1596k freed
[    4.285655] Freeing unused kernel memory: 1184k freed

info: initramfs: up at 4.46
modprobe: module virtio_blk not found in modules.dep
modprobe: module virtio_net not found in modules.dep
info: copying initramfs to /dev/vda
info: initramfs loading root from /dev/vda
info: /etc/init.d/rc.sysinit: up at 8.96
info: container: none
Starting logging: OK
modprobe: module virtio_blk not found in modules.dep
modprobe: module virtio_net not found in modules.dep
WARN: /etc/rc3.d/S10-load-modules failed
Initializing random number generator... done.
Starting acpid: OK
cirros-ds 'local' up at 11.47
found datasource (configdrive, local)
Starting network...
udhcpc (v1.20.1) started
Sending discover...
Sending discover...
Sending discover...
Usage: /sbin/cirros-dhcpc &lt;up|down&gt;
No lease, failing
WARN: /etc/rc3.d/S40-network failed
Starting dropbear sshd: generating rsa key... generating dsa key... OK
no userdata for datasource
=== system information ===
Platform: OpenStack Foundation OpenStack Nova
Container: none
Arch: x86_64
CPU(s): 1 @ 2295.152 MHz
Cores/Sockets/Threads: 1/1/1
Virt-type: AMD-V
RAM Size: 49MB
Disks:
NAME MAJ:MIN     SIZE LABEL         MOUNTPOINT
vda  253:0   25165824 cirros-rootfs /
sr0   11:0     428032 config-2      
=== sshd host keys ===
-----BEGIN SSH HOST KEY KEYS-----
ssh-rsa AAAAB3NzaC1yc2EAAAADAQABAAAAgwCSPd4o0XeIwbnrr11mAgka7LYDmKV8lfcsiyRgUwd5YnEXyz327ccCLp+npQAuwV/YEz0/ewTWYA4w02n0LADdyCM1Qr4TRii6qCn+1RlhPail6Zrq8XcIU+XnEL8pcGms84Vcqs07p8rNoMQ6xrdvQelMS4lZ9egCwXmHDH0i451T root@tempest
ssh-dss AAAAB3NzaC1kc3MAAACBAKZBZcbKqwpqUtyKFZb43Vuq31/TyM/g22TbiLPHfvWFqByCRigTLiyalPvhoNSMF6zrYP7V5trRnLYcGO3gPc8PF4GNkeSU/LZ3CcFrxY8Yn2j5OdhGBagWqu9T3XiXEWmN6gbA5ew+aDIvvtet9AzUZU9QcwFGa2tUBNLNMgZ9AAAAFQDZy3kDGaPHcKzd75NP4WE2LqR2MwAAAIBm8yVbxtiO2Fp1kBVChK2Rnh4YBK5ZJxySkFfc3VV1QCmjPHWUwBqGkjNNL4hlFL8RxpwdQzNCwZRzoqJQesH8noXcgwVnMsc1Qp+UDt9nG+wEA1Uda0cs+yrVKV7pmFuvjI159T082cRUuC/oHhyUxasBh7uaPDjN4Sk7fZyTZQAAAIEAixozBfldcPjXQ9rg3JT5gi447mdb2eHDQxO36sjErdMRHHjtowQQw4o0R4hqEtJ8TtPKyJvc5LnB51DVmc0PkcFsR43Ozp+F+wOFcBoQX79OUpL1wLNWl1bkk9a3BRGCQo66l66yCF51xlMYMXlcwPHTPQ7FUzWqFJw18TF7k3s= root@tempest
-----END SSH HOST KEY KEYS-----
=== network info ===
if-info: lo,up,127.0.0.1,8,::1
if-info: eth0,up,,8,fe80::f816:3eff:fec1:b7d3
=== datasource: configdrive local ===
instance-id: a40fe1bc-90b8-434a-9cc7-e436e037939d
name: tempest.common.compute-instance-1947368828
availability-zone: nova
local-hostname: tempest.common.compute-instance-1947368828.novalocal
launch-index: 0
=== cirros: current=0.3.4 uptime=201.03 ===
route: fscanf
=== pinging gateway failed, debugging connection ===
############ debug start ##############
### /etc/init.d/sshd start
Starting dropbear sshd: OK
route: fscanf
### ifconfig -a
eth0      Link encap:Ethernet  HWaddr FA:16:3E:C1:B7:D3  
          inet6 addr: fe80::f816:3eff:fec1:b7d3/64 Scope:Link
          UP BROADCAST RUNNING MULTICAST  MTU:1500  Metric:1
          RX packets:12 errors:0 dropped:5 overruns:0 frame:0
          TX packets:8 errors:0 dropped:0 overruns:0 carrier:0
          collisions:0 txqueuelen:1000 
          RX bytes:1303 (1.2 KiB)  TX bytes:1134 (1.1 KiB)

lo        Link encap:Local Loopback  
          inet addr:127.0.0.1  Mask:255.0.0.0
          inet6 addr: ::1/128 Scope:Host
          UP LOOPBACK RUNNING  MTU:16436  Metric:1
          RX packets:12 errors:0 dropped:0 overruns:0 frame:0
          TX packets:12 errors:0 dropped:0 overruns:0 carrier:0
          collisions:0 txqueuelen:0 
          RX bytes:1020 (1020.0 B)  TX bytes:1020 (1020.0 B)

### route -n
Kernel IP routing table
Destination     Gateway         Genmask         Flags Metric Ref    Use Iface
route: fscanf
### cat /etc/resolv.conf
cat: can't open '/etc/resolv.conf': No such file or directory
### gateway not found
/sbin/cirros-status: line 1: can't open /etc/resolv.conf: no such file
### pinging nameservers
### uname -a
Linux tempest 3.2.0-80-virtual #116-Ubuntu SMP Mon Mar 23 17:28:52 UTC 2015 x86_64 GNU/Linux
### lsmod
Module                  Size  Used by    Not tainted
nls_iso8859_1          12713  0 
nls_cp437              16991  0 
vfat                   17585  0 
fat                    61512  1 vfat
isofs                  40259  0 
ip_tables              27473  0 
x_tables               29891  1 ip_tables
pcnet32                42119  0 
8139cp                 27360  0 
ne2k_pci               13691  0 
8390                   18856  1 ne2k_pci
e1000                 108589  0 
acpiphp                24231  0 
### dmesg | tail
[    5.248704] EXT3-fs (vda): mounted filesystem with ordered data mode
[    5.529706] ISO 9660 Extensions: Microsoft Joliet Level 3
[    5.606328] ISO 9660 Extensions: RRIP_1991A
[    5.868157] kjournald starting.  Commit interval 5 seconds
[    5.885719] EXT3-fs (vda): using internal journal
[    5.885897] EXT3-fs (vda): mounted filesystem with ordered data mode
[    9.006416] EXT3-fs (vda): using internal journal
[   12.279334] ISO 9660 Extensions: Microsoft Joliet Level 3
[   12.367944] ISO 9660 Extensions: RRIP_1991A
[   27.258441] eth0: no IPv6 routers present
### tail -n 25 /var/log/messages
Dec  8 18:01:13 cirros kern.info kernel: [    4.733213] acpiphp: Slot [17] registered
Dec  8 18:01:13 cirros kern.info kernel: [    4.733559] acpiphp: Slot [18] registered
Dec  8 18:01:13 cirros kern.info kernel: [    4.733901] acpiphp: Slot [19] registered
Dec  8 18:01:13 cirros kern.info kernel: [    4.734248] acpiphp: Slot [20] registered
Dec  8 18:01:13 cirros kern.info kernel: [    4.734593] acpiphp: Slot [21] registered
Dec  8 18:01:13 cirros kern.info kernel: [    4.734961] acpiphp: Slot [22] registered
Dec  8 18:01:13 cirros kern.info kernel: [    4.735328] acpiphp: Slot [23] registered
Dec  8 18:01:13 cirros kern.info kernel: [    4.735677] acpiphp: Slot [24] registered
Dec  8 18:01:13 cirros kern.info kernel: [    4.736044] acpiphp: Slot [25] registered
Dec  8 18:01:13 cirros kern.info kernel: [    4.737371] acpiphp: Slot [26] registered
Dec  8 18:01:13 cirros kern.info kernel: [    4.737796] acpiphp: Slot [27] registered
Dec  8 18:01:13 cirros kern.info kernel: [    4.738125] acpiphp: Slot [28] registered
Dec  8 18:01:13 cirros kern.info kernel: [    4.738478] acpiphp: Slot [29] registered
Dec  8 18:01:13 cirros kern.info kernel: [    5.248704] EXT3-fs (vda): mounted filesystem with ordered data mode
Dec  8 18:01:13 cirros kern.debug kernel: [    5.529706] ISO 9660 Extensions: Microsoft Joliet Level 3
Dec  8 18:01:13 cirros kern.debug kernel: [    5.606328] ISO 9660 Extensions: RRIP_1991A
Dec  8 18:01:13 cirros kern.info kernel: [    5.868157] kjournald starting.  Commit interval 5 seconds
Dec  8 18:01:13 cirros kern.info kernel: [    5.885719] EXT3-fs (vda): using internal journal
Dec  8 18:01:13 cirros kern.info kernel: [    5.885897] EXT3-fs (vda): mounted filesystem with ordered data mode
Dec  8 18:01:13 cirros kern.info kernel: [    9.006416] EXT3-fs (vda): using internal journal
Dec  8 18:01:15 cirros kern.debug kernel: [   12.279334] ISO 9660 Extensions: Microsoft Joliet Level 3
Dec  8 18:01:15 cirros kern.debug kernel: [   12.367944] ISO 9660 Extensions: RRIP_1991A
Dec  8 18:01:18 cirros auth.notice su: + /dev/console root:cirros
Dec  8 18:01:30 cirros kern.debug kernel: [   27.258441] eth0: no IPv6 routers present
Dec  8 18:04:22 cirros authpriv.info dropbear[283]: Running in background
############ debug end   ##############
  ____               ____  ____
 / __/ __ ____ ____ / __ \/ __/
/ /__ / // __// __// /_/ /\ \ 
\___//_//_/  /_/   \____/___/ 
   http://cirros-cloud.net


login as 'cirros' user. default password: 'cubswin:)'. use 'sudo' for root.
tempest login: 
2015-12-08 18:04:35,267 20534 INFO     [tempest_lib.common.rest_client] Request (TestGettingAddress:_run_cleanups): 204 DELETE http://10.0.2.15:9696/v2.0/floatingips/88e035e5-3340-4e29-8044-8b77d0478f8a 0.262s
2015-12-08 18:04:35,267 20534 DEBUG    [tempest_lib.common.rest_client] Request - Headers: {'Content-Type': 'application/json', 'Accept': 'application/json', 'X-Auth-Token': '&lt;omitted&gt;'}
        Body: None
    Response - Headers: {'date': 'Tue, 08 Dec 2015 18:04:35 GMT', 'status': '204', 'connection': 'close', 'content-length': '0', 'x-openstack-request-id': 'req-987b09c5-351b-485b-82a1-499d37093848'}
        Body: 
2015-12-08 18:04:35,485 20534 INFO     [tempest_lib.common.rest_client] Request (TestGettingAddress:_run_cleanups): 204 DELETE http://10.0.2.15:8774/v2.1/67a5e3be100d4ac296068209105ba666/servers/a40fe1bc-90b8-434a-9cc7-e436e037939d 0.217s
2015-12-08 18:04:35,485 20534 DEBUG    [tempest_lib.common.rest_client] Request - Headers: {'Content-Type': 'application/json', 'Accept': 'application/json', 'X-Auth-Token': '&lt;omitted&gt;'}
        Body: None
    Response - Headers: {'status': '204', 'content-length': '0', 'x-compute-request-id': 'req-f3872a24-f2fa-4fb3-aa40-66f24b0f920f', 'vary': 'X-OpenStack-Nova-API-Version', 'connection': 'close', 'x-openstack-nova-api-version': '2.1', 'date': 'Tue, 08 Dec 2015 18:04:35 GMT', 'content-type': 'application/json'}
        Body: 
2015-12-08 18:04:35,753 20534 INFO     [tempest_lib.common.rest_client] Request (TestGettingAddress:_run_cleanups): 200 GET http://10.0.2.15:8774/v2.1/67a5e3be100d4ac296068209105ba666/servers/a40fe1bc-90b8-434a-9cc7-e436e037939d 0.267s
2015-12-08 18:04:35,754 20534 DEBUG    [tempest_lib.common.rest_client] Request - Headers: {'Content-Type': 'application/json', 'Accept': 'application/json', 'X-Auth-Token': '&lt;omitted&gt;'}
        Body: None
    Response - Headers: {'status': '200', 'content-length': '1904', 'content-location': 'http://10.0.2.15:8774/v2.1/67a5e3be100d4ac296068209105ba666/servers/a40fe1bc-90b8-434a-9cc7-e436e037939d', 'x-compute-request-id': 'req-193b7c40-47b8-4abe-8441-c0336a2bda61', 'vary': 'X-OpenStack-Nova-API-Version', 'connection': 'close', 'x-openstack-nova-api-version': '2.1', 'date': 'Tue, 08 Dec 2015 18:04:35 GMT', 'content-type': 'application/json'}
        Body: {"server": {"status": "ACTIVE", "updated": "2015-12-08T18:04:35Z", "hostId": "8bfa415254dd5f471e98a7f5f50ba20ac4c535df151f1786efef6b1b", "addresses": {"tempest-network-smoke--264348263": [{"OS-EXT-IPS-MAC:mac_addr": "fa:16:3e:c1:b7:d3", "version": 6, "addr": "2003::f816:3eff:fec1:b7d3", "OS-EXT-IPS:type": "fixed"}, {"OS-EXT-IPS-MAC:mac_addr": "fa:16:3e:c1:b7:d3", "version": 4, "addr": "10.100.0.3", "OS-EXT-IPS:type": "fixed"}, {"OS-EXT-IPS-MAC:mac_addr": "fa:16:3e:c1:b7:d3", "version": 4, "addr": "172.24.4.4", "OS-EXT-IPS:type": "floating"}]}, "links": [{"href": "http://10.0.2.15:8774/v2.1/67a5e3be100d4ac296068209105ba666/servers/a40fe1bc-90b8-434a-9cc7-e436e037939d", "rel": "self"}, {"href": "http://10.0.2.15:8774/67a5e3be100d4ac296068209105ba666/servers/a40fe1bc-90b8-434a-9cc7-e436e037939d", "rel": "bookmark"}], "key_name": "tempest-TestGettingAddress-1963982627", "image": {"id": "decf4f11-9900-4395-8725-a8aa79741454", "links": [{"href": "http://10.0.2.15:8774/67a5e3be100d4ac296068209105ba666/images/decf4f11-9900-4395-8725-a8aa79741454", "rel": "bookmark"}]}, "OS-EXT-STS:task_state": "deleting", "OS-EXT-STS:vm_state": "active", "OS-SRV-USG:launched_at": "2015-12-08T18:01:01.000000", "flavor": {"id": "42", "links": [{"href": "http://10.0.2.15:8774/67a5e3be100d4ac296068209105ba666/flavors/42", "rel": "bookmark"}]}, "id": "a40fe1bc-90b8-434a-9cc7-e436e037939d", "security_groups": [{"name": "tempest-secgroup-smoke-1937761826"}], "OS-SRV-USG:terminated_at": null, "OS-EXT-AZ:availability_zone": "nova", "user_id": "315afbc57dce4c1fb2dc4fdcc012e597", "name": "tempest.common.compute-instance-1947368828", "created": "2015-12-08T18:00:57Z", "tenant_id": "67a5e3be100d4ac296068209105ba666", "OS-DCF:diskConfig": "MANUAL", "os-extended-volumes:volumes_attached": [], "accessIPv4": "", "accessIPv6": "", "progress": 0, "OS-EXT-STS:power_state": 1, "config_drive": "True", "metadata": {}}}
2015-12-08 18:04:36,939 20534 INFO     [tempest_lib.common.rest_client] Request (TestGettingAddress:_run_cleanups): 200 GET http://10.0.2.15:8774/v2.1/67a5e3be100d4ac296068209105ba666/servers/a40fe1bc-90b8-434a-9cc7-e436e037939d 0.174s
2015-12-08 18:04:36,940 20534 DEBUG    [tempest_lib.common.rest_client] Request - Headers: {'Content-Type': 'application/json', 'Accept': 'application/json', 'X-Auth-Token': '&lt;omitted&gt;'}
        Body: None
    Response - Headers: {'status': '200', 'content-length': '1836', 'content-location': 'http://10.0.2.15:8774/v2.1/67a5e3be100d4ac296068209105ba666/servers/a40fe1bc-90b8-434a-9cc7-e436e037939d', 'x-compute-request-id': 'req-c57ad4e9-0bc8-4bca-ab18-e99040989e2f', 'vary': 'X-OpenStack-Nova-API-Version', 'connection': 'close', 'x-openstack-nova-api-version': '2.1', 'date': 'Tue, 08 Dec 2015 18:04:36 GMT', 'content-type': 'application/json'}
        Body: {"server": {"status": "ACTIVE", "updated": "2015-12-08T18:04:36Z", "hostId": "8bfa415254dd5f471e98a7f5f50ba20ac4c535df151f1786efef6b1b", "addresses": {"tempest-network-smoke--264348263": [{"OS-EXT-IPS-MAC:mac_addr": "fa:16:3e:c1:b7:d3", "version": 6, "addr": "2003::f816:3eff:fec1:b7d3", "OS-EXT-IPS:type": "fixed"}, {"OS-EXT-IPS-MAC:mac_addr": "fa:16:3e:c1:b7:d3", "version": 4, "addr": "10.100.0.3", "OS-EXT-IPS:type": "fixed"}, {"OS-EXT-IPS-MAC:mac_addr": "fa:16:3e:c1:b7:d3", "version": 4, "addr": "172.24.4.4", "OS-EXT-IPS:type": "floating"}]}, "links": [{"href": "http://10.0.2.15:8774/v2.1/67a5e3be100d4ac296068209105ba666/servers/a40fe1bc-90b8-434a-9cc7-e436e037939d", "rel": "self"}, {"href": "http://10.0.2.15:8774/67a5e3be100d4ac296068209105ba666/servers/a40fe1bc-90b8-434a-9cc7-e436e037939d", "rel": "bookmark"}], "key_name": "tempest-TestGettingAddress-1963982627", "image": {"id": "decf4f11-9900-4395-8725-a8aa79741454", "links": [{"href": "http://10.0.2.15:8774/67a5e3be100d4ac296068209105ba666/images/decf4f11-9900-4395-8725-a8aa79741454", "rel": "bookmark"}]}, "OS-EXT-STS:task_state": "deleting", "OS-EXT-STS:vm_state": "active", "OS-SRV-USG:launched_at": "2015-12-08T18:01:01.000000", "flavor": {"id": "42", "links": [{"href": "http://10.0.2.15:8774/67a5e3be100d4ac296068209105ba666/flavors/42", "rel": "bookmark"}]}, "id": "a40fe1bc-90b8-434a-9cc7-e436e037939d", "OS-SRV-USG:terminated_at": null, "OS-EXT-AZ:availability_zone": "nova", "user_id": "315afbc57dce4c1fb2dc4fdcc012e597", "name": "tempest.common.compute-instance-1947368828", "created": "2015-12-08T18:00:57Z", "tenant_id": "67a5e3be100d4ac296068209105ba666", "OS-DCF:diskConfig": "MANUAL", "os-extended-volumes:volumes_attached": [], "accessIPv4": "", "accessIPv6": "", "progress": 0, "OS-EXT-STS:power_state": 1, "config_drive": "True", "metadata": {}}}
2015-12-08 18:04:38,042 20534 INFO     [tempest_lib.common.rest_client] Request (TestGettingAddress:_run_cleanups): 404 GET http://10.0.2.15:8774/v2.1/67a5e3be100d4ac296068209105ba666/servers/a40fe1bc-90b8-434a-9cc7-e436e037939d 0.081s
2015-12-08 18:04:38,043 20534 DEBUG    [tempest_lib.common.rest_client] Request - Headers: {'Content-Type': 'application/json', 'Accept': 'application/json', 'X-Auth-Token': '&lt;omitted&gt;'}
        Body: None
    Response - Headers: {'status': '404', 'content-length': '111', 'x-compute-request-id': 'req-f3ee7e81-f6c5-462d-aed7-11dc6f8899bd', 'vary': 'X-OpenStack-Nova-API-Version', 'connection': 'close', 'x-openstack-nova-api-version': '2.1', 'date': 'Tue, 08 Dec 2015 18:04:38 GMT', 'content-type': 'application/json; charset=UTF-8'}
        Body: {"itemNotFound": {"message": "Instance a40fe1bc-90b8-434a-9cc7-e436e037939d could not be found.", "code": 404}}
2015-12-08 18:04:38,466 20534 INFO     [tempest_lib.common.rest_client] Request (TestGettingAddress:_run_cleanups): 200 PUT http://10.0.2.15:9696/v2.0/routers/56eccfa5-6fa6-4343-82a1-cce85567bf8b/remove_router_interface 0.422s
2015-12-08 18:04:38,467 20534 DEBUG    [tempest_lib.common.rest_client] Request - Headers: {'Content-Type': 'application/json', 'Accept': 'application/json', 'X-Auth-Token': '&lt;omitted&gt;'}
        Body: {"subnet_id": "20ae26eb-905a-4159-be92-24185b825b70"}
    Response - Headers: {'status': '200', 'content-length': '255', 'connection': 'close', 'date': 'Tue, 08 Dec 2015 18:04:38 GMT', 'content-type': 'application/json; charset=UTF-8', 'x-openstack-request-id': 'req-8668e231-5a09-4e64-b64f-65ab9c5995ad'}
        Body: {"subnet_id": "20ae26eb-905a-4159-be92-24185b825b70", "tenant_id": "67a5e3be100d4ac296068209105ba666", "subnet_ids": ["20ae26eb-905a-4159-be92-24185b825b70"], "port_id": "7973b1df-a472-4725-83a8-0df99c9041ec", "id": "56eccfa5-6fa6-4343-82a1-cce85567bf8b"}
2015-12-08 18:04:39,045 20534 INFO     [tempest_lib.common.rest_client] Request (TestGettingAddress:_run_cleanups): 204 DELETE http://10.0.2.15:9696/v2.0/subnets/20ae26eb-905a-4159-be92-24185b825b70 0.576s
2015-12-08 18:04:39,045 20534 DEBUG    [tempest_lib.common.rest_client] Request - Headers: {'Content-Type': 'application/json', 'Accept': 'application/json', 'X-Auth-Token': '&lt;omitted&gt;'}
        Body: None
    Response - Headers: {'date': 'Tue, 08 Dec 2015 18:04:39 GMT', 'status': '204', 'connection': 'close', 'content-length': '0', 'x-openstack-request-id': 'req-6933528b-b208-4d31-b834-a69210e05ad7'}
        Body: 
2015-12-08 18:04:39,087 20534 INFO     [tempest_lib.common.rest_client] Request (TestGettingAddress:_run_cleanups): 404 DELETE http://10.0.2.15:9696/v2.0/subnets/20ae26eb-905a-4159-be92-24185b825b70 0.041s
2015-12-08 18:04:39,087 20534 DEBUG    [tempest_lib.common.rest_client] Request - Headers: {'Content-Type': 'application/json', 'Accept': 'application/json', 'X-Auth-Token': '&lt;omitted&gt;'}
        Body: None
    Response - Headers: {'status': '404', 'content-length': '136', 'connection': 'close', 'date': 'Tue, 08 Dec 2015 18:04:39 GMT', 'content-type': 'application/json; charset=UTF-8', 'x-openstack-request-id': 'req-310731f9-7f2b-43dd-93ba-44dc120d4710'}
        Body: {"NeutronError": {"message": "Subnet 20ae26eb-905a-4159-be92-24185b825b70 could not be found.", "type": "SubnetNotFound", "detail": ""}}
