<?xml version="1.0" encoding="UTF-8"?>
<!DOCTYPE html PUBLIC "-//W3C//DTD XHTML 1.0 Strict//EN"
     "http://www.w3.org/TR/xhtml1/DTD/xhtml1-strict.dtd">
<html xmlns="http://www.w3.org/1999/xhtml">
<head>
    <title>Unit Test Report</title>
    <meta name="generator" content="subunit2html 0.1"/>
    <meta http-equiv="Content-Type" content="text/html; charset=UTF-8"/>
    
<style type="text/css" media="screen">
body        { font-family: verdana, arial, helvetica, sans-serif;
    font-size: 80%; }
table       { font-size: 100%; width: 100%;}
pre         { font-size: 80%; }

/* -- heading -------------------------------------------------------------- */
h1 {
        font-size: 16pt;
        color: gray;
}
.heading {
    margin-top: 0ex;
    margin-bottom: 1ex;
}

.heading .attribute {
    margin-top: 1ex;
    margin-bottom: 0;
}

.heading .description {
    margin-top: 4ex;
    margin-bottom: 6ex;
}

/* -- css div popup -------------------------------------------------------- */
a.popup_link {
}

a.popup_link:hover {
    color: red;
}

.popup_window {
    display: none;
    overflow-x: scroll;
    /*border: solid #627173 1px; */
    padding: 10px;
    background-color: #E6E6D6;
    font-family: "Ubuntu Mono", "Lucida Console", "Courier New", monospace;
    text-align: left;
    font-size: 8pt;
}

}
/* -- report --------------------------------------------------------------- */
#show_detail_line {
    margin-top: 3ex;
    margin-bottom: 1ex;
}
#result_table {
    width: 100%;
    border-collapse: collapse;
    border: 1px solid #777;
}
#header_row {
    font-weight: bold;
    color: white;
    background-color: #777;
}
#result_table td {
    border: 1px solid #777;
    padding: 2px;
}
#total_row  { font-weight: bold; }
.passClass  { background-color: #6c6; }
.failClass  { background-color: #c60; }
.errorClass { background-color: #c00; }
.passCase   { color: #6c6; }
.failCase   { color: #c60; font-weight: bold; }
.errorCase  { color: #c00; font-weight: bold; }
.hiddenRow  { display: none; }
.testcase   { margin-left: 2em; }
td.testname {width: 40%}
td.small {width: 40px}

/* -- ending --------------------------------------------------------------- */
#ending {
}

</style>

</head>
<body>
<script language="javascript" type="text/javascript"><!--
output_list = Array();

/* level - 0:Summary; 1:Failed; 2:All */
function showCase(level) {
    trs = document.getElementsByTagName("tr");
    for (var i = 0; i < trs.length; i++) {
        tr = trs[i];
        id = tr.id;
        if (id.substr(0,2) == 'ft') {
            if (level < 1) {
                tr.className = 'hiddenRow';
            }
            else {
                tr.className = '';
            }
        }
        if (id.substr(0,2) == 'pt') {
            if (level > 1) {
                tr.className = '';
            }
            else {
                tr.className = 'hiddenRow';
            }
        }
    }
}


function showClassDetail(cid, count) {
    var id_list = Array(count);
    var toHide = 1;
    for (var i = 0; i < count; i++) {
        tid0 = 't' + cid.substr(1) + '.' + (i+1);
        tid = 'f' + tid0;
        tr = document.getElementById(tid);
        if (!tr) {
            tid = 'p' + tid0;
            tr = document.getElementById(tid);
        }
        id_list[i] = tid;
        if (tr.className) {
            toHide = 0;
        }
    }
    for (var i = 0; i < count; i++) {
        tid = id_list[i];
        if (toHide) {
            document.getElementById('div_'+tid).style.display = 'none'
            document.getElementById(tid).className = 'hiddenRow';
        }
        else {
            document.getElementById(tid).className = '';
        }
    }
}


function showTestDetail(div_id){
    var details_div = document.getElementById(div_id)
    var displayState = details_div.style.display
    // alert(displayState)
    if (displayState != 'block' ) {
        displayState = 'block'
        details_div.style.display = 'block'
    }
    else {
        details_div.style.display = 'none'
    }
}


function html_escape(s) {
    s = s.replace(/&/g,'&amp;');
    s = s.replace(/</g,'&lt;');
    s = s.replace(/>/g,'&gt;');
    return s;
}

/* obsoleted by detail in <div>
function showOutput(id, name) {
    var w = window.open("", //url
                    name,
                    "resizable,scrollbars,status,width=800,height=450");
    d = w.document;
    d.write("<pre>");
    d.write(html_escape(output_list[id]));
    d.write("\n");
    d.write("<a href='javascript:window.close()'>close</a>\n");
    d.write("</pre>\n");
    d.close();
}
*/
--></script>

<div class='heading'>
<h1>Unit Test Report</h1>

<p class='attribute'><strong>Status:</strong> Pass 2 Failure 6</p>

<p class='description'></p>
</div>



<p id='show_detail_line'>Show
<a href='javascript:showCase(0)'>Summary</a>
<a href='javascript:showCase(1)'>Failed</a>
<a href='javascript:showCase(2)'>All</a>
</p>
<table id='result_table'>
<colgroup>
<col align='left' />
<col align='right' />
<col align='right' />
<col align='right' />
<col align='right' />
<col align='right' />
<col align='right' />
<col align='right' />
</colgroup>
<tr id='header_row'>
    <td>Test Group/Test case</td>
    <td>Count</td>
    <td>Pass</td>
    <td>Fail</td>
    <td>Error</td>
    <td>Skip</td>
    <td>View</td>
    <td> </td>
</tr>

<tr class='failClass'>
    <td class="testname">tempest.scenario.test_network_v6.TestGettingAddress</td>
    <td class="small">8</td>
    <td class="small">2</td>
    <td class="small">6</td>
    <td class="small">0</td>
    <td class="small">0</td>
    <td class="small"><a href="javascript:showClassDetail('c1',8)"
>Detail</a></td>
    <td> </td>
</tr>

<tr id='ft1.1' class='none'>
    <td class='failCase'><div class='testcase'>test_dhcp6_stateless_from_os[compute,id-d7e1f858-187c-45a6-89c9-bdafde619a9f,network]</div></td>
    <td colspan='7' align='left'>

    <!--css div popup start-->
    <a class="popup_link" onfocus='this.blur();'
    href="javascript:showTestDetail('div_ft1.1')" >
        fail</a>

    <div id='div_ft1.1' class="popup_window">
        <div style='text-align: right; color:red;cursor:pointer'>
        <a onfocus='this.blur();'
onclick="document.getElementById('div_ft1.1').style.display = 'none' " >
           [x]</a>
        </div>
        <pre>
        
ft1.1: tempest.scenario.test_network_v6.TestGettingAddress.test_dhcp6_stateless_from_os[compute,id-d7e1f858-187c-45a6-89c9-bdafde619a9f,network]_StringException: Empty attachments:
  stderr
  stdout

pythonlogging:'': {{{
2015-12-06 10:55:20,316 27349 INFO     [tempest_lib.common.rest_client] Request (TestGettingAddress:setUp): 200 POST http://10.0.2.15:8774/v2.1/7f0afc3befee48459737f5e38de24ddb/os-keypairs 0.340s
2015-12-06 10:55:20,316 27349 DEBUG    [tempest_lib.common.rest_client] Request - Headers: {'Content-Type': 'application/json', 'Accept': 'application/json', 'X-Auth-Token': '&lt;omitted&gt;'}
        Body: {"keypair": {"name": "tempest-TestGettingAddress-1864536789"}}
    Response - Headers: {'status': '200', 'content-length': '2324', 'x-compute-request-id': 'req-85986a90-2b69-429b-99aa-16431d82abe3', 'vary': 'X-OpenStack-Nova-API-Version', 'connection': 'close', 'x-openstack-nova-api-version': '2.1', 'date': 'Sun, 06 Dec 2015 10:55:20 GMT', 'content-type': 'application/json'}
        Body: {"keypair": {"public_key": "ssh-rsa AAAAB3NzaC1yc2EAAAADAQABAAABAQDo4nOJ87plkCS9m/mjbQL5Ad4Hs2RdJ2UilUt0cY99HilucM+i09oxUjGbnPAAsU/wrtb2kZuNwfCI5MNDvY+9HwJUH8r5lSVpNSnBTerHt12IBblAcEfGkruOj1aApep67VKDgyzN8/RxlMGTox9bwEJyva7K2B8NqQM6wU1Ga0vSzPZU9hcrYewWhcavcOkpqHC/FWCSY2EPD/S0BKQPxSigIRrv65J4nfkxo7HJtj0FNCnh7hIAwY8XXMn+ZFKZLPwtp2azMG823aPp2iNMg9YiVqMTy6A/4zYVrVlAhbJ7l5SUybBCykv3Y7d8BLVl2KwMY8ZBppxM1M43sb8J Generated-by-Nova", "private_key": "-----BEGIN RSA PRIVATE KEY-----\nMIIEqwIBAAKCAQEA6OJzifO6ZZAkvZv5o20C+QHeB7NkXSdlIpVLdHGPfR4pbnDP\notPaMVIxm5zwALFP8K7W9pGbjcHwiOTDQ72PvR8CVB/K+ZUlaTUpwU3qx7ddiAW5\nQHBHxpK7jo9WgKXqeu1Sg4MszfP0cZTBk6MfW8BCcr2uytgfDakDOsFNRmtL0sz2\nVPYXK2HsFoXGr3DpKahwvxVgkmNhDw/0tASkD8UooCEa7+uSeJ35MaOxybY9BTQp\n4e4SAMGPF1zJ/mRSmSz8LadmszBvNt2j6dojTIPWIlajE8ugP+M2Fa1ZQIWye5eU\nlMmwQspL92O3fAS1ZdisDGPGQaacTNTON7G/CQIDAQABAoIBAQC8EWwW4uILdO2G\nxfhC1x0IdE6Wz3NkmxTcac6GmdKzyvDQhH/Z0dYp8GOpdIKJPKf/CWMFui7xusYB\n9yQNh38Vzn3167rh9WVB4jH3LnJEmLsKxvyEomgEX6jhhrXnrJWAcjkphXxgUft8\n4hG1pY0Ebm369V275+6j/HJkN4itLRxWbqXNNyNhv55iDt/WoZHN6LcSo9zuNae4\nIzcLxlgov5VNinf4SGKgHhOjrol3sGT4Di9hrhNOhsPWGOOPAUfDkFfwgrTWp+Rw\n1Wt/J6NRlsWShwzup2WEt8TfL9AdtnTgCHFg50r/iJi4PsxPN5JJgwYE2sx31pwI\nQ+bHaypFAoIAgQDqId0f2F2HK5/rML2sJfd+KdGb7C4CIagVvN/3JRxVXJ792FqG\n6Vne/cpKCHp5DiTIIQ8A32SIQZ9Y2lDpWVjuhr0DWEC1c0YyIXMo89ZljZJFavYp\nVkDP2q5B9OJl8R8fmg6R+aBGWyNS+9DvHdw8tCWNupTEGfikw8SgNRMhTwKCAIEA\n/qLBN6Ybj5zV7TZhQRrl0ZD8gw1Uo7sC2A43wMVyrQk4c2rhrre1kq6pd7+3uYg5\nR3WoKg9pRm55y1X6UN/DFBA7LtqzDFCTNdHbloFPlCkqGE0/1APwV7EC7lagKlfo\nABCi/iPMxT0Uv3Jr7wyrTlJCODGFthbttITXPiealCcCggCBAJaOhiI3QRVt0R0t\nL5rmozrm61onywIl4G9yEFdd7tVZhQfZO4VrwxXo/08SGqeDl9V1pK879+rCwBQj\n90nG4bAoxpzDAIFuCiKsbeBUxHZzTi8DdB3q0CyZA9t3/KnvHsN0jpACBLWZX6K6\nOYW6HuiOM2PrKkTcKo7RMLyQxKdzAoIAgQCpzHI336aFT7o/4oFb3sndw2b/JQaJ\n4Az3chOvknrz9DAWlvFDhvGnjJ0pY0jqiXJYupaW5Yv4EXdaJk0zXONDH8e3aNL4\npUplGzno1PXyALk3V1v2z2GXuEwSDuXjFpd4Y5+tBMZpyF9rgquCztn08lmCC1P0\nprmAJQ07P0GPBQKCAIEA3K7o0B5gaz/eDWNKo0H4NXVCEVjsfe2kFPYBEj94vhkn\n8Yh1hjLTvaNinJWIUrJoU6iMnHfd+NewHZltWHG1vZ8rdit5RGNw2df/GFHhPox9\nubMSdLF7Mul4226OH2Q5dIX2l3r3HARQVJ4H50zhd3Fchq2tXcnzAGH6n5H0P3Y=\n-----END RSA PRIVATE KEY-----\n", "user_id": "6c06b7f71ec84217844fb378dc336cbe", "name": "tempest-TestGettingAddress-1864536789", "fingerprint": "5f:e8:8b:a9:b5:b3:fe:58:46:b6:a5:39:6e:f2:88:ea"}}
2015-12-06 10:55:20,657 27349 INFO     [tempest_lib.common.rest_client] Request (TestGettingAddress:setUp): 201 POST http://10.0.2.15:9696/v2.0/security-groups 0.336s
2015-12-06 10:55:20,658 27349 DEBUG    [tempest_lib.common.rest_client] Request - Headers: {'Content-Type': 'application/json', 'Accept': 'application/json', 'X-Auth-Token': '&lt;omitted&gt;'}
        Body: {"security_group": {"tenant_id": "7f0afc3befee48459737f5e38de24ddb", "description": "tempest-secgroup-smoke-1400924507 description", "name": "tempest-secgroup-smoke-1400924507"}}
    Response - Headers: {'status': '201', 'content-length': '888', 'connection': 'close', 'date': 'Sun, 06 Dec 2015 10:55:20 GMT', 'content-type': 'application/json; charset=UTF-8', 'x-openstack-request-id': 'req-83c8621f-f3d9-4ab6-bf46-13aa757f9334'}
        Body: {"security_group": {"tenant_id": "7f0afc3befee48459737f5e38de24ddb", "description": "tempest-secgroup-smoke-1400924507 description", "id": "db5ff21b-def1-4dda-af0e-30a302cf91ff", "security_group_rules": [{"remote_group_id": null, "direction": "egress", "remote_ip_prefix": null, "protocol": null, "ethertype": "IPv4", "tenant_id": "7f0afc3befee48459737f5e38de24ddb", "port_range_max": null, "port_range_min": null, "id": "d9bea07a-cb9a-41af-9f58-b2877bfad29a", "security_group_id": "db5ff21b-def1-4dda-af0e-30a302cf91ff"}, {"remote_group_id": null, "direction": "egress", "remote_ip_prefix": null, "protocol": null, "ethertype": "IPv6", "tenant_id": "7f0afc3befee48459737f5e38de24ddb", "port_range_max": null, "port_range_min": null, "id": "6f35e24c-906d-4a3f-8fff-bf9013a4f826", "security_group_id": "db5ff21b-def1-4dda-af0e-30a302cf91ff"}], "name": "tempest-secgroup-smoke-1400924507"}}
2015-12-06 10:55:20,781 27349 INFO     [tempest_lib.common.rest_client] Request (TestGettingAddress:setUp): 201 POST http://10.0.2.15:9696/v2.0/security-group-rules 0.121s
2015-12-06 10:55:20,781 27349 DEBUG    [tempest_lib.common.rest_client] Request - Headers: {'Content-Type': 'application/json', 'Accept': 'application/json', 'X-Auth-Token': '&lt;omitted&gt;'}
        Body: {"security_group_rule": {"direction": "ingress", "protocol": "tcp", "tenant_id": "7f0afc3befee48459737f5e38de24ddb", "port_range_max": 22, "security_group_id": "db5ff21b-def1-4dda-af0e-30a302cf91ff", "port_range_min": 22}}
    Response - Headers: {'status': '201', 'content-length': '340', 'connection': 'close', 'date': 'Sun, 06 Dec 2015 10:55:20 GMT', 'content-type': 'application/json; charset=UTF-8', 'x-openstack-request-id': 'req-c41d909b-d135-4156-9c4c-9025a495c211'}
        Body: {"security_group_rule": {"remote_group_id": null, "direction": "ingress", "remote_ip_prefix": null, "protocol": "tcp", "ethertype": "IPv4", "tenant_id": "7f0afc3befee48459737f5e38de24ddb", "port_range_max": 22, "port_range_min": 22, "id": "eb79ca32-58cf-42b4-8d81-cba36e715e1f", "security_group_id": "db5ff21b-def1-4dda-af0e-30a302cf91ff"}}
2015-12-06 10:55:20,886 27349 INFO     [tempest_lib.common.rest_client] Request (TestGettingAddress:setUp): 201 POST http://10.0.2.15:9696/v2.0/security-group-rules 0.102s
2015-12-06 10:55:20,886 27349 DEBUG    [tempest_lib.common.rest_client] Request - Headers: {'Content-Type': 'application/json', 'Accept': 'application/json', 'X-Auth-Token': '&lt;omitted&gt;'}
        Body: {"security_group_rule": {"direction": "egress", "protocol": "tcp", "tenant_id": "7f0afc3befee48459737f5e38de24ddb", "port_range_max": 22, "security_group_id": "db5ff21b-def1-4dda-af0e-30a302cf91ff", "port_range_min": 22}}
    Response - Headers: {'status': '201', 'content-length': '339', 'connection': 'close', 'date': 'Sun, 06 Dec 2015 10:55:20 GMT', 'content-type': 'application/json; charset=UTF-8', 'x-openstack-request-id': 'req-48c12886-57b8-4057-a606-d847c6e44798'}
        Body: {"security_group_rule": {"remote_group_id": null, "direction": "egress", "remote_ip_prefix": null, "protocol": "tcp", "ethertype": "IPv4", "tenant_id": "7f0afc3befee48459737f5e38de24ddb", "port_range_max": 22, "port_range_min": 22, "id": "327580be-ffec-49ce-82c2-081255899886", "security_group_id": "db5ff21b-def1-4dda-af0e-30a302cf91ff"}}
2015-12-06 10:55:20,991 27349 INFO     [tempest_lib.common.rest_client] Request (TestGettingAddress:setUp): 201 POST http://10.0.2.15:9696/v2.0/security-group-rules 0.104s
2015-12-06 10:55:20,992 27349 DEBUG    [tempest_lib.common.rest_client] Request - Headers: {'Content-Type': 'application/json', 'Accept': 'application/json', 'X-Auth-Token': '&lt;omitted&gt;'}
        Body: {"security_group_rule": {"tenant_id": "7f0afc3befee48459737f5e38de24ddb", "direction": "ingress", "protocol": "icmp", "security_group_id": "db5ff21b-def1-4dda-af0e-30a302cf91ff"}}
    Response - Headers: {'status': '201', 'content-length': '345', 'connection': 'close', 'date': 'Sun, 06 Dec 2015 10:55:20 GMT', 'content-type': 'application/json; charset=UTF-8', 'x-openstack-request-id': 'req-3d15e1b4-4745-49ff-83c2-c1b3aca2a193'}
        Body: {"security_group_rule": {"remote_group_id": null, "direction": "ingress", "remote_ip_prefix": null, "protocol": "icmp", "ethertype": "IPv4", "tenant_id": "7f0afc3befee48459737f5e38de24ddb", "port_range_max": null, "port_range_min": null, "id": "a6ef5a96-684e-432f-b059-8e3d11f525c4", "security_group_id": "db5ff21b-def1-4dda-af0e-30a302cf91ff"}}
2015-12-06 10:55:21,109 27349 INFO     [tempest_lib.common.rest_client] Request (TestGettingAddress:setUp): 201 POST http://10.0.2.15:9696/v2.0/security-group-rules 0.116s
2015-12-06 10:55:21,109 27349 DEBUG    [tempest_lib.common.rest_client] Request - Headers: {'Content-Type': 'application/json', 'Accept': 'application/json', 'X-Auth-Token': '&lt;omitted&gt;'}
        Body: {"security_group_rule": {"tenant_id": "7f0afc3befee48459737f5e38de24ddb", "direction": "egress", "protocol": "icmp", "security_group_id": "db5ff21b-def1-4dda-af0e-30a302cf91ff"}}
    Response - Headers: {'status': '201', 'content-length': '344', 'connection': 'close', 'date': 'Sun, 06 Dec 2015 10:55:21 GMT', 'content-type': 'application/json; charset=UTF-8', 'x-openstack-request-id': 'req-9f8e69f4-a6cb-4260-a091-b33c8cb8e390'}
        Body: {"security_group_rule": {"remote_group_id": null, "direction": "egress", "remote_ip_prefix": null, "protocol": "icmp", "ethertype": "IPv4", "tenant_id": "7f0afc3befee48459737f5e38de24ddb", "port_range_max": null, "port_range_min": null, "id": "e3626d97-6897-47a1-a7a3-cb778c150f8e", "security_group_id": "db5ff21b-def1-4dda-af0e-30a302cf91ff"}}
2015-12-06 10:55:21,357 27349 INFO     [tempest_lib.common.rest_client] Request (TestGettingAddress:setUp): 201 POST http://10.0.2.15:9696/v2.0/security-group-rules 0.246s
2015-12-06 10:55:21,358 27349 DEBUG    [tempest_lib.common.rest_client] Request - Headers: {'Content-Type': 'application/json', 'Accept': 'application/json', 'X-Auth-Token': '&lt;omitted&gt;'}
        Body: {"security_group_rule": {"tenant_id": "7f0afc3befee48459737f5e38de24ddb", "direction": "ingress", "security_group_id": "db5ff21b-def1-4dda-af0e-30a302cf91ff", "protocol": "icmp", "ethertype": "IPv6"}}
    Response - Headers: {'status': '201', 'content-length': '345', 'connection': 'close', 'date': 'Sun, 06 Dec 2015 10:55:21 GMT', 'content-type': 'application/json; charset=UTF-8', 'x-openstack-request-id': 'req-5e689a84-5a8b-4b24-b1f2-71ecd0989934'}
        Body: {"security_group_rule": {"remote_group_id": null, "direction": "ingress", "remote_ip_prefix": null, "protocol": "icmp", "ethertype": "IPv6", "tenant_id": "7f0afc3befee48459737f5e38de24ddb", "port_range_max": null, "port_range_min": null, "id": "71a48027-27a7-495f-a387-ebebc0a9f2f3", "security_group_id": "db5ff21b-def1-4dda-af0e-30a302cf91ff"}}
2015-12-06 10:55:21,472 27349 INFO     [tempest_lib.common.rest_client] Request (TestGettingAddress:setUp): 201 POST http://10.0.2.15:9696/v2.0/security-group-rules 0.112s
2015-12-06 10:55:21,473 27349 DEBUG    [tempest_lib.common.rest_client] Request - Headers: {'Content-Type': 'application/json', 'Accept': 'application/json', 'X-Auth-Token': '&lt;omitted&gt;'}
        Body: {"security_group_rule": {"tenant_id": "7f0afc3befee48459737f5e38de24ddb", "direction": "egress", "security_group_id": "db5ff21b-def1-4dda-af0e-30a302cf91ff", "protocol": "icmp", "ethertype": "IPv6"}}
    Response - Headers: {'status': '201', 'content-length': '344', 'connection': 'close', 'date': 'Sun, 06 Dec 2015 10:55:21 GMT', 'content-type': 'application/json; charset=UTF-8', 'x-openstack-request-id': 'req-3da8cec4-a4a9-4647-9fe8-75e8748a135b'}
        Body: {"security_group_rule": {"remote_group_id": null, "direction": "egress", "remote_ip_prefix": null, "protocol": "icmp", "ethertype": "IPv6", "tenant_id": "7f0afc3befee48459737f5e38de24ddb", "port_range_max": null, "port_range_min": null, "id": "3981e565-edfa-4649-b99b-9e1dbbf2f51f", "security_group_id": "db5ff21b-def1-4dda-af0e-30a302cf91ff"}}
2015-12-06 10:55:21,618 27349 INFO     [tempest_lib.common.rest_client] Request (TestGettingAddress:test_dhcp6_stateless_from_os): 201 POST http://10.0.2.15:9696/v2.0/networks 0.143s
2015-12-06 10:55:21,619 27349 DEBUG    [tempest_lib.common.rest_client] Request - Headers: {'Content-Type': 'application/json', 'Accept': 'application/json', 'X-Auth-Token': '&lt;omitted&gt;'}
        Body: {"network": {"tenant_id": "7f0afc3befee48459737f5e38de24ddb", "name": "tempest-network-smoke--1076001523"}}
    Response - Headers: {'status': '201', 'content-length': '296', 'connection': 'close', 'date': 'Sun, 06 Dec 2015 10:55:21 GMT', 'content-type': 'application/json; charset=UTF-8', 'x-openstack-request-id': 'req-829aaec9-3569-4a52-ab2f-72cd80af5e69'}
        Body: {"network": {"status": "ACTIVE", "subnets": [], "name": "tempest-network-smoke--1076001523", "admin_state_up": true, "tenant_id": "7f0afc3befee48459737f5e38de24ddb", "mtu": 0, "router:external": false, "shared": false, "port_security_enabled": true, "id": "8ca1c7d7-d774-417f-87c1-25450baf3f7f"}}
2015-12-06 10:55:21,778 27349 INFO     [tempest_lib.common.rest_client] Request (TestGettingAddress:test_dhcp6_stateless_from_os): 200 GET http://10.0.2.15:9696/v2.0/subnets?tenant_id=7f0afc3befee48459737f5e38de24ddb&amp;cidr=10.100.0.0%2F28 0.158s
2015-12-06 10:55:21,779 27349 DEBUG    [tempest_lib.common.rest_client] Request - Headers: {'Content-Type': 'application/json', 'Accept': 'application/json', 'X-Auth-Token': '&lt;omitted&gt;'}
        Body: None
    Response - Headers: {'status': '200', 'content-length': '15', 'content-location': 'http://10.0.2.15:9696/v2.0/subnets?tenant_id=7f0afc3befee48459737f5e38de24ddb&amp;cidr=10.100.0.0%2F28', 'connection': 'close', 'date': 'Sun, 06 Dec 2015 10:55:21 GMT', 'content-type': 'application/json; charset=UTF-8', 'x-openstack-request-id': 'req-cce99a21-94c5-4cbd-a5ac-b3ff766753e3'}
        Body: {"subnets": []}
2015-12-06 10:55:22,088 27349 INFO     [tempest_lib.common.rest_client] Request (TestGettingAddress:test_dhcp6_stateless_from_os): 201 POST http://10.0.2.15:9696/v2.0/subnets 0.308s
2015-12-06 10:55:22,089 27349 DEBUG    [tempest_lib.common.rest_client] Request - Headers: {'Content-Type': 'application/json', 'Accept': 'application/json', 'X-Auth-Token': '&lt;omitted&gt;'}
        Body: {"subnet": {"ip_version": 4, "tenant_id": "7f0afc3befee48459737f5e38de24ddb", "cidr": "10.100.0.0/28", "network_id": "8ca1c7d7-d774-417f-87c1-25450baf3f7f", "name": "tempest-sub4-699921537"}}
    Response - Headers: {'status': '201', 'content-length': '469', 'connection': 'close', 'date': 'Sun, 06 Dec 2015 10:55:22 GMT', 'content-type': 'application/json; charset=UTF-8', 'x-openstack-request-id': 'req-bf440970-1afa-42e1-9f08-dcfab055a20e'}
        Body: {"subnet": {"name": "tempest-sub4-699921537", "enable_dhcp": true, "network_id": "8ca1c7d7-d774-417f-87c1-25450baf3f7f", "tenant_id": "7f0afc3befee48459737f5e38de24ddb", "dns_nameservers": [], "gateway_ip": "10.100.0.1", "ipv6_ra_mode": null, "allocation_pools": [{"start": "10.100.0.2", "end": "10.100.0.14"}], "host_routes": [], "ip_version": 4, "ipv6_address_mode": null, "cidr": "10.100.0.0/28", "id": "320b1120-ff6a-4a5c-93bb-26f4c896fb83", "subnetpool_id": null}}
2015-12-06 10:55:22,157 27349 INFO     [tempest_lib.common.rest_client] Request (TestGettingAddress:test_dhcp6_stateless_from_os): 201 POST http://10.0.2.15:9696/v2.0/routers 0.066s
2015-12-06 10:55:22,157 27349 DEBUG    [tempest_lib.common.rest_client] Request - Headers: {'Content-Type': 'application/json', 'Accept': 'application/json', 'X-Auth-Token': '&lt;omitted&gt;'}
        Body: {"router": {"tenant_id": "7f0afc3befee48459737f5e38de24ddb", "name": "tempest-router-smoke-23136792", "admin_state_up": true}}
    Response - Headers: {'status': '201', 'content-length': '237', 'connection': 'close', 'date': 'Sun, 06 Dec 2015 10:55:22 GMT', 'content-type': 'application/json; charset=UTF-8', 'x-openstack-request-id': 'req-1c3e9e3f-5bfd-4dbe-b92f-8fbbd289c7d2'}
        Body: {"router": {"status": "ACTIVE", "external_gateway_info": null, "name": "tempest-router-smoke-23136792", "admin_state_up": true, "tenant_id": "7f0afc3befee48459737f5e38de24ddb", "routes": [], "id": "c7f5bd94-7aad-4356-a38c-1c192ea25615"}}
2015-12-06 10:55:22,195 27349 INFO     [tempest_lib.common.rest_client] Request (TestGettingAddress:test_dhcp6_stateless_from_os): 200 GET http://10.0.2.15:9696/v2.0/routers/c7f5bd94-7aad-4356-a38c-1c192ea25615 0.037s
2015-12-06 10:55:22,196 27349 DEBUG    [tempest_lib.common.rest_client] Request - Headers: {'Content-Type': 'application/json', 'Accept': 'application/json', 'X-Auth-Token': '&lt;omitted&gt;'}
        Body: None
    Response - Headers: {'status': '200', 'content-length': '237', 'content-location': 'http://10.0.2.15:9696/v2.0/routers/c7f5bd94-7aad-4356-a38c-1c192ea25615', 'connection': 'close', 'date': 'Sun, 06 Dec 2015 10:55:22 GMT', 'content-type': 'application/json; charset=UTF-8', 'x-openstack-request-id': 'req-59d81aed-07e1-43c7-ba06-0081cd684d21'}
        Body: {"router": {"status": "ACTIVE", "external_gateway_info": null, "name": "tempest-router-smoke-23136792", "admin_state_up": true, "tenant_id": "7f0afc3befee48459737f5e38de24ddb", "routes": [], "id": "c7f5bd94-7aad-4356-a38c-1c192ea25615"}}
2015-12-06 10:55:22,816 27349 INFO     [tempest_lib.common.rest_client] Request (TestGettingAddress:test_dhcp6_stateless_from_os): 200 PUT http://10.0.2.15:9696/v2.0/routers/c7f5bd94-7aad-4356-a38c-1c192ea25615 0.619s
2015-12-06 10:55:22,817 27349 DEBUG    [tempest_lib.common.rest_client] Request - Headers: {'Content-Type': 'application/json', 'Accept': 'application/json', 'X-Auth-Token': '&lt;omitted&gt;'}
        Body: {"router": {"external_gateway_info": {"network_id": "b2cc0047-8a4f-43ab-a008-e5c3241c01a9"}, "name": "tempest-router-smoke-23136792", "admin_state_up": true}}
    Response - Headers: {'status': '200', 'content-length': '499', 'connection': 'close', 'date': 'Sun, 06 Dec 2015 10:55:22 GMT', 'content-type': 'application/json; charset=UTF-8', 'x-openstack-request-id': 'req-005f1ed5-b061-4472-aac7-b67193035add'}
        Body: {"router": {"status": "ACTIVE", "external_gateway_info": {"network_id": "b2cc0047-8a4f-43ab-a008-e5c3241c01a9", "enable_snat": true, "external_fixed_ips": [{"subnet_id": "ac7bb145-3972-41ea-8c01-0f4ef59c2250", "ip_address": "172.24.4.3"}, {"subnet_id": "54b05813-3078-49f1-9fb9-064f23a135b4", "ip_address": "2001:db8::3"}]}, "name": "tempest-router-smoke-23136792", "admin_state_up": true, "tenant_id": "7f0afc3befee48459737f5e38de24ddb", "routes": [], "id": "c7f5bd94-7aad-4356-a38c-1c192ea25615"}}
2015-12-06 10:55:23,390 27349 INFO     [tempest_lib.common.rest_client] Request (TestGettingAddress:test_dhcp6_stateless_from_os): 200 PUT http://10.0.2.15:9696/v2.0/routers/c7f5bd94-7aad-4356-a38c-1c192ea25615/add_router_interface 0.572s
2015-12-06 10:55:23,390 27349 DEBUG    [tempest_lib.common.rest_client] Request - Headers: {'Content-Type': 'application/json', 'Accept': 'application/json', 'X-Auth-Token': '&lt;omitted&gt;'}
        Body: {"subnet_id": "320b1120-ff6a-4a5c-93bb-26f4c896fb83"}
    Response - Headers: {'status': '200', 'content-length': '255', 'connection': 'close', 'date': 'Sun, 06 Dec 2015 10:55:23 GMT', 'content-type': 'application/json; charset=UTF-8', 'x-openstack-request-id': 'req-956f4948-a259-4ba2-974c-f04d2dc1fed2'}
        Body: {"subnet_id": "320b1120-ff6a-4a5c-93bb-26f4c896fb83", "tenant_id": "7f0afc3befee48459737f5e38de24ddb", "subnet_ids": ["320b1120-ff6a-4a5c-93bb-26f4c896fb83"], "port_id": "6747a6ed-8cd4-498a-aa46-c87e31a76b62", "id": "c7f5bd94-7aad-4356-a38c-1c192ea25615"}
2015-12-06 10:55:23,543 27349 INFO     [tempest_lib.common.rest_client] Request (TestGettingAddress:test_dhcp6_stateless_from_os): 200 GET http://10.0.2.15:9696/v2.0/subnets?tenant_id=7f0afc3befee48459737f5e38de24ddb&amp;cidr=2003%3A%3A%2F64 0.152s
2015-12-06 10:55:23,544 27349 DEBUG    [tempest_lib.common.rest_client] Request - Headers: {'Content-Type': 'application/json', 'Accept': 'application/json', 'X-Auth-Token': '&lt;omitted&gt;'}
        Body: None
    Response - Headers: {'status': '200', 'content-length': '15', 'content-location': 'http://10.0.2.15:9696/v2.0/subnets?tenant_id=7f0afc3befee48459737f5e38de24ddb&amp;cidr=2003%3A%3A%2F64', 'connection': 'close', 'date': 'Sun, 06 Dec 2015 10:55:23 GMT', 'content-type': 'application/json; charset=UTF-8', 'x-openstack-request-id': 'req-3f8b3a40-561d-497e-bd63-3fe2ddb3dfbf'}
        Body: {"subnets": []}
2015-12-06 10:55:23,844 27349 INFO     [tempest_lib.common.rest_client] Request (TestGettingAddress:test_dhcp6_stateless_from_os): 201 POST http://10.0.2.15:9696/v2.0/subnets 0.299s
2015-12-06 10:55:23,845 27349 DEBUG    [tempest_lib.common.rest_client] Request - Headers: {'Content-Type': 'application/json', 'Accept': 'application/json', 'X-Auth-Token': '&lt;omitted&gt;'}
        Body: {"subnet": {"name": "tempest-sub6-1632739749", "network_id": "8ca1c7d7-d774-417f-87c1-25450baf3f7f", "tenant_id": "7f0afc3befee48459737f5e38de24ddb", "ipv6_ra_mode": "dhcpv6-stateless", "ip_version": 6, "ipv6_address_mode": "dhcpv6-stateless", "cidr": "2003::/64"}}
    Response - Headers: {'status': '201', 'content-length': '502', 'connection': 'close', 'date': 'Sun, 06 Dec 2015 10:55:23 GMT', 'content-type': 'application/json; charset=UTF-8', 'x-openstack-request-id': 'req-5b58ae94-3eb2-4414-a6ab-72e653605d89'}
        Body: {"subnet": {"name": "tempest-sub6-1632739749", "enable_dhcp": true, "network_id": "8ca1c7d7-d774-417f-87c1-25450baf3f7f", "tenant_id": "7f0afc3befee48459737f5e38de24ddb", "dns_nameservers": [], "gateway_ip": "2003::1", "ipv6_ra_mode": "dhcpv6-stateless", "allocation_pools": [{"start": "2003::2", "end": "2003::ffff:ffff:ffff:ffff"}], "host_routes": [], "ip_version": 6, "ipv6_address_mode": "dhcpv6-stateless", "cidr": "2003::/64", "id": "322e8b37-3adc-49a8-a86e-1e4c25b60290", "subnetpool_id": null}}
2015-12-06 10:55:24,404 27349 INFO     [tempest_lib.common.rest_client] Request (TestGettingAddress:test_dhcp6_stateless_from_os): 200 PUT http://10.0.2.15:9696/v2.0/routers/c7f5bd94-7aad-4356-a38c-1c192ea25615/add_router_interface 0.557s
2015-12-06 10:55:24,405 27349 DEBUG    [tempest_lib.common.rest_client] Request - Headers: {'Content-Type': 'application/json', 'Accept': 'application/json', 'X-Auth-Token': '&lt;omitted&gt;'}
        Body: {"subnet_id": "322e8b37-3adc-49a8-a86e-1e4c25b60290"}
    Response - Headers: {'status': '200', 'content-length': '255', 'connection': 'close', 'date': 'Sun, 06 Dec 2015 10:55:24 GMT', 'content-type': 'application/json; charset=UTF-8', 'x-openstack-request-id': 'req-9239b22b-4564-4287-838e-b18b8bb30d97'}
        Body: {"subnet_id": "322e8b37-3adc-49a8-a86e-1e4c25b60290", "tenant_id": "7f0afc3befee48459737f5e38de24ddb", "subnet_ids": ["322e8b37-3adc-49a8-a86e-1e4c25b60290"], "port_id": "54d79152-ce6e-4b8e-aef7-e5682d3aad9d", "id": "c7f5bd94-7aad-4356-a38c-1c192ea25615"}
2015-12-06 10:55:24,520 27349 INFO     [tempest_lib.common.rest_client] Request (TestGettingAddress:test_dhcp6_stateless_from_os): 200 POST http://10.0.2.15:5000/v2.0/tokens
2015-12-06 10:55:24,521 27349 DEBUG    [tempest_lib.common.rest_client] Request - Headers: {'Content-Type': 'application/json', 'Accept': 'application/json'}
        Body: &lt;omitted&gt;
    Response - Headers: {'status': '200', 'content-length': '2524', 'vary': 'X-Auth-Token', 'server': 'Apache/2.4.7 (Ubuntu)', 'connection': 'close', 'date': 'Sun, 06 Dec 2015 10:55:24 GMT', 'content-type': 'application/json', 'x-openstack-request-id': 'req-102f4c5b-1a41-4e7b-8a11-a7af0953746e'}
        Body: {"access": {"token": {"issued_at": "2015-12-06T10:55:24.506525", "expires": "2015-12-06T11:55:24Z", "id": "5308ebc1638345839333129e9eacf5b8", "tenant": {"description": "tempest-TestGettingAddress-1474412399-desc", "enabled": true, "id": "7f0afc3befee48459737f5e38de24ddb", "name": "tempest-TestGettingAddress-1474412399"}, "audit_ids": ["GcdWRFDCS_uEyX3byATTJA"]}, "serviceCatalog": [{"endpoints": [{"adminURL": "http://10.0.2.15:8774/v2.1/7f0afc3befee48459737f5e38de24ddb", "region": "RegionOne", "internalURL": "http://10.0.2.15:8774/v2.1/7f0afc3befee48459737f5e38de24ddb", "id": "400d1c26fe694116879b366fcc0502d1", "publicURL": "http://10.0.2.15:8774/v2.1/7f0afc3befee48459737f5e38de24ddb"}], "endpoints_links": [], "type": "compute", "name": "nova"}, {"endpoints": [{"adminURL": "http://10.0.2.15:9696/", "region": "RegionOne", "internalURL": "http://10.0.2.15:9696/", "id": "0612e41bb73d4c23897068e08b7acbbc", "publicURL": "http://10.0.2.15:9696/"}], "endpoints_links": [], "type": "network", "name": "neutron"}, {"endpoints": [{"adminURL": "http://10.0.2.15:9292", "region": "RegionOne", "internalURL": "http://10.0.2.15:9292", "id": "610fc42df4f64736978826101dd83002", "publicURL": "http://10.0.2.15:9292"}], "endpoints_links": [], "type": "image", "name": "glance"}, {"endpoints": [{"adminURL": "http://10.0.2.15:8774/v2/7f0afc3befee48459737f5e38de24ddb", "region": "RegionOne", "internalURL": "http://10.0.2.15:8774/v2/7f0afc3befee48459737f5e38de24ddb", "id": "62b23d572568442c93cd18b34c80fcaa", "publicURL": "http://10.0.2.15:8774/v2/7f0afc3befee48459737f5e38de24ddb"}], "endpoints_links": [], "type": "compute_legacy", "name": "nova_legacy"}, {"endpoints": [{"adminURL": "http://10.0.2.15:8773/", "region": "RegionOne", "internalURL": "http://10.0.2.15:8773/", "id": "02b78b1c715748e4b8bc776b01d2050e", "publicURL": "http://10.0.2.15:8773/"}], "endpoints_links": [], "type": "ec2", "name": "ec2"}, {"endpoints": [{"adminURL": "http://10.0.2.15:35357/v2.0", "region": "RegionOne", "internalURL": "http://10.0.2.15:5000/v2.0", "id": "01970f7ddae14c3abd2b3c7c9b40bad9", "publicURL": "http://10.0.2.15:5000/v2.0"}], "endpoints_links": [], "type": "identity", "name": "keystone"}], "user": {"username": "tempest-TestGettingAddress-720240792", "roles_links": [], "id": "6c06b7f71ec84217844fb378dc336cbe", "roles": [{"name": "_member_"}, {"name": "Member"}], "name": "tempest-TestGettingAddress-720240792"}, "metadata": {"is_admin": 0, "roles": ["9fe2ff9ee4384b1894a90878d3e92bab", "f5280fa856e1424b9d4d99dbc4317f93"]}}}
2015-12-06 10:55:24,528 27349 DEBUG    [tempest.common.fixed_network] (TestGettingAddress:test_dhcp6_stateless_from_os) No valid network provided or created, defaulting to fixed_network_name
2015-12-06 10:55:24,851 27349 INFO     [tempest_lib.common.rest_client] Request (TestGettingAddress:test_dhcp6_stateless_from_os): 200 GET http://10.0.2.15:8774/v2.1/7f0afc3befee48459737f5e38de24ddb/os-networks 0.323s
2015-12-06 10:55:24,852 27349 DEBUG    [tempest_lib.common.rest_client] Request - Headers: {'Content-Type': 'application/json', 'Accept': 'application/json', 'X-Auth-Token': '&lt;omitted&gt;'}
        Body: None
    Response - Headers: {'status': '200', 'content-length': '479', 'content-location': 'http://10.0.2.15:8774/v2.1/7f0afc3befee48459737f5e38de24ddb/os-networks', 'x-compute-request-id': 'req-0b287421-95b5-48c9-90ef-20a0c2b36852', 'vary': 'X-OpenStack-Nova-API-Version', 'connection': 'close', 'x-openstack-nova-api-version': '2.1', 'date': 'Sun, 06 Dec 2015 10:55:24 GMT', 'content-type': 'application/json'}
        Body: {"networks": [{"cidr_v6": null, "dns2": null, "dns1": null, "gateway": null, "broadcast": null, "netmask": null, "gateway_v6": null, "cidr": null, "label": "public", "id": "b2cc0047-8a4f-43ab-a008-e5c3241c01a9", "netmask_v6": null}, {"cidr_v6": null, "dns2": null, "dns1": null, "gateway": null, "broadcast": null, "netmask": null, "gateway_v6": null, "cidr": null, "label": "tempest-network-smoke--1076001523", "id": "8ca1c7d7-d774-417f-87c1-25450baf3f7f", "netmask_v6": null}]}
2015-12-06 10:55:24,852 27349 WARNING  [tempest.common.fixed_network] (TestGettingAddress:test_dhcp6_stateless_from_os) Network with name: private not found
2015-12-06 10:55:24,852 27349 INFO     [tempest.common.fixed_network] (TestGettingAddress:test_dhcp6_stateless_from_os) Found network {} available for tenant
2015-12-06 10:55:26,181 27349 INFO     [tempest_lib.common.rest_client] Request (TestGettingAddress:test_dhcp6_stateless_from_os): 202 POST http://10.0.2.15:8774/v2.1/7f0afc3befee48459737f5e38de24ddb/servers 1.328s
2015-12-06 10:55:26,182 27349 DEBUG    [tempest_lib.common.rest_client] Request - Headers: {'Content-Type': 'application/json', 'Accept': 'application/json', 'X-Auth-Token': '&lt;omitted&gt;'}
        Body: {"server": {"name": "tempest.common.compute-instance-1180408012", "imageRef": "646ed688-456a-4c48-9d78-e6156340498d", "key_name": "tempest-TestGettingAddress-1864536789", "flavorRef": "42", "networks": [{"uuid": "8ca1c7d7-d774-417f-87c1-25450baf3f7f"}], "security_groups": [{"name": "tempest-secgroup-smoke-1400924507"}]}}
    Response - Headers: {'status': '202', 'content-length': '462', 'x-compute-request-id': 'req-951a2aec-1ae3-49d7-970f-d512fe9d0431', 'vary': 'X-OpenStack-Nova-API-Version', 'connection': 'close', 'location': 'http://10.0.2.15:8774/v2.1/7f0afc3befee48459737f5e38de24ddb/servers/9799f281-b3da-42db-81ca-b618cf8fbedc', 'x-openstack-nova-api-version': '2.1', 'date': 'Sun, 06 Dec 2015 10:55:26 GMT', 'content-type': 'application/json'}
        Body: {"server": {"security_groups": [{"name": "tempest-secgroup-smoke-1400924507"}], "OS-DCF:diskConfig": "MANUAL", "id": "9799f281-b3da-42db-81ca-b618cf8fbedc", "links": [{"href": "http://10.0.2.15:8774/v2.1/7f0afc3befee48459737f5e38de24ddb/servers/9799f281-b3da-42db-81ca-b618cf8fbedc", "rel": "self"}, {"href": "http://10.0.2.15:8774/7f0afc3befee48459737f5e38de24ddb/servers/9799f281-b3da-42db-81ca-b618cf8fbedc", "rel": "bookmark"}], "adminPass": "rzUm4RGuHNkG"}}
2015-12-06 10:55:26,329 27349 INFO     [tempest_lib.common.rest_client] Request (TestGettingAddress:test_dhcp6_stateless_from_os): 200 GET http://10.0.2.15:8774/v2.1/7f0afc3befee48459737f5e38de24ddb/servers/9799f281-b3da-42db-81ca-b618cf8fbedc 0.140s
2015-12-06 10:55:26,329 27349 DEBUG    [tempest_lib.common.rest_client] Request - Headers: {'Content-Type': 'application/json', 'Accept': 'application/json', 'X-Auth-Token': '&lt;omitted&gt;'}
        Body: None
    Response - Headers: {'status': '200', 'content-length': '1355', 'content-location': 'http://10.0.2.15:8774/v2.1/7f0afc3befee48459737f5e38de24ddb/servers/9799f281-b3da-42db-81ca-b618cf8fbedc', 'x-compute-request-id': 'req-88b18fc6-3c9d-4708-9787-f665a7363d43', 'vary': 'X-OpenStack-Nova-API-Version', 'connection': 'close', 'x-openstack-nova-api-version': '2.1', 'date': 'Sun, 06 Dec 2015 10:55:26 GMT', 'content-type': 'application/json'}
        Body: {"server": {"status": "BUILD", "updated": "2015-12-06T10:55:26Z", "hostId": "", "addresses": {}, "links": [{"href": "http://10.0.2.15:8774/v2.1/7f0afc3befee48459737f5e38de24ddb/servers/9799f281-b3da-42db-81ca-b618cf8fbedc", "rel": "self"}, {"href": "http://10.0.2.15:8774/7f0afc3befee48459737f5e38de24ddb/servers/9799f281-b3da-42db-81ca-b618cf8fbedc", "rel": "bookmark"}], "key_name": "tempest-TestGettingAddress-1864536789", "image": {"id": "646ed688-456a-4c48-9d78-e6156340498d", "links": [{"href": "http://10.0.2.15:8774/7f0afc3befee48459737f5e38de24ddb/images/646ed688-456a-4c48-9d78-e6156340498d", "rel": "bookmark"}]}, "OS-EXT-STS:task_state": "scheduling", "OS-EXT-STS:vm_state": "building", "OS-SRV-USG:launched_at": null, "flavor": {"id": "42", "links": [{"href": "http://10.0.2.15:8774/7f0afc3befee48459737f5e38de24ddb/flavors/42", "rel": "bookmark"}]}, "id": "9799f281-b3da-42db-81ca-b618cf8fbedc", "OS-SRV-USG:terminated_at": null, "OS-EXT-AZ:availability_zone": "", "user_id": "6c06b7f71ec84217844fb378dc336cbe", "name": "tempest.common.compute-instance-1180408012", "created": "2015-12-06T10:55:26Z", "tenant_id": "7f0afc3befee48459737f5e38de24ddb", "OS-DCF:diskConfig": "MANUAL", "os-extended-volumes:volumes_attached": [], "accessIPv4": "", "accessIPv6": "", "progress": 0, "OS-EXT-STS:power_state": 0, "config_drive": "", "metadata": {}}}
2015-12-06 10:55:27,608 27349 INFO     [tempest_lib.common.rest_client] Request (TestGettingAddress:test_dhcp6_stateless_from_os): 200 GET http://10.0.2.15:8774/v2.1/7f0afc3befee48459737f5e38de24ddb/servers/9799f281-b3da-42db-81ca-b618cf8fbedc 0.267s
2015-12-06 10:55:27,608 27349 DEBUG    [tempest_lib.common.rest_client] Request - Headers: {'Content-Type': 'application/json', 'Accept': 'application/json', 'X-Auth-Token': '&lt;omitted&gt;'}
        Body: None
    Response - Headers: {'status': '200', 'content-length': '1481', 'content-location': 'http://10.0.2.15:8774/v2.1/7f0afc3befee48459737f5e38de24ddb/servers/9799f281-b3da-42db-81ca-b618cf8fbedc', 'x-compute-request-id': 'req-0071963f-a8a9-4b74-b59f-f1b7f17eff2f', 'vary': 'X-OpenStack-Nova-API-Version', 'connection': 'close', 'x-openstack-nova-api-version': '2.1', 'date': 'Sun, 06 Dec 2015 10:55:27 GMT', 'content-type': 'application/json'}
        Body: {"server": {"status": "BUILD", "updated": "2015-12-06T10:55:27Z", "hostId": "1b9242cbbda0d2968981ba38695cddd5ed28ba2103a335837c9c7847", "addresses": {}, "links": [{"href": "http://10.0.2.15:8774/v2.1/7f0afc3befee48459737f5e38de24ddb/servers/9799f281-b3da-42db-81ca-b618cf8fbedc", "rel": "self"}, {"href": "http://10.0.2.15:8774/7f0afc3befee48459737f5e38de24ddb/servers/9799f281-b3da-42db-81ca-b618cf8fbedc", "rel": "bookmark"}], "key_name": "tempest-TestGettingAddress-1864536789", "image": {"id": "646ed688-456a-4c48-9d78-e6156340498d", "links": [{"href": "http://10.0.2.15:8774/7f0afc3befee48459737f5e38de24ddb/images/646ed688-456a-4c48-9d78-e6156340498d", "rel": "bookmark"}]}, "OS-EXT-STS:task_state": "spawning", "OS-EXT-STS:vm_state": "building", "OS-SRV-USG:launched_at": null, "flavor": {"id": "42", "links": [{"href": "http://10.0.2.15:8774/7f0afc3befee48459737f5e38de24ddb/flavors/42", "rel": "bookmark"}]}, "id": "9799f281-b3da-42db-81ca-b618cf8fbedc", "security_groups": [{"name": "tempest-secgroup-smoke-1400924507"}], "OS-SRV-USG:terminated_at": null, "OS-EXT-AZ:availability_zone": "nova", "user_id": "6c06b7f71ec84217844fb378dc336cbe", "name": "tempest.common.compute-instance-1180408012", "created": "2015-12-06T10:55:26Z", "tenant_id": "7f0afc3befee48459737f5e38de24ddb", "OS-DCF:diskConfig": "MANUAL", "os-extended-volumes:volumes_attached": [], "accessIPv4": "", "accessIPv6": "", "progress": 0, "OS-EXT-STS:power_state": 0, "config_drive": "", "metadata": {}}}
2015-12-06 10:55:27,617 27349 INFO     [tempest.common.waiters] State transition "BUILD/scheduling" ==&gt; "BUILD/spawning" after 1 second wait
2015-12-06 10:55:28,844 27349 INFO     [tempest_lib.common.rest_client] Request (TestGettingAddress:test_dhcp6_stateless_from_os): 200 GET http://10.0.2.15:8774/v2.1/7f0afc3befee48459737f5e38de24ddb/servers/9799f281-b3da-42db-81ca-b618cf8fbedc 0.225s
2015-12-06 10:55:28,844 27349 DEBUG    [tempest_lib.common.rest_client] Request - Headers: {'Content-Type': 'application/json', 'Accept': 'application/json', 'X-Auth-Token': '&lt;omitted&gt;'}
        Body: None
    Response - Headers: {'status': '200', 'content-length': '1481', 'content-location': 'http://10.0.2.15:8774/v2.1/7f0afc3befee48459737f5e38de24ddb/servers/9799f281-b3da-42db-81ca-b618cf8fbedc', 'x-compute-request-id': 'req-63dc2bd6-680d-41ed-bceb-82b3317b8bcf', 'vary': 'X-OpenStack-Nova-API-Version', 'connection': 'close', 'x-openstack-nova-api-version': '2.1', 'date': 'Sun, 06 Dec 2015 10:55:28 GMT', 'content-type': 'application/json'}
        Body: {"server": {"status": "BUILD", "updated": "2015-12-06T10:55:27Z", "hostId": "1b9242cbbda0d2968981ba38695cddd5ed28ba2103a335837c9c7847", "addresses": {}, "links": [{"href": "http://10.0.2.15:8774/v2.1/7f0afc3befee48459737f5e38de24ddb/servers/9799f281-b3da-42db-81ca-b618cf8fbedc", "rel": "self"}, {"href": "http://10.0.2.15:8774/7f0afc3befee48459737f5e38de24ddb/servers/9799f281-b3da-42db-81ca-b618cf8fbedc", "rel": "bookmark"}], "key_name": "tempest-TestGettingAddress-1864536789", "image": {"id": "646ed688-456a-4c48-9d78-e6156340498d", "links": [{"href": "http://10.0.2.15:8774/7f0afc3befee48459737f5e38de24ddb/images/646ed688-456a-4c48-9d78-e6156340498d", "rel": "bookmark"}]}, "OS-EXT-STS:task_state": "spawning", "OS-EXT-STS:vm_state": "building", "OS-SRV-USG:launched_at": null, "flavor": {"id": "42", "links": [{"href": "http://10.0.2.15:8774/7f0afc3befee48459737f5e38de24ddb/flavors/42", "rel": "bookmark"}]}, "id": "9799f281-b3da-42db-81ca-b618cf8fbedc", "security_groups": [{"name": "tempest-secgroup-smoke-1400924507"}], "OS-SRV-USG:terminated_at": null, "OS-EXT-AZ:availability_zone": "nova", "user_id": "6c06b7f71ec84217844fb378dc336cbe", "name": "tempest.common.compute-instance-1180408012", "created": "2015-12-06T10:55:26Z", "tenant_id": "7f0afc3befee48459737f5e38de24ddb", "OS-DCF:diskConfig": "MANUAL", "os-extended-volumes:volumes_attached": [], "accessIPv4": "", "accessIPv6": "", "progress": 0, "OS-EXT-STS:power_state": 0, "config_drive": "", "metadata": {}}}
2015-12-06 10:55:30,204 27349 INFO     [tempest_lib.common.rest_client] Request (TestGettingAddress:test_dhcp6_stateless_from_os): 200 GET http://10.0.2.15:8774/v2.1/7f0afc3befee48459737f5e38de24ddb/servers/9799f281-b3da-42db-81ca-b618cf8fbedc 0.350s
2015-12-06 10:55:30,205 27349 DEBUG    [tempest_lib.common.rest_client] Request - Headers: {'Content-Type': 'application/json', 'Accept': 'application/json', 'X-Auth-Token': '&lt;omitted&gt;'}
        Body: None
    Response - Headers: {'status': '200', 'content-length': '1781', 'content-location': 'http://10.0.2.15:8774/v2.1/7f0afc3befee48459737f5e38de24ddb/servers/9799f281-b3da-42db-81ca-b618cf8fbedc', 'x-compute-request-id': 'req-cda64ab3-0ed1-42db-99b8-0083b231ad25', 'vary': 'X-OpenStack-Nova-API-Version', 'connection': 'close', 'x-openstack-nova-api-version': '2.1', 'date': 'Sun, 06 Dec 2015 10:55:30 GMT', 'content-type': 'application/json'}
        Body: {"server": {"status": "ACTIVE", "updated": "2015-12-06T10:55:29Z", "hostId": "1b9242cbbda0d2968981ba38695cddd5ed28ba2103a335837c9c7847", "addresses": {"tempest-network-smoke--1076001523": [{"OS-EXT-IPS-MAC:mac_addr": "fa:16:3e:6e:03:4f", "version": 6, "addr": "2003::f816:3eff:fe6e:34f", "OS-EXT-IPS:type": "fixed"}, {"OS-EXT-IPS-MAC:mac_addr": "fa:16:3e:6e:03:4f", "version": 4, "addr": "10.100.0.3", "OS-EXT-IPS:type": "fixed"}]}, "links": [{"href": "http://10.0.2.15:8774/v2.1/7f0afc3befee48459737f5e38de24ddb/servers/9799f281-b3da-42db-81ca-b618cf8fbedc", "rel": "self"}, {"href": "http://10.0.2.15:8774/7f0afc3befee48459737f5e38de24ddb/servers/9799f281-b3da-42db-81ca-b618cf8fbedc", "rel": "bookmark"}], "key_name": "tempest-TestGettingAddress-1864536789", "image": {"id": "646ed688-456a-4c48-9d78-e6156340498d", "links": [{"href": "http://10.0.2.15:8774/7f0afc3befee48459737f5e38de24ddb/images/646ed688-456a-4c48-9d78-e6156340498d", "rel": "bookmark"}]}, "OS-EXT-STS:task_state": null, "OS-EXT-STS:vm_state": "active", "OS-SRV-USG:launched_at": "2015-12-06T10:55:29.000000", "flavor": {"id": "42", "links": [{"href": "http://10.0.2.15:8774/7f0afc3befee48459737f5e38de24ddb/flavors/42", "rel": "bookmark"}]}, "id": "9799f281-b3da-42db-81ca-b618cf8fbedc", "security_groups": [{"name": "tempest-secgroup-smoke-1400924507"}], "OS-SRV-USG:terminated_at": null, "OS-EXT-AZ:availability_zone": "nova", "user_id": "6c06b7f71ec84217844fb378dc336cbe", "name": "tempest.common.compute-instance-1180408012", "created": "2015-12-06T10:55:26Z", "tenant_id": "7f0afc3befee48459737f5e38de24ddb", "OS-DCF:diskConfig": "MANUAL", "os-extended-volumes:volumes_attached": [], "accessIPv4": "", "accessIPv6": "", "progress": 0, "OS-EXT-STS:power_state": 1, "config_drive": "True", "metadata": {}}}
2015-12-06 10:55:30,214 27349 INFO     [tempest.common.waiters] State transition "BUILD/spawning" ==&gt; "ACTIVE/None" after 4 second wait
2015-12-06 10:55:30,410 27349 INFO     [tempest_lib.common.rest_client] Request (TestGettingAddress:test_dhcp6_stateless_from_os): 200 GET http://10.0.2.15:8774/v2.1/7f0afc3befee48459737f5e38de24ddb/servers/9799f281-b3da-42db-81ca-b618cf8fbedc 0.194s
2015-12-06 10:55:30,410 27349 DEBUG    [tempest_lib.common.rest_client] Request - Headers: {'Content-Type': 'application/json', 'Accept': 'application/json', 'X-Auth-Token': '&lt;omitted&gt;'}
        Body: None
    Response - Headers: {'status': '200', 'content-length': '1781', 'content-location': 'http://10.0.2.15:8774/v2.1/7f0afc3befee48459737f5e38de24ddb/servers/9799f281-b3da-42db-81ca-b618cf8fbedc', 'x-compute-request-id': 'req-19447e83-eb25-4d99-8c03-2c2895a67b3c', 'vary': 'X-OpenStack-Nova-API-Version', 'connection': 'close', 'x-openstack-nova-api-version': '2.1', 'date': 'Sun, 06 Dec 2015 10:55:30 GMT', 'content-type': 'application/json'}
        Body: {"server": {"status": "ACTIVE", "updated": "2015-12-06T10:55:29Z", "hostId": "1b9242cbbda0d2968981ba38695cddd5ed28ba2103a335837c9c7847", "addresses": {"tempest-network-smoke--1076001523": [{"OS-EXT-IPS-MAC:mac_addr": "fa:16:3e:6e:03:4f", "version": 6, "addr": "2003::f816:3eff:fe6e:34f", "OS-EXT-IPS:type": "fixed"}, {"OS-EXT-IPS-MAC:mac_addr": "fa:16:3e:6e:03:4f", "version": 4, "addr": "10.100.0.3", "OS-EXT-IPS:type": "fixed"}]}, "links": [{"href": "http://10.0.2.15:8774/v2.1/7f0afc3befee48459737f5e38de24ddb/servers/9799f281-b3da-42db-81ca-b618cf8fbedc", "rel": "self"}, {"href": "http://10.0.2.15:8774/7f0afc3befee48459737f5e38de24ddb/servers/9799f281-b3da-42db-81ca-b618cf8fbedc", "rel": "bookmark"}], "key_name": "tempest-TestGettingAddress-1864536789", "image": {"id": "646ed688-456a-4c48-9d78-e6156340498d", "links": [{"href": "http://10.0.2.15:8774/7f0afc3befee48459737f5e38de24ddb/images/646ed688-456a-4c48-9d78-e6156340498d", "rel": "bookmark"}]}, "OS-EXT-STS:task_state": null, "OS-EXT-STS:vm_state": "active", "OS-SRV-USG:launched_at": "2015-12-06T10:55:29.000000", "flavor": {"id": "42", "links": [{"href": "http://10.0.2.15:8774/7f0afc3befee48459737f5e38de24ddb/flavors/42", "rel": "bookmark"}]}, "id": "9799f281-b3da-42db-81ca-b618cf8fbedc", "security_groups": [{"name": "tempest-secgroup-smoke-1400924507"}], "OS-SRV-USG:terminated_at": null, "OS-EXT-AZ:availability_zone": "nova", "user_id": "6c06b7f71ec84217844fb378dc336cbe", "name": "tempest.common.compute-instance-1180408012", "created": "2015-12-06T10:55:26Z", "tenant_id": "7f0afc3befee48459737f5e38de24ddb", "OS-DCF:diskConfig": "MANUAL", "os-extended-volumes:volumes_attached": [], "accessIPv4": "", "accessIPv6": "", "progress": 0, "OS-EXT-STS:power_state": 1, "config_drive": "True", "metadata": {}}}
2015-12-06 10:55:30,451 27349 INFO     [tempest_lib.common.rest_client] Request (TestGettingAddress:test_dhcp6_stateless_from_os): 200 GET http://10.0.2.15:9696/v2.0/ports?status=ACTIVE&amp;fixed_ip=None&amp;device_id=9799f281-b3da-42db-81ca-b618cf8fbedc 0.032s
2015-12-06 10:55:30,451 27349 DEBUG    [tempest_lib.common.rest_client] Request - Headers: {'Content-Type': 'application/json', 'Accept': 'application/json', 'X-Auth-Token': '&lt;omitted&gt;'}
        Body: None
    Response - Headers: {'status': '200', 'content-length': '1138', 'content-location': 'http://10.0.2.15:9696/v2.0/ports?status=ACTIVE&amp;fixed_ip=None&amp;device_id=9799f281-b3da-42db-81ca-b618cf8fbedc', 'connection': 'close', 'date': 'Sun, 06 Dec 2015 10:55:30 GMT', 'content-type': 'application/json; charset=UTF-8', 'x-openstack-request-id': 'req-126385dc-2a52-439d-956f-d82f928bbc72'}
        Body: {"ports": [{"status": "ACTIVE", "binding:host_id": "vagrant-ubuntu-trusty-64", "allowed_address_pairs": [], "extra_dhcp_opts": [], "dns_assignment": [{"hostname": "host-10-100-0-3", "ip_address": "10.100.0.3", "fqdn": "host-10-100-0-3.openstacklocal."}, {"hostname": "host-2003--f816-3eff-fe6e-34f", "ip_address": "2003::f816:3eff:fe6e:34f", "fqdn": "host-2003--f816-3eff-fe6e-34f.openstacklocal."}], "device_owner": "compute:None", "port_security_enabled": true, "binding:profile": {}, "fixed_ips": [{"subnet_id": "320b1120-ff6a-4a5c-93bb-26f4c896fb83", "ip_address": "10.100.0.3"}, {"subnet_id": "322e8b37-3adc-49a8-a86e-1e4c25b60290", "ip_address": "2003::f816:3eff:fe6e:34f"}], "id": "33a1f88c-5096-462f-b432-7b281743e4b1", "security_groups": ["db5ff21b-def1-4dda-af0e-30a302cf91ff"], "device_id": "9799f281-b3da-42db-81ca-b618cf8fbedc", "name": "", "admin_state_up": true, "network_id": "8ca1c7d7-d774-417f-87c1-25450baf3f7f", "dns_name": "", "binding:vif_details": {"port_filter": true}, "binding:vnic_type": "normal", "binding:vif_type": "ovs", "tenant_id": "7f0afc3befee48459737f5e38de24ddb", "mac_address": "fa:16:3e:6e:03:4f"}]}
2015-12-06 10:55:30,847 27349 INFO     [tempest_lib.common.rest_client] Request (TestGettingAddress:test_dhcp6_stateless_from_os): 201 POST http://10.0.2.15:9696/v2.0/floatingips 0.395s
2015-12-06 10:55:30,848 27349 DEBUG    [tempest_lib.common.rest_client] Request - Headers: {'Content-Type': 'application/json', 'Accept': 'application/json', 'X-Auth-Token': '&lt;omitted&gt;'}
        Body: {"floatingip": {"floating_network_id": "b2cc0047-8a4f-43ab-a008-e5c3241c01a9", "tenant_id": "7f0afc3befee48459737f5e38de24ddb", "fixed_ip_address": "10.100.0.3", "port_id": "33a1f88c-5096-462f-b432-7b281743e4b1"}}
    Response - Headers: {'status': '201', 'content-length': '367', 'connection': 'close', 'date': 'Sun, 06 Dec 2015 10:55:30 GMT', 'content-type': 'application/json; charset=UTF-8', 'x-openstack-request-id': 'req-a4715727-9ff7-4fd2-8224-221087006b37'}
        Body: {"floatingip": {"floating_network_id": "b2cc0047-8a4f-43ab-a008-e5c3241c01a9", "router_id": "c7f5bd94-7aad-4356-a38c-1c192ea25615", "fixed_ip_address": "10.100.0.3", "floating_ip_address": "172.24.4.4", "tenant_id": "7f0afc3befee48459737f5e38de24ddb", "status": "DOWN", "port_id": "33a1f88c-5096-462f-b432-7b281743e4b1", "id": "747540ee-4a3f-45cb-bff0-c5dc74391366"}}
2015-12-06 10:55:30,849 27349 INFO     [tempest_lib.common.ssh] Creating ssh connection to '172.24.4.4' as 'cirros' with public key authentication
2015-12-06 10:55:34,483 27349 WARNING  [tempest_lib.common.ssh] Failed to establish authenticated ssh connection to cirros@172.24.4.4 ([Errno None] Unable to connect to port 22 on  or 172.24.4.4). Number attempts: 1. Retry after 2 seconds.
2015-12-06 10:55:39,983 27349 WARNING  [tempest_lib.common.ssh] Failed to establish authenticated ssh connection to cirros@172.24.4.4 ([Errno None] Unable to connect to port 22 on  or 172.24.4.4). Number attempts: 2. Retry after 3 seconds.
2015-12-06 10:55:46,487 27349 WARNING  [tempest_lib.common.ssh] Failed to establish authenticated ssh connection to cirros@172.24.4.4 ([Errno None] Unable to connect to port 22 on  or 172.24.4.4). Number attempts: 3. Retry after 4 seconds.
2015-12-06 10:55:53,991 27349 WARNING  [tempest_lib.common.ssh] Failed to establish authenticated ssh connection to cirros@172.24.4.4 ([Errno None] Unable to connect to port 22 on  or 172.24.4.4). Number attempts: 4. Retry after 5 seconds.
2015-12-06 10:56:02,501 27349 WARNING  [tempest_lib.common.ssh] Failed to establish authenticated ssh connection to cirros@172.24.4.4 ([Errno None] Unable to connect to port 22 on  or 172.24.4.4). Number attempts: 5. Retry after 6 seconds.
2015-12-06 10:56:12,011 27349 WARNING  [tempest_lib.common.ssh] Failed to establish authenticated ssh connection to cirros@172.24.4.4 ([Errno None] Unable to connect to port 22 on  or 172.24.4.4). Number attempts: 6. Retry after 7 seconds.
2015-12-06 10:56:22,519 27349 WARNING  [tempest_lib.common.ssh] Failed to establish authenticated ssh connection to cirros@172.24.4.4 ([Errno None] Unable to connect to port 22 on  or 172.24.4.4). Number attempts: 7. Retry after 8 seconds.
2015-12-06 10:56:34,027 27349 WARNING  [tempest_lib.common.ssh] Failed to establish authenticated ssh connection to cirros@172.24.4.4 ([Errno None] Unable to connect to port 22 on  or 172.24.4.4). Number attempts: 8. Retry after 9 seconds.
2015-12-06 10:56:46,536 27349 WARNING  [tempest_lib.common.ssh] Failed to establish authenticated ssh connection to cirros@172.24.4.4 ([Errno None] Unable to connect to port 22 on  or 172.24.4.4). Number attempts: 9. Retry after 10 seconds.
2015-12-06 10:57:00,047 27349 WARNING  [tempest_lib.common.ssh] Failed to establish authenticated ssh connection to cirros@172.24.4.4 ([Errno None] Unable to connect to port 22 on  or 172.24.4.4). Number attempts: 10. Retry after 11 seconds.
2015-12-06 10:57:14,567 27349 WARNING  [tempest_lib.common.ssh] Failed to establish authenticated ssh connection to cirros@172.24.4.4 ([Errno None] Unable to connect to port 22 on  or 172.24.4.4). Number attempts: 11. Retry after 12 seconds.
2015-12-06 10:57:30,080 27349 WARNING  [tempest_lib.common.ssh] Failed to establish authenticated ssh connection to cirros@172.24.4.4 ([Errno None] Unable to connect to port 22 on  or 172.24.4.4). Number attempts: 12. Retry after 13 seconds.
2015-12-06 10:57:46,596 27349 WARNING  [tempest_lib.common.ssh] Failed to establish authenticated ssh connection to cirros@172.24.4.4 ([Errno None] Unable to connect to port 22 on  or 172.24.4.4). Number attempts: 13. Retry after 14 seconds.
2015-12-06 10:58:04,100 27349 WARNING  [tempest_lib.common.ssh] Failed to establish authenticated ssh connection to cirros@172.24.4.4 ([Errno None] Unable to connect to port 22 on  or 172.24.4.4). Number attempts: 14. Retry after 15 seconds.
2015-12-06 10:58:22,612 27349 WARNING  [tempest_lib.common.ssh] Failed to establish authenticated ssh connection to cirros@172.24.4.4 ([Errno None] Unable to connect to port 22 on  or 172.24.4.4). Number attempts: 15. Retry after 16 seconds.
2015-12-06 10:58:42,128 27349 WARNING  [tempest_lib.common.ssh] Failed to establish authenticated ssh connection to cirros@172.24.4.4 ([Errno None] Unable to connect to port 22 on  or 172.24.4.4). Number attempts: 16. Retry after 17 seconds.
2015-12-06 10:59:02,644 27349 ERROR    [tempest_lib.common.ssh] Failed to establish authenticated ssh connection to cirros@172.24.4.4 after 16 attempts
2015-12-06 10:59:02.644 27349 ERROR tempest_lib.common.ssh Traceback (most recent call last):
2015-12-06 10:59:02.644 27349 ERROR tempest_lib.common.ssh   File "/usr/local/lib/python2.7/dist-packages/tempest_lib/common/ssh.py", line 75, in _get_ssh_connection
2015-12-06 10:59:02.644 27349 ERROR tempest_lib.common.ssh     timeout=self.channel_timeout, pkey=self.pkey)
2015-12-06 10:59:02.644 27349 ERROR tempest_lib.common.ssh   File "/usr/local/lib/python2.7/dist-packages/paramiko/client.py", line 311, in connect
2015-12-06 10:59:02.644 27349 ERROR tempest_lib.common.ssh     raise NoValidConnectionsError(errors)
2015-12-06 10:59:02.644 27349 ERROR tempest_lib.common.ssh NoValidConnectionsError: [Errno None] Unable to connect to port 22 on  or 172.24.4.4
2015-12-06 10:59:02.644 27349 ERROR tempest_lib.common.ssh 
2015-12-06 10:59:02,646 27349 ERROR    [tempest.scenario.manager] (TestGettingAddress:test_dhcp6_stateless_from_os) Initializing SSH connection to 172.24.4.4 failed. Error: Connection to the 172.24.4.4 via SSH timed out.
User: cirros, Password: None
2015-12-06 10:59:02.646 27349 ERROR tempest.scenario.manager Traceback (most recent call last):
2015-12-06 10:59:02.646 27349 ERROR tempest.scenario.manager   File "tempest/scenario/manager.py", line 383, in get_remote_client
2015-12-06 10:59:02.646 27349 ERROR tempest.scenario.manager     linux_client.validate_authentication()
2015-12-06 10:59:02.646 27349 ERROR tempest.scenario.manager   File "tempest/common/utils/linux/remote_client.py", line 63, in validate_authentication
2015-12-06 10:59:02.646 27349 ERROR tempest.scenario.manager     self.ssh_client.test_connection_auth()
2015-12-06 10:59:02.646 27349 ERROR tempest.scenario.manager   File "/usr/local/lib/python2.7/dist-packages/tempest_lib/common/ssh.py", line 167, in test_connection_auth
2015-12-06 10:59:02.646 27349 ERROR tempest.scenario.manager     connection = self._get_ssh_connection()
2015-12-06 10:59:02.646 27349 ERROR tempest.scenario.manager   File "/usr/local/lib/python2.7/dist-packages/tempest_lib/common/ssh.py", line 87, in _get_ssh_connection
2015-12-06 10:59:02.646 27349 ERROR tempest.scenario.manager     password=self.password)
2015-12-06 10:59:02.646 27349 ERROR tempest.scenario.manager SSHTimeout: Connection to the 172.24.4.4 via SSH timed out.
2015-12-06 10:59:02.646 27349 ERROR tempest.scenario.manager User: cirros, Password: None
2015-12-06 10:59:02.646 27349 ERROR tempest.scenario.manager 
2015-12-06 10:59:02,736 27349 INFO     [tempest_lib.common.rest_client] Request (TestGettingAddress:test_dhcp6_stateless_from_os): 200 GET http://10.0.2.15:8774/v2.1/7f0afc3befee48459737f5e38de24ddb/servers 0.088s
2015-12-06 10:59:02,736 27349 DEBUG    [tempest_lib.common.rest_client] Request - Headers: {'Content-Type': 'application/json', 'Accept': 'application/json', 'X-Auth-Token': '&lt;omitted&gt;'}
        Body: None
    Response - Headers: {'status': '200', 'content-length': '391', 'content-location': 'http://10.0.2.15:8774/v2.1/7f0afc3befee48459737f5e38de24ddb/servers', 'x-compute-request-id': 'req-52948fcf-746c-4684-afea-fc20a9ba4bd8', 'vary': 'X-OpenStack-Nova-API-Version', 'connection': 'close', 'x-openstack-nova-api-version': '2.1', 'date': 'Sun, 06 Dec 2015 10:59:02 GMT', 'content-type': 'application/json'}
        Body: {"servers": [{"id": "9799f281-b3da-42db-81ca-b618cf8fbedc", "links": [{"href": "http://10.0.2.15:8774/v2.1/7f0afc3befee48459737f5e38de24ddb/servers/9799f281-b3da-42db-81ca-b618cf8fbedc", "rel": "self"}, {"href": "http://10.0.2.15:8774/7f0afc3befee48459737f5e38de24ddb/servers/9799f281-b3da-42db-81ca-b618cf8fbedc", "rel": "bookmark"}], "name": "tempest.common.compute-instance-1180408012"}]}
2015-12-06 10:59:02,950 27349 INFO     [tempest_lib.common.rest_client] Request (TestGettingAddress:test_dhcp6_stateless_from_os): 200 POST http://10.0.2.15:8774/v2.1/7f0afc3befee48459737f5e38de24ddb/servers/9799f281-b3da-42db-81ca-b618cf8fbedc/action 0.206s
2015-12-06 10:59:02,951 27349 DEBUG    [tempest_lib.common.rest_client] Request - Headers: {'Content-Type': 'application/json', 'Accept': 'application/json', 'X-Auth-Token': '&lt;omitted&gt;'}
        Body: {"os-getConsoleOutput": {}}
    Response - Headers: {'status': '200', 'content-length': '24602', 'x-compute-request-id': 'req-18604406-4965-49ee-a2b6-df614873b3a1', 'vary': 'X-OpenStack-Nova-API-Version', 'connection': 'close', 'x-openstack-nova-api-version': '2.1', 'date': 'Sun, 06 Dec 2015 10:59:02 GMT', 'content-type': 'application/json'}
        Body: {"output": "[    0.000000] Initializing cgroup subsys cpuset\n[    0.000000] Initializing cgroup subsys cpu\n[    0.000000] Linux version 3.2.0-80-virtual (buildd@batsu) (gcc version 4.6.3 (Ubuntu/Linaro 4.6.3-1ubuntu5) ) #116-Ubuntu SMP Mon Mar 23 17:28:52 UTC 2015 (Ubuntu 3.2.0-80.116-virtual 3.2.68)\n[    0.000000] Command line: root=/dev/vda console=tty0 console=ttyS0 no_timer_check\n[    0.000000] KERNEL supported cpus:\n[    0.000000]   Intel GenuineIntel\n[    0.000000]   AMD AuthenticAMD\n[    0.000000]   Centaur CentaurHauls\n[    0.000000] BIOS-provided physical RAM map:\n[    0.000000]  BIOS-e820: 0000000000000000 - 000000000009fc00 (usable)\n[    0.000000]  BIOS-e820: 000000000009fc00 - 00000000000a0000 (reserved)\n[    0.000000]  BIOS-e820: 00000000000f0000 - 0000000000100000 (reserved)\n[    0.000000]  BIOS-e820: 0000000000100000 - 0000000003ffe000 (usable)\n[    0.000000]  BIOS-e820: 0000000003ffe000 - 0000000004000000 (reserved)\n[    0.000000]  BIOS-e820: 00000000fffc0000 - 0000000100000000 (reserved)\n[    0.000000] NX (Execute Disable) protection: active\n[    0.000000] SMBIOS 2.4 present.\n[    0.000000] No AGP bridge found\n[    0.000000] last_pfn = 0x3ffe max_arch_pfn = 0x400000000\n[    0.000000] x86 PAT enabled: cpu 0, old 0x7040600070406, new 0x7010600070106\n[    0.000000] found SMP MP-table at [ffff8800000f0b00] f0b00\n[    0.000000] init_memory_mapping: 0000000000000000-0000000003ffe000\n[    0.000000] RAMDISK: 03c5e000 - 03ff0000\n[    0.000000] ACPI: RSDP 00000000000f0950 00014 (v00 BOCHS )\n[    0.000000] ACPI: RSDT 0000000003fffbc1 00034 (v01 BOCHS  BXPCRSDT 00000001 BXPC 00000001)\n[    0.000000] ACPI: FACP 0000000003fff1c0 00074 (v01 BOCHS  BXPCFACP 00000001 BXPC 00000001)\n[    0.000000] ACPI: DSDT 0000000003ffe040 01180 (v01 BOCHS  BXPCDSDT 00000001 BXPC 00000001)\n[    0.000000] ACPI: FACS 0000000003ffe000 00040\n[    0.000000] ACPI: SSDT 0000000003fff234 008DD (v01 BOCHS  BXPCSSDT 00000001 BXPC 00000001)\n[    0.000000] ACPI: APIC 0000000003fffb11 00078 (v01 BOCHS  BXPCAPIC 00000001 BXPC 00000001)\n[    0.000000] ACPI: HPET 0000000003fffb89 00038 (v01 BOCHS  BXPCHPET 00000001 BXPC 00000001)\n[    0.000000] No NUMA configuration found\n[    0.000000] Faking a node at 0000000000000000-0000000003ffe000\n[    0.000000] Initmem setup node 0 0000000000000000-0000000003ffe000\n[    0.000000]   NODE_DATA [0000000003ff6000 - 0000000003ffafff]\n[    0.000000] Zone PFN ranges:\n[    0.000000]   DMA      0x00000010 -&gt; 0x00001000\n[    0.000000]   DMA32    0x00001000 -&gt; 0x00100000\n[    0.000000]   Normal   empty\n[    0.000000] Movable zone start PFN for each node\n[    0.000000] early_node_map[2] active PFN ranges\n[    0.000000]     0: 0x00000010 -&gt; 0x0000009f\n[    0.000000]     0: 0x00000100 -&gt; 0x00003ffe\n[    0.000000] ACPI: PM-Timer IO Port: 0xb008\n[    0.000000] ACPI: LAPIC (acpi_id[0x00] lapic_id[0x00] enabled)\n[    0.000000] ACPI: LAPIC_NMI (acpi_id[0xff] dfl dfl lint[0x1])\n[    0.000000] ACPI: IOAPIC (id[0x00] address[0xfec00000] gsi_base[0])\n[    0.000000] IOAPIC[0]: apic_id 0, version 17, address 0xfec00000, GSI 0-23\n[    0.000000] ACPI: INT_SRC_OVR (bus 0 bus_irq 0 global_irq 2 dfl dfl)\n[    0.000000] ACPI: INT_SRC_OVR (bus 0 bus_irq 5 global_irq 5 high level)\n[    0.000000] ACPI: INT_SRC_OVR (bus 0 bus_irq 9 global_irq 9 high level)\n[    0.000000] ACPI: INT_SRC_OVR (bus 0 bus_irq 10 global_irq 10 high level)\n[    0.000000] ACPI: INT_SRC_OVR (bus 0 bus_irq 11 global_irq 11 high level)\n[    0.000000] Using ACPI (MADT) for SMP configuration information\n[    0.000000] ACPI: HPET id: 0x8086a201 base: 0xfed00000\n[    0.000000] SMP: Allowing 1 CPUs, 0 hotplug CPUs\n[    0.000000] PM: Registered nosave memory: 000000000009f000 - 00000000000a0000\n[    0.000000] PM: Registered nosave memory: 00000000000a0000 - 00000000000f0000\n[    0.000000] PM: Registered nosave memory: 00000000000f0000 - 0000000000100000\n[    0.000000] Allocating PCI resources starting at 4000000 (gap: 4000000:fbfc0000)\n[    0.000000] Booting paravirtualized kernel on bare hardware\n[    0.000000] setup_pe
2015-12-06 10:59:02,954 27349 DEBUG    [tempest.scenario.manager] Console output for 9799f281-b3da-42db-81ca-b618cf8fbedc
body=
[    0.000000] Initializing cgroup subsys cpuset
[    0.000000] Initializing cgroup subsys cpu
[    0.000000] Linux version 3.2.0-80-virtual (buildd@batsu) (gcc version 4.6.3 (Ubuntu/Linaro 4.6.3-1ubuntu5) ) #116-Ubuntu SMP Mon Mar 23 17:28:52 UTC 2015 (Ubuntu 3.2.0-80.116-virtual 3.2.68)
[    0.000000] Command line: root=/dev/vda console=tty0 console=ttyS0 no_timer_check
[    0.000000] KERNEL supported cpus:
[    0.000000]   Intel GenuineIntel
[    0.000000]   AMD AuthenticAMD
[    0.000000]   Centaur CentaurHauls
[    0.000000] BIOS-provided physical RAM map:
[    0.000000]  BIOS-e820: 0000000000000000 - 000000000009fc00 (usable)
[    0.000000]  BIOS-e820: 000000000009fc00 - 00000000000a0000 (reserved)
[    0.000000]  BIOS-e820: 00000000000f0000 - 0000000000100000 (reserved)
[    0.000000]  BIOS-e820: 0000000000100000 - 0000000003ffe000 (usable)
[    0.000000]  BIOS-e820: 0000000003ffe000 - 0000000004000000 (reserved)
[    0.000000]  BIOS-e820: 00000000fffc0000 - 0000000100000000 (reserved)
[    0.000000] NX (Execute Disable) protection: active
[    0.000000] SMBIOS 2.4 present.
[    0.000000] No AGP bridge found
[    0.000000] last_pfn = 0x3ffe max_arch_pfn = 0x400000000
[    0.000000] x86 PAT enabled: cpu 0, old 0x7040600070406, new 0x7010600070106
[    0.000000] found SMP MP-table at [ffff8800000f0b00] f0b00
[    0.000000] init_memory_mapping: 0000000000000000-0000000003ffe000
[    0.000000] RAMDISK: 03c5e000 - 03ff0000
[    0.000000] ACPI: RSDP 00000000000f0950 00014 (v00 BOCHS )
[    0.000000] ACPI: RSDT 0000000003fffbc1 00034 (v01 BOCHS  BXPCRSDT 00000001 BXPC 00000001)
[    0.000000] ACPI: FACP 0000000003fff1c0 00074 (v01 BOCHS  BXPCFACP 00000001 BXPC 00000001)
[    0.000000] ACPI: DSDT 0000000003ffe040 01180 (v01 BOCHS  BXPCDSDT 00000001 BXPC 00000001)
[    0.000000] ACPI: FACS 0000000003ffe000 00040
[    0.000000] ACPI: SSDT 0000000003fff234 008DD (v01 BOCHS  BXPCSSDT 00000001 BXPC 00000001)
[    0.000000] ACPI: APIC 0000000003fffb11 00078 (v01 BOCHS  BXPCAPIC 00000001 BXPC 00000001)
[    0.000000] ACPI: HPET 0000000003fffb89 00038 (v01 BOCHS  BXPCHPET 00000001 BXPC 00000001)
[    0.000000] No NUMA configuration found
[    0.000000] Faking a node at 0000000000000000-0000000003ffe000
[    0.000000] Initmem setup node 0 0000000000000000-0000000003ffe000
[    0.000000]   NODE_DATA [0000000003ff6000 - 0000000003ffafff]
[    0.000000] Zone PFN ranges:
[    0.000000]   DMA      0x00000010 -&gt; 0x00001000
[    0.000000]   DMA32    0x00001000 -&gt; 0x00100000
[    0.000000]   Normal   empty
[    0.000000] Movable zone start PFN for each node
[    0.000000] early_node_map[2] active PFN ranges
[    0.000000]     0: 0x00000010 -&gt; 0x0000009f
[    0.000000]     0: 0x00000100 -&gt; 0x00003ffe
[    0.000000] ACPI: PM-Timer IO Port: 0xb008
[    0.000000] ACPI: LAPIC (acpi_id[0x00] lapic_id[0x00] enabled)
[    0.000000] ACPI: LAPIC_NMI (acpi_id[0xff] dfl dfl lint[0x1])
[    0.000000] ACPI: IOAPIC (id[0x00] address[0xfec00000] gsi_base[0])
[    0.000000] IOAPIC[0]: apic_id 0, version 17, address 0xfec00000, GSI 0-23
[    0.000000] ACPI: INT_SRC_OVR (bus 0 bus_irq 0 global_irq 2 dfl dfl)
[    0.000000] ACPI: INT_SRC_OVR (bus 0 bus_irq 5 global_irq 5 high level)
[    0.000000] ACPI: INT_SRC_OVR (bus 0 bus_irq 9 global_irq 9 high level)
[    0.000000] ACPI: INT_SRC_OVR (bus 0 bus_irq 10 global_irq 10 high level)
[    0.000000] ACPI: INT_SRC_OVR (bus 0 bus_irq 11 global_irq 11 high level)
[    0.000000] Using ACPI (MADT) for SMP configuration information
[    0.000000] ACPI: HPET id: 0x8086a201 base: 0xfed00000
[    0.000000] SMP: Allowing 1 CPUs, 0 hotplug CPUs
[    0.000000] PM: Registered nosave memory: 000000000009f000 - 00000000000a0000
[    0.000000] PM: Registered nosave memory: 00000000000a0000 - 00000000000f0000
[    0.000000] PM: Registered nosave memory: 00000000000f0000 - 0000000000100000
[    0.000000] Allocating PCI resources starting at 4000000 (gap: 4000000:fbfc0000)
[    0.000000] Booting paravirtualized kernel on bare hardware
[    0.000000] setup_percpu: NR_CPUS:64 nr_cpumask_bits:64 nr_cpu_ids:1 nr_node_ids:1
[    0.000000] PERCPU: Embedded 27 pages/cpu @ffff880003a00000 s78848 r8192 d23552 u2097152
[    0.000000] Built 1 zonelists in Node order, mobility grouping on.  Total pages: 16008
[    0.000000] Policy zone: DMA32
[    0.000000] Kernel command line: root=/dev/vda console=tty0 console=ttyS0 no_timer_check
[    0.000000] PID hash table entries: 256 (order: -1, 2048 bytes)
[    0.000000] Checking aperture...
[    0.000000] No AGP bridge found
[    0.000000] Memory: 43492k/65528k available (6576k kernel code, 452k absent, 21584k reserved, 6620k data, 928k init)
[    0.000000] SLUB: Genslabs=15, HWalign=64, Order=0-3, MinObjects=0, CPUs=1, Nodes=1
[    0.000000] Hierarchical RCU implementation.
[    0.000000] 	RCU dyntick-idle grace-period acceleration is enabled.
[    0.000000] NR_IRQS:4352 nr_irqs:256 16
[    0.000000] Console: colour VGA+ 80x25
[    0.000000] console [tty0] enabled
[    0.000000] console [ttyS0] enabled
[    0.000000] allocated 1048576 bytes of page_cgroup
[    0.000000] please try 'cgroup_disable=memory' option if you don't want memory cgroups
[    0.000000] Fast TSC calibration failed
[    0.000000] TSC: Unable to calibrate against PIT
[    0.000000] TSC: using HPET reference calibration
[    0.000000] Detected 2293.266 MHz processor.
[    0.032646] Calibrating delay loop (skipped), value calculated using timer frequency.. 4586.53 BogoMIPS (lpj=9173064)
[    0.034765] pid_max: default: 32768 minimum: 301
[    0.044468] Security Framework initialized
[    0.048787] AppArmor: AppArmor initialized
[    0.049624] Yama: becoming mindful.
[    0.059302] Dentry cache hash table entries: 8192 (order: 4, 65536 bytes)
[    0.060961] Inode-cache hash table entries: 4096 (order: 3, 32768 bytes)
[    0.064921] Mount-cache hash table entries: 256
[    0.083007] Initializing cgroup subsys cpuacct
[    0.084004] Initializing cgroup subsys memory
[    0.084004] Initializing cgroup subsys devices
[    0.084189] Initializing cgroup subsys freezer
[    0.088152] Initializing cgroup subsys blkio
[    0.088934] Initializing cgroup subsys perf_event
[    0.093281] mce: CPU supports 10 MCE banks
[    0.096899] SMP alternatives: switching to UP code
[    0.469059] Freeing SMP alternatives: 24k freed
[    0.470567] ACPI: Core revision 20110623
[    0.528824] ftrace: allocating 26610 entries in 105 pages
[    0.564034] ..TIMER: vector=0x30 apic1=0 pin1=2 apic2=-1 pin2=-1
[    0.564133] CPU0: AMD QEMU Virtual CPU version 2.0.0 stepping 03
[    0.568034] APIC calibration not consistent with PM-Timer: 98ms instead of 100ms
[    0.568034] APIC delta adjusted to PM-Timer: 6249930 (6185433)
[    0.568034] Performance Events: Broken PMU hardware detected, using software events only.
[    0.576122] NMI watchdog disabled (cpu0): hardware events not enabled
[    0.577540] Brought up 1 CPUs
[    0.578054] Total of 1 processors activated (4586.53 BogoMIPS).
[    0.600794] devtmpfs: initialized
[    0.631121] EVM: security.selinux
[    0.631701] EVM: security.SMACK64
[    0.632078] EVM: security.capability
[    0.652689] print_constraints: dummy: 
[    0.654364] RTC time: 10:55:33, date: 12/06/15
[    0.657290] NET: Registered protocol family 16
[    0.665885] ACPI: bus type pci registered
[    0.669723] PCI: Using configuration type 1 for base access
[    0.698757] bio: create slab &lt;bio-0&gt; at 0
[    0.704245] ACPI: Added _OSI(Module Device)
[    0.704940] ACPI: Added _OSI(Processor Device)
[    0.705617] ACPI: Added _OSI(3.0 _SCP Extensions)
[    0.706275] ACPI: Added _OSI(Processor Aggregator Device)
[    0.775134] ACPI: Interpreter enabled
[    0.776182] ACPI: (supports S0 S3 S4 S5)
[    0.777867] ACPI: Using IOAPIC for interrupt routing
[    0.846197] ACPI: No dock devices found.
[    0.846870] HEST: Table not found.
[    0.848313] PCI: Using host bridge windows from ACPI; if necessary, use "pci=nocrs" and report a bug
[    0.853848] ACPI: PCI Root Bridge [PCI0] (domain 0000 [bus 00-ff])
[    0.859314] pci_root PNP0A03:00: host bridge window [io  0x0000-0x0cf7]
[    0.860166] pci_root PNP0A03:00: host bridge window [io  0x0d00-0xadff]
[    0.861048] pci_root PNP0A03:00: host bridge window [io  0xae0f-0xaeff]
[    0.861841] pci_root PNP0A03:00: host bridge window [io  0xaf20-0xafdf]
[    0.864112] pci_root PNP0A03:00: host bridge window [io  0xafe4-0xffff]
[    0.865038] pci_root PNP0A03:00: host bridge window [mem 0x000a0000-0x000bffff]
[    0.865999] pci_root PNP0A03:00: host bridge window [mem 0x04000000-0xfebfffff]
[    0.890222] pci 0000:00:01.3: quirk: [io  0xb000-0xb03f] claimed by PIIX4 ACPI
[    0.892295] pci 0000:00:01.3: quirk: [io  0xb100-0xb10f] claimed by PIIX4 SMB
[    0.968839]  pci0000:00: Unable to request _OSC control (_OSC support mask: 0x1e)
[    1.024920] ACPI: PCI Interrupt Link [LNKA] (IRQs 5 *10 11)
[    1.026963] ACPI: PCI Interrupt Link [LNKB] (IRQs 5 *10 11)
[    1.029304] ACPI: PCI Interrupt Link [LNKC] (IRQs 5 10 *11)
[    1.032285] ACPI: PCI Interrupt Link [LNKD] (IRQs 5 10 *11)
[    1.034723] ACPI: PCI Interrupt Link [LNKS] (IRQs *9)
[    1.047190] vgaarb: device added: PCI:0000:00:02.0,decodes=io+mem,owns=io+mem,locks=none
[    1.048194] vgaarb: loaded
[    1.048580] vgaarb: bridge control possible 0000:00:02.0
[    1.053897] i2c-core: driver [aat2870] using legacy suspend method
[    1.054631] i2c-core: driver [aat2870] using legacy resume method
[    1.057154] SCSI subsystem initialized
[    1.061736] usbcore: registered new interface driver usbfs
[    1.062414] usbcore: registered new interface driver hub
[    1.064364] usbcore: registered new device driver usb
[    1.068570] PCI: Using ACPI for IRQ routing
[    1.080112] NetLabel: Initializing
[    1.080592] NetLabel:  domain hash size = 128
[    1.081267] NetLabel:  protocols = UNLABELED CIPSOv4
[    1.083099] NetLabel:  unlabeled traffic allowed by default
[    1.085990] HPET: 3 timers in total, 0 timers will be used for per-cpu timer
[    1.086974] hpet0: at MMIO 0xfed00000, IRQs 2, 8, 0
[    1.088585] hpet0: 3 comparators, 64-bit 100.000000 MHz counter
[    1.098141] Switching to clocksource hpet
[    1.346639] AppArmor: AppArmor Filesystem Enabled
[    1.348585] pnp: PnP ACPI init
[    1.349739] ACPI: bus type pnp registered
[    1.370789] pnp: PnP ACPI: found 9 devices
[    1.371773] ACPI: ACPI bus type pnp unregistered
[    1.430949] NET: Registered protocol family 2
[    1.467507] IP route cache hash table entries: 512 (order: 0, 4096 bytes)
[    1.475266] TCP established hash table entries: 2048 (order: 3, 32768 bytes)
[    1.477923] TCP bind hash table entries: 2048 (order: 3, 32768 bytes)
[    1.478839] TCP: Hash tables configured (established 2048 bind 2048)
[    1.479860] TCP reno registered
[    1.481052] UDP hash table entries: 128 (order: 0, 4096 bytes)
[    1.481906] UDP-Lite hash table entries: 128 (order: 0, 4096 bytes)
[    1.485146] NET: Registered protocol family 1
[    1.486479] pci 0000:00:00.0: Limiting direct PCI/PCI transfers
[    1.487290] pci 0000:00:01.0: PIIX3: Enabling Passive Release
[    1.488130] pci 0000:00:01.0: Activating ISA DMA hang workarounds
[    1.494229] ACPI: PCI Interrupt Link [LNKD] enabled at IRQ 11
[    1.495922] pci 0000:00:01.2: PCI INT D -&gt; Link[LNKD] -&gt; GSI 11 (level, high) -&gt; IRQ 11
[    1.499286] pci 0000:00:01.2: PCI INT D disabled
[    1.522434] Trying to unpack rootfs image as initramfs...
[    1.539453] audit: initializing netlink socket (disabled)
[    1.541665] type=2000 audit(1449399333.540:1): initialized
[    1.818435] HugeTLB registered 2 MB page size, pre-allocated 0 pages
[    1.911689] VFS: Disk quotas dquot_6.5.2
[    1.913775] Dquot-cache hash table entries: 512 (order 0, 4096 bytes)
[    1.933880] fuse init (API version 7.17)
[    1.942339] msgmni has been set to 84
[    1.979588] Block layer SCSI generic (bsg) driver version 0.4 loaded (major 253)
[    1.990985] io scheduler noop registered
[    1.991709] io scheduler deadline registered (default)
[    1.993872] io scheduler cfq registered
[    1.998397] pci_hotplug: PCI Hot Plug PCI Core version: 0.5
[    2.002354] pciehp: PCI Express Hot Plug Controller Driver version: 0.4
[    2.009061] input: Power Button as /devices/LNXSYSTM:00/LNXPWRBN:00/input/input0
[    2.010765] ACPI: Power Button [PWRF]
[    2.061840] ERST: Table is not found!
[    2.062364] GHES: HEST is not enabled!
[    2.074359] ACPI: PCI Interrupt Link [LNKC] enabled at IRQ 10
[    2.075196] virtio-pci 0000:00:03.0: PCI INT A -&gt; Link[LNKC] -&gt; GSI 10 (level, high) -&gt; IRQ 10
[    2.079246] virtio-pci 0000:00:04.0: PCI INT A -&gt; Link[LNKD] -&gt; GSI 11 (level, high) -&gt; IRQ 11
[    2.091144] ACPI: PCI Interrupt Link [LNKA] enabled at IRQ 10
[    2.091874] virtio-pci 0000:00:05.0: PCI INT A -&gt; Link[LNKA] -&gt; GSI 10 (level, high) -&gt; IRQ 10
[    2.110989] Serial: 8250/16550 driver, 32 ports, IRQ sharing enabled
[    2.165382] serial8250: ttyS0 at I/O 0x3f8 (irq = 4) is a 16550A
[    2.256739] serial8250: ttyS1 at I/O 0x2f8 (irq = 3) is a 16550A
[    2.385733] 00:05: ttyS0 at I/O 0x3f8 (irq = 4) is a 16550A
[    2.469250] 00:06: ttyS1 at I/O 0x2f8 (irq = 3) is a 16550A
[    2.506326] Refined TSC clocksource calibration: 2293.626 MHz.
[    2.507079] Switching to clocksource tsc
[    2.523817] Linux agpgart interface v0.103
[    2.616837] brd: module loaded
[    2.654764] loop: module loaded
[    2.702228]  vda: unknown partition table
[    2.771260] scsi0 : ata_piix
[    2.777273] scsi1 : ata_piix
[    2.780031] ata1: PATA max MWDMA2 cmd 0x1f0 ctl 0x3f6 bmdma 0xc0a0 irq 14
[    2.781904] ata2: PATA max MWDMA2 cmd 0x170 ctl 0x376 bmdma 0xc0a8 irq 15
[    2.791800] Fixed MDIO Bus: probed
[    2.793350] tun: Universal TUN/TAP device driver, 1.6
[    2.793941] tun: (C) 1999-2004 Max Krasnyansky &lt;maxk@qualcomm.com&gt;
[    2.805814] PPP generic driver version 2.4.2
[    2.827482] ehci_hcd: USB 2.0 'Enhanced' Host Controller (EHCI) Driver
[    2.829852] ohci_hcd: USB 1.1 'Open' Host Controller (OHCI) Driver
[    2.830770] uhci_hcd: USB Universal Host Controller Interface driver
[    2.831846] uhci_hcd 0000:00:01.2: PCI INT D -&gt; Link[LNKD] -&gt; GSI 11 (level, high) -&gt; IRQ 11
[    2.835303] uhci_hcd 0000:00:01.2: UHCI Host Controller
[    2.849741] uhci_hcd 0000:00:01.2: new USB bus registered, assigned bus number 1
[    2.851482] uhci_hcd 0000:00:01.2: irq 11, io base 0x0000c040
[    2.883694] hub 1-0:1.0: USB hub found
[    2.885454] hub 1-0:1.0: 2 ports detected
[    2.902937] usbcore: registered new interface driver libusual
[    2.906982] i8042: PNP: PS/2 Controller [PNP0303:KBD,PNP0f13:MOU] at 0x60,0x64 irq 1,12
[    2.915459] serio: i8042 KBD port at 0x60,0x64 irq 1
[    2.917520] serio: i8042 AUX port at 0x60,0x64 irq 12
[    2.965125] mousedev: PS/2 mouse device common for all mice
[    2.999623] rtc_cmos 00:01: RTC can wake from S4
[    3.015616] ata2.01: ATAPI: QEMU DVD-ROM, 2.0.0, max UDMA/100
[    3.031954] input: AT Translated Set 2 keyboard as /devices/platform/i8042/serio0/input/input1
[    3.046513] rtc_cmos 00:01: rtc core: registered rtc_cmos as rtc0
[    3.049927] rtc0: alarms up to one day, 114 bytes nvram, hpet irqs
[    3.053281] device-mapper: uevent: version 1.0.3
[    3.066805] device-mapper: ioctl: 4.22.0-ioctl (2011-10-19) initialised: dm-devel@redhat.com
[    3.070938] cpuidle: using governor ladder
[    3.071440] cpuidle: using governor menu
[    3.072506] EFI Variables Facility v0.08 2004-May-17
[    3.083263] TCP cubic registered
[    3.088443] NET: Registered protocol family 10
[    3.113164] NET: Registered protocol family 17
[    3.113675] Registering the dns_resolver key type
[    3.125052] ata2.01: configured for MWDMA2
[    3.151417] scsi 1:0:1:0: CD-ROM            QEMU     QEMU DVD-ROM     2.0. PQ: 0 ANSI: 5
[    3.166797] sr0: scsi3-mmc drive: 4x/4x cd/rw xa/form2 tray
[    3.167908] cdrom: Uniform CD-ROM driver Revision: 3.20
[    3.193420] sr 1:0:1:0: Attached scsi generic sg0 type 5
[    3.239447] registered taskstats version 1
[    3.281059] Freeing initrd memory: 3656k freed
[    3.811163]   Magic number: 11:437:931
[    3.819362] rtc_cmos 00:01: setting system clock to 2015-12-06 10:55:36 UTC (1449399336)
[    3.821185] powernow-k8: Processor cpuid 663 not supported
[    3.827702] BIOS EDD facility v0.16 2004-Jun-25, 0 devices found
[    3.828928] EDD information not available.
[    3.896543] Freeing unused kernel memory: 928k freed
[    3.902233] Write protecting the kernel read-only data: 12288k
[    4.033665] Freeing unused kernel memory: 1596k freed
[    4.120393] Freeing unused kernel memory: 1184k freed

info: initramfs: up at 4.31
modprobe: module virtio_blk not found in modules.dep
modprobe: module virtio_net not found in modules.dep
info: copying initramfs to /dev/vda
info: initramfs loading root from /dev/vda
info: /etc/init.d/rc.sysinit: up at 9.28
info: container: none
Starting logging: OK
modprobe: module virtio_blk not found in modules.dep
modprobe: module virtio_net not found in modules.dep
WARN: /etc/rc3.d/S10-load-modules failed
Initializing random number generator... done.
Starting acpid: OK
cirros-ds 'local' up at 11.81
found datasource (configdrive, local)
Starting network...
udhcpc (v1.20.1) started
Sending discover...
Sending discover...
Sending discover...
Usage: /sbin/cirros-dhcpc &lt;up|down&gt;
No lease, failing
WARN: /etc/rc3.d/S40-network failed
Starting dropbear sshd: generating rsa key... generating dsa key... OK
no userdata for datasource
=== system information ===
Platform: OpenStack Foundation OpenStack Nova
Container: none
Arch: x86_64
CPU(s): 1 @ 2293.266 MHz
Cores/Sockets/Threads: 1/1/1
Virt-type: AMD-V
RAM Size: 49MB
Disks:
NAME MAJ:MIN     SIZE LABEL         MOUNTPOINT
vda  253:0   25165824 cirros-rootfs /
sr0   11:0     428032 config-2      
=== sshd host keys ===
-----BEGIN SSH HOST KEY KEYS-----
ssh-rsa AAAAB3NzaC1yc2EAAAADAQABAAAAgwDWHDD6eyQrU/EkSM8iFUZWGWpFYQj6qaX2C2Ef4CzBEzhT0v7xcqFNkpqncPFrgRl4Mc/dtdAXJU3xJQkMsUsxMram2x9TZKE6uJx5/iAvMNnOqj0Z3ymEUxmMT7O02yJ2GSh8ofMpY2f6ACyCTZiV5cjVbcQAwBm7NNvDq5EBiEgv root@tempest
ssh-dss AAAAB3NzaC1kc3MAAACBAO0BXJbdue3erIM7NWNoxMayQhoXbTqXaTh4mUpThlYfpdefP+BAEIQAfTEljE2KWZ4GLBPWvrI3WNer4b3vM7640dP9Ly8LAQtJsTVhYrUpS2SBVxuRHicK/4QL9KOvC3B2NIwr35ra4I/udT44Nf4gclM4b/dmpB18LeJJZ7tDAAAAFQDpEsGd3pTCIoT8hdM/wSkszYbZ6wAAAIEA6Z+ajdgOf35sI89sH9MBbMfUdCgJW1ip7YLB/KpjjB+1tZJu341f69M1qxTb8cHAkH4NeE2VCN2U3dIEkzpItDipGjjeIcmltrGxa6HemJ2fgRXf/4tmL8MXCoQWE467bC41v0SN/WOtrE2i6G05fhFumB9j/+l1x1cJjNjLlR0AAACAKRugKl0axkfUzixAom+b/Dpz7+IluqoZVQHgcLli7w3n4SsAIzWkBr+97JEGOQVnAyprp0BD0BZ4RUN3SURgtu6MsydJbH3dxy1z5SDTbfj0/x9bchvT6NAIgMHXLrjtS7y2Ndlor1v4LOAotNLI0bedtzOwFXfiDCHjd1rC2h0= root@tempest
-----END SSH HOST KEY KEYS-----
=== network info ===
if-info: lo,up,127.0.0.1,8,::1
if-info: eth0,up,,8,fe80::f816:3eff:fe6e:34f
=== datasource: configdrive local ===
instance-id: 9799f281-b3da-42db-81ca-b618cf8fbedc
name: tempest.common.compute-instance-1180408012
availability-zone: nova
local-hostname: tempest.common.compute-instance-1180408012.novalocal
launch-index: 0
=== cirros: current=0.3.4 uptime=201.99 ===
route: fscanf
=== pinging gateway failed, debugging connection ===
############ debug start ##############
### /etc/init.d/sshd start
Starting dropbear sshd: OK
route: fscanf
### ifconfig -a
eth0      Link encap:Ethernet  HWaddr FA:16:3E:6E:03:4F  
          inet6 addr: fe80::f816:3eff:fe6e:34f/64 Scope:Link
          UP BROADCAST RUNNING MULTICAST  MTU:1500  Metric:1
          RX packets:12 errors:0 dropped:5 overruns:0 frame:0
          TX packets:8 errors:0 dropped:0 overruns:0 carrier:0
          collisions:0 txqueuelen:1000 
          RX bytes:1293 (1.2 KiB)  TX bytes:1134 (1.1 KiB)

lo        Link encap:Local Loopback  
          inet addr:127.0.0.1  Mask:255.0.0.0
          inet6 addr: ::1/128 Scope:Host
          UP LOOPBACK RUNNING  MTU:16436  Metric:1
          RX packets:12 errors:0 dropped:0 overruns:0 frame:0
          TX packets:12 errors:0 dropped:0 overruns:0 carrier:0
          collisions:0 txqueuelen:0 
          RX bytes:1020 (1020.0 B)  TX bytes:1020 (1020.0 B)

### route -n
Kernel IP routing table
Destination     Gateway         Genmask         Flags Metric Ref    Use Iface
route: fscanf
### cat /etc/resolv.conf
cat: can't open '/etc/resolv.conf': No such file or directory
### gateway not found
/sbin/cirros-status: line 1: can't open /etc/resolv.conf: no such file
### pinging nameservers
### uname -a
Linux tempest 3.2.0-80-virtual #116-Ubuntu SMP Mon Mar 23 17:28:52 UTC 2015 x86_64 GNU/Linux
### lsmod
Module                  Size  Used by    Not tainted
nls_iso8859_1          12713  0 
nls_cp437              16991  0 
vfat                   17585  0 
fat                    61512  1 vfat
isofs                  40259  0 
ip_tables              27473  0 
x_tables               29891  1 ip_tables
pcnet32                42119  0 
8139cp                 27360  0 
ne2k_pci               13691  0 
8390                   18856  1 ne2k_pci
e1000                 108589  0 
acpiphp                24231  0 
### dmesg | tail
[    5.182605] EXT3-fs (vda): mounted filesystem with ordered data mode
[    5.471150] ISO 9660 Extensions: Microsoft Joliet Level 3
[    5.545898] ISO 9660 Extensions: RRIP_1991A
[    5.788206] kjournald starting.  Commit interval 5 seconds
[    5.800883] EXT3-fs (vda): using internal journal
[    5.800948] EXT3-fs (vda): mounted filesystem with ordered data mode
[    9.322712] EXT3-fs (vda): using internal journal
[   12.646218] ISO 9660 Extensions: Microsoft Joliet Level 3
[   12.741792] ISO 9660 Extensions: RRIP_1991A
[   27.051854] eth0: no IPv6 routers present
### tail -n 25 /var/log/messages
Dec  6 10:55:43 cirros kern.info kernel: [    4.613079] acpiphp: Slot [8] registered
Dec  6 10:55:43 cirros kern.info kernel: [    4.613428] acpiphp: Slot [9] registered
Dec  6 10:55:43 cirros kern.info kernel: [    4.613770] acpiphp: Slot [10] registered
Dec  6 10:55:43 cirros kern.info kernel: [    4.614143] acpiphp: Slot [11] registered
Dec  6 10:55:43 cirros kern.info kernel: [    4.615951] acpiphp: Slot [16] registered
Dec  6 10:55:43 cirros kern.info kernel: [    4.617431] acpiphp: Slot [17] registered
Dec  6 10:55:43 cirros kern.info kernel: [    4.617806] acpiphp: Slot [18] registered
Dec  6 10:55:43 cirros kern.info kernel: [    4.618167] acpiphp: Slot [19] registered
Dec  6 10:55:43 cirros kern.info kernel: [    4.618425] acpiphp: Slot [20] registered
Dec  6 10:55:43 cirros kern.info kernel: [    4.618853] acpiphp: Slot [21] registered
Dec  6 10:55:43 cirros kern.info kernel: [    4.619220] acpiphp: Slot [22] registered
Dec  6 10:55:43 cirros kern.info kernel: [    4.620149] acpiphp: Slot [23] registered
Dec  6 10:55:43 cirros kern.info kernel: [    4.621277] acpiphp: Slot [24] registered
Dec  6 10:55:43 cirros kern.info kernel: [    4.621664] acpiphp: Slot [25] registered
Dec  6 10:55:43 cirros kern.info kernel: [    4.622060] acpiphp: Slot [26] registered
Dec  6 10:55:43 cirros kern.debug kernel: [    5.545898] ISO 9660 Extensions: RRIP_1991A
Dec  6 10:55:43 cirros kern.info kernel: [    5.788206] kjournald starting.  Commit interval 5 seconds
Dec  6 10:55:43 cirros kern.info kernel: [    5.800883] EXT3-fs (vda): using internal journal
Dec  6 10:55:43 cirros kern.info kernel: [    5.800948] EXT3-fs (vda): mounted filesystem with ordered data mode
Dec  6 10:55:43 cirros kern.info kernel: [    9.322712] EXT3-fs (vda): using internal journal
Dec  6 10:55:45 cirros kern.debug kernel: [   12.646218] ISO 9660 Extensions: Microsoft Joliet Level 3
Dec  6 10:55:45 cirros kern.debug kernel: [   12.741792] ISO 9660 Extensions: RRIP_1991A
Dec  6 10:55:48 cirros auth.notice su: + /dev/console root:cirros
Dec  6 10:55:59 cirros kern.debug kernel: [   27.051854] eth0: no IPv6 routers present
Dec  6 10:58:52 cirros authpriv.info dropbear[283]: Running in background
############ debug end   ##############
  ____               ____  ____
 / __/ __ ____ ____ / __ \/ __/
/ /__ / // __// __// /_/ /\ \ 
\___//_//_/  /_/   \____/___/ 
   http://cirros-cloud.net


login as 'cirros' user. default password: 'cubswin:)'. use 'sudo' for root.
tempest login: 
2015-12-06 10:59:03,156 27349 INFO     [tempest_lib.common.rest_client] Request (TestGettingAddress:_run_cleanups): 204 DELETE http://10.0.2.15:9696/v2.0/floatingips/747540ee-4a3f-45cb-bff0-c5dc74391366 0.196s
2015-12-06 10:59:03,157 27349 DEBUG    [tempest_lib.common.rest_client] Request - Headers: {'Content-Type': 'application/json', 'Accept': 'application/json', 'X-Auth-Token': '&lt;omitted&gt;'}
        Body: None
    Response - Headers: {'date': 'Sun, 06 Dec 2015 10:59:03 GMT', 'status': '204', 'connection': 'close', 'content-length': '0', 'x-openstack-request-id': 'req-78ec32a4-6c52-48a8-98a9-ff49e2248106'}
        Body: 
2015-12-06 10:59:03,373 27349 INFO     [tempest_lib.common.rest_client] Request (TestGettingAddress:_run_cleanups): 204 DELETE http://10.0.2.15:8774/v2.1/7f0afc3befee48459737f5e38de24ddb/servers/9799f281-b3da-42db-81ca-b618cf8fbedc 0.215s
2015-12-06 10:59:03,373 27349 DEBUG    [tempest_lib.common.rest_client] Request - Headers: {'Content-Type': 'application/json', 'Accept': 'application/json', 'X-Auth-Token': '&lt;omitted&gt;'}
        Body: None
    Response - Headers: {'status': '204', 'content-length': '0', 'x-compute-request-id': 'req-0c20b830-80b3-4aba-992a-19b96262a2f0', 'vary': 'X-OpenStack-Nova-API-Version', 'connection': 'close', 'x-openstack-nova-api-version': '2.1', 'date': 'Sun, 06 Dec 2015 10:59:03 GMT', 'content-type': 'application/json'}
        Body: 
2015-12-06 10:59:03,576 27349 INFO     [tempest_lib.common.rest_client] Request (TestGettingAddress:_run_cleanups): 200 GET http://10.0.2.15:8774/v2.1/7f0afc3befee48459737f5e38de24ddb/servers/9799f281-b3da-42db-81ca-b618cf8fbedc 0.202s
2015-12-06 10:59:03,576 27349 DEBUG    [tempest_lib.common.rest_client] Request - Headers: {'Content-Type': 'application/json', 'Accept': 'application/json', 'X-Auth-Token': '&lt;omitted&gt;'}
        Body: None
    Response - Headers: {'status': '200', 'content-length': '1904', 'content-location': 'http://10.0.2.15:8774/v2.1/7f0afc3befee48459737f5e38de24ddb/servers/9799f281-b3da-42db-81ca-b618cf8fbedc', 'x-compute-request-id': 'req-55d6ca5f-2350-4b50-98e5-0b930337555d', 'vary': 'X-OpenStack-Nova-API-Version', 'connection': 'close', 'x-openstack-nova-api-version': '2.1', 'date': 'Sun, 06 Dec 2015 10:59:03 GMT', 'content-type': 'application/json'}
        Body: {"server": {"status": "ACTIVE", "updated": "2015-12-06T10:59:03Z", "hostId": "1b9242cbbda0d2968981ba38695cddd5ed28ba2103a335837c9c7847", "addresses": {"tempest-network-smoke--1076001523": [{"OS-EXT-IPS-MAC:mac_addr": "fa:16:3e:6e:03:4f", "version": 4, "addr": "10.100.0.3", "OS-EXT-IPS:type": "fixed"}, {"OS-EXT-IPS-MAC:mac_addr": "fa:16:3e:6e:03:4f", "version": 6, "addr": "2003::f816:3eff:fe6e:34f", "OS-EXT-IPS:type": "fixed"}, {"OS-EXT-IPS-MAC:mac_addr": "fa:16:3e:6e:03:4f", "version": 4, "addr": "172.24.4.4", "OS-EXT-IPS:type": "floating"}]}, "links": [{"href": "http://10.0.2.15:8774/v2.1/7f0afc3befee48459737f5e38de24ddb/servers/9799f281-b3da-42db-81ca-b618cf8fbedc", "rel": "self"}, {"href": "http://10.0.2.15:8774/7f0afc3befee48459737f5e38de24ddb/servers/9799f281-b3da-42db-81ca-b618cf8fbedc", "rel": "bookmark"}], "key_name": "tempest-TestGettingAddress-1864536789", "image": {"id": "646ed688-456a-4c48-9d78-e6156340498d", "links": [{"href": "http://10.0.2.15:8774/7f0afc3befee48459737f5e38de24ddb/images/646ed688-456a-4c48-9d78-e6156340498d", "rel": "bookmark"}]}, "OS-EXT-STS:task_state": "deleting", "OS-EXT-STS:vm_state": "active", "OS-SRV-USG:launched_at": "2015-12-06T10:55:29.000000", "flavor": {"id": "42", "links": [{"href": "http://10.0.2.15:8774/7f0afc3befee48459737f5e38de24ddb/flavors/42", "rel": "bookmark"}]}, "id": "9799f281-b3da-42db-81ca-b618cf8fbedc", "security_groups": [{"name": "tempest-secgroup-smoke-1400924507"}], "OS-SRV-USG:terminated_at": null, "OS-EXT-AZ:availability_zone": "nova", "user_id": "6c06b7f71ec84217844fb378dc336cbe", "name": "tempest.common.compute-instance-1180408012", "created": "2015-12-06T10:55:26Z", "tenant_id": "7f0afc3befee48459737f5e38de24ddb", "OS-DCF:diskConfig": "MANUAL", "os-extended-volumes:volumes_attached": [], "accessIPv4": "", "accessIPv6": "", "progress": 0, "OS-EXT-STS:power_state": 1, "config_drive": "True", "metadata": {}}}
2015-12-06 10:59:04,732 27349 INFO     [tempest_lib.common.rest_client] Request (TestGettingAddress:_run_cleanups): 200 GET http://10.0.2.15:8774/v2.1/7f0afc3befee48459737f5e38de24ddb/servers/9799f281-b3da-42db-81ca-b618cf8fbedc 0.143s
2015-12-06 10:59:04,733 27349 DEBUG    [tempest_lib.common.rest_client] Request - Headers: {'Content-Type': 'application/json', 'Accept': 'application/json', 'X-Auth-Token': '&lt;omitted&gt;'}
        Body: None
    Response - Headers: {'status': '200', 'content-length': '1440', 'content-location': 'http://10.0.2.15:8774/v2.1/7f0afc3befee48459737f5e38de24ddb/servers/9799f281-b3da-42db-81ca-b618cf8fbedc', 'x-compute-request-id': 'req-591317e7-ef0d-4bd7-8be7-d5ff1f3baa80', 'vary': 'X-OpenStack-Nova-API-Version', 'connection': 'close', 'x-openstack-nova-api-version': '2.1', 'date': 'Sun, 06 Dec 2015 10:59:04 GMT', 'content-type': 'application/json'}
        Body: {"server": {"status": "ACTIVE", "updated": "2015-12-06T10:59:04Z", "hostId": "1b9242cbbda0d2968981ba38695cddd5ed28ba2103a335837c9c7847", "addresses": {}, "links": [{"href": "http://10.0.2.15:8774/v2.1/7f0afc3befee48459737f5e38de24ddb/servers/9799f281-b3da-42db-81ca-b618cf8fbedc", "rel": "self"}, {"href": "http://10.0.2.15:8774/7f0afc3befee48459737f5e38de24ddb/servers/9799f281-b3da-42db-81ca-b618cf8fbedc", "rel": "bookmark"}], "key_name": "tempest-TestGettingAddress-1864536789", "image": {"id": "646ed688-456a-4c48-9d78-e6156340498d", "links": [{"href": "http://10.0.2.15:8774/7f0afc3befee48459737f5e38de24ddb/images/646ed688-456a-4c48-9d78-e6156340498d", "rel": "bookmark"}]}, "OS-EXT-STS:task_state": "deleting", "OS-EXT-STS:vm_state": "active", "OS-SRV-USG:launched_at": "2015-12-06T10:55:29.000000", "flavor": {"id": "42", "links": [{"href": "http://10.0.2.15:8774/7f0afc3befee48459737f5e38de24ddb/flavors/42", "rel": "bookmark"}]}, "id": "9799f281-b3da-42db-81ca-b618cf8fbedc", "OS-SRV-USG:terminated_at": null, "OS-EXT-AZ:availability_zone": "nova", "user_id": "6c06b7f71ec84217844fb378dc336cbe", "name": "tempest.common.compute-instance-1180408012", "created": "2015-12-06T10:55:26Z", "tenant_id": "7f0afc3befee48459737f5e38de24ddb", "OS-DCF:diskConfig": "MANUAL", "os-extended-volumes:volumes_attached": [], "accessIPv4": "", "accessIPv6": "", "progress": 0, "OS-EXT-STS:power_state": 1, "config_drive": "True", "metadata": {}}}
2015-12-06 10:59:05,834 27349 INFO     [tempest_lib.common.rest_client] Request (TestGettingAddress:_run_cleanups): 404 GET http://10.0.2.15:8774/v2.1/7f0afc3befee48459737f5e38de24ddb/servers/9799f281-b3da-42db-81ca-b618cf8fbedc 0.091s
2015-12-06 10:59:05,835 27349 DEBUG    [tempest_lib.common.rest_client] Request - Headers: {'Content-Type': 'application/json', 'Accept': 'application/json', 'X-Auth-Token': '&lt;omitted&gt;'}
        Body: None
    Response - Headers: {'status': '404', 'content-length': '111', 'x-compute-request-id': 'req-41b6c829-7cf7-4709-9bb8-489d1c23eba2', 'vary': 'X-OpenStack-Nova-API-Version', 'connection': 'close', 'x-openstack-nova-api-version': '2.1', 'date': 'Sun, 06 Dec 2015 10:59:05 GMT', 'content-type': 'application/json; charset=UTF-8'}
        Body: {"itemNotFound": {"message": "Instance 9799f281-b3da-42db-81ca-b618cf8fbedc could not be found.", "code": 404}}
2015-12-06 10:59:06,210 27349 INFO     [tempest_lib.common.rest_client] Request (TestGettingAddress:_run_cleanups): 200 PUT http://10.0.2.15:9696/v2.0/routers/c7f5bd94-7aad-4356-a38c-1c192ea25615/remove_router_interface 0.374s
2015-12-06 10:59:06,211 27349 DEBUG    [tempest_lib.common.rest_client] Request - Headers: {'Content-Type': 'application/json', 'Accept': 'application/json', 'X-Auth-Token': '&lt;omitted&gt;'}
        Body: {"subnet_id": "322e8b37-3adc-49a8-a86e-1e4c25b60290"}
    Response - Headers: {'status': '200', 'content-length': '255', 'connection': 'close', 'date': 'Sun, 06 Dec 2015 10:59:06 GMT', 'content-type': 'application/json; charset=UTF-8', 'x-openstack-request-id': 'req-3098fe4b-658d-4365-974d-da5c1977fb8a'}
        Body: {"subnet_id": "322e8b37-3adc-49a8-a86e-1e4c25b60290", "tenant_id": "7f0afc3befee48459737f5e38de24ddb", "subnet_ids": ["322e8b37-3adc-49a8-a86e-1e4c25b60290"], "port_id": "54d79152-ce6e-4b8e-aef7-e5682d3aad9d", "id": "c7f5bd94-7aad-4356-a38c-1c192ea25615"}
2015-12-06 10:59:06,581 27349 INFO     [tempest_lib.common.rest_client] Request (TestGettingAddress:_run_cleanups): 204 DELETE http://10.0.2.15:9696/v2.0/subnets/322e8b37-3adc-49a8-a86e-1e4c25b60290 0.369s
2015-12-06 10:59:06,582 27349 DEBUG    [tempest_lib.common.rest_client] Request - Headers: {'Content-Type': 'application/json', 'Accept': 'application/json', 'X-Auth-Token': '&lt;omitted&gt;'}
        Body: None
    Response - Headers: {'date': 'Sun, 06 Dec 2015 10:59:06 GMT', 'status': '204', 'connection': 'close', 'content-length': '0', 'x-openstack-request-id': 'req-5d88cfbe-d738-49cd-88a5-570e0f12b47f'}
        Body: 
2015-12-06 10:59:06,618 27349 INFO     [tempest_lib.common.rest_client] Request (TestGettingAddress:_run_cleanups): 404 DELETE http://10.0.2.15:9696/v2.0/subnets/322e8b37-3adc-49a8-a86e-1e4c25b60290 0.035s
2015-12-06 10:59:06,618 27349 DEBUG    [tempest_lib.common.rest_client] Request - Headers: {'Content-Type': 'application/json', 'Accept': 'application/json', 'X-Auth-Token': '&lt;omitted&gt;'}
        Body: None
    Response - Headers: {'status': '404', 'content-length': '135', 'connection': 'close', 'date': 'Sun, 06 Dec 2015 10:59:06 GMT', 'content-type': 'application/json; charset=UTF-8', 'x-openstack-request-id': 'req-32df23ba-36c0-45a0-827a-407e77077c49'}
        Body: {"NeutronError": {"message": "Subnet 322e8b37-3adc-49a8-a86e-1e4c25b60290 could not be found", "type": "SubnetNotFound", "detail": ""}}
2015-12-06 10:59:07,098 27349 INFO     [tempest_lib.common.rest_client] Request (TestGettingAddress:_run_cleanups): 200 PUT http://10.0.2.15:9696/v2.0/routers/c7f5bd94-7aad-4356-a38c-1c192ea25615/remove_router_interface 0.478s
2015-12-06 10:59:07,099 27349 DEBUG    [tempest_lib.common.rest_client] Request - Headers: {'Content-Type': 'application/json', 'Accept': 'application/json', 'X-Auth-Token': '&lt;omitted&gt;'}
        Body: {"subnet_id": "320b1120-ff6a-4a5c-93bb-26f4c896fb83"}
