<?xml version="1.0" encoding="UTF-8"?>
<!DOCTYPE html PUBLIC "-//W3C//DTD XHTML 1.0 Strict//EN"
     "http://www.w3.org/TR/xhtml1/DTD/xhtml1-strict.dtd">
<html xmlns="http://www.w3.org/1999/xhtml">
<head>
    <title>Unit Test Report</title>
    <meta name="generator" content="subunit2html 0.1"/>
    <meta http-equiv="Content-Type" content="text/html; charset=UTF-8"/>
    
<style type="text/css" media="screen">
body        { font-family: verdana, arial, helvetica, sans-serif;
    font-size: 80%; }
table       { font-size: 100%; width: 100%;}
pre         { font-size: 80%; }

/* -- heading -------------------------------------------------------------- */
h1 {
        font-size: 16pt;
        color: gray;
}
.heading {
    margin-top: 0ex;
    margin-bottom: 1ex;
}

.heading .attribute {
    margin-top: 1ex;
    margin-bottom: 0;
}

.heading .description {
    margin-top: 4ex;
    margin-bottom: 6ex;
}

/* -- css div popup -------------------------------------------------------- */
a.popup_link {
}

a.popup_link:hover {
    color: red;
}

.popup_window {
    display: none;
    overflow-x: scroll;
    /*border: solid #627173 1px; */
    padding: 10px;
    background-color: #E6E6D6;
    font-family: "Ubuntu Mono", "Lucida Console", "Courier New", monospace;
    text-align: left;
    font-size: 8pt;
}

}
/* -- report --------------------------------------------------------------- */
#show_detail_line {
    margin-top: 3ex;
    margin-bottom: 1ex;
}
#result_table {
    width: 100%;
    border-collapse: collapse;
    border: 1px solid #777;
}
#header_row {
    font-weight: bold;
    color: white;
    background-color: #777;
}
#result_table td {
    border: 1px solid #777;
    padding: 2px;
}
#total_row  { font-weight: bold; }
.passClass  { background-color: #6c6; }
.failClass  { background-color: #c60; }
.errorClass { background-color: #c00; }
.passCase   { color: #6c6; }
.failCase   { color: #c60; font-weight: bold; }
.errorCase  { color: #c00; font-weight: bold; }
.hiddenRow  { display: none; }
.testcase   { margin-left: 2em; }
td.testname {width: 40%}
td.small {width: 40px}

/* -- ending --------------------------------------------------------------- */
#ending {
}

</style>

</head>
<body>
<script language="javascript" type="text/javascript"><!--
output_list = Array();

/* level - 0:Summary; 1:Failed; 2:All */
function showCase(level) {
    trs = document.getElementsByTagName("tr");
    for (var i = 0; i < trs.length; i++) {
        tr = trs[i];
        id = tr.id;
        if (id.substr(0,2) == 'ft') {
            if (level < 1) {
                tr.className = 'hiddenRow';
            }
            else {
                tr.className = '';
            }
        }
        if (id.substr(0,2) == 'pt') {
            if (level > 1) {
                tr.className = '';
            }
            else {
                tr.className = 'hiddenRow';
            }
        }
    }
}


function showClassDetail(cid, count) {
    var id_list = Array(count);
    var toHide = 1;
    for (var i = 0; i < count; i++) {
        tid0 = 't' + cid.substr(1) + '.' + (i+1);
        tid = 'f' + tid0;
        tr = document.getElementById(tid);
        if (!tr) {
            tid = 'p' + tid0;
            tr = document.getElementById(tid);
        }
        id_list[i] = tid;
        if (tr.className) {
            toHide = 0;
        }
    }
    for (var i = 0; i < count; i++) {
        tid = id_list[i];
        if (toHide) {
            document.getElementById('div_'+tid).style.display = 'none'
            document.getElementById(tid).className = 'hiddenRow';
        }
        else {
            document.getElementById(tid).className = '';
        }
    }
}


function showTestDetail(div_id){
    var details_div = document.getElementById(div_id)
    var displayState = details_div.style.display
    // alert(displayState)
    if (displayState != 'block' ) {
        displayState = 'block'
        details_div.style.display = 'block'
    }
    else {
        details_div.style.display = 'none'
    }
}


function html_escape(s) {
    s = s.replace(/&/g,'&amp;');
    s = s.replace(/</g,'&lt;');
    s = s.replace(/>/g,'&gt;');
    return s;
}

/* obsoleted by detail in <div>
function showOutput(id, name) {
    var w = window.open("", //url
                    name,
                    "resizable,scrollbars,status,width=800,height=450");
    d = w.document;
    d.write("<pre>");
    d.write(html_escape(output_list[id]));
    d.write("\n");
    d.write("<a href='javascript:window.close()'>close</a>\n");
    d.write("</pre>\n");
    d.close();
}
*/
--></script>

<div class='heading'>
<h1>Unit Test Report</h1>

<p class='attribute'><strong>Status:</strong> Pass 2 Failure 6</p>

<p class='description'></p>
</div>



<p id='show_detail_line'>Show
<a href='javascript:showCase(0)'>Summary</a>
<a href='javascript:showCase(1)'>Failed</a>
<a href='javascript:showCase(2)'>All</a>
</p>
<table id='result_table'>
<colgroup>
<col align='left' />
<col align='right' />
<col align='right' />
<col align='right' />
<col align='right' />
<col align='right' />
<col align='right' />
<col align='right' />
</colgroup>
<tr id='header_row'>
    <td>Test Group/Test case</td>
    <td>Count</td>
    <td>Pass</td>
    <td>Fail</td>
    <td>Error</td>
    <td>Skip</td>
    <td>View</td>
    <td> </td>
</tr>

<tr class='failClass'>
    <td class="testname">tempest.scenario.test_network_v6.TestGettingAddress</td>
    <td class="small">8</td>
    <td class="small">2</td>
    <td class="small">6</td>
    <td class="small">0</td>
    <td class="small">0</td>
    <td class="small"><a href="javascript:showClassDetail('c1',8)"
>Detail</a></td>
    <td> </td>
</tr>

<tr id='ft1.1' class='none'>
    <td class='failCase'><div class='testcase'>test_dhcp6_stateless_from_os[compute,id-d7e1f858-187c-45a6-89c9-bdafde619a9f,network]</div></td>
    <td colspan='7' align='left'>

    <!--css div popup start-->
    <a class="popup_link" onfocus='this.blur();'
    href="javascript:showTestDetail('div_ft1.1')" >
        fail</a>

    <div id='div_ft1.1' class="popup_window">
        <div style='text-align: right; color:red;cursor:pointer'>
        <a onfocus='this.blur();'
onclick="document.getElementById('div_ft1.1').style.display = 'none' " >
           [x]</a>
        </div>
        <pre>
        
ft1.1: tempest.scenario.test_network_v6.TestGettingAddress.test_dhcp6_stateless_from_os[compute,id-d7e1f858-187c-45a6-89c9-bdafde619a9f,network]_StringException: Empty attachments:
  stderr
  stdout

pythonlogging:'': {{{
2015-12-09 04:05:56,090 32373 INFO     [tempest_lib.common.rest_client] Request (TestGettingAddress:setUp): 200 POST http://10.0.2.15:8774/v2.1/b323067cba2c4429a6602860c46ecb85/os-keypairs 0.576s
2015-12-09 04:05:56,090 32373 DEBUG    [tempest_lib.common.rest_client] Request - Headers: {'Content-Type': 'application/json', 'Accept': 'application/json', 'X-Auth-Token': '&lt;omitted&gt;'}
        Body: {"keypair": {"name": "tempest-TestGettingAddress-421048234"}}
    Response - Headers: {'status': '200', 'content-length': '2319', 'x-compute-request-id': 'req-66ccd9ef-10d5-4b08-8d02-e158e27c4464', 'vary': 'X-OpenStack-Nova-API-Version', 'connection': 'close', 'x-openstack-nova-api-version': '2.1', 'date': 'Wed, 09 Dec 2015 04:05:56 GMT', 'content-type': 'application/json'}
        Body: {"keypair": {"public_key": "ssh-rsa AAAAB3NzaC1yc2EAAAADAQABAAABAQCqoretu/RExuO84DZFMTsJGBT5dG2YuZyCT6RAgwz2RvNoi+E9gskw2hSVoDg0HHEwYIHfGla8JG32TaXs1IAnQYtyfVm5gF2wZeCl2K/Snm00OHGsxFohzWrYA36EHWgNix463Qj/gV3Q9iEDdIzjqK/ZwHHQOvvxzU0nkD094apRA3cpdiVt66/xXF2b+cxjiBIcBJ4QLqUu+yYHoB4yFEdjj1zsknvw+UPpaGqcSnj6sKRX9EPrnd9W3CkpFhnwAU16SS33yVMZqnZZzKie+Lyux9sC2Mbmq8Q1GQLIaGVP6iLZbpc1VvT0oCZZA3CrPqiB/NnThH8yK/8sitkP Generated-by-Nova", "private_key": "-----BEGIN RSA PRIVATE KEY-----\nMIIEqAIBAAKCAQEAqqK3rbv0RMbjvOA2RTE7CRgU+XRtmLmcgk+kQIMM9kbzaIvh\nPYLJMNoUlaA4NBxxMGCB3xpWvCRt9k2l7NSAJ0GLcn1ZuYBdsGXgpdiv0p5tNDhx\nrMRaIc1q2AN+hB1oDYseOt0I/4Fd0PYhA3SM46iv2cBx0Dr78c1NJ5A9PeGqUQN3\nKXYlbeuv8Vxdm/nMY4gSHASeEC6lLvsmB6AeMhRHY49c7JJ78PlD6WhqnEp4+rCk\nV/RD653fVtwpKRYZ8AFNekkt98lTGap2Wcyonvi8rsfbAtjG5qvENRkCyGhlT+oi\n2W6XNVb09KAmWQNwqz6ogfzZ04R/Miv/LIrZDwIDAQABAoIBAAf7mNA97M2S6HCb\npK5UAUkJoWGSOtZcSKAoDa0e9GpJI3YOpTj1d2gbq77cQgTeF8WFnk3Ls6cVpTdS\npqKPxncPr/BpQNtW0AtCmOHpY0BdPQqmYVsNzJGsRIValH6lyYpoqb9jO9qIONVf\nzmeU+kpkR+XOBQUS3VqQmj1xmAvfAUPGBacThTsOT9Uxn69UVqdTHYeIOEmv4dQ4\nvWl+A6s+PzVvxUh8kFdL786gdG0+dtqfarB26Z51o/xsM2ulsqf6uLSX4PbDhfbK\ncBsIxKAA0SW4+sOy4E0pkSJRm6USGCZktZyeXe/rexEJTwasfu1uMZ73Ghj7jeoL\nosh2T0ECggCBAM15vqJiMLFQItOyFVyJ4FqA/yvLH66ZMk77vFpw+a4NuErHS0wo\nDkd1huqCEgR/2Z34DdrVGXVoepykF4gPcOqo8lJ895DjiH8e5GKAkgLIaDAte73A\ns8lhXqz7zoxvtilz2oVZCb0eqd1f0dK8tTKSjcw1Y9BfPu48KaQUfzz/AoIAgQDU\nl98DcdcLsp0ItWL8ULhBpvAHqRZhXJYtcfyyWmnjw1fw8oT3Mj5VOXYZEHq3ILVQ\ne4QeL7m8MgqCJnp/YVvZeF+Urh2MfkDEbEuY0aQ3OXiSo4UvZ2n1Vbgbvfz7DJG8\nPILXANAukCDnHDSwIEUXXDq1dcjgCGxmlAWgY0ST8QKCAIBu+2ESSELQot4MxdVv\n5DC/8Yjh2JbGMYzQyHuVxgu2DUcLbNWozsHXqw0yQQsGTx/1iPPCzPMxTTtcu+zR\n2rU8qgAoucLmCV/CeacV5Sf4RNKxov+BIEJ7dRI0ENYhWH1lqmPPPqZZ9eP95DFq\nx+5+4FWihPviom9VMj2zmDaZdQKCAIBUpTuIdZU39SANTZth9wnGKh+8DRj6HxE0\newQwR0uOAkNLjmRewESNTlm1VRhnPcCzkNpj4oDDa/E/LO7tNOiLSCBWZJUjUUmc\na7oV2LLXwiw9xpnK7BQGOOEbOqQ1mSWVm0pFLO+2+m//VP2tesvHp1NA2OroOLJg\njWNIHv45IQKCAIEAn83v9KQ4RSsfHtzL1U//+RGyjF0QzWVbBevv77q0xA8HRcJC\nDWpJw3+k8uLbov9EsP4u9tGhBj0AVoWkhGJ9ItSH44wm/q8niNsu9rMolga8LvRR\nppfyd/27RDN6AdFLNVpNp1WNVBWgrCdnYvy/F4LSJCJWtqF/e57T+f5inwM=\n-----END RSA PRIVATE KEY-----\n", "user_id": "0e89053f76574a52b1153ed8157ac9ce", "name": "tempest-TestGettingAddress-421048234", "fingerprint": "d7:0c:7e:ae:02:d2:d4:57:fa:4a:d1:80:69:64:2b:e4"}}
2015-12-09 04:05:56,432 32373 INFO     [tempest_lib.common.rest_client] Request (TestGettingAddress:setUp): 201 POST http://10.0.2.15:9696/v2.0/security-groups 0.338s
2015-12-09 04:05:56,434 32373 DEBUG    [tempest_lib.common.rest_client] Request - Headers: {'Content-Type': 'application/json', 'Accept': 'application/json', 'X-Auth-Token': '&lt;omitted&gt;'}
        Body: {"security_group": {"tenant_id": "b323067cba2c4429a6602860c46ecb85", "description": "tempest-secgroup-smoke-1202818706 description", "name": "tempest-secgroup-smoke-1202818706"}}
    Response - Headers: {'status': '201', 'content-length': '888', 'connection': 'close', 'date': 'Wed, 09 Dec 2015 04:05:56 GMT', 'content-type': 'application/json; charset=UTF-8', 'x-openstack-request-id': 'req-bc5a21a6-9775-4eb7-8f98-76870d19a2e8'}
        Body: {"security_group": {"tenant_id": "b323067cba2c4429a6602860c46ecb85", "description": "tempest-secgroup-smoke-1202818706 description", "id": "03abf73a-2ce3-4253-b8df-77180cf474a5", "security_group_rules": [{"remote_group_id": null, "direction": "egress", "remote_ip_prefix": null, "protocol": null, "ethertype": "IPv4", "tenant_id": "b323067cba2c4429a6602860c46ecb85", "port_range_max": null, "port_range_min": null, "id": "64c48588-6ccf-491f-97cb-5e0a64e83154", "security_group_id": "03abf73a-2ce3-4253-b8df-77180cf474a5"}, {"remote_group_id": null, "direction": "egress", "remote_ip_prefix": null, "protocol": null, "ethertype": "IPv6", "tenant_id": "b323067cba2c4429a6602860c46ecb85", "port_range_max": null, "port_range_min": null, "id": "e03befdd-e5e4-4e53-a860-da3136827a7b", "security_group_id": "03abf73a-2ce3-4253-b8df-77180cf474a5"}], "name": "tempest-secgroup-smoke-1202818706"}}
2015-12-09 04:05:56,544 32373 INFO     [tempest_lib.common.rest_client] Request (TestGettingAddress:setUp): 201 POST http://10.0.2.15:9696/v2.0/security-group-rules 0.108s
2015-12-09 04:05:56,545 32373 DEBUG    [tempest_lib.common.rest_client] Request - Headers: {'Content-Type': 'application/json', 'Accept': 'application/json', 'X-Auth-Token': '&lt;omitted&gt;'}
        Body: {"security_group_rule": {"direction": "ingress", "protocol": "tcp", "tenant_id": "b323067cba2c4429a6602860c46ecb85", "port_range_max": 22, "security_group_id": "03abf73a-2ce3-4253-b8df-77180cf474a5", "port_range_min": 22}}
    Response - Headers: {'status': '201', 'content-length': '340', 'connection': 'close', 'date': 'Wed, 09 Dec 2015 04:05:56 GMT', 'content-type': 'application/json; charset=UTF-8', 'x-openstack-request-id': 'req-8721a8cc-5fd7-4707-93ca-d26115fd7fcb'}
        Body: {"security_group_rule": {"remote_group_id": null, "direction": "ingress", "remote_ip_prefix": null, "protocol": "tcp", "ethertype": "IPv4", "tenant_id": "b323067cba2c4429a6602860c46ecb85", "port_range_max": 22, "port_range_min": 22, "id": "7850b3c4-eca3-467f-be81-5c90820288b8", "security_group_id": "03abf73a-2ce3-4253-b8df-77180cf474a5"}}
2015-12-09 04:05:56,665 32373 INFO     [tempest_lib.common.rest_client] Request (TestGettingAddress:setUp): 201 POST http://10.0.2.15:9696/v2.0/security-group-rules 0.118s
2015-12-09 04:05:56,665 32373 DEBUG    [tempest_lib.common.rest_client] Request - Headers: {'Content-Type': 'application/json', 'Accept': 'application/json', 'X-Auth-Token': '&lt;omitted&gt;'}
        Body: {"security_group_rule": {"direction": "egress", "protocol": "tcp", "tenant_id": "b323067cba2c4429a6602860c46ecb85", "port_range_max": 22, "security_group_id": "03abf73a-2ce3-4253-b8df-77180cf474a5", "port_range_min": 22}}
    Response - Headers: {'status': '201', 'content-length': '339', 'connection': 'close', 'date': 'Wed, 09 Dec 2015 04:05:56 GMT', 'content-type': 'application/json; charset=UTF-8', 'x-openstack-request-id': 'req-d52d860a-48ac-4793-bad0-3aa468fe1e29'}
        Body: {"security_group_rule": {"remote_group_id": null, "direction": "egress", "remote_ip_prefix": null, "protocol": "tcp", "ethertype": "IPv4", "tenant_id": "b323067cba2c4429a6602860c46ecb85", "port_range_max": 22, "port_range_min": 22, "id": "327505b1-5153-4cbb-9ed5-4ce99e06c785", "security_group_id": "03abf73a-2ce3-4253-b8df-77180cf474a5"}}
2015-12-09 04:05:56,785 32373 INFO     [tempest_lib.common.rest_client] Request (TestGettingAddress:setUp): 201 POST http://10.0.2.15:9696/v2.0/security-group-rules 0.118s
2015-12-09 04:05:56,785 32373 DEBUG    [tempest_lib.common.rest_client] Request - Headers: {'Content-Type': 'application/json', 'Accept': 'application/json', 'X-Auth-Token': '&lt;omitted&gt;'}
        Body: {"security_group_rule": {"tenant_id": "b323067cba2c4429a6602860c46ecb85", "direction": "ingress", "protocol": "icmp", "security_group_id": "03abf73a-2ce3-4253-b8df-77180cf474a5"}}
    Response - Headers: {'status': '201', 'content-length': '345', 'connection': 'close', 'date': 'Wed, 09 Dec 2015 04:05:56 GMT', 'content-type': 'application/json; charset=UTF-8', 'x-openstack-request-id': 'req-9fcdf9b8-9f08-4ae4-a8a0-96f58e164440'}
        Body: {"security_group_rule": {"remote_group_id": null, "direction": "ingress", "remote_ip_prefix": null, "protocol": "icmp", "ethertype": "IPv4", "tenant_id": "b323067cba2c4429a6602860c46ecb85", "port_range_max": null, "port_range_min": null, "id": "599b9b13-6ae9-46f7-8c20-943f716a8ff0", "security_group_id": "03abf73a-2ce3-4253-b8df-77180cf474a5"}}
2015-12-09 04:05:56,887 32373 INFO     [tempest_lib.common.rest_client] Request (TestGettingAddress:setUp): 201 POST http://10.0.2.15:9696/v2.0/security-group-rules 0.101s
2015-12-09 04:05:56,888 32373 DEBUG    [tempest_lib.common.rest_client] Request - Headers: {'Content-Type': 'application/json', 'Accept': 'application/json', 'X-Auth-Token': '&lt;omitted&gt;'}
        Body: {"security_group_rule": {"tenant_id": "b323067cba2c4429a6602860c46ecb85", "direction": "egress", "protocol": "icmp", "security_group_id": "03abf73a-2ce3-4253-b8df-77180cf474a5"}}
    Response - Headers: {'status': '201', 'content-length': '344', 'connection': 'close', 'date': 'Wed, 09 Dec 2015 04:05:56 GMT', 'content-type': 'application/json; charset=UTF-8', 'x-openstack-request-id': 'req-894fd4fa-a90c-4f9d-ab4f-7f1a34125bdf'}
        Body: {"security_group_rule": {"remote_group_id": null, "direction": "egress", "remote_ip_prefix": null, "protocol": "icmp", "ethertype": "IPv4", "tenant_id": "b323067cba2c4429a6602860c46ecb85", "port_range_max": null, "port_range_min": null, "id": "621d10b9-29fa-420f-9dd0-6e08c21508f9", "security_group_id": "03abf73a-2ce3-4253-b8df-77180cf474a5"}}
2015-12-09 04:05:56,986 32373 INFO     [tempest_lib.common.rest_client] Request (TestGettingAddress:setUp): 201 POST http://10.0.2.15:9696/v2.0/security-group-rules 0.097s
2015-12-09 04:05:56,987 32373 DEBUG    [tempest_lib.common.rest_client] Request - Headers: {'Content-Type': 'application/json', 'Accept': 'application/json', 'X-Auth-Token': '&lt;omitted&gt;'}
        Body: {"security_group_rule": {"tenant_id": "b323067cba2c4429a6602860c46ecb85", "direction": "ingress", "security_group_id": "03abf73a-2ce3-4253-b8df-77180cf474a5", "protocol": "icmp", "ethertype": "IPv6"}}
    Response - Headers: {'status': '201', 'content-length': '345', 'connection': 'close', 'date': 'Wed, 09 Dec 2015 04:05:56 GMT', 'content-type': 'application/json; charset=UTF-8', 'x-openstack-request-id': 'req-f0fc6a6b-f88b-413b-8113-de3cd1f67827'}
        Body: {"security_group_rule": {"remote_group_id": null, "direction": "ingress", "remote_ip_prefix": null, "protocol": "icmp", "ethertype": "IPv6", "tenant_id": "b323067cba2c4429a6602860c46ecb85", "port_range_max": null, "port_range_min": null, "id": "de9234b7-9616-481a-99af-f7e151dfcdc9", "security_group_id": "03abf73a-2ce3-4253-b8df-77180cf474a5"}}
2015-12-09 04:05:57,094 32373 INFO     [tempest_lib.common.rest_client] Request (TestGettingAddress:setUp): 201 POST http://10.0.2.15:9696/v2.0/security-group-rules 0.106s
2015-12-09 04:05:57,094 32373 DEBUG    [tempest_lib.common.rest_client] Request - Headers: {'Content-Type': 'application/json', 'Accept': 'application/json', 'X-Auth-Token': '&lt;omitted&gt;'}
        Body: {"security_group_rule": {"tenant_id": "b323067cba2c4429a6602860c46ecb85", "direction": "egress", "security_group_id": "03abf73a-2ce3-4253-b8df-77180cf474a5", "protocol": "icmp", "ethertype": "IPv6"}}
    Response - Headers: {'status': '201', 'content-length': '344', 'connection': 'close', 'date': 'Wed, 09 Dec 2015 04:05:57 GMT', 'content-type': 'application/json; charset=UTF-8', 'x-openstack-request-id': 'req-c158cf88-a968-4795-a8c7-b60249e21861'}
        Body: {"security_group_rule": {"remote_group_id": null, "direction": "egress", "remote_ip_prefix": null, "protocol": "icmp", "ethertype": "IPv6", "tenant_id": "b323067cba2c4429a6602860c46ecb85", "port_range_max": null, "port_range_min": null, "id": "6a0aa4ff-e172-4af0-8204-cf8815f18918", "security_group_id": "03abf73a-2ce3-4253-b8df-77180cf474a5"}}
2015-12-09 04:05:57,216 32373 INFO     [tempest_lib.common.rest_client] Request (TestGettingAddress:test_dhcp6_stateless_from_os): 201 POST http://10.0.2.15:9696/v2.0/networks 0.120s
2015-12-09 04:05:57,216 32373 DEBUG    [tempest_lib.common.rest_client] Request - Headers: {'Content-Type': 'application/json', 'Accept': 'application/json', 'X-Auth-Token': '&lt;omitted&gt;'}
        Body: {"network": {"tenant_id": "b323067cba2c4429a6602860c46ecb85", "name": "tempest-network-smoke--355845776"}}
    Response - Headers: {'status': '201', 'content-length': '295', 'connection': 'close', 'date': 'Wed, 09 Dec 2015 04:05:57 GMT', 'content-type': 'application/json; charset=UTF-8', 'x-openstack-request-id': 'req-76518b01-a821-4e3b-a45b-24c8d1990219'}
        Body: {"network": {"status": "ACTIVE", "subnets": [], "name": "tempest-network-smoke--355845776", "admin_state_up": true, "tenant_id": "b323067cba2c4429a6602860c46ecb85", "mtu": 0, "router:external": false, "shared": false, "port_security_enabled": true, "id": "79f6f8f2-cabc-4dd4-a3bb-99cb07431220"}}
2015-12-09 04:05:57,379 32373 INFO     [tempest_lib.common.rest_client] Request (TestGettingAddress:test_dhcp6_stateless_from_os): 200 GET http://10.0.2.15:9696/v2.0/subnets?tenant_id=b323067cba2c4429a6602860c46ecb85&amp;cidr=10.100.0.0%2F28 0.161s
2015-12-09 04:05:57,380 32373 DEBUG    [tempest_lib.common.rest_client] Request - Headers: {'Content-Type': 'application/json', 'Accept': 'application/json', 'X-Auth-Token': '&lt;omitted&gt;'}
        Body: None
    Response - Headers: {'status': '200', 'content-length': '15', 'content-location': 'http://10.0.2.15:9696/v2.0/subnets?tenant_id=b323067cba2c4429a6602860c46ecb85&amp;cidr=10.100.0.0%2F28', 'connection': 'close', 'date': 'Wed, 09 Dec 2015 04:05:57 GMT', 'content-type': 'application/json; charset=UTF-8', 'x-openstack-request-id': 'req-018a2148-f716-4b42-ac2a-c75283ee080b'}
        Body: {"subnets": []}
2015-12-09 04:05:57,804 32373 INFO     [tempest_lib.common.rest_client] Request (TestGettingAddress:test_dhcp6_stateless_from_os): 201 POST http://10.0.2.15:9696/v2.0/subnets 0.423s
2015-12-09 04:05:57,805 32373 DEBUG    [tempest_lib.common.rest_client] Request - Headers: {'Content-Type': 'application/json', 'Accept': 'application/json', 'X-Auth-Token': '&lt;omitted&gt;'}
        Body: {"subnet": {"ip_version": 4, "tenant_id": "b323067cba2c4429a6602860c46ecb85", "cidr": "10.100.0.0/28", "network_id": "79f6f8f2-cabc-4dd4-a3bb-99cb07431220", "name": "tempest-sub4-1215215061"}}
    Response - Headers: {'status': '201', 'content-length': '470', 'connection': 'close', 'date': 'Wed, 09 Dec 2015 04:05:57 GMT', 'content-type': 'application/json; charset=UTF-8', 'x-openstack-request-id': 'req-2c53af44-6cac-4fdc-8a96-0196e5f1bd6b'}
        Body: {"subnet": {"name": "tempest-sub4-1215215061", "enable_dhcp": true, "network_id": "79f6f8f2-cabc-4dd4-a3bb-99cb07431220", "tenant_id": "b323067cba2c4429a6602860c46ecb85", "dns_nameservers": [], "gateway_ip": "10.100.0.1", "ipv6_ra_mode": null, "allocation_pools": [{"start": "10.100.0.2", "end": "10.100.0.14"}], "host_routes": [], "ip_version": 4, "ipv6_address_mode": null, "cidr": "10.100.0.0/28", "id": "82893364-97ec-4bdf-9e4e-7f732bcc7bd5", "subnetpool_id": null}}
2015-12-09 04:05:57,870 32373 INFO     [tempest_lib.common.rest_client] Request (TestGettingAddress:test_dhcp6_stateless_from_os): 201 POST http://10.0.2.15:9696/v2.0/routers 0.063s
2015-12-09 04:05:57,870 32373 DEBUG    [tempest_lib.common.rest_client] Request - Headers: {'Content-Type': 'application/json', 'Accept': 'application/json', 'X-Auth-Token': '&lt;omitted&gt;'}
        Body: {"router": {"tenant_id": "b323067cba2c4429a6602860c46ecb85", "name": "tempest-router-smoke-2122045630", "admin_state_up": true}}
    Response - Headers: {'status': '201', 'content-length': '239', 'connection': 'close', 'date': 'Wed, 09 Dec 2015 04:05:57 GMT', 'content-type': 'application/json; charset=UTF-8', 'x-openstack-request-id': 'req-b65a8206-b537-4501-ae60-84ac11874261'}
        Body: {"router": {"status": "ACTIVE", "external_gateway_info": null, "name": "tempest-router-smoke-2122045630", "admin_state_up": true, "tenant_id": "b323067cba2c4429a6602860c46ecb85", "routes": [], "id": "40cd9eff-9917-4dd5-84cd-db93dd67a473"}}
2015-12-09 04:05:57,938 32373 INFO     [tempest_lib.common.rest_client] Request (TestGettingAddress:test_dhcp6_stateless_from_os): 200 GET http://10.0.2.15:9696/v2.0/routers/40cd9eff-9917-4dd5-84cd-db93dd67a473 0.067s
2015-12-09 04:05:57,939 32373 DEBUG    [tempest_lib.common.rest_client] Request - Headers: {'Content-Type': 'application/json', 'Accept': 'application/json', 'X-Auth-Token': '&lt;omitted&gt;'}
        Body: None
    Response - Headers: {'status': '200', 'content-length': '239', 'content-location': 'http://10.0.2.15:9696/v2.0/routers/40cd9eff-9917-4dd5-84cd-db93dd67a473', 'connection': 'close', 'date': 'Wed, 09 Dec 2015 04:05:57 GMT', 'content-type': 'application/json; charset=UTF-8', 'x-openstack-request-id': 'req-33ea0c6e-8984-4910-921c-91e0adff67b6'}
        Body: {"router": {"status": "ACTIVE", "external_gateway_info": null, "name": "tempest-router-smoke-2122045630", "admin_state_up": true, "tenant_id": "b323067cba2c4429a6602860c46ecb85", "routes": [], "id": "40cd9eff-9917-4dd5-84cd-db93dd67a473"}}
2015-12-09 04:05:58,463 32373 INFO     [tempest_lib.common.rest_client] Request (TestGettingAddress:test_dhcp6_stateless_from_os): 200 PUT http://10.0.2.15:9696/v2.0/routers/40cd9eff-9917-4dd5-84cd-db93dd67a473 0.524s
2015-12-09 04:05:58,464 32373 DEBUG    [tempest_lib.common.rest_client] Request - Headers: {'Content-Type': 'application/json', 'Accept': 'application/json', 'X-Auth-Token': '&lt;omitted&gt;'}
        Body: {"router": {"external_gateway_info": {"network_id": "fc89fbc1-07ac-4e7f-a4d0-7a311d69b031"}, "name": "tempest-router-smoke-2122045630", "admin_state_up": true}}
    Response - Headers: {'status': '200', 'content-length': '501', 'connection': 'close', 'date': 'Wed, 09 Dec 2015 04:05:58 GMT', 'content-type': 'application/json; charset=UTF-8', 'x-openstack-request-id': 'req-d59f129b-4463-4e1d-add2-61022ab07ac8'}
        Body: {"router": {"status": "ACTIVE", "external_gateway_info": {"network_id": "fc89fbc1-07ac-4e7f-a4d0-7a311d69b031", "enable_snat": true, "external_fixed_ips": [{"subnet_id": "346de18f-555f-43eb-82aa-96958f04253f", "ip_address": "172.24.4.3"}, {"subnet_id": "7d83a487-f4db-4324-81da-4650593631bb", "ip_address": "2001:db8::4"}]}, "name": "tempest-router-smoke-2122045630", "admin_state_up": true, "tenant_id": "b323067cba2c4429a6602860c46ecb85", "routes": [], "id": "40cd9eff-9917-4dd5-84cd-db93dd67a473"}}
2015-12-09 04:05:58,923 32373 INFO     [tempest_lib.common.rest_client] Request (TestGettingAddress:test_dhcp6_stateless_from_os): 200 PUT http://10.0.2.15:9696/v2.0/routers/40cd9eff-9917-4dd5-84cd-db93dd67a473/add_router_interface 0.458s
2015-12-09 04:05:58,923 32373 DEBUG    [tempest_lib.common.rest_client] Request - Headers: {'Content-Type': 'application/json', 'Accept': 'application/json', 'X-Auth-Token': '&lt;omitted&gt;'}
        Body: {"subnet_id": "82893364-97ec-4bdf-9e4e-7f732bcc7bd5"}
    Response - Headers: {'status': '200', 'content-length': '255', 'connection': 'close', 'date': 'Wed, 09 Dec 2015 04:05:58 GMT', 'content-type': 'application/json; charset=UTF-8', 'x-openstack-request-id': 'req-7f4e3767-3c26-4a60-a0b7-8f0209a9703c'}
        Body: {"subnet_id": "82893364-97ec-4bdf-9e4e-7f732bcc7bd5", "tenant_id": "b323067cba2c4429a6602860c46ecb85", "subnet_ids": ["82893364-97ec-4bdf-9e4e-7f732bcc7bd5"], "port_id": "aae8f0d0-aa27-45c1-aeb4-308da06c6fac", "id": "40cd9eff-9917-4dd5-84cd-db93dd67a473"}
2015-12-09 04:05:58,955 32373 INFO     [tempest_lib.common.rest_client] Request (TestGettingAddress:test_dhcp6_stateless_from_os): 200 GET http://10.0.2.15:9696/v2.0/subnets?tenant_id=b323067cba2c4429a6602860c46ecb85&amp;cidr=2003%3A%3A%2F64 0.031s
2015-12-09 04:05:58,955 32373 DEBUG    [tempest_lib.common.rest_client] Request - Headers: {'Content-Type': 'application/json', 'Accept': 'application/json', 'X-Auth-Token': '&lt;omitted&gt;'}
        Body: None
    Response - Headers: {'status': '200', 'content-length': '15', 'content-location': 'http://10.0.2.15:9696/v2.0/subnets?tenant_id=b323067cba2c4429a6602860c46ecb85&amp;cidr=2003%3A%3A%2F64', 'connection': 'close', 'date': 'Wed, 09 Dec 2015 04:05:58 GMT', 'content-type': 'application/json; charset=UTF-8', 'x-openstack-request-id': 'req-51c2ef47-c044-4e20-b396-c07ca8947268'}
        Body: {"subnets": []}
2015-12-09 04:05:59,242 32373 INFO     [tempest_lib.common.rest_client] Request (TestGettingAddress:test_dhcp6_stateless_from_os): 201 POST http://10.0.2.15:9696/v2.0/subnets 0.286s
2015-12-09 04:05:59,243 32373 DEBUG    [tempest_lib.common.rest_client] Request - Headers: {'Content-Type': 'application/json', 'Accept': 'application/json', 'X-Auth-Token': '&lt;omitted&gt;'}
        Body: {"subnet": {"name": "tempest-sub6-1385914688", "network_id": "79f6f8f2-cabc-4dd4-a3bb-99cb07431220", "tenant_id": "b323067cba2c4429a6602860c46ecb85", "ipv6_ra_mode": "dhcpv6-stateless", "ip_version": 6, "ipv6_address_mode": "dhcpv6-stateless", "cidr": "2003::/64"}}
    Response - Headers: {'status': '201', 'content-length': '502', 'connection': 'close', 'date': 'Wed, 09 Dec 2015 04:05:59 GMT', 'content-type': 'application/json; charset=UTF-8', 'x-openstack-request-id': 'req-7f1695e7-a503-4011-bf56-93749d01fe73'}
        Body: {"subnet": {"name": "tempest-sub6-1385914688", "enable_dhcp": true, "network_id": "79f6f8f2-cabc-4dd4-a3bb-99cb07431220", "tenant_id": "b323067cba2c4429a6602860c46ecb85", "dns_nameservers": [], "gateway_ip": "2003::1", "ipv6_ra_mode": "dhcpv6-stateless", "allocation_pools": [{"start": "2003::2", "end": "2003::ffff:ffff:ffff:ffff"}], "host_routes": [], "ip_version": 6, "ipv6_address_mode": "dhcpv6-stateless", "cidr": "2003::/64", "id": "2ba93c99-c236-42a4-b775-e8f310d8f1a3", "subnetpool_id": null}}
2015-12-09 04:05:59,877 32373 INFO     [tempest_lib.common.rest_client] Request (TestGettingAddress:test_dhcp6_stateless_from_os): 200 PUT http://10.0.2.15:9696/v2.0/routers/40cd9eff-9917-4dd5-84cd-db93dd67a473/add_router_interface 0.633s
2015-12-09 04:05:59,878 32373 DEBUG    [tempest_lib.common.rest_client] Request - Headers: {'Content-Type': 'application/json', 'Accept': 'application/json', 'X-Auth-Token': '&lt;omitted&gt;'}
        Body: {"subnet_id": "2ba93c99-c236-42a4-b775-e8f310d8f1a3"}
    Response - Headers: {'status': '200', 'content-length': '255', 'connection': 'close', 'date': 'Wed, 09 Dec 2015 04:05:59 GMT', 'content-type': 'application/json; charset=UTF-8', 'x-openstack-request-id': 'req-1f675a1a-24fa-4dd7-9393-71694bac7631'}
        Body: {"subnet_id": "2ba93c99-c236-42a4-b775-e8f310d8f1a3", "tenant_id": "b323067cba2c4429a6602860c46ecb85", "subnet_ids": ["2ba93c99-c236-42a4-b775-e8f310d8f1a3"], "port_id": "1e203743-f82c-44f1-ae4e-cfd982ef05e0", "id": "40cd9eff-9917-4dd5-84cd-db93dd67a473"}
2015-12-09 04:06:00,003 32373 INFO     [tempest_lib.common.rest_client] Request (TestGettingAddress:test_dhcp6_stateless_from_os): 200 POST http://10.0.2.15:5000/v2.0/tokens
2015-12-09 04:06:00,004 32373 DEBUG    [tempest_lib.common.rest_client] Request - Headers: {'Content-Type': 'application/json', 'Accept': 'application/json'}
        Body: &lt;omitted&gt;
    Response - Headers: {'status': '200', 'content-length': '2526', 'vary': 'X-Auth-Token', 'server': 'Apache/2.4.7 (Ubuntu)', 'connection': 'close', 'date': 'Wed, 09 Dec 2015 04:05:59 GMT', 'content-type': 'application/json', 'x-openstack-request-id': 'req-48d136cd-3913-49b8-ac2d-8493ddd9ce3e'}
        Body: {"access": {"token": {"issued_at": "2015-12-09T04:05:59.985625", "expires": "2015-12-09T05:05:59Z", "id": "f97eaaa80b6642a1bd301efbca55c527", "tenant": {"description": "tempest-TestGettingAddress-1541882091-desc", "enabled": true, "id": "b323067cba2c4429a6602860c46ecb85", "name": "tempest-TestGettingAddress-1541882091"}, "audit_ids": ["eBQ-7X5ISPaIl0SCT8koTA"]}, "serviceCatalog": [{"endpoints": [{"adminURL": "http://10.0.2.15:8774/v2.1/b323067cba2c4429a6602860c46ecb85", "region": "RegionOne", "internalURL": "http://10.0.2.15:8774/v2.1/b323067cba2c4429a6602860c46ecb85", "id": "20efe86cda444ec689ddea3d22d65d70", "publicURL": "http://10.0.2.15:8774/v2.1/b323067cba2c4429a6602860c46ecb85"}], "endpoints_links": [], "type": "compute", "name": "nova"}, {"endpoints": [{"adminURL": "http://10.0.2.15:9696/", "region": "RegionOne", "internalURL": "http://10.0.2.15:9696/", "id": "0f61c0ec5d3b4654bd4f9c4d40bbdc8f", "publicURL": "http://10.0.2.15:9696/"}], "endpoints_links": [], "type": "network", "name": "neutron"}, {"endpoints": [{"adminURL": "http://10.0.2.15:9292", "region": "RegionOne", "internalURL": "http://10.0.2.15:9292", "id": "3534c3a6177d4751867dad53bfdd1320", "publicURL": "http://10.0.2.15:9292"}], "endpoints_links": [], "type": "image", "name": "glance"}, {"endpoints": [{"adminURL": "http://10.0.2.15:8774/v2/b323067cba2c4429a6602860c46ecb85", "region": "RegionOne", "internalURL": "http://10.0.2.15:8774/v2/b323067cba2c4429a6602860c46ecb85", "id": "3a8dfd1150ac4902b877872f9b941edf", "publicURL": "http://10.0.2.15:8774/v2/b323067cba2c4429a6602860c46ecb85"}], "endpoints_links": [], "type": "compute_legacy", "name": "nova_legacy"}, {"endpoints": [{"adminURL": "http://10.0.2.15:8773/", "region": "RegionOne", "internalURL": "http://10.0.2.15:8773/", "id": "20db50d25ea34d5598dc643b1328ecf8", "publicURL": "http://10.0.2.15:8773/"}], "endpoints_links": [], "type": "ec2", "name": "ec2"}, {"endpoints": [{"adminURL": "http://10.0.2.15:35357/v2.0", "region": "RegionOne", "internalURL": "http://10.0.2.15:5000/v2.0", "id": "2c772302ed3d4504a4dedd5b20d27b2b", "publicURL": "http://10.0.2.15:5000/v2.0"}], "endpoints_links": [], "type": "identity", "name": "keystone"}], "user": {"username": "tempest-TestGettingAddress-2064143310", "roles_links": [], "id": "0e89053f76574a52b1153ed8157ac9ce", "roles": [{"name": "_member_"}, {"name": "Member"}], "name": "tempest-TestGettingAddress-2064143310"}, "metadata": {"is_admin": 0, "roles": ["9fe2ff9ee4384b1894a90878d3e92bab", "99f01cfffaf44a5baeeb8e1dbee56e1f"]}}}
2015-12-09 04:06:00,009 32373 DEBUG    [tempest.common.fixed_network] (TestGettingAddress:test_dhcp6_stateless_from_os) No valid network provided or created, defaulting to fixed_network_name
2015-12-09 04:06:00,356 32373 INFO     [tempest_lib.common.rest_client] Request (TestGettingAddress:test_dhcp6_stateless_from_os): 200 GET http://10.0.2.15:8774/v2.1/b323067cba2c4429a6602860c46ecb85/os-networks 0.346s
2015-12-09 04:06:00,356 32373 DEBUG    [tempest_lib.common.rest_client] Request - Headers: {'Content-Type': 'application/json', 'Accept': 'application/json', 'X-Auth-Token': '&lt;omitted&gt;'}
        Body: None
    Response - Headers: {'status': '200', 'content-length': '478', 'content-location': 'http://10.0.2.15:8774/v2.1/b323067cba2c4429a6602860c46ecb85/os-networks', 'x-compute-request-id': 'req-7d645570-c47a-4681-a043-1b87c0da20b2', 'vary': 'X-OpenStack-Nova-API-Version', 'connection': 'close', 'x-openstack-nova-api-version': '2.1', 'date': 'Wed, 09 Dec 2015 04:06:00 GMT', 'content-type': 'application/json'}
        Body: {"networks": [{"cidr_v6": null, "dns2": null, "dns1": null, "gateway": null, "broadcast": null, "netmask": null, "gateway_v6": null, "cidr": null, "label": "public", "id": "fc89fbc1-07ac-4e7f-a4d0-7a311d69b031", "netmask_v6": null}, {"cidr_v6": null, "dns2": null, "dns1": null, "gateway": null, "broadcast": null, "netmask": null, "gateway_v6": null, "cidr": null, "label": "tempest-network-smoke--355845776", "id": "79f6f8f2-cabc-4dd4-a3bb-99cb07431220", "netmask_v6": null}]}
2015-12-09 04:06:00,357 32373 WARNING  [tempest.common.fixed_network] (TestGettingAddress:test_dhcp6_stateless_from_os) Network with name: private not found
2015-12-09 04:06:00,357 32373 INFO     [tempest.common.fixed_network] (TestGettingAddress:test_dhcp6_stateless_from_os) Found network {} available for tenant
2015-12-09 04:06:01,439 32373 INFO     [tempest_lib.common.rest_client] Request (TestGettingAddress:test_dhcp6_stateless_from_os): 202 POST http://10.0.2.15:8774/v2.1/b323067cba2c4429a6602860c46ecb85/servers 1.081s
2015-12-09 04:06:01,440 32373 DEBUG    [tempest_lib.common.rest_client] Request - Headers: {'Content-Type': 'application/json', 'Accept': 'application/json', 'X-Auth-Token': '&lt;omitted&gt;'}
        Body: {"server": {"name": "tempest.common.compute-instance-860987056", "imageRef": "d90875b2-7ea7-4d53-aea7-c40736264da1", "key_name": "tempest-TestGettingAddress-421048234", "flavorRef": "42", "networks": [{"uuid": "79f6f8f2-cabc-4dd4-a3bb-99cb07431220"}], "security_groups": [{"name": "tempest-secgroup-smoke-1202818706"}]}}
    Response - Headers: {'status': '202', 'content-length': '462', 'x-compute-request-id': 'req-bca798f6-d2af-471b-ab5d-68fd43072b73', 'vary': 'X-OpenStack-Nova-API-Version', 'connection': 'close', 'location': 'http://10.0.2.15:8774/v2.1/b323067cba2c4429a6602860c46ecb85/servers/33063f8c-1c70-4ea9-923b-0bfe2d879b87', 'x-openstack-nova-api-version': '2.1', 'date': 'Wed, 09 Dec 2015 04:06:01 GMT', 'content-type': 'application/json'}
        Body: {"server": {"security_groups": [{"name": "tempest-secgroup-smoke-1202818706"}], "OS-DCF:diskConfig": "MANUAL", "id": "33063f8c-1c70-4ea9-923b-0bfe2d879b87", "links": [{"href": "http://10.0.2.15:8774/v2.1/b323067cba2c4429a6602860c46ecb85/servers/33063f8c-1c70-4ea9-923b-0bfe2d879b87", "rel": "self"}, {"href": "http://10.0.2.15:8774/b323067cba2c4429a6602860c46ecb85/servers/33063f8c-1c70-4ea9-923b-0bfe2d879b87", "rel": "bookmark"}], "adminPass": "4hREbXjkxPjR"}}
2015-12-09 04:06:01,581 32373 INFO     [tempest_lib.common.rest_client] Request (TestGettingAddress:test_dhcp6_stateless_from_os): 200 GET http://10.0.2.15:8774/v2.1/b323067cba2c4429a6602860c46ecb85/servers/33063f8c-1c70-4ea9-923b-0bfe2d879b87 0.136s
2015-12-09 04:06:01,581 32373 DEBUG    [tempest_lib.common.rest_client] Request - Headers: {'Content-Type': 'application/json', 'Accept': 'application/json', 'X-Auth-Token': '&lt;omitted&gt;'}
        Body: None
    Response - Headers: {'status': '200', 'content-length': '1353', 'content-location': 'http://10.0.2.15:8774/v2.1/b323067cba2c4429a6602860c46ecb85/servers/33063f8c-1c70-4ea9-923b-0bfe2d879b87', 'x-compute-request-id': 'req-54624a20-7011-4835-b29c-691e75d7b529', 'vary': 'X-OpenStack-Nova-API-Version', 'connection': 'close', 'x-openstack-nova-api-version': '2.1', 'date': 'Wed, 09 Dec 2015 04:06:01 GMT', 'content-type': 'application/json'}
        Body: {"server": {"status": "BUILD", "updated": "2015-12-09T04:06:01Z", "hostId": "", "addresses": {}, "links": [{"href": "http://10.0.2.15:8774/v2.1/b323067cba2c4429a6602860c46ecb85/servers/33063f8c-1c70-4ea9-923b-0bfe2d879b87", "rel": "self"}, {"href": "http://10.0.2.15:8774/b323067cba2c4429a6602860c46ecb85/servers/33063f8c-1c70-4ea9-923b-0bfe2d879b87", "rel": "bookmark"}], "key_name": "tempest-TestGettingAddress-421048234", "image": {"id": "d90875b2-7ea7-4d53-aea7-c40736264da1", "links": [{"href": "http://10.0.2.15:8774/b323067cba2c4429a6602860c46ecb85/images/d90875b2-7ea7-4d53-aea7-c40736264da1", "rel": "bookmark"}]}, "OS-EXT-STS:task_state": "scheduling", "OS-EXT-STS:vm_state": "building", "OS-SRV-USG:launched_at": null, "flavor": {"id": "42", "links": [{"href": "http://10.0.2.15:8774/b323067cba2c4429a6602860c46ecb85/flavors/42", "rel": "bookmark"}]}, "id": "33063f8c-1c70-4ea9-923b-0bfe2d879b87", "OS-SRV-USG:terminated_at": null, "OS-EXT-AZ:availability_zone": "", "user_id": "0e89053f76574a52b1153ed8157ac9ce", "name": "tempest.common.compute-instance-860987056", "created": "2015-12-09T04:06:01Z", "tenant_id": "b323067cba2c4429a6602860c46ecb85", "OS-DCF:diskConfig": "MANUAL", "os-extended-volumes:volumes_attached": [], "accessIPv4": "", "accessIPv6": "", "progress": 0, "OS-EXT-STS:power_state": 0, "config_drive": "", "metadata": {}}}
2015-12-09 04:06:02,769 32373 INFO     [tempest_lib.common.rest_client] Request (TestGettingAddress:test_dhcp6_stateless_from_os): 200 GET http://10.0.2.15:8774/v2.1/b323067cba2c4429a6602860c46ecb85/servers/33063f8c-1c70-4ea9-923b-0bfe2d879b87 0.178s
2015-12-09 04:06:02,769 32373 DEBUG    [tempest_lib.common.rest_client] Request - Headers: {'Content-Type': 'application/json', 'Accept': 'application/json', 'X-Auth-Token': '&lt;omitted&gt;'}
        Body: None
    Response - Headers: {'status': '200', 'content-length': '1411', 'content-location': 'http://10.0.2.15:8774/v2.1/b323067cba2c4429a6602860c46ecb85/servers/33063f8c-1c70-4ea9-923b-0bfe2d879b87', 'x-compute-request-id': 'req-cdeee7c5-34a6-4064-978d-cf414f445011', 'vary': 'X-OpenStack-Nova-API-Version', 'connection': 'close', 'x-openstack-nova-api-version': '2.1', 'date': 'Wed, 09 Dec 2015 04:06:02 GMT', 'content-type': 'application/json'}
        Body: {"server": {"status": "BUILD", "updated": "2015-12-09T04:06:02Z", "hostId": "c42395985775702b05569f9f093675df2ade70b5049ed014ed5f5b1f", "addresses": {}, "links": [{"href": "http://10.0.2.15:8774/v2.1/b323067cba2c4429a6602860c46ecb85/servers/33063f8c-1c70-4ea9-923b-0bfe2d879b87", "rel": "self"}, {"href": "http://10.0.2.15:8774/b323067cba2c4429a6602860c46ecb85/servers/33063f8c-1c70-4ea9-923b-0bfe2d879b87", "rel": "bookmark"}], "key_name": "tempest-TestGettingAddress-421048234", "image": {"id": "d90875b2-7ea7-4d53-aea7-c40736264da1", "links": [{"href": "http://10.0.2.15:8774/b323067cba2c4429a6602860c46ecb85/images/d90875b2-7ea7-4d53-aea7-c40736264da1", "rel": "bookmark"}]}, "OS-EXT-STS:task_state": "spawning", "OS-EXT-STS:vm_state": "building", "OS-SRV-USG:launched_at": null, "flavor": {"id": "42", "links": [{"href": "http://10.0.2.15:8774/b323067cba2c4429a6602860c46ecb85/flavors/42", "rel": "bookmark"}]}, "id": "33063f8c-1c70-4ea9-923b-0bfe2d879b87", "OS-SRV-USG:terminated_at": null, "OS-EXT-AZ:availability_zone": "nova", "user_id": "0e89053f76574a52b1153ed8157ac9ce", "name": "tempest.common.compute-instance-860987056", "created": "2015-12-09T04:06:01Z", "tenant_id": "b323067cba2c4429a6602860c46ecb85", "OS-DCF:diskConfig": "MANUAL", "os-extended-volumes:volumes_attached": [], "accessIPv4": "", "accessIPv6": "", "progress": 0, "OS-EXT-STS:power_state": 0, "config_drive": "", "metadata": {}}}
2015-12-09 04:06:02,778 32373 INFO     [tempest.common.waiters] State transition "BUILD/scheduling" ==&gt; "BUILD/spawning" after 1 second wait
2015-12-09 04:06:04,012 32373 INFO     [tempest_lib.common.rest_client] Request (TestGettingAddress:test_dhcp6_stateless_from_os): 200 GET http://10.0.2.15:8774/v2.1/b323067cba2c4429a6602860c46ecb85/servers/33063f8c-1c70-4ea9-923b-0bfe2d879b87 0.231s
2015-12-09 04:06:04,012 32373 DEBUG    [tempest_lib.common.rest_client] Request - Headers: {'Content-Type': 'application/json', 'Accept': 'application/json', 'X-Auth-Token': '&lt;omitted&gt;'}
        Body: None
    Response - Headers: {'status': '200', 'content-length': '1479', 'content-location': 'http://10.0.2.15:8774/v2.1/b323067cba2c4429a6602860c46ecb85/servers/33063f8c-1c70-4ea9-923b-0bfe2d879b87', 'x-compute-request-id': 'req-645531d3-5478-4bb0-8cba-cf0c9df8759b', 'vary': 'X-OpenStack-Nova-API-Version', 'connection': 'close', 'x-openstack-nova-api-version': '2.1', 'date': 'Wed, 09 Dec 2015 04:06:04 GMT', 'content-type': 'application/json'}
        Body: {"server": {"status": "BUILD", "updated": "2015-12-09T04:06:02Z", "hostId": "c42395985775702b05569f9f093675df2ade70b5049ed014ed5f5b1f", "addresses": {}, "links": [{"href": "http://10.0.2.15:8774/v2.1/b323067cba2c4429a6602860c46ecb85/servers/33063f8c-1c70-4ea9-923b-0bfe2d879b87", "rel": "self"}, {"href": "http://10.0.2.15:8774/b323067cba2c4429a6602860c46ecb85/servers/33063f8c-1c70-4ea9-923b-0bfe2d879b87", "rel": "bookmark"}], "key_name": "tempest-TestGettingAddress-421048234", "image": {"id": "d90875b2-7ea7-4d53-aea7-c40736264da1", "links": [{"href": "http://10.0.2.15:8774/b323067cba2c4429a6602860c46ecb85/images/d90875b2-7ea7-4d53-aea7-c40736264da1", "rel": "bookmark"}]}, "OS-EXT-STS:task_state": "spawning", "OS-EXT-STS:vm_state": "building", "OS-SRV-USG:launched_at": null, "flavor": {"id": "42", "links": [{"href": "http://10.0.2.15:8774/b323067cba2c4429a6602860c46ecb85/flavors/42", "rel": "bookmark"}]}, "id": "33063f8c-1c70-4ea9-923b-0bfe2d879b87", "security_groups": [{"name": "tempest-secgroup-smoke-1202818706"}], "OS-SRV-USG:terminated_at": null, "OS-EXT-AZ:availability_zone": "nova", "user_id": "0e89053f76574a52b1153ed8157ac9ce", "name": "tempest.common.compute-instance-860987056", "created": "2015-12-09T04:06:01Z", "tenant_id": "b323067cba2c4429a6602860c46ecb85", "OS-DCF:diskConfig": "MANUAL", "os-extended-volumes:volumes_attached": [], "accessIPv4": "", "accessIPv6": "", "progress": 0, "OS-EXT-STS:power_state": 0, "config_drive": "", "metadata": {}}}
2015-12-09 04:06:05,200 32373 INFO     [tempest_lib.common.rest_client] Request (TestGettingAddress:test_dhcp6_stateless_from_os): 200 GET http://10.0.2.15:8774/v2.1/b323067cba2c4429a6602860c46ecb85/servers/33063f8c-1c70-4ea9-923b-0bfe2d879b87 0.178s
2015-12-09 04:06:05,201 32373 DEBUG    [tempest_lib.common.rest_client] Request - Headers: {'Content-Type': 'application/json', 'Accept': 'application/json', 'X-Auth-Token': '&lt;omitted&gt;'}
        Body: None
    Response - Headers: {'status': '200', 'content-length': '1479', 'content-location': 'http://10.0.2.15:8774/v2.1/b323067cba2c4429a6602860c46ecb85/servers/33063f8c-1c70-4ea9-923b-0bfe2d879b87', 'x-compute-request-id': 'req-fe9d2fa3-1236-421e-b745-f01d2c5c3141', 'vary': 'X-OpenStack-Nova-API-Version', 'connection': 'close', 'x-openstack-nova-api-version': '2.1', 'date': 'Wed, 09 Dec 2015 04:06:05 GMT', 'content-type': 'application/json'}
        Body: {"server": {"status": "BUILD", "updated": "2015-12-09T04:06:02Z", "hostId": "c42395985775702b05569f9f093675df2ade70b5049ed014ed5f5b1f", "addresses": {}, "links": [{"href": "http://10.0.2.15:8774/v2.1/b323067cba2c4429a6602860c46ecb85/servers/33063f8c-1c70-4ea9-923b-0bfe2d879b87", "rel": "self"}, {"href": "http://10.0.2.15:8774/b323067cba2c4429a6602860c46ecb85/servers/33063f8c-1c70-4ea9-923b-0bfe2d879b87", "rel": "bookmark"}], "key_name": "tempest-TestGettingAddress-421048234", "image": {"id": "d90875b2-7ea7-4d53-aea7-c40736264da1", "links": [{"href": "http://10.0.2.15:8774/b323067cba2c4429a6602860c46ecb85/images/d90875b2-7ea7-4d53-aea7-c40736264da1", "rel": "bookmark"}]}, "OS-EXT-STS:task_state": "spawning", "OS-EXT-STS:vm_state": "building", "OS-SRV-USG:launched_at": null, "flavor": {"id": "42", "links": [{"href": "http://10.0.2.15:8774/b323067cba2c4429a6602860c46ecb85/flavors/42", "rel": "bookmark"}]}, "id": "33063f8c-1c70-4ea9-923b-0bfe2d879b87", "security_groups": [{"name": "tempest-secgroup-smoke-1202818706"}], "OS-SRV-USG:terminated_at": null, "OS-EXT-AZ:availability_zone": "nova", "user_id": "0e89053f76574a52b1153ed8157ac9ce", "name": "tempest.common.compute-instance-860987056", "created": "2015-12-09T04:06:01Z", "tenant_id": "b323067cba2c4429a6602860c46ecb85", "OS-DCF:diskConfig": "MANUAL", "os-extended-volumes:volumes_attached": [], "accessIPv4": "", "accessIPv6": "", "progress": 0, "OS-EXT-STS:power_state": 0, "config_drive": "", "metadata": {}}}
2015-12-09 04:06:06,416 32373 INFO     [tempest_lib.common.rest_client] Request (TestGettingAddress:test_dhcp6_stateless_from_os): 200 GET http://10.0.2.15:8774/v2.1/b323067cba2c4429a6602860c46ecb85/servers/33063f8c-1c70-4ea9-923b-0bfe2d879b87 0.207s
2015-12-09 04:06:06,416 32373 DEBUG    [tempest_lib.common.rest_client] Request - Headers: {'Content-Type': 'application/json', 'Accept': 'application/json', 'X-Auth-Token': '&lt;omitted&gt;'}
        Body: None
    Response - Headers: {'status': '200', 'content-length': '1779', 'content-location': 'http://10.0.2.15:8774/v2.1/b323067cba2c4429a6602860c46ecb85/servers/33063f8c-1c70-4ea9-923b-0bfe2d879b87', 'x-compute-request-id': 'req-95d87e0f-c74b-4b8e-8335-987e020db8af', 'vary': 'X-OpenStack-Nova-API-Version', 'connection': 'close', 'x-openstack-nova-api-version': '2.1', 'date': 'Wed, 09 Dec 2015 04:06:06 GMT', 'content-type': 'application/json'}
        Body: {"server": {"status": "ACTIVE", "updated": "2015-12-09T04:06:05Z", "hostId": "c42395985775702b05569f9f093675df2ade70b5049ed014ed5f5b1f", "addresses": {"tempest-network-smoke--355845776": [{"OS-EXT-IPS-MAC:mac_addr": "fa:16:3e:22:30:b3", "version": 6, "addr": "2003::f816:3eff:fe22:30b3", "OS-EXT-IPS:type": "fixed"}, {"OS-EXT-IPS-MAC:mac_addr": "fa:16:3e:22:30:b3", "version": 4, "addr": "10.100.0.3", "OS-EXT-IPS:type": "fixed"}]}, "links": [{"href": "http://10.0.2.15:8774/v2.1/b323067cba2c4429a6602860c46ecb85/servers/33063f8c-1c70-4ea9-923b-0bfe2d879b87", "rel": "self"}, {"href": "http://10.0.2.15:8774/b323067cba2c4429a6602860c46ecb85/servers/33063f8c-1c70-4ea9-923b-0bfe2d879b87", "rel": "bookmark"}], "key_name": "tempest-TestGettingAddress-421048234", "image": {"id": "d90875b2-7ea7-4d53-aea7-c40736264da1", "links": [{"href": "http://10.0.2.15:8774/b323067cba2c4429a6602860c46ecb85/images/d90875b2-7ea7-4d53-aea7-c40736264da1", "rel": "bookmark"}]}, "OS-EXT-STS:task_state": null, "OS-EXT-STS:vm_state": "active", "OS-SRV-USG:launched_at": "2015-12-09T04:06:05.000000", "flavor": {"id": "42", "links": [{"href": "http://10.0.2.15:8774/b323067cba2c4429a6602860c46ecb85/flavors/42", "rel": "bookmark"}]}, "id": "33063f8c-1c70-4ea9-923b-0bfe2d879b87", "security_groups": [{"name": "tempest-secgroup-smoke-1202818706"}], "OS-SRV-USG:terminated_at": null, "OS-EXT-AZ:availability_zone": "nova", "user_id": "0e89053f76574a52b1153ed8157ac9ce", "name": "tempest.common.compute-instance-860987056", "created": "2015-12-09T04:06:01Z", "tenant_id": "b323067cba2c4429a6602860c46ecb85", "OS-DCF:diskConfig": "MANUAL", "os-extended-volumes:volumes_attached": [], "accessIPv4": "", "accessIPv6": "", "progress": 0, "OS-EXT-STS:power_state": 1, "config_drive": "True", "metadata": {}}}
2015-12-09 04:06:06,425 32373 INFO     [tempest.common.waiters] State transition "BUILD/spawning" ==&gt; "ACTIVE/None" after 5 second wait
2015-12-09 04:06:06,602 32373 INFO     [tempest_lib.common.rest_client] Request (TestGettingAddress:test_dhcp6_stateless_from_os): 200 GET http://10.0.2.15:8774/v2.1/b323067cba2c4429a6602860c46ecb85/servers/33063f8c-1c70-4ea9-923b-0bfe2d879b87 0.176s
2015-12-09 04:06:06,602 32373 DEBUG    [tempest_lib.common.rest_client] Request - Headers: {'Content-Type': 'application/json', 'Accept': 'application/json', 'X-Auth-Token': '&lt;omitted&gt;'}
        Body: None
    Response - Headers: {'status': '200', 'content-length': '1779', 'content-location': 'http://10.0.2.15:8774/v2.1/b323067cba2c4429a6602860c46ecb85/servers/33063f8c-1c70-4ea9-923b-0bfe2d879b87', 'x-compute-request-id': 'req-47ac1cf2-4a62-492a-9c0d-c64b9c57d4b3', 'vary': 'X-OpenStack-Nova-API-Version', 'connection': 'close', 'x-openstack-nova-api-version': '2.1', 'date': 'Wed, 09 Dec 2015 04:06:06 GMT', 'content-type': 'application/json'}
        Body: {"server": {"status": "ACTIVE", "updated": "2015-12-09T04:06:05Z", "hostId": "c42395985775702b05569f9f093675df2ade70b5049ed014ed5f5b1f", "addresses": {"tempest-network-smoke--355845776": [{"OS-EXT-IPS-MAC:mac_addr": "fa:16:3e:22:30:b3", "version": 6, "addr": "2003::f816:3eff:fe22:30b3", "OS-EXT-IPS:type": "fixed"}, {"OS-EXT-IPS-MAC:mac_addr": "fa:16:3e:22:30:b3", "version": 4, "addr": "10.100.0.3", "OS-EXT-IPS:type": "fixed"}]}, "links": [{"href": "http://10.0.2.15:8774/v2.1/b323067cba2c4429a6602860c46ecb85/servers/33063f8c-1c70-4ea9-923b-0bfe2d879b87", "rel": "self"}, {"href": "http://10.0.2.15:8774/b323067cba2c4429a6602860c46ecb85/servers/33063f8c-1c70-4ea9-923b-0bfe2d879b87", "rel": "bookmark"}], "key_name": "tempest-TestGettingAddress-421048234", "image": {"id": "d90875b2-7ea7-4d53-aea7-c40736264da1", "links": [{"href": "http://10.0.2.15:8774/b323067cba2c4429a6602860c46ecb85/images/d90875b2-7ea7-4d53-aea7-c40736264da1", "rel": "bookmark"}]}, "OS-EXT-STS:task_state": null, "OS-EXT-STS:vm_state": "active", "OS-SRV-USG:launched_at": "2015-12-09T04:06:05.000000", "flavor": {"id": "42", "links": [{"href": "http://10.0.2.15:8774/b323067cba2c4429a6602860c46ecb85/flavors/42", "rel": "bookmark"}]}, "id": "33063f8c-1c70-4ea9-923b-0bfe2d879b87", "security_groups": [{"name": "tempest-secgroup-smoke-1202818706"}], "OS-SRV-USG:terminated_at": null, "OS-EXT-AZ:availability_zone": "nova", "user_id": "0e89053f76574a52b1153ed8157ac9ce", "name": "tempest.common.compute-instance-860987056", "created": "2015-12-09T04:06:01Z", "tenant_id": "b323067cba2c4429a6602860c46ecb85", "OS-DCF:diskConfig": "MANUAL", "os-extended-volumes:volumes_attached": [], "accessIPv4": "", "accessIPv6": "", "progress": 0, "OS-EXT-STS:power_state": 1, "config_drive": "True", "metadata": {}}}
2015-12-09 04:06:06,639 32373 INFO     [tempest_lib.common.rest_client] Request (TestGettingAddress:test_dhcp6_stateless_from_os): 200 GET http://10.0.2.15:9696/v2.0/ports?status=ACTIVE&amp;fixed_ip=None&amp;device_id=33063f8c-1c70-4ea9-923b-0bfe2d879b87 0.028s
2015-12-09 04:06:06,639 32373 DEBUG    [tempest_lib.common.rest_client] Request - Headers: {'Content-Type': 'application/json', 'Accept': 'application/json', 'X-Auth-Token': '&lt;omitted&gt;'}
        Body: None
    Response - Headers: {'status': '200', 'content-length': '1142', 'content-location': 'http://10.0.2.15:9696/v2.0/ports?status=ACTIVE&amp;fixed_ip=None&amp;device_id=33063f8c-1c70-4ea9-923b-0bfe2d879b87', 'connection': 'close', 'date': 'Wed, 09 Dec 2015 04:06:06 GMT', 'content-type': 'application/json; charset=UTF-8', 'x-openstack-request-id': 'req-515b9c84-b1c1-4fb2-94b7-f665dd6b7d08'}
        Body: {"ports": [{"status": "ACTIVE", "binding:host_id": "vagrant-ubuntu-trusty-64", "allowed_address_pairs": [], "extra_dhcp_opts": [], "dns_assignment": [{"hostname": "host-10-100-0-3", "ip_address": "10.100.0.3", "fqdn": "host-10-100-0-3.openstacklocal."}, {"hostname": "host-2003--f816-3eff-fe22-30b3", "ip_address": "2003::f816:3eff:fe22:30b3", "fqdn": "host-2003--f816-3eff-fe22-30b3.openstacklocal."}], "device_owner": "compute:None", "port_security_enabled": true, "binding:profile": {}, "fixed_ips": [{"subnet_id": "82893364-97ec-4bdf-9e4e-7f732bcc7bd5", "ip_address": "10.100.0.3"}, {"subnet_id": "2ba93c99-c236-42a4-b775-e8f310d8f1a3", "ip_address": "2003::f816:3eff:fe22:30b3"}], "id": "dbac3262-be2a-496a-8f3a-a75c347b4975", "security_groups": ["03abf73a-2ce3-4253-b8df-77180cf474a5"], "device_id": "33063f8c-1c70-4ea9-923b-0bfe2d879b87", "name": "", "admin_state_up": true, "network_id": "79f6f8f2-cabc-4dd4-a3bb-99cb07431220", "dns_name": "", "binding:vif_details": {"port_filter": true}, "binding:vnic_type": "normal", "binding:vif_type": "ovs", "tenant_id": "b323067cba2c4429a6602860c46ecb85", "mac_address": "fa:16:3e:22:30:b3"}]}
2015-12-09 04:06:07,058 32373 INFO     [tempest_lib.common.rest_client] Request (TestGettingAddress:test_dhcp6_stateless_from_os): 201 POST http://10.0.2.15:9696/v2.0/floatingips 0.418s
2015-12-09 04:06:07,058 32373 DEBUG    [tempest_lib.common.rest_client] Request - Headers: {'Content-Type': 'application/json', 'Accept': 'application/json', 'X-Auth-Token': '&lt;omitted&gt;'}
        Body: {"floatingip": {"floating_network_id": "fc89fbc1-07ac-4e7f-a4d0-7a311d69b031", "tenant_id": "b323067cba2c4429a6602860c46ecb85", "fixed_ip_address": "10.100.0.3", "port_id": "dbac3262-be2a-496a-8f3a-a75c347b4975"}}
    Response - Headers: {'status': '201', 'content-length': '367', 'connection': 'close', 'date': 'Wed, 09 Dec 2015 04:06:07 GMT', 'content-type': 'application/json; charset=UTF-8', 'x-openstack-request-id': 'req-8ab13c8c-8894-4685-b7b2-7f725f2bd358'}
        Body: {"floatingip": {"floating_network_id": "fc89fbc1-07ac-4e7f-a4d0-7a311d69b031", "router_id": "40cd9eff-9917-4dd5-84cd-db93dd67a473", "fixed_ip_address": "10.100.0.3", "floating_ip_address": "172.24.4.4", "tenant_id": "b323067cba2c4429a6602860c46ecb85", "status": "DOWN", "port_id": "dbac3262-be2a-496a-8f3a-a75c347b4975", "id": "bc7f599e-a389-447d-a5fe-9bb25f7b2d7d"}}
2015-12-09 04:06:07,060 32373 INFO     [tempest_lib.common.ssh] Creating ssh connection to '172.24.4.4' as 'cirros' with public key authentication
2015-12-09 04:06:10,713 32373 WARNING  [tempest_lib.common.ssh] Failed to establish authenticated ssh connection to cirros@172.24.4.4 ([Errno None] Unable to connect to port 22 on  or 172.24.4.4). Number attempts: 1. Retry after 2 seconds.
2015-12-09 04:06:16,217 32373 WARNING  [tempest_lib.common.ssh] Failed to establish authenticated ssh connection to cirros@172.24.4.4 ([Errno None] Unable to connect to port 22 on  or 172.24.4.4). Number attempts: 2. Retry after 3 seconds.
2015-12-09 04:06:22,721 32373 WARNING  [tempest_lib.common.ssh] Failed to establish authenticated ssh connection to cirros@172.24.4.4 ([Errno None] Unable to connect to port 22 on  or 172.24.4.4). Number attempts: 3. Retry after 4 seconds.
2015-12-09 04:06:30,226 32373 WARNING  [tempest_lib.common.ssh] Failed to establish authenticated ssh connection to cirros@172.24.4.4 ([Errno None] Unable to connect to port 22 on  or 172.24.4.4). Number attempts: 4. Retry after 5 seconds.
2015-12-09 04:06:38,730 32373 WARNING  [tempest_lib.common.ssh] Failed to establish authenticated ssh connection to cirros@172.24.4.4 ([Errno None] Unable to connect to port 22 on  or 172.24.4.4). Number attempts: 5. Retry after 6 seconds.
2015-12-09 04:06:48,234 32373 WARNING  [tempest_lib.common.ssh] Failed to establish authenticated ssh connection to cirros@172.24.4.4 ([Errno None] Unable to connect to port 22 on  or 172.24.4.4). Number attempts: 6. Retry after 7 seconds.
2015-12-09 04:06:58,744 32373 WARNING  [tempest_lib.common.ssh] Failed to establish authenticated ssh connection to cirros@172.24.4.4 ([Errno None] Unable to connect to port 22 on  or 172.24.4.4). Number attempts: 7. Retry after 8 seconds.
2015-12-09 04:07:10,246 32373 WARNING  [tempest_lib.common.ssh] Failed to establish authenticated ssh connection to cirros@172.24.4.4 ([Errno None] Unable to connect to port 22 on  or 172.24.4.4). Number attempts: 8. Retry after 9 seconds.
2015-12-09 04:07:22,758 32373 WARNING  [tempest_lib.common.ssh] Failed to establish authenticated ssh connection to cirros@172.24.4.4 ([Errno None] Unable to connect to port 22 on  or 172.24.4.4). Number attempts: 9. Retry after 10 seconds.
2015-12-09 04:07:36,270 32373 WARNING  [tempest_lib.common.ssh] Failed to establish authenticated ssh connection to cirros@172.24.4.4 ([Errno None] Unable to connect to port 22 on  or 172.24.4.4). Number attempts: 10. Retry after 11 seconds.
2015-12-09 04:07:50,778 32373 WARNING  [tempest_lib.common.ssh] Failed to establish authenticated ssh connection to cirros@172.24.4.4 ([Errno None] Unable to connect to port 22 on  or 172.24.4.4). Number attempts: 11. Retry after 12 seconds.
2015-12-09 04:08:06,283 32373 WARNING  [tempest_lib.common.ssh] Failed to establish authenticated ssh connection to cirros@172.24.4.4 ([Errno None] Unable to connect to port 22 on  or 172.24.4.4). Number attempts: 12. Retry after 13 seconds.
2015-12-09 04:08:22,798 32373 WARNING  [tempest_lib.common.ssh] Failed to establish authenticated ssh connection to cirros@172.24.4.4 ([Errno None] Unable to connect to port 22 on  or 172.24.4.4). Number attempts: 13. Retry after 14 seconds.
2015-12-09 04:08:40,314 32373 WARNING  [tempest_lib.common.ssh] Failed to establish authenticated ssh connection to cirros@172.24.4.4 ([Errno None] Unable to connect to port 22 on  or 172.24.4.4). Number attempts: 14. Retry after 15 seconds.
2015-12-09 04:08:58,821 32373 WARNING  [tempest_lib.common.ssh] Failed to establish authenticated ssh connection to cirros@172.24.4.4 ([Errno None] Unable to connect to port 22 on  or 172.24.4.4). Number attempts: 15. Retry after 16 seconds.
2015-12-09 04:09:18,338 32373 WARNING  [tempest_lib.common.ssh] Failed to establish authenticated ssh connection to cirros@172.24.4.4 ([Errno None] Unable to connect to port 22 on  or 172.24.4.4). Number attempts: 16. Retry after 17 seconds.
2015-12-09 04:09:38,857 32373 ERROR    [tempest_lib.common.ssh] Failed to establish authenticated ssh connection to cirros@172.24.4.4 after 16 attempts
2015-12-09 04:09:38.857 32373 ERROR tempest_lib.common.ssh Traceback (most recent call last):
2015-12-09 04:09:38.857 32373 ERROR tempest_lib.common.ssh   File "/usr/local/lib/python2.7/dist-packages/tempest_lib/common/ssh.py", line 75, in _get_ssh_connection
2015-12-09 04:09:38.857 32373 ERROR tempest_lib.common.ssh     timeout=self.channel_timeout, pkey=self.pkey)
2015-12-09 04:09:38.857 32373 ERROR tempest_lib.common.ssh   File "/usr/local/lib/python2.7/dist-packages/paramiko/client.py", line 311, in connect
2015-12-09 04:09:38.857 32373 ERROR tempest_lib.common.ssh     raise NoValidConnectionsError(errors)
2015-12-09 04:09:38.857 32373 ERROR tempest_lib.common.ssh NoValidConnectionsError: [Errno None] Unable to connect to port 22 on  or 172.24.4.4
2015-12-09 04:09:38.857 32373 ERROR tempest_lib.common.ssh 
2015-12-09 04:09:38,858 32373 ERROR    [tempest.scenario.manager] (TestGettingAddress:test_dhcp6_stateless_from_os) Initializing SSH connection to 172.24.4.4 failed. Error: Connection to the 172.24.4.4 via SSH timed out.
User: cirros, Password: None
2015-12-09 04:09:38.858 32373 ERROR tempest.scenario.manager Traceback (most recent call last):
2015-12-09 04:09:38.858 32373 ERROR tempest.scenario.manager   File "tempest/scenario/manager.py", line 383, in get_remote_client
2015-12-09 04:09:38.858 32373 ERROR tempest.scenario.manager     linux_client.validate_authentication()
2015-12-09 04:09:38.858 32373 ERROR tempest.scenario.manager   File "tempest/common/utils/linux/remote_client.py", line 63, in validate_authentication
2015-12-09 04:09:38.858 32373 ERROR tempest.scenario.manager     self.ssh_client.test_connection_auth()
2015-12-09 04:09:38.858 32373 ERROR tempest.scenario.manager   File "/usr/local/lib/python2.7/dist-packages/tempest_lib/common/ssh.py", line 167, in test_connection_auth
2015-12-09 04:09:38.858 32373 ERROR tempest.scenario.manager     connection = self._get_ssh_connection()
2015-12-09 04:09:38.858 32373 ERROR tempest.scenario.manager   File "/usr/local/lib/python2.7/dist-packages/tempest_lib/common/ssh.py", line 87, in _get_ssh_connection
2015-12-09 04:09:38.858 32373 ERROR tempest.scenario.manager     password=self.password)
2015-12-09 04:09:38.858 32373 ERROR tempest.scenario.manager SSHTimeout: Connection to the 172.24.4.4 via SSH timed out.
2015-12-09 04:09:38.858 32373 ERROR tempest.scenario.manager User: cirros, Password: None
2015-12-09 04:09:38.858 32373 ERROR tempest.scenario.manager 
2015-12-09 04:09:38,957 32373 INFO     [tempest_lib.common.rest_client] Request (TestGettingAddress:test_dhcp6_stateless_from_os): 200 GET http://10.0.2.15:8774/v2.1/b323067cba2c4429a6602860c46ecb85/servers 0.097s
2015-12-09 04:09:38,957 32373 DEBUG    [tempest_lib.common.rest_client] Request - Headers: {'Content-Type': 'application/json', 'Accept': 'application/json', 'X-Auth-Token': '&lt;omitted&gt;'}
        Body: None
    Response - Headers: {'status': '200', 'content-length': '390', 'content-location': 'http://10.0.2.15:8774/v2.1/b323067cba2c4429a6602860c46ecb85/servers', 'x-compute-request-id': 'req-4e41ca22-0190-4075-9924-a8f7e3b718ef', 'vary': 'X-OpenStack-Nova-API-Version', 'connection': 'close', 'x-openstack-nova-api-version': '2.1', 'date': 'Wed, 09 Dec 2015 04:09:38 GMT', 'content-type': 'application/json'}
        Body: {"servers": [{"id": "33063f8c-1c70-4ea9-923b-0bfe2d879b87", "links": [{"href": "http://10.0.2.15:8774/v2.1/b323067cba2c4429a6602860c46ecb85/servers/33063f8c-1c70-4ea9-923b-0bfe2d879b87", "rel": "self"}, {"href": "http://10.0.2.15:8774/b323067cba2c4429a6602860c46ecb85/servers/33063f8c-1c70-4ea9-923b-0bfe2d879b87", "rel": "bookmark"}], "name": "tempest.common.compute-instance-860987056"}]}
2015-12-09 04:09:39,208 32373 INFO     [tempest_lib.common.rest_client] Request (TestGettingAddress:test_dhcp6_stateless_from_os): 200 POST http://10.0.2.15:8774/v2.1/b323067cba2c4429a6602860c46ecb85/servers/33063f8c-1c70-4ea9-923b-0bfe2d879b87/action 0.248s
2015-12-09 04:09:39,209 32373 DEBUG    [tempest_lib.common.rest_client] Request - Headers: {'Content-Type': 'application/json', 'Accept': 'application/json', 'X-Auth-Token': '&lt;omitted&gt;'}
        Body: {"os-getConsoleOutput": {}}
    Response - Headers: {'status': '200', 'content-length': '24721', 'x-compute-request-id': 'req-6a7d59b9-8856-4860-b7a0-860d93d76e6c', 'vary': 'X-OpenStack-Nova-API-Version', 'connection': 'close', 'x-openstack-nova-api-version': '2.1', 'date': 'Wed, 09 Dec 2015 04:09:39 GMT', 'content-type': 'application/json'}
        Body: {"output": "[    0.000000] Initializing cgroup subsys cpuset\n[    0.000000] Initializing cgroup subsys cpu\n[    0.000000] Linux version 3.2.0-80-virtual (buildd@batsu) (gcc version 4.6.3 (Ubuntu/Linaro 4.6.3-1ubuntu5) ) #116-Ubuntu SMP Mon Mar 23 17:28:52 UTC 2015 (Ubuntu 3.2.0-80.116-virtual 3.2.68)\n[    0.000000] Command line: root=/dev/vda console=tty0 console=ttyS0 no_timer_check\n[    0.000000] KERNEL supported cpus:\n[    0.000000]   Intel GenuineIntel\n[    0.000000]   AMD AuthenticAMD\n[    0.000000]   Centaur CentaurHauls\n[    0.000000] BIOS-provided physical RAM map:\n[    0.000000]  BIOS-e820: 0000000000000000 - 000000000009fc00 (usable)\n[    0.000000]  BIOS-e820: 000000000009fc00 - 00000000000a0000 (reserved)\n[    0.000000]  BIOS-e820: 00000000000f0000 - 0000000000100000 (reserved)\n[    0.000000]  BIOS-e820: 0000000000100000 - 0000000003ffe000 (usable)\n[    0.000000]  BIOS-e820: 0000000003ffe000 - 0000000004000000 (reserved)\n[    0.000000]  BIOS-e820: 00000000fffc0000 - 0000000100000000 (reserved)\n[    0.000000] NX (Execute Disable) protection: active\n[    0.000000] SMBIOS 2.4 present.\n[    0.000000] No AGP bridge found\n[    0.000000] last_pfn = 0x3ffe max_arch_pfn = 0x400000000\n[    0.000000] x86 PAT enabled: cpu 0, old 0x7040600070406, new 0x7010600070106\n[    0.000000] found SMP MP-table at [ffff8800000f0b00] f0b00\n[    0.000000] init_memory_mapping: 0000000000000000-0000000003ffe000\n[    0.000000] RAMDISK: 03c5e000 - 03ff0000\n[    0.000000] ACPI: RSDP 00000000000f0950 00014 (v00 BOCHS )\n[    0.000000] ACPI: RSDT 0000000003fffbc1 00034 (v01 BOCHS  BXPCRSDT 00000001 BXPC 00000001)\n[    0.000000] ACPI: FACP 0000000003fff1c0 00074 (v01 BOCHS  BXPCFACP 00000001 BXPC 00000001)\n[    0.000000] ACPI: DSDT 0000000003ffe040 01180 (v01 BOCHS  BXPCDSDT 00000001 BXPC 00000001)\n[    0.000000] ACPI: FACS 0000000003ffe000 00040\n[    0.000000] ACPI: SSDT 0000000003fff234 008DD (v01 BOCHS  BXPCSSDT 00000001 BXPC 00000001)\n[    0.000000] ACPI: APIC 0000000003fffb11 00078 (v01 BOCHS  BXPCAPIC 00000001 BXPC 00000001)\n[    0.000000] ACPI: HPET 0000000003fffb89 00038 (v01 BOCHS  BXPCHPET 00000001 BXPC 00000001)\n[    0.000000] No NUMA configuration found\n[    0.000000] Faking a node at 0000000000000000-0000000003ffe000\n[    0.000000] Initmem setup node 0 0000000000000000-0000000003ffe000\n[    0.000000]   NODE_DATA [0000000003ff6000 - 0000000003ffafff]\n[    0.000000] Zone PFN ranges:\n[    0.000000]   DMA      0x00000010 -&gt; 0x00001000\n[    0.000000]   DMA32    0x00001000 -&gt; 0x00100000\n[    0.000000]   Normal   empty\n[    0.000000] Movable zone start PFN for each node\n[    0.000000] early_node_map[2] active PFN ranges\n[    0.000000]     0: 0x00000010 -&gt; 0x0000009f\n[    0.000000]     0: 0x00000100 -&gt; 0x00003ffe\n[    0.000000] ACPI: PM-Timer IO Port: 0xb008\n[    0.000000] ACPI: LAPIC (acpi_id[0x00] lapic_id[0x00] enabled)\n[    0.000000] ACPI: LAPIC_NMI (acpi_id[0xff] dfl dfl lint[0x1])\n[    0.000000] ACPI: IOAPIC (id[0x00] address[0xfec00000] gsi_base[0])\n[    0.000000] IOAPIC[0]: apic_id 0, version 17, address 0xfec00000, GSI 0-23\n[    0.000000] ACPI: INT_SRC_OVR (bus 0 bus_irq 0 global_irq 2 dfl dfl)\n[    0.000000] ACPI: INT_SRC_OVR (bus 0 bus_irq 5 global_irq 5 high level)\n[    0.000000] ACPI: INT_SRC_OVR (bus 0 bus_irq 9 global_irq 9 high level)\n[    0.000000] ACPI: INT_SRC_OVR (bus 0 bus_irq 10 global_irq 10 high level)\n[    0.000000] ACPI: INT_SRC_OVR (bus 0 bus_irq 11 global_irq 11 high level)\n[    0.000000] Using ACPI (MADT) for SMP configuration information\n[    0.000000] ACPI: HPET id: 0x8086a201 base: 0xfed00000\n[    0.000000] SMP: Allowing 1 CPUs, 0 hotplug CPUs\n[    0.000000] PM: Registered nosave memory: 000000000009f000 - 00000000000a0000\n[    0.000000] PM: Registered nosave memory: 00000000000a0000 - 00000000000f0000\n[    0.000000] PM: Registered nosave memory: 00000000000f0000 - 0000000000100000\n[    0.000000] Allocating PCI resources starting at 4000000 (gap: 4000000:fbfc0000)\n[    0.000000] Booting paravirtualized kernel on bare hardware\n[    0.000000] setup_pe
2015-12-09 04:09:39,212 32373 DEBUG    [tempest.scenario.manager] Console output for 33063f8c-1c70-4ea9-923b-0bfe2d879b87
body=
[    0.000000] Initializing cgroup subsys cpuset
[    0.000000] Initializing cgroup subsys cpu
[    0.000000] Linux version 3.2.0-80-virtual (buildd@batsu) (gcc version 4.6.3 (Ubuntu/Linaro 4.6.3-1ubuntu5) ) #116-Ubuntu SMP Mon Mar 23 17:28:52 UTC 2015 (Ubuntu 3.2.0-80.116-virtual 3.2.68)
[    0.000000] Command line: root=/dev/vda console=tty0 console=ttyS0 no_timer_check
[    0.000000] KERNEL supported cpus:
[    0.000000]   Intel GenuineIntel
[    0.000000]   AMD AuthenticAMD
[    0.000000]   Centaur CentaurHauls
[    0.000000] BIOS-provided physical RAM map:
[    0.000000]  BIOS-e820: 0000000000000000 - 000000000009fc00 (usable)
[    0.000000]  BIOS-e820: 000000000009fc00 - 00000000000a0000 (reserved)
[    0.000000]  BIOS-e820: 00000000000f0000 - 0000000000100000 (reserved)
[    0.000000]  BIOS-e820: 0000000000100000 - 0000000003ffe000 (usable)
[    0.000000]  BIOS-e820: 0000000003ffe000 - 0000000004000000 (reserved)
[    0.000000]  BIOS-e820: 00000000fffc0000 - 0000000100000000 (reserved)
[    0.000000] NX (Execute Disable) protection: active
[    0.000000] SMBIOS 2.4 present.
[    0.000000] No AGP bridge found
[    0.000000] last_pfn = 0x3ffe max_arch_pfn = 0x400000000
[    0.000000] x86 PAT enabled: cpu 0, old 0x7040600070406, new 0x7010600070106
[    0.000000] found SMP MP-table at [ffff8800000f0b00] f0b00
[    0.000000] init_memory_mapping: 0000000000000000-0000000003ffe000
[    0.000000] RAMDISK: 03c5e000 - 03ff0000
[    0.000000] ACPI: RSDP 00000000000f0950 00014 (v00 BOCHS )
[    0.000000] ACPI: RSDT 0000000003fffbc1 00034 (v01 BOCHS  BXPCRSDT 00000001 BXPC 00000001)
[    0.000000] ACPI: FACP 0000000003fff1c0 00074 (v01 BOCHS  BXPCFACP 00000001 BXPC 00000001)
[    0.000000] ACPI: DSDT 0000000003ffe040 01180 (v01 BOCHS  BXPCDSDT 00000001 BXPC 00000001)
[    0.000000] ACPI: FACS 0000000003ffe000 00040
[    0.000000] ACPI: SSDT 0000000003fff234 008DD (v01 BOCHS  BXPCSSDT 00000001 BXPC 00000001)
[    0.000000] ACPI: APIC 0000000003fffb11 00078 (v01 BOCHS  BXPCAPIC 00000001 BXPC 00000001)
[    0.000000] ACPI: HPET 0000000003fffb89 00038 (v01 BOCHS  BXPCHPET 00000001 BXPC 00000001)
[    0.000000] No NUMA configuration found
[    0.000000] Faking a node at 0000000000000000-0000000003ffe000
[    0.000000] Initmem setup node 0 0000000000000000-0000000003ffe000
[    0.000000]   NODE_DATA [0000000003ff6000 - 0000000003ffafff]
[    0.000000] Zone PFN ranges:
[    0.000000]   DMA      0x00000010 -&gt; 0x00001000
[    0.000000]   DMA32    0x00001000 -&gt; 0x00100000
[    0.000000]   Normal   empty
[    0.000000] Movable zone start PFN for each node
[    0.000000] early_node_map[2] active PFN ranges
[    0.000000]     0: 0x00000010 -&gt; 0x0000009f
[    0.000000]     0: 0x00000100 -&gt; 0x00003ffe
[    0.000000] ACPI: PM-Timer IO Port: 0xb008
[    0.000000] ACPI: LAPIC (acpi_id[0x00] lapic_id[0x00] enabled)
[    0.000000] ACPI: LAPIC_NMI (acpi_id[0xff] dfl dfl lint[0x1])
[    0.000000] ACPI: IOAPIC (id[0x00] address[0xfec00000] gsi_base[0])
[    0.000000] IOAPIC[0]: apic_id 0, version 17, address 0xfec00000, GSI 0-23
[    0.000000] ACPI: INT_SRC_OVR (bus 0 bus_irq 0 global_irq 2 dfl dfl)
[    0.000000] ACPI: INT_SRC_OVR (bus 0 bus_irq 5 global_irq 5 high level)
[    0.000000] ACPI: INT_SRC_OVR (bus 0 bus_irq 9 global_irq 9 high level)
[    0.000000] ACPI: INT_SRC_OVR (bus 0 bus_irq 10 global_irq 10 high level)
[    0.000000] ACPI: INT_SRC_OVR (bus 0 bus_irq 11 global_irq 11 high level)
[    0.000000] Using ACPI (MADT) for SMP configuration information
[    0.000000] ACPI: HPET id: 0x8086a201 base: 0xfed00000
[    0.000000] SMP: Allowing 1 CPUs, 0 hotplug CPUs
[    0.000000] PM: Registered nosave memory: 000000000009f000 - 00000000000a0000
[    0.000000] PM: Registered nosave memory: 00000000000a0000 - 00000000000f0000
[    0.000000] PM: Registered nosave memory: 00000000000f0000 - 0000000000100000
[    0.000000] Allocating PCI resources starting at 4000000 (gap: 4000000:fbfc0000)
[    0.000000] Booting paravirtualized kernel on bare hardware
[    0.000000] setup_percpu: NR_CPUS:64 nr_cpumask_bits:64 nr_cpu_ids:1 nr_node_ids:1
[    0.000000] PERCPU: Embedded 27 pages/cpu @ffff880003a00000 s78848 r8192 d23552 u2097152
[    0.000000] Built 1 zonelists in Node order, mobility grouping on.  Total pages: 16008
[    0.000000] Policy zone: DMA32
[    0.000000] Kernel command line: root=/dev/vda console=tty0 console=ttyS0 no_timer_check
[    0.000000] PID hash table entries: 256 (order: -1, 2048 bytes)
[    0.000000] Checking aperture...
[    0.000000] No AGP bridge found
[    0.000000] Memory: 43492k/65528k available (6576k kernel code, 452k absent, 21584k reserved, 6620k data, 928k init)
[    0.000000] SLUB: Genslabs=15, HWalign=64, Order=0-3, MinObjects=0, CPUs=1, Nodes=1
[    0.000000] Hierarchical RCU implementation.
[    0.000000] 	RCU dyntick-idle grace-period acceleration is enabled.
[    0.000000] NR_IRQS:4352 nr_irqs:256 16
[    0.000000] Console: colour VGA+ 80x25
[    0.000000] console [tty0] enabled
[    0.000000] console [ttyS0] enabled
[    0.000000] allocated 1048576 bytes of page_cgroup
[    0.000000] please try 'cgroup_disable=memory' option if you don't want memory cgroups
[    0.000000] Fast TSC calibration failed
[    0.000000] TSC: Unable to calibrate against PIT
[    0.000000] TSC: using HPET reference calibration
[    0.000000] Detected 2293.051 MHz processor.
[    0.036841] Calibrating delay loop (skipped), value calculated using timer frequency.. 4586.10 BogoMIPS (lpj=9172204)
[    0.038821] pid_max: default: 32768 minimum: 301
[    0.046539] Security Framework initialized
[    0.051067] AppArmor: AppArmor initialized
[    0.052118] Yama: becoming mindful.
[    0.061088] Dentry cache hash table entries: 8192 (order: 4, 65536 bytes)
[    0.064365] Inode-cache hash table entries: 4096 (order: 3, 32768 bytes)
[    0.066047] Mount-cache hash table entries: 256
[    0.080372] Initializing cgroup subsys cpuacct
[    0.081298] Initializing cgroup subsys memory
[    0.082578] Initializing cgroup subsys devices
[    0.084152] Initializing cgroup subsys freezer
[    0.084834] Initializing cgroup subsys blkio
[    0.085628] Initializing cgroup subsys perf_event
[    0.089977] mce: CPU supports 10 MCE banks
[    0.093875] SMP alternatives: switching to UP code
[    0.472247] Freeing SMP alternatives: 24k freed
[    0.475081] ACPI: Core revision 20110623
[    0.528480] ftrace: allocating 26610 entries in 105 pages
[    0.570398] ..TIMER: vector=0x30 apic1=0 pin1=2 apic2=-1 pin2=-1
[    0.572223] CPU0: AMD QEMU Virtual CPU version 2.0.0 stepping 03
[    0.580035] Performance Events: Broken PMU hardware detected, using software events only.
[    0.588116] NMI watchdog disabled (cpu0): hardware events not enabled
[    0.589550] Brought up 1 CPUs
[    0.590102] Total of 1 processors activated (4586.10 BogoMIPS).
[    0.613517] devtmpfs: initialized
[    0.647069] EVM: security.selinux
[    0.648091] EVM: security.SMACK64
[    0.648586] EVM: security.capability
[    0.671153] print_constraints: dummy: 
[    0.673657] RTC time:  4:06:08, date: 12/09/15
[    0.677233] NET: Registered protocol family 16
[    0.684736] ACPI: bus type pci registered
[    0.688364] PCI: Using configuration type 1 for base access
[    0.721710] bio: create slab &lt;bio-0&gt; at 0
[    0.726035] ACPI: Added _OSI(Module Device)
[    0.726589] ACPI: Added _OSI(Processor Device)
[    0.727181] ACPI: Added _OSI(3.0 _SCP Extensions)
[    0.728100] ACPI: Added _OSI(Processor Aggregator Device)
[    0.799422] ACPI: Interpreter enabled
[    0.800190] ACPI: (supports S0 S3 S4 S5)
[    0.801976] ACPI: Using IOAPIC for interrupt routing
[    0.869577] ACPI: No dock devices found.
[    0.870192] HEST: Table not found.
[    0.870729] PCI: Using host bridge windows from ACPI; if necessary, use "pci=nocrs" and report a bug
[    0.876054] ACPI: PCI Root Bridge [PCI0] (domain 0000 [bus 00-ff])
[    0.882737] pci_root PNP0A03:00: host bridge window [io  0x0000-0x0cf7]
[    0.884067] pci_root PNP0A03:00: host bridge window [io  0x0d00-0xadff]
[    0.885042] pci_root PNP0A03:00: host bridge window [io  0xae0f-0xaeff]
[    0.885865] pci_root PNP0A03:00: host bridge window [io  0xaf20-0xafdf]
[    0.886665] pci_root PNP0A03:00: host bridge window [io  0xafe4-0xffff]
[    0.888162] pci_root PNP0A03:00: host bridge window [mem 0x000a0000-0x000bffff]
[    0.889104] pci_root PNP0A03:00: host bridge window [mem 0x04000000-0xfebfffff]
[    0.910169] pci 0000:00:01.3: quirk: [io  0xb000-0xb03f] claimed by PIIX4 ACPI
[    0.911197] pci 0000:00:01.3: quirk: [io  0xb100-0xb10f] claimed by PIIX4 SMB
[    0.977738]  pci0000:00: Unable to request _OSC control (_OSC support mask: 0x1e)
[    1.032671] ACPI: PCI Interrupt Link [LNKA] (IRQs 5 *10 11)
[    1.034823] ACPI: PCI Interrupt Link [LNKB] (IRQs 5 *10 11)
[    1.037368] ACPI: PCI Interrupt Link [LNKC] (IRQs 5 10 *11)
[    1.039197] ACPI: PCI Interrupt Link [LNKD] (IRQs 5 10 *11)
[    1.040925] ACPI: PCI Interrupt Link [LNKS] (IRQs *9)
[    1.048673] vgaarb: device added: PCI:0000:00:02.0,decodes=io+mem,owns=io+mem,locks=none
[    1.049781] vgaarb: loaded
[    1.050238] vgaarb: bridge control possible 0000:00:02.0
[    1.053974] i2c-core: driver [aat2870] using legacy suspend method
[    1.054664] i2c-core: driver [aat2870] using legacy resume method
[    1.057655] SCSI subsystem initialized
[    1.061527] usbcore: registered new interface driver usbfs
[    1.062629] usbcore: registered new interface driver hub
[    1.064260] usbcore: registered new device driver usb
[    1.068260] PCI: Using ACPI for IRQ routing
[    1.079022] NetLabel: Initializing
[    1.079455] NetLabel:  domain hash size = 128
[    1.080146] NetLabel:  protocols = UNLABELED CIPSOv4
[    1.082023] NetLabel:  unlabeled traffic allowed by default
[    1.085396] HPET: 3 timers in total, 0 timers will be used for per-cpu timer
[    1.088194] hpet0: at MMIO 0xfed00000, IRQs 2, 8, 0
[    1.089280] hpet0: 3 comparators, 64-bit 100.000000 MHz counter
[    1.104323] Switching to clocksource hpet
[    1.353424] AppArmor: AppArmor Filesystem Enabled
[    1.354796] pnp: PnP ACPI init
[    1.355422] ACPI: bus type pnp registered
[    1.373981] pnp: PnP ACPI: found 9 devices
[    1.374500] ACPI: ACPI bus type pnp unregistered
[    1.433677] NET: Registered protocol family 2
[    1.469656] IP route cache hash table entries: 512 (order: 0, 4096 bytes)
[    1.477530] TCP established hash table entries: 2048 (order: 3, 32768 bytes)
[    1.479203] TCP bind hash table entries: 2048 (order: 3, 32768 bytes)
[    1.480833] TCP: Hash tables configured (established 2048 bind 2048)
[    1.481653] TCP reno registered
[    1.482081] UDP hash table entries: 128 (order: 0, 4096 bytes)
[    1.482985] UDP-Lite hash table entries: 128 (order: 0, 4096 bytes)
[    1.486313] NET: Registered protocol family 1
[    1.487159] pci 0000:00:00.0: Limiting direct PCI/PCI transfers
[    1.487945] pci 0000:00:01.0: PIIX3: Enabling Passive Release
[    1.489554] pci 0000:00:01.0: Activating ISA DMA hang workarounds
[    1.494983] ACPI: PCI Interrupt Link [LNKD] enabled at IRQ 11
[    1.497931] pci 0000:00:01.2: PCI INT D -&gt; Link[LNKD] -&gt; GSI 11 (level, high) -&gt; IRQ 11
[    1.501957] pci 0000:00:01.2: PCI INT D disabled
[    1.530994] Trying to unpack rootfs image as initramfs...
[    1.562830] audit: initializing netlink socket (disabled)
[    1.565366] type=2000 audit(1449633968.560:1): initialized
[    1.851524] HugeTLB registered 2 MB page size, pre-allocated 0 pages
[    1.923803] VFS: Disk quotas dquot_6.5.2
[    1.925638] Dquot-cache hash table entries: 512 (order 0, 4096 bytes)
[    1.940984] fuse init (API version 7.17)
[    1.944941] msgmni has been set to 84
[    1.983639] Block layer SCSI generic (bsg) driver version 0.4 loaded (major 253)
[    1.986082] io scheduler noop registered
[    1.986709] io scheduler deadline registered (default)
[    1.987993] io scheduler cfq registered
[    1.992125] pci_hotplug: PCI Hot Plug PCI Core version: 0.5
[    1.995464] pciehp: PCI Express Hot Plug Controller Driver version: 0.4
[    2.003448] input: Power Button as /devices/LNXSYSTM:00/LNXPWRBN:00/input/input0
[    2.005951] ACPI: Power Button [PWRF]
[    2.083058] ERST: Table is not found!
[    2.083627] GHES: HEST is not enabled!
[    2.086887] ACPI: PCI Interrupt Link [LNKC] enabled at IRQ 10
[    2.087764] virtio-pci 0000:00:03.0: PCI INT A -&gt; Link[LNKC] -&gt; GSI 10 (level, high) -&gt; IRQ 10
[    2.093411] virtio-pci 0000:00:04.0: PCI INT A -&gt; Link[LNKD] -&gt; GSI 11 (level, high) -&gt; IRQ 11
[    2.110601] ACPI: PCI Interrupt Link [LNKA] enabled at IRQ 10
[    2.111289] virtio-pci 0000:00:05.0: PCI INT A -&gt; Link[LNKA] -&gt; GSI 10 (level, high) -&gt; IRQ 10
[    2.121542] Serial: 8250/16550 driver, 32 ports, IRQ sharing enabled
[    2.165351] serial8250: ttyS0 at I/O 0x3f8 (irq = 4) is a 16550A
[    2.257129] serial8250: ttyS1 at I/O 0x2f8 (irq = 3) is a 16550A
[    2.397855] 00:05: ttyS0 at I/O 0x3f8 (irq = 4) is a 16550A
[    2.483860] 00:06: ttyS1 at I/O 0x2f8 (irq = 3) is a 16550A
[    2.510205] Refined TSC clocksource calibration: 2293.372 MHz.
[    2.511285] Switching to clocksource tsc
[    2.534095] Linux agpgart interface v0.103
[    2.600037] brd: module loaded
[    2.631938] loop: module loaded
[    2.714529]  vda: unknown partition table
[    2.777467] scsi0 : ata_piix
[    2.779920] scsi1 : ata_piix
[    2.781984] ata1: PATA max MWDMA2 cmd 0x1f0 ctl 0x3f6 bmdma 0xc0a0 irq 14
[    2.782813] ata2: PATA max MWDMA2 cmd 0x170 ctl 0x376 bmdma 0xc0a8 irq 15
[    2.792025] Fixed MDIO Bus: probed
[    2.793601] tun: Universal TUN/TAP device driver, 1.6
[    2.794312] tun: (C) 1999-2004 Max Krasnyansky &lt;maxk@qualcomm.com&gt;
[    2.807019] PPP generic driver version 2.4.2
[    2.839646] ehci_hcd: USB 2.0 'Enhanced' Host Controller (EHCI) Driver
[    2.841413] ohci_hcd: USB 1.1 'Open' Host Controller (OHCI) Driver
[    2.842494] uhci_hcd: USB Universal Host Controller Interface driver
[    2.843464] uhci_hcd 0000:00:01.2: PCI INT D -&gt; Link[LNKD] -&gt; GSI 11 (level, high) -&gt; IRQ 11
[    2.847438] uhci_hcd 0000:00:01.2: UHCI Host Controller
[    2.857529] uhci_hcd 0000:00:01.2: new USB bus registered, assigned bus number 1
[    2.860576] uhci_hcd 0000:00:01.2: irq 11, io base 0x0000c040
[    2.890746] hub 1-0:1.0: USB hub found
[    2.892112] hub 1-0:1.0: 2 ports detected
[    2.902004] usbcore: registered new interface driver libusual
[    2.906081] i8042: PNP: PS/2 Controller [PNP0303:KBD,PNP0f13:MOU] at 0x60,0x64 irq 1,12
[    2.917244] serio: i8042 KBD port at 0x60,0x64 irq 1
[    2.920000] serio: i8042 AUX port at 0x60,0x64 irq 12
[    2.970984] mousedev: PS/2 mouse device common for all mice
[    2.982766] input: AT Translated Set 2 keyboard as /devices/platform/i8042/serio0/input/input1
[    2.999814] rtc_cmos 00:01: RTC can wake from S4
[    3.036113] rtc_cmos 00:01: rtc core: registered rtc_cmos as rtc0
[    3.047271] rtc0: alarms up to one day, 114 bytes nvram, hpet irqs
[    3.051984] device-mapper: uevent: version 1.0.3
[    3.062952] ata2.01: ATAPI: QEMU DVD-ROM, 2.0.0, max UDMA/100
[    3.082673] ata2.01: configured for MWDMA2
[    3.123794] device-mapper: ioctl: 4.22.0-ioctl (2011-10-19) initialised: dm-devel@redhat.com
[    3.128019] cpuidle: using governor ladder
[    3.129964] cpuidle: using governor menu
[    3.131623] EFI Variables Facility v0.08 2004-May-17
[    3.146833] TCP cubic registered
[    3.150343] NET: Registered protocol family 10
[    3.175724] NET: Registered protocol family 17
[    3.177227] Registering the dns_resolver key type
[    3.192009] scsi 1:0:1:0: CD-ROM            QEMU     QEMU DVD-ROM     2.0. PQ: 0 ANSI: 5
[    3.216244] sr0: scsi3-mmc drive: 4x/4x cd/rw xa/form2 tray
[    3.219936] cdrom: Uniform CD-ROM driver Revision: 3.20
[    3.236904] sr 1:0:1:0: Attached scsi generic sg0 type 5
[    3.292681] Freeing initrd memory: 3656k freed
[    3.310057] registered taskstats version 1
[    3.791685]   Magic number: 11:199:110
[    3.798050] alarmtimer alarmtimer: hash matches
[    3.802849] rtc_cmos 00:01: setting system clock to 2015-12-09 04:06:11 UTC (1449633971)
[    3.804928] powernow-k8: Processor cpuid 663 not supported
[    3.813059] BIOS EDD facility v0.16 2004-Jun-25, 0 devices found
[    3.815678] EDD information not available.
[    3.903806] Freeing unused kernel memory: 928k freed
[    3.913348] Write protecting the kernel read-only data: 12288k
[    4.030814] Freeing unused kernel memory: 1596k freed
[    4.123119] Freeing unused kernel memory: 1184k freed

info: initramfs: up at 4.31
modprobe: module virtio_blk not found in modules.dep
modprobe: module virtio_net not found in modules.dep
info: copying initramfs to /dev/vda
info: initramfs loading root from /dev/vda
info: /etc/init.d/rc.sysinit: up at 8.92
info: container: none
Starting logging: OK
modprobe: module virtio_blk not found in modules.dep
modprobe: module virtio_net not found in modules.dep
WARN: /etc/rc3.d/S10-load-modules failed
Initializing random number generator... done.
Starting acpid: OK
cirros-ds 'local' up at 11.37
found datasource (configdrive, local)
Starting network...
udhcpc (v1.20.1) started
Sending discover...
Sending discover...
Sending discover...
Usage: /sbin/cirros-dhcpc &lt;up|down&gt;
No lease, failing
WARN: /etc/rc3.d/S40-network failed
Starting dropbear sshd: generating rsa key... generating dsa key... OK
no userdata for datasource
=== system information ===
Platform: OpenStack Foundation OpenStack Nova
Container: none
Arch: x86_64
CPU(s): 1 @ 2293.051 MHz
Cores/Sockets/Threads: 1/1/1
Virt-type: AMD-V
RAM Size: 49MB
Disks:
NAME MAJ:MIN     SIZE LABEL         MOUNTPOINT
vda  253:0   25165824 cirros-rootfs /
sr0   11:0     428032 config-2      
=== sshd host keys ===
-----BEGIN SSH HOST KEY KEYS-----
ssh-rsa AAAAB3NzaC1yc2EAAAADAQABAAAAglk/E0nGkTRtDHacqq02J5GVRi0heTNJx3lnqSA9c3DxrbG+sEuFsCUU2YwbbAwxnF3f8B+zaVKZKuolc6WzXviRB8LGXgiXDiuXi15kZCG7eZp336qOXLnKqjSxZCCcBoAfTKzcsU5/BQuUhtp4+SAItteBLt4nYEvU0L/pmh0ceS8= root@tempest
ssh-dss AAAAB3NzaC1kc3MAAACBANcMk7P3BpeC4aL4lW3xBcT6XqBFTQfDWeu/N8n2emCyFqAYeYjXF+sqHE0/meFsI6i4afqlgCzMUQbZLRzA4/WX9GYmPNsYYANK4wdqaCZJheJERU4N9Tyw3jcyid0NS9mmYVFwojXzTtQuXKTU0Q21Fw6hv9a8Xx1TWumiSMv9AAAAFQCRmK9ncGHPmDZ8Ou78rLT04cNZ3wAAAIBeg/OnsPVranh0hllQHUerAfL0cwk5lZPjtUHuqqG0zkmrRr7UK1x3LNYCfY36iP0X2DPTSKgCP8mdNAkbQrYcJK3Kbp46uvt9dZXKcehKan+Z0iAarWkLAdIjj34pmmkExncuPOc+LmT8vQ2mvTtP6eDXCIcaG04Bh4uHTOF4gQAAAIEAw9bSK2CbgGmEVX6haDpbY0lVAE4MQAvGTc8kgGaCR0KO5xm2eepjtHH556K5AoY4i8xVuGNhmWt3auZbrS2oneZ2VlRAaWCC61BZGPbeDpGpAGwi34hEU/nKrHENdHaW3KasUvw0almx07RLyS4AUph3IJ7O7lkfBi883EToyf8= root@tempest
-----END SSH HOST KEY KEYS-----
=== network info ===
if-info: lo,up,127.0.0.1,8,::1
if-info: eth0,up,,8,fe80::f816:3eff:fe22:30b3
=== datasource: configdrive local ===
instance-id: 33063f8c-1c70-4ea9-923b-0bfe2d879b87
name: tempest.common.compute-instance-860987056
availability-zone: nova
local-hostname: tempest.common.compute-instance-860987056.novalocal
launch-index: 0
=== cirros: current=0.3.4 uptime=202.43 ===
route: fscanf
=== pinging gateway failed, debugging connection ===
############ debug start ##############
### /etc/init.d/sshd start
Starting dropbear sshd: OK
route: fscanf
### ifconfig -a
eth0      Link encap:Ethernet  HWaddr FA:16:3E:22:30:B3  
          inet6 addr: fe80::f816:3eff:fe22:30b3/64 Scope:Link
          UP BROADCAST RUNNING MULTICAST  MTU:1500  Metric:1
          RX packets:12 errors:0 dropped:5 overruns:0 frame:0
          TX packets:8 errors:0 dropped:0 overruns:0 carrier:0
          collisions:0 txqueuelen:1000 
          RX bytes:1293 (1.2 KiB)  TX bytes:1134 (1.1 KiB)

lo        Link encap:Local Loopback  
          inet addr:127.0.0.1  Mask:255.0.0.0
          inet6 addr: ::1/128 Scope:Host
          UP LOOPBACK RUNNING  MTU:16436  Metric:1
          RX packets:12 errors:0 dropped:0 overruns:0 frame:0
          TX packets:12 errors:0 dropped:0 overruns:0 carrier:0
          collisions:0 txqueuelen:0 
          RX bytes:1020 (1020.0 B)  TX bytes:1020 (1020.0 B)

### route -n
Kernel IP routing table
Destination     Gateway         Genmask         Flags Metric Ref    Use Iface
route: fscanf
### cat /etc/resolv.conf
cat: can't open '/etc/resolv.conf': No such file or directory
### gateway not found
/sbin/cirros-status: line 1: can't open /etc/resolv.conf: no such file
### pinging nameservers
### uname -a
Linux tempest 3.2.0-80-virtual #116-Ubuntu SMP Mon Mar 23 17:28:52 UTC 2015 x86_64 GNU/Linux
### lsmod
Module                  Size  Used by    Not tainted
nls_iso8859_1          12713  0 
nls_cp437              16991  0 
vfat                   17585  0 
fat                    61512  1 vfat
isofs                  40259  0 
ip_tables              27473  0 
x_tables               29891  1 ip_tables
pcnet32                42119  0 
8139cp                 27360  0 
ne2k_pci               13691  0 
8390                   18856  1 ne2k_pci
e1000                 108589  0 
acpiphp                24231  0 
### dmesg | tail
[    5.111728] EXT3-fs (vda): mounted filesystem with ordered data mode
[    5.393191] ISO 9660 Extensions: Microsoft Joliet Level 3
[    5.460074] ISO 9660 Extensions: RRIP_1991A
[    5.696975] kjournald starting.  Commit interval 5 seconds
[    5.710242] EXT3-fs (vda): using internal journal
[    5.710339] EXT3-fs (vda): mounted filesystem with ordered data mode
[    8.968986] EXT3-fs (vda): using internal journal
[   12.152520] ISO 9660 Extensions: Microsoft Joliet Level 3
[   12.243948] ISO 9660 Extensions: RRIP_1991A
[   27.313507] eth0: no IPv6 routers present
### tail -n 25 /var/log/messages
Dec  9 04:06:18 cirros kern.info kernel: [    4.616041] acpiphp: Slot [26] registered
Dec  9 04:06:18 cirros kern.info kernel: [    4.617730] acpiphp: Slot [27] registered
Dec  9 04:06:18 cirros kern.info kernel: [    4.618081] acpiphp: Slot [28] registered
Dec  9 04:06:18 cirros kern.info kernel: [    4.618715] acpiphp: Slot [29] registered
Dec  9 04:06:18 cirros kern.info kernel: [    4.619259] acpiphp: Slot [30] registered
Dec  9 04:06:18 cirros kern.info kernel: [    4.619976] acpiphp: Slot [31] registered
Dec  9 04:06:18 cirros kern.info kernel: [    4.674215] e1000: Intel(R) PRO/1000 Network Driver - version 7.3.21-k8-NAPI
Dec  9 04:06:18 cirros kern.info kernel: [    4.674263] e1000: Copyright (c) 1999-2006 Intel Corporation.
Dec  9 04:06:18 cirros kern.info kernel: [    4.713558] ne2k-pci.c:v1.03 9/22/2003 D. Becker/P. Gortmaker
Dec  9 04:06:18 cirros kern.info kernel: [    4.752580] 8139cp: 8139cp: 10/100 PCI Ethernet driver v1.3 (Mar 22, 2004)
Dec  9 04:06:18 cirros kern.info kernel: [    4.793779] pcnet32: pcnet32.c:v1.35 21.Apr.2008 tsbogend@alpha.franken.de
Dec  9 04:06:18 cirros kern.info kernel: [    4.842074] ip_tables: (C) 2000-2006 Netfilter Core Team
Dec  9 04:06:18 cirros kern.info kernel: [    5.106710] kjournald starting.  Commit interval 5 seconds
Dec  9 04:06:18 cirros kern.info kernel: [    5.111728] EXT3-fs (vda): mounted filesystem with ordered data mode
Dec  9 04:06:18 cirros kern.debug kernel: [    5.393191] ISO 9660 Extensions: Microsoft Joliet Level 3
Dec  9 04:06:18 cirros kern.debug kernel: [    5.460074] ISO 9660 Extensions: RRIP_1991A
Dec  9 04:06:18 cirros kern.info kernel: [    5.696975] kjournald starting.  Commit interval 5 seconds
Dec  9 04:06:18 cirros kern.info kernel: [    5.710242] EXT3-fs (vda): using internal journal
Dec  9 04:06:18 cirros kern.info kernel: [    5.710339] EXT3-fs (vda): mounted filesystem with ordered data mode
Dec  9 04:06:18 cirros kern.info kernel: [    8.968986] EXT3-fs (vda): using internal journal
Dec  9 04:06:19 cirros kern.debug kernel: [   12.152520] ISO 9660 Extensions: Microsoft Joliet Level 3
Dec  9 04:06:19 cirros kern.debug kernel: [   12.243948] ISO 9660 Extensions: RRIP_1991A
Dec  9 04:06:22 cirros auth.notice su: + /dev/console root:cirros
Dec  9 04:06:35 cirros kern.debug kernel: [   27.313507] eth0: no IPv6 routers present
Dec  9 04:09:28 cirros authpriv.info dropbear[283]: Running in background
############ debug end   ##############
  ____               ____  ____
 / __/ __ ____ ____ / __ \/ __/
/ /__ / // __// __// /_/ /\ \ 
\___//_//_/  /_/   \____/___/ 
   http://cirros-cloud.net


login as 'cirros' user. default password: 'cubswin:)'. use 'sudo' for root.
tempest login: 
2015-12-09 04:09:39,415 32373 INFO     [tempest_lib.common.rest_client] Request (TestGettingAddress:_run_cleanups): 204 DELETE http://10.0.2.15:9696/v2.0/floatingips/bc7f599e-a389-447d-a5fe-9bb25f7b2d7d 0.197s
2015-12-09 04:09:39,415 32373 DEBUG    [tempest_lib.common.rest_client] Request - Headers: {'Content-Type': 'application/json', 'Accept': 'application/json', 'X-Auth-Token': '&lt;omitted&gt;'}
        Body: None
    Response - Headers: {'date': 'Wed, 09 Dec 2015 04:09:39 GMT', 'status': '204', 'connection': 'close', 'content-length': '0', 'x-openstack-request-id': 'req-8f43d848-82f7-44f0-a47c-46886d8bb9d5'}
        Body: 
2015-12-09 04:09:39,634 32373 INFO     [tempest_lib.common.rest_client] Request (TestGettingAddress:_run_cleanups): 204 DELETE http://10.0.2.15:8774/v2.1/b323067cba2c4429a6602860c46ecb85/servers/33063f8c-1c70-4ea9-923b-0bfe2d879b87 0.218s
2015-12-09 04:09:39,635 32373 DEBUG    [tempest_lib.common.rest_client] Request - Headers: {'Content-Type': 'application/json', 'Accept': 'application/json', 'X-Auth-Token': '&lt;omitted&gt;'}
        Body: None
    Response - Headers: {'status': '204', 'content-length': '0', 'x-compute-request-id': 'req-c9641237-337f-4c8b-b306-0fac5e2898db', 'vary': 'X-OpenStack-Nova-API-Version', 'connection': 'close', 'x-openstack-nova-api-version': '2.1', 'date': 'Wed, 09 Dec 2015 04:09:39 GMT', 'content-type': 'application/json'}
        Body: 
2015-12-09 04:09:39,862 32373 INFO     [tempest_lib.common.rest_client] Request (TestGettingAddress:_run_cleanups): 200 GET http://10.0.2.15:8774/v2.1/b323067cba2c4429a6602860c46ecb85/servers/33063f8c-1c70-4ea9-923b-0bfe2d879b87 0.226s
2015-12-09 04:09:39,863 32373 DEBUG    [tempest_lib.common.rest_client] Request - Headers: {'Content-Type': 'application/json', 'Accept': 'application/json', 'X-Auth-Token': '&lt;omitted&gt;'}
        Body: None
    Response - Headers: {'status': '200', 'content-length': '1902', 'content-location': 'http://10.0.2.15:8774/v2.1/b323067cba2c4429a6602860c46ecb85/servers/33063f8c-1c70-4ea9-923b-0bfe2d879b87', 'x-compute-request-id': 'req-efd84465-8362-4c86-9882-db1680dfd18f', 'vary': 'X-OpenStack-Nova-API-Version', 'connection': 'close', 'x-openstack-nova-api-version': '2.1', 'date': 'Wed, 09 Dec 2015 04:09:39 GMT', 'content-type': 'application/json'}
        Body: {"server": {"status": "ACTIVE", "updated": "2015-12-09T04:09:39Z", "hostId": "c42395985775702b05569f9f093675df2ade70b5049ed014ed5f5b1f", "addresses": {"tempest-network-smoke--355845776": [{"OS-EXT-IPS-MAC:mac_addr": "fa:16:3e:22:30:b3", "version": 4, "addr": "10.100.0.3", "OS-EXT-IPS:type": "fixed"}, {"OS-EXT-IPS-MAC:mac_addr": "fa:16:3e:22:30:b3", "version": 6, "addr": "2003::f816:3eff:fe22:30b3", "OS-EXT-IPS:type": "fixed"}, {"OS-EXT-IPS-MAC:mac_addr": "fa:16:3e:22:30:b3", "version": 4, "addr": "172.24.4.4", "OS-EXT-IPS:type": "floating"}]}, "links": [{"href": "http://10.0.2.15:8774/v2.1/b323067cba2c4429a6602860c46ecb85/servers/33063f8c-1c70-4ea9-923b-0bfe2d879b87", "rel": "self"}, {"href": "http://10.0.2.15:8774/b323067cba2c4429a6602860c46ecb85/servers/33063f8c-1c70-4ea9-923b-0bfe2d879b87", "rel": "bookmark"}], "key_name": "tempest-TestGettingAddress-421048234", "image": {"id": "d90875b2-7ea7-4d53-aea7-c40736264da1", "links": [{"href": "http://10.0.2.15:8774/b323067cba2c4429a6602860c46ecb85/images/d90875b2-7ea7-4d53-aea7-c40736264da1", "rel": "bookmark"}]}, "OS-EXT-STS:task_state": "deleting", "OS-EXT-STS:vm_state": "active", "OS-SRV-USG:launched_at": "2015-12-09T04:06:05.000000", "flavor": {"id": "42", "links": [{"href": "http://10.0.2.15:8774/b323067cba2c4429a6602860c46ecb85/flavors/42", "rel": "bookmark"}]}, "id": "33063f8c-1c70-4ea9-923b-0bfe2d879b87", "security_groups": [{"name": "tempest-secgroup-smoke-1202818706"}], "OS-SRV-USG:terminated_at": null, "OS-EXT-AZ:availability_zone": "nova", "user_id": "0e89053f76574a52b1153ed8157ac9ce", "name": "tempest.common.compute-instance-860987056", "created": "2015-12-09T04:06:01Z", "tenant_id": "b323067cba2c4429a6602860c46ecb85", "OS-DCF:diskConfig": "MANUAL", "os-extended-volumes:volumes_attached": [], "accessIPv4": "", "accessIPv6": "", "progress": 0, "OS-EXT-STS:power_state": 1, "config_drive": "True", "metadata": {}}}
2015-12-09 04:09:41,025 32373 INFO     [tempest_lib.common.rest_client] Request (TestGettingAddress:_run_cleanups): 200 GET http://10.0.2.15:8774/v2.1/b323067cba2c4429a6602860c46ecb85/servers/33063f8c-1c70-4ea9-923b-0bfe2d879b87 0.147s
2015-12-09 04:09:41,026 32373 DEBUG    [tempest_lib.common.rest_client] Request - Headers: {'Content-Type': 'application/json', 'Accept': 'application/json', 'X-Auth-Token': '&lt;omitted&gt;'}
        Body: None
    Response - Headers: {'status': '200', 'content-length': '1438', 'content-location': 'http://10.0.2.15:8774/v2.1/b323067cba2c4429a6602860c46ecb85/servers/33063f8c-1c70-4ea9-923b-0bfe2d879b87', 'x-compute-request-id': 'req-a5989cdf-6a7d-4889-9028-ff8c386016a5', 'vary': 'X-OpenStack-Nova-API-Version', 'connection': 'close', 'x-openstack-nova-api-version': '2.1', 'date': 'Wed, 09 Dec 2015 04:09:41 GMT', 'content-type': 'application/json'}
        Body: {"server": {"status": "ACTIVE", "updated": "2015-12-09T04:09:40Z", "hostId": "c42395985775702b05569f9f093675df2ade70b5049ed014ed5f5b1f", "addresses": {}, "links": [{"href": "http://10.0.2.15:8774/v2.1/b323067cba2c4429a6602860c46ecb85/servers/33063f8c-1c70-4ea9-923b-0bfe2d879b87", "rel": "self"}, {"href": "http://10.0.2.15:8774/b323067cba2c4429a6602860c46ecb85/servers/33063f8c-1c70-4ea9-923b-0bfe2d879b87", "rel": "bookmark"}], "key_name": "tempest-TestGettingAddress-421048234", "image": {"id": "d90875b2-7ea7-4d53-aea7-c40736264da1", "links": [{"href": "http://10.0.2.15:8774/b323067cba2c4429a6602860c46ecb85/images/d90875b2-7ea7-4d53-aea7-c40736264da1", "rel": "bookmark"}]}, "OS-EXT-STS:task_state": "deleting", "OS-EXT-STS:vm_state": "active", "OS-SRV-USG:launched_at": "2015-12-09T04:06:05.000000", "flavor": {"id": "42", "links": [{"href": "http://10.0.2.15:8774/b323067cba2c4429a6602860c46ecb85/flavors/42", "rel": "bookmark"}]}, "id": "33063f8c-1c70-4ea9-923b-0bfe2d879b87", "OS-SRV-USG:terminated_at": null, "OS-EXT-AZ:availability_zone": "nova", "user_id": "0e89053f76574a52b1153ed8157ac9ce", "name": "tempest.common.compute-instance-860987056", "created": "2015-12-09T04:06:01Z", "tenant_id": "b323067cba2c4429a6602860c46ecb85", "OS-DCF:diskConfig": "MANUAL", "os-extended-volumes:volumes_attached": [], "accessIPv4": "", "accessIPv6": "", "progress": 0, "OS-EXT-STS:power_state": 1, "config_drive": "True", "metadata": {}}}
2015-12-09 04:09:42,112 32373 INFO     [tempest_lib.common.rest_client] Request (TestGettingAddress:_run_cleanups): 404 GET http://10.0.2.15:8774/v2.1/b323067cba2c4429a6602860c46ecb85/servers/33063f8c-1c70-4ea9-923b-0bfe2d879b87 0.078s
2015-12-09 04:09:42,112 32373 DEBUG    [tempest_lib.common.rest_client] Request - Headers: {'Content-Type': 'application/json', 'Accept': 'application/json', 'X-Auth-Token': '&lt;omitted&gt;'}
        Body: None
    Response - Headers: {'status': '404', 'content-length': '111', 'x-compute-request-id': 'req-d283728b-7ac9-4dfd-921e-d5637b4592aa', 'vary': 'X-OpenStack-Nova-API-Version', 'connection': 'close', 'x-openstack-nova-api-version': '2.1', 'date': 'Wed, 09 Dec 2015 04:09:42 GMT', 'content-type': 'application/json; charset=UTF-8'}
        Body: {"itemNotFound": {"message": "Instance 33063f8c-1c70-4ea9-923b-0bfe2d879b87 could not be found.", "code": 404}}
2015-12-09 04:09:42,799 32373 INFO     [tempest_lib.common.rest_client] Request (TestGettingAddress:_run_cleanups): 200 PUT http://10.0.2.15:9696/v2.0/routers/40cd9eff-9917-4dd5-84cd-db93dd67a473/remove_router_interface 0.686s
2015-12-09 04:09:42,799 32373 DEBUG    [tempest_lib.common.rest_client] Request - Headers: {'Content-Type': 'application/json', 'Accept': 'application/json', 'X-Auth-Token': '&lt;omitted&gt;'}
        Body: {"subnet_id": "2ba93c99-c236-42a4-b775-e8f310d8f1a3"}
