<?xml version="1.0" encoding="UTF-8"?>
<!DOCTYPE html PUBLIC "-//W3C//DTD XHTML 1.0 Strict//EN"
     "http://www.w3.org/TR/xhtml1/DTD/xhtml1-strict.dtd">
<html xmlns="http://www.w3.org/1999/xhtml">
<head>
    <title>Unit Test Report</title>
    <meta name="generator" content="subunit2html 0.1"/>
    <meta http-equiv="Content-Type" content="text/html; charset=UTF-8"/>
    
<style type="text/css" media="screen">
body        { font-family: verdana, arial, helvetica, sans-serif;
    font-size: 80%; }
table       { font-size: 100%; width: 100%;}
pre         { font-size: 80%; }

/* -- heading -------------------------------------------------------------- */
h1 {
        font-size: 16pt;
        color: gray;
}
.heading {
    margin-top: 0ex;
    margin-bottom: 1ex;
}

.heading .attribute {
    margin-top: 1ex;
    margin-bottom: 0;
}

.heading .description {
    margin-top: 4ex;
    margin-bottom: 6ex;
}

/* -- css div popup -------------------------------------------------------- */
a.popup_link {
}

a.popup_link:hover {
    color: red;
}

.popup_window {
    display: none;
    overflow-x: scroll;
    /*border: solid #627173 1px; */
    padding: 10px;
    background-color: #E6E6D6;
    font-family: "Ubuntu Mono", "Lucida Console", "Courier New", monospace;
    text-align: left;
    font-size: 8pt;
}

}
/* -- report --------------------------------------------------------------- */
#show_detail_line {
    margin-top: 3ex;
    margin-bottom: 1ex;
}
#result_table {
    width: 100%;
    border-collapse: collapse;
    border: 1px solid #777;
}
#header_row {
    font-weight: bold;
    color: white;
    background-color: #777;
}
#result_table td {
    border: 1px solid #777;
    padding: 2px;
}
#total_row  { font-weight: bold; }
.passClass  { background-color: #6c6; }
.failClass  { background-color: #c60; }
.errorClass { background-color: #c00; }
.passCase   { color: #6c6; }
.failCase   { color: #c60; font-weight: bold; }
.errorCase  { color: #c00; font-weight: bold; }
.hiddenRow  { display: none; }
.testcase   { margin-left: 2em; }
td.testname {width: 40%}
td.small {width: 40px}

/* -- ending --------------------------------------------------------------- */
#ending {
}

</style>

</head>
<body>
<script language="javascript" type="text/javascript"><!--
output_list = Array();

/* level - 0:Summary; 1:Failed; 2:All */
function showCase(level) {
    trs = document.getElementsByTagName("tr");
    for (var i = 0; i < trs.length; i++) {
        tr = trs[i];
        id = tr.id;
        if (id.substr(0,2) == 'ft') {
            if (level < 1) {
                tr.className = 'hiddenRow';
            }
            else {
                tr.className = '';
            }
        }
        if (id.substr(0,2) == 'pt') {
            if (level > 1) {
                tr.className = '';
            }
            else {
                tr.className = 'hiddenRow';
            }
        }
    }
}


function showClassDetail(cid, count) {
    var id_list = Array(count);
    var toHide = 1;
    for (var i = 0; i < count; i++) {
        tid0 = 't' + cid.substr(1) + '.' + (i+1);
        tid = 'f' + tid0;
        tr = document.getElementById(tid);
        if (!tr) {
            tid = 'p' + tid0;
            tr = document.getElementById(tid);
        }
        id_list[i] = tid;
        if (tr.className) {
            toHide = 0;
        }
    }
    for (var i = 0; i < count; i++) {
        tid = id_list[i];
        if (toHide) {
            document.getElementById('div_'+tid).style.display = 'none'
            document.getElementById(tid).className = 'hiddenRow';
        }
        else {
            document.getElementById(tid).className = '';
        }
    }
}


function showTestDetail(div_id){
    var details_div = document.getElementById(div_id)
    var displayState = details_div.style.display
    // alert(displayState)
    if (displayState != 'block' ) {
        displayState = 'block'
        details_div.style.display = 'block'
    }
    else {
        details_div.style.display = 'none'
    }
}


function html_escape(s) {
    s = s.replace(/&/g,'&amp;');
    s = s.replace(/</g,'&lt;');
    s = s.replace(/>/g,'&gt;');
    return s;
}

/* obsoleted by detail in <div>
function showOutput(id, name) {
    var w = window.open("", //url
                    name,
                    "resizable,scrollbars,status,width=800,height=450");
    d = w.document;
    d.write("<pre>");
    d.write(html_escape(output_list[id]));
    d.write("\n");
    d.write("<a href='javascript:window.close()'>close</a>\n");
    d.write("</pre>\n");
    d.close();
}
*/
--></script>

<div class='heading'>
<h1>Unit Test Report</h1>

<p class='attribute'><strong>Status:</strong> Failure 8</p>

<p class='description'></p>
</div>



<p id='show_detail_line'>Show
<a href='javascript:showCase(0)'>Summary</a>
<a href='javascript:showCase(1)'>Failed</a>
<a href='javascript:showCase(2)'>All</a>
</p>
<table id='result_table'>
<colgroup>
<col align='left' />
<col align='right' />
<col align='right' />
<col align='right' />
<col align='right' />
<col align='right' />
<col align='right' />
<col align='right' />
</colgroup>
<tr id='header_row'>
    <td>Test Group/Test case</td>
    <td>Count</td>
    <td>Pass</td>
    <td>Fail</td>
    <td>Error</td>
    <td>Skip</td>
    <td>View</td>
    <td> </td>
</tr>

<tr class='failClass'>
    <td class="testname">tempest.scenario.test_network_v6.TestGettingAddress</td>
    <td class="small">8</td>
    <td class="small">0</td>
    <td class="small">8</td>
    <td class="small">0</td>
    <td class="small">0</td>
    <td class="small"><a href="javascript:showClassDetail('c1',8)"
>Detail</a></td>
    <td> </td>
</tr>

<tr id='ft1.1' class='none'>
    <td class='failCase'><div class='testcase'>test_dhcp6_stateless_from_os[compute,id-d7e1f858-187c-45a6-89c9-bdafde619a9f,network]</div></td>
    <td colspan='7' align='left'>

    <!--css div popup start-->
    <a class="popup_link" onfocus='this.blur();'
    href="javascript:showTestDetail('div_ft1.1')" >
        fail</a>

    <div id='div_ft1.1' class="popup_window">
        <div style='text-align: right; color:red;cursor:pointer'>
        <a onfocus='this.blur();'
onclick="document.getElementById('div_ft1.1').style.display = 'none' " >
           [x]</a>
        </div>
        <pre>
        
ft1.1: tempest.scenario.test_network_v6.TestGettingAddress.test_dhcp6_stateless_from_os[compute,id-d7e1f858-187c-45a6-89c9-bdafde619a9f,network]_StringException: Empty attachments:
  stderr
  stdout

pythonlogging:'': {{{
2015-12-21 19:30:27,001 20439 INFO     [tempest_lib.common.rest_client] Request (TestGettingAddress:setUp): 200 POST http://10.0.2.15:8774/v2.1/1765797202fd4bc5adf3b8d087dbe735/os-keypairs 0.434s
2015-12-21 19:30:27,002 20439 DEBUG    [tempest_lib.common.rest_client] Request - Headers: {'Content-Type': 'application/json', 'Accept': 'application/json', 'X-Auth-Token': '&lt;omitted&gt;'}
        Body: {"keypair": {"name": "tempest-TestGettingAddress-943073723"}}
    Response - Headers: {'status': '200', 'content-length': '2319', 'x-compute-request-id': 'req-ac0d2096-37b2-4464-b915-dacb1e561513', 'vary': 'X-OpenStack-Nova-API-Version', 'connection': 'close', 'x-openstack-nova-api-version': '2.1', 'date': 'Mon, 21 Dec 2015 19:30:26 GMT', 'content-type': 'application/json'}
        Body: {"keypair": {"public_key": "ssh-rsa AAAAB3NzaC1yc2EAAAADAQABAAABAQC/L2eqWUdAcOl2YcTlpGFwXvq1zrixxZEenpuvbTSkepFofOCJ86bM7+dGyDHMNT+muX4wFccvX13wCw9yK5mZtitcxtZxCkUHmZPk3ibl7jeLRN8Lu9tzn/iKy4v6qSch04lszqlKLAh1dJQnVaX0SfdqdXFFX24xpHldetUbOecnIFsFYhJ37N2GkY7eZ82FsMReNJBNdQy2GsNTrVRUUIykBs5w4v6BqpbCkr0gmcuTCGG4fVU3iDE5BvkahXlaAWOu9aDOrJwd9yaKV5Vq5tYbZ0U8GbeITkOvEqhBnq2iHsZ8z2ieRXasXjdUq9iyMvH2QAXmS2Bss4mIzEQd Generated-by-Nova", "private_key": "-----BEGIN RSA PRIVATE KEY-----\nMIIEqAIBAAKCAQEAvy9nqllHQHDpdmHE5aRhcF76tc64scWRHp6br200pHqRaHzg\nifOmzO/nRsgxzDU/prl+MBXHL19d8AsPciuZmbYrXMbWcQpFB5mT5N4m5e43i0Tf\nC7vbc5/4isuL+qknIdOJbM6pSiwIdXSUJ1Wl9En3anVxRV9uMaR5XXrVGznnJyBb\nBWISd+zdhpGO3mfNhbDEXjSQTXUMthrDU61UVFCMpAbOcOL+gaqWwpK9IJnLkwhh\nuH1VN4gxOQb5GoV5WgFjrvWgzqycHfcmileVaubWG2dFPBm3iE5DrxKoQZ6toh7G\nfM9onkV2rF43VKvYsjLx9kAF5ktgbLOJiMxEHQIDAQABAoIBAF12KTFnr6NbD2Zl\n6UFyGIg8hkd2pWeSc50KYIVj14ZIvOjdk08dI3+wD9nUaDOyHEm/CGctXlBUSLHe\nVlCz68Tu/0e9lHtyT8ilVV1fFJj22YRlyLwNu/xMSc5gLy/8nTq2FMpyROQTnpb8\nxKhuAFDqD9+lRhhpzI7MHuCJ+b/yt4iFuP9f+3i/sp7OL7vBdC3NjjY80yGq6ZMq\n1VYQF/jYj3uCKl5zBRZpKegnqgpkGT4RTwU251o2tN2EPQYH9E8w9kmRcltcRu7y\nYa4YZMXVsNsNjUwekLb3LP8+pHLbjLqXJZnW6XToNAFW9Wsa45Mi9Z+cUbWF1WyI\nvXa5+QECggCBAMxkm1rYsaywR0xXciTkycWKoLVwM5mJcAdfMSmM6IYWCNfgilgi\nrOXcmQ7Dgs1Rc++voU/faJUaWaj15CVytKxz2EotNGVyX8PX0MjVqDywLBCDQmyn\ncge9g0W1jq6fpow2+1Tr2t4zCICBkoAS1D/ruqjol5Sesv+kBkUXOz+hAoIAgQDv\ndRTZhhAmK2gsTs5/bAxEz3f3gNAptZKJ8ws4gj8n9AcsD7ftsd+04Twqg0bUey63\nIW/BNBwMmzEQi+/PoEv2oeEkKXY3sccQuaZy7L7r0SGaregltS1w8UrG0iAMWbgU\n99ozeNoMvt6aMzXGnUySit9TLkaUhOLXkWGUzOsi/QKCAIEAmT4U/FfbXo4L5sDp\nY5/lZ6Y4N9CX31WcGOrWAUEUVPPQTYqcLthQqUZruxX6y9V2Bw628xudXa0T7Anv\ns+P8cg+o6nRaBHVsN3lnoCwQpu+vGfJPqwcgB42fDnTBNUudoyLV7SWoQ1Af37lG\nDaAQYpxqppk8jMEvk1t3F/YDBgECggCATnfrkSyhdiCbTom0mYTqsFHcWjrX/BMI\nJjSC5M2prIoHH6U2/KlhSYDVmojSWSbUtCY83O8akfb5KRbySvOYcQWzJYqAtteH\nCDAOH3L9TYGGpY1/mXu5nF01x9lrryBndleSJXPg4HRbteQ6Jw+82/iuHi/36Qty\n2nlFpOFR3HECggCAVG5qbCffms13PAnJqt35TH3lk/9RLeoezSm1Edjro6/WTTI9\nEGPyLbNLRk7L4PtOh9LiDWfrxHsthtCWJUeidOr/Al6kXeyVqWYxrWHpVQIqyn2k\nCkMv2PCyP+O/cGAl+4i00Pk8PoNE1rHWybPSMHdsn+nZJ5mdLmVl7Rynd88=\n-----END RSA PRIVATE KEY-----\n", "user_id": "cd3c7db62d8d4cf89d66a15197f6e6e4", "name": "tempest-TestGettingAddress-943073723", "fingerprint": "1d:42:ae:69:9a:02:5a:e2:60:77:0f:ee:8d:3b:da:9a"}}
2015-12-21 19:30:27,338 20439 INFO     [tempest_lib.common.rest_client] Request (TestGettingAddress:setUp): 201 POST http://10.0.2.15:9696/v2.0/security-groups 0.331s
2015-12-21 19:30:27,338 20439 DEBUG    [tempest_lib.common.rest_client] Request - Headers: {'Content-Type': 'application/json', 'Accept': 'application/json', 'X-Auth-Token': '&lt;omitted&gt;'}
        Body: {"security_group": {"tenant_id": "1765797202fd4bc5adf3b8d087dbe735", "description": "tempest-secgroup-smoke-1330999583 description", "name": "tempest-secgroup-smoke-1330999583"}}
    Response - Headers: {'status': '201', 'content-length': '888', 'connection': 'close', 'date': 'Mon, 21 Dec 2015 19:30:27 GMT', 'content-type': 'application/json; charset=UTF-8', 'x-openstack-request-id': 'req-155123b7-f577-4488-9ce4-0a1b878899c9'}
        Body: {"security_group": {"tenant_id": "1765797202fd4bc5adf3b8d087dbe735", "description": "tempest-secgroup-smoke-1330999583 description", "id": "e80feafb-5b02-4fa5-b882-51a0826664a9", "security_group_rules": [{"remote_group_id": null, "direction": "egress", "remote_ip_prefix": null, "protocol": null, "ethertype": "IPv4", "tenant_id": "1765797202fd4bc5adf3b8d087dbe735", "port_range_max": null, "port_range_min": null, "id": "7acb99ff-8869-4f02-9b39-e8a2a9fdafac", "security_group_id": "e80feafb-5b02-4fa5-b882-51a0826664a9"}, {"remote_group_id": null, "direction": "egress", "remote_ip_prefix": null, "protocol": null, "ethertype": "IPv6", "tenant_id": "1765797202fd4bc5adf3b8d087dbe735", "port_range_max": null, "port_range_min": null, "id": "45a2fa9d-c55a-4519-82be-8c9f261e5e85", "security_group_id": "e80feafb-5b02-4fa5-b882-51a0826664a9"}], "name": "tempest-secgroup-smoke-1330999583"}}
2015-12-21 19:30:27,453 20439 INFO     [tempest_lib.common.rest_client] Request (TestGettingAddress:setUp): 201 POST http://10.0.2.15:9696/v2.0/security-group-rules 0.112s
2015-12-21 19:30:27,454 20439 DEBUG    [tempest_lib.common.rest_client] Request - Headers: {'Content-Type': 'application/json', 'Accept': 'application/json', 'X-Auth-Token': '&lt;omitted&gt;'}
        Body: {"security_group_rule": {"direction": "ingress", "protocol": "tcp", "tenant_id": "1765797202fd4bc5adf3b8d087dbe735", "port_range_max": 22, "security_group_id": "e80feafb-5b02-4fa5-b882-51a0826664a9", "port_range_min": 22}}
    Response - Headers: {'status': '201', 'content-length': '340', 'connection': 'close', 'date': 'Mon, 21 Dec 2015 19:30:27 GMT', 'content-type': 'application/json; charset=UTF-8', 'x-openstack-request-id': 'req-84fbddbe-e979-43ba-bb54-8d7b8bd2ac3b'}
        Body: {"security_group_rule": {"remote_group_id": null, "direction": "ingress", "remote_ip_prefix": null, "protocol": "tcp", "ethertype": "IPv4", "tenant_id": "1765797202fd4bc5adf3b8d087dbe735", "port_range_max": 22, "port_range_min": 22, "id": "6706867e-50af-48c8-a82d-8bb2b3f02280", "security_group_id": "e80feafb-5b02-4fa5-b882-51a0826664a9"}}
2015-12-21 19:30:27,559 20439 INFO     [tempest_lib.common.rest_client] Request (TestGettingAddress:setUp): 201 POST http://10.0.2.15:9696/v2.0/security-group-rules 0.104s
2015-12-21 19:30:27,559 20439 DEBUG    [tempest_lib.common.rest_client] Request - Headers: {'Content-Type': 'application/json', 'Accept': 'application/json', 'X-Auth-Token': '&lt;omitted&gt;'}
        Body: {"security_group_rule": {"direction": "egress", "protocol": "tcp", "tenant_id": "1765797202fd4bc5adf3b8d087dbe735", "port_range_max": 22, "security_group_id": "e80feafb-5b02-4fa5-b882-51a0826664a9", "port_range_min": 22}}
    Response - Headers: {'status': '201', 'content-length': '339', 'connection': 'close', 'date': 'Mon, 21 Dec 2015 19:30:27 GMT', 'content-type': 'application/json; charset=UTF-8', 'x-openstack-request-id': 'req-b8bf605e-cc80-4dde-8b53-5d38642f3b76'}
        Body: {"security_group_rule": {"remote_group_id": null, "direction": "egress", "remote_ip_prefix": null, "protocol": "tcp", "ethertype": "IPv4", "tenant_id": "1765797202fd4bc5adf3b8d087dbe735", "port_range_max": 22, "port_range_min": 22, "id": "1ba59651-5b2c-4d2e-916e-61f24db41fa7", "security_group_id": "e80feafb-5b02-4fa5-b882-51a0826664a9"}}
2015-12-21 19:30:27,779 20439 INFO     [tempest_lib.common.rest_client] Request (TestGettingAddress:setUp): 201 POST http://10.0.2.15:9696/v2.0/security-group-rules 0.219s
2015-12-21 19:30:27,780 20439 DEBUG    [tempest_lib.common.rest_client] Request - Headers: {'Content-Type': 'application/json', 'Accept': 'application/json', 'X-Auth-Token': '&lt;omitted&gt;'}
        Body: {"security_group_rule": {"tenant_id": "1765797202fd4bc5adf3b8d087dbe735", "direction": "ingress", "protocol": "icmp", "security_group_id": "e80feafb-5b02-4fa5-b882-51a0826664a9"}}
    Response - Headers: {'status': '201', 'content-length': '345', 'connection': 'close', 'date': 'Mon, 21 Dec 2015 19:30:27 GMT', 'content-type': 'application/json; charset=UTF-8', 'x-openstack-request-id': 'req-6af31f6c-d85c-47f9-b766-17c9bd26ef03'}
        Body: {"security_group_rule": {"remote_group_id": null, "direction": "ingress", "remote_ip_prefix": null, "protocol": "icmp", "ethertype": "IPv4", "tenant_id": "1765797202fd4bc5adf3b8d087dbe735", "port_range_max": null, "port_range_min": null, "id": "498164af-bbb4-464b-bc0c-9c4bd0c1eef3", "security_group_id": "e80feafb-5b02-4fa5-b882-51a0826664a9"}}
2015-12-21 19:30:27,894 20439 INFO     [tempest_lib.common.rest_client] Request (TestGettingAddress:setUp): 201 POST http://10.0.2.15:9696/v2.0/security-group-rules 0.113s
2015-12-21 19:30:27,895 20439 DEBUG    [tempest_lib.common.rest_client] Request - Headers: {'Content-Type': 'application/json', 'Accept': 'application/json', 'X-Auth-Token': '&lt;omitted&gt;'}
        Body: {"security_group_rule": {"tenant_id": "1765797202fd4bc5adf3b8d087dbe735", "direction": "egress", "protocol": "icmp", "security_group_id": "e80feafb-5b02-4fa5-b882-51a0826664a9"}}
    Response - Headers: {'status': '201', 'content-length': '344', 'connection': 'close', 'date': 'Mon, 21 Dec 2015 19:30:27 GMT', 'content-type': 'application/json; charset=UTF-8', 'x-openstack-request-id': 'req-5040e91b-0ff3-4ba8-8d3d-f8ec99038bf9'}
        Body: {"security_group_rule": {"remote_group_id": null, "direction": "egress", "remote_ip_prefix": null, "protocol": "icmp", "ethertype": "IPv4", "tenant_id": "1765797202fd4bc5adf3b8d087dbe735", "port_range_max": null, "port_range_min": null, "id": "8c01864d-167b-48df-b47f-ce02c9a570a0", "security_group_id": "e80feafb-5b02-4fa5-b882-51a0826664a9"}}
2015-12-21 19:30:28,011 20439 INFO     [tempest_lib.common.rest_client] Request (TestGettingAddress:setUp): 201 POST http://10.0.2.15:9696/v2.0/security-group-rules 0.115s
2015-12-21 19:30:28,012 20439 DEBUG    [tempest_lib.common.rest_client] Request - Headers: {'Content-Type': 'application/json', 'Accept': 'application/json', 'X-Auth-Token': '&lt;omitted&gt;'}
        Body: {"security_group_rule": {"tenant_id": "1765797202fd4bc5adf3b8d087dbe735", "direction": "ingress", "security_group_id": "e80feafb-5b02-4fa5-b882-51a0826664a9", "protocol": "icmp", "ethertype": "IPv6"}}
    Response - Headers: {'status': '201', 'content-length': '345', 'connection': 'close', 'date': 'Mon, 21 Dec 2015 19:30:28 GMT', 'content-type': 'application/json; charset=UTF-8', 'x-openstack-request-id': 'req-4f78fef7-2b6c-4c4e-b6a9-c42678f215be'}
        Body: {"security_group_rule": {"remote_group_id": null, "direction": "ingress", "remote_ip_prefix": null, "protocol": "icmp", "ethertype": "IPv6", "tenant_id": "1765797202fd4bc5adf3b8d087dbe735", "port_range_max": null, "port_range_min": null, "id": "9e39796b-c137-4374-9364-8bbc0aeeae42", "security_group_id": "e80feafb-5b02-4fa5-b882-51a0826664a9"}}
2015-12-21 19:30:28,127 20439 INFO     [tempest_lib.common.rest_client] Request (TestGettingAddress:setUp): 201 POST http://10.0.2.15:9696/v2.0/security-group-rules 0.114s
2015-12-21 19:30:28,128 20439 DEBUG    [tempest_lib.common.rest_client] Request - Headers: {'Content-Type': 'application/json', 'Accept': 'application/json', 'X-Auth-Token': '&lt;omitted&gt;'}
        Body: {"security_group_rule": {"tenant_id": "1765797202fd4bc5adf3b8d087dbe735", "direction": "egress", "security_group_id": "e80feafb-5b02-4fa5-b882-51a0826664a9", "protocol": "icmp", "ethertype": "IPv6"}}
    Response - Headers: {'status': '201', 'content-length': '344', 'connection': 'close', 'date': 'Mon, 21 Dec 2015 19:30:28 GMT', 'content-type': 'application/json; charset=UTF-8', 'x-openstack-request-id': 'req-e5fa68c8-448b-4e93-bbf9-7100ff8ac849'}
        Body: {"security_group_rule": {"remote_group_id": null, "direction": "egress", "remote_ip_prefix": null, "protocol": "icmp", "ethertype": "IPv6", "tenant_id": "1765797202fd4bc5adf3b8d087dbe735", "port_range_max": null, "port_range_min": null, "id": "fb303a03-83e3-45f5-a4d0-22f546bcfc46", "security_group_id": "e80feafb-5b02-4fa5-b882-51a0826664a9"}}
2015-12-21 19:30:28,266 20439 INFO     [tempest_lib.common.rest_client] Request (TestGettingAddress:test_dhcp6_stateless_from_os): 201 POST http://10.0.2.15:9696/v2.0/networks 0.136s
2015-12-21 19:30:28,267 20439 DEBUG    [tempest_lib.common.rest_client] Request - Headers: {'Content-Type': 'application/json', 'Accept': 'application/json', 'X-Auth-Token': '&lt;omitted&gt;'}
        Body: {"network": {"tenant_id": "1765797202fd4bc5adf3b8d087dbe735", "name": "tempest-network-smoke--1217614498"}}
    Response - Headers: {'status': '201', 'content-length': '296', 'connection': 'close', 'date': 'Mon, 21 Dec 2015 19:30:28 GMT', 'content-type': 'application/json; charset=UTF-8', 'x-openstack-request-id': 'req-0c8e2989-c608-466a-a5ce-29d7fba1f7c5'}
        Body: {"network": {"status": "ACTIVE", "subnets": [], "name": "tempest-network-smoke--1217614498", "admin_state_up": true, "tenant_id": "1765797202fd4bc5adf3b8d087dbe735", "mtu": 0, "router:external": false, "shared": false, "port_security_enabled": true, "id": "8ec33f19-1676-4ad8-8bf6-c147a52dd561"}}
2015-12-21 19:30:28,428 20439 INFO     [tempest_lib.common.rest_client] Request (TestGettingAddress:test_dhcp6_stateless_from_os): 200 GET http://10.0.2.15:9696/v2.0/subnets?tenant_id=1765797202fd4bc5adf3b8d087dbe735&amp;cidr=10.100.0.0%2F28 0.160s
2015-12-21 19:30:28,429 20439 DEBUG    [tempest_lib.common.rest_client] Request - Headers: {'Content-Type': 'application/json', 'Accept': 'application/json', 'X-Auth-Token': '&lt;omitted&gt;'}
        Body: None
    Response - Headers: {'status': '200', 'content-length': '15', 'content-location': 'http://10.0.2.15:9696/v2.0/subnets?tenant_id=1765797202fd4bc5adf3b8d087dbe735&amp;cidr=10.100.0.0%2F28', 'connection': 'close', 'date': 'Mon, 21 Dec 2015 19:30:28 GMT', 'content-type': 'application/json; charset=UTF-8', 'x-openstack-request-id': 'req-c6f336ae-dc38-451d-aaea-20bcdeec704b'}
        Body: {"subnets": []}
2015-12-21 19:30:28,697 20439 INFO     [tempest_lib.common.rest_client] Request (TestGettingAddress:test_dhcp6_stateless_from_os): 201 POST http://10.0.2.15:9696/v2.0/subnets 0.266s
2015-12-21 19:30:28,697 20439 DEBUG    [tempest_lib.common.rest_client] Request - Headers: {'Content-Type': 'application/json', 'Accept': 'application/json', 'X-Auth-Token': '&lt;omitted&gt;'}
        Body: {"subnet": {"ip_version": 4, "tenant_id": "1765797202fd4bc5adf3b8d087dbe735", "cidr": "10.100.0.0/28", "network_id": "8ec33f19-1676-4ad8-8bf6-c147a52dd561", "name": "tempest-sub4-1857783018"}}
    Response - Headers: {'status': '201', 'content-length': '470', 'connection': 'close', 'date': 'Mon, 21 Dec 2015 19:30:28 GMT', 'content-type': 'application/json; charset=UTF-8', 'x-openstack-request-id': 'req-7c70ed51-217e-4f98-983b-3a9b5caca049'}
        Body: {"subnet": {"name": "tempest-sub4-1857783018", "enable_dhcp": true, "network_id": "8ec33f19-1676-4ad8-8bf6-c147a52dd561", "tenant_id": "1765797202fd4bc5adf3b8d087dbe735", "dns_nameservers": [], "gateway_ip": "10.100.0.1", "ipv6_ra_mode": null, "allocation_pools": [{"start": "10.100.0.2", "end": "10.100.0.14"}], "host_routes": [], "ip_version": 4, "ipv6_address_mode": null, "cidr": "10.100.0.0/28", "id": "52148e0c-6497-41f3-a4c0-142e2c68f447", "subnetpool_id": null}}
2015-12-21 19:30:28,838 20439 INFO     [tempest_lib.common.rest_client] Request (TestGettingAddress:test_dhcp6_stateless_from_os): 201 POST http://10.0.2.15:9696/v2.0/routers 0.139s
2015-12-21 19:30:28,838 20439 DEBUG    [tempest_lib.common.rest_client] Request - Headers: {'Content-Type': 'application/json', 'Accept': 'application/json', 'X-Auth-Token': '&lt;omitted&gt;'}
        Body: {"router": {"tenant_id": "1765797202fd4bc5adf3b8d087dbe735", "name": "tempest-router-smoke-958011601", "admin_state_up": true}}
    Response - Headers: {'status': '201', 'content-length': '238', 'connection': 'close', 'date': 'Mon, 21 Dec 2015 19:30:28 GMT', 'content-type': 'application/json; charset=UTF-8', 'x-openstack-request-id': 'req-3a5f84fb-f2bb-4464-b204-8383415f2e40'}
        Body: {"router": {"status": "ACTIVE", "external_gateway_info": null, "name": "tempest-router-smoke-958011601", "admin_state_up": true, "tenant_id": "1765797202fd4bc5adf3b8d087dbe735", "routes": [], "id": "1880e72f-6d51-4a00-ba0e-785a2bc1f8f7"}}
2015-12-21 19:30:28,875 20439 INFO     [tempest_lib.common.rest_client] Request (TestGettingAddress:test_dhcp6_stateless_from_os): 200 GET http://10.0.2.15:9696/v2.0/routers/1880e72f-6d51-4a00-ba0e-785a2bc1f8f7 0.036s
2015-12-21 19:30:28,875 20439 DEBUG    [tempest_lib.common.rest_client] Request - Headers: {'Content-Type': 'application/json', 'Accept': 'application/json', 'X-Auth-Token': '&lt;omitted&gt;'}
        Body: None
    Response - Headers: {'status': '200', 'content-length': '238', 'content-location': 'http://10.0.2.15:9696/v2.0/routers/1880e72f-6d51-4a00-ba0e-785a2bc1f8f7', 'connection': 'close', 'date': 'Mon, 21 Dec 2015 19:30:28 GMT', 'content-type': 'application/json; charset=UTF-8', 'x-openstack-request-id': 'req-3075e1f1-1853-4dac-a0e6-087071e71013'}
        Body: {"router": {"status": "ACTIVE", "external_gateway_info": null, "name": "tempest-router-smoke-958011601", "admin_state_up": true, "tenant_id": "1765797202fd4bc5adf3b8d087dbe735", "routes": [], "id": "1880e72f-6d51-4a00-ba0e-785a2bc1f8f7"}}
2015-12-21 19:30:29,430 20439 INFO     [tempest_lib.common.rest_client] Request (TestGettingAddress:test_dhcp6_stateless_from_os): 200 PUT http://10.0.2.15:9696/v2.0/routers/1880e72f-6d51-4a00-ba0e-785a2bc1f8f7 0.553s
2015-12-21 19:30:29,431 20439 DEBUG    [tempest_lib.common.rest_client] Request - Headers: {'Content-Type': 'application/json', 'Accept': 'application/json', 'X-Auth-Token': '&lt;omitted&gt;'}
        Body: {"router": {"external_gateway_info": {"network_id": "2ffe154a-0288-4578-9fd9-aaab7db2c445"}, "name": "tempest-router-smoke-958011601", "admin_state_up": true}}
    Response - Headers: {'status': '200', 'content-length': '500', 'connection': 'close', 'date': 'Mon, 21 Dec 2015 19:30:29 GMT', 'content-type': 'application/json; charset=UTF-8', 'x-openstack-request-id': 'req-424b6a43-eece-4c26-bcb5-f6f2108a215d'}
        Body: {"router": {"status": "ACTIVE", "external_gateway_info": {"network_id": "2ffe154a-0288-4578-9fd9-aaab7db2c445", "enable_snat": true, "external_fixed_ips": [{"subnet_id": "a050adf1-de0a-4f8f-9695-ffd13f7fb152", "ip_address": "172.24.4.3"}, {"subnet_id": "44f319ae-2c58-4187-a8bd-274302c94d08", "ip_address": "2001:db8::3"}]}, "name": "tempest-router-smoke-958011601", "admin_state_up": true, "tenant_id": "1765797202fd4bc5adf3b8d087dbe735", "routes": [], "id": "1880e72f-6d51-4a00-ba0e-785a2bc1f8f7"}}
2015-12-21 19:30:29,839 20439 INFO     [tempest_lib.common.rest_client] Request (TestGettingAddress:test_dhcp6_stateless_from_os): 200 PUT http://10.0.2.15:9696/v2.0/routers/1880e72f-6d51-4a00-ba0e-785a2bc1f8f7/add_router_interface 0.407s
2015-12-21 19:30:29,840 20439 DEBUG    [tempest_lib.common.rest_client] Request - Headers: {'Content-Type': 'application/json', 'Accept': 'application/json', 'X-Auth-Token': '&lt;omitted&gt;'}
        Body: {"subnet_id": "52148e0c-6497-41f3-a4c0-142e2c68f447"}
    Response - Headers: {'status': '200', 'content-length': '255', 'connection': 'close', 'date': 'Mon, 21 Dec 2015 19:30:29 GMT', 'content-type': 'application/json; charset=UTF-8', 'x-openstack-request-id': 'req-b6322ebf-922e-4c7b-9f8e-22cabe01835a'}
        Body: {"subnet_id": "52148e0c-6497-41f3-a4c0-142e2c68f447", "tenant_id": "1765797202fd4bc5adf3b8d087dbe735", "subnet_ids": ["52148e0c-6497-41f3-a4c0-142e2c68f447"], "port_id": "b879a2fd-a130-43e3-b7b1-0aa4b015bd28", "id": "1880e72f-6d51-4a00-ba0e-785a2bc1f8f7"}
2015-12-21 19:30:29,873 20439 INFO     [tempest_lib.common.rest_client] Request (TestGettingAddress:test_dhcp6_stateless_from_os): 200 GET http://10.0.2.15:9696/v2.0/subnets?tenant_id=1765797202fd4bc5adf3b8d087dbe735&amp;cidr=2003%3A%3A%2F64 0.032s
2015-12-21 19:30:29,874 20439 DEBUG    [tempest_lib.common.rest_client] Request - Headers: {'Content-Type': 'application/json', 'Accept': 'application/json', 'X-Auth-Token': '&lt;omitted&gt;'}
        Body: None
    Response - Headers: {'status': '200', 'content-length': '15', 'content-location': 'http://10.0.2.15:9696/v2.0/subnets?tenant_id=1765797202fd4bc5adf3b8d087dbe735&amp;cidr=2003%3A%3A%2F64', 'connection': 'close', 'date': 'Mon, 21 Dec 2015 19:30:29 GMT', 'content-type': 'application/json; charset=UTF-8', 'x-openstack-request-id': 'req-4c6e4d04-bdf6-498c-aa0d-7d60ca6b32a6'}
        Body: {"subnets": []}
2015-12-21 19:30:30,153 20439 INFO     [tempest_lib.common.rest_client] Request (TestGettingAddress:test_dhcp6_stateless_from_os): 201 POST http://10.0.2.15:9696/v2.0/subnets 0.278s
2015-12-21 19:30:30,153 20439 DEBUG    [tempest_lib.common.rest_client] Request - Headers: {'Content-Type': 'application/json', 'Accept': 'application/json', 'X-Auth-Token': '&lt;omitted&gt;'}
        Body: {"subnet": {"name": "tempest-sub6-579334385", "network_id": "8ec33f19-1676-4ad8-8bf6-c147a52dd561", "tenant_id": "1765797202fd4bc5adf3b8d087dbe735", "ipv6_ra_mode": "dhcpv6-stateless", "ip_version": 6, "ipv6_address_mode": "dhcpv6-stateless", "cidr": "2003::/64"}}
    Response - Headers: {'status': '201', 'content-length': '501', 'connection': 'close', 'date': 'Mon, 21 Dec 2015 19:30:30 GMT', 'content-type': 'application/json; charset=UTF-8', 'x-openstack-request-id': 'req-22aeab6a-b812-4c4d-a52b-8f430c369a7d'}
        Body: {"subnet": {"name": "tempest-sub6-579334385", "enable_dhcp": true, "network_id": "8ec33f19-1676-4ad8-8bf6-c147a52dd561", "tenant_id": "1765797202fd4bc5adf3b8d087dbe735", "dns_nameservers": [], "gateway_ip": "2003::1", "ipv6_ra_mode": "dhcpv6-stateless", "allocation_pools": [{"start": "2003::2", "end": "2003::ffff:ffff:ffff:ffff"}], "host_routes": [], "ip_version": 6, "ipv6_address_mode": "dhcpv6-stateless", "cidr": "2003::/64", "id": "62c35549-ea7b-47f9-afca-5b26c78560b9", "subnetpool_id": null}}
2015-12-21 19:30:30,655 20439 INFO     [tempest_lib.common.rest_client] Request (TestGettingAddress:test_dhcp6_stateless_from_os): 200 PUT http://10.0.2.15:9696/v2.0/routers/1880e72f-6d51-4a00-ba0e-785a2bc1f8f7/add_router_interface 0.501s
2015-12-21 19:30:30,656 20439 DEBUG    [tempest_lib.common.rest_client] Request - Headers: {'Content-Type': 'application/json', 'Accept': 'application/json', 'X-Auth-Token': '&lt;omitted&gt;'}
        Body: {"subnet_id": "62c35549-ea7b-47f9-afca-5b26c78560b9"}
    Response - Headers: {'status': '200', 'content-length': '255', 'connection': 'close', 'date': 'Mon, 21 Dec 2015 19:30:30 GMT', 'content-type': 'application/json; charset=UTF-8', 'x-openstack-request-id': 'req-7aee80ad-b8f7-4e68-915d-3b987e2a7bea'}
        Body: {"subnet_id": "62c35549-ea7b-47f9-afca-5b26c78560b9", "tenant_id": "1765797202fd4bc5adf3b8d087dbe735", "subnet_ids": ["62c35549-ea7b-47f9-afca-5b26c78560b9"], "port_id": "fe1116ea-0acd-4b10-9a0f-9c8b9bf2ce69", "id": "1880e72f-6d51-4a00-ba0e-785a2bc1f8f7"}
2015-12-21 19:30:30,763 20439 INFO     [tempest_lib.common.rest_client] Request (TestGettingAddress:test_dhcp6_stateless_from_os): 200 POST http://10.0.2.15:5000/v2.0/tokens
2015-12-21 19:30:30,764 20439 DEBUG    [tempest_lib.common.rest_client] Request - Headers: {'Content-Type': 'application/json', 'Accept': 'application/json'}
        Body: &lt;omitted&gt;
    Response - Headers: {'status': '200', 'content-length': '2522', 'vary': 'X-Auth-Token', 'server': 'Apache/2.4.7 (Ubuntu)', 'connection': 'close', 'date': 'Mon, 21 Dec 2015 19:30:30 GMT', 'content-type': 'application/json', 'x-openstack-request-id': 'req-15b53ea3-46d7-4f7b-8b66-22c301bb4b29'}
        Body: {"access": {"token": {"issued_at": "2015-12-21T19:30:30.751626", "expires": "2015-12-21T20:30:30Z", "id": "2957fa7aadf4428a8eecdd59b6095cbc", "tenant": {"description": "tempest-TestGettingAddress-114302122-desc", "enabled": true, "id": "1765797202fd4bc5adf3b8d087dbe735", "name": "tempest-TestGettingAddress-114302122"}, "audit_ids": ["4ulDGY5iSkalze8WsC8SRQ"]}, "serviceCatalog": [{"endpoints": [{"adminURL": "http://10.0.2.15:8774/v2.1/1765797202fd4bc5adf3b8d087dbe735", "region": "RegionOne", "internalURL": "http://10.0.2.15:8774/v2.1/1765797202fd4bc5adf3b8d087dbe735", "id": "052f78c2de0c481e9b2ce121f58f0be7", "publicURL": "http://10.0.2.15:8774/v2.1/1765797202fd4bc5adf3b8d087dbe735"}], "endpoints_links": [], "type": "compute", "name": "nova"}, {"endpoints": [{"adminURL": "http://10.0.2.15:9696/", "region": "RegionOne", "internalURL": "http://10.0.2.15:9696/", "id": "1735e6d9c040456cbf29e382d578405c", "publicURL": "http://10.0.2.15:9696/"}], "endpoints_links": [], "type": "network", "name": "neutron"}, {"endpoints": [{"adminURL": "http://10.0.2.15:9292", "region": "RegionOne", "internalURL": "http://10.0.2.15:9292", "id": "0ab32bb9f9e4468499efae7fecd4c77f", "publicURL": "http://10.0.2.15:9292"}], "endpoints_links": [], "type": "image", "name": "glance"}, {"endpoints": [{"adminURL": "http://10.0.2.15:8774/v2/1765797202fd4bc5adf3b8d087dbe735", "region": "RegionOne", "internalURL": "http://10.0.2.15:8774/v2/1765797202fd4bc5adf3b8d087dbe735", "id": "0d5b8ed5617c4ff88727dedafc155d2e", "publicURL": "http://10.0.2.15:8774/v2/1765797202fd4bc5adf3b8d087dbe735"}], "endpoints_links": [], "type": "compute_legacy", "name": "nova_legacy"}, {"endpoints": [{"adminURL": "http://10.0.2.15:8773/", "region": "RegionOne", "internalURL": "http://10.0.2.15:8773/", "id": "3176c1823fe44a6fb24406f997a8bf88", "publicURL": "http://10.0.2.15:8773/"}], "endpoints_links": [], "type": "ec2", "name": "ec2"}, {"endpoints": [{"adminURL": "http://10.0.2.15:35357/v2.0", "region": "RegionOne", "internalURL": "http://10.0.2.15:5000/v2.0", "id": "3cbb1d9de505475eacebb7f0560221f0", "publicURL": "http://10.0.2.15:5000/v2.0"}], "endpoints_links": [], "type": "identity", "name": "keystone"}], "user": {"username": "tempest-TestGettingAddress-386816970", "roles_links": [], "id": "cd3c7db62d8d4cf89d66a15197f6e6e4", "roles": [{"name": "_member_"}, {"name": "Member"}], "name": "tempest-TestGettingAddress-386816970"}, "metadata": {"is_admin": 0, "roles": ["9fe2ff9ee4384b1894a90878d3e92bab", "965b14ebcb2f43ae94bd1bb52c621b95"]}}}
2015-12-21 19:30:30,771 20439 DEBUG    [tempest.common.fixed_network] (TestGettingAddress:test_dhcp6_stateless_from_os) No valid network provided or created, defaulting to fixed_network_name
2015-12-21 19:30:31,090 20439 INFO     [tempest_lib.common.rest_client] Request (TestGettingAddress:test_dhcp6_stateless_from_os): 200 GET http://10.0.2.15:8774/v2.1/1765797202fd4bc5adf3b8d087dbe735/os-networks 0.318s
2015-12-21 19:30:31,090 20439 DEBUG    [tempest_lib.common.rest_client] Request - Headers: {'Content-Type': 'application/json', 'Accept': 'application/json', 'X-Auth-Token': '&lt;omitted&gt;'}
        Body: None
    Response - Headers: {'status': '200', 'content-length': '479', 'content-location': 'http://10.0.2.15:8774/v2.1/1765797202fd4bc5adf3b8d087dbe735/os-networks', 'x-compute-request-id': 'req-7f9adc5b-476c-4d33-a3a5-3c5e6ca32f0d', 'vary': 'X-OpenStack-Nova-API-Version', 'connection': 'close', 'x-openstack-nova-api-version': '2.1', 'date': 'Mon, 21 Dec 2015 19:30:31 GMT', 'content-type': 'application/json'}
        Body: {"networks": [{"cidr_v6": null, "dns2": null, "dns1": null, "gateway": null, "broadcast": null, "netmask": null, "gateway_v6": null, "cidr": null, "label": "public", "id": "2ffe154a-0288-4578-9fd9-aaab7db2c445", "netmask_v6": null}, {"cidr_v6": null, "dns2": null, "dns1": null, "gateway": null, "broadcast": null, "netmask": null, "gateway_v6": null, "cidr": null, "label": "tempest-network-smoke--1217614498", "id": "8ec33f19-1676-4ad8-8bf6-c147a52dd561", "netmask_v6": null}]}
2015-12-21 19:30:31,091 20439 WARNING  [tempest.common.fixed_network] (TestGettingAddress:test_dhcp6_stateless_from_os) Network with name: private not found
2015-12-21 19:30:31,091 20439 INFO     [tempest.common.fixed_network] (TestGettingAddress:test_dhcp6_stateless_from_os) Found network {} available for tenant
2015-12-21 19:30:32,278 20439 INFO     [tempest_lib.common.rest_client] Request (TestGettingAddress:test_dhcp6_stateless_from_os): 202 POST http://10.0.2.15:8774/v2.1/1765797202fd4bc5adf3b8d087dbe735/servers 1.185s
2015-12-21 19:30:32,279 20439 DEBUG    [tempest_lib.common.rest_client] Request - Headers: {'Content-Type': 'application/json', 'Accept': 'application/json', 'X-Auth-Token': '&lt;omitted&gt;'}
        Body: {"server": {"name": "tempest.common.compute-instance-498603275", "imageRef": "dac57d70-fab2-400d-8856-cc5fc8cb2606", "key_name": "tempest-TestGettingAddress-943073723", "flavorRef": "42", "networks": [{"uuid": "8ec33f19-1676-4ad8-8bf6-c147a52dd561"}], "security_groups": [{"name": "tempest-secgroup-smoke-1330999583"}]}}
    Response - Headers: {'status': '202', 'content-length': '462', 'x-compute-request-id': 'req-2d7ba7fd-5fe9-43f0-bfd6-15b9336d6f4a', 'vary': 'X-OpenStack-Nova-API-Version', 'connection': 'close', 'location': 'http://10.0.2.15:8774/v2.1/1765797202fd4bc5adf3b8d087dbe735/servers/f0d9a11b-a109-4e97-be49-c91c9e2ec019', 'x-openstack-nova-api-version': '2.1', 'date': 'Mon, 21 Dec 2015 19:30:32 GMT', 'content-type': 'application/json'}
        Body: {"server": {"security_groups": [{"name": "tempest-secgroup-smoke-1330999583"}], "OS-DCF:diskConfig": "MANUAL", "id": "f0d9a11b-a109-4e97-be49-c91c9e2ec019", "links": [{"href": "http://10.0.2.15:8774/v2.1/1765797202fd4bc5adf3b8d087dbe735/servers/f0d9a11b-a109-4e97-be49-c91c9e2ec019", "rel": "self"}, {"href": "http://10.0.2.15:8774/1765797202fd4bc5adf3b8d087dbe735/servers/f0d9a11b-a109-4e97-be49-c91c9e2ec019", "rel": "bookmark"}], "adminPass": "gxjGbkPJCk8k"}}
2015-12-21 19:30:32,463 20439 INFO     [tempest_lib.common.rest_client] Request (TestGettingAddress:test_dhcp6_stateless_from_os): 200 GET http://10.0.2.15:8774/v2.1/1765797202fd4bc5adf3b8d087dbe735/servers/f0d9a11b-a109-4e97-be49-c91c9e2ec019 0.178s
2015-12-21 19:30:32,463 20439 DEBUG    [tempest_lib.common.rest_client] Request - Headers: {'Content-Type': 'application/json', 'Accept': 'application/json', 'X-Auth-Token': '&lt;omitted&gt;'}
        Body: None
    Response - Headers: {'status': '200', 'content-length': '1353', 'content-location': 'http://10.0.2.15:8774/v2.1/1765797202fd4bc5adf3b8d087dbe735/servers/f0d9a11b-a109-4e97-be49-c91c9e2ec019', 'x-compute-request-id': 'req-b1f874ce-0ac1-4e14-bb7f-2ee48ebca1c5', 'vary': 'X-OpenStack-Nova-API-Version', 'connection': 'close', 'x-openstack-nova-api-version': '2.1', 'date': 'Mon, 21 Dec 2015 19:30:32 GMT', 'content-type': 'application/json'}
        Body: {"server": {"status": "BUILD", "updated": "2015-12-21T19:30:32Z", "hostId": "", "addresses": {}, "links": [{"href": "http://10.0.2.15:8774/v2.1/1765797202fd4bc5adf3b8d087dbe735/servers/f0d9a11b-a109-4e97-be49-c91c9e2ec019", "rel": "self"}, {"href": "http://10.0.2.15:8774/1765797202fd4bc5adf3b8d087dbe735/servers/f0d9a11b-a109-4e97-be49-c91c9e2ec019", "rel": "bookmark"}], "key_name": "tempest-TestGettingAddress-943073723", "image": {"id": "dac57d70-fab2-400d-8856-cc5fc8cb2606", "links": [{"href": "http://10.0.2.15:8774/1765797202fd4bc5adf3b8d087dbe735/images/dac57d70-fab2-400d-8856-cc5fc8cb2606", "rel": "bookmark"}]}, "OS-EXT-STS:task_state": "scheduling", "OS-EXT-STS:vm_state": "building", "OS-SRV-USG:launched_at": null, "flavor": {"id": "42", "links": [{"href": "http://10.0.2.15:8774/1765797202fd4bc5adf3b8d087dbe735/flavors/42", "rel": "bookmark"}]}, "id": "f0d9a11b-a109-4e97-be49-c91c9e2ec019", "OS-SRV-USG:terminated_at": null, "OS-EXT-AZ:availability_zone": "", "user_id": "cd3c7db62d8d4cf89d66a15197f6e6e4", "name": "tempest.common.compute-instance-498603275", "created": "2015-12-21T19:30:32Z", "tenant_id": "1765797202fd4bc5adf3b8d087dbe735", "OS-DCF:diskConfig": "MANUAL", "os-extended-volumes:volumes_attached": [], "accessIPv4": "", "accessIPv6": "", "progress": 0, "OS-EXT-STS:power_state": 0, "config_drive": "", "metadata": {}}}
2015-12-21 19:30:33,696 20439 INFO     [tempest_lib.common.rest_client] Request (TestGettingAddress:test_dhcp6_stateless_from_os): 200 GET http://10.0.2.15:8774/v2.1/1765797202fd4bc5adf3b8d087dbe735/servers/f0d9a11b-a109-4e97-be49-c91c9e2ec019 0.223s
2015-12-21 19:30:33,696 20439 DEBUG    [tempest_lib.common.rest_client] Request - Headers: {'Content-Type': 'application/json', 'Accept': 'application/json', 'X-Auth-Token': '&lt;omitted&gt;'}
        Body: None
    Response - Headers: {'status': '200', 'content-length': '1479', 'content-location': 'http://10.0.2.15:8774/v2.1/1765797202fd4bc5adf3b8d087dbe735/servers/f0d9a11b-a109-4e97-be49-c91c9e2ec019', 'x-compute-request-id': 'req-3361f4c7-c068-4e0a-8546-9e9bf23fe9e9', 'vary': 'X-OpenStack-Nova-API-Version', 'connection': 'close', 'x-openstack-nova-api-version': '2.1', 'date': 'Mon, 21 Dec 2015 19:30:33 GMT', 'content-type': 'application/json'}
        Body: {"server": {"status": "BUILD", "updated": "2015-12-21T19:30:33Z", "hostId": "ef0d388071bb92b53dc7d4d2e3984df398d1e18e10530a5bfb75df01", "addresses": {}, "links": [{"href": "http://10.0.2.15:8774/v2.1/1765797202fd4bc5adf3b8d087dbe735/servers/f0d9a11b-a109-4e97-be49-c91c9e2ec019", "rel": "self"}, {"href": "http://10.0.2.15:8774/1765797202fd4bc5adf3b8d087dbe735/servers/f0d9a11b-a109-4e97-be49-c91c9e2ec019", "rel": "bookmark"}], "key_name": "tempest-TestGettingAddress-943073723", "image": {"id": "dac57d70-fab2-400d-8856-cc5fc8cb2606", "links": [{"href": "http://10.0.2.15:8774/1765797202fd4bc5adf3b8d087dbe735/images/dac57d70-fab2-400d-8856-cc5fc8cb2606", "rel": "bookmark"}]}, "OS-EXT-STS:task_state": "spawning", "OS-EXT-STS:vm_state": "building", "OS-SRV-USG:launched_at": null, "flavor": {"id": "42", "links": [{"href": "http://10.0.2.15:8774/1765797202fd4bc5adf3b8d087dbe735/flavors/42", "rel": "bookmark"}]}, "id": "f0d9a11b-a109-4e97-be49-c91c9e2ec019", "security_groups": [{"name": "tempest-secgroup-smoke-1330999583"}], "OS-SRV-USG:terminated_at": null, "OS-EXT-AZ:availability_zone": "nova", "user_id": "cd3c7db62d8d4cf89d66a15197f6e6e4", "name": "tempest.common.compute-instance-498603275", "created": "2015-12-21T19:30:32Z", "tenant_id": "1765797202fd4bc5adf3b8d087dbe735", "OS-DCF:diskConfig": "MANUAL", "os-extended-volumes:volumes_attached": [], "accessIPv4": "", "accessIPv6": "", "progress": 0, "OS-EXT-STS:power_state": 0, "config_drive": "", "metadata": {}}}
2015-12-21 19:30:33,705 20439 INFO     [tempest.common.waiters] State transition "BUILD/scheduling" ==&gt; "BUILD/spawning" after 1 second wait
2015-12-21 19:30:35,044 20439 INFO     [tempest_lib.common.rest_client] Request (TestGettingAddress:test_dhcp6_stateless_from_os): 200 GET http://10.0.2.15:8774/v2.1/1765797202fd4bc5adf3b8d087dbe735/servers/f0d9a11b-a109-4e97-be49-c91c9e2ec019 0.337s
2015-12-21 19:30:35,045 20439 DEBUG    [tempest_lib.common.rest_client] Request - Headers: {'Content-Type': 'application/json', 'Accept': 'application/json', 'X-Auth-Token': '&lt;omitted&gt;'}
        Body: None
    Response - Headers: {'status': '200', 'content-length': '1479', 'content-location': 'http://10.0.2.15:8774/v2.1/1765797202fd4bc5adf3b8d087dbe735/servers/f0d9a11b-a109-4e97-be49-c91c9e2ec019', 'x-compute-request-id': 'req-11e377a6-0c90-4b5b-8856-98380a0a1a64', 'vary': 'X-OpenStack-Nova-API-Version', 'connection': 'close', 'x-openstack-nova-api-version': '2.1', 'date': 'Mon, 21 Dec 2015 19:30:35 GMT', 'content-type': 'application/json'}
        Body: {"server": {"status": "BUILD", "updated": "2015-12-21T19:30:33Z", "hostId": "ef0d388071bb92b53dc7d4d2e3984df398d1e18e10530a5bfb75df01", "addresses": {}, "links": [{"href": "http://10.0.2.15:8774/v2.1/1765797202fd4bc5adf3b8d087dbe735/servers/f0d9a11b-a109-4e97-be49-c91c9e2ec019", "rel": "self"}, {"href": "http://10.0.2.15:8774/1765797202fd4bc5adf3b8d087dbe735/servers/f0d9a11b-a109-4e97-be49-c91c9e2ec019", "rel": "bookmark"}], "key_name": "tempest-TestGettingAddress-943073723", "image": {"id": "dac57d70-fab2-400d-8856-cc5fc8cb2606", "links": [{"href": "http://10.0.2.15:8774/1765797202fd4bc5adf3b8d087dbe735/images/dac57d70-fab2-400d-8856-cc5fc8cb2606", "rel": "bookmark"}]}, "OS-EXT-STS:task_state": "spawning", "OS-EXT-STS:vm_state": "building", "OS-SRV-USG:launched_at": null, "flavor": {"id": "42", "links": [{"href": "http://10.0.2.15:8774/1765797202fd4bc5adf3b8d087dbe735/flavors/42", "rel": "bookmark"}]}, "id": "f0d9a11b-a109-4e97-be49-c91c9e2ec019", "security_groups": [{"name": "tempest-secgroup-smoke-1330999583"}], "OS-SRV-USG:terminated_at": null, "OS-EXT-AZ:availability_zone": "nova", "user_id": "cd3c7db62d8d4cf89d66a15197f6e6e4", "name": "tempest.common.compute-instance-498603275", "created": "2015-12-21T19:30:32Z", "tenant_id": "1765797202fd4bc5adf3b8d087dbe735", "OS-DCF:diskConfig": "MANUAL", "os-extended-volumes:volumes_attached": [], "accessIPv4": "", "accessIPv6": "", "progress": 0, "OS-EXT-STS:power_state": 0, "config_drive": "", "metadata": {}}}
2015-12-21 19:30:36,232 20439 INFO     [tempest_lib.common.rest_client] Request (TestGettingAddress:test_dhcp6_stateless_from_os): 200 GET http://10.0.2.15:8774/v2.1/1765797202fd4bc5adf3b8d087dbe735/servers/f0d9a11b-a109-4e97-be49-c91c9e2ec019 0.178s
2015-12-21 19:30:36,233 20439 DEBUG    [tempest_lib.common.rest_client] Request - Headers: {'Content-Type': 'application/json', 'Accept': 'application/json', 'X-Auth-Token': '&lt;omitted&gt;'}
        Body: None
    Response - Headers: {'status': '200', 'content-length': '1780', 'content-location': 'http://10.0.2.15:8774/v2.1/1765797202fd4bc5adf3b8d087dbe735/servers/f0d9a11b-a109-4e97-be49-c91c9e2ec019', 'x-compute-request-id': 'req-8df5901a-723a-41c8-8a98-225dd4b54810', 'vary': 'X-OpenStack-Nova-API-Version', 'connection': 'close', 'x-openstack-nova-api-version': '2.1', 'date': 'Mon, 21 Dec 2015 19:30:36 GMT', 'content-type': 'application/json'}
        Body: {"server": {"status": "ACTIVE", "updated": "2015-12-21T19:30:35Z", "hostId": "ef0d388071bb92b53dc7d4d2e3984df398d1e18e10530a5bfb75df01", "addresses": {"tempest-network-smoke--1217614498": [{"OS-EXT-IPS-MAC:mac_addr": "fa:16:3e:11:bd:23", "version": 4, "addr": "10.100.0.3", "OS-EXT-IPS:type": "fixed"}, {"OS-EXT-IPS-MAC:mac_addr": "fa:16:3e:11:bd:23", "version": 6, "addr": "2003::f816:3eff:fe11:bd23", "OS-EXT-IPS:type": "fixed"}]}, "links": [{"href": "http://10.0.2.15:8774/v2.1/1765797202fd4bc5adf3b8d087dbe735/servers/f0d9a11b-a109-4e97-be49-c91c9e2ec019", "rel": "self"}, {"href": "http://10.0.2.15:8774/1765797202fd4bc5adf3b8d087dbe735/servers/f0d9a11b-a109-4e97-be49-c91c9e2ec019", "rel": "bookmark"}], "key_name": "tempest-TestGettingAddress-943073723", "image": {"id": "dac57d70-fab2-400d-8856-cc5fc8cb2606", "links": [{"href": "http://10.0.2.15:8774/1765797202fd4bc5adf3b8d087dbe735/images/dac57d70-fab2-400d-8856-cc5fc8cb2606", "rel": "bookmark"}]}, "OS-EXT-STS:task_state": null, "OS-EXT-STS:vm_state": "active", "OS-SRV-USG:launched_at": "2015-12-21T19:30:35.000000", "flavor": {"id": "42", "links": [{"href": "http://10.0.2.15:8774/1765797202fd4bc5adf3b8d087dbe735/flavors/42", "rel": "bookmark"}]}, "id": "f0d9a11b-a109-4e97-be49-c91c9e2ec019", "security_groups": [{"name": "tempest-secgroup-smoke-1330999583"}], "OS-SRV-USG:terminated_at": null, "OS-EXT-AZ:availability_zone": "nova", "user_id": "cd3c7db62d8d4cf89d66a15197f6e6e4", "name": "tempest.common.compute-instance-498603275", "created": "2015-12-21T19:30:32Z", "tenant_id": "1765797202fd4bc5adf3b8d087dbe735", "OS-DCF:diskConfig": "MANUAL", "os-extended-volumes:volumes_attached": [], "accessIPv4": "", "accessIPv6": "", "progress": 0, "OS-EXT-STS:power_state": 1, "config_drive": "True", "metadata": {}}}
2015-12-21 19:30:36,242 20439 INFO     [tempest.common.waiters] State transition "BUILD/spawning" ==&gt; "ACTIVE/None" after 4 second wait
2015-12-21 19:30:36,452 20439 INFO     [tempest_lib.common.rest_client] Request (TestGettingAddress:test_dhcp6_stateless_from_os): 200 GET http://10.0.2.15:8774/v2.1/1765797202fd4bc5adf3b8d087dbe735/servers/f0d9a11b-a109-4e97-be49-c91c9e2ec019 0.209s
2015-12-21 19:30:36,452 20439 DEBUG    [tempest_lib.common.rest_client] Request - Headers: {'Content-Type': 'application/json', 'Accept': 'application/json', 'X-Auth-Token': '&lt;omitted&gt;'}
        Body: None
    Response - Headers: {'status': '200', 'content-length': '1780', 'content-location': 'http://10.0.2.15:8774/v2.1/1765797202fd4bc5adf3b8d087dbe735/servers/f0d9a11b-a109-4e97-be49-c91c9e2ec019', 'x-compute-request-id': 'req-71e2a269-4bc0-4147-bc32-a88f217f598e', 'vary': 'X-OpenStack-Nova-API-Version', 'connection': 'close', 'x-openstack-nova-api-version': '2.1', 'date': 'Mon, 21 Dec 2015 19:30:36 GMT', 'content-type': 'application/json'}
        Body: {"server": {"status": "ACTIVE", "updated": "2015-12-21T19:30:35Z", "hostId": "ef0d388071bb92b53dc7d4d2e3984df398d1e18e10530a5bfb75df01", "addresses": {"tempest-network-smoke--1217614498": [{"OS-EXT-IPS-MAC:mac_addr": "fa:16:3e:11:bd:23", "version": 4, "addr": "10.100.0.3", "OS-EXT-IPS:type": "fixed"}, {"OS-EXT-IPS-MAC:mac_addr": "fa:16:3e:11:bd:23", "version": 6, "addr": "2003::f816:3eff:fe11:bd23", "OS-EXT-IPS:type": "fixed"}]}, "links": [{"href": "http://10.0.2.15:8774/v2.1/1765797202fd4bc5adf3b8d087dbe735/servers/f0d9a11b-a109-4e97-be49-c91c9e2ec019", "rel": "self"}, {"href": "http://10.0.2.15:8774/1765797202fd4bc5adf3b8d087dbe735/servers/f0d9a11b-a109-4e97-be49-c91c9e2ec019", "rel": "bookmark"}], "key_name": "tempest-TestGettingAddress-943073723", "image": {"id": "dac57d70-fab2-400d-8856-cc5fc8cb2606", "links": [{"href": "http://10.0.2.15:8774/1765797202fd4bc5adf3b8d087dbe735/images/dac57d70-fab2-400d-8856-cc5fc8cb2606", "rel": "bookmark"}]}, "OS-EXT-STS:task_state": null, "OS-EXT-STS:vm_state": "active", "OS-SRV-USG:launched_at": "2015-12-21T19:30:35.000000", "flavor": {"id": "42", "links": [{"href": "http://10.0.2.15:8774/1765797202fd4bc5adf3b8d087dbe735/flavors/42", "rel": "bookmark"}]}, "id": "f0d9a11b-a109-4e97-be49-c91c9e2ec019", "security_groups": [{"name": "tempest-secgroup-smoke-1330999583"}], "OS-SRV-USG:terminated_at": null, "OS-EXT-AZ:availability_zone": "nova", "user_id": "cd3c7db62d8d4cf89d66a15197f6e6e4", "name": "tempest.common.compute-instance-498603275", "created": "2015-12-21T19:30:32Z", "tenant_id": "1765797202fd4bc5adf3b8d087dbe735", "OS-DCF:diskConfig": "MANUAL", "os-extended-volumes:volumes_attached": [], "accessIPv4": "", "accessIPv6": "", "progress": 0, "OS-EXT-STS:power_state": 1, "config_drive": "True", "metadata": {}}}
2015-12-21 19:30:36,614 20439 INFO     [tempest_lib.common.rest_client] Request (TestGettingAddress:test_dhcp6_stateless_from_os): 200 GET http://10.0.2.15:9696/v2.0/ports?status=ACTIVE&amp;fixed_ip=None&amp;device_id=f0d9a11b-a109-4e97-be49-c91c9e2ec019 0.149s
2015-12-21 19:30:36,615 20439 DEBUG    [tempest_lib.common.rest_client] Request - Headers: {'Content-Type': 'application/json', 'Accept': 'application/json', 'X-Auth-Token': '&lt;omitted&gt;'}
        Body: None
    Response - Headers: {'status': '200', 'content-length': '1142', 'content-location': 'http://10.0.2.15:9696/v2.0/ports?status=ACTIVE&amp;fixed_ip=None&amp;device_id=f0d9a11b-a109-4e97-be49-c91c9e2ec019', 'connection': 'close', 'date': 'Mon, 21 Dec 2015 19:30:36 GMT', 'content-type': 'application/json; charset=UTF-8', 'x-openstack-request-id': 'req-2d7591e3-1751-487d-8f86-31a5a6e0b811'}
        Body: {"ports": [{"status": "ACTIVE", "binding:host_id": "vagrant-ubuntu-trusty-64", "allowed_address_pairs": [], "extra_dhcp_opts": [], "dns_assignment": [{"hostname": "host-10-100-0-3", "ip_address": "10.100.0.3", "fqdn": "host-10-100-0-3.openstacklocal."}, {"hostname": "host-2003--f816-3eff-fe11-bd23", "ip_address": "2003::f816:3eff:fe11:bd23", "fqdn": "host-2003--f816-3eff-fe11-bd23.openstacklocal."}], "device_owner": "compute:None", "port_security_enabled": true, "binding:profile": {}, "fixed_ips": [{"subnet_id": "52148e0c-6497-41f3-a4c0-142e2c68f447", "ip_address": "10.100.0.3"}, {"subnet_id": "62c35549-ea7b-47f9-afca-5b26c78560b9", "ip_address": "2003::f816:3eff:fe11:bd23"}], "id": "2cc19b93-1a8c-4c91-98f3-d3ad5a9709c4", "security_groups": ["e80feafb-5b02-4fa5-b882-51a0826664a9"], "device_id": "f0d9a11b-a109-4e97-be49-c91c9e2ec019", "name": "", "admin_state_up": true, "network_id": "8ec33f19-1676-4ad8-8bf6-c147a52dd561", "dns_name": "", "binding:vif_details": {"port_filter": true}, "binding:vnic_type": "normal", "binding:vif_type": "ovs", "tenant_id": "1765797202fd4bc5adf3b8d087dbe735", "mac_address": "fa:16:3e:11:bd:23"}]}
2015-12-21 19:30:37,112 20439 INFO     [tempest_lib.common.rest_client] Request (TestGettingAddress:test_dhcp6_stateless_from_os): 201 POST http://10.0.2.15:9696/v2.0/floatingips 0.496s
2015-12-21 19:30:37,112 20439 DEBUG    [tempest_lib.common.rest_client] Request - Headers: {'Content-Type': 'application/json', 'Accept': 'application/json', 'X-Auth-Token': '&lt;omitted&gt;'}
        Body: {"floatingip": {"floating_network_id": "2ffe154a-0288-4578-9fd9-aaab7db2c445", "tenant_id": "1765797202fd4bc5adf3b8d087dbe735", "fixed_ip_address": "10.100.0.3", "port_id": "2cc19b93-1a8c-4c91-98f3-d3ad5a9709c4"}}
    Response - Headers: {'status': '201', 'content-length': '367', 'connection': 'close', 'date': 'Mon, 21 Dec 2015 19:30:37 GMT', 'content-type': 'application/json; charset=UTF-8', 'x-openstack-request-id': 'req-caac7955-9369-460d-a1ec-f8ea7bd02290'}
        Body: {"floatingip": {"floating_network_id": "2ffe154a-0288-4578-9fd9-aaab7db2c445", "router_id": "1880e72f-6d51-4a00-ba0e-785a2bc1f8f7", "fixed_ip_address": "10.100.0.3", "floating_ip_address": "172.24.4.4", "tenant_id": "1765797202fd4bc5adf3b8d087dbe735", "status": "DOWN", "port_id": "2cc19b93-1a8c-4c91-98f3-d3ad5a9709c4", "id": "5c6c918a-630f-475e-a289-713cb9f743ab"}}
2015-12-21 19:30:37,113 20439 INFO     [tempest_lib.common.ssh] Creating ssh connection to '172.24.4.4' as 'cirros' with public key authentication
2015-12-21 19:30:40,949 20439 WARNING  [tempest_lib.common.ssh] Failed to establish authenticated ssh connection to cirros@172.24.4.4 ([Errno None] Unable to connect to port 22 on  or 172.24.4.4). Number attempts: 1. Retry after 2 seconds.
2015-12-21 19:30:46,454 20439 WARNING  [tempest_lib.common.ssh] Failed to establish authenticated ssh connection to cirros@172.24.4.4 ([Errno None] Unable to connect to port 22 on  or 172.24.4.4). Number attempts: 2. Retry after 3 seconds.
2015-12-21 19:30:52,957 20439 WARNING  [tempest_lib.common.ssh] Failed to establish authenticated ssh connection to cirros@172.24.4.4 ([Errno None] Unable to connect to port 22 on  or 172.24.4.4). Number attempts: 3. Retry after 4 seconds.
2015-12-21 19:31:00,461 20439 WARNING  [tempest_lib.common.ssh] Failed to establish authenticated ssh connection to cirros@172.24.4.4 ([Errno None] Unable to connect to port 22 on  or 172.24.4.4). Number attempts: 4. Retry after 5 seconds.
2015-12-21 19:31:08,966 20439 WARNING  [tempest_lib.common.ssh] Failed to establish authenticated ssh connection to cirros@172.24.4.4 ([Errno None] Unable to connect to port 22 on  or 172.24.4.4). Number attempts: 5. Retry after 6 seconds.
2015-12-21 19:31:18,470 20439 WARNING  [tempest_lib.common.ssh] Failed to establish authenticated ssh connection to cirros@172.24.4.4 ([Errno None] Unable to connect to port 22 on  or 172.24.4.4). Number attempts: 6. Retry after 7 seconds.
2015-12-21 19:31:28,998 20439 WARNING  [tempest_lib.common.ssh] Failed to establish authenticated ssh connection to cirros@172.24.4.4 ([Errno None] Unable to connect to port 22 on  or 172.24.4.4). Number attempts: 7. Retry after 8 seconds.
2015-12-21 19:31:40,514 20439 WARNING  [tempest_lib.common.ssh] Failed to establish authenticated ssh connection to cirros@172.24.4.4 ([Errno None] Unable to connect to port 22 on  or 172.24.4.4). Number attempts: 8. Retry after 9 seconds.
2015-12-21 19:31:53,022 20439 WARNING  [tempest_lib.common.ssh] Failed to establish authenticated ssh connection to cirros@172.24.4.4 ([Errno None] Unable to connect to port 22 on  or 172.24.4.4). Number attempts: 9. Retry after 10 seconds.
2015-12-21 19:32:06,533 20439 WARNING  [tempest_lib.common.ssh] Failed to establish authenticated ssh connection to cirros@172.24.4.4 ([Errno None] Unable to connect to port 22 on  or 172.24.4.4). Number attempts: 10. Retry after 11 seconds.
2015-12-21 19:32:21,037 20439 WARNING  [tempest_lib.common.ssh] Failed to establish authenticated ssh connection to cirros@172.24.4.4 ([Errno None] Unable to connect to port 22 on  or 172.24.4.4). Number attempts: 11. Retry after 12 seconds.
2015-12-21 19:32:36,549 20439 WARNING  [tempest_lib.common.ssh] Failed to establish authenticated ssh connection to cirros@172.24.4.4 ([Errno None] Unable to connect to port 22 on  or 172.24.4.4). Number attempts: 12. Retry after 13 seconds.
2015-12-21 19:32:53,054 20439 WARNING  [tempest_lib.common.ssh] Failed to establish authenticated ssh connection to cirros@172.24.4.4 ([Errno None] Unable to connect to port 22 on  or 172.24.4.4). Number attempts: 13. Retry after 14 seconds.
2015-12-21 19:33:10,566 20439 WARNING  [tempest_lib.common.ssh] Failed to establish authenticated ssh connection to cirros@172.24.4.4 ([Errno None] Unable to connect to port 22 on  or 172.24.4.4). Number attempts: 14. Retry after 15 seconds.
2015-12-21 19:33:29,077 20439 WARNING  [tempest_lib.common.ssh] Failed to establish authenticated ssh connection to cirros@172.24.4.4 ([Errno None] Unable to connect to port 22 on  or 172.24.4.4). Number attempts: 15. Retry after 16 seconds.
2015-12-21 19:33:48,593 20439 WARNING  [tempest_lib.common.ssh] Failed to establish authenticated ssh connection to cirros@172.24.4.4 ([Errno None] Unable to connect to port 22 on  or 172.24.4.4). Number attempts: 16. Retry after 17 seconds.
2015-12-21 19:34:09,094 20439 WARNING  [tempest_lib.common.ssh] Failed to establish authenticated ssh connection to cirros@172.24.4.4 ([Errno None] Unable to connect to port 22 on  or 172.24.4.4). Number attempts: 17. Retry after 18 seconds.
2015-12-21 19:34:30,613 20439 WARNING  [tempest_lib.common.ssh] Failed to establish authenticated ssh connection to cirros@172.24.4.4 ([Errno None] Unable to connect to port 22 on  or 172.24.4.4). Number attempts: 18. Retry after 19 seconds.
2015-12-21 19:34:53,134 20439 WARNING  [tempest_lib.common.ssh] Failed to establish authenticated ssh connection to cirros@172.24.4.4 ([Errno None] Unable to connect to port 22 on  or 172.24.4.4). Number attempts: 19. Retry after 20 seconds.
2015-12-21 19:35:16,654 20439 WARNING  [tempest_lib.common.ssh] Failed to establish authenticated ssh connection to cirros@172.24.4.4 ([Errno None] Unable to connect to port 22 on  or 172.24.4.4). Number attempts: 20. Retry after 21 seconds.
2015-12-21 19:35:41,177 20439 ERROR    [tempest_lib.common.ssh] Failed to establish authenticated ssh connection to cirros@172.24.4.4 after 20 attempts
2015-12-21 19:35:41.177 20439 ERROR tempest_lib.common.ssh Traceback (most recent call last):
2015-12-21 19:35:41.177 20439 ERROR tempest_lib.common.ssh   File "/usr/local/lib/python2.7/dist-packages/tempest_lib/common/ssh.py", line 75, in _get_ssh_connection
2015-12-21 19:35:41.177 20439 ERROR tempest_lib.common.ssh     timeout=self.channel_timeout, pkey=self.pkey)
2015-12-21 19:35:41.177 20439 ERROR tempest_lib.common.ssh   File "/usr/local/lib/python2.7/dist-packages/paramiko/client.py", line 311, in connect
2015-12-21 19:35:41.177 20439 ERROR tempest_lib.common.ssh     raise NoValidConnectionsError(errors)
2015-12-21 19:35:41.177 20439 ERROR tempest_lib.common.ssh NoValidConnectionsError: [Errno None] Unable to connect to port 22 on  or 172.24.4.4
2015-12-21 19:35:41.177 20439 ERROR tempest_lib.common.ssh 
2015-12-21 19:35:41,180 20439 ERROR    [tempest.scenario.manager] (TestGettingAddress:test_dhcp6_stateless_from_os) Initializing SSH connection to 172.24.4.4 failed. Error: Connection to the 172.24.4.4 via SSH timed out.
User: cirros, Password: None
2015-12-21 19:35:41.180 20439 ERROR tempest.scenario.manager Traceback (most recent call last):
2015-12-21 19:35:41.180 20439 ERROR tempest.scenario.manager   File "tempest/scenario/manager.py", line 385, in get_remote_client
2015-12-21 19:35:41.180 20439 ERROR tempest.scenario.manager     linux_client.validate_authentication()
2015-12-21 19:35:41.180 20439 ERROR tempest.scenario.manager   File "tempest/common/utils/linux/remote_client.py", line 63, in validate_authentication
2015-12-21 19:35:41.180 20439 ERROR tempest.scenario.manager     self.ssh_client.test_connection_auth()
2015-12-21 19:35:41.180 20439 ERROR tempest.scenario.manager   File "/usr/local/lib/python2.7/dist-packages/tempest_lib/common/ssh.py", line 167, in test_connection_auth
2015-12-21 19:35:41.180 20439 ERROR tempest.scenario.manager     connection = self._get_ssh_connection()
2015-12-21 19:35:41.180 20439 ERROR tempest.scenario.manager   File "/usr/local/lib/python2.7/dist-packages/tempest_lib/common/ssh.py", line 87, in _get_ssh_connection
2015-12-21 19:35:41.180 20439 ERROR tempest.scenario.manager     password=self.password)
2015-12-21 19:35:41.180 20439 ERROR tempest.scenario.manager SSHTimeout: Connection to the 172.24.4.4 via SSH timed out.
2015-12-21 19:35:41.180 20439 ERROR tempest.scenario.manager User: cirros, Password: None
2015-12-21 19:35:41.180 20439 ERROR tempest.scenario.manager 
2015-12-21 19:35:41,399 20439 INFO     [tempest_lib.common.rest_client] Request (TestGettingAddress:test_dhcp6_stateless_from_os): 200 GET http://10.0.2.15:8774/v2.1/1765797202fd4bc5adf3b8d087dbe735/servers 0.216s
2015-12-21 19:35:41,400 20439 DEBUG    [tempest_lib.common.rest_client] Request - Headers: {'Content-Type': 'application/json', 'Accept': 'application/json', 'X-Auth-Token': '&lt;omitted&gt;'}
        Body: None
    Response - Headers: {'status': '200', 'content-length': '390', 'content-location': 'http://10.0.2.15:8774/v2.1/1765797202fd4bc5adf3b8d087dbe735/servers', 'x-compute-request-id': 'req-f25106c0-e6d3-4835-a8fe-76f49fad07e2', 'vary': 'X-OpenStack-Nova-API-Version', 'connection': 'close', 'x-openstack-nova-api-version': '2.1', 'date': 'Mon, 21 Dec 2015 19:35:41 GMT', 'content-type': 'application/json'}
        Body: {"servers": [{"id": "f0d9a11b-a109-4e97-be49-c91c9e2ec019", "links": [{"href": "http://10.0.2.15:8774/v2.1/1765797202fd4bc5adf3b8d087dbe735/servers/f0d9a11b-a109-4e97-be49-c91c9e2ec019", "rel": "self"}, {"href": "http://10.0.2.15:8774/1765797202fd4bc5adf3b8d087dbe735/servers/f0d9a11b-a109-4e97-be49-c91c9e2ec019", "rel": "bookmark"}], "name": "tempest.common.compute-instance-498603275"}]}
2015-12-21 19:35:41,601 20439 INFO     [tempest_lib.common.rest_client] Request (TestGettingAddress:test_dhcp6_stateless_from_os): 200 POST http://10.0.2.15:8774/v2.1/1765797202fd4bc5adf3b8d087dbe735/servers/f0d9a11b-a109-4e97-be49-c91c9e2ec019/action 0.196s
2015-12-21 19:35:41,602 20439 DEBUG    [tempest_lib.common.rest_client] Request - Headers: {'Content-Type': 'application/json', 'Accept': 'application/json', 'X-Auth-Token': '&lt;omitted&gt;'}
        Body: {"os-getConsoleOutput": {}}
    Response - Headers: {'status': '200', 'content-length': '24650', 'x-compute-request-id': 'req-2518ed2d-0a2b-426b-b1d0-283f42d6816d', 'vary': 'X-OpenStack-Nova-API-Version', 'connection': 'close', 'x-openstack-nova-api-version': '2.1', 'date': 'Mon, 21 Dec 2015 19:35:41 GMT', 'content-type': 'application/json'}
        Body: {"output": "[    0.000000] Initializing cgroup subsys cpuset\n[    0.000000] Initializing cgroup subsys cpu\n[    0.000000] Linux version 3.2.0-80-virtual (buildd@batsu) (gcc version 4.6.3 (Ubuntu/Linaro 4.6.3-1ubuntu5) ) #116-Ubuntu SMP Mon Mar 23 17:28:52 UTC 2015 (Ubuntu 3.2.0-80.116-virtual 3.2.68)\n[    0.000000] Command line: root=/dev/vda console=tty0 console=ttyS0 no_timer_check\n[    0.000000] KERNEL supported cpus:\n[    0.000000]   Intel GenuineIntel\n[    0.000000]   AMD AuthenticAMD\n[    0.000000]   Centaur CentaurHauls\n[    0.000000] BIOS-provided physical RAM map:\n[    0.000000]  BIOS-e820: 0000000000000000 - 000000000009fc00 (usable)\n[    0.000000]  BIOS-e820: 000000000009fc00 - 00000000000a0000 (reserved)\n[    0.000000]  BIOS-e820: 00000000000f0000 - 0000000000100000 (reserved)\n[    0.000000]  BIOS-e820: 0000000000100000 - 0000000003ffe000 (usable)\n[    0.000000]  BIOS-e820: 0000000003ffe000 - 0000000004000000 (reserved)\n[    0.000000]  BIOS-e820: 00000000fffc0000 - 0000000100000000 (reserved)\n[    0.000000] NX (Execute Disable) protection: active\n[    0.000000] SMBIOS 2.4 present.\n[    0.000000] No AGP bridge found\n[    0.000000] last_pfn = 0x3ffe max_arch_pfn = 0x400000000\n[    0.000000] x86 PAT enabled: cpu 0, old 0x7040600070406, new 0x7010600070106\n[    0.000000] found SMP MP-table at [ffff8800000f0b00] f0b00\n[    0.000000] init_memory_mapping: 0000000000000000-0000000003ffe000\n[    0.000000] RAMDISK: 03c5e000 - 03ff0000\n[    0.000000] ACPI: RSDP 00000000000f0950 00014 (v00 BOCHS )\n[    0.000000] ACPI: RSDT 0000000003fffbc1 00034 (v01 BOCHS  BXPCRSDT 00000001 BXPC 00000001)\n[    0.000000] ACPI: FACP 0000000003fff1c0 00074 (v01 BOCHS  BXPCFACP 00000001 BXPC 00000001)\n[    0.000000] ACPI: DSDT 0000000003ffe040 01180 (v01 BOCHS  BXPCDSDT 00000001 BXPC 00000001)\n[    0.000000] ACPI: FACS 0000000003ffe000 00040\n[    0.000000] ACPI: SSDT 0000000003fff234 008DD (v01 BOCHS  BXPCSSDT 00000001 BXPC 00000001)\n[    0.000000] ACPI: APIC 0000000003fffb11 00078 (v01 BOCHS  BXPCAPIC 00000001 BXPC 00000001)\n[    0.000000] ACPI: HPET 0000000003fffb89 00038 (v01 BOCHS  BXPCHPET 00000001 BXPC 00000001)\n[    0.000000] No NUMA configuration found\n[    0.000000] Faking a node at 0000000000000000-0000000003ffe000\n[    0.000000] Initmem setup node 0 0000000000000000-0000000003ffe000\n[    0.000000]   NODE_DATA [0000000003ff6000 - 0000000003ffafff]\n[    0.000000] Zone PFN ranges:\n[    0.000000]   DMA      0x00000010 -&gt; 0x00001000\n[    0.000000]   DMA32    0x00001000 -&gt; 0x00100000\n[    0.000000]   Normal   empty\n[    0.000000] Movable zone start PFN for each node\n[    0.000000] early_node_map[2] active PFN ranges\n[    0.000000]     0: 0x00000010 -&gt; 0x0000009f\n[    0.000000]     0: 0x00000100 -&gt; 0x00003ffe\n[    0.000000] ACPI: PM-Timer IO Port: 0xb008\n[    0.000000] ACPI: LAPIC (acpi_id[0x00] lapic_id[0x00] enabled)\n[    0.000000] ACPI: LAPIC_NMI (acpi_id[0xff] dfl dfl lint[0x1])\n[    0.000000] ACPI: IOAPIC (id[0x00] address[0xfec00000] gsi_base[0])\n[    0.000000] IOAPIC[0]: apic_id 0, version 17, address 0xfec00000, GSI 0-23\n[    0.000000] ACPI: INT_SRC_OVR (bus 0 bus_irq 0 global_irq 2 dfl dfl)\n[    0.000000] ACPI: INT_SRC_OVR (bus 0 bus_irq 5 global_irq 5 high level)\n[    0.000000] ACPI: INT_SRC_OVR (bus 0 bus_irq 9 global_irq 9 high level)\n[    0.000000] ACPI: INT_SRC_OVR (bus 0 bus_irq 10 global_irq 10 high level)\n[    0.000000] ACPI: INT_SRC_OVR (bus 0 bus_irq 11 global_irq 11 high level)\n[    0.000000] Using ACPI (MADT) for SMP configuration information\n[    0.000000] ACPI: HPET id: 0x8086a201 base: 0xfed00000\n[    0.000000] SMP: Allowing 1 CPUs, 0 hotplug CPUs\n[    0.000000] PM: Registered nosave memory: 000000000009f000 - 00000000000a0000\n[    0.000000] PM: Registered nosave memory: 00000000000a0000 - 00000000000f0000\n[    0.000000] PM: Registered nosave memory: 00000000000f0000 - 0000000000100000\n[    0.000000] Allocating PCI resources starting at 4000000 (gap: 4000000:fbfc0000)\n[    0.000000] Booting paravirtualized kernel on bare hardware\n[    0.000000] setup_pe
2015-12-21 19:35:41,604 20439 DEBUG    [tempest.scenario.manager] Console output for f0d9a11b-a109-4e97-be49-c91c9e2ec019
body=
[    0.000000] Initializing cgroup subsys cpuset
[    0.000000] Initializing cgroup subsys cpu
[    0.000000] Linux version 3.2.0-80-virtual (buildd@batsu) (gcc version 4.6.3 (Ubuntu/Linaro 4.6.3-1ubuntu5) ) #116-Ubuntu SMP Mon Mar 23 17:28:52 UTC 2015 (Ubuntu 3.2.0-80.116-virtual 3.2.68)
[    0.000000] Command line: root=/dev/vda console=tty0 console=ttyS0 no_timer_check
[    0.000000] KERNEL supported cpus:
[    0.000000]   Intel GenuineIntel
[    0.000000]   AMD AuthenticAMD
[    0.000000]   Centaur CentaurHauls
[    0.000000] BIOS-provided physical RAM map:
[    0.000000]  BIOS-e820: 0000000000000000 - 000000000009fc00 (usable)
[    0.000000]  BIOS-e820: 000000000009fc00 - 00000000000a0000 (reserved)
[    0.000000]  BIOS-e820: 00000000000f0000 - 0000000000100000 (reserved)
[    0.000000]  BIOS-e820: 0000000000100000 - 0000000003ffe000 (usable)
[    0.000000]  BIOS-e820: 0000000003ffe000 - 0000000004000000 (reserved)
[    0.000000]  BIOS-e820: 00000000fffc0000 - 0000000100000000 (reserved)
[    0.000000] NX (Execute Disable) protection: active
[    0.000000] SMBIOS 2.4 present.
[    0.000000] No AGP bridge found
[    0.000000] last_pfn = 0x3ffe max_arch_pfn = 0x400000000
[    0.000000] x86 PAT enabled: cpu 0, old 0x7040600070406, new 0x7010600070106
[    0.000000] found SMP MP-table at [ffff8800000f0b00] f0b00
[    0.000000] init_memory_mapping: 0000000000000000-0000000003ffe000
[    0.000000] RAMDISK: 03c5e000 - 03ff0000
[    0.000000] ACPI: RSDP 00000000000f0950 00014 (v00 BOCHS )
[    0.000000] ACPI: RSDT 0000000003fffbc1 00034 (v01 BOCHS  BXPCRSDT 00000001 BXPC 00000001)
[    0.000000] ACPI: FACP 0000000003fff1c0 00074 (v01 BOCHS  BXPCFACP 00000001 BXPC 00000001)
[    0.000000] ACPI: DSDT 0000000003ffe040 01180 (v01 BOCHS  BXPCDSDT 00000001 BXPC 00000001)
[    0.000000] ACPI: FACS 0000000003ffe000 00040
[    0.000000] ACPI: SSDT 0000000003fff234 008DD (v01 BOCHS  BXPCSSDT 00000001 BXPC 00000001)
[    0.000000] ACPI: APIC 0000000003fffb11 00078 (v01 BOCHS  BXPCAPIC 00000001 BXPC 00000001)
[    0.000000] ACPI: HPET 0000000003fffb89 00038 (v01 BOCHS  BXPCHPET 00000001 BXPC 00000001)
[    0.000000] No NUMA configuration found
[    0.000000] Faking a node at 0000000000000000-0000000003ffe000
[    0.000000] Initmem setup node 0 0000000000000000-0000000003ffe000
[    0.000000]   NODE_DATA [0000000003ff6000 - 0000000003ffafff]
[    0.000000] Zone PFN ranges:
[    0.000000]   DMA      0x00000010 -&gt; 0x00001000
[    0.000000]   DMA32    0x00001000 -&gt; 0x00100000
[    0.000000]   Normal   empty
[    0.000000] Movable zone start PFN for each node
[    0.000000] early_node_map[2] active PFN ranges
[    0.000000]     0: 0x00000010 -&gt; 0x0000009f
[    0.000000]     0: 0x00000100 -&gt; 0x00003ffe
[    0.000000] ACPI: PM-Timer IO Port: 0xb008
[    0.000000] ACPI: LAPIC (acpi_id[0x00] lapic_id[0x00] enabled)
[    0.000000] ACPI: LAPIC_NMI (acpi_id[0xff] dfl dfl lint[0x1])
[    0.000000] ACPI: IOAPIC (id[0x00] address[0xfec00000] gsi_base[0])
[    0.000000] IOAPIC[0]: apic_id 0, version 17, address 0xfec00000, GSI 0-23
[    0.000000] ACPI: INT_SRC_OVR (bus 0 bus_irq 0 global_irq 2 dfl dfl)
[    0.000000] ACPI: INT_SRC_OVR (bus 0 bus_irq 5 global_irq 5 high level)
[    0.000000] ACPI: INT_SRC_OVR (bus 0 bus_irq 9 global_irq 9 high level)
[    0.000000] ACPI: INT_SRC_OVR (bus 0 bus_irq 10 global_irq 10 high level)
[    0.000000] ACPI: INT_SRC_OVR (bus 0 bus_irq 11 global_irq 11 high level)
[    0.000000] Using ACPI (MADT) for SMP configuration information
[    0.000000] ACPI: HPET id: 0x8086a201 base: 0xfed00000
[    0.000000] SMP: Allowing 1 CPUs, 0 hotplug CPUs
[    0.000000] PM: Registered nosave memory: 000000000009f000 - 00000000000a0000
[    0.000000] PM: Registered nosave memory: 00000000000a0000 - 00000000000f0000
[    0.000000] PM: Registered nosave memory: 00000000000f0000 - 0000000000100000
[    0.000000] Allocating PCI resources starting at 4000000 (gap: 4000000:fbfc0000)
[    0.000000] Booting paravirtualized kernel on bare hardware
[    0.000000] setup_percpu: NR_CPUS:64 nr_cpumask_bits:64 nr_cpu_ids:1 nr_node_ids:1
[    0.000000] PERCPU: Embedded 27 pages/cpu @ffff880003a00000 s78848 r8192 d23552 u2097152
[    0.000000] Built 1 zonelists in Node order, mobility grouping on.  Total pages: 16008
[    0.000000] Policy zone: DMA32
[    0.000000] Kernel command line: root=/dev/vda console=tty0 console=ttyS0 no_timer_check
[    0.000000] PID hash table entries: 256 (order: -1, 2048 bytes)
[    0.000000] Checking aperture...
[    0.000000] No AGP bridge found
[    0.000000] Memory: 43492k/65528k available (6576k kernel code, 452k absent, 21584k reserved, 6620k data, 928k init)
[    0.000000] SLUB: Genslabs=15, HWalign=64, Order=0-3, MinObjects=0, CPUs=1, Nodes=1
[    0.000000] Hierarchical RCU implementation.
[    0.000000] 	RCU dyntick-idle grace-period acceleration is enabled.
[    0.000000] NR_IRQS:4352 nr_irqs:256 16
[    0.000000] Console: colour VGA+ 80x25
[    0.000000] console [tty0] enabled
[    0.000000] console [ttyS0] enabled
[    0.000000] allocated 1048576 bytes of page_cgroup
[    0.000000] please try 'cgroup_disable=memory' option if you don't want memory cgroups
[    0.000000] Fast TSC calibration failed
[    0.000000] TSC: Unable to calibrate against PIT
[    0.000000] TSC: using HPET reference calibration
[    0.000000] Detected 2294.129 MHz processor.
[    0.032818] Calibrating delay loop (skipped), value calculated using timer frequency.. 4588.25 BogoMIPS (lpj=9176516)
[    0.036761] pid_max: default: 32768 minimum: 301
[    0.044961] Security Framework initialized
[    0.048810] AppArmor: AppArmor initialized
[    0.049437] Yama: becoming mindful.
[    0.057071] Dentry cache hash table entries: 8192 (order: 4, 65536 bytes)
[    0.058649] Inode-cache hash table entries: 4096 (order: 3, 32768 bytes)
[    0.060654] Mount-cache hash table entries: 256
[    0.081794] Initializing cgroup subsys cpuacct
[    0.083464] Initializing cgroup subsys memory
[    0.085407] Initializing cgroup subsys devices
[    0.086120] Initializing cgroup subsys freezer
[    0.088132] Initializing cgroup subsys blkio
[    0.088866] Initializing cgroup subsys perf_event
[    0.092960] mce: CPU supports 10 MCE banks
[    0.096874] SMP alternatives: switching to UP code
[    0.477881] Freeing SMP alternatives: 24k freed
[    0.480230] ACPI: Core revision 20110623
[    0.540205] ftrace: allocating 26610 entries in 105 pages
[    0.573918] ..TIMER: vector=0x30 apic1=0 pin1=2 apic2=-1 pin2=-1
[    0.576199] CPU0: AMD QEMU Virtual CPU version 2.0.0 stepping 03
[    0.580035] Performance Events: Broken PMU hardware detected, using software events only.
[    0.590997] NMI watchdog disabled (cpu0): hardware events not enabled
[    0.593098] Brought up 1 CPUs
[    0.593757] Total of 1 processors activated (4588.25 BogoMIPS).
[    0.618233] devtmpfs: initialized
[    0.659096] EVM: security.selinux
[    0.660086] EVM: security.SMACK64
[    0.660586] EVM: security.capability
[    0.680264] print_constraints: dummy: 
[    0.682110] RTC time: 19:30:39, date: 12/21/15
[    0.685009] NET: Registered protocol family 16
[    0.693540] ACPI: bus type pci registered
[    0.697877] PCI: Using configuration type 1 for base access
[    0.729466] bio: create slab &lt;bio-0&gt; at 0
[    0.734205] ACPI: Added _OSI(Module Device)
[    0.734815] ACPI: Added _OSI(Processor Device)
[    0.735459] ACPI: Added _OSI(3.0 _SCP Extensions)
[    0.736103] ACPI: Added _OSI(Processor Aggregator Device)
[    0.814854] ACPI: Interpreter enabled
[    0.816168] ACPI: (supports S0 S3 S4 S5)
[    0.817969] ACPI: Using IOAPIC for interrupt routing
[    0.894009] ACPI: No dock devices found.
[    0.894679] HEST: Table not found.
[    0.896203] PCI: Using host bridge windows from ACPI; if necessary, use "pci=nocrs" and report a bug
[    0.902314] ACPI: PCI Root Bridge [PCI0] (domain 0000 [bus 00-ff])
[    0.909095] pci_root PNP0A03:00: host bridge window [io  0x0000-0x0cf7]
[    0.910241] pci_root PNP0A03:00: host bridge window [io  0x0d00-0xadff]
[    0.911045] pci_root PNP0A03:00: host bridge window [io  0xae0f-0xaeff]
[    0.912117] pci_root PNP0A03:00: host bridge window [io  0xaf20-0xafdf]
[    0.913017] pci_root PNP0A03:00: host bridge window [io  0xafe4-0xffff]
[    0.913916] pci_root PNP0A03:00: host bridge window [mem 0x000a0000-0x000bffff]
[    0.914816] pci_root PNP0A03:00: host bridge window [mem 0x04000000-0xfebfffff]
[    0.940338] pci 0000:00:01.3: quirk: [io  0xb000-0xb03f] claimed by PIIX4 ACPI
[    0.941414] pci 0000:00:01.3: quirk: [io  0xb100-0xb10f] claimed by PIIX4 SMB
[    1.012755]  pci0000:00: Unable to request _OSC control (_OSC support mask: 0x1e)
[    1.064369] ACPI: PCI Interrupt Link [LNKA] (IRQs 5 *10 11)
[    1.066459] ACPI: PCI Interrupt Link [LNKB] (IRQs 5 *10 11)
[    1.068531] ACPI: PCI Interrupt Link [LNKC] (IRQs 5 10 *11)
[    1.070336] ACPI: PCI Interrupt Link [LNKD] (IRQs 5 10 *11)
[    1.071548] ACPI: PCI Interrupt Link [LNKS] (IRQs *9)
[    1.078146] vgaarb: device added: PCI:0000:00:02.0,decodes=io+mem,owns=io+mem,locks=none
[    1.079143] vgaarb: loaded
[    1.079503] vgaarb: bridge control possible 0000:00:02.0
[    1.082672] i2c-core: driver [aat2870] using legacy suspend method
[    1.084139] i2c-core: driver [aat2870] using legacy resume method
[    1.086721] SCSI subsystem initialized
[    1.090241] usbcore: registered new interface driver usbfs
[    1.091310] usbcore: registered new interface driver hub
[    1.092705] usbcore: registered new device driver usb
[    1.096928] PCI: Using ACPI for IRQ routing
[    1.106346] NetLabel: Initializing
[    1.106761] NetLabel:  domain hash size = 128
[    1.107258] NetLabel:  protocols = UNLABELED CIPSOv4
[    1.109474] NetLabel:  unlabeled traffic allowed by default
[    1.112317] HPET: 3 timers in total, 0 timers will be used for per-cpu timer
[    1.113364] hpet0: at MMIO 0xfed00000, IRQs 2, 8, 0
[    1.114182] hpet0: 3 comparators, 64-bit 100.000000 MHz counter
[    1.126960] Switching to clocksource hpet
[    1.360426] AppArmor: AppArmor Filesystem Enabled
[    1.363630] pnp: PnP ACPI init
[    1.364236] ACPI: bus type pnp registered
[    1.382807] pnp: PnP ACPI: found 9 devices
[    1.383560] ACPI: ACPI bus type pnp unregistered
[    1.443540] NET: Registered protocol family 2
[    1.480018] IP route cache hash table entries: 512 (order: 0, 4096 bytes)
[    1.487668] TCP established hash table entries: 2048 (order: 3, 32768 bytes)
[    1.490103] TCP bind hash table entries: 2048 (order: 3, 32768 bytes)
[    1.491032] TCP: Hash tables configured (established 2048 bind 2048)
[    1.492014] TCP reno registered
[    1.493837] UDP hash table entries: 128 (order: 0, 4096 bytes)
[    1.494705] UDP-Lite hash table entries: 128 (order: 0, 4096 bytes)
[    1.498002] NET: Registered protocol family 1
[    1.498811] pci 0000:00:00.0: Limiting direct PCI/PCI transfers
[    1.499727] pci 0000:00:01.0: PIIX3: Enabling Passive Release
[    1.501990] pci 0000:00:01.0: Activating ISA DMA hang workarounds
[    1.507305] ACPI: PCI Interrupt Link [LNKD] enabled at IRQ 11
[    1.508490] pci 0000:00:01.2: PCI INT D -&gt; Link[LNKD] -&gt; GSI 11 (level, high) -&gt; IRQ 11
[    1.510622] pci 0000:00:01.2: PCI INT D disabled
[    1.530881] Trying to unpack rootfs image as initramfs...
[    1.548105] audit: initializing netlink socket (disabled)
[    1.550240] type=2000 audit(1450726239.548:1): initialized
[    1.815929] HugeTLB registered 2 MB page size, pre-allocated 0 pages
[    1.913321] VFS: Disk quotas dquot_6.5.2
[    1.914784] Dquot-cache hash table entries: 512 (order 0, 4096 bytes)
[    1.930521] fuse init (API version 7.17)
[    1.933821] msgmni has been set to 84
[    1.978130] Block layer SCSI generic (bsg) driver version 0.4 loaded (major 253)
[    1.986365] io scheduler noop registered
[    1.986945] io scheduler deadline registered (default)
[    1.988039] io scheduler cfq registered
[    1.991710] pci_hotplug: PCI Hot Plug PCI Core version: 0.5
[    1.994518] pciehp: PCI Express Hot Plug Controller Driver version: 0.4
[    2.001477] input: Power Button as /devices/LNXSYSTM:00/LNXPWRBN:00/input/input0
[    2.002942] ACPI: Power Button [PWRF]
[    2.067435] ERST: Table is not found!
[    2.068133] GHES: HEST is not enabled!
[    2.079415] ACPI: PCI Interrupt Link [LNKC] enabled at IRQ 10
[    2.082483] virtio-pci 0000:00:03.0: PCI INT A -&gt; Link[LNKC] -&gt; GSI 10 (level, high) -&gt; IRQ 10
[    2.091255] virtio-pci 0000:00:04.0: PCI INT A -&gt; Link[LNKD] -&gt; GSI 11 (level, high) -&gt; IRQ 11
[    2.118432] ACPI: PCI Interrupt Link [LNKA] enabled at IRQ 10
[    2.119230] virtio-pci 0000:00:05.0: PCI INT A -&gt; Link[LNKA] -&gt; GSI 10 (level, high) -&gt; IRQ 10
[    2.129865] Serial: 8250/16550 driver, 32 ports, IRQ sharing enabled
[    2.174693] serial8250: ttyS0 at I/O 0x3f8 (irq = 4) is a 16550A
[    2.265418] serial8250: ttyS1 at I/O 0x2f8 (irq = 3) is a 16550A
[    2.396313] 00:05: ttyS0 at I/O 0x3f8 (irq = 4) is a 16550A
[    2.482590] 00:06: ttyS1 at I/O 0x2f8 (irq = 3) is a 16550A
[    2.518047] Refined TSC clocksource calibration: 2294.139 MHz.
[    2.518989] Switching to clocksource tsc
[    2.539103] Linux agpgart interface v0.103
[    2.603810] brd: module loaded
[    2.631847] loop: module loaded
[    2.702544]  vda: unknown partition table
[    2.761847] scsi0 : ata_piix
[    2.765896] scsi1 : ata_piix
[    2.767111] ata1: PATA max MWDMA2 cmd 0x1f0 ctl 0x3f6 bmdma 0xc0a0 irq 14
[    2.767996] ata2: PATA max MWDMA2 cmd 0x170 ctl 0x376 bmdma 0xc0a8 irq 15
[    2.777955] Fixed MDIO Bus: probed
[    2.778350] tun: Universal TUN/TAP device driver, 1.6
[    2.779701] tun: (C) 1999-2004 Max Krasnyansky &lt;maxk@qualcomm.com&gt;
[    2.795862] PPP generic driver version 2.4.2
[    2.826862] ehci_hcd: USB 2.0 'Enhanced' Host Controller (EHCI) Driver
[    2.828087] ohci_hcd: USB 1.1 'Open' Host Controller (OHCI) Driver
[    2.830081] uhci_hcd: USB Universal Host Controller Interface driver
[    2.831075] uhci_hcd 0000:00:01.2: PCI INT D -&gt; Link[LNKD] -&gt; GSI 11 (level, high) -&gt; IRQ 11
[    2.834009] uhci_hcd 0000:00:01.2: UHCI Host Controller
[    2.853696] uhci_hcd 0000:00:01.2: new USB bus registered, assigned bus number 1
[    2.855442] uhci_hcd 0000:00:01.2: irq 11, io base 0x0000c040
[    2.888894] hub 1-0:1.0: USB hub found
[    2.890931] hub 1-0:1.0: 2 ports detected
[    2.898037] usbcore: registered new interface driver libusual
[    2.901027] i8042: PNP: PS/2 Controller [PNP0303:KBD,PNP0f13:MOU] at 0x60,0x64 irq 1,12
[    2.910602] serio: i8042 KBD port at 0x60,0x64 irq 1
[    2.911900] serio: i8042 AUX port at 0x60,0x64 irq 12
[    2.951405] mousedev: PS/2 mouse device common for all mice
[    2.961428] input: AT Translated Set 2 keyboard as /devices/platform/i8042/serio0/input/input1
[    2.995800] rtc_cmos 00:01: RTC can wake from S4
[    3.010841] rtc_cmos 00:01: rtc core: registered rtc_cmos as rtc0
[    3.015091] rtc0: alarms up to one day, 114 bytes nvram, hpet irqs
[    3.020695] device-mapper: uevent: version 1.0.3
[    3.043663] ata2.01: ATAPI: QEMU DVD-ROM, 2.0.0, max UDMA/100
[    3.057445] device-mapper: ioctl: 4.22.0-ioctl (2011-10-19) initialised: dm-devel@redhat.com
[    3.064774] cpuidle: using governor ladder
[    3.066490] cpuidle: using governor menu
[    3.067951] EFI Variables Facility v0.08 2004-May-17
[    3.093513] TCP cubic registered
[    3.099924] NET: Registered protocol family 10
[    3.134246] NET: Registered protocol family 17
[    3.136274] Registering the dns_resolver key type
[    3.144458] ata2.01: configured for MWDMA2
[    3.183977] scsi 1:0:1:0: CD-ROM            QEMU     QEMU DVD-ROM     2.0. PQ: 0 ANSI: 5
[    3.221584] sr0: scsi3-mmc drive: 4x/4x cd/rw xa/form2 tray
[    3.223523] cdrom: Uniform CD-ROM driver Revision: 3.20
[    3.247488] sr 1:0:1:0: Attached scsi generic sg0 type 5
[    3.320032] registered taskstats version 1
[    3.436952] Freeing initrd memory: 3656k freed
[    3.976154]   Magic number: 11:110:547
[    3.985050] tty ttyS23: hash matches
[    3.990286] rtc_cmos 00:01: setting system clock to 2015-12-21 19:30:42 UTC (1450726242)
[    3.992895] powernow-k8: Processor cpuid 663 not supported
[    3.997279] BIOS EDD facility v0.16 2004-Jun-25, 0 devices found
[    3.999730] EDD information not available.
[    4.055449] Freeing unused kernel memory: 928k freed
[    4.060728] Write protecting the kernel read-only data: 12288k
[    4.165454] Freeing unused kernel memory: 1596k freed
[    4.224211] Freeing unused kernel memory: 1184k freed

info: initramfs: up at 4.38
modprobe: module virtio_blk not found in modules.dep
modprobe: module virtio_net not found in modules.dep
info: copying initramfs to /dev/vda
info: initramfs loading root from /dev/vda
info: /etc/init.d/rc.sysinit: up at 9.56
info: container: none
Starting logging: OK
modprobe: module virtio_blk not found in modules.dep
modprobe: module virtio_net not found in modules.dep
WARN: /etc/rc3.d/S10-load-modules failed
Initializing random number generator... done.
Starting acpid: OK
cirros-ds 'local' up at 12.16
found datasource (configdrive, local)
Starting network...
udhcpc (v1.20.1) started
Sending discover...
Sending discover...
Sending discover...
Usage: /sbin/cirros-dhcpc &lt;up|down&gt;
No lease, failing
WARN: /etc/rc3.d/S40-network failed
Starting dropbear sshd: generating rsa key... generating dsa key... OK
no userdata for datasource
=== system information ===
Platform: OpenStack Foundation OpenStack Nova
Container: none
Arch: x86_64
CPU(s): 1 @ 2294.129 MHz
Cores/Sockets/Threads: 1/1/1
Virt-type: AMD-V
RAM Size: 49MB
Disks:
NAME MAJ:MIN     SIZE LABEL         MOUNTPOINT
vda  253:0   25165824 cirros-rootfs /
sr0   11:0     428032 config-2      
=== sshd host keys ===
-----BEGIN SSH HOST KEY KEYS-----
ssh-rsa AAAAB3NzaC1yc2EAAAADAQABAAAAgwDSjjO/HynR5M/J1mfPHC9W8CxCnctVOYYa6nte/3vcrexVvM0kSq6yTixLDoCQfv92bk1Y+pIspkoey6xGynjBFnx1ltuw6uPYjRugf5YgVpHwVUoDzXQShFfCjlKxnYvl6CCX++TBhXtvBr0pUeV4v9jP6Vc0hcvz6kYOXWK2Wut9 root@tempest
ssh-dss AAAAB3NzaC1kc3MAAACBAOQaiEe22mHvS69IxrHreFcdVAxmTN5erNB7zfnfD3SM7WBl13q/iXlFJlJmGG8M+ezf5ErvtZjUEOvqTu8orJ+RGSl/6PEvdY7ktbgQiguIycLWM5uY2g8NwjjX8EPR6N56Hg51lEV5zNo1dtcEyqwgFmBprrRlAHfJcNLy6pTbAAAAFQCFNXY3FqSIzcUsdgkXipQrcjVP2QAAAIEAzqAlIZcg2zgMOkOVMwd3XKaE3fIlmX2WNgFeTd61+NqDzW5B6bdD33TYIH3B9phA3LE3qPMXaZpgJdpWGA2fEBg82JNif8hGSayQdg6fBsu29rty3BJIDW4zb/3RgAahhLUlvKY5EV6fWn2ke2NfeBMapbOKwNa4WJbRgTOHAzcAAACAbGuO1PyOpLc3mnZpzdGPHYi3UzmJVxmVaIp3h2IAL2bQ5i+XW+10jOOU19P58w2CQKvvI6ndKyhj74oRtvkxFHqz/1t/DoiTN7jYta2uECGjUqG/7HVQZl4Pht9uRR/vO3CE+7cpy11S3O3/fdPx0dAydCCZRR0Kbxj2uI89McU= root@tempest
-----END SSH HOST KEY KEYS-----
=== network info ===
if-info: lo,up,127.0.0.1,8,::1
if-info: eth0,up,,8,fe80::f816:3eff:fe11:bd23
=== datasource: configdrive local ===
instance-id: f0d9a11b-a109-4e97-be49-c91c9e2ec019
name: tempest.common.compute-instance-498603275
availability-zone: nova
local-hostname: tempest.common.compute-instance-498603275.novalocal
launch-index: 0
=== cirros: current=0.3.4 uptime=201.61 ===
route: fscanf
=== pinging gateway failed, debugging connection ===
############ debug start ##############
### /etc/init.d/sshd start
Starting dropbear sshd: OK
route: fscanf
### ifconfig -a
eth0      Link encap:Ethernet  HWaddr FA:16:3E:11:BD:23  
          inet6 addr: fe80::f816:3eff:fe11:bd23/64 Scope:Link
          UP BROADCAST RUNNING MULTICAST  MTU:1500  Metric:1
          RX packets:12 errors:0 dropped:5 overruns:0 frame:0
          TX packets:8 errors:0 dropped:0 overruns:0 carrier:0
          collisions:0 txqueuelen:1000 
          RX bytes:1303 (1.2 KiB)  TX bytes:1134 (1.1 KiB)

lo        Link encap:Local Loopback  
          inet addr:127.0.0.1  Mask:255.0.0.0
          inet6 addr: ::1/128 Scope:Host
          UP LOOPBACK RUNNING  MTU:16436  Metric:1
          RX packets:12 errors:0 dropped:0 overruns:0 frame:0
          TX packets:12 errors:0 dropped:0 overruns:0 carrier:0
          collisions:0 txqueuelen:0 
          RX bytes:1020 (1020.0 B)  TX bytes:1020 (1020.0 B)

### route -n
Kernel IP routing table
Destination     Gateway         Genmask         Flags Metric Ref    Use Iface
route: fscanf
### cat /etc/resolv.conf
cat: can't open '/etc/resolv.conf': No such file or directory
### gateway not found
/sbin/cirros-status: line 1: can't open /etc/resolv.conf: no such file
### pinging nameservers
### uname -a
Linux tempest 3.2.0-80-virtual #116-Ubuntu SMP Mon Mar 23 17:28:52 UTC 2015 x86_64 GNU/Linux
### lsmod
Module                  Size  Used by    Not tainted
nls_iso8859_1          12713  0 
nls_cp437              16991  0 
vfat                   17585  0 
fat                    61512  1 vfat
isofs                  40259  0 
ip_tables              27473  0 
x_tables               29891  1 ip_tables
pcnet32                42119  0 
8139cp                 27360  0 
ne2k_pci               13691  0 
8390                   18856  1 ne2k_pci
e1000                 108589  0 
acpiphp                24231  0 
### dmesg | tail
[    5.170533] EXT3-fs (vda): mounted filesystem with ordered data mode
[    5.493160] ISO 9660 Extensions: Microsoft Joliet Level 3
[    5.568124] ISO 9660 Extensions: RRIP_1991A
[    5.834753] kjournald starting.  Commit interval 5 seconds
[    5.852158] EXT3-fs (vda): using internal journal
[    5.852973] EXT3-fs (vda): mounted filesystem with ordered data mode
[    9.617950] EXT3-fs (vda): using internal journal
[   12.923713] ISO 9660 Extensions: Microsoft Joliet Level 3
[   13.025304] ISO 9660 Extensions: RRIP_1991A
[   27.570872] eth0: no IPv6 routers present
### tail -n 25 /var/log/messages
Dec 21 19:30:49 cirros kern.info kernel: [    4.670498] acpiphp: Slot [22] registered
Dec 21 19:30:49 cirros kern.info kernel: [    4.671041] acpiphp: Slot [23] registered
Dec 21 19:30:49 cirros kern.info kernel: [    4.671060] acpiphp: Slot [24] registered
Dec 21 19:30:49 cirros kern.info kernel: [    4.672107] acpiphp: Slot [25] registered
Dec 21 19:30:49 cirros kern.info kernel: [    4.673277] acpiphp: Slot [26] registered
Dec 21 19:30:49 cirros kern.info kernel: [    4.673593] acpiphp: Slot [27] registered
Dec 21 19:30:49 cirros kern.info kernel: [    4.673885] acpiphp: Slot [28] registered
Dec 21 19:30:49 cirros kern.info kernel: [    4.674207] acpiphp: Slot [29] registered
Dec 21 19:30:49 cirros kern.info kernel: [    4.674513] acpiphp: Slot [30] registered
Dec 21 19:30:49 cirros kern.info kernel: [    4.674802] acpiphp: Slot [31] registered
Dec 21 19:30:49 cirros kern.info kernel: [    4.729405] e1000: Intel(R) PRO/1000 Network Driver - version 7.3.21-k8-NAPI
Dec 21 19:30:49 cirros kern.info kernel: [    4.729459] e1000: Copyright (c) 1999-2006 Intel Corporation.
Dec 21 19:30:49 cirros kern.info kernel: [    4.770945] ne2k-pci.c:v1.03 9/22/2003 D. Becker/P. Gortmaker
Dec 21 19:30:49 cirros kern.info kernel: [    4.809754] 8139cp: 8139cp: 10/100 PCI Ethernet driver v1.3 (Mar 22, 2004)
Dec 21 19:30:49 cirros kern.info kernel: [    4.851083] pcnet32: pcnet32.c:v1.35 21.Apr.2008 tsbogend@alpha.franken.de
Dec 21 19:30:49 cirros kern.info kernel: [    4.895700] ip_tables: (C) 2000-2006 Netfilter Core Team
Dec 21 19:30:49 cirros kern.info kernel: [    5.162514] kjournald starting.  Commit interval 5 seconds
Dec 21 19:30:49 cirros kern.info kernel: [    5.170533] EXT3-fs (vda): mounted filesystem with ordered data mode
Dec 21 19:30:49 cirros kern.debug kernel: [    5.493160] ISO 9660 Extensions: Microsoft Joliet Level 3
Dec 21 19:30:49 cirros kern.debug kernel: [    5.568124] ISO 9660 Extensions: RRIP_1991A
Dec 21 19:30:51 cirros kern.debug kernel: [   12.923713] ISO 9660 Extensions: Microsoft Joliet Level 3
Dec 21 19:30:51 cirros kern.debug kernel: [   13.025304] ISO 9660 Extensions: RRIP_1991A
Dec 21 19:30:54 cirros auth.notice su: + /dev/console root:cirros
Dec 21 19:31:06 cirros kern.debug kernel: [   27.570872] eth0: no IPv6 routers present
Dec 21 19:33:58 cirros authpriv.info dropbear[283]: Running in background
############ debug end   ##############
  ____               ____  ____
 / __/ __ ____ ____ / __ \/ __/
/ /__ / // __// __// /_/ /\ \ 
\___//_//_/  /_/   \____/___/ 
   http://cirros-cloud.net


login as 'cirros' user. default password: 'cubswin:)'. use 'sudo' for root.
tempest login: 
2015-12-21 19:35:41,938 20439 INFO     [tempest_lib.common.rest_client] Request (TestGettingAddress:_run_cleanups): 204 DELETE http://10.0.2.15:9696/v2.0/floatingips/5c6c918a-630f-475e-a289-713cb9f743ab 0.330s
2015-12-21 19:35:41,940 20439 DEBUG    [tempest_lib.common.rest_client] Request - Headers: {'Content-Type': 'application/json', 'Accept': 'application/json', 'X-Auth-Token': '&lt;omitted&gt;'}
        Body: None
    Response - Headers: {'date': 'Mon, 21 Dec 2015 19:35:41 GMT', 'status': '204', 'connection': 'close', 'content-length': '0', 'x-openstack-request-id': 'req-fbe70d6d-09e2-4bad-bbd2-3d453dc5b676'}
        Body: 
2015-12-21 19:35:42,169 20439 INFO     [tempest_lib.common.rest_client] Request (TestGettingAddress:_run_cleanups): 204 DELETE http://10.0.2.15:8774/v2.1/1765797202fd4bc5adf3b8d087dbe735/servers/f0d9a11b-a109-4e97-be49-c91c9e2ec019 0.228s
2015-12-21 19:35:42,169 20439 DEBUG    [tempest_lib.common.rest_client] Request - Headers: {'Content-Type': 'application/json', 'Accept': 'application/json', 'X-Auth-Token': '&lt;omitted&gt;'}
        Body: None
    Response - Headers: {'status': '204', 'content-length': '0', 'x-compute-request-id': 'req-f271a930-29e3-4e82-82cd-3e01ea49474f', 'vary': 'X-OpenStack-Nova-API-Version', 'connection': 'close', 'x-openstack-nova-api-version': '2.1', 'date': 'Mon, 21 Dec 2015 19:35:42 GMT', 'content-type': 'application/json'}
        Body: 
2015-12-21 19:35:42,494 20439 INFO     [tempest_lib.common.rest_client] Request (TestGettingAddress:_run_cleanups): 200 GET http://10.0.2.15:8774/v2.1/1765797202fd4bc5adf3b8d087dbe735/servers/f0d9a11b-a109-4e97-be49-c91c9e2ec019 0.324s
2015-12-21 19:35:42,494 20439 DEBUG    [tempest_lib.common.rest_client] Request - Headers: {'Content-Type': 'application/json', 'Accept': 'application/json', 'X-Auth-Token': '&lt;omitted&gt;'}
        Body: None
    Response - Headers: {'status': '200', 'content-length': '1903', 'content-location': 'http://10.0.2.15:8774/v2.1/1765797202fd4bc5adf3b8d087dbe735/servers/f0d9a11b-a109-4e97-be49-c91c9e2ec019', 'x-compute-request-id': 'req-764af0a5-06b8-4e90-87a4-94bb58fd95b9', 'vary': 'X-OpenStack-Nova-API-Version', 'connection': 'close', 'x-openstack-nova-api-version': '2.1', 'date': 'Mon, 21 Dec 2015 19:35:42 GMT', 'content-type': 'application/json'}
        Body: {"server": {"status": "ACTIVE", "updated": "2015-12-21T19:35:42Z", "hostId": "ef0d388071bb92b53dc7d4d2e3984df398d1e18e10530a5bfb75df01", "addresses": {"tempest-network-smoke--1217614498": [{"OS-EXT-IPS-MAC:mac_addr": "fa:16:3e:11:bd:23", "version": 4, "addr": "10.100.0.3", "OS-EXT-IPS:type": "fixed"}, {"OS-EXT-IPS-MAC:mac_addr": "fa:16:3e:11:bd:23", "version": 6, "addr": "2003::f816:3eff:fe11:bd23", "OS-EXT-IPS:type": "fixed"}, {"OS-EXT-IPS-MAC:mac_addr": "fa:16:3e:11:bd:23", "version": 4, "addr": "172.24.4.4", "OS-EXT-IPS:type": "floating"}]}, "links": [{"href": "http://10.0.2.15:8774/v2.1/1765797202fd4bc5adf3b8d087dbe735/servers/f0d9a11b-a109-4e97-be49-c91c9e2ec019", "rel": "self"}, {"href": "http://10.0.2.15:8774/1765797202fd4bc5adf3b8d087dbe735/servers/f0d9a11b-a109-4e97-be49-c91c9e2ec019", "rel": "bookmark"}], "key_name": "tempest-TestGettingAddress-943073723", "image": {"id": "dac57d70-fab2-400d-8856-cc5fc8cb2606", "links": [{"href": "http://10.0.2.15:8774/1765797202fd4bc5adf3b8d087dbe735/images/dac57d70-fab2-400d-8856-cc5fc8cb2606", "rel": "bookmark"}]}, "OS-EXT-STS:task_state": "deleting", "OS-EXT-STS:vm_state": "active", "OS-SRV-USG:launched_at": "2015-12-21T19:30:35.000000", "flavor": {"id": "42", "links": [{"href": "http://10.0.2.15:8774/1765797202fd4bc5adf3b8d087dbe735/flavors/42", "rel": "bookmark"}]}, "id": "f0d9a11b-a109-4e97-be49-c91c9e2ec019", "security_groups": [{"name": "tempest-secgroup-smoke-1330999583"}], "OS-SRV-USG:terminated_at": null, "OS-EXT-AZ:availability_zone": "nova", "user_id": "cd3c7db62d8d4cf89d66a15197f6e6e4", "name": "tempest.common.compute-instance-498603275", "created": "2015-12-21T19:30:32Z", "tenant_id": "1765797202fd4bc5adf3b8d087dbe735", "OS-DCF:diskConfig": "MANUAL", "os-extended-volumes:volumes_attached": [], "accessIPv4": "", "accessIPv6": "", "progress": 0, "OS-EXT-STS:power_state": 1, "config_drive": "True", "metadata": {}}}
2015-12-21 19:35:43,654 20439 INFO     [tempest_lib.common.rest_client] Request (TestGettingAddress:_run_cleanups): 200 GET http://10.0.2.15:8774/v2.1/1765797202fd4bc5adf3b8d087dbe735/servers/f0d9a11b-a109-4e97-be49-c91c9e2ec019 0.148s
2015-12-21 19:35:43,654 20439 DEBUG    [tempest_lib.common.rest_client] Request - Headers: {'Content-Type': 'application/json', 'Accept': 'application/json', 'X-Auth-Token': '&lt;omitted&gt;'}
        Body: None
    Response - Headers: {'status': '200', 'content-length': '1835', 'content-location': 'http://10.0.2.15:8774/v2.1/1765797202fd4bc5adf3b8d087dbe735/servers/f0d9a11b-a109-4e97-be49-c91c9e2ec019', 'x-compute-request-id': 'req-0804401f-7140-4563-bec2-8b89dd8ed5c4', 'vary': 'X-OpenStack-Nova-API-Version', 'connection': 'close', 'x-openstack-nova-api-version': '2.1', 'date': 'Mon, 21 Dec 2015 19:35:43 GMT', 'content-type': 'application/json'}
        Body: {"server": {"status": "ACTIVE", "updated": "2015-12-21T19:35:42Z", "hostId": "ef0d388071bb92b53dc7d4d2e3984df398d1e18e10530a5bfb75df01", "addresses": {"tempest-network-smoke--1217614498": [{"OS-EXT-IPS-MAC:mac_addr": "fa:16:3e:11:bd:23", "version": 4, "addr": "10.100.0.3", "OS-EXT-IPS:type": "fixed"}, {"OS-EXT-IPS-MAC:mac_addr": "fa:16:3e:11:bd:23", "version": 6, "addr": "2003::f816:3eff:fe11:bd23", "OS-EXT-IPS:type": "fixed"}, {"OS-EXT-IPS-MAC:mac_addr": "fa:16:3e:11:bd:23", "version": 4, "addr": "172.24.4.4", "OS-EXT-IPS:type": "floating"}]}, "links": [{"href": "http://10.0.2.15:8774/v2.1/1765797202fd4bc5adf3b8d087dbe735/servers/f0d9a11b-a109-4e97-be49-c91c9e2ec019", "rel": "self"}, {"href": "http://10.0.2.15:8774/1765797202fd4bc5adf3b8d087dbe735/servers/f0d9a11b-a109-4e97-be49-c91c9e2ec019", "rel": "bookmark"}], "key_name": "tempest-TestGettingAddress-943073723", "image": {"id": "dac57d70-fab2-400d-8856-cc5fc8cb2606", "links": [{"href": "http://10.0.2.15:8774/1765797202fd4bc5adf3b8d087dbe735/images/dac57d70-fab2-400d-8856-cc5fc8cb2606", "rel": "bookmark"}]}, "OS-EXT-STS:task_state": "deleting", "OS-EXT-STS:vm_state": "active", "OS-SRV-USG:launched_at": "2015-12-21T19:30:35.000000", "flavor": {"id": "42", "links": [{"href": "http://10.0.2.15:8774/1765797202fd4bc5adf3b8d087dbe735/flavors/42", "rel": "bookmark"}]}, "id": "f0d9a11b-a109-4e97-be49-c91c9e2ec019", "OS-SRV-USG:terminated_at": null, "OS-EXT-AZ:availability_zone": "nova", "user_id": "cd3c7db62d8d4cf89d66a15197f6e6e4", "name": "tempest.common.compute-instance-498603275", "created": "2015-12-21T19:30:32Z", "tenant_id": "1765797202fd4bc5adf3b8d087dbe735", "OS-DCF:diskConfig": "MANUAL", "os-extended-volumes:volumes_attached": [], "accessIPv4": "", "accessIPv6": "", "progress": 0, "OS-EXT-STS:power_state": 1, "config_drive": "True", "metadata": {}}}
2015-12-21 19:35:44,750 20439 INFO     [tempest_lib.common.rest_client] Request (TestGettingAddress:_run_cleanups): 404 GET http://10.0.2.15:8774/v2.1/1765797202fd4bc5adf3b8d087dbe735/servers/f0d9a11b-a109-4e97-be49-c91c9e2ec019 0.083s
2015-12-21 19:35:44,751 20439 DEBUG    [tempest_lib.common.rest_client] Request - Headers: {'Content-Type': 'application/json', 'Accept': 'application/json', 'X-Auth-Token': '&lt;omitted&gt;'}
        Body: None
    Response - Headers: {'status': '404', 'content-length': '111', 'x-compute-request-id': 'req-dd452ff6-1ba7-48a3-92e9-5f934eb617ab', 'vary': 'X-OpenStack-Nova-API-Version', 'connection': 'close', 'x-openstack-nova-api-version': '2.1', 'date': 'Mon, 21 Dec 2015 19:35:44 GMT', 'content-type': 'application/json; charset=UTF-8'}
        Body: {"itemNotFound": {"message": "Instance f0d9a11b-a109-4e97-be49-c91c9e2ec019 could not be found.", "code": 404}}
2015-12-21 19:35:45,095 20439 INFO     [tempest_lib.common.rest_client] Request (TestGettingAddress:_run_cleanups): 200 PUT http://10.0.2.15:9696/v2.0/routers/1880e72f-6d51-4a00-ba0e-785a2bc1f8f7/remove_router_interface 0.342s
2015-12-21 19:35:45,095 20439 DEBUG    [tempest_lib.common.rest_client] Request - Headers: {'Content-Type': 'application/json', 'Accept': 'application/json', 'X-Auth-Token': '&lt;omitted&gt;'}
        Body: {"subnet_id": "62c35549-ea7b-47f9-afca-5b26c78560b9"}
    Response - Headers: {'status': '200', 'content-length': '255', 'connection': 'close', 'date': 'Mon, 21 Dec 2015 19:35:45 GMT', 'content-type': 'application/json; charset=UTF-8', 'x-openstack-request-id': 'req-edaaa59e-e0d3-4694-a0d2-bc8c151a383b'}
        Body: {"subnet_id": "62c35549-ea7b-47f9-afca-5b26c78560b9", "tenant_id": "1765797202fd4bc5adf3b8d087dbe735", "subnet_ids": ["62c35549-ea7b-47f9-afca-5b26c78560b9"], "port_id": "fe1116ea-0acd-4b10-9a0f-9c8b9bf2ce69", "id": "1880e72f-6d51-4a00-ba0e-785a2bc1f8f7"}
2015-12-21 19:35:45,517 20439 INFO     [tempest_lib.common.rest_client] Request (TestGettingAddress:_run_cleanups): 204 DELETE http://10.0.2.15:9696/v2.0/subnets/62c35549-ea7b-47f9-afca-5b26c78560b9 0.421s
2015-12-21 19:35:45,518 20439 DEBUG    [tempest_lib.common.rest_client] Request - Headers: {'Content-Type': 'application/json', 'Accept': 'application/json', 'X-Auth-Token': '&lt;omitted&gt;'}
        Body: None
    Response - Headers: {'date': 'Mon, 21 Dec 2015 19:35:45 GMT', 'status': '204', 'connection': 'close', 'content-length': '0', 'x-openstack-request-id': 'req-6c489eef-9ffc-463c-ae6f-afc39ae41139'}
        Body: 
