<?xml version="1.0" encoding="UTF-8"?>
<!DOCTYPE html PUBLIC "-//W3C//DTD XHTML 1.0 Strict//EN"
     "http://www.w3.org/TR/xhtml1/DTD/xhtml1-strict.dtd">
<html xmlns="http://www.w3.org/1999/xhtml">
<head>
    <title>Unit Test Report</title>
    <meta name="generator" content="subunit2html 0.1"/>
    <meta http-equiv="Content-Type" content="text/html; charset=UTF-8"/>
    
<style type="text/css" media="screen">
body        { font-family: verdana, arial, helvetica, sans-serif;
    font-size: 80%; }
table       { font-size: 100%; width: 100%;}
pre         { font-size: 80%; }

/* -- heading -------------------------------------------------------------- */
h1 {
        font-size: 16pt;
        color: gray;
}
.heading {
    margin-top: 0ex;
    margin-bottom: 1ex;
}

.heading .attribute {
    margin-top: 1ex;
    margin-bottom: 0;
}

.heading .description {
    margin-top: 4ex;
    margin-bottom: 6ex;
}

/* -- css div popup -------------------------------------------------------- */
a.popup_link {
}

a.popup_link:hover {
    color: red;
}

.popup_window {
    display: none;
    overflow-x: scroll;
    /*border: solid #627173 1px; */
    padding: 10px;
    background-color: #E6E6D6;
    font-family: "Ubuntu Mono", "Lucida Console", "Courier New", monospace;
    text-align: left;
    font-size: 8pt;
}

}
/* -- report --------------------------------------------------------------- */
#show_detail_line {
    margin-top: 3ex;
    margin-bottom: 1ex;
}
#result_table {
    width: 100%;
    border-collapse: collapse;
    border: 1px solid #777;
}
#header_row {
    font-weight: bold;
    color: white;
    background-color: #777;
}
#result_table td {
    border: 1px solid #777;
    padding: 2px;
}
#total_row  { font-weight: bold; }
.passClass  { background-color: #6c6; }
.failClass  { background-color: #c60; }
.errorClass { background-color: #c00; }
.passCase   { color: #6c6; }
.failCase   { color: #c60; font-weight: bold; }
.errorCase  { color: #c00; font-weight: bold; }
.hiddenRow  { display: none; }
.testcase   { margin-left: 2em; }
td.testname {width: 40%}
td.small {width: 40px}

/* -- ending --------------------------------------------------------------- */
#ending {
}

</style>

</head>
<body>
<script language="javascript" type="text/javascript"><!--
output_list = Array();

/* level - 0:Summary; 1:Failed; 2:All */
function showCase(level) {
    trs = document.getElementsByTagName("tr");
    for (var i = 0; i < trs.length; i++) {
        tr = trs[i];
        id = tr.id;
        if (id.substr(0,2) == 'ft') {
            if (level < 1) {
                tr.className = 'hiddenRow';
            }
            else {
                tr.className = '';
            }
        }
        if (id.substr(0,2) == 'pt') {
            if (level > 1) {
                tr.className = '';
            }
            else {
                tr.className = 'hiddenRow';
            }
        }
    }
}


function showClassDetail(cid, count) {
    var id_list = Array(count);
    var toHide = 1;
    for (var i = 0; i < count; i++) {
        tid0 = 't' + cid.substr(1) + '.' + (i+1);
        tid = 'f' + tid0;
        tr = document.getElementById(tid);
        if (!tr) {
            tid = 'p' + tid0;
            tr = document.getElementById(tid);
        }
        id_list[i] = tid;
        if (tr.className) {
            toHide = 0;
        }
    }
    for (var i = 0; i < count; i++) {
        tid = id_list[i];
        if (toHide) {
            document.getElementById('div_'+tid).style.display = 'none'
            document.getElementById(tid).className = 'hiddenRow';
        }
        else {
            document.getElementById(tid).className = '';
        }
    }
}


function showTestDetail(div_id){
    var details_div = document.getElementById(div_id)
    var displayState = details_div.style.display
    // alert(displayState)
    if (displayState != 'block' ) {
        displayState = 'block'
        details_div.style.display = 'block'
    }
    else {
        details_div.style.display = 'none'
    }
}


function html_escape(s) {
    s = s.replace(/&/g,'&amp;');
    s = s.replace(/</g,'&lt;');
    s = s.replace(/>/g,'&gt;');
    return s;
}

/* obsoleted by detail in <div>
function showOutput(id, name) {
    var w = window.open("", //url
                    name,
                    "resizable,scrollbars,status,width=800,height=450");
    d = w.document;
    d.write("<pre>");
    d.write(html_escape(output_list[id]));
    d.write("\n");
    d.write("<a href='javascript:window.close()'>close</a>\n");
    d.write("</pre>\n");
    d.close();
}
*/
--></script>

<div class='heading'>
<h1>Unit Test Report</h1>

<p class='attribute'><strong>Status:</strong> Failure 8</p>

<p class='description'></p>
</div>



<p id='show_detail_line'>Show
<a href='javascript:showCase(0)'>Summary</a>
<a href='javascript:showCase(1)'>Failed</a>
<a href='javascript:showCase(2)'>All</a>
</p>
<table id='result_table'>
<colgroup>
<col align='left' />
<col align='right' />
<col align='right' />
<col align='right' />
<col align='right' />
<col align='right' />
<col align='right' />
<col align='right' />
</colgroup>
<tr id='header_row'>
    <td>Test Group/Test case</td>
    <td>Count</td>
    <td>Pass</td>
    <td>Fail</td>
    <td>Error</td>
    <td>Skip</td>
    <td>View</td>
    <td> </td>
</tr>

<tr class='failClass'>
    <td class="testname">tempest.scenario.test_network_v6.TestGettingAddress</td>
    <td class="small">8</td>
    <td class="small">0</td>
    <td class="small">8</td>
    <td class="small">0</td>
    <td class="small">0</td>
    <td class="small"><a href="javascript:showClassDetail('c1',8)"
>Detail</a></td>
    <td> </td>
</tr>

<tr id='ft1.1' class='none'>
    <td class='failCase'><div class='testcase'>test_dhcp6_stateless_from_os[compute,id-d7e1f858-187c-45a6-89c9-bdafde619a9f,network]</div></td>
    <td colspan='7' align='left'>

    <!--css div popup start-->
    <a class="popup_link" onfocus='this.blur();'
    href="javascript:showTestDetail('div_ft1.1')" >
        fail</a>

    <div id='div_ft1.1' class="popup_window">
        <div style='text-align: right; color:red;cursor:pointer'>
        <a onfocus='this.blur();'
onclick="document.getElementById('div_ft1.1').style.display = 'none' " >
           [x]</a>
        </div>
        <pre>
        
ft1.1: tempest.scenario.test_network_v6.TestGettingAddress.test_dhcp6_stateless_from_os[compute,id-d7e1f858-187c-45a6-89c9-bdafde619a9f,network]_StringException: Empty attachments:
  stderr
  stdout

pythonlogging:'': {{{
2015-12-20 09:01:35,213 20586 INFO     [tempest_lib.common.rest_client] Request (TestGettingAddress:setUp): 200 POST http://10.0.2.15:8774/v2.1/d95d19d3b72544f0ba0a0f045d85af85/os-keypairs 0.320s
2015-12-20 09:01:35,213 20586 DEBUG    [tempest_lib.common.rest_client] Request - Headers: {'Content-Type': 'application/json', 'Accept': 'application/json', 'X-Auth-Token': '&lt;omitted&gt;'}
        Body: {"keypair": {"name": "tempest-TestGettingAddress-1592056542"}}
    Response - Headers: {'status': '200', 'content-length': '2320', 'x-compute-request-id': 'req-ab7ddf22-ff5b-490c-b85f-cc0b4cb19dcc', 'vary': 'X-OpenStack-Nova-API-Version', 'connection': 'close', 'x-openstack-nova-api-version': '2.1', 'date': 'Sun, 20 Dec 2015 09:01:35 GMT', 'content-type': 'application/json'}
        Body: {"keypair": {"public_key": "ssh-rsa AAAAB3NzaC1yc2EAAAADAQABAAABAQCfdyS07kYZaqmBdGxqoyxuD0V9PggDkbPTsP4uHb3HWbTUXgPUkv37CjUOnjl55zclhvHJ5/MPB40ZaFiIu1IGdY885JHPpGZUT/VDrj/9d4pGtXFqcaNSoXIGFw0ArXOJdbPoxYK4GBPoIR8A9GMRCYoaMeRD6PH9GWyvAeIMO5V/jpsNblyu4em1MzWgNxxIBwiS/wxE5KSC/js4nLvlZZrlHyeSvcSDTNg+YOSYy8cXVw2Y4QBt2xdt1o9rQo1K7WgBrZ/xkojKhgXYbvgF4DPhixyKq4ypDyz0bATdbSwq/M31jJomhWZd8C58cISNhWHjcFulcRTqeyisWiQb Generated-by-Nova", "private_key": "-----BEGIN RSA PRIVATE KEY-----\nMIIEqAIBAAKCAQEAn3cktO5GGWqpgXRsaqMsbg9FfT4IA5Gz07D+Lh29x1m01F4D\n1JL9+wo1Dp45eec3JYbxyefzDweNGWhYiLtSBnWPPOSRz6RmVE/1Q64//XeKRrVx\nanGjUqFyBhcNAK1ziXWz6MWCuBgT6CEfAPRjEQmKGjHkQ+jx/RlsrwHiDDuVf46b\nDW5cruHptTM1oDccSAcIkv8MROSkgv47OJy75WWa5R8nkr3Eg0zYPmDkmMvHF1cN\nmOEAbdsXbdaPa0KNSu1oAa2f8ZKIyoYF2G74BeAz4YsciquMqQ8s9GwE3W0sKvzN\n9YyaJoVmXfAufHCEjYVh43BbpXEU6nsorFokGwIDAQABAoIBAGuxpxSaJrVbl4ZZ\n/i42bPcXUTK4BemDKRM6YS773wMWzkzuAWA6tVQpHJP2v5JYWKH7dKeLAleQHfae\nxcvx1f+OvWG+a8rzmDgwl89Rit2/MZ93QlVE0awoZD1ArANdIL4gw5Pcb9+sQyVt\n2OZoJc+HxcDTGPnUBDmORhwbBXKEaULfEQaIDzaauuVnREMK/YmDcFJ+WICCjYDy\nharfli/fl+JPDx9FxgPs5CNv9hghgaa1hBk+tIfgm/dilXotZQDv+nlM8lmeoNzV\nAmX56f1t6TTw3/b3K7FOVDsYlr6AzAUgEky0OUpA99NKJYSoohd2pQy0P6imfLxd\nBYYP6KECggCBALruE3d/4PW7g7F9kguUfA3JYJwjyrwmH+neOCsQzM4Zeb8J93p4\nUYPdoT0uyDDRFBzQD/ayqBffUlIpIjfbuDJt9uJE16ZSPXT+tEbJiWwcZL5GVdu4\n4thi+Uj5YApKQHK3lNHQR0OhB/xFXIi7QXeEC9bRpA883Mg2gwDT2FedAoIAgQDa\nYykrJ8s8EHBTkDRwQBGU+0FJEkZRj619Jqi8EjgUwr/JPmQ3AOYOYspaZNQ47WiH\nmKbhI2yJqToEOLSLltW2sxqv+gLEt/dueCYO8+UnRjBYOu1RbprbO2h6K+HWZTqv\nGQ89D43/JUEQTbteCjY1CeMQSlurlbp3TZUTiaDJFwKCAIADdyx3N7C0/Y/4d2qA\nunT+UHBxFJzKli5bSJpj+gDCBWjjaMzkwVxJhI9bsgVWGlo0GothOHizUJmXGlof\nDPzCOpWsJjiVRcsL4zj2YwAgN/qKKIWo+CmEd3lFqBHmvu+o8Mxag3D+yPp769FG\nW6pgC9uoVOSkv60cLR6KomLNZQKCAIEAnSdIg+ayCLonquqV4cUpIdWhCG1fLug+\nx1XfjN9rff0bOD1urmo2I1oSFfSDB6hIVXOTe2YbgADIYCtSOTVE+6Ftbf9yqI9e\nPh+1+4Klf5qxxXw6NSRryaG5sFkNvlPAZCqbXaxo2Ze8d3gIgkbE9Wv0+08XIqWv\ntpSc159tlecCggCAWWZy4UuCipXhi1b0gStHYJxpWB3yBGPLV76iq1M8rt6llgU2\n3LHPRKrajaxN/5+Txpy8RfIvSe0HUV+jBAAfPhS1mLPG0lUTuLWYYnhfhqU/QYHK\nZuPILPSyREQuJf0dcLw+foL+Wdw6hC0/lmJJ6X85Rh8Ls8ZmIsnjj2Q4Grw=\n-----END RSA PRIVATE KEY-----\n", "user_id": "59501ab2703849988fa73c1a1769c50a", "name": "tempest-TestGettingAddress-1592056542", "fingerprint": "a8:c5:58:90:c9:5b:ab:99:c7:d8:6c:0f:7e:51:c8:21"}}
2015-12-20 09:01:35,541 20586 INFO     [tempest_lib.common.rest_client] Request (TestGettingAddress:setUp): 201 POST http://10.0.2.15:9696/v2.0/security-groups 0.322s
2015-12-20 09:01:35,542 20586 DEBUG    [tempest_lib.common.rest_client] Request - Headers: {'Content-Type': 'application/json', 'Accept': 'application/json', 'X-Auth-Token': '&lt;omitted&gt;'}
        Body: {"security_group": {"tenant_id": "d95d19d3b72544f0ba0a0f045d85af85", "description": "tempest-secgroup-smoke-985592470 description", "name": "tempest-secgroup-smoke-985592470"}}
    Response - Headers: {'status': '201', 'content-length': '886', 'connection': 'close', 'date': 'Sun, 20 Dec 2015 09:01:35 GMT', 'content-type': 'application/json; charset=UTF-8', 'x-openstack-request-id': 'req-f03c1f0c-a144-4101-ad2e-5ffbe6b218b7'}
        Body: {"security_group": {"tenant_id": "d95d19d3b72544f0ba0a0f045d85af85", "description": "tempest-secgroup-smoke-985592470 description", "id": "10b6a781-0911-4698-9f9c-e2ecfe9a108c", "security_group_rules": [{"remote_group_id": null, "direction": "egress", "remote_ip_prefix": null, "protocol": null, "ethertype": "IPv4", "tenant_id": "d95d19d3b72544f0ba0a0f045d85af85", "port_range_max": null, "port_range_min": null, "id": "2ecab2eb-5095-4b6c-a80e-3fdba65f3a3e", "security_group_id": "10b6a781-0911-4698-9f9c-e2ecfe9a108c"}, {"remote_group_id": null, "direction": "egress", "remote_ip_prefix": null, "protocol": null, "ethertype": "IPv6", "tenant_id": "d95d19d3b72544f0ba0a0f045d85af85", "port_range_max": null, "port_range_min": null, "id": "03ea8942-11f5-4fd4-acfd-b72346b4714f", "security_group_id": "10b6a781-0911-4698-9f9c-e2ecfe9a108c"}], "name": "tempest-secgroup-smoke-985592470"}}
2015-12-20 09:01:35,657 20586 INFO     [tempest_lib.common.rest_client] Request (TestGettingAddress:setUp): 201 POST http://10.0.2.15:9696/v2.0/security-group-rules 0.114s
2015-12-20 09:01:35,657 20586 DEBUG    [tempest_lib.common.rest_client] Request - Headers: {'Content-Type': 'application/json', 'Accept': 'application/json', 'X-Auth-Token': '&lt;omitted&gt;'}
        Body: {"security_group_rule": {"direction": "ingress", "protocol": "tcp", "tenant_id": "d95d19d3b72544f0ba0a0f045d85af85", "port_range_max": 22, "security_group_id": "10b6a781-0911-4698-9f9c-e2ecfe9a108c", "port_range_min": 22}}
    Response - Headers: {'status': '201', 'content-length': '340', 'connection': 'close', 'date': 'Sun, 20 Dec 2015 09:01:35 GMT', 'content-type': 'application/json; charset=UTF-8', 'x-openstack-request-id': 'req-3af8be68-3d88-406e-918c-6eb6345fe1ab'}
        Body: {"security_group_rule": {"remote_group_id": null, "direction": "ingress", "remote_ip_prefix": null, "protocol": "tcp", "ethertype": "IPv4", "tenant_id": "d95d19d3b72544f0ba0a0f045d85af85", "port_range_max": 22, "port_range_min": 22, "id": "49a2f5b0-e093-4659-88ee-8676b75a9d77", "security_group_id": "10b6a781-0911-4698-9f9c-e2ecfe9a108c"}}
2015-12-20 09:01:35,772 20586 INFO     [tempest_lib.common.rest_client] Request (TestGettingAddress:setUp): 201 POST http://10.0.2.15:9696/v2.0/security-group-rules 0.113s
2015-12-20 09:01:35,773 20586 DEBUG    [tempest_lib.common.rest_client] Request - Headers: {'Content-Type': 'application/json', 'Accept': 'application/json', 'X-Auth-Token': '&lt;omitted&gt;'}
        Body: {"security_group_rule": {"direction": "egress", "protocol": "tcp", "tenant_id": "d95d19d3b72544f0ba0a0f045d85af85", "port_range_max": 22, "security_group_id": "10b6a781-0911-4698-9f9c-e2ecfe9a108c", "port_range_min": 22}}
    Response - Headers: {'status': '201', 'content-length': '339', 'connection': 'close', 'date': 'Sun, 20 Dec 2015 09:01:35 GMT', 'content-type': 'application/json; charset=UTF-8', 'x-openstack-request-id': 'req-b4eb1e25-0912-46c2-8394-740a6d9707d1'}
        Body: {"security_group_rule": {"remote_group_id": null, "direction": "egress", "remote_ip_prefix": null, "protocol": "tcp", "ethertype": "IPv4", "tenant_id": "d95d19d3b72544f0ba0a0f045d85af85", "port_range_max": 22, "port_range_min": 22, "id": "a250c2ab-8865-472e-90ce-a14c3efbddcc", "security_group_id": "10b6a781-0911-4698-9f9c-e2ecfe9a108c"}}
2015-12-20 09:01:35,886 20586 INFO     [tempest_lib.common.rest_client] Request (TestGettingAddress:setUp): 201 POST http://10.0.2.15:9696/v2.0/security-group-rules 0.111s
2015-12-20 09:01:35,887 20586 DEBUG    [tempest_lib.common.rest_client] Request - Headers: {'Content-Type': 'application/json', 'Accept': 'application/json', 'X-Auth-Token': '&lt;omitted&gt;'}
        Body: {"security_group_rule": {"tenant_id": "d95d19d3b72544f0ba0a0f045d85af85", "direction": "ingress", "protocol": "icmp", "security_group_id": "10b6a781-0911-4698-9f9c-e2ecfe9a108c"}}
    Response - Headers: {'status': '201', 'content-length': '345', 'connection': 'close', 'date': 'Sun, 20 Dec 2015 09:01:35 GMT', 'content-type': 'application/json; charset=UTF-8', 'x-openstack-request-id': 'req-5c2244f7-d5e7-4e9a-8ce8-888dc5bea849'}
        Body: {"security_group_rule": {"remote_group_id": null, "direction": "ingress", "remote_ip_prefix": null, "protocol": "icmp", "ethertype": "IPv4", "tenant_id": "d95d19d3b72544f0ba0a0f045d85af85", "port_range_max": null, "port_range_min": null, "id": "5d71b60e-bc11-4ea2-a580-a8414d16a254", "security_group_id": "10b6a781-0911-4698-9f9c-e2ecfe9a108c"}}
2015-12-20 09:01:36,135 20586 INFO     [tempest_lib.common.rest_client] Request (TestGettingAddress:setUp): 201 POST http://10.0.2.15:9696/v2.0/security-group-rules 0.246s
2015-12-20 09:01:36,135 20586 DEBUG    [tempest_lib.common.rest_client] Request - Headers: {'Content-Type': 'application/json', 'Accept': 'application/json', 'X-Auth-Token': '&lt;omitted&gt;'}
        Body: {"security_group_rule": {"tenant_id": "d95d19d3b72544f0ba0a0f045d85af85", "direction": "egress", "protocol": "icmp", "security_group_id": "10b6a781-0911-4698-9f9c-e2ecfe9a108c"}}
    Response - Headers: {'status': '201', 'content-length': '344', 'connection': 'close', 'date': 'Sun, 20 Dec 2015 09:01:36 GMT', 'content-type': 'application/json; charset=UTF-8', 'x-openstack-request-id': 'req-ea55d624-3d9f-432e-96b4-15f57977d22b'}
        Body: {"security_group_rule": {"remote_group_id": null, "direction": "egress", "remote_ip_prefix": null, "protocol": "icmp", "ethertype": "IPv4", "tenant_id": "d95d19d3b72544f0ba0a0f045d85af85", "port_range_max": null, "port_range_min": null, "id": "8f20c438-a299-4dc4-bf39-4dc33b3d78ae", "security_group_id": "10b6a781-0911-4698-9f9c-e2ecfe9a108c"}}
2015-12-20 09:01:36,262 20586 INFO     [tempest_lib.common.rest_client] Request (TestGettingAddress:setUp): 201 POST http://10.0.2.15:9696/v2.0/security-group-rules 0.125s
2015-12-20 09:01:36,263 20586 DEBUG    [tempest_lib.common.rest_client] Request - Headers: {'Content-Type': 'application/json', 'Accept': 'application/json', 'X-Auth-Token': '&lt;omitted&gt;'}
        Body: {"security_group_rule": {"tenant_id": "d95d19d3b72544f0ba0a0f045d85af85", "direction": "ingress", "security_group_id": "10b6a781-0911-4698-9f9c-e2ecfe9a108c", "protocol": "icmp", "ethertype": "IPv6"}}
    Response - Headers: {'status': '201', 'content-length': '345', 'connection': 'close', 'date': 'Sun, 20 Dec 2015 09:01:36 GMT', 'content-type': 'application/json; charset=UTF-8', 'x-openstack-request-id': 'req-70c2bf86-9d58-416b-91df-b7c6b2dca46a'}
        Body: {"security_group_rule": {"remote_group_id": null, "direction": "ingress", "remote_ip_prefix": null, "protocol": "icmp", "ethertype": "IPv6", "tenant_id": "d95d19d3b72544f0ba0a0f045d85af85", "port_range_max": null, "port_range_min": null, "id": "0834789d-041b-474c-b13d-7269cba25354", "security_group_id": "10b6a781-0911-4698-9f9c-e2ecfe9a108c"}}
2015-12-20 09:01:36,373 20586 INFO     [tempest_lib.common.rest_client] Request (TestGettingAddress:setUp): 201 POST http://10.0.2.15:9696/v2.0/security-group-rules 0.108s
2015-12-20 09:01:36,373 20586 DEBUG    [tempest_lib.common.rest_client] Request - Headers: {'Content-Type': 'application/json', 'Accept': 'application/json', 'X-Auth-Token': '&lt;omitted&gt;'}
        Body: {"security_group_rule": {"tenant_id": "d95d19d3b72544f0ba0a0f045d85af85", "direction": "egress", "security_group_id": "10b6a781-0911-4698-9f9c-e2ecfe9a108c", "protocol": "icmp", "ethertype": "IPv6"}}
    Response - Headers: {'status': '201', 'content-length': '344', 'connection': 'close', 'date': 'Sun, 20 Dec 2015 09:01:36 GMT', 'content-type': 'application/json; charset=UTF-8', 'x-openstack-request-id': 'req-e406cabb-d210-4838-b07e-2d50a975b2f9'}
        Body: {"security_group_rule": {"remote_group_id": null, "direction": "egress", "remote_ip_prefix": null, "protocol": "icmp", "ethertype": "IPv6", "tenant_id": "d95d19d3b72544f0ba0a0f045d85af85", "port_range_max": null, "port_range_min": null, "id": "461cb4ca-e719-462f-83a6-a2d9025d6fe9", "security_group_id": "10b6a781-0911-4698-9f9c-e2ecfe9a108c"}}
2015-12-20 09:01:36,499 20586 INFO     [tempest_lib.common.rest_client] Request (TestGettingAddress:test_dhcp6_stateless_from_os): 201 POST http://10.0.2.15:9696/v2.0/networks 0.124s
2015-12-20 09:01:36,500 20586 DEBUG    [tempest_lib.common.rest_client] Request - Headers: {'Content-Type': 'application/json', 'Accept': 'application/json', 'X-Auth-Token': '&lt;omitted&gt;'}
        Body: {"network": {"tenant_id": "d95d19d3b72544f0ba0a0f045d85af85", "name": "tempest-network-smoke--1143237212"}}
    Response - Headers: {'status': '201', 'content-length': '296', 'connection': 'close', 'date': 'Sun, 20 Dec 2015 09:01:36 GMT', 'content-type': 'application/json; charset=UTF-8', 'x-openstack-request-id': 'req-a0dad565-4ae7-4b71-9a91-4448424424d6'}
        Body: {"network": {"status": "ACTIVE", "subnets": [], "name": "tempest-network-smoke--1143237212", "admin_state_up": true, "tenant_id": "d95d19d3b72544f0ba0a0f045d85af85", "mtu": 0, "router:external": false, "shared": false, "port_security_enabled": true, "id": "5a13b0e9-8dde-40e5-9645-e16a676c481d"}}
2015-12-20 09:01:36,664 20586 INFO     [tempest_lib.common.rest_client] Request (TestGettingAddress:test_dhcp6_stateless_from_os): 200 GET http://10.0.2.15:9696/v2.0/subnets?tenant_id=d95d19d3b72544f0ba0a0f045d85af85&amp;cidr=10.100.0.0%2F28 0.163s
2015-12-20 09:01:36,665 20586 DEBUG    [tempest_lib.common.rest_client] Request - Headers: {'Content-Type': 'application/json', 'Accept': 'application/json', 'X-Auth-Token': '&lt;omitted&gt;'}
        Body: None
    Response - Headers: {'status': '200', 'content-length': '15', 'content-location': 'http://10.0.2.15:9696/v2.0/subnets?tenant_id=d95d19d3b72544f0ba0a0f045d85af85&amp;cidr=10.100.0.0%2F28', 'connection': 'close', 'date': 'Sun, 20 Dec 2015 09:01:36 GMT', 'content-type': 'application/json; charset=UTF-8', 'x-openstack-request-id': 'req-3f3a640e-1546-4598-a91e-9e5b68beca54'}
        Body: {"subnets": []}
2015-12-20 09:01:36,937 20586 INFO     [tempest_lib.common.rest_client] Request (TestGettingAddress:test_dhcp6_stateless_from_os): 201 POST http://10.0.2.15:9696/v2.0/subnets 0.271s
2015-12-20 09:01:36,938 20586 DEBUG    [tempest_lib.common.rest_client] Request - Headers: {'Content-Type': 'application/json', 'Accept': 'application/json', 'X-Auth-Token': '&lt;omitted&gt;'}
        Body: {"subnet": {"ip_version": 4, "tenant_id": "d95d19d3b72544f0ba0a0f045d85af85", "cidr": "10.100.0.0/28", "network_id": "5a13b0e9-8dde-40e5-9645-e16a676c481d", "name": "tempest-sub4-1552665713"}}
    Response - Headers: {'status': '201', 'content-length': '470', 'connection': 'close', 'date': 'Sun, 20 Dec 2015 09:01:36 GMT', 'content-type': 'application/json; charset=UTF-8', 'x-openstack-request-id': 'req-9d95021c-6afb-4979-abd1-890c9e429969'}
        Body: {"subnet": {"name": "tempest-sub4-1552665713", "enable_dhcp": true, "network_id": "5a13b0e9-8dde-40e5-9645-e16a676c481d", "tenant_id": "d95d19d3b72544f0ba0a0f045d85af85", "dns_nameservers": [], "gateway_ip": "10.100.0.1", "ipv6_ra_mode": null, "allocation_pools": [{"start": "10.100.0.2", "end": "10.100.0.14"}], "host_routes": [], "ip_version": 4, "ipv6_address_mode": null, "cidr": "10.100.0.0/28", "id": "77522691-18d4-4095-9dca-4da7872d461b", "subnetpool_id": null}}
2015-12-20 09:01:37,000 20586 INFO     [tempest_lib.common.rest_client] Request (TestGettingAddress:test_dhcp6_stateless_from_os): 201 POST http://10.0.2.15:9696/v2.0/routers 0.061s
2015-12-20 09:01:37,002 20586 DEBUG    [tempest_lib.common.rest_client] Request - Headers: {'Content-Type': 'application/json', 'Accept': 'application/json', 'X-Auth-Token': '&lt;omitted&gt;'}
        Body: {"router": {"tenant_id": "d95d19d3b72544f0ba0a0f045d85af85", "name": "tempest-router-smoke-2062110873", "admin_state_up": true}}
    Response - Headers: {'status': '201', 'content-length': '239', 'connection': 'close', 'date': 'Sun, 20 Dec 2015 09:01:36 GMT', 'content-type': 'application/json; charset=UTF-8', 'x-openstack-request-id': 'req-7a3b6347-930b-470c-a4af-f1811a6d52cc'}
        Body: {"router": {"status": "ACTIVE", "external_gateway_info": null, "name": "tempest-router-smoke-2062110873", "admin_state_up": true, "tenant_id": "d95d19d3b72544f0ba0a0f045d85af85", "routes": [], "id": "b7773a7e-f9be-4f30-a568-8a6afd9d92f7"}}
2015-12-20 09:01:37,046 20586 INFO     [tempest_lib.common.rest_client] Request (TestGettingAddress:test_dhcp6_stateless_from_os): 200 GET http://10.0.2.15:9696/v2.0/routers/b7773a7e-f9be-4f30-a568-8a6afd9d92f7 0.043s
2015-12-20 09:01:37,047 20586 DEBUG    [tempest_lib.common.rest_client] Request - Headers: {'Content-Type': 'application/json', 'Accept': 'application/json', 'X-Auth-Token': '&lt;omitted&gt;'}
        Body: None
    Response - Headers: {'status': '200', 'content-length': '239', 'content-location': 'http://10.0.2.15:9696/v2.0/routers/b7773a7e-f9be-4f30-a568-8a6afd9d92f7', 'connection': 'close', 'date': 'Sun, 20 Dec 2015 09:01:37 GMT', 'content-type': 'application/json; charset=UTF-8', 'x-openstack-request-id': 'req-0b833036-f481-45c3-8380-dd2f823c3c4d'}
        Body: {"router": {"status": "ACTIVE", "external_gateway_info": null, "name": "tempest-router-smoke-2062110873", "admin_state_up": true, "tenant_id": "d95d19d3b72544f0ba0a0f045d85af85", "routes": [], "id": "b7773a7e-f9be-4f30-a568-8a6afd9d92f7"}}
2015-12-20 09:01:37,603 20586 INFO     [tempest_lib.common.rest_client] Request (TestGettingAddress:test_dhcp6_stateless_from_os): 200 PUT http://10.0.2.15:9696/v2.0/routers/b7773a7e-f9be-4f30-a568-8a6afd9d92f7 0.556s
2015-12-20 09:01:37,604 20586 DEBUG    [tempest_lib.common.rest_client] Request - Headers: {'Content-Type': 'application/json', 'Accept': 'application/json', 'X-Auth-Token': '&lt;omitted&gt;'}
        Body: {"router": {"external_gateway_info": {"network_id": "5adeaf7d-89fa-4554-b899-1e916d6cf392"}, "name": "tempest-router-smoke-2062110873", "admin_state_up": true}}
    Response - Headers: {'status': '200', 'content-length': '501', 'connection': 'close', 'date': 'Sun, 20 Dec 2015 09:01:37 GMT', 'content-type': 'application/json; charset=UTF-8', 'x-openstack-request-id': 'req-d00e1d8c-c778-4f7b-b2bf-bcd9fec84273'}
        Body: {"router": {"status": "ACTIVE", "external_gateway_info": {"network_id": "5adeaf7d-89fa-4554-b899-1e916d6cf392", "enable_snat": true, "external_fixed_ips": [{"subnet_id": "a7b31709-bfa0-46f0-8953-82b91175708e", "ip_address": "172.24.4.3"}, {"subnet_id": "aedfa8e1-8b7d-4dc1-a29e-7837fabee345", "ip_address": "2001:db8::3"}]}, "name": "tempest-router-smoke-2062110873", "admin_state_up": true, "tenant_id": "d95d19d3b72544f0ba0a0f045d85af85", "routes": [], "id": "b7773a7e-f9be-4f30-a568-8a6afd9d92f7"}}
2015-12-20 09:01:37,995 20586 INFO     [tempest_lib.common.rest_client] Request (TestGettingAddress:test_dhcp6_stateless_from_os): 200 PUT http://10.0.2.15:9696/v2.0/routers/b7773a7e-f9be-4f30-a568-8a6afd9d92f7/add_router_interface 0.390s
2015-12-20 09:01:37,996 20586 DEBUG    [tempest_lib.common.rest_client] Request - Headers: {'Content-Type': 'application/json', 'Accept': 'application/json', 'X-Auth-Token': '&lt;omitted&gt;'}
        Body: {"subnet_id": "77522691-18d4-4095-9dca-4da7872d461b"}
    Response - Headers: {'status': '200', 'content-length': '255', 'connection': 'close', 'date': 'Sun, 20 Dec 2015 09:01:37 GMT', 'content-type': 'application/json; charset=UTF-8', 'x-openstack-request-id': 'req-eff116bf-b4f4-4d97-835a-c771dd3ce199'}
        Body: {"subnet_id": "77522691-18d4-4095-9dca-4da7872d461b", "tenant_id": "d95d19d3b72544f0ba0a0f045d85af85", "subnet_ids": ["77522691-18d4-4095-9dca-4da7872d461b"], "port_id": "5c4b1845-c609-4f18-9dcd-b86259b7b2a7", "id": "b7773a7e-f9be-4f30-a568-8a6afd9d92f7"}
2015-12-20 09:01:38,023 20586 INFO     [tempest_lib.common.rest_client] Request (TestGettingAddress:test_dhcp6_stateless_from_os): 200 GET http://10.0.2.15:9696/v2.0/subnets?tenant_id=d95d19d3b72544f0ba0a0f045d85af85&amp;cidr=2003%3A%3A%2F64 0.026s
2015-12-20 09:01:38,023 20586 DEBUG    [tempest_lib.common.rest_client] Request - Headers: {'Content-Type': 'application/json', 'Accept': 'application/json', 'X-Auth-Token': '&lt;omitted&gt;'}
        Body: None
    Response - Headers: {'status': '200', 'content-length': '15', 'content-location': 'http://10.0.2.15:9696/v2.0/subnets?tenant_id=d95d19d3b72544f0ba0a0f045d85af85&amp;cidr=2003%3A%3A%2F64', 'connection': 'close', 'date': 'Sun, 20 Dec 2015 09:01:38 GMT', 'content-type': 'application/json; charset=UTF-8', 'x-openstack-request-id': 'req-2c2890e3-3dc6-47f5-93b4-26d20c299e87'}
        Body: {"subnets": []}
2015-12-20 09:01:38,273 20586 INFO     [tempest_lib.common.rest_client] Request (TestGettingAddress:test_dhcp6_stateless_from_os): 201 POST http://10.0.2.15:9696/v2.0/subnets 0.249s
2015-12-20 09:01:38,273 20586 DEBUG    [tempest_lib.common.rest_client] Request - Headers: {'Content-Type': 'application/json', 'Accept': 'application/json', 'X-Auth-Token': '&lt;omitted&gt;'}
        Body: {"subnet": {"name": "tempest-sub6-135296870", "network_id": "5a13b0e9-8dde-40e5-9645-e16a676c481d", "tenant_id": "d95d19d3b72544f0ba0a0f045d85af85", "ipv6_ra_mode": "dhcpv6-stateless", "ip_version": 6, "ipv6_address_mode": "dhcpv6-stateless", "cidr": "2003::/64"}}
    Response - Headers: {'status': '201', 'content-length': '501', 'connection': 'close', 'date': 'Sun, 20 Dec 2015 09:01:38 GMT', 'content-type': 'application/json; charset=UTF-8', 'x-openstack-request-id': 'req-bdee768e-2592-4de0-a170-c386c09d314a'}
        Body: {"subnet": {"name": "tempest-sub6-135296870", "enable_dhcp": true, "network_id": "5a13b0e9-8dde-40e5-9645-e16a676c481d", "tenant_id": "d95d19d3b72544f0ba0a0f045d85af85", "dns_nameservers": [], "gateway_ip": "2003::1", "ipv6_ra_mode": "dhcpv6-stateless", "allocation_pools": [{"start": "2003::2", "end": "2003::ffff:ffff:ffff:ffff"}], "host_routes": [], "ip_version": 6, "ipv6_address_mode": "dhcpv6-stateless", "cidr": "2003::/64", "id": "16a78470-cc27-4927-a1af-4c67531e630e", "subnetpool_id": null}}
2015-12-20 09:01:38,827 20586 INFO     [tempest_lib.common.rest_client] Request (TestGettingAddress:test_dhcp6_stateless_from_os): 200 PUT http://10.0.2.15:9696/v2.0/routers/b7773a7e-f9be-4f30-a568-8a6afd9d92f7/add_router_interface 0.552s
2015-12-20 09:01:38,827 20586 DEBUG    [tempest_lib.common.rest_client] Request - Headers: {'Content-Type': 'application/json', 'Accept': 'application/json', 'X-Auth-Token': '&lt;omitted&gt;'}
        Body: {"subnet_id": "16a78470-cc27-4927-a1af-4c67531e630e"}
    Response - Headers: {'status': '200', 'content-length': '255', 'connection': 'close', 'date': 'Sun, 20 Dec 2015 09:01:38 GMT', 'content-type': 'application/json; charset=UTF-8', 'x-openstack-request-id': 'req-c4bc79f3-e6a1-4cde-836e-bf7133f1f5e6'}
        Body: {"subnet_id": "16a78470-cc27-4927-a1af-4c67531e630e", "tenant_id": "d95d19d3b72544f0ba0a0f045d85af85", "subnet_ids": ["16a78470-cc27-4927-a1af-4c67531e630e"], "port_id": "a904da15-cdbe-4d60-a6fa-0c6f831b0968", "id": "b7773a7e-f9be-4f30-a568-8a6afd9d92f7"}
2015-12-20 09:01:38,936 20586 INFO     [tempest_lib.common.rest_client] Request (TestGettingAddress:test_dhcp6_stateless_from_os): 200 POST http://10.0.2.15:5000/v2.0/tokens
2015-12-20 09:01:38,936 20586 DEBUG    [tempest_lib.common.rest_client] Request - Headers: {'Content-Type': 'application/json', 'Accept': 'application/json'}
        Body: &lt;omitted&gt;
    Response - Headers: {'status': '200', 'content-length': '2526', 'vary': 'X-Auth-Token', 'server': 'Apache/2.4.7 (Ubuntu)', 'connection': 'close', 'date': 'Sun, 20 Dec 2015 09:01:38 GMT', 'content-type': 'application/json', 'x-openstack-request-id': 'req-3450c825-a6f3-4c2d-8e39-2333d4925006'}
        Body: {"access": {"token": {"issued_at": "2015-12-20T09:01:38.923196", "expires": "2015-12-20T10:01:38Z", "id": "1259741fe3b04472a929fff63126cd02", "tenant": {"description": "tempest-TestGettingAddress-1966814605-desc", "enabled": true, "id": "d95d19d3b72544f0ba0a0f045d85af85", "name": "tempest-TestGettingAddress-1966814605"}, "audit_ids": ["wavijhXGSH6MZzfG43R5ow"]}, "serviceCatalog": [{"endpoints": [{"adminURL": "http://10.0.2.15:8774/v2.1/d95d19d3b72544f0ba0a0f045d85af85", "region": "RegionOne", "internalURL": "http://10.0.2.15:8774/v2.1/d95d19d3b72544f0ba0a0f045d85af85", "id": "5e353d2ca32e4a62a18d99f4d1a23fb9", "publicURL": "http://10.0.2.15:8774/v2.1/d95d19d3b72544f0ba0a0f045d85af85"}], "endpoints_links": [], "type": "compute", "name": "nova"}, {"endpoints": [{"adminURL": "http://10.0.2.15:9696/", "region": "RegionOne", "internalURL": "http://10.0.2.15:9696/", "id": "6756e743b02849e5a0e5c94420f05270", "publicURL": "http://10.0.2.15:9696/"}], "endpoints_links": [], "type": "network", "name": "neutron"}, {"endpoints": [{"adminURL": "http://10.0.2.15:9292", "region": "RegionOne", "internalURL": "http://10.0.2.15:9292", "id": "00eb09388605474a8e875fe4457c39e8", "publicURL": "http://10.0.2.15:9292"}], "endpoints_links": [], "type": "image", "name": "glance"}, {"endpoints": [{"adminURL": "http://10.0.2.15:8774/v2/d95d19d3b72544f0ba0a0f045d85af85", "region": "RegionOne", "internalURL": "http://10.0.2.15:8774/v2/d95d19d3b72544f0ba0a0f045d85af85", "id": "1efc57a4eee34c869d29c6e3b3b0deb1", "publicURL": "http://10.0.2.15:8774/v2/d95d19d3b72544f0ba0a0f045d85af85"}], "endpoints_links": [], "type": "compute_legacy", "name": "nova_legacy"}, {"endpoints": [{"adminURL": "http://10.0.2.15:8773/", "region": "RegionOne", "internalURL": "http://10.0.2.15:8773/", "id": "4aa80e796ab44c068de31eb91c3d4e27", "publicURL": "http://10.0.2.15:8773/"}], "endpoints_links": [], "type": "ec2", "name": "ec2"}, {"endpoints": [{"adminURL": "http://10.0.2.15:35357/v2.0", "region": "RegionOne", "internalURL": "http://10.0.2.15:5000/v2.0", "id": "18185d8f29ac4225ac239d14cfa6ba90", "publicURL": "http://10.0.2.15:5000/v2.0"}], "endpoints_links": [], "type": "identity", "name": "keystone"}], "user": {"username": "tempest-TestGettingAddress-1027126476", "roles_links": [], "id": "59501ab2703849988fa73c1a1769c50a", "roles": [{"name": "_member_"}, {"name": "Member"}], "name": "tempest-TestGettingAddress-1027126476"}, "metadata": {"is_admin": 0, "roles": ["9fe2ff9ee4384b1894a90878d3e92bab", "a8603228352548eeb02e31e02315777e"]}}}
2015-12-20 09:01:38,943 20586 DEBUG    [tempest.common.fixed_network] (TestGettingAddress:test_dhcp6_stateless_from_os) No valid network provided or created, defaulting to fixed_network_name
2015-12-20 09:01:39,277 20586 INFO     [tempest_lib.common.rest_client] Request (TestGettingAddress:test_dhcp6_stateless_from_os): 200 GET http://10.0.2.15:8774/v2.1/d95d19d3b72544f0ba0a0f045d85af85/os-networks 0.333s
2015-12-20 09:01:39,278 20586 DEBUG    [tempest_lib.common.rest_client] Request - Headers: {'Content-Type': 'application/json', 'Accept': 'application/json', 'X-Auth-Token': '&lt;omitted&gt;'}
        Body: None
    Response - Headers: {'status': '200', 'content-length': '479', 'content-location': 'http://10.0.2.15:8774/v2.1/d95d19d3b72544f0ba0a0f045d85af85/os-networks', 'x-compute-request-id': 'req-ca8be592-018d-4adc-ab03-ae75103859e5', 'vary': 'X-OpenStack-Nova-API-Version', 'connection': 'close', 'x-openstack-nova-api-version': '2.1', 'date': 'Sun, 20 Dec 2015 09:01:39 GMT', 'content-type': 'application/json'}
        Body: {"networks": [{"cidr_v6": null, "dns2": null, "dns1": null, "gateway": null, "broadcast": null, "netmask": null, "gateway_v6": null, "cidr": null, "label": "public", "id": "5adeaf7d-89fa-4554-b899-1e916d6cf392", "netmask_v6": null}, {"cidr_v6": null, "dns2": null, "dns1": null, "gateway": null, "broadcast": null, "netmask": null, "gateway_v6": null, "cidr": null, "label": "tempest-network-smoke--1143237212", "id": "5a13b0e9-8dde-40e5-9645-e16a676c481d", "netmask_v6": null}]}
2015-12-20 09:01:39,278 20586 WARNING  [tempest.common.fixed_network] (TestGettingAddress:test_dhcp6_stateless_from_os) Network with name: private not found
2015-12-20 09:01:39,279 20586 INFO     [tempest.common.fixed_network] (TestGettingAddress:test_dhcp6_stateless_from_os) Found network {} available for tenant
2015-12-20 09:01:40,557 20586 INFO     [tempest_lib.common.rest_client] Request (TestGettingAddress:test_dhcp6_stateless_from_os): 202 POST http://10.0.2.15:8774/v2.1/d95d19d3b72544f0ba0a0f045d85af85/servers 1.277s
2015-12-20 09:01:40,557 20586 DEBUG    [tempest_lib.common.rest_client] Request - Headers: {'Content-Type': 'application/json', 'Accept': 'application/json', 'X-Auth-Token': '&lt;omitted&gt;'}
        Body: {"server": {"name": "tempest.common.compute-instance-1873119283", "imageRef": "4647deae-6199-4e2e-9f42-39e2dea601fe", "key_name": "tempest-TestGettingAddress-1592056542", "flavorRef": "42", "networks": [{"uuid": "5a13b0e9-8dde-40e5-9645-e16a676c481d"}], "security_groups": [{"name": "tempest-secgroup-smoke-985592470"}]}}
    Response - Headers: {'status': '202', 'content-length': '461', 'x-compute-request-id': 'req-01f440c1-7711-428f-828a-0fe3ca70014c', 'vary': 'X-OpenStack-Nova-API-Version', 'connection': 'close', 'location': 'http://10.0.2.15:8774/v2.1/d95d19d3b72544f0ba0a0f045d85af85/servers/2801e6fc-a46b-4967-a387-72845b56f72d', 'x-openstack-nova-api-version': '2.1', 'date': 'Sun, 20 Dec 2015 09:01:40 GMT', 'content-type': 'application/json'}
        Body: {"server": {"security_groups": [{"name": "tempest-secgroup-smoke-985592470"}], "OS-DCF:diskConfig": "MANUAL", "id": "2801e6fc-a46b-4967-a387-72845b56f72d", "links": [{"href": "http://10.0.2.15:8774/v2.1/d95d19d3b72544f0ba0a0f045d85af85/servers/2801e6fc-a46b-4967-a387-72845b56f72d", "rel": "self"}, {"href": "http://10.0.2.15:8774/d95d19d3b72544f0ba0a0f045d85af85/servers/2801e6fc-a46b-4967-a387-72845b56f72d", "rel": "bookmark"}], "adminPass": "Xo9FS2q8xoT8"}}
2015-12-20 09:01:40,711 20586 INFO     [tempest_lib.common.rest_client] Request (TestGettingAddress:test_dhcp6_stateless_from_os): 200 GET http://10.0.2.15:8774/v2.1/d95d19d3b72544f0ba0a0f045d85af85/servers/2801e6fc-a46b-4967-a387-72845b56f72d 0.150s
2015-12-20 09:01:40,712 20586 DEBUG    [tempest_lib.common.rest_client] Request - Headers: {'Content-Type': 'application/json', 'Accept': 'application/json', 'X-Auth-Token': '&lt;omitted&gt;'}
        Body: None
    Response - Headers: {'status': '200', 'content-length': '1355', 'content-location': 'http://10.0.2.15:8774/v2.1/d95d19d3b72544f0ba0a0f045d85af85/servers/2801e6fc-a46b-4967-a387-72845b56f72d', 'x-compute-request-id': 'req-1e97cf2d-5a4e-4ee0-a828-3b679ed501b1', 'vary': 'X-OpenStack-Nova-API-Version', 'connection': 'close', 'x-openstack-nova-api-version': '2.1', 'date': 'Sun, 20 Dec 2015 09:01:40 GMT', 'content-type': 'application/json'}
        Body: {"server": {"status": "BUILD", "updated": "2015-12-20T09:01:40Z", "hostId": "", "addresses": {}, "links": [{"href": "http://10.0.2.15:8774/v2.1/d95d19d3b72544f0ba0a0f045d85af85/servers/2801e6fc-a46b-4967-a387-72845b56f72d", "rel": "self"}, {"href": "http://10.0.2.15:8774/d95d19d3b72544f0ba0a0f045d85af85/servers/2801e6fc-a46b-4967-a387-72845b56f72d", "rel": "bookmark"}], "key_name": "tempest-TestGettingAddress-1592056542", "image": {"id": "4647deae-6199-4e2e-9f42-39e2dea601fe", "links": [{"href": "http://10.0.2.15:8774/d95d19d3b72544f0ba0a0f045d85af85/images/4647deae-6199-4e2e-9f42-39e2dea601fe", "rel": "bookmark"}]}, "OS-EXT-STS:task_state": "scheduling", "OS-EXT-STS:vm_state": "building", "OS-SRV-USG:launched_at": null, "flavor": {"id": "42", "links": [{"href": "http://10.0.2.15:8774/d95d19d3b72544f0ba0a0f045d85af85/flavors/42", "rel": "bookmark"}]}, "id": "2801e6fc-a46b-4967-a387-72845b56f72d", "OS-SRV-USG:terminated_at": null, "OS-EXT-AZ:availability_zone": "", "user_id": "59501ab2703849988fa73c1a1769c50a", "name": "tempest.common.compute-instance-1873119283", "created": "2015-12-20T09:01:40Z", "tenant_id": "d95d19d3b72544f0ba0a0f045d85af85", "OS-DCF:diskConfig": "MANUAL", "os-extended-volumes:volumes_attached": [], "accessIPv4": "", "accessIPv6": "", "progress": 0, "OS-EXT-STS:power_state": 0, "config_drive": "", "metadata": {}}}
2015-12-20 09:01:42,209 20586 INFO     [tempest_lib.common.rest_client] Request (TestGettingAddress:test_dhcp6_stateless_from_os): 200 GET http://10.0.2.15:8774/v2.1/d95d19d3b72544f0ba0a0f045d85af85/servers/2801e6fc-a46b-4967-a387-72845b56f72d 0.486s
2015-12-20 09:01:42,210 20586 DEBUG    [tempest_lib.common.rest_client] Request - Headers: {'Content-Type': 'application/json', 'Accept': 'application/json', 'X-Auth-Token': '&lt;omitted&gt;'}
        Body: None
    Response - Headers: {'status': '200', 'content-length': '1480', 'content-location': 'http://10.0.2.15:8774/v2.1/d95d19d3b72544f0ba0a0f045d85af85/servers/2801e6fc-a46b-4967-a387-72845b56f72d', 'x-compute-request-id': 'req-28184f63-654b-423d-95df-026c745f2d3e', 'vary': 'X-OpenStack-Nova-API-Version', 'connection': 'close', 'x-openstack-nova-api-version': '2.1', 'date': 'Sun, 20 Dec 2015 09:01:42 GMT', 'content-type': 'application/json'}
        Body: {"server": {"status": "BUILD", "updated": "2015-12-20T09:01:41Z", "hostId": "a286f54be48a3b452acb3a7253cde889d6440bb02036e0d641867a64", "addresses": {}, "links": [{"href": "http://10.0.2.15:8774/v2.1/d95d19d3b72544f0ba0a0f045d85af85/servers/2801e6fc-a46b-4967-a387-72845b56f72d", "rel": "self"}, {"href": "http://10.0.2.15:8774/d95d19d3b72544f0ba0a0f045d85af85/servers/2801e6fc-a46b-4967-a387-72845b56f72d", "rel": "bookmark"}], "key_name": "tempest-TestGettingAddress-1592056542", "image": {"id": "4647deae-6199-4e2e-9f42-39e2dea601fe", "links": [{"href": "http://10.0.2.15:8774/d95d19d3b72544f0ba0a0f045d85af85/images/4647deae-6199-4e2e-9f42-39e2dea601fe", "rel": "bookmark"}]}, "OS-EXT-STS:task_state": "spawning", "OS-EXT-STS:vm_state": "building", "OS-SRV-USG:launched_at": null, "flavor": {"id": "42", "links": [{"href": "http://10.0.2.15:8774/d95d19d3b72544f0ba0a0f045d85af85/flavors/42", "rel": "bookmark"}]}, "id": "2801e6fc-a46b-4967-a387-72845b56f72d", "security_groups": [{"name": "tempest-secgroup-smoke-985592470"}], "OS-SRV-USG:terminated_at": null, "OS-EXT-AZ:availability_zone": "nova", "user_id": "59501ab2703849988fa73c1a1769c50a", "name": "tempest.common.compute-instance-1873119283", "created": "2015-12-20T09:01:40Z", "tenant_id": "d95d19d3b72544f0ba0a0f045d85af85", "OS-DCF:diskConfig": "MANUAL", "os-extended-volumes:volumes_attached": [], "accessIPv4": "", "accessIPv6": "", "progress": 0, "OS-EXT-STS:power_state": 0, "config_drive": "", "metadata": {}}}
2015-12-20 09:01:42,222 20586 INFO     [tempest.common.waiters] State transition "BUILD/scheduling" ==&gt; "BUILD/spawning" after 2 second wait
2015-12-20 09:01:43,457 20586 INFO     [tempest_lib.common.rest_client] Request (TestGettingAddress:test_dhcp6_stateless_from_os): 200 GET http://10.0.2.15:8774/v2.1/d95d19d3b72544f0ba0a0f045d85af85/servers/2801e6fc-a46b-4967-a387-72845b56f72d 0.233s
2015-12-20 09:01:43,458 20586 DEBUG    [tempest_lib.common.rest_client] Request - Headers: {'Content-Type': 'application/json', 'Accept': 'application/json', 'X-Auth-Token': '&lt;omitted&gt;'}
        Body: None
    Response - Headers: {'status': '200', 'content-length': '1480', 'content-location': 'http://10.0.2.15:8774/v2.1/d95d19d3b72544f0ba0a0f045d85af85/servers/2801e6fc-a46b-4967-a387-72845b56f72d', 'x-compute-request-id': 'req-0cdd6dd0-528c-4aa5-903b-999892becf54', 'vary': 'X-OpenStack-Nova-API-Version', 'connection': 'close', 'x-openstack-nova-api-version': '2.1', 'date': 'Sun, 20 Dec 2015 09:01:43 GMT', 'content-type': 'application/json'}
        Body: {"server": {"status": "BUILD", "updated": "2015-12-20T09:01:41Z", "hostId": "a286f54be48a3b452acb3a7253cde889d6440bb02036e0d641867a64", "addresses": {}, "links": [{"href": "http://10.0.2.15:8774/v2.1/d95d19d3b72544f0ba0a0f045d85af85/servers/2801e6fc-a46b-4967-a387-72845b56f72d", "rel": "self"}, {"href": "http://10.0.2.15:8774/d95d19d3b72544f0ba0a0f045d85af85/servers/2801e6fc-a46b-4967-a387-72845b56f72d", "rel": "bookmark"}], "key_name": "tempest-TestGettingAddress-1592056542", "image": {"id": "4647deae-6199-4e2e-9f42-39e2dea601fe", "links": [{"href": "http://10.0.2.15:8774/d95d19d3b72544f0ba0a0f045d85af85/images/4647deae-6199-4e2e-9f42-39e2dea601fe", "rel": "bookmark"}]}, "OS-EXT-STS:task_state": "spawning", "OS-EXT-STS:vm_state": "building", "OS-SRV-USG:launched_at": null, "flavor": {"id": "42", "links": [{"href": "http://10.0.2.15:8774/d95d19d3b72544f0ba0a0f045d85af85/flavors/42", "rel": "bookmark"}]}, "id": "2801e6fc-a46b-4967-a387-72845b56f72d", "security_groups": [{"name": "tempest-secgroup-smoke-985592470"}], "OS-SRV-USG:terminated_at": null, "OS-EXT-AZ:availability_zone": "nova", "user_id": "59501ab2703849988fa73c1a1769c50a", "name": "tempest.common.compute-instance-1873119283", "created": "2015-12-20T09:01:40Z", "tenant_id": "d95d19d3b72544f0ba0a0f045d85af85", "OS-DCF:diskConfig": "MANUAL", "os-extended-volumes:volumes_attached": [], "accessIPv4": "", "accessIPv6": "", "progress": 0, "OS-EXT-STS:power_state": 0, "config_drive": "", "metadata": {}}}
2015-12-20 09:01:44,676 20586 INFO     [tempest_lib.common.rest_client] Request (TestGettingAddress:test_dhcp6_stateless_from_os): 200 GET http://10.0.2.15:8774/v2.1/d95d19d3b72544f0ba0a0f045d85af85/servers/2801e6fc-a46b-4967-a387-72845b56f72d 0.205s
2015-12-20 09:01:44,677 20586 DEBUG    [tempest_lib.common.rest_client] Request - Headers: {'Content-Type': 'application/json', 'Accept': 'application/json', 'X-Auth-Token': '&lt;omitted&gt;'}
        Body: None
    Response - Headers: {'status': '200', 'content-length': '1781', 'content-location': 'http://10.0.2.15:8774/v2.1/d95d19d3b72544f0ba0a0f045d85af85/servers/2801e6fc-a46b-4967-a387-72845b56f72d', 'x-compute-request-id': 'req-e4e229f2-9879-41c1-8bf9-becc3ceabd1a', 'vary': 'X-OpenStack-Nova-API-Version', 'connection': 'close', 'x-openstack-nova-api-version': '2.1', 'date': 'Sun, 20 Dec 2015 09:01:44 GMT', 'content-type': 'application/json'}
        Body: {"server": {"status": "ACTIVE", "updated": "2015-12-20T09:01:44Z", "hostId": "a286f54be48a3b452acb3a7253cde889d6440bb02036e0d641867a64", "addresses": {"tempest-network-smoke--1143237212": [{"OS-EXT-IPS-MAC:mac_addr": "fa:16:3e:f1:dd:cd", "version": 4, "addr": "10.100.0.3", "OS-EXT-IPS:type": "fixed"}, {"OS-EXT-IPS-MAC:mac_addr": "fa:16:3e:f1:dd:cd", "version": 6, "addr": "2003::f816:3eff:fef1:ddcd", "OS-EXT-IPS:type": "fixed"}]}, "links": [{"href": "http://10.0.2.15:8774/v2.1/d95d19d3b72544f0ba0a0f045d85af85/servers/2801e6fc-a46b-4967-a387-72845b56f72d", "rel": "self"}, {"href": "http://10.0.2.15:8774/d95d19d3b72544f0ba0a0f045d85af85/servers/2801e6fc-a46b-4967-a387-72845b56f72d", "rel": "bookmark"}], "key_name": "tempest-TestGettingAddress-1592056542", "image": {"id": "4647deae-6199-4e2e-9f42-39e2dea601fe", "links": [{"href": "http://10.0.2.15:8774/d95d19d3b72544f0ba0a0f045d85af85/images/4647deae-6199-4e2e-9f42-39e2dea601fe", "rel": "bookmark"}]}, "OS-EXT-STS:task_state": null, "OS-EXT-STS:vm_state": "active", "OS-SRV-USG:launched_at": "2015-12-20T09:01:44.000000", "flavor": {"id": "42", "links": [{"href": "http://10.0.2.15:8774/d95d19d3b72544f0ba0a0f045d85af85/flavors/42", "rel": "bookmark"}]}, "id": "2801e6fc-a46b-4967-a387-72845b56f72d", "security_groups": [{"name": "tempest-secgroup-smoke-985592470"}], "OS-SRV-USG:terminated_at": null, "OS-EXT-AZ:availability_zone": "nova", "user_id": "59501ab2703849988fa73c1a1769c50a", "name": "tempest.common.compute-instance-1873119283", "created": "2015-12-20T09:01:40Z", "tenant_id": "d95d19d3b72544f0ba0a0f045d85af85", "OS-DCF:diskConfig": "MANUAL", "os-extended-volumes:volumes_attached": [], "accessIPv4": "", "accessIPv6": "", "progress": 0, "OS-EXT-STS:power_state": 1, "config_drive": "True", "metadata": {}}}
2015-12-20 09:01:44,685 20586 INFO     [tempest.common.waiters] State transition "BUILD/spawning" ==&gt; "ACTIVE/None" after 4 second wait
2015-12-20 09:01:44,868 20586 INFO     [tempest_lib.common.rest_client] Request (TestGettingAddress:test_dhcp6_stateless_from_os): 200 GET http://10.0.2.15:8774/v2.1/d95d19d3b72544f0ba0a0f045d85af85/servers/2801e6fc-a46b-4967-a387-72845b56f72d 0.182s
2015-12-20 09:01:44,869 20586 DEBUG    [tempest_lib.common.rest_client] Request - Headers: {'Content-Type': 'application/json', 'Accept': 'application/json', 'X-Auth-Token': '&lt;omitted&gt;'}
        Body: None
    Response - Headers: {'status': '200', 'content-length': '1781', 'content-location': 'http://10.0.2.15:8774/v2.1/d95d19d3b72544f0ba0a0f045d85af85/servers/2801e6fc-a46b-4967-a387-72845b56f72d', 'x-compute-request-id': 'req-1996276f-a77a-4ef8-a878-8229abc6acee', 'vary': 'X-OpenStack-Nova-API-Version', 'connection': 'close', 'x-openstack-nova-api-version': '2.1', 'date': 'Sun, 20 Dec 2015 09:01:44 GMT', 'content-type': 'application/json'}
        Body: {"server": {"status": "ACTIVE", "updated": "2015-12-20T09:01:44Z", "hostId": "a286f54be48a3b452acb3a7253cde889d6440bb02036e0d641867a64", "addresses": {"tempest-network-smoke--1143237212": [{"OS-EXT-IPS-MAC:mac_addr": "fa:16:3e:f1:dd:cd", "version": 4, "addr": "10.100.0.3", "OS-EXT-IPS:type": "fixed"}, {"OS-EXT-IPS-MAC:mac_addr": "fa:16:3e:f1:dd:cd", "version": 6, "addr": "2003::f816:3eff:fef1:ddcd", "OS-EXT-IPS:type": "fixed"}]}, "links": [{"href": "http://10.0.2.15:8774/v2.1/d95d19d3b72544f0ba0a0f045d85af85/servers/2801e6fc-a46b-4967-a387-72845b56f72d", "rel": "self"}, {"href": "http://10.0.2.15:8774/d95d19d3b72544f0ba0a0f045d85af85/servers/2801e6fc-a46b-4967-a387-72845b56f72d", "rel": "bookmark"}], "key_name": "tempest-TestGettingAddress-1592056542", "image": {"id": "4647deae-6199-4e2e-9f42-39e2dea601fe", "links": [{"href": "http://10.0.2.15:8774/d95d19d3b72544f0ba0a0f045d85af85/images/4647deae-6199-4e2e-9f42-39e2dea601fe", "rel": "bookmark"}]}, "OS-EXT-STS:task_state": null, "OS-EXT-STS:vm_state": "active", "OS-SRV-USG:launched_at": "2015-12-20T09:01:44.000000", "flavor": {"id": "42", "links": [{"href": "http://10.0.2.15:8774/d95d19d3b72544f0ba0a0f045d85af85/flavors/42", "rel": "bookmark"}]}, "id": "2801e6fc-a46b-4967-a387-72845b56f72d", "security_groups": [{"name": "tempest-secgroup-smoke-985592470"}], "OS-SRV-USG:terminated_at": null, "OS-EXT-AZ:availability_zone": "nova", "user_id": "59501ab2703849988fa73c1a1769c50a", "name": "tempest.common.compute-instance-1873119283", "created": "2015-12-20T09:01:40Z", "tenant_id": "d95d19d3b72544f0ba0a0f045d85af85", "OS-DCF:diskConfig": "MANUAL", "os-extended-volumes:volumes_attached": [], "accessIPv4": "", "accessIPv6": "", "progress": 0, "OS-EXT-STS:power_state": 1, "config_drive": "True", "metadata": {}}}
2015-12-20 09:01:44,910 20586 INFO     [tempest_lib.common.rest_client] Request (TestGettingAddress:test_dhcp6_stateless_from_os): 200 GET http://10.0.2.15:9696/v2.0/ports?status=ACTIVE&amp;fixed_ip=None&amp;device_id=2801e6fc-a46b-4967-a387-72845b56f72d 0.031s
2015-12-20 09:01:44,910 20586 DEBUG    [tempest_lib.common.rest_client] Request - Headers: {'Content-Type': 'application/json', 'Accept': 'application/json', 'X-Auth-Token': '&lt;omitted&gt;'}
        Body: None
    Response - Headers: {'status': '200', 'content-length': '1142', 'content-location': 'http://10.0.2.15:9696/v2.0/ports?status=ACTIVE&amp;fixed_ip=None&amp;device_id=2801e6fc-a46b-4967-a387-72845b56f72d', 'connection': 'close', 'date': 'Sun, 20 Dec 2015 09:01:44 GMT', 'content-type': 'application/json; charset=UTF-8', 'x-openstack-request-id': 'req-e846bad7-3bd0-4236-b92e-028152a22486'}
        Body: {"ports": [{"status": "ACTIVE", "binding:host_id": "vagrant-ubuntu-trusty-64", "allowed_address_pairs": [], "extra_dhcp_opts": [], "dns_assignment": [{"hostname": "host-10-100-0-3", "ip_address": "10.100.0.3", "fqdn": "host-10-100-0-3.openstacklocal."}, {"hostname": "host-2003--f816-3eff-fef1-ddcd", "ip_address": "2003::f816:3eff:fef1:ddcd", "fqdn": "host-2003--f816-3eff-fef1-ddcd.openstacklocal."}], "device_owner": "compute:None", "port_security_enabled": true, "binding:profile": {}, "fixed_ips": [{"subnet_id": "77522691-18d4-4095-9dca-4da7872d461b", "ip_address": "10.100.0.3"}, {"subnet_id": "16a78470-cc27-4927-a1af-4c67531e630e", "ip_address": "2003::f816:3eff:fef1:ddcd"}], "id": "bd64e571-f3ca-4380-a15f-19bf56dacc1b", "security_groups": ["10b6a781-0911-4698-9f9c-e2ecfe9a108c"], "device_id": "2801e6fc-a46b-4967-a387-72845b56f72d", "name": "", "admin_state_up": true, "network_id": "5a13b0e9-8dde-40e5-9645-e16a676c481d", "dns_name": "", "binding:vif_details": {"port_filter": true}, "binding:vnic_type": "normal", "binding:vif_type": "ovs", "tenant_id": "d95d19d3b72544f0ba0a0f045d85af85", "mac_address": "fa:16:3e:f1:dd:cd"}]}
2015-12-20 09:01:45,288 20586 INFO     [tempest_lib.common.rest_client] Request (TestGettingAddress:test_dhcp6_stateless_from_os): 201 POST http://10.0.2.15:9696/v2.0/floatingips 0.377s
2015-12-20 09:01:45,288 20586 DEBUG    [tempest_lib.common.rest_client] Request - Headers: {'Content-Type': 'application/json', 'Accept': 'application/json', 'X-Auth-Token': '&lt;omitted&gt;'}
        Body: {"floatingip": {"floating_network_id": "5adeaf7d-89fa-4554-b899-1e916d6cf392", "tenant_id": "d95d19d3b72544f0ba0a0f045d85af85", "fixed_ip_address": "10.100.0.3", "port_id": "bd64e571-f3ca-4380-a15f-19bf56dacc1b"}}
    Response - Headers: {'status': '201', 'content-length': '367', 'connection': 'close', 'date': 'Sun, 20 Dec 2015 09:01:45 GMT', 'content-type': 'application/json; charset=UTF-8', 'x-openstack-request-id': 'req-76886303-50e9-47fd-b6a4-bd18b283bc53'}
        Body: {"floatingip": {"floating_network_id": "5adeaf7d-89fa-4554-b899-1e916d6cf392", "router_id": "b7773a7e-f9be-4f30-a568-8a6afd9d92f7", "fixed_ip_address": "10.100.0.3", "floating_ip_address": "172.24.4.4", "tenant_id": "d95d19d3b72544f0ba0a0f045d85af85", "status": "DOWN", "port_id": "bd64e571-f3ca-4380-a15f-19bf56dacc1b", "id": "e743963f-265e-49ff-a32f-bce83a2694e7"}}
2015-12-20 09:01:45,290 20586 INFO     [tempest_lib.common.ssh] Creating ssh connection to '172.24.4.4' as 'cirros' with public key authentication
2015-12-20 09:01:48,812 20586 WARNING  [tempest_lib.common.ssh] Failed to establish authenticated ssh connection to cirros@172.24.4.4 ([Errno None] Unable to connect to port 22 on  or 172.24.4.4). Number attempts: 1. Retry after 2 seconds.
2015-12-20 09:01:54,312 20586 WARNING  [tempest_lib.common.ssh] Failed to establish authenticated ssh connection to cirros@172.24.4.4 ([Errno None] Unable to connect to port 22 on  or 172.24.4.4). Number attempts: 2. Retry after 3 seconds.
2015-12-20 09:02:00,813 20586 WARNING  [tempest_lib.common.ssh] Failed to establish authenticated ssh connection to cirros@172.24.4.4 ([Errno None] Unable to connect to port 22 on  or 172.24.4.4). Number attempts: 3. Retry after 4 seconds.
2015-12-20 09:02:08,316 20586 WARNING  [tempest_lib.common.ssh] Failed to establish authenticated ssh connection to cirros@172.24.4.4 ([Errno None] Unable to connect to port 22 on  or 172.24.4.4). Number attempts: 4. Retry after 5 seconds.
2015-12-20 09:02:16,824 20586 WARNING  [tempest_lib.common.ssh] Failed to establish authenticated ssh connection to cirros@172.24.4.4 ([Errno None] Unable to connect to port 22 on  or 172.24.4.4). Number attempts: 5. Retry after 6 seconds.
2015-12-20 09:02:26,332 20586 WARNING  [tempest_lib.common.ssh] Failed to establish authenticated ssh connection to cirros@172.24.4.4 ([Errno None] Unable to connect to port 22 on  or 172.24.4.4). Number attempts: 6. Retry after 7 seconds.
2015-12-20 09:02:36,842 20586 WARNING  [tempest_lib.common.ssh] Failed to establish authenticated ssh connection to cirros@172.24.4.4 ([Errno None] Unable to connect to port 22 on  or 172.24.4.4). Number attempts: 7. Retry after 8 seconds.
2015-12-20 09:02:48,353 20586 WARNING  [tempest_lib.common.ssh] Failed to establish authenticated ssh connection to cirros@172.24.4.4 ([Errno None] Unable to connect to port 22 on  or 172.24.4.4). Number attempts: 8. Retry after 9 seconds.
2015-12-20 09:03:00,861 20586 WARNING  [tempest_lib.common.ssh] Failed to establish authenticated ssh connection to cirros@172.24.4.4 ([Errno None] Unable to connect to port 22 on  or 172.24.4.4). Number attempts: 9. Retry after 10 seconds.
2015-12-20 09:03:14,360 20586 WARNING  [tempest_lib.common.ssh] Failed to establish authenticated ssh connection to cirros@172.24.4.4 ([Errno None] Unable to connect to port 22 on  or 172.24.4.4). Number attempts: 10. Retry after 11 seconds.
2015-12-20 09:03:28,872 20586 WARNING  [tempest_lib.common.ssh] Failed to establish authenticated ssh connection to cirros@172.24.4.4 ([Errno None] Unable to connect to port 22 on  or 172.24.4.4). Number attempts: 11. Retry after 12 seconds.
2015-12-20 09:03:44,384 20586 WARNING  [tempest_lib.common.ssh] Failed to establish authenticated ssh connection to cirros@172.24.4.4 ([Errno None] Unable to connect to port 22 on  or 172.24.4.4). Number attempts: 12. Retry after 13 seconds.
2015-12-20 09:04:00,889 20586 WARNING  [tempest_lib.common.ssh] Failed to establish authenticated ssh connection to cirros@172.24.4.4 ([Errno None] Unable to connect to port 22 on  or 172.24.4.4). Number attempts: 13. Retry after 14 seconds.
2015-12-20 09:04:18,405 20586 WARNING  [tempest_lib.common.ssh] Failed to establish authenticated ssh connection to cirros@172.24.4.4 ([Errno None] Unable to connect to port 22 on  or 172.24.4.4). Number attempts: 14. Retry after 15 seconds.
2015-12-20 09:04:36,917 20586 WARNING  [tempest_lib.common.ssh] Failed to establish authenticated ssh connection to cirros@172.24.4.4 ([Errno None] Unable to connect to port 22 on  or 172.24.4.4). Number attempts: 15. Retry after 16 seconds.
2015-12-20 09:04:56,433 20586 WARNING  [tempest_lib.common.ssh] Failed to establish authenticated ssh connection to cirros@172.24.4.4 ([Errno None] Unable to connect to port 22 on  or 172.24.4.4). Number attempts: 16. Retry after 17 seconds.
2015-12-20 09:05:16,948 20586 WARNING  [tempest_lib.common.ssh] Failed to establish authenticated ssh connection to cirros@172.24.4.4 ([Errno None] Unable to connect to port 22 on  or 172.24.4.4). Number attempts: 17. Retry after 18 seconds.
2015-12-20 09:05:38,470 20586 WARNING  [tempest_lib.common.ssh] Failed to establish authenticated ssh connection to cirros@172.24.4.4 ([Errno None] Unable to connect to port 22 on  or 172.24.4.4). Number attempts: 18. Retry after 19 seconds.
2015-12-20 09:06:00,993 20586 WARNING  [tempest_lib.common.ssh] Failed to establish authenticated ssh connection to cirros@172.24.4.4 ([Errno None] Unable to connect to port 22 on  or 172.24.4.4). Number attempts: 19. Retry after 20 seconds.
2015-12-20 09:06:24,505 20586 WARNING  [tempest_lib.common.ssh] Failed to establish authenticated ssh connection to cirros@172.24.4.4 ([Errno None] Unable to connect to port 22 on  or 172.24.4.4). Number attempts: 20. Retry after 21 seconds.
2015-12-20 09:06:49,026 20586 ERROR    [tempest_lib.common.ssh] Failed to establish authenticated ssh connection to cirros@172.24.4.4 after 20 attempts
2015-12-20 09:06:49.026 20586 ERROR tempest_lib.common.ssh Traceback (most recent call last):
2015-12-20 09:06:49.026 20586 ERROR tempest_lib.common.ssh   File "/usr/local/lib/python2.7/dist-packages/tempest_lib/common/ssh.py", line 75, in _get_ssh_connection
2015-12-20 09:06:49.026 20586 ERROR tempest_lib.common.ssh     timeout=self.channel_timeout, pkey=self.pkey)
2015-12-20 09:06:49.026 20586 ERROR tempest_lib.common.ssh   File "/usr/local/lib/python2.7/dist-packages/paramiko/client.py", line 311, in connect
2015-12-20 09:06:49.026 20586 ERROR tempest_lib.common.ssh     raise NoValidConnectionsError(errors)
2015-12-20 09:06:49.026 20586 ERROR tempest_lib.common.ssh NoValidConnectionsError: [Errno None] Unable to connect to port 22 on  or 172.24.4.4
2015-12-20 09:06:49.026 20586 ERROR tempest_lib.common.ssh 
2015-12-20 09:06:49,028 20586 ERROR    [tempest.scenario.manager] (TestGettingAddress:test_dhcp6_stateless_from_os) Initializing SSH connection to 172.24.4.4 failed. Error: Connection to the 172.24.4.4 via SSH timed out.
User: cirros, Password: None
2015-12-20 09:06:49.028 20586 ERROR tempest.scenario.manager Traceback (most recent call last):
2015-12-20 09:06:49.028 20586 ERROR tempest.scenario.manager   File "tempest/scenario/manager.py", line 385, in get_remote_client
2015-12-20 09:06:49.028 20586 ERROR tempest.scenario.manager     linux_client.validate_authentication()
2015-12-20 09:06:49.028 20586 ERROR tempest.scenario.manager   File "tempest/common/utils/linux/remote_client.py", line 63, in validate_authentication
2015-12-20 09:06:49.028 20586 ERROR tempest.scenario.manager     self.ssh_client.test_connection_auth()
2015-12-20 09:06:49.028 20586 ERROR tempest.scenario.manager   File "/usr/local/lib/python2.7/dist-packages/tempest_lib/common/ssh.py", line 167, in test_connection_auth
2015-12-20 09:06:49.028 20586 ERROR tempest.scenario.manager     connection = self._get_ssh_connection()
2015-12-20 09:06:49.028 20586 ERROR tempest.scenario.manager   File "/usr/local/lib/python2.7/dist-packages/tempest_lib/common/ssh.py", line 87, in _get_ssh_connection
2015-12-20 09:06:49.028 20586 ERROR tempest.scenario.manager     password=self.password)
2015-12-20 09:06:49.028 20586 ERROR tempest.scenario.manager SSHTimeout: Connection to the 172.24.4.4 via SSH timed out.
2015-12-20 09:06:49.028 20586 ERROR tempest.scenario.manager User: cirros, Password: None
2015-12-20 09:06:49.028 20586 ERROR tempest.scenario.manager 
2015-12-20 09:06:49,229 20586 INFO     [tempest_lib.common.rest_client] Request (TestGettingAddress:test_dhcp6_stateless_from_os): 200 GET http://10.0.2.15:8774/v2.1/d95d19d3b72544f0ba0a0f045d85af85/servers 0.198s
2015-12-20 09:06:49,230 20586 DEBUG    [tempest_lib.common.rest_client] Request - Headers: {'Content-Type': 'application/json', 'Accept': 'application/json', 'X-Auth-Token': '&lt;omitted&gt;'}
        Body: None
    Response - Headers: {'status': '200', 'content-length': '391', 'content-location': 'http://10.0.2.15:8774/v2.1/d95d19d3b72544f0ba0a0f045d85af85/servers', 'x-compute-request-id': 'req-0eb5395b-cd4f-4295-9316-699eeaa5292a', 'vary': 'X-OpenStack-Nova-API-Version', 'connection': 'close', 'x-openstack-nova-api-version': '2.1', 'date': 'Sun, 20 Dec 2015 09:06:49 GMT', 'content-type': 'application/json'}
        Body: {"servers": [{"id": "2801e6fc-a46b-4967-a387-72845b56f72d", "links": [{"href": "http://10.0.2.15:8774/v2.1/d95d19d3b72544f0ba0a0f045d85af85/servers/2801e6fc-a46b-4967-a387-72845b56f72d", "rel": "self"}, {"href": "http://10.0.2.15:8774/d95d19d3b72544f0ba0a0f045d85af85/servers/2801e6fc-a46b-4967-a387-72845b56f72d", "rel": "bookmark"}], "name": "tempest.common.compute-instance-1873119283"}]}
2015-12-20 09:06:49,579 20586 INFO     [tempest_lib.common.rest_client] Request (TestGettingAddress:test_dhcp6_stateless_from_os): 200 POST http://10.0.2.15:8774/v2.1/d95d19d3b72544f0ba0a0f045d85af85/servers/2801e6fc-a46b-4967-a387-72845b56f72d/action 0.343s
2015-12-20 09:06:49,580 20586 DEBUG    [tempest_lib.common.rest_client] Request - Headers: {'Content-Type': 'application/json', 'Accept': 'application/json', 'X-Auth-Token': '&lt;omitted&gt;'}
        Body: {"os-getConsoleOutput": {}}
    Response - Headers: {'status': '200', 'content-length': '24670', 'x-compute-request-id': 'req-0d01897b-a84b-42f9-b75c-32544c62e1ad', 'vary': 'X-OpenStack-Nova-API-Version', 'connection': 'close', 'x-openstack-nova-api-version': '2.1', 'date': 'Sun, 20 Dec 2015 09:06:49 GMT', 'content-type': 'application/json'}
        Body: {"output": "[    0.000000] Initializing cgroup subsys cpuset\n[    0.000000] Initializing cgroup subsys cpu\n[    0.000000] Linux version 3.2.0-80-virtual (buildd@batsu) (gcc version 4.6.3 (Ubuntu/Linaro 4.6.3-1ubuntu5) ) #116-Ubuntu SMP Mon Mar 23 17:28:52 UTC 2015 (Ubuntu 3.2.0-80.116-virtual 3.2.68)\n[    0.000000] Command line: root=/dev/vda console=tty0 console=ttyS0 no_timer_check\n[    0.000000] KERNEL supported cpus:\n[    0.000000]   Intel GenuineIntel\n[    0.000000]   AMD AuthenticAMD\n[    0.000000]   Centaur CentaurHauls\n[    0.000000] BIOS-provided physical RAM map:\n[    0.000000]  BIOS-e820: 0000000000000000 - 000000000009fc00 (usable)\n[    0.000000]  BIOS-e820: 000000000009fc00 - 00000000000a0000 (reserved)\n[    0.000000]  BIOS-e820: 00000000000f0000 - 0000000000100000 (reserved)\n[    0.000000]  BIOS-e820: 0000000000100000 - 0000000003ffe000 (usable)\n[    0.000000]  BIOS-e820: 0000000003ffe000 - 0000000004000000 (reserved)\n[    0.000000]  BIOS-e820: 00000000fffc0000 - 0000000100000000 (reserved)\n[    0.000000] NX (Execute Disable) protection: active\n[    0.000000] SMBIOS 2.4 present.\n[    0.000000] No AGP bridge found\n[    0.000000] last_pfn = 0x3ffe max_arch_pfn = 0x400000000\n[    0.000000] x86 PAT enabled: cpu 0, old 0x7040600070406, new 0x7010600070106\n[    0.000000] found SMP MP-table at [ffff8800000f0b00] f0b00\n[    0.000000] init_memory_mapping: 0000000000000000-0000000003ffe000\n[    0.000000] RAMDISK: 03c5e000 - 03ff0000\n[    0.000000] ACPI: RSDP 00000000000f0950 00014 (v00 BOCHS )\n[    0.000000] ACPI: RSDT 0000000003fffbc1 00034 (v01 BOCHS  BXPCRSDT 00000001 BXPC 00000001)\n[    0.000000] ACPI: FACP 0000000003fff1c0 00074 (v01 BOCHS  BXPCFACP 00000001 BXPC 00000001)\n[    0.000000] ACPI: DSDT 0000000003ffe040 01180 (v01 BOCHS  BXPCDSDT 00000001 BXPC 00000001)\n[    0.000000] ACPI: FACS 0000000003ffe000 00040\n[    0.000000] ACPI: SSDT 0000000003fff234 008DD (v01 BOCHS  BXPCSSDT 00000001 BXPC 00000001)\n[    0.000000] ACPI: APIC 0000000003fffb11 00078 (v01 BOCHS  BXPCAPIC 00000001 BXPC 00000001)\n[    0.000000] ACPI: HPET 0000000003fffb89 00038 (v01 BOCHS  BXPCHPET 00000001 BXPC 00000001)\n[    0.000000] No NUMA configuration found\n[    0.000000] Faking a node at 0000000000000000-0000000003ffe000\n[    0.000000] Initmem setup node 0 0000000000000000-0000000003ffe000\n[    0.000000]   NODE_DATA [0000000003ff6000 - 0000000003ffafff]\n[    0.000000] Zone PFN ranges:\n[    0.000000]   DMA      0x00000010 -&gt; 0x00001000\n[    0.000000]   DMA32    0x00001000 -&gt; 0x00100000\n[    0.000000]   Normal   empty\n[    0.000000] Movable zone start PFN for each node\n[    0.000000] early_node_map[2] active PFN ranges\n[    0.000000]     0: 0x00000010 -&gt; 0x0000009f\n[    0.000000]     0: 0x00000100 -&gt; 0x00003ffe\n[    0.000000] ACPI: PM-Timer IO Port: 0xb008\n[    0.000000] ACPI: LAPIC (acpi_id[0x00] lapic_id[0x00] enabled)\n[    0.000000] ACPI: LAPIC_NMI (acpi_id[0xff] dfl dfl lint[0x1])\n[    0.000000] ACPI: IOAPIC (id[0x00] address[0xfec00000] gsi_base[0])\n[    0.000000] IOAPIC[0]: apic_id 0, version 17, address 0xfec00000, GSI 0-23\n[    0.000000] ACPI: INT_SRC_OVR (bus 0 bus_irq 0 global_irq 2 dfl dfl)\n[    0.000000] ACPI: INT_SRC_OVR (bus 0 bus_irq 5 global_irq 5 high level)\n[    0.000000] ACPI: INT_SRC_OVR (bus 0 bus_irq 9 global_irq 9 high level)\n[    0.000000] ACPI: INT_SRC_OVR (bus 0 bus_irq 10 global_irq 10 high level)\n[    0.000000] ACPI: INT_SRC_OVR (bus 0 bus_irq 11 global_irq 11 high level)\n[    0.000000] Using ACPI (MADT) for SMP configuration information\n[    0.000000] ACPI: HPET id: 0x8086a201 base: 0xfed00000\n[    0.000000] SMP: Allowing 1 CPUs, 0 hotplug CPUs\n[    0.000000] PM: Registered nosave memory: 000000000009f000 - 00000000000a0000\n[    0.000000] PM: Registered nosave memory: 00000000000a0000 - 00000000000f0000\n[    0.000000] PM: Registered nosave memory: 00000000000f0000 - 0000000000100000\n[    0.000000] Allocating PCI resources starting at 4000000 (gap: 4000000:fbfc0000)\n[    0.000000] Booting paravirtualized kernel on bare hardware\n[    0.000000] setup_pe
2015-12-20 09:06:49,584 20586 DEBUG    [tempest.scenario.manager] Console output for 2801e6fc-a46b-4967-a387-72845b56f72d
body=
[    0.000000] Initializing cgroup subsys cpuset
[    0.000000] Initializing cgroup subsys cpu
[    0.000000] Linux version 3.2.0-80-virtual (buildd@batsu) (gcc version 4.6.3 (Ubuntu/Linaro 4.6.3-1ubuntu5) ) #116-Ubuntu SMP Mon Mar 23 17:28:52 UTC 2015 (Ubuntu 3.2.0-80.116-virtual 3.2.68)
[    0.000000] Command line: root=/dev/vda console=tty0 console=ttyS0 no_timer_check
[    0.000000] KERNEL supported cpus:
[    0.000000]   Intel GenuineIntel
[    0.000000]   AMD AuthenticAMD
[    0.000000]   Centaur CentaurHauls
[    0.000000] BIOS-provided physical RAM map:
[    0.000000]  BIOS-e820: 0000000000000000 - 000000000009fc00 (usable)
[    0.000000]  BIOS-e820: 000000000009fc00 - 00000000000a0000 (reserved)
[    0.000000]  BIOS-e820: 00000000000f0000 - 0000000000100000 (reserved)
[    0.000000]  BIOS-e820: 0000000000100000 - 0000000003ffe000 (usable)
[    0.000000]  BIOS-e820: 0000000003ffe000 - 0000000004000000 (reserved)
[    0.000000]  BIOS-e820: 00000000fffc0000 - 0000000100000000 (reserved)
[    0.000000] NX (Execute Disable) protection: active
[    0.000000] SMBIOS 2.4 present.
[    0.000000] No AGP bridge found
[    0.000000] last_pfn = 0x3ffe max_arch_pfn = 0x400000000
[    0.000000] x86 PAT enabled: cpu 0, old 0x7040600070406, new 0x7010600070106
[    0.000000] found SMP MP-table at [ffff8800000f0b00] f0b00
[    0.000000] init_memory_mapping: 0000000000000000-0000000003ffe000
[    0.000000] RAMDISK: 03c5e000 - 03ff0000
[    0.000000] ACPI: RSDP 00000000000f0950 00014 (v00 BOCHS )
[    0.000000] ACPI: RSDT 0000000003fffbc1 00034 (v01 BOCHS  BXPCRSDT 00000001 BXPC 00000001)
[    0.000000] ACPI: FACP 0000000003fff1c0 00074 (v01 BOCHS  BXPCFACP 00000001 BXPC 00000001)
[    0.000000] ACPI: DSDT 0000000003ffe040 01180 (v01 BOCHS  BXPCDSDT 00000001 BXPC 00000001)
[    0.000000] ACPI: FACS 0000000003ffe000 00040
[    0.000000] ACPI: SSDT 0000000003fff234 008DD (v01 BOCHS  BXPCSSDT 00000001 BXPC 00000001)
[    0.000000] ACPI: APIC 0000000003fffb11 00078 (v01 BOCHS  BXPCAPIC 00000001 BXPC 00000001)
[    0.000000] ACPI: HPET 0000000003fffb89 00038 (v01 BOCHS  BXPCHPET 00000001 BXPC 00000001)
[    0.000000] No NUMA configuration found
[    0.000000] Faking a node at 0000000000000000-0000000003ffe000
[    0.000000] Initmem setup node 0 0000000000000000-0000000003ffe000
[    0.000000]   NODE_DATA [0000000003ff6000 - 0000000003ffafff]
[    0.000000] Zone PFN ranges:
[    0.000000]   DMA      0x00000010 -&gt; 0x00001000
[    0.000000]   DMA32    0x00001000 -&gt; 0x00100000
[    0.000000]   Normal   empty
[    0.000000] Movable zone start PFN for each node
[    0.000000] early_node_map[2] active PFN ranges
[    0.000000]     0: 0x00000010 -&gt; 0x0000009f
[    0.000000]     0: 0x00000100 -&gt; 0x00003ffe
[    0.000000] ACPI: PM-Timer IO Port: 0xb008
[    0.000000] ACPI: LAPIC (acpi_id[0x00] lapic_id[0x00] enabled)
[    0.000000] ACPI: LAPIC_NMI (acpi_id[0xff] dfl dfl lint[0x1])
[    0.000000] ACPI: IOAPIC (id[0x00] address[0xfec00000] gsi_base[0])
[    0.000000] IOAPIC[0]: apic_id 0, version 17, address 0xfec00000, GSI 0-23
[    0.000000] ACPI: INT_SRC_OVR (bus 0 bus_irq 0 global_irq 2 dfl dfl)
[    0.000000] ACPI: INT_SRC_OVR (bus 0 bus_irq 5 global_irq 5 high level)
[    0.000000] ACPI: INT_SRC_OVR (bus 0 bus_irq 9 global_irq 9 high level)
[    0.000000] ACPI: INT_SRC_OVR (bus 0 bus_irq 10 global_irq 10 high level)
[    0.000000] ACPI: INT_SRC_OVR (bus 0 bus_irq 11 global_irq 11 high level)
[    0.000000] Using ACPI (MADT) for SMP configuration information
[    0.000000] ACPI: HPET id: 0x8086a201 base: 0xfed00000
[    0.000000] SMP: Allowing 1 CPUs, 0 hotplug CPUs
[    0.000000] PM: Registered nosave memory: 000000000009f000 - 00000000000a0000
[    0.000000] PM: Registered nosave memory: 00000000000a0000 - 00000000000f0000
[    0.000000] PM: Registered nosave memory: 00000000000f0000 - 0000000000100000
[    0.000000] Allocating PCI resources starting at 4000000 (gap: 4000000:fbfc0000)
[    0.000000] Booting paravirtualized kernel on bare hardware
[    0.000000] setup_percpu: NR_CPUS:64 nr_cpumask_bits:64 nr_cpu_ids:1 nr_node_ids:1
[    0.000000] PERCPU: Embedded 27 pages/cpu @ffff880003a00000 s78848 r8192 d23552 u2097152
[    0.000000] Built 1 zonelists in Node order, mobility grouping on.  Total pages: 16008
[    0.000000] Policy zone: DMA32
[    0.000000] Kernel command line: root=/dev/vda console=tty0 console=ttyS0 no_timer_check
[    0.000000] PID hash table entries: 256 (order: -1, 2048 bytes)
[    0.000000] Checking aperture...
[    0.000000] No AGP bridge found
[    0.000000] Memory: 43492k/65528k available (6576k kernel code, 452k absent, 21584k reserved, 6620k data, 928k init)
[    0.000000] SLUB: Genslabs=15, HWalign=64, Order=0-3, MinObjects=0, CPUs=1, Nodes=1
[    0.000000] Hierarchical RCU implementation.
[    0.000000] 	RCU dyntick-idle grace-period acceleration is enabled.
[    0.000000] NR_IRQS:4352 nr_irqs:256 16
[    0.000000] Console: colour VGA+ 80x25
[    0.000000] console [tty0] enabled
[    0.000000] console [ttyS0] enabled
[    0.000000] allocated 1048576 bytes of page_cgroup
[    0.000000] please try 'cgroup_disable=memory' option if you don't want memory cgroups
[    0.000000] Fast TSC calibration failed
[    0.000000] TSC: Unable to calibrate against PIT
[    0.000000] TSC: using HPET reference calibration
[    0.000000] Detected 2294.018 MHz processor.
[    0.033491] Calibrating delay loop (skipped), value calculated using timer frequency.. 4588.03 BogoMIPS (lpj=9176072)
[    0.035448] pid_max: default: 32768 minimum: 301
[    0.042283] Security Framework initialized
[    0.046690] AppArmor: AppArmor initialized
[    0.047339] Yama: becoming mindful.
[    0.054319] Dentry cache hash table entries: 8192 (order: 4, 65536 bytes)
[    0.056476] Inode-cache hash table entries: 4096 (order: 3, 32768 bytes)
[    0.058030] Mount-cache hash table entries: 256
[    0.078955] Initializing cgroup subsys cpuacct
[    0.080451] Initializing cgroup subsys memory
[    0.084350] Initializing cgroup subsys devices
[    0.085685] Initializing cgroup subsys freezer
[    0.086582] Initializing cgroup subsys blkio
[    0.088209] Initializing cgroup subsys perf_event
[    0.093058] mce: CPU supports 10 MCE banks
[    0.096565] SMP alternatives: switching to UP code
[    0.490143] Freeing SMP alternatives: 24k freed
[    0.492454] ACPI: Core revision 20110623
[    0.541693] ftrace: allocating 26610 entries in 105 pages
[    0.577663] ..TIMER: vector=0x30 apic1=0 pin1=2 apic2=-1 pin2=-1
[    0.580146] CPU0: AMD QEMU Virtual CPU version 2.0.0 stepping 03
[    0.588036] Performance Events: Broken PMU hardware detected, using software events only.
[    0.596401] NMI watchdog disabled (cpu0): hardware events not enabled
[    0.597881] Brought up 1 CPUs
[    0.598441] Total of 1 processors activated (4588.03 BogoMIPS).
[    0.625508] devtmpfs: initialized
[    0.669814] EVM: security.selinux
[    0.670257] EVM: security.SMACK64
[    0.670691] EVM: security.capability
[    0.690188] print_constraints: dummy: 
[    0.692379] RTC time:  9:01:48, date: 12/20/15
[    0.694788] NET: Registered protocol family 16
[    0.702213] ACPI: bus type pci registered
[    0.706235] PCI: Using configuration type 1 for base access
[    0.734755] bio: create slab &lt;bio-0&gt; at 0
[    0.739209] ACPI: Added _OSI(Module Device)
[    0.740131] ACPI: Added _OSI(Processor Device)
[    0.740711] ACPI: Added _OSI(3.0 _SCP Extensions)
[    0.741413] ACPI: Added _OSI(Processor Aggregator Device)
[    0.810518] ACPI: Interpreter enabled
[    0.811099] ACPI: (supports S0 S3 S4 S5)
[    0.813665] ACPI: Using IOAPIC for interrupt routing
[    0.889189] ACPI: No dock devices found.
[    0.889945] HEST: Table not found.
[    0.890474] PCI: Using host bridge windows from ACPI; if necessary, use "pci=nocrs" and report a bug
[    0.896593] ACPI: PCI Root Bridge [PCI0] (domain 0000 [bus 00-ff])
[    0.906047] pci_root PNP0A03:00: host bridge window [io  0x0000-0x0cf7]
[    0.906949] pci_root PNP0A03:00: host bridge window [io  0x0d00-0xadff]
[    0.908089] pci_root PNP0A03:00: host bridge window [io  0xae0f-0xaeff]
[    0.909071] pci_root PNP0A03:00: host bridge window [io  0xaf20-0xafdf]
[    0.909907] pci_root PNP0A03:00: host bridge window [io  0xafe4-0xffff]
[    0.910821] pci_root PNP0A03:00: host bridge window [mem 0x000a0000-0x000bffff]
[    0.912117] pci_root PNP0A03:00: host bridge window [mem 0x04000000-0xfebfffff]
[    0.937725] pci 0000:00:01.3: quirk: [io  0xb000-0xb03f] claimed by PIIX4 ACPI
[    0.940283] pci 0000:00:01.3: quirk: [io  0xb100-0xb10f] claimed by PIIX4 SMB
[    1.011315]  pci0000:00: Unable to request _OSC control (_OSC support mask: 0x1e)
[    1.066739] ACPI: PCI Interrupt Link [LNKA] (IRQs 5 *10 11)
[    1.068260] ACPI: PCI Interrupt Link [LNKB] (IRQs 5 *10 11)
[    1.071072] ACPI: PCI Interrupt Link [LNKC] (IRQs 5 10 *11)
[    1.073244] ACPI: PCI Interrupt Link [LNKD] (IRQs 5 10 *11)
[    1.074476] ACPI: PCI Interrupt Link [LNKS] (IRQs *9)
[    1.080875] vgaarb: device added: PCI:0000:00:02.0,decodes=io+mem,owns=io+mem,locks=none
[    1.081899] vgaarb: loaded
[    1.082259] vgaarb: bridge control possible 0000:00:02.0
[    1.085983] i2c-core: driver [aat2870] using legacy suspend method
[    1.086765] i2c-core: driver [aat2870] using legacy resume method
[    1.089389] SCSI subsystem initialized
[    1.093526] usbcore: registered new interface driver usbfs
[    1.094626] usbcore: registered new interface driver hub
[    1.096724] usbcore: registered new device driver usb
[    1.100684] PCI: Using ACPI for IRQ routing
[    1.109858] NetLabel: Initializing
[    1.110273] NetLabel:  domain hash size = 128
[    1.110770] NetLabel:  protocols = UNLABELED CIPSOv4
[    1.113488] NetLabel:  unlabeled traffic allowed by default
[    1.115282] HPET: 3 timers in total, 0 timers will be used for per-cpu timer
[    1.116402] hpet0: at MMIO 0xfed00000, IRQs 2, 8, 0
[    1.117295] hpet0: 3 comparators, 64-bit 100.000000 MHz counter
[    1.132213] Switching to clocksource hpet
[    1.357562] AppArmor: AppArmor Filesystem Enabled
[    1.358952] pnp: PnP ACPI init
[    1.359579] ACPI: bus type pnp registered
[    1.383780] pnp: PnP ACPI: found 9 devices
[    1.384902] ACPI: ACPI bus type pnp unregistered
[    1.449780] NET: Registered protocol family 2
[    1.486453] IP route cache hash table entries: 512 (order: 0, 4096 bytes)
[    1.493793] TCP established hash table entries: 2048 (order: 3, 32768 bytes)
[    1.496039] TCP bind hash table entries: 2048 (order: 3, 32768 bytes)
[    1.497659] TCP: Hash tables configured (established 2048 bind 2048)
[    1.498530] TCP reno registered
[    1.499028] UDP hash table entries: 128 (order: 0, 4096 bytes)
[    1.499922] UDP-Lite hash table entries: 128 (order: 0, 4096 bytes)
[    1.503422] NET: Registered protocol family 1
[    1.505544] pci 0000:00:00.0: Limiting direct PCI/PCI transfers
[    1.506289] pci 0000:00:01.0: PIIX3: Enabling Passive Release
[    1.507356] pci 0000:00:01.0: Activating ISA DMA hang workarounds
[    1.513447] ACPI: PCI Interrupt Link [LNKD] enabled at IRQ 11
[    1.514350] pci 0000:00:01.2: PCI INT D -&gt; Link[LNKD] -&gt; GSI 11 (level, high) -&gt; IRQ 11
[    1.516585] pci 0000:00:01.2: PCI INT D disabled
[    1.542898] Trying to unpack rootfs image as initramfs...
[    1.562186] audit: initializing netlink socket (disabled)
[    1.563794] type=2000 audit(1450602108.560:1): initialized
[    1.851762] HugeTLB registered 2 MB page size, pre-allocated 0 pages
[    1.964099] VFS: Disk quotas dquot_6.5.2
[    1.966603] Dquot-cache hash table entries: 512 (order 0, 4096 bytes)
[    1.990197] fuse init (API version 7.17)
[    1.993451] msgmni has been set to 84
[    2.032103] Block layer SCSI generic (bsg) driver version 0.4 loaded (major 253)
[    2.034952] io scheduler noop registered
[    2.037388] io scheduler deadline registered (default)
[    2.038624] io scheduler cfq registered
[    2.042706] pci_hotplug: PCI Hot Plug PCI Core version: 0.5
[    2.045842] pciehp: PCI Express Hot Plug Controller Driver version: 0.4
[    2.055302] input: Power Button as /devices/LNXSYSTM:00/LNXPWRBN:00/input/input0
[    2.058018] ACPI: Power Button [PWRF]
[    2.114919] ERST: Table is not found!
[    2.115444] GHES: HEST is not enabled!
[    2.127783] ACPI: PCI Interrupt Link [LNKC] enabled at IRQ 10
[    2.129503] virtio-pci 0000:00:03.0: PCI INT A -&gt; Link[LNKC] -&gt; GSI 10 (level, high) -&gt; IRQ 10
[    2.141517] virtio-pci 0000:00:04.0: PCI INT A -&gt; Link[LNKD] -&gt; GSI 11 (level, high) -&gt; IRQ 11
[    2.163557] ACPI: PCI Interrupt Link [LNKA] enabled at IRQ 10
[    2.166204] virtio-pci 0000:00:05.0: PCI INT A -&gt; Link[LNKA] -&gt; GSI 10 (level, high) -&gt; IRQ 10
[    2.198036] Serial: 8250/16550 driver, 32 ports, IRQ sharing enabled
[    2.241543] serial8250: ttyS0 at I/O 0x3f8 (irq = 4) is a 16550A
[    2.334140] serial8250: ttyS1 at I/O 0x2f8 (irq = 3) is a 16550A
[    2.460224] 00:05: ttyS0 at I/O 0x3f8 (irq = 4) is a 16550A
[    2.526351] 00:06: ttyS1 at I/O 0x2f8 (irq = 3) is a 16550A
[    2.527639] Refined TSC clocksource calibration: 2294.061 MHz.
[    2.529295] Switching to clocksource tsc
[    2.561725] Linux agpgart interface v0.103
[    2.633769] brd: module loaded
[    2.659153] loop: module loaded
[    2.705753]  vda: unknown partition table
[    2.761384] scsi0 : ata_piix
[    2.764966] scsi1 : ata_piix
[    2.766655] ata1: PATA max MWDMA2 cmd 0x1f0 ctl 0x3f6 bmdma 0xc0a0 irq 14
[    2.767695] ata2: PATA max MWDMA2 cmd 0x170 ctl 0x376 bmdma 0xc0a8 irq 15
[    2.777716] Fixed MDIO Bus: probed
[    2.778553] tun: Universal TUN/TAP device driver, 1.6
[    2.779483] tun: (C) 1999-2004 Max Krasnyansky &lt;maxk@qualcomm.com&gt;
[    2.794400] PPP generic driver version 2.4.2
[    2.815238] ehci_hcd: USB 2.0 'Enhanced' Host Controller (EHCI) Driver
[    2.817513] ohci_hcd: USB 1.1 'Open' Host Controller (OHCI) Driver
[    2.818462] uhci_hcd: USB Universal Host Controller Interface driver
[    2.819501] uhci_hcd 0000:00:01.2: PCI INT D -&gt; Link[LNKD] -&gt; GSI 11 (level, high) -&gt; IRQ 11
[    2.822971] uhci_hcd 0000:00:01.2: UHCI Host Controller
[    2.826024] uhci_hcd 0000:00:01.2: new USB bus registered, assigned bus number 1
[    2.827927] uhci_hcd 0000:00:01.2: irq 11, io base 0x0000c040
[    2.866730] hub 1-0:1.0: USB hub found
[    2.868947] hub 1-0:1.0: 2 ports detected
[    2.881640] usbcore: registered new interface driver libusual
[    2.885134] i8042: PNP: PS/2 Controller [PNP0303:KBD,PNP0f13:MOU] at 0x60,0x64 irq 1,12
[    2.891999] serio: i8042 KBD port at 0x60,0x64 irq 1
[    2.895169] serio: i8042 AUX port at 0x60,0x64 irq 12
[    2.930781] mousedev: PS/2 mouse device common for all mice
[    2.952112] input: AT Translated Set 2 keyboard as /devices/platform/i8042/serio0/input/input1
[    2.957478] rtc_cmos 00:01: RTC can wake from S4
[    2.977975] rtc_cmos 00:01: rtc core: registered rtc_cmos as rtc0
[    2.981847] rtc0: alarms up to one day, 114 bytes nvram, hpet irqs
[    2.989298] device-mapper: uevent: version 1.0.3
[    3.016416] device-mapper: ioctl: 4.22.0-ioctl (2011-10-19) initialised: dm-devel@redhat.com
[    3.024986] cpuidle: using governor ladder
[    3.027854] cpuidle: using governor menu
[    3.029161] EFI Variables Facility v0.08 2004-May-17
[    3.041508] TCP cubic registered
[    3.048517] NET: Registered protocol family 10
[    3.083383] NET: Registered protocol family 17
[    3.084901] Registering the dns_resolver key type
[    3.096657] ata2.01: ATAPI: QEMU DVD-ROM, 2.0.0, max UDMA/100
[    3.114965] ata2.01: configured for MWDMA2
[    3.147462] scsi 1:0:1:0: CD-ROM            QEMU     QEMU DVD-ROM     2.0. PQ: 0 ANSI: 5
[    3.166926] sr0: scsi3-mmc drive: 4x/4x cd/rw xa/form2 tray
[    3.168989] cdrom: Uniform CD-ROM driver Revision: 3.20
[    3.183529] sr 1:0:1:0: Attached scsi generic sg0 type 5
[    3.232023] registered taskstats version 1
[    3.252020] Freeing initrd memory: 3656k freed
[    3.726319]   Magic number: 11:454:20
[    3.738316] rtc_cmos 00:01: setting system clock to 2015-12-20 09:01:51 UTC (1450602111)
[    3.742563] powernow-k8: Processor cpuid 663 not supported
[    3.748044] BIOS EDD facility v0.16 2004-Jun-25, 0 devices found
[    3.751127] EDD information not available.
[    3.829267] Freeing unused kernel memory: 928k freed
[    3.834762] Write protecting the kernel read-only data: 12288k
[    3.921319] Freeing unused kernel memory: 1596k freed
[    3.974635] Freeing unused kernel memory: 1184k freed

info: initramfs: up at 4.15
modprobe: module virtio_blk not found in modules.dep
modprobe: module virtio_net not found in modules.dep
info: copying initramfs to /dev/vda
info: initramfs loading root from /dev/vda
info: /etc/init.d/rc.sysinit: up at 8.66
info: container: none
Starting logging: OK
modprobe: module virtio_blk not found in modules.dep
modprobe: module virtio_net not found in modules.dep
WARN: /etc/rc3.d/S10-load-modules failed
Initializing random number generator... done.
Starting acpid: OK
cirros-ds 'local' up at 11.13
found datasource (configdrive, local)
Starting network...
udhcpc (v1.20.1) started
Sending discover...
Sending discover...
Sending discover...
Usage: /sbin/cirros-dhcpc &lt;up|down&gt;
No lease, failing
WARN: /etc/rc3.d/S40-network failed
Starting dropbear sshd: generating rsa key... generating dsa key... OK
no userdata for datasource
=== system information ===
Platform: OpenStack Foundation OpenStack Nova
Container: none
Arch: x86_64
CPU(s): 1 @ 2294.018 MHz
Cores/Sockets/Threads: 1/1/1
Virt-type: AMD-V
RAM Size: 49MB
Disks:
NAME MAJ:MIN     SIZE LABEL         MOUNTPOINT
vda  253:0   25165824 cirros-rootfs /
sr0   11:0     428032 config-2      
=== sshd host keys ===
-----BEGIN SSH HOST KEY KEYS-----
ssh-rsa AAAAB3NzaC1yc2EAAAADAQABAAAAgwCErjA/vHE2NGHN3tAyd7qQgfpZZDvdR8e0QcNaz0abOOc5zD4ZHCejF2dR/uIwQC/W1jj8Zgc/yOWCBFbTvadn6LWAihO/x750+PQ7flny7mRDCtr0RwfBKGvC6GlR5hMh+lfBRTFkjv/6m0k6Kx7Fx4nxkXo9j22Nef4Czh1+1RrF root@tempest
ssh-dss AAAAB3NzaC1kc3MAAACBAIhsa15jXk7NIhvLMcolItAHMXeqKLZS8UA/m8XhS77YgKtWT6ckZr3GdYPHASOn3Nyd+8uaH4iIRwJDw8fZzmRz5xtUTdViURlLCWWDlAExPyT4dpXV0GNPvu4Su2qBJVihBQ1Kl1Mj9xmxHphaqoIEpVtt2KrrSz/gqkmxXav1AAAAFQDlkoIWT1GgxvIFhXR4xOOoHlTdnwAAAIAZ5A9kBsdrgYhTnzPvsJhBADnSLxa4mj2Bt4xTcMvJYfhUHiVFoI8wbDKivvWl/x8hWLEaat71ijJc/Siq/TdNiEDfCR4n/hix9c9TjvmJbK1b8k9b2QRi9O+1i+wc8ZnrWQpA4eY4/1aUAUAKMr5inurCMmoZMaTVy5kDWvRaaAAAAIBkGB2P3H/pIhzjejLaGD/4Va3111cjgRfN3yyXfVSmtqvKXKaCjTfV9wVLksV2MC6OTQQYlL/5zFsxfNNHKzkMS1ndzY8X136AXYJJOIJEWkqZLoDtotSZksFNFC3kKhLo0d2Hh8VajczufMGsAm0j5fP0nf0S72hENYs5luMDEg== root@tempest
-----END SSH HOST KEY KEYS-----
=== network info ===
if-info: lo,up,127.0.0.1,8,::1
if-info: eth0,up,,8,fe80::f816:3eff:fef1:ddcd
=== datasource: configdrive local ===
instance-id: 2801e6fc-a46b-4967-a387-72845b56f72d
name: tempest.common.compute-instance-1873119283
availability-zone: nova
local-hostname: tempest.common.compute-instance-1873119283.novalocal
launch-index: 0
=== cirros: current=0.3.4 uptime=203.49 ===
route: fscanf
=== pinging gateway failed, debugging connection ===
############ debug start ##############
### /etc/init.d/sshd start
Starting dropbear sshd: OK
route: fscanf
### ifconfig -a
eth0      Link encap:Ethernet  HWaddr FA:16:3E:F1:DD:CD  
          inet6 addr: fe80::f816:3eff:fef1:ddcd/64 Scope:Link
          UP BROADCAST RUNNING MULTICAST  MTU:1500  Metric:1
          RX packets:12 errors:0 dropped:5 overruns:0 frame:0
          TX packets:8 errors:0 dropped:0 overruns:0 carrier:0
          collisions:0 txqueuelen:1000 
          RX bytes:1293 (1.2 KiB)  TX bytes:1134 (1.1 KiB)

lo        Link encap:Local Loopback  
          inet addr:127.0.0.1  Mask:255.0.0.0
          inet6 addr: ::1/128 Scope:Host
          UP LOOPBACK RUNNING  MTU:16436  Metric:1
          RX packets:12 errors:0 dropped:0 overruns:0 frame:0
          TX packets:12 errors:0 dropped:0 overruns:0 carrier:0
          collisions:0 txqueuelen:0 
          RX bytes:1020 (1020.0 B)  TX bytes:1020 (1020.0 B)

### route -n
Kernel IP routing table
Destination     Gateway         Genmask         Flags Metric Ref    Use Iface
route: fscanf
### cat /etc/resolv.conf
cat: can't open '/etc/resolv.conf': No such file or directory
### gateway not found
/sbin/cirros-status: line 1: can't open /etc/resolv.conf: no such file
### pinging nameservers
### uname -a
Linux tempest 3.2.0-80-virtual #116-Ubuntu SMP Mon Mar 23 17:28:52 UTC 2015 x86_64 GNU/Linux
### lsmod
Module                  Size  Used by    Not tainted
nls_iso8859_1          12713  0 
nls_cp437              16991  0 
vfat                   17585  0 
fat                    61512  1 vfat
isofs                  40259  0 
ip_tables              27473  0 
x_tables               29891  1 ip_tables
pcnet32                42119  0 
8139cp                 27360  0 
ne2k_pci               13691  0 
8390                   18856  1 ne2k_pci
e1000                 108589  0 
acpiphp                24231  0 
### dmesg | tail
[    4.908598] EXT3-fs (vda): mounted filesystem with ordered data mode
[    5.187724] ISO 9660 Extensions: Microsoft Joliet Level 3
[    5.252745] ISO 9660 Extensions: RRIP_1991A
[    5.483219] kjournald starting.  Commit interval 5 seconds
[    5.496841] EXT3-fs (vda): using internal journal
[    5.497561] EXT3-fs (vda): mounted filesystem with ordered data mode
[    8.712771] EXT3-fs (vda): using internal journal
[   11.839236] ISO 9660 Extensions: Microsoft Joliet Level 3
[   11.938316] ISO 9660 Extensions: RRIP_1991A
[   26.451465] eth0: no IPv6 routers present
### tail -n 25 /var/log/messages
Dec 20 09:01:57 cirros kern.info kernel: [    4.423840] acpiphp: Slot [26] registered
Dec 20 09:01:57 cirros kern.info kernel: [    4.424160] acpiphp: Slot [27] registered
Dec 20 09:01:57 cirros kern.info kernel: [    4.425521] acpiphp: Slot [28] registered
Dec 20 09:01:57 cirros kern.info kernel: [    4.425868] acpiphp: Slot [29] registered
Dec 20 09:01:57 cirros kern.info kernel: [    4.426175] acpiphp: Slot [30] registered
Dec 20 09:01:57 cirros kern.info kernel: [    4.426480] acpiphp: Slot [31] registered
Dec 20 09:01:57 cirros kern.info kernel: [    4.467402] e1000: Intel(R) PRO/1000 Network Driver - version 7.3.21-k8-NAPI
Dec 20 09:01:57 cirros kern.info kernel: [    4.467450] e1000: Copyright (c) 1999-2006 Intel Corporation.
Dec 20 09:01:57 cirros kern.info kernel: [    4.500491] ne2k-pci.c:v1.03 9/22/2003 D. Becker/P. Gortmaker
Dec 20 09:01:57 cirros kern.info kernel: [    4.549272] 8139cp: 8139cp: 10/100 PCI Ethernet driver v1.3 (Mar 22, 2004)
Dec 20 09:01:57 cirros kern.info kernel: [    4.585286] pcnet32: pcnet32.c:v1.35 21.Apr.2008 tsbogend@alpha.franken.de
Dec 20 09:01:57 cirros kern.info kernel: [    4.637706] ip_tables: (C) 2000-2006 Netfilter Core Team
Dec 20 09:01:57 cirros kern.info kernel: [    4.903131] kjournald starting.  Commit interval 5 seconds
Dec 20 09:01:57 cirros kern.info kernel: [    4.908598] EXT3-fs (vda): mounted filesystem with ordered data mode
Dec 20 09:01:57 cirros kern.debug kernel: [    5.187724] ISO 9660 Extensions: Microsoft Joliet Level 3
Dec 20 09:01:57 cirros kern.debug kernel: [    5.252745] ISO 9660 Extensions: RRIP_1991A
Dec 20 09:01:57 cirros kern.info kernel: [    5.483219] kjournald starting.  Commit interval 5 seconds
Dec 20 09:01:57 cirros kern.info kernel: [    5.496841] EXT3-fs (vda): using internal journal
Dec 20 09:01:57 cirros kern.info kernel: [    5.497561] EXT3-fs (vda): mounted filesystem with ordered data mode
Dec 20 09:01:57 cirros kern.info kernel: [    8.712771] EXT3-fs (vda): using internal journal
Dec 20 09:01:59 cirros kern.debug kernel: [   11.839236] ISO 9660 Extensions: Microsoft Joliet Level 3
Dec 20 09:01:59 cirros kern.debug kernel: [   11.938316] ISO 9660 Extensions: RRIP_1991A
Dec 20 09:02:02 cirros auth.notice su: + /dev/console root:cirros
Dec 20 09:02:14 cirros kern.debug kernel: [   26.451465] eth0: no IPv6 routers present
Dec 20 09:05:09 cirros authpriv.info dropbear[283]: Running in background
############ debug end   ##############
  ____               ____  ____
 / __/ __ ____ ____ / __ \/ __/
/ /__ / // __// __// /_/ /\ \ 
\___//_//_/  /_/   \____/___/ 
   http://cirros-cloud.net


login as 'cirros' user. default password: 'cubswin:)'. use 'sudo' for root.
tempest login: 
2015-12-20 09:06:49,931 20586 INFO     [tempest_lib.common.rest_client] Request (TestGettingAddress:_run_cleanups): 204 DELETE http://10.0.2.15:9696/v2.0/floatingips/e743963f-265e-49ff-a32f-bce83a2694e7 0.343s
2015-12-20 09:06:49,931 20586 DEBUG    [tempest_lib.common.rest_client] Request - Headers: {'Content-Type': 'application/json', 'Accept': 'application/json', 'X-Auth-Token': '&lt;omitted&gt;'}
        Body: None
    Response - Headers: {'date': 'Sun, 20 Dec 2015 09:06:49 GMT', 'status': '204', 'connection': 'close', 'content-length': '0', 'x-openstack-request-id': 'req-6a4940e7-31ea-4bc5-808a-b4489db53492'}
        Body: 
2015-12-20 09:06:50,140 20586 INFO     [tempest_lib.common.rest_client] Request (TestGettingAddress:_run_cleanups): 204 DELETE http://10.0.2.15:8774/v2.1/d95d19d3b72544f0ba0a0f045d85af85/servers/2801e6fc-a46b-4967-a387-72845b56f72d 0.208s
2015-12-20 09:06:50,141 20586 DEBUG    [tempest_lib.common.rest_client] Request - Headers: {'Content-Type': 'application/json', 'Accept': 'application/json', 'X-Auth-Token': '&lt;omitted&gt;'}
        Body: None
    Response - Headers: {'status': '204', 'content-length': '0', 'x-compute-request-id': 'req-047c6ec4-1d59-4c77-b965-8d0861fade08', 'vary': 'X-OpenStack-Nova-API-Version', 'connection': 'close', 'x-openstack-nova-api-version': '2.1', 'date': 'Sun, 20 Dec 2015 09:06:50 GMT', 'content-type': 'application/json'}
        Body: 
2015-12-20 09:06:50,337 20586 INFO     [tempest_lib.common.rest_client] Request (TestGettingAddress:_run_cleanups): 200 GET http://10.0.2.15:8774/v2.1/d95d19d3b72544f0ba0a0f045d85af85/servers/2801e6fc-a46b-4967-a387-72845b56f72d 0.196s
2015-12-20 09:06:50,338 20586 DEBUG    [tempest_lib.common.rest_client] Request - Headers: {'Content-Type': 'application/json', 'Accept': 'application/json', 'X-Auth-Token': '&lt;omitted&gt;'}
        Body: None
    Response - Headers: {'status': '200', 'content-length': '1904', 'content-location': 'http://10.0.2.15:8774/v2.1/d95d19d3b72544f0ba0a0f045d85af85/servers/2801e6fc-a46b-4967-a387-72845b56f72d', 'x-compute-request-id': 'req-f10ca25a-1d26-466b-b3f8-61585409df5a', 'vary': 'X-OpenStack-Nova-API-Version', 'connection': 'close', 'x-openstack-nova-api-version': '2.1', 'date': 'Sun, 20 Dec 2015 09:06:50 GMT', 'content-type': 'application/json'}
        Body: {"server": {"status": "ACTIVE", "updated": "2015-12-20T09:06:50Z", "hostId": "a286f54be48a3b452acb3a7253cde889d6440bb02036e0d641867a64", "addresses": {"tempest-network-smoke--1143237212": [{"OS-EXT-IPS-MAC:mac_addr": "fa:16:3e:f1:dd:cd", "version": 6, "addr": "2003::f816:3eff:fef1:ddcd", "OS-EXT-IPS:type": "fixed"}, {"OS-EXT-IPS-MAC:mac_addr": "fa:16:3e:f1:dd:cd", "version": 4, "addr": "10.100.0.3", "OS-EXT-IPS:type": "fixed"}, {"OS-EXT-IPS-MAC:mac_addr": "fa:16:3e:f1:dd:cd", "version": 4, "addr": "172.24.4.4", "OS-EXT-IPS:type": "floating"}]}, "links": [{"href": "http://10.0.2.15:8774/v2.1/d95d19d3b72544f0ba0a0f045d85af85/servers/2801e6fc-a46b-4967-a387-72845b56f72d", "rel": "self"}, {"href": "http://10.0.2.15:8774/d95d19d3b72544f0ba0a0f045d85af85/servers/2801e6fc-a46b-4967-a387-72845b56f72d", "rel": "bookmark"}], "key_name": "tempest-TestGettingAddress-1592056542", "image": {"id": "4647deae-6199-4e2e-9f42-39e2dea601fe", "links": [{"href": "http://10.0.2.15:8774/d95d19d3b72544f0ba0a0f045d85af85/images/4647deae-6199-4e2e-9f42-39e2dea601fe", "rel": "bookmark"}]}, "OS-EXT-STS:task_state": "deleting", "OS-EXT-STS:vm_state": "active", "OS-SRV-USG:launched_at": "2015-12-20T09:01:44.000000", "flavor": {"id": "42", "links": [{"href": "http://10.0.2.15:8774/d95d19d3b72544f0ba0a0f045d85af85/flavors/42", "rel": "bookmark"}]}, "id": "2801e6fc-a46b-4967-a387-72845b56f72d", "security_groups": [{"name": "tempest-secgroup-smoke-985592470"}], "OS-SRV-USG:terminated_at": null, "OS-EXT-AZ:availability_zone": "nova", "user_id": "59501ab2703849988fa73c1a1769c50a", "name": "tempest.common.compute-instance-1873119283", "created": "2015-12-20T09:01:40Z", "tenant_id": "d95d19d3b72544f0ba0a0f045d85af85", "OS-DCF:diskConfig": "MANUAL", "os-extended-volumes:volumes_attached": [], "accessIPv4": "", "accessIPv6": "", "progress": 0, "OS-EXT-STS:power_state": 1, "config_drive": "True", "metadata": {}}}
2015-12-20 09:06:51,610 20586 INFO     [tempest_lib.common.rest_client] Request (TestGettingAddress:_run_cleanups): 200 GET http://10.0.2.15:8774/v2.1/d95d19d3b72544f0ba0a0f045d85af85/servers/2801e6fc-a46b-4967-a387-72845b56f72d 0.257s
2015-12-20 09:06:51,610 20586 DEBUG    [tempest_lib.common.rest_client] Request - Headers: {'Content-Type': 'application/json', 'Accept': 'application/json', 'X-Auth-Token': '&lt;omitted&gt;'}
        Body: None
    Response - Headers: {'status': '200', 'content-length': '1837', 'content-location': 'http://10.0.2.15:8774/v2.1/d95d19d3b72544f0ba0a0f045d85af85/servers/2801e6fc-a46b-4967-a387-72845b56f72d', 'x-compute-request-id': 'req-285f4e43-5a4d-43fc-9efa-4cfc2f73f20c', 'vary': 'X-OpenStack-Nova-API-Version', 'connection': 'close', 'x-openstack-nova-api-version': '2.1', 'date': 'Sun, 20 Dec 2015 09:06:51 GMT', 'content-type': 'application/json'}
        Body: {"server": {"status": "ACTIVE", "updated": "2015-12-20T09:06:50Z", "hostId": "a286f54be48a3b452acb3a7253cde889d6440bb02036e0d641867a64", "addresses": {"tempest-network-smoke--1143237212": [{"OS-EXT-IPS-MAC:mac_addr": "fa:16:3e:f1:dd:cd", "version": 6, "addr": "2003::f816:3eff:fef1:ddcd", "OS-EXT-IPS:type": "fixed"}, {"OS-EXT-IPS-MAC:mac_addr": "fa:16:3e:f1:dd:cd", "version": 4, "addr": "10.100.0.3", "OS-EXT-IPS:type": "fixed"}, {"OS-EXT-IPS-MAC:mac_addr": "fa:16:3e:f1:dd:cd", "version": 4, "addr": "172.24.4.4", "OS-EXT-IPS:type": "floating"}]}, "links": [{"href": "http://10.0.2.15:8774/v2.1/d95d19d3b72544f0ba0a0f045d85af85/servers/2801e6fc-a46b-4967-a387-72845b56f72d", "rel": "self"}, {"href": "http://10.0.2.15:8774/d95d19d3b72544f0ba0a0f045d85af85/servers/2801e6fc-a46b-4967-a387-72845b56f72d", "rel": "bookmark"}], "key_name": "tempest-TestGettingAddress-1592056542", "image": {"id": "4647deae-6199-4e2e-9f42-39e2dea601fe", "links": [{"href": "http://10.0.2.15:8774/d95d19d3b72544f0ba0a0f045d85af85/images/4647deae-6199-4e2e-9f42-39e2dea601fe", "rel": "bookmark"}]}, "OS-EXT-STS:task_state": "deleting", "OS-EXT-STS:vm_state": "active", "OS-SRV-USG:launched_at": "2015-12-20T09:01:44.000000", "flavor": {"id": "42", "links": [{"href": "http://10.0.2.15:8774/d95d19d3b72544f0ba0a0f045d85af85/flavors/42", "rel": "bookmark"}]}, "id": "2801e6fc-a46b-4967-a387-72845b56f72d", "OS-SRV-USG:terminated_at": null, "OS-EXT-AZ:availability_zone": "nova", "user_id": "59501ab2703849988fa73c1a1769c50a", "name": "tempest.common.compute-instance-1873119283", "created": "2015-12-20T09:01:40Z", "tenant_id": "d95d19d3b72544f0ba0a0f045d85af85", "OS-DCF:diskConfig": "MANUAL", "os-extended-volumes:volumes_attached": [], "accessIPv4": "", "accessIPv6": "", "progress": 0, "OS-EXT-STS:power_state": 1, "config_drive": "True", "metadata": {}}}
2015-12-20 09:06:52,706 20586 INFO     [tempest_lib.common.rest_client] Request (TestGettingAddress:_run_cleanups): 404 GET http://10.0.2.15:8774/v2.1/d95d19d3b72544f0ba0a0f045d85af85/servers/2801e6fc-a46b-4967-a387-72845b56f72d 0.081s
2015-12-20 09:06:52,707 20586 DEBUG    [tempest_lib.common.rest_client] Request - Headers: {'Content-Type': 'application/json', 'Accept': 'application/json', 'X-Auth-Token': '&lt;omitted&gt;'}
        Body: None
    Response - Headers: {'status': '404', 'content-length': '111', 'x-compute-request-id': 'req-ba3d7c83-ba92-4fbc-80a3-b1140fdc09e6', 'vary': 'X-OpenStack-Nova-API-Version', 'connection': 'close', 'x-openstack-nova-api-version': '2.1', 'date': 'Sun, 20 Dec 2015 09:06:52 GMT', 'content-type': 'application/json; charset=UTF-8'}
        Body: {"itemNotFound": {"message": "Instance 2801e6fc-a46b-4967-a387-72845b56f72d could not be found.", "code": 404}}
2015-12-20 09:06:53,057 20586 INFO     [tempest_lib.common.rest_client] Request (TestGettingAddress:_run_cleanups): 200 PUT http://10.0.2.15:9696/v2.0/routers/b7773a7e-f9be-4f30-a568-8a6afd9d92f7/remove_router_interface 0.349s
2015-12-20 09:06:53,057 20586 DEBUG    [tempest_lib.common.rest_client] Request - Headers: {'Content-Type': 'application/json', 'Accept': 'application/json', 'X-Auth-Token': '&lt;omitted&gt;'}
        Body: {"subnet_id": "16a78470-cc27-4927-a1af-4c67531e630e"}
    Response - Headers: {'status': '200', 'content-length': '255', 'connection': 'close', 'date': 'Sun, 20 Dec 2015 09:06:53 GMT', 'content-type': 'application/json; charset=UTF-8', 'x-openstack-request-id': 'req-d0124d0a-2817-4afb-ab3f-23ea17eeddca'}
        Body: {"subnet_id": "16a78470-cc27-4927-a1af-4c67531e630e", "tenant_id": "d95d19d3b72544f0ba0a0f045d85af85", "subnet_ids": ["16a78470-cc27-4927-a1af-4c67531e630e"], "port_id": "a904da15-cdbe-4d60-a6fa-0c6f831b0968", "id": "b7773a7e-f9be-4f30-a568-8a6afd9d92f7"}
2015-12-20 09:06:53,469 20586 INFO     [tempest_lib.common.rest_client] Request (TestGettingAddress:_run_cleanups): 204 DELETE http://10.0.2.15:9696/v2.0/subnets/16a78470-cc27-4927-a1af-4c67531e630e 0.410s
2015-12-20 09:06:53,469 20586 DEBUG    [tempest_lib.common.rest_client] Request - Headers: {'Content-Type': 'application/json', 'Accept': 'application/json', 'X-Auth-Token': '&lt;omitted&gt;'}
        Body: None
    Response - Headers: {'date': 'Sun, 20 Dec 2015 09:06:53 GMT', 'status': '204', 'connection': 'close', 'content-length': '0', 'x-openstack-request-id': 'req-9245cf11-0ab7-412f-ad79-972de62f129a'}
        Body: 
