<?xml version="1.0" encoding="UTF-8"?>
<!DOCTYPE html PUBLIC "-//W3C//DTD XHTML 1.0 Strict//EN"
     "http://www.w3.org/TR/xhtml1/DTD/xhtml1-strict.dtd">
<html xmlns="http://www.w3.org/1999/xhtml">
<head>
    <title>Unit Test Report</title>
    <meta name="generator" content="subunit2html 0.1"/>
    <meta http-equiv="Content-Type" content="text/html; charset=UTF-8"/>
    
<style type="text/css" media="screen">
body        { font-family: verdana, arial, helvetica, sans-serif;
    font-size: 80%; }
table       { font-size: 100%; width: 100%;}
pre         { font-size: 80%; }

/* -- heading -------------------------------------------------------------- */
h1 {
        font-size: 16pt;
        color: gray;
}
.heading {
    margin-top: 0ex;
    margin-bottom: 1ex;
}

.heading .attribute {
    margin-top: 1ex;
    margin-bottom: 0;
}

.heading .description {
    margin-top: 4ex;
    margin-bottom: 6ex;
}

/* -- css div popup -------------------------------------------------------- */
a.popup_link {
}

a.popup_link:hover {
    color: red;
}

.popup_window {
    display: none;
    overflow-x: scroll;
    /*border: solid #627173 1px; */
    padding: 10px;
    background-color: #E6E6D6;
    font-family: "Ubuntu Mono", "Lucida Console", "Courier New", monospace;
    text-align: left;
    font-size: 8pt;
}

}
/* -- report --------------------------------------------------------------- */
#show_detail_line {
    margin-top: 3ex;
    margin-bottom: 1ex;
}
#result_table {
    width: 100%;
    border-collapse: collapse;
    border: 1px solid #777;
}
#header_row {
    font-weight: bold;
    color: white;
    background-color: #777;
}
#result_table td {
    border: 1px solid #777;
    padding: 2px;
}
#total_row  { font-weight: bold; }
.passClass  { background-color: #6c6; }
.failClass  { background-color: #c60; }
.errorClass { background-color: #c00; }
.passCase   { color: #6c6; }
.failCase   { color: #c60; font-weight: bold; }
.errorCase  { color: #c00; font-weight: bold; }
.hiddenRow  { display: none; }
.testcase   { margin-left: 2em; }
td.testname {width: 40%}
td.small {width: 40px}

/* -- ending --------------------------------------------------------------- */
#ending {
}

</style>

</head>
<body>
<script language="javascript" type="text/javascript"><!--
output_list = Array();

/* level - 0:Summary; 1:Failed; 2:All */
function showCase(level) {
    trs = document.getElementsByTagName("tr");
    for (var i = 0; i < trs.length; i++) {
        tr = trs[i];
        id = tr.id;
        if (id.substr(0,2) == 'ft') {
            if (level < 1) {
                tr.className = 'hiddenRow';
            }
            else {
                tr.className = '';
            }
        }
        if (id.substr(0,2) == 'pt') {
            if (level > 1) {
                tr.className = '';
            }
            else {
                tr.className = 'hiddenRow';
            }
        }
    }
}


function showClassDetail(cid, count) {
    var id_list = Array(count);
    var toHide = 1;
    for (var i = 0; i < count; i++) {
        tid0 = 't' + cid.substr(1) + '.' + (i+1);
        tid = 'f' + tid0;
        tr = document.getElementById(tid);
        if (!tr) {
            tid = 'p' + tid0;
            tr = document.getElementById(tid);
        }
        id_list[i] = tid;
        if (tr.className) {
            toHide = 0;
        }
    }
    for (var i = 0; i < count; i++) {
        tid = id_list[i];
        if (toHide) {
            document.getElementById('div_'+tid).style.display = 'none'
            document.getElementById(tid).className = 'hiddenRow';
        }
        else {
            document.getElementById(tid).className = '';
        }
    }
}


function showTestDetail(div_id){
    var details_div = document.getElementById(div_id)
    var displayState = details_div.style.display
    // alert(displayState)
    if (displayState != 'block' ) {
        displayState = 'block'
        details_div.style.display = 'block'
    }
    else {
        details_div.style.display = 'none'
    }
}


function html_escape(s) {
    s = s.replace(/&/g,'&amp;');
    s = s.replace(/</g,'&lt;');
    s = s.replace(/>/g,'&gt;');
    return s;
}

/* obsoleted by detail in <div>
function showOutput(id, name) {
    var w = window.open("", //url
                    name,
                    "resizable,scrollbars,status,width=800,height=450");
    d = w.document;
    d.write("<pre>");
    d.write(html_escape(output_list[id]));
    d.write("\n");
    d.write("<a href='javascript:window.close()'>close</a>\n");
    d.write("</pre>\n");
    d.close();
}
*/
--></script>

<div class='heading'>
<h1>Unit Test Report</h1>

<p class='attribute'><strong>Status:</strong> Failure 8</p>

<p class='description'></p>
</div>



<p id='show_detail_line'>Show
<a href='javascript:showCase(0)'>Summary</a>
<a href='javascript:showCase(1)'>Failed</a>
<a href='javascript:showCase(2)'>All</a>
</p>
<table id='result_table'>
<colgroup>
<col align='left' />
<col align='right' />
<col align='right' />
<col align='right' />
<col align='right' />
<col align='right' />
<col align='right' />
<col align='right' />
</colgroup>
<tr id='header_row'>
    <td>Test Group/Test case</td>
    <td>Count</td>
    <td>Pass</td>
    <td>Fail</td>
    <td>Error</td>
    <td>Skip</td>
    <td>View</td>
    <td> </td>
</tr>

<tr class='failClass'>
    <td class="testname">tempest.scenario.test_network_v6.TestGettingAddress</td>
    <td class="small">8</td>
    <td class="small">0</td>
    <td class="small">8</td>
    <td class="small">0</td>
    <td class="small">0</td>
    <td class="small"><a href="javascript:showClassDetail('c1',8)"
>Detail</a></td>
    <td> </td>
</tr>

<tr id='ft1.1' class='none'>
    <td class='failCase'><div class='testcase'>test_dhcp6_stateless_from_os[compute,id-d7e1f858-187c-45a6-89c9-bdafde619a9f,network]</div></td>
    <td colspan='7' align='left'>

    <!--css div popup start-->
    <a class="popup_link" onfocus='this.blur();'
    href="javascript:showTestDetail('div_ft1.1')" >
        fail</a>

    <div id='div_ft1.1' class="popup_window">
        <div style='text-align: right; color:red;cursor:pointer'>
        <a onfocus='this.blur();'
onclick="document.getElementById('div_ft1.1').style.display = 'none' " >
           [x]</a>
        </div>
        <pre>
        
ft1.1: tempest.scenario.test_network_v6.TestGettingAddress.test_dhcp6_stateless_from_os[compute,id-d7e1f858-187c-45a6-89c9-bdafde619a9f,network]_StringException: Empty attachments:
  stderr
  stdout

pythonlogging:'': {{{
2015-12-15 19:34:54,945 24084 INFO     [tempest_lib.common.rest_client] Request (TestGettingAddress:setUp): 200 POST http://10.0.2.15:8774/v2.1/b28e688b837b4bb0a4fd0a52d34d718d/os-keypairs 0.286s
2015-12-15 19:34:54,946 24084 DEBUG    [tempest_lib.common.rest_client] Request - Headers: {'Content-Type': 'application/json', 'Accept': 'application/json', 'X-Auth-Token': '&lt;omitted&gt;'}
        Body: {"keypair": {"name": "tempest-TestGettingAddress-1093825152"}}
    Response - Headers: {'status': '200', 'content-length': '2320', 'x-compute-request-id': 'req-b2a67d59-8984-41ed-b4ce-a99752a48c20', 'vary': 'X-OpenStack-Nova-API-Version', 'connection': 'close', 'x-openstack-nova-api-version': '2.1', 'date': 'Tue, 15 Dec 2015 19:34:54 GMT', 'content-type': 'application/json'}
        Body: {"keypair": {"public_key": "ssh-rsa AAAAB3NzaC1yc2EAAAADAQABAAABAQDEElg/aOMsY+YiVKmXw4C77ZNkZEqmj1eS09ycP1HuBDIOe0hg6K15h8Ix5mfo89+oqDiVIuSulHWTIIQ6CScFHnmwZZseUzaNchWdvyarMY7NRGSEKw0yiR2r3/aVthNELHmgrVBEL32E7zyKJ7WReMWMtkqLu5xHzF2QZ5NQroFOY2cOKa9WxTjg+s4DIPhaS6kgL0O/CWT8B3yFG45fuygo32XLm4nQ4zZIT54YDHXMxkY9HiNVlVr28/lVF6Qk6nlExRU54Nad1GQJGs7T6u6i9YOrWRdhlLBhLS+Ek0ZB85cc+p1HDCjIMm/B/QgIdfHtOhjET1xihFFOBm4L Generated-by-Nova", "private_key": "-----BEGIN RSA PRIVATE KEY-----\nMIIEqQIBAAKCAQEAxBJYP2jjLGPmIlSpl8OAu+2TZGRKpo9XktPcnD9R7gQyDntI\nYOiteYfCMeZn6PPfqKg4lSLkrpR1kyCEOgknBR55sGWbHlM2jXIVnb8mqzGOzURk\nhCsNMokdq9/2lbYTRCx5oK1QRC99hO88iie1kXjFjLZKi7ucR8xdkGeTUK6BTmNn\nDimvVsU44PrOAyD4WkupIC9Dvwlk/Ad8hRuOX7soKN9ly5uJ0OM2SE+eGAx1zMZG\nPR4jVZVa9vP5VRekJOp5RMUVOeDWndRkCRrO0+ruovWDq1kXYZSwYS0vhJNGQfOX\nHPqdRwwoyDJvwf0ICHXx7ToYxE9cYoRRTgZuCwIDAQABAoIBAQCQa/bGliqnGtp7\ntSLKX73mLwOfMeRutSzLQPTBvj5J9JsuYY6ZmymUV/Qpr04gn+nBoE81QuNw2HeW\nLKBY4z7znVQDI4RTnPWU0FCtxgvkk3ddKSBk3hU1gRvy6uAFvHyKfbwFJ0P1RYnO\nLi3IkaFDCtNwZyGXtVRS6myMnk47YVOR8TuUUnm6nFW2ssW6amo6ZzqIuzDUfPqR\nYqsgyYniNbbZ/qyzKpcBVn3y0MucjE5YuMXKk6AVRHFE8qnmZM1VybIA2Fkf1fYp\nU2yG2m5pMamOyVbtOFD9uEXymtyT1axFENQIjagvE9ShgvCYurTuiik1j8zf+nSn\nnEWZVp5RAoIAgQDQ/d5TlqXMpG+1+j5B7u6RPrh6y4R6BPnE0NCyWE0F+7H4EsQQ\nVfn2x2ATkeOBubPn6OVcokhS/1avqHcHyYmbo03QR9hrXesrn6DNGUTPGElgWHz9\n8BN0vmVY4KGOiZqSr2Km2qldSVjIS8jOkTYdUa7wlk7BxMKjyzliguD8UwKCAIEA\n8CyEhDWXVlkEhl6R2AI6nog5UFMDli0mx20e3qXte9xXKPiWJs7vXZ0HJrcAcDGm\ntoSBdUBbCAKZs1gZBvxNRFwtPHzO/2trqzgwR/yw6DyPt58Wt683dBi7zwU16Esw\n9PpZRUWtCeUP5Gv5nZCeoAnozb27WWAPc5SZXZbnUGkCggCBAKEjjR/AIRh3lRan\n2wb1VgaxaIZtkziNy5NAOhm40bKSTbdrqLa7w97N/Ts5mkQ0zg062lYhXkh4Tftk\nllpvv2U8dcvpCWpHYQMislZRbGeNX04lDEKzsBysjPIJSSfg20jMZ/Ek2b9uxUCy\nhiMXfbT/fTZNfm4S6sxl7loRda23AoIAgBOmcMkoYVNtQROFVUVpGUazOo053YdB\n9nRGl0n8JWwG4RK3FAHk2Gy+VkFyo5SKW2t/d+AR/eCv5cdoo9OQfPnk2MakJ4N6\nVHrTxA9/uzGlEtUhLQimS1EyXNtZP8nbrQu+F+O1Ca1PkndL5kZf+Lp7VRLQPS3Y\n0CrSs6GWoSJRAoIAgFuY2bCjjsY97knqtVtGbiNGmIpkIqV7MoWr68gOl0I5pgvr\n16DQ6q51rBeGtezGyGxRt/meJIHG70dbJKVG3OBF4LAPGg8Pq5hnky9SGewdYcCE\nSbnkLGsK9jrm4nFzlckww9UcOgp6YUVwr0by7QB8axkxKRct6usssa+VyEjf\n-----END RSA PRIVATE KEY-----\n", "user_id": "541130ee0bc742c4803444c4f43a57e8", "name": "tempest-TestGettingAddress-1093825152", "fingerprint": "df:61:ea:48:ee:1a:a8:2f:33:2b:43:a8:4f:5e:8a:cc"}}
2015-12-15 19:34:55,290 24084 INFO     [tempest_lib.common.rest_client] Request (TestGettingAddress:setUp): 201 POST http://10.0.2.15:9696/v2.0/security-groups 0.342s
2015-12-15 19:34:55,290 24084 DEBUG    [tempest_lib.common.rest_client] Request - Headers: {'Content-Type': 'application/json', 'Accept': 'application/json', 'X-Auth-Token': '&lt;omitted&gt;'}
        Body: {"security_group": {"tenant_id": "b28e688b837b4bb0a4fd0a52d34d718d", "description": "tempest-secgroup-smoke-288516275 description", "name": "tempest-secgroup-smoke-288516275"}}
    Response - Headers: {'status': '201', 'content-length': '886', 'connection': 'close', 'date': 'Tue, 15 Dec 2015 19:34:55 GMT', 'content-type': 'application/json; charset=UTF-8', 'x-openstack-request-id': 'req-6f6a68c4-f46f-4052-97eb-c56c5db5f493'}
        Body: {"security_group": {"tenant_id": "b28e688b837b4bb0a4fd0a52d34d718d", "description": "tempest-secgroup-smoke-288516275 description", "id": "16a6b69f-095b-431d-82b5-1f80e0bd2020", "security_group_rules": [{"remote_group_id": null, "direction": "egress", "remote_ip_prefix": null, "protocol": null, "ethertype": "IPv4", "tenant_id": "b28e688b837b4bb0a4fd0a52d34d718d", "port_range_max": null, "port_range_min": null, "id": "a80291b8-ccec-4973-866d-47d25b8b206e", "security_group_id": "16a6b69f-095b-431d-82b5-1f80e0bd2020"}, {"remote_group_id": null, "direction": "egress", "remote_ip_prefix": null, "protocol": null, "ethertype": "IPv6", "tenant_id": "b28e688b837b4bb0a4fd0a52d34d718d", "port_range_max": null, "port_range_min": null, "id": "4743ce45-cd63-4281-b6f5-f3fe69ecf568", "security_group_id": "16a6b69f-095b-431d-82b5-1f80e0bd2020"}], "name": "tempest-secgroup-smoke-288516275"}}
2015-12-15 19:34:55,537 24084 INFO     [tempest_lib.common.rest_client] Request (TestGettingAddress:setUp): 201 POST http://10.0.2.15:9696/v2.0/security-group-rules 0.245s
2015-12-15 19:34:55,537 24084 DEBUG    [tempest_lib.common.rest_client] Request - Headers: {'Content-Type': 'application/json', 'Accept': 'application/json', 'X-Auth-Token': '&lt;omitted&gt;'}
        Body: {"security_group_rule": {"direction": "ingress", "protocol": "tcp", "tenant_id": "b28e688b837b4bb0a4fd0a52d34d718d", "port_range_max": 22, "security_group_id": "16a6b69f-095b-431d-82b5-1f80e0bd2020", "port_range_min": 22}}
    Response - Headers: {'status': '201', 'content-length': '340', 'connection': 'close', 'date': 'Tue, 15 Dec 2015 19:34:55 GMT', 'content-type': 'application/json; charset=UTF-8', 'x-openstack-request-id': 'req-dd24b9cb-8c5a-4a00-9397-28bdf8d62fb7'}
        Body: {"security_group_rule": {"remote_group_id": null, "direction": "ingress", "remote_ip_prefix": null, "protocol": "tcp", "ethertype": "IPv4", "tenant_id": "b28e688b837b4bb0a4fd0a52d34d718d", "port_range_max": 22, "port_range_min": 22, "id": "10a9d9b2-86ab-4d79-b599-04e9584c1659", "security_group_id": "16a6b69f-095b-431d-82b5-1f80e0bd2020"}}
2015-12-15 19:34:55,653 24084 INFO     [tempest_lib.common.rest_client] Request (TestGettingAddress:setUp): 201 POST http://10.0.2.15:9696/v2.0/security-group-rules 0.114s
2015-12-15 19:34:55,653 24084 DEBUG    [tempest_lib.common.rest_client] Request - Headers: {'Content-Type': 'application/json', 'Accept': 'application/json', 'X-Auth-Token': '&lt;omitted&gt;'}
        Body: {"security_group_rule": {"direction": "egress", "protocol": "tcp", "tenant_id": "b28e688b837b4bb0a4fd0a52d34d718d", "port_range_max": 22, "security_group_id": "16a6b69f-095b-431d-82b5-1f80e0bd2020", "port_range_min": 22}}
    Response - Headers: {'status': '201', 'content-length': '339', 'connection': 'close', 'date': 'Tue, 15 Dec 2015 19:34:55 GMT', 'content-type': 'application/json; charset=UTF-8', 'x-openstack-request-id': 'req-fa7e35e5-1c24-4870-b77c-7921c65f7402'}
        Body: {"security_group_rule": {"remote_group_id": null, "direction": "egress", "remote_ip_prefix": null, "protocol": "tcp", "ethertype": "IPv4", "tenant_id": "b28e688b837b4bb0a4fd0a52d34d718d", "port_range_max": 22, "port_range_min": 22, "id": "4500eb3a-ce4c-483a-b6c0-f75940f28a0c", "security_group_id": "16a6b69f-095b-431d-82b5-1f80e0bd2020"}}
2015-12-15 19:34:55,772 24084 INFO     [tempest_lib.common.rest_client] Request (TestGettingAddress:setUp): 201 POST http://10.0.2.15:9696/v2.0/security-group-rules 0.118s
2015-12-15 19:34:55,773 24084 DEBUG    [tempest_lib.common.rest_client] Request - Headers: {'Content-Type': 'application/json', 'Accept': 'application/json', 'X-Auth-Token': '&lt;omitted&gt;'}
        Body: {"security_group_rule": {"tenant_id": "b28e688b837b4bb0a4fd0a52d34d718d", "direction": "ingress", "protocol": "icmp", "security_group_id": "16a6b69f-095b-431d-82b5-1f80e0bd2020"}}
    Response - Headers: {'status': '201', 'content-length': '345', 'connection': 'close', 'date': 'Tue, 15 Dec 2015 19:34:55 GMT', 'content-type': 'application/json; charset=UTF-8', 'x-openstack-request-id': 'req-8e89bd15-3d40-4948-837e-70f0cfad9215'}
        Body: {"security_group_rule": {"remote_group_id": null, "direction": "ingress", "remote_ip_prefix": null, "protocol": "icmp", "ethertype": "IPv4", "tenant_id": "b28e688b837b4bb0a4fd0a52d34d718d", "port_range_max": null, "port_range_min": null, "id": "d4369eb5-adb4-4958-b933-d0618ca9562c", "security_group_id": "16a6b69f-095b-431d-82b5-1f80e0bd2020"}}
2015-12-15 19:34:55,889 24084 INFO     [tempest_lib.common.rest_client] Request (TestGettingAddress:setUp): 201 POST http://10.0.2.15:9696/v2.0/security-group-rules 0.114s
2015-12-15 19:34:55,889 24084 DEBUG    [tempest_lib.common.rest_client] Request - Headers: {'Content-Type': 'application/json', 'Accept': 'application/json', 'X-Auth-Token': '&lt;omitted&gt;'}
        Body: {"security_group_rule": {"tenant_id": "b28e688b837b4bb0a4fd0a52d34d718d", "direction": "egress", "protocol": "icmp", "security_group_id": "16a6b69f-095b-431d-82b5-1f80e0bd2020"}}
    Response - Headers: {'status': '201', 'content-length': '344', 'connection': 'close', 'date': 'Tue, 15 Dec 2015 19:34:55 GMT', 'content-type': 'application/json; charset=UTF-8', 'x-openstack-request-id': 'req-af74c749-2798-443f-b404-2e8bd8d843c4'}
        Body: {"security_group_rule": {"remote_group_id": null, "direction": "egress", "remote_ip_prefix": null, "protocol": "icmp", "ethertype": "IPv4", "tenant_id": "b28e688b837b4bb0a4fd0a52d34d718d", "port_range_max": null, "port_range_min": null, "id": "893a84f6-5903-4637-b775-4ad5b9357516", "security_group_id": "16a6b69f-095b-431d-82b5-1f80e0bd2020"}}
2015-12-15 19:34:56,009 24084 INFO     [tempest_lib.common.rest_client] Request (TestGettingAddress:setUp): 201 POST http://10.0.2.15:9696/v2.0/security-group-rules 0.118s
2015-12-15 19:34:56,010 24084 DEBUG    [tempest_lib.common.rest_client] Request - Headers: {'Content-Type': 'application/json', 'Accept': 'application/json', 'X-Auth-Token': '&lt;omitted&gt;'}
        Body: {"security_group_rule": {"tenant_id": "b28e688b837b4bb0a4fd0a52d34d718d", "direction": "ingress", "security_group_id": "16a6b69f-095b-431d-82b5-1f80e0bd2020", "protocol": "icmp", "ethertype": "IPv6"}}
    Response - Headers: {'status': '201', 'content-length': '345', 'connection': 'close', 'date': 'Tue, 15 Dec 2015 19:34:56 GMT', 'content-type': 'application/json; charset=UTF-8', 'x-openstack-request-id': 'req-cf868ecf-6c80-4d8d-88a5-e449736fa8d7'}
        Body: {"security_group_rule": {"remote_group_id": null, "direction": "ingress", "remote_ip_prefix": null, "protocol": "icmp", "ethertype": "IPv6", "tenant_id": "b28e688b837b4bb0a4fd0a52d34d718d", "port_range_max": null, "port_range_min": null, "id": "1fe7a4a0-74d2-4acf-a751-22ce72089fb3", "security_group_id": "16a6b69f-095b-431d-82b5-1f80e0bd2020"}}
2015-12-15 19:34:56,126 24084 INFO     [tempest_lib.common.rest_client] Request (TestGettingAddress:setUp): 201 POST http://10.0.2.15:9696/v2.0/security-group-rules 0.114s
2015-12-15 19:34:56,126 24084 DEBUG    [tempest_lib.common.rest_client] Request - Headers: {'Content-Type': 'application/json', 'Accept': 'application/json', 'X-Auth-Token': '&lt;omitted&gt;'}
        Body: {"security_group_rule": {"tenant_id": "b28e688b837b4bb0a4fd0a52d34d718d", "direction": "egress", "security_group_id": "16a6b69f-095b-431d-82b5-1f80e0bd2020", "protocol": "icmp", "ethertype": "IPv6"}}
    Response - Headers: {'status': '201', 'content-length': '344', 'connection': 'close', 'date': 'Tue, 15 Dec 2015 19:34:56 GMT', 'content-type': 'application/json; charset=UTF-8', 'x-openstack-request-id': 'req-382d769c-2ae2-48cf-b35d-a54714cd3219'}
        Body: {"security_group_rule": {"remote_group_id": null, "direction": "egress", "remote_ip_prefix": null, "protocol": "icmp", "ethertype": "IPv6", "tenant_id": "b28e688b837b4bb0a4fd0a52d34d718d", "port_range_max": null, "port_range_min": null, "id": "5ad2e6cc-c2cc-47f2-bd14-0e54e676b4f9", "security_group_id": "16a6b69f-095b-431d-82b5-1f80e0bd2020"}}
2015-12-15 19:34:56,261 24084 INFO     [tempest_lib.common.rest_client] Request (TestGettingAddress:test_dhcp6_stateless_from_os): 201 POST http://10.0.2.15:9696/v2.0/networks 0.133s
2015-12-15 19:34:56,262 24084 DEBUG    [tempest_lib.common.rest_client] Request - Headers: {'Content-Type': 'application/json', 'Accept': 'application/json', 'X-Auth-Token': '&lt;omitted&gt;'}
        Body: {"network": {"tenant_id": "b28e688b837b4bb0a4fd0a52d34d718d", "name": "tempest-network-smoke--440440997"}}
    Response - Headers: {'status': '201', 'content-length': '295', 'connection': 'close', 'date': 'Tue, 15 Dec 2015 19:34:56 GMT', 'content-type': 'application/json; charset=UTF-8', 'x-openstack-request-id': 'req-253abdb5-a631-46f5-bba2-cbaf5e5cc334'}
        Body: {"network": {"status": "ACTIVE", "subnets": [], "name": "tempest-network-smoke--440440997", "admin_state_up": true, "tenant_id": "b28e688b837b4bb0a4fd0a52d34d718d", "mtu": 0, "router:external": false, "shared": false, "port_security_enabled": true, "id": "3dcae96a-3c39-44d7-9960-7e4bc5145e5b"}}
2015-12-15 19:34:56,425 24084 INFO     [tempest_lib.common.rest_client] Request (TestGettingAddress:test_dhcp6_stateless_from_os): 200 GET http://10.0.2.15:9696/v2.0/subnets?tenant_id=b28e688b837b4bb0a4fd0a52d34d718d&amp;cidr=10.100.0.0%2F28 0.161s
2015-12-15 19:34:56,425 24084 DEBUG    [tempest_lib.common.rest_client] Request - Headers: {'Content-Type': 'application/json', 'Accept': 'application/json', 'X-Auth-Token': '&lt;omitted&gt;'}
        Body: None
    Response - Headers: {'status': '200', 'content-length': '15', 'content-location': 'http://10.0.2.15:9696/v2.0/subnets?tenant_id=b28e688b837b4bb0a4fd0a52d34d718d&amp;cidr=10.100.0.0%2F28', 'connection': 'close', 'date': 'Tue, 15 Dec 2015 19:34:56 GMT', 'content-type': 'application/json; charset=UTF-8', 'x-openstack-request-id': 'req-7321b3bb-abac-4341-a151-38a70de2f995'}
        Body: {"subnets": []}
2015-12-15 19:34:56,717 24084 INFO     [tempest_lib.common.rest_client] Request (TestGettingAddress:test_dhcp6_stateless_from_os): 201 POST http://10.0.2.15:9696/v2.0/subnets 0.290s
2015-12-15 19:34:56,718 24084 DEBUG    [tempest_lib.common.rest_client] Request - Headers: {'Content-Type': 'application/json', 'Accept': 'application/json', 'X-Auth-Token': '&lt;omitted&gt;'}
        Body: {"subnet": {"ip_version": 4, "tenant_id": "b28e688b837b4bb0a4fd0a52d34d718d", "cidr": "10.100.0.0/28", "network_id": "3dcae96a-3c39-44d7-9960-7e4bc5145e5b", "name": "tempest-sub4-617078622"}}
    Response - Headers: {'status': '201', 'content-length': '469', 'connection': 'close', 'date': 'Tue, 15 Dec 2015 19:34:56 GMT', 'content-type': 'application/json; charset=UTF-8', 'x-openstack-request-id': 'req-f69f4098-c63d-4152-934f-37f6253096b4'}
        Body: {"subnet": {"name": "tempest-sub4-617078622", "enable_dhcp": true, "network_id": "3dcae96a-3c39-44d7-9960-7e4bc5145e5b", "tenant_id": "b28e688b837b4bb0a4fd0a52d34d718d", "dns_nameservers": [], "gateway_ip": "10.100.0.1", "ipv6_ra_mode": null, "allocation_pools": [{"start": "10.100.0.2", "end": "10.100.0.14"}], "host_routes": [], "ip_version": 4, "ipv6_address_mode": null, "cidr": "10.100.0.0/28", "id": "f28789a3-48dc-4ade-8884-b2c5ade50199", "subnetpool_id": null}}
2015-12-15 19:34:56,783 24084 INFO     [tempest_lib.common.rest_client] Request (TestGettingAddress:test_dhcp6_stateless_from_os): 201 POST http://10.0.2.15:9696/v2.0/routers 0.065s
2015-12-15 19:34:56,784 24084 DEBUG    [tempest_lib.common.rest_client] Request - Headers: {'Content-Type': 'application/json', 'Accept': 'application/json', 'X-Auth-Token': '&lt;omitted&gt;'}
        Body: {"router": {"tenant_id": "b28e688b837b4bb0a4fd0a52d34d718d", "name": "tempest-router-smoke-613020911", "admin_state_up": true}}
    Response - Headers: {'status': '201', 'content-length': '238', 'connection': 'close', 'date': 'Tue, 15 Dec 2015 19:34:56 GMT', 'content-type': 'application/json; charset=UTF-8', 'x-openstack-request-id': 'req-90573986-bdc6-4ad4-92f2-0fdf0da6fd0b'}
        Body: {"router": {"status": "ACTIVE", "external_gateway_info": null, "name": "tempest-router-smoke-613020911", "admin_state_up": true, "tenant_id": "b28e688b837b4bb0a4fd0a52d34d718d", "routes": [], "id": "aec1c775-a08a-435c-9d81-c72a80c06cf8"}}
2015-12-15 19:34:56,823 24084 INFO     [tempest_lib.common.rest_client] Request (TestGettingAddress:test_dhcp6_stateless_from_os): 200 GET http://10.0.2.15:9696/v2.0/routers/aec1c775-a08a-435c-9d81-c72a80c06cf8 0.038s
2015-12-15 19:34:56,824 24084 DEBUG    [tempest_lib.common.rest_client] Request - Headers: {'Content-Type': 'application/json', 'Accept': 'application/json', 'X-Auth-Token': '&lt;omitted&gt;'}
        Body: None
    Response - Headers: {'status': '200', 'content-length': '238', 'content-location': 'http://10.0.2.15:9696/v2.0/routers/aec1c775-a08a-435c-9d81-c72a80c06cf8', 'connection': 'close', 'date': 'Tue, 15 Dec 2015 19:34:56 GMT', 'content-type': 'application/json; charset=UTF-8', 'x-openstack-request-id': 'req-6842ae69-4051-4570-b1ab-f2684691da5d'}
        Body: {"router": {"status": "ACTIVE", "external_gateway_info": null, "name": "tempest-router-smoke-613020911", "admin_state_up": true, "tenant_id": "b28e688b837b4bb0a4fd0a52d34d718d", "routes": [], "id": "aec1c775-a08a-435c-9d81-c72a80c06cf8"}}
2015-12-15 19:34:57,361 24084 INFO     [tempest_lib.common.rest_client] Request (TestGettingAddress:test_dhcp6_stateless_from_os): 200 PUT http://10.0.2.15:9696/v2.0/routers/aec1c775-a08a-435c-9d81-c72a80c06cf8 0.536s
2015-12-15 19:34:57,361 24084 DEBUG    [tempest_lib.common.rest_client] Request - Headers: {'Content-Type': 'application/json', 'Accept': 'application/json', 'X-Auth-Token': '&lt;omitted&gt;'}
        Body: {"router": {"external_gateway_info": {"network_id": "39b9af8a-262a-4c01-a5a2-61dccd17757b"}, "name": "tempest-router-smoke-613020911", "admin_state_up": true}}
    Response - Headers: {'status': '200', 'content-length': '500', 'connection': 'close', 'date': 'Tue, 15 Dec 2015 19:34:57 GMT', 'content-type': 'application/json; charset=UTF-8', 'x-openstack-request-id': 'req-40dcefbf-c983-4385-8c07-1ab95701c704'}
        Body: {"router": {"status": "ACTIVE", "external_gateway_info": {"network_id": "39b9af8a-262a-4c01-a5a2-61dccd17757b", "enable_snat": true, "external_fixed_ips": [{"subnet_id": "a8d8985e-62a1-40bf-addf-afc90ea324c1", "ip_address": "172.24.4.3"}, {"subnet_id": "cea36564-c9b6-4e35-9bc8-8c02fcf0207d", "ip_address": "2001:db8::4"}]}, "name": "tempest-router-smoke-613020911", "admin_state_up": true, "tenant_id": "b28e688b837b4bb0a4fd0a52d34d718d", "routes": [], "id": "aec1c775-a08a-435c-9d81-c72a80c06cf8"}}
2015-12-15 19:34:57,829 24084 INFO     [tempest_lib.common.rest_client] Request (TestGettingAddress:test_dhcp6_stateless_from_os): 200 PUT http://10.0.2.15:9696/v2.0/routers/aec1c775-a08a-435c-9d81-c72a80c06cf8/add_router_interface 0.466s
2015-12-15 19:34:57,830 24084 DEBUG    [tempest_lib.common.rest_client] Request - Headers: {'Content-Type': 'application/json', 'Accept': 'application/json', 'X-Auth-Token': '&lt;omitted&gt;'}
        Body: {"subnet_id": "f28789a3-48dc-4ade-8884-b2c5ade50199"}
    Response - Headers: {'status': '200', 'content-length': '255', 'connection': 'close', 'date': 'Tue, 15 Dec 2015 19:34:57 GMT', 'content-type': 'application/json; charset=UTF-8', 'x-openstack-request-id': 'req-ea5aedcf-df25-4f76-9fac-f9cbc37e1f8f'}
        Body: {"subnet_id": "f28789a3-48dc-4ade-8884-b2c5ade50199", "tenant_id": "b28e688b837b4bb0a4fd0a52d34d718d", "subnet_ids": ["f28789a3-48dc-4ade-8884-b2c5ade50199"], "port_id": "e66e1f8e-f60a-4966-a8b0-d619375eb621", "id": "aec1c775-a08a-435c-9d81-c72a80c06cf8"}
2015-12-15 19:34:57,862 24084 INFO     [tempest_lib.common.rest_client] Request (TestGettingAddress:test_dhcp6_stateless_from_os): 200 GET http://10.0.2.15:9696/v2.0/subnets?tenant_id=b28e688b837b4bb0a4fd0a52d34d718d&amp;cidr=2003%3A%3A%2F64 0.030s
2015-12-15 19:34:57,862 24084 DEBUG    [tempest_lib.common.rest_client] Request - Headers: {'Content-Type': 'application/json', 'Accept': 'application/json', 'X-Auth-Token': '&lt;omitted&gt;'}
        Body: None
    Response - Headers: {'status': '200', 'content-length': '15', 'content-location': 'http://10.0.2.15:9696/v2.0/subnets?tenant_id=b28e688b837b4bb0a4fd0a52d34d718d&amp;cidr=2003%3A%3A%2F64', 'connection': 'close', 'date': 'Tue, 15 Dec 2015 19:34:57 GMT', 'content-type': 'application/json; charset=UTF-8', 'x-openstack-request-id': 'req-68ef0d83-0ffd-4adb-9af5-570f7235ff9f'}
        Body: {"subnets": []}
2015-12-15 19:34:58,245 24084 INFO     [tempest_lib.common.rest_client] Request (TestGettingAddress:test_dhcp6_stateless_from_os): 201 POST http://10.0.2.15:9696/v2.0/subnets 0.382s
2015-12-15 19:34:58,245 24084 DEBUG    [tempest_lib.common.rest_client] Request - Headers: {'Content-Type': 'application/json', 'Accept': 'application/json', 'X-Auth-Token': '&lt;omitted&gt;'}
        Body: {"subnet": {"name": "tempest-sub6-102573155", "network_id": "3dcae96a-3c39-44d7-9960-7e4bc5145e5b", "tenant_id": "b28e688b837b4bb0a4fd0a52d34d718d", "ipv6_ra_mode": "dhcpv6-stateless", "ip_version": 6, "ipv6_address_mode": "dhcpv6-stateless", "cidr": "2003::/64"}}
    Response - Headers: {'status': '201', 'content-length': '501', 'connection': 'close', 'date': 'Tue, 15 Dec 2015 19:34:58 GMT', 'content-type': 'application/json; charset=UTF-8', 'x-openstack-request-id': 'req-2e412bc8-6a9e-4cac-8ba7-731e27a4acd9'}
        Body: {"subnet": {"name": "tempest-sub6-102573155", "enable_dhcp": true, "network_id": "3dcae96a-3c39-44d7-9960-7e4bc5145e5b", "tenant_id": "b28e688b837b4bb0a4fd0a52d34d718d", "dns_nameservers": [], "gateway_ip": "2003::1", "ipv6_ra_mode": "dhcpv6-stateless", "allocation_pools": [{"start": "2003::2", "end": "2003::ffff:ffff:ffff:ffff"}], "host_routes": [], "ip_version": 6, "ipv6_address_mode": "dhcpv6-stateless", "cidr": "2003::/64", "id": "1f5b7866-8c86-42cf-94da-ed8b05eda16c", "subnetpool_id": null}}
2015-12-15 19:34:58,749 24084 INFO     [tempest_lib.common.rest_client] Request (TestGettingAddress:test_dhcp6_stateless_from_os): 200 PUT http://10.0.2.15:9696/v2.0/routers/aec1c775-a08a-435c-9d81-c72a80c06cf8/add_router_interface 0.502s
2015-12-15 19:34:58,749 24084 DEBUG    [tempest_lib.common.rest_client] Request - Headers: {'Content-Type': 'application/json', 'Accept': 'application/json', 'X-Auth-Token': '&lt;omitted&gt;'}
        Body: {"subnet_id": "1f5b7866-8c86-42cf-94da-ed8b05eda16c"}
    Response - Headers: {'status': '200', 'content-length': '255', 'connection': 'close', 'date': 'Tue, 15 Dec 2015 19:34:58 GMT', 'content-type': 'application/json; charset=UTF-8', 'x-openstack-request-id': 'req-154bd3e1-eecb-47d6-9942-a0aa64ba7fd9'}
        Body: {"subnet_id": "1f5b7866-8c86-42cf-94da-ed8b05eda16c", "tenant_id": "b28e688b837b4bb0a4fd0a52d34d718d", "subnet_ids": ["1f5b7866-8c86-42cf-94da-ed8b05eda16c"], "port_id": "08d60528-3208-4efd-bc26-7fdb4006c7df", "id": "aec1c775-a08a-435c-9d81-c72a80c06cf8"}
2015-12-15 19:34:58,846 24084 INFO     [tempest_lib.common.rest_client] Request (TestGettingAddress:test_dhcp6_stateless_from_os): 200 POST http://10.0.2.15:5000/v2.0/tokens
2015-12-15 19:34:58,847 24084 DEBUG    [tempest_lib.common.rest_client] Request - Headers: {'Content-Type': 'application/json', 'Accept': 'application/json'}
        Body: &lt;omitted&gt;
    Response - Headers: {'status': '200', 'content-length': '2526', 'vary': 'X-Auth-Token', 'server': 'Apache/2.4.7 (Ubuntu)', 'connection': 'close', 'date': 'Tue, 15 Dec 2015 19:34:58 GMT', 'content-type': 'application/json', 'x-openstack-request-id': 'req-6721d61e-ac56-4702-a3ea-5c3903e86bb1'}
        Body: {"access": {"token": {"issued_at": "2015-12-15T19:34:58.834719", "expires": "2015-12-15T20:34:58Z", "id": "794c99968864423a9e7aabffdb221fac", "tenant": {"description": "tempest-TestGettingAddress-1949800538-desc", "enabled": true, "id": "b28e688b837b4bb0a4fd0a52d34d718d", "name": "tempest-TestGettingAddress-1949800538"}, "audit_ids": ["NqfDWCWGReiSyHLb7oEOvg"]}, "serviceCatalog": [{"endpoints": [{"adminURL": "http://10.0.2.15:8774/v2.1/b28e688b837b4bb0a4fd0a52d34d718d", "region": "RegionOne", "internalURL": "http://10.0.2.15:8774/v2.1/b28e688b837b4bb0a4fd0a52d34d718d", "id": "21debd5483a44893b8a91ec3e9249b4f", "publicURL": "http://10.0.2.15:8774/v2.1/b28e688b837b4bb0a4fd0a52d34d718d"}], "endpoints_links": [], "type": "compute", "name": "nova"}, {"endpoints": [{"adminURL": "http://10.0.2.15:9696/", "region": "RegionOne", "internalURL": "http://10.0.2.15:9696/", "id": "0b65fa46d6254d57a0e951c2baed8b39", "publicURL": "http://10.0.2.15:9696/"}], "endpoints_links": [], "type": "network", "name": "neutron"}, {"endpoints": [{"adminURL": "http://10.0.2.15:9292", "region": "RegionOne", "internalURL": "http://10.0.2.15:9292", "id": "35bf8072246d47899e4b4990a083d182", "publicURL": "http://10.0.2.15:9292"}], "endpoints_links": [], "type": "image", "name": "glance"}, {"endpoints": [{"adminURL": "http://10.0.2.15:8774/v2/b28e688b837b4bb0a4fd0a52d34d718d", "region": "RegionOne", "internalURL": "http://10.0.2.15:8774/v2/b28e688b837b4bb0a4fd0a52d34d718d", "id": "a4a9a64ba9154142a7671ac05bfb47b5", "publicURL": "http://10.0.2.15:8774/v2/b28e688b837b4bb0a4fd0a52d34d718d"}], "endpoints_links": [], "type": "compute_legacy", "name": "nova_legacy"}, {"endpoints": [{"adminURL": "http://10.0.2.15:8773/", "region": "RegionOne", "internalURL": "http://10.0.2.15:8773/", "id": "2c14eac71b714a8dabfbf4b225930d02", "publicURL": "http://10.0.2.15:8773/"}], "endpoints_links": [], "type": "ec2", "name": "ec2"}, {"endpoints": [{"adminURL": "http://10.0.2.15:35357/v2.0", "region": "RegionOne", "internalURL": "http://10.0.2.15:5000/v2.0", "id": "a03fc9df3c9f4bf1adb4d3ab1b7bc782", "publicURL": "http://10.0.2.15:5000/v2.0"}], "endpoints_links": [], "type": "identity", "name": "keystone"}], "user": {"username": "tempest-TestGettingAddress-1023617731", "roles_links": [], "id": "541130ee0bc742c4803444c4f43a57e8", "roles": [{"name": "_member_"}, {"name": "Member"}], "name": "tempest-TestGettingAddress-1023617731"}, "metadata": {"is_admin": 0, "roles": ["9fe2ff9ee4384b1894a90878d3e92bab", "d0c99d6abb2747bf992e86e8c14090a9"]}}}
2015-12-15 19:34:58,852 24084 DEBUG    [tempest.common.fixed_network] (TestGettingAddress:test_dhcp6_stateless_from_os) No valid network provided or created, defaulting to fixed_network_name
2015-12-15 19:34:59,183 24084 INFO     [tempest_lib.common.rest_client] Request (TestGettingAddress:test_dhcp6_stateless_from_os): 200 GET http://10.0.2.15:8774/v2.1/b28e688b837b4bb0a4fd0a52d34d718d/os-networks 0.329s
2015-12-15 19:34:59,183 24084 DEBUG    [tempest_lib.common.rest_client] Request - Headers: {'Content-Type': 'application/json', 'Accept': 'application/json', 'X-Auth-Token': '&lt;omitted&gt;'}
        Body: None
    Response - Headers: {'status': '200', 'content-length': '478', 'content-location': 'http://10.0.2.15:8774/v2.1/b28e688b837b4bb0a4fd0a52d34d718d/os-networks', 'x-compute-request-id': 'req-96a5f0c3-3dad-4517-b13f-9f317a8dac9c', 'vary': 'X-OpenStack-Nova-API-Version', 'connection': 'close', 'x-openstack-nova-api-version': '2.1', 'date': 'Tue, 15 Dec 2015 19:34:59 GMT', 'content-type': 'application/json'}
        Body: {"networks": [{"cidr_v6": null, "dns2": null, "dns1": null, "gateway": null, "broadcast": null, "netmask": null, "gateway_v6": null, "cidr": null, "label": "public", "id": "39b9af8a-262a-4c01-a5a2-61dccd17757b", "netmask_v6": null}, {"cidr_v6": null, "dns2": null, "dns1": null, "gateway": null, "broadcast": null, "netmask": null, "gateway_v6": null, "cidr": null, "label": "tempest-network-smoke--440440997", "id": "3dcae96a-3c39-44d7-9960-7e4bc5145e5b", "netmask_v6": null}]}
2015-12-15 19:34:59,184 24084 WARNING  [tempest.common.fixed_network] (TestGettingAddress:test_dhcp6_stateless_from_os) Network with name: private not found
2015-12-15 19:34:59,184 24084 INFO     [tempest.common.fixed_network] (TestGettingAddress:test_dhcp6_stateless_from_os) Found network {} available for tenant
2015-12-15 19:35:00,812 24084 INFO     [tempest_lib.common.rest_client] Request (TestGettingAddress:test_dhcp6_stateless_from_os): 202 POST http://10.0.2.15:8774/v2.1/b28e688b837b4bb0a4fd0a52d34d718d/servers 1.627s
2015-12-15 19:35:00,813 24084 DEBUG    [tempest_lib.common.rest_client] Request - Headers: {'Content-Type': 'application/json', 'Accept': 'application/json', 'X-Auth-Token': '&lt;omitted&gt;'}
        Body: {"server": {"name": "tempest.common.compute-instance-971725454", "imageRef": "9675d690-d8c6-4f78-9fb7-e0d1f698193b", "key_name": "tempest-TestGettingAddress-1093825152", "flavorRef": "42", "networks": [{"uuid": "3dcae96a-3c39-44d7-9960-7e4bc5145e5b"}], "security_groups": [{"name": "tempest-secgroup-smoke-288516275"}]}}
    Response - Headers: {'status': '202', 'content-length': '461', 'x-compute-request-id': 'req-38fc3100-af00-4299-ab4f-6c5349639090', 'vary': 'X-OpenStack-Nova-API-Version', 'connection': 'close', 'location': 'http://10.0.2.15:8774/v2.1/b28e688b837b4bb0a4fd0a52d34d718d/servers/57eeaa23-9857-4709-9496-258108665afc', 'x-openstack-nova-api-version': '2.1', 'date': 'Tue, 15 Dec 2015 19:35:00 GMT', 'content-type': 'application/json'}
        Body: {"server": {"security_groups": [{"name": "tempest-secgroup-smoke-288516275"}], "OS-DCF:diskConfig": "MANUAL", "id": "57eeaa23-9857-4709-9496-258108665afc", "links": [{"href": "http://10.0.2.15:8774/v2.1/b28e688b837b4bb0a4fd0a52d34d718d/servers/57eeaa23-9857-4709-9496-258108665afc", "rel": "self"}, {"href": "http://10.0.2.15:8774/b28e688b837b4bb0a4fd0a52d34d718d/servers/57eeaa23-9857-4709-9496-258108665afc", "rel": "bookmark"}], "adminPass": "AVcZu2zGf5B6"}}
2015-12-15 19:35:00,992 24084 INFO     [tempest_lib.common.rest_client] Request (TestGettingAddress:test_dhcp6_stateless_from_os): 200 GET http://10.0.2.15:8774/v2.1/b28e688b837b4bb0a4fd0a52d34d718d/servers/57eeaa23-9857-4709-9496-258108665afc 0.176s
2015-12-15 19:35:00,992 24084 DEBUG    [tempest_lib.common.rest_client] Request - Headers: {'Content-Type': 'application/json', 'Accept': 'application/json', 'X-Auth-Token': '&lt;omitted&gt;'}
        Body: None
    Response - Headers: {'status': '200', 'content-length': '1354', 'content-location': 'http://10.0.2.15:8774/v2.1/b28e688b837b4bb0a4fd0a52d34d718d/servers/57eeaa23-9857-4709-9496-258108665afc', 'x-compute-request-id': 'req-d36c3b01-a5cc-4fa7-ad5f-de9a4a51f3ed', 'vary': 'X-OpenStack-Nova-API-Version', 'connection': 'close', 'x-openstack-nova-api-version': '2.1', 'date': 'Tue, 15 Dec 2015 19:35:00 GMT', 'content-type': 'application/json'}
        Body: {"server": {"status": "BUILD", "updated": "2015-12-15T19:35:00Z", "hostId": "", "addresses": {}, "links": [{"href": "http://10.0.2.15:8774/v2.1/b28e688b837b4bb0a4fd0a52d34d718d/servers/57eeaa23-9857-4709-9496-258108665afc", "rel": "self"}, {"href": "http://10.0.2.15:8774/b28e688b837b4bb0a4fd0a52d34d718d/servers/57eeaa23-9857-4709-9496-258108665afc", "rel": "bookmark"}], "key_name": "tempest-TestGettingAddress-1093825152", "image": {"id": "9675d690-d8c6-4f78-9fb7-e0d1f698193b", "links": [{"href": "http://10.0.2.15:8774/b28e688b837b4bb0a4fd0a52d34d718d/images/9675d690-d8c6-4f78-9fb7-e0d1f698193b", "rel": "bookmark"}]}, "OS-EXT-STS:task_state": "scheduling", "OS-EXT-STS:vm_state": "building", "OS-SRV-USG:launched_at": null, "flavor": {"id": "42", "links": [{"href": "http://10.0.2.15:8774/b28e688b837b4bb0a4fd0a52d34d718d/flavors/42", "rel": "bookmark"}]}, "id": "57eeaa23-9857-4709-9496-258108665afc", "OS-SRV-USG:terminated_at": null, "OS-EXT-AZ:availability_zone": "", "user_id": "541130ee0bc742c4803444c4f43a57e8", "name": "tempest.common.compute-instance-971725454", "created": "2015-12-15T19:35:00Z", "tenant_id": "b28e688b837b4bb0a4fd0a52d34d718d", "OS-DCF:diskConfig": "MANUAL", "os-extended-volumes:volumes_attached": [], "accessIPv4": "", "accessIPv6": "", "progress": 0, "OS-EXT-STS:power_state": 0, "config_drive": "", "metadata": {}}}
2015-12-15 19:35:02,249 24084 INFO     [tempest_lib.common.rest_client] Request (TestGettingAddress:test_dhcp6_stateless_from_os): 200 GET http://10.0.2.15:8774/v2.1/b28e688b837b4bb0a4fd0a52d34d718d/servers/57eeaa23-9857-4709-9496-258108665afc 0.247s
2015-12-15 19:35:02,250 24084 DEBUG    [tempest_lib.common.rest_client] Request - Headers: {'Content-Type': 'application/json', 'Accept': 'application/json', 'X-Auth-Token': '&lt;omitted&gt;'}
        Body: None
    Response - Headers: {'status': '200', 'content-length': '1479', 'content-location': 'http://10.0.2.15:8774/v2.1/b28e688b837b4bb0a4fd0a52d34d718d/servers/57eeaa23-9857-4709-9496-258108665afc', 'x-compute-request-id': 'req-bcfe6616-1e72-4dbc-b9cd-42150b491e50', 'vary': 'X-OpenStack-Nova-API-Version', 'connection': 'close', 'x-openstack-nova-api-version': '2.1', 'date': 'Tue, 15 Dec 2015 19:35:02 GMT', 'content-type': 'application/json'}
        Body: {"server": {"status": "BUILD", "updated": "2015-12-15T19:35:01Z", "hostId": "f5aadb324f42a15441d04f894d816a4286e877578d75805c8bf3daff", "addresses": {}, "links": [{"href": "http://10.0.2.15:8774/v2.1/b28e688b837b4bb0a4fd0a52d34d718d/servers/57eeaa23-9857-4709-9496-258108665afc", "rel": "self"}, {"href": "http://10.0.2.15:8774/b28e688b837b4bb0a4fd0a52d34d718d/servers/57eeaa23-9857-4709-9496-258108665afc", "rel": "bookmark"}], "key_name": "tempest-TestGettingAddress-1093825152", "image": {"id": "9675d690-d8c6-4f78-9fb7-e0d1f698193b", "links": [{"href": "http://10.0.2.15:8774/b28e688b837b4bb0a4fd0a52d34d718d/images/9675d690-d8c6-4f78-9fb7-e0d1f698193b", "rel": "bookmark"}]}, "OS-EXT-STS:task_state": "spawning", "OS-EXT-STS:vm_state": "building", "OS-SRV-USG:launched_at": null, "flavor": {"id": "42", "links": [{"href": "http://10.0.2.15:8774/b28e688b837b4bb0a4fd0a52d34d718d/flavors/42", "rel": "bookmark"}]}, "id": "57eeaa23-9857-4709-9496-258108665afc", "security_groups": [{"name": "tempest-secgroup-smoke-288516275"}], "OS-SRV-USG:terminated_at": null, "OS-EXT-AZ:availability_zone": "nova", "user_id": "541130ee0bc742c4803444c4f43a57e8", "name": "tempest.common.compute-instance-971725454", "created": "2015-12-15T19:35:00Z", "tenant_id": "b28e688b837b4bb0a4fd0a52d34d718d", "OS-DCF:diskConfig": "MANUAL", "os-extended-volumes:volumes_attached": [], "accessIPv4": "", "accessIPv6": "", "progress": 0, "OS-EXT-STS:power_state": 0, "config_drive": "", "metadata": {}}}
2015-12-15 19:35:02,259 24084 INFO     [tempest.common.waiters] State transition "BUILD/scheduling" ==&gt; "BUILD/spawning" after 1 second wait
2015-12-15 19:35:03,443 24084 INFO     [tempest_lib.common.rest_client] Request (TestGettingAddress:test_dhcp6_stateless_from_os): 200 GET http://10.0.2.15:8774/v2.1/b28e688b837b4bb0a4fd0a52d34d718d/servers/57eeaa23-9857-4709-9496-258108665afc 0.182s
2015-12-15 19:35:03,443 24084 DEBUG    [tempest_lib.common.rest_client] Request - Headers: {'Content-Type': 'application/json', 'Accept': 'application/json', 'X-Auth-Token': '&lt;omitted&gt;'}
        Body: None
    Response - Headers: {'status': '200', 'content-length': '1479', 'content-location': 'http://10.0.2.15:8774/v2.1/b28e688b837b4bb0a4fd0a52d34d718d/servers/57eeaa23-9857-4709-9496-258108665afc', 'x-compute-request-id': 'req-11f6e65f-bd73-4695-9a12-df8e78ffa687', 'vary': 'X-OpenStack-Nova-API-Version', 'connection': 'close', 'x-openstack-nova-api-version': '2.1', 'date': 'Tue, 15 Dec 2015 19:35:03 GMT', 'content-type': 'application/json'}
        Body: {"server": {"status": "BUILD", "updated": "2015-12-15T19:35:01Z", "hostId": "f5aadb324f42a15441d04f894d816a4286e877578d75805c8bf3daff", "addresses": {}, "links": [{"href": "http://10.0.2.15:8774/v2.1/b28e688b837b4bb0a4fd0a52d34d718d/servers/57eeaa23-9857-4709-9496-258108665afc", "rel": "self"}, {"href": "http://10.0.2.15:8774/b28e688b837b4bb0a4fd0a52d34d718d/servers/57eeaa23-9857-4709-9496-258108665afc", "rel": "bookmark"}], "key_name": "tempest-TestGettingAddress-1093825152", "image": {"id": "9675d690-d8c6-4f78-9fb7-e0d1f698193b", "links": [{"href": "http://10.0.2.15:8774/b28e688b837b4bb0a4fd0a52d34d718d/images/9675d690-d8c6-4f78-9fb7-e0d1f698193b", "rel": "bookmark"}]}, "OS-EXT-STS:task_state": "spawning", "OS-EXT-STS:vm_state": "building", "OS-SRV-USG:launched_at": null, "flavor": {"id": "42", "links": [{"href": "http://10.0.2.15:8774/b28e688b837b4bb0a4fd0a52d34d718d/flavors/42", "rel": "bookmark"}]}, "id": "57eeaa23-9857-4709-9496-258108665afc", "security_groups": [{"name": "tempest-secgroup-smoke-288516275"}], "OS-SRV-USG:terminated_at": null, "OS-EXT-AZ:availability_zone": "nova", "user_id": "541130ee0bc742c4803444c4f43a57e8", "name": "tempest.common.compute-instance-971725454", "created": "2015-12-15T19:35:00Z", "tenant_id": "b28e688b837b4bb0a4fd0a52d34d718d", "OS-DCF:diskConfig": "MANUAL", "os-extended-volumes:volumes_attached": [], "accessIPv4": "", "accessIPv6": "", "progress": 0, "OS-EXT-STS:power_state": 0, "config_drive": "", "metadata": {}}}
2015-12-15 19:35:04,659 24084 INFO     [tempest_lib.common.rest_client] Request (TestGettingAddress:test_dhcp6_stateless_from_os): 200 GET http://10.0.2.15:8774/v2.1/b28e688b837b4bb0a4fd0a52d34d718d/servers/57eeaa23-9857-4709-9496-258108665afc 0.205s
2015-12-15 19:35:04,660 24084 DEBUG    [tempest_lib.common.rest_client] Request - Headers: {'Content-Type': 'application/json', 'Accept': 'application/json', 'X-Auth-Token': '&lt;omitted&gt;'}
        Body: None
    Response - Headers: {'status': '200', 'content-length': '1779', 'content-location': 'http://10.0.2.15:8774/v2.1/b28e688b837b4bb0a4fd0a52d34d718d/servers/57eeaa23-9857-4709-9496-258108665afc', 'x-compute-request-id': 'req-7453669a-f415-4c34-9f5f-49d238babd14', 'vary': 'X-OpenStack-Nova-API-Version', 'connection': 'close', 'x-openstack-nova-api-version': '2.1', 'date': 'Tue, 15 Dec 2015 19:35:04 GMT', 'content-type': 'application/json'}
        Body: {"server": {"status": "ACTIVE", "updated": "2015-12-15T19:35:04Z", "hostId": "f5aadb324f42a15441d04f894d816a4286e877578d75805c8bf3daff", "addresses": {"tempest-network-smoke--440440997": [{"OS-EXT-IPS-MAC:mac_addr": "fa:16:3e:d2:3d:f8", "version": 6, "addr": "2003::f816:3eff:fed2:3df8", "OS-EXT-IPS:type": "fixed"}, {"OS-EXT-IPS-MAC:mac_addr": "fa:16:3e:d2:3d:f8", "version": 4, "addr": "10.100.0.3", "OS-EXT-IPS:type": "fixed"}]}, "links": [{"href": "http://10.0.2.15:8774/v2.1/b28e688b837b4bb0a4fd0a52d34d718d/servers/57eeaa23-9857-4709-9496-258108665afc", "rel": "self"}, {"href": "http://10.0.2.15:8774/b28e688b837b4bb0a4fd0a52d34d718d/servers/57eeaa23-9857-4709-9496-258108665afc", "rel": "bookmark"}], "key_name": "tempest-TestGettingAddress-1093825152", "image": {"id": "9675d690-d8c6-4f78-9fb7-e0d1f698193b", "links": [{"href": "http://10.0.2.15:8774/b28e688b837b4bb0a4fd0a52d34d718d/images/9675d690-d8c6-4f78-9fb7-e0d1f698193b", "rel": "bookmark"}]}, "OS-EXT-STS:task_state": null, "OS-EXT-STS:vm_state": "active", "OS-SRV-USG:launched_at": "2015-12-15T19:35:04.000000", "flavor": {"id": "42", "links": [{"href": "http://10.0.2.15:8774/b28e688b837b4bb0a4fd0a52d34d718d/flavors/42", "rel": "bookmark"}]}, "id": "57eeaa23-9857-4709-9496-258108665afc", "security_groups": [{"name": "tempest-secgroup-smoke-288516275"}], "OS-SRV-USG:terminated_at": null, "OS-EXT-AZ:availability_zone": "nova", "user_id": "541130ee0bc742c4803444c4f43a57e8", "name": "tempest.common.compute-instance-971725454", "created": "2015-12-15T19:35:00Z", "tenant_id": "b28e688b837b4bb0a4fd0a52d34d718d", "OS-DCF:diskConfig": "MANUAL", "os-extended-volumes:volumes_attached": [], "accessIPv4": "", "accessIPv6": "", "progress": 0, "OS-EXT-STS:power_state": 1, "config_drive": "True", "metadata": {}}}
2015-12-15 19:35:04,669 24084 INFO     [tempest.common.waiters] State transition "BUILD/spawning" ==&gt; "ACTIVE/None" after 3 second wait
2015-12-15 19:35:04,852 24084 INFO     [tempest_lib.common.rest_client] Request (TestGettingAddress:test_dhcp6_stateless_from_os): 200 GET http://10.0.2.15:8774/v2.1/b28e688b837b4bb0a4fd0a52d34d718d/servers/57eeaa23-9857-4709-9496-258108665afc 0.183s
2015-12-15 19:35:04,853 24084 DEBUG    [tempest_lib.common.rest_client] Request - Headers: {'Content-Type': 'application/json', 'Accept': 'application/json', 'X-Auth-Token': '&lt;omitted&gt;'}
        Body: None
    Response - Headers: {'status': '200', 'content-length': '1779', 'content-location': 'http://10.0.2.15:8774/v2.1/b28e688b837b4bb0a4fd0a52d34d718d/servers/57eeaa23-9857-4709-9496-258108665afc', 'x-compute-request-id': 'req-3ad95589-b359-4580-a3b0-1ce4f8d1895f', 'vary': 'X-OpenStack-Nova-API-Version', 'connection': 'close', 'x-openstack-nova-api-version': '2.1', 'date': 'Tue, 15 Dec 2015 19:35:04 GMT', 'content-type': 'application/json'}
        Body: {"server": {"status": "ACTIVE", "updated": "2015-12-15T19:35:04Z", "hostId": "f5aadb324f42a15441d04f894d816a4286e877578d75805c8bf3daff", "addresses": {"tempest-network-smoke--440440997": [{"OS-EXT-IPS-MAC:mac_addr": "fa:16:3e:d2:3d:f8", "version": 6, "addr": "2003::f816:3eff:fed2:3df8", "OS-EXT-IPS:type": "fixed"}, {"OS-EXT-IPS-MAC:mac_addr": "fa:16:3e:d2:3d:f8", "version": 4, "addr": "10.100.0.3", "OS-EXT-IPS:type": "fixed"}]}, "links": [{"href": "http://10.0.2.15:8774/v2.1/b28e688b837b4bb0a4fd0a52d34d718d/servers/57eeaa23-9857-4709-9496-258108665afc", "rel": "self"}, {"href": "http://10.0.2.15:8774/b28e688b837b4bb0a4fd0a52d34d718d/servers/57eeaa23-9857-4709-9496-258108665afc", "rel": "bookmark"}], "key_name": "tempest-TestGettingAddress-1093825152", "image": {"id": "9675d690-d8c6-4f78-9fb7-e0d1f698193b", "links": [{"href": "http://10.0.2.15:8774/b28e688b837b4bb0a4fd0a52d34d718d/images/9675d690-d8c6-4f78-9fb7-e0d1f698193b", "rel": "bookmark"}]}, "OS-EXT-STS:task_state": null, "OS-EXT-STS:vm_state": "active", "OS-SRV-USG:launched_at": "2015-12-15T19:35:04.000000", "flavor": {"id": "42", "links": [{"href": "http://10.0.2.15:8774/b28e688b837b4bb0a4fd0a52d34d718d/flavors/42", "rel": "bookmark"}]}, "id": "57eeaa23-9857-4709-9496-258108665afc", "security_groups": [{"name": "tempest-secgroup-smoke-288516275"}], "OS-SRV-USG:terminated_at": null, "OS-EXT-AZ:availability_zone": "nova", "user_id": "541130ee0bc742c4803444c4f43a57e8", "name": "tempest.common.compute-instance-971725454", "created": "2015-12-15T19:35:00Z", "tenant_id": "b28e688b837b4bb0a4fd0a52d34d718d", "OS-DCF:diskConfig": "MANUAL", "os-extended-volumes:volumes_attached": [], "accessIPv4": "", "accessIPv6": "", "progress": 0, "OS-EXT-STS:power_state": 1, "config_drive": "True", "metadata": {}}}
2015-12-15 19:35:04,894 24084 INFO     [tempest_lib.common.rest_client] Request (TestGettingAddress:test_dhcp6_stateless_from_os): 200 GET http://10.0.2.15:9696/v2.0/ports?status=ACTIVE&amp;fixed_ip=None&amp;device_id=57eeaa23-9857-4709-9496-258108665afc 0.032s
2015-12-15 19:35:04,894 24084 DEBUG    [tempest_lib.common.rest_client] Request - Headers: {'Content-Type': 'application/json', 'Accept': 'application/json', 'X-Auth-Token': '&lt;omitted&gt;'}
        Body: None
    Response - Headers: {'status': '200', 'content-length': '1142', 'content-location': 'http://10.0.2.15:9696/v2.0/ports?status=ACTIVE&amp;fixed_ip=None&amp;device_id=57eeaa23-9857-4709-9496-258108665afc', 'connection': 'close', 'date': 'Tue, 15 Dec 2015 19:35:04 GMT', 'content-type': 'application/json; charset=UTF-8', 'x-openstack-request-id': 'req-40c29269-1251-4a46-b10e-1ae4807d9e6b'}
        Body: {"ports": [{"status": "ACTIVE", "binding:host_id": "vagrant-ubuntu-trusty-64", "allowed_address_pairs": [], "extra_dhcp_opts": [], "dns_assignment": [{"hostname": "host-10-100-0-3", "ip_address": "10.100.0.3", "fqdn": "host-10-100-0-3.openstacklocal."}, {"hostname": "host-2003--f816-3eff-fed2-3df8", "ip_address": "2003::f816:3eff:fed2:3df8", "fqdn": "host-2003--f816-3eff-fed2-3df8.openstacklocal."}], "device_owner": "compute:None", "port_security_enabled": true, "binding:profile": {}, "fixed_ips": [{"subnet_id": "f28789a3-48dc-4ade-8884-b2c5ade50199", "ip_address": "10.100.0.3"}, {"subnet_id": "1f5b7866-8c86-42cf-94da-ed8b05eda16c", "ip_address": "2003::f816:3eff:fed2:3df8"}], "id": "ca295758-42ef-4c9a-b86b-e11b753ed949", "security_groups": ["16a6b69f-095b-431d-82b5-1f80e0bd2020"], "device_id": "57eeaa23-9857-4709-9496-258108665afc", "name": "", "admin_state_up": true, "network_id": "3dcae96a-3c39-44d7-9960-7e4bc5145e5b", "dns_name": "", "binding:vif_details": {"port_filter": true}, "binding:vnic_type": "normal", "binding:vif_type": "ovs", "tenant_id": "b28e688b837b4bb0a4fd0a52d34d718d", "mac_address": "fa:16:3e:d2:3d:f8"}]}
2015-12-15 19:35:05,331 24084 INFO     [tempest_lib.common.rest_client] Request (TestGettingAddress:test_dhcp6_stateless_from_os): 201 POST http://10.0.2.15:9696/v2.0/floatingips 0.436s
2015-12-15 19:35:05,331 24084 DEBUG    [tempest_lib.common.rest_client] Request - Headers: {'Content-Type': 'application/json', 'Accept': 'application/json', 'X-Auth-Token': '&lt;omitted&gt;'}
        Body: {"floatingip": {"floating_network_id": "39b9af8a-262a-4c01-a5a2-61dccd17757b", "tenant_id": "b28e688b837b4bb0a4fd0a52d34d718d", "fixed_ip_address": "10.100.0.3", "port_id": "ca295758-42ef-4c9a-b86b-e11b753ed949"}}
    Response - Headers: {'status': '201', 'content-length': '367', 'connection': 'close', 'date': 'Tue, 15 Dec 2015 19:35:05 GMT', 'content-type': 'application/json; charset=UTF-8', 'x-openstack-request-id': 'req-db347551-c38d-44db-ae49-5abac8192739'}
        Body: {"floatingip": {"floating_network_id": "39b9af8a-262a-4c01-a5a2-61dccd17757b", "router_id": "aec1c775-a08a-435c-9d81-c72a80c06cf8", "fixed_ip_address": "10.100.0.3", "floating_ip_address": "172.24.4.4", "tenant_id": "b28e688b837b4bb0a4fd0a52d34d718d", "status": "DOWN", "port_id": "ca295758-42ef-4c9a-b86b-e11b753ed949", "id": "7a4005a1-ad8e-4203-946f-7867ccbf2238"}}
2015-12-15 19:35:05,332 24084 INFO     [tempest_lib.common.ssh] Creating ssh connection to '172.24.4.4' as 'cirros' with public key authentication
2015-12-15 19:35:09,042 24084 WARNING  [tempest_lib.common.ssh] Failed to establish authenticated ssh connection to cirros@172.24.4.4 ([Errno None] Unable to connect to port 22 on  or 172.24.4.4). Number attempts: 1. Retry after 2 seconds.
2015-12-15 19:35:14,550 24084 WARNING  [tempest_lib.common.ssh] Failed to establish authenticated ssh connection to cirros@172.24.4.4 ([Errno None] Unable to connect to port 22 on  or 172.24.4.4). Number attempts: 2. Retry after 3 seconds.
2015-12-15 19:35:21,050 24084 WARNING  [tempest_lib.common.ssh] Failed to establish authenticated ssh connection to cirros@172.24.4.4 ([Errno None] Unable to connect to port 22 on  or 172.24.4.4). Number attempts: 3. Retry after 4 seconds.
2015-12-15 19:35:28,554 24084 WARNING  [tempest_lib.common.ssh] Failed to establish authenticated ssh connection to cirros@172.24.4.4 ([Errno None] Unable to connect to port 22 on  or 172.24.4.4). Number attempts: 4. Retry after 5 seconds.
2015-12-15 19:35:37,059 24084 WARNING  [tempest_lib.common.ssh] Failed to establish authenticated ssh connection to cirros@172.24.4.4 ([Errno None] Unable to connect to port 22 on  or 172.24.4.4). Number attempts: 5. Retry after 6 seconds.
2015-12-15 19:35:46,563 24084 WARNING  [tempest_lib.common.ssh] Failed to establish authenticated ssh connection to cirros@172.24.4.4 ([Errno None] Unable to connect to port 22 on  or 172.24.4.4). Number attempts: 6. Retry after 7 seconds.
2015-12-15 19:35:57,075 24084 WARNING  [tempest_lib.common.ssh] Failed to establish authenticated ssh connection to cirros@172.24.4.4 ([Errno None] Unable to connect to port 22 on  or 172.24.4.4). Number attempts: 7. Retry after 8 seconds.
2015-12-15 19:36:08,583 24084 WARNING  [tempest_lib.common.ssh] Failed to establish authenticated ssh connection to cirros@172.24.4.4 ([Errno None] Unable to connect to port 22 on  or 172.24.4.4). Number attempts: 8. Retry after 9 seconds.
2015-12-15 19:36:21,094 24084 WARNING  [tempest_lib.common.ssh] Failed to establish authenticated ssh connection to cirros@172.24.4.4 ([Errno None] Unable to connect to port 22 on  or 172.24.4.4). Number attempts: 9. Retry after 10 seconds.
2015-12-15 19:36:34,602 24084 WARNING  [tempest_lib.common.ssh] Failed to establish authenticated ssh connection to cirros@172.24.4.4 ([Errno None] Unable to connect to port 22 on  or 172.24.4.4). Number attempts: 10. Retry after 11 seconds.
2015-12-15 19:36:49,115 24084 WARNING  [tempest_lib.common.ssh] Failed to establish authenticated ssh connection to cirros@172.24.4.4 ([Errno None] Unable to connect to port 22 on  or 172.24.4.4). Number attempts: 11. Retry after 12 seconds.
2015-12-15 19:37:04,626 24084 WARNING  [tempest_lib.common.ssh] Failed to establish authenticated ssh connection to cirros@172.24.4.4 ([Errno None] Unable to connect to port 22 on  or 172.24.4.4). Number attempts: 12. Retry after 13 seconds.
2015-12-15 19:37:21,143 24084 WARNING  [tempest_lib.common.ssh] Failed to establish authenticated ssh connection to cirros@172.24.4.4 ([Errno None] Unable to connect to port 22 on  or 172.24.4.4). Number attempts: 13. Retry after 14 seconds.
2015-12-15 19:37:38,651 24084 WARNING  [tempest_lib.common.ssh] Failed to establish authenticated ssh connection to cirros@172.24.4.4 ([Errno None] Unable to connect to port 22 on  or 172.24.4.4). Number attempts: 14. Retry after 15 seconds.
2015-12-15 19:37:57,167 24084 WARNING  [tempest_lib.common.ssh] Failed to establish authenticated ssh connection to cirros@172.24.4.4 ([Errno None] Unable to connect to port 22 on  or 172.24.4.4). Number attempts: 15. Retry after 16 seconds.
2015-12-15 19:38:16,683 24084 WARNING  [tempest_lib.common.ssh] Failed to establish authenticated ssh connection to cirros@172.24.4.4 ([Errno None] Unable to connect to port 22 on  or 172.24.4.4). Number attempts: 16. Retry after 17 seconds.
2015-12-15 19:38:37,194 24084 ERROR    [tempest_lib.common.ssh] Failed to establish authenticated ssh connection to cirros@172.24.4.4 after 16 attempts
2015-12-15 19:38:37.194 24084 ERROR tempest_lib.common.ssh Traceback (most recent call last):
2015-12-15 19:38:37.194 24084 ERROR tempest_lib.common.ssh   File "/usr/local/lib/python2.7/dist-packages/tempest_lib/common/ssh.py", line 75, in _get_ssh_connection
2015-12-15 19:38:37.194 24084 ERROR tempest_lib.common.ssh     timeout=self.channel_timeout, pkey=self.pkey)
2015-12-15 19:38:37.194 24084 ERROR tempest_lib.common.ssh   File "/usr/local/lib/python2.7/dist-packages/paramiko/client.py", line 311, in connect
2015-12-15 19:38:37.194 24084 ERROR tempest_lib.common.ssh     raise NoValidConnectionsError(errors)
2015-12-15 19:38:37.194 24084 ERROR tempest_lib.common.ssh NoValidConnectionsError: [Errno None] Unable to connect to port 22 on  or 172.24.4.4
2015-12-15 19:38:37.194 24084 ERROR tempest_lib.common.ssh 
2015-12-15 19:38:37,196 24084 ERROR    [tempest.scenario.manager] (TestGettingAddress:test_dhcp6_stateless_from_os) Initializing SSH connection to 172.24.4.4 failed. Error: Connection to the 172.24.4.4 via SSH timed out.
User: cirros, Password: None
2015-12-15 19:38:37.196 24084 ERROR tempest.scenario.manager Traceback (most recent call last):
2015-12-15 19:38:37.196 24084 ERROR tempest.scenario.manager   File "tempest/scenario/manager.py", line 385, in get_remote_client
2015-12-15 19:38:37.196 24084 ERROR tempest.scenario.manager     linux_client.validate_authentication()
2015-12-15 19:38:37.196 24084 ERROR tempest.scenario.manager   File "tempest/common/utils/linux/remote_client.py", line 63, in validate_authentication
2015-12-15 19:38:37.196 24084 ERROR tempest.scenario.manager     self.ssh_client.test_connection_auth()
2015-12-15 19:38:37.196 24084 ERROR tempest.scenario.manager   File "/usr/local/lib/python2.7/dist-packages/tempest_lib/common/ssh.py", line 167, in test_connection_auth
2015-12-15 19:38:37.196 24084 ERROR tempest.scenario.manager     connection = self._get_ssh_connection()
2015-12-15 19:38:37.196 24084 ERROR tempest.scenario.manager   File "/usr/local/lib/python2.7/dist-packages/tempest_lib/common/ssh.py", line 87, in _get_ssh_connection
2015-12-15 19:38:37.196 24084 ERROR tempest.scenario.manager     password=self.password)
2015-12-15 19:38:37.196 24084 ERROR tempest.scenario.manager SSHTimeout: Connection to the 172.24.4.4 via SSH timed out.
2015-12-15 19:38:37.196 24084 ERROR tempest.scenario.manager User: cirros, Password: None
2015-12-15 19:38:37.196 24084 ERROR tempest.scenario.manager 
2015-12-15 19:38:37,289 24084 INFO     [tempest_lib.common.rest_client] Request (TestGettingAddress:test_dhcp6_stateless_from_os): 200 GET http://10.0.2.15:8774/v2.1/b28e688b837b4bb0a4fd0a52d34d718d/servers 0.090s
2015-12-15 19:38:37,289 24084 DEBUG    [tempest_lib.common.rest_client] Request - Headers: {'Content-Type': 'application/json', 'Accept': 'application/json', 'X-Auth-Token': '&lt;omitted&gt;'}
        Body: None
    Response - Headers: {'status': '200', 'content-length': '390', 'content-location': 'http://10.0.2.15:8774/v2.1/b28e688b837b4bb0a4fd0a52d34d718d/servers', 'x-compute-request-id': 'req-eceb6ad8-2d0e-403e-a40e-218723eda258', 'vary': 'X-OpenStack-Nova-API-Version', 'connection': 'close', 'x-openstack-nova-api-version': '2.1', 'date': 'Tue, 15 Dec 2015 19:38:37 GMT', 'content-type': 'application/json'}
        Body: {"servers": [{"id": "57eeaa23-9857-4709-9496-258108665afc", "links": [{"href": "http://10.0.2.15:8774/v2.1/b28e688b837b4bb0a4fd0a52d34d718d/servers/57eeaa23-9857-4709-9496-258108665afc", "rel": "self"}, {"href": "http://10.0.2.15:8774/b28e688b837b4bb0a4fd0a52d34d718d/servers/57eeaa23-9857-4709-9496-258108665afc", "rel": "bookmark"}], "name": "tempest.common.compute-instance-971725454"}]}
2015-12-15 19:38:37,535 24084 INFO     [tempest_lib.common.rest_client] Request (TestGettingAddress:test_dhcp6_stateless_from_os): 200 POST http://10.0.2.15:8774/v2.1/b28e688b837b4bb0a4fd0a52d34d718d/servers/57eeaa23-9857-4709-9496-258108665afc/action 0.242s
2015-12-15 19:38:37,536 24084 DEBUG    [tempest_lib.common.rest_client] Request - Headers: {'Content-Type': 'application/json', 'Accept': 'application/json', 'X-Auth-Token': '&lt;omitted&gt;'}
        Body: {"os-getConsoleOutput": {}}
    Response - Headers: {'status': '200', 'content-length': '24669', 'x-compute-request-id': 'req-0a028e6a-c825-461c-8750-caf6f25613a7', 'vary': 'X-OpenStack-Nova-API-Version', 'connection': 'close', 'x-openstack-nova-api-version': '2.1', 'date': 'Tue, 15 Dec 2015 19:38:37 GMT', 'content-type': 'application/json'}
        Body: {"output": "[    0.000000] Initializing cgroup subsys cpuset\n[    0.000000] Initializing cgroup subsys cpu\n[    0.000000] Linux version 3.2.0-80-virtual (buildd@batsu) (gcc version 4.6.3 (Ubuntu/Linaro 4.6.3-1ubuntu5) ) #116-Ubuntu SMP Mon Mar 23 17:28:52 UTC 2015 (Ubuntu 3.2.0-80.116-virtual 3.2.68)\n[    0.000000] Command line: root=/dev/vda console=tty0 console=ttyS0 no_timer_check\n[    0.000000] KERNEL supported cpus:\n[    0.000000]   Intel GenuineIntel\n[    0.000000]   AMD AuthenticAMD\n[    0.000000]   Centaur CentaurHauls\n[    0.000000] BIOS-provided physical RAM map:\n[    0.000000]  BIOS-e820: 0000000000000000 - 000000000009fc00 (usable)\n[    0.000000]  BIOS-e820: 000000000009fc00 - 00000000000a0000 (reserved)\n[    0.000000]  BIOS-e820: 00000000000f0000 - 0000000000100000 (reserved)\n[    0.000000]  BIOS-e820: 0000000000100000 - 0000000003ffe000 (usable)\n[    0.000000]  BIOS-e820: 0000000003ffe000 - 0000000004000000 (reserved)\n[    0.000000]  BIOS-e820: 00000000fffc0000 - 0000000100000000 (reserved)\n[    0.000000] NX (Execute Disable) protection: active\n[    0.000000] SMBIOS 2.4 present.\n[    0.000000] No AGP bridge found\n[    0.000000] last_pfn = 0x3ffe max_arch_pfn = 0x400000000\n[    0.000000] x86 PAT enabled: cpu 0, old 0x7040600070406, new 0x7010600070106\n[    0.000000] found SMP MP-table at [ffff8800000f0b00] f0b00\n[    0.000000] init_memory_mapping: 0000000000000000-0000000003ffe000\n[    0.000000] RAMDISK: 03c5e000 - 03ff0000\n[    0.000000] ACPI: RSDP 00000000000f0950 00014 (v00 BOCHS )\n[    0.000000] ACPI: RSDT 0000000003fffbc1 00034 (v01 BOCHS  BXPCRSDT 00000001 BXPC 00000001)\n[    0.000000] ACPI: FACP 0000000003fff1c0 00074 (v01 BOCHS  BXPCFACP 00000001 BXPC 00000001)\n[    0.000000] ACPI: DSDT 0000000003ffe040 01180 (v01 BOCHS  BXPCDSDT 00000001 BXPC 00000001)\n[    0.000000] ACPI: FACS 0000000003ffe000 00040\n[    0.000000] ACPI: SSDT 0000000003fff234 008DD (v01 BOCHS  BXPCSSDT 00000001 BXPC 00000001)\n[    0.000000] ACPI: APIC 0000000003fffb11 00078 (v01 BOCHS  BXPCAPIC 00000001 BXPC 00000001)\n[    0.000000] ACPI: HPET 0000000003fffb89 00038 (v01 BOCHS  BXPCHPET 00000001 BXPC 00000001)\n[    0.000000] No NUMA configuration found\n[    0.000000] Faking a node at 0000000000000000-0000000003ffe000\n[    0.000000] Initmem setup node 0 0000000000000000-0000000003ffe000\n[    0.000000]   NODE_DATA [0000000003ff6000 - 0000000003ffafff]\n[    0.000000] Zone PFN ranges:\n[    0.000000]   DMA      0x00000010 -&gt; 0x00001000\n[    0.000000]   DMA32    0x00001000 -&gt; 0x00100000\n[    0.000000]   Normal   empty\n[    0.000000] Movable zone start PFN for each node\n[    0.000000] early_node_map[2] active PFN ranges\n[    0.000000]     0: 0x00000010 -&gt; 0x0000009f\n[    0.000000]     0: 0x00000100 -&gt; 0x00003ffe\n[    0.000000] ACPI: PM-Timer IO Port: 0xb008\n[    0.000000] ACPI: LAPIC (acpi_id[0x00] lapic_id[0x00] enabled)\n[    0.000000] ACPI: LAPIC_NMI (acpi_id[0xff] dfl dfl lint[0x1])\n[    0.000000] ACPI: IOAPIC (id[0x00] address[0xfec00000] gsi_base[0])\n[    0.000000] IOAPIC[0]: apic_id 0, version 17, address 0xfec00000, GSI 0-23\n[    0.000000] ACPI: INT_SRC_OVR (bus 0 bus_irq 0 global_irq 2 dfl dfl)\n[    0.000000] ACPI: INT_SRC_OVR (bus 0 bus_irq 5 global_irq 5 high level)\n[    0.000000] ACPI: INT_SRC_OVR (bus 0 bus_irq 9 global_irq 9 high level)\n[    0.000000] ACPI: INT_SRC_OVR (bus 0 bus_irq 10 global_irq 10 high level)\n[    0.000000] ACPI: INT_SRC_OVR (bus 0 bus_irq 11 global_irq 11 high level)\n[    0.000000] Using ACPI (MADT) for SMP configuration information\n[    0.000000] ACPI: HPET id: 0x8086a201 base: 0xfed00000\n[    0.000000] SMP: Allowing 1 CPUs, 0 hotplug CPUs\n[    0.000000] PM: Registered nosave memory: 000000000009f000 - 00000000000a0000\n[    0.000000] PM: Registered nosave memory: 00000000000a0000 - 00000000000f0000\n[    0.000000] PM: Registered nosave memory: 00000000000f0000 - 0000000000100000\n[    0.000000] Allocating PCI resources starting at 4000000 (gap: 4000000:fbfc0000)\n[    0.000000] Booting paravirtualized kernel on bare hardware\n[    0.000000] setup_pe
2015-12-15 19:38:37,538 24084 DEBUG    [tempest.scenario.manager] Console output for 57eeaa23-9857-4709-9496-258108665afc
body=
[    0.000000] Initializing cgroup subsys cpuset
[    0.000000] Initializing cgroup subsys cpu
[    0.000000] Linux version 3.2.0-80-virtual (buildd@batsu) (gcc version 4.6.3 (Ubuntu/Linaro 4.6.3-1ubuntu5) ) #116-Ubuntu SMP Mon Mar 23 17:28:52 UTC 2015 (Ubuntu 3.2.0-80.116-virtual 3.2.68)
[    0.000000] Command line: root=/dev/vda console=tty0 console=ttyS0 no_timer_check
[    0.000000] KERNEL supported cpus:
[    0.000000]   Intel GenuineIntel
[    0.000000]   AMD AuthenticAMD
[    0.000000]   Centaur CentaurHauls
[    0.000000] BIOS-provided physical RAM map:
[    0.000000]  BIOS-e820: 0000000000000000 - 000000000009fc00 (usable)
[    0.000000]  BIOS-e820: 000000000009fc00 - 00000000000a0000 (reserved)
[    0.000000]  BIOS-e820: 00000000000f0000 - 0000000000100000 (reserved)
[    0.000000]  BIOS-e820: 0000000000100000 - 0000000003ffe000 (usable)
[    0.000000]  BIOS-e820: 0000000003ffe000 - 0000000004000000 (reserved)
[    0.000000]  BIOS-e820: 00000000fffc0000 - 0000000100000000 (reserved)
[    0.000000] NX (Execute Disable) protection: active
[    0.000000] SMBIOS 2.4 present.
[    0.000000] No AGP bridge found
[    0.000000] last_pfn = 0x3ffe max_arch_pfn = 0x400000000
[    0.000000] x86 PAT enabled: cpu 0, old 0x7040600070406, new 0x7010600070106
[    0.000000] found SMP MP-table at [ffff8800000f0b00] f0b00
[    0.000000] init_memory_mapping: 0000000000000000-0000000003ffe000
[    0.000000] RAMDISK: 03c5e000 - 03ff0000
[    0.000000] ACPI: RSDP 00000000000f0950 00014 (v00 BOCHS )
[    0.000000] ACPI: RSDT 0000000003fffbc1 00034 (v01 BOCHS  BXPCRSDT 00000001 BXPC 00000001)
[    0.000000] ACPI: FACP 0000000003fff1c0 00074 (v01 BOCHS  BXPCFACP 00000001 BXPC 00000001)
[    0.000000] ACPI: DSDT 0000000003ffe040 01180 (v01 BOCHS  BXPCDSDT 00000001 BXPC 00000001)
[    0.000000] ACPI: FACS 0000000003ffe000 00040
[    0.000000] ACPI: SSDT 0000000003fff234 008DD (v01 BOCHS  BXPCSSDT 00000001 BXPC 00000001)
[    0.000000] ACPI: APIC 0000000003fffb11 00078 (v01 BOCHS  BXPCAPIC 00000001 BXPC 00000001)
[    0.000000] ACPI: HPET 0000000003fffb89 00038 (v01 BOCHS  BXPCHPET 00000001 BXPC 00000001)
[    0.000000] No NUMA configuration found
[    0.000000] Faking a node at 0000000000000000-0000000003ffe000
[    0.000000] Initmem setup node 0 0000000000000000-0000000003ffe000
[    0.000000]   NODE_DATA [0000000003ff6000 - 0000000003ffafff]
[    0.000000] Zone PFN ranges:
[    0.000000]   DMA      0x00000010 -&gt; 0x00001000
[    0.000000]   DMA32    0x00001000 -&gt; 0x00100000
[    0.000000]   Normal   empty
[    0.000000] Movable zone start PFN for each node
[    0.000000] early_node_map[2] active PFN ranges
[    0.000000]     0: 0x00000010 -&gt; 0x0000009f
[    0.000000]     0: 0x00000100 -&gt; 0x00003ffe
[    0.000000] ACPI: PM-Timer IO Port: 0xb008
[    0.000000] ACPI: LAPIC (acpi_id[0x00] lapic_id[0x00] enabled)
[    0.000000] ACPI: LAPIC_NMI (acpi_id[0xff] dfl dfl lint[0x1])
[    0.000000] ACPI: IOAPIC (id[0x00] address[0xfec00000] gsi_base[0])
[    0.000000] IOAPIC[0]: apic_id 0, version 17, address 0xfec00000, GSI 0-23
[    0.000000] ACPI: INT_SRC_OVR (bus 0 bus_irq 0 global_irq 2 dfl dfl)
[    0.000000] ACPI: INT_SRC_OVR (bus 0 bus_irq 5 global_irq 5 high level)
[    0.000000] ACPI: INT_SRC_OVR (bus 0 bus_irq 9 global_irq 9 high level)
[    0.000000] ACPI: INT_SRC_OVR (bus 0 bus_irq 10 global_irq 10 high level)
[    0.000000] ACPI: INT_SRC_OVR (bus 0 bus_irq 11 global_irq 11 high level)
[    0.000000] Using ACPI (MADT) for SMP configuration information
[    0.000000] ACPI: HPET id: 0x8086a201 base: 0xfed00000
[    0.000000] SMP: Allowing 1 CPUs, 0 hotplug CPUs
[    0.000000] PM: Registered nosave memory: 000000000009f000 - 00000000000a0000
[    0.000000] PM: Registered nosave memory: 00000000000a0000 - 00000000000f0000
[    0.000000] PM: Registered nosave memory: 00000000000f0000 - 0000000000100000
[    0.000000] Allocating PCI resources starting at 4000000 (gap: 4000000:fbfc0000)
[    0.000000] Booting paravirtualized kernel on bare hardware
[    0.000000] setup_percpu: NR_CPUS:64 nr_cpumask_bits:64 nr_cpu_ids:1 nr_node_ids:1
[    0.000000] PERCPU: Embedded 27 pages/cpu @ffff880003a00000 s78848 r8192 d23552 u2097152
[    0.000000] Built 1 zonelists in Node order, mobility grouping on.  Total pages: 16008
[    0.000000] Policy zone: DMA32
[    0.000000] Kernel command line: root=/dev/vda console=tty0 console=ttyS0 no_timer_check
[    0.000000] PID hash table entries: 256 (order: -1, 2048 bytes)
[    0.000000] Checking aperture...
[    0.000000] No AGP bridge found
[    0.000000] Memory: 43492k/65528k available (6576k kernel code, 452k absent, 21584k reserved, 6620k data, 928k init)
[    0.000000] SLUB: Genslabs=15, HWalign=64, Order=0-3, MinObjects=0, CPUs=1, Nodes=1
[    0.000000] Hierarchical RCU implementation.
[    0.000000] 	RCU dyntick-idle grace-period acceleration is enabled.
[    0.000000] NR_IRQS:4352 nr_irqs:256 16
[    0.000000] Console: colour VGA+ 80x25
[    0.000000] console [tty0] enabled
[    0.000000] console [ttyS0] enabled
[    0.000000] allocated 1048576 bytes of page_cgroup
[    0.000000] please try 'cgroup_disable=memory' option if you don't want memory cgroups
[    0.000000] Fast TSC calibration failed
[    0.000000] TSC: Unable to calibrate against PIT
[    0.000000] TSC: using HPET reference calibration
[    0.000000] Detected 2293.200 MHz processor.
[    0.036813] Calibrating delay loop (skipped), value calculated using timer frequency.. 4586.40 BogoMIPS (lpj=9172800)
[    0.040268] pid_max: default: 32768 minimum: 301
[    0.049011] Security Framework initialized
[    0.057130] AppArmor: AppArmor initialized
[    0.057940] Yama: becoming mindful.
[    0.068918] Dentry cache hash table entries: 8192 (order: 4, 65536 bytes)
[    0.070474] Inode-cache hash table entries: 4096 (order: 3, 32768 bytes)
[    0.072748] Mount-cache hash table entries: 256
[    0.086880] Initializing cgroup subsys cpuacct
[    0.088334] Initializing cgroup subsys memory
[    0.089598] Initializing cgroup subsys devices
[    0.090311] Initializing cgroup subsys freezer
[    0.092150] Initializing cgroup subsys blkio
[    0.092862] Initializing cgroup subsys perf_event
[    0.098103] mce: CPU supports 10 MCE banks
[    0.101756] SMP alternatives: switching to UP code
[    0.483018] Freeing SMP alternatives: 24k freed
[    0.484954] ACPI: Core revision 20110623
[    0.531452] ftrace: allocating 26610 entries in 105 pages
[    0.560775] ..TIMER: vector=0x30 apic1=0 pin1=2 apic2=-1 pin2=-1
[    0.562145] CPU0: AMD QEMU Virtual CPU version 2.0.0 stepping 03
[    0.568034] Performance Events: Broken PMU hardware detected, using software events only.
[    0.576521] NMI watchdog disabled (cpu0): hardware events not enabled
[    0.578079] Brought up 1 CPUs
[    0.578920] Total of 1 processors activated (4586.40 BogoMIPS).
[    0.600608] devtmpfs: initialized
[    0.629053] EVM: security.selinux
[    0.629507] EVM: security.SMACK64
[    0.629930] EVM: security.capability
[    0.648700] print_constraints: dummy: 
[    0.650264] RTC time: 19:35:07, date: 12/15/15
[    0.653080] NET: Registered protocol family 16
[    0.660667] ACPI: bus type pci registered
[    0.664292] PCI: Using configuration type 1 for base access
[    0.691122] bio: create slab &lt;bio-0&gt; at 0
[    0.695209] ACPI: Added _OSI(Module Device)
[    0.696126] ACPI: Added _OSI(Processor Device)
[    0.696726] ACPI: Added _OSI(3.0 _SCP Extensions)
[    0.697340] ACPI: Added _OSI(Processor Aggregator Device)
[    0.761634] ACPI: Interpreter enabled
[    0.762218] ACPI: (supports S0 S3 S4 S5)
[    0.764693] ACPI: Using IOAPIC for interrupt routing
[    0.835633] ACPI: No dock devices found.
[    0.836172] HEST: Table not found.
[    0.836767] PCI: Using host bridge windows from ACPI; if necessary, use "pci=nocrs" and report a bug
[    0.843166] ACPI: PCI Root Bridge [PCI0] (domain 0000 [bus 00-ff])
[    0.849005] pci_root PNP0A03:00: host bridge window [io  0x0000-0x0cf7]
[    0.851020] pci_root PNP0A03:00: host bridge window [io  0x0d00-0xadff]
[    0.852107] pci_root PNP0A03:00: host bridge window [io  0xae0f-0xaeff]
[    0.853029] pci_root PNP0A03:00: host bridge window [io  0xaf20-0xafdf]
[    0.854396] pci_root PNP0A03:00: host bridge window [io  0xafe4-0xffff]
[    0.856263] pci_root PNP0A03:00: host bridge window [mem 0x000a0000-0x000bffff]
[    0.858169] pci_root PNP0A03:00: host bridge window [mem 0x04000000-0xfebfffff]
[    0.891118] pci 0000:00:01.3: quirk: [io  0xb000-0xb03f] claimed by PIIX4 ACPI
[    0.892170] pci 0000:00:01.3: quirk: [io  0xb100-0xb10f] claimed by PIIX4 SMB
[    0.961193]  pci0000:00: Unable to request _OSC control (_OSC support mask: 0x1e)
[    1.029272] ACPI: PCI Interrupt Link [LNKA] (IRQs 5 *10 11)
[    1.031315] ACPI: PCI Interrupt Link [LNKB] (IRQs 5 *10 11)
[    1.033357] ACPI: PCI Interrupt Link [LNKC] (IRQs 5 10 *11)
[    1.036261] ACPI: PCI Interrupt Link [LNKD] (IRQs 5 10 *11)
[    1.037574] ACPI: PCI Interrupt Link [LNKS] (IRQs *9)
[    1.045222] vgaarb: device added: PCI:0000:00:02.0,decodes=io+mem,owns=io+mem,locks=none
[    1.046220] vgaarb: loaded
[    1.046603] vgaarb: bridge control possible 0000:00:02.0
[    1.050521] i2c-core: driver [aat2870] using legacy suspend method
[    1.051368] i2c-core: driver [aat2870] using legacy resume method
[    1.053596] SCSI subsystem initialized
[    1.057943] usbcore: registered new interface driver usbfs
[    1.059228] usbcore: registered new interface driver hub
[    1.060712] usbcore: registered new device driver usb
[    1.065390] PCI: Using ACPI for IRQ routing
[    1.077064] NetLabel: Initializing
[    1.077535] NetLabel:  domain hash size = 128
[    1.078100] NetLabel:  protocols = UNLABELED CIPSOv4
[    1.080718] NetLabel:  unlabeled traffic allowed by default
[    1.082571] HPET: 3 timers in total, 0 timers will be used for per-cpu timer
[    1.084413] hpet0: at MMIO 0xfed00000, IRQs 2, 8, 0
[    1.085222] hpet0: 3 comparators, 64-bit 100.000000 MHz counter
[    1.097095] Switching to clocksource hpet
[    1.334577] AppArmor: AppArmor Filesystem Enabled
[    1.336016] pnp: PnP ACPI init
[    1.337565] ACPI: bus type pnp registered
[    1.357818] pnp: PnP ACPI: found 9 devices
[    1.358419] ACPI: ACPI bus type pnp unregistered
[    1.437717] NET: Registered protocol family 2
[    1.471727] IP route cache hash table entries: 512 (order: 0, 4096 bytes)
[    1.479979] TCP established hash table entries: 2048 (order: 3, 32768 bytes)
[    1.482370] TCP bind hash table entries: 2048 (order: 3, 32768 bytes)
[    1.483370] TCP: Hash tables configured (established 2048 bind 2048)
[    1.485162] TCP reno registered
[    1.485753] UDP hash table entries: 128 (order: 0, 4096 bytes)
[    1.486652] UDP-Lite hash table entries: 128 (order: 0, 4096 bytes)
[    1.489839] NET: Registered protocol family 1
[    1.490583] pci 0000:00:00.0: Limiting direct PCI/PCI transfers
[    1.491731] pci 0000:00:01.0: PIIX3: Enabling Passive Release
[    1.493712] pci 0000:00:01.0: Activating ISA DMA hang workarounds
[    1.498327] ACPI: PCI Interrupt Link [LNKD] enabled at IRQ 11
[    1.499170] pci 0000:00:01.2: PCI INT D -&gt; Link[LNKD] -&gt; GSI 11 (level, high) -&gt; IRQ 11
[    1.502626] pci 0000:00:01.2: PCI INT D disabled
[    1.522161] Trying to unpack rootfs image as initramfs...
[    1.539143] audit: initializing netlink socket (disabled)
[    1.542162] type=2000 audit(1450208107.536:1): initialized
[    1.847101] HugeTLB registered 2 MB page size, pre-allocated 0 pages
[    1.910800] VFS: Disk quotas dquot_6.5.2
[    1.913318] Dquot-cache hash table entries: 512 (order 0, 4096 bytes)
[    1.955671] fuse init (API version 7.17)
[    1.966001] msgmni has been set to 84
[    2.000250] Block layer SCSI generic (bsg) driver version 0.4 loaded (major 253)
[    2.009582] io scheduler noop registered
[    2.010109] io scheduler deadline registered (default)
[    2.011189] io scheduler cfq registered
[    2.014621] pci_hotplug: PCI Hot Plug PCI Core version: 0.5
[    2.017863] pciehp: PCI Express Hot Plug Controller Driver version: 0.4
[    2.022805] input: Power Button as /devices/LNXSYSTM:00/LNXPWRBN:00/input/input0
[    2.024081] ACPI: Power Button [PWRF]
[    2.069936] ERST: Table is not found!
[    2.070500] GHES: HEST is not enabled!
[    2.079279] ACPI: PCI Interrupt Link [LNKC] enabled at IRQ 10
[    2.080027] virtio-pci 0000:00:03.0: PCI INT A -&gt; Link[LNKC] -&gt; GSI 10 (level, high) -&gt; IRQ 10
[    2.083684] virtio-pci 0000:00:04.0: PCI INT A -&gt; Link[LNKD] -&gt; GSI 11 (level, high) -&gt; IRQ 11
[    2.094199] ACPI: PCI Interrupt Link [LNKA] enabled at IRQ 10
[    2.094857] virtio-pci 0000:00:05.0: PCI INT A -&gt; Link[LNKA] -&gt; GSI 10 (level, high) -&gt; IRQ 10
[    2.106057] Serial: 8250/16550 driver, 32 ports, IRQ sharing enabled
[    2.147504] serial8250: ttyS0 at I/O 0x3f8 (irq = 4) is a 16550A
[    2.230006] serial8250: ttyS1 at I/O 0x2f8 (irq = 3) is a 16550A
[    2.359861] 00:05: ttyS0 at I/O 0x3f8 (irq = 4) is a 16550A
[    2.451246] 00:06: ttyS1 at I/O 0x2f8 (irq = 3) is a 16550A
[    2.504108] Linux agpgart interface v0.103
[    2.511668] Refined TSC clocksource calibration: 2293.149 MHz.
[    2.513234] Switching to clocksource tsc
[    2.558106] brd: module loaded
[    2.599886] loop: module loaded
[    2.655620]  vda: unknown partition table
[    2.698314] scsi0 : ata_piix
[    2.706338] scsi1 : ata_piix
[    2.707687] ata1: PATA max MWDMA2 cmd 0x1f0 ctl 0x3f6 bmdma 0xc0a0 irq 14
[    2.709354] ata2: PATA max MWDMA2 cmd 0x170 ctl 0x376 bmdma 0xc0a8 irq 15
[    2.719714] Fixed MDIO Bus: probed
[    2.721512] tun: Universal TUN/TAP device driver, 1.6
[    2.722213] tun: (C) 1999-2004 Max Krasnyansky &lt;maxk@qualcomm.com&gt;
[    2.739542] PPP generic driver version 2.4.2
[    2.774055] ehci_hcd: USB 2.0 'Enhanced' Host Controller (EHCI) Driver
[    2.775127] ohci_hcd: USB 1.1 'Open' Host Controller (OHCI) Driver
[    2.776333] uhci_hcd: USB Universal Host Controller Interface driver
[    2.779042] uhci_hcd 0000:00:01.2: PCI INT D -&gt; Link[LNKD] -&gt; GSI 11 (level, high) -&gt; IRQ 11
[    2.782523] uhci_hcd 0000:00:01.2: UHCI Host Controller
[    2.794164] uhci_hcd 0000:00:01.2: new USB bus registered, assigned bus number 1
[    2.797996] uhci_hcd 0000:00:01.2: irq 11, io base 0x0000c040
[    2.839367] hub 1-0:1.0: USB hub found
[    2.843080] hub 1-0:1.0: 2 ports detected
[    2.852017] usbcore: registered new interface driver libusual
[    2.856407] i8042: PNP: PS/2 Controller [PNP0303:KBD,PNP0f13:MOU] at 0x60,0x64 irq 1,12
[    2.869788] serio: i8042 KBD port at 0x60,0x64 irq 1
[    2.874175] serio: i8042 AUX port at 0x60,0x64 irq 12
[    2.939070] ata2.01: ATAPI: QEMU DVD-ROM, 2.0.0, max UDMA/100
[    2.951703] mousedev: PS/2 mouse device common for all mice
[    2.963591] input: AT Translated Set 2 keyboard as /devices/platform/i8042/serio0/input/input1
[    2.979662] rtc_cmos 00:01: RTC can wake from S4
[    2.996063] rtc_cmos 00:01: rtc core: registered rtc_cmos as rtc0
[    3.006629] rtc0: alarms up to one day, 114 bytes nvram, hpet irqs
[    3.011098] device-mapper: uevent: version 1.0.3
[    3.031519] ata2.01: configured for MWDMA2
[    3.068923] scsi 1:0:1:0: CD-ROM            QEMU     QEMU DVD-ROM     2.0. PQ: 0 ANSI: 5
[    3.086179] device-mapper: ioctl: 4.22.0-ioctl (2011-10-19) initialised: dm-devel@redhat.com
[    3.088739] cpuidle: using governor ladder
[    3.089985] cpuidle: using governor menu
[    3.090483] EFI Variables Facility v0.08 2004-May-17
[    3.095599] TCP cubic registered
[    3.099041] NET: Registered protocol family 10
[    3.122914] NET: Registered protocol family 17
[    3.124929] Registering the dns_resolver key type
[    3.158612] sr0: scsi3-mmc drive: 4x/4x cd/rw xa/form2 tray
[    3.159924] cdrom: Uniform CD-ROM driver Revision: 3.20
[    3.186765] sr 1:0:1:0: Attached scsi generic sg0 type 5
[    3.215879] registered taskstats version 1
[    3.235230] Freeing initrd memory: 3656k freed
[    3.736364]   Magic number: 11:210:597
[    3.751532] rtc_cmos 00:01: setting system clock to 2015-12-15 19:35:10 UTC (1450208110)
[    3.754561] powernow-k8: Processor cpuid 663 not supported
[    3.761310] BIOS EDD facility v0.16 2004-Jun-25, 0 devices found
[    3.762980] EDD information not available.
[    3.841839] Freeing unused kernel memory: 928k freed
[    3.847692] Write protecting the kernel read-only data: 12288k
[    3.942848] Freeing unused kernel memory: 1596k freed
[    3.999397] Freeing unused kernel memory: 1184k freed

info: initramfs: up at 4.18
modprobe: module virtio_blk not found in modules.dep
modprobe: module virtio_net not found in modules.dep
info: copying initramfs to /dev/vda
info: initramfs loading root from /dev/vda
info: /etc/init.d/rc.sysinit: up at 8.78
info: container: none
Starting logging: OK
modprobe: module virtio_blk not found in modules.dep
modprobe: module virtio_net not found in modules.dep
WARN: /etc/rc3.d/S10-load-modules failed
Initializing random number generator... done.
Starting acpid: OK
cirros-ds 'local' up at 11.24
found datasource (configdrive, local)
Starting network...
udhcpc (v1.20.1) started
Sending discover...
Sending discover...
Sending discover...
Usage: /sbin/cirros-dhcpc &lt;up|down&gt;
No lease, failing
WARN: /etc/rc3.d/S40-network failed
Starting dropbear sshd: generating rsa key... generating dsa key... OK
no userdata for datasource
=== system information ===
Platform: OpenStack Foundation OpenStack Nova
Container: none
Arch: x86_64
CPU(s): 1 @ 2293.200 MHz
Cores/Sockets/Threads: 1/1/1
Virt-type: AMD-V
RAM Size: 49MB
Disks:
NAME MAJ:MIN     SIZE LABEL         MOUNTPOINT
vda  253:0   25165824 cirros-rootfs /
sr0   11:0     428032 config-2      
=== sshd host keys ===
-----BEGIN SSH HOST KEY KEYS-----
ssh-rsa AAAAB3NzaC1yc2EAAAADAQABAAAAgwCm6U0SFWl+V9S3Mq5kRZWXKuSZPZVQV8/T/ZWHuMkBLtEe/Eeh4nycINGxbSm96aXZmEljk6Tw3KasbcgxVWmmqORhSmGE9FLsdlCen+3j2OUMSof8zlM3yQN0AX9oTLriQnTOhFMBNfOW+Cy9iU9kmW4wR8jc6V0XEMeFv60CJwKF root@tempest
ssh-dss AAAAB3NzaC1kc3MAAACBAPhNilHzxyJHqAduAswj/mMAWa4CrddRiSXTkvlyA/vu8uSHKPWQJVMBwu7zukLp/GEL6AG6XngCeFWrimM3TsZvKD+Ou0zmX8epxEYjn2JjrtzSOKTIy5b8TCiqBdH+/E3nsWmNWGGG+epuI+fIYgzRSzqEE1r4kGH+UI6OvoorAAAAFQCxeTq8vIeiF1IpG5sAniJ33ThrAQAAAIAJ2/ApwE9SiMJKppdTJgsq0WKLVwR0AfGmx0WSc31I0MkPVWOkrlZVLopB265YOloWHkOF6oNuka4PunOhFE3eqZ9B/EHTR+AGDxNO5TP0Xce4JkzboGrCPyPaYm09VW8jL3XIg4luZ/ew8uuxIjRjZIhqgeb/yo+6dvobMFpXtQAAAIAkaimsJify5uFQ6+/h1sZIvlxdeJhhbmHVGnnmsNsJBcyEkCP3u5OBpF6RRoucJIo00NtAX6z6HcDz8BMFNLM4rsLg5hycNJLKTUfEwMks9bD1BpnxUsEhvTKuzZyYPhkdm7lvr5d89Gbs4U/YozvfxHJwVSsYILXCwbx2IMVNwA== root@tempest
-----END SSH HOST KEY KEYS-----
=== network info ===
if-info: lo,up,127.0.0.1,8,::1
if-info: eth0,up,,8,fe80::f816:3eff:fed2:3df8
=== datasource: configdrive local ===
instance-id: 57eeaa23-9857-4709-9496-258108665afc
name: tempest.common.compute-instance-971725454
availability-zone: nova
local-hostname: tempest.common.compute-instance-971725454.novalocal
launch-index: 0
=== cirros: current=0.3.4 uptime=202.46 ===
route: fscanf
=== pinging gateway failed, debugging connection ===
############ debug start ##############
### /etc/init.d/sshd start
Starting dropbear sshd: OK
route: fscanf
### ifconfig -a
eth0      Link encap:Ethernet  HWaddr FA:16:3E:D2:3D:F8  
          inet6 addr: fe80::f816:3eff:fed2:3df8/64 Scope:Link
          UP BROADCAST RUNNING MULTICAST  MTU:1500  Metric:1
          RX packets:12 errors:0 dropped:5 overruns:0 frame:0
          TX packets:8 errors:0 dropped:0 overruns:0 carrier:0
          collisions:0 txqueuelen:1000 
          RX bytes:1303 (1.2 KiB)  TX bytes:1134 (1.1 KiB)

lo        Link encap:Local Loopback  
          inet addr:127.0.0.1  Mask:255.0.0.0
          inet6 addr: ::1/128 Scope:Host
          UP LOOPBACK RUNNING  MTU:16436  Metric:1
          RX packets:12 errors:0 dropped:0 overruns:0 frame:0
          TX packets:12 errors:0 dropped:0 overruns:0 carrier:0
          collisions:0 txqueuelen:0 
          RX bytes:1020 (1020.0 B)  TX bytes:1020 (1020.0 B)

### route -n
Kernel IP routing table
Destination     Gateway         Genmask         Flags Metric Ref    Use Iface
route: fscanf
### cat /etc/resolv.conf
cat: can't open '/etc/resolv.conf': No such file or directory
### gateway not found
/sbin/cirros-status: line 1: can't open /etc/resolv.conf: no such file
### pinging nameservers
### uname -a
Linux tempest 3.2.0-80-virtual #116-Ubuntu SMP Mon Mar 23 17:28:52 UTC 2015 x86_64 GNU/Linux
### lsmod
Module                  Size  Used by    Not tainted
nls_iso8859_1          12713  0 
nls_cp437              16991  0 
vfat                   17585  0 
fat                    61512  1 vfat
isofs                  40259  0 
ip_tables              27473  0 
x_tables               29891  1 ip_tables
pcnet32                42119  0 
8139cp                 27360  0 
ne2k_pci               13691  0 
8390                   18856  1 ne2k_pci
e1000                 108589  0 
acpiphp                24231  0 
### dmesg | tail
[    4.939156] EXT3-fs (vda): mounted filesystem with ordered data mode
[    5.260575] ISO 9660 Extensions: Microsoft Joliet Level 3
[    5.342464] ISO 9660 Extensions: RRIP_1991A
[    5.614324] kjournald starting.  Commit interval 5 seconds
[    5.625645] EXT3-fs (vda): using internal journal
[    5.625763] EXT3-fs (vda): mounted filesystem with ordered data mode
[    8.882827] EXT3-fs (vda): using internal journal
[   12.045822] ISO 9660 Extensions: Microsoft Joliet Level 3
[   12.157402] ISO 9660 Extensions: RRIP_1991A
[   27.318617] eth0: no IPv6 routers present
### tail -n 25 /var/log/messages
Dec 15 19:35:17 cirros kern.info kernel: [    4.452046] acpiphp: Slot [19] registered
Dec 15 19:35:17 cirros kern.info kernel: [    4.453169] acpiphp: Slot [20] registered
Dec 15 19:35:17 cirros kern.info kernel: [    4.453585] acpiphp: Slot [21] registered
Dec 15 19:35:17 cirros kern.info kernel: [    4.453891] acpiphp: Slot [22] registered
Dec 15 19:35:17 cirros kern.info kernel: [    4.457708] acpiphp: Slot [30] registered
Dec 15 19:35:17 cirros kern.info kernel: [    4.458026] acpiphp: Slot [31] registered
Dec 15 19:35:17 cirros kern.info kernel: [    4.518135] e1000: Intel(R) PRO/1000 Network Driver - version 7.3.21-k8-NAPI
Dec 15 19:35:17 cirros kern.info kernel: [    4.518186] e1000: Copyright (c) 1999-2006 Intel Corporation.
Dec 15 19:35:17 cirros kern.info kernel: [    4.573516] ne2k-pci.c:v1.03 9/22/2003 D. Becker/P. Gortmaker
Dec 15 19:35:17 cirros kern.info kernel: [    4.614983] 8139cp: 8139cp: 10/100 PCI Ethernet driver v1.3 (Mar 22, 2004)
Dec 15 19:35:17 cirros kern.info kernel: [    4.654035] pcnet32: pcnet32.c:v1.35 21.Apr.2008 tsbogend@alpha.franken.de
Dec 15 19:35:17 cirros kern.info kernel: [    4.694497] ip_tables: (C) 2000-2006 Netfilter Core Team
Dec 15 19:35:17 cirros kern.info kernel: [    4.927590] kjournald starting.  Commit interval 5 seconds
Dec 15 19:35:17 cirros kern.info kernel: [    4.939156] EXT3-fs (vda): mounted filesystem with ordered data mode
Dec 15 19:35:17 cirros kern.debug kernel: [    5.260575] ISO 9660 Extensions: Microsoft Joliet Level 3
Dec 15 19:35:17 cirros kern.debug kernel: [    5.342464] ISO 9660 Extensions: RRIP_1991A
Dec 15 19:35:17 cirros kern.info kernel: [    5.614324] kjournald starting.  Commit interval 5 seconds
Dec 15 19:35:17 cirros kern.info kernel: [    5.625645] EXT3-fs (vda): using internal journal
Dec 15 19:35:17 cirros kern.info kernel: [    5.625763] EXT3-fs (vda): mounted filesystem with ordered data mode
Dec 15 19:35:17 cirros kern.info kernel: [    8.882827] EXT3-fs (vda): using internal journal
Dec 15 19:35:18 cirros kern.debug kernel: [   12.045822] ISO 9660 Extensions: Microsoft Joliet Level 3
Dec 15 19:35:18 cirros kern.debug kernel: [   12.157402] ISO 9660 Extensions: RRIP_1991A
Dec 15 19:35:21 cirros auth.notice su: + /dev/console root:cirros
Dec 15 19:35:34 cirros kern.debug kernel: [   27.318617] eth0: no IPv6 routers present
Dec 15 19:38:27 cirros authpriv.info dropbear[283]: Running in background
############ debug end   ##############
  ____               ____  ____
 / __/ __ ____ ____ / __ \/ __/
/ /__ / // __// __// /_/ /\ \ 
\___//_//_/  /_/   \____/___/ 
   http://cirros-cloud.net


login as 'cirros' user. default password: 'cubswin:)'. use 'sudo' for root.
tempest login: 
2015-12-15 19:38:37,732 24084 INFO     [tempest_lib.common.rest_client] Request (TestGettingAddress:_run_cleanups): 204 DELETE http://10.0.2.15:9696/v2.0/floatingips/7a4005a1-ad8e-4203-946f-7867ccbf2238 0.190s
2015-12-15 19:38:37,732 24084 DEBUG    [tempest_lib.common.rest_client] Request - Headers: {'Content-Type': 'application/json', 'Accept': 'application/json', 'X-Auth-Token': '&lt;omitted&gt;'}
        Body: None
    Response - Headers: {'date': 'Tue, 15 Dec 2015 19:38:37 GMT', 'status': '204', 'connection': 'close', 'content-length': '0', 'x-openstack-request-id': 'req-a82269c2-6f0c-4931-a319-fb9b35a66171'}
        Body: 
2015-12-15 19:38:37,948 24084 INFO     [tempest_lib.common.rest_client] Request (TestGettingAddress:_run_cleanups): 204 DELETE http://10.0.2.15:8774/v2.1/b28e688b837b4bb0a4fd0a52d34d718d/servers/57eeaa23-9857-4709-9496-258108665afc 0.215s
2015-12-15 19:38:37,949 24084 DEBUG    [tempest_lib.common.rest_client] Request - Headers: {'Content-Type': 'application/json', 'Accept': 'application/json', 'X-Auth-Token': '&lt;omitted&gt;'}
        Body: None
    Response - Headers: {'status': '204', 'content-length': '0', 'x-compute-request-id': 'req-6fee68ab-a20f-477c-94fe-0f19a8acb993', 'vary': 'X-OpenStack-Nova-API-Version', 'connection': 'close', 'x-openstack-nova-api-version': '2.1', 'date': 'Tue, 15 Dec 2015 19:38:37 GMT', 'content-type': 'application/json'}
        Body: 
2015-12-15 19:38:38,254 24084 INFO     [tempest_lib.common.rest_client] Request (TestGettingAddress:_run_cleanups): 200 GET http://10.0.2.15:8774/v2.1/b28e688b837b4bb0a4fd0a52d34d718d/servers/57eeaa23-9857-4709-9496-258108665afc 0.304s
2015-12-15 19:38:38,255 24084 DEBUG    [tempest_lib.common.rest_client] Request - Headers: {'Content-Type': 'application/json', 'Accept': 'application/json', 'X-Auth-Token': '&lt;omitted&gt;'}
        Body: None
    Response - Headers: {'status': '200', 'content-length': '1902', 'content-location': 'http://10.0.2.15:8774/v2.1/b28e688b837b4bb0a4fd0a52d34d718d/servers/57eeaa23-9857-4709-9496-258108665afc', 'x-compute-request-id': 'req-d6c370a1-7971-4d73-9c8b-90cf04adc2e3', 'vary': 'X-OpenStack-Nova-API-Version', 'connection': 'close', 'x-openstack-nova-api-version': '2.1', 'date': 'Tue, 15 Dec 2015 19:38:38 GMT', 'content-type': 'application/json'}
        Body: {"server": {"status": "ACTIVE", "updated": "2015-12-15T19:38:37Z", "hostId": "f5aadb324f42a15441d04f894d816a4286e877578d75805c8bf3daff", "addresses": {"tempest-network-smoke--440440997": [{"OS-EXT-IPS-MAC:mac_addr": "fa:16:3e:d2:3d:f8", "version": 6, "addr": "2003::f816:3eff:fed2:3df8", "OS-EXT-IPS:type": "fixed"}, {"OS-EXT-IPS-MAC:mac_addr": "fa:16:3e:d2:3d:f8", "version": 4, "addr": "10.100.0.3", "OS-EXT-IPS:type": "fixed"}, {"OS-EXT-IPS-MAC:mac_addr": "fa:16:3e:d2:3d:f8", "version": 4, "addr": "172.24.4.4", "OS-EXT-IPS:type": "floating"}]}, "links": [{"href": "http://10.0.2.15:8774/v2.1/b28e688b837b4bb0a4fd0a52d34d718d/servers/57eeaa23-9857-4709-9496-258108665afc", "rel": "self"}, {"href": "http://10.0.2.15:8774/b28e688b837b4bb0a4fd0a52d34d718d/servers/57eeaa23-9857-4709-9496-258108665afc", "rel": "bookmark"}], "key_name": "tempest-TestGettingAddress-1093825152", "image": {"id": "9675d690-d8c6-4f78-9fb7-e0d1f698193b", "links": [{"href": "http://10.0.2.15:8774/b28e688b837b4bb0a4fd0a52d34d718d/images/9675d690-d8c6-4f78-9fb7-e0d1f698193b", "rel": "bookmark"}]}, "OS-EXT-STS:task_state": "deleting", "OS-EXT-STS:vm_state": "active", "OS-SRV-USG:launched_at": "2015-12-15T19:35:04.000000", "flavor": {"id": "42", "links": [{"href": "http://10.0.2.15:8774/b28e688b837b4bb0a4fd0a52d34d718d/flavors/42", "rel": "bookmark"}]}, "id": "57eeaa23-9857-4709-9496-258108665afc", "security_groups": [{"name": "tempest-secgroup-smoke-288516275"}], "OS-SRV-USG:terminated_at": null, "OS-EXT-AZ:availability_zone": "nova", "user_id": "541130ee0bc742c4803444c4f43a57e8", "name": "tempest.common.compute-instance-971725454", "created": "2015-12-15T19:35:00Z", "tenant_id": "b28e688b837b4bb0a4fd0a52d34d718d", "OS-DCF:diskConfig": "MANUAL", "os-extended-volumes:volumes_attached": [], "accessIPv4": "", "accessIPv6": "", "progress": 0, "OS-EXT-STS:power_state": 1, "config_drive": "True", "metadata": {}}}
2015-12-15 19:38:39,396 24084 INFO     [tempest_lib.common.rest_client] Request (TestGettingAddress:_run_cleanups): 200 GET http://10.0.2.15:8774/v2.1/b28e688b837b4bb0a4fd0a52d34d718d/servers/57eeaa23-9857-4709-9496-258108665afc 0.131s
2015-12-15 19:38:39,396 24084 DEBUG    [tempest_lib.common.rest_client] Request - Headers: {'Content-Type': 'application/json', 'Accept': 'application/json', 'X-Auth-Token': '&lt;omitted&gt;'}
        Body: None
    Response - Headers: {'status': '200', 'content-length': '1444', 'content-location': 'http://10.0.2.15:8774/v2.1/b28e688b837b4bb0a4fd0a52d34d718d/servers/57eeaa23-9857-4709-9496-258108665afc', 'x-compute-request-id': 'req-b11dafb5-1b73-48a4-aef1-2ceb596f68b6', 'vary': 'X-OpenStack-Nova-API-Version', 'connection': 'close', 'x-openstack-nova-api-version': '2.1', 'date': 'Tue, 15 Dec 2015 19:38:39 GMT', 'content-type': 'application/json'}
        Body: {"server": {"status": "DELETED", "updated": "2015-12-15T19:38:39Z", "hostId": "f5aadb324f42a15441d04f894d816a4286e877578d75805c8bf3daff", "addresses": {}, "links": [{"href": "http://10.0.2.15:8774/v2.1/b28e688b837b4bb0a4fd0a52d34d718d/servers/57eeaa23-9857-4709-9496-258108665afc", "rel": "self"}, {"href": "http://10.0.2.15:8774/b28e688b837b4bb0a4fd0a52d34d718d/servers/57eeaa23-9857-4709-9496-258108665afc", "rel": "bookmark"}], "key_name": "tempest-TestGettingAddress-1093825152", "image": {"id": "9675d690-d8c6-4f78-9fb7-e0d1f698193b", "links": [{"href": "http://10.0.2.15:8774/b28e688b837b4bb0a4fd0a52d34d718d/images/9675d690-d8c6-4f78-9fb7-e0d1f698193b", "rel": "bookmark"}]}, "OS-EXT-STS:task_state": null, "OS-EXT-STS:vm_state": "deleted", "OS-SRV-USG:launched_at": "2015-12-15T19:35:04.000000", "flavor": {"id": "42", "links": [{"href": "http://10.0.2.15:8774/b28e688b837b4bb0a4fd0a52d34d718d/flavors/42", "rel": "bookmark"}]}, "id": "57eeaa23-9857-4709-9496-258108665afc", "OS-SRV-USG:terminated_at": "2015-12-15T19:38:39.000000", "OS-EXT-AZ:availability_zone": "nova", "user_id": "541130ee0bc742c4803444c4f43a57e8", "name": "tempest.common.compute-instance-971725454", "created": "2015-12-15T19:35:00Z", "tenant_id": "b28e688b837b4bb0a4fd0a52d34d718d", "OS-DCF:diskConfig": "MANUAL", "os-extended-volumes:volumes_attached": [], "accessIPv4": "", "accessIPv6": "", "OS-EXT-STS:power_state": 0, "config_drive": "True", "metadata": {}}}
2015-12-15 19:38:40,494 24084 INFO     [tempest_lib.common.rest_client] Request (TestGettingAddress:_run_cleanups): 404 GET http://10.0.2.15:8774/v2.1/b28e688b837b4bb0a4fd0a52d34d718d/servers/57eeaa23-9857-4709-9496-258108665afc 0.086s
2015-12-15 19:38:40,495 24084 DEBUG    [tempest_lib.common.rest_client] Request - Headers: {'Content-Type': 'application/json', 'Accept': 'application/json', 'X-Auth-Token': '&lt;omitted&gt;'}
        Body: None
    Response - Headers: {'status': '404', 'content-length': '111', 'x-compute-request-id': 'req-22b43150-2696-46be-a299-c84136a54ad9', 'vary': 'X-OpenStack-Nova-API-Version', 'connection': 'close', 'x-openstack-nova-api-version': '2.1', 'date': 'Tue, 15 Dec 2015 19:38:40 GMT', 'content-type': 'application/json; charset=UTF-8'}
        Body: {"itemNotFound": {"message": "Instance 57eeaa23-9857-4709-9496-258108665afc could not be found.", "code": 404}}
2015-12-15 19:38:40,982 24084 INFO     [tempest_lib.common.rest_client] Request (TestGettingAddress:_run_cleanups): 200 PUT http://10.0.2.15:9696/v2.0/routers/aec1c775-a08a-435c-9d81-c72a80c06cf8/remove_router_interface 0.485s
2015-12-15 19:38:40,982 24084 DEBUG    [tempest_lib.common.rest_client] Request - Headers: {'Content-Type': 'application/json', 'Accept': 'application/json', 'X-Auth-Token': '&lt;omitted&gt;'}
        Body: {"subnet_id": "1f5b7866-8c86-42cf-94da-ed8b05eda16c"}
    Response - Headers: {'status': '200', 'content-length': '255', 'connection': 'close', 'date': 'Tue, 15 Dec 2015 19:38:40 GMT', 'content-type': 'application/json; charset=UTF-8', 'x-openstack-request-id': 'req-5569c291-443b-4ec3-a0e7-d1d72f89803d'}
        Body: {"subnet_id": "1f5b7866-8c86-42cf-94da-ed8b05eda16c", "tenant_id": "b28e688b837b4bb0a4fd0a52d34d718d", "subnet_ids": ["1f5b7866-8c86-42cf-94da-ed8b05eda16c"], "port_id": "08d60528-3208-4efd-bc26-7fdb4006c7df", "id": "aec1c775-a08a-435c-9d81-c72a80c06cf8"}
2015-12-15 19:38:41,420 24084 INFO     [tempest_lib.common.rest_client] Request (TestGettingAddress:_run_cleanups): 204 DELETE http://10.0.2.15:9696/v2.0/subnets/1f5b7866-8c86-42cf-94da-ed8b05eda16c 0.437s
2015-12-15 19:38:41,420 24084 DEBUG    [tempest_lib.common.rest_client] Request - Headers: {'Content-Type': 'application/json', 'Accept': 'application/json', 'X-Auth-Token': '&lt;omitted&gt;'}
        Body: None
    Response - Headers: {'date': 'Tue, 15 Dec 2015 19:38:41 GMT', 'status': '204', 'connection': 'close', 'content-length': '0', 'x-openstack-request-id': 'req-2ddd5a5f-379a-4c4a-af26-84822bfa26a3'}
        Body: 
2015-12-15 19:38:41,453 24084 INFO     [tempest_lib.common.rest_client] Request (TestGettingAddress:_run_cleanups): 404 DELETE http://10.0.2.15:9696/v2.0/subnets/1f5b7866-8c86-42cf-94da-ed8b05eda16c 0.031s
2015-12-15 19:38:41,454 24084 DEBUG    [tempest_lib.common.rest_client] Request - Headers: {'Content-Type': 'application/json', 'Accept': 'application/json', 'X-Auth-Token': '&lt;omitted&gt;'}
        Body: None
    Response - Headers: {'status': '404', 'content-length': '135', 'connection': 'close', 'date': 'Tue, 15 Dec 2015 19:38:41 GMT', 'content-type': 'application/json; charset=UTF-8', 'x-openstack-request-id': 'req-8ca64182-e3f0-4832-a97e-012559cff38a'}
        Body: {"NeutronError": {"message": "Subnet 1f5b7866-8c86-42cf-94da-ed8b05eda16c could not be found", "type": "SubnetNotFound", "detail": ""}}
2015-12-15 19:38:41,827 24084 INFO     [tempest_lib.common.rest_client] Request (TestGettingAddress:_run_cleanups): 200 PUT http://10.0.2.15:9696/v2.0/routers/aec1c775-a08a-435c-9d81-c72a80c06cf8/remove_router_interface 0.373s
2015-12-15 19:38:41,828 24084 DEBUG    [tempest_lib.common.rest_client] Request - Headers: {'Content-Type': 'application/json', 'Accept': 'application/json', 'X-Auth-Token': '&lt;omitted&gt;'}
        Body: {"subnet_id": "f28789a3-48dc-4ade-8884-b2c5ade50199"}
