<?xml version="1.0" encoding="UTF-8"?>
<!DOCTYPE html PUBLIC "-//W3C//DTD XHTML 1.0 Strict//EN"
     "http://www.w3.org/TR/xhtml1/DTD/xhtml1-strict.dtd">
<html xmlns="http://www.w3.org/1999/xhtml">
<head>
    <title>Unit Test Report</title>
    <meta name="generator" content="subunit2html 0.1"/>
    <meta http-equiv="Content-Type" content="text/html; charset=UTF-8"/>
    
<style type="text/css" media="screen">
body        { font-family: verdana, arial, helvetica, sans-serif;
    font-size: 80%; }
table       { font-size: 100%; width: 100%;}
pre         { font-size: 80%; }

/* -- heading -------------------------------------------------------------- */
h1 {
        font-size: 16pt;
        color: gray;
}
.heading {
    margin-top: 0ex;
    margin-bottom: 1ex;
}

.heading .attribute {
    margin-top: 1ex;
    margin-bottom: 0;
}

.heading .description {
    margin-top: 4ex;
    margin-bottom: 6ex;
}

/* -- css div popup -------------------------------------------------------- */
a.popup_link {
}

a.popup_link:hover {
    color: red;
}

.popup_window {
    display: none;
    overflow-x: scroll;
    /*border: solid #627173 1px; */
    padding: 10px;
    background-color: #E6E6D6;
    font-family: "Ubuntu Mono", "Lucida Console", "Courier New", monospace;
    text-align: left;
    font-size: 8pt;
}

}
/* -- report --------------------------------------------------------------- */
#show_detail_line {
    margin-top: 3ex;
    margin-bottom: 1ex;
}
#result_table {
    width: 100%;
    border-collapse: collapse;
    border: 1px solid #777;
}
#header_row {
    font-weight: bold;
    color: white;
    background-color: #777;
}
#result_table td {
    border: 1px solid #777;
    padding: 2px;
}
#total_row  { font-weight: bold; }
.passClass  { background-color: #6c6; }
.failClass  { background-color: #c60; }
.errorClass { background-color: #c00; }
.passCase   { color: #6c6; }
.failCase   { color: #c60; font-weight: bold; }
.errorCase  { color: #c00; font-weight: bold; }
.hiddenRow  { display: none; }
.testcase   { margin-left: 2em; }
td.testname {width: 40%}
td.small {width: 40px}

/* -- ending --------------------------------------------------------------- */
#ending {
}

</style>

</head>
<body>
<script language="javascript" type="text/javascript"><!--
output_list = Array();

/* level - 0:Summary; 1:Failed; 2:All */
function showCase(level) {
    trs = document.getElementsByTagName("tr");
    for (var i = 0; i < trs.length; i++) {
        tr = trs[i];
        id = tr.id;
        if (id.substr(0,2) == 'ft') {
            if (level < 1) {
                tr.className = 'hiddenRow';
            }
            else {
                tr.className = '';
            }
        }
        if (id.substr(0,2) == 'pt') {
            if (level > 1) {
                tr.className = '';
            }
            else {
                tr.className = 'hiddenRow';
            }
        }
    }
}


function showClassDetail(cid, count) {
    var id_list = Array(count);
    var toHide = 1;
    for (var i = 0; i < count; i++) {
        tid0 = 't' + cid.substr(1) + '.' + (i+1);
        tid = 'f' + tid0;
        tr = document.getElementById(tid);
        if (!tr) {
            tid = 'p' + tid0;
            tr = document.getElementById(tid);
        }
        id_list[i] = tid;
        if (tr.className) {
            toHide = 0;
        }
    }
    for (var i = 0; i < count; i++) {
        tid = id_list[i];
        if (toHide) {
            document.getElementById('div_'+tid).style.display = 'none'
            document.getElementById(tid).className = 'hiddenRow';
        }
        else {
            document.getElementById(tid).className = '';
        }
    }
}


function showTestDetail(div_id){
    var details_div = document.getElementById(div_id)
    var displayState = details_div.style.display
    // alert(displayState)
    if (displayState != 'block' ) {
        displayState = 'block'
        details_div.style.display = 'block'
    }
    else {
        details_div.style.display = 'none'
    }
}


function html_escape(s) {
    s = s.replace(/&/g,'&amp;');
    s = s.replace(/</g,'&lt;');
    s = s.replace(/>/g,'&gt;');
    return s;
}

/* obsoleted by detail in <div>
function showOutput(id, name) {
    var w = window.open("", //url
                    name,
                    "resizable,scrollbars,status,width=800,height=450");
    d = w.document;
    d.write("<pre>");
    d.write(html_escape(output_list[id]));
    d.write("\n");
    d.write("<a href='javascript:window.close()'>close</a>\n");
    d.write("</pre>\n");
    d.close();
}
*/
--></script>

<div class='heading'>
<h1>Unit Test Report</h1>

<p class='attribute'><strong>Status:</strong> Pass 2 Failure 6</p>

<p class='description'></p>
</div>



<p id='show_detail_line'>Show
<a href='javascript:showCase(0)'>Summary</a>
<a href='javascript:showCase(1)'>Failed</a>
<a href='javascript:showCase(2)'>All</a>
</p>
<table id='result_table'>
<colgroup>
<col align='left' />
<col align='right' />
<col align='right' />
<col align='right' />
<col align='right' />
<col align='right' />
<col align='right' />
<col align='right' />
</colgroup>
<tr id='header_row'>
    <td>Test Group/Test case</td>
    <td>Count</td>
    <td>Pass</td>
    <td>Fail</td>
    <td>Error</td>
    <td>Skip</td>
    <td>View</td>
    <td> </td>
</tr>

<tr class='failClass'>
    <td class="testname">tempest.scenario.test_network_v6.TestGettingAddress</td>
    <td class="small">8</td>
    <td class="small">2</td>
    <td class="small">6</td>
    <td class="small">0</td>
    <td class="small">0</td>
    <td class="small"><a href="javascript:showClassDetail('c1',8)"
>Detail</a></td>
    <td> </td>
</tr>

<tr id='ft1.1' class='none'>
    <td class='failCase'><div class='testcase'>test_dhcp6_stateless_from_os[compute,id-d7e1f858-187c-45a6-89c9-bdafde619a9f,network]</div></td>
    <td colspan='7' align='left'>

    <!--css div popup start-->
    <a class="popup_link" onfocus='this.blur();'
    href="javascript:showTestDetail('div_ft1.1')" >
        fail</a>

    <div id='div_ft1.1' class="popup_window">
        <div style='text-align: right; color:red;cursor:pointer'>
        <a onfocus='this.blur();'
onclick="document.getElementById('div_ft1.1').style.display = 'none' " >
           [x]</a>
        </div>
        <pre>
        
ft1.1: tempest.scenario.test_network_v6.TestGettingAddress.test_dhcp6_stateless_from_os[compute,id-d7e1f858-187c-45a6-89c9-bdafde619a9f,network]_StringException: Empty attachments:
  stderr
  stdout

pythonlogging:'': {{{
2015-12-07 06:02:42,376 27348 INFO     [tempest_lib.common.rest_client] Request (TestGettingAddress:setUp): 200 POST http://10.0.2.15:8774/v2.1/7b3ca77ed7c74dc8b06478276e8cf5bf/os-keypairs 0.622s
2015-12-07 06:02:42,376 27348 DEBUG    [tempest_lib.common.rest_client] Request - Headers: {'Content-Type': 'application/json', 'Accept': 'application/json', 'X-Auth-Token': '&lt;omitted&gt;'}
        Body: {"keypair": {"name": "tempest-TestGettingAddress-720216404"}}
    Response - Headers: {'status': '200', 'content-length': '2323', 'x-compute-request-id': 'req-ecc7edd9-e75f-4449-812c-3ce0c4b935e8', 'vary': 'X-OpenStack-Nova-API-Version', 'connection': 'close', 'x-openstack-nova-api-version': '2.1', 'date': 'Mon, 07 Dec 2015 06:02:42 GMT', 'content-type': 'application/json'}
        Body: {"keypair": {"public_key": "ssh-rsa AAAAB3NzaC1yc2EAAAADAQABAAABAQC8C9eB1FwHPs7Ci/KK/UQejhbOoWZbIOxxQUdi/bkVUY9MsmEKLgzigGhFcs47j4hJt/GFLXrZz0Tj6ZzTQhcJQmINSgi0qMKQd5+E1+JXzU/eXP0SeZDmxlkTvzFdgQPpLNotrIxolTfFpXivGVTCE/nvcdehB16822Nq99JChIzWmPzZBk/8GP2kv6Cqdq6uIjeA+G0cqWHRo1yu8dj/0AHQihiCfk/fCgVdv/71ezl536z5mIeUKaZIa448/EnvVXS1p2sWGavnn00QCCdFX+kgRYwQqHzT4Zv6OerN0QnFpy7hEaV8MO0efA924b2fHYzHGuU1UvP6hLAQNG7L Generated-by-Nova", "private_key": "-----BEGIN RSA PRIVATE KEY-----\nMIIEqgIBAAKCAQEAvAvXgdRcBz7Owovyiv1EHo4WzqFmWyDscUFHYv25FVGPTLJh\nCi4M4oBoRXLOO4+ISbfxhS162c9E4+mc00IXCUJiDUoItKjCkHefhNfiV81P3lz9\nEnmQ5sZZE78xXYED6SzaLayMaJU3xaV4rxlUwhP573HXoQdevNtjavfSQoSM1pj8\n2QZP/Bj9pL+gqnauriI3gPhtHKlh0aNcrvHY/9AB0IoYgn5P3woFXb/+9Xs5ed+s\n+ZiHlCmmSGuOPPxJ71V0tadrFhmr559NEAgnRV/pIEWMEKh80+Gb+jnqzdEJxacu\n4RGlfDDtHnwPduG9nx2MxxrlNVLz+oSwEDRuywIDAQABAoIBAQCLFk8uTj5LdZ9E\nsnKRb0blOr+P0j19Bdsc4eXFSFmPdSYC2qV//BO3rLZzN7lmwIFT1WQk10DYvb/8\nu5wtfeLADIOtxKavyWsvo+svPObDfq6mkCz3b0dICkl0m6QNvxF/dJdj1Q59hHEe\nFYgwKxJQAqqI+rE8/9CI69SbF/ZDD7ZXTpsweZvHUHirXnwq5+UfVkBMjn/ywOWU\nJKW/TAQrl1ciDSZOkntCpA3niZbjLdUmDvSTAJ5Cwx8Y+byY6iBY9knCmTKMmdEQ\n3ro3/TglrSK7+qE1jgvPoQEHrzVYwvxyjnd7IFloCPb27+4CSh4mIrJI3cNoNbMD\n6M6O09thAoIAgQDObnMfOUk0hrTSvs8YysmUkjzU91nzXp9wDNTUA+YcLMV4M44G\nQdMD2Qy6tYcevOwrHVTcpQtZkCZIOdHnRR2ztjO3nEvsYFsyh0BtPHnLVOllBuB6\nxTDhes5SEst+NO6ALQyLd5Sc2i9qCHjd2Fd9e0LrRcuC/2tdVmIg9qwbuQKCAIEA\n6TM8bJ9CWaJiuHoaMPAp6B8Ra9wgxSwQAWVE3VYaxUlypZ4ErX/sRwrnj90nIPw7\nvQrc6WUeFrUzNzVJJeyl/2BV/1dtZxU/OykWmdNpQ24NoSvnRitEOWpZ35yALJF9\nT91ZgraQGJHFBCB8UWktpeLOeKxfYlkXtD/gw3hJCKMCggCBAK893ibsh7O6gzjA\n2KhQRk4E0vVrwgWzFyCVE/ukD61taHmBMpknOg5zLLY3siwq70YukUL6LSdsEsOP\nqhxtdSiBjWfanC1fIyxC2zOgejhdrgCglOJEEhnoGcxcvjk2kB1poNOowRVit4uJ\nA6o4pRUWFZoK1xgu4qMK2SToovSpAoIAgQDBgsm+XT2iwbRn3rLDL1enDbjYJzdu\nRo0Vi2JkxOG8GqGvOvwouQFpRmw3Hk4s+gHccho09rrMHxrb0jTb6o8o5lkWZQcc\nxi3NOuBNT3iHAtj+iD8HJDod5tmjS+u0kBpLXqO7ayERskypiwd+SugdQqMQ0gDo\nzIN2CJfLvJHmPwKCAIBWXTOEyG/Rawder3Xw6m2kpGdrTyizL/0V4JSnOg1jvTqy\nDSmhhc+taQ7CIEydWupUgAkOYQUmwCPacU5fjwipGyMZ3mM+BfJx9mMvU3js0K0i\nLA5lI9iwBw+Uafx/cV2XrV3DLlMmxhFGKFMQprBXI9FkryGPw7d8SNecr6+a7w==\n-----END RSA PRIVATE KEY-----\n", "user_id": "c7de87c98fd04a86b481d578ecf8fd3e", "name": "tempest-TestGettingAddress-720216404", "fingerprint": "6e:15:14:c8:52:a2:33:8f:21:08:cf:bf:25:7c:64:45"}}
2015-12-07 06:02:42,716 27348 INFO     [tempest_lib.common.rest_client] Request (TestGettingAddress:setUp): 201 POST http://10.0.2.15:9696/v2.0/security-groups 0.334s
2015-12-07 06:02:42,717 27348 DEBUG    [tempest_lib.common.rest_client] Request - Headers: {'Content-Type': 'application/json', 'Accept': 'application/json', 'X-Auth-Token': '&lt;omitted&gt;'}
        Body: {"security_group": {"tenant_id": "7b3ca77ed7c74dc8b06478276e8cf5bf", "description": "tempest-secgroup-smoke-838433099 description", "name": "tempest-secgroup-smoke-838433099"}}
    Response - Headers: {'status': '201', 'content-length': '886', 'connection': 'close', 'date': 'Mon, 07 Dec 2015 06:02:42 GMT', 'content-type': 'application/json; charset=UTF-8', 'x-openstack-request-id': 'req-4eaa6c95-7c5a-4fe3-873d-37729bf76fa6'}
        Body: {"security_group": {"tenant_id": "7b3ca77ed7c74dc8b06478276e8cf5bf", "description": "tempest-secgroup-smoke-838433099 description", "id": "44af7569-0081-47f6-875a-c4a42fe759f3", "security_group_rules": [{"remote_group_id": null, "direction": "egress", "remote_ip_prefix": null, "protocol": null, "ethertype": "IPv4", "tenant_id": "7b3ca77ed7c74dc8b06478276e8cf5bf", "port_range_max": null, "port_range_min": null, "id": "6f556290-5418-455b-b263-c058b914db0a", "security_group_id": "44af7569-0081-47f6-875a-c4a42fe759f3"}, {"remote_group_id": null, "direction": "egress", "remote_ip_prefix": null, "protocol": null, "ethertype": "IPv6", "tenant_id": "7b3ca77ed7c74dc8b06478276e8cf5bf", "port_range_max": null, "port_range_min": null, "id": "3caf859c-42e1-4968-b113-9aa8624fbe5a", "security_group_id": "44af7569-0081-47f6-875a-c4a42fe759f3"}], "name": "tempest-secgroup-smoke-838433099"}}
2015-12-07 06:02:42,823 27348 INFO     [tempest_lib.common.rest_client] Request (TestGettingAddress:setUp): 201 POST http://10.0.2.15:9696/v2.0/security-group-rules 0.105s
2015-12-07 06:02:42,824 27348 DEBUG    [tempest_lib.common.rest_client] Request - Headers: {'Content-Type': 'application/json', 'Accept': 'application/json', 'X-Auth-Token': '&lt;omitted&gt;'}
        Body: {"security_group_rule": {"direction": "ingress", "protocol": "tcp", "tenant_id": "7b3ca77ed7c74dc8b06478276e8cf5bf", "port_range_max": 22, "security_group_id": "44af7569-0081-47f6-875a-c4a42fe759f3", "port_range_min": 22}}
    Response - Headers: {'status': '201', 'content-length': '340', 'connection': 'close', 'date': 'Mon, 07 Dec 2015 06:02:42 GMT', 'content-type': 'application/json; charset=UTF-8', 'x-openstack-request-id': 'req-ff21fccc-6f9f-4273-8e22-2f141e599e2f'}
        Body: {"security_group_rule": {"remote_group_id": null, "direction": "ingress", "remote_ip_prefix": null, "protocol": "tcp", "ethertype": "IPv4", "tenant_id": "7b3ca77ed7c74dc8b06478276e8cf5bf", "port_range_max": 22, "port_range_min": 22, "id": "76344e9c-7330-4dab-b101-df49ef550f67", "security_group_id": "44af7569-0081-47f6-875a-c4a42fe759f3"}}
2015-12-07 06:02:42,933 27348 INFO     [tempest_lib.common.rest_client] Request (TestGettingAddress:setUp): 201 POST http://10.0.2.15:9696/v2.0/security-group-rules 0.107s
2015-12-07 06:02:42,933 27348 DEBUG    [tempest_lib.common.rest_client] Request - Headers: {'Content-Type': 'application/json', 'Accept': 'application/json', 'X-Auth-Token': '&lt;omitted&gt;'}
        Body: {"security_group_rule": {"direction": "egress", "protocol": "tcp", "tenant_id": "7b3ca77ed7c74dc8b06478276e8cf5bf", "port_range_max": 22, "security_group_id": "44af7569-0081-47f6-875a-c4a42fe759f3", "port_range_min": 22}}
    Response - Headers: {'status': '201', 'content-length': '339', 'connection': 'close', 'date': 'Mon, 07 Dec 2015 06:02:42 GMT', 'content-type': 'application/json; charset=UTF-8', 'x-openstack-request-id': 'req-4bc868ca-c83d-413e-b609-831cd3f92196'}
        Body: {"security_group_rule": {"remote_group_id": null, "direction": "egress", "remote_ip_prefix": null, "protocol": "tcp", "ethertype": "IPv4", "tenant_id": "7b3ca77ed7c74dc8b06478276e8cf5bf", "port_range_max": 22, "port_range_min": 22, "id": "6744b884-0e75-401a-ba03-9747ae1f0163", "security_group_id": "44af7569-0081-47f6-875a-c4a42fe759f3"}}
2015-12-07 06:02:43,032 27348 INFO     [tempest_lib.common.rest_client] Request (TestGettingAddress:setUp): 201 POST http://10.0.2.15:9696/v2.0/security-group-rules 0.098s
2015-12-07 06:02:43,032 27348 DEBUG    [tempest_lib.common.rest_client] Request - Headers: {'Content-Type': 'application/json', 'Accept': 'application/json', 'X-Auth-Token': '&lt;omitted&gt;'}
        Body: {"security_group_rule": {"tenant_id": "7b3ca77ed7c74dc8b06478276e8cf5bf", "direction": "ingress", "protocol": "icmp", "security_group_id": "44af7569-0081-47f6-875a-c4a42fe759f3"}}
    Response - Headers: {'status': '201', 'content-length': '345', 'connection': 'close', 'date': 'Mon, 07 Dec 2015 06:02:43 GMT', 'content-type': 'application/json; charset=UTF-8', 'x-openstack-request-id': 'req-0a4af745-fdb8-4cf0-87ab-43e93c73e298'}
        Body: {"security_group_rule": {"remote_group_id": null, "direction": "ingress", "remote_ip_prefix": null, "protocol": "icmp", "ethertype": "IPv4", "tenant_id": "7b3ca77ed7c74dc8b06478276e8cf5bf", "port_range_max": null, "port_range_min": null, "id": "6c803ca3-8f69-4c0c-be9b-9fcb4593e41c", "security_group_id": "44af7569-0081-47f6-875a-c4a42fe759f3"}}
2015-12-07 06:02:43,263 27348 INFO     [tempest_lib.common.rest_client] Request (TestGettingAddress:setUp): 201 POST http://10.0.2.15:9696/v2.0/security-group-rules 0.231s
2015-12-07 06:02:43,264 27348 DEBUG    [tempest_lib.common.rest_client] Request - Headers: {'Content-Type': 'application/json', 'Accept': 'application/json', 'X-Auth-Token': '&lt;omitted&gt;'}
        Body: {"security_group_rule": {"tenant_id": "7b3ca77ed7c74dc8b06478276e8cf5bf", "direction": "egress", "protocol": "icmp", "security_group_id": "44af7569-0081-47f6-875a-c4a42fe759f3"}}
    Response - Headers: {'status': '201', 'content-length': '344', 'connection': 'close', 'date': 'Mon, 07 Dec 2015 06:02:43 GMT', 'content-type': 'application/json; charset=UTF-8', 'x-openstack-request-id': 'req-ee2528c1-35a3-4433-ab67-8bb56626016a'}
        Body: {"security_group_rule": {"remote_group_id": null, "direction": "egress", "remote_ip_prefix": null, "protocol": "icmp", "ethertype": "IPv4", "tenant_id": "7b3ca77ed7c74dc8b06478276e8cf5bf", "port_range_max": null, "port_range_min": null, "id": "31268352-2dff-4dfa-9222-3bd21564a758", "security_group_id": "44af7569-0081-47f6-875a-c4a42fe759f3"}}
2015-12-07 06:02:43,377 27348 INFO     [tempest_lib.common.rest_client] Request (TestGettingAddress:setUp): 201 POST http://10.0.2.15:9696/v2.0/security-group-rules 0.111s
2015-12-07 06:02:43,378 27348 DEBUG    [tempest_lib.common.rest_client] Request - Headers: {'Content-Type': 'application/json', 'Accept': 'application/json', 'X-Auth-Token': '&lt;omitted&gt;'}
        Body: {"security_group_rule": {"tenant_id": "7b3ca77ed7c74dc8b06478276e8cf5bf", "direction": "ingress", "security_group_id": "44af7569-0081-47f6-875a-c4a42fe759f3", "protocol": "icmp", "ethertype": "IPv6"}}
    Response - Headers: {'status': '201', 'content-length': '345', 'connection': 'close', 'date': 'Mon, 07 Dec 2015 06:02:43 GMT', 'content-type': 'application/json; charset=UTF-8', 'x-openstack-request-id': 'req-1316c47e-a72b-4986-bf73-44058c8c6d64'}
        Body: {"security_group_rule": {"remote_group_id": null, "direction": "ingress", "remote_ip_prefix": null, "protocol": "icmp", "ethertype": "IPv6", "tenant_id": "7b3ca77ed7c74dc8b06478276e8cf5bf", "port_range_max": null, "port_range_min": null, "id": "4c2dfc88-67f6-4915-8b9e-bbbe18bd30b0", "security_group_id": "44af7569-0081-47f6-875a-c4a42fe759f3"}}
2015-12-07 06:02:43,490 27348 INFO     [tempest_lib.common.rest_client] Request (TestGettingAddress:setUp): 201 POST http://10.0.2.15:9696/v2.0/security-group-rules 0.111s
2015-12-07 06:02:43,491 27348 DEBUG    [tempest_lib.common.rest_client] Request - Headers: {'Content-Type': 'application/json', 'Accept': 'application/json', 'X-Auth-Token': '&lt;omitted&gt;'}
        Body: {"security_group_rule": {"tenant_id": "7b3ca77ed7c74dc8b06478276e8cf5bf", "direction": "egress", "security_group_id": "44af7569-0081-47f6-875a-c4a42fe759f3", "protocol": "icmp", "ethertype": "IPv6"}}
    Response - Headers: {'status': '201', 'content-length': '344', 'connection': 'close', 'date': 'Mon, 07 Dec 2015 06:02:43 GMT', 'content-type': 'application/json; charset=UTF-8', 'x-openstack-request-id': 'req-0a7f3c9b-9e52-4c46-8213-1f2ed1e9d22b'}
        Body: {"security_group_rule": {"remote_group_id": null, "direction": "egress", "remote_ip_prefix": null, "protocol": "icmp", "ethertype": "IPv6", "tenant_id": "7b3ca77ed7c74dc8b06478276e8cf5bf", "port_range_max": null, "port_range_min": null, "id": "bc6239cd-36ab-4307-b81e-3b7436502891", "security_group_id": "44af7569-0081-47f6-875a-c4a42fe759f3"}}
2015-12-07 06:02:43,619 27348 INFO     [tempest_lib.common.rest_client] Request (TestGettingAddress:test_dhcp6_stateless_from_os): 201 POST http://10.0.2.15:9696/v2.0/networks 0.127s
2015-12-07 06:02:43,620 27348 DEBUG    [tempest_lib.common.rest_client] Request - Headers: {'Content-Type': 'application/json', 'Accept': 'application/json', 'X-Auth-Token': '&lt;omitted&gt;'}
        Body: {"network": {"tenant_id": "7b3ca77ed7c74dc8b06478276e8cf5bf", "name": "tempest-network-smoke--1165874133"}}
    Response - Headers: {'status': '201', 'content-length': '296', 'connection': 'close', 'date': 'Mon, 07 Dec 2015 06:02:43 GMT', 'content-type': 'application/json; charset=UTF-8', 'x-openstack-request-id': 'req-bc42f4c3-bf14-4bad-9c7f-287f0adf546c'}
        Body: {"network": {"status": "ACTIVE", "subnets": [], "name": "tempest-network-smoke--1165874133", "admin_state_up": true, "tenant_id": "7b3ca77ed7c74dc8b06478276e8cf5bf", "mtu": 0, "router:external": false, "shared": false, "port_security_enabled": true, "id": "9f754f78-c0a0-4d91-8515-c7416d84518b"}}
2015-12-07 06:02:43,793 27348 INFO     [tempest_lib.common.rest_client] Request (TestGettingAddress:test_dhcp6_stateless_from_os): 200 GET http://10.0.2.15:9696/v2.0/subnets?tenant_id=7b3ca77ed7c74dc8b06478276e8cf5bf&amp;cidr=10.100.0.0%2F28 0.172s
2015-12-07 06:02:43,794 27348 DEBUG    [tempest_lib.common.rest_client] Request - Headers: {'Content-Type': 'application/json', 'Accept': 'application/json', 'X-Auth-Token': '&lt;omitted&gt;'}
        Body: None
    Response - Headers: {'status': '200', 'content-length': '15', 'content-location': 'http://10.0.2.15:9696/v2.0/subnets?tenant_id=7b3ca77ed7c74dc8b06478276e8cf5bf&amp;cidr=10.100.0.0%2F28', 'connection': 'close', 'date': 'Mon, 07 Dec 2015 06:02:43 GMT', 'content-type': 'application/json; charset=UTF-8', 'x-openstack-request-id': 'req-61c8121d-a1c8-4c29-8cfc-6a1eed89f4f9'}
        Body: {"subnets": []}
2015-12-07 06:02:44,063 27348 INFO     [tempest_lib.common.rest_client] Request (TestGettingAddress:test_dhcp6_stateless_from_os): 201 POST http://10.0.2.15:9696/v2.0/subnets 0.267s
2015-12-07 06:02:44,063 27348 DEBUG    [tempest_lib.common.rest_client] Request - Headers: {'Content-Type': 'application/json', 'Accept': 'application/json', 'X-Auth-Token': '&lt;omitted&gt;'}
        Body: {"subnet": {"ip_version": 4, "tenant_id": "7b3ca77ed7c74dc8b06478276e8cf5bf", "cidr": "10.100.0.0/28", "network_id": "9f754f78-c0a0-4d91-8515-c7416d84518b", "name": "tempest-sub4-913410077"}}
    Response - Headers: {'status': '201', 'content-length': '469', 'connection': 'close', 'date': 'Mon, 07 Dec 2015 06:02:44 GMT', 'content-type': 'application/json; charset=UTF-8', 'x-openstack-request-id': 'req-396a8fa7-4791-45ff-9d3b-cde0060fe5a2'}
        Body: {"subnet": {"name": "tempest-sub4-913410077", "enable_dhcp": true, "network_id": "9f754f78-c0a0-4d91-8515-c7416d84518b", "tenant_id": "7b3ca77ed7c74dc8b06478276e8cf5bf", "dns_nameservers": [], "gateway_ip": "10.100.0.1", "ipv6_ra_mode": null, "allocation_pools": [{"start": "10.100.0.2", "end": "10.100.0.14"}], "host_routes": [], "ip_version": 4, "ipv6_address_mode": null, "cidr": "10.100.0.0/28", "id": "b134c851-0b77-4c91-9932-9f45b677c15a", "subnetpool_id": null}}
2015-12-07 06:02:44,124 27348 INFO     [tempest_lib.common.rest_client] Request (TestGettingAddress:test_dhcp6_stateless_from_os): 201 POST http://10.0.2.15:9696/v2.0/routers 0.059s
2015-12-07 06:02:44,124 27348 DEBUG    [tempest_lib.common.rest_client] Request - Headers: {'Content-Type': 'application/json', 'Accept': 'application/json', 'X-Auth-Token': '&lt;omitted&gt;'}
        Body: {"router": {"tenant_id": "7b3ca77ed7c74dc8b06478276e8cf5bf", "name": "tempest-router-smoke-907628000", "admin_state_up": true}}
    Response - Headers: {'status': '201', 'content-length': '238', 'connection': 'close', 'date': 'Mon, 07 Dec 2015 06:02:44 GMT', 'content-type': 'application/json; charset=UTF-8', 'x-openstack-request-id': 'req-4894cd54-a30c-4a06-bf96-e92aae42039f'}
        Body: {"router": {"status": "ACTIVE", "external_gateway_info": null, "name": "tempest-router-smoke-907628000", "admin_state_up": true, "tenant_id": "7b3ca77ed7c74dc8b06478276e8cf5bf", "routes": [], "id": "60f04998-1c28-44f5-8f03-26cfe4f55a89"}}
2015-12-07 06:02:44,161 27348 INFO     [tempest_lib.common.rest_client] Request (TestGettingAddress:test_dhcp6_stateless_from_os): 200 GET http://10.0.2.15:9696/v2.0/routers/60f04998-1c28-44f5-8f03-26cfe4f55a89 0.036s
2015-12-07 06:02:44,162 27348 DEBUG    [tempest_lib.common.rest_client] Request - Headers: {'Content-Type': 'application/json', 'Accept': 'application/json', 'X-Auth-Token': '&lt;omitted&gt;'}
        Body: None
    Response - Headers: {'status': '200', 'content-length': '238', 'content-location': 'http://10.0.2.15:9696/v2.0/routers/60f04998-1c28-44f5-8f03-26cfe4f55a89', 'connection': 'close', 'date': 'Mon, 07 Dec 2015 06:02:44 GMT', 'content-type': 'application/json; charset=UTF-8', 'x-openstack-request-id': 'req-59f577bc-6873-40ae-a7b7-7838a680c52e'}
        Body: {"router": {"status": "ACTIVE", "external_gateway_info": null, "name": "tempest-router-smoke-907628000", "admin_state_up": true, "tenant_id": "7b3ca77ed7c74dc8b06478276e8cf5bf", "routes": [], "id": "60f04998-1c28-44f5-8f03-26cfe4f55a89"}}
2015-12-07 06:02:44,947 27348 INFO     [tempest_lib.common.rest_client] Request (TestGettingAddress:test_dhcp6_stateless_from_os): 200 PUT http://10.0.2.15:9696/v2.0/routers/60f04998-1c28-44f5-8f03-26cfe4f55a89 0.784s
2015-12-07 06:02:44,948 27348 DEBUG    [tempest_lib.common.rest_client] Request - Headers: {'Content-Type': 'application/json', 'Accept': 'application/json', 'X-Auth-Token': '&lt;omitted&gt;'}
        Body: {"router": {"external_gateway_info": {"network_id": "2a865dbf-ed39-4020-901f-dfaa693a3c44"}, "name": "tempest-router-smoke-907628000", "admin_state_up": true}}
    Response - Headers: {'status': '200', 'content-length': '500', 'connection': 'close', 'date': 'Mon, 07 Dec 2015 06:02:44 GMT', 'content-type': 'application/json; charset=UTF-8', 'x-openstack-request-id': 'req-62b304c6-d71d-4398-b652-28abc67ec64c'}
        Body: {"router": {"status": "ACTIVE", "external_gateway_info": {"network_id": "2a865dbf-ed39-4020-901f-dfaa693a3c44", "enable_snat": true, "external_fixed_ips": [{"subnet_id": "cb985420-6ca2-4a0b-a02c-f39aca0c496b", "ip_address": "172.24.4.3"}, {"subnet_id": "be6131d2-b6e7-4935-96da-74425f354228", "ip_address": "2001:db8::4"}]}, "name": "tempest-router-smoke-907628000", "admin_state_up": true, "tenant_id": "7b3ca77ed7c74dc8b06478276e8cf5bf", "routes": [], "id": "60f04998-1c28-44f5-8f03-26cfe4f55a89"}}
2015-12-07 06:02:45,373 27348 INFO     [tempest_lib.common.rest_client] Request (TestGettingAddress:test_dhcp6_stateless_from_os): 200 PUT http://10.0.2.15:9696/v2.0/routers/60f04998-1c28-44f5-8f03-26cfe4f55a89/add_router_interface 0.424s
2015-12-07 06:02:45,373 27348 DEBUG    [tempest_lib.common.rest_client] Request - Headers: {'Content-Type': 'application/json', 'Accept': 'application/json', 'X-Auth-Token': '&lt;omitted&gt;'}
        Body: {"subnet_id": "b134c851-0b77-4c91-9932-9f45b677c15a"}
    Response - Headers: {'status': '200', 'content-length': '255', 'connection': 'close', 'date': 'Mon, 07 Dec 2015 06:02:45 GMT', 'content-type': 'application/json; charset=UTF-8', 'x-openstack-request-id': 'req-3196c58d-431c-424c-8093-ca8ff5101b33'}
        Body: {"subnet_id": "b134c851-0b77-4c91-9932-9f45b677c15a", "tenant_id": "7b3ca77ed7c74dc8b06478276e8cf5bf", "subnet_ids": ["b134c851-0b77-4c91-9932-9f45b677c15a"], "port_id": "593acdaf-27de-464b-8cac-3d8edfbd7b7b", "id": "60f04998-1c28-44f5-8f03-26cfe4f55a89"}
2015-12-07 06:02:45,402 27348 INFO     [tempest_lib.common.rest_client] Request (TestGettingAddress:test_dhcp6_stateless_from_os): 200 GET http://10.0.2.15:9696/v2.0/subnets?tenant_id=7b3ca77ed7c74dc8b06478276e8cf5bf&amp;cidr=2003%3A%3A%2F64 0.028s
2015-12-07 06:02:45,403 27348 DEBUG    [tempest_lib.common.rest_client] Request - Headers: {'Content-Type': 'application/json', 'Accept': 'application/json', 'X-Auth-Token': '&lt;omitted&gt;'}
        Body: None
    Response - Headers: {'status': '200', 'content-length': '15', 'content-location': 'http://10.0.2.15:9696/v2.0/subnets?tenant_id=7b3ca77ed7c74dc8b06478276e8cf5bf&amp;cidr=2003%3A%3A%2F64', 'connection': 'close', 'date': 'Mon, 07 Dec 2015 06:02:45 GMT', 'content-type': 'application/json; charset=UTF-8', 'x-openstack-request-id': 'req-47ec07f7-38b3-433c-94cf-86e48247a373'}
        Body: {"subnets": []}
2015-12-07 06:02:45,691 27348 INFO     [tempest_lib.common.rest_client] Request (TestGettingAddress:test_dhcp6_stateless_from_os): 201 POST http://10.0.2.15:9696/v2.0/subnets 0.287s
2015-12-07 06:02:45,691 27348 DEBUG    [tempest_lib.common.rest_client] Request - Headers: {'Content-Type': 'application/json', 'Accept': 'application/json', 'X-Auth-Token': '&lt;omitted&gt;'}
        Body: {"subnet": {"name": "tempest-sub6-1667082718", "network_id": "9f754f78-c0a0-4d91-8515-c7416d84518b", "tenant_id": "7b3ca77ed7c74dc8b06478276e8cf5bf", "ipv6_ra_mode": "dhcpv6-stateless", "ip_version": 6, "ipv6_address_mode": "dhcpv6-stateless", "cidr": "2003::/64"}}
    Response - Headers: {'status': '201', 'content-length': '502', 'connection': 'close', 'date': 'Mon, 07 Dec 2015 06:02:45 GMT', 'content-type': 'application/json; charset=UTF-8', 'x-openstack-request-id': 'req-b2f2e5f3-12e3-41f0-828f-e501114561a9'}
        Body: {"subnet": {"name": "tempest-sub6-1667082718", "enable_dhcp": true, "network_id": "9f754f78-c0a0-4d91-8515-c7416d84518b", "tenant_id": "7b3ca77ed7c74dc8b06478276e8cf5bf", "dns_nameservers": [], "gateway_ip": "2003::1", "ipv6_ra_mode": "dhcpv6-stateless", "allocation_pools": [{"start": "2003::2", "end": "2003::ffff:ffff:ffff:ffff"}], "host_routes": [], "ip_version": 6, "ipv6_address_mode": "dhcpv6-stateless", "cidr": "2003::/64", "id": "996e490b-d499-4a71-9229-986f0ab58e07", "subnetpool_id": null}}
2015-12-07 06:02:46,190 27348 INFO     [tempest_lib.common.rest_client] Request (TestGettingAddress:test_dhcp6_stateless_from_os): 200 PUT http://10.0.2.15:9696/v2.0/routers/60f04998-1c28-44f5-8f03-26cfe4f55a89/add_router_interface 0.498s
2015-12-07 06:02:46,191 27348 DEBUG    [tempest_lib.common.rest_client] Request - Headers: {'Content-Type': 'application/json', 'Accept': 'application/json', 'X-Auth-Token': '&lt;omitted&gt;'}
        Body: {"subnet_id": "996e490b-d499-4a71-9229-986f0ab58e07"}
    Response - Headers: {'status': '200', 'content-length': '255', 'connection': 'close', 'date': 'Mon, 07 Dec 2015 06:02:46 GMT', 'content-type': 'application/json; charset=UTF-8', 'x-openstack-request-id': 'req-325169f9-3f44-4e42-a771-ab046f20ac28'}
        Body: {"subnet_id": "996e490b-d499-4a71-9229-986f0ab58e07", "tenant_id": "7b3ca77ed7c74dc8b06478276e8cf5bf", "subnet_ids": ["996e490b-d499-4a71-9229-986f0ab58e07"], "port_id": "2c104b6a-2890-4bac-aaa7-ebc74012af70", "id": "60f04998-1c28-44f5-8f03-26cfe4f55a89"}
2015-12-07 06:02:46,298 27348 INFO     [tempest_lib.common.rest_client] Request (TestGettingAddress:test_dhcp6_stateless_from_os): 200 POST http://10.0.2.15:5000/v2.0/tokens
2015-12-07 06:02:46,298 27348 DEBUG    [tempest_lib.common.rest_client] Request - Headers: {'Content-Type': 'application/json', 'Accept': 'application/json'}
        Body: &lt;omitted&gt;
    Response - Headers: {'status': '200', 'content-length': '2526', 'vary': 'X-Auth-Token', 'server': 'Apache/2.4.7 (Ubuntu)', 'connection': 'close', 'date': 'Mon, 07 Dec 2015 06:02:46 GMT', 'content-type': 'application/json', 'x-openstack-request-id': 'req-5664b4f6-3492-4589-8486-955288c51911'}
        Body: {"access": {"token": {"issued_at": "2015-12-07T06:02:46.288944", "expires": "2015-12-07T07:02:46Z", "id": "d67010f8e4a64aa2b7146d439f8f106e", "tenant": {"description": "tempest-TestGettingAddress-1983153738-desc", "enabled": true, "id": "7b3ca77ed7c74dc8b06478276e8cf5bf", "name": "tempest-TestGettingAddress-1983153738"}, "audit_ids": ["41-LcvZ3RNOgykTGhPAOzg"]}, "serviceCatalog": [{"endpoints": [{"adminURL": "http://10.0.2.15:8774/v2.1/7b3ca77ed7c74dc8b06478276e8cf5bf", "region": "RegionOne", "internalURL": "http://10.0.2.15:8774/v2.1/7b3ca77ed7c74dc8b06478276e8cf5bf", "id": "0e46960b9fcb4148a8321e41d5f77d97", "publicURL": "http://10.0.2.15:8774/v2.1/7b3ca77ed7c74dc8b06478276e8cf5bf"}], "endpoints_links": [], "type": "compute", "name": "nova"}, {"endpoints": [{"adminURL": "http://10.0.2.15:9696/", "region": "RegionOne", "internalURL": "http://10.0.2.15:9696/", "id": "0140f6ced17d4a3a8b8afa1f630c7d09", "publicURL": "http://10.0.2.15:9696/"}], "endpoints_links": [], "type": "network", "name": "neutron"}, {"endpoints": [{"adminURL": "http://10.0.2.15:9292", "region": "RegionOne", "internalURL": "http://10.0.2.15:9292", "id": "22c738b635bf4793841c65bb7cd71fdc", "publicURL": "http://10.0.2.15:9292"}], "endpoints_links": [], "type": "image", "name": "glance"}, {"endpoints": [{"adminURL": "http://10.0.2.15:8774/v2/7b3ca77ed7c74dc8b06478276e8cf5bf", "region": "RegionOne", "internalURL": "http://10.0.2.15:8774/v2/7b3ca77ed7c74dc8b06478276e8cf5bf", "id": "095c123a557a45a4ba89ca1631cd705b", "publicURL": "http://10.0.2.15:8774/v2/7b3ca77ed7c74dc8b06478276e8cf5bf"}], "endpoints_links": [], "type": "compute_legacy", "name": "nova_legacy"}, {"endpoints": [{"adminURL": "http://10.0.2.15:8773/", "region": "RegionOne", "internalURL": "http://10.0.2.15:8773/", "id": "50a3e813dcdc4198821ee05dc0f1bf22", "publicURL": "http://10.0.2.15:8773/"}], "endpoints_links": [], "type": "ec2", "name": "ec2"}, {"endpoints": [{"adminURL": "http://10.0.2.15:35357/v2.0", "region": "RegionOne", "internalURL": "http://10.0.2.15:5000/v2.0", "id": "01bd3943e4e84047a3608844f892deac", "publicURL": "http://10.0.2.15:5000/v2.0"}], "endpoints_links": [], "type": "identity", "name": "keystone"}], "user": {"username": "tempest-TestGettingAddress-1311921763", "roles_links": [], "id": "c7de87c98fd04a86b481d578ecf8fd3e", "roles": [{"name": "_member_"}, {"name": "Member"}], "name": "tempest-TestGettingAddress-1311921763"}, "metadata": {"is_admin": 0, "roles": ["9fe2ff9ee4384b1894a90878d3e92bab", "c23f95bb9c414a0485297151cb21c693"]}}}
2015-12-07 06:02:46,302 27348 DEBUG    [tempest.common.fixed_network] (TestGettingAddress:test_dhcp6_stateless_from_os) No valid network provided or created, defaulting to fixed_network_name
2015-12-07 06:02:46,612 27348 INFO     [tempest_lib.common.rest_client] Request (TestGettingAddress:test_dhcp6_stateless_from_os): 200 GET http://10.0.2.15:8774/v2.1/7b3ca77ed7c74dc8b06478276e8cf5bf/os-networks 0.309s
2015-12-07 06:02:46,613 27348 DEBUG    [tempest_lib.common.rest_client] Request - Headers: {'Content-Type': 'application/json', 'Accept': 'application/json', 'X-Auth-Token': '&lt;omitted&gt;'}
        Body: None
    Response - Headers: {'status': '200', 'content-length': '479', 'content-location': 'http://10.0.2.15:8774/v2.1/7b3ca77ed7c74dc8b06478276e8cf5bf/os-networks', 'x-compute-request-id': 'req-dcd5f20e-f0d5-4bc5-861a-bf0dfd1a1730', 'vary': 'X-OpenStack-Nova-API-Version', 'connection': 'close', 'x-openstack-nova-api-version': '2.1', 'date': 'Mon, 07 Dec 2015 06:02:46 GMT', 'content-type': 'application/json'}
        Body: {"networks": [{"cidr_v6": null, "dns2": null, "dns1": null, "gateway": null, "broadcast": null, "netmask": null, "gateway_v6": null, "cidr": null, "label": "public", "id": "2a865dbf-ed39-4020-901f-dfaa693a3c44", "netmask_v6": null}, {"cidr_v6": null, "dns2": null, "dns1": null, "gateway": null, "broadcast": null, "netmask": null, "gateway_v6": null, "cidr": null, "label": "tempest-network-smoke--1165874133", "id": "9f754f78-c0a0-4d91-8515-c7416d84518b", "netmask_v6": null}]}
2015-12-07 06:02:46,613 27348 WARNING  [tempest.common.fixed_network] (TestGettingAddress:test_dhcp6_stateless_from_os) Network with name: private not found
2015-12-07 06:02:46,614 27348 INFO     [tempest.common.fixed_network] (TestGettingAddress:test_dhcp6_stateless_from_os) Found network {} available for tenant
2015-12-07 06:02:48,094 27348 INFO     [tempest_lib.common.rest_client] Request (TestGettingAddress:test_dhcp6_stateless_from_os): 202 POST http://10.0.2.15:8774/v2.1/7b3ca77ed7c74dc8b06478276e8cf5bf/servers 1.478s
2015-12-07 06:02:48,095 27348 DEBUG    [tempest_lib.common.rest_client] Request - Headers: {'Content-Type': 'application/json', 'Accept': 'application/json', 'X-Auth-Token': '&lt;omitted&gt;'}
        Body: {"server": {"name": "tempest.common.compute-instance-500788831", "imageRef": "fe018bcd-83a3-4c83-a30b-e85be2631972", "key_name": "tempest-TestGettingAddress-720216404", "flavorRef": "42", "networks": [{"uuid": "9f754f78-c0a0-4d91-8515-c7416d84518b"}], "security_groups": [{"name": "tempest-secgroup-smoke-838433099"}]}}
    Response - Headers: {'status': '202', 'content-length': '461', 'x-compute-request-id': 'req-feb953ab-ec50-421b-9e2b-4e4712cbcfdd', 'vary': 'X-OpenStack-Nova-API-Version', 'connection': 'close', 'location': 'http://10.0.2.15:8774/v2.1/7b3ca77ed7c74dc8b06478276e8cf5bf/servers/69ca9c17-440e-41e9-bfb4-7dca954d966f', 'x-openstack-nova-api-version': '2.1', 'date': 'Mon, 07 Dec 2015 06:02:48 GMT', 'content-type': 'application/json'}
        Body: {"server": {"security_groups": [{"name": "tempest-secgroup-smoke-838433099"}], "OS-DCF:diskConfig": "MANUAL", "id": "69ca9c17-440e-41e9-bfb4-7dca954d966f", "links": [{"href": "http://10.0.2.15:8774/v2.1/7b3ca77ed7c74dc8b06478276e8cf5bf/servers/69ca9c17-440e-41e9-bfb4-7dca954d966f", "rel": "self"}, {"href": "http://10.0.2.15:8774/7b3ca77ed7c74dc8b06478276e8cf5bf/servers/69ca9c17-440e-41e9-bfb4-7dca954d966f", "rel": "bookmark"}], "adminPass": "uzt7QSeqNv99"}}
2015-12-07 06:02:48,244 27348 INFO     [tempest_lib.common.rest_client] Request (TestGettingAddress:test_dhcp6_stateless_from_os): 200 GET http://10.0.2.15:8774/v2.1/7b3ca77ed7c74dc8b06478276e8cf5bf/servers/69ca9c17-440e-41e9-bfb4-7dca954d966f 0.145s
2015-12-07 06:02:48,244 27348 DEBUG    [tempest_lib.common.rest_client] Request - Headers: {'Content-Type': 'application/json', 'Accept': 'application/json', 'X-Auth-Token': '&lt;omitted&gt;'}
        Body: None
    Response - Headers: {'status': '200', 'content-length': '1353', 'content-location': 'http://10.0.2.15:8774/v2.1/7b3ca77ed7c74dc8b06478276e8cf5bf/servers/69ca9c17-440e-41e9-bfb4-7dca954d966f', 'x-compute-request-id': 'req-8a0fb255-10e2-4e6e-9777-a8f68d8bbc23', 'vary': 'X-OpenStack-Nova-API-Version', 'connection': 'close', 'x-openstack-nova-api-version': '2.1', 'date': 'Mon, 07 Dec 2015 06:02:48 GMT', 'content-type': 'application/json'}
        Body: {"server": {"status": "BUILD", "updated": "2015-12-07T06:02:48Z", "hostId": "", "addresses": {}, "links": [{"href": "http://10.0.2.15:8774/v2.1/7b3ca77ed7c74dc8b06478276e8cf5bf/servers/69ca9c17-440e-41e9-bfb4-7dca954d966f", "rel": "self"}, {"href": "http://10.0.2.15:8774/7b3ca77ed7c74dc8b06478276e8cf5bf/servers/69ca9c17-440e-41e9-bfb4-7dca954d966f", "rel": "bookmark"}], "key_name": "tempest-TestGettingAddress-720216404", "image": {"id": "fe018bcd-83a3-4c83-a30b-e85be2631972", "links": [{"href": "http://10.0.2.15:8774/7b3ca77ed7c74dc8b06478276e8cf5bf/images/fe018bcd-83a3-4c83-a30b-e85be2631972", "rel": "bookmark"}]}, "OS-EXT-STS:task_state": "scheduling", "OS-EXT-STS:vm_state": "building", "OS-SRV-USG:launched_at": null, "flavor": {"id": "42", "links": [{"href": "http://10.0.2.15:8774/7b3ca77ed7c74dc8b06478276e8cf5bf/flavors/42", "rel": "bookmark"}]}, "id": "69ca9c17-440e-41e9-bfb4-7dca954d966f", "OS-SRV-USG:terminated_at": null, "OS-EXT-AZ:availability_zone": "", "user_id": "c7de87c98fd04a86b481d578ecf8fd3e", "name": "tempest.common.compute-instance-500788831", "created": "2015-12-07T06:02:48Z", "tenant_id": "7b3ca77ed7c74dc8b06478276e8cf5bf", "OS-DCF:diskConfig": "MANUAL", "os-extended-volumes:volumes_attached": [], "accessIPv4": "", "accessIPv6": "", "progress": 0, "OS-EXT-STS:power_state": 0, "config_drive": "", "metadata": {}}}
2015-12-07 06:02:49,559 27348 INFO     [tempest_lib.common.rest_client] Request (TestGettingAddress:test_dhcp6_stateless_from_os): 200 GET http://10.0.2.15:8774/v2.1/7b3ca77ed7c74dc8b06478276e8cf5bf/servers/69ca9c17-440e-41e9-bfb4-7dca954d966f 0.305s
2015-12-07 06:02:49,559 27348 DEBUG    [tempest_lib.common.rest_client] Request - Headers: {'Content-Type': 'application/json', 'Accept': 'application/json', 'X-Auth-Token': '&lt;omitted&gt;'}
        Body: None
    Response - Headers: {'status': '200', 'content-length': '1478', 'content-location': 'http://10.0.2.15:8774/v2.1/7b3ca77ed7c74dc8b06478276e8cf5bf/servers/69ca9c17-440e-41e9-bfb4-7dca954d966f', 'x-compute-request-id': 'req-50211410-71d3-47c4-adfe-1a2e04a74417', 'vary': 'X-OpenStack-Nova-API-Version', 'connection': 'close', 'x-openstack-nova-api-version': '2.1', 'date': 'Mon, 07 Dec 2015 06:02:49 GMT', 'content-type': 'application/json'}
        Body: {"server": {"status": "BUILD", "updated": "2015-12-07T06:02:49Z", "hostId": "26bb221dd14aa2d1543f3d890524f93fec6e7c2807227c38a268a276", "addresses": {}, "links": [{"href": "http://10.0.2.15:8774/v2.1/7b3ca77ed7c74dc8b06478276e8cf5bf/servers/69ca9c17-440e-41e9-bfb4-7dca954d966f", "rel": "self"}, {"href": "http://10.0.2.15:8774/7b3ca77ed7c74dc8b06478276e8cf5bf/servers/69ca9c17-440e-41e9-bfb4-7dca954d966f", "rel": "bookmark"}], "key_name": "tempest-TestGettingAddress-720216404", "image": {"id": "fe018bcd-83a3-4c83-a30b-e85be2631972", "links": [{"href": "http://10.0.2.15:8774/7b3ca77ed7c74dc8b06478276e8cf5bf/images/fe018bcd-83a3-4c83-a30b-e85be2631972", "rel": "bookmark"}]}, "OS-EXT-STS:task_state": "spawning", "OS-EXT-STS:vm_state": "building", "OS-SRV-USG:launched_at": null, "flavor": {"id": "42", "links": [{"href": "http://10.0.2.15:8774/7b3ca77ed7c74dc8b06478276e8cf5bf/flavors/42", "rel": "bookmark"}]}, "id": "69ca9c17-440e-41e9-bfb4-7dca954d966f", "security_groups": [{"name": "tempest-secgroup-smoke-838433099"}], "OS-SRV-USG:terminated_at": null, "OS-EXT-AZ:availability_zone": "nova", "user_id": "c7de87c98fd04a86b481d578ecf8fd3e", "name": "tempest.common.compute-instance-500788831", "created": "2015-12-07T06:02:48Z", "tenant_id": "7b3ca77ed7c74dc8b06478276e8cf5bf", "OS-DCF:diskConfig": "MANUAL", "os-extended-volumes:volumes_attached": [], "accessIPv4": "", "accessIPv6": "", "progress": 0, "OS-EXT-STS:power_state": 0, "config_drive": "", "metadata": {}}}
2015-12-07 06:02:49,569 27348 INFO     [tempest.common.waiters] State transition "BUILD/scheduling" ==&gt; "BUILD/spawning" after 1 second wait
2015-12-07 06:02:50,875 27348 INFO     [tempest_lib.common.rest_client] Request (TestGettingAddress:test_dhcp6_stateless_from_os): 200 GET http://10.0.2.15:8774/v2.1/7b3ca77ed7c74dc8b06478276e8cf5bf/servers/69ca9c17-440e-41e9-bfb4-7dca954d966f 0.303s
2015-12-07 06:02:50,875 27348 DEBUG    [tempest_lib.common.rest_client] Request - Headers: {'Content-Type': 'application/json', 'Accept': 'application/json', 'X-Auth-Token': '&lt;omitted&gt;'}
        Body: None
    Response - Headers: {'status': '200', 'content-length': '1478', 'content-location': 'http://10.0.2.15:8774/v2.1/7b3ca77ed7c74dc8b06478276e8cf5bf/servers/69ca9c17-440e-41e9-bfb4-7dca954d966f', 'x-compute-request-id': 'req-095c4e66-62da-4b13-b104-892c993c17b6', 'vary': 'X-OpenStack-Nova-API-Version', 'connection': 'close', 'x-openstack-nova-api-version': '2.1', 'date': 'Mon, 07 Dec 2015 06:02:50 GMT', 'content-type': 'application/json'}
        Body: {"server": {"status": "BUILD", "updated": "2015-12-07T06:02:49Z", "hostId": "26bb221dd14aa2d1543f3d890524f93fec6e7c2807227c38a268a276", "addresses": {}, "links": [{"href": "http://10.0.2.15:8774/v2.1/7b3ca77ed7c74dc8b06478276e8cf5bf/servers/69ca9c17-440e-41e9-bfb4-7dca954d966f", "rel": "self"}, {"href": "http://10.0.2.15:8774/7b3ca77ed7c74dc8b06478276e8cf5bf/servers/69ca9c17-440e-41e9-bfb4-7dca954d966f", "rel": "bookmark"}], "key_name": "tempest-TestGettingAddress-720216404", "image": {"id": "fe018bcd-83a3-4c83-a30b-e85be2631972", "links": [{"href": "http://10.0.2.15:8774/7b3ca77ed7c74dc8b06478276e8cf5bf/images/fe018bcd-83a3-4c83-a30b-e85be2631972", "rel": "bookmark"}]}, "OS-EXT-STS:task_state": "spawning", "OS-EXT-STS:vm_state": "building", "OS-SRV-USG:launched_at": null, "flavor": {"id": "42", "links": [{"href": "http://10.0.2.15:8774/7b3ca77ed7c74dc8b06478276e8cf5bf/flavors/42", "rel": "bookmark"}]}, "id": "69ca9c17-440e-41e9-bfb4-7dca954d966f", "security_groups": [{"name": "tempest-secgroup-smoke-838433099"}], "OS-SRV-USG:terminated_at": null, "OS-EXT-AZ:availability_zone": "nova", "user_id": "c7de87c98fd04a86b481d578ecf8fd3e", "name": "tempest.common.compute-instance-500788831", "created": "2015-12-07T06:02:48Z", "tenant_id": "7b3ca77ed7c74dc8b06478276e8cf5bf", "OS-DCF:diskConfig": "MANUAL", "os-extended-volumes:volumes_attached": [], "accessIPv4": "", "accessIPv6": "", "progress": 0, "OS-EXT-STS:power_state": 0, "config_drive": "", "metadata": {}}}
2015-12-07 06:02:52,099 27348 INFO     [tempest_lib.common.rest_client] Request (TestGettingAddress:test_dhcp6_stateless_from_os): 200 GET http://10.0.2.15:8774/v2.1/7b3ca77ed7c74dc8b06478276e8cf5bf/servers/69ca9c17-440e-41e9-bfb4-7dca954d966f 0.214s
2015-12-07 06:02:52,099 27348 DEBUG    [tempest_lib.common.rest_client] Request - Headers: {'Content-Type': 'application/json', 'Accept': 'application/json', 'X-Auth-Token': '&lt;omitted&gt;'}
        Body: None
    Response - Headers: {'status': '200', 'content-length': '1779', 'content-location': 'http://10.0.2.15:8774/v2.1/7b3ca77ed7c74dc8b06478276e8cf5bf/servers/69ca9c17-440e-41e9-bfb4-7dca954d966f', 'x-compute-request-id': 'req-17c5f7fa-f5e5-4d41-9479-3c1bd91a8bb1', 'vary': 'X-OpenStack-Nova-API-Version', 'connection': 'close', 'x-openstack-nova-api-version': '2.1', 'date': 'Mon, 07 Dec 2015 06:02:52 GMT', 'content-type': 'application/json'}
        Body: {"server": {"status": "ACTIVE", "updated": "2015-12-07T06:02:51Z", "hostId": "26bb221dd14aa2d1543f3d890524f93fec6e7c2807227c38a268a276", "addresses": {"tempest-network-smoke--1165874133": [{"OS-EXT-IPS-MAC:mac_addr": "fa:16:3e:93:de:95", "version": 6, "addr": "2003::f816:3eff:fe93:de95", "OS-EXT-IPS:type": "fixed"}, {"OS-EXT-IPS-MAC:mac_addr": "fa:16:3e:93:de:95", "version": 4, "addr": "10.100.0.3", "OS-EXT-IPS:type": "fixed"}]}, "links": [{"href": "http://10.0.2.15:8774/v2.1/7b3ca77ed7c74dc8b06478276e8cf5bf/servers/69ca9c17-440e-41e9-bfb4-7dca954d966f", "rel": "self"}, {"href": "http://10.0.2.15:8774/7b3ca77ed7c74dc8b06478276e8cf5bf/servers/69ca9c17-440e-41e9-bfb4-7dca954d966f", "rel": "bookmark"}], "key_name": "tempest-TestGettingAddress-720216404", "image": {"id": "fe018bcd-83a3-4c83-a30b-e85be2631972", "links": [{"href": "http://10.0.2.15:8774/7b3ca77ed7c74dc8b06478276e8cf5bf/images/fe018bcd-83a3-4c83-a30b-e85be2631972", "rel": "bookmark"}]}, "OS-EXT-STS:task_state": null, "OS-EXT-STS:vm_state": "active", "OS-SRV-USG:launched_at": "2015-12-07T06:02:51.000000", "flavor": {"id": "42", "links": [{"href": "http://10.0.2.15:8774/7b3ca77ed7c74dc8b06478276e8cf5bf/flavors/42", "rel": "bookmark"}]}, "id": "69ca9c17-440e-41e9-bfb4-7dca954d966f", "security_groups": [{"name": "tempest-secgroup-smoke-838433099"}], "OS-SRV-USG:terminated_at": null, "OS-EXT-AZ:availability_zone": "nova", "user_id": "c7de87c98fd04a86b481d578ecf8fd3e", "name": "tempest.common.compute-instance-500788831", "created": "2015-12-07T06:02:48Z", "tenant_id": "7b3ca77ed7c74dc8b06478276e8cf5bf", "OS-DCF:diskConfig": "MANUAL", "os-extended-volumes:volumes_attached": [], "accessIPv4": "", "accessIPv6": "", "progress": 0, "OS-EXT-STS:power_state": 1, "config_drive": "True", "metadata": {}}}
2015-12-07 06:02:52,108 27348 INFO     [tempest.common.waiters] State transition "BUILD/spawning" ==&gt; "ACTIVE/None" after 4 second wait
2015-12-07 06:02:52,365 27348 INFO     [tempest_lib.common.rest_client] Request (TestGettingAddress:test_dhcp6_stateless_from_os): 200 GET http://10.0.2.15:8774/v2.1/7b3ca77ed7c74dc8b06478276e8cf5bf/servers/69ca9c17-440e-41e9-bfb4-7dca954d966f 0.256s
2015-12-07 06:02:52,365 27348 DEBUG    [tempest_lib.common.rest_client] Request - Headers: {'Content-Type': 'application/json', 'Accept': 'application/json', 'X-Auth-Token': '&lt;omitted&gt;'}
        Body: None
    Response - Headers: {'status': '200', 'content-length': '1779', 'content-location': 'http://10.0.2.15:8774/v2.1/7b3ca77ed7c74dc8b06478276e8cf5bf/servers/69ca9c17-440e-41e9-bfb4-7dca954d966f', 'x-compute-request-id': 'req-c900a84c-4632-467e-b8ef-5a9fc9331a4b', 'vary': 'X-OpenStack-Nova-API-Version', 'connection': 'close', 'x-openstack-nova-api-version': '2.1', 'date': 'Mon, 07 Dec 2015 06:02:52 GMT', 'content-type': 'application/json'}
        Body: {"server": {"status": "ACTIVE", "updated": "2015-12-07T06:02:51Z", "hostId": "26bb221dd14aa2d1543f3d890524f93fec6e7c2807227c38a268a276", "addresses": {"tempest-network-smoke--1165874133": [{"OS-EXT-IPS-MAC:mac_addr": "fa:16:3e:93:de:95", "version": 6, "addr": "2003::f816:3eff:fe93:de95", "OS-EXT-IPS:type": "fixed"}, {"OS-EXT-IPS-MAC:mac_addr": "fa:16:3e:93:de:95", "version": 4, "addr": "10.100.0.3", "OS-EXT-IPS:type": "fixed"}]}, "links": [{"href": "http://10.0.2.15:8774/v2.1/7b3ca77ed7c74dc8b06478276e8cf5bf/servers/69ca9c17-440e-41e9-bfb4-7dca954d966f", "rel": "self"}, {"href": "http://10.0.2.15:8774/7b3ca77ed7c74dc8b06478276e8cf5bf/servers/69ca9c17-440e-41e9-bfb4-7dca954d966f", "rel": "bookmark"}], "key_name": "tempest-TestGettingAddress-720216404", "image": {"id": "fe018bcd-83a3-4c83-a30b-e85be2631972", "links": [{"href": "http://10.0.2.15:8774/7b3ca77ed7c74dc8b06478276e8cf5bf/images/fe018bcd-83a3-4c83-a30b-e85be2631972", "rel": "bookmark"}]}, "OS-EXT-STS:task_state": null, "OS-EXT-STS:vm_state": "active", "OS-SRV-USG:launched_at": "2015-12-07T06:02:51.000000", "flavor": {"id": "42", "links": [{"href": "http://10.0.2.15:8774/7b3ca77ed7c74dc8b06478276e8cf5bf/flavors/42", "rel": "bookmark"}]}, "id": "69ca9c17-440e-41e9-bfb4-7dca954d966f", "security_groups": [{"name": "tempest-secgroup-smoke-838433099"}], "OS-SRV-USG:terminated_at": null, "OS-EXT-AZ:availability_zone": "nova", "user_id": "c7de87c98fd04a86b481d578ecf8fd3e", "name": "tempest.common.compute-instance-500788831", "created": "2015-12-07T06:02:48Z", "tenant_id": "7b3ca77ed7c74dc8b06478276e8cf5bf", "OS-DCF:diskConfig": "MANUAL", "os-extended-volumes:volumes_attached": [], "accessIPv4": "", "accessIPv6": "", "progress": 0, "OS-EXT-STS:power_state": 1, "config_drive": "True", "metadata": {}}}
2015-12-07 06:02:52,508 27348 INFO     [tempest_lib.common.rest_client] Request (TestGettingAddress:test_dhcp6_stateless_from_os): 200 GET http://10.0.2.15:9696/v2.0/ports?status=ACTIVE&amp;fixed_ip=None&amp;device_id=69ca9c17-440e-41e9-bfb4-7dca954d966f 0.134s
2015-12-07 06:02:52,509 27348 DEBUG    [tempest_lib.common.rest_client] Request - Headers: {'Content-Type': 'application/json', 'Accept': 'application/json', 'X-Auth-Token': '&lt;omitted&gt;'}
        Body: None
    Response - Headers: {'status': '200', 'content-length': '1142', 'content-location': 'http://10.0.2.15:9696/v2.0/ports?status=ACTIVE&amp;fixed_ip=None&amp;device_id=69ca9c17-440e-41e9-bfb4-7dca954d966f', 'connection': 'close', 'date': 'Mon, 07 Dec 2015 06:02:52 GMT', 'content-type': 'application/json; charset=UTF-8', 'x-openstack-request-id': 'req-1e1d91ad-824b-4495-be8d-2abe36c1d01f'}
        Body: {"ports": [{"status": "ACTIVE", "binding:host_id": "vagrant-ubuntu-trusty-64", "allowed_address_pairs": [], "extra_dhcp_opts": [], "dns_assignment": [{"hostname": "host-10-100-0-3", "ip_address": "10.100.0.3", "fqdn": "host-10-100-0-3.openstacklocal."}, {"hostname": "host-2003--f816-3eff-fe93-de95", "ip_address": "2003::f816:3eff:fe93:de95", "fqdn": "host-2003--f816-3eff-fe93-de95.openstacklocal."}], "device_owner": "compute:None", "port_security_enabled": true, "binding:profile": {}, "fixed_ips": [{"subnet_id": "b134c851-0b77-4c91-9932-9f45b677c15a", "ip_address": "10.100.0.3"}, {"subnet_id": "996e490b-d499-4a71-9229-986f0ab58e07", "ip_address": "2003::f816:3eff:fe93:de95"}], "id": "6c27a638-d9b4-4e10-9cc9-79dc2eb47e00", "security_groups": ["44af7569-0081-47f6-875a-c4a42fe759f3"], "device_id": "69ca9c17-440e-41e9-bfb4-7dca954d966f", "name": "", "admin_state_up": true, "network_id": "9f754f78-c0a0-4d91-8515-c7416d84518b", "dns_name": "", "binding:vif_details": {"port_filter": true}, "binding:vnic_type": "normal", "binding:vif_type": "ovs", "tenant_id": "7b3ca77ed7c74dc8b06478276e8cf5bf", "mac_address": "fa:16:3e:93:de:95"}]}
2015-12-07 06:02:52,910 27348 INFO     [tempest_lib.common.rest_client] Request (TestGettingAddress:test_dhcp6_stateless_from_os): 201 POST http://10.0.2.15:9696/v2.0/floatingips 0.400s
2015-12-07 06:02:52,911 27348 DEBUG    [tempest_lib.common.rest_client] Request - Headers: {'Content-Type': 'application/json', 'Accept': 'application/json', 'X-Auth-Token': '&lt;omitted&gt;'}
        Body: {"floatingip": {"floating_network_id": "2a865dbf-ed39-4020-901f-dfaa693a3c44", "tenant_id": "7b3ca77ed7c74dc8b06478276e8cf5bf", "fixed_ip_address": "10.100.0.3", "port_id": "6c27a638-d9b4-4e10-9cc9-79dc2eb47e00"}}
    Response - Headers: {'status': '201', 'content-length': '367', 'connection': 'close', 'date': 'Mon, 07 Dec 2015 06:02:52 GMT', 'content-type': 'application/json; charset=UTF-8', 'x-openstack-request-id': 'req-21f70198-079f-4a83-a913-cef75e18038a'}
        Body: {"floatingip": {"floating_network_id": "2a865dbf-ed39-4020-901f-dfaa693a3c44", "router_id": "60f04998-1c28-44f5-8f03-26cfe4f55a89", "fixed_ip_address": "10.100.0.3", "floating_ip_address": "172.24.4.4", "tenant_id": "7b3ca77ed7c74dc8b06478276e8cf5bf", "status": "DOWN", "port_id": "6c27a638-d9b4-4e10-9cc9-79dc2eb47e00", "id": "511a1bd7-2403-4409-8976-4cacf5ad886d"}}
2015-12-07 06:02:52,913 27348 INFO     [tempest_lib.common.ssh] Creating ssh connection to '172.24.4.4' as 'cirros' with public key authentication
2015-12-07 06:02:56,614 27348 WARNING  [tempest_lib.common.ssh] Failed to establish authenticated ssh connection to cirros@172.24.4.4 ([Errno None] Unable to connect to port 22 on  or 172.24.4.4). Number attempts: 1. Retry after 2 seconds.
2015-12-07 06:03:02,119 27348 WARNING  [tempest_lib.common.ssh] Failed to establish authenticated ssh connection to cirros@172.24.4.4 ([Errno None] Unable to connect to port 22 on  or 172.24.4.4). Number attempts: 2. Retry after 3 seconds.
2015-12-07 06:03:08,623 27348 WARNING  [tempest_lib.common.ssh] Failed to establish authenticated ssh connection to cirros@172.24.4.4 ([Errno None] Unable to connect to port 22 on  or 172.24.4.4). Number attempts: 3. Retry after 4 seconds.
2015-12-07 06:03:16,127 27348 WARNING  [tempest_lib.common.ssh] Failed to establish authenticated ssh connection to cirros@172.24.4.4 ([Errno None] Unable to connect to port 22 on  or 172.24.4.4). Number attempts: 4. Retry after 5 seconds.
2015-12-07 06:03:24,630 27348 WARNING  [tempest_lib.common.ssh] Failed to establish authenticated ssh connection to cirros@172.24.4.4 ([Errno None] Unable to connect to port 22 on  or 172.24.4.4). Number attempts: 5. Retry after 6 seconds.
2015-12-07 06:03:34,139 27348 WARNING  [tempest_lib.common.ssh] Failed to establish authenticated ssh connection to cirros@172.24.4.4 ([Errno None] Unable to connect to port 22 on  or 172.24.4.4). Number attempts: 6. Retry after 7 seconds.
2015-12-07 06:03:44,643 27348 WARNING  [tempest_lib.common.ssh] Failed to establish authenticated ssh connection to cirros@172.24.4.4 ([Errno None] Unable to connect to port 22 on  or 172.24.4.4). Number attempts: 7. Retry after 8 seconds.
2015-12-07 06:03:56,151 27348 WARNING  [tempest_lib.common.ssh] Failed to establish authenticated ssh connection to cirros@172.24.4.4 ([Errno None] Unable to connect to port 22 on  or 172.24.4.4). Number attempts: 8. Retry after 9 seconds.
2015-12-07 06:04:08,659 27348 WARNING  [tempest_lib.common.ssh] Failed to establish authenticated ssh connection to cirros@172.24.4.4 ([Errno None] Unable to connect to port 22 on  or 172.24.4.4). Number attempts: 9. Retry after 10 seconds.
2015-12-07 06:04:22,171 27348 WARNING  [tempest_lib.common.ssh] Failed to establish authenticated ssh connection to cirros@172.24.4.4 ([Errno None] Unable to connect to port 22 on  or 172.24.4.4). Number attempts: 10. Retry after 11 seconds.
2015-12-07 06:04:36,679 27348 WARNING  [tempest_lib.common.ssh] Failed to establish authenticated ssh connection to cirros@172.24.4.4 ([Errno None] Unable to connect to port 22 on  or 172.24.4.4). Number attempts: 11. Retry after 12 seconds.
2015-12-07 06:04:52,190 27348 WARNING  [tempest_lib.common.ssh] Failed to establish authenticated ssh connection to cirros@172.24.4.4 ([Errno None] Unable to connect to port 22 on  or 172.24.4.4). Number attempts: 12. Retry after 13 seconds.
2015-12-07 06:05:08,699 27348 WARNING  [tempest_lib.common.ssh] Failed to establish authenticated ssh connection to cirros@172.24.4.4 ([Errno None] Unable to connect to port 22 on  or 172.24.4.4). Number attempts: 13. Retry after 14 seconds.
2015-12-07 06:05:26,215 27348 WARNING  [tempest_lib.common.ssh] Failed to establish authenticated ssh connection to cirros@172.24.4.4 ([Errno None] Unable to connect to port 22 on  or 172.24.4.4). Number attempts: 14. Retry after 15 seconds.
2015-12-07 06:05:44,731 27348 WARNING  [tempest_lib.common.ssh] Failed to establish authenticated ssh connection to cirros@172.24.4.4 ([Errno None] Unable to connect to port 22 on  or 172.24.4.4). Number attempts: 15. Retry after 16 seconds.
2015-12-07 06:06:04,247 27348 WARNING  [tempest_lib.common.ssh] Failed to establish authenticated ssh connection to cirros@172.24.4.4 ([Errno None] Unable to connect to port 22 on  or 172.24.4.4). Number attempts: 16. Retry after 17 seconds.
2015-12-07 06:06:24,763 27348 ERROR    [tempest_lib.common.ssh] Failed to establish authenticated ssh connection to cirros@172.24.4.4 after 16 attempts
2015-12-07 06:06:24.763 27348 ERROR tempest_lib.common.ssh Traceback (most recent call last):
2015-12-07 06:06:24.763 27348 ERROR tempest_lib.common.ssh   File "/usr/local/lib/python2.7/dist-packages/tempest_lib/common/ssh.py", line 75, in _get_ssh_connection
2015-12-07 06:06:24.763 27348 ERROR tempest_lib.common.ssh     timeout=self.channel_timeout, pkey=self.pkey)
2015-12-07 06:06:24.763 27348 ERROR tempest_lib.common.ssh   File "/usr/local/lib/python2.7/dist-packages/paramiko/client.py", line 311, in connect
2015-12-07 06:06:24.763 27348 ERROR tempest_lib.common.ssh     raise NoValidConnectionsError(errors)
2015-12-07 06:06:24.763 27348 ERROR tempest_lib.common.ssh NoValidConnectionsError: [Errno None] Unable to connect to port 22 on  or 172.24.4.4
2015-12-07 06:06:24.763 27348 ERROR tempest_lib.common.ssh 
2015-12-07 06:06:24,764 27348 ERROR    [tempest.scenario.manager] (TestGettingAddress:test_dhcp6_stateless_from_os) Initializing SSH connection to 172.24.4.4 failed. Error: Connection to the 172.24.4.4 via SSH timed out.
User: cirros, Password: None
2015-12-07 06:06:24.764 27348 ERROR tempest.scenario.manager Traceback (most recent call last):
2015-12-07 06:06:24.764 27348 ERROR tempest.scenario.manager   File "tempest/scenario/manager.py", line 383, in get_remote_client
2015-12-07 06:06:24.764 27348 ERROR tempest.scenario.manager     linux_client.validate_authentication()
2015-12-07 06:06:24.764 27348 ERROR tempest.scenario.manager   File "tempest/common/utils/linux/remote_client.py", line 63, in validate_authentication
2015-12-07 06:06:24.764 27348 ERROR tempest.scenario.manager     self.ssh_client.test_connection_auth()
2015-12-07 06:06:24.764 27348 ERROR tempest.scenario.manager   File "/usr/local/lib/python2.7/dist-packages/tempest_lib/common/ssh.py", line 167, in test_connection_auth
2015-12-07 06:06:24.764 27348 ERROR tempest.scenario.manager     connection = self._get_ssh_connection()
2015-12-07 06:06:24.764 27348 ERROR tempest.scenario.manager   File "/usr/local/lib/python2.7/dist-packages/tempest_lib/common/ssh.py", line 87, in _get_ssh_connection
2015-12-07 06:06:24.764 27348 ERROR tempest.scenario.manager     password=self.password)
2015-12-07 06:06:24.764 27348 ERROR tempest.scenario.manager SSHTimeout: Connection to the 172.24.4.4 via SSH timed out.
2015-12-07 06:06:24.764 27348 ERROR tempest.scenario.manager User: cirros, Password: None
2015-12-07 06:06:24.764 27348 ERROR tempest.scenario.manager 
2015-12-07 06:06:24,844 27348 INFO     [tempest_lib.common.rest_client] Request (TestGettingAddress:test_dhcp6_stateless_from_os): 200 GET http://10.0.2.15:8774/v2.1/7b3ca77ed7c74dc8b06478276e8cf5bf/servers 0.076s
2015-12-07 06:06:24,845 27348 DEBUG    [tempest_lib.common.rest_client] Request - Headers: {'Content-Type': 'application/json', 'Accept': 'application/json', 'X-Auth-Token': '&lt;omitted&gt;'}
        Body: None
    Response - Headers: {'status': '200', 'content-length': '390', 'content-location': 'http://10.0.2.15:8774/v2.1/7b3ca77ed7c74dc8b06478276e8cf5bf/servers', 'x-compute-request-id': 'req-b83985d6-9494-4b44-a71c-84622fd1d8a9', 'vary': 'X-OpenStack-Nova-API-Version', 'connection': 'close', 'x-openstack-nova-api-version': '2.1', 'date': 'Mon, 07 Dec 2015 06:06:24 GMT', 'content-type': 'application/json'}
        Body: {"servers": [{"id": "69ca9c17-440e-41e9-bfb4-7dca954d966f", "links": [{"href": "http://10.0.2.15:8774/v2.1/7b3ca77ed7c74dc8b06478276e8cf5bf/servers/69ca9c17-440e-41e9-bfb4-7dca954d966f", "rel": "self"}, {"href": "http://10.0.2.15:8774/7b3ca77ed7c74dc8b06478276e8cf5bf/servers/69ca9c17-440e-41e9-bfb4-7dca954d966f", "rel": "bookmark"}], "name": "tempest.common.compute-instance-500788831"}]}
2015-12-07 06:06:25,054 27348 INFO     [tempest_lib.common.rest_client] Request (TestGettingAddress:test_dhcp6_stateless_from_os): 200 POST http://10.0.2.15:8774/v2.1/7b3ca77ed7c74dc8b06478276e8cf5bf/servers/69ca9c17-440e-41e9-bfb4-7dca954d966f/action 0.203s
2015-12-07 06:06:25,055 27348 DEBUG    [tempest_lib.common.rest_client] Request - Headers: {'Content-Type': 'application/json', 'Accept': 'application/json', 'X-Auth-Token': '&lt;omitted&gt;'}
        Body: {"os-getConsoleOutput": {}}
    Response - Headers: {'status': '200', 'content-length': '24668', 'x-compute-request-id': 'req-9a74f1d6-7c99-412a-823c-90369c71717c', 'vary': 'X-OpenStack-Nova-API-Version', 'connection': 'close', 'x-openstack-nova-api-version': '2.1', 'date': 'Mon, 07 Dec 2015 06:06:25 GMT', 'content-type': 'application/json'}
        Body: {"output": "[    0.000000] Initializing cgroup subsys cpuset\n[    0.000000] Initializing cgroup subsys cpu\n[    0.000000] Linux version 3.2.0-80-virtual (buildd@batsu) (gcc version 4.6.3 (Ubuntu/Linaro 4.6.3-1ubuntu5) ) #116-Ubuntu SMP Mon Mar 23 17:28:52 UTC 2015 (Ubuntu 3.2.0-80.116-virtual 3.2.68)\n[    0.000000] Command line: root=/dev/vda console=tty0 console=ttyS0 no_timer_check\n[    0.000000] KERNEL supported cpus:\n[    0.000000]   Intel GenuineIntel\n[    0.000000]   AMD AuthenticAMD\n[    0.000000]   Centaur CentaurHauls\n[    0.000000] BIOS-provided physical RAM map:\n[    0.000000]  BIOS-e820: 0000000000000000 - 000000000009fc00 (usable)\n[    0.000000]  BIOS-e820: 000000000009fc00 - 00000000000a0000 (reserved)\n[    0.000000]  BIOS-e820: 00000000000f0000 - 0000000000100000 (reserved)\n[    0.000000]  BIOS-e820: 0000000000100000 - 0000000003ffe000 (usable)\n[    0.000000]  BIOS-e820: 0000000003ffe000 - 0000000004000000 (reserved)\n[    0.000000]  BIOS-e820: 00000000fffc0000 - 0000000100000000 (reserved)\n[    0.000000] NX (Execute Disable) protection: active\n[    0.000000] SMBIOS 2.4 present.\n[    0.000000] No AGP bridge found\n[    0.000000] last_pfn = 0x3ffe max_arch_pfn = 0x400000000\n[    0.000000] x86 PAT enabled: cpu 0, old 0x7040600070406, new 0x7010600070106\n[    0.000000] found SMP MP-table at [ffff8800000f0b00] f0b00\n[    0.000000] init_memory_mapping: 0000000000000000-0000000003ffe000\n[    0.000000] RAMDISK: 03c5e000 - 03ff0000\n[    0.000000] ACPI: RSDP 00000000000f0950 00014 (v00 BOCHS )\n[    0.000000] ACPI: RSDT 0000000003fffbc1 00034 (v01 BOCHS  BXPCRSDT 00000001 BXPC 00000001)\n[    0.000000] ACPI: FACP 0000000003fff1c0 00074 (v01 BOCHS  BXPCFACP 00000001 BXPC 00000001)\n[    0.000000] ACPI: DSDT 0000000003ffe040 01180 (v01 BOCHS  BXPCDSDT 00000001 BXPC 00000001)\n[    0.000000] ACPI: FACS 0000000003ffe000 00040\n[    0.000000] ACPI: SSDT 0000000003fff234 008DD (v01 BOCHS  BXPCSSDT 00000001 BXPC 00000001)\n[    0.000000] ACPI: APIC 0000000003fffb11 00078 (v01 BOCHS  BXPCAPIC 00000001 BXPC 00000001)\n[    0.000000] ACPI: HPET 0000000003fffb89 00038 (v01 BOCHS  BXPCHPET 00000001 BXPC 00000001)\n[    0.000000] No NUMA configuration found\n[    0.000000] Faking a node at 0000000000000000-0000000003ffe000\n[    0.000000] Initmem setup node 0 0000000000000000-0000000003ffe000\n[    0.000000]   NODE_DATA [0000000003ff6000 - 0000000003ffafff]\n[    0.000000] Zone PFN ranges:\n[    0.000000]   DMA      0x00000010 -&gt; 0x00001000\n[    0.000000]   DMA32    0x00001000 -&gt; 0x00100000\n[    0.000000]   Normal   empty\n[    0.000000] Movable zone start PFN for each node\n[    0.000000] early_node_map[2] active PFN ranges\n[    0.000000]     0: 0x00000010 -&gt; 0x0000009f\n[    0.000000]     0: 0x00000100 -&gt; 0x00003ffe\n[    0.000000] ACPI: PM-Timer IO Port: 0xb008\n[    0.000000] ACPI: LAPIC (acpi_id[0x00] lapic_id[0x00] enabled)\n[    0.000000] ACPI: LAPIC_NMI (acpi_id[0xff] dfl dfl lint[0x1])\n[    0.000000] ACPI: IOAPIC (id[0x00] address[0xfec00000] gsi_base[0])\n[    0.000000] IOAPIC[0]: apic_id 0, version 17, address 0xfec00000, GSI 0-23\n[    0.000000] ACPI: INT_SRC_OVR (bus 0 bus_irq 0 global_irq 2 dfl dfl)\n[    0.000000] ACPI: INT_SRC_OVR (bus 0 bus_irq 5 global_irq 5 high level)\n[    0.000000] ACPI: INT_SRC_OVR (bus 0 bus_irq 9 global_irq 9 high level)\n[    0.000000] ACPI: INT_SRC_OVR (bus 0 bus_irq 10 global_irq 10 high level)\n[    0.000000] ACPI: INT_SRC_OVR (bus 0 bus_irq 11 global_irq 11 high level)\n[    0.000000] Using ACPI (MADT) for SMP configuration information\n[    0.000000] ACPI: HPET id: 0x8086a201 base: 0xfed00000\n[    0.000000] SMP: Allowing 1 CPUs, 0 hotplug CPUs\n[    0.000000] PM: Registered nosave memory: 000000000009f000 - 00000000000a0000\n[    0.000000] PM: Registered nosave memory: 00000000000a0000 - 00000000000f0000\n[    0.000000] PM: Registered nosave memory: 00000000000f0000 - 0000000000100000\n[    0.000000] Allocating PCI resources starting at 4000000 (gap: 4000000:fbfc0000)\n[    0.000000] Booting paravirtualized kernel on bare hardware\n[    0.000000] setup_pe
2015-12-07 06:06:25,057 27348 DEBUG    [tempest.scenario.manager] Console output for 69ca9c17-440e-41e9-bfb4-7dca954d966f
body=
[    0.000000] Initializing cgroup subsys cpuset
[    0.000000] Initializing cgroup subsys cpu
[    0.000000] Linux version 3.2.0-80-virtual (buildd@batsu) (gcc version 4.6.3 (Ubuntu/Linaro 4.6.3-1ubuntu5) ) #116-Ubuntu SMP Mon Mar 23 17:28:52 UTC 2015 (Ubuntu 3.2.0-80.116-virtual 3.2.68)
[    0.000000] Command line: root=/dev/vda console=tty0 console=ttyS0 no_timer_check
[    0.000000] KERNEL supported cpus:
[    0.000000]   Intel GenuineIntel
[    0.000000]   AMD AuthenticAMD
[    0.000000]   Centaur CentaurHauls
[    0.000000] BIOS-provided physical RAM map:
[    0.000000]  BIOS-e820: 0000000000000000 - 000000000009fc00 (usable)
[    0.000000]  BIOS-e820: 000000000009fc00 - 00000000000a0000 (reserved)
[    0.000000]  BIOS-e820: 00000000000f0000 - 0000000000100000 (reserved)
[    0.000000]  BIOS-e820: 0000000000100000 - 0000000003ffe000 (usable)
[    0.000000]  BIOS-e820: 0000000003ffe000 - 0000000004000000 (reserved)
[    0.000000]  BIOS-e820: 00000000fffc0000 - 0000000100000000 (reserved)
[    0.000000] NX (Execute Disable) protection: active
[    0.000000] SMBIOS 2.4 present.
[    0.000000] No AGP bridge found
[    0.000000] last_pfn = 0x3ffe max_arch_pfn = 0x400000000
[    0.000000] x86 PAT enabled: cpu 0, old 0x7040600070406, new 0x7010600070106
[    0.000000] found SMP MP-table at [ffff8800000f0b00] f0b00
[    0.000000] init_memory_mapping: 0000000000000000-0000000003ffe000
[    0.000000] RAMDISK: 03c5e000 - 03ff0000
[    0.000000] ACPI: RSDP 00000000000f0950 00014 (v00 BOCHS )
[    0.000000] ACPI: RSDT 0000000003fffbc1 00034 (v01 BOCHS  BXPCRSDT 00000001 BXPC 00000001)
[    0.000000] ACPI: FACP 0000000003fff1c0 00074 (v01 BOCHS  BXPCFACP 00000001 BXPC 00000001)
[    0.000000] ACPI: DSDT 0000000003ffe040 01180 (v01 BOCHS  BXPCDSDT 00000001 BXPC 00000001)
[    0.000000] ACPI: FACS 0000000003ffe000 00040
[    0.000000] ACPI: SSDT 0000000003fff234 008DD (v01 BOCHS  BXPCSSDT 00000001 BXPC 00000001)
[    0.000000] ACPI: APIC 0000000003fffb11 00078 (v01 BOCHS  BXPCAPIC 00000001 BXPC 00000001)
[    0.000000] ACPI: HPET 0000000003fffb89 00038 (v01 BOCHS  BXPCHPET 00000001 BXPC 00000001)
[    0.000000] No NUMA configuration found
[    0.000000] Faking a node at 0000000000000000-0000000003ffe000
[    0.000000] Initmem setup node 0 0000000000000000-0000000003ffe000
[    0.000000]   NODE_DATA [0000000003ff6000 - 0000000003ffafff]
[    0.000000] Zone PFN ranges:
[    0.000000]   DMA      0x00000010 -&gt; 0x00001000
[    0.000000]   DMA32    0x00001000 -&gt; 0x00100000
[    0.000000]   Normal   empty
[    0.000000] Movable zone start PFN for each node
[    0.000000] early_node_map[2] active PFN ranges
[    0.000000]     0: 0x00000010 -&gt; 0x0000009f
[    0.000000]     0: 0x00000100 -&gt; 0x00003ffe
[    0.000000] ACPI: PM-Timer IO Port: 0xb008
[    0.000000] ACPI: LAPIC (acpi_id[0x00] lapic_id[0x00] enabled)
[    0.000000] ACPI: LAPIC_NMI (acpi_id[0xff] dfl dfl lint[0x1])
[    0.000000] ACPI: IOAPIC (id[0x00] address[0xfec00000] gsi_base[0])
[    0.000000] IOAPIC[0]: apic_id 0, version 17, address 0xfec00000, GSI 0-23
[    0.000000] ACPI: INT_SRC_OVR (bus 0 bus_irq 0 global_irq 2 dfl dfl)
[    0.000000] ACPI: INT_SRC_OVR (bus 0 bus_irq 5 global_irq 5 high level)
[    0.000000] ACPI: INT_SRC_OVR (bus 0 bus_irq 9 global_irq 9 high level)
[    0.000000] ACPI: INT_SRC_OVR (bus 0 bus_irq 10 global_irq 10 high level)
[    0.000000] ACPI: INT_SRC_OVR (bus 0 bus_irq 11 global_irq 11 high level)
[    0.000000] Using ACPI (MADT) for SMP configuration information
[    0.000000] ACPI: HPET id: 0x8086a201 base: 0xfed00000
[    0.000000] SMP: Allowing 1 CPUs, 0 hotplug CPUs
[    0.000000] PM: Registered nosave memory: 000000000009f000 - 00000000000a0000
[    0.000000] PM: Registered nosave memory: 00000000000a0000 - 00000000000f0000
[    0.000000] PM: Registered nosave memory: 00000000000f0000 - 0000000000100000
[    0.000000] Allocating PCI resources starting at 4000000 (gap: 4000000:fbfc0000)
[    0.000000] Booting paravirtualized kernel on bare hardware
[    0.000000] setup_percpu: NR_CPUS:64 nr_cpumask_bits:64 nr_cpu_ids:1 nr_node_ids:1
[    0.000000] PERCPU: Embedded 27 pages/cpu @ffff880003a00000 s78848 r8192 d23552 u2097152
[    0.000000] Built 1 zonelists in Node order, mobility grouping on.  Total pages: 16008
[    0.000000] Policy zone: DMA32
[    0.000000] Kernel command line: root=/dev/vda console=tty0 console=ttyS0 no_timer_check
[    0.000000] PID hash table entries: 256 (order: -1, 2048 bytes)
[    0.000000] Checking aperture...
[    0.000000] No AGP bridge found
[    0.000000] Memory: 43492k/65528k available (6576k kernel code, 452k absent, 21584k reserved, 6620k data, 928k init)
[    0.000000] SLUB: Genslabs=15, HWalign=64, Order=0-3, MinObjects=0, CPUs=1, Nodes=1
[    0.000000] Hierarchical RCU implementation.
[    0.000000] 	RCU dyntick-idle grace-period acceleration is enabled.
[    0.000000] NR_IRQS:4352 nr_irqs:256 16
[    0.000000] Console: colour VGA+ 80x25
[    0.000000] console [tty0] enabled
[    0.000000] console [ttyS0] enabled
[    0.000000] allocated 1048576 bytes of page_cgroup
[    0.000000] please try 'cgroup_disable=memory' option if you don't want memory cgroups
[    0.000000] Fast TSC calibration failed
[    0.000000] TSC: Unable to calibrate against PIT
[    0.000000] TSC: using HPET reference calibration
[    0.000000] Detected 2293.462 MHz processor.
[    0.028896] Calibrating delay loop (skipped), value calculated using timer frequency.. 4586.92 BogoMIPS (lpj=9173848)
[    0.032608] pid_max: default: 32768 minimum: 301
[    0.040850] Security Framework initialized
[    0.048002] AppArmor: AppArmor initialized
[    0.048142] Yama: becoming mindful.
[    0.055604] Dentry cache hash table entries: 8192 (order: 4, 65536 bytes)
[    0.056621] Inode-cache hash table entries: 4096 (order: 3, 32768 bytes)
[    0.060217] Mount-cache hash table entries: 256
[    0.074577] Initializing cgroup subsys cpuacct
[    0.077742] Initializing cgroup subsys memory
[    0.080613] Initializing cgroup subsys devices
[    0.081373] Initializing cgroup subsys freezer
[    0.082103] Initializing cgroup subsys blkio
[    0.083004] Initializing cgroup subsys perf_event
[    0.088192] mce: CPU supports 10 MCE banks
[    0.090864] SMP alternatives: switching to UP code
[    0.476526] Freeing SMP alternatives: 24k freed
[    0.478097] ACPI: Core revision 20110623
[    0.524478] ftrace: allocating 26610 entries in 105 pages
[    0.553089] ..TIMER: vector=0x30 apic1=0 pin1=2 apic2=-1 pin2=-1
[    0.554703] CPU0: AMD QEMU Virtual CPU version 2.0.0 stepping 03
[    0.560034] Performance Events: Broken PMU hardware detected, using software events only.
[    0.568425] NMI watchdog disabled (cpu0): hardware events not enabled
[    0.570136] Brought up 1 CPUs
[    0.570685] Total of 1 processors activated (4586.92 BogoMIPS).
[    0.594609] devtmpfs: initialized
[    0.622915] EVM: security.selinux
[    0.623398] EVM: security.SMACK64
[    0.624076] EVM: security.capability
[    0.643169] print_constraints: dummy: 
[    0.645174] RTC time:  6:02:55, date: 12/07/15
[    0.647364] NET: Registered protocol family 16
[    0.655333] ACPI: bus type pci registered
[    0.658595] PCI: Using configuration type 1 for base access
[    0.688482] bio: create slab &lt;bio-0&gt; at 0
[    0.692852] ACPI: Added _OSI(Module Device)
[    0.693491] ACPI: Added _OSI(Processor Device)
[    0.694194] ACPI: Added _OSI(3.0 _SCP Extensions)
[    0.694811] ACPI: Added _OSI(Processor Aggregator Device)
[    0.758401] ACPI: Interpreter enabled
[    0.759547] ACPI: (supports S0 S3 S4 S5)
[    0.761416] ACPI: Using IOAPIC for interrupt routing
[    0.826438] ACPI: No dock devices found.
[    0.827198] HEST: Table not found.
[    0.828215] PCI: Using host bridge windows from ACPI; if necessary, use "pci=nocrs" and report a bug
[    0.837580] ACPI: PCI Root Bridge [PCI0] (domain 0000 [bus 00-ff])
[    0.845607] pci_root PNP0A03:00: host bridge window [io  0x0000-0x0cf7]
[    0.847402] pci_root PNP0A03:00: host bridge window [io  0x0d00-0xadff]
[    0.848192] pci_root PNP0A03:00: host bridge window [io  0xae0f-0xaeff]
[    0.852098] pci_root PNP0A03:00: host bridge window [io  0xaf20-0xafdf]
[    0.853492] pci_root PNP0A03:00: host bridge window [io  0xafe4-0xffff]
[    0.854856] pci_root PNP0A03:00: host bridge window [mem 0x000a0000-0x000bffff]
[    0.856107] pci_root PNP0A03:00: host bridge window [mem 0x04000000-0xfebfffff]
[    0.884725] pci 0000:00:01.3: quirk: [io  0xb000-0xb03f] claimed by PIIX4 ACPI
[    0.885941] pci 0000:00:01.3: quirk: [io  0xb100-0xb10f] claimed by PIIX4 SMB
[    0.953570]  pci0000:00: Unable to request _OSC control (_OSC support mask: 0x1e)
[    1.018715] ACPI: PCI Interrupt Link [LNKA] (IRQs 5 *10 11)
[    1.021538] ACPI: PCI Interrupt Link [LNKB] (IRQs 5 *10 11)
[    1.024490] ACPI: PCI Interrupt Link [LNKC] (IRQs 5 10 *11)
[    1.026340] ACPI: PCI Interrupt Link [LNKD] (IRQs 5 10 *11)
[    1.028272] ACPI: PCI Interrupt Link [LNKS] (IRQs *9)
[    1.034812] vgaarb: device added: PCI:0000:00:02.0,decodes=io+mem,owns=io+mem,locks=none
[    1.036188] vgaarb: loaded
[    1.036670] vgaarb: bridge control possible 0000:00:02.0
[    1.040577] i2c-core: driver [aat2870] using legacy suspend method
[    1.041339] i2c-core: driver [aat2870] using legacy resume method
[    1.044923] SCSI subsystem initialized
[    1.047701] usbcore: registered new interface driver usbfs
[    1.048842] usbcore: registered new interface driver hub
[    1.050102] usbcore: registered new device driver usb
[    1.054794] PCI: Using ACPI for IRQ routing
[    1.066418] NetLabel: Initializing
[    1.066911] NetLabel:  domain hash size = 128
[    1.067472] NetLabel:  protocols = UNLABELED CIPSOv4
[    1.069423] NetLabel:  unlabeled traffic allowed by default
[    1.072437] HPET: 3 timers in total, 0 timers will be used for per-cpu timer
[    1.073514] hpet0: at MMIO 0xfed00000, IRQs 2, 8, 0
[    1.074426] hpet0: 3 comparators, 64-bit 100.000000 MHz counter
[    1.085693] Switching to clocksource hpet
[    1.299807] AppArmor: AppArmor Filesystem Enabled
[    1.301971] pnp: PnP ACPI init
[    1.302785] ACPI: bus type pnp registered
[    1.322445] pnp: PnP ACPI: found 9 devices
[    1.323139] ACPI: ACPI bus type pnp unregistered
[    1.383544] NET: Registered protocol family 2
[    1.422146] IP route cache hash table entries: 512 (order: 0, 4096 bytes)
[    1.430182] TCP established hash table entries: 2048 (order: 3, 32768 bytes)
[    1.431662] TCP bind hash table entries: 2048 (order: 3, 32768 bytes)
[    1.433481] TCP: Hash tables configured (established 2048 bind 2048)
[    1.434345] TCP reno registered
[    1.434988] UDP hash table entries: 128 (order: 0, 4096 bytes)
[    1.435887] UDP-Lite hash table entries: 128 (order: 0, 4096 bytes)
[    1.439831] NET: Registered protocol family 1
[    1.441497] pci 0000:00:00.0: Limiting direct PCI/PCI transfers
[    1.442292] pci 0000:00:01.0: PIIX3: Enabling Passive Release
[    1.443431] pci 0000:00:01.0: Activating ISA DMA hang workarounds
[    1.449180] ACPI: PCI Interrupt Link [LNKD] enabled at IRQ 11
[    1.450137] pci 0000:00:01.2: PCI INT D -&gt; Link[LNKD] -&gt; GSI 11 (level, high) -&gt; IRQ 11
[    1.451947] pci 0000:00:01.2: PCI INT D disabled
[    1.486493] Trying to unpack rootfs image as initramfs...
[    1.515307] audit: initializing netlink socket (disabled)
[    1.519039] type=2000 audit(1449468175.516:1): initialized
[    1.835613] HugeTLB registered 2 MB page size, pre-allocated 0 pages
[    1.947103] VFS: Disk quotas dquot_6.5.2
[    1.949717] Dquot-cache hash table entries: 512 (order 0, 4096 bytes)
[    1.966127] fuse init (API version 7.17)
[    1.969435] msgmni has been set to 84
[    2.013179] Block layer SCSI generic (bsg) driver version 0.4 loaded (major 253)
[    2.016044] io scheduler noop registered
[    2.017680] io scheduler deadline registered (default)
[    2.018820] io scheduler cfq registered
[    2.022217] pci_hotplug: PCI Hot Plug PCI Core version: 0.5
[    2.023720] pciehp: PCI Express Hot Plug Controller Driver version: 0.4
[    2.030686] input: Power Button as /devices/LNXSYSTM:00/LNXPWRBN:00/input/input0
[    2.032916] ACPI: Power Button [PWRF]
[    2.086738] ERST: Table is not found!
[    2.087226] GHES: HEST is not enabled!
[    2.094060] ACPI: PCI Interrupt Link [LNKC] enabled at IRQ 10
[    2.094969] virtio-pci 0000:00:03.0: PCI INT A -&gt; Link[LNKC] -&gt; GSI 10 (level, high) -&gt; IRQ 10
[    2.099093] virtio-pci 0000:00:04.0: PCI INT A -&gt; Link[LNKD] -&gt; GSI 11 (level, high) -&gt; IRQ 11
[    2.110422] ACPI: PCI Interrupt Link [LNKA] enabled at IRQ 10
[    2.111173] virtio-pci 0000:00:05.0: PCI INT A -&gt; Link[LNKA] -&gt; GSI 10 (level, high) -&gt; IRQ 10
[    2.121860] Serial: 8250/16550 driver, 32 ports, IRQ sharing enabled
[    2.169826] serial8250: ttyS0 at I/O 0x3f8 (irq = 4) is a 16550A
[    2.264035] serial8250: ttyS1 at I/O 0x2f8 (irq = 3) is a 16550A
[    2.427600] 00:05: ttyS0 at I/O 0x3f8 (irq = 4) is a 16550A
[    2.466927] Refined TSC clocksource calibration: 2293.477 MHz.
[    2.469861] Switching to clocksource tsc
[    2.514267] 00:06: ttyS1 at I/O 0x2f8 (irq = 3) is a 16550A
[    2.558632] Linux agpgart interface v0.103
[    2.623395] brd: module loaded
[    2.655040] loop: module loaded
[    2.709834]  vda: unknown partition table
[    2.778404] scsi0 : ata_piix
[    2.785344] scsi1 : ata_piix
[    2.786683] ata1: PATA max MWDMA2 cmd 0x1f0 ctl 0x3f6 bmdma 0xc0a0 irq 14
[    2.787470] ata2: PATA max MWDMA2 cmd 0x170 ctl 0x376 bmdma 0xc0a8 irq 15
[    2.797695] Fixed MDIO Bus: probed
[    2.798529] tun: Universal TUN/TAP device driver, 1.6
[    2.799230] tun: (C) 1999-2004 Max Krasnyansky &lt;maxk@qualcomm.com&gt;
[    2.811970] PPP generic driver version 2.4.2
[    2.837680] ehci_hcd: USB 2.0 'Enhanced' Host Controller (EHCI) Driver
[    2.838905] ohci_hcd: USB 1.1 'Open' Host Controller (OHCI) Driver
[    2.840002] uhci_hcd: USB Universal Host Controller Interface driver
[    2.841883] uhci_hcd 0000:00:01.2: PCI INT D -&gt; Link[LNKD] -&gt; GSI 11 (level, high) -&gt; IRQ 11
[    2.845386] uhci_hcd 0000:00:01.2: UHCI Host Controller
[    2.854067] uhci_hcd 0000:00:01.2: new USB bus registered, assigned bus number 1
[    2.856167] uhci_hcd 0000:00:01.2: irq 11, io base 0x0000c040
[    2.886443] hub 1-0:1.0: USB hub found
[    2.888153] hub 1-0:1.0: 2 ports detected
[    2.895583] usbcore: registered new interface driver libusual
[    2.898838] i8042: PNP: PS/2 Controller [PNP0303:KBD,PNP0f13:MOU] at 0x60,0x64 irq 1,12
[    2.909384] serio: i8042 KBD port at 0x60,0x64 irq 1
[    2.911257] serio: i8042 AUX port at 0x60,0x64 irq 12
[    2.947297] mousedev: PS/2 mouse device common for all mice
[    2.957155] input: AT Translated Set 2 keyboard as /devices/platform/i8042/serio0/input/input1
[    2.973268] rtc_cmos 00:01: RTC can wake from S4
[    3.013448] rtc_cmos 00:01: rtc core: registered rtc_cmos as rtc0
[    3.018153] rtc0: alarms up to one day, 114 bytes nvram, hpet irqs
[    3.022893] device-mapper: uevent: version 1.0.3
[    3.040020] ata2.01: ATAPI: QEMU DVD-ROM, 2.0.0, max UDMA/100
[    3.053865] ata2.01: configured for MWDMA2
[    3.107147] Freeing initrd memory: 3656k freed
[    3.125052] device-mapper: ioctl: 4.22.0-ioctl (2011-10-19) initialised: dm-devel@redhat.com
[    3.129376] cpuidle: using governor ladder
[    3.130799] cpuidle: using governor menu
[    3.131700] EFI Variables Facility v0.08 2004-May-17
[    3.137939] TCP cubic registered
[    3.141564] NET: Registered protocol family 10
[    3.164606] NET: Registered protocol family 17
[    3.166370] Registering the dns_resolver key type
[    3.174100] scsi 1:0:1:0: CD-ROM            QEMU     QEMU DVD-ROM     2.0. PQ: 0 ANSI: 5
[    3.186073] sr0: scsi3-mmc drive: 4x/4x cd/rw xa/form2 tray
[    3.188483] cdrom: Uniform CD-ROM driver Revision: 3.20
[    3.195926] sr 1:0:1:0: Attached scsi generic sg0 type 5
[    3.205268] registered taskstats version 1
[    3.668611]   Magic number: 11:158:13
[    3.683531] rtc_cmos 00:01: setting system clock to 2015-12-07 06:02:58 UTC (1449468178)
[    3.686209] powernow-k8: Processor cpuid 663 not supported
[    3.693321] BIOS EDD facility v0.16 2004-Jun-25, 0 devices found
[    3.695213] EDD information not available.
[    3.767407] Freeing unused kernel memory: 928k freed
[    3.771421] Write protecting the kernel read-only data: 12288k
[    3.874169] Freeing unused kernel memory: 1596k freed
[    3.974814] Freeing unused kernel memory: 1184k freed

info: initramfs: up at 4.19
modprobe: module virtio_blk not found in modules.dep
modprobe: module virtio_net not found in modules.dep
info: copying initramfs to /dev/vda
info: initramfs loading root from /dev/vda
info: /etc/init.d/rc.sysinit: up at 8.82
info: container: none
Starting logging: OK
modprobe: module virtio_blk not found in modules.dep
modprobe: module virtio_net not found in modules.dep
WARN: /etc/rc3.d/S10-load-modules failed
Initializing random number generator... done.
Starting acpid: OK
cirros-ds 'local' up at 11.36
found datasource (configdrive, local)
Starting network...
udhcpc (v1.20.1) started
Sending discover...
Sending discover...
Sending discover...
Usage: /sbin/cirros-dhcpc &lt;up|down&gt;
No lease, failing
WARN: /etc/rc3.d/S40-network failed
Starting dropbear sshd: generating rsa key... generating dsa key... OK
no userdata for datasource
=== system information ===
Platform: OpenStack Foundation OpenStack Nova
Container: none
Arch: x86_64
CPU(s): 1 @ 2293.462 MHz
Cores/Sockets/Threads: 1/1/1
Virt-type: AMD-V
RAM Size: 49MB
Disks:
NAME MAJ:MIN     SIZE LABEL         MOUNTPOINT
vda  253:0   25165824 cirros-rootfs /
sr0   11:0     428032 config-2      
=== sshd host keys ===
-----BEGIN SSH HOST KEY KEYS-----
ssh-rsa AAAAB3NzaC1yc2EAAAADAQABAAAAgwDo86+f3UYWUE04GSJLUjI6H+ja5K9RpEsTclSvS5t5zUYon22sZKWbeAmOONpv47vSj0HS0VewIuE+Iy2ElWlQl4yO/EhPLyyThD96hPJe2OcC+PvutWF+6/hVWjHTa18PDYTz0Wy+o5fMi7JFWi69qSEN6bgxPLk+5eewMSasrjoN root@tempest
ssh-dss AAAAB3NzaC1kc3MAAACBAOXP3y5a203iSrGQpFrp7VOTq0ZXxz1ESNE/UC5OtntiReHKiRvFopGC5Xw5E6PB4UgrqfLNx07o6qcBrHmkGVzmm9AdbKQ9tShc6cvclm/zGAFBf1jJF0ffTPDJmJ1lOKQnaG+9GJEFuhN52ZipJAGJpwlp0qZLApW1mdrLJ31nAAAAFQCQro0Rz0quGqfd01qldRuDsY5wdwAAAIBOoDg5tnW68FM4h4pXKAjegjvO1qgLSuzS0kIWPXjTCExH3PvWNq/bSg04xLv5B6gm/9eGD9osuw4x0jLKIlyEuO0za0v6qwwj334gsVbI2/hqsemJS7BCO0gpQfo+fxMWoEnvmad0N9c8Zl9dPbJ+d2P1Syj0hZfNso+WNfd+TQAAAIATHE30Ua7iG2T793pqSnKYvsKOKuFJcMidY+hmaGldH3gRAAWUCCiqfgXWJ7Ly9IA0nu0XGLxiZHD/gihpBdwq8DKkP3dHUk5VuTd7iQ6uqY91sFR7j2ABa+H6zb3eWZB6ygoAXPc7Lznu1vcQO5yeaZEoPNRpZvq03XxwsqMylw== root@tempest
-----END SSH HOST KEY KEYS-----
=== network info ===
if-info: lo,up,127.0.0.1,8,::1
if-info: eth0,up,,8,fe80::f816:3eff:fe93:de95
=== datasource: configdrive local ===
instance-id: 69ca9c17-440e-41e9-bfb4-7dca954d966f
name: tempest.common.compute-instance-500788831
availability-zone: nova
local-hostname: tempest.common.compute-instance-500788831.novalocal
launch-index: 0
=== cirros: current=0.3.4 uptime=203.94 ===
route: fscanf
=== pinging gateway failed, debugging connection ===
############ debug start ##############
### /etc/init.d/sshd start
Starting dropbear sshd: OK
route: fscanf
### ifconfig -a
eth0      Link encap:Ethernet  HWaddr FA:16:3E:93:DE:95  
          inet6 addr: fe80::f816:3eff:fe93:de95/64 Scope:Link
          UP BROADCAST RUNNING MULTICAST  MTU:1500  Metric:1
          RX packets:12 errors:0 dropped:5 overruns:0 frame:0
          TX packets:8 errors:0 dropped:0 overruns:0 carrier:0
          collisions:0 txqueuelen:1000 
          RX bytes:1303 (1.2 KiB)  TX bytes:1134 (1.1 KiB)

lo        Link encap:Local Loopback  
          inet addr:127.0.0.1  Mask:255.0.0.0
          inet6 addr: ::1/128 Scope:Host
          UP LOOPBACK RUNNING  MTU:16436  Metric:1
          RX packets:12 errors:0 dropped:0 overruns:0 frame:0
          TX packets:12 errors:0 dropped:0 overruns:0 carrier:0
          collisions:0 txqueuelen:0 
          RX bytes:1020 (1020.0 B)  TX bytes:1020 (1020.0 B)

### route -n
Kernel IP routing table
Destination     Gateway         Genmask         Flags Metric Ref    Use Iface
route: fscanf
### cat /etc/resolv.conf
cat: can't open '/etc/resolv.conf': No such file or directory
### gateway not found
/sbin/cirros-status: line 1: can't open /etc/resolv.conf: no such file
### pinging nameservers
### uname -a
Linux tempest 3.2.0-80-virtual #116-Ubuntu SMP Mon Mar 23 17:28:52 UTC 2015 x86_64 GNU/Linux
### lsmod
Module                  Size  Used by    Not tainted
nls_iso8859_1          12713  0 
nls_cp437              16991  0 
vfat                   17585  0 
fat                    61512  1 vfat
isofs                  40259  0 
ip_tables              27473  0 
x_tables               29891  1 ip_tables
pcnet32                42119  0 
8139cp                 27360  0 
ne2k_pci               13691  0 
8390                   18856  1 ne2k_pci
e1000                 108589  0 
acpiphp                24231  0 
### dmesg | tail
[    4.999662] EXT3-fs (vda): mounted filesystem with ordered data mode
[    5.311267] ISO 9660 Extensions: Microsoft Joliet Level 3
[    5.392044] ISO 9660 Extensions: RRIP_1991A
[    5.626841] kjournald starting.  Commit interval 5 seconds
[    5.639034] EXT3-fs (vda): using internal journal
[    5.639145] EXT3-fs (vda): mounted filesystem with ordered data mode
[    8.917206] EXT3-fs (vda): using internal journal
[   12.125010] ISO 9660 Extensions: Microsoft Joliet Level 3
[   12.226162] ISO 9660 Extensions: RRIP_1991A
[   26.939367] eth0: no IPv6 routers present
### tail -n 25 /var/log/messages
Dec  7 06:03:05 cirros kern.info kernel: [    4.499361] acpiphp: Slot [26] registered
Dec  7 06:03:05 cirros kern.info kernel: [    4.499742] acpiphp: Slot [27] registered
Dec  7 06:03:05 cirros kern.info kernel: [    4.500590] acpiphp: Slot [28] registered
Dec  7 06:03:05 cirros kern.info kernel: [    4.502155] acpiphp: Slot [29] registered
Dec  7 06:03:05 cirros kern.info kernel: [    4.503043] acpiphp: Slot [30] registered
Dec  7 06:03:05 cirros kern.info kernel: [    4.503446] acpiphp: Slot [31] registered
Dec  7 06:03:05 cirros kern.info kernel: [    4.561724] e1000: Intel(R) PRO/1000 Network Driver - version 7.3.21-k8-NAPI
Dec  7 06:03:05 cirros kern.info kernel: [    4.561778] e1000: Copyright (c) 1999-2006 Intel Corporation.
Dec  7 06:03:05 cirros kern.info kernel: [    4.615073] ne2k-pci.c:v1.03 9/22/2003 D. Becker/P. Gortmaker
Dec  7 06:03:05 cirros kern.info kernel: [    4.662719] 8139cp: 8139cp: 10/100 PCI Ethernet driver v1.3 (Mar 22, 2004)
Dec  7 06:03:05 cirros kern.info kernel: [    4.706167] pcnet32: pcnet32.c:v1.35 21.Apr.2008 tsbogend@alpha.franken.de
Dec  7 06:03:05 cirros kern.info kernel: [    4.751296] ip_tables: (C) 2000-2006 Netfilter Core Team
Dec  7 06:03:05 cirros kern.info kernel: [    4.992475] kjournald starting.  Commit interval 5 seconds
Dec  7 06:03:05 cirros kern.info kernel: [    4.999662] EXT3-fs (vda): mounted filesystem with ordered data mode
Dec  7 06:03:05 cirros kern.debug kernel: [    5.311267] ISO 9660 Extensions: Microsoft Joliet Level 3
Dec  7 06:03:05 cirros kern.debug kernel: [    5.392044] ISO 9660 Extensions: RRIP_1991A
Dec  7 06:03:05 cirros kern.info kernel: [    5.626841] kjournald starting.  Commit interval 5 seconds
Dec  7 06:03:05 cirros kern.info kernel: [    5.639034] EXT3-fs (vda): using internal journal
Dec  7 06:03:05 cirros kern.info kernel: [    5.639145] EXT3-fs (vda): mounted filesystem with ordered data mode
Dec  7 06:03:05 cirros kern.info kernel: [    8.917206] EXT3-fs (vda): using internal journal
Dec  7 06:03:06 cirros kern.debug kernel: [   12.125010] ISO 9660 Extensions: Microsoft Joliet Level 3
Dec  7 06:03:07 cirros kern.debug kernel: [   12.226162] ISO 9660 Extensions: RRIP_1991A
Dec  7 06:03:10 cirros auth.notice su: + /dev/console root:cirros
Dec  7 06:03:21 cirros kern.debug kernel: [   26.939367] eth0: no IPv6 routers present
Dec  7 06:06:16 cirros authpriv.info dropbear[283]: Running in background
############ debug end   ##############
  ____               ____  ____
 / __/ __ ____ ____ / __ \/ __/
/ /__ / // __// __// /_/ /\ \ 
\___//_//_/  /_/   \____/___/ 
   http://cirros-cloud.net


login as 'cirros' user. default password: 'cubswin:)'. use 'sudo' for root.
tempest login: 
2015-12-07 06:06:25,260 27348 INFO     [tempest_lib.common.rest_client] Request (TestGettingAddress:_run_cleanups): 204 DELETE http://10.0.2.15:9696/v2.0/floatingips/511a1bd7-2403-4409-8976-4cacf5ad886d 0.197s
2015-12-07 06:06:25,260 27348 DEBUG    [tempest_lib.common.rest_client] Request - Headers: {'Content-Type': 'application/json', 'Accept': 'application/json', 'X-Auth-Token': '&lt;omitted&gt;'}
        Body: None
    Response - Headers: {'date': 'Mon, 07 Dec 2015 06:06:25 GMT', 'status': '204', 'connection': 'close', 'content-length': '0', 'x-openstack-request-id': 'req-4be98ed1-d051-4d85-83eb-918d57975dfd'}
        Body: 
2015-12-07 06:06:25,502 27348 INFO     [tempest_lib.common.rest_client] Request (TestGettingAddress:_run_cleanups): 204 DELETE http://10.0.2.15:8774/v2.1/7b3ca77ed7c74dc8b06478276e8cf5bf/servers/69ca9c17-440e-41e9-bfb4-7dca954d966f 0.241s
2015-12-07 06:06:25,503 27348 DEBUG    [tempest_lib.common.rest_client] Request - Headers: {'Content-Type': 'application/json', 'Accept': 'application/json', 'X-Auth-Token': '&lt;omitted&gt;'}
        Body: None
    Response - Headers: {'status': '204', 'content-length': '0', 'x-compute-request-id': 'req-e2e3a328-ab3c-432e-80bd-876bd627a93e', 'vary': 'X-OpenStack-Nova-API-Version', 'connection': 'close', 'x-openstack-nova-api-version': '2.1', 'date': 'Mon, 07 Dec 2015 06:06:25 GMT', 'content-type': 'application/json'}
        Body: 
2015-12-07 06:06:25,730 27348 INFO     [tempest_lib.common.rest_client] Request (TestGettingAddress:_run_cleanups): 200 GET http://10.0.2.15:8774/v2.1/7b3ca77ed7c74dc8b06478276e8cf5bf/servers/69ca9c17-440e-41e9-bfb4-7dca954d966f 0.226s
2015-12-07 06:06:25,730 27348 DEBUG    [tempest_lib.common.rest_client] Request - Headers: {'Content-Type': 'application/json', 'Accept': 'application/json', 'X-Auth-Token': '&lt;omitted&gt;'}
        Body: None
    Response - Headers: {'status': '200', 'content-length': '1902', 'content-location': 'http://10.0.2.15:8774/v2.1/7b3ca77ed7c74dc8b06478276e8cf5bf/servers/69ca9c17-440e-41e9-bfb4-7dca954d966f', 'x-compute-request-id': 'req-f7c87878-c9bd-47c3-a43d-1075c2ea6112', 'vary': 'X-OpenStack-Nova-API-Version', 'connection': 'close', 'x-openstack-nova-api-version': '2.1', 'date': 'Mon, 07 Dec 2015 06:06:25 GMT', 'content-type': 'application/json'}
        Body: {"server": {"status": "ACTIVE", "updated": "2015-12-07T06:06:25Z", "hostId": "26bb221dd14aa2d1543f3d890524f93fec6e7c2807227c38a268a276", "addresses": {"tempest-network-smoke--1165874133": [{"OS-EXT-IPS-MAC:mac_addr": "fa:16:3e:93:de:95", "version": 4, "addr": "10.100.0.3", "OS-EXT-IPS:type": "fixed"}, {"OS-EXT-IPS-MAC:mac_addr": "fa:16:3e:93:de:95", "version": 6, "addr": "2003::f816:3eff:fe93:de95", "OS-EXT-IPS:type": "fixed"}, {"OS-EXT-IPS-MAC:mac_addr": "fa:16:3e:93:de:95", "version": 4, "addr": "172.24.4.4", "OS-EXT-IPS:type": "floating"}]}, "links": [{"href": "http://10.0.2.15:8774/v2.1/7b3ca77ed7c74dc8b06478276e8cf5bf/servers/69ca9c17-440e-41e9-bfb4-7dca954d966f", "rel": "self"}, {"href": "http://10.0.2.15:8774/7b3ca77ed7c74dc8b06478276e8cf5bf/servers/69ca9c17-440e-41e9-bfb4-7dca954d966f", "rel": "bookmark"}], "key_name": "tempest-TestGettingAddress-720216404", "image": {"id": "fe018bcd-83a3-4c83-a30b-e85be2631972", "links": [{"href": "http://10.0.2.15:8774/7b3ca77ed7c74dc8b06478276e8cf5bf/images/fe018bcd-83a3-4c83-a30b-e85be2631972", "rel": "bookmark"}]}, "OS-EXT-STS:task_state": "deleting", "OS-EXT-STS:vm_state": "active", "OS-SRV-USG:launched_at": "2015-12-07T06:02:51.000000", "flavor": {"id": "42", "links": [{"href": "http://10.0.2.15:8774/7b3ca77ed7c74dc8b06478276e8cf5bf/flavors/42", "rel": "bookmark"}]}, "id": "69ca9c17-440e-41e9-bfb4-7dca954d966f", "security_groups": [{"name": "tempest-secgroup-smoke-838433099"}], "OS-SRV-USG:terminated_at": null, "OS-EXT-AZ:availability_zone": "nova", "user_id": "c7de87c98fd04a86b481d578ecf8fd3e", "name": "tempest.common.compute-instance-500788831", "created": "2015-12-07T06:02:48Z", "tenant_id": "7b3ca77ed7c74dc8b06478276e8cf5bf", "OS-DCF:diskConfig": "MANUAL", "os-extended-volumes:volumes_attached": [], "accessIPv4": "", "accessIPv6": "", "progress": 0, "OS-EXT-STS:power_state": 1, "config_drive": "True", "metadata": {}}}
2015-12-07 06:06:26,868 27348 INFO     [tempest_lib.common.rest_client] Request (TestGettingAddress:_run_cleanups): 200 GET http://10.0.2.15:8774/v2.1/7b3ca77ed7c74dc8b06478276e8cf5bf/servers/69ca9c17-440e-41e9-bfb4-7dca954d966f 0.124s
2015-12-07 06:06:26,868 27348 DEBUG    [tempest_lib.common.rest_client] Request - Headers: {'Content-Type': 'application/json', 'Accept': 'application/json', 'X-Auth-Token': '&lt;omitted&gt;'}
        Body: None
    Response - Headers: {'status': '200', 'content-length': '1835', 'content-location': 'http://10.0.2.15:8774/v2.1/7b3ca77ed7c74dc8b06478276e8cf5bf/servers/69ca9c17-440e-41e9-bfb4-7dca954d966f', 'x-compute-request-id': 'req-93af0402-41b7-4e53-8cbc-50caf99a02c0', 'vary': 'X-OpenStack-Nova-API-Version', 'connection': 'close', 'x-openstack-nova-api-version': '2.1', 'date': 'Mon, 07 Dec 2015 06:06:26 GMT', 'content-type': 'application/json'}
        Body: {"server": {"status": "ACTIVE", "updated": "2015-12-07T06:06:26Z", "hostId": "26bb221dd14aa2d1543f3d890524f93fec6e7c2807227c38a268a276", "addresses": {"tempest-network-smoke--1165874133": [{"OS-EXT-IPS-MAC:mac_addr": "fa:16:3e:93:de:95", "version": 4, "addr": "10.100.0.3", "OS-EXT-IPS:type": "fixed"}, {"OS-EXT-IPS-MAC:mac_addr": "fa:16:3e:93:de:95", "version": 6, "addr": "2003::f816:3eff:fe93:de95", "OS-EXT-IPS:type": "fixed"}, {"OS-EXT-IPS-MAC:mac_addr": "fa:16:3e:93:de:95", "version": 4, "addr": "172.24.4.4", "OS-EXT-IPS:type": "floating"}]}, "links": [{"href": "http://10.0.2.15:8774/v2.1/7b3ca77ed7c74dc8b06478276e8cf5bf/servers/69ca9c17-440e-41e9-bfb4-7dca954d966f", "rel": "self"}, {"href": "http://10.0.2.15:8774/7b3ca77ed7c74dc8b06478276e8cf5bf/servers/69ca9c17-440e-41e9-bfb4-7dca954d966f", "rel": "bookmark"}], "key_name": "tempest-TestGettingAddress-720216404", "image": {"id": "fe018bcd-83a3-4c83-a30b-e85be2631972", "links": [{"href": "http://10.0.2.15:8774/7b3ca77ed7c74dc8b06478276e8cf5bf/images/fe018bcd-83a3-4c83-a30b-e85be2631972", "rel": "bookmark"}]}, "OS-EXT-STS:task_state": "deleting", "OS-EXT-STS:vm_state": "active", "OS-SRV-USG:launched_at": "2015-12-07T06:02:51.000000", "flavor": {"id": "42", "links": [{"href": "http://10.0.2.15:8774/7b3ca77ed7c74dc8b06478276e8cf5bf/flavors/42", "rel": "bookmark"}]}, "id": "69ca9c17-440e-41e9-bfb4-7dca954d966f", "OS-SRV-USG:terminated_at": null, "OS-EXT-AZ:availability_zone": "nova", "user_id": "c7de87c98fd04a86b481d578ecf8fd3e", "name": "tempest.common.compute-instance-500788831", "created": "2015-12-07T06:02:48Z", "tenant_id": "7b3ca77ed7c74dc8b06478276e8cf5bf", "OS-DCF:diskConfig": "MANUAL", "os-extended-volumes:volumes_attached": [], "accessIPv4": "", "accessIPv6": "", "progress": 0, "OS-EXT-STS:power_state": 1, "config_drive": "True", "metadata": {}}}
2015-12-07 06:06:27,963 27348 INFO     [tempest_lib.common.rest_client] Request (TestGettingAddress:_run_cleanups): 404 GET http://10.0.2.15:8774/v2.1/7b3ca77ed7c74dc8b06478276e8cf5bf/servers/69ca9c17-440e-41e9-bfb4-7dca954d966f 0.083s
2015-12-07 06:06:27,963 27348 DEBUG    [tempest_lib.common.rest_client] Request - Headers: {'Content-Type': 'application/json', 'Accept': 'application/json', 'X-Auth-Token': '&lt;omitted&gt;'}
        Body: None
    Response - Headers: {'status': '404', 'content-length': '111', 'x-compute-request-id': 'req-115c6ed8-e513-436b-9ed7-d9ba34234cca', 'vary': 'X-OpenStack-Nova-API-Version', 'connection': 'close', 'x-openstack-nova-api-version': '2.1', 'date': 'Mon, 07 Dec 2015 06:06:27 GMT', 'content-type': 'application/json; charset=UTF-8'}
        Body: {"itemNotFound": {"message": "Instance 69ca9c17-440e-41e9-bfb4-7dca954d966f could not be found.", "code": 404}}
2015-12-07 06:06:28,355 27348 INFO     [tempest_lib.common.rest_client] Request (TestGettingAddress:_run_cleanups): 200 PUT http://10.0.2.15:9696/v2.0/routers/60f04998-1c28-44f5-8f03-26cfe4f55a89/remove_router_interface 0.391s
2015-12-07 06:06:28,355 27348 DEBUG    [tempest_lib.common.rest_client] Request - Headers: {'Content-Type': 'application/json', 'Accept': 'application/json', 'X-Auth-Token': '&lt;omitted&gt;'}
        Body: {"subnet_id": "996e490b-d499-4a71-9229-986f0ab58e07"}
    Response - Headers: {'status': '200', 'content-length': '255', 'connection': 'close', 'date': 'Mon, 07 Dec 2015 06:06:28 GMT', 'content-type': 'application/json; charset=UTF-8', 'x-openstack-request-id': 'req-20d68067-0815-46be-b09a-002c08fef74d'}
        Body: {"subnet_id": "996e490b-d499-4a71-9229-986f0ab58e07", "tenant_id": "7b3ca77ed7c74dc8b06478276e8cf5bf", "subnet_ids": ["996e490b-d499-4a71-9229-986f0ab58e07"], "port_id": "2c104b6a-2890-4bac-aaa7-ebc74012af70", "id": "60f04998-1c28-44f5-8f03-26cfe4f55a89"}
2015-12-07 06:06:28,775 27348 INFO     [tempest_lib.common.rest_client] Request (TestGettingAddress:_run_cleanups): 204 DELETE http://10.0.2.15:9696/v2.0/subnets/996e490b-d499-4a71-9229-986f0ab58e07 0.418s
2015-12-07 06:06:28,776 27348 DEBUG    [tempest_lib.common.rest_client] Request - Headers: {'Content-Type': 'application/json', 'Accept': 'application/json', 'X-Auth-Token': '&lt;omitted&gt;'}
        Body: None
    Response - Headers: {'date': 'Mon, 07 Dec 2015 06:06:28 GMT', 'status': '204', 'connection': 'close', 'content-length': '0', 'x-openstack-request-id': 'req-f2a44355-d92e-485d-a57f-a8e7a361cc4f'}
        Body: 
2015-12-07 06:06:28,834 27348 INFO     [tempest_lib.common.rest_client] Request (TestGettingAddress:_run_cleanups): 404 DELETE http://10.0.2.15:9696/v2.0/subnets/996e490b-d499-4a71-9229-986f0ab58e07 0.057s
2015-12-07 06:06:28,834 27348 DEBUG    [tempest_lib.common.rest_client] Request - Headers: {'Content-Type': 'application/json', 'Accept': 'application/json', 'X-Auth-Token': '&lt;omitted&gt;'}
        Body: None
    Response - Headers: {'status': '404', 'content-length': '135', 'connection': 'close', 'date': 'Mon, 07 Dec 2015 06:06:28 GMT', 'content-type': 'application/json; charset=UTF-8', 'x-openstack-request-id': 'req-95661633-c8cc-4b1c-ba6e-a41098bf87c2'}
        Body: {"NeutronError": {"message": "Subnet 996e490b-d499-4a71-9229-986f0ab58e07 could not be found", "type": "SubnetNotFound", "detail": ""}}
2015-12-07 06:06:29,233 27348 INFO     [tempest_lib.common.rest_client] Request (TestGettingAddress:_run_cleanups): 200 PUT http://10.0.2.15:9696/v2.0/routers/60f04998-1c28-44f5-8f03-26cfe4f55a89/remove_router_interface 0.396s
