<?xml version="1.0" encoding="UTF-8"?>
<!DOCTYPE html PUBLIC "-//W3C//DTD XHTML 1.0 Strict//EN"
     "http://www.w3.org/TR/xhtml1/DTD/xhtml1-strict.dtd">
<html xmlns="http://www.w3.org/1999/xhtml">
<head>
    <title>Unit Test Report</title>
    <meta name="generator" content="subunit2html 0.1"/>
    <meta http-equiv="Content-Type" content="text/html; charset=UTF-8"/>
    
<style type="text/css" media="screen">
body        { font-family: verdana, arial, helvetica, sans-serif;
    font-size: 80%; }
table       { font-size: 100%; width: 100%;}
pre         { font-size: 80%; }

/* -- heading -------------------------------------------------------------- */
h1 {
        font-size: 16pt;
        color: gray;
}
.heading {
    margin-top: 0ex;
    margin-bottom: 1ex;
}

.heading .attribute {
    margin-top: 1ex;
    margin-bottom: 0;
}

.heading .description {
    margin-top: 4ex;
    margin-bottom: 6ex;
}

/* -- css div popup -------------------------------------------------------- */
a.popup_link {
}

a.popup_link:hover {
    color: red;
}

.popup_window {
    display: none;
    overflow-x: scroll;
    /*border: solid #627173 1px; */
    padding: 10px;
    background-color: #E6E6D6;
    font-family: "Ubuntu Mono", "Lucida Console", "Courier New", monospace;
    text-align: left;
    font-size: 8pt;
}

}
/* -- report --------------------------------------------------------------- */
#show_detail_line {
    margin-top: 3ex;
    margin-bottom: 1ex;
}
#result_table {
    width: 100%;
    border-collapse: collapse;
    border: 1px solid #777;
}
#header_row {
    font-weight: bold;
    color: white;
    background-color: #777;
}
#result_table td {
    border: 1px solid #777;
    padding: 2px;
}
#total_row  { font-weight: bold; }
.passClass  { background-color: #6c6; }
.failClass  { background-color: #c60; }
.errorClass { background-color: #c00; }
.passCase   { color: #6c6; }
.failCase   { color: #c60; font-weight: bold; }
.errorCase  { color: #c00; font-weight: bold; }
.hiddenRow  { display: none; }
.testcase   { margin-left: 2em; }
td.testname {width: 40%}
td.small {width: 40px}

/* -- ending --------------------------------------------------------------- */
#ending {
}

</style>

</head>
<body>
<script language="javascript" type="text/javascript"><!--
output_list = Array();

/* level - 0:Summary; 1:Failed; 2:All */
function showCase(level) {
    trs = document.getElementsByTagName("tr");
    for (var i = 0; i < trs.length; i++) {
        tr = trs[i];
        id = tr.id;
        if (id.substr(0,2) == 'ft') {
            if (level < 1) {
                tr.className = 'hiddenRow';
            }
            else {
                tr.className = '';
            }
        }
        if (id.substr(0,2) == 'pt') {
            if (level > 1) {
                tr.className = '';
            }
            else {
                tr.className = 'hiddenRow';
            }
        }
    }
}


function showClassDetail(cid, count) {
    var id_list = Array(count);
    var toHide = 1;
    for (var i = 0; i < count; i++) {
        tid0 = 't' + cid.substr(1) + '.' + (i+1);
        tid = 'f' + tid0;
        tr = document.getElementById(tid);
        if (!tr) {
            tid = 'p' + tid0;
            tr = document.getElementById(tid);
        }
        id_list[i] = tid;
        if (tr.className) {
            toHide = 0;
        }
    }
    for (var i = 0; i < count; i++) {
        tid = id_list[i];
        if (toHide) {
            document.getElementById('div_'+tid).style.display = 'none'
            document.getElementById(tid).className = 'hiddenRow';
        }
        else {
            document.getElementById(tid).className = '';
        }
    }
}


function showTestDetail(div_id){
    var details_div = document.getElementById(div_id)
    var displayState = details_div.style.display
    // alert(displayState)
    if (displayState != 'block' ) {
        displayState = 'block'
        details_div.style.display = 'block'
    }
    else {
        details_div.style.display = 'none'
    }
}


function html_escape(s) {
    s = s.replace(/&/g,'&amp;');
    s = s.replace(/</g,'&lt;');
    s = s.replace(/>/g,'&gt;');
    return s;
}

/* obsoleted by detail in <div>
function showOutput(id, name) {
    var w = window.open("", //url
                    name,
                    "resizable,scrollbars,status,width=800,height=450");
    d = w.document;
    d.write("<pre>");
    d.write(html_escape(output_list[id]));
    d.write("\n");
    d.write("<a href='javascript:window.close()'>close</a>\n");
    d.write("</pre>\n");
    d.close();
}
*/
--></script>

<div class='heading'>
<h1>Unit Test Report</h1>

<p class='attribute'><strong>Status:</strong> Pass 2 Failure 6</p>

<p class='description'></p>
</div>



<p id='show_detail_line'>Show
<a href='javascript:showCase(0)'>Summary</a>
<a href='javascript:showCase(1)'>Failed</a>
<a href='javascript:showCase(2)'>All</a>
</p>
<table id='result_table'>
<colgroup>
<col align='left' />
<col align='right' />
<col align='right' />
<col align='right' />
<col align='right' />
<col align='right' />
<col align='right' />
<col align='right' />
</colgroup>
<tr id='header_row'>
    <td>Test Group/Test case</td>
    <td>Count</td>
    <td>Pass</td>
    <td>Fail</td>
    <td>Error</td>
    <td>Skip</td>
    <td>View</td>
    <td> </td>
</tr>

<tr class='failClass'>
    <td class="testname">tempest.scenario.test_network_v6.TestGettingAddress</td>
    <td class="small">8</td>
    <td class="small">2</td>
    <td class="small">6</td>
    <td class="small">0</td>
    <td class="small">0</td>
    <td class="small"><a href="javascript:showClassDetail('c1',8)"
>Detail</a></td>
    <td> </td>
</tr>

<tr id='ft1.1' class='none'>
    <td class='failCase'><div class='testcase'>test_dhcp6_stateless_from_os[compute,id-d7e1f858-187c-45a6-89c9-bdafde619a9f,network]</div></td>
    <td colspan='7' align='left'>

    <!--css div popup start-->
    <a class="popup_link" onfocus='this.blur();'
    href="javascript:showTestDetail('div_ft1.1')" >
        fail</a>

    <div id='div_ft1.1' class="popup_window">
        <div style='text-align: right; color:red;cursor:pointer'>
        <a onfocus='this.blur();'
onclick="document.getElementById('div_ft1.1').style.display = 'none' " >
           [x]</a>
        </div>
        <pre>
        
ft1.1: tempest.scenario.test_network_v6.TestGettingAddress.test_dhcp6_stateless_from_os[compute,id-d7e1f858-187c-45a6-89c9-bdafde619a9f,network]_StringException: Empty attachments:
  stderr
  stdout

pythonlogging:'': {{{
2015-12-04 20:38:36,936 27320 INFO     [tempest_lib.common.rest_client] Request (TestGettingAddress:setUp): 200 POST http://10.0.2.15:8774/v2.1/b827c3e46001430dbbb9f1e11f4c2464/os-keypairs 0.376s
2015-12-04 20:38:36,937 27320 DEBUG    [tempest_lib.common.rest_client] Request - Headers: {'Content-Type': 'application/json', 'Accept': 'application/json', 'X-Auth-Token': '&lt;omitted&gt;'}
        Body: {"keypair": {"name": "tempest-TestGettingAddress-855669485"}}
    Response - Headers: {'status': '200', 'content-length': '2319', 'x-compute-request-id': 'req-370dde81-ad60-4f09-8a95-db75f79c85a7', 'vary': 'X-OpenStack-Nova-API-Version', 'connection': 'close', 'x-openstack-nova-api-version': '2.1', 'date': 'Fri, 04 Dec 2015 20:38:36 GMT', 'content-type': 'application/json'}
        Body: {"keypair": {"public_key": "ssh-rsa AAAAB3NzaC1yc2EAAAADAQABAAABAQC0uXambu9AshR2fJa/Pj3fi66nFLcN76XyG+WL7Rs67EXDsCRWZKmgjmY4r5Vxz3p6dHuO/lCjPQRWoDwFUrBn6+18/h9IN/6xEinby/DVm8nhgvDb3ujOqWZZ1Nevx3VckUxQCsf6xUlUxFJolj7GZYHfozRN5x0RodRUOSojKEf4MRD4P1CzRkIaExZr+SZwI7nIG7ejOuwnHEyXKOyfhadYj2mRRhPHKa88dan8LFiHl6ShYZd99Qf2jQ9+X1WV9bTQ9pJHw27ErCb/XHzwszFVrMF4gPgnPxdSNSBousdbMvhcmv7COiHlK4UDsP+HU/YGOROitbNGpt2dqR+N Generated-by-Nova", "private_key": "-----BEGIN RSA PRIVATE KEY-----\nMIIEpwIBAAKCAQEAtLl2pm7vQLIUdnyWvz4934uupxS3De+l8hvli+0bOuxFw7Ak\nVmSpoI5mOK+Vcc96enR7jv5Qoz0EVqA8BVKwZ+vtfP4fSDf+sRIp28vw1ZvJ4YLw\n297ozqlmWdTXr8d1XJFMUArH+sVJVMRSaJY+xmWB36M0TecdEaHUVDkqIyhH+DEQ\n+D9Qs0ZCGhMWa/kmcCO5yBu3ozrsJxxMlyjsn4WnWI9pkUYTxymvPHWp/CxYh5ek\noWGXffUH9o0Pfl9VlfW00PaSR8NuxKwm/1x88LMxVazBeID4Jz8XUjUgaLrHWzL4\nXJr+wjoh5SuFA7D/h1P2BjkTorWzRqbdnakfjQIDAQABAoIBAGWSv273dpzj+cBG\ncet2rgvQVA8wA1pf0OLsbu1gDCfn16YOf73WwcetgSJm/RWESRA+G5vYr7Wve5q8\nYD+Vo/Qkk8vmf+p1Hj6jOMeCLg/AiYynrXvGIw7UAuSGTdtLvViTiVKLXK5C594u\noSqLFykmsAHjlmgadyoLzGyx3E75RumCDARWycfz3Hv5ymd4k9n2Zz9IzAtntuwd\nDWxewxeCks9M/khpkb6Z0yUfwIGXFiCGxCShNUXhalCSee9nVpcVgm5/Jkp72vNy\nVZJCi/ya4U9kuyafV1tLzLoyoZylY8SN+zbA7n8pKrehnxW4hTDuqFeMInZeRrOK\n+RG6ZTkCggCBALyYazcNKW8DayfsIFxRPNMzJycacqaWTfYAQ1l7ba6yrUTjZoPw\nlqIB7CQDB+GBNZK9rgBXkuXBu9S9XJNuMoi/OBHEusDc2ac/FHZfjwbD0dcVe1Zp\nVZuaeSuPQuK3HSe8Kv4on7QbW1TX1XhEr3jCsLb2KOPbbeE3V7Cx7jeDAoIAgQD1\nUOSaDt92IsyS0gnByFCFGDDmGHuv5oyBeYMa77ja1Ckrm7vzOeiEfivyrUtwNGjM\nRNb/NraJUd5DfJmRDaZ0aq4O4rBaErOWIBkmOs2LFkzilP91BCvAOUtc2oL1Ef4k\nxYlVkGAPMzWGcoqILzmbf0NIzixHZDHdXKb6kcWPrwKCAIBNuIJ2rXXlygLe8PBl\nGxV19B6ufrfA7zAxsOoQdk09MWU2foBA32U0XpZyQM1+oUDyuDh865oeFTjS8zaz\nizZIJIV2zRwpXtpTkitcnQTURN61RKUPd1lQRtiomuF1jQD23xTYqOUn1B5PWKMg\nbS3jFli9DbTMMiGWLrh0mN8TAQKCAIBii995f9YG6A3UQSoIPYcTIFesZ1NwoyX4\ncS7YqEpTJf1v9jy3haDBcMoIz9LJPVSIEnNnzLvhSBEIfUpXeetPQvevJSOA25hn\nC3fu4pplcEzsjLxebpGAw8Nhhqoq9tJoRS5ZQAlGseSjoOnDsWzr6WDHI4OoHjjl\n2u19JQf/IwKCAIACNKOESd3ZLqHisk1v9ztpuOwWNlkE3bAXkx8G86nSFPZI/DzU\nzkBJx2dvZYxHusIs0gLrHYP+aHoCq6RHaGxODTNHnWeNG3cNM5B3qVCcSVcvPGVd\nKwh+s73yZdZlXrowiQ9c65DKgBpI0t2elYVWF2a8KtTrUjfkDamg/D1DDw==\n-----END RSA PRIVATE KEY-----\n", "user_id": "2e1cd0bdc2954475adbaecbb58d47d4b", "name": "tempest-TestGettingAddress-855669485", "fingerprint": "de:68:4b:e9:6a:8f:75:78:33:5a:b8:da:8a:71:68:7d"}}
2015-12-04 20:38:37,262 27320 INFO     [tempest_lib.common.rest_client] Request (TestGettingAddress:setUp): 201 POST http://10.0.2.15:9696/v2.0/security-groups 0.321s
2015-12-04 20:38:37,262 27320 DEBUG    [tempest_lib.common.rest_client] Request - Headers: {'Content-Type': 'application/json', 'Accept': 'application/json', 'X-Auth-Token': '&lt;omitted&gt;'}
        Body: {"security_group": {"tenant_id": "b827c3e46001430dbbb9f1e11f4c2464", "description": "tempest-secgroup-smoke-521619432 description", "name": "tempest-secgroup-smoke-521619432"}}
    Response - Headers: {'status': '201', 'content-length': '886', 'connection': 'close', 'date': 'Fri, 04 Dec 2015 20:38:37 GMT', 'content-type': 'application/json; charset=UTF-8', 'x-openstack-request-id': 'req-3b52f8fb-ac15-4556-bbc4-5e78b3cd4543'}
        Body: {"security_group": {"tenant_id": "b827c3e46001430dbbb9f1e11f4c2464", "description": "tempest-secgroup-smoke-521619432 description", "id": "ed5280e6-9af4-4894-ace3-277ffd3d71bd", "security_group_rules": [{"remote_group_id": null, "direction": "egress", "remote_ip_prefix": null, "protocol": null, "ethertype": "IPv4", "tenant_id": "b827c3e46001430dbbb9f1e11f4c2464", "port_range_max": null, "port_range_min": null, "id": "3f70e8cf-e7e4-4ca1-960a-3695b6bc6c7f", "security_group_id": "ed5280e6-9af4-4894-ace3-277ffd3d71bd"}, {"remote_group_id": null, "direction": "egress", "remote_ip_prefix": null, "protocol": null, "ethertype": "IPv6", "tenant_id": "b827c3e46001430dbbb9f1e11f4c2464", "port_range_max": null, "port_range_min": null, "id": "906ca0a6-eb56-4ffc-b801-596b72152a1d", "security_group_id": "ed5280e6-9af4-4894-ace3-277ffd3d71bd"}], "name": "tempest-secgroup-smoke-521619432"}}
2015-12-04 20:38:37,352 27320 INFO     [tempest_lib.common.rest_client] Request (TestGettingAddress:setUp): 201 POST http://10.0.2.15:9696/v2.0/security-group-rules 0.089s
2015-12-04 20:38:37,353 27320 DEBUG    [tempest_lib.common.rest_client] Request - Headers: {'Content-Type': 'application/json', 'Accept': 'application/json', 'X-Auth-Token': '&lt;omitted&gt;'}
        Body: {"security_group_rule": {"direction": "ingress", "protocol": "tcp", "tenant_id": "b827c3e46001430dbbb9f1e11f4c2464", "port_range_max": 22, "security_group_id": "ed5280e6-9af4-4894-ace3-277ffd3d71bd", "port_range_min": 22}}
    Response - Headers: {'status': '201', 'content-length': '340', 'connection': 'close', 'date': 'Fri, 04 Dec 2015 20:38:37 GMT', 'content-type': 'application/json; charset=UTF-8', 'x-openstack-request-id': 'req-d394a6f1-fd32-409b-8115-93ba0a3c1b52'}
        Body: {"security_group_rule": {"remote_group_id": null, "direction": "ingress", "remote_ip_prefix": null, "protocol": "tcp", "ethertype": "IPv4", "tenant_id": "b827c3e46001430dbbb9f1e11f4c2464", "port_range_max": 22, "port_range_min": 22, "id": "3534eada-4dfa-4924-8a20-9e7e6476fd20", "security_group_id": "ed5280e6-9af4-4894-ace3-277ffd3d71bd"}}
2015-12-04 20:38:37,453 27320 INFO     [tempest_lib.common.rest_client] Request (TestGettingAddress:setUp): 201 POST http://10.0.2.15:9696/v2.0/security-group-rules 0.099s
2015-12-04 20:38:37,453 27320 DEBUG    [tempest_lib.common.rest_client] Request - Headers: {'Content-Type': 'application/json', 'Accept': 'application/json', 'X-Auth-Token': '&lt;omitted&gt;'}
        Body: {"security_group_rule": {"direction": "egress", "protocol": "tcp", "tenant_id": "b827c3e46001430dbbb9f1e11f4c2464", "port_range_max": 22, "security_group_id": "ed5280e6-9af4-4894-ace3-277ffd3d71bd", "port_range_min": 22}}
    Response - Headers: {'status': '201', 'content-length': '339', 'connection': 'close', 'date': 'Fri, 04 Dec 2015 20:38:37 GMT', 'content-type': 'application/json; charset=UTF-8', 'x-openstack-request-id': 'req-aa59685e-8962-4dd4-84e7-8a71cd81579b'}
        Body: {"security_group_rule": {"remote_group_id": null, "direction": "egress", "remote_ip_prefix": null, "protocol": "tcp", "ethertype": "IPv4", "tenant_id": "b827c3e46001430dbbb9f1e11f4c2464", "port_range_max": 22, "port_range_min": 22, "id": "bea40aff-5da1-4906-b25d-2c3f6071fced", "security_group_id": "ed5280e6-9af4-4894-ace3-277ffd3d71bd"}}
2015-12-04 20:38:37,562 27320 INFO     [tempest_lib.common.rest_client] Request (TestGettingAddress:setUp): 201 POST http://10.0.2.15:9696/v2.0/security-group-rules 0.108s
2015-12-04 20:38:37,563 27320 DEBUG    [tempest_lib.common.rest_client] Request - Headers: {'Content-Type': 'application/json', 'Accept': 'application/json', 'X-Auth-Token': '&lt;omitted&gt;'}
        Body: {"security_group_rule": {"tenant_id": "b827c3e46001430dbbb9f1e11f4c2464", "direction": "ingress", "protocol": "icmp", "security_group_id": "ed5280e6-9af4-4894-ace3-277ffd3d71bd"}}
    Response - Headers: {'status': '201', 'content-length': '345', 'connection': 'close', 'date': 'Fri, 04 Dec 2015 20:38:37 GMT', 'content-type': 'application/json; charset=UTF-8', 'x-openstack-request-id': 'req-193e6fab-0375-46ad-8631-ee06936336fe'}
        Body: {"security_group_rule": {"remote_group_id": null, "direction": "ingress", "remote_ip_prefix": null, "protocol": "icmp", "ethertype": "IPv4", "tenant_id": "b827c3e46001430dbbb9f1e11f4c2464", "port_range_max": null, "port_range_min": null, "id": "330eb6cb-c6c5-4ce4-a051-17f7d41e4e5f", "security_group_id": "ed5280e6-9af4-4894-ace3-277ffd3d71bd"}}
2015-12-04 20:38:37,669 27320 INFO     [tempest_lib.common.rest_client] Request (TestGettingAddress:setUp): 201 POST http://10.0.2.15:9696/v2.0/security-group-rules 0.105s
2015-12-04 20:38:37,670 27320 DEBUG    [tempest_lib.common.rest_client] Request - Headers: {'Content-Type': 'application/json', 'Accept': 'application/json', 'X-Auth-Token': '&lt;omitted&gt;'}
        Body: {"security_group_rule": {"tenant_id": "b827c3e46001430dbbb9f1e11f4c2464", "direction": "egress", "protocol": "icmp", "security_group_id": "ed5280e6-9af4-4894-ace3-277ffd3d71bd"}}
    Response - Headers: {'status': '201', 'content-length': '344', 'connection': 'close', 'date': 'Fri, 04 Dec 2015 20:38:37 GMT', 'content-type': 'application/json; charset=UTF-8', 'x-openstack-request-id': 'req-98cc7895-1dff-4f9d-adac-38ec48f48377'}
        Body: {"security_group_rule": {"remote_group_id": null, "direction": "egress", "remote_ip_prefix": null, "protocol": "icmp", "ethertype": "IPv4", "tenant_id": "b827c3e46001430dbbb9f1e11f4c2464", "port_range_max": null, "port_range_min": null, "id": "23d305fe-d92f-4314-9ed1-17f6b48164b1", "security_group_id": "ed5280e6-9af4-4894-ace3-277ffd3d71bd"}}
2015-12-04 20:38:37,910 27320 INFO     [tempest_lib.common.rest_client] Request (TestGettingAddress:setUp): 201 POST http://10.0.2.15:9696/v2.0/security-group-rules 0.239s
2015-12-04 20:38:37,911 27320 DEBUG    [tempest_lib.common.rest_client] Request - Headers: {'Content-Type': 'application/json', 'Accept': 'application/json', 'X-Auth-Token': '&lt;omitted&gt;'}
        Body: {"security_group_rule": {"tenant_id": "b827c3e46001430dbbb9f1e11f4c2464", "direction": "ingress", "security_group_id": "ed5280e6-9af4-4894-ace3-277ffd3d71bd", "protocol": "icmp", "ethertype": "IPv6"}}
    Response - Headers: {'status': '201', 'content-length': '345', 'connection': 'close', 'date': 'Fri, 04 Dec 2015 20:38:37 GMT', 'content-type': 'application/json; charset=UTF-8', 'x-openstack-request-id': 'req-f6805683-7b42-47b5-8405-0a34aa28ba38'}
        Body: {"security_group_rule": {"remote_group_id": null, "direction": "ingress", "remote_ip_prefix": null, "protocol": "icmp", "ethertype": "IPv6", "tenant_id": "b827c3e46001430dbbb9f1e11f4c2464", "port_range_max": null, "port_range_min": null, "id": "0d922a56-3660-4f46-80f0-9df6d9083533", "security_group_id": "ed5280e6-9af4-4894-ace3-277ffd3d71bd"}}
2015-12-04 20:38:38,023 27320 INFO     [tempest_lib.common.rest_client] Request (TestGettingAddress:setUp): 201 POST http://10.0.2.15:9696/v2.0/security-group-rules 0.111s
2015-12-04 20:38:38,024 27320 DEBUG    [tempest_lib.common.rest_client] Request - Headers: {'Content-Type': 'application/json', 'Accept': 'application/json', 'X-Auth-Token': '&lt;omitted&gt;'}
        Body: {"security_group_rule": {"tenant_id": "b827c3e46001430dbbb9f1e11f4c2464", "direction": "egress", "security_group_id": "ed5280e6-9af4-4894-ace3-277ffd3d71bd", "protocol": "icmp", "ethertype": "IPv6"}}
    Response - Headers: {'status': '201', 'content-length': '344', 'connection': 'close', 'date': 'Fri, 04 Dec 2015 20:38:38 GMT', 'content-type': 'application/json; charset=UTF-8', 'x-openstack-request-id': 'req-a90b0be8-ecd0-4a83-b06b-fa8b708f66e9'}
        Body: {"security_group_rule": {"remote_group_id": null, "direction": "egress", "remote_ip_prefix": null, "protocol": "icmp", "ethertype": "IPv6", "tenant_id": "b827c3e46001430dbbb9f1e11f4c2464", "port_range_max": null, "port_range_min": null, "id": "9956d764-659d-4875-992e-27ad04d1efe1", "security_group_id": "ed5280e6-9af4-4894-ace3-277ffd3d71bd"}}
2015-12-04 20:38:38,162 27320 INFO     [tempest_lib.common.rest_client] Request (TestGettingAddress:test_dhcp6_stateless_from_os): 201 POST http://10.0.2.15:9696/v2.0/networks 0.136s
2015-12-04 20:38:38,163 27320 DEBUG    [tempest_lib.common.rest_client] Request - Headers: {'Content-Type': 'application/json', 'Accept': 'application/json', 'X-Auth-Token': '&lt;omitted&gt;'}
        Body: {"network": {"tenant_id": "b827c3e46001430dbbb9f1e11f4c2464", "name": "tempest-network-smoke--1864752522"}}
    Response - Headers: {'status': '201', 'content-length': '296', 'connection': 'close', 'date': 'Fri, 04 Dec 2015 20:38:38 GMT', 'content-type': 'application/json; charset=UTF-8', 'x-openstack-request-id': 'req-8a138a17-6514-4b68-95f7-a5a353c1d8bf'}
        Body: {"network": {"status": "ACTIVE", "subnets": [], "name": "tempest-network-smoke--1864752522", "admin_state_up": true, "tenant_id": "b827c3e46001430dbbb9f1e11f4c2464", "mtu": 0, "router:external": false, "shared": false, "port_security_enabled": true, "id": "dd8b23aa-8f77-43cb-8afc-2e81a8f7e281"}}
2015-12-04 20:38:38,326 27320 INFO     [tempest_lib.common.rest_client] Request (TestGettingAddress:test_dhcp6_stateless_from_os): 200 GET http://10.0.2.15:9696/v2.0/subnets?tenant_id=b827c3e46001430dbbb9f1e11f4c2464&amp;cidr=10.100.0.0%2F28 0.162s
2015-12-04 20:38:38,327 27320 DEBUG    [tempest_lib.common.rest_client] Request - Headers: {'Content-Type': 'application/json', 'Accept': 'application/json', 'X-Auth-Token': '&lt;omitted&gt;'}
        Body: None
    Response - Headers: {'status': '200', 'content-length': '15', 'content-location': 'http://10.0.2.15:9696/v2.0/subnets?tenant_id=b827c3e46001430dbbb9f1e11f4c2464&amp;cidr=10.100.0.0%2F28', 'connection': 'close', 'date': 'Fri, 04 Dec 2015 20:38:38 GMT', 'content-type': 'application/json; charset=UTF-8', 'x-openstack-request-id': 'req-de7da0ef-fb80-414e-9db2-b42d27d84f42'}
        Body: {"subnets": []}
2015-12-04 20:38:38,606 27320 INFO     [tempest_lib.common.rest_client] Request (TestGettingAddress:test_dhcp6_stateless_from_os): 201 POST http://10.0.2.15:9696/v2.0/subnets 0.277s
2015-12-04 20:38:38,607 27320 DEBUG    [tempest_lib.common.rest_client] Request - Headers: {'Content-Type': 'application/json', 'Accept': 'application/json', 'X-Auth-Token': '&lt;omitted&gt;'}
        Body: {"subnet": {"ip_version": 4, "tenant_id": "b827c3e46001430dbbb9f1e11f4c2464", "cidr": "10.100.0.0/28", "network_id": "dd8b23aa-8f77-43cb-8afc-2e81a8f7e281", "name": "tempest-sub4-2084614506"}}
    Response - Headers: {'status': '201', 'content-length': '470', 'connection': 'close', 'date': 'Fri, 04 Dec 2015 20:38:38 GMT', 'content-type': 'application/json; charset=UTF-8', 'x-openstack-request-id': 'req-8863636d-ed8a-4c3c-949e-1914b09b8d1c'}
        Body: {"subnet": {"name": "tempest-sub4-2084614506", "enable_dhcp": true, "network_id": "dd8b23aa-8f77-43cb-8afc-2e81a8f7e281", "tenant_id": "b827c3e46001430dbbb9f1e11f4c2464", "dns_nameservers": [], "gateway_ip": "10.100.0.1", "ipv6_ra_mode": null, "allocation_pools": [{"start": "10.100.0.2", "end": "10.100.0.14"}], "host_routes": [], "ip_version": 4, "ipv6_address_mode": null, "cidr": "10.100.0.0/28", "id": "bd92a3fb-91f2-459d-872a-a414eee134f9", "subnetpool_id": null}}
2015-12-04 20:38:38,672 27320 INFO     [tempest_lib.common.rest_client] Request (TestGettingAddress:test_dhcp6_stateless_from_os): 201 POST http://10.0.2.15:9696/v2.0/routers 0.064s
2015-12-04 20:38:38,673 27320 DEBUG    [tempest_lib.common.rest_client] Request - Headers: {'Content-Type': 'application/json', 'Accept': 'application/json', 'X-Auth-Token': '&lt;omitted&gt;'}
        Body: {"router": {"tenant_id": "b827c3e46001430dbbb9f1e11f4c2464", "name": "tempest-router-smoke-1806961801", "admin_state_up": true}}
    Response - Headers: {'status': '201', 'content-length': '239', 'connection': 'close', 'date': 'Fri, 04 Dec 2015 20:38:38 GMT', 'content-type': 'application/json; charset=UTF-8', 'x-openstack-request-id': 'req-717b9892-a73d-4edb-96b4-9e334455351c'}
        Body: {"router": {"status": "ACTIVE", "external_gateway_info": null, "name": "tempest-router-smoke-1806961801", "admin_state_up": true, "tenant_id": "b827c3e46001430dbbb9f1e11f4c2464", "routes": [], "id": "6e359fe2-9615-4b1e-b893-62509afd4eb4"}}
2015-12-04 20:38:38,715 27320 INFO     [tempest_lib.common.rest_client] Request (TestGettingAddress:test_dhcp6_stateless_from_os): 200 GET http://10.0.2.15:9696/v2.0/routers/6e359fe2-9615-4b1e-b893-62509afd4eb4 0.041s
2015-12-04 20:38:38,715 27320 DEBUG    [tempest_lib.common.rest_client] Request - Headers: {'Content-Type': 'application/json', 'Accept': 'application/json', 'X-Auth-Token': '&lt;omitted&gt;'}
        Body: None
    Response - Headers: {'status': '200', 'content-length': '239', 'content-location': 'http://10.0.2.15:9696/v2.0/routers/6e359fe2-9615-4b1e-b893-62509afd4eb4', 'connection': 'close', 'date': 'Fri, 04 Dec 2015 20:38:38 GMT', 'content-type': 'application/json; charset=UTF-8', 'x-openstack-request-id': 'req-5ff71302-42ac-4510-a469-7597e3e78492'}
        Body: {"router": {"status": "ACTIVE", "external_gateway_info": null, "name": "tempest-router-smoke-1806961801", "admin_state_up": true, "tenant_id": "b827c3e46001430dbbb9f1e11f4c2464", "routes": [], "id": "6e359fe2-9615-4b1e-b893-62509afd4eb4"}}
2015-12-04 20:38:39,317 27320 INFO     [tempest_lib.common.rest_client] Request (TestGettingAddress:test_dhcp6_stateless_from_os): 200 PUT http://10.0.2.15:9696/v2.0/routers/6e359fe2-9615-4b1e-b893-62509afd4eb4 0.601s
2015-12-04 20:38:39,318 27320 DEBUG    [tempest_lib.common.rest_client] Request - Headers: {'Content-Type': 'application/json', 'Accept': 'application/json', 'X-Auth-Token': '&lt;omitted&gt;'}
        Body: {"router": {"external_gateway_info": {"network_id": "520158cb-26b7-4998-b10c-37ddedea45ce"}, "name": "tempest-router-smoke-1806961801", "admin_state_up": true}}
    Response - Headers: {'status': '200', 'content-length': '501', 'connection': 'close', 'date': 'Fri, 04 Dec 2015 20:38:39 GMT', 'content-type': 'application/json; charset=UTF-8', 'x-openstack-request-id': 'req-c87420b2-dd1b-40f1-a61a-deb319dcbde2'}
        Body: {"router": {"status": "ACTIVE", "external_gateway_info": {"network_id": "520158cb-26b7-4998-b10c-37ddedea45ce", "enable_snat": true, "external_fixed_ips": [{"subnet_id": "d1321e31-7d05-4951-974b-00e4885f537b", "ip_address": "172.24.4.3"}, {"subnet_id": "2c677a46-8ef4-4788-839c-fe545ee200d3", "ip_address": "2001:db8::4"}]}, "name": "tempest-router-smoke-1806961801", "admin_state_up": true, "tenant_id": "b827c3e46001430dbbb9f1e11f4c2464", "routes": [], "id": "6e359fe2-9615-4b1e-b893-62509afd4eb4"}}
2015-12-04 20:38:39,877 27320 INFO     [tempest_lib.common.rest_client] Request (TestGettingAddress:test_dhcp6_stateless_from_os): 200 PUT http://10.0.2.15:9696/v2.0/routers/6e359fe2-9615-4b1e-b893-62509afd4eb4/add_router_interface 0.558s
2015-12-04 20:38:39,877 27320 DEBUG    [tempest_lib.common.rest_client] Request - Headers: {'Content-Type': 'application/json', 'Accept': 'application/json', 'X-Auth-Token': '&lt;omitted&gt;'}
        Body: {"subnet_id": "bd92a3fb-91f2-459d-872a-a414eee134f9"}
    Response - Headers: {'status': '200', 'content-length': '255', 'connection': 'close', 'date': 'Fri, 04 Dec 2015 20:38:39 GMT', 'content-type': 'application/json; charset=UTF-8', 'x-openstack-request-id': 'req-8e2020e4-aa60-4a55-a21d-c82de5fa8c35'}
        Body: {"subnet_id": "bd92a3fb-91f2-459d-872a-a414eee134f9", "tenant_id": "b827c3e46001430dbbb9f1e11f4c2464", "subnet_ids": ["bd92a3fb-91f2-459d-872a-a414eee134f9"], "port_id": "9ce99231-ae04-4d4e-b1b5-5f49ea963911", "id": "6e359fe2-9615-4b1e-b893-62509afd4eb4"}
2015-12-04 20:38:40,053 27320 INFO     [tempest_lib.common.rest_client] Request (TestGettingAddress:test_dhcp6_stateless_from_os): 200 GET http://10.0.2.15:9696/v2.0/subnets?tenant_id=b827c3e46001430dbbb9f1e11f4c2464&amp;cidr=2003%3A%3A%2F64 0.175s
2015-12-04 20:38:40,054 27320 DEBUG    [tempest_lib.common.rest_client] Request - Headers: {'Content-Type': 'application/json', 'Accept': 'application/json', 'X-Auth-Token': '&lt;omitted&gt;'}
        Body: None
    Response - Headers: {'status': '200', 'content-length': '15', 'content-location': 'http://10.0.2.15:9696/v2.0/subnets?tenant_id=b827c3e46001430dbbb9f1e11f4c2464&amp;cidr=2003%3A%3A%2F64', 'connection': 'close', 'date': 'Fri, 04 Dec 2015 20:38:40 GMT', 'content-type': 'application/json; charset=UTF-8', 'x-openstack-request-id': 'req-d6e1bfe9-ee5a-421c-a08f-127bcb25736c'}
        Body: {"subnets": []}
2015-12-04 20:38:40,344 27320 INFO     [tempest_lib.common.rest_client] Request (TestGettingAddress:test_dhcp6_stateless_from_os): 201 POST http://10.0.2.15:9696/v2.0/subnets 0.288s
2015-12-04 20:38:40,344 27320 DEBUG    [tempest_lib.common.rest_client] Request - Headers: {'Content-Type': 'application/json', 'Accept': 'application/json', 'X-Auth-Token': '&lt;omitted&gt;'}
        Body: {"subnet": {"name": "tempest-sub6-1955835572", "network_id": "dd8b23aa-8f77-43cb-8afc-2e81a8f7e281", "tenant_id": "b827c3e46001430dbbb9f1e11f4c2464", "ipv6_ra_mode": "dhcpv6-stateless", "ip_version": 6, "ipv6_address_mode": "dhcpv6-stateless", "cidr": "2003::/64"}}
    Response - Headers: {'status': '201', 'content-length': '502', 'connection': 'close', 'date': 'Fri, 04 Dec 2015 20:38:40 GMT', 'content-type': 'application/json; charset=UTF-8', 'x-openstack-request-id': 'req-cf95c5be-9890-4bca-9140-25e1e984ee42'}
        Body: {"subnet": {"name": "tempest-sub6-1955835572", "enable_dhcp": true, "network_id": "dd8b23aa-8f77-43cb-8afc-2e81a8f7e281", "tenant_id": "b827c3e46001430dbbb9f1e11f4c2464", "dns_nameservers": [], "gateway_ip": "2003::1", "ipv6_ra_mode": "dhcpv6-stateless", "allocation_pools": [{"start": "2003::2", "end": "2003::ffff:ffff:ffff:ffff"}], "host_routes": [], "ip_version": 6, "ipv6_address_mode": "dhcpv6-stateless", "cidr": "2003::/64", "id": "cabf9e5b-2428-42fa-a05f-fb3e9a3638e5", "subnetpool_id": null}}
2015-12-04 20:38:40,977 27320 INFO     [tempest_lib.common.rest_client] Request (TestGettingAddress:test_dhcp6_stateless_from_os): 200 PUT http://10.0.2.15:9696/v2.0/routers/6e359fe2-9615-4b1e-b893-62509afd4eb4/add_router_interface 0.631s
2015-12-04 20:38:40,977 27320 DEBUG    [tempest_lib.common.rest_client] Request - Headers: {'Content-Type': 'application/json', 'Accept': 'application/json', 'X-Auth-Token': '&lt;omitted&gt;'}
        Body: {"subnet_id": "cabf9e5b-2428-42fa-a05f-fb3e9a3638e5"}
    Response - Headers: {'status': '200', 'content-length': '255', 'connection': 'close', 'date': 'Fri, 04 Dec 2015 20:38:40 GMT', 'content-type': 'application/json; charset=UTF-8', 'x-openstack-request-id': 'req-b65c0865-5019-4041-8174-bfd10ec4ae56'}
        Body: {"subnet_id": "cabf9e5b-2428-42fa-a05f-fb3e9a3638e5", "tenant_id": "b827c3e46001430dbbb9f1e11f4c2464", "subnet_ids": ["cabf9e5b-2428-42fa-a05f-fb3e9a3638e5"], "port_id": "3a574394-b76a-4db4-b6d1-a99ee585b02f", "id": "6e359fe2-9615-4b1e-b893-62509afd4eb4"}
2015-12-04 20:38:41,067 27320 INFO     [tempest_lib.common.rest_client] Request (TestGettingAddress:test_dhcp6_stateless_from_os): 200 POST http://10.0.2.15:5000/v2.0/tokens
2015-12-04 20:38:41,068 27320 DEBUG    [tempest_lib.common.rest_client] Request - Headers: {'Content-Type': 'application/json', 'Accept': 'application/json'}
        Body: &lt;omitted&gt;
    Response - Headers: {'status': '200', 'content-length': '2522', 'vary': 'X-Auth-Token', 'server': 'Apache/2.4.7 (Ubuntu)', 'connection': 'close', 'date': 'Fri, 04 Dec 2015 20:38:40 GMT', 'content-type': 'application/json', 'x-openstack-request-id': 'req-673b9801-b3cb-4ed7-8f1d-5822832ae14c'}
        Body: {"access": {"token": {"issued_at": "2015-12-04T20:38:41.052746", "expires": "2015-12-04T21:38:41Z", "id": "a1ab0afa2ac0427b9a2674cfa2fdb57d", "tenant": {"description": "tempest-TestGettingAddress-64130228-desc", "enabled": true, "id": "b827c3e46001430dbbb9f1e11f4c2464", "name": "tempest-TestGettingAddress-64130228"}, "audit_ids": ["3kwEggRjT8Gn8W7DW92gtQ"]}, "serviceCatalog": [{"endpoints": [{"adminURL": "http://10.0.2.15:8774/v2.1/b827c3e46001430dbbb9f1e11f4c2464", "region": "RegionOne", "internalURL": "http://10.0.2.15:8774/v2.1/b827c3e46001430dbbb9f1e11f4c2464", "id": "62b082228e5b4a9cade73646e63a42c6", "publicURL": "http://10.0.2.15:8774/v2.1/b827c3e46001430dbbb9f1e11f4c2464"}], "endpoints_links": [], "type": "compute", "name": "nova"}, {"endpoints": [{"adminURL": "http://10.0.2.15:9696/", "region": "RegionOne", "internalURL": "http://10.0.2.15:9696/", "id": "0c75804230d04bf4b466e9826347b971", "publicURL": "http://10.0.2.15:9696/"}], "endpoints_links": [], "type": "network", "name": "neutron"}, {"endpoints": [{"adminURL": "http://10.0.2.15:9292", "region": "RegionOne", "internalURL": "http://10.0.2.15:9292", "id": "2deffa588fc04aa4a3976dbd55ac173e", "publicURL": "http://10.0.2.15:9292"}], "endpoints_links": [], "type": "image", "name": "glance"}, {"endpoints": [{"adminURL": "http://10.0.2.15:8774/v2/b827c3e46001430dbbb9f1e11f4c2464", "region": "RegionOne", "internalURL": "http://10.0.2.15:8774/v2/b827c3e46001430dbbb9f1e11f4c2464", "id": "1ed5ac560f1941eaa3aa96b67cbf2a5e", "publicURL": "http://10.0.2.15:8774/v2/b827c3e46001430dbbb9f1e11f4c2464"}], "endpoints_links": [], "type": "compute_legacy", "name": "nova_legacy"}, {"endpoints": [{"adminURL": "http://10.0.2.15:8773/", "region": "RegionOne", "internalURL": "http://10.0.2.15:8773/", "id": "0942ac4bf0e840488d77c8e6f11e29ca", "publicURL": "http://10.0.2.15:8773/"}], "endpoints_links": [], "type": "ec2", "name": "ec2"}, {"endpoints": [{"adminURL": "http://10.0.2.15:35357/v2.0", "region": "RegionOne", "internalURL": "http://10.0.2.15:5000/v2.0", "id": "23417ae651f1435694979f329f812494", "publicURL": "http://10.0.2.15:5000/v2.0"}], "endpoints_links": [], "type": "identity", "name": "keystone"}], "user": {"username": "tempest-TestGettingAddress-1034371754", "roles_links": [], "id": "2e1cd0bdc2954475adbaecbb58d47d4b", "roles": [{"name": "_member_"}, {"name": "Member"}], "name": "tempest-TestGettingAddress-1034371754"}, "metadata": {"is_admin": 0, "roles": ["9fe2ff9ee4384b1894a90878d3e92bab", "f5adc9b8f7c844a997a881a52bc501ec"]}}}
2015-12-04 20:38:41,074 27320 DEBUG    [tempest.common.fixed_network] (TestGettingAddress:test_dhcp6_stateless_from_os) No valid network provided or created, defaulting to fixed_network_name
2015-12-04 20:38:41,410 27320 INFO     [tempest_lib.common.rest_client] Request (TestGettingAddress:test_dhcp6_stateless_from_os): 200 GET http://10.0.2.15:8774/v2.1/b827c3e46001430dbbb9f1e11f4c2464/os-networks 0.335s
2015-12-04 20:38:41,411 27320 DEBUG    [tempest_lib.common.rest_client] Request - Headers: {'Content-Type': 'application/json', 'Accept': 'application/json', 'X-Auth-Token': '&lt;omitted&gt;'}
        Body: None
    Response - Headers: {'status': '200', 'content-length': '479', 'content-location': 'http://10.0.2.15:8774/v2.1/b827c3e46001430dbbb9f1e11f4c2464/os-networks', 'x-compute-request-id': 'req-26a90316-31f8-4ed1-a976-3a7180577df3', 'vary': 'X-OpenStack-Nova-API-Version', 'connection': 'close', 'x-openstack-nova-api-version': '2.1', 'date': 'Fri, 04 Dec 2015 20:38:41 GMT', 'content-type': 'application/json'}
        Body: {"networks": [{"cidr_v6": null, "dns2": null, "dns1": null, "gateway": null, "broadcast": null, "netmask": null, "gateway_v6": null, "cidr": null, "label": "public", "id": "520158cb-26b7-4998-b10c-37ddedea45ce", "netmask_v6": null}, {"cidr_v6": null, "dns2": null, "dns1": null, "gateway": null, "broadcast": null, "netmask": null, "gateway_v6": null, "cidr": null, "label": "tempest-network-smoke--1864752522", "id": "dd8b23aa-8f77-43cb-8afc-2e81a8f7e281", "netmask_v6": null}]}
2015-12-04 20:38:41,411 27320 WARNING  [tempest.common.fixed_network] (TestGettingAddress:test_dhcp6_stateless_from_os) Network with name: private not found
2015-12-04 20:38:41,411 27320 INFO     [tempest.common.fixed_network] (TestGettingAddress:test_dhcp6_stateless_from_os) Found network {} available for tenant
2015-12-04 20:38:42,398 27320 INFO     [tempest_lib.common.rest_client] Request (TestGettingAddress:test_dhcp6_stateless_from_os): 202 POST http://10.0.2.15:8774/v2.1/b827c3e46001430dbbb9f1e11f4c2464/servers 0.985s
2015-12-04 20:38:42,398 27320 DEBUG    [tempest_lib.common.rest_client] Request - Headers: {'Content-Type': 'application/json', 'Accept': 'application/json', 'X-Auth-Token': '&lt;omitted&gt;'}
        Body: {"server": {"name": "tempest.common.compute-instance-2019129308", "imageRef": "9d4948d3-170f-4ecd-8aeb-84a3279bad87", "key_name": "tempest-TestGettingAddress-855669485", "flavorRef": "42", "networks": [{"uuid": "dd8b23aa-8f77-43cb-8afc-2e81a8f7e281"}], "security_groups": [{"name": "tempest-secgroup-smoke-521619432"}]}}
    Response - Headers: {'status': '202', 'content-length': '461', 'x-compute-request-id': 'req-407ab9e5-2526-4fb7-a28b-962c7075bea5', 'vary': 'X-OpenStack-Nova-API-Version', 'connection': 'close', 'location': 'http://10.0.2.15:8774/v2.1/b827c3e46001430dbbb9f1e11f4c2464/servers/b76a17e3-b143-43e1-9efa-7a4cff91d29c', 'x-openstack-nova-api-version': '2.1', 'date': 'Fri, 04 Dec 2015 20:38:42 GMT', 'content-type': 'application/json'}
        Body: {"server": {"security_groups": [{"name": "tempest-secgroup-smoke-521619432"}], "OS-DCF:diskConfig": "MANUAL", "id": "b76a17e3-b143-43e1-9efa-7a4cff91d29c", "links": [{"href": "http://10.0.2.15:8774/v2.1/b827c3e46001430dbbb9f1e11f4c2464/servers/b76a17e3-b143-43e1-9efa-7a4cff91d29c", "rel": "self"}, {"href": "http://10.0.2.15:8774/b827c3e46001430dbbb9f1e11f4c2464/servers/b76a17e3-b143-43e1-9efa-7a4cff91d29c", "rel": "bookmark"}], "adminPass": "T2DabLH7asC5"}}
2015-12-04 20:38:42,660 27320 INFO     [tempest_lib.common.rest_client] Request (TestGettingAddress:test_dhcp6_stateless_from_os): 200 GET http://10.0.2.15:8774/v2.1/b827c3e46001430dbbb9f1e11f4c2464/servers/b76a17e3-b143-43e1-9efa-7a4cff91d29c 0.259s
2015-12-04 20:38:42,661 27320 DEBUG    [tempest_lib.common.rest_client] Request - Headers: {'Content-Type': 'application/json', 'Accept': 'application/json', 'X-Auth-Token': '&lt;omitted&gt;'}
        Body: None
    Response - Headers: {'status': '200', 'content-length': '1354', 'content-location': 'http://10.0.2.15:8774/v2.1/b827c3e46001430dbbb9f1e11f4c2464/servers/b76a17e3-b143-43e1-9efa-7a4cff91d29c', 'x-compute-request-id': 'req-c8890aef-6d4f-4547-b575-a2fb704b8c02', 'vary': 'X-OpenStack-Nova-API-Version', 'connection': 'close', 'x-openstack-nova-api-version': '2.1', 'date': 'Fri, 04 Dec 2015 20:38:42 GMT', 'content-type': 'application/json'}
        Body: {"server": {"status": "BUILD", "updated": "2015-12-04T20:38:42Z", "hostId": "", "addresses": {}, "links": [{"href": "http://10.0.2.15:8774/v2.1/b827c3e46001430dbbb9f1e11f4c2464/servers/b76a17e3-b143-43e1-9efa-7a4cff91d29c", "rel": "self"}, {"href": "http://10.0.2.15:8774/b827c3e46001430dbbb9f1e11f4c2464/servers/b76a17e3-b143-43e1-9efa-7a4cff91d29c", "rel": "bookmark"}], "key_name": "tempest-TestGettingAddress-855669485", "image": {"id": "9d4948d3-170f-4ecd-8aeb-84a3279bad87", "links": [{"href": "http://10.0.2.15:8774/b827c3e46001430dbbb9f1e11f4c2464/images/9d4948d3-170f-4ecd-8aeb-84a3279bad87", "rel": "bookmark"}]}, "OS-EXT-STS:task_state": "scheduling", "OS-EXT-STS:vm_state": "building", "OS-SRV-USG:launched_at": null, "flavor": {"id": "42", "links": [{"href": "http://10.0.2.15:8774/b827c3e46001430dbbb9f1e11f4c2464/flavors/42", "rel": "bookmark"}]}, "id": "b76a17e3-b143-43e1-9efa-7a4cff91d29c", "OS-SRV-USG:terminated_at": null, "OS-EXT-AZ:availability_zone": "", "user_id": "2e1cd0bdc2954475adbaecbb58d47d4b", "name": "tempest.common.compute-instance-2019129308", "created": "2015-12-04T20:38:42Z", "tenant_id": "b827c3e46001430dbbb9f1e11f4c2464", "OS-DCF:diskConfig": "MANUAL", "os-extended-volumes:volumes_attached": [], "accessIPv4": "", "accessIPv6": "", "progress": 0, "OS-EXT-STS:power_state": 0, "config_drive": "", "metadata": {}}}
2015-12-04 20:38:44,034 27320 INFO     [tempest_lib.common.rest_client] Request (TestGettingAddress:test_dhcp6_stateless_from_os): 200 GET http://10.0.2.15:8774/v2.1/b827c3e46001430dbbb9f1e11f4c2464/servers/b76a17e3-b143-43e1-9efa-7a4cff91d29c 0.360s
2015-12-04 20:38:44,035 27320 DEBUG    [tempest_lib.common.rest_client] Request - Headers: {'Content-Type': 'application/json', 'Accept': 'application/json', 'X-Auth-Token': '&lt;omitted&gt;'}
        Body: None
    Response - Headers: {'status': '200', 'content-length': '1479', 'content-location': 'http://10.0.2.15:8774/v2.1/b827c3e46001430dbbb9f1e11f4c2464/servers/b76a17e3-b143-43e1-9efa-7a4cff91d29c', 'x-compute-request-id': 'req-4d3071b0-4e18-4fac-8658-0e12a85deb44', 'vary': 'X-OpenStack-Nova-API-Version', 'connection': 'close', 'x-openstack-nova-api-version': '2.1', 'date': 'Fri, 04 Dec 2015 20:38:44 GMT', 'content-type': 'application/json'}
        Body: {"server": {"status": "BUILD", "updated": "2015-12-04T20:38:43Z", "hostId": "14f5122c059344076d82bd175dc41acd3d22b8fab59db7999a209feb", "addresses": {}, "links": [{"href": "http://10.0.2.15:8774/v2.1/b827c3e46001430dbbb9f1e11f4c2464/servers/b76a17e3-b143-43e1-9efa-7a4cff91d29c", "rel": "self"}, {"href": "http://10.0.2.15:8774/b827c3e46001430dbbb9f1e11f4c2464/servers/b76a17e3-b143-43e1-9efa-7a4cff91d29c", "rel": "bookmark"}], "key_name": "tempest-TestGettingAddress-855669485", "image": {"id": "9d4948d3-170f-4ecd-8aeb-84a3279bad87", "links": [{"href": "http://10.0.2.15:8774/b827c3e46001430dbbb9f1e11f4c2464/images/9d4948d3-170f-4ecd-8aeb-84a3279bad87", "rel": "bookmark"}]}, "OS-EXT-STS:task_state": "spawning", "OS-EXT-STS:vm_state": "building", "OS-SRV-USG:launched_at": null, "flavor": {"id": "42", "links": [{"href": "http://10.0.2.15:8774/b827c3e46001430dbbb9f1e11f4c2464/flavors/42", "rel": "bookmark"}]}, "id": "b76a17e3-b143-43e1-9efa-7a4cff91d29c", "security_groups": [{"name": "tempest-secgroup-smoke-521619432"}], "OS-SRV-USG:terminated_at": null, "OS-EXT-AZ:availability_zone": "nova", "user_id": "2e1cd0bdc2954475adbaecbb58d47d4b", "name": "tempest.common.compute-instance-2019129308", "created": "2015-12-04T20:38:42Z", "tenant_id": "b827c3e46001430dbbb9f1e11f4c2464", "OS-DCF:diskConfig": "MANUAL", "os-extended-volumes:volumes_attached": [], "accessIPv4": "", "accessIPv6": "", "progress": 0, "OS-EXT-STS:power_state": 0, "config_drive": "", "metadata": {}}}
2015-12-04 20:38:44,051 27320 INFO     [tempest.common.waiters] State transition "BUILD/scheduling" ==&gt; "BUILD/spawning" after 2 second wait
2015-12-04 20:38:45,280 27320 INFO     [tempest_lib.common.rest_client] Request (TestGettingAddress:test_dhcp6_stateless_from_os): 200 GET http://10.0.2.15:8774/v2.1/b827c3e46001430dbbb9f1e11f4c2464/servers/b76a17e3-b143-43e1-9efa-7a4cff91d29c 0.227s
2015-12-04 20:38:45,280 27320 DEBUG    [tempest_lib.common.rest_client] Request - Headers: {'Content-Type': 'application/json', 'Accept': 'application/json', 'X-Auth-Token': '&lt;omitted&gt;'}
        Body: None
    Response - Headers: {'status': '200', 'content-length': '1479', 'content-location': 'http://10.0.2.15:8774/v2.1/b827c3e46001430dbbb9f1e11f4c2464/servers/b76a17e3-b143-43e1-9efa-7a4cff91d29c', 'x-compute-request-id': 'req-61997ad8-0d26-4ee7-ad13-e2c1ee8e88af', 'vary': 'X-OpenStack-Nova-API-Version', 'connection': 'close', 'x-openstack-nova-api-version': '2.1', 'date': 'Fri, 04 Dec 2015 20:38:45 GMT', 'content-type': 'application/json'}
        Body: {"server": {"status": "BUILD", "updated": "2015-12-04T20:38:43Z", "hostId": "14f5122c059344076d82bd175dc41acd3d22b8fab59db7999a209feb", "addresses": {}, "links": [{"href": "http://10.0.2.15:8774/v2.1/b827c3e46001430dbbb9f1e11f4c2464/servers/b76a17e3-b143-43e1-9efa-7a4cff91d29c", "rel": "self"}, {"href": "http://10.0.2.15:8774/b827c3e46001430dbbb9f1e11f4c2464/servers/b76a17e3-b143-43e1-9efa-7a4cff91d29c", "rel": "bookmark"}], "key_name": "tempest-TestGettingAddress-855669485", "image": {"id": "9d4948d3-170f-4ecd-8aeb-84a3279bad87", "links": [{"href": "http://10.0.2.15:8774/b827c3e46001430dbbb9f1e11f4c2464/images/9d4948d3-170f-4ecd-8aeb-84a3279bad87", "rel": "bookmark"}]}, "OS-EXT-STS:task_state": "spawning", "OS-EXT-STS:vm_state": "building", "OS-SRV-USG:launched_at": null, "flavor": {"id": "42", "links": [{"href": "http://10.0.2.15:8774/b827c3e46001430dbbb9f1e11f4c2464/flavors/42", "rel": "bookmark"}]}, "id": "b76a17e3-b143-43e1-9efa-7a4cff91d29c", "security_groups": [{"name": "tempest-secgroup-smoke-521619432"}], "OS-SRV-USG:terminated_at": null, "OS-EXT-AZ:availability_zone": "nova", "user_id": "2e1cd0bdc2954475adbaecbb58d47d4b", "name": "tempest.common.compute-instance-2019129308", "created": "2015-12-04T20:38:42Z", "tenant_id": "b827c3e46001430dbbb9f1e11f4c2464", "OS-DCF:diskConfig": "MANUAL", "os-extended-volumes:volumes_attached": [], "accessIPv4": "", "accessIPv6": "", "progress": 0, "OS-EXT-STS:power_state": 0, "config_drive": "", "metadata": {}}}
2015-12-04 20:38:46,582 27320 INFO     [tempest_lib.common.rest_client] Request (TestGettingAddress:test_dhcp6_stateless_from_os): 200 GET http://10.0.2.15:8774/v2.1/b827c3e46001430dbbb9f1e11f4c2464/servers/b76a17e3-b143-43e1-9efa-7a4cff91d29c 0.285s
2015-12-04 20:38:46,583 27320 DEBUG    [tempest_lib.common.rest_client] Request - Headers: {'Content-Type': 'application/json', 'Accept': 'application/json', 'X-Auth-Token': '&lt;omitted&gt;'}
        Body: None
    Response - Headers: {'status': '200', 'content-length': '1479', 'content-location': 'http://10.0.2.15:8774/v2.1/b827c3e46001430dbbb9f1e11f4c2464/servers/b76a17e3-b143-43e1-9efa-7a4cff91d29c', 'x-compute-request-id': 'req-980b8b6f-dec6-44d2-9117-f12b8596cdf5', 'vary': 'X-OpenStack-Nova-API-Version', 'connection': 'close', 'x-openstack-nova-api-version': '2.1', 'date': 'Fri, 04 Dec 2015 20:38:46 GMT', 'content-type': 'application/json'}
        Body: {"server": {"status": "BUILD", "updated": "2015-12-04T20:38:43Z", "hostId": "14f5122c059344076d82bd175dc41acd3d22b8fab59db7999a209feb", "addresses": {}, "links": [{"href": "http://10.0.2.15:8774/v2.1/b827c3e46001430dbbb9f1e11f4c2464/servers/b76a17e3-b143-43e1-9efa-7a4cff91d29c", "rel": "self"}, {"href": "http://10.0.2.15:8774/b827c3e46001430dbbb9f1e11f4c2464/servers/b76a17e3-b143-43e1-9efa-7a4cff91d29c", "rel": "bookmark"}], "key_name": "tempest-TestGettingAddress-855669485", "image": {"id": "9d4948d3-170f-4ecd-8aeb-84a3279bad87", "links": [{"href": "http://10.0.2.15:8774/b827c3e46001430dbbb9f1e11f4c2464/images/9d4948d3-170f-4ecd-8aeb-84a3279bad87", "rel": "bookmark"}]}, "OS-EXT-STS:task_state": "spawning", "OS-EXT-STS:vm_state": "building", "OS-SRV-USG:launched_at": null, "flavor": {"id": "42", "links": [{"href": "http://10.0.2.15:8774/b827c3e46001430dbbb9f1e11f4c2464/flavors/42", "rel": "bookmark"}]}, "id": "b76a17e3-b143-43e1-9efa-7a4cff91d29c", "security_groups": [{"name": "tempest-secgroup-smoke-521619432"}], "OS-SRV-USG:terminated_at": null, "OS-EXT-AZ:availability_zone": "nova", "user_id": "2e1cd0bdc2954475adbaecbb58d47d4b", "name": "tempest.common.compute-instance-2019129308", "created": "2015-12-04T20:38:42Z", "tenant_id": "b827c3e46001430dbbb9f1e11f4c2464", "OS-DCF:diskConfig": "MANUAL", "os-extended-volumes:volumes_attached": [], "accessIPv4": "", "accessIPv6": "", "progress": 0, "OS-EXT-STS:power_state": 0, "config_drive": "", "metadata": {}}}
2015-12-04 20:38:47,769 27320 INFO     [tempest_lib.common.rest_client] Request (TestGettingAddress:test_dhcp6_stateless_from_os): 200 GET http://10.0.2.15:8774/v2.1/b827c3e46001430dbbb9f1e11f4c2464/servers/b76a17e3-b143-43e1-9efa-7a4cff91d29c 0.173s
2015-12-04 20:38:47,769 27320 DEBUG    [tempest_lib.common.rest_client] Request - Headers: {'Content-Type': 'application/json', 'Accept': 'application/json', 'X-Auth-Token': '&lt;omitted&gt;'}
        Body: None
    Response - Headers: {'status': '200', 'content-length': '1780', 'content-location': 'http://10.0.2.15:8774/v2.1/b827c3e46001430dbbb9f1e11f4c2464/servers/b76a17e3-b143-43e1-9efa-7a4cff91d29c', 'x-compute-request-id': 'req-a0adfd83-5cfb-4c26-adb9-2234fd04d8ce', 'vary': 'X-OpenStack-Nova-API-Version', 'connection': 'close', 'x-openstack-nova-api-version': '2.1', 'date': 'Fri, 04 Dec 2015 20:38:47 GMT', 'content-type': 'application/json'}
        Body: {"server": {"status": "ACTIVE", "updated": "2015-12-04T20:38:46Z", "hostId": "14f5122c059344076d82bd175dc41acd3d22b8fab59db7999a209feb", "addresses": {"tempest-network-smoke--1864752522": [{"OS-EXT-IPS-MAC:mac_addr": "fa:16:3e:c9:5b:dd", "version": 6, "addr": "2003::f816:3eff:fec9:5bdd", "OS-EXT-IPS:type": "fixed"}, {"OS-EXT-IPS-MAC:mac_addr": "fa:16:3e:c9:5b:dd", "version": 4, "addr": "10.100.0.3", "OS-EXT-IPS:type": "fixed"}]}, "links": [{"href": "http://10.0.2.15:8774/v2.1/b827c3e46001430dbbb9f1e11f4c2464/servers/b76a17e3-b143-43e1-9efa-7a4cff91d29c", "rel": "self"}, {"href": "http://10.0.2.15:8774/b827c3e46001430dbbb9f1e11f4c2464/servers/b76a17e3-b143-43e1-9efa-7a4cff91d29c", "rel": "bookmark"}], "key_name": "tempest-TestGettingAddress-855669485", "image": {"id": "9d4948d3-170f-4ecd-8aeb-84a3279bad87", "links": [{"href": "http://10.0.2.15:8774/b827c3e46001430dbbb9f1e11f4c2464/images/9d4948d3-170f-4ecd-8aeb-84a3279bad87", "rel": "bookmark"}]}, "OS-EXT-STS:task_state": null, "OS-EXT-STS:vm_state": "active", "OS-SRV-USG:launched_at": "2015-12-04T20:38:46.000000", "flavor": {"id": "42", "links": [{"href": "http://10.0.2.15:8774/b827c3e46001430dbbb9f1e11f4c2464/flavors/42", "rel": "bookmark"}]}, "id": "b76a17e3-b143-43e1-9efa-7a4cff91d29c", "security_groups": [{"name": "tempest-secgroup-smoke-521619432"}], "OS-SRV-USG:terminated_at": null, "OS-EXT-AZ:availability_zone": "nova", "user_id": "2e1cd0bdc2954475adbaecbb58d47d4b", "name": "tempest.common.compute-instance-2019129308", "created": "2015-12-04T20:38:42Z", "tenant_id": "b827c3e46001430dbbb9f1e11f4c2464", "OS-DCF:diskConfig": "MANUAL", "os-extended-volumes:volumes_attached": [], "accessIPv4": "", "accessIPv6": "", "progress": 0, "OS-EXT-STS:power_state": 1, "config_drive": "True", "metadata": {}}}
2015-12-04 20:38:47,778 27320 INFO     [tempest.common.waiters] State transition "BUILD/spawning" ==&gt; "ACTIVE/None" after 5 second wait
2015-12-04 20:38:47,964 27320 INFO     [tempest_lib.common.rest_client] Request (TestGettingAddress:test_dhcp6_stateless_from_os): 200 GET http://10.0.2.15:8774/v2.1/b827c3e46001430dbbb9f1e11f4c2464/servers/b76a17e3-b143-43e1-9efa-7a4cff91d29c 0.185s
2015-12-04 20:38:47,964 27320 DEBUG    [tempest_lib.common.rest_client] Request - Headers: {'Content-Type': 'application/json', 'Accept': 'application/json', 'X-Auth-Token': '&lt;omitted&gt;'}
        Body: None
    Response - Headers: {'status': '200', 'content-length': '1780', 'content-location': 'http://10.0.2.15:8774/v2.1/b827c3e46001430dbbb9f1e11f4c2464/servers/b76a17e3-b143-43e1-9efa-7a4cff91d29c', 'x-compute-request-id': 'req-5feab42d-2c92-46df-9685-cf578ccafd72', 'vary': 'X-OpenStack-Nova-API-Version', 'connection': 'close', 'x-openstack-nova-api-version': '2.1', 'date': 'Fri, 04 Dec 2015 20:38:47 GMT', 'content-type': 'application/json'}
        Body: {"server": {"status": "ACTIVE", "updated": "2015-12-04T20:38:46Z", "hostId": "14f5122c059344076d82bd175dc41acd3d22b8fab59db7999a209feb", "addresses": {"tempest-network-smoke--1864752522": [{"OS-EXT-IPS-MAC:mac_addr": "fa:16:3e:c9:5b:dd", "version": 6, "addr": "2003::f816:3eff:fec9:5bdd", "OS-EXT-IPS:type": "fixed"}, {"OS-EXT-IPS-MAC:mac_addr": "fa:16:3e:c9:5b:dd", "version": 4, "addr": "10.100.0.3", "OS-EXT-IPS:type": "fixed"}]}, "links": [{"href": "http://10.0.2.15:8774/v2.1/b827c3e46001430dbbb9f1e11f4c2464/servers/b76a17e3-b143-43e1-9efa-7a4cff91d29c", "rel": "self"}, {"href": "http://10.0.2.15:8774/b827c3e46001430dbbb9f1e11f4c2464/servers/b76a17e3-b143-43e1-9efa-7a4cff91d29c", "rel": "bookmark"}], "key_name": "tempest-TestGettingAddress-855669485", "image": {"id": "9d4948d3-170f-4ecd-8aeb-84a3279bad87", "links": [{"href": "http://10.0.2.15:8774/b827c3e46001430dbbb9f1e11f4c2464/images/9d4948d3-170f-4ecd-8aeb-84a3279bad87", "rel": "bookmark"}]}, "OS-EXT-STS:task_state": null, "OS-EXT-STS:vm_state": "active", "OS-SRV-USG:launched_at": "2015-12-04T20:38:46.000000", "flavor": {"id": "42", "links": [{"href": "http://10.0.2.15:8774/b827c3e46001430dbbb9f1e11f4c2464/flavors/42", "rel": "bookmark"}]}, "id": "b76a17e3-b143-43e1-9efa-7a4cff91d29c", "security_groups": [{"name": "tempest-secgroup-smoke-521619432"}], "OS-SRV-USG:terminated_at": null, "OS-EXT-AZ:availability_zone": "nova", "user_id": "2e1cd0bdc2954475adbaecbb58d47d4b", "name": "tempest.common.compute-instance-2019129308", "created": "2015-12-04T20:38:42Z", "tenant_id": "b827c3e46001430dbbb9f1e11f4c2464", "OS-DCF:diskConfig": "MANUAL", "os-extended-volumes:volumes_attached": [], "accessIPv4": "", "accessIPv6": "", "progress": 0, "OS-EXT-STS:power_state": 1, "config_drive": "True", "metadata": {}}}
2015-12-04 20:38:48,003 27320 INFO     [tempest_lib.common.rest_client] Request (TestGettingAddress:test_dhcp6_stateless_from_os): 200 GET http://10.0.2.15:9696/v2.0/ports?status=ACTIVE&amp;fixed_ip=None&amp;device_id=b76a17e3-b143-43e1-9efa-7a4cff91d29c 0.030s
2015-12-04 20:38:48,004 27320 DEBUG    [tempest_lib.common.rest_client] Request - Headers: {'Content-Type': 'application/json', 'Accept': 'application/json', 'X-Auth-Token': '&lt;omitted&gt;'}
        Body: None
    Response - Headers: {'status': '200', 'content-length': '1142', 'content-location': 'http://10.0.2.15:9696/v2.0/ports?status=ACTIVE&amp;fixed_ip=None&amp;device_id=b76a17e3-b143-43e1-9efa-7a4cff91d29c', 'connection': 'close', 'date': 'Fri, 04 Dec 2015 20:38:48 GMT', 'content-type': 'application/json; charset=UTF-8', 'x-openstack-request-id': 'req-d2d487e3-fb93-4747-920d-32f4f81e467c'}
        Body: {"ports": [{"status": "ACTIVE", "binding:host_id": "vagrant-ubuntu-trusty-64", "allowed_address_pairs": [], "extra_dhcp_opts": [], "dns_assignment": [{"hostname": "host-10-100-0-3", "ip_address": "10.100.0.3", "fqdn": "host-10-100-0-3.openstacklocal."}, {"hostname": "host-2003--f816-3eff-fec9-5bdd", "ip_address": "2003::f816:3eff:fec9:5bdd", "fqdn": "host-2003--f816-3eff-fec9-5bdd.openstacklocal."}], "device_owner": "compute:None", "port_security_enabled": true, "binding:profile": {}, "fixed_ips": [{"subnet_id": "bd92a3fb-91f2-459d-872a-a414eee134f9", "ip_address": "10.100.0.3"}, {"subnet_id": "cabf9e5b-2428-42fa-a05f-fb3e9a3638e5", "ip_address": "2003::f816:3eff:fec9:5bdd"}], "id": "1cb89168-43e0-4143-b095-a47074b00f22", "security_groups": ["ed5280e6-9af4-4894-ace3-277ffd3d71bd"], "device_id": "b76a17e3-b143-43e1-9efa-7a4cff91d29c", "name": "", "admin_state_up": true, "network_id": "dd8b23aa-8f77-43cb-8afc-2e81a8f7e281", "dns_name": "", "binding:vif_details": {"port_filter": true}, "binding:vnic_type": "normal", "binding:vif_type": "ovs", "tenant_id": "b827c3e46001430dbbb9f1e11f4c2464", "mac_address": "fa:16:3e:c9:5b:dd"}]}
2015-12-04 20:38:48,486 27320 INFO     [tempest_lib.common.rest_client] Request (TestGettingAddress:test_dhcp6_stateless_from_os): 201 POST http://10.0.2.15:9696/v2.0/floatingips 0.481s
2015-12-04 20:38:48,487 27320 DEBUG    [tempest_lib.common.rest_client] Request - Headers: {'Content-Type': 'application/json', 'Accept': 'application/json', 'X-Auth-Token': '&lt;omitted&gt;'}
        Body: {"floatingip": {"floating_network_id": "520158cb-26b7-4998-b10c-37ddedea45ce", "tenant_id": "b827c3e46001430dbbb9f1e11f4c2464", "fixed_ip_address": "10.100.0.3", "port_id": "1cb89168-43e0-4143-b095-a47074b00f22"}}
    Response - Headers: {'status': '201', 'content-length': '367', 'connection': 'close', 'date': 'Fri, 04 Dec 2015 20:38:48 GMT', 'content-type': 'application/json; charset=UTF-8', 'x-openstack-request-id': 'req-01aa8b7f-595e-4ef2-94c2-c0426a313356'}
        Body: {"floatingip": {"floating_network_id": "520158cb-26b7-4998-b10c-37ddedea45ce", "router_id": "6e359fe2-9615-4b1e-b893-62509afd4eb4", "fixed_ip_address": "10.100.0.3", "floating_ip_address": "172.24.4.4", "tenant_id": "b827c3e46001430dbbb9f1e11f4c2464", "status": "DOWN", "port_id": "1cb89168-43e0-4143-b095-a47074b00f22", "id": "16df4cc4-99e7-46bf-a787-84a668e48faf"}}
2015-12-04 20:38:48,488 27320 INFO     [tempest_lib.common.ssh] Creating ssh connection to '172.24.4.4' as 'cirros' with public key authentication
2015-12-04 20:38:52,494 27320 WARNING  [tempest_lib.common.ssh] Failed to establish authenticated ssh connection to cirros@172.24.4.4 ([Errno None] Unable to connect to port 22 on  or 172.24.4.4). Number attempts: 1. Retry after 2 seconds.
2015-12-04 20:38:57,999 27320 WARNING  [tempest_lib.common.ssh] Failed to establish authenticated ssh connection to cirros@172.24.4.4 ([Errno None] Unable to connect to port 22 on  or 172.24.4.4). Number attempts: 2. Retry after 3 seconds.
2015-12-04 20:39:04,502 27320 WARNING  [tempest_lib.common.ssh] Failed to establish authenticated ssh connection to cirros@172.24.4.4 ([Errno None] Unable to connect to port 22 on  or 172.24.4.4). Number attempts: 3. Retry after 4 seconds.
2015-12-04 20:39:12,007 27320 WARNING  [tempest_lib.common.ssh] Failed to establish authenticated ssh connection to cirros@172.24.4.4 ([Errno None] Unable to connect to port 22 on  or 172.24.4.4). Number attempts: 4. Retry after 5 seconds.
2015-12-04 20:39:20,513 27320 WARNING  [tempest_lib.common.ssh] Failed to establish authenticated ssh connection to cirros@172.24.4.4 ([Errno None] Unable to connect to port 22 on  or 172.24.4.4). Number attempts: 5. Retry after 6 seconds.
2015-12-04 20:39:30,019 27320 WARNING  [tempest_lib.common.ssh] Failed to establish authenticated ssh connection to cirros@172.24.4.4 ([Errno None] Unable to connect to port 22 on  or 172.24.4.4). Number attempts: 6. Retry after 7 seconds.
2015-12-04 20:39:40,526 27320 WARNING  [tempest_lib.common.ssh] Failed to establish authenticated ssh connection to cirros@172.24.4.4 ([Errno None] Unable to connect to port 22 on  or 172.24.4.4). Number attempts: 7. Retry after 8 seconds.
2015-12-04 20:39:52,035 27320 WARNING  [tempest_lib.common.ssh] Failed to establish authenticated ssh connection to cirros@172.24.4.4 ([Errno None] Unable to connect to port 22 on  or 172.24.4.4). Number attempts: 8. Retry after 9 seconds.
2015-12-04 20:40:04,543 27320 WARNING  [tempest_lib.common.ssh] Failed to establish authenticated ssh connection to cirros@172.24.4.4 ([Errno None] Unable to connect to port 22 on  or 172.24.4.4). Number attempts: 9. Retry after 10 seconds.
2015-12-04 20:40:18,052 27320 WARNING  [tempest_lib.common.ssh] Failed to establish authenticated ssh connection to cirros@172.24.4.4 ([Errno None] Unable to connect to port 22 on  or 172.24.4.4). Number attempts: 10. Retry after 11 seconds.
2015-12-04 20:40:32,563 27320 WARNING  [tempest_lib.common.ssh] Failed to establish authenticated ssh connection to cirros@172.24.4.4 ([Errno None] Unable to connect to port 22 on  or 172.24.4.4). Number attempts: 11. Retry after 12 seconds.
2015-12-04 20:40:48,075 27320 WARNING  [tempest_lib.common.ssh] Failed to establish authenticated ssh connection to cirros@172.24.4.4 ([Errno None] Unable to connect to port 22 on  or 172.24.4.4). Number attempts: 12. Retry after 13 seconds.
2015-12-04 20:41:04,587 27320 WARNING  [tempest_lib.common.ssh] Failed to establish authenticated ssh connection to cirros@172.24.4.4 ([Errno None] Unable to connect to port 22 on  or 172.24.4.4). Number attempts: 13. Retry after 14 seconds.
2015-12-04 20:41:22,104 27320 WARNING  [tempest_lib.common.ssh] Failed to establish authenticated ssh connection to cirros@172.24.4.4 ([Errno None] Unable to connect to port 22 on  or 172.24.4.4). Number attempts: 14. Retry after 15 seconds.
2015-12-04 20:41:40,618 27320 WARNING  [tempest_lib.common.ssh] Failed to establish authenticated ssh connection to cirros@172.24.4.4 ([Errno None] Unable to connect to port 22 on  or 172.24.4.4). Number attempts: 15. Retry after 16 seconds.
2015-12-04 20:42:00,135 27320 WARNING  [tempest_lib.common.ssh] Failed to establish authenticated ssh connection to cirros@172.24.4.4 ([Errno None] Unable to connect to port 22 on  or 172.24.4.4). Number attempts: 16. Retry after 17 seconds.
2015-12-04 20:42:20,655 27320 ERROR    [tempest_lib.common.ssh] Failed to establish authenticated ssh connection to cirros@172.24.4.4 after 16 attempts
2015-12-04 20:42:20.655 27320 ERROR tempest_lib.common.ssh Traceback (most recent call last):
2015-12-04 20:42:20.655 27320 ERROR tempest_lib.common.ssh   File "/usr/local/lib/python2.7/dist-packages/tempest_lib/common/ssh.py", line 75, in _get_ssh_connection
2015-12-04 20:42:20.655 27320 ERROR tempest_lib.common.ssh     timeout=self.channel_timeout, pkey=self.pkey)
2015-12-04 20:42:20.655 27320 ERROR tempest_lib.common.ssh   File "/usr/local/lib/python2.7/dist-packages/paramiko/client.py", line 311, in connect
2015-12-04 20:42:20.655 27320 ERROR tempest_lib.common.ssh     raise NoValidConnectionsError(errors)
2015-12-04 20:42:20.655 27320 ERROR tempest_lib.common.ssh NoValidConnectionsError: [Errno None] Unable to connect to port 22 on  or 172.24.4.4
2015-12-04 20:42:20.655 27320 ERROR tempest_lib.common.ssh 
2015-12-04 20:42:20,657 27320 ERROR    [tempest.scenario.manager] (TestGettingAddress:test_dhcp6_stateless_from_os) Initializing SSH connection to 172.24.4.4 failed. Error: Connection to the 172.24.4.4 via SSH timed out.
User: cirros, Password: None
2015-12-04 20:42:20.657 27320 ERROR tempest.scenario.manager Traceback (most recent call last):
2015-12-04 20:42:20.657 27320 ERROR tempest.scenario.manager   File "tempest/scenario/manager.py", line 383, in get_remote_client
2015-12-04 20:42:20.657 27320 ERROR tempest.scenario.manager     linux_client.validate_authentication()
2015-12-04 20:42:20.657 27320 ERROR tempest.scenario.manager   File "tempest/common/utils/linux/remote_client.py", line 63, in validate_authentication
2015-12-04 20:42:20.657 27320 ERROR tempest.scenario.manager     self.ssh_client.test_connection_auth()
2015-12-04 20:42:20.657 27320 ERROR tempest.scenario.manager   File "/usr/local/lib/python2.7/dist-packages/tempest_lib/common/ssh.py", line 167, in test_connection_auth
2015-12-04 20:42:20.657 27320 ERROR tempest.scenario.manager     connection = self._get_ssh_connection()
2015-12-04 20:42:20.657 27320 ERROR tempest.scenario.manager   File "/usr/local/lib/python2.7/dist-packages/tempest_lib/common/ssh.py", line 87, in _get_ssh_connection
2015-12-04 20:42:20.657 27320 ERROR tempest.scenario.manager     password=self.password)
2015-12-04 20:42:20.657 27320 ERROR tempest.scenario.manager SSHTimeout: Connection to the 172.24.4.4 via SSH timed out.
2015-12-04 20:42:20.657 27320 ERROR tempest.scenario.manager User: cirros, Password: None
2015-12-04 20:42:20.657 27320 ERROR tempest.scenario.manager 
2015-12-04 20:42:20,729 27320 INFO     [tempest_lib.common.rest_client] Request (TestGettingAddress:test_dhcp6_stateless_from_os): 200 GET http://10.0.2.15:8774/v2.1/b827c3e46001430dbbb9f1e11f4c2464/servers 0.069s
2015-12-04 20:42:20,729 27320 DEBUG    [tempest_lib.common.rest_client] Request - Headers: {'Content-Type': 'application/json', 'Accept': 'application/json', 'X-Auth-Token': '&lt;omitted&gt;'}
        Body: None
    Response - Headers: {'status': '200', 'content-length': '391', 'content-location': 'http://10.0.2.15:8774/v2.1/b827c3e46001430dbbb9f1e11f4c2464/servers', 'x-compute-request-id': 'req-d6e9fb23-0aa8-4aa6-b141-0571cceadc19', 'vary': 'X-OpenStack-Nova-API-Version', 'connection': 'close', 'x-openstack-nova-api-version': '2.1', 'date': 'Fri, 04 Dec 2015 20:42:20 GMT', 'content-type': 'application/json'}
        Body: {"servers": [{"id": "b76a17e3-b143-43e1-9efa-7a4cff91d29c", "links": [{"href": "http://10.0.2.15:8774/v2.1/b827c3e46001430dbbb9f1e11f4c2464/servers/b76a17e3-b143-43e1-9efa-7a4cff91d29c", "rel": "self"}, {"href": "http://10.0.2.15:8774/b827c3e46001430dbbb9f1e11f4c2464/servers/b76a17e3-b143-43e1-9efa-7a4cff91d29c", "rel": "bookmark"}], "name": "tempest.common.compute-instance-2019129308"}]}
2015-12-04 20:42:20,931 27320 INFO     [tempest_lib.common.rest_client] Request (TestGettingAddress:test_dhcp6_stateless_from_os): 200 POST http://10.0.2.15:8774/v2.1/b827c3e46001430dbbb9f1e11f4c2464/servers/b76a17e3-b143-43e1-9efa-7a4cff91d29c/action 0.197s
2015-12-04 20:42:20,931 27320 DEBUG    [tempest_lib.common.rest_client] Request - Headers: {'Content-Type': 'application/json', 'Accept': 'application/json', 'X-Auth-Token': '&lt;omitted&gt;'}
        Body: {"os-getConsoleOutput": {}}
    Response - Headers: {'status': '200', 'content-length': '24670', 'x-compute-request-id': 'req-7f33a192-c5aa-4512-9580-e33f727abb6e', 'vary': 'X-OpenStack-Nova-API-Version', 'connection': 'close', 'x-openstack-nova-api-version': '2.1', 'date': 'Fri, 04 Dec 2015 20:42:20 GMT', 'content-type': 'application/json'}
        Body: {"output": "[    0.000000] Initializing cgroup subsys cpuset\n[    0.000000] Initializing cgroup subsys cpu\n[    0.000000] Linux version 3.2.0-80-virtual (buildd@batsu) (gcc version 4.6.3 (Ubuntu/Linaro 4.6.3-1ubuntu5) ) #116-Ubuntu SMP Mon Mar 23 17:28:52 UTC 2015 (Ubuntu 3.2.0-80.116-virtual 3.2.68)\n[    0.000000] Command line: root=/dev/vda console=tty0 console=ttyS0 no_timer_check\n[    0.000000] KERNEL supported cpus:\n[    0.000000]   Intel GenuineIntel\n[    0.000000]   AMD AuthenticAMD\n[    0.000000]   Centaur CentaurHauls\n[    0.000000] BIOS-provided physical RAM map:\n[    0.000000]  BIOS-e820: 0000000000000000 - 000000000009fc00 (usable)\n[    0.000000]  BIOS-e820: 000000000009fc00 - 00000000000a0000 (reserved)\n[    0.000000]  BIOS-e820: 00000000000f0000 - 0000000000100000 (reserved)\n[    0.000000]  BIOS-e820: 0000000000100000 - 0000000003ffe000 (usable)\n[    0.000000]  BIOS-e820: 0000000003ffe000 - 0000000004000000 (reserved)\n[    0.000000]  BIOS-e820: 00000000fffc0000 - 0000000100000000 (reserved)\n[    0.000000] NX (Execute Disable) protection: active\n[    0.000000] SMBIOS 2.4 present.\n[    0.000000] No AGP bridge found\n[    0.000000] last_pfn = 0x3ffe max_arch_pfn = 0x400000000\n[    0.000000] x86 PAT enabled: cpu 0, old 0x7040600070406, new 0x7010600070106\n[    0.000000] found SMP MP-table at [ffff8800000f0b00] f0b00\n[    0.000000] init_memory_mapping: 0000000000000000-0000000003ffe000\n[    0.000000] RAMDISK: 03c5e000 - 03ff0000\n[    0.000000] ACPI: RSDP 00000000000f0950 00014 (v00 BOCHS )\n[    0.000000] ACPI: RSDT 0000000003fffbc1 00034 (v01 BOCHS  BXPCRSDT 00000001 BXPC 00000001)\n[    0.000000] ACPI: FACP 0000000003fff1c0 00074 (v01 BOCHS  BXPCFACP 00000001 BXPC 00000001)\n[    0.000000] ACPI: DSDT 0000000003ffe040 01180 (v01 BOCHS  BXPCDSDT 00000001 BXPC 00000001)\n[    0.000000] ACPI: FACS 0000000003ffe000 00040\n[    0.000000] ACPI: SSDT 0000000003fff234 008DD (v01 BOCHS  BXPCSSDT 00000001 BXPC 00000001)\n[    0.000000] ACPI: APIC 0000000003fffb11 00078 (v01 BOCHS  BXPCAPIC 00000001 BXPC 00000001)\n[    0.000000] ACPI: HPET 0000000003fffb89 00038 (v01 BOCHS  BXPCHPET 00000001 BXPC 00000001)\n[    0.000000] No NUMA configuration found\n[    0.000000] Faking a node at 0000000000000000-0000000003ffe000\n[    0.000000] Initmem setup node 0 0000000000000000-0000000003ffe000\n[    0.000000]   NODE_DATA [0000000003ff6000 - 0000000003ffafff]\n[    0.000000] Zone PFN ranges:\n[    0.000000]   DMA      0x00000010 -&gt; 0x00001000\n[    0.000000]   DMA32    0x00001000 -&gt; 0x00100000\n[    0.000000]   Normal   empty\n[    0.000000] Movable zone start PFN for each node\n[    0.000000] early_node_map[2] active PFN ranges\n[    0.000000]     0: 0x00000010 -&gt; 0x0000009f\n[    0.000000]     0: 0x00000100 -&gt; 0x00003ffe\n[    0.000000] ACPI: PM-Timer IO Port: 0xb008\n[    0.000000] ACPI: LAPIC (acpi_id[0x00] lapic_id[0x00] enabled)\n[    0.000000] ACPI: LAPIC_NMI (acpi_id[0xff] dfl dfl lint[0x1])\n[    0.000000] ACPI: IOAPIC (id[0x00] address[0xfec00000] gsi_base[0])\n[    0.000000] IOAPIC[0]: apic_id 0, version 17, address 0xfec00000, GSI 0-23\n[    0.000000] ACPI: INT_SRC_OVR (bus 0 bus_irq 0 global_irq 2 dfl dfl)\n[    0.000000] ACPI: INT_SRC_OVR (bus 0 bus_irq 5 global_irq 5 high level)\n[    0.000000] ACPI: INT_SRC_OVR (bus 0 bus_irq 9 global_irq 9 high level)\n[    0.000000] ACPI: INT_SRC_OVR (bus 0 bus_irq 10 global_irq 10 high level)\n[    0.000000] ACPI: INT_SRC_OVR (bus 0 bus_irq 11 global_irq 11 high level)\n[    0.000000] Using ACPI (MADT) for SMP configuration information\n[    0.000000] ACPI: HPET id: 0x8086a201 base: 0xfed00000\n[    0.000000] SMP: Allowing 1 CPUs, 0 hotplug CPUs\n[    0.000000] PM: Registered nosave memory: 000000000009f000 - 00000000000a0000\n[    0.000000] PM: Registered nosave memory: 00000000000a0000 - 00000000000f0000\n[    0.000000] PM: Registered nosave memory: 00000000000f0000 - 0000000000100000\n[    0.000000] Allocating PCI resources starting at 4000000 (gap: 4000000:fbfc0000)\n[    0.000000] Booting paravirtualized kernel on bare hardware\n[    0.000000] setup_pe
2015-12-04 20:42:20,933 27320 DEBUG    [tempest.scenario.manager] Console output for b76a17e3-b143-43e1-9efa-7a4cff91d29c
body=
[    0.000000] Initializing cgroup subsys cpuset
[    0.000000] Initializing cgroup subsys cpu
[    0.000000] Linux version 3.2.0-80-virtual (buildd@batsu) (gcc version 4.6.3 (Ubuntu/Linaro 4.6.3-1ubuntu5) ) #116-Ubuntu SMP Mon Mar 23 17:28:52 UTC 2015 (Ubuntu 3.2.0-80.116-virtual 3.2.68)
[    0.000000] Command line: root=/dev/vda console=tty0 console=ttyS0 no_timer_check
[    0.000000] KERNEL supported cpus:
[    0.000000]   Intel GenuineIntel
[    0.000000]   AMD AuthenticAMD
[    0.000000]   Centaur CentaurHauls
[    0.000000] BIOS-provided physical RAM map:
[    0.000000]  BIOS-e820: 0000000000000000 - 000000000009fc00 (usable)
[    0.000000]  BIOS-e820: 000000000009fc00 - 00000000000a0000 (reserved)
[    0.000000]  BIOS-e820: 00000000000f0000 - 0000000000100000 (reserved)
[    0.000000]  BIOS-e820: 0000000000100000 - 0000000003ffe000 (usable)
[    0.000000]  BIOS-e820: 0000000003ffe000 - 0000000004000000 (reserved)
[    0.000000]  BIOS-e820: 00000000fffc0000 - 0000000100000000 (reserved)
[    0.000000] NX (Execute Disable) protection: active
[    0.000000] SMBIOS 2.4 present.
[    0.000000] No AGP bridge found
[    0.000000] last_pfn = 0x3ffe max_arch_pfn = 0x400000000
[    0.000000] x86 PAT enabled: cpu 0, old 0x7040600070406, new 0x7010600070106
[    0.000000] found SMP MP-table at [ffff8800000f0b00] f0b00
[    0.000000] init_memory_mapping: 0000000000000000-0000000003ffe000
[    0.000000] RAMDISK: 03c5e000 - 03ff0000
[    0.000000] ACPI: RSDP 00000000000f0950 00014 (v00 BOCHS )
[    0.000000] ACPI: RSDT 0000000003fffbc1 00034 (v01 BOCHS  BXPCRSDT 00000001 BXPC 00000001)
[    0.000000] ACPI: FACP 0000000003fff1c0 00074 (v01 BOCHS  BXPCFACP 00000001 BXPC 00000001)
[    0.000000] ACPI: DSDT 0000000003ffe040 01180 (v01 BOCHS  BXPCDSDT 00000001 BXPC 00000001)
[    0.000000] ACPI: FACS 0000000003ffe000 00040
[    0.000000] ACPI: SSDT 0000000003fff234 008DD (v01 BOCHS  BXPCSSDT 00000001 BXPC 00000001)
[    0.000000] ACPI: APIC 0000000003fffb11 00078 (v01 BOCHS  BXPCAPIC 00000001 BXPC 00000001)
[    0.000000] ACPI: HPET 0000000003fffb89 00038 (v01 BOCHS  BXPCHPET 00000001 BXPC 00000001)
[    0.000000] No NUMA configuration found
[    0.000000] Faking a node at 0000000000000000-0000000003ffe000
[    0.000000] Initmem setup node 0 0000000000000000-0000000003ffe000
[    0.000000]   NODE_DATA [0000000003ff6000 - 0000000003ffafff]
[    0.000000] Zone PFN ranges:
[    0.000000]   DMA      0x00000010 -&gt; 0x00001000
[    0.000000]   DMA32    0x00001000 -&gt; 0x00100000
[    0.000000]   Normal   empty
[    0.000000] Movable zone start PFN for each node
[    0.000000] early_node_map[2] active PFN ranges
[    0.000000]     0: 0x00000010 -&gt; 0x0000009f
[    0.000000]     0: 0x00000100 -&gt; 0x00003ffe
[    0.000000] ACPI: PM-Timer IO Port: 0xb008
[    0.000000] ACPI: LAPIC (acpi_id[0x00] lapic_id[0x00] enabled)
[    0.000000] ACPI: LAPIC_NMI (acpi_id[0xff] dfl dfl lint[0x1])
[    0.000000] ACPI: IOAPIC (id[0x00] address[0xfec00000] gsi_base[0])
[    0.000000] IOAPIC[0]: apic_id 0, version 17, address 0xfec00000, GSI 0-23
[    0.000000] ACPI: INT_SRC_OVR (bus 0 bus_irq 0 global_irq 2 dfl dfl)
[    0.000000] ACPI: INT_SRC_OVR (bus 0 bus_irq 5 global_irq 5 high level)
[    0.000000] ACPI: INT_SRC_OVR (bus 0 bus_irq 9 global_irq 9 high level)
[    0.000000] ACPI: INT_SRC_OVR (bus 0 bus_irq 10 global_irq 10 high level)
[    0.000000] ACPI: INT_SRC_OVR (bus 0 bus_irq 11 global_irq 11 high level)
[    0.000000] Using ACPI (MADT) for SMP configuration information
[    0.000000] ACPI: HPET id: 0x8086a201 base: 0xfed00000
[    0.000000] SMP: Allowing 1 CPUs, 0 hotplug CPUs
[    0.000000] PM: Registered nosave memory: 000000000009f000 - 00000000000a0000
[    0.000000] PM: Registered nosave memory: 00000000000a0000 - 00000000000f0000
[    0.000000] PM: Registered nosave memory: 00000000000f0000 - 0000000000100000
[    0.000000] Allocating PCI resources starting at 4000000 (gap: 4000000:fbfc0000)
[    0.000000] Booting paravirtualized kernel on bare hardware
[    0.000000] setup_percpu: NR_CPUS:64 nr_cpumask_bits:64 nr_cpu_ids:1 nr_node_ids:1
[    0.000000] PERCPU: Embedded 27 pages/cpu @ffff880003a00000 s78848 r8192 d23552 u2097152
[    0.000000] Built 1 zonelists in Node order, mobility grouping on.  Total pages: 16008
[    0.000000] Policy zone: DMA32
[    0.000000] Kernel command line: root=/dev/vda console=tty0 console=ttyS0 no_timer_check
[    0.000000] PID hash table entries: 256 (order: -1, 2048 bytes)
[    0.000000] Checking aperture...
[    0.000000] No AGP bridge found
[    0.000000] Memory: 43492k/65528k available (6576k kernel code, 452k absent, 21584k reserved, 6620k data, 928k init)
[    0.000000] SLUB: Genslabs=15, HWalign=64, Order=0-3, MinObjects=0, CPUs=1, Nodes=1
[    0.000000] Hierarchical RCU implementation.
[    0.000000] 	RCU dyntick-idle grace-period acceleration is enabled.
[    0.000000] NR_IRQS:4352 nr_irqs:256 16
[    0.000000] Console: colour VGA+ 80x25
[    0.000000] console [tty0] enabled
[    0.000000] console [ttyS0] enabled
[    0.000000] allocated 1048576 bytes of page_cgroup
[    0.000000] please try 'cgroup_disable=memory' option if you don't want memory cgroups
[    0.000000] Fast TSC calibration failed
[    0.000000] TSC: Unable to calibrate against PIT
[    0.000000] TSC: using HPET reference calibration
[    0.000000] Detected 2291.756 MHz processor.
[    0.033253] Calibrating delay loop (skipped), value calculated using timer frequency.. 4583.51 BogoMIPS (lpj=9167024)
[    0.035078] pid_max: default: 32768 minimum: 301
[    0.041460] Security Framework initialized
[    0.045772] AppArmor: AppArmor initialized
[    0.046399] Yama: becoming mindful.
[    0.055370] Dentry cache hash table entries: 8192 (order: 4, 65536 bytes)
[    0.060283] Inode-cache hash table entries: 4096 (order: 3, 32768 bytes)
[    0.063002] Mount-cache hash table entries: 256
[    0.082364] Initializing cgroup subsys cpuacct
[    0.083879] Initializing cgroup subsys memory
[    0.084647] Initializing cgroup subsys devices
[    0.085409] Initializing cgroup subsys freezer
[    0.086176] Initializing cgroup subsys blkio
[    0.088206] Initializing cgroup subsys perf_event
[    0.092856] mce: CPU supports 10 MCE banks
[    0.096603] SMP alternatives: switching to UP code
[    0.477968] Freeing SMP alternatives: 24k freed
[    0.480916] ACPI: Core revision 20110623
[    0.542659] ftrace: allocating 26610 entries in 105 pages
[    0.577122] ..TIMER: vector=0x30 apic1=0 pin1=2 apic2=-1 pin2=-1
[    0.578397] CPU0: AMD QEMU Virtual CPU version 2.0.0 stepping 03
[    0.584035] Performance Events: Broken PMU hardware detected, using software events only.
[    0.593177] NMI watchdog disabled (cpu0): hardware events not enabled
[    0.594849] Brought up 1 CPUs
[    0.595409] Total of 1 processors activated (4583.51 BogoMIPS).
[    0.629517] devtmpfs: initialized
[    0.659327] EVM: security.selinux
[    0.660082] EVM: security.SMACK64
[    0.660498] EVM: security.capability
[    0.681348] print_constraints: dummy: 
[    0.682783] RTC time: 20:38:50, date: 12/04/15
[    0.685980] NET: Registered protocol family 16
[    0.694788] ACPI: bus type pci registered
[    0.698093] PCI: Using configuration type 1 for base access
[    0.733438] bio: create slab &lt;bio-0&gt; at 0
[    0.738411] ACPI: Added _OSI(Module Device)
[    0.738949] ACPI: Added _OSI(Processor Device)
[    0.740111] ACPI: Added _OSI(3.0 _SCP Extensions)
[    0.740804] ACPI: Added _OSI(Processor Aggregator Device)
[    0.808814] ACPI: Interpreter enabled
[    0.809945] ACPI: (supports S0 S3 S4 S5)
[    0.812177] ACPI: Using IOAPIC for interrupt routing
[    0.900606] ACPI: No dock devices found.
[    0.901311] HEST: Table not found.
[    0.901913] PCI: Using host bridge windows from ACPI; if necessary, use "pci=nocrs" and report a bug
[    0.908921] ACPI: PCI Root Bridge [PCI0] (domain 0000 [bus 00-ff])
[    0.914428] pci_root PNP0A03:00: host bridge window [io  0x0000-0x0cf7]
[    0.916154] pci_root PNP0A03:00: host bridge window [io  0x0d00-0xadff]
[    0.917038] pci_root PNP0A03:00: host bridge window [io  0xae0f-0xaeff]
[    0.917865] pci_root PNP0A03:00: host bridge window [io  0xaf20-0xafdf]
[    0.918602] pci_root PNP0A03:00: host bridge window [io  0xafe4-0xffff]
[    0.920183] pci_root PNP0A03:00: host bridge window [mem 0x000a0000-0x000bffff]
[    0.921138] pci_root PNP0A03:00: host bridge window [mem 0x04000000-0xfebfffff]
[    0.946195] pci 0000:00:01.3: quirk: [io  0xb000-0xb03f] claimed by PIIX4 ACPI
[    0.948226] pci 0000:00:01.3: quirk: [io  0xb100-0xb10f] claimed by PIIX4 SMB
[    1.013768]  pci0000:00: Unable to request _OSC control (_OSC support mask: 0x1e)
[    1.068911] ACPI: PCI Interrupt Link [LNKA] (IRQs 5 *10 11)
[    1.071402] ACPI: PCI Interrupt Link [LNKB] (IRQs 5 *10 11)
[    1.073404] ACPI: PCI Interrupt Link [LNKC] (IRQs 5 10 *11)
[    1.074969] ACPI: PCI Interrupt Link [LNKD] (IRQs 5 10 *11)
[    1.076868] ACPI: PCI Interrupt Link [LNKS] (IRQs *9)
[    1.084380] vgaarb: device added: PCI:0000:00:02.0,decodes=io+mem,owns=io+mem,locks=none
[    1.085382] vgaarb: loaded
[    1.085888] vgaarb: bridge control possible 0000:00:02.0
[    1.089701] i2c-core: driver [aat2870] using legacy suspend method
[    1.090626] i2c-core: driver [aat2870] using legacy resume method
[    1.093639] SCSI subsystem initialized
[    1.097091] usbcore: registered new interface driver usbfs
[    1.098233] usbcore: registered new interface driver hub
[    1.099449] usbcore: registered new device driver usb
[    1.103008] PCI: Using ACPI for IRQ routing
[    1.114560] NetLabel: Initializing
[    1.115000] NetLabel:  domain hash size = 128
[    1.116146] NetLabel:  protocols = UNLABELED CIPSOv4
[    1.118051] NetLabel:  unlabeled traffic allowed by default
[    1.121162] HPET: 3 timers in total, 0 timers will be used for per-cpu timer
[    1.122489] hpet0: at MMIO 0xfed00000, IRQs 2, 8, 0
[    1.123313] hpet0: 3 comparators, 64-bit 100.000000 MHz counter
[    1.140736] Switching to clocksource hpet
[    1.391975] AppArmor: AppArmor Filesystem Enabled
[    1.394321] pnp: PnP ACPI init
[    1.394982] ACPI: bus type pnp registered
[    1.418652] pnp: PnP ACPI: found 9 devices
[    1.419193] ACPI: ACPI bus type pnp unregistered
[    1.474938] NET: Registered protocol family 2
[    1.506173] IP route cache hash table entries: 512 (order: 0, 4096 bytes)
[    1.513756] TCP established hash table entries: 2048 (order: 3, 32768 bytes)
[    1.515069] TCP bind hash table entries: 2048 (order: 3, 32768 bytes)
[    1.515956] TCP: Hash tables configured (established 2048 bind 2048)
[    1.517478] TCP reno registered
[    1.517999] UDP hash table entries: 128 (order: 0, 4096 bytes)
[    1.518780] UDP-Lite hash table entries: 128 (order: 0, 4096 bytes)
[    1.522050] NET: Registered protocol family 1
[    1.522877] pci 0000:00:00.0: Limiting direct PCI/PCI transfers
[    1.523619] pci 0000:00:01.0: PIIX3: Enabling Passive Release
[    1.525338] pci 0000:00:01.0: Activating ISA DMA hang workarounds
[    1.529813] ACPI: PCI Interrupt Link [LNKD] enabled at IRQ 11
[    1.530877] pci 0000:00:01.2: PCI INT D -&gt; Link[LNKD] -&gt; GSI 11 (level, high) -&gt; IRQ 11
[    1.533384] pci 0000:00:01.2: PCI INT D disabled
[    1.560089] Trying to unpack rootfs image as initramfs...
[    1.575024] audit: initializing netlink socket (disabled)
[    1.578035] type=2000 audit(1449261530.576:1): initialized
[    1.839203] HugeTLB registered 2 MB page size, pre-allocated 0 pages
[    1.920977] VFS: Disk quotas dquot_6.5.2
[    1.922269] Dquot-cache hash table entries: 512 (order 0, 4096 bytes)
[    1.937899] fuse init (API version 7.17)
[    1.941305] msgmni has been set to 84
[    1.971721] Block layer SCSI generic (bsg) driver version 0.4 loaded (major 253)
[    1.981240] io scheduler noop registered
[    1.981742] io scheduler deadline registered (default)
[    1.982806] io scheduler cfq registered
[    1.986202] pci_hotplug: PCI Hot Plug PCI Core version: 0.5
[    1.987972] pciehp: PCI Express Hot Plug Controller Driver version: 0.4
[    1.993711] input: Power Button as /devices/LNXSYSTM:00/LNXPWRBN:00/input/input0
[    1.995102] ACPI: Power Button [PWRF]
[    2.039056] ERST: Table is not found!
[    2.039652] GHES: HEST is not enabled!
[    2.050625] ACPI: PCI Interrupt Link [LNKC] enabled at IRQ 10
[    2.051332] virtio-pci 0000:00:03.0: PCI INT A -&gt; Link[LNKC] -&gt; GSI 10 (level, high) -&gt; IRQ 10
[    2.055129] virtio-pci 0000:00:04.0: PCI INT A -&gt; Link[LNKD] -&gt; GSI 11 (level, high) -&gt; IRQ 11
[    2.070494] ACPI: PCI Interrupt Link [LNKA] enabled at IRQ 10
[    2.071988] virtio-pci 0000:00:05.0: PCI INT A -&gt; Link[LNKA] -&gt; GSI 10 (level, high) -&gt; IRQ 10
[    2.085587] Serial: 8250/16550 driver, 32 ports, IRQ sharing enabled
[    2.125334] serial8250: ttyS0 at I/O 0x3f8 (irq = 4) is a 16550A
[    2.206844] serial8250: ttyS1 at I/O 0x2f8 (irq = 3) is a 16550A
[    2.348272] 00:05: ttyS0 at I/O 0x3f8 (irq = 4) is a 16550A
[    2.422832] 00:06: ttyS1 at I/O 0x2f8 (irq = 3) is a 16550A
[    2.475558] Linux agpgart interface v0.103
[    2.537737] Refined TSC clocksource calibration: 2293.041 MHz.
[    2.538893] Switching to clocksource tsc
[    2.551686] brd: module loaded
[    2.585735] loop: module loaded
[    2.660518]  vda: unknown partition table
[    2.737672] scsi0 : ata_piix
[    2.739988] scsi1 : ata_piix
[    2.742147] ata1: PATA max MWDMA2 cmd 0x1f0 ctl 0x3f6 bmdma 0xc0a0 irq 14
[    2.742979] ata2: PATA max MWDMA2 cmd 0x170 ctl 0x376 bmdma 0xc0a8 irq 15
[    2.753314] Fixed MDIO Bus: probed
[    2.754122] tun: Universal TUN/TAP device driver, 1.6
[    2.754712] tun: (C) 1999-2004 Max Krasnyansky &lt;maxk@qualcomm.com&gt;
[    2.771280] PPP generic driver version 2.4.2
[    2.792109] ehci_hcd: USB 2.0 'Enhanced' Host Controller (EHCI) Driver
[    2.794216] ohci_hcd: USB 1.1 'Open' Host Controller (OHCI) Driver
[    2.795112] uhci_hcd: USB Universal Host Controller Interface driver
[    2.796213] uhci_hcd 0000:00:01.2: PCI INT D -&gt; Link[LNKD] -&gt; GSI 11 (level, high) -&gt; IRQ 11
[    2.800679] uhci_hcd 0000:00:01.2: UHCI Host Controller
[    2.810540] uhci_hcd 0000:00:01.2: new USB bus registered, assigned bus number 1
[    2.813246] uhci_hcd 0000:00:01.2: irq 11, io base 0x0000c040
[    2.836725] hub 1-0:1.0: USB hub found
[    2.838499] hub 1-0:1.0: 2 ports detected
[    2.847644] usbcore: registered new interface driver libusual
[    2.850566] i8042: PNP: PS/2 Controller [PNP0303:KBD,PNP0f13:MOU] at 0x60,0x64 irq 1,12
[    2.861418] serio: i8042 KBD port at 0x60,0x64 irq 1
[    2.863966] serio: i8042 AUX port at 0x60,0x64 irq 12
[    2.902676] mousedev: PS/2 mouse device common for all mice
[    2.919325] input: AT Translated Set 2 keyboard as /devices/platform/i8042/serio0/input/input1
[    2.923643] rtc_cmos 00:01: RTC can wake from S4
[    2.957313] rtc_cmos 00:01: rtc core: registered rtc_cmos as rtc0
[    2.961334] rtc0: alarms up to one day, 114 bytes nvram, hpet irqs
[    2.964068] device-mapper: uevent: version 1.0.3
[    2.980011] ata2.01: ATAPI: QEMU DVD-ROM, 2.0.0, max UDMA/100
[    2.988011] ata2.01: configured for MWDMA2
[    3.027987] device-mapper: ioctl: 4.22.0-ioctl (2011-10-19) initialised: dm-devel@redhat.com
[    3.032260] cpuidle: using governor ladder
[    3.034196] cpuidle: using governor menu
[    3.034661] EFI Variables Facility v0.08 2004-May-17
[    3.042407] TCP cubic registered
[    3.046485] NET: Registered protocol family 10
[    3.076142] NET: Registered protocol family 17
[    3.077277] Registering the dns_resolver key type
[    3.109347] scsi 1:0:1:0: CD-ROM            QEMU     QEMU DVD-ROM     2.0. PQ: 0 ANSI: 5
[    3.142511] sr0: scsi3-mmc drive: 4x/4x cd/rw xa/form2 tray
[    3.143945] cdrom: Uniform CD-ROM driver Revision: 3.20
[    3.157474] sr 1:0:1:0: Attached scsi generic sg0 type 5
[    3.180963] registered taskstats version 1
[    3.295442] Freeing initrd memory: 3656k freed
[    3.807870]   Magic number: 11:41:649
[    3.825614] rtc_cmos 00:01: setting system clock to 2015-12-04 20:38:53 UTC (1449261533)
[    3.828927] powernow-k8: Processor cpuid 663 not supported
[    3.836596] BIOS EDD facility v0.16 2004-Jun-25, 0 devices found
[    3.839163] EDD information not available.
[    3.900059] Freeing unused kernel memory: 928k freed
[    3.905058] Write protecting the kernel read-only data: 12288k
[    3.981181] Freeing unused kernel memory: 1596k freed
[    4.037327] Freeing unused kernel memory: 1184k freed

info: initramfs: up at 4.22
modprobe: module virtio_blk not found in modules.dep
modprobe: module virtio_net not found in modules.dep
info: copying initramfs to /dev/vda
info: initramfs loading root from /dev/vda
info: /etc/init.d/rc.sysinit: up at 8.87
info: container: none
Starting logging: OK
modprobe: module virtio_blk not found in modules.dep
modprobe: module virtio_net not found in modules.dep
WARN: /etc/rc3.d/S10-load-modules failed
Initializing random number generator... done.
Starting acpid: OK
cirros-ds 'local' up at 11.22
found datasource (configdrive, local)
Starting network...
udhcpc (v1.20.1) started
Sending discover...
Sending discover...
Sending discover...
Usage: /sbin/cirros-dhcpc &lt;up|down&gt;
No lease, failing
WARN: /etc/rc3.d/S40-network failed
Starting dropbear sshd: generating rsa key... generating dsa key... OK
no userdata for datasource
=== system information ===
Platform: OpenStack Foundation OpenStack Nova
Container: none
Arch: x86_64
CPU(s): 1 @ 2291.756 MHz
Cores/Sockets/Threads: 1/1/1
Virt-type: AMD-V
RAM Size: 49MB
Disks:
NAME MAJ:MIN     SIZE LABEL         MOUNTPOINT
vda  253:0   25165824 cirros-rootfs /
sr0   11:0     428032 config-2      
=== sshd host keys ===
-----BEGIN SSH HOST KEY KEYS-----
ssh-rsa AAAAB3NzaC1yc2EAAAADAQABAAAAgnVvXSvWUeYJX1gpqjdHYeoBTAYjk63sZ/gfjIFTfu1OJ/u9Uh8gEnKTV3p3XJgRpRQamNFJx45PIpiGvo9KFdDsKJRISI49vMLq3hCFGO3hih26dT5BWCBjLZ+WOS2D7wL2FivdbCfte55+kJSATpTnlHprSaruq64hV3fN47rIdjE= root@tempest
ssh-dss AAAAB3NzaC1kc3MAAACBAJ8pnHse6WIiOL1IdVYg7pmtNbI/XsvjdE/zkASUKPViQH12Fl9BjjhnD/wXD5SFM0K9byTmhQEjKyySxgsbHhRxsIracNQxdc7uR+2OEeNpssYcwBmPHjEMQpr6xkFu3D+0wgxx6SIRqyWLQLS8NtWNKZNREcuNXLe/iNL3WtPFAAAAFQDuidRhiB9scWN5nyyDl2DCsT/gdQAAAIEAgCS3GnUrRWkTiVjCS+8aLGBqYIsQXu4TP4yNRQrM8CJaXkHEbCOHNJ4964+N0J2CexC/yt3gdMK6cmO+/eEsV2j2aMzQT0S4kqaYiQYeuUhhvL8NAJXf/+w/lXjfIiTSZyI84AAV5+0pXcZnIjhtc2/fXUBokRWy0xqwCwsZhl0AAACAKXneloK8/xbw2LWA9hOhXswBT3ukcrGPy6V7uXZyC2Wil95F2mJ6Nod0c+NZ7CIw87p2bYtpK6MxDuw9br7HW2Bj78WENsscBb1GYldfW/3lMLu4tSgv7EVc3AsiUZJDnvsTdheXhnULQJjKz17ylKMVm9wJHYfIwlMhKfWC7IA= root@tempest
-----END SSH HOST KEY KEYS-----
=== network info ===
if-info: lo,up,127.0.0.1,8,::1
if-info: eth0,up,,8,fe80::f816:3eff:fec9:5bdd
=== datasource: configdrive local ===
instance-id: b76a17e3-b143-43e1-9efa-7a4cff91d29c
name: tempest.common.compute-instance-2019129308
availability-zone: nova
local-hostname: tempest.common.compute-instance-2019129308.novalocal
launch-index: 0
=== cirros: current=0.3.4 uptime=200.73 ===
route: fscanf
=== pinging gateway failed, debugging connection ===
############ debug start ##############
### /etc/init.d/sshd start
Starting dropbear sshd: OK
route: fscanf
### ifconfig -a
eth0      Link encap:Ethernet  HWaddr FA:16:3E:C9:5B:DD  
          inet6 addr: fe80::f816:3eff:fec9:5bdd/64 Scope:Link
          UP BROADCAST RUNNING MULTICAST  MTU:1500  Metric:1
          RX packets:12 errors:0 dropped:5 overruns:0 frame:0
          TX packets:8 errors:0 dropped:0 overruns:0 carrier:0
          collisions:0 txqueuelen:1000 
          RX bytes:1303 (1.2 KiB)  TX bytes:1134 (1.1 KiB)

lo        Link encap:Local Loopback  
          inet addr:127.0.0.1  Mask:255.0.0.0
          inet6 addr: ::1/128 Scope:Host
          UP LOOPBACK RUNNING  MTU:16436  Metric:1
          RX packets:12 errors:0 dropped:0 overruns:0 frame:0
          TX packets:12 errors:0 dropped:0 overruns:0 carrier:0
          collisions:0 txqueuelen:0 
          RX bytes:1020 (1020.0 B)  TX bytes:1020 (1020.0 B)

### route -n
Kernel IP routing table
Destination     Gateway         Genmask         Flags Metric Ref    Use Iface
route: fscanf
### cat /etc/resolv.conf
cat: can't open '/etc/resolv.conf': No such file or directory
### gateway not found
/sbin/cirros-status: line 1: can't open /etc/resolv.conf: no such file
### pinging nameservers
### uname -a
Linux tempest 3.2.0-80-virtual #116-Ubuntu SMP Mon Mar 23 17:28:52 UTC 2015 x86_64 GNU/Linux
### lsmod
Module                  Size  Used by    Not tainted
nls_iso8859_1          12713  0 
nls_cp437              16991  0 
vfat                   17585  0 
fat                    61512  1 vfat
isofs                  40259  0 
ip_tables              27473  0 
x_tables               29891  1 ip_tables
pcnet32                42119  0 
8139cp                 27360  0 
ne2k_pci               13691  0 
8390                   18856  1 ne2k_pci
e1000                 108589  0 
acpiphp                24231  0 
### dmesg | tail
[    5.126321] EXT3-fs (vda): mounted filesystem with ordered data mode
[    5.419020] ISO 9660 Extensions: Microsoft Joliet Level 3
[    5.485473] ISO 9660 Extensions: RRIP_1991A
[    5.725355] kjournald starting.  Commit interval 5 seconds
[    5.742148] EXT3-fs (vda): using internal journal
[    5.742332] EXT3-fs (vda): mounted filesystem with ordered data mode
[    8.918520] EXT3-fs (vda): using internal journal
[   12.002358] ISO 9660 Extensions: Microsoft Joliet Level 3
[   12.106128] ISO 9660 Extensions: RRIP_1991A
[   27.195161] eth0: no IPv6 routers present
### tail -n 25 /var/log/messages
Dec  4 20:38:59 cirros kern.info kernel: [    4.583408] acpiphp: Slot [26] registered
Dec  4 20:38:59 cirros kern.info kernel: [    4.583767] acpiphp: Slot [27] registered
Dec  4 20:38:59 cirros kern.info kernel: [    4.584158] acpiphp: Slot [28] registered
Dec  4 20:38:59 cirros kern.info kernel: [    4.585118] acpiphp: Slot [29] registered
Dec  4 20:38:59 cirros kern.info kernel: [    4.585468] acpiphp: Slot [30] registered
Dec  4 20:38:59 cirros kern.info kernel: [    4.585812] acpiphp: Slot [31] registered
Dec  4 20:38:59 cirros kern.info kernel: [    4.639575] e1000: Intel(R) PRO/1000 Network Driver - version 7.3.21-k8-NAPI
Dec  4 20:38:59 cirros kern.info kernel: [    4.639631] e1000: Copyright (c) 1999-2006 Intel Corporation.
Dec  4 20:38:59 cirros kern.info kernel: [    4.687532] ne2k-pci.c:v1.03 9/22/2003 D. Becker/P. Gortmaker
Dec  4 20:38:59 cirros kern.info kernel: [    4.745053] 8139cp: 8139cp: 10/100 PCI Ethernet driver v1.3 (Mar 22, 2004)
Dec  4 20:38:59 cirros kern.info kernel: [    4.786913] pcnet32: pcnet32.c:v1.35 21.Apr.2008 tsbogend@alpha.franken.de
Dec  4 20:38:59 cirros kern.info kernel: [    4.837960] ip_tables: (C) 2000-2006 Netfilter Core Team
Dec  4 20:38:59 cirros kern.info kernel: [    5.122012] kjournald starting.  Commit interval 5 seconds
Dec  4 20:38:59 cirros kern.info kernel: [    5.126321] EXT3-fs (vda): mounted filesystem with ordered data mode
Dec  4 20:38:59 cirros kern.debug kernel: [    5.419020] ISO 9660 Extensions: Microsoft Joliet Level 3
Dec  4 20:38:59 cirros kern.debug kernel: [    5.485473] ISO 9660 Extensions: RRIP_1991A
Dec  4 20:38:59 cirros kern.info kernel: [    5.725355] kjournald starting.  Commit interval 5 seconds
Dec  4 20:38:59 cirros kern.info kernel: [    5.742148] EXT3-fs (vda): using internal journal
Dec  4 20:38:59 cirros kern.info kernel: [    5.742332] EXT3-fs (vda): mounted filesystem with ordered data mode
Dec  4 20:38:59 cirros kern.info kernel: [    8.918520] EXT3-fs (vda): using internal journal
Dec  4 20:39:01 cirros kern.debug kernel: [   12.002358] ISO 9660 Extensions: Microsoft Joliet Level 3
Dec  4 20:39:01 cirros kern.debug kernel: [   12.106128] ISO 9660 Extensions: RRIP_1991A
Dec  4 20:39:04 cirros auth.notice su: + /dev/console root:cirros
Dec  4 20:39:16 cirros kern.debug kernel: [   27.195161] eth0: no IPv6 routers present
Dec  4 20:42:08 cirros authpriv.info dropbear[283]: Running in background
############ debug end   ##############
  ____               ____  ____
 / __/ __ ____ ____ / __ \/ __/
/ /__ / // __// __// /_/ /\ \ 
\___//_//_/  /_/   \____/___/ 
   http://cirros-cloud.net


login as 'cirros' user. default password: 'cubswin:)'. use 'sudo' for root.
tempest login: 
2015-12-04 20:42:21,147 27320 INFO     [tempest_lib.common.rest_client] Request (TestGettingAddress:_run_cleanups): 204 DELETE http://10.0.2.15:9696/v2.0/floatingips/16df4cc4-99e7-46bf-a787-84a668e48faf 0.210s
2015-12-04 20:42:21,147 27320 DEBUG    [tempest_lib.common.rest_client] Request - Headers: {'Content-Type': 'application/json', 'Accept': 'application/json', 'X-Auth-Token': '&lt;omitted&gt;'}
        Body: None
    Response - Headers: {'date': 'Fri, 04 Dec 2015 20:42:21 GMT', 'status': '204', 'connection': 'close', 'content-length': '0', 'x-openstack-request-id': 'req-ed692bfa-9a7a-4bfd-9cd2-70404de9dbf6'}
        Body: 
2015-12-04 20:42:21,395 27320 INFO     [tempest_lib.common.rest_client] Request (TestGettingAddress:_run_cleanups): 204 DELETE http://10.0.2.15:8774/v2.1/b827c3e46001430dbbb9f1e11f4c2464/servers/b76a17e3-b143-43e1-9efa-7a4cff91d29c 0.246s
2015-12-04 20:42:21,395 27320 DEBUG    [tempest_lib.common.rest_client] Request - Headers: {'Content-Type': 'application/json', 'Accept': 'application/json', 'X-Auth-Token': '&lt;omitted&gt;'}
        Body: None
    Response - Headers: {'status': '204', 'content-length': '0', 'x-compute-request-id': 'req-d204e88e-bdaf-40d7-b8c6-155aced90d84', 'vary': 'X-OpenStack-Nova-API-Version', 'connection': 'close', 'x-openstack-nova-api-version': '2.1', 'date': 'Fri, 04 Dec 2015 20:42:21 GMT', 'content-type': 'application/json'}
        Body: 
2015-12-04 20:42:21,600 27320 INFO     [tempest_lib.common.rest_client] Request (TestGettingAddress:_run_cleanups): 200 GET http://10.0.2.15:8774/v2.1/b827c3e46001430dbbb9f1e11f4c2464/servers/b76a17e3-b143-43e1-9efa-7a4cff91d29c 0.203s
2015-12-04 20:42:21,600 27320 DEBUG    [tempest_lib.common.rest_client] Request - Headers: {'Content-Type': 'application/json', 'Accept': 'application/json', 'X-Auth-Token': '&lt;omitted&gt;'}
        Body: None
    Response - Headers: {'status': '200', 'content-length': '1903', 'content-location': 'http://10.0.2.15:8774/v2.1/b827c3e46001430dbbb9f1e11f4c2464/servers/b76a17e3-b143-43e1-9efa-7a4cff91d29c', 'x-compute-request-id': 'req-d53412c4-f67a-4eaa-8c73-6ff98761915f', 'vary': 'X-OpenStack-Nova-API-Version', 'connection': 'close', 'x-openstack-nova-api-version': '2.1', 'date': 'Fri, 04 Dec 2015 20:42:21 GMT', 'content-type': 'application/json'}
        Body: {"server": {"status": "ACTIVE", "updated": "2015-12-04T20:42:21Z", "hostId": "14f5122c059344076d82bd175dc41acd3d22b8fab59db7999a209feb", "addresses": {"tempest-network-smoke--1864752522": [{"OS-EXT-IPS-MAC:mac_addr": "fa:16:3e:c9:5b:dd", "version": 6, "addr": "2003::f816:3eff:fec9:5bdd", "OS-EXT-IPS:type": "fixed"}, {"OS-EXT-IPS-MAC:mac_addr": "fa:16:3e:c9:5b:dd", "version": 4, "addr": "10.100.0.3", "OS-EXT-IPS:type": "fixed"}, {"OS-EXT-IPS-MAC:mac_addr": "fa:16:3e:c9:5b:dd", "version": 4, "addr": "172.24.4.4", "OS-EXT-IPS:type": "floating"}]}, "links": [{"href": "http://10.0.2.15:8774/v2.1/b827c3e46001430dbbb9f1e11f4c2464/servers/b76a17e3-b143-43e1-9efa-7a4cff91d29c", "rel": "self"}, {"href": "http://10.0.2.15:8774/b827c3e46001430dbbb9f1e11f4c2464/servers/b76a17e3-b143-43e1-9efa-7a4cff91d29c", "rel": "bookmark"}], "key_name": "tempest-TestGettingAddress-855669485", "image": {"id": "9d4948d3-170f-4ecd-8aeb-84a3279bad87", "links": [{"href": "http://10.0.2.15:8774/b827c3e46001430dbbb9f1e11f4c2464/images/9d4948d3-170f-4ecd-8aeb-84a3279bad87", "rel": "bookmark"}]}, "OS-EXT-STS:task_state": "deleting", "OS-EXT-STS:vm_state": "active", "OS-SRV-USG:launched_at": "2015-12-04T20:38:46.000000", "flavor": {"id": "42", "links": [{"href": "http://10.0.2.15:8774/b827c3e46001430dbbb9f1e11f4c2464/flavors/42", "rel": "bookmark"}]}, "id": "b76a17e3-b143-43e1-9efa-7a4cff91d29c", "security_groups": [{"name": "tempest-secgroup-smoke-521619432"}], "OS-SRV-USG:terminated_at": null, "OS-EXT-AZ:availability_zone": "nova", "user_id": "2e1cd0bdc2954475adbaecbb58d47d4b", "name": "tempest.common.compute-instance-2019129308", "created": "2015-12-04T20:38:42Z", "tenant_id": "b827c3e46001430dbbb9f1e11f4c2464", "OS-DCF:diskConfig": "MANUAL", "os-extended-volumes:volumes_attached": [], "accessIPv4": "", "accessIPv6": "", "progress": 0, "OS-EXT-STS:power_state": 1, "config_drive": "True", "metadata": {}}}
2015-12-04 20:42:22,771 27320 INFO     [tempest_lib.common.rest_client] Request (TestGettingAddress:_run_cleanups): 200 GET http://10.0.2.15:8774/v2.1/b827c3e46001430dbbb9f1e11f4c2464/servers/b76a17e3-b143-43e1-9efa-7a4cff91d29c 0.158s
2015-12-04 20:42:22,771 27320 DEBUG    [tempest_lib.common.rest_client] Request - Headers: {'Content-Type': 'application/json', 'Accept': 'application/json', 'X-Auth-Token': '&lt;omitted&gt;'}
        Body: None
    Response - Headers: {'status': '200', 'content-length': '1439', 'content-location': 'http://10.0.2.15:8774/v2.1/b827c3e46001430dbbb9f1e11f4c2464/servers/b76a17e3-b143-43e1-9efa-7a4cff91d29c', 'x-compute-request-id': 'req-759db131-24c2-466d-8f1c-d2b025222659', 'vary': 'X-OpenStack-Nova-API-Version', 'connection': 'close', 'x-openstack-nova-api-version': '2.1', 'date': 'Fri, 04 Dec 2015 20:42:22 GMT', 'content-type': 'application/json'}
        Body: {"server": {"status": "ACTIVE", "updated": "2015-12-04T20:42:22Z", "hostId": "14f5122c059344076d82bd175dc41acd3d22b8fab59db7999a209feb", "addresses": {}, "links": [{"href": "http://10.0.2.15:8774/v2.1/b827c3e46001430dbbb9f1e11f4c2464/servers/b76a17e3-b143-43e1-9efa-7a4cff91d29c", "rel": "self"}, {"href": "http://10.0.2.15:8774/b827c3e46001430dbbb9f1e11f4c2464/servers/b76a17e3-b143-43e1-9efa-7a4cff91d29c", "rel": "bookmark"}], "key_name": "tempest-TestGettingAddress-855669485", "image": {"id": "9d4948d3-170f-4ecd-8aeb-84a3279bad87", "links": [{"href": "http://10.0.2.15:8774/b827c3e46001430dbbb9f1e11f4c2464/images/9d4948d3-170f-4ecd-8aeb-84a3279bad87", "rel": "bookmark"}]}, "OS-EXT-STS:task_state": "deleting", "OS-EXT-STS:vm_state": "active", "OS-SRV-USG:launched_at": "2015-12-04T20:38:46.000000", "flavor": {"id": "42", "links": [{"href": "http://10.0.2.15:8774/b827c3e46001430dbbb9f1e11f4c2464/flavors/42", "rel": "bookmark"}]}, "id": "b76a17e3-b143-43e1-9efa-7a4cff91d29c", "OS-SRV-USG:terminated_at": null, "OS-EXT-AZ:availability_zone": "nova", "user_id": "2e1cd0bdc2954475adbaecbb58d47d4b", "name": "tempest.common.compute-instance-2019129308", "created": "2015-12-04T20:38:42Z", "tenant_id": "b827c3e46001430dbbb9f1e11f4c2464", "OS-DCF:diskConfig": "MANUAL", "os-extended-volumes:volumes_attached": [], "accessIPv4": "", "accessIPv6": "", "progress": 0, "OS-EXT-STS:power_state": 1, "config_drive": "True", "metadata": {}}}
2015-12-04 20:42:23,873 27320 INFO     [tempest_lib.common.rest_client] Request (TestGettingAddress:_run_cleanups): 404 GET http://10.0.2.15:8774/v2.1/b827c3e46001430dbbb9f1e11f4c2464/servers/b76a17e3-b143-43e1-9efa-7a4cff91d29c 0.090s
2015-12-04 20:42:23,874 27320 DEBUG    [tempest_lib.common.rest_client] Request - Headers: {'Content-Type': 'application/json', 'Accept': 'application/json', 'X-Auth-Token': '&lt;omitted&gt;'}
        Body: None
    Response - Headers: {'status': '404', 'content-length': '111', 'x-compute-request-id': 'req-90a07164-d7ab-47a9-a352-736b2daeec40', 'vary': 'X-OpenStack-Nova-API-Version', 'connection': 'close', 'x-openstack-nova-api-version': '2.1', 'date': 'Fri, 04 Dec 2015 20:42:23 GMT', 'content-type': 'application/json; charset=UTF-8'}
        Body: {"itemNotFound": {"message": "Instance b76a17e3-b143-43e1-9efa-7a4cff91d29c could not be found.", "code": 404}}
2015-12-04 20:42:24,242 27320 INFO     [tempest_lib.common.rest_client] Request (TestGettingAddress:_run_cleanups): 200 PUT http://10.0.2.15:9696/v2.0/routers/6e359fe2-9615-4b1e-b893-62509afd4eb4/remove_router_interface 0.366s
2015-12-04 20:42:24,242 27320 DEBUG    [tempest_lib.common.rest_client] Request - Headers: {'Content-Type': 'application/json', 'Accept': 'application/json', 'X-Auth-Token': '&lt;omitted&gt;'}
        Body: {"subnet_id": "cabf9e5b-2428-42fa-a05f-fb3e9a3638e5"}
