<?xml version="1.0" encoding="UTF-8"?>
<!DOCTYPE html PUBLIC "-//W3C//DTD XHTML 1.0 Strict//EN"
     "http://www.w3.org/TR/xhtml1/DTD/xhtml1-strict.dtd">
<html xmlns="http://www.w3.org/1999/xhtml">
<head>
    <title>Unit Test Report</title>
    <meta name="generator" content="subunit2html 0.1"/>
    <meta http-equiv="Content-Type" content="text/html; charset=UTF-8"/>
    
<style type="text/css" media="screen">
body        { font-family: verdana, arial, helvetica, sans-serif;
    font-size: 80%; }
table       { font-size: 100%; width: 100%;}
pre         { font-size: 80%; }

/* -- heading -------------------------------------------------------------- */
h1 {
        font-size: 16pt;
        color: gray;
}
.heading {
    margin-top: 0ex;
    margin-bottom: 1ex;
}

.heading .attribute {
    margin-top: 1ex;
    margin-bottom: 0;
}

.heading .description {
    margin-top: 4ex;
    margin-bottom: 6ex;
}

/* -- css div popup -------------------------------------------------------- */
a.popup_link {
}

a.popup_link:hover {
    color: red;
}

.popup_window {
    display: none;
    overflow-x: scroll;
    /*border: solid #627173 1px; */
    padding: 10px;
    background-color: #E6E6D6;
    font-family: "Ubuntu Mono", "Lucida Console", "Courier New", monospace;
    text-align: left;
    font-size: 8pt;
}

}
/* -- report --------------------------------------------------------------- */
#show_detail_line {
    margin-top: 3ex;
    margin-bottom: 1ex;
}
#result_table {
    width: 100%;
    border-collapse: collapse;
    border: 1px solid #777;
}
#header_row {
    font-weight: bold;
    color: white;
    background-color: #777;
}
#result_table td {
    border: 1px solid #777;
    padding: 2px;
}
#total_row  { font-weight: bold; }
.passClass  { background-color: #6c6; }
.failClass  { background-color: #c60; }
.errorClass { background-color: #c00; }
.passCase   { color: #6c6; }
.failCase   { color: #c60; font-weight: bold; }
.errorCase  { color: #c00; font-weight: bold; }
.hiddenRow  { display: none; }
.testcase   { margin-left: 2em; }
td.testname {width: 40%}
td.small {width: 40px}

/* -- ending --------------------------------------------------------------- */
#ending {
}

</style>

</head>
<body>
<script language="javascript" type="text/javascript"><!--
output_list = Array();

/* level - 0:Summary; 1:Failed; 2:All */
function showCase(level) {
    trs = document.getElementsByTagName("tr");
    for (var i = 0; i < trs.length; i++) {
        tr = trs[i];
        id = tr.id;
        if (id.substr(0,2) == 'ft') {
            if (level < 1) {
                tr.className = 'hiddenRow';
            }
            else {
                tr.className = '';
            }
        }
        if (id.substr(0,2) == 'pt') {
            if (level > 1) {
                tr.className = '';
            }
            else {
                tr.className = 'hiddenRow';
            }
        }
    }
}


function showClassDetail(cid, count) {
    var id_list = Array(count);
    var toHide = 1;
    for (var i = 0; i < count; i++) {
        tid0 = 't' + cid.substr(1) + '.' + (i+1);
        tid = 'f' + tid0;
        tr = document.getElementById(tid);
        if (!tr) {
            tid = 'p' + tid0;
            tr = document.getElementById(tid);
        }
        id_list[i] = tid;
        if (tr.className) {
            toHide = 0;
        }
    }
    for (var i = 0; i < count; i++) {
        tid = id_list[i];
        if (toHide) {
            document.getElementById('div_'+tid).style.display = 'none'
            document.getElementById(tid).className = 'hiddenRow';
        }
        else {
            document.getElementById(tid).className = '';
        }
    }
}


function showTestDetail(div_id){
    var details_div = document.getElementById(div_id)
    var displayState = details_div.style.display
    // alert(displayState)
    if (displayState != 'block' ) {
        displayState = 'block'
        details_div.style.display = 'block'
    }
    else {
        details_div.style.display = 'none'
    }
}


function html_escape(s) {
    s = s.replace(/&/g,'&amp;');
    s = s.replace(/</g,'&lt;');
    s = s.replace(/>/g,'&gt;');
    return s;
}

/* obsoleted by detail in <div>
function showOutput(id, name) {
    var w = window.open("", //url
                    name,
                    "resizable,scrollbars,status,width=800,height=450");
    d = w.document;
    d.write("<pre>");
    d.write(html_escape(output_list[id]));
    d.write("\n");
    d.write("<a href='javascript:window.close()'>close</a>\n");
    d.write("</pre>\n");
    d.close();
}
*/
--></script>

<div class='heading'>
<h1>Unit Test Report</h1>

<p class='attribute'><strong>Status:</strong> Failure 8</p>

<p class='description'></p>
</div>



<p id='show_detail_line'>Show
<a href='javascript:showCase(0)'>Summary</a>
<a href='javascript:showCase(1)'>Failed</a>
<a href='javascript:showCase(2)'>All</a>
</p>
<table id='result_table'>
<colgroup>
<col align='left' />
<col align='right' />
<col align='right' />
<col align='right' />
<col align='right' />
<col align='right' />
<col align='right' />
<col align='right' />
</colgroup>
<tr id='header_row'>
    <td>Test Group/Test case</td>
    <td>Count</td>
    <td>Pass</td>
    <td>Fail</td>
    <td>Error</td>
    <td>Skip</td>
    <td>View</td>
    <td> </td>
</tr>

<tr class='failClass'>
    <td class="testname">tempest.scenario.test_network_v6.TestGettingAddress</td>
    <td class="small">8</td>
    <td class="small">0</td>
    <td class="small">8</td>
    <td class="small">0</td>
    <td class="small">0</td>
    <td class="small"><a href="javascript:showClassDetail('c1',8)"
>Detail</a></td>
    <td> </td>
</tr>

<tr id='ft1.1' class='none'>
    <td class='failCase'><div class='testcase'>test_dhcp6_stateless_from_os[compute,id-d7e1f858-187c-45a6-89c9-bdafde619a9f,network]</div></td>
    <td colspan='7' align='left'>

    <!--css div popup start-->
    <a class="popup_link" onfocus='this.blur();'
    href="javascript:showTestDetail('div_ft1.1')" >
        fail</a>

    <div id='div_ft1.1' class="popup_window">
        <div style='text-align: right; color:red;cursor:pointer'>
        <a onfocus='this.blur();'
onclick="document.getElementById('div_ft1.1').style.display = 'none' " >
           [x]</a>
        </div>
        <pre>
        
ft1.1: tempest.scenario.test_network_v6.TestGettingAddress.test_dhcp6_stateless_from_os[compute,id-d7e1f858-187c-45a6-89c9-bdafde619a9f,network]_StringException: Empty attachments:
  stderr
  stdout

pythonlogging:'': {{{
2015-12-15 05:07:45,698 24564 INFO     [tempest_lib.common.rest_client] Request (TestGettingAddress:setUp): 200 POST http://10.0.2.15:8774/v2.1/517059922d854ca1a73a52b9be3b4131/os-keypairs 1.459s
2015-12-15 05:07:45,699 24564 DEBUG    [tempest_lib.common.rest_client] Request - Headers: {'Content-Type': 'application/json', 'Accept': 'application/json', 'X-Auth-Token': '&lt;omitted&gt;'}
        Body: {"keypair": {"name": "tempest-TestGettingAddress-252507383"}}
    Response - Headers: {'status': '200', 'content-length': '2319', 'x-compute-request-id': 'req-49ecd61d-b6b1-4f5f-aa3f-16d42edcfec9', 'vary': 'X-OpenStack-Nova-API-Version', 'connection': 'close', 'x-openstack-nova-api-version': '2.1', 'date': 'Tue, 15 Dec 2015 05:07:45 GMT', 'content-type': 'application/json'}
        Body: {"keypair": {"public_key": "ssh-rsa AAAAB3NzaC1yc2EAAAADAQABAAABAQCLZDhryUGortd9Mm5AvWOd8OIxYQ/Vm8km07g5sIol0Iwua6HUbTfhAp6eUGVoiviH2/aYb5FGTUJMtLmMSYGCZauAejrfAyk/0Kh/fJyU+75E5iSMZru3GSVn2+5jD3B7Eo7/A9YUb+W3LBphbvSYfj6a7VfKVmD2/+Ho9tkyeU92wF+CF2WgA71qmqu4cHgobziADqrImT4vYpB+RxTXnfFE8JQzlKCh+keQ3t+BrEWqDx3LOklQX9ehmtahOxvKcmMvmT/SFESWqrYlJyWn5JBbWrR+PEp8HDrhhg2GQaztp/HzThSjbemRdulO95fqDc2vJaARhMt68AHWoX9r Generated-by-Nova", "private_key": "-----BEGIN RSA PRIVATE KEY-----\nMIIEqQIBAAKCAQEAi2Q4a8lBqK7XfTJuQL1jnfDiMWEP1ZvJJtO4ObCKJdCMLmuh\n1G034QKenlBlaIr4h9v2mG+RRk1CTLS5jEmBgmWrgHo63wMpP9Cof3yclPu+ROYk\njGa7txklZ9vuYw9wexKO/wPWFG/ltywaYW70mH4+mu1XylZg9v/h6PbZMnlPdsBf\nghdloAO9apqruHB4KG84gA6qyJk+L2KQfkcU153xRPCUM5SgofpHkN7fgaxFqg8d\nyzpJUF/XoZrWoTsbynJjL5k/0hRElqq2JSclp+SQW1q0fjxKfBw64YYNhkGs7afx\n804Uo23pkXbpTveX6g3NryWgEYTLevAB1qF/awIDAQABAoIBAHXaLGHlbSAjg4oU\nw2b1OW5mJbg+KlceOfob85zDCGpkYsE0u0SRezdBMb8ElljHds3XSi0j1x4rYCze\neCqGU3teXpxnu7KmR4/u6Sewweqs1fgG5UvX6EosdpXTO0CB40YLMN+n7K6m1QAD\nx+ItH5x20JPIq/slASKUwfpoCsdCzlchCYKtg+jHk9+1Jat6+wffjCl/9oeLHVdW\nUCVJrHDM1JmevRf/0iBNXTwzj+80Rj2L7lgHb1Y0yeZBPa8UZwiZPwaqKT/Hf67z\n25OmSnOVI1dU+YM8BT5mPZ1O8gbI/UDS0sKfOWwq4twR/pVg0MDicelkt9qeBCDf\nFY7tqiECggCBALoNbG8H36W2n3psuoLxzMF1keOvxaetlSF0qbDDyUaYZTRBCoCy\nmK4VIfXbIrZM/yQk+JvPg+YdGgnkM1Gy6PTLWqG+RLHR4BbaLAC25BQ56957IqXV\n7eYtzzqcYmjAG69/XpJG/AmWE9/P7qBdUzBlvURkRzYCFbCThKYmGVBTAoIAgQC/\ny+x+BS+PY9YGLQrL5lI4zl64x1JV2phP1bue5EuDL8HDoQ8sYAUmbvIvRg3cvU9w\nElxWJduqWf9wYZagSisOdYX0w2MZY77BreEKYzFdBjlrEOK9DmKNP05qLJg6/kvk\no+OC9svwl0wgeSZdCPee/xfMOFR9OkD0vz8fkEARiQKCAIEAldKPek3F3KVWgXij\nLSVYdIWfyNFYArI2wG045N6U6+N2xACIW6D2cGEWKuyfZFxWrZ2UEaynE5xlxodc\niDLhg5dqUYttuCBBK0XfX2fn/R2zgkJ4YUEHxW8oTJN4b9Abu1R/LJ47AeE3+ehw\nyfS9M+EJ69QwwB4npzzz+fP+OH8CggCAX5hrmnBJQUX4kgF3RSPaTXgG3EB0uFgI\n3JniNxMA1DVEdZZcMrj1OC/KRGe9Vw2Af5KXNVUPRLwwxjnN0rzE8yL+jn2ocio2\nFODurre8DeqhSc0TxjlaQ56PHfp2Mck32JEbP9Z01ckDZ5ga1/o1OalZmi9lZTlY\n0ORVuQyz8kkCggCBALP5sYIW0e1LIbO20LPYps2NFoHsGT47xY/jZcsAA+NPcCBN\nW+sBYAAQdY72NmIjgS7pBo22XhfSPPgUXWqZtsZQpGJoccUBVXZ4self7sN3ImOm\nqMW0Ggdk8Q0dHP9mJMljHUodWmc5CfHvg0AsiTmRpgfgtHe70e5wN5Lo01Kr\n-----END RSA PRIVATE KEY-----\n", "user_id": "54927b906683446ba4a8b914995a388a", "name": "tempest-TestGettingAddress-252507383", "fingerprint": "8f:e1:06:a2:9b:47:45:12:4c:90:12:81:2b:7a:77:a9"}}
2015-12-15 05:07:46,045 24564 INFO     [tempest_lib.common.rest_client] Request (TestGettingAddress:setUp): 201 POST http://10.0.2.15:9696/v2.0/security-groups 0.341s
2015-12-15 05:07:46,046 24564 DEBUG    [tempest_lib.common.rest_client] Request - Headers: {'Content-Type': 'application/json', 'Accept': 'application/json', 'X-Auth-Token': '&lt;omitted&gt;'}
        Body: {"security_group": {"tenant_id": "517059922d854ca1a73a52b9be3b4131", "description": "tempest-secgroup-smoke-1899326106 description", "name": "tempest-secgroup-smoke-1899326106"}}
    Response - Headers: {'status': '201', 'content-length': '888', 'connection': 'close', 'date': 'Tue, 15 Dec 2015 05:07:46 GMT', 'content-type': 'application/json; charset=UTF-8', 'x-openstack-request-id': 'req-e52ce8f0-55e8-48db-af5e-464ffe70065d'}
        Body: {"security_group": {"tenant_id": "517059922d854ca1a73a52b9be3b4131", "description": "tempest-secgroup-smoke-1899326106 description", "id": "2e1937f2-f15d-411f-96b9-b2801e678034", "security_group_rules": [{"remote_group_id": null, "direction": "egress", "remote_ip_prefix": null, "protocol": null, "ethertype": "IPv4", "tenant_id": "517059922d854ca1a73a52b9be3b4131", "port_range_max": null, "port_range_min": null, "id": "b68dfe86-5af6-4a64-86a4-be155913cc35", "security_group_id": "2e1937f2-f15d-411f-96b9-b2801e678034"}, {"remote_group_id": null, "direction": "egress", "remote_ip_prefix": null, "protocol": null, "ethertype": "IPv6", "tenant_id": "517059922d854ca1a73a52b9be3b4131", "port_range_max": null, "port_range_min": null, "id": "07c51689-748f-45d3-9655-76383bbf1792", "security_group_id": "2e1937f2-f15d-411f-96b9-b2801e678034"}], "name": "tempest-secgroup-smoke-1899326106"}}
2015-12-15 05:07:46,170 24564 INFO     [tempest_lib.common.rest_client] Request (TestGettingAddress:setUp): 201 POST http://10.0.2.15:9696/v2.0/security-group-rules 0.122s
2015-12-15 05:07:46,170 24564 DEBUG    [tempest_lib.common.rest_client] Request - Headers: {'Content-Type': 'application/json', 'Accept': 'application/json', 'X-Auth-Token': '&lt;omitted&gt;'}
        Body: {"security_group_rule": {"direction": "ingress", "protocol": "tcp", "tenant_id": "517059922d854ca1a73a52b9be3b4131", "port_range_max": 22, "security_group_id": "2e1937f2-f15d-411f-96b9-b2801e678034", "port_range_min": 22}}
    Response - Headers: {'status': '201', 'content-length': '340', 'connection': 'close', 'date': 'Tue, 15 Dec 2015 05:07:46 GMT', 'content-type': 'application/json; charset=UTF-8', 'x-openstack-request-id': 'req-2a420ff5-7de4-4421-966e-35e25eeb4d3e'}
        Body: {"security_group_rule": {"remote_group_id": null, "direction": "ingress", "remote_ip_prefix": null, "protocol": "tcp", "ethertype": "IPv4", "tenant_id": "517059922d854ca1a73a52b9be3b4131", "port_range_max": 22, "port_range_min": 22, "id": "c9922085-a7d0-4763-8885-e9c9c0eb471a", "security_group_id": "2e1937f2-f15d-411f-96b9-b2801e678034"}}
2015-12-15 05:07:46,288 24564 INFO     [tempest_lib.common.rest_client] Request (TestGettingAddress:setUp): 201 POST http://10.0.2.15:9696/v2.0/security-group-rules 0.115s
2015-12-15 05:07:46,289 24564 DEBUG    [tempest_lib.common.rest_client] Request - Headers: {'Content-Type': 'application/json', 'Accept': 'application/json', 'X-Auth-Token': '&lt;omitted&gt;'}
        Body: {"security_group_rule": {"direction": "egress", "protocol": "tcp", "tenant_id": "517059922d854ca1a73a52b9be3b4131", "port_range_max": 22, "security_group_id": "2e1937f2-f15d-411f-96b9-b2801e678034", "port_range_min": 22}}
    Response - Headers: {'status': '201', 'content-length': '339', 'connection': 'close', 'date': 'Tue, 15 Dec 2015 05:07:46 GMT', 'content-type': 'application/json; charset=UTF-8', 'x-openstack-request-id': 'req-05666594-4c74-45cf-b291-d92e22a2315b'}
        Body: {"security_group_rule": {"remote_group_id": null, "direction": "egress", "remote_ip_prefix": null, "protocol": "tcp", "ethertype": "IPv4", "tenant_id": "517059922d854ca1a73a52b9be3b4131", "port_range_max": 22, "port_range_min": 22, "id": "40374e7e-2233-4223-adff-0531bb956202", "security_group_id": "2e1937f2-f15d-411f-96b9-b2801e678034"}}
2015-12-15 05:07:46,541 24564 INFO     [tempest_lib.common.rest_client] Request (TestGettingAddress:setUp): 201 POST http://10.0.2.15:9696/v2.0/security-group-rules 0.249s
2015-12-15 05:07:46,542 24564 DEBUG    [tempest_lib.common.rest_client] Request - Headers: {'Content-Type': 'application/json', 'Accept': 'application/json', 'X-Auth-Token': '&lt;omitted&gt;'}
        Body: {"security_group_rule": {"tenant_id": "517059922d854ca1a73a52b9be3b4131", "direction": "ingress", "protocol": "icmp", "security_group_id": "2e1937f2-f15d-411f-96b9-b2801e678034"}}
    Response - Headers: {'status': '201', 'content-length': '345', 'connection': 'close', 'date': 'Tue, 15 Dec 2015 05:07:46 GMT', 'content-type': 'application/json; charset=UTF-8', 'x-openstack-request-id': 'req-8767a40f-88f0-4e9c-acc6-9935f17efa0c'}
        Body: {"security_group_rule": {"remote_group_id": null, "direction": "ingress", "remote_ip_prefix": null, "protocol": "icmp", "ethertype": "IPv4", "tenant_id": "517059922d854ca1a73a52b9be3b4131", "port_range_max": null, "port_range_min": null, "id": "86b8d61b-4087-447d-b9f2-cf85e33f0e3a", "security_group_id": "2e1937f2-f15d-411f-96b9-b2801e678034"}}
2015-12-15 05:07:46,656 24564 INFO     [tempest_lib.common.rest_client] Request (TestGettingAddress:setUp): 201 POST http://10.0.2.15:9696/v2.0/security-group-rules 0.112s
2015-12-15 05:07:46,657 24564 DEBUG    [tempest_lib.common.rest_client] Request - Headers: {'Content-Type': 'application/json', 'Accept': 'application/json', 'X-Auth-Token': '&lt;omitted&gt;'}
        Body: {"security_group_rule": {"tenant_id": "517059922d854ca1a73a52b9be3b4131", "direction": "egress", "protocol": "icmp", "security_group_id": "2e1937f2-f15d-411f-96b9-b2801e678034"}}
    Response - Headers: {'status': '201', 'content-length': '344', 'connection': 'close', 'date': 'Tue, 15 Dec 2015 05:07:46 GMT', 'content-type': 'application/json; charset=UTF-8', 'x-openstack-request-id': 'req-12c048da-be6c-4ee9-8584-ff4dba7b1de3'}
        Body: {"security_group_rule": {"remote_group_id": null, "direction": "egress", "remote_ip_prefix": null, "protocol": "icmp", "ethertype": "IPv4", "tenant_id": "517059922d854ca1a73a52b9be3b4131", "port_range_max": null, "port_range_min": null, "id": "baf19048-eb53-4a2b-ae2b-3b6d9cf05faa", "security_group_id": "2e1937f2-f15d-411f-96b9-b2801e678034"}}
2015-12-15 05:07:46,760 24564 INFO     [tempest_lib.common.rest_client] Request (TestGettingAddress:setUp): 201 POST http://10.0.2.15:9696/v2.0/security-group-rules 0.102s
2015-12-15 05:07:46,761 24564 DEBUG    [tempest_lib.common.rest_client] Request - Headers: {'Content-Type': 'application/json', 'Accept': 'application/json', 'X-Auth-Token': '&lt;omitted&gt;'}
        Body: {"security_group_rule": {"tenant_id": "517059922d854ca1a73a52b9be3b4131", "direction": "ingress", "security_group_id": "2e1937f2-f15d-411f-96b9-b2801e678034", "protocol": "icmp", "ethertype": "IPv6"}}
    Response - Headers: {'status': '201', 'content-length': '345', 'connection': 'close', 'date': 'Tue, 15 Dec 2015 05:07:46 GMT', 'content-type': 'application/json; charset=UTF-8', 'x-openstack-request-id': 'req-291cb99e-5911-4ec8-b7e1-dee4ff269716'}
        Body: {"security_group_rule": {"remote_group_id": null, "direction": "ingress", "remote_ip_prefix": null, "protocol": "icmp", "ethertype": "IPv6", "tenant_id": "517059922d854ca1a73a52b9be3b4131", "port_range_max": null, "port_range_min": null, "id": "49108791-937f-4668-a6dd-6893fbc2eb51", "security_group_id": "2e1937f2-f15d-411f-96b9-b2801e678034"}}
2015-12-15 05:07:46,872 24564 INFO     [tempest_lib.common.rest_client] Request (TestGettingAddress:setUp): 201 POST http://10.0.2.15:9696/v2.0/security-group-rules 0.109s
2015-12-15 05:07:46,872 24564 DEBUG    [tempest_lib.common.rest_client] Request - Headers: {'Content-Type': 'application/json', 'Accept': 'application/json', 'X-Auth-Token': '&lt;omitted&gt;'}
        Body: {"security_group_rule": {"tenant_id": "517059922d854ca1a73a52b9be3b4131", "direction": "egress", "security_group_id": "2e1937f2-f15d-411f-96b9-b2801e678034", "protocol": "icmp", "ethertype": "IPv6"}}
    Response - Headers: {'status': '201', 'content-length': '344', 'connection': 'close', 'date': 'Tue, 15 Dec 2015 05:07:46 GMT', 'content-type': 'application/json; charset=UTF-8', 'x-openstack-request-id': 'req-46809b74-31ee-4b54-8504-a634520afe7d'}
        Body: {"security_group_rule": {"remote_group_id": null, "direction": "egress", "remote_ip_prefix": null, "protocol": "icmp", "ethertype": "IPv6", "tenant_id": "517059922d854ca1a73a52b9be3b4131", "port_range_max": null, "port_range_min": null, "id": "16d065ba-6fd1-430c-9fe9-702cf1595bda", "security_group_id": "2e1937f2-f15d-411f-96b9-b2801e678034"}}
2015-12-15 05:07:47,014 24564 INFO     [tempest_lib.common.rest_client] Request (TestGettingAddress:test_dhcp6_stateless_from_os): 201 POST http://10.0.2.15:9696/v2.0/networks 0.140s
2015-12-15 05:07:47,015 24564 DEBUG    [tempest_lib.common.rest_client] Request - Headers: {'Content-Type': 'application/json', 'Accept': 'application/json', 'X-Auth-Token': '&lt;omitted&gt;'}
        Body: {"network": {"tenant_id": "517059922d854ca1a73a52b9be3b4131", "name": "tempest-network-smoke--1099473687"}}
    Response - Headers: {'status': '201', 'content-length': '296', 'connection': 'close', 'date': 'Tue, 15 Dec 2015 05:07:47 GMT', 'content-type': 'application/json; charset=UTF-8', 'x-openstack-request-id': 'req-f704ddef-80dd-4000-b81b-151631ff3384'}
        Body: {"network": {"status": "ACTIVE", "subnets": [], "name": "tempest-network-smoke--1099473687", "admin_state_up": true, "tenant_id": "517059922d854ca1a73a52b9be3b4131", "mtu": 0, "router:external": false, "shared": false, "port_security_enabled": true, "id": "94cbc4d2-d2e0-4910-abcc-418316297132"}}
2015-12-15 05:07:47,183 24564 INFO     [tempest_lib.common.rest_client] Request (TestGettingAddress:test_dhcp6_stateless_from_os): 200 GET http://10.0.2.15:9696/v2.0/subnets?tenant_id=517059922d854ca1a73a52b9be3b4131&amp;cidr=10.100.0.0%2F28 0.166s
2015-12-15 05:07:47,184 24564 DEBUG    [tempest_lib.common.rest_client] Request - Headers: {'Content-Type': 'application/json', 'Accept': 'application/json', 'X-Auth-Token': '&lt;omitted&gt;'}
        Body: None
    Response - Headers: {'status': '200', 'content-length': '15', 'content-location': 'http://10.0.2.15:9696/v2.0/subnets?tenant_id=517059922d854ca1a73a52b9be3b4131&amp;cidr=10.100.0.0%2F28', 'connection': 'close', 'date': 'Tue, 15 Dec 2015 05:07:47 GMT', 'content-type': 'application/json; charset=UTF-8', 'x-openstack-request-id': 'req-2e8168c9-19c2-4eb3-92d3-192b0ea8b22e'}
        Body: {"subnets": []}
2015-12-15 05:07:47,465 24564 INFO     [tempest_lib.common.rest_client] Request (TestGettingAddress:test_dhcp6_stateless_from_os): 201 POST http://10.0.2.15:9696/v2.0/subnets 0.280s
2015-12-15 05:07:47,466 24564 DEBUG    [tempest_lib.common.rest_client] Request - Headers: {'Content-Type': 'application/json', 'Accept': 'application/json', 'X-Auth-Token': '&lt;omitted&gt;'}
        Body: {"subnet": {"ip_version": 4, "tenant_id": "517059922d854ca1a73a52b9be3b4131", "cidr": "10.100.0.0/28", "network_id": "94cbc4d2-d2e0-4910-abcc-418316297132", "name": "tempest-sub4-1797836088"}}
    Response - Headers: {'status': '201', 'content-length': '470', 'connection': 'close', 'date': 'Tue, 15 Dec 2015 05:07:47 GMT', 'content-type': 'application/json; charset=UTF-8', 'x-openstack-request-id': 'req-8562b8a0-a2ac-4b97-a98c-32d6d86c5664'}
        Body: {"subnet": {"name": "tempest-sub4-1797836088", "enable_dhcp": true, "network_id": "94cbc4d2-d2e0-4910-abcc-418316297132", "tenant_id": "517059922d854ca1a73a52b9be3b4131", "dns_nameservers": [], "gateway_ip": "10.100.0.1", "ipv6_ra_mode": null, "allocation_pools": [{"start": "10.100.0.2", "end": "10.100.0.14"}], "host_routes": [], "ip_version": 4, "ipv6_address_mode": null, "cidr": "10.100.0.0/28", "id": "5699c566-adf8-47da-a734-9b9e63dab44a", "subnetpool_id": null}}
2015-12-15 05:07:47,534 24564 INFO     [tempest_lib.common.rest_client] Request (TestGettingAddress:test_dhcp6_stateless_from_os): 201 POST http://10.0.2.15:9696/v2.0/routers 0.066s
2015-12-15 05:07:47,534 24564 DEBUG    [tempest_lib.common.rest_client] Request - Headers: {'Content-Type': 'application/json', 'Accept': 'application/json', 'X-Auth-Token': '&lt;omitted&gt;'}
        Body: {"router": {"tenant_id": "517059922d854ca1a73a52b9be3b4131", "name": "tempest-router-smoke-1318206049", "admin_state_up": true}}
    Response - Headers: {'status': '201', 'content-length': '239', 'connection': 'close', 'date': 'Tue, 15 Dec 2015 05:07:47 GMT', 'content-type': 'application/json; charset=UTF-8', 'x-openstack-request-id': 'req-bf313179-ca4a-485a-b9c7-2c16bdb32f60'}
        Body: {"router": {"status": "ACTIVE", "external_gateway_info": null, "name": "tempest-router-smoke-1318206049", "admin_state_up": true, "tenant_id": "517059922d854ca1a73a52b9be3b4131", "routes": [], "id": "665bad64-b943-42fb-989f-d99882982e5a"}}
2015-12-15 05:07:47,576 24564 INFO     [tempest_lib.common.rest_client] Request (TestGettingAddress:test_dhcp6_stateless_from_os): 200 GET http://10.0.2.15:9696/v2.0/routers/665bad64-b943-42fb-989f-d99882982e5a 0.041s
2015-12-15 05:07:47,577 24564 DEBUG    [tempest_lib.common.rest_client] Request - Headers: {'Content-Type': 'application/json', 'Accept': 'application/json', 'X-Auth-Token': '&lt;omitted&gt;'}
        Body: None
    Response - Headers: {'status': '200', 'content-length': '239', 'content-location': 'http://10.0.2.15:9696/v2.0/routers/665bad64-b943-42fb-989f-d99882982e5a', 'connection': 'close', 'date': 'Tue, 15 Dec 2015 05:07:47 GMT', 'content-type': 'application/json; charset=UTF-8', 'x-openstack-request-id': 'req-0d7945a7-cdb1-46d0-9bc9-33b75974ed98'}
        Body: {"router": {"status": "ACTIVE", "external_gateway_info": null, "name": "tempest-router-smoke-1318206049", "admin_state_up": true, "tenant_id": "517059922d854ca1a73a52b9be3b4131", "routes": [], "id": "665bad64-b943-42fb-989f-d99882982e5a"}}
2015-12-15 05:07:48,222 24564 INFO     [tempest_lib.common.rest_client] Request (TestGettingAddress:test_dhcp6_stateless_from_os): 200 PUT http://10.0.2.15:9696/v2.0/routers/665bad64-b943-42fb-989f-d99882982e5a 0.644s
2015-12-15 05:07:48,222 24564 DEBUG    [tempest_lib.common.rest_client] Request - Headers: {'Content-Type': 'application/json', 'Accept': 'application/json', 'X-Auth-Token': '&lt;omitted&gt;'}
        Body: {"router": {"external_gateway_info": {"network_id": "64247697-19c3-432b-a019-d3ea1bdc94c9"}, "name": "tempest-router-smoke-1318206049", "admin_state_up": true}}
    Response - Headers: {'status': '200', 'content-length': '501', 'connection': 'close', 'date': 'Tue, 15 Dec 2015 05:07:48 GMT', 'content-type': 'application/json; charset=UTF-8', 'x-openstack-request-id': 'req-da7f536d-ac07-42e4-8bc2-0a8bb90410f0'}
        Body: {"router": {"status": "ACTIVE", "external_gateway_info": {"network_id": "64247697-19c3-432b-a019-d3ea1bdc94c9", "enable_snat": true, "external_fixed_ips": [{"subnet_id": "82e52a9b-7a60-4f54-a359-ebae5a98ed75", "ip_address": "172.24.4.3"}, {"subnet_id": "7aadad71-08e2-404f-bce2-43d25058301a", "ip_address": "2001:db8::4"}]}, "name": "tempest-router-smoke-1318206049", "admin_state_up": true, "tenant_id": "517059922d854ca1a73a52b9be3b4131", "routes": [], "id": "665bad64-b943-42fb-989f-d99882982e5a"}}
2015-12-15 05:07:48,705 24564 INFO     [tempest_lib.common.rest_client] Request (TestGettingAddress:test_dhcp6_stateless_from_os): 200 PUT http://10.0.2.15:9696/v2.0/routers/665bad64-b943-42fb-989f-d99882982e5a/add_router_interface 0.481s
2015-12-15 05:07:48,705 24564 DEBUG    [tempest_lib.common.rest_client] Request - Headers: {'Content-Type': 'application/json', 'Accept': 'application/json', 'X-Auth-Token': '&lt;omitted&gt;'}
        Body: {"subnet_id": "5699c566-adf8-47da-a734-9b9e63dab44a"}
    Response - Headers: {'status': '200', 'content-length': '255', 'connection': 'close', 'date': 'Tue, 15 Dec 2015 05:07:48 GMT', 'content-type': 'application/json; charset=UTF-8', 'x-openstack-request-id': 'req-b5411ded-27a7-479b-a194-1d1dabdea211'}
        Body: {"subnet_id": "5699c566-adf8-47da-a734-9b9e63dab44a", "tenant_id": "517059922d854ca1a73a52b9be3b4131", "subnet_ids": ["5699c566-adf8-47da-a734-9b9e63dab44a"], "port_id": "83901e7e-f0ed-489a-8a59-a02519174c79", "id": "665bad64-b943-42fb-989f-d99882982e5a"}
2015-12-15 05:07:48,736 24564 INFO     [tempest_lib.common.rest_client] Request (TestGettingAddress:test_dhcp6_stateless_from_os): 200 GET http://10.0.2.15:9696/v2.0/subnets?tenant_id=517059922d854ca1a73a52b9be3b4131&amp;cidr=2003%3A%3A%2F64 0.030s
2015-12-15 05:07:48,736 24564 DEBUG    [tempest_lib.common.rest_client] Request - Headers: {'Content-Type': 'application/json', 'Accept': 'application/json', 'X-Auth-Token': '&lt;omitted&gt;'}
        Body: None
    Response - Headers: {'status': '200', 'content-length': '15', 'content-location': 'http://10.0.2.15:9696/v2.0/subnets?tenant_id=517059922d854ca1a73a52b9be3b4131&amp;cidr=2003%3A%3A%2F64', 'connection': 'close', 'date': 'Tue, 15 Dec 2015 05:07:48 GMT', 'content-type': 'application/json; charset=UTF-8', 'x-openstack-request-id': 'req-25c60b4a-2e5f-4503-9a7f-23a3a19b5253'}
        Body: {"subnets": []}
2015-12-15 05:07:49,049 24564 INFO     [tempest_lib.common.rest_client] Request (TestGettingAddress:test_dhcp6_stateless_from_os): 201 POST http://10.0.2.15:9696/v2.0/subnets 0.312s
2015-12-15 05:07:49,049 24564 DEBUG    [tempest_lib.common.rest_client] Request - Headers: {'Content-Type': 'application/json', 'Accept': 'application/json', 'X-Auth-Token': '&lt;omitted&gt;'}
        Body: {"subnet": {"name": "tempest-sub6-1245428113", "network_id": "94cbc4d2-d2e0-4910-abcc-418316297132", "tenant_id": "517059922d854ca1a73a52b9be3b4131", "ipv6_ra_mode": "dhcpv6-stateless", "ip_version": 6, "ipv6_address_mode": "dhcpv6-stateless", "cidr": "2003::/64"}}
    Response - Headers: {'status': '201', 'content-length': '502', 'connection': 'close', 'date': 'Tue, 15 Dec 2015 05:07:49 GMT', 'content-type': 'application/json; charset=UTF-8', 'x-openstack-request-id': 'req-95548233-db28-4fda-88d2-b7be6b36792c'}
        Body: {"subnet": {"name": "tempest-sub6-1245428113", "enable_dhcp": true, "network_id": "94cbc4d2-d2e0-4910-abcc-418316297132", "tenant_id": "517059922d854ca1a73a52b9be3b4131", "dns_nameservers": [], "gateway_ip": "2003::1", "ipv6_ra_mode": "dhcpv6-stateless", "allocation_pools": [{"start": "2003::2", "end": "2003::ffff:ffff:ffff:ffff"}], "host_routes": [], "ip_version": 6, "ipv6_address_mode": "dhcpv6-stateless", "cidr": "2003::/64", "id": "031971aa-1958-4119-85e1-d4a8a71b72bc", "subnetpool_id": null}}
2015-12-15 05:07:49,637 24564 INFO     [tempest_lib.common.rest_client] Request (TestGettingAddress:test_dhcp6_stateless_from_os): 200 PUT http://10.0.2.15:9696/v2.0/routers/665bad64-b943-42fb-989f-d99882982e5a/add_router_interface 0.586s
2015-12-15 05:07:49,637 24564 DEBUG    [tempest_lib.common.rest_client] Request - Headers: {'Content-Type': 'application/json', 'Accept': 'application/json', 'X-Auth-Token': '&lt;omitted&gt;'}
        Body: {"subnet_id": "031971aa-1958-4119-85e1-d4a8a71b72bc"}
    Response - Headers: {'status': '200', 'content-length': '255', 'connection': 'close', 'date': 'Tue, 15 Dec 2015 05:07:49 GMT', 'content-type': 'application/json; charset=UTF-8', 'x-openstack-request-id': 'req-9d5de09c-cd35-4c1c-9214-27e0d42f52cd'}
        Body: {"subnet_id": "031971aa-1958-4119-85e1-d4a8a71b72bc", "tenant_id": "517059922d854ca1a73a52b9be3b4131", "subnet_ids": ["031971aa-1958-4119-85e1-d4a8a71b72bc"], "port_id": "3019eeff-03cc-427e-9b1a-0ce8273e61f6", "id": "665bad64-b943-42fb-989f-d99882982e5a"}
2015-12-15 05:07:49,751 24564 INFO     [tempest_lib.common.rest_client] Request (TestGettingAddress:test_dhcp6_stateless_from_os): 200 POST http://10.0.2.15:5000/v2.0/tokens
2015-12-15 05:07:49,751 24564 DEBUG    [tempest_lib.common.rest_client] Request - Headers: {'Content-Type': 'application/json', 'Accept': 'application/json'}
        Body: &lt;omitted&gt;
    Response - Headers: {'status': '200', 'content-length': '2526', 'vary': 'X-Auth-Token', 'server': 'Apache/2.4.7 (Ubuntu)', 'connection': 'close', 'date': 'Tue, 15 Dec 2015 05:07:49 GMT', 'content-type': 'application/json', 'x-openstack-request-id': 'req-0fc95f04-876c-464e-b3cc-c5bf16709c29'}
        Body: {"access": {"token": {"issued_at": "2015-12-15T05:07:49.742396", "expires": "2015-12-15T06:07:49Z", "id": "df7f8b6dd9d74a8d9e93ef6dd6d533b6", "tenant": {"description": "tempest-TestGettingAddress-1255076287-desc", "enabled": true, "id": "517059922d854ca1a73a52b9be3b4131", "name": "tempest-TestGettingAddress-1255076287"}, "audit_ids": ["I_bJ7ob4S0yauGLNyRrETQ"]}, "serviceCatalog": [{"endpoints": [{"adminURL": "http://10.0.2.15:8774/v2.1/517059922d854ca1a73a52b9be3b4131", "region": "RegionOne", "internalURL": "http://10.0.2.15:8774/v2.1/517059922d854ca1a73a52b9be3b4131", "id": "1697f47d90d2434dbd606d6f1890daaa", "publicURL": "http://10.0.2.15:8774/v2.1/517059922d854ca1a73a52b9be3b4131"}], "endpoints_links": [], "type": "compute", "name": "nova"}, {"endpoints": [{"adminURL": "http://10.0.2.15:9696/", "region": "RegionOne", "internalURL": "http://10.0.2.15:9696/", "id": "79d9e9620cfd4056ae5615f5eb325ec7", "publicURL": "http://10.0.2.15:9696/"}], "endpoints_links": [], "type": "network", "name": "neutron"}, {"endpoints": [{"adminURL": "http://10.0.2.15:9292", "region": "RegionOne", "internalURL": "http://10.0.2.15:9292", "id": "6d102a56535f4945a2bc84c0f0ce6d08", "publicURL": "http://10.0.2.15:9292"}], "endpoints_links": [], "type": "image", "name": "glance"}, {"endpoints": [{"adminURL": "http://10.0.2.15:8774/v2/517059922d854ca1a73a52b9be3b4131", "region": "RegionOne", "internalURL": "http://10.0.2.15:8774/v2/517059922d854ca1a73a52b9be3b4131", "id": "3797b50f794240b183ca5101821dd518", "publicURL": "http://10.0.2.15:8774/v2/517059922d854ca1a73a52b9be3b4131"}], "endpoints_links": [], "type": "compute_legacy", "name": "nova_legacy"}, {"endpoints": [{"adminURL": "http://10.0.2.15:8773/", "region": "RegionOne", "internalURL": "http://10.0.2.15:8773/", "id": "4a35ea72254746f99638356c9eaccec0", "publicURL": "http://10.0.2.15:8773/"}], "endpoints_links": [], "type": "ec2", "name": "ec2"}, {"endpoints": [{"adminURL": "http://10.0.2.15:35357/v2.0", "region": "RegionOne", "internalURL": "http://10.0.2.15:5000/v2.0", "id": "2f6f471bb90c49a384f29abb92c7a194", "publicURL": "http://10.0.2.15:5000/v2.0"}], "endpoints_links": [], "type": "identity", "name": "keystone"}], "user": {"username": "tempest-TestGettingAddress-1526793673", "roles_links": [], "id": "54927b906683446ba4a8b914995a388a", "roles": [{"name": "Member"}, {"name": "_member_"}], "name": "tempest-TestGettingAddress-1526793673"}, "metadata": {"is_admin": 0, "roles": ["c2099805fa5b4507bffe92106ff21ca6", "9fe2ff9ee4384b1894a90878d3e92bab"]}}}
2015-12-15 05:07:49,755 24564 DEBUG    [tempest.common.fixed_network] (TestGettingAddress:test_dhcp6_stateless_from_os) No valid network provided or created, defaulting to fixed_network_name
2015-12-15 05:07:50,092 24564 INFO     [tempest_lib.common.rest_client] Request (TestGettingAddress:test_dhcp6_stateless_from_os): 200 GET http://10.0.2.15:8774/v2.1/517059922d854ca1a73a52b9be3b4131/os-networks 0.336s
2015-12-15 05:07:50,093 24564 DEBUG    [tempest_lib.common.rest_client] Request - Headers: {'Content-Type': 'application/json', 'Accept': 'application/json', 'X-Auth-Token': '&lt;omitted&gt;'}
        Body: None
    Response - Headers: {'status': '200', 'content-length': '479', 'content-location': 'http://10.0.2.15:8774/v2.1/517059922d854ca1a73a52b9be3b4131/os-networks', 'x-compute-request-id': 'req-c7597004-098d-4e27-88e1-072ea3595435', 'vary': 'X-OpenStack-Nova-API-Version', 'connection': 'close', 'x-openstack-nova-api-version': '2.1', 'date': 'Tue, 15 Dec 2015 05:07:50 GMT', 'content-type': 'application/json'}
        Body: {"networks": [{"cidr_v6": null, "dns2": null, "dns1": null, "gateway": null, "broadcast": null, "netmask": null, "gateway_v6": null, "cidr": null, "label": "public", "id": "64247697-19c3-432b-a019-d3ea1bdc94c9", "netmask_v6": null}, {"cidr_v6": null, "dns2": null, "dns1": null, "gateway": null, "broadcast": null, "netmask": null, "gateway_v6": null, "cidr": null, "label": "tempest-network-smoke--1099473687", "id": "94cbc4d2-d2e0-4910-abcc-418316297132", "netmask_v6": null}]}
2015-12-15 05:07:50,094 24564 WARNING  [tempest.common.fixed_network] (TestGettingAddress:test_dhcp6_stateless_from_os) Network with name: private not found
2015-12-15 05:07:50,095 24564 INFO     [tempest.common.fixed_network] (TestGettingAddress:test_dhcp6_stateless_from_os) Found network {} available for tenant
2015-12-15 05:07:51,239 24564 INFO     [tempest_lib.common.rest_client] Request (TestGettingAddress:test_dhcp6_stateless_from_os): 202 POST http://10.0.2.15:8774/v2.1/517059922d854ca1a73a52b9be3b4131/servers 1.143s
2015-12-15 05:07:51,240 24564 DEBUG    [tempest_lib.common.rest_client] Request - Headers: {'Content-Type': 'application/json', 'Accept': 'application/json', 'X-Auth-Token': '&lt;omitted&gt;'}
        Body: {"server": {"name": "tempest.common.compute-instance-30662609", "imageRef": "5528bfb5-d0ad-4bf4-8385-b108c489a150", "key_name": "tempest-TestGettingAddress-252507383", "flavorRef": "42", "networks": [{"uuid": "94cbc4d2-d2e0-4910-abcc-418316297132"}], "security_groups": [{"name": "tempest-secgroup-smoke-1899326106"}]}}
    Response - Headers: {'status': '202', 'content-length': '462', 'x-compute-request-id': 'req-e5d712c6-ad64-4ece-9971-480d14c749b4', 'vary': 'X-OpenStack-Nova-API-Version', 'connection': 'close', 'location': 'http://10.0.2.15:8774/v2.1/517059922d854ca1a73a52b9be3b4131/servers/6434caa5-83d1-4353-9849-0fa752a81ce9', 'x-openstack-nova-api-version': '2.1', 'date': 'Tue, 15 Dec 2015 05:07:51 GMT', 'content-type': 'application/json'}
        Body: {"server": {"security_groups": [{"name": "tempest-secgroup-smoke-1899326106"}], "OS-DCF:diskConfig": "MANUAL", "id": "6434caa5-83d1-4353-9849-0fa752a81ce9", "links": [{"href": "http://10.0.2.15:8774/v2.1/517059922d854ca1a73a52b9be3b4131/servers/6434caa5-83d1-4353-9849-0fa752a81ce9", "rel": "self"}, {"href": "http://10.0.2.15:8774/517059922d854ca1a73a52b9be3b4131/servers/6434caa5-83d1-4353-9849-0fa752a81ce9", "rel": "bookmark"}], "adminPass": "CvgJxCidpiA3"}}
2015-12-15 05:07:51,509 24564 INFO     [tempest_lib.common.rest_client] Request (TestGettingAddress:test_dhcp6_stateless_from_os): 200 GET http://10.0.2.15:8774/v2.1/517059922d854ca1a73a52b9be3b4131/servers/6434caa5-83d1-4353-9849-0fa752a81ce9 0.263s
2015-12-15 05:07:51,509 24564 DEBUG    [tempest_lib.common.rest_client] Request - Headers: {'Content-Type': 'application/json', 'Accept': 'application/json', 'X-Auth-Token': '&lt;omitted&gt;'}
        Body: None
    Response - Headers: {'status': '200', 'content-length': '1352', 'content-location': 'http://10.0.2.15:8774/v2.1/517059922d854ca1a73a52b9be3b4131/servers/6434caa5-83d1-4353-9849-0fa752a81ce9', 'x-compute-request-id': 'req-28ea1c0a-0d56-4085-812b-43b759244b86', 'vary': 'X-OpenStack-Nova-API-Version', 'connection': 'close', 'x-openstack-nova-api-version': '2.1', 'date': 'Tue, 15 Dec 2015 05:07:51 GMT', 'content-type': 'application/json'}
        Body: {"server": {"status": "BUILD", "updated": "2015-12-15T05:07:51Z", "hostId": "", "addresses": {}, "links": [{"href": "http://10.0.2.15:8774/v2.1/517059922d854ca1a73a52b9be3b4131/servers/6434caa5-83d1-4353-9849-0fa752a81ce9", "rel": "self"}, {"href": "http://10.0.2.15:8774/517059922d854ca1a73a52b9be3b4131/servers/6434caa5-83d1-4353-9849-0fa752a81ce9", "rel": "bookmark"}], "key_name": "tempest-TestGettingAddress-252507383", "image": {"id": "5528bfb5-d0ad-4bf4-8385-b108c489a150", "links": [{"href": "http://10.0.2.15:8774/517059922d854ca1a73a52b9be3b4131/images/5528bfb5-d0ad-4bf4-8385-b108c489a150", "rel": "bookmark"}]}, "OS-EXT-STS:task_state": "scheduling", "OS-EXT-STS:vm_state": "building", "OS-SRV-USG:launched_at": null, "flavor": {"id": "42", "links": [{"href": "http://10.0.2.15:8774/517059922d854ca1a73a52b9be3b4131/flavors/42", "rel": "bookmark"}]}, "id": "6434caa5-83d1-4353-9849-0fa752a81ce9", "OS-SRV-USG:terminated_at": null, "OS-EXT-AZ:availability_zone": "", "user_id": "54927b906683446ba4a8b914995a388a", "name": "tempest.common.compute-instance-30662609", "created": "2015-12-15T05:07:51Z", "tenant_id": "517059922d854ca1a73a52b9be3b4131", "OS-DCF:diskConfig": "MANUAL", "os-extended-volumes:volumes_attached": [], "accessIPv4": "", "accessIPv6": "", "progress": 0, "OS-EXT-STS:power_state": 0, "config_drive": "", "metadata": {}}}
2015-12-15 05:07:52,785 24564 INFO     [tempest_lib.common.rest_client] Request (TestGettingAddress:test_dhcp6_stateless_from_os): 200 GET http://10.0.2.15:8774/v2.1/517059922d854ca1a73a52b9be3b4131/servers/6434caa5-83d1-4353-9849-0fa752a81ce9 0.266s
2015-12-15 05:07:52,785 24564 DEBUG    [tempest_lib.common.rest_client] Request - Headers: {'Content-Type': 'application/json', 'Accept': 'application/json', 'X-Auth-Token': '&lt;omitted&gt;'}
        Body: None
    Response - Headers: {'status': '200', 'content-length': '1478', 'content-location': 'http://10.0.2.15:8774/v2.1/517059922d854ca1a73a52b9be3b4131/servers/6434caa5-83d1-4353-9849-0fa752a81ce9', 'x-compute-request-id': 'req-7c0a0021-b92d-4a50-9f24-1bf4c91df418', 'vary': 'X-OpenStack-Nova-API-Version', 'connection': 'close', 'x-openstack-nova-api-version': '2.1', 'date': 'Tue, 15 Dec 2015 05:07:52 GMT', 'content-type': 'application/json'}
        Body: {"server": {"status": "BUILD", "updated": "2015-12-15T05:07:52Z", "hostId": "79ceaa358bc22dcdaa39dac686caf7929dcce8fd3dbbfa1ed0f55982", "addresses": {}, "links": [{"href": "http://10.0.2.15:8774/v2.1/517059922d854ca1a73a52b9be3b4131/servers/6434caa5-83d1-4353-9849-0fa752a81ce9", "rel": "self"}, {"href": "http://10.0.2.15:8774/517059922d854ca1a73a52b9be3b4131/servers/6434caa5-83d1-4353-9849-0fa752a81ce9", "rel": "bookmark"}], "key_name": "tempest-TestGettingAddress-252507383", "image": {"id": "5528bfb5-d0ad-4bf4-8385-b108c489a150", "links": [{"href": "http://10.0.2.15:8774/517059922d854ca1a73a52b9be3b4131/images/5528bfb5-d0ad-4bf4-8385-b108c489a150", "rel": "bookmark"}]}, "OS-EXT-STS:task_state": "spawning", "OS-EXT-STS:vm_state": "building", "OS-SRV-USG:launched_at": null, "flavor": {"id": "42", "links": [{"href": "http://10.0.2.15:8774/517059922d854ca1a73a52b9be3b4131/flavors/42", "rel": "bookmark"}]}, "id": "6434caa5-83d1-4353-9849-0fa752a81ce9", "security_groups": [{"name": "tempest-secgroup-smoke-1899326106"}], "OS-SRV-USG:terminated_at": null, "OS-EXT-AZ:availability_zone": "nova", "user_id": "54927b906683446ba4a8b914995a388a", "name": "tempest.common.compute-instance-30662609", "created": "2015-12-15T05:07:51Z", "tenant_id": "517059922d854ca1a73a52b9be3b4131", "OS-DCF:diskConfig": "MANUAL", "os-extended-volumes:volumes_attached": [], "accessIPv4": "", "accessIPv6": "", "progress": 0, "OS-EXT-STS:power_state": 0, "config_drive": "", "metadata": {}}}
2015-12-15 05:07:52,800 24564 INFO     [tempest.common.waiters] State transition "BUILD/scheduling" ==&gt; "BUILD/spawning" after 1 second wait
2015-12-15 05:07:54,016 24564 INFO     [tempest_lib.common.rest_client] Request (TestGettingAddress:test_dhcp6_stateless_from_os): 200 GET http://10.0.2.15:8774/v2.1/517059922d854ca1a73a52b9be3b4131/servers/6434caa5-83d1-4353-9849-0fa752a81ce9 0.214s
2015-12-15 05:07:54,017 24564 DEBUG    [tempest_lib.common.rest_client] Request - Headers: {'Content-Type': 'application/json', 'Accept': 'application/json', 'X-Auth-Token': '&lt;omitted&gt;'}
        Body: None
    Response - Headers: {'status': '200', 'content-length': '1478', 'content-location': 'http://10.0.2.15:8774/v2.1/517059922d854ca1a73a52b9be3b4131/servers/6434caa5-83d1-4353-9849-0fa752a81ce9', 'x-compute-request-id': 'req-64f759b2-6112-44ca-a15e-8e98e052399f', 'vary': 'X-OpenStack-Nova-API-Version', 'connection': 'close', 'x-openstack-nova-api-version': '2.1', 'date': 'Tue, 15 Dec 2015 05:07:54 GMT', 'content-type': 'application/json'}
        Body: {"server": {"status": "BUILD", "updated": "2015-12-15T05:07:52Z", "hostId": "79ceaa358bc22dcdaa39dac686caf7929dcce8fd3dbbfa1ed0f55982", "addresses": {}, "links": [{"href": "http://10.0.2.15:8774/v2.1/517059922d854ca1a73a52b9be3b4131/servers/6434caa5-83d1-4353-9849-0fa752a81ce9", "rel": "self"}, {"href": "http://10.0.2.15:8774/517059922d854ca1a73a52b9be3b4131/servers/6434caa5-83d1-4353-9849-0fa752a81ce9", "rel": "bookmark"}], "key_name": "tempest-TestGettingAddress-252507383", "image": {"id": "5528bfb5-d0ad-4bf4-8385-b108c489a150", "links": [{"href": "http://10.0.2.15:8774/517059922d854ca1a73a52b9be3b4131/images/5528bfb5-d0ad-4bf4-8385-b108c489a150", "rel": "bookmark"}]}, "OS-EXT-STS:task_state": "spawning", "OS-EXT-STS:vm_state": "building", "OS-SRV-USG:launched_at": null, "flavor": {"id": "42", "links": [{"href": "http://10.0.2.15:8774/517059922d854ca1a73a52b9be3b4131/flavors/42", "rel": "bookmark"}]}, "id": "6434caa5-83d1-4353-9849-0fa752a81ce9", "security_groups": [{"name": "tempest-secgroup-smoke-1899326106"}], "OS-SRV-USG:terminated_at": null, "OS-EXT-AZ:availability_zone": "nova", "user_id": "54927b906683446ba4a8b914995a388a", "name": "tempest.common.compute-instance-30662609", "created": "2015-12-15T05:07:51Z", "tenant_id": "517059922d854ca1a73a52b9be3b4131", "OS-DCF:diskConfig": "MANUAL", "os-extended-volumes:volumes_attached": [], "accessIPv4": "", "accessIPv6": "", "progress": 0, "OS-EXT-STS:power_state": 0, "config_drive": "", "metadata": {}}}
2015-12-15 05:07:55,205 24564 INFO     [tempest_lib.common.rest_client] Request (TestGettingAddress:test_dhcp6_stateless_from_os): 200 GET http://10.0.2.15:8774/v2.1/517059922d854ca1a73a52b9be3b4131/servers/6434caa5-83d1-4353-9849-0fa752a81ce9 0.175s
2015-12-15 05:07:55,205 24564 DEBUG    [tempest_lib.common.rest_client] Request - Headers: {'Content-Type': 'application/json', 'Accept': 'application/json', 'X-Auth-Token': '&lt;omitted&gt;'}
        Body: None
    Response - Headers: {'status': '200', 'content-length': '1779', 'content-location': 'http://10.0.2.15:8774/v2.1/517059922d854ca1a73a52b9be3b4131/servers/6434caa5-83d1-4353-9849-0fa752a81ce9', 'x-compute-request-id': 'req-fde9a7d5-5f49-4413-b097-c613f077f823', 'vary': 'X-OpenStack-Nova-API-Version', 'connection': 'close', 'x-openstack-nova-api-version': '2.1', 'date': 'Tue, 15 Dec 2015 05:07:55 GMT', 'content-type': 'application/json'}
        Body: {"server": {"status": "ACTIVE", "updated": "2015-12-15T05:07:54Z", "hostId": "79ceaa358bc22dcdaa39dac686caf7929dcce8fd3dbbfa1ed0f55982", "addresses": {"tempest-network-smoke--1099473687": [{"OS-EXT-IPS-MAC:mac_addr": "fa:16:3e:44:44:38", "version": 4, "addr": "10.100.0.3", "OS-EXT-IPS:type": "fixed"}, {"OS-EXT-IPS-MAC:mac_addr": "fa:16:3e:44:44:38", "version": 6, "addr": "2003::f816:3eff:fe44:4438", "OS-EXT-IPS:type": "fixed"}]}, "links": [{"href": "http://10.0.2.15:8774/v2.1/517059922d854ca1a73a52b9be3b4131/servers/6434caa5-83d1-4353-9849-0fa752a81ce9", "rel": "self"}, {"href": "http://10.0.2.15:8774/517059922d854ca1a73a52b9be3b4131/servers/6434caa5-83d1-4353-9849-0fa752a81ce9", "rel": "bookmark"}], "key_name": "tempest-TestGettingAddress-252507383", "image": {"id": "5528bfb5-d0ad-4bf4-8385-b108c489a150", "links": [{"href": "http://10.0.2.15:8774/517059922d854ca1a73a52b9be3b4131/images/5528bfb5-d0ad-4bf4-8385-b108c489a150", "rel": "bookmark"}]}, "OS-EXT-STS:task_state": null, "OS-EXT-STS:vm_state": "active", "OS-SRV-USG:launched_at": "2015-12-15T05:07:54.000000", "flavor": {"id": "42", "links": [{"href": "http://10.0.2.15:8774/517059922d854ca1a73a52b9be3b4131/flavors/42", "rel": "bookmark"}]}, "id": "6434caa5-83d1-4353-9849-0fa752a81ce9", "security_groups": [{"name": "tempest-secgroup-smoke-1899326106"}], "OS-SRV-USG:terminated_at": null, "OS-EXT-AZ:availability_zone": "nova", "user_id": "54927b906683446ba4a8b914995a388a", "name": "tempest.common.compute-instance-30662609", "created": "2015-12-15T05:07:51Z", "tenant_id": "517059922d854ca1a73a52b9be3b4131", "OS-DCF:diskConfig": "MANUAL", "os-extended-volumes:volumes_attached": [], "accessIPv4": "", "accessIPv6": "", "progress": 0, "OS-EXT-STS:power_state": 1, "config_drive": "True", "metadata": {}}}
2015-12-15 05:07:55,214 24564 INFO     [tempest.common.waiters] State transition "BUILD/spawning" ==&gt; "ACTIVE/None" after 4 second wait
2015-12-15 05:07:55,498 24564 INFO     [tempest_lib.common.rest_client] Request (TestGettingAddress:test_dhcp6_stateless_from_os): 200 GET http://10.0.2.15:8774/v2.1/517059922d854ca1a73a52b9be3b4131/servers/6434caa5-83d1-4353-9849-0fa752a81ce9 0.283s
2015-12-15 05:07:55,499 24564 DEBUG    [tempest_lib.common.rest_client] Request - Headers: {'Content-Type': 'application/json', 'Accept': 'application/json', 'X-Auth-Token': '&lt;omitted&gt;'}
        Body: None
    Response - Headers: {'status': '200', 'content-length': '1779', 'content-location': 'http://10.0.2.15:8774/v2.1/517059922d854ca1a73a52b9be3b4131/servers/6434caa5-83d1-4353-9849-0fa752a81ce9', 'x-compute-request-id': 'req-b6545947-bbff-4939-8b78-798fc9baf0b9', 'vary': 'X-OpenStack-Nova-API-Version', 'connection': 'close', 'x-openstack-nova-api-version': '2.1', 'date': 'Tue, 15 Dec 2015 05:07:55 GMT', 'content-type': 'application/json'}
        Body: {"server": {"status": "ACTIVE", "updated": "2015-12-15T05:07:54Z", "hostId": "79ceaa358bc22dcdaa39dac686caf7929dcce8fd3dbbfa1ed0f55982", "addresses": {"tempest-network-smoke--1099473687": [{"OS-EXT-IPS-MAC:mac_addr": "fa:16:3e:44:44:38", "version": 4, "addr": "10.100.0.3", "OS-EXT-IPS:type": "fixed"}, {"OS-EXT-IPS-MAC:mac_addr": "fa:16:3e:44:44:38", "version": 6, "addr": "2003::f816:3eff:fe44:4438", "OS-EXT-IPS:type": "fixed"}]}, "links": [{"href": "http://10.0.2.15:8774/v2.1/517059922d854ca1a73a52b9be3b4131/servers/6434caa5-83d1-4353-9849-0fa752a81ce9", "rel": "self"}, {"href": "http://10.0.2.15:8774/517059922d854ca1a73a52b9be3b4131/servers/6434caa5-83d1-4353-9849-0fa752a81ce9", "rel": "bookmark"}], "key_name": "tempest-TestGettingAddress-252507383", "image": {"id": "5528bfb5-d0ad-4bf4-8385-b108c489a150", "links": [{"href": "http://10.0.2.15:8774/517059922d854ca1a73a52b9be3b4131/images/5528bfb5-d0ad-4bf4-8385-b108c489a150", "rel": "bookmark"}]}, "OS-EXT-STS:task_state": null, "OS-EXT-STS:vm_state": "active", "OS-SRV-USG:launched_at": "2015-12-15T05:07:54.000000", "flavor": {"id": "42", "links": [{"href": "http://10.0.2.15:8774/517059922d854ca1a73a52b9be3b4131/flavors/42", "rel": "bookmark"}]}, "id": "6434caa5-83d1-4353-9849-0fa752a81ce9", "security_groups": [{"name": "tempest-secgroup-smoke-1899326106"}], "OS-SRV-USG:terminated_at": null, "OS-EXT-AZ:availability_zone": "nova", "user_id": "54927b906683446ba4a8b914995a388a", "name": "tempest.common.compute-instance-30662609", "created": "2015-12-15T05:07:51Z", "tenant_id": "517059922d854ca1a73a52b9be3b4131", "OS-DCF:diskConfig": "MANUAL", "os-extended-volumes:volumes_attached": [], "accessIPv4": "", "accessIPv6": "", "progress": 0, "OS-EXT-STS:power_state": 1, "config_drive": "True", "metadata": {}}}
2015-12-15 05:07:55,645 24564 INFO     [tempest_lib.common.rest_client] Request (TestGettingAddress:test_dhcp6_stateless_from_os): 200 GET http://10.0.2.15:9696/v2.0/ports?status=ACTIVE&amp;fixed_ip=None&amp;device_id=6434caa5-83d1-4353-9849-0fa752a81ce9 0.137s
2015-12-15 05:07:55,645 24564 DEBUG    [tempest_lib.common.rest_client] Request - Headers: {'Content-Type': 'application/json', 'Accept': 'application/json', 'X-Auth-Token': '&lt;omitted&gt;'}
        Body: None
    Response - Headers: {'status': '200', 'content-length': '1142', 'content-location': 'http://10.0.2.15:9696/v2.0/ports?status=ACTIVE&amp;fixed_ip=None&amp;device_id=6434caa5-83d1-4353-9849-0fa752a81ce9', 'connection': 'close', 'date': 'Tue, 15 Dec 2015 05:07:55 GMT', 'content-type': 'application/json; charset=UTF-8', 'x-openstack-request-id': 'req-8853be66-5458-42f1-8b64-0815c7c9ed26'}
        Body: {"ports": [{"status": "ACTIVE", "binding:host_id": "vagrant-ubuntu-trusty-64", "allowed_address_pairs": [], "extra_dhcp_opts": [], "dns_assignment": [{"hostname": "host-10-100-0-3", "ip_address": "10.100.0.3", "fqdn": "host-10-100-0-3.openstacklocal."}, {"hostname": "host-2003--f816-3eff-fe44-4438", "ip_address": "2003::f816:3eff:fe44:4438", "fqdn": "host-2003--f816-3eff-fe44-4438.openstacklocal."}], "device_owner": "compute:None", "port_security_enabled": true, "binding:profile": {}, "fixed_ips": [{"subnet_id": "5699c566-adf8-47da-a734-9b9e63dab44a", "ip_address": "10.100.0.3"}, {"subnet_id": "031971aa-1958-4119-85e1-d4a8a71b72bc", "ip_address": "2003::f816:3eff:fe44:4438"}], "id": "c207c2f7-7439-4f1f-ac2d-278eb076443f", "security_groups": ["2e1937f2-f15d-411f-96b9-b2801e678034"], "device_id": "6434caa5-83d1-4353-9849-0fa752a81ce9", "name": "", "admin_state_up": true, "network_id": "94cbc4d2-d2e0-4910-abcc-418316297132", "dns_name": "", "binding:vif_details": {"port_filter": true}, "binding:vnic_type": "normal", "binding:vif_type": "ovs", "tenant_id": "517059922d854ca1a73a52b9be3b4131", "mac_address": "fa:16:3e:44:44:38"}]}
2015-12-15 05:07:56,079 24564 INFO     [tempest_lib.common.rest_client] Request (TestGettingAddress:test_dhcp6_stateless_from_os): 201 POST http://10.0.2.15:9696/v2.0/floatingips 0.433s
2015-12-15 05:07:56,079 24564 DEBUG    [tempest_lib.common.rest_client] Request - Headers: {'Content-Type': 'application/json', 'Accept': 'application/json', 'X-Auth-Token': '&lt;omitted&gt;'}
        Body: {"floatingip": {"floating_network_id": "64247697-19c3-432b-a019-d3ea1bdc94c9", "tenant_id": "517059922d854ca1a73a52b9be3b4131", "fixed_ip_address": "10.100.0.3", "port_id": "c207c2f7-7439-4f1f-ac2d-278eb076443f"}}
    Response - Headers: {'status': '201', 'content-length': '367', 'connection': 'close', 'date': 'Tue, 15 Dec 2015 05:07:56 GMT', 'content-type': 'application/json; charset=UTF-8', 'x-openstack-request-id': 'req-95203c8d-d013-47fb-87a6-0e2464e60fc2'}
        Body: {"floatingip": {"floating_network_id": "64247697-19c3-432b-a019-d3ea1bdc94c9", "router_id": "665bad64-b943-42fb-989f-d99882982e5a", "fixed_ip_address": "10.100.0.3", "floating_ip_address": "172.24.4.4", "tenant_id": "517059922d854ca1a73a52b9be3b4131", "status": "DOWN", "port_id": "c207c2f7-7439-4f1f-ac2d-278eb076443f", "id": "d5a9d392-f772-4cfc-8c13-d5ddba3a9dae"}}
2015-12-15 05:07:56,081 24564 INFO     [tempest_lib.common.ssh] Creating ssh connection to '172.24.4.4' as 'cirros' with public key authentication
2015-12-15 05:07:59,807 24564 WARNING  [tempest_lib.common.ssh] Failed to establish authenticated ssh connection to cirros@172.24.4.4 ([Errno None] Unable to connect to port 22 on  or 172.24.4.4). Number attempts: 1. Retry after 2 seconds.
2015-12-15 05:08:05,311 24564 WARNING  [tempest_lib.common.ssh] Failed to establish authenticated ssh connection to cirros@172.24.4.4 ([Errno None] Unable to connect to port 22 on  or 172.24.4.4). Number attempts: 2. Retry after 3 seconds.
2015-12-15 05:08:11,811 24564 WARNING  [tempest_lib.common.ssh] Failed to establish authenticated ssh connection to cirros@172.24.4.4 ([Errno None] Unable to connect to port 22 on  or 172.24.4.4). Number attempts: 3. Retry after 4 seconds.
2015-12-15 05:08:19,323 24564 WARNING  [tempest_lib.common.ssh] Failed to establish authenticated ssh connection to cirros@172.24.4.4 ([Errno None] Unable to connect to port 22 on  or 172.24.4.4). Number attempts: 4. Retry after 5 seconds.
2015-12-15 05:08:27,828 24564 WARNING  [tempest_lib.common.ssh] Failed to establish authenticated ssh connection to cirros@172.24.4.4 ([Errno None] Unable to connect to port 22 on  or 172.24.4.4). Number attempts: 5. Retry after 6 seconds.
2015-12-15 05:08:37,336 24564 WARNING  [tempest_lib.common.ssh] Failed to establish authenticated ssh connection to cirros@172.24.4.4 ([Errno None] Unable to connect to port 22 on  or 172.24.4.4). Number attempts: 6. Retry after 7 seconds.
2015-12-15 05:08:47,839 24564 WARNING  [tempest_lib.common.ssh] Failed to establish authenticated ssh connection to cirros@172.24.4.4 ([Errno None] Unable to connect to port 22 on  or 172.24.4.4). Number attempts: 7. Retry after 8 seconds.
2015-12-15 05:08:59,347 24564 WARNING  [tempest_lib.common.ssh] Failed to establish authenticated ssh connection to cirros@172.24.4.4 ([Errno None] Unable to connect to port 22 on  or 172.24.4.4). Number attempts: 8. Retry after 9 seconds.
2015-12-15 05:09:11,851 24564 WARNING  [tempest_lib.common.ssh] Failed to establish authenticated ssh connection to cirros@172.24.4.4 ([Errno None] Unable to connect to port 22 on  or 172.24.4.4). Number attempts: 9. Retry after 10 seconds.
2015-12-15 05:09:25,360 24564 WARNING  [tempest_lib.common.ssh] Failed to establish authenticated ssh connection to cirros@172.24.4.4 ([Errno None] Unable to connect to port 22 on  or 172.24.4.4). Number attempts: 10. Retry after 11 seconds.
2015-12-15 05:09:39,868 24564 WARNING  [tempest_lib.common.ssh] Failed to establish authenticated ssh connection to cirros@172.24.4.4 ([Errno None] Unable to connect to port 22 on  or 172.24.4.4). Number attempts: 11. Retry after 12 seconds.
2015-12-15 05:09:55,383 24564 WARNING  [tempest_lib.common.ssh] Failed to establish authenticated ssh connection to cirros@172.24.4.4 ([Errno None] Unable to connect to port 22 on  or 172.24.4.4). Number attempts: 12. Retry after 13 seconds.
2015-12-15 05:10:11,883 24564 WARNING  [tempest_lib.common.ssh] Failed to establish authenticated ssh connection to cirros@172.24.4.4 ([Errno None] Unable to connect to port 22 on  or 172.24.4.4). Number attempts: 13. Retry after 14 seconds.
2015-12-15 05:10:29,399 24564 WARNING  [tempest_lib.common.ssh] Failed to establish authenticated ssh connection to cirros@172.24.4.4 ([Errno None] Unable to connect to port 22 on  or 172.24.4.4). Number attempts: 14. Retry after 15 seconds.
2015-12-15 05:10:47,911 24564 WARNING  [tempest_lib.common.ssh] Failed to establish authenticated ssh connection to cirros@172.24.4.4 ([Errno None] Unable to connect to port 22 on  or 172.24.4.4). Number attempts: 15. Retry after 16 seconds.
2015-12-15 05:11:07,428 24564 WARNING  [tempest_lib.common.ssh] Failed to establish authenticated ssh connection to cirros@172.24.4.4 ([Errno None] Unable to connect to port 22 on  or 172.24.4.4). Number attempts: 16. Retry after 17 seconds.
2015-12-15 05:11:27,943 24564 ERROR    [tempest_lib.common.ssh] Failed to establish authenticated ssh connection to cirros@172.24.4.4 after 16 attempts
2015-12-15 05:11:27.943 24564 ERROR tempest_lib.common.ssh Traceback (most recent call last):
2015-12-15 05:11:27.943 24564 ERROR tempest_lib.common.ssh   File "/usr/local/lib/python2.7/dist-packages/tempest_lib/common/ssh.py", line 75, in _get_ssh_connection
2015-12-15 05:11:27.943 24564 ERROR tempest_lib.common.ssh     timeout=self.channel_timeout, pkey=self.pkey)
2015-12-15 05:11:27.943 24564 ERROR tempest_lib.common.ssh   File "/usr/local/lib/python2.7/dist-packages/paramiko/client.py", line 311, in connect
2015-12-15 05:11:27.943 24564 ERROR tempest_lib.common.ssh     raise NoValidConnectionsError(errors)
2015-12-15 05:11:27.943 24564 ERROR tempest_lib.common.ssh NoValidConnectionsError: [Errno None] Unable to connect to port 22 on  or 172.24.4.4
2015-12-15 05:11:27.943 24564 ERROR tempest_lib.common.ssh 
2015-12-15 05:11:27,945 24564 ERROR    [tempest.scenario.manager] (TestGettingAddress:test_dhcp6_stateless_from_os) Initializing SSH connection to 172.24.4.4 failed. Error: Connection to the 172.24.4.4 via SSH timed out.
User: cirros, Password: None
2015-12-15 05:11:27.945 24564 ERROR tempest.scenario.manager Traceback (most recent call last):
2015-12-15 05:11:27.945 24564 ERROR tempest.scenario.manager   File "tempest/scenario/manager.py", line 383, in get_remote_client
2015-12-15 05:11:27.945 24564 ERROR tempest.scenario.manager     linux_client.validate_authentication()
2015-12-15 05:11:27.945 24564 ERROR tempest.scenario.manager   File "tempest/common/utils/linux/remote_client.py", line 63, in validate_authentication
2015-12-15 05:11:27.945 24564 ERROR tempest.scenario.manager     self.ssh_client.test_connection_auth()
2015-12-15 05:11:27.945 24564 ERROR tempest.scenario.manager   File "/usr/local/lib/python2.7/dist-packages/tempest_lib/common/ssh.py", line 167, in test_connection_auth
2015-12-15 05:11:27.945 24564 ERROR tempest.scenario.manager     connection = self._get_ssh_connection()
2015-12-15 05:11:27.945 24564 ERROR tempest.scenario.manager   File "/usr/local/lib/python2.7/dist-packages/tempest_lib/common/ssh.py", line 87, in _get_ssh_connection
2015-12-15 05:11:27.945 24564 ERROR tempest.scenario.manager     password=self.password)
2015-12-15 05:11:27.945 24564 ERROR tempest.scenario.manager SSHTimeout: Connection to the 172.24.4.4 via SSH timed out.
2015-12-15 05:11:27.945 24564 ERROR tempest.scenario.manager User: cirros, Password: None
2015-12-15 05:11:27.945 24564 ERROR tempest.scenario.manager 
2015-12-15 05:11:28,033 24564 INFO     [tempest_lib.common.rest_client] Request (TestGettingAddress:test_dhcp6_stateless_from_os): 200 GET http://10.0.2.15:8774/v2.1/517059922d854ca1a73a52b9be3b4131/servers 0.086s
2015-12-15 05:11:28,033 24564 DEBUG    [tempest_lib.common.rest_client] Request - Headers: {'Content-Type': 'application/json', 'Accept': 'application/json', 'X-Auth-Token': '&lt;omitted&gt;'}
        Body: None
    Response - Headers: {'status': '200', 'content-length': '389', 'content-location': 'http://10.0.2.15:8774/v2.1/517059922d854ca1a73a52b9be3b4131/servers', 'x-compute-request-id': 'req-c5ae0059-889b-4c1c-947a-4ae259f682b1', 'vary': 'X-OpenStack-Nova-API-Version', 'connection': 'close', 'x-openstack-nova-api-version': '2.1', 'date': 'Tue, 15 Dec 2015 05:11:28 GMT', 'content-type': 'application/json'}
        Body: {"servers": [{"id": "6434caa5-83d1-4353-9849-0fa752a81ce9", "links": [{"href": "http://10.0.2.15:8774/v2.1/517059922d854ca1a73a52b9be3b4131/servers/6434caa5-83d1-4353-9849-0fa752a81ce9", "rel": "self"}, {"href": "http://10.0.2.15:8774/517059922d854ca1a73a52b9be3b4131/servers/6434caa5-83d1-4353-9849-0fa752a81ce9", "rel": "bookmark"}], "name": "tempest.common.compute-instance-30662609"}]}
2015-12-15 05:11:28,279 24564 INFO     [tempest_lib.common.rest_client] Request (TestGettingAddress:test_dhcp6_stateless_from_os): 200 POST http://10.0.2.15:8774/v2.1/517059922d854ca1a73a52b9be3b4131/servers/6434caa5-83d1-4353-9849-0fa752a81ce9/action 0.240s
2015-12-15 05:11:28,280 24564 DEBUG    [tempest_lib.common.rest_client] Request - Headers: {'Content-Type': 'application/json', 'Accept': 'application/json', 'X-Auth-Token': '&lt;omitted&gt;'}
        Body: {"os-getConsoleOutput": {}}
    Response - Headers: {'status': '200', 'content-length': '24627', 'x-compute-request-id': 'req-92ec7650-3e6c-4940-a454-b8ba0458661f', 'vary': 'X-OpenStack-Nova-API-Version', 'connection': 'close', 'x-openstack-nova-api-version': '2.1', 'date': 'Tue, 15 Dec 2015 05:11:28 GMT', 'content-type': 'application/json'}
        Body: {"output": "[    0.000000] Initializing cgroup subsys cpuset\n[    0.000000] Initializing cgroup subsys cpu\n[    0.000000] Linux version 3.2.0-80-virtual (buildd@batsu) (gcc version 4.6.3 (Ubuntu/Linaro 4.6.3-1ubuntu5) ) #116-Ubuntu SMP Mon Mar 23 17:28:52 UTC 2015 (Ubuntu 3.2.0-80.116-virtual 3.2.68)\n[    0.000000] Command line: root=/dev/vda console=tty0 console=ttyS0 no_timer_check\n[    0.000000] KERNEL supported cpus:\n[    0.000000]   Intel GenuineIntel\n[    0.000000]   AMD AuthenticAMD\n[    0.000000]   Centaur CentaurHauls\n[    0.000000] BIOS-provided physical RAM map:\n[    0.000000]  BIOS-e820: 0000000000000000 - 000000000009fc00 (usable)\n[    0.000000]  BIOS-e820: 000000000009fc00 - 00000000000a0000 (reserved)\n[    0.000000]  BIOS-e820: 00000000000f0000 - 0000000000100000 (reserved)\n[    0.000000]  BIOS-e820: 0000000000100000 - 0000000003ffe000 (usable)\n[    0.000000]  BIOS-e820: 0000000003ffe000 - 0000000004000000 (reserved)\n[    0.000000]  BIOS-e820: 00000000fffc0000 - 0000000100000000 (reserved)\n[    0.000000] NX (Execute Disable) protection: active\n[    0.000000] SMBIOS 2.4 present.\n[    0.000000] No AGP bridge found\n[    0.000000] last_pfn = 0x3ffe max_arch_pfn = 0x400000000\n[    0.000000] x86 PAT enabled: cpu 0, old 0x7040600070406, new 0x7010600070106\n[    0.000000] found SMP MP-table at [ffff8800000f0b00] f0b00\n[    0.000000] init_memory_mapping: 0000000000000000-0000000003ffe000\n[    0.000000] RAMDISK: 03c5e000 - 03ff0000\n[    0.000000] ACPI: RSDP 00000000000f0950 00014 (v00 BOCHS )\n[    0.000000] ACPI: RSDT 0000000003fffbc1 00034 (v01 BOCHS  BXPCRSDT 00000001 BXPC 00000001)\n[    0.000000] ACPI: FACP 0000000003fff1c0 00074 (v01 BOCHS  BXPCFACP 00000001 BXPC 00000001)\n[    0.000000] ACPI: DSDT 0000000003ffe040 01180 (v01 BOCHS  BXPCDSDT 00000001 BXPC 00000001)\n[    0.000000] ACPI: FACS 0000000003ffe000 00040\n[    0.000000] ACPI: SSDT 0000000003fff234 008DD (v01 BOCHS  BXPCSSDT 00000001 BXPC 00000001)\n[    0.000000] ACPI: APIC 0000000003fffb11 00078 (v01 BOCHS  BXPCAPIC 00000001 BXPC 00000001)\n[    0.000000] ACPI: HPET 0000000003fffb89 00038 (v01 BOCHS  BXPCHPET 00000001 BXPC 00000001)\n[    0.000000] No NUMA configuration found\n[    0.000000] Faking a node at 0000000000000000-0000000003ffe000\n[    0.000000] Initmem setup node 0 0000000000000000-0000000003ffe000\n[    0.000000]   NODE_DATA [0000000003ff6000 - 0000000003ffafff]\n[    0.000000] Zone PFN ranges:\n[    0.000000]   DMA      0x00000010 -&gt; 0x00001000\n[    0.000000]   DMA32    0x00001000 -&gt; 0x00100000\n[    0.000000]   Normal   empty\n[    0.000000] Movable zone start PFN for each node\n[    0.000000] early_node_map[2] active PFN ranges\n[    0.000000]     0: 0x00000010 -&gt; 0x0000009f\n[    0.000000]     0: 0x00000100 -&gt; 0x00003ffe\n[    0.000000] ACPI: PM-Timer IO Port: 0xb008\n[    0.000000] ACPI: LAPIC (acpi_id[0x00] lapic_id[0x00] enabled)\n[    0.000000] ACPI: LAPIC_NMI (acpi_id[0xff] dfl dfl lint[0x1])\n[    0.000000] ACPI: IOAPIC (id[0x00] address[0xfec00000] gsi_base[0])\n[    0.000000] IOAPIC[0]: apic_id 0, version 17, address 0xfec00000, GSI 0-23\n[    0.000000] ACPI: INT_SRC_OVR (bus 0 bus_irq 0 global_irq 2 dfl dfl)\n[    0.000000] ACPI: INT_SRC_OVR (bus 0 bus_irq 5 global_irq 5 high level)\n[    0.000000] ACPI: INT_SRC_OVR (bus 0 bus_irq 9 global_irq 9 high level)\n[    0.000000] ACPI: INT_SRC_OVR (bus 0 bus_irq 10 global_irq 10 high level)\n[    0.000000] ACPI: INT_SRC_OVR (bus 0 bus_irq 11 global_irq 11 high level)\n[    0.000000] Using ACPI (MADT) for SMP configuration information\n[    0.000000] ACPI: HPET id: 0x8086a201 base: 0xfed00000\n[    0.000000] SMP: Allowing 1 CPUs, 0 hotplug CPUs\n[    0.000000] PM: Registered nosave memory: 000000000009f000 - 00000000000a0000\n[    0.000000] PM: Registered nosave memory: 00000000000a0000 - 00000000000f0000\n[    0.000000] PM: Registered nosave memory: 00000000000f0000 - 0000000000100000\n[    0.000000] Allocating PCI resources starting at 4000000 (gap: 4000000:fbfc0000)\n[    0.000000] Booting paravirtualized kernel on bare hardware\n[    0.000000] setup_pe
2015-12-15 05:11:28,282 24564 DEBUG    [tempest.scenario.manager] Console output for 6434caa5-83d1-4353-9849-0fa752a81ce9
body=
[    0.000000] Initializing cgroup subsys cpuset
[    0.000000] Initializing cgroup subsys cpu
[    0.000000] Linux version 3.2.0-80-virtual (buildd@batsu) (gcc version 4.6.3 (Ubuntu/Linaro 4.6.3-1ubuntu5) ) #116-Ubuntu SMP Mon Mar 23 17:28:52 UTC 2015 (Ubuntu 3.2.0-80.116-virtual 3.2.68)
[    0.000000] Command line: root=/dev/vda console=tty0 console=ttyS0 no_timer_check
[    0.000000] KERNEL supported cpus:
[    0.000000]   Intel GenuineIntel
[    0.000000]   AMD AuthenticAMD
[    0.000000]   Centaur CentaurHauls
[    0.000000] BIOS-provided physical RAM map:
[    0.000000]  BIOS-e820: 0000000000000000 - 000000000009fc00 (usable)
[    0.000000]  BIOS-e820: 000000000009fc00 - 00000000000a0000 (reserved)
[    0.000000]  BIOS-e820: 00000000000f0000 - 0000000000100000 (reserved)
[    0.000000]  BIOS-e820: 0000000000100000 - 0000000003ffe000 (usable)
[    0.000000]  BIOS-e820: 0000000003ffe000 - 0000000004000000 (reserved)
[    0.000000]  BIOS-e820: 00000000fffc0000 - 0000000100000000 (reserved)
[    0.000000] NX (Execute Disable) protection: active
[    0.000000] SMBIOS 2.4 present.
[    0.000000] No AGP bridge found
[    0.000000] last_pfn = 0x3ffe max_arch_pfn = 0x400000000
[    0.000000] x86 PAT enabled: cpu 0, old 0x7040600070406, new 0x7010600070106
[    0.000000] found SMP MP-table at [ffff8800000f0b00] f0b00
[    0.000000] init_memory_mapping: 0000000000000000-0000000003ffe000
[    0.000000] RAMDISK: 03c5e000 - 03ff0000
[    0.000000] ACPI: RSDP 00000000000f0950 00014 (v00 BOCHS )
[    0.000000] ACPI: RSDT 0000000003fffbc1 00034 (v01 BOCHS  BXPCRSDT 00000001 BXPC 00000001)
[    0.000000] ACPI: FACP 0000000003fff1c0 00074 (v01 BOCHS  BXPCFACP 00000001 BXPC 00000001)
[    0.000000] ACPI: DSDT 0000000003ffe040 01180 (v01 BOCHS  BXPCDSDT 00000001 BXPC 00000001)
[    0.000000] ACPI: FACS 0000000003ffe000 00040
[    0.000000] ACPI: SSDT 0000000003fff234 008DD (v01 BOCHS  BXPCSSDT 00000001 BXPC 00000001)
[    0.000000] ACPI: APIC 0000000003fffb11 00078 (v01 BOCHS  BXPCAPIC 00000001 BXPC 00000001)
[    0.000000] ACPI: HPET 0000000003fffb89 00038 (v01 BOCHS  BXPCHPET 00000001 BXPC 00000001)
[    0.000000] No NUMA configuration found
[    0.000000] Faking a node at 0000000000000000-0000000003ffe000
[    0.000000] Initmem setup node 0 0000000000000000-0000000003ffe000
[    0.000000]   NODE_DATA [0000000003ff6000 - 0000000003ffafff]
[    0.000000] Zone PFN ranges:
[    0.000000]   DMA      0x00000010 -&gt; 0x00001000
[    0.000000]   DMA32    0x00001000 -&gt; 0x00100000
[    0.000000]   Normal   empty
[    0.000000] Movable zone start PFN for each node
[    0.000000] early_node_map[2] active PFN ranges
[    0.000000]     0: 0x00000010 -&gt; 0x0000009f
[    0.000000]     0: 0x00000100 -&gt; 0x00003ffe
[    0.000000] ACPI: PM-Timer IO Port: 0xb008
[    0.000000] ACPI: LAPIC (acpi_id[0x00] lapic_id[0x00] enabled)
[    0.000000] ACPI: LAPIC_NMI (acpi_id[0xff] dfl dfl lint[0x1])
[    0.000000] ACPI: IOAPIC (id[0x00] address[0xfec00000] gsi_base[0])
[    0.000000] IOAPIC[0]: apic_id 0, version 17, address 0xfec00000, GSI 0-23
[    0.000000] ACPI: INT_SRC_OVR (bus 0 bus_irq 0 global_irq 2 dfl dfl)
[    0.000000] ACPI: INT_SRC_OVR (bus 0 bus_irq 5 global_irq 5 high level)
[    0.000000] ACPI: INT_SRC_OVR (bus 0 bus_irq 9 global_irq 9 high level)
[    0.000000] ACPI: INT_SRC_OVR (bus 0 bus_irq 10 global_irq 10 high level)
[    0.000000] ACPI: INT_SRC_OVR (bus 0 bus_irq 11 global_irq 11 high level)
[    0.000000] Using ACPI (MADT) for SMP configuration information
[    0.000000] ACPI: HPET id: 0x8086a201 base: 0xfed00000
[    0.000000] SMP: Allowing 1 CPUs, 0 hotplug CPUs
[    0.000000] PM: Registered nosave memory: 000000000009f000 - 00000000000a0000
[    0.000000] PM: Registered nosave memory: 00000000000a0000 - 00000000000f0000
[    0.000000] PM: Registered nosave memory: 00000000000f0000 - 0000000000100000
[    0.000000] Allocating PCI resources starting at 4000000 (gap: 4000000:fbfc0000)
[    0.000000] Booting paravirtualized kernel on bare hardware
[    0.000000] setup_percpu: NR_CPUS:64 nr_cpumask_bits:64 nr_cpu_ids:1 nr_node_ids:1
[    0.000000] PERCPU: Embedded 27 pages/cpu @ffff880003a00000 s78848 r8192 d23552 u2097152
[    0.000000] Built 1 zonelists in Node order, mobility grouping on.  Total pages: 16008
[    0.000000] Policy zone: DMA32
[    0.000000] Kernel command line: root=/dev/vda console=tty0 console=ttyS0 no_timer_check
[    0.000000] PID hash table entries: 256 (order: -1, 2048 bytes)
[    0.000000] Checking aperture...
[    0.000000] No AGP bridge found
[    0.000000] Memory: 43492k/65528k available (6576k kernel code, 452k absent, 21584k reserved, 6620k data, 928k init)
[    0.000000] SLUB: Genslabs=15, HWalign=64, Order=0-3, MinObjects=0, CPUs=1, Nodes=1
[    0.000000] Hierarchical RCU implementation.
[    0.000000] 	RCU dyntick-idle grace-period acceleration is enabled.
[    0.000000] NR_IRQS:4352 nr_irqs:256 16
[    0.000000] Console: colour VGA+ 80x25
[    0.000000] console [tty0] enabled
[    0.000000] console [ttyS0] enabled
[    0.000000] allocated 1048576 bytes of page_cgroup
[    0.000000] please try 'cgroup_disable=memory' option if you don't want memory cgroups
[    0.000000] Fast TSC calibration failed
[    0.000000] TSC: Unable to calibrate against PIT
[    0.000000] TSC: using HPET reference calibration
[    0.000000] Detected 2293.607 MHz processor.
[    0.036912] Calibrating delay loop (skipped), value calculated using timer frequency.. 4587.21 BogoMIPS (lpj=9174428)
[    0.040191] pid_max: default: 32768 minimum: 301
[    0.048455] Security Framework initialized
[    0.054537] AppArmor: AppArmor initialized
[    0.055099] Yama: becoming mindful.
[    0.061608] Dentry cache hash table entries: 8192 (order: 4, 65536 bytes)
[    0.063253] Inode-cache hash table entries: 4096 (order: 3, 32768 bytes)
[    0.064978] Mount-cache hash table entries: 256
[    0.082590] Initializing cgroup subsys cpuacct
[    0.084484] Initializing cgroup subsys memory
[    0.086711] Initializing cgroup subsys devices
[    0.088278] Initializing cgroup subsys freezer
[    0.089422] Initializing cgroup subsys blkio
[    0.092530] Initializing cgroup subsys perf_event
[    0.098472] mce: CPU supports 10 MCE banks
[    0.102306] SMP alternatives: switching to UP code
[    0.486440] Freeing SMP alternatives: 24k freed
[    0.488425] ACPI: Core revision 20110623
[    0.536589] ftrace: allocating 26610 entries in 105 pages
[    0.565580] ..TIMER: vector=0x30 apic1=0 pin1=2 apic2=-1 pin2=-1
[    0.567374] CPU0: AMD QEMU Virtual CPU version 2.0.0 stepping 03
[    0.572035] Performance Events: Broken PMU hardware detected, using software events only.
[    0.580740] NMI watchdog disabled (cpu0): hardware events not enabled
[    0.582192] Brought up 1 CPUs
[    0.582728] Total of 1 processors activated (4587.21 BogoMIPS).
[    0.605030] devtmpfs: initialized
[    0.649901] EVM: security.selinux
[    0.650652] EVM: security.SMACK64
[    0.651457] EVM: security.capability
[    0.674077] print_constraints: dummy: 
[    0.676942] RTC time:  5:07:58, date: 12/15/15
[    0.680252] NET: Registered protocol family 16
[    0.692579] ACPI: bus type pci registered
[    0.696573] PCI: Using configuration type 1 for base access
[    0.733540] bio: create slab &lt;bio-0&gt; at 0
[    0.738004] ACPI: Added _OSI(Module Device)
[    0.738586] ACPI: Added _OSI(Processor Device)
[    0.739110] ACPI: Added _OSI(3.0 _SCP Extensions)
[    0.740103] ACPI: Added _OSI(Processor Aggregator Device)
[    0.829354] ACPI: Interpreter enabled
[    0.830154] ACPI: (supports S0 S3 S4 S5)
[    0.834184] ACPI: Using IOAPIC for interrupt routing
[    0.911463] ACPI: No dock devices found.
[    0.912178] HEST: Table not found.
[    0.912799] PCI: Using host bridge windows from ACPI; if necessary, use "pci=nocrs" and report a bug
[    0.918660] ACPI: PCI Root Bridge [PCI0] (domain 0000 [bus 00-ff])
[    0.925880] pci_root PNP0A03:00: host bridge window [io  0x0000-0x0cf7]
[    0.926757] pci_root PNP0A03:00: host bridge window [io  0x0d00-0xadff]
[    0.928012] pci_root PNP0A03:00: host bridge window [io  0xae0f-0xaeff]
[    0.928115] pci_root PNP0A03:00: host bridge window [io  0xaf20-0xafdf]
[    0.928876] pci_root PNP0A03:00: host bridge window [io  0xafe4-0xffff]
[    0.929834] pci_root PNP0A03:00: host bridge window [mem 0x000a0000-0x000bffff]
[    0.932114] pci_root PNP0A03:00: host bridge window [mem 0x04000000-0xfebfffff]
[    0.954057] pci 0000:00:01.3: quirk: [io  0xb000-0xb03f] claimed by PIIX4 ACPI
[    0.955147] pci 0000:00:01.3: quirk: [io  0xb100-0xb10f] claimed by PIIX4 SMB
[    1.028178]  pci0000:00: Unable to request _OSC control (_OSC support mask: 0x1e)
[    1.090132] ACPI: PCI Interrupt Link [LNKA] (IRQs 5 *10 11)
[    1.092962] ACPI: PCI Interrupt Link [LNKB] (IRQs 5 *10 11)
[    1.094816] ACPI: PCI Interrupt Link [LNKC] (IRQs 5 10 *11)
[    1.097147] ACPI: PCI Interrupt Link [LNKD] (IRQs 5 10 *11)
[    1.098507] ACPI: PCI Interrupt Link [LNKS] (IRQs *9)
[    1.105258] vgaarb: device added: PCI:0000:00:02.0,decodes=io+mem,owns=io+mem,locks=none
[    1.106586] vgaarb: loaded
[    1.107136] vgaarb: bridge control possible 0000:00:02.0
[    1.112632] i2c-core: driver [aat2870] using legacy suspend method
[    1.113429] i2c-core: driver [aat2870] using legacy resume method
[    1.117007] SCSI subsystem initialized
[    1.119433] usbcore: registered new interface driver usbfs
[    1.120807] usbcore: registered new interface driver hub
[    1.122692] usbcore: registered new device driver usb
[    1.126870] PCI: Using ACPI for IRQ routing
[    1.137885] NetLabel: Initializing
[    1.139221] NetLabel:  domain hash size = 128
[    1.140133] NetLabel:  protocols = UNLABELED CIPSOv4
[    1.141938] NetLabel:  unlabeled traffic allowed by default
[    1.145274] HPET: 3 timers in total, 0 timers will be used for per-cpu timer
[    1.146830] hpet0: at MMIO 0xfed00000, IRQs 2, 8, 0
[    1.147659] hpet0: 3 comparators, 64-bit 100.000000 MHz counter
[    1.164837] Switching to clocksource hpet
[    1.409947] AppArmor: AppArmor Filesystem Enabled
[    1.411828] pnp: PnP ACPI init
[    1.413406] ACPI: bus type pnp registered
[    1.433607] pnp: PnP ACPI: found 9 devices
[    1.434223] ACPI: ACPI bus type pnp unregistered
[    1.494610] NET: Registered protocol family 2
[    1.529624] IP route cache hash table entries: 512 (order: 0, 4096 bytes)
[    1.538132] TCP established hash table entries: 2048 (order: 3, 32768 bytes)
[    1.542543] TCP bind hash table entries: 2048 (order: 3, 32768 bytes)
[    1.546332] TCP: Hash tables configured (established 2048 bind 2048)
[    1.547854] TCP reno registered
[    1.549446] UDP hash table entries: 128 (order: 0, 4096 bytes)
[    1.550281] UDP-Lite hash table entries: 128 (order: 0, 4096 bytes)
[    1.553874] NET: Registered protocol family 1
[    1.554691] pci 0000:00:00.0: Limiting direct PCI/PCI transfers
[    1.555842] pci 0000:00:01.0: PIIX3: Enabling Passive Release
[    1.557677] pci 0000:00:01.0: Activating ISA DMA hang workarounds
[    1.562378] ACPI: PCI Interrupt Link [LNKD] enabled at IRQ 11
[    1.563721] pci 0000:00:01.2: PCI INT D -&gt; Link[LNKD] -&gt; GSI 11 (level, high) -&gt; IRQ 11
[    1.566949] pci 0000:00:01.2: PCI INT D disabled
[    1.587382] Trying to unpack rootfs image as initramfs...
[    1.623554] audit: initializing netlink socket (disabled)
[    1.629758] type=2000 audit(1450156078.628:1): initialized
[    1.951704] HugeTLB registered 2 MB page size, pre-allocated 0 pages
[    2.027103] VFS: Disk quotas dquot_6.5.2
[    2.029272] Dquot-cache hash table entries: 512 (order 0, 4096 bytes)
[    2.043220] fuse init (API version 7.17)
[    2.046968] msgmni has been set to 84
[    2.090889] Block layer SCSI generic (bsg) driver version 0.4 loaded (major 253)
[    2.094464] io scheduler noop registered
[    2.095392] io scheduler deadline registered (default)
[    2.098170] io scheduler cfq registered
[    2.106102] pci_hotplug: PCI Hot Plug PCI Core version: 0.5
[    2.111051] pciehp: PCI Express Hot Plug Controller Driver version: 0.4
[    2.118844] input: Power Button as /devices/LNXSYSTM:00/LNXPWRBN:00/input/input0
[    2.121471] ACPI: Power Button [PWRF]
[    2.197485] ERST: Table is not found!
[    2.197986] GHES: HEST is not enabled!
[    2.200973] ACPI: PCI Interrupt Link [LNKC] enabled at IRQ 10
[    2.201636] virtio-pci 0000:00:03.0: PCI INT A -&gt; Link[LNKC] -&gt; GSI 10 (level, high) -&gt; IRQ 10
[    2.205246] virtio-pci 0000:00:04.0: PCI INT A -&gt; Link[LNKD] -&gt; GSI 11 (level, high) -&gt; IRQ 11
[    2.223721] ACPI: PCI Interrupt Link [LNKA] enabled at IRQ 10
[    2.225405] virtio-pci 0000:00:05.0: PCI INT A -&gt; Link[LNKA] -&gt; GSI 10 (level, high) -&gt; IRQ 10
[    2.238081] Serial: 8250/16550 driver, 32 ports, IRQ sharing enabled
[    2.282166] serial8250: ttyS0 at I/O 0x3f8 (irq = 4) is a 16550A
[    2.377471] serial8250: ttyS1 at I/O 0x2f8 (irq = 3) is a 16550A
[    2.530564] 00:05: ttyS0 at I/O 0x3f8 (irq = 4) is a 16550A
[    2.574431] Refined TSC clocksource calibration: 2293.685 MHz.
[    2.575383] Switching to clocksource tsc
[    2.618240] 00:06: ttyS1 at I/O 0x2f8 (irq = 3) is a 16550A
[    2.679880] Linux agpgart interface v0.103
[    2.746878] brd: module loaded
[    2.778295] loop: module loaded
[    2.833079]  vda: unknown partition table
[    2.913486] scsi0 : ata_piix
[    2.915854] scsi1 : ata_piix
[    2.917918] ata1: PATA max MWDMA2 cmd 0x1f0 ctl 0x3f6 bmdma 0xc0a0 irq 14
[    2.918645] ata2: PATA max MWDMA2 cmd 0x170 ctl 0x376 bmdma 0xc0a8 irq 15
[    2.928137] Fixed MDIO Bus: probed
[    2.929622] tun: Universal TUN/TAP device driver, 1.6
[    2.930142] tun: (C) 1999-2004 Max Krasnyansky &lt;maxk@qualcomm.com&gt;
[    2.942070] PPP generic driver version 2.4.2
[    2.962870] ehci_hcd: USB 2.0 'Enhanced' Host Controller (EHCI) Driver
[    2.963989] ohci_hcd: USB 1.1 'Open' Host Controller (OHCI) Driver
[    2.965890] uhci_hcd: USB Universal Host Controller Interface driver
[    2.967101] uhci_hcd 0000:00:01.2: PCI INT D -&gt; Link[LNKD] -&gt; GSI 11 (level, high) -&gt; IRQ 11
[    2.970768] uhci_hcd 0000:00:01.2: UHCI Host Controller
[    2.985855] uhci_hcd 0000:00:01.2: new USB bus registered, assigned bus number 1
[    2.987957] uhci_hcd 0000:00:01.2: irq 11, io base 0x0000c040
[    3.019200] hub 1-0:1.0: USB hub found
[    3.019990] hub 1-0:1.0: 2 ports detected
[    3.028980] usbcore: registered new interface driver libusual
[    3.031728] i8042: PNP: PS/2 Controller [PNP0303:KBD,PNP0f13:MOU] at 0x60,0x64 irq 1,12
[    3.040830] serio: i8042 KBD port at 0x60,0x64 irq 1
[    3.042442] serio: i8042 AUX port at 0x60,0x64 irq 12
[    3.079485] mousedev: PS/2 mouse device common for all mice
[    3.101555] input: AT Translated Set 2 keyboard as /devices/platform/i8042/serio0/input/input1
[    3.121171] rtc_cmos 00:01: RTC can wake from S4
[    3.135607] rtc_cmos 00:01: rtc core: registered rtc_cmos as rtc0
[    3.141302] rtc0: alarms up to one day, 114 bytes nvram, hpet irqs
[    3.145177] device-mapper: uevent: version 1.0.3
[    3.161214] device-mapper: ioctl: 4.22.0-ioctl (2011-10-19) initialised: dm-devel@redhat.com
[    3.166680] cpuidle: using governor ladder
[    3.167821] cpuidle: using governor menu
[    3.169202] EFI Variables Facility v0.08 2004-May-17
[    3.181646] TCP cubic registered
[    3.191168] NET: Registered protocol family 10
[    3.225304] NET: Registered protocol family 17
[    3.227650] Registering the dns_resolver key type
[    3.237375] ata2.01: ATAPI: QEMU DVD-ROM, 2.0.0, max UDMA/100
[    3.254703] ata2.01: configured for MWDMA2
[    3.286448] scsi 1:0:1:0: CD-ROM            QEMU     QEMU DVD-ROM     2.0. PQ: 0 ANSI: 5
[    3.307172] sr0: scsi3-mmc drive: 4x/4x cd/rw xa/form2 tray
[    3.308866] cdrom: Uniform CD-ROM driver Revision: 3.20
[    3.324860] sr 1:0:1:0: Attached scsi generic sg0 type 5
[    3.357123] Freeing initrd memory: 3656k freed
[    3.379259] registered taskstats version 1
[    3.856337]   Magic number: 11:755:112
[    3.876123] rtc_cmos 00:01: setting system clock to 2015-12-15 05:08:01 UTC (1450156081)
[    3.879227] powernow-k8: Processor cpuid 663 not supported
[    3.883986] BIOS EDD facility v0.16 2004-Jun-25, 0 devices found
[    3.888130] EDD information not available.
[    3.943909] Freeing unused kernel memory: 928k freed
[    3.950206] Write protecting the kernel read-only data: 12288k
[    4.088726] Freeing unused kernel memory: 1596k freed
[    4.171253] Freeing unused kernel memory: 1184k freed

info: initramfs: up at 4.37
modprobe: module virtio_blk not found in modules.dep
modprobe: module virtio_net not found in modules.dep
info: copying initramfs to /dev/vda
info: initramfs loading root from /dev/vda
info: /etc/init.d/rc.sysinit: up at 9.10
info: container: none
Starting logging: OK
modprobe: module virtio_blk not found in modules.dep
modprobe: module virtio_net not found in modules.dep
WARN: /etc/rc3.d/S10-load-modules failed
Initializing random number generator... done.
Starting acpid: OK
cirros-ds 'local' up at 11.67
found datasource (configdrive, local)
Starting network...
udhcpc (v1.20.1) started
Sending discover...
Sending discover...
Sending discover...
Usage: /sbin/cirros-dhcpc &lt;up|down&gt;
No lease, failing
WARN: /etc/rc3.d/S40-network failed
Starting dropbear sshd: generating rsa key... generating dsa key... OK
no userdata for datasource
=== system information ===
Platform: OpenStack Foundation OpenStack Nova
Container: none
Arch: x86_64
CPU(s): 1 @ 2293.607 MHz
Cores/Sockets/Threads: 1/1/1
Virt-type: AMD-V
RAM Size: 49MB
Disks:
NAME MAJ:MIN     SIZE LABEL         MOUNTPOINT
vda  253:0   25165824 cirros-rootfs /
sr0   11:0     428032 config-2      
=== sshd host keys ===
-----BEGIN SSH HOST KEY KEYS-----
ssh-rsa AAAAB3NzaC1yc2EAAAADAQABAAAAgwCz4uAoE9RhKzMZSpAiAN+V5nBTCMx82sv0MfsRbjowAuxQZhB0CxXJ0rtf6DwDtZHZh6hjAg2csJAarTGaxXG6PLyMtrohU1Tg1jtps3lreegikfgg3Ln4qtwWcEzoSrS33/euikb2rpG1uQ25fTUOF9W8EliOVuO9BOmva5vBABjR root@tempest
ssh-dss AAAAB3NzaC1kc3MAAACBAOw8A27m5CsT/v61/1AZS05CpAhn5NEuEdS6ZraQ7gzWfSU8qsCh3hy4PverIUDG+0R+x6Ncigkf5CakcdugxWT4UrM8kSrYwEG2wlUomSX7O9PVuZojqw9lEDkmoS1Plwot0kpHgRBAgfVRu9mfkxtFGcx4tMImEdIAIl31eXyLAAAAFQCGemlq9yNXzZjnn6AR9sWF2A4rFwAAAIB9ZL8bqigRyiv1Xln2/HShskMQ20O24+iF+N5urf1jUjVzKSOdyZP8cJHEP1w4irJVVaIjlk2kHMWGWHPlDgK/SQD+tNY6vNSRSrq00TE7yNmzFLF3P6hkrrb+CBsdePejaBccJH+fCzZhZuv7T7jtYHQLubJe1YAcrmcPzfZKcgAAAIEA4vNNgClji2u4lA6lsqdeRMSAbBZYCBqSQ1kWrRHYZRaiW/GEM6OU+Fox7nRI4ZcUPJJ/80qIlJxonntQO64WD61CfiMDk2TkWsCwn/NNEiF7T9AOQyVLbuKqJqoJA1qfzySMm/0WbGt5OCDUwZ99z/dDNdwCI66q6knpiPxMOJ4= root@tempest
-----END SSH HOST KEY KEYS-----
=== network info ===
if-info: lo,up,127.0.0.1,8,::1
if-info: eth0,up,,8,fe80::f816:3eff:fe44:4438
=== datasource: configdrive local ===
instance-id: 6434caa5-83d1-4353-9849-0fa752a81ce9
name: tempest.common.compute-instance-30662609
availability-zone: nova
local-hostname: tempest.common.compute-instance-30662609.novalocal
launch-index: 0
=== cirros: current=0.3.4 uptime=201.16 ===
route: fscanf
=== pinging gateway failed, debugging connection ===
############ debug start ##############
### /etc/init.d/sshd start
Starting dropbear sshd: OK
route: fscanf
### ifconfig -a
eth0      Link encap:Ethernet  HWaddr FA:16:3E:44:44:38  
          inet6 addr: fe80::f816:3eff:fe44:4438/64 Scope:Link
          UP BROADCAST RUNNING MULTICAST  MTU:1500  Metric:1
          RX packets:12 errors:0 dropped:5 overruns:0 frame:0
          TX packets:8 errors:0 dropped:0 overruns:0 carrier:0
          collisions:0 txqueuelen:1000 
          RX bytes:1303 (1.2 KiB)  TX bytes:1134 (1.1 KiB)

lo        Link encap:Local Loopback  
          inet addr:127.0.0.1  Mask:255.0.0.0
          inet6 addr: ::1/128 Scope:Host
          UP LOOPBACK RUNNING  MTU:16436  Metric:1
          RX packets:12 errors:0 dropped:0 overruns:0 frame:0
          TX packets:12 errors:0 dropped:0 overruns:0 carrier:0
          collisions:0 txqueuelen:0 
          RX bytes:1020 (1020.0 B)  TX bytes:1020 (1020.0 B)

### route -n
Kernel IP routing table
Destination     Gateway         Genmask         Flags Metric Ref    Use Iface
route: fscanf
### cat /etc/resolv.conf
cat: can't open '/etc/resolv.conf': No such file or directory
### gateway not found
/sbin/cirros-status: line 1: can't open /etc/resolv.conf: no such file
### pinging nameservers
### uname -a
Linux tempest 3.2.0-80-virtual #116-Ubuntu SMP Mon Mar 23 17:28:52 UTC 2015 x86_64 GNU/Linux
### lsmod
Module                  Size  Used by    Not tainted
nls_iso8859_1          12713  0 
nls_cp437              16991  0 
vfat                   17585  0 
fat                    61512  1 vfat
isofs                  40259  0 
ip_tables              27473  0 
x_tables               29891  1 ip_tables
pcnet32                42119  0 
8139cp                 27360  0 
ne2k_pci               13691  0 
8390                   18856  1 ne2k_pci
e1000                 108589  0 
acpiphp                24231  0 
### dmesg | tail
[    5.156426] EXT3-fs (vda): mounted filesystem with ordered data mode
[    5.492828] ISO 9660 Extensions: Microsoft Joliet Level 3
[    5.574705] ISO 9660 Extensions: RRIP_1991A
[    5.838662] kjournald starting.  Commit interval 5 seconds
[    5.850990] EXT3-fs (vda): using internal journal
[    5.851291] EXT3-fs (vda): mounted filesystem with ordered data mode
[    9.195564] EXT3-fs (vda): using internal journal
[   12.520632] ISO 9660 Extensions: Microsoft Joliet Level 3
[   12.618971] ISO 9660 Extensions: RRIP_1991A
[   27.233857] eth0: no IPv6 routers present
### tail -n 25 /var/log/messages
Dec 15 05:08:08 cirros kern.info kernel: [    4.683881] acpiphp: Slot [24] registered
Dec 15 05:08:08 cirros kern.info kernel: [    4.685840] acpiphp: Slot [25] registered
Dec 15 05:08:08 cirros kern.info kernel: [    4.686353] acpiphp: Slot [26] registered
Dec 15 05:08:08 cirros kern.info kernel: [    4.686984] acpiphp: Slot [27] registered
Dec 15 05:08:08 cirros kern.info kernel: [    4.687406] acpiphp: Slot [28] registered
Dec 15 05:08:08 cirros kern.info kernel: [    4.688044] acpiphp: Slot [29] registered
Dec 15 05:08:08 cirros kern.info kernel: [    4.689892] acpiphp: Slot [30] registered
Dec 15 05:08:08 cirros kern.info kernel: [    4.690579] acpiphp: Slot [31] registered
Dec 15 05:08:08 cirros kern.info kernel: [    4.749823] e1000: Intel(R) PRO/1000 Network Driver - version 7.3.21-k8-NAPI
Dec 15 05:08:08 cirros kern.info kernel: [    4.836920] 8139cp: 8139cp: 10/100 PCI Ethernet driver v1.3 (Mar 22, 2004)
Dec 15 05:08:08 cirros kern.info kernel: [    4.876071] pcnet32: pcnet32.c:v1.35 21.Apr.2008 tsbogend@alpha.franken.de
Dec 15 05:08:08 cirros kern.info kernel: [    4.929442] ip_tables: (C) 2000-2006 Netfilter Core Team
Dec 15 05:08:08 cirros kern.info kernel: [    5.153366] kjournald starting.  Commit interval 5 seconds
Dec 15 05:08:08 cirros kern.info kernel: [    5.156426] EXT3-fs (vda): mounted filesystem with ordered data mode
Dec 15 05:08:08 cirros kern.debug kernel: [    5.492828] ISO 9660 Extensions: Microsoft Joliet Level 3
Dec 15 05:08:08 cirros kern.debug kernel: [    5.574705] ISO 9660 Extensions: RRIP_1991A
Dec 15 05:08:08 cirros kern.info kernel: [    5.838662] kjournald starting.  Commit interval 5 seconds
Dec 15 05:08:08 cirros kern.info kernel: [    5.850990] EXT3-fs (vda): using internal journal
Dec 15 05:08:08 cirros kern.info kernel: [    5.851291] EXT3-fs (vda): mounted filesystem with ordered data mode
Dec 15 05:08:08 cirros kern.info kernel: [    9.195564] EXT3-fs (vda): using internal journal
Dec 15 05:08:10 cirros kern.debug kernel: [   12.520632] ISO 9660 Extensions: Microsoft Joliet Level 3
Dec 15 05:08:10 cirros kern.debug kernel: [   12.618971] ISO 9660 Extensions: RRIP_1991A
Dec 15 05:08:13 cirros auth.notice su: + /dev/console root:cirros
Dec 15 05:08:24 cirros kern.debug kernel: [   27.233857] eth0: no IPv6 routers present
Dec 15 05:11:16 cirros authpriv.info dropbear[283]: Running in background
############ debug end   ##############
  ____               ____  ____
 / __/ __ ____ ____ / __ \/ __/
/ /__ / // __// __// /_/ /\ \ 
\___//_//_/  /_/   \____/___/ 
   http://cirros-cloud.net


login as 'cirros' user. default password: 'cubswin:)'. use 'sudo' for root.
tempest login: 
2015-12-15 05:11:28,493 24564 INFO     [tempest_lib.common.rest_client] Request (TestGettingAddress:_run_cleanups): 204 DELETE http://10.0.2.15:9696/v2.0/floatingips/d5a9d392-f772-4cfc-8c13-d5ddba3a9dae 0.207s
2015-12-15 05:11:28,494 24564 DEBUG    [tempest_lib.common.rest_client] Request - Headers: {'Content-Type': 'application/json', 'Accept': 'application/json', 'X-Auth-Token': '&lt;omitted&gt;'}
        Body: None
    Response - Headers: {'date': 'Tue, 15 Dec 2015 05:11:28 GMT', 'status': '204', 'connection': 'close', 'content-length': '0', 'x-openstack-request-id': 'req-d7abe1a7-89a2-4252-813b-7c2380f319b9'}
        Body: 
2015-12-15 05:11:28,857 24564 INFO     [tempest_lib.common.rest_client] Request (TestGettingAddress:_run_cleanups): 204 DELETE http://10.0.2.15:8774/v2.1/517059922d854ca1a73a52b9be3b4131/servers/6434caa5-83d1-4353-9849-0fa752a81ce9 0.363s
2015-12-15 05:11:28,858 24564 DEBUG    [tempest_lib.common.rest_client] Request - Headers: {'Content-Type': 'application/json', 'Accept': 'application/json', 'X-Auth-Token': '&lt;omitted&gt;'}
        Body: None
    Response - Headers: {'status': '204', 'content-length': '0', 'x-compute-request-id': 'req-d5b66fb7-b532-4e84-b211-ab4f144e27ac', 'vary': 'X-OpenStack-Nova-API-Version', 'connection': 'close', 'x-openstack-nova-api-version': '2.1', 'date': 'Tue, 15 Dec 2015 05:11:28 GMT', 'content-type': 'application/json'}
        Body: 
2015-12-15 05:11:29,067 24564 INFO     [tempest_lib.common.rest_client] Request (TestGettingAddress:_run_cleanups): 200 GET http://10.0.2.15:8774/v2.1/517059922d854ca1a73a52b9be3b4131/servers/6434caa5-83d1-4353-9849-0fa752a81ce9 0.207s
2015-12-15 05:11:29,067 24564 DEBUG    [tempest_lib.common.rest_client] Request - Headers: {'Content-Type': 'application/json', 'Accept': 'application/json', 'X-Auth-Token': '&lt;omitted&gt;'}
        Body: None
    Response - Headers: {'status': '200', 'content-length': '1902', 'content-location': 'http://10.0.2.15:8774/v2.1/517059922d854ca1a73a52b9be3b4131/servers/6434caa5-83d1-4353-9849-0fa752a81ce9', 'x-compute-request-id': 'req-00df5748-4953-4449-9c4b-72905ae6f824', 'vary': 'X-OpenStack-Nova-API-Version', 'connection': 'close', 'x-openstack-nova-api-version': '2.1', 'date': 'Tue, 15 Dec 2015 05:11:29 GMT', 'content-type': 'application/json'}
        Body: {"server": {"status": "ACTIVE", "updated": "2015-12-15T05:11:28Z", "hostId": "79ceaa358bc22dcdaa39dac686caf7929dcce8fd3dbbfa1ed0f55982", "addresses": {"tempest-network-smoke--1099473687": [{"OS-EXT-IPS-MAC:mac_addr": "fa:16:3e:44:44:38", "version": 6, "addr": "2003::f816:3eff:fe44:4438", "OS-EXT-IPS:type": "fixed"}, {"OS-EXT-IPS-MAC:mac_addr": "fa:16:3e:44:44:38", "version": 4, "addr": "10.100.0.3", "OS-EXT-IPS:type": "fixed"}, {"OS-EXT-IPS-MAC:mac_addr": "fa:16:3e:44:44:38", "version": 4, "addr": "172.24.4.4", "OS-EXT-IPS:type": "floating"}]}, "links": [{"href": "http://10.0.2.15:8774/v2.1/517059922d854ca1a73a52b9be3b4131/servers/6434caa5-83d1-4353-9849-0fa752a81ce9", "rel": "self"}, {"href": "http://10.0.2.15:8774/517059922d854ca1a73a52b9be3b4131/servers/6434caa5-83d1-4353-9849-0fa752a81ce9", "rel": "bookmark"}], "key_name": "tempest-TestGettingAddress-252507383", "image": {"id": "5528bfb5-d0ad-4bf4-8385-b108c489a150", "links": [{"href": "http://10.0.2.15:8774/517059922d854ca1a73a52b9be3b4131/images/5528bfb5-d0ad-4bf4-8385-b108c489a150", "rel": "bookmark"}]}, "OS-EXT-STS:task_state": "deleting", "OS-EXT-STS:vm_state": "active", "OS-SRV-USG:launched_at": "2015-12-15T05:07:54.000000", "flavor": {"id": "42", "links": [{"href": "http://10.0.2.15:8774/517059922d854ca1a73a52b9be3b4131/flavors/42", "rel": "bookmark"}]}, "id": "6434caa5-83d1-4353-9849-0fa752a81ce9", "security_groups": [{"name": "tempest-secgroup-smoke-1899326106"}], "OS-SRV-USG:terminated_at": null, "OS-EXT-AZ:availability_zone": "nova", "user_id": "54927b906683446ba4a8b914995a388a", "name": "tempest.common.compute-instance-30662609", "created": "2015-12-15T05:07:51Z", "tenant_id": "517059922d854ca1a73a52b9be3b4131", "OS-DCF:diskConfig": "MANUAL", "os-extended-volumes:volumes_attached": [], "accessIPv4": "", "accessIPv6": "", "progress": 0, "OS-EXT-STS:power_state": 1, "config_drive": "True", "metadata": {}}}
2015-12-15 05:11:30,232 24564 INFO     [tempest_lib.common.rest_client] Request (TestGettingAddress:_run_cleanups): 200 GET http://10.0.2.15:8774/v2.1/517059922d854ca1a73a52b9be3b4131/servers/6434caa5-83d1-4353-9849-0fa752a81ce9 0.150s
2015-12-15 05:11:30,233 24564 DEBUG    [tempest_lib.common.rest_client] Request - Headers: {'Content-Type': 'application/json', 'Accept': 'application/json', 'X-Auth-Token': '&lt;omitted&gt;'}
        Body: None
    Response - Headers: {'status': '200', 'content-length': '1437', 'content-location': 'http://10.0.2.15:8774/v2.1/517059922d854ca1a73a52b9be3b4131/servers/6434caa5-83d1-4353-9849-0fa752a81ce9', 'x-compute-request-id': 'req-f1e51883-6434-4fc1-b5c9-5d84ded871ab', 'vary': 'X-OpenStack-Nova-API-Version', 'connection': 'close', 'x-openstack-nova-api-version': '2.1', 'date': 'Tue, 15 Dec 2015 05:11:30 GMT', 'content-type': 'application/json'}
        Body: {"server": {"status": "ACTIVE", "updated": "2015-12-15T05:11:29Z", "hostId": "79ceaa358bc22dcdaa39dac686caf7929dcce8fd3dbbfa1ed0f55982", "addresses": {}, "links": [{"href": "http://10.0.2.15:8774/v2.1/517059922d854ca1a73a52b9be3b4131/servers/6434caa5-83d1-4353-9849-0fa752a81ce9", "rel": "self"}, {"href": "http://10.0.2.15:8774/517059922d854ca1a73a52b9be3b4131/servers/6434caa5-83d1-4353-9849-0fa752a81ce9", "rel": "bookmark"}], "key_name": "tempest-TestGettingAddress-252507383", "image": {"id": "5528bfb5-d0ad-4bf4-8385-b108c489a150", "links": [{"href": "http://10.0.2.15:8774/517059922d854ca1a73a52b9be3b4131/images/5528bfb5-d0ad-4bf4-8385-b108c489a150", "rel": "bookmark"}]}, "OS-EXT-STS:task_state": "deleting", "OS-EXT-STS:vm_state": "active", "OS-SRV-USG:launched_at": "2015-12-15T05:07:54.000000", "flavor": {"id": "42", "links": [{"href": "http://10.0.2.15:8774/517059922d854ca1a73a52b9be3b4131/flavors/42", "rel": "bookmark"}]}, "id": "6434caa5-83d1-4353-9849-0fa752a81ce9", "OS-SRV-USG:terminated_at": null, "OS-EXT-AZ:availability_zone": "nova", "user_id": "54927b906683446ba4a8b914995a388a", "name": "tempest.common.compute-instance-30662609", "created": "2015-12-15T05:07:51Z", "tenant_id": "517059922d854ca1a73a52b9be3b4131", "OS-DCF:diskConfig": "MANUAL", "os-extended-volumes:volumes_attached": [], "accessIPv4": "", "accessIPv6": "", "progress": 0, "OS-EXT-STS:power_state": 1, "config_drive": "True", "metadata": {}}}
2015-12-15 05:11:31,329 24564 INFO     [tempest_lib.common.rest_client] Request (TestGettingAddress:_run_cleanups): 404 GET http://10.0.2.15:8774/v2.1/517059922d854ca1a73a52b9be3b4131/servers/6434caa5-83d1-4353-9849-0fa752a81ce9 0.083s
2015-12-15 05:11:31,330 24564 DEBUG    [tempest_lib.common.rest_client] Request - Headers: {'Content-Type': 'application/json', 'Accept': 'application/json', 'X-Auth-Token': '&lt;omitted&gt;'}
        Body: None
    Response - Headers: {'status': '404', 'content-length': '111', 'x-compute-request-id': 'req-53b1a12f-8d56-46f4-9e92-c2c73735985f', 'vary': 'X-OpenStack-Nova-API-Version', 'connection': 'close', 'x-openstack-nova-api-version': '2.1', 'date': 'Tue, 15 Dec 2015 05:11:31 GMT', 'content-type': 'application/json; charset=UTF-8'}
        Body: {"itemNotFound": {"message": "Instance 6434caa5-83d1-4353-9849-0fa752a81ce9 could not be found.", "code": 404}}
2015-12-15 05:11:31,702 24564 INFO     [tempest_lib.common.rest_client] Request (TestGettingAddress:_run_cleanups): 200 PUT http://10.0.2.15:9696/v2.0/routers/665bad64-b943-42fb-989f-d99882982e5a/remove_router_interface 0.370s
2015-12-15 05:11:31,702 24564 DEBUG    [tempest_lib.common.rest_client] Request - Headers: {'Content-Type': 'application/json', 'Accept': 'application/json', 'X-Auth-Token': '&lt;omitted&gt;'}
        Body: {"subnet_id": "031971aa-1958-4119-85e1-d4a8a71b72bc"}
    Response - Headers: {'status': '200', 'content-length': '255', 'connection': 'close', 'date': 'Tue, 15 Dec 2015 05:11:31 GMT', 'content-type': 'application/json; charset=UTF-8', 'x-openstack-request-id': 'req-b6776cf5-084d-476a-95ec-87433cd7c3ca'}
        Body: {"subnet_id": "031971aa-1958-4119-85e1-d4a8a71b72bc", "tenant_id": "517059922d854ca1a73a52b9be3b4131", "subnet_ids": ["031971aa-1958-4119-85e1-d4a8a71b72bc"], "port_id": "3019eeff-03cc-427e-9b1a-0ce8273e61f6", "id": "665bad64-b943-42fb-989f-d99882982e5a"}
2015-12-15 05:11:32,146 24564 INFO     [tempest_lib.common.rest_client] Request (TestGettingAddress:_run_cleanups): 204 DELETE http://10.0.2.15:9696/v2.0/subnets/031971aa-1958-4119-85e1-d4a8a71b72bc 0.442s
2015-12-15 05:11:32,146 24564 DEBUG    [tempest_lib.common.rest_client] Request - Headers: {'Content-Type': 'application/json', 'Accept': 'application/json', 'X-Auth-Token': '&lt;omitted&gt;'}
        Body: None
    Response - Headers: {'date': 'Tue, 15 Dec 2015 05:11:32 GMT', 'status': '204', 'connection': 'close', 'content-length': '0', 'x-openstack-request-id': 'req-aaf7e3a0-3b59-48e9-9a67-228a2a140ac1'}
        Body: 
2015-12-15 05:11:32,193 24564 INFO     [tempest_lib.common.rest_client] Request (TestGettingAddress:_run_cleanups): 404 DELETE http://10.0.2.15:9696/v2.0/subnets/031971aa-1958-4119-85e1-d4a8a71b72bc 0.046s
2015-12-15 05:11:32,194 24564 DEBUG    [tempest_lib.common.rest_client] Request - Headers: {'Content-Type': 'application/json', 'Accept': 'application/json', 'X-Auth-Token': '&lt;omitted&gt;'}
        Body: None
    Response - Headers: {'status': '404', 'content-length': '135', 'connection': 'close', 'date': 'Tue, 15 Dec 2015 05:11:32 GMT', 'content-type': 'application/json; charset=UTF-8', 'x-openstack-request-id': 'req-15e20f3b-0898-4b42-a28f-9e8ef5805b78'}
        Body: {"NeutronError": {"message": "Subnet 031971aa-1958-4119-85e1-d4a8a71b72bc could not be found", "type": "SubnetNotFound", "detail": ""}}
2015-12-15 05:11:32,561 24564 INFO     [tempest_lib.common.rest_client] Request (TestGettingAddress:_run_cleanups): 200 PUT http://10.0.2.15:9696/v2.0/routers/665bad64-b943-42fb-989f-d99882982e5a/remove_router_interface 0.366s
2015-12-15 05:11:32,562 24564 DEBUG    [tempest_lib.common.rest_client] Request - Headers: {'Content-Type': 'application/json', 'Accept': 'application/json', 'X-Auth-Token': '&lt;omitted&gt;'}
        Body: {"subnet_id": "5699c566-adf8-47da-a734-9b9e63dab44a"}
