<?xml version="1.0" encoding="UTF-8"?>
<!DOCTYPE html PUBLIC "-//W3C//DTD XHTML 1.0 Strict//EN"
     "http://www.w3.org/TR/xhtml1/DTD/xhtml1-strict.dtd">
<html xmlns="http://www.w3.org/1999/xhtml">
<head>
    <title>Unit Test Report</title>
    <meta name="generator" content="subunit2html 0.1"/>
    <meta http-equiv="Content-Type" content="text/html; charset=UTF-8"/>
    
<style type="text/css" media="screen">
body        { font-family: verdana, arial, helvetica, sans-serif;
    font-size: 80%; }
table       { font-size: 100%; width: 100%;}
pre         { font-size: 80%; }

/* -- heading -------------------------------------------------------------- */
h1 {
        font-size: 16pt;
        color: gray;
}
.heading {
    margin-top: 0ex;
    margin-bottom: 1ex;
}

.heading .attribute {
    margin-top: 1ex;
    margin-bottom: 0;
}

.heading .description {
    margin-top: 4ex;
    margin-bottom: 6ex;
}

/* -- css div popup -------------------------------------------------------- */
a.popup_link {
}

a.popup_link:hover {
    color: red;
}

.popup_window {
    display: none;
    overflow-x: scroll;
    /*border: solid #627173 1px; */
    padding: 10px;
    background-color: #E6E6D6;
    font-family: "Ubuntu Mono", "Lucida Console", "Courier New", monospace;
    text-align: left;
    font-size: 8pt;
}

}
/* -- report --------------------------------------------------------------- */
#show_detail_line {
    margin-top: 3ex;
    margin-bottom: 1ex;
}
#result_table {
    width: 100%;
    border-collapse: collapse;
    border: 1px solid #777;
}
#header_row {
    font-weight: bold;
    color: white;
    background-color: #777;
}
#result_table td {
    border: 1px solid #777;
    padding: 2px;
}
#total_row  { font-weight: bold; }
.passClass  { background-color: #6c6; }
.failClass  { background-color: #c60; }
.errorClass { background-color: #c00; }
.passCase   { color: #6c6; }
.failCase   { color: #c60; font-weight: bold; }
.errorCase  { color: #c00; font-weight: bold; }
.hiddenRow  { display: none; }
.testcase   { margin-left: 2em; }
td.testname {width: 40%}
td.small {width: 40px}

/* -- ending --------------------------------------------------------------- */
#ending {
}

</style>

</head>
<body>
<script language="javascript" type="text/javascript"><!--
output_list = Array();

/* level - 0:Summary; 1:Failed; 2:All */
function showCase(level) {
    trs = document.getElementsByTagName("tr");
    for (var i = 0; i < trs.length; i++) {
        tr = trs[i];
        id = tr.id;
        if (id.substr(0,2) == 'ft') {
            if (level < 1) {
                tr.className = 'hiddenRow';
            }
            else {
                tr.className = '';
            }
        }
        if (id.substr(0,2) == 'pt') {
            if (level > 1) {
                tr.className = '';
            }
            else {
                tr.className = 'hiddenRow';
            }
        }
    }
}


function showClassDetail(cid, count) {
    var id_list = Array(count);
    var toHide = 1;
    for (var i = 0; i < count; i++) {
        tid0 = 't' + cid.substr(1) + '.' + (i+1);
        tid = 'f' + tid0;
        tr = document.getElementById(tid);
        if (!tr) {
            tid = 'p' + tid0;
            tr = document.getElementById(tid);
        }
        id_list[i] = tid;
        if (tr.className) {
            toHide = 0;
        }
    }
    for (var i = 0; i < count; i++) {
        tid = id_list[i];
        if (toHide) {
            document.getElementById('div_'+tid).style.display = 'none'
            document.getElementById(tid).className = 'hiddenRow';
        }
        else {
            document.getElementById(tid).className = '';
        }
    }
}


function showTestDetail(div_id){
    var details_div = document.getElementById(div_id)
    var displayState = details_div.style.display
    // alert(displayState)
    if (displayState != 'block' ) {
        displayState = 'block'
        details_div.style.display = 'block'
    }
    else {
        details_div.style.display = 'none'
    }
}


function html_escape(s) {
    s = s.replace(/&/g,'&amp;');
    s = s.replace(/</g,'&lt;');
    s = s.replace(/>/g,'&gt;');
    return s;
}

/* obsoleted by detail in <div>
function showOutput(id, name) {
    var w = window.open("", //url
                    name,
                    "resizable,scrollbars,status,width=800,height=450");
    d = w.document;
    d.write("<pre>");
    d.write(html_escape(output_list[id]));
    d.write("\n");
    d.write("<a href='javascript:window.close()'>close</a>\n");
    d.write("</pre>\n");
    d.close();
}
*/
--></script>

<div class='heading'>
<h1>Unit Test Report</h1>

<p class='attribute'><strong>Status:</strong> Failure 8</p>

<p class='description'></p>
</div>



<p id='show_detail_line'>Show
<a href='javascript:showCase(0)'>Summary</a>
<a href='javascript:showCase(1)'>Failed</a>
<a href='javascript:showCase(2)'>All</a>
</p>
<table id='result_table'>
<colgroup>
<col align='left' />
<col align='right' />
<col align='right' />
<col align='right' />
<col align='right' />
<col align='right' />
<col align='right' />
<col align='right' />
</colgroup>
<tr id='header_row'>
    <td>Test Group/Test case</td>
    <td>Count</td>
    <td>Pass</td>
    <td>Fail</td>
    <td>Error</td>
    <td>Skip</td>
    <td>View</td>
    <td> </td>
</tr>

<tr class='failClass'>
    <td class="testname">tempest.scenario.test_network_v6.TestGettingAddress</td>
    <td class="small">8</td>
    <td class="small">0</td>
    <td class="small">8</td>
    <td class="small">0</td>
    <td class="small">0</td>
    <td class="small"><a href="javascript:showClassDetail('c1',8)"
>Detail</a></td>
    <td> </td>
</tr>

<tr id='ft1.1' class='none'>
    <td class='failCase'><div class='testcase'>test_dhcp6_stateless_from_os[compute,id-d7e1f858-187c-45a6-89c9-bdafde619a9f,network]</div></td>
    <td colspan='7' align='left'>

    <!--css div popup start-->
    <a class="popup_link" onfocus='this.blur();'
    href="javascript:showTestDetail('div_ft1.1')" >
        fail</a>

    <div id='div_ft1.1' class="popup_window">
        <div style='text-align: right; color:red;cursor:pointer'>
        <a onfocus='this.blur();'
onclick="document.getElementById('div_ft1.1').style.display = 'none' " >
           [x]</a>
        </div>
        <pre>
        
ft1.1: tempest.scenario.test_network_v6.TestGettingAddress.test_dhcp6_stateless_from_os[compute,id-d7e1f858-187c-45a6-89c9-bdafde619a9f,network]_StringException: Empty attachments:
  stderr
  stdout

pythonlogging:'': {{{
2015-12-19 04:58:40,152 20255 INFO     [tempest_lib.common.rest_client] Request (TestGettingAddress:setUp): 200 POST http://10.0.2.15:8774/v2.1/fa081dc4a78a4251ad203a9dedce9fd3/os-keypairs 0.487s
2015-12-19 04:58:40,152 20255 DEBUG    [tempest_lib.common.rest_client] Request - Headers: {'Content-Type': 'application/json', 'Accept': 'application/json', 'X-Auth-Token': '&lt;omitted&gt;'}
        Body: {"keypair": {"name": "tempest-TestGettingAddress-2127877903"}}
    Response - Headers: {'status': '200', 'content-length': '2320', 'x-compute-request-id': 'req-41ed1d04-d6f5-4a05-9306-3e6767c01066', 'vary': 'X-OpenStack-Nova-API-Version', 'connection': 'close', 'x-openstack-nova-api-version': '2.1', 'date': 'Sat, 19 Dec 2015 04:58:40 GMT', 'content-type': 'application/json'}
        Body: {"keypair": {"public_key": "ssh-rsa AAAAB3NzaC1yc2EAAAADAQABAAABAQD8pSy7kWqJigQi1y2m70BVKFKGzDuIpHFDCnFoOGMI2Idpo5j6FRiw0LLndfDsLiVUrWixz3+VW6ZEM6InFC8UBJIh5Fgj+yFwPgPhPVwDSdXZRZjZPmJuZ4xDsMgJu7bxLn1OXU1nIAeY7tVwprMVCjENTlDZNRdN4LjTh0vk8fiI/OUqE6+1DlLCcmNCiL2txvp839P5A0+J6DVjsvT3385cVch2WZtyYjruzYRnwC6BZt7nCl73zm3vn0bmP3N7cU6T3CL5Fz1A56M1W1lBxWK5qXHThmW4n/nHlivaBBqikxuOt3t6XVZnwJmgXH5RIjpXNc9822L0t/MwV1Np Generated-by-Nova", "private_key": "-----BEGIN RSA PRIVATE KEY-----\nMIIEqAIBAAKCAQEA/KUsu5FqiYoEItctpu9AVShShsw7iKRxQwpxaDhjCNiHaaOY\n+hUYsNCy53Xw7C4lVK1osc9/lVumRDOiJxQvFASSIeRYI/shcD4D4T1cA0nV2UWY\n2T5ibmeMQ7DICbu28S59Tl1NZyAHmO7VcKazFQoxDU5Q2TUXTeC404dL5PH4iPzl\nKhOvtQ5SwnJjQoi9rcb6fN/T+QNPieg1Y7L099/OXFXIdlmbcmI67s2EZ8AugWbe\n5wpe985t759G5j9ze3FOk9wi+Rc9QOejNVtZQcViualx04ZluJ/5x5Yr2gQaopMb\njrd7el1WZ8CZoFx+USI6VzXPfNti9LfzMFdTaQIDAQABAoIBACC1re327Mkz4kc0\nfsefMEAWQWEMbiTJzZQ1dOteaYwKpLWLpdGzC4hQ7OjEv1WEv/aPoP9scwM+Y29v\nE+5lUZcQ5G6Y5sR5ziF/FfeCfzg5xgMkXJ670fijVWiqKawA7rWZJEYSFGRmpDUr\nrtyv6H2v3Rvw6MzGb+b4UlWora3NWFqpBAp7E7dUilpGAuyzFUcvPqoKMHtrHzqb\nzAKJHIP9o3cXw9Qmm1KLecuRmjtUb9/UW7qQc2E9mMw53kotjckd6+psUkFBTxYr\nez2JmsZ8GJyr/qjNbGJ0Zf8QFtpn9/WZYgKUsn5sXTghKGKRveugOdYKetx0EaDV\nYGFq7KUCggCBAP1OQwtTW+FnFDxyyUYNackArTyUnB6IYTa55FniFMW4NZv2HXjQ\n7HV+LCTYxfHx5whjJYoAqWSkdAKk6Tt2/KhkxZEEHinR4CIyklPN6uztop1+pir/\nmidbZyc26kDAP5P7ydkFWX44TTAHB+fbYYpfVbfbWh0MgwUGjtPsSwd/AoIAgQD/\nVR1F5VjpmNK5RQ9ESZtSIzQtFBO4pmEmTpyA5KKWhUOxTmDFzEX438Lxo2X7m6HW\n6VvOCdL+zNohnq/QW84vFbbXph8p1ORd5nXaKM8ewbCw/iuDv7xqx4VDDvbdifqF\nVkeoVZKTLG9R1tRBTPTnaZphxUEib2l4qifCC0HZFwKCAIEA5lDzqueXgmJcRv5D\nvhtSFT41RgEF1slAQydQ1t027/QnYnCsqX6lkcswTiyABxZhcAHeTxV88BKLnR/f\nJX9yCZbfAJVS68l11wJOhD6WHemQU02lvzD7NE/qggBvjIKBDIgDJv2zOo3suP+b\nk5ions1CPlMHI6SNuNMWqOCP8/cCggCACGBcc3yQrCktUJKpa44WoF0zSv9LnlUm\n/sC5dakKhHGexORTXGnVKdL9bDv2DokOiCRjtKCx4VYLGetAzU8Vtom5091JTHAF\nhecXmq6YDORBzayo9MuHfOFKx+ZnxuDN7S3lb+pOwrFEfaTUlcfWiPj37ZkxB9Yr\n2Z+LalxALsUCggCAGgv9tNjiPRo8Gt1UJRpfI4X0sjQGEeo6MtJ80sDp9ppapd8Z\nN9pko6MsbNZIOvesDXen+8aPuGx4kq4/2x7omZtvvegZncsMWfDN2+R5vZmGIDOE\nm7lY6r0LZne03AM88X58khvauRybqo5RVYzSybqqp3m1UmQ1Rh+5gRmFs/I=\n-----END RSA PRIVATE KEY-----\n", "user_id": "a80a267c8793444dbc325dde216b5133", "name": "tempest-TestGettingAddress-2127877903", "fingerprint": "f3:57:62:49:b3:cc:6e:70:0d:37:06:eb:cb:8f:ee:e6"}}
2015-12-19 04:58:40,500 20255 INFO     [tempest_lib.common.rest_client] Request (TestGettingAddress:setUp): 201 POST http://10.0.2.15:9696/v2.0/security-groups 0.343s
2015-12-19 04:58:40,500 20255 DEBUG    [tempest_lib.common.rest_client] Request - Headers: {'Content-Type': 'application/json', 'Accept': 'application/json', 'X-Auth-Token': '&lt;omitted&gt;'}
        Body: {"security_group": {"tenant_id": "fa081dc4a78a4251ad203a9dedce9fd3", "description": "tempest-secgroup-smoke-389079992 description", "name": "tempest-secgroup-smoke-389079992"}}
    Response - Headers: {'status': '201', 'content-length': '886', 'connection': 'close', 'date': 'Sat, 19 Dec 2015 04:58:40 GMT', 'content-type': 'application/json; charset=UTF-8', 'x-openstack-request-id': 'req-59db5aad-ed89-447b-a765-2001861fe273'}
        Body: {"security_group": {"tenant_id": "fa081dc4a78a4251ad203a9dedce9fd3", "description": "tempest-secgroup-smoke-389079992 description", "id": "d7e70d92-c9aa-4e1b-be1a-a624922a06c1", "security_group_rules": [{"remote_group_id": null, "direction": "egress", "remote_ip_prefix": null, "protocol": null, "ethertype": "IPv4", "tenant_id": "fa081dc4a78a4251ad203a9dedce9fd3", "port_range_max": null, "port_range_min": null, "id": "164b528c-00e0-4386-80b4-b360d37526dc", "security_group_id": "d7e70d92-c9aa-4e1b-be1a-a624922a06c1"}, {"remote_group_id": null, "direction": "egress", "remote_ip_prefix": null, "protocol": null, "ethertype": "IPv6", "tenant_id": "fa081dc4a78a4251ad203a9dedce9fd3", "port_range_max": null, "port_range_min": null, "id": "01c7969e-6370-4ff5-9bdc-657058d08452", "security_group_id": "d7e70d92-c9aa-4e1b-be1a-a624922a06c1"}], "name": "tempest-secgroup-smoke-389079992"}}
2015-12-19 04:58:40,745 20255 INFO     [tempest_lib.common.rest_client] Request (TestGettingAddress:setUp): 201 POST http://10.0.2.15:9696/v2.0/security-group-rules 0.243s
2015-12-19 04:58:40,745 20255 DEBUG    [tempest_lib.common.rest_client] Request - Headers: {'Content-Type': 'application/json', 'Accept': 'application/json', 'X-Auth-Token': '&lt;omitted&gt;'}
        Body: {"security_group_rule": {"direction": "ingress", "protocol": "tcp", "tenant_id": "fa081dc4a78a4251ad203a9dedce9fd3", "port_range_max": 22, "security_group_id": "d7e70d92-c9aa-4e1b-be1a-a624922a06c1", "port_range_min": 22}}
    Response - Headers: {'status': '201', 'content-length': '340', 'connection': 'close', 'date': 'Sat, 19 Dec 2015 04:58:40 GMT', 'content-type': 'application/json; charset=UTF-8', 'x-openstack-request-id': 'req-d6a755cf-6962-4f00-a653-2040a0e3e459'}
        Body: {"security_group_rule": {"remote_group_id": null, "direction": "ingress", "remote_ip_prefix": null, "protocol": "tcp", "ethertype": "IPv4", "tenant_id": "fa081dc4a78a4251ad203a9dedce9fd3", "port_range_max": 22, "port_range_min": 22, "id": "d7d4db72-82a9-4d76-bd38-279bac1152f7", "security_group_id": "d7e70d92-c9aa-4e1b-be1a-a624922a06c1"}}
2015-12-19 04:58:40,841 20255 INFO     [tempest_lib.common.rest_client] Request (TestGettingAddress:setUp): 201 POST http://10.0.2.15:9696/v2.0/security-group-rules 0.094s
2015-12-19 04:58:40,841 20255 DEBUG    [tempest_lib.common.rest_client] Request - Headers: {'Content-Type': 'application/json', 'Accept': 'application/json', 'X-Auth-Token': '&lt;omitted&gt;'}
        Body: {"security_group_rule": {"direction": "egress", "protocol": "tcp", "tenant_id": "fa081dc4a78a4251ad203a9dedce9fd3", "port_range_max": 22, "security_group_id": "d7e70d92-c9aa-4e1b-be1a-a624922a06c1", "port_range_min": 22}}
    Response - Headers: {'status': '201', 'content-length': '339', 'connection': 'close', 'date': 'Sat, 19 Dec 2015 04:58:40 GMT', 'content-type': 'application/json; charset=UTF-8', 'x-openstack-request-id': 'req-df363d8f-a663-4e71-8466-3cbc3a3bd660'}
        Body: {"security_group_rule": {"remote_group_id": null, "direction": "egress", "remote_ip_prefix": null, "protocol": "tcp", "ethertype": "IPv4", "tenant_id": "fa081dc4a78a4251ad203a9dedce9fd3", "port_range_max": 22, "port_range_min": 22, "id": "f31fdfa2-44e9-4a2e-93c4-a3494a69f178", "security_group_id": "d7e70d92-c9aa-4e1b-be1a-a624922a06c1"}}
2015-12-19 04:58:40,934 20255 INFO     [tempest_lib.common.rest_client] Request (TestGettingAddress:setUp): 201 POST http://10.0.2.15:9696/v2.0/security-group-rules 0.092s
2015-12-19 04:58:40,935 20255 DEBUG    [tempest_lib.common.rest_client] Request - Headers: {'Content-Type': 'application/json', 'Accept': 'application/json', 'X-Auth-Token': '&lt;omitted&gt;'}
        Body: {"security_group_rule": {"tenant_id": "fa081dc4a78a4251ad203a9dedce9fd3", "direction": "ingress", "protocol": "icmp", "security_group_id": "d7e70d92-c9aa-4e1b-be1a-a624922a06c1"}}
    Response - Headers: {'status': '201', 'content-length': '345', 'connection': 'close', 'date': 'Sat, 19 Dec 2015 04:58:40 GMT', 'content-type': 'application/json; charset=UTF-8', 'x-openstack-request-id': 'req-fa4a79be-6fd5-48d6-bf24-ea2fa8de31a0'}
        Body: {"security_group_rule": {"remote_group_id": null, "direction": "ingress", "remote_ip_prefix": null, "protocol": "icmp", "ethertype": "IPv4", "tenant_id": "fa081dc4a78a4251ad203a9dedce9fd3", "port_range_max": null, "port_range_min": null, "id": "9bb99e96-26c1-4cd3-bf5b-f58de193b526", "security_group_id": "d7e70d92-c9aa-4e1b-be1a-a624922a06c1"}}
2015-12-19 04:58:41,118 20255 INFO     [tempest_lib.common.rest_client] Request (TestGettingAddress:setUp): 201 POST http://10.0.2.15:9696/v2.0/security-group-rules 0.182s
2015-12-19 04:58:41,119 20255 DEBUG    [tempest_lib.common.rest_client] Request - Headers: {'Content-Type': 'application/json', 'Accept': 'application/json', 'X-Auth-Token': '&lt;omitted&gt;'}
        Body: {"security_group_rule": {"tenant_id": "fa081dc4a78a4251ad203a9dedce9fd3", "direction": "egress", "protocol": "icmp", "security_group_id": "d7e70d92-c9aa-4e1b-be1a-a624922a06c1"}}
    Response - Headers: {'status': '201', 'content-length': '344', 'connection': 'close', 'date': 'Sat, 19 Dec 2015 04:58:41 GMT', 'content-type': 'application/json; charset=UTF-8', 'x-openstack-request-id': 'req-92ad36b7-744f-477d-a3e3-573848ece946'}
        Body: {"security_group_rule": {"remote_group_id": null, "direction": "egress", "remote_ip_prefix": null, "protocol": "icmp", "ethertype": "IPv4", "tenant_id": "fa081dc4a78a4251ad203a9dedce9fd3", "port_range_max": null, "port_range_min": null, "id": "02469fbe-e90a-4308-8c67-1ab1f17f11c1", "security_group_id": "d7e70d92-c9aa-4e1b-be1a-a624922a06c1"}}
2015-12-19 04:58:41,229 20255 INFO     [tempest_lib.common.rest_client] Request (TestGettingAddress:setUp): 201 POST http://10.0.2.15:9696/v2.0/security-group-rules 0.109s
2015-12-19 04:58:41,230 20255 DEBUG    [tempest_lib.common.rest_client] Request - Headers: {'Content-Type': 'application/json', 'Accept': 'application/json', 'X-Auth-Token': '&lt;omitted&gt;'}
        Body: {"security_group_rule": {"tenant_id": "fa081dc4a78a4251ad203a9dedce9fd3", "direction": "ingress", "security_group_id": "d7e70d92-c9aa-4e1b-be1a-a624922a06c1", "protocol": "icmp", "ethertype": "IPv6"}}
    Response - Headers: {'status': '201', 'content-length': '345', 'connection': 'close', 'date': 'Sat, 19 Dec 2015 04:58:41 GMT', 'content-type': 'application/json; charset=UTF-8', 'x-openstack-request-id': 'req-74bdc468-00e6-48bd-ab89-6b87d26aa337'}
        Body: {"security_group_rule": {"remote_group_id": null, "direction": "ingress", "remote_ip_prefix": null, "protocol": "icmp", "ethertype": "IPv6", "tenant_id": "fa081dc4a78a4251ad203a9dedce9fd3", "port_range_max": null, "port_range_min": null, "id": "9c1c65c1-9d70-4a73-a8bf-c79ede286f6b", "security_group_id": "d7e70d92-c9aa-4e1b-be1a-a624922a06c1"}}
2015-12-19 04:58:41,339 20255 INFO     [tempest_lib.common.rest_client] Request (TestGettingAddress:setUp): 201 POST http://10.0.2.15:9696/v2.0/security-group-rules 0.107s
2015-12-19 04:58:41,340 20255 DEBUG    [tempest_lib.common.rest_client] Request - Headers: {'Content-Type': 'application/json', 'Accept': 'application/json', 'X-Auth-Token': '&lt;omitted&gt;'}
        Body: {"security_group_rule": {"tenant_id": "fa081dc4a78a4251ad203a9dedce9fd3", "direction": "egress", "security_group_id": "d7e70d92-c9aa-4e1b-be1a-a624922a06c1", "protocol": "icmp", "ethertype": "IPv6"}}
    Response - Headers: {'status': '201', 'content-length': '344', 'connection': 'close', 'date': 'Sat, 19 Dec 2015 04:58:41 GMT', 'content-type': 'application/json; charset=UTF-8', 'x-openstack-request-id': 'req-5bc4f66c-9a89-403c-bef2-62876a030cb4'}
        Body: {"security_group_rule": {"remote_group_id": null, "direction": "egress", "remote_ip_prefix": null, "protocol": "icmp", "ethertype": "IPv6", "tenant_id": "fa081dc4a78a4251ad203a9dedce9fd3", "port_range_max": null, "port_range_min": null, "id": "6f1b2df8-8c73-4afc-8a38-eef623f339a1", "security_group_id": "d7e70d92-c9aa-4e1b-be1a-a624922a06c1"}}
2015-12-19 04:58:41,486 20255 INFO     [tempest_lib.common.rest_client] Request (TestGettingAddress:test_dhcp6_stateless_from_os): 201 POST http://10.0.2.15:9696/v2.0/networks 0.144s
2015-12-19 04:58:41,486 20255 DEBUG    [tempest_lib.common.rest_client] Request - Headers: {'Content-Type': 'application/json', 'Accept': 'application/json', 'X-Auth-Token': '&lt;omitted&gt;'}
        Body: {"network": {"tenant_id": "fa081dc4a78a4251ad203a9dedce9fd3", "name": "tempest-network-smoke--1637499722"}}
    Response - Headers: {'status': '201', 'content-length': '296', 'connection': 'close', 'date': 'Sat, 19 Dec 2015 04:58:41 GMT', 'content-type': 'application/json; charset=UTF-8', 'x-openstack-request-id': 'req-d0001d3d-58a3-4bbe-95b4-069d96ae1947'}
        Body: {"network": {"status": "ACTIVE", "subnets": [], "name": "tempest-network-smoke--1637499722", "admin_state_up": true, "tenant_id": "fa081dc4a78a4251ad203a9dedce9fd3", "mtu": 0, "router:external": false, "shared": false, "port_security_enabled": true, "id": "87f86976-aa09-4b21-a2f6-00fa509e4e22"}}
2015-12-19 04:58:41,656 20255 INFO     [tempest_lib.common.rest_client] Request (TestGettingAddress:test_dhcp6_stateless_from_os): 200 GET http://10.0.2.15:9696/v2.0/subnets?tenant_id=fa081dc4a78a4251ad203a9dedce9fd3&amp;cidr=10.100.0.0%2F28 0.167s
2015-12-19 04:58:41,656 20255 DEBUG    [tempest_lib.common.rest_client] Request - Headers: {'Content-Type': 'application/json', 'Accept': 'application/json', 'X-Auth-Token': '&lt;omitted&gt;'}
        Body: None
    Response - Headers: {'status': '200', 'content-length': '15', 'content-location': 'http://10.0.2.15:9696/v2.0/subnets?tenant_id=fa081dc4a78a4251ad203a9dedce9fd3&amp;cidr=10.100.0.0%2F28', 'connection': 'close', 'date': 'Sat, 19 Dec 2015 04:58:41 GMT', 'content-type': 'application/json; charset=UTF-8', 'x-openstack-request-id': 'req-5502c07b-2834-46a9-9786-9152c8cd2430'}
        Body: {"subnets": []}
2015-12-19 04:58:41,932 20255 INFO     [tempest_lib.common.rest_client] Request (TestGettingAddress:test_dhcp6_stateless_from_os): 201 POST http://10.0.2.15:9696/v2.0/subnets 0.275s
2015-12-19 04:58:41,933 20255 DEBUG    [tempest_lib.common.rest_client] Request - Headers: {'Content-Type': 'application/json', 'Accept': 'application/json', 'X-Auth-Token': '&lt;omitted&gt;'}
        Body: {"subnet": {"ip_version": 4, "tenant_id": "fa081dc4a78a4251ad203a9dedce9fd3", "cidr": "10.100.0.0/28", "network_id": "87f86976-aa09-4b21-a2f6-00fa509e4e22", "name": "tempest-sub4-480406995"}}
    Response - Headers: {'status': '201', 'content-length': '469', 'connection': 'close', 'date': 'Sat, 19 Dec 2015 04:58:41 GMT', 'content-type': 'application/json; charset=UTF-8', 'x-openstack-request-id': 'req-9511f3aa-4fd1-421d-9c2d-aa94f8aeb5d0'}
        Body: {"subnet": {"name": "tempest-sub4-480406995", "enable_dhcp": true, "network_id": "87f86976-aa09-4b21-a2f6-00fa509e4e22", "tenant_id": "fa081dc4a78a4251ad203a9dedce9fd3", "dns_nameservers": [], "gateway_ip": "10.100.0.1", "ipv6_ra_mode": null, "allocation_pools": [{"start": "10.100.0.2", "end": "10.100.0.14"}], "host_routes": [], "ip_version": 4, "ipv6_address_mode": null, "cidr": "10.100.0.0/28", "id": "2548a49c-2365-4ee8-bf26-c45cf70c72bb", "subnetpool_id": null}}
2015-12-19 04:58:41,995 20255 INFO     [tempest_lib.common.rest_client] Request (TestGettingAddress:test_dhcp6_stateless_from_os): 201 POST http://10.0.2.15:9696/v2.0/routers 0.062s
2015-12-19 04:58:41,996 20255 DEBUG    [tempest_lib.common.rest_client] Request - Headers: {'Content-Type': 'application/json', 'Accept': 'application/json', 'X-Auth-Token': '&lt;omitted&gt;'}
        Body: {"router": {"tenant_id": "fa081dc4a78a4251ad203a9dedce9fd3", "name": "tempest-router-smoke-1539618013", "admin_state_up": true}}
    Response - Headers: {'status': '201', 'content-length': '239', 'connection': 'close', 'date': 'Sat, 19 Dec 2015 04:58:41 GMT', 'content-type': 'application/json; charset=UTF-8', 'x-openstack-request-id': 'req-8e06e649-25ef-4d35-bfd0-fcfa0ded4eeb'}
        Body: {"router": {"status": "ACTIVE", "external_gateway_info": null, "name": "tempest-router-smoke-1539618013", "admin_state_up": true, "tenant_id": "fa081dc4a78a4251ad203a9dedce9fd3", "routes": [], "id": "85a0b3bd-afa7-4dd8-b694-ccb90cee33ce"}}
2015-12-19 04:58:42,037 20255 INFO     [tempest_lib.common.rest_client] Request (TestGettingAddress:test_dhcp6_stateless_from_os): 200 GET http://10.0.2.15:9696/v2.0/routers/85a0b3bd-afa7-4dd8-b694-ccb90cee33ce 0.040s
2015-12-19 04:58:42,037 20255 DEBUG    [tempest_lib.common.rest_client] Request - Headers: {'Content-Type': 'application/json', 'Accept': 'application/json', 'X-Auth-Token': '&lt;omitted&gt;'}
        Body: None
    Response - Headers: {'status': '200', 'content-length': '239', 'content-location': 'http://10.0.2.15:9696/v2.0/routers/85a0b3bd-afa7-4dd8-b694-ccb90cee33ce', 'connection': 'close', 'date': 'Sat, 19 Dec 2015 04:58:42 GMT', 'content-type': 'application/json; charset=UTF-8', 'x-openstack-request-id': 'req-11972433-99bd-4618-88f4-0cf47fa8635f'}
        Body: {"router": {"status": "ACTIVE", "external_gateway_info": null, "name": "tempest-router-smoke-1539618013", "admin_state_up": true, "tenant_id": "fa081dc4a78a4251ad203a9dedce9fd3", "routes": [], "id": "85a0b3bd-afa7-4dd8-b694-ccb90cee33ce"}}
2015-12-19 04:58:42,535 20255 INFO     [tempest_lib.common.rest_client] Request (TestGettingAddress:test_dhcp6_stateless_from_os): 200 PUT http://10.0.2.15:9696/v2.0/routers/85a0b3bd-afa7-4dd8-b694-ccb90cee33ce 0.497s
2015-12-19 04:58:42,536 20255 DEBUG    [tempest_lib.common.rest_client] Request - Headers: {'Content-Type': 'application/json', 'Accept': 'application/json', 'X-Auth-Token': '&lt;omitted&gt;'}
        Body: {"router": {"external_gateway_info": {"network_id": "40647255-d9db-450d-a1c9-5d40c087bb8e"}, "name": "tempest-router-smoke-1539618013", "admin_state_up": true}}
    Response - Headers: {'status': '200', 'content-length': '501', 'connection': 'close', 'date': 'Sat, 19 Dec 2015 04:58:42 GMT', 'content-type': 'application/json; charset=UTF-8', 'x-openstack-request-id': 'req-f3f3ec57-1bb7-4f54-b185-12757fc888f6'}
        Body: {"router": {"status": "ACTIVE", "external_gateway_info": {"network_id": "40647255-d9db-450d-a1c9-5d40c087bb8e", "enable_snat": true, "external_fixed_ips": [{"subnet_id": "f642677b-be7d-4ff1-b874-a0787bcabe89", "ip_address": "172.24.4.3"}, {"subnet_id": "edd98f2b-ad6f-40e3-a03d-f2d1f835a109", "ip_address": "2001:db8::3"}]}, "name": "tempest-router-smoke-1539618013", "admin_state_up": true, "tenant_id": "fa081dc4a78a4251ad203a9dedce9fd3", "routes": [], "id": "85a0b3bd-afa7-4dd8-b694-ccb90cee33ce"}}
2015-12-19 04:58:42,930 20255 INFO     [tempest_lib.common.rest_client] Request (TestGettingAddress:test_dhcp6_stateless_from_os): 200 PUT http://10.0.2.15:9696/v2.0/routers/85a0b3bd-afa7-4dd8-b694-ccb90cee33ce/add_router_interface 0.393s
2015-12-19 04:58:42,930 20255 DEBUG    [tempest_lib.common.rest_client] Request - Headers: {'Content-Type': 'application/json', 'Accept': 'application/json', 'X-Auth-Token': '&lt;omitted&gt;'}
        Body: {"subnet_id": "2548a49c-2365-4ee8-bf26-c45cf70c72bb"}
    Response - Headers: {'status': '200', 'content-length': '255', 'connection': 'close', 'date': 'Sat, 19 Dec 2015 04:58:42 GMT', 'content-type': 'application/json; charset=UTF-8', 'x-openstack-request-id': 'req-2592c745-51d4-4130-936a-94b87185c7ad'}
        Body: {"subnet_id": "2548a49c-2365-4ee8-bf26-c45cf70c72bb", "tenant_id": "fa081dc4a78a4251ad203a9dedce9fd3", "subnet_ids": ["2548a49c-2365-4ee8-bf26-c45cf70c72bb"], "port_id": "2d7a43a9-6b5c-49bc-9cf8-998c5c2a97bc", "id": "85a0b3bd-afa7-4dd8-b694-ccb90cee33ce"}
2015-12-19 04:58:42,968 20255 INFO     [tempest_lib.common.rest_client] Request (TestGettingAddress:test_dhcp6_stateless_from_os): 200 GET http://10.0.2.15:9696/v2.0/subnets?tenant_id=fa081dc4a78a4251ad203a9dedce9fd3&amp;cidr=2003%3A%3A%2F64 0.036s
2015-12-19 04:58:42,968 20255 DEBUG    [tempest_lib.common.rest_client] Request - Headers: {'Content-Type': 'application/json', 'Accept': 'application/json', 'X-Auth-Token': '&lt;omitted&gt;'}
        Body: None
    Response - Headers: {'status': '200', 'content-length': '15', 'content-location': 'http://10.0.2.15:9696/v2.0/subnets?tenant_id=fa081dc4a78a4251ad203a9dedce9fd3&amp;cidr=2003%3A%3A%2F64', 'connection': 'close', 'date': 'Sat, 19 Dec 2015 04:58:42 GMT', 'content-type': 'application/json; charset=UTF-8', 'x-openstack-request-id': 'req-d88318ea-9a74-4713-a3a8-e3fa84170892'}
        Body: {"subnets": []}
2015-12-19 04:58:43,240 20255 INFO     [tempest_lib.common.rest_client] Request (TestGettingAddress:test_dhcp6_stateless_from_os): 201 POST http://10.0.2.15:9696/v2.0/subnets 0.270s
2015-12-19 04:58:43,240 20255 DEBUG    [tempest_lib.common.rest_client] Request - Headers: {'Content-Type': 'application/json', 'Accept': 'application/json', 'X-Auth-Token': '&lt;omitted&gt;'}
        Body: {"subnet": {"name": "tempest-sub6-933819014", "network_id": "87f86976-aa09-4b21-a2f6-00fa509e4e22", "tenant_id": "fa081dc4a78a4251ad203a9dedce9fd3", "ipv6_ra_mode": "dhcpv6-stateless", "ip_version": 6, "ipv6_address_mode": "dhcpv6-stateless", "cidr": "2003::/64"}}
    Response - Headers: {'status': '201', 'content-length': '501', 'connection': 'close', 'date': 'Sat, 19 Dec 2015 04:58:43 GMT', 'content-type': 'application/json; charset=UTF-8', 'x-openstack-request-id': 'req-7dcbe37a-d3de-4925-8ba4-1452b5482e15'}
        Body: {"subnet": {"name": "tempest-sub6-933819014", "enable_dhcp": true, "network_id": "87f86976-aa09-4b21-a2f6-00fa509e4e22", "tenant_id": "fa081dc4a78a4251ad203a9dedce9fd3", "dns_nameservers": [], "gateway_ip": "2003::1", "ipv6_ra_mode": "dhcpv6-stateless", "allocation_pools": [{"start": "2003::2", "end": "2003::ffff:ffff:ffff:ffff"}], "host_routes": [], "ip_version": 6, "ipv6_address_mode": "dhcpv6-stateless", "cidr": "2003::/64", "id": "af83a140-f898-46b5-9787-1a05c13cb59e", "subnetpool_id": null}}
2015-12-19 04:58:43,772 20255 INFO     [tempest_lib.common.rest_client] Request (TestGettingAddress:test_dhcp6_stateless_from_os): 200 PUT http://10.0.2.15:9696/v2.0/routers/85a0b3bd-afa7-4dd8-b694-ccb90cee33ce/add_router_interface 0.531s
2015-12-19 04:58:43,773 20255 DEBUG    [tempest_lib.common.rest_client] Request - Headers: {'Content-Type': 'application/json', 'Accept': 'application/json', 'X-Auth-Token': '&lt;omitted&gt;'}
        Body: {"subnet_id": "af83a140-f898-46b5-9787-1a05c13cb59e"}
    Response - Headers: {'status': '200', 'content-length': '255', 'connection': 'close', 'date': 'Sat, 19 Dec 2015 04:58:43 GMT', 'content-type': 'application/json; charset=UTF-8', 'x-openstack-request-id': 'req-f2576114-eb0b-48a4-85ab-252a60e98320'}
        Body: {"subnet_id": "af83a140-f898-46b5-9787-1a05c13cb59e", "tenant_id": "fa081dc4a78a4251ad203a9dedce9fd3", "subnet_ids": ["af83a140-f898-46b5-9787-1a05c13cb59e"], "port_id": "2d01a58c-6187-4b7d-abf3-478909135679", "id": "85a0b3bd-afa7-4dd8-b694-ccb90cee33ce"}
2015-12-19 04:58:43,856 20255 INFO     [tempest_lib.common.rest_client] Request (TestGettingAddress:test_dhcp6_stateless_from_os): 200 POST http://10.0.2.15:5000/v2.0/tokens
2015-12-19 04:58:43,856 20255 DEBUG    [tempest_lib.common.rest_client] Request - Headers: {'Content-Type': 'application/json', 'Accept': 'application/json'}
        Body: &lt;omitted&gt;
    Response - Headers: {'status': '200', 'content-length': '2522', 'vary': 'X-Auth-Token', 'server': 'Apache/2.4.7 (Ubuntu)', 'connection': 'close', 'date': 'Sat, 19 Dec 2015 04:58:43 GMT', 'content-type': 'application/json', 'x-openstack-request-id': 'req-53e6a705-bceb-486c-9928-153bbe903a85'}
        Body: {"access": {"token": {"issued_at": "2015-12-19T04:58:43.847523", "expires": "2015-12-19T05:58:43Z", "id": "50c4fcc4dca44296ac505ba3b7931593", "tenant": {"description": "tempest-TestGettingAddress-588983276-desc", "enabled": true, "id": "fa081dc4a78a4251ad203a9dedce9fd3", "name": "tempest-TestGettingAddress-588983276"}, "audit_ids": ["QqaXPaQxQD-jP2hez8xDbQ"]}, "serviceCatalog": [{"endpoints": [{"adminURL": "http://10.0.2.15:8774/v2.1/fa081dc4a78a4251ad203a9dedce9fd3", "region": "RegionOne", "internalURL": "http://10.0.2.15:8774/v2.1/fa081dc4a78a4251ad203a9dedce9fd3", "id": "0d8edfc391f24b648e6fe7052b7211ff", "publicURL": "http://10.0.2.15:8774/v2.1/fa081dc4a78a4251ad203a9dedce9fd3"}], "endpoints_links": [], "type": "compute", "name": "nova"}, {"endpoints": [{"adminURL": "http://10.0.2.15:9696/", "region": "RegionOne", "internalURL": "http://10.0.2.15:9696/", "id": "182f42df79cd4037aa3278f0469b83e3", "publicURL": "http://10.0.2.15:9696/"}], "endpoints_links": [], "type": "network", "name": "neutron"}, {"endpoints": [{"adminURL": "http://10.0.2.15:9292", "region": "RegionOne", "internalURL": "http://10.0.2.15:9292", "id": "0db48c8ed60c4a84ae0b68dac06dc05c", "publicURL": "http://10.0.2.15:9292"}], "endpoints_links": [], "type": "image", "name": "glance"}, {"endpoints": [{"adminURL": "http://10.0.2.15:8774/v2/fa081dc4a78a4251ad203a9dedce9fd3", "region": "RegionOne", "internalURL": "http://10.0.2.15:8774/v2/fa081dc4a78a4251ad203a9dedce9fd3", "id": "039aac697eb14e0d9e6d975953b78d42", "publicURL": "http://10.0.2.15:8774/v2/fa081dc4a78a4251ad203a9dedce9fd3"}], "endpoints_links": [], "type": "compute_legacy", "name": "nova_legacy"}, {"endpoints": [{"adminURL": "http://10.0.2.15:8773/", "region": "RegionOne", "internalURL": "http://10.0.2.15:8773/", "id": "63a0251fdd9e47f990880aac5142b13c", "publicURL": "http://10.0.2.15:8773/"}], "endpoints_links": [], "type": "ec2", "name": "ec2"}, {"endpoints": [{"adminURL": "http://10.0.2.15:35357/v2.0", "region": "RegionOne", "internalURL": "http://10.0.2.15:5000/v2.0", "id": "3caaf36020414b24b3ffcded778a2936", "publicURL": "http://10.0.2.15:5000/v2.0"}], "endpoints_links": [], "type": "identity", "name": "keystone"}], "user": {"username": "tempest-TestGettingAddress-258000997", "roles_links": [], "id": "a80a267c8793444dbc325dde216b5133", "roles": [{"name": "_member_"}, {"name": "Member"}], "name": "tempest-TestGettingAddress-258000997"}, "metadata": {"is_admin": 0, "roles": ["9fe2ff9ee4384b1894a90878d3e92bab", "28ac680de2bd40f39e969cd3064bb864"]}}}
2015-12-19 04:58:43,860 20255 DEBUG    [tempest.common.fixed_network] (TestGettingAddress:test_dhcp6_stateless_from_os) No valid network provided or created, defaulting to fixed_network_name
2015-12-19 04:58:44,147 20255 INFO     [tempest_lib.common.rest_client] Request (TestGettingAddress:test_dhcp6_stateless_from_os): 200 GET http://10.0.2.15:8774/v2.1/fa081dc4a78a4251ad203a9dedce9fd3/os-networks 0.286s
2015-12-19 04:58:44,147 20255 DEBUG    [tempest_lib.common.rest_client] Request - Headers: {'Content-Type': 'application/json', 'Accept': 'application/json', 'X-Auth-Token': '&lt;omitted&gt;'}
        Body: None
    Response - Headers: {'status': '200', 'content-length': '479', 'content-location': 'http://10.0.2.15:8774/v2.1/fa081dc4a78a4251ad203a9dedce9fd3/os-networks', 'x-compute-request-id': 'req-881344b3-db5f-4703-8ba7-7cd41cc1039b', 'vary': 'X-OpenStack-Nova-API-Version', 'connection': 'close', 'x-openstack-nova-api-version': '2.1', 'date': 'Sat, 19 Dec 2015 04:58:44 GMT', 'content-type': 'application/json'}
        Body: {"networks": [{"cidr_v6": null, "dns2": null, "dns1": null, "gateway": null, "broadcast": null, "netmask": null, "gateway_v6": null, "cidr": null, "label": "public", "id": "40647255-d9db-450d-a1c9-5d40c087bb8e", "netmask_v6": null}, {"cidr_v6": null, "dns2": null, "dns1": null, "gateway": null, "broadcast": null, "netmask": null, "gateway_v6": null, "cidr": null, "label": "tempest-network-smoke--1637499722", "id": "87f86976-aa09-4b21-a2f6-00fa509e4e22", "netmask_v6": null}]}
2015-12-19 04:58:44,148 20255 WARNING  [tempest.common.fixed_network] (TestGettingAddress:test_dhcp6_stateless_from_os) Network with name: private not found
2015-12-19 04:58:44,148 20255 INFO     [tempest.common.fixed_network] (TestGettingAddress:test_dhcp6_stateless_from_os) Found network {} available for tenant
2015-12-19 04:58:45,239 20255 INFO     [tempest_lib.common.rest_client] Request (TestGettingAddress:test_dhcp6_stateless_from_os): 202 POST http://10.0.2.15:8774/v2.1/fa081dc4a78a4251ad203a9dedce9fd3/servers 1.090s
2015-12-19 04:58:45,240 20255 DEBUG    [tempest_lib.common.rest_client] Request - Headers: {'Content-Type': 'application/json', 'Accept': 'application/json', 'X-Auth-Token': '&lt;omitted&gt;'}
        Body: {"server": {"name": "tempest.common.compute-instance-1265028022", "imageRef": "59ed8d75-702a-4425-ac6e-3a86100566cb", "key_name": "tempest-TestGettingAddress-2127877903", "flavorRef": "42", "networks": [{"uuid": "87f86976-aa09-4b21-a2f6-00fa509e4e22"}], "security_groups": [{"name": "tempest-secgroup-smoke-389079992"}]}}
    Response - Headers: {'status': '202', 'content-length': '461', 'x-compute-request-id': 'req-46b140a7-2e1e-49b3-807e-9d6e12684595', 'vary': 'X-OpenStack-Nova-API-Version', 'connection': 'close', 'location': 'http://10.0.2.15:8774/v2.1/fa081dc4a78a4251ad203a9dedce9fd3/servers/aeb6cb99-1687-4be5-964d-edbac3e67478', 'x-openstack-nova-api-version': '2.1', 'date': 'Sat, 19 Dec 2015 04:58:45 GMT', 'content-type': 'application/json'}
        Body: {"server": {"security_groups": [{"name": "tempest-secgroup-smoke-389079992"}], "OS-DCF:diskConfig": "MANUAL", "id": "aeb6cb99-1687-4be5-964d-edbac3e67478", "links": [{"href": "http://10.0.2.15:8774/v2.1/fa081dc4a78a4251ad203a9dedce9fd3/servers/aeb6cb99-1687-4be5-964d-edbac3e67478", "rel": "self"}, {"href": "http://10.0.2.15:8774/fa081dc4a78a4251ad203a9dedce9fd3/servers/aeb6cb99-1687-4be5-964d-edbac3e67478", "rel": "bookmark"}], "adminPass": "JKebHeTa28Wy"}}
2015-12-19 04:58:45,472 20255 INFO     [tempest_lib.common.rest_client] Request (TestGettingAddress:test_dhcp6_stateless_from_os): 200 GET http://10.0.2.15:8774/v2.1/fa081dc4a78a4251ad203a9dedce9fd3/servers/aeb6cb99-1687-4be5-964d-edbac3e67478 0.229s
2015-12-19 04:58:45,472 20255 DEBUG    [tempest_lib.common.rest_client] Request - Headers: {'Content-Type': 'application/json', 'Accept': 'application/json', 'X-Auth-Token': '&lt;omitted&gt;'}
        Body: None
    Response - Headers: {'status': '200', 'content-length': '1355', 'content-location': 'http://10.0.2.15:8774/v2.1/fa081dc4a78a4251ad203a9dedce9fd3/servers/aeb6cb99-1687-4be5-964d-edbac3e67478', 'x-compute-request-id': 'req-bbdfb21c-9394-4309-82d7-5678372132a6', 'vary': 'X-OpenStack-Nova-API-Version', 'connection': 'close', 'x-openstack-nova-api-version': '2.1', 'date': 'Sat, 19 Dec 2015 04:58:45 GMT', 'content-type': 'application/json'}
        Body: {"server": {"status": "BUILD", "updated": "2015-12-19T04:58:45Z", "hostId": "", "addresses": {}, "links": [{"href": "http://10.0.2.15:8774/v2.1/fa081dc4a78a4251ad203a9dedce9fd3/servers/aeb6cb99-1687-4be5-964d-edbac3e67478", "rel": "self"}, {"href": "http://10.0.2.15:8774/fa081dc4a78a4251ad203a9dedce9fd3/servers/aeb6cb99-1687-4be5-964d-edbac3e67478", "rel": "bookmark"}], "key_name": "tempest-TestGettingAddress-2127877903", "image": {"id": "59ed8d75-702a-4425-ac6e-3a86100566cb", "links": [{"href": "http://10.0.2.15:8774/fa081dc4a78a4251ad203a9dedce9fd3/images/59ed8d75-702a-4425-ac6e-3a86100566cb", "rel": "bookmark"}]}, "OS-EXT-STS:task_state": "scheduling", "OS-EXT-STS:vm_state": "building", "OS-SRV-USG:launched_at": null, "flavor": {"id": "42", "links": [{"href": "http://10.0.2.15:8774/fa081dc4a78a4251ad203a9dedce9fd3/flavors/42", "rel": "bookmark"}]}, "id": "aeb6cb99-1687-4be5-964d-edbac3e67478", "OS-SRV-USG:terminated_at": null, "OS-EXT-AZ:availability_zone": "", "user_id": "a80a267c8793444dbc325dde216b5133", "name": "tempest.common.compute-instance-1265028022", "created": "2015-12-19T04:58:45Z", "tenant_id": "fa081dc4a78a4251ad203a9dedce9fd3", "OS-DCF:diskConfig": "MANUAL", "os-extended-volumes:volumes_attached": [], "accessIPv4": "", "accessIPv6": "", "progress": 0, "OS-EXT-STS:power_state": 0, "config_drive": "", "metadata": {}}}
2015-12-19 04:58:46,720 20255 INFO     [tempest_lib.common.rest_client] Request (TestGettingAddress:test_dhcp6_stateless_from_os): 200 GET http://10.0.2.15:8774/v2.1/fa081dc4a78a4251ad203a9dedce9fd3/servers/aeb6cb99-1687-4be5-964d-edbac3e67478 0.237s
2015-12-19 04:58:46,720 20255 DEBUG    [tempest_lib.common.rest_client] Request - Headers: {'Content-Type': 'application/json', 'Accept': 'application/json', 'X-Auth-Token': '&lt;omitted&gt;'}
        Body: None
    Response - Headers: {'status': '200', 'content-length': '1480', 'content-location': 'http://10.0.2.15:8774/v2.1/fa081dc4a78a4251ad203a9dedce9fd3/servers/aeb6cb99-1687-4be5-964d-edbac3e67478', 'x-compute-request-id': 'req-af1a597f-ee2f-45b4-bca7-4c11836bdc61', 'vary': 'X-OpenStack-Nova-API-Version', 'connection': 'close', 'x-openstack-nova-api-version': '2.1', 'date': 'Sat, 19 Dec 2015 04:58:46 GMT', 'content-type': 'application/json'}
        Body: {"server": {"status": "BUILD", "updated": "2015-12-19T04:58:46Z", "hostId": "f1cd28579719dad9876f978ab9b79d6e0b532ef0e6a60459ef6951fd", "addresses": {}, "links": [{"href": "http://10.0.2.15:8774/v2.1/fa081dc4a78a4251ad203a9dedce9fd3/servers/aeb6cb99-1687-4be5-964d-edbac3e67478", "rel": "self"}, {"href": "http://10.0.2.15:8774/fa081dc4a78a4251ad203a9dedce9fd3/servers/aeb6cb99-1687-4be5-964d-edbac3e67478", "rel": "bookmark"}], "key_name": "tempest-TestGettingAddress-2127877903", "image": {"id": "59ed8d75-702a-4425-ac6e-3a86100566cb", "links": [{"href": "http://10.0.2.15:8774/fa081dc4a78a4251ad203a9dedce9fd3/images/59ed8d75-702a-4425-ac6e-3a86100566cb", "rel": "bookmark"}]}, "OS-EXT-STS:task_state": "spawning", "OS-EXT-STS:vm_state": "building", "OS-SRV-USG:launched_at": null, "flavor": {"id": "42", "links": [{"href": "http://10.0.2.15:8774/fa081dc4a78a4251ad203a9dedce9fd3/flavors/42", "rel": "bookmark"}]}, "id": "aeb6cb99-1687-4be5-964d-edbac3e67478", "security_groups": [{"name": "tempest-secgroup-smoke-389079992"}], "OS-SRV-USG:terminated_at": null, "OS-EXT-AZ:availability_zone": "nova", "user_id": "a80a267c8793444dbc325dde216b5133", "name": "tempest.common.compute-instance-1265028022", "created": "2015-12-19T04:58:45Z", "tenant_id": "fa081dc4a78a4251ad203a9dedce9fd3", "OS-DCF:diskConfig": "MANUAL", "os-extended-volumes:volumes_attached": [], "accessIPv4": "", "accessIPv6": "", "progress": 0, "OS-EXT-STS:power_state": 0, "config_drive": "", "metadata": {}}}
2015-12-19 04:58:46,729 20255 INFO     [tempest.common.waiters] State transition "BUILD/scheduling" ==&gt; "BUILD/spawning" after 1 second wait
2015-12-19 04:58:48,078 20255 INFO     [tempest_lib.common.rest_client] Request (TestGettingAddress:test_dhcp6_stateless_from_os): 200 GET http://10.0.2.15:8774/v2.1/fa081dc4a78a4251ad203a9dedce9fd3/servers/aeb6cb99-1687-4be5-964d-edbac3e67478 0.347s
2015-12-19 04:58:48,079 20255 DEBUG    [tempest_lib.common.rest_client] Request - Headers: {'Content-Type': 'application/json', 'Accept': 'application/json', 'X-Auth-Token': '&lt;omitted&gt;'}
        Body: None
    Response - Headers: {'status': '200', 'content-length': '1480', 'content-location': 'http://10.0.2.15:8774/v2.1/fa081dc4a78a4251ad203a9dedce9fd3/servers/aeb6cb99-1687-4be5-964d-edbac3e67478', 'x-compute-request-id': 'req-b4e02294-55c4-49d5-9e56-bfd21b0ed77f', 'vary': 'X-OpenStack-Nova-API-Version', 'connection': 'close', 'x-openstack-nova-api-version': '2.1', 'date': 'Sat, 19 Dec 2015 04:58:48 GMT', 'content-type': 'application/json'}
        Body: {"server": {"status": "BUILD", "updated": "2015-12-19T04:58:46Z", "hostId": "f1cd28579719dad9876f978ab9b79d6e0b532ef0e6a60459ef6951fd", "addresses": {}, "links": [{"href": "http://10.0.2.15:8774/v2.1/fa081dc4a78a4251ad203a9dedce9fd3/servers/aeb6cb99-1687-4be5-964d-edbac3e67478", "rel": "self"}, {"href": "http://10.0.2.15:8774/fa081dc4a78a4251ad203a9dedce9fd3/servers/aeb6cb99-1687-4be5-964d-edbac3e67478", "rel": "bookmark"}], "key_name": "tempest-TestGettingAddress-2127877903", "image": {"id": "59ed8d75-702a-4425-ac6e-3a86100566cb", "links": [{"href": "http://10.0.2.15:8774/fa081dc4a78a4251ad203a9dedce9fd3/images/59ed8d75-702a-4425-ac6e-3a86100566cb", "rel": "bookmark"}]}, "OS-EXT-STS:task_state": "spawning", "OS-EXT-STS:vm_state": "building", "OS-SRV-USG:launched_at": null, "flavor": {"id": "42", "links": [{"href": "http://10.0.2.15:8774/fa081dc4a78a4251ad203a9dedce9fd3/flavors/42", "rel": "bookmark"}]}, "id": "aeb6cb99-1687-4be5-964d-edbac3e67478", "security_groups": [{"name": "tempest-secgroup-smoke-389079992"}], "OS-SRV-USG:terminated_at": null, "OS-EXT-AZ:availability_zone": "nova", "user_id": "a80a267c8793444dbc325dde216b5133", "name": "tempest.common.compute-instance-1265028022", "created": "2015-12-19T04:58:45Z", "tenant_id": "fa081dc4a78a4251ad203a9dedce9fd3", "OS-DCF:diskConfig": "MANUAL", "os-extended-volumes:volumes_attached": [], "accessIPv4": "", "accessIPv6": "", "progress": 0, "OS-EXT-STS:power_state": 0, "config_drive": "", "metadata": {}}}
2015-12-19 04:58:49,345 20255 INFO     [tempest_lib.common.rest_client] Request (TestGettingAddress:test_dhcp6_stateless_from_os): 200 GET http://10.0.2.15:8774/v2.1/fa081dc4a78a4251ad203a9dedce9fd3/servers/aeb6cb99-1687-4be5-964d-edbac3e67478 0.256s
2015-12-19 04:58:49,345 20255 DEBUG    [tempest_lib.common.rest_client] Request - Headers: {'Content-Type': 'application/json', 'Accept': 'application/json', 'X-Auth-Token': '&lt;omitted&gt;'}
        Body: None
    Response - Headers: {'status': '200', 'content-length': '1781', 'content-location': 'http://10.0.2.15:8774/v2.1/fa081dc4a78a4251ad203a9dedce9fd3/servers/aeb6cb99-1687-4be5-964d-edbac3e67478', 'x-compute-request-id': 'req-d762c21c-e941-4df2-8e15-fbcdc9f0c094', 'vary': 'X-OpenStack-Nova-API-Version', 'connection': 'close', 'x-openstack-nova-api-version': '2.1', 'date': 'Sat, 19 Dec 2015 04:58:49 GMT', 'content-type': 'application/json'}
        Body: {"server": {"status": "ACTIVE", "updated": "2015-12-19T04:58:48Z", "hostId": "f1cd28579719dad9876f978ab9b79d6e0b532ef0e6a60459ef6951fd", "addresses": {"tempest-network-smoke--1637499722": [{"OS-EXT-IPS-MAC:mac_addr": "fa:16:3e:89:41:be", "version": 4, "addr": "10.100.0.3", "OS-EXT-IPS:type": "fixed"}, {"OS-EXT-IPS-MAC:mac_addr": "fa:16:3e:89:41:be", "version": 6, "addr": "2003::f816:3eff:fe89:41be", "OS-EXT-IPS:type": "fixed"}]}, "links": [{"href": "http://10.0.2.15:8774/v2.1/fa081dc4a78a4251ad203a9dedce9fd3/servers/aeb6cb99-1687-4be5-964d-edbac3e67478", "rel": "self"}, {"href": "http://10.0.2.15:8774/fa081dc4a78a4251ad203a9dedce9fd3/servers/aeb6cb99-1687-4be5-964d-edbac3e67478", "rel": "bookmark"}], "key_name": "tempest-TestGettingAddress-2127877903", "image": {"id": "59ed8d75-702a-4425-ac6e-3a86100566cb", "links": [{"href": "http://10.0.2.15:8774/fa081dc4a78a4251ad203a9dedce9fd3/images/59ed8d75-702a-4425-ac6e-3a86100566cb", "rel": "bookmark"}]}, "OS-EXT-STS:task_state": null, "OS-EXT-STS:vm_state": "active", "OS-SRV-USG:launched_at": "2015-12-19T04:58:48.000000", "flavor": {"id": "42", "links": [{"href": "http://10.0.2.15:8774/fa081dc4a78a4251ad203a9dedce9fd3/flavors/42", "rel": "bookmark"}]}, "id": "aeb6cb99-1687-4be5-964d-edbac3e67478", "security_groups": [{"name": "tempest-secgroup-smoke-389079992"}], "OS-SRV-USG:terminated_at": null, "OS-EXT-AZ:availability_zone": "nova", "user_id": "a80a267c8793444dbc325dde216b5133", "name": "tempest.common.compute-instance-1265028022", "created": "2015-12-19T04:58:45Z", "tenant_id": "fa081dc4a78a4251ad203a9dedce9fd3", "OS-DCF:diskConfig": "MANUAL", "os-extended-volumes:volumes_attached": [], "accessIPv4": "", "accessIPv6": "", "progress": 0, "OS-EXT-STS:power_state": 1, "config_drive": "True", "metadata": {}}}
2015-12-19 04:58:49,355 20255 INFO     [tempest.common.waiters] State transition "BUILD/spawning" ==&gt; "ACTIVE/None" after 4 second wait
2015-12-19 04:58:49,536 20255 INFO     [tempest_lib.common.rest_client] Request (TestGettingAddress:test_dhcp6_stateless_from_os): 200 GET http://10.0.2.15:8774/v2.1/fa081dc4a78a4251ad203a9dedce9fd3/servers/aeb6cb99-1687-4be5-964d-edbac3e67478 0.180s
2015-12-19 04:58:49,536 20255 DEBUG    [tempest_lib.common.rest_client] Request - Headers: {'Content-Type': 'application/json', 'Accept': 'application/json', 'X-Auth-Token': '&lt;omitted&gt;'}
        Body: None
    Response - Headers: {'status': '200', 'content-length': '1781', 'content-location': 'http://10.0.2.15:8774/v2.1/fa081dc4a78a4251ad203a9dedce9fd3/servers/aeb6cb99-1687-4be5-964d-edbac3e67478', 'x-compute-request-id': 'req-0946ac53-cef9-4006-af88-9e3b5544e1f0', 'vary': 'X-OpenStack-Nova-API-Version', 'connection': 'close', 'x-openstack-nova-api-version': '2.1', 'date': 'Sat, 19 Dec 2015 04:58:49 GMT', 'content-type': 'application/json'}
        Body: {"server": {"status": "ACTIVE", "updated": "2015-12-19T04:58:48Z", "hostId": "f1cd28579719dad9876f978ab9b79d6e0b532ef0e6a60459ef6951fd", "addresses": {"tempest-network-smoke--1637499722": [{"OS-EXT-IPS-MAC:mac_addr": "fa:16:3e:89:41:be", "version": 4, "addr": "10.100.0.3", "OS-EXT-IPS:type": "fixed"}, {"OS-EXT-IPS-MAC:mac_addr": "fa:16:3e:89:41:be", "version": 6, "addr": "2003::f816:3eff:fe89:41be", "OS-EXT-IPS:type": "fixed"}]}, "links": [{"href": "http://10.0.2.15:8774/v2.1/fa081dc4a78a4251ad203a9dedce9fd3/servers/aeb6cb99-1687-4be5-964d-edbac3e67478", "rel": "self"}, {"href": "http://10.0.2.15:8774/fa081dc4a78a4251ad203a9dedce9fd3/servers/aeb6cb99-1687-4be5-964d-edbac3e67478", "rel": "bookmark"}], "key_name": "tempest-TestGettingAddress-2127877903", "image": {"id": "59ed8d75-702a-4425-ac6e-3a86100566cb", "links": [{"href": "http://10.0.2.15:8774/fa081dc4a78a4251ad203a9dedce9fd3/images/59ed8d75-702a-4425-ac6e-3a86100566cb", "rel": "bookmark"}]}, "OS-EXT-STS:task_state": null, "OS-EXT-STS:vm_state": "active", "OS-SRV-USG:launched_at": "2015-12-19T04:58:48.000000", "flavor": {"id": "42", "links": [{"href": "http://10.0.2.15:8774/fa081dc4a78a4251ad203a9dedce9fd3/flavors/42", "rel": "bookmark"}]}, "id": "aeb6cb99-1687-4be5-964d-edbac3e67478", "security_groups": [{"name": "tempest-secgroup-smoke-389079992"}], "OS-SRV-USG:terminated_at": null, "OS-EXT-AZ:availability_zone": "nova", "user_id": "a80a267c8793444dbc325dde216b5133", "name": "tempest.common.compute-instance-1265028022", "created": "2015-12-19T04:58:45Z", "tenant_id": "fa081dc4a78a4251ad203a9dedce9fd3", "OS-DCF:diskConfig": "MANUAL", "os-extended-volumes:volumes_attached": [], "accessIPv4": "", "accessIPv6": "", "progress": 0, "OS-EXT-STS:power_state": 1, "config_drive": "True", "metadata": {}}}
2015-12-19 04:58:49,582 20255 INFO     [tempest_lib.common.rest_client] Request (TestGettingAddress:test_dhcp6_stateless_from_os): 200 GET http://10.0.2.15:9696/v2.0/ports?status=ACTIVE&amp;fixed_ip=None&amp;device_id=aeb6cb99-1687-4be5-964d-edbac3e67478 0.037s
2015-12-19 04:58:49,583 20255 DEBUG    [tempest_lib.common.rest_client] Request - Headers: {'Content-Type': 'application/json', 'Accept': 'application/json', 'X-Auth-Token': '&lt;omitted&gt;'}
        Body: None
    Response - Headers: {'status': '200', 'content-length': '1142', 'content-location': 'http://10.0.2.15:9696/v2.0/ports?status=ACTIVE&amp;fixed_ip=None&amp;device_id=aeb6cb99-1687-4be5-964d-edbac3e67478', 'connection': 'close', 'date': 'Sat, 19 Dec 2015 04:58:49 GMT', 'content-type': 'application/json; charset=UTF-8', 'x-openstack-request-id': 'req-0fa7ea19-fcfe-4bde-ae88-b4e400e4f7c6'}
        Body: {"ports": [{"status": "ACTIVE", "binding:host_id": "vagrant-ubuntu-trusty-64", "allowed_address_pairs": [], "extra_dhcp_opts": [], "dns_assignment": [{"hostname": "host-10-100-0-3", "ip_address": "10.100.0.3", "fqdn": "host-10-100-0-3.openstacklocal."}, {"hostname": "host-2003--f816-3eff-fe89-41be", "ip_address": "2003::f816:3eff:fe89:41be", "fqdn": "host-2003--f816-3eff-fe89-41be.openstacklocal."}], "device_owner": "compute:None", "port_security_enabled": true, "binding:profile": {}, "fixed_ips": [{"subnet_id": "2548a49c-2365-4ee8-bf26-c45cf70c72bb", "ip_address": "10.100.0.3"}, {"subnet_id": "af83a140-f898-46b5-9787-1a05c13cb59e", "ip_address": "2003::f816:3eff:fe89:41be"}], "id": "c55d0c2d-1e8d-4577-b86c-ee696a0108d6", "security_groups": ["d7e70d92-c9aa-4e1b-be1a-a624922a06c1"], "device_id": "aeb6cb99-1687-4be5-964d-edbac3e67478", "name": "", "admin_state_up": true, "network_id": "87f86976-aa09-4b21-a2f6-00fa509e4e22", "dns_name": "", "binding:vif_details": {"port_filter": true}, "binding:vnic_type": "normal", "binding:vif_type": "ovs", "tenant_id": "fa081dc4a78a4251ad203a9dedce9fd3", "mac_address": "fa:16:3e:89:41:be"}]}
2015-12-19 04:58:49,973 20255 INFO     [tempest_lib.common.rest_client] Request (TestGettingAddress:test_dhcp6_stateless_from_os): 201 POST http://10.0.2.15:9696/v2.0/floatingips 0.389s
2015-12-19 04:58:49,974 20255 DEBUG    [tempest_lib.common.rest_client] Request - Headers: {'Content-Type': 'application/json', 'Accept': 'application/json', 'X-Auth-Token': '&lt;omitted&gt;'}
        Body: {"floatingip": {"floating_network_id": "40647255-d9db-450d-a1c9-5d40c087bb8e", "tenant_id": "fa081dc4a78a4251ad203a9dedce9fd3", "fixed_ip_address": "10.100.0.3", "port_id": "c55d0c2d-1e8d-4577-b86c-ee696a0108d6"}}
    Response - Headers: {'status': '201', 'content-length': '367', 'connection': 'close', 'date': 'Sat, 19 Dec 2015 04:58:49 GMT', 'content-type': 'application/json; charset=UTF-8', 'x-openstack-request-id': 'req-339e735b-bc3f-46a2-b435-34fcadadf17d'}
        Body: {"floatingip": {"floating_network_id": "40647255-d9db-450d-a1c9-5d40c087bb8e", "router_id": "85a0b3bd-afa7-4dd8-b694-ccb90cee33ce", "fixed_ip_address": "10.100.0.3", "floating_ip_address": "172.24.4.4", "tenant_id": "fa081dc4a78a4251ad203a9dedce9fd3", "status": "DOWN", "port_id": "c55d0c2d-1e8d-4577-b86c-ee696a0108d6", "id": "aec74afd-c27d-4bd9-8297-e65cbe8cd4fd"}}
2015-12-19 04:58:49,974 20255 INFO     [tempest_lib.common.ssh] Creating ssh connection to '172.24.4.4' as 'cirros' with public key authentication
2015-12-19 04:58:53,852 20255 WARNING  [tempest_lib.common.ssh] Failed to establish authenticated ssh connection to cirros@172.24.4.4 ([Errno None] Unable to connect to port 22 on  or 172.24.4.4). Number attempts: 1. Retry after 2 seconds.
2015-12-19 04:58:59,352 20255 WARNING  [tempest_lib.common.ssh] Failed to establish authenticated ssh connection to cirros@172.24.4.4 ([Errno None] Unable to connect to port 22 on  or 172.24.4.4). Number attempts: 2. Retry after 3 seconds.
2015-12-19 04:59:05,855 20255 WARNING  [tempest_lib.common.ssh] Failed to establish authenticated ssh connection to cirros@172.24.4.4 ([Errno None] Unable to connect to port 22 on  or 172.24.4.4). Number attempts: 3. Retry after 4 seconds.
2015-12-19 04:59:13,360 20255 WARNING  [tempest_lib.common.ssh] Failed to establish authenticated ssh connection to cirros@172.24.4.4 ([Errno None] Unable to connect to port 22 on  or 172.24.4.4). Number attempts: 4. Retry after 5 seconds.
2015-12-19 04:59:21,865 20255 WARNING  [tempest_lib.common.ssh] Failed to establish authenticated ssh connection to cirros@172.24.4.4 ([Errno None] Unable to connect to port 22 on  or 172.24.4.4). Number attempts: 5. Retry after 6 seconds.
2015-12-19 04:59:31,372 20255 WARNING  [tempest_lib.common.ssh] Failed to establish authenticated ssh connection to cirros@172.24.4.4 ([Errno None] Unable to connect to port 22 on  or 172.24.4.4). Number attempts: 6. Retry after 7 seconds.
2015-12-19 04:59:41,872 20255 WARNING  [tempest_lib.common.ssh] Failed to establish authenticated ssh connection to cirros@172.24.4.4 ([Errno None] Unable to connect to port 22 on  or 172.24.4.4). Number attempts: 7. Retry after 8 seconds.
2015-12-19 04:59:53,380 20255 WARNING  [tempest_lib.common.ssh] Failed to establish authenticated ssh connection to cirros@172.24.4.4 ([Errno None] Unable to connect to port 22 on  or 172.24.4.4). Number attempts: 8. Retry after 9 seconds.
2015-12-19 05:00:05,892 20255 WARNING  [tempest_lib.common.ssh] Failed to establish authenticated ssh connection to cirros@172.24.4.4 ([Errno None] Unable to connect to port 22 on  or 172.24.4.4). Number attempts: 9. Retry after 10 seconds.
2015-12-19 05:00:19,408 20255 WARNING  [tempest_lib.common.ssh] Failed to establish authenticated ssh connection to cirros@172.24.4.4 ([Errno None] Unable to connect to port 22 on  or 172.24.4.4). Number attempts: 10. Retry after 11 seconds.
2015-12-19 05:00:33,920 20255 WARNING  [tempest_lib.common.ssh] Failed to establish authenticated ssh connection to cirros@172.24.4.4 ([Errno None] Unable to connect to port 22 on  or 172.24.4.4). Number attempts: 11. Retry after 12 seconds.
2015-12-19 05:00:49,432 20255 WARNING  [tempest_lib.common.ssh] Failed to establish authenticated ssh connection to cirros@172.24.4.4 ([Errno None] Unable to connect to port 22 on  or 172.24.4.4). Number attempts: 12. Retry after 13 seconds.
2015-12-19 05:01:05,948 20255 WARNING  [tempest_lib.common.ssh] Failed to establish authenticated ssh connection to cirros@172.24.4.4 ([Errno None] Unable to connect to port 22 on  or 172.24.4.4). Number attempts: 13. Retry after 14 seconds.
2015-12-19 05:01:23,460 20255 WARNING  [tempest_lib.common.ssh] Failed to establish authenticated ssh connection to cirros@172.24.4.4 ([Errno None] Unable to connect to port 22 on  or 172.24.4.4). Number attempts: 14. Retry after 15 seconds.
2015-12-19 05:01:41,980 20255 WARNING  [tempest_lib.common.ssh] Failed to establish authenticated ssh connection to cirros@172.24.4.4 ([Errno None] Unable to connect to port 22 on  or 172.24.4.4). Number attempts: 15. Retry after 16 seconds.
2015-12-19 05:02:01,496 20255 WARNING  [tempest_lib.common.ssh] Failed to establish authenticated ssh connection to cirros@172.24.4.4 ([Errno None] Unable to connect to port 22 on  or 172.24.4.4). Number attempts: 16. Retry after 17 seconds.
2015-12-19 05:02:22,011 20255 WARNING  [tempest_lib.common.ssh] Failed to establish authenticated ssh connection to cirros@172.24.4.4 ([Errno None] Unable to connect to port 22 on  or 172.24.4.4). Number attempts: 17. Retry after 18 seconds.
2015-12-19 05:02:43,529 20255 WARNING  [tempest_lib.common.ssh] Failed to establish authenticated ssh connection to cirros@172.24.4.4 ([Errno None] Unable to connect to port 22 on  or 172.24.4.4). Number attempts: 18. Retry after 19 seconds.
2015-12-19 05:03:06,046 20255 WARNING  [tempest_lib.common.ssh] Failed to establish authenticated ssh connection to cirros@172.24.4.4 ([Errno None] Unable to connect to port 22 on  or 172.24.4.4). Number attempts: 19. Retry after 20 seconds.
2015-12-19 05:03:29,572 20255 WARNING  [tempest_lib.common.ssh] Failed to establish authenticated ssh connection to cirros@172.24.4.4 ([Errno None] Unable to connect to port 22 on  or 172.24.4.4). Number attempts: 20. Retry after 21 seconds.
2015-12-19 05:03:54,096 20255 ERROR    [tempest_lib.common.ssh] Failed to establish authenticated ssh connection to cirros@172.24.4.4 after 20 attempts
2015-12-19 05:03:54.096 20255 ERROR tempest_lib.common.ssh Traceback (most recent call last):
2015-12-19 05:03:54.096 20255 ERROR tempest_lib.common.ssh   File "/usr/local/lib/python2.7/dist-packages/tempest_lib/common/ssh.py", line 75, in _get_ssh_connection
2015-12-19 05:03:54.096 20255 ERROR tempest_lib.common.ssh     timeout=self.channel_timeout, pkey=self.pkey)
2015-12-19 05:03:54.096 20255 ERROR tempest_lib.common.ssh   File "/usr/local/lib/python2.7/dist-packages/paramiko/client.py", line 311, in connect
2015-12-19 05:03:54.096 20255 ERROR tempest_lib.common.ssh     raise NoValidConnectionsError(errors)
2015-12-19 05:03:54.096 20255 ERROR tempest_lib.common.ssh NoValidConnectionsError: [Errno None] Unable to connect to port 22 on  or 172.24.4.4
2015-12-19 05:03:54.096 20255 ERROR tempest_lib.common.ssh 
2015-12-19 05:03:54,099 20255 ERROR    [tempest.scenario.manager] (TestGettingAddress:test_dhcp6_stateless_from_os) Initializing SSH connection to 172.24.4.4 failed. Error: Connection to the 172.24.4.4 via SSH timed out.
User: cirros, Password: None
2015-12-19 05:03:54.099 20255 ERROR tempest.scenario.manager Traceback (most recent call last):
2015-12-19 05:03:54.099 20255 ERROR tempest.scenario.manager   File "tempest/scenario/manager.py", line 385, in get_remote_client
2015-12-19 05:03:54.099 20255 ERROR tempest.scenario.manager     linux_client.validate_authentication()
2015-12-19 05:03:54.099 20255 ERROR tempest.scenario.manager   File "tempest/common/utils/linux/remote_client.py", line 63, in validate_authentication
2015-12-19 05:03:54.099 20255 ERROR tempest.scenario.manager     self.ssh_client.test_connection_auth()
2015-12-19 05:03:54.099 20255 ERROR tempest.scenario.manager   File "/usr/local/lib/python2.7/dist-packages/tempest_lib/common/ssh.py", line 167, in test_connection_auth
2015-12-19 05:03:54.099 20255 ERROR tempest.scenario.manager     connection = self._get_ssh_connection()
2015-12-19 05:03:54.099 20255 ERROR tempest.scenario.manager   File "/usr/local/lib/python2.7/dist-packages/tempest_lib/common/ssh.py", line 87, in _get_ssh_connection
2015-12-19 05:03:54.099 20255 ERROR tempest.scenario.manager     password=self.password)
2015-12-19 05:03:54.099 20255 ERROR tempest.scenario.manager SSHTimeout: Connection to the 172.24.4.4 via SSH timed out.
2015-12-19 05:03:54.099 20255 ERROR tempest.scenario.manager User: cirros, Password: None
2015-12-19 05:03:54.099 20255 ERROR tempest.scenario.manager 
2015-12-19 05:03:54,314 20255 INFO     [tempest_lib.common.rest_client] Request (TestGettingAddress:test_dhcp6_stateless_from_os): 200 GET http://10.0.2.15:8774/v2.1/fa081dc4a78a4251ad203a9dedce9fd3/servers 0.213s
2015-12-19 05:03:54,315 20255 DEBUG    [tempest_lib.common.rest_client] Request - Headers: {'Content-Type': 'application/json', 'Accept': 'application/json', 'X-Auth-Token': '&lt;omitted&gt;'}
        Body: None
    Response - Headers: {'status': '200', 'content-length': '391', 'content-location': 'http://10.0.2.15:8774/v2.1/fa081dc4a78a4251ad203a9dedce9fd3/servers', 'x-compute-request-id': 'req-71411596-6ef4-4151-8ce4-b3a928393cd0', 'vary': 'X-OpenStack-Nova-API-Version', 'connection': 'close', 'x-openstack-nova-api-version': '2.1', 'date': 'Sat, 19 Dec 2015 05:03:54 GMT', 'content-type': 'application/json'}
        Body: {"servers": [{"id": "aeb6cb99-1687-4be5-964d-edbac3e67478", "links": [{"href": "http://10.0.2.15:8774/v2.1/fa081dc4a78a4251ad203a9dedce9fd3/servers/aeb6cb99-1687-4be5-964d-edbac3e67478", "rel": "self"}, {"href": "http://10.0.2.15:8774/fa081dc4a78a4251ad203a9dedce9fd3/servers/aeb6cb99-1687-4be5-964d-edbac3e67478", "rel": "bookmark"}], "name": "tempest.common.compute-instance-1265028022"}]}
2015-12-19 05:03:54,676 20255 INFO     [tempest_lib.common.rest_client] Request (TestGettingAddress:test_dhcp6_stateless_from_os): 200 POST http://10.0.2.15:8774/v2.1/fa081dc4a78a4251ad203a9dedce9fd3/servers/aeb6cb99-1687-4be5-964d-edbac3e67478/action 0.354s
2015-12-19 05:03:54,677 20255 DEBUG    [tempest_lib.common.rest_client] Request - Headers: {'Content-Type': 'application/json', 'Accept': 'application/json', 'X-Auth-Token': '&lt;omitted&gt;'}
        Body: {"os-getConsoleOutput": {}}
    Response - Headers: {'status': '200', 'content-length': '24664', 'x-compute-request-id': 'req-6e94c323-c847-4e2f-94aa-bf43a0830ba7', 'vary': 'X-OpenStack-Nova-API-Version', 'connection': 'close', 'x-openstack-nova-api-version': '2.1', 'date': 'Sat, 19 Dec 2015 05:03:54 GMT', 'content-type': 'application/json'}
        Body: {"output": "[    0.000000] Initializing cgroup subsys cpuset\n[    0.000000] Initializing cgroup subsys cpu\n[    0.000000] Linux version 3.2.0-80-virtual (buildd@batsu) (gcc version 4.6.3 (Ubuntu/Linaro 4.6.3-1ubuntu5) ) #116-Ubuntu SMP Mon Mar 23 17:28:52 UTC 2015 (Ubuntu 3.2.0-80.116-virtual 3.2.68)\n[    0.000000] Command line: root=/dev/vda console=tty0 console=ttyS0 no_timer_check\n[    0.000000] KERNEL supported cpus:\n[    0.000000]   Intel GenuineIntel\n[    0.000000]   AMD AuthenticAMD\n[    0.000000]   Centaur CentaurHauls\n[    0.000000] BIOS-provided physical RAM map:\n[    0.000000]  BIOS-e820: 0000000000000000 - 000000000009fc00 (usable)\n[    0.000000]  BIOS-e820: 000000000009fc00 - 00000000000a0000 (reserved)\n[    0.000000]  BIOS-e820: 00000000000f0000 - 0000000000100000 (reserved)\n[    0.000000]  BIOS-e820: 0000000000100000 - 0000000003ffe000 (usable)\n[    0.000000]  BIOS-e820: 0000000003ffe000 - 0000000004000000 (reserved)\n[    0.000000]  BIOS-e820: 00000000fffc0000 - 0000000100000000 (reserved)\n[    0.000000] NX (Execute Disable) protection: active\n[    0.000000] SMBIOS 2.4 present.\n[    0.000000] No AGP bridge found\n[    0.000000] last_pfn = 0x3ffe max_arch_pfn = 0x400000000\n[    0.000000] x86 PAT enabled: cpu 0, old 0x7040600070406, new 0x7010600070106\n[    0.000000] found SMP MP-table at [ffff8800000f0b00] f0b00\n[    0.000000] init_memory_mapping: 0000000000000000-0000000003ffe000\n[    0.000000] RAMDISK: 03c5e000 - 03ff0000\n[    0.000000] ACPI: RSDP 00000000000f0950 00014 (v00 BOCHS )\n[    0.000000] ACPI: RSDT 0000000003fffbc1 00034 (v01 BOCHS  BXPCRSDT 00000001 BXPC 00000001)\n[    0.000000] ACPI: FACP 0000000003fff1c0 00074 (v01 BOCHS  BXPCFACP 00000001 BXPC 00000001)\n[    0.000000] ACPI: DSDT 0000000003ffe040 01180 (v01 BOCHS  BXPCDSDT 00000001 BXPC 00000001)\n[    0.000000] ACPI: FACS 0000000003ffe000 00040\n[    0.000000] ACPI: SSDT 0000000003fff234 008DD (v01 BOCHS  BXPCSSDT 00000001 BXPC 00000001)\n[    0.000000] ACPI: APIC 0000000003fffb11 00078 (v01 BOCHS  BXPCAPIC 00000001 BXPC 00000001)\n[    0.000000] ACPI: HPET 0000000003fffb89 00038 (v01 BOCHS  BXPCHPET 00000001 BXPC 00000001)\n[    0.000000] No NUMA configuration found\n[    0.000000] Faking a node at 0000000000000000-0000000003ffe000\n[    0.000000] Initmem setup node 0 0000000000000000-0000000003ffe000\n[    0.000000]   NODE_DATA [0000000003ff6000 - 0000000003ffafff]\n[    0.000000] Zone PFN ranges:\n[    0.000000]   DMA      0x00000010 -&gt; 0x00001000\n[    0.000000]   DMA32    0x00001000 -&gt; 0x00100000\n[    0.000000]   Normal   empty\n[    0.000000] Movable zone start PFN for each node\n[    0.000000] early_node_map[2] active PFN ranges\n[    0.000000]     0: 0x00000010 -&gt; 0x0000009f\n[    0.000000]     0: 0x00000100 -&gt; 0x00003ffe\n[    0.000000] ACPI: PM-Timer IO Port: 0xb008\n[    0.000000] ACPI: LAPIC (acpi_id[0x00] lapic_id[0x00] enabled)\n[    0.000000] ACPI: LAPIC_NMI (acpi_id[0xff] dfl dfl lint[0x1])\n[    0.000000] ACPI: IOAPIC (id[0x00] address[0xfec00000] gsi_base[0])\n[    0.000000] IOAPIC[0]: apic_id 0, version 17, address 0xfec00000, GSI 0-23\n[    0.000000] ACPI: INT_SRC_OVR (bus 0 bus_irq 0 global_irq 2 dfl dfl)\n[    0.000000] ACPI: INT_SRC_OVR (bus 0 bus_irq 5 global_irq 5 high level)\n[    0.000000] ACPI: INT_SRC_OVR (bus 0 bus_irq 9 global_irq 9 high level)\n[    0.000000] ACPI: INT_SRC_OVR (bus 0 bus_irq 10 global_irq 10 high level)\n[    0.000000] ACPI: INT_SRC_OVR (bus 0 bus_irq 11 global_irq 11 high level)\n[    0.000000] Using ACPI (MADT) for SMP configuration information\n[    0.000000] ACPI: HPET id: 0x8086a201 base: 0xfed00000\n[    0.000000] SMP: Allowing 1 CPUs, 0 hotplug CPUs\n[    0.000000] PM: Registered nosave memory: 000000000009f000 - 00000000000a0000\n[    0.000000] PM: Registered nosave memory: 00000000000a0000 - 00000000000f0000\n[    0.000000] PM: Registered nosave memory: 00000000000f0000 - 0000000000100000\n[    0.000000] Allocating PCI resources starting at 4000000 (gap: 4000000:fbfc0000)\n[    0.000000] Booting paravirtualized kernel on bare hardware\n[    0.000000] setup_pe
2015-12-19 05:03:54,679 20255 DEBUG    [tempest.scenario.manager] Console output for aeb6cb99-1687-4be5-964d-edbac3e67478
body=
[    0.000000] Initializing cgroup subsys cpuset
[    0.000000] Initializing cgroup subsys cpu
[    0.000000] Linux version 3.2.0-80-virtual (buildd@batsu) (gcc version 4.6.3 (Ubuntu/Linaro 4.6.3-1ubuntu5) ) #116-Ubuntu SMP Mon Mar 23 17:28:52 UTC 2015 (Ubuntu 3.2.0-80.116-virtual 3.2.68)
[    0.000000] Command line: root=/dev/vda console=tty0 console=ttyS0 no_timer_check
[    0.000000] KERNEL supported cpus:
[    0.000000]   Intel GenuineIntel
[    0.000000]   AMD AuthenticAMD
[    0.000000]   Centaur CentaurHauls
[    0.000000] BIOS-provided physical RAM map:
[    0.000000]  BIOS-e820: 0000000000000000 - 000000000009fc00 (usable)
[    0.000000]  BIOS-e820: 000000000009fc00 - 00000000000a0000 (reserved)
[    0.000000]  BIOS-e820: 00000000000f0000 - 0000000000100000 (reserved)
[    0.000000]  BIOS-e820: 0000000000100000 - 0000000003ffe000 (usable)
[    0.000000]  BIOS-e820: 0000000003ffe000 - 0000000004000000 (reserved)
[    0.000000]  BIOS-e820: 00000000fffc0000 - 0000000100000000 (reserved)
[    0.000000] NX (Execute Disable) protection: active
[    0.000000] SMBIOS 2.4 present.
[    0.000000] No AGP bridge found
[    0.000000] last_pfn = 0x3ffe max_arch_pfn = 0x400000000
[    0.000000] x86 PAT enabled: cpu 0, old 0x7040600070406, new 0x7010600070106
[    0.000000] found SMP MP-table at [ffff8800000f0b00] f0b00
[    0.000000] init_memory_mapping: 0000000000000000-0000000003ffe000
[    0.000000] RAMDISK: 03c5e000 - 03ff0000
[    0.000000] ACPI: RSDP 00000000000f0950 00014 (v00 BOCHS )
[    0.000000] ACPI: RSDT 0000000003fffbc1 00034 (v01 BOCHS  BXPCRSDT 00000001 BXPC 00000001)
[    0.000000] ACPI: FACP 0000000003fff1c0 00074 (v01 BOCHS  BXPCFACP 00000001 BXPC 00000001)
[    0.000000] ACPI: DSDT 0000000003ffe040 01180 (v01 BOCHS  BXPCDSDT 00000001 BXPC 00000001)
[    0.000000] ACPI: FACS 0000000003ffe000 00040
[    0.000000] ACPI: SSDT 0000000003fff234 008DD (v01 BOCHS  BXPCSSDT 00000001 BXPC 00000001)
[    0.000000] ACPI: APIC 0000000003fffb11 00078 (v01 BOCHS  BXPCAPIC 00000001 BXPC 00000001)
[    0.000000] ACPI: HPET 0000000003fffb89 00038 (v01 BOCHS  BXPCHPET 00000001 BXPC 00000001)
[    0.000000] No NUMA configuration found
[    0.000000] Faking a node at 0000000000000000-0000000003ffe000
[    0.000000] Initmem setup node 0 0000000000000000-0000000003ffe000
[    0.000000]   NODE_DATA [0000000003ff6000 - 0000000003ffafff]
[    0.000000] Zone PFN ranges:
[    0.000000]   DMA      0x00000010 -&gt; 0x00001000
[    0.000000]   DMA32    0x00001000 -&gt; 0x00100000
[    0.000000]   Normal   empty
[    0.000000] Movable zone start PFN for each node
[    0.000000] early_node_map[2] active PFN ranges
[    0.000000]     0: 0x00000010 -&gt; 0x0000009f
[    0.000000]     0: 0x00000100 -&gt; 0x00003ffe
[    0.000000] ACPI: PM-Timer IO Port: 0xb008
[    0.000000] ACPI: LAPIC (acpi_id[0x00] lapic_id[0x00] enabled)
[    0.000000] ACPI: LAPIC_NMI (acpi_id[0xff] dfl dfl lint[0x1])
[    0.000000] ACPI: IOAPIC (id[0x00] address[0xfec00000] gsi_base[0])
[    0.000000] IOAPIC[0]: apic_id 0, version 17, address 0xfec00000, GSI 0-23
[    0.000000] ACPI: INT_SRC_OVR (bus 0 bus_irq 0 global_irq 2 dfl dfl)
[    0.000000] ACPI: INT_SRC_OVR (bus 0 bus_irq 5 global_irq 5 high level)
[    0.000000] ACPI: INT_SRC_OVR (bus 0 bus_irq 9 global_irq 9 high level)
[    0.000000] ACPI: INT_SRC_OVR (bus 0 bus_irq 10 global_irq 10 high level)
[    0.000000] ACPI: INT_SRC_OVR (bus 0 bus_irq 11 global_irq 11 high level)
[    0.000000] Using ACPI (MADT) for SMP configuration information
[    0.000000] ACPI: HPET id: 0x8086a201 base: 0xfed00000
[    0.000000] SMP: Allowing 1 CPUs, 0 hotplug CPUs
[    0.000000] PM: Registered nosave memory: 000000000009f000 - 00000000000a0000
[    0.000000] PM: Registered nosave memory: 00000000000a0000 - 00000000000f0000
[    0.000000] PM: Registered nosave memory: 00000000000f0000 - 0000000000100000
[    0.000000] Allocating PCI resources starting at 4000000 (gap: 4000000:fbfc0000)
[    0.000000] Booting paravirtualized kernel on bare hardware
[    0.000000] setup_percpu: NR_CPUS:64 nr_cpumask_bits:64 nr_cpu_ids:1 nr_node_ids:1
[    0.000000] PERCPU: Embedded 27 pages/cpu @ffff880003a00000 s78848 r8192 d23552 u2097152
[    0.000000] Built 1 zonelists in Node order, mobility grouping on.  Total pages: 16008
[    0.000000] Policy zone: DMA32
[    0.000000] Kernel command line: root=/dev/vda console=tty0 console=ttyS0 no_timer_check
[    0.000000] PID hash table entries: 256 (order: -1, 2048 bytes)
[    0.000000] Checking aperture...
[    0.000000] No AGP bridge found
[    0.000000] Memory: 43492k/65528k available (6576k kernel code, 452k absent, 21584k reserved, 6620k data, 928k init)
[    0.000000] SLUB: Genslabs=15, HWalign=64, Order=0-3, MinObjects=0, CPUs=1, Nodes=1
[    0.000000] Hierarchical RCU implementation.
[    0.000000] 	RCU dyntick-idle grace-period acceleration is enabled.
[    0.000000] NR_IRQS:4352 nr_irqs:256 16
[    0.000000] Console: colour VGA+ 80x25
[    0.000000] console [tty0] enabled
[    0.000000] console [ttyS0] enabled
[    0.000000] allocated 1048576 bytes of page_cgroup
[    0.000000] please try 'cgroup_disable=memory' option if you don't want memory cgroups
[    0.000000] Fast TSC calibration failed
[    0.000000] TSC: Unable to calibrate against PIT
[    0.000000] TSC: using HPET reference calibration
[    0.000000] Detected 2295.678 MHz processor.
[    0.032861] Calibrating delay loop (skipped), value calculated using timer frequency.. 4591.35 BogoMIPS (lpj=9182712)
[    0.037004] pid_max: default: 32768 minimum: 301
[    0.049445] Security Framework initialized
[    0.056552] AppArmor: AppArmor initialized
[    0.057295] Yama: becoming mindful.
[    0.064512] Dentry cache hash table entries: 8192 (order: 4, 65536 bytes)
[    0.066127] Inode-cache hash table entries: 4096 (order: 3, 32768 bytes)
[    0.068195] Mount-cache hash table entries: 256
[    0.084603] Initializing cgroup subsys cpuacct
[    0.085336] Initializing cgroup subsys memory
[    0.087364] Initializing cgroup subsys devices
[    0.088188] Initializing cgroup subsys freezer
[    0.089004] Initializing cgroup subsys blkio
[    0.089775] Initializing cgroup subsys perf_event
[    0.094747] mce: CPU supports 10 MCE banks
[    0.097597] SMP alternatives: switching to UP code
[    0.482593] Freeing SMP alternatives: 24k freed
[    0.484869] ACPI: Core revision 20110623
[    0.540927] ftrace: allocating 26610 entries in 105 pages
[    0.576035] ..TIMER: vector=0x30 apic1=0 pin1=2 apic2=-1 pin2=-1
[    0.576222] CPU0: AMD QEMU Virtual CPU version 2.0.0 stepping 03
[    0.584035] Performance Events: Broken PMU hardware detected, using software events only.
[    0.593989] NMI watchdog disabled (cpu0): hardware events not enabled
[    0.596627] Brought up 1 CPUs
[    0.597428] Total of 1 processors activated (4591.35 BogoMIPS).
[    0.624624] devtmpfs: initialized
[    0.658627] EVM: security.selinux
[    0.659283] EVM: security.SMACK64
[    0.660087] EVM: security.capability
[    0.685290] print_constraints: dummy: 
[    0.689152] RTC time:  4:58:52, date: 12/19/15
[    0.693344] NET: Registered protocol family 16
[    0.704339] ACPI: bus type pci registered
[    0.707525] PCI: Using configuration type 1 for base access
[    0.749677] bio: create slab &lt;bio-0&gt; at 0
[    0.753914] ACPI: Added _OSI(Module Device)
[    0.756109] ACPI: Added _OSI(Processor Device)
[    0.756660] ACPI: Added _OSI(3.0 _SCP Extensions)
[    0.757213] ACPI: Added _OSI(Processor Aggregator Device)
[    0.841014] ACPI: Interpreter enabled
[    0.844260] ACPI: (supports S0 S3 S4 S5)
[    0.848647] ACPI: Using IOAPIC for interrupt routing
[    0.925014] ACPI: No dock devices found.
[    0.925590] HEST: Table not found.
[    0.925999] PCI: Using host bridge windows from ACPI; if necessary, use "pci=nocrs" and report a bug
[    0.932002] ACPI: PCI Root Bridge [PCI0] (domain 0000 [bus 00-ff])
[    0.937160] pci_root PNP0A03:00: host bridge window [io  0x0000-0x0cf7]
[    0.938256] pci_root PNP0A03:00: host bridge window [io  0x0d00-0xadff]
[    0.939414] pci_root PNP0A03:00: host bridge window [io  0xae0f-0xaeff]
[    0.940110] pci_root PNP0A03:00: host bridge window [io  0xaf20-0xafdf]
[    0.940903] pci_root PNP0A03:00: host bridge window [io  0xafe4-0xffff]
[    0.941753] pci_root PNP0A03:00: host bridge window [mem 0x000a0000-0x000bffff]
[    0.942674] pci_root PNP0A03:00: host bridge window [mem 0x04000000-0xfebfffff]
[    0.964897] pci 0000:00:01.3: quirk: [io  0xb000-0xb03f] claimed by PIIX4 ACPI
[    0.968178] pci 0000:00:01.3: quirk: [io  0xb100-0xb10f] claimed by PIIX4 SMB
[    1.053689]  pci0000:00: Unable to request _OSC control (_OSC support mask: 0x1e)
[    1.116213] ACPI: PCI Interrupt Link [LNKA] (IRQs 5 *10 11)
[    1.118523] ACPI: PCI Interrupt Link [LNKB] (IRQs 5 *10 11)
[    1.121183] ACPI: PCI Interrupt Link [LNKC] (IRQs 5 10 *11)
[    1.123055] ACPI: PCI Interrupt Link [LNKD] (IRQs 5 10 *11)
[    1.124623] ACPI: PCI Interrupt Link [LNKS] (IRQs *9)
[    1.130888] vgaarb: device added: PCI:0000:00:02.0,decodes=io+mem,owns=io+mem,locks=none
[    1.132188] vgaarb: loaded
[    1.132548] vgaarb: bridge control possible 0000:00:02.0
[    1.136599] i2c-core: driver [aat2870] using legacy suspend method
[    1.137313] i2c-core: driver [aat2870] using legacy resume method
[    1.139381] SCSI subsystem initialized
[    1.144180] usbcore: registered new interface driver usbfs
[    1.145247] usbcore: registered new interface driver hub
[    1.146517] usbcore: registered new device driver usb
[    1.150120] PCI: Using ACPI for IRQ routing
[    1.161569] NetLabel: Initializing
[    1.162140] NetLabel:  domain hash size = 128
[    1.162678] NetLabel:  protocols = UNLABELED CIPSOv4
[    1.165431] NetLabel:  unlabeled traffic allowed by default
[    1.167340] HPET: 3 timers in total, 0 timers will be used for per-cpu timer
[    1.168416] hpet0: at MMIO 0xfed00000, IRQs 2, 8, 0
[    1.169198] hpet0: 3 comparators, 64-bit 100.000000 MHz counter
[    1.182138] Switching to clocksource hpet
[    1.447117] AppArmor: AppArmor Filesystem Enabled
[    1.449963] pnp: PnP ACPI init
[    1.451077] ACPI: bus type pnp registered
[    1.474422] pnp: PnP ACPI: found 9 devices
[    1.475020] ACPI: ACPI bus type pnp unregistered
[    1.546961] NET: Registered protocol family 2
[    1.587652] IP route cache hash table entries: 512 (order: 0, 4096 bytes)
[    1.596069] TCP established hash table entries: 2048 (order: 3, 32768 bytes)
[    1.599250] TCP bind hash table entries: 2048 (order: 3, 32768 bytes)
[    1.601791] TCP: Hash tables configured (established 2048 bind 2048)
[    1.602609] TCP reno registered
[    1.603154] UDP hash table entries: 128 (order: 0, 4096 bytes)
[    1.604227] UDP-Lite hash table entries: 128 (order: 0, 4096 bytes)
[    1.609954] NET: Registered protocol family 1
[    1.610979] pci 0000:00:00.0: Limiting direct PCI/PCI transfers
[    1.611832] pci 0000:00:01.0: PIIX3: Enabling Passive Release
[    1.613602] pci 0000:00:01.0: Activating ISA DMA hang workarounds
[    1.618852] ACPI: PCI Interrupt Link [LNKD] enabled at IRQ 11
[    1.619935] pci 0000:00:01.2: PCI INT D -&gt; Link[LNKD] -&gt; GSI 11 (level, high) -&gt; IRQ 11
[    1.623340] pci 0000:00:01.2: PCI INT D disabled
[    1.643747] Trying to unpack rootfs image as initramfs...
[    1.662231] audit: initializing netlink socket (disabled)
[    1.663501] type=2000 audit(1450501132.660:1): initialized
[    1.927757] HugeTLB registered 2 MB page size, pre-allocated 0 pages
[    2.022686] VFS: Disk quotas dquot_6.5.2
[    2.025773] Dquot-cache hash table entries: 512 (order 0, 4096 bytes)
[    2.046605] fuse init (API version 7.17)
[    2.054808] msgmni has been set to 84
[    2.094846] Block layer SCSI generic (bsg) driver version 0.4 loaded (major 253)
[    2.102917] io scheduler noop registered
[    2.103383] io scheduler deadline registered (default)
[    2.105852] io scheduler cfq registered
[    2.109719] pci_hotplug: PCI Hot Plug PCI Core version: 0.5
[    2.110872] pciehp: PCI Express Hot Plug Controller Driver version: 0.4
[    2.117585] input: Power Button as /devices/LNXSYSTM:00/LNXPWRBN:00/input/input0
[    2.119188] ACPI: Power Button [PWRF]
[    2.174100] ERST: Table is not found!
[    2.174582] GHES: HEST is not enabled!
[    2.177504] ACPI: PCI Interrupt Link [LNKC] enabled at IRQ 10
[    2.178311] virtio-pci 0000:00:03.0: PCI INT A -&gt; Link[LNKC] -&gt; GSI 10 (level, high) -&gt; IRQ 10
[    2.181829] virtio-pci 0000:00:04.0: PCI INT A -&gt; Link[LNKD] -&gt; GSI 11 (level, high) -&gt; IRQ 11
[    2.199351] ACPI: PCI Interrupt Link [LNKA] enabled at IRQ 10
[    2.200056] virtio-pci 0000:00:05.0: PCI INT A -&gt; Link[LNKA] -&gt; GSI 10 (level, high) -&gt; IRQ 10
[    2.213988] Serial: 8250/16550 driver, 32 ports, IRQ sharing enabled
[    2.265236] serial8250: ttyS0 at I/O 0x3f8 (irq = 4) is a 16550A
[    2.357048] serial8250: ttyS1 at I/O 0x2f8 (irq = 3) is a 16550A
[    2.492064] 00:05: ttyS0 at I/O 0x3f8 (irq = 4) is a 16550A
[    2.580761] 00:06: ttyS1 at I/O 0x2f8 (irq = 3) is a 16550A
[    2.630281] Linux agpgart interface v0.103
[    2.638374] Refined TSC clocksource calibration: 2295.628 MHz.
[    2.639124] Switching to clocksource tsc
[    2.689931] brd: module loaded
[    2.715048] loop: module loaded
[    2.758363]  vda: unknown partition table
[    2.817685] scsi0 : ata_piix
[    2.819864] scsi1 : ata_piix
[    2.822141] ata1: PATA max MWDMA2 cmd 0x1f0 ctl 0x3f6 bmdma 0xc0a0 irq 14
[    2.822943] ata2: PATA max MWDMA2 cmd 0x170 ctl 0x376 bmdma 0xc0a8 irq 15
[    2.833808] Fixed MDIO Bus: probed
[    2.834696] tun: Universal TUN/TAP device driver, 1.6
[    2.835266] tun: (C) 1999-2004 Max Krasnyansky &lt;maxk@qualcomm.com&gt;
[    2.848865] PPP generic driver version 2.4.2
[    2.878892] ehci_hcd: USB 2.0 'Enhanced' Host Controller (EHCI) Driver
[    2.882443] ohci_hcd: USB 1.1 'Open' Host Controller (OHCI) Driver
[    2.885829] uhci_hcd: USB Universal Host Controller Interface driver
[    2.887859] uhci_hcd 0000:00:01.2: PCI INT D -&gt; Link[LNKD] -&gt; GSI 11 (level, high) -&gt; IRQ 11
[    2.895497] uhci_hcd 0000:00:01.2: UHCI Host Controller
[    2.914701] uhci_hcd 0000:00:01.2: new USB bus registered, assigned bus number 1
[    2.919992] uhci_hcd 0000:00:01.2: irq 11, io base 0x0000c040
[    2.955697] hub 1-0:1.0: USB hub found
[    2.957600] hub 1-0:1.0: 2 ports detected
[    2.965274] usbcore: registered new interface driver libusual
[    2.969275] i8042: PNP: PS/2 Controller [PNP0303:KBD,PNP0f13:MOU] at 0x60,0x64 irq 1,12
[    2.979166] serio: i8042 KBD port at 0x60,0x64 irq 1
[    2.982470] serio: i8042 AUX port at 0x60,0x64 irq 12
[    3.036033] mousedev: PS/2 mouse device common for all mice
[    3.050546] ata2.01: ATAPI: QEMU DVD-ROM, 2.0.0, max UDMA/100
[    3.060069] input: AT Translated Set 2 keyboard as /devices/platform/i8042/serio0/input/input1
[    3.065997] rtc_cmos 00:01: RTC can wake from S4
[    3.080383] rtc_cmos 00:01: rtc core: registered rtc_cmos as rtc0
[    3.084173] rtc0: alarms up to one day, 114 bytes nvram, hpet irqs
[    3.088675] device-mapper: uevent: version 1.0.3
[    3.097832] ata2.01: configured for MWDMA2
[    3.125242] device-mapper: ioctl: 4.22.0-ioctl (2011-10-19) initialised: dm-devel@redhat.com
[    3.127001] cpuidle: using governor ladder
[    3.128772] cpuidle: using governor menu
[    3.129930] EFI Variables Facility v0.08 2004-May-17
[    3.138454] TCP cubic registered
[    3.141460] NET: Registered protocol family 10
[    3.165460] NET: Registered protocol family 17
[    3.166094] Registering the dns_resolver key type
[    3.180033] scsi 1:0:1:0: CD-ROM            QEMU     QEMU DVD-ROM     2.0. PQ: 0 ANSI: 5
[    3.199471] sr0: scsi3-mmc drive: 4x/4x cd/rw xa/form2 tray
[    3.200920] cdrom: Uniform CD-ROM driver Revision: 3.20
[    3.215471] sr 1:0:1:0: Attached scsi generic sg0 type 5
[    3.259212] registered taskstats version 1
[    3.315331] Freeing initrd memory: 3656k freed
[    3.813502]   Magic number: 11:329:970
[    3.831872] rtc_cmos 00:01: setting system clock to 2015-12-19 04:58:55 UTC (1450501135)
[    3.835282] powernow-k8: Processor cpuid 663 not supported
[    3.840894] BIOS EDD facility v0.16 2004-Jun-25, 0 devices found
[    3.842365] EDD information not available.
[    3.917209] Freeing unused kernel memory: 928k freed
[    3.921403] Write protecting the kernel read-only data: 12288k
[    4.019739] Freeing unused kernel memory: 1596k freed
[    4.103763] Freeing unused kernel memory: 1184k freed

info: initramfs: up at 4.26
modprobe: module virtio_blk not found in modules.dep
modprobe: module virtio_net not found in modules.dep
info: copying initramfs to /dev/vda
info: initramfs loading root from /dev/vda
info: /etc/init.d/rc.sysinit: up at 10.81
info: container: none
Starting logging: OK
modprobe: module virtio_blk not found in modules.dep
modprobe: module virtio_net not found in modules.dep
WARN: /etc/rc3.d/S10-load-modules failed
Initializing random number generator... done.
Starting acpid: OK
cirros-ds 'local' up at 13.49
found datasource (configdrive, local)
Starting network...
udhcpc (v1.20.1) started
Sending discover...
Sending discover...
Sending discover...
Usage: /sbin/cirros-dhcpc &lt;up|down&gt;
No lease, failing
WARN: /etc/rc3.d/S40-network failed
Starting dropbear sshd: generating rsa key... generating dsa key... OK
no userdata for datasource
=== system information ===
Platform: OpenStack Foundation OpenStack Nova
Container: none
Arch: x86_64
CPU(s): 1 @ 2295.678 MHz
Cores/Sockets/Threads: 1/1/1
Virt-type: AMD-V
RAM Size: 49MB
Disks:
NAME MAJ:MIN     SIZE LABEL         MOUNTPOINT
vda  253:0   25165824 cirros-rootfs /
sr0   11:0     428032 config-2      
=== sshd host keys ===
-----BEGIN SSH HOST KEY KEYS-----
ssh-rsa AAAAB3NzaC1yc2EAAAADAQABAAAAgwCBixAnvGRN6XmB8eFryBt+UtkV8fh8xlwZByFYgMblBfZ3biUev1FwXkAdzMQ1gALtGrVaULj5nyGwls2j4Nu05mpUn/BmoQ1nsIhaJZ3xIayT87zhS91dwS7+aH33JM601hqTniL9rIwDnsupgK2vZst0XzoeiXvRu7EEQmlYa+Sv root@tempest
ssh-dss AAAAB3NzaC1kc3MAAACBAMZgPnXI5dfYu8lxJvyRXOr9O1b8ygtmg0RQUtbkGAY1VSX/evL/nUyFySmGHyFxWItoGgI97TNnXBd49GQ3yAGZh7ffciW+gcsyRy5S6PmtkCkgdyESq9ClrnMQSbBHkmziwRCSvW7gReOJD0SSybffvM3mpjizY2jnHp/mcy0LAAAAFQCu1gNBielj1+LaPE8YxGLJdxUJfwAAAIEAis6aIEO+kpCgnlIh/XUSP+HhZsFr4E7xs6YBvy6/D2xO6jnGey+c4ZWE1xTXt9d8I1nO1ZBvy11mtkoMyZoD8lnI8gjtCTHnupaSqw4xPi9Y5/eQnS+FssM7AHxeJjYkW8AgXAsk6b9+nSoNUBUw9BIWsFbJeqLxFKL6HTp2v/YAAACAIUELfpshg6k3cq0BKmyHlGQ9C5RXkJdYae81nNZ0F/w+HJ7KI+LL0/xeBoRLy1KJEv6YZ0BJJW3GfX8EdYIGQZ5LNWoEkP1xxIp0+2x52dbzym+iSV2+U+bMIDilszi6D27f++l8lHn3dXOtEy7W0HjXSQBANo3N7bbtQXhGN90= root@tempest
-----END SSH HOST KEY KEYS-----
=== network info ===
if-info: lo,up,127.0.0.1,8,::1
if-info: eth0,up,,8,fe80::f816:3eff:fe89:41be
=== datasource: configdrive local ===
instance-id: aeb6cb99-1687-4be5-964d-edbac3e67478
name: tempest.common.compute-instance-1265028022
availability-zone: nova
local-hostname: tempest.common.compute-instance-1265028022.novalocal
launch-index: 0
=== cirros: current=0.3.4 uptime=202.79 ===
route: fscanf
=== pinging gateway failed, debugging connection ===
############ debug start ##############
### /etc/init.d/sshd start
Starting dropbear sshd: OK
route: fscanf
### ifconfig -a
eth0      Link encap:Ethernet  HWaddr FA:16:3E:89:41:BE  
          inet6 addr: fe80::f816:3eff:fe89:41be/64 Scope:Link
          UP BROADCAST RUNNING MULTICAST  MTU:1500  Metric:1
          RX packets:13 errors:0 dropped:6 overruns:0 frame:0
          TX packets:8 errors:0 dropped:0 overruns:0 carrier:0
          collisions:0 txqueuelen:1000 
          RX bytes:1416 (1.3 KiB)  TX bytes:1134 (1.1 KiB)

lo        Link encap:Local Loopback  
          inet addr:127.0.0.1  Mask:255.0.0.0
          inet6 addr: ::1/128 Scope:Host
          UP LOOPBACK RUNNING  MTU:16436  Metric:1
          RX packets:12 errors:0 dropped:0 overruns:0 frame:0
          TX packets:12 errors:0 dropped:0 overruns:0 carrier:0
          collisions:0 txqueuelen:0 
          RX bytes:1020 (1020.0 B)  TX bytes:1020 (1020.0 B)

### route -n
Kernel IP routing table
Destination     Gateway         Genmask         Flags Metric Ref    Use Iface
route: fscanf
### cat /etc/resolv.conf
cat: can't open '/etc/resolv.conf': No such file or directory
### gateway not found
/sbin/cirros-status: line 1: can't open /etc/resolv.conf: no such file
### pinging nameservers
### uname -a
Linux tempest 3.2.0-80-virtual #116-Ubuntu SMP Mon Mar 23 17:28:52 UTC 2015 x86_64 GNU/Linux
### lsmod
Module                  Size  Used by    Not tainted
nls_iso8859_1          12713  0 
nls_cp437              16991  0 
vfat                   17585  0 
fat                    61512  1 vfat
isofs                  40259  0 
ip_tables              27473  0 
x_tables               29891  1 ip_tables
pcnet32                42119  0 
8139cp                 27360  0 
ne2k_pci               13691  0 
8390                   18856  1 ne2k_pci
e1000                 108589  0 
acpiphp                24231  0 
### dmesg | tail
[    4.990506] EXT3-fs (vda): mounted filesystem with ordered data mode
[    5.276825] ISO 9660 Extensions: Microsoft Joliet Level 3
[    5.365025] ISO 9660 Extensions: RRIP_1991A
[    7.674742] kjournald starting.  Commit interval 5 seconds
[    7.690041] EXT3-fs (vda): using internal journal
[    7.690123] EXT3-fs (vda): mounted filesystem with ordered data mode
[   10.859823] EXT3-fs (vda): using internal journal
[   14.231627] ISO 9660 Extensions: Microsoft Joliet Level 3
[   14.349943] ISO 9660 Extensions: RRIP_1991A
[   28.819394] eth0: no IPv6 routers present
### tail -n 25 /var/log/messages
Dec 19 04:59:04 cirros kern.info kernel: [    4.557816] acpiphp: Slot [25] registered
Dec 19 04:59:04 cirros kern.info kernel: [    4.558071] acpiphp: Slot [26] registered
Dec 19 04:59:04 cirros kern.info kernel: [    4.558417] acpiphp: Slot [27] registered
Dec 19 04:59:04 cirros kern.info kernel: [    4.558804] acpiphp: Slot [28] registered
Dec 19 04:59:04 cirros kern.info kernel: [    4.559140] acpiphp: Slot [29] registered
Dec 19 04:59:04 cirros kern.info kernel: [    4.559476] acpiphp: Slot [30] registered
Dec 19 04:59:04 cirros kern.info kernel: [    4.559939] acpiphp: Slot [31] registered
Dec 19 04:59:04 cirros kern.info kernel: [    4.602607] e1000: Intel(R) PRO/1000 Network Driver - version 7.3.21-k8-NAPI
Dec 19 04:59:04 cirros kern.info kernel: [    4.602658] e1000: Copyright (c) 1999-2006 Intel Corporation.
Dec 19 04:59:04 cirros kern.info kernel: [    4.641917] ne2k-pci.c:v1.03 9/22/2003 D. Becker/P. Gortmaker
Dec 19 04:59:04 cirros kern.info kernel: [    4.674899] 8139cp: 8139cp: 10/100 PCI Ethernet driver v1.3 (Mar 22, 2004)
Dec 19 04:59:04 cirros kern.info kernel: [    4.713905] pcnet32: pcnet32.c:v1.35 21.Apr.2008 tsbogend@alpha.franken.de
Dec 19 04:59:04 cirros kern.info kernel: [    4.756115] ip_tables: (C) 2000-2006 Netfilter Core Team
Dec 19 04:59:04 cirros kern.info kernel: [    4.977372] kjournald starting.  Commit interval 5 seconds
Dec 19 04:59:04 cirros kern.info kernel: [    4.990506] EXT3-fs (vda): mounted filesystem with ordered data mode
Dec 19 04:59:04 cirros kern.debug kernel: [    5.276825] ISO 9660 Extensions: Microsoft Joliet Level 3
Dec 19 04:59:04 cirros kern.debug kernel: [    5.365025] ISO 9660 Extensions: RRIP_1991A
Dec 19 04:59:04 cirros kern.info kernel: [    7.674742] kjournald starting.  Commit interval 5 seconds
Dec 19 04:59:04 cirros kern.info kernel: [    7.690041] EXT3-fs (vda): using internal journal
Dec 19 04:59:04 cirros kern.info kernel: [    7.690123] EXT3-fs (vda): mounted filesystem with ordered data mode
Dec 19 04:59:05 cirros kern.debug kernel: [   14.231627] ISO 9660 Extensions: Microsoft Joliet Level 3
Dec 19 04:59:06 cirros kern.debug kernel: [   14.349943] ISO 9660 Extensions: RRIP_1991A
Dec 19 04:59:09 cirros auth.notice su: + /dev/console root:cirros
Dec 19 04:59:20 cirros kern.debug kernel: [   28.819394] eth0: no IPv6 routers present
Dec 19 05:02:12 cirros authpriv.info dropbear[283]: Running in background
############ debug end   ##############
  ____               ____  ____
 / __/ __ ____ ____ / __ \/ __/
/ /__ / // __// __// /_/ /\ \ 
\___//_//_/  /_/   \____/___/ 
   http://cirros-cloud.net


login as 'cirros' user. default password: 'cubswin:)'. use 'sudo' for root.
tempest login: 
2015-12-19 05:03:55,010 20255 INFO     [tempest_lib.common.rest_client] Request (TestGettingAddress:_run_cleanups): 204 DELETE http://10.0.2.15:9696/v2.0/floatingips/aec74afd-c27d-4bd9-8297-e65cbe8cd4fd 0.325s
2015-12-19 05:03:55,010 20255 DEBUG    [tempest_lib.common.rest_client] Request - Headers: {'Content-Type': 'application/json', 'Accept': 'application/json', 'X-Auth-Token': '&lt;omitted&gt;'}
        Body: None
    Response - Headers: {'date': 'Sat, 19 Dec 2015 05:03:55 GMT', 'status': '204', 'connection': 'close', 'content-length': '0', 'x-openstack-request-id': 'req-a2b8fa94-8909-4955-a8d5-590f24ebcafb'}
        Body: 
2015-12-19 05:03:55,371 20255 INFO     [tempest_lib.common.rest_client] Request (TestGettingAddress:_run_cleanups): 204 DELETE http://10.0.2.15:8774/v2.1/fa081dc4a78a4251ad203a9dedce9fd3/servers/aeb6cb99-1687-4be5-964d-edbac3e67478 0.360s
2015-12-19 05:03:55,372 20255 DEBUG    [tempest_lib.common.rest_client] Request - Headers: {'Content-Type': 'application/json', 'Accept': 'application/json', 'X-Auth-Token': '&lt;omitted&gt;'}
        Body: None
    Response - Headers: {'status': '204', 'content-length': '0', 'x-compute-request-id': 'req-55de8faf-edf7-4569-b5ff-030d06aa5070', 'vary': 'X-OpenStack-Nova-API-Version', 'connection': 'close', 'x-openstack-nova-api-version': '2.1', 'date': 'Sat, 19 Dec 2015 05:03:55 GMT', 'content-type': 'application/json'}
        Body: 
2015-12-19 05:03:55,575 20255 INFO     [tempest_lib.common.rest_client] Request (TestGettingAddress:_run_cleanups): 200 GET http://10.0.2.15:8774/v2.1/fa081dc4a78a4251ad203a9dedce9fd3/servers/aeb6cb99-1687-4be5-964d-edbac3e67478 0.202s
2015-12-19 05:03:55,575 20255 DEBUG    [tempest_lib.common.rest_client] Request - Headers: {'Content-Type': 'application/json', 'Accept': 'application/json', 'X-Auth-Token': '&lt;omitted&gt;'}
        Body: None
    Response - Headers: {'status': '200', 'content-length': '1904', 'content-location': 'http://10.0.2.15:8774/v2.1/fa081dc4a78a4251ad203a9dedce9fd3/servers/aeb6cb99-1687-4be5-964d-edbac3e67478', 'x-compute-request-id': 'req-eba14528-0771-4911-8c09-084af0e690b3', 'vary': 'X-OpenStack-Nova-API-Version', 'connection': 'close', 'x-openstack-nova-api-version': '2.1', 'date': 'Sat, 19 Dec 2015 05:03:55 GMT', 'content-type': 'application/json'}
        Body: {"server": {"status": "ACTIVE", "updated": "2015-12-19T05:03:55Z", "hostId": "f1cd28579719dad9876f978ab9b79d6e0b532ef0e6a60459ef6951fd", "addresses": {"tempest-network-smoke--1637499722": [{"OS-EXT-IPS-MAC:mac_addr": "fa:16:3e:89:41:be", "version": 4, "addr": "10.100.0.3", "OS-EXT-IPS:type": "fixed"}, {"OS-EXT-IPS-MAC:mac_addr": "fa:16:3e:89:41:be", "version": 6, "addr": "2003::f816:3eff:fe89:41be", "OS-EXT-IPS:type": "fixed"}, {"OS-EXT-IPS-MAC:mac_addr": "fa:16:3e:89:41:be", "version": 4, "addr": "172.24.4.4", "OS-EXT-IPS:type": "floating"}]}, "links": [{"href": "http://10.0.2.15:8774/v2.1/fa081dc4a78a4251ad203a9dedce9fd3/servers/aeb6cb99-1687-4be5-964d-edbac3e67478", "rel": "self"}, {"href": "http://10.0.2.15:8774/fa081dc4a78a4251ad203a9dedce9fd3/servers/aeb6cb99-1687-4be5-964d-edbac3e67478", "rel": "bookmark"}], "key_name": "tempest-TestGettingAddress-2127877903", "image": {"id": "59ed8d75-702a-4425-ac6e-3a86100566cb", "links": [{"href": "http://10.0.2.15:8774/fa081dc4a78a4251ad203a9dedce9fd3/images/59ed8d75-702a-4425-ac6e-3a86100566cb", "rel": "bookmark"}]}, "OS-EXT-STS:task_state": "deleting", "OS-EXT-STS:vm_state": "active", "OS-SRV-USG:launched_at": "2015-12-19T04:58:48.000000", "flavor": {"id": "42", "links": [{"href": "http://10.0.2.15:8774/fa081dc4a78a4251ad203a9dedce9fd3/flavors/42", "rel": "bookmark"}]}, "id": "aeb6cb99-1687-4be5-964d-edbac3e67478", "security_groups": [{"name": "tempest-secgroup-smoke-389079992"}], "OS-SRV-USG:terminated_at": null, "OS-EXT-AZ:availability_zone": "nova", "user_id": "a80a267c8793444dbc325dde216b5133", "name": "tempest.common.compute-instance-1265028022", "created": "2015-12-19T04:58:45Z", "tenant_id": "fa081dc4a78a4251ad203a9dedce9fd3", "OS-DCF:diskConfig": "MANUAL", "os-extended-volumes:volumes_attached": [], "accessIPv4": "", "accessIPv6": "", "progress": 0, "OS-EXT-STS:power_state": 1, "config_drive": "True", "metadata": {}}}
2015-12-19 05:03:56,716 20255 INFO     [tempest_lib.common.rest_client] Request (TestGettingAddress:_run_cleanups): 200 GET http://10.0.2.15:8774/v2.1/fa081dc4a78a4251ad203a9dedce9fd3/servers/aeb6cb99-1687-4be5-964d-edbac3e67478 0.126s
2015-12-19 05:03:56,717 20255 DEBUG    [tempest_lib.common.rest_client] Request - Headers: {'Content-Type': 'application/json', 'Accept': 'application/json', 'X-Auth-Token': '&lt;omitted&gt;'}
        Body: None
    Response - Headers: {'status': '200', 'content-length': '1837', 'content-location': 'http://10.0.2.15:8774/v2.1/fa081dc4a78a4251ad203a9dedce9fd3/servers/aeb6cb99-1687-4be5-964d-edbac3e67478', 'x-compute-request-id': 'req-7178cc31-75a0-4086-ae58-8f401c8d4203', 'vary': 'X-OpenStack-Nova-API-Version', 'connection': 'close', 'x-openstack-nova-api-version': '2.1', 'date': 'Sat, 19 Dec 2015 05:03:56 GMT', 'content-type': 'application/json'}
        Body: {"server": {"status": "ACTIVE", "updated": "2015-12-19T05:03:56Z", "hostId": "f1cd28579719dad9876f978ab9b79d6e0b532ef0e6a60459ef6951fd", "addresses": {"tempest-network-smoke--1637499722": [{"OS-EXT-IPS-MAC:mac_addr": "fa:16:3e:89:41:be", "version": 4, "addr": "10.100.0.3", "OS-EXT-IPS:type": "fixed"}, {"OS-EXT-IPS-MAC:mac_addr": "fa:16:3e:89:41:be", "version": 6, "addr": "2003::f816:3eff:fe89:41be", "OS-EXT-IPS:type": "fixed"}, {"OS-EXT-IPS-MAC:mac_addr": "fa:16:3e:89:41:be", "version": 4, "addr": "172.24.4.4", "OS-EXT-IPS:type": "floating"}]}, "links": [{"href": "http://10.0.2.15:8774/v2.1/fa081dc4a78a4251ad203a9dedce9fd3/servers/aeb6cb99-1687-4be5-964d-edbac3e67478", "rel": "self"}, {"href": "http://10.0.2.15:8774/fa081dc4a78a4251ad203a9dedce9fd3/servers/aeb6cb99-1687-4be5-964d-edbac3e67478", "rel": "bookmark"}], "key_name": "tempest-TestGettingAddress-2127877903", "image": {"id": "59ed8d75-702a-4425-ac6e-3a86100566cb", "links": [{"href": "http://10.0.2.15:8774/fa081dc4a78a4251ad203a9dedce9fd3/images/59ed8d75-702a-4425-ac6e-3a86100566cb", "rel": "bookmark"}]}, "OS-EXT-STS:task_state": "deleting", "OS-EXT-STS:vm_state": "active", "OS-SRV-USG:launched_at": "2015-12-19T04:58:48.000000", "flavor": {"id": "42", "links": [{"href": "http://10.0.2.15:8774/fa081dc4a78a4251ad203a9dedce9fd3/flavors/42", "rel": "bookmark"}]}, "id": "aeb6cb99-1687-4be5-964d-edbac3e67478", "OS-SRV-USG:terminated_at": null, "OS-EXT-AZ:availability_zone": "nova", "user_id": "a80a267c8793444dbc325dde216b5133", "name": "tempest.common.compute-instance-1265028022", "created": "2015-12-19T04:58:45Z", "tenant_id": "fa081dc4a78a4251ad203a9dedce9fd3", "OS-DCF:diskConfig": "MANUAL", "os-extended-volumes:volumes_attached": [], "accessIPv4": "", "accessIPv6": "", "progress": 0, "OS-EXT-STS:power_state": 1, "config_drive": "True", "metadata": {}}}
2015-12-19 05:03:57,812 20255 INFO     [tempest_lib.common.rest_client] Request (TestGettingAddress:_run_cleanups): 404 GET http://10.0.2.15:8774/v2.1/fa081dc4a78a4251ad203a9dedce9fd3/servers/aeb6cb99-1687-4be5-964d-edbac3e67478 0.085s
2015-12-19 05:03:57,813 20255 DEBUG    [tempest_lib.common.rest_client] Request - Headers: {'Content-Type': 'application/json', 'Accept': 'application/json', 'X-Auth-Token': '&lt;omitted&gt;'}
        Body: None
    Response - Headers: {'status': '404', 'content-length': '111', 'x-compute-request-id': 'req-5b301f20-7d56-4372-ba2f-028d56014306', 'vary': 'X-OpenStack-Nova-API-Version', 'connection': 'close', 'x-openstack-nova-api-version': '2.1', 'date': 'Sat, 19 Dec 2015 05:03:57 GMT', 'content-type': 'application/json; charset=UTF-8'}
        Body: {"itemNotFound": {"message": "Instance aeb6cb99-1687-4be5-964d-edbac3e67478 could not be found.", "code": 404}}
2015-12-19 05:03:58,246 20255 INFO     [tempest_lib.common.rest_client] Request (TestGettingAddress:_run_cleanups): 200 PUT http://10.0.2.15:9696/v2.0/routers/85a0b3bd-afa7-4dd8-b694-ccb90cee33ce/remove_router_interface 0.432s
2015-12-19 05:03:58,248 20255 DEBUG    [tempest_lib.common.rest_client] Request - Headers: {'Content-Type': 'application/json', 'Accept': 'application/json', 'X-Auth-Token': '&lt;omitted&gt;'}
        Body: {"subnet_id": "af83a140-f898-46b5-9787-1a05c13cb59e"}
    Response - Headers: {'status': '200', 'content-length': '255', 'connection': 'close', 'date': 'Sat, 19 Dec 2015 05:03:58 GMT', 'content-type': 'application/json; charset=UTF-8', 'x-openstack-request-id': 'req-9f6cd33e-bb6a-4f3a-9820-0d6ad7e43a26'}
        Body: {"subnet_id": "af83a140-f898-46b5-9787-1a05c13cb59e", "tenant_id": "fa081dc4a78a4251ad203a9dedce9fd3", "subnet_ids": ["af83a140-f898-46b5-9787-1a05c13cb59e"], "port_id": "2d01a58c-6187-4b7d-abf3-478909135679", "id": "85a0b3bd-afa7-4dd8-b694-ccb90cee33ce"}
2015-12-19 05:03:58,685 20255 INFO     [tempest_lib.common.rest_client] Request (TestGettingAddress:_run_cleanups): 204 DELETE http://10.0.2.15:9696/v2.0/subnets/af83a140-f898-46b5-9787-1a05c13cb59e 0.435s
2015-12-19 05:03:58,685 20255 DEBUG    [tempest_lib.common.rest_client] Request - Headers: {'Content-Type': 'application/json', 'Accept': 'application/json', 'X-Auth-Token': '&lt;omitted&gt;'}
        Body: None
    Response - Headers: {'date': 'Sat, 19 Dec 2015 05:03:58 GMT', 'status': '204', 'connection': 'close', 'content-length': '0', 'x-openstack-request-id': 'req-e7b42c81-4503-482a-b1be-881aba3c4fc1'}
        Body: 
