<?xml version="1.0" encoding="UTF-8"?>
<!DOCTYPE html PUBLIC "-//W3C//DTD XHTML 1.0 Strict//EN"
     "http://www.w3.org/TR/xhtml1/DTD/xhtml1-strict.dtd">
<html xmlns="http://www.w3.org/1999/xhtml">
<head>
    <title>Unit Test Report</title>
    <meta name="generator" content="subunit2html 0.1"/>
    <meta http-equiv="Content-Type" content="text/html; charset=UTF-8"/>
    
<style type="text/css" media="screen">
body        { font-family: verdana, arial, helvetica, sans-serif;
    font-size: 80%; }
table       { font-size: 100%; width: 100%;}
pre         { font-size: 80%; }

/* -- heading -------------------------------------------------------------- */
h1 {
        font-size: 16pt;
        color: gray;
}
.heading {
    margin-top: 0ex;
    margin-bottom: 1ex;
}

.heading .attribute {
    margin-top: 1ex;
    margin-bottom: 0;
}

.heading .description {
    margin-top: 4ex;
    margin-bottom: 6ex;
}

/* -- css div popup -------------------------------------------------------- */
a.popup_link {
}

a.popup_link:hover {
    color: red;
}

.popup_window {
    display: none;
    overflow-x: scroll;
    /*border: solid #627173 1px; */
    padding: 10px;
    background-color: #E6E6D6;
    font-family: "Ubuntu Mono", "Lucida Console", "Courier New", monospace;
    text-align: left;
    font-size: 8pt;
}

}
/* -- report --------------------------------------------------------------- */
#show_detail_line {
    margin-top: 3ex;
    margin-bottom: 1ex;
}
#result_table {
    width: 100%;
    border-collapse: collapse;
    border: 1px solid #777;
}
#header_row {
    font-weight: bold;
    color: white;
    background-color: #777;
}
#result_table td {
    border: 1px solid #777;
    padding: 2px;
}
#total_row  { font-weight: bold; }
.passClass  { background-color: #6c6; }
.failClass  { background-color: #c60; }
.errorClass { background-color: #c00; }
.passCase   { color: #6c6; }
.failCase   { color: #c60; font-weight: bold; }
.errorCase  { color: #c00; font-weight: bold; }
.hiddenRow  { display: none; }
.testcase   { margin-left: 2em; }
td.testname {width: 40%}
td.small {width: 40px}

/* -- ending --------------------------------------------------------------- */
#ending {
}

</style>

</head>
<body>
<script language="javascript" type="text/javascript"><!--
output_list = Array();

/* level - 0:Summary; 1:Failed; 2:All */
function showCase(level) {
    trs = document.getElementsByTagName("tr");
    for (var i = 0; i < trs.length; i++) {
        tr = trs[i];
        id = tr.id;
        if (id.substr(0,2) == 'ft') {
            if (level < 1) {
                tr.className = 'hiddenRow';
            }
            else {
                tr.className = '';
            }
        }
        if (id.substr(0,2) == 'pt') {
            if (level > 1) {
                tr.className = '';
            }
            else {
                tr.className = 'hiddenRow';
            }
        }
    }
}


function showClassDetail(cid, count) {
    var id_list = Array(count);
    var toHide = 1;
    for (var i = 0; i < count; i++) {
        tid0 = 't' + cid.substr(1) + '.' + (i+1);
        tid = 'f' + tid0;
        tr = document.getElementById(tid);
        if (!tr) {
            tid = 'p' + tid0;
            tr = document.getElementById(tid);
        }
        id_list[i] = tid;
        if (tr.className) {
            toHide = 0;
        }
    }
    for (var i = 0; i < count; i++) {
        tid = id_list[i];
        if (toHide) {
            document.getElementById('div_'+tid).style.display = 'none'
            document.getElementById(tid).className = 'hiddenRow';
        }
        else {
            document.getElementById(tid).className = '';
        }
    }
}


function showTestDetail(div_id){
    var details_div = document.getElementById(div_id)
    var displayState = details_div.style.display
    // alert(displayState)
    if (displayState != 'block' ) {
        displayState = 'block'
        details_div.style.display = 'block'
    }
    else {
        details_div.style.display = 'none'
    }
}


function html_escape(s) {
    s = s.replace(/&/g,'&amp;');
    s = s.replace(/</g,'&lt;');
    s = s.replace(/>/g,'&gt;');
    return s;
}

/* obsoleted by detail in <div>
function showOutput(id, name) {
    var w = window.open("", //url
                    name,
                    "resizable,scrollbars,status,width=800,height=450");
    d = w.document;
    d.write("<pre>");
    d.write(html_escape(output_list[id]));
    d.write("\n");
    d.write("<a href='javascript:window.close()'>close</a>\n");
    d.write("</pre>\n");
    d.close();
}
*/
--></script>

<div class='heading'>
<h1>Unit Test Report</h1>

<p class='attribute'><strong>Status:</strong> Failure 8</p>

<p class='description'></p>
</div>



<p id='show_detail_line'>Show
<a href='javascript:showCase(0)'>Summary</a>
<a href='javascript:showCase(1)'>Failed</a>
<a href='javascript:showCase(2)'>All</a>
</p>
<table id='result_table'>
<colgroup>
<col align='left' />
<col align='right' />
<col align='right' />
<col align='right' />
<col align='right' />
<col align='right' />
<col align='right' />
<col align='right' />
</colgroup>
<tr id='header_row'>
    <td>Test Group/Test case</td>
    <td>Count</td>
    <td>Pass</td>
    <td>Fail</td>
    <td>Error</td>
    <td>Skip</td>
    <td>View</td>
    <td> </td>
</tr>

<tr class='failClass'>
    <td class="testname">tempest.scenario.test_network_v6.TestGettingAddress</td>
    <td class="small">8</td>
    <td class="small">0</td>
    <td class="small">8</td>
    <td class="small">0</td>
    <td class="small">0</td>
    <td class="small"><a href="javascript:showClassDetail('c1',8)"
>Detail</a></td>
    <td> </td>
</tr>

<tr id='ft1.1' class='none'>
    <td class='failCase'><div class='testcase'>test_dhcp6_stateless_from_os[compute,id-d7e1f858-187c-45a6-89c9-bdafde619a9f,network]</div></td>
    <td colspan='7' align='left'>

    <!--css div popup start-->
    <a class="popup_link" onfocus='this.blur();'
    href="javascript:showTestDetail('div_ft1.1')" >
        fail</a>

    <div id='div_ft1.1' class="popup_window">
        <div style='text-align: right; color:red;cursor:pointer'>
        <a onfocus='this.blur();'
onclick="document.getElementById('div_ft1.1').style.display = 'none' " >
           [x]</a>
        </div>
        <pre>
        
ft1.1: tempest.scenario.test_network_v6.TestGettingAddress.test_dhcp6_stateless_from_os[compute,id-d7e1f858-187c-45a6-89c9-bdafde619a9f,network]_StringException: Empty attachments:
  stderr
  stdout

pythonlogging:'': {{{
2015-12-17 17:42:00,581 20765 INFO     [tempest_lib.common.rest_client] Request (TestGettingAddress:setUp): 200 POST http://10.0.2.15:8774/v2.1/76c143b98a3f4b809cd7dfa86264bd99/os-keypairs 0.549s
2015-12-17 17:42:00,582 20765 DEBUG    [tempest_lib.common.rest_client] Request - Headers: {'Content-Type': 'application/json', 'Accept': 'application/json', 'X-Auth-Token': '&lt;omitted&gt;'}
        Body: {"keypair": {"name": "tempest-TestGettingAddress-600569463"}}
    Response - Headers: {'status': '200', 'content-length': '2319', 'x-compute-request-id': 'req-313ac38a-ca31-4c3b-9f14-7f27f06e11ba', 'vary': 'X-OpenStack-Nova-API-Version', 'connection': 'close', 'x-openstack-nova-api-version': '2.1', 'date': 'Thu, 17 Dec 2015 17:42:00 GMT', 'content-type': 'application/json'}
        Body: {"keypair": {"public_key": "ssh-rsa AAAAB3NzaC1yc2EAAAADAQABAAABAQCvb0kVwHhKSzPJ+Yd42J41DkeafBHnRGX7huZ+Ei2jmoC5EMdZ2Xs1Qn1JjM5rmC8hELOgxFcgDXrBeuqRCmPLMnugpVGSUDNGE0JEZDX97VWTUgZidZl2kKZfLUPThygDdEM0PLUpw+W/eLPtVkbLuMMoV/EkjEFgN4HC6Jx36n94L4ahmvcr0Iw1DlRR1hUE9DzwyjMv1htLmH7b0J9ZivtJUVYfkjwJOpGn+8YfiivlAEFqzrkOEW/B3au2uSXxFkgLaT6GU1lU6N2wF/8COHUR1ZQ2ZSVv3ZJ9EMKV4XZwSO8PY2GtZgGqEw1ptMCrKBM5fh4GgnX91NJR1Ho3 Generated-by-Nova", "private_key": "-----BEGIN RSA PRIVATE KEY-----\nMIIEqQIBAAKCAQEAr29JFcB4SkszyfmHeNieNQ5HmnwR50Rl+4bmfhIto5qAuRDH\nWdl7NUJ9SYzOa5gvIRCzoMRXIA16wXrqkQpjyzJ7oKVRklAzRhNCRGQ1/e1Vk1IG\nYnWZdpCmXy1D04coA3RDNDy1KcPlv3iz7VZGy7jDKFfxJIxBYDeBwuicd+p/eC+G\noZr3K9CMNQ5UUdYVBPQ88MozL9YbS5h+29CfWYr7SVFWH5I8CTqRp/vGH4or5QBB\nas65DhFvwd2rtrkl8RZIC2k+hlNZVOjdsBf/Ajh1EdWUNmUlb92SfRDCleF2cEjv\nD2NhrWYBqhMNabTAqygTOX4eBoJ1/dTSUdR6NwIDAQABAoIBAQCCpShTF4s9IHXH\n0piNaRugPSsbo4udozUjNBnQBu+P5442w4UBp1D2n7Y3oLFUNPfb8tkiPzT2vLMP\nBN9L9eXNO6IPRy3Q/QLCC7OMxOfkWusgk7QHfLY1MpGDTW02SG+G6vzlGNR87tLY\nXSX4+AguzEAheiQtaHmDErMCmEF1lqC+Cqk8PwcFf6tZ+bta1SVDT0wpDlcs4oR+\nAMtX3vYDm3EFvHBHAzRsvlg/U65zxKSEPygsLPEmrlUL1otRMoMxAl1IvL9d9Wac\nOLz/4ID7Dc7MgS5UzqIyTKw/aWKq2DMANuM38ng3AP78HV1RhpH5pnH0FB0mTnD5\nFpw93iQhAoIAgQC5nYs87fbvSdw12raJfZ7kP/sR36BSI02jEi1mpfzmGrmg5xXJ\n4XSMPC+mdT7VK+umnOUme3Cjcwhjew+bUj8RN84v28fbWJMbFleNMA4baaziiowK\nu7L8yhV7KNqLsXAIOpdrbQ9yQ7RY4mOog3yBlof5PXliyNY7DPz5c4Rl8QKCAIEA\n8fV1jN0lW+0k+R5QhpbM3Hlaa4k01IhHMGhDX/aeamOLHpyjJ3i5omThpJzw+fSg\nNqDFHaJ4SdylplUARD/gKLCryqSvkKmt3ENSxy8MLUDsKUoBeiGj7D9ghhbxTj+u\ngMq5rHhZ0dTvMVZWEuTTNSOyyEZQP2qovvAG7YRTmqcCggCBAKHtO6wS2QqVv8NH\no1i8u2HaIxjLoxwk6jTpxau4ALFo/SnOjuaIhdlVJCiuPftQDotScmIo6/Hbh6Tp\nlYrlrFlD+t8rd+X2FpdZ3VUxaA0oGoejYFp4tsPrM+Q2lrmpONgk7TXtdb00LWAh\nV9mJo5OVk9eudnfkR2hKg2LHEOixAoIAgEPqvqBXwxDWtDYpSDk/Qynv9m2RCf9O\ncY0o9yCMvVLntjlVhoah4Jmw75WhaBMBk6dB4ZK79D/na6gQ3A5MT8OcM9yh9ZYJ\nyv+09htrHWPmgWPlnhyGLNk3wQRilEF+pqEIRq4e6jd4KdwTe/25tX+JEbod4pCq\ng8t03Lz3E/CpAoIAgDUbWUxxd67rpDPYItXrqdP9BjtCA/cXvpxBEzf4uxJGVRGb\nrKygUT7+6b1F+xAAm8i4T3U3UCiajvUV+6K6vZOJCO9ndJ79vIYxKwcHx9X/0xTd\n/FEaTpC11NlSdw1VWhRtcoz+l98+TlBf2c4gumyFrsghWKORaDq0q8jWYWiv\n-----END RSA PRIVATE KEY-----\n", "user_id": "1c515b0751434a72802db46323099b95", "name": "tempest-TestGettingAddress-600569463", "fingerprint": "e4:69:31:c9:10:3e:da:28:b7:c3:dc:27:0b:0b:66:2d"}}
2015-12-17 17:42:00,922 20765 INFO     [tempest_lib.common.rest_client] Request (TestGettingAddress:setUp): 201 POST http://10.0.2.15:9696/v2.0/security-groups 0.335s
2015-12-17 17:42:00,923 20765 DEBUG    [tempest_lib.common.rest_client] Request - Headers: {'Content-Type': 'application/json', 'Accept': 'application/json', 'X-Auth-Token': '&lt;omitted&gt;'}
        Body: {"security_group": {"tenant_id": "76c143b98a3f4b809cd7dfa86264bd99", "description": "tempest-secgroup-smoke-2063220188 description", "name": "tempest-secgroup-smoke-2063220188"}}
    Response - Headers: {'status': '201', 'content-length': '888', 'connection': 'close', 'date': 'Thu, 17 Dec 2015 17:42:00 GMT', 'content-type': 'application/json; charset=UTF-8', 'x-openstack-request-id': 'req-c90c5bed-ec66-4780-bc71-8f6d4cb30563'}
        Body: {"security_group": {"tenant_id": "76c143b98a3f4b809cd7dfa86264bd99", "description": "tempest-secgroup-smoke-2063220188 description", "id": "85a177ac-438b-43e9-b896-cec27d229517", "security_group_rules": [{"remote_group_id": null, "direction": "egress", "remote_ip_prefix": null, "protocol": null, "ethertype": "IPv4", "tenant_id": "76c143b98a3f4b809cd7dfa86264bd99", "port_range_max": null, "port_range_min": null, "id": "6bba212a-c966-4bf7-b3ab-5053a80bd2c2", "security_group_id": "85a177ac-438b-43e9-b896-cec27d229517"}, {"remote_group_id": null, "direction": "egress", "remote_ip_prefix": null, "protocol": null, "ethertype": "IPv6", "tenant_id": "76c143b98a3f4b809cd7dfa86264bd99", "port_range_max": null, "port_range_min": null, "id": "ef84f6e5-080b-4ca3-a6c8-6bc55f8a1e7f", "security_group_id": "85a177ac-438b-43e9-b896-cec27d229517"}], "name": "tempest-secgroup-smoke-2063220188"}}
2015-12-17 17:42:01,037 20765 INFO     [tempest_lib.common.rest_client] Request (TestGettingAddress:setUp): 201 POST http://10.0.2.15:9696/v2.0/security-group-rules 0.113s
2015-12-17 17:42:01,039 20765 DEBUG    [tempest_lib.common.rest_client] Request - Headers: {'Content-Type': 'application/json', 'Accept': 'application/json', 'X-Auth-Token': '&lt;omitted&gt;'}
        Body: {"security_group_rule": {"direction": "ingress", "protocol": "tcp", "tenant_id": "76c143b98a3f4b809cd7dfa86264bd99", "port_range_max": 22, "security_group_id": "85a177ac-438b-43e9-b896-cec27d229517", "port_range_min": 22}}
    Response - Headers: {'status': '201', 'content-length': '340', 'connection': 'close', 'date': 'Thu, 17 Dec 2015 17:42:01 GMT', 'content-type': 'application/json; charset=UTF-8', 'x-openstack-request-id': 'req-476beac6-e7ca-494d-9066-625bdc95af54'}
        Body: {"security_group_rule": {"remote_group_id": null, "direction": "ingress", "remote_ip_prefix": null, "protocol": "tcp", "ethertype": "IPv4", "tenant_id": "76c143b98a3f4b809cd7dfa86264bd99", "port_range_max": 22, "port_range_min": 22, "id": "0f2c8e20-f7a8-42a7-88ec-60149182a74c", "security_group_id": "85a177ac-438b-43e9-b896-cec27d229517"}}
2015-12-17 17:42:01,156 20765 INFO     [tempest_lib.common.rest_client] Request (TestGettingAddress:setUp): 201 POST http://10.0.2.15:9696/v2.0/security-group-rules 0.116s
2015-12-17 17:42:01,157 20765 DEBUG    [tempest_lib.common.rest_client] Request - Headers: {'Content-Type': 'application/json', 'Accept': 'application/json', 'X-Auth-Token': '&lt;omitted&gt;'}
        Body: {"security_group_rule": {"direction": "egress", "protocol": "tcp", "tenant_id": "76c143b98a3f4b809cd7dfa86264bd99", "port_range_max": 22, "security_group_id": "85a177ac-438b-43e9-b896-cec27d229517", "port_range_min": 22}}
    Response - Headers: {'status': '201', 'content-length': '339', 'connection': 'close', 'date': 'Thu, 17 Dec 2015 17:42:01 GMT', 'content-type': 'application/json; charset=UTF-8', 'x-openstack-request-id': 'req-39366d7e-b001-4144-a20d-1dd4f1cce511'}
        Body: {"security_group_rule": {"remote_group_id": null, "direction": "egress", "remote_ip_prefix": null, "protocol": "tcp", "ethertype": "IPv4", "tenant_id": "76c143b98a3f4b809cd7dfa86264bd99", "port_range_max": 22, "port_range_min": 22, "id": "ca6f4c55-f769-4162-b0c2-f22653da4938", "security_group_id": "85a177ac-438b-43e9-b896-cec27d229517"}}
2015-12-17 17:42:01,394 20765 INFO     [tempest_lib.common.rest_client] Request (TestGettingAddress:setUp): 201 POST http://10.0.2.15:9696/v2.0/security-group-rules 0.235s
2015-12-17 17:42:01,395 20765 DEBUG    [tempest_lib.common.rest_client] Request - Headers: {'Content-Type': 'application/json', 'Accept': 'application/json', 'X-Auth-Token': '&lt;omitted&gt;'}
        Body: {"security_group_rule": {"tenant_id": "76c143b98a3f4b809cd7dfa86264bd99", "direction": "ingress", "protocol": "icmp", "security_group_id": "85a177ac-438b-43e9-b896-cec27d229517"}}
    Response - Headers: {'status': '201', 'content-length': '345', 'connection': 'close', 'date': 'Thu, 17 Dec 2015 17:42:01 GMT', 'content-type': 'application/json; charset=UTF-8', 'x-openstack-request-id': 'req-aaa1cc12-a078-4b71-9a60-0ba34ff3e8c9'}
        Body: {"security_group_rule": {"remote_group_id": null, "direction": "ingress", "remote_ip_prefix": null, "protocol": "icmp", "ethertype": "IPv4", "tenant_id": "76c143b98a3f4b809cd7dfa86264bd99", "port_range_max": null, "port_range_min": null, "id": "83246d9b-f416-4c97-9f9b-7187ef17ae6f", "security_group_id": "85a177ac-438b-43e9-b896-cec27d229517"}}
2015-12-17 17:42:01,508 20765 INFO     [tempest_lib.common.rest_client] Request (TestGettingAddress:setUp): 201 POST http://10.0.2.15:9696/v2.0/security-group-rules 0.111s
2015-12-17 17:42:01,508 20765 DEBUG    [tempest_lib.common.rest_client] Request - Headers: {'Content-Type': 'application/json', 'Accept': 'application/json', 'X-Auth-Token': '&lt;omitted&gt;'}
        Body: {"security_group_rule": {"tenant_id": "76c143b98a3f4b809cd7dfa86264bd99", "direction": "egress", "protocol": "icmp", "security_group_id": "85a177ac-438b-43e9-b896-cec27d229517"}}
    Response - Headers: {'status': '201', 'content-length': '344', 'connection': 'close', 'date': 'Thu, 17 Dec 2015 17:42:01 GMT', 'content-type': 'application/json; charset=UTF-8', 'x-openstack-request-id': 'req-61085ef5-b608-4e13-9cf4-f8fc2e274dd2'}
        Body: {"security_group_rule": {"remote_group_id": null, "direction": "egress", "remote_ip_prefix": null, "protocol": "icmp", "ethertype": "IPv4", "tenant_id": "76c143b98a3f4b809cd7dfa86264bd99", "port_range_max": null, "port_range_min": null, "id": "4980c466-2431-4be1-8266-f2271cd930eb", "security_group_id": "85a177ac-438b-43e9-b896-cec27d229517"}}
2015-12-17 17:42:01,628 20765 INFO     [tempest_lib.common.rest_client] Request (TestGettingAddress:setUp): 201 POST http://10.0.2.15:9696/v2.0/security-group-rules 0.119s
2015-12-17 17:42:01,629 20765 DEBUG    [tempest_lib.common.rest_client] Request - Headers: {'Content-Type': 'application/json', 'Accept': 'application/json', 'X-Auth-Token': '&lt;omitted&gt;'}
        Body: {"security_group_rule": {"tenant_id": "76c143b98a3f4b809cd7dfa86264bd99", "direction": "ingress", "security_group_id": "85a177ac-438b-43e9-b896-cec27d229517", "protocol": "icmp", "ethertype": "IPv6"}}
    Response - Headers: {'status': '201', 'content-length': '345', 'connection': 'close', 'date': 'Thu, 17 Dec 2015 17:42:01 GMT', 'content-type': 'application/json; charset=UTF-8', 'x-openstack-request-id': 'req-eb5c5140-4e8f-40cf-a703-0ded44c58851'}
        Body: {"security_group_rule": {"remote_group_id": null, "direction": "ingress", "remote_ip_prefix": null, "protocol": "icmp", "ethertype": "IPv6", "tenant_id": "76c143b98a3f4b809cd7dfa86264bd99", "port_range_max": null, "port_range_min": null, "id": "57f22345-143e-4f05-bce1-a7d8c186d858", "security_group_id": "85a177ac-438b-43e9-b896-cec27d229517"}}
2015-12-17 17:42:01,738 20765 INFO     [tempest_lib.common.rest_client] Request (TestGettingAddress:setUp): 201 POST http://10.0.2.15:9696/v2.0/security-group-rules 0.108s
2015-12-17 17:42:01,738 20765 DEBUG    [tempest_lib.common.rest_client] Request - Headers: {'Content-Type': 'application/json', 'Accept': 'application/json', 'X-Auth-Token': '&lt;omitted&gt;'}
        Body: {"security_group_rule": {"tenant_id": "76c143b98a3f4b809cd7dfa86264bd99", "direction": "egress", "security_group_id": "85a177ac-438b-43e9-b896-cec27d229517", "protocol": "icmp", "ethertype": "IPv6"}}
    Response - Headers: {'status': '201', 'content-length': '344', 'connection': 'close', 'date': 'Thu, 17 Dec 2015 17:42:01 GMT', 'content-type': 'application/json; charset=UTF-8', 'x-openstack-request-id': 'req-206bcff6-4022-422f-bad8-d1811ac95932'}
        Body: {"security_group_rule": {"remote_group_id": null, "direction": "egress", "remote_ip_prefix": null, "protocol": "icmp", "ethertype": "IPv6", "tenant_id": "76c143b98a3f4b809cd7dfa86264bd99", "port_range_max": null, "port_range_min": null, "id": "49463c95-0f12-4add-85e0-8e34a1b668e4", "security_group_id": "85a177ac-438b-43e9-b896-cec27d229517"}}
2015-12-17 17:42:01,865 20765 INFO     [tempest_lib.common.rest_client] Request (TestGettingAddress:test_dhcp6_stateless_from_os): 201 POST http://10.0.2.15:9696/v2.0/networks 0.125s
2015-12-17 17:42:01,866 20765 DEBUG    [tempest_lib.common.rest_client] Request - Headers: {'Content-Type': 'application/json', 'Accept': 'application/json', 'X-Auth-Token': '&lt;omitted&gt;'}
        Body: {"network": {"tenant_id": "76c143b98a3f4b809cd7dfa86264bd99", "name": "tempest-network-smoke--1653562857"}}
    Response - Headers: {'status': '201', 'content-length': '296', 'connection': 'close', 'date': 'Thu, 17 Dec 2015 17:42:01 GMT', 'content-type': 'application/json; charset=UTF-8', 'x-openstack-request-id': 'req-4c64456d-3d67-43d0-8cfd-c3317d0faf38'}
        Body: {"network": {"status": "ACTIVE", "subnets": [], "name": "tempest-network-smoke--1653562857", "admin_state_up": true, "tenant_id": "76c143b98a3f4b809cd7dfa86264bd99", "mtu": 0, "router:external": false, "shared": false, "port_security_enabled": true, "id": "a461c9c4-9e10-44d6-8ef8-369a5fe014ab"}}
2015-12-17 17:42:02,027 20765 INFO     [tempest_lib.common.rest_client] Request (TestGettingAddress:test_dhcp6_stateless_from_os): 200 GET http://10.0.2.15:9696/v2.0/subnets?tenant_id=76c143b98a3f4b809cd7dfa86264bd99&amp;cidr=10.100.0.0%2F28 0.160s
2015-12-17 17:42:02,028 20765 DEBUG    [tempest_lib.common.rest_client] Request - Headers: {'Content-Type': 'application/json', 'Accept': 'application/json', 'X-Auth-Token': '&lt;omitted&gt;'}
        Body: None
    Response - Headers: {'status': '200', 'content-length': '15', 'content-location': 'http://10.0.2.15:9696/v2.0/subnets?tenant_id=76c143b98a3f4b809cd7dfa86264bd99&amp;cidr=10.100.0.0%2F28', 'connection': 'close', 'date': 'Thu, 17 Dec 2015 17:42:02 GMT', 'content-type': 'application/json; charset=UTF-8', 'x-openstack-request-id': 'req-d58f0522-6976-4498-b308-d07745c0de88'}
        Body: {"subnets": []}
2015-12-17 17:42:02,305 20765 INFO     [tempest_lib.common.rest_client] Request (TestGettingAddress:test_dhcp6_stateless_from_os): 201 POST http://10.0.2.15:9696/v2.0/subnets 0.275s
2015-12-17 17:42:02,305 20765 DEBUG    [tempest_lib.common.rest_client] Request - Headers: {'Content-Type': 'application/json', 'Accept': 'application/json', 'X-Auth-Token': '&lt;omitted&gt;'}
        Body: {"subnet": {"ip_version": 4, "tenant_id": "76c143b98a3f4b809cd7dfa86264bd99", "cidr": "10.100.0.0/28", "network_id": "a461c9c4-9e10-44d6-8ef8-369a5fe014ab", "name": "tempest-sub4-1513963278"}}
    Response - Headers: {'status': '201', 'content-length': '470', 'connection': 'close', 'date': 'Thu, 17 Dec 2015 17:42:02 GMT', 'content-type': 'application/json; charset=UTF-8', 'x-openstack-request-id': 'req-d66a2162-774b-4b8a-a92e-b2e9e117a35f'}
        Body: {"subnet": {"name": "tempest-sub4-1513963278", "enable_dhcp": true, "network_id": "a461c9c4-9e10-44d6-8ef8-369a5fe014ab", "tenant_id": "76c143b98a3f4b809cd7dfa86264bd99", "dns_nameservers": [], "gateway_ip": "10.100.0.1", "ipv6_ra_mode": null, "allocation_pools": [{"start": "10.100.0.2", "end": "10.100.0.14"}], "host_routes": [], "ip_version": 4, "ipv6_address_mode": null, "cidr": "10.100.0.0/28", "id": "87d382b3-fd38-468c-8bb8-bc3582f58b0e", "subnetpool_id": null}}
2015-12-17 17:42:02,370 20765 INFO     [tempest_lib.common.rest_client] Request (TestGettingAddress:test_dhcp6_stateless_from_os): 201 POST http://10.0.2.15:9696/v2.0/routers 0.063s
2015-12-17 17:42:02,370 20765 DEBUG    [tempest_lib.common.rest_client] Request - Headers: {'Content-Type': 'application/json', 'Accept': 'application/json', 'X-Auth-Token': '&lt;omitted&gt;'}
        Body: {"router": {"tenant_id": "76c143b98a3f4b809cd7dfa86264bd99", "name": "tempest-router-smoke-1416624182", "admin_state_up": true}}
    Response - Headers: {'status': '201', 'content-length': '239', 'connection': 'close', 'date': 'Thu, 17 Dec 2015 17:42:02 GMT', 'content-type': 'application/json; charset=UTF-8', 'x-openstack-request-id': 'req-67d54145-1d00-422e-8eef-1f456baa0843'}
        Body: {"router": {"status": "ACTIVE", "external_gateway_info": null, "name": "tempest-router-smoke-1416624182", "admin_state_up": true, "tenant_id": "76c143b98a3f4b809cd7dfa86264bd99", "routes": [], "id": "1e3b0371-71ed-4d39-9e28-28637bcc4bdd"}}
2015-12-17 17:42:02,410 20765 INFO     [tempest_lib.common.rest_client] Request (TestGettingAddress:test_dhcp6_stateless_from_os): 200 GET http://10.0.2.15:9696/v2.0/routers/1e3b0371-71ed-4d39-9e28-28637bcc4bdd 0.039s
2015-12-17 17:42:02,411 20765 DEBUG    [tempest_lib.common.rest_client] Request - Headers: {'Content-Type': 'application/json', 'Accept': 'application/json', 'X-Auth-Token': '&lt;omitted&gt;'}
        Body: None
    Response - Headers: {'status': '200', 'content-length': '239', 'content-location': 'http://10.0.2.15:9696/v2.0/routers/1e3b0371-71ed-4d39-9e28-28637bcc4bdd', 'connection': 'close', 'date': 'Thu, 17 Dec 2015 17:42:02 GMT', 'content-type': 'application/json; charset=UTF-8', 'x-openstack-request-id': 'req-db7c59ff-70c7-468c-a503-b9e26ebd1102'}
        Body: {"router": {"status": "ACTIVE", "external_gateway_info": null, "name": "tempest-router-smoke-1416624182", "admin_state_up": true, "tenant_id": "76c143b98a3f4b809cd7dfa86264bd99", "routes": [], "id": "1e3b0371-71ed-4d39-9e28-28637bcc4bdd"}}
2015-12-17 17:42:02,914 20765 INFO     [tempest_lib.common.rest_client] Request (TestGettingAddress:test_dhcp6_stateless_from_os): 200 PUT http://10.0.2.15:9696/v2.0/routers/1e3b0371-71ed-4d39-9e28-28637bcc4bdd 0.502s
2015-12-17 17:42:02,915 20765 DEBUG    [tempest_lib.common.rest_client] Request - Headers: {'Content-Type': 'application/json', 'Accept': 'application/json', 'X-Auth-Token': '&lt;omitted&gt;'}
        Body: {"router": {"external_gateway_info": {"network_id": "5dba8675-cdb0-4683-adb7-ca732541c406"}, "name": "tempest-router-smoke-1416624182", "admin_state_up": true}}
    Response - Headers: {'status': '200', 'content-length': '501', 'connection': 'close', 'date': 'Thu, 17 Dec 2015 17:42:02 GMT', 'content-type': 'application/json; charset=UTF-8', 'x-openstack-request-id': 'req-224984e8-dd86-4fa1-9473-cd43d8187d2d'}
        Body: {"router": {"status": "ACTIVE", "external_gateway_info": {"network_id": "5dba8675-cdb0-4683-adb7-ca732541c406", "enable_snat": true, "external_fixed_ips": [{"subnet_id": "fbb65534-c3b2-4bd5-8b26-33b23a7bec1d", "ip_address": "172.24.4.3"}, {"subnet_id": "83ee5856-1dbb-469a-8de2-fc55e2e5c3b9", "ip_address": "2001:db8::4"}]}, "name": "tempest-router-smoke-1416624182", "admin_state_up": true, "tenant_id": "76c143b98a3f4b809cd7dfa86264bd99", "routes": [], "id": "1e3b0371-71ed-4d39-9e28-28637bcc4bdd"}}
2015-12-17 17:42:03,337 20765 INFO     [tempest_lib.common.rest_client] Request (TestGettingAddress:test_dhcp6_stateless_from_os): 200 PUT http://10.0.2.15:9696/v2.0/routers/1e3b0371-71ed-4d39-9e28-28637bcc4bdd/add_router_interface 0.421s
2015-12-17 17:42:03,338 20765 DEBUG    [tempest_lib.common.rest_client] Request - Headers: {'Content-Type': 'application/json', 'Accept': 'application/json', 'X-Auth-Token': '&lt;omitted&gt;'}
        Body: {"subnet_id": "87d382b3-fd38-468c-8bb8-bc3582f58b0e"}
    Response - Headers: {'status': '200', 'content-length': '255', 'connection': 'close', 'date': 'Thu, 17 Dec 2015 17:42:03 GMT', 'content-type': 'application/json; charset=UTF-8', 'x-openstack-request-id': 'req-0be859ef-b368-4fa0-bc33-22c87042251a'}
        Body: {"subnet_id": "87d382b3-fd38-468c-8bb8-bc3582f58b0e", "tenant_id": "76c143b98a3f4b809cd7dfa86264bd99", "subnet_ids": ["87d382b3-fd38-468c-8bb8-bc3582f58b0e"], "port_id": "a0dc0f79-4210-42a4-891b-6662ebd50d04", "id": "1e3b0371-71ed-4d39-9e28-28637bcc4bdd"}
2015-12-17 17:42:03,504 20765 INFO     [tempest_lib.common.rest_client] Request (TestGettingAddress:test_dhcp6_stateless_from_os): 200 GET http://10.0.2.15:9696/v2.0/subnets?tenant_id=76c143b98a3f4b809cd7dfa86264bd99&amp;cidr=2003%3A%3A%2F64 0.164s
2015-12-17 17:42:03,504 20765 DEBUG    [tempest_lib.common.rest_client] Request - Headers: {'Content-Type': 'application/json', 'Accept': 'application/json', 'X-Auth-Token': '&lt;omitted&gt;'}
        Body: None
    Response - Headers: {'status': '200', 'content-length': '15', 'content-location': 'http://10.0.2.15:9696/v2.0/subnets?tenant_id=76c143b98a3f4b809cd7dfa86264bd99&amp;cidr=2003%3A%3A%2F64', 'connection': 'close', 'date': 'Thu, 17 Dec 2015 17:42:03 GMT', 'content-type': 'application/json; charset=UTF-8', 'x-openstack-request-id': 'req-b56e53fa-ffa2-4ea7-8baa-de52004f93b2'}
        Body: {"subnets": []}
2015-12-17 17:42:03,813 20765 INFO     [tempest_lib.common.rest_client] Request (TestGettingAddress:test_dhcp6_stateless_from_os): 201 POST http://10.0.2.15:9696/v2.0/subnets 0.308s
2015-12-17 17:42:03,814 20765 DEBUG    [tempest_lib.common.rest_client] Request - Headers: {'Content-Type': 'application/json', 'Accept': 'application/json', 'X-Auth-Token': '&lt;omitted&gt;'}
        Body: {"subnet": {"name": "tempest-sub6-1916164305", "network_id": "a461c9c4-9e10-44d6-8ef8-369a5fe014ab", "tenant_id": "76c143b98a3f4b809cd7dfa86264bd99", "ipv6_ra_mode": "dhcpv6-stateless", "ip_version": 6, "ipv6_address_mode": "dhcpv6-stateless", "cidr": "2003::/64"}}
    Response - Headers: {'status': '201', 'content-length': '502', 'connection': 'close', 'date': 'Thu, 17 Dec 2015 17:42:03 GMT', 'content-type': 'application/json; charset=UTF-8', 'x-openstack-request-id': 'req-bed61679-3aa4-4eac-ac7e-b6e72118a328'}
        Body: {"subnet": {"name": "tempest-sub6-1916164305", "enable_dhcp": true, "network_id": "a461c9c4-9e10-44d6-8ef8-369a5fe014ab", "tenant_id": "76c143b98a3f4b809cd7dfa86264bd99", "dns_nameservers": [], "gateway_ip": "2003::1", "ipv6_ra_mode": "dhcpv6-stateless", "allocation_pools": [{"start": "2003::2", "end": "2003::ffff:ffff:ffff:ffff"}], "host_routes": [], "ip_version": 6, "ipv6_address_mode": "dhcpv6-stateless", "cidr": "2003::/64", "id": "dda41682-100e-4225-b707-f45120f2361c", "subnetpool_id": null}}
2015-12-17 17:42:04,380 20765 INFO     [tempest_lib.common.rest_client] Request (TestGettingAddress:test_dhcp6_stateless_from_os): 200 PUT http://10.0.2.15:9696/v2.0/routers/1e3b0371-71ed-4d39-9e28-28637bcc4bdd/add_router_interface 0.565s
2015-12-17 17:42:04,380 20765 DEBUG    [tempest_lib.common.rest_client] Request - Headers: {'Content-Type': 'application/json', 'Accept': 'application/json', 'X-Auth-Token': '&lt;omitted&gt;'}
        Body: {"subnet_id": "dda41682-100e-4225-b707-f45120f2361c"}
    Response - Headers: {'status': '200', 'content-length': '255', 'connection': 'close', 'date': 'Thu, 17 Dec 2015 17:42:04 GMT', 'content-type': 'application/json; charset=UTF-8', 'x-openstack-request-id': 'req-0caffab1-22a3-4595-8c2e-62838b822874'}
        Body: {"subnet_id": "dda41682-100e-4225-b707-f45120f2361c", "tenant_id": "76c143b98a3f4b809cd7dfa86264bd99", "subnet_ids": ["dda41682-100e-4225-b707-f45120f2361c"], "port_id": "73674a48-f1c5-47c2-9935-cb92957a4deb", "id": "1e3b0371-71ed-4d39-9e28-28637bcc4bdd"}
2015-12-17 17:42:04,487 20765 INFO     [tempest_lib.common.rest_client] Request (TestGettingAddress:test_dhcp6_stateless_from_os): 200 POST http://10.0.2.15:5000/v2.0/tokens
2015-12-17 17:42:04,487 20765 DEBUG    [tempest_lib.common.rest_client] Request - Headers: {'Content-Type': 'application/json', 'Accept': 'application/json'}
        Body: &lt;omitted&gt;
    Response - Headers: {'status': '200', 'content-length': '2522', 'vary': 'X-Auth-Token', 'server': 'Apache/2.4.7 (Ubuntu)', 'connection': 'close', 'date': 'Thu, 17 Dec 2015 17:42:04 GMT', 'content-type': 'application/json', 'x-openstack-request-id': 'req-1b99bce2-1faa-4726-b84f-ff948bb991bd'}
        Body: {"access": {"token": {"issued_at": "2015-12-17T17:42:04.474697", "expires": "2015-12-17T18:42:04Z", "id": "d0cf85e9d8ee4aeab876486f76165beb", "tenant": {"description": "tempest-TestGettingAddress-170987184-desc", "enabled": true, "id": "76c143b98a3f4b809cd7dfa86264bd99", "name": "tempest-TestGettingAddress-170987184"}, "audit_ids": ["Y_cyqHZjQH6lSL492Fzqmg"]}, "serviceCatalog": [{"endpoints": [{"adminURL": "http://10.0.2.15:8774/v2.1/76c143b98a3f4b809cd7dfa86264bd99", "region": "RegionOne", "internalURL": "http://10.0.2.15:8774/v2.1/76c143b98a3f4b809cd7dfa86264bd99", "id": "720ba0d44b6a461184dfdb25a097d151", "publicURL": "http://10.0.2.15:8774/v2.1/76c143b98a3f4b809cd7dfa86264bd99"}], "endpoints_links": [], "type": "compute", "name": "nova"}, {"endpoints": [{"adminURL": "http://10.0.2.15:9696/", "region": "RegionOne", "internalURL": "http://10.0.2.15:9696/", "id": "25f4e8f12bde461aa2a67c8f1e1e0e95", "publicURL": "http://10.0.2.15:9696/"}], "endpoints_links": [], "type": "network", "name": "neutron"}, {"endpoints": [{"adminURL": "http://10.0.2.15:9292", "region": "RegionOne", "internalURL": "http://10.0.2.15:9292", "id": "20a3aa741cad416f923408f2ecf6fe32", "publicURL": "http://10.0.2.15:9292"}], "endpoints_links": [], "type": "image", "name": "glance"}, {"endpoints": [{"adminURL": "http://10.0.2.15:8774/v2/76c143b98a3f4b809cd7dfa86264bd99", "region": "RegionOne", "internalURL": "http://10.0.2.15:8774/v2/76c143b98a3f4b809cd7dfa86264bd99", "id": "4d1f3d9bd77b4929838367e0c3761f07", "publicURL": "http://10.0.2.15:8774/v2/76c143b98a3f4b809cd7dfa86264bd99"}], "endpoints_links": [], "type": "compute_legacy", "name": "nova_legacy"}, {"endpoints": [{"adminURL": "http://10.0.2.15:8773/", "region": "RegionOne", "internalURL": "http://10.0.2.15:8773/", "id": "0e78a59e572a4bcea34f554cc54dedc6", "publicURL": "http://10.0.2.15:8773/"}], "endpoints_links": [], "type": "ec2", "name": "ec2"}, {"endpoints": [{"adminURL": "http://10.0.2.15:35357/v2.0", "region": "RegionOne", "internalURL": "http://10.0.2.15:5000/v2.0", "id": "23679f2980c841b1bad094899cbe7717", "publicURL": "http://10.0.2.15:5000/v2.0"}], "endpoints_links": [], "type": "identity", "name": "keystone"}], "user": {"username": "tempest-TestGettingAddress-343128805", "roles_links": [], "id": "1c515b0751434a72802db46323099b95", "roles": [{"name": "_member_"}, {"name": "Member"}], "name": "tempest-TestGettingAddress-343128805"}, "metadata": {"is_admin": 0, "roles": ["9fe2ff9ee4384b1894a90878d3e92bab", "800391244fca4a499d595cc16c7064cc"]}}}
2015-12-17 17:42:04,494 20765 DEBUG    [tempest.common.fixed_network] (TestGettingAddress:test_dhcp6_stateless_from_os) No valid network provided or created, defaulting to fixed_network_name
2015-12-17 17:42:04,820 20765 INFO     [tempest_lib.common.rest_client] Request (TestGettingAddress:test_dhcp6_stateless_from_os): 200 GET http://10.0.2.15:8774/v2.1/76c143b98a3f4b809cd7dfa86264bd99/os-networks 0.325s
2015-12-17 17:42:04,820 20765 DEBUG    [tempest_lib.common.rest_client] Request - Headers: {'Content-Type': 'application/json', 'Accept': 'application/json', 'X-Auth-Token': '&lt;omitted&gt;'}
        Body: None
    Response - Headers: {'status': '200', 'content-length': '479', 'content-location': 'http://10.0.2.15:8774/v2.1/76c143b98a3f4b809cd7dfa86264bd99/os-networks', 'x-compute-request-id': 'req-083d3449-d367-44a5-9587-d924f6a1296b', 'vary': 'X-OpenStack-Nova-API-Version', 'connection': 'close', 'x-openstack-nova-api-version': '2.1', 'date': 'Thu, 17 Dec 2015 17:42:04 GMT', 'content-type': 'application/json'}
        Body: {"networks": [{"cidr_v6": null, "dns2": null, "dns1": null, "gateway": null, "broadcast": null, "netmask": null, "gateway_v6": null, "cidr": null, "label": "public", "id": "5dba8675-cdb0-4683-adb7-ca732541c406", "netmask_v6": null}, {"cidr_v6": null, "dns2": null, "dns1": null, "gateway": null, "broadcast": null, "netmask": null, "gateway_v6": null, "cidr": null, "label": "tempest-network-smoke--1653562857", "id": "a461c9c4-9e10-44d6-8ef8-369a5fe014ab", "netmask_v6": null}]}
2015-12-17 17:42:04,821 20765 WARNING  [tempest.common.fixed_network] (TestGettingAddress:test_dhcp6_stateless_from_os) Network with name: private not found
2015-12-17 17:42:04,821 20765 INFO     [tempest.common.fixed_network] (TestGettingAddress:test_dhcp6_stateless_from_os) Found network {} available for tenant
2015-12-17 17:42:06,585 20765 INFO     [tempest_lib.common.rest_client] Request (TestGettingAddress:test_dhcp6_stateless_from_os): 202 POST http://10.0.2.15:8774/v2.1/76c143b98a3f4b809cd7dfa86264bd99/servers 1.763s
2015-12-17 17:42:06,586 20765 DEBUG    [tempest_lib.common.rest_client] Request - Headers: {'Content-Type': 'application/json', 'Accept': 'application/json', 'X-Auth-Token': '&lt;omitted&gt;'}
        Body: {"server": {"name": "tempest.common.compute-instance-1419600747", "imageRef": "42e00a91-b202-4776-8921-4f233fb770fa", "key_name": "tempest-TestGettingAddress-600569463", "flavorRef": "42", "networks": [{"uuid": "a461c9c4-9e10-44d6-8ef8-369a5fe014ab"}], "security_groups": [{"name": "tempest-secgroup-smoke-2063220188"}]}}
    Response - Headers: {'status': '202', 'content-length': '462', 'x-compute-request-id': 'req-42c6a225-48d3-4eef-a245-2aeeb35ac543', 'vary': 'X-OpenStack-Nova-API-Version', 'connection': 'close', 'location': 'http://10.0.2.15:8774/v2.1/76c143b98a3f4b809cd7dfa86264bd99/servers/737caf5f-f734-4d2e-83e0-d1eb09b0183d', 'x-openstack-nova-api-version': '2.1', 'date': 'Thu, 17 Dec 2015 17:42:06 GMT', 'content-type': 'application/json'}
        Body: {"server": {"security_groups": [{"name": "tempest-secgroup-smoke-2063220188"}], "OS-DCF:diskConfig": "MANUAL", "id": "737caf5f-f734-4d2e-83e0-d1eb09b0183d", "links": [{"href": "http://10.0.2.15:8774/v2.1/76c143b98a3f4b809cd7dfa86264bd99/servers/737caf5f-f734-4d2e-83e0-d1eb09b0183d", "rel": "self"}, {"href": "http://10.0.2.15:8774/76c143b98a3f4b809cd7dfa86264bd99/servers/737caf5f-f734-4d2e-83e0-d1eb09b0183d", "rel": "bookmark"}], "adminPass": "vKThp4scd5Nh"}}
2015-12-17 17:42:06,755 20765 INFO     [tempest_lib.common.rest_client] Request (TestGettingAddress:test_dhcp6_stateless_from_os): 200 GET http://10.0.2.15:8774/v2.1/76c143b98a3f4b809cd7dfa86264bd99/servers/737caf5f-f734-4d2e-83e0-d1eb09b0183d 0.166s
2015-12-17 17:42:06,755 20765 DEBUG    [tempest_lib.common.rest_client] Request - Headers: {'Content-Type': 'application/json', 'Accept': 'application/json', 'X-Auth-Token': '&lt;omitted&gt;'}
        Body: None
    Response - Headers: {'status': '200', 'content-length': '1354', 'content-location': 'http://10.0.2.15:8774/v2.1/76c143b98a3f4b809cd7dfa86264bd99/servers/737caf5f-f734-4d2e-83e0-d1eb09b0183d', 'x-compute-request-id': 'req-804c1af8-e054-4b4c-970c-b8d4630908f6', 'vary': 'X-OpenStack-Nova-API-Version', 'connection': 'close', 'x-openstack-nova-api-version': '2.1', 'date': 'Thu, 17 Dec 2015 17:42:06 GMT', 'content-type': 'application/json'}
        Body: {"server": {"status": "BUILD", "updated": "2015-12-17T17:42:06Z", "hostId": "", "addresses": {}, "links": [{"href": "http://10.0.2.15:8774/v2.1/76c143b98a3f4b809cd7dfa86264bd99/servers/737caf5f-f734-4d2e-83e0-d1eb09b0183d", "rel": "self"}, {"href": "http://10.0.2.15:8774/76c143b98a3f4b809cd7dfa86264bd99/servers/737caf5f-f734-4d2e-83e0-d1eb09b0183d", "rel": "bookmark"}], "key_name": "tempest-TestGettingAddress-600569463", "image": {"id": "42e00a91-b202-4776-8921-4f233fb770fa", "links": [{"href": "http://10.0.2.15:8774/76c143b98a3f4b809cd7dfa86264bd99/images/42e00a91-b202-4776-8921-4f233fb770fa", "rel": "bookmark"}]}, "OS-EXT-STS:task_state": "scheduling", "OS-EXT-STS:vm_state": "building", "OS-SRV-USG:launched_at": null, "flavor": {"id": "42", "links": [{"href": "http://10.0.2.15:8774/76c143b98a3f4b809cd7dfa86264bd99/flavors/42", "rel": "bookmark"}]}, "id": "737caf5f-f734-4d2e-83e0-d1eb09b0183d", "OS-SRV-USG:terminated_at": null, "OS-EXT-AZ:availability_zone": "", "user_id": "1c515b0751434a72802db46323099b95", "name": "tempest.common.compute-instance-1419600747", "created": "2015-12-17T17:42:06Z", "tenant_id": "76c143b98a3f4b809cd7dfa86264bd99", "OS-DCF:diskConfig": "MANUAL", "os-extended-volumes:volumes_attached": [], "accessIPv4": "", "accessIPv6": "", "progress": 0, "OS-EXT-STS:power_state": 0, "config_drive": "", "metadata": {}}}
2015-12-17 17:42:08,020 20765 INFO     [tempest_lib.common.rest_client] Request (TestGettingAddress:test_dhcp6_stateless_from_os): 200 GET http://10.0.2.15:8774/v2.1/76c143b98a3f4b809cd7dfa86264bd99/servers/737caf5f-f734-4d2e-83e0-d1eb09b0183d 0.255s
2015-12-17 17:42:08,020 20765 DEBUG    [tempest_lib.common.rest_client] Request - Headers: {'Content-Type': 'application/json', 'Accept': 'application/json', 'X-Auth-Token': '&lt;omitted&gt;'}
        Body: None
    Response - Headers: {'status': '200', 'content-length': '1480', 'content-location': 'http://10.0.2.15:8774/v2.1/76c143b98a3f4b809cd7dfa86264bd99/servers/737caf5f-f734-4d2e-83e0-d1eb09b0183d', 'x-compute-request-id': 'req-b569d829-3059-4b4e-9d43-f9eb45c3b830', 'vary': 'X-OpenStack-Nova-API-Version', 'connection': 'close', 'x-openstack-nova-api-version': '2.1', 'date': 'Thu, 17 Dec 2015 17:42:08 GMT', 'content-type': 'application/json'}
        Body: {"server": {"status": "BUILD", "updated": "2015-12-17T17:42:07Z", "hostId": "e2ec522ff319ecda7f6315a2805993f9c181f4be2c5c54693d2cf4e3", "addresses": {}, "links": [{"href": "http://10.0.2.15:8774/v2.1/76c143b98a3f4b809cd7dfa86264bd99/servers/737caf5f-f734-4d2e-83e0-d1eb09b0183d", "rel": "self"}, {"href": "http://10.0.2.15:8774/76c143b98a3f4b809cd7dfa86264bd99/servers/737caf5f-f734-4d2e-83e0-d1eb09b0183d", "rel": "bookmark"}], "key_name": "tempest-TestGettingAddress-600569463", "image": {"id": "42e00a91-b202-4776-8921-4f233fb770fa", "links": [{"href": "http://10.0.2.15:8774/76c143b98a3f4b809cd7dfa86264bd99/images/42e00a91-b202-4776-8921-4f233fb770fa", "rel": "bookmark"}]}, "OS-EXT-STS:task_state": "spawning", "OS-EXT-STS:vm_state": "building", "OS-SRV-USG:launched_at": null, "flavor": {"id": "42", "links": [{"href": "http://10.0.2.15:8774/76c143b98a3f4b809cd7dfa86264bd99/flavors/42", "rel": "bookmark"}]}, "id": "737caf5f-f734-4d2e-83e0-d1eb09b0183d", "security_groups": [{"name": "tempest-secgroup-smoke-2063220188"}], "OS-SRV-USG:terminated_at": null, "OS-EXT-AZ:availability_zone": "nova", "user_id": "1c515b0751434a72802db46323099b95", "name": "tempest.common.compute-instance-1419600747", "created": "2015-12-17T17:42:06Z", "tenant_id": "76c143b98a3f4b809cd7dfa86264bd99", "OS-DCF:diskConfig": "MANUAL", "os-extended-volumes:volumes_attached": [], "accessIPv4": "", "accessIPv6": "", "progress": 0, "OS-EXT-STS:power_state": 0, "config_drive": "", "metadata": {}}}
2015-12-17 17:42:08,030 20765 INFO     [tempest.common.waiters] State transition "BUILD/scheduling" ==&gt; "BUILD/spawning" after 2 second wait
2015-12-17 17:42:09,248 20765 INFO     [tempest_lib.common.rest_client] Request (TestGettingAddress:test_dhcp6_stateless_from_os): 200 GET http://10.0.2.15:8774/v2.1/76c143b98a3f4b809cd7dfa86264bd99/servers/737caf5f-f734-4d2e-83e0-d1eb09b0183d 0.216s
2015-12-17 17:42:09,248 20765 DEBUG    [tempest_lib.common.rest_client] Request - Headers: {'Content-Type': 'application/json', 'Accept': 'application/json', 'X-Auth-Token': '&lt;omitted&gt;'}
        Body: None
    Response - Headers: {'status': '200', 'content-length': '1480', 'content-location': 'http://10.0.2.15:8774/v2.1/76c143b98a3f4b809cd7dfa86264bd99/servers/737caf5f-f734-4d2e-83e0-d1eb09b0183d', 'x-compute-request-id': 'req-e9eaab15-0ee5-4e2c-8530-346891f743cc', 'vary': 'X-OpenStack-Nova-API-Version', 'connection': 'close', 'x-openstack-nova-api-version': '2.1', 'date': 'Thu, 17 Dec 2015 17:42:09 GMT', 'content-type': 'application/json'}
        Body: {"server": {"status": "BUILD", "updated": "2015-12-17T17:42:07Z", "hostId": "e2ec522ff319ecda7f6315a2805993f9c181f4be2c5c54693d2cf4e3", "addresses": {}, "links": [{"href": "http://10.0.2.15:8774/v2.1/76c143b98a3f4b809cd7dfa86264bd99/servers/737caf5f-f734-4d2e-83e0-d1eb09b0183d", "rel": "self"}, {"href": "http://10.0.2.15:8774/76c143b98a3f4b809cd7dfa86264bd99/servers/737caf5f-f734-4d2e-83e0-d1eb09b0183d", "rel": "bookmark"}], "key_name": "tempest-TestGettingAddress-600569463", "image": {"id": "42e00a91-b202-4776-8921-4f233fb770fa", "links": [{"href": "http://10.0.2.15:8774/76c143b98a3f4b809cd7dfa86264bd99/images/42e00a91-b202-4776-8921-4f233fb770fa", "rel": "bookmark"}]}, "OS-EXT-STS:task_state": "spawning", "OS-EXT-STS:vm_state": "building", "OS-SRV-USG:launched_at": null, "flavor": {"id": "42", "links": [{"href": "http://10.0.2.15:8774/76c143b98a3f4b809cd7dfa86264bd99/flavors/42", "rel": "bookmark"}]}, "id": "737caf5f-f734-4d2e-83e0-d1eb09b0183d", "security_groups": [{"name": "tempest-secgroup-smoke-2063220188"}], "OS-SRV-USG:terminated_at": null, "OS-EXT-AZ:availability_zone": "nova", "user_id": "1c515b0751434a72802db46323099b95", "name": "tempest.common.compute-instance-1419600747", "created": "2015-12-17T17:42:06Z", "tenant_id": "76c143b98a3f4b809cd7dfa86264bd99", "OS-DCF:diskConfig": "MANUAL", "os-extended-volumes:volumes_attached": [], "accessIPv4": "", "accessIPv6": "", "progress": 0, "OS-EXT-STS:power_state": 0, "config_drive": "", "metadata": {}}}
2015-12-17 17:42:10,437 20765 INFO     [tempest_lib.common.rest_client] Request (TestGettingAddress:test_dhcp6_stateless_from_os): 200 GET http://10.0.2.15:8774/v2.1/76c143b98a3f4b809cd7dfa86264bd99/servers/737caf5f-f734-4d2e-83e0-d1eb09b0183d 0.179s
2015-12-17 17:42:10,437 20765 DEBUG    [tempest_lib.common.rest_client] Request - Headers: {'Content-Type': 'application/json', 'Accept': 'application/json', 'X-Auth-Token': '&lt;omitted&gt;'}
        Body: None
    Response - Headers: {'status': '200', 'content-length': '1781', 'content-location': 'http://10.0.2.15:8774/v2.1/76c143b98a3f4b809cd7dfa86264bd99/servers/737caf5f-f734-4d2e-83e0-d1eb09b0183d', 'x-compute-request-id': 'req-45ab00a4-3b45-4e01-9ac5-409da219b02b', 'vary': 'X-OpenStack-Nova-API-Version', 'connection': 'close', 'x-openstack-nova-api-version': '2.1', 'date': 'Thu, 17 Dec 2015 17:42:10 GMT', 'content-type': 'application/json'}
        Body: {"server": {"status": "ACTIVE", "updated": "2015-12-17T17:42:09Z", "hostId": "e2ec522ff319ecda7f6315a2805993f9c181f4be2c5c54693d2cf4e3", "addresses": {"tempest-network-smoke--1653562857": [{"OS-EXT-IPS-MAC:mac_addr": "fa:16:3e:63:1f:51", "version": 4, "addr": "10.100.0.3", "OS-EXT-IPS:type": "fixed"}, {"OS-EXT-IPS-MAC:mac_addr": "fa:16:3e:63:1f:51", "version": 6, "addr": "2003::f816:3eff:fe63:1f51", "OS-EXT-IPS:type": "fixed"}]}, "links": [{"href": "http://10.0.2.15:8774/v2.1/76c143b98a3f4b809cd7dfa86264bd99/servers/737caf5f-f734-4d2e-83e0-d1eb09b0183d", "rel": "self"}, {"href": "http://10.0.2.15:8774/76c143b98a3f4b809cd7dfa86264bd99/servers/737caf5f-f734-4d2e-83e0-d1eb09b0183d", "rel": "bookmark"}], "key_name": "tempest-TestGettingAddress-600569463", "image": {"id": "42e00a91-b202-4776-8921-4f233fb770fa", "links": [{"href": "http://10.0.2.15:8774/76c143b98a3f4b809cd7dfa86264bd99/images/42e00a91-b202-4776-8921-4f233fb770fa", "rel": "bookmark"}]}, "OS-EXT-STS:task_state": null, "OS-EXT-STS:vm_state": "active", "OS-SRV-USG:launched_at": "2015-12-17T17:42:09.000000", "flavor": {"id": "42", "links": [{"href": "http://10.0.2.15:8774/76c143b98a3f4b809cd7dfa86264bd99/flavors/42", "rel": "bookmark"}]}, "id": "737caf5f-f734-4d2e-83e0-d1eb09b0183d", "security_groups": [{"name": "tempest-secgroup-smoke-2063220188"}], "OS-SRV-USG:terminated_at": null, "OS-EXT-AZ:availability_zone": "nova", "user_id": "1c515b0751434a72802db46323099b95", "name": "tempest.common.compute-instance-1419600747", "created": "2015-12-17T17:42:06Z", "tenant_id": "76c143b98a3f4b809cd7dfa86264bd99", "OS-DCF:diskConfig": "MANUAL", "os-extended-volumes:volumes_attached": [], "accessIPv4": "", "accessIPv6": "", "progress": 0, "OS-EXT-STS:power_state": 1, "config_drive": "True", "metadata": {}}}
2015-12-17 17:42:10,447 20765 INFO     [tempest.common.waiters] State transition "BUILD/spawning" ==&gt; "ACTIVE/None" after 4 second wait
2015-12-17 17:42:10,641 20765 INFO     [tempest_lib.common.rest_client] Request (TestGettingAddress:test_dhcp6_stateless_from_os): 200 GET http://10.0.2.15:8774/v2.1/76c143b98a3f4b809cd7dfa86264bd99/servers/737caf5f-f734-4d2e-83e0-d1eb09b0183d 0.193s
2015-12-17 17:42:10,641 20765 DEBUG    [tempest_lib.common.rest_client] Request - Headers: {'Content-Type': 'application/json', 'Accept': 'application/json', 'X-Auth-Token': '&lt;omitted&gt;'}
        Body: None
    Response - Headers: {'status': '200', 'content-length': '1781', 'content-location': 'http://10.0.2.15:8774/v2.1/76c143b98a3f4b809cd7dfa86264bd99/servers/737caf5f-f734-4d2e-83e0-d1eb09b0183d', 'x-compute-request-id': 'req-c24f65be-fef3-4c89-9e57-391de8839b09', 'vary': 'X-OpenStack-Nova-API-Version', 'connection': 'close', 'x-openstack-nova-api-version': '2.1', 'date': 'Thu, 17 Dec 2015 17:42:10 GMT', 'content-type': 'application/json'}
        Body: {"server": {"status": "ACTIVE", "updated": "2015-12-17T17:42:09Z", "hostId": "e2ec522ff319ecda7f6315a2805993f9c181f4be2c5c54693d2cf4e3", "addresses": {"tempest-network-smoke--1653562857": [{"OS-EXT-IPS-MAC:mac_addr": "fa:16:3e:63:1f:51", "version": 4, "addr": "10.100.0.3", "OS-EXT-IPS:type": "fixed"}, {"OS-EXT-IPS-MAC:mac_addr": "fa:16:3e:63:1f:51", "version": 6, "addr": "2003::f816:3eff:fe63:1f51", "OS-EXT-IPS:type": "fixed"}]}, "links": [{"href": "http://10.0.2.15:8774/v2.1/76c143b98a3f4b809cd7dfa86264bd99/servers/737caf5f-f734-4d2e-83e0-d1eb09b0183d", "rel": "self"}, {"href": "http://10.0.2.15:8774/76c143b98a3f4b809cd7dfa86264bd99/servers/737caf5f-f734-4d2e-83e0-d1eb09b0183d", "rel": "bookmark"}], "key_name": "tempest-TestGettingAddress-600569463", "image": {"id": "42e00a91-b202-4776-8921-4f233fb770fa", "links": [{"href": "http://10.0.2.15:8774/76c143b98a3f4b809cd7dfa86264bd99/images/42e00a91-b202-4776-8921-4f233fb770fa", "rel": "bookmark"}]}, "OS-EXT-STS:task_state": null, "OS-EXT-STS:vm_state": "active", "OS-SRV-USG:launched_at": "2015-12-17T17:42:09.000000", "flavor": {"id": "42", "links": [{"href": "http://10.0.2.15:8774/76c143b98a3f4b809cd7dfa86264bd99/flavors/42", "rel": "bookmark"}]}, "id": "737caf5f-f734-4d2e-83e0-d1eb09b0183d", "security_groups": [{"name": "tempest-secgroup-smoke-2063220188"}], "OS-SRV-USG:terminated_at": null, "OS-EXT-AZ:availability_zone": "nova", "user_id": "1c515b0751434a72802db46323099b95", "name": "tempest.common.compute-instance-1419600747", "created": "2015-12-17T17:42:06Z", "tenant_id": "76c143b98a3f4b809cd7dfa86264bd99", "OS-DCF:diskConfig": "MANUAL", "os-extended-volumes:volumes_attached": [], "accessIPv4": "", "accessIPv6": "", "progress": 0, "OS-EXT-STS:power_state": 1, "config_drive": "True", "metadata": {}}}
2015-12-17 17:42:10,685 20765 INFO     [tempest_lib.common.rest_client] Request (TestGettingAddress:test_dhcp6_stateless_from_os): 200 GET http://10.0.2.15:9696/v2.0/ports?status=ACTIVE&amp;fixed_ip=None&amp;device_id=737caf5f-f734-4d2e-83e0-d1eb09b0183d 0.034s
2015-12-17 17:42:10,685 20765 DEBUG    [tempest_lib.common.rest_client] Request - Headers: {'Content-Type': 'application/json', 'Accept': 'application/json', 'X-Auth-Token': '&lt;omitted&gt;'}
        Body: None
    Response - Headers: {'status': '200', 'content-length': '1142', 'content-location': 'http://10.0.2.15:9696/v2.0/ports?status=ACTIVE&amp;fixed_ip=None&amp;device_id=737caf5f-f734-4d2e-83e0-d1eb09b0183d', 'connection': 'close', 'date': 'Thu, 17 Dec 2015 17:42:10 GMT', 'content-type': 'application/json; charset=UTF-8', 'x-openstack-request-id': 'req-bcd7c20d-6e3f-4195-92cf-7b4b2de4da10'}
        Body: {"ports": [{"status": "ACTIVE", "binding:host_id": "vagrant-ubuntu-trusty-64", "allowed_address_pairs": [], "extra_dhcp_opts": [], "dns_assignment": [{"hostname": "host-10-100-0-3", "ip_address": "10.100.0.3", "fqdn": "host-10-100-0-3.openstacklocal."}, {"hostname": "host-2003--f816-3eff-fe63-1f51", "ip_address": "2003::f816:3eff:fe63:1f51", "fqdn": "host-2003--f816-3eff-fe63-1f51.openstacklocal."}], "device_owner": "compute:None", "port_security_enabled": true, "binding:profile": {}, "fixed_ips": [{"subnet_id": "87d382b3-fd38-468c-8bb8-bc3582f58b0e", "ip_address": "10.100.0.3"}, {"subnet_id": "dda41682-100e-4225-b707-f45120f2361c", "ip_address": "2003::f816:3eff:fe63:1f51"}], "id": "75ee9ea6-6342-4be9-b54d-35a636414a79", "security_groups": ["85a177ac-438b-43e9-b896-cec27d229517"], "device_id": "737caf5f-f734-4d2e-83e0-d1eb09b0183d", "name": "", "admin_state_up": true, "network_id": "a461c9c4-9e10-44d6-8ef8-369a5fe014ab", "dns_name": "", "binding:vif_details": {"port_filter": true}, "binding:vnic_type": "normal", "binding:vif_type": "ovs", "tenant_id": "76c143b98a3f4b809cd7dfa86264bd99", "mac_address": "fa:16:3e:63:1f:51"}]}
2015-12-17 17:42:11,096 20765 INFO     [tempest_lib.common.rest_client] Request (TestGettingAddress:test_dhcp6_stateless_from_os): 201 POST http://10.0.2.15:9696/v2.0/floatingips 0.410s
2015-12-17 17:42:11,097 20765 DEBUG    [tempest_lib.common.rest_client] Request - Headers: {'Content-Type': 'application/json', 'Accept': 'application/json', 'X-Auth-Token': '&lt;omitted&gt;'}
        Body: {"floatingip": {"floating_network_id": "5dba8675-cdb0-4683-adb7-ca732541c406", "tenant_id": "76c143b98a3f4b809cd7dfa86264bd99", "fixed_ip_address": "10.100.0.3", "port_id": "75ee9ea6-6342-4be9-b54d-35a636414a79"}}
    Response - Headers: {'status': '201', 'content-length': '367', 'connection': 'close', 'date': 'Thu, 17 Dec 2015 17:42:11 GMT', 'content-type': 'application/json; charset=UTF-8', 'x-openstack-request-id': 'req-41295cf7-c821-4b26-b47c-6cdc0bf80ca2'}
        Body: {"floatingip": {"floating_network_id": "5dba8675-cdb0-4683-adb7-ca732541c406", "router_id": "1e3b0371-71ed-4d39-9e28-28637bcc4bdd", "fixed_ip_address": "10.100.0.3", "floating_ip_address": "172.24.4.4", "tenant_id": "76c143b98a3f4b809cd7dfa86264bd99", "status": "DOWN", "port_id": "75ee9ea6-6342-4be9-b54d-35a636414a79", "id": "42b67c10-0854-4f25-bb81-4ad36e7b1b6a"}}
2015-12-17 17:42:11,099 20765 INFO     [tempest_lib.common.ssh] Creating ssh connection to '172.24.4.4' as 'cirros' with public key authentication
2015-12-17 17:42:14,671 20765 WARNING  [tempest_lib.common.ssh] Failed to establish authenticated ssh connection to cirros@172.24.4.4 ([Errno None] Unable to connect to port 22 on  or 172.24.4.4). Number attempts: 1. Retry after 2 seconds.
2015-12-17 17:42:20,176 20765 WARNING  [tempest_lib.common.ssh] Failed to establish authenticated ssh connection to cirros@172.24.4.4 ([Errno None] Unable to connect to port 22 on  or 172.24.4.4). Number attempts: 2. Retry after 3 seconds.
2015-12-17 17:42:26,679 20765 WARNING  [tempest_lib.common.ssh] Failed to establish authenticated ssh connection to cirros@172.24.4.4 ([Errno None] Unable to connect to port 22 on  or 172.24.4.4). Number attempts: 3. Retry after 4 seconds.
2015-12-17 17:42:34,184 20765 WARNING  [tempest_lib.common.ssh] Failed to establish authenticated ssh connection to cirros@172.24.4.4 ([Errno None] Unable to connect to port 22 on  or 172.24.4.4). Number attempts: 4. Retry after 5 seconds.
2015-12-17 17:42:42,687 20765 WARNING  [tempest_lib.common.ssh] Failed to establish authenticated ssh connection to cirros@172.24.4.4 ([Errno None] Unable to connect to port 22 on  or 172.24.4.4). Number attempts: 5. Retry after 6 seconds.
2015-12-17 17:42:52,196 20765 WARNING  [tempest_lib.common.ssh] Failed to establish authenticated ssh connection to cirros@172.24.4.4 ([Errno None] Unable to connect to port 22 on  or 172.24.4.4). Number attempts: 6. Retry after 7 seconds.
2015-12-17 17:43:02,700 20765 WARNING  [tempest_lib.common.ssh] Failed to establish authenticated ssh connection to cirros@172.24.4.4 ([Errno None] Unable to connect to port 22 on  or 172.24.4.4). Number attempts: 7. Retry after 8 seconds.
2015-12-17 17:43:14,208 20765 WARNING  [tempest_lib.common.ssh] Failed to establish authenticated ssh connection to cirros@172.24.4.4 ([Errno None] Unable to connect to port 22 on  or 172.24.4.4). Number attempts: 8. Retry after 9 seconds.
2015-12-17 17:43:26,720 20765 WARNING  [tempest_lib.common.ssh] Failed to establish authenticated ssh connection to cirros@172.24.4.4 ([Errno None] Unable to connect to port 22 on  or 172.24.4.4). Number attempts: 9. Retry after 10 seconds.
2015-12-17 17:43:40,224 20765 WARNING  [tempest_lib.common.ssh] Failed to establish authenticated ssh connection to cirros@172.24.4.4 ([Errno None] Unable to connect to port 22 on  or 172.24.4.4). Number attempts: 10. Retry after 11 seconds.
2015-12-17 17:43:54,728 20765 WARNING  [tempest_lib.common.ssh] Failed to establish authenticated ssh connection to cirros@172.24.4.4 ([Errno None] Unable to connect to port 22 on  or 172.24.4.4). Number attempts: 11. Retry after 12 seconds.
2015-12-17 17:44:10,244 20765 WARNING  [tempest_lib.common.ssh] Failed to establish authenticated ssh connection to cirros@172.24.4.4 ([Errno None] Unable to connect to port 22 on  or 172.24.4.4). Number attempts: 12. Retry after 13 seconds.
2015-12-17 17:44:26,750 20765 WARNING  [tempest_lib.common.ssh] Failed to establish authenticated ssh connection to cirros@172.24.4.4 ([Errno None] Unable to connect to port 22 on  or 172.24.4.4). Number attempts: 13. Retry after 14 seconds.
2015-12-17 17:44:44,264 20765 WARNING  [tempest_lib.common.ssh] Failed to establish authenticated ssh connection to cirros@172.24.4.4 ([Errno None] Unable to connect to port 22 on  or 172.24.4.4). Number attempts: 14. Retry after 15 seconds.
2015-12-17 17:45:02,779 20765 WARNING  [tempest_lib.common.ssh] Failed to establish authenticated ssh connection to cirros@172.24.4.4 ([Errno None] Unable to connect to port 22 on  or 172.24.4.4). Number attempts: 15. Retry after 16 seconds.
2015-12-17 17:45:22,296 20765 WARNING  [tempest_lib.common.ssh] Failed to establish authenticated ssh connection to cirros@172.24.4.4 ([Errno None] Unable to connect to port 22 on  or 172.24.4.4). Number attempts: 16. Retry after 17 seconds.
2015-12-17 17:45:42,812 20765 ERROR    [tempest_lib.common.ssh] Failed to establish authenticated ssh connection to cirros@172.24.4.4 after 16 attempts
2015-12-17 17:45:42.812 20765 ERROR tempest_lib.common.ssh Traceback (most recent call last):
2015-12-17 17:45:42.812 20765 ERROR tempest_lib.common.ssh   File "/usr/local/lib/python2.7/dist-packages/tempest_lib/common/ssh.py", line 75, in _get_ssh_connection
2015-12-17 17:45:42.812 20765 ERROR tempest_lib.common.ssh     timeout=self.channel_timeout, pkey=self.pkey)
2015-12-17 17:45:42.812 20765 ERROR tempest_lib.common.ssh   File "/usr/local/lib/python2.7/dist-packages/paramiko/client.py", line 311, in connect
2015-12-17 17:45:42.812 20765 ERROR tempest_lib.common.ssh     raise NoValidConnectionsError(errors)
2015-12-17 17:45:42.812 20765 ERROR tempest_lib.common.ssh NoValidConnectionsError: [Errno None] Unable to connect to port 22 on  or 172.24.4.4
2015-12-17 17:45:42.812 20765 ERROR tempest_lib.common.ssh 
2015-12-17 17:45:42,815 20765 ERROR    [tempest.scenario.manager] (TestGettingAddress:test_dhcp6_stateless_from_os) Initializing SSH connection to 172.24.4.4 failed. Error: Connection to the 172.24.4.4 via SSH timed out.
User: cirros, Password: None
2015-12-17 17:45:42.815 20765 ERROR tempest.scenario.manager Traceback (most recent call last):
2015-12-17 17:45:42.815 20765 ERROR tempest.scenario.manager   File "tempest/scenario/manager.py", line 385, in get_remote_client
2015-12-17 17:45:42.815 20765 ERROR tempest.scenario.manager     linux_client.validate_authentication()
2015-12-17 17:45:42.815 20765 ERROR tempest.scenario.manager   File "tempest/common/utils/linux/remote_client.py", line 63, in validate_authentication
2015-12-17 17:45:42.815 20765 ERROR tempest.scenario.manager     self.ssh_client.test_connection_auth()
2015-12-17 17:45:42.815 20765 ERROR tempest.scenario.manager   File "/usr/local/lib/python2.7/dist-packages/tempest_lib/common/ssh.py", line 167, in test_connection_auth
2015-12-17 17:45:42.815 20765 ERROR tempest.scenario.manager     connection = self._get_ssh_connection()
2015-12-17 17:45:42.815 20765 ERROR tempest.scenario.manager   File "/usr/local/lib/python2.7/dist-packages/tempest_lib/common/ssh.py", line 87, in _get_ssh_connection
2015-12-17 17:45:42.815 20765 ERROR tempest.scenario.manager     password=self.password)
2015-12-17 17:45:42.815 20765 ERROR tempest.scenario.manager SSHTimeout: Connection to the 172.24.4.4 via SSH timed out.
2015-12-17 17:45:42.815 20765 ERROR tempest.scenario.manager User: cirros, Password: None
2015-12-17 17:45:42.815 20765 ERROR tempest.scenario.manager 
2015-12-17 17:45:42,899 20765 INFO     [tempest_lib.common.rest_client] Request (TestGettingAddress:test_dhcp6_stateless_from_os): 200 GET http://10.0.2.15:8774/v2.1/76c143b98a3f4b809cd7dfa86264bd99/servers 0.081s
2015-12-17 17:45:42,899 20765 DEBUG    [tempest_lib.common.rest_client] Request - Headers: {'Content-Type': 'application/json', 'Accept': 'application/json', 'X-Auth-Token': '&lt;omitted&gt;'}
        Body: None
    Response - Headers: {'status': '200', 'content-length': '391', 'content-location': 'http://10.0.2.15:8774/v2.1/76c143b98a3f4b809cd7dfa86264bd99/servers', 'x-compute-request-id': 'req-36119115-0e38-464e-a920-24882e690a58', 'vary': 'X-OpenStack-Nova-API-Version', 'connection': 'close', 'x-openstack-nova-api-version': '2.1', 'date': 'Thu, 17 Dec 2015 17:45:42 GMT', 'content-type': 'application/json'}
        Body: {"servers": [{"id": "737caf5f-f734-4d2e-83e0-d1eb09b0183d", "links": [{"href": "http://10.0.2.15:8774/v2.1/76c143b98a3f4b809cd7dfa86264bd99/servers/737caf5f-f734-4d2e-83e0-d1eb09b0183d", "rel": "self"}, {"href": "http://10.0.2.15:8774/76c143b98a3f4b809cd7dfa86264bd99/servers/737caf5f-f734-4d2e-83e0-d1eb09b0183d", "rel": "bookmark"}], "name": "tempest.common.compute-instance-1419600747"}]}
2015-12-17 17:45:43,119 20765 INFO     [tempest_lib.common.rest_client] Request (TestGettingAddress:test_dhcp6_stateless_from_os): 200 POST http://10.0.2.15:8774/v2.1/76c143b98a3f4b809cd7dfa86264bd99/servers/737caf5f-f734-4d2e-83e0-d1eb09b0183d/action 0.213s
2015-12-17 17:45:43,120 20765 DEBUG    [tempest_lib.common.rest_client] Request - Headers: {'Content-Type': 'application/json', 'Accept': 'application/json', 'X-Auth-Token': '&lt;omitted&gt;'}
        Body: {"os-getConsoleOutput": {}}
    Response - Headers: {'status': '200', 'content-length': '24619', 'x-compute-request-id': 'req-2de260b4-5230-4d47-90ef-f70cd48a5c04', 'vary': 'X-OpenStack-Nova-API-Version', 'connection': 'close', 'x-openstack-nova-api-version': '2.1', 'date': 'Thu, 17 Dec 2015 17:45:43 GMT', 'content-type': 'application/json'}
        Body: {"output": "[    0.000000] Initializing cgroup subsys cpuset\n[    0.000000] Initializing cgroup subsys cpu\n[    0.000000] Linux version 3.2.0-80-virtual (buildd@batsu) (gcc version 4.6.3 (Ubuntu/Linaro 4.6.3-1ubuntu5) ) #116-Ubuntu SMP Mon Mar 23 17:28:52 UTC 2015 (Ubuntu 3.2.0-80.116-virtual 3.2.68)\n[    0.000000] Command line: root=/dev/vda console=tty0 console=ttyS0 no_timer_check\n[    0.000000] KERNEL supported cpus:\n[    0.000000]   Intel GenuineIntel\n[    0.000000]   AMD AuthenticAMD\n[    0.000000]   Centaur CentaurHauls\n[    0.000000] BIOS-provided physical RAM map:\n[    0.000000]  BIOS-e820: 0000000000000000 - 000000000009fc00 (usable)\n[    0.000000]  BIOS-e820: 000000000009fc00 - 00000000000a0000 (reserved)\n[    0.000000]  BIOS-e820: 00000000000f0000 - 0000000000100000 (reserved)\n[    0.000000]  BIOS-e820: 0000000000100000 - 0000000003ffe000 (usable)\n[    0.000000]  BIOS-e820: 0000000003ffe000 - 0000000004000000 (reserved)\n[    0.000000]  BIOS-e820: 00000000fffc0000 - 0000000100000000 (reserved)\n[    0.000000] NX (Execute Disable) protection: active\n[    0.000000] SMBIOS 2.4 present.\n[    0.000000] No AGP bridge found\n[    0.000000] last_pfn = 0x3ffe max_arch_pfn = 0x400000000\n[    0.000000] x86 PAT enabled: cpu 0, old 0x7040600070406, new 0x7010600070106\n[    0.000000] found SMP MP-table at [ffff8800000f0b00] f0b00\n[    0.000000] init_memory_mapping: 0000000000000000-0000000003ffe000\n[    0.000000] RAMDISK: 03c5e000 - 03ff0000\n[    0.000000] ACPI: RSDP 00000000000f0950 00014 (v00 BOCHS )\n[    0.000000] ACPI: RSDT 0000000003fffbc1 00034 (v01 BOCHS  BXPCRSDT 00000001 BXPC 00000001)\n[    0.000000] ACPI: FACP 0000000003fff1c0 00074 (v01 BOCHS  BXPCFACP 00000001 BXPC 00000001)\n[    0.000000] ACPI: DSDT 0000000003ffe040 01180 (v01 BOCHS  BXPCDSDT 00000001 BXPC 00000001)\n[    0.000000] ACPI: FACS 0000000003ffe000 00040\n[    0.000000] ACPI: SSDT 0000000003fff234 008DD (v01 BOCHS  BXPCSSDT 00000001 BXPC 00000001)\n[    0.000000] ACPI: APIC 0000000003fffb11 00078 (v01 BOCHS  BXPCAPIC 00000001 BXPC 00000001)\n[    0.000000] ACPI: HPET 0000000003fffb89 00038 (v01 BOCHS  BXPCHPET 00000001 BXPC 00000001)\n[    0.000000] No NUMA configuration found\n[    0.000000] Faking a node at 0000000000000000-0000000003ffe000\n[    0.000000] Initmem setup node 0 0000000000000000-0000000003ffe000\n[    0.000000]   NODE_DATA [0000000003ff6000 - 0000000003ffafff]\n[    0.000000] Zone PFN ranges:\n[    0.000000]   DMA      0x00000010 -&gt; 0x00001000\n[    0.000000]   DMA32    0x00001000 -&gt; 0x00100000\n[    0.000000]   Normal   empty\n[    0.000000] Movable zone start PFN for each node\n[    0.000000] early_node_map[2] active PFN ranges\n[    0.000000]     0: 0x00000010 -&gt; 0x0000009f\n[    0.000000]     0: 0x00000100 -&gt; 0x00003ffe\n[    0.000000] ACPI: PM-Timer IO Port: 0xb008\n[    0.000000] ACPI: LAPIC (acpi_id[0x00] lapic_id[0x00] enabled)\n[    0.000000] ACPI: LAPIC_NMI (acpi_id[0xff] dfl dfl lint[0x1])\n[    0.000000] ACPI: IOAPIC (id[0x00] address[0xfec00000] gsi_base[0])\n[    0.000000] IOAPIC[0]: apic_id 0, version 17, address 0xfec00000, GSI 0-23\n[    0.000000] ACPI: INT_SRC_OVR (bus 0 bus_irq 0 global_irq 2 dfl dfl)\n[    0.000000] ACPI: INT_SRC_OVR (bus 0 bus_irq 5 global_irq 5 high level)\n[    0.000000] ACPI: INT_SRC_OVR (bus 0 bus_irq 9 global_irq 9 high level)\n[    0.000000] ACPI: INT_SRC_OVR (bus 0 bus_irq 10 global_irq 10 high level)\n[    0.000000] ACPI: INT_SRC_OVR (bus 0 bus_irq 11 global_irq 11 high level)\n[    0.000000] Using ACPI (MADT) for SMP configuration information\n[    0.000000] ACPI: HPET id: 0x8086a201 base: 0xfed00000\n[    0.000000] SMP: Allowing 1 CPUs, 0 hotplug CPUs\n[    0.000000] PM: Registered nosave memory: 000000000009f000 - 00000000000a0000\n[    0.000000] PM: Registered nosave memory: 00000000000a0000 - 00000000000f0000\n[    0.000000] PM: Registered nosave memory: 00000000000f0000 - 0000000000100000\n[    0.000000] Allocating PCI resources starting at 4000000 (gap: 4000000:fbfc0000)\n[    0.000000] Booting paravirtualized kernel on bare hardware\n[    0.000000] setup_pe
2015-12-17 17:45:43,123 20765 DEBUG    [tempest.scenario.manager] Console output for 737caf5f-f734-4d2e-83e0-d1eb09b0183d
body=
[    0.000000] Initializing cgroup subsys cpuset
[    0.000000] Initializing cgroup subsys cpu
[    0.000000] Linux version 3.2.0-80-virtual (buildd@batsu) (gcc version 4.6.3 (Ubuntu/Linaro 4.6.3-1ubuntu5) ) #116-Ubuntu SMP Mon Mar 23 17:28:52 UTC 2015 (Ubuntu 3.2.0-80.116-virtual 3.2.68)
[    0.000000] Command line: root=/dev/vda console=tty0 console=ttyS0 no_timer_check
[    0.000000] KERNEL supported cpus:
[    0.000000]   Intel GenuineIntel
[    0.000000]   AMD AuthenticAMD
[    0.000000]   Centaur CentaurHauls
[    0.000000] BIOS-provided physical RAM map:
[    0.000000]  BIOS-e820: 0000000000000000 - 000000000009fc00 (usable)
[    0.000000]  BIOS-e820: 000000000009fc00 - 00000000000a0000 (reserved)
[    0.000000]  BIOS-e820: 00000000000f0000 - 0000000000100000 (reserved)
[    0.000000]  BIOS-e820: 0000000000100000 - 0000000003ffe000 (usable)
[    0.000000]  BIOS-e820: 0000000003ffe000 - 0000000004000000 (reserved)
[    0.000000]  BIOS-e820: 00000000fffc0000 - 0000000100000000 (reserved)
[    0.000000] NX (Execute Disable) protection: active
[    0.000000] SMBIOS 2.4 present.
[    0.000000] No AGP bridge found
[    0.000000] last_pfn = 0x3ffe max_arch_pfn = 0x400000000
[    0.000000] x86 PAT enabled: cpu 0, old 0x7040600070406, new 0x7010600070106
[    0.000000] found SMP MP-table at [ffff8800000f0b00] f0b00
[    0.000000] init_memory_mapping: 0000000000000000-0000000003ffe000
[    0.000000] RAMDISK: 03c5e000 - 03ff0000
[    0.000000] ACPI: RSDP 00000000000f0950 00014 (v00 BOCHS )
[    0.000000] ACPI: RSDT 0000000003fffbc1 00034 (v01 BOCHS  BXPCRSDT 00000001 BXPC 00000001)
[    0.000000] ACPI: FACP 0000000003fff1c0 00074 (v01 BOCHS  BXPCFACP 00000001 BXPC 00000001)
[    0.000000] ACPI: DSDT 0000000003ffe040 01180 (v01 BOCHS  BXPCDSDT 00000001 BXPC 00000001)
[    0.000000] ACPI: FACS 0000000003ffe000 00040
[    0.000000] ACPI: SSDT 0000000003fff234 008DD (v01 BOCHS  BXPCSSDT 00000001 BXPC 00000001)
[    0.000000] ACPI: APIC 0000000003fffb11 00078 (v01 BOCHS  BXPCAPIC 00000001 BXPC 00000001)
[    0.000000] ACPI: HPET 0000000003fffb89 00038 (v01 BOCHS  BXPCHPET 00000001 BXPC 00000001)
[    0.000000] No NUMA configuration found
[    0.000000] Faking a node at 0000000000000000-0000000003ffe000
[    0.000000] Initmem setup node 0 0000000000000000-0000000003ffe000
[    0.000000]   NODE_DATA [0000000003ff6000 - 0000000003ffafff]
[    0.000000] Zone PFN ranges:
[    0.000000]   DMA      0x00000010 -&gt; 0x00001000
[    0.000000]   DMA32    0x00001000 -&gt; 0x00100000
[    0.000000]   Normal   empty
[    0.000000] Movable zone start PFN for each node
[    0.000000] early_node_map[2] active PFN ranges
[    0.000000]     0: 0x00000010 -&gt; 0x0000009f
[    0.000000]     0: 0x00000100 -&gt; 0x00003ffe
[    0.000000] ACPI: PM-Timer IO Port: 0xb008
[    0.000000] ACPI: LAPIC (acpi_id[0x00] lapic_id[0x00] enabled)
[    0.000000] ACPI: LAPIC_NMI (acpi_id[0xff] dfl dfl lint[0x1])
[    0.000000] ACPI: IOAPIC (id[0x00] address[0xfec00000] gsi_base[0])
[    0.000000] IOAPIC[0]: apic_id 0, version 17, address 0xfec00000, GSI 0-23
[    0.000000] ACPI: INT_SRC_OVR (bus 0 bus_irq 0 global_irq 2 dfl dfl)
[    0.000000] ACPI: INT_SRC_OVR (bus 0 bus_irq 5 global_irq 5 high level)
[    0.000000] ACPI: INT_SRC_OVR (bus 0 bus_irq 9 global_irq 9 high level)
[    0.000000] ACPI: INT_SRC_OVR (bus 0 bus_irq 10 global_irq 10 high level)
[    0.000000] ACPI: INT_SRC_OVR (bus 0 bus_irq 11 global_irq 11 high level)
[    0.000000] Using ACPI (MADT) for SMP configuration information
[    0.000000] ACPI: HPET id: 0x8086a201 base: 0xfed00000
[    0.000000] SMP: Allowing 1 CPUs, 0 hotplug CPUs
[    0.000000] PM: Registered nosave memory: 000000000009f000 - 00000000000a0000
[    0.000000] PM: Registered nosave memory: 00000000000a0000 - 00000000000f0000
[    0.000000] PM: Registered nosave memory: 00000000000f0000 - 0000000000100000
[    0.000000] Allocating PCI resources starting at 4000000 (gap: 4000000:fbfc0000)
[    0.000000] Booting paravirtualized kernel on bare hardware
[    0.000000] setup_percpu: NR_CPUS:64 nr_cpumask_bits:64 nr_cpu_ids:1 nr_node_ids:1
[    0.000000] PERCPU: Embedded 27 pages/cpu @ffff880003a00000 s78848 r8192 d23552 u2097152
[    0.000000] Built 1 zonelists in Node order, mobility grouping on.  Total pages: 16008
[    0.000000] Policy zone: DMA32
[    0.000000] Kernel command line: root=/dev/vda console=tty0 console=ttyS0 no_timer_check
[    0.000000] PID hash table entries: 256 (order: -1, 2048 bytes)
[    0.000000] Checking aperture...
[    0.000000] No AGP bridge found
[    0.000000] Memory: 43492k/65528k available (6576k kernel code, 452k absent, 21584k reserved, 6620k data, 928k init)
[    0.000000] SLUB: Genslabs=15, HWalign=64, Order=0-3, MinObjects=0, CPUs=1, Nodes=1
[    0.000000] Hierarchical RCU implementation.
[    0.000000] 	RCU dyntick-idle grace-period acceleration is enabled.
[    0.000000] NR_IRQS:4352 nr_irqs:256 16
[    0.000000] Console: colour VGA+ 80x25
[    0.000000] console [tty0] enabled
[    0.000000] console [ttyS0] enabled
[    0.000000] allocated 1048576 bytes of page_cgroup
[    0.000000] please try 'cgroup_disable=memory' option if you don't want memory cgroups
[    0.000000] Fast TSC calibration failed
[    0.000000] TSC: Unable to calibrate against PIT
[    0.000000] TSC: using HPET reference calibration
[    0.000000] Detected 2292.839 MHz processor.
[    0.033537] Calibrating delay loop (skipped), value calculated using timer frequency.. 4585.67 BogoMIPS (lpj=9171356)
[    0.035588] pid_max: default: 32768 minimum: 301
[    0.043088] Security Framework initialized
[    0.048499] AppArmor: AppArmor initialized
[    0.049147] Yama: becoming mindful.
[    0.056776] Dentry cache hash table entries: 8192 (order: 4, 65536 bytes)
[    0.058185] Inode-cache hash table entries: 4096 (order: 3, 32768 bytes)
[    0.060306] Mount-cache hash table entries: 256
[    0.078619] Initializing cgroup subsys cpuacct
[    0.080288] Initializing cgroup subsys memory
[    0.081369] Initializing cgroup subsys devices
[    0.082129] Initializing cgroup subsys freezer
[    0.082821] Initializing cgroup subsys blkio
[    0.084181] Initializing cgroup subsys perf_event
[    0.088493] mce: CPU supports 10 MCE banks
[    0.092552] SMP alternatives: switching to UP code
[    0.512330] Freeing SMP alternatives: 24k freed
[    0.516591] ACPI: Core revision 20110623
[    0.590081] ftrace: allocating 26610 entries in 105 pages
[    0.622562] ..TIMER: vector=0x30 apic1=0 pin1=2 apic2=-1 pin2=-1
[    0.624216] CPU0: AMD QEMU Virtual CPU version 2.0.0 stepping 03
[    0.628038] Performance Events: Broken PMU hardware detected, using software events only.
[    0.638500] NMI watchdog disabled (cpu0): hardware events not enabled
[    0.640789] Brought up 1 CPUs
[    0.641326] Total of 1 processors activated (4585.67 BogoMIPS).
[    0.665549] devtmpfs: initialized
[    0.698716] EVM: security.selinux
[    0.699165] EVM: security.SMACK64
[    0.700084] EVM: security.capability
[    0.724489] print_constraints: dummy: 
[    0.726177] RTC time: 17:42:13, date: 12/17/15
[    0.729441] NET: Registered protocol family 16
[    0.737542] ACPI: bus type pci registered
[    0.741509] PCI: Using configuration type 1 for base access
[    0.773260] bio: create slab &lt;bio-0&gt; at 0
[    0.778426] ACPI: Added _OSI(Module Device)
[    0.779262] ACPI: Added _OSI(Processor Device)
[    0.780104] ACPI: Added _OSI(3.0 _SCP Extensions)
[    0.780705] ACPI: Added _OSI(Processor Aggregator Device)
[    0.861002] ACPI: Interpreter enabled
[    0.861704] ACPI: (supports S0 S3 S4 S5)
[    0.864762] ACPI: Using IOAPIC for interrupt routing
[    0.943433] ACPI: No dock devices found.
[    0.944220] HEST: Table not found.
[    0.944780] PCI: Using host bridge windows from ACPI; if necessary, use "pci=nocrs" and report a bug
[    0.953042] ACPI: PCI Root Bridge [PCI0] (domain 0000 [bus 00-ff])
[    0.960224] pci_root PNP0A03:00: host bridge window [io  0x0000-0x0cf7]
[    0.961065] pci_root PNP0A03:00: host bridge window [io  0x0d00-0xadff]
[    0.961856] pci_root PNP0A03:00: host bridge window [io  0xae0f-0xaeff]
[    0.962592] pci_root PNP0A03:00: host bridge window [io  0xaf20-0xafdf]
[    0.964114] pci_root PNP0A03:00: host bridge window [io  0xafe4-0xffff]
[    0.965033] pci_root PNP0A03:00: host bridge window [mem 0x000a0000-0x000bffff]
[    0.966149] pci_root PNP0A03:00: host bridge window [mem 0x04000000-0xfebfffff]
[    1.001691] pci 0000:00:01.3: quirk: [io  0xb000-0xb03f] claimed by PIIX4 ACPI
[    1.004201] pci 0000:00:01.3: quirk: [io  0xb100-0xb10f] claimed by PIIX4 SMB
[    1.083195]  pci0000:00: Unable to request _OSC control (_OSC support mask: 0x1e)
[    1.143030] ACPI: PCI Interrupt Link [LNKA] (IRQs 5 *10 11)
[    1.145449] ACPI: PCI Interrupt Link [LNKB] (IRQs 5 *10 11)
[    1.148290] ACPI: PCI Interrupt Link [LNKC] (IRQs 5 10 *11)
[    1.149698] ACPI: PCI Interrupt Link [LNKD] (IRQs 5 10 *11)
[    1.152684] ACPI: PCI Interrupt Link [LNKS] (IRQs *9)
[    1.160385] vgaarb: device added: PCI:0000:00:02.0,decodes=io+mem,owns=io+mem,locks=none
[    1.161395] vgaarb: loaded
[    1.161773] vgaarb: bridge control possible 0000:00:02.0
[    1.166300] i2c-core: driver [aat2870] using legacy suspend method
[    1.168155] i2c-core: driver [aat2870] using legacy resume method
[    1.170579] SCSI subsystem initialized
[    1.174614] usbcore: registered new interface driver usbfs
[    1.176662] usbcore: registered new interface driver hub
[    1.177989] usbcore: registered new device driver usb
[    1.181937] PCI: Using ACPI for IRQ routing
[    1.193516] NetLabel: Initializing
[    1.193987] NetLabel:  domain hash size = 128
[    1.194644] NetLabel:  protocols = UNLABELED CIPSOv4
[    1.197477] NetLabel:  unlabeled traffic allowed by default
[    1.200870] HPET: 3 timers in total, 0 timers will be used for per-cpu timer
[    1.201837] hpet0: at MMIO 0xfed00000, IRQs 2, 8, 0
[    1.202868] hpet0: 3 comparators, 64-bit 100.000000 MHz counter
[    1.214381] Switching to clocksource hpet
[    1.485682] AppArmor: AppArmor Filesystem Enabled
[    1.486665] pnp: PnP ACPI init
[    1.487271] ACPI: bus type pnp registered
[    1.506130] pnp: PnP ACPI: found 9 devices
[    1.506782] ACPI: ACPI bus type pnp unregistered
[    1.561242] NET: Registered protocol family 2
[    1.593870] IP route cache hash table entries: 512 (order: 0, 4096 bytes)
[    1.602102] TCP established hash table entries: 2048 (order: 3, 32768 bytes)
[    1.603592] TCP bind hash table entries: 2048 (order: 3, 32768 bytes)
[    1.605288] TCP: Hash tables configured (established 2048 bind 2048)
[    1.606118] TCP reno registered
[    1.606546] UDP hash table entries: 128 (order: 0, 4096 bytes)
[    1.607413] UDP-Lite hash table entries: 128 (order: 0, 4096 bytes)
[    1.610517] NET: Registered protocol family 1
[    1.611347] pci 0000:00:00.0: Limiting direct PCI/PCI transfers
[    1.612191] pci 0000:00:01.0: PIIX3: Enabling Passive Release
[    1.614102] pci 0000:00:01.0: Activating ISA DMA hang workarounds
[    1.618813] ACPI: PCI Interrupt Link [LNKD] enabled at IRQ 11
[    1.619804] pci 0000:00:01.2: PCI INT D -&gt; Link[LNKD] -&gt; GSI 11 (level, high) -&gt; IRQ 11
[    1.622434] pci 0000:00:01.2: PCI INT D disabled
[    1.640035] Trying to unpack rootfs image as initramfs...
[    1.659045] audit: initializing netlink socket (disabled)
[    1.661513] type=2000 audit(1450374133.656:1): initialized
[    1.958766] HugeTLB registered 2 MB page size, pre-allocated 0 pages
[    2.055593] VFS: Disk quotas dquot_6.5.2
[    2.057726] Dquot-cache hash table entries: 512 (order 0, 4096 bytes)
[    2.072145] fuse init (API version 7.17)
[    2.075148] msgmni has been set to 84
[    2.107170] Block layer SCSI generic (bsg) driver version 0.4 loaded (major 253)
[    2.109573] io scheduler noop registered
[    2.110122] io scheduler deadline registered (default)
[    2.111129] io scheduler cfq registered
[    2.116839] pci_hotplug: PCI Hot Plug PCI Core version: 0.5
[    2.123630] pciehp: PCI Express Hot Plug Controller Driver version: 0.4
[    2.131739] input: Power Button as /devices/LNXSYSTM:00/LNXPWRBN:00/input/input0
[    2.134423] ACPI: Power Button [PWRF]
[    2.219391] ERST: Table is not found!
[    2.219926] GHES: HEST is not enabled!
[    2.223036] ACPI: PCI Interrupt Link [LNKC] enabled at IRQ 10
[    2.223770] virtio-pci 0000:00:03.0: PCI INT A -&gt; Link[LNKC] -&gt; GSI 10 (level, high) -&gt; IRQ 10
[    2.227557] virtio-pci 0000:00:04.0: PCI INT A -&gt; Link[LNKD] -&gt; GSI 11 (level, high) -&gt; IRQ 11
[    2.238769] ACPI: PCI Interrupt Link [LNKA] enabled at IRQ 10
[    2.239470] virtio-pci 0000:00:05.0: PCI INT A -&gt; Link[LNKA] -&gt; GSI 10 (level, high) -&gt; IRQ 10
[    2.259443] Serial: 8250/16550 driver, 32 ports, IRQ sharing enabled
[    2.310613] serial8250: ttyS0 at I/O 0x3f8 (irq = 4) is a 16550A
[    2.398247] serial8250: ttyS1 at I/O 0x2f8 (irq = 3) is a 16550A
[    2.528688] 00:05: ttyS0 at I/O 0x3f8 (irq = 4) is a 16550A
[    2.613075] 00:06: ttyS1 at I/O 0x2f8 (irq = 3) is a 16550A
[    2.625616] Refined TSC clocksource calibration: 2292.936 MHz.
[    2.626502] Switching to clocksource tsc
[    2.667301] Linux agpgart interface v0.103
[    2.730219] brd: module loaded
[    2.763883] loop: module loaded
[    2.818158]  vda: unknown partition table
[    2.869422] scsi0 : ata_piix
[    2.871743] scsi1 : ata_piix
[    2.873935] ata1: PATA max MWDMA2 cmd 0x1f0 ctl 0x3f6 bmdma 0xc0a0 irq 14
[    2.874795] ata2: PATA max MWDMA2 cmd 0x170 ctl 0x376 bmdma 0xc0a8 irq 15
[    2.885268] Fixed MDIO Bus: probed
[    2.886319] tun: Universal TUN/TAP device driver, 1.6
[    2.886927] tun: (C) 1999-2004 Max Krasnyansky &lt;maxk@qualcomm.com&gt;
[    2.902544] PPP generic driver version 2.4.2
[    2.927897] ehci_hcd: USB 2.0 'Enhanced' Host Controller (EHCI) Driver
[    2.931023] ohci_hcd: USB 1.1 'Open' Host Controller (OHCI) Driver
[    2.931984] uhci_hcd: USB Universal Host Controller Interface driver
[    2.934407] uhci_hcd 0000:00:01.2: PCI INT D -&gt; Link[LNKD] -&gt; GSI 11 (level, high) -&gt; IRQ 11
[    2.938509] uhci_hcd 0000:00:01.2: UHCI Host Controller
[    2.958523] uhci_hcd 0000:00:01.2: new USB bus registered, assigned bus number 1
[    2.961302] uhci_hcd 0000:00:01.2: irq 11, io base 0x0000c040
[    2.995818] hub 1-0:1.0: USB hub found
[    2.998799] hub 1-0:1.0: 2 ports detected
[    3.010346] usbcore: registered new interface driver libusual
[    3.013162] i8042: PNP: PS/2 Controller [PNP0303:KBD,PNP0f13:MOU] at 0x60,0x64 irq 1,12
[    3.031314] serio: i8042 KBD port at 0x60,0x64 irq 1
[    3.033784] serio: i8042 AUX port at 0x60,0x64 irq 12
[    3.091244] ata2.01: ATAPI: QEMU DVD-ROM, 2.0.0, max UDMA/100
[    3.107688] ata2.01: configured for MWDMA2
[    3.135995] mousedev: PS/2 mouse device common for all mice
[    3.146444] input: AT Translated Set 2 keyboard as /devices/platform/i8042/serio0/input/input1
[    3.155397] rtc_cmos 00:01: RTC can wake from S4
[    3.162891] scsi 1:0:1:0: CD-ROM            QEMU     QEMU DVD-ROM     2.0. PQ: 0 ANSI: 5
[    3.194810] rtc_cmos 00:01: rtc core: registered rtc_cmos as rtc0
[    3.199568] rtc0: alarms up to one day, 114 bytes nvram, hpet irqs
[    3.203581] device-mapper: uevent: version 1.0.3
[    3.234949] device-mapper: ioctl: 4.22.0-ioctl (2011-10-19) initialised: dm-devel@redhat.com
[    3.238489] cpuidle: using governor ladder
[    3.239905] cpuidle: using governor menu
[    3.240897] EFI Variables Facility v0.08 2004-May-17
[    3.249041] TCP cubic registered
[    3.254443] NET: Registered protocol family 10
[    3.291936] NET: Registered protocol family 17
[    3.294876] Registering the dns_resolver key type
[    3.302855] sr0: scsi3-mmc drive: 4x/4x cd/rw xa/form2 tray
[    3.306414] cdrom: Uniform CD-ROM driver Revision: 3.20
[    3.339505] sr 1:0:1:0: Attached scsi generic sg0 type 5
[    3.369042] Freeing initrd memory: 3656k freed
[    3.382475] registered taskstats version 1
[    3.855570]   Magic number: 11:801:744
[    3.867710] rtc_cmos 00:01: setting system clock to 2015-12-17 17:42:16 UTC (1450374136)
[    3.871703] powernow-k8: Processor cpuid 663 not supported
[    3.878711] BIOS EDD facility v0.16 2004-Jun-25, 0 devices found
[    3.880865] EDD information not available.
[    3.957698] Freeing unused kernel memory: 928k freed
[    3.962963] Write protecting the kernel read-only data: 12288k
[    4.064660] Freeing unused kernel memory: 1596k freed
[    4.154359] Freeing unused kernel memory: 1184k freed

info: initramfs: up at 4.33
modprobe: module virtio_blk not found in modules.dep
modprobe: module virtio_net not found in modules.dep
info: copying initramfs to /dev/vda
info: initramfs loading root from /dev/vda
info: /etc/init.d/rc.sysinit: up at 9.03
info: container: none
Starting logging: OK
modprobe: module virtio_blk not found in modules.dep
modprobe: module virtio_net not found in modules.dep
WARN: /etc/rc3.d/S10-load-modules failed
Initializing random number generator... done.
Starting acpid: OK
cirros-ds 'local' up at 11.71
found datasource (configdrive, local)
Starting network...
udhcpc (v1.20.1) started
Sending discover...
Sending discover...
Sending discover...
Usage: /sbin/cirros-dhcpc &lt;up|down&gt;
No lease, failing
WARN: /etc/rc3.d/S40-network failed
Starting dropbear sshd: generating rsa key... generating dsa key... OK
no userdata for datasource
=== system information ===
Platform: OpenStack Foundation OpenStack Nova
Container: none
Arch: x86_64
CPU(s): 1 @ 2292.839 MHz
Cores/Sockets/Threads: 1/1/1
Virt-type: AMD-V
RAM Size: 49MB
Disks:
NAME MAJ:MIN     SIZE LABEL         MOUNTPOINT
vda  253:0   25165824 cirros-rootfs /
sr0   11:0     428032 config-2      
=== sshd host keys ===
-----BEGIN SSH HOST KEY KEYS-----
ssh-rsa AAAAB3NzaC1yc2EAAAADAQABAAAAgnTwTDSEgpdpIn2k895H26Tz48zmHhU/vllVRM0jugN2aKh27aGRzaxt+q48FnuhXN/hvO2PNNGIYHMYvgd8ww04WDtpYPBXcUFTgqFYV8Pqk+8iRHmfctsgJHTC5niZ87AK6qlOc/8xW7PCM8EhAMrb8s7VueCXFQiBlNQ6u/Z7Zw0= root@tempest
ssh-dss AAAAB3NzaC1kc3MAAACBANAToJyzOYU4Y5vfivf0UX0aHQuJozAYqwUCnXhDDTse0vKP6fjt9UhPNh4P/Dfy3S0lMT6VduJRaBWCh1SB06GKgowBNqjJ/Vvy6CYWdiQ4iig7Kk3uLycCm4KZ937r2rmntRc6OYZoMWb6OwHnJUdU12NRCPshApRhyxm4DgetAAAAFQCeDvpoTSlZlFI5BeuMzeYnz/COcQAAAIA1XmtzG0tpJxmMLX4Eu+KAHRMOeQWY0kq4D/1jEfLei3EX+Yvapw5BhKeoy2lpPO/IuOanPJcTGcKEnNBGO4SOO3AB3hHNCiJKOcrgDfzykxiudJNVJgnrOpfilHI7Wmur55Xtac9rgiYem8ZG5IsJZQEzoyROF1n/7Mr8ky8QWgAAAIBgXUIw5I1+nNxj9tZDbk1WOjwcaYtJVhOgYXl+ShRuvPO8aliv4uawyuBGV6QDdcOvMmXeI1IQRIqsYC8PS/pH74x+PB7G2QWt9SAkzWPtrxTBeKF4trDCT/f3x0gGZ8lE21bvgo4vdCA8P/DKVvwttW3FzWJAgUHjgBO+6RxvYg== root@tempest
-----END SSH HOST KEY KEYS-----
=== network info ===
if-info: lo,up,127.0.0.1,8,::1
if-info: eth0,up,,8,fe80::f816:3eff:fe63:1f51
=== datasource: configdrive local ===
instance-id: 737caf5f-f734-4d2e-83e0-d1eb09b0183d
name: tempest.common.compute-instance-1419600747
availability-zone: nova
local-hostname: tempest.common.compute-instance-1419600747.novalocal
launch-index: 0
=== cirros: current=0.3.4 uptime=204.49 ===
route: fscanf
=== pinging gateway failed, debugging connection ===
############ debug start ##############
### /etc/init.d/sshd start
Starting dropbear sshd: OK
route: fscanf
### ifconfig -a
eth0      Link encap:Ethernet  HWaddr FA:16:3E:63:1F:51  
          inet6 addr: fe80::f816:3eff:fe63:1f51/64 Scope:Link
          UP BROADCAST RUNNING MULTICAST  MTU:1500  Metric:1
          RX packets:12 errors:0 dropped:5 overruns:0 frame:0
          TX packets:8 errors:0 dropped:0 overruns:0 carrier:0
          collisions:0 txqueuelen:1000 
          RX bytes:1293 (1.2 KiB)  TX bytes:1134 (1.1 KiB)

lo        Link encap:Local Loopback  
          inet addr:127.0.0.1  Mask:255.0.0.0
          inet6 addr: ::1/128 Scope:Host
          UP LOOPBACK RUNNING  MTU:16436  Metric:1
          RX packets:12 errors:0 dropped:0 overruns:0 frame:0
          TX packets:12 errors:0 dropped:0 overruns:0 carrier:0
          collisions:0 txqueuelen:0 
          RX bytes:1020 (1020.0 B)  TX bytes:1020 (1020.0 B)

### route -n
Kernel IP routing table
Destination     Gateway         Genmask         Flags Metric Ref    Use Iface
route: fscanf
### cat /etc/resolv.conf
cat: can't open '/etc/resolv.conf': No such file or directory
### gateway not found
/sbin/cirros-status: line 1: can't open /etc/resolv.conf: no such file
### pinging nameservers
### uname -a
Linux tempest 3.2.0-80-virtual #116-Ubuntu SMP Mon Mar 23 17:28:52 UTC 2015 x86_64 GNU/Linux
### lsmod
Module                  Size  Used by    Not tainted
nls_iso8859_1          12713  0 
nls_cp437              16991  0 
vfat                   17585  0 
fat                    61512  1 vfat
isofs                  40259  0 
ip_tables              27473  0 
x_tables               29891  1 ip_tables
pcnet32                42119  0 
8139cp                 27360  0 
ne2k_pci               13691  0 
8390                   18856  1 ne2k_pci
e1000                 108589  0 
acpiphp                24231  0 
### dmesg | tail
[    5.136749] EXT3-fs (vda): mounted filesystem with ordered data mode
[    5.417381] ISO 9660 Extensions: Microsoft Joliet Level 3
[    5.491249] ISO 9660 Extensions: RRIP_1991A
[    5.702032] kjournald starting.  Commit interval 5 seconds
[    5.718229] EXT3-fs (vda): using internal journal
[    5.718375] EXT3-fs (vda): mounted filesystem with ordered data mode
[    9.115018] EXT3-fs (vda): using internal journal
[   12.486547] ISO 9660 Extensions: Microsoft Joliet Level 3
[   12.598960] ISO 9660 Extensions: RRIP_1991A
[   27.434254] eth0: no IPv6 routers present
### tail -n 25 /var/log/messages
Dec 17 17:42:23 cirros kern.info kernel: [    4.626795] acpiphp: Slot [20] registered
Dec 17 17:42:23 cirros kern.info kernel: [    4.627166] acpiphp: Slot [21] registered
Dec 17 17:42:23 cirros kern.info kernel: [    4.627483] acpiphp: Slot [22] registered
Dec 17 17:42:23 cirros kern.info kernel: [    4.627850] acpiphp: Slot [23] registered
Dec 17 17:42:23 cirros kern.info kernel: [    4.628043] acpiphp: Slot [24] registered
Dec 17 17:42:23 cirros kern.info kernel: [    4.629315] acpiphp: Slot [25] registered
Dec 17 17:42:23 cirros kern.info kernel: [    4.629628] acpiphp: Slot [26] registered
Dec 17 17:42:23 cirros kern.info kernel: [    4.630088] acpiphp: Slot [27] registered
Dec 17 17:42:23 cirros kern.info kernel: [    4.631477] acpiphp: Slot [31] registered
Dec 17 17:42:23 cirros kern.info kernel: [    4.695492] e1000: Intel(R) PRO/1000 Network Driver - version 7.3.21-k8-NAPI
Dec 17 17:42:23 cirros kern.info kernel: [    4.695541] e1000: Copyright (c) 1999-2006 Intel Corporation.
Dec 17 17:42:23 cirros kern.info kernel: [    4.749531] ne2k-pci.c:v1.03 9/22/2003 D. Becker/P. Gortmaker
Dec 17 17:42:23 cirros kern.info kernel: [    4.787730] 8139cp: 8139cp: 10/100 PCI Ethernet driver v1.3 (Mar 22, 2004)
Dec 17 17:42:23 cirros kern.info kernel: [    4.827980] pcnet32: pcnet32.c:v1.35 21.Apr.2008 tsbogend@alpha.franken.de
Dec 17 17:42:23 cirros kern.info kernel: [    4.869691] ip_tables: (C) 2000-2006 Netfilter Core Team
Dec 17 17:42:23 cirros kern.info kernel: [    5.130608] kjournald starting.  Commit interval 5 seconds
Dec 17 17:42:23 cirros kern.info kernel: [    5.136749] EXT3-fs (vda): mounted filesystem with ordered data mode
Dec 17 17:42:23 cirros kern.debug kernel: [    5.417381] ISO 9660 Extensions: Microsoft Joliet Level 3
Dec 17 17:42:23 cirros kern.debug kernel: [    5.491249] ISO 9660 Extensions: RRIP_1991A
Dec 17 17:42:23 cirros kern.info kernel: [    9.115018] EXT3-fs (vda): using internal journal
Dec 17 17:42:25 cirros kern.debug kernel: [   12.486547] ISO 9660 Extensions: Microsoft Joliet Level 3
Dec 17 17:42:25 cirros kern.debug kernel: [   12.598960] ISO 9660 Extensions: RRIP_1991A
Dec 17 17:42:28 cirros auth.notice su: + /dev/console root:cirros
Dec 17 17:42:40 cirros kern.debug kernel: [   27.434254] eth0: no IPv6 routers present
Dec 17 17:45:35 cirros authpriv.info dropbear[283]: Running in background
############ debug end   ##############
  ____               ____  ____
 / __/ __ ____ ____ / __ \/ __/
/ /__ / // __// __// /_/ /\ \ 
\___//_//_/  /_/   \____/___/ 
   http://cirros-cloud.net


login as 'cirros' user. default password: 'cubswin:)'. use 'sudo' for root.
tempest login: 
2015-12-17 17:45:43,333 20765 INFO     [tempest_lib.common.rest_client] Request (TestGettingAddress:_run_cleanups): 204 DELETE http://10.0.2.15:9696/v2.0/floatingips/42b67c10-0854-4f25-bb81-4ad36e7b1b6a 0.207s
2015-12-17 17:45:43,333 20765 DEBUG    [tempest_lib.common.rest_client] Request - Headers: {'Content-Type': 'application/json', 'Accept': 'application/json', 'X-Auth-Token': '&lt;omitted&gt;'}
        Body: None
    Response - Headers: {'date': 'Thu, 17 Dec 2015 17:45:43 GMT', 'status': '204', 'connection': 'close', 'content-length': '0', 'x-openstack-request-id': 'req-9564f824-1a41-4651-9de9-79725b02f59e'}
        Body: 
2015-12-17 17:45:43,613 20765 INFO     [tempest_lib.common.rest_client] Request (TestGettingAddress:_run_cleanups): 204 DELETE http://10.0.2.15:8774/v2.1/76c143b98a3f4b809cd7dfa86264bd99/servers/737caf5f-f734-4d2e-83e0-d1eb09b0183d 0.279s
2015-12-17 17:45:43,614 20765 DEBUG    [tempest_lib.common.rest_client] Request - Headers: {'Content-Type': 'application/json', 'Accept': 'application/json', 'X-Auth-Token': '&lt;omitted&gt;'}
        Body: None
    Response - Headers: {'status': '204', 'content-length': '0', 'x-compute-request-id': 'req-0cac748a-d808-4a4f-a12e-eebe179355dd', 'vary': 'X-OpenStack-Nova-API-Version', 'connection': 'close', 'x-openstack-nova-api-version': '2.1', 'date': 'Thu, 17 Dec 2015 17:45:43 GMT', 'content-type': 'application/json'}
        Body: 
2015-12-17 17:45:43,815 20765 INFO     [tempest_lib.common.rest_client] Request (TestGettingAddress:_run_cleanups): 200 GET http://10.0.2.15:8774/v2.1/76c143b98a3f4b809cd7dfa86264bd99/servers/737caf5f-f734-4d2e-83e0-d1eb09b0183d 0.199s
2015-12-17 17:45:43,815 20765 DEBUG    [tempest_lib.common.rest_client] Request - Headers: {'Content-Type': 'application/json', 'Accept': 'application/json', 'X-Auth-Token': '&lt;omitted&gt;'}
        Body: None
    Response - Headers: {'status': '200', 'content-length': '1904', 'content-location': 'http://10.0.2.15:8774/v2.1/76c143b98a3f4b809cd7dfa86264bd99/servers/737caf5f-f734-4d2e-83e0-d1eb09b0183d', 'x-compute-request-id': 'req-10e46c8d-35e7-4272-9f35-6f0aebd8097e', 'vary': 'X-OpenStack-Nova-API-Version', 'connection': 'close', 'x-openstack-nova-api-version': '2.1', 'date': 'Thu, 17 Dec 2015 17:45:43 GMT', 'content-type': 'application/json'}
        Body: {"server": {"status": "ACTIVE", "updated": "2015-12-17T17:45:43Z", "hostId": "e2ec522ff319ecda7f6315a2805993f9c181f4be2c5c54693d2cf4e3", "addresses": {"tempest-network-smoke--1653562857": [{"OS-EXT-IPS-MAC:mac_addr": "fa:16:3e:63:1f:51", "version": 4, "addr": "10.100.0.3", "OS-EXT-IPS:type": "fixed"}, {"OS-EXT-IPS-MAC:mac_addr": "fa:16:3e:63:1f:51", "version": 6, "addr": "2003::f816:3eff:fe63:1f51", "OS-EXT-IPS:type": "fixed"}, {"OS-EXT-IPS-MAC:mac_addr": "fa:16:3e:63:1f:51", "version": 4, "addr": "172.24.4.4", "OS-EXT-IPS:type": "floating"}]}, "links": [{"href": "http://10.0.2.15:8774/v2.1/76c143b98a3f4b809cd7dfa86264bd99/servers/737caf5f-f734-4d2e-83e0-d1eb09b0183d", "rel": "self"}, {"href": "http://10.0.2.15:8774/76c143b98a3f4b809cd7dfa86264bd99/servers/737caf5f-f734-4d2e-83e0-d1eb09b0183d", "rel": "bookmark"}], "key_name": "tempest-TestGettingAddress-600569463", "image": {"id": "42e00a91-b202-4776-8921-4f233fb770fa", "links": [{"href": "http://10.0.2.15:8774/76c143b98a3f4b809cd7dfa86264bd99/images/42e00a91-b202-4776-8921-4f233fb770fa", "rel": "bookmark"}]}, "OS-EXT-STS:task_state": "deleting", "OS-EXT-STS:vm_state": "active", "OS-SRV-USG:launched_at": "2015-12-17T17:42:09.000000", "flavor": {"id": "42", "links": [{"href": "http://10.0.2.15:8774/76c143b98a3f4b809cd7dfa86264bd99/flavors/42", "rel": "bookmark"}]}, "id": "737caf5f-f734-4d2e-83e0-d1eb09b0183d", "security_groups": [{"name": "tempest-secgroup-smoke-2063220188"}], "OS-SRV-USG:terminated_at": null, "OS-EXT-AZ:availability_zone": "nova", "user_id": "1c515b0751434a72802db46323099b95", "name": "tempest.common.compute-instance-1419600747", "created": "2015-12-17T17:42:06Z", "tenant_id": "76c143b98a3f4b809cd7dfa86264bd99", "OS-DCF:diskConfig": "MANUAL", "os-extended-volumes:volumes_attached": [], "accessIPv4": "", "accessIPv6": "", "progress": 0, "OS-EXT-STS:power_state": 1, "config_drive": "True", "metadata": {}}}
2015-12-17 17:45:44,952 20765 INFO     [tempest_lib.common.rest_client] Request (TestGettingAddress:_run_cleanups): 200 GET http://10.0.2.15:8774/v2.1/76c143b98a3f4b809cd7dfa86264bd99/servers/737caf5f-f734-4d2e-83e0-d1eb09b0183d 0.126s
2015-12-17 17:45:44,953 20765 DEBUG    [tempest_lib.common.rest_client] Request - Headers: {'Content-Type': 'application/json', 'Accept': 'application/json', 'X-Auth-Token': '&lt;omitted&gt;'}
        Body: None
    Response - Headers: {'status': '200', 'content-length': '1439', 'content-location': 'http://10.0.2.15:8774/v2.1/76c143b98a3f4b809cd7dfa86264bd99/servers/737caf5f-f734-4d2e-83e0-d1eb09b0183d', 'x-compute-request-id': 'req-8f555553-5fae-4ee4-8b1a-dedf63fcb3ad', 'vary': 'X-OpenStack-Nova-API-Version', 'connection': 'close', 'x-openstack-nova-api-version': '2.1', 'date': 'Thu, 17 Dec 2015 17:45:44 GMT', 'content-type': 'application/json'}
        Body: {"server": {"status": "ACTIVE", "updated": "2015-12-17T17:45:44Z", "hostId": "e2ec522ff319ecda7f6315a2805993f9c181f4be2c5c54693d2cf4e3", "addresses": {}, "links": [{"href": "http://10.0.2.15:8774/v2.1/76c143b98a3f4b809cd7dfa86264bd99/servers/737caf5f-f734-4d2e-83e0-d1eb09b0183d", "rel": "self"}, {"href": "http://10.0.2.15:8774/76c143b98a3f4b809cd7dfa86264bd99/servers/737caf5f-f734-4d2e-83e0-d1eb09b0183d", "rel": "bookmark"}], "key_name": "tempest-TestGettingAddress-600569463", "image": {"id": "42e00a91-b202-4776-8921-4f233fb770fa", "links": [{"href": "http://10.0.2.15:8774/76c143b98a3f4b809cd7dfa86264bd99/images/42e00a91-b202-4776-8921-4f233fb770fa", "rel": "bookmark"}]}, "OS-EXT-STS:task_state": "deleting", "OS-EXT-STS:vm_state": "active", "OS-SRV-USG:launched_at": "2015-12-17T17:42:09.000000", "flavor": {"id": "42", "links": [{"href": "http://10.0.2.15:8774/76c143b98a3f4b809cd7dfa86264bd99/flavors/42", "rel": "bookmark"}]}, "id": "737caf5f-f734-4d2e-83e0-d1eb09b0183d", "OS-SRV-USG:terminated_at": null, "OS-EXT-AZ:availability_zone": "nova", "user_id": "1c515b0751434a72802db46323099b95", "name": "tempest.common.compute-instance-1419600747", "created": "2015-12-17T17:42:06Z", "tenant_id": "76c143b98a3f4b809cd7dfa86264bd99", "OS-DCF:diskConfig": "MANUAL", "os-extended-volumes:volumes_attached": [], "accessIPv4": "", "accessIPv6": "", "progress": 0, "OS-EXT-STS:power_state": 1, "config_drive": "True", "metadata": {}}}
2015-12-17 17:45:46,059 20765 INFO     [tempest_lib.common.rest_client] Request (TestGettingAddress:_run_cleanups): 404 GET http://10.0.2.15:8774/v2.1/76c143b98a3f4b809cd7dfa86264bd99/servers/737caf5f-f734-4d2e-83e0-d1eb09b0183d 0.092s
2015-12-17 17:45:46,059 20765 DEBUG    [tempest_lib.common.rest_client] Request - Headers: {'Content-Type': 'application/json', 'Accept': 'application/json', 'X-Auth-Token': '&lt;omitted&gt;'}
        Body: None
    Response - Headers: {'status': '404', 'content-length': '111', 'x-compute-request-id': 'req-89cfcb4d-5f2a-4aa1-9cea-bf82cf3095db', 'vary': 'X-OpenStack-Nova-API-Version', 'connection': 'close', 'x-openstack-nova-api-version': '2.1', 'date': 'Thu, 17 Dec 2015 17:45:46 GMT', 'content-type': 'application/json; charset=UTF-8'}
        Body: {"itemNotFound": {"message": "Instance 737caf5f-f734-4d2e-83e0-d1eb09b0183d could not be found.", "code": 404}}
2015-12-17 17:45:46,403 20765 INFO     [tempest_lib.common.rest_client] Request (TestGettingAddress:_run_cleanups): 200 PUT http://10.0.2.15:9696/v2.0/routers/1e3b0371-71ed-4d39-9e28-28637bcc4bdd/remove_router_interface 0.342s
2015-12-17 17:45:46,404 20765 DEBUG    [tempest_lib.common.rest_client] Request - Headers: {'Content-Type': 'application/json', 'Accept': 'application/json', 'X-Auth-Token': '&lt;omitted&gt;'}
        Body: {"subnet_id": "dda41682-100e-4225-b707-f45120f2361c"}
    Response - Headers: {'status': '200', 'content-length': '255', 'connection': 'close', 'date': 'Thu, 17 Dec 2015 17:45:46 GMT', 'content-type': 'application/json; charset=UTF-8', 'x-openstack-request-id': 'req-62d67784-f662-4603-a20c-951dd6f4abf2'}
        Body: {"subnet_id": "dda41682-100e-4225-b707-f45120f2361c", "tenant_id": "76c143b98a3f4b809cd7dfa86264bd99", "subnet_ids": ["dda41682-100e-4225-b707-f45120f2361c"], "port_id": "73674a48-f1c5-47c2-9935-cb92957a4deb", "id": "1e3b0371-71ed-4d39-9e28-28637bcc4bdd"}
2015-12-17 17:45:46,860 20765 INFO     [tempest_lib.common.rest_client] Request (TestGettingAddress:_run_cleanups): 204 DELETE http://10.0.2.15:9696/v2.0/subnets/dda41682-100e-4225-b707-f45120f2361c 0.455s
2015-12-17 17:45:46,860 20765 DEBUG    [tempest_lib.common.rest_client] Request - Headers: {'Content-Type': 'application/json', 'Accept': 'application/json', 'X-Auth-Token': '&lt;omitted&gt;'}
        Body: None
    Response - Headers: {'date': 'Thu, 17 Dec 2015 17:45:46 GMT', 'status': '204', 'connection': 'close', 'content-length': '0', 'x-openstack-request-id': 'req-61691a4d-6e3b-4cab-9015-663a265a2b2a'}
        Body: 
2015-12-17 17:45:46,889 20765 INFO     [tempest_lib.common.rest_client] Request (TestGettingAddress:_run_cleanups): 404 DELETE http://10.0.2.15:9696/v2.0/subnets/dda41682-100e-4225-b707-f45120f2361c 0.029s
2015-12-17 17:45:46,890 20765 DEBUG    [tempest_lib.common.rest_client] Request - Headers: {'Content-Type': 'application/json', 'Accept': 'application/json', 'X-Auth-Token': '&lt;omitted&gt;'}
        Body: None
    Response - Headers: {'status': '404', 'content-length': '135', 'connection': 'close', 'date': 'Thu, 17 Dec 2015 17:45:46 GMT', 'content-type': 'application/json; charset=UTF-8', 'x-openstack-request-id': 'req-3c36de15-dc28-434e-a46c-8c8ffcb256e9'}
        Body: {"NeutronError": {"message": "Subnet dda41682-100e-4225-b707-f45120f2361c could not be found", "type": "SubnetNotFound", "detail": ""}}
2015-12-17 17:45:47,331 20765 INFO     [tempest_lib.common.rest_client] Request (TestGettingAddress:_run_cleanups): 200 PUT http://10.0.2.15:9696/v2.0/routers/1e3b0371-71ed-4d39-9e28-28637bcc4bdd/remove_router_interface 0.440s
2015-12-17 17:45:47,331 20765 DEBUG    [tempest_lib.common.rest_client] Request - Headers: {'Content-Type': 'application/json', 'Accept': 'application/json', 'X-Auth-Token': '&lt;omitted&gt;'}
        Body: {"subnet_id": "87d382b3-fd38-468c-8bb8-bc3582f58b0e"}
