<?xml version="1.0" encoding="UTF-8"?>
<!DOCTYPE html PUBLIC "-//W3C//DTD XHTML 1.0 Strict//EN"
     "http://www.w3.org/TR/xhtml1/DTD/xhtml1-strict.dtd">
<html xmlns="http://www.w3.org/1999/xhtml">
<head>
    <title>Unit Test Report</title>
    <meta name="generator" content="subunit2html 0.1"/>
    <meta http-equiv="Content-Type" content="text/html; charset=UTF-8"/>
    
<style type="text/css" media="screen">
body        { font-family: verdana, arial, helvetica, sans-serif;
    font-size: 80%; }
table       { font-size: 100%; width: 100%;}
pre         { font-size: 80%; }

/* -- heading -------------------------------------------------------------- */
h1 {
        font-size: 16pt;
        color: gray;
}
.heading {
    margin-top: 0ex;
    margin-bottom: 1ex;
}

.heading .attribute {
    margin-top: 1ex;
    margin-bottom: 0;
}

.heading .description {
    margin-top: 4ex;
    margin-bottom: 6ex;
}

/* -- css div popup -------------------------------------------------------- */
a.popup_link {
}

a.popup_link:hover {
    color: red;
}

.popup_window {
    display: none;
    overflow-x: scroll;
    /*border: solid #627173 1px; */
    padding: 10px;
    background-color: #E6E6D6;
    font-family: "Ubuntu Mono", "Lucida Console", "Courier New", monospace;
    text-align: left;
    font-size: 8pt;
}

}
/* -- report --------------------------------------------------------------- */
#show_detail_line {
    margin-top: 3ex;
    margin-bottom: 1ex;
}
#result_table {
    width: 100%;
    border-collapse: collapse;
    border: 1px solid #777;
}
#header_row {
    font-weight: bold;
    color: white;
    background-color: #777;
}
#result_table td {
    border: 1px solid #777;
    padding: 2px;
}
#total_row  { font-weight: bold; }
.passClass  { background-color: #6c6; }
.failClass  { background-color: #c60; }
.errorClass { background-color: #c00; }
.passCase   { color: #6c6; }
.failCase   { color: #c60; font-weight: bold; }
.errorCase  { color: #c00; font-weight: bold; }
.hiddenRow  { display: none; }
.testcase   { margin-left: 2em; }
td.testname {width: 40%}
td.small {width: 40px}

/* -- ending --------------------------------------------------------------- */
#ending {
}

</style>

</head>
<body>
<script language="javascript" type="text/javascript"><!--
output_list = Array();

/* level - 0:Summary; 1:Failed; 2:All */
function showCase(level) {
    trs = document.getElementsByTagName("tr");
    for (var i = 0; i < trs.length; i++) {
        tr = trs[i];
        id = tr.id;
        if (id.substr(0,2) == 'ft') {
            if (level < 1) {
                tr.className = 'hiddenRow';
            }
            else {
                tr.className = '';
            }
        }
        if (id.substr(0,2) == 'pt') {
            if (level > 1) {
                tr.className = '';
            }
            else {
                tr.className = 'hiddenRow';
            }
        }
    }
}


function showClassDetail(cid, count) {
    var id_list = Array(count);
    var toHide = 1;
    for (var i = 0; i < count; i++) {
        tid0 = 't' + cid.substr(1) + '.' + (i+1);
        tid = 'f' + tid0;
        tr = document.getElementById(tid);
        if (!tr) {
            tid = 'p' + tid0;
            tr = document.getElementById(tid);
        }
        id_list[i] = tid;
        if (tr.className) {
            toHide = 0;
        }
    }
    for (var i = 0; i < count; i++) {
        tid = id_list[i];
        if (toHide) {
            document.getElementById('div_'+tid).style.display = 'none'
            document.getElementById(tid).className = 'hiddenRow';
        }
        else {
            document.getElementById(tid).className = '';
        }
    }
}


function showTestDetail(div_id){
    var details_div = document.getElementById(div_id)
    var displayState = details_div.style.display
    // alert(displayState)
    if (displayState != 'block' ) {
        displayState = 'block'
        details_div.style.display = 'block'
    }
    else {
        details_div.style.display = 'none'
    }
}


function html_escape(s) {
    s = s.replace(/&/g,'&amp;');
    s = s.replace(/</g,'&lt;');
    s = s.replace(/>/g,'&gt;');
    return s;
}

/* obsoleted by detail in <div>
function showOutput(id, name) {
    var w = window.open("", //url
                    name,
                    "resizable,scrollbars,status,width=800,height=450");
    d = w.document;
    d.write("<pre>");
    d.write(html_escape(output_list[id]));
    d.write("\n");
    d.write("<a href='javascript:window.close()'>close</a>\n");
    d.write("</pre>\n");
    d.close();
}
*/
--></script>

<div class='heading'>
<h1>Unit Test Report</h1>

<p class='attribute'><strong>Status:</strong> Pass 2 Failure 6</p>

<p class='description'></p>
</div>



<p id='show_detail_line'>Show
<a href='javascript:showCase(0)'>Summary</a>
<a href='javascript:showCase(1)'>Failed</a>
<a href='javascript:showCase(2)'>All</a>
</p>
<table id='result_table'>
<colgroup>
<col align='left' />
<col align='right' />
<col align='right' />
<col align='right' />
<col align='right' />
<col align='right' />
<col align='right' />
<col align='right' />
</colgroup>
<tr id='header_row'>
    <td>Test Group/Test case</td>
    <td>Count</td>
    <td>Pass</td>
    <td>Fail</td>
    <td>Error</td>
    <td>Skip</td>
    <td>View</td>
    <td> </td>
</tr>

<tr class='failClass'>
    <td class="testname">tempest.scenario.test_network_v6.TestGettingAddress</td>
    <td class="small">8</td>
    <td class="small">2</td>
    <td class="small">6</td>
    <td class="small">0</td>
    <td class="small">0</td>
    <td class="small"><a href="javascript:showClassDetail('c1',8)"
>Detail</a></td>
    <td> </td>
</tr>

<tr id='ft1.1' class='none'>
    <td class='failCase'><div class='testcase'>test_dhcp6_stateless_from_os[compute,id-d7e1f858-187c-45a6-89c9-bdafde619a9f,network]</div></td>
    <td colspan='7' align='left'>

    <!--css div popup start-->
    <a class="popup_link" onfocus='this.blur();'
    href="javascript:showTestDetail('div_ft1.1')" >
        fail</a>

    <div id='div_ft1.1' class="popup_window">
        <div style='text-align: right; color:red;cursor:pointer'>
        <a onfocus='this.blur();'
onclick="document.getElementById('div_ft1.1').style.display = 'none' " >
           [x]</a>
        </div>
        <pre>
        
ft1.1: tempest.scenario.test_network_v6.TestGettingAddress.test_dhcp6_stateless_from_os[compute,id-d7e1f858-187c-45a6-89c9-bdafde619a9f,network]_StringException: Empty attachments:
  stderr
  stdout

pythonlogging:'': {{{
2015-12-06 23:40:13,894 27344 INFO     [tempest_lib.common.rest_client] Request (TestGettingAddress:setUp): 200 POST http://10.0.2.15:8774/v2.1/4bde703af83b4c249252aa9abc5e0f10/os-keypairs 0.595s
2015-12-06 23:40:13,895 27344 DEBUG    [tempest_lib.common.rest_client] Request - Headers: {'Content-Type': 'application/json', 'Accept': 'application/json', 'X-Auth-Token': '&lt;omitted&gt;'}
        Body: {"keypair": {"name": "tempest-TestGettingAddress-1173024206"}}
    Response - Headers: {'status': '200', 'content-length': '2324', 'x-compute-request-id': 'req-710be4a6-2012-45e1-9d82-c7d153d47b77', 'vary': 'X-OpenStack-Nova-API-Version', 'connection': 'close', 'x-openstack-nova-api-version': '2.1', 'date': 'Sun, 06 Dec 2015 23:40:13 GMT', 'content-type': 'application/json'}
        Body: {"keypair": {"public_key": "ssh-rsa AAAAB3NzaC1yc2EAAAADAQABAAABAQDCBYKLWlkp1j8Hn00hZ2/jAyDaXPhi1Bg7h/fHpmlA8TWXyaNIG9T/0iTrfN5choh54g/yBr7j+02sNWxTF/Txdk/ZK4D45YxH1cHAiDnNIuC3UgcGAInJTFweoB0N+B6zxHjoxh4QJmyJNUeD0nk+I3jmdCeoPBwX/O80Dc2Qs9d31vybdsS7MXwFK8rjaMrAexgClhvSIl+rOOmfihdql3rizYeKTr1KV+exGiocCgiZ2edXC1FbHVeFrdiWLW2zbK8I04wSREaNtoES1RHG96cI0mgpfcPfj8vw/p2XrdIi//rRYQJpPDRmxk0dGRFWHQm+ge8c4SdqgjcDYfUj Generated-by-Nova", "private_key": "-----BEGIN RSA PRIVATE KEY-----\nMIIEqwIBAAKCAQEAwgWCi1pZKdY/B59NIWdv4wMg2lz4YtQYO4f3x6ZpQPE1l8mj\nSBvU/9Ik63zeXIaIeeIP8ga+4/tNrDVsUxf08XZP2SuA+OWMR9XBwIg5zSLgt1IH\nBgCJyUxcHqAdDfges8R46MYeECZsiTVHg9J5PiN45nQnqDwcF/zvNA3NkLPXd9b8\nm3bEuzF8BSvK42jKwHsYApYb0iJfqzjpn4oXapd64s2Hik69SlfnsRoqHAoImdnn\nVwtRWx1Xha3Yli1ts2yvCNOMEkRGjbaBEtURxvenCNJoKX3D34/L8P6dl63SIv/6\n0WECaTw0ZsZNHRkRVh0JvoHvHOEnaoI3A2H1IwIDAQABAoIBAQCSNCa4Ld/sp9ad\nPsyXdGOatFvIULCXgG22RnJPzzWXS2xwMfDJwLdUAx3xGgpRvMsQ1WngnnawQ0m3\nkBZN00qvvdDTvHWWmRuJcilrlPvBehvN6JEEU9mAh/sO1OawBR3VpyLZfZlf4CR/\njFeUnUDhs0dCmZrcqlcdOGtkVVZnR9r6P2/vKxvbL74pXJGftuTgJ13gvp41u2VR\n8AFydc0nympVO2fwe+/7b8gcdjHT1e8yghxCjj/avV2E2kzg7OU7qPG4avB/T6tg\nBTJJ36q8sn0W5z6HjiXHynIbDz9MxAT2HBQqFyaYS4CYt3YtRgddBXLH0crkkqqo\nvpqO+RvpAoIAgQDCZSLCh8ugpugQIjB5WUSSJBuJbUAEjjYL165deXtziEZ+4UP5\nO1QkjfEGNMMNKbw5X7T85PtTVqK4H286MAFUsfjeS0IGQ3XVNAPz3wtqdFcMymG2\ngjxCPxzC2ZFrrxQaHGoASbHaeEVH64NYfinFKfi408ql765rn4FoN5q5TQKCAIEA\n/4IR3DTG56/ZLPiG3YvcHKo5F+KRCnRWGg/c6QS8FJYXZGX9VZP4XtDbtFF+sy/w\nqY3wJslIIqwDBYdZWlB+tIv01P/qyuvu377PFil84QLNLHCA1CmlCboJBI2X/X7a\n8+RuCqFBCf4MQBQv9npeEOarimnq0wQahjIp7yZpsC8CggCBAJR9hrDL5BqihA+W\n3ipDqyJq3HH8dvND4jrnlLSoUEmvJhJTZoXh8OM/XYYdFYVfhPzag7jN/MDrI767\nnE35T3rvu6eqGxQHweGLKx3FGcZGehw2F6+/CeKcrQ6V/QQhp5xOahYwNOAqENng\nJ+OX87Y82lXsyhY44KYrIEGIf/LdAoIAgQChQ+Mp7VWtXdvg+muE4YVnwjiOzr1k\nr9C4WlK/7/EVvTW+dHDU1rPohEJnKRii2Bs5qRBuKpSQ7ahqkObgjfWq1rsMxQnY\nUdlO9wuVnVHoYvBEoC1vu2kjHnwal5Pat3pSfVbG9sgqGmJ4/0TWeJ1uZWjXz8oa\nrXhgQsEc5E3ImQKCAIEAt3at5mZuwQxM0JQQ9oc0TPFp4++8iar5+wz7kh5GB32G\nWKQavNEJOip7N3gPJLvIOiZ5fv4KDr+0Lgsr33ab/FkX8BBDaoJXR78FedjlEXhI\n1Y+56leuHfwgPw4NgXGXDmmK4m/nqAyi1Qf0axpBrlhclS3UFdwEob3L3dwohj8=\n-----END RSA PRIVATE KEY-----\n", "user_id": "7cfacf6dc15f456fbe4c0a72ce615a09", "name": "tempest-TestGettingAddress-1173024206", "fingerprint": "65:a7:e8:83:8a:1b:9c:a3:a1:e9:45:04:69:41:8a:41"}}
2015-12-06 23:40:14,217 27344 INFO     [tempest_lib.common.rest_client] Request (TestGettingAddress:setUp): 201 POST http://10.0.2.15:9696/v2.0/security-groups 0.318s
2015-12-06 23:40:14,218 27344 DEBUG    [tempest_lib.common.rest_client] Request - Headers: {'Content-Type': 'application/json', 'Accept': 'application/json', 'X-Auth-Token': '&lt;omitted&gt;'}
        Body: {"security_group": {"tenant_id": "4bde703af83b4c249252aa9abc5e0f10", "description": "tempest-secgroup-smoke-217374642 description", "name": "tempest-secgroup-smoke-217374642"}}
    Response - Headers: {'status': '201', 'content-length': '886', 'connection': 'close', 'date': 'Sun, 06 Dec 2015 23:40:14 GMT', 'content-type': 'application/json; charset=UTF-8', 'x-openstack-request-id': 'req-72d52feb-1016-4311-be7b-365612e15351'}
        Body: {"security_group": {"tenant_id": "4bde703af83b4c249252aa9abc5e0f10", "description": "tempest-secgroup-smoke-217374642 description", "id": "b7e8962f-6e5d-48ad-beb9-a994aa127c9a", "security_group_rules": [{"remote_group_id": null, "direction": "egress", "remote_ip_prefix": null, "protocol": null, "ethertype": "IPv4", "tenant_id": "4bde703af83b4c249252aa9abc5e0f10", "port_range_max": null, "port_range_min": null, "id": "f6c0ca52-6f7f-4f19-a82a-45a970d8d8fd", "security_group_id": "b7e8962f-6e5d-48ad-beb9-a994aa127c9a"}, {"remote_group_id": null, "direction": "egress", "remote_ip_prefix": null, "protocol": null, "ethertype": "IPv6", "tenant_id": "4bde703af83b4c249252aa9abc5e0f10", "port_range_max": null, "port_range_min": null, "id": "be804e4b-7b7c-4bc2-9ce5-f9308187476e", "security_group_id": "b7e8962f-6e5d-48ad-beb9-a994aa127c9a"}], "name": "tempest-secgroup-smoke-217374642"}}
2015-12-06 23:40:14,404 27344 INFO     [tempest_lib.common.rest_client] Request (TestGettingAddress:setUp): 201 POST http://10.0.2.15:9696/v2.0/security-group-rules 0.184s
2015-12-06 23:40:14,405 27344 DEBUG    [tempest_lib.common.rest_client] Request - Headers: {'Content-Type': 'application/json', 'Accept': 'application/json', 'X-Auth-Token': '&lt;omitted&gt;'}
        Body: {"security_group_rule": {"direction": "ingress", "protocol": "tcp", "tenant_id": "4bde703af83b4c249252aa9abc5e0f10", "port_range_max": 22, "security_group_id": "b7e8962f-6e5d-48ad-beb9-a994aa127c9a", "port_range_min": 22}}
    Response - Headers: {'status': '201', 'content-length': '340', 'connection': 'close', 'date': 'Sun, 06 Dec 2015 23:40:14 GMT', 'content-type': 'application/json; charset=UTF-8', 'x-openstack-request-id': 'req-b095189a-98e3-4f70-9a43-90ac7f0a10d4'}
        Body: {"security_group_rule": {"remote_group_id": null, "direction": "ingress", "remote_ip_prefix": null, "protocol": "tcp", "ethertype": "IPv4", "tenant_id": "4bde703af83b4c249252aa9abc5e0f10", "port_range_max": 22, "port_range_min": 22, "id": "4e47e4e7-858e-4b2d-aa7b-d12c591fd3d7", "security_group_id": "b7e8962f-6e5d-48ad-beb9-a994aa127c9a"}}
2015-12-06 23:40:14,516 27344 INFO     [tempest_lib.common.rest_client] Request (TestGettingAddress:setUp): 201 POST http://10.0.2.15:9696/v2.0/security-group-rules 0.110s
2015-12-06 23:40:14,517 27344 DEBUG    [tempest_lib.common.rest_client] Request - Headers: {'Content-Type': 'application/json', 'Accept': 'application/json', 'X-Auth-Token': '&lt;omitted&gt;'}
        Body: {"security_group_rule": {"direction": "egress", "protocol": "tcp", "tenant_id": "4bde703af83b4c249252aa9abc5e0f10", "port_range_max": 22, "security_group_id": "b7e8962f-6e5d-48ad-beb9-a994aa127c9a", "port_range_min": 22}}
    Response - Headers: {'status': '201', 'content-length': '339', 'connection': 'close', 'date': 'Sun, 06 Dec 2015 23:40:14 GMT', 'content-type': 'application/json; charset=UTF-8', 'x-openstack-request-id': 'req-2fd595fe-0288-44b6-b474-688efdfbc6b3'}
        Body: {"security_group_rule": {"remote_group_id": null, "direction": "egress", "remote_ip_prefix": null, "protocol": "tcp", "ethertype": "IPv4", "tenant_id": "4bde703af83b4c249252aa9abc5e0f10", "port_range_max": 22, "port_range_min": 22, "id": "6dd7c698-74b0-4411-b7d9-a7251089a52f", "security_group_id": "b7e8962f-6e5d-48ad-beb9-a994aa127c9a"}}
2015-12-06 23:40:14,768 27344 INFO     [tempest_lib.common.rest_client] Request (TestGettingAddress:setUp): 201 POST http://10.0.2.15:9696/v2.0/security-group-rules 0.249s
2015-12-06 23:40:14,768 27344 DEBUG    [tempest_lib.common.rest_client] Request - Headers: {'Content-Type': 'application/json', 'Accept': 'application/json', 'X-Auth-Token': '&lt;omitted&gt;'}
        Body: {"security_group_rule": {"tenant_id": "4bde703af83b4c249252aa9abc5e0f10", "direction": "ingress", "protocol": "icmp", "security_group_id": "b7e8962f-6e5d-48ad-beb9-a994aa127c9a"}}
    Response - Headers: {'status': '201', 'content-length': '345', 'connection': 'close', 'date': 'Sun, 06 Dec 2015 23:40:14 GMT', 'content-type': 'application/json; charset=UTF-8', 'x-openstack-request-id': 'req-173b5ada-ee2e-4a54-bd80-7b4a56c5fb3c'}
        Body: {"security_group_rule": {"remote_group_id": null, "direction": "ingress", "remote_ip_prefix": null, "protocol": "icmp", "ethertype": "IPv4", "tenant_id": "4bde703af83b4c249252aa9abc5e0f10", "port_range_max": null, "port_range_min": null, "id": "ac25a320-ff3d-4a81-914f-a764140e1ff1", "security_group_id": "b7e8962f-6e5d-48ad-beb9-a994aa127c9a"}}
2015-12-06 23:40:14,877 27344 INFO     [tempest_lib.common.rest_client] Request (TestGettingAddress:setUp): 201 POST http://10.0.2.15:9696/v2.0/security-group-rules 0.107s
2015-12-06 23:40:14,877 27344 DEBUG    [tempest_lib.common.rest_client] Request - Headers: {'Content-Type': 'application/json', 'Accept': 'application/json', 'X-Auth-Token': '&lt;omitted&gt;'}
        Body: {"security_group_rule": {"tenant_id": "4bde703af83b4c249252aa9abc5e0f10", "direction": "egress", "protocol": "icmp", "security_group_id": "b7e8962f-6e5d-48ad-beb9-a994aa127c9a"}}
    Response - Headers: {'status': '201', 'content-length': '344', 'connection': 'close', 'date': 'Sun, 06 Dec 2015 23:40:14 GMT', 'content-type': 'application/json; charset=UTF-8', 'x-openstack-request-id': 'req-1ec017e8-d440-4428-aa5a-81bcc53472cb'}
        Body: {"security_group_rule": {"remote_group_id": null, "direction": "egress", "remote_ip_prefix": null, "protocol": "icmp", "ethertype": "IPv4", "tenant_id": "4bde703af83b4c249252aa9abc5e0f10", "port_range_max": null, "port_range_min": null, "id": "12a69f3e-b9c0-4397-b6c8-c4edfbcc4f20", "security_group_id": "b7e8962f-6e5d-48ad-beb9-a994aa127c9a"}}
2015-12-06 23:40:14,991 27344 INFO     [tempest_lib.common.rest_client] Request (TestGettingAddress:setUp): 201 POST http://10.0.2.15:9696/v2.0/security-group-rules 0.112s
2015-12-06 23:40:14,991 27344 DEBUG    [tempest_lib.common.rest_client] Request - Headers: {'Content-Type': 'application/json', 'Accept': 'application/json', 'X-Auth-Token': '&lt;omitted&gt;'}
        Body: {"security_group_rule": {"tenant_id": "4bde703af83b4c249252aa9abc5e0f10", "direction": "ingress", "security_group_id": "b7e8962f-6e5d-48ad-beb9-a994aa127c9a", "protocol": "icmp", "ethertype": "IPv6"}}
    Response - Headers: {'status': '201', 'content-length': '345', 'connection': 'close', 'date': 'Sun, 06 Dec 2015 23:40:14 GMT', 'content-type': 'application/json; charset=UTF-8', 'x-openstack-request-id': 'req-ea5684bc-73bc-41a4-86ed-e29c6226f7cb'}
        Body: {"security_group_rule": {"remote_group_id": null, "direction": "ingress", "remote_ip_prefix": null, "protocol": "icmp", "ethertype": "IPv6", "tenant_id": "4bde703af83b4c249252aa9abc5e0f10", "port_range_max": null, "port_range_min": null, "id": "64d90afb-3a6e-4042-a29d-9750615809b3", "security_group_id": "b7e8962f-6e5d-48ad-beb9-a994aa127c9a"}}
2015-12-06 23:40:15,087 27344 INFO     [tempest_lib.common.rest_client] Request (TestGettingAddress:setUp): 201 POST http://10.0.2.15:9696/v2.0/security-group-rules 0.095s
2015-12-06 23:40:15,089 27344 DEBUG    [tempest_lib.common.rest_client] Request - Headers: {'Content-Type': 'application/json', 'Accept': 'application/json', 'X-Auth-Token': '&lt;omitted&gt;'}
        Body: {"security_group_rule": {"tenant_id": "4bde703af83b4c249252aa9abc5e0f10", "direction": "egress", "security_group_id": "b7e8962f-6e5d-48ad-beb9-a994aa127c9a", "protocol": "icmp", "ethertype": "IPv6"}}
    Response - Headers: {'status': '201', 'content-length': '344', 'connection': 'close', 'date': 'Sun, 06 Dec 2015 23:40:15 GMT', 'content-type': 'application/json; charset=UTF-8', 'x-openstack-request-id': 'req-3c6b3e77-c094-45e3-83b4-7dc62cd100de'}
        Body: {"security_group_rule": {"remote_group_id": null, "direction": "egress", "remote_ip_prefix": null, "protocol": "icmp", "ethertype": "IPv6", "tenant_id": "4bde703af83b4c249252aa9abc5e0f10", "port_range_max": null, "port_range_min": null, "id": "dd018be8-4bd5-4606-9d8c-6d919c5ae8ca", "security_group_id": "b7e8962f-6e5d-48ad-beb9-a994aa127c9a"}}
2015-12-06 23:40:15,228 27344 INFO     [tempest_lib.common.rest_client] Request (TestGettingAddress:test_dhcp6_stateless_from_os): 201 POST http://10.0.2.15:9696/v2.0/networks 0.135s
2015-12-06 23:40:15,228 27344 DEBUG    [tempest_lib.common.rest_client] Request - Headers: {'Content-Type': 'application/json', 'Accept': 'application/json', 'X-Auth-Token': '&lt;omitted&gt;'}
        Body: {"network": {"tenant_id": "4bde703af83b4c249252aa9abc5e0f10", "name": "tempest-network-smoke--2138905310"}}
    Response - Headers: {'status': '201', 'content-length': '296', 'connection': 'close', 'date': 'Sun, 06 Dec 2015 23:40:15 GMT', 'content-type': 'application/json; charset=UTF-8', 'x-openstack-request-id': 'req-21c6e0ac-63b9-4045-8373-ff47420ecf25'}
        Body: {"network": {"status": "ACTIVE", "subnets": [], "name": "tempest-network-smoke--2138905310", "admin_state_up": true, "tenant_id": "4bde703af83b4c249252aa9abc5e0f10", "mtu": 0, "router:external": false, "shared": false, "port_security_enabled": true, "id": "bd8897af-5a39-4daa-8b87-daf5ed7b8652"}}
2015-12-06 23:40:15,394 27344 INFO     [tempest_lib.common.rest_client] Request (TestGettingAddress:test_dhcp6_stateless_from_os): 200 GET http://10.0.2.15:9696/v2.0/subnets?tenant_id=4bde703af83b4c249252aa9abc5e0f10&amp;cidr=10.100.0.0%2F28 0.164s
2015-12-06 23:40:15,394 27344 DEBUG    [tempest_lib.common.rest_client] Request - Headers: {'Content-Type': 'application/json', 'Accept': 'application/json', 'X-Auth-Token': '&lt;omitted&gt;'}
        Body: None
    Response - Headers: {'status': '200', 'content-length': '15', 'content-location': 'http://10.0.2.15:9696/v2.0/subnets?tenant_id=4bde703af83b4c249252aa9abc5e0f10&amp;cidr=10.100.0.0%2F28', 'connection': 'close', 'date': 'Sun, 06 Dec 2015 23:40:15 GMT', 'content-type': 'application/json; charset=UTF-8', 'x-openstack-request-id': 'req-3d37b382-6722-4351-9be5-78c3fd7f7d5a'}
        Body: {"subnets": []}
2015-12-06 23:40:15,671 27344 INFO     [tempest_lib.common.rest_client] Request (TestGettingAddress:test_dhcp6_stateless_from_os): 201 POST http://10.0.2.15:9696/v2.0/subnets 0.275s
2015-12-06 23:40:15,671 27344 DEBUG    [tempest_lib.common.rest_client] Request - Headers: {'Content-Type': 'application/json', 'Accept': 'application/json', 'X-Auth-Token': '&lt;omitted&gt;'}
        Body: {"subnet": {"ip_version": 4, "tenant_id": "4bde703af83b4c249252aa9abc5e0f10", "cidr": "10.100.0.0/28", "network_id": "bd8897af-5a39-4daa-8b87-daf5ed7b8652", "name": "tempest-sub4-1493724919"}}
    Response - Headers: {'status': '201', 'content-length': '470', 'connection': 'close', 'date': 'Sun, 06 Dec 2015 23:40:15 GMT', 'content-type': 'application/json; charset=UTF-8', 'x-openstack-request-id': 'req-d7cc71dc-464c-4581-8988-da9b616f3b6d'}
        Body: {"subnet": {"name": "tempest-sub4-1493724919", "enable_dhcp": true, "network_id": "bd8897af-5a39-4daa-8b87-daf5ed7b8652", "tenant_id": "4bde703af83b4c249252aa9abc5e0f10", "dns_nameservers": [], "gateway_ip": "10.100.0.1", "ipv6_ra_mode": null, "allocation_pools": [{"start": "10.100.0.2", "end": "10.100.0.14"}], "host_routes": [], "ip_version": 4, "ipv6_address_mode": null, "cidr": "10.100.0.0/28", "id": "b2a94ff1-6ac1-4c18-b36e-431054bcf62b", "subnetpool_id": null}}
2015-12-06 23:40:15,727 27344 INFO     [tempest_lib.common.rest_client] Request (TestGettingAddress:test_dhcp6_stateless_from_os): 201 POST http://10.0.2.15:9696/v2.0/routers 0.055s
2015-12-06 23:40:15,727 27344 DEBUG    [tempest_lib.common.rest_client] Request - Headers: {'Content-Type': 'application/json', 'Accept': 'application/json', 'X-Auth-Token': '&lt;omitted&gt;'}
        Body: {"router": {"tenant_id": "4bde703af83b4c249252aa9abc5e0f10", "name": "tempest-router-smoke-2072308343", "admin_state_up": true}}
    Response - Headers: {'status': '201', 'content-length': '239', 'connection': 'close', 'date': 'Sun, 06 Dec 2015 23:40:15 GMT', 'content-type': 'application/json; charset=UTF-8', 'x-openstack-request-id': 'req-6264f66b-2938-47a8-b133-9732d230038d'}
        Body: {"router": {"status": "ACTIVE", "external_gateway_info": null, "name": "tempest-router-smoke-2072308343", "admin_state_up": true, "tenant_id": "4bde703af83b4c249252aa9abc5e0f10", "routes": [], "id": "3a860811-e106-4334-8fb1-3e630795027d"}}
2015-12-06 23:40:15,766 27344 INFO     [tempest_lib.common.rest_client] Request (TestGettingAddress:test_dhcp6_stateless_from_os): 200 GET http://10.0.2.15:9696/v2.0/routers/3a860811-e106-4334-8fb1-3e630795027d 0.038s
2015-12-06 23:40:15,767 27344 DEBUG    [tempest_lib.common.rest_client] Request - Headers: {'Content-Type': 'application/json', 'Accept': 'application/json', 'X-Auth-Token': '&lt;omitted&gt;'}
        Body: None
    Response - Headers: {'status': '200', 'content-length': '239', 'content-location': 'http://10.0.2.15:9696/v2.0/routers/3a860811-e106-4334-8fb1-3e630795027d', 'connection': 'close', 'date': 'Sun, 06 Dec 2015 23:40:15 GMT', 'content-type': 'application/json; charset=UTF-8', 'x-openstack-request-id': 'req-e27b7520-66bb-4ef2-8cea-2934080c978e'}
        Body: {"router": {"status": "ACTIVE", "external_gateway_info": null, "name": "tempest-router-smoke-2072308343", "admin_state_up": true, "tenant_id": "4bde703af83b4c249252aa9abc5e0f10", "routes": [], "id": "3a860811-e106-4334-8fb1-3e630795027d"}}
2015-12-06 23:40:16,293 27344 INFO     [tempest_lib.common.rest_client] Request (TestGettingAddress:test_dhcp6_stateless_from_os): 200 PUT http://10.0.2.15:9696/v2.0/routers/3a860811-e106-4334-8fb1-3e630795027d 0.525s
2015-12-06 23:40:16,293 27344 DEBUG    [tempest_lib.common.rest_client] Request - Headers: {'Content-Type': 'application/json', 'Accept': 'application/json', 'X-Auth-Token': '&lt;omitted&gt;'}
        Body: {"router": {"external_gateway_info": {"network_id": "04f8014b-1dd9-44c8-8604-fc6b3b2d5848"}, "name": "tempest-router-smoke-2072308343", "admin_state_up": true}}
    Response - Headers: {'status': '200', 'content-length': '501', 'connection': 'close', 'date': 'Sun, 06 Dec 2015 23:40:16 GMT', 'content-type': 'application/json; charset=UTF-8', 'x-openstack-request-id': 'req-cba17dcc-fcde-4c21-8d1b-644186ca687f'}
        Body: {"router": {"status": "ACTIVE", "external_gateway_info": {"network_id": "04f8014b-1dd9-44c8-8604-fc6b3b2d5848", "enable_snat": true, "external_fixed_ips": [{"subnet_id": "03c7ecee-b9fd-4f51-86b2-a070ebccfa6d", "ip_address": "172.24.4.3"}, {"subnet_id": "28b9c936-fea5-453a-bdb0-1c1c200d0a7a", "ip_address": "2001:db8::4"}]}, "name": "tempest-router-smoke-2072308343", "admin_state_up": true, "tenant_id": "4bde703af83b4c249252aa9abc5e0f10", "routes": [], "id": "3a860811-e106-4334-8fb1-3e630795027d"}}
2015-12-06 23:40:16,756 27344 INFO     [tempest_lib.common.rest_client] Request (TestGettingAddress:test_dhcp6_stateless_from_os): 200 PUT http://10.0.2.15:9696/v2.0/routers/3a860811-e106-4334-8fb1-3e630795027d/add_router_interface 0.462s
2015-12-06 23:40:16,757 27344 DEBUG    [tempest_lib.common.rest_client] Request - Headers: {'Content-Type': 'application/json', 'Accept': 'application/json', 'X-Auth-Token': '&lt;omitted&gt;'}
        Body: {"subnet_id": "b2a94ff1-6ac1-4c18-b36e-431054bcf62b"}
    Response - Headers: {'status': '200', 'content-length': '255', 'connection': 'close', 'date': 'Sun, 06 Dec 2015 23:40:16 GMT', 'content-type': 'application/json; charset=UTF-8', 'x-openstack-request-id': 'req-8777e3a4-4166-4500-a27f-e59800e03006'}
        Body: {"subnet_id": "b2a94ff1-6ac1-4c18-b36e-431054bcf62b", "tenant_id": "4bde703af83b4c249252aa9abc5e0f10", "subnet_ids": ["b2a94ff1-6ac1-4c18-b36e-431054bcf62b"], "port_id": "5d1da5aa-ffb3-4713-9552-90e2f0d94f9b", "id": "3a860811-e106-4334-8fb1-3e630795027d"}
2015-12-06 23:40:16,793 27344 INFO     [tempest_lib.common.rest_client] Request (TestGettingAddress:test_dhcp6_stateless_from_os): 200 GET http://10.0.2.15:9696/v2.0/subnets?tenant_id=4bde703af83b4c249252aa9abc5e0f10&amp;cidr=2003%3A%3A%2F64 0.034s
2015-12-06 23:40:16,794 27344 DEBUG    [tempest_lib.common.rest_client] Request - Headers: {'Content-Type': 'application/json', 'Accept': 'application/json', 'X-Auth-Token': '&lt;omitted&gt;'}
        Body: None
    Response - Headers: {'status': '200', 'content-length': '15', 'content-location': 'http://10.0.2.15:9696/v2.0/subnets?tenant_id=4bde703af83b4c249252aa9abc5e0f10&amp;cidr=2003%3A%3A%2F64', 'connection': 'close', 'date': 'Sun, 06 Dec 2015 23:40:16 GMT', 'content-type': 'application/json; charset=UTF-8', 'x-openstack-request-id': 'req-2460e50d-30d4-4910-8891-1dba61fd81da'}
        Body: {"subnets": []}
2015-12-06 23:40:17,129 27344 INFO     [tempest_lib.common.rest_client] Request (TestGettingAddress:test_dhcp6_stateless_from_os): 201 POST http://10.0.2.15:9696/v2.0/subnets 0.334s
2015-12-06 23:40:17,129 27344 DEBUG    [tempest_lib.common.rest_client] Request - Headers: {'Content-Type': 'application/json', 'Accept': 'application/json', 'X-Auth-Token': '&lt;omitted&gt;'}
        Body: {"subnet": {"name": "tempest-sub6-481397671", "network_id": "bd8897af-5a39-4daa-8b87-daf5ed7b8652", "tenant_id": "4bde703af83b4c249252aa9abc5e0f10", "ipv6_ra_mode": "dhcpv6-stateless", "ip_version": 6, "ipv6_address_mode": "dhcpv6-stateless", "cidr": "2003::/64"}}
    Response - Headers: {'status': '201', 'content-length': '501', 'connection': 'close', 'date': 'Sun, 06 Dec 2015 23:40:17 GMT', 'content-type': 'application/json; charset=UTF-8', 'x-openstack-request-id': 'req-8954759c-f776-4628-b72d-8b0ccec952f3'}
        Body: {"subnet": {"name": "tempest-sub6-481397671", "enable_dhcp": true, "network_id": "bd8897af-5a39-4daa-8b87-daf5ed7b8652", "tenant_id": "4bde703af83b4c249252aa9abc5e0f10", "dns_nameservers": [], "gateway_ip": "2003::1", "ipv6_ra_mode": "dhcpv6-stateless", "allocation_pools": [{"start": "2003::2", "end": "2003::ffff:ffff:ffff:ffff"}], "host_routes": [], "ip_version": 6, "ipv6_address_mode": "dhcpv6-stateless", "cidr": "2003::/64", "id": "1bc6320f-7c1a-48db-8ac4-fea4496b5cca", "subnetpool_id": null}}
2015-12-06 23:40:17,756 27344 INFO     [tempest_lib.common.rest_client] Request (TestGettingAddress:test_dhcp6_stateless_from_os): 200 PUT http://10.0.2.15:9696/v2.0/routers/3a860811-e106-4334-8fb1-3e630795027d/add_router_interface 0.625s
2015-12-06 23:40:17,756 27344 DEBUG    [tempest_lib.common.rest_client] Request - Headers: {'Content-Type': 'application/json', 'Accept': 'application/json', 'X-Auth-Token': '&lt;omitted&gt;'}
        Body: {"subnet_id": "1bc6320f-7c1a-48db-8ac4-fea4496b5cca"}
    Response - Headers: {'status': '200', 'content-length': '255', 'connection': 'close', 'date': 'Sun, 06 Dec 2015 23:40:17 GMT', 'content-type': 'application/json; charset=UTF-8', 'x-openstack-request-id': 'req-86ea96c8-1cd6-42fd-9bc7-498c540ff181'}
        Body: {"subnet_id": "1bc6320f-7c1a-48db-8ac4-fea4496b5cca", "tenant_id": "4bde703af83b4c249252aa9abc5e0f10", "subnet_ids": ["1bc6320f-7c1a-48db-8ac4-fea4496b5cca"], "port_id": "73fcb394-533d-4d32-bb15-089c7b20e945", "id": "3a860811-e106-4334-8fb1-3e630795027d"}
2015-12-06 23:40:17,871 27344 INFO     [tempest_lib.common.rest_client] Request (TestGettingAddress:test_dhcp6_stateless_from_os): 200 POST http://10.0.2.15:5000/v2.0/tokens
2015-12-06 23:40:17,871 27344 DEBUG    [tempest_lib.common.rest_client] Request - Headers: {'Content-Type': 'application/json', 'Accept': 'application/json'}
        Body: &lt;omitted&gt;
    Response - Headers: {'status': '200', 'content-length': '2524', 'vary': 'X-Auth-Token', 'server': 'Apache/2.4.7 (Ubuntu)', 'connection': 'close', 'date': 'Sun, 06 Dec 2015 23:40:17 GMT', 'content-type': 'application/json', 'x-openstack-request-id': 'req-dfe11801-1c2b-4e18-b714-9f4673edf98e'}
        Body: {"access": {"token": {"issued_at": "2015-12-06T23:40:17.858405", "expires": "2015-12-07T00:40:17Z", "id": "9b2ef8838b8649d7baef28b3b1724db5", "tenant": {"description": "tempest-TestGettingAddress-1441932215-desc", "enabled": true, "id": "4bde703af83b4c249252aa9abc5e0f10", "name": "tempest-TestGettingAddress-1441932215"}, "audit_ids": ["_YPjd6GZS7C3zX7UQo4RSg"]}, "serviceCatalog": [{"endpoints": [{"adminURL": "http://10.0.2.15:8774/v2.1/4bde703af83b4c249252aa9abc5e0f10", "region": "RegionOne", "internalURL": "http://10.0.2.15:8774/v2.1/4bde703af83b4c249252aa9abc5e0f10", "id": "5f2a6f1fe2724da8806f4ec50a432850", "publicURL": "http://10.0.2.15:8774/v2.1/4bde703af83b4c249252aa9abc5e0f10"}], "endpoints_links": [], "type": "compute", "name": "nova"}, {"endpoints": [{"adminURL": "http://10.0.2.15:9696/", "region": "RegionOne", "internalURL": "http://10.0.2.15:9696/", "id": "16be4c60b50449cca257cb523ef4d5dc", "publicURL": "http://10.0.2.15:9696/"}], "endpoints_links": [], "type": "network", "name": "neutron"}, {"endpoints": [{"adminURL": "http://10.0.2.15:9292", "region": "RegionOne", "internalURL": "http://10.0.2.15:9292", "id": "7815ab03d02e4f49ad0882c089d527f3", "publicURL": "http://10.0.2.15:9292"}], "endpoints_links": [], "type": "image", "name": "glance"}, {"endpoints": [{"adminURL": "http://10.0.2.15:8774/v2/4bde703af83b4c249252aa9abc5e0f10", "region": "RegionOne", "internalURL": "http://10.0.2.15:8774/v2/4bde703af83b4c249252aa9abc5e0f10", "id": "56115970611c4b09855133f397c7fd79", "publicURL": "http://10.0.2.15:8774/v2/4bde703af83b4c249252aa9abc5e0f10"}], "endpoints_links": [], "type": "compute_legacy", "name": "nova_legacy"}, {"endpoints": [{"adminURL": "http://10.0.2.15:8773/", "region": "RegionOne", "internalURL": "http://10.0.2.15:8773/", "id": "1c3a78f808d24a01922564258eeec2a1", "publicURL": "http://10.0.2.15:8773/"}], "endpoints_links": [], "type": "ec2", "name": "ec2"}, {"endpoints": [{"adminURL": "http://10.0.2.15:35357/v2.0", "region": "RegionOne", "internalURL": "http://10.0.2.15:5000/v2.0", "id": "0a4a31f2b1bd46c098c0aa797820fbb7", "publicURL": "http://10.0.2.15:5000/v2.0"}], "endpoints_links": [], "type": "identity", "name": "keystone"}], "user": {"username": "tempest-TestGettingAddress-319043189", "roles_links": [], "id": "7cfacf6dc15f456fbe4c0a72ce615a09", "roles": [{"name": "_member_"}, {"name": "Member"}], "name": "tempest-TestGettingAddress-319043189"}, "metadata": {"is_admin": 0, "roles": ["9fe2ff9ee4384b1894a90878d3e92bab", "acd592505781496ca69735ef3bfeb58e"]}}}
2015-12-06 23:40:17,877 27344 DEBUG    [tempest.common.fixed_network] (TestGettingAddress:test_dhcp6_stateless_from_os) No valid network provided or created, defaulting to fixed_network_name
2015-12-06 23:40:18,200 27344 INFO     [tempest_lib.common.rest_client] Request (TestGettingAddress:test_dhcp6_stateless_from_os): 200 GET http://10.0.2.15:8774/v2.1/4bde703af83b4c249252aa9abc5e0f10/os-networks 0.322s
2015-12-06 23:40:18,201 27344 DEBUG    [tempest_lib.common.rest_client] Request - Headers: {'Content-Type': 'application/json', 'Accept': 'application/json', 'X-Auth-Token': '&lt;omitted&gt;'}
        Body: None
    Response - Headers: {'status': '200', 'content-length': '479', 'content-location': 'http://10.0.2.15:8774/v2.1/4bde703af83b4c249252aa9abc5e0f10/os-networks', 'x-compute-request-id': 'req-9992183f-4c8c-44ed-9972-e8c3d05ebc19', 'vary': 'X-OpenStack-Nova-API-Version', 'connection': 'close', 'x-openstack-nova-api-version': '2.1', 'date': 'Sun, 06 Dec 2015 23:40:18 GMT', 'content-type': 'application/json'}
        Body: {"networks": [{"cidr_v6": null, "dns2": null, "dns1": null, "gateway": null, "broadcast": null, "netmask": null, "gateway_v6": null, "cidr": null, "label": "tempest-network-smoke--2138905310", "id": "bd8897af-5a39-4daa-8b87-daf5ed7b8652", "netmask_v6": null}, {"cidr_v6": null, "dns2": null, "dns1": null, "gateway": null, "broadcast": null, "netmask": null, "gateway_v6": null, "cidr": null, "label": "public", "id": "04f8014b-1dd9-44c8-8604-fc6b3b2d5848", "netmask_v6": null}]}
2015-12-06 23:40:18,202 27344 WARNING  [tempest.common.fixed_network] (TestGettingAddress:test_dhcp6_stateless_from_os) Network with name: private not found
2015-12-06 23:40:18,202 27344 INFO     [tempest.common.fixed_network] (TestGettingAddress:test_dhcp6_stateless_from_os) Found network {} available for tenant
2015-12-06 23:40:19,448 27344 INFO     [tempest_lib.common.rest_client] Request (TestGettingAddress:test_dhcp6_stateless_from_os): 202 POST http://10.0.2.15:8774/v2.1/4bde703af83b4c249252aa9abc5e0f10/servers 1.245s
2015-12-06 23:40:19,449 27344 DEBUG    [tempest_lib.common.rest_client] Request - Headers: {'Content-Type': 'application/json', 'Accept': 'application/json', 'X-Auth-Token': '&lt;omitted&gt;'}
        Body: {"server": {"name": "tempest.common.compute-instance-1127825890", "imageRef": "9a6bb78d-864c-415c-9ef5-f193579dcd4b", "key_name": "tempest-TestGettingAddress-1173024206", "flavorRef": "42", "networks": [{"uuid": "bd8897af-5a39-4daa-8b87-daf5ed7b8652"}], "security_groups": [{"name": "tempest-secgroup-smoke-217374642"}]}}
    Response - Headers: {'status': '202', 'content-length': '461', 'x-compute-request-id': 'req-7cc13e75-7f3c-431a-b654-6f8494478e34', 'vary': 'X-OpenStack-Nova-API-Version', 'connection': 'close', 'location': 'http://10.0.2.15:8774/v2.1/4bde703af83b4c249252aa9abc5e0f10/servers/601eea62-59ca-4d21-9635-8a7d07463a43', 'x-openstack-nova-api-version': '2.1', 'date': 'Sun, 06 Dec 2015 23:40:19 GMT', 'content-type': 'application/json'}
        Body: {"server": {"security_groups": [{"name": "tempest-secgroup-smoke-217374642"}], "OS-DCF:diskConfig": "MANUAL", "id": "601eea62-59ca-4d21-9635-8a7d07463a43", "links": [{"href": "http://10.0.2.15:8774/v2.1/4bde703af83b4c249252aa9abc5e0f10/servers/601eea62-59ca-4d21-9635-8a7d07463a43", "rel": "self"}, {"href": "http://10.0.2.15:8774/4bde703af83b4c249252aa9abc5e0f10/servers/601eea62-59ca-4d21-9635-8a7d07463a43", "rel": "bookmark"}], "adminPass": "2u64Ju9jxpLE"}}
2015-12-06 23:40:19,602 27344 INFO     [tempest_lib.common.rest_client] Request (TestGettingAddress:test_dhcp6_stateless_from_os): 200 GET http://10.0.2.15:8774/v2.1/4bde703af83b4c249252aa9abc5e0f10/servers/601eea62-59ca-4d21-9635-8a7d07463a43 0.150s
2015-12-06 23:40:19,602 27344 DEBUG    [tempest_lib.common.rest_client] Request - Headers: {'Content-Type': 'application/json', 'Accept': 'application/json', 'X-Auth-Token': '&lt;omitted&gt;'}
        Body: None
    Response - Headers: {'status': '200', 'content-length': '1355', 'content-location': 'http://10.0.2.15:8774/v2.1/4bde703af83b4c249252aa9abc5e0f10/servers/601eea62-59ca-4d21-9635-8a7d07463a43', 'x-compute-request-id': 'req-cd9de369-cf94-42ee-b40a-32c02035ea4e', 'vary': 'X-OpenStack-Nova-API-Version', 'connection': 'close', 'x-openstack-nova-api-version': '2.1', 'date': 'Sun, 06 Dec 2015 23:40:19 GMT', 'content-type': 'application/json'}
        Body: {"server": {"status": "BUILD", "updated": "2015-12-06T23:40:19Z", "hostId": "", "addresses": {}, "links": [{"href": "http://10.0.2.15:8774/v2.1/4bde703af83b4c249252aa9abc5e0f10/servers/601eea62-59ca-4d21-9635-8a7d07463a43", "rel": "self"}, {"href": "http://10.0.2.15:8774/4bde703af83b4c249252aa9abc5e0f10/servers/601eea62-59ca-4d21-9635-8a7d07463a43", "rel": "bookmark"}], "key_name": "tempest-TestGettingAddress-1173024206", "image": {"id": "9a6bb78d-864c-415c-9ef5-f193579dcd4b", "links": [{"href": "http://10.0.2.15:8774/4bde703af83b4c249252aa9abc5e0f10/images/9a6bb78d-864c-415c-9ef5-f193579dcd4b", "rel": "bookmark"}]}, "OS-EXT-STS:task_state": "scheduling", "OS-EXT-STS:vm_state": "building", "OS-SRV-USG:launched_at": null, "flavor": {"id": "42", "links": [{"href": "http://10.0.2.15:8774/4bde703af83b4c249252aa9abc5e0f10/flavors/42", "rel": "bookmark"}]}, "id": "601eea62-59ca-4d21-9635-8a7d07463a43", "OS-SRV-USG:terminated_at": null, "OS-EXT-AZ:availability_zone": "", "user_id": "7cfacf6dc15f456fbe4c0a72ce615a09", "name": "tempest.common.compute-instance-1127825890", "created": "2015-12-06T23:40:19Z", "tenant_id": "4bde703af83b4c249252aa9abc5e0f10", "OS-DCF:diskConfig": "MANUAL", "os-extended-volumes:volumes_attached": [], "accessIPv4": "", "accessIPv6": "", "progress": 0, "OS-EXT-STS:power_state": 0, "config_drive": "", "metadata": {}}}
2015-12-06 23:40:20,866 27344 INFO     [tempest_lib.common.rest_client] Request (TestGettingAddress:test_dhcp6_stateless_from_os): 200 GET http://10.0.2.15:8774/v2.1/4bde703af83b4c249252aa9abc5e0f10/servers/601eea62-59ca-4d21-9635-8a7d07463a43 0.254s
2015-12-06 23:40:20,866 27344 DEBUG    [tempest_lib.common.rest_client] Request - Headers: {'Content-Type': 'application/json', 'Accept': 'application/json', 'X-Auth-Token': '&lt;omitted&gt;'}
        Body: None
    Response - Headers: {'status': '200', 'content-length': '1480', 'content-location': 'http://10.0.2.15:8774/v2.1/4bde703af83b4c249252aa9abc5e0f10/servers/601eea62-59ca-4d21-9635-8a7d07463a43', 'x-compute-request-id': 'req-206b51dc-642c-4e2f-902b-4574a8a5cb80', 'vary': 'X-OpenStack-Nova-API-Version', 'connection': 'close', 'x-openstack-nova-api-version': '2.1', 'date': 'Sun, 06 Dec 2015 23:40:20 GMT', 'content-type': 'application/json'}
        Body: {"server": {"status": "BUILD", "updated": "2015-12-06T23:40:20Z", "hostId": "a5783c4e575996ae3c108c10219852a689d09215fbc1e25e6eb667ce", "addresses": {}, "links": [{"href": "http://10.0.2.15:8774/v2.1/4bde703af83b4c249252aa9abc5e0f10/servers/601eea62-59ca-4d21-9635-8a7d07463a43", "rel": "self"}, {"href": "http://10.0.2.15:8774/4bde703af83b4c249252aa9abc5e0f10/servers/601eea62-59ca-4d21-9635-8a7d07463a43", "rel": "bookmark"}], "key_name": "tempest-TestGettingAddress-1173024206", "image": {"id": "9a6bb78d-864c-415c-9ef5-f193579dcd4b", "links": [{"href": "http://10.0.2.15:8774/4bde703af83b4c249252aa9abc5e0f10/images/9a6bb78d-864c-415c-9ef5-f193579dcd4b", "rel": "bookmark"}]}, "OS-EXT-STS:task_state": "spawning", "OS-EXT-STS:vm_state": "building", "OS-SRV-USG:launched_at": null, "flavor": {"id": "42", "links": [{"href": "http://10.0.2.15:8774/4bde703af83b4c249252aa9abc5e0f10/flavors/42", "rel": "bookmark"}]}, "id": "601eea62-59ca-4d21-9635-8a7d07463a43", "security_groups": [{"name": "tempest-secgroup-smoke-217374642"}], "OS-SRV-USG:terminated_at": null, "OS-EXT-AZ:availability_zone": "nova", "user_id": "7cfacf6dc15f456fbe4c0a72ce615a09", "name": "tempest.common.compute-instance-1127825890", "created": "2015-12-06T23:40:19Z", "tenant_id": "4bde703af83b4c249252aa9abc5e0f10", "OS-DCF:diskConfig": "MANUAL", "os-extended-volumes:volumes_attached": [], "accessIPv4": "", "accessIPv6": "", "progress": 0, "OS-EXT-STS:power_state": 0, "config_drive": "", "metadata": {}}}
2015-12-06 23:40:20,874 27344 INFO     [tempest.common.waiters] State transition "BUILD/scheduling" ==&gt; "BUILD/spawning" after 1 second wait
2015-12-06 23:40:22,198 27344 INFO     [tempest_lib.common.rest_client] Request (TestGettingAddress:test_dhcp6_stateless_from_os): 200 GET http://10.0.2.15:8774/v2.1/4bde703af83b4c249252aa9abc5e0f10/servers/601eea62-59ca-4d21-9635-8a7d07463a43 0.322s
2015-12-06 23:40:22,199 27344 DEBUG    [tempest_lib.common.rest_client] Request - Headers: {'Content-Type': 'application/json', 'Accept': 'application/json', 'X-Auth-Token': '&lt;omitted&gt;'}
        Body: None
    Response - Headers: {'status': '200', 'content-length': '1480', 'content-location': 'http://10.0.2.15:8774/v2.1/4bde703af83b4c249252aa9abc5e0f10/servers/601eea62-59ca-4d21-9635-8a7d07463a43', 'x-compute-request-id': 'req-814f90d5-0012-4d4b-97f0-8a764eed68e0', 'vary': 'X-OpenStack-Nova-API-Version', 'connection': 'close', 'x-openstack-nova-api-version': '2.1', 'date': 'Sun, 06 Dec 2015 23:40:22 GMT', 'content-type': 'application/json'}
        Body: {"server": {"status": "BUILD", "updated": "2015-12-06T23:40:20Z", "hostId": "a5783c4e575996ae3c108c10219852a689d09215fbc1e25e6eb667ce", "addresses": {}, "links": [{"href": "http://10.0.2.15:8774/v2.1/4bde703af83b4c249252aa9abc5e0f10/servers/601eea62-59ca-4d21-9635-8a7d07463a43", "rel": "self"}, {"href": "http://10.0.2.15:8774/4bde703af83b4c249252aa9abc5e0f10/servers/601eea62-59ca-4d21-9635-8a7d07463a43", "rel": "bookmark"}], "key_name": "tempest-TestGettingAddress-1173024206", "image": {"id": "9a6bb78d-864c-415c-9ef5-f193579dcd4b", "links": [{"href": "http://10.0.2.15:8774/4bde703af83b4c249252aa9abc5e0f10/images/9a6bb78d-864c-415c-9ef5-f193579dcd4b", "rel": "bookmark"}]}, "OS-EXT-STS:task_state": "spawning", "OS-EXT-STS:vm_state": "building", "OS-SRV-USG:launched_at": null, "flavor": {"id": "42", "links": [{"href": "http://10.0.2.15:8774/4bde703af83b4c249252aa9abc5e0f10/flavors/42", "rel": "bookmark"}]}, "id": "601eea62-59ca-4d21-9635-8a7d07463a43", "security_groups": [{"name": "tempest-secgroup-smoke-217374642"}], "OS-SRV-USG:terminated_at": null, "OS-EXT-AZ:availability_zone": "nova", "user_id": "7cfacf6dc15f456fbe4c0a72ce615a09", "name": "tempest.common.compute-instance-1127825890", "created": "2015-12-06T23:40:19Z", "tenant_id": "4bde703af83b4c249252aa9abc5e0f10", "OS-DCF:diskConfig": "MANUAL", "os-extended-volumes:volumes_attached": [], "accessIPv4": "", "accessIPv6": "", "progress": 0, "OS-EXT-STS:power_state": 0, "config_drive": "", "metadata": {}}}
2015-12-06 23:40:23,385 27344 INFO     [tempest_lib.common.rest_client] Request (TestGettingAddress:test_dhcp6_stateless_from_os): 200 GET http://10.0.2.15:8774/v2.1/4bde703af83b4c249252aa9abc5e0f10/servers/601eea62-59ca-4d21-9635-8a7d07463a43 0.175s
2015-12-06 23:40:23,386 27344 DEBUG    [tempest_lib.common.rest_client] Request - Headers: {'Content-Type': 'application/json', 'Accept': 'application/json', 'X-Auth-Token': '&lt;omitted&gt;'}
        Body: None
    Response - Headers: {'status': '200', 'content-length': '1781', 'content-location': 'http://10.0.2.15:8774/v2.1/4bde703af83b4c249252aa9abc5e0f10/servers/601eea62-59ca-4d21-9635-8a7d07463a43', 'x-compute-request-id': 'req-dd395350-4bc0-4749-bcd1-9a9125770539', 'vary': 'X-OpenStack-Nova-API-Version', 'connection': 'close', 'x-openstack-nova-api-version': '2.1', 'date': 'Sun, 06 Dec 2015 23:40:23 GMT', 'content-type': 'application/json'}
        Body: {"server": {"status": "ACTIVE", "updated": "2015-12-06T23:40:22Z", "hostId": "a5783c4e575996ae3c108c10219852a689d09215fbc1e25e6eb667ce", "addresses": {"tempest-network-smoke--2138905310": [{"OS-EXT-IPS-MAC:mac_addr": "fa:16:3e:3a:fe:93", "version": 4, "addr": "10.100.0.3", "OS-EXT-IPS:type": "fixed"}, {"OS-EXT-IPS-MAC:mac_addr": "fa:16:3e:3a:fe:93", "version": 6, "addr": "2003::f816:3eff:fe3a:fe93", "OS-EXT-IPS:type": "fixed"}]}, "links": [{"href": "http://10.0.2.15:8774/v2.1/4bde703af83b4c249252aa9abc5e0f10/servers/601eea62-59ca-4d21-9635-8a7d07463a43", "rel": "self"}, {"href": "http://10.0.2.15:8774/4bde703af83b4c249252aa9abc5e0f10/servers/601eea62-59ca-4d21-9635-8a7d07463a43", "rel": "bookmark"}], "key_name": "tempest-TestGettingAddress-1173024206", "image": {"id": "9a6bb78d-864c-415c-9ef5-f193579dcd4b", "links": [{"href": "http://10.0.2.15:8774/4bde703af83b4c249252aa9abc5e0f10/images/9a6bb78d-864c-415c-9ef5-f193579dcd4b", "rel": "bookmark"}]}, "OS-EXT-STS:task_state": null, "OS-EXT-STS:vm_state": "active", "OS-SRV-USG:launched_at": "2015-12-06T23:40:22.000000", "flavor": {"id": "42", "links": [{"href": "http://10.0.2.15:8774/4bde703af83b4c249252aa9abc5e0f10/flavors/42", "rel": "bookmark"}]}, "id": "601eea62-59ca-4d21-9635-8a7d07463a43", "security_groups": [{"name": "tempest-secgroup-smoke-217374642"}], "OS-SRV-USG:terminated_at": null, "OS-EXT-AZ:availability_zone": "nova", "user_id": "7cfacf6dc15f456fbe4c0a72ce615a09", "name": "tempest.common.compute-instance-1127825890", "created": "2015-12-06T23:40:19Z", "tenant_id": "4bde703af83b4c249252aa9abc5e0f10", "OS-DCF:diskConfig": "MANUAL", "os-extended-volumes:volumes_attached": [], "accessIPv4": "", "accessIPv6": "", "progress": 0, "OS-EXT-STS:power_state": 1, "config_drive": "True", "metadata": {}}}
2015-12-06 23:40:23,394 27344 INFO     [tempest.common.waiters] State transition "BUILD/spawning" ==&gt; "ACTIVE/None" after 4 second wait
2015-12-06 23:40:23,571 27344 INFO     [tempest_lib.common.rest_client] Request (TestGettingAddress:test_dhcp6_stateless_from_os): 200 GET http://10.0.2.15:8774/v2.1/4bde703af83b4c249252aa9abc5e0f10/servers/601eea62-59ca-4d21-9635-8a7d07463a43 0.176s
2015-12-06 23:40:23,572 27344 DEBUG    [tempest_lib.common.rest_client] Request - Headers: {'Content-Type': 'application/json', 'Accept': 'application/json', 'X-Auth-Token': '&lt;omitted&gt;'}
        Body: None
    Response - Headers: {'status': '200', 'content-length': '1781', 'content-location': 'http://10.0.2.15:8774/v2.1/4bde703af83b4c249252aa9abc5e0f10/servers/601eea62-59ca-4d21-9635-8a7d07463a43', 'x-compute-request-id': 'req-731a1858-cf36-4874-aec5-1d63e836f626', 'vary': 'X-OpenStack-Nova-API-Version', 'connection': 'close', 'x-openstack-nova-api-version': '2.1', 'date': 'Sun, 06 Dec 2015 23:40:23 GMT', 'content-type': 'application/json'}
        Body: {"server": {"status": "ACTIVE", "updated": "2015-12-06T23:40:22Z", "hostId": "a5783c4e575996ae3c108c10219852a689d09215fbc1e25e6eb667ce", "addresses": {"tempest-network-smoke--2138905310": [{"OS-EXT-IPS-MAC:mac_addr": "fa:16:3e:3a:fe:93", "version": 4, "addr": "10.100.0.3", "OS-EXT-IPS:type": "fixed"}, {"OS-EXT-IPS-MAC:mac_addr": "fa:16:3e:3a:fe:93", "version": 6, "addr": "2003::f816:3eff:fe3a:fe93", "OS-EXT-IPS:type": "fixed"}]}, "links": [{"href": "http://10.0.2.15:8774/v2.1/4bde703af83b4c249252aa9abc5e0f10/servers/601eea62-59ca-4d21-9635-8a7d07463a43", "rel": "self"}, {"href": "http://10.0.2.15:8774/4bde703af83b4c249252aa9abc5e0f10/servers/601eea62-59ca-4d21-9635-8a7d07463a43", "rel": "bookmark"}], "key_name": "tempest-TestGettingAddress-1173024206", "image": {"id": "9a6bb78d-864c-415c-9ef5-f193579dcd4b", "links": [{"href": "http://10.0.2.15:8774/4bde703af83b4c249252aa9abc5e0f10/images/9a6bb78d-864c-415c-9ef5-f193579dcd4b", "rel": "bookmark"}]}, "OS-EXT-STS:task_state": null, "OS-EXT-STS:vm_state": "active", "OS-SRV-USG:launched_at": "2015-12-06T23:40:22.000000", "flavor": {"id": "42", "links": [{"href": "http://10.0.2.15:8774/4bde703af83b4c249252aa9abc5e0f10/flavors/42", "rel": "bookmark"}]}, "id": "601eea62-59ca-4d21-9635-8a7d07463a43", "security_groups": [{"name": "tempest-secgroup-smoke-217374642"}], "OS-SRV-USG:terminated_at": null, "OS-EXT-AZ:availability_zone": "nova", "user_id": "7cfacf6dc15f456fbe4c0a72ce615a09", "name": "tempest.common.compute-instance-1127825890", "created": "2015-12-06T23:40:19Z", "tenant_id": "4bde703af83b4c249252aa9abc5e0f10", "OS-DCF:diskConfig": "MANUAL", "os-extended-volumes:volumes_attached": [], "accessIPv4": "", "accessIPv6": "", "progress": 0, "OS-EXT-STS:power_state": 1, "config_drive": "True", "metadata": {}}}
2015-12-06 23:40:23,710 27344 INFO     [tempest_lib.common.rest_client] Request (TestGettingAddress:test_dhcp6_stateless_from_os): 200 GET http://10.0.2.15:9696/v2.0/ports?status=ACTIVE&amp;fixed_ip=None&amp;device_id=601eea62-59ca-4d21-9635-8a7d07463a43 0.129s
2015-12-06 23:40:23,710 27344 DEBUG    [tempest_lib.common.rest_client] Request - Headers: {'Content-Type': 'application/json', 'Accept': 'application/json', 'X-Auth-Token': '&lt;omitted&gt;'}
        Body: None
    Response - Headers: {'status': '200', 'content-length': '1142', 'content-location': 'http://10.0.2.15:9696/v2.0/ports?status=ACTIVE&amp;fixed_ip=None&amp;device_id=601eea62-59ca-4d21-9635-8a7d07463a43', 'connection': 'close', 'date': 'Sun, 06 Dec 2015 23:40:23 GMT', 'content-type': 'application/json; charset=UTF-8', 'x-openstack-request-id': 'req-6d11a275-ff34-451e-846c-e71e06fc1766'}
        Body: {"ports": [{"status": "ACTIVE", "binding:host_id": "vagrant-ubuntu-trusty-64", "allowed_address_pairs": [], "extra_dhcp_opts": [], "dns_assignment": [{"hostname": "host-10-100-0-3", "ip_address": "10.100.0.3", "fqdn": "host-10-100-0-3.openstacklocal."}, {"hostname": "host-2003--f816-3eff-fe3a-fe93", "ip_address": "2003::f816:3eff:fe3a:fe93", "fqdn": "host-2003--f816-3eff-fe3a-fe93.openstacklocal."}], "device_owner": "compute:None", "port_security_enabled": true, "binding:profile": {}, "fixed_ips": [{"subnet_id": "b2a94ff1-6ac1-4c18-b36e-431054bcf62b", "ip_address": "10.100.0.3"}, {"subnet_id": "1bc6320f-7c1a-48db-8ac4-fea4496b5cca", "ip_address": "2003::f816:3eff:fe3a:fe93"}], "id": "74c5d4cb-25f0-4d42-b3c6-2f2067c0a75e", "security_groups": ["b7e8962f-6e5d-48ad-beb9-a994aa127c9a"], "device_id": "601eea62-59ca-4d21-9635-8a7d07463a43", "name": "", "admin_state_up": true, "network_id": "bd8897af-5a39-4daa-8b87-daf5ed7b8652", "dns_name": "", "binding:vif_details": {"port_filter": true}, "binding:vnic_type": "normal", "binding:vif_type": "ovs", "tenant_id": "4bde703af83b4c249252aa9abc5e0f10", "mac_address": "fa:16:3e:3a:fe:93"}]}
2015-12-06 23:40:24,178 27344 INFO     [tempest_lib.common.rest_client] Request (TestGettingAddress:test_dhcp6_stateless_from_os): 201 POST http://10.0.2.15:9696/v2.0/floatingips 0.467s
2015-12-06 23:40:24,179 27344 DEBUG    [tempest_lib.common.rest_client] Request - Headers: {'Content-Type': 'application/json', 'Accept': 'application/json', 'X-Auth-Token': '&lt;omitted&gt;'}
        Body: {"floatingip": {"floating_network_id": "04f8014b-1dd9-44c8-8604-fc6b3b2d5848", "tenant_id": "4bde703af83b4c249252aa9abc5e0f10", "fixed_ip_address": "10.100.0.3", "port_id": "74c5d4cb-25f0-4d42-b3c6-2f2067c0a75e"}}
    Response - Headers: {'status': '201', 'content-length': '367', 'connection': 'close', 'date': 'Sun, 06 Dec 2015 23:40:24 GMT', 'content-type': 'application/json; charset=UTF-8', 'x-openstack-request-id': 'req-9345c38c-acd8-4669-8e90-111c07b8f520'}
        Body: {"floatingip": {"floating_network_id": "04f8014b-1dd9-44c8-8604-fc6b3b2d5848", "router_id": "3a860811-e106-4334-8fb1-3e630795027d", "fixed_ip_address": "10.100.0.3", "floating_ip_address": "172.24.4.4", "tenant_id": "4bde703af83b4c249252aa9abc5e0f10", "status": "DOWN", "port_id": "74c5d4cb-25f0-4d42-b3c6-2f2067c0a75e", "id": "4d12acd4-10e6-4c84-8962-4dbc8f4f793a"}}
2015-12-06 23:40:24,180 27344 INFO     [tempest_lib.common.ssh] Creating ssh connection to '172.24.4.4' as 'cirros' with public key authentication
2015-12-06 23:40:28,082 27344 WARNING  [tempest_lib.common.ssh] Failed to establish authenticated ssh connection to cirros@172.24.4.4 ([Errno None] Unable to connect to port 22 on  or 172.24.4.4). Number attempts: 1. Retry after 2 seconds.
2015-12-06 23:40:33,586 27344 WARNING  [tempest_lib.common.ssh] Failed to establish authenticated ssh connection to cirros@172.24.4.4 ([Errno None] Unable to connect to port 22 on  or 172.24.4.4). Number attempts: 2. Retry after 3 seconds.
2015-12-06 23:40:40,090 27344 WARNING  [tempest_lib.common.ssh] Failed to establish authenticated ssh connection to cirros@172.24.4.4 ([Errno None] Unable to connect to port 22 on  or 172.24.4.4). Number attempts: 3. Retry after 4 seconds.
2015-12-06 23:40:47,594 27344 WARNING  [tempest_lib.common.ssh] Failed to establish authenticated ssh connection to cirros@172.24.4.4 ([Errno None] Unable to connect to port 22 on  or 172.24.4.4). Number attempts: 4. Retry after 5 seconds.
2015-12-06 23:40:56,099 27344 WARNING  [tempest_lib.common.ssh] Failed to establish authenticated ssh connection to cirros@172.24.4.4 ([Errno None] Unable to connect to port 22 on  or 172.24.4.4). Number attempts: 5. Retry after 6 seconds.
2015-12-06 23:41:05,606 27344 WARNING  [tempest_lib.common.ssh] Failed to establish authenticated ssh connection to cirros@172.24.4.4 ([Errno None] Unable to connect to port 22 on  or 172.24.4.4). Number attempts: 6. Retry after 7 seconds.
2015-12-06 23:41:16,106 27344 WARNING  [tempest_lib.common.ssh] Failed to establish authenticated ssh connection to cirros@172.24.4.4 ([Errno None] Unable to connect to port 22 on  or 172.24.4.4). Number attempts: 7. Retry after 8 seconds.
2015-12-06 23:41:27,610 27344 WARNING  [tempest_lib.common.ssh] Failed to establish authenticated ssh connection to cirros@172.24.4.4 ([Errno None] Unable to connect to port 22 on  or 172.24.4.4). Number attempts: 8. Retry after 9 seconds.
2015-12-06 23:41:40,118 27344 WARNING  [tempest_lib.common.ssh] Failed to establish authenticated ssh connection to cirros@172.24.4.4 ([Errno None] Unable to connect to port 22 on  or 172.24.4.4). Number attempts: 9. Retry after 10 seconds.
2015-12-06 23:41:53,634 27344 WARNING  [tempest_lib.common.ssh] Failed to establish authenticated ssh connection to cirros@172.24.4.4 ([Errno None] Unable to connect to port 22 on  or 172.24.4.4). Number attempts: 10. Retry after 11 seconds.
2015-12-06 23:42:08,146 27344 WARNING  [tempest_lib.common.ssh] Failed to establish authenticated ssh connection to cirros@172.24.4.4 ([Errno None] Unable to connect to port 22 on  or 172.24.4.4). Number attempts: 11. Retry after 12 seconds.
2015-12-06 23:42:23,662 27344 WARNING  [tempest_lib.common.ssh] Failed to establish authenticated ssh connection to cirros@172.24.4.4 ([Errno None] Unable to connect to port 22 on  or 172.24.4.4). Number attempts: 12. Retry after 13 seconds.
2015-12-06 23:42:40,174 27344 WARNING  [tempest_lib.common.ssh] Failed to establish authenticated ssh connection to cirros@172.24.4.4 ([Errno None] Unable to connect to port 22 on  or 172.24.4.4). Number attempts: 13. Retry after 14 seconds.
2015-12-06 23:42:57,690 27344 WARNING  [tempest_lib.common.ssh] Failed to establish authenticated ssh connection to cirros@172.24.4.4 ([Errno None] Unable to connect to port 22 on  or 172.24.4.4). Number attempts: 14. Retry after 15 seconds.
2015-12-06 23:43:16,211 27344 WARNING  [tempest_lib.common.ssh] Failed to establish authenticated ssh connection to cirros@172.24.4.4 ([Errno None] Unable to connect to port 22 on  or 172.24.4.4). Number attempts: 15. Retry after 16 seconds.
2015-12-06 23:43:35,723 27344 WARNING  [tempest_lib.common.ssh] Failed to establish authenticated ssh connection to cirros@172.24.4.4 ([Errno None] Unable to connect to port 22 on  or 172.24.4.4). Number attempts: 16. Retry after 17 seconds.
2015-12-06 23:43:56,238 27344 ERROR    [tempest_lib.common.ssh] Failed to establish authenticated ssh connection to cirros@172.24.4.4 after 16 attempts
2015-12-06 23:43:56.238 27344 ERROR tempest_lib.common.ssh Traceback (most recent call last):
2015-12-06 23:43:56.238 27344 ERROR tempest_lib.common.ssh   File "/usr/local/lib/python2.7/dist-packages/tempest_lib/common/ssh.py", line 75, in _get_ssh_connection
2015-12-06 23:43:56.238 27344 ERROR tempest_lib.common.ssh     timeout=self.channel_timeout, pkey=self.pkey)
2015-12-06 23:43:56.238 27344 ERROR tempest_lib.common.ssh   File "/usr/local/lib/python2.7/dist-packages/paramiko/client.py", line 311, in connect
2015-12-06 23:43:56.238 27344 ERROR tempest_lib.common.ssh     raise NoValidConnectionsError(errors)
2015-12-06 23:43:56.238 27344 ERROR tempest_lib.common.ssh NoValidConnectionsError: [Errno None] Unable to connect to port 22 on  or 172.24.4.4
2015-12-06 23:43:56.238 27344 ERROR tempest_lib.common.ssh 
2015-12-06 23:43:56,240 27344 ERROR    [tempest.scenario.manager] (TestGettingAddress:test_dhcp6_stateless_from_os) Initializing SSH connection to 172.24.4.4 failed. Error: Connection to the 172.24.4.4 via SSH timed out.
User: cirros, Password: None
2015-12-06 23:43:56.240 27344 ERROR tempest.scenario.manager Traceback (most recent call last):
2015-12-06 23:43:56.240 27344 ERROR tempest.scenario.manager   File "tempest/scenario/manager.py", line 383, in get_remote_client
2015-12-06 23:43:56.240 27344 ERROR tempest.scenario.manager     linux_client.validate_authentication()
2015-12-06 23:43:56.240 27344 ERROR tempest.scenario.manager   File "tempest/common/utils/linux/remote_client.py", line 63, in validate_authentication
2015-12-06 23:43:56.240 27344 ERROR tempest.scenario.manager     self.ssh_client.test_connection_auth()
2015-12-06 23:43:56.240 27344 ERROR tempest.scenario.manager   File "/usr/local/lib/python2.7/dist-packages/tempest_lib/common/ssh.py", line 167, in test_connection_auth
2015-12-06 23:43:56.240 27344 ERROR tempest.scenario.manager     connection = self._get_ssh_connection()
2015-12-06 23:43:56.240 27344 ERROR tempest.scenario.manager   File "/usr/local/lib/python2.7/dist-packages/tempest_lib/common/ssh.py", line 87, in _get_ssh_connection
2015-12-06 23:43:56.240 27344 ERROR tempest.scenario.manager     password=self.password)
2015-12-06 23:43:56.240 27344 ERROR tempest.scenario.manager SSHTimeout: Connection to the 172.24.4.4 via SSH timed out.
2015-12-06 23:43:56.240 27344 ERROR tempest.scenario.manager User: cirros, Password: None
2015-12-06 23:43:56.240 27344 ERROR tempest.scenario.manager 
2015-12-06 23:43:56,323 27344 INFO     [tempest_lib.common.rest_client] Request (TestGettingAddress:test_dhcp6_stateless_from_os): 200 GET http://10.0.2.15:8774/v2.1/4bde703af83b4c249252aa9abc5e0f10/servers 0.080s
2015-12-06 23:43:56,324 27344 DEBUG    [tempest_lib.common.rest_client] Request - Headers: {'Content-Type': 'application/json', 'Accept': 'application/json', 'X-Auth-Token': '&lt;omitted&gt;'}
        Body: None
    Response - Headers: {'status': '200', 'content-length': '391', 'content-location': 'http://10.0.2.15:8774/v2.1/4bde703af83b4c249252aa9abc5e0f10/servers', 'x-compute-request-id': 'req-ff4aaf5e-ee37-4522-89c5-6de6c8dfa320', 'vary': 'X-OpenStack-Nova-API-Version', 'connection': 'close', 'x-openstack-nova-api-version': '2.1', 'date': 'Sun, 06 Dec 2015 23:43:56 GMT', 'content-type': 'application/json'}
        Body: {"servers": [{"id": "601eea62-59ca-4d21-9635-8a7d07463a43", "links": [{"href": "http://10.0.2.15:8774/v2.1/4bde703af83b4c249252aa9abc5e0f10/servers/601eea62-59ca-4d21-9635-8a7d07463a43", "rel": "self"}, {"href": "http://10.0.2.15:8774/4bde703af83b4c249252aa9abc5e0f10/servers/601eea62-59ca-4d21-9635-8a7d07463a43", "rel": "bookmark"}], "name": "tempest.common.compute-instance-1127825890"}]}
2015-12-06 23:43:56,587 27344 INFO     [tempest_lib.common.rest_client] Request (TestGettingAddress:test_dhcp6_stateless_from_os): 200 POST http://10.0.2.15:8774/v2.1/4bde703af83b4c249252aa9abc5e0f10/servers/601eea62-59ca-4d21-9635-8a7d07463a43/action 0.257s
2015-12-06 23:43:56,587 27344 DEBUG    [tempest_lib.common.rest_client] Request - Headers: {'Content-Type': 'application/json', 'Accept': 'application/json', 'X-Auth-Token': '&lt;omitted&gt;'}
        Body: {"os-getConsoleOutput": {}}
    Response - Headers: {'status': '200', 'content-length': '24561', 'x-compute-request-id': 'req-4783d559-abce-4e03-ad67-e90153027363', 'vary': 'X-OpenStack-Nova-API-Version', 'connection': 'close', 'x-openstack-nova-api-version': '2.1', 'date': 'Sun, 06 Dec 2015 23:43:56 GMT', 'content-type': 'application/json'}
        Body: {"output": "[    0.000000] Initializing cgroup subsys cpuset\n[    0.000000] Initializing cgroup subsys cpu\n[    0.000000] Linux version 3.2.0-80-virtual (buildd@batsu) (gcc version 4.6.3 (Ubuntu/Linaro 4.6.3-1ubuntu5) ) #116-Ubuntu SMP Mon Mar 23 17:28:52 UTC 2015 (Ubuntu 3.2.0-80.116-virtual 3.2.68)\n[    0.000000] Command line: root=/dev/vda console=tty0 console=ttyS0 no_timer_check\n[    0.000000] KERNEL supported cpus:\n[    0.000000]   Intel GenuineIntel\n[    0.000000]   AMD AuthenticAMD\n[    0.000000]   Centaur CentaurHauls\n[    0.000000] BIOS-provided physical RAM map:\n[    0.000000]  BIOS-e820: 0000000000000000 - 000000000009fc00 (usable)\n[    0.000000]  BIOS-e820: 000000000009fc00 - 00000000000a0000 (reserved)\n[    0.000000]  BIOS-e820: 00000000000f0000 - 0000000000100000 (reserved)\n[    0.000000]  BIOS-e820: 0000000000100000 - 0000000003ffe000 (usable)\n[    0.000000]  BIOS-e820: 0000000003ffe000 - 0000000004000000 (reserved)\n[    0.000000]  BIOS-e820: 00000000fffc0000 - 0000000100000000 (reserved)\n[    0.000000] NX (Execute Disable) protection: active\n[    0.000000] SMBIOS 2.4 present.\n[    0.000000] No AGP bridge found\n[    0.000000] last_pfn = 0x3ffe max_arch_pfn = 0x400000000\n[    0.000000] x86 PAT enabled: cpu 0, old 0x7040600070406, new 0x7010600070106\n[    0.000000] found SMP MP-table at [ffff8800000f0b00] f0b00\n[    0.000000] init_memory_mapping: 0000000000000000-0000000003ffe000\n[    0.000000] RAMDISK: 03c5e000 - 03ff0000\n[    0.000000] ACPI: RSDP 00000000000f0950 00014 (v00 BOCHS )\n[    0.000000] ACPI: RSDT 0000000003fffbc1 00034 (v01 BOCHS  BXPCRSDT 00000001 BXPC 00000001)\n[    0.000000] ACPI: FACP 0000000003fff1c0 00074 (v01 BOCHS  BXPCFACP 00000001 BXPC 00000001)\n[    0.000000] ACPI: DSDT 0000000003ffe040 01180 (v01 BOCHS  BXPCDSDT 00000001 BXPC 00000001)\n[    0.000000] ACPI: FACS 0000000003ffe000 00040\n[    0.000000] ACPI: SSDT 0000000003fff234 008DD (v01 BOCHS  BXPCSSDT 00000001 BXPC 00000001)\n[    0.000000] ACPI: APIC 0000000003fffb11 00078 (v01 BOCHS  BXPCAPIC 00000001 BXPC 00000001)\n[    0.000000] ACPI: HPET 0000000003fffb89 00038 (v01 BOCHS  BXPCHPET 00000001 BXPC 00000001)\n[    0.000000] No NUMA configuration found\n[    0.000000] Faking a node at 0000000000000000-0000000003ffe000\n[    0.000000] Initmem setup node 0 0000000000000000-0000000003ffe000\n[    0.000000]   NODE_DATA [0000000003ff6000 - 0000000003ffafff]\n[    0.000000] Zone PFN ranges:\n[    0.000000]   DMA      0x00000010 -&gt; 0x00001000\n[    0.000000]   DMA32    0x00001000 -&gt; 0x00100000\n[    0.000000]   Normal   empty\n[    0.000000] Movable zone start PFN for each node\n[    0.000000] early_node_map[2] active PFN ranges\n[    0.000000]     0: 0x00000010 -&gt; 0x0000009f\n[    0.000000]     0: 0x00000100 -&gt; 0x00003ffe\n[    0.000000] ACPI: PM-Timer IO Port: 0xb008\n[    0.000000] ACPI: LAPIC (acpi_id[0x00] lapic_id[0x00] enabled)\n[    0.000000] ACPI: LAPIC_NMI (acpi_id[0xff] dfl dfl lint[0x1])\n[    0.000000] ACPI: IOAPIC (id[0x00] address[0xfec00000] gsi_base[0])\n[    0.000000] IOAPIC[0]: apic_id 0, version 17, address 0xfec00000, GSI 0-23\n[    0.000000] ACPI: INT_SRC_OVR (bus 0 bus_irq 0 global_irq 2 dfl dfl)\n[    0.000000] ACPI: INT_SRC_OVR (bus 0 bus_irq 5 global_irq 5 high level)\n[    0.000000] ACPI: INT_SRC_OVR (bus 0 bus_irq 9 global_irq 9 high level)\n[    0.000000] ACPI: INT_SRC_OVR (bus 0 bus_irq 10 global_irq 10 high level)\n[    0.000000] ACPI: INT_SRC_OVR (bus 0 bus_irq 11 global_irq 11 high level)\n[    0.000000] Using ACPI (MADT) for SMP configuration information\n[    0.000000] ACPI: HPET id: 0x8086a201 base: 0xfed00000\n[    0.000000] SMP: Allowing 1 CPUs, 0 hotplug CPUs\n[    0.000000] PM: Registered nosave memory: 000000000009f000 - 00000000000a0000\n[    0.000000] PM: Registered nosave memory: 00000000000a0000 - 00000000000f0000\n[    0.000000] PM: Registered nosave memory: 00000000000f0000 - 0000000000100000\n[    0.000000] Allocating PCI resources starting at 4000000 (gap: 4000000:fbfc0000)\n[    0.000000] Booting paravirtualized kernel on bare hardware\n[    0.000000] setup_pe
2015-12-06 23:43:56,591 27344 DEBUG    [tempest.scenario.manager] Console output for 601eea62-59ca-4d21-9635-8a7d07463a43
body=
[    0.000000] Initializing cgroup subsys cpuset
[    0.000000] Initializing cgroup subsys cpu
[    0.000000] Linux version 3.2.0-80-virtual (buildd@batsu) (gcc version 4.6.3 (Ubuntu/Linaro 4.6.3-1ubuntu5) ) #116-Ubuntu SMP Mon Mar 23 17:28:52 UTC 2015 (Ubuntu 3.2.0-80.116-virtual 3.2.68)
[    0.000000] Command line: root=/dev/vda console=tty0 console=ttyS0 no_timer_check
[    0.000000] KERNEL supported cpus:
[    0.000000]   Intel GenuineIntel
[    0.000000]   AMD AuthenticAMD
[    0.000000]   Centaur CentaurHauls
[    0.000000] BIOS-provided physical RAM map:
[    0.000000]  BIOS-e820: 0000000000000000 - 000000000009fc00 (usable)
[    0.000000]  BIOS-e820: 000000000009fc00 - 00000000000a0000 (reserved)
[    0.000000]  BIOS-e820: 00000000000f0000 - 0000000000100000 (reserved)
[    0.000000]  BIOS-e820: 0000000000100000 - 0000000003ffe000 (usable)
[    0.000000]  BIOS-e820: 0000000003ffe000 - 0000000004000000 (reserved)
[    0.000000]  BIOS-e820: 00000000fffc0000 - 0000000100000000 (reserved)
[    0.000000] NX (Execute Disable) protection: active
[    0.000000] SMBIOS 2.4 present.
[    0.000000] No AGP bridge found
[    0.000000] last_pfn = 0x3ffe max_arch_pfn = 0x400000000
[    0.000000] x86 PAT enabled: cpu 0, old 0x7040600070406, new 0x7010600070106
[    0.000000] found SMP MP-table at [ffff8800000f0b00] f0b00
[    0.000000] init_memory_mapping: 0000000000000000-0000000003ffe000
[    0.000000] RAMDISK: 03c5e000 - 03ff0000
[    0.000000] ACPI: RSDP 00000000000f0950 00014 (v00 BOCHS )
[    0.000000] ACPI: RSDT 0000000003fffbc1 00034 (v01 BOCHS  BXPCRSDT 00000001 BXPC 00000001)
[    0.000000] ACPI: FACP 0000000003fff1c0 00074 (v01 BOCHS  BXPCFACP 00000001 BXPC 00000001)
[    0.000000] ACPI: DSDT 0000000003ffe040 01180 (v01 BOCHS  BXPCDSDT 00000001 BXPC 00000001)
[    0.000000] ACPI: FACS 0000000003ffe000 00040
[    0.000000] ACPI: SSDT 0000000003fff234 008DD (v01 BOCHS  BXPCSSDT 00000001 BXPC 00000001)
[    0.000000] ACPI: APIC 0000000003fffb11 00078 (v01 BOCHS  BXPCAPIC 00000001 BXPC 00000001)
[    0.000000] ACPI: HPET 0000000003fffb89 00038 (v01 BOCHS  BXPCHPET 00000001 BXPC 00000001)
[    0.000000] No NUMA configuration found
[    0.000000] Faking a node at 0000000000000000-0000000003ffe000
[    0.000000] Initmem setup node 0 0000000000000000-0000000003ffe000
[    0.000000]   NODE_DATA [0000000003ff6000 - 0000000003ffafff]
[    0.000000] Zone PFN ranges:
[    0.000000]   DMA      0x00000010 -&gt; 0x00001000
[    0.000000]   DMA32    0x00001000 -&gt; 0x00100000
[    0.000000]   Normal   empty
[    0.000000] Movable zone start PFN for each node
[    0.000000] early_node_map[2] active PFN ranges
[    0.000000]     0: 0x00000010 -&gt; 0x0000009f
[    0.000000]     0: 0x00000100 -&gt; 0x00003ffe
[    0.000000] ACPI: PM-Timer IO Port: 0xb008
[    0.000000] ACPI: LAPIC (acpi_id[0x00] lapic_id[0x00] enabled)
[    0.000000] ACPI: LAPIC_NMI (acpi_id[0xff] dfl dfl lint[0x1])
[    0.000000] ACPI: IOAPIC (id[0x00] address[0xfec00000] gsi_base[0])
[    0.000000] IOAPIC[0]: apic_id 0, version 17, address 0xfec00000, GSI 0-23
[    0.000000] ACPI: INT_SRC_OVR (bus 0 bus_irq 0 global_irq 2 dfl dfl)
[    0.000000] ACPI: INT_SRC_OVR (bus 0 bus_irq 5 global_irq 5 high level)
[    0.000000] ACPI: INT_SRC_OVR (bus 0 bus_irq 9 global_irq 9 high level)
[    0.000000] ACPI: INT_SRC_OVR (bus 0 bus_irq 10 global_irq 10 high level)
[    0.000000] ACPI: INT_SRC_OVR (bus 0 bus_irq 11 global_irq 11 high level)
[    0.000000] Using ACPI (MADT) for SMP configuration information
[    0.000000] ACPI: HPET id: 0x8086a201 base: 0xfed00000
[    0.000000] SMP: Allowing 1 CPUs, 0 hotplug CPUs
[    0.000000] PM: Registered nosave memory: 000000000009f000 - 00000000000a0000
[    0.000000] PM: Registered nosave memory: 00000000000a0000 - 00000000000f0000
[    0.000000] PM: Registered nosave memory: 00000000000f0000 - 0000000000100000
[    0.000000] Allocating PCI resources starting at 4000000 (gap: 4000000:fbfc0000)
[    0.000000] Booting paravirtualized kernel on bare hardware
[    0.000000] setup_percpu: NR_CPUS:64 nr_cpumask_bits:64 nr_cpu_ids:1 nr_node_ids:1
[    0.000000] PERCPU: Embedded 27 pages/cpu @ffff880003a00000 s78848 r8192 d23552 u2097152
[    0.000000] Built 1 zonelists in Node order, mobility grouping on.  Total pages: 16008
[    0.000000] Policy zone: DMA32
[    0.000000] Kernel command line: root=/dev/vda console=tty0 console=ttyS0 no_timer_check
[    0.000000] PID hash table entries: 256 (order: -1, 2048 bytes)
[    0.000000] Checking aperture...
[    0.000000] No AGP bridge found
[    0.000000] Memory: 43492k/65528k available (6576k kernel code, 452k absent, 21584k reserved, 6620k data, 928k init)
[    0.000000] SLUB: Genslabs=15, HWalign=64, Order=0-3, MinObjects=0, CPUs=1, Nodes=1
[    0.000000] Hierarchical RCU implementation.
[    0.000000] 	RCU dyntick-idle grace-period acceleration is enabled.
[    0.000000] NR_IRQS:4352 nr_irqs:256 16
[    0.000000] Console: colour VGA+ 80x25
[    0.000000] console [tty0] enabled
[    0.000000] console [ttyS0] enabled
[    0.000000] allocated 1048576 bytes of page_cgroup
[    0.000000] please try 'cgroup_disable=memory' option if you don't want memory cgroups
[    0.000000] Fast TSC calibration failed
[    0.000000] TSC: Unable to calibrate against PIT
[    0.000000] TSC: using HPET reference calibration
[    0.000000] Detected 2294.414 MHz processor.
[    0.028778] Calibrating delay loop (skipped), value calculated using timer frequency.. 4588.82 BogoMIPS (lpj=9177656)
[    0.032968] pid_max: default: 32768 minimum: 301
[    0.040387] Security Framework initialized
[    0.043401] AppArmor: AppArmor initialized
[    0.044941] Yama: becoming mindful.
[    0.061884] Dentry cache hash table entries: 8192 (order: 4, 65536 bytes)
[    0.064534] Inode-cache hash table entries: 4096 (order: 3, 32768 bytes)
[    0.066664] Mount-cache hash table entries: 256
[    0.084571] Initializing cgroup subsys cpuacct
[    0.085420] Initializing cgroup subsys memory
[    0.086767] Initializing cgroup subsys devices
[    0.088105] Initializing cgroup subsys freezer
[    0.089116] Initializing cgroup subsys blkio
[    0.089803] Initializing cgroup subsys perf_event
[    0.093514] mce: CPU supports 10 MCE banks
[    0.097013] SMP alternatives: switching to UP code
[    0.516616] Freeing SMP alternatives: 24k freed
[    0.518412] ACPI: Core revision 20110623
[    0.574712] ftrace: allocating 26610 entries in 105 pages
[    0.605182] ..TIMER: vector=0x30 apic1=0 pin1=2 apic2=-1 pin2=-1
[    0.606564] CPU0: AMD QEMU Virtual CPU version 2.0.0 stepping 03
[    0.612037] Performance Events: Broken PMU hardware detected, using software events only.
[    0.622994] NMI watchdog disabled (cpu0): hardware events not enabled
[    0.624941] Brought up 1 CPUs
[    0.625692] Total of 1 processors activated (4588.82 BogoMIPS).
[    0.648622] devtmpfs: initialized
[    0.676947] EVM: security.selinux
[    0.677651] EVM: security.SMACK64
[    0.678111] EVM: security.capability
[    0.709742] print_constraints: dummy: 
[    0.712401] RTC time: 23:40:26, date: 12/06/15
[    0.715393] NET: Registered protocol family 16
[    0.726145] ACPI: bus type pci registered
[    0.730323] PCI: Using configuration type 1 for base access
[    0.763250] bio: create slab &lt;bio-0&gt; at 0
[    0.768808] ACPI: Added _OSI(Module Device)
[    0.769489] ACPI: Added _OSI(Processor Device)
[    0.770294] ACPI: Added _OSI(3.0 _SCP Extensions)
[    0.770870] ACPI: Added _OSI(Processor Aggregator Device)
[    0.853172] ACPI: Interpreter enabled
[    0.853806] ACPI: (supports S0 S3 S4 S5)
[    0.855503] ACPI: Using IOAPIC for interrupt routing
[    0.923036] ACPI: No dock devices found.
[    0.923637] HEST: Table not found.
[    0.924210] PCI: Using host bridge windows from ACPI; if necessary, use "pci=nocrs" and report a bug
[    0.930174] ACPI: PCI Root Bridge [PCI0] (domain 0000 [bus 00-ff])
[    0.935012] pci_root PNP0A03:00: host bridge window [io  0x0000-0x0cf7]
[    0.936152] pci_root PNP0A03:00: host bridge window [io  0x0d00-0xadff]
[    0.936934] pci_root PNP0A03:00: host bridge window [io  0xae0f-0xaeff]
[    0.937892] pci_root PNP0A03:00: host bridge window [io  0xaf20-0xafdf]
[    0.938799] pci_root PNP0A03:00: host bridge window [io  0xafe4-0xffff]
[    0.940161] pci_root PNP0A03:00: host bridge window [mem 0x000a0000-0x000bffff]
[    0.941092] pci_root PNP0A03:00: host bridge window [mem 0x04000000-0xfebfffff]
[    0.962037] pci 0000:00:01.3: quirk: [io  0xb000-0xb03f] claimed by PIIX4 ACPI
[    0.963062] pci 0000:00:01.3: quirk: [io  0xb100-0xb10f] claimed by PIIX4 SMB
[    1.028519]  pci0000:00: Unable to request _OSC control (_OSC support mask: 0x1e)
[    1.093723] ACPI: PCI Interrupt Link [LNKA] (IRQs 5 *10 11)
[    1.097058] ACPI: PCI Interrupt Link [LNKB] (IRQs 5 *10 11)
[    1.098981] ACPI: PCI Interrupt Link [LNKC] (IRQs 5 10 *11)
[    1.101057] ACPI: PCI Interrupt Link [LNKD] (IRQs 5 10 *11)
[    1.102711] ACPI: PCI Interrupt Link [LNKS] (IRQs *9)
[    1.109737] vgaarb: device added: PCI:0000:00:02.0,decodes=io+mem,owns=io+mem,locks=none
[    1.110766] vgaarb: loaded
[    1.112006] vgaarb: bridge control possible 0000:00:02.0
[    1.116345] i2c-core: driver [aat2870] using legacy suspend method
[    1.117110] i2c-core: driver [aat2870] using legacy resume method
[    1.120262] SCSI subsystem initialized
[    1.123026] usbcore: registered new interface driver usbfs
[    1.124625] usbcore: registered new interface driver hub
[    1.125845] usbcore: registered new device driver usb
[    1.130508] PCI: Using ACPI for IRQ routing
[    1.142208] NetLabel: Initializing
[    1.142660] NetLabel:  domain hash size = 128
[    1.143136] NetLabel:  protocols = UNLABELED CIPSOv4
[    1.144884] NetLabel:  unlabeled traffic allowed by default
[    1.148367] HPET: 3 timers in total, 0 timers will be used for per-cpu timer
[    1.149305] hpet0: at MMIO 0xfed00000, IRQs 2, 8, 0
[    1.150131] hpet0: 3 comparators, 64-bit 100.000000 MHz counter
[    1.162028] Switching to clocksource hpet
[    1.431615] AppArmor: AppArmor Filesystem Enabled
[    1.434057] pnp: PnP ACPI init
[    1.434719] ACPI: bus type pnp registered
[    1.455595] pnp: PnP ACPI: found 9 devices
[    1.456048] ACPI: ACPI bus type pnp unregistered
[    1.512634] NET: Registered protocol family 2
[    1.550352] IP route cache hash table entries: 512 (order: 0, 4096 bytes)
[    1.558138] TCP established hash table entries: 2048 (order: 3, 32768 bytes)
[    1.559039] TCP bind hash table entries: 2048 (order: 3, 32768 bytes)
[    1.561653] TCP: Hash tables configured (established 2048 bind 2048)
[    1.562757] TCP reno registered
[    1.563106] UDP hash table entries: 128 (order: 0, 4096 bytes)
[    1.564071] UDP-Lite hash table entries: 128 (order: 0, 4096 bytes)
[    1.567376] NET: Registered protocol family 1
[    1.568171] pci 0000:00:00.0: Limiting direct PCI/PCI transfers
[    1.569626] pci 0000:00:01.0: PIIX3: Enabling Passive Release
[    1.570340] pci 0000:00:01.0: Activating ISA DMA hang workarounds
[    1.577344] ACPI: PCI Interrupt Link [LNKD] enabled at IRQ 11
[    1.578328] pci 0000:00:01.2: PCI INT D -&gt; Link[LNKD] -&gt; GSI 11 (level, high) -&gt; IRQ 11
[    1.579957] pci 0000:00:01.2: PCI INT D disabled
[    1.598298] Trying to unpack rootfs image as initramfs...
[    1.617531] audit: initializing netlink socket (disabled)
[    1.618876] type=2000 audit(1449445226.616:1): initialized
[    1.902718] HugeTLB registered 2 MB page size, pre-allocated 0 pages
[    2.005682] VFS: Disk quotas dquot_6.5.2
[    2.008219] Dquot-cache hash table entries: 512 (order 0, 4096 bytes)
[    2.029517] fuse init (API version 7.17)
[    2.032105] msgmni has been set to 84
[    2.070203] Block layer SCSI generic (bsg) driver version 0.4 loaded (major 253)
[    2.071756] io scheduler noop registered
[    2.073267] io scheduler deadline registered (default)
[    2.074333] io scheduler cfq registered
[    2.078473] pci_hotplug: PCI Hot Plug PCI Core version: 0.5
[    2.080708] pciehp: PCI Express Hot Plug Controller Driver version: 0.4
[    2.087033] input: Power Button as /devices/LNXSYSTM:00/LNXPWRBN:00/input/input0
[    2.088047] ACPI: Power Button [PWRF]
[    2.142890] ERST: Table is not found!
[    2.143415] GHES: HEST is not enabled!
[    2.150675] ACPI: PCI Interrupt Link [LNKC] enabled at IRQ 10
[    2.151447] virtio-pci 0000:00:03.0: PCI INT A -&gt; Link[LNKC] -&gt; GSI 10 (level, high) -&gt; IRQ 10
[    2.155347] virtio-pci 0000:00:04.0: PCI INT A -&gt; Link[LNKD] -&gt; GSI 11 (level, high) -&gt; IRQ 11
[    2.166437] ACPI: PCI Interrupt Link [LNKA] enabled at IRQ 10
[    2.167055] virtio-pci 0000:00:05.0: PCI INT A -&gt; Link[LNKA] -&gt; GSI 10 (level, high) -&gt; IRQ 10
[    2.178492] Serial: 8250/16550 driver, 32 ports, IRQ sharing enabled
[    2.221321] serial8250: ttyS0 at I/O 0x3f8 (irq = 4) is a 16550A
[    2.311141] serial8250: ttyS1 at I/O 0x2f8 (irq = 3) is a 16550A
[    2.450688] 00:05: ttyS0 at I/O 0x3f8 (irq = 4) is a 16550A
[    2.526092] 00:06: ttyS1 at I/O 0x2f8 (irq = 3) is a 16550A
[    2.571958] Linux agpgart interface v0.103
[    2.585298] Refined TSC clocksource calibration: 2294.447 MHz.
[    2.586090] Switching to clocksource tsc
[    2.639459] brd: module loaded
[    2.674050] loop: module loaded
[    2.721752]  vda: unknown partition table
[    2.765896] scsi0 : ata_piix
[    2.769227] scsi1 : ata_piix
[    2.770473] ata1: PATA max MWDMA2 cmd 0x1f0 ctl 0x3f6 bmdma 0xc0a0 irq 14
[    2.771332] ata2: PATA max MWDMA2 cmd 0x170 ctl 0x376 bmdma 0xc0a8 irq 15
[    2.782470] Fixed MDIO Bus: probed
[    2.783177] tun: Universal TUN/TAP device driver, 1.6
[    2.784929] tun: (C) 1999-2004 Max Krasnyansky &lt;maxk@qualcomm.com&gt;
[    2.797546] PPP generic driver version 2.4.2
[    2.819274] ehci_hcd: USB 2.0 'Enhanced' Host Controller (EHCI) Driver
[    2.821231] ohci_hcd: USB 1.1 'Open' Host Controller (OHCI) Driver
[    2.822648] uhci_hcd: USB Universal Host Controller Interface driver
[    2.823735] uhci_hcd 0000:00:01.2: PCI INT D -&gt; Link[LNKD] -&gt; GSI 11 (level, high) -&gt; IRQ 11
[    2.827187] uhci_hcd 0000:00:01.2: UHCI Host Controller
[    2.838074] uhci_hcd 0000:00:01.2: new USB bus registered, assigned bus number 1
[    2.839804] uhci_hcd 0000:00:01.2: irq 11, io base 0x0000c040
[    2.872220] hub 1-0:1.0: USB hub found
[    2.875512] hub 1-0:1.0: 2 ports detected
[    2.884965] usbcore: registered new interface driver libusual
[    2.888002] i8042: PNP: PS/2 Controller [PNP0303:KBD,PNP0f13:MOU] at 0x60,0x64 irq 1,12
[    2.895783] serio: i8042 KBD port at 0x60,0x64 irq 1
[    2.898498] serio: i8042 AUX port at 0x60,0x64 irq 12
[    2.946836] mousedev: PS/2 mouse device common for all mice
[    2.955749] input: AT Translated Set 2 keyboard as /devices/platform/i8042/serio0/input/input1
[    2.959483] rtc_cmos 00:01: RTC can wake from S4
[    2.971013] rtc_cmos 00:01: rtc core: registered rtc_cmos as rtc0
[    2.974962] rtc0: alarms up to one day, 114 bytes nvram, hpet irqs
[    2.979230] device-mapper: uevent: version 1.0.3
[    3.003077] device-mapper: ioctl: 4.22.0-ioctl (2011-10-19) initialised: dm-devel@redhat.com
[    3.007168] cpuidle: using governor ladder
[    3.008276] cpuidle: using governor menu
[    3.008940] EFI Variables Facility v0.08 2004-May-17
[    3.031737] TCP cubic registered
[    3.035768] NET: Registered protocol family 10
[    3.069623] NET: Registered protocol family 17
[    3.071402] Registering the dns_resolver key type
[    3.095861] ata2.01: ATAPI: QEMU DVD-ROM, 2.0.0, max UDMA/100
[    3.102534] ata2.01: configured for MWDMA2
[    3.143423] scsi 1:0:1:0: CD-ROM            QEMU     QEMU DVD-ROM     2.0. PQ: 0 ANSI: 5
[    3.177571] sr0: scsi3-mmc drive: 4x/4x cd/rw xa/form2 tray
[    3.179234] cdrom: Uniform CD-ROM driver Revision: 3.20
[    3.208639] sr 1:0:1:0: Attached scsi generic sg0 type 5
[    3.246055] registered taskstats version 1
[    3.340108] Freeing initrd memory: 3656k freed
[    3.875972]   Magic number: 11:62:706
[    3.887609] rtc_cmos 00:01: setting system clock to 2015-12-06 23:40:29 UTC (1449445229)
[    3.891049] powernow-k8: Processor cpuid 663 not supported
[    3.895835] BIOS EDD facility v0.16 2004-Jun-25, 0 devices found
[    3.897369] EDD information not available.
[    3.963919] Freeing unused kernel memory: 928k freed
[    3.970462] Write protecting the kernel read-only data: 12288k
[    4.071833] Freeing unused kernel memory: 1596k freed
[    4.171986] Freeing unused kernel memory: 1184k freed

info: initramfs: up at 4.35
modprobe: module virtio_blk not found in modules.dep
modprobe: module virtio_net not found in modules.dep
info: copying initramfs to /dev/vda
info: initramfs loading root from /dev/vda
info: /etc/init.d/rc.sysinit: up at 8.93
info: container: none
Starting logging: OK
modprobe: module virtio_blk not found in modules.dep
modprobe: module virtio_net not found in modules.dep
WARN: /etc/rc3.d/S10-load-modules failed
Initializing random number generator... done.
Starting acpid: OK
cirros-ds 'local' up at 11.32
found datasource (configdrive, local)
Starting network...
udhcpc (v1.20.1) started
Sending discover...
Sending discover...
Sending discover...
Usage: /sbin/cirros-dhcpc &lt;up|down&gt;
No lease, failing
WARN: /etc/rc3.d/S40-network failed
Starting dropbear sshd: generating rsa key... generating dsa key... OK
no userdata for datasource
=== system information ===
Platform: OpenStack Foundation OpenStack Nova
Container: none
Arch: x86_64
CPU(s): 1 @ 2294.414 MHz
Cores/Sockets/Threads: 1/1/1
Virt-type: AMD-V
RAM Size: 49MB
Disks:
NAME MAJ:MIN     SIZE LABEL         MOUNTPOINT
vda  253:0   25165824 cirros-rootfs /
sr0   11:0     428032 config-2      
=== sshd host keys ===
-----BEGIN SSH HOST KEY KEYS-----
ssh-rsa AAAAB3NzaC1yc2EAAAADAQABAAAAgmblzgAC5Ze07/2BoxSaVsIi8jartBLhZkARvf8TFWL1cWrFW9ge4sKOgeauT51/v7Rwf8gud1ABIPyV7I90VmIUX7sgHpOXnlRo8LEF9urb7MHicHcRcKiwJFnqJcyvxuEgF8p2KI8rO68ncAvwfBPCCyE6FV4n/nPbwtNa/B7QJGM= root@tempest
ssh-dss AAAAB3NzaC1kc3MAAACBAPH43xtqArH0c6t0xTQLeTEH353QYr69AUNtVjyIYCH8zKxaCtWql3dcJFBZtpQNzNIpN3f0nswsM239MwTA+iAZiGkpCMEdXRKozCzwou924lJFlhIL0kaF2ornVgosLPHmYZfmLWIWH+bX/gYHREO48ewCGvI9RjUxdkV4IVAlAAAAFQD1Z39N2hQMa2vrFcTffNX0xy83BQAAAIEAuGkbCo+jNSOMo6ZB2H2fHC1ovwm3Sf+eikqlMPpRKuTNPMD0V8TSQoTAH+URAFd0ihtnMPqpxw7gSPDBukNicaKHJ3mNv9K96rgvYNI4YzvaXSgNNd6OctA7y6DR0I8H0ngGowf/uPd8XqETvJ2CAvMuF/hzmtQCvXWqRKJz+eMAAACBANGkU9c6dBmP4josZSZ6E/iWROnUvQoCL/oV7Bm+ximdBUSnUhW3peD8t6cwFyEeGAliGttPzUXSAzEs/ZKqkKljyeVHpVqYyo/6/SeYGor+B9g2Qxm8jAK7eksV2hkFGu1c1qRM2hCTfMyV6TcLuPq/bxLVLoyB52HSslcTUc/v root@tempest
-----END SSH HOST KEY KEYS-----
=== network info ===
if-info: lo,up,127.0.0.1,8,::1
if-info: eth0,up,,8,fe80::f816:3eff:fe3a:fe93
=== datasource: configdrive local ===
instance-id: 601eea62-59ca-4d21-9635-8a7d07463a43
name: tempest.common.compute-instance-1127825890
availability-zone: nova
local-hostname: tempest.common.compute-instance-1127825890.novalocal
launch-index: 0
=== cirros: current=0.3.4 uptime=201.53 ===
route: fscanf
=== pinging gateway failed, debugging connection ===
############ debug start ##############
### /etc/init.d/sshd start
Starting dropbear sshd: OK
route: fscanf
### ifconfig -a
eth0      Link encap:Ethernet  HWaddr FA:16:3E:3A:FE:93  
          inet6 addr: fe80::f816:3eff:fe3a:fe93/64 Scope:Link
          UP BROADCAST RUNNING MULTICAST  MTU:1500  Metric:1
          RX packets:12 errors:0 dropped:5 overruns:0 frame:0
          TX packets:8 errors:0 dropped:0 overruns:0 carrier:0
          collisions:0 txqueuelen:1000 
          RX bytes:1293 (1.2 KiB)  TX bytes:1134 (1.1 KiB)

lo        Link encap:Local Loopback  
          inet addr:127.0.0.1  Mask:255.0.0.0
          inet6 addr: ::1/128 Scope:Host
          UP LOOPBACK RUNNING  MTU:16436  Metric:1
          RX packets:12 errors:0 dropped:0 overruns:0 frame:0
          TX packets:12 errors:0 dropped:0 overruns:0 carrier:0
          collisions:0 txqueuelen:0 
          RX bytes:1020 (1020.0 B)  TX bytes:1020 (1020.0 B)

### route -n
Kernel IP routing table
Destination     Gateway         Genmask         Flags Metric Ref    Use Iface
route: fscanf
### cat /etc/resolv.conf
cat: can't open '/etc/resolv.conf': No such file or directory
### gateway not found
/sbin/cirros-status: line 1: can't open /etc/resolv.conf: no such file
### pinging nameservers
### uname -a
Linux tempest 3.2.0-80-virtual #116-Ubuntu SMP Mon Mar 23 17:28:52 UTC 2015 x86_64 GNU/Linux
### lsmod
Module                  Size  Used by    Not tainted
nls_iso8859_1          12713  0 
nls_cp437              16991  0 
vfat                   17585  0 
fat                    61512  1 vfat
isofs                  40259  0 
ip_tables              27473  0 
x_tables               29891  1 ip_tables
pcnet32                42119  0 
8139cp                 27360  0 
ne2k_pci               13691  0 
8390                   18856  1 ne2k_pci
e1000                 108589  0 
acpiphp                24231  0 
### dmesg | tail
[    5.155339] EXT3-fs (vda): mounted filesystem with ordered data mode
[    5.440846] ISO 9660 Extensions: Microsoft Joliet Level 3
[    5.513403] ISO 9660 Extensions: RRIP_1991A
[    5.765302] kjournald starting.  Commit interval 5 seconds
[    5.781495] EXT3-fs (vda): using internal journal
[    5.781690] EXT3-fs (vda): mounted filesystem with ordered data mode
[    8.982854] EXT3-fs (vda): using internal journal
[   12.152017] ISO 9660 Extensions: Microsoft Joliet Level 3
[   12.250407] ISO 9660 Extensions: RRIP_1991A
[   26.997177] eth0: no IPv6 routers present
### tail -n 25 /var/log/messages
Dec  6 23:40:35 cirros kern.info kernel: [    4.627126] acpiphp: Slot [21] registered
Dec  6 23:40:35 cirros kern.info kernel: [    4.627462] acpiphp: Slot [22] registered
Dec  6 23:40:35 cirros kern.info kernel: [    4.627817] acpiphp: Slot [23] registered
Dec  6 23:40:35 cirros kern.info kernel: [    4.628219] acpiphp: Slot [24] registered
Dec  6 23:40:35 cirros kern.info kernel: [    4.630567] acpiphp: Slot [25] registered
Dec  6 23:40:35 cirros kern.info kernel: [    4.631101] acpiphp: Slot [26] registered
Dec  6 23:40:35 cirros kern.info kernel: [    4.631662] acpiphp: Slot [27] registered
Dec  6 23:40:35 cirros kern.info kernel: [    4.632107] acpiphp: Slot [28] registered
Dec  6 23:40:35 cirros kern.info kernel: [    4.633432] acpiphp: Slot [29] registered
Dec  6 23:40:35 cirros kern.info kernel: [    4.633768] acpiphp: Slot [30] registered
Dec  6 23:40:35 cirros kern.info kernel: [    4.634112] acpiphp: Slot [31] registered
Dec  6 23:40:35 cirros kern.info kernel: [    4.683717] e1000: Intel(R) PRO/1000 Network Driver - version 7.3.21-k8-NAPI
Dec  6 23:40:35 cirros kern.info kernel: [    4.683831] e1000: Copyright (c) 1999-2006 Intel Corporation.
Dec  6 23:40:35 cirros kern.info kernel: [    4.731520] ne2k-pci.c:v1.03 9/22/2003 D. Becker/P. Gortmaker
Dec  6 23:40:35 cirros kern.info kernel: [    4.783133] 8139cp: 8139cp: 10/100 PCI Ethernet driver v1.3 (Mar 22, 2004)
Dec  6 23:40:35 cirros kern.debug kernel: [    5.513403] ISO 9660 Extensions: RRIP_1991A
Dec  6 23:40:35 cirros kern.info kernel: [    5.765302] kjournald starting.  Commit interval 5 seconds
Dec  6 23:40:35 cirros kern.info kernel: [    5.781495] EXT3-fs (vda): using internal journal
Dec  6 23:40:35 cirros kern.info kernel: [    5.781690] EXT3-fs (vda): mounted filesystem with ordered data mode
Dec  6 23:40:35 cirros kern.info kernel: [    8.982854] EXT3-fs (vda): using internal journal
Dec  6 23:40:37 cirros kern.debug kernel: [   12.152017] ISO 9660 Extensions: Microsoft Joliet Level 3
Dec  6 23:40:37 cirros kern.debug kernel: [   12.250407] ISO 9660 Extensions: RRIP_1991A
Dec  6 23:40:40 cirros auth.notice su: + /dev/console root:cirros
Dec  6 23:40:52 cirros kern.debug kernel: [   26.997177] eth0: no IPv6 routers present
Dec  6 23:43:45 cirros authpriv.info dropbear[283]: Running in background
############ debug end   ##############
  ____               ____  ____
 / __/ __ ____ ____ / __ \/ __/
/ /__ / // __// __// /_/ /\ \ 
\___//_//_/  /_/   \____/___/ 
   http://cirros-cloud.net


login as 'cirros' user. default password: 'cubswin:)'. use 'sudo' for root.
tempest login: 
2015-12-06 23:43:56,791 27344 INFO     [tempest_lib.common.rest_client] Request (TestGettingAddress:_run_cleanups): 204 DELETE http://10.0.2.15:9696/v2.0/floatingips/4d12acd4-10e6-4c84-8962-4dbc8f4f793a 0.194s
2015-12-06 23:43:56,791 27344 DEBUG    [tempest_lib.common.rest_client] Request - Headers: {'Content-Type': 'application/json', 'Accept': 'application/json', 'X-Auth-Token': '&lt;omitted&gt;'}
        Body: None
    Response - Headers: {'date': 'Sun, 06 Dec 2015 23:43:56 GMT', 'status': '204', 'connection': 'close', 'content-length': '0', 'x-openstack-request-id': 'req-fdf5496f-94df-4f8f-ac1c-76b7978042f3'}
        Body: 
2015-12-06 23:43:57,133 27344 INFO     [tempest_lib.common.rest_client] Request (TestGettingAddress:_run_cleanups): 204 DELETE http://10.0.2.15:8774/v2.1/4bde703af83b4c249252aa9abc5e0f10/servers/601eea62-59ca-4d21-9635-8a7d07463a43 0.341s
2015-12-06 23:43:57,134 27344 DEBUG    [tempest_lib.common.rest_client] Request - Headers: {'Content-Type': 'application/json', 'Accept': 'application/json', 'X-Auth-Token': '&lt;omitted&gt;'}
        Body: None
    Response - Headers: {'status': '204', 'content-length': '0', 'x-compute-request-id': 'req-4dcfc805-5b79-4916-9c96-a7eb69cc8535', 'vary': 'X-OpenStack-Nova-API-Version', 'connection': 'close', 'x-openstack-nova-api-version': '2.1', 'date': 'Sun, 06 Dec 2015 23:43:57 GMT', 'content-type': 'application/json'}
        Body: 
2015-12-06 23:43:57,343 27344 INFO     [tempest_lib.common.rest_client] Request (TestGettingAddress:_run_cleanups): 200 GET http://10.0.2.15:8774/v2.1/4bde703af83b4c249252aa9abc5e0f10/servers/601eea62-59ca-4d21-9635-8a7d07463a43 0.207s
2015-12-06 23:43:57,344 27344 DEBUG    [tempest_lib.common.rest_client] Request - Headers: {'Content-Type': 'application/json', 'Accept': 'application/json', 'X-Auth-Token': '&lt;omitted&gt;'}
        Body: None
    Response - Headers: {'status': '200', 'content-length': '1904', 'content-location': 'http://10.0.2.15:8774/v2.1/4bde703af83b4c249252aa9abc5e0f10/servers/601eea62-59ca-4d21-9635-8a7d07463a43', 'x-compute-request-id': 'req-10c18c3d-4ca6-4a49-ac4d-2499b8493040', 'vary': 'X-OpenStack-Nova-API-Version', 'connection': 'close', 'x-openstack-nova-api-version': '2.1', 'date': 'Sun, 06 Dec 2015 23:43:57 GMT', 'content-type': 'application/json'}
        Body: {"server": {"status": "ACTIVE", "updated": "2015-12-06T23:43:57Z", "hostId": "a5783c4e575996ae3c108c10219852a689d09215fbc1e25e6eb667ce", "addresses": {"tempest-network-smoke--2138905310": [{"OS-EXT-IPS-MAC:mac_addr": "fa:16:3e:3a:fe:93", "version": 6, "addr": "2003::f816:3eff:fe3a:fe93", "OS-EXT-IPS:type": "fixed"}, {"OS-EXT-IPS-MAC:mac_addr": "fa:16:3e:3a:fe:93", "version": 4, "addr": "10.100.0.3", "OS-EXT-IPS:type": "fixed"}, {"OS-EXT-IPS-MAC:mac_addr": "fa:16:3e:3a:fe:93", "version": 4, "addr": "172.24.4.4", "OS-EXT-IPS:type": "floating"}]}, "links": [{"href": "http://10.0.2.15:8774/v2.1/4bde703af83b4c249252aa9abc5e0f10/servers/601eea62-59ca-4d21-9635-8a7d07463a43", "rel": "self"}, {"href": "http://10.0.2.15:8774/4bde703af83b4c249252aa9abc5e0f10/servers/601eea62-59ca-4d21-9635-8a7d07463a43", "rel": "bookmark"}], "key_name": "tempest-TestGettingAddress-1173024206", "image": {"id": "9a6bb78d-864c-415c-9ef5-f193579dcd4b", "links": [{"href": "http://10.0.2.15:8774/4bde703af83b4c249252aa9abc5e0f10/images/9a6bb78d-864c-415c-9ef5-f193579dcd4b", "rel": "bookmark"}]}, "OS-EXT-STS:task_state": "deleting", "OS-EXT-STS:vm_state": "active", "OS-SRV-USG:launched_at": "2015-12-06T23:40:22.000000", "flavor": {"id": "42", "links": [{"href": "http://10.0.2.15:8774/4bde703af83b4c249252aa9abc5e0f10/flavors/42", "rel": "bookmark"}]}, "id": "601eea62-59ca-4d21-9635-8a7d07463a43", "security_groups": [{"name": "tempest-secgroup-smoke-217374642"}], "OS-SRV-USG:terminated_at": null, "OS-EXT-AZ:availability_zone": "nova", "user_id": "7cfacf6dc15f456fbe4c0a72ce615a09", "name": "tempest.common.compute-instance-1127825890", "created": "2015-12-06T23:40:19Z", "tenant_id": "4bde703af83b4c249252aa9abc5e0f10", "OS-DCF:diskConfig": "MANUAL", "os-extended-volumes:volumes_attached": [], "accessIPv4": "", "accessIPv6": "", "progress": 0, "OS-EXT-STS:power_state": 1, "config_drive": "True", "metadata": {}}}
2015-12-06 23:43:58,495 27344 INFO     [tempest_lib.common.rest_client] Request (TestGettingAddress:_run_cleanups): 200 GET http://10.0.2.15:8774/v2.1/4bde703af83b4c249252aa9abc5e0f10/servers/601eea62-59ca-4d21-9635-8a7d07463a43 0.138s
2015-12-06 23:43:58,496 27344 DEBUG    [tempest_lib.common.rest_client] Request - Headers: {'Content-Type': 'application/json', 'Accept': 'application/json', 'X-Auth-Token': '&lt;omitted&gt;'}
        Body: None
    Response - Headers: {'status': '200', 'content-length': '1440', 'content-location': 'http://10.0.2.15:8774/v2.1/4bde703af83b4c249252aa9abc5e0f10/servers/601eea62-59ca-4d21-9635-8a7d07463a43', 'x-compute-request-id': 'req-74a46b4d-f3a7-4773-be8d-5dcb86eb8ee2', 'vary': 'X-OpenStack-Nova-API-Version', 'connection': 'close', 'x-openstack-nova-api-version': '2.1', 'date': 'Sun, 06 Dec 2015 23:43:58 GMT', 'content-type': 'application/json'}
        Body: {"server": {"status": "ACTIVE", "updated": "2015-12-06T23:43:57Z", "hostId": "a5783c4e575996ae3c108c10219852a689d09215fbc1e25e6eb667ce", "addresses": {}, "links": [{"href": "http://10.0.2.15:8774/v2.1/4bde703af83b4c249252aa9abc5e0f10/servers/601eea62-59ca-4d21-9635-8a7d07463a43", "rel": "self"}, {"href": "http://10.0.2.15:8774/4bde703af83b4c249252aa9abc5e0f10/servers/601eea62-59ca-4d21-9635-8a7d07463a43", "rel": "bookmark"}], "key_name": "tempest-TestGettingAddress-1173024206", "image": {"id": "9a6bb78d-864c-415c-9ef5-f193579dcd4b", "links": [{"href": "http://10.0.2.15:8774/4bde703af83b4c249252aa9abc5e0f10/images/9a6bb78d-864c-415c-9ef5-f193579dcd4b", "rel": "bookmark"}]}, "OS-EXT-STS:task_state": "deleting", "OS-EXT-STS:vm_state": "active", "OS-SRV-USG:launched_at": "2015-12-06T23:40:22.000000", "flavor": {"id": "42", "links": [{"href": "http://10.0.2.15:8774/4bde703af83b4c249252aa9abc5e0f10/flavors/42", "rel": "bookmark"}]}, "id": "601eea62-59ca-4d21-9635-8a7d07463a43", "OS-SRV-USG:terminated_at": null, "OS-EXT-AZ:availability_zone": "nova", "user_id": "7cfacf6dc15f456fbe4c0a72ce615a09", "name": "tempest.common.compute-instance-1127825890", "created": "2015-12-06T23:40:19Z", "tenant_id": "4bde703af83b4c249252aa9abc5e0f10", "OS-DCF:diskConfig": "MANUAL", "os-extended-volumes:volumes_attached": [], "accessIPv4": "", "accessIPv6": "", "progress": 0, "OS-EXT-STS:power_state": 1, "config_drive": "True", "metadata": {}}}
2015-12-06 23:43:59,715 27344 INFO     [tempest_lib.common.rest_client] Request (TestGettingAddress:_run_cleanups): 404 GET http://10.0.2.15:8774/v2.1/4bde703af83b4c249252aa9abc5e0f10/servers/601eea62-59ca-4d21-9635-8a7d07463a43 0.209s
2015-12-06 23:43:59,715 27344 DEBUG    [tempest_lib.common.rest_client] Request - Headers: {'Content-Type': 'application/json', 'Accept': 'application/json', 'X-Auth-Token': '&lt;omitted&gt;'}
        Body: None
    Response - Headers: {'status': '404', 'content-length': '111', 'x-compute-request-id': 'req-f8656476-921f-4c1d-a785-8aff935d2004', 'vary': 'X-OpenStack-Nova-API-Version', 'connection': 'close', 'x-openstack-nova-api-version': '2.1', 'date': 'Sun, 06 Dec 2015 23:43:59 GMT', 'content-type': 'application/json; charset=UTF-8'}
        Body: {"itemNotFound": {"message": "Instance 601eea62-59ca-4d21-9635-8a7d07463a43 could not be found.", "code": 404}}
2015-12-06 23:44:00,081 27344 INFO     [tempest_lib.common.rest_client] Request (TestGettingAddress:_run_cleanups): 200 PUT http://10.0.2.15:9696/v2.0/routers/3a860811-e106-4334-8fb1-3e630795027d/remove_router_interface 0.364s
2015-12-06 23:44:00,081 27344 DEBUG    [tempest_lib.common.rest_client] Request - Headers: {'Content-Type': 'application/json', 'Accept': 'application/json', 'X-Auth-Token': '&lt;omitted&gt;'}
        Body: {"subnet_id": "1bc6320f-7c1a-48db-8ac4-fea4496b5cca"}
    Response - Headers: {'status': '200', 'content-length': '255', 'connection': 'close', 'date': 'Sun, 06 Dec 2015 23:44:00 GMT', 'content-type': 'application/json; charset=UTF-8', 'x-openstack-request-id': 'req-d6883f69-3f69-46f7-883c-2554a8ce672f'}
        Body: {"subnet_id": "1bc6320f-7c1a-48db-8ac4-fea4496b5cca", "tenant_id": "4bde703af83b4c249252aa9abc5e0f10", "subnet_ids": ["1bc6320f-7c1a-48db-8ac4-fea4496b5cca"], "port_id": "73fcb394-533d-4d32-bb15-089c7b20e945", "id": "3a860811-e106-4334-8fb1-3e630795027d"}
2015-12-06 23:44:00,443 27344 INFO     [tempest_lib.common.rest_client] Request (TestGettingAddress:_run_cleanups): 204 DELETE http://10.0.2.15:9696/v2.0/subnets/1bc6320f-7c1a-48db-8ac4-fea4496b5cca 0.361s
2015-12-06 23:44:00,443 27344 DEBUG    [tempest_lib.common.rest_client] Request - Headers: {'Content-Type': 'application/json', 'Accept': 'application/json', 'X-Auth-Token': '&lt;omitted&gt;'}
        Body: None
    Response - Headers: {'date': 'Sun, 06 Dec 2015 23:44:00 GMT', 'status': '204', 'connection': 'close', 'content-length': '0', 'x-openstack-request-id': 'req-0635b05e-8ebd-4a9d-abca-df9c61d919c5'}
        Body: 
2015-12-06 23:44:00,476 27344 INFO     [tempest_lib.common.rest_client] Request (TestGettingAddress:_run_cleanups): 404 DELETE http://10.0.2.15:9696/v2.0/subnets/1bc6320f-7c1a-48db-8ac4-fea4496b5cca 0.031s
2015-12-06 23:44:00,476 27344 DEBUG    [tempest_lib.common.rest_client] Request - Headers: {'Content-Type': 'application/json', 'Accept': 'application/json', 'X-Auth-Token': '&lt;omitted&gt;'}
        Body: None
    Response - Headers: {'status': '404', 'content-length': '135', 'connection': 'close', 'date': 'Sun, 06 Dec 2015 23:44:00 GMT', 'content-type': 'application/json; charset=UTF-8', 'x-openstack-request-id': 'req-4c94a498-5275-4b0e-a23f-8228f561a670'}
        Body: {"NeutronError": {"message": "Subnet 1bc6320f-7c1a-48db-8ac4-fea4496b5cca could not be found", "type": "SubnetNotFound", "detail": ""}}
2015-12-06 23:44:00,955 27344 INFO     [tempest_lib.common.rest_client] Request (TestGettingAddress:_run_cleanups): 200 PUT http://10.0.2.15:9696/v2.0/routers/3a860811-e106-4334-8fb1-3e630795027d/remove_router_interface 0.478s
2015-12-06 23:44:00,956 27344 DEBUG    [tempest_lib.common.rest_client] Request - Headers: {'Content-Type': 'application/json', 'Accept': 'application/json', 'X-Auth-Token': '&lt;omitted&gt;'}
        Body: {"subnet_id": "b2a94ff1-6ac1-4c18-b36e-431054bcf62b"}
