<?xml version="1.0" encoding="UTF-8"?>
<!DOCTYPE html PUBLIC "-//W3C//DTD XHTML 1.0 Strict//EN"
     "http://www.w3.org/TR/xhtml1/DTD/xhtml1-strict.dtd">
<html xmlns="http://www.w3.org/1999/xhtml">
<head>
    <title>Unit Test Report</title>
    <meta name="generator" content="subunit2html 0.1"/>
    <meta http-equiv="Content-Type" content="text/html; charset=UTF-8"/>
    
<style type="text/css" media="screen">
body        { font-family: verdana, arial, helvetica, sans-serif;
    font-size: 80%; }
table       { font-size: 100%; width: 100%;}
pre         { font-size: 80%; }

/* -- heading -------------------------------------------------------------- */
h1 {
        font-size: 16pt;
        color: gray;
}
.heading {
    margin-top: 0ex;
    margin-bottom: 1ex;
}

.heading .attribute {
    margin-top: 1ex;
    margin-bottom: 0;
}

.heading .description {
    margin-top: 4ex;
    margin-bottom: 6ex;
}

/* -- css div popup -------------------------------------------------------- */
a.popup_link {
}

a.popup_link:hover {
    color: red;
}

.popup_window {
    display: none;
    overflow-x: scroll;
    /*border: solid #627173 1px; */
    padding: 10px;
    background-color: #E6E6D6;
    font-family: "Ubuntu Mono", "Lucida Console", "Courier New", monospace;
    text-align: left;
    font-size: 8pt;
}

}
/* -- report --------------------------------------------------------------- */
#show_detail_line {
    margin-top: 3ex;
    margin-bottom: 1ex;
}
#result_table {
    width: 100%;
    border-collapse: collapse;
    border: 1px solid #777;
}
#header_row {
    font-weight: bold;
    color: white;
    background-color: #777;
}
#result_table td {
    border: 1px solid #777;
    padding: 2px;
}
#total_row  { font-weight: bold; }
.passClass  { background-color: #6c6; }
.failClass  { background-color: #c60; }
.errorClass { background-color: #c00; }
.passCase   { color: #6c6; }
.failCase   { color: #c60; font-weight: bold; }
.errorCase  { color: #c00; font-weight: bold; }
.hiddenRow  { display: none; }
.testcase   { margin-left: 2em; }
td.testname {width: 40%}
td.small {width: 40px}

/* -- ending --------------------------------------------------------------- */
#ending {
}

</style>

</head>
<body>
<script language="javascript" type="text/javascript"><!--
output_list = Array();

/* level - 0:Summary; 1:Failed; 2:All */
function showCase(level) {
    trs = document.getElementsByTagName("tr");
    for (var i = 0; i < trs.length; i++) {
        tr = trs[i];
        id = tr.id;
        if (id.substr(0,2) == 'ft') {
            if (level < 1) {
                tr.className = 'hiddenRow';
            }
            else {
                tr.className = '';
            }
        }
        if (id.substr(0,2) == 'pt') {
            if (level > 1) {
                tr.className = '';
            }
            else {
                tr.className = 'hiddenRow';
            }
        }
    }
}


function showClassDetail(cid, count) {
    var id_list = Array(count);
    var toHide = 1;
    for (var i = 0; i < count; i++) {
        tid0 = 't' + cid.substr(1) + '.' + (i+1);
        tid = 'f' + tid0;
        tr = document.getElementById(tid);
        if (!tr) {
            tid = 'p' + tid0;
            tr = document.getElementById(tid);
        }
        id_list[i] = tid;
        if (tr.className) {
            toHide = 0;
        }
    }
    for (var i = 0; i < count; i++) {
        tid = id_list[i];
        if (toHide) {
            document.getElementById('div_'+tid).style.display = 'none'
            document.getElementById(tid).className = 'hiddenRow';
        }
        else {
            document.getElementById(tid).className = '';
        }
    }
}


function showTestDetail(div_id){
    var details_div = document.getElementById(div_id)
    var displayState = details_div.style.display
    // alert(displayState)
    if (displayState != 'block' ) {
        displayState = 'block'
        details_div.style.display = 'block'
    }
    else {
        details_div.style.display = 'none'
    }
}


function html_escape(s) {
    s = s.replace(/&/g,'&amp;');
    s = s.replace(/</g,'&lt;');
    s = s.replace(/>/g,'&gt;');
    return s;
}

/* obsoleted by detail in <div>
function showOutput(id, name) {
    var w = window.open("", //url
                    name,
                    "resizable,scrollbars,status,width=800,height=450");
    d = w.document;
    d.write("<pre>");
    d.write(html_escape(output_list[id]));
    d.write("\n");
    d.write("<a href='javascript:window.close()'>close</a>\n");
    d.write("</pre>\n");
    d.close();
}
*/
--></script>

<div class='heading'>
<h1>Unit Test Report</h1>

<p class='attribute'><strong>Status:</strong> Pass 2 Failure 6</p>

<p class='description'></p>
</div>



<p id='show_detail_line'>Show
<a href='javascript:showCase(0)'>Summary</a>
<a href='javascript:showCase(1)'>Failed</a>
<a href='javascript:showCase(2)'>All</a>
</p>
<table id='result_table'>
<colgroup>
<col align='left' />
<col align='right' />
<col align='right' />
<col align='right' />
<col align='right' />
<col align='right' />
<col align='right' />
<col align='right' />
</colgroup>
<tr id='header_row'>
    <td>Test Group/Test case</td>
    <td>Count</td>
    <td>Pass</td>
    <td>Fail</td>
    <td>Error</td>
    <td>Skip</td>
    <td>View</td>
    <td> </td>
</tr>

<tr class='failClass'>
    <td class="testname">tempest.scenario.test_network_v6.TestGettingAddress</td>
    <td class="small">8</td>
    <td class="small">2</td>
    <td class="small">6</td>
    <td class="small">0</td>
    <td class="small">0</td>
    <td class="small"><a href="javascript:showClassDetail('c1',8)"
>Detail</a></td>
    <td> </td>
</tr>

<tr id='ft1.1' class='none'>
    <td class='failCase'><div class='testcase'>test_dhcp6_stateless_from_os[compute,id-d7e1f858-187c-45a6-89c9-bdafde619a9f,network]</div></td>
    <td colspan='7' align='left'>

    <!--css div popup start-->
    <a class="popup_link" onfocus='this.blur();'
    href="javascript:showTestDetail('div_ft1.1')" >
        fail</a>

    <div id='div_ft1.1' class="popup_window">
        <div style='text-align: right; color:red;cursor:pointer'>
        <a onfocus='this.blur();'
onclick="document.getElementById('div_ft1.1').style.display = 'none' " >
           [x]</a>
        </div>
        <pre>
        
ft1.1: tempest.scenario.test_network_v6.TestGettingAddress.test_dhcp6_stateless_from_os[compute,id-d7e1f858-187c-45a6-89c9-bdafde619a9f,network]_StringException: Empty attachments:
  stderr
  stdout

pythonlogging:'': {{{
2015-12-05 15:51:51,367 27731 INFO     [tempest_lib.common.rest_client] Request (TestGettingAddress:setUp): 200 POST http://10.0.2.15:8774/v2.1/69ad4d55edad4c3ab15be3361c1c486e/os-keypairs 0.560s
2015-12-05 15:51:51,367 27731 DEBUG    [tempest_lib.common.rest_client] Request - Headers: {'Content-Type': 'application/json', 'Accept': 'application/json', 'X-Auth-Token': '&lt;omitted&gt;'}
        Body: {"keypair": {"name": "tempest-TestGettingAddress-1064420327"}}
    Response - Headers: {'status': '200', 'content-length': '2320', 'x-compute-request-id': 'req-cbc08f08-fbb1-4ae4-8add-969d6837b196', 'vary': 'X-OpenStack-Nova-API-Version', 'connection': 'close', 'x-openstack-nova-api-version': '2.1', 'date': 'Sat, 05 Dec 2015 15:51:51 GMT', 'content-type': 'application/json'}
        Body: {"keypair": {"public_key": "ssh-rsa AAAAB3NzaC1yc2EAAAADAQABAAABAQDWR0+XqlRHv83MuEDfGAblycFVN0T5xRaMEJl8BSn/xBS4P5bWlZ4D+gAkCUnKM8GaU+Bc55tSYnAJIMXDF/3va/+wxJKKYyJs6yDZAgSP5/IjBzWkriCVpoQ+50AktLlStVoiteMRrZVKd0m0yqkLSsQHHxhxhNcuyWE+rBGycG8xrzhVomD2Qj6hWS0Pidzz7nBb+Ug6noMUkuz0xPx3A4o6F6k7JF+MPfhYylW2UwQEDPxaCjW0YRVHDIbAj18D32JgnKkDI1bT/Eo9A7+Ao0UG1pVo2KT8BVdaY0hN5m+1z2aK7zHOIY+SwX4Is78IHTaIfkrkUOtgZVXR+WQ9 Generated-by-Nova", "private_key": "-----BEGIN RSA PRIVATE KEY-----\nMIIEpwIBAAKCAQEA1kdPl6pUR7/NzLhA3xgG5cnBVTdE+cUWjBCZfAUp/8QUuD+W\n1pWeA/oAJAlJyjPBmlPgXOebUmJwCSDFwxf972v/sMSSimMibOsg2QIEj+fyIwc1\npK4glaaEPudAJLS5UrVaIrXjEa2VSndJtMqpC0rEBx8YcYTXLslhPqwRsnBvMa84\nVaJg9kI+oVktD4nc8+5wW/lIOp6DFJLs9MT8dwOKOhepOyRfjD34WMpVtlMEBAz8\nWgo1tGEVRwyGwI9fA99iYJypAyNW0/xKPQO/gKNFBtaVaNik/AVXWmNITeZvtc9m\niu8xziGPksF+CLO/CB02iH5K5FDrYGVV0flkPQIDAQABAoIBACxvASw8H9n5Bh4L\nnzgj7Vo9KiAXo+//VJua3ZkAISNub7V9SjQZNnkwoFLYsjqB3QW5mu7pACZnT0A1\nUY0RLpE1XgIz4QddY0geweL+LiABQw7Mce1CRnOB4i6BGaYC6+MgxB4qhXmm+yxD\n7D7XP5Kd4GRxqEnx+AU1sTqjx8+ua5VDk2hoszALOAJkvpB3pkzHsWoPq3jUeD9D\niJH8KxiVy+OddLuw6zI+UPUUMQ04ieEbeHtoZTMzyMY709UlMWtW3kuu7qiBQ1Tj\n/hPZtHFUGbJDOZWlp2rzv1UqCi/SnY/elNboyPfEZ+WwCjgV9DHd/ygXjmzFtrqg\nS3gC0EECggCBANkBoOIkaHZZPx4vZ1EG6darqmDaSp827g+zC+gxIeTmJL1Kb+rc\n8+IoaWlQ4kCbGUsdUfQxEPxc+aF1G/y0WC2neNmfF0GQoOq5NdvgjQIi3tU/fknf\nADolxLBnH7sRvDcmbpYRwNqf8UVVE36w07WMCctbYJ6uhkfYkl9kwL5FAoIAgQD8\nyDPZHMRNrxakKdIx1X8VFJODUstgjnJOAztLo7Zvv5H5BtZqhR0vAStWt/Bn9tbh\nci1YRxjIs5NhsrvLF/0Mzm/Fei3+AZmFHiQSg1ko1TlI0O9Cvmp//6w+82ODGmSq\nhF/b76M1wKRo8bDcywsrW48V6qTqVGF/eCt1dc5JmQKCAIBHAxdoqU1d3RqggBap\nF0ASNZ7NjuF4dHs2u/qbguh6hS1knCU/kApm6Z6FDijbx2VhhTi6Vgwe6TXvNelw\nqntohTMw07TCidd+uBj92N+L4WlWEy76cXUbkhxpNXXWu5kB2xu5FBot8MT9UTfN\n74N4F1llKIPXqXjbre1INio0mQKCAIB5kVbODXWi3peG7830xXZOjwy6VXEVyKvU\nNN2pbNxqNblgCBfKNqZoWqmbFO77MMz6s0x3bgnPS/2POMPz0l+Sbx113WKNC/vm\n9y3l8WFJr/HSwRiwAp95W15dD/RFssXC89KeFUtqqHDpP4MNTGDcwzW3FpelUltp\nUEOmQ7en0QKCAIA+h2CMv+/TEU7ffMh9AXcRjt28zEtN93im2qXcmN46s25B1IrS\nmamTt0xAiOsHYnU9HLIz2UT1zoHvAAahDtNN4ByNKJ2UJBpxFhJ8LheYYtnqH2dG\nxc6pehRejEVLUB6my65XLzN50gP6eQ8LSzIfQUQZ/YQxhEj4fydK3HCa6A==\n-----END RSA PRIVATE KEY-----\n", "user_id": "3c32bafb59c7485da0dd2f2dd1021c50", "name": "tempest-TestGettingAddress-1064420327", "fingerprint": "62:6c:fb:3e:ba:36:b3:bb:94:2c:d6:60:b1:2d:fd:ef"}}
2015-12-05 15:51:51,714 27731 INFO     [tempest_lib.common.rest_client] Request (TestGettingAddress:setUp): 201 POST http://10.0.2.15:9696/v2.0/security-groups 0.342s
2015-12-05 15:51:51,715 27731 DEBUG    [tempest_lib.common.rest_client] Request - Headers: {'Content-Type': 'application/json', 'Accept': 'application/json', 'X-Auth-Token': '&lt;omitted&gt;'}
        Body: {"security_group": {"tenant_id": "69ad4d55edad4c3ab15be3361c1c486e", "description": "tempest-secgroup-smoke-391696852 description", "name": "tempest-secgroup-smoke-391696852"}}
    Response - Headers: {'status': '201', 'content-length': '886', 'connection': 'close', 'date': 'Sat, 05 Dec 2015 15:51:51 GMT', 'content-type': 'application/json; charset=UTF-8', 'x-openstack-request-id': 'req-29d3d52d-3136-482d-8c59-d0dd48efe0ba'}
        Body: {"security_group": {"tenant_id": "69ad4d55edad4c3ab15be3361c1c486e", "description": "tempest-secgroup-smoke-391696852 description", "id": "5028786e-a4f1-4c23-a803-f9a20b0743c9", "security_group_rules": [{"remote_group_id": null, "direction": "egress", "remote_ip_prefix": null, "protocol": null, "ethertype": "IPv4", "tenant_id": "69ad4d55edad4c3ab15be3361c1c486e", "port_range_max": null, "port_range_min": null, "id": "9788152f-0a20-45e6-acc2-aef6684e98e4", "security_group_id": "5028786e-a4f1-4c23-a803-f9a20b0743c9"}, {"remote_group_id": null, "direction": "egress", "remote_ip_prefix": null, "protocol": null, "ethertype": "IPv6", "tenant_id": "69ad4d55edad4c3ab15be3361c1c486e", "port_range_max": null, "port_range_min": null, "id": "00f36efb-bed4-4cdc-8dd6-edc30c191c0f", "security_group_id": "5028786e-a4f1-4c23-a803-f9a20b0743c9"}], "name": "tempest-secgroup-smoke-391696852"}}
2015-12-05 15:51:51,828 27731 INFO     [tempest_lib.common.rest_client] Request (TestGettingAddress:setUp): 201 POST http://10.0.2.15:9696/v2.0/security-group-rules 0.111s
2015-12-05 15:51:51,828 27731 DEBUG    [tempest_lib.common.rest_client] Request - Headers: {'Content-Type': 'application/json', 'Accept': 'application/json', 'X-Auth-Token': '&lt;omitted&gt;'}
        Body: {"security_group_rule": {"direction": "ingress", "protocol": "tcp", "tenant_id": "69ad4d55edad4c3ab15be3361c1c486e", "port_range_max": 22, "security_group_id": "5028786e-a4f1-4c23-a803-f9a20b0743c9", "port_range_min": 22}}
    Response - Headers: {'status': '201', 'content-length': '340', 'connection': 'close', 'date': 'Sat, 05 Dec 2015 15:51:51 GMT', 'content-type': 'application/json; charset=UTF-8', 'x-openstack-request-id': 'req-f8a15f00-29fb-4a99-a32f-f64289abe0ec'}
        Body: {"security_group_rule": {"remote_group_id": null, "direction": "ingress", "remote_ip_prefix": null, "protocol": "tcp", "ethertype": "IPv4", "tenant_id": "69ad4d55edad4c3ab15be3361c1c486e", "port_range_max": 22, "port_range_min": 22, "id": "80aef28e-8c13-46c6-90a0-59154c1ba0cf", "security_group_id": "5028786e-a4f1-4c23-a803-f9a20b0743c9"}}
2015-12-05 15:51:51,938 27731 INFO     [tempest_lib.common.rest_client] Request (TestGettingAddress:setUp): 201 POST http://10.0.2.15:9696/v2.0/security-group-rules 0.108s
2015-12-05 15:51:51,939 27731 DEBUG    [tempest_lib.common.rest_client] Request - Headers: {'Content-Type': 'application/json', 'Accept': 'application/json', 'X-Auth-Token': '&lt;omitted&gt;'}
        Body: {"security_group_rule": {"direction": "egress", "protocol": "tcp", "tenant_id": "69ad4d55edad4c3ab15be3361c1c486e", "port_range_max": 22, "security_group_id": "5028786e-a4f1-4c23-a803-f9a20b0743c9", "port_range_min": 22}}
    Response - Headers: {'status': '201', 'content-length': '339', 'connection': 'close', 'date': 'Sat, 05 Dec 2015 15:51:51 GMT', 'content-type': 'application/json; charset=UTF-8', 'x-openstack-request-id': 'req-4159aac8-b60d-46d1-bec0-45a1c87ff1eb'}
        Body: {"security_group_rule": {"remote_group_id": null, "direction": "egress", "remote_ip_prefix": null, "protocol": "tcp", "ethertype": "IPv4", "tenant_id": "69ad4d55edad4c3ab15be3361c1c486e", "port_range_max": 22, "port_range_min": 22, "id": "8b2d75a8-1340-47fa-81cd-3a91d7d673ae", "security_group_id": "5028786e-a4f1-4c23-a803-f9a20b0743c9"}}
2015-12-05 15:51:52,058 27731 INFO     [tempest_lib.common.rest_client] Request (TestGettingAddress:setUp): 201 POST http://10.0.2.15:9696/v2.0/security-group-rules 0.118s
2015-12-05 15:51:52,059 27731 DEBUG    [tempest_lib.common.rest_client] Request - Headers: {'Content-Type': 'application/json', 'Accept': 'application/json', 'X-Auth-Token': '&lt;omitted&gt;'}
        Body: {"security_group_rule": {"tenant_id": "69ad4d55edad4c3ab15be3361c1c486e", "direction": "ingress", "protocol": "icmp", "security_group_id": "5028786e-a4f1-4c23-a803-f9a20b0743c9"}}
    Response - Headers: {'status': '201', 'content-length': '345', 'connection': 'close', 'date': 'Sat, 05 Dec 2015 15:51:52 GMT', 'content-type': 'application/json; charset=UTF-8', 'x-openstack-request-id': 'req-b8ab68f8-4cd4-4561-8631-031c18c8678b'}
        Body: {"security_group_rule": {"remote_group_id": null, "direction": "ingress", "remote_ip_prefix": null, "protocol": "icmp", "ethertype": "IPv4", "tenant_id": "69ad4d55edad4c3ab15be3361c1c486e", "port_range_max": null, "port_range_min": null, "id": "b3490932-8589-4507-9559-f4a65c5c3866", "security_group_id": "5028786e-a4f1-4c23-a803-f9a20b0743c9"}}
2015-12-05 15:51:52,171 27731 INFO     [tempest_lib.common.rest_client] Request (TestGettingAddress:setUp): 201 POST http://10.0.2.15:9696/v2.0/security-group-rules 0.111s
2015-12-05 15:51:52,171 27731 DEBUG    [tempest_lib.common.rest_client] Request - Headers: {'Content-Type': 'application/json', 'Accept': 'application/json', 'X-Auth-Token': '&lt;omitted&gt;'}
        Body: {"security_group_rule": {"tenant_id": "69ad4d55edad4c3ab15be3361c1c486e", "direction": "egress", "protocol": "icmp", "security_group_id": "5028786e-a4f1-4c23-a803-f9a20b0743c9"}}
    Response - Headers: {'status': '201', 'content-length': '344', 'connection': 'close', 'date': 'Sat, 05 Dec 2015 15:51:52 GMT', 'content-type': 'application/json; charset=UTF-8', 'x-openstack-request-id': 'req-397496de-96b2-4d03-b0d3-eca7e40ab0c5'}
        Body: {"security_group_rule": {"remote_group_id": null, "direction": "egress", "remote_ip_prefix": null, "protocol": "icmp", "ethertype": "IPv4", "tenant_id": "69ad4d55edad4c3ab15be3361c1c486e", "port_range_max": null, "port_range_min": null, "id": "20cf5cbd-67e0-46fa-9c09-c5d5728af82f", "security_group_id": "5028786e-a4f1-4c23-a803-f9a20b0743c9"}}
2015-12-05 15:51:52,273 27731 INFO     [tempest_lib.common.rest_client] Request (TestGettingAddress:setUp): 201 POST http://10.0.2.15:9696/v2.0/security-group-rules 0.100s
2015-12-05 15:51:52,274 27731 DEBUG    [tempest_lib.common.rest_client] Request - Headers: {'Content-Type': 'application/json', 'Accept': 'application/json', 'X-Auth-Token': '&lt;omitted&gt;'}
        Body: {"security_group_rule": {"tenant_id": "69ad4d55edad4c3ab15be3361c1c486e", "direction": "ingress", "security_group_id": "5028786e-a4f1-4c23-a803-f9a20b0743c9", "protocol": "icmp", "ethertype": "IPv6"}}
    Response - Headers: {'status': '201', 'content-length': '345', 'connection': 'close', 'date': 'Sat, 05 Dec 2015 15:51:52 GMT', 'content-type': 'application/json; charset=UTF-8', 'x-openstack-request-id': 'req-f5010c2e-7792-4fcf-b46e-78f3a074d8e3'}
        Body: {"security_group_rule": {"remote_group_id": null, "direction": "ingress", "remote_ip_prefix": null, "protocol": "icmp", "ethertype": "IPv6", "tenant_id": "69ad4d55edad4c3ab15be3361c1c486e", "port_range_max": null, "port_range_min": null, "id": "23fc2636-8385-4593-b757-8f433db9e0ad", "security_group_id": "5028786e-a4f1-4c23-a803-f9a20b0743c9"}}
2015-12-05 15:51:52,381 27731 INFO     [tempest_lib.common.rest_client] Request (TestGettingAddress:setUp): 201 POST http://10.0.2.15:9696/v2.0/security-group-rules 0.106s
2015-12-05 15:51:52,382 27731 DEBUG    [tempest_lib.common.rest_client] Request - Headers: {'Content-Type': 'application/json', 'Accept': 'application/json', 'X-Auth-Token': '&lt;omitted&gt;'}
        Body: {"security_group_rule": {"tenant_id": "69ad4d55edad4c3ab15be3361c1c486e", "direction": "egress", "security_group_id": "5028786e-a4f1-4c23-a803-f9a20b0743c9", "protocol": "icmp", "ethertype": "IPv6"}}
    Response - Headers: {'status': '201', 'content-length': '344', 'connection': 'close', 'date': 'Sat, 05 Dec 2015 15:51:52 GMT', 'content-type': 'application/json; charset=UTF-8', 'x-openstack-request-id': 'req-7bdc21eb-e707-4ef3-bf4a-b2df613dbef5'}
        Body: {"security_group_rule": {"remote_group_id": null, "direction": "egress", "remote_ip_prefix": null, "protocol": "icmp", "ethertype": "IPv6", "tenant_id": "69ad4d55edad4c3ab15be3361c1c486e", "port_range_max": null, "port_range_min": null, "id": "733d3d05-4952-4ee7-9598-645ddd702432", "security_group_id": "5028786e-a4f1-4c23-a803-f9a20b0743c9"}}
2015-12-05 15:51:52,649 27731 INFO     [tempest_lib.common.rest_client] Request (TestGettingAddress:test_dhcp6_stateless_from_os): 201 POST http://10.0.2.15:9696/v2.0/networks 0.264s
2015-12-05 15:51:52,650 27731 DEBUG    [tempest_lib.common.rest_client] Request - Headers: {'Content-Type': 'application/json', 'Accept': 'application/json', 'X-Auth-Token': '&lt;omitted&gt;'}
        Body: {"network": {"tenant_id": "69ad4d55edad4c3ab15be3361c1c486e", "name": "tempest-network-smoke--510351174"}}
    Response - Headers: {'status': '201', 'content-length': '295', 'connection': 'close', 'date': 'Sat, 05 Dec 2015 15:51:52 GMT', 'content-type': 'application/json; charset=UTF-8', 'x-openstack-request-id': 'req-9644bf24-1584-4c0b-b4f2-ffda156a2d73'}
        Body: {"network": {"status": "ACTIVE", "subnets": [], "name": "tempest-network-smoke--510351174", "admin_state_up": true, "tenant_id": "69ad4d55edad4c3ab15be3361c1c486e", "mtu": 0, "router:external": false, "shared": false, "port_security_enabled": true, "id": "c557c242-e2fe-49ca-a3de-fe6e41f6dae4"}}
2015-12-05 15:51:52,804 27731 INFO     [tempest_lib.common.rest_client] Request (TestGettingAddress:test_dhcp6_stateless_from_os): 200 GET http://10.0.2.15:9696/v2.0/subnets?tenant_id=69ad4d55edad4c3ab15be3361c1c486e&amp;cidr=10.100.0.0%2F28 0.152s
2015-12-05 15:51:52,804 27731 DEBUG    [tempest_lib.common.rest_client] Request - Headers: {'Content-Type': 'application/json', 'Accept': 'application/json', 'X-Auth-Token': '&lt;omitted&gt;'}
        Body: None
    Response - Headers: {'status': '200', 'content-length': '15', 'content-location': 'http://10.0.2.15:9696/v2.0/subnets?tenant_id=69ad4d55edad4c3ab15be3361c1c486e&amp;cidr=10.100.0.0%2F28', 'connection': 'close', 'date': 'Sat, 05 Dec 2015 15:51:52 GMT', 'content-type': 'application/json; charset=UTF-8', 'x-openstack-request-id': 'req-c02de3fe-17ae-4de5-bf5e-e5746c7234b4'}
        Body: {"subnets": []}
2015-12-05 15:51:53,092 27731 INFO     [tempest_lib.common.rest_client] Request (TestGettingAddress:test_dhcp6_stateless_from_os): 201 POST http://10.0.2.15:9696/v2.0/subnets 0.286s
2015-12-05 15:51:53,092 27731 DEBUG    [tempest_lib.common.rest_client] Request - Headers: {'Content-Type': 'application/json', 'Accept': 'application/json', 'X-Auth-Token': '&lt;omitted&gt;'}
        Body: {"subnet": {"ip_version": 4, "tenant_id": "69ad4d55edad4c3ab15be3361c1c486e", "cidr": "10.100.0.0/28", "network_id": "c557c242-e2fe-49ca-a3de-fe6e41f6dae4", "name": "tempest-sub4-1659290011"}}
    Response - Headers: {'status': '201', 'content-length': '470', 'connection': 'close', 'date': 'Sat, 05 Dec 2015 15:51:53 GMT', 'content-type': 'application/json; charset=UTF-8', 'x-openstack-request-id': 'req-2a7e1a45-3191-495f-9bff-ad6b67748ac1'}
        Body: {"subnet": {"name": "tempest-sub4-1659290011", "enable_dhcp": true, "network_id": "c557c242-e2fe-49ca-a3de-fe6e41f6dae4", "tenant_id": "69ad4d55edad4c3ab15be3361c1c486e", "dns_nameservers": [], "gateway_ip": "10.100.0.1", "ipv6_ra_mode": null, "allocation_pools": [{"start": "10.100.0.2", "end": "10.100.0.14"}], "host_routes": [], "ip_version": 4, "ipv6_address_mode": null, "cidr": "10.100.0.0/28", "id": "7c2ab5f1-9844-45ba-82da-9db706d8ca6d", "subnetpool_id": null}}
2015-12-05 15:51:53,157 27731 INFO     [tempest_lib.common.rest_client] Request (TestGettingAddress:test_dhcp6_stateless_from_os): 201 POST http://10.0.2.15:9696/v2.0/routers 0.063s
2015-12-05 15:51:53,157 27731 DEBUG    [tempest_lib.common.rest_client] Request - Headers: {'Content-Type': 'application/json', 'Accept': 'application/json', 'X-Auth-Token': '&lt;omitted&gt;'}
        Body: {"router": {"tenant_id": "69ad4d55edad4c3ab15be3361c1c486e", "name": "tempest-router-smoke-1059984181", "admin_state_up": true}}
    Response - Headers: {'status': '201', 'content-length': '239', 'connection': 'close', 'date': 'Sat, 05 Dec 2015 15:51:53 GMT', 'content-type': 'application/json; charset=UTF-8', 'x-openstack-request-id': 'req-b879b1c8-60d4-4e24-be86-48c762c17d75'}
        Body: {"router": {"status": "ACTIVE", "external_gateway_info": null, "name": "tempest-router-smoke-1059984181", "admin_state_up": true, "tenant_id": "69ad4d55edad4c3ab15be3361c1c486e", "routes": [], "id": "130f1a6a-6f23-4873-b085-d4348db7f200"}}
2015-12-05 15:51:53,202 27731 INFO     [tempest_lib.common.rest_client] Request (TestGettingAddress:test_dhcp6_stateless_from_os): 200 GET http://10.0.2.15:9696/v2.0/routers/130f1a6a-6f23-4873-b085-d4348db7f200 0.043s
2015-12-05 15:51:53,203 27731 DEBUG    [tempest_lib.common.rest_client] Request - Headers: {'Content-Type': 'application/json', 'Accept': 'application/json', 'X-Auth-Token': '&lt;omitted&gt;'}
        Body: None
    Response - Headers: {'status': '200', 'content-length': '239', 'content-location': 'http://10.0.2.15:9696/v2.0/routers/130f1a6a-6f23-4873-b085-d4348db7f200', 'connection': 'close', 'date': 'Sat, 05 Dec 2015 15:51:53 GMT', 'content-type': 'application/json; charset=UTF-8', 'x-openstack-request-id': 'req-74f37247-d13f-4b62-911c-65c74e773fc0'}
        Body: {"router": {"status": "ACTIVE", "external_gateway_info": null, "name": "tempest-router-smoke-1059984181", "admin_state_up": true, "tenant_id": "69ad4d55edad4c3ab15be3361c1c486e", "routes": [], "id": "130f1a6a-6f23-4873-b085-d4348db7f200"}}
2015-12-05 15:51:53,826 27731 INFO     [tempest_lib.common.rest_client] Request (TestGettingAddress:test_dhcp6_stateless_from_os): 200 PUT http://10.0.2.15:9696/v2.0/routers/130f1a6a-6f23-4873-b085-d4348db7f200 0.622s
2015-12-05 15:51:53,827 27731 DEBUG    [tempest_lib.common.rest_client] Request - Headers: {'Content-Type': 'application/json', 'Accept': 'application/json', 'X-Auth-Token': '&lt;omitted&gt;'}
        Body: {"router": {"external_gateway_info": {"network_id": "133aec37-b2ca-4898-be19-d967351c6cd1"}, "name": "tempest-router-smoke-1059984181", "admin_state_up": true}}
    Response - Headers: {'status': '200', 'content-length': '501', 'connection': 'close', 'date': 'Sat, 05 Dec 2015 15:51:53 GMT', 'content-type': 'application/json; charset=UTF-8', 'x-openstack-request-id': 'req-89fb0e32-d41d-447a-a7bf-137e9540f965'}
        Body: {"router": {"status": "ACTIVE", "external_gateway_info": {"network_id": "133aec37-b2ca-4898-be19-d967351c6cd1", "enable_snat": true, "external_fixed_ips": [{"subnet_id": "53dcca58-0ccd-4af6-87d1-d20e9d36a8a8", "ip_address": "172.24.4.3"}, {"subnet_id": "8319c87d-2168-4db2-8484-60c2be996c31", "ip_address": "2001:db8::3"}]}, "name": "tempest-router-smoke-1059984181", "admin_state_up": true, "tenant_id": "69ad4d55edad4c3ab15be3361c1c486e", "routes": [], "id": "130f1a6a-6f23-4873-b085-d4348db7f200"}}
2015-12-05 15:51:54,298 27731 INFO     [tempest_lib.common.rest_client] Request (TestGettingAddress:test_dhcp6_stateless_from_os): 200 PUT http://10.0.2.15:9696/v2.0/routers/130f1a6a-6f23-4873-b085-d4348db7f200/add_router_interface 0.469s
2015-12-05 15:51:54,298 27731 DEBUG    [tempest_lib.common.rest_client] Request - Headers: {'Content-Type': 'application/json', 'Accept': 'application/json', 'X-Auth-Token': '&lt;omitted&gt;'}
        Body: {"subnet_id": "7c2ab5f1-9844-45ba-82da-9db706d8ca6d"}
    Response - Headers: {'status': '200', 'content-length': '255', 'connection': 'close', 'date': 'Sat, 05 Dec 2015 15:51:54 GMT', 'content-type': 'application/json; charset=UTF-8', 'x-openstack-request-id': 'req-49cecfde-2b89-4460-adbb-7bdc3e711efc'}
        Body: {"subnet_id": "7c2ab5f1-9844-45ba-82da-9db706d8ca6d", "tenant_id": "69ad4d55edad4c3ab15be3361c1c486e", "subnet_ids": ["7c2ab5f1-9844-45ba-82da-9db706d8ca6d"], "port_id": "1ada7b41-a400-45b4-a4f7-5f3b5c0ff8cb", "id": "130f1a6a-6f23-4873-b085-d4348db7f200"}
2015-12-05 15:51:54,334 27731 INFO     [tempest_lib.common.rest_client] Request (TestGettingAddress:test_dhcp6_stateless_from_os): 200 GET http://10.0.2.15:9696/v2.0/subnets?tenant_id=69ad4d55edad4c3ab15be3361c1c486e&amp;cidr=2003%3A%3A%2F64 0.033s
2015-12-05 15:51:54,335 27731 DEBUG    [tempest_lib.common.rest_client] Request - Headers: {'Content-Type': 'application/json', 'Accept': 'application/json', 'X-Auth-Token': '&lt;omitted&gt;'}
        Body: None
    Response - Headers: {'status': '200', 'content-length': '15', 'content-location': 'http://10.0.2.15:9696/v2.0/subnets?tenant_id=69ad4d55edad4c3ab15be3361c1c486e&amp;cidr=2003%3A%3A%2F64', 'connection': 'close', 'date': 'Sat, 05 Dec 2015 15:51:54 GMT', 'content-type': 'application/json; charset=UTF-8', 'x-openstack-request-id': 'req-c8c7ab8f-52eb-43fa-924f-9238ac3e373e'}
        Body: {"subnets": []}
2015-12-05 15:51:54,761 27731 INFO     [tempest_lib.common.rest_client] Request (TestGettingAddress:test_dhcp6_stateless_from_os): 201 POST http://10.0.2.15:9696/v2.0/subnets 0.426s
2015-12-05 15:51:54,762 27731 DEBUG    [tempest_lib.common.rest_client] Request - Headers: {'Content-Type': 'application/json', 'Accept': 'application/json', 'X-Auth-Token': '&lt;omitted&gt;'}
        Body: {"subnet": {"name": "tempest-sub6-10630081", "network_id": "c557c242-e2fe-49ca-a3de-fe6e41f6dae4", "tenant_id": "69ad4d55edad4c3ab15be3361c1c486e", "ipv6_ra_mode": "dhcpv6-stateless", "ip_version": 6, "ipv6_address_mode": "dhcpv6-stateless", "cidr": "2003::/64"}}
    Response - Headers: {'status': '201', 'content-length': '500', 'connection': 'close', 'date': 'Sat, 05 Dec 2015 15:51:54 GMT', 'content-type': 'application/json; charset=UTF-8', 'x-openstack-request-id': 'req-259a4555-9dd1-4bdd-8a34-09a05b410f80'}
        Body: {"subnet": {"name": "tempest-sub6-10630081", "enable_dhcp": true, "network_id": "c557c242-e2fe-49ca-a3de-fe6e41f6dae4", "tenant_id": "69ad4d55edad4c3ab15be3361c1c486e", "dns_nameservers": [], "gateway_ip": "2003::1", "ipv6_ra_mode": "dhcpv6-stateless", "allocation_pools": [{"start": "2003::2", "end": "2003::ffff:ffff:ffff:ffff"}], "host_routes": [], "ip_version": 6, "ipv6_address_mode": "dhcpv6-stateless", "cidr": "2003::/64", "id": "1b518b02-76e9-4fa6-8c23-fc589f7d814d", "subnetpool_id": null}}
2015-12-05 15:51:55,389 27731 INFO     [tempest_lib.common.rest_client] Request (TestGettingAddress:test_dhcp6_stateless_from_os): 200 PUT http://10.0.2.15:9696/v2.0/routers/130f1a6a-6f23-4873-b085-d4348db7f200/add_router_interface 0.626s
2015-12-05 15:51:55,390 27731 DEBUG    [tempest_lib.common.rest_client] Request - Headers: {'Content-Type': 'application/json', 'Accept': 'application/json', 'X-Auth-Token': '&lt;omitted&gt;'}
        Body: {"subnet_id": "1b518b02-76e9-4fa6-8c23-fc589f7d814d"}
    Response - Headers: {'status': '200', 'content-length': '255', 'connection': 'close', 'date': 'Sat, 05 Dec 2015 15:51:55 GMT', 'content-type': 'application/json; charset=UTF-8', 'x-openstack-request-id': 'req-7e438243-cf69-4595-b6c8-ecc0259d1f15'}
        Body: {"subnet_id": "1b518b02-76e9-4fa6-8c23-fc589f7d814d", "tenant_id": "69ad4d55edad4c3ab15be3361c1c486e", "subnet_ids": ["1b518b02-76e9-4fa6-8c23-fc589f7d814d"], "port_id": "39ec045e-e7d9-4288-bb6b-6068a05ed968", "id": "130f1a6a-6f23-4873-b085-d4348db7f200"}
2015-12-05 15:51:55,516 27731 INFO     [tempest_lib.common.rest_client] Request (TestGettingAddress:test_dhcp6_stateless_from_os): 200 POST http://10.0.2.15:5000/v2.0/tokens
2015-12-05 15:51:55,517 27731 DEBUG    [tempest_lib.common.rest_client] Request - Headers: {'Content-Type': 'application/json', 'Accept': 'application/json'}
        Body: &lt;omitted&gt;
    Response - Headers: {'status': '200', 'content-length': '2524', 'vary': 'X-Auth-Token', 'server': 'Apache/2.4.7 (Ubuntu)', 'connection': 'close', 'date': 'Sat, 05 Dec 2015 15:51:55 GMT', 'content-type': 'application/json', 'x-openstack-request-id': 'req-889c7470-ff03-4f89-8b20-54e2153c7173'}
        Body: {"access": {"token": {"issued_at": "2015-12-05T15:51:55.500668", "expires": "2015-12-05T16:51:55Z", "id": "fb324ccbf24246ccab43a8d129a00939", "tenant": {"description": "tempest-TestGettingAddress-888280913-desc", "enabled": true, "id": "69ad4d55edad4c3ab15be3361c1c486e", "name": "tempest-TestGettingAddress-888280913"}, "audit_ids": ["GxhUKXqNQ-GUOv5GKutA9w"]}, "serviceCatalog": [{"endpoints": [{"adminURL": "http://10.0.2.15:8774/v2.1/69ad4d55edad4c3ab15be3361c1c486e", "region": "RegionOne", "internalURL": "http://10.0.2.15:8774/v2.1/69ad4d55edad4c3ab15be3361c1c486e", "id": "dbb67ee8813b463484c0109045d9952e", "publicURL": "http://10.0.2.15:8774/v2.1/69ad4d55edad4c3ab15be3361c1c486e"}], "endpoints_links": [], "type": "compute", "name": "nova"}, {"endpoints": [{"adminURL": "http://10.0.2.15:9696/", "region": "RegionOne", "internalURL": "http://10.0.2.15:9696/", "id": "8d0582f9c8aa49d28fc02c6be7b71783", "publicURL": "http://10.0.2.15:9696/"}], "endpoints_links": [], "type": "network", "name": "neutron"}, {"endpoints": [{"adminURL": "http://10.0.2.15:9292", "region": "RegionOne", "internalURL": "http://10.0.2.15:9292", "id": "22b32eeb974a4cf990f081bcca35bd97", "publicURL": "http://10.0.2.15:9292"}], "endpoints_links": [], "type": "image", "name": "glance"}, {"endpoints": [{"adminURL": "http://10.0.2.15:8774/v2/69ad4d55edad4c3ab15be3361c1c486e", "region": "RegionOne", "internalURL": "http://10.0.2.15:8774/v2/69ad4d55edad4c3ab15be3361c1c486e", "id": "3d57aad7559648a9b23a0b4a8a0d640f", "publicURL": "http://10.0.2.15:8774/v2/69ad4d55edad4c3ab15be3361c1c486e"}], "endpoints_links": [], "type": "compute_legacy", "name": "nova_legacy"}, {"endpoints": [{"adminURL": "http://10.0.2.15:8773/", "region": "RegionOne", "internalURL": "http://10.0.2.15:8773/", "id": "9e3efabfe983429bbde93f0c2797ca50", "publicURL": "http://10.0.2.15:8773/"}], "endpoints_links": [], "type": "ec2", "name": "ec2"}, {"endpoints": [{"adminURL": "http://10.0.2.15:35357/v2.0", "region": "RegionOne", "internalURL": "http://10.0.2.15:5000/v2.0", "id": "3b21dcfb11e94d419c54b1de1a0c55e1", "publicURL": "http://10.0.2.15:5000/v2.0"}], "endpoints_links": [], "type": "identity", "name": "keystone"}], "user": {"username": "tempest-TestGettingAddress-1347038719", "roles_links": [], "id": "3c32bafb59c7485da0dd2f2dd1021c50", "roles": [{"name": "_member_"}, {"name": "Member"}], "name": "tempest-TestGettingAddress-1347038719"}, "metadata": {"is_admin": 0, "roles": ["9fe2ff9ee4384b1894a90878d3e92bab", "87a4477982434a90a8262b2b3e69add6"]}}}
2015-12-05 15:51:55,523 27731 DEBUG    [tempest.common.fixed_network] (TestGettingAddress:test_dhcp6_stateless_from_os) No valid network provided or created, defaulting to fixed_network_name
2015-12-05 15:51:55,831 27731 INFO     [tempest_lib.common.rest_client] Request (TestGettingAddress:test_dhcp6_stateless_from_os): 200 GET http://10.0.2.15:8774/v2.1/69ad4d55edad4c3ab15be3361c1c486e/os-networks 0.307s
2015-12-05 15:51:55,831 27731 DEBUG    [tempest_lib.common.rest_client] Request - Headers: {'Content-Type': 'application/json', 'Accept': 'application/json', 'X-Auth-Token': '&lt;omitted&gt;'}
        Body: None
    Response - Headers: {'status': '200', 'content-length': '478', 'content-location': 'http://10.0.2.15:8774/v2.1/69ad4d55edad4c3ab15be3361c1c486e/os-networks', 'x-compute-request-id': 'req-ca516d0a-7502-40d8-b474-da52499dbdcb', 'vary': 'X-OpenStack-Nova-API-Version', 'connection': 'close', 'x-openstack-nova-api-version': '2.1', 'date': 'Sat, 05 Dec 2015 15:51:55 GMT', 'content-type': 'application/json'}
        Body: {"networks": [{"cidr_v6": null, "dns2": null, "dns1": null, "gateway": null, "broadcast": null, "netmask": null, "gateway_v6": null, "cidr": null, "label": "public", "id": "133aec37-b2ca-4898-be19-d967351c6cd1", "netmask_v6": null}, {"cidr_v6": null, "dns2": null, "dns1": null, "gateway": null, "broadcast": null, "netmask": null, "gateway_v6": null, "cidr": null, "label": "tempest-network-smoke--510351174", "id": "c557c242-e2fe-49ca-a3de-fe6e41f6dae4", "netmask_v6": null}]}
2015-12-05 15:51:55,831 27731 WARNING  [tempest.common.fixed_network] (TestGettingAddress:test_dhcp6_stateless_from_os) Network with name: private not found
2015-12-05 15:51:55,832 27731 INFO     [tempest.common.fixed_network] (TestGettingAddress:test_dhcp6_stateless_from_os) Found network {} available for tenant
2015-12-05 15:51:57,484 27731 INFO     [tempest_lib.common.rest_client] Request (TestGettingAddress:test_dhcp6_stateless_from_os): 202 POST http://10.0.2.15:8774/v2.1/69ad4d55edad4c3ab15be3361c1c486e/servers 1.652s
2015-12-05 15:51:57,485 27731 DEBUG    [tempest_lib.common.rest_client] Request - Headers: {'Content-Type': 'application/json', 'Accept': 'application/json', 'X-Auth-Token': '&lt;omitted&gt;'}
        Body: {"server": {"name": "tempest.common.compute-instance-55355841", "imageRef": "f5f56857-2181-4d67-ab42-ad6657df56b9", "key_name": "tempest-TestGettingAddress-1064420327", "flavorRef": "42", "networks": [{"uuid": "c557c242-e2fe-49ca-a3de-fe6e41f6dae4"}], "security_groups": [{"name": "tempest-secgroup-smoke-391696852"}]}}
    Response - Headers: {'status': '202', 'content-length': '461', 'x-compute-request-id': 'req-b9f35607-436b-445f-87a4-a9f82592b377', 'vary': 'X-OpenStack-Nova-API-Version', 'connection': 'close', 'location': 'http://10.0.2.15:8774/v2.1/69ad4d55edad4c3ab15be3361c1c486e/servers/d2ca6272-3935-425b-8dd2-71114cd1e359', 'x-openstack-nova-api-version': '2.1', 'date': 'Sat, 05 Dec 2015 15:51:57 GMT', 'content-type': 'application/json'}
        Body: {"server": {"security_groups": [{"name": "tempest-secgroup-smoke-391696852"}], "OS-DCF:diskConfig": "MANUAL", "id": "d2ca6272-3935-425b-8dd2-71114cd1e359", "links": [{"href": "http://10.0.2.15:8774/v2.1/69ad4d55edad4c3ab15be3361c1c486e/servers/d2ca6272-3935-425b-8dd2-71114cd1e359", "rel": "self"}, {"href": "http://10.0.2.15:8774/69ad4d55edad4c3ab15be3361c1c486e/servers/d2ca6272-3935-425b-8dd2-71114cd1e359", "rel": "bookmark"}], "adminPass": "jfYEdem2qb5B"}}
2015-12-05 15:51:57,631 27731 INFO     [tempest_lib.common.rest_client] Request (TestGettingAddress:test_dhcp6_stateless_from_os): 200 GET http://10.0.2.15:8774/v2.1/69ad4d55edad4c3ab15be3361c1c486e/servers/d2ca6272-3935-425b-8dd2-71114cd1e359 0.143s
2015-12-05 15:51:57,631 27731 DEBUG    [tempest_lib.common.rest_client] Request - Headers: {'Content-Type': 'application/json', 'Accept': 'application/json', 'X-Auth-Token': '&lt;omitted&gt;'}
        Body: None
    Response - Headers: {'status': '200', 'content-length': '1353', 'content-location': 'http://10.0.2.15:8774/v2.1/69ad4d55edad4c3ab15be3361c1c486e/servers/d2ca6272-3935-425b-8dd2-71114cd1e359', 'x-compute-request-id': 'req-92871848-eee8-43ab-af58-a00a777540f9', 'vary': 'X-OpenStack-Nova-API-Version', 'connection': 'close', 'x-openstack-nova-api-version': '2.1', 'date': 'Sat, 05 Dec 2015 15:51:57 GMT', 'content-type': 'application/json'}
        Body: {"server": {"status": "BUILD", "updated": "2015-12-05T15:51:57Z", "hostId": "", "addresses": {}, "links": [{"href": "http://10.0.2.15:8774/v2.1/69ad4d55edad4c3ab15be3361c1c486e/servers/d2ca6272-3935-425b-8dd2-71114cd1e359", "rel": "self"}, {"href": "http://10.0.2.15:8774/69ad4d55edad4c3ab15be3361c1c486e/servers/d2ca6272-3935-425b-8dd2-71114cd1e359", "rel": "bookmark"}], "key_name": "tempest-TestGettingAddress-1064420327", "image": {"id": "f5f56857-2181-4d67-ab42-ad6657df56b9", "links": [{"href": "http://10.0.2.15:8774/69ad4d55edad4c3ab15be3361c1c486e/images/f5f56857-2181-4d67-ab42-ad6657df56b9", "rel": "bookmark"}]}, "OS-EXT-STS:task_state": "scheduling", "OS-EXT-STS:vm_state": "building", "OS-SRV-USG:launched_at": null, "flavor": {"id": "42", "links": [{"href": "http://10.0.2.15:8774/69ad4d55edad4c3ab15be3361c1c486e/flavors/42", "rel": "bookmark"}]}, "id": "d2ca6272-3935-425b-8dd2-71114cd1e359", "OS-SRV-USG:terminated_at": null, "OS-EXT-AZ:availability_zone": "", "user_id": "3c32bafb59c7485da0dd2f2dd1021c50", "name": "tempest.common.compute-instance-55355841", "created": "2015-12-05T15:51:57Z", "tenant_id": "69ad4d55edad4c3ab15be3361c1c486e", "OS-DCF:diskConfig": "MANUAL", "os-extended-volumes:volumes_attached": [], "accessIPv4": "", "accessIPv6": "", "progress": 0, "OS-EXT-STS:power_state": 0, "config_drive": "", "metadata": {}}}
2015-12-05 15:51:58,933 27731 INFO     [tempest_lib.common.rest_client] Request (TestGettingAddress:test_dhcp6_stateless_from_os): 200 GET http://10.0.2.15:8774/v2.1/69ad4d55edad4c3ab15be3361c1c486e/servers/d2ca6272-3935-425b-8dd2-71114cd1e359 0.289s
2015-12-05 15:51:58,934 27731 DEBUG    [tempest_lib.common.rest_client] Request - Headers: {'Content-Type': 'application/json', 'Accept': 'application/json', 'X-Auth-Token': '&lt;omitted&gt;'}
        Body: None
    Response - Headers: {'status': '200', 'content-length': '1478', 'content-location': 'http://10.0.2.15:8774/v2.1/69ad4d55edad4c3ab15be3361c1c486e/servers/d2ca6272-3935-425b-8dd2-71114cd1e359', 'x-compute-request-id': 'req-452b8091-0ab8-4d81-9149-942bcdc60743', 'vary': 'X-OpenStack-Nova-API-Version', 'connection': 'close', 'x-openstack-nova-api-version': '2.1', 'date': 'Sat, 05 Dec 2015 15:51:58 GMT', 'content-type': 'application/json'}
        Body: {"server": {"status": "BUILD", "updated": "2015-12-05T15:51:58Z", "hostId": "a7b216a69a70da3a27c5d67e9aeb50e9dc8da0bbe44424d3239a3910", "addresses": {}, "links": [{"href": "http://10.0.2.15:8774/v2.1/69ad4d55edad4c3ab15be3361c1c486e/servers/d2ca6272-3935-425b-8dd2-71114cd1e359", "rel": "self"}, {"href": "http://10.0.2.15:8774/69ad4d55edad4c3ab15be3361c1c486e/servers/d2ca6272-3935-425b-8dd2-71114cd1e359", "rel": "bookmark"}], "key_name": "tempest-TestGettingAddress-1064420327", "image": {"id": "f5f56857-2181-4d67-ab42-ad6657df56b9", "links": [{"href": "http://10.0.2.15:8774/69ad4d55edad4c3ab15be3361c1c486e/images/f5f56857-2181-4d67-ab42-ad6657df56b9", "rel": "bookmark"}]}, "OS-EXT-STS:task_state": "spawning", "OS-EXT-STS:vm_state": "building", "OS-SRV-USG:launched_at": null, "flavor": {"id": "42", "links": [{"href": "http://10.0.2.15:8774/69ad4d55edad4c3ab15be3361c1c486e/flavors/42", "rel": "bookmark"}]}, "id": "d2ca6272-3935-425b-8dd2-71114cd1e359", "security_groups": [{"name": "tempest-secgroup-smoke-391696852"}], "OS-SRV-USG:terminated_at": null, "OS-EXT-AZ:availability_zone": "nova", "user_id": "3c32bafb59c7485da0dd2f2dd1021c50", "name": "tempest.common.compute-instance-55355841", "created": "2015-12-05T15:51:57Z", "tenant_id": "69ad4d55edad4c3ab15be3361c1c486e", "OS-DCF:diskConfig": "MANUAL", "os-extended-volumes:volumes_attached": [], "accessIPv4": "", "accessIPv6": "", "progress": 0, "OS-EXT-STS:power_state": 0, "config_drive": "", "metadata": {}}}
2015-12-05 15:51:58,950 27731 INFO     [tempest.common.waiters] State transition "BUILD/scheduling" ==&gt; "BUILD/spawning" after 1 second wait
2015-12-05 15:52:00,243 27731 INFO     [tempest_lib.common.rest_client] Request (TestGettingAddress:test_dhcp6_stateless_from_os): 200 GET http://10.0.2.15:8774/v2.1/69ad4d55edad4c3ab15be3361c1c486e/servers/d2ca6272-3935-425b-8dd2-71114cd1e359 0.290s
2015-12-05 15:52:00,243 27731 DEBUG    [tempest_lib.common.rest_client] Request - Headers: {'Content-Type': 'application/json', 'Accept': 'application/json', 'X-Auth-Token': '&lt;omitted&gt;'}
        Body: None
    Response - Headers: {'status': '200', 'content-length': '1478', 'content-location': 'http://10.0.2.15:8774/v2.1/69ad4d55edad4c3ab15be3361c1c486e/servers/d2ca6272-3935-425b-8dd2-71114cd1e359', 'x-compute-request-id': 'req-9d024448-a5cb-4855-989a-61ce6e73b2e3', 'vary': 'X-OpenStack-Nova-API-Version', 'connection': 'close', 'x-openstack-nova-api-version': '2.1', 'date': 'Sat, 05 Dec 2015 15:52:00 GMT', 'content-type': 'application/json'}
        Body: {"server": {"status": "BUILD", "updated": "2015-12-05T15:51:58Z", "hostId": "a7b216a69a70da3a27c5d67e9aeb50e9dc8da0bbe44424d3239a3910", "addresses": {}, "links": [{"href": "http://10.0.2.15:8774/v2.1/69ad4d55edad4c3ab15be3361c1c486e/servers/d2ca6272-3935-425b-8dd2-71114cd1e359", "rel": "self"}, {"href": "http://10.0.2.15:8774/69ad4d55edad4c3ab15be3361c1c486e/servers/d2ca6272-3935-425b-8dd2-71114cd1e359", "rel": "bookmark"}], "key_name": "tempest-TestGettingAddress-1064420327", "image": {"id": "f5f56857-2181-4d67-ab42-ad6657df56b9", "links": [{"href": "http://10.0.2.15:8774/69ad4d55edad4c3ab15be3361c1c486e/images/f5f56857-2181-4d67-ab42-ad6657df56b9", "rel": "bookmark"}]}, "OS-EXT-STS:task_state": "spawning", "OS-EXT-STS:vm_state": "building", "OS-SRV-USG:launched_at": null, "flavor": {"id": "42", "links": [{"href": "http://10.0.2.15:8774/69ad4d55edad4c3ab15be3361c1c486e/flavors/42", "rel": "bookmark"}]}, "id": "d2ca6272-3935-425b-8dd2-71114cd1e359", "security_groups": [{"name": "tempest-secgroup-smoke-391696852"}], "OS-SRV-USG:terminated_at": null, "OS-EXT-AZ:availability_zone": "nova", "user_id": "3c32bafb59c7485da0dd2f2dd1021c50", "name": "tempest.common.compute-instance-55355841", "created": "2015-12-05T15:51:57Z", "tenant_id": "69ad4d55edad4c3ab15be3361c1c486e", "OS-DCF:diskConfig": "MANUAL", "os-extended-volumes:volumes_attached": [], "accessIPv4": "", "accessIPv6": "", "progress": 0, "OS-EXT-STS:power_state": 0, "config_drive": "", "metadata": {}}}
2015-12-05 15:52:01,466 27731 INFO     [tempest_lib.common.rest_client] Request (TestGettingAddress:test_dhcp6_stateless_from_os): 200 GET http://10.0.2.15:8774/v2.1/69ad4d55edad4c3ab15be3361c1c486e/servers/d2ca6272-3935-425b-8dd2-71114cd1e359 0.212s
2015-12-05 15:52:01,466 27731 DEBUG    [tempest_lib.common.rest_client] Request - Headers: {'Content-Type': 'application/json', 'Accept': 'application/json', 'X-Auth-Token': '&lt;omitted&gt;'}
        Body: None
    Response - Headers: {'status': '200', 'content-length': '1778', 'content-location': 'http://10.0.2.15:8774/v2.1/69ad4d55edad4c3ab15be3361c1c486e/servers/d2ca6272-3935-425b-8dd2-71114cd1e359', 'x-compute-request-id': 'req-3a928922-5627-4f20-9fe6-ae9737b6947a', 'vary': 'X-OpenStack-Nova-API-Version', 'connection': 'close', 'x-openstack-nova-api-version': '2.1', 'date': 'Sat, 05 Dec 2015 15:52:01 GMT', 'content-type': 'application/json'}
        Body: {"server": {"status": "ACTIVE", "updated": "2015-12-05T15:52:00Z", "hostId": "a7b216a69a70da3a27c5d67e9aeb50e9dc8da0bbe44424d3239a3910", "addresses": {"tempest-network-smoke--510351174": [{"OS-EXT-IPS-MAC:mac_addr": "fa:16:3e:c0:eb:c3", "version": 4, "addr": "10.100.0.3", "OS-EXT-IPS:type": "fixed"}, {"OS-EXT-IPS-MAC:mac_addr": "fa:16:3e:c0:eb:c3", "version": 6, "addr": "2003::f816:3eff:fec0:ebc3", "OS-EXT-IPS:type": "fixed"}]}, "links": [{"href": "http://10.0.2.15:8774/v2.1/69ad4d55edad4c3ab15be3361c1c486e/servers/d2ca6272-3935-425b-8dd2-71114cd1e359", "rel": "self"}, {"href": "http://10.0.2.15:8774/69ad4d55edad4c3ab15be3361c1c486e/servers/d2ca6272-3935-425b-8dd2-71114cd1e359", "rel": "bookmark"}], "key_name": "tempest-TestGettingAddress-1064420327", "image": {"id": "f5f56857-2181-4d67-ab42-ad6657df56b9", "links": [{"href": "http://10.0.2.15:8774/69ad4d55edad4c3ab15be3361c1c486e/images/f5f56857-2181-4d67-ab42-ad6657df56b9", "rel": "bookmark"}]}, "OS-EXT-STS:task_state": null, "OS-EXT-STS:vm_state": "active", "OS-SRV-USG:launched_at": "2015-12-05T15:52:00.000000", "flavor": {"id": "42", "links": [{"href": "http://10.0.2.15:8774/69ad4d55edad4c3ab15be3361c1c486e/flavors/42", "rel": "bookmark"}]}, "id": "d2ca6272-3935-425b-8dd2-71114cd1e359", "security_groups": [{"name": "tempest-secgroup-smoke-391696852"}], "OS-SRV-USG:terminated_at": null, "OS-EXT-AZ:availability_zone": "nova", "user_id": "3c32bafb59c7485da0dd2f2dd1021c50", "name": "tempest.common.compute-instance-55355841", "created": "2015-12-05T15:51:57Z", "tenant_id": "69ad4d55edad4c3ab15be3361c1c486e", "OS-DCF:diskConfig": "MANUAL", "os-extended-volumes:volumes_attached": [], "accessIPv4": "", "accessIPv6": "", "progress": 0, "OS-EXT-STS:power_state": 1, "config_drive": "True", "metadata": {}}}
2015-12-05 15:52:01,480 27731 INFO     [tempest.common.waiters] State transition "BUILD/spawning" ==&gt; "ACTIVE/None" after 4 second wait
2015-12-05 15:52:01,655 27731 INFO     [tempest_lib.common.rest_client] Request (TestGettingAddress:test_dhcp6_stateless_from_os): 200 GET http://10.0.2.15:8774/v2.1/69ad4d55edad4c3ab15be3361c1c486e/servers/d2ca6272-3935-425b-8dd2-71114cd1e359 0.174s
2015-12-05 15:52:01,657 27731 DEBUG    [tempest_lib.common.rest_client] Request - Headers: {'Content-Type': 'application/json', 'Accept': 'application/json', 'X-Auth-Token': '&lt;omitted&gt;'}
        Body: None
    Response - Headers: {'status': '200', 'content-length': '1778', 'content-location': 'http://10.0.2.15:8774/v2.1/69ad4d55edad4c3ab15be3361c1c486e/servers/d2ca6272-3935-425b-8dd2-71114cd1e359', 'x-compute-request-id': 'req-31f47f22-9b9d-4cd8-b325-3e2d084b4a04', 'vary': 'X-OpenStack-Nova-API-Version', 'connection': 'close', 'x-openstack-nova-api-version': '2.1', 'date': 'Sat, 05 Dec 2015 15:52:01 GMT', 'content-type': 'application/json'}
        Body: {"server": {"status": "ACTIVE", "updated": "2015-12-05T15:52:00Z", "hostId": "a7b216a69a70da3a27c5d67e9aeb50e9dc8da0bbe44424d3239a3910", "addresses": {"tempest-network-smoke--510351174": [{"OS-EXT-IPS-MAC:mac_addr": "fa:16:3e:c0:eb:c3", "version": 4, "addr": "10.100.0.3", "OS-EXT-IPS:type": "fixed"}, {"OS-EXT-IPS-MAC:mac_addr": "fa:16:3e:c0:eb:c3", "version": 6, "addr": "2003::f816:3eff:fec0:ebc3", "OS-EXT-IPS:type": "fixed"}]}, "links": [{"href": "http://10.0.2.15:8774/v2.1/69ad4d55edad4c3ab15be3361c1c486e/servers/d2ca6272-3935-425b-8dd2-71114cd1e359", "rel": "self"}, {"href": "http://10.0.2.15:8774/69ad4d55edad4c3ab15be3361c1c486e/servers/d2ca6272-3935-425b-8dd2-71114cd1e359", "rel": "bookmark"}], "key_name": "tempest-TestGettingAddress-1064420327", "image": {"id": "f5f56857-2181-4d67-ab42-ad6657df56b9", "links": [{"href": "http://10.0.2.15:8774/69ad4d55edad4c3ab15be3361c1c486e/images/f5f56857-2181-4d67-ab42-ad6657df56b9", "rel": "bookmark"}]}, "OS-EXT-STS:task_state": null, "OS-EXT-STS:vm_state": "active", "OS-SRV-USG:launched_at": "2015-12-05T15:52:00.000000", "flavor": {"id": "42", "links": [{"href": "http://10.0.2.15:8774/69ad4d55edad4c3ab15be3361c1c486e/flavors/42", "rel": "bookmark"}]}, "id": "d2ca6272-3935-425b-8dd2-71114cd1e359", "security_groups": [{"name": "tempest-secgroup-smoke-391696852"}], "OS-SRV-USG:terminated_at": null, "OS-EXT-AZ:availability_zone": "nova", "user_id": "3c32bafb59c7485da0dd2f2dd1021c50", "name": "tempest.common.compute-instance-55355841", "created": "2015-12-05T15:51:57Z", "tenant_id": "69ad4d55edad4c3ab15be3361c1c486e", "OS-DCF:diskConfig": "MANUAL", "os-extended-volumes:volumes_attached": [], "accessIPv4": "", "accessIPv6": "", "progress": 0, "OS-EXT-STS:power_state": 1, "config_drive": "True", "metadata": {}}}
2015-12-05 15:52:01,696 27731 INFO     [tempest_lib.common.rest_client] Request (TestGettingAddress:test_dhcp6_stateless_from_os): 200 GET http://10.0.2.15:9696/v2.0/ports?status=ACTIVE&amp;fixed_ip=None&amp;device_id=d2ca6272-3935-425b-8dd2-71114cd1e359 0.030s
2015-12-05 15:52:01,696 27731 DEBUG    [tempest_lib.common.rest_client] Request - Headers: {'Content-Type': 'application/json', 'Accept': 'application/json', 'X-Auth-Token': '&lt;omitted&gt;'}
        Body: None
    Response - Headers: {'status': '200', 'content-length': '1142', 'content-location': 'http://10.0.2.15:9696/v2.0/ports?status=ACTIVE&amp;fixed_ip=None&amp;device_id=d2ca6272-3935-425b-8dd2-71114cd1e359', 'connection': 'close', 'date': 'Sat, 05 Dec 2015 15:52:01 GMT', 'content-type': 'application/json; charset=UTF-8', 'x-openstack-request-id': 'req-722f30e9-4032-4947-961f-3147720b7b47'}
        Body: {"ports": [{"status": "ACTIVE", "binding:host_id": "vagrant-ubuntu-trusty-64", "allowed_address_pairs": [], "extra_dhcp_opts": [], "dns_assignment": [{"hostname": "host-10-100-0-3", "ip_address": "10.100.0.3", "fqdn": "host-10-100-0-3.openstacklocal."}, {"hostname": "host-2003--f816-3eff-fec0-ebc3", "ip_address": "2003::f816:3eff:fec0:ebc3", "fqdn": "host-2003--f816-3eff-fec0-ebc3.openstacklocal."}], "device_owner": "compute:None", "port_security_enabled": true, "binding:profile": {}, "fixed_ips": [{"subnet_id": "7c2ab5f1-9844-45ba-82da-9db706d8ca6d", "ip_address": "10.100.0.3"}, {"subnet_id": "1b518b02-76e9-4fa6-8c23-fc589f7d814d", "ip_address": "2003::f816:3eff:fec0:ebc3"}], "id": "fde4ea3e-9d74-4191-b8c6-0ead1a1bc8d5", "security_groups": ["5028786e-a4f1-4c23-a803-f9a20b0743c9"], "device_id": "d2ca6272-3935-425b-8dd2-71114cd1e359", "name": "", "admin_state_up": true, "network_id": "c557c242-e2fe-49ca-a3de-fe6e41f6dae4", "dns_name": "", "binding:vif_details": {"port_filter": true}, "binding:vnic_type": "normal", "binding:vif_type": "ovs", "tenant_id": "69ad4d55edad4c3ab15be3361c1c486e", "mac_address": "fa:16:3e:c0:eb:c3"}]}
2015-12-05 15:52:02,314 27731 INFO     [tempest_lib.common.rest_client] Request (TestGettingAddress:test_dhcp6_stateless_from_os): 201 POST http://10.0.2.15:9696/v2.0/floatingips 0.617s
2015-12-05 15:52:02,314 27731 DEBUG    [tempest_lib.common.rest_client] Request - Headers: {'Content-Type': 'application/json', 'Accept': 'application/json', 'X-Auth-Token': '&lt;omitted&gt;'}
        Body: {"floatingip": {"floating_network_id": "133aec37-b2ca-4898-be19-d967351c6cd1", "tenant_id": "69ad4d55edad4c3ab15be3361c1c486e", "fixed_ip_address": "10.100.0.3", "port_id": "fde4ea3e-9d74-4191-b8c6-0ead1a1bc8d5"}}
    Response - Headers: {'status': '201', 'content-length': '367', 'connection': 'close', 'date': 'Sat, 05 Dec 2015 15:52:02 GMT', 'content-type': 'application/json; charset=UTF-8', 'x-openstack-request-id': 'req-cead428e-0d3b-4e6c-ba87-7cfbd078a9f5'}
        Body: {"floatingip": {"floating_network_id": "133aec37-b2ca-4898-be19-d967351c6cd1", "router_id": "130f1a6a-6f23-4873-b085-d4348db7f200", "fixed_ip_address": "10.100.0.3", "floating_ip_address": "172.24.4.4", "tenant_id": "69ad4d55edad4c3ab15be3361c1c486e", "status": "DOWN", "port_id": "fde4ea3e-9d74-4191-b8c6-0ead1a1bc8d5", "id": "58e580fc-cf95-4662-a4f6-7f902f8d1eae"}}
2015-12-05 15:52:02,316 27731 INFO     [tempest_lib.common.ssh] Creating ssh connection to '172.24.4.4' as 'cirros' with public key authentication
2015-12-05 15:52:06,306 27731 WARNING  [tempest_lib.common.ssh] Failed to establish authenticated ssh connection to cirros@172.24.4.4 ([Errno None] Unable to connect to port 22 on  or 172.24.4.4). Number attempts: 1. Retry after 2 seconds.
2015-12-05 15:52:11,810 27731 WARNING  [tempest_lib.common.ssh] Failed to establish authenticated ssh connection to cirros@172.24.4.4 ([Errno None] Unable to connect to port 22 on  or 172.24.4.4). Number attempts: 2. Retry after 3 seconds.
2015-12-05 15:52:18,314 27731 WARNING  [tempest_lib.common.ssh] Failed to establish authenticated ssh connection to cirros@172.24.4.4 ([Errno None] Unable to connect to port 22 on  or 172.24.4.4). Number attempts: 3. Retry after 4 seconds.
2015-12-05 15:52:25,823 27731 WARNING  [tempest_lib.common.ssh] Failed to establish authenticated ssh connection to cirros@172.24.4.4 ([Errno None] Unable to connect to port 22 on  or 172.24.4.4). Number attempts: 4. Retry after 5 seconds.
2015-12-05 15:52:34,327 27731 WARNING  [tempest_lib.common.ssh] Failed to establish authenticated ssh connection to cirros@172.24.4.4 ([Errno None] Unable to connect to port 22 on  or 172.24.4.4). Number attempts: 5. Retry after 6 seconds.
2015-12-05 15:52:43,831 27731 WARNING  [tempest_lib.common.ssh] Failed to establish authenticated ssh connection to cirros@172.24.4.4 ([Errno None] Unable to connect to port 22 on  or 172.24.4.4). Number attempts: 6. Retry after 7 seconds.
2015-12-05 15:52:54,331 27731 WARNING  [tempest_lib.common.ssh] Failed to establish authenticated ssh connection to cirros@172.24.4.4 ([Errno None] Unable to connect to port 22 on  or 172.24.4.4). Number attempts: 7. Retry after 8 seconds.
2015-12-05 15:53:05,839 27731 WARNING  [tempest_lib.common.ssh] Failed to establish authenticated ssh connection to cirros@172.24.4.4 ([Errno None] Unable to connect to port 22 on  or 172.24.4.4). Number attempts: 8. Retry after 9 seconds.
2015-12-05 15:53:18,351 27731 WARNING  [tempest_lib.common.ssh] Failed to establish authenticated ssh connection to cirros@172.24.4.4 ([Errno None] Unable to connect to port 22 on  or 172.24.4.4). Number attempts: 9. Retry after 10 seconds.
2015-12-05 15:53:31,863 27731 WARNING  [tempest_lib.common.ssh] Failed to establish authenticated ssh connection to cirros@172.24.4.4 ([Errno None] Unable to connect to port 22 on  or 172.24.4.4). Number attempts: 10. Retry after 11 seconds.
2015-12-05 15:53:46,371 27731 WARNING  [tempest_lib.common.ssh] Failed to establish authenticated ssh connection to cirros@172.24.4.4 ([Errno None] Unable to connect to port 22 on  or 172.24.4.4). Number attempts: 11. Retry after 12 seconds.
2015-12-05 15:54:01,883 27731 WARNING  [tempest_lib.common.ssh] Failed to establish authenticated ssh connection to cirros@172.24.4.4 ([Errno None] Unable to connect to port 22 on  or 172.24.4.4). Number attempts: 12. Retry after 13 seconds.
2015-12-05 15:54:18,395 27731 WARNING  [tempest_lib.common.ssh] Failed to establish authenticated ssh connection to cirros@172.24.4.4 ([Errno None] Unable to connect to port 22 on  or 172.24.4.4). Number attempts: 13. Retry after 14 seconds.
2015-12-05 15:54:35,907 27731 WARNING  [tempest_lib.common.ssh] Failed to establish authenticated ssh connection to cirros@172.24.4.4 ([Errno None] Unable to connect to port 22 on  or 172.24.4.4). Number attempts: 14. Retry after 15 seconds.
2015-12-05 15:54:54,423 27731 WARNING  [tempest_lib.common.ssh] Failed to establish authenticated ssh connection to cirros@172.24.4.4 ([Errno None] Unable to connect to port 22 on  or 172.24.4.4). Number attempts: 15. Retry after 16 seconds.
2015-12-05 15:55:13,939 27731 WARNING  [tempest_lib.common.ssh] Failed to establish authenticated ssh connection to cirros@172.24.4.4 ([Errno None] Unable to connect to port 22 on  or 172.24.4.4). Number attempts: 16. Retry after 17 seconds.
2015-12-05 15:55:34,455 27731 ERROR    [tempest_lib.common.ssh] Failed to establish authenticated ssh connection to cirros@172.24.4.4 after 16 attempts
2015-12-05 15:55:34.455 27731 ERROR tempest_lib.common.ssh Traceback (most recent call last):
2015-12-05 15:55:34.455 27731 ERROR tempest_lib.common.ssh   File "/usr/local/lib/python2.7/dist-packages/tempest_lib/common/ssh.py", line 75, in _get_ssh_connection
2015-12-05 15:55:34.455 27731 ERROR tempest_lib.common.ssh     timeout=self.channel_timeout, pkey=self.pkey)
2015-12-05 15:55:34.455 27731 ERROR tempest_lib.common.ssh   File "/usr/local/lib/python2.7/dist-packages/paramiko/client.py", line 311, in connect
2015-12-05 15:55:34.455 27731 ERROR tempest_lib.common.ssh     raise NoValidConnectionsError(errors)
2015-12-05 15:55:34.455 27731 ERROR tempest_lib.common.ssh NoValidConnectionsError: [Errno None] Unable to connect to port 22 on  or 172.24.4.4
2015-12-05 15:55:34.455 27731 ERROR tempest_lib.common.ssh 
2015-12-05 15:55:34,457 27731 ERROR    [tempest.scenario.manager] (TestGettingAddress:test_dhcp6_stateless_from_os) Initializing SSH connection to 172.24.4.4 failed. Error: Connection to the 172.24.4.4 via SSH timed out.
User: cirros, Password: None
2015-12-05 15:55:34.457 27731 ERROR tempest.scenario.manager Traceback (most recent call last):
2015-12-05 15:55:34.457 27731 ERROR tempest.scenario.manager   File "tempest/scenario/manager.py", line 383, in get_remote_client
2015-12-05 15:55:34.457 27731 ERROR tempest.scenario.manager     linux_client.validate_authentication()
2015-12-05 15:55:34.457 27731 ERROR tempest.scenario.manager   File "tempest/common/utils/linux/remote_client.py", line 63, in validate_authentication
2015-12-05 15:55:34.457 27731 ERROR tempest.scenario.manager     self.ssh_client.test_connection_auth()
2015-12-05 15:55:34.457 27731 ERROR tempest.scenario.manager   File "/usr/local/lib/python2.7/dist-packages/tempest_lib/common/ssh.py", line 167, in test_connection_auth
2015-12-05 15:55:34.457 27731 ERROR tempest.scenario.manager     connection = self._get_ssh_connection()
2015-12-05 15:55:34.457 27731 ERROR tempest.scenario.manager   File "/usr/local/lib/python2.7/dist-packages/tempest_lib/common/ssh.py", line 87, in _get_ssh_connection
2015-12-05 15:55:34.457 27731 ERROR tempest.scenario.manager     password=self.password)
2015-12-05 15:55:34.457 27731 ERROR tempest.scenario.manager SSHTimeout: Connection to the 172.24.4.4 via SSH timed out.
2015-12-05 15:55:34.457 27731 ERROR tempest.scenario.manager User: cirros, Password: None
2015-12-05 15:55:34.457 27731 ERROR tempest.scenario.manager 
2015-12-05 15:55:34,535 27731 INFO     [tempest_lib.common.rest_client] Request (TestGettingAddress:test_dhcp6_stateless_from_os): 200 GET http://10.0.2.15:8774/v2.1/69ad4d55edad4c3ab15be3361c1c486e/servers 0.076s
2015-12-05 15:55:34,536 27731 DEBUG    [tempest_lib.common.rest_client] Request - Headers: {'Content-Type': 'application/json', 'Accept': 'application/json', 'X-Auth-Token': '&lt;omitted&gt;'}
        Body: None
    Response - Headers: {'status': '200', 'content-length': '389', 'content-location': 'http://10.0.2.15:8774/v2.1/69ad4d55edad4c3ab15be3361c1c486e/servers', 'x-compute-request-id': 'req-d099f3d7-fd86-44b0-99cf-32d6d02a0f55', 'vary': 'X-OpenStack-Nova-API-Version', 'connection': 'close', 'x-openstack-nova-api-version': '2.1', 'date': 'Sat, 05 Dec 2015 15:55:34 GMT', 'content-type': 'application/json'}
        Body: {"servers": [{"id": "d2ca6272-3935-425b-8dd2-71114cd1e359", "links": [{"href": "http://10.0.2.15:8774/v2.1/69ad4d55edad4c3ab15be3361c1c486e/servers/d2ca6272-3935-425b-8dd2-71114cd1e359", "rel": "self"}, {"href": "http://10.0.2.15:8774/69ad4d55edad4c3ab15be3361c1c486e/servers/d2ca6272-3935-425b-8dd2-71114cd1e359", "rel": "bookmark"}], "name": "tempest.common.compute-instance-55355841"}]}
2015-12-05 15:55:34,751 27731 INFO     [tempest_lib.common.rest_client] Request (TestGettingAddress:test_dhcp6_stateless_from_os): 200 POST http://10.0.2.15:8774/v2.1/69ad4d55edad4c3ab15be3361c1c486e/servers/d2ca6272-3935-425b-8dd2-71114cd1e359/action 0.208s
2015-12-05 15:55:34,751 27731 DEBUG    [tempest_lib.common.rest_client] Request - Headers: {'Content-Type': 'application/json', 'Accept': 'application/json', 'X-Auth-Token': '&lt;omitted&gt;'}
        Body: {"os-getConsoleOutput": {}}
    Response - Headers: {'status': '200', 'content-length': '24667', 'x-compute-request-id': 'req-d9871c52-a2c3-42fe-a087-25057baee560', 'vary': 'X-OpenStack-Nova-API-Version', 'connection': 'close', 'x-openstack-nova-api-version': '2.1', 'date': 'Sat, 05 Dec 2015 15:55:34 GMT', 'content-type': 'application/json'}
        Body: {"output": "[    0.000000] Initializing cgroup subsys cpuset\n[    0.000000] Initializing cgroup subsys cpu\n[    0.000000] Linux version 3.2.0-80-virtual (buildd@batsu) (gcc version 4.6.3 (Ubuntu/Linaro 4.6.3-1ubuntu5) ) #116-Ubuntu SMP Mon Mar 23 17:28:52 UTC 2015 (Ubuntu 3.2.0-80.116-virtual 3.2.68)\n[    0.000000] Command line: root=/dev/vda console=tty0 console=ttyS0 no_timer_check\n[    0.000000] KERNEL supported cpus:\n[    0.000000]   Intel GenuineIntel\n[    0.000000]   AMD AuthenticAMD\n[    0.000000]   Centaur CentaurHauls\n[    0.000000] BIOS-provided physical RAM map:\n[    0.000000]  BIOS-e820: 0000000000000000 - 000000000009fc00 (usable)\n[    0.000000]  BIOS-e820: 000000000009fc00 - 00000000000a0000 (reserved)\n[    0.000000]  BIOS-e820: 00000000000f0000 - 0000000000100000 (reserved)\n[    0.000000]  BIOS-e820: 0000000000100000 - 0000000003ffe000 (usable)\n[    0.000000]  BIOS-e820: 0000000003ffe000 - 0000000004000000 (reserved)\n[    0.000000]  BIOS-e820: 00000000fffc0000 - 0000000100000000 (reserved)\n[    0.000000] NX (Execute Disable) protection: active\n[    0.000000] SMBIOS 2.4 present.\n[    0.000000] No AGP bridge found\n[    0.000000] last_pfn = 0x3ffe max_arch_pfn = 0x400000000\n[    0.000000] x86 PAT enabled: cpu 0, old 0x7040600070406, new 0x7010600070106\n[    0.000000] found SMP MP-table at [ffff8800000f0b00] f0b00\n[    0.000000] init_memory_mapping: 0000000000000000-0000000003ffe000\n[    0.000000] RAMDISK: 03c5e000 - 03ff0000\n[    0.000000] ACPI: RSDP 00000000000f0950 00014 (v00 BOCHS )\n[    0.000000] ACPI: RSDT 0000000003fffbc1 00034 (v01 BOCHS  BXPCRSDT 00000001 BXPC 00000001)\n[    0.000000] ACPI: FACP 0000000003fff1c0 00074 (v01 BOCHS  BXPCFACP 00000001 BXPC 00000001)\n[    0.000000] ACPI: DSDT 0000000003ffe040 01180 (v01 BOCHS  BXPCDSDT 00000001 BXPC 00000001)\n[    0.000000] ACPI: FACS 0000000003ffe000 00040\n[    0.000000] ACPI: SSDT 0000000003fff234 008DD (v01 BOCHS  BXPCSSDT 00000001 BXPC 00000001)\n[    0.000000] ACPI: APIC 0000000003fffb11 00078 (v01 BOCHS  BXPCAPIC 00000001 BXPC 00000001)\n[    0.000000] ACPI: HPET 0000000003fffb89 00038 (v01 BOCHS  BXPCHPET 00000001 BXPC 00000001)\n[    0.000000] No NUMA configuration found\n[    0.000000] Faking a node at 0000000000000000-0000000003ffe000\n[    0.000000] Initmem setup node 0 0000000000000000-0000000003ffe000\n[    0.000000]   NODE_DATA [0000000003ff6000 - 0000000003ffafff]\n[    0.000000] Zone PFN ranges:\n[    0.000000]   DMA      0x00000010 -&gt; 0x00001000\n[    0.000000]   DMA32    0x00001000 -&gt; 0x00100000\n[    0.000000]   Normal   empty\n[    0.000000] Movable zone start PFN for each node\n[    0.000000] early_node_map[2] active PFN ranges\n[    0.000000]     0: 0x00000010 -&gt; 0x0000009f\n[    0.000000]     0: 0x00000100 -&gt; 0x00003ffe\n[    0.000000] ACPI: PM-Timer IO Port: 0xb008\n[    0.000000] ACPI: LAPIC (acpi_id[0x00] lapic_id[0x00] enabled)\n[    0.000000] ACPI: LAPIC_NMI (acpi_id[0xff] dfl dfl lint[0x1])\n[    0.000000] ACPI: IOAPIC (id[0x00] address[0xfec00000] gsi_base[0])\n[    0.000000] IOAPIC[0]: apic_id 0, version 17, address 0xfec00000, GSI 0-23\n[    0.000000] ACPI: INT_SRC_OVR (bus 0 bus_irq 0 global_irq 2 dfl dfl)\n[    0.000000] ACPI: INT_SRC_OVR (bus 0 bus_irq 5 global_irq 5 high level)\n[    0.000000] ACPI: INT_SRC_OVR (bus 0 bus_irq 9 global_irq 9 high level)\n[    0.000000] ACPI: INT_SRC_OVR (bus 0 bus_irq 10 global_irq 10 high level)\n[    0.000000] ACPI: INT_SRC_OVR (bus 0 bus_irq 11 global_irq 11 high level)\n[    0.000000] Using ACPI (MADT) for SMP configuration information\n[    0.000000] ACPI: HPET id: 0x8086a201 base: 0xfed00000\n[    0.000000] SMP: Allowing 1 CPUs, 0 hotplug CPUs\n[    0.000000] PM: Registered nosave memory: 000000000009f000 - 00000000000a0000\n[    0.000000] PM: Registered nosave memory: 00000000000a0000 - 00000000000f0000\n[    0.000000] PM: Registered nosave memory: 00000000000f0000 - 0000000000100000\n[    0.000000] Allocating PCI resources starting at 4000000 (gap: 4000000:fbfc0000)\n[    0.000000] Booting paravirtualized kernel on bare hardware\n[    0.000000] setup_pe
2015-12-05 15:55:34,755 27731 DEBUG    [tempest.scenario.manager] Console output for d2ca6272-3935-425b-8dd2-71114cd1e359
body=
[    0.000000] Initializing cgroup subsys cpuset
[    0.000000] Initializing cgroup subsys cpu
[    0.000000] Linux version 3.2.0-80-virtual (buildd@batsu) (gcc version 4.6.3 (Ubuntu/Linaro 4.6.3-1ubuntu5) ) #116-Ubuntu SMP Mon Mar 23 17:28:52 UTC 2015 (Ubuntu 3.2.0-80.116-virtual 3.2.68)
[    0.000000] Command line: root=/dev/vda console=tty0 console=ttyS0 no_timer_check
[    0.000000] KERNEL supported cpus:
[    0.000000]   Intel GenuineIntel
[    0.000000]   AMD AuthenticAMD
[    0.000000]   Centaur CentaurHauls
[    0.000000] BIOS-provided physical RAM map:
[    0.000000]  BIOS-e820: 0000000000000000 - 000000000009fc00 (usable)
[    0.000000]  BIOS-e820: 000000000009fc00 - 00000000000a0000 (reserved)
[    0.000000]  BIOS-e820: 00000000000f0000 - 0000000000100000 (reserved)
[    0.000000]  BIOS-e820: 0000000000100000 - 0000000003ffe000 (usable)
[    0.000000]  BIOS-e820: 0000000003ffe000 - 0000000004000000 (reserved)
[    0.000000]  BIOS-e820: 00000000fffc0000 - 0000000100000000 (reserved)
[    0.000000] NX (Execute Disable) protection: active
[    0.000000] SMBIOS 2.4 present.
[    0.000000] No AGP bridge found
[    0.000000] last_pfn = 0x3ffe max_arch_pfn = 0x400000000
[    0.000000] x86 PAT enabled: cpu 0, old 0x7040600070406, new 0x7010600070106
[    0.000000] found SMP MP-table at [ffff8800000f0b00] f0b00
[    0.000000] init_memory_mapping: 0000000000000000-0000000003ffe000
[    0.000000] RAMDISK: 03c5e000 - 03ff0000
[    0.000000] ACPI: RSDP 00000000000f0950 00014 (v00 BOCHS )
[    0.000000] ACPI: RSDT 0000000003fffbc1 00034 (v01 BOCHS  BXPCRSDT 00000001 BXPC 00000001)
[    0.000000] ACPI: FACP 0000000003fff1c0 00074 (v01 BOCHS  BXPCFACP 00000001 BXPC 00000001)
[    0.000000] ACPI: DSDT 0000000003ffe040 01180 (v01 BOCHS  BXPCDSDT 00000001 BXPC 00000001)
[    0.000000] ACPI: FACS 0000000003ffe000 00040
[    0.000000] ACPI: SSDT 0000000003fff234 008DD (v01 BOCHS  BXPCSSDT 00000001 BXPC 00000001)
[    0.000000] ACPI: APIC 0000000003fffb11 00078 (v01 BOCHS  BXPCAPIC 00000001 BXPC 00000001)
[    0.000000] ACPI: HPET 0000000003fffb89 00038 (v01 BOCHS  BXPCHPET 00000001 BXPC 00000001)
[    0.000000] No NUMA configuration found
[    0.000000] Faking a node at 0000000000000000-0000000003ffe000
[    0.000000] Initmem setup node 0 0000000000000000-0000000003ffe000
[    0.000000]   NODE_DATA [0000000003ff6000 - 0000000003ffafff]
[    0.000000] Zone PFN ranges:
[    0.000000]   DMA      0x00000010 -&gt; 0x00001000
[    0.000000]   DMA32    0x00001000 -&gt; 0x00100000
[    0.000000]   Normal   empty
[    0.000000] Movable zone start PFN for each node
[    0.000000] early_node_map[2] active PFN ranges
[    0.000000]     0: 0x00000010 -&gt; 0x0000009f
[    0.000000]     0: 0x00000100 -&gt; 0x00003ffe
[    0.000000] ACPI: PM-Timer IO Port: 0xb008
[    0.000000] ACPI: LAPIC (acpi_id[0x00] lapic_id[0x00] enabled)
[    0.000000] ACPI: LAPIC_NMI (acpi_id[0xff] dfl dfl lint[0x1])
[    0.000000] ACPI: IOAPIC (id[0x00] address[0xfec00000] gsi_base[0])
[    0.000000] IOAPIC[0]: apic_id 0, version 17, address 0xfec00000, GSI 0-23
[    0.000000] ACPI: INT_SRC_OVR (bus 0 bus_irq 0 global_irq 2 dfl dfl)
[    0.000000] ACPI: INT_SRC_OVR (bus 0 bus_irq 5 global_irq 5 high level)
[    0.000000] ACPI: INT_SRC_OVR (bus 0 bus_irq 9 global_irq 9 high level)
[    0.000000] ACPI: INT_SRC_OVR (bus 0 bus_irq 10 global_irq 10 high level)
[    0.000000] ACPI: INT_SRC_OVR (bus 0 bus_irq 11 global_irq 11 high level)
[    0.000000] Using ACPI (MADT) for SMP configuration information
[    0.000000] ACPI: HPET id: 0x8086a201 base: 0xfed00000
[    0.000000] SMP: Allowing 1 CPUs, 0 hotplug CPUs
[    0.000000] PM: Registered nosave memory: 000000000009f000 - 00000000000a0000
[    0.000000] PM: Registered nosave memory: 00000000000a0000 - 00000000000f0000
[    0.000000] PM: Registered nosave memory: 00000000000f0000 - 0000000000100000
[    0.000000] Allocating PCI resources starting at 4000000 (gap: 4000000:fbfc0000)
[    0.000000] Booting paravirtualized kernel on bare hardware
[    0.000000] setup_percpu: NR_CPUS:64 nr_cpumask_bits:64 nr_cpu_ids:1 nr_node_ids:1
[    0.000000] PERCPU: Embedded 27 pages/cpu @ffff880003a00000 s78848 r8192 d23552 u2097152
[    0.000000] Built 1 zonelists in Node order, mobility grouping on.  Total pages: 16008
[    0.000000] Policy zone: DMA32
[    0.000000] Kernel command line: root=/dev/vda console=tty0 console=ttyS0 no_timer_check
[    0.000000] PID hash table entries: 256 (order: -1, 2048 bytes)
[    0.000000] Checking aperture...
[    0.000000] No AGP bridge found
[    0.000000] Memory: 43492k/65528k available (6576k kernel code, 452k absent, 21584k reserved, 6620k data, 928k init)
[    0.000000] SLUB: Genslabs=15, HWalign=64, Order=0-3, MinObjects=0, CPUs=1, Nodes=1
[    0.000000] Hierarchical RCU implementation.
[    0.000000] 	RCU dyntick-idle grace-period acceleration is enabled.
[    0.000000] NR_IRQS:4352 nr_irqs:256 16
[    0.000000] Console: colour VGA+ 80x25
[    0.000000] console [tty0] enabled
[    0.000000] console [ttyS0] enabled
[    0.000000] allocated 1048576 bytes of page_cgroup
[    0.000000] please try 'cgroup_disable=memory' option if you don't want memory cgroups
[    0.000000] Fast TSC calibration failed
[    0.000000] TSC: Unable to calibrate against PIT
[    0.000000] TSC: using HPET reference calibration
[    0.000000] Detected 2293.822 MHz processor.
[    0.034413] Calibrating delay loop (skipped), value calculated using timer frequency.. 4587.64 BogoMIPS (lpj=9175288)
[    0.036419] pid_max: default: 32768 minimum: 301
[    0.049662] Security Framework initialized
[    0.054084] AppArmor: AppArmor initialized
[    0.055055] Yama: becoming mindful.
[    0.061420] Dentry cache hash table entries: 8192 (order: 4, 65536 bytes)
[    0.063016] Inode-cache hash table entries: 4096 (order: 3, 32768 bytes)
[    0.064858] Mount-cache hash table entries: 256
[    0.079802] Initializing cgroup subsys cpuacct
[    0.080124] Initializing cgroup subsys memory
[    0.081573] Initializing cgroup subsys devices
[    0.082705] Initializing cgroup subsys freezer
[    0.084161] Initializing cgroup subsys blkio
[    0.084923] Initializing cgroup subsys perf_event
[    0.089988] mce: CPU supports 10 MCE banks
[    0.093309] SMP alternatives: switching to UP code
[    0.521523] Freeing SMP alternatives: 24k freed
[    0.522963] ACPI: Core revision 20110623
[    0.572253] ftrace: allocating 26610 entries in 105 pages
[    0.608037] ..TIMER: vector=0x30 apic1=0 pin1=2 apic2=-1 pin2=-1
[    0.612183] CPU0: AMD QEMU Virtual CPU version 2.0.0 stepping 03
[    0.616037] Performance Events: Broken PMU hardware detected, using software events only.
[    0.626566] NMI watchdog disabled (cpu0): hardware events not enabled
[    0.629180] Brought up 1 CPUs
[    0.629878] Total of 1 processors activated (4587.64 BogoMIPS).
[    0.658919] devtmpfs: initialized
[    0.689407] EVM: security.selinux
[    0.689959] EVM: security.SMACK64
[    0.690430] EVM: security.capability
[    0.713245] print_constraints: dummy: 
[    0.715030] RTC time: 15:52:04, date: 12/05/15
[    0.717784] NET: Registered protocol family 16
[    0.729425] ACPI: bus type pci registered
[    0.736280] PCI: Using configuration type 1 for base access
[    0.786251] bio: create slab &lt;bio-0&gt; at 0
[    0.791429] ACPI: Added _OSI(Module Device)
[    0.792134] ACPI: Added _OSI(Processor Device)
[    0.792742] ACPI: Added _OSI(3.0 _SCP Extensions)
[    0.793359] ACPI: Added _OSI(Processor Aggregator Device)
[    0.884489] ACPI: Interpreter enabled
[    0.885138] ACPI: (supports S0 S3 S4 S5)
[    0.887274] ACPI: Using IOAPIC for interrupt routing
[    0.980787] ACPI: No dock devices found.
[    0.981540] HEST: Table not found.
[    0.982126] PCI: Using host bridge windows from ACPI; if necessary, use "pci=nocrs" and report a bug
[    0.993129] ACPI: PCI Root Bridge [PCI0] (domain 0000 [bus 00-ff])
[    1.001446] pci_root PNP0A03:00: host bridge window [io  0x0000-0x0cf7]
[    1.002552] pci_root PNP0A03:00: host bridge window [io  0x0d00-0xadff]
[    1.004123] pci_root PNP0A03:00: host bridge window [io  0xae0f-0xaeff]
[    1.005014] pci_root PNP0A03:00: host bridge window [io  0xaf20-0xafdf]
[    1.005866] pci_root PNP0A03:00: host bridge window [io  0xafe4-0xffff]
[    1.008182] pci_root PNP0A03:00: host bridge window [mem 0x000a0000-0x000bffff]
[    1.009187] pci_root PNP0A03:00: host bridge window [mem 0x04000000-0xfebfffff]
[    1.032738] pci 0000:00:01.3: quirk: [io  0xb000-0xb03f] claimed by PIIX4 ACPI
[    1.033778] pci 0000:00:01.3: quirk: [io  0xb100-0xb10f] claimed by PIIX4 SMB
[    1.099056]  pci0000:00: Unable to request _OSC control (_OSC support mask: 0x1e)
[    1.173777] ACPI: PCI Interrupt Link [LNKA] (IRQs 5 *10 11)
[    1.177050] ACPI: PCI Interrupt Link [LNKB] (IRQs 5 *10 11)
[    1.179035] ACPI: PCI Interrupt Link [LNKC] (IRQs 5 10 *11)
[    1.181357] ACPI: PCI Interrupt Link [LNKD] (IRQs 5 10 *11)
[    1.184469] ACPI: PCI Interrupt Link [LNKS] (IRQs *9)
[    1.190768] vgaarb: device added: PCI:0000:00:02.0,decodes=io+mem,owns=io+mem,locks=none
[    1.192201] vgaarb: loaded
[    1.192588] vgaarb: bridge control possible 0000:00:02.0
[    1.197481] i2c-core: driver [aat2870] using legacy suspend method
[    1.198358] i2c-core: driver [aat2870] using legacy resume method
[    1.201803] SCSI subsystem initialized
[    1.205380] usbcore: registered new interface driver usbfs
[    1.206669] usbcore: registered new interface driver hub
[    1.208922] usbcore: registered new device driver usb
[    1.213482] PCI: Using ACPI for IRQ routing
[    1.226196] NetLabel: Initializing
[    1.226653] NetLabel:  domain hash size = 128
[    1.228154] NetLabel:  protocols = UNLABELED CIPSOv4
[    1.230485] NetLabel:  unlabeled traffic allowed by default
[    1.233762] HPET: 3 timers in total, 0 timers will be used for per-cpu timer
[    1.236476] hpet0: at MMIO 0xfed00000, IRQs 2, 8, 0
[    1.237415] hpet0: 3 comparators, 64-bit 100.000000 MHz counter
[    1.249981] Switching to clocksource hpet
[    1.498869] AppArmor: AppArmor Filesystem Enabled
[    1.501172] pnp: PnP ACPI init
[    1.501800] ACPI: bus type pnp registered
[    1.523044] pnp: PnP ACPI: found 9 devices
[    1.523611] ACPI: ACPI bus type pnp unregistered
[    1.583006] NET: Registered protocol family 2
[    1.625551] IP route cache hash table entries: 512 (order: 0, 4096 bytes)
[    1.633682] TCP established hash table entries: 2048 (order: 3, 32768 bytes)
[    1.635180] TCP bind hash table entries: 2048 (order: 3, 32768 bytes)
[    1.636070] TCP: Hash tables configured (established 2048 bind 2048)
[    1.637749] TCP reno registered
[    1.638446] UDP hash table entries: 128 (order: 0, 4096 bytes)
[    1.639103] UDP-Lite hash table entries: 128 (order: 0, 4096 bytes)
[    1.642225] NET: Registered protocol family 1
[    1.642730] pci 0000:00:00.0: Limiting direct PCI/PCI transfers
[    1.645429] pci 0000:00:01.0: PIIX3: Enabling Passive Release
[    1.646328] pci 0000:00:01.0: Activating ISA DMA hang workarounds
[    1.650148] ACPI: PCI Interrupt Link [LNKD] enabled at IRQ 11
[    1.651845] pci 0000:00:01.2: PCI INT D -&gt; Link[LNKD] -&gt; GSI 11 (level, high) -&gt; IRQ 11
[    1.654649] pci 0000:00:01.2: PCI INT D disabled
[    1.671575] Trying to unpack rootfs image as initramfs...
[    1.688003] audit: initializing netlink socket (disabled)
[    1.691246] type=2000 audit(1449330724.688:1): initialized
[    1.966686] HugeTLB registered 2 MB page size, pre-allocated 0 pages
[    2.051939] VFS: Disk quotas dquot_6.5.2
[    2.053558] Dquot-cache hash table entries: 512 (order 0, 4096 bytes)
[    2.070484] fuse init (API version 7.17)
[    2.073508] msgmni has been set to 84
[    2.103993] Block layer SCSI generic (bsg) driver version 0.4 loaded (major 253)
[    2.114129] io scheduler noop registered
[    2.114681] io scheduler deadline registered (default)
[    2.115886] io scheduler cfq registered
[    2.120022] pci_hotplug: PCI Hot Plug PCI Core version: 0.5
[    2.122546] pciehp: PCI Express Hot Plug Controller Driver version: 0.4
[    2.131453] input: Power Button as /devices/LNXSYSTM:00/LNXPWRBN:00/input/input0
[    2.134086] ACPI: Power Button [PWRF]
[    2.182153] ERST: Table is not found!
[    2.182726] GHES: HEST is not enabled!
[    2.194627] ACPI: PCI Interrupt Link [LNKC] enabled at IRQ 10
[    2.195607] virtio-pci 0000:00:03.0: PCI INT A -&gt; Link[LNKC] -&gt; GSI 10 (level, high) -&gt; IRQ 10
[    2.199264] virtio-pci 0000:00:04.0: PCI INT A -&gt; Link[LNKD] -&gt; GSI 11 (level, high) -&gt; IRQ 11
[    2.210763] ACPI: PCI Interrupt Link [LNKA] enabled at IRQ 10
[    2.211479] virtio-pci 0000:00:05.0: PCI INT A -&gt; Link[LNKA] -&gt; GSI 10 (level, high) -&gt; IRQ 10
[    2.221980] Serial: 8250/16550 driver, 32 ports, IRQ sharing enabled
[    2.261178] serial8250: ttyS0 at I/O 0x3f8 (irq = 4) is a 16550A
[    2.342220] serial8250: ttyS1 at I/O 0x2f8 (irq = 3) is a 16550A
[    2.457732] 00:05: ttyS0 at I/O 0x3f8 (irq = 4) is a 16550A
[    2.542633] 00:06: ttyS1 at I/O 0x2f8 (irq = 3) is a 16550A
[    2.593802] Linux agpgart interface v0.103
[    2.657311] Refined TSC clocksource calibration: 2293.819 MHz.
[    2.658152] Switching to clocksource tsc
[    2.659549] brd: module loaded
[    2.688938] loop: module loaded
[    2.737859]  vda: unknown partition table
[    2.789221] scsi0 : ata_piix
[    2.797337] scsi1 : ata_piix
[    2.798647] ata1: PATA max MWDMA2 cmd 0x1f0 ctl 0x3f6 bmdma 0xc0a0 irq 14
[    2.799522] ata2: PATA max MWDMA2 cmd 0x170 ctl 0x376 bmdma 0xc0a8 irq 15
[    2.810202] Fixed MDIO Bus: probed
[    2.811067] tun: Universal TUN/TAP device driver, 1.6
[    2.811622] tun: (C) 1999-2004 Max Krasnyansky &lt;maxk@qualcomm.com&gt;
[    2.822580] PPP generic driver version 2.4.2
[    2.835319] ehci_hcd: USB 2.0 'Enhanced' Host Controller (EHCI) Driver
[    2.837351] ohci_hcd: USB 1.1 'Open' Host Controller (OHCI) Driver
[    2.838529] uhci_hcd: USB Universal Host Controller Interface driver
[    2.839895] uhci_hcd 0000:00:01.2: PCI INT D -&gt; Link[LNKD] -&gt; GSI 11 (level, high) -&gt; IRQ 11
[    2.843947] uhci_hcd 0000:00:01.2: UHCI Host Controller
[    2.865292] uhci_hcd 0000:00:01.2: new USB bus registered, assigned bus number 1
[    2.867081] uhci_hcd 0000:00:01.2: irq 11, io base 0x0000c040
[    2.891883] hub 1-0:1.0: USB hub found
[    2.895445] hub 1-0:1.0: 2 ports detected
[    2.908910] usbcore: registered new interface driver libusual
[    2.912708] i8042: PNP: PS/2 Controller [PNP0303:KBD,PNP0f13:MOU] at 0x60,0x64 irq 1,12
[    2.922054] serio: i8042 KBD port at 0x60,0x64 irq 1
[    2.924086] serio: i8042 AUX port at 0x60,0x64 irq 12
[    2.972999] mousedev: PS/2 mouse device common for all mice
[    2.984771] input: AT Translated Set 2 keyboard as /devices/platform/i8042/serio0/input/input1
[    2.990571] rtc_cmos 00:01: RTC can wake from S4
[    3.008160] rtc_cmos 00:01: rtc core: registered rtc_cmos as rtc0
[    3.016056] rtc0: alarms up to one day, 114 bytes nvram, hpet irqs
[    3.023704] device-mapper: uevent: version 1.0.3
[    3.048607] device-mapper: ioctl: 4.22.0-ioctl (2011-10-19) initialised: dm-devel@redhat.com
[    3.053213] cpuidle: using governor ladder
[    3.054752] cpuidle: using governor menu
[    3.055698] EFI Variables Facility v0.08 2004-May-17
[    3.067178] TCP cubic registered
[    3.071864] NET: Registered protocol family 10
[    3.107415] NET: Registered protocol family 17
[    3.111499] Registering the dns_resolver key type
[    3.135088] ata2.01: ATAPI: QEMU DVD-ROM, 2.0.0, max UDMA/100
[    3.151895] ata2.01: configured for MWDMA2
[    3.199638] scsi 1:0:1:0: CD-ROM            QEMU     QEMU DVD-ROM     2.0. PQ: 0 ANSI: 5
[    3.227445] sr0: scsi3-mmc drive: 4x/4x cd/rw xa/form2 tray
[    3.229362] cdrom: Uniform CD-ROM driver Revision: 3.20
[    3.246811] sr 1:0:1:0: Attached scsi generic sg0 type 5
[    3.277120] registered taskstats version 1
[    3.315312] Freeing initrd memory: 3656k freed
[    3.806522]   Magic number: 11:342:891
[    3.827701] rtc_cmos 00:01: setting system clock to 2015-12-05 15:52:08 UTC (1449330728)
[    3.833525] powernow-k8: Processor cpuid 663 not supported
[    3.839832] BIOS EDD facility v0.16 2004-Jun-25, 0 devices found
[    3.841830] EDD information not available.
[    3.905073] Freeing unused kernel memory: 928k freed
[    3.910666] Write protecting the kernel read-only data: 12288k
[    4.022956] Freeing unused kernel memory: 1596k freed
[    4.103820] Freeing unused kernel memory: 1184k freed

info: initramfs: up at 4.30
modprobe: module virtio_blk not found in modules.dep
modprobe: module virtio_net not found in modules.dep
info: copying initramfs to /dev/vda
info: initramfs loading root from /dev/vda
info: /etc/init.d/rc.sysinit: up at 8.95
info: container: none
Starting logging: OK
modprobe: module virtio_blk not found in modules.dep
modprobe: module virtio_net not found in modules.dep
WARN: /etc/rc3.d/S10-load-modules failed
Initializing random number generator... done.
Starting acpid: OK
cirros-ds 'local' up at 11.62
found datasource (configdrive, local)
Starting network...
udhcpc (v1.20.1) started
Sending discover...
Sending discover...
Sending discover...
Usage: /sbin/cirros-dhcpc &lt;up|down&gt;
No lease, failing
WARN: /etc/rc3.d/S40-network failed
Starting dropbear sshd: generating rsa key... generating dsa key... OK
no userdata for datasource
=== system information ===
Platform: OpenStack Foundation OpenStack Nova
Container: none
Arch: x86_64
CPU(s): 1 @ 2293.822 MHz
Cores/Sockets/Threads: 1/1/1
Virt-type: AMD-V
RAM Size: 49MB
Disks:
NAME MAJ:MIN     SIZE LABEL         MOUNTPOINT
vda  253:0   25165824 cirros-rootfs /
sr0   11:0     428032 config-2      
=== sshd host keys ===
-----BEGIN SSH HOST KEY KEYS-----
ssh-rsa AAAAB3NzaC1yc2EAAAADAQABAAAAgllPHCCjDqM+fuSnYzHv4YycKySqkKnFfNiULhW8iOd1/hwe6gvqzlFdMlZoYWKzn8MKh+24GV/FV0ErOm1WO8jDeXjBVodoajSIdUovaCwZn1b94XpBwa3AsqWKxol+xwRFc4EBMR4QMNi0ttO6a1e+kynfoprnlzTvXsZ66YglWA0= root@tempest
ssh-dss AAAAB3NzaC1kc3MAAACBALUmYoWPtwjR4xoW+g1XRzxHWrwwTlPSKubiVqwY+rcTUgGEcOoESB1V2k/2mQyGKEJQ2QlQ10mAhUfqVCpItLwpEyGFmqS6lrHSTXjLW24Y1/b6Jusr1wozVyYGzQZda6+0mvIlZ2P/lf5qRlo4/rVrHTVUnqwC7cp/b5DcNvVpAAAAFQDMB5Zs8R7fwGZRje+NZOYTYJhAqQAAAIARNVLieNDZ5+jAxsjBCdhO7yE9b18t9ee6DvtTn52WSMW3vCFFVkfcM6hQLH0oTDoCg0NprKQazQTSIstcnBzh/kk+RP8oYYUKi9GMhzJK8kLUB7ePm/hohfRsfvqPuqRDfBBcReBU1Pd38d1fOoPykq6MC0EULAmwo3AyifscAwAAAIBsC1myn9vMzAbgq1MRD3vZAOz6FAM7C7XZzoVQFPzR1Juw9fHDOL0aEe0qNWK+s0/LMhPuYw5SoEvroO5afSWbAeav6jkzihLfnfYjUV+Ru2QcpAYNA4aSqkI8lsuyExmvVAeIiNTSJp+MAV41iGXBIJkcUBhky+XEyB0UDAOSMA== root@tempest
-----END SSH HOST KEY KEYS-----
=== network info ===
if-info: lo,up,127.0.0.1,8,::1
if-info: eth0,up,,8,fe80::f816:3eff:fec0:ebc3
=== datasource: configdrive local ===
instance-id: d2ca6272-3935-425b-8dd2-71114cd1e359
name: tempest.common.compute-instance-55355841
availability-zone: nova
local-hostname: tempest.common.compute-instance-55355841.novalocal
launch-index: 0
=== cirros: current=0.3.4 uptime=201.93 ===
route: fscanf
=== pinging gateway failed, debugging connection ===
############ debug start ##############
### /etc/init.d/sshd start
Starting dropbear sshd: OK
route: fscanf
### ifconfig -a
eth0      Link encap:Ethernet  HWaddr FA:16:3E:C0:EB:C3  
          inet6 addr: fe80::f816:3eff:fec0:ebc3/64 Scope:Link
          UP BROADCAST RUNNING MULTICAST  MTU:1500  Metric:1
          RX packets:12 errors:0 dropped:5 overruns:0 frame:0
          TX packets:8 errors:0 dropped:0 overruns:0 carrier:0
          collisions:0 txqueuelen:1000 
          RX bytes:1303 (1.2 KiB)  TX bytes:1134 (1.1 KiB)

lo        Link encap:Local Loopback  
          inet addr:127.0.0.1  Mask:255.0.0.0
          inet6 addr: ::1/128 Scope:Host
          UP LOOPBACK RUNNING  MTU:16436  Metric:1
          RX packets:12 errors:0 dropped:0 overruns:0 frame:0
          TX packets:12 errors:0 dropped:0 overruns:0 carrier:0
          collisions:0 txqueuelen:0 
          RX bytes:1020 (1020.0 B)  TX bytes:1020 (1020.0 B)

### route -n
Kernel IP routing table
Destination     Gateway         Genmask         Flags Metric Ref    Use Iface
route: fscanf
### cat /etc/resolv.conf
cat: can't open '/etc/resolv.conf': No such file or directory
### gateway not found
/sbin/cirros-status: line 1: can't open /etc/resolv.conf: no such file
### pinging nameservers
### uname -a
Linux tempest 3.2.0-80-virtual #116-Ubuntu SMP Mon Mar 23 17:28:52 UTC 2015 x86_64 GNU/Linux
### lsmod
Module                  Size  Used by    Not tainted
nls_iso8859_1          12713  0 
nls_cp437              16991  0 
vfat                   17585  0 
fat                    61512  1 vfat
isofs                  40259  0 
ip_tables              27473  0 
x_tables               29891  1 ip_tables
pcnet32                42119  0 
8139cp                 27360  0 
ne2k_pci               13691  0 
8390                   18856  1 ne2k_pci
e1000                 108589  0 
acpiphp                24231  0 
### dmesg | tail
[    5.167188] EXT3-fs (vda): mounted filesystem with ordered data mode
[    5.472665] ISO 9660 Extensions: Microsoft Joliet Level 3
[    5.556950] ISO 9660 Extensions: RRIP_1991A
[    5.785358] kjournald starting.  Commit interval 5 seconds
[    5.799958] EXT3-fs (vda): using internal journal
[    5.800124] EXT3-fs (vda): mounted filesystem with ordered data mode
[    9.049019] EXT3-fs (vda): using internal journal
[   12.326071] ISO 9660 Extensions: Microsoft Joliet Level 3
[   12.429293] ISO 9660 Extensions: RRIP_1991A
[   27.314798] eth0: no IPv6 routers present
### tail -n 25 /var/log/messages
Dec  5 15:52:15 cirros kern.info kernel: [    4.608041] acpiphp: Slot [26] registered
Dec  5 15:52:15 cirros kern.info kernel: [    4.609167] acpiphp: Slot [27] registered
Dec  5 15:52:15 cirros kern.info kernel: [    4.609463] acpiphp: Slot [28] registered
Dec  5 15:52:15 cirros kern.info kernel: [    4.609828] acpiphp: Slot [29] registered
Dec  5 15:52:15 cirros kern.info kernel: [    4.610126] acpiphp: Slot [30] registered
Dec  5 15:52:15 cirros kern.info kernel: [    4.610419] acpiphp: Slot [31] registered
Dec  5 15:52:15 cirros kern.info kernel: [    4.665322] e1000: Intel(R) PRO/1000 Network Driver - version 7.3.21-k8-NAPI
Dec  5 15:52:15 cirros kern.info kernel: [    4.665374] e1000: Copyright (c) 1999-2006 Intel Corporation.
Dec  5 15:52:15 cirros kern.info kernel: [    4.713946] ne2k-pci.c:v1.03 9/22/2003 D. Becker/P. Gortmaker
Dec  5 15:52:15 cirros kern.info kernel: [    4.754371] 8139cp: 8139cp: 10/100 PCI Ethernet driver v1.3 (Mar 22, 2004)
Dec  5 15:52:15 cirros kern.info kernel: [    4.798174] pcnet32: pcnet32.c:v1.35 21.Apr.2008 tsbogend@alpha.franken.de
Dec  5 15:52:15 cirros kern.info kernel: [    4.871554] ip_tables: (C) 2000-2006 Netfilter Core Team
Dec  5 15:52:15 cirros kern.info kernel: [    5.161703] kjournald starting.  Commit interval 5 seconds
Dec  5 15:52:15 cirros kern.info kernel: [    5.167188] EXT3-fs (vda): mounted filesystem with ordered data mode
Dec  5 15:52:15 cirros kern.debug kernel: [    5.472665] ISO 9660 Extensions: Microsoft Joliet Level 3
Dec  5 15:52:15 cirros kern.debug kernel: [    5.556950] ISO 9660 Extensions: RRIP_1991A
Dec  5 15:52:15 cirros kern.info kernel: [    5.785358] kjournald starting.  Commit interval 5 seconds
Dec  5 15:52:15 cirros kern.info kernel: [    5.799958] EXT3-fs (vda): using internal journal
Dec  5 15:52:15 cirros kern.info kernel: [    5.800124] EXT3-fs (vda): mounted filesystem with ordered data mode
Dec  5 15:52:15 cirros kern.info kernel: [    9.049019] EXT3-fs (vda): using internal journal
Dec  5 15:52:17 cirros kern.debug kernel: [   12.326071] ISO 9660 Extensions: Microsoft Joliet Level 3
Dec  5 15:52:17 cirros kern.debug kernel: [   12.429293] ISO 9660 Extensions: RRIP_1991A
Dec  5 15:52:20 cirros auth.notice su: + /dev/console root:cirros
Dec  5 15:52:31 cirros kern.debug kernel: [   27.314798] eth0: no IPv6 routers present
Dec  5 15:55:24 cirros authpriv.info dropbear[283]: Running in background
############ debug end   ##############
  ____               ____  ____
 / __/ __ ____ ____ / __ \/ __/
/ /__ / // __// __// /_/ /\ \ 
\___//_//_/  /_/   \____/___/ 
   http://cirros-cloud.net


login as 'cirros' user. default password: 'cubswin:)'. use 'sudo' for root.
tempest login: 
2015-12-05 15:55:34,972 27731 INFO     [tempest_lib.common.rest_client] Request (TestGettingAddress:_run_cleanups): 204 DELETE http://10.0.2.15:9696/v2.0/floatingips/58e580fc-cf95-4662-a4f6-7f902f8d1eae 0.212s
2015-12-05 15:55:34,973 27731 DEBUG    [tempest_lib.common.rest_client] Request - Headers: {'Content-Type': 'application/json', 'Accept': 'application/json', 'X-Auth-Token': '&lt;omitted&gt;'}
        Body: None
    Response - Headers: {'date': 'Sat, 05 Dec 2015 15:55:34 GMT', 'status': '204', 'connection': 'close', 'content-length': '0', 'x-openstack-request-id': 'req-c4cd0dfe-12a4-494e-b81f-0f0e6a782dac'}
        Body: 
2015-12-05 15:55:35,185 27731 INFO     [tempest_lib.common.rest_client] Request (TestGettingAddress:_run_cleanups): 204 DELETE http://10.0.2.15:8774/v2.1/69ad4d55edad4c3ab15be3361c1c486e/servers/d2ca6272-3935-425b-8dd2-71114cd1e359 0.211s
2015-12-05 15:55:35,185 27731 DEBUG    [tempest_lib.common.rest_client] Request - Headers: {'Content-Type': 'application/json', 'Accept': 'application/json', 'X-Auth-Token': '&lt;omitted&gt;'}
        Body: None
    Response - Headers: {'status': '204', 'content-length': '0', 'x-compute-request-id': 'req-6385e774-a062-45c3-b24c-933660758ed9', 'vary': 'X-OpenStack-Nova-API-Version', 'connection': 'close', 'x-openstack-nova-api-version': '2.1', 'date': 'Sat, 05 Dec 2015 15:55:35 GMT', 'content-type': 'application/json'}
        Body: 
2015-12-05 15:55:35,397 27731 INFO     [tempest_lib.common.rest_client] Request (TestGettingAddress:_run_cleanups): 200 GET http://10.0.2.15:8774/v2.1/69ad4d55edad4c3ab15be3361c1c486e/servers/d2ca6272-3935-425b-8dd2-71114cd1e359 0.211s
2015-12-05 15:55:35,398 27731 DEBUG    [tempest_lib.common.rest_client] Request - Headers: {'Content-Type': 'application/json', 'Accept': 'application/json', 'X-Auth-Token': '&lt;omitted&gt;'}
        Body: None
    Response - Headers: {'status': '200', 'content-length': '1901', 'content-location': 'http://10.0.2.15:8774/v2.1/69ad4d55edad4c3ab15be3361c1c486e/servers/d2ca6272-3935-425b-8dd2-71114cd1e359', 'x-compute-request-id': 'req-f540d1fd-5663-45b5-bde1-bf29e0dd20e0', 'vary': 'X-OpenStack-Nova-API-Version', 'connection': 'close', 'x-openstack-nova-api-version': '2.1', 'date': 'Sat, 05 Dec 2015 15:55:35 GMT', 'content-type': 'application/json'}
        Body: {"server": {"status": "ACTIVE", "updated": "2015-12-05T15:55:35Z", "hostId": "a7b216a69a70da3a27c5d67e9aeb50e9dc8da0bbe44424d3239a3910", "addresses": {"tempest-network-smoke--510351174": [{"OS-EXT-IPS-MAC:mac_addr": "fa:16:3e:c0:eb:c3", "version": 4, "addr": "10.100.0.3", "OS-EXT-IPS:type": "fixed"}, {"OS-EXT-IPS-MAC:mac_addr": "fa:16:3e:c0:eb:c3", "version": 6, "addr": "2003::f816:3eff:fec0:ebc3", "OS-EXT-IPS:type": "fixed"}, {"OS-EXT-IPS-MAC:mac_addr": "fa:16:3e:c0:eb:c3", "version": 4, "addr": "172.24.4.4", "OS-EXT-IPS:type": "floating"}]}, "links": [{"href": "http://10.0.2.15:8774/v2.1/69ad4d55edad4c3ab15be3361c1c486e/servers/d2ca6272-3935-425b-8dd2-71114cd1e359", "rel": "self"}, {"href": "http://10.0.2.15:8774/69ad4d55edad4c3ab15be3361c1c486e/servers/d2ca6272-3935-425b-8dd2-71114cd1e359", "rel": "bookmark"}], "key_name": "tempest-TestGettingAddress-1064420327", "image": {"id": "f5f56857-2181-4d67-ab42-ad6657df56b9", "links": [{"href": "http://10.0.2.15:8774/69ad4d55edad4c3ab15be3361c1c486e/images/f5f56857-2181-4d67-ab42-ad6657df56b9", "rel": "bookmark"}]}, "OS-EXT-STS:task_state": "deleting", "OS-EXT-STS:vm_state": "active", "OS-SRV-USG:launched_at": "2015-12-05T15:52:00.000000", "flavor": {"id": "42", "links": [{"href": "http://10.0.2.15:8774/69ad4d55edad4c3ab15be3361c1c486e/flavors/42", "rel": "bookmark"}]}, "id": "d2ca6272-3935-425b-8dd2-71114cd1e359", "security_groups": [{"name": "tempest-secgroup-smoke-391696852"}], "OS-SRV-USG:terminated_at": null, "OS-EXT-AZ:availability_zone": "nova", "user_id": "3c32bafb59c7485da0dd2f2dd1021c50", "name": "tempest.common.compute-instance-55355841", "created": "2015-12-05T15:51:57Z", "tenant_id": "69ad4d55edad4c3ab15be3361c1c486e", "OS-DCF:diskConfig": "MANUAL", "os-extended-volumes:volumes_attached": [], "accessIPv4": "", "accessIPv6": "", "progress": 0, "OS-EXT-STS:power_state": 1, "config_drive": "True", "metadata": {}}}
2015-12-05 15:55:36,566 27731 INFO     [tempest_lib.common.rest_client] Request (TestGettingAddress:_run_cleanups): 200 GET http://10.0.2.15:8774/v2.1/69ad4d55edad4c3ab15be3361c1c486e/servers/d2ca6272-3935-425b-8dd2-71114cd1e359 0.153s
2015-12-05 15:55:36,567 27731 DEBUG    [tempest_lib.common.rest_client] Request - Headers: {'Content-Type': 'application/json', 'Accept': 'application/json', 'X-Auth-Token': '&lt;omitted&gt;'}
        Body: None
    Response - Headers: {'status': '200', 'content-length': '1438', 'content-location': 'http://10.0.2.15:8774/v2.1/69ad4d55edad4c3ab15be3361c1c486e/servers/d2ca6272-3935-425b-8dd2-71114cd1e359', 'x-compute-request-id': 'req-639cd682-98b6-4af4-9ac6-5afd00a5aa24', 'vary': 'X-OpenStack-Nova-API-Version', 'connection': 'close', 'x-openstack-nova-api-version': '2.1', 'date': 'Sat, 05 Dec 2015 15:55:36 GMT', 'content-type': 'application/json'}
        Body: {"server": {"status": "ACTIVE", "updated": "2015-12-05T15:55:35Z", "hostId": "a7b216a69a70da3a27c5d67e9aeb50e9dc8da0bbe44424d3239a3910", "addresses": {}, "links": [{"href": "http://10.0.2.15:8774/v2.1/69ad4d55edad4c3ab15be3361c1c486e/servers/d2ca6272-3935-425b-8dd2-71114cd1e359", "rel": "self"}, {"href": "http://10.0.2.15:8774/69ad4d55edad4c3ab15be3361c1c486e/servers/d2ca6272-3935-425b-8dd2-71114cd1e359", "rel": "bookmark"}], "key_name": "tempest-TestGettingAddress-1064420327", "image": {"id": "f5f56857-2181-4d67-ab42-ad6657df56b9", "links": [{"href": "http://10.0.2.15:8774/69ad4d55edad4c3ab15be3361c1c486e/images/f5f56857-2181-4d67-ab42-ad6657df56b9", "rel": "bookmark"}]}, "OS-EXT-STS:task_state": "deleting", "OS-EXT-STS:vm_state": "active", "OS-SRV-USG:launched_at": "2015-12-05T15:52:00.000000", "flavor": {"id": "42", "links": [{"href": "http://10.0.2.15:8774/69ad4d55edad4c3ab15be3361c1c486e/flavors/42", "rel": "bookmark"}]}, "id": "d2ca6272-3935-425b-8dd2-71114cd1e359", "OS-SRV-USG:terminated_at": null, "OS-EXT-AZ:availability_zone": "nova", "user_id": "3c32bafb59c7485da0dd2f2dd1021c50", "name": "tempest.common.compute-instance-55355841", "created": "2015-12-05T15:51:57Z", "tenant_id": "69ad4d55edad4c3ab15be3361c1c486e", "OS-DCF:diskConfig": "MANUAL", "os-extended-volumes:volumes_attached": [], "accessIPv4": "", "accessIPv6": "", "progress": 0, "OS-EXT-STS:power_state": 1, "config_drive": "True", "metadata": {}}}
2015-12-05 15:55:37,782 27731 INFO     [tempest_lib.common.rest_client] Request (TestGettingAddress:_run_cleanups): 404 GET http://10.0.2.15:8774/v2.1/69ad4d55edad4c3ab15be3361c1c486e/servers/d2ca6272-3935-425b-8dd2-71114cd1e359 0.204s
2015-12-05 15:55:37,783 27731 DEBUG    [tempest_lib.common.rest_client] Request - Headers: {'Content-Type': 'application/json', 'Accept': 'application/json', 'X-Auth-Token': '&lt;omitted&gt;'}
        Body: None
    Response - Headers: {'status': '404', 'content-length': '111', 'x-compute-request-id': 'req-1eef3421-2fb6-4c37-8cb6-0228d499481c', 'vary': 'X-OpenStack-Nova-API-Version', 'connection': 'close', 'x-openstack-nova-api-version': '2.1', 'date': 'Sat, 05 Dec 2015 15:55:37 GMT', 'content-type': 'application/json; charset=UTF-8'}
        Body: {"itemNotFound": {"message": "Instance d2ca6272-3935-425b-8dd2-71114cd1e359 could not be found.", "code": 404}}
2015-12-05 15:55:38,129 27731 INFO     [tempest_lib.common.rest_client] Request (TestGettingAddress:_run_cleanups): 200 PUT http://10.0.2.15:9696/v2.0/routers/130f1a6a-6f23-4873-b085-d4348db7f200/remove_router_interface 0.344s
2015-12-05 15:55:38,130 27731 DEBUG    [tempest_lib.common.rest_client] Request - Headers: {'Content-Type': 'application/json', 'Accept': 'application/json', 'X-Auth-Token': '&lt;omitted&gt;'}
        Body: {"subnet_id": "1b518b02-76e9-4fa6-8c23-fc589f7d814d"}
    Response - Headers: {'status': '200', 'content-length': '255', 'connection': 'close', 'date': 'Sat, 05 Dec 2015 15:55:38 GMT', 'content-type': 'application/json; charset=UTF-8', 'x-openstack-request-id': 'req-79fa5432-85bd-4aa4-9077-98d33f5232d8'}
        Body: {"subnet_id": "1b518b02-76e9-4fa6-8c23-fc589f7d814d", "tenant_id": "69ad4d55edad4c3ab15be3361c1c486e", "subnet_ids": ["1b518b02-76e9-4fa6-8c23-fc589f7d814d"], "port_id": "39ec045e-e7d9-4288-bb6b-6068a05ed968", "id": "130f1a6a-6f23-4873-b085-d4348db7f200"}
2015-12-05 15:55:38,567 27731 INFO     [tempest_lib.common.rest_client] Request (TestGettingAddress:_run_cleanups): 204 DELETE http://10.0.2.15:9696/v2.0/subnets/1b518b02-76e9-4fa6-8c23-fc589f7d814d 0.436s
2015-12-05 15:55:38,567 27731 DEBUG    [tempest_lib.common.rest_client] Request - Headers: {'Content-Type': 'application/json', 'Accept': 'application/json', 'X-Auth-Token': '&lt;omitted&gt;'}
        Body: None
    Response - Headers: {'date': 'Sat, 05 Dec 2015 15:55:38 GMT', 'status': '204', 'connection': 'close', 'content-length': '0', 'x-openstack-request-id': 'req-fa1d4b50-0c65-4c99-b1e6-9ae11b62ad9d'}
        Body: 
2015-12-05 15:55:38,621 27731 INFO     [tempest_lib.common.rest_client] Request (TestGettingAddress:_run_cleanups): 404 DELETE http://10.0.2.15:9696/v2.0/subnets/1b518b02-76e9-4fa6-8c23-fc589f7d814d 0.052s
2015-12-05 15:55:38,621 27731 DEBUG    [tempest_lib.common.rest_client] Request - Headers: {'Content-Type': 'application/json', 'Accept': 'application/json', 'X-Auth-Token': '&lt;omitted&gt;'}
        Body: None
    Response - Headers: {'status': '404', 'content-length': '135', 'connection': 'close', 'date': 'Sat, 05 Dec 2015 15:55:38 GMT', 'content-type': 'application/json; charset=UTF-8', 'x-openstack-request-id': 'req-4796f439-eb9e-457e-8497-8e2fc7574238'}
        Body: {"NeutronError": {"message": "Subnet 1b518b02-76e9-4fa6-8c23-fc589f7d814d could not be found", "type": "SubnetNotFound", "detail": ""}}
2015-12-05 15:55:38,990 27731 INFO     [tempest_lib.common.rest_client] Request (TestGettingAddress:_run_cleanups): 200 PUT http://10.0.2.15:9696/v2.0/routers/130f1a6a-6f23-4873-b085-d4348db7f200/remove_router_interface 0.368s
2015-12-05 15:55:38,991 27731 DEBUG    [tempest_lib.common.rest_client] Request - Headers: {'Content-Type': 'application/json', 'Accept': 'application/json', 'X-Auth-Token': '&lt;omitted&gt;'}
        Body: {"subnet_id": "7c2ab5f1-9844-45ba-82da-9db706d8ca6d"}
