<?xml version="1.0" encoding="UTF-8"?>
<!DOCTYPE html PUBLIC "-//W3C//DTD XHTML 1.0 Strict//EN"
     "http://www.w3.org/TR/xhtml1/DTD/xhtml1-strict.dtd">
<html xmlns="http://www.w3.org/1999/xhtml">
<head>
    <title>Unit Test Report</title>
    <meta name="generator" content="subunit2html 0.1"/>
    <meta http-equiv="Content-Type" content="text/html; charset=UTF-8"/>
    
<style type="text/css" media="screen">
body        { font-family: verdana, arial, helvetica, sans-serif;
    font-size: 80%; }
table       { font-size: 100%; width: 100%;}
pre         { font-size: 80%; }

/* -- heading -------------------------------------------------------------- */
h1 {
        font-size: 16pt;
        color: gray;
}
.heading {
    margin-top: 0ex;
    margin-bottom: 1ex;
}

.heading .attribute {
    margin-top: 1ex;
    margin-bottom: 0;
}

.heading .description {
    margin-top: 4ex;
    margin-bottom: 6ex;
}

/* -- css div popup -------------------------------------------------------- */
a.popup_link {
}

a.popup_link:hover {
    color: red;
}

.popup_window {
    display: none;
    overflow-x: scroll;
    /*border: solid #627173 1px; */
    padding: 10px;
    background-color: #E6E6D6;
    font-family: "Ubuntu Mono", "Lucida Console", "Courier New", monospace;
    text-align: left;
    font-size: 8pt;
}

}
/* -- report --------------------------------------------------------------- */
#show_detail_line {
    margin-top: 3ex;
    margin-bottom: 1ex;
}
#result_table {
    width: 100%;
    border-collapse: collapse;
    border: 1px solid #777;
}
#header_row {
    font-weight: bold;
    color: white;
    background-color: #777;
}
#result_table td {
    border: 1px solid #777;
    padding: 2px;
}
#total_row  { font-weight: bold; }
.passClass  { background-color: #6c6; }
.failClass  { background-color: #c60; }
.errorClass { background-color: #c00; }
.passCase   { color: #6c6; }
.failCase   { color: #c60; font-weight: bold; }
.errorCase  { color: #c00; font-weight: bold; }
.hiddenRow  { display: none; }
.testcase   { margin-left: 2em; }
td.testname {width: 40%}
td.small {width: 40px}

/* -- ending --------------------------------------------------------------- */
#ending {
}

</style>

</head>
<body>
<script language="javascript" type="text/javascript"><!--
output_list = Array();

/* level - 0:Summary; 1:Failed; 2:All */
function showCase(level) {
    trs = document.getElementsByTagName("tr");
    for (var i = 0; i < trs.length; i++) {
        tr = trs[i];
        id = tr.id;
        if (id.substr(0,2) == 'ft') {
            if (level < 1) {
                tr.className = 'hiddenRow';
            }
            else {
                tr.className = '';
            }
        }
        if (id.substr(0,2) == 'pt') {
            if (level > 1) {
                tr.className = '';
            }
            else {
                tr.className = 'hiddenRow';
            }
        }
    }
}


function showClassDetail(cid, count) {
    var id_list = Array(count);
    var toHide = 1;
    for (var i = 0; i < count; i++) {
        tid0 = 't' + cid.substr(1) + '.' + (i+1);
        tid = 'f' + tid0;
        tr = document.getElementById(tid);
        if (!tr) {
            tid = 'p' + tid0;
            tr = document.getElementById(tid);
        }
        id_list[i] = tid;
        if (tr.className) {
            toHide = 0;
        }
    }
    for (var i = 0; i < count; i++) {
        tid = id_list[i];
        if (toHide) {
            document.getElementById('div_'+tid).style.display = 'none'
            document.getElementById(tid).className = 'hiddenRow';
        }
        else {
            document.getElementById(tid).className = '';
        }
    }
}


function showTestDetail(div_id){
    var details_div = document.getElementById(div_id)
    var displayState = details_div.style.display
    // alert(displayState)
    if (displayState != 'block' ) {
        displayState = 'block'
        details_div.style.display = 'block'
    }
    else {
        details_div.style.display = 'none'
    }
}


function html_escape(s) {
    s = s.replace(/&/g,'&amp;');
    s = s.replace(/</g,'&lt;');
    s = s.replace(/>/g,'&gt;');
    return s;
}

/* obsoleted by detail in <div>
function showOutput(id, name) {
    var w = window.open("", //url
                    name,
                    "resizable,scrollbars,status,width=800,height=450");
    d = w.document;
    d.write("<pre>");
    d.write(html_escape(output_list[id]));
    d.write("\n");
    d.write("<a href='javascript:window.close()'>close</a>\n");
    d.write("</pre>\n");
    d.close();
}
*/
--></script>

<div class='heading'>
<h1>Unit Test Report</h1>

<p class='attribute'><strong>Status:</strong> Pass 2 Failure 6</p>

<p class='description'></p>
</div>



<p id='show_detail_line'>Show
<a href='javascript:showCase(0)'>Summary</a>
<a href='javascript:showCase(1)'>Failed</a>
<a href='javascript:showCase(2)'>All</a>
</p>
<table id='result_table'>
<colgroup>
<col align='left' />
<col align='right' />
<col align='right' />
<col align='right' />
<col align='right' />
<col align='right' />
<col align='right' />
<col align='right' />
</colgroup>
<tr id='header_row'>
    <td>Test Group/Test case</td>
    <td>Count</td>
    <td>Pass</td>
    <td>Fail</td>
    <td>Error</td>
    <td>Skip</td>
    <td>View</td>
    <td> </td>
</tr>

<tr class='failClass'>
    <td class="testname">tempest.scenario.test_network_v6.TestGettingAddress</td>
    <td class="small">8</td>
    <td class="small">2</td>
    <td class="small">6</td>
    <td class="small">0</td>
    <td class="small">0</td>
    <td class="small"><a href="javascript:showClassDetail('c1',8)"
>Detail</a></td>
    <td> </td>
</tr>

<tr id='ft1.1' class='none'>
    <td class='failCase'><div class='testcase'>test_dhcp6_stateless_from_os[compute,id-d7e1f858-187c-45a6-89c9-bdafde619a9f,network]</div></td>
    <td colspan='7' align='left'>

    <!--css div popup start-->
    <a class="popup_link" onfocus='this.blur();'
    href="javascript:showTestDetail('div_ft1.1')" >
        fail</a>

    <div id='div_ft1.1' class="popup_window">
        <div style='text-align: right; color:red;cursor:pointer'>
        <a onfocus='this.blur();'
onclick="document.getElementById('div_ft1.1').style.display = 'none' " >
           [x]</a>
        </div>
        <pre>
        
ft1.1: tempest.scenario.test_network_v6.TestGettingAddress.test_dhcp6_stateless_from_os[compute,id-d7e1f858-187c-45a6-89c9-bdafde619a9f,network]_StringException: Empty attachments:
  stderr
  stdout

pythonlogging:'': {{{
2015-12-05 09:30:44,965 27167 INFO     [tempest_lib.common.rest_client] Request (TestGettingAddress:setUp): 200 POST http://10.0.2.15:8774/v2.1/933182193a27470a8f96fe8c6060128f/os-keypairs 0.400s
2015-12-05 09:30:44,966 27167 DEBUG    [tempest_lib.common.rest_client] Request - Headers: {'Content-Type': 'application/json', 'Accept': 'application/json', 'X-Auth-Token': '&lt;omitted&gt;'}
        Body: {"keypair": {"name": "tempest-TestGettingAddress-209125827"}}
    Response - Headers: {'status': '200', 'content-length': '2323', 'x-compute-request-id': 'req-d6cebb4b-a724-48c4-aea3-a07f2ad56b2c', 'vary': 'X-OpenStack-Nova-API-Version', 'connection': 'close', 'x-openstack-nova-api-version': '2.1', 'date': 'Sat, 05 Dec 2015 09:30:44 GMT', 'content-type': 'application/json'}
        Body: {"keypair": {"public_key": "ssh-rsa AAAAB3NzaC1yc2EAAAADAQABAAABAQDcjzaV7hR+lDF4IsnASpSe1jBQnOaeTfCxvegdRejF7So66qQWVKGFkSeaj7J2XLoVaRCdDk3AzEE0CRiLoP8LQt8MV3IyLZm0WgsuJ5n0uiOLMBkEM4Mi38UW8gO1oAWlv+HPx90Q74tjBupKVOXNI8YqVxLdrfr8M/p9rV36c7W3aPfz3oam2wYV3EtlSzKQNA7YEy8VzUUZgS+F5gJdKu7foE1LDK13ti/InVtPHs5RQGpL52c6S0BUUnfwH/Ad9U045P8jlLcouJ3BdInkhUBOo56DDGYVopSl5psP18z6K5VocYJ9/qMslVBcniobLlr3O6yC4llrnZNbI0aj Generated-by-Nova", "private_key": "-----BEGIN RSA PRIVATE KEY-----\nMIIEqgIBAAKCAQEA3I82le4UfpQxeCLJwEqUntYwUJzmnk3wsb3oHUXoxe0qOuqk\nFlShhZEnmo+ydly6FWkQnQ5NwMxBNAkYi6D/C0LfDFdyMi2ZtFoLLieZ9LojizAZ\nBDODIt/FFvIDtaAFpb/hz8fdEO+LYwbqSlTlzSPGKlcS3a36/DP6fa1d+nO1t2j3\n896GptsGFdxLZUsykDQO2BMvFc1FGYEvheYCXSru36BNSwytd7YvyJ1bTx7OUUBq\nS+dnOktAVFJ38B/wHfVNOOT/I5S3KLidwXSJ5IVATqOegwxmFaKUpeabD9fM+iuV\naHGCff6jLJVQXJ4qGy5a9zusguJZa52TWyNGowIDAQABAoIBAQDKpTKr8oEWA6ao\nEJ55dIy0m2rsxhwF2uqJBEkdjDvgjpU8aJW2hq+Y/tL6aYi4w12diljfVGMP/xrx\namII+DUc7aXtuvKLM+aDFDAtiekkN1ms6tYxS/rysdJt0JKj75EAxxn8RE/S3aSd\nqZ7eCL7TCklqYXJOByoRStidXAp6rtzjKQQDVwVU8ArFfd+RTf21LbNyWqTtE4UL\nMXTpcY2VqSUdB/0eeOVM6/ScCSngCkY3SfhL1/ChRQW9ZA9QIGIvqjX/FpabgU6a\n9nM+5q5BoL69njZYM1YxtoZXTMrnMrx6hLoG0LRj2Mxpy1utFCa2j18ft1R7Aqic\nwAP5dadhAoIAgQDtV0Ohgx5rOx3vOpAn47f/BZmemrkbvtuO9IFeOYjfiox3Ffa8\nBqiEoTXBSe6TUEyssGsV9jZAxs9vTYqRcZit5x5OSFqIS8w0UJlNwYB3dOVW+CL2\ng02sTuBFJn7ndYSyRwgYMC+EXC9L42V+IFhwaIf2PJImW7G2nivxrNvO6QKCAIEA\n7eY0ZDjoIuuxzGxdTUA7NTqB6cGBVBdZKsTLTXSSkrM7N7D7Yfrfy1BplgZ+ZBjS\nh6hdvrMa4hCWMERTk4VomHFoJvDT1oSxNmAj8hzFOVpc5dDsvyJJHEVQkMsCTWe9\n5RmYQAaLzVtCeqOMmYtGR2oX7UzAG3BcrLPY3zpO6asCggCAPPBJ+h9LYSb1oaX8\nu3E5ne4XKmT5oEkZ4JOg38uP/C17sVvfVRm0jRFDVxSfgA1/Elvdsu7bsTgarK5R\nJNTw6b3MxzbGn/YuQURsiE1lqcZG2FSvzXGbMOGzra2bqdw/rPKV/nfoy2hL8IU7\nWu39Jyd/uVaGA/lJIOVtzQigC3kCggCBAO1n0pbFd1sJ7He9GGr0E2HuDiExGxfI\n6RHWK7ATCgZd2FWeR28ixVyG1aeCuXS4lLgOG+cno0dAGDD4rpLECno+ihp6MFye\nNJ632IdPkL3IYHZzRR8EXwNYZKrp/FU0lvtezGHwZmk7jh8GwVOk+jBgPppwAjIf\nskwieeViscdbAoIAgQDpPLAdRs96jXG2TuwHx11KT43xtEOlP1/bw7smfFtbqpFl\nJNZzlmfrDBt3wtZovEMRcL3aGIVwR3criVeUVQ5+fP1cC5S4AW1RsRVmlY0UQpIN\njavTfARr2OKm+IHBayjYGsLoVdw/K408GKM74o4izsnBylqxr7+z5MeAYdQ4+Q==\n-----END RSA PRIVATE KEY-----\n", "user_id": "fde9105a91c14dc292c40551408d95c4", "name": "tempest-TestGettingAddress-209125827", "fingerprint": "01:c9:05:41:89:83:5c:71:c2:9c:d8:27:6d:d6:9e:73"}}
2015-12-05 09:30:45,320 27167 INFO     [tempest_lib.common.rest_client] Request (TestGettingAddress:setUp): 201 POST http://10.0.2.15:9696/v2.0/security-groups 0.350s
2015-12-05 09:30:45,321 27167 DEBUG    [tempest_lib.common.rest_client] Request - Headers: {'Content-Type': 'application/json', 'Accept': 'application/json', 'X-Auth-Token': '&lt;omitted&gt;'}
        Body: {"security_group": {"tenant_id": "933182193a27470a8f96fe8c6060128f", "description": "tempest-secgroup-smoke-1397014553 description", "name": "tempest-secgroup-smoke-1397014553"}}
    Response - Headers: {'status': '201', 'content-length': '888', 'connection': 'close', 'date': 'Sat, 05 Dec 2015 09:30:45 GMT', 'content-type': 'application/json; charset=UTF-8', 'x-openstack-request-id': 'req-b58c6d99-9ff2-44c2-8cc6-191e461caea0'}
        Body: {"security_group": {"tenant_id": "933182193a27470a8f96fe8c6060128f", "description": "tempest-secgroup-smoke-1397014553 description", "id": "799932ab-d1e1-4aec-a382-34564c8d436c", "security_group_rules": [{"remote_group_id": null, "direction": "egress", "remote_ip_prefix": null, "protocol": null, "ethertype": "IPv4", "tenant_id": "933182193a27470a8f96fe8c6060128f", "port_range_max": null, "port_range_min": null, "id": "2030c760-a6ad-4ec5-b387-bc8fe54b2a25", "security_group_id": "799932ab-d1e1-4aec-a382-34564c8d436c"}, {"remote_group_id": null, "direction": "egress", "remote_ip_prefix": null, "protocol": null, "ethertype": "IPv6", "tenant_id": "933182193a27470a8f96fe8c6060128f", "port_range_max": null, "port_range_min": null, "id": "c235f7e2-592b-49f9-ba21-b2c240a5a6e5", "security_group_id": "799932ab-d1e1-4aec-a382-34564c8d436c"}], "name": "tempest-secgroup-smoke-1397014553"}}
2015-12-05 09:30:45,443 27167 INFO     [tempest_lib.common.rest_client] Request (TestGettingAddress:setUp): 201 POST http://10.0.2.15:9696/v2.0/security-group-rules 0.120s
2015-12-05 09:30:45,444 27167 DEBUG    [tempest_lib.common.rest_client] Request - Headers: {'Content-Type': 'application/json', 'Accept': 'application/json', 'X-Auth-Token': '&lt;omitted&gt;'}
        Body: {"security_group_rule": {"direction": "ingress", "protocol": "tcp", "tenant_id": "933182193a27470a8f96fe8c6060128f", "port_range_max": 22, "security_group_id": "799932ab-d1e1-4aec-a382-34564c8d436c", "port_range_min": 22}}
    Response - Headers: {'status': '201', 'content-length': '340', 'connection': 'close', 'date': 'Sat, 05 Dec 2015 09:30:45 GMT', 'content-type': 'application/json; charset=UTF-8', 'x-openstack-request-id': 'req-67937529-38e4-43d7-86b6-c642432692ca'}
        Body: {"security_group_rule": {"remote_group_id": null, "direction": "ingress", "remote_ip_prefix": null, "protocol": "tcp", "ethertype": "IPv4", "tenant_id": "933182193a27470a8f96fe8c6060128f", "port_range_max": 22, "port_range_min": 22, "id": "5f087abf-0f5b-4ba7-8b79-df6e7654d104", "security_group_id": "799932ab-d1e1-4aec-a382-34564c8d436c"}}
2015-12-05 09:30:45,557 27167 INFO     [tempest_lib.common.rest_client] Request (TestGettingAddress:setUp): 201 POST http://10.0.2.15:9696/v2.0/security-group-rules 0.111s
2015-12-05 09:30:45,558 27167 DEBUG    [tempest_lib.common.rest_client] Request - Headers: {'Content-Type': 'application/json', 'Accept': 'application/json', 'X-Auth-Token': '&lt;omitted&gt;'}
        Body: {"security_group_rule": {"direction": "egress", "protocol": "tcp", "tenant_id": "933182193a27470a8f96fe8c6060128f", "port_range_max": 22, "security_group_id": "799932ab-d1e1-4aec-a382-34564c8d436c", "port_range_min": 22}}
    Response - Headers: {'status': '201', 'content-length': '339', 'connection': 'close', 'date': 'Sat, 05 Dec 2015 09:30:45 GMT', 'content-type': 'application/json; charset=UTF-8', 'x-openstack-request-id': 'req-3158c727-b842-4f0a-a482-74a01a3b89c2'}
        Body: {"security_group_rule": {"remote_group_id": null, "direction": "egress", "remote_ip_prefix": null, "protocol": "tcp", "ethertype": "IPv4", "tenant_id": "933182193a27470a8f96fe8c6060128f", "port_range_max": 22, "port_range_min": 22, "id": "ac97dd5b-b1c0-4520-95eb-dbbc9e95bd5a", "security_group_id": "799932ab-d1e1-4aec-a382-34564c8d436c"}}
2015-12-05 09:30:45,668 27167 INFO     [tempest_lib.common.rest_client] Request (TestGettingAddress:setUp): 201 POST http://10.0.2.15:9696/v2.0/security-group-rules 0.109s
2015-12-05 09:30:45,669 27167 DEBUG    [tempest_lib.common.rest_client] Request - Headers: {'Content-Type': 'application/json', 'Accept': 'application/json', 'X-Auth-Token': '&lt;omitted&gt;'}
        Body: {"security_group_rule": {"tenant_id": "933182193a27470a8f96fe8c6060128f", "direction": "ingress", "protocol": "icmp", "security_group_id": "799932ab-d1e1-4aec-a382-34564c8d436c"}}
    Response - Headers: {'status': '201', 'content-length': '345', 'connection': 'close', 'date': 'Sat, 05 Dec 2015 09:30:45 GMT', 'content-type': 'application/json; charset=UTF-8', 'x-openstack-request-id': 'req-61454019-4b22-4466-9abb-25fbfb741a02'}
        Body: {"security_group_rule": {"remote_group_id": null, "direction": "ingress", "remote_ip_prefix": null, "protocol": "icmp", "ethertype": "IPv4", "tenant_id": "933182193a27470a8f96fe8c6060128f", "port_range_max": null, "port_range_min": null, "id": "730ad499-ca14-4fef-9565-56abefd8fe20", "security_group_id": "799932ab-d1e1-4aec-a382-34564c8d436c"}}
2015-12-05 09:30:45,782 27167 INFO     [tempest_lib.common.rest_client] Request (TestGettingAddress:setUp): 201 POST http://10.0.2.15:9696/v2.0/security-group-rules 0.112s
2015-12-05 09:30:45,784 27167 DEBUG    [tempest_lib.common.rest_client] Request - Headers: {'Content-Type': 'application/json', 'Accept': 'application/json', 'X-Auth-Token': '&lt;omitted&gt;'}
        Body: {"security_group_rule": {"tenant_id": "933182193a27470a8f96fe8c6060128f", "direction": "egress", "protocol": "icmp", "security_group_id": "799932ab-d1e1-4aec-a382-34564c8d436c"}}
    Response - Headers: {'status': '201', 'content-length': '344', 'connection': 'close', 'date': 'Sat, 05 Dec 2015 09:30:45 GMT', 'content-type': 'application/json; charset=UTF-8', 'x-openstack-request-id': 'req-7d08c163-70fa-496d-bb51-90450b153b4d'}
        Body: {"security_group_rule": {"remote_group_id": null, "direction": "egress", "remote_ip_prefix": null, "protocol": "icmp", "ethertype": "IPv4", "tenant_id": "933182193a27470a8f96fe8c6060128f", "port_range_max": null, "port_range_min": null, "id": "f1008d45-5001-44a4-9d4e-5791cb8d34b8", "security_group_id": "799932ab-d1e1-4aec-a382-34564c8d436c"}}
2015-12-05 09:30:45,903 27167 INFO     [tempest_lib.common.rest_client] Request (TestGettingAddress:setUp): 201 POST http://10.0.2.15:9696/v2.0/security-group-rules 0.118s
2015-12-05 09:30:45,904 27167 DEBUG    [tempest_lib.common.rest_client] Request - Headers: {'Content-Type': 'application/json', 'Accept': 'application/json', 'X-Auth-Token': '&lt;omitted&gt;'}
        Body: {"security_group_rule": {"tenant_id": "933182193a27470a8f96fe8c6060128f", "direction": "ingress", "security_group_id": "799932ab-d1e1-4aec-a382-34564c8d436c", "protocol": "icmp", "ethertype": "IPv6"}}
    Response - Headers: {'status': '201', 'content-length': '345', 'connection': 'close', 'date': 'Sat, 05 Dec 2015 09:30:45 GMT', 'content-type': 'application/json; charset=UTF-8', 'x-openstack-request-id': 'req-fc64e062-e862-4371-bad6-131457756be2'}
        Body: {"security_group_rule": {"remote_group_id": null, "direction": "ingress", "remote_ip_prefix": null, "protocol": "icmp", "ethertype": "IPv6", "tenant_id": "933182193a27470a8f96fe8c6060128f", "port_range_max": null, "port_range_min": null, "id": "20e97c17-6a54-41a1-ab62-8e3e83b41bbd", "security_group_id": "799932ab-d1e1-4aec-a382-34564c8d436c"}}
2015-12-05 09:30:46,007 27167 INFO     [tempest_lib.common.rest_client] Request (TestGettingAddress:setUp): 201 POST http://10.0.2.15:9696/v2.0/security-group-rules 0.101s
2015-12-05 09:30:46,007 27167 DEBUG    [tempest_lib.common.rest_client] Request - Headers: {'Content-Type': 'application/json', 'Accept': 'application/json', 'X-Auth-Token': '&lt;omitted&gt;'}
        Body: {"security_group_rule": {"tenant_id": "933182193a27470a8f96fe8c6060128f", "direction": "egress", "security_group_id": "799932ab-d1e1-4aec-a382-34564c8d436c", "protocol": "icmp", "ethertype": "IPv6"}}
    Response - Headers: {'status': '201', 'content-length': '344', 'connection': 'close', 'date': 'Sat, 05 Dec 2015 09:30:46 GMT', 'content-type': 'application/json; charset=UTF-8', 'x-openstack-request-id': 'req-d4d1d2f0-2618-480d-9a54-ec2e57df49f7'}
        Body: {"security_group_rule": {"remote_group_id": null, "direction": "egress", "remote_ip_prefix": null, "protocol": "icmp", "ethertype": "IPv6", "tenant_id": "933182193a27470a8f96fe8c6060128f", "port_range_max": null, "port_range_min": null, "id": "20db137b-1fd6-4637-9f88-98f5f0cc17be", "security_group_id": "799932ab-d1e1-4aec-a382-34564c8d436c"}}
2015-12-05 09:30:46,272 27167 INFO     [tempest_lib.common.rest_client] Request (TestGettingAddress:test_dhcp6_stateless_from_os): 201 POST http://10.0.2.15:9696/v2.0/networks 0.262s
2015-12-05 09:30:46,273 27167 DEBUG    [tempest_lib.common.rest_client] Request - Headers: {'Content-Type': 'application/json', 'Accept': 'application/json', 'X-Auth-Token': '&lt;omitted&gt;'}
        Body: {"network": {"tenant_id": "933182193a27470a8f96fe8c6060128f", "name": "tempest-network-smoke--1059848771"}}
    Response - Headers: {'status': '201', 'content-length': '296', 'connection': 'close', 'date': 'Sat, 05 Dec 2015 09:30:46 GMT', 'content-type': 'application/json; charset=UTF-8', 'x-openstack-request-id': 'req-5e98b1b4-5e4e-484f-82f7-666ccfa1a22a'}
        Body: {"network": {"status": "ACTIVE", "subnets": [], "name": "tempest-network-smoke--1059848771", "admin_state_up": true, "tenant_id": "933182193a27470a8f96fe8c6060128f", "mtu": 0, "router:external": false, "shared": false, "port_security_enabled": true, "id": "35d71d11-152d-40a0-93bb-9e8e5d0cac6a"}}
2015-12-05 09:30:46,438 27167 INFO     [tempest_lib.common.rest_client] Request (TestGettingAddress:test_dhcp6_stateless_from_os): 200 GET http://10.0.2.15:9696/v2.0/subnets?tenant_id=933182193a27470a8f96fe8c6060128f&amp;cidr=10.100.0.0%2F28 0.163s
2015-12-05 09:30:46,438 27167 DEBUG    [tempest_lib.common.rest_client] Request - Headers: {'Content-Type': 'application/json', 'Accept': 'application/json', 'X-Auth-Token': '&lt;omitted&gt;'}
        Body: None
    Response - Headers: {'status': '200', 'content-length': '15', 'content-location': 'http://10.0.2.15:9696/v2.0/subnets?tenant_id=933182193a27470a8f96fe8c6060128f&amp;cidr=10.100.0.0%2F28', 'connection': 'close', 'date': 'Sat, 05 Dec 2015 09:30:46 GMT', 'content-type': 'application/json; charset=UTF-8', 'x-openstack-request-id': 'req-27a4a1e5-9f18-424f-98ae-e69dafe54d18'}
        Body: {"subnets": []}
2015-12-05 09:30:46,710 27167 INFO     [tempest_lib.common.rest_client] Request (TestGettingAddress:test_dhcp6_stateless_from_os): 201 POST http://10.0.2.15:9696/v2.0/subnets 0.270s
2015-12-05 09:30:46,710 27167 DEBUG    [tempest_lib.common.rest_client] Request - Headers: {'Content-Type': 'application/json', 'Accept': 'application/json', 'X-Auth-Token': '&lt;omitted&gt;'}
        Body: {"subnet": {"ip_version": 4, "tenant_id": "933182193a27470a8f96fe8c6060128f", "cidr": "10.100.0.0/28", "network_id": "35d71d11-152d-40a0-93bb-9e8e5d0cac6a", "name": "tempest-sub4-1330094012"}}
    Response - Headers: {'status': '201', 'content-length': '470', 'connection': 'close', 'date': 'Sat, 05 Dec 2015 09:30:46 GMT', 'content-type': 'application/json; charset=UTF-8', 'x-openstack-request-id': 'req-c3a9d3d7-d61c-496d-871c-7432a5b15cbd'}
        Body: {"subnet": {"name": "tempest-sub4-1330094012", "enable_dhcp": true, "network_id": "35d71d11-152d-40a0-93bb-9e8e5d0cac6a", "tenant_id": "933182193a27470a8f96fe8c6060128f", "dns_nameservers": [], "gateway_ip": "10.100.0.1", "ipv6_ra_mode": null, "allocation_pools": [{"start": "10.100.0.2", "end": "10.100.0.14"}], "host_routes": [], "ip_version": 4, "ipv6_address_mode": null, "cidr": "10.100.0.0/28", "id": "cfd01baa-53a6-4ba2-a435-dfac85b5d071", "subnetpool_id": null}}
2015-12-05 09:30:46,783 27167 INFO     [tempest_lib.common.rest_client] Request (TestGettingAddress:test_dhcp6_stateless_from_os): 201 POST http://10.0.2.15:9696/v2.0/routers 0.071s
2015-12-05 09:30:46,784 27167 DEBUG    [tempest_lib.common.rest_client] Request - Headers: {'Content-Type': 'application/json', 'Accept': 'application/json', 'X-Auth-Token': '&lt;omitted&gt;'}
        Body: {"router": {"tenant_id": "933182193a27470a8f96fe8c6060128f", "name": "tempest-router-smoke-459204139", "admin_state_up": true}}
    Response - Headers: {'status': '201', 'content-length': '238', 'connection': 'close', 'date': 'Sat, 05 Dec 2015 09:30:46 GMT', 'content-type': 'application/json; charset=UTF-8', 'x-openstack-request-id': 'req-0d0fe216-b9ab-498f-ad42-fdfa5d537599'}
        Body: {"router": {"status": "ACTIVE", "external_gateway_info": null, "name": "tempest-router-smoke-459204139", "admin_state_up": true, "tenant_id": "933182193a27470a8f96fe8c6060128f", "routes": [], "id": "48978b0f-91ed-4537-9a19-9d8aa7aef6d8"}}
2015-12-05 09:30:46,825 27167 INFO     [tempest_lib.common.rest_client] Request (TestGettingAddress:test_dhcp6_stateless_from_os): 200 GET http://10.0.2.15:9696/v2.0/routers/48978b0f-91ed-4537-9a19-9d8aa7aef6d8 0.040s
2015-12-05 09:30:46,825 27167 DEBUG    [tempest_lib.common.rest_client] Request - Headers: {'Content-Type': 'application/json', 'Accept': 'application/json', 'X-Auth-Token': '&lt;omitted&gt;'}
        Body: None
    Response - Headers: {'status': '200', 'content-length': '238', 'content-location': 'http://10.0.2.15:9696/v2.0/routers/48978b0f-91ed-4537-9a19-9d8aa7aef6d8', 'connection': 'close', 'date': 'Sat, 05 Dec 2015 09:30:46 GMT', 'content-type': 'application/json; charset=UTF-8', 'x-openstack-request-id': 'req-42102fc2-da48-43f2-919d-609be2c9a8a2'}
        Body: {"router": {"status": "ACTIVE", "external_gateway_info": null, "name": "tempest-router-smoke-459204139", "admin_state_up": true, "tenant_id": "933182193a27470a8f96fe8c6060128f", "routes": [], "id": "48978b0f-91ed-4537-9a19-9d8aa7aef6d8"}}
2015-12-05 09:30:47,403 27167 INFO     [tempest_lib.common.rest_client] Request (TestGettingAddress:test_dhcp6_stateless_from_os): 200 PUT http://10.0.2.15:9696/v2.0/routers/48978b0f-91ed-4537-9a19-9d8aa7aef6d8 0.577s
2015-12-05 09:30:47,404 27167 DEBUG    [tempest_lib.common.rest_client] Request - Headers: {'Content-Type': 'application/json', 'Accept': 'application/json', 'X-Auth-Token': '&lt;omitted&gt;'}
        Body: {"router": {"external_gateway_info": {"network_id": "4542113d-853a-470f-a621-bc86fa98d432"}, "name": "tempest-router-smoke-459204139", "admin_state_up": true}}
    Response - Headers: {'status': '200', 'content-length': '500', 'connection': 'close', 'date': 'Sat, 05 Dec 2015 09:30:47 GMT', 'content-type': 'application/json; charset=UTF-8', 'x-openstack-request-id': 'req-7acac51d-7552-464a-a28d-6debb03966fb'}
        Body: {"router": {"status": "ACTIVE", "external_gateway_info": {"network_id": "4542113d-853a-470f-a621-bc86fa98d432", "enable_snat": true, "external_fixed_ips": [{"subnet_id": "7163f1b5-d559-4c3c-ab84-122fc600cee4", "ip_address": "172.24.4.3"}, {"subnet_id": "34abee42-c994-436c-b8ed-40360f89951d", "ip_address": "2001:db8::4"}]}, "name": "tempest-router-smoke-459204139", "admin_state_up": true, "tenant_id": "933182193a27470a8f96fe8c6060128f", "routes": [], "id": "48978b0f-91ed-4537-9a19-9d8aa7aef6d8"}}
2015-12-05 09:30:47,925 27167 INFO     [tempest_lib.common.rest_client] Request (TestGettingAddress:test_dhcp6_stateless_from_os): 200 PUT http://10.0.2.15:9696/v2.0/routers/48978b0f-91ed-4537-9a19-9d8aa7aef6d8/add_router_interface 0.521s
2015-12-05 09:30:47,926 27167 DEBUG    [tempest_lib.common.rest_client] Request - Headers: {'Content-Type': 'application/json', 'Accept': 'application/json', 'X-Auth-Token': '&lt;omitted&gt;'}
        Body: {"subnet_id": "cfd01baa-53a6-4ba2-a435-dfac85b5d071"}
    Response - Headers: {'status': '200', 'content-length': '255', 'connection': 'close', 'date': 'Sat, 05 Dec 2015 09:30:47 GMT', 'content-type': 'application/json; charset=UTF-8', 'x-openstack-request-id': 'req-29cd00e6-75e2-4ea6-ad80-0a95e92bee67'}
        Body: {"subnet_id": "cfd01baa-53a6-4ba2-a435-dfac85b5d071", "tenant_id": "933182193a27470a8f96fe8c6060128f", "subnet_ids": ["cfd01baa-53a6-4ba2-a435-dfac85b5d071"], "port_id": "1fb656f7-534c-4330-8fe5-5797ddea426d", "id": "48978b0f-91ed-4537-9a19-9d8aa7aef6d8"}
2015-12-05 09:30:47,955 27167 INFO     [tempest_lib.common.rest_client] Request (TestGettingAddress:test_dhcp6_stateless_from_os): 200 GET http://10.0.2.15:9696/v2.0/subnets?tenant_id=933182193a27470a8f96fe8c6060128f&amp;cidr=2003%3A%3A%2F64 0.028s
2015-12-05 09:30:47,956 27167 DEBUG    [tempest_lib.common.rest_client] Request - Headers: {'Content-Type': 'application/json', 'Accept': 'application/json', 'X-Auth-Token': '&lt;omitted&gt;'}
        Body: None
    Response - Headers: {'status': '200', 'content-length': '15', 'content-location': 'http://10.0.2.15:9696/v2.0/subnets?tenant_id=933182193a27470a8f96fe8c6060128f&amp;cidr=2003%3A%3A%2F64', 'connection': 'close', 'date': 'Sat, 05 Dec 2015 09:30:47 GMT', 'content-type': 'application/json; charset=UTF-8', 'x-openstack-request-id': 'req-2e94336f-1f05-4e73-a649-7bdee32979f3'}
        Body: {"subnets": []}
2015-12-05 09:30:48,227 27167 INFO     [tempest_lib.common.rest_client] Request (TestGettingAddress:test_dhcp6_stateless_from_os): 201 POST http://10.0.2.15:9696/v2.0/subnets 0.270s
2015-12-05 09:30:48,227 27167 DEBUG    [tempest_lib.common.rest_client] Request - Headers: {'Content-Type': 'application/json', 'Accept': 'application/json', 'X-Auth-Token': '&lt;omitted&gt;'}
        Body: {"subnet": {"name": "tempest-sub6-1825861409", "network_id": "35d71d11-152d-40a0-93bb-9e8e5d0cac6a", "tenant_id": "933182193a27470a8f96fe8c6060128f", "ipv6_ra_mode": "dhcpv6-stateless", "ip_version": 6, "ipv6_address_mode": "dhcpv6-stateless", "cidr": "2003::/64"}}
    Response - Headers: {'status': '201', 'content-length': '502', 'connection': 'close', 'date': 'Sat, 05 Dec 2015 09:30:48 GMT', 'content-type': 'application/json; charset=UTF-8', 'x-openstack-request-id': 'req-6026ef4d-9b2f-4c33-b685-655ea017c7d7'}
        Body: {"subnet": {"name": "tempest-sub6-1825861409", "enable_dhcp": true, "network_id": "35d71d11-152d-40a0-93bb-9e8e5d0cac6a", "tenant_id": "933182193a27470a8f96fe8c6060128f", "dns_nameservers": [], "gateway_ip": "2003::1", "ipv6_ra_mode": "dhcpv6-stateless", "allocation_pools": [{"start": "2003::2", "end": "2003::ffff:ffff:ffff:ffff"}], "host_routes": [], "ip_version": 6, "ipv6_address_mode": "dhcpv6-stateless", "cidr": "2003::/64", "id": "f25ef9c3-ae2b-49b4-96b1-66da14a83ea8", "subnetpool_id": null}}
2015-12-05 09:30:48,771 27167 INFO     [tempest_lib.common.rest_client] Request (TestGettingAddress:test_dhcp6_stateless_from_os): 200 PUT http://10.0.2.15:9696/v2.0/routers/48978b0f-91ed-4537-9a19-9d8aa7aef6d8/add_router_interface 0.543s
2015-12-05 09:30:48,772 27167 DEBUG    [tempest_lib.common.rest_client] Request - Headers: {'Content-Type': 'application/json', 'Accept': 'application/json', 'X-Auth-Token': '&lt;omitted&gt;'}
        Body: {"subnet_id": "f25ef9c3-ae2b-49b4-96b1-66da14a83ea8"}
    Response - Headers: {'status': '200', 'content-length': '255', 'connection': 'close', 'date': 'Sat, 05 Dec 2015 09:30:48 GMT', 'content-type': 'application/json; charset=UTF-8', 'x-openstack-request-id': 'req-1cf8f285-40a9-4dc3-be6a-663c34d9ba23'}
        Body: {"subnet_id": "f25ef9c3-ae2b-49b4-96b1-66da14a83ea8", "tenant_id": "933182193a27470a8f96fe8c6060128f", "subnet_ids": ["f25ef9c3-ae2b-49b4-96b1-66da14a83ea8"], "port_id": "a656d4cb-d009-4e31-b169-ecf277fb76fc", "id": "48978b0f-91ed-4537-9a19-9d8aa7aef6d8"}
2015-12-05 09:30:48,884 27167 INFO     [tempest_lib.common.rest_client] Request (TestGettingAddress:test_dhcp6_stateless_from_os): 200 POST http://10.0.2.15:5000/v2.0/tokens
2015-12-05 09:30:48,885 27167 DEBUG    [tempest_lib.common.rest_client] Request - Headers: {'Content-Type': 'application/json', 'Accept': 'application/json'}
        Body: &lt;omitted&gt;
    Response - Headers: {'status': '200', 'content-length': '2526', 'vary': 'X-Auth-Token', 'server': 'Apache/2.4.7 (Ubuntu)', 'connection': 'close', 'date': 'Sat, 05 Dec 2015 09:30:48 GMT', 'content-type': 'application/json', 'x-openstack-request-id': 'req-ac8ac134-df7c-4a96-b8a4-13a0b96de093'}
        Body: {"access": {"token": {"issued_at": "2015-12-05T09:30:48.869937", "expires": "2015-12-05T10:30:48Z", "id": "c6ecccdd38aa40d28b4e5dfee859e965", "tenant": {"description": "tempest-TestGettingAddress-1383192969-desc", "enabled": true, "id": "933182193a27470a8f96fe8c6060128f", "name": "tempest-TestGettingAddress-1383192969"}, "audit_ids": ["ji6JvZAZSfmplBZReHe3ZQ"]}, "serviceCatalog": [{"endpoints": [{"adminURL": "http://10.0.2.15:8774/v2.1/933182193a27470a8f96fe8c6060128f", "region": "RegionOne", "internalURL": "http://10.0.2.15:8774/v2.1/933182193a27470a8f96fe8c6060128f", "id": "29628cb5d5204d7f97d5b553384a740e", "publicURL": "http://10.0.2.15:8774/v2.1/933182193a27470a8f96fe8c6060128f"}], "endpoints_links": [], "type": "compute", "name": "nova"}, {"endpoints": [{"adminURL": "http://10.0.2.15:9696/", "region": "RegionOne", "internalURL": "http://10.0.2.15:9696/", "id": "d22133c0df3b4ef28472f98303762a9b", "publicURL": "http://10.0.2.15:9696/"}], "endpoints_links": [], "type": "network", "name": "neutron"}, {"endpoints": [{"adminURL": "http://10.0.2.15:9292", "region": "RegionOne", "internalURL": "http://10.0.2.15:9292", "id": "14eea8439dd947e0b2f921708b59b067", "publicURL": "http://10.0.2.15:9292"}], "endpoints_links": [], "type": "image", "name": "glance"}, {"endpoints": [{"adminURL": "http://10.0.2.15:8774/v2/933182193a27470a8f96fe8c6060128f", "region": "RegionOne", "internalURL": "http://10.0.2.15:8774/v2/933182193a27470a8f96fe8c6060128f", "id": "170c1f9bc7a24121bad69c080dac67d3", "publicURL": "http://10.0.2.15:8774/v2/933182193a27470a8f96fe8c6060128f"}], "endpoints_links": [], "type": "compute_legacy", "name": "nova_legacy"}, {"endpoints": [{"adminURL": "http://10.0.2.15:8773/", "region": "RegionOne", "internalURL": "http://10.0.2.15:8773/", "id": "14c6a9b116ae4f26a1eaa81375721e18", "publicURL": "http://10.0.2.15:8773/"}], "endpoints_links": [], "type": "ec2", "name": "ec2"}, {"endpoints": [{"adminURL": "http://10.0.2.15:35357/v2.0", "region": "RegionOne", "internalURL": "http://10.0.2.15:5000/v2.0", "id": "6a6803d9786a436eb9f3e63addd5b346", "publicURL": "http://10.0.2.15:5000/v2.0"}], "endpoints_links": [], "type": "identity", "name": "keystone"}], "user": {"username": "tempest-TestGettingAddress-1545064270", "roles_links": [], "id": "fde9105a91c14dc292c40551408d95c4", "roles": [{"name": "_member_"}, {"name": "Member"}], "name": "tempest-TestGettingAddress-1545064270"}, "metadata": {"is_admin": 0, "roles": ["9fe2ff9ee4384b1894a90878d3e92bab", "1c9c870a93a24d92af68855dca75117e"]}}}
2015-12-05 09:30:48,891 27167 DEBUG    [tempest.common.fixed_network] (TestGettingAddress:test_dhcp6_stateless_from_os) No valid network provided or created, defaulting to fixed_network_name
2015-12-05 09:30:49,212 27167 INFO     [tempest_lib.common.rest_client] Request (TestGettingAddress:test_dhcp6_stateless_from_os): 200 GET http://10.0.2.15:8774/v2.1/933182193a27470a8f96fe8c6060128f/os-networks 0.320s
2015-12-05 09:30:49,212 27167 DEBUG    [tempest_lib.common.rest_client] Request - Headers: {'Content-Type': 'application/json', 'Accept': 'application/json', 'X-Auth-Token': '&lt;omitted&gt;'}
        Body: None
    Response - Headers: {'status': '200', 'content-length': '479', 'content-location': 'http://10.0.2.15:8774/v2.1/933182193a27470a8f96fe8c6060128f/os-networks', 'x-compute-request-id': 'req-67e72be5-2284-4e20-9d7c-5fbf20791e47', 'vary': 'X-OpenStack-Nova-API-Version', 'connection': 'close', 'x-openstack-nova-api-version': '2.1', 'date': 'Sat, 05 Dec 2015 09:30:49 GMT', 'content-type': 'application/json'}
        Body: {"networks": [{"cidr_v6": null, "dns2": null, "dns1": null, "gateway": null, "broadcast": null, "netmask": null, "gateway_v6": null, "cidr": null, "label": "tempest-network-smoke--1059848771", "id": "35d71d11-152d-40a0-93bb-9e8e5d0cac6a", "netmask_v6": null}, {"cidr_v6": null, "dns2": null, "dns1": null, "gateway": null, "broadcast": null, "netmask": null, "gateway_v6": null, "cidr": null, "label": "public", "id": "4542113d-853a-470f-a621-bc86fa98d432", "netmask_v6": null}]}
2015-12-05 09:30:49,213 27167 WARNING  [tempest.common.fixed_network] (TestGettingAddress:test_dhcp6_stateless_from_os) Network with name: private not found
2015-12-05 09:30:49,213 27167 INFO     [tempest.common.fixed_network] (TestGettingAddress:test_dhcp6_stateless_from_os) Found network {} available for tenant
2015-12-05 09:30:50,539 27167 INFO     [tempest_lib.common.rest_client] Request (TestGettingAddress:test_dhcp6_stateless_from_os): 202 POST http://10.0.2.15:8774/v2.1/933182193a27470a8f96fe8c6060128f/servers 1.325s
2015-12-05 09:30:50,540 27167 DEBUG    [tempest_lib.common.rest_client] Request - Headers: {'Content-Type': 'application/json', 'Accept': 'application/json', 'X-Auth-Token': '&lt;omitted&gt;'}
        Body: {"server": {"name": "tempest.common.compute-instance-2007460627", "imageRef": "b9fe5840-f9cc-40e1-aa82-3bb1d768dcf4", "key_name": "tempest-TestGettingAddress-209125827", "flavorRef": "42", "networks": [{"uuid": "35d71d11-152d-40a0-93bb-9e8e5d0cac6a"}], "security_groups": [{"name": "tempest-secgroup-smoke-1397014553"}]}}
    Response - Headers: {'status': '202', 'content-length': '462', 'x-compute-request-id': 'req-f4725b3f-e18b-4719-bbd5-e84f6f4c4f30', 'vary': 'X-OpenStack-Nova-API-Version', 'connection': 'close', 'location': 'http://10.0.2.15:8774/v2.1/933182193a27470a8f96fe8c6060128f/servers/b124c5ac-b32e-4b4b-8489-d92eee698eb0', 'x-openstack-nova-api-version': '2.1', 'date': 'Sat, 05 Dec 2015 09:30:50 GMT', 'content-type': 'application/json'}
        Body: {"server": {"security_groups": [{"name": "tempest-secgroup-smoke-1397014553"}], "OS-DCF:diskConfig": "MANUAL", "id": "b124c5ac-b32e-4b4b-8489-d92eee698eb0", "links": [{"href": "http://10.0.2.15:8774/v2.1/933182193a27470a8f96fe8c6060128f/servers/b124c5ac-b32e-4b4b-8489-d92eee698eb0", "rel": "self"}, {"href": "http://10.0.2.15:8774/933182193a27470a8f96fe8c6060128f/servers/b124c5ac-b32e-4b4b-8489-d92eee698eb0", "rel": "bookmark"}], "adminPass": "Z868FGvT5ahc"}}
2015-12-05 09:30:50,893 27167 INFO     [tempest_lib.common.rest_client] Request (TestGettingAddress:test_dhcp6_stateless_from_os): 200 GET http://10.0.2.15:8774/v2.1/933182193a27470a8f96fe8c6060128f/servers/b124c5ac-b32e-4b4b-8489-d92eee698eb0 0.349s
2015-12-05 09:30:50,893 27167 DEBUG    [tempest_lib.common.rest_client] Request - Headers: {'Content-Type': 'application/json', 'Accept': 'application/json', 'X-Auth-Token': '&lt;omitted&gt;'}
        Body: None
    Response - Headers: {'status': '200', 'content-length': '1354', 'content-location': 'http://10.0.2.15:8774/v2.1/933182193a27470a8f96fe8c6060128f/servers/b124c5ac-b32e-4b4b-8489-d92eee698eb0', 'x-compute-request-id': 'req-1017ef67-ffcd-4f59-a19b-54a629aaaa16', 'vary': 'X-OpenStack-Nova-API-Version', 'connection': 'close', 'x-openstack-nova-api-version': '2.1', 'date': 'Sat, 05 Dec 2015 09:30:50 GMT', 'content-type': 'application/json'}
        Body: {"server": {"status": "BUILD", "updated": "2015-12-05T09:30:50Z", "hostId": "", "addresses": {}, "links": [{"href": "http://10.0.2.15:8774/v2.1/933182193a27470a8f96fe8c6060128f/servers/b124c5ac-b32e-4b4b-8489-d92eee698eb0", "rel": "self"}, {"href": "http://10.0.2.15:8774/933182193a27470a8f96fe8c6060128f/servers/b124c5ac-b32e-4b4b-8489-d92eee698eb0", "rel": "bookmark"}], "key_name": "tempest-TestGettingAddress-209125827", "image": {"id": "b9fe5840-f9cc-40e1-aa82-3bb1d768dcf4", "links": [{"href": "http://10.0.2.15:8774/933182193a27470a8f96fe8c6060128f/images/b9fe5840-f9cc-40e1-aa82-3bb1d768dcf4", "rel": "bookmark"}]}, "OS-EXT-STS:task_state": "scheduling", "OS-EXT-STS:vm_state": "building", "OS-SRV-USG:launched_at": null, "flavor": {"id": "42", "links": [{"href": "http://10.0.2.15:8774/933182193a27470a8f96fe8c6060128f/flavors/42", "rel": "bookmark"}]}, "id": "b124c5ac-b32e-4b4b-8489-d92eee698eb0", "OS-SRV-USG:terminated_at": null, "OS-EXT-AZ:availability_zone": "", "user_id": "fde9105a91c14dc292c40551408d95c4", "name": "tempest.common.compute-instance-2007460627", "created": "2015-12-05T09:30:50Z", "tenant_id": "933182193a27470a8f96fe8c6060128f", "OS-DCF:diskConfig": "MANUAL", "os-extended-volumes:volumes_attached": [], "accessIPv4": "", "accessIPv6": "", "progress": 0, "OS-EXT-STS:power_state": 0, "config_drive": "", "metadata": {}}}
2015-12-05 09:30:52,124 27167 INFO     [tempest_lib.common.rest_client] Request (TestGettingAddress:test_dhcp6_stateless_from_os): 200 GET http://10.0.2.15:8774/v2.1/933182193a27470a8f96fe8c6060128f/servers/b124c5ac-b32e-4b4b-8489-d92eee698eb0 0.219s
2015-12-05 09:30:52,125 27167 DEBUG    [tempest_lib.common.rest_client] Request - Headers: {'Content-Type': 'application/json', 'Accept': 'application/json', 'X-Auth-Token': '&lt;omitted&gt;'}
        Body: None
    Response - Headers: {'status': '200', 'content-length': '1480', 'content-location': 'http://10.0.2.15:8774/v2.1/933182193a27470a8f96fe8c6060128f/servers/b124c5ac-b32e-4b4b-8489-d92eee698eb0', 'x-compute-request-id': 'req-b720b6f6-e706-4c1f-850f-de168f77c4ca', 'vary': 'X-OpenStack-Nova-API-Version', 'connection': 'close', 'x-openstack-nova-api-version': '2.1', 'date': 'Sat, 05 Dec 2015 09:30:52 GMT', 'content-type': 'application/json'}
        Body: {"server": {"status": "BUILD", "updated": "2015-12-05T09:30:51Z", "hostId": "68c3961f5e1a9c9f5286840e3e1f2870dacd12abf1d548a20ef8198e", "addresses": {}, "links": [{"href": "http://10.0.2.15:8774/v2.1/933182193a27470a8f96fe8c6060128f/servers/b124c5ac-b32e-4b4b-8489-d92eee698eb0", "rel": "self"}, {"href": "http://10.0.2.15:8774/933182193a27470a8f96fe8c6060128f/servers/b124c5ac-b32e-4b4b-8489-d92eee698eb0", "rel": "bookmark"}], "key_name": "tempest-TestGettingAddress-209125827", "image": {"id": "b9fe5840-f9cc-40e1-aa82-3bb1d768dcf4", "links": [{"href": "http://10.0.2.15:8774/933182193a27470a8f96fe8c6060128f/images/b9fe5840-f9cc-40e1-aa82-3bb1d768dcf4", "rel": "bookmark"}]}, "OS-EXT-STS:task_state": "spawning", "OS-EXT-STS:vm_state": "building", "OS-SRV-USG:launched_at": null, "flavor": {"id": "42", "links": [{"href": "http://10.0.2.15:8774/933182193a27470a8f96fe8c6060128f/flavors/42", "rel": "bookmark"}]}, "id": "b124c5ac-b32e-4b4b-8489-d92eee698eb0", "security_groups": [{"name": "tempest-secgroup-smoke-1397014553"}], "OS-SRV-USG:terminated_at": null, "OS-EXT-AZ:availability_zone": "nova", "user_id": "fde9105a91c14dc292c40551408d95c4", "name": "tempest.common.compute-instance-2007460627", "created": "2015-12-05T09:30:50Z", "tenant_id": "933182193a27470a8f96fe8c6060128f", "OS-DCF:diskConfig": "MANUAL", "os-extended-volumes:volumes_attached": [], "accessIPv4": "", "accessIPv6": "", "progress": 0, "OS-EXT-STS:power_state": 0, "config_drive": "", "metadata": {}}}
2015-12-05 09:30:52,136 27167 INFO     [tempest.common.waiters] State transition "BUILD/scheduling" ==&gt; "BUILD/spawning" after 2 second wait
2015-12-05 09:30:53,383 27167 INFO     [tempest_lib.common.rest_client] Request (TestGettingAddress:test_dhcp6_stateless_from_os): 200 GET http://10.0.2.15:8774/v2.1/933182193a27470a8f96fe8c6060128f/servers/b124c5ac-b32e-4b4b-8489-d92eee698eb0 0.245s
2015-12-05 09:30:53,384 27167 DEBUG    [tempest_lib.common.rest_client] Request - Headers: {'Content-Type': 'application/json', 'Accept': 'application/json', 'X-Auth-Token': '&lt;omitted&gt;'}
        Body: None
    Response - Headers: {'status': '200', 'content-length': '1480', 'content-location': 'http://10.0.2.15:8774/v2.1/933182193a27470a8f96fe8c6060128f/servers/b124c5ac-b32e-4b4b-8489-d92eee698eb0', 'x-compute-request-id': 'req-48a570b7-279f-438f-9b7f-12677a5a8331', 'vary': 'X-OpenStack-Nova-API-Version', 'connection': 'close', 'x-openstack-nova-api-version': '2.1', 'date': 'Sat, 05 Dec 2015 09:30:53 GMT', 'content-type': 'application/json'}
        Body: {"server": {"status": "BUILD", "updated": "2015-12-05T09:30:51Z", "hostId": "68c3961f5e1a9c9f5286840e3e1f2870dacd12abf1d548a20ef8198e", "addresses": {}, "links": [{"href": "http://10.0.2.15:8774/v2.1/933182193a27470a8f96fe8c6060128f/servers/b124c5ac-b32e-4b4b-8489-d92eee698eb0", "rel": "self"}, {"href": "http://10.0.2.15:8774/933182193a27470a8f96fe8c6060128f/servers/b124c5ac-b32e-4b4b-8489-d92eee698eb0", "rel": "bookmark"}], "key_name": "tempest-TestGettingAddress-209125827", "image": {"id": "b9fe5840-f9cc-40e1-aa82-3bb1d768dcf4", "links": [{"href": "http://10.0.2.15:8774/933182193a27470a8f96fe8c6060128f/images/b9fe5840-f9cc-40e1-aa82-3bb1d768dcf4", "rel": "bookmark"}]}, "OS-EXT-STS:task_state": "spawning", "OS-EXT-STS:vm_state": "building", "OS-SRV-USG:launched_at": null, "flavor": {"id": "42", "links": [{"href": "http://10.0.2.15:8774/933182193a27470a8f96fe8c6060128f/flavors/42", "rel": "bookmark"}]}, "id": "b124c5ac-b32e-4b4b-8489-d92eee698eb0", "security_groups": [{"name": "tempest-secgroup-smoke-1397014553"}], "OS-SRV-USG:terminated_at": null, "OS-EXT-AZ:availability_zone": "nova", "user_id": "fde9105a91c14dc292c40551408d95c4", "name": "tempest.common.compute-instance-2007460627", "created": "2015-12-05T09:30:50Z", "tenant_id": "933182193a27470a8f96fe8c6060128f", "OS-DCF:diskConfig": "MANUAL", "os-extended-volumes:volumes_attached": [], "accessIPv4": "", "accessIPv6": "", "progress": 0, "OS-EXT-STS:power_state": 0, "config_drive": "", "metadata": {}}}
2015-12-05 09:30:54,570 27167 INFO     [tempest_lib.common.rest_client] Request (TestGettingAddress:test_dhcp6_stateless_from_os): 200 GET http://10.0.2.15:8774/v2.1/933182193a27470a8f96fe8c6060128f/servers/b124c5ac-b32e-4b4b-8489-d92eee698eb0 0.177s
2015-12-05 09:30:54,571 27167 DEBUG    [tempest_lib.common.rest_client] Request - Headers: {'Content-Type': 'application/json', 'Accept': 'application/json', 'X-Auth-Token': '&lt;omitted&gt;'}
        Body: None
    Response - Headers: {'status': '200', 'content-length': '1780', 'content-location': 'http://10.0.2.15:8774/v2.1/933182193a27470a8f96fe8c6060128f/servers/b124c5ac-b32e-4b4b-8489-d92eee698eb0', 'x-compute-request-id': 'req-53183dac-c5c2-4e0f-9565-2c0bffed3fbe', 'vary': 'X-OpenStack-Nova-API-Version', 'connection': 'close', 'x-openstack-nova-api-version': '2.1', 'date': 'Sat, 05 Dec 2015 09:30:54 GMT', 'content-type': 'application/json'}
        Body: {"server": {"status": "ACTIVE", "updated": "2015-12-05T09:30:53Z", "hostId": "68c3961f5e1a9c9f5286840e3e1f2870dacd12abf1d548a20ef8198e", "addresses": {"tempest-network-smoke--1059848771": [{"OS-EXT-IPS-MAC:mac_addr": "fa:16:3e:41:06:75", "version": 4, "addr": "10.100.0.3", "OS-EXT-IPS:type": "fixed"}, {"OS-EXT-IPS-MAC:mac_addr": "fa:16:3e:41:06:75", "version": 6, "addr": "2003::f816:3eff:fe41:675", "OS-EXT-IPS:type": "fixed"}]}, "links": [{"href": "http://10.0.2.15:8774/v2.1/933182193a27470a8f96fe8c6060128f/servers/b124c5ac-b32e-4b4b-8489-d92eee698eb0", "rel": "self"}, {"href": "http://10.0.2.15:8774/933182193a27470a8f96fe8c6060128f/servers/b124c5ac-b32e-4b4b-8489-d92eee698eb0", "rel": "bookmark"}], "key_name": "tempest-TestGettingAddress-209125827", "image": {"id": "b9fe5840-f9cc-40e1-aa82-3bb1d768dcf4", "links": [{"href": "http://10.0.2.15:8774/933182193a27470a8f96fe8c6060128f/images/b9fe5840-f9cc-40e1-aa82-3bb1d768dcf4", "rel": "bookmark"}]}, "OS-EXT-STS:task_state": null, "OS-EXT-STS:vm_state": "active", "OS-SRV-USG:launched_at": "2015-12-05T09:30:53.000000", "flavor": {"id": "42", "links": [{"href": "http://10.0.2.15:8774/933182193a27470a8f96fe8c6060128f/flavors/42", "rel": "bookmark"}]}, "id": "b124c5ac-b32e-4b4b-8489-d92eee698eb0", "security_groups": [{"name": "tempest-secgroup-smoke-1397014553"}], "OS-SRV-USG:terminated_at": null, "OS-EXT-AZ:availability_zone": "nova", "user_id": "fde9105a91c14dc292c40551408d95c4", "name": "tempest.common.compute-instance-2007460627", "created": "2015-12-05T09:30:50Z", "tenant_id": "933182193a27470a8f96fe8c6060128f", "OS-DCF:diskConfig": "MANUAL", "os-extended-volumes:volumes_attached": [], "accessIPv4": "", "accessIPv6": "", "progress": 0, "OS-EXT-STS:power_state": 1, "config_drive": "True", "metadata": {}}}
2015-12-05 09:30:54,580 27167 INFO     [tempest.common.waiters] State transition "BUILD/spawning" ==&gt; "ACTIVE/None" after 4 second wait
2015-12-05 09:30:54,758 27167 INFO     [tempest_lib.common.rest_client] Request (TestGettingAddress:test_dhcp6_stateless_from_os): 200 GET http://10.0.2.15:8774/v2.1/933182193a27470a8f96fe8c6060128f/servers/b124c5ac-b32e-4b4b-8489-d92eee698eb0 0.177s
2015-12-05 09:30:54,759 27167 DEBUG    [tempest_lib.common.rest_client] Request - Headers: {'Content-Type': 'application/json', 'Accept': 'application/json', 'X-Auth-Token': '&lt;omitted&gt;'}
        Body: None
    Response - Headers: {'status': '200', 'content-length': '1780', 'content-location': 'http://10.0.2.15:8774/v2.1/933182193a27470a8f96fe8c6060128f/servers/b124c5ac-b32e-4b4b-8489-d92eee698eb0', 'x-compute-request-id': 'req-6dbd91cc-c806-4302-a6f5-63ba880f667e', 'vary': 'X-OpenStack-Nova-API-Version', 'connection': 'close', 'x-openstack-nova-api-version': '2.1', 'date': 'Sat, 05 Dec 2015 09:30:54 GMT', 'content-type': 'application/json'}
        Body: {"server": {"status": "ACTIVE", "updated": "2015-12-05T09:30:53Z", "hostId": "68c3961f5e1a9c9f5286840e3e1f2870dacd12abf1d548a20ef8198e", "addresses": {"tempest-network-smoke--1059848771": [{"OS-EXT-IPS-MAC:mac_addr": "fa:16:3e:41:06:75", "version": 4, "addr": "10.100.0.3", "OS-EXT-IPS:type": "fixed"}, {"OS-EXT-IPS-MAC:mac_addr": "fa:16:3e:41:06:75", "version": 6, "addr": "2003::f816:3eff:fe41:675", "OS-EXT-IPS:type": "fixed"}]}, "links": [{"href": "http://10.0.2.15:8774/v2.1/933182193a27470a8f96fe8c6060128f/servers/b124c5ac-b32e-4b4b-8489-d92eee698eb0", "rel": "self"}, {"href": "http://10.0.2.15:8774/933182193a27470a8f96fe8c6060128f/servers/b124c5ac-b32e-4b4b-8489-d92eee698eb0", "rel": "bookmark"}], "key_name": "tempest-TestGettingAddress-209125827", "image": {"id": "b9fe5840-f9cc-40e1-aa82-3bb1d768dcf4", "links": [{"href": "http://10.0.2.15:8774/933182193a27470a8f96fe8c6060128f/images/b9fe5840-f9cc-40e1-aa82-3bb1d768dcf4", "rel": "bookmark"}]}, "OS-EXT-STS:task_state": null, "OS-EXT-STS:vm_state": "active", "OS-SRV-USG:launched_at": "2015-12-05T09:30:53.000000", "flavor": {"id": "42", "links": [{"href": "http://10.0.2.15:8774/933182193a27470a8f96fe8c6060128f/flavors/42", "rel": "bookmark"}]}, "id": "b124c5ac-b32e-4b4b-8489-d92eee698eb0", "security_groups": [{"name": "tempest-secgroup-smoke-1397014553"}], "OS-SRV-USG:terminated_at": null, "OS-EXT-AZ:availability_zone": "nova", "user_id": "fde9105a91c14dc292c40551408d95c4", "name": "tempest.common.compute-instance-2007460627", "created": "2015-12-05T09:30:50Z", "tenant_id": "933182193a27470a8f96fe8c6060128f", "OS-DCF:diskConfig": "MANUAL", "os-extended-volumes:volumes_attached": [], "accessIPv4": "", "accessIPv6": "", "progress": 0, "OS-EXT-STS:power_state": 1, "config_drive": "True", "metadata": {}}}
2015-12-05 09:30:54,906 27167 INFO     [tempest_lib.common.rest_client] Request (TestGettingAddress:test_dhcp6_stateless_from_os): 200 GET http://10.0.2.15:9696/v2.0/ports?status=ACTIVE&amp;fixed_ip=None&amp;device_id=b124c5ac-b32e-4b4b-8489-d92eee698eb0 0.136s
2015-12-05 09:30:54,907 27167 DEBUG    [tempest_lib.common.rest_client] Request - Headers: {'Content-Type': 'application/json', 'Accept': 'application/json', 'X-Auth-Token': '&lt;omitted&gt;'}
        Body: None
    Response - Headers: {'status': '200', 'content-length': '1138', 'content-location': 'http://10.0.2.15:9696/v2.0/ports?status=ACTIVE&amp;fixed_ip=None&amp;device_id=b124c5ac-b32e-4b4b-8489-d92eee698eb0', 'connection': 'close', 'date': 'Sat, 05 Dec 2015 09:30:54 GMT', 'content-type': 'application/json; charset=UTF-8', 'x-openstack-request-id': 'req-65070b08-8359-4741-b8a3-6011bff43bd3'}
        Body: {"ports": [{"status": "ACTIVE", "binding:host_id": "vagrant-ubuntu-trusty-64", "allowed_address_pairs": [], "extra_dhcp_opts": [], "dns_assignment": [{"hostname": "host-10-100-0-3", "ip_address": "10.100.0.3", "fqdn": "host-10-100-0-3.openstacklocal."}, {"hostname": "host-2003--f816-3eff-fe41-675", "ip_address": "2003::f816:3eff:fe41:675", "fqdn": "host-2003--f816-3eff-fe41-675.openstacklocal."}], "device_owner": "compute:None", "port_security_enabled": true, "binding:profile": {}, "fixed_ips": [{"subnet_id": "cfd01baa-53a6-4ba2-a435-dfac85b5d071", "ip_address": "10.100.0.3"}, {"subnet_id": "f25ef9c3-ae2b-49b4-96b1-66da14a83ea8", "ip_address": "2003::f816:3eff:fe41:675"}], "id": "0e4e4b35-62cd-4e98-8b04-4b591614021e", "security_groups": ["799932ab-d1e1-4aec-a382-34564c8d436c"], "device_id": "b124c5ac-b32e-4b4b-8489-d92eee698eb0", "name": "", "admin_state_up": true, "network_id": "35d71d11-152d-40a0-93bb-9e8e5d0cac6a", "dns_name": "", "binding:vif_details": {"port_filter": true}, "binding:vnic_type": "normal", "binding:vif_type": "ovs", "tenant_id": "933182193a27470a8f96fe8c6060128f", "mac_address": "fa:16:3e:41:06:75"}]}
2015-12-05 09:30:55,341 27167 INFO     [tempest_lib.common.rest_client] Request (TestGettingAddress:test_dhcp6_stateless_from_os): 201 POST http://10.0.2.15:9696/v2.0/floatingips 0.434s
2015-12-05 09:30:55,342 27167 DEBUG    [tempest_lib.common.rest_client] Request - Headers: {'Content-Type': 'application/json', 'Accept': 'application/json', 'X-Auth-Token': '&lt;omitted&gt;'}
        Body: {"floatingip": {"floating_network_id": "4542113d-853a-470f-a621-bc86fa98d432", "tenant_id": "933182193a27470a8f96fe8c6060128f", "fixed_ip_address": "10.100.0.3", "port_id": "0e4e4b35-62cd-4e98-8b04-4b591614021e"}}
    Response - Headers: {'status': '201', 'content-length': '367', 'connection': 'close', 'date': 'Sat, 05 Dec 2015 09:30:55 GMT', 'content-type': 'application/json; charset=UTF-8', 'x-openstack-request-id': 'req-5fd98be3-3ddf-411e-a82e-b43d9b8e5ce2'}
        Body: {"floatingip": {"floating_network_id": "4542113d-853a-470f-a621-bc86fa98d432", "router_id": "48978b0f-91ed-4537-9a19-9d8aa7aef6d8", "fixed_ip_address": "10.100.0.3", "floating_ip_address": "172.24.4.4", "tenant_id": "933182193a27470a8f96fe8c6060128f", "status": "DOWN", "port_id": "0e4e4b35-62cd-4e98-8b04-4b591614021e", "id": "5c42dca5-7c5c-4944-9036-3c3d67c15cdb"}}
2015-12-05 09:30:55,344 27167 INFO     [tempest_lib.common.ssh] Creating ssh connection to '172.24.4.4' as 'cirros' with public key authentication
2015-12-05 09:30:59,289 27167 WARNING  [tempest_lib.common.ssh] Failed to establish authenticated ssh connection to cirros@172.24.4.4 ([Errno None] Unable to connect to port 22 on  or 172.24.4.4). Number attempts: 1. Retry after 2 seconds.
2015-12-05 09:31:04,793 27167 WARNING  [tempest_lib.common.ssh] Failed to establish authenticated ssh connection to cirros@172.24.4.4 ([Errno None] Unable to connect to port 22 on  or 172.24.4.4). Number attempts: 2. Retry after 3 seconds.
2015-12-05 09:31:11,293 27167 WARNING  [tempest_lib.common.ssh] Failed to establish authenticated ssh connection to cirros@172.24.4.4 ([Errno None] Unable to connect to port 22 on  or 172.24.4.4). Number attempts: 3. Retry after 4 seconds.
2015-12-05 09:31:18,799 27167 WARNING  [tempest_lib.common.ssh] Failed to establish authenticated ssh connection to cirros@172.24.4.4 ([Errno None] Unable to connect to port 22 on  or 172.24.4.4). Number attempts: 4. Retry after 5 seconds.
2015-12-05 09:31:27,304 27167 WARNING  [tempest_lib.common.ssh] Failed to establish authenticated ssh connection to cirros@172.24.4.4 ([Errno None] Unable to connect to port 22 on  or 172.24.4.4). Number attempts: 5. Retry after 6 seconds.
2015-12-05 09:31:36,821 27167 WARNING  [tempest_lib.common.ssh] Failed to establish authenticated ssh connection to cirros@172.24.4.4 ([Errno None] Unable to connect to port 22 on  or 172.24.4.4). Number attempts: 6. Retry after 7 seconds.
2015-12-05 09:31:47,329 27167 WARNING  [tempest_lib.common.ssh] Failed to establish authenticated ssh connection to cirros@172.24.4.4 ([Errno None] Unable to connect to port 22 on  or 172.24.4.4). Number attempts: 7. Retry after 8 seconds.
2015-12-05 09:31:58,837 27167 WARNING  [tempest_lib.common.ssh] Failed to establish authenticated ssh connection to cirros@172.24.4.4 ([Errno None] Unable to connect to port 22 on  or 172.24.4.4). Number attempts: 8. Retry after 9 seconds.
2015-12-05 09:32:11,346 27167 WARNING  [tempest_lib.common.ssh] Failed to establish authenticated ssh connection to cirros@172.24.4.4 ([Errno None] Unable to connect to port 22 on  or 172.24.4.4). Number attempts: 9. Retry after 10 seconds.
2015-12-05 09:32:24,850 27167 WARNING  [tempest_lib.common.ssh] Failed to establish authenticated ssh connection to cirros@172.24.4.4 ([Errno None] Unable to connect to port 22 on  or 172.24.4.4). Number attempts: 10. Retry after 11 seconds.
2015-12-05 09:32:39,358 27167 WARNING  [tempest_lib.common.ssh] Failed to establish authenticated ssh connection to cirros@172.24.4.4 ([Errno None] Unable to connect to port 22 on  or 172.24.4.4). Number attempts: 11. Retry after 12 seconds.
2015-12-05 09:32:54,861 27167 WARNING  [tempest_lib.common.ssh] Failed to establish authenticated ssh connection to cirros@172.24.4.4 ([Errno None] Unable to connect to port 22 on  or 172.24.4.4). Number attempts: 12. Retry after 13 seconds.
2015-12-05 09:33:11,374 27167 WARNING  [tempest_lib.common.ssh] Failed to establish authenticated ssh connection to cirros@172.24.4.4 ([Errno None] Unable to connect to port 22 on  or 172.24.4.4). Number attempts: 13. Retry after 14 seconds.
2015-12-05 09:33:28,890 27167 WARNING  [tempest_lib.common.ssh] Failed to establish authenticated ssh connection to cirros@172.24.4.4 ([Errno None] Unable to connect to port 22 on  or 172.24.4.4). Number attempts: 14. Retry after 15 seconds.
2015-12-05 09:33:47,402 27167 WARNING  [tempest_lib.common.ssh] Failed to establish authenticated ssh connection to cirros@172.24.4.4 ([Errno None] Unable to connect to port 22 on  or 172.24.4.4). Number attempts: 15. Retry after 16 seconds.
2015-12-05 09:34:06,906 27167 WARNING  [tempest_lib.common.ssh] Failed to establish authenticated ssh connection to cirros@172.24.4.4 ([Errno None] Unable to connect to port 22 on  or 172.24.4.4). Number attempts: 16. Retry after 17 seconds.
2015-12-05 09:34:27,421 27167 ERROR    [tempest_lib.common.ssh] Failed to establish authenticated ssh connection to cirros@172.24.4.4 after 16 attempts
2015-12-05 09:34:27.421 27167 ERROR tempest_lib.common.ssh Traceback (most recent call last):
2015-12-05 09:34:27.421 27167 ERROR tempest_lib.common.ssh   File "/usr/local/lib/python2.7/dist-packages/tempest_lib/common/ssh.py", line 75, in _get_ssh_connection
2015-12-05 09:34:27.421 27167 ERROR tempest_lib.common.ssh     timeout=self.channel_timeout, pkey=self.pkey)
2015-12-05 09:34:27.421 27167 ERROR tempest_lib.common.ssh   File "/usr/local/lib/python2.7/dist-packages/paramiko/client.py", line 311, in connect
2015-12-05 09:34:27.421 27167 ERROR tempest_lib.common.ssh     raise NoValidConnectionsError(errors)
2015-12-05 09:34:27.421 27167 ERROR tempest_lib.common.ssh NoValidConnectionsError: [Errno None] Unable to connect to port 22 on  or 172.24.4.4
2015-12-05 09:34:27.421 27167 ERROR tempest_lib.common.ssh 
2015-12-05 09:34:27,423 27167 ERROR    [tempest.scenario.manager] (TestGettingAddress:test_dhcp6_stateless_from_os) Initializing SSH connection to 172.24.4.4 failed. Error: Connection to the 172.24.4.4 via SSH timed out.
User: cirros, Password: None
2015-12-05 09:34:27.423 27167 ERROR tempest.scenario.manager Traceback (most recent call last):
2015-12-05 09:34:27.423 27167 ERROR tempest.scenario.manager   File "tempest/scenario/manager.py", line 383, in get_remote_client
2015-12-05 09:34:27.423 27167 ERROR tempest.scenario.manager     linux_client.validate_authentication()
2015-12-05 09:34:27.423 27167 ERROR tempest.scenario.manager   File "tempest/common/utils/linux/remote_client.py", line 63, in validate_authentication
2015-12-05 09:34:27.423 27167 ERROR tempest.scenario.manager     self.ssh_client.test_connection_auth()
2015-12-05 09:34:27.423 27167 ERROR tempest.scenario.manager   File "/usr/local/lib/python2.7/dist-packages/tempest_lib/common/ssh.py", line 167, in test_connection_auth
2015-12-05 09:34:27.423 27167 ERROR tempest.scenario.manager     connection = self._get_ssh_connection()
2015-12-05 09:34:27.423 27167 ERROR tempest.scenario.manager   File "/usr/local/lib/python2.7/dist-packages/tempest_lib/common/ssh.py", line 87, in _get_ssh_connection
2015-12-05 09:34:27.423 27167 ERROR tempest.scenario.manager     password=self.password)
2015-12-05 09:34:27.423 27167 ERROR tempest.scenario.manager SSHTimeout: Connection to the 172.24.4.4 via SSH timed out.
2015-12-05 09:34:27.423 27167 ERROR tempest.scenario.manager User: cirros, Password: None
2015-12-05 09:34:27.423 27167 ERROR tempest.scenario.manager 
2015-12-05 09:34:27,502 27167 INFO     [tempest_lib.common.rest_client] Request (TestGettingAddress:test_dhcp6_stateless_from_os): 200 GET http://10.0.2.15:8774/v2.1/933182193a27470a8f96fe8c6060128f/servers 0.076s
2015-12-05 09:34:27,503 27167 DEBUG    [tempest_lib.common.rest_client] Request - Headers: {'Content-Type': 'application/json', 'Accept': 'application/json', 'X-Auth-Token': '&lt;omitted&gt;'}
        Body: None
    Response - Headers: {'status': '200', 'content-length': '391', 'content-location': 'http://10.0.2.15:8774/v2.1/933182193a27470a8f96fe8c6060128f/servers', 'x-compute-request-id': 'req-ae7bc304-1152-4c2b-85b8-62d98a6d9f83', 'vary': 'X-OpenStack-Nova-API-Version', 'connection': 'close', 'x-openstack-nova-api-version': '2.1', 'date': 'Sat, 05 Dec 2015 09:34:27 GMT', 'content-type': 'application/json'}
        Body: {"servers": [{"id": "b124c5ac-b32e-4b4b-8489-d92eee698eb0", "links": [{"href": "http://10.0.2.15:8774/v2.1/933182193a27470a8f96fe8c6060128f/servers/b124c5ac-b32e-4b4b-8489-d92eee698eb0", "rel": "self"}, {"href": "http://10.0.2.15:8774/933182193a27470a8f96fe8c6060128f/servers/b124c5ac-b32e-4b4b-8489-d92eee698eb0", "rel": "bookmark"}], "name": "tempest.common.compute-instance-2007460627"}]}
2015-12-05 09:34:27,713 27167 INFO     [tempest_lib.common.rest_client] Request (TestGettingAddress:test_dhcp6_stateless_from_os): 200 POST http://10.0.2.15:8774/v2.1/933182193a27470a8f96fe8c6060128f/servers/b124c5ac-b32e-4b4b-8489-d92eee698eb0/action 0.206s
2015-12-05 09:34:27,713 27167 DEBUG    [tempest_lib.common.rest_client] Request - Headers: {'Content-Type': 'application/json', 'Accept': 'application/json', 'X-Auth-Token': '&lt;omitted&gt;'}
        Body: {"os-getConsoleOutput": {}}
    Response - Headers: {'status': '200', 'content-length': '24599', 'x-compute-request-id': 'req-fc423d40-b7aa-4f2b-aa09-ef8067506044', 'vary': 'X-OpenStack-Nova-API-Version', 'connection': 'close', 'x-openstack-nova-api-version': '2.1', 'date': 'Sat, 05 Dec 2015 09:34:27 GMT', 'content-type': 'application/json'}
        Body: {"output": "[    0.000000] Initializing cgroup subsys cpuset\n[    0.000000] Initializing cgroup subsys cpu\n[    0.000000] Linux version 3.2.0-80-virtual (buildd@batsu) (gcc version 4.6.3 (Ubuntu/Linaro 4.6.3-1ubuntu5) ) #116-Ubuntu SMP Mon Mar 23 17:28:52 UTC 2015 (Ubuntu 3.2.0-80.116-virtual 3.2.68)\n[    0.000000] Command line: root=/dev/vda console=tty0 console=ttyS0 no_timer_check\n[    0.000000] KERNEL supported cpus:\n[    0.000000]   Intel GenuineIntel\n[    0.000000]   AMD AuthenticAMD\n[    0.000000]   Centaur CentaurHauls\n[    0.000000] BIOS-provided physical RAM map:\n[    0.000000]  BIOS-e820: 0000000000000000 - 000000000009fc00 (usable)\n[    0.000000]  BIOS-e820: 000000000009fc00 - 00000000000a0000 (reserved)\n[    0.000000]  BIOS-e820: 00000000000f0000 - 0000000000100000 (reserved)\n[    0.000000]  BIOS-e820: 0000000000100000 - 0000000003ffe000 (usable)\n[    0.000000]  BIOS-e820: 0000000003ffe000 - 0000000004000000 (reserved)\n[    0.000000]  BIOS-e820: 00000000fffc0000 - 0000000100000000 (reserved)\n[    0.000000] NX (Execute Disable) protection: active\n[    0.000000] SMBIOS 2.4 present.\n[    0.000000] No AGP bridge found\n[    0.000000] last_pfn = 0x3ffe max_arch_pfn = 0x400000000\n[    0.000000] x86 PAT enabled: cpu 0, old 0x7040600070406, new 0x7010600070106\n[    0.000000] found SMP MP-table at [ffff8800000f0b00] f0b00\n[    0.000000] init_memory_mapping: 0000000000000000-0000000003ffe000\n[    0.000000] RAMDISK: 03c5e000 - 03ff0000\n[    0.000000] ACPI: RSDP 00000000000f0950 00014 (v00 BOCHS )\n[    0.000000] ACPI: RSDT 0000000003fffbc1 00034 (v01 BOCHS  BXPCRSDT 00000001 BXPC 00000001)\n[    0.000000] ACPI: FACP 0000000003fff1c0 00074 (v01 BOCHS  BXPCFACP 00000001 BXPC 00000001)\n[    0.000000] ACPI: DSDT 0000000003ffe040 01180 (v01 BOCHS  BXPCDSDT 00000001 BXPC 00000001)\n[    0.000000] ACPI: FACS 0000000003ffe000 00040\n[    0.000000] ACPI: SSDT 0000000003fff234 008DD (v01 BOCHS  BXPCSSDT 00000001 BXPC 00000001)\n[    0.000000] ACPI: APIC 0000000003fffb11 00078 (v01 BOCHS  BXPCAPIC 00000001 BXPC 00000001)\n[    0.000000] ACPI: HPET 0000000003fffb89 00038 (v01 BOCHS  BXPCHPET 00000001 BXPC 00000001)\n[    0.000000] No NUMA configuration found\n[    0.000000] Faking a node at 0000000000000000-0000000003ffe000\n[    0.000000] Initmem setup node 0 0000000000000000-0000000003ffe000\n[    0.000000]   NODE_DATA [0000000003ff6000 - 0000000003ffafff]\n[    0.000000] Zone PFN ranges:\n[    0.000000]   DMA      0x00000010 -&gt; 0x00001000\n[    0.000000]   DMA32    0x00001000 -&gt; 0x00100000\n[    0.000000]   Normal   empty\n[    0.000000] Movable zone start PFN for each node\n[    0.000000] early_node_map[2] active PFN ranges\n[    0.000000]     0: 0x00000010 -&gt; 0x0000009f\n[    0.000000]     0: 0x00000100 -&gt; 0x00003ffe\n[    0.000000] ACPI: PM-Timer IO Port: 0xb008\n[    0.000000] ACPI: LAPIC (acpi_id[0x00] lapic_id[0x00] enabled)\n[    0.000000] ACPI: LAPIC_NMI (acpi_id[0xff] dfl dfl lint[0x1])\n[    0.000000] ACPI: IOAPIC (id[0x00] address[0xfec00000] gsi_base[0])\n[    0.000000] IOAPIC[0]: apic_id 0, version 17, address 0xfec00000, GSI 0-23\n[    0.000000] ACPI: INT_SRC_OVR (bus 0 bus_irq 0 global_irq 2 dfl dfl)\n[    0.000000] ACPI: INT_SRC_OVR (bus 0 bus_irq 5 global_irq 5 high level)\n[    0.000000] ACPI: INT_SRC_OVR (bus 0 bus_irq 9 global_irq 9 high level)\n[    0.000000] ACPI: INT_SRC_OVR (bus 0 bus_irq 10 global_irq 10 high level)\n[    0.000000] ACPI: INT_SRC_OVR (bus 0 bus_irq 11 global_irq 11 high level)\n[    0.000000] Using ACPI (MADT) for SMP configuration information\n[    0.000000] ACPI: HPET id: 0x8086a201 base: 0xfed00000\n[    0.000000] SMP: Allowing 1 CPUs, 0 hotplug CPUs\n[    0.000000] PM: Registered nosave memory: 000000000009f000 - 00000000000a0000\n[    0.000000] PM: Registered nosave memory: 00000000000a0000 - 00000000000f0000\n[    0.000000] PM: Registered nosave memory: 00000000000f0000 - 0000000000100000\n[    0.000000] Allocating PCI resources starting at 4000000 (gap: 4000000:fbfc0000)\n[    0.000000] Booting paravirtualized kernel on bare hardware\n[    0.000000] setup_pe
2015-12-05 09:34:27,715 27167 DEBUG    [tempest.scenario.manager] Console output for b124c5ac-b32e-4b4b-8489-d92eee698eb0
body=
[    0.000000] Initializing cgroup subsys cpuset
[    0.000000] Initializing cgroup subsys cpu
[    0.000000] Linux version 3.2.0-80-virtual (buildd@batsu) (gcc version 4.6.3 (Ubuntu/Linaro 4.6.3-1ubuntu5) ) #116-Ubuntu SMP Mon Mar 23 17:28:52 UTC 2015 (Ubuntu 3.2.0-80.116-virtual 3.2.68)
[    0.000000] Command line: root=/dev/vda console=tty0 console=ttyS0 no_timer_check
[    0.000000] KERNEL supported cpus:
[    0.000000]   Intel GenuineIntel
[    0.000000]   AMD AuthenticAMD
[    0.000000]   Centaur CentaurHauls
[    0.000000] BIOS-provided physical RAM map:
[    0.000000]  BIOS-e820: 0000000000000000 - 000000000009fc00 (usable)
[    0.000000]  BIOS-e820: 000000000009fc00 - 00000000000a0000 (reserved)
[    0.000000]  BIOS-e820: 00000000000f0000 - 0000000000100000 (reserved)
[    0.000000]  BIOS-e820: 0000000000100000 - 0000000003ffe000 (usable)
[    0.000000]  BIOS-e820: 0000000003ffe000 - 0000000004000000 (reserved)
[    0.000000]  BIOS-e820: 00000000fffc0000 - 0000000100000000 (reserved)
[    0.000000] NX (Execute Disable) protection: active
[    0.000000] SMBIOS 2.4 present.
[    0.000000] No AGP bridge found
[    0.000000] last_pfn = 0x3ffe max_arch_pfn = 0x400000000
[    0.000000] x86 PAT enabled: cpu 0, old 0x7040600070406, new 0x7010600070106
[    0.000000] found SMP MP-table at [ffff8800000f0b00] f0b00
[    0.000000] init_memory_mapping: 0000000000000000-0000000003ffe000
[    0.000000] RAMDISK: 03c5e000 - 03ff0000
[    0.000000] ACPI: RSDP 00000000000f0950 00014 (v00 BOCHS )
[    0.000000] ACPI: RSDT 0000000003fffbc1 00034 (v01 BOCHS  BXPCRSDT 00000001 BXPC 00000001)
[    0.000000] ACPI: FACP 0000000003fff1c0 00074 (v01 BOCHS  BXPCFACP 00000001 BXPC 00000001)
[    0.000000] ACPI: DSDT 0000000003ffe040 01180 (v01 BOCHS  BXPCDSDT 00000001 BXPC 00000001)
[    0.000000] ACPI: FACS 0000000003ffe000 00040
[    0.000000] ACPI: SSDT 0000000003fff234 008DD (v01 BOCHS  BXPCSSDT 00000001 BXPC 00000001)
[    0.000000] ACPI: APIC 0000000003fffb11 00078 (v01 BOCHS  BXPCAPIC 00000001 BXPC 00000001)
[    0.000000] ACPI: HPET 0000000003fffb89 00038 (v01 BOCHS  BXPCHPET 00000001 BXPC 00000001)
[    0.000000] No NUMA configuration found
[    0.000000] Faking a node at 0000000000000000-0000000003ffe000
[    0.000000] Initmem setup node 0 0000000000000000-0000000003ffe000
[    0.000000]   NODE_DATA [0000000003ff6000 - 0000000003ffafff]
[    0.000000] Zone PFN ranges:
[    0.000000]   DMA      0x00000010 -&gt; 0x00001000
[    0.000000]   DMA32    0x00001000 -&gt; 0x00100000
[    0.000000]   Normal   empty
[    0.000000] Movable zone start PFN for each node
[    0.000000] early_node_map[2] active PFN ranges
[    0.000000]     0: 0x00000010 -&gt; 0x0000009f
[    0.000000]     0: 0x00000100 -&gt; 0x00003ffe
[    0.000000] ACPI: PM-Timer IO Port: 0xb008
[    0.000000] ACPI: LAPIC (acpi_id[0x00] lapic_id[0x00] enabled)
[    0.000000] ACPI: LAPIC_NMI (acpi_id[0xff] dfl dfl lint[0x1])
[    0.000000] ACPI: IOAPIC (id[0x00] address[0xfec00000] gsi_base[0])
[    0.000000] IOAPIC[0]: apic_id 0, version 17, address 0xfec00000, GSI 0-23
[    0.000000] ACPI: INT_SRC_OVR (bus 0 bus_irq 0 global_irq 2 dfl dfl)
[    0.000000] ACPI: INT_SRC_OVR (bus 0 bus_irq 5 global_irq 5 high level)
[    0.000000] ACPI: INT_SRC_OVR (bus 0 bus_irq 9 global_irq 9 high level)
[    0.000000] ACPI: INT_SRC_OVR (bus 0 bus_irq 10 global_irq 10 high level)
[    0.000000] ACPI: INT_SRC_OVR (bus 0 bus_irq 11 global_irq 11 high level)
[    0.000000] Using ACPI (MADT) for SMP configuration information
[    0.000000] ACPI: HPET id: 0x8086a201 base: 0xfed00000
[    0.000000] SMP: Allowing 1 CPUs, 0 hotplug CPUs
[    0.000000] PM: Registered nosave memory: 000000000009f000 - 00000000000a0000
[    0.000000] PM: Registered nosave memory: 00000000000a0000 - 00000000000f0000
[    0.000000] PM: Registered nosave memory: 00000000000f0000 - 0000000000100000
[    0.000000] Allocating PCI resources starting at 4000000 (gap: 4000000:fbfc0000)
[    0.000000] Booting paravirtualized kernel on bare hardware
[    0.000000] setup_percpu: NR_CPUS:64 nr_cpumask_bits:64 nr_cpu_ids:1 nr_node_ids:1
[    0.000000] PERCPU: Embedded 27 pages/cpu @ffff880003a00000 s78848 r8192 d23552 u2097152
[    0.000000] Built 1 zonelists in Node order, mobility grouping on.  Total pages: 16008
[    0.000000] Policy zone: DMA32
[    0.000000] Kernel command line: root=/dev/vda console=tty0 console=ttyS0 no_timer_check
[    0.000000] PID hash table entries: 256 (order: -1, 2048 bytes)
[    0.000000] Checking aperture...
[    0.000000] No AGP bridge found
[    0.000000] Memory: 43492k/65528k available (6576k kernel code, 452k absent, 21584k reserved, 6620k data, 928k init)
[    0.000000] SLUB: Genslabs=15, HWalign=64, Order=0-3, MinObjects=0, CPUs=1, Nodes=1
[    0.000000] Hierarchical RCU implementation.
[    0.000000] 	RCU dyntick-idle grace-period acceleration is enabled.
[    0.000000] NR_IRQS:4352 nr_irqs:256 16
[    0.000000] Console: colour VGA+ 80x25
[    0.000000] console [tty0] enabled
[    0.000000] console [ttyS0] enabled
[    0.000000] allocated 1048576 bytes of page_cgroup
[    0.000000] please try 'cgroup_disable=memory' option if you don't want memory cgroups
[    0.000000] Fast TSC calibration failed
[    0.000000] TSC: Unable to calibrate against PIT
[    0.000000] TSC: using HPET reference calibration
[    0.000000] Detected 2292.903 MHz processor.
[    0.029242] Calibrating delay loop (skipped), value calculated using timer frequency.. 4585.80 BogoMIPS (lpj=9171612)
[    0.032788] pid_max: default: 32768 minimum: 301
[    0.043306] Security Framework initialized
[    0.048002] AppArmor: AppArmor initialized
[    0.048002] Yama: becoming mindful.
[    0.052391] Dentry cache hash table entries: 8192 (order: 4, 65536 bytes)
[    0.053809] Inode-cache hash table entries: 4096 (order: 3, 32768 bytes)
[    0.056092] Mount-cache hash table entries: 256
[    0.069823] Initializing cgroup subsys cpuacct
[    0.070721] Initializing cgroup subsys memory
[    0.072716] Initializing cgroup subsys devices
[    0.073440] Initializing cgroup subsys freezer
[    0.074087] Initializing cgroup subsys blkio
[    0.074816] Initializing cgroup subsys perf_event
[    0.080453] mce: CPU supports 10 MCE banks
[    0.083269] SMP alternatives: switching to UP code
[    0.452710] Freeing SMP alternatives: 24k freed
[    0.454326] ACPI: Core revision 20110623
[    0.502770] ftrace: allocating 26610 entries in 105 pages
[    0.538854] ..TIMER: vector=0x30 apic1=0 pin1=2 apic2=-1 pin2=-1
[    0.540786] CPU0: AMD QEMU Virtual CPU version 2.0.0 stepping 03
[    0.548033] Performance Events: Broken PMU hardware detected, using software events only.
[    0.554938] NMI watchdog disabled (cpu0): hardware events not enabled
[    0.556704] Brought up 1 CPUs
[    0.557251] Total of 1 processors activated (4585.80 BogoMIPS).
[    0.578404] devtmpfs: initialized
[    0.606809] EVM: security.selinux
[    0.607276] EVM: security.SMACK64
[    0.608075] EVM: security.capability
[    0.626172] print_constraints: dummy: 
[    0.628559] RTC time:  9:30:57, date: 12/05/15
[    0.632137] NET: Registered protocol family 16
[    0.640324] ACPI: bus type pci registered
[    0.643758] PCI: Using configuration type 1 for base access
[    0.671546] bio: create slab &lt;bio-0&gt; at 0
[    0.676657] ACPI: Added _OSI(Module Device)
[    0.677206] ACPI: Added _OSI(Processor Device)
[    0.677767] ACPI: Added _OSI(3.0 _SCP Extensions)
[    0.678331] ACPI: Added _OSI(Processor Aggregator Device)
[    0.766361] ACPI: Interpreter enabled
[    0.766943] ACPI: (supports S0 S3 S4 S5)
[    0.769329] ACPI: Using IOAPIC for interrupt routing
[    0.859541] ACPI: No dock devices found.
[    0.860084] HEST: Table not found.
[    0.860729] PCI: Using host bridge windows from ACPI; if necessary, use "pci=nocrs" and report a bug
[    0.868053] ACPI: PCI Root Bridge [PCI0] (domain 0000 [bus 00-ff])
[    0.874778] pci_root PNP0A03:00: host bridge window [io  0x0000-0x0cf7]
[    0.876533] pci_root PNP0A03:00: host bridge window [io  0x0d00-0xadff]
[    0.877341] pci_root PNP0A03:00: host bridge window [io  0xae0f-0xaeff]
[    0.878583] pci_root PNP0A03:00: host bridge window [io  0xaf20-0xafdf]
[    0.880103] pci_root PNP0A03:00: host bridge window [io  0xafe4-0xffff]
[    0.880927] pci_root PNP0A03:00: host bridge window [mem 0x000a0000-0x000bffff]
[    0.882234] pci_root PNP0A03:00: host bridge window [mem 0x04000000-0xfebfffff]
[    0.906450] pci 0000:00:01.3: quirk: [io  0xb000-0xb03f] claimed by PIIX4 ACPI
[    0.908212] pci 0000:00:01.3: quirk: [io  0xb100-0xb10f] claimed by PIIX4 SMB
[    0.985830]  pci0000:00: Unable to request _OSC control (_OSC support mask: 0x1e)
[    1.054036] ACPI: PCI Interrupt Link [LNKA] (IRQs 5 *10 11)
[    1.057015] ACPI: PCI Interrupt Link [LNKB] (IRQs 5 *10 11)
[    1.059034] ACPI: PCI Interrupt Link [LNKC] (IRQs 5 10 *11)
[    1.060999] ACPI: PCI Interrupt Link [LNKD] (IRQs 5 10 *11)
[    1.062465] ACPI: PCI Interrupt Link [LNKS] (IRQs *9)
[    1.070056] vgaarb: device added: PCI:0000:00:02.0,decodes=io+mem,owns=io+mem,locks=none
[    1.072176] vgaarb: loaded
[    1.072564] vgaarb: bridge control possible 0000:00:02.0
[    1.076252] i2c-core: driver [aat2870] using legacy suspend method
[    1.076914] i2c-core: driver [aat2870] using legacy resume method
[    1.079254] SCSI subsystem initialized
[    1.082582] usbcore: registered new interface driver usbfs
[    1.084605] usbcore: registered new interface driver hub
[    1.085833] usbcore: registered new device driver usb
[    1.090233] PCI: Using ACPI for IRQ routing
[    1.101212] NetLabel: Initializing
[    1.101778] NetLabel:  domain hash size = 128
[    1.102281] NetLabel:  protocols = UNLABELED CIPSOv4
[    1.104678] NetLabel:  unlabeled traffic allowed by default
[    1.106765] HPET: 3 timers in total, 0 timers will be used for per-cpu timer
[    1.108426] hpet0: at MMIO 0xfed00000, IRQs 2, 8, 0
[    1.109348] hpet0: 3 comparators, 64-bit 100.000000 MHz counter
[    1.121979] Switching to clocksource hpet
[    1.351531] AppArmor: AppArmor Filesystem Enabled
[    1.353723] pnp: PnP ACPI init
[    1.354487] ACPI: bus type pnp registered
[    1.373498] pnp: PnP ACPI: found 9 devices
[    1.374155] ACPI: ACPI bus type pnp unregistered
[    1.427038] NET: Registered protocol family 2
[    1.459600] IP route cache hash table entries: 512 (order: 0, 4096 bytes)
[    1.466998] TCP established hash table entries: 2048 (order: 3, 32768 bytes)
[    1.469980] TCP bind hash table entries: 2048 (order: 3, 32768 bytes)
[    1.470988] TCP: Hash tables configured (established 2048 bind 2048)
[    1.471841] TCP reno registered
[    1.473233] UDP hash table entries: 128 (order: 0, 4096 bytes)
[    1.474203] UDP-Lite hash table entries: 128 (order: 0, 4096 bytes)
[    1.477379] NET: Registered protocol family 1
[    1.478493] pci 0000:00:00.0: Limiting direct PCI/PCI transfers
[    1.479254] pci 0000:00:01.0: PIIX3: Enabling Passive Release
[    1.481008] pci 0000:00:01.0: Activating ISA DMA hang workarounds
[    1.486793] ACPI: PCI Interrupt Link [LNKD] enabled at IRQ 11
[    1.487859] pci 0000:00:01.2: PCI INT D -&gt; Link[LNKD] -&gt; GSI 11 (level, high) -&gt; IRQ 11
[    1.490594] pci 0000:00:01.2: PCI INT D disabled
[    1.508074] Trying to unpack rootfs image as initramfs...
[    1.525732] audit: initializing netlink socket (disabled)
[    1.527107] type=2000 audit(1449307857.524:1): initialized
[    1.790031] HugeTLB registered 2 MB page size, pre-allocated 0 pages
[    1.854919] VFS: Disk quotas dquot_6.5.2
[    1.855987] Dquot-cache hash table entries: 512 (order 0, 4096 bytes)
[    1.882863] fuse init (API version 7.17)
[    1.885890] msgmni has been set to 84
[    1.919846] Block layer SCSI generic (bsg) driver version 0.4 loaded (major 253)
[    1.930342] io scheduler noop registered
[    1.930956] io scheduler deadline registered (default)
[    1.932141] io scheduler cfq registered
[    1.935877] pci_hotplug: PCI Hot Plug PCI Core version: 0.5
[    1.939041] pciehp: PCI Express Hot Plug Controller Driver version: 0.4
[    1.945249] input: Power Button as /devices/LNXSYSTM:00/LNXPWRBN:00/input/input0
[    1.946927] ACPI: Power Button [PWRF]
[    2.000040] ERST: Table is not found!
[    2.000928] GHES: HEST is not enabled!
[    2.011334] ACPI: PCI Interrupt Link [LNKC] enabled at IRQ 10
[    2.012540] virtio-pci 0000:00:03.0: PCI INT A -&gt; Link[LNKC] -&gt; GSI 10 (level, high) -&gt; IRQ 10
[    2.016046] virtio-pci 0000:00:04.0: PCI INT A -&gt; Link[LNKD] -&gt; GSI 11 (level, high) -&gt; IRQ 11
[    2.035143] ACPI: PCI Interrupt Link [LNKA] enabled at IRQ 10
[    2.035811] virtio-pci 0000:00:05.0: PCI INT A -&gt; Link[LNKA] -&gt; GSI 10 (level, high) -&gt; IRQ 10
[    2.041384] Serial: 8250/16550 driver, 32 ports, IRQ sharing enabled
[    2.077287] serial8250: ttyS0 at I/O 0x3f8 (irq = 4) is a 16550A
[    2.157175] serial8250: ttyS1 at I/O 0x2f8 (irq = 3) is a 16550A
[    2.298212] 00:05: ttyS0 at I/O 0x3f8 (irq = 4) is a 16550A
[    2.379872] 00:06: ttyS1 at I/O 0x2f8 (irq = 3) is a 16550A
[    2.422756] Linux agpgart interface v0.103
[    2.483394] brd: module loaded
[    2.493275] Refined TSC clocksource calibration: 2292.893 MHz.
[    2.494089] Switching to clocksource tsc
[    2.518497] loop: module loaded
[    2.566285]  vda: unknown partition table
[    2.614422] scsi0 : ata_piix
[    2.617694] scsi1 : ata_piix
[    2.619047] ata1: PATA max MWDMA2 cmd 0x1f0 ctl 0x3f6 bmdma 0xc0a0 irq 14
[    2.619851] ata2: PATA max MWDMA2 cmd 0x170 ctl 0x376 bmdma 0xc0a8 irq 15
[    2.630303] Fixed MDIO Bus: probed
[    2.631186] tun: Universal TUN/TAP device driver, 1.6
[    2.631854] tun: (C) 1999-2004 Max Krasnyansky &lt;maxk@qualcomm.com&gt;
[    2.647401] PPP generic driver version 2.4.2
[    2.673989] ehci_hcd: USB 2.0 'Enhanced' Host Controller (EHCI) Driver
[    2.675117] ohci_hcd: USB 1.1 'Open' Host Controller (OHCI) Driver
[    2.676117] uhci_hcd: USB Universal Host Controller Interface driver
[    2.678049] uhci_hcd 0000:00:01.2: PCI INT D -&gt; Link[LNKD] -&gt; GSI 11 (level, high) -&gt; IRQ 11
[    2.681945] uhci_hcd 0000:00:01.2: UHCI Host Controller
[    2.689701] uhci_hcd 0000:00:01.2: new USB bus registered, assigned bus number 1
[    2.691548] uhci_hcd 0000:00:01.2: irq 11, io base 0x0000c040
[    2.723650] hub 1-0:1.0: USB hub found
[    2.726357] hub 1-0:1.0: 2 ports detected
[    2.735435] usbcore: registered new interface driver libusual
[    2.739962] i8042: PNP: PS/2 Controller [PNP0303:KBD,PNP0f13:MOU] at 0x60,0x64 irq 1,12
[    2.747766] serio: i8042 KBD port at 0x60,0x64 irq 1
[    2.750807] serio: i8042 AUX port at 0x60,0x64 irq 12
[    2.797339] mousedev: PS/2 mouse device common for all mice
[    2.814721] input: AT Translated Set 2 keyboard as /devices/platform/i8042/serio0/input/input1
[    2.829961] rtc_cmos 00:01: RTC can wake from S4
[    2.842871] rtc_cmos 00:01: rtc core: registered rtc_cmos as rtc0
[    2.846857] rtc0: alarms up to one day, 114 bytes nvram, hpet irqs
[    2.850243] device-mapper: uevent: version 1.0.3
[    2.859372] ata2.01: ATAPI: QEMU DVD-ROM, 2.0.0, max UDMA/100
[    2.879046] ata2.01: configured for MWDMA2
[    2.902784] device-mapper: ioctl: 4.22.0-ioctl (2011-10-19) initialised: dm-devel@redhat.com
[    2.906441] cpuidle: using governor ladder
[    2.907641] cpuidle: using governor menu
[    2.908653] EFI Variables Facility v0.08 2004-May-17
[    2.916749] TCP cubic registered
[    2.922881] NET: Registered protocol family 10
[    2.958537] NET: Registered protocol family 17
[    2.960578] Registering the dns_resolver key type
[    2.977953] scsi 1:0:1:0: CD-ROM            QEMU     QEMU DVD-ROM     2.0. PQ: 0 ANSI: 5
[    3.007596] sr0: scsi3-mmc drive: 4x/4x cd/rw xa/form2 tray
[    3.010580] cdrom: Uniform CD-ROM driver Revision: 3.20
[    3.029084] sr 1:0:1:0: Attached scsi generic sg0 type 5
[    3.073697] registered taskstats version 1
[    3.116896] Freeing initrd memory: 3656k freed
[    3.604701]   Magic number: 11:841:524
[    3.623058] rtc_cmos 00:01: setting system clock to 2015-12-05 09:31:00 UTC (1449307860)
[    3.628490] powernow-k8: Processor cpuid 663 not supported
[    3.636884] BIOS EDD facility v0.16 2004-Jun-25, 0 devices found
[    3.638462] EDD information not available.
[    3.721707] Freeing unused kernel memory: 928k freed
[    3.728631] Write protecting the kernel read-only data: 12288k
[    3.877477] Freeing unused kernel memory: 1596k freed
[    3.946912] Freeing unused kernel memory: 1184k freed

info: initramfs: up at 4.12
modprobe: module virtio_blk not found in modules.dep
modprobe: module virtio_net not found in modules.dep
info: copying initramfs to /dev/vda
info: initramfs loading root from /dev/vda
info: /etc/init.d/rc.sysinit: up at 8.90
info: container: none
Starting logging: OK
modprobe: module virtio_blk not found in modules.dep
modprobe: module virtio_net not found in modules.dep
WARN: /etc/rc3.d/S10-load-modules failed
Initializing random number generator... done.
Starting acpid: OK
cirros-ds 'local' up at 11.34
found datasource (configdrive, local)
Starting network...
udhcpc (v1.20.1) started
Sending discover...
Sending discover...
Sending discover...
Usage: /sbin/cirros-dhcpc &lt;up|down&gt;
No lease, failing
WARN: /etc/rc3.d/S40-network failed
Starting dropbear sshd: generating rsa key... generating dsa key... OK
no userdata for datasource
=== system information ===
Platform: OpenStack Foundation OpenStack Nova
Container: none
Arch: x86_64
CPU(s): 1 @ 2292.903 MHz
Cores/Sockets/Threads: 1/1/1
Virt-type: AMD-V
RAM Size: 49MB
Disks:
NAME MAJ:MIN     SIZE LABEL         MOUNTPOINT
vda  253:0   25165824 cirros-rootfs /
sr0   11:0     428032 config-2      
=== sshd host keys ===
-----BEGIN SSH HOST KEY KEYS-----
ssh-rsa AAAAB3NzaC1yc2EAAAADAQABAAAAgwCt5GsDOwm0upzznhiO6PwFKwtZ02OkKV8Z/ZjwRjBgqJALv/oDt79IO4Ad3ZGpGdsVDmPdzsAlx0V9qv5Lp72KfwITpfN6uDQXhpw+ZNMK2zlcMSP+Lyugjuq2ADboNJhgdjQXdBybVcQbSmg23+WKSiSVlUrDJxYFs8q78MNRvs2n root@tempest
ssh-dss AAAAB3NzaC1kc3MAAACBALCKzq0pZfRCWtk0NJ+EE4RON27itjZaPXYsqJf3i5pa4CNQ/jcY41ApFL61OeQBNQtj469OujACno7zq2+lptt1z1qB46YGUkdnwQFAaEtorvNaMBbRQ/qZTr/gfXpa2Z8oJX5t+O+CtufqVW2iVUv1PYWjq7ZXQyy14NEc0atFAAAAFQClyGLf9KYyLXmr92Z0OdvWxfpdAwAAAIBd/E4Qo98RW6Myp0hGeEbixItPb0n3qyPsQNkuLM4tzC9Mq4FEmihQjwKepi18lB0eVPdMpV6dwajtcU5vpcIfjVJH7xg6pCKdFkeInEPbM2eCq/GgXBh4OCZUhbNDBsy1Vo4flxfafGhCO5VuzmV9n/ok97noLoY98isUy2a5wAAAAIEAoWF3bBBB8/q5FcAmeKYxTwHhYf3UWeKP1dWZpwPH1LEOnI+ulXybuMI7an3xjxdW8udw2jE10fY8IDJ4SKl2bfsx51vMRces4rD1D/5vs/EM+0hKgYThvURAqs/kIHGuqDKMHATR9Uyddlw9baarVyaxgExP2CZlfWOKdnwNwbY= root@tempest
-----END SSH HOST KEY KEYS-----
=== network info ===
if-info: lo,up,127.0.0.1,8,::1
if-info: eth0,up,,8,fe80::f816:3eff:fe41:675
=== datasource: configdrive local ===
instance-id: b124c5ac-b32e-4b4b-8489-d92eee698eb0
name: tempest.common.compute-instance-2007460627
availability-zone: nova
local-hostname: tempest.common.compute-instance-2007460627.novalocal
launch-index: 0
=== cirros: current=0.3.4 uptime=201.69 ===
route: fscanf
=== pinging gateway failed, debugging connection ===
############ debug start ##############
### /etc/init.d/sshd start
Starting dropbear sshd: OK
route: fscanf
### ifconfig -a
eth0      Link encap:Ethernet  HWaddr FA:16:3E:41:06:75  
          inet6 addr: fe80::f816:3eff:fe41:675/64 Scope:Link
          UP BROADCAST RUNNING MULTICAST  MTU:1500  Metric:1
          RX packets:12 errors:0 dropped:5 overruns:0 frame:0
          TX packets:8 errors:0 dropped:0 overruns:0 carrier:0
          collisions:0 txqueuelen:1000 
          RX bytes:1303 (1.2 KiB)  TX bytes:1134 (1.1 KiB)

lo        Link encap:Local Loopback  
          inet addr:127.0.0.1  Mask:255.0.0.0
          inet6 addr: ::1/128 Scope:Host
          UP LOOPBACK RUNNING  MTU:16436  Metric:1
          RX packets:12 errors:0 dropped:0 overruns:0 frame:0
          TX packets:12 errors:0 dropped:0 overruns:0 carrier:0
          collisions:0 txqueuelen:0 
          RX bytes:1020 (1020.0 B)  TX bytes:1020 (1020.0 B)

### route -n
Kernel IP routing table
Destination     Gateway         Genmask         Flags Metric Ref    Use Iface
route: fscanf
### cat /etc/resolv.conf
cat: can't open '/etc/resolv.conf': No such file or directory
### gateway not found
/sbin/cirros-status: line 1: can't open /etc/resolv.conf: no such file
### pinging nameservers
### uname -a
Linux tempest 3.2.0-80-virtual #116-Ubuntu SMP Mon Mar 23 17:28:52 UTC 2015 x86_64 GNU/Linux
### lsmod
Module                  Size  Used by    Not tainted
nls_iso8859_1          12713  0 
nls_cp437              16991  0 
vfat                   17585  0 
fat                    61512  1 vfat
isofs                  40259  0 
ip_tables              27473  0 
x_tables               29891  1 ip_tables
pcnet32                42119  0 
8139cp                 27360  0 
ne2k_pci               13691  0 
8390                   18856  1 ne2k_pci
e1000                 108589  0 
acpiphp                24231  0 
### dmesg | tail
[    4.829928] EXT3-fs (vda): mounted filesystem with ordered data mode
[    5.161123] ISO 9660 Extensions: Microsoft Joliet Level 3
[    5.230401] ISO 9660 Extensions: RRIP_1991A
[    5.478212] kjournald starting.  Commit interval 5 seconds
[    5.497471] EXT3-fs (vda): using internal journal
[    5.498870] EXT3-fs (vda): mounted filesystem with ordered data mode
[    8.991871] EXT3-fs (vda): using internal journal
[   12.194584] ISO 9660 Extensions: Microsoft Joliet Level 3
[   12.293668] ISO 9660 Extensions: RRIP_1991A
[   27.146228] eth0: no IPv6 routers present
### tail -n 25 /var/log/messages
Dec  5 09:31:07 cirros kern.info kernel: [    4.395528] acpiphp: Slot [14] registered
Dec  5 09:31:07 cirros kern.info kernel: [    4.395671] acpiphp: Slot [15] registered
Dec  5 09:31:07 cirros kern.info kernel: [    4.395990] acpiphp: Slot [16] registered
Dec  5 09:31:07 cirros kern.info kernel: [    4.397366] acpiphp: Slot [17] registered
Dec  5 09:31:07 cirros kern.info kernel: [    4.397678] acpiphp: Slot [18] registered
Dec  5 09:31:07 cirros kern.info kernel: [    4.398062] acpiphp: Slot [19] registered
Dec  5 09:31:07 cirros kern.info kernel: [    4.398429] acpiphp: Slot [20] registered
Dec  5 09:31:07 cirros kern.info kernel: [    4.398757] acpiphp: Slot [21] registered
Dec  5 09:31:07 cirros kern.info kernel: [    4.399055] acpiphp: Slot [22] registered
Dec  5 09:31:07 cirros kern.info kernel: [    4.449114] e1000: Copyright (c) 1999-2006 Intel Corporation.
Dec  5 09:31:07 cirros kern.info kernel: [    4.488326] ne2k-pci.c:v1.03 9/22/2003 D. Becker/P. Gortmaker
Dec  5 09:31:07 cirros kern.info kernel: [    4.525981] 8139cp: 8139cp: 10/100 PCI Ethernet driver v1.3 (Mar 22, 2004)
Dec  5 09:31:07 cirros kern.info kernel: [    4.558075] pcnet32: pcnet32.c:v1.35 21.Apr.2008 tsbogend@alpha.franken.de
Dec  5 09:31:07 cirros kern.info kernel: [    4.612011] ip_tables: (C) 2000-2006 Netfilter Core Team
Dec  5 09:31:07 cirros kern.info kernel: [    4.826076] kjournald starting.  Commit interval 5 seconds
Dec  5 09:31:07 cirros kern.info kernel: [    4.829928] EXT3-fs (vda): mounted filesystem with ordered data mode
Dec  5 09:31:07 cirros kern.debug kernel: [    5.161123] ISO 9660 Extensions: Microsoft Joliet Level 3
Dec  5 09:31:07 cirros kern.debug kernel: [    5.230401] ISO 9660 Extensions: RRIP_1991A
Dec  5 09:31:07 cirros kern.info kernel: [    5.478212] kjournald starting.  Commit interval 5 seconds
Dec  5 09:31:07 cirros kern.info kernel: [    5.497471] EXT3-fs (vda): using internal journal
Dec  5 09:31:09 cirros kern.debug kernel: [   12.194584] ISO 9660 Extensions: Microsoft Joliet Level 3
Dec  5 09:31:09 cirros kern.debug kernel: [   12.293668] ISO 9660 Extensions: RRIP_1991A
Dec  5 09:31:11 cirros auth.notice su: + /dev/console root:cirros
Dec  5 09:31:24 cirros kern.debug kernel: [   27.146228] eth0: no IPv6 routers present
Dec  5 09:34:16 cirros authpriv.info dropbear[283]: Running in background
############ debug end   ##############
  ____               ____  ____
 / __/ __ ____ ____ / __ \/ __/
/ /__ / // __// __// /_/ /\ \ 
\___//_//_/  /_/   \____/___/ 
   http://cirros-cloud.net


login as 'cirros' user. default password: 'cubswin:)'. use 'sudo' for root.
tempest login: 
2015-12-05 09:34:27,924 27167 INFO     [tempest_lib.common.rest_client] Request (TestGettingAddress:_run_cleanups): 204 DELETE http://10.0.2.15:9696/v2.0/floatingips/5c42dca5-7c5c-4944-9036-3c3d67c15cdb 0.205s
2015-12-05 09:34:27,925 27167 DEBUG    [tempest_lib.common.rest_client] Request - Headers: {'Content-Type': 'application/json', 'Accept': 'application/json', 'X-Auth-Token': '&lt;omitted&gt;'}
        Body: None
    Response - Headers: {'date': 'Sat, 05 Dec 2015 09:34:27 GMT', 'status': '204', 'connection': 'close', 'content-length': '0', 'x-openstack-request-id': 'req-f13d0477-f204-420b-bd2c-8bc248eb5938'}
        Body: 
2015-12-05 09:34:28,198 27167 INFO     [tempest_lib.common.rest_client] Request (TestGettingAddress:_run_cleanups): 204 DELETE http://10.0.2.15:8774/v2.1/933182193a27470a8f96fe8c6060128f/servers/b124c5ac-b32e-4b4b-8489-d92eee698eb0 0.272s
2015-12-05 09:34:28,198 27167 DEBUG    [tempest_lib.common.rest_client] Request - Headers: {'Content-Type': 'application/json', 'Accept': 'application/json', 'X-Auth-Token': '&lt;omitted&gt;'}
        Body: None
    Response - Headers: {'status': '204', 'content-length': '0', 'x-compute-request-id': 'req-7b7c3f8b-f6d4-49fb-ab4e-2aa7cd0a3012', 'vary': 'X-OpenStack-Nova-API-Version', 'connection': 'close', 'x-openstack-nova-api-version': '2.1', 'date': 'Sat, 05 Dec 2015 09:34:28 GMT', 'content-type': 'application/json'}
        Body: 
2015-12-05 09:34:28,419 27167 INFO     [tempest_lib.common.rest_client] Request (TestGettingAddress:_run_cleanups): 200 GET http://10.0.2.15:8774/v2.1/933182193a27470a8f96fe8c6060128f/servers/b124c5ac-b32e-4b4b-8489-d92eee698eb0 0.219s
2015-12-05 09:34:28,420 27167 DEBUG    [tempest_lib.common.rest_client] Request - Headers: {'Content-Type': 'application/json', 'Accept': 'application/json', 'X-Auth-Token': '&lt;omitted&gt;'}
        Body: None
    Response - Headers: {'status': '200', 'content-length': '1786', 'content-location': 'http://10.0.2.15:8774/v2.1/933182193a27470a8f96fe8c6060128f/servers/b124c5ac-b32e-4b4b-8489-d92eee698eb0', 'x-compute-request-id': 'req-5adfde2c-c67a-472f-a88b-4f48a36500ea', 'vary': 'X-OpenStack-Nova-API-Version', 'connection': 'close', 'x-openstack-nova-api-version': '2.1', 'date': 'Sat, 05 Dec 2015 09:34:28 GMT', 'content-type': 'application/json'}
        Body: {"server": {"status": "ACTIVE", "updated": "2015-12-05T09:34:28Z", "hostId": "68c3961f5e1a9c9f5286840e3e1f2870dacd12abf1d548a20ef8198e", "addresses": {"tempest-network-smoke--1059848771": [{"OS-EXT-IPS-MAC:mac_addr": "fa:16:3e:41:06:75", "version": 4, "addr": "10.100.0.3", "OS-EXT-IPS:type": "fixed"}, {"OS-EXT-IPS-MAC:mac_addr": "fa:16:3e:41:06:75", "version": 6, "addr": "2003::f816:3eff:fe41:675", "OS-EXT-IPS:type": "fixed"}]}, "links": [{"href": "http://10.0.2.15:8774/v2.1/933182193a27470a8f96fe8c6060128f/servers/b124c5ac-b32e-4b4b-8489-d92eee698eb0", "rel": "self"}, {"href": "http://10.0.2.15:8774/933182193a27470a8f96fe8c6060128f/servers/b124c5ac-b32e-4b4b-8489-d92eee698eb0", "rel": "bookmark"}], "key_name": "tempest-TestGettingAddress-209125827", "image": {"id": "b9fe5840-f9cc-40e1-aa82-3bb1d768dcf4", "links": [{"href": "http://10.0.2.15:8774/933182193a27470a8f96fe8c6060128f/images/b9fe5840-f9cc-40e1-aa82-3bb1d768dcf4", "rel": "bookmark"}]}, "OS-EXT-STS:task_state": "deleting", "OS-EXT-STS:vm_state": "active", "OS-SRV-USG:launched_at": "2015-12-05T09:30:53.000000", "flavor": {"id": "42", "links": [{"href": "http://10.0.2.15:8774/933182193a27470a8f96fe8c6060128f/flavors/42", "rel": "bookmark"}]}, "id": "b124c5ac-b32e-4b4b-8489-d92eee698eb0", "security_groups": [{"name": "tempest-secgroup-smoke-1397014553"}], "OS-SRV-USG:terminated_at": null, "OS-EXT-AZ:availability_zone": "nova", "user_id": "fde9105a91c14dc292c40551408d95c4", "name": "tempest.common.compute-instance-2007460627", "created": "2015-12-05T09:30:50Z", "tenant_id": "933182193a27470a8f96fe8c6060128f", "OS-DCF:diskConfig": "MANUAL", "os-extended-volumes:volumes_attached": [], "accessIPv4": "", "accessIPv6": "", "progress": 0, "OS-EXT-STS:power_state": 1, "config_drive": "True", "metadata": {}}}
2015-12-05 09:34:29,594 27167 INFO     [tempest_lib.common.rest_client] Request (TestGettingAddress:_run_cleanups): 200 GET http://10.0.2.15:8774/v2.1/933182193a27470a8f96fe8c6060128f/servers/b124c5ac-b32e-4b4b-8489-d92eee698eb0 0.160s
2015-12-05 09:34:29,595 27167 DEBUG    [tempest_lib.common.rest_client] Request - Headers: {'Content-Type': 'application/json', 'Accept': 'application/json', 'X-Auth-Token': '&lt;omitted&gt;'}
        Body: None
    Response - Headers: {'status': '200', 'content-length': '1439', 'content-location': 'http://10.0.2.15:8774/v2.1/933182193a27470a8f96fe8c6060128f/servers/b124c5ac-b32e-4b4b-8489-d92eee698eb0', 'x-compute-request-id': 'req-35dde836-effb-47fa-bed6-a1010f0826e6', 'vary': 'X-OpenStack-Nova-API-Version', 'connection': 'close', 'x-openstack-nova-api-version': '2.1', 'date': 'Sat, 05 Dec 2015 09:34:29 GMT', 'content-type': 'application/json'}
        Body: {"server": {"status": "ACTIVE", "updated": "2015-12-05T09:34:29Z", "hostId": "68c3961f5e1a9c9f5286840e3e1f2870dacd12abf1d548a20ef8198e", "addresses": {}, "links": [{"href": "http://10.0.2.15:8774/v2.1/933182193a27470a8f96fe8c6060128f/servers/b124c5ac-b32e-4b4b-8489-d92eee698eb0", "rel": "self"}, {"href": "http://10.0.2.15:8774/933182193a27470a8f96fe8c6060128f/servers/b124c5ac-b32e-4b4b-8489-d92eee698eb0", "rel": "bookmark"}], "key_name": "tempest-TestGettingAddress-209125827", "image": {"id": "b9fe5840-f9cc-40e1-aa82-3bb1d768dcf4", "links": [{"href": "http://10.0.2.15:8774/933182193a27470a8f96fe8c6060128f/images/b9fe5840-f9cc-40e1-aa82-3bb1d768dcf4", "rel": "bookmark"}]}, "OS-EXT-STS:task_state": "deleting", "OS-EXT-STS:vm_state": "active", "OS-SRV-USG:launched_at": "2015-12-05T09:30:53.000000", "flavor": {"id": "42", "links": [{"href": "http://10.0.2.15:8774/933182193a27470a8f96fe8c6060128f/flavors/42", "rel": "bookmark"}]}, "id": "b124c5ac-b32e-4b4b-8489-d92eee698eb0", "OS-SRV-USG:terminated_at": null, "OS-EXT-AZ:availability_zone": "nova", "user_id": "fde9105a91c14dc292c40551408d95c4", "name": "tempest.common.compute-instance-2007460627", "created": "2015-12-05T09:30:50Z", "tenant_id": "933182193a27470a8f96fe8c6060128f", "OS-DCF:diskConfig": "MANUAL", "os-extended-volumes:volumes_attached": [], "accessIPv4": "", "accessIPv6": "", "progress": 0, "OS-EXT-STS:power_state": 1, "config_drive": "True", "metadata": {}}}
2015-12-05 09:34:30,699 27167 INFO     [tempest_lib.common.rest_client] Request (TestGettingAddress:_run_cleanups): 404 GET http://10.0.2.15:8774/v2.1/933182193a27470a8f96fe8c6060128f/servers/b124c5ac-b32e-4b4b-8489-d92eee698eb0 0.093s
2015-12-05 09:34:30,700 27167 DEBUG    [tempest_lib.common.rest_client] Request - Headers: {'Content-Type': 'application/json', 'Accept': 'application/json', 'X-Auth-Token': '&lt;omitted&gt;'}
        Body: None
    Response - Headers: {'status': '404', 'content-length': '111', 'x-compute-request-id': 'req-21f9e79e-d840-4391-80be-d1303cfd0859', 'vary': 'X-OpenStack-Nova-API-Version', 'connection': 'close', 'x-openstack-nova-api-version': '2.1', 'date': 'Sat, 05 Dec 2015 09:34:30 GMT', 'content-type': 'application/json; charset=UTF-8'}
        Body: {"itemNotFound": {"message": "Instance b124c5ac-b32e-4b4b-8489-d92eee698eb0 could not be found.", "code": 404}}
2015-12-05 09:34:31,047 27167 INFO     [tempest_lib.common.rest_client] Request (TestGettingAddress:_run_cleanups): 200 PUT http://10.0.2.15:9696/v2.0/routers/48978b0f-91ed-4537-9a19-9d8aa7aef6d8/remove_router_interface 0.346s
2015-12-05 09:34:31,048 27167 DEBUG    [tempest_lib.common.rest_client] Request - Headers: {'Content-Type': 'application/json', 'Accept': 'application/json', 'X-Auth-Token': '&lt;omitted&gt;'}
        Body: {"subnet_id": "f25ef9c3-ae2b-49b4-96b1-66da14a83ea8"}
    Response - Headers: {'status': '200', 'content-length': '255', 'connection': 'close', 'date': 'Sat, 05 Dec 2015 09:34:31 GMT', 'content-type': 'application/json; charset=UTF-8', 'x-openstack-request-id': 'req-08252099-91dc-48c5-b545-dd2bc6efd8d7'}
        Body: {"subnet_id": "f25ef9c3-ae2b-49b4-96b1-66da14a83ea8", "tenant_id": "933182193a27470a8f96fe8c6060128f", "subnet_ids": ["f25ef9c3-ae2b-49b4-96b1-66da14a83ea8"], "port_id": "a656d4cb-d009-4e31-b169-ecf277fb76fc", "id": "48978b0f-91ed-4537-9a19-9d8aa7aef6d8"}
2015-12-05 09:34:31,486 27167 INFO     [tempest_lib.common.rest_client] Request (TestGettingAddress:_run_cleanups): 204 DELETE http://10.0.2.15:9696/v2.0/subnets/f25ef9c3-ae2b-49b4-96b1-66da14a83ea8 0.437s
2015-12-05 09:34:31,486 27167 DEBUG    [tempest_lib.common.rest_client] Request - Headers: {'Content-Type': 'application/json', 'Accept': 'application/json', 'X-Auth-Token': '&lt;omitted&gt;'}
        Body: None
    Response - Headers: {'date': 'Sat, 05 Dec 2015 09:34:31 GMT', 'status': '204', 'connection': 'close', 'content-length': '0', 'x-openstack-request-id': 'req-06724373-fc56-4eab-93bf-b3648bcdb7ca'}
        Body: 
2015-12-05 09:34:31,522 27167 INFO     [tempest_lib.common.rest_client] Request (TestGettingAddress:_run_cleanups): 404 DELETE http://10.0.2.15:9696/v2.0/subnets/f25ef9c3-ae2b-49b4-96b1-66da14a83ea8 0.035s
2015-12-05 09:34:31,522 27167 DEBUG    [tempest_lib.common.rest_client] Request - Headers: {'Content-Type': 'application/json', 'Accept': 'application/json', 'X-Auth-Token': '&lt;omitted&gt;'}
        Body: None
    Response - Headers: {'status': '404', 'content-length': '135', 'connection': 'close', 'date': 'Sat, 05 Dec 2015 09:34:31 GMT', 'content-type': 'application/json; charset=UTF-8', 'x-openstack-request-id': 'req-cd8347b4-6dda-474c-a39b-df7d590de102'}
        Body: {"NeutronError": {"message": "Subnet f25ef9c3-ae2b-49b4-96b1-66da14a83ea8 could not be found", "type": "SubnetNotFound", "detail": ""}}
2015-12-05 09:34:31,916 27167 INFO     [tempest_lib.common.rest_client] Request (TestGettingAddress:_run_cleanups): 200 PUT http://10.0.2.15:9696/v2.0/routers/48978b0f-91ed-4537-9a19-9d8aa7aef6d8/remove_router_interface 0.393s
2015-12-05 09:34:31,917 27167 DEBUG    [tempest_lib.common.rest_client] Request - Headers: {'Content-Type': 'application/json', 'Accept': 'application/json', 'X-Auth-Token': '&lt;omitted&gt;'}
        Body: {"subnet_id": "cfd01baa-53a6-4ba2-a435-dfac85b5d071"}
    Response - Headers: {'status': '200', 'content-length': '255', 'connection': 'close', 'date': 'Sat, 05 Dec 2015 09:34:31 GMT', 'content-type': 'application/json; charset=UTF-8', 'x-openstack-request-id': 'req-988f7d00-7688-4d7d-8ebc-bdf39c68d4bf'}
