<?xml version="1.0" encoding="UTF-8"?>
<!DOCTYPE html PUBLIC "-//W3C//DTD XHTML 1.0 Strict//EN"
     "http://www.w3.org/TR/xhtml1/DTD/xhtml1-strict.dtd">
<html xmlns="http://www.w3.org/1999/xhtml">
<head>
    <title>Unit Test Report</title>
    <meta name="generator" content="subunit2html 0.1"/>
    <meta http-equiv="Content-Type" content="text/html; charset=UTF-8"/>
    
<style type="text/css" media="screen">
body        { font-family: verdana, arial, helvetica, sans-serif;
    font-size: 80%; }
table       { font-size: 100%; width: 100%;}
pre         { font-size: 80%; }

/* -- heading -------------------------------------------------------------- */
h1 {
        font-size: 16pt;
        color: gray;
}
.heading {
    margin-top: 0ex;
    margin-bottom: 1ex;
}

.heading .attribute {
    margin-top: 1ex;
    margin-bottom: 0;
}

.heading .description {
    margin-top: 4ex;
    margin-bottom: 6ex;
}

/* -- css div popup -------------------------------------------------------- */
a.popup_link {
}

a.popup_link:hover {
    color: red;
}

.popup_window {
    display: none;
    overflow-x: scroll;
    /*border: solid #627173 1px; */
    padding: 10px;
    background-color: #E6E6D6;
    font-family: "Ubuntu Mono", "Lucida Console", "Courier New", monospace;
    text-align: left;
    font-size: 8pt;
}

}
/* -- report --------------------------------------------------------------- */
#show_detail_line {
    margin-top: 3ex;
    margin-bottom: 1ex;
}
#result_table {
    width: 100%;
    border-collapse: collapse;
    border: 1px solid #777;
}
#header_row {
    font-weight: bold;
    color: white;
    background-color: #777;
}
#result_table td {
    border: 1px solid #777;
    padding: 2px;
}
#total_row  { font-weight: bold; }
.passClass  { background-color: #6c6; }
.failClass  { background-color: #c60; }
.errorClass { background-color: #c00; }
.passCase   { color: #6c6; }
.failCase   { color: #c60; font-weight: bold; }
.errorCase  { color: #c00; font-weight: bold; }
.hiddenRow  { display: none; }
.testcase   { margin-left: 2em; }
td.testname {width: 40%}
td.small {width: 40px}

/* -- ending --------------------------------------------------------------- */
#ending {
}

</style>

</head>
<body>
<script language="javascript" type="text/javascript"><!--
output_list = Array();

/* level - 0:Summary; 1:Failed; 2:All */
function showCase(level) {
    trs = document.getElementsByTagName("tr");
    for (var i = 0; i < trs.length; i++) {
        tr = trs[i];
        id = tr.id;
        if (id.substr(0,2) == 'ft') {
            if (level < 1) {
                tr.className = 'hiddenRow';
            }
            else {
                tr.className = '';
            }
        }
        if (id.substr(0,2) == 'pt') {
            if (level > 1) {
                tr.className = '';
            }
            else {
                tr.className = 'hiddenRow';
            }
        }
    }
}


function showClassDetail(cid, count) {
    var id_list = Array(count);
    var toHide = 1;
    for (var i = 0; i < count; i++) {
        tid0 = 't' + cid.substr(1) + '.' + (i+1);
        tid = 'f' + tid0;
        tr = document.getElementById(tid);
        if (!tr) {
            tid = 'p' + tid0;
            tr = document.getElementById(tid);
        }
        id_list[i] = tid;
        if (tr.className) {
            toHide = 0;
        }
    }
    for (var i = 0; i < count; i++) {
        tid = id_list[i];
        if (toHide) {
            document.getElementById('div_'+tid).style.display = 'none'
            document.getElementById(tid).className = 'hiddenRow';
        }
        else {
            document.getElementById(tid).className = '';
        }
    }
}


function showTestDetail(div_id){
    var details_div = document.getElementById(div_id)
    var displayState = details_div.style.display
    // alert(displayState)
    if (displayState != 'block' ) {
        displayState = 'block'
        details_div.style.display = 'block'
    }
    else {
        details_div.style.display = 'none'
    }
}


function html_escape(s) {
    s = s.replace(/&/g,'&amp;');
    s = s.replace(/</g,'&lt;');
    s = s.replace(/>/g,'&gt;');
    return s;
}

/* obsoleted by detail in <div>
function showOutput(id, name) {
    var w = window.open("", //url
                    name,
                    "resizable,scrollbars,status,width=800,height=450");
    d = w.document;
    d.write("<pre>");
    d.write(html_escape(output_list[id]));
    d.write("\n");
    d.write("<a href='javascript:window.close()'>close</a>\n");
    d.write("</pre>\n");
    d.close();
}
*/
--></script>

<div class='heading'>
<h1>Unit Test Report</h1>

<p class='attribute'><strong>Status:</strong> Pass 2 Failure 6</p>

<p class='description'></p>
</div>



<p id='show_detail_line'>Show
<a href='javascript:showCase(0)'>Summary</a>
<a href='javascript:showCase(1)'>Failed</a>
<a href='javascript:showCase(2)'>All</a>
</p>
<table id='result_table'>
<colgroup>
<col align='left' />
<col align='right' />
<col align='right' />
<col align='right' />
<col align='right' />
<col align='right' />
<col align='right' />
<col align='right' />
</colgroup>
<tr id='header_row'>
    <td>Test Group/Test case</td>
    <td>Count</td>
    <td>Pass</td>
    <td>Fail</td>
    <td>Error</td>
    <td>Skip</td>
    <td>View</td>
    <td> </td>
</tr>

<tr class='failClass'>
    <td class="testname">tempest.scenario.test_network_v6.TestGettingAddress</td>
    <td class="small">8</td>
    <td class="small">2</td>
    <td class="small">6</td>
    <td class="small">0</td>
    <td class="small">0</td>
    <td class="small"><a href="javascript:showClassDetail('c1',8)"
>Detail</a></td>
    <td> </td>
</tr>

<tr id='ft1.1' class='none'>
    <td class='failCase'><div class='testcase'>test_dhcp6_stateless_from_os[compute,id-d7e1f858-187c-45a6-89c9-bdafde619a9f,network]</div></td>
    <td colspan='7' align='left'>

    <!--css div popup start-->
    <a class="popup_link" onfocus='this.blur();'
    href="javascript:showTestDetail('div_ft1.1')" >
        fail</a>

    <div id='div_ft1.1' class="popup_window">
        <div style='text-align: right; color:red;cursor:pointer'>
        <a onfocus='this.blur();'
onclick="document.getElementById('div_ft1.1').style.display = 'none' " >
           [x]</a>
        </div>
        <pre>
        
ft1.1: tempest.scenario.test_network_v6.TestGettingAddress.test_dhcp6_stateless_from_os[compute,id-d7e1f858-187c-45a6-89c9-bdafde619a9f,network]_StringException: Empty attachments:
  stderr
  stdout

pythonlogging:'': {{{
2015-12-08 08:05:55,680 27636 INFO     [tempest_lib.common.rest_client] Request (TestGettingAddress:setUp): 200 POST http://10.0.2.15:8774/v2.1/a7935877abe24bc8a77574b025c134e2/os-keypairs 0.513s
2015-12-08 08:05:55,680 27636 DEBUG    [tempest_lib.common.rest_client] Request - Headers: {'Content-Type': 'application/json', 'Accept': 'application/json', 'X-Auth-Token': '&lt;omitted&gt;'}
        Body: {"keypair": {"name": "tempest-TestGettingAddress-2039135306"}}
    Response - Headers: {'status': '200', 'content-length': '2320', 'x-compute-request-id': 'req-ff8a4ba4-1ecf-4ece-9b92-550c69cd6d79', 'vary': 'X-OpenStack-Nova-API-Version', 'connection': 'close', 'x-openstack-nova-api-version': '2.1', 'date': 'Tue, 08 Dec 2015 08:05:55 GMT', 'content-type': 'application/json'}
        Body: {"keypair": {"public_key": "ssh-rsa AAAAB3NzaC1yc2EAAAADAQABAAABAQCpgshzCbujesljWDwt6KDTTxSFWb3pe4AqHdgT6NE3ijnvOatNNuw0apdvTuEURwe+t3vsxV81jH/px10XMHOQH5fUYBAaf40hppsUJt82vIbQihHv4DLP7atgXreGvtDmp5FIESICNCvUSe6IVabeBoUWoK4WSaTx+UL1Im/7ZfUKwEc9VtA+eRDryufs1b9/xooQtdt5FdpHfks041NYOg3pJLnQTewsoNRPuEKjP8cMcSvPEcA9m4RSb1xSEcOg2OTR88WQvPohnP42rLeJzVFCMMqLxDF6UKZU9TukXZa75hSZMXO+KTonIb8XHqnO3fZprTPFAh2m413psS1P Generated-by-Nova", "private_key": "-----BEGIN RSA PRIVATE KEY-----\nMIIEpwIBAAKCAQEAqYLIcwm7o3rJY1g8Leig008UhVm96XuAKh3YE+jRN4o57zmr\nTTbsNGqXb07hFEcHvrd77MVfNYx/6cddFzBzkB+X1GAQGn+NIaabFCbfNryG0IoR\n7+Ayz+2rYF63hr7Q5qeRSBEiAjQr1EnuiFWm3gaFFqCuFkmk8flC9SJv+2X1CsBH\nPVbQPnkQ68rn7NW/f8aKELXbeRXaR35LNONTWDoN6SS50E3sLKDUT7hCoz/HDHEr\nzxHAPZuEUm9cUhHDoNjk0fPFkLz6IZz+Nqy3ic1RQjDKi8QxelCmVPU7pF2Wu+YU\nmTFzvik6JyG/Fx6pzt32aa0zxQIdpuNd6bEtTwIDAQABAoIBABtuA1vCLm/k1aPS\nymIva57mBA8UF4wppPKrw6RtHzXak0dn0JV9FrngqcKkQ/3RBKrS7CXDRoXWx3gf\n/6tZ9slSo3IFXXW8QC061YtsQuCLn1Etlnt3jyFgd0Pv78jJJeq9IOBFjXhH0vPW\nRtge7BKvgWfI9oK6xgs156TdPruyX0iAgHopiZmr2kjpM1ixl0jX1XvAaarewVs0\nL8OgBRUrW7vWi9Olh6+UZ3Sb1MpEKOsuWg27h9oiKDVmNKaZPxWO2UJ+qc9C4HFr\nfWBCusB/VD8ikMnpp0o2fcU01V5s+UZzBhHsEfZbDYeQbxbfG2YMSe1u1PnfvSiz\nfsRG3XkCggCBAL7fLn64sQWSVKcLhhnB6tnDkJk0DUyRHCIz271CZxTtYwmNx3xA\nkOE5EtUH/jStyx0iQrJxSM2zmdFZy3QaMbtDlmIhuLOA8ytIFQg2t7G/iFxcepvb\nyhqLzROBLnPAQsLjycq+DBbUCrXiTu56FOIsB5pYthzFDVyIaWQtL4kbAoIAgQDj\nWbSRogZtldOMEDjsJsqNCTaJVl9hkLNlIljVQo+7QzdcPojqwhW/ZFUfoHsjIHk+\n64beExVDOLqA2BcTYm+GnnAv23dvrTvsPprkKq58jR81YxKpsOhdwqhc1Zi1awMz\nvYy9/iUZpsT8X1RhWMp6uUVB4a5+CNintq9J3G2D3QKCAIA2/hJlTE0kb86X+kf+\nr9I8P44vtcGHJ9/VMt/CnZkZfHOmUwUAlZGockssuYrSHqiAklhpFR6GtZJBsP9f\nShS+AXEYgOK4RRTKiZAVt74hJi/hfHuO4DpQf6rsTbHWg7Q4dmyzTyIoiZs0YCmh\np+bQayMdoyWFEHkTCfJjfGlPtQKCAIBdzmir4l+mnbhgxVzHS6YtlUyUVDgcyJjM\ntORUchdeG/jercrOmnBgvSRGXXARaVe9t265eMRALUr+2KqEzAvaTstZY8OfJ6pe\n6uH8HQRLzeq/m3Za3+ywqx3O2C8fQ91ZXu+QgSmLsPz8aNUnKXy6MHG8IkNeK4ZB\nhSZEYpgpXQKCAIA+1/qL4QMdUpURclMulI7klW0CSc+BzNPKF1IC/dRPdUymIqFu\n4fxzPM+hBD2miGIZBMOO8s0z3bX+y5mmlbNfIXW+AQG7rLuQiLNaxJ7S9n5He/C2\nct+KfWRCVHS6SpWPm8ReqKpCB6PmFSB7FsvKrpubup+zW5C7VfU6A2Xxpw==\n-----END RSA PRIVATE KEY-----\n", "user_id": "c76810b8fe49469c931270cb435fb6d8", "name": "tempest-TestGettingAddress-2039135306", "fingerprint": "47:7c:15:62:63:f9:d9:5b:96:00:97:2b:e1:81:87:9e"}}
2015-12-08 08:05:55,999 27636 INFO     [tempest_lib.common.rest_client] Request (TestGettingAddress:setUp): 201 POST http://10.0.2.15:9696/v2.0/security-groups 0.316s
2015-12-08 08:05:56,000 27636 DEBUG    [tempest_lib.common.rest_client] Request - Headers: {'Content-Type': 'application/json', 'Accept': 'application/json', 'X-Auth-Token': '&lt;omitted&gt;'}
        Body: {"security_group": {"tenant_id": "a7935877abe24bc8a77574b025c134e2", "description": "tempest-secgroup-smoke-1715859384 description", "name": "tempest-secgroup-smoke-1715859384"}}
    Response - Headers: {'status': '201', 'content-length': '888', 'connection': 'close', 'date': 'Tue, 08 Dec 2015 08:05:55 GMT', 'content-type': 'application/json; charset=UTF-8', 'x-openstack-request-id': 'req-dfbe4033-c8a2-4b5f-8295-78a6ff77ece2'}
        Body: {"security_group": {"tenant_id": "a7935877abe24bc8a77574b025c134e2", "description": "tempest-secgroup-smoke-1715859384 description", "id": "41fcd436-6b7c-49ef-9135-2fcdb991474c", "security_group_rules": [{"remote_group_id": null, "direction": "egress", "remote_ip_prefix": null, "protocol": null, "ethertype": "IPv4", "tenant_id": "a7935877abe24bc8a77574b025c134e2", "port_range_max": null, "port_range_min": null, "id": "e990b160-7481-4627-bc9b-c56020a2457b", "security_group_id": "41fcd436-6b7c-49ef-9135-2fcdb991474c"}, {"remote_group_id": null, "direction": "egress", "remote_ip_prefix": null, "protocol": null, "ethertype": "IPv6", "tenant_id": "a7935877abe24bc8a77574b025c134e2", "port_range_max": null, "port_range_min": null, "id": "6659e1aa-07bf-4d32-8eb8-ee1df79f6703", "security_group_id": "41fcd436-6b7c-49ef-9135-2fcdb991474c"}], "name": "tempest-secgroup-smoke-1715859384"}}
2015-12-08 08:05:56,302 27636 INFO     [tempest_lib.common.rest_client] Request (TestGettingAddress:setUp): 201 POST http://10.0.2.15:9696/v2.0/security-group-rules 0.300s
2015-12-08 08:05:56,302 27636 DEBUG    [tempest_lib.common.rest_client] Request - Headers: {'Content-Type': 'application/json', 'Accept': 'application/json', 'X-Auth-Token': '&lt;omitted&gt;'}
        Body: {"security_group_rule": {"direction": "ingress", "protocol": "tcp", "tenant_id": "a7935877abe24bc8a77574b025c134e2", "port_range_max": 22, "security_group_id": "41fcd436-6b7c-49ef-9135-2fcdb991474c", "port_range_min": 22}}
    Response - Headers: {'status': '201', 'content-length': '340', 'connection': 'close', 'date': 'Tue, 08 Dec 2015 08:05:56 GMT', 'content-type': 'application/json; charset=UTF-8', 'x-openstack-request-id': 'req-c2f637d9-66e7-4186-b5c5-5aa85df491a3'}
        Body: {"security_group_rule": {"remote_group_id": null, "direction": "ingress", "remote_ip_prefix": null, "protocol": "tcp", "ethertype": "IPv4", "tenant_id": "a7935877abe24bc8a77574b025c134e2", "port_range_max": 22, "port_range_min": 22, "id": "5b9443be-4168-4115-ab65-8cadd3043940", "security_group_id": "41fcd436-6b7c-49ef-9135-2fcdb991474c"}}
2015-12-08 08:05:56,387 27636 INFO     [tempest_lib.common.rest_client] Request (TestGettingAddress:setUp): 201 POST http://10.0.2.15:9696/v2.0/security-group-rules 0.083s
2015-12-08 08:05:56,387 27636 DEBUG    [tempest_lib.common.rest_client] Request - Headers: {'Content-Type': 'application/json', 'Accept': 'application/json', 'X-Auth-Token': '&lt;omitted&gt;'}
        Body: {"security_group_rule": {"direction": "egress", "protocol": "tcp", "tenant_id": "a7935877abe24bc8a77574b025c134e2", "port_range_max": 22, "security_group_id": "41fcd436-6b7c-49ef-9135-2fcdb991474c", "port_range_min": 22}}
    Response - Headers: {'status': '201', 'content-length': '339', 'connection': 'close', 'date': 'Tue, 08 Dec 2015 08:05:56 GMT', 'content-type': 'application/json; charset=UTF-8', 'x-openstack-request-id': 'req-33e3ceed-61c2-4275-a406-3ec284503fb5'}
        Body: {"security_group_rule": {"remote_group_id": null, "direction": "egress", "remote_ip_prefix": null, "protocol": "tcp", "ethertype": "IPv4", "tenant_id": "a7935877abe24bc8a77574b025c134e2", "port_range_max": 22, "port_range_min": 22, "id": "44e17018-740a-4312-93ed-fb2ff6fe5356", "security_group_id": "41fcd436-6b7c-49ef-9135-2fcdb991474c"}}
2015-12-08 08:05:56,468 27636 INFO     [tempest_lib.common.rest_client] Request (TestGettingAddress:setUp): 201 POST http://10.0.2.15:9696/v2.0/security-group-rules 0.080s
2015-12-08 08:05:56,468 27636 DEBUG    [tempest_lib.common.rest_client] Request - Headers: {'Content-Type': 'application/json', 'Accept': 'application/json', 'X-Auth-Token': '&lt;omitted&gt;'}
        Body: {"security_group_rule": {"tenant_id": "a7935877abe24bc8a77574b025c134e2", "direction": "ingress", "protocol": "icmp", "security_group_id": "41fcd436-6b7c-49ef-9135-2fcdb991474c"}}
    Response - Headers: {'status': '201', 'content-length': '345', 'connection': 'close', 'date': 'Tue, 08 Dec 2015 08:05:56 GMT', 'content-type': 'application/json; charset=UTF-8', 'x-openstack-request-id': 'req-45677838-df9b-4a4e-a895-079f4e179032'}
        Body: {"security_group_rule": {"remote_group_id": null, "direction": "ingress", "remote_ip_prefix": null, "protocol": "icmp", "ethertype": "IPv4", "tenant_id": "a7935877abe24bc8a77574b025c134e2", "port_range_max": null, "port_range_min": null, "id": "5a894e07-e4c7-4d63-9f68-1776bfc25a49", "security_group_id": "41fcd436-6b7c-49ef-9135-2fcdb991474c"}}
2015-12-08 08:05:56,548 27636 INFO     [tempest_lib.common.rest_client] Request (TestGettingAddress:setUp): 201 POST http://10.0.2.15:9696/v2.0/security-group-rules 0.079s
2015-12-08 08:05:56,548 27636 DEBUG    [tempest_lib.common.rest_client] Request - Headers: {'Content-Type': 'application/json', 'Accept': 'application/json', 'X-Auth-Token': '&lt;omitted&gt;'}
        Body: {"security_group_rule": {"tenant_id": "a7935877abe24bc8a77574b025c134e2", "direction": "egress", "protocol": "icmp", "security_group_id": "41fcd436-6b7c-49ef-9135-2fcdb991474c"}}
    Response - Headers: {'status': '201', 'content-length': '344', 'connection': 'close', 'date': 'Tue, 08 Dec 2015 08:05:56 GMT', 'content-type': 'application/json; charset=UTF-8', 'x-openstack-request-id': 'req-daa8083a-c61f-46bf-8764-94430bcd94d9'}
        Body: {"security_group_rule": {"remote_group_id": null, "direction": "egress", "remote_ip_prefix": null, "protocol": "icmp", "ethertype": "IPv4", "tenant_id": "a7935877abe24bc8a77574b025c134e2", "port_range_max": null, "port_range_min": null, "id": "82760008-2f5b-4b94-8f6e-dbf1f06bf565", "security_group_id": "41fcd436-6b7c-49ef-9135-2fcdb991474c"}}
2015-12-08 08:05:56,629 27636 INFO     [tempest_lib.common.rest_client] Request (TestGettingAddress:setUp): 201 POST http://10.0.2.15:9696/v2.0/security-group-rules 0.080s
2015-12-08 08:05:56,629 27636 DEBUG    [tempest_lib.common.rest_client] Request - Headers: {'Content-Type': 'application/json', 'Accept': 'application/json', 'X-Auth-Token': '&lt;omitted&gt;'}
        Body: {"security_group_rule": {"tenant_id": "a7935877abe24bc8a77574b025c134e2", "direction": "ingress", "security_group_id": "41fcd436-6b7c-49ef-9135-2fcdb991474c", "protocol": "icmp", "ethertype": "IPv6"}}
    Response - Headers: {'status': '201', 'content-length': '345', 'connection': 'close', 'date': 'Tue, 08 Dec 2015 08:05:56 GMT', 'content-type': 'application/json; charset=UTF-8', 'x-openstack-request-id': 'req-62641efb-8d2b-40e4-adb6-af56e0c3bd68'}
        Body: {"security_group_rule": {"remote_group_id": null, "direction": "ingress", "remote_ip_prefix": null, "protocol": "icmp", "ethertype": "IPv6", "tenant_id": "a7935877abe24bc8a77574b025c134e2", "port_range_max": null, "port_range_min": null, "id": "50f6710b-91a0-4e09-9ccd-a3f2ed7ec17e", "security_group_id": "41fcd436-6b7c-49ef-9135-2fcdb991474c"}}
2015-12-08 08:05:56,710 27636 INFO     [tempest_lib.common.rest_client] Request (TestGettingAddress:setUp): 201 POST http://10.0.2.15:9696/v2.0/security-group-rules 0.080s
2015-12-08 08:05:56,711 27636 DEBUG    [tempest_lib.common.rest_client] Request - Headers: {'Content-Type': 'application/json', 'Accept': 'application/json', 'X-Auth-Token': '&lt;omitted&gt;'}
        Body: {"security_group_rule": {"tenant_id": "a7935877abe24bc8a77574b025c134e2", "direction": "egress", "security_group_id": "41fcd436-6b7c-49ef-9135-2fcdb991474c", "protocol": "icmp", "ethertype": "IPv6"}}
    Response - Headers: {'status': '201', 'content-length': '344', 'connection': 'close', 'date': 'Tue, 08 Dec 2015 08:05:56 GMT', 'content-type': 'application/json; charset=UTF-8', 'x-openstack-request-id': 'req-4ae9b9c4-ff6c-4f43-a9dc-ea99ab1a8d20'}
        Body: {"security_group_rule": {"remote_group_id": null, "direction": "egress", "remote_ip_prefix": null, "protocol": "icmp", "ethertype": "IPv6", "tenant_id": "a7935877abe24bc8a77574b025c134e2", "port_range_max": null, "port_range_min": null, "id": "bfec89c0-812e-403c-9791-defca5609144", "security_group_id": "41fcd436-6b7c-49ef-9135-2fcdb991474c"}}
2015-12-08 08:05:56,829 27636 INFO     [tempest_lib.common.rest_client] Request (TestGettingAddress:test_dhcp6_stateless_from_os): 201 POST http://10.0.2.15:9696/v2.0/networks 0.117s
2015-12-08 08:05:56,830 27636 DEBUG    [tempest_lib.common.rest_client] Request - Headers: {'Content-Type': 'application/json', 'Accept': 'application/json', 'X-Auth-Token': '&lt;omitted&gt;'}
        Body: {"network": {"tenant_id": "a7935877abe24bc8a77574b025c134e2", "name": "tempest-network-smoke--426300360"}}
    Response - Headers: {'status': '201', 'content-length': '295', 'connection': 'close', 'date': 'Tue, 08 Dec 2015 08:05:56 GMT', 'content-type': 'application/json; charset=UTF-8', 'x-openstack-request-id': 'req-99ed1855-e8f8-4f2a-b6ff-3225ec10fcb2'}
        Body: {"network": {"status": "ACTIVE", "subnets": [], "name": "tempest-network-smoke--426300360", "admin_state_up": true, "tenant_id": "a7935877abe24bc8a77574b025c134e2", "mtu": 0, "router:external": false, "shared": false, "port_security_enabled": true, "id": "56a43069-e7f1-4af6-b6d1-549327083445"}}
2015-12-08 08:05:56,990 27636 INFO     [tempest_lib.common.rest_client] Request (TestGettingAddress:test_dhcp6_stateless_from_os): 200 GET http://10.0.2.15:9696/v2.0/subnets?tenant_id=a7935877abe24bc8a77574b025c134e2&amp;cidr=10.100.0.0%2F28 0.159s
2015-12-08 08:05:56,991 27636 DEBUG    [tempest_lib.common.rest_client] Request - Headers: {'Content-Type': 'application/json', 'Accept': 'application/json', 'X-Auth-Token': '&lt;omitted&gt;'}
        Body: None
    Response - Headers: {'status': '200', 'content-length': '15', 'content-location': 'http://10.0.2.15:9696/v2.0/subnets?tenant_id=a7935877abe24bc8a77574b025c134e2&amp;cidr=10.100.0.0%2F28', 'connection': 'close', 'date': 'Tue, 08 Dec 2015 08:05:56 GMT', 'content-type': 'application/json; charset=UTF-8', 'x-openstack-request-id': 'req-f7f14fce-c5a8-4f7f-800e-7002b3962927'}
        Body: {"subnets": []}
2015-12-08 08:05:57,275 27636 INFO     [tempest_lib.common.rest_client] Request (TestGettingAddress:test_dhcp6_stateless_from_os): 201 POST http://10.0.2.15:9696/v2.0/subnets 0.283s
2015-12-08 08:05:57,276 27636 DEBUG    [tempest_lib.common.rest_client] Request - Headers: {'Content-Type': 'application/json', 'Accept': 'application/json', 'X-Auth-Token': '&lt;omitted&gt;'}
        Body: {"subnet": {"ip_version": 4, "tenant_id": "a7935877abe24bc8a77574b025c134e2", "cidr": "10.100.0.0/28", "network_id": "56a43069-e7f1-4af6-b6d1-549327083445", "name": "tempest-sub4-718827185"}}
    Response - Headers: {'status': '201', 'content-length': '469', 'connection': 'close', 'date': 'Tue, 08 Dec 2015 08:05:57 GMT', 'content-type': 'application/json; charset=UTF-8', 'x-openstack-request-id': 'req-313c5557-086e-44e0-8b64-9b7bc89ec5fa'}
        Body: {"subnet": {"name": "tempest-sub4-718827185", "enable_dhcp": true, "network_id": "56a43069-e7f1-4af6-b6d1-549327083445", "tenant_id": "a7935877abe24bc8a77574b025c134e2", "dns_nameservers": [], "gateway_ip": "10.100.0.1", "ipv6_ra_mode": null, "allocation_pools": [{"start": "10.100.0.2", "end": "10.100.0.14"}], "host_routes": [], "ip_version": 4, "ipv6_address_mode": null, "cidr": "10.100.0.0/28", "id": "69c817e6-1adc-470e-a0a8-4cdbaaab8871", "subnetpool_id": null}}
2015-12-08 08:05:57,353 27636 INFO     [tempest_lib.common.rest_client] Request (TestGettingAddress:test_dhcp6_stateless_from_os): 201 POST http://10.0.2.15:9696/v2.0/routers 0.076s
2015-12-08 08:05:57,353 27636 DEBUG    [tempest_lib.common.rest_client] Request - Headers: {'Content-Type': 'application/json', 'Accept': 'application/json', 'X-Auth-Token': '&lt;omitted&gt;'}
        Body: {"router": {"tenant_id": "a7935877abe24bc8a77574b025c134e2", "name": "tempest-router-smoke-1942398866", "admin_state_up": true}}
    Response - Headers: {'status': '201', 'content-length': '239', 'connection': 'close', 'date': 'Tue, 08 Dec 2015 08:05:57 GMT', 'content-type': 'application/json; charset=UTF-8', 'x-openstack-request-id': 'req-a8f1d369-b542-4468-8918-138ba2a82488'}
        Body: {"router": {"status": "ACTIVE", "external_gateway_info": null, "name": "tempest-router-smoke-1942398866", "admin_state_up": true, "tenant_id": "a7935877abe24bc8a77574b025c134e2", "routes": [], "id": "7fc44af5-3cbc-49f8-a2dd-cd6087592fce"}}
2015-12-08 08:05:57,393 27636 INFO     [tempest_lib.common.rest_client] Request (TestGettingAddress:test_dhcp6_stateless_from_os): 200 GET http://10.0.2.15:9696/v2.0/routers/7fc44af5-3cbc-49f8-a2dd-cd6087592fce 0.039s
2015-12-08 08:05:57,393 27636 DEBUG    [tempest_lib.common.rest_client] Request - Headers: {'Content-Type': 'application/json', 'Accept': 'application/json', 'X-Auth-Token': '&lt;omitted&gt;'}
        Body: None
    Response - Headers: {'status': '200', 'content-length': '239', 'content-location': 'http://10.0.2.15:9696/v2.0/routers/7fc44af5-3cbc-49f8-a2dd-cd6087592fce', 'connection': 'close', 'date': 'Tue, 08 Dec 2015 08:05:57 GMT', 'content-type': 'application/json; charset=UTF-8', 'x-openstack-request-id': 'req-d82d1210-1f4d-4a7f-a143-ef0559c15634'}
        Body: {"router": {"status": "ACTIVE", "external_gateway_info": null, "name": "tempest-router-smoke-1942398866", "admin_state_up": true, "tenant_id": "a7935877abe24bc8a77574b025c134e2", "routes": [], "id": "7fc44af5-3cbc-49f8-a2dd-cd6087592fce"}}
2015-12-08 08:05:58,520 27636 INFO     [tempest_lib.common.rest_client] Request (TestGettingAddress:test_dhcp6_stateless_from_os): 200 PUT http://10.0.2.15:9696/v2.0/routers/7fc44af5-3cbc-49f8-a2dd-cd6087592fce 1.125s
2015-12-08 08:05:58,520 27636 DEBUG    [tempest_lib.common.rest_client] Request - Headers: {'Content-Type': 'application/json', 'Accept': 'application/json', 'X-Auth-Token': '&lt;omitted&gt;'}
        Body: {"router": {"external_gateway_info": {"network_id": "4fd1acdf-321b-4f20-9456-5a15222bcd4d"}, "name": "tempest-router-smoke-1942398866", "admin_state_up": true}}
    Response - Headers: {'status': '200', 'content-length': '501', 'connection': 'close', 'date': 'Tue, 08 Dec 2015 08:05:58 GMT', 'content-type': 'application/json; charset=UTF-8', 'x-openstack-request-id': 'req-fb111640-62df-45c5-9934-bcc753a4517b'}
        Body: {"router": {"status": "ACTIVE", "external_gateway_info": {"network_id": "4fd1acdf-321b-4f20-9456-5a15222bcd4d", "enable_snat": true, "external_fixed_ips": [{"subnet_id": "717d50a4-574b-4662-894a-08f3b6a8e2c1", "ip_address": "172.24.4.3"}, {"subnet_id": "484961e0-6c5a-4105-9a48-1f421455b301", "ip_address": "2001:db8::4"}]}, "name": "tempest-router-smoke-1942398866", "admin_state_up": true, "tenant_id": "a7935877abe24bc8a77574b025c134e2", "routes": [], "id": "7fc44af5-3cbc-49f8-a2dd-cd6087592fce"}}
2015-12-08 08:05:58,948 27636 INFO     [tempest_lib.common.rest_client] Request (TestGettingAddress:test_dhcp6_stateless_from_os): 200 PUT http://10.0.2.15:9696/v2.0/routers/7fc44af5-3cbc-49f8-a2dd-cd6087592fce/add_router_interface 0.427s
2015-12-08 08:05:58,948 27636 DEBUG    [tempest_lib.common.rest_client] Request - Headers: {'Content-Type': 'application/json', 'Accept': 'application/json', 'X-Auth-Token': '&lt;omitted&gt;'}
        Body: {"subnet_id": "69c817e6-1adc-470e-a0a8-4cdbaaab8871"}
    Response - Headers: {'status': '200', 'content-length': '255', 'connection': 'close', 'date': 'Tue, 08 Dec 2015 08:05:58 GMT', 'content-type': 'application/json; charset=UTF-8', 'x-openstack-request-id': 'req-e270d578-6998-4af3-870e-538376aa2faf'}
        Body: {"subnet_id": "69c817e6-1adc-470e-a0a8-4cdbaaab8871", "tenant_id": "a7935877abe24bc8a77574b025c134e2", "subnet_ids": ["69c817e6-1adc-470e-a0a8-4cdbaaab8871"], "port_id": "d7955444-9bf8-4ad6-a018-e85f31249385", "id": "7fc44af5-3cbc-49f8-a2dd-cd6087592fce"}
2015-12-08 08:05:58,981 27636 INFO     [tempest_lib.common.rest_client] Request (TestGettingAddress:test_dhcp6_stateless_from_os): 200 GET http://10.0.2.15:9696/v2.0/subnets?tenant_id=a7935877abe24bc8a77574b025c134e2&amp;cidr=2003%3A%3A%2F64 0.030s
2015-12-08 08:05:58,982 27636 DEBUG    [tempest_lib.common.rest_client] Request - Headers: {'Content-Type': 'application/json', 'Accept': 'application/json', 'X-Auth-Token': '&lt;omitted&gt;'}
        Body: None
    Response - Headers: {'status': '200', 'content-length': '15', 'content-location': 'http://10.0.2.15:9696/v2.0/subnets?tenant_id=a7935877abe24bc8a77574b025c134e2&amp;cidr=2003%3A%3A%2F64', 'connection': 'close', 'date': 'Tue, 08 Dec 2015 08:05:58 GMT', 'content-type': 'application/json; charset=UTF-8', 'x-openstack-request-id': 'req-8d944e59-1a91-4a3f-98bd-bdf7d67da123'}
        Body: {"subnets": []}
2015-12-08 08:05:59,332 27636 INFO     [tempest_lib.common.rest_client] Request (TestGettingAddress:test_dhcp6_stateless_from_os): 201 POST http://10.0.2.15:9696/v2.0/subnets 0.349s
2015-12-08 08:05:59,333 27636 DEBUG    [tempest_lib.common.rest_client] Request - Headers: {'Content-Type': 'application/json', 'Accept': 'application/json', 'X-Auth-Token': '&lt;omitted&gt;'}
        Body: {"subnet": {"name": "tempest-sub6-1876160837", "network_id": "56a43069-e7f1-4af6-b6d1-549327083445", "tenant_id": "a7935877abe24bc8a77574b025c134e2", "ipv6_ra_mode": "dhcpv6-stateless", "ip_version": 6, "ipv6_address_mode": "dhcpv6-stateless", "cidr": "2003::/64"}}
    Response - Headers: {'status': '201', 'content-length': '502', 'connection': 'close', 'date': 'Tue, 08 Dec 2015 08:05:59 GMT', 'content-type': 'application/json; charset=UTF-8', 'x-openstack-request-id': 'req-f046d4b6-a883-48c7-8309-24ddd9f10c9f'}
        Body: {"subnet": {"name": "tempest-sub6-1876160837", "enable_dhcp": true, "network_id": "56a43069-e7f1-4af6-b6d1-549327083445", "tenant_id": "a7935877abe24bc8a77574b025c134e2", "dns_nameservers": [], "gateway_ip": "2003::1", "ipv6_ra_mode": "dhcpv6-stateless", "allocation_pools": [{"start": "2003::2", "end": "2003::ffff:ffff:ffff:ffff"}], "host_routes": [], "ip_version": 6, "ipv6_address_mode": "dhcpv6-stateless", "cidr": "2003::/64", "id": "40a58583-88fe-41d2-add2-b984301f9790", "subnetpool_id": null}}
2015-12-08 08:05:59,866 27636 INFO     [tempest_lib.common.rest_client] Request (TestGettingAddress:test_dhcp6_stateless_from_os): 200 PUT http://10.0.2.15:9696/v2.0/routers/7fc44af5-3cbc-49f8-a2dd-cd6087592fce/add_router_interface 0.532s
2015-12-08 08:05:59,866 27636 DEBUG    [tempest_lib.common.rest_client] Request - Headers: {'Content-Type': 'application/json', 'Accept': 'application/json', 'X-Auth-Token': '&lt;omitted&gt;'}
        Body: {"subnet_id": "40a58583-88fe-41d2-add2-b984301f9790"}
    Response - Headers: {'status': '200', 'content-length': '255', 'connection': 'close', 'date': 'Tue, 08 Dec 2015 08:05:59 GMT', 'content-type': 'application/json; charset=UTF-8', 'x-openstack-request-id': 'req-94ffc701-1c5a-4aba-8006-323b6ca50a3c'}
        Body: {"subnet_id": "40a58583-88fe-41d2-add2-b984301f9790", "tenant_id": "a7935877abe24bc8a77574b025c134e2", "subnet_ids": ["40a58583-88fe-41d2-add2-b984301f9790"], "port_id": "c5d51dbd-a4bc-4020-8775-fffc3e23fdfb", "id": "7fc44af5-3cbc-49f8-a2dd-cd6087592fce"}
2015-12-08 08:05:59,956 27636 INFO     [tempest_lib.common.rest_client] Request (TestGettingAddress:test_dhcp6_stateless_from_os): 200 POST http://10.0.2.15:5000/v2.0/tokens
2015-12-08 08:05:59,956 27636 DEBUG    [tempest_lib.common.rest_client] Request - Headers: {'Content-Type': 'application/json', 'Accept': 'application/json'}
        Body: &lt;omitted&gt;
    Response - Headers: {'status': '200', 'content-length': '2524', 'vary': 'X-Auth-Token', 'server': 'Apache/2.4.7 (Ubuntu)', 'connection': 'close', 'date': 'Tue, 08 Dec 2015 08:05:59 GMT', 'content-type': 'application/json', 'x-openstack-request-id': 'req-6a4778f5-b8d3-468e-a051-39c56a598166'}
        Body: {"access": {"token": {"issued_at": "2015-12-08T08:05:59.946261", "expires": "2015-12-08T09:05:59Z", "id": "beb13fb9abc941a5ad9152f5ec0eb737", "tenant": {"description": "tempest-TestGettingAddress-1182094046-desc", "enabled": true, "id": "a7935877abe24bc8a77574b025c134e2", "name": "tempest-TestGettingAddress-1182094046"}, "audit_ids": ["a3G17yvvRo6DWoYwKk1PvQ"]}, "serviceCatalog": [{"endpoints": [{"adminURL": "http://10.0.2.15:8774/v2.1/a7935877abe24bc8a77574b025c134e2", "region": "RegionOne", "internalURL": "http://10.0.2.15:8774/v2.1/a7935877abe24bc8a77574b025c134e2", "id": "a47908a561414965a642d25bfeed2cc8", "publicURL": "http://10.0.2.15:8774/v2.1/a7935877abe24bc8a77574b025c134e2"}], "endpoints_links": [], "type": "compute", "name": "nova"}, {"endpoints": [{"adminURL": "http://10.0.2.15:9696/", "region": "RegionOne", "internalURL": "http://10.0.2.15:9696/", "id": "1386af79c8cb403ead90cb35821cb8b9", "publicURL": "http://10.0.2.15:9696/"}], "endpoints_links": [], "type": "network", "name": "neutron"}, {"endpoints": [{"adminURL": "http://10.0.2.15:9292", "region": "RegionOne", "internalURL": "http://10.0.2.15:9292", "id": "1ea5895e3e0046488ca9f39212c93bff", "publicURL": "http://10.0.2.15:9292"}], "endpoints_links": [], "type": "image", "name": "glance"}, {"endpoints": [{"adminURL": "http://10.0.2.15:8774/v2/a7935877abe24bc8a77574b025c134e2", "region": "RegionOne", "internalURL": "http://10.0.2.15:8774/v2/a7935877abe24bc8a77574b025c134e2", "id": "499e6f72e76b4c2bacb7d8c5a96b9f41", "publicURL": "http://10.0.2.15:8774/v2/a7935877abe24bc8a77574b025c134e2"}], "endpoints_links": [], "type": "compute_legacy", "name": "nova_legacy"}, {"endpoints": [{"adminURL": "http://10.0.2.15:8773/", "region": "RegionOne", "internalURL": "http://10.0.2.15:8773/", "id": "0d53142ae43140f68a2be98399bf3a38", "publicURL": "http://10.0.2.15:8773/"}], "endpoints_links": [], "type": "ec2", "name": "ec2"}, {"endpoints": [{"adminURL": "http://10.0.2.15:35357/v2.0", "region": "RegionOne", "internalURL": "http://10.0.2.15:5000/v2.0", "id": "05767012ec26474f87b5201f68bd1f9f", "publicURL": "http://10.0.2.15:5000/v2.0"}], "endpoints_links": [], "type": "identity", "name": "keystone"}], "user": {"username": "tempest-TestGettingAddress-292780836", "roles_links": [], "id": "c76810b8fe49469c931270cb435fb6d8", "roles": [{"name": "_member_"}, {"name": "Member"}], "name": "tempest-TestGettingAddress-292780836"}, "metadata": {"is_admin": 0, "roles": ["9fe2ff9ee4384b1894a90878d3e92bab", "a3d7b3748581424295eaa7f6c4a57a68"]}}}
2015-12-08 08:05:59,961 27636 DEBUG    [tempest.common.fixed_network] (TestGettingAddress:test_dhcp6_stateless_from_os) No valid network provided or created, defaulting to fixed_network_name
2015-12-08 08:06:00,283 27636 INFO     [tempest_lib.common.rest_client] Request (TestGettingAddress:test_dhcp6_stateless_from_os): 200 GET http://10.0.2.15:8774/v2.1/a7935877abe24bc8a77574b025c134e2/os-networks 0.321s
2015-12-08 08:06:00,283 27636 DEBUG    [tempest_lib.common.rest_client] Request - Headers: {'Content-Type': 'application/json', 'Accept': 'application/json', 'X-Auth-Token': '&lt;omitted&gt;'}
        Body: None
    Response - Headers: {'status': '200', 'content-length': '478', 'content-location': 'http://10.0.2.15:8774/v2.1/a7935877abe24bc8a77574b025c134e2/os-networks', 'x-compute-request-id': 'req-b92ac915-af78-4901-8021-4a90b62d9e83', 'vary': 'X-OpenStack-Nova-API-Version', 'connection': 'close', 'x-openstack-nova-api-version': '2.1', 'date': 'Tue, 08 Dec 2015 08:06:00 GMT', 'content-type': 'application/json'}
        Body: {"networks": [{"cidr_v6": null, "dns2": null, "dns1": null, "gateway": null, "broadcast": null, "netmask": null, "gateway_v6": null, "cidr": null, "label": "public", "id": "4fd1acdf-321b-4f20-9456-5a15222bcd4d", "netmask_v6": null}, {"cidr_v6": null, "dns2": null, "dns1": null, "gateway": null, "broadcast": null, "netmask": null, "gateway_v6": null, "cidr": null, "label": "tempest-network-smoke--426300360", "id": "56a43069-e7f1-4af6-b6d1-549327083445", "netmask_v6": null}]}
2015-12-08 08:06:00,283 27636 WARNING  [tempest.common.fixed_network] (TestGettingAddress:test_dhcp6_stateless_from_os) Network with name: private not found
2015-12-08 08:06:00,284 27636 INFO     [tempest.common.fixed_network] (TestGettingAddress:test_dhcp6_stateless_from_os) Found network {} available for tenant
2015-12-08 08:06:01,167 27636 INFO     [tempest_lib.common.rest_client] Request (TestGettingAddress:test_dhcp6_stateless_from_os): 202 POST http://10.0.2.15:8774/v2.1/a7935877abe24bc8a77574b025c134e2/servers 0.882s
2015-12-08 08:06:01,167 27636 DEBUG    [tempest_lib.common.rest_client] Request - Headers: {'Content-Type': 'application/json', 'Accept': 'application/json', 'X-Auth-Token': '&lt;omitted&gt;'}
        Body: {"server": {"name": "tempest.common.compute-instance-1872611939", "imageRef": "5dd1b9fc-712d-4157-b074-bf0deb7520b8", "key_name": "tempest-TestGettingAddress-2039135306", "flavorRef": "42", "networks": [{"uuid": "56a43069-e7f1-4af6-b6d1-549327083445"}], "security_groups": [{"name": "tempest-secgroup-smoke-1715859384"}]}}
    Response - Headers: {'status': '202', 'content-length': '462', 'x-compute-request-id': 'req-9f74cb2e-ddd2-4d75-8c0d-19352e3ee293', 'vary': 'X-OpenStack-Nova-API-Version', 'connection': 'close', 'location': 'http://10.0.2.15:8774/v2.1/a7935877abe24bc8a77574b025c134e2/servers/4096b8a8-1fc0-4042-be37-78dadbe9f18b', 'x-openstack-nova-api-version': '2.1', 'date': 'Tue, 08 Dec 2015 08:06:01 GMT', 'content-type': 'application/json'}
        Body: {"server": {"security_groups": [{"name": "tempest-secgroup-smoke-1715859384"}], "OS-DCF:diskConfig": "MANUAL", "id": "4096b8a8-1fc0-4042-be37-78dadbe9f18b", "links": [{"href": "http://10.0.2.15:8774/v2.1/a7935877abe24bc8a77574b025c134e2/servers/4096b8a8-1fc0-4042-be37-78dadbe9f18b", "rel": "self"}, {"href": "http://10.0.2.15:8774/a7935877abe24bc8a77574b025c134e2/servers/4096b8a8-1fc0-4042-be37-78dadbe9f18b", "rel": "bookmark"}], "adminPass": "e7fhEjjynK9N"}}
2015-12-08 08:06:01,506 27636 INFO     [tempest_lib.common.rest_client] Request (TestGettingAddress:test_dhcp6_stateless_from_os): 200 GET http://10.0.2.15:8774/v2.1/a7935877abe24bc8a77574b025c134e2/servers/4096b8a8-1fc0-4042-be37-78dadbe9f18b 0.336s
2015-12-08 08:06:01,507 27636 DEBUG    [tempest_lib.common.rest_client] Request - Headers: {'Content-Type': 'application/json', 'Accept': 'application/json', 'X-Auth-Token': '&lt;omitted&gt;'}
        Body: None
    Response - Headers: {'status': '200', 'content-length': '1355', 'content-location': 'http://10.0.2.15:8774/v2.1/a7935877abe24bc8a77574b025c134e2/servers/4096b8a8-1fc0-4042-be37-78dadbe9f18b', 'x-compute-request-id': 'req-938af8e0-ab9f-4f83-9e8c-2c64a145aa42', 'vary': 'X-OpenStack-Nova-API-Version', 'connection': 'close', 'x-openstack-nova-api-version': '2.1', 'date': 'Tue, 08 Dec 2015 08:06:01 GMT', 'content-type': 'application/json'}
        Body: {"server": {"status": "BUILD", "updated": "2015-12-08T08:06:01Z", "hostId": "", "addresses": {}, "links": [{"href": "http://10.0.2.15:8774/v2.1/a7935877abe24bc8a77574b025c134e2/servers/4096b8a8-1fc0-4042-be37-78dadbe9f18b", "rel": "self"}, {"href": "http://10.0.2.15:8774/a7935877abe24bc8a77574b025c134e2/servers/4096b8a8-1fc0-4042-be37-78dadbe9f18b", "rel": "bookmark"}], "key_name": "tempest-TestGettingAddress-2039135306", "image": {"id": "5dd1b9fc-712d-4157-b074-bf0deb7520b8", "links": [{"href": "http://10.0.2.15:8774/a7935877abe24bc8a77574b025c134e2/images/5dd1b9fc-712d-4157-b074-bf0deb7520b8", "rel": "bookmark"}]}, "OS-EXT-STS:task_state": "scheduling", "OS-EXT-STS:vm_state": "building", "OS-SRV-USG:launched_at": null, "flavor": {"id": "42", "links": [{"href": "http://10.0.2.15:8774/a7935877abe24bc8a77574b025c134e2/flavors/42", "rel": "bookmark"}]}, "id": "4096b8a8-1fc0-4042-be37-78dadbe9f18b", "OS-SRV-USG:terminated_at": null, "OS-EXT-AZ:availability_zone": "", "user_id": "c76810b8fe49469c931270cb435fb6d8", "name": "tempest.common.compute-instance-1872611939", "created": "2015-12-08T08:06:01Z", "tenant_id": "a7935877abe24bc8a77574b025c134e2", "OS-DCF:diskConfig": "MANUAL", "os-extended-volumes:volumes_attached": [], "accessIPv4": "", "accessIPv6": "", "progress": 0, "OS-EXT-STS:power_state": 0, "config_drive": "", "metadata": {}}}
2015-12-08 08:06:02,895 27636 INFO     [tempest_lib.common.rest_client] Request (TestGettingAddress:test_dhcp6_stateless_from_os): 200 GET http://10.0.2.15:8774/v2.1/a7935877abe24bc8a77574b025c134e2/servers/4096b8a8-1fc0-4042-be37-78dadbe9f18b 0.379s
2015-12-08 08:06:02,895 27636 DEBUG    [tempest_lib.common.rest_client] Request - Headers: {'Content-Type': 'application/json', 'Accept': 'application/json', 'X-Auth-Token': '&lt;omitted&gt;'}
        Body: None
    Response - Headers: {'status': '200', 'content-length': '1481', 'content-location': 'http://10.0.2.15:8774/v2.1/a7935877abe24bc8a77574b025c134e2/servers/4096b8a8-1fc0-4042-be37-78dadbe9f18b', 'x-compute-request-id': 'req-0ee1a6e5-df2a-4c48-98f9-72e30dab164a', 'vary': 'X-OpenStack-Nova-API-Version', 'connection': 'close', 'x-openstack-nova-api-version': '2.1', 'date': 'Tue, 08 Dec 2015 08:06:02 GMT', 'content-type': 'application/json'}
        Body: {"server": {"status": "BUILD", "updated": "2015-12-08T08:06:02Z", "hostId": "73031b93cc85b56744208d8a8e32ee1389b7afb3adee6bcb7e9fc5bd", "addresses": {}, "links": [{"href": "http://10.0.2.15:8774/v2.1/a7935877abe24bc8a77574b025c134e2/servers/4096b8a8-1fc0-4042-be37-78dadbe9f18b", "rel": "self"}, {"href": "http://10.0.2.15:8774/a7935877abe24bc8a77574b025c134e2/servers/4096b8a8-1fc0-4042-be37-78dadbe9f18b", "rel": "bookmark"}], "key_name": "tempest-TestGettingAddress-2039135306", "image": {"id": "5dd1b9fc-712d-4157-b074-bf0deb7520b8", "links": [{"href": "http://10.0.2.15:8774/a7935877abe24bc8a77574b025c134e2/images/5dd1b9fc-712d-4157-b074-bf0deb7520b8", "rel": "bookmark"}]}, "OS-EXT-STS:task_state": "spawning", "OS-EXT-STS:vm_state": "building", "OS-SRV-USG:launched_at": null, "flavor": {"id": "42", "links": [{"href": "http://10.0.2.15:8774/a7935877abe24bc8a77574b025c134e2/flavors/42", "rel": "bookmark"}]}, "id": "4096b8a8-1fc0-4042-be37-78dadbe9f18b", "security_groups": [{"name": "tempest-secgroup-smoke-1715859384"}], "OS-SRV-USG:terminated_at": null, "OS-EXT-AZ:availability_zone": "nova", "user_id": "c76810b8fe49469c931270cb435fb6d8", "name": "tempest.common.compute-instance-1872611939", "created": "2015-12-08T08:06:01Z", "tenant_id": "a7935877abe24bc8a77574b025c134e2", "OS-DCF:diskConfig": "MANUAL", "os-extended-volumes:volumes_attached": [], "accessIPv4": "", "accessIPv6": "", "progress": 0, "OS-EXT-STS:power_state": 0, "config_drive": "", "metadata": {}}}
2015-12-08 08:06:02,903 27636 INFO     [tempest.common.waiters] State transition "BUILD/scheduling" ==&gt; "BUILD/spawning" after 1 second wait
2015-12-08 08:06:04,200 27636 INFO     [tempest_lib.common.rest_client] Request (TestGettingAddress:test_dhcp6_stateless_from_os): 200 GET http://10.0.2.15:8774/v2.1/a7935877abe24bc8a77574b025c134e2/servers/4096b8a8-1fc0-4042-be37-78dadbe9f18b 0.295s
2015-12-08 08:06:04,201 27636 DEBUG    [tempest_lib.common.rest_client] Request - Headers: {'Content-Type': 'application/json', 'Accept': 'application/json', 'X-Auth-Token': '&lt;omitted&gt;'}
        Body: None
    Response - Headers: {'status': '200', 'content-length': '1481', 'content-location': 'http://10.0.2.15:8774/v2.1/a7935877abe24bc8a77574b025c134e2/servers/4096b8a8-1fc0-4042-be37-78dadbe9f18b', 'x-compute-request-id': 'req-787fda6b-17a0-4ac4-9a6e-ef2c583cf87f', 'vary': 'X-OpenStack-Nova-API-Version', 'connection': 'close', 'x-openstack-nova-api-version': '2.1', 'date': 'Tue, 08 Dec 2015 08:06:04 GMT', 'content-type': 'application/json'}
        Body: {"server": {"status": "BUILD", "updated": "2015-12-08T08:06:02Z", "hostId": "73031b93cc85b56744208d8a8e32ee1389b7afb3adee6bcb7e9fc5bd", "addresses": {}, "links": [{"href": "http://10.0.2.15:8774/v2.1/a7935877abe24bc8a77574b025c134e2/servers/4096b8a8-1fc0-4042-be37-78dadbe9f18b", "rel": "self"}, {"href": "http://10.0.2.15:8774/a7935877abe24bc8a77574b025c134e2/servers/4096b8a8-1fc0-4042-be37-78dadbe9f18b", "rel": "bookmark"}], "key_name": "tempest-TestGettingAddress-2039135306", "image": {"id": "5dd1b9fc-712d-4157-b074-bf0deb7520b8", "links": [{"href": "http://10.0.2.15:8774/a7935877abe24bc8a77574b025c134e2/images/5dd1b9fc-712d-4157-b074-bf0deb7520b8", "rel": "bookmark"}]}, "OS-EXT-STS:task_state": "spawning", "OS-EXT-STS:vm_state": "building", "OS-SRV-USG:launched_at": null, "flavor": {"id": "42", "links": [{"href": "http://10.0.2.15:8774/a7935877abe24bc8a77574b025c134e2/flavors/42", "rel": "bookmark"}]}, "id": "4096b8a8-1fc0-4042-be37-78dadbe9f18b", "security_groups": [{"name": "tempest-secgroup-smoke-1715859384"}], "OS-SRV-USG:terminated_at": null, "OS-EXT-AZ:availability_zone": "nova", "user_id": "c76810b8fe49469c931270cb435fb6d8", "name": "tempest.common.compute-instance-1872611939", "created": "2015-12-08T08:06:01Z", "tenant_id": "a7935877abe24bc8a77574b025c134e2", "OS-DCF:diskConfig": "MANUAL", "os-extended-volumes:volumes_attached": [], "accessIPv4": "", "accessIPv6": "", "progress": 0, "OS-EXT-STS:power_state": 0, "config_drive": "", "metadata": {}}}
2015-12-08 08:06:05,396 27636 INFO     [tempest_lib.common.rest_client] Request (TestGettingAddress:test_dhcp6_stateless_from_os): 200 GET http://10.0.2.15:8774/v2.1/a7935877abe24bc8a77574b025c134e2/servers/4096b8a8-1fc0-4042-be37-78dadbe9f18b 0.185s
2015-12-08 08:06:05,397 27636 DEBUG    [tempest_lib.common.rest_client] Request - Headers: {'Content-Type': 'application/json', 'Accept': 'application/json', 'X-Auth-Token': '&lt;omitted&gt;'}
        Body: None
    Response - Headers: {'status': '200', 'content-length': '1781', 'content-location': 'http://10.0.2.15:8774/v2.1/a7935877abe24bc8a77574b025c134e2/servers/4096b8a8-1fc0-4042-be37-78dadbe9f18b', 'x-compute-request-id': 'req-fde4811b-3d01-4878-af1b-360196a9123a', 'vary': 'X-OpenStack-Nova-API-Version', 'connection': 'close', 'x-openstack-nova-api-version': '2.1', 'date': 'Tue, 08 Dec 2015 08:06:05 GMT', 'content-type': 'application/json'}
        Body: {"server": {"status": "ACTIVE", "updated": "2015-12-08T08:06:04Z", "hostId": "73031b93cc85b56744208d8a8e32ee1389b7afb3adee6bcb7e9fc5bd", "addresses": {"tempest-network-smoke--426300360": [{"OS-EXT-IPS-MAC:mac_addr": "fa:16:3e:1f:ab:3a", "version": 4, "addr": "10.100.0.3", "OS-EXT-IPS:type": "fixed"}, {"OS-EXT-IPS-MAC:mac_addr": "fa:16:3e:1f:ab:3a", "version": 6, "addr": "2003::f816:3eff:fe1f:ab3a", "OS-EXT-IPS:type": "fixed"}]}, "links": [{"href": "http://10.0.2.15:8774/v2.1/a7935877abe24bc8a77574b025c134e2/servers/4096b8a8-1fc0-4042-be37-78dadbe9f18b", "rel": "self"}, {"href": "http://10.0.2.15:8774/a7935877abe24bc8a77574b025c134e2/servers/4096b8a8-1fc0-4042-be37-78dadbe9f18b", "rel": "bookmark"}], "key_name": "tempest-TestGettingAddress-2039135306", "image": {"id": "5dd1b9fc-712d-4157-b074-bf0deb7520b8", "links": [{"href": "http://10.0.2.15:8774/a7935877abe24bc8a77574b025c134e2/images/5dd1b9fc-712d-4157-b074-bf0deb7520b8", "rel": "bookmark"}]}, "OS-EXT-STS:task_state": null, "OS-EXT-STS:vm_state": "active", "OS-SRV-USG:launched_at": "2015-12-08T08:06:04.000000", "flavor": {"id": "42", "links": [{"href": "http://10.0.2.15:8774/a7935877abe24bc8a77574b025c134e2/flavors/42", "rel": "bookmark"}]}, "id": "4096b8a8-1fc0-4042-be37-78dadbe9f18b", "security_groups": [{"name": "tempest-secgroup-smoke-1715859384"}], "OS-SRV-USG:terminated_at": null, "OS-EXT-AZ:availability_zone": "nova", "user_id": "c76810b8fe49469c931270cb435fb6d8", "name": "tempest.common.compute-instance-1872611939", "created": "2015-12-08T08:06:01Z", "tenant_id": "a7935877abe24bc8a77574b025c134e2", "OS-DCF:diskConfig": "MANUAL", "os-extended-volumes:volumes_attached": [], "accessIPv4": "", "accessIPv6": "", "progress": 0, "OS-EXT-STS:power_state": 1, "config_drive": "True", "metadata": {}}}
2015-12-08 08:06:05,406 27636 INFO     [tempest.common.waiters] State transition "BUILD/spawning" ==&gt; "ACTIVE/None" after 4 second wait
2015-12-08 08:06:05,597 27636 INFO     [tempest_lib.common.rest_client] Request (TestGettingAddress:test_dhcp6_stateless_from_os): 200 GET http://10.0.2.15:8774/v2.1/a7935877abe24bc8a77574b025c134e2/servers/4096b8a8-1fc0-4042-be37-78dadbe9f18b 0.190s
2015-12-08 08:06:05,597 27636 DEBUG    [tempest_lib.common.rest_client] Request - Headers: {'Content-Type': 'application/json', 'Accept': 'application/json', 'X-Auth-Token': '&lt;omitted&gt;'}
        Body: None
    Response - Headers: {'status': '200', 'content-length': '1781', 'content-location': 'http://10.0.2.15:8774/v2.1/a7935877abe24bc8a77574b025c134e2/servers/4096b8a8-1fc0-4042-be37-78dadbe9f18b', 'x-compute-request-id': 'req-b0b0e3a5-3491-43e1-bbe4-ec9a25e52e3f', 'vary': 'X-OpenStack-Nova-API-Version', 'connection': 'close', 'x-openstack-nova-api-version': '2.1', 'date': 'Tue, 08 Dec 2015 08:06:05 GMT', 'content-type': 'application/json'}
        Body: {"server": {"status": "ACTIVE", "updated": "2015-12-08T08:06:04Z", "hostId": "73031b93cc85b56744208d8a8e32ee1389b7afb3adee6bcb7e9fc5bd", "addresses": {"tempest-network-smoke--426300360": [{"OS-EXT-IPS-MAC:mac_addr": "fa:16:3e:1f:ab:3a", "version": 4, "addr": "10.100.0.3", "OS-EXT-IPS:type": "fixed"}, {"OS-EXT-IPS-MAC:mac_addr": "fa:16:3e:1f:ab:3a", "version": 6, "addr": "2003::f816:3eff:fe1f:ab3a", "OS-EXT-IPS:type": "fixed"}]}, "links": [{"href": "http://10.0.2.15:8774/v2.1/a7935877abe24bc8a77574b025c134e2/servers/4096b8a8-1fc0-4042-be37-78dadbe9f18b", "rel": "self"}, {"href": "http://10.0.2.15:8774/a7935877abe24bc8a77574b025c134e2/servers/4096b8a8-1fc0-4042-be37-78dadbe9f18b", "rel": "bookmark"}], "key_name": "tempest-TestGettingAddress-2039135306", "image": {"id": "5dd1b9fc-712d-4157-b074-bf0deb7520b8", "links": [{"href": "http://10.0.2.15:8774/a7935877abe24bc8a77574b025c134e2/images/5dd1b9fc-712d-4157-b074-bf0deb7520b8", "rel": "bookmark"}]}, "OS-EXT-STS:task_state": null, "OS-EXT-STS:vm_state": "active", "OS-SRV-USG:launched_at": "2015-12-08T08:06:04.000000", "flavor": {"id": "42", "links": [{"href": "http://10.0.2.15:8774/a7935877abe24bc8a77574b025c134e2/flavors/42", "rel": "bookmark"}]}, "id": "4096b8a8-1fc0-4042-be37-78dadbe9f18b", "security_groups": [{"name": "tempest-secgroup-smoke-1715859384"}], "OS-SRV-USG:terminated_at": null, "OS-EXT-AZ:availability_zone": "nova", "user_id": "c76810b8fe49469c931270cb435fb6d8", "name": "tempest.common.compute-instance-1872611939", "created": "2015-12-08T08:06:01Z", "tenant_id": "a7935877abe24bc8a77574b025c134e2", "OS-DCF:diskConfig": "MANUAL", "os-extended-volumes:volumes_attached": [], "accessIPv4": "", "accessIPv6": "", "progress": 0, "OS-EXT-STS:power_state": 1, "config_drive": "True", "metadata": {}}}
2015-12-08 08:06:05,730 27636 INFO     [tempest_lib.common.rest_client] Request (TestGettingAddress:test_dhcp6_stateless_from_os): 200 GET http://10.0.2.15:9696/v2.0/ports?status=ACTIVE&amp;fixed_ip=None&amp;device_id=4096b8a8-1fc0-4042-be37-78dadbe9f18b 0.125s
2015-12-08 08:06:05,732 27636 DEBUG    [tempest_lib.common.rest_client] Request - Headers: {'Content-Type': 'application/json', 'Accept': 'application/json', 'X-Auth-Token': '&lt;omitted&gt;'}
        Body: None
    Response - Headers: {'status': '200', 'content-length': '1142', 'content-location': 'http://10.0.2.15:9696/v2.0/ports?status=ACTIVE&amp;fixed_ip=None&amp;device_id=4096b8a8-1fc0-4042-be37-78dadbe9f18b', 'connection': 'close', 'date': 'Tue, 08 Dec 2015 08:06:05 GMT', 'content-type': 'application/json; charset=UTF-8', 'x-openstack-request-id': 'req-cf25a331-5f1b-4c0d-a9d5-b0e5bb0935d0'}
        Body: {"ports": [{"status": "ACTIVE", "binding:host_id": "vagrant-ubuntu-trusty-64", "allowed_address_pairs": [], "extra_dhcp_opts": [], "dns_assignment": [{"hostname": "host-10-100-0-3", "ip_address": "10.100.0.3", "fqdn": "host-10-100-0-3.openstacklocal."}, {"hostname": "host-2003--f816-3eff-fe1f-ab3a", "ip_address": "2003::f816:3eff:fe1f:ab3a", "fqdn": "host-2003--f816-3eff-fe1f-ab3a.openstacklocal."}], "device_owner": "compute:None", "port_security_enabled": true, "binding:profile": {}, "fixed_ips": [{"subnet_id": "69c817e6-1adc-470e-a0a8-4cdbaaab8871", "ip_address": "10.100.0.3"}, {"subnet_id": "40a58583-88fe-41d2-add2-b984301f9790", "ip_address": "2003::f816:3eff:fe1f:ab3a"}], "id": "01c8e18c-2935-4491-8447-0335b12cdde5", "security_groups": ["41fcd436-6b7c-49ef-9135-2fcdb991474c"], "device_id": "4096b8a8-1fc0-4042-be37-78dadbe9f18b", "name": "", "admin_state_up": true, "network_id": "56a43069-e7f1-4af6-b6d1-549327083445", "dns_name": "", "binding:vif_details": {"port_filter": true}, "binding:vnic_type": "normal", "binding:vif_type": "ovs", "tenant_id": "a7935877abe24bc8a77574b025c134e2", "mac_address": "fa:16:3e:1f:ab:3a"}]}
2015-12-08 08:06:06,135 27636 INFO     [tempest_lib.common.rest_client] Request (TestGettingAddress:test_dhcp6_stateless_from_os): 201 POST http://10.0.2.15:9696/v2.0/floatingips 0.402s
2015-12-08 08:06:06,135 27636 DEBUG    [tempest_lib.common.rest_client] Request - Headers: {'Content-Type': 'application/json', 'Accept': 'application/json', 'X-Auth-Token': '&lt;omitted&gt;'}
        Body: {"floatingip": {"floating_network_id": "4fd1acdf-321b-4f20-9456-5a15222bcd4d", "tenant_id": "a7935877abe24bc8a77574b025c134e2", "fixed_ip_address": "10.100.0.3", "port_id": "01c8e18c-2935-4491-8447-0335b12cdde5"}}
    Response - Headers: {'status': '201', 'content-length': '367', 'connection': 'close', 'date': 'Tue, 08 Dec 2015 08:06:06 GMT', 'content-type': 'application/json; charset=UTF-8', 'x-openstack-request-id': 'req-2f4774dc-8426-4035-94ab-7f838fedc750'}
        Body: {"floatingip": {"floating_network_id": "4fd1acdf-321b-4f20-9456-5a15222bcd4d", "router_id": "7fc44af5-3cbc-49f8-a2dd-cd6087592fce", "fixed_ip_address": "10.100.0.3", "floating_ip_address": "172.24.4.4", "tenant_id": "a7935877abe24bc8a77574b025c134e2", "status": "DOWN", "port_id": "01c8e18c-2935-4491-8447-0335b12cdde5", "id": "c2bd6b77-6d6e-4291-9756-830183bdfaba"}}
2015-12-08 08:06:06,137 27636 INFO     [tempest_lib.common.ssh] Creating ssh connection to '172.24.4.4' as 'cirros' with public key authentication
2015-12-08 08:06:10,052 27636 WARNING  [tempest_lib.common.ssh] Failed to establish authenticated ssh connection to cirros@172.24.4.4 ([Errno None] Unable to connect to port 22 on  or 172.24.4.4). Number attempts: 1. Retry after 2 seconds.
2015-12-08 08:06:15,551 27636 WARNING  [tempest_lib.common.ssh] Failed to establish authenticated ssh connection to cirros@172.24.4.4 ([Errno None] Unable to connect to port 22 on  or 172.24.4.4). Number attempts: 2. Retry after 3 seconds.
2015-12-08 08:06:22,056 27636 WARNING  [tempest_lib.common.ssh] Failed to establish authenticated ssh connection to cirros@172.24.4.4 ([Errno None] Unable to connect to port 22 on  or 172.24.4.4). Number attempts: 3. Retry after 4 seconds.
2015-12-08 08:06:29,560 27636 WARNING  [tempest_lib.common.ssh] Failed to establish authenticated ssh connection to cirros@172.24.4.4 ([Errno None] Unable to connect to port 22 on  or 172.24.4.4). Number attempts: 4. Retry after 5 seconds.
2015-12-08 08:06:38,068 27636 WARNING  [tempest_lib.common.ssh] Failed to establish authenticated ssh connection to cirros@172.24.4.4 ([Errno None] Unable to connect to port 22 on  or 172.24.4.4). Number attempts: 5. Retry after 6 seconds.
2015-12-08 08:06:47,572 27636 WARNING  [tempest_lib.common.ssh] Failed to establish authenticated ssh connection to cirros@172.24.4.4 ([Errno None] Unable to connect to port 22 on  or 172.24.4.4). Number attempts: 6. Retry after 7 seconds.
2015-12-08 08:06:58,080 27636 WARNING  [tempest_lib.common.ssh] Failed to establish authenticated ssh connection to cirros@172.24.4.4 ([Errno None] Unable to connect to port 22 on  or 172.24.4.4). Number attempts: 7. Retry after 8 seconds.
2015-12-08 08:07:09,588 27636 WARNING  [tempest_lib.common.ssh] Failed to establish authenticated ssh connection to cirros@172.24.4.4 ([Errno None] Unable to connect to port 22 on  or 172.24.4.4). Number attempts: 8. Retry after 9 seconds.
2015-12-08 08:07:22,096 27636 WARNING  [tempest_lib.common.ssh] Failed to establish authenticated ssh connection to cirros@172.24.4.4 ([Errno None] Unable to connect to port 22 on  or 172.24.4.4). Number attempts: 9. Retry after 10 seconds.
2015-12-08 08:07:35,610 27636 WARNING  [tempest_lib.common.ssh] Failed to establish authenticated ssh connection to cirros@172.24.4.4 ([Errno None] Unable to connect to port 22 on  or 172.24.4.4). Number attempts: 10. Retry after 11 seconds.
2015-12-08 08:07:50,120 27636 WARNING  [tempest_lib.common.ssh] Failed to establish authenticated ssh connection to cirros@172.24.4.4 ([Errno None] Unable to connect to port 22 on  or 172.24.4.4). Number attempts: 11. Retry after 12 seconds.
2015-12-08 08:08:05,629 27636 WARNING  [tempest_lib.common.ssh] Failed to establish authenticated ssh connection to cirros@172.24.4.4 ([Errno None] Unable to connect to port 22 on  or 172.24.4.4). Number attempts: 12. Retry after 13 seconds.
2015-12-08 08:08:22,146 27636 WARNING  [tempest_lib.common.ssh] Failed to establish authenticated ssh connection to cirros@172.24.4.4 ([Errno None] Unable to connect to port 22 on  or 172.24.4.4). Number attempts: 13. Retry after 14 seconds.
2015-12-08 08:08:39,659 27636 WARNING  [tempest_lib.common.ssh] Failed to establish authenticated ssh connection to cirros@172.24.4.4 ([Errno None] Unable to connect to port 22 on  or 172.24.4.4). Number attempts: 14. Retry after 15 seconds.
2015-12-08 08:08:58,176 27636 WARNING  [tempest_lib.common.ssh] Failed to establish authenticated ssh connection to cirros@172.24.4.4 ([Errno None] Unable to connect to port 22 on  or 172.24.4.4). Number attempts: 15. Retry after 16 seconds.
2015-12-08 08:09:17,691 27636 WARNING  [tempest_lib.common.ssh] Failed to establish authenticated ssh connection to cirros@172.24.4.4 ([Errno None] Unable to connect to port 22 on  or 172.24.4.4). Number attempts: 16. Retry after 17 seconds.
2015-12-08 08:09:38,209 27636 ERROR    [tempest_lib.common.ssh] Failed to establish authenticated ssh connection to cirros@172.24.4.4 after 16 attempts
2015-12-08 08:09:38.209 27636 ERROR tempest_lib.common.ssh Traceback (most recent call last):
2015-12-08 08:09:38.209 27636 ERROR tempest_lib.common.ssh   File "/usr/local/lib/python2.7/dist-packages/tempest_lib/common/ssh.py", line 75, in _get_ssh_connection
2015-12-08 08:09:38.209 27636 ERROR tempest_lib.common.ssh     timeout=self.channel_timeout, pkey=self.pkey)
2015-12-08 08:09:38.209 27636 ERROR tempest_lib.common.ssh   File "/usr/local/lib/python2.7/dist-packages/paramiko/client.py", line 311, in connect
2015-12-08 08:09:38.209 27636 ERROR tempest_lib.common.ssh     raise NoValidConnectionsError(errors)
2015-12-08 08:09:38.209 27636 ERROR tempest_lib.common.ssh NoValidConnectionsError: [Errno None] Unable to connect to port 22 on  or 172.24.4.4
2015-12-08 08:09:38.209 27636 ERROR tempest_lib.common.ssh 
2015-12-08 08:09:38,212 27636 ERROR    [tempest.scenario.manager] (TestGettingAddress:test_dhcp6_stateless_from_os) Initializing SSH connection to 172.24.4.4 failed. Error: Connection to the 172.24.4.4 via SSH timed out.
User: cirros, Password: None
2015-12-08 08:09:38.212 27636 ERROR tempest.scenario.manager Traceback (most recent call last):
2015-12-08 08:09:38.212 27636 ERROR tempest.scenario.manager   File "tempest/scenario/manager.py", line 383, in get_remote_client
2015-12-08 08:09:38.212 27636 ERROR tempest.scenario.manager     linux_client.validate_authentication()
2015-12-08 08:09:38.212 27636 ERROR tempest.scenario.manager   File "tempest/common/utils/linux/remote_client.py", line 63, in validate_authentication
2015-12-08 08:09:38.212 27636 ERROR tempest.scenario.manager     self.ssh_client.test_connection_auth()
2015-12-08 08:09:38.212 27636 ERROR tempest.scenario.manager   File "/usr/local/lib/python2.7/dist-packages/tempest_lib/common/ssh.py", line 167, in test_connection_auth
2015-12-08 08:09:38.212 27636 ERROR tempest.scenario.manager     connection = self._get_ssh_connection()
2015-12-08 08:09:38.212 27636 ERROR tempest.scenario.manager   File "/usr/local/lib/python2.7/dist-packages/tempest_lib/common/ssh.py", line 87, in _get_ssh_connection
2015-12-08 08:09:38.212 27636 ERROR tempest.scenario.manager     password=self.password)
2015-12-08 08:09:38.212 27636 ERROR tempest.scenario.manager SSHTimeout: Connection to the 172.24.4.4 via SSH timed out.
2015-12-08 08:09:38.212 27636 ERROR tempest.scenario.manager User: cirros, Password: None
2015-12-08 08:09:38.212 27636 ERROR tempest.scenario.manager 
2015-12-08 08:09:38,297 27636 INFO     [tempest_lib.common.rest_client] Request (TestGettingAddress:test_dhcp6_stateless_from_os): 200 GET http://10.0.2.15:8774/v2.1/a7935877abe24bc8a77574b025c134e2/servers 0.083s
2015-12-08 08:09:38,297 27636 DEBUG    [tempest_lib.common.rest_client] Request - Headers: {'Content-Type': 'application/json', 'Accept': 'application/json', 'X-Auth-Token': '&lt;omitted&gt;'}
        Body: None
    Response - Headers: {'status': '200', 'content-length': '391', 'content-location': 'http://10.0.2.15:8774/v2.1/a7935877abe24bc8a77574b025c134e2/servers', 'x-compute-request-id': 'req-dbb45001-8f06-4821-92fc-67116ec38b62', 'vary': 'X-OpenStack-Nova-API-Version', 'connection': 'close', 'x-openstack-nova-api-version': '2.1', 'date': 'Tue, 08 Dec 2015 08:09:38 GMT', 'content-type': 'application/json'}
        Body: {"servers": [{"id": "4096b8a8-1fc0-4042-be37-78dadbe9f18b", "links": [{"href": "http://10.0.2.15:8774/v2.1/a7935877abe24bc8a77574b025c134e2/servers/4096b8a8-1fc0-4042-be37-78dadbe9f18b", "rel": "self"}, {"href": "http://10.0.2.15:8774/a7935877abe24bc8a77574b025c134e2/servers/4096b8a8-1fc0-4042-be37-78dadbe9f18b", "rel": "bookmark"}], "name": "tempest.common.compute-instance-1872611939"}]}
2015-12-08 08:09:38,527 27636 INFO     [tempest_lib.common.rest_client] Request (TestGettingAddress:test_dhcp6_stateless_from_os): 200 POST http://10.0.2.15:8774/v2.1/a7935877abe24bc8a77574b025c134e2/servers/4096b8a8-1fc0-4042-be37-78dadbe9f18b/action 0.224s
2015-12-08 08:09:38,528 27636 DEBUG    [tempest_lib.common.rest_client] Request - Headers: {'Content-Type': 'application/json', 'Accept': 'application/json', 'X-Auth-Token': '&lt;omitted&gt;'}
        Body: {"os-getConsoleOutput": {}}
    Response - Headers: {'status': '200', 'content-length': '24671', 'x-compute-request-id': 'req-cda67cc0-67af-4abf-9064-65a83a9040da', 'vary': 'X-OpenStack-Nova-API-Version', 'connection': 'close', 'x-openstack-nova-api-version': '2.1', 'date': 'Tue, 08 Dec 2015 08:09:38 GMT', 'content-type': 'application/json'}
        Body: {"output": "[    0.000000] Initializing cgroup subsys cpuset\n[    0.000000] Initializing cgroup subsys cpu\n[    0.000000] Linux version 3.2.0-80-virtual (buildd@batsu) (gcc version 4.6.3 (Ubuntu/Linaro 4.6.3-1ubuntu5) ) #116-Ubuntu SMP Mon Mar 23 17:28:52 UTC 2015 (Ubuntu 3.2.0-80.116-virtual 3.2.68)\n[    0.000000] Command line: root=/dev/vda console=tty0 console=ttyS0 no_timer_check\n[    0.000000] KERNEL supported cpus:\n[    0.000000]   Intel GenuineIntel\n[    0.000000]   AMD AuthenticAMD\n[    0.000000]   Centaur CentaurHauls\n[    0.000000] BIOS-provided physical RAM map:\n[    0.000000]  BIOS-e820: 0000000000000000 - 000000000009fc00 (usable)\n[    0.000000]  BIOS-e820: 000000000009fc00 - 00000000000a0000 (reserved)\n[    0.000000]  BIOS-e820: 00000000000f0000 - 0000000000100000 (reserved)\n[    0.000000]  BIOS-e820: 0000000000100000 - 0000000003ffe000 (usable)\n[    0.000000]  BIOS-e820: 0000000003ffe000 - 0000000004000000 (reserved)\n[    0.000000]  BIOS-e820: 00000000fffc0000 - 0000000100000000 (reserved)\n[    0.000000] NX (Execute Disable) protection: active\n[    0.000000] SMBIOS 2.4 present.\n[    0.000000] No AGP bridge found\n[    0.000000] last_pfn = 0x3ffe max_arch_pfn = 0x400000000\n[    0.000000] x86 PAT enabled: cpu 0, old 0x7040600070406, new 0x7010600070106\n[    0.000000] found SMP MP-table at [ffff8800000f0b00] f0b00\n[    0.000000] init_memory_mapping: 0000000000000000-0000000003ffe000\n[    0.000000] RAMDISK: 03c5e000 - 03ff0000\n[    0.000000] ACPI: RSDP 00000000000f0950 00014 (v00 BOCHS )\n[    0.000000] ACPI: RSDT 0000000003fffbc1 00034 (v01 BOCHS  BXPCRSDT 00000001 BXPC 00000001)\n[    0.000000] ACPI: FACP 0000000003fff1c0 00074 (v01 BOCHS  BXPCFACP 00000001 BXPC 00000001)\n[    0.000000] ACPI: DSDT 0000000003ffe040 01180 (v01 BOCHS  BXPCDSDT 00000001 BXPC 00000001)\n[    0.000000] ACPI: FACS 0000000003ffe000 00040\n[    0.000000] ACPI: SSDT 0000000003fff234 008DD (v01 BOCHS  BXPCSSDT 00000001 BXPC 00000001)\n[    0.000000] ACPI: APIC 0000000003fffb11 00078 (v01 BOCHS  BXPCAPIC 00000001 BXPC 00000001)\n[    0.000000] ACPI: HPET 0000000003fffb89 00038 (v01 BOCHS  BXPCHPET 00000001 BXPC 00000001)\n[    0.000000] No NUMA configuration found\n[    0.000000] Faking a node at 0000000000000000-0000000003ffe000\n[    0.000000] Initmem setup node 0 0000000000000000-0000000003ffe000\n[    0.000000]   NODE_DATA [0000000003ff6000 - 0000000003ffafff]\n[    0.000000] Zone PFN ranges:\n[    0.000000]   DMA      0x00000010 -&gt; 0x00001000\n[    0.000000]   DMA32    0x00001000 -&gt; 0x00100000\n[    0.000000]   Normal   empty\n[    0.000000] Movable zone start PFN for each node\n[    0.000000] early_node_map[2] active PFN ranges\n[    0.000000]     0: 0x00000010 -&gt; 0x0000009f\n[    0.000000]     0: 0x00000100 -&gt; 0x00003ffe\n[    0.000000] ACPI: PM-Timer IO Port: 0xb008\n[    0.000000] ACPI: LAPIC (acpi_id[0x00] lapic_id[0x00] enabled)\n[    0.000000] ACPI: LAPIC_NMI (acpi_id[0xff] dfl dfl lint[0x1])\n[    0.000000] ACPI: IOAPIC (id[0x00] address[0xfec00000] gsi_base[0])\n[    0.000000] IOAPIC[0]: apic_id 0, version 17, address 0xfec00000, GSI 0-23\n[    0.000000] ACPI: INT_SRC_OVR (bus 0 bus_irq 0 global_irq 2 dfl dfl)\n[    0.000000] ACPI: INT_SRC_OVR (bus 0 bus_irq 5 global_irq 5 high level)\n[    0.000000] ACPI: INT_SRC_OVR (bus 0 bus_irq 9 global_irq 9 high level)\n[    0.000000] ACPI: INT_SRC_OVR (bus 0 bus_irq 10 global_irq 10 high level)\n[    0.000000] ACPI: INT_SRC_OVR (bus 0 bus_irq 11 global_irq 11 high level)\n[    0.000000] Using ACPI (MADT) for SMP configuration information\n[    0.000000] ACPI: HPET id: 0x8086a201 base: 0xfed00000\n[    0.000000] SMP: Allowing 1 CPUs, 0 hotplug CPUs\n[    0.000000] PM: Registered nosave memory: 000000000009f000 - 00000000000a0000\n[    0.000000] PM: Registered nosave memory: 00000000000a0000 - 00000000000f0000\n[    0.000000] PM: Registered nosave memory: 00000000000f0000 - 0000000000100000\n[    0.000000] Allocating PCI resources starting at 4000000 (gap: 4000000:fbfc0000)\n[    0.000000] Booting paravirtualized kernel on bare hardware\n[    0.000000] setup_pe
2015-12-08 08:09:38,530 27636 DEBUG    [tempest.scenario.manager] Console output for 4096b8a8-1fc0-4042-be37-78dadbe9f18b
body=
[    0.000000] Initializing cgroup subsys cpuset
[    0.000000] Initializing cgroup subsys cpu
[    0.000000] Linux version 3.2.0-80-virtual (buildd@batsu) (gcc version 4.6.3 (Ubuntu/Linaro 4.6.3-1ubuntu5) ) #116-Ubuntu SMP Mon Mar 23 17:28:52 UTC 2015 (Ubuntu 3.2.0-80.116-virtual 3.2.68)
[    0.000000] Command line: root=/dev/vda console=tty0 console=ttyS0 no_timer_check
[    0.000000] KERNEL supported cpus:
[    0.000000]   Intel GenuineIntel
[    0.000000]   AMD AuthenticAMD
[    0.000000]   Centaur CentaurHauls
[    0.000000] BIOS-provided physical RAM map:
[    0.000000]  BIOS-e820: 0000000000000000 - 000000000009fc00 (usable)
[    0.000000]  BIOS-e820: 000000000009fc00 - 00000000000a0000 (reserved)
[    0.000000]  BIOS-e820: 00000000000f0000 - 0000000000100000 (reserved)
[    0.000000]  BIOS-e820: 0000000000100000 - 0000000003ffe000 (usable)
[    0.000000]  BIOS-e820: 0000000003ffe000 - 0000000004000000 (reserved)
[    0.000000]  BIOS-e820: 00000000fffc0000 - 0000000100000000 (reserved)
[    0.000000] NX (Execute Disable) protection: active
[    0.000000] SMBIOS 2.4 present.
[    0.000000] No AGP bridge found
[    0.000000] last_pfn = 0x3ffe max_arch_pfn = 0x400000000
[    0.000000] x86 PAT enabled: cpu 0, old 0x7040600070406, new 0x7010600070106
[    0.000000] found SMP MP-table at [ffff8800000f0b00] f0b00
[    0.000000] init_memory_mapping: 0000000000000000-0000000003ffe000
[    0.000000] RAMDISK: 03c5e000 - 03ff0000
[    0.000000] ACPI: RSDP 00000000000f0950 00014 (v00 BOCHS )
[    0.000000] ACPI: RSDT 0000000003fffbc1 00034 (v01 BOCHS  BXPCRSDT 00000001 BXPC 00000001)
[    0.000000] ACPI: FACP 0000000003fff1c0 00074 (v01 BOCHS  BXPCFACP 00000001 BXPC 00000001)
[    0.000000] ACPI: DSDT 0000000003ffe040 01180 (v01 BOCHS  BXPCDSDT 00000001 BXPC 00000001)
[    0.000000] ACPI: FACS 0000000003ffe000 00040
[    0.000000] ACPI: SSDT 0000000003fff234 008DD (v01 BOCHS  BXPCSSDT 00000001 BXPC 00000001)
[    0.000000] ACPI: APIC 0000000003fffb11 00078 (v01 BOCHS  BXPCAPIC 00000001 BXPC 00000001)
[    0.000000] ACPI: HPET 0000000003fffb89 00038 (v01 BOCHS  BXPCHPET 00000001 BXPC 00000001)
[    0.000000] No NUMA configuration found
[    0.000000] Faking a node at 0000000000000000-0000000003ffe000
[    0.000000] Initmem setup node 0 0000000000000000-0000000003ffe000
[    0.000000]   NODE_DATA [0000000003ff6000 - 0000000003ffafff]
[    0.000000] Zone PFN ranges:
[    0.000000]   DMA      0x00000010 -&gt; 0x00001000
[    0.000000]   DMA32    0x00001000 -&gt; 0x00100000
[    0.000000]   Normal   empty
[    0.000000] Movable zone start PFN for each node
[    0.000000] early_node_map[2] active PFN ranges
[    0.000000]     0: 0x00000010 -&gt; 0x0000009f
[    0.000000]     0: 0x00000100 -&gt; 0x00003ffe
[    0.000000] ACPI: PM-Timer IO Port: 0xb008
[    0.000000] ACPI: LAPIC (acpi_id[0x00] lapic_id[0x00] enabled)
[    0.000000] ACPI: LAPIC_NMI (acpi_id[0xff] dfl dfl lint[0x1])
[    0.000000] ACPI: IOAPIC (id[0x00] address[0xfec00000] gsi_base[0])
[    0.000000] IOAPIC[0]: apic_id 0, version 17, address 0xfec00000, GSI 0-23
[    0.000000] ACPI: INT_SRC_OVR (bus 0 bus_irq 0 global_irq 2 dfl dfl)
[    0.000000] ACPI: INT_SRC_OVR (bus 0 bus_irq 5 global_irq 5 high level)
[    0.000000] ACPI: INT_SRC_OVR (bus 0 bus_irq 9 global_irq 9 high level)
[    0.000000] ACPI: INT_SRC_OVR (bus 0 bus_irq 10 global_irq 10 high level)
[    0.000000] ACPI: INT_SRC_OVR (bus 0 bus_irq 11 global_irq 11 high level)
[    0.000000] Using ACPI (MADT) for SMP configuration information
[    0.000000] ACPI: HPET id: 0x8086a201 base: 0xfed00000
[    0.000000] SMP: Allowing 1 CPUs, 0 hotplug CPUs
[    0.000000] PM: Registered nosave memory: 000000000009f000 - 00000000000a0000
[    0.000000] PM: Registered nosave memory: 00000000000a0000 - 00000000000f0000
[    0.000000] PM: Registered nosave memory: 00000000000f0000 - 0000000000100000
[    0.000000] Allocating PCI resources starting at 4000000 (gap: 4000000:fbfc0000)
[    0.000000] Booting paravirtualized kernel on bare hardware
[    0.000000] setup_percpu: NR_CPUS:64 nr_cpumask_bits:64 nr_cpu_ids:1 nr_node_ids:1
[    0.000000] PERCPU: Embedded 27 pages/cpu @ffff880003a00000 s78848 r8192 d23552 u2097152
[    0.000000] Built 1 zonelists in Node order, mobility grouping on.  Total pages: 16008
[    0.000000] Policy zone: DMA32
[    0.000000] Kernel command line: root=/dev/vda console=tty0 console=ttyS0 no_timer_check
[    0.000000] PID hash table entries: 256 (order: -1, 2048 bytes)
[    0.000000] Checking aperture...
[    0.000000] No AGP bridge found
[    0.000000] Memory: 43492k/65528k available (6576k kernel code, 452k absent, 21584k reserved, 6620k data, 928k init)
[    0.000000] SLUB: Genslabs=15, HWalign=64, Order=0-3, MinObjects=0, CPUs=1, Nodes=1
[    0.000000] Hierarchical RCU implementation.
[    0.000000] 	RCU dyntick-idle grace-period acceleration is enabled.
[    0.000000] NR_IRQS:4352 nr_irqs:256 16
[    0.000000] Console: colour VGA+ 80x25
[    0.000000] console [tty0] enabled
[    0.000000] console [ttyS0] enabled
[    0.000000] allocated 1048576 bytes of page_cgroup
[    0.000000] please try 'cgroup_disable=memory' option if you don't want memory cgroups
[    0.000000] Fast TSC calibration failed
[    0.000000] TSC: Unable to calibrate against PIT
[    0.000000] TSC: using HPET reference calibration
[    0.000000] Detected 2293.330 MHz processor.
[    0.028941] Calibrating delay loop (skipped), value calculated using timer frequency.. 4586.66 BogoMIPS (lpj=9173320)
[    0.033076] pid_max: default: 32768 minimum: 301
[    0.044370] Security Framework initialized
[    0.049887] AppArmor: AppArmor initialized
[    0.050640] Yama: becoming mindful.
[    0.059132] Dentry cache hash table entries: 8192 (order: 4, 65536 bytes)
[    0.061068] Inode-cache hash table entries: 4096 (order: 3, 32768 bytes)
[    0.064456] Mount-cache hash table entries: 256
[    0.080442] Initializing cgroup subsys cpuacct
[    0.081354] Initializing cgroup subsys memory
[    0.082669] Initializing cgroup subsys devices
[    0.084167] Initializing cgroup subsys freezer
[    0.084854] Initializing cgroup subsys blkio
[    0.085728] Initializing cgroup subsys perf_event
[    0.089868] mce: CPU supports 10 MCE banks
[    0.093486] SMP alternatives: switching to UP code
[    0.489325] Freeing SMP alternatives: 24k freed
[    0.491470] ACPI: Core revision 20110623
[    0.540941] ftrace: allocating 26610 entries in 105 pages
[    0.577534] ..TIMER: vector=0x30 apic1=0 pin1=2 apic2=-1 pin2=-1
[    0.580262] CPU0: AMD QEMU Virtual CPU version 2.0.0 stepping 03
[    0.584035] Performance Events: Broken PMU hardware detected, using software events only.
[    0.591029] NMI watchdog disabled (cpu0): hardware events not enabled
[    0.592706] Brought up 1 CPUs
[    0.593318] Total of 1 processors activated (4586.66 BogoMIPS).
[    0.619333] devtmpfs: initialized
[    0.647389] EVM: security.selinux
[    0.648079] EVM: security.SMACK64
[    0.648495] EVM: security.capability
[    0.666835] print_constraints: dummy: 
[    0.668948] RTC time:  8:06:08, date: 12/08/15
[    0.671215] NET: Registered protocol family 16
[    0.678974] ACPI: bus type pci registered
[    0.682630] PCI: Using configuration type 1 for base access
[    0.720545] bio: create slab &lt;bio-0&gt; at 0
[    0.725753] ACPI: Added _OSI(Module Device)
[    0.726650] ACPI: Added _OSI(Processor Device)
[    0.727285] ACPI: Added _OSI(3.0 _SCP Extensions)
[    0.728102] ACPI: Added _OSI(Processor Aggregator Device)
[    0.812386] ACPI: Interpreter enabled
[    0.813016] ACPI: (supports S0 S3 S4 S5)
[    0.814664] ACPI: Using IOAPIC for interrupt routing
[    0.880710] ACPI: No dock devices found.
[    0.881300] HEST: Table not found.
[    0.881822] PCI: Using host bridge windows from ACPI; if necessary, use "pci=nocrs" and report a bug
[    0.886338] ACPI: PCI Root Bridge [PCI0] (domain 0000 [bus 00-ff])
[    0.894261] pci_root PNP0A03:00: host bridge window [io  0x0000-0x0cf7]
[    0.895449] pci_root PNP0A03:00: host bridge window [io  0x0d00-0xadff]
[    0.896109] pci_root PNP0A03:00: host bridge window [io  0xae0f-0xaeff]
[    0.896982] pci_root PNP0A03:00: host bridge window [io  0xaf20-0xafdf]
[    0.897804] pci_root PNP0A03:00: host bridge window [io  0xafe4-0xffff]
[    0.900164] pci_root PNP0A03:00: host bridge window [mem 0x000a0000-0x000bffff]
[    0.901251] pci_root PNP0A03:00: host bridge window [mem 0x04000000-0xfebfffff]
[    0.922573] pci 0000:00:01.3: quirk: [io  0xb000-0xb03f] claimed by PIIX4 ACPI
[    0.924165] pci 0000:00:01.3: quirk: [io  0xb100-0xb10f] claimed by PIIX4 SMB
[    0.998725]  pci0000:00: Unable to request _OSC control (_OSC support mask: 0x1e)
[    1.056885] ACPI: PCI Interrupt Link [LNKA] (IRQs 5 *10 11)
[    1.058899] ACPI: PCI Interrupt Link [LNKB] (IRQs 5 *10 11)
[    1.061246] ACPI: PCI Interrupt Link [LNKC] (IRQs 5 10 *11)
[    1.062888] ACPI: PCI Interrupt Link [LNKD] (IRQs 5 10 *11)
[    1.064941] ACPI: PCI Interrupt Link [LNKS] (IRQs *9)
[    1.070734] vgaarb: device added: PCI:0000:00:02.0,decodes=io+mem,owns=io+mem,locks=none
[    1.072188] vgaarb: loaded
[    1.072698] vgaarb: bridge control possible 0000:00:02.0
[    1.076600] i2c-core: driver [aat2870] using legacy suspend method
[    1.077261] i2c-core: driver [aat2870] using legacy resume method
[    1.080286] SCSI subsystem initialized
[    1.083107] usbcore: registered new interface driver usbfs
[    1.084636] usbcore: registered new interface driver hub
[    1.085783] usbcore: registered new device driver usb
[    1.089641] PCI: Using ACPI for IRQ routing
[    1.100459] NetLabel: Initializing
[    1.101149] NetLabel:  domain hash size = 128
[    1.101628] NetLabel:  protocols = UNLABELED CIPSOv4
[    1.103458] NetLabel:  unlabeled traffic allowed by default
[    1.105432] HPET: 3 timers in total, 0 timers will be used for per-cpu timer
[    1.106442] hpet0: at MMIO 0xfed00000, IRQs 2, 8, 0
[    1.108162] hpet0: 3 comparators, 64-bit 100.000000 MHz counter
[    1.122564] Switching to clocksource hpet
[    1.344055] AppArmor: AppArmor Filesystem Enabled
[    1.346037] pnp: PnP ACPI init
[    1.346673] ACPI: bus type pnp registered
[    1.366695] pnp: PnP ACPI: found 9 devices
[    1.367215] ACPI: ACPI bus type pnp unregistered
[    1.421227] NET: Registered protocol family 2
[    1.451551] IP route cache hash table entries: 512 (order: 0, 4096 bytes)
[    1.458707] TCP established hash table entries: 2048 (order: 3, 32768 bytes)
[    1.460387] TCP bind hash table entries: 2048 (order: 3, 32768 bytes)
[    1.461815] TCP: Hash tables configured (established 2048 bind 2048)
[    1.462555] TCP reno registered
[    1.463066] UDP hash table entries: 128 (order: 0, 4096 bytes)
[    1.463878] UDP-Lite hash table entries: 128 (order: 0, 4096 bytes)
[    1.467176] NET: Registered protocol family 1
[    1.468953] pci 0000:00:00.0: Limiting direct PCI/PCI transfers
[    1.469880] pci 0000:00:01.0: PIIX3: Enabling Passive Release
[    1.470780] pci 0000:00:01.0: Activating ISA DMA hang workarounds
[    1.475599] ACPI: PCI Interrupt Link [LNKD] enabled at IRQ 11
[    1.477674] pci 0000:00:01.2: PCI INT D -&gt; Link[LNKD] -&gt; GSI 11 (level, high) -&gt; IRQ 11
[    1.479792] pci 0000:00:01.2: PCI INT D disabled
[    1.498807] Trying to unpack rootfs image as initramfs...
[    1.514777] audit: initializing netlink socket (disabled)
[    1.517199] type=2000 audit(1449561968.512:1): initialized
[    1.782815] HugeTLB registered 2 MB page size, pre-allocated 0 pages
[    1.859055] VFS: Disk quotas dquot_6.5.2
[    1.861042] Dquot-cache hash table entries: 512 (order 0, 4096 bytes)
[    1.874708] fuse init (API version 7.17)
[    1.878356] msgmni has been set to 84
[    1.915478] Block layer SCSI generic (bsg) driver version 0.4 loaded (major 253)
[    1.918010] io scheduler noop registered
[    1.918517] io scheduler deadline registered (default)
[    1.919553] io scheduler cfq registered
[    1.923447] pci_hotplug: PCI Hot Plug PCI Core version: 0.5
[    1.929043] pciehp: PCI Express Hot Plug Controller Driver version: 0.4
[    1.939423] input: Power Button as /devices/LNXSYSTM:00/LNXPWRBN:00/input/input0
[    1.941646] ACPI: Power Button [PWRF]
[    2.008135] ERST: Table is not found!
[    2.010047] GHES: HEST is not enabled!
[    2.023594] ACPI: PCI Interrupt Link [LNKC] enabled at IRQ 10
[    2.026646] virtio-pci 0000:00:03.0: PCI INT A -&gt; Link[LNKC] -&gt; GSI 10 (level, high) -&gt; IRQ 10
[    2.031517] virtio-pci 0000:00:04.0: PCI INT A -&gt; Link[LNKD] -&gt; GSI 11 (level, high) -&gt; IRQ 11
[    2.050483] ACPI: PCI Interrupt Link [LNKA] enabled at IRQ 10
[    2.051152] virtio-pci 0000:00:05.0: PCI INT A -&gt; Link[LNKA] -&gt; GSI 10 (level, high) -&gt; IRQ 10
[    2.062798] Serial: 8250/16550 driver, 32 ports, IRQ sharing enabled
[    2.109929] serial8250: ttyS0 at I/O 0x3f8 (irq = 4) is a 16550A
[    2.190396] serial8250: ttyS1 at I/O 0x2f8 (irq = 3) is a 16550A
[    2.304955] 00:05: ttyS0 at I/O 0x3f8 (irq = 4) is a 16550A
[    2.396796] 00:06: ttyS1 at I/O 0x2f8 (irq = 3) is a 16550A
[    2.457851] Linux agpgart interface v0.103
[    2.487734] Refined TSC clocksource calibration: 2293.340 MHz.
[    2.491208] Switching to clocksource tsc
[    2.539284] brd: module loaded
[    2.574385] loop: module loaded
[    2.637654]  vda: unknown partition table
[    2.702128] scsi0 : ata_piix
[    2.705385] scsi1 : ata_piix
[    2.706779] ata1: PATA max MWDMA2 cmd 0x1f0 ctl 0x3f6 bmdma 0xc0a0 irq 14
[    2.707689] ata2: PATA max MWDMA2 cmd 0x170 ctl 0x376 bmdma 0xc0a8 irq 15
[    2.719067] Fixed MDIO Bus: probed
[    2.720172] tun: Universal TUN/TAP device driver, 1.6
[    2.721828] tun: (C) 1999-2004 Max Krasnyansky &lt;maxk@qualcomm.com&gt;
[    2.743706] PPP generic driver version 2.4.2
[    2.778882] ehci_hcd: USB 2.0 'Enhanced' Host Controller (EHCI) Driver
[    2.781975] ohci_hcd: USB 1.1 'Open' Host Controller (OHCI) Driver
[    2.783087] uhci_hcd: USB Universal Host Controller Interface driver
[    2.785622] uhci_hcd 0000:00:01.2: PCI INT D -&gt; Link[LNKD] -&gt; GSI 11 (level, high) -&gt; IRQ 11
[    2.791004] uhci_hcd 0000:00:01.2: UHCI Host Controller
[    2.802312] uhci_hcd 0000:00:01.2: new USB bus registered, assigned bus number 1
[    2.804210] uhci_hcd 0000:00:01.2: irq 11, io base 0x0000c040
[    2.839510] hub 1-0:1.0: USB hub found
[    2.840763] hub 1-0:1.0: 2 ports detected
[    2.847416] usbcore: registered new interface driver libusual
[    2.850010] i8042: PNP: PS/2 Controller [PNP0303:KBD,PNP0f13:MOU] at 0x60,0x64 irq 1,12
[    2.857930] serio: i8042 KBD port at 0x60,0x64 irq 1
[    2.858516] serio: i8042 AUX port at 0x60,0x64 irq 12
[    2.886187] mousedev: PS/2 mouse device common for all mice
[    2.895929] input: AT Translated Set 2 keyboard as /devices/platform/i8042/serio0/input/input1
[    2.906908] rtc_cmos 00:01: RTC can wake from S4
[    2.934523] rtc_cmos 00:01: rtc core: registered rtc_cmos as rtc0
[    2.939640] rtc0: alarms up to one day, 114 bytes nvram, hpet irqs
[    2.946418] device-mapper: uevent: version 1.0.3
[    2.960668] ata2.01: ATAPI: QEMU DVD-ROM, 2.0.0, max UDMA/100
[    2.975735] ata2.01: configured for MWDMA2
[    3.017794] device-mapper: ioctl: 4.22.0-ioctl (2011-10-19) initialised: dm-devel@redhat.com
[    3.022979] cpuidle: using governor ladder
[    3.024005] cpuidle: using governor menu
[    3.025750] EFI Variables Facility v0.08 2004-May-17
[    3.036083] TCP cubic registered
[    3.043577] NET: Registered protocol family 10
[    3.078862] NET: Registered protocol family 17
[    3.080581] Registering the dns_resolver key type
[    3.104757] scsi 1:0:1:0: CD-ROM            QEMU     QEMU DVD-ROM     2.0. PQ: 0 ANSI: 5
[    3.130187] sr0: scsi3-mmc drive: 4x/4x cd/rw xa/form2 tray
[    3.131798] cdrom: Uniform CD-ROM driver Revision: 3.20
[    3.153200] sr 1:0:1:0: Attached scsi generic sg0 type 5
[    3.218760] Freeing initrd memory: 3656k freed
[    3.237628] registered taskstats version 1
[    3.801225]   Magic number: 11:548:118
[    3.813350] rtc_cmos 00:01: setting system clock to 2015-12-08 08:06:11 UTC (1449561971)
[    3.815941] powernow-k8: Processor cpuid 663 not supported
[    3.823321] BIOS EDD facility v0.16 2004-Jun-25, 0 devices found
[    3.824152] EDD information not available.
[    3.886356] Freeing unused kernel memory: 928k freed
[    3.891338] Write protecting the kernel read-only data: 12288k
[    3.966517] Freeing unused kernel memory: 1596k freed
[    4.022243] Freeing unused kernel memory: 1184k freed

info: initramfs: up at 4.18
modprobe: module virtio_blk not found in modules.dep
modprobe: module virtio_net not found in modules.dep
info: copying initramfs to /dev/vda
info: initramfs loading root from /dev/vda
info: /etc/init.d/rc.sysinit: up at 8.74
info: container: none
Starting logging: OK
modprobe: module virtio_blk not found in modules.dep
modprobe: module virtio_net not found in modules.dep
WARN: /etc/rc3.d/S10-load-modules failed
Initializing random number generator... done.
Starting acpid: OK
cirros-ds 'local' up at 11.21
found datasource (configdrive, local)
Starting network...
udhcpc (v1.20.1) started
Sending discover...
Sending discover...
Sending discover...
Usage: /sbin/cirros-dhcpc &lt;up|down&gt;
No lease, failing
WARN: /etc/rc3.d/S40-network failed
Starting dropbear sshd: generating rsa key... generating dsa key... OK
no userdata for datasource
=== system information ===
Platform: OpenStack Foundation OpenStack Nova
Container: none
Arch: x86_64
CPU(s): 1 @ 2293.330 MHz
Cores/Sockets/Threads: 1/1/1
Virt-type: AMD-V
RAM Size: 49MB
Disks:
NAME MAJ:MIN     SIZE LABEL         MOUNTPOINT
vda  253:0   25165824 cirros-rootfs /
sr0   11:0     428032 config-2      
=== sshd host keys ===
-----BEGIN SSH HOST KEY KEYS-----
ssh-rsa AAAAB3NzaC1yc2EAAAADAQABAAAAgwCSJRq/bLaaxVflpYbjvoiTXYqZALvkvItK8eqZvyt/4VK2skhStiMM8Qsxe8dHG8L8fcYRh7/si/24SVZWtGIAG7XGKoELKAaJitIN5QGzo6Ylc2aiWa7Wz0j5Au+Zf9qi/5byEbX8pyFR/zDEqBDet3QvCJxX55uaAwrUewk5vxOB root@tempest
ssh-dss AAAAB3NzaC1kc3MAAACBANsJifLD/cLmrrGr2Lo7edgUVwgcyw9LH6AQaLo0wlUwnY77T98SzwhHEgsoWM2Q9nZ5aeo/aWEG7eZdKSxiGUiJ9jrAsbOzRvxwln4eCVSDVzUDVe7N4J8wyItNnobM42lch6WDIlSrFnu1qWbY8dtLPDMasg0GAHErVxdOMooVAAAAFQDvYH0/lwHpEzPBosAhTDDInz6J7QAAAIEAgCz8eEqGyC58048YuDNPvHsQuydneMRqjUXWJBAl6HE3QgU+l0odvkIS/2kP8Zxkv7kzp+M+D9onG+Q9I13hSZDPo8Y00tdVqCZc2Al6H7TPKISvQAzz33QBx4FVzd3fAz/ebrnisNvZpVZ7G9sFXltSjr6J/9UyMLRuWb4hTM0AAACAEPayvE3kPvxwp/SmevhyuUoER0oRxGr565TmR/uJa4H1Lw5XlePFuUEE3xf3lXqQ/cBUNuAHytbwREKaBKM1f/scXki0yApiAgn3vl5ETOcLv5LihRWxXmvxrrDUvWlytiZwByrRqIVMhSLrZJgmztD49vY5AheKPotxdVtEylE= root@tempest
-----END SSH HOST KEY KEYS-----
=== network info ===
if-info: lo,up,127.0.0.1,8,::1
if-info: eth0,up,,8,fe80::f816:3eff:fe1f:ab3a
=== datasource: configdrive local ===
instance-id: 4096b8a8-1fc0-4042-be37-78dadbe9f18b
name: tempest.common.compute-instance-1872611939
availability-zone: nova
local-hostname: tempest.common.compute-instance-1872611939.novalocal
launch-index: 0
=== cirros: current=0.3.4 uptime=202.21 ===
route: fscanf
=== pinging gateway failed, debugging connection ===
############ debug start ##############
### /etc/init.d/sshd start
Starting dropbear sshd: OK
route: fscanf
### ifconfig -a
eth0      Link encap:Ethernet  HWaddr FA:16:3E:1F:AB:3A  
          inet6 addr: fe80::f816:3eff:fe1f:ab3a/64 Scope:Link
          UP BROADCAST RUNNING MULTICAST  MTU:1500  Metric:1
          RX packets:12 errors:0 dropped:5 overruns:0 frame:0
          TX packets:8 errors:0 dropped:0 overruns:0 carrier:0
          collisions:0 txqueuelen:1000 
          RX bytes:1293 (1.2 KiB)  TX bytes:1134 (1.1 KiB)

lo        Link encap:Local Loopback  
          inet addr:127.0.0.1  Mask:255.0.0.0
          inet6 addr: ::1/128 Scope:Host
          UP LOOPBACK RUNNING  MTU:16436  Metric:1
          RX packets:12 errors:0 dropped:0 overruns:0 frame:0
          TX packets:12 errors:0 dropped:0 overruns:0 carrier:0
          collisions:0 txqueuelen:0 
          RX bytes:1020 (1020.0 B)  TX bytes:1020 (1020.0 B)

### route -n
Kernel IP routing table
Destination     Gateway         Genmask         Flags Metric Ref    Use Iface
route: fscanf
### cat /etc/resolv.conf
cat: can't open '/etc/resolv.conf': No such file or directory
### gateway not found
/sbin/cirros-status: line 1: can't open /etc/resolv.conf: no such file
### pinging nameservers
### uname -a
Linux tempest 3.2.0-80-virtual #116-Ubuntu SMP Mon Mar 23 17:28:52 UTC 2015 x86_64 GNU/Linux
### lsmod
Module                  Size  Used by    Not tainted
nls_iso8859_1          12713  0 
nls_cp437              16991  0 
vfat                   17585  0 
fat                    61512  1 vfat
isofs                  40259  0 
ip_tables              27473  0 
x_tables               29891  1 ip_tables
pcnet32                42119  0 
8139cp                 27360  0 
ne2k_pci               13691  0 
8390                   18856  1 ne2k_pci
e1000                 108589  0 
acpiphp                24231  0 
### dmesg | tail
[    4.967335] EXT3-fs (vda): mounted filesystem with ordered data mode
[    5.252549] ISO 9660 Extensions: Microsoft Joliet Level 3
[    5.325317] ISO 9660 Extensions: RRIP_1991A
[    5.618674] kjournald starting.  Commit interval 5 seconds
[    5.631103] EXT3-fs (vda): using internal journal
[    5.631201] EXT3-fs (vda): mounted filesystem with ordered data mode
[    8.866937] EXT3-fs (vda): using internal journal
[   11.946870] ISO 9660 Extensions: Microsoft Joliet Level 3
[   12.040079] ISO 9660 Extensions: RRIP_1991A
[   26.890401] eth0: no IPv6 routers present
### tail -n 25 /var/log/messages
Dec  8 08:06:17 cirros kern.info kernel: [    4.462874] acpiphp: Slot [26] registered
Dec  8 08:06:17 cirros kern.info kernel: [    4.463209] acpiphp: Slot [27] registered
Dec  8 08:06:17 cirros kern.info kernel: [    4.463542] acpiphp: Slot [28] registered
Dec  8 08:06:17 cirros kern.info kernel: [    4.463909] acpiphp: Slot [29] registered
Dec  8 08:06:17 cirros kern.info kernel: [    4.464120] acpiphp: Slot [30] registered
Dec  8 08:06:17 cirros kern.info kernel: [    4.465037] acpiphp: Slot [31] registered
Dec  8 08:06:17 cirros kern.info kernel: [    4.531068] e1000: Intel(R) PRO/1000 Network Driver - version 7.3.21-k8-NAPI
Dec  8 08:06:17 cirros kern.info kernel: [    4.531186] e1000: Copyright (c) 1999-2006 Intel Corporation.
Dec  8 08:06:17 cirros kern.info kernel: [    4.589891] ne2k-pci.c:v1.03 9/22/2003 D. Becker/P. Gortmaker
Dec  8 08:06:17 cirros kern.info kernel: [    4.631544] 8139cp: 8139cp: 10/100 PCI Ethernet driver v1.3 (Mar 22, 2004)
Dec  8 08:06:17 cirros kern.info kernel: [    4.670091] pcnet32: pcnet32.c:v1.35 21.Apr.2008 tsbogend@alpha.franken.de
Dec  8 08:06:17 cirros kern.info kernel: [    4.719750] ip_tables: (C) 2000-2006 Netfilter Core Team
Dec  8 08:06:17 cirros kern.info kernel: [    4.947839] kjournald starting.  Commit interval 5 seconds
Dec  8 08:06:17 cirros kern.info kernel: [    4.967335] EXT3-fs (vda): mounted filesystem with ordered data mode
Dec  8 08:06:17 cirros kern.debug kernel: [    5.252549] ISO 9660 Extensions: Microsoft Joliet Level 3
Dec  8 08:06:17 cirros kern.debug kernel: [    5.325317] ISO 9660 Extensions: RRIP_1991A
Dec  8 08:06:17 cirros kern.info kernel: [    5.618674] kjournald starting.  Commit interval 5 seconds
Dec  8 08:06:17 cirros kern.info kernel: [    5.631103] EXT3-fs (vda): using internal journal
Dec  8 08:06:17 cirros kern.info kernel: [    5.631201] EXT3-fs (vda): mounted filesystem with ordered data mode
Dec  8 08:06:17 cirros kern.info kernel: [    8.866937] EXT3-fs (vda): using internal journal
Dec  8 08:06:19 cirros kern.debug kernel: [   11.946870] ISO 9660 Extensions: Microsoft Joliet Level 3
Dec  8 08:06:19 cirros kern.debug kernel: [   12.040079] ISO 9660 Extensions: RRIP_1991A
Dec  8 08:06:22 cirros auth.notice su: + /dev/console root:cirros
Dec  8 08:06:34 cirros kern.debug kernel: [   26.890401] eth0: no IPv6 routers present
Dec  8 08:09:28 cirros authpriv.info dropbear[283]: Running in background
############ debug end   ##############
  ____               ____  ____
 / __/ __ ____ ____ / __ \/ __/
/ /__ / // __// __// /_/ /\ \ 
\___//_//_/  /_/   \____/___/ 
   http://cirros-cloud.net


login as 'cirros' user. default password: 'cubswin:)'. use 'sudo' for root.
tempest login: 
2015-12-08 08:09:38,738 27636 INFO     [tempest_lib.common.rest_client] Request (TestGettingAddress:_run_cleanups): 204 DELETE http://10.0.2.15:9696/v2.0/floatingips/c2bd6b77-6d6e-4291-9756-830183bdfaba 0.204s
2015-12-08 08:09:38,739 27636 DEBUG    [tempest_lib.common.rest_client] Request - Headers: {'Content-Type': 'application/json', 'Accept': 'application/json', 'X-Auth-Token': '&lt;omitted&gt;'}
        Body: None
    Response - Headers: {'date': 'Tue, 08 Dec 2015 08:09:38 GMT', 'status': '204', 'connection': 'close', 'content-length': '0', 'x-openstack-request-id': 'req-54a9a0bf-4a0a-402a-b16e-1e12b4fc98cc'}
        Body: 
2015-12-08 08:09:38,955 27636 INFO     [tempest_lib.common.rest_client] Request (TestGettingAddress:_run_cleanups): 204 DELETE http://10.0.2.15:8774/v2.1/a7935877abe24bc8a77574b025c134e2/servers/4096b8a8-1fc0-4042-be37-78dadbe9f18b 0.215s
2015-12-08 08:09:38,955 27636 DEBUG    [tempest_lib.common.rest_client] Request - Headers: {'Content-Type': 'application/json', 'Accept': 'application/json', 'X-Auth-Token': '&lt;omitted&gt;'}
        Body: None
    Response - Headers: {'status': '204', 'content-length': '0', 'x-compute-request-id': 'req-2db7b067-daa1-456f-b221-95c470d48013', 'vary': 'X-OpenStack-Nova-API-Version', 'connection': 'close', 'x-openstack-nova-api-version': '2.1', 'date': 'Tue, 08 Dec 2015 08:09:38 GMT', 'content-type': 'application/json'}
        Body: 
2015-12-08 08:09:39,241 27636 INFO     [tempest_lib.common.rest_client] Request (TestGettingAddress:_run_cleanups): 200 GET http://10.0.2.15:8774/v2.1/a7935877abe24bc8a77574b025c134e2/servers/4096b8a8-1fc0-4042-be37-78dadbe9f18b 0.284s
2015-12-08 08:09:39,242 27636 DEBUG    [tempest_lib.common.rest_client] Request - Headers: {'Content-Type': 'application/json', 'Accept': 'application/json', 'X-Auth-Token': '&lt;omitted&gt;'}
        Body: None
    Response - Headers: {'status': '200', 'content-length': '1904', 'content-location': 'http://10.0.2.15:8774/v2.1/a7935877abe24bc8a77574b025c134e2/servers/4096b8a8-1fc0-4042-be37-78dadbe9f18b', 'x-compute-request-id': 'req-f5283155-0a99-4ef9-be4b-9ef1e616432d', 'vary': 'X-OpenStack-Nova-API-Version', 'connection': 'close', 'x-openstack-nova-api-version': '2.1', 'date': 'Tue, 08 Dec 2015 08:09:39 GMT', 'content-type': 'application/json'}
        Body: {"server": {"status": "ACTIVE", "updated": "2015-12-08T08:09:38Z", "hostId": "73031b93cc85b56744208d8a8e32ee1389b7afb3adee6bcb7e9fc5bd", "addresses": {"tempest-network-smoke--426300360": [{"OS-EXT-IPS-MAC:mac_addr": "fa:16:3e:1f:ab:3a", "version": 6, "addr": "2003::f816:3eff:fe1f:ab3a", "OS-EXT-IPS:type": "fixed"}, {"OS-EXT-IPS-MAC:mac_addr": "fa:16:3e:1f:ab:3a", "version": 4, "addr": "10.100.0.3", "OS-EXT-IPS:type": "fixed"}, {"OS-EXT-IPS-MAC:mac_addr": "fa:16:3e:1f:ab:3a", "version": 4, "addr": "172.24.4.4", "OS-EXT-IPS:type": "floating"}]}, "links": [{"href": "http://10.0.2.15:8774/v2.1/a7935877abe24bc8a77574b025c134e2/servers/4096b8a8-1fc0-4042-be37-78dadbe9f18b", "rel": "self"}, {"href": "http://10.0.2.15:8774/a7935877abe24bc8a77574b025c134e2/servers/4096b8a8-1fc0-4042-be37-78dadbe9f18b", "rel": "bookmark"}], "key_name": "tempest-TestGettingAddress-2039135306", "image": {"id": "5dd1b9fc-712d-4157-b074-bf0deb7520b8", "links": [{"href": "http://10.0.2.15:8774/a7935877abe24bc8a77574b025c134e2/images/5dd1b9fc-712d-4157-b074-bf0deb7520b8", "rel": "bookmark"}]}, "OS-EXT-STS:task_state": "deleting", "OS-EXT-STS:vm_state": "active", "OS-SRV-USG:launched_at": "2015-12-08T08:06:04.000000", "flavor": {"id": "42", "links": [{"href": "http://10.0.2.15:8774/a7935877abe24bc8a77574b025c134e2/flavors/42", "rel": "bookmark"}]}, "id": "4096b8a8-1fc0-4042-be37-78dadbe9f18b", "security_groups": [{"name": "tempest-secgroup-smoke-1715859384"}], "OS-SRV-USG:terminated_at": null, "OS-EXT-AZ:availability_zone": "nova", "user_id": "c76810b8fe49469c931270cb435fb6d8", "name": "tempest.common.compute-instance-1872611939", "created": "2015-12-08T08:06:01Z", "tenant_id": "a7935877abe24bc8a77574b025c134e2", "OS-DCF:diskConfig": "MANUAL", "os-extended-volumes:volumes_attached": [], "accessIPv4": "", "accessIPv6": "", "progress": 0, "OS-EXT-STS:power_state": 1, "config_drive": "True", "metadata": {}}}
2015-12-08 08:09:40,566 27636 INFO     [tempest_lib.common.rest_client] Request (TestGettingAddress:_run_cleanups): 200 GET http://10.0.2.15:8774/v2.1/a7935877abe24bc8a77574b025c134e2/servers/4096b8a8-1fc0-4042-be37-78dadbe9f18b 0.313s
2015-12-08 08:09:40,566 27636 DEBUG    [tempest_lib.common.rest_client] Request - Headers: {'Content-Type': 'application/json', 'Accept': 'application/json', 'X-Auth-Token': '&lt;omitted&gt;'}
        Body: None
    Response - Headers: {'status': '200', 'content-length': '1836', 'content-location': 'http://10.0.2.15:8774/v2.1/a7935877abe24bc8a77574b025c134e2/servers/4096b8a8-1fc0-4042-be37-78dadbe9f18b', 'x-compute-request-id': 'req-6dcf9166-686c-4581-aa0f-8a9537ce75a9', 'vary': 'X-OpenStack-Nova-API-Version', 'connection': 'close', 'x-openstack-nova-api-version': '2.1', 'date': 'Tue, 08 Dec 2015 08:09:40 GMT', 'content-type': 'application/json'}
        Body: {"server": {"status": "ACTIVE", "updated": "2015-12-08T08:09:39Z", "hostId": "73031b93cc85b56744208d8a8e32ee1389b7afb3adee6bcb7e9fc5bd", "addresses": {"tempest-network-smoke--426300360": [{"OS-EXT-IPS-MAC:mac_addr": "fa:16:3e:1f:ab:3a", "version": 6, "addr": "2003::f816:3eff:fe1f:ab3a", "OS-EXT-IPS:type": "fixed"}, {"OS-EXT-IPS-MAC:mac_addr": "fa:16:3e:1f:ab:3a", "version": 4, "addr": "10.100.0.3", "OS-EXT-IPS:type": "fixed"}, {"OS-EXT-IPS-MAC:mac_addr": "fa:16:3e:1f:ab:3a", "version": 4, "addr": "172.24.4.4", "OS-EXT-IPS:type": "floating"}]}, "links": [{"href": "http://10.0.2.15:8774/v2.1/a7935877abe24bc8a77574b025c134e2/servers/4096b8a8-1fc0-4042-be37-78dadbe9f18b", "rel": "self"}, {"href": "http://10.0.2.15:8774/a7935877abe24bc8a77574b025c134e2/servers/4096b8a8-1fc0-4042-be37-78dadbe9f18b", "rel": "bookmark"}], "key_name": "tempest-TestGettingAddress-2039135306", "image": {"id": "5dd1b9fc-712d-4157-b074-bf0deb7520b8", "links": [{"href": "http://10.0.2.15:8774/a7935877abe24bc8a77574b025c134e2/images/5dd1b9fc-712d-4157-b074-bf0deb7520b8", "rel": "bookmark"}]}, "OS-EXT-STS:task_state": "deleting", "OS-EXT-STS:vm_state": "active", "OS-SRV-USG:launched_at": "2015-12-08T08:06:04.000000", "flavor": {"id": "42", "links": [{"href": "http://10.0.2.15:8774/a7935877abe24bc8a77574b025c134e2/flavors/42", "rel": "bookmark"}]}, "id": "4096b8a8-1fc0-4042-be37-78dadbe9f18b", "OS-SRV-USG:terminated_at": null, "OS-EXT-AZ:availability_zone": "nova", "user_id": "c76810b8fe49469c931270cb435fb6d8", "name": "tempest.common.compute-instance-1872611939", "created": "2015-12-08T08:06:01Z", "tenant_id": "a7935877abe24bc8a77574b025c134e2", "OS-DCF:diskConfig": "MANUAL", "os-extended-volumes:volumes_attached": [], "accessIPv4": "", "accessIPv6": "", "progress": 0, "OS-EXT-STS:power_state": 1, "config_drive": "True", "metadata": {}}}
2015-12-08 08:09:41,673 27636 INFO     [tempest_lib.common.rest_client] Request (TestGettingAddress:_run_cleanups): 404 GET http://10.0.2.15:8774/v2.1/a7935877abe24bc8a77574b025c134e2/servers/4096b8a8-1fc0-4042-be37-78dadbe9f18b 0.088s
2015-12-08 08:09:41,674 27636 DEBUG    [tempest_lib.common.rest_client] Request - Headers: {'Content-Type': 'application/json', 'Accept': 'application/json', 'X-Auth-Token': '&lt;omitted&gt;'}
        Body: None
    Response - Headers: {'status': '404', 'content-length': '111', 'x-compute-request-id': 'req-abb5682d-4f89-4989-a608-d92af1709526', 'vary': 'X-OpenStack-Nova-API-Version', 'connection': 'close', 'x-openstack-nova-api-version': '2.1', 'date': 'Tue, 08 Dec 2015 08:09:41 GMT', 'content-type': 'application/json; charset=UTF-8'}
        Body: {"itemNotFound": {"message": "Instance 4096b8a8-1fc0-4042-be37-78dadbe9f18b could not be found.", "code": 404}}
2015-12-08 08:09:42,047 27636 INFO     [tempest_lib.common.rest_client] Request (TestGettingAddress:_run_cleanups): 200 PUT http://10.0.2.15:9696/v2.0/routers/7fc44af5-3cbc-49f8-a2dd-cd6087592fce/remove_router_interface 0.371s
2015-12-08 08:09:42,047 27636 DEBUG    [tempest_lib.common.rest_client] Request - Headers: {'Content-Type': 'application/json', 'Accept': 'application/json', 'X-Auth-Token': '&lt;omitted&gt;'}
        Body: {"subnet_id": "40a58583-88fe-41d2-add2-b984301f9790"}
    Response - Headers: {'status': '200', 'content-length': '255', 'connection': 'close', 'date': 'Tue, 08 Dec 2015 08:09:42 GMT', 'content-type': 'application/json; charset=UTF-8', 'x-openstack-request-id': 'req-a9eee524-1be6-4787-bd8d-342c6619151c'}
        Body: {"subnet_id": "40a58583-88fe-41d2-add2-b984301f9790", "tenant_id": "a7935877abe24bc8a77574b025c134e2", "subnet_ids": ["40a58583-88fe-41d2-add2-b984301f9790"], "port_id": "c5d51dbd-a4bc-4020-8775-fffc3e23fdfb", "id": "7fc44af5-3cbc-49f8-a2dd-cd6087592fce"}
2015-12-08 08:09:42,449 27636 INFO     [tempest_lib.common.rest_client] Request (TestGettingAddress:_run_cleanups): 204 DELETE http://10.0.2.15:9696/v2.0/subnets/40a58583-88fe-41d2-add2-b984301f9790 0.401s
2015-12-08 08:09:42,450 27636 DEBUG    [tempest_lib.common.rest_client] Request - Headers: {'Content-Type': 'application/json', 'Accept': 'application/json', 'X-Auth-Token': '&lt;omitted&gt;'}
        Body: None
    Response - Headers: {'date': 'Tue, 08 Dec 2015 08:09:42 GMT', 'status': '204', 'connection': 'close', 'content-length': '0', 'x-openstack-request-id': 'req-13bce03f-d758-4ea2-af9d-c9b25357324e'}
        Body: 
2015-12-08 08:09:42,488 27636 INFO     [tempest_lib.common.rest_client] Request (TestGettingAddress:_run_cleanups): 404 DELETE http://10.0.2.15:9696/v2.0/subnets/40a58583-88fe-41d2-add2-b984301f9790 0.037s
2015-12-08 08:09:42,488 27636 DEBUG    [tempest_lib.common.rest_client] Request - Headers: {'Content-Type': 'application/json', 'Accept': 'application/json', 'X-Auth-Token': '&lt;omitted&gt;'}
        Body: None
    Response - Headers: {'status': '404', 'content-length': '135', 'connection': 'close', 'date': 'Tue, 08 Dec 2015 08:09:42 GMT', 'content-type': 'application/json; charset=UTF-8', 'x-openstack-request-id': 'req-8877af52-a64f-43ba-99da-5c4b3d7ea4ae'}
        Body: {"NeutronError": {"message": "Subnet 40a58583-88fe-41d2-add2-b984301f9790 could not be found", "type": "SubnetNotFound", "detail": ""}}
2015-12-08 08:09:42,890 27636 INFO     [tempest_lib.common.rest_client] Request (TestGettingAddress:_run_cleanups): 200 PUT http://10.0.2.15:9696/v2.0/routers/7fc44af5-3cbc-49f8-a2dd-cd6087592fce/remove_router_interface 0.401s
