<?xml version="1.0" encoding="UTF-8"?>
<!DOCTYPE html PUBLIC "-//W3C//DTD XHTML 1.0 Strict//EN"
     "http://www.w3.org/TR/xhtml1/DTD/xhtml1-strict.dtd">
<html xmlns="http://www.w3.org/1999/xhtml">
<head>
    <title>Unit Test Report</title>
    <meta name="generator" content="subunit2html 0.1"/>
    <meta http-equiv="Content-Type" content="text/html; charset=UTF-8"/>
    
<style type="text/css" media="screen">
body        { font-family: verdana, arial, helvetica, sans-serif;
    font-size: 80%; }
table       { font-size: 100%; width: 100%;}
pre         { font-size: 80%; }

/* -- heading -------------------------------------------------------------- */
h1 {
        font-size: 16pt;
        color: gray;
}
.heading {
    margin-top: 0ex;
    margin-bottom: 1ex;
}

.heading .attribute {
    margin-top: 1ex;
    margin-bottom: 0;
}

.heading .description {
    margin-top: 4ex;
    margin-bottom: 6ex;
}

/* -- css div popup -------------------------------------------------------- */
a.popup_link {
}

a.popup_link:hover {
    color: red;
}

.popup_window {
    display: none;
    overflow-x: scroll;
    /*border: solid #627173 1px; */
    padding: 10px;
    background-color: #E6E6D6;
    font-family: "Ubuntu Mono", "Lucida Console", "Courier New", monospace;
    text-align: left;
    font-size: 8pt;
}

}
/* -- report --------------------------------------------------------------- */
#show_detail_line {
    margin-top: 3ex;
    margin-bottom: 1ex;
}
#result_table {
    width: 100%;
    border-collapse: collapse;
    border: 1px solid #777;
}
#header_row {
    font-weight: bold;
    color: white;
    background-color: #777;
}
#result_table td {
    border: 1px solid #777;
    padding: 2px;
}
#total_row  { font-weight: bold; }
.passClass  { background-color: #6c6; }
.failClass  { background-color: #c60; }
.errorClass { background-color: #c00; }
.passCase   { color: #6c6; }
.failCase   { color: #c60; font-weight: bold; }
.errorCase  { color: #c00; font-weight: bold; }
.hiddenRow  { display: none; }
.testcase   { margin-left: 2em; }
td.testname {width: 40%}
td.small {width: 40px}

/* -- ending --------------------------------------------------------------- */
#ending {
}

</style>

</head>
<body>
<script language="javascript" type="text/javascript"><!--
output_list = Array();

/* level - 0:Summary; 1:Failed; 2:All */
function showCase(level) {
    trs = document.getElementsByTagName("tr");
    for (var i = 0; i < trs.length; i++) {
        tr = trs[i];
        id = tr.id;
        if (id.substr(0,2) == 'ft') {
            if (level < 1) {
                tr.className = 'hiddenRow';
            }
            else {
                tr.className = '';
            }
        }
        if (id.substr(0,2) == 'pt') {
            if (level > 1) {
                tr.className = '';
            }
            else {
                tr.className = 'hiddenRow';
            }
        }
    }
}


function showClassDetail(cid, count) {
    var id_list = Array(count);
    var toHide = 1;
    for (var i = 0; i < count; i++) {
        tid0 = 't' + cid.substr(1) + '.' + (i+1);
        tid = 'f' + tid0;
        tr = document.getElementById(tid);
        if (!tr) {
            tid = 'p' + tid0;
            tr = document.getElementById(tid);
        }
        id_list[i] = tid;
        if (tr.className) {
            toHide = 0;
        }
    }
    for (var i = 0; i < count; i++) {
        tid = id_list[i];
        if (toHide) {
            document.getElementById('div_'+tid).style.display = 'none'
            document.getElementById(tid).className = 'hiddenRow';
        }
        else {
            document.getElementById(tid).className = '';
        }
    }
}


function showTestDetail(div_id){
    var details_div = document.getElementById(div_id)
    var displayState = details_div.style.display
    // alert(displayState)
    if (displayState != 'block' ) {
        displayState = 'block'
        details_div.style.display = 'block'
    }
    else {
        details_div.style.display = 'none'
    }
}


function html_escape(s) {
    s = s.replace(/&/g,'&amp;');
    s = s.replace(/</g,'&lt;');
    s = s.replace(/>/g,'&gt;');
    return s;
}

/* obsoleted by detail in <div>
function showOutput(id, name) {
    var w = window.open("", //url
                    name,
                    "resizable,scrollbars,status,width=800,height=450");
    d = w.document;
    d.write("<pre>");
    d.write(html_escape(output_list[id]));
    d.write("\n");
    d.write("<a href='javascript:window.close()'>close</a>\n");
    d.write("</pre>\n");
    d.close();
}
*/
--></script>

<div class='heading'>
<h1>Unit Test Report</h1>

<p class='attribute'><strong>Status:</strong> Failure 8</p>

<p class='description'></p>
</div>



<p id='show_detail_line'>Show
<a href='javascript:showCase(0)'>Summary</a>
<a href='javascript:showCase(1)'>Failed</a>
<a href='javascript:showCase(2)'>All</a>
</p>
<table id='result_table'>
<colgroup>
<col align='left' />
<col align='right' />
<col align='right' />
<col align='right' />
<col align='right' />
<col align='right' />
<col align='right' />
<col align='right' />
</colgroup>
<tr id='header_row'>
    <td>Test Group/Test case</td>
    <td>Count</td>
    <td>Pass</td>
    <td>Fail</td>
    <td>Error</td>
    <td>Skip</td>
    <td>View</td>
    <td> </td>
</tr>

<tr class='failClass'>
    <td class="testname">tempest.scenario.test_network_v6.TestGettingAddress</td>
    <td class="small">8</td>
    <td class="small">0</td>
    <td class="small">8</td>
    <td class="small">0</td>
    <td class="small">0</td>
    <td class="small"><a href="javascript:showClassDetail('c1',8)"
>Detail</a></td>
    <td> </td>
</tr>

<tr id='ft1.1' class='none'>
    <td class='failCase'><div class='testcase'>test_dhcp6_stateless_from_os[compute,id-d7e1f858-187c-45a6-89c9-bdafde619a9f,network]</div></td>
    <td colspan='7' align='left'>

    <!--css div popup start-->
    <a class="popup_link" onfocus='this.blur();'
    href="javascript:showTestDetail('div_ft1.1')" >
        fail</a>

    <div id='div_ft1.1' class="popup_window">
        <div style='text-align: right; color:red;cursor:pointer'>
        <a onfocus='this.blur();'
onclick="document.getElementById('div_ft1.1').style.display = 'none' " >
           [x]</a>
        </div>
        <pre>
        
ft1.1: tempest.scenario.test_network_v6.TestGettingAddress.test_dhcp6_stateless_from_os[compute,id-d7e1f858-187c-45a6-89c9-bdafde619a9f,network]_StringException: Empty attachments:
  stderr
  stdout

pythonlogging:'': {{{
2015-12-14 22:00:48,314 24649 INFO     [tempest_lib.common.rest_client] Request (TestGettingAddress:setUp): 200 POST http://10.0.2.15:8774/v2.1/e57ea5db68094296a7fb55ef103a956f/os-keypairs 0.386s
2015-12-14 22:00:48,315 24649 DEBUG    [tempest_lib.common.rest_client] Request - Headers: {'Content-Type': 'application/json', 'Accept': 'application/json', 'X-Auth-Token': '&lt;omitted&gt;'}
        Body: {"keypair": {"name": "tempest-TestGettingAddress-2018943250"}}
    Response - Headers: {'status': '200', 'content-length': '2324', 'x-compute-request-id': 'req-a828c645-3b66-4898-a996-d5e8abd5f8b2', 'vary': 'X-OpenStack-Nova-API-Version', 'connection': 'close', 'x-openstack-nova-api-version': '2.1', 'date': 'Mon, 14 Dec 2015 22:00:48 GMT', 'content-type': 'application/json'}
        Body: {"keypair": {"public_key": "ssh-rsa AAAAB3NzaC1yc2EAAAADAQABAAABAQDVOWHpr5KELJekuF5rbbNAcj4FLcoc4MkDw70uYKQSuCOv7zt8mUnjZK5hN97+U7jAUtjBPLikRlONjgsuNb1+4pRlxpZ/+0pYC3eQpx4Ytasi9ZmqpKk+sSd5h25tfiu/wyPdghERzUj1fsBjDA/w5YC30RUlOyHcdgbgY9KrCPjbbHqZ6+FMAiRg0XU38NjmOUN/esrercIVEo9qm0ER0ZTFkRGiEGyLoZ2LZC0oud+5GekWbUaUagLfg34uPEm/1fQ7pv+WQ7pcx+DiCwQqrxohLktU+bzyc47y4S8nJndxIoxZvHhOrBbIrbnKVmXN26NDqVFhGB3Wa4DrMrwZ Generated-by-Nova", "private_key": "-----BEGIN RSA PRIVATE KEY-----\nMIIEqwIBAAKCAQEA1Tlh6a+ShCyXpLhea22zQHI+BS3KHODJA8O9LmCkErgjr+87\nfJlJ42SuYTfe/lO4wFLYwTy4pEZTjY4LLjW9fuKUZcaWf/tKWAt3kKceGLWrIvWZ\nqqSpPrEneYdubX4rv8Mj3YIREc1I9X7AYwwP8OWAt9EVJTsh3HYG4GPSqwj422x6\nmevhTAIkYNF1N/DY5jlDf3rK3q3CFRKPaptBEdGUxZERohBsi6Gdi2QtKLnfuRnp\nFm1GlGoC34N+LjxJv9X0O6b/lkO6XMfg4gsEKq8aIS5LVPm88nOO8uEvJyZ3cSKM\nWbx4TqwWyK25ylZlzdujQ6lRYRgd1muA6zK8GQIDAQABAoIBAQCjAale84B5V3Xe\n0awtSMI+xJexcd4P0bEbFastJ2iHfwqZV7UMfkvEcZX2cLYjjHGzZiKbKAaoX7NE\nhpD5lM/3jtSQMg+ga8XcJXgUuA4EKe5ZXZVKpXNVoC1jdSvwvQJJKa/jianvCBd8\nxpfhoLkXGv0aidc2jUxHtFtxdB777Qu5e/ixfblTcg69DD2zKR3bSCkRxJ4FvhM3\npLQVGlL4HMI0LapqDrXxB+ef/rJteuugem2ok4zBGotEyHUHtP7uq/GLUbkCGsme\n5tWLZrdVzvZWUPKtK55oPxHEZVLQwRMIgcxnW/wCG6eq61puXxEsfuB7jLD8mfVH\nDaZXX4OZAoIAgQDYTv6SjCvleWSW83MT4We9YQcyviTPTlybHS8Yu8mt9PrX+2fk\nJxXA6lSPzYm2NW+1othnDrBJ/mzZLHLTXuMSFNRuae7czho1xaltpuhtZmhkKioJ\ndyjWAYpAcMFJ300lxEWoNb3Lz+8MpqGdg5Ljso88qzcXK27Gg9atzTKoywKCAIEA\n/Fl/pWBhP3pN/tLRxWWVjzgxtLtrqzVtZzzt9ceMAzRNqpWnz3SThK+rfui1+ujM\nR3r0hCFXXFDJ1Ia5wRja0EB6HiuMpDfzVl7kDjvhOTUqacjpVcCZE7jaDKYKElDp\n8lpmd4vEsY2WrZM/9zvAAWDRryY4gcHsvK5irrDe5isCggCBALOi1rOpiQLnj2v0\n/cqy1M5nd+ziD/vBnhKLaANoYJMA8hjQBnVpKB2v/U33abhSJFV5ybG8dxbcHlU1\nHp7/HCB1//06KE5jM00YvB3+EORZubQFeCeoN9eSK9hcS4kn0w/cMeUBzH8oTeP5\nthnznNdQALhnkDbDsRlXf7+Su9GFAoIAgQDuZjb7K5Rz/b2VkeFvlUq35STAU5ei\nRXU35Q4B9iTGGjGNiJjimoWLAtMHsB3MDwZ+OSCrezwnEIO8bhMq46pEt8Umn4nc\n0qbm3/qfn95kx19sVMxroOp9AVOuQ2acayi5NsI7CiYmf1bsYII7tYztQGSYDYmw\nvF5E2pKL6riJxQKCAIEAjHBDE9TzHULCu/WSEQ+OpVfBAMHlJrMV1MDbZM3QvkO6\nCZLO+caVx4zq3BJSKkA+DzV86FCDPr9eDKi0QlZRZghR0gmz/NeOeO9mI3RfTf4M\niXaBULtyZVD0c62xvIiAWLMCfm5rCTal0ALCQwap+JxfBauYBZqcIXSWNSiYg/k=\n-----END RSA PRIVATE KEY-----\n", "user_id": "f20ad5ecf3264ad68c487010e6dffb8a", "name": "tempest-TestGettingAddress-2018943250", "fingerprint": "88:4e:fb:fb:b3:81:52:db:e0:7c:00:5e:f0:cf:9b:80"}}
2015-12-14 22:00:48,655 24649 INFO     [tempest_lib.common.rest_client] Request (TestGettingAddress:setUp): 201 POST http://10.0.2.15:9696/v2.0/security-groups 0.337s
2015-12-14 22:00:48,656 24649 DEBUG    [tempest_lib.common.rest_client] Request - Headers: {'Content-Type': 'application/json', 'Accept': 'application/json', 'X-Auth-Token': '&lt;omitted&gt;'}
        Body: {"security_group": {"tenant_id": "e57ea5db68094296a7fb55ef103a956f", "description": "tempest-secgroup-smoke-216247637 description", "name": "tempest-secgroup-smoke-216247637"}}
    Response - Headers: {'status': '201', 'content-length': '886', 'connection': 'close', 'date': 'Mon, 14 Dec 2015 22:00:48 GMT', 'content-type': 'application/json; charset=UTF-8', 'x-openstack-request-id': 'req-24a734a0-28eb-4b3d-b067-da1110c32cec'}
        Body: {"security_group": {"tenant_id": "e57ea5db68094296a7fb55ef103a956f", "description": "tempest-secgroup-smoke-216247637 description", "id": "4fed92c0-871f-4c71-9f62-a54f8db86b8c", "security_group_rules": [{"remote_group_id": null, "direction": "egress", "remote_ip_prefix": null, "protocol": null, "ethertype": "IPv4", "tenant_id": "e57ea5db68094296a7fb55ef103a956f", "port_range_max": null, "port_range_min": null, "id": "d509f208-f161-4159-93be-f1ef4a8d6b81", "security_group_id": "4fed92c0-871f-4c71-9f62-a54f8db86b8c"}, {"remote_group_id": null, "direction": "egress", "remote_ip_prefix": null, "protocol": null, "ethertype": "IPv6", "tenant_id": "e57ea5db68094296a7fb55ef103a956f", "port_range_max": null, "port_range_min": null, "id": "e28fb44c-0fdc-4e45-b61d-35b219e5aacf", "security_group_id": "4fed92c0-871f-4c71-9f62-a54f8db86b8c"}], "name": "tempest-secgroup-smoke-216247637"}}
2015-12-14 22:00:48,889 24649 INFO     [tempest_lib.common.rest_client] Request (TestGettingAddress:setUp): 201 POST http://10.0.2.15:9696/v2.0/security-group-rules 0.232s
2015-12-14 22:00:48,889 24649 DEBUG    [tempest_lib.common.rest_client] Request - Headers: {'Content-Type': 'application/json', 'Accept': 'application/json', 'X-Auth-Token': '&lt;omitted&gt;'}
        Body: {"security_group_rule": {"direction": "ingress", "protocol": "tcp", "tenant_id": "e57ea5db68094296a7fb55ef103a956f", "port_range_max": 22, "security_group_id": "4fed92c0-871f-4c71-9f62-a54f8db86b8c", "port_range_min": 22}}
    Response - Headers: {'status': '201', 'content-length': '340', 'connection': 'close', 'date': 'Mon, 14 Dec 2015 22:00:48 GMT', 'content-type': 'application/json; charset=UTF-8', 'x-openstack-request-id': 'req-50cd9bc6-7162-4ec3-9655-8d5e01503552'}
        Body: {"security_group_rule": {"remote_group_id": null, "direction": "ingress", "remote_ip_prefix": null, "protocol": "tcp", "ethertype": "IPv4", "tenant_id": "e57ea5db68094296a7fb55ef103a956f", "port_range_max": 22, "port_range_min": 22, "id": "92b39494-d00a-46fe-8b2f-ec4da8abb49b", "security_group_id": "4fed92c0-871f-4c71-9f62-a54f8db86b8c"}}
2015-12-14 22:00:48,984 24649 INFO     [tempest_lib.common.rest_client] Request (TestGettingAddress:setUp): 201 POST http://10.0.2.15:9696/v2.0/security-group-rules 0.094s
2015-12-14 22:00:48,985 24649 DEBUG    [tempest_lib.common.rest_client] Request - Headers: {'Content-Type': 'application/json', 'Accept': 'application/json', 'X-Auth-Token': '&lt;omitted&gt;'}
        Body: {"security_group_rule": {"direction": "egress", "protocol": "tcp", "tenant_id": "e57ea5db68094296a7fb55ef103a956f", "port_range_max": 22, "security_group_id": "4fed92c0-871f-4c71-9f62-a54f8db86b8c", "port_range_min": 22}}
    Response - Headers: {'status': '201', 'content-length': '339', 'connection': 'close', 'date': 'Mon, 14 Dec 2015 22:00:48 GMT', 'content-type': 'application/json; charset=UTF-8', 'x-openstack-request-id': 'req-1168cf50-34ee-4fa4-94f9-580c0c094cac'}
        Body: {"security_group_rule": {"remote_group_id": null, "direction": "egress", "remote_ip_prefix": null, "protocol": "tcp", "ethertype": "IPv4", "tenant_id": "e57ea5db68094296a7fb55ef103a956f", "port_range_max": 22, "port_range_min": 22, "id": "513e1a4e-775f-4163-92d1-46efec11e514", "security_group_id": "4fed92c0-871f-4c71-9f62-a54f8db86b8c"}}
2015-12-14 22:00:49,095 24649 INFO     [tempest_lib.common.rest_client] Request (TestGettingAddress:setUp): 201 POST http://10.0.2.15:9696/v2.0/security-group-rules 0.109s
2015-12-14 22:00:49,096 24649 DEBUG    [tempest_lib.common.rest_client] Request - Headers: {'Content-Type': 'application/json', 'Accept': 'application/json', 'X-Auth-Token': '&lt;omitted&gt;'}
        Body: {"security_group_rule": {"tenant_id": "e57ea5db68094296a7fb55ef103a956f", "direction": "ingress", "protocol": "icmp", "security_group_id": "4fed92c0-871f-4c71-9f62-a54f8db86b8c"}}
    Response - Headers: {'status': '201', 'content-length': '345', 'connection': 'close', 'date': 'Mon, 14 Dec 2015 22:00:49 GMT', 'content-type': 'application/json; charset=UTF-8', 'x-openstack-request-id': 'req-91e8df15-7b34-4a55-9e80-9c434f6adccf'}
        Body: {"security_group_rule": {"remote_group_id": null, "direction": "ingress", "remote_ip_prefix": null, "protocol": "icmp", "ethertype": "IPv4", "tenant_id": "e57ea5db68094296a7fb55ef103a956f", "port_range_max": null, "port_range_min": null, "id": "a3400829-13dc-4fbc-b13d-8cb06d737d24", "security_group_id": "4fed92c0-871f-4c71-9f62-a54f8db86b8c"}}
2015-12-14 22:00:49,214 24649 INFO     [tempest_lib.common.rest_client] Request (TestGettingAddress:setUp): 201 POST http://10.0.2.15:9696/v2.0/security-group-rules 0.116s
2015-12-14 22:00:49,215 24649 DEBUG    [tempest_lib.common.rest_client] Request - Headers: {'Content-Type': 'application/json', 'Accept': 'application/json', 'X-Auth-Token': '&lt;omitted&gt;'}
        Body: {"security_group_rule": {"tenant_id": "e57ea5db68094296a7fb55ef103a956f", "direction": "egress", "protocol": "icmp", "security_group_id": "4fed92c0-871f-4c71-9f62-a54f8db86b8c"}}
    Response - Headers: {'status': '201', 'content-length': '344', 'connection': 'close', 'date': 'Mon, 14 Dec 2015 22:00:49 GMT', 'content-type': 'application/json; charset=UTF-8', 'x-openstack-request-id': 'req-8f9bd3df-feb2-4d72-9186-0fbc70d18b08'}
        Body: {"security_group_rule": {"remote_group_id": null, "direction": "egress", "remote_ip_prefix": null, "protocol": "icmp", "ethertype": "IPv4", "tenant_id": "e57ea5db68094296a7fb55ef103a956f", "port_range_max": null, "port_range_min": null, "id": "8a8be7db-cf2d-40fc-9cb4-134b5af94fde", "security_group_id": "4fed92c0-871f-4c71-9f62-a54f8db86b8c"}}
2015-12-14 22:00:49,316 24649 INFO     [tempest_lib.common.rest_client] Request (TestGettingAddress:setUp): 201 POST http://10.0.2.15:9696/v2.0/security-group-rules 0.100s
2015-12-14 22:00:49,317 24649 DEBUG    [tempest_lib.common.rest_client] Request - Headers: {'Content-Type': 'application/json', 'Accept': 'application/json', 'X-Auth-Token': '&lt;omitted&gt;'}
        Body: {"security_group_rule": {"tenant_id": "e57ea5db68094296a7fb55ef103a956f", "direction": "ingress", "security_group_id": "4fed92c0-871f-4c71-9f62-a54f8db86b8c", "protocol": "icmp", "ethertype": "IPv6"}}
    Response - Headers: {'status': '201', 'content-length': '345', 'connection': 'close', 'date': 'Mon, 14 Dec 2015 22:00:49 GMT', 'content-type': 'application/json; charset=UTF-8', 'x-openstack-request-id': 'req-99e9d022-ea36-4f08-ab8e-ec6d9466c96f'}
        Body: {"security_group_rule": {"remote_group_id": null, "direction": "ingress", "remote_ip_prefix": null, "protocol": "icmp", "ethertype": "IPv6", "tenant_id": "e57ea5db68094296a7fb55ef103a956f", "port_range_max": null, "port_range_min": null, "id": "d7367dea-252d-42b8-b51d-cef83e38e539", "security_group_id": "4fed92c0-871f-4c71-9f62-a54f8db86b8c"}}
2015-12-14 22:00:49,438 24649 INFO     [tempest_lib.common.rest_client] Request (TestGettingAddress:setUp): 201 POST http://10.0.2.15:9696/v2.0/security-group-rules 0.121s
2015-12-14 22:00:49,439 24649 DEBUG    [tempest_lib.common.rest_client] Request - Headers: {'Content-Type': 'application/json', 'Accept': 'application/json', 'X-Auth-Token': '&lt;omitted&gt;'}
        Body: {"security_group_rule": {"tenant_id": "e57ea5db68094296a7fb55ef103a956f", "direction": "egress", "security_group_id": "4fed92c0-871f-4c71-9f62-a54f8db86b8c", "protocol": "icmp", "ethertype": "IPv6"}}
    Response - Headers: {'status': '201', 'content-length': '344', 'connection': 'close', 'date': 'Mon, 14 Dec 2015 22:00:49 GMT', 'content-type': 'application/json; charset=UTF-8', 'x-openstack-request-id': 'req-9a866610-1d08-4a5e-8ff5-ef4e16f6efe3'}
        Body: {"security_group_rule": {"remote_group_id": null, "direction": "egress", "remote_ip_prefix": null, "protocol": "icmp", "ethertype": "IPv6", "tenant_id": "e57ea5db68094296a7fb55ef103a956f", "port_range_max": null, "port_range_min": null, "id": "e9ef7acd-6a93-4307-b979-c04e3b9cf7e8", "security_group_id": "4fed92c0-871f-4c71-9f62-a54f8db86b8c"}}
2015-12-14 22:00:49,579 24649 INFO     [tempest_lib.common.rest_client] Request (TestGettingAddress:test_dhcp6_stateless_from_os): 201 POST http://10.0.2.15:9696/v2.0/networks 0.138s
2015-12-14 22:00:49,580 24649 DEBUG    [tempest_lib.common.rest_client] Request - Headers: {'Content-Type': 'application/json', 'Accept': 'application/json', 'X-Auth-Token': '&lt;omitted&gt;'}
        Body: {"network": {"tenant_id": "e57ea5db68094296a7fb55ef103a956f", "name": "tempest-network-smoke--921559883"}}
    Response - Headers: {'status': '201', 'content-length': '295', 'connection': 'close', 'date': 'Mon, 14 Dec 2015 22:00:49 GMT', 'content-type': 'application/json; charset=UTF-8', 'x-openstack-request-id': 'req-43e3c70a-1db0-45ff-9022-8562682536d1'}
        Body: {"network": {"status": "ACTIVE", "subnets": [], "name": "tempest-network-smoke--921559883", "admin_state_up": true, "tenant_id": "e57ea5db68094296a7fb55ef103a956f", "mtu": 0, "router:external": false, "shared": false, "port_security_enabled": true, "id": "d5fff4d4-1667-42a0-ace7-104a3ff40340"}}
2015-12-14 22:00:49,746 24649 INFO     [tempest_lib.common.rest_client] Request (TestGettingAddress:test_dhcp6_stateless_from_os): 200 GET http://10.0.2.15:9696/v2.0/subnets?tenant_id=e57ea5db68094296a7fb55ef103a956f&amp;cidr=10.100.0.0%2F28 0.165s
2015-12-14 22:00:49,747 24649 DEBUG    [tempest_lib.common.rest_client] Request - Headers: {'Content-Type': 'application/json', 'Accept': 'application/json', 'X-Auth-Token': '&lt;omitted&gt;'}
        Body: None
    Response - Headers: {'status': '200', 'content-length': '15', 'content-location': 'http://10.0.2.15:9696/v2.0/subnets?tenant_id=e57ea5db68094296a7fb55ef103a956f&amp;cidr=10.100.0.0%2F28', 'connection': 'close', 'date': 'Mon, 14 Dec 2015 22:00:49 GMT', 'content-type': 'application/json; charset=UTF-8', 'x-openstack-request-id': 'req-95f069bc-c2bb-47c2-8806-394e74e81808'}
        Body: {"subnets": []}
2015-12-14 22:00:50,024 24649 INFO     [tempest_lib.common.rest_client] Request (TestGettingAddress:test_dhcp6_stateless_from_os): 201 POST http://10.0.2.15:9696/v2.0/subnets 0.276s
2015-12-14 22:00:50,025 24649 DEBUG    [tempest_lib.common.rest_client] Request - Headers: {'Content-Type': 'application/json', 'Accept': 'application/json', 'X-Auth-Token': '&lt;omitted&gt;'}
        Body: {"subnet": {"ip_version": 4, "tenant_id": "e57ea5db68094296a7fb55ef103a956f", "cidr": "10.100.0.0/28", "network_id": "d5fff4d4-1667-42a0-ace7-104a3ff40340", "name": "tempest-sub4-1248059723"}}
    Response - Headers: {'status': '201', 'content-length': '470', 'connection': 'close', 'date': 'Mon, 14 Dec 2015 22:00:50 GMT', 'content-type': 'application/json; charset=UTF-8', 'x-openstack-request-id': 'req-8eec13cd-8120-42c0-9b5f-b72a0a245300'}
        Body: {"subnet": {"name": "tempest-sub4-1248059723", "enable_dhcp": true, "network_id": "d5fff4d4-1667-42a0-ace7-104a3ff40340", "tenant_id": "e57ea5db68094296a7fb55ef103a956f", "dns_nameservers": [], "gateway_ip": "10.100.0.1", "ipv6_ra_mode": null, "allocation_pools": [{"start": "10.100.0.2", "end": "10.100.0.14"}], "host_routes": [], "ip_version": 4, "ipv6_address_mode": null, "cidr": "10.100.0.0/28", "id": "e4cec7fb-9467-461f-bd9c-caf6cb019304", "subnetpool_id": null}}
2015-12-14 22:00:50,094 24649 INFO     [tempest_lib.common.rest_client] Request (TestGettingAddress:test_dhcp6_stateless_from_os): 201 POST http://10.0.2.15:9696/v2.0/routers 0.067s
2015-12-14 22:00:50,094 24649 DEBUG    [tempest_lib.common.rest_client] Request - Headers: {'Content-Type': 'application/json', 'Accept': 'application/json', 'X-Auth-Token': '&lt;omitted&gt;'}
        Body: {"router": {"tenant_id": "e57ea5db68094296a7fb55ef103a956f", "name": "tempest-router-smoke-1115287852", "admin_state_up": true}}
    Response - Headers: {'status': '201', 'content-length': '239', 'connection': 'close', 'date': 'Mon, 14 Dec 2015 22:00:50 GMT', 'content-type': 'application/json; charset=UTF-8', 'x-openstack-request-id': 'req-15d6c0ec-f088-433a-be52-f8d0e75f6b50'}
        Body: {"router": {"status": "ACTIVE", "external_gateway_info": null, "name": "tempest-router-smoke-1115287852", "admin_state_up": true, "tenant_id": "e57ea5db68094296a7fb55ef103a956f", "routes": [], "id": "6f152f17-e569-4e4a-8bc0-cc1198f929d0"}}
2015-12-14 22:00:50,133 24649 INFO     [tempest_lib.common.rest_client] Request (TestGettingAddress:test_dhcp6_stateless_from_os): 200 GET http://10.0.2.15:9696/v2.0/routers/6f152f17-e569-4e4a-8bc0-cc1198f929d0 0.037s
2015-12-14 22:00:50,133 24649 DEBUG    [tempest_lib.common.rest_client] Request - Headers: {'Content-Type': 'application/json', 'Accept': 'application/json', 'X-Auth-Token': '&lt;omitted&gt;'}
        Body: None
    Response - Headers: {'status': '200', 'content-length': '239', 'content-location': 'http://10.0.2.15:9696/v2.0/routers/6f152f17-e569-4e4a-8bc0-cc1198f929d0', 'connection': 'close', 'date': 'Mon, 14 Dec 2015 22:00:50 GMT', 'content-type': 'application/json; charset=UTF-8', 'x-openstack-request-id': 'req-22ab7cec-8c94-426e-9337-9935dcaa2d6f'}
        Body: {"router": {"status": "ACTIVE", "external_gateway_info": null, "name": "tempest-router-smoke-1115287852", "admin_state_up": true, "tenant_id": "e57ea5db68094296a7fb55ef103a956f", "routes": [], "id": "6f152f17-e569-4e4a-8bc0-cc1198f929d0"}}
2015-12-14 22:00:50,688 24649 INFO     [tempest_lib.common.rest_client] Request (TestGettingAddress:test_dhcp6_stateless_from_os): 200 PUT http://10.0.2.15:9696/v2.0/routers/6f152f17-e569-4e4a-8bc0-cc1198f929d0 0.554s
2015-12-14 22:00:50,689 24649 DEBUG    [tempest_lib.common.rest_client] Request - Headers: {'Content-Type': 'application/json', 'Accept': 'application/json', 'X-Auth-Token': '&lt;omitted&gt;'}
        Body: {"router": {"external_gateway_info": {"network_id": "d9f2e0fb-6021-4133-8712-10849d6f734a"}, "name": "tempest-router-smoke-1115287852", "admin_state_up": true}}
    Response - Headers: {'status': '200', 'content-length': '501', 'connection': 'close', 'date': 'Mon, 14 Dec 2015 22:00:50 GMT', 'content-type': 'application/json; charset=UTF-8', 'x-openstack-request-id': 'req-895e2987-28c4-4136-9ff9-80ff40ae5070'}
        Body: {"router": {"status": "ACTIVE", "external_gateway_info": {"network_id": "d9f2e0fb-6021-4133-8712-10849d6f734a", "enable_snat": true, "external_fixed_ips": [{"subnet_id": "3924e58b-3e8d-4693-876b-2d9f3bc53fe1", "ip_address": "172.24.4.3"}, {"subnet_id": "88b945e6-960e-4821-8ebc-5b4c42d2d95b", "ip_address": "2001:db8::4"}]}, "name": "tempest-router-smoke-1115287852", "admin_state_up": true, "tenant_id": "e57ea5db68094296a7fb55ef103a956f", "routes": [], "id": "6f152f17-e569-4e4a-8bc0-cc1198f929d0"}}
2015-12-14 22:00:51,115 24649 INFO     [tempest_lib.common.rest_client] Request (TestGettingAddress:test_dhcp6_stateless_from_os): 200 PUT http://10.0.2.15:9696/v2.0/routers/6f152f17-e569-4e4a-8bc0-cc1198f929d0/add_router_interface 0.425s
2015-12-14 22:00:51,116 24649 DEBUG    [tempest_lib.common.rest_client] Request - Headers: {'Content-Type': 'application/json', 'Accept': 'application/json', 'X-Auth-Token': '&lt;omitted&gt;'}
        Body: {"subnet_id": "e4cec7fb-9467-461f-bd9c-caf6cb019304"}
    Response - Headers: {'status': '200', 'content-length': '255', 'connection': 'close', 'date': 'Mon, 14 Dec 2015 22:00:51 GMT', 'content-type': 'application/json; charset=UTF-8', 'x-openstack-request-id': 'req-af4530b1-b3af-4526-a4f4-abe09ba8c51f'}
        Body: {"subnet_id": "e4cec7fb-9467-461f-bd9c-caf6cb019304", "tenant_id": "e57ea5db68094296a7fb55ef103a956f", "subnet_ids": ["e4cec7fb-9467-461f-bd9c-caf6cb019304"], "port_id": "2a5a8b1a-5475-4b78-b704-b09fccee1ba3", "id": "6f152f17-e569-4e4a-8bc0-cc1198f929d0"}
2015-12-14 22:00:51,283 24649 INFO     [tempest_lib.common.rest_client] Request (TestGettingAddress:test_dhcp6_stateless_from_os): 200 GET http://10.0.2.15:9696/v2.0/subnets?tenant_id=e57ea5db68094296a7fb55ef103a956f&amp;cidr=2003%3A%3A%2F64 0.165s
2015-12-14 22:00:51,283 24649 DEBUG    [tempest_lib.common.rest_client] Request - Headers: {'Content-Type': 'application/json', 'Accept': 'application/json', 'X-Auth-Token': '&lt;omitted&gt;'}
        Body: None
    Response - Headers: {'status': '200', 'content-length': '15', 'content-location': 'http://10.0.2.15:9696/v2.0/subnets?tenant_id=e57ea5db68094296a7fb55ef103a956f&amp;cidr=2003%3A%3A%2F64', 'connection': 'close', 'date': 'Mon, 14 Dec 2015 22:00:51 GMT', 'content-type': 'application/json; charset=UTF-8', 'x-openstack-request-id': 'req-d0c146cc-d051-40a9-8d7e-694b3611df82'}
        Body: {"subnets": []}
2015-12-14 22:00:51,566 24649 INFO     [tempest_lib.common.rest_client] Request (TestGettingAddress:test_dhcp6_stateless_from_os): 201 POST http://10.0.2.15:9696/v2.0/subnets 0.282s
2015-12-14 22:00:51,567 24649 DEBUG    [tempest_lib.common.rest_client] Request - Headers: {'Content-Type': 'application/json', 'Accept': 'application/json', 'X-Auth-Token': '&lt;omitted&gt;'}
        Body: {"subnet": {"name": "tempest-sub6-313340148", "network_id": "d5fff4d4-1667-42a0-ace7-104a3ff40340", "tenant_id": "e57ea5db68094296a7fb55ef103a956f", "ipv6_ra_mode": "dhcpv6-stateless", "ip_version": 6, "ipv6_address_mode": "dhcpv6-stateless", "cidr": "2003::/64"}}
    Response - Headers: {'status': '201', 'content-length': '501', 'connection': 'close', 'date': 'Mon, 14 Dec 2015 22:00:51 GMT', 'content-type': 'application/json; charset=UTF-8', 'x-openstack-request-id': 'req-57720838-8d8a-48dd-bbed-67c90654dfe9'}
        Body: {"subnet": {"name": "tempest-sub6-313340148", "enable_dhcp": true, "network_id": "d5fff4d4-1667-42a0-ace7-104a3ff40340", "tenant_id": "e57ea5db68094296a7fb55ef103a956f", "dns_nameservers": [], "gateway_ip": "2003::1", "ipv6_ra_mode": "dhcpv6-stateless", "allocation_pools": [{"start": "2003::2", "end": "2003::ffff:ffff:ffff:ffff"}], "host_routes": [], "ip_version": 6, "ipv6_address_mode": "dhcpv6-stateless", "cidr": "2003::/64", "id": "6388114e-c086-44bf-aa64-953f971d1d8a", "subnetpool_id": null}}
2015-12-14 22:00:52,115 24649 INFO     [tempest_lib.common.rest_client] Request (TestGettingAddress:test_dhcp6_stateless_from_os): 200 PUT http://10.0.2.15:9696/v2.0/routers/6f152f17-e569-4e4a-8bc0-cc1198f929d0/add_router_interface 0.547s
2015-12-14 22:00:52,116 24649 DEBUG    [tempest_lib.common.rest_client] Request - Headers: {'Content-Type': 'application/json', 'Accept': 'application/json', 'X-Auth-Token': '&lt;omitted&gt;'}
        Body: {"subnet_id": "6388114e-c086-44bf-aa64-953f971d1d8a"}
    Response - Headers: {'status': '200', 'content-length': '255', 'connection': 'close', 'date': 'Mon, 14 Dec 2015 22:00:52 GMT', 'content-type': 'application/json; charset=UTF-8', 'x-openstack-request-id': 'req-7040f4f4-8230-46d2-ac18-461a4b575314'}
        Body: {"subnet_id": "6388114e-c086-44bf-aa64-953f971d1d8a", "tenant_id": "e57ea5db68094296a7fb55ef103a956f", "subnet_ids": ["6388114e-c086-44bf-aa64-953f971d1d8a"], "port_id": "a2101f8c-a0fd-46af-ad46-cd7129aae479", "id": "6f152f17-e569-4e4a-8bc0-cc1198f929d0"}
2015-12-14 22:00:52,233 24649 INFO     [tempest_lib.common.rest_client] Request (TestGettingAddress:test_dhcp6_stateless_from_os): 200 POST http://10.0.2.15:5000/v2.0/tokens
2015-12-14 22:00:52,234 24649 DEBUG    [tempest_lib.common.rest_client] Request - Headers: {'Content-Type': 'application/json', 'Accept': 'application/json'}
        Body: &lt;omitted&gt;
    Response - Headers: {'status': '200', 'content-length': '2524', 'vary': 'X-Auth-Token', 'server': 'Apache/2.4.7 (Ubuntu)', 'connection': 'close', 'date': 'Mon, 14 Dec 2015 22:00:52 GMT', 'content-type': 'application/json', 'x-openstack-request-id': 'req-4653973a-20a8-4aff-ab02-21d74987b13e'}
        Body: {"access": {"token": {"issued_at": "2015-12-14T22:00:52.220277", "expires": "2015-12-14T23:00:52Z", "id": "63ee94970bef409881b4ab034e164fd5", "tenant": {"description": "tempest-TestGettingAddress-649509625-desc", "enabled": true, "id": "e57ea5db68094296a7fb55ef103a956f", "name": "tempest-TestGettingAddress-649509625"}, "audit_ids": ["3yrdlk54RsGHvfv6AmzMVQ"]}, "serviceCatalog": [{"endpoints": [{"adminURL": "http://10.0.2.15:8774/v2.1/e57ea5db68094296a7fb55ef103a956f", "region": "RegionOne", "internalURL": "http://10.0.2.15:8774/v2.1/e57ea5db68094296a7fb55ef103a956f", "id": "306ce8a8e5ff4fde91a370c6ebda781c", "publicURL": "http://10.0.2.15:8774/v2.1/e57ea5db68094296a7fb55ef103a956f"}], "endpoints_links": [], "type": "compute", "name": "nova"}, {"endpoints": [{"adminURL": "http://10.0.2.15:9696/", "region": "RegionOne", "internalURL": "http://10.0.2.15:9696/", "id": "2a229424ff574065be93dbc6338ae81a", "publicURL": "http://10.0.2.15:9696/"}], "endpoints_links": [], "type": "network", "name": "neutron"}, {"endpoints": [{"adminURL": "http://10.0.2.15:9292", "region": "RegionOne", "internalURL": "http://10.0.2.15:9292", "id": "34a048b6e5824a8f9e8b335433a05f57", "publicURL": "http://10.0.2.15:9292"}], "endpoints_links": [], "type": "image", "name": "glance"}, {"endpoints": [{"adminURL": "http://10.0.2.15:8774/v2/e57ea5db68094296a7fb55ef103a956f", "region": "RegionOne", "internalURL": "http://10.0.2.15:8774/v2/e57ea5db68094296a7fb55ef103a956f", "id": "0e658b86a30d4253930e7191dc669471", "publicURL": "http://10.0.2.15:8774/v2/e57ea5db68094296a7fb55ef103a956f"}], "endpoints_links": [], "type": "compute_legacy", "name": "nova_legacy"}, {"endpoints": [{"adminURL": "http://10.0.2.15:8773/", "region": "RegionOne", "internalURL": "http://10.0.2.15:8773/", "id": "1d0c7253c4e741e38d5eb5ccf29a1836", "publicURL": "http://10.0.2.15:8773/"}], "endpoints_links": [], "type": "ec2", "name": "ec2"}, {"endpoints": [{"adminURL": "http://10.0.2.15:35357/v2.0", "region": "RegionOne", "internalURL": "http://10.0.2.15:5000/v2.0", "id": "33ab00bfa4c0430eb055e19eda74c698", "publicURL": "http://10.0.2.15:5000/v2.0"}], "endpoints_links": [], "type": "identity", "name": "keystone"}], "user": {"username": "tempest-TestGettingAddress-2092056923", "roles_links": [], "id": "f20ad5ecf3264ad68c487010e6dffb8a", "roles": [{"name": "_member_"}, {"name": "Member"}], "name": "tempest-TestGettingAddress-2092056923"}, "metadata": {"is_admin": 0, "roles": ["9fe2ff9ee4384b1894a90878d3e92bab", "ac9988a7538e45b48ff87369162b27ad"]}}}
2015-12-14 22:00:52,241 24649 DEBUG    [tempest.common.fixed_network] (TestGettingAddress:test_dhcp6_stateless_from_os) No valid network provided or created, defaulting to fixed_network_name
2015-12-14 22:00:52,595 24649 INFO     [tempest_lib.common.rest_client] Request (TestGettingAddress:test_dhcp6_stateless_from_os): 200 GET http://10.0.2.15:8774/v2.1/e57ea5db68094296a7fb55ef103a956f/os-networks 0.353s
2015-12-14 22:00:52,596 24649 DEBUG    [tempest_lib.common.rest_client] Request - Headers: {'Content-Type': 'application/json', 'Accept': 'application/json', 'X-Auth-Token': '&lt;omitted&gt;'}
        Body: None
    Response - Headers: {'status': '200', 'content-length': '478', 'content-location': 'http://10.0.2.15:8774/v2.1/e57ea5db68094296a7fb55ef103a956f/os-networks', 'x-compute-request-id': 'req-2f87efe6-795f-45d9-a1ff-a20ba5aa66bf', 'vary': 'X-OpenStack-Nova-API-Version', 'connection': 'close', 'x-openstack-nova-api-version': '2.1', 'date': 'Mon, 14 Dec 2015 22:00:52 GMT', 'content-type': 'application/json'}
        Body: {"networks": [{"cidr_v6": null, "dns2": null, "dns1": null, "gateway": null, "broadcast": null, "netmask": null, "gateway_v6": null, "cidr": null, "label": "public", "id": "d9f2e0fb-6021-4133-8712-10849d6f734a", "netmask_v6": null}, {"cidr_v6": null, "dns2": null, "dns1": null, "gateway": null, "broadcast": null, "netmask": null, "gateway_v6": null, "cidr": null, "label": "tempest-network-smoke--921559883", "id": "d5fff4d4-1667-42a0-ace7-104a3ff40340", "netmask_v6": null}]}
2015-12-14 22:00:52,597 24649 WARNING  [tempest.common.fixed_network] (TestGettingAddress:test_dhcp6_stateless_from_os) Network with name: private not found
2015-12-14 22:00:52,597 24649 INFO     [tempest.common.fixed_network] (TestGettingAddress:test_dhcp6_stateless_from_os) Found network {} available for tenant
2015-12-14 22:00:54,571 24649 INFO     [tempest_lib.common.rest_client] Request (TestGettingAddress:test_dhcp6_stateless_from_os): 202 POST http://10.0.2.15:8774/v2.1/e57ea5db68094296a7fb55ef103a956f/servers 1.972s
2015-12-14 22:00:54,571 24649 DEBUG    [tempest_lib.common.rest_client] Request - Headers: {'Content-Type': 'application/json', 'Accept': 'application/json', 'X-Auth-Token': '&lt;omitted&gt;'}
        Body: {"server": {"name": "tempest.common.compute-instance-863470308", "imageRef": "f37dc508-adff-4b35-8b8c-ca43d2f242ac", "key_name": "tempest-TestGettingAddress-2018943250", "flavorRef": "42", "networks": [{"uuid": "d5fff4d4-1667-42a0-ace7-104a3ff40340"}], "security_groups": [{"name": "tempest-secgroup-smoke-216247637"}]}}
    Response - Headers: {'status': '202', 'content-length': '461', 'x-compute-request-id': 'req-7b1dec3e-4bab-485c-8a84-146bc7b65d30', 'vary': 'X-OpenStack-Nova-API-Version', 'connection': 'close', 'location': 'http://10.0.2.15:8774/v2.1/e57ea5db68094296a7fb55ef103a956f/servers/7819251a-e8cd-41ab-a39d-6284350ac922', 'x-openstack-nova-api-version': '2.1', 'date': 'Mon, 14 Dec 2015 22:00:54 GMT', 'content-type': 'application/json'}
        Body: {"server": {"security_groups": [{"name": "tempest-secgroup-smoke-216247637"}], "OS-DCF:diskConfig": "MANUAL", "id": "7819251a-e8cd-41ab-a39d-6284350ac922", "links": [{"href": "http://10.0.2.15:8774/v2.1/e57ea5db68094296a7fb55ef103a956f/servers/7819251a-e8cd-41ab-a39d-6284350ac922", "rel": "self"}, {"href": "http://10.0.2.15:8774/e57ea5db68094296a7fb55ef103a956f/servers/7819251a-e8cd-41ab-a39d-6284350ac922", "rel": "bookmark"}], "adminPass": "E5WLgUjq9ajB"}}
2015-12-14 22:00:54,706 24649 INFO     [tempest_lib.common.rest_client] Request (TestGettingAddress:test_dhcp6_stateless_from_os): 200 GET http://10.0.2.15:8774/v2.1/e57ea5db68094296a7fb55ef103a956f/servers/7819251a-e8cd-41ab-a39d-6284350ac922 0.130s
2015-12-14 22:00:54,706 24649 DEBUG    [tempest_lib.common.rest_client] Request - Headers: {'Content-Type': 'application/json', 'Accept': 'application/json', 'X-Auth-Token': '&lt;omitted&gt;'}
        Body: None
    Response - Headers: {'status': '200', 'content-length': '1354', 'content-location': 'http://10.0.2.15:8774/v2.1/e57ea5db68094296a7fb55ef103a956f/servers/7819251a-e8cd-41ab-a39d-6284350ac922', 'x-compute-request-id': 'req-8228f83f-ac92-416c-a50b-7c43e208d731', 'vary': 'X-OpenStack-Nova-API-Version', 'connection': 'close', 'x-openstack-nova-api-version': '2.1', 'date': 'Mon, 14 Dec 2015 22:00:54 GMT', 'content-type': 'application/json'}
        Body: {"server": {"status": "BUILD", "updated": "2015-12-14T22:00:54Z", "hostId": "", "addresses": {}, "links": [{"href": "http://10.0.2.15:8774/v2.1/e57ea5db68094296a7fb55ef103a956f/servers/7819251a-e8cd-41ab-a39d-6284350ac922", "rel": "self"}, {"href": "http://10.0.2.15:8774/e57ea5db68094296a7fb55ef103a956f/servers/7819251a-e8cd-41ab-a39d-6284350ac922", "rel": "bookmark"}], "key_name": "tempest-TestGettingAddress-2018943250", "image": {"id": "f37dc508-adff-4b35-8b8c-ca43d2f242ac", "links": [{"href": "http://10.0.2.15:8774/e57ea5db68094296a7fb55ef103a956f/images/f37dc508-adff-4b35-8b8c-ca43d2f242ac", "rel": "bookmark"}]}, "OS-EXT-STS:task_state": "scheduling", "OS-EXT-STS:vm_state": "building", "OS-SRV-USG:launched_at": null, "flavor": {"id": "42", "links": [{"href": "http://10.0.2.15:8774/e57ea5db68094296a7fb55ef103a956f/flavors/42", "rel": "bookmark"}]}, "id": "7819251a-e8cd-41ab-a39d-6284350ac922", "OS-SRV-USG:terminated_at": null, "OS-EXT-AZ:availability_zone": "", "user_id": "f20ad5ecf3264ad68c487010e6dffb8a", "name": "tempest.common.compute-instance-863470308", "created": "2015-12-14T22:00:54Z", "tenant_id": "e57ea5db68094296a7fb55ef103a956f", "OS-DCF:diskConfig": "MANUAL", "os-extended-volumes:volumes_attached": [], "accessIPv4": "", "accessIPv6": "", "progress": 0, "OS-EXT-STS:power_state": 0, "config_drive": "", "metadata": {}}}
2015-12-14 22:00:55,939 24649 INFO     [tempest_lib.common.rest_client] Request (TestGettingAddress:test_dhcp6_stateless_from_os): 200 GET http://10.0.2.15:8774/v2.1/e57ea5db68094296a7fb55ef103a956f/servers/7819251a-e8cd-41ab-a39d-6284350ac922 0.222s
2015-12-14 22:00:55,940 24649 DEBUG    [tempest_lib.common.rest_client] Request - Headers: {'Content-Type': 'application/json', 'Accept': 'application/json', 'X-Auth-Token': '&lt;omitted&gt;'}
        Body: None
    Response - Headers: {'status': '200', 'content-length': '1479', 'content-location': 'http://10.0.2.15:8774/v2.1/e57ea5db68094296a7fb55ef103a956f/servers/7819251a-e8cd-41ab-a39d-6284350ac922', 'x-compute-request-id': 'req-0e998b75-a2bf-442c-86dc-85d4d49b684e', 'vary': 'X-OpenStack-Nova-API-Version', 'connection': 'close', 'x-openstack-nova-api-version': '2.1', 'date': 'Mon, 14 Dec 2015 22:00:55 GMT', 'content-type': 'application/json'}
        Body: {"server": {"status": "BUILD", "updated": "2015-12-14T22:00:55Z", "hostId": "4acd9bf5551a629f738596f9f5b6ce7b08fff948366277aa73c6fa9c", "addresses": {}, "links": [{"href": "http://10.0.2.15:8774/v2.1/e57ea5db68094296a7fb55ef103a956f/servers/7819251a-e8cd-41ab-a39d-6284350ac922", "rel": "self"}, {"href": "http://10.0.2.15:8774/e57ea5db68094296a7fb55ef103a956f/servers/7819251a-e8cd-41ab-a39d-6284350ac922", "rel": "bookmark"}], "key_name": "tempest-TestGettingAddress-2018943250", "image": {"id": "f37dc508-adff-4b35-8b8c-ca43d2f242ac", "links": [{"href": "http://10.0.2.15:8774/e57ea5db68094296a7fb55ef103a956f/images/f37dc508-adff-4b35-8b8c-ca43d2f242ac", "rel": "bookmark"}]}, "OS-EXT-STS:task_state": "spawning", "OS-EXT-STS:vm_state": "building", "OS-SRV-USG:launched_at": null, "flavor": {"id": "42", "links": [{"href": "http://10.0.2.15:8774/e57ea5db68094296a7fb55ef103a956f/flavors/42", "rel": "bookmark"}]}, "id": "7819251a-e8cd-41ab-a39d-6284350ac922", "security_groups": [{"name": "tempest-secgroup-smoke-216247637"}], "OS-SRV-USG:terminated_at": null, "OS-EXT-AZ:availability_zone": "nova", "user_id": "f20ad5ecf3264ad68c487010e6dffb8a", "name": "tempest.common.compute-instance-863470308", "created": "2015-12-14T22:00:54Z", "tenant_id": "e57ea5db68094296a7fb55ef103a956f", "OS-DCF:diskConfig": "MANUAL", "os-extended-volumes:volumes_attached": [], "accessIPv4": "", "accessIPv6": "", "progress": 0, "OS-EXT-STS:power_state": 0, "config_drive": "", "metadata": {}}}
2015-12-14 22:00:55,948 24649 INFO     [tempest.common.waiters] State transition "BUILD/scheduling" ==&gt; "BUILD/spawning" after 1 second wait
2015-12-14 22:00:57,144 24649 INFO     [tempest_lib.common.rest_client] Request (TestGettingAddress:test_dhcp6_stateless_from_os): 200 GET http://10.0.2.15:8774/v2.1/e57ea5db68094296a7fb55ef103a956f/servers/7819251a-e8cd-41ab-a39d-6284350ac922 0.195s
2015-12-14 22:00:57,145 24649 DEBUG    [tempest_lib.common.rest_client] Request - Headers: {'Content-Type': 'application/json', 'Accept': 'application/json', 'X-Auth-Token': '&lt;omitted&gt;'}
        Body: None
    Response - Headers: {'status': '200', 'content-length': '1479', 'content-location': 'http://10.0.2.15:8774/v2.1/e57ea5db68094296a7fb55ef103a956f/servers/7819251a-e8cd-41ab-a39d-6284350ac922', 'x-compute-request-id': 'req-1f8dec43-feb4-4463-a3ac-2377e89ce17d', 'vary': 'X-OpenStack-Nova-API-Version', 'connection': 'close', 'x-openstack-nova-api-version': '2.1', 'date': 'Mon, 14 Dec 2015 22:00:57 GMT', 'content-type': 'application/json'}
        Body: {"server": {"status": "BUILD", "updated": "2015-12-14T22:00:55Z", "hostId": "4acd9bf5551a629f738596f9f5b6ce7b08fff948366277aa73c6fa9c", "addresses": {}, "links": [{"href": "http://10.0.2.15:8774/v2.1/e57ea5db68094296a7fb55ef103a956f/servers/7819251a-e8cd-41ab-a39d-6284350ac922", "rel": "self"}, {"href": "http://10.0.2.15:8774/e57ea5db68094296a7fb55ef103a956f/servers/7819251a-e8cd-41ab-a39d-6284350ac922", "rel": "bookmark"}], "key_name": "tempest-TestGettingAddress-2018943250", "image": {"id": "f37dc508-adff-4b35-8b8c-ca43d2f242ac", "links": [{"href": "http://10.0.2.15:8774/e57ea5db68094296a7fb55ef103a956f/images/f37dc508-adff-4b35-8b8c-ca43d2f242ac", "rel": "bookmark"}]}, "OS-EXT-STS:task_state": "spawning", "OS-EXT-STS:vm_state": "building", "OS-SRV-USG:launched_at": null, "flavor": {"id": "42", "links": [{"href": "http://10.0.2.15:8774/e57ea5db68094296a7fb55ef103a956f/flavors/42", "rel": "bookmark"}]}, "id": "7819251a-e8cd-41ab-a39d-6284350ac922", "security_groups": [{"name": "tempest-secgroup-smoke-216247637"}], "OS-SRV-USG:terminated_at": null, "OS-EXT-AZ:availability_zone": "nova", "user_id": "f20ad5ecf3264ad68c487010e6dffb8a", "name": "tempest.common.compute-instance-863470308", "created": "2015-12-14T22:00:54Z", "tenant_id": "e57ea5db68094296a7fb55ef103a956f", "OS-DCF:diskConfig": "MANUAL", "os-extended-volumes:volumes_attached": [], "accessIPv4": "", "accessIPv6": "", "progress": 0, "OS-EXT-STS:power_state": 0, "config_drive": "", "metadata": {}}}
2015-12-14 22:00:58,370 24649 INFO     [tempest_lib.common.rest_client] Request (TestGettingAddress:test_dhcp6_stateless_from_os): 200 GET http://10.0.2.15:8774/v2.1/e57ea5db68094296a7fb55ef103a956f/servers/7819251a-e8cd-41ab-a39d-6284350ac922 0.215s
2015-12-14 22:00:58,370 24649 DEBUG    [tempest_lib.common.rest_client] Request - Headers: {'Content-Type': 'application/json', 'Accept': 'application/json', 'X-Auth-Token': '&lt;omitted&gt;'}
        Body: None
    Response - Headers: {'status': '200', 'content-length': '1778', 'content-location': 'http://10.0.2.15:8774/v2.1/e57ea5db68094296a7fb55ef103a956f/servers/7819251a-e8cd-41ab-a39d-6284350ac922', 'x-compute-request-id': 'req-f70c49c4-4563-4d0a-b95a-48ea0f46edca', 'vary': 'X-OpenStack-Nova-API-Version', 'connection': 'close', 'x-openstack-nova-api-version': '2.1', 'date': 'Mon, 14 Dec 2015 22:00:58 GMT', 'content-type': 'application/json'}
        Body: {"server": {"status": "ACTIVE", "updated": "2015-12-14T22:00:57Z", "hostId": "4acd9bf5551a629f738596f9f5b6ce7b08fff948366277aa73c6fa9c", "addresses": {"tempest-network-smoke--921559883": [{"OS-EXT-IPS-MAC:mac_addr": "fa:16:3e:9e:0e:cd", "version": 6, "addr": "2003::f816:3eff:fe9e:ecd", "OS-EXT-IPS:type": "fixed"}, {"OS-EXT-IPS-MAC:mac_addr": "fa:16:3e:9e:0e:cd", "version": 4, "addr": "10.100.0.3", "OS-EXT-IPS:type": "fixed"}]}, "links": [{"href": "http://10.0.2.15:8774/v2.1/e57ea5db68094296a7fb55ef103a956f/servers/7819251a-e8cd-41ab-a39d-6284350ac922", "rel": "self"}, {"href": "http://10.0.2.15:8774/e57ea5db68094296a7fb55ef103a956f/servers/7819251a-e8cd-41ab-a39d-6284350ac922", "rel": "bookmark"}], "key_name": "tempest-TestGettingAddress-2018943250", "image": {"id": "f37dc508-adff-4b35-8b8c-ca43d2f242ac", "links": [{"href": "http://10.0.2.15:8774/e57ea5db68094296a7fb55ef103a956f/images/f37dc508-adff-4b35-8b8c-ca43d2f242ac", "rel": "bookmark"}]}, "OS-EXT-STS:task_state": null, "OS-EXT-STS:vm_state": "active", "OS-SRV-USG:launched_at": "2015-12-14T22:00:57.000000", "flavor": {"id": "42", "links": [{"href": "http://10.0.2.15:8774/e57ea5db68094296a7fb55ef103a956f/flavors/42", "rel": "bookmark"}]}, "id": "7819251a-e8cd-41ab-a39d-6284350ac922", "security_groups": [{"name": "tempest-secgroup-smoke-216247637"}], "OS-SRV-USG:terminated_at": null, "OS-EXT-AZ:availability_zone": "nova", "user_id": "f20ad5ecf3264ad68c487010e6dffb8a", "name": "tempest.common.compute-instance-863470308", "created": "2015-12-14T22:00:54Z", "tenant_id": "e57ea5db68094296a7fb55ef103a956f", "OS-DCF:diskConfig": "MANUAL", "os-extended-volumes:volumes_attached": [], "accessIPv4": "", "accessIPv6": "", "progress": 0, "OS-EXT-STS:power_state": 1, "config_drive": "True", "metadata": {}}}
2015-12-14 22:00:58,379 24649 INFO     [tempest.common.waiters] State transition "BUILD/spawning" ==&gt; "ACTIVE/None" after 4 second wait
2015-12-14 22:00:58,564 24649 INFO     [tempest_lib.common.rest_client] Request (TestGettingAddress:test_dhcp6_stateless_from_os): 200 GET http://10.0.2.15:8774/v2.1/e57ea5db68094296a7fb55ef103a956f/servers/7819251a-e8cd-41ab-a39d-6284350ac922 0.184s
2015-12-14 22:00:58,564 24649 DEBUG    [tempest_lib.common.rest_client] Request - Headers: {'Content-Type': 'application/json', 'Accept': 'application/json', 'X-Auth-Token': '&lt;omitted&gt;'}
        Body: None
    Response - Headers: {'status': '200', 'content-length': '1778', 'content-location': 'http://10.0.2.15:8774/v2.1/e57ea5db68094296a7fb55ef103a956f/servers/7819251a-e8cd-41ab-a39d-6284350ac922', 'x-compute-request-id': 'req-a71e0f02-b1f8-40ff-b572-d1c48b9296f3', 'vary': 'X-OpenStack-Nova-API-Version', 'connection': 'close', 'x-openstack-nova-api-version': '2.1', 'date': 'Mon, 14 Dec 2015 22:00:58 GMT', 'content-type': 'application/json'}
        Body: {"server": {"status": "ACTIVE", "updated": "2015-12-14T22:00:57Z", "hostId": "4acd9bf5551a629f738596f9f5b6ce7b08fff948366277aa73c6fa9c", "addresses": {"tempest-network-smoke--921559883": [{"OS-EXT-IPS-MAC:mac_addr": "fa:16:3e:9e:0e:cd", "version": 6, "addr": "2003::f816:3eff:fe9e:ecd", "OS-EXT-IPS:type": "fixed"}, {"OS-EXT-IPS-MAC:mac_addr": "fa:16:3e:9e:0e:cd", "version": 4, "addr": "10.100.0.3", "OS-EXT-IPS:type": "fixed"}]}, "links": [{"href": "http://10.0.2.15:8774/v2.1/e57ea5db68094296a7fb55ef103a956f/servers/7819251a-e8cd-41ab-a39d-6284350ac922", "rel": "self"}, {"href": "http://10.0.2.15:8774/e57ea5db68094296a7fb55ef103a956f/servers/7819251a-e8cd-41ab-a39d-6284350ac922", "rel": "bookmark"}], "key_name": "tempest-TestGettingAddress-2018943250", "image": {"id": "f37dc508-adff-4b35-8b8c-ca43d2f242ac", "links": [{"href": "http://10.0.2.15:8774/e57ea5db68094296a7fb55ef103a956f/images/f37dc508-adff-4b35-8b8c-ca43d2f242ac", "rel": "bookmark"}]}, "OS-EXT-STS:task_state": null, "OS-EXT-STS:vm_state": "active", "OS-SRV-USG:launched_at": "2015-12-14T22:00:57.000000", "flavor": {"id": "42", "links": [{"href": "http://10.0.2.15:8774/e57ea5db68094296a7fb55ef103a956f/flavors/42", "rel": "bookmark"}]}, "id": "7819251a-e8cd-41ab-a39d-6284350ac922", "security_groups": [{"name": "tempest-secgroup-smoke-216247637"}], "OS-SRV-USG:terminated_at": null, "OS-EXT-AZ:availability_zone": "nova", "user_id": "f20ad5ecf3264ad68c487010e6dffb8a", "name": "tempest.common.compute-instance-863470308", "created": "2015-12-14T22:00:54Z", "tenant_id": "e57ea5db68094296a7fb55ef103a956f", "OS-DCF:diskConfig": "MANUAL", "os-extended-volumes:volumes_attached": [], "accessIPv4": "", "accessIPv6": "", "progress": 0, "OS-EXT-STS:power_state": 1, "config_drive": "True", "metadata": {}}}
2015-12-14 22:00:58,607 24649 INFO     [tempest_lib.common.rest_client] Request (TestGettingAddress:test_dhcp6_stateless_from_os): 200 GET http://10.0.2.15:9696/v2.0/ports?status=ACTIVE&amp;fixed_ip=None&amp;device_id=7819251a-e8cd-41ab-a39d-6284350ac922 0.033s
2015-12-14 22:00:58,607 24649 DEBUG    [tempest_lib.common.rest_client] Request - Headers: {'Content-Type': 'application/json', 'Accept': 'application/json', 'X-Auth-Token': '&lt;omitted&gt;'}
        Body: None
    Response - Headers: {'status': '200', 'content-length': '1138', 'content-location': 'http://10.0.2.15:9696/v2.0/ports?status=ACTIVE&amp;fixed_ip=None&amp;device_id=7819251a-e8cd-41ab-a39d-6284350ac922', 'connection': 'close', 'date': 'Mon, 14 Dec 2015 22:00:58 GMT', 'content-type': 'application/json; charset=UTF-8', 'x-openstack-request-id': 'req-d6aa3a37-2d56-433a-abf8-201fdea0105f'}
        Body: {"ports": [{"status": "ACTIVE", "binding:host_id": "vagrant-ubuntu-trusty-64", "allowed_address_pairs": [], "extra_dhcp_opts": [], "dns_assignment": [{"hostname": "host-10-100-0-3", "ip_address": "10.100.0.3", "fqdn": "host-10-100-0-3.openstacklocal."}, {"hostname": "host-2003--f816-3eff-fe9e-ecd", "ip_address": "2003::f816:3eff:fe9e:ecd", "fqdn": "host-2003--f816-3eff-fe9e-ecd.openstacklocal."}], "device_owner": "compute:None", "port_security_enabled": true, "binding:profile": {}, "fixed_ips": [{"subnet_id": "e4cec7fb-9467-461f-bd9c-caf6cb019304", "ip_address": "10.100.0.3"}, {"subnet_id": "6388114e-c086-44bf-aa64-953f971d1d8a", "ip_address": "2003::f816:3eff:fe9e:ecd"}], "id": "5957e9a0-84f6-4289-9157-c55ee7e35453", "security_groups": ["4fed92c0-871f-4c71-9f62-a54f8db86b8c"], "device_id": "7819251a-e8cd-41ab-a39d-6284350ac922", "name": "", "admin_state_up": true, "network_id": "d5fff4d4-1667-42a0-ace7-104a3ff40340", "dns_name": "", "binding:vif_details": {"port_filter": true}, "binding:vnic_type": "normal", "binding:vif_type": "ovs", "tenant_id": "e57ea5db68094296a7fb55ef103a956f", "mac_address": "fa:16:3e:9e:0e:cd"}]}
2015-12-14 22:00:59,136 24649 INFO     [tempest_lib.common.rest_client] Request (TestGettingAddress:test_dhcp6_stateless_from_os): 201 POST http://10.0.2.15:9696/v2.0/floatingips 0.527s
2015-12-14 22:00:59,136 24649 DEBUG    [tempest_lib.common.rest_client] Request - Headers: {'Content-Type': 'application/json', 'Accept': 'application/json', 'X-Auth-Token': '&lt;omitted&gt;'}
        Body: {"floatingip": {"floating_network_id": "d9f2e0fb-6021-4133-8712-10849d6f734a", "tenant_id": "e57ea5db68094296a7fb55ef103a956f", "fixed_ip_address": "10.100.0.3", "port_id": "5957e9a0-84f6-4289-9157-c55ee7e35453"}}
    Response - Headers: {'status': '201', 'content-length': '367', 'connection': 'close', 'date': 'Mon, 14 Dec 2015 22:00:59 GMT', 'content-type': 'application/json; charset=UTF-8', 'x-openstack-request-id': 'req-9171df2f-d195-4af8-90a8-7f0eb3f41722'}
        Body: {"floatingip": {"floating_network_id": "d9f2e0fb-6021-4133-8712-10849d6f734a", "router_id": "6f152f17-e569-4e4a-8bc0-cc1198f929d0", "fixed_ip_address": "10.100.0.3", "floating_ip_address": "172.24.4.4", "tenant_id": "e57ea5db68094296a7fb55ef103a956f", "status": "DOWN", "port_id": "5957e9a0-84f6-4289-9157-c55ee7e35453", "id": "8ca89589-0da5-4ea7-bdfe-e8b86a459d84"}}
2015-12-14 22:00:59,137 24649 INFO     [tempest_lib.common.ssh] Creating ssh connection to '172.24.4.4' as 'cirros' with public key authentication
2015-12-14 22:01:02,780 24649 WARNING  [tempest_lib.common.ssh] Failed to establish authenticated ssh connection to cirros@172.24.4.4 ([Errno None] Unable to connect to port 22 on  or 172.24.4.4). Number attempts: 1. Retry after 2 seconds.
2015-12-14 22:01:08,288 24649 WARNING  [tempest_lib.common.ssh] Failed to establish authenticated ssh connection to cirros@172.24.4.4 ([Errno None] Unable to connect to port 22 on  or 172.24.4.4). Number attempts: 2. Retry after 3 seconds.
2015-12-14 22:01:14,792 24649 WARNING  [tempest_lib.common.ssh] Failed to establish authenticated ssh connection to cirros@172.24.4.4 ([Errno None] Unable to connect to port 22 on  or 172.24.4.4). Number attempts: 3. Retry after 4 seconds.
2015-12-14 22:01:22,297 24649 WARNING  [tempest_lib.common.ssh] Failed to establish authenticated ssh connection to cirros@172.24.4.4 ([Errno None] Unable to connect to port 22 on  or 172.24.4.4). Number attempts: 4. Retry after 5 seconds.
2015-12-14 22:01:30,804 24649 WARNING  [tempest_lib.common.ssh] Failed to establish authenticated ssh connection to cirros@172.24.4.4 ([Errno None] Unable to connect to port 22 on  or 172.24.4.4). Number attempts: 5. Retry after 6 seconds.
2015-12-14 22:01:40,312 24649 WARNING  [tempest_lib.common.ssh] Failed to establish authenticated ssh connection to cirros@172.24.4.4 ([Errno None] Unable to connect to port 22 on  or 172.24.4.4). Number attempts: 6. Retry after 7 seconds.
2015-12-14 22:01:50,821 24649 WARNING  [tempest_lib.common.ssh] Failed to establish authenticated ssh connection to cirros@172.24.4.4 ([Errno None] Unable to connect to port 22 on  or 172.24.4.4). Number attempts: 7. Retry after 8 seconds.
2015-12-14 22:02:02,328 24649 WARNING  [tempest_lib.common.ssh] Failed to establish authenticated ssh connection to cirros@172.24.4.4 ([Errno None] Unable to connect to port 22 on  or 172.24.4.4). Number attempts: 8. Retry after 9 seconds.
2015-12-14 22:02:14,837 24649 WARNING  [tempest_lib.common.ssh] Failed to establish authenticated ssh connection to cirros@172.24.4.4 ([Errno None] Unable to connect to port 22 on  or 172.24.4.4). Number attempts: 9. Retry after 10 seconds.
2015-12-14 22:02:28,348 24649 WARNING  [tempest_lib.common.ssh] Failed to establish authenticated ssh connection to cirros@172.24.4.4 ([Errno None] Unable to connect to port 22 on  or 172.24.4.4). Number attempts: 10. Retry after 11 seconds.
2015-12-14 22:02:42,860 24649 WARNING  [tempest_lib.common.ssh] Failed to establish authenticated ssh connection to cirros@172.24.4.4 ([Errno None] Unable to connect to port 22 on  or 172.24.4.4). Number attempts: 11. Retry after 12 seconds.
2015-12-14 22:02:58,361 24649 WARNING  [tempest_lib.common.ssh] Failed to establish authenticated ssh connection to cirros@172.24.4.4 ([Errno None] Unable to connect to port 22 on  or 172.24.4.4). Number attempts: 12. Retry after 13 seconds.
2015-12-14 22:03:14,881 24649 WARNING  [tempest_lib.common.ssh] Failed to establish authenticated ssh connection to cirros@172.24.4.4 ([Errno None] Unable to connect to port 22 on  or 172.24.4.4). Number attempts: 13. Retry after 14 seconds.
2015-12-14 22:03:32,393 24649 WARNING  [tempest_lib.common.ssh] Failed to establish authenticated ssh connection to cirros@172.24.4.4 ([Errno None] Unable to connect to port 22 on  or 172.24.4.4). Number attempts: 14. Retry after 15 seconds.
2015-12-14 22:03:50,896 24649 WARNING  [tempest_lib.common.ssh] Failed to establish authenticated ssh connection to cirros@172.24.4.4 ([Errno None] Unable to connect to port 22 on  or 172.24.4.4). Number attempts: 15. Retry after 16 seconds.
2015-12-14 22:04:10,405 24649 WARNING  [tempest_lib.common.ssh] Failed to establish authenticated ssh connection to cirros@172.24.4.4 ([Errno None] Unable to connect to port 22 on  or 172.24.4.4). Number attempts: 16. Retry after 17 seconds.
2015-12-14 22:04:30,920 24649 ERROR    [tempest_lib.common.ssh] Failed to establish authenticated ssh connection to cirros@172.24.4.4 after 16 attempts
2015-12-14 22:04:30.920 24649 ERROR tempest_lib.common.ssh Traceback (most recent call last):
2015-12-14 22:04:30.920 24649 ERROR tempest_lib.common.ssh   File "/usr/local/lib/python2.7/dist-packages/tempest_lib/common/ssh.py", line 75, in _get_ssh_connection
2015-12-14 22:04:30.920 24649 ERROR tempest_lib.common.ssh     timeout=self.channel_timeout, pkey=self.pkey)
2015-12-14 22:04:30.920 24649 ERROR tempest_lib.common.ssh   File "/usr/local/lib/python2.7/dist-packages/paramiko/client.py", line 311, in connect
2015-12-14 22:04:30.920 24649 ERROR tempest_lib.common.ssh     raise NoValidConnectionsError(errors)
2015-12-14 22:04:30.920 24649 ERROR tempest_lib.common.ssh NoValidConnectionsError: [Errno None] Unable to connect to port 22 on  or 172.24.4.4
2015-12-14 22:04:30.920 24649 ERROR tempest_lib.common.ssh 
2015-12-14 22:04:30,921 24649 ERROR    [tempest.scenario.manager] (TestGettingAddress:test_dhcp6_stateless_from_os) Initializing SSH connection to 172.24.4.4 failed. Error: Connection to the 172.24.4.4 via SSH timed out.
User: cirros, Password: None
2015-12-14 22:04:30.921 24649 ERROR tempest.scenario.manager Traceback (most recent call last):
2015-12-14 22:04:30.921 24649 ERROR tempest.scenario.manager   File "tempest/scenario/manager.py", line 383, in get_remote_client
2015-12-14 22:04:30.921 24649 ERROR tempest.scenario.manager     linux_client.validate_authentication()
2015-12-14 22:04:30.921 24649 ERROR tempest.scenario.manager   File "tempest/common/utils/linux/remote_client.py", line 63, in validate_authentication
2015-12-14 22:04:30.921 24649 ERROR tempest.scenario.manager     self.ssh_client.test_connection_auth()
2015-12-14 22:04:30.921 24649 ERROR tempest.scenario.manager   File "/usr/local/lib/python2.7/dist-packages/tempest_lib/common/ssh.py", line 167, in test_connection_auth
2015-12-14 22:04:30.921 24649 ERROR tempest.scenario.manager     connection = self._get_ssh_connection()
2015-12-14 22:04:30.921 24649 ERROR tempest.scenario.manager   File "/usr/local/lib/python2.7/dist-packages/tempest_lib/common/ssh.py", line 87, in _get_ssh_connection
2015-12-14 22:04:30.921 24649 ERROR tempest.scenario.manager     password=self.password)
2015-12-14 22:04:30.921 24649 ERROR tempest.scenario.manager SSHTimeout: Connection to the 172.24.4.4 via SSH timed out.
2015-12-14 22:04:30.921 24649 ERROR tempest.scenario.manager User: cirros, Password: None
2015-12-14 22:04:30.921 24649 ERROR tempest.scenario.manager 
2015-12-14 22:04:30,990 24649 INFO     [tempest_lib.common.rest_client] Request (TestGettingAddress:test_dhcp6_stateless_from_os): 200 GET http://10.0.2.15:8774/v2.1/e57ea5db68094296a7fb55ef103a956f/servers 0.067s
2015-12-14 22:04:30,990 24649 DEBUG    [tempest_lib.common.rest_client] Request - Headers: {'Content-Type': 'application/json', 'Accept': 'application/json', 'X-Auth-Token': '&lt;omitted&gt;'}
        Body: None
    Response - Headers: {'status': '200', 'content-length': '390', 'content-location': 'http://10.0.2.15:8774/v2.1/e57ea5db68094296a7fb55ef103a956f/servers', 'x-compute-request-id': 'req-9dfa55cf-a849-49d8-946c-253171c58cac', 'vary': 'X-OpenStack-Nova-API-Version', 'connection': 'close', 'x-openstack-nova-api-version': '2.1', 'date': 'Mon, 14 Dec 2015 22:04:30 GMT', 'content-type': 'application/json'}
        Body: {"servers": [{"id": "7819251a-e8cd-41ab-a39d-6284350ac922", "links": [{"href": "http://10.0.2.15:8774/v2.1/e57ea5db68094296a7fb55ef103a956f/servers/7819251a-e8cd-41ab-a39d-6284350ac922", "rel": "self"}, {"href": "http://10.0.2.15:8774/e57ea5db68094296a7fb55ef103a956f/servers/7819251a-e8cd-41ab-a39d-6284350ac922", "rel": "bookmark"}], "name": "tempest.common.compute-instance-863470308"}]}
2015-12-14 22:04:31,199 24649 INFO     [tempest_lib.common.rest_client] Request (TestGettingAddress:test_dhcp6_stateless_from_os): 200 POST http://10.0.2.15:8774/v2.1/e57ea5db68094296a7fb55ef103a956f/servers/7819251a-e8cd-41ab-a39d-6284350ac922/action 0.204s
2015-12-14 22:04:31,199 24649 DEBUG    [tempest_lib.common.rest_client] Request - Headers: {'Content-Type': 'application/json', 'Accept': 'application/json', 'X-Auth-Token': '&lt;omitted&gt;'}
        Body: {"os-getConsoleOutput": {}}
    Response - Headers: {'status': '200', 'content-length': '24666', 'x-compute-request-id': 'req-2d4f9bd1-dd00-4d9b-96a6-113292768425', 'vary': 'X-OpenStack-Nova-API-Version', 'connection': 'close', 'x-openstack-nova-api-version': '2.1', 'date': 'Mon, 14 Dec 2015 22:04:31 GMT', 'content-type': 'application/json'}
        Body: {"output": "[    0.000000] Initializing cgroup subsys cpuset\n[    0.000000] Initializing cgroup subsys cpu\n[    0.000000] Linux version 3.2.0-80-virtual (buildd@batsu) (gcc version 4.6.3 (Ubuntu/Linaro 4.6.3-1ubuntu5) ) #116-Ubuntu SMP Mon Mar 23 17:28:52 UTC 2015 (Ubuntu 3.2.0-80.116-virtual 3.2.68)\n[    0.000000] Command line: root=/dev/vda console=tty0 console=ttyS0 no_timer_check\n[    0.000000] KERNEL supported cpus:\n[    0.000000]   Intel GenuineIntel\n[    0.000000]   AMD AuthenticAMD\n[    0.000000]   Centaur CentaurHauls\n[    0.000000] BIOS-provided physical RAM map:\n[    0.000000]  BIOS-e820: 0000000000000000 - 000000000009fc00 (usable)\n[    0.000000]  BIOS-e820: 000000000009fc00 - 00000000000a0000 (reserved)\n[    0.000000]  BIOS-e820: 00000000000f0000 - 0000000000100000 (reserved)\n[    0.000000]  BIOS-e820: 0000000000100000 - 0000000003ffe000 (usable)\n[    0.000000]  BIOS-e820: 0000000003ffe000 - 0000000004000000 (reserved)\n[    0.000000]  BIOS-e820: 00000000fffc0000 - 0000000100000000 (reserved)\n[    0.000000] NX (Execute Disable) protection: active\n[    0.000000] SMBIOS 2.4 present.\n[    0.000000] No AGP bridge found\n[    0.000000] last_pfn = 0x3ffe max_arch_pfn = 0x400000000\n[    0.000000] x86 PAT enabled: cpu 0, old 0x7040600070406, new 0x7010600070106\n[    0.000000] found SMP MP-table at [ffff8800000f0b00] f0b00\n[    0.000000] init_memory_mapping: 0000000000000000-0000000003ffe000\n[    0.000000] RAMDISK: 03c5e000 - 03ff0000\n[    0.000000] ACPI: RSDP 00000000000f0950 00014 (v00 BOCHS )\n[    0.000000] ACPI: RSDT 0000000003fffbc1 00034 (v01 BOCHS  BXPCRSDT 00000001 BXPC 00000001)\n[    0.000000] ACPI: FACP 0000000003fff1c0 00074 (v01 BOCHS  BXPCFACP 00000001 BXPC 00000001)\n[    0.000000] ACPI: DSDT 0000000003ffe040 01180 (v01 BOCHS  BXPCDSDT 00000001 BXPC 00000001)\n[    0.000000] ACPI: FACS 0000000003ffe000 00040\n[    0.000000] ACPI: SSDT 0000000003fff234 008DD (v01 BOCHS  BXPCSSDT 00000001 BXPC 00000001)\n[    0.000000] ACPI: APIC 0000000003fffb11 00078 (v01 BOCHS  BXPCAPIC 00000001 BXPC 00000001)\n[    0.000000] ACPI: HPET 0000000003fffb89 00038 (v01 BOCHS  BXPCHPET 00000001 BXPC 00000001)\n[    0.000000] No NUMA configuration found\n[    0.000000] Faking a node at 0000000000000000-0000000003ffe000\n[    0.000000] Initmem setup node 0 0000000000000000-0000000003ffe000\n[    0.000000]   NODE_DATA [0000000003ff6000 - 0000000003ffafff]\n[    0.000000] Zone PFN ranges:\n[    0.000000]   DMA      0x00000010 -&gt; 0x00001000\n[    0.000000]   DMA32    0x00001000 -&gt; 0x00100000\n[    0.000000]   Normal   empty\n[    0.000000] Movable zone start PFN for each node\n[    0.000000] early_node_map[2] active PFN ranges\n[    0.000000]     0: 0x00000010 -&gt; 0x0000009f\n[    0.000000]     0: 0x00000100 -&gt; 0x00003ffe\n[    0.000000] ACPI: PM-Timer IO Port: 0xb008\n[    0.000000] ACPI: LAPIC (acpi_id[0x00] lapic_id[0x00] enabled)\n[    0.000000] ACPI: LAPIC_NMI (acpi_id[0xff] dfl dfl lint[0x1])\n[    0.000000] ACPI: IOAPIC (id[0x00] address[0xfec00000] gsi_base[0])\n[    0.000000] IOAPIC[0]: apic_id 0, version 17, address 0xfec00000, GSI 0-23\n[    0.000000] ACPI: INT_SRC_OVR (bus 0 bus_irq 0 global_irq 2 dfl dfl)\n[    0.000000] ACPI: INT_SRC_OVR (bus 0 bus_irq 5 global_irq 5 high level)\n[    0.000000] ACPI: INT_SRC_OVR (bus 0 bus_irq 9 global_irq 9 high level)\n[    0.000000] ACPI: INT_SRC_OVR (bus 0 bus_irq 10 global_irq 10 high level)\n[    0.000000] ACPI: INT_SRC_OVR (bus 0 bus_irq 11 global_irq 11 high level)\n[    0.000000] Using ACPI (MADT) for SMP configuration information\n[    0.000000] ACPI: HPET id: 0x8086a201 base: 0xfed00000\n[    0.000000] SMP: Allowing 1 CPUs, 0 hotplug CPUs\n[    0.000000] PM: Registered nosave memory: 000000000009f000 - 00000000000a0000\n[    0.000000] PM: Registered nosave memory: 00000000000a0000 - 00000000000f0000\n[    0.000000] PM: Registered nosave memory: 00000000000f0000 - 0000000000100000\n[    0.000000] Allocating PCI resources starting at 4000000 (gap: 4000000:fbfc0000)\n[    0.000000] Booting paravirtualized kernel on bare hardware\n[    0.000000] setup_pe
2015-12-14 22:04:31,202 24649 DEBUG    [tempest.scenario.manager] Console output for 7819251a-e8cd-41ab-a39d-6284350ac922
body=
[    0.000000] Initializing cgroup subsys cpuset
[    0.000000] Initializing cgroup subsys cpu
[    0.000000] Linux version 3.2.0-80-virtual (buildd@batsu) (gcc version 4.6.3 (Ubuntu/Linaro 4.6.3-1ubuntu5) ) #116-Ubuntu SMP Mon Mar 23 17:28:52 UTC 2015 (Ubuntu 3.2.0-80.116-virtual 3.2.68)
[    0.000000] Command line: root=/dev/vda console=tty0 console=ttyS0 no_timer_check
[    0.000000] KERNEL supported cpus:
[    0.000000]   Intel GenuineIntel
[    0.000000]   AMD AuthenticAMD
[    0.000000]   Centaur CentaurHauls
[    0.000000] BIOS-provided physical RAM map:
[    0.000000]  BIOS-e820: 0000000000000000 - 000000000009fc00 (usable)
[    0.000000]  BIOS-e820: 000000000009fc00 - 00000000000a0000 (reserved)
[    0.000000]  BIOS-e820: 00000000000f0000 - 0000000000100000 (reserved)
[    0.000000]  BIOS-e820: 0000000000100000 - 0000000003ffe000 (usable)
[    0.000000]  BIOS-e820: 0000000003ffe000 - 0000000004000000 (reserved)
[    0.000000]  BIOS-e820: 00000000fffc0000 - 0000000100000000 (reserved)
[    0.000000] NX (Execute Disable) protection: active
[    0.000000] SMBIOS 2.4 present.
[    0.000000] No AGP bridge found
[    0.000000] last_pfn = 0x3ffe max_arch_pfn = 0x400000000
[    0.000000] x86 PAT enabled: cpu 0, old 0x7040600070406, new 0x7010600070106
[    0.000000] found SMP MP-table at [ffff8800000f0b00] f0b00
[    0.000000] init_memory_mapping: 0000000000000000-0000000003ffe000
[    0.000000] RAMDISK: 03c5e000 - 03ff0000
[    0.000000] ACPI: RSDP 00000000000f0950 00014 (v00 BOCHS )
[    0.000000] ACPI: RSDT 0000000003fffbc1 00034 (v01 BOCHS  BXPCRSDT 00000001 BXPC 00000001)
[    0.000000] ACPI: FACP 0000000003fff1c0 00074 (v01 BOCHS  BXPCFACP 00000001 BXPC 00000001)
[    0.000000] ACPI: DSDT 0000000003ffe040 01180 (v01 BOCHS  BXPCDSDT 00000001 BXPC 00000001)
[    0.000000] ACPI: FACS 0000000003ffe000 00040
[    0.000000] ACPI: SSDT 0000000003fff234 008DD (v01 BOCHS  BXPCSSDT 00000001 BXPC 00000001)
[    0.000000] ACPI: APIC 0000000003fffb11 00078 (v01 BOCHS  BXPCAPIC 00000001 BXPC 00000001)
[    0.000000] ACPI: HPET 0000000003fffb89 00038 (v01 BOCHS  BXPCHPET 00000001 BXPC 00000001)
[    0.000000] No NUMA configuration found
[    0.000000] Faking a node at 0000000000000000-0000000003ffe000
[    0.000000] Initmem setup node 0 0000000000000000-0000000003ffe000
[    0.000000]   NODE_DATA [0000000003ff6000 - 0000000003ffafff]
[    0.000000] Zone PFN ranges:
[    0.000000]   DMA      0x00000010 -&gt; 0x00001000
[    0.000000]   DMA32    0x00001000 -&gt; 0x00100000
[    0.000000]   Normal   empty
[    0.000000] Movable zone start PFN for each node
[    0.000000] early_node_map[2] active PFN ranges
[    0.000000]     0: 0x00000010 -&gt; 0x0000009f
[    0.000000]     0: 0x00000100 -&gt; 0x00003ffe
[    0.000000] ACPI: PM-Timer IO Port: 0xb008
[    0.000000] ACPI: LAPIC (acpi_id[0x00] lapic_id[0x00] enabled)
[    0.000000] ACPI: LAPIC_NMI (acpi_id[0xff] dfl dfl lint[0x1])
[    0.000000] ACPI: IOAPIC (id[0x00] address[0xfec00000] gsi_base[0])
[    0.000000] IOAPIC[0]: apic_id 0, version 17, address 0xfec00000, GSI 0-23
[    0.000000] ACPI: INT_SRC_OVR (bus 0 bus_irq 0 global_irq 2 dfl dfl)
[    0.000000] ACPI: INT_SRC_OVR (bus 0 bus_irq 5 global_irq 5 high level)
[    0.000000] ACPI: INT_SRC_OVR (bus 0 bus_irq 9 global_irq 9 high level)
[    0.000000] ACPI: INT_SRC_OVR (bus 0 bus_irq 10 global_irq 10 high level)
[    0.000000] ACPI: INT_SRC_OVR (bus 0 bus_irq 11 global_irq 11 high level)
[    0.000000] Using ACPI (MADT) for SMP configuration information
[    0.000000] ACPI: HPET id: 0x8086a201 base: 0xfed00000
[    0.000000] SMP: Allowing 1 CPUs, 0 hotplug CPUs
[    0.000000] PM: Registered nosave memory: 000000000009f000 - 00000000000a0000
[    0.000000] PM: Registered nosave memory: 00000000000a0000 - 00000000000f0000
[    0.000000] PM: Registered nosave memory: 00000000000f0000 - 0000000000100000
[    0.000000] Allocating PCI resources starting at 4000000 (gap: 4000000:fbfc0000)
[    0.000000] Booting paravirtualized kernel on bare hardware
[    0.000000] setup_percpu: NR_CPUS:64 nr_cpumask_bits:64 nr_cpu_ids:1 nr_node_ids:1
[    0.000000] PERCPU: Embedded 27 pages/cpu @ffff880003a00000 s78848 r8192 d23552 u2097152
[    0.000000] Built 1 zonelists in Node order, mobility grouping on.  Total pages: 16008
[    0.000000] Policy zone: DMA32
[    0.000000] Kernel command line: root=/dev/vda console=tty0 console=ttyS0 no_timer_check
[    0.000000] PID hash table entries: 256 (order: -1, 2048 bytes)
[    0.000000] Checking aperture...
[    0.000000] No AGP bridge found
[    0.000000] Memory: 43492k/65528k available (6576k kernel code, 452k absent, 21584k reserved, 6620k data, 928k init)
[    0.000000] SLUB: Genslabs=15, HWalign=64, Order=0-3, MinObjects=0, CPUs=1, Nodes=1
[    0.000000] Hierarchical RCU implementation.
[    0.000000] 	RCU dyntick-idle grace-period acceleration is enabled.
[    0.000000] NR_IRQS:4352 nr_irqs:256 16
[    0.000000] Console: colour VGA+ 80x25
[    0.000000] console [tty0] enabled
[    0.000000] console [ttyS0] enabled
[    0.000000] allocated 1048576 bytes of page_cgroup
[    0.000000] please try 'cgroup_disable=memory' option if you don't want memory cgroups
[    0.000000] Fast TSC calibration failed
[    0.000000] TSC: Unable to calibrate against PIT
[    0.000000] TSC: using HPET reference calibration
[    0.000000] Detected 2294.361 MHz processor.
[    0.041962] Calibrating delay loop (skipped), value calculated using timer frequency.. 4588.72 BogoMIPS (lpj=9177444)
[    0.048389] pid_max: default: 32768 minimum: 301
[    0.062258] Security Framework initialized
[    0.068495] AppArmor: AppArmor initialized
[    0.069327] Yama: becoming mindful.
[    0.077111] Dentry cache hash table entries: 8192 (order: 4, 65536 bytes)
[    0.080489] Inode-cache hash table entries: 4096 (order: 3, 32768 bytes)
[    0.082958] Mount-cache hash table entries: 256
[    0.102321] Initializing cgroup subsys cpuacct
[    0.104142] Initializing cgroup subsys memory
[    0.105953] Initializing cgroup subsys devices
[    0.106792] Initializing cgroup subsys freezer
[    0.108145] Initializing cgroup subsys blkio
[    0.108999] Initializing cgroup subsys perf_event
[    0.115050] mce: CPU supports 10 MCE banks
[    0.122100] SMP alternatives: switching to UP code
[    0.518353] Freeing SMP alternatives: 24k freed
[    0.520451] ACPI: Core revision 20110623
[    0.568468] ftrace: allocating 26610 entries in 105 pages
[    0.600792] ..TIMER: vector=0x30 apic1=0 pin1=2 apic2=-1 pin2=-1
[    0.601668] CPU0: AMD QEMU Virtual CPU version 2.0.0 stepping 03
[    0.608037] Performance Events: Broken PMU hardware detected, using software events only.
[    0.620691] NMI watchdog disabled (cpu0): hardware events not enabled
[    0.622331] Brought up 1 CPUs
[    0.622936] Total of 1 processors activated (4588.72 BogoMIPS).
[    0.647042] devtmpfs: initialized
[    0.676800] EVM: security.selinux
[    0.677602] EVM: security.SMACK64
[    0.678372] EVM: security.capability
[    0.706227] print_constraints: dummy: 
[    0.710148] RTC time: 22:01:01, date: 12/14/15
[    0.716668] NET: Registered protocol family 16
[    0.725082] ACPI: bus type pci registered
[    0.728603] PCI: Using configuration type 1 for base access
[    0.763262] bio: create slab &lt;bio-0&gt; at 0
[    0.768587] ACPI: Added _OSI(Module Device)
[    0.769761] ACPI: Added _OSI(Processor Device)
[    0.770400] ACPI: Added _OSI(3.0 _SCP Extensions)
[    0.771297] ACPI: Added _OSI(Processor Aggregator Device)
[    0.847441] ACPI: Interpreter enabled
[    0.848184] ACPI: (supports S0 S3 S4 S5)
[    0.850076] ACPI: Using IOAPIC for interrupt routing
[    0.932654] ACPI: No dock devices found.
[    0.934010] HEST: Table not found.
[    0.934587] PCI: Using host bridge windows from ACPI; if necessary, use "pci=nocrs" and report a bug
[    0.940803] ACPI: PCI Root Bridge [PCI0] (domain 0000 [bus 00-ff])
[    0.949093] pci_root PNP0A03:00: host bridge window [io  0x0000-0x0cf7]
[    0.949969] pci_root PNP0A03:00: host bridge window [io  0x0d00-0xadff]
[    0.950773] pci_root PNP0A03:00: host bridge window [io  0xae0f-0xaeff]
[    0.952107] pci_root PNP0A03:00: host bridge window [io  0xaf20-0xafdf]
[    0.953151] pci_root PNP0A03:00: host bridge window [io  0xafe4-0xffff]
[    0.953981] pci_root PNP0A03:00: host bridge window [mem 0x000a0000-0x000bffff]
[    0.954810] pci_root PNP0A03:00: host bridge window [mem 0x04000000-0xfebfffff]
[    0.977208] pci 0000:00:01.3: quirk: [io  0xb000-0xb03f] claimed by PIIX4 ACPI
[    0.978288] pci 0000:00:01.3: quirk: [io  0xb100-0xb10f] claimed by PIIX4 SMB
[    1.046459]  pci0000:00: Unable to request _OSC control (_OSC support mask: 0x1e)
[    1.099083] ACPI: PCI Interrupt Link [LNKA] (IRQs 5 *10 11)
[    1.102145] ACPI: PCI Interrupt Link [LNKB] (IRQs 5 *10 11)
[    1.104306] ACPI: PCI Interrupt Link [LNKC] (IRQs 5 10 *11)
[    1.105521] ACPI: PCI Interrupt Link [LNKD] (IRQs 5 10 *11)
[    1.106699] ACPI: PCI Interrupt Link [LNKS] (IRQs *9)
[    1.113307] vgaarb: device added: PCI:0000:00:02.0,decodes=io+mem,owns=io+mem,locks=none
[    1.114271] vgaarb: loaded
[    1.114562] vgaarb: bridge control possible 0000:00:02.0
[    1.118246] i2c-core: driver [aat2870] using legacy suspend method
[    1.119007] i2c-core: driver [aat2870] using legacy resume method
[    1.122263] SCSI subsystem initialized
[    1.126119] usbcore: registered new interface driver usbfs
[    1.127461] usbcore: registered new interface driver hub
[    1.129447] usbcore: registered new device driver usb
[    1.134807] PCI: Using ACPI for IRQ routing
[    1.148326] NetLabel: Initializing
[    1.148746] NetLabel:  domain hash size = 128
[    1.149237] NetLabel:  protocols = UNLABELED CIPSOv4
[    1.151169] NetLabel:  unlabeled traffic allowed by default
[    1.152879] HPET: 3 timers in total, 0 timers will be used for per-cpu timer
[    1.154592] hpet0: at MMIO 0xfed00000, IRQs 2, 8, 0
[    1.156577] hpet0: 3 comparators, 64-bit 100.000000 MHz counter
[    1.166265] Switching to clocksource hpet
[    1.394934] AppArmor: AppArmor Filesystem Enabled
[    1.397337] pnp: PnP ACPI init
[    1.398018] ACPI: bus type pnp registered
[    1.416068] pnp: PnP ACPI: found 9 devices
[    1.416894] ACPI: ACPI bus type pnp unregistered
[    1.493782] NET: Registered protocol family 2
[    1.538462] IP route cache hash table entries: 512 (order: 0, 4096 bytes)
[    1.546483] TCP established hash table entries: 2048 (order: 3, 32768 bytes)
[    1.548141] TCP bind hash table entries: 2048 (order: 3, 32768 bytes)
[    1.550120] TCP: Hash tables configured (established 2048 bind 2048)
[    1.551042] TCP reno registered
[    1.551748] UDP hash table entries: 128 (order: 0, 4096 bytes)
[    1.553979] UDP-Lite hash table entries: 128 (order: 0, 4096 bytes)
[    1.557700] NET: Registered protocol family 1
[    1.558648] pci 0000:00:00.0: Limiting direct PCI/PCI transfers
[    1.559501] pci 0000:00:01.0: PIIX3: Enabling Passive Release
[    1.561274] pci 0000:00:01.0: Activating ISA DMA hang workarounds
[    1.567045] ACPI: PCI Interrupt Link [LNKD] enabled at IRQ 11
[    1.568214] pci 0000:00:01.2: PCI INT D -&gt; Link[LNKD] -&gt; GSI 11 (level, high) -&gt; IRQ 11
[    1.571541] pci 0000:00:01.2: PCI INT D disabled
[    1.590951] Trying to unpack rootfs image as initramfs...
[    1.608141] audit: initializing netlink socket (disabled)
[    1.610546] type=2000 audit(1450130461.608:1): initialized
[    1.899335] HugeTLB registered 2 MB page size, pre-allocated 0 pages
[    1.978074] VFS: Disk quotas dquot_6.5.2
[    1.979457] Dquot-cache hash table entries: 512 (order 0, 4096 bytes)
[    1.995898] fuse init (API version 7.17)
[    2.003171] msgmni has been set to 84
[    2.035455] Block layer SCSI generic (bsg) driver version 0.4 loaded (major 253)
[    2.045664] io scheduler noop registered
[    2.046229] io scheduler deadline registered (default)
[    2.047156] io scheduler cfq registered
[    2.051097] pci_hotplug: PCI Hot Plug PCI Core version: 0.5
[    2.053977] pciehp: PCI Express Hot Plug Controller Driver version: 0.4
[    2.063379] input: Power Button as /devices/LNXSYSTM:00/LNXPWRBN:00/input/input0
[    2.066580] ACPI: Power Button [PWRF]
[    2.117697] ERST: Table is not found!
[    2.118200] GHES: HEST is not enabled!
[    2.126203] ACPI: PCI Interrupt Link [LNKC] enabled at IRQ 10
[    2.126960] virtio-pci 0000:00:03.0: PCI INT A -&gt; Link[LNKC] -&gt; GSI 10 (level, high) -&gt; IRQ 10
[    2.134093] virtio-pci 0000:00:04.0: PCI INT A -&gt; Link[LNKD] -&gt; GSI 11 (level, high) -&gt; IRQ 11
[    2.154147] ACPI: PCI Interrupt Link [LNKA] enabled at IRQ 10
[    2.154888] virtio-pci 0000:00:05.0: PCI INT A -&gt; Link[LNKA] -&gt; GSI 10 (level, high) -&gt; IRQ 10
[    2.166458] Serial: 8250/16550 driver, 32 ports, IRQ sharing enabled
[    2.209112] serial8250: ttyS0 at I/O 0x3f8 (irq = 4) is a 16550A
[    2.289964] serial8250: ttyS1 at I/O 0x2f8 (irq = 3) is a 16550A
[    2.424847] 00:05: ttyS0 at I/O 0x3f8 (irq = 4) is a 16550A
[    2.510486] 00:06: ttyS1 at I/O 0x2f8 (irq = 3) is a 16550A
[    2.558723] Linux agpgart interface v0.103
[    2.577713] Refined TSC clocksource calibration: 2294.431 MHz.
[    2.578499] Switching to clocksource tsc
[    2.637798] brd: module loaded
[    2.690916] loop: module loaded
[    2.757872]  vda: unknown partition table
[    2.825480] scsi0 : ata_piix
[    2.834738] scsi1 : ata_piix
[    2.837816] ata1: PATA max MWDMA2 cmd 0x1f0 ctl 0x3f6 bmdma 0xc0a0 irq 14
[    2.838728] ata2: PATA max MWDMA2 cmd 0x170 ctl 0x376 bmdma 0xc0a8 irq 15
[    2.850396] Fixed MDIO Bus: probed
[    2.851226] tun: Universal TUN/TAP device driver, 1.6
[    2.851961] tun: (C) 1999-2004 Max Krasnyansky &lt;maxk@qualcomm.com&gt;
[    2.869574] PPP generic driver version 2.4.2
[    2.897753] ehci_hcd: USB 2.0 'Enhanced' Host Controller (EHCI) Driver
[    2.898913] ohci_hcd: USB 1.1 'Open' Host Controller (OHCI) Driver
[    2.899914] uhci_hcd: USB Universal Host Controller Interface driver
[    2.901867] uhci_hcd 0000:00:01.2: PCI INT D -&gt; Link[LNKD] -&gt; GSI 11 (level, high) -&gt; IRQ 11
[    2.905502] uhci_hcd 0000:00:01.2: UHCI Host Controller
[    2.914053] uhci_hcd 0000:00:01.2: new USB bus registered, assigned bus number 1
[    2.915792] uhci_hcd 0000:00:01.2: irq 11, io base 0x0000c040
[    2.947997] hub 1-0:1.0: USB hub found
[    2.950183] hub 1-0:1.0: 2 ports detected
[    2.956728] usbcore: registered new interface driver libusual
[    2.963228] i8042: PNP: PS/2 Controller [PNP0303:KBD,PNP0f13:MOU] at 0x60,0x64 irq 1,12
[    2.970793] serio: i8042 KBD port at 0x60,0x64 irq 1
[    2.972080] serio: i8042 AUX port at 0x60,0x64 irq 12
[    3.008063] mousedev: PS/2 mouse device common for all mice
[    3.028045] input: AT Translated Set 2 keyboard as /devices/platform/i8042/serio0/input/input1
[    3.038098] rtc_cmos 00:01: RTC can wake from S4
[    3.060508] rtc_cmos 00:01: rtc core: registered rtc_cmos as rtc0
[    3.068143] rtc0: alarms up to one day, 114 bytes nvram, hpet irqs
[    3.076002] device-mapper: uevent: version 1.0.3
[    3.099377] ata2.01: ATAPI: QEMU DVD-ROM, 2.0.0, max UDMA/100
[    3.106619] ata2.01: configured for MWDMA2
[    3.146105] scsi 1:0:1:0: CD-ROM            QEMU     QEMU DVD-ROM     2.0. PQ: 0 ANSI: 5
[    3.158685] device-mapper: ioctl: 4.22.0-ioctl (2011-10-19) initialised: dm-devel@redhat.com
[    3.163106] cpuidle: using governor ladder
[    3.164216] cpuidle: using governor menu
[    3.165775] EFI Variables Facility v0.08 2004-May-17
[    3.175171] TCP cubic registered
[    3.180728] NET: Registered protocol family 10
[    3.209412] NET: Registered protocol family 17
[    3.211250] Registering the dns_resolver key type
[    3.239936] sr0: scsi3-mmc drive: 4x/4x cd/rw xa/form2 tray
[    3.246146] cdrom: Uniform CD-ROM driver Revision: 3.20
[    3.280187] sr 1:0:1:0: Attached scsi generic sg0 type 5
[    3.324171] registered taskstats version 1
[    3.428062] Freeing initrd memory: 3656k freed
[    3.955396]   Magic number: 11:385:47
[    3.964840] rtc_cmos 00:01: setting system clock to 2015-12-14 22:01:04 UTC (1450130464)
[    3.967696] powernow-k8: Processor cpuid 663 not supported
[    3.974295] BIOS EDD facility v0.16 2004-Jun-25, 0 devices found
[    3.976599] EDD information not available.
[    4.047978] Freeing unused kernel memory: 928k freed
[    4.053754] Write protecting the kernel read-only data: 12288k
[    4.148167] Freeing unused kernel memory: 1596k freed
[    4.208182] Freeing unused kernel memory: 1184k freed

info: initramfs: up at 4.38
modprobe: module virtio_blk not found in modules.dep
modprobe: module virtio_net not found in modules.dep
info: copying initramfs to /dev/vda
info: initramfs loading root from /dev/vda
info: /etc/init.d/rc.sysinit: up at 9.05
info: container: none
Starting logging: OK
modprobe: module virtio_blk not found in modules.dep
modprobe: module virtio_net not found in modules.dep
WARN: /etc/rc3.d/S10-load-modules failed
Initializing random number generator... done.
Starting acpid: OK
cirros-ds 'local' up at 11.58
found datasource (configdrive, local)
Starting network...
udhcpc (v1.20.1) started
Sending discover...
Sending discover...
Sending discover...
Usage: /sbin/cirros-dhcpc &lt;up|down&gt;
No lease, failing
WARN: /etc/rc3.d/S40-network failed
Starting dropbear sshd: generating rsa key... generating dsa key... OK
no userdata for datasource
=== system information ===
Platform: OpenStack Foundation OpenStack Nova
Container: none
Arch: x86_64
CPU(s): 1 @ 2294.361 MHz
Cores/Sockets/Threads: 1/1/1
Virt-type: AMD-V
RAM Size: 49MB
Disks:
NAME MAJ:MIN     SIZE LABEL         MOUNTPOINT
vda  253:0   25165824 cirros-rootfs /
sr0   11:0     428032 config-2      
=== sshd host keys ===
-----BEGIN SSH HOST KEY KEYS-----
ssh-rsa AAAAB3NzaC1yc2EAAAADAQABAAAAgwCZyjCljyqM6GpbQzYma0spFYUZHSLRb++LtPdGm37LCFuvuJ9x9IBdiOvyjDKU+lRXlmSYP6pVu4wSsD63rWYo5uGWbdBMdjVLdM9MfMqKEpqLS8U3YdZQOWBpVG3N66rRvoVy0IVEUDubvYo2PxLp05cqFdh04QlGR9d301r0KfHx root@tempest
ssh-dss AAAAB3NzaC1kc3MAAACBAJu8IMMjbJHa4KibPIDegQYHB4yGc1/oN4/YpK79gBe30gtRsUbVYszS1i42mssug/8aNfZ5qo7gVXrd+yRe3RGzBM2k7JnHQpD4gq7u5AooDBdP+QiC04eXuTk7ZCqwhBSiiMo5ZzhUl77trEj90UKRG27jrhpEOHHaxkUC/CffAAAAFQDxq5QSNlUqFwfQj60c8QElmiEEFwAAAIBs2C5JIl71lXgesRxqEd0xWB2kY30cwzl/Fc08EJ2KIyrjZY8WSf+iGAZdpamDEJiQIuZZidYY5u5mAHIsf7Z7Thc0B2EcMdHCUPiBtcvEkhbcAE4oTmR0PlW3H3M4jlbO+MZs14+CQnyFh7cFnPpOjIoMll4V/ozdZP0YYdE5SgAAAIAVcUFwbIXxqSs0w1MrAlX5xeqlunFqpLFLEDLzzKp2AUXh4zrWPy4aNMc3Wj16Qo1tCay4jB/Wqrac+IM3Or3a+Z02bmuHOyENItPSkAZn1vGLN8eNlI0SNUZKRnOuUlT6dyAdUA9Po1qd8pZrf691vYwfISqMWxzW4MYno9sJYQ== root@tempest
-----END SSH HOST KEY KEYS-----
=== network info ===
if-info: lo,up,127.0.0.1,8,::1
if-info: eth0,up,,8,fe80::f816:3eff:fe9e:ecd
=== datasource: configdrive local ===
instance-id: 7819251a-e8cd-41ab-a39d-6284350ac922
name: tempest.common.compute-instance-863470308
availability-zone: nova
local-hostname: tempest.common.compute-instance-863470308.novalocal
launch-index: 0
=== cirros: current=0.3.4 uptime=203.78 ===
route: fscanf
=== pinging gateway failed, debugging connection ===
############ debug start ##############
### /etc/init.d/sshd start
Starting dropbear sshd: OK
route: fscanf
### ifconfig -a
eth0      Link encap:Ethernet  HWaddr FA:16:3E:9E:0E:CD  
          inet6 addr: fe80::f816:3eff:fe9e:ecd/64 Scope:Link
          UP BROADCAST RUNNING MULTICAST  MTU:1500  Metric:1
          RX packets:12 errors:0 dropped:5 overruns:0 frame:0
          TX packets:8 errors:0 dropped:0 overruns:0 carrier:0
          collisions:0 txqueuelen:1000 
          RX bytes:1303 (1.2 KiB)  TX bytes:1134 (1.1 KiB)

lo        Link encap:Local Loopback  
          inet addr:127.0.0.1  Mask:255.0.0.0
          inet6 addr: ::1/128 Scope:Host
          UP LOOPBACK RUNNING  MTU:16436  Metric:1
          RX packets:12 errors:0 dropped:0 overruns:0 frame:0
          TX packets:12 errors:0 dropped:0 overruns:0 carrier:0
          collisions:0 txqueuelen:0 
          RX bytes:1020 (1020.0 B)  TX bytes:1020 (1020.0 B)

### route -n
Kernel IP routing table
Destination     Gateway         Genmask         Flags Metric Ref    Use Iface
route: fscanf
### cat /etc/resolv.conf
cat: can't open '/etc/resolv.conf': No such file or directory
### gateway not found
/sbin/cirros-status: line 1: can't open /etc/resolv.conf: no such file
### pinging nameservers
### uname -a
Linux tempest 3.2.0-80-virtual #116-Ubuntu SMP Mon Mar 23 17:28:52 UTC 2015 x86_64 GNU/Linux
### lsmod
Module                  Size  Used by    Not tainted
nls_iso8859_1          12713  0 
nls_cp437              16991  0 
vfat                   17585  0 
fat                    61512  1 vfat
isofs                  40259  0 
ip_tables              27473  0 
x_tables               29891  1 ip_tables
pcnet32                42119  0 
8139cp                 27360  0 
ne2k_pci               13691  0 
8390                   18856  1 ne2k_pci
e1000                 108589  0 
acpiphp                24231  0 
### dmesg | tail
[    5.170657] EXT3-fs (vda): mounted filesystem with ordered data mode
[    5.484373] ISO 9660 Extensions: Microsoft Joliet Level 3
[    5.553189] ISO 9660 Extensions: RRIP_1991A
[    5.762649] kjournald starting.  Commit interval 5 seconds
[    5.774475] EXT3-fs (vda): using internal journal
[    5.774560] EXT3-fs (vda): mounted filesystem with ordered data mode
[    9.149499] EXT3-fs (vda): using internal journal
[   12.333399] ISO 9660 Extensions: Microsoft Joliet Level 3
[   12.427475] ISO 9660 Extensions: RRIP_1991A
[   26.731357] eth0: no IPv6 routers present
### tail -n 25 /var/log/messages
Dec 14 22:01:11 cirros kern.info kernel: [    4.719185] acpiphp: Slot [26] registered
Dec 14 22:01:11 cirros kern.info kernel: [    4.719494] acpiphp: Slot [27] registered
Dec 14 22:01:11 cirros kern.info kernel: [    4.719854] acpiphp: Slot [28] registered
Dec 14 22:01:11 cirros kern.info kernel: [    4.720593] acpiphp: Slot [29] registered
Dec 14 22:01:11 cirros kern.info kernel: [    4.721673] acpiphp: Slot [30] registered
Dec 14 22:01:11 cirros kern.info kernel: [    4.721995] acpiphp: Slot [31] registered
Dec 14 22:01:11 cirros kern.info kernel: [    4.767395] e1000: Intel(R) PRO/1000 Network Driver - version 7.3.21-k8-NAPI
Dec 14 22:01:11 cirros kern.info kernel: [    4.767444] e1000: Copyright (c) 1999-2006 Intel Corporation.
Dec 14 22:01:11 cirros kern.info kernel: [    4.815970] ne2k-pci.c:v1.03 9/22/2003 D. Becker/P. Gortmaker
Dec 14 22:01:11 cirros kern.info kernel: [    4.861262] 8139cp: 8139cp: 10/100 PCI Ethernet driver v1.3 (Mar 22, 2004)
Dec 14 22:01:11 cirros kern.info kernel: [    4.899407] pcnet32: pcnet32.c:v1.35 21.Apr.2008 tsbogend@alpha.franken.de
Dec 14 22:01:11 cirros kern.info kernel: [    4.944168] ip_tables: (C) 2000-2006 Netfilter Core Team
Dec 14 22:01:11 cirros kern.info kernel: [    5.154983] kjournald starting.  Commit interval 5 seconds
Dec 14 22:01:11 cirros kern.info kernel: [    5.170657] EXT3-fs (vda): mounted filesystem with ordered data mode
Dec 14 22:01:11 cirros kern.debug kernel: [    5.484373] ISO 9660 Extensions: Microsoft Joliet Level 3
Dec 14 22:01:11 cirros kern.debug kernel: [    5.553189] ISO 9660 Extensions: RRIP_1991A
Dec 14 22:01:11 cirros kern.info kernel: [    5.762649] kjournald starting.  Commit interval 5 seconds
Dec 14 22:01:11 cirros kern.info kernel: [    5.774475] EXT3-fs (vda): using internal journal
Dec 14 22:01:11 cirros kern.info kernel: [    5.774560] EXT3-fs (vda): mounted filesystem with ordered data mode
Dec 14 22:01:11 cirros kern.info kernel: [    9.149499] EXT3-fs (vda): using internal journal
Dec 14 22:01:12 cirros kern.debug kernel: [   12.333399] ISO 9660 Extensions: Microsoft Joliet Level 3
Dec 14 22:01:12 cirros kern.debug kernel: [   12.427475] ISO 9660 Extensions: RRIP_1991A
Dec 14 22:01:15 cirros auth.notice su: + /dev/console root:cirros
Dec 14 22:01:27 cirros kern.debug kernel: [   26.731357] eth0: no IPv6 routers present
Dec 14 22:04:22 cirros authpriv.info dropbear[283]: Running in background
############ debug end   ##############
  ____               ____  ____
 / __/ __ ____ ____ / __ \/ __/
/ /__ / // __// __// /_/ /\ \ 
\___//_//_/  /_/   \____/___/ 
   http://cirros-cloud.net


login as 'cirros' user. default password: 'cubswin:)'. use 'sudo' for root.
tempest login: 
2015-12-14 22:04:31,400 24649 INFO     [tempest_lib.common.rest_client] Request (TestGettingAddress:_run_cleanups): 204 DELETE http://10.0.2.15:9696/v2.0/floatingips/8ca89589-0da5-4ea7-bdfe-e8b86a459d84 0.195s
2015-12-14 22:04:31,401 24649 DEBUG    [tempest_lib.common.rest_client] Request - Headers: {'Content-Type': 'application/json', 'Accept': 'application/json', 'X-Auth-Token': '&lt;omitted&gt;'}
        Body: None
    Response - Headers: {'date': 'Mon, 14 Dec 2015 22:04:31 GMT', 'status': '204', 'connection': 'close', 'content-length': '0', 'x-openstack-request-id': 'req-740af748-acdc-4a75-bb14-bf4557b7bfa1'}
        Body: 
2015-12-14 22:04:31,623 24649 INFO     [tempest_lib.common.rest_client] Request (TestGettingAddress:_run_cleanups): 204 DELETE http://10.0.2.15:8774/v2.1/e57ea5db68094296a7fb55ef103a956f/servers/7819251a-e8cd-41ab-a39d-6284350ac922 0.221s
2015-12-14 22:04:31,623 24649 DEBUG    [tempest_lib.common.rest_client] Request - Headers: {'Content-Type': 'application/json', 'Accept': 'application/json', 'X-Auth-Token': '&lt;omitted&gt;'}
        Body: None
    Response - Headers: {'status': '204', 'content-length': '0', 'x-compute-request-id': 'req-83144629-15a2-4e17-9eb9-cad34e64876c', 'vary': 'X-OpenStack-Nova-API-Version', 'connection': 'close', 'x-openstack-nova-api-version': '2.1', 'date': 'Mon, 14 Dec 2015 22:04:31 GMT', 'content-type': 'application/json'}
        Body: 
2015-12-14 22:04:31,821 24649 INFO     [tempest_lib.common.rest_client] Request (TestGettingAddress:_run_cleanups): 200 GET http://10.0.2.15:8774/v2.1/e57ea5db68094296a7fb55ef103a956f/servers/7819251a-e8cd-41ab-a39d-6284350ac922 0.197s
2015-12-14 22:04:31,821 24649 DEBUG    [tempest_lib.common.rest_client] Request - Headers: {'Content-Type': 'application/json', 'Accept': 'application/json', 'X-Auth-Token': '&lt;omitted&gt;'}
        Body: None
    Response - Headers: {'status': '200', 'content-length': '1901', 'content-location': 'http://10.0.2.15:8774/v2.1/e57ea5db68094296a7fb55ef103a956f/servers/7819251a-e8cd-41ab-a39d-6284350ac922', 'x-compute-request-id': 'req-952f41ee-d31d-46c7-b86e-9f51bbbb2e83', 'vary': 'X-OpenStack-Nova-API-Version', 'connection': 'close', 'x-openstack-nova-api-version': '2.1', 'date': 'Mon, 14 Dec 2015 22:04:31 GMT', 'content-type': 'application/json'}
        Body: {"server": {"status": "ACTIVE", "updated": "2015-12-14T22:04:31Z", "hostId": "4acd9bf5551a629f738596f9f5b6ce7b08fff948366277aa73c6fa9c", "addresses": {"tempest-network-smoke--921559883": [{"OS-EXT-IPS-MAC:mac_addr": "fa:16:3e:9e:0e:cd", "version": 6, "addr": "2003::f816:3eff:fe9e:ecd", "OS-EXT-IPS:type": "fixed"}, {"OS-EXT-IPS-MAC:mac_addr": "fa:16:3e:9e:0e:cd", "version": 4, "addr": "10.100.0.3", "OS-EXT-IPS:type": "fixed"}, {"OS-EXT-IPS-MAC:mac_addr": "fa:16:3e:9e:0e:cd", "version": 4, "addr": "172.24.4.4", "OS-EXT-IPS:type": "floating"}]}, "links": [{"href": "http://10.0.2.15:8774/v2.1/e57ea5db68094296a7fb55ef103a956f/servers/7819251a-e8cd-41ab-a39d-6284350ac922", "rel": "self"}, {"href": "http://10.0.2.15:8774/e57ea5db68094296a7fb55ef103a956f/servers/7819251a-e8cd-41ab-a39d-6284350ac922", "rel": "bookmark"}], "key_name": "tempest-TestGettingAddress-2018943250", "image": {"id": "f37dc508-adff-4b35-8b8c-ca43d2f242ac", "links": [{"href": "http://10.0.2.15:8774/e57ea5db68094296a7fb55ef103a956f/images/f37dc508-adff-4b35-8b8c-ca43d2f242ac", "rel": "bookmark"}]}, "OS-EXT-STS:task_state": "deleting", "OS-EXT-STS:vm_state": "active", "OS-SRV-USG:launched_at": "2015-12-14T22:00:57.000000", "flavor": {"id": "42", "links": [{"href": "http://10.0.2.15:8774/e57ea5db68094296a7fb55ef103a956f/flavors/42", "rel": "bookmark"}]}, "id": "7819251a-e8cd-41ab-a39d-6284350ac922", "security_groups": [{"name": "tempest-secgroup-smoke-216247637"}], "OS-SRV-USG:terminated_at": null, "OS-EXT-AZ:availability_zone": "nova", "user_id": "f20ad5ecf3264ad68c487010e6dffb8a", "name": "tempest.common.compute-instance-863470308", "created": "2015-12-14T22:00:54Z", "tenant_id": "e57ea5db68094296a7fb55ef103a956f", "OS-DCF:diskConfig": "MANUAL", "os-extended-volumes:volumes_attached": [], "accessIPv4": "", "accessIPv6": "", "progress": 0, "OS-EXT-STS:power_state": 1, "config_drive": "True", "metadata": {}}}
2015-12-14 22:04:32,971 24649 INFO     [tempest_lib.common.rest_client] Request (TestGettingAddress:_run_cleanups): 200 GET http://10.0.2.15:8774/v2.1/e57ea5db68094296a7fb55ef103a956f/servers/7819251a-e8cd-41ab-a39d-6284350ac922 0.136s
2015-12-14 22:04:32,971 24649 DEBUG    [tempest_lib.common.rest_client] Request - Headers: {'Content-Type': 'application/json', 'Accept': 'application/json', 'X-Auth-Token': '&lt;omitted&gt;'}
        Body: None
    Response - Headers: {'status': '200', 'content-length': '1834', 'content-location': 'http://10.0.2.15:8774/v2.1/e57ea5db68094296a7fb55ef103a956f/servers/7819251a-e8cd-41ab-a39d-6284350ac922', 'x-compute-request-id': 'req-e04eef47-acaa-49b3-a894-96af834f1f52', 'vary': 'X-OpenStack-Nova-API-Version', 'connection': 'close', 'x-openstack-nova-api-version': '2.1', 'date': 'Mon, 14 Dec 2015 22:04:32 GMT', 'content-type': 'application/json'}
        Body: {"server": {"status": "ACTIVE", "updated": "2015-12-14T22:04:32Z", "hostId": "4acd9bf5551a629f738596f9f5b6ce7b08fff948366277aa73c6fa9c", "addresses": {"tempest-network-smoke--921559883": [{"OS-EXT-IPS-MAC:mac_addr": "fa:16:3e:9e:0e:cd", "version": 6, "addr": "2003::f816:3eff:fe9e:ecd", "OS-EXT-IPS:type": "fixed"}, {"OS-EXT-IPS-MAC:mac_addr": "fa:16:3e:9e:0e:cd", "version": 4, "addr": "10.100.0.3", "OS-EXT-IPS:type": "fixed"}, {"OS-EXT-IPS-MAC:mac_addr": "fa:16:3e:9e:0e:cd", "version": 4, "addr": "172.24.4.4", "OS-EXT-IPS:type": "floating"}]}, "links": [{"href": "http://10.0.2.15:8774/v2.1/e57ea5db68094296a7fb55ef103a956f/servers/7819251a-e8cd-41ab-a39d-6284350ac922", "rel": "self"}, {"href": "http://10.0.2.15:8774/e57ea5db68094296a7fb55ef103a956f/servers/7819251a-e8cd-41ab-a39d-6284350ac922", "rel": "bookmark"}], "key_name": "tempest-TestGettingAddress-2018943250", "image": {"id": "f37dc508-adff-4b35-8b8c-ca43d2f242ac", "links": [{"href": "http://10.0.2.15:8774/e57ea5db68094296a7fb55ef103a956f/images/f37dc508-adff-4b35-8b8c-ca43d2f242ac", "rel": "bookmark"}]}, "OS-EXT-STS:task_state": "deleting", "OS-EXT-STS:vm_state": "active", "OS-SRV-USG:launched_at": "2015-12-14T22:00:57.000000", "flavor": {"id": "42", "links": [{"href": "http://10.0.2.15:8774/e57ea5db68094296a7fb55ef103a956f/flavors/42", "rel": "bookmark"}]}, "id": "7819251a-e8cd-41ab-a39d-6284350ac922", "OS-SRV-USG:terminated_at": null, "OS-EXT-AZ:availability_zone": "nova", "user_id": "f20ad5ecf3264ad68c487010e6dffb8a", "name": "tempest.common.compute-instance-863470308", "created": "2015-12-14T22:00:54Z", "tenant_id": "e57ea5db68094296a7fb55ef103a956f", "OS-DCF:diskConfig": "MANUAL", "os-extended-volumes:volumes_attached": [], "accessIPv4": "", "accessIPv6": "", "progress": 0, "OS-EXT-STS:power_state": 1, "config_drive": "True", "metadata": {}}}
2015-12-14 22:04:34,198 24649 INFO     [tempest_lib.common.rest_client] Request (TestGettingAddress:_run_cleanups): 404 GET http://10.0.2.15:8774/v2.1/e57ea5db68094296a7fb55ef103a956f/servers/7819251a-e8cd-41ab-a39d-6284350ac922 0.217s
2015-12-14 22:04:34,199 24649 DEBUG    [tempest_lib.common.rest_client] Request - Headers: {'Content-Type': 'application/json', 'Accept': 'application/json', 'X-Auth-Token': '&lt;omitted&gt;'}
        Body: None
    Response - Headers: {'status': '404', 'content-length': '111', 'x-compute-request-id': 'req-54f555ff-2bab-4b97-9c30-0053872e5228', 'vary': 'X-OpenStack-Nova-API-Version', 'connection': 'close', 'x-openstack-nova-api-version': '2.1', 'date': 'Mon, 14 Dec 2015 22:04:34 GMT', 'content-type': 'application/json; charset=UTF-8'}
        Body: {"itemNotFound": {"message": "Instance 7819251a-e8cd-41ab-a39d-6284350ac922 could not be found.", "code": 404}}
2015-12-14 22:04:34,604 24649 INFO     [tempest_lib.common.rest_client] Request (TestGettingAddress:_run_cleanups): 200 PUT http://10.0.2.15:9696/v2.0/routers/6f152f17-e569-4e4a-8bc0-cc1198f929d0/remove_router_interface 0.403s
2015-12-14 22:04:34,604 24649 DEBUG    [tempest_lib.common.rest_client] Request - Headers: {'Content-Type': 'application/json', 'Accept': 'application/json', 'X-Auth-Token': '&lt;omitted&gt;'}
        Body: {"subnet_id": "6388114e-c086-44bf-aa64-953f971d1d8a"}
    Response - Headers: {'status': '200', 'content-length': '255', 'connection': 'close', 'date': 'Mon, 14 Dec 2015 22:04:34 GMT', 'content-type': 'application/json; charset=UTF-8', 'x-openstack-request-id': 'req-31947ae1-9db1-4415-a742-7a1a8d482e5e'}
        Body: {"subnet_id": "6388114e-c086-44bf-aa64-953f971d1d8a", "tenant_id": "e57ea5db68094296a7fb55ef103a956f", "subnet_ids": ["6388114e-c086-44bf-aa64-953f971d1d8a"], "port_id": "a2101f8c-a0fd-46af-ad46-cd7129aae479", "id": "6f152f17-e569-4e4a-8bc0-cc1198f929d0"}
2015-12-14 22:04:34,999 24649 INFO     [tempest_lib.common.rest_client] Request (TestGettingAddress:_run_cleanups): 204 DELETE http://10.0.2.15:9696/v2.0/subnets/6388114e-c086-44bf-aa64-953f971d1d8a 0.394s
2015-12-14 22:04:35,000 24649 DEBUG    [tempest_lib.common.rest_client] Request - Headers: {'Content-Type': 'application/json', 'Accept': 'application/json', 'X-Auth-Token': '&lt;omitted&gt;'}
        Body: None
    Response - Headers: {'date': 'Mon, 14 Dec 2015 22:04:34 GMT', 'status': '204', 'connection': 'close', 'content-length': '0', 'x-openstack-request-id': 'req-056e6c31-3aa8-41d5-b841-a427ed28a8d0'}
        Body: 
2015-12-14 22:04:35,031 24649 INFO     [tempest_lib.common.rest_client] Request (TestGettingAddress:_run_cleanups): 404 DELETE http://10.0.2.15:9696/v2.0/subnets/6388114e-c086-44bf-aa64-953f971d1d8a 0.030s
2015-12-14 22:04:35,031 24649 DEBUG    [tempest_lib.common.rest_client] Request - Headers: {'Content-Type': 'application/json', 'Accept': 'application/json', 'X-Auth-Token': '&lt;omitted&gt;'}
        Body: None
    Response - Headers: {'status': '404', 'content-length': '135', 'connection': 'close', 'date': 'Mon, 14 Dec 2015 22:04:35 GMT', 'content-type': 'application/json; charset=UTF-8', 'x-openstack-request-id': 'req-2e99068d-8497-4816-b55f-d41018dcabb6'}
        Body: {"NeutronError": {"message": "Subnet 6388114e-c086-44bf-aa64-953f971d1d8a could not be found", "type": "SubnetNotFound", "detail": ""}}
2015-12-14 22:04:35,391 24649 INFO     [tempest_lib.common.rest_client] Request (TestGettingAddress:_run_cleanups): 200 PUT http://10.0.2.15:9696/v2.0/routers/6f152f17-e569-4e4a-8bc0-cc1198f929d0/remove_router_interface 0.359s
