<?xml version="1.0" encoding="UTF-8"?>
<!DOCTYPE html PUBLIC "-//W3C//DTD XHTML 1.0 Strict//EN"
     "http://www.w3.org/TR/xhtml1/DTD/xhtml1-strict.dtd">
<html xmlns="http://www.w3.org/1999/xhtml">
<head>
    <title>Unit Test Report</title>
    <meta name="generator" content="subunit2html 0.1"/>
    <meta http-equiv="Content-Type" content="text/html; charset=UTF-8"/>
    
<style type="text/css" media="screen">
body        { font-family: verdana, arial, helvetica, sans-serif;
    font-size: 80%; }
table       { font-size: 100%; width: 100%;}
pre         { font-size: 80%; }

/* -- heading -------------------------------------------------------------- */
h1 {
        font-size: 16pt;
        color: gray;
}
.heading {
    margin-top: 0ex;
    margin-bottom: 1ex;
}

.heading .attribute {
    margin-top: 1ex;
    margin-bottom: 0;
}

.heading .description {
    margin-top: 4ex;
    margin-bottom: 6ex;
}

/* -- css div popup -------------------------------------------------------- */
a.popup_link {
}

a.popup_link:hover {
    color: red;
}

.popup_window {
    display: none;
    overflow-x: scroll;
    /*border: solid #627173 1px; */
    padding: 10px;
    background-color: #E6E6D6;
    font-family: "Ubuntu Mono", "Lucida Console", "Courier New", monospace;
    text-align: left;
    font-size: 8pt;
}

}
/* -- report --------------------------------------------------------------- */
#show_detail_line {
    margin-top: 3ex;
    margin-bottom: 1ex;
}
#result_table {
    width: 100%;
    border-collapse: collapse;
    border: 1px solid #777;
}
#header_row {
    font-weight: bold;
    color: white;
    background-color: #777;
}
#result_table td {
    border: 1px solid #777;
    padding: 2px;
}
#total_row  { font-weight: bold; }
.passClass  { background-color: #6c6; }
.failClass  { background-color: #c60; }
.errorClass { background-color: #c00; }
.passCase   { color: #6c6; }
.failCase   { color: #c60; font-weight: bold; }
.errorCase  { color: #c00; font-weight: bold; }
.hiddenRow  { display: none; }
.testcase   { margin-left: 2em; }
td.testname {width: 40%}
td.small {width: 40px}

/* -- ending --------------------------------------------------------------- */
#ending {
}

</style>

</head>
<body>
<script language="javascript" type="text/javascript"><!--
output_list = Array();

/* level - 0:Summary; 1:Failed; 2:All */
function showCase(level) {
    trs = document.getElementsByTagName("tr");
    for (var i = 0; i < trs.length; i++) {
        tr = trs[i];
        id = tr.id;
        if (id.substr(0,2) == 'ft') {
            if (level < 1) {
                tr.className = 'hiddenRow';
            }
            else {
                tr.className = '';
            }
        }
        if (id.substr(0,2) == 'pt') {
            if (level > 1) {
                tr.className = '';
            }
            else {
                tr.className = 'hiddenRow';
            }
        }
    }
}


function showClassDetail(cid, count) {
    var id_list = Array(count);
    var toHide = 1;
    for (var i = 0; i < count; i++) {
        tid0 = 't' + cid.substr(1) + '.' + (i+1);
        tid = 'f' + tid0;
        tr = document.getElementById(tid);
        if (!tr) {
            tid = 'p' + tid0;
            tr = document.getElementById(tid);
        }
        id_list[i] = tid;
        if (tr.className) {
            toHide = 0;
        }
    }
    for (var i = 0; i < count; i++) {
        tid = id_list[i];
        if (toHide) {
            document.getElementById('div_'+tid).style.display = 'none'
            document.getElementById(tid).className = 'hiddenRow';
        }
        else {
            document.getElementById(tid).className = '';
        }
    }
}


function showTestDetail(div_id){
    var details_div = document.getElementById(div_id)
    var displayState = details_div.style.display
    // alert(displayState)
    if (displayState != 'block' ) {
        displayState = 'block'
        details_div.style.display = 'block'
    }
    else {
        details_div.style.display = 'none'
    }
}


function html_escape(s) {
    s = s.replace(/&/g,'&amp;');
    s = s.replace(/</g,'&lt;');
    s = s.replace(/>/g,'&gt;');
    return s;
}

/* obsoleted by detail in <div>
function showOutput(id, name) {
    var w = window.open("", //url
                    name,
                    "resizable,scrollbars,status,width=800,height=450");
    d = w.document;
    d.write("<pre>");
    d.write(html_escape(output_list[id]));
    d.write("\n");
    d.write("<a href='javascript:window.close()'>close</a>\n");
    d.write("</pre>\n");
    d.close();
}
*/
--></script>

<div class='heading'>
<h1>Unit Test Report</h1>

<p class='attribute'><strong>Status:</strong> Failure 8</p>

<p class='description'></p>
</div>



<p id='show_detail_line'>Show
<a href='javascript:showCase(0)'>Summary</a>
<a href='javascript:showCase(1)'>Failed</a>
<a href='javascript:showCase(2)'>All</a>
</p>
<table id='result_table'>
<colgroup>
<col align='left' />
<col align='right' />
<col align='right' />
<col align='right' />
<col align='right' />
<col align='right' />
<col align='right' />
<col align='right' />
</colgroup>
<tr id='header_row'>
    <td>Test Group/Test case</td>
    <td>Count</td>
    <td>Pass</td>
    <td>Fail</td>
    <td>Error</td>
    <td>Skip</td>
    <td>View</td>
    <td> </td>
</tr>

<tr class='failClass'>
    <td class="testname">tempest.scenario.test_network_v6.TestGettingAddress</td>
    <td class="small">8</td>
    <td class="small">0</td>
    <td class="small">8</td>
    <td class="small">0</td>
    <td class="small">0</td>
    <td class="small"><a href="javascript:showClassDetail('c1',8)"
>Detail</a></td>
    <td> </td>
</tr>

<tr id='ft1.1' class='none'>
    <td class='failCase'><div class='testcase'>test_dhcp6_stateless_from_os[compute,id-d7e1f858-187c-45a6-89c9-bdafde619a9f,network]</div></td>
    <td colspan='7' align='left'>

    <!--css div popup start-->
    <a class="popup_link" onfocus='this.blur();'
    href="javascript:showTestDetail('div_ft1.1')" >
        fail</a>

    <div id='div_ft1.1' class="popup_window">
        <div style='text-align: right; color:red;cursor:pointer'>
        <a onfocus='this.blur();'
onclick="document.getElementById('div_ft1.1').style.display = 'none' " >
           [x]</a>
        </div>
        <pre>
        
ft1.1: tempest.scenario.test_network_v6.TestGettingAddress.test_dhcp6_stateless_from_os[compute,id-d7e1f858-187c-45a6-89c9-bdafde619a9f,network]_StringException: Empty attachments:
  stderr
  stdout

pythonlogging:'': {{{
2015-12-18 14:44:55,618 20977 INFO     [tempest_lib.common.rest_client] Request (TestGettingAddress:setUp): 200 POST http://10.0.2.15:8774/v2.1/f0ab387aee6f4940b78fc1d145050b1f/os-keypairs 0.424s
2015-12-18 14:44:55,619 20977 DEBUG    [tempest_lib.common.rest_client] Request - Headers: {'Content-Type': 'application/json', 'Accept': 'application/json', 'X-Auth-Token': '&lt;omitted&gt;'}
        Body: {"keypair": {"name": "tempest-TestGettingAddress-1850817822"}}
    Response - Headers: {'status': '200', 'content-length': '2320', 'x-compute-request-id': 'req-4cf55981-1e15-4886-a0be-73b1c95d7fa8', 'vary': 'X-OpenStack-Nova-API-Version', 'connection': 'close', 'x-openstack-nova-api-version': '2.1', 'date': 'Fri, 18 Dec 2015 14:44:55 GMT', 'content-type': 'application/json'}
        Body: {"keypair": {"public_key": "ssh-rsa AAAAB3NzaC1yc2EAAAADAQABAAABAQDdPA2ogk5U/m+d0lf5gV7vhsaIqQYJKVRh7xfWwD8Ud7TVFWuV2kH2e5uuIa+8MIou2WRen/gFsPge2R/h86SdTSQ7LXRw9zHdVDQ038pKhxdAQYonPS7OYCUGlQjyoWp/+q7LtIBn8OWYaLscVWjGALqQSsUTs58z3/Alc0bOClRGtB/tuuufaACTVcsVQzIojmGWC0NjooSThqpJFB7ss320pAsy6NY0juXL02FhlXB8NkwCyjpP8K5AQH2Ki2kHjRbEO/f3FYF6aCD/1YgCmA2gNoi0dDC/i+ZBwBXTHQRwHmi/qWc9DNhAvQTQO6Ogj8sEqr2gykYfhApbc4a/ Generated-by-Nova", "private_key": "-----BEGIN RSA PRIVATE KEY-----\nMIIEqQIBAAKCAQEA3TwNqIJOVP5vndJX+YFe74bGiKkGCSlUYe8X1sA/FHe01RVr\nldpB9nubriGvvDCKLtlkXp/4BbD4Htkf4fOknU0kOy10cPcx3VQ0NN/KSocXQEGK\nJz0uzmAlBpUI8qFqf/quy7SAZ/DlmGi7HFVoxgC6kErFE7OfM9/wJXNGzgpURrQf\n7brrn2gAk1XLFUMyKI5hlgtDY6KEk4aqSRQe7LN9tKQLMujWNI7ly9NhYZVwfDZM\nAso6T/CuQEB9iotpB40WxDv39xWBemgg/9WIApgNoDaItHQwv4vmQcAV0x0EcB5o\nv6lnPQzYQL0E0DujoI/LBKq9oMpGH4QKW3OGvwIDAQABAoIBACMr7/PxO2jRxobt\nsOTOx3wHDjsdvALq2ipzq3ONvrmPSmVx8VeyijgYcKifXGPrx5wpHYbZocGt39Rv\nqlzusiX75J2v3Uo0Um4ge+hIB84PagfiI4eXd4CB0oEYYoLIXLkZ7n4eJSfhKW8w\nf0bC4VRRO1fDO0+lh9LkcDZT/Fa3C9s9ZkjXhNydx5YqMQICoJatDy2eNfqIaY1o\n5JGoXyR0D3hgBqF7Hyw0KhnXXpwwC+NdoIMNtgTbpmNtqymaUA7a/noNoSDkN2w8\n+qrq1/m0GJSH3c3+Lak2EKOw+UZvi4TP7nriS3B5jihNQYTnYikDYL93dRSuGvH0\noDF6tHECggCBAN9+/2QnKrjHNRAsoCjQb3LAn90ehRXrgISqJ1RrBp/2mXkAZwXe\n0vsJblEFpaBSmIitl58bo5Kaw/tSaF+pFPixSJ1L0QNgF7U9IuLsdXiL9sC9zrt1\nZL3d9Q1ztNH3R5fOUV/qVlBtJ3wMa6RjodIpclfidUzMLUfwIfZ54lm3AoIAgQD9\naNuKwGah8vDEBzvoSjFF2SlE4umGqp2WT96cceUVF2PBnaujFUoNaDnOvF0Q2Y42\nqxQG7+SCceJXsmgia2oQSWpzyx6V+wizCxy6YV++XgiDlmXgg1eYovDzWNPiTcWA\n97Z/BZxy29yljQHYqxYFQAoRygUrvCLvlrZsrSLbOQKCAIBmcldtOErsAlx/eoU7\n0DeV+VgOSsQkhRwXM8vtdVXHE4nMHnQbC8XYTr1jpFwEfnfvBuueglPbitfVJzQy\nzVWQnes0NyGrE2wqpsiMDmnWhQnp1deitDAmnEyNCwHS0S/fFTLV7Zv9J9vWj/bz\nlrwBkwAX6vVr65fCBv/6dGpeRwKCAIEA47BEmq33SYokhK3PSQ7oqM7PguKzWtmQ\nEI+hAEZhxAqpCj1mC3lEeTltv3CF2m7vlfUvYHBJjF9RNOTLJioHOa0NZg9aYv4U\nufLBFEILqduJoNoQnaLFoRK+lpf4gXzJefCY3BaplJYx8dn5j7lhZsQ8h/FRphM7\n/LQZIxqJmBkCggCBAMGuCFpdHMqV4KjWLr2zqOnaYdPTqR6sFiy4MqnDhZRf1n8R\nyjU63SpUKcKRvpuAxsMd2DhOPgrPJuH4zcIFkc0IWd2Y4QgtW+i3fYoN0yz/skzN\nXJ0K2YYL2q8989eHGqGLtRFhyTO6higNqlk2WEvUFjTxF7RC4/r2htB0ydUm\n-----END RSA PRIVATE KEY-----\n", "user_id": "e6e5bbcf7e8e4e3aaea56e3df1f11c70", "name": "tempest-TestGettingAddress-1850817822", "fingerprint": "99:1e:a4:4a:12:df:12:ef:00:35:63:50:02:bd:1b:59"}}
2015-12-18 14:44:55,950 20977 INFO     [tempest_lib.common.rest_client] Request (TestGettingAddress:setUp): 201 POST http://10.0.2.15:9696/v2.0/security-groups 0.327s
2015-12-18 14:44:55,951 20977 DEBUG    [tempest_lib.common.rest_client] Request - Headers: {'Content-Type': 'application/json', 'Accept': 'application/json', 'X-Auth-Token': '&lt;omitted&gt;'}
        Body: {"security_group": {"tenant_id": "f0ab387aee6f4940b78fc1d145050b1f", "description": "tempest-secgroup-smoke-145615672 description", "name": "tempest-secgroup-smoke-145615672"}}
    Response - Headers: {'status': '201', 'content-length': '886', 'connection': 'close', 'date': 'Fri, 18 Dec 2015 14:44:55 GMT', 'content-type': 'application/json; charset=UTF-8', 'x-openstack-request-id': 'req-a79f415a-8f0c-4935-a3b2-895b2ec1a8b3'}
        Body: {"security_group": {"tenant_id": "f0ab387aee6f4940b78fc1d145050b1f", "description": "tempest-secgroup-smoke-145615672 description", "id": "f16b2900-a05d-46f0-b36d-ab681e0ee87a", "security_group_rules": [{"remote_group_id": null, "direction": "egress", "remote_ip_prefix": null, "protocol": null, "ethertype": "IPv4", "tenant_id": "f0ab387aee6f4940b78fc1d145050b1f", "port_range_max": null, "port_range_min": null, "id": "829cb768-46dc-4472-bc07-f3d3903fbcad", "security_group_id": "f16b2900-a05d-46f0-b36d-ab681e0ee87a"}, {"remote_group_id": null, "direction": "egress", "remote_ip_prefix": null, "protocol": null, "ethertype": "IPv6", "tenant_id": "f0ab387aee6f4940b78fc1d145050b1f", "port_range_max": null, "port_range_min": null, "id": "eaa9856c-8607-43fe-b335-34b642aa6be1", "security_group_id": "f16b2900-a05d-46f0-b36d-ab681e0ee87a"}], "name": "tempest-secgroup-smoke-145615672"}}
2015-12-18 14:44:56,053 20977 INFO     [tempest_lib.common.rest_client] Request (TestGettingAddress:setUp): 201 POST http://10.0.2.15:9696/v2.0/security-group-rules 0.100s
2015-12-18 14:44:56,053 20977 DEBUG    [tempest_lib.common.rest_client] Request - Headers: {'Content-Type': 'application/json', 'Accept': 'application/json', 'X-Auth-Token': '&lt;omitted&gt;'}
        Body: {"security_group_rule": {"direction": "ingress", "protocol": "tcp", "tenant_id": "f0ab387aee6f4940b78fc1d145050b1f", "port_range_max": 22, "security_group_id": "f16b2900-a05d-46f0-b36d-ab681e0ee87a", "port_range_min": 22}}
    Response - Headers: {'status': '201', 'content-length': '340', 'connection': 'close', 'date': 'Fri, 18 Dec 2015 14:44:56 GMT', 'content-type': 'application/json; charset=UTF-8', 'x-openstack-request-id': 'req-fa2f8cf1-196c-4566-b9f7-75a988d4cdb8'}
        Body: {"security_group_rule": {"remote_group_id": null, "direction": "ingress", "remote_ip_prefix": null, "protocol": "tcp", "ethertype": "IPv4", "tenant_id": "f0ab387aee6f4940b78fc1d145050b1f", "port_range_max": 22, "port_range_min": 22, "id": "823f3c61-d963-4f04-9161-58b6a0d97911", "security_group_id": "f16b2900-a05d-46f0-b36d-ab681e0ee87a"}}
2015-12-18 14:44:56,143 20977 INFO     [tempest_lib.common.rest_client] Request (TestGettingAddress:setUp): 201 POST http://10.0.2.15:9696/v2.0/security-group-rules 0.089s
2015-12-18 14:44:56,144 20977 DEBUG    [tempest_lib.common.rest_client] Request - Headers: {'Content-Type': 'application/json', 'Accept': 'application/json', 'X-Auth-Token': '&lt;omitted&gt;'}
        Body: {"security_group_rule": {"direction": "egress", "protocol": "tcp", "tenant_id": "f0ab387aee6f4940b78fc1d145050b1f", "port_range_max": 22, "security_group_id": "f16b2900-a05d-46f0-b36d-ab681e0ee87a", "port_range_min": 22}}
    Response - Headers: {'status': '201', 'content-length': '339', 'connection': 'close', 'date': 'Fri, 18 Dec 2015 14:44:56 GMT', 'content-type': 'application/json; charset=UTF-8', 'x-openstack-request-id': 'req-c9599797-04b2-4535-a92e-9c6a5bee599f'}
        Body: {"security_group_rule": {"remote_group_id": null, "direction": "egress", "remote_ip_prefix": null, "protocol": "tcp", "ethertype": "IPv4", "tenant_id": "f0ab387aee6f4940b78fc1d145050b1f", "port_range_max": 22, "port_range_min": 22, "id": "f4ad1b25-9f05-4681-9123-52d7c9ca6181", "security_group_id": "f16b2900-a05d-46f0-b36d-ab681e0ee87a"}}
2015-12-18 14:44:56,251 20977 INFO     [tempest_lib.common.rest_client] Request (TestGettingAddress:setUp): 201 POST http://10.0.2.15:9696/v2.0/security-group-rules 0.105s
2015-12-18 14:44:56,251 20977 DEBUG    [tempest_lib.common.rest_client] Request - Headers: {'Content-Type': 'application/json', 'Accept': 'application/json', 'X-Auth-Token': '&lt;omitted&gt;'}
        Body: {"security_group_rule": {"tenant_id": "f0ab387aee6f4940b78fc1d145050b1f", "direction": "ingress", "protocol": "icmp", "security_group_id": "f16b2900-a05d-46f0-b36d-ab681e0ee87a"}}
    Response - Headers: {'status': '201', 'content-length': '345', 'connection': 'close', 'date': 'Fri, 18 Dec 2015 14:44:56 GMT', 'content-type': 'application/json; charset=UTF-8', 'x-openstack-request-id': 'req-1ae0563f-d80e-4987-92b8-75b68614ba36'}
        Body: {"security_group_rule": {"remote_group_id": null, "direction": "ingress", "remote_ip_prefix": null, "protocol": "icmp", "ethertype": "IPv4", "tenant_id": "f0ab387aee6f4940b78fc1d145050b1f", "port_range_max": null, "port_range_min": null, "id": "a981eae4-c3bc-442a-8e9e-27bd970053f0", "security_group_id": "f16b2900-a05d-46f0-b36d-ab681e0ee87a"}}
2015-12-18 14:44:56,359 20977 INFO     [tempest_lib.common.rest_client] Request (TestGettingAddress:setUp): 201 POST http://10.0.2.15:9696/v2.0/security-group-rules 0.106s
2015-12-18 14:44:56,360 20977 DEBUG    [tempest_lib.common.rest_client] Request - Headers: {'Content-Type': 'application/json', 'Accept': 'application/json', 'X-Auth-Token': '&lt;omitted&gt;'}
        Body: {"security_group_rule": {"tenant_id": "f0ab387aee6f4940b78fc1d145050b1f", "direction": "egress", "protocol": "icmp", "security_group_id": "f16b2900-a05d-46f0-b36d-ab681e0ee87a"}}
    Response - Headers: {'status': '201', 'content-length': '344', 'connection': 'close', 'date': 'Fri, 18 Dec 2015 14:44:56 GMT', 'content-type': 'application/json; charset=UTF-8', 'x-openstack-request-id': 'req-3123f851-3236-4da6-97b9-b421e3f7d2e7'}
        Body: {"security_group_rule": {"remote_group_id": null, "direction": "egress", "remote_ip_prefix": null, "protocol": "icmp", "ethertype": "IPv4", "tenant_id": "f0ab387aee6f4940b78fc1d145050b1f", "port_range_max": null, "port_range_min": null, "id": "5cade839-bd9a-4608-b9a9-0d65a1cd060c", "security_group_id": "f16b2900-a05d-46f0-b36d-ab681e0ee87a"}}
2015-12-18 14:44:56,457 20977 INFO     [tempest_lib.common.rest_client] Request (TestGettingAddress:setUp): 201 POST http://10.0.2.15:9696/v2.0/security-group-rules 0.096s
2015-12-18 14:44:56,458 20977 DEBUG    [tempest_lib.common.rest_client] Request - Headers: {'Content-Type': 'application/json', 'Accept': 'application/json', 'X-Auth-Token': '&lt;omitted&gt;'}
        Body: {"security_group_rule": {"tenant_id": "f0ab387aee6f4940b78fc1d145050b1f", "direction": "ingress", "security_group_id": "f16b2900-a05d-46f0-b36d-ab681e0ee87a", "protocol": "icmp", "ethertype": "IPv6"}}
    Response - Headers: {'status': '201', 'content-length': '345', 'connection': 'close', 'date': 'Fri, 18 Dec 2015 14:44:56 GMT', 'content-type': 'application/json; charset=UTF-8', 'x-openstack-request-id': 'req-6ba7525d-6cf2-4732-8705-d3baeeada21a'}
        Body: {"security_group_rule": {"remote_group_id": null, "direction": "ingress", "remote_ip_prefix": null, "protocol": "icmp", "ethertype": "IPv6", "tenant_id": "f0ab387aee6f4940b78fc1d145050b1f", "port_range_max": null, "port_range_min": null, "id": "be27c38e-016d-4174-b11d-efdc36e2883e", "security_group_id": "f16b2900-a05d-46f0-b36d-ab681e0ee87a"}}
2015-12-18 14:44:56,565 20977 INFO     [tempest_lib.common.rest_client] Request (TestGettingAddress:setUp): 201 POST http://10.0.2.15:9696/v2.0/security-group-rules 0.106s
2015-12-18 14:44:56,565 20977 DEBUG    [tempest_lib.common.rest_client] Request - Headers: {'Content-Type': 'application/json', 'Accept': 'application/json', 'X-Auth-Token': '&lt;omitted&gt;'}
        Body: {"security_group_rule": {"tenant_id": "f0ab387aee6f4940b78fc1d145050b1f", "direction": "egress", "security_group_id": "f16b2900-a05d-46f0-b36d-ab681e0ee87a", "protocol": "icmp", "ethertype": "IPv6"}}
    Response - Headers: {'status': '201', 'content-length': '344', 'connection': 'close', 'date': 'Fri, 18 Dec 2015 14:44:56 GMT', 'content-type': 'application/json; charset=UTF-8', 'x-openstack-request-id': 'req-28e20baa-0c5e-469d-aaa7-b08ebb998eb6'}
        Body: {"security_group_rule": {"remote_group_id": null, "direction": "egress", "remote_ip_prefix": null, "protocol": "icmp", "ethertype": "IPv6", "tenant_id": "f0ab387aee6f4940b78fc1d145050b1f", "port_range_max": null, "port_range_min": null, "id": "048f577a-79e3-49d6-afa7-6a93371dd330", "security_group_id": "f16b2900-a05d-46f0-b36d-ab681e0ee87a"}}
2015-12-18 14:44:56,711 20977 INFO     [tempest_lib.common.rest_client] Request (TestGettingAddress:test_dhcp6_stateless_from_os): 201 POST http://10.0.2.15:9696/v2.0/networks 0.144s
2015-12-18 14:44:56,712 20977 DEBUG    [tempest_lib.common.rest_client] Request - Headers: {'Content-Type': 'application/json', 'Accept': 'application/json', 'X-Auth-Token': '&lt;omitted&gt;'}
        Body: {"network": {"tenant_id": "f0ab387aee6f4940b78fc1d145050b1f", "name": "tempest-network-smoke--801254821"}}
    Response - Headers: {'status': '201', 'content-length': '295', 'connection': 'close', 'date': 'Fri, 18 Dec 2015 14:44:56 GMT', 'content-type': 'application/json; charset=UTF-8', 'x-openstack-request-id': 'req-2b75b052-1cac-4059-a91d-88bc505d65ce'}
        Body: {"network": {"status": "ACTIVE", "subnets": [], "name": "tempest-network-smoke--801254821", "admin_state_up": true, "tenant_id": "f0ab387aee6f4940b78fc1d145050b1f", "mtu": 0, "router:external": false, "shared": false, "port_security_enabled": true, "id": "2dde30a0-5574-48e7-82ca-6fa505735869"}}
2015-12-18 14:44:56,883 20977 INFO     [tempest_lib.common.rest_client] Request (TestGettingAddress:test_dhcp6_stateless_from_os): 200 GET http://10.0.2.15:9696/v2.0/subnets?tenant_id=f0ab387aee6f4940b78fc1d145050b1f&amp;cidr=10.100.0.0%2F28 0.169s
2015-12-18 14:44:56,883 20977 DEBUG    [tempest_lib.common.rest_client] Request - Headers: {'Content-Type': 'application/json', 'Accept': 'application/json', 'X-Auth-Token': '&lt;omitted&gt;'}
        Body: None
    Response - Headers: {'status': '200', 'content-length': '15', 'content-location': 'http://10.0.2.15:9696/v2.0/subnets?tenant_id=f0ab387aee6f4940b78fc1d145050b1f&amp;cidr=10.100.0.0%2F28', 'connection': 'close', 'date': 'Fri, 18 Dec 2015 14:44:56 GMT', 'content-type': 'application/json; charset=UTF-8', 'x-openstack-request-id': 'req-f0fb3e33-6ab4-4375-9435-8a080d951b60'}
        Body: {"subnets": []}
2015-12-18 14:44:57,160 20977 INFO     [tempest_lib.common.rest_client] Request (TestGettingAddress:test_dhcp6_stateless_from_os): 201 POST http://10.0.2.15:9696/v2.0/subnets 0.276s
2015-12-18 14:44:57,160 20977 DEBUG    [tempest_lib.common.rest_client] Request - Headers: {'Content-Type': 'application/json', 'Accept': 'application/json', 'X-Auth-Token': '&lt;omitted&gt;'}
        Body: {"subnet": {"ip_version": 4, "tenant_id": "f0ab387aee6f4940b78fc1d145050b1f", "cidr": "10.100.0.0/28", "network_id": "2dde30a0-5574-48e7-82ca-6fa505735869", "name": "tempest-sub4-626224428"}}
    Response - Headers: {'status': '201', 'content-length': '469', 'connection': 'close', 'date': 'Fri, 18 Dec 2015 14:44:57 GMT', 'content-type': 'application/json; charset=UTF-8', 'x-openstack-request-id': 'req-33b6ae6f-9bc9-4e05-afd2-57169cf26aad'}
        Body: {"subnet": {"name": "tempest-sub4-626224428", "enable_dhcp": true, "network_id": "2dde30a0-5574-48e7-82ca-6fa505735869", "tenant_id": "f0ab387aee6f4940b78fc1d145050b1f", "dns_nameservers": [], "gateway_ip": "10.100.0.1", "ipv6_ra_mode": null, "allocation_pools": [{"start": "10.100.0.2", "end": "10.100.0.14"}], "host_routes": [], "ip_version": 4, "ipv6_address_mode": null, "cidr": "10.100.0.0/28", "id": "71a36f17-8221-42e5-a9c7-f32502ad1541", "subnetpool_id": null}}
2015-12-18 14:44:57,220 20977 INFO     [tempest_lib.common.rest_client] Request (TestGettingAddress:test_dhcp6_stateless_from_os): 201 POST http://10.0.2.15:9696/v2.0/routers 0.059s
2015-12-18 14:44:57,220 20977 DEBUG    [tempest_lib.common.rest_client] Request - Headers: {'Content-Type': 'application/json', 'Accept': 'application/json', 'X-Auth-Token': '&lt;omitted&gt;'}
        Body: {"router": {"tenant_id": "f0ab387aee6f4940b78fc1d145050b1f", "name": "tempest-router-smoke-980049271", "admin_state_up": true}}
    Response - Headers: {'status': '201', 'content-length': '238', 'connection': 'close', 'date': 'Fri, 18 Dec 2015 14:44:57 GMT', 'content-type': 'application/json; charset=UTF-8', 'x-openstack-request-id': 'req-6ca43042-7882-4001-b5cd-57730f3ea999'}
        Body: {"router": {"status": "ACTIVE", "external_gateway_info": null, "name": "tempest-router-smoke-980049271", "admin_state_up": true, "tenant_id": "f0ab387aee6f4940b78fc1d145050b1f", "routes": [], "id": "fb89fef6-ede5-468d-9fe0-a8031229c22d"}}
2015-12-18 14:44:57,261 20977 INFO     [tempest_lib.common.rest_client] Request (TestGettingAddress:test_dhcp6_stateless_from_os): 200 GET http://10.0.2.15:9696/v2.0/routers/fb89fef6-ede5-468d-9fe0-a8031229c22d 0.040s
2015-12-18 14:44:57,262 20977 DEBUG    [tempest_lib.common.rest_client] Request - Headers: {'Content-Type': 'application/json', 'Accept': 'application/json', 'X-Auth-Token': '&lt;omitted&gt;'}
        Body: None
    Response - Headers: {'status': '200', 'content-length': '238', 'content-location': 'http://10.0.2.15:9696/v2.0/routers/fb89fef6-ede5-468d-9fe0-a8031229c22d', 'connection': 'close', 'date': 'Fri, 18 Dec 2015 14:44:57 GMT', 'content-type': 'application/json; charset=UTF-8', 'x-openstack-request-id': 'req-8ebebdf4-2ce7-4151-9b59-c32c17475899'}
        Body: {"router": {"status": "ACTIVE", "external_gateway_info": null, "name": "tempest-router-smoke-980049271", "admin_state_up": true, "tenant_id": "f0ab387aee6f4940b78fc1d145050b1f", "routes": [], "id": "fb89fef6-ede5-468d-9fe0-a8031229c22d"}}
2015-12-18 14:44:57,950 20977 INFO     [tempest_lib.common.rest_client] Request (TestGettingAddress:test_dhcp6_stateless_from_os): 200 PUT http://10.0.2.15:9696/v2.0/routers/fb89fef6-ede5-468d-9fe0-a8031229c22d 0.687s
2015-12-18 14:44:57,950 20977 DEBUG    [tempest_lib.common.rest_client] Request - Headers: {'Content-Type': 'application/json', 'Accept': 'application/json', 'X-Auth-Token': '&lt;omitted&gt;'}
        Body: {"router": {"external_gateway_info": {"network_id": "22aceee3-d213-490e-b945-66abebe60a5b"}, "name": "tempest-router-smoke-980049271", "admin_state_up": true}}
    Response - Headers: {'status': '200', 'content-length': '500', 'connection': 'close', 'date': 'Fri, 18 Dec 2015 14:44:57 GMT', 'content-type': 'application/json; charset=UTF-8', 'x-openstack-request-id': 'req-d3e7c3be-2635-4c25-bed7-d241023a1a37'}
        Body: {"router": {"status": "ACTIVE", "external_gateway_info": {"network_id": "22aceee3-d213-490e-b945-66abebe60a5b", "enable_snat": true, "external_fixed_ips": [{"subnet_id": "912a32dd-73ce-49db-bd05-be8df12cebdd", "ip_address": "172.24.4.3"}, {"subnet_id": "4b36a574-786a-4b88-ae96-46d55766aa75", "ip_address": "2001:db8::4"}]}, "name": "tempest-router-smoke-980049271", "admin_state_up": true, "tenant_id": "f0ab387aee6f4940b78fc1d145050b1f", "routes": [], "id": "fb89fef6-ede5-468d-9fe0-a8031229c22d"}}
2015-12-18 14:44:58,353 20977 INFO     [tempest_lib.common.rest_client] Request (TestGettingAddress:test_dhcp6_stateless_from_os): 200 PUT http://10.0.2.15:9696/v2.0/routers/fb89fef6-ede5-468d-9fe0-a8031229c22d/add_router_interface 0.402s
2015-12-18 14:44:58,353 20977 DEBUG    [tempest_lib.common.rest_client] Request - Headers: {'Content-Type': 'application/json', 'Accept': 'application/json', 'X-Auth-Token': '&lt;omitted&gt;'}
        Body: {"subnet_id": "71a36f17-8221-42e5-a9c7-f32502ad1541"}
    Response - Headers: {'status': '200', 'content-length': '255', 'connection': 'close', 'date': 'Fri, 18 Dec 2015 14:44:58 GMT', 'content-type': 'application/json; charset=UTF-8', 'x-openstack-request-id': 'req-193302d3-10b3-4238-aeb8-47cfeef55450'}
        Body: {"subnet_id": "71a36f17-8221-42e5-a9c7-f32502ad1541", "tenant_id": "f0ab387aee6f4940b78fc1d145050b1f", "subnet_ids": ["71a36f17-8221-42e5-a9c7-f32502ad1541"], "port_id": "02531872-5d94-4811-bd11-6383e49376cc", "id": "fb89fef6-ede5-468d-9fe0-a8031229c22d"}
2015-12-18 14:44:58,482 20977 INFO     [tempest_lib.common.rest_client] Request (TestGettingAddress:test_dhcp6_stateless_from_os): 200 GET http://10.0.2.15:9696/v2.0/subnets?tenant_id=f0ab387aee6f4940b78fc1d145050b1f&amp;cidr=2003%3A%3A%2F64 0.127s
2015-12-18 14:44:58,482 20977 DEBUG    [tempest_lib.common.rest_client] Request - Headers: {'Content-Type': 'application/json', 'Accept': 'application/json', 'X-Auth-Token': '&lt;omitted&gt;'}
        Body: None
    Response - Headers: {'status': '200', 'content-length': '15', 'content-location': 'http://10.0.2.15:9696/v2.0/subnets?tenant_id=f0ab387aee6f4940b78fc1d145050b1f&amp;cidr=2003%3A%3A%2F64', 'connection': 'close', 'date': 'Fri, 18 Dec 2015 14:44:58 GMT', 'content-type': 'application/json; charset=UTF-8', 'x-openstack-request-id': 'req-01855e94-4236-4931-8c3c-f12fbf803386'}
        Body: {"subnets": []}
2015-12-18 14:44:58,791 20977 INFO     [tempest_lib.common.rest_client] Request (TestGettingAddress:test_dhcp6_stateless_from_os): 201 POST http://10.0.2.15:9696/v2.0/subnets 0.308s
2015-12-18 14:44:58,791 20977 DEBUG    [tempest_lib.common.rest_client] Request - Headers: {'Content-Type': 'application/json', 'Accept': 'application/json', 'X-Auth-Token': '&lt;omitted&gt;'}
        Body: {"subnet": {"name": "tempest-sub6-190541735", "network_id": "2dde30a0-5574-48e7-82ca-6fa505735869", "tenant_id": "f0ab387aee6f4940b78fc1d145050b1f", "ipv6_ra_mode": "dhcpv6-stateless", "ip_version": 6, "ipv6_address_mode": "dhcpv6-stateless", "cidr": "2003::/64"}}
    Response - Headers: {'status': '201', 'content-length': '501', 'connection': 'close', 'date': 'Fri, 18 Dec 2015 14:44:58 GMT', 'content-type': 'application/json; charset=UTF-8', 'x-openstack-request-id': 'req-a0ccc535-763f-4d83-8bb2-3daaf8e93b2a'}
        Body: {"subnet": {"name": "tempest-sub6-190541735", "enable_dhcp": true, "network_id": "2dde30a0-5574-48e7-82ca-6fa505735869", "tenant_id": "f0ab387aee6f4940b78fc1d145050b1f", "dns_nameservers": [], "gateway_ip": "2003::1", "ipv6_ra_mode": "dhcpv6-stateless", "allocation_pools": [{"start": "2003::2", "end": "2003::ffff:ffff:ffff:ffff"}], "host_routes": [], "ip_version": 6, "ipv6_address_mode": "dhcpv6-stateless", "cidr": "2003::/64", "id": "9b93de30-bd05-422b-8d83-970465a2dbdf", "subnetpool_id": null}}
2015-12-18 14:44:59,289 20977 INFO     [tempest_lib.common.rest_client] Request (TestGettingAddress:test_dhcp6_stateless_from_os): 200 PUT http://10.0.2.15:9696/v2.0/routers/fb89fef6-ede5-468d-9fe0-a8031229c22d/add_router_interface 0.497s
2015-12-18 14:44:59,290 20977 DEBUG    [tempest_lib.common.rest_client] Request - Headers: {'Content-Type': 'application/json', 'Accept': 'application/json', 'X-Auth-Token': '&lt;omitted&gt;'}
        Body: {"subnet_id": "9b93de30-bd05-422b-8d83-970465a2dbdf"}
    Response - Headers: {'status': '200', 'content-length': '255', 'connection': 'close', 'date': 'Fri, 18 Dec 2015 14:44:59 GMT', 'content-type': 'application/json; charset=UTF-8', 'x-openstack-request-id': 'req-023c1926-f6fa-4d89-876b-0e23dda7f34c'}
        Body: {"subnet_id": "9b93de30-bd05-422b-8d83-970465a2dbdf", "tenant_id": "f0ab387aee6f4940b78fc1d145050b1f", "subnet_ids": ["9b93de30-bd05-422b-8d83-970465a2dbdf"], "port_id": "e7d9f0b3-02a4-4c34-a157-ff26714b62c6", "id": "fb89fef6-ede5-468d-9fe0-a8031229c22d"}
2015-12-18 14:44:59,407 20977 INFO     [tempest_lib.common.rest_client] Request (TestGettingAddress:test_dhcp6_stateless_from_os): 200 POST http://10.0.2.15:5000/v2.0/tokens
2015-12-18 14:44:59,409 20977 DEBUG    [tempest_lib.common.rest_client] Request - Headers: {'Content-Type': 'application/json', 'Accept': 'application/json'}
        Body: &lt;omitted&gt;
    Response - Headers: {'status': '200', 'content-length': '2522', 'vary': 'X-Auth-Token', 'server': 'Apache/2.4.7 (Ubuntu)', 'connection': 'close', 'date': 'Fri, 18 Dec 2015 14:44:59 GMT', 'content-type': 'application/json', 'x-openstack-request-id': 'req-9f056595-e0bd-4619-9e95-3959745e8182'}
        Body: {"access": {"token": {"issued_at": "2015-12-18T14:44:59.394677", "expires": "2015-12-18T15:44:59Z", "id": "2ba134d0c14d44e4bfbe94d106523f83", "tenant": {"description": "tempest-TestGettingAddress-390408517-desc", "enabled": true, "id": "f0ab387aee6f4940b78fc1d145050b1f", "name": "tempest-TestGettingAddress-390408517"}, "audit_ids": ["yvhWhUjUSDyAZHify5eJPA"]}, "serviceCatalog": [{"endpoints": [{"adminURL": "http://10.0.2.15:8774/v2.1/f0ab387aee6f4940b78fc1d145050b1f", "region": "RegionOne", "internalURL": "http://10.0.2.15:8774/v2.1/f0ab387aee6f4940b78fc1d145050b1f", "id": "a878d88fb99e412188c18e3bf5e4104e", "publicURL": "http://10.0.2.15:8774/v2.1/f0ab387aee6f4940b78fc1d145050b1f"}], "endpoints_links": [], "type": "compute", "name": "nova"}, {"endpoints": [{"adminURL": "http://10.0.2.15:9696/", "region": "RegionOne", "internalURL": "http://10.0.2.15:9696/", "id": "1e0ec63732994d81993c99fa61f469f5", "publicURL": "http://10.0.2.15:9696/"}], "endpoints_links": [], "type": "network", "name": "neutron"}, {"endpoints": [{"adminURL": "http://10.0.2.15:9292", "region": "RegionOne", "internalURL": "http://10.0.2.15:9292", "id": "32b1f3d3a4e543e58d015c4594dfe630", "publicURL": "http://10.0.2.15:9292"}], "endpoints_links": [], "type": "image", "name": "glance"}, {"endpoints": [{"adminURL": "http://10.0.2.15:8774/v2/f0ab387aee6f4940b78fc1d145050b1f", "region": "RegionOne", "internalURL": "http://10.0.2.15:8774/v2/f0ab387aee6f4940b78fc1d145050b1f", "id": "65923e643af545c7888f2ffe1ef19ebc", "publicURL": "http://10.0.2.15:8774/v2/f0ab387aee6f4940b78fc1d145050b1f"}], "endpoints_links": [], "type": "compute_legacy", "name": "nova_legacy"}, {"endpoints": [{"adminURL": "http://10.0.2.15:8773/", "region": "RegionOne", "internalURL": "http://10.0.2.15:8773/", "id": "2b714bb8b40e48379229d63725f4d37e", "publicURL": "http://10.0.2.15:8773/"}], "endpoints_links": [], "type": "ec2", "name": "ec2"}, {"endpoints": [{"adminURL": "http://10.0.2.15:35357/v2.0", "region": "RegionOne", "internalURL": "http://10.0.2.15:5000/v2.0", "id": "03054d00f4c64608bc5fc25ae3c4f002", "publicURL": "http://10.0.2.15:5000/v2.0"}], "endpoints_links": [], "type": "identity", "name": "keystone"}], "user": {"username": "tempest-TestGettingAddress-891925772", "roles_links": [], "id": "e6e5bbcf7e8e4e3aaea56e3df1f11c70", "roles": [{"name": "_member_"}, {"name": "Member"}], "name": "tempest-TestGettingAddress-891925772"}, "metadata": {"is_admin": 0, "roles": ["9fe2ff9ee4384b1894a90878d3e92bab", "a2ca5082b6574a09a2e9c5962c5a20a7"]}}}
2015-12-18 14:44:59,416 20977 DEBUG    [tempest.common.fixed_network] (TestGettingAddress:test_dhcp6_stateless_from_os) No valid network provided or created, defaulting to fixed_network_name
2015-12-18 14:44:59,739 20977 INFO     [tempest_lib.common.rest_client] Request (TestGettingAddress:test_dhcp6_stateless_from_os): 200 GET http://10.0.2.15:8774/v2.1/f0ab387aee6f4940b78fc1d145050b1f/os-networks 0.322s
2015-12-18 14:44:59,740 20977 DEBUG    [tempest_lib.common.rest_client] Request - Headers: {'Content-Type': 'application/json', 'Accept': 'application/json', 'X-Auth-Token': '&lt;omitted&gt;'}
        Body: None
    Response - Headers: {'status': '200', 'content-length': '478', 'content-location': 'http://10.0.2.15:8774/v2.1/f0ab387aee6f4940b78fc1d145050b1f/os-networks', 'x-compute-request-id': 'req-f2260e9c-a67b-4efa-a98e-c471d099d1de', 'vary': 'X-OpenStack-Nova-API-Version', 'connection': 'close', 'x-openstack-nova-api-version': '2.1', 'date': 'Fri, 18 Dec 2015 14:44:59 GMT', 'content-type': 'application/json'}
        Body: {"networks": [{"cidr_v6": null, "dns2": null, "dns1": null, "gateway": null, "broadcast": null, "netmask": null, "gateway_v6": null, "cidr": null, "label": "public", "id": "22aceee3-d213-490e-b945-66abebe60a5b", "netmask_v6": null}, {"cidr_v6": null, "dns2": null, "dns1": null, "gateway": null, "broadcast": null, "netmask": null, "gateway_v6": null, "cidr": null, "label": "tempest-network-smoke--801254821", "id": "2dde30a0-5574-48e7-82ca-6fa505735869", "netmask_v6": null}]}
2015-12-18 14:44:59,740 20977 WARNING  [tempest.common.fixed_network] (TestGettingAddress:test_dhcp6_stateless_from_os) Network with name: private not found
2015-12-18 14:44:59,741 20977 INFO     [tempest.common.fixed_network] (TestGettingAddress:test_dhcp6_stateless_from_os) Found network {} available for tenant
2015-12-18 14:45:01,210 20977 INFO     [tempest_lib.common.rest_client] Request (TestGettingAddress:test_dhcp6_stateless_from_os): 202 POST http://10.0.2.15:8774/v2.1/f0ab387aee6f4940b78fc1d145050b1f/servers 1.468s
2015-12-18 14:45:01,212 20977 DEBUG    [tempest_lib.common.rest_client] Request - Headers: {'Content-Type': 'application/json', 'Accept': 'application/json', 'X-Auth-Token': '&lt;omitted&gt;'}
        Body: {"server": {"name": "tempest.common.compute-instance-939315285", "imageRef": "f925d89d-488d-4036-a04c-1dee36028f3a", "key_name": "tempest-TestGettingAddress-1850817822", "flavorRef": "42", "networks": [{"uuid": "2dde30a0-5574-48e7-82ca-6fa505735869"}], "security_groups": [{"name": "tempest-secgroup-smoke-145615672"}]}}
    Response - Headers: {'status': '202', 'content-length': '461', 'x-compute-request-id': 'req-8997ccbd-a5a7-4fc0-8fda-ffa2d50940ed', 'vary': 'X-OpenStack-Nova-API-Version', 'connection': 'close', 'location': 'http://10.0.2.15:8774/v2.1/f0ab387aee6f4940b78fc1d145050b1f/servers/02a3cbb7-42c0-4d7d-971a-2c21d2b944d7', 'x-openstack-nova-api-version': '2.1', 'date': 'Fri, 18 Dec 2015 14:45:01 GMT', 'content-type': 'application/json'}
        Body: {"server": {"security_groups": [{"name": "tempest-secgroup-smoke-145615672"}], "OS-DCF:diskConfig": "MANUAL", "id": "02a3cbb7-42c0-4d7d-971a-2c21d2b944d7", "links": [{"href": "http://10.0.2.15:8774/v2.1/f0ab387aee6f4940b78fc1d145050b1f/servers/02a3cbb7-42c0-4d7d-971a-2c21d2b944d7", "rel": "self"}, {"href": "http://10.0.2.15:8774/f0ab387aee6f4940b78fc1d145050b1f/servers/02a3cbb7-42c0-4d7d-971a-2c21d2b944d7", "rel": "bookmark"}], "adminPass": "jBM6T2tJD8Fc"}}
2015-12-18 14:45:01,389 20977 INFO     [tempest_lib.common.rest_client] Request (TestGettingAddress:test_dhcp6_stateless_from_os): 200 GET http://10.0.2.15:8774/v2.1/f0ab387aee6f4940b78fc1d145050b1f/servers/02a3cbb7-42c0-4d7d-971a-2c21d2b944d7 0.175s
2015-12-18 14:45:01,390 20977 DEBUG    [tempest_lib.common.rest_client] Request - Headers: {'Content-Type': 'application/json', 'Accept': 'application/json', 'X-Auth-Token': '&lt;omitted&gt;'}
        Body: None
    Response - Headers: {'status': '200', 'content-length': '1354', 'content-location': 'http://10.0.2.15:8774/v2.1/f0ab387aee6f4940b78fc1d145050b1f/servers/02a3cbb7-42c0-4d7d-971a-2c21d2b944d7', 'x-compute-request-id': 'req-6ab161c8-cc58-4e82-9236-f710ed91093b', 'vary': 'X-OpenStack-Nova-API-Version', 'connection': 'close', 'x-openstack-nova-api-version': '2.1', 'date': 'Fri, 18 Dec 2015 14:45:01 GMT', 'content-type': 'application/json'}
        Body: {"server": {"status": "BUILD", "updated": "2015-12-18T14:45:01Z", "hostId": "", "addresses": {}, "links": [{"href": "http://10.0.2.15:8774/v2.1/f0ab387aee6f4940b78fc1d145050b1f/servers/02a3cbb7-42c0-4d7d-971a-2c21d2b944d7", "rel": "self"}, {"href": "http://10.0.2.15:8774/f0ab387aee6f4940b78fc1d145050b1f/servers/02a3cbb7-42c0-4d7d-971a-2c21d2b944d7", "rel": "bookmark"}], "key_name": "tempest-TestGettingAddress-1850817822", "image": {"id": "f925d89d-488d-4036-a04c-1dee36028f3a", "links": [{"href": "http://10.0.2.15:8774/f0ab387aee6f4940b78fc1d145050b1f/images/f925d89d-488d-4036-a04c-1dee36028f3a", "rel": "bookmark"}]}, "OS-EXT-STS:task_state": "scheduling", "OS-EXT-STS:vm_state": "building", "OS-SRV-USG:launched_at": null, "flavor": {"id": "42", "links": [{"href": "http://10.0.2.15:8774/f0ab387aee6f4940b78fc1d145050b1f/flavors/42", "rel": "bookmark"}]}, "id": "02a3cbb7-42c0-4d7d-971a-2c21d2b944d7", "OS-SRV-USG:terminated_at": null, "OS-EXT-AZ:availability_zone": "", "user_id": "e6e5bbcf7e8e4e3aaea56e3df1f11c70", "name": "tempest.common.compute-instance-939315285", "created": "2015-12-18T14:45:01Z", "tenant_id": "f0ab387aee6f4940b78fc1d145050b1f", "OS-DCF:diskConfig": "MANUAL", "os-extended-volumes:volumes_attached": [], "accessIPv4": "", "accessIPv6": "", "progress": 0, "OS-EXT-STS:power_state": 0, "config_drive": "", "metadata": {}}}
2015-12-18 14:45:02,678 20977 INFO     [tempest_lib.common.rest_client] Request (TestGettingAddress:test_dhcp6_stateless_from_os): 200 GET http://10.0.2.15:8774/v2.1/f0ab387aee6f4940b78fc1d145050b1f/servers/02a3cbb7-42c0-4d7d-971a-2c21d2b944d7 0.278s
2015-12-18 14:45:02,678 20977 DEBUG    [tempest_lib.common.rest_client] Request - Headers: {'Content-Type': 'application/json', 'Accept': 'application/json', 'X-Auth-Token': '&lt;omitted&gt;'}
        Body: None
    Response - Headers: {'status': '200', 'content-length': '1479', 'content-location': 'http://10.0.2.15:8774/v2.1/f0ab387aee6f4940b78fc1d145050b1f/servers/02a3cbb7-42c0-4d7d-971a-2c21d2b944d7', 'x-compute-request-id': 'req-77123757-22e8-4c5f-bcb2-011a371fac0a', 'vary': 'X-OpenStack-Nova-API-Version', 'connection': 'close', 'x-openstack-nova-api-version': '2.1', 'date': 'Fri, 18 Dec 2015 14:45:02 GMT', 'content-type': 'application/json'}
        Body: {"server": {"status": "BUILD", "updated": "2015-12-18T14:45:02Z", "hostId": "c0ede053d5804f9dea6b84d2bcb5aa8f0d8e08de94785e8c5a0c2a3a", "addresses": {}, "links": [{"href": "http://10.0.2.15:8774/v2.1/f0ab387aee6f4940b78fc1d145050b1f/servers/02a3cbb7-42c0-4d7d-971a-2c21d2b944d7", "rel": "self"}, {"href": "http://10.0.2.15:8774/f0ab387aee6f4940b78fc1d145050b1f/servers/02a3cbb7-42c0-4d7d-971a-2c21d2b944d7", "rel": "bookmark"}], "key_name": "tempest-TestGettingAddress-1850817822", "image": {"id": "f925d89d-488d-4036-a04c-1dee36028f3a", "links": [{"href": "http://10.0.2.15:8774/f0ab387aee6f4940b78fc1d145050b1f/images/f925d89d-488d-4036-a04c-1dee36028f3a", "rel": "bookmark"}]}, "OS-EXT-STS:task_state": "spawning", "OS-EXT-STS:vm_state": "building", "OS-SRV-USG:launched_at": null, "flavor": {"id": "42", "links": [{"href": "http://10.0.2.15:8774/f0ab387aee6f4940b78fc1d145050b1f/flavors/42", "rel": "bookmark"}]}, "id": "02a3cbb7-42c0-4d7d-971a-2c21d2b944d7", "security_groups": [{"name": "tempest-secgroup-smoke-145615672"}], "OS-SRV-USG:terminated_at": null, "OS-EXT-AZ:availability_zone": "nova", "user_id": "e6e5bbcf7e8e4e3aaea56e3df1f11c70", "name": "tempest.common.compute-instance-939315285", "created": "2015-12-18T14:45:01Z", "tenant_id": "f0ab387aee6f4940b78fc1d145050b1f", "OS-DCF:diskConfig": "MANUAL", "os-extended-volumes:volumes_attached": [], "accessIPv4": "", "accessIPv6": "", "progress": 0, "OS-EXT-STS:power_state": 0, "config_drive": "", "metadata": {}}}
2015-12-18 14:45:02,687 20977 INFO     [tempest.common.waiters] State transition "BUILD/scheduling" ==&gt; "BUILD/spawning" after 1 second wait
2015-12-18 14:45:03,999 20977 INFO     [tempest_lib.common.rest_client] Request (TestGettingAddress:test_dhcp6_stateless_from_os): 200 GET http://10.0.2.15:8774/v2.1/f0ab387aee6f4940b78fc1d145050b1f/servers/02a3cbb7-42c0-4d7d-971a-2c21d2b944d7 0.311s
2015-12-18 14:45:03,999 20977 DEBUG    [tempest_lib.common.rest_client] Request - Headers: {'Content-Type': 'application/json', 'Accept': 'application/json', 'X-Auth-Token': '&lt;omitted&gt;'}
        Body: None
    Response - Headers: {'status': '200', 'content-length': '1479', 'content-location': 'http://10.0.2.15:8774/v2.1/f0ab387aee6f4940b78fc1d145050b1f/servers/02a3cbb7-42c0-4d7d-971a-2c21d2b944d7', 'x-compute-request-id': 'req-9a2be996-8267-4f52-a1b1-b0dbbf7e2d28', 'vary': 'X-OpenStack-Nova-API-Version', 'connection': 'close', 'x-openstack-nova-api-version': '2.1', 'date': 'Fri, 18 Dec 2015 14:45:03 GMT', 'content-type': 'application/json'}
        Body: {"server": {"status": "BUILD", "updated": "2015-12-18T14:45:02Z", "hostId": "c0ede053d5804f9dea6b84d2bcb5aa8f0d8e08de94785e8c5a0c2a3a", "addresses": {}, "links": [{"href": "http://10.0.2.15:8774/v2.1/f0ab387aee6f4940b78fc1d145050b1f/servers/02a3cbb7-42c0-4d7d-971a-2c21d2b944d7", "rel": "self"}, {"href": "http://10.0.2.15:8774/f0ab387aee6f4940b78fc1d145050b1f/servers/02a3cbb7-42c0-4d7d-971a-2c21d2b944d7", "rel": "bookmark"}], "key_name": "tempest-TestGettingAddress-1850817822", "image": {"id": "f925d89d-488d-4036-a04c-1dee36028f3a", "links": [{"href": "http://10.0.2.15:8774/f0ab387aee6f4940b78fc1d145050b1f/images/f925d89d-488d-4036-a04c-1dee36028f3a", "rel": "bookmark"}]}, "OS-EXT-STS:task_state": "spawning", "OS-EXT-STS:vm_state": "building", "OS-SRV-USG:launched_at": null, "flavor": {"id": "42", "links": [{"href": "http://10.0.2.15:8774/f0ab387aee6f4940b78fc1d145050b1f/flavors/42", "rel": "bookmark"}]}, "id": "02a3cbb7-42c0-4d7d-971a-2c21d2b944d7", "security_groups": [{"name": "tempest-secgroup-smoke-145615672"}], "OS-SRV-USG:terminated_at": null, "OS-EXT-AZ:availability_zone": "nova", "user_id": "e6e5bbcf7e8e4e3aaea56e3df1f11c70", "name": "tempest.common.compute-instance-939315285", "created": "2015-12-18T14:45:01Z", "tenant_id": "f0ab387aee6f4940b78fc1d145050b1f", "OS-DCF:diskConfig": "MANUAL", "os-extended-volumes:volumes_attached": [], "accessIPv4": "", "accessIPv6": "", "progress": 0, "OS-EXT-STS:power_state": 0, "config_drive": "", "metadata": {}}}
2015-12-18 14:45:05,191 20977 INFO     [tempest_lib.common.rest_client] Request (TestGettingAddress:test_dhcp6_stateless_from_os): 200 GET http://10.0.2.15:8774/v2.1/f0ab387aee6f4940b78fc1d145050b1f/servers/02a3cbb7-42c0-4d7d-971a-2c21d2b944d7 0.182s
2015-12-18 14:45:05,191 20977 DEBUG    [tempest_lib.common.rest_client] Request - Headers: {'Content-Type': 'application/json', 'Accept': 'application/json', 'X-Auth-Token': '&lt;omitted&gt;'}
        Body: None
    Response - Headers: {'status': '200', 'content-length': '1779', 'content-location': 'http://10.0.2.15:8774/v2.1/f0ab387aee6f4940b78fc1d145050b1f/servers/02a3cbb7-42c0-4d7d-971a-2c21d2b944d7', 'x-compute-request-id': 'req-7ed079d1-cb58-4f2f-b4ea-d3bb7bcf9707', 'vary': 'X-OpenStack-Nova-API-Version', 'connection': 'close', 'x-openstack-nova-api-version': '2.1', 'date': 'Fri, 18 Dec 2015 14:45:05 GMT', 'content-type': 'application/json'}
        Body: {"server": {"status": "ACTIVE", "updated": "2015-12-18T14:45:04Z", "hostId": "c0ede053d5804f9dea6b84d2bcb5aa8f0d8e08de94785e8c5a0c2a3a", "addresses": {"tempest-network-smoke--801254821": [{"OS-EXT-IPS-MAC:mac_addr": "fa:16:3e:56:20:fd", "version": 4, "addr": "10.100.0.3", "OS-EXT-IPS:type": "fixed"}, {"OS-EXT-IPS-MAC:mac_addr": "fa:16:3e:56:20:fd", "version": 6, "addr": "2003::f816:3eff:fe56:20fd", "OS-EXT-IPS:type": "fixed"}]}, "links": [{"href": "http://10.0.2.15:8774/v2.1/f0ab387aee6f4940b78fc1d145050b1f/servers/02a3cbb7-42c0-4d7d-971a-2c21d2b944d7", "rel": "self"}, {"href": "http://10.0.2.15:8774/f0ab387aee6f4940b78fc1d145050b1f/servers/02a3cbb7-42c0-4d7d-971a-2c21d2b944d7", "rel": "bookmark"}], "key_name": "tempest-TestGettingAddress-1850817822", "image": {"id": "f925d89d-488d-4036-a04c-1dee36028f3a", "links": [{"href": "http://10.0.2.15:8774/f0ab387aee6f4940b78fc1d145050b1f/images/f925d89d-488d-4036-a04c-1dee36028f3a", "rel": "bookmark"}]}, "OS-EXT-STS:task_state": null, "OS-EXT-STS:vm_state": "active", "OS-SRV-USG:launched_at": "2015-12-18T14:45:04.000000", "flavor": {"id": "42", "links": [{"href": "http://10.0.2.15:8774/f0ab387aee6f4940b78fc1d145050b1f/flavors/42", "rel": "bookmark"}]}, "id": "02a3cbb7-42c0-4d7d-971a-2c21d2b944d7", "security_groups": [{"name": "tempest-secgroup-smoke-145615672"}], "OS-SRV-USG:terminated_at": null, "OS-EXT-AZ:availability_zone": "nova", "user_id": "e6e5bbcf7e8e4e3aaea56e3df1f11c70", "name": "tempest.common.compute-instance-939315285", "created": "2015-12-18T14:45:01Z", "tenant_id": "f0ab387aee6f4940b78fc1d145050b1f", "OS-DCF:diskConfig": "MANUAL", "os-extended-volumes:volumes_attached": [], "accessIPv4": "", "accessIPv6": "", "progress": 0, "OS-EXT-STS:power_state": 1, "config_drive": "True", "metadata": {}}}
2015-12-18 14:45:05,200 20977 INFO     [tempest.common.waiters] State transition "BUILD/spawning" ==&gt; "ACTIVE/None" after 4 second wait
2015-12-18 14:45:05,372 20977 INFO     [tempest_lib.common.rest_client] Request (TestGettingAddress:test_dhcp6_stateless_from_os): 200 GET http://10.0.2.15:8774/v2.1/f0ab387aee6f4940b78fc1d145050b1f/servers/02a3cbb7-42c0-4d7d-971a-2c21d2b944d7 0.171s
2015-12-18 14:45:05,372 20977 DEBUG    [tempest_lib.common.rest_client] Request - Headers: {'Content-Type': 'application/json', 'Accept': 'application/json', 'X-Auth-Token': '&lt;omitted&gt;'}
        Body: None
    Response - Headers: {'status': '200', 'content-length': '1779', 'content-location': 'http://10.0.2.15:8774/v2.1/f0ab387aee6f4940b78fc1d145050b1f/servers/02a3cbb7-42c0-4d7d-971a-2c21d2b944d7', 'x-compute-request-id': 'req-28820745-abef-413b-b0cc-cdbcbf7a6b54', 'vary': 'X-OpenStack-Nova-API-Version', 'connection': 'close', 'x-openstack-nova-api-version': '2.1', 'date': 'Fri, 18 Dec 2015 14:45:05 GMT', 'content-type': 'application/json'}
        Body: {"server": {"status": "ACTIVE", "updated": "2015-12-18T14:45:04Z", "hostId": "c0ede053d5804f9dea6b84d2bcb5aa8f0d8e08de94785e8c5a0c2a3a", "addresses": {"tempest-network-smoke--801254821": [{"OS-EXT-IPS-MAC:mac_addr": "fa:16:3e:56:20:fd", "version": 4, "addr": "10.100.0.3", "OS-EXT-IPS:type": "fixed"}, {"OS-EXT-IPS-MAC:mac_addr": "fa:16:3e:56:20:fd", "version": 6, "addr": "2003::f816:3eff:fe56:20fd", "OS-EXT-IPS:type": "fixed"}]}, "links": [{"href": "http://10.0.2.15:8774/v2.1/f0ab387aee6f4940b78fc1d145050b1f/servers/02a3cbb7-42c0-4d7d-971a-2c21d2b944d7", "rel": "self"}, {"href": "http://10.0.2.15:8774/f0ab387aee6f4940b78fc1d145050b1f/servers/02a3cbb7-42c0-4d7d-971a-2c21d2b944d7", "rel": "bookmark"}], "key_name": "tempest-TestGettingAddress-1850817822", "image": {"id": "f925d89d-488d-4036-a04c-1dee36028f3a", "links": [{"href": "http://10.0.2.15:8774/f0ab387aee6f4940b78fc1d145050b1f/images/f925d89d-488d-4036-a04c-1dee36028f3a", "rel": "bookmark"}]}, "OS-EXT-STS:task_state": null, "OS-EXT-STS:vm_state": "active", "OS-SRV-USG:launched_at": "2015-12-18T14:45:04.000000", "flavor": {"id": "42", "links": [{"href": "http://10.0.2.15:8774/f0ab387aee6f4940b78fc1d145050b1f/flavors/42", "rel": "bookmark"}]}, "id": "02a3cbb7-42c0-4d7d-971a-2c21d2b944d7", "security_groups": [{"name": "tempest-secgroup-smoke-145615672"}], "OS-SRV-USG:terminated_at": null, "OS-EXT-AZ:availability_zone": "nova", "user_id": "e6e5bbcf7e8e4e3aaea56e3df1f11c70", "name": "tempest.common.compute-instance-939315285", "created": "2015-12-18T14:45:01Z", "tenant_id": "f0ab387aee6f4940b78fc1d145050b1f", "OS-DCF:diskConfig": "MANUAL", "os-extended-volumes:volumes_attached": [], "accessIPv4": "", "accessIPv6": "", "progress": 0, "OS-EXT-STS:power_state": 1, "config_drive": "True", "metadata": {}}}
2015-12-18 14:45:05,413 20977 INFO     [tempest_lib.common.rest_client] Request (TestGettingAddress:test_dhcp6_stateless_from_os): 200 GET http://10.0.2.15:9696/v2.0/ports?status=ACTIVE&amp;fixed_ip=None&amp;device_id=02a3cbb7-42c0-4d7d-971a-2c21d2b944d7 0.031s
2015-12-18 14:45:05,413 20977 DEBUG    [tempest_lib.common.rest_client] Request - Headers: {'Content-Type': 'application/json', 'Accept': 'application/json', 'X-Auth-Token': '&lt;omitted&gt;'}
        Body: None
    Response - Headers: {'status': '200', 'content-length': '1142', 'content-location': 'http://10.0.2.15:9696/v2.0/ports?status=ACTIVE&amp;fixed_ip=None&amp;device_id=02a3cbb7-42c0-4d7d-971a-2c21d2b944d7', 'connection': 'close', 'date': 'Fri, 18 Dec 2015 14:45:05 GMT', 'content-type': 'application/json; charset=UTF-8', 'x-openstack-request-id': 'req-bdfd8bc3-3b0f-47b3-96fc-6311b89006bd'}
        Body: {"ports": [{"status": "ACTIVE", "binding:host_id": "vagrant-ubuntu-trusty-64", "allowed_address_pairs": [], "extra_dhcp_opts": [], "dns_assignment": [{"hostname": "host-10-100-0-3", "ip_address": "10.100.0.3", "fqdn": "host-10-100-0-3.openstacklocal."}, {"hostname": "host-2003--f816-3eff-fe56-20fd", "ip_address": "2003::f816:3eff:fe56:20fd", "fqdn": "host-2003--f816-3eff-fe56-20fd.openstacklocal."}], "device_owner": "compute:None", "port_security_enabled": true, "binding:profile": {}, "fixed_ips": [{"subnet_id": "71a36f17-8221-42e5-a9c7-f32502ad1541", "ip_address": "10.100.0.3"}, {"subnet_id": "9b93de30-bd05-422b-8d83-970465a2dbdf", "ip_address": "2003::f816:3eff:fe56:20fd"}], "id": "7b2e00c7-8c7d-41c9-92c2-dafa834c92bc", "security_groups": ["f16b2900-a05d-46f0-b36d-ab681e0ee87a"], "device_id": "02a3cbb7-42c0-4d7d-971a-2c21d2b944d7", "name": "", "admin_state_up": true, "network_id": "2dde30a0-5574-48e7-82ca-6fa505735869", "dns_name": "", "binding:vif_details": {"port_filter": true}, "binding:vnic_type": "normal", "binding:vif_type": "ovs", "tenant_id": "f0ab387aee6f4940b78fc1d145050b1f", "mac_address": "fa:16:3e:56:20:fd"}]}
2015-12-18 14:45:05,789 20977 INFO     [tempest_lib.common.rest_client] Request (TestGettingAddress:test_dhcp6_stateless_from_os): 201 POST http://10.0.2.15:9696/v2.0/floatingips 0.375s
2015-12-18 14:45:05,789 20977 DEBUG    [tempest_lib.common.rest_client] Request - Headers: {'Content-Type': 'application/json', 'Accept': 'application/json', 'X-Auth-Token': '&lt;omitted&gt;'}
        Body: {"floatingip": {"floating_network_id": "22aceee3-d213-490e-b945-66abebe60a5b", "tenant_id": "f0ab387aee6f4940b78fc1d145050b1f", "fixed_ip_address": "10.100.0.3", "port_id": "7b2e00c7-8c7d-41c9-92c2-dafa834c92bc"}}
    Response - Headers: {'status': '201', 'content-length': '367', 'connection': 'close', 'date': 'Fri, 18 Dec 2015 14:45:05 GMT', 'content-type': 'application/json; charset=UTF-8', 'x-openstack-request-id': 'req-fe814703-64a9-444a-b3b6-aedd569501c7'}
        Body: {"floatingip": {"floating_network_id": "22aceee3-d213-490e-b945-66abebe60a5b", "router_id": "fb89fef6-ede5-468d-9fe0-a8031229c22d", "fixed_ip_address": "10.100.0.3", "floating_ip_address": "172.24.4.4", "tenant_id": "f0ab387aee6f4940b78fc1d145050b1f", "status": "DOWN", "port_id": "7b2e00c7-8c7d-41c9-92c2-dafa834c92bc", "id": "d4f4a3de-5468-4c95-abe8-e3f390652b98"}}
2015-12-18 14:45:05,790 20977 INFO     [tempest_lib.common.ssh] Creating ssh connection to '172.24.4.4' as 'cirros' with public key authentication
2015-12-18 14:45:09,404 20977 WARNING  [tempest_lib.common.ssh] Failed to establish authenticated ssh connection to cirros@172.24.4.4 ([Errno None] Unable to connect to port 22 on  or 172.24.4.4). Number attempts: 1. Retry after 2 seconds.
2015-12-18 14:45:14,904 20977 WARNING  [tempest_lib.common.ssh] Failed to establish authenticated ssh connection to cirros@172.24.4.4 ([Errno None] Unable to connect to port 22 on  or 172.24.4.4). Number attempts: 2. Retry after 3 seconds.
2015-12-18 14:45:21,409 20977 WARNING  [tempest_lib.common.ssh] Failed to establish authenticated ssh connection to cirros@172.24.4.4 ([Errno None] Unable to connect to port 22 on  or 172.24.4.4). Number attempts: 3. Retry after 4 seconds.
2015-12-18 14:45:28,913 20977 WARNING  [tempest_lib.common.ssh] Failed to establish authenticated ssh connection to cirros@172.24.4.4 ([Errno None] Unable to connect to port 22 on  or 172.24.4.4). Number attempts: 4. Retry after 5 seconds.
2015-12-18 14:45:37,417 20977 WARNING  [tempest_lib.common.ssh] Failed to establish authenticated ssh connection to cirros@172.24.4.4 ([Errno None] Unable to connect to port 22 on  or 172.24.4.4). Number attempts: 5. Retry after 6 seconds.
2015-12-18 14:45:46,921 20977 WARNING  [tempest_lib.common.ssh] Failed to establish authenticated ssh connection to cirros@172.24.4.4 ([Errno None] Unable to connect to port 22 on  or 172.24.4.4). Number attempts: 6. Retry after 7 seconds.
2015-12-18 14:45:57,428 20977 WARNING  [tempest_lib.common.ssh] Failed to establish authenticated ssh connection to cirros@172.24.4.4 ([Errno None] Unable to connect to port 22 on  or 172.24.4.4). Number attempts: 7. Retry after 8 seconds.
2015-12-18 14:46:08,937 20977 WARNING  [tempest_lib.common.ssh] Failed to establish authenticated ssh connection to cirros@172.24.4.4 ([Errno None] Unable to connect to port 22 on  or 172.24.4.4). Number attempts: 8. Retry after 9 seconds.
2015-12-18 14:46:21,444 20977 WARNING  [tempest_lib.common.ssh] Failed to establish authenticated ssh connection to cirros@172.24.4.4 ([Errno None] Unable to connect to port 22 on  or 172.24.4.4). Number attempts: 9. Retry after 10 seconds.
2015-12-18 14:46:34,952 20977 WARNING  [tempest_lib.common.ssh] Failed to establish authenticated ssh connection to cirros@172.24.4.4 ([Errno None] Unable to connect to port 22 on  or 172.24.4.4). Number attempts: 10. Retry after 11 seconds.
2015-12-18 14:46:49,464 20977 WARNING  [tempest_lib.common.ssh] Failed to establish authenticated ssh connection to cirros@172.24.4.4 ([Errno None] Unable to connect to port 22 on  or 172.24.4.4). Number attempts: 11. Retry after 12 seconds.
2015-12-18 14:47:04,976 20977 WARNING  [tempest_lib.common.ssh] Failed to establish authenticated ssh connection to cirros@172.24.4.4 ([Errno None] Unable to connect to port 22 on  or 172.24.4.4). Number attempts: 12. Retry after 13 seconds.
2015-12-18 14:47:21,489 20977 WARNING  [tempest_lib.common.ssh] Failed to establish authenticated ssh connection to cirros@172.24.4.4 ([Errno None] Unable to connect to port 22 on  or 172.24.4.4). Number attempts: 13. Retry after 14 seconds.
2015-12-18 14:47:38,996 20977 WARNING  [tempest_lib.common.ssh] Failed to establish authenticated ssh connection to cirros@172.24.4.4 ([Errno None] Unable to connect to port 22 on  or 172.24.4.4). Number attempts: 14. Retry after 15 seconds.
2015-12-18 14:47:57,505 20977 WARNING  [tempest_lib.common.ssh] Failed to establish authenticated ssh connection to cirros@172.24.4.4 ([Errno None] Unable to connect to port 22 on  or 172.24.4.4). Number attempts: 15. Retry after 16 seconds.
2015-12-18 14:48:17,016 20977 WARNING  [tempest_lib.common.ssh] Failed to establish authenticated ssh connection to cirros@172.24.4.4 ([Errno None] Unable to connect to port 22 on  or 172.24.4.4). Number attempts: 16. Retry after 17 seconds.
2015-12-18 14:48:37,537 20977 WARNING  [tempest_lib.common.ssh] Failed to establish authenticated ssh connection to cirros@172.24.4.4 ([Errno None] Unable to connect to port 22 on  or 172.24.4.4). Number attempts: 17. Retry after 18 seconds.
2015-12-18 14:48:59,057 20977 WARNING  [tempest_lib.common.ssh] Failed to establish authenticated ssh connection to cirros@172.24.4.4 ([Errno None] Unable to connect to port 22 on  or 172.24.4.4). Number attempts: 18. Retry after 19 seconds.
2015-12-18 14:49:21,573 20977 WARNING  [tempest_lib.common.ssh] Failed to establish authenticated ssh connection to cirros@172.24.4.4 ([Errno None] Unable to connect to port 22 on  or 172.24.4.4). Number attempts: 19. Retry after 20 seconds.
2015-12-18 14:49:45,093 20977 WARNING  [tempest_lib.common.ssh] Failed to establish authenticated ssh connection to cirros@172.24.4.4 ([Errno None] Unable to connect to port 22 on  or 172.24.4.4). Number attempts: 20. Retry after 21 seconds.
2015-12-18 14:50:09,613 20977 ERROR    [tempest_lib.common.ssh] Failed to establish authenticated ssh connection to cirros@172.24.4.4 after 20 attempts
2015-12-18 14:50:09.613 20977 ERROR tempest_lib.common.ssh Traceback (most recent call last):
2015-12-18 14:50:09.613 20977 ERROR tempest_lib.common.ssh   File "/usr/local/lib/python2.7/dist-packages/tempest_lib/common/ssh.py", line 75, in _get_ssh_connection
2015-12-18 14:50:09.613 20977 ERROR tempest_lib.common.ssh     timeout=self.channel_timeout, pkey=self.pkey)
2015-12-18 14:50:09.613 20977 ERROR tempest_lib.common.ssh   File "/usr/local/lib/python2.7/dist-packages/paramiko/client.py", line 311, in connect
2015-12-18 14:50:09.613 20977 ERROR tempest_lib.common.ssh     raise NoValidConnectionsError(errors)
2015-12-18 14:50:09.613 20977 ERROR tempest_lib.common.ssh NoValidConnectionsError: [Errno None] Unable to connect to port 22 on  or 172.24.4.4
2015-12-18 14:50:09.613 20977 ERROR tempest_lib.common.ssh 
2015-12-18 14:50:09,616 20977 ERROR    [tempest.scenario.manager] (TestGettingAddress:test_dhcp6_stateless_from_os) Initializing SSH connection to 172.24.4.4 failed. Error: Connection to the 172.24.4.4 via SSH timed out.
User: cirros, Password: None
2015-12-18 14:50:09.616 20977 ERROR tempest.scenario.manager Traceback (most recent call last):
2015-12-18 14:50:09.616 20977 ERROR tempest.scenario.manager   File "tempest/scenario/manager.py", line 385, in get_remote_client
2015-12-18 14:50:09.616 20977 ERROR tempest.scenario.manager     linux_client.validate_authentication()
2015-12-18 14:50:09.616 20977 ERROR tempest.scenario.manager   File "tempest/common/utils/linux/remote_client.py", line 63, in validate_authentication
2015-12-18 14:50:09.616 20977 ERROR tempest.scenario.manager     self.ssh_client.test_connection_auth()
2015-12-18 14:50:09.616 20977 ERROR tempest.scenario.manager   File "/usr/local/lib/python2.7/dist-packages/tempest_lib/common/ssh.py", line 167, in test_connection_auth
2015-12-18 14:50:09.616 20977 ERROR tempest.scenario.manager     connection = self._get_ssh_connection()
2015-12-18 14:50:09.616 20977 ERROR tempest.scenario.manager   File "/usr/local/lib/python2.7/dist-packages/tempest_lib/common/ssh.py", line 87, in _get_ssh_connection
2015-12-18 14:50:09.616 20977 ERROR tempest.scenario.manager     password=self.password)
2015-12-18 14:50:09.616 20977 ERROR tempest.scenario.manager SSHTimeout: Connection to the 172.24.4.4 via SSH timed out.
2015-12-18 14:50:09.616 20977 ERROR tempest.scenario.manager User: cirros, Password: None
2015-12-18 14:50:09.616 20977 ERROR tempest.scenario.manager 
2015-12-18 14:50:09,825 20977 INFO     [tempest_lib.common.rest_client] Request (TestGettingAddress:test_dhcp6_stateless_from_os): 200 GET http://10.0.2.15:8774/v2.1/f0ab387aee6f4940b78fc1d145050b1f/servers 0.206s
2015-12-18 14:50:09,826 20977 DEBUG    [tempest_lib.common.rest_client] Request - Headers: {'Content-Type': 'application/json', 'Accept': 'application/json', 'X-Auth-Token': '&lt;omitted&gt;'}
        Body: None
    Response - Headers: {'status': '200', 'content-length': '390', 'content-location': 'http://10.0.2.15:8774/v2.1/f0ab387aee6f4940b78fc1d145050b1f/servers', 'x-compute-request-id': 'req-3f11e6c0-9029-494c-b0b9-e71691f850c4', 'vary': 'X-OpenStack-Nova-API-Version', 'connection': 'close', 'x-openstack-nova-api-version': '2.1', 'date': 'Fri, 18 Dec 2015 14:50:09 GMT', 'content-type': 'application/json'}
        Body: {"servers": [{"id": "02a3cbb7-42c0-4d7d-971a-2c21d2b944d7", "links": [{"href": "http://10.0.2.15:8774/v2.1/f0ab387aee6f4940b78fc1d145050b1f/servers/02a3cbb7-42c0-4d7d-971a-2c21d2b944d7", "rel": "self"}, {"href": "http://10.0.2.15:8774/f0ab387aee6f4940b78fc1d145050b1f/servers/02a3cbb7-42c0-4d7d-971a-2c21d2b944d7", "rel": "bookmark"}], "name": "tempest.common.compute-instance-939315285"}]}
2015-12-18 14:50:10,037 20977 INFO     [tempest_lib.common.rest_client] Request (TestGettingAddress:test_dhcp6_stateless_from_os): 200 POST http://10.0.2.15:8774/v2.1/f0ab387aee6f4940b78fc1d145050b1f/servers/02a3cbb7-42c0-4d7d-971a-2c21d2b944d7/action 0.205s
2015-12-18 14:50:10,038 20977 DEBUG    [tempest_lib.common.rest_client] Request - Headers: {'Content-Type': 'application/json', 'Accept': 'application/json', 'X-Auth-Token': '&lt;omitted&gt;'}
        Body: {"os-getConsoleOutput": {}}
    Response - Headers: {'status': '200', 'content-length': '24528', 'x-compute-request-id': 'req-9542a11b-9073-4623-b819-9bd8b6379092', 'vary': 'X-OpenStack-Nova-API-Version', 'connection': 'close', 'x-openstack-nova-api-version': '2.1', 'date': 'Fri, 18 Dec 2015 14:50:10 GMT', 'content-type': 'application/json'}
        Body: {"output": "[    0.000000] Initializing cgroup subsys cpuset\n[    0.000000] Initializing cgroup subsys cpu\n[    0.000000] Linux version 3.2.0-80-virtual (buildd@batsu) (gcc version 4.6.3 (Ubuntu/Linaro 4.6.3-1ubuntu5) ) #116-Ubuntu SMP Mon Mar 23 17:28:52 UTC 2015 (Ubuntu 3.2.0-80.116-virtual 3.2.68)\n[    0.000000] Command line: root=/dev/vda console=tty0 console=ttyS0 no_timer_check\n[    0.000000] KERNEL supported cpus:\n[    0.000000]   Intel GenuineIntel\n[    0.000000]   AMD AuthenticAMD\n[    0.000000]   Centaur CentaurHauls\n[    0.000000] BIOS-provided physical RAM map:\n[    0.000000]  BIOS-e820: 0000000000000000 - 000000000009fc00 (usable)\n[    0.000000]  BIOS-e820: 000000000009fc00 - 00000000000a0000 (reserved)\n[    0.000000]  BIOS-e820: 00000000000f0000 - 0000000000100000 (reserved)\n[    0.000000]  BIOS-e820: 0000000000100000 - 0000000003ffe000 (usable)\n[    0.000000]  BIOS-e820: 0000000003ffe000 - 0000000004000000 (reserved)\n[    0.000000]  BIOS-e820: 00000000fffc0000 - 0000000100000000 (reserved)\n[    0.000000] NX (Execute Disable) protection: active\n[    0.000000] SMBIOS 2.4 present.\n[    0.000000] No AGP bridge found\n[    0.000000] last_pfn = 0x3ffe max_arch_pfn = 0x400000000\n[    0.000000] x86 PAT enabled: cpu 0, old 0x7040600070406, new 0x7010600070106\n[    0.000000] found SMP MP-table at [ffff8800000f0b00] f0b00\n[    0.000000] init_memory_mapping: 0000000000000000-0000000003ffe000\n[    0.000000] RAMDISK: 03c5e000 - 03ff0000\n[    0.000000] ACPI: RSDP 00000000000f0950 00014 (v00 BOCHS )\n[    0.000000] ACPI: RSDT 0000000003fffbc1 00034 (v01 BOCHS  BXPCRSDT 00000001 BXPC 00000001)\n[    0.000000] ACPI: FACP 0000000003fff1c0 00074 (v01 BOCHS  BXPCFACP 00000001 BXPC 00000001)\n[    0.000000] ACPI: DSDT 0000000003ffe040 01180 (v01 BOCHS  BXPCDSDT 00000001 BXPC 00000001)\n[    0.000000] ACPI: FACS 0000000003ffe000 00040\n[    0.000000] ACPI: SSDT 0000000003fff234 008DD (v01 BOCHS  BXPCSSDT 00000001 BXPC 00000001)\n[    0.000000] ACPI: APIC 0000000003fffb11 00078 (v01 BOCHS  BXPCAPIC 00000001 BXPC 00000001)\n[    0.000000] ACPI: HPET 0000000003fffb89 00038 (v01 BOCHS  BXPCHPET 00000001 BXPC 00000001)\n[    0.000000] No NUMA configuration found\n[    0.000000] Faking a node at 0000000000000000-0000000003ffe000\n[    0.000000] Initmem setup node 0 0000000000000000-0000000003ffe000\n[    0.000000]   NODE_DATA [0000000003ff6000 - 0000000003ffafff]\n[    0.000000] Zone PFN ranges:\n[    0.000000]   DMA      0x00000010 -&gt; 0x00001000\n[    0.000000]   DMA32    0x00001000 -&gt; 0x00100000\n[    0.000000]   Normal   empty\n[    0.000000] Movable zone start PFN for each node\n[    0.000000] early_node_map[2] active PFN ranges\n[    0.000000]     0: 0x00000010 -&gt; 0x0000009f\n[    0.000000]     0: 0x00000100 -&gt; 0x00003ffe\n[    0.000000] ACPI: PM-Timer IO Port: 0xb008\n[    0.000000] ACPI: LAPIC (acpi_id[0x00] lapic_id[0x00] enabled)\n[    0.000000] ACPI: LAPIC_NMI (acpi_id[0xff] dfl dfl lint[0x1])\n[    0.000000] ACPI: IOAPIC (id[0x00] address[0xfec00000] gsi_base[0])\n[    0.000000] IOAPIC[0]: apic_id 0, version 17, address 0xfec00000, GSI 0-23\n[    0.000000] ACPI: INT_SRC_OVR (bus 0 bus_irq 0 global_irq 2 dfl dfl)\n[    0.000000] ACPI: INT_SRC_OVR (bus 0 bus_irq 5 global_irq 5 high level)\n[    0.000000] ACPI: INT_SRC_OVR (bus 0 bus_irq 9 global_irq 9 high level)\n[    0.000000] ACPI: INT_SRC_OVR (bus 0 bus_irq 10 global_irq 10 high level)\n[    0.000000] ACPI: INT_SRC_OVR (bus 0 bus_irq 11 global_irq 11 high level)\n[    0.000000] Using ACPI (MADT) for SMP configuration information\n[    0.000000] ACPI: HPET id: 0x8086a201 base: 0xfed00000\n[    0.000000] SMP: Allowing 1 CPUs, 0 hotplug CPUs\n[    0.000000] PM: Registered nosave memory: 000000000009f000 - 00000000000a0000\n[    0.000000] PM: Registered nosave memory: 00000000000a0000 - 00000000000f0000\n[    0.000000] PM: Registered nosave memory: 00000000000f0000 - 0000000000100000\n[    0.000000] Allocating PCI resources starting at 4000000 (gap: 4000000:fbfc0000)\n[    0.000000] Booting paravirtualized kernel on bare hardware\n[    0.000000] setup_pe
2015-12-18 14:50:10,040 20977 DEBUG    [tempest.scenario.manager] Console output for 02a3cbb7-42c0-4d7d-971a-2c21d2b944d7
body=
[    0.000000] Initializing cgroup subsys cpuset
[    0.000000] Initializing cgroup subsys cpu
[    0.000000] Linux version 3.2.0-80-virtual (buildd@batsu) (gcc version 4.6.3 (Ubuntu/Linaro 4.6.3-1ubuntu5) ) #116-Ubuntu SMP Mon Mar 23 17:28:52 UTC 2015 (Ubuntu 3.2.0-80.116-virtual 3.2.68)
[    0.000000] Command line: root=/dev/vda console=tty0 console=ttyS0 no_timer_check
[    0.000000] KERNEL supported cpus:
[    0.000000]   Intel GenuineIntel
[    0.000000]   AMD AuthenticAMD
[    0.000000]   Centaur CentaurHauls
[    0.000000] BIOS-provided physical RAM map:
[    0.000000]  BIOS-e820: 0000000000000000 - 000000000009fc00 (usable)
[    0.000000]  BIOS-e820: 000000000009fc00 - 00000000000a0000 (reserved)
[    0.000000]  BIOS-e820: 00000000000f0000 - 0000000000100000 (reserved)
[    0.000000]  BIOS-e820: 0000000000100000 - 0000000003ffe000 (usable)
[    0.000000]  BIOS-e820: 0000000003ffe000 - 0000000004000000 (reserved)
[    0.000000]  BIOS-e820: 00000000fffc0000 - 0000000100000000 (reserved)
[    0.000000] NX (Execute Disable) protection: active
[    0.000000] SMBIOS 2.4 present.
[    0.000000] No AGP bridge found
[    0.000000] last_pfn = 0x3ffe max_arch_pfn = 0x400000000
[    0.000000] x86 PAT enabled: cpu 0, old 0x7040600070406, new 0x7010600070106
[    0.000000] found SMP MP-table at [ffff8800000f0b00] f0b00
[    0.000000] init_memory_mapping: 0000000000000000-0000000003ffe000
[    0.000000] RAMDISK: 03c5e000 - 03ff0000
[    0.000000] ACPI: RSDP 00000000000f0950 00014 (v00 BOCHS )
[    0.000000] ACPI: RSDT 0000000003fffbc1 00034 (v01 BOCHS  BXPCRSDT 00000001 BXPC 00000001)
[    0.000000] ACPI: FACP 0000000003fff1c0 00074 (v01 BOCHS  BXPCFACP 00000001 BXPC 00000001)
[    0.000000] ACPI: DSDT 0000000003ffe040 01180 (v01 BOCHS  BXPCDSDT 00000001 BXPC 00000001)
[    0.000000] ACPI: FACS 0000000003ffe000 00040
[    0.000000] ACPI: SSDT 0000000003fff234 008DD (v01 BOCHS  BXPCSSDT 00000001 BXPC 00000001)
[    0.000000] ACPI: APIC 0000000003fffb11 00078 (v01 BOCHS  BXPCAPIC 00000001 BXPC 00000001)
[    0.000000] ACPI: HPET 0000000003fffb89 00038 (v01 BOCHS  BXPCHPET 00000001 BXPC 00000001)
[    0.000000] No NUMA configuration found
[    0.000000] Faking a node at 0000000000000000-0000000003ffe000
[    0.000000] Initmem setup node 0 0000000000000000-0000000003ffe000
[    0.000000]   NODE_DATA [0000000003ff6000 - 0000000003ffafff]
[    0.000000] Zone PFN ranges:
[    0.000000]   DMA      0x00000010 -&gt; 0x00001000
[    0.000000]   DMA32    0x00001000 -&gt; 0x00100000
[    0.000000]   Normal   empty
[    0.000000] Movable zone start PFN for each node
[    0.000000] early_node_map[2] active PFN ranges
[    0.000000]     0: 0x00000010 -&gt; 0x0000009f
[    0.000000]     0: 0x00000100 -&gt; 0x00003ffe
[    0.000000] ACPI: PM-Timer IO Port: 0xb008
[    0.000000] ACPI: LAPIC (acpi_id[0x00] lapic_id[0x00] enabled)
[    0.000000] ACPI: LAPIC_NMI (acpi_id[0xff] dfl dfl lint[0x1])
[    0.000000] ACPI: IOAPIC (id[0x00] address[0xfec00000] gsi_base[0])
[    0.000000] IOAPIC[0]: apic_id 0, version 17, address 0xfec00000, GSI 0-23
[    0.000000] ACPI: INT_SRC_OVR (bus 0 bus_irq 0 global_irq 2 dfl dfl)
[    0.000000] ACPI: INT_SRC_OVR (bus 0 bus_irq 5 global_irq 5 high level)
[    0.000000] ACPI: INT_SRC_OVR (bus 0 bus_irq 9 global_irq 9 high level)
[    0.000000] ACPI: INT_SRC_OVR (bus 0 bus_irq 10 global_irq 10 high level)
[    0.000000] ACPI: INT_SRC_OVR (bus 0 bus_irq 11 global_irq 11 high level)
[    0.000000] Using ACPI (MADT) for SMP configuration information
[    0.000000] ACPI: HPET id: 0x8086a201 base: 0xfed00000
[    0.000000] SMP: Allowing 1 CPUs, 0 hotplug CPUs
[    0.000000] PM: Registered nosave memory: 000000000009f000 - 00000000000a0000
[    0.000000] PM: Registered nosave memory: 00000000000a0000 - 00000000000f0000
[    0.000000] PM: Registered nosave memory: 00000000000f0000 - 0000000000100000
[    0.000000] Allocating PCI resources starting at 4000000 (gap: 4000000:fbfc0000)
[    0.000000] Booting paravirtualized kernel on bare hardware
[    0.000000] setup_percpu: NR_CPUS:64 nr_cpumask_bits:64 nr_cpu_ids:1 nr_node_ids:1
[    0.000000] PERCPU: Embedded 27 pages/cpu @ffff880003a00000 s78848 r8192 d23552 u2097152
[    0.000000] Built 1 zonelists in Node order, mobility grouping on.  Total pages: 16008
[    0.000000] Policy zone: DMA32
[    0.000000] Kernel command line: root=/dev/vda console=tty0 console=ttyS0 no_timer_check
[    0.000000] PID hash table entries: 256 (order: -1, 2048 bytes)
[    0.000000] Checking aperture...
[    0.000000] No AGP bridge found
[    0.000000] Memory: 43492k/65528k available (6576k kernel code, 452k absent, 21584k reserved, 6620k data, 928k init)
[    0.000000] SLUB: Genslabs=15, HWalign=64, Order=0-3, MinObjects=0, CPUs=1, Nodes=1
[    0.000000] Hierarchical RCU implementation.
[    0.000000] 	RCU dyntick-idle grace-period acceleration is enabled.
[    0.000000] NR_IRQS:4352 nr_irqs:256 16
[    0.000000] Console: colour VGA+ 80x25
[    0.000000] console [tty0] enabled
[    0.000000] console [ttyS0] enabled
[    0.000000] allocated 1048576 bytes of page_cgroup
[    0.000000] please try 'cgroup_disable=memory' option if you don't want memory cgroups
[    0.000000] Fast TSC calibration failed
[    0.000000] TSC: Unable to calibrate against PIT
[    0.000000] TSC: using HPET reference calibration
[    0.000000] Detected 2293.057 MHz processor.
[    0.032814] Calibrating delay loop (skipped), value calculated using timer frequency.. 4586.11 BogoMIPS (lpj=9172228)
[    0.036746] pid_max: default: 32768 minimum: 301
[    0.044763] Security Framework initialized
[    0.048794] AppArmor: AppArmor initialized
[    0.049374] Yama: becoming mindful.
[    0.055848] Dentry cache hash table entries: 8192 (order: 4, 65536 bytes)
[    0.056585] Inode-cache hash table entries: 4096 (order: 3, 32768 bytes)
[    0.058000] Mount-cache hash table entries: 256
[    0.073877] Initializing cgroup subsys cpuacct
[    0.074946] Initializing cgroup subsys memory
[    0.076711] Initializing cgroup subsys devices
[    0.077359] Initializing cgroup subsys freezer
[    0.077960] Initializing cgroup subsys blkio
[    0.078658] Initializing cgroup subsys perf_event
[    0.082983] mce: CPU supports 10 MCE banks
[    0.086474] SMP alternatives: switching to UP code
[    0.477995] Freeing SMP alternatives: 24k freed
[    0.480277] ACPI: Core revision 20110623
[    0.530222] ftrace: allocating 26610 entries in 105 pages
[    0.564034] ..TIMER: vector=0x30 apic1=0 pin1=2 apic2=-1 pin2=-1
[    0.564161] CPU0: AMD QEMU Virtual CPU version 2.0.0 stepping 03
[    0.568034] Performance Events: Broken PMU hardware detected, using software events only.
[    0.577918] NMI watchdog disabled (cpu0): hardware events not enabled
[    0.580279] Brought up 1 CPUs
[    0.580864] Total of 1 processors activated (4586.11 BogoMIPS).
[    0.605079] devtmpfs: initialized
[    0.633402] EVM: security.selinux
[    0.633816] EVM: security.SMACK64
[    0.634244] EVM: security.capability
[    0.653679] print_constraints: dummy: 
[    0.656557] RTC time: 14:45:08, date: 12/18/15
[    0.658719] NET: Registered protocol family 16
[    0.667101] ACPI: bus type pci registered
[    0.670674] PCI: Using configuration type 1 for base access
[    0.708362] bio: create slab &lt;bio-0&gt; at 0
[    0.713238] ACPI: Added _OSI(Module Device)
[    0.713818] ACPI: Added _OSI(Processor Device)
[    0.714417] ACPI: Added _OSI(3.0 _SCP Extensions)
[    0.716102] ACPI: Added _OSI(Processor Aggregator Device)
[    0.792917] ACPI: Interpreter enabled
[    0.793448] ACPI: (supports S0 S3 S4 S5)
[    0.795381] ACPI: Using IOAPIC for interrupt routing
[    0.864410] ACPI: No dock devices found.
[    0.864923] HEST: Table not found.
[    0.865550] PCI: Using host bridge windows from ACPI; if necessary, use "pci=nocrs" and report a bug
[    0.871265] ACPI: PCI Root Bridge [PCI0] (domain 0000 [bus 00-ff])
[    0.877151] pci_root PNP0A03:00: host bridge window [io  0x0000-0x0cf7]
[    0.878021] pci_root PNP0A03:00: host bridge window [io  0x0d00-0xadff]
[    0.879008] pci_root PNP0A03:00: host bridge window [io  0xae0f-0xaeff]
[    0.880108] pci_root PNP0A03:00: host bridge window [io  0xaf20-0xafdf]
[    0.880867] pci_root PNP0A03:00: host bridge window [io  0xafe4-0xffff]
[    0.881706] pci_root PNP0A03:00: host bridge window [mem 0x000a0000-0x000bffff]
[    0.882626] pci_root PNP0A03:00: host bridge window [mem 0x04000000-0xfebfffff]
[    0.904402] pci 0000:00:01.3: quirk: [io  0xb000-0xb03f] claimed by PIIX4 ACPI
[    0.905361] pci 0000:00:01.3: quirk: [io  0xb100-0xb10f] claimed by PIIX4 SMB
[    0.969602]  pci0000:00: Unable to request _OSC control (_OSC support mask: 0x1e)
[    1.038038] ACPI: PCI Interrupt Link [LNKA] (IRQs 5 *10 11)
[    1.040968] ACPI: PCI Interrupt Link [LNKB] (IRQs 5 *10 11)
[    1.042747] ACPI: PCI Interrupt Link [LNKC] (IRQs 5 10 *11)
[    1.045315] ACPI: PCI Interrupt Link [LNKD] (IRQs 5 10 *11)
[    1.046582] ACPI: PCI Interrupt Link [LNKS] (IRQs *9)
[    1.053360] vgaarb: device added: PCI:0000:00:02.0,decodes=io+mem,owns=io+mem,locks=none
[    1.054326] vgaarb: loaded
[    1.054686] vgaarb: bridge control possible 0000:00:02.0
[    1.058651] i2c-core: driver [aat2870] using legacy suspend method
[    1.060157] i2c-core: driver [aat2870] using legacy resume method
[    1.062649] SCSI subsystem initialized
[    1.066338] usbcore: registered new interface driver usbfs
[    1.068098] usbcore: registered new interface driver hub
[    1.070639] usbcore: registered new device driver usb
[    1.077692] PCI: Using ACPI for IRQ routing
[    1.092653] NetLabel: Initializing
[    1.093200] NetLabel:  domain hash size = 128
[    1.093683] NetLabel:  protocols = UNLABELED CIPSOv4
[    1.095508] NetLabel:  unlabeled traffic allowed by default
[    1.097578] HPET: 3 timers in total, 0 timers will be used for per-cpu timer
[    1.098719] hpet0: at MMIO 0xfed00000, IRQs 2, 8, 0
[    1.100523] hpet0: 3 comparators, 64-bit 100.000000 MHz counter
[    1.113938] Switching to clocksource hpet
[    1.350157] AppArmor: AppArmor Filesystem Enabled
[    1.351359] pnp: PnP ACPI init
[    1.353629] ACPI: bus type pnp registered
[    1.374260] pnp: PnP ACPI: found 9 devices
[    1.374830] ACPI: ACPI bus type pnp unregistered
[    1.434960] NET: Registered protocol family 2
[    1.469429] IP route cache hash table entries: 512 (order: 0, 4096 bytes)
[    1.478090] TCP established hash table entries: 2048 (order: 3, 32768 bytes)
[    1.479713] TCP bind hash table entries: 2048 (order: 3, 32768 bytes)
[    1.481619] TCP: Hash tables configured (established 2048 bind 2048)
[    1.482366] TCP reno registered
[    1.482740] UDP hash table entries: 128 (order: 0, 4096 bytes)
[    1.483575] UDP-Lite hash table entries: 128 (order: 0, 4096 bytes)
[    1.486522] NET: Registered protocol family 1
[    1.487599] pci 0000:00:00.0: Limiting direct PCI/PCI transfers
[    1.489651] pci 0000:00:01.0: PIIX3: Enabling Passive Release
[    1.491667] pci 0000:00:01.0: Activating ISA DMA hang workarounds
[    1.500049] ACPI: PCI Interrupt Link [LNKD] enabled at IRQ 11
[    1.502385] pci 0000:00:01.2: PCI INT D -&gt; Link[LNKD] -&gt; GSI 11 (level, high) -&gt; IRQ 11
[    1.505445] pci 0000:00:01.2: PCI INT D disabled
[    1.522519] Trying to unpack rootfs image as initramfs...
[    1.539150] audit: initializing netlink socket (disabled)
[    1.541526] type=2000 audit(1450449908.536:1): initialized
[    1.778917] HugeTLB registered 2 MB page size, pre-allocated 0 pages
[    1.879808] VFS: Disk quotas dquot_6.5.2
[    1.882187] Dquot-cache hash table entries: 512 (order 0, 4096 bytes)
[    1.898940] fuse init (API version 7.17)
[    1.907291] msgmni has been set to 84
[    1.950353] Block layer SCSI generic (bsg) driver version 0.4 loaded (major 253)
[    1.951797] io scheduler noop registered
[    1.953384] io scheduler deadline registered (default)
[    1.954543] io scheduler cfq registered
[    1.958001] pci_hotplug: PCI Hot Plug PCI Core version: 0.5
[    1.959823] pciehp: PCI Express Hot Plug Controller Driver version: 0.4
[    1.966613] input: Power Button as /devices/LNXSYSTM:00/LNXPWRBN:00/input/input0
[    1.968634] ACPI: Power Button [PWRF]
[    2.038420] ERST: Table is not found!
[    2.038776] GHES: HEST is not enabled!
[    2.045977] ACPI: PCI Interrupt Link [LNKC] enabled at IRQ 10
[    2.046644] virtio-pci 0000:00:03.0: PCI INT A -&gt; Link[LNKC] -&gt; GSI 10 (level, high) -&gt; IRQ 10
[    2.049856] virtio-pci 0000:00:04.0: PCI INT A -&gt; Link[LNKD] -&gt; GSI 11 (level, high) -&gt; IRQ 11
[    2.063410] ACPI: PCI Interrupt Link [LNKA] enabled at IRQ 10
[    2.064739] virtio-pci 0000:00:05.0: PCI INT A -&gt; Link[LNKA] -&gt; GSI 10 (level, high) -&gt; IRQ 10
[    2.073736] Serial: 8250/16550 driver, 32 ports, IRQ sharing enabled
[    2.118757] serial8250: ttyS0 at I/O 0x3f8 (irq = 4) is a 16550A
[    2.207456] serial8250: ttyS1 at I/O 0x2f8 (irq = 3) is a 16550A
[    2.358797] 00:05: ttyS0 at I/O 0x3f8 (irq = 4) is a 16550A
[    2.442524] 00:06: ttyS1 at I/O 0x2f8 (irq = 3) is a 16550A
[    2.487212] Linux agpgart interface v0.103
[    2.509215] Refined TSC clocksource calibration: 2293.103 MHz.
[    2.510036] Switching to clocksource tsc
[    2.554278] brd: module loaded
[    2.589972] loop: module loaded
[    2.653472]  vda: unknown partition table
[    2.726406] scsi0 : ata_piix
[    2.729551] scsi1 : ata_piix
[    2.730791] ata1: PATA max MWDMA2 cmd 0x1f0 ctl 0x3f6 bmdma 0xc0a0 irq 14
[    2.731561] ata2: PATA max MWDMA2 cmd 0x170 ctl 0x376 bmdma 0xc0a8 irq 15
[    2.742173] Fixed MDIO Bus: probed
[    2.743009] tun: Universal TUN/TAP device driver, 1.6
[    2.743586] tun: (C) 1999-2004 Max Krasnyansky &lt;maxk@qualcomm.com&gt;
[    2.755247] PPP generic driver version 2.4.2
[    2.778007] ehci_hcd: USB 2.0 'Enhanced' Host Controller (EHCI) Driver
[    2.779000] ohci_hcd: USB 1.1 'Open' Host Controller (OHCI) Driver
[    2.779844] uhci_hcd: USB Universal Host Controller Interface driver
[    2.781675] uhci_hcd 0000:00:01.2: PCI INT D -&gt; Link[LNKD] -&gt; GSI 11 (level, high) -&gt; IRQ 11
[    2.784569] uhci_hcd 0000:00:01.2: UHCI Host Controller
[    2.801461] uhci_hcd 0000:00:01.2: new USB bus registered, assigned bus number 1
[    2.802631] uhci_hcd 0000:00:01.2: irq 11, io base 0x0000c040
[    2.820858] hub 1-0:1.0: USB hub found
[    2.821882] hub 1-0:1.0: 2 ports detected
[    2.830418] usbcore: registered new interface driver libusual
[    2.832032] i8042: PNP: PS/2 Controller [PNP0303:KBD,PNP0f13:MOU] at 0x60,0x64 irq 1,12
[    2.839609] serio: i8042 KBD port at 0x60,0x64 irq 1
[    2.840911] serio: i8042 AUX port at 0x60,0x64 irq 12
[    2.873138] mousedev: PS/2 mouse device common for all mice
[    2.882681] input: AT Translated Set 2 keyboard as /devices/platform/i8042/serio0/input/input1
[    2.900230] rtc_cmos 00:01: RTC can wake from S4
[    2.911401] rtc_cmos 00:01: rtc core: registered rtc_cmos as rtc0
[    2.915990] rtc0: alarms up to one day, 114 bytes nvram, hpet irqs
[    2.921213] device-mapper: uevent: version 1.0.3
[    2.957974] ata2.01: ATAPI: QEMU DVD-ROM, 2.0.0, max UDMA/100
[    2.966771] device-mapper: ioctl: 4.22.0-ioctl (2011-10-19) initialised: dm-devel@redhat.com
[    2.970623] cpuidle: using governor ladder
[    2.971545] cpuidle: using governor menu
[    2.972027] EFI Variables Facility v0.08 2004-May-17
[    2.987701] TCP cubic registered
[    2.991998] NET: Registered protocol family 10
[    3.030675] NET: Registered protocol family 17
[    3.033505] Registering the dns_resolver key type
[    3.052187] ata2.01: configured for MWDMA2
[    3.081151] scsi 1:0:1:0: CD-ROM            QEMU     QEMU DVD-ROM     2.0. PQ: 0 ANSI: 5
[    3.106265] sr0: scsi3-mmc drive: 4x/4x cd/rw xa/form2 tray
[    3.107859] cdrom: Uniform CD-ROM driver Revision: 3.20
[    3.125180] sr 1:0:1:0: Attached scsi generic sg0 type 5
[    3.186736] registered taskstats version 1
[    3.218129] Freeing initrd memory: 3656k freed
[    3.717381]   Magic number: 11:111:789
[    3.729372] rtc_cmos 00:01: setting system clock to 2015-12-18 14:45:11 UTC (1450449911)
[    3.732677] powernow-k8: Processor cpuid 663 not supported
[    3.740166] BIOS EDD facility v0.16 2004-Jun-25, 0 devices found
[    3.741759] EDD information not available.
[    3.804110] Freeing unused kernel memory: 928k freed
[    3.810202] Write protecting the kernel read-only data: 12288k
[    3.912222] Freeing unused kernel memory: 1596k freed
[    3.969999] Freeing unused kernel memory: 1184k freed

info: initramfs: up at 4.15
modprobe: module virtio_blk not found in modules.dep
modprobe: module virtio_net not found in modules.dep
info: copying initramfs to /dev/vda
info: initramfs loading root from /dev/vda
info: /etc/init.d/rc.sysinit: up at 8.73
info: container: none
Starting logging: OK
modprobe: module virtio_blk not found in modules.dep
modprobe: module virtio_net not found in modules.dep
WARN: /etc/rc3.d/S10-load-modules failed
Initializing random number generator... done.
Starting acpid: OK
cirros-ds 'local' up at 11.12
found datasource (configdrive, local)
Starting network...
udhcpc (v1.20.1) started
Sending discover...
Sending discover...
Sending discover...
Usage: /sbin/cirros-dhcpc &lt;up|down&gt;
No lease, failing
WARN: /etc/rc3.d/S40-network failed
Starting dropbear sshd: generating rsa key... generating dsa key... OK
no userdata for datasource
=== system information ===
Platform: OpenStack Foundation OpenStack Nova
Container: none
Arch: x86_64
CPU(s): 1 @ 2293.057 MHz
Cores/Sockets/Threads: 1/1/1
Virt-type: AMD-V
RAM Size: 49MB
Disks:
NAME MAJ:MIN     SIZE LABEL         MOUNTPOINT
vda  253:0   25165824 cirros-rootfs /
sr0   11:0     428032 config-2      
=== sshd host keys ===
-----BEGIN SSH HOST KEY KEYS-----
ssh-rsa AAAAB3NzaC1yc2EAAAADAQABAAAAgwDcBot7OtK7MGlaLxgMvdniqfywK4jDFR+JjjB3E4BNZojMI7Kzzx5znYW7HDpT/ii3rr1yu+I9UQxNQFPpnoNoQbfflZp/qSHnNhMdVYUOHdmV/pQWxKeaPkcdbQk9L+O5e4BV5aoonNs2qqNdx6T0h/dpQC4WRMa4o+AXg08LPVxb root@tempest
ssh-dss AAAAB3NzaC1kc3MAAACBAPyBVsM62uV1xY6yE95FNFxUIceI44kz2f4x8wVSG/U02lwgWmWl/YzvWCnjhqag2Ubi10VXeAOZhEaxqtKTTWz/LUeiZpS9BMuPZ029bTEv+Jg/p9AhKLZSIm5Qdo2g0ejnE+MJLxlsZr9dEbA64En6t3F8qR+Q3c3THP1oPsz3AAAAFQD2zMupUKvUql1XptvlVtJRWItuoQAAAIEA04HyVjctrY0nBchjAlnyG3NFqhGfhc89jv4+DaBlaieVdfb3rThwUOKF8uH9X+UW9+GYwx/WhbCuK/VyLvrxXJs26HH4/+YMWlZ1j5C34SrSlYltwUQJLIBR4LsUhPgiwpbVf6Dm1M3wtMgyMkhfj2PsiQqor9X7xeM60H/bnYwAAACAUfvN90tiKzh1fNgpXveisvlkL1aUukDiylJLaPRXyMqcIYeKqnKMI8nkq9MimdfGzZA82oxCU3DLVWiPIR6auRqSfRObAd8fJml1d/PZJILUC5DwHqVYDtFgbztu7gUb0mQobDxa51cf5sw12jxxNy9DBnUmBX4tsNW/WeWgzZ0= root@tempest
-----END SSH HOST KEY KEYS-----
=== network info ===
if-info: lo,up,127.0.0.1,8,::1
if-info: eth0,up,,8,fe80::f816:3eff:fe56:20fd
=== datasource: configdrive local ===
instance-id: 02a3cbb7-42c0-4d7d-971a-2c21d2b944d7
name: tempest.common.compute-instance-939315285
availability-zone: nova
local-hostname: tempest.common.compute-instance-939315285.novalocal
launch-index: 0
=== cirros: current=0.3.4 uptime=202.84 ===
route: fscanf
=== pinging gateway failed, debugging connection ===
############ debug start ##############
### /etc/init.d/sshd start
Starting dropbear sshd: OK
route: fscanf
### ifconfig -a
eth0      Link encap:Ethernet  HWaddr FA:16:3E:56:20:FD  
          inet6 addr: fe80::f816:3eff:fe56:20fd/64 Scope:Link
          UP BROADCAST RUNNING MULTICAST  MTU:1500  Metric:1
          RX packets:12 errors:0 dropped:5 overruns:0 frame:0
          TX packets:8 errors:0 dropped:0 overruns:0 carrier:0
          collisions:0 txqueuelen:1000 
          RX bytes:1303 (1.2 KiB)  TX bytes:1134 (1.1 KiB)

lo        Link encap:Local Loopback  
          inet addr:127.0.0.1  Mask:255.0.0.0
          inet6 addr: ::1/128 Scope:Host
          UP LOOPBACK RUNNING  MTU:16436  Metric:1
          RX packets:12 errors:0 dropped:0 overruns:0 frame:0
          TX packets:12 errors:0 dropped:0 overruns:0 carrier:0
          collisions:0 txqueuelen:0 
          RX bytes:1020 (1020.0 B)  TX bytes:1020 (1020.0 B)

### route -n
Kernel IP routing table
Destination     Gateway         Genmask         Flags Metric Ref    Use Iface
route: fscanf
### cat /etc/resolv.conf
cat: can't open '/etc/resolv.conf': No such file or directory
### gateway not found
/sbin/cirros-status: line 1: can't open /etc/resolv.conf: no such file
### pinging nameservers
### uname -a
Linux tempest 3.2.0-80-virtual #116-Ubuntu SMP Mon Mar 23 17:28:52 UTC 2015 x86_64 GNU/Linux
### lsmod
Module                  Size  Used by    Not tainted
nls_iso8859_1          12713  0 
nls_cp437              16991  0 
vfat                   17585  0 
fat                    61512  1 vfat
isofs                  40259  0 
ip_tables              27473  0 
x_tables               29891  1 ip_tables
pcnet32                42119  0 
8139cp                 27360  0 
ne2k_pci               13691  0 
8390                   18856  1 ne2k_pci
e1000                 108589  0 
acpiphp                24231  0 
### dmesg | tail
[    4.932364] EXT3-fs (vda): mounted filesystem with ordered data mode
[    5.252165] ISO 9660 Extensions: Microsoft Joliet Level 3
[    5.328888] ISO 9660 Extensions: RRIP_1991A
[    5.561577] kjournald starting.  Commit interval 5 seconds
[    5.574488] EXT3-fs (vda): using internal journal
[    5.574586] EXT3-fs (vda): mounted filesystem with ordered data mode
[    8.856759] EXT3-fs (vda): using internal journal
[   11.889541] ISO 9660 Extensions: Microsoft Joliet Level 3
[   11.995897] ISO 9660 Extensions: RRIP_1991A
[   26.260160] eth0: no IPv6 routers present
### tail -n 25 /var/log/messages
Dec 18 14:45:17 cirros kern.info kernel: [    4.435899] acpiphp: Slot [14] registered
Dec 18 14:45:17 cirros kern.info kernel: [    4.436559] acpiphp: Slot [15] registered
Dec 18 14:45:17 cirros kern.info kernel: [    4.437172] acpiphp: Slot [16] registered
Dec 18 14:45:17 cirros kern.info kernel: [    4.437497] acpiphp: Slot [17] registered
Dec 18 14:45:17 cirros kern.info kernel: [    4.437787] acpiphp: Slot [18] registered
Dec 18 14:45:17 cirros kern.info kernel: [    4.438091] acpiphp: Slot [19] registered
Dec 18 14:45:17 cirros kern.info kernel: [    4.438409] acpiphp: Slot [20] registered
Dec 18 14:45:17 cirros kern.info kernel: [    4.438735] acpiphp: Slot [21] registered
Dec 18 14:45:17 cirros kern.info kernel: [    4.439031] acpiphp: Slot [22] registered
Dec 18 14:45:17 cirros kern.info kernel: [    4.439353] acpiphp: Slot [23] registered
Dec 18 14:45:17 cirros kern.info kernel: [    4.439647] acpiphp: Slot [24] registered
Dec 18 14:45:17 cirros kern.info kernel: [    4.662100] ip_tables: (C) 2000-2006 Netfilter Core Team
Dec 18 14:45:17 cirros kern.info kernel: [    4.924193] kjournald starting.  Commit interval 5 seconds
Dec 18 14:45:17 cirros kern.info kernel: [    4.932364] EXT3-fs (vda): mounted filesystem with ordered data mode
Dec 18 14:45:17 cirros kern.debug kernel: [    5.252165] ISO 9660 Extensions: Microsoft Joliet Level 3
Dec 18 14:45:17 cirros kern.debug kernel: [    5.328888] ISO 9660 Extensions: RRIP_1991A
Dec 18 14:45:17 cirros kern.info kernel: [    5.561577] kjournald starting.  Commit interval 5 seconds
Dec 18 14:45:17 cirros kern.info kernel: [    5.574488] EXT3-fs (vda): using internal journal
Dec 18 14:45:17 cirros kern.info kernel: [    5.574586] EXT3-fs (vda): mounted filesystem with ordered data mode
Dec 18 14:45:17 cirros kern.info kernel: [    8.856759] EXT3-fs (vda): using internal journal
Dec 18 14:45:19 cirros kern.debug kernel: [   11.889541] ISO 9660 Extensions: Microsoft Joliet Level 3
Dec 18 14:45:19 cirros kern.debug kernel: [   11.995897] ISO 9660 Extensions: RRIP_1991A
Dec 18 14:45:22 cirros auth.notice su: + /dev/console root:cirros
Dec 18 14:45:34 cirros kern.debug kernel: [   26.260160] eth0: no IPv6 routers present
Dec 18 14:48:28 cirros authpriv.info dropbear[283]: Running in background
############ debug end   ##############
  ____               ____  ____
 / __/ __ ____ ____ / __ \/ __/
/ /__ / // __// __// /_/ /\ \ 
\___//_//_/  /_/   \____/___/ 
   http://cirros-cloud.net


login as 'cirros' user. default password: 'cubswin:)'. use 'sudo' for root.
tempest login: 
2015-12-18 14:50:10,365 20977 INFO     [tempest_lib.common.rest_client] Request (TestGettingAddress:_run_cleanups): 204 DELETE http://10.0.2.15:9696/v2.0/floatingips/d4f4a3de-5468-4c95-abe8-e3f390652b98 0.320s
2015-12-18 14:50:10,366 20977 DEBUG    [tempest_lib.common.rest_client] Request - Headers: {'Content-Type': 'application/json', 'Accept': 'application/json', 'X-Auth-Token': '&lt;omitted&gt;'}
        Body: None
    Response - Headers: {'date': 'Fri, 18 Dec 2015 14:50:10 GMT', 'status': '204', 'connection': 'close', 'content-length': '0', 'x-openstack-request-id': 'req-3c9cc4bb-28d3-4a42-be32-e6ba1c083765'}
        Body: 
2015-12-18 14:50:10,722 20977 INFO     [tempest_lib.common.rest_client] Request (TestGettingAddress:_run_cleanups): 204 DELETE http://10.0.2.15:8774/v2.1/f0ab387aee6f4940b78fc1d145050b1f/servers/02a3cbb7-42c0-4d7d-971a-2c21d2b944d7 0.355s
2015-12-18 14:50:10,722 20977 DEBUG    [tempest_lib.common.rest_client] Request - Headers: {'Content-Type': 'application/json', 'Accept': 'application/json', 'X-Auth-Token': '&lt;omitted&gt;'}
        Body: None
    Response - Headers: {'status': '204', 'content-length': '0', 'x-compute-request-id': 'req-9c5e9bca-799c-4b2b-b536-55ca459f9adb', 'vary': 'X-OpenStack-Nova-API-Version', 'connection': 'close', 'x-openstack-nova-api-version': '2.1', 'date': 'Fri, 18 Dec 2015 14:50:10 GMT', 'content-type': 'application/json'}
        Body: 
2015-12-18 14:50:10,936 20977 INFO     [tempest_lib.common.rest_client] Request (TestGettingAddress:_run_cleanups): 200 GET http://10.0.2.15:8774/v2.1/f0ab387aee6f4940b78fc1d145050b1f/servers/02a3cbb7-42c0-4d7d-971a-2c21d2b944d7 0.213s
2015-12-18 14:50:10,937 20977 DEBUG    [tempest_lib.common.rest_client] Request - Headers: {'Content-Type': 'application/json', 'Accept': 'application/json', 'X-Auth-Token': '&lt;omitted&gt;'}
        Body: None
    Response - Headers: {'status': '200', 'content-length': '1902', 'content-location': 'http://10.0.2.15:8774/v2.1/f0ab387aee6f4940b78fc1d145050b1f/servers/02a3cbb7-42c0-4d7d-971a-2c21d2b944d7', 'x-compute-request-id': 'req-087eeece-5f4b-4d38-b3dd-627c7e986417', 'vary': 'X-OpenStack-Nova-API-Version', 'connection': 'close', 'x-openstack-nova-api-version': '2.1', 'date': 'Fri, 18 Dec 2015 14:50:10 GMT', 'content-type': 'application/json'}
        Body: {"server": {"status": "ACTIVE", "updated": "2015-12-18T14:50:10Z", "hostId": "c0ede053d5804f9dea6b84d2bcb5aa8f0d8e08de94785e8c5a0c2a3a", "addresses": {"tempest-network-smoke--801254821": [{"OS-EXT-IPS-MAC:mac_addr": "fa:16:3e:56:20:fd", "version": 4, "addr": "10.100.0.3", "OS-EXT-IPS:type": "fixed"}, {"OS-EXT-IPS-MAC:mac_addr": "fa:16:3e:56:20:fd", "version": 6, "addr": "2003::f816:3eff:fe56:20fd", "OS-EXT-IPS:type": "fixed"}, {"OS-EXT-IPS-MAC:mac_addr": "fa:16:3e:56:20:fd", "version": 4, "addr": "172.24.4.4", "OS-EXT-IPS:type": "floating"}]}, "links": [{"href": "http://10.0.2.15:8774/v2.1/f0ab387aee6f4940b78fc1d145050b1f/servers/02a3cbb7-42c0-4d7d-971a-2c21d2b944d7", "rel": "self"}, {"href": "http://10.0.2.15:8774/f0ab387aee6f4940b78fc1d145050b1f/servers/02a3cbb7-42c0-4d7d-971a-2c21d2b944d7", "rel": "bookmark"}], "key_name": "tempest-TestGettingAddress-1850817822", "image": {"id": "f925d89d-488d-4036-a04c-1dee36028f3a", "links": [{"href": "http://10.0.2.15:8774/f0ab387aee6f4940b78fc1d145050b1f/images/f925d89d-488d-4036-a04c-1dee36028f3a", "rel": "bookmark"}]}, "OS-EXT-STS:task_state": "deleting", "OS-EXT-STS:vm_state": "active", "OS-SRV-USG:launched_at": "2015-12-18T14:45:04.000000", "flavor": {"id": "42", "links": [{"href": "http://10.0.2.15:8774/f0ab387aee6f4940b78fc1d145050b1f/flavors/42", "rel": "bookmark"}]}, "id": "02a3cbb7-42c0-4d7d-971a-2c21d2b944d7", "security_groups": [{"name": "tempest-secgroup-smoke-145615672"}], "OS-SRV-USG:terminated_at": null, "OS-EXT-AZ:availability_zone": "nova", "user_id": "e6e5bbcf7e8e4e3aaea56e3df1f11c70", "name": "tempest.common.compute-instance-939315285", "created": "2015-12-18T14:45:01Z", "tenant_id": "f0ab387aee6f4940b78fc1d145050b1f", "OS-DCF:diskConfig": "MANUAL", "os-extended-volumes:volumes_attached": [], "accessIPv4": "", "accessIPv6": "", "progress": 0, "OS-EXT-STS:power_state": 1, "config_drive": "True", "metadata": {}}}
2015-12-18 14:50:12,097 20977 INFO     [tempest_lib.common.rest_client] Request (TestGettingAddress:_run_cleanups): 200 GET http://10.0.2.15:8774/v2.1/f0ab387aee6f4940b78fc1d145050b1f/servers/02a3cbb7-42c0-4d7d-971a-2c21d2b944d7 0.144s
2015-12-18 14:50:12,097 20977 DEBUG    [tempest_lib.common.rest_client] Request - Headers: {'Content-Type': 'application/json', 'Accept': 'application/json', 'X-Auth-Token': '&lt;omitted&gt;'}
        Body: None
    Response - Headers: {'status': '200', 'content-length': '1439', 'content-location': 'http://10.0.2.15:8774/v2.1/f0ab387aee6f4940b78fc1d145050b1f/servers/02a3cbb7-42c0-4d7d-971a-2c21d2b944d7', 'x-compute-request-id': 'req-263ccf98-f413-4929-bdf6-542a752faf00', 'vary': 'X-OpenStack-Nova-API-Version', 'connection': 'close', 'x-openstack-nova-api-version': '2.1', 'date': 'Fri, 18 Dec 2015 14:50:12 GMT', 'content-type': 'application/json'}
        Body: {"server": {"status": "ACTIVE", "updated": "2015-12-18T14:50:11Z", "hostId": "c0ede053d5804f9dea6b84d2bcb5aa8f0d8e08de94785e8c5a0c2a3a", "addresses": {}, "links": [{"href": "http://10.0.2.15:8774/v2.1/f0ab387aee6f4940b78fc1d145050b1f/servers/02a3cbb7-42c0-4d7d-971a-2c21d2b944d7", "rel": "self"}, {"href": "http://10.0.2.15:8774/f0ab387aee6f4940b78fc1d145050b1f/servers/02a3cbb7-42c0-4d7d-971a-2c21d2b944d7", "rel": "bookmark"}], "key_name": "tempest-TestGettingAddress-1850817822", "image": {"id": "f925d89d-488d-4036-a04c-1dee36028f3a", "links": [{"href": "http://10.0.2.15:8774/f0ab387aee6f4940b78fc1d145050b1f/images/f925d89d-488d-4036-a04c-1dee36028f3a", "rel": "bookmark"}]}, "OS-EXT-STS:task_state": "deleting", "OS-EXT-STS:vm_state": "active", "OS-SRV-USG:launched_at": "2015-12-18T14:45:04.000000", "flavor": {"id": "42", "links": [{"href": "http://10.0.2.15:8774/f0ab387aee6f4940b78fc1d145050b1f/flavors/42", "rel": "bookmark"}]}, "id": "02a3cbb7-42c0-4d7d-971a-2c21d2b944d7", "OS-SRV-USG:terminated_at": null, "OS-EXT-AZ:availability_zone": "nova", "user_id": "e6e5bbcf7e8e4e3aaea56e3df1f11c70", "name": "tempest.common.compute-instance-939315285", "created": "2015-12-18T14:45:01Z", "tenant_id": "f0ab387aee6f4940b78fc1d145050b1f", "OS-DCF:diskConfig": "MANUAL", "os-extended-volumes:volumes_attached": [], "accessIPv4": "", "accessIPv6": "", "progress": 0, "OS-EXT-STS:power_state": 1, "config_drive": "True", "metadata": {}}}
2015-12-18 14:50:13,195 20977 INFO     [tempest_lib.common.rest_client] Request (TestGettingAddress:_run_cleanups): 404 GET http://10.0.2.15:8774/v2.1/f0ab387aee6f4940b78fc1d145050b1f/servers/02a3cbb7-42c0-4d7d-971a-2c21d2b944d7 0.081s
2015-12-18 14:50:13,196 20977 DEBUG    [tempest_lib.common.rest_client] Request - Headers: {'Content-Type': 'application/json', 'Accept': 'application/json', 'X-Auth-Token': '&lt;omitted&gt;'}
        Body: None
    Response - Headers: {'status': '404', 'content-length': '111', 'x-compute-request-id': 'req-119d39e0-2796-43aa-a327-659bc8e0ee61', 'vary': 'X-OpenStack-Nova-API-Version', 'connection': 'close', 'x-openstack-nova-api-version': '2.1', 'date': 'Fri, 18 Dec 2015 14:50:13 GMT', 'content-type': 'application/json; charset=UTF-8'}
        Body: {"itemNotFound": {"message": "Instance 02a3cbb7-42c0-4d7d-971a-2c21d2b944d7 could not be found.", "code": 404}}
2015-12-18 14:50:13,660 20977 INFO     [tempest_lib.common.rest_client] Request (TestGettingAddress:_run_cleanups): 200 PUT http://10.0.2.15:9696/v2.0/routers/fb89fef6-ede5-468d-9fe0-a8031229c22d/remove_router_interface 0.462s
2015-12-18 14:50:13,660 20977 DEBUG    [tempest_lib.common.rest_client] Request - Headers: {'Content-Type': 'application/json', 'Accept': 'application/json', 'X-Auth-Token': '&lt;omitted&gt;'}
        Body: {"subnet_id": "9b93de30-bd05-422b-8d83-970465a2dbdf"}
    Response - Headers: {'status': '200', 'content-length': '255', 'connection': 'close', 'date': 'Fri, 18 Dec 2015 14:50:13 GMT', 'content-type': 'application/json; charset=UTF-8', 'x-openstack-request-id': 'req-c2ddf3b2-3164-4166-857a-05b440a655a0'}
        Body: {"subnet_id": "9b93de30-bd05-422b-8d83-970465a2dbdf", "tenant_id": "f0ab387aee6f4940b78fc1d145050b1f", "subnet_ids": ["9b93de30-bd05-422b-8d83-970465a2dbdf"], "port_id": "e7d9f0b3-02a4-4c34-a157-ff26714b62c6", "id": "fb89fef6-ede5-468d-9fe0-a8031229c22d"}
2015-12-18 14:50:14,128 20977 INFO     [tempest_lib.common.rest_client] Request (TestGettingAddress:_run_cleanups): 204 DELETE http://10.0.2.15:9696/v2.0/subnets/9b93de30-bd05-422b-8d83-970465a2dbdf 0.467s
2015-12-18 14:50:14,129 20977 DEBUG    [tempest_lib.common.rest_client] Request - Headers: {'Content-Type': 'application/json', 'Accept': 'application/json', 'X-Auth-Token': '&lt;omitted&gt;'}
        Body: None
    Response - Headers: {'date': 'Fri, 18 Dec 2015 14:50:14 GMT', 'status': '204', 'connection': 'close', 'content-length': '0', 'x-openstack-request-id': 'req-f85d82d0-c7db-4d8b-8096-7db9659c1dc9'}
        Body: 
2015-12-18 14:50:14,158 20977 INFO     [tempest_lib.common.rest_client] Request (TestGettingAddress:_run_cleanups): 404 DELETE http://10.0.2.15:9696/v2.0/subnets/9b93de30-bd05-422b-8d83-970465a2dbdf 0.028s
2015-12-18 14:50:14,158 20977 DEBUG    [tempest_lib.common.rest_client] Request - Headers: {'Content-Type': 'application/json', 'Accept': 'application/json', 'X-Auth-Token': '&lt;omitted&gt;'}
        Body: None
