<?xml version="1.0" encoding="UTF-8"?>
<!DOCTYPE html PUBLIC "-//W3C//DTD XHTML 1.0 Strict//EN"
     "http://www.w3.org/TR/xhtml1/DTD/xhtml1-strict.dtd">
<html xmlns="http://www.w3.org/1999/xhtml">
<head>
    <title>Unit Test Report</title>
    <meta name="generator" content="subunit2html 0.1"/>
    <meta http-equiv="Content-Type" content="text/html; charset=UTF-8"/>
    
<style type="text/css" media="screen">
body        { font-family: verdana, arial, helvetica, sans-serif;
    font-size: 80%; }
table       { font-size: 100%; width: 100%;}
pre         { font-size: 80%; }

/* -- heading -------------------------------------------------------------- */
h1 {
        font-size: 16pt;
        color: gray;
}
.heading {
    margin-top: 0ex;
    margin-bottom: 1ex;
}

.heading .attribute {
    margin-top: 1ex;
    margin-bottom: 0;
}

.heading .description {
    margin-top: 4ex;
    margin-bottom: 6ex;
}

/* -- css div popup -------------------------------------------------------- */
a.popup_link {
}

a.popup_link:hover {
    color: red;
}

.popup_window {
    display: none;
    overflow-x: scroll;
    /*border: solid #627173 1px; */
    padding: 10px;
    background-color: #E6E6D6;
    font-family: "Ubuntu Mono", "Lucida Console", "Courier New", monospace;
    text-align: left;
    font-size: 8pt;
}

}
/* -- report --------------------------------------------------------------- */
#show_detail_line {
    margin-top: 3ex;
    margin-bottom: 1ex;
}
#result_table {
    width: 100%;
    border-collapse: collapse;
    border: 1px solid #777;
}
#header_row {
    font-weight: bold;
    color: white;
    background-color: #777;
}
#result_table td {
    border: 1px solid #777;
    padding: 2px;
}
#total_row  { font-weight: bold; }
.passClass  { background-color: #6c6; }
.failClass  { background-color: #c60; }
.errorClass { background-color: #c00; }
.passCase   { color: #6c6; }
.failCase   { color: #c60; font-weight: bold; }
.errorCase  { color: #c00; font-weight: bold; }
.hiddenRow  { display: none; }
.testcase   { margin-left: 2em; }
td.testname {width: 40%}
td.small {width: 40px}

/* -- ending --------------------------------------------------------------- */
#ending {
}

</style>

</head>
<body>
<script language="javascript" type="text/javascript"><!--
output_list = Array();

/* level - 0:Summary; 1:Failed; 2:All */
function showCase(level) {
    trs = document.getElementsByTagName("tr");
    for (var i = 0; i < trs.length; i++) {
        tr = trs[i];
        id = tr.id;
        if (id.substr(0,2) == 'ft') {
            if (level < 1) {
                tr.className = 'hiddenRow';
            }
            else {
                tr.className = '';
            }
        }
        if (id.substr(0,2) == 'pt') {
            if (level > 1) {
                tr.className = '';
            }
            else {
                tr.className = 'hiddenRow';
            }
        }
    }
}


function showClassDetail(cid, count) {
    var id_list = Array(count);
    var toHide = 1;
    for (var i = 0; i < count; i++) {
        tid0 = 't' + cid.substr(1) + '.' + (i+1);
        tid = 'f' + tid0;
        tr = document.getElementById(tid);
        if (!tr) {
            tid = 'p' + tid0;
            tr = document.getElementById(tid);
        }
        id_list[i] = tid;
        if (tr.className) {
            toHide = 0;
        }
    }
    for (var i = 0; i < count; i++) {
        tid = id_list[i];
        if (toHide) {
            document.getElementById('div_'+tid).style.display = 'none'
            document.getElementById(tid).className = 'hiddenRow';
        }
        else {
            document.getElementById(tid).className = '';
        }
    }
}


function showTestDetail(div_id){
    var details_div = document.getElementById(div_id)
    var displayState = details_div.style.display
    // alert(displayState)
    if (displayState != 'block' ) {
        displayState = 'block'
        details_div.style.display = 'block'
    }
    else {
        details_div.style.display = 'none'
    }
}


function html_escape(s) {
    s = s.replace(/&/g,'&amp;');
    s = s.replace(/</g,'&lt;');
    s = s.replace(/>/g,'&gt;');
    return s;
}

/* obsoleted by detail in <div>
function showOutput(id, name) {
    var w = window.open("", //url
                    name,
                    "resizable,scrollbars,status,width=800,height=450");
    d = w.document;
    d.write("<pre>");
    d.write(html_escape(output_list[id]));
    d.write("\n");
    d.write("<a href='javascript:window.close()'>close</a>\n");
    d.write("</pre>\n");
    d.close();
}
*/
--></script>

<div class='heading'>
<h1>Unit Test Report</h1>

<p class='attribute'><strong>Status:</strong> Failure 8</p>

<p class='description'></p>
</div>



<p id='show_detail_line'>Show
<a href='javascript:showCase(0)'>Summary</a>
<a href='javascript:showCase(1)'>Failed</a>
<a href='javascript:showCase(2)'>All</a>
</p>
<table id='result_table'>
<colgroup>
<col align='left' />
<col align='right' />
<col align='right' />
<col align='right' />
<col align='right' />
<col align='right' />
<col align='right' />
<col align='right' />
</colgroup>
<tr id='header_row'>
    <td>Test Group/Test case</td>
    <td>Count</td>
    <td>Pass</td>
    <td>Fail</td>
    <td>Error</td>
    <td>Skip</td>
    <td>View</td>
    <td> </td>
</tr>

<tr class='failClass'>
    <td class="testname">tempest.scenario.test_network_v6.TestGettingAddress</td>
    <td class="small">8</td>
    <td class="small">0</td>
    <td class="small">8</td>
    <td class="small">0</td>
    <td class="small">0</td>
    <td class="small"><a href="javascript:showClassDetail('c1',8)"
>Detail</a></td>
    <td> </td>
</tr>

<tr id='ft1.1' class='none'>
    <td class='failCase'><div class='testcase'>test_dhcp6_stateless_from_os[compute,id-d7e1f858-187c-45a6-89c9-bdafde619a9f,network]</div></td>
    <td colspan='7' align='left'>

    <!--css div popup start-->
    <a class="popup_link" onfocus='this.blur();'
    href="javascript:showTestDetail('div_ft1.1')" >
        fail</a>

    <div id='div_ft1.1' class="popup_window">
        <div style='text-align: right; color:red;cursor:pointer'>
        <a onfocus='this.blur();'
onclick="document.getElementById('div_ft1.1').style.display = 'none' " >
           [x]</a>
        </div>
        <pre>
        
ft1.1: tempest.scenario.test_network_v6.TestGettingAddress.test_dhcp6_stateless_from_os[compute,id-d7e1f858-187c-45a6-89c9-bdafde619a9f,network]_StringException: Empty attachments:
  stderr
  stdout

pythonlogging:'': {{{
2015-12-10 14:53:29,018 23731 INFO     [tempest_lib.common.rest_client] Request (TestGettingAddress:setUp): 200 POST http://10.0.2.15:8774/v2.1/bb883888159146639d75fdc11e085386/os-keypairs 0.358s
2015-12-10 14:53:29,019 23731 DEBUG    [tempest_lib.common.rest_client] Request - Headers: {'Content-Type': 'application/json', 'Accept': 'application/json', 'X-Auth-Token': '&lt;omitted&gt;'}
        Body: {"keypair": {"name": "tempest-TestGettingAddress-1520677130"}}
    Response - Headers: {'status': '200', 'content-length': '2320', 'x-compute-request-id': 'req-6669836f-4d37-474c-aa7d-8bef69dc109d', 'vary': 'X-OpenStack-Nova-API-Version', 'connection': 'close', 'x-openstack-nova-api-version': '2.1', 'date': 'Thu, 10 Dec 2015 14:53:29 GMT', 'content-type': 'application/json'}
        Body: {"keypair": {"public_key": "ssh-rsa AAAAB3NzaC1yc2EAAAADAQABAAABAQCS8MGGz+L2TXjrlwQN7LUx+HMUGthdrI9a8U74ZjBp/R9f7+eNqSqLMDlc3FHZR95v79wd08Blwrth5QyBxGBmMkn5l4fzFsc12T8rhaucNeI6lbeNvtuFw0+S93amB/gFL7OipSFtNUkXLKVyTPbfi/qkNQtXuyyOkdxHTVbrmRV2fbbaWZ5QKVV57j2RtRJ44UwHn/eKoXFteoSNgQuQICLfvwGjdg3zuizkgHTy4eeXFCOU8EiHWrw6ZajaV2ovVFaOrAI6iIrA/fOfhebEG3Sr4Fn33ShcTE9DoY8lBRQFwUsN4lVaMdpq+F23s8zmNpNqAOTEiPd3wf4F7uWj Generated-by-Nova", "private_key": "-----BEGIN RSA PRIVATE KEY-----\nMIIEqQIBAAKCAQEAkvDBhs/i9k1465cEDey1MfhzFBrYXayPWvFO+GYwaf0fX+/n\njakqizA5XNxR2Ufeb+/cHdPAZcK7YeUMgcRgZjJJ+ZeH8xbHNdk/K4WrnDXiOpW3\njb7bhcNPkvd2pgf4BS+zoqUhbTVJFyylckz234v6pDULV7ssjpHcR01W65kVdn22\n2lmeUClVee49kbUSeOFMB5/3iqFxbXqEjYELkCAi378Bo3YN87os5IB08uHnlxQj\nlPBIh1q8OmWo2ldqL1RWjqwCOoiKwP3zn4XmxBt0q+BZ990oXExPQ6GPJQUUBcFL\nDeJVWjHaavhdt7PM5jaTagDkxIj3d8H+Be7lowIDAQABAoIBAFNexm73BI865aDF\nzkcYRrZTgPenQ5vijHPM9kF5uX5pX6PPOlHl6X2PnvxRBR+C53IbZYiG3GLgWfDx\nRGdcRFW3ssEqeLgz9FNZL75B2VyINhOHXt3NrD/40O1R+r+5Rb+rkQB3MMAFu7Kq\nYjS39lpf0ZXZgtYEHQPHPnQ2LVr+ZFg030aHIPUh01VJ82vpNRqTyQjhkIZ9K4Qe\nSsq0HeWAm6UlMGXvYAwvy4EixgY9mk8/8IgqCDj0Jd8YGiXsA6cWI8dDkODT/FFb\njY0jvpujDs4TXMq5xe43oy1JzkTwUQJW2ef78xhYxIb/e0ulRPcmou3vd8wqrWTD\nbTr0FgECggCBAMFT4SQuDbmzx2zwb8T6zLHA7x03a1fI485cFtjZCPLioAj8gW++\n4djDVVsRTmL8AQd/EJU0ZHlW+HQY8EZ/WiJkPy+9yqQ2lPZN3ubHAm5Zm6LeC4e6\n1qMngq/ZOr8JaVyjamns3Yy8+6pkLH5WAVgfZWMFIWQbYR6xoqH0Dh+3AoIAgQDC\nkzyTlgBGdERUHATM0VAjAXfi1FGHsAWN6MjpHAWyRxEOnLxR7SwuK3Ac1YVMSM8G\nx6PxdfQflN7Dz/U13c+cQsDrIT4r+ZA9Y/nTSPkI8YmpXo9ZTSxMiBTZUr00d7Uf\nBYjqY9enbYsHRVY2G2oUhqCKlFVUMDBDTCzlHRrRdQKCAIEAp1JCjH6zcGLxmg6q\nnbB3Eu0pxn6dj/eVepfnSjzlatnLqptoJ1/sth+xM0VSM4dqGKPXpVsYDpDALjMb\nWdiFGTjsGxTHWsLGwDn7Tn81Um6JrjdBgXKqq8DZcfqvxoGNyBjDU/Qmd9Vkdz+F\n5r3nIe7iYAYjtTGhJ+CUIllJFBcCggCBAJNEo43E87Jfn7PVfSCUsEW+f8HUF11O\nsfWFokMlbX5Q4a0gnjyX+V98ix+X0Is7dE5aXlCMiVg58h1c0eiSWOeZcrDEeW0J\nN83vVJBBZBQL1Li3lGHv0j6epMEUKZaDoDe5lbZqGThk5dx781OCjli4yNv6h1bw\nHidhiX1j+P9dAoIAgDek6DPhKBOr7z0EipwCKLKIzSkQL5u77KEVeDdTYGV5Gblf\nJjRnIvS/4sktsEuE35SrOXHMEPmjtAPg2xVsg/HwlaS/vR6U9fBtOnw03+uT8qEe\nJr22aqyifljZndOo5kv/pKU+26u8TfKHXUpsv3xMEYjkefMDd3uVpqtcqA25\n-----END RSA PRIVATE KEY-----\n", "user_id": "dd5a016f0bf14c5e9982bc01565a0b16", "name": "tempest-TestGettingAddress-1520677130", "fingerprint": "33:94:31:77:03:76:84:ca:49:d8:f0:15:5c:1b:d0:0e"}}
2015-12-10 14:53:29,371 23731 INFO     [tempest_lib.common.rest_client] Request (TestGettingAddress:setUp): 201 POST http://10.0.2.15:9696/v2.0/security-groups 0.347s
2015-12-10 14:53:29,371 23731 DEBUG    [tempest_lib.common.rest_client] Request - Headers: {'Content-Type': 'application/json', 'Accept': 'application/json', 'X-Auth-Token': '&lt;omitted&gt;'}
        Body: {"security_group": {"tenant_id": "bb883888159146639d75fdc11e085386", "description": "tempest-secgroup-smoke-2000966473 description", "name": "tempest-secgroup-smoke-2000966473"}}
    Response - Headers: {'status': '201', 'content-length': '888', 'connection': 'close', 'date': 'Thu, 10 Dec 2015 14:53:29 GMT', 'content-type': 'application/json; charset=UTF-8', 'x-openstack-request-id': 'req-e1a12e21-75bb-41c5-8123-271a7571c0e6'}
        Body: {"security_group": {"tenant_id": "bb883888159146639d75fdc11e085386", "description": "tempest-secgroup-smoke-2000966473 description", "id": "3b1a8e31-a87d-436b-9e8d-c517ccbc0d30", "security_group_rules": [{"remote_group_id": null, "direction": "egress", "remote_ip_prefix": null, "protocol": null, "ethertype": "IPv4", "tenant_id": "bb883888159146639d75fdc11e085386", "port_range_max": null, "port_range_min": null, "id": "fc9dda1b-1cf5-40f8-9659-74536eed78cb", "security_group_id": "3b1a8e31-a87d-436b-9e8d-c517ccbc0d30"}, {"remote_group_id": null, "direction": "egress", "remote_ip_prefix": null, "protocol": null, "ethertype": "IPv6", "tenant_id": "bb883888159146639d75fdc11e085386", "port_range_max": null, "port_range_min": null, "id": "b9d69a3f-415a-4285-8c87-2ac0dee1f2ba", "security_group_id": "3b1a8e31-a87d-436b-9e8d-c517ccbc0d30"}], "name": "tempest-secgroup-smoke-2000966473"}}
2015-12-10 14:53:29,489 23731 INFO     [tempest_lib.common.rest_client] Request (TestGettingAddress:setUp): 201 POST http://10.0.2.15:9696/v2.0/security-group-rules 0.116s
2015-12-10 14:53:29,490 23731 DEBUG    [tempest_lib.common.rest_client] Request - Headers: {'Content-Type': 'application/json', 'Accept': 'application/json', 'X-Auth-Token': '&lt;omitted&gt;'}
        Body: {"security_group_rule": {"direction": "ingress", "protocol": "tcp", "tenant_id": "bb883888159146639d75fdc11e085386", "port_range_max": 22, "security_group_id": "3b1a8e31-a87d-436b-9e8d-c517ccbc0d30", "port_range_min": 22}}
    Response - Headers: {'status': '201', 'content-length': '340', 'connection': 'close', 'date': 'Thu, 10 Dec 2015 14:53:29 GMT', 'content-type': 'application/json; charset=UTF-8', 'x-openstack-request-id': 'req-870196c4-55e1-4a20-ad4b-ca027f73da82'}
        Body: {"security_group_rule": {"remote_group_id": null, "direction": "ingress", "remote_ip_prefix": null, "protocol": "tcp", "ethertype": "IPv4", "tenant_id": "bb883888159146639d75fdc11e085386", "port_range_max": 22, "port_range_min": 22, "id": "17346a9d-abb4-4c4d-9b3f-b7dabb3dc684", "security_group_id": "3b1a8e31-a87d-436b-9e8d-c517ccbc0d30"}}
2015-12-10 14:53:29,604 23731 INFO     [tempest_lib.common.rest_client] Request (TestGettingAddress:setUp): 201 POST http://10.0.2.15:9696/v2.0/security-group-rules 0.113s
2015-12-10 14:53:29,605 23731 DEBUG    [tempest_lib.common.rest_client] Request - Headers: {'Content-Type': 'application/json', 'Accept': 'application/json', 'X-Auth-Token': '&lt;omitted&gt;'}
        Body: {"security_group_rule": {"direction": "egress", "protocol": "tcp", "tenant_id": "bb883888159146639d75fdc11e085386", "port_range_max": 22, "security_group_id": "3b1a8e31-a87d-436b-9e8d-c517ccbc0d30", "port_range_min": 22}}
    Response - Headers: {'status': '201', 'content-length': '339', 'connection': 'close', 'date': 'Thu, 10 Dec 2015 14:53:29 GMT', 'content-type': 'application/json; charset=UTF-8', 'x-openstack-request-id': 'req-bfbe7d2d-fda9-4008-af2e-bb03baf3cda2'}
        Body: {"security_group_rule": {"remote_group_id": null, "direction": "egress", "remote_ip_prefix": null, "protocol": "tcp", "ethertype": "IPv4", "tenant_id": "bb883888159146639d75fdc11e085386", "port_range_max": 22, "port_range_min": 22, "id": "a739a5eb-28bd-4896-a046-0ca6eb69e783", "security_group_id": "3b1a8e31-a87d-436b-9e8d-c517ccbc0d30"}}
2015-12-10 14:53:29,713 23731 INFO     [tempest_lib.common.rest_client] Request (TestGettingAddress:setUp): 201 POST http://10.0.2.15:9696/v2.0/security-group-rules 0.106s
2015-12-10 14:53:29,713 23731 DEBUG    [tempest_lib.common.rest_client] Request - Headers: {'Content-Type': 'application/json', 'Accept': 'application/json', 'X-Auth-Token': '&lt;omitted&gt;'}
        Body: {"security_group_rule": {"tenant_id": "bb883888159146639d75fdc11e085386", "direction": "ingress", "protocol": "icmp", "security_group_id": "3b1a8e31-a87d-436b-9e8d-c517ccbc0d30"}}
    Response - Headers: {'status': '201', 'content-length': '345', 'connection': 'close', 'date': 'Thu, 10 Dec 2015 14:53:29 GMT', 'content-type': 'application/json; charset=UTF-8', 'x-openstack-request-id': 'req-0b57ad08-d922-4b9b-b172-f3dde64a67a7'}
        Body: {"security_group_rule": {"remote_group_id": null, "direction": "ingress", "remote_ip_prefix": null, "protocol": "icmp", "ethertype": "IPv4", "tenant_id": "bb883888159146639d75fdc11e085386", "port_range_max": null, "port_range_min": null, "id": "fc941951-8a70-4d4d-b12c-2e70b2f9e4d8", "security_group_id": "3b1a8e31-a87d-436b-9e8d-c517ccbc0d30"}}
2015-12-10 14:53:29,825 23731 INFO     [tempest_lib.common.rest_client] Request (TestGettingAddress:setUp): 201 POST http://10.0.2.15:9696/v2.0/security-group-rules 0.110s
2015-12-10 14:53:29,825 23731 DEBUG    [tempest_lib.common.rest_client] Request - Headers: {'Content-Type': 'application/json', 'Accept': 'application/json', 'X-Auth-Token': '&lt;omitted&gt;'}
        Body: {"security_group_rule": {"tenant_id": "bb883888159146639d75fdc11e085386", "direction": "egress", "protocol": "icmp", "security_group_id": "3b1a8e31-a87d-436b-9e8d-c517ccbc0d30"}}
    Response - Headers: {'status': '201', 'content-length': '344', 'connection': 'close', 'date': 'Thu, 10 Dec 2015 14:53:29 GMT', 'content-type': 'application/json; charset=UTF-8', 'x-openstack-request-id': 'req-a2703c9a-1ad4-4607-9aaa-96fca2f8285f'}
        Body: {"security_group_rule": {"remote_group_id": null, "direction": "egress", "remote_ip_prefix": null, "protocol": "icmp", "ethertype": "IPv4", "tenant_id": "bb883888159146639d75fdc11e085386", "port_range_max": null, "port_range_min": null, "id": "c228a4ea-5375-4f76-8ed5-dce6c7456d91", "security_group_id": "3b1a8e31-a87d-436b-9e8d-c517ccbc0d30"}}
2015-12-10 14:53:29,927 23731 INFO     [tempest_lib.common.rest_client] Request (TestGettingAddress:setUp): 201 POST http://10.0.2.15:9696/v2.0/security-group-rules 0.100s
2015-12-10 14:53:29,928 23731 DEBUG    [tempest_lib.common.rest_client] Request - Headers: {'Content-Type': 'application/json', 'Accept': 'application/json', 'X-Auth-Token': '&lt;omitted&gt;'}
        Body: {"security_group_rule": {"tenant_id": "bb883888159146639d75fdc11e085386", "direction": "ingress", "security_group_id": "3b1a8e31-a87d-436b-9e8d-c517ccbc0d30", "protocol": "icmp", "ethertype": "IPv6"}}
    Response - Headers: {'status': '201', 'content-length': '345', 'connection': 'close', 'date': 'Thu, 10 Dec 2015 14:53:29 GMT', 'content-type': 'application/json; charset=UTF-8', 'x-openstack-request-id': 'req-f14f5b10-aecf-4295-a533-75b7d0f2dd4a'}
        Body: {"security_group_rule": {"remote_group_id": null, "direction": "ingress", "remote_ip_prefix": null, "protocol": "icmp", "ethertype": "IPv6", "tenant_id": "bb883888159146639d75fdc11e085386", "port_range_max": null, "port_range_min": null, "id": "e073b721-e599-4106-b0f1-6c67d46044d3", "security_group_id": "3b1a8e31-a87d-436b-9e8d-c517ccbc0d30"}}
2015-12-10 14:53:30,041 23731 INFO     [tempest_lib.common.rest_client] Request (TestGettingAddress:setUp): 201 POST http://10.0.2.15:9696/v2.0/security-group-rules 0.112s
2015-12-10 14:53:30,041 23731 DEBUG    [tempest_lib.common.rest_client] Request - Headers: {'Content-Type': 'application/json', 'Accept': 'application/json', 'X-Auth-Token': '&lt;omitted&gt;'}
        Body: {"security_group_rule": {"tenant_id": "bb883888159146639d75fdc11e085386", "direction": "egress", "security_group_id": "3b1a8e31-a87d-436b-9e8d-c517ccbc0d30", "protocol": "icmp", "ethertype": "IPv6"}}
    Response - Headers: {'status': '201', 'content-length': '344', 'connection': 'close', 'date': 'Thu, 10 Dec 2015 14:53:30 GMT', 'content-type': 'application/json; charset=UTF-8', 'x-openstack-request-id': 'req-880337bf-2d82-4810-a082-e3dfbfa9422a'}
        Body: {"security_group_rule": {"remote_group_id": null, "direction": "egress", "remote_ip_prefix": null, "protocol": "icmp", "ethertype": "IPv6", "tenant_id": "bb883888159146639d75fdc11e085386", "port_range_max": null, "port_range_min": null, "id": "86df7537-85fe-4774-bacd-2623fde6d956", "security_group_id": "3b1a8e31-a87d-436b-9e8d-c517ccbc0d30"}}
2015-12-10 14:53:30,297 23731 INFO     [tempest_lib.common.rest_client] Request (TestGettingAddress:test_dhcp6_stateless_from_os): 201 POST http://10.0.2.15:9696/v2.0/networks 0.254s
2015-12-10 14:53:30,298 23731 DEBUG    [tempest_lib.common.rest_client] Request - Headers: {'Content-Type': 'application/json', 'Accept': 'application/json', 'X-Auth-Token': '&lt;omitted&gt;'}
        Body: {"network": {"tenant_id": "bb883888159146639d75fdc11e085386", "name": "tempest-network-smoke--2099518600"}}
    Response - Headers: {'status': '201', 'content-length': '296', 'connection': 'close', 'date': 'Thu, 10 Dec 2015 14:53:30 GMT', 'content-type': 'application/json; charset=UTF-8', 'x-openstack-request-id': 'req-91ac80bb-be5d-4acd-a6ce-ca738215c303'}
        Body: {"network": {"status": "ACTIVE", "subnets": [], "name": "tempest-network-smoke--2099518600", "admin_state_up": true, "tenant_id": "bb883888159146639d75fdc11e085386", "mtu": 0, "router:external": false, "shared": false, "port_security_enabled": true, "id": "aa5e11c6-29ac-4b9c-924d-1c498c11e4a7"}}
2015-12-10 14:53:30,464 23731 INFO     [tempest_lib.common.rest_client] Request (TestGettingAddress:test_dhcp6_stateless_from_os): 200 GET http://10.0.2.15:9696/v2.0/subnets?tenant_id=bb883888159146639d75fdc11e085386&amp;cidr=10.100.0.0%2F28 0.164s
2015-12-10 14:53:30,465 23731 DEBUG    [tempest_lib.common.rest_client] Request - Headers: {'Content-Type': 'application/json', 'Accept': 'application/json', 'X-Auth-Token': '&lt;omitted&gt;'}
        Body: None
    Response - Headers: {'status': '200', 'content-length': '15', 'content-location': 'http://10.0.2.15:9696/v2.0/subnets?tenant_id=bb883888159146639d75fdc11e085386&amp;cidr=10.100.0.0%2F28', 'connection': 'close', 'date': 'Thu, 10 Dec 2015 14:53:30 GMT', 'content-type': 'application/json; charset=UTF-8', 'x-openstack-request-id': 'req-3cfa1edb-3c25-4350-83ff-59d501a88b22'}
        Body: {"subnets": []}
2015-12-10 14:53:30,741 23731 INFO     [tempest_lib.common.rest_client] Request (TestGettingAddress:test_dhcp6_stateless_from_os): 201 POST http://10.0.2.15:9696/v2.0/subnets 0.275s
2015-12-10 14:53:30,741 23731 DEBUG    [tempest_lib.common.rest_client] Request - Headers: {'Content-Type': 'application/json', 'Accept': 'application/json', 'X-Auth-Token': '&lt;omitted&gt;'}
        Body: {"subnet": {"ip_version": 4, "tenant_id": "bb883888159146639d75fdc11e085386", "cidr": "10.100.0.0/28", "network_id": "aa5e11c6-29ac-4b9c-924d-1c498c11e4a7", "name": "tempest-sub4-216332569"}}
    Response - Headers: {'status': '201', 'content-length': '469', 'connection': 'close', 'date': 'Thu, 10 Dec 2015 14:53:30 GMT', 'content-type': 'application/json; charset=UTF-8', 'x-openstack-request-id': 'req-a1374e24-2e2f-4aba-abf8-12632abb012f'}
        Body: {"subnet": {"name": "tempest-sub4-216332569", "enable_dhcp": true, "network_id": "aa5e11c6-29ac-4b9c-924d-1c498c11e4a7", "tenant_id": "bb883888159146639d75fdc11e085386", "dns_nameservers": [], "gateway_ip": "10.100.0.1", "ipv6_ra_mode": null, "allocation_pools": [{"start": "10.100.0.2", "end": "10.100.0.14"}], "host_routes": [], "ip_version": 4, "ipv6_address_mode": null, "cidr": "10.100.0.0/28", "id": "b8104f4c-fece-45a0-b669-61bf858869b2", "subnetpool_id": null}}
2015-12-10 14:53:30,804 23731 INFO     [tempest_lib.common.rest_client] Request (TestGettingAddress:test_dhcp6_stateless_from_os): 201 POST http://10.0.2.15:9696/v2.0/routers 0.062s
2015-12-10 14:53:30,805 23731 DEBUG    [tempest_lib.common.rest_client] Request - Headers: {'Content-Type': 'application/json', 'Accept': 'application/json', 'X-Auth-Token': '&lt;omitted&gt;'}
        Body: {"router": {"tenant_id": "bb883888159146639d75fdc11e085386", "name": "tempest-router-smoke-260676770", "admin_state_up": true}}
    Response - Headers: {'status': '201', 'content-length': '238', 'connection': 'close', 'date': 'Thu, 10 Dec 2015 14:53:30 GMT', 'content-type': 'application/json; charset=UTF-8', 'x-openstack-request-id': 'req-7e51798d-eca1-4e4e-ad7c-01be11035b35'}
        Body: {"router": {"status": "ACTIVE", "external_gateway_info": null, "name": "tempest-router-smoke-260676770", "admin_state_up": true, "tenant_id": "bb883888159146639d75fdc11e085386", "routes": [], "id": "990481f2-f64a-4948-9701-27910ebd8691"}}
2015-12-10 14:53:30,844 23731 INFO     [tempest_lib.common.rest_client] Request (TestGettingAddress:test_dhcp6_stateless_from_os): 200 GET http://10.0.2.15:9696/v2.0/routers/990481f2-f64a-4948-9701-27910ebd8691 0.038s
2015-12-10 14:53:30,845 23731 DEBUG    [tempest_lib.common.rest_client] Request - Headers: {'Content-Type': 'application/json', 'Accept': 'application/json', 'X-Auth-Token': '&lt;omitted&gt;'}
        Body: None
    Response - Headers: {'status': '200', 'content-length': '238', 'content-location': 'http://10.0.2.15:9696/v2.0/routers/990481f2-f64a-4948-9701-27910ebd8691', 'connection': 'close', 'date': 'Thu, 10 Dec 2015 14:53:30 GMT', 'content-type': 'application/json; charset=UTF-8', 'x-openstack-request-id': 'req-14c0a230-3b26-4405-9b7a-16ff679145d2'}
        Body: {"router": {"status": "ACTIVE", "external_gateway_info": null, "name": "tempest-router-smoke-260676770", "admin_state_up": true, "tenant_id": "bb883888159146639d75fdc11e085386", "routes": [], "id": "990481f2-f64a-4948-9701-27910ebd8691"}}
2015-12-10 14:53:31,380 23731 INFO     [tempest_lib.common.rest_client] Request (TestGettingAddress:test_dhcp6_stateless_from_os): 200 PUT http://10.0.2.15:9696/v2.0/routers/990481f2-f64a-4948-9701-27910ebd8691 0.534s
2015-12-10 14:53:31,380 23731 DEBUG    [tempest_lib.common.rest_client] Request - Headers: {'Content-Type': 'application/json', 'Accept': 'application/json', 'X-Auth-Token': '&lt;omitted&gt;'}
        Body: {"router": {"external_gateway_info": {"network_id": "88440093-65d5-488b-8e08-ae108040b54d"}, "name": "tempest-router-smoke-260676770", "admin_state_up": true}}
    Response - Headers: {'status': '200', 'content-length': '500', 'connection': 'close', 'date': 'Thu, 10 Dec 2015 14:53:31 GMT', 'content-type': 'application/json; charset=UTF-8', 'x-openstack-request-id': 'req-e3b98db6-73bf-482f-a19d-d0211ed508f8'}
        Body: {"router": {"status": "ACTIVE", "external_gateway_info": {"network_id": "88440093-65d5-488b-8e08-ae108040b54d", "enable_snat": true, "external_fixed_ips": [{"subnet_id": "a8726d9b-a59d-489d-8d4e-9f6dc4675c71", "ip_address": "172.24.4.3"}, {"subnet_id": "9e0fa145-a3c3-4d19-b41d-f0b2c709ead9", "ip_address": "2001:db8::3"}]}, "name": "tempest-router-smoke-260676770", "admin_state_up": true, "tenant_id": "bb883888159146639d75fdc11e085386", "routes": [], "id": "990481f2-f64a-4948-9701-27910ebd8691"}}
2015-12-10 14:53:31,813 23731 INFO     [tempest_lib.common.rest_client] Request (TestGettingAddress:test_dhcp6_stateless_from_os): 200 PUT http://10.0.2.15:9696/v2.0/routers/990481f2-f64a-4948-9701-27910ebd8691/add_router_interface 0.432s
2015-12-10 14:53:31,813 23731 DEBUG    [tempest_lib.common.rest_client] Request - Headers: {'Content-Type': 'application/json', 'Accept': 'application/json', 'X-Auth-Token': '&lt;omitted&gt;'}
        Body: {"subnet_id": "b8104f4c-fece-45a0-b669-61bf858869b2"}
    Response - Headers: {'status': '200', 'content-length': '255', 'connection': 'close', 'date': 'Thu, 10 Dec 2015 14:53:31 GMT', 'content-type': 'application/json; charset=UTF-8', 'x-openstack-request-id': 'req-0c63db84-99b5-4bb4-a490-8bdc62d2b390'}
        Body: {"subnet_id": "b8104f4c-fece-45a0-b669-61bf858869b2", "tenant_id": "bb883888159146639d75fdc11e085386", "subnet_ids": ["b8104f4c-fece-45a0-b669-61bf858869b2"], "port_id": "7a6223ac-5156-4073-9ff7-eda6c33313ef", "id": "990481f2-f64a-4948-9701-27910ebd8691"}
2015-12-10 14:53:31,958 23731 INFO     [tempest_lib.common.rest_client] Request (TestGettingAddress:test_dhcp6_stateless_from_os): 200 GET http://10.0.2.15:9696/v2.0/subnets?tenant_id=bb883888159146639d75fdc11e085386&amp;cidr=2003%3A%3A%2F64 0.143s
2015-12-10 14:53:31,959 23731 DEBUG    [tempest_lib.common.rest_client] Request - Headers: {'Content-Type': 'application/json', 'Accept': 'application/json', 'X-Auth-Token': '&lt;omitted&gt;'}
        Body: None
    Response - Headers: {'status': '200', 'content-length': '15', 'content-location': 'http://10.0.2.15:9696/v2.0/subnets?tenant_id=bb883888159146639d75fdc11e085386&amp;cidr=2003%3A%3A%2F64', 'connection': 'close', 'date': 'Thu, 10 Dec 2015 14:53:31 GMT', 'content-type': 'application/json; charset=UTF-8', 'x-openstack-request-id': 'req-f1ac84ee-b500-49e7-a8c1-b21fc7ec41d0'}
        Body: {"subnets": []}
2015-12-10 14:53:32,228 23731 INFO     [tempest_lib.common.rest_client] Request (TestGettingAddress:test_dhcp6_stateless_from_os): 201 POST http://10.0.2.15:9696/v2.0/subnets 0.268s
2015-12-10 14:53:32,228 23731 DEBUG    [tempest_lib.common.rest_client] Request - Headers: {'Content-Type': 'application/json', 'Accept': 'application/json', 'X-Auth-Token': '&lt;omitted&gt;'}
        Body: {"subnet": {"name": "tempest-sub6-1189265779", "network_id": "aa5e11c6-29ac-4b9c-924d-1c498c11e4a7", "tenant_id": "bb883888159146639d75fdc11e085386", "ipv6_ra_mode": "dhcpv6-stateless", "ip_version": 6, "ipv6_address_mode": "dhcpv6-stateless", "cidr": "2003::/64"}}
    Response - Headers: {'status': '201', 'content-length': '502', 'connection': 'close', 'date': 'Thu, 10 Dec 2015 14:53:32 GMT', 'content-type': 'application/json; charset=UTF-8', 'x-openstack-request-id': 'req-b4b2047d-1ad4-41d2-97a1-2850deb180d7'}
        Body: {"subnet": {"name": "tempest-sub6-1189265779", "enable_dhcp": true, "network_id": "aa5e11c6-29ac-4b9c-924d-1c498c11e4a7", "tenant_id": "bb883888159146639d75fdc11e085386", "dns_nameservers": [], "gateway_ip": "2003::1", "ipv6_ra_mode": "dhcpv6-stateless", "allocation_pools": [{"start": "2003::2", "end": "2003::ffff:ffff:ffff:ffff"}], "host_routes": [], "ip_version": 6, "ipv6_address_mode": "dhcpv6-stateless", "cidr": "2003::/64", "id": "8bbafda9-1512-4f7a-9d3e-45bc58871af4", "subnetpool_id": null}}
2015-12-10 14:53:32,843 23731 INFO     [tempest_lib.common.rest_client] Request (TestGettingAddress:test_dhcp6_stateless_from_os): 200 PUT http://10.0.2.15:9696/v2.0/routers/990481f2-f64a-4948-9701-27910ebd8691/add_router_interface 0.614s
2015-12-10 14:53:32,844 23731 DEBUG    [tempest_lib.common.rest_client] Request - Headers: {'Content-Type': 'application/json', 'Accept': 'application/json', 'X-Auth-Token': '&lt;omitted&gt;'}
        Body: {"subnet_id": "8bbafda9-1512-4f7a-9d3e-45bc58871af4"}
    Response - Headers: {'status': '200', 'content-length': '255', 'connection': 'close', 'date': 'Thu, 10 Dec 2015 14:53:32 GMT', 'content-type': 'application/json; charset=UTF-8', 'x-openstack-request-id': 'req-57c43166-fe90-4288-9e2d-2d0c65ca4896'}
        Body: {"subnet_id": "8bbafda9-1512-4f7a-9d3e-45bc58871af4", "tenant_id": "bb883888159146639d75fdc11e085386", "subnet_ids": ["8bbafda9-1512-4f7a-9d3e-45bc58871af4"], "port_id": "682c805e-d7d4-4e1a-8096-8f612e73e10d", "id": "990481f2-f64a-4948-9701-27910ebd8691"}
2015-12-10 14:53:32,945 23731 INFO     [tempest_lib.common.rest_client] Request (TestGettingAddress:test_dhcp6_stateless_from_os): 200 POST http://10.0.2.15:5000/v2.0/tokens
2015-12-10 14:53:32,945 23731 DEBUG    [tempest_lib.common.rest_client] Request - Headers: {'Content-Type': 'application/json', 'Accept': 'application/json'}
        Body: &lt;omitted&gt;
    Response - Headers: {'status': '200', 'content-length': '2526', 'vary': 'X-Auth-Token', 'server': 'Apache/2.4.7 (Ubuntu)', 'connection': 'close', 'date': 'Thu, 10 Dec 2015 14:53:32 GMT', 'content-type': 'application/json', 'x-openstack-request-id': 'req-0a9bc433-7f05-4243-9dac-4000b2400f04'}
        Body: {"access": {"token": {"issued_at": "2015-12-10T14:53:32.932583", "expires": "2015-12-10T15:53:32Z", "id": "533a462dfff74cf09cf4e74899e5d786", "tenant": {"description": "tempest-TestGettingAddress-1520150814-desc", "enabled": true, "id": "bb883888159146639d75fdc11e085386", "name": "tempest-TestGettingAddress-1520150814"}, "audit_ids": ["Mat-AE6lT1yiNDPxccKwTA"]}, "serviceCatalog": [{"endpoints": [{"adminURL": "http://10.0.2.15:8774/v2.1/bb883888159146639d75fdc11e085386", "region": "RegionOne", "internalURL": "http://10.0.2.15:8774/v2.1/bb883888159146639d75fdc11e085386", "id": "0caae6c684ca4dbc9d19fb4899561991", "publicURL": "http://10.0.2.15:8774/v2.1/bb883888159146639d75fdc11e085386"}], "endpoints_links": [], "type": "compute", "name": "nova"}, {"endpoints": [{"adminURL": "http://10.0.2.15:9696/", "region": "RegionOne", "internalURL": "http://10.0.2.15:9696/", "id": "470fb4db4d96446cb5816fd669e89bcd", "publicURL": "http://10.0.2.15:9696/"}], "endpoints_links": [], "type": "network", "name": "neutron"}, {"endpoints": [{"adminURL": "http://10.0.2.15:9292", "region": "RegionOne", "internalURL": "http://10.0.2.15:9292", "id": "19340da6867a494abcdb41141b00fc2b", "publicURL": "http://10.0.2.15:9292"}], "endpoints_links": [], "type": "image", "name": "glance"}, {"endpoints": [{"adminURL": "http://10.0.2.15:8774/v2/bb883888159146639d75fdc11e085386", "region": "RegionOne", "internalURL": "http://10.0.2.15:8774/v2/bb883888159146639d75fdc11e085386", "id": "05e6fe15c2e44e119a7c083c09176151", "publicURL": "http://10.0.2.15:8774/v2/bb883888159146639d75fdc11e085386"}], "endpoints_links": [], "type": "compute_legacy", "name": "nova_legacy"}, {"endpoints": [{"adminURL": "http://10.0.2.15:8773/", "region": "RegionOne", "internalURL": "http://10.0.2.15:8773/", "id": "4ab10021ed72421caf34ad881f97701f", "publicURL": "http://10.0.2.15:8773/"}], "endpoints_links": [], "type": "ec2", "name": "ec2"}, {"endpoints": [{"adminURL": "http://10.0.2.15:35357/v2.0", "region": "RegionOne", "internalURL": "http://10.0.2.15:5000/v2.0", "id": "3bf5a1470efa423a8d675d93e77774b7", "publicURL": "http://10.0.2.15:5000/v2.0"}], "endpoints_links": [], "type": "identity", "name": "keystone"}], "user": {"username": "tempest-TestGettingAddress-1238747863", "roles_links": [], "id": "dd5a016f0bf14c5e9982bc01565a0b16", "roles": [{"name": "_member_"}, {"name": "Member"}], "name": "tempest-TestGettingAddress-1238747863"}, "metadata": {"is_admin": 0, "roles": ["9fe2ff9ee4384b1894a90878d3e92bab", "1397af53ffc541ddbcdfc50035b4861a"]}}}
2015-12-10 14:53:32,949 23731 DEBUG    [tempest.common.fixed_network] (TestGettingAddress:test_dhcp6_stateless_from_os) No valid network provided or created, defaulting to fixed_network_name
2015-12-10 14:53:33,278 23731 INFO     [tempest_lib.common.rest_client] Request (TestGettingAddress:test_dhcp6_stateless_from_os): 200 GET http://10.0.2.15:8774/v2.1/bb883888159146639d75fdc11e085386/os-networks 0.327s
2015-12-10 14:53:33,279 23731 DEBUG    [tempest_lib.common.rest_client] Request - Headers: {'Content-Type': 'application/json', 'Accept': 'application/json', 'X-Auth-Token': '&lt;omitted&gt;'}
        Body: None
    Response - Headers: {'status': '200', 'content-length': '479', 'content-location': 'http://10.0.2.15:8774/v2.1/bb883888159146639d75fdc11e085386/os-networks', 'x-compute-request-id': 'req-cb7789db-2eff-480c-a32a-92b046a90a77', 'vary': 'X-OpenStack-Nova-API-Version', 'connection': 'close', 'x-openstack-nova-api-version': '2.1', 'date': 'Thu, 10 Dec 2015 14:53:33 GMT', 'content-type': 'application/json'}
        Body: {"networks": [{"cidr_v6": null, "dns2": null, "dns1": null, "gateway": null, "broadcast": null, "netmask": null, "gateway_v6": null, "cidr": null, "label": "tempest-network-smoke--2099518600", "id": "aa5e11c6-29ac-4b9c-924d-1c498c11e4a7", "netmask_v6": null}, {"cidr_v6": null, "dns2": null, "dns1": null, "gateway": null, "broadcast": null, "netmask": null, "gateway_v6": null, "cidr": null, "label": "public", "id": "88440093-65d5-488b-8e08-ae108040b54d", "netmask_v6": null}]}
2015-12-10 14:53:33,279 23731 WARNING  [tempest.common.fixed_network] (TestGettingAddress:test_dhcp6_stateless_from_os) Network with name: private not found
2015-12-10 14:53:33,280 23731 INFO     [tempest.common.fixed_network] (TestGettingAddress:test_dhcp6_stateless_from_os) Found network {} available for tenant
2015-12-10 14:53:34,471 23731 INFO     [tempest_lib.common.rest_client] Request (TestGettingAddress:test_dhcp6_stateless_from_os): 202 POST http://10.0.2.15:8774/v2.1/bb883888159146639d75fdc11e085386/servers 1.190s
2015-12-10 14:53:34,472 23731 DEBUG    [tempest_lib.common.rest_client] Request - Headers: {'Content-Type': 'application/json', 'Accept': 'application/json', 'X-Auth-Token': '&lt;omitted&gt;'}
        Body: {"server": {"name": "tempest.common.compute-instance-308541100", "imageRef": "45ac3b68-76d5-46b8-8c3e-cb28dbc2ba43", "key_name": "tempest-TestGettingAddress-1520677130", "flavorRef": "42", "networks": [{"uuid": "aa5e11c6-29ac-4b9c-924d-1c498c11e4a7"}], "security_groups": [{"name": "tempest-secgroup-smoke-2000966473"}]}}
    Response - Headers: {'status': '202', 'content-length': '462', 'x-compute-request-id': 'req-df659605-f543-4c1d-a82e-aa49bfbc26d0', 'vary': 'X-OpenStack-Nova-API-Version', 'connection': 'close', 'location': 'http://10.0.2.15:8774/v2.1/bb883888159146639d75fdc11e085386/servers/1dbad140-06b9-43c2-bbf1-f39797a8709d', 'x-openstack-nova-api-version': '2.1', 'date': 'Thu, 10 Dec 2015 14:53:34 GMT', 'content-type': 'application/json'}
        Body: {"server": {"security_groups": [{"name": "tempest-secgroup-smoke-2000966473"}], "OS-DCF:diskConfig": "MANUAL", "id": "1dbad140-06b9-43c2-bbf1-f39797a8709d", "links": [{"href": "http://10.0.2.15:8774/v2.1/bb883888159146639d75fdc11e085386/servers/1dbad140-06b9-43c2-bbf1-f39797a8709d", "rel": "self"}, {"href": "http://10.0.2.15:8774/bb883888159146639d75fdc11e085386/servers/1dbad140-06b9-43c2-bbf1-f39797a8709d", "rel": "bookmark"}], "adminPass": "w8gMSmm2hEs6"}}
2015-12-10 14:53:34,612 23731 INFO     [tempest_lib.common.rest_client] Request (TestGettingAddress:test_dhcp6_stateless_from_os): 200 GET http://10.0.2.15:8774/v2.1/bb883888159146639d75fdc11e085386/servers/1dbad140-06b9-43c2-bbf1-f39797a8709d 0.135s
2015-12-10 14:53:34,612 23731 DEBUG    [tempest_lib.common.rest_client] Request - Headers: {'Content-Type': 'application/json', 'Accept': 'application/json', 'X-Auth-Token': '&lt;omitted&gt;'}
        Body: None
    Response - Headers: {'status': '200', 'content-length': '1354', 'content-location': 'http://10.0.2.15:8774/v2.1/bb883888159146639d75fdc11e085386/servers/1dbad140-06b9-43c2-bbf1-f39797a8709d', 'x-compute-request-id': 'req-e248e50d-00fc-4cef-8310-5da0f54253e2', 'vary': 'X-OpenStack-Nova-API-Version', 'connection': 'close', 'x-openstack-nova-api-version': '2.1', 'date': 'Thu, 10 Dec 2015 14:53:34 GMT', 'content-type': 'application/json'}
        Body: {"server": {"status": "BUILD", "updated": "2015-12-10T14:53:34Z", "hostId": "", "addresses": {}, "links": [{"href": "http://10.0.2.15:8774/v2.1/bb883888159146639d75fdc11e085386/servers/1dbad140-06b9-43c2-bbf1-f39797a8709d", "rel": "self"}, {"href": "http://10.0.2.15:8774/bb883888159146639d75fdc11e085386/servers/1dbad140-06b9-43c2-bbf1-f39797a8709d", "rel": "bookmark"}], "key_name": "tempest-TestGettingAddress-1520677130", "image": {"id": "45ac3b68-76d5-46b8-8c3e-cb28dbc2ba43", "links": [{"href": "http://10.0.2.15:8774/bb883888159146639d75fdc11e085386/images/45ac3b68-76d5-46b8-8c3e-cb28dbc2ba43", "rel": "bookmark"}]}, "OS-EXT-STS:task_state": "scheduling", "OS-EXT-STS:vm_state": "building", "OS-SRV-USG:launched_at": null, "flavor": {"id": "42", "links": [{"href": "http://10.0.2.15:8774/bb883888159146639d75fdc11e085386/flavors/42", "rel": "bookmark"}]}, "id": "1dbad140-06b9-43c2-bbf1-f39797a8709d", "OS-SRV-USG:terminated_at": null, "OS-EXT-AZ:availability_zone": "", "user_id": "dd5a016f0bf14c5e9982bc01565a0b16", "name": "tempest.common.compute-instance-308541100", "created": "2015-12-10T14:53:34Z", "tenant_id": "bb883888159146639d75fdc11e085386", "OS-DCF:diskConfig": "MANUAL", "os-extended-volumes:volumes_attached": [], "accessIPv4": "", "accessIPv6": "", "progress": 0, "OS-EXT-STS:power_state": 0, "config_drive": "", "metadata": {}}}
2015-12-10 14:53:35,963 23731 INFO     [tempest_lib.common.rest_client] Request (TestGettingAddress:test_dhcp6_stateless_from_os): 200 GET http://10.0.2.15:8774/v2.1/bb883888159146639d75fdc11e085386/servers/1dbad140-06b9-43c2-bbf1-f39797a8709d 0.341s
2015-12-10 14:53:35,964 23731 DEBUG    [tempest_lib.common.rest_client] Request - Headers: {'Content-Type': 'application/json', 'Accept': 'application/json', 'X-Auth-Token': '&lt;omitted&gt;'}
        Body: None
    Response - Headers: {'status': '200', 'content-length': '1480', 'content-location': 'http://10.0.2.15:8774/v2.1/bb883888159146639d75fdc11e085386/servers/1dbad140-06b9-43c2-bbf1-f39797a8709d', 'x-compute-request-id': 'req-37507440-7bae-4bc6-a69e-686d50e3504e', 'vary': 'X-OpenStack-Nova-API-Version', 'connection': 'close', 'x-openstack-nova-api-version': '2.1', 'date': 'Thu, 10 Dec 2015 14:53:35 GMT', 'content-type': 'application/json'}
        Body: {"server": {"status": "BUILD", "updated": "2015-12-10T14:53:35Z", "hostId": "5be986599b0d02fafb97ae008262d64a9a046eb3bf6c6c740231be3b", "addresses": {}, "links": [{"href": "http://10.0.2.15:8774/v2.1/bb883888159146639d75fdc11e085386/servers/1dbad140-06b9-43c2-bbf1-f39797a8709d", "rel": "self"}, {"href": "http://10.0.2.15:8774/bb883888159146639d75fdc11e085386/servers/1dbad140-06b9-43c2-bbf1-f39797a8709d", "rel": "bookmark"}], "key_name": "tempest-TestGettingAddress-1520677130", "image": {"id": "45ac3b68-76d5-46b8-8c3e-cb28dbc2ba43", "links": [{"href": "http://10.0.2.15:8774/bb883888159146639d75fdc11e085386/images/45ac3b68-76d5-46b8-8c3e-cb28dbc2ba43", "rel": "bookmark"}]}, "OS-EXT-STS:task_state": "spawning", "OS-EXT-STS:vm_state": "building", "OS-SRV-USG:launched_at": null, "flavor": {"id": "42", "links": [{"href": "http://10.0.2.15:8774/bb883888159146639d75fdc11e085386/flavors/42", "rel": "bookmark"}]}, "id": "1dbad140-06b9-43c2-bbf1-f39797a8709d", "security_groups": [{"name": "tempest-secgroup-smoke-2000966473"}], "OS-SRV-USG:terminated_at": null, "OS-EXT-AZ:availability_zone": "nova", "user_id": "dd5a016f0bf14c5e9982bc01565a0b16", "name": "tempest.common.compute-instance-308541100", "created": "2015-12-10T14:53:34Z", "tenant_id": "bb883888159146639d75fdc11e085386", "OS-DCF:diskConfig": "MANUAL", "os-extended-volumes:volumes_attached": [], "accessIPv4": "", "accessIPv6": "", "progress": 0, "OS-EXT-STS:power_state": 0, "config_drive": "", "metadata": {}}}
2015-12-10 14:53:35,972 23731 INFO     [tempest.common.waiters] State transition "BUILD/scheduling" ==&gt; "BUILD/spawning" after 1 second wait
2015-12-10 14:53:37,197 23731 INFO     [tempest_lib.common.rest_client] Request (TestGettingAddress:test_dhcp6_stateless_from_os): 200 GET http://10.0.2.15:8774/v2.1/bb883888159146639d75fdc11e085386/servers/1dbad140-06b9-43c2-bbf1-f39797a8709d 0.223s
2015-12-10 14:53:37,197 23731 DEBUG    [tempest_lib.common.rest_client] Request - Headers: {'Content-Type': 'application/json', 'Accept': 'application/json', 'X-Auth-Token': '&lt;omitted&gt;'}
        Body: None
    Response - Headers: {'status': '200', 'content-length': '1480', 'content-location': 'http://10.0.2.15:8774/v2.1/bb883888159146639d75fdc11e085386/servers/1dbad140-06b9-43c2-bbf1-f39797a8709d', 'x-compute-request-id': 'req-68f98441-2bd7-4426-86a4-a1d1b23ee12f', 'vary': 'X-OpenStack-Nova-API-Version', 'connection': 'close', 'x-openstack-nova-api-version': '2.1', 'date': 'Thu, 10 Dec 2015 14:53:37 GMT', 'content-type': 'application/json'}
        Body: {"server": {"status": "BUILD", "updated": "2015-12-10T14:53:35Z", "hostId": "5be986599b0d02fafb97ae008262d64a9a046eb3bf6c6c740231be3b", "addresses": {}, "links": [{"href": "http://10.0.2.15:8774/v2.1/bb883888159146639d75fdc11e085386/servers/1dbad140-06b9-43c2-bbf1-f39797a8709d", "rel": "self"}, {"href": "http://10.0.2.15:8774/bb883888159146639d75fdc11e085386/servers/1dbad140-06b9-43c2-bbf1-f39797a8709d", "rel": "bookmark"}], "key_name": "tempest-TestGettingAddress-1520677130", "image": {"id": "45ac3b68-76d5-46b8-8c3e-cb28dbc2ba43", "links": [{"href": "http://10.0.2.15:8774/bb883888159146639d75fdc11e085386/images/45ac3b68-76d5-46b8-8c3e-cb28dbc2ba43", "rel": "bookmark"}]}, "OS-EXT-STS:task_state": "spawning", "OS-EXT-STS:vm_state": "building", "OS-SRV-USG:launched_at": null, "flavor": {"id": "42", "links": [{"href": "http://10.0.2.15:8774/bb883888159146639d75fdc11e085386/flavors/42", "rel": "bookmark"}]}, "id": "1dbad140-06b9-43c2-bbf1-f39797a8709d", "security_groups": [{"name": "tempest-secgroup-smoke-2000966473"}], "OS-SRV-USG:terminated_at": null, "OS-EXT-AZ:availability_zone": "nova", "user_id": "dd5a016f0bf14c5e9982bc01565a0b16", "name": "tempest.common.compute-instance-308541100", "created": "2015-12-10T14:53:34Z", "tenant_id": "bb883888159146639d75fdc11e085386", "OS-DCF:diskConfig": "MANUAL", "os-extended-volumes:volumes_attached": [], "accessIPv4": "", "accessIPv6": "", "progress": 0, "OS-EXT-STS:power_state": 0, "config_drive": "", "metadata": {}}}
2015-12-10 14:53:38,405 23731 INFO     [tempest_lib.common.rest_client] Request (TestGettingAddress:test_dhcp6_stateless_from_os): 200 GET http://10.0.2.15:8774/v2.1/bb883888159146639d75fdc11e085386/servers/1dbad140-06b9-43c2-bbf1-f39797a8709d 0.198s
2015-12-10 14:53:38,406 23731 DEBUG    [tempest_lib.common.rest_client] Request - Headers: {'Content-Type': 'application/json', 'Accept': 'application/json', 'X-Auth-Token': '&lt;omitted&gt;'}
        Body: None
    Response - Headers: {'status': '200', 'content-length': '1781', 'content-location': 'http://10.0.2.15:8774/v2.1/bb883888159146639d75fdc11e085386/servers/1dbad140-06b9-43c2-bbf1-f39797a8709d', 'x-compute-request-id': 'req-5256e258-c124-4fc4-b2b1-960e912398f1', 'vary': 'X-OpenStack-Nova-API-Version', 'connection': 'close', 'x-openstack-nova-api-version': '2.1', 'date': 'Thu, 10 Dec 2015 14:53:38 GMT', 'content-type': 'application/json'}
        Body: {"server": {"status": "ACTIVE", "updated": "2015-12-10T14:53:37Z", "hostId": "5be986599b0d02fafb97ae008262d64a9a046eb3bf6c6c740231be3b", "addresses": {"tempest-network-smoke--2099518600": [{"OS-EXT-IPS-MAC:mac_addr": "fa:16:3e:f0:4a:36", "version": 6, "addr": "2003::f816:3eff:fef0:4a36", "OS-EXT-IPS:type": "fixed"}, {"OS-EXT-IPS-MAC:mac_addr": "fa:16:3e:f0:4a:36", "version": 4, "addr": "10.100.0.3", "OS-EXT-IPS:type": "fixed"}]}, "links": [{"href": "http://10.0.2.15:8774/v2.1/bb883888159146639d75fdc11e085386/servers/1dbad140-06b9-43c2-bbf1-f39797a8709d", "rel": "self"}, {"href": "http://10.0.2.15:8774/bb883888159146639d75fdc11e085386/servers/1dbad140-06b9-43c2-bbf1-f39797a8709d", "rel": "bookmark"}], "key_name": "tempest-TestGettingAddress-1520677130", "image": {"id": "45ac3b68-76d5-46b8-8c3e-cb28dbc2ba43", "links": [{"href": "http://10.0.2.15:8774/bb883888159146639d75fdc11e085386/images/45ac3b68-76d5-46b8-8c3e-cb28dbc2ba43", "rel": "bookmark"}]}, "OS-EXT-STS:task_state": null, "OS-EXT-STS:vm_state": "active", "OS-SRV-USG:launched_at": "2015-12-10T14:53:37.000000", "flavor": {"id": "42", "links": [{"href": "http://10.0.2.15:8774/bb883888159146639d75fdc11e085386/flavors/42", "rel": "bookmark"}]}, "id": "1dbad140-06b9-43c2-bbf1-f39797a8709d", "security_groups": [{"name": "tempest-secgroup-smoke-2000966473"}], "OS-SRV-USG:terminated_at": null, "OS-EXT-AZ:availability_zone": "nova", "user_id": "dd5a016f0bf14c5e9982bc01565a0b16", "name": "tempest.common.compute-instance-308541100", "created": "2015-12-10T14:53:34Z", "tenant_id": "bb883888159146639d75fdc11e085386", "OS-DCF:diskConfig": "MANUAL", "os-extended-volumes:volumes_attached": [], "accessIPv4": "", "accessIPv6": "", "progress": 0, "OS-EXT-STS:power_state": 1, "config_drive": "True", "metadata": {}}}
2015-12-10 14:53:38,414 23731 INFO     [tempest.common.waiters] State transition "BUILD/spawning" ==&gt; "ACTIVE/None" after 4 second wait
2015-12-10 14:53:38,593 23731 INFO     [tempest_lib.common.rest_client] Request (TestGettingAddress:test_dhcp6_stateless_from_os): 200 GET http://10.0.2.15:8774/v2.1/bb883888159146639d75fdc11e085386/servers/1dbad140-06b9-43c2-bbf1-f39797a8709d 0.178s
2015-12-10 14:53:38,593 23731 DEBUG    [tempest_lib.common.rest_client] Request - Headers: {'Content-Type': 'application/json', 'Accept': 'application/json', 'X-Auth-Token': '&lt;omitted&gt;'}
        Body: None
    Response - Headers: {'status': '200', 'content-length': '1781', 'content-location': 'http://10.0.2.15:8774/v2.1/bb883888159146639d75fdc11e085386/servers/1dbad140-06b9-43c2-bbf1-f39797a8709d', 'x-compute-request-id': 'req-3f80a04e-23b0-420e-b68f-f122cb7405f6', 'vary': 'X-OpenStack-Nova-API-Version', 'connection': 'close', 'x-openstack-nova-api-version': '2.1', 'date': 'Thu, 10 Dec 2015 14:53:38 GMT', 'content-type': 'application/json'}
        Body: {"server": {"status": "ACTIVE", "updated": "2015-12-10T14:53:37Z", "hostId": "5be986599b0d02fafb97ae008262d64a9a046eb3bf6c6c740231be3b", "addresses": {"tempest-network-smoke--2099518600": [{"OS-EXT-IPS-MAC:mac_addr": "fa:16:3e:f0:4a:36", "version": 6, "addr": "2003::f816:3eff:fef0:4a36", "OS-EXT-IPS:type": "fixed"}, {"OS-EXT-IPS-MAC:mac_addr": "fa:16:3e:f0:4a:36", "version": 4, "addr": "10.100.0.3", "OS-EXT-IPS:type": "fixed"}]}, "links": [{"href": "http://10.0.2.15:8774/v2.1/bb883888159146639d75fdc11e085386/servers/1dbad140-06b9-43c2-bbf1-f39797a8709d", "rel": "self"}, {"href": "http://10.0.2.15:8774/bb883888159146639d75fdc11e085386/servers/1dbad140-06b9-43c2-bbf1-f39797a8709d", "rel": "bookmark"}], "key_name": "tempest-TestGettingAddress-1520677130", "image": {"id": "45ac3b68-76d5-46b8-8c3e-cb28dbc2ba43", "links": [{"href": "http://10.0.2.15:8774/bb883888159146639d75fdc11e085386/images/45ac3b68-76d5-46b8-8c3e-cb28dbc2ba43", "rel": "bookmark"}]}, "OS-EXT-STS:task_state": null, "OS-EXT-STS:vm_state": "active", "OS-SRV-USG:launched_at": "2015-12-10T14:53:37.000000", "flavor": {"id": "42", "links": [{"href": "http://10.0.2.15:8774/bb883888159146639d75fdc11e085386/flavors/42", "rel": "bookmark"}]}, "id": "1dbad140-06b9-43c2-bbf1-f39797a8709d", "security_groups": [{"name": "tempest-secgroup-smoke-2000966473"}], "OS-SRV-USG:terminated_at": null, "OS-EXT-AZ:availability_zone": "nova", "user_id": "dd5a016f0bf14c5e9982bc01565a0b16", "name": "tempest.common.compute-instance-308541100", "created": "2015-12-10T14:53:34Z", "tenant_id": "bb883888159146639d75fdc11e085386", "OS-DCF:diskConfig": "MANUAL", "os-extended-volumes:volumes_attached": [], "accessIPv4": "", "accessIPv6": "", "progress": 0, "OS-EXT-STS:power_state": 1, "config_drive": "True", "metadata": {}}}
2015-12-10 14:53:38,631 23731 INFO     [tempest_lib.common.rest_client] Request (TestGettingAddress:test_dhcp6_stateless_from_os): 200 GET http://10.0.2.15:9696/v2.0/ports?status=ACTIVE&amp;fixed_ip=None&amp;device_id=1dbad140-06b9-43c2-bbf1-f39797a8709d 0.029s
2015-12-10 14:53:38,632 23731 DEBUG    [tempest_lib.common.rest_client] Request - Headers: {'Content-Type': 'application/json', 'Accept': 'application/json', 'X-Auth-Token': '&lt;omitted&gt;'}
        Body: None
    Response - Headers: {'status': '200', 'content-length': '1142', 'content-location': 'http://10.0.2.15:9696/v2.0/ports?status=ACTIVE&amp;fixed_ip=None&amp;device_id=1dbad140-06b9-43c2-bbf1-f39797a8709d', 'connection': 'close', 'date': 'Thu, 10 Dec 2015 14:53:38 GMT', 'content-type': 'application/json; charset=UTF-8', 'x-openstack-request-id': 'req-cfb887e4-8854-4fee-957e-fc3982ee10da'}
        Body: {"ports": [{"status": "ACTIVE", "binding:host_id": "vagrant-ubuntu-trusty-64", "allowed_address_pairs": [], "extra_dhcp_opts": [], "dns_assignment": [{"hostname": "host-10-100-0-3", "ip_address": "10.100.0.3", "fqdn": "host-10-100-0-3.openstacklocal."}, {"hostname": "host-2003--f816-3eff-fef0-4a36", "ip_address": "2003::f816:3eff:fef0:4a36", "fqdn": "host-2003--f816-3eff-fef0-4a36.openstacklocal."}], "device_owner": "compute:None", "port_security_enabled": true, "binding:profile": {}, "fixed_ips": [{"subnet_id": "b8104f4c-fece-45a0-b669-61bf858869b2", "ip_address": "10.100.0.3"}, {"subnet_id": "8bbafda9-1512-4f7a-9d3e-45bc58871af4", "ip_address": "2003::f816:3eff:fef0:4a36"}], "id": "ae01eff5-1441-4cc2-a2b7-e6e6fc693dac", "security_groups": ["3b1a8e31-a87d-436b-9e8d-c517ccbc0d30"], "device_id": "1dbad140-06b9-43c2-bbf1-f39797a8709d", "name": "", "admin_state_up": true, "network_id": "aa5e11c6-29ac-4b9c-924d-1c498c11e4a7", "dns_name": "", "binding:vif_details": {"port_filter": true}, "binding:vnic_type": "normal", "binding:vif_type": "ovs", "tenant_id": "bb883888159146639d75fdc11e085386", "mac_address": "fa:16:3e:f0:4a:36"}]}
2015-12-10 14:53:39,143 23731 INFO     [tempest_lib.common.rest_client] Request (TestGettingAddress:test_dhcp6_stateless_from_os): 201 POST http://10.0.2.15:9696/v2.0/floatingips 0.511s
2015-12-10 14:53:39,144 23731 DEBUG    [tempest_lib.common.rest_client] Request - Headers: {'Content-Type': 'application/json', 'Accept': 'application/json', 'X-Auth-Token': '&lt;omitted&gt;'}
        Body: {"floatingip": {"floating_network_id": "88440093-65d5-488b-8e08-ae108040b54d", "tenant_id": "bb883888159146639d75fdc11e085386", "fixed_ip_address": "10.100.0.3", "port_id": "ae01eff5-1441-4cc2-a2b7-e6e6fc693dac"}}
    Response - Headers: {'status': '201', 'content-length': '367', 'connection': 'close', 'date': 'Thu, 10 Dec 2015 14:53:39 GMT', 'content-type': 'application/json; charset=UTF-8', 'x-openstack-request-id': 'req-9d73bb9a-08c6-4c11-8022-52f8d45c78ef'}
        Body: {"floatingip": {"floating_network_id": "88440093-65d5-488b-8e08-ae108040b54d", "router_id": "990481f2-f64a-4948-9701-27910ebd8691", "fixed_ip_address": "10.100.0.3", "floating_ip_address": "172.24.4.4", "tenant_id": "bb883888159146639d75fdc11e085386", "status": "DOWN", "port_id": "ae01eff5-1441-4cc2-a2b7-e6e6fc693dac", "id": "5a20562c-34c4-4b2a-91cd-bb2a7c2d593a"}}
2015-12-10 14:53:39,145 23731 INFO     [tempest_lib.common.ssh] Creating ssh connection to '172.24.4.4' as 'cirros' with public key authentication
2015-12-10 14:53:42,972 23731 WARNING  [tempest_lib.common.ssh] Failed to establish authenticated ssh connection to cirros@172.24.4.4 ([Errno None] Unable to connect to port 22 on  or 172.24.4.4). Number attempts: 1. Retry after 2 seconds.
2015-12-10 14:53:48,472 23731 WARNING  [tempest_lib.common.ssh] Failed to establish authenticated ssh connection to cirros@172.24.4.4 ([Errno None] Unable to connect to port 22 on  or 172.24.4.4). Number attempts: 2. Retry after 3 seconds.
2015-12-10 14:53:54,976 23731 WARNING  [tempest_lib.common.ssh] Failed to establish authenticated ssh connection to cirros@172.24.4.4 ([Errno None] Unable to connect to port 22 on  or 172.24.4.4). Number attempts: 3. Retry after 4 seconds.
2015-12-10 14:54:02,481 23731 WARNING  [tempest_lib.common.ssh] Failed to establish authenticated ssh connection to cirros@172.24.4.4 ([Errno None] Unable to connect to port 22 on  or 172.24.4.4). Number attempts: 4. Retry after 5 seconds.
2015-12-10 14:54:10,984 23731 WARNING  [tempest_lib.common.ssh] Failed to establish authenticated ssh connection to cirros@172.24.4.4 ([Errno None] Unable to connect to port 22 on  or 172.24.4.4). Number attempts: 5. Retry after 6 seconds.
2015-12-10 14:54:20,488 23731 WARNING  [tempest_lib.common.ssh] Failed to establish authenticated ssh connection to cirros@172.24.4.4 ([Errno None] Unable to connect to port 22 on  or 172.24.4.4). Number attempts: 6. Retry after 7 seconds.
2015-12-10 14:54:30,996 23731 WARNING  [tempest_lib.common.ssh] Failed to establish authenticated ssh connection to cirros@172.24.4.4 ([Errno None] Unable to connect to port 22 on  or 172.24.4.4). Number attempts: 7. Retry after 8 seconds.
2015-12-10 14:54:42,504 23731 WARNING  [tempest_lib.common.ssh] Failed to establish authenticated ssh connection to cirros@172.24.4.4 ([Errno None] Unable to connect to port 22 on  or 172.24.4.4). Number attempts: 8. Retry after 9 seconds.
2015-12-10 14:54:55,012 23731 WARNING  [tempest_lib.common.ssh] Failed to establish authenticated ssh connection to cirros@172.24.4.4 ([Errno None] Unable to connect to port 22 on  or 172.24.4.4). Number attempts: 9. Retry after 10 seconds.
2015-12-10 14:55:08,525 23731 WARNING  [tempest_lib.common.ssh] Failed to establish authenticated ssh connection to cirros@172.24.4.4 ([Errno None] Unable to connect to port 22 on  or 172.24.4.4). Number attempts: 10. Retry after 11 seconds.
2015-12-10 14:55:23,037 23731 WARNING  [tempest_lib.common.ssh] Failed to establish authenticated ssh connection to cirros@172.24.4.4 ([Errno None] Unable to connect to port 22 on  or 172.24.4.4). Number attempts: 11. Retry after 12 seconds.
2015-12-10 14:55:38,549 23731 WARNING  [tempest_lib.common.ssh] Failed to establish authenticated ssh connection to cirros@172.24.4.4 ([Errno None] Unable to connect to port 22 on  or 172.24.4.4). Number attempts: 12. Retry after 13 seconds.
2015-12-10 14:55:55,056 23731 WARNING  [tempest_lib.common.ssh] Failed to establish authenticated ssh connection to cirros@172.24.4.4 ([Errno None] Unable to connect to port 22 on  or 172.24.4.4). Number attempts: 13. Retry after 14 seconds.
2015-12-10 14:56:12,573 23731 WARNING  [tempest_lib.common.ssh] Failed to establish authenticated ssh connection to cirros@172.24.4.4 ([Errno None] Unable to connect to port 22 on  or 172.24.4.4). Number attempts: 14. Retry after 15 seconds.
2015-12-10 14:56:31,088 23731 WARNING  [tempest_lib.common.ssh] Failed to establish authenticated ssh connection to cirros@172.24.4.4 ([Errno None] Unable to connect to port 22 on  or 172.24.4.4). Number attempts: 15. Retry after 16 seconds.
2015-12-10 14:56:50,600 23731 WARNING  [tempest_lib.common.ssh] Failed to establish authenticated ssh connection to cirros@172.24.4.4 ([Errno None] Unable to connect to port 22 on  or 172.24.4.4). Number attempts: 16. Retry after 17 seconds.
2015-12-10 14:57:11,120 23731 ERROR    [tempest_lib.common.ssh] Failed to establish authenticated ssh connection to cirros@172.24.4.4 after 16 attempts
2015-12-10 14:57:11.120 23731 ERROR tempest_lib.common.ssh Traceback (most recent call last):
2015-12-10 14:57:11.120 23731 ERROR tempest_lib.common.ssh   File "/usr/local/lib/python2.7/dist-packages/tempest_lib/common/ssh.py", line 75, in _get_ssh_connection
2015-12-10 14:57:11.120 23731 ERROR tempest_lib.common.ssh     timeout=self.channel_timeout, pkey=self.pkey)
2015-12-10 14:57:11.120 23731 ERROR tempest_lib.common.ssh   File "/usr/local/lib/python2.7/dist-packages/paramiko/client.py", line 311, in connect
2015-12-10 14:57:11.120 23731 ERROR tempest_lib.common.ssh     raise NoValidConnectionsError(errors)
2015-12-10 14:57:11.120 23731 ERROR tempest_lib.common.ssh NoValidConnectionsError: [Errno None] Unable to connect to port 22 on  or 172.24.4.4
2015-12-10 14:57:11.120 23731 ERROR tempest_lib.common.ssh 
2015-12-10 14:57:11,121 23731 ERROR    [tempest.scenario.manager] (TestGettingAddress:test_dhcp6_stateless_from_os) Initializing SSH connection to 172.24.4.4 failed. Error: Connection to the 172.24.4.4 via SSH timed out.
User: cirros, Password: None
2015-12-10 14:57:11.121 23731 ERROR tempest.scenario.manager Traceback (most recent call last):
2015-12-10 14:57:11.121 23731 ERROR tempest.scenario.manager   File "tempest/scenario/manager.py", line 383, in get_remote_client
2015-12-10 14:57:11.121 23731 ERROR tempest.scenario.manager     linux_client.validate_authentication()
2015-12-10 14:57:11.121 23731 ERROR tempest.scenario.manager   File "tempest/common/utils/linux/remote_client.py", line 63, in validate_authentication
2015-12-10 14:57:11.121 23731 ERROR tempest.scenario.manager     self.ssh_client.test_connection_auth()
2015-12-10 14:57:11.121 23731 ERROR tempest.scenario.manager   File "/usr/local/lib/python2.7/dist-packages/tempest_lib/common/ssh.py", line 167, in test_connection_auth
2015-12-10 14:57:11.121 23731 ERROR tempest.scenario.manager     connection = self._get_ssh_connection()
2015-12-10 14:57:11.121 23731 ERROR tempest.scenario.manager   File "/usr/local/lib/python2.7/dist-packages/tempest_lib/common/ssh.py", line 87, in _get_ssh_connection
2015-12-10 14:57:11.121 23731 ERROR tempest.scenario.manager     password=self.password)
2015-12-10 14:57:11.121 23731 ERROR tempest.scenario.manager SSHTimeout: Connection to the 172.24.4.4 via SSH timed out.
2015-12-10 14:57:11.121 23731 ERROR tempest.scenario.manager User: cirros, Password: None
2015-12-10 14:57:11.121 23731 ERROR tempest.scenario.manager 
2015-12-10 14:57:11,202 23731 INFO     [tempest_lib.common.rest_client] Request (TestGettingAddress:test_dhcp6_stateless_from_os): 200 GET http://10.0.2.15:8774/v2.1/bb883888159146639d75fdc11e085386/servers 0.078s
2015-12-10 14:57:11,202 23731 DEBUG    [tempest_lib.common.rest_client] Request - Headers: {'Content-Type': 'application/json', 'Accept': 'application/json', 'X-Auth-Token': '&lt;omitted&gt;'}
        Body: None
    Response - Headers: {'status': '200', 'content-length': '390', 'content-location': 'http://10.0.2.15:8774/v2.1/bb883888159146639d75fdc11e085386/servers', 'x-compute-request-id': 'req-a8adb22a-e9a2-4e3b-9363-50f6e037ff51', 'vary': 'X-OpenStack-Nova-API-Version', 'connection': 'close', 'x-openstack-nova-api-version': '2.1', 'date': 'Thu, 10 Dec 2015 14:57:11 GMT', 'content-type': 'application/json'}
        Body: {"servers": [{"id": "1dbad140-06b9-43c2-bbf1-f39797a8709d", "links": [{"href": "http://10.0.2.15:8774/v2.1/bb883888159146639d75fdc11e085386/servers/1dbad140-06b9-43c2-bbf1-f39797a8709d", "rel": "self"}, {"href": "http://10.0.2.15:8774/bb883888159146639d75fdc11e085386/servers/1dbad140-06b9-43c2-bbf1-f39797a8709d", "rel": "bookmark"}], "name": "tempest.common.compute-instance-308541100"}]}
2015-12-10 14:57:11,432 23731 INFO     [tempest_lib.common.rest_client] Request (TestGettingAddress:test_dhcp6_stateless_from_os): 200 POST http://10.0.2.15:8774/v2.1/bb883888159146639d75fdc11e085386/servers/1dbad140-06b9-43c2-bbf1-f39797a8709d/action 0.223s
2015-12-10 14:57:11,432 23731 DEBUG    [tempest_lib.common.rest_client] Request - Headers: {'Content-Type': 'application/json', 'Accept': 'application/json', 'X-Auth-Token': '&lt;omitted&gt;'}
        Body: {"os-getConsoleOutput": {}}
    Response - Headers: {'status': '200', 'content-length': '24484', 'x-compute-request-id': 'req-6e7e01a5-d568-486a-ad0a-fe1070353395', 'vary': 'X-OpenStack-Nova-API-Version', 'connection': 'close', 'x-openstack-nova-api-version': '2.1', 'date': 'Thu, 10 Dec 2015 14:57:11 GMT', 'content-type': 'application/json'}
        Body: {"output": "[    0.000000] Initializing cgroup subsys cpuset\n[    0.000000] Initializing cgroup subsys cpu\n[    0.000000] Linux version 3.2.0-80-virtual (buildd@batsu) (gcc version 4.6.3 (Ubuntu/Linaro 4.6.3-1ubuntu5) ) #116-Ubuntu SMP Mon Mar 23 17:28:52 UTC 2015 (Ubuntu 3.2.0-80.116-virtual 3.2.68)\n[    0.000000] Command line: root=/dev/vda console=tty0 console=ttyS0 no_timer_check\n[    0.000000] KERNEL supported cpus:\n[    0.000000]   Intel GenuineIntel\n[    0.000000]   AMD AuthenticAMD\n[    0.000000]   Centaur CentaurHauls\n[    0.000000] BIOS-provided physical RAM map:\n[    0.000000]  BIOS-e820: 0000000000000000 - 000000000009fc00 (usable)\n[    0.000000]  BIOS-e820: 000000000009fc00 - 00000000000a0000 (reserved)\n[    0.000000]  BIOS-e820: 00000000000f0000 - 0000000000100000 (reserved)\n[    0.000000]  BIOS-e820: 0000000000100000 - 0000000003ffe000 (usable)\n[    0.000000]  BIOS-e820: 0000000003ffe000 - 0000000004000000 (reserved)\n[    0.000000]  BIOS-e820: 00000000fffc0000 - 0000000100000000 (reserved)\n[    0.000000] NX (Execute Disable) protection: active\n[    0.000000] SMBIOS 2.4 present.\n[    0.000000] No AGP bridge found\n[    0.000000] last_pfn = 0x3ffe max_arch_pfn = 0x400000000\n[    0.000000] x86 PAT enabled: cpu 0, old 0x7040600070406, new 0x7010600070106\n[    0.000000] found SMP MP-table at [ffff8800000f0b00] f0b00\n[    0.000000] init_memory_mapping: 0000000000000000-0000000003ffe000\n[    0.000000] RAMDISK: 03c5e000 - 03ff0000\n[    0.000000] ACPI: RSDP 00000000000f0950 00014 (v00 BOCHS )\n[    0.000000] ACPI: RSDT 0000000003fffbc1 00034 (v01 BOCHS  BXPCRSDT 00000001 BXPC 00000001)\n[    0.000000] ACPI: FACP 0000000003fff1c0 00074 (v01 BOCHS  BXPCFACP 00000001 BXPC 00000001)\n[    0.000000] ACPI: DSDT 0000000003ffe040 01180 (v01 BOCHS  BXPCDSDT 00000001 BXPC 00000001)\n[    0.000000] ACPI: FACS 0000000003ffe000 00040\n[    0.000000] ACPI: SSDT 0000000003fff234 008DD (v01 BOCHS  BXPCSSDT 00000001 BXPC 00000001)\n[    0.000000] ACPI: APIC 0000000003fffb11 00078 (v01 BOCHS  BXPCAPIC 00000001 BXPC 00000001)\n[    0.000000] ACPI: HPET 0000000003fffb89 00038 (v01 BOCHS  BXPCHPET 00000001 BXPC 00000001)\n[    0.000000] No NUMA configuration found\n[    0.000000] Faking a node at 0000000000000000-0000000003ffe000\n[    0.000000] Initmem setup node 0 0000000000000000-0000000003ffe000\n[    0.000000]   NODE_DATA [0000000003ff6000 - 0000000003ffafff]\n[    0.000000] Zone PFN ranges:\n[    0.000000]   DMA      0x00000010 -&gt; 0x00001000\n[    0.000000]   DMA32    0x00001000 -&gt; 0x00100000\n[    0.000000]   Normal   empty\n[    0.000000] Movable zone start PFN for each node\n[    0.000000] early_node_map[2] active PFN ranges\n[    0.000000]     0: 0x00000010 -&gt; 0x0000009f\n[    0.000000]     0: 0x00000100 -&gt; 0x00003ffe\n[    0.000000] ACPI: PM-Timer IO Port: 0xb008\n[    0.000000] ACPI: LAPIC (acpi_id[0x00] lapic_id[0x00] enabled)\n[    0.000000] ACPI: LAPIC_NMI (acpi_id[0xff] dfl dfl lint[0x1])\n[    0.000000] ACPI: IOAPIC (id[0x00] address[0xfec00000] gsi_base[0])\n[    0.000000] IOAPIC[0]: apic_id 0, version 17, address 0xfec00000, GSI 0-23\n[    0.000000] ACPI: INT_SRC_OVR (bus 0 bus_irq 0 global_irq 2 dfl dfl)\n[    0.000000] ACPI: INT_SRC_OVR (bus 0 bus_irq 5 global_irq 5 high level)\n[    0.000000] ACPI: INT_SRC_OVR (bus 0 bus_irq 9 global_irq 9 high level)\n[    0.000000] ACPI: INT_SRC_OVR (bus 0 bus_irq 10 global_irq 10 high level)\n[    0.000000] ACPI: INT_SRC_OVR (bus 0 bus_irq 11 global_irq 11 high level)\n[    0.000000] Using ACPI (MADT) for SMP configuration information\n[    0.000000] ACPI: HPET id: 0x8086a201 base: 0xfed00000\n[    0.000000] SMP: Allowing 1 CPUs, 0 hotplug CPUs\n[    0.000000] PM: Registered nosave memory: 000000000009f000 - 00000000000a0000\n[    0.000000] PM: Registered nosave memory: 00000000000a0000 - 00000000000f0000\n[    0.000000] PM: Registered nosave memory: 00000000000f0000 - 0000000000100000\n[    0.000000] Allocating PCI resources starting at 4000000 (gap: 4000000:fbfc0000)\n[    0.000000] Booting paravirtualized kernel on bare hardware\n[    0.000000] setup_pe
2015-12-10 14:57:11,436 23731 DEBUG    [tempest.scenario.manager] Console output for 1dbad140-06b9-43c2-bbf1-f39797a8709d
body=
[    0.000000] Initializing cgroup subsys cpuset
[    0.000000] Initializing cgroup subsys cpu
[    0.000000] Linux version 3.2.0-80-virtual (buildd@batsu) (gcc version 4.6.3 (Ubuntu/Linaro 4.6.3-1ubuntu5) ) #116-Ubuntu SMP Mon Mar 23 17:28:52 UTC 2015 (Ubuntu 3.2.0-80.116-virtual 3.2.68)
[    0.000000] Command line: root=/dev/vda console=tty0 console=ttyS0 no_timer_check
[    0.000000] KERNEL supported cpus:
[    0.000000]   Intel GenuineIntel
[    0.000000]   AMD AuthenticAMD
[    0.000000]   Centaur CentaurHauls
[    0.000000] BIOS-provided physical RAM map:
[    0.000000]  BIOS-e820: 0000000000000000 - 000000000009fc00 (usable)
[    0.000000]  BIOS-e820: 000000000009fc00 - 00000000000a0000 (reserved)
[    0.000000]  BIOS-e820: 00000000000f0000 - 0000000000100000 (reserved)
[    0.000000]  BIOS-e820: 0000000000100000 - 0000000003ffe000 (usable)
[    0.000000]  BIOS-e820: 0000000003ffe000 - 0000000004000000 (reserved)
[    0.000000]  BIOS-e820: 00000000fffc0000 - 0000000100000000 (reserved)
[    0.000000] NX (Execute Disable) protection: active
[    0.000000] SMBIOS 2.4 present.
[    0.000000] No AGP bridge found
[    0.000000] last_pfn = 0x3ffe max_arch_pfn = 0x400000000
[    0.000000] x86 PAT enabled: cpu 0, old 0x7040600070406, new 0x7010600070106
[    0.000000] found SMP MP-table at [ffff8800000f0b00] f0b00
[    0.000000] init_memory_mapping: 0000000000000000-0000000003ffe000
[    0.000000] RAMDISK: 03c5e000 - 03ff0000
[    0.000000] ACPI: RSDP 00000000000f0950 00014 (v00 BOCHS )
[    0.000000] ACPI: RSDT 0000000003fffbc1 00034 (v01 BOCHS  BXPCRSDT 00000001 BXPC 00000001)
[    0.000000] ACPI: FACP 0000000003fff1c0 00074 (v01 BOCHS  BXPCFACP 00000001 BXPC 00000001)
[    0.000000] ACPI: DSDT 0000000003ffe040 01180 (v01 BOCHS  BXPCDSDT 00000001 BXPC 00000001)
[    0.000000] ACPI: FACS 0000000003ffe000 00040
[    0.000000] ACPI: SSDT 0000000003fff234 008DD (v01 BOCHS  BXPCSSDT 00000001 BXPC 00000001)
[    0.000000] ACPI: APIC 0000000003fffb11 00078 (v01 BOCHS  BXPCAPIC 00000001 BXPC 00000001)
[    0.000000] ACPI: HPET 0000000003fffb89 00038 (v01 BOCHS  BXPCHPET 00000001 BXPC 00000001)
[    0.000000] No NUMA configuration found
[    0.000000] Faking a node at 0000000000000000-0000000003ffe000
[    0.000000] Initmem setup node 0 0000000000000000-0000000003ffe000
[    0.000000]   NODE_DATA [0000000003ff6000 - 0000000003ffafff]
[    0.000000] Zone PFN ranges:
[    0.000000]   DMA      0x00000010 -&gt; 0x00001000
[    0.000000]   DMA32    0x00001000 -&gt; 0x00100000
[    0.000000]   Normal   empty
[    0.000000] Movable zone start PFN for each node
[    0.000000] early_node_map[2] active PFN ranges
[    0.000000]     0: 0x00000010 -&gt; 0x0000009f
[    0.000000]     0: 0x00000100 -&gt; 0x00003ffe
[    0.000000] ACPI: PM-Timer IO Port: 0xb008
[    0.000000] ACPI: LAPIC (acpi_id[0x00] lapic_id[0x00] enabled)
[    0.000000] ACPI: LAPIC_NMI (acpi_id[0xff] dfl dfl lint[0x1])
[    0.000000] ACPI: IOAPIC (id[0x00] address[0xfec00000] gsi_base[0])
[    0.000000] IOAPIC[0]: apic_id 0, version 17, address 0xfec00000, GSI 0-23
[    0.000000] ACPI: INT_SRC_OVR (bus 0 bus_irq 0 global_irq 2 dfl dfl)
[    0.000000] ACPI: INT_SRC_OVR (bus 0 bus_irq 5 global_irq 5 high level)
[    0.000000] ACPI: INT_SRC_OVR (bus 0 bus_irq 9 global_irq 9 high level)
[    0.000000] ACPI: INT_SRC_OVR (bus 0 bus_irq 10 global_irq 10 high level)
[    0.000000] ACPI: INT_SRC_OVR (bus 0 bus_irq 11 global_irq 11 high level)
[    0.000000] Using ACPI (MADT) for SMP configuration information
[    0.000000] ACPI: HPET id: 0x8086a201 base: 0xfed00000
[    0.000000] SMP: Allowing 1 CPUs, 0 hotplug CPUs
[    0.000000] PM: Registered nosave memory: 000000000009f000 - 00000000000a0000
[    0.000000] PM: Registered nosave memory: 00000000000a0000 - 00000000000f0000
[    0.000000] PM: Registered nosave memory: 00000000000f0000 - 0000000000100000
[    0.000000] Allocating PCI resources starting at 4000000 (gap: 4000000:fbfc0000)
[    0.000000] Booting paravirtualized kernel on bare hardware
[    0.000000] setup_percpu: NR_CPUS:64 nr_cpumask_bits:64 nr_cpu_ids:1 nr_node_ids:1
[    0.000000] PERCPU: Embedded 27 pages/cpu @ffff880003a00000 s78848 r8192 d23552 u2097152
[    0.000000] Built 1 zonelists in Node order, mobility grouping on.  Total pages: 16008
[    0.000000] Policy zone: DMA32
[    0.000000] Kernel command line: root=/dev/vda console=tty0 console=ttyS0 no_timer_check
[    0.000000] PID hash table entries: 256 (order: -1, 2048 bytes)
[    0.000000] Checking aperture...
[    0.000000] No AGP bridge found
[    0.000000] Memory: 43492k/65528k available (6576k kernel code, 452k absent, 21584k reserved, 6620k data, 928k init)
[    0.000000] SLUB: Genslabs=15, HWalign=64, Order=0-3, MinObjects=0, CPUs=1, Nodes=1
[    0.000000] Hierarchical RCU implementation.
[    0.000000] 	RCU dyntick-idle grace-period acceleration is enabled.
[    0.000000] NR_IRQS:4352 nr_irqs:256 16
[    0.000000] Console: colour VGA+ 80x25
[    0.000000] console [tty0] enabled
[    0.000000] console [ttyS0] enabled
[    0.000000] allocated 1048576 bytes of page_cgroup
[    0.000000] please try 'cgroup_disable=memory' option if you don't want memory cgroups
[    0.000000] Fast TSC calibration failed
[    0.000000] TSC: Unable to calibrate against PIT
[    0.000000] TSC: using HPET reference calibration
[    0.000000] Detected 2291.400 MHz processor.
[    0.032784] Calibrating delay loop (skipped), value calculated using timer frequency.. 4582.80 BogoMIPS (lpj=9165600)
[    0.036795] pid_max: default: 32768 minimum: 301
[    0.048812] Security Framework initialized
[    0.053203] AppArmor: AppArmor initialized
[    0.054880] Yama: becoming mindful.
[    0.066462] Dentry cache hash table entries: 8192 (order: 4, 65536 bytes)
[    0.069128] Inode-cache hash table entries: 4096 (order: 3, 32768 bytes)
[    0.073550] Mount-cache hash table entries: 256
[    0.093176] Initializing cgroup subsys cpuacct
[    0.094475] Initializing cgroup subsys memory
[    0.097413] Initializing cgroup subsys devices
[    0.098806] Initializing cgroup subsys freezer
[    0.100144] Initializing cgroup subsys blkio
[    0.100818] Initializing cgroup subsys perf_event
[    0.105426] mce: CPU supports 10 MCE banks
[    0.109172] SMP alternatives: switching to UP code
[    0.523926] Freeing SMP alternatives: 24k freed
[    0.526143] ACPI: Core revision 20110623
[    0.593398] ftrace: allocating 26610 entries in 105 pages
[    0.633958] ..TIMER: vector=0x30 apic1=0 pin1=2 apic2=-1 pin2=-1
[    0.636142] CPU0: AMD QEMU Virtual CPU version 2.0.0 stepping 03
[    0.640039] Performance Events: Broken PMU hardware detected, using software events only.
[    0.648154] NMI watchdog disabled (cpu0): hardware events not enabled
[    0.649494] Brought up 1 CPUs
[    0.650186] Total of 1 processors activated (4582.80 BogoMIPS).
[    0.676583] devtmpfs: initialized
[    0.708402] EVM: security.selinux
[    0.708812] EVM: security.SMACK64
[    0.709252] EVM: security.capability
[    0.737652] print_constraints: dummy: 
[    0.744045] RTC time: 14:53:41, date: 12/10/15
[    0.749860] NET: Registered protocol family 16
[    0.759122] ACPI: bus type pci registered
[    0.764414] PCI: Using configuration type 1 for base access
[    0.798520] bio: create slab &lt;bio-0&gt; at 0
[    0.804584] ACPI: Added _OSI(Module Device)
[    0.805389] ACPI: Added _OSI(Processor Device)
[    0.806010] ACPI: Added _OSI(3.0 _SCP Extensions)
[    0.807363] ACPI: Added _OSI(Processor Aggregator Device)
[    0.885258] ACPI: Interpreter enabled
[    0.885862] ACPI: (supports S0 S3 S4 S5)
[    0.888599] ACPI: Using IOAPIC for interrupt routing
[    0.964222] ACPI: No dock devices found.
[    0.964813] HEST: Table not found.
[    0.965519] PCI: Using host bridge windows from ACPI; if necessary, use "pci=nocrs" and report a bug
[    0.972060] ACPI: PCI Root Bridge [PCI0] (domain 0000 [bus 00-ff])
[    0.977399] pci_root PNP0A03:00: host bridge window [io  0x0000-0x0cf7]
[    0.978258] pci_root PNP0A03:00: host bridge window [io  0x0d00-0xadff]
[    0.979138] pci_root PNP0A03:00: host bridge window [io  0xae0f-0xaeff]
[    0.980114] pci_root PNP0A03:00: host bridge window [io  0xaf20-0xafdf]
[    0.980891] pci_root PNP0A03:00: host bridge window [io  0xafe4-0xffff]
[    0.981806] pci_root PNP0A03:00: host bridge window [mem 0x000a0000-0x000bffff]
[    0.982760] pci_root PNP0A03:00: host bridge window [mem 0x04000000-0xfebfffff]
[    1.006515] pci 0000:00:01.3: quirk: [io  0xb000-0xb03f] claimed by PIIX4 ACPI
[    1.008202] pci 0000:00:01.3: quirk: [io  0xb100-0xb10f] claimed by PIIX4 SMB
[    1.082771]  pci0000:00: Unable to request _OSC control (_OSC support mask: 0x1e)
[    1.138780] ACPI: PCI Interrupt Link [LNKA] (IRQs 5 *10 11)
[    1.141389] ACPI: PCI Interrupt Link [LNKB] (IRQs 5 *10 11)
[    1.143532] ACPI: PCI Interrupt Link [LNKC] (IRQs 5 10 *11)
[    1.144867] ACPI: PCI Interrupt Link [LNKD] (IRQs 5 10 *11)
[    1.146134] ACPI: PCI Interrupt Link [LNKS] (IRQs *9)
[    1.153566] vgaarb: device added: PCI:0000:00:02.0,decodes=io+mem,owns=io+mem,locks=none
[    1.154372] vgaarb: loaded
[    1.154751] vgaarb: bridge control possible 0000:00:02.0
[    1.158208] i2c-core: driver [aat2870] using legacy suspend method
[    1.158933] i2c-core: driver [aat2870] using legacy resume method
[    1.162174] SCSI subsystem initialized
[    1.165707] usbcore: registered new interface driver usbfs
[    1.167147] usbcore: registered new interface driver hub
[    1.168704] usbcore: registered new device driver usb
[    1.172702] PCI: Using ACPI for IRQ routing
[    1.182068] NetLabel: Initializing
[    1.184155] NetLabel:  domain hash size = 128
[    1.184662] NetLabel:  protocols = UNLABELED CIPSOv4
[    1.186579] NetLabel:  unlabeled traffic allowed by default
[    1.189929] HPET: 3 timers in total, 0 timers will be used for per-cpu timer
[    1.191261] hpet0: at MMIO 0xfed00000, IRQs 2, 8, 0
[    1.192470] hpet0: 3 comparators, 64-bit 100.000000 MHz counter
[    1.202340] Switching to clocksource hpet
[    1.471921] AppArmor: AppArmor Filesystem Enabled
[    1.474197] pnp: PnP ACPI init
[    1.474854] ACPI: bus type pnp registered
[    1.494040] pnp: PnP ACPI: found 9 devices
[    1.494597] ACPI: ACPI bus type pnp unregistered
[    1.549820] NET: Registered protocol family 2
[    1.590213] IP route cache hash table entries: 512 (order: 0, 4096 bytes)
[    1.599067] TCP established hash table entries: 2048 (order: 3, 32768 bytes)
[    1.601550] TCP bind hash table entries: 2048 (order: 3, 32768 bytes)
[    1.602489] TCP: Hash tables configured (established 2048 bind 2048)
[    1.603325] TCP reno registered
[    1.604102] UDP hash table entries: 128 (order: 0, 4096 bytes)
[    1.606097] UDP-Lite hash table entries: 128 (order: 0, 4096 bytes)
[    1.610849] NET: Registered protocol family 1
[    1.611694] pci 0000:00:00.0: Limiting direct PCI/PCI transfers
[    1.614591] pci 0000:00:01.0: PIIX3: Enabling Passive Release
[    1.615468] pci 0000:00:01.0: Activating ISA DMA hang workarounds
[    1.619833] ACPI: PCI Interrupt Link [LNKD] enabled at IRQ 11
[    1.621752] pci 0000:00:01.2: PCI INT D -&gt; Link[LNKD] -&gt; GSI 11 (level, high) -&gt; IRQ 11
[    1.623745] pci 0000:00:01.2: PCI INT D disabled
[    1.641046] Trying to unpack rootfs image as initramfs...
[    1.655834] audit: initializing netlink socket (disabled)
[    1.658056] type=2000 audit(1449759221.656:1): initialized
[    1.941904] HugeTLB registered 2 MB page size, pre-allocated 0 pages
[    2.026786] VFS: Disk quotas dquot_6.5.2
[    2.030020] Dquot-cache hash table entries: 512 (order 0, 4096 bytes)
[    2.046640] fuse init (API version 7.17)
[    2.058748] msgmni has been set to 84
[    2.091366] Block layer SCSI generic (bsg) driver version 0.4 loaded (major 253)
[    2.102119] io scheduler noop registered
[    2.102702] io scheduler deadline registered (default)
[    2.104947] io scheduler cfq registered
[    2.107826] pci_hotplug: PCI Hot Plug PCI Core version: 0.5
[    2.110435] pciehp: PCI Express Hot Plug Controller Driver version: 0.4
[    2.115609] input: Power Button as /devices/LNXSYSTM:00/LNXPWRBN:00/input/input0
[    2.118020] ACPI: Power Button [PWRF]
[    2.162397] ERST: Table is not found!
[    2.162895] GHES: HEST is not enabled!
[    2.175471] ACPI: PCI Interrupt Link [LNKC] enabled at IRQ 10
[    2.176623] virtio-pci 0000:00:03.0: PCI INT A -&gt; Link[LNKC] -&gt; GSI 10 (level, high) -&gt; IRQ 10
[    2.180066] virtio-pci 0000:00:04.0: PCI INT A -&gt; Link[LNKD] -&gt; GSI 11 (level, high) -&gt; IRQ 11
[    2.190468] ACPI: PCI Interrupt Link [LNKA] enabled at IRQ 10
[    2.191147] virtio-pci 0000:00:05.0: PCI INT A -&gt; Link[LNKA] -&gt; GSI 10 (level, high) -&gt; IRQ 10
[    2.201493] Serial: 8250/16550 driver, 32 ports, IRQ sharing enabled
[    2.243313] serial8250: ttyS0 at I/O 0x3f8 (irq = 4) is a 16550A
[    2.336885] serial8250: ttyS1 at I/O 0x2f8 (irq = 3) is a 16550A
[    2.467792] 00:05: ttyS0 at I/O 0x3f8 (irq = 4) is a 16550A
[    2.559004] 00:06: ttyS1 at I/O 0x2f8 (irq = 3) is a 16550A
[    2.611693] Linux agpgart interface v0.103
[    2.630069] Refined TSC clocksource calibration: 2291.457 MHz.
[    2.630882] Switching to clocksource tsc
[    2.683918] brd: module loaded
[    2.711577] loop: module loaded
[    2.762767]  vda: unknown partition table
[    2.809676] scsi0 : ata_piix
[    2.811420] scsi1 : ata_piix
[    2.813945] ata1: PATA max MWDMA2 cmd 0x1f0 ctl 0x3f6 bmdma 0xc0a0 irq 14
[    2.814853] ata2: PATA max MWDMA2 cmd 0x170 ctl 0x376 bmdma 0xc0a8 irq 15
[    2.826020] Fixed MDIO Bus: probed
[    2.826997] tun: Universal TUN/TAP device driver, 1.6
[    2.827603] tun: (C) 1999-2004 Max Krasnyansky &lt;maxk@qualcomm.com&gt;
[    2.847792] PPP generic driver version 2.4.2
[    2.866349] ehci_hcd: USB 2.0 'Enhanced' Host Controller (EHCI) Driver
[    2.869818] ohci_hcd: USB 1.1 'Open' Host Controller (OHCI) Driver
[    2.871596] uhci_hcd: USB Universal Host Controller Interface driver
[    2.875150] uhci_hcd 0000:00:01.2: PCI INT D -&gt; Link[LNKD] -&gt; GSI 11 (level, high) -&gt; IRQ 11
[    2.881805] uhci_hcd 0000:00:01.2: UHCI Host Controller
[    2.907673] uhci_hcd 0000:00:01.2: new USB bus registered, assigned bus number 1
[    2.911429] uhci_hcd 0000:00:01.2: irq 11, io base 0x0000c040
[    2.946667] hub 1-0:1.0: USB hub found
[    2.949063] hub 1-0:1.0: 2 ports detected
[    2.957504] usbcore: registered new interface driver libusual
[    2.961020] i8042: PNP: PS/2 Controller [PNP0303:KBD,PNP0f13:MOU] at 0x60,0x64 irq 1,12
[    2.975016] serio: i8042 KBD port at 0x60,0x64 irq 1
[    2.978209] serio: i8042 AUX port at 0x60,0x64 irq 12
[    3.035981] mousedev: PS/2 mouse device common for all mice
[    3.049357] input: AT Translated Set 2 keyboard as /devices/platform/i8042/serio0/input/input1
[    3.054616] rtc_cmos 00:01: RTC can wake from S4
[    3.060674] ata2.01: ATAPI: QEMU DVD-ROM, 2.0.0, max UDMA/100
[    3.072860] rtc_cmos 00:01: rtc core: registered rtc_cmos as rtc0
[    3.076674] rtc0: alarms up to one day, 114 bytes nvram, hpet irqs
[    3.080176] device-mapper: uevent: version 1.0.3
[    3.095635] ata2.01: configured for MWDMA2
[    3.117349] device-mapper: ioctl: 4.22.0-ioctl (2011-10-19) initialised: dm-devel@redhat.com
[    3.125009] cpuidle: using governor ladder
[    3.127239] cpuidle: using governor menu
[    3.129472] EFI Variables Facility v0.08 2004-May-17
[    3.137181] TCP cubic registered
[    3.142206] NET: Registered protocol family 10
[    3.169450] NET: Registered protocol family 17
[    3.170529] Registering the dns_resolver key type
[    3.185436] scsi 1:0:1:0: CD-ROM            QEMU     QEMU DVD-ROM     2.0. PQ: 0 ANSI: 5
[    3.219445] sr0: scsi3-mmc drive: 4x/4x cd/rw xa/form2 tray
[    3.222750] cdrom: Uniform CD-ROM driver Revision: 3.20
[    3.242181] sr 1:0:1:0: Attached scsi generic sg0 type 5
[    3.289400] Freeing initrd memory: 3656k freed
[    3.322169] registered taskstats version 1
[    3.826522]   Magic number: 11:611:889
[    3.839448] rtc_cmos 00:01: setting system clock to 2015-12-10 14:53:44 UTC (1449759224)
[    3.842097] powernow-k8: Processor cpuid 663 not supported
[    3.851090] BIOS EDD facility v0.16 2004-Jun-25, 0 devices found
[    3.852790] EDD information not available.
[    3.929213] Freeing unused kernel memory: 928k freed
[    3.934524] Write protecting the kernel read-only data: 12288k
[    4.061889] Freeing unused kernel memory: 1596k freed
[    4.138089] Freeing unused kernel memory: 1184k freed

info: initramfs: up at 4.30
modprobe: module virtio_blk not found in modules.dep
modprobe: module virtio_net not found in modules.dep
info: copying initramfs to /dev/vda
info: initramfs loading root from /dev/vda
info: /etc/init.d/rc.sysinit: up at 9.07
info: container: none
Starting logging: OK
modprobe: module virtio_blk not found in modules.dep
modprobe: module virtio_net not found in modules.dep
WARN: /etc/rc3.d/S10-load-modules failed
Initializing random number generator... done.
Starting acpid: OK
cirros-ds 'local' up at 11.46
found datasource (configdrive, local)
Starting network...
udhcpc (v1.20.1) started
Sending discover...
Sending discover...
Sending discover...
Usage: /sbin/cirros-dhcpc &lt;up|down&gt;
No lease, failing
WARN: /etc/rc3.d/S40-network failed
Starting dropbear sshd: generating rsa key... generating dsa key... OK
no userdata for datasource
=== system information ===
Platform: OpenStack Foundation OpenStack Nova
Container: none
Arch: x86_64
CPU(s): 1 @ 2291.400 MHz
Cores/Sockets/Threads: 1/1/1
Virt-type: AMD-V
RAM Size: 49MB
Disks:
NAME MAJ:MIN     SIZE LABEL         MOUNTPOINT
vda  253:0   25165824 cirros-rootfs /
sr0   11:0     428032 config-2      
=== sshd host keys ===
-----BEGIN SSH HOST KEY KEYS-----
ssh-rsa AAAAB3NzaC1yc2EAAAADAQABAAAAgkS3ftV9gXCzeC9hI7uAe5wC6DKG4DZiRjsy4Sh7ebETKMQT6TdMGUx2Zk/le051ssnIFkZkY9s8PizQT/4KwFK+vecsRfFMKlGGBSl0w1iKTKNS9ahcere81ULL6RNy/De4FmO69p5nFf9azqPqw22u6mfOUpT3vLPxbAOrjKZSLF8= root@tempest
ssh-dss AAAAB3NzaC1kc3MAAACBAKYD/lVtEKUeMA0Nv+53sjSNKJKtTLYY4NU2teYlRJylSMC9MvQwpZyjldKsnie45VqE+O1ZYdJfCub0HHIO2k2+JYb2EnbtBcsmshjqykmGlM5gTEyGnl8Q1kfFNjPBLqNduf+GKvN/qMoa/u2kDIpAL136kpvT64SeZOYEFLo3AAAAFQDq0PfbRKz2R+8tt7GjW84eRqQ5HwAAAIEApbOBfZrrOKODX5W/vsM6uAfPEpdSOR2P0KZEf+L275EHOcdPEUFR9UMqP8brDgnAOtiHLzhr+uCBFaZLSVpKiYPIyWZ/AW0DTJVac3J7Q0YePklDs7eNzXhY9AXDFZEU4ywGqDzsnIn0VNJJDlhHadmdkXfab1TCDGcQss1h4r4AAACAdCL1LJz+dsdM0YveU9szRflVSTy9J12j52v2IUsT3NfSXqTSZM+Xa3hqRIJ6nOaxMvOiz2ByXefGjLApRni2KaJWPgpaoHis42oJqMeznpIAWBaaHBmspcridT/anejnzeDCNFWa0mOYpE8jmJn7O2QNeLiDDbzQXjvgFuFd+W0= root@tempest
-----END SSH HOST KEY KEYS-----
=== network info ===
if-info: lo,up,127.0.0.1,8,::1
if-info: eth0,up,,8,fe80::f816:3eff:fef0:4a36
=== datasource: configdrive local ===
instance-id: 1dbad140-06b9-43c2-bbf1-f39797a8709d
name: tempest.common.compute-instance-308541100
availability-zone: nova
local-hostname: tempest.common.compute-instance-308541100.novalocal
launch-index: 0
=== cirros: current=0.3.4 uptime=203.26 ===
route: fscanf
=== pinging gateway failed, debugging connection ===
############ debug start ##############
### /etc/init.d/sshd start
Starting dropbear sshd: OK
route: fscanf
### ifconfig -a
eth0      Link encap:Ethernet  HWaddr FA:16:3E:F0:4A:36  
          inet6 addr: fe80::f816:3eff:fef0:4a36/64 Scope:Link
          UP BROADCAST RUNNING MULTICAST  MTU:1500  Metric:1
          RX packets:12 errors:0 dropped:5 overruns:0 frame:0
          TX packets:8 errors:0 dropped:0 overruns:0 carrier:0
          collisions:0 txqueuelen:1000 
          RX bytes:1293 (1.2 KiB)  TX bytes:1134 (1.1 KiB)

lo        Link encap:Local Loopback  
          inet addr:127.0.0.1  Mask:255.0.0.0
          inet6 addr: ::1/128 Scope:Host
          UP LOOPBACK RUNNING  MTU:16436  Metric:1
          RX packets:12 errors:0 dropped:0 overruns:0 frame:0
          TX packets:12 errors:0 dropped:0 overruns:0 carrier:0
          collisions:0 txqueuelen:0 
          RX bytes:1020 (1020.0 B)  TX bytes:1020 (1020.0 B)

### route -n
Kernel IP routing table
Destination     Gateway         Genmask         Flags Metric Ref    Use Iface
route: fscanf
### cat /etc/resolv.conf
cat: can't open '/etc/resolv.conf': No such file or directory
### gateway not found
/sbin/cirros-status: line 1: can't open /etc/resolv.conf: no such file
### pinging nameservers
### uname -a
Linux tempest 3.2.0-80-virtual #116-Ubuntu SMP Mon Mar 23 17:28:52 UTC 2015 x86_64 GNU/Linux
### lsmod
Module                  Size  Used by    Not tainted
nls_iso8859_1          12713  0 
nls_cp437              16991  0 
vfat                   17585  0 
fat                    61512  1 vfat
isofs                  40259  0 
ip_tables              27473  0 
x_tables               29891  1 ip_tables
pcnet32                42119  0 
8139cp                 27360  0 
ne2k_pci               13691  0 
8390                   18856  1 ne2k_pci
e1000                 108589  0 
acpiphp                24231  0 
### dmesg | tail
[    5.160539] EXT3-fs (vda): mounted filesystem with ordered data mode
[    5.468725] ISO 9660 Extensions: Microsoft Joliet Level 3
[    5.550568] ISO 9660 Extensions: RRIP_1991A
[    5.779818] kjournald starting.  Commit interval 5 seconds
[    5.796581] EXT3-fs (vda): using internal journal
[    5.797488] EXT3-fs (vda): mounted filesystem with ordered data mode
[    9.121968] EXT3-fs (vda): using internal journal
[   12.247452] ISO 9660 Extensions: Microsoft Joliet Level 3
[   12.338635] ISO 9660 Extensions: RRIP_1991A
[   27.323734] eth0: no IPv6 routers present
### tail -n 25 /var/log/messages
Dec 10 14:53:51 cirros kern.info kernel: [    4.601161] acpiphp: Slot [14] registered
Dec 10 14:53:51 cirros kern.info kernel: [    4.601465] acpiphp: Slot [15] registered
Dec 10 14:53:51 cirros kern.info kernel: [    4.601784] acpiphp: Slot [16] registered
Dec 10 14:53:51 cirros kern.info kernel: [    4.603028] acpiphp: Slot [20] registered
Dec 10 14:53:51 cirros kern.info kernel: [    4.603351] acpiphp: Slot [21] registered
Dec 10 14:53:51 cirros kern.info kernel: [    4.603650] acpiphp: Slot [22] registered
Dec 10 14:53:51 cirros kern.info kernel: [    4.604155] acpiphp: Slot [23] registered
Dec 10 14:53:51 cirros kern.info kernel: [    4.606111] acpiphp: Slot [24] registered
Dec 10 14:53:51 cirros kern.info kernel: [    4.606526] acpiphp: Slot [25] registered
Dec 10 14:53:51 cirros kern.info kernel: [    4.606866] acpiphp: Slot [26] registered
Dec 10 14:53:51 cirros kern.info kernel: [    4.607185] acpiphp: Slot [27] registered
Dec 10 14:53:51 cirros kern.info kernel: [    4.607637] acpiphp: Slot [28] registered
Dec 10 14:53:51 cirros kern.info kernel: [    4.609805] acpiphp: Slot [29] registered
Dec 10 14:53:51 cirros kern.info kernel: [    4.610394] acpiphp: Slot [30] registered
Dec 10 14:53:51 cirros kern.info kernel: [    4.610942] acpiphp: Slot [31] registered
Dec 10 14:53:51 cirros kern.info kernel: [    4.701284] e1000: Intel(R) PRO/1000 Network Driver - version 7.3.21-k8-NAPI
Dec 10 14:53:51 cirros kern.info kernel: [    5.779818] kjournald starting.  Commit interval 5 seconds
Dec 10 14:53:51 cirros kern.info kernel: [    5.796581] EXT3-fs (vda): using internal journal
Dec 10 14:53:51 cirros kern.info kernel: [    5.797488] EXT3-fs (vda): mounted filesystem with ordered data mode
Dec 10 14:53:51 cirros kern.info kernel: [    9.121968] EXT3-fs (vda): using internal journal
Dec 10 14:53:52 cirros kern.debug kernel: [   12.247452] ISO 9660 Extensions: Microsoft Joliet Level 3
Dec 10 14:53:53 cirros kern.debug kernel: [   12.338635] ISO 9660 Extensions: RRIP_1991A
Dec 10 14:53:55 cirros auth.notice su: + /dev/console root:cirros
Dec 10 14:54:07 cirros kern.debug kernel: [   27.323734] eth0: no IPv6 routers present
Dec 10 14:57:01 cirros authpriv.info dropbear[283]: Running in background
############ debug end   ##############
  ____               ____  ____
 / __/ __ ____ ____ / __ \/ __/
/ /__ / // __// __// /_/ /\ \ 
\___//_//_/  /_/   \____/___/ 
   http://cirros-cloud.net


login as 'cirros' user. default password: 'cubswin:)'. use 'sudo' for root.
tempest login: 
2015-12-10 14:57:11,652 23731 INFO     [tempest_lib.common.rest_client] Request (TestGettingAddress:_run_cleanups): 204 DELETE http://10.0.2.15:9696/v2.0/floatingips/5a20562c-34c4-4b2a-91cd-bb2a7c2d593a 0.211s
2015-12-10 14:57:11,653 23731 DEBUG    [tempest_lib.common.rest_client] Request - Headers: {'Content-Type': 'application/json', 'Accept': 'application/json', 'X-Auth-Token': '&lt;omitted&gt;'}
        Body: None
    Response - Headers: {'date': 'Thu, 10 Dec 2015 14:57:11 GMT', 'status': '204', 'connection': 'close', 'content-length': '0', 'x-openstack-request-id': 'req-e02fb07d-cece-4169-b76c-0fdb4e5e8118'}
        Body: 
2015-12-10 14:57:11,870 23731 INFO     [tempest_lib.common.rest_client] Request (TestGettingAddress:_run_cleanups): 204 DELETE http://10.0.2.15:8774/v2.1/bb883888159146639d75fdc11e085386/servers/1dbad140-06b9-43c2-bbf1-f39797a8709d 0.217s
2015-12-10 14:57:11,871 23731 DEBUG    [tempest_lib.common.rest_client] Request - Headers: {'Content-Type': 'application/json', 'Accept': 'application/json', 'X-Auth-Token': '&lt;omitted&gt;'}
        Body: None
    Response - Headers: {'status': '204', 'content-length': '0', 'x-compute-request-id': 'req-d9b9ff02-3962-4b18-8445-790128491d10', 'vary': 'X-OpenStack-Nova-API-Version', 'connection': 'close', 'x-openstack-nova-api-version': '2.1', 'date': 'Thu, 10 Dec 2015 14:57:11 GMT', 'content-type': 'application/json'}
        Body: 
2015-12-10 14:57:12,110 23731 INFO     [tempest_lib.common.rest_client] Request (TestGettingAddress:_run_cleanups): 200 GET http://10.0.2.15:8774/v2.1/bb883888159146639d75fdc11e085386/servers/1dbad140-06b9-43c2-bbf1-f39797a8709d 0.238s
2015-12-10 14:57:12,111 23731 DEBUG    [tempest_lib.common.rest_client] Request - Headers: {'Content-Type': 'application/json', 'Accept': 'application/json', 'X-Auth-Token': '&lt;omitted&gt;'}
        Body: None
    Response - Headers: {'status': '200', 'content-length': '1904', 'content-location': 'http://10.0.2.15:8774/v2.1/bb883888159146639d75fdc11e085386/servers/1dbad140-06b9-43c2-bbf1-f39797a8709d', 'x-compute-request-id': 'req-d874f1de-5228-44a9-9a7f-7828942f6f50', 'vary': 'X-OpenStack-Nova-API-Version', 'connection': 'close', 'x-openstack-nova-api-version': '2.1', 'date': 'Thu, 10 Dec 2015 14:57:12 GMT', 'content-type': 'application/json'}
        Body: {"server": {"status": "ACTIVE", "updated": "2015-12-10T14:57:11Z", "hostId": "5be986599b0d02fafb97ae008262d64a9a046eb3bf6c6c740231be3b", "addresses": {"tempest-network-smoke--2099518600": [{"OS-EXT-IPS-MAC:mac_addr": "fa:16:3e:f0:4a:36", "version": 4, "addr": "10.100.0.3", "OS-EXT-IPS:type": "fixed"}, {"OS-EXT-IPS-MAC:mac_addr": "fa:16:3e:f0:4a:36", "version": 6, "addr": "2003::f816:3eff:fef0:4a36", "OS-EXT-IPS:type": "fixed"}, {"OS-EXT-IPS-MAC:mac_addr": "fa:16:3e:f0:4a:36", "version": 4, "addr": "172.24.4.4", "OS-EXT-IPS:type": "floating"}]}, "links": [{"href": "http://10.0.2.15:8774/v2.1/bb883888159146639d75fdc11e085386/servers/1dbad140-06b9-43c2-bbf1-f39797a8709d", "rel": "self"}, {"href": "http://10.0.2.15:8774/bb883888159146639d75fdc11e085386/servers/1dbad140-06b9-43c2-bbf1-f39797a8709d", "rel": "bookmark"}], "key_name": "tempest-TestGettingAddress-1520677130", "image": {"id": "45ac3b68-76d5-46b8-8c3e-cb28dbc2ba43", "links": [{"href": "http://10.0.2.15:8774/bb883888159146639d75fdc11e085386/images/45ac3b68-76d5-46b8-8c3e-cb28dbc2ba43", "rel": "bookmark"}]}, "OS-EXT-STS:task_state": "deleting", "OS-EXT-STS:vm_state": "active", "OS-SRV-USG:launched_at": "2015-12-10T14:53:37.000000", "flavor": {"id": "42", "links": [{"href": "http://10.0.2.15:8774/bb883888159146639d75fdc11e085386/flavors/42", "rel": "bookmark"}]}, "id": "1dbad140-06b9-43c2-bbf1-f39797a8709d", "security_groups": [{"name": "tempest-secgroup-smoke-2000966473"}], "OS-SRV-USG:terminated_at": null, "OS-EXT-AZ:availability_zone": "nova", "user_id": "dd5a016f0bf14c5e9982bc01565a0b16", "name": "tempest.common.compute-instance-308541100", "created": "2015-12-10T14:53:34Z", "tenant_id": "bb883888159146639d75fdc11e085386", "OS-DCF:diskConfig": "MANUAL", "os-extended-volumes:volumes_attached": [], "accessIPv4": "", "accessIPv6": "", "progress": 0, "OS-EXT-STS:power_state": 1, "config_drive": "True", "metadata": {}}}
2015-12-10 14:57:13,249 23731 INFO     [tempest_lib.common.rest_client] Request (TestGettingAddress:_run_cleanups): 200 GET http://10.0.2.15:8774/v2.1/bb883888159146639d75fdc11e085386/servers/1dbad140-06b9-43c2-bbf1-f39797a8709d 0.124s
2015-12-10 14:57:13,249 23731 DEBUG    [tempest_lib.common.rest_client] Request - Headers: {'Content-Type': 'application/json', 'Accept': 'application/json', 'X-Auth-Token': '&lt;omitted&gt;'}
        Body: None
    Response - Headers: {'status': '200', 'content-length': '1439', 'content-location': 'http://10.0.2.15:8774/v2.1/bb883888159146639d75fdc11e085386/servers/1dbad140-06b9-43c2-bbf1-f39797a8709d', 'x-compute-request-id': 'req-ed700f31-3933-4d9c-a98e-0fc132ba755f', 'vary': 'X-OpenStack-Nova-API-Version', 'connection': 'close', 'x-openstack-nova-api-version': '2.1', 'date': 'Thu, 10 Dec 2015 14:57:13 GMT', 'content-type': 'application/json'}
        Body: {"server": {"status": "ACTIVE", "updated": "2015-12-10T14:57:12Z", "hostId": "5be986599b0d02fafb97ae008262d64a9a046eb3bf6c6c740231be3b", "addresses": {}, "links": [{"href": "http://10.0.2.15:8774/v2.1/bb883888159146639d75fdc11e085386/servers/1dbad140-06b9-43c2-bbf1-f39797a8709d", "rel": "self"}, {"href": "http://10.0.2.15:8774/bb883888159146639d75fdc11e085386/servers/1dbad140-06b9-43c2-bbf1-f39797a8709d", "rel": "bookmark"}], "key_name": "tempest-TestGettingAddress-1520677130", "image": {"id": "45ac3b68-76d5-46b8-8c3e-cb28dbc2ba43", "links": [{"href": "http://10.0.2.15:8774/bb883888159146639d75fdc11e085386/images/45ac3b68-76d5-46b8-8c3e-cb28dbc2ba43", "rel": "bookmark"}]}, "OS-EXT-STS:task_state": "deleting", "OS-EXT-STS:vm_state": "active", "OS-SRV-USG:launched_at": "2015-12-10T14:53:37.000000", "flavor": {"id": "42", "links": [{"href": "http://10.0.2.15:8774/bb883888159146639d75fdc11e085386/flavors/42", "rel": "bookmark"}]}, "id": "1dbad140-06b9-43c2-bbf1-f39797a8709d", "OS-SRV-USG:terminated_at": null, "OS-EXT-AZ:availability_zone": "nova", "user_id": "dd5a016f0bf14c5e9982bc01565a0b16", "name": "tempest.common.compute-instance-308541100", "created": "2015-12-10T14:53:34Z", "tenant_id": "bb883888159146639d75fdc11e085386", "OS-DCF:diskConfig": "MANUAL", "os-extended-volumes:volumes_attached": [], "accessIPv4": "", "accessIPv6": "", "progress": 0, "OS-EXT-STS:power_state": 1, "config_drive": "True", "metadata": {}}}
2015-12-10 14:57:14,341 23731 INFO     [tempest_lib.common.rest_client] Request (TestGettingAddress:_run_cleanups): 404 GET http://10.0.2.15:8774/v2.1/bb883888159146639d75fdc11e085386/servers/1dbad140-06b9-43c2-bbf1-f39797a8709d 0.082s
2015-12-10 14:57:14,342 23731 DEBUG    [tempest_lib.common.rest_client] Request - Headers: {'Content-Type': 'application/json', 'Accept': 'application/json', 'X-Auth-Token': '&lt;omitted&gt;'}
        Body: None
    Response - Headers: {'status': '404', 'content-length': '111', 'x-compute-request-id': 'req-6e0e390c-738e-451d-9166-63f608b6553c', 'vary': 'X-OpenStack-Nova-API-Version', 'connection': 'close', 'x-openstack-nova-api-version': '2.1', 'date': 'Thu, 10 Dec 2015 14:57:14 GMT', 'content-type': 'application/json; charset=UTF-8'}
        Body: {"itemNotFound": {"message": "Instance 1dbad140-06b9-43c2-bbf1-f39797a8709d could not be found.", "code": 404}}
2015-12-10 14:57:14,717 23731 INFO     [tempest_lib.common.rest_client] Request (TestGettingAddress:_run_cleanups): 200 PUT http://10.0.2.15:9696/v2.0/routers/990481f2-f64a-4948-9701-27910ebd8691/remove_router_interface 0.375s
2015-12-10 14:57:14,718 23731 DEBUG    [tempest_lib.common.rest_client] Request - Headers: {'Content-Type': 'application/json', 'Accept': 'application/json', 'X-Auth-Token': '&lt;omitted&gt;'}
        Body: {"subnet_id": "8bbafda9-1512-4f7a-9d3e-45bc58871af4"}
    Response - Headers: {'status': '200', 'content-length': '255', 'connection': 'close', 'date': 'Thu, 10 Dec 2015 14:57:14 GMT', 'content-type': 'application/json; charset=UTF-8', 'x-openstack-request-id': 'req-7ecd039b-b643-4bdd-8fb9-4716517441d3'}
        Body: {"subnet_id": "8bbafda9-1512-4f7a-9d3e-45bc58871af4", "tenant_id": "bb883888159146639d75fdc11e085386", "subnet_ids": ["8bbafda9-1512-4f7a-9d3e-45bc58871af4"], "port_id": "682c805e-d7d4-4e1a-8096-8f612e73e10d", "id": "990481f2-f64a-4948-9701-27910ebd8691"}
2015-12-10 14:57:15,180 23731 INFO     [tempest_lib.common.rest_client] Request (TestGettingAddress:_run_cleanups): 204 DELETE http://10.0.2.15:9696/v2.0/subnets/8bbafda9-1512-4f7a-9d3e-45bc58871af4 0.461s
2015-12-10 14:57:15,180 23731 DEBUG    [tempest_lib.common.rest_client] Request - Headers: {'Content-Type': 'application/json', 'Accept': 'application/json', 'X-Auth-Token': '&lt;omitted&gt;'}
        Body: None
    Response - Headers: {'date': 'Thu, 10 Dec 2015 14:57:15 GMT', 'status': '204', 'connection': 'close', 'content-length': '0', 'x-openstack-request-id': 'req-fd156b48-ed1c-4499-a060-75b8b77e2156'}
        Body: 
2015-12-10 14:57:15,229 23731 INFO     [tempest_lib.common.rest_client] Request (TestGettingAddress:_run_cleanups): 404 DELETE http://10.0.2.15:9696/v2.0/subnets/8bbafda9-1512-4f7a-9d3e-45bc58871af4 0.048s
2015-12-10 14:57:15,230 23731 DEBUG    [tempest_lib.common.rest_client] Request - Headers: {'Content-Type': 'application/json', 'Accept': 'application/json', 'X-Auth-Token': '&lt;omitted&gt;'}
        Body: None
    Response - Headers: {'status': '404', 'content-length': '135', 'connection': 'close', 'date': 'Thu, 10 Dec 2015 14:57:15 GMT', 'content-type': 'application/json; charset=UTF-8', 'x-openstack-request-id': 'req-44cf68a5-afae-451e-9e50-55bb20133fc7'}
        Body: {"NeutronError": {"message": "Subnet 8bbafda9-1512-4f7a-9d3e-45bc58871af4 could not be found", "type": "SubnetNotFound", "detail": ""}}
2015-12-10 14:57:15,595 23731 INFO     [tempest_lib.common.rest_client] Request (TestGettingAddress:_run_cleanups): 200 PUT http://10.0.2.15:9696/v2.0/routers/990481f2-f64a-4948-9701-27910ebd8691/remove_router_interface 0.364s
2015-12-10 14:57:15,595 23731 DEBUG    [tempest_lib.common.rest_client] Request - Headers: {'Content-Type': 'application/json', 'Accept': 'application/json', 'X-Auth-Token': '&lt;omitted&gt;'}
        Body: {"subnet_id": "b8104f4c-fece-45a0-b669-61bf858869b2"}
    Response - Headers: {'status': '200', 'content-length': '255', 'connection': 'close', 'date': 'Thu, 10 Dec 2015 14:57:15 GMT', 'content-type': 'application/json; charset=UTF-8', 'x-openstack-request-id': 'req-e62e4798-ede1-452f-86c3-64258cd9aed9'}
