<?xml version="1.0" encoding="UTF-8"?>
<!DOCTYPE html PUBLIC "-//W3C//DTD XHTML 1.0 Strict//EN"
     "http://www.w3.org/TR/xhtml1/DTD/xhtml1-strict.dtd">
<html xmlns="http://www.w3.org/1999/xhtml">
<head>
    <title>Unit Test Report</title>
    <meta name="generator" content="subunit2html 0.1"/>
    <meta http-equiv="Content-Type" content="text/html; charset=UTF-8"/>
    
<style type="text/css" media="screen">
body        { font-family: verdana, arial, helvetica, sans-serif;
    font-size: 80%; }
table       { font-size: 100%; width: 100%;}
pre         { font-size: 80%; }

/* -- heading -------------------------------------------------------------- */
h1 {
        font-size: 16pt;
        color: gray;
}
.heading {
    margin-top: 0ex;
    margin-bottom: 1ex;
}

.heading .attribute {
    margin-top: 1ex;
    margin-bottom: 0;
}

.heading .description {
    margin-top: 4ex;
    margin-bottom: 6ex;
}

/* -- css div popup -------------------------------------------------------- */
a.popup_link {
}

a.popup_link:hover {
    color: red;
}

.popup_window {
    display: none;
    overflow-x: scroll;
    /*border: solid #627173 1px; */
    padding: 10px;
    background-color: #E6E6D6;
    font-family: "Ubuntu Mono", "Lucida Console", "Courier New", monospace;
    text-align: left;
    font-size: 8pt;
}

}
/* -- report --------------------------------------------------------------- */
#show_detail_line {
    margin-top: 3ex;
    margin-bottom: 1ex;
}
#result_table {
    width: 100%;
    border-collapse: collapse;
    border: 1px solid #777;
}
#header_row {
    font-weight: bold;
    color: white;
    background-color: #777;
}
#result_table td {
    border: 1px solid #777;
    padding: 2px;
}
#total_row  { font-weight: bold; }
.passClass  { background-color: #6c6; }
.failClass  { background-color: #c60; }
.errorClass { background-color: #c00; }
.passCase   { color: #6c6; }
.failCase   { color: #c60; font-weight: bold; }
.errorCase  { color: #c00; font-weight: bold; }
.hiddenRow  { display: none; }
.testcase   { margin-left: 2em; }
td.testname {width: 40%}
td.small {width: 40px}

/* -- ending --------------------------------------------------------------- */
#ending {
}

</style>

</head>
<body>
<script language="javascript" type="text/javascript"><!--
output_list = Array();

/* level - 0:Summary; 1:Failed; 2:All */
function showCase(level) {
    trs = document.getElementsByTagName("tr");
    for (var i = 0; i < trs.length; i++) {
        tr = trs[i];
        id = tr.id;
        if (id.substr(0,2) == 'ft') {
            if (level < 1) {
                tr.className = 'hiddenRow';
            }
            else {
                tr.className = '';
            }
        }
        if (id.substr(0,2) == 'pt') {
            if (level > 1) {
                tr.className = '';
            }
            else {
                tr.className = 'hiddenRow';
            }
        }
    }
}


function showClassDetail(cid, count) {
    var id_list = Array(count);
    var toHide = 1;
    for (var i = 0; i < count; i++) {
        tid0 = 't' + cid.substr(1) + '.' + (i+1);
        tid = 'f' + tid0;
        tr = document.getElementById(tid);
        if (!tr) {
            tid = 'p' + tid0;
            tr = document.getElementById(tid);
        }
        id_list[i] = tid;
        if (tr.className) {
            toHide = 0;
        }
    }
    for (var i = 0; i < count; i++) {
        tid = id_list[i];
        if (toHide) {
            document.getElementById('div_'+tid).style.display = 'none'
            document.getElementById(tid).className = 'hiddenRow';
        }
        else {
            document.getElementById(tid).className = '';
        }
    }
}


function showTestDetail(div_id){
    var details_div = document.getElementById(div_id)
    var displayState = details_div.style.display
    // alert(displayState)
    if (displayState != 'block' ) {
        displayState = 'block'
        details_div.style.display = 'block'
    }
    else {
        details_div.style.display = 'none'
    }
}


function html_escape(s) {
    s = s.replace(/&/g,'&amp;');
    s = s.replace(/</g,'&lt;');
    s = s.replace(/>/g,'&gt;');
    return s;
}

/* obsoleted by detail in <div>
function showOutput(id, name) {
    var w = window.open("", //url
                    name,
                    "resizable,scrollbars,status,width=800,height=450");
    d = w.document;
    d.write("<pre>");
    d.write(html_escape(output_list[id]));
    d.write("\n");
    d.write("<a href='javascript:window.close()'>close</a>\n");
    d.write("</pre>\n");
    d.close();
}
*/
--></script>

<div class='heading'>
<h1>Unit Test Report</h1>

<p class='attribute'><strong>Status:</strong> Failure 8</p>

<p class='description'></p>
</div>



<p id='show_detail_line'>Show
<a href='javascript:showCase(0)'>Summary</a>
<a href='javascript:showCase(1)'>Failed</a>
<a href='javascript:showCase(2)'>All</a>
</p>
<table id='result_table'>
<colgroup>
<col align='left' />
<col align='right' />
<col align='right' />
<col align='right' />
<col align='right' />
<col align='right' />
<col align='right' />
<col align='right' />
</colgroup>
<tr id='header_row'>
    <td>Test Group/Test case</td>
    <td>Count</td>
    <td>Pass</td>
    <td>Fail</td>
    <td>Error</td>
    <td>Skip</td>
    <td>View</td>
    <td> </td>
</tr>

<tr class='failClass'>
    <td class="testname">tempest.scenario.test_network_v6.TestGettingAddress</td>
    <td class="small">8</td>
    <td class="small">0</td>
    <td class="small">8</td>
    <td class="small">0</td>
    <td class="small">0</td>
    <td class="small"><a href="javascript:showClassDetail('c1',8)"
>Detail</a></td>
    <td> </td>
</tr>

<tr id='ft1.1' class='none'>
    <td class='failCase'><div class='testcase'>test_dhcp6_stateless_from_os[compute,id-d7e1f858-187c-45a6-89c9-bdafde619a9f,network]</div></td>
    <td colspan='7' align='left'>

    <!--css div popup start-->
    <a class="popup_link" onfocus='this.blur();'
    href="javascript:showTestDetail('div_ft1.1')" >
        fail</a>

    <div id='div_ft1.1' class="popup_window">
        <div style='text-align: right; color:red;cursor:pointer'>
        <a onfocus='this.blur();'
onclick="document.getElementById('div_ft1.1').style.display = 'none' " >
           [x]</a>
        </div>
        <pre>
        
ft1.1: tempest.scenario.test_network_v6.TestGettingAddress.test_dhcp6_stateless_from_os[compute,id-d7e1f858-187c-45a6-89c9-bdafde619a9f,network]_StringException: Empty attachments:
  stderr
  stdout

pythonlogging:'': {{{
2015-12-16 22:53:58,887 20999 INFO     [tempest_lib.common.rest_client] Request (TestGettingAddress:setUp): 200 POST http://10.0.2.15:8774/v2.1/f8cc73bbc53a4435aae9699ae4dbb5b6/os-keypairs 1.208s
2015-12-16 22:53:58,887 20999 DEBUG    [tempest_lib.common.rest_client] Request - Headers: {'Content-Type': 'application/json', 'Accept': 'application/json', 'X-Auth-Token': '&lt;omitted&gt;'}
        Body: {"keypair": {"name": "tempest-TestGettingAddress-1382489277"}}
    Response - Headers: {'status': '200', 'content-length': '2320', 'x-compute-request-id': 'req-b660ac2f-5524-47ee-b432-e2efbd57b675', 'vary': 'X-OpenStack-Nova-API-Version', 'connection': 'close', 'x-openstack-nova-api-version': '2.1', 'date': 'Wed, 16 Dec 2015 22:53:58 GMT', 'content-type': 'application/json'}
        Body: {"keypair": {"public_key": "ssh-rsa AAAAB3NzaC1yc2EAAAADAQABAAABAQCyqUYYn+pWQwC1NHb2AVhhyxliw9RY2POHC1LIytTpQkIIgx9rj47CdfzhFcBKB7vkifKMpiSgjBzQn47JPAclhw2fH819DKhGRJqNqeSfdmy+FUuUYxHCk7nr2ioXqlZJQLQmSGoY7qauV7C9lxlgytlwYZPnctdHZYIdbO6X7PKovPDy4or00Ej57NBm3UdPvBsY4kIqusb3AtG1Km8ysYwmqU0YAZSE6DHc+EiOgSHagXFZ5StObODS7IEsCvXIkJM/LiLEg39zJEYYyVoz9KS9lG17+uTHfv+1Un9Ci+opDkAB+Fs1xT3gl/M5in5qh704g+A+7WJkTp90VqiL Generated-by-Nova", "private_key": "-----BEGIN RSA PRIVATE KEY-----\nMIIEqAIBAAKCAQEAsqlGGJ/qVkMAtTR29gFYYcsZYsPUWNjzhwtSyMrU6UJCCIMf\na4+OwnX84RXASge75InyjKYkoIwc0J+OyTwHJYcNnx/NfQyoRkSajankn3ZsvhVL\nlGMRwpO569oqF6pWSUC0JkhqGO6mrlewvZcZYMrZcGGT53LXR2WCHWzul+zyqLzw\n8uKK9NBI+ezQZt1HT7wbGOJCKrrG9wLRtSpvMrGMJqlNGAGUhOgx3PhIjoEh2oFx\nWeUrTmzg0uyBLAr1yJCTPy4ixIN/cyRGGMlaM/SkvZRte/rkx37/tVJ/QovqKQ5A\nAfhbNcU94JfzOYp+aoe9OIPgPu1iZE6fdFaoiwIDAQABAoIBAGskRFskG54blGMW\n0Xh6Ggybhd/K3J9ji7eivMSZjtFL4NnF+KPCdbR8mWhKaQR8WtuVNpXOVQzKucUK\nytA3ZXnF4g9ZPRwO6SMqpRzrk6VlmZTspGSafN4ZRVgBf1it2A0Z9m824hmNlPvc\nrqsj4B5Bx+AzREV6g0vXvg3zc6o7dQCNIhBJXdks/VJbdcLcrvYwxoc4I05cTjJH\nDcuPe0q9qaxp5KdeGN5H6ucRxMb5mH1fsUAuHcA5ekFw3oDc34DCk6j4tQpzvRRq\nIVqOwzOvr6rDCfdC9hVZydLGRwd86pIvqFKcEcm0jfxT1ezB2fnEVddgR7Hx3Fud\nuA5nAuECggCBALYk+A0cLqwnKlXYcgQiekS17h7xSD+9Tx/u82AVkP7OpTML9nVk\nzeac5DdA5k5VVTDa/3WUic0v4213k3grZd4+HvNf6pu6CwbUnTol4wd3yv3elHAV\n/GijhyOg5E4eHXNNpZfJ827rRWtuBfUHvBEbTszNIonLqQsCUWCS5B8TAoIAgQD7\nGr3t7PT+OMDjEoTrXHwCwF4CqxuuGSmMVa6ZJPOpJkDfHavxtRYAZJPlqxYbrDNU\n1UxLNl+Cw0/DMgE3473Gv2mVerC/n8I4z3abkhRxBUeAbK45wIcorCFyw2MECxFR\niiSSrtNt+sG+Cn8Cr2QohxThzf8NdOlKl+VUX/znqQKCAIAEC+423FltGbGnFpfx\n35I31JLlvRaN0/beDsD5cYE3KAAjkjB3izXH2dR4Jcj4FI0/+J2UTyiAln/G/tEX\n6l7pARhO7+KWcxurmy2jDRRuJgsseLVziAmDiZ6G/BwWYDTnSuJS7PmrjS6NpHQd\nbX6QIrstcaFCznOC+xozuw+2YQKCAIA64OdeDazYm2gnFmWSZooxfvfMOmDwLrg+\nTqz0/eQganbVmjiCIYr6JptDRB2X+YXDw4vzKtm0aKWgSG5es4kBPEq+oRkmpYg+\nF+9gxR0D70/3vgQQSKOolsv1A/mIriuuaezvdAzhgeXB8OYdNBERK7NqywmeFybI\ntdsxMJy1mQKCAIEAlMWp5Td+tp+h2Jp5z2eTdm6L/goI+W8LOZ35Tz8LBazv6DJw\nWXaJYZ/33Dm7lHrZwrlRfpShdtyvFDarBnDY1ryrVZwU1wWRmtQE174QU4g5RjZQ\nTbPKy8oEs9ZxCbRNyiKf2U64TQbFgTg7viZNWNnFVb+6gULNOpgTNt4SwWA=\n-----END RSA PRIVATE KEY-----\n", "user_id": "6023c6bf8704440baac4dd9e8eb3b618", "name": "tempest-TestGettingAddress-1382489277", "fingerprint": "a7:05:d5:75:3f:fa:75:13:aa:7b:8c:d9:5a:c1:1b:e9"}}
2015-12-16 22:53:59,204 20999 INFO     [tempest_lib.common.rest_client] Request (TestGettingAddress:setUp): 201 POST http://10.0.2.15:9696/v2.0/security-groups 0.311s
2015-12-16 22:53:59,204 20999 DEBUG    [tempest_lib.common.rest_client] Request - Headers: {'Content-Type': 'application/json', 'Accept': 'application/json', 'X-Auth-Token': '&lt;omitted&gt;'}
        Body: {"security_group": {"tenant_id": "f8cc73bbc53a4435aae9699ae4dbb5b6", "description": "tempest-secgroup-smoke-560006239 description", "name": "tempest-secgroup-smoke-560006239"}}
    Response - Headers: {'status': '201', 'content-length': '886', 'connection': 'close', 'date': 'Wed, 16 Dec 2015 22:53:59 GMT', 'content-type': 'application/json; charset=UTF-8', 'x-openstack-request-id': 'req-41b7deb9-7708-4c4d-ac62-6c5cf2ef9e2b'}
        Body: {"security_group": {"tenant_id": "f8cc73bbc53a4435aae9699ae4dbb5b6", "description": "tempest-secgroup-smoke-560006239 description", "id": "b51d8679-d778-4877-81e2-50b9537f195e", "security_group_rules": [{"remote_group_id": null, "direction": "egress", "remote_ip_prefix": null, "protocol": null, "ethertype": "IPv4", "tenant_id": "f8cc73bbc53a4435aae9699ae4dbb5b6", "port_range_max": null, "port_range_min": null, "id": "d16976fd-36f3-4642-873c-a08294f2044a", "security_group_id": "b51d8679-d778-4877-81e2-50b9537f195e"}, {"remote_group_id": null, "direction": "egress", "remote_ip_prefix": null, "protocol": null, "ethertype": "IPv6", "tenant_id": "f8cc73bbc53a4435aae9699ae4dbb5b6", "port_range_max": null, "port_range_min": null, "id": "b549e7b0-0740-4fba-840c-c50d5f265f1b", "security_group_id": "b51d8679-d778-4877-81e2-50b9537f195e"}], "name": "tempest-secgroup-smoke-560006239"}}
2015-12-16 22:53:59,317 20999 INFO     [tempest_lib.common.rest_client] Request (TestGettingAddress:setUp): 201 POST http://10.0.2.15:9696/v2.0/security-group-rules 0.112s
2015-12-16 22:53:59,318 20999 DEBUG    [tempest_lib.common.rest_client] Request - Headers: {'Content-Type': 'application/json', 'Accept': 'application/json', 'X-Auth-Token': '&lt;omitted&gt;'}
        Body: {"security_group_rule": {"direction": "ingress", "protocol": "tcp", "tenant_id": "f8cc73bbc53a4435aae9699ae4dbb5b6", "port_range_max": 22, "security_group_id": "b51d8679-d778-4877-81e2-50b9537f195e", "port_range_min": 22}}
    Response - Headers: {'status': '201', 'content-length': '340', 'connection': 'close', 'date': 'Wed, 16 Dec 2015 22:53:59 GMT', 'content-type': 'application/json; charset=UTF-8', 'x-openstack-request-id': 'req-03ea5666-5e1d-4791-844b-127dc7ecfbd2'}
        Body: {"security_group_rule": {"remote_group_id": null, "direction": "ingress", "remote_ip_prefix": null, "protocol": "tcp", "ethertype": "IPv4", "tenant_id": "f8cc73bbc53a4435aae9699ae4dbb5b6", "port_range_max": 22, "port_range_min": 22, "id": "efecd142-df2e-43c2-adcb-2cd004b795c9", "security_group_id": "b51d8679-d778-4877-81e2-50b9537f195e"}}
2015-12-16 22:53:59,430 20999 INFO     [tempest_lib.common.rest_client] Request (TestGettingAddress:setUp): 201 POST http://10.0.2.15:9696/v2.0/security-group-rules 0.111s
2015-12-16 22:53:59,431 20999 DEBUG    [tempest_lib.common.rest_client] Request - Headers: {'Content-Type': 'application/json', 'Accept': 'application/json', 'X-Auth-Token': '&lt;omitted&gt;'}
        Body: {"security_group_rule": {"direction": "egress", "protocol": "tcp", "tenant_id": "f8cc73bbc53a4435aae9699ae4dbb5b6", "port_range_max": 22, "security_group_id": "b51d8679-d778-4877-81e2-50b9537f195e", "port_range_min": 22}}
    Response - Headers: {'status': '201', 'content-length': '339', 'connection': 'close', 'date': 'Wed, 16 Dec 2015 22:53:59 GMT', 'content-type': 'application/json; charset=UTF-8', 'x-openstack-request-id': 'req-58b6b92b-b96e-4d18-ba4b-ed10bbb7db1b'}
        Body: {"security_group_rule": {"remote_group_id": null, "direction": "egress", "remote_ip_prefix": null, "protocol": "tcp", "ethertype": "IPv4", "tenant_id": "f8cc73bbc53a4435aae9699ae4dbb5b6", "port_range_max": 22, "port_range_min": 22, "id": "f359ffe1-83fd-42a1-9fc0-92f92f465b7f", "security_group_id": "b51d8679-d778-4877-81e2-50b9537f195e"}}
2015-12-16 22:53:59,546 20999 INFO     [tempest_lib.common.rest_client] Request (TestGettingAddress:setUp): 201 POST http://10.0.2.15:9696/v2.0/security-group-rules 0.114s
2015-12-16 22:53:59,547 20999 DEBUG    [tempest_lib.common.rest_client] Request - Headers: {'Content-Type': 'application/json', 'Accept': 'application/json', 'X-Auth-Token': '&lt;omitted&gt;'}
        Body: {"security_group_rule": {"tenant_id": "f8cc73bbc53a4435aae9699ae4dbb5b6", "direction": "ingress", "protocol": "icmp", "security_group_id": "b51d8679-d778-4877-81e2-50b9537f195e"}}
    Response - Headers: {'status': '201', 'content-length': '345', 'connection': 'close', 'date': 'Wed, 16 Dec 2015 22:53:59 GMT', 'content-type': 'application/json; charset=UTF-8', 'x-openstack-request-id': 'req-9552289e-08e0-4807-8333-f67411600ddb'}
        Body: {"security_group_rule": {"remote_group_id": null, "direction": "ingress", "remote_ip_prefix": null, "protocol": "icmp", "ethertype": "IPv4", "tenant_id": "f8cc73bbc53a4435aae9699ae4dbb5b6", "port_range_max": null, "port_range_min": null, "id": "9e7f2abb-7c38-4b60-900d-c77882da36b9", "security_group_id": "b51d8679-d778-4877-81e2-50b9537f195e"}}
2015-12-16 22:53:59,663 20999 INFO     [tempest_lib.common.rest_client] Request (TestGettingAddress:setUp): 201 POST http://10.0.2.15:9696/v2.0/security-group-rules 0.115s
2015-12-16 22:53:59,663 20999 DEBUG    [tempest_lib.common.rest_client] Request - Headers: {'Content-Type': 'application/json', 'Accept': 'application/json', 'X-Auth-Token': '&lt;omitted&gt;'}
        Body: {"security_group_rule": {"tenant_id": "f8cc73bbc53a4435aae9699ae4dbb5b6", "direction": "egress", "protocol": "icmp", "security_group_id": "b51d8679-d778-4877-81e2-50b9537f195e"}}
    Response - Headers: {'status': '201', 'content-length': '344', 'connection': 'close', 'date': 'Wed, 16 Dec 2015 22:53:59 GMT', 'content-type': 'application/json; charset=UTF-8', 'x-openstack-request-id': 'req-eafe9aa4-11ff-4284-b113-621dc2f4308a'}
        Body: {"security_group_rule": {"remote_group_id": null, "direction": "egress", "remote_ip_prefix": null, "protocol": "icmp", "ethertype": "IPv4", "tenant_id": "f8cc73bbc53a4435aae9699ae4dbb5b6", "port_range_max": null, "port_range_min": null, "id": "f781dfbc-a41f-4f1c-8a51-33d799e31bde", "security_group_id": "b51d8679-d778-4877-81e2-50b9537f195e"}}
2015-12-16 22:53:59,779 20999 INFO     [tempest_lib.common.rest_client] Request (TestGettingAddress:setUp): 201 POST http://10.0.2.15:9696/v2.0/security-group-rules 0.114s
2015-12-16 22:53:59,780 20999 DEBUG    [tempest_lib.common.rest_client] Request - Headers: {'Content-Type': 'application/json', 'Accept': 'application/json', 'X-Auth-Token': '&lt;omitted&gt;'}
        Body: {"security_group_rule": {"tenant_id": "f8cc73bbc53a4435aae9699ae4dbb5b6", "direction": "ingress", "security_group_id": "b51d8679-d778-4877-81e2-50b9537f195e", "protocol": "icmp", "ethertype": "IPv6"}}
    Response - Headers: {'status': '201', 'content-length': '345', 'connection': 'close', 'date': 'Wed, 16 Dec 2015 22:53:59 GMT', 'content-type': 'application/json; charset=UTF-8', 'x-openstack-request-id': 'req-d0208cc3-32df-4981-85ce-74c4d2a50acf'}
        Body: {"security_group_rule": {"remote_group_id": null, "direction": "ingress", "remote_ip_prefix": null, "protocol": "icmp", "ethertype": "IPv6", "tenant_id": "f8cc73bbc53a4435aae9699ae4dbb5b6", "port_range_max": null, "port_range_min": null, "id": "e26e7e9c-001e-491f-8936-4db58e049ff1", "security_group_id": "b51d8679-d778-4877-81e2-50b9537f195e"}}
2015-12-16 22:53:59,903 20999 INFO     [tempest_lib.common.rest_client] Request (TestGettingAddress:setUp): 201 POST http://10.0.2.15:9696/v2.0/security-group-rules 0.121s
2015-12-16 22:53:59,903 20999 DEBUG    [tempest_lib.common.rest_client] Request - Headers: {'Content-Type': 'application/json', 'Accept': 'application/json', 'X-Auth-Token': '&lt;omitted&gt;'}
        Body: {"security_group_rule": {"tenant_id": "f8cc73bbc53a4435aae9699ae4dbb5b6", "direction": "egress", "security_group_id": "b51d8679-d778-4877-81e2-50b9537f195e", "protocol": "icmp", "ethertype": "IPv6"}}
    Response - Headers: {'status': '201', 'content-length': '344', 'connection': 'close', 'date': 'Wed, 16 Dec 2015 22:53:59 GMT', 'content-type': 'application/json; charset=UTF-8', 'x-openstack-request-id': 'req-fe0b2ece-5af9-4824-85cb-027e3f740cd8'}
        Body: {"security_group_rule": {"remote_group_id": null, "direction": "egress", "remote_ip_prefix": null, "protocol": "icmp", "ethertype": "IPv6", "tenant_id": "f8cc73bbc53a4435aae9699ae4dbb5b6", "port_range_max": null, "port_range_min": null, "id": "7b7e837a-8ee8-4673-804a-3c75646c8132", "security_group_id": "b51d8679-d778-4877-81e2-50b9537f195e"}}
2015-12-16 22:54:00,038 20999 INFO     [tempest_lib.common.rest_client] Request (TestGettingAddress:test_dhcp6_stateless_from_os): 201 POST http://10.0.2.15:9696/v2.0/networks 0.131s
2015-12-16 22:54:00,038 20999 DEBUG    [tempest_lib.common.rest_client] Request - Headers: {'Content-Type': 'application/json', 'Accept': 'application/json', 'X-Auth-Token': '&lt;omitted&gt;'}
        Body: {"network": {"tenant_id": "f8cc73bbc53a4435aae9699ae4dbb5b6", "name": "tempest-network-smoke--203774565"}}
    Response - Headers: {'status': '201', 'content-length': '295', 'connection': 'close', 'date': 'Wed, 16 Dec 2015 22:54:00 GMT', 'content-type': 'application/json; charset=UTF-8', 'x-openstack-request-id': 'req-39988a5d-7a31-4a98-afd9-8b6d400e6754'}
        Body: {"network": {"status": "ACTIVE", "subnets": [], "name": "tempest-network-smoke--203774565", "admin_state_up": true, "tenant_id": "f8cc73bbc53a4435aae9699ae4dbb5b6", "mtu": 0, "router:external": false, "shared": false, "port_security_enabled": true, "id": "760a80b2-df08-4cbb-922e-91a11e43a9fc"}}
2015-12-16 22:54:00,205 20999 INFO     [tempest_lib.common.rest_client] Request (TestGettingAddress:test_dhcp6_stateless_from_os): 200 GET http://10.0.2.15:9696/v2.0/subnets?tenant_id=f8cc73bbc53a4435aae9699ae4dbb5b6&amp;cidr=10.100.0.0%2F28 0.165s
2015-12-16 22:54:00,206 20999 DEBUG    [tempest_lib.common.rest_client] Request - Headers: {'Content-Type': 'application/json', 'Accept': 'application/json', 'X-Auth-Token': '&lt;omitted&gt;'}
        Body: None
    Response - Headers: {'status': '200', 'content-length': '15', 'content-location': 'http://10.0.2.15:9696/v2.0/subnets?tenant_id=f8cc73bbc53a4435aae9699ae4dbb5b6&amp;cidr=10.100.0.0%2F28', 'connection': 'close', 'date': 'Wed, 16 Dec 2015 22:54:00 GMT', 'content-type': 'application/json; charset=UTF-8', 'x-openstack-request-id': 'req-7b0f81e0-8872-4816-b799-dc7128845b83'}
        Body: {"subnets": []}
2015-12-16 22:54:00,596 20999 INFO     [tempest_lib.common.rest_client] Request (TestGettingAddress:test_dhcp6_stateless_from_os): 201 POST http://10.0.2.15:9696/v2.0/subnets 0.388s
2015-12-16 22:54:00,596 20999 DEBUG    [tempest_lib.common.rest_client] Request - Headers: {'Content-Type': 'application/json', 'Accept': 'application/json', 'X-Auth-Token': '&lt;omitted&gt;'}
        Body: {"subnet": {"ip_version": 4, "tenant_id": "f8cc73bbc53a4435aae9699ae4dbb5b6", "cidr": "10.100.0.0/28", "network_id": "760a80b2-df08-4cbb-922e-91a11e43a9fc", "name": "tempest-sub4-2099230611"}}
    Response - Headers: {'status': '201', 'content-length': '470', 'connection': 'close', 'date': 'Wed, 16 Dec 2015 22:54:00 GMT', 'content-type': 'application/json; charset=UTF-8', 'x-openstack-request-id': 'req-01341139-f25e-499a-93fa-db723f8c11a6'}
        Body: {"subnet": {"name": "tempest-sub4-2099230611", "enable_dhcp": true, "network_id": "760a80b2-df08-4cbb-922e-91a11e43a9fc", "tenant_id": "f8cc73bbc53a4435aae9699ae4dbb5b6", "dns_nameservers": [], "gateway_ip": "10.100.0.1", "ipv6_ra_mode": null, "allocation_pools": [{"start": "10.100.0.2", "end": "10.100.0.14"}], "host_routes": [], "ip_version": 4, "ipv6_address_mode": null, "cidr": "10.100.0.0/28", "id": "81e3ecec-b013-4ba6-acbd-f05c8adce151", "subnetpool_id": null}}
2015-12-16 22:54:00,664 20999 INFO     [tempest_lib.common.rest_client] Request (TestGettingAddress:test_dhcp6_stateless_from_os): 201 POST http://10.0.2.15:9696/v2.0/routers 0.066s
2015-12-16 22:54:00,665 20999 DEBUG    [tempest_lib.common.rest_client] Request - Headers: {'Content-Type': 'application/json', 'Accept': 'application/json', 'X-Auth-Token': '&lt;omitted&gt;'}
        Body: {"router": {"tenant_id": "f8cc73bbc53a4435aae9699ae4dbb5b6", "name": "tempest-router-smoke-1359225561", "admin_state_up": true}}
    Response - Headers: {'status': '201', 'content-length': '239', 'connection': 'close', 'date': 'Wed, 16 Dec 2015 22:54:00 GMT', 'content-type': 'application/json; charset=UTF-8', 'x-openstack-request-id': 'req-4572767d-c5c0-40ff-9039-ab61afd35c28'}
        Body: {"router": {"status": "ACTIVE", "external_gateway_info": null, "name": "tempest-router-smoke-1359225561", "admin_state_up": true, "tenant_id": "f8cc73bbc53a4435aae9699ae4dbb5b6", "routes": [], "id": "ea7cd744-d66d-4d54-a694-0f539a997c12"}}
2015-12-16 22:54:00,705 20999 INFO     [tempest_lib.common.rest_client] Request (TestGettingAddress:test_dhcp6_stateless_from_os): 200 GET http://10.0.2.15:9696/v2.0/routers/ea7cd744-d66d-4d54-a694-0f539a997c12 0.039s
2015-12-16 22:54:00,705 20999 DEBUG    [tempest_lib.common.rest_client] Request - Headers: {'Content-Type': 'application/json', 'Accept': 'application/json', 'X-Auth-Token': '&lt;omitted&gt;'}
        Body: None
    Response - Headers: {'status': '200', 'content-length': '239', 'content-location': 'http://10.0.2.15:9696/v2.0/routers/ea7cd744-d66d-4d54-a694-0f539a997c12', 'connection': 'close', 'date': 'Wed, 16 Dec 2015 22:54:00 GMT', 'content-type': 'application/json; charset=UTF-8', 'x-openstack-request-id': 'req-81427f8a-a428-4cec-80de-ed795b7b3fbd'}
        Body: {"router": {"status": "ACTIVE", "external_gateway_info": null, "name": "tempest-router-smoke-1359225561", "admin_state_up": true, "tenant_id": "f8cc73bbc53a4435aae9699ae4dbb5b6", "routes": [], "id": "ea7cd744-d66d-4d54-a694-0f539a997c12"}}
2015-12-16 22:54:01,323 20999 INFO     [tempest_lib.common.rest_client] Request (TestGettingAddress:test_dhcp6_stateless_from_os): 200 PUT http://10.0.2.15:9696/v2.0/routers/ea7cd744-d66d-4d54-a694-0f539a997c12 0.617s
2015-12-16 22:54:01,323 20999 DEBUG    [tempest_lib.common.rest_client] Request - Headers: {'Content-Type': 'application/json', 'Accept': 'application/json', 'X-Auth-Token': '&lt;omitted&gt;'}
        Body: {"router": {"external_gateway_info": {"network_id": "92a8e3ca-a6f7-4280-9f78-7ad447628b31"}, "name": "tempest-router-smoke-1359225561", "admin_state_up": true}}
    Response - Headers: {'status': '200', 'content-length': '501', 'connection': 'close', 'date': 'Wed, 16 Dec 2015 22:54:01 GMT', 'content-type': 'application/json; charset=UTF-8', 'x-openstack-request-id': 'req-36f58627-acdf-4fa8-a9d7-5c4773921e62'}
        Body: {"router": {"status": "ACTIVE", "external_gateway_info": {"network_id": "92a8e3ca-a6f7-4280-9f78-7ad447628b31", "enable_snat": true, "external_fixed_ips": [{"subnet_id": "33e0dfcf-dbd8-463b-91a5-25c467493120", "ip_address": "172.24.4.3"}, {"subnet_id": "b8d39da5-73fc-46ca-9a52-bd6d610954f6", "ip_address": "2001:db8::3"}]}, "name": "tempest-router-smoke-1359225561", "admin_state_up": true, "tenant_id": "f8cc73bbc53a4435aae9699ae4dbb5b6", "routes": [], "id": "ea7cd744-d66d-4d54-a694-0f539a997c12"}}
2015-12-16 22:54:01,745 20999 INFO     [tempest_lib.common.rest_client] Request (TestGettingAddress:test_dhcp6_stateless_from_os): 200 PUT http://10.0.2.15:9696/v2.0/routers/ea7cd744-d66d-4d54-a694-0f539a997c12/add_router_interface 0.420s
2015-12-16 22:54:01,745 20999 DEBUG    [tempest_lib.common.rest_client] Request - Headers: {'Content-Type': 'application/json', 'Accept': 'application/json', 'X-Auth-Token': '&lt;omitted&gt;'}
        Body: {"subnet_id": "81e3ecec-b013-4ba6-acbd-f05c8adce151"}
    Response - Headers: {'status': '200', 'content-length': '255', 'connection': 'close', 'date': 'Wed, 16 Dec 2015 22:54:01 GMT', 'content-type': 'application/json; charset=UTF-8', 'x-openstack-request-id': 'req-0a147704-9005-4332-b183-461aab910f31'}
        Body: {"subnet_id": "81e3ecec-b013-4ba6-acbd-f05c8adce151", "tenant_id": "f8cc73bbc53a4435aae9699ae4dbb5b6", "subnet_ids": ["81e3ecec-b013-4ba6-acbd-f05c8adce151"], "port_id": "fba0ed06-606f-495f-8376-26a1a5330bd1", "id": "ea7cd744-d66d-4d54-a694-0f539a997c12"}
2015-12-16 22:54:01,868 20999 INFO     [tempest_lib.common.rest_client] Request (TestGettingAddress:test_dhcp6_stateless_from_os): 200 GET http://10.0.2.15:9696/v2.0/subnets?tenant_id=f8cc73bbc53a4435aae9699ae4dbb5b6&amp;cidr=2003%3A%3A%2F64 0.122s
2015-12-16 22:54:01,868 20999 DEBUG    [tempest_lib.common.rest_client] Request - Headers: {'Content-Type': 'application/json', 'Accept': 'application/json', 'X-Auth-Token': '&lt;omitted&gt;'}
        Body: None
    Response - Headers: {'status': '200', 'content-length': '15', 'content-location': 'http://10.0.2.15:9696/v2.0/subnets?tenant_id=f8cc73bbc53a4435aae9699ae4dbb5b6&amp;cidr=2003%3A%3A%2F64', 'connection': 'close', 'date': 'Wed, 16 Dec 2015 22:54:01 GMT', 'content-type': 'application/json; charset=UTF-8', 'x-openstack-request-id': 'req-c89dd4c7-182c-4c5e-a15e-3ba501357609'}
        Body: {"subnets": []}
2015-12-16 22:54:02,141 20999 INFO     [tempest_lib.common.rest_client] Request (TestGettingAddress:test_dhcp6_stateless_from_os): 201 POST http://10.0.2.15:9696/v2.0/subnets 0.271s
2015-12-16 22:54:02,141 20999 DEBUG    [tempest_lib.common.rest_client] Request - Headers: {'Content-Type': 'application/json', 'Accept': 'application/json', 'X-Auth-Token': '&lt;omitted&gt;'}
        Body: {"subnet": {"name": "tempest-sub6-1426292089", "network_id": "760a80b2-df08-4cbb-922e-91a11e43a9fc", "tenant_id": "f8cc73bbc53a4435aae9699ae4dbb5b6", "ipv6_ra_mode": "dhcpv6-stateless", "ip_version": 6, "ipv6_address_mode": "dhcpv6-stateless", "cidr": "2003::/64"}}
    Response - Headers: {'status': '201', 'content-length': '502', 'connection': 'close', 'date': 'Wed, 16 Dec 2015 22:54:02 GMT', 'content-type': 'application/json; charset=UTF-8', 'x-openstack-request-id': 'req-465670c1-a11e-4b2e-8643-323c66673707'}
        Body: {"subnet": {"name": "tempest-sub6-1426292089", "enable_dhcp": true, "network_id": "760a80b2-df08-4cbb-922e-91a11e43a9fc", "tenant_id": "f8cc73bbc53a4435aae9699ae4dbb5b6", "dns_nameservers": [], "gateway_ip": "2003::1", "ipv6_ra_mode": "dhcpv6-stateless", "allocation_pools": [{"start": "2003::2", "end": "2003::ffff:ffff:ffff:ffff"}], "host_routes": [], "ip_version": 6, "ipv6_address_mode": "dhcpv6-stateless", "cidr": "2003::/64", "id": "7514a28f-2cb7-4cde-9aee-75f1a9e3c09d", "subnetpool_id": null}}
2015-12-16 22:54:02,677 20999 INFO     [tempest_lib.common.rest_client] Request (TestGettingAddress:test_dhcp6_stateless_from_os): 200 PUT http://10.0.2.15:9696/v2.0/routers/ea7cd744-d66d-4d54-a694-0f539a997c12/add_router_interface 0.534s
2015-12-16 22:54:02,677 20999 DEBUG    [tempest_lib.common.rest_client] Request - Headers: {'Content-Type': 'application/json', 'Accept': 'application/json', 'X-Auth-Token': '&lt;omitted&gt;'}
        Body: {"subnet_id": "7514a28f-2cb7-4cde-9aee-75f1a9e3c09d"}
    Response - Headers: {'status': '200', 'content-length': '255', 'connection': 'close', 'date': 'Wed, 16 Dec 2015 22:54:02 GMT', 'content-type': 'application/json; charset=UTF-8', 'x-openstack-request-id': 'req-ae5fa6a4-2d93-49c6-a800-f63a27ce4bee'}
        Body: {"subnet_id": "7514a28f-2cb7-4cde-9aee-75f1a9e3c09d", "tenant_id": "f8cc73bbc53a4435aae9699ae4dbb5b6", "subnet_ids": ["7514a28f-2cb7-4cde-9aee-75f1a9e3c09d"], "port_id": "a9c09696-8ab7-498d-9acf-15b47aed3569", "id": "ea7cd744-d66d-4d54-a694-0f539a997c12"}
2015-12-16 22:54:02,802 20999 INFO     [tempest_lib.common.rest_client] Request (TestGettingAddress:test_dhcp6_stateless_from_os): 200 POST http://10.0.2.15:5000/v2.0/tokens
2015-12-16 22:54:02,803 20999 DEBUG    [tempest_lib.common.rest_client] Request - Headers: {'Content-Type': 'application/json', 'Accept': 'application/json'}
        Body: &lt;omitted&gt;
    Response - Headers: {'status': '200', 'content-length': '2522', 'vary': 'X-Auth-Token', 'server': 'Apache/2.4.7 (Ubuntu)', 'connection': 'close', 'date': 'Wed, 16 Dec 2015 22:54:02 GMT', 'content-type': 'application/json', 'x-openstack-request-id': 'req-2039a369-a67b-45fb-95be-36ee95f1718b'}
        Body: {"access": {"token": {"issued_at": "2015-12-16T22:54:02.786981", "expires": "2015-12-16T23:54:02Z", "id": "c115ac9505de49969004f6405616ece1", "tenant": {"description": "tempest-TestGettingAddress-744309185-desc", "enabled": true, "id": "f8cc73bbc53a4435aae9699ae4dbb5b6", "name": "tempest-TestGettingAddress-744309185"}, "audit_ids": ["ezB-9fo_Rpii9op7aovbtA"]}, "serviceCatalog": [{"endpoints": [{"adminURL": "http://10.0.2.15:8774/v2.1/f8cc73bbc53a4435aae9699ae4dbb5b6", "region": "RegionOne", "internalURL": "http://10.0.2.15:8774/v2.1/f8cc73bbc53a4435aae9699ae4dbb5b6", "id": "12bf7ccae74d4272a05556a843b251a5", "publicURL": "http://10.0.2.15:8774/v2.1/f8cc73bbc53a4435aae9699ae4dbb5b6"}], "endpoints_links": [], "type": "compute", "name": "nova"}, {"endpoints": [{"adminURL": "http://10.0.2.15:9696/", "region": "RegionOne", "internalURL": "http://10.0.2.15:9696/", "id": "9b6b6ae371fe42189b40f7bcd921aa11", "publicURL": "http://10.0.2.15:9696/"}], "endpoints_links": [], "type": "network", "name": "neutron"}, {"endpoints": [{"adminURL": "http://10.0.2.15:9292", "region": "RegionOne", "internalURL": "http://10.0.2.15:9292", "id": "d70a8a5f1971438b84bb7bf14605612f", "publicURL": "http://10.0.2.15:9292"}], "endpoints_links": [], "type": "image", "name": "glance"}, {"endpoints": [{"adminURL": "http://10.0.2.15:8774/v2/f8cc73bbc53a4435aae9699ae4dbb5b6", "region": "RegionOne", "internalURL": "http://10.0.2.15:8774/v2/f8cc73bbc53a4435aae9699ae4dbb5b6", "id": "101cf30b5e944cb9a31378a2b4ab3ed7", "publicURL": "http://10.0.2.15:8774/v2/f8cc73bbc53a4435aae9699ae4dbb5b6"}], "endpoints_links": [], "type": "compute_legacy", "name": "nova_legacy"}, {"endpoints": [{"adminURL": "http://10.0.2.15:8773/", "region": "RegionOne", "internalURL": "http://10.0.2.15:8773/", "id": "1d292c94cf004f9c8dad3116e3264408", "publicURL": "http://10.0.2.15:8773/"}], "endpoints_links": [], "type": "ec2", "name": "ec2"}, {"endpoints": [{"adminURL": "http://10.0.2.15:35357/v2.0", "region": "RegionOne", "internalURL": "http://10.0.2.15:5000/v2.0", "id": "657b51267a174ce28c02fcee2df3ce98", "publicURL": "http://10.0.2.15:5000/v2.0"}], "endpoints_links": [], "type": "identity", "name": "keystone"}], "user": {"username": "tempest-TestGettingAddress-579416581", "roles_links": [], "id": "6023c6bf8704440baac4dd9e8eb3b618", "roles": [{"name": "_member_"}, {"name": "Member"}], "name": "tempest-TestGettingAddress-579416581"}, "metadata": {"is_admin": 0, "roles": ["9fe2ff9ee4384b1894a90878d3e92bab", "9da2748cc7fe443da33a8526ebd13d5f"]}}}
2015-12-16 22:54:02,812 20999 DEBUG    [tempest.common.fixed_network] (TestGettingAddress:test_dhcp6_stateless_from_os) No valid network provided or created, defaulting to fixed_network_name
2015-12-16 22:54:03,138 20999 INFO     [tempest_lib.common.rest_client] Request (TestGettingAddress:test_dhcp6_stateless_from_os): 200 GET http://10.0.2.15:8774/v2.1/f8cc73bbc53a4435aae9699ae4dbb5b6/os-networks 0.325s
2015-12-16 22:54:03,138 20999 DEBUG    [tempest_lib.common.rest_client] Request - Headers: {'Content-Type': 'application/json', 'Accept': 'application/json', 'X-Auth-Token': '&lt;omitted&gt;'}
        Body: None
    Response - Headers: {'status': '200', 'content-length': '478', 'content-location': 'http://10.0.2.15:8774/v2.1/f8cc73bbc53a4435aae9699ae4dbb5b6/os-networks', 'x-compute-request-id': 'req-0e7f2225-4733-44e3-a80a-3448f494170d', 'vary': 'X-OpenStack-Nova-API-Version', 'connection': 'close', 'x-openstack-nova-api-version': '2.1', 'date': 'Wed, 16 Dec 2015 22:54:03 GMT', 'content-type': 'application/json'}
        Body: {"networks": [{"cidr_v6": null, "dns2": null, "dns1": null, "gateway": null, "broadcast": null, "netmask": null, "gateway_v6": null, "cidr": null, "label": "public", "id": "92a8e3ca-a6f7-4280-9f78-7ad447628b31", "netmask_v6": null}, {"cidr_v6": null, "dns2": null, "dns1": null, "gateway": null, "broadcast": null, "netmask": null, "gateway_v6": null, "cidr": null, "label": "tempest-network-smoke--203774565", "id": "760a80b2-df08-4cbb-922e-91a11e43a9fc", "netmask_v6": null}]}
2015-12-16 22:54:03,139 20999 WARNING  [tempest.common.fixed_network] (TestGettingAddress:test_dhcp6_stateless_from_os) Network with name: private not found
2015-12-16 22:54:03,139 20999 INFO     [tempest.common.fixed_network] (TestGettingAddress:test_dhcp6_stateless_from_os) Found network {} available for tenant
2015-12-16 22:54:04,882 20999 INFO     [tempest_lib.common.rest_client] Request (TestGettingAddress:test_dhcp6_stateless_from_os): 202 POST http://10.0.2.15:8774/v2.1/f8cc73bbc53a4435aae9699ae4dbb5b6/servers 1.741s
2015-12-16 22:54:04,883 20999 DEBUG    [tempest_lib.common.rest_client] Request - Headers: {'Content-Type': 'application/json', 'Accept': 'application/json', 'X-Auth-Token': '&lt;omitted&gt;'}
        Body: {"server": {"name": "tempest.common.compute-instance-635165011", "imageRef": "871d00ba-a38f-4225-8154-54646530d6fd", "key_name": "tempest-TestGettingAddress-1382489277", "flavorRef": "42", "networks": [{"uuid": "760a80b2-df08-4cbb-922e-91a11e43a9fc"}], "security_groups": [{"name": "tempest-secgroup-smoke-560006239"}]}}
    Response - Headers: {'status': '202', 'content-length': '461', 'x-compute-request-id': 'req-0feab5fc-5bb3-462b-ab4f-ae081e83e3a6', 'vary': 'X-OpenStack-Nova-API-Version', 'connection': 'close', 'location': 'http://10.0.2.15:8774/v2.1/f8cc73bbc53a4435aae9699ae4dbb5b6/servers/43a8f958-4d56-474d-882a-c6c88a8d1d9a', 'x-openstack-nova-api-version': '2.1', 'date': 'Wed, 16 Dec 2015 22:54:04 GMT', 'content-type': 'application/json'}
        Body: {"server": {"security_groups": [{"name": "tempest-secgroup-smoke-560006239"}], "OS-DCF:diskConfig": "MANUAL", "id": "43a8f958-4d56-474d-882a-c6c88a8d1d9a", "links": [{"href": "http://10.0.2.15:8774/v2.1/f8cc73bbc53a4435aae9699ae4dbb5b6/servers/43a8f958-4d56-474d-882a-c6c88a8d1d9a", "rel": "self"}, {"href": "http://10.0.2.15:8774/f8cc73bbc53a4435aae9699ae4dbb5b6/servers/43a8f958-4d56-474d-882a-c6c88a8d1d9a", "rel": "bookmark"}], "adminPass": "oi28ZBBiDe9e"}}
2015-12-16 22:54:05,027 20999 INFO     [tempest_lib.common.rest_client] Request (TestGettingAddress:test_dhcp6_stateless_from_os): 200 GET http://10.0.2.15:8774/v2.1/f8cc73bbc53a4435aae9699ae4dbb5b6/servers/43a8f958-4d56-474d-882a-c6c88a8d1d9a 0.141s
2015-12-16 22:54:05,027 20999 DEBUG    [tempest_lib.common.rest_client] Request - Headers: {'Content-Type': 'application/json', 'Accept': 'application/json', 'X-Auth-Token': '&lt;omitted&gt;'}
        Body: None
    Response - Headers: {'status': '200', 'content-length': '1354', 'content-location': 'http://10.0.2.15:8774/v2.1/f8cc73bbc53a4435aae9699ae4dbb5b6/servers/43a8f958-4d56-474d-882a-c6c88a8d1d9a', 'x-compute-request-id': 'req-0a0a709b-23d9-4d19-9ad3-9d2669a353e9', 'vary': 'X-OpenStack-Nova-API-Version', 'connection': 'close', 'x-openstack-nova-api-version': '2.1', 'date': 'Wed, 16 Dec 2015 22:54:05 GMT', 'content-type': 'application/json'}
        Body: {"server": {"status": "BUILD", "updated": "2015-12-16T22:54:04Z", "hostId": "", "addresses": {}, "links": [{"href": "http://10.0.2.15:8774/v2.1/f8cc73bbc53a4435aae9699ae4dbb5b6/servers/43a8f958-4d56-474d-882a-c6c88a8d1d9a", "rel": "self"}, {"href": "http://10.0.2.15:8774/f8cc73bbc53a4435aae9699ae4dbb5b6/servers/43a8f958-4d56-474d-882a-c6c88a8d1d9a", "rel": "bookmark"}], "key_name": "tempest-TestGettingAddress-1382489277", "image": {"id": "871d00ba-a38f-4225-8154-54646530d6fd", "links": [{"href": "http://10.0.2.15:8774/f8cc73bbc53a4435aae9699ae4dbb5b6/images/871d00ba-a38f-4225-8154-54646530d6fd", "rel": "bookmark"}]}, "OS-EXT-STS:task_state": "scheduling", "OS-EXT-STS:vm_state": "building", "OS-SRV-USG:launched_at": null, "flavor": {"id": "42", "links": [{"href": "http://10.0.2.15:8774/f8cc73bbc53a4435aae9699ae4dbb5b6/flavors/42", "rel": "bookmark"}]}, "id": "43a8f958-4d56-474d-882a-c6c88a8d1d9a", "OS-SRV-USG:terminated_at": null, "OS-EXT-AZ:availability_zone": "", "user_id": "6023c6bf8704440baac4dd9e8eb3b618", "name": "tempest.common.compute-instance-635165011", "created": "2015-12-16T22:54:04Z", "tenant_id": "f8cc73bbc53a4435aae9699ae4dbb5b6", "OS-DCF:diskConfig": "MANUAL", "os-extended-volumes:volumes_attached": [], "accessIPv4": "", "accessIPv6": "", "progress": 0, "OS-EXT-STS:power_state": 0, "config_drive": "", "metadata": {}}}
2015-12-16 22:54:06,485 20999 INFO     [tempest_lib.common.rest_client] Request (TestGettingAddress:test_dhcp6_stateless_from_os): 200 GET http://10.0.2.15:8774/v2.1/f8cc73bbc53a4435aae9699ae4dbb5b6/servers/43a8f958-4d56-474d-882a-c6c88a8d1d9a 0.447s
2015-12-16 22:54:06,486 20999 DEBUG    [tempest_lib.common.rest_client] Request - Headers: {'Content-Type': 'application/json', 'Accept': 'application/json', 'X-Auth-Token': '&lt;omitted&gt;'}
        Body: None
    Response - Headers: {'status': '200', 'content-length': '1479', 'content-location': 'http://10.0.2.15:8774/v2.1/f8cc73bbc53a4435aae9699ae4dbb5b6/servers/43a8f958-4d56-474d-882a-c6c88a8d1d9a', 'x-compute-request-id': 'req-9ab9d333-d4db-405c-83b3-2ac8f73e6dd8', 'vary': 'X-OpenStack-Nova-API-Version', 'connection': 'close', 'x-openstack-nova-api-version': '2.1', 'date': 'Wed, 16 Dec 2015 22:54:06 GMT', 'content-type': 'application/json'}
        Body: {"server": {"status": "BUILD", "updated": "2015-12-16T22:54:05Z", "hostId": "7c7b4ec08f06aacdb6cba6c9831fbbaeaca4aac06fc6f381d0db1bf4", "addresses": {}, "links": [{"href": "http://10.0.2.15:8774/v2.1/f8cc73bbc53a4435aae9699ae4dbb5b6/servers/43a8f958-4d56-474d-882a-c6c88a8d1d9a", "rel": "self"}, {"href": "http://10.0.2.15:8774/f8cc73bbc53a4435aae9699ae4dbb5b6/servers/43a8f958-4d56-474d-882a-c6c88a8d1d9a", "rel": "bookmark"}], "key_name": "tempest-TestGettingAddress-1382489277", "image": {"id": "871d00ba-a38f-4225-8154-54646530d6fd", "links": [{"href": "http://10.0.2.15:8774/f8cc73bbc53a4435aae9699ae4dbb5b6/images/871d00ba-a38f-4225-8154-54646530d6fd", "rel": "bookmark"}]}, "OS-EXT-STS:task_state": "spawning", "OS-EXT-STS:vm_state": "building", "OS-SRV-USG:launched_at": null, "flavor": {"id": "42", "links": [{"href": "http://10.0.2.15:8774/f8cc73bbc53a4435aae9699ae4dbb5b6/flavors/42", "rel": "bookmark"}]}, "id": "43a8f958-4d56-474d-882a-c6c88a8d1d9a", "security_groups": [{"name": "tempest-secgroup-smoke-560006239"}], "OS-SRV-USG:terminated_at": null, "OS-EXT-AZ:availability_zone": "nova", "user_id": "6023c6bf8704440baac4dd9e8eb3b618", "name": "tempest.common.compute-instance-635165011", "created": "2015-12-16T22:54:04Z", "tenant_id": "f8cc73bbc53a4435aae9699ae4dbb5b6", "OS-DCF:diskConfig": "MANUAL", "os-extended-volumes:volumes_attached": [], "accessIPv4": "", "accessIPv6": "", "progress": 0, "OS-EXT-STS:power_state": 0, "config_drive": "", "metadata": {}}}
2015-12-16 22:54:06,494 20999 INFO     [tempest.common.waiters] State transition "BUILD/scheduling" ==&gt; "BUILD/spawning" after 1 second wait
2015-12-16 22:54:07,719 20999 INFO     [tempest_lib.common.rest_client] Request (TestGettingAddress:test_dhcp6_stateless_from_os): 200 GET http://10.0.2.15:8774/v2.1/f8cc73bbc53a4435aae9699ae4dbb5b6/servers/43a8f958-4d56-474d-882a-c6c88a8d1d9a 0.223s
2015-12-16 22:54:07,719 20999 DEBUG    [tempest_lib.common.rest_client] Request - Headers: {'Content-Type': 'application/json', 'Accept': 'application/json', 'X-Auth-Token': '&lt;omitted&gt;'}
        Body: None
    Response - Headers: {'status': '200', 'content-length': '1479', 'content-location': 'http://10.0.2.15:8774/v2.1/f8cc73bbc53a4435aae9699ae4dbb5b6/servers/43a8f958-4d56-474d-882a-c6c88a8d1d9a', 'x-compute-request-id': 'req-d72d874f-1087-49d3-acb8-2d1c91f6aa5e', 'vary': 'X-OpenStack-Nova-API-Version', 'connection': 'close', 'x-openstack-nova-api-version': '2.1', 'date': 'Wed, 16 Dec 2015 22:54:07 GMT', 'content-type': 'application/json'}
        Body: {"server": {"status": "BUILD", "updated": "2015-12-16T22:54:05Z", "hostId": "7c7b4ec08f06aacdb6cba6c9831fbbaeaca4aac06fc6f381d0db1bf4", "addresses": {}, "links": [{"href": "http://10.0.2.15:8774/v2.1/f8cc73bbc53a4435aae9699ae4dbb5b6/servers/43a8f958-4d56-474d-882a-c6c88a8d1d9a", "rel": "self"}, {"href": "http://10.0.2.15:8774/f8cc73bbc53a4435aae9699ae4dbb5b6/servers/43a8f958-4d56-474d-882a-c6c88a8d1d9a", "rel": "bookmark"}], "key_name": "tempest-TestGettingAddress-1382489277", "image": {"id": "871d00ba-a38f-4225-8154-54646530d6fd", "links": [{"href": "http://10.0.2.15:8774/f8cc73bbc53a4435aae9699ae4dbb5b6/images/871d00ba-a38f-4225-8154-54646530d6fd", "rel": "bookmark"}]}, "OS-EXT-STS:task_state": "spawning", "OS-EXT-STS:vm_state": "building", "OS-SRV-USG:launched_at": null, "flavor": {"id": "42", "links": [{"href": "http://10.0.2.15:8774/f8cc73bbc53a4435aae9699ae4dbb5b6/flavors/42", "rel": "bookmark"}]}, "id": "43a8f958-4d56-474d-882a-c6c88a8d1d9a", "security_groups": [{"name": "tempest-secgroup-smoke-560006239"}], "OS-SRV-USG:terminated_at": null, "OS-EXT-AZ:availability_zone": "nova", "user_id": "6023c6bf8704440baac4dd9e8eb3b618", "name": "tempest.common.compute-instance-635165011", "created": "2015-12-16T22:54:04Z", "tenant_id": "f8cc73bbc53a4435aae9699ae4dbb5b6", "OS-DCF:diskConfig": "MANUAL", "os-extended-volumes:volumes_attached": [], "accessIPv4": "", "accessIPv6": "", "progress": 0, "OS-EXT-STS:power_state": 0, "config_drive": "", "metadata": {}}}
2015-12-16 22:54:08,915 20999 INFO     [tempest_lib.common.rest_client] Request (TestGettingAddress:test_dhcp6_stateless_from_os): 200 GET http://10.0.2.15:8774/v2.1/f8cc73bbc53a4435aae9699ae4dbb5b6/servers/43a8f958-4d56-474d-882a-c6c88a8d1d9a 0.183s
2015-12-16 22:54:08,916 20999 DEBUG    [tempest_lib.common.rest_client] Request - Headers: {'Content-Type': 'application/json', 'Accept': 'application/json', 'X-Auth-Token': '&lt;omitted&gt;'}
        Body: None
    Response - Headers: {'status': '200', 'content-length': '1779', 'content-location': 'http://10.0.2.15:8774/v2.1/f8cc73bbc53a4435aae9699ae4dbb5b6/servers/43a8f958-4d56-474d-882a-c6c88a8d1d9a', 'x-compute-request-id': 'req-a066b3d2-ea59-40ab-9d1a-79237a307fb0', 'vary': 'X-OpenStack-Nova-API-Version', 'connection': 'close', 'x-openstack-nova-api-version': '2.1', 'date': 'Wed, 16 Dec 2015 22:54:08 GMT', 'content-type': 'application/json'}
        Body: {"server": {"status": "ACTIVE", "updated": "2015-12-16T22:54:08Z", "hostId": "7c7b4ec08f06aacdb6cba6c9831fbbaeaca4aac06fc6f381d0db1bf4", "addresses": {"tempest-network-smoke--203774565": [{"OS-EXT-IPS-MAC:mac_addr": "fa:16:3e:04:72:3b", "version": 6, "addr": "2003::f816:3eff:fe04:723b", "OS-EXT-IPS:type": "fixed"}, {"OS-EXT-IPS-MAC:mac_addr": "fa:16:3e:04:72:3b", "version": 4, "addr": "10.100.0.3", "OS-EXT-IPS:type": "fixed"}]}, "links": [{"href": "http://10.0.2.15:8774/v2.1/f8cc73bbc53a4435aae9699ae4dbb5b6/servers/43a8f958-4d56-474d-882a-c6c88a8d1d9a", "rel": "self"}, {"href": "http://10.0.2.15:8774/f8cc73bbc53a4435aae9699ae4dbb5b6/servers/43a8f958-4d56-474d-882a-c6c88a8d1d9a", "rel": "bookmark"}], "key_name": "tempest-TestGettingAddress-1382489277", "image": {"id": "871d00ba-a38f-4225-8154-54646530d6fd", "links": [{"href": "http://10.0.2.15:8774/f8cc73bbc53a4435aae9699ae4dbb5b6/images/871d00ba-a38f-4225-8154-54646530d6fd", "rel": "bookmark"}]}, "OS-EXT-STS:task_state": null, "OS-EXT-STS:vm_state": "active", "OS-SRV-USG:launched_at": "2015-12-16T22:54:08.000000", "flavor": {"id": "42", "links": [{"href": "http://10.0.2.15:8774/f8cc73bbc53a4435aae9699ae4dbb5b6/flavors/42", "rel": "bookmark"}]}, "id": "43a8f958-4d56-474d-882a-c6c88a8d1d9a", "security_groups": [{"name": "tempest-secgroup-smoke-560006239"}], "OS-SRV-USG:terminated_at": null, "OS-EXT-AZ:availability_zone": "nova", "user_id": "6023c6bf8704440baac4dd9e8eb3b618", "name": "tempest.common.compute-instance-635165011", "created": "2015-12-16T22:54:04Z", "tenant_id": "f8cc73bbc53a4435aae9699ae4dbb5b6", "OS-DCF:diskConfig": "MANUAL", "os-extended-volumes:volumes_attached": [], "accessIPv4": "", "accessIPv6": "", "progress": 0, "OS-EXT-STS:power_state": 1, "config_drive": "True", "metadata": {}}}
2015-12-16 22:54:08,924 20999 INFO     [tempest.common.waiters] State transition "BUILD/spawning" ==&gt; "ACTIVE/None" after 3 second wait
2015-12-16 22:54:09,110 20999 INFO     [tempest_lib.common.rest_client] Request (TestGettingAddress:test_dhcp6_stateless_from_os): 200 GET http://10.0.2.15:8774/v2.1/f8cc73bbc53a4435aae9699ae4dbb5b6/servers/43a8f958-4d56-474d-882a-c6c88a8d1d9a 0.184s
2015-12-16 22:54:09,110 20999 DEBUG    [tempest_lib.common.rest_client] Request - Headers: {'Content-Type': 'application/json', 'Accept': 'application/json', 'X-Auth-Token': '&lt;omitted&gt;'}
        Body: None
    Response - Headers: {'status': '200', 'content-length': '1779', 'content-location': 'http://10.0.2.15:8774/v2.1/f8cc73bbc53a4435aae9699ae4dbb5b6/servers/43a8f958-4d56-474d-882a-c6c88a8d1d9a', 'x-compute-request-id': 'req-bb8978cb-19d4-4f7e-a35b-008ab136ffba', 'vary': 'X-OpenStack-Nova-API-Version', 'connection': 'close', 'x-openstack-nova-api-version': '2.1', 'date': 'Wed, 16 Dec 2015 22:54:09 GMT', 'content-type': 'application/json'}
        Body: {"server": {"status": "ACTIVE", "updated": "2015-12-16T22:54:08Z", "hostId": "7c7b4ec08f06aacdb6cba6c9831fbbaeaca4aac06fc6f381d0db1bf4", "addresses": {"tempest-network-smoke--203774565": [{"OS-EXT-IPS-MAC:mac_addr": "fa:16:3e:04:72:3b", "version": 6, "addr": "2003::f816:3eff:fe04:723b", "OS-EXT-IPS:type": "fixed"}, {"OS-EXT-IPS-MAC:mac_addr": "fa:16:3e:04:72:3b", "version": 4, "addr": "10.100.0.3", "OS-EXT-IPS:type": "fixed"}]}, "links": [{"href": "http://10.0.2.15:8774/v2.1/f8cc73bbc53a4435aae9699ae4dbb5b6/servers/43a8f958-4d56-474d-882a-c6c88a8d1d9a", "rel": "self"}, {"href": "http://10.0.2.15:8774/f8cc73bbc53a4435aae9699ae4dbb5b6/servers/43a8f958-4d56-474d-882a-c6c88a8d1d9a", "rel": "bookmark"}], "key_name": "tempest-TestGettingAddress-1382489277", "image": {"id": "871d00ba-a38f-4225-8154-54646530d6fd", "links": [{"href": "http://10.0.2.15:8774/f8cc73bbc53a4435aae9699ae4dbb5b6/images/871d00ba-a38f-4225-8154-54646530d6fd", "rel": "bookmark"}]}, "OS-EXT-STS:task_state": null, "OS-EXT-STS:vm_state": "active", "OS-SRV-USG:launched_at": "2015-12-16T22:54:08.000000", "flavor": {"id": "42", "links": [{"href": "http://10.0.2.15:8774/f8cc73bbc53a4435aae9699ae4dbb5b6/flavors/42", "rel": "bookmark"}]}, "id": "43a8f958-4d56-474d-882a-c6c88a8d1d9a", "security_groups": [{"name": "tempest-secgroup-smoke-560006239"}], "OS-SRV-USG:terminated_at": null, "OS-EXT-AZ:availability_zone": "nova", "user_id": "6023c6bf8704440baac4dd9e8eb3b618", "name": "tempest.common.compute-instance-635165011", "created": "2015-12-16T22:54:04Z", "tenant_id": "f8cc73bbc53a4435aae9699ae4dbb5b6", "OS-DCF:diskConfig": "MANUAL", "os-extended-volumes:volumes_attached": [], "accessIPv4": "", "accessIPv6": "", "progress": 0, "OS-EXT-STS:power_state": 1, "config_drive": "True", "metadata": {}}}
2015-12-16 22:54:09,159 20999 INFO     [tempest_lib.common.rest_client] Request (TestGettingAddress:test_dhcp6_stateless_from_os): 200 GET http://10.0.2.15:9696/v2.0/ports?status=ACTIVE&amp;fixed_ip=None&amp;device_id=43a8f958-4d56-474d-882a-c6c88a8d1d9a 0.040s
2015-12-16 22:54:09,159 20999 DEBUG    [tempest_lib.common.rest_client] Request - Headers: {'Content-Type': 'application/json', 'Accept': 'application/json', 'X-Auth-Token': '&lt;omitted&gt;'}
        Body: None
    Response - Headers: {'status': '200', 'content-length': '1142', 'content-location': 'http://10.0.2.15:9696/v2.0/ports?status=ACTIVE&amp;fixed_ip=None&amp;device_id=43a8f958-4d56-474d-882a-c6c88a8d1d9a', 'connection': 'close', 'date': 'Wed, 16 Dec 2015 22:54:09 GMT', 'content-type': 'application/json; charset=UTF-8', 'x-openstack-request-id': 'req-5b63fd6f-96a9-41cf-af81-e3ba8836e9aa'}
        Body: {"ports": [{"status": "ACTIVE", "binding:host_id": "vagrant-ubuntu-trusty-64", "allowed_address_pairs": [], "extra_dhcp_opts": [], "dns_assignment": [{"hostname": "host-10-100-0-3", "ip_address": "10.100.0.3", "fqdn": "host-10-100-0-3.openstacklocal."}, {"hostname": "host-2003--f816-3eff-fe04-723b", "ip_address": "2003::f816:3eff:fe04:723b", "fqdn": "host-2003--f816-3eff-fe04-723b.openstacklocal."}], "device_owner": "compute:None", "port_security_enabled": true, "binding:profile": {}, "fixed_ips": [{"subnet_id": "81e3ecec-b013-4ba6-acbd-f05c8adce151", "ip_address": "10.100.0.3"}, {"subnet_id": "7514a28f-2cb7-4cde-9aee-75f1a9e3c09d", "ip_address": "2003::f816:3eff:fe04:723b"}], "id": "fda4cecc-28b1-41c9-b73e-dbbbb7d1c542", "security_groups": ["b51d8679-d778-4877-81e2-50b9537f195e"], "device_id": "43a8f958-4d56-474d-882a-c6c88a8d1d9a", "name": "", "admin_state_up": true, "network_id": "760a80b2-df08-4cbb-922e-91a11e43a9fc", "dns_name": "", "binding:vif_details": {"port_filter": true}, "binding:vnic_type": "normal", "binding:vif_type": "ovs", "tenant_id": "f8cc73bbc53a4435aae9699ae4dbb5b6", "mac_address": "fa:16:3e:04:72:3b"}]}
2015-12-16 22:54:09,592 20999 INFO     [tempest_lib.common.rest_client] Request (TestGettingAddress:test_dhcp6_stateless_from_os): 201 POST http://10.0.2.15:9696/v2.0/floatingips 0.432s
2015-12-16 22:54:09,593 20999 DEBUG    [tempest_lib.common.rest_client] Request - Headers: {'Content-Type': 'application/json', 'Accept': 'application/json', 'X-Auth-Token': '&lt;omitted&gt;'}
        Body: {"floatingip": {"floating_network_id": "92a8e3ca-a6f7-4280-9f78-7ad447628b31", "tenant_id": "f8cc73bbc53a4435aae9699ae4dbb5b6", "fixed_ip_address": "10.100.0.3", "port_id": "fda4cecc-28b1-41c9-b73e-dbbbb7d1c542"}}
    Response - Headers: {'status': '201', 'content-length': '367', 'connection': 'close', 'date': 'Wed, 16 Dec 2015 22:54:09 GMT', 'content-type': 'application/json; charset=UTF-8', 'x-openstack-request-id': 'req-bb7051bd-9980-47e9-a6d6-04319e8999eb'}
        Body: {"floatingip": {"floating_network_id": "92a8e3ca-a6f7-4280-9f78-7ad447628b31", "router_id": "ea7cd744-d66d-4d54-a694-0f539a997c12", "fixed_ip_address": "10.100.0.3", "floating_ip_address": "172.24.4.4", "tenant_id": "f8cc73bbc53a4435aae9699ae4dbb5b6", "status": "DOWN", "port_id": "fda4cecc-28b1-41c9-b73e-dbbbb7d1c542", "id": "2c371fc9-dcb0-4344-9116-937e96069fc1"}}
2015-12-16 22:54:09,594 20999 INFO     [tempest_lib.common.ssh] Creating ssh connection to '172.24.4.4' as 'cirros' with public key authentication
2015-12-16 22:54:13,161 20999 WARNING  [tempest_lib.common.ssh] Failed to establish authenticated ssh connection to cirros@172.24.4.4 ([Errno None] Unable to connect to port 22 on  or 172.24.4.4). Number attempts: 1. Retry after 2 seconds.
2015-12-16 22:54:18,664 20999 WARNING  [tempest_lib.common.ssh] Failed to establish authenticated ssh connection to cirros@172.24.4.4 ([Errno None] Unable to connect to port 22 on  or 172.24.4.4). Number attempts: 2. Retry after 3 seconds.
2015-12-16 22:54:25,168 20999 WARNING  [tempest_lib.common.ssh] Failed to establish authenticated ssh connection to cirros@172.24.4.4 ([Errno None] Unable to connect to port 22 on  or 172.24.4.4). Number attempts: 3. Retry after 4 seconds.
2015-12-16 22:54:32,673 20999 WARNING  [tempest_lib.common.ssh] Failed to establish authenticated ssh connection to cirros@172.24.4.4 ([Errno None] Unable to connect to port 22 on  or 172.24.4.4). Number attempts: 4. Retry after 5 seconds.
2015-12-16 22:54:41,176 20999 WARNING  [tempest_lib.common.ssh] Failed to establish authenticated ssh connection to cirros@172.24.4.4 ([Errno None] Unable to connect to port 22 on  or 172.24.4.4). Number attempts: 5. Retry after 6 seconds.
2015-12-16 22:54:50,685 20999 WARNING  [tempest_lib.common.ssh] Failed to establish authenticated ssh connection to cirros@172.24.4.4 ([Errno None] Unable to connect to port 22 on  or 172.24.4.4). Number attempts: 6. Retry after 7 seconds.
2015-12-16 22:55:01,189 20999 WARNING  [tempest_lib.common.ssh] Failed to establish authenticated ssh connection to cirros@172.24.4.4 ([Errno None] Unable to connect to port 22 on  or 172.24.4.4). Number attempts: 7. Retry after 8 seconds.
2015-12-16 22:55:12,697 20999 WARNING  [tempest_lib.common.ssh] Failed to establish authenticated ssh connection to cirros@172.24.4.4 ([Errno None] Unable to connect to port 22 on  or 172.24.4.4). Number attempts: 8. Retry after 9 seconds.
2015-12-16 22:55:25,210 20999 WARNING  [tempest_lib.common.ssh] Failed to establish authenticated ssh connection to cirros@172.24.4.4 ([Errno None] Unable to connect to port 22 on  or 172.24.4.4). Number attempts: 9. Retry after 10 seconds.
2015-12-16 22:55:38,717 20999 WARNING  [tempest_lib.common.ssh] Failed to establish authenticated ssh connection to cirros@172.24.4.4 ([Errno None] Unable to connect to port 22 on  or 172.24.4.4). Number attempts: 10. Retry after 11 seconds.
2015-12-16 22:55:53,226 20999 WARNING  [tempest_lib.common.ssh] Failed to establish authenticated ssh connection to cirros@172.24.4.4 ([Errno None] Unable to connect to port 22 on  or 172.24.4.4). Number attempts: 11. Retry after 12 seconds.
2015-12-16 22:56:08,738 20999 WARNING  [tempest_lib.common.ssh] Failed to establish authenticated ssh connection to cirros@172.24.4.4 ([Errno None] Unable to connect to port 22 on  or 172.24.4.4). Number attempts: 12. Retry after 13 seconds.
2015-12-16 22:56:25,257 20999 WARNING  [tempest_lib.common.ssh] Failed to establish authenticated ssh connection to cirros@172.24.4.4 ([Errno None] Unable to connect to port 22 on  or 172.24.4.4). Number attempts: 13. Retry after 14 seconds.
2015-12-16 22:56:42,774 20999 WARNING  [tempest_lib.common.ssh] Failed to establish authenticated ssh connection to cirros@172.24.4.4 ([Errno None] Unable to connect to port 22 on  or 172.24.4.4). Number attempts: 14. Retry after 15 seconds.
2015-12-16 22:57:01,277 20999 WARNING  [tempest_lib.common.ssh] Failed to establish authenticated ssh connection to cirros@172.24.4.4 ([Errno None] Unable to connect to port 22 on  or 172.24.4.4). Number attempts: 15. Retry after 16 seconds.
2015-12-16 22:57:20,793 20999 WARNING  [tempest_lib.common.ssh] Failed to establish authenticated ssh connection to cirros@172.24.4.4 ([Errno None] Unable to connect to port 22 on  or 172.24.4.4). Number attempts: 16. Retry after 17 seconds.
2015-12-16 22:57:41,309 20999 ERROR    [tempest_lib.common.ssh] Failed to establish authenticated ssh connection to cirros@172.24.4.4 after 16 attempts
2015-12-16 22:57:41.309 20999 ERROR tempest_lib.common.ssh Traceback (most recent call last):
2015-12-16 22:57:41.309 20999 ERROR tempest_lib.common.ssh   File "/usr/local/lib/python2.7/dist-packages/tempest_lib/common/ssh.py", line 75, in _get_ssh_connection
2015-12-16 22:57:41.309 20999 ERROR tempest_lib.common.ssh     timeout=self.channel_timeout, pkey=self.pkey)
2015-12-16 22:57:41.309 20999 ERROR tempest_lib.common.ssh   File "/usr/local/lib/python2.7/dist-packages/paramiko/client.py", line 311, in connect
2015-12-16 22:57:41.309 20999 ERROR tempest_lib.common.ssh     raise NoValidConnectionsError(errors)
2015-12-16 22:57:41.309 20999 ERROR tempest_lib.common.ssh NoValidConnectionsError: [Errno None] Unable to connect to port 22 on  or 172.24.4.4
2015-12-16 22:57:41.309 20999 ERROR tempest_lib.common.ssh 
2015-12-16 22:57:41,310 20999 ERROR    [tempest.scenario.manager] (TestGettingAddress:test_dhcp6_stateless_from_os) Initializing SSH connection to 172.24.4.4 failed. Error: Connection to the 172.24.4.4 via SSH timed out.
User: cirros, Password: None
2015-12-16 22:57:41.310 20999 ERROR tempest.scenario.manager Traceback (most recent call last):
2015-12-16 22:57:41.310 20999 ERROR tempest.scenario.manager   File "tempest/scenario/manager.py", line 385, in get_remote_client
2015-12-16 22:57:41.310 20999 ERROR tempest.scenario.manager     linux_client.validate_authentication()
2015-12-16 22:57:41.310 20999 ERROR tempest.scenario.manager   File "tempest/common/utils/linux/remote_client.py", line 63, in validate_authentication
2015-12-16 22:57:41.310 20999 ERROR tempest.scenario.manager     self.ssh_client.test_connection_auth()
2015-12-16 22:57:41.310 20999 ERROR tempest.scenario.manager   File "/usr/local/lib/python2.7/dist-packages/tempest_lib/common/ssh.py", line 167, in test_connection_auth
2015-12-16 22:57:41.310 20999 ERROR tempest.scenario.manager     connection = self._get_ssh_connection()
2015-12-16 22:57:41.310 20999 ERROR tempest.scenario.manager   File "/usr/local/lib/python2.7/dist-packages/tempest_lib/common/ssh.py", line 87, in _get_ssh_connection
2015-12-16 22:57:41.310 20999 ERROR tempest.scenario.manager     password=self.password)
2015-12-16 22:57:41.310 20999 ERROR tempest.scenario.manager SSHTimeout: Connection to the 172.24.4.4 via SSH timed out.
2015-12-16 22:57:41.310 20999 ERROR tempest.scenario.manager User: cirros, Password: None
2015-12-16 22:57:41.310 20999 ERROR tempest.scenario.manager 
2015-12-16 22:57:41,391 20999 INFO     [tempest_lib.common.rest_client] Request (TestGettingAddress:test_dhcp6_stateless_from_os): 200 GET http://10.0.2.15:8774/v2.1/f8cc73bbc53a4435aae9699ae4dbb5b6/servers 0.078s
2015-12-16 22:57:41,391 20999 DEBUG    [tempest_lib.common.rest_client] Request - Headers: {'Content-Type': 'application/json', 'Accept': 'application/json', 'X-Auth-Token': '&lt;omitted&gt;'}
        Body: None
    Response - Headers: {'status': '200', 'content-length': '390', 'content-location': 'http://10.0.2.15:8774/v2.1/f8cc73bbc53a4435aae9699ae4dbb5b6/servers', 'x-compute-request-id': 'req-3c957fea-3d67-4043-aeb5-5593760711bd', 'vary': 'X-OpenStack-Nova-API-Version', 'connection': 'close', 'x-openstack-nova-api-version': '2.1', 'date': 'Wed, 16 Dec 2015 22:57:41 GMT', 'content-type': 'application/json'}
        Body: {"servers": [{"id": "43a8f958-4d56-474d-882a-c6c88a8d1d9a", "links": [{"href": "http://10.0.2.15:8774/v2.1/f8cc73bbc53a4435aae9699ae4dbb5b6/servers/43a8f958-4d56-474d-882a-c6c88a8d1d9a", "rel": "self"}, {"href": "http://10.0.2.15:8774/f8cc73bbc53a4435aae9699ae4dbb5b6/servers/43a8f958-4d56-474d-882a-c6c88a8d1d9a", "rel": "bookmark"}], "name": "tempest.common.compute-instance-635165011"}]}
2015-12-16 22:57:41,599 20999 INFO     [tempest_lib.common.rest_client] Request (TestGettingAddress:test_dhcp6_stateless_from_os): 200 POST http://10.0.2.15:8774/v2.1/f8cc73bbc53a4435aae9699ae4dbb5b6/servers/43a8f958-4d56-474d-882a-c6c88a8d1d9a/action 0.204s
2015-12-16 22:57:41,600 20999 DEBUG    [tempest_lib.common.rest_client] Request - Headers: {'Content-Type': 'application/json', 'Accept': 'application/json', 'X-Auth-Token': '&lt;omitted&gt;'}
        Body: {"os-getConsoleOutput": {}}
    Response - Headers: {'status': '200', 'content-length': '24661', 'x-compute-request-id': 'req-2d22fca0-3b70-4a14-9446-c2af6564095b', 'vary': 'X-OpenStack-Nova-API-Version', 'connection': 'close', 'x-openstack-nova-api-version': '2.1', 'date': 'Wed, 16 Dec 2015 22:57:41 GMT', 'content-type': 'application/json'}
        Body: {"output": "[    0.000000] Initializing cgroup subsys cpuset\n[    0.000000] Initializing cgroup subsys cpu\n[    0.000000] Linux version 3.2.0-80-virtual (buildd@batsu) (gcc version 4.6.3 (Ubuntu/Linaro 4.6.3-1ubuntu5) ) #116-Ubuntu SMP Mon Mar 23 17:28:52 UTC 2015 (Ubuntu 3.2.0-80.116-virtual 3.2.68)\n[    0.000000] Command line: root=/dev/vda console=tty0 console=ttyS0 no_timer_check\n[    0.000000] KERNEL supported cpus:\n[    0.000000]   Intel GenuineIntel\n[    0.000000]   AMD AuthenticAMD\n[    0.000000]   Centaur CentaurHauls\n[    0.000000] BIOS-provided physical RAM map:\n[    0.000000]  BIOS-e820: 0000000000000000 - 000000000009fc00 (usable)\n[    0.000000]  BIOS-e820: 000000000009fc00 - 00000000000a0000 (reserved)\n[    0.000000]  BIOS-e820: 00000000000f0000 - 0000000000100000 (reserved)\n[    0.000000]  BIOS-e820: 0000000000100000 - 0000000003ffe000 (usable)\n[    0.000000]  BIOS-e820: 0000000003ffe000 - 0000000004000000 (reserved)\n[    0.000000]  BIOS-e820: 00000000fffc0000 - 0000000100000000 (reserved)\n[    0.000000] NX (Execute Disable) protection: active\n[    0.000000] SMBIOS 2.4 present.\n[    0.000000] No AGP bridge found\n[    0.000000] last_pfn = 0x3ffe max_arch_pfn = 0x400000000\n[    0.000000] x86 PAT enabled: cpu 0, old 0x7040600070406, new 0x7010600070106\n[    0.000000] found SMP MP-table at [ffff8800000f0b00] f0b00\n[    0.000000] init_memory_mapping: 0000000000000000-0000000003ffe000\n[    0.000000] RAMDISK: 03c5e000 - 03ff0000\n[    0.000000] ACPI: RSDP 00000000000f0950 00014 (v00 BOCHS )\n[    0.000000] ACPI: RSDT 0000000003fffbc1 00034 (v01 BOCHS  BXPCRSDT 00000001 BXPC 00000001)\n[    0.000000] ACPI: FACP 0000000003fff1c0 00074 (v01 BOCHS  BXPCFACP 00000001 BXPC 00000001)\n[    0.000000] ACPI: DSDT 0000000003ffe040 01180 (v01 BOCHS  BXPCDSDT 00000001 BXPC 00000001)\n[    0.000000] ACPI: FACS 0000000003ffe000 00040\n[    0.000000] ACPI: SSDT 0000000003fff234 008DD (v01 BOCHS  BXPCSSDT 00000001 BXPC 00000001)\n[    0.000000] ACPI: APIC 0000000003fffb11 00078 (v01 BOCHS  BXPCAPIC 00000001 BXPC 00000001)\n[    0.000000] ACPI: HPET 0000000003fffb89 00038 (v01 BOCHS  BXPCHPET 00000001 BXPC 00000001)\n[    0.000000] No NUMA configuration found\n[    0.000000] Faking a node at 0000000000000000-0000000003ffe000\n[    0.000000] Initmem setup node 0 0000000000000000-0000000003ffe000\n[    0.000000]   NODE_DATA [0000000003ff6000 - 0000000003ffafff]\n[    0.000000] Zone PFN ranges:\n[    0.000000]   DMA      0x00000010 -&gt; 0x00001000\n[    0.000000]   DMA32    0x00001000 -&gt; 0x00100000\n[    0.000000]   Normal   empty\n[    0.000000] Movable zone start PFN for each node\n[    0.000000] early_node_map[2] active PFN ranges\n[    0.000000]     0: 0x00000010 -&gt; 0x0000009f\n[    0.000000]     0: 0x00000100 -&gt; 0x00003ffe\n[    0.000000] ACPI: PM-Timer IO Port: 0xb008\n[    0.000000] ACPI: LAPIC (acpi_id[0x00] lapic_id[0x00] enabled)\n[    0.000000] ACPI: LAPIC_NMI (acpi_id[0xff] dfl dfl lint[0x1])\n[    0.000000] ACPI: IOAPIC (id[0x00] address[0xfec00000] gsi_base[0])\n[    0.000000] IOAPIC[0]: apic_id 0, version 17, address 0xfec00000, GSI 0-23\n[    0.000000] ACPI: INT_SRC_OVR (bus 0 bus_irq 0 global_irq 2 dfl dfl)\n[    0.000000] ACPI: INT_SRC_OVR (bus 0 bus_irq 5 global_irq 5 high level)\n[    0.000000] ACPI: INT_SRC_OVR (bus 0 bus_irq 9 global_irq 9 high level)\n[    0.000000] ACPI: INT_SRC_OVR (bus 0 bus_irq 10 global_irq 10 high level)\n[    0.000000] ACPI: INT_SRC_OVR (bus 0 bus_irq 11 global_irq 11 high level)\n[    0.000000] Using ACPI (MADT) for SMP configuration information\n[    0.000000] ACPI: HPET id: 0x8086a201 base: 0xfed00000\n[    0.000000] SMP: Allowing 1 CPUs, 0 hotplug CPUs\n[    0.000000] PM: Registered nosave memory: 000000000009f000 - 00000000000a0000\n[    0.000000] PM: Registered nosave memory: 00000000000a0000 - 00000000000f0000\n[    0.000000] PM: Registered nosave memory: 00000000000f0000 - 0000000000100000\n[    0.000000] Allocating PCI resources starting at 4000000 (gap: 4000000:fbfc0000)\n[    0.000000] Booting paravirtualized kernel on bare hardware\n[    0.000000] setup_pe
2015-12-16 22:57:41,604 20999 DEBUG    [tempest.scenario.manager] Console output for 43a8f958-4d56-474d-882a-c6c88a8d1d9a
body=
[    0.000000] Initializing cgroup subsys cpuset
[    0.000000] Initializing cgroup subsys cpu
[    0.000000] Linux version 3.2.0-80-virtual (buildd@batsu) (gcc version 4.6.3 (Ubuntu/Linaro 4.6.3-1ubuntu5) ) #116-Ubuntu SMP Mon Mar 23 17:28:52 UTC 2015 (Ubuntu 3.2.0-80.116-virtual 3.2.68)
[    0.000000] Command line: root=/dev/vda console=tty0 console=ttyS0 no_timer_check
[    0.000000] KERNEL supported cpus:
[    0.000000]   Intel GenuineIntel
[    0.000000]   AMD AuthenticAMD
[    0.000000]   Centaur CentaurHauls
[    0.000000] BIOS-provided physical RAM map:
[    0.000000]  BIOS-e820: 0000000000000000 - 000000000009fc00 (usable)
[    0.000000]  BIOS-e820: 000000000009fc00 - 00000000000a0000 (reserved)
[    0.000000]  BIOS-e820: 00000000000f0000 - 0000000000100000 (reserved)
[    0.000000]  BIOS-e820: 0000000000100000 - 0000000003ffe000 (usable)
[    0.000000]  BIOS-e820: 0000000003ffe000 - 0000000004000000 (reserved)
[    0.000000]  BIOS-e820: 00000000fffc0000 - 0000000100000000 (reserved)
[    0.000000] NX (Execute Disable) protection: active
[    0.000000] SMBIOS 2.4 present.
[    0.000000] No AGP bridge found
[    0.000000] last_pfn = 0x3ffe max_arch_pfn = 0x400000000
[    0.000000] x86 PAT enabled: cpu 0, old 0x7040600070406, new 0x7010600070106
[    0.000000] found SMP MP-table at [ffff8800000f0b00] f0b00
[    0.000000] init_memory_mapping: 0000000000000000-0000000003ffe000
[    0.000000] RAMDISK: 03c5e000 - 03ff0000
[    0.000000] ACPI: RSDP 00000000000f0950 00014 (v00 BOCHS )
[    0.000000] ACPI: RSDT 0000000003fffbc1 00034 (v01 BOCHS  BXPCRSDT 00000001 BXPC 00000001)
[    0.000000] ACPI: FACP 0000000003fff1c0 00074 (v01 BOCHS  BXPCFACP 00000001 BXPC 00000001)
[    0.000000] ACPI: DSDT 0000000003ffe040 01180 (v01 BOCHS  BXPCDSDT 00000001 BXPC 00000001)
[    0.000000] ACPI: FACS 0000000003ffe000 00040
[    0.000000] ACPI: SSDT 0000000003fff234 008DD (v01 BOCHS  BXPCSSDT 00000001 BXPC 00000001)
[    0.000000] ACPI: APIC 0000000003fffb11 00078 (v01 BOCHS  BXPCAPIC 00000001 BXPC 00000001)
[    0.000000] ACPI: HPET 0000000003fffb89 00038 (v01 BOCHS  BXPCHPET 00000001 BXPC 00000001)
[    0.000000] No NUMA configuration found
[    0.000000] Faking a node at 0000000000000000-0000000003ffe000
[    0.000000] Initmem setup node 0 0000000000000000-0000000003ffe000
[    0.000000]   NODE_DATA [0000000003ff6000 - 0000000003ffafff]
[    0.000000] Zone PFN ranges:
[    0.000000]   DMA      0x00000010 -&gt; 0x00001000
[    0.000000]   DMA32    0x00001000 -&gt; 0x00100000
[    0.000000]   Normal   empty
[    0.000000] Movable zone start PFN for each node
[    0.000000] early_node_map[2] active PFN ranges
[    0.000000]     0: 0x00000010 -&gt; 0x0000009f
[    0.000000]     0: 0x00000100 -&gt; 0x00003ffe
[    0.000000] ACPI: PM-Timer IO Port: 0xb008
[    0.000000] ACPI: LAPIC (acpi_id[0x00] lapic_id[0x00] enabled)
[    0.000000] ACPI: LAPIC_NMI (acpi_id[0xff] dfl dfl lint[0x1])
[    0.000000] ACPI: IOAPIC (id[0x00] address[0xfec00000] gsi_base[0])
[    0.000000] IOAPIC[0]: apic_id 0, version 17, address 0xfec00000, GSI 0-23
[    0.000000] ACPI: INT_SRC_OVR (bus 0 bus_irq 0 global_irq 2 dfl dfl)
[    0.000000] ACPI: INT_SRC_OVR (bus 0 bus_irq 5 global_irq 5 high level)
[    0.000000] ACPI: INT_SRC_OVR (bus 0 bus_irq 9 global_irq 9 high level)
[    0.000000] ACPI: INT_SRC_OVR (bus 0 bus_irq 10 global_irq 10 high level)
[    0.000000] ACPI: INT_SRC_OVR (bus 0 bus_irq 11 global_irq 11 high level)
[    0.000000] Using ACPI (MADT) for SMP configuration information
[    0.000000] ACPI: HPET id: 0x8086a201 base: 0xfed00000
[    0.000000] SMP: Allowing 1 CPUs, 0 hotplug CPUs
[    0.000000] PM: Registered nosave memory: 000000000009f000 - 00000000000a0000
[    0.000000] PM: Registered nosave memory: 00000000000a0000 - 00000000000f0000
[    0.000000] PM: Registered nosave memory: 00000000000f0000 - 0000000000100000
[    0.000000] Allocating PCI resources starting at 4000000 (gap: 4000000:fbfc0000)
[    0.000000] Booting paravirtualized kernel on bare hardware
[    0.000000] setup_percpu: NR_CPUS:64 nr_cpumask_bits:64 nr_cpu_ids:1 nr_node_ids:1
[    0.000000] PERCPU: Embedded 27 pages/cpu @ffff880003a00000 s78848 r8192 d23552 u2097152
[    0.000000] Built 1 zonelists in Node order, mobility grouping on.  Total pages: 16008
[    0.000000] Policy zone: DMA32
[    0.000000] Kernel command line: root=/dev/vda console=tty0 console=ttyS0 no_timer_check
[    0.000000] PID hash table entries: 256 (order: -1, 2048 bytes)
[    0.000000] Checking aperture...
[    0.000000] No AGP bridge found
[    0.000000] Memory: 43492k/65528k available (6576k kernel code, 452k absent, 21584k reserved, 6620k data, 928k init)
[    0.000000] SLUB: Genslabs=15, HWalign=64, Order=0-3, MinObjects=0, CPUs=1, Nodes=1
[    0.000000] Hierarchical RCU implementation.
[    0.000000] 	RCU dyntick-idle grace-period acceleration is enabled.
[    0.000000] NR_IRQS:4352 nr_irqs:256 16
[    0.000000] Console: colour VGA+ 80x25
[    0.000000] console [tty0] enabled
[    0.000000] console [ttyS0] enabled
[    0.000000] allocated 1048576 bytes of page_cgroup
[    0.000000] please try 'cgroup_disable=memory' option if you don't want memory cgroups
[    0.000000] Fast TSC calibration failed
[    0.000000] TSC: Unable to calibrate against PIT
[    0.000000] TSC: using HPET reference calibration
[    0.000000] Detected 2292.469 MHz processor.
[    0.033062] Calibrating delay loop (skipped), value calculated using timer frequency.. 4584.93 BogoMIPS (lpj=9169876)
[    0.036250] pid_max: default: 32768 minimum: 301
[    0.050588] Security Framework initialized
[    0.059295] AppArmor: AppArmor initialized
[    0.060237] Yama: becoming mindful.
[    0.072796] Dentry cache hash table entries: 8192 (order: 4, 65536 bytes)
[    0.074219] Inode-cache hash table entries: 4096 (order: 3, 32768 bytes)
[    0.077087] Mount-cache hash table entries: 256
[    0.100888] Initializing cgroup subsys cpuacct
[    0.101860] Initializing cgroup subsys memory
[    0.103329] Initializing cgroup subsys devices
[    0.104199] Initializing cgroup subsys freezer
[    0.104887] Initializing cgroup subsys blkio
[    0.105599] Initializing cgroup subsys perf_event
[    0.110748] mce: CPU supports 10 MCE banks
[    0.114634] SMP alternatives: switching to UP code
[    0.499146] Freeing SMP alternatives: 24k freed
[    0.500925] ACPI: Core revision 20110623
[    0.552446] ftrace: allocating 26610 entries in 105 pages
[    0.584804] ..TIMER: vector=0x30 apic1=0 pin1=2 apic2=-1 pin2=-1
[    0.586458] CPU0: AMD QEMU Virtual CPU version 2.0.0 stepping 03
[    0.592036] Performance Events: Broken PMU hardware detected, using software events only.
[    0.601469] NMI watchdog disabled (cpu0): hardware events not enabled
[    0.603000] Brought up 1 CPUs
[    0.604237] Total of 1 processors activated (4584.93 BogoMIPS).
[    0.630069] devtmpfs: initialized
[    0.661062] EVM: security.selinux
[    0.661530] EVM: security.SMACK64
[    0.661990] EVM: security.capability
[    0.682924] print_constraints: dummy: 
[    0.685077] RTC time: 22:54:12, date: 12/16/15
[    0.687752] NET: Registered protocol family 16
[    0.694752] ACPI: bus type pci registered
[    0.700390] PCI: Using configuration type 1 for base access
[    0.729761] bio: create slab &lt;bio-0&gt; at 0
[    0.734385] ACPI: Added _OSI(Module Device)
[    0.736142] ACPI: Added _OSI(Processor Device)
[    0.736759] ACPI: Added _OSI(3.0 _SCP Extensions)
[    0.737619] ACPI: Added _OSI(Processor Aggregator Device)
[    0.812817] ACPI: Interpreter enabled
[    0.813391] ACPI: (supports S0 S3 S4 S5)
[    0.815161] ACPI: Using IOAPIC for interrupt routing
[    0.903295] ACPI: No dock devices found.
[    0.904181] HEST: Table not found.
[    0.904899] PCI: Using host bridge windows from ACPI; if necessary, use "pci=nocrs" and report a bug
[    0.910609] ACPI: PCI Root Bridge [PCI0] (domain 0000 [bus 00-ff])
[    0.917906] pci_root PNP0A03:00: host bridge window [io  0x0000-0x0cf7]
[    0.918750] pci_root PNP0A03:00: host bridge window [io  0x0d00-0xadff]
[    0.920108] pci_root PNP0A03:00: host bridge window [io  0xae0f-0xaeff]
[    0.920921] pci_root PNP0A03:00: host bridge window [io  0xaf20-0xafdf]
[    0.921762] pci_root PNP0A03:00: host bridge window [io  0xafe4-0xffff]
[    0.922632] pci_root PNP0A03:00: host bridge window [mem 0x000a0000-0x000bffff]
[    0.924108] pci_root PNP0A03:00: host bridge window [mem 0x04000000-0xfebfffff]
[    0.949691] pci 0000:00:01.3: quirk: [io  0xb000-0xb03f] claimed by PIIX4 ACPI
[    0.952307] pci 0000:00:01.3: quirk: [io  0xb100-0xb10f] claimed by PIIX4 SMB
[    1.037807]  pci0000:00: Unable to request _OSC control (_OSC support mask: 0x1e)
[    1.100571] ACPI: PCI Interrupt Link [LNKA] (IRQs 5 *10 11)
[    1.105238] ACPI: PCI Interrupt Link [LNKB] (IRQs 5 *10 11)
[    1.108776] ACPI: PCI Interrupt Link [LNKC] (IRQs 5 10 *11)
[    1.109887] ACPI: PCI Interrupt Link [LNKD] (IRQs 5 10 *11)
[    1.113142] ACPI: PCI Interrupt Link [LNKS] (IRQs *9)
[    1.120708] vgaarb: device added: PCI:0000:00:02.0,decodes=io+mem,owns=io+mem,locks=none
[    1.121715] vgaarb: loaded
[    1.122191] vgaarb: bridge control possible 0000:00:02.0
[    1.126179] i2c-core: driver [aat2870] using legacy suspend method
[    1.127104] i2c-core: driver [aat2870] using legacy resume method
[    1.129485] SCSI subsystem initialized
[    1.133320] usbcore: registered new interface driver usbfs
[    1.134353] usbcore: registered new interface driver hub
[    1.136691] usbcore: registered new device driver usb
[    1.140590] PCI: Using ACPI for IRQ routing
[    1.152428] NetLabel: Initializing
[    1.152836] NetLabel:  domain hash size = 128
[    1.153298] NetLabel:  protocols = UNLABELED CIPSOv4
[    1.155218] NetLabel:  unlabeled traffic allowed by default
[    1.157341] HPET: 3 timers in total, 0 timers will be used for per-cpu timer
[    1.158397] hpet0: at MMIO 0xfed00000, IRQs 2, 8, 0
[    1.160528] hpet0: 3 comparators, 64-bit 100.000000 MHz counter
[    1.174133] Switching to clocksource hpet
[    1.425921] AppArmor: AppArmor Filesystem Enabled
[    1.427243] pnp: PnP ACPI init
[    1.427897] ACPI: bus type pnp registered
[    1.447881] pnp: PnP ACPI: found 9 devices
[    1.448843] ACPI: ACPI bus type pnp unregistered
[    1.511344] NET: Registered protocol family 2
[    1.545804] IP route cache hash table entries: 512 (order: 0, 4096 bytes)
[    1.553004] TCP established hash table entries: 2048 (order: 3, 32768 bytes)
[    1.553711] TCP bind hash table entries: 2048 (order: 3, 32768 bytes)
[    1.555858] TCP: Hash tables configured (established 2048 bind 2048)
[    1.557758] TCP reno registered
[    1.558290] UDP hash table entries: 128 (order: 0, 4096 bytes)
[    1.559179] UDP-Lite hash table entries: 128 (order: 0, 4096 bytes)
[    1.562303] NET: Registered protocol family 1
[    1.563151] pci 0000:00:00.0: Limiting direct PCI/PCI transfers
[    1.563949] pci 0000:00:01.0: PIIX3: Enabling Passive Release
[    1.565609] pci 0000:00:01.0: Activating ISA DMA hang workarounds
[    1.570618] ACPI: PCI Interrupt Link [LNKD] enabled at IRQ 11
[    1.571523] pci 0000:00:01.2: PCI INT D -&gt; Link[LNKD] -&gt; GSI 11 (level, high) -&gt; IRQ 11
[    1.574185] pci 0000:00:01.2: PCI INT D disabled
[    1.589968] Trying to unpack rootfs image as initramfs...
[    1.606587] audit: initializing netlink socket (disabled)
[    1.607926] type=2000 audit(1450306452.604:1): initialized
[    1.914884] HugeTLB registered 2 MB page size, pre-allocated 0 pages
[    1.997244] VFS: Disk quotas dquot_6.5.2
[    1.998577] Dquot-cache hash table entries: 512 (order 0, 4096 bytes)
[    2.018759] fuse init (API version 7.17)
[    2.026490] msgmni has been set to 84
[    2.059788] Block layer SCSI generic (bsg) driver version 0.4 loaded (major 253)
[    2.066516] io scheduler noop registered
[    2.067057] io scheduler deadline registered (default)
[    2.067920] io scheduler cfq registered
[    2.071143] pci_hotplug: PCI Hot Plug PCI Core version: 0.5
[    2.075078] pciehp: PCI Express Hot Plug Controller Driver version: 0.4
[    2.080069] input: Power Button as /devices/LNXSYSTM:00/LNXPWRBN:00/input/input0
[    2.082785] ACPI: Power Button [PWRF]
[    2.135279] ERST: Table is not found!
[    2.136163] GHES: HEST is not enabled!
[    2.150239] ACPI: PCI Interrupt Link [LNKC] enabled at IRQ 10
[    2.151108] virtio-pci 0000:00:03.0: PCI INT A -&gt; Link[LNKC] -&gt; GSI 10 (level, high) -&gt; IRQ 10
[    2.155276] virtio-pci 0000:00:04.0: PCI INT A -&gt; Link[LNKD] -&gt; GSI 11 (level, high) -&gt; IRQ 11
[    2.182872] ACPI: PCI Interrupt Link [LNKA] enabled at IRQ 10
[    2.183649] virtio-pci 0000:00:05.0: PCI INT A -&gt; Link[LNKA] -&gt; GSI 10 (level, high) -&gt; IRQ 10
[    2.199207] Serial: 8250/16550 driver, 32 ports, IRQ sharing enabled
[    2.239642] serial8250: ttyS0 at I/O 0x3f8 (irq = 4) is a 16550A
[    2.323534] serial8250: ttyS1 at I/O 0x2f8 (irq = 3) is a 16550A
[    2.473876] 00:05: ttyS0 at I/O 0x3f8 (irq = 4) is a 16550A
[    2.560932] 00:06: ttyS1 at I/O 0x2f8 (irq = 3) is a 16550A
[    2.577380] Refined TSC clocksource calibration: 2292.518 MHz.
[    2.578360] Switching to clocksource tsc
[    2.615350] Linux agpgart interface v0.103
[    2.698145] brd: module loaded
[    2.721095] loop: module loaded
[    2.778163]  vda: unknown partition table
[    2.833534] scsi0 : ata_piix
[    2.836015] scsi1 : ata_piix
[    2.838230] ata1: PATA max MWDMA2 cmd 0x1f0 ctl 0x3f6 bmdma 0xc0a0 irq 14
[    2.839792] ata2: PATA max MWDMA2 cmd 0x170 ctl 0x376 bmdma 0xc0a8 irq 15
[    2.851507] Fixed MDIO Bus: probed
[    2.853788] tun: Universal TUN/TAP device driver, 1.6
[    2.854657] tun: (C) 1999-2004 Max Krasnyansky &lt;maxk@qualcomm.com&gt;
[    2.873463] PPP generic driver version 2.4.2
[    2.900262] ehci_hcd: USB 2.0 'Enhanced' Host Controller (EHCI) Driver
[    2.902907] ohci_hcd: USB 1.1 'Open' Host Controller (OHCI) Driver
[    2.903619] uhci_hcd: USB Universal Host Controller Interface driver
[    2.905794] uhci_hcd 0000:00:01.2: PCI INT D -&gt; Link[LNKD] -&gt; GSI 11 (level, high) -&gt; IRQ 11
[    2.909038] uhci_hcd 0000:00:01.2: UHCI Host Controller
[    2.926255] uhci_hcd 0000:00:01.2: new USB bus registered, assigned bus number 1
[    2.927705] uhci_hcd 0000:00:01.2: irq 11, io base 0x0000c040
[    2.954522] hub 1-0:1.0: USB hub found
[    2.956662] hub 1-0:1.0: 2 ports detected
[    2.964036] usbcore: registered new interface driver libusual
[    2.969976] i8042: PNP: PS/2 Controller [PNP0303:KBD,PNP0f13:MOU] at 0x60,0x64 irq 1,12
[    2.981518] serio: i8042 KBD port at 0x60,0x64 irq 1
[    2.983011] serio: i8042 AUX port at 0x60,0x64 irq 12
[    3.029316] mousedev: PS/2 mouse device common for all mice
[    3.041045] input: AT Translated Set 2 keyboard as /devices/platform/i8042/serio0/input/input1
[    3.045915] rtc_cmos 00:01: RTC can wake from S4
[    3.067094] rtc_cmos 00:01: rtc core: registered rtc_cmos as rtc0
[    3.071523] rtc0: alarms up to one day, 114 bytes nvram, hpet irqs
[    3.077715] device-mapper: uevent: version 1.0.3
[    3.108855] ata2.01: ATAPI: QEMU DVD-ROM, 2.0.0, max UDMA/100
[    3.119077] device-mapper: ioctl: 4.22.0-ioctl (2011-10-19) initialised: dm-devel@redhat.com
[    3.123376] cpuidle: using governor ladder
[    3.125788] cpuidle: using governor menu
[    3.127334] EFI Variables Facility v0.08 2004-May-17
[    3.140618] TCP cubic registered
[    3.144879] NET: Registered protocol family 10
[    3.181994] NET: Registered protocol family 17
[    3.183263] Registering the dns_resolver key type
[    3.193786] ata2.01: configured for MWDMA2
[    3.224470] scsi 1:0:1:0: CD-ROM            QEMU     QEMU DVD-ROM     2.0. PQ: 0 ANSI: 5
[    3.250599] sr0: scsi3-mmc drive: 4x/4x cd/rw xa/form2 tray
[    3.251801] cdrom: Uniform CD-ROM driver Revision: 3.20
[    3.268718] sr 1:0:1:0: Attached scsi generic sg0 type 5
[    3.312338] Freeing initrd memory: 3656k freed
[    3.331559] registered taskstats version 1
[    3.772067]   Magic number: 11:465:957
[    3.783331] rtc_cmos 00:01: setting system clock to 2015-12-16 22:54:15 UTC (1450306455)
[    3.785270] powernow-k8: Processor cpuid 663 not supported
[    3.792719] BIOS EDD facility v0.16 2004-Jun-25, 0 devices found
[    3.794062] EDD information not available.
[    3.854451] Freeing unused kernel memory: 928k freed
[    3.859930] Write protecting the kernel read-only data: 12288k
[    3.970840] Freeing unused kernel memory: 1596k freed
[    4.060057] Freeing unused kernel memory: 1184k freed

info: initramfs: up at 4.25
modprobe: module virtio_blk not found in modules.dep
modprobe: module virtio_net not found in modules.dep
info: copying initramfs to /dev/vda
info: initramfs loading root from /dev/vda
info: /etc/init.d/rc.sysinit: up at 8.95
info: container: none
Starting logging: OK
modprobe: module virtio_blk not found in modules.dep
modprobe: module virtio_net not found in modules.dep
WARN: /etc/rc3.d/S10-load-modules failed
Initializing random number generator... done.
Starting acpid: OK
cirros-ds 'local' up at 11.49
found datasource (configdrive, local)
Starting network...
udhcpc (v1.20.1) started
Sending discover...
Sending discover...
Sending discover...
Usage: /sbin/cirros-dhcpc &lt;up|down&gt;
No lease, failing
WARN: /etc/rc3.d/S40-network failed
Starting dropbear sshd: generating rsa key... generating dsa key... OK
no userdata for datasource
=== system information ===
Platform: OpenStack Foundation OpenStack Nova
Container: none
Arch: x86_64
CPU(s): 1 @ 2292.469 MHz
Cores/Sockets/Threads: 1/1/1
Virt-type: AMD-V
RAM Size: 49MB
Disks:
NAME MAJ:MIN     SIZE LABEL         MOUNTPOINT
vda  253:0   25165824 cirros-rootfs /
sr0   11:0     428032 config-2      
=== sshd host keys ===
-----BEGIN SSH HOST KEY KEYS-----
ssh-rsa AAAAB3NzaC1yc2EAAAADAQABAAAAgwCMe56jd2sERTGaZWpXz4Vy2hezAvfhK0dP1qtRQNYT2HP+ZusOHbfxEqv++2PbTJyUhlBGFVL4Zk7i5x3MX3R2WRgf82qw49MDtvg74ts/JcAErdWVh5keoAqQUDvCodUWMATvX3MiGbfl0xlYLSzosPoYOKgFW/aRk/AFUWQedNxX root@tempest
ssh-dss AAAAB3NzaC1kc3MAAACBANaJZuNKkOoC0DVw3baTCWhpNHWasM9fL2ss7IFjUrtUXnVyLXNKvgpPczmjxPRE1cLqHcFNDrxEqLj/KVHeb816WJnibyyCxTdtlm2bsJByzgyGQ0s2/GBDcnZNYAtCxB/jhbmGQWgJjL9n3obBwO0QOlEIBKsbsKtmpFphXLOTAAAAFQCNcndBInXvaRnSQdwbrV0LmAV7ewAAAIEAiRqnabSpYu3cU/kdoJ2hM4dBNdPe9XgSE/LtqVaw9sbctgNfWCXw1R9oDj16RbjcNHvdlingTJGEL4hhDgJ1Hu8tGWwux1FzLpL0FwzUh8MHVcI3ql+nPTFANgXmqsric6iVZyu8bnHsMyRY9sfcCUmR0Yl4oEo+vIhciu2NAbIAAACAJFS+i/M01iz894choI7wBJUD6X4XdurbJ3qQ6FUkMm/FAvgic2NiWkPBhPJ7a1ZkBR4PSukMg9wSLk8qaHVu+ljLqDM+0uOwuu/Gak66l+iNzHrXgvVSm8xhPXsZ7/dnedvWRirEgiySGo8xvbJQRLePzcbXc4ZcLyfJzlWAQKY= root@tempest
-----END SSH HOST KEY KEYS-----
=== network info ===
if-info: lo,up,127.0.0.1,8,::1
if-info: eth0,up,,8,fe80::f816:3eff:fe04:723b
=== datasource: configdrive local ===
instance-id: 43a8f958-4d56-474d-882a-c6c88a8d1d9a
name: tempest.common.compute-instance-635165011
availability-zone: nova
local-hostname: tempest.common.compute-instance-635165011.novalocal
launch-index: 0
=== cirros: current=0.3.4 uptime=201.03 ===
route: fscanf
=== pinging gateway failed, debugging connection ===
############ debug start ##############
### /etc/init.d/sshd start
Starting dropbear sshd: OK
route: fscanf
### ifconfig -a
eth0      Link encap:Ethernet  HWaddr FA:16:3E:04:72:3B  
          inet6 addr: fe80::f816:3eff:fe04:723b/64 Scope:Link
          UP BROADCAST RUNNING MULTICAST  MTU:1500  Metric:1
          RX packets:12 errors:0 dropped:5 overruns:0 frame:0
          TX packets:8 errors:0 dropped:0 overruns:0 carrier:0
          collisions:0 txqueuelen:1000 
          RX bytes:1303 (1.2 KiB)  TX bytes:1134 (1.1 KiB)

lo        Link encap:Local Loopback  
          inet addr:127.0.0.1  Mask:255.0.0.0
          inet6 addr: ::1/128 Scope:Host
          UP LOOPBACK RUNNING  MTU:16436  Metric:1
          RX packets:12 errors:0 dropped:0 overruns:0 frame:0
          TX packets:12 errors:0 dropped:0 overruns:0 carrier:0
          collisions:0 txqueuelen:0 
          RX bytes:1020 (1020.0 B)  TX bytes:1020 (1020.0 B)

### route -n
Kernel IP routing table
Destination     Gateway         Genmask         Flags Metric Ref    Use Iface
route: fscanf
### cat /etc/resolv.conf
cat: can't open '/etc/resolv.conf': No such file or directory
### gateway not found
/sbin/cirros-status: line 1: can't open /etc/resolv.conf: no such file
### pinging nameservers
### uname -a
Linux tempest 3.2.0-80-virtual #116-Ubuntu SMP Mon Mar 23 17:28:52 UTC 2015 x86_64 GNU/Linux
### lsmod
Module                  Size  Used by    Not tainted
nls_iso8859_1          12713  0 
nls_cp437              16991  0 
vfat                   17585  0 
fat                    61512  1 vfat
isofs                  40259  0 
ip_tables              27473  0 
x_tables               29891  1 ip_tables
pcnet32                42119  0 
8139cp                 27360  0 
ne2k_pci               13691  0 
8390                   18856  1 ne2k_pci
e1000                 108589  0 
acpiphp                24231  0 
### dmesg | tail
[    5.012084] EXT3-fs (vda): mounted filesystem with ordered data mode
[    5.337901] ISO 9660 Extensions: Microsoft Joliet Level 3
[    5.429162] ISO 9660 Extensions: RRIP_1991A
[    5.678317] kjournald starting.  Commit interval 5 seconds
[    5.694573] EXT3-fs (vda): using internal journal
[    5.695637] EXT3-fs (vda): mounted filesystem with ordered data mode
[    9.006115] EXT3-fs (vda): using internal journal
[   12.228094] ISO 9660 Extensions: Microsoft Joliet Level 3
[   12.324114] ISO 9660 Extensions: RRIP_1991A
[   27.042492] eth0: no IPv6 routers present
### tail -n 25 /var/log/messages
Dec 16 22:54:22 cirros kern.info kernel: [    4.514285] acpiphp: Slot [25] registered
Dec 16 22:54:22 cirros kern.info kernel: [    4.514621] acpiphp: Slot [26] registered
Dec 16 22:54:22 cirros kern.info kernel: [    4.515010] acpiphp: Slot [27] registered
Dec 16 22:54:22 cirros kern.info kernel: [    4.515566] acpiphp: Slot [28] registered
Dec 16 22:54:22 cirros kern.info kernel: [    4.516073] acpiphp: Slot [29] registered
Dec 16 22:54:22 cirros kern.info kernel: [    4.517264] acpiphp: Slot [30] registered
Dec 16 22:54:22 cirros kern.info kernel: [    4.517571] acpiphp: Slot [31] registered
Dec 16 22:54:22 cirros kern.info kernel: [    4.569654] e1000: Intel(R) PRO/1000 Network Driver - version 7.3.21-k8-NAPI
Dec 16 22:54:22 cirros kern.info kernel: [    4.569730] e1000: Copyright (c) 1999-2006 Intel Corporation.
Dec 16 22:54:22 cirros kern.info kernel: [    4.625698] ne2k-pci.c:v1.03 9/22/2003 D. Becker/P. Gortmaker
Dec 16 22:54:22 cirros kern.info kernel: [    4.666803] 8139cp: 8139cp: 10/100 PCI Ethernet driver v1.3 (Mar 22, 2004)
Dec 16 22:54:22 cirros kern.info kernel: [    4.713400] pcnet32: pcnet32.c:v1.35 21.Apr.2008 tsbogend@alpha.franken.de
Dec 16 22:54:22 cirros kern.info kernel: [    4.763886] ip_tables: (C) 2000-2006 Netfilter Core Team
Dec 16 22:54:22 cirros kern.info kernel: [    5.010815] kjournald starting.  Commit interval 5 seconds
Dec 16 22:54:22 cirros kern.info kernel: [    5.012084] EXT3-fs (vda): mounted filesystem with ordered data mode
Dec 16 22:54:22 cirros kern.debug kernel: [    5.337901] ISO 9660 Extensions: Microsoft Joliet Level 3
Dec 16 22:54:22 cirros kern.debug kernel: [    5.429162] ISO 9660 Extensions: RRIP_1991A
Dec 16 22:54:22 cirros kern.info kernel: [    5.678317] kjournald starting.  Commit interval 5 seconds
Dec 16 22:54:22 cirros kern.info kernel: [    5.694573] EXT3-fs (vda): using internal journal
Dec 16 22:54:22 cirros kern.info kernel: [    5.695637] EXT3-fs (vda): mounted filesystem with ordered data mode
Dec 16 22:54:23 cirros kern.debug kernel: [   12.228094] ISO 9660 Extensions: Microsoft Joliet Level 3
Dec 16 22:54:24 cirros kern.debug kernel: [   12.324114] ISO 9660 Extensions: RRIP_1991A
Dec 16 22:54:26 cirros auth.notice su: + /dev/console root:cirros
Dec 16 22:54:38 cirros kern.debug kernel: [   27.042492] eth0: no IPv6 routers present
Dec 16 22:57:30 cirros authpriv.info dropbear[283]: Running in background
############ debug end   ##############
  ____               ____  ____
 / __/ __ ____ ____ / __ \/ __/
/ /__ / // __// __// /_/ /\ \ 
\___//_//_/  /_/   \____/___/ 
   http://cirros-cloud.net


login as 'cirros' user. default password: 'cubswin:)'. use 'sudo' for root.
tempest login: 
2015-12-16 22:57:41,807 20999 INFO     [tempest_lib.common.rest_client] Request (TestGettingAddress:_run_cleanups): 204 DELETE http://10.0.2.15:9696/v2.0/floatingips/2c371fc9-dcb0-4344-9116-937e96069fc1 0.198s
2015-12-16 22:57:41,807 20999 DEBUG    [tempest_lib.common.rest_client] Request - Headers: {'Content-Type': 'application/json', 'Accept': 'application/json', 'X-Auth-Token': '&lt;omitted&gt;'}
        Body: None
    Response - Headers: {'date': 'Wed, 16 Dec 2015 22:57:41 GMT', 'status': '204', 'connection': 'close', 'content-length': '0', 'x-openstack-request-id': 'req-c1847377-8446-4440-9e37-72f7ff06bb83'}
        Body: 
2015-12-16 22:57:42,027 20999 INFO     [tempest_lib.common.rest_client] Request (TestGettingAddress:_run_cleanups): 204 DELETE http://10.0.2.15:8774/v2.1/f8cc73bbc53a4435aae9699ae4dbb5b6/servers/43a8f958-4d56-474d-882a-c6c88a8d1d9a 0.219s
2015-12-16 22:57:42,028 20999 DEBUG    [tempest_lib.common.rest_client] Request - Headers: {'Content-Type': 'application/json', 'Accept': 'application/json', 'X-Auth-Token': '&lt;omitted&gt;'}
        Body: None
    Response - Headers: {'status': '204', 'content-length': '0', 'x-compute-request-id': 'req-caa16682-e804-4bb7-bffa-860193de5457', 'vary': 'X-OpenStack-Nova-API-Version', 'connection': 'close', 'x-openstack-nova-api-version': '2.1', 'date': 'Wed, 16 Dec 2015 22:57:42 GMT', 'content-type': 'application/json'}
        Body: 
2015-12-16 22:57:42,257 20999 INFO     [tempest_lib.common.rest_client] Request (TestGettingAddress:_run_cleanups): 200 GET http://10.0.2.15:8774/v2.1/f8cc73bbc53a4435aae9699ae4dbb5b6/servers/43a8f958-4d56-474d-882a-c6c88a8d1d9a 0.228s
2015-12-16 22:57:42,258 20999 DEBUG    [tempest_lib.common.rest_client] Request - Headers: {'Content-Type': 'application/json', 'Accept': 'application/json', 'X-Auth-Token': '&lt;omitted&gt;'}
        Body: None
    Response - Headers: {'status': '200', 'content-length': '1902', 'content-location': 'http://10.0.2.15:8774/v2.1/f8cc73bbc53a4435aae9699ae4dbb5b6/servers/43a8f958-4d56-474d-882a-c6c88a8d1d9a', 'x-compute-request-id': 'req-6d05152d-65d3-4b9c-aefe-980468137125', 'vary': 'X-OpenStack-Nova-API-Version', 'connection': 'close', 'x-openstack-nova-api-version': '2.1', 'date': 'Wed, 16 Dec 2015 22:57:42 GMT', 'content-type': 'application/json'}
        Body: {"server": {"status": "ACTIVE", "updated": "2015-12-16T22:57:41Z", "hostId": "7c7b4ec08f06aacdb6cba6c9831fbbaeaca4aac06fc6f381d0db1bf4", "addresses": {"tempest-network-smoke--203774565": [{"OS-EXT-IPS-MAC:mac_addr": "fa:16:3e:04:72:3b", "version": 6, "addr": "2003::f816:3eff:fe04:723b", "OS-EXT-IPS:type": "fixed"}, {"OS-EXT-IPS-MAC:mac_addr": "fa:16:3e:04:72:3b", "version": 4, "addr": "10.100.0.3", "OS-EXT-IPS:type": "fixed"}, {"OS-EXT-IPS-MAC:mac_addr": "fa:16:3e:04:72:3b", "version": 4, "addr": "172.24.4.4", "OS-EXT-IPS:type": "floating"}]}, "links": [{"href": "http://10.0.2.15:8774/v2.1/f8cc73bbc53a4435aae9699ae4dbb5b6/servers/43a8f958-4d56-474d-882a-c6c88a8d1d9a", "rel": "self"}, {"href": "http://10.0.2.15:8774/f8cc73bbc53a4435aae9699ae4dbb5b6/servers/43a8f958-4d56-474d-882a-c6c88a8d1d9a", "rel": "bookmark"}], "key_name": "tempest-TestGettingAddress-1382489277", "image": {"id": "871d00ba-a38f-4225-8154-54646530d6fd", "links": [{"href": "http://10.0.2.15:8774/f8cc73bbc53a4435aae9699ae4dbb5b6/images/871d00ba-a38f-4225-8154-54646530d6fd", "rel": "bookmark"}]}, "OS-EXT-STS:task_state": "deleting", "OS-EXT-STS:vm_state": "active", "OS-SRV-USG:launched_at": "2015-12-16T22:54:08.000000", "flavor": {"id": "42", "links": [{"href": "http://10.0.2.15:8774/f8cc73bbc53a4435aae9699ae4dbb5b6/flavors/42", "rel": "bookmark"}]}, "id": "43a8f958-4d56-474d-882a-c6c88a8d1d9a", "security_groups": [{"name": "tempest-secgroup-smoke-560006239"}], "OS-SRV-USG:terminated_at": null, "OS-EXT-AZ:availability_zone": "nova", "user_id": "6023c6bf8704440baac4dd9e8eb3b618", "name": "tempest.common.compute-instance-635165011", "created": "2015-12-16T22:54:04Z", "tenant_id": "f8cc73bbc53a4435aae9699ae4dbb5b6", "OS-DCF:diskConfig": "MANUAL", "os-extended-volumes:volumes_attached": [], "accessIPv4": "", "accessIPv6": "", "progress": 0, "OS-EXT-STS:power_state": 1, "config_drive": "True", "metadata": {}}}
2015-12-16 22:57:43,612 20999 INFO     [tempest_lib.common.rest_client] Request (TestGettingAddress:_run_cleanups): 200 GET http://10.0.2.15:8774/v2.1/f8cc73bbc53a4435aae9699ae4dbb5b6/servers/43a8f958-4d56-474d-882a-c6c88a8d1d9a 0.339s
2015-12-16 22:57:43,612 20999 DEBUG    [tempest_lib.common.rest_client] Request - Headers: {'Content-Type': 'application/json', 'Accept': 'application/json', 'X-Auth-Token': '&lt;omitted&gt;'}
        Body: None
    Response - Headers: {'status': '200', 'content-length': '1835', 'content-location': 'http://10.0.2.15:8774/v2.1/f8cc73bbc53a4435aae9699ae4dbb5b6/servers/43a8f958-4d56-474d-882a-c6c88a8d1d9a', 'x-compute-request-id': 'req-4c1a2e0f-5f59-49b0-9c42-55b5ebb0b9f3', 'vary': 'X-OpenStack-Nova-API-Version', 'connection': 'close', 'x-openstack-nova-api-version': '2.1', 'date': 'Wed, 16 Dec 2015 22:57:43 GMT', 'content-type': 'application/json'}
        Body: {"server": {"status": "ACTIVE", "updated": "2015-12-16T22:57:42Z", "hostId": "7c7b4ec08f06aacdb6cba6c9831fbbaeaca4aac06fc6f381d0db1bf4", "addresses": {"tempest-network-smoke--203774565": [{"OS-EXT-IPS-MAC:mac_addr": "fa:16:3e:04:72:3b", "version": 6, "addr": "2003::f816:3eff:fe04:723b", "OS-EXT-IPS:type": "fixed"}, {"OS-EXT-IPS-MAC:mac_addr": "fa:16:3e:04:72:3b", "version": 4, "addr": "10.100.0.3", "OS-EXT-IPS:type": "fixed"}, {"OS-EXT-IPS-MAC:mac_addr": "fa:16:3e:04:72:3b", "version": 4, "addr": "172.24.4.4", "OS-EXT-IPS:type": "floating"}]}, "links": [{"href": "http://10.0.2.15:8774/v2.1/f8cc73bbc53a4435aae9699ae4dbb5b6/servers/43a8f958-4d56-474d-882a-c6c88a8d1d9a", "rel": "self"}, {"href": "http://10.0.2.15:8774/f8cc73bbc53a4435aae9699ae4dbb5b6/servers/43a8f958-4d56-474d-882a-c6c88a8d1d9a", "rel": "bookmark"}], "key_name": "tempest-TestGettingAddress-1382489277", "image": {"id": "871d00ba-a38f-4225-8154-54646530d6fd", "links": [{"href": "http://10.0.2.15:8774/f8cc73bbc53a4435aae9699ae4dbb5b6/images/871d00ba-a38f-4225-8154-54646530d6fd", "rel": "bookmark"}]}, "OS-EXT-STS:task_state": "deleting", "OS-EXT-STS:vm_state": "active", "OS-SRV-USG:launched_at": "2015-12-16T22:54:08.000000", "flavor": {"id": "42", "links": [{"href": "http://10.0.2.15:8774/f8cc73bbc53a4435aae9699ae4dbb5b6/flavors/42", "rel": "bookmark"}]}, "id": "43a8f958-4d56-474d-882a-c6c88a8d1d9a", "OS-SRV-USG:terminated_at": null, "OS-EXT-AZ:availability_zone": "nova", "user_id": "6023c6bf8704440baac4dd9e8eb3b618", "name": "tempest.common.compute-instance-635165011", "created": "2015-12-16T22:54:04Z", "tenant_id": "f8cc73bbc53a4435aae9699ae4dbb5b6", "OS-DCF:diskConfig": "MANUAL", "os-extended-volumes:volumes_attached": [], "accessIPv4": "", "accessIPv6": "", "progress": 0, "OS-EXT-STS:power_state": 1, "config_drive": "True", "metadata": {}}}
2015-12-16 22:57:44,709 20999 INFO     [tempest_lib.common.rest_client] Request (TestGettingAddress:_run_cleanups): 404 GET http://10.0.2.15:8774/v2.1/f8cc73bbc53a4435aae9699ae4dbb5b6/servers/43a8f958-4d56-474d-882a-c6c88a8d1d9a 0.083s
2015-12-16 22:57:44,710 20999 DEBUG    [tempest_lib.common.rest_client] Request - Headers: {'Content-Type': 'application/json', 'Accept': 'application/json', 'X-Auth-Token': '&lt;omitted&gt;'}
        Body: None
    Response - Headers: {'status': '404', 'content-length': '111', 'x-compute-request-id': 'req-7d8db0dc-fe7b-4347-ac5b-7297362ac1bc', 'vary': 'X-OpenStack-Nova-API-Version', 'connection': 'close', 'x-openstack-nova-api-version': '2.1', 'date': 'Wed, 16 Dec 2015 22:57:44 GMT', 'content-type': 'application/json; charset=UTF-8'}
        Body: {"itemNotFound": {"message": "Instance 43a8f958-4d56-474d-882a-c6c88a8d1d9a could not be found.", "code": 404}}
2015-12-16 22:57:45,173 20999 INFO     [tempest_lib.common.rest_client] Request (TestGettingAddress:_run_cleanups): 200 PUT http://10.0.2.15:9696/v2.0/routers/ea7cd744-d66d-4d54-a694-0f539a997c12/remove_router_interface 0.461s
2015-12-16 22:57:45,173 20999 DEBUG    [tempest_lib.common.rest_client] Request - Headers: {'Content-Type': 'application/json', 'Accept': 'application/json', 'X-Auth-Token': '&lt;omitted&gt;'}
        Body: {"subnet_id": "7514a28f-2cb7-4cde-9aee-75f1a9e3c09d"}
    Response - Headers: {'status': '200', 'content-length': '255', 'connection': 'close', 'date': 'Wed, 16 Dec 2015 22:57:45 GMT', 'content-type': 'application/json; charset=UTF-8', 'x-openstack-request-id': 'req-bf5cb684-6727-45e4-931c-2cd8ea9c8c80'}
        Body: {"subnet_id": "7514a28f-2cb7-4cde-9aee-75f1a9e3c09d", "tenant_id": "f8cc73bbc53a4435aae9699ae4dbb5b6", "subnet_ids": ["7514a28f-2cb7-4cde-9aee-75f1a9e3c09d"], "port_id": "a9c09696-8ab7-498d-9acf-15b47aed3569", "id": "ea7cd744-d66d-4d54-a694-0f539a997c12"}
2015-12-16 22:57:45,588 20999 INFO     [tempest_lib.common.rest_client] Request (TestGettingAddress:_run_cleanups): 204 DELETE http://10.0.2.15:9696/v2.0/subnets/7514a28f-2cb7-4cde-9aee-75f1a9e3c09d 0.414s
2015-12-16 22:57:45,588 20999 DEBUG    [tempest_lib.common.rest_client] Request - Headers: {'Content-Type': 'application/json', 'Accept': 'application/json', 'X-Auth-Token': '&lt;omitted&gt;'}
        Body: None
    Response - Headers: {'date': 'Wed, 16 Dec 2015 22:57:45 GMT', 'status': '204', 'connection': 'close', 'content-length': '0', 'x-openstack-request-id': 'req-7d4cb5bc-658f-4743-a015-70ec3a324e34'}
        Body: 
2015-12-16 22:57:45,647 20999 INFO     [tempest_lib.common.rest_client] Request (TestGettingAddress:_run_cleanups): 404 DELETE http://10.0.2.15:9696/v2.0/subnets/7514a28f-2cb7-4cde-9aee-75f1a9e3c09d 0.058s
2015-12-16 22:57:45,647 20999 DEBUG    [tempest_lib.common.rest_client] Request - Headers: {'Content-Type': 'application/json', 'Accept': 'application/json', 'X-Auth-Token': '&lt;omitted&gt;'}
        Body: None
    Response - Headers: {'status': '404', 'content-length': '135', 'connection': 'close', 'date': 'Wed, 16 Dec 2015 22:57:45 GMT', 'content-type': 'application/json; charset=UTF-8', 'x-openstack-request-id': 'req-e9f1104e-6fe9-49c0-ae0e-e3a85c471fae'}
        Body: {"NeutronError": {"message": "Subnet 7514a28f-2cb7-4cde-9aee-75f1a9e3c09d could not be found", "type": "SubnetNotFound", "detail": ""}}
2015-12-16 22:57:46,021 20999 INFO     [tempest_lib.common.rest_client] Request (TestGettingAddress:_run_cleanups): 200 PUT http://10.0.2.15:9696/v2.0/routers/ea7cd744-d66d-4d54-a694-0f539a997c12/remove_router_interface 0.372s
