<?xml version="1.0" encoding="UTF-8"?>
<!DOCTYPE html PUBLIC "-//W3C//DTD XHTML 1.0 Strict//EN"
     "http://www.w3.org/TR/xhtml1/DTD/xhtml1-strict.dtd">
<html xmlns="http://www.w3.org/1999/xhtml">
<head>
    <title>Unit Test Report</title>
    <meta name="generator" content="subunit2html 0.1"/>
    <meta http-equiv="Content-Type" content="text/html; charset=UTF-8"/>
    
<style type="text/css" media="screen">
body        { font-family: verdana, arial, helvetica, sans-serif;
    font-size: 80%; }
table       { font-size: 100%; width: 100%;}
pre         { font-size: 80%; }

/* -- heading -------------------------------------------------------------- */
h1 {
        font-size: 16pt;
        color: gray;
}
.heading {
    margin-top: 0ex;
    margin-bottom: 1ex;
}

.heading .attribute {
    margin-top: 1ex;
    margin-bottom: 0;
}

.heading .description {
    margin-top: 4ex;
    margin-bottom: 6ex;
}

/* -- css div popup -------------------------------------------------------- */
a.popup_link {
}

a.popup_link:hover {
    color: red;
}

.popup_window {
    display: none;
    overflow-x: scroll;
    /*border: solid #627173 1px; */
    padding: 10px;
    background-color: #E6E6D6;
    font-family: "Ubuntu Mono", "Lucida Console", "Courier New", monospace;
    text-align: left;
    font-size: 8pt;
}

}
/* -- report --------------------------------------------------------------- */
#show_detail_line {
    margin-top: 3ex;
    margin-bottom: 1ex;
}
#result_table {
    width: 100%;
    border-collapse: collapse;
    border: 1px solid #777;
}
#header_row {
    font-weight: bold;
    color: white;
    background-color: #777;
}
#result_table td {
    border: 1px solid #777;
    padding: 2px;
}
#total_row  { font-weight: bold; }
.passClass  { background-color: #6c6; }
.failClass  { background-color: #c60; }
.errorClass { background-color: #c00; }
.passCase   { color: #6c6; }
.failCase   { color: #c60; font-weight: bold; }
.errorCase  { color: #c00; font-weight: bold; }
.hiddenRow  { display: none; }
.testcase   { margin-left: 2em; }
td.testname {width: 40%}
td.small {width: 40px}

/* -- ending --------------------------------------------------------------- */
#ending {
}

</style>

</head>
<body>
<script language="javascript" type="text/javascript"><!--
output_list = Array();

/* level - 0:Summary; 1:Failed; 2:All */
function showCase(level) {
    trs = document.getElementsByTagName("tr");
    for (var i = 0; i < trs.length; i++) {
        tr = trs[i];
        id = tr.id;
        if (id.substr(0,2) == 'ft') {
            if (level < 1) {
                tr.className = 'hiddenRow';
            }
            else {
                tr.className = '';
            }
        }
        if (id.substr(0,2) == 'pt') {
            if (level > 1) {
                tr.className = '';
            }
            else {
                tr.className = 'hiddenRow';
            }
        }
    }
}


function showClassDetail(cid, count) {
    var id_list = Array(count);
    var toHide = 1;
    for (var i = 0; i < count; i++) {
        tid0 = 't' + cid.substr(1) + '.' + (i+1);
        tid = 'f' + tid0;
        tr = document.getElementById(tid);
        if (!tr) {
            tid = 'p' + tid0;
            tr = document.getElementById(tid);
        }
        id_list[i] = tid;
        if (tr.className) {
            toHide = 0;
        }
    }
    for (var i = 0; i < count; i++) {
        tid = id_list[i];
        if (toHide) {
            document.getElementById('div_'+tid).style.display = 'none'
            document.getElementById(tid).className = 'hiddenRow';
        }
        else {
            document.getElementById(tid).className = '';
        }
    }
}


function showTestDetail(div_id){
    var details_div = document.getElementById(div_id)
    var displayState = details_div.style.display
    // alert(displayState)
    if (displayState != 'block' ) {
        displayState = 'block'
        details_div.style.display = 'block'
    }
    else {
        details_div.style.display = 'none'
    }
}


function html_escape(s) {
    s = s.replace(/&/g,'&amp;');
    s = s.replace(/</g,'&lt;');
    s = s.replace(/>/g,'&gt;');
    return s;
}

/* obsoleted by detail in <div>
function showOutput(id, name) {
    var w = window.open("", //url
                    name,
                    "resizable,scrollbars,status,width=800,height=450");
    d = w.document;
    d.write("<pre>");
    d.write(html_escape(output_list[id]));
    d.write("\n");
    d.write("<a href='javascript:window.close()'>close</a>\n");
    d.write("</pre>\n");
    d.close();
}
*/
--></script>

<div class='heading'>
<h1>Unit Test Report</h1>

<p class='attribute'><strong>Status:</strong> Pass 2 Failure 6</p>

<p class='description'></p>
</div>



<p id='show_detail_line'>Show
<a href='javascript:showCase(0)'>Summary</a>
<a href='javascript:showCase(1)'>Failed</a>
<a href='javascript:showCase(2)'>All</a>
</p>
<table id='result_table'>
<colgroup>
<col align='left' />
<col align='right' />
<col align='right' />
<col align='right' />
<col align='right' />
<col align='right' />
<col align='right' />
<col align='right' />
</colgroup>
<tr id='header_row'>
    <td>Test Group/Test case</td>
    <td>Count</td>
    <td>Pass</td>
    <td>Fail</td>
    <td>Error</td>
    <td>Skip</td>
    <td>View</td>
    <td> </td>
</tr>

<tr class='failClass'>
    <td class="testname">tempest.scenario.test_network_v6.TestGettingAddress</td>
    <td class="small">8</td>
    <td class="small">2</td>
    <td class="small">6</td>
    <td class="small">0</td>
    <td class="small">0</td>
    <td class="small"><a href="javascript:showClassDetail('c1',8)"
>Detail</a></td>
    <td> </td>
</tr>

<tr id='ft1.1' class='none'>
    <td class='failCase'><div class='testcase'>test_dhcp6_stateless_from_os[compute,id-d7e1f858-187c-45a6-89c9-bdafde619a9f,network]</div></td>
    <td colspan='7' align='left'>

    <!--css div popup start-->
    <a class="popup_link" onfocus='this.blur();'
    href="javascript:showTestDetail('div_ft1.1')" >
        fail</a>

    <div id='div_ft1.1' class="popup_window">
        <div style='text-align: right; color:red;cursor:pointer'>
        <a onfocus='this.blur();'
onclick="document.getElementById('div_ft1.1').style.display = 'none' " >
           [x]</a>
        </div>
        <pre>
        
ft1.1: tempest.scenario.test_network_v6.TestGettingAddress.test_dhcp6_stateless_from_os[compute,id-d7e1f858-187c-45a6-89c9-bdafde619a9f,network]_StringException: Empty attachments:
  stderr
  stdout

pythonlogging:'': {{{
2015-12-07 19:01:16,477 27606 INFO     [tempest_lib.common.rest_client] Request (TestGettingAddress:setUp): 200 POST http://10.0.2.15:8774/v2.1/8eac3715d904489ba4595753db4f5f6d/os-keypairs 0.350s
2015-12-07 19:01:16,478 27606 DEBUG    [tempest_lib.common.rest_client] Request - Headers: {'Content-Type': 'application/json', 'Accept': 'application/json', 'X-Auth-Token': '&lt;omitted&gt;'}
        Body: {"keypair": {"name": "tempest-TestGettingAddress-1083908170"}}
    Response - Headers: {'status': '200', 'content-length': '2320', 'x-compute-request-id': 'req-2f1db9d9-09b6-46ab-aa15-d09c79fa8bd3', 'vary': 'X-OpenStack-Nova-API-Version', 'connection': 'close', 'x-openstack-nova-api-version': '2.1', 'date': 'Mon, 07 Dec 2015 19:01:16 GMT', 'content-type': 'application/json'}
        Body: {"keypair": {"public_key": "ssh-rsa AAAAB3NzaC1yc2EAAAADAQABAAABAQCVvQbNiM4+/Hl7M0LZoev2TASHI7WU9hI4iUWbMjGIQ04IFywX2szf7XsuS3gd2Z1QD62ovK6dtYDseCKv+iyvtoZB1lm838IN85agWNitJSJX9yNzbP53AMwgdaxN8NFe1G4Yswq6g9iQINkBDA+QwRZE8Ph+QUWM/2JbVQNkiH8DcMkrxpd348lSascyDYp8YowdAePtr6CLyPGBp++lhIxC3IC5U46L3EQd0vEjQn73NhNuxqGyXp4haEtny2n+E8RQ3jvpwn56zq/BRQR2ARDNpKg1zdAvcn/rWExwbX0cbf9tB8NPgIfO89x0Vsccx+863GcxN11YqvCZyS5t Generated-by-Nova", "private_key": "-----BEGIN RSA PRIVATE KEY-----\nMIIEqAIBAAKCAQEAlb0GzYjOPvx5ezNC2aHr9kwEhyO1lPYSOIlFmzIxiENOCBcs\nF9rM3+17Lkt4HdmdUA+tqLyunbWA7Hgir/osr7aGQdZZvN/CDfOWoFjYrSUiV/cj\nc2z+dwDMIHWsTfDRXtRuGLMKuoPYkCDZAQwPkMEWRPD4fkFFjP9iW1UDZIh/A3DJ\nK8aXd+PJUmrHMg2KfGKMHQHj7a+gi8jxgafvpYSMQtyAuVOOi9xEHdLxI0J+9zYT\nbsahsl6eIWhLZ8tp/hPEUN476cJ+es6vwUUEdgEQzaSoNc3QL3J/61hMcG19HG3/\nbQfDT4CHzvPcdFbHHMfvOtxnMTddWKrwmckubQIDAQABAoIBAFjmt6lD9h/TSlTp\nJGGOD0hV7cJGY0KjrkG+zoLMFDhwrV2EVHt9PnIczyu3RwOB9jJYfKRYEdw0rOy4\nju+oOuvAFIn2N6U5vD8IRn/BADQcff14D6YyKgqBgLAs7TYBKm2A9jTX6CDAss0v\nk2dZv8wTt6MK5p4fJqoF3mGXYcJHl3DWaxMV6+rNLO6tWK/tjJ6MIXYRT5tp/whF\nudpjy5i1G9JV3FZno6H0BaZN5nvyZFQwstwpjqx7cGwx2n6W/ghEVjuOetsIAllH\n4MAUt0FwUyBIwdviPy305f0/6lWtb4aVrACUC9knLDPtQ1gxXMphjs1XHLZksdz7\na/WmSYECggCBAL0XFDX+2h1q9G8/ZlytrQOVnEiMmiOMU9POKYHOH/lP9TMHtQ+z\nckwp2uIwe9GwytfWIPkY8nAM/GUCs4WiyM/3Zd/LXEgg9TDQTvkh0/Ej+m5LFswa\nsg/gUI8OcAMGnXkTvkHXhimgcGdKfWfEUNBKscfTwMQONtzXTZb1v4ExAoIAgQDK\nuTp0jwpn6ctdauNrJ0qxe2HnSB7DVhI2z2h/m/dm+z9/tdweDnJA2+9bnzvn3chu\ndu9zBLQbmuwAJU9XfBNZMt0Cnal9tzrGC5gwJ9jSbzpAjbafxQY63eBRxlqtTX8w\nGhMBRSIlLuDudHqDcSJDAq3JFuF2fjHbq4eHxIZR/QKCAIEAsXCF08GKdk6WgAqT\niOalU5bCaEYgorkdNMXip1+BG5hPtQpHeyteV2BzeQwcNQLc5juXB4nEfyeAdV1a\nj03ZeWZkH+UafMkIrTzczuZSl5e2emdWRkPK0iEiF4xpyj0b6rF/ORQBXvCiahs5\noPVVDJD7UVRBMPlRvF0B/2YuxhECggCAIl6K+Y3yvrFViC4CBn2v3S1E6PhCNu3V\nwrMhTVk89ZmtJ1LG0dWzKyneh9MUTfg87fV+HSrz+iYm0tOAgx2HDj1gWPwv6x9w\neHkowSlQSkUPRDiCeM3ng31wdYzCfNVBtf8Fr9ZvtowfGG5pAvXgUCoZGpmlefhl\nLZAEN1FrUGUCggCAUlyfYnn3PGY1f6yDYfUaBV0WoeGn8r3QD1qDkfP30OYe59fj\nAraeliZqw4Yd+o8qA+uiwh+YrV4mx4X8+N7x0S4qIuZTz4tgxO3VkXnIgFqGjXtW\n7hh41EME+tjf9eMYofQPjDsrdJGMq/XSxokJ38dlLvSf7winolvPh2XBRx0=\n-----END RSA PRIVATE KEY-----\n", "user_id": "047ca67478054ce5a739cc1b64b0c8fe", "name": "tempest-TestGettingAddress-1083908170", "fingerprint": "52:56:0a:20:8e:34:f8:56:c2:b4:3a:22:56:eb:ce:f7"}}
2015-12-07 19:01:16,803 27606 INFO     [tempest_lib.common.rest_client] Request (TestGettingAddress:setUp): 201 POST http://10.0.2.15:9696/v2.0/security-groups 0.320s
2015-12-07 19:01:16,804 27606 DEBUG    [tempest_lib.common.rest_client] Request - Headers: {'Content-Type': 'application/json', 'Accept': 'application/json', 'X-Auth-Token': '&lt;omitted&gt;'}
        Body: {"security_group": {"tenant_id": "8eac3715d904489ba4595753db4f5f6d", "description": "tempest-secgroup-smoke-424513993 description", "name": "tempest-secgroup-smoke-424513993"}}
    Response - Headers: {'status': '201', 'content-length': '886', 'connection': 'close', 'date': 'Mon, 07 Dec 2015 19:01:16 GMT', 'content-type': 'application/json; charset=UTF-8', 'x-openstack-request-id': 'req-33ef5504-2f5d-4167-88c7-1b4548cd7b4d'}
        Body: {"security_group": {"tenant_id": "8eac3715d904489ba4595753db4f5f6d", "description": "tempest-secgroup-smoke-424513993 description", "id": "f6a12606-9d4a-4d75-9e9f-636ba7c71b51", "security_group_rules": [{"remote_group_id": null, "direction": "egress", "remote_ip_prefix": null, "protocol": null, "ethertype": "IPv4", "tenant_id": "8eac3715d904489ba4595753db4f5f6d", "port_range_max": null, "port_range_min": null, "id": "ba798c60-6a0b-4aec-9879-deca39998232", "security_group_id": "f6a12606-9d4a-4d75-9e9f-636ba7c71b51"}, {"remote_group_id": null, "direction": "egress", "remote_ip_prefix": null, "protocol": null, "ethertype": "IPv6", "tenant_id": "8eac3715d904489ba4595753db4f5f6d", "port_range_max": null, "port_range_min": null, "id": "4f9cfc04-db5d-4645-838c-ec7494b8f5ed", "security_group_id": "f6a12606-9d4a-4d75-9e9f-636ba7c71b51"}], "name": "tempest-secgroup-smoke-424513993"}}
2015-12-07 19:01:16,912 27606 INFO     [tempest_lib.common.rest_client] Request (TestGettingAddress:setUp): 201 POST http://10.0.2.15:9696/v2.0/security-group-rules 0.106s
2015-12-07 19:01:16,912 27606 DEBUG    [tempest_lib.common.rest_client] Request - Headers: {'Content-Type': 'application/json', 'Accept': 'application/json', 'X-Auth-Token': '&lt;omitted&gt;'}
        Body: {"security_group_rule": {"direction": "ingress", "protocol": "tcp", "tenant_id": "8eac3715d904489ba4595753db4f5f6d", "port_range_max": 22, "security_group_id": "f6a12606-9d4a-4d75-9e9f-636ba7c71b51", "port_range_min": 22}}
    Response - Headers: {'status': '201', 'content-length': '340', 'connection': 'close', 'date': 'Mon, 07 Dec 2015 19:01:16 GMT', 'content-type': 'application/json; charset=UTF-8', 'x-openstack-request-id': 'req-38b1166a-253f-4f88-b451-a72bc2e20224'}
        Body: {"security_group_rule": {"remote_group_id": null, "direction": "ingress", "remote_ip_prefix": null, "protocol": "tcp", "ethertype": "IPv4", "tenant_id": "8eac3715d904489ba4595753db4f5f6d", "port_range_max": 22, "port_range_min": 22, "id": "544575a0-9695-43a2-aa81-2dce7197e79f", "security_group_id": "f6a12606-9d4a-4d75-9e9f-636ba7c71b51"}}
2015-12-07 19:01:17,022 27606 INFO     [tempest_lib.common.rest_client] Request (TestGettingAddress:setUp): 201 POST http://10.0.2.15:9696/v2.0/security-group-rules 0.109s
2015-12-07 19:01:17,023 27606 DEBUG    [tempest_lib.common.rest_client] Request - Headers: {'Content-Type': 'application/json', 'Accept': 'application/json', 'X-Auth-Token': '&lt;omitted&gt;'}
        Body: {"security_group_rule": {"direction": "egress", "protocol": "tcp", "tenant_id": "8eac3715d904489ba4595753db4f5f6d", "port_range_max": 22, "security_group_id": "f6a12606-9d4a-4d75-9e9f-636ba7c71b51", "port_range_min": 22}}
    Response - Headers: {'status': '201', 'content-length': '339', 'connection': 'close', 'date': 'Mon, 07 Dec 2015 19:01:17 GMT', 'content-type': 'application/json; charset=UTF-8', 'x-openstack-request-id': 'req-78a85053-3292-4a29-b5d5-5b308cad44aa'}
        Body: {"security_group_rule": {"remote_group_id": null, "direction": "egress", "remote_ip_prefix": null, "protocol": "tcp", "ethertype": "IPv4", "tenant_id": "8eac3715d904489ba4595753db4f5f6d", "port_range_max": 22, "port_range_min": 22, "id": "2e9d9c96-1eef-4b6b-95c0-9bf908bb1752", "security_group_id": "f6a12606-9d4a-4d75-9e9f-636ba7c71b51"}}
2015-12-07 19:01:17,121 27606 INFO     [tempest_lib.common.rest_client] Request (TestGettingAddress:setUp): 201 POST http://10.0.2.15:9696/v2.0/security-group-rules 0.097s
2015-12-07 19:01:17,121 27606 DEBUG    [tempest_lib.common.rest_client] Request - Headers: {'Content-Type': 'application/json', 'Accept': 'application/json', 'X-Auth-Token': '&lt;omitted&gt;'}
        Body: {"security_group_rule": {"tenant_id": "8eac3715d904489ba4595753db4f5f6d", "direction": "ingress", "protocol": "icmp", "security_group_id": "f6a12606-9d4a-4d75-9e9f-636ba7c71b51"}}
    Response - Headers: {'status': '201', 'content-length': '345', 'connection': 'close', 'date': 'Mon, 07 Dec 2015 19:01:17 GMT', 'content-type': 'application/json; charset=UTF-8', 'x-openstack-request-id': 'req-0b7b820b-fe6f-47b6-808c-0efaf66af4da'}
        Body: {"security_group_rule": {"remote_group_id": null, "direction": "ingress", "remote_ip_prefix": null, "protocol": "icmp", "ethertype": "IPv4", "tenant_id": "8eac3715d904489ba4595753db4f5f6d", "port_range_max": null, "port_range_min": null, "id": "3f108f8a-1f4f-46d9-9a72-acfa23e89ec2", "security_group_id": "f6a12606-9d4a-4d75-9e9f-636ba7c71b51"}}
2015-12-07 19:01:17,223 27606 INFO     [tempest_lib.common.rest_client] Request (TestGettingAddress:setUp): 201 POST http://10.0.2.15:9696/v2.0/security-group-rules 0.101s
2015-12-07 19:01:17,223 27606 DEBUG    [tempest_lib.common.rest_client] Request - Headers: {'Content-Type': 'application/json', 'Accept': 'application/json', 'X-Auth-Token': '&lt;omitted&gt;'}
        Body: {"security_group_rule": {"tenant_id": "8eac3715d904489ba4595753db4f5f6d", "direction": "egress", "protocol": "icmp", "security_group_id": "f6a12606-9d4a-4d75-9e9f-636ba7c71b51"}}
    Response - Headers: {'status': '201', 'content-length': '344', 'connection': 'close', 'date': 'Mon, 07 Dec 2015 19:01:17 GMT', 'content-type': 'application/json; charset=UTF-8', 'x-openstack-request-id': 'req-1e234512-ddbd-4cf4-87a2-e34f72c3713c'}
        Body: {"security_group_rule": {"remote_group_id": null, "direction": "egress", "remote_ip_prefix": null, "protocol": "icmp", "ethertype": "IPv4", "tenant_id": "8eac3715d904489ba4595753db4f5f6d", "port_range_max": null, "port_range_min": null, "id": "a94184d3-7e6b-4069-a7c6-9c474b78f6ea", "security_group_id": "f6a12606-9d4a-4d75-9e9f-636ba7c71b51"}}
2015-12-07 19:01:17,325 27606 INFO     [tempest_lib.common.rest_client] Request (TestGettingAddress:setUp): 201 POST http://10.0.2.15:9696/v2.0/security-group-rules 0.100s
2015-12-07 19:01:17,325 27606 DEBUG    [tempest_lib.common.rest_client] Request - Headers: {'Content-Type': 'application/json', 'Accept': 'application/json', 'X-Auth-Token': '&lt;omitted&gt;'}
        Body: {"security_group_rule": {"tenant_id": "8eac3715d904489ba4595753db4f5f6d", "direction": "ingress", "security_group_id": "f6a12606-9d4a-4d75-9e9f-636ba7c71b51", "protocol": "icmp", "ethertype": "IPv6"}}
    Response - Headers: {'status': '201', 'content-length': '345', 'connection': 'close', 'date': 'Mon, 07 Dec 2015 19:01:17 GMT', 'content-type': 'application/json; charset=UTF-8', 'x-openstack-request-id': 'req-7bc2804d-f234-4f0a-af51-e5e1666b282e'}
        Body: {"security_group_rule": {"remote_group_id": null, "direction": "ingress", "remote_ip_prefix": null, "protocol": "icmp", "ethertype": "IPv6", "tenant_id": "8eac3715d904489ba4595753db4f5f6d", "port_range_max": null, "port_range_min": null, "id": "42dab8ad-a995-43fe-8f9c-f67aee4fdeba", "security_group_id": "f6a12606-9d4a-4d75-9e9f-636ba7c71b51"}}
2015-12-07 19:01:17,436 27606 INFO     [tempest_lib.common.rest_client] Request (TestGettingAddress:setUp): 201 POST http://10.0.2.15:9696/v2.0/security-group-rules 0.108s
2015-12-07 19:01:17,436 27606 DEBUG    [tempest_lib.common.rest_client] Request - Headers: {'Content-Type': 'application/json', 'Accept': 'application/json', 'X-Auth-Token': '&lt;omitted&gt;'}
        Body: {"security_group_rule": {"tenant_id": "8eac3715d904489ba4595753db4f5f6d", "direction": "egress", "security_group_id": "f6a12606-9d4a-4d75-9e9f-636ba7c71b51", "protocol": "icmp", "ethertype": "IPv6"}}
    Response - Headers: {'status': '201', 'content-length': '344', 'connection': 'close', 'date': 'Mon, 07 Dec 2015 19:01:17 GMT', 'content-type': 'application/json; charset=UTF-8', 'x-openstack-request-id': 'req-14653f0f-b4dc-428b-bee6-22af3afbe3f7'}
        Body: {"security_group_rule": {"remote_group_id": null, "direction": "egress", "remote_ip_prefix": null, "protocol": "icmp", "ethertype": "IPv6", "tenant_id": "8eac3715d904489ba4595753db4f5f6d", "port_range_max": null, "port_range_min": null, "id": "a8735523-92c4-476e-a8e1-403053126ab7", "security_group_id": "f6a12606-9d4a-4d75-9e9f-636ba7c71b51"}}
2015-12-07 19:01:17,656 27606 INFO     [tempest_lib.common.rest_client] Request (TestGettingAddress:test_dhcp6_stateless_from_os): 201 POST http://10.0.2.15:9696/v2.0/networks 0.217s
2015-12-07 19:01:17,656 27606 DEBUG    [tempest_lib.common.rest_client] Request - Headers: {'Content-Type': 'application/json', 'Accept': 'application/json', 'X-Auth-Token': '&lt;omitted&gt;'}
        Body: {"network": {"tenant_id": "8eac3715d904489ba4595753db4f5f6d", "name": "tempest-network-smoke--1997013366"}}
    Response - Headers: {'status': '201', 'content-length': '296', 'connection': 'close', 'date': 'Mon, 07 Dec 2015 19:01:17 GMT', 'content-type': 'application/json; charset=UTF-8', 'x-openstack-request-id': 'req-86a05969-42ed-4f59-bea6-630b006da5fa'}
        Body: {"network": {"status": "ACTIVE", "subnets": [], "name": "tempest-network-smoke--1997013366", "admin_state_up": true, "tenant_id": "8eac3715d904489ba4595753db4f5f6d", "mtu": 0, "router:external": false, "shared": false, "port_security_enabled": true, "id": "deaddec1-2796-4f0c-b4f2-d79956d09db6"}}
2015-12-07 19:01:17,838 27606 INFO     [tempest_lib.common.rest_client] Request (TestGettingAddress:test_dhcp6_stateless_from_os): 200 GET http://10.0.2.15:9696/v2.0/subnets?tenant_id=8eac3715d904489ba4595753db4f5f6d&amp;cidr=10.100.0.0%2F28 0.180s
2015-12-07 19:01:17,839 27606 DEBUG    [tempest_lib.common.rest_client] Request - Headers: {'Content-Type': 'application/json', 'Accept': 'application/json', 'X-Auth-Token': '&lt;omitted&gt;'}
        Body: None
    Response - Headers: {'status': '200', 'content-length': '15', 'content-location': 'http://10.0.2.15:9696/v2.0/subnets?tenant_id=8eac3715d904489ba4595753db4f5f6d&amp;cidr=10.100.0.0%2F28', 'connection': 'close', 'date': 'Mon, 07 Dec 2015 19:01:17 GMT', 'content-type': 'application/json; charset=UTF-8', 'x-openstack-request-id': 'req-3c86ba21-48e8-4b81-ba9b-3f260e8b945e'}
        Body: {"subnets": []}
2015-12-07 19:01:18,237 27606 INFO     [tempest_lib.common.rest_client] Request (TestGettingAddress:test_dhcp6_stateless_from_os): 201 POST http://10.0.2.15:9696/v2.0/subnets 0.397s
2015-12-07 19:01:18,238 27606 DEBUG    [tempest_lib.common.rest_client] Request - Headers: {'Content-Type': 'application/json', 'Accept': 'application/json', 'X-Auth-Token': '&lt;omitted&gt;'}
        Body: {"subnet": {"ip_version": 4, "tenant_id": "8eac3715d904489ba4595753db4f5f6d", "cidr": "10.100.0.0/28", "network_id": "deaddec1-2796-4f0c-b4f2-d79956d09db6", "name": "tempest-sub4-546537881"}}
    Response - Headers: {'status': '201', 'content-length': '469', 'connection': 'close', 'date': 'Mon, 07 Dec 2015 19:01:18 GMT', 'content-type': 'application/json; charset=UTF-8', 'x-openstack-request-id': 'req-d903291d-3e8f-4268-b064-323b398f9d8a'}
        Body: {"subnet": {"name": "tempest-sub4-546537881", "enable_dhcp": true, "network_id": "deaddec1-2796-4f0c-b4f2-d79956d09db6", "tenant_id": "8eac3715d904489ba4595753db4f5f6d", "dns_nameservers": [], "gateway_ip": "10.100.0.1", "ipv6_ra_mode": null, "allocation_pools": [{"start": "10.100.0.2", "end": "10.100.0.14"}], "host_routes": [], "ip_version": 4, "ipv6_address_mode": null, "cidr": "10.100.0.0/28", "id": "fb1cb898-d1d6-4cb1-b547-610f147b53ee", "subnetpool_id": null}}
2015-12-07 19:01:18,347 27606 INFO     [tempest_lib.common.rest_client] Request (TestGettingAddress:test_dhcp6_stateless_from_os): 201 POST http://10.0.2.15:9696/v2.0/routers 0.108s
2015-12-07 19:01:18,347 27606 DEBUG    [tempest_lib.common.rest_client] Request - Headers: {'Content-Type': 'application/json', 'Accept': 'application/json', 'X-Auth-Token': '&lt;omitted&gt;'}
        Body: {"router": {"tenant_id": "8eac3715d904489ba4595753db4f5f6d", "name": "tempest-router-smoke-604874298", "admin_state_up": true}}
    Response - Headers: {'status': '201', 'content-length': '238', 'connection': 'close', 'date': 'Mon, 07 Dec 2015 19:01:18 GMT', 'content-type': 'application/json; charset=UTF-8', 'x-openstack-request-id': 'req-ac739758-36a7-4389-87fd-d1919c41aaef'}
        Body: {"router": {"status": "ACTIVE", "external_gateway_info": null, "name": "tempest-router-smoke-604874298", "admin_state_up": true, "tenant_id": "8eac3715d904489ba4595753db4f5f6d", "routes": [], "id": "fa676225-bc2a-435c-b675-938b8c33b0bc"}}
2015-12-07 19:01:18,387 27606 INFO     [tempest_lib.common.rest_client] Request (TestGettingAddress:test_dhcp6_stateless_from_os): 200 GET http://10.0.2.15:9696/v2.0/routers/fa676225-bc2a-435c-b675-938b8c33b0bc 0.039s
2015-12-07 19:01:18,387 27606 DEBUG    [tempest_lib.common.rest_client] Request - Headers: {'Content-Type': 'application/json', 'Accept': 'application/json', 'X-Auth-Token': '&lt;omitted&gt;'}
        Body: None
    Response - Headers: {'status': '200', 'content-length': '238', 'content-location': 'http://10.0.2.15:9696/v2.0/routers/fa676225-bc2a-435c-b675-938b8c33b0bc', 'connection': 'close', 'date': 'Mon, 07 Dec 2015 19:01:18 GMT', 'content-type': 'application/json; charset=UTF-8', 'x-openstack-request-id': 'req-c4e03670-ab73-4eef-aa21-723a61e8ca3b'}
        Body: {"router": {"status": "ACTIVE", "external_gateway_info": null, "name": "tempest-router-smoke-604874298", "admin_state_up": true, "tenant_id": "8eac3715d904489ba4595753db4f5f6d", "routes": [], "id": "fa676225-bc2a-435c-b675-938b8c33b0bc"}}
2015-12-07 19:01:19,003 27606 INFO     [tempest_lib.common.rest_client] Request (TestGettingAddress:test_dhcp6_stateless_from_os): 200 PUT http://10.0.2.15:9696/v2.0/routers/fa676225-bc2a-435c-b675-938b8c33b0bc 0.614s
2015-12-07 19:01:19,003 27606 DEBUG    [tempest_lib.common.rest_client] Request - Headers: {'Content-Type': 'application/json', 'Accept': 'application/json', 'X-Auth-Token': '&lt;omitted&gt;'}
        Body: {"router": {"external_gateway_info": {"network_id": "02da2c6b-220e-4f32-9d32-d1f9ccb8bc38"}, "name": "tempest-router-smoke-604874298", "admin_state_up": true}}
    Response - Headers: {'status': '200', 'content-length': '500', 'connection': 'close', 'date': 'Mon, 07 Dec 2015 19:01:19 GMT', 'content-type': 'application/json; charset=UTF-8', 'x-openstack-request-id': 'req-83adb803-6aed-45b1-92b8-ff5705591ef7'}
        Body: {"router": {"status": "ACTIVE", "external_gateway_info": {"network_id": "02da2c6b-220e-4f32-9d32-d1f9ccb8bc38", "enable_snat": true, "external_fixed_ips": [{"subnet_id": "bf906dc9-b978-4577-a536-6abc31792ffa", "ip_address": "172.24.4.3"}, {"subnet_id": "39c218fc-1d4b-48c1-bf15-cefd8d0ba4b8", "ip_address": "2001:db8::4"}]}, "name": "tempest-router-smoke-604874298", "admin_state_up": true, "tenant_id": "8eac3715d904489ba4595753db4f5f6d", "routes": [], "id": "fa676225-bc2a-435c-b675-938b8c33b0bc"}}
2015-12-07 19:01:19,518 27606 INFO     [tempest_lib.common.rest_client] Request (TestGettingAddress:test_dhcp6_stateless_from_os): 200 PUT http://10.0.2.15:9696/v2.0/routers/fa676225-bc2a-435c-b675-938b8c33b0bc/add_router_interface 0.514s
2015-12-07 19:01:19,518 27606 DEBUG    [tempest_lib.common.rest_client] Request - Headers: {'Content-Type': 'application/json', 'Accept': 'application/json', 'X-Auth-Token': '&lt;omitted&gt;'}
        Body: {"subnet_id": "fb1cb898-d1d6-4cb1-b547-610f147b53ee"}
    Response - Headers: {'status': '200', 'content-length': '255', 'connection': 'close', 'date': 'Mon, 07 Dec 2015 19:01:19 GMT', 'content-type': 'application/json; charset=UTF-8', 'x-openstack-request-id': 'req-4c268bdb-697b-4c88-9985-f6d655e500a5'}
        Body: {"subnet_id": "fb1cb898-d1d6-4cb1-b547-610f147b53ee", "tenant_id": "8eac3715d904489ba4595753db4f5f6d", "subnet_ids": ["fb1cb898-d1d6-4cb1-b547-610f147b53ee"], "port_id": "285ecdf4-f42b-48b9-8591-4ddc88807702", "id": "fa676225-bc2a-435c-b675-938b8c33b0bc"}
2015-12-07 19:01:19,555 27606 INFO     [tempest_lib.common.rest_client] Request (TestGettingAddress:test_dhcp6_stateless_from_os): 200 GET http://10.0.2.15:9696/v2.0/subnets?tenant_id=8eac3715d904489ba4595753db4f5f6d&amp;cidr=2003%3A%3A%2F64 0.036s
2015-12-07 19:01:19,556 27606 DEBUG    [tempest_lib.common.rest_client] Request - Headers: {'Content-Type': 'application/json', 'Accept': 'application/json', 'X-Auth-Token': '&lt;omitted&gt;'}
        Body: None
    Response - Headers: {'status': '200', 'content-length': '15', 'content-location': 'http://10.0.2.15:9696/v2.0/subnets?tenant_id=8eac3715d904489ba4595753db4f5f6d&amp;cidr=2003%3A%3A%2F64', 'connection': 'close', 'date': 'Mon, 07 Dec 2015 19:01:19 GMT', 'content-type': 'application/json; charset=UTF-8', 'x-openstack-request-id': 'req-a5ba4723-f0a3-49cf-8636-2d4eeeb1d51f'}
        Body: {"subnets": []}
2015-12-07 19:01:19,968 27606 INFO     [tempest_lib.common.rest_client] Request (TestGettingAddress:test_dhcp6_stateless_from_os): 201 POST http://10.0.2.15:9696/v2.0/subnets 0.411s
2015-12-07 19:01:19,969 27606 DEBUG    [tempest_lib.common.rest_client] Request - Headers: {'Content-Type': 'application/json', 'Accept': 'application/json', 'X-Auth-Token': '&lt;omitted&gt;'}
        Body: {"subnet": {"name": "tempest-sub6-1801031953", "network_id": "deaddec1-2796-4f0c-b4f2-d79956d09db6", "tenant_id": "8eac3715d904489ba4595753db4f5f6d", "ipv6_ra_mode": "dhcpv6-stateless", "ip_version": 6, "ipv6_address_mode": "dhcpv6-stateless", "cidr": "2003::/64"}}
    Response - Headers: {'status': '201', 'content-length': '502', 'connection': 'close', 'date': 'Mon, 07 Dec 2015 19:01:19 GMT', 'content-type': 'application/json; charset=UTF-8', 'x-openstack-request-id': 'req-83e85ae8-b998-4f54-9fa4-9c4666579213'}
        Body: {"subnet": {"name": "tempest-sub6-1801031953", "enable_dhcp": true, "network_id": "deaddec1-2796-4f0c-b4f2-d79956d09db6", "tenant_id": "8eac3715d904489ba4595753db4f5f6d", "dns_nameservers": [], "gateway_ip": "2003::1", "ipv6_ra_mode": "dhcpv6-stateless", "allocation_pools": [{"start": "2003::2", "end": "2003::ffff:ffff:ffff:ffff"}], "host_routes": [], "ip_version": 6, "ipv6_address_mode": "dhcpv6-stateless", "cidr": "2003::/64", "id": "23aa0da7-d367-4515-a45a-d4c877aaabf6", "subnetpool_id": null}}
2015-12-07 19:01:20,600 27606 INFO     [tempest_lib.common.rest_client] Request (TestGettingAddress:test_dhcp6_stateless_from_os): 200 PUT http://10.0.2.15:9696/v2.0/routers/fa676225-bc2a-435c-b675-938b8c33b0bc/add_router_interface 0.629s
2015-12-07 19:01:20,601 27606 DEBUG    [tempest_lib.common.rest_client] Request - Headers: {'Content-Type': 'application/json', 'Accept': 'application/json', 'X-Auth-Token': '&lt;omitted&gt;'}
        Body: {"subnet_id": "23aa0da7-d367-4515-a45a-d4c877aaabf6"}
    Response - Headers: {'status': '200', 'content-length': '255', 'connection': 'close', 'date': 'Mon, 07 Dec 2015 19:01:20 GMT', 'content-type': 'application/json; charset=UTF-8', 'x-openstack-request-id': 'req-6a52c678-7a65-41f9-9ec9-7d7c1baac0b9'}
        Body: {"subnet_id": "23aa0da7-d367-4515-a45a-d4c877aaabf6", "tenant_id": "8eac3715d904489ba4595753db4f5f6d", "subnet_ids": ["23aa0da7-d367-4515-a45a-d4c877aaabf6"], "port_id": "936e0036-c56a-42cc-809f-80c99124a79a", "id": "fa676225-bc2a-435c-b675-938b8c33b0bc"}
2015-12-07 19:01:20,706 27606 INFO     [tempest_lib.common.rest_client] Request (TestGettingAddress:test_dhcp6_stateless_from_os): 200 POST http://10.0.2.15:5000/v2.0/tokens
2015-12-07 19:01:20,707 27606 DEBUG    [tempest_lib.common.rest_client] Request - Headers: {'Content-Type': 'application/json', 'Accept': 'application/json'}
        Body: &lt;omitted&gt;
    Response - Headers: {'status': '200', 'content-length': '2522', 'vary': 'X-Auth-Token', 'server': 'Apache/2.4.7 (Ubuntu)', 'connection': 'close', 'date': 'Mon, 07 Dec 2015 19:01:20 GMT', 'content-type': 'application/json', 'x-openstack-request-id': 'req-855f355d-709c-4f69-9bdf-af333368f456'}
        Body: {"access": {"token": {"issued_at": "2015-12-07T19:01:20.693497", "expires": "2015-12-07T20:01:20Z", "id": "e806f191eaea426996caba93dd2acb97", "tenant": {"description": "tempest-TestGettingAddress-504556784-desc", "enabled": true, "id": "8eac3715d904489ba4595753db4f5f6d", "name": "tempest-TestGettingAddress-504556784"}, "audit_ids": ["JWdAtqTbRHKqbde_-NW-lQ"]}, "serviceCatalog": [{"endpoints": [{"adminURL": "http://10.0.2.15:8774/v2.1/8eac3715d904489ba4595753db4f5f6d", "region": "RegionOne", "internalURL": "http://10.0.2.15:8774/v2.1/8eac3715d904489ba4595753db4f5f6d", "id": "5979e4bdde1e4d0985601254d6d9dfe9", "publicURL": "http://10.0.2.15:8774/v2.1/8eac3715d904489ba4595753db4f5f6d"}], "endpoints_links": [], "type": "compute", "name": "nova"}, {"endpoints": [{"adminURL": "http://10.0.2.15:9696/", "region": "RegionOne", "internalURL": "http://10.0.2.15:9696/", "id": "7e7dd91776e74a4291057a9591c4e6de", "publicURL": "http://10.0.2.15:9696/"}], "endpoints_links": [], "type": "network", "name": "neutron"}, {"endpoints": [{"adminURL": "http://10.0.2.15:9292", "region": "RegionOne", "internalURL": "http://10.0.2.15:9292", "id": "5ae31adb8bc14e40bcce4435fc28d452", "publicURL": "http://10.0.2.15:9292"}], "endpoints_links": [], "type": "image", "name": "glance"}, {"endpoints": [{"adminURL": "http://10.0.2.15:8774/v2/8eac3715d904489ba4595753db4f5f6d", "region": "RegionOne", "internalURL": "http://10.0.2.15:8774/v2/8eac3715d904489ba4595753db4f5f6d", "id": "7ccfc1fb458640bfbc9ae822b4323715", "publicURL": "http://10.0.2.15:8774/v2/8eac3715d904489ba4595753db4f5f6d"}], "endpoints_links": [], "type": "compute_legacy", "name": "nova_legacy"}, {"endpoints": [{"adminURL": "http://10.0.2.15:8773/", "region": "RegionOne", "internalURL": "http://10.0.2.15:8773/", "id": "06da481998fa47e0a335879b12b2c429", "publicURL": "http://10.0.2.15:8773/"}], "endpoints_links": [], "type": "ec2", "name": "ec2"}, {"endpoints": [{"adminURL": "http://10.0.2.15:35357/v2.0", "region": "RegionOne", "internalURL": "http://10.0.2.15:5000/v2.0", "id": "4806139ef1f64e4bb67510b7ce7aedd0", "publicURL": "http://10.0.2.15:5000/v2.0"}], "endpoints_links": [], "type": "identity", "name": "keystone"}], "user": {"username": "tempest-TestGettingAddress-209117415", "roles_links": [], "id": "047ca67478054ce5a739cc1b64b0c8fe", "roles": [{"name": "_member_"}, {"name": "Member"}], "name": "tempest-TestGettingAddress-209117415"}, "metadata": {"is_admin": 0, "roles": ["9fe2ff9ee4384b1894a90878d3e92bab", "85ad0e36a22c44bb8470dde30b20775d"]}}}
2015-12-07 19:01:20,713 27606 DEBUG    [tempest.common.fixed_network] (TestGettingAddress:test_dhcp6_stateless_from_os) No valid network provided or created, defaulting to fixed_network_name
2015-12-07 19:01:21,036 27606 INFO     [tempest_lib.common.rest_client] Request (TestGettingAddress:test_dhcp6_stateless_from_os): 200 GET http://10.0.2.15:8774/v2.1/8eac3715d904489ba4595753db4f5f6d/os-networks 0.322s
2015-12-07 19:01:21,036 27606 DEBUG    [tempest_lib.common.rest_client] Request - Headers: {'Content-Type': 'application/json', 'Accept': 'application/json', 'X-Auth-Token': '&lt;omitted&gt;'}
        Body: None
    Response - Headers: {'status': '200', 'content-length': '479', 'content-location': 'http://10.0.2.15:8774/v2.1/8eac3715d904489ba4595753db4f5f6d/os-networks', 'x-compute-request-id': 'req-5bfa7133-32da-49e6-b1de-b16ed1823aca', 'vary': 'X-OpenStack-Nova-API-Version', 'connection': 'close', 'x-openstack-nova-api-version': '2.1', 'date': 'Mon, 07 Dec 2015 19:01:21 GMT', 'content-type': 'application/json'}
        Body: {"networks": [{"cidr_v6": null, "dns2": null, "dns1": null, "gateway": null, "broadcast": null, "netmask": null, "gateway_v6": null, "cidr": null, "label": "public", "id": "02da2c6b-220e-4f32-9d32-d1f9ccb8bc38", "netmask_v6": null}, {"cidr_v6": null, "dns2": null, "dns1": null, "gateway": null, "broadcast": null, "netmask": null, "gateway_v6": null, "cidr": null, "label": "tempest-network-smoke--1997013366", "id": "deaddec1-2796-4f0c-b4f2-d79956d09db6", "netmask_v6": null}]}
2015-12-07 19:01:21,037 27606 WARNING  [tempest.common.fixed_network] (TestGettingAddress:test_dhcp6_stateless_from_os) Network with name: private not found
2015-12-07 19:01:21,037 27606 INFO     [tempest.common.fixed_network] (TestGettingAddress:test_dhcp6_stateless_from_os) Found network {} available for tenant
2015-12-07 19:01:22,490 27606 INFO     [tempest_lib.common.rest_client] Request (TestGettingAddress:test_dhcp6_stateless_from_os): 202 POST http://10.0.2.15:8774/v2.1/8eac3715d904489ba4595753db4f5f6d/servers 1.452s
2015-12-07 19:01:22,491 27606 DEBUG    [tempest_lib.common.rest_client] Request - Headers: {'Content-Type': 'application/json', 'Accept': 'application/json', 'X-Auth-Token': '&lt;omitted&gt;'}
        Body: {"server": {"name": "tempest.common.compute-instance-623896614", "imageRef": "55298613-3fd8-4451-bbc7-321d03e8c20a", "key_name": "tempest-TestGettingAddress-1083908170", "flavorRef": "42", "networks": [{"uuid": "deaddec1-2796-4f0c-b4f2-d79956d09db6"}], "security_groups": [{"name": "tempest-secgroup-smoke-424513993"}]}}
    Response - Headers: {'status': '202', 'content-length': '461', 'x-compute-request-id': 'req-feef2376-6d9d-4c30-9927-38f16188ee40', 'vary': 'X-OpenStack-Nova-API-Version', 'connection': 'close', 'location': 'http://10.0.2.15:8774/v2.1/8eac3715d904489ba4595753db4f5f6d/servers/a5b5a94a-c06a-4979-b026-cc4b293ad123', 'x-openstack-nova-api-version': '2.1', 'date': 'Mon, 07 Dec 2015 19:01:22 GMT', 'content-type': 'application/json'}
        Body: {"server": {"security_groups": [{"name": "tempest-secgroup-smoke-424513993"}], "OS-DCF:diskConfig": "MANUAL", "id": "a5b5a94a-c06a-4979-b026-cc4b293ad123", "links": [{"href": "http://10.0.2.15:8774/v2.1/8eac3715d904489ba4595753db4f5f6d/servers/a5b5a94a-c06a-4979-b026-cc4b293ad123", "rel": "self"}, {"href": "http://10.0.2.15:8774/8eac3715d904489ba4595753db4f5f6d/servers/a5b5a94a-c06a-4979-b026-cc4b293ad123", "rel": "bookmark"}], "adminPass": "JN92bXh2F2r3"}}
2015-12-07 19:01:23,324 27606 INFO     [tempest_lib.common.rest_client] Request (TestGettingAddress:test_dhcp6_stateless_from_os): 200 GET http://10.0.2.15:8774/v2.1/8eac3715d904489ba4595753db4f5f6d/servers/a5b5a94a-c06a-4979-b026-cc4b293ad123 0.831s
2015-12-07 19:01:23,325 27606 DEBUG    [tempest_lib.common.rest_client] Request - Headers: {'Content-Type': 'application/json', 'Accept': 'application/json', 'X-Auth-Token': '&lt;omitted&gt;'}
        Body: None
    Response - Headers: {'status': '200', 'content-length': '1406', 'content-location': 'http://10.0.2.15:8774/v2.1/8eac3715d904489ba4595753db4f5f6d/servers/a5b5a94a-c06a-4979-b026-cc4b293ad123', 'x-compute-request-id': 'req-4e14738c-6d62-474e-9b90-a525ba996109', 'vary': 'X-OpenStack-Nova-API-Version', 'connection': 'close', 'x-openstack-nova-api-version': '2.1', 'date': 'Mon, 07 Dec 2015 19:01:23 GMT', 'content-type': 'application/json'}
        Body: {"server": {"status": "BUILD", "updated": "2015-12-07T19:01:22Z", "hostId": "6d4fdefea65915d56abdcfdd982eed572bb44a46648d24558b27cc27", "addresses": {}, "links": [{"href": "http://10.0.2.15:8774/v2.1/8eac3715d904489ba4595753db4f5f6d/servers/a5b5a94a-c06a-4979-b026-cc4b293ad123", "rel": "self"}, {"href": "http://10.0.2.15:8774/8eac3715d904489ba4595753db4f5f6d/servers/a5b5a94a-c06a-4979-b026-cc4b293ad123", "rel": "bookmark"}], "key_name": "tempest-TestGettingAddress-1083908170", "image": {"id": "55298613-3fd8-4451-bbc7-321d03e8c20a", "links": [{"href": "http://10.0.2.15:8774/8eac3715d904489ba4595753db4f5f6d/images/55298613-3fd8-4451-bbc7-321d03e8c20a", "rel": "bookmark"}]}, "OS-EXT-STS:task_state": null, "OS-EXT-STS:vm_state": "building", "OS-SRV-USG:launched_at": null, "flavor": {"id": "42", "links": [{"href": "http://10.0.2.15:8774/8eac3715d904489ba4595753db4f5f6d/flavors/42", "rel": "bookmark"}]}, "id": "a5b5a94a-c06a-4979-b026-cc4b293ad123", "OS-SRV-USG:terminated_at": null, "OS-EXT-AZ:availability_zone": "nova", "user_id": "047ca67478054ce5a739cc1b64b0c8fe", "name": "tempest.common.compute-instance-623896614", "created": "2015-12-07T19:01:22Z", "tenant_id": "8eac3715d904489ba4595753db4f5f6d", "OS-DCF:diskConfig": "MANUAL", "os-extended-volumes:volumes_attached": [], "accessIPv4": "", "accessIPv6": "", "progress": 0, "OS-EXT-STS:power_state": 0, "config_drive": "", "metadata": {}}}
2015-12-07 19:01:24,526 27606 INFO     [tempest_lib.common.rest_client] Request (TestGettingAddress:test_dhcp6_stateless_from_os): 200 GET http://10.0.2.15:8774/v2.1/8eac3715d904489ba4595753db4f5f6d/servers/a5b5a94a-c06a-4979-b026-cc4b293ad123 0.191s
2015-12-07 19:01:24,527 27606 DEBUG    [tempest_lib.common.rest_client] Request - Headers: {'Content-Type': 'application/json', 'Accept': 'application/json', 'X-Auth-Token': '&lt;omitted&gt;'}
        Body: None
    Response - Headers: {'status': '200', 'content-length': '1479', 'content-location': 'http://10.0.2.15:8774/v2.1/8eac3715d904489ba4595753db4f5f6d/servers/a5b5a94a-c06a-4979-b026-cc4b293ad123', 'x-compute-request-id': 'req-8fdfa22e-7ace-4802-a7bc-558e6f01a4b7', 'vary': 'X-OpenStack-Nova-API-Version', 'connection': 'close', 'x-openstack-nova-api-version': '2.1', 'date': 'Mon, 07 Dec 2015 19:01:24 GMT', 'content-type': 'application/json'}
        Body: {"server": {"status": "BUILD", "updated": "2015-12-07T19:01:23Z", "hostId": "6d4fdefea65915d56abdcfdd982eed572bb44a46648d24558b27cc27", "addresses": {}, "links": [{"href": "http://10.0.2.15:8774/v2.1/8eac3715d904489ba4595753db4f5f6d/servers/a5b5a94a-c06a-4979-b026-cc4b293ad123", "rel": "self"}, {"href": "http://10.0.2.15:8774/8eac3715d904489ba4595753db4f5f6d/servers/a5b5a94a-c06a-4979-b026-cc4b293ad123", "rel": "bookmark"}], "key_name": "tempest-TestGettingAddress-1083908170", "image": {"id": "55298613-3fd8-4451-bbc7-321d03e8c20a", "links": [{"href": "http://10.0.2.15:8774/8eac3715d904489ba4595753db4f5f6d/images/55298613-3fd8-4451-bbc7-321d03e8c20a", "rel": "bookmark"}]}, "OS-EXT-STS:task_state": "spawning", "OS-EXT-STS:vm_state": "building", "OS-SRV-USG:launched_at": null, "flavor": {"id": "42", "links": [{"href": "http://10.0.2.15:8774/8eac3715d904489ba4595753db4f5f6d/flavors/42", "rel": "bookmark"}]}, "id": "a5b5a94a-c06a-4979-b026-cc4b293ad123", "security_groups": [{"name": "tempest-secgroup-smoke-424513993"}], "OS-SRV-USG:terminated_at": null, "OS-EXT-AZ:availability_zone": "nova", "user_id": "047ca67478054ce5a739cc1b64b0c8fe", "name": "tempest.common.compute-instance-623896614", "created": "2015-12-07T19:01:22Z", "tenant_id": "8eac3715d904489ba4595753db4f5f6d", "OS-DCF:diskConfig": "MANUAL", "os-extended-volumes:volumes_attached": [], "accessIPv4": "", "accessIPv6": "", "progress": 0, "OS-EXT-STS:power_state": 0, "config_drive": "", "metadata": {}}}
2015-12-07 19:01:24,539 27606 INFO     [tempest.common.waiters] State transition "BUILD/None" ==&gt; "BUILD/spawning" after 1 second wait
2015-12-07 19:01:25,730 27606 INFO     [tempest_lib.common.rest_client] Request (TestGettingAddress:test_dhcp6_stateless_from_os): 200 GET http://10.0.2.15:8774/v2.1/8eac3715d904489ba4595753db4f5f6d/servers/a5b5a94a-c06a-4979-b026-cc4b293ad123 0.190s
2015-12-07 19:01:25,731 27606 DEBUG    [tempest_lib.common.rest_client] Request - Headers: {'Content-Type': 'application/json', 'Accept': 'application/json', 'X-Auth-Token': '&lt;omitted&gt;'}
        Body: None
    Response - Headers: {'status': '200', 'content-length': '1479', 'content-location': 'http://10.0.2.15:8774/v2.1/8eac3715d904489ba4595753db4f5f6d/servers/a5b5a94a-c06a-4979-b026-cc4b293ad123', 'x-compute-request-id': 'req-d950d6d1-5585-4891-aa49-24bcd67841b7', 'vary': 'X-OpenStack-Nova-API-Version', 'connection': 'close', 'x-openstack-nova-api-version': '2.1', 'date': 'Mon, 07 Dec 2015 19:01:25 GMT', 'content-type': 'application/json'}
        Body: {"server": {"status": "BUILD", "updated": "2015-12-07T19:01:23Z", "hostId": "6d4fdefea65915d56abdcfdd982eed572bb44a46648d24558b27cc27", "addresses": {}, "links": [{"href": "http://10.0.2.15:8774/v2.1/8eac3715d904489ba4595753db4f5f6d/servers/a5b5a94a-c06a-4979-b026-cc4b293ad123", "rel": "self"}, {"href": "http://10.0.2.15:8774/8eac3715d904489ba4595753db4f5f6d/servers/a5b5a94a-c06a-4979-b026-cc4b293ad123", "rel": "bookmark"}], "key_name": "tempest-TestGettingAddress-1083908170", "image": {"id": "55298613-3fd8-4451-bbc7-321d03e8c20a", "links": [{"href": "http://10.0.2.15:8774/8eac3715d904489ba4595753db4f5f6d/images/55298613-3fd8-4451-bbc7-321d03e8c20a", "rel": "bookmark"}]}, "OS-EXT-STS:task_state": "spawning", "OS-EXT-STS:vm_state": "building", "OS-SRV-USG:launched_at": null, "flavor": {"id": "42", "links": [{"href": "http://10.0.2.15:8774/8eac3715d904489ba4595753db4f5f6d/flavors/42", "rel": "bookmark"}]}, "id": "a5b5a94a-c06a-4979-b026-cc4b293ad123", "security_groups": [{"name": "tempest-secgroup-smoke-424513993"}], "OS-SRV-USG:terminated_at": null, "OS-EXT-AZ:availability_zone": "nova", "user_id": "047ca67478054ce5a739cc1b64b0c8fe", "name": "tempest.common.compute-instance-623896614", "created": "2015-12-07T19:01:22Z", "tenant_id": "8eac3715d904489ba4595753db4f5f6d", "OS-DCF:diskConfig": "MANUAL", "os-extended-volumes:volumes_attached": [], "accessIPv4": "", "accessIPv6": "", "progress": 0, "OS-EXT-STS:power_state": 0, "config_drive": "", "metadata": {}}}
2015-12-07 19:01:26,940 27606 INFO     [tempest_lib.common.rest_client] Request (TestGettingAddress:test_dhcp6_stateless_from_os): 200 GET http://10.0.2.15:8774/v2.1/8eac3715d904489ba4595753db4f5f6d/servers/a5b5a94a-c06a-4979-b026-cc4b293ad123 0.199s
2015-12-07 19:01:26,940 27606 DEBUG    [tempest_lib.common.rest_client] Request - Headers: {'Content-Type': 'application/json', 'Accept': 'application/json', 'X-Auth-Token': '&lt;omitted&gt;'}
        Body: None
    Response - Headers: {'status': '200', 'content-length': '1780', 'content-location': 'http://10.0.2.15:8774/v2.1/8eac3715d904489ba4595753db4f5f6d/servers/a5b5a94a-c06a-4979-b026-cc4b293ad123', 'x-compute-request-id': 'req-07877481-db65-4bb2-957a-8a102c993c56', 'vary': 'X-OpenStack-Nova-API-Version', 'connection': 'close', 'x-openstack-nova-api-version': '2.1', 'date': 'Mon, 07 Dec 2015 19:01:26 GMT', 'content-type': 'application/json'}
        Body: {"server": {"status": "ACTIVE", "updated": "2015-12-07T19:01:25Z", "hostId": "6d4fdefea65915d56abdcfdd982eed572bb44a46648d24558b27cc27", "addresses": {"tempest-network-smoke--1997013366": [{"OS-EXT-IPS-MAC:mac_addr": "fa:16:3e:77:4b:4c", "version": 6, "addr": "2003::f816:3eff:fe77:4b4c", "OS-EXT-IPS:type": "fixed"}, {"OS-EXT-IPS-MAC:mac_addr": "fa:16:3e:77:4b:4c", "version": 4, "addr": "10.100.0.3", "OS-EXT-IPS:type": "fixed"}]}, "links": [{"href": "http://10.0.2.15:8774/v2.1/8eac3715d904489ba4595753db4f5f6d/servers/a5b5a94a-c06a-4979-b026-cc4b293ad123", "rel": "self"}, {"href": "http://10.0.2.15:8774/8eac3715d904489ba4595753db4f5f6d/servers/a5b5a94a-c06a-4979-b026-cc4b293ad123", "rel": "bookmark"}], "key_name": "tempest-TestGettingAddress-1083908170", "image": {"id": "55298613-3fd8-4451-bbc7-321d03e8c20a", "links": [{"href": "http://10.0.2.15:8774/8eac3715d904489ba4595753db4f5f6d/images/55298613-3fd8-4451-bbc7-321d03e8c20a", "rel": "bookmark"}]}, "OS-EXT-STS:task_state": null, "OS-EXT-STS:vm_state": "active", "OS-SRV-USG:launched_at": "2015-12-07T19:01:25.000000", "flavor": {"id": "42", "links": [{"href": "http://10.0.2.15:8774/8eac3715d904489ba4595753db4f5f6d/flavors/42", "rel": "bookmark"}]}, "id": "a5b5a94a-c06a-4979-b026-cc4b293ad123", "security_groups": [{"name": "tempest-secgroup-smoke-424513993"}], "OS-SRV-USG:terminated_at": null, "OS-EXT-AZ:availability_zone": "nova", "user_id": "047ca67478054ce5a739cc1b64b0c8fe", "name": "tempest.common.compute-instance-623896614", "created": "2015-12-07T19:01:22Z", "tenant_id": "8eac3715d904489ba4595753db4f5f6d", "OS-DCF:diskConfig": "MANUAL", "os-extended-volumes:volumes_attached": [], "accessIPv4": "", "accessIPv6": "", "progress": 0, "OS-EXT-STS:power_state": 1, "config_drive": "True", "metadata": {}}}
2015-12-07 19:01:26,949 27606 INFO     [tempest.common.waiters] State transition "BUILD/spawning" ==&gt; "ACTIVE/None" after 3 second wait
2015-12-07 19:01:27,127 27606 INFO     [tempest_lib.common.rest_client] Request (TestGettingAddress:test_dhcp6_stateless_from_os): 200 GET http://10.0.2.15:8774/v2.1/8eac3715d904489ba4595753db4f5f6d/servers/a5b5a94a-c06a-4979-b026-cc4b293ad123 0.178s
2015-12-07 19:01:27,128 27606 DEBUG    [tempest_lib.common.rest_client] Request - Headers: {'Content-Type': 'application/json', 'Accept': 'application/json', 'X-Auth-Token': '&lt;omitted&gt;'}
        Body: None
    Response - Headers: {'status': '200', 'content-length': '1780', 'content-location': 'http://10.0.2.15:8774/v2.1/8eac3715d904489ba4595753db4f5f6d/servers/a5b5a94a-c06a-4979-b026-cc4b293ad123', 'x-compute-request-id': 'req-ffaadb16-4bd5-4b3a-a7a9-2bbb7839a99a', 'vary': 'X-OpenStack-Nova-API-Version', 'connection': 'close', 'x-openstack-nova-api-version': '2.1', 'date': 'Mon, 07 Dec 2015 19:01:27 GMT', 'content-type': 'application/json'}
        Body: {"server": {"status": "ACTIVE", "updated": "2015-12-07T19:01:25Z", "hostId": "6d4fdefea65915d56abdcfdd982eed572bb44a46648d24558b27cc27", "addresses": {"tempest-network-smoke--1997013366": [{"OS-EXT-IPS-MAC:mac_addr": "fa:16:3e:77:4b:4c", "version": 6, "addr": "2003::f816:3eff:fe77:4b4c", "OS-EXT-IPS:type": "fixed"}, {"OS-EXT-IPS-MAC:mac_addr": "fa:16:3e:77:4b:4c", "version": 4, "addr": "10.100.0.3", "OS-EXT-IPS:type": "fixed"}]}, "links": [{"href": "http://10.0.2.15:8774/v2.1/8eac3715d904489ba4595753db4f5f6d/servers/a5b5a94a-c06a-4979-b026-cc4b293ad123", "rel": "self"}, {"href": "http://10.0.2.15:8774/8eac3715d904489ba4595753db4f5f6d/servers/a5b5a94a-c06a-4979-b026-cc4b293ad123", "rel": "bookmark"}], "key_name": "tempest-TestGettingAddress-1083908170", "image": {"id": "55298613-3fd8-4451-bbc7-321d03e8c20a", "links": [{"href": "http://10.0.2.15:8774/8eac3715d904489ba4595753db4f5f6d/images/55298613-3fd8-4451-bbc7-321d03e8c20a", "rel": "bookmark"}]}, "OS-EXT-STS:task_state": null, "OS-EXT-STS:vm_state": "active", "OS-SRV-USG:launched_at": "2015-12-07T19:01:25.000000", "flavor": {"id": "42", "links": [{"href": "http://10.0.2.15:8774/8eac3715d904489ba4595753db4f5f6d/flavors/42", "rel": "bookmark"}]}, "id": "a5b5a94a-c06a-4979-b026-cc4b293ad123", "security_groups": [{"name": "tempest-secgroup-smoke-424513993"}], "OS-SRV-USG:terminated_at": null, "OS-EXT-AZ:availability_zone": "nova", "user_id": "047ca67478054ce5a739cc1b64b0c8fe", "name": "tempest.common.compute-instance-623896614", "created": "2015-12-07T19:01:22Z", "tenant_id": "8eac3715d904489ba4595753db4f5f6d", "OS-DCF:diskConfig": "MANUAL", "os-extended-volumes:volumes_attached": [], "accessIPv4": "", "accessIPv6": "", "progress": 0, "OS-EXT-STS:power_state": 1, "config_drive": "True", "metadata": {}}}
2015-12-07 19:01:27,268 27606 INFO     [tempest_lib.common.rest_client] Request (TestGettingAddress:test_dhcp6_stateless_from_os): 200 GET http://10.0.2.15:9696/v2.0/ports?status=ACTIVE&amp;fixed_ip=None&amp;device_id=a5b5a94a-c06a-4979-b026-cc4b293ad123 0.131s
2015-12-07 19:01:27,268 27606 DEBUG    [tempest_lib.common.rest_client] Request - Headers: {'Content-Type': 'application/json', 'Accept': 'application/json', 'X-Auth-Token': '&lt;omitted&gt;'}
        Body: None
    Response - Headers: {'status': '200', 'content-length': '1142', 'content-location': 'http://10.0.2.15:9696/v2.0/ports?status=ACTIVE&amp;fixed_ip=None&amp;device_id=a5b5a94a-c06a-4979-b026-cc4b293ad123', 'connection': 'close', 'date': 'Mon, 07 Dec 2015 19:01:27 GMT', 'content-type': 'application/json; charset=UTF-8', 'x-openstack-request-id': 'req-1f809e2e-bcc4-48b8-bb30-51340946de49'}
        Body: {"ports": [{"status": "ACTIVE", "binding:host_id": "vagrant-ubuntu-trusty-64", "allowed_address_pairs": [], "extra_dhcp_opts": [], "dns_assignment": [{"hostname": "host-10-100-0-3", "ip_address": "10.100.0.3", "fqdn": "host-10-100-0-3.openstacklocal."}, {"hostname": "host-2003--f816-3eff-fe77-4b4c", "ip_address": "2003::f816:3eff:fe77:4b4c", "fqdn": "host-2003--f816-3eff-fe77-4b4c.openstacklocal."}], "device_owner": "compute:None", "port_security_enabled": true, "binding:profile": {}, "fixed_ips": [{"subnet_id": "fb1cb898-d1d6-4cb1-b547-610f147b53ee", "ip_address": "10.100.0.3"}, {"subnet_id": "23aa0da7-d367-4515-a45a-d4c877aaabf6", "ip_address": "2003::f816:3eff:fe77:4b4c"}], "id": "99cb8e2a-8435-4214-8b85-cd63c4e5a9f0", "security_groups": ["f6a12606-9d4a-4d75-9e9f-636ba7c71b51"], "device_id": "a5b5a94a-c06a-4979-b026-cc4b293ad123", "name": "", "admin_state_up": true, "network_id": "deaddec1-2796-4f0c-b4f2-d79956d09db6", "dns_name": "", "binding:vif_details": {"port_filter": true}, "binding:vnic_type": "normal", "binding:vif_type": "ovs", "tenant_id": "8eac3715d904489ba4595753db4f5f6d", "mac_address": "fa:16:3e:77:4b:4c"}]}
2015-12-07 19:01:27,745 27606 INFO     [tempest_lib.common.rest_client] Request (TestGettingAddress:test_dhcp6_stateless_from_os): 201 POST http://10.0.2.15:9696/v2.0/floatingips 0.476s
2015-12-07 19:01:27,746 27606 DEBUG    [tempest_lib.common.rest_client] Request - Headers: {'Content-Type': 'application/json', 'Accept': 'application/json', 'X-Auth-Token': '&lt;omitted&gt;'}
        Body: {"floatingip": {"floating_network_id": "02da2c6b-220e-4f32-9d32-d1f9ccb8bc38", "tenant_id": "8eac3715d904489ba4595753db4f5f6d", "fixed_ip_address": "10.100.0.3", "port_id": "99cb8e2a-8435-4214-8b85-cd63c4e5a9f0"}}
    Response - Headers: {'status': '201', 'content-length': '367', 'connection': 'close', 'date': 'Mon, 07 Dec 2015 19:01:27 GMT', 'content-type': 'application/json; charset=UTF-8', 'x-openstack-request-id': 'req-1e6ef9af-3f24-44d4-a562-22fa7a0e1708'}
        Body: {"floatingip": {"floating_network_id": "02da2c6b-220e-4f32-9d32-d1f9ccb8bc38", "router_id": "fa676225-bc2a-435c-b675-938b8c33b0bc", "fixed_ip_address": "10.100.0.3", "floating_ip_address": "172.24.4.4", "tenant_id": "8eac3715d904489ba4595753db4f5f6d", "status": "DOWN", "port_id": "99cb8e2a-8435-4214-8b85-cd63c4e5a9f0", "id": "1b50133d-ac99-4f06-9482-e164f68adab4"}}
2015-12-07 19:01:27,746 27606 INFO     [tempest_lib.common.ssh] Creating ssh connection to '172.24.4.4' as 'cirros' with public key authentication
2015-12-07 19:01:31,708 27606 WARNING  [tempest_lib.common.ssh] Failed to establish authenticated ssh connection to cirros@172.24.4.4 ([Errno None] Unable to connect to port 22 on  or 172.24.4.4). Number attempts: 1. Retry after 2 seconds.
2015-12-07 19:01:37,212 27606 WARNING  [tempest_lib.common.ssh] Failed to establish authenticated ssh connection to cirros@172.24.4.4 ([Errno None] Unable to connect to port 22 on  or 172.24.4.4). Number attempts: 2. Retry after 3 seconds.
2015-12-07 19:01:43,716 27606 WARNING  [tempest_lib.common.ssh] Failed to establish authenticated ssh connection to cirros@172.24.4.4 ([Errno None] Unable to connect to port 22 on  or 172.24.4.4). Number attempts: 3. Retry after 4 seconds.
2015-12-07 19:01:51,225 27606 WARNING  [tempest_lib.common.ssh] Failed to establish authenticated ssh connection to cirros@172.24.4.4 ([Errno None] Unable to connect to port 22 on  or 172.24.4.4). Number attempts: 4. Retry after 5 seconds.
2015-12-07 19:01:59,736 27606 WARNING  [tempest_lib.common.ssh] Failed to establish authenticated ssh connection to cirros@172.24.4.4 ([Errno None] Unable to connect to port 22 on  or 172.24.4.4). Number attempts: 5. Retry after 6 seconds.
2015-12-07 19:02:09,236 27606 WARNING  [tempest_lib.common.ssh] Failed to establish authenticated ssh connection to cirros@172.24.4.4 ([Errno None] Unable to connect to port 22 on  or 172.24.4.4). Number attempts: 6. Retry after 7 seconds.
2015-12-07 19:02:19,742 27606 WARNING  [tempest_lib.common.ssh] Failed to establish authenticated ssh connection to cirros@172.24.4.4 ([Errno None] Unable to connect to port 22 on  or 172.24.4.4). Number attempts: 7. Retry after 8 seconds.
2015-12-07 19:02:31,252 27606 WARNING  [tempest_lib.common.ssh] Failed to establish authenticated ssh connection to cirros@172.24.4.4 ([Errno None] Unable to connect to port 22 on  or 172.24.4.4). Number attempts: 8. Retry after 9 seconds.
2015-12-07 19:02:43,764 27606 WARNING  [tempest_lib.common.ssh] Failed to establish authenticated ssh connection to cirros@172.24.4.4 ([Errno None] Unable to connect to port 22 on  or 172.24.4.4). Number attempts: 9. Retry after 10 seconds.
2015-12-07 19:02:57,278 27606 WARNING  [tempest_lib.common.ssh] Failed to establish authenticated ssh connection to cirros@172.24.4.4 ([Errno None] Unable to connect to port 22 on  or 172.24.4.4). Number attempts: 10. Retry after 11 seconds.
2015-12-07 19:03:11,793 27606 WARNING  [tempest_lib.common.ssh] Failed to establish authenticated ssh connection to cirros@172.24.4.4 ([Errno None] Unable to connect to port 22 on  or 172.24.4.4). Number attempts: 11. Retry after 12 seconds.
2015-12-07 19:03:27,304 27606 WARNING  [tempest_lib.common.ssh] Failed to establish authenticated ssh connection to cirros@172.24.4.4 ([Errno None] Unable to connect to port 22 on  or 172.24.4.4). Number attempts: 12. Retry after 13 seconds.
2015-12-07 19:03:43,816 27606 WARNING  [tempest_lib.common.ssh] Failed to establish authenticated ssh connection to cirros@172.24.4.4 ([Errno None] Unable to connect to port 22 on  or 172.24.4.4). Number attempts: 13. Retry after 14 seconds.
2015-12-07 19:04:01,332 27606 WARNING  [tempest_lib.common.ssh] Failed to establish authenticated ssh connection to cirros@172.24.4.4 ([Errno None] Unable to connect to port 22 on  or 172.24.4.4). Number attempts: 14. Retry after 15 seconds.
2015-12-07 19:04:19,848 27606 WARNING  [tempest_lib.common.ssh] Failed to establish authenticated ssh connection to cirros@172.24.4.4 ([Errno None] Unable to connect to port 22 on  or 172.24.4.4). Number attempts: 15. Retry after 16 seconds.
2015-12-07 19:04:39,368 27606 WARNING  [tempest_lib.common.ssh] Failed to establish authenticated ssh connection to cirros@172.24.4.4 ([Errno None] Unable to connect to port 22 on  or 172.24.4.4). Number attempts: 16. Retry after 17 seconds.
2015-12-07 19:04:59,876 27606 ERROR    [tempest_lib.common.ssh] Failed to establish authenticated ssh connection to cirros@172.24.4.4 after 16 attempts
2015-12-07 19:04:59.876 27606 ERROR tempest_lib.common.ssh Traceback (most recent call last):
2015-12-07 19:04:59.876 27606 ERROR tempest_lib.common.ssh   File "/usr/local/lib/python2.7/dist-packages/tempest_lib/common/ssh.py", line 75, in _get_ssh_connection
2015-12-07 19:04:59.876 27606 ERROR tempest_lib.common.ssh     timeout=self.channel_timeout, pkey=self.pkey)
2015-12-07 19:04:59.876 27606 ERROR tempest_lib.common.ssh   File "/usr/local/lib/python2.7/dist-packages/paramiko/client.py", line 311, in connect
2015-12-07 19:04:59.876 27606 ERROR tempest_lib.common.ssh     raise NoValidConnectionsError(errors)
2015-12-07 19:04:59.876 27606 ERROR tempest_lib.common.ssh NoValidConnectionsError: [Errno None] Unable to connect to port 22 on  or 172.24.4.4
2015-12-07 19:04:59.876 27606 ERROR tempest_lib.common.ssh 
2015-12-07 19:04:59,878 27606 ERROR    [tempest.scenario.manager] (TestGettingAddress:test_dhcp6_stateless_from_os) Initializing SSH connection to 172.24.4.4 failed. Error: Connection to the 172.24.4.4 via SSH timed out.
User: cirros, Password: None
2015-12-07 19:04:59.878 27606 ERROR tempest.scenario.manager Traceback (most recent call last):
2015-12-07 19:04:59.878 27606 ERROR tempest.scenario.manager   File "tempest/scenario/manager.py", line 383, in get_remote_client
2015-12-07 19:04:59.878 27606 ERROR tempest.scenario.manager     linux_client.validate_authentication()
2015-12-07 19:04:59.878 27606 ERROR tempest.scenario.manager   File "tempest/common/utils/linux/remote_client.py", line 63, in validate_authentication
2015-12-07 19:04:59.878 27606 ERROR tempest.scenario.manager     self.ssh_client.test_connection_auth()
2015-12-07 19:04:59.878 27606 ERROR tempest.scenario.manager   File "/usr/local/lib/python2.7/dist-packages/tempest_lib/common/ssh.py", line 167, in test_connection_auth
2015-12-07 19:04:59.878 27606 ERROR tempest.scenario.manager     connection = self._get_ssh_connection()
2015-12-07 19:04:59.878 27606 ERROR tempest.scenario.manager   File "/usr/local/lib/python2.7/dist-packages/tempest_lib/common/ssh.py", line 87, in _get_ssh_connection
2015-12-07 19:04:59.878 27606 ERROR tempest.scenario.manager     password=self.password)
2015-12-07 19:04:59.878 27606 ERROR tempest.scenario.manager SSHTimeout: Connection to the 172.24.4.4 via SSH timed out.
2015-12-07 19:04:59.878 27606 ERROR tempest.scenario.manager User: cirros, Password: None
2015-12-07 19:04:59.878 27606 ERROR tempest.scenario.manager 
2015-12-07 19:04:59,965 27606 INFO     [tempest_lib.common.rest_client] Request (TestGettingAddress:test_dhcp6_stateless_from_os): 200 GET http://10.0.2.15:8774/v2.1/8eac3715d904489ba4595753db4f5f6d/servers 0.084s
2015-12-07 19:04:59,965 27606 DEBUG    [tempest_lib.common.rest_client] Request - Headers: {'Content-Type': 'application/json', 'Accept': 'application/json', 'X-Auth-Token': '&lt;omitted&gt;'}
        Body: None
    Response - Headers: {'status': '200', 'content-length': '390', 'content-location': 'http://10.0.2.15:8774/v2.1/8eac3715d904489ba4595753db4f5f6d/servers', 'x-compute-request-id': 'req-3d427acf-e0b5-49a5-9764-930f5dd389cc', 'vary': 'X-OpenStack-Nova-API-Version', 'connection': 'close', 'x-openstack-nova-api-version': '2.1', 'date': 'Mon, 07 Dec 2015 19:04:59 GMT', 'content-type': 'application/json'}
        Body: {"servers": [{"id": "a5b5a94a-c06a-4979-b026-cc4b293ad123", "links": [{"href": "http://10.0.2.15:8774/v2.1/8eac3715d904489ba4595753db4f5f6d/servers/a5b5a94a-c06a-4979-b026-cc4b293ad123", "rel": "self"}, {"href": "http://10.0.2.15:8774/8eac3715d904489ba4595753db4f5f6d/servers/a5b5a94a-c06a-4979-b026-cc4b293ad123", "rel": "bookmark"}], "name": "tempest.common.compute-instance-623896614"}]}
2015-12-07 19:05:00,176 27606 INFO     [tempest_lib.common.rest_client] Request (TestGettingAddress:test_dhcp6_stateless_from_os): 200 POST http://10.0.2.15:8774/v2.1/8eac3715d904489ba4595753db4f5f6d/servers/a5b5a94a-c06a-4979-b026-cc4b293ad123/action 0.205s
2015-12-07 19:05:00,177 27606 DEBUG    [tempest_lib.common.rest_client] Request - Headers: {'Content-Type': 'application/json', 'Accept': 'application/json', 'X-Auth-Token': '&lt;omitted&gt;'}
        Body: {"os-getConsoleOutput": {}}
    Response - Headers: {'status': '200', 'content-length': '24565', 'x-compute-request-id': 'req-48880f78-87a0-4fac-8228-9b27c33092bb', 'vary': 'X-OpenStack-Nova-API-Version', 'connection': 'close', 'x-openstack-nova-api-version': '2.1', 'date': 'Mon, 07 Dec 2015 19:05:00 GMT', 'content-type': 'application/json'}
        Body: {"output": "[    0.000000] Initializing cgroup subsys cpuset\n[    0.000000] Initializing cgroup subsys cpu\n[    0.000000] Linux version 3.2.0-80-virtual (buildd@batsu) (gcc version 4.6.3 (Ubuntu/Linaro 4.6.3-1ubuntu5) ) #116-Ubuntu SMP Mon Mar 23 17:28:52 UTC 2015 (Ubuntu 3.2.0-80.116-virtual 3.2.68)\n[    0.000000] Command line: root=/dev/vda console=tty0 console=ttyS0 no_timer_check\n[    0.000000] KERNEL supported cpus:\n[    0.000000]   Intel GenuineIntel\n[    0.000000]   AMD AuthenticAMD\n[    0.000000]   Centaur CentaurHauls\n[    0.000000] BIOS-provided physical RAM map:\n[    0.000000]  BIOS-e820: 0000000000000000 - 000000000009fc00 (usable)\n[    0.000000]  BIOS-e820: 000000000009fc00 - 00000000000a0000 (reserved)\n[    0.000000]  BIOS-e820: 00000000000f0000 - 0000000000100000 (reserved)\n[    0.000000]  BIOS-e820: 0000000000100000 - 0000000003ffe000 (usable)\n[    0.000000]  BIOS-e820: 0000000003ffe000 - 0000000004000000 (reserved)\n[    0.000000]  BIOS-e820: 00000000fffc0000 - 0000000100000000 (reserved)\n[    0.000000] NX (Execute Disable) protection: active\n[    0.000000] SMBIOS 2.4 present.\n[    0.000000] No AGP bridge found\n[    0.000000] last_pfn = 0x3ffe max_arch_pfn = 0x400000000\n[    0.000000] x86 PAT enabled: cpu 0, old 0x7040600070406, new 0x7010600070106\n[    0.000000] found SMP MP-table at [ffff8800000f0b00] f0b00\n[    0.000000] init_memory_mapping: 0000000000000000-0000000003ffe000\n[    0.000000] RAMDISK: 03c5e000 - 03ff0000\n[    0.000000] ACPI: RSDP 00000000000f0950 00014 (v00 BOCHS )\n[    0.000000] ACPI: RSDT 0000000003fffbc1 00034 (v01 BOCHS  BXPCRSDT 00000001 BXPC 00000001)\n[    0.000000] ACPI: FACP 0000000003fff1c0 00074 (v01 BOCHS  BXPCFACP 00000001 BXPC 00000001)\n[    0.000000] ACPI: DSDT 0000000003ffe040 01180 (v01 BOCHS  BXPCDSDT 00000001 BXPC 00000001)\n[    0.000000] ACPI: FACS 0000000003ffe000 00040\n[    0.000000] ACPI: SSDT 0000000003fff234 008DD (v01 BOCHS  BXPCSSDT 00000001 BXPC 00000001)\n[    0.000000] ACPI: APIC 0000000003fffb11 00078 (v01 BOCHS  BXPCAPIC 00000001 BXPC 00000001)\n[    0.000000] ACPI: HPET 0000000003fffb89 00038 (v01 BOCHS  BXPCHPET 00000001 BXPC 00000001)\n[    0.000000] No NUMA configuration found\n[    0.000000] Faking a node at 0000000000000000-0000000003ffe000\n[    0.000000] Initmem setup node 0 0000000000000000-0000000003ffe000\n[    0.000000]   NODE_DATA [0000000003ff6000 - 0000000003ffafff]\n[    0.000000] Zone PFN ranges:\n[    0.000000]   DMA      0x00000010 -&gt; 0x00001000\n[    0.000000]   DMA32    0x00001000 -&gt; 0x00100000\n[    0.000000]   Normal   empty\n[    0.000000] Movable zone start PFN for each node\n[    0.000000] early_node_map[2] active PFN ranges\n[    0.000000]     0: 0x00000010 -&gt; 0x0000009f\n[    0.000000]     0: 0x00000100 -&gt; 0x00003ffe\n[    0.000000] ACPI: PM-Timer IO Port: 0xb008\n[    0.000000] ACPI: LAPIC (acpi_id[0x00] lapic_id[0x00] enabled)\n[    0.000000] ACPI: LAPIC_NMI (acpi_id[0xff] dfl dfl lint[0x1])\n[    0.000000] ACPI: IOAPIC (id[0x00] address[0xfec00000] gsi_base[0])\n[    0.000000] IOAPIC[0]: apic_id 0, version 17, address 0xfec00000, GSI 0-23\n[    0.000000] ACPI: INT_SRC_OVR (bus 0 bus_irq 0 global_irq 2 dfl dfl)\n[    0.000000] ACPI: INT_SRC_OVR (bus 0 bus_irq 5 global_irq 5 high level)\n[    0.000000] ACPI: INT_SRC_OVR (bus 0 bus_irq 9 global_irq 9 high level)\n[    0.000000] ACPI: INT_SRC_OVR (bus 0 bus_irq 10 global_irq 10 high level)\n[    0.000000] ACPI: INT_SRC_OVR (bus 0 bus_irq 11 global_irq 11 high level)\n[    0.000000] Using ACPI (MADT) for SMP configuration information\n[    0.000000] ACPI: HPET id: 0x8086a201 base: 0xfed00000\n[    0.000000] SMP: Allowing 1 CPUs, 0 hotplug CPUs\n[    0.000000] PM: Registered nosave memory: 000000000009f000 - 00000000000a0000\n[    0.000000] PM: Registered nosave memory: 00000000000a0000 - 00000000000f0000\n[    0.000000] PM: Registered nosave memory: 00000000000f0000 - 0000000000100000\n[    0.000000] Allocating PCI resources starting at 4000000 (gap: 4000000:fbfc0000)\n[    0.000000] Booting paravirtualized kernel on bare hardware\n[    0.000000] setup_pe
2015-12-07 19:05:00,180 27606 DEBUG    [tempest.scenario.manager] Console output for a5b5a94a-c06a-4979-b026-cc4b293ad123
body=
[    0.000000] Initializing cgroup subsys cpuset
[    0.000000] Initializing cgroup subsys cpu
[    0.000000] Linux version 3.2.0-80-virtual (buildd@batsu) (gcc version 4.6.3 (Ubuntu/Linaro 4.6.3-1ubuntu5) ) #116-Ubuntu SMP Mon Mar 23 17:28:52 UTC 2015 (Ubuntu 3.2.0-80.116-virtual 3.2.68)
[    0.000000] Command line: root=/dev/vda console=tty0 console=ttyS0 no_timer_check
[    0.000000] KERNEL supported cpus:
[    0.000000]   Intel GenuineIntel
[    0.000000]   AMD AuthenticAMD
[    0.000000]   Centaur CentaurHauls
[    0.000000] BIOS-provided physical RAM map:
[    0.000000]  BIOS-e820: 0000000000000000 - 000000000009fc00 (usable)
[    0.000000]  BIOS-e820: 000000000009fc00 - 00000000000a0000 (reserved)
[    0.000000]  BIOS-e820: 00000000000f0000 - 0000000000100000 (reserved)
[    0.000000]  BIOS-e820: 0000000000100000 - 0000000003ffe000 (usable)
[    0.000000]  BIOS-e820: 0000000003ffe000 - 0000000004000000 (reserved)
[    0.000000]  BIOS-e820: 00000000fffc0000 - 0000000100000000 (reserved)
[    0.000000] NX (Execute Disable) protection: active
[    0.000000] SMBIOS 2.4 present.
[    0.000000] No AGP bridge found
[    0.000000] last_pfn = 0x3ffe max_arch_pfn = 0x400000000
[    0.000000] x86 PAT enabled: cpu 0, old 0x7040600070406, new 0x7010600070106
[    0.000000] found SMP MP-table at [ffff8800000f0b00] f0b00
[    0.000000] init_memory_mapping: 0000000000000000-0000000003ffe000
[    0.000000] RAMDISK: 03c5e000 - 03ff0000
[    0.000000] ACPI: RSDP 00000000000f0950 00014 (v00 BOCHS )
[    0.000000] ACPI: RSDT 0000000003fffbc1 00034 (v01 BOCHS  BXPCRSDT 00000001 BXPC 00000001)
[    0.000000] ACPI: FACP 0000000003fff1c0 00074 (v01 BOCHS  BXPCFACP 00000001 BXPC 00000001)
[    0.000000] ACPI: DSDT 0000000003ffe040 01180 (v01 BOCHS  BXPCDSDT 00000001 BXPC 00000001)
[    0.000000] ACPI: FACS 0000000003ffe000 00040
[    0.000000] ACPI: SSDT 0000000003fff234 008DD (v01 BOCHS  BXPCSSDT 00000001 BXPC 00000001)
[    0.000000] ACPI: APIC 0000000003fffb11 00078 (v01 BOCHS  BXPCAPIC 00000001 BXPC 00000001)
[    0.000000] ACPI: HPET 0000000003fffb89 00038 (v01 BOCHS  BXPCHPET 00000001 BXPC 00000001)
[    0.000000] No NUMA configuration found
[    0.000000] Faking a node at 0000000000000000-0000000003ffe000
[    0.000000] Initmem setup node 0 0000000000000000-0000000003ffe000
[    0.000000]   NODE_DATA [0000000003ff6000 - 0000000003ffafff]
[    0.000000] Zone PFN ranges:
[    0.000000]   DMA      0x00000010 -&gt; 0x00001000
[    0.000000]   DMA32    0x00001000 -&gt; 0x00100000
[    0.000000]   Normal   empty
[    0.000000] Movable zone start PFN for each node
[    0.000000] early_node_map[2] active PFN ranges
[    0.000000]     0: 0x00000010 -&gt; 0x0000009f
[    0.000000]     0: 0x00000100 -&gt; 0x00003ffe
[    0.000000] ACPI: PM-Timer IO Port: 0xb008
[    0.000000] ACPI: LAPIC (acpi_id[0x00] lapic_id[0x00] enabled)
[    0.000000] ACPI: LAPIC_NMI (acpi_id[0xff] dfl dfl lint[0x1])
[    0.000000] ACPI: IOAPIC (id[0x00] address[0xfec00000] gsi_base[0])
[    0.000000] IOAPIC[0]: apic_id 0, version 17, address 0xfec00000, GSI 0-23
[    0.000000] ACPI: INT_SRC_OVR (bus 0 bus_irq 0 global_irq 2 dfl dfl)
[    0.000000] ACPI: INT_SRC_OVR (bus 0 bus_irq 5 global_irq 5 high level)
[    0.000000] ACPI: INT_SRC_OVR (bus 0 bus_irq 9 global_irq 9 high level)
[    0.000000] ACPI: INT_SRC_OVR (bus 0 bus_irq 10 global_irq 10 high level)
[    0.000000] ACPI: INT_SRC_OVR (bus 0 bus_irq 11 global_irq 11 high level)
[    0.000000] Using ACPI (MADT) for SMP configuration information
[    0.000000] ACPI: HPET id: 0x8086a201 base: 0xfed00000
[    0.000000] SMP: Allowing 1 CPUs, 0 hotplug CPUs
[    0.000000] PM: Registered nosave memory: 000000000009f000 - 00000000000a0000
[    0.000000] PM: Registered nosave memory: 00000000000a0000 - 00000000000f0000
[    0.000000] PM: Registered nosave memory: 00000000000f0000 - 0000000000100000
[    0.000000] Allocating PCI resources starting at 4000000 (gap: 4000000:fbfc0000)
[    0.000000] Booting paravirtualized kernel on bare hardware
[    0.000000] setup_percpu: NR_CPUS:64 nr_cpumask_bits:64 nr_cpu_ids:1 nr_node_ids:1
[    0.000000] PERCPU: Embedded 27 pages/cpu @ffff880003a00000 s78848 r8192 d23552 u2097152
[    0.000000] Built 1 zonelists in Node order, mobility grouping on.  Total pages: 16008
[    0.000000] Policy zone: DMA32
[    0.000000] Kernel command line: root=/dev/vda console=tty0 console=ttyS0 no_timer_check
[    0.000000] PID hash table entries: 256 (order: -1, 2048 bytes)
[    0.000000] Checking aperture...
[    0.000000] No AGP bridge found
[    0.000000] Memory: 43492k/65528k available (6576k kernel code, 452k absent, 21584k reserved, 6620k data, 928k init)
[    0.000000] SLUB: Genslabs=15, HWalign=64, Order=0-3, MinObjects=0, CPUs=1, Nodes=1
[    0.000000] Hierarchical RCU implementation.
[    0.000000] 	RCU dyntick-idle grace-period acceleration is enabled.
[    0.000000] NR_IRQS:4352 nr_irqs:256 16
[    0.000000] Console: colour VGA+ 80x25
[    0.000000] console [tty0] enabled
[    0.000000] console [ttyS0] enabled
[    0.000000] allocated 1048576 bytes of page_cgroup
[    0.000000] please try 'cgroup_disable=memory' option if you don't want memory cgroups
[    0.000000] Fast TSC calibration failed
[    0.000000] TSC: Unable to calibrate against PIT
[    0.000000] TSC: using HPET reference calibration
[    0.000000] Detected 2293.792 MHz processor.
[    0.028800] Calibrating delay loop (skipped), value calculated using timer frequency.. 4587.58 BogoMIPS (lpj=9175168)
[    0.030759] pid_max: default: 32768 minimum: 301
[    0.041501] Security Framework initialized
[    0.046619] AppArmor: AppArmor initialized
[    0.047263] Yama: becoming mindful.
[    0.053492] Dentry cache hash table entries: 8192 (order: 4, 65536 bytes)
[    0.054820] Inode-cache hash table entries: 4096 (order: 3, 32768 bytes)
[    0.056692] Mount-cache hash table entries: 256
[    0.072779] Initializing cgroup subsys cpuacct
[    0.073761] Initializing cgroup subsys memory
[    0.074643] Initializing cgroup subsys devices
[    0.075344] Initializing cgroup subsys freezer
[    0.076148] Initializing cgroup subsys blkio
[    0.076840] Initializing cgroup subsys perf_event
[    0.082113] mce: CPU supports 10 MCE banks
[    0.085148] SMP alternatives: switching to UP code
[    0.460504] Freeing SMP alternatives: 24k freed
[    0.462177] ACPI: Core revision 20110623
[    0.508436] ftrace: allocating 26610 entries in 105 pages
[    0.538730] ..TIMER: vector=0x30 apic1=0 pin1=2 apic2=-1 pin2=-1
[    0.540834] CPU0: AMD QEMU Virtual CPU version 2.0.0 stepping 03
[    0.544033] Performance Events: Broken PMU hardware detected, using software events only.
[    0.556423] NMI watchdog disabled (cpu0): hardware events not enabled
[    0.558354] Brought up 1 CPUs
[    0.559078] Total of 1 processors activated (4587.58 BogoMIPS).
[    0.587163] devtmpfs: initialized
[    0.620412] EVM: security.selinux
[    0.620936] EVM: security.SMACK64
[    0.621339] EVM: security.capability
[    0.645729] print_constraints: dummy: 
[    0.648234] RTC time: 19:01:29, date: 12/07/15
[    0.650493] NET: Registered protocol family 16
[    0.658523] ACPI: bus type pci registered
[    0.662244] PCI: Using configuration type 1 for base access
[    0.696508] bio: create slab &lt;bio-0&gt; at 0
[    0.704570] ACPI: Added _OSI(Module Device)
[    0.705758] ACPI: Added _OSI(Processor Device)
[    0.708130] ACPI: Added _OSI(3.0 _SCP Extensions)
[    0.709448] ACPI: Added _OSI(Processor Aggregator Device)
[    0.786717] ACPI: Interpreter enabled
[    0.787526] ACPI: (supports S0 S3 S4 S5)
[    0.790038] ACPI: Using IOAPIC for interrupt routing
[    0.863012] ACPI: No dock devices found.
[    0.864240] HEST: Table not found.
[    0.865099] PCI: Using host bridge windows from ACPI; if necessary, use "pci=nocrs" and report a bug
[    0.873459] ACPI: PCI Root Bridge [PCI0] (domain 0000 [bus 00-ff])
[    0.879093] pci_root PNP0A03:00: host bridge window [io  0x0000-0x0cf7]
[    0.880155] pci_root PNP0A03:00: host bridge window [io  0x0d00-0xadff]
[    0.880968] pci_root PNP0A03:00: host bridge window [io  0xae0f-0xaeff]
[    0.881905] pci_root PNP0A03:00: host bridge window [io  0xaf20-0xafdf]
[    0.882714] pci_root PNP0A03:00: host bridge window [io  0xafe4-0xffff]
[    0.884179] pci_root PNP0A03:00: host bridge window [mem 0x000a0000-0x000bffff]
[    0.885068] pci_root PNP0A03:00: host bridge window [mem 0x04000000-0xfebfffff]
[    0.908797] pci 0000:00:01.3: quirk: [io  0xb000-0xb03f] claimed by PIIX4 ACPI
[    0.909771] pci 0000:00:01.3: quirk: [io  0xb100-0xb10f] claimed by PIIX4 SMB
[    0.973217]  pci0000:00: Unable to request _OSC control (_OSC support mask: 0x1e)
[    1.029558] ACPI: PCI Interrupt Link [LNKA] (IRQs 5 *10 11)
[    1.033102] ACPI: PCI Interrupt Link [LNKB] (IRQs 5 *10 11)
[    1.034769] ACPI: PCI Interrupt Link [LNKC] (IRQs 5 10 *11)
[    1.037259] ACPI: PCI Interrupt Link [LNKD] (IRQs 5 10 *11)
[    1.038837] ACPI: PCI Interrupt Link [LNKS] (IRQs *9)
[    1.046765] vgaarb: device added: PCI:0000:00:02.0,decodes=io+mem,owns=io+mem,locks=none
[    1.048191] vgaarb: loaded
[    1.048613] vgaarb: bridge control possible 0000:00:02.0
[    1.053894] i2c-core: driver [aat2870] using legacy suspend method
[    1.054609] i2c-core: driver [aat2870] using legacy resume method
[    1.057847] SCSI subsystem initialized
[    1.061167] usbcore: registered new interface driver usbfs
[    1.062277] usbcore: registered new interface driver hub
[    1.063427] usbcore: registered new device driver usb
[    1.066320] PCI: Using ACPI for IRQ routing
[    1.078181] NetLabel: Initializing
[    1.078612] NetLabel:  domain hash size = 128
[    1.079130] NetLabel:  protocols = UNLABELED CIPSOv4
[    1.081375] NetLabel:  unlabeled traffic allowed by default
[    1.084757] HPET: 3 timers in total, 0 timers will be used for per-cpu timer
[    1.085793] hpet0: at MMIO 0xfed00000, IRQs 2, 8, 0
[    1.086596] hpet0: 3 comparators, 64-bit 100.000000 MHz counter
[    1.093831] Switching to clocksource hpet
[    1.312091] AppArmor: AppArmor Filesystem Enabled
[    1.314566] pnp: PnP ACPI init
[    1.315150] ACPI: bus type pnp registered
[    1.335471] pnp: PnP ACPI: found 9 devices
[    1.336323] ACPI: ACPI bus type pnp unregistered
[    1.390282] NET: Registered protocol family 2
[    1.434981] IP route cache hash table entries: 512 (order: 0, 4096 bytes)
[    1.443479] TCP established hash table entries: 2048 (order: 3, 32768 bytes)
[    1.445811] TCP bind hash table entries: 2048 (order: 3, 32768 bytes)
[    1.446667] TCP: Hash tables configured (established 2048 bind 2048)
[    1.447454] TCP reno registered
[    1.448103] UDP hash table entries: 128 (order: 0, 4096 bytes)
[    1.449635] UDP-Lite hash table entries: 128 (order: 0, 4096 bytes)
[    1.453238] NET: Registered protocol family 1
[    1.454152] pci 0000:00:00.0: Limiting direct PCI/PCI transfers
[    1.454860] pci 0000:00:01.0: PIIX3: Enabling Passive Release
[    1.455930] pci 0000:00:01.0: Activating ISA DMA hang workarounds
[    1.461563] ACPI: PCI Interrupt Link [LNKD] enabled at IRQ 11
[    1.462526] pci 0000:00:01.2: PCI INT D -&gt; Link[LNKD] -&gt; GSI 11 (level, high) -&gt; IRQ 11
[    1.465485] pci 0000:00:01.2: PCI INT D disabled
[    1.483460] Trying to unpack rootfs image as initramfs...
[    1.500144] audit: initializing netlink socket (disabled)
[    1.502644] type=2000 audit(1449514889.500:1): initialized
[    1.822261] HugeTLB registered 2 MB page size, pre-allocated 0 pages
[    1.890498] VFS: Disk quotas dquot_6.5.2
[    1.892049] Dquot-cache hash table entries: 512 (order 0, 4096 bytes)
[    1.918015] fuse init (API version 7.17)
[    1.921616] msgmni has been set to 84
[    1.955499] Block layer SCSI generic (bsg) driver version 0.4 loaded (major 253)
[    1.958126] io scheduler noop registered
[    1.958642] io scheduler deadline registered (default)
[    1.959955] io scheduler cfq registered
[    1.965118] pci_hotplug: PCI Hot Plug PCI Core version: 0.5
[    1.966549] pciehp: PCI Express Hot Plug Controller Driver version: 0.4
[    1.974119] input: Power Button as /devices/LNXSYSTM:00/LNXPWRBN:00/input/input0
[    1.975540] ACPI: Power Button [PWRF]
[    2.030462] ERST: Table is not found!
[    2.031023] GHES: HEST is not enabled!
[    2.038514] ACPI: PCI Interrupt Link [LNKC] enabled at IRQ 10
[    2.039327] virtio-pci 0000:00:03.0: PCI INT A -&gt; Link[LNKC] -&gt; GSI 10 (level, high) -&gt; IRQ 10
[    2.042120] virtio-pci 0000:00:04.0: PCI INT A -&gt; Link[LNKD] -&gt; GSI 11 (level, high) -&gt; IRQ 11
[    2.062042] ACPI: PCI Interrupt Link [LNKA] enabled at IRQ 10
[    2.062732] virtio-pci 0000:00:05.0: PCI INT A -&gt; Link[LNKA] -&gt; GSI 10 (level, high) -&gt; IRQ 10
[    2.074602] Serial: 8250/16550 driver, 32 ports, IRQ sharing enabled
[    2.117299] serial8250: ttyS0 at I/O 0x3f8 (irq = 4) is a 16550A
[    2.203423] serial8250: ttyS1 at I/O 0x2f8 (irq = 3) is a 16550A
[    2.340052] 00:05: ttyS0 at I/O 0x3f8 (irq = 4) is a 16550A
[    2.423741] 00:06: ttyS1 at I/O 0x2f8 (irq = 3) is a 16550A
[    2.469492] Refined TSC clocksource calibration: 2293.853 MHz.
[    2.470263] Switching to clocksource tsc
[    2.480027] Linux agpgart interface v0.103
[    2.558513] brd: module loaded
[    2.586763] loop: module loaded
[    2.639536]  vda: unknown partition table
[    2.698179] scsi0 : ata_piix
[    2.702008] scsi1 : ata_piix
[    2.703339] ata1: PATA max MWDMA2 cmd 0x1f0 ctl 0x3f6 bmdma 0xc0a0 irq 14
[    2.705227] ata2: PATA max MWDMA2 cmd 0x170 ctl 0x376 bmdma 0xc0a8 irq 15
[    2.717356] Fixed MDIO Bus: probed
[    2.718334] tun: Universal TUN/TAP device driver, 1.6
[    2.719023] tun: (C) 1999-2004 Max Krasnyansky &lt;maxk@qualcomm.com&gt;
[    2.738697] PPP generic driver version 2.4.2
[    2.763774] ehci_hcd: USB 2.0 'Enhanced' Host Controller (EHCI) Driver
[    2.765460] ohci_hcd: USB 1.1 'Open' Host Controller (OHCI) Driver
[    2.766449] uhci_hcd: USB Universal Host Controller Interface driver
[    2.767496] uhci_hcd 0000:00:01.2: PCI INT D -&gt; Link[LNKD] -&gt; GSI 11 (level, high) -&gt; IRQ 11
[    2.770704] uhci_hcd 0000:00:01.2: UHCI Host Controller
[    2.781527] uhci_hcd 0000:00:01.2: new USB bus registered, assigned bus number 1
[    2.783131] uhci_hcd 0000:00:01.2: irq 11, io base 0x0000c040
[    2.811499] hub 1-0:1.0: USB hub found
[    2.814345] hub 1-0:1.0: 2 ports detected
[    2.821979] usbcore: registered new interface driver libusual
[    2.826305] i8042: PNP: PS/2 Controller [PNP0303:KBD,PNP0f13:MOU] at 0x60,0x64 irq 1,12
[    2.835831] serio: i8042 KBD port at 0x60,0x64 irq 1
[    2.837166] serio: i8042 AUX port at 0x60,0x64 irq 12
[    2.858807] mousedev: PS/2 mouse device common for all mice
[    2.865168] rtc_cmos 00:01: RTC can wake from S4
[    2.884709] rtc_cmos 00:01: rtc core: registered rtc_cmos as rtc0
[    2.891311] rtc0: alarms up to one day, 114 bytes nvram, hpet irqs
[    2.897411] device-mapper: uevent: version 1.0.3
[    2.910699] input: AT Translated Set 2 keyboard as /devices/platform/i8042/serio0/input/input1
[    2.949461] ata2.01: ATAPI: QEMU DVD-ROM, 2.0.0, max UDMA/100
[    2.957058] ata2.01: configured for MWDMA2
[    2.959944] device-mapper: ioctl: 4.22.0-ioctl (2011-10-19) initialised: dm-devel@redhat.com
[    2.962585] cpuidle: using governor ladder
[    2.964030] cpuidle: using governor menu
[    2.964875] EFI Variables Facility v0.08 2004-May-17
[    2.973621] TCP cubic registered
[    2.977818] NET: Registered protocol family 10
[    3.006006] NET: Registered protocol family 17
[    3.007776] Registering the dns_resolver key type
[    3.042709] scsi 1:0:1:0: CD-ROM            QEMU     QEMU DVD-ROM     2.0. PQ: 0 ANSI: 5
[    3.062249] sr0: scsi3-mmc drive: 4x/4x cd/rw xa/form2 tray
[    3.064865] cdrom: Uniform CD-ROM driver Revision: 3.20
[    3.085262] sr 1:0:1:0: Attached scsi generic sg0 type 5
[    3.133319] registered taskstats version 1
[    3.273248] Freeing initrd memory: 3656k freed
[    3.801889]   Magic number: 11:539:40
[    3.808990] bdi 7:5: hash matches
[    3.814703] rtc_cmos 00:01: setting system clock to 2015-12-07 19:01:32 UTC (1449514892)
[    3.821955] powernow-k8: Processor cpuid 663 not supported
[    3.832926] BIOS EDD facility v0.16 2004-Jun-25, 0 devices found
[    3.835096] EDD information not available.
[    3.892109] Freeing unused kernel memory: 928k freed
[    3.897480] Write protecting the kernel read-only data: 12288k
[    3.979617] Freeing unused kernel memory: 1596k freed
[    4.033823] Freeing unused kernel memory: 1184k freed

info: initramfs: up at 4.18
modprobe: module virtio_blk not found in modules.dep
modprobe: module virtio_net not found in modules.dep
info: copying initramfs to /dev/vda
info: initramfs loading root from /dev/vda
info: /etc/init.d/rc.sysinit: up at 8.86
info: container: none
Starting logging: OK
modprobe: module virtio_blk not found in modules.dep
modprobe: module virtio_net not found in modules.dep
WARN: /etc/rc3.d/S10-load-modules failed
Initializing random number generator... done.
Starting acpid: OK
cirros-ds 'local' up at 11.30
found datasource (configdrive, local)
Starting network...
udhcpc (v1.20.1) started
Sending discover...
Sending discover...
Sending discover...
Usage: /sbin/cirros-dhcpc &lt;up|down&gt;
No lease, failing
WARN: /etc/rc3.d/S40-network failed
Starting dropbear sshd: generating rsa key... generating dsa key... OK
no userdata for datasource
=== system information ===
Platform: OpenStack Foundation OpenStack Nova
Container: none
Arch: x86_64
CPU(s): 1 @ 2293.792 MHz
Cores/Sockets/Threads: 1/1/1
Virt-type: AMD-V
RAM Size: 49MB
Disks:
NAME MAJ:MIN     SIZE LABEL         MOUNTPOINT
vda  253:0   25165824 cirros-rootfs /
sr0   11:0     428032 config-2      
=== sshd host keys ===
-----BEGIN SSH HOST KEY KEYS-----
ssh-rsa AAAAB3NzaC1yc2EAAAADAQABAAAAgwCUmYXm5HqK7tmxfkMYe7K8JjOva0BfA61QsccYL/to8Pzkbo6qw577+JSnRQg1M1P2r6SKpCkKgLiuYtQnRTTh5/tD6ODW5i5BnA2vN86ovhqbDueQSP+RwC0dBxa2iobxfJB8L2hIi1K5mstQZ1Wm+CNccfRGMIvFbudt+OQx0Lur root@tempest
ssh-dss AAAAB3NzaC1kc3MAAACBAPh1Eg+xbWJxwVqVIouy9wlpT9xI+3j69wkCKW/HYWMmKAUKktgLsxwLnAOQyK37FFe+9TI5dKdJCGiSps33lrQNW22Pxyi44PUwCZGb2HQliMYx9BtYCDlLOOUYG1zcawytwZYYzvlhXrPeBmW90LYf+kRdqqZFpWlvjDccuQPDAAAAFQD1p5zjXY+hTorJTh9dDB2ghiAHiwAAAIEAhv6wJKLcxeJmuaouCYdKIaCBbmSfdqlgqzIoW/GCKaK36HQtOF8zftQhe7xjknPTBj5FAuJ2eYyt5M+w8RlKHJf4CZgkX7ukX25ROQhLycU5FckO2mESfqyck8vcgVNBh7AgF1a3tbydVeZFL/l6+w6VqOsj1Lvb19lGcB4nrpUAAACBAIB70i19Qn7Byj43Cme6yNlfAKKy9zvn0CN+7ng3rz2IIC4iHZmYWlg15DoTfa2onEK8TvEma8JHYSsp+S2IIGrZAkuXZebKH6zD0oGGG2aF2ohdJAuCpGovsuWb3I1CPyy5smNc9JIu3HJwmTgZ3Tz3l9CFwyDTOE/IF3e8qUjS root@tempest
-----END SSH HOST KEY KEYS-----
=== network info ===
if-info: lo,up,127.0.0.1,8,::1
if-info: eth0,up,,8,fe80::f816:3eff:fe77:4b4c
=== datasource: configdrive local ===
instance-id: a5b5a94a-c06a-4979-b026-cc4b293ad123
name: tempest.common.compute-instance-623896614
availability-zone: nova
local-hostname: tempest.common.compute-instance-623896614.novalocal
launch-index: 0
=== cirros: current=0.3.4 uptime=202.04 ===
route: fscanf
=== pinging gateway failed, debugging connection ===
############ debug start ##############
### /etc/init.d/sshd start
Starting dropbear sshd: OK
route: fscanf
### ifconfig -a
eth0      Link encap:Ethernet  HWaddr FA:16:3E:77:4B:4C  
          inet6 addr: fe80::f816:3eff:fe77:4b4c/64 Scope:Link
          UP BROADCAST RUNNING MULTICAST  MTU:1500  Metric:1
          RX packets:12 errors:0 dropped:5 overruns:0 frame:0
          TX packets:8 errors:0 dropped:0 overruns:0 carrier:0
          collisions:0 txqueuelen:1000 
          RX bytes:1293 (1.2 KiB)  TX bytes:1134 (1.1 KiB)

lo        Link encap:Local Loopback  
          inet addr:127.0.0.1  Mask:255.0.0.0
          inet6 addr: ::1/128 Scope:Host
          UP LOOPBACK RUNNING  MTU:16436  Metric:1
          RX packets:12 errors:0 dropped:0 overruns:0 frame:0
          TX packets:12 errors:0 dropped:0 overruns:0 carrier:0
          collisions:0 txqueuelen:0 
          RX bytes:1020 (1020.0 B)  TX bytes:1020 (1020.0 B)

### route -n
Kernel IP routing table
Destination     Gateway         Genmask         Flags Metric Ref    Use Iface
route: fscanf
### cat /etc/resolv.conf
cat: can't open '/etc/resolv.conf': No such file or directory
### gateway not found
/sbin/cirros-status: line 1: can't open /etc/resolv.conf: no such file
### pinging nameservers
### uname -a
Linux tempest 3.2.0-80-virtual #116-Ubuntu SMP Mon Mar 23 17:28:52 UTC 2015 x86_64 GNU/Linux
### lsmod
Module                  Size  Used by    Not tainted
nls_iso8859_1          12713  0 
nls_cp437              16991  0 
vfat                   17585  0 
fat                    61512  1 vfat
isofs                  40259  0 
ip_tables              27473  0 
x_tables               29891  1 ip_tables
pcnet32                42119  0 
8139cp                 27360  0 
ne2k_pci               13691  0 
8390                   18856  1 ne2k_pci
e1000                 108589  0 
acpiphp                24231  0 
### dmesg | tail
[    4.984446] EXT3-fs (vda): mounted filesystem with ordered data mode
[    5.256819] ISO 9660 Extensions: Microsoft Joliet Level 3
[    5.329079] ISO 9660 Extensions: RRIP_1991A
[    5.565131] kjournald starting.  Commit interval 5 seconds
[    5.582299] EXT3-fs (vda): using internal journal
[    5.582459] EXT3-fs (vda): mounted filesystem with ordered data mode
[    8.909059] EXT3-fs (vda): using internal journal
[   12.066186] ISO 9660 Extensions: Microsoft Joliet Level 3
[   12.154579] ISO 9660 Extensions: RRIP_1991A
[   26.851411] eth0: no IPv6 routers present
### tail -n 25 /var/log/messages
Dec  7 19:01:38 cirros kern.info kernel: [    4.446116] acpiphp: Slot [21] registered
Dec  7 19:01:38 cirros kern.info kernel: [    4.446440] acpiphp: Slot [22] registered
Dec  7 19:01:38 cirros kern.info kernel: [    4.446807] acpiphp: Slot [23] registered
Dec  7 19:01:38 cirros kern.info kernel: [    4.447135] acpiphp: Slot [24] registered
Dec  7 19:01:38 cirros kern.info kernel: [    4.447475] acpiphp: Slot [25] registered
Dec  7 19:01:38 cirros kern.info kernel: [    4.447885] acpiphp: Slot [26] registered
Dec  7 19:01:38 cirros kern.info kernel: [    4.448728] acpiphp: Slot [27] registered
Dec  7 19:01:38 cirros kern.info kernel: [    4.449571] acpiphp: Slot [28] registered
Dec  7 19:01:38 cirros kern.info kernel: [    4.449951] acpiphp: Slot [29] registered
Dec  7 19:01:38 cirros kern.info kernel: [    4.450291] acpiphp: Slot [30] registered
Dec  7 19:01:38 cirros kern.info kernel: [    4.450627] acpiphp: Slot [31] registered
Dec  7 19:01:38 cirros kern.info kernel: [    4.699947] ip_tables: (C) 2000-2006 Netfilter Core Team
Dec  7 19:01:39 cirros kern.info kernel: [    4.977876] kjournald starting.  Commit interval 5 seconds
Dec  7 19:01:39 cirros kern.info kernel: [    4.984446] EXT3-fs (vda): mounted filesystem with ordered data mode
Dec  7 19:01:39 cirros kern.debug kernel: [    5.256819] ISO 9660 Extensions: Microsoft Joliet Level 3
Dec  7 19:01:39 cirros kern.debug kernel: [    5.329079] ISO 9660 Extensions: RRIP_1991A
Dec  7 19:01:39 cirros kern.info kernel: [    5.565131] kjournald starting.  Commit interval 5 seconds
Dec  7 19:01:39 cirros kern.info kernel: [    5.582299] EXT3-fs (vda): using internal journal
Dec  7 19:01:39 cirros kern.info kernel: [    5.582459] EXT3-fs (vda): mounted filesystem with ordered data mode
Dec  7 19:01:39 cirros kern.info kernel: [    8.909059] EXT3-fs (vda): using internal journal
Dec  7 19:01:40 cirros kern.debug kernel: [   12.066186] ISO 9660 Extensions: Microsoft Joliet Level 3
Dec  7 19:01:40 cirros kern.debug kernel: [   12.154579] ISO 9660 Extensions: RRIP_1991A
Dec  7 19:01:43 cirros auth.notice su: + /dev/console root:cirros
Dec  7 19:01:55 cirros kern.debug kernel: [   26.851411] eth0: no IPv6 routers present
Dec  7 19:04:48 cirros authpriv.info dropbear[283]: Running in background
############ debug end   ##############
  ____               ____  ____
 / __/ __ ____ ____ / __ \/ __/
/ /__ / // __// __// /_/ /\ \ 
\___//_//_/  /_/   \____/___/ 
   http://cirros-cloud.net


login as 'cirros' user. default password: 'cubswin:)'. use 'sudo' for root.
tempest login: 
2015-12-07 19:05:00,385 27606 INFO     [tempest_lib.common.rest_client] Request (TestGettingAddress:_run_cleanups): 204 DELETE http://10.0.2.15:9696/v2.0/floatingips/1b50133d-ac99-4f06-9482-e164f68adab4 0.202s
2015-12-07 19:05:00,386 27606 DEBUG    [tempest_lib.common.rest_client] Request - Headers: {'Content-Type': 'application/json', 'Accept': 'application/json', 'X-Auth-Token': '&lt;omitted&gt;'}
        Body: None
    Response - Headers: {'date': 'Mon, 07 Dec 2015 19:05:00 GMT', 'status': '204', 'connection': 'close', 'content-length': '0', 'x-openstack-request-id': 'req-6e280345-aa62-4769-a86b-e0d271d69b40'}
        Body: 
2015-12-07 19:05:00,593 27606 INFO     [tempest_lib.common.rest_client] Request (TestGettingAddress:_run_cleanups): 204 DELETE http://10.0.2.15:8774/v2.1/8eac3715d904489ba4595753db4f5f6d/servers/a5b5a94a-c06a-4979-b026-cc4b293ad123 0.207s
2015-12-07 19:05:00,594 27606 DEBUG    [tempest_lib.common.rest_client] Request - Headers: {'Content-Type': 'application/json', 'Accept': 'application/json', 'X-Auth-Token': '&lt;omitted&gt;'}
        Body: None
    Response - Headers: {'status': '204', 'content-length': '0', 'x-compute-request-id': 'req-d853d2ea-da13-47a5-9be1-4eb205251f58', 'vary': 'X-OpenStack-Nova-API-Version', 'connection': 'close', 'x-openstack-nova-api-version': '2.1', 'date': 'Mon, 07 Dec 2015 19:05:00 GMT', 'content-type': 'application/json'}
        Body: 
2015-12-07 19:05:00,793 27606 INFO     [tempest_lib.common.rest_client] Request (TestGettingAddress:_run_cleanups): 200 GET http://10.0.2.15:8774/v2.1/8eac3715d904489ba4595753db4f5f6d/servers/a5b5a94a-c06a-4979-b026-cc4b293ad123 0.198s
2015-12-07 19:05:00,795 27606 DEBUG    [tempest_lib.common.rest_client] Request - Headers: {'Content-Type': 'application/json', 'Accept': 'application/json', 'X-Auth-Token': '&lt;omitted&gt;'}
        Body: None
    Response - Headers: {'status': '200', 'content-length': '1903', 'content-location': 'http://10.0.2.15:8774/v2.1/8eac3715d904489ba4595753db4f5f6d/servers/a5b5a94a-c06a-4979-b026-cc4b293ad123', 'x-compute-request-id': 'req-da84db70-da37-4553-97e4-cde64d5e0193', 'vary': 'X-OpenStack-Nova-API-Version', 'connection': 'close', 'x-openstack-nova-api-version': '2.1', 'date': 'Mon, 07 Dec 2015 19:05:00 GMT', 'content-type': 'application/json'}
        Body: {"server": {"status": "ACTIVE", "updated": "2015-12-07T19:05:00Z", "hostId": "6d4fdefea65915d56abdcfdd982eed572bb44a46648d24558b27cc27", "addresses": {"tempest-network-smoke--1997013366": [{"OS-EXT-IPS-MAC:mac_addr": "fa:16:3e:77:4b:4c", "version": 6, "addr": "2003::f816:3eff:fe77:4b4c", "OS-EXT-IPS:type": "fixed"}, {"OS-EXT-IPS-MAC:mac_addr": "fa:16:3e:77:4b:4c", "version": 4, "addr": "10.100.0.3", "OS-EXT-IPS:type": "fixed"}, {"OS-EXT-IPS-MAC:mac_addr": "fa:16:3e:77:4b:4c", "version": 4, "addr": "172.24.4.4", "OS-EXT-IPS:type": "floating"}]}, "links": [{"href": "http://10.0.2.15:8774/v2.1/8eac3715d904489ba4595753db4f5f6d/servers/a5b5a94a-c06a-4979-b026-cc4b293ad123", "rel": "self"}, {"href": "http://10.0.2.15:8774/8eac3715d904489ba4595753db4f5f6d/servers/a5b5a94a-c06a-4979-b026-cc4b293ad123", "rel": "bookmark"}], "key_name": "tempest-TestGettingAddress-1083908170", "image": {"id": "55298613-3fd8-4451-bbc7-321d03e8c20a", "links": [{"href": "http://10.0.2.15:8774/8eac3715d904489ba4595753db4f5f6d/images/55298613-3fd8-4451-bbc7-321d03e8c20a", "rel": "bookmark"}]}, "OS-EXT-STS:task_state": "deleting", "OS-EXT-STS:vm_state": "active", "OS-SRV-USG:launched_at": "2015-12-07T19:01:25.000000", "flavor": {"id": "42", "links": [{"href": "http://10.0.2.15:8774/8eac3715d904489ba4595753db4f5f6d/flavors/42", "rel": "bookmark"}]}, "id": "a5b5a94a-c06a-4979-b026-cc4b293ad123", "security_groups": [{"name": "tempest-secgroup-smoke-424513993"}], "OS-SRV-USG:terminated_at": null, "OS-EXT-AZ:availability_zone": "nova", "user_id": "047ca67478054ce5a739cc1b64b0c8fe", "name": "tempest.common.compute-instance-623896614", "created": "2015-12-07T19:01:22Z", "tenant_id": "8eac3715d904489ba4595753db4f5f6d", "OS-DCF:diskConfig": "MANUAL", "os-extended-volumes:volumes_attached": [], "accessIPv4": "", "accessIPv6": "", "progress": 0, "OS-EXT-STS:power_state": 1, "config_drive": "True", "metadata": {}}}
2015-12-07 19:05:01,930 27606 INFO     [tempest_lib.common.rest_client] Request (TestGettingAddress:_run_cleanups): 200 GET http://10.0.2.15:8774/v2.1/8eac3715d904489ba4595753db4f5f6d/servers/a5b5a94a-c06a-4979-b026-cc4b293ad123 0.123s
2015-12-07 19:05:01,931 27606 DEBUG    [tempest_lib.common.rest_client] Request - Headers: {'Content-Type': 'application/json', 'Accept': 'application/json', 'X-Auth-Token': '&lt;omitted&gt;'}
        Body: None
    Response - Headers: {'status': '200', 'content-length': '1439', 'content-location': 'http://10.0.2.15:8774/v2.1/8eac3715d904489ba4595753db4f5f6d/servers/a5b5a94a-c06a-4979-b026-cc4b293ad123', 'x-compute-request-id': 'req-5528f3c2-9e1d-448c-aa0e-3ec71c0fcb7c', 'vary': 'X-OpenStack-Nova-API-Version', 'connection': 'close', 'x-openstack-nova-api-version': '2.1', 'date': 'Mon, 07 Dec 2015 19:05:01 GMT', 'content-type': 'application/json'}
        Body: {"server": {"status": "ACTIVE", "updated": "2015-12-07T19:05:01Z", "hostId": "6d4fdefea65915d56abdcfdd982eed572bb44a46648d24558b27cc27", "addresses": {}, "links": [{"href": "http://10.0.2.15:8774/v2.1/8eac3715d904489ba4595753db4f5f6d/servers/a5b5a94a-c06a-4979-b026-cc4b293ad123", "rel": "self"}, {"href": "http://10.0.2.15:8774/8eac3715d904489ba4595753db4f5f6d/servers/a5b5a94a-c06a-4979-b026-cc4b293ad123", "rel": "bookmark"}], "key_name": "tempest-TestGettingAddress-1083908170", "image": {"id": "55298613-3fd8-4451-bbc7-321d03e8c20a", "links": [{"href": "http://10.0.2.15:8774/8eac3715d904489ba4595753db4f5f6d/images/55298613-3fd8-4451-bbc7-321d03e8c20a", "rel": "bookmark"}]}, "OS-EXT-STS:task_state": "deleting", "OS-EXT-STS:vm_state": "active", "OS-SRV-USG:launched_at": "2015-12-07T19:01:25.000000", "flavor": {"id": "42", "links": [{"href": "http://10.0.2.15:8774/8eac3715d904489ba4595753db4f5f6d/flavors/42", "rel": "bookmark"}]}, "id": "a5b5a94a-c06a-4979-b026-cc4b293ad123", "OS-SRV-USG:terminated_at": null, "OS-EXT-AZ:availability_zone": "nova", "user_id": "047ca67478054ce5a739cc1b64b0c8fe", "name": "tempest.common.compute-instance-623896614", "created": "2015-12-07T19:01:22Z", "tenant_id": "8eac3715d904489ba4595753db4f5f6d", "OS-DCF:diskConfig": "MANUAL", "os-extended-volumes:volumes_attached": [], "accessIPv4": "", "accessIPv6": "", "progress": 0, "OS-EXT-STS:power_state": 1, "config_drive": "True", "metadata": {}}}
2015-12-07 19:05:03,024 27606 INFO     [tempest_lib.common.rest_client] Request (TestGettingAddress:_run_cleanups): 404 GET http://10.0.2.15:8774/v2.1/8eac3715d904489ba4595753db4f5f6d/servers/a5b5a94a-c06a-4979-b026-cc4b293ad123 0.082s
2015-12-07 19:05:03,024 27606 DEBUG    [tempest_lib.common.rest_client] Request - Headers: {'Content-Type': 'application/json', 'Accept': 'application/json', 'X-Auth-Token': '&lt;omitted&gt;'}
        Body: None
    Response - Headers: {'status': '404', 'content-length': '111', 'x-compute-request-id': 'req-43392518-bfac-43cc-8970-7aa1cd1215b5', 'vary': 'X-OpenStack-Nova-API-Version', 'connection': 'close', 'x-openstack-nova-api-version': '2.1', 'date': 'Mon, 07 Dec 2015 19:05:03 GMT', 'content-type': 'application/json; charset=UTF-8'}
        Body: {"itemNotFound": {"message": "Instance a5b5a94a-c06a-4979-b026-cc4b293ad123 could not be found.", "code": 404}}
2015-12-07 19:05:03,429 27606 INFO     [tempest_lib.common.rest_client] Request (TestGettingAddress:_run_cleanups): 200 PUT http://10.0.2.15:9696/v2.0/routers/fa676225-bc2a-435c-b675-938b8c33b0bc/remove_router_interface 0.403s
2015-12-07 19:05:03,429 27606 DEBUG    [tempest_lib.common.rest_client] Request - Headers: {'Content-Type': 'application/json', 'Accept': 'application/json', 'X-Auth-Token': '&lt;omitted&gt;'}
        Body: {"subnet_id": "23aa0da7-d367-4515-a45a-d4c877aaabf6"}
    Response - Headers: {'status': '200', 'content-length': '255', 'connection': 'close', 'date': 'Mon, 07 Dec 2015 19:05:03 GMT', 'content-type': 'application/json; charset=UTF-8', 'x-openstack-request-id': 'req-d4b5dcf9-4b4d-48f9-b1e1-5df3b15dd58b'}
        Body: {"subnet_id": "23aa0da7-d367-4515-a45a-d4c877aaabf6", "tenant_id": "8eac3715d904489ba4595753db4f5f6d", "subnet_ids": ["23aa0da7-d367-4515-a45a-d4c877aaabf6"], "port_id": "936e0036-c56a-42cc-809f-80c99124a79a", "id": "fa676225-bc2a-435c-b675-938b8c33b0bc"}
2015-12-07 19:05:03,824 27606 INFO     [tempest_lib.common.rest_client] Request (TestGettingAddress:_run_cleanups): 204 DELETE http://10.0.2.15:9696/v2.0/subnets/23aa0da7-d367-4515-a45a-d4c877aaabf6 0.393s
2015-12-07 19:05:03,825 27606 DEBUG    [tempest_lib.common.rest_client] Request - Headers: {'Content-Type': 'application/json', 'Accept': 'application/json', 'X-Auth-Token': '&lt;omitted&gt;'}
        Body: None
    Response - Headers: {'date': 'Mon, 07 Dec 2015 19:05:03 GMT', 'status': '204', 'connection': 'close', 'content-length': '0', 'x-openstack-request-id': 'req-47896672-496e-4f8e-afee-724ef56ff152'}
        Body: 
2015-12-07 19:05:03,858 27606 INFO     [tempest_lib.common.rest_client] Request (TestGettingAddress:_run_cleanups): 404 DELETE http://10.0.2.15:9696/v2.0/subnets/23aa0da7-d367-4515-a45a-d4c877aaabf6 0.033s
2015-12-07 19:05:03,859 27606 DEBUG    [tempest_lib.common.rest_client] Request - Headers: {'Content-Type': 'application/json', 'Accept': 'application/json', 'X-Auth-Token': '&lt;omitted&gt;'}
        Body: None
    Response - Headers: {'status': '404', 'content-length': '135', 'connection': 'close', 'date': 'Mon, 07 Dec 2015 19:05:03 GMT', 'content-type': 'application/json; charset=UTF-8', 'x-openstack-request-id': 'req-ad1358ba-4a3d-48f2-9669-a772c42b1a59'}
        Body: {"NeutronError": {"message": "Subnet 23aa0da7-d367-4515-a45a-d4c877aaabf6 could not be found", "type": "SubnetNotFound", "detail": ""}}
2015-12-07 19:05:04,203 27606 INFO     [tempest_lib.common.rest_client] Request (TestGettingAddress:_run_cleanups): 200 PUT http://10.0.2.15:9696/v2.0/routers/fa676225-bc2a-435c-b675-938b8c33b0bc/remove_router_interface 0.343s
2015-12-07 19:05:04,204 27606 DEBUG    [tempest_lib.common.rest_client] Request - Headers: {'Content-Type': 'application/json', 'Accept': 'application/json', 'X-Auth-Token': '&lt;omitted&gt;'}
        Body: {"subnet_id": "fb1cb898-d1d6-4cb1-b547-610f147b53ee"}
