<?xml version="1.0" encoding="UTF-8"?>
<!DOCTYPE html PUBLIC "-//W3C//DTD XHTML 1.0 Strict//EN"
     "http://www.w3.org/TR/xhtml1/DTD/xhtml1-strict.dtd">
<html xmlns="http://www.w3.org/1999/xhtml">
<head>
    <title>Unit Test Report</title>
    <meta name="generator" content="subunit2html 0.1"/>
    <meta http-equiv="Content-Type" content="text/html; charset=UTF-8"/>
    
<style type="text/css" media="screen">
body        { font-family: verdana, arial, helvetica, sans-serif;
    font-size: 80%; }
table       { font-size: 100%; width: 100%;}
pre         { font-size: 80%; }

/* -- heading -------------------------------------------------------------- */
h1 {
        font-size: 16pt;
        color: gray;
}
.heading {
    margin-top: 0ex;
    margin-bottom: 1ex;
}

.heading .attribute {
    margin-top: 1ex;
    margin-bottom: 0;
}

.heading .description {
    margin-top: 4ex;
    margin-bottom: 6ex;
}

/* -- css div popup -------------------------------------------------------- */
a.popup_link {
}

a.popup_link:hover {
    color: red;
}

.popup_window {
    display: none;
    overflow-x: scroll;
    /*border: solid #627173 1px; */
    padding: 10px;
    background-color: #E6E6D6;
    font-family: "Ubuntu Mono", "Lucida Console", "Courier New", monospace;
    text-align: left;
    font-size: 8pt;
}

}
/* -- report --------------------------------------------------------------- */
#show_detail_line {
    margin-top: 3ex;
    margin-bottom: 1ex;
}
#result_table {
    width: 100%;
    border-collapse: collapse;
    border: 1px solid #777;
}
#header_row {
    font-weight: bold;
    color: white;
    background-color: #777;
}
#result_table td {
    border: 1px solid #777;
    padding: 2px;
}
#total_row  { font-weight: bold; }
.passClass  { background-color: #6c6; }
.failClass  { background-color: #c60; }
.errorClass { background-color: #c00; }
.passCase   { color: #6c6; }
.failCase   { color: #c60; font-weight: bold; }
.errorCase  { color: #c00; font-weight: bold; }
.hiddenRow  { display: none; }
.testcase   { margin-left: 2em; }
td.testname {width: 40%}
td.small {width: 40px}

/* -- ending --------------------------------------------------------------- */
#ending {
}

</style>

</head>
<body>
<script language="javascript" type="text/javascript"><!--
output_list = Array();

/* level - 0:Summary; 1:Failed; 2:All */
function showCase(level) {
    trs = document.getElementsByTagName("tr");
    for (var i = 0; i < trs.length; i++) {
        tr = trs[i];
        id = tr.id;
        if (id.substr(0,2) == 'ft') {
            if (level < 1) {
                tr.className = 'hiddenRow';
            }
            else {
                tr.className = '';
            }
        }
        if (id.substr(0,2) == 'pt') {
            if (level > 1) {
                tr.className = '';
            }
            else {
                tr.className = 'hiddenRow';
            }
        }
    }
}


function showClassDetail(cid, count) {
    var id_list = Array(count);
    var toHide = 1;
    for (var i = 0; i < count; i++) {
        tid0 = 't' + cid.substr(1) + '.' + (i+1);
        tid = 'f' + tid0;
        tr = document.getElementById(tid);
        if (!tr) {
            tid = 'p' + tid0;
            tr = document.getElementById(tid);
        }
        id_list[i] = tid;
        if (tr.className) {
            toHide = 0;
        }
    }
    for (var i = 0; i < count; i++) {
        tid = id_list[i];
        if (toHide) {
            document.getElementById('div_'+tid).style.display = 'none'
            document.getElementById(tid).className = 'hiddenRow';
        }
        else {
            document.getElementById(tid).className = '';
        }
    }
}


function showTestDetail(div_id){
    var details_div = document.getElementById(div_id)
    var displayState = details_div.style.display
    // alert(displayState)
    if (displayState != 'block' ) {
        displayState = 'block'
        details_div.style.display = 'block'
    }
    else {
        details_div.style.display = 'none'
    }
}


function html_escape(s) {
    s = s.replace(/&/g,'&amp;');
    s = s.replace(/</g,'&lt;');
    s = s.replace(/>/g,'&gt;');
    return s;
}

/* obsoleted by detail in <div>
function showOutput(id, name) {
    var w = window.open("", //url
                    name,
                    "resizable,scrollbars,status,width=800,height=450");
    d = w.document;
    d.write("<pre>");
    d.write(html_escape(output_list[id]));
    d.write("\n");
    d.write("<a href='javascript:window.close()'>close</a>\n");
    d.write("</pre>\n");
    d.close();
}
*/
--></script>

<div class='heading'>
<h1>Unit Test Report</h1>

<p class='attribute'><strong>Status:</strong> Failure 8</p>

<p class='description'></p>
</div>



<p id='show_detail_line'>Show
<a href='javascript:showCase(0)'>Summary</a>
<a href='javascript:showCase(1)'>Failed</a>
<a href='javascript:showCase(2)'>All</a>
</p>
<table id='result_table'>
<colgroup>
<col align='left' />
<col align='right' />
<col align='right' />
<col align='right' />
<col align='right' />
<col align='right' />
<col align='right' />
<col align='right' />
</colgroup>
<tr id='header_row'>
    <td>Test Group/Test case</td>
    <td>Count</td>
    <td>Pass</td>
    <td>Fail</td>
    <td>Error</td>
    <td>Skip</td>
    <td>View</td>
    <td> </td>
</tr>

<tr class='failClass'>
    <td class="testname">tempest.scenario.test_network_v6.TestGettingAddress</td>
    <td class="small">8</td>
    <td class="small">0</td>
    <td class="small">8</td>
    <td class="small">0</td>
    <td class="small">0</td>
    <td class="small"><a href="javascript:showClassDetail('c1',8)"
>Detail</a></td>
    <td> </td>
</tr>

<tr id='ft1.1' class='none'>
    <td class='failCase'><div class='testcase'>test_dhcp6_stateless_from_os[compute,id-d7e1f858-187c-45a6-89c9-bdafde619a9f,network]</div></td>
    <td colspan='7' align='left'>

    <!--css div popup start-->
    <a class="popup_link" onfocus='this.blur();'
    href="javascript:showTestDetail('div_ft1.1')" >
        fail</a>

    <div id='div_ft1.1' class="popup_window">
        <div style='text-align: right; color:red;cursor:pointer'>
        <a onfocus='this.blur();'
onclick="document.getElementById('div_ft1.1').style.display = 'none' " >
           [x]</a>
        </div>
        <pre>
        
ft1.1: tempest.scenario.test_network_v6.TestGettingAddress.test_dhcp6_stateless_from_os[compute,id-d7e1f858-187c-45a6-89c9-bdafde619a9f,network]_StringException: Empty attachments:
  stderr
  stdout

pythonlogging:'': {{{
2015-12-20 22:15:29,920 20256 INFO     [tempest_lib.common.rest_client] Request (TestGettingAddress:setUp): 200 POST http://10.0.2.15:8774/v2.1/564e46c93c484d87bede7caac3f39d78/os-keypairs 0.280s
2015-12-20 22:15:29,921 20256 DEBUG    [tempest_lib.common.rest_client] Request - Headers: {'Content-Type': 'application/json', 'Accept': 'application/json', 'X-Auth-Token': '&lt;omitted&gt;'}
        Body: {"keypair": {"name": "tempest-TestGettingAddress-2099192128"}}
    Response - Headers: {'status': '200', 'content-length': '2324', 'x-compute-request-id': 'req-6785ae6a-f506-476b-bb62-9244aeea873d', 'vary': 'X-OpenStack-Nova-API-Version', 'connection': 'close', 'x-openstack-nova-api-version': '2.1', 'date': 'Sun, 20 Dec 2015 22:15:29 GMT', 'content-type': 'application/json'}
        Body: {"keypair": {"public_key": "ssh-rsa AAAAB3NzaC1yc2EAAAADAQABAAABAQCckgDNlJ1V+NNdfELO9RBG9NSe2WfJqompVBNqS/ZinLJoIk1/eVJy4gkvWUsTsN2A8Fvoa4Cvn/ctLx5B4/29hO1JoFcJNC7ar9aPltcBZ573JoDaV5aV4eXOjlZIw7I4irgwDf7LDFwrQ5pIoGqmih71rRoHXftrqtPv5d1TA0yK+NC5JPOeBT7+La/c3yZZ8TcbozoWBJPPSi1zorW5vGOHefHF5Dy/wdl3qHa2lpdWZXYnLMQgtPwKuE+hLNyRWf13xqDy/dFOha7H65DgOybYNtldMIaWDy9vG1G76y8O/7fqA+oVJNv2zfqERfs7L0C8YM6io+viw2JRVyLF Generated-by-Nova", "private_key": "-----BEGIN RSA PRIVATE KEY-----\nMIIEqgIBAAKCAQEAnJIAzZSdVfjTXXxCzvUQRvTUntlnyaqJqVQTakv2YpyyaCJN\nf3lScuIJL1lLE7DdgPBb6GuAr5/3LS8eQeP9vYTtSaBXCTQu2q/Wj5bXAWee9yaA\n2leWleHlzo5WSMOyOIq4MA3+ywxcK0OaSKBqpooe9a0aB137a6rT7+XdUwNMivjQ\nuSTzngU+/i2v3N8mWfE3G6M6FgSTz0otc6K1ubxjh3nxxeQ8v8HZd6h2tpaXVmV2\nJyzEILT8CrhPoSzckVn9d8ag8v3RToWux+uQ4Dsm2DbZXTCGlg8vbxtRu+svDv+3\n6gPqFSTb9s36hEX7Oy9AvGDOoqPr4sNiUVcixQIDAQABAoIBAQCB8wRLnL+BbYYw\nn0Pr9aZO3kHindrwnGSpb6i1ntqeOiQxHddop89wnn61F82iSDdwHw6JN0CVg5Vp\noSPh2FLvi3ZOl4/libQhubPBdZZ6CgD8bK6hifTn7ZgI+kZPGm2/VBNPfy4sZNPS\n7McO5GXgV98eVU+3MZ/NWvmQsR4jGNoIczflYtHqswRPzeczWBHB+l4za7jIO52U\ndzeKtJPL77c4iLwz9fWtgs2vf3vlXuYuHcEbNZshwlYf8hKn65LEUssXngdTmnqm\nHgviQvkot7cq4njomgJp2J6UnCKQs//tCua/H6pCZ0x4ya/utyGyC7D96xZgzNYO\nDVmqEWwBAoIAgQC2GQuNg7Db1EMCsvhJzvEB5+GUBmOHkfiyDMuxzUWcBJ7GmQng\nnKeU0OEpv0vUbgYniWeYaj95YI+fztbra4BkhzxFUYz7Psq4Bi2c+68CodHmb9Mh\nSWaWYLyFBe3C5Kkwa1+aFqG/4W/80iG6G+GaU6Oy40oogwkdlNib7v7xRQKCAIEA\n3BzKoZaP35YnQiUJ5blLM5mVuLlaG9OSxKoVOqBnoYgkwuRdw9wgYbKAb1NlBglM\nCTcaPXFd88UUrAP3qzEPc2FzPMYWQpa9Cs2KlCBCtt7zqHHVD0DtpU1Idc5rL/5W\nS45BJtfTCWN87WAAQel0mEirWH0Yxlp54Djfc+I4w4ECggCAJ04sojUkva6JcFG1\nKilS+DhXBp6CaUbmyXfdl9lZBx4wL2nlKehme8bCc0JpWccN6QbNp6Z3YPmoxrPc\nzB/+LLTMG6JIrgqVszcSLWpeElFffz/v8KVpUVg8GPJ4qbK1mk/y6M2tyD8e7xFk\nWkmeXrNjCD/rR+dQ1mPEhZQGz4kCggCBAJxFsLNSkuj50PuMEl/P0w1acEsLBWeW\nKbCI1LOf6JNtdjQMMGn64d6a/caMHcBQX3R3c6DF2R9V/9w0oOUg2shfGpK+TFWQ\ncby2uzl5QgRVfAZOcyb2QQLIQLarC7yyRRA1ehoaxtD2ml5pdyVUmxv3E/eqMSm6\nWKcRmcvLg+OBAoIAgQCpLBn1C58wUqZJJLNdNfe1LtbJtxy0g9Muv3TkDBMxtbkm\netv2jcPghOFW2XXUnHqB8Sj4miZ/C0TaTFqpqUkqLl64lGkfBc3yI7Stf9Wocivx\nNIUsvHlPcKu7bIdGUeHYqlbdoX3G2JvPHP9fjwCAy9wA2M7aXbfk+V4VGzknyA==\n-----END RSA PRIVATE KEY-----\n", "user_id": "2ebf56e1fdcc4acb893c23c39d90d56c", "name": "tempest-TestGettingAddress-2099192128", "fingerprint": "fb:24:9a:54:bf:f5:ee:f1:b3:4d:4d:68:9a:c0:2f:71"}}
2015-12-20 22:15:30,277 20256 INFO     [tempest_lib.common.rest_client] Request (TestGettingAddress:setUp): 201 POST http://10.0.2.15:9696/v2.0/security-groups 0.351s
2015-12-20 22:15:30,278 20256 DEBUG    [tempest_lib.common.rest_client] Request - Headers: {'Content-Type': 'application/json', 'Accept': 'application/json', 'X-Auth-Token': '&lt;omitted&gt;'}
        Body: {"security_group": {"tenant_id": "564e46c93c484d87bede7caac3f39d78", "description": "tempest-secgroup-smoke-1715868654 description", "name": "tempest-secgroup-smoke-1715868654"}}
    Response - Headers: {'status': '201', 'content-length': '888', 'connection': 'close', 'date': 'Sun, 20 Dec 2015 22:15:30 GMT', 'content-type': 'application/json; charset=UTF-8', 'x-openstack-request-id': 'req-a0ac055d-6b62-491d-aabb-745ed3ac724e'}
        Body: {"security_group": {"tenant_id": "564e46c93c484d87bede7caac3f39d78", "description": "tempest-secgroup-smoke-1715868654 description", "id": "d3c66781-6a72-4888-8486-51c023f7cd18", "security_group_rules": [{"remote_group_id": null, "direction": "egress", "remote_ip_prefix": null, "protocol": null, "ethertype": "IPv4", "tenant_id": "564e46c93c484d87bede7caac3f39d78", "port_range_max": null, "port_range_min": null, "id": "55fed343-058a-431d-a049-13948be66981", "security_group_id": "d3c66781-6a72-4888-8486-51c023f7cd18"}, {"remote_group_id": null, "direction": "egress", "remote_ip_prefix": null, "protocol": null, "ethertype": "IPv6", "tenant_id": "564e46c93c484d87bede7caac3f39d78", "port_range_max": null, "port_range_min": null, "id": "312cf987-2a42-45f3-9cb4-6771f45f428a", "security_group_id": "d3c66781-6a72-4888-8486-51c023f7cd18"}], "name": "tempest-secgroup-smoke-1715868654"}}
2015-12-20 22:15:30,388 20256 INFO     [tempest_lib.common.rest_client] Request (TestGettingAddress:setUp): 201 POST http://10.0.2.15:9696/v2.0/security-group-rules 0.109s
2015-12-20 22:15:30,389 20256 DEBUG    [tempest_lib.common.rest_client] Request - Headers: {'Content-Type': 'application/json', 'Accept': 'application/json', 'X-Auth-Token': '&lt;omitted&gt;'}
        Body: {"security_group_rule": {"direction": "ingress", "protocol": "tcp", "tenant_id": "564e46c93c484d87bede7caac3f39d78", "port_range_max": 22, "security_group_id": "d3c66781-6a72-4888-8486-51c023f7cd18", "port_range_min": 22}}
    Response - Headers: {'status': '201', 'content-length': '340', 'connection': 'close', 'date': 'Sun, 20 Dec 2015 22:15:30 GMT', 'content-type': 'application/json; charset=UTF-8', 'x-openstack-request-id': 'req-32d73a7c-e6c3-48ed-86fb-148d9bf7d22d'}
        Body: {"security_group_rule": {"remote_group_id": null, "direction": "ingress", "remote_ip_prefix": null, "protocol": "tcp", "ethertype": "IPv4", "tenant_id": "564e46c93c484d87bede7caac3f39d78", "port_range_max": 22, "port_range_min": 22, "id": "869bc25b-e9b6-4167-9245-7f20c057c00b", "security_group_id": "d3c66781-6a72-4888-8486-51c023f7cd18"}}
2015-12-20 22:15:30,621 20256 INFO     [tempest_lib.common.rest_client] Request (TestGettingAddress:setUp): 201 POST http://10.0.2.15:9696/v2.0/security-group-rules 0.231s
2015-12-20 22:15:30,623 20256 DEBUG    [tempest_lib.common.rest_client] Request - Headers: {'Content-Type': 'application/json', 'Accept': 'application/json', 'X-Auth-Token': '&lt;omitted&gt;'}
        Body: {"security_group_rule": {"direction": "egress", "protocol": "tcp", "tenant_id": "564e46c93c484d87bede7caac3f39d78", "port_range_max": 22, "security_group_id": "d3c66781-6a72-4888-8486-51c023f7cd18", "port_range_min": 22}}
    Response - Headers: {'status': '201', 'content-length': '339', 'connection': 'close', 'date': 'Sun, 20 Dec 2015 22:15:30 GMT', 'content-type': 'application/json; charset=UTF-8', 'x-openstack-request-id': 'req-7b29f799-82b8-474b-b7c5-72e64bd34f43'}
        Body: {"security_group_rule": {"remote_group_id": null, "direction": "egress", "remote_ip_prefix": null, "protocol": "tcp", "ethertype": "IPv4", "tenant_id": "564e46c93c484d87bede7caac3f39d78", "port_range_max": 22, "port_range_min": 22, "id": "da377a5a-01d4-43d3-aa5f-80d2e1dba391", "security_group_id": "d3c66781-6a72-4888-8486-51c023f7cd18"}}
2015-12-20 22:15:30,755 20256 INFO     [tempest_lib.common.rest_client] Request (TestGettingAddress:setUp): 201 POST http://10.0.2.15:9696/v2.0/security-group-rules 0.131s
2015-12-20 22:15:30,755 20256 DEBUG    [tempest_lib.common.rest_client] Request - Headers: {'Content-Type': 'application/json', 'Accept': 'application/json', 'X-Auth-Token': '&lt;omitted&gt;'}
        Body: {"security_group_rule": {"tenant_id": "564e46c93c484d87bede7caac3f39d78", "direction": "ingress", "protocol": "icmp", "security_group_id": "d3c66781-6a72-4888-8486-51c023f7cd18"}}
    Response - Headers: {'status': '201', 'content-length': '345', 'connection': 'close', 'date': 'Sun, 20 Dec 2015 22:15:30 GMT', 'content-type': 'application/json; charset=UTF-8', 'x-openstack-request-id': 'req-16284448-8d0a-4ffe-a45f-49da5135d86f'}
        Body: {"security_group_rule": {"remote_group_id": null, "direction": "ingress", "remote_ip_prefix": null, "protocol": "icmp", "ethertype": "IPv4", "tenant_id": "564e46c93c484d87bede7caac3f39d78", "port_range_max": null, "port_range_min": null, "id": "4a0e74e0-aa0d-42ed-8429-2ba28f0311c5", "security_group_id": "d3c66781-6a72-4888-8486-51c023f7cd18"}}
2015-12-20 22:15:30,872 20256 INFO     [tempest_lib.common.rest_client] Request (TestGettingAddress:setUp): 201 POST http://10.0.2.15:9696/v2.0/security-group-rules 0.115s
2015-12-20 22:15:30,873 20256 DEBUG    [tempest_lib.common.rest_client] Request - Headers: {'Content-Type': 'application/json', 'Accept': 'application/json', 'X-Auth-Token': '&lt;omitted&gt;'}
        Body: {"security_group_rule": {"tenant_id": "564e46c93c484d87bede7caac3f39d78", "direction": "egress", "protocol": "icmp", "security_group_id": "d3c66781-6a72-4888-8486-51c023f7cd18"}}
    Response - Headers: {'status': '201', 'content-length': '344', 'connection': 'close', 'date': 'Sun, 20 Dec 2015 22:15:30 GMT', 'content-type': 'application/json; charset=UTF-8', 'x-openstack-request-id': 'req-646bfe8f-30d4-4736-b8b5-85fabd54e0e5'}
        Body: {"security_group_rule": {"remote_group_id": null, "direction": "egress", "remote_ip_prefix": null, "protocol": "icmp", "ethertype": "IPv4", "tenant_id": "564e46c93c484d87bede7caac3f39d78", "port_range_max": null, "port_range_min": null, "id": "9c04cc82-d4e5-4f85-b30c-a7aca56ffc11", "security_group_id": "d3c66781-6a72-4888-8486-51c023f7cd18"}}
2015-12-20 22:15:30,996 20256 INFO     [tempest_lib.common.rest_client] Request (TestGettingAddress:setUp): 201 POST http://10.0.2.15:9696/v2.0/security-group-rules 0.122s
2015-12-20 22:15:30,996 20256 DEBUG    [tempest_lib.common.rest_client] Request - Headers: {'Content-Type': 'application/json', 'Accept': 'application/json', 'X-Auth-Token': '&lt;omitted&gt;'}
        Body: {"security_group_rule": {"tenant_id": "564e46c93c484d87bede7caac3f39d78", "direction": "ingress", "security_group_id": "d3c66781-6a72-4888-8486-51c023f7cd18", "protocol": "icmp", "ethertype": "IPv6"}}
    Response - Headers: {'status': '201', 'content-length': '345', 'connection': 'close', 'date': 'Sun, 20 Dec 2015 22:15:30 GMT', 'content-type': 'application/json; charset=UTF-8', 'x-openstack-request-id': 'req-757b2e27-2314-46cd-98f6-1dbc96f8e329'}
        Body: {"security_group_rule": {"remote_group_id": null, "direction": "ingress", "remote_ip_prefix": null, "protocol": "icmp", "ethertype": "IPv6", "tenant_id": "564e46c93c484d87bede7caac3f39d78", "port_range_max": null, "port_range_min": null, "id": "81dd31ae-2a92-4279-bb99-056224d63f4d", "security_group_id": "d3c66781-6a72-4888-8486-51c023f7cd18"}}
2015-12-20 22:15:31,112 20256 INFO     [tempest_lib.common.rest_client] Request (TestGettingAddress:setUp): 201 POST http://10.0.2.15:9696/v2.0/security-group-rules 0.115s
2015-12-20 22:15:31,113 20256 DEBUG    [tempest_lib.common.rest_client] Request - Headers: {'Content-Type': 'application/json', 'Accept': 'application/json', 'X-Auth-Token': '&lt;omitted&gt;'}
        Body: {"security_group_rule": {"tenant_id": "564e46c93c484d87bede7caac3f39d78", "direction": "egress", "security_group_id": "d3c66781-6a72-4888-8486-51c023f7cd18", "protocol": "icmp", "ethertype": "IPv6"}}
    Response - Headers: {'status': '201', 'content-length': '344', 'connection': 'close', 'date': 'Sun, 20 Dec 2015 22:15:31 GMT', 'content-type': 'application/json; charset=UTF-8', 'x-openstack-request-id': 'req-01ba09b2-6b5b-4a76-9eb0-fc46590e9655'}
        Body: {"security_group_rule": {"remote_group_id": null, "direction": "egress", "remote_ip_prefix": null, "protocol": "icmp", "ethertype": "IPv6", "tenant_id": "564e46c93c484d87bede7caac3f39d78", "port_range_max": null, "port_range_min": null, "id": "1070aaed-87a8-42ba-ad2e-8f834cac6e8a", "security_group_id": "d3c66781-6a72-4888-8486-51c023f7cd18"}}
2015-12-20 22:15:31,264 20256 INFO     [tempest_lib.common.rest_client] Request (TestGettingAddress:test_dhcp6_stateless_from_os): 201 POST http://10.0.2.15:9696/v2.0/networks 0.148s
2015-12-20 22:15:31,264 20256 DEBUG    [tempest_lib.common.rest_client] Request - Headers: {'Content-Type': 'application/json', 'Accept': 'application/json', 'X-Auth-Token': '&lt;omitted&gt;'}
        Body: {"network": {"tenant_id": "564e46c93c484d87bede7caac3f39d78", "name": "tempest-network-smoke--137647284"}}
    Response - Headers: {'status': '201', 'content-length': '295', 'connection': 'close', 'date': 'Sun, 20 Dec 2015 22:15:31 GMT', 'content-type': 'application/json; charset=UTF-8', 'x-openstack-request-id': 'req-1f677a5c-efb4-4c77-a134-8bf33ab75a54'}
        Body: {"network": {"status": "ACTIVE", "subnets": [], "name": "tempest-network-smoke--137647284", "admin_state_up": true, "tenant_id": "564e46c93c484d87bede7caac3f39d78", "mtu": 0, "router:external": false, "shared": false, "port_security_enabled": true, "id": "08f1a403-f822-4f3d-8699-4b95023d1bc7"}}
2015-12-20 22:15:31,437 20256 INFO     [tempest_lib.common.rest_client] Request (TestGettingAddress:test_dhcp6_stateless_from_os): 200 GET http://10.0.2.15:9696/v2.0/subnets?tenant_id=564e46c93c484d87bede7caac3f39d78&amp;cidr=10.100.0.0%2F28 0.171s
2015-12-20 22:15:31,438 20256 DEBUG    [tempest_lib.common.rest_client] Request - Headers: {'Content-Type': 'application/json', 'Accept': 'application/json', 'X-Auth-Token': '&lt;omitted&gt;'}
        Body: None
    Response - Headers: {'status': '200', 'content-length': '15', 'content-location': 'http://10.0.2.15:9696/v2.0/subnets?tenant_id=564e46c93c484d87bede7caac3f39d78&amp;cidr=10.100.0.0%2F28', 'connection': 'close', 'date': 'Sun, 20 Dec 2015 22:15:31 GMT', 'content-type': 'application/json; charset=UTF-8', 'x-openstack-request-id': 'req-7bb664ef-8488-4479-b212-10da23e513be'}
        Body: {"subnets": []}
2015-12-20 22:15:31,715 20256 INFO     [tempest_lib.common.rest_client] Request (TestGettingAddress:test_dhcp6_stateless_from_os): 201 POST http://10.0.2.15:9696/v2.0/subnets 0.276s
2015-12-20 22:15:31,716 20256 DEBUG    [tempest_lib.common.rest_client] Request - Headers: {'Content-Type': 'application/json', 'Accept': 'application/json', 'X-Auth-Token': '&lt;omitted&gt;'}
        Body: {"subnet": {"ip_version": 4, "tenant_id": "564e46c93c484d87bede7caac3f39d78", "cidr": "10.100.0.0/28", "network_id": "08f1a403-f822-4f3d-8699-4b95023d1bc7", "name": "tempest-sub4-1546438824"}}
    Response - Headers: {'status': '201', 'content-length': '470', 'connection': 'close', 'date': 'Sun, 20 Dec 2015 22:15:31 GMT', 'content-type': 'application/json; charset=UTF-8', 'x-openstack-request-id': 'req-540f55f6-1092-491b-8263-3789e9c2b3af'}
        Body: {"subnet": {"name": "tempest-sub4-1546438824", "enable_dhcp": true, "network_id": "08f1a403-f822-4f3d-8699-4b95023d1bc7", "tenant_id": "564e46c93c484d87bede7caac3f39d78", "dns_nameservers": [], "gateway_ip": "10.100.0.1", "ipv6_ra_mode": null, "allocation_pools": [{"start": "10.100.0.2", "end": "10.100.0.14"}], "host_routes": [], "ip_version": 4, "ipv6_address_mode": null, "cidr": "10.100.0.0/28", "id": "cd8e4eac-7d30-4947-8f5c-cc7e8aacf1a8", "subnetpool_id": null}}
2015-12-20 22:15:31,788 20256 INFO     [tempest_lib.common.rest_client] Request (TestGettingAddress:test_dhcp6_stateless_from_os): 201 POST http://10.0.2.15:9696/v2.0/routers 0.071s
2015-12-20 22:15:31,789 20256 DEBUG    [tempest_lib.common.rest_client] Request - Headers: {'Content-Type': 'application/json', 'Accept': 'application/json', 'X-Auth-Token': '&lt;omitted&gt;'}
        Body: {"router": {"tenant_id": "564e46c93c484d87bede7caac3f39d78", "name": "tempest-router-smoke-192861869", "admin_state_up": true}}
    Response - Headers: {'status': '201', 'content-length': '238', 'connection': 'close', 'date': 'Sun, 20 Dec 2015 22:15:31 GMT', 'content-type': 'application/json; charset=UTF-8', 'x-openstack-request-id': 'req-b14387e0-bf30-4d48-aff6-8d81815861cb'}
        Body: {"router": {"status": "ACTIVE", "external_gateway_info": null, "name": "tempest-router-smoke-192861869", "admin_state_up": true, "tenant_id": "564e46c93c484d87bede7caac3f39d78", "routes": [], "id": "66eb9d1f-dd9a-4c1d-93cf-4f3d7dd08b37"}}
2015-12-20 22:15:31,836 20256 INFO     [tempest_lib.common.rest_client] Request (TestGettingAddress:test_dhcp6_stateless_from_os): 200 GET http://10.0.2.15:9696/v2.0/routers/66eb9d1f-dd9a-4c1d-93cf-4f3d7dd08b37 0.046s
2015-12-20 22:15:31,836 20256 DEBUG    [tempest_lib.common.rest_client] Request - Headers: {'Content-Type': 'application/json', 'Accept': 'application/json', 'X-Auth-Token': '&lt;omitted&gt;'}
        Body: None
    Response - Headers: {'status': '200', 'content-length': '238', 'content-location': 'http://10.0.2.15:9696/v2.0/routers/66eb9d1f-dd9a-4c1d-93cf-4f3d7dd08b37', 'connection': 'close', 'date': 'Sun, 20 Dec 2015 22:15:31 GMT', 'content-type': 'application/json; charset=UTF-8', 'x-openstack-request-id': 'req-f4d87917-9111-475d-866b-4ed172945d80'}
        Body: {"router": {"status": "ACTIVE", "external_gateway_info": null, "name": "tempest-router-smoke-192861869", "admin_state_up": true, "tenant_id": "564e46c93c484d87bede7caac3f39d78", "routes": [], "id": "66eb9d1f-dd9a-4c1d-93cf-4f3d7dd08b37"}}
2015-12-20 22:15:32,433 20256 INFO     [tempest_lib.common.rest_client] Request (TestGettingAddress:test_dhcp6_stateless_from_os): 200 PUT http://10.0.2.15:9696/v2.0/routers/66eb9d1f-dd9a-4c1d-93cf-4f3d7dd08b37 0.595s
2015-12-20 22:15:32,433 20256 DEBUG    [tempest_lib.common.rest_client] Request - Headers: {'Content-Type': 'application/json', 'Accept': 'application/json', 'X-Auth-Token': '&lt;omitted&gt;'}
        Body: {"router": {"external_gateway_info": {"network_id": "24e9b05b-7803-4a66-a9ea-b806ed1b9290"}, "name": "tempest-router-smoke-192861869", "admin_state_up": true}}
    Response - Headers: {'status': '200', 'content-length': '500', 'connection': 'close', 'date': 'Sun, 20 Dec 2015 22:15:32 GMT', 'content-type': 'application/json; charset=UTF-8', 'x-openstack-request-id': 'req-89ad4fc6-2aa2-42d0-98f3-556f3a4239c1'}
        Body: {"router": {"status": "ACTIVE", "external_gateway_info": {"network_id": "24e9b05b-7803-4a66-a9ea-b806ed1b9290", "enable_snat": true, "external_fixed_ips": [{"subnet_id": "adcf8176-6e12-4a52-80c4-544af7aee9ce", "ip_address": "172.24.4.3"}, {"subnet_id": "28ea48e1-7ca6-45ea-8eaf-1beb371b453d", "ip_address": "2001:db8::4"}]}, "name": "tempest-router-smoke-192861869", "admin_state_up": true, "tenant_id": "564e46c93c484d87bede7caac3f39d78", "routes": [], "id": "66eb9d1f-dd9a-4c1d-93cf-4f3d7dd08b37"}}
2015-12-20 22:15:32,916 20256 INFO     [tempest_lib.common.rest_client] Request (TestGettingAddress:test_dhcp6_stateless_from_os): 200 PUT http://10.0.2.15:9696/v2.0/routers/66eb9d1f-dd9a-4c1d-93cf-4f3d7dd08b37/add_router_interface 0.482s
2015-12-20 22:15:32,917 20256 DEBUG    [tempest_lib.common.rest_client] Request - Headers: {'Content-Type': 'application/json', 'Accept': 'application/json', 'X-Auth-Token': '&lt;omitted&gt;'}
        Body: {"subnet_id": "cd8e4eac-7d30-4947-8f5c-cc7e8aacf1a8"}
    Response - Headers: {'status': '200', 'content-length': '255', 'connection': 'close', 'date': 'Sun, 20 Dec 2015 22:15:32 GMT', 'content-type': 'application/json; charset=UTF-8', 'x-openstack-request-id': 'req-9bcd837e-d88b-479c-a6bf-6cad39957df6'}
        Body: {"subnet_id": "cd8e4eac-7d30-4947-8f5c-cc7e8aacf1a8", "tenant_id": "564e46c93c484d87bede7caac3f39d78", "subnet_ids": ["cd8e4eac-7d30-4947-8f5c-cc7e8aacf1a8"], "port_id": "a342c527-e001-4aff-9862-23576504bb22", "id": "66eb9d1f-dd9a-4c1d-93cf-4f3d7dd08b37"}
2015-12-20 22:15:32,949 20256 INFO     [tempest_lib.common.rest_client] Request (TestGettingAddress:test_dhcp6_stateless_from_os): 200 GET http://10.0.2.15:9696/v2.0/subnets?tenant_id=564e46c93c484d87bede7caac3f39d78&amp;cidr=2003%3A%3A%2F64 0.031s
2015-12-20 22:15:32,949 20256 DEBUG    [tempest_lib.common.rest_client] Request - Headers: {'Content-Type': 'application/json', 'Accept': 'application/json', 'X-Auth-Token': '&lt;omitted&gt;'}
        Body: None
    Response - Headers: {'status': '200', 'content-length': '15', 'content-location': 'http://10.0.2.15:9696/v2.0/subnets?tenant_id=564e46c93c484d87bede7caac3f39d78&amp;cidr=2003%3A%3A%2F64', 'connection': 'close', 'date': 'Sun, 20 Dec 2015 22:15:32 GMT', 'content-type': 'application/json; charset=UTF-8', 'x-openstack-request-id': 'req-a96346ed-0ac6-4b0a-8687-52a723ad3bd4'}
        Body: {"subnets": []}
2015-12-20 22:15:33,268 20256 INFO     [tempest_lib.common.rest_client] Request (TestGettingAddress:test_dhcp6_stateless_from_os): 201 POST http://10.0.2.15:9696/v2.0/subnets 0.317s
2015-12-20 22:15:33,268 20256 DEBUG    [tempest_lib.common.rest_client] Request - Headers: {'Content-Type': 'application/json', 'Accept': 'application/json', 'X-Auth-Token': '&lt;omitted&gt;'}
        Body: {"subnet": {"name": "tempest-sub6-84276521", "network_id": "08f1a403-f822-4f3d-8699-4b95023d1bc7", "tenant_id": "564e46c93c484d87bede7caac3f39d78", "ipv6_ra_mode": "dhcpv6-stateless", "ip_version": 6, "ipv6_address_mode": "dhcpv6-stateless", "cidr": "2003::/64"}}
    Response - Headers: {'status': '201', 'content-length': '500', 'connection': 'close', 'date': 'Sun, 20 Dec 2015 22:15:33 GMT', 'content-type': 'application/json; charset=UTF-8', 'x-openstack-request-id': 'req-168d4f2c-dd1f-493e-885d-5798fd11063e'}
        Body: {"subnet": {"name": "tempest-sub6-84276521", "enable_dhcp": true, "network_id": "08f1a403-f822-4f3d-8699-4b95023d1bc7", "tenant_id": "564e46c93c484d87bede7caac3f39d78", "dns_nameservers": [], "gateway_ip": "2003::1", "ipv6_ra_mode": "dhcpv6-stateless", "allocation_pools": [{"start": "2003::2", "end": "2003::ffff:ffff:ffff:ffff"}], "host_routes": [], "ip_version": 6, "ipv6_address_mode": "dhcpv6-stateless", "cidr": "2003::/64", "id": "d938e992-46ab-414d-b05e-6661258140bd", "subnetpool_id": null}}
2015-12-20 22:15:33,740 20256 INFO     [tempest_lib.common.rest_client] Request (TestGettingAddress:test_dhcp6_stateless_from_os): 200 PUT http://10.0.2.15:9696/v2.0/routers/66eb9d1f-dd9a-4c1d-93cf-4f3d7dd08b37/add_router_interface 0.471s
2015-12-20 22:15:33,741 20256 DEBUG    [tempest_lib.common.rest_client] Request - Headers: {'Content-Type': 'application/json', 'Accept': 'application/json', 'X-Auth-Token': '&lt;omitted&gt;'}
        Body: {"subnet_id": "d938e992-46ab-414d-b05e-6661258140bd"}
    Response - Headers: {'status': '200', 'content-length': '255', 'connection': 'close', 'date': 'Sun, 20 Dec 2015 22:15:33 GMT', 'content-type': 'application/json; charset=UTF-8', 'x-openstack-request-id': 'req-55a3d325-ac90-49e6-bd19-85b3fb4802b8'}
        Body: {"subnet_id": "d938e992-46ab-414d-b05e-6661258140bd", "tenant_id": "564e46c93c484d87bede7caac3f39d78", "subnet_ids": ["d938e992-46ab-414d-b05e-6661258140bd"], "port_id": "e044a9df-6945-41cf-add9-f4016460c687", "id": "66eb9d1f-dd9a-4c1d-93cf-4f3d7dd08b37"}
2015-12-20 22:15:33,846 20256 INFO     [tempest_lib.common.rest_client] Request (TestGettingAddress:test_dhcp6_stateless_from_os): 200 POST http://10.0.2.15:5000/v2.0/tokens
2015-12-20 22:15:33,846 20256 DEBUG    [tempest_lib.common.rest_client] Request - Headers: {'Content-Type': 'application/json', 'Accept': 'application/json'}
        Body: &lt;omitted&gt;
    Response - Headers: {'status': '200', 'content-length': '2524', 'vary': 'X-Auth-Token', 'server': 'Apache/2.4.7 (Ubuntu)', 'connection': 'close', 'date': 'Sun, 20 Dec 2015 22:15:33 GMT', 'content-type': 'application/json', 'x-openstack-request-id': 'req-31b05ff5-522d-4865-9e70-f946fd50c408'}
        Body: {"access": {"token": {"issued_at": "2015-12-20T22:15:33.833369", "expires": "2015-12-20T23:15:33Z", "id": "3941e15c18574a8a9586b68326f328d7", "tenant": {"description": "tempest-TestGettingAddress-1227310412-desc", "enabled": true, "id": "564e46c93c484d87bede7caac3f39d78", "name": "tempest-TestGettingAddress-1227310412"}, "audit_ids": ["wG_zSr30TS-RJCAfga6MHQ"]}, "serviceCatalog": [{"endpoints": [{"adminURL": "http://10.0.2.15:8774/v2.1/564e46c93c484d87bede7caac3f39d78", "region": "RegionOne", "internalURL": "http://10.0.2.15:8774/v2.1/564e46c93c484d87bede7caac3f39d78", "id": "2e497ffa333d4a31918954f27a4db9e5", "publicURL": "http://10.0.2.15:8774/v2.1/564e46c93c484d87bede7caac3f39d78"}], "endpoints_links": [], "type": "compute", "name": "nova"}, {"endpoints": [{"adminURL": "http://10.0.2.15:9696/", "region": "RegionOne", "internalURL": "http://10.0.2.15:9696/", "id": "0c88e18f5bdd433abc7538edefa78db4", "publicURL": "http://10.0.2.15:9696/"}], "endpoints_links": [], "type": "network", "name": "neutron"}, {"endpoints": [{"adminURL": "http://10.0.2.15:9292", "region": "RegionOne", "internalURL": "http://10.0.2.15:9292", "id": "6850b524af954b61a641a2b8bc471842", "publicURL": "http://10.0.2.15:9292"}], "endpoints_links": [], "type": "image", "name": "glance"}, {"endpoints": [{"adminURL": "http://10.0.2.15:8774/v2/564e46c93c484d87bede7caac3f39d78", "region": "RegionOne", "internalURL": "http://10.0.2.15:8774/v2/564e46c93c484d87bede7caac3f39d78", "id": "274cd5ab538340e697b324aa75fb47f1", "publicURL": "http://10.0.2.15:8774/v2/564e46c93c484d87bede7caac3f39d78"}], "endpoints_links": [], "type": "compute_legacy", "name": "nova_legacy"}, {"endpoints": [{"adminURL": "http://10.0.2.15:8773/", "region": "RegionOne", "internalURL": "http://10.0.2.15:8773/", "id": "04540f7a2aa84562bc6b52a526128080", "publicURL": "http://10.0.2.15:8773/"}], "endpoints_links": [], "type": "ec2", "name": "ec2"}, {"endpoints": [{"adminURL": "http://10.0.2.15:35357/v2.0", "region": "RegionOne", "internalURL": "http://10.0.2.15:5000/v2.0", "id": "2068b054db3d4e9cbf7d9ba3266f0e68", "publicURL": "http://10.0.2.15:5000/v2.0"}], "endpoints_links": [], "type": "identity", "name": "keystone"}], "user": {"username": "tempest-TestGettingAddress-306294744", "roles_links": [], "id": "2ebf56e1fdcc4acb893c23c39d90d56c", "roles": [{"name": "_member_"}, {"name": "Member"}], "name": "tempest-TestGettingAddress-306294744"}, "metadata": {"is_admin": 0, "roles": ["9fe2ff9ee4384b1894a90878d3e92bab", "3c2514c3577d488e9ad708c015172634"]}}}
2015-12-20 22:15:33,853 20256 DEBUG    [tempest.common.fixed_network] (TestGettingAddress:test_dhcp6_stateless_from_os) No valid network provided or created, defaulting to fixed_network_name
2015-12-20 22:15:34,176 20256 INFO     [tempest_lib.common.rest_client] Request (TestGettingAddress:test_dhcp6_stateless_from_os): 200 GET http://10.0.2.15:8774/v2.1/564e46c93c484d87bede7caac3f39d78/os-networks 0.322s
2015-12-20 22:15:34,178 20256 DEBUG    [tempest_lib.common.rest_client] Request - Headers: {'Content-Type': 'application/json', 'Accept': 'application/json', 'X-Auth-Token': '&lt;omitted&gt;'}
        Body: None
    Response - Headers: {'status': '200', 'content-length': '478', 'content-location': 'http://10.0.2.15:8774/v2.1/564e46c93c484d87bede7caac3f39d78/os-networks', 'x-compute-request-id': 'req-28ece876-9065-4456-807b-44848bd8a086', 'vary': 'X-OpenStack-Nova-API-Version', 'connection': 'close', 'x-openstack-nova-api-version': '2.1', 'date': 'Sun, 20 Dec 2015 22:15:34 GMT', 'content-type': 'application/json'}
        Body: {"networks": [{"cidr_v6": null, "dns2": null, "dns1": null, "gateway": null, "broadcast": null, "netmask": null, "gateway_v6": null, "cidr": null, "label": "tempest-network-smoke--137647284", "id": "08f1a403-f822-4f3d-8699-4b95023d1bc7", "netmask_v6": null}, {"cidr_v6": null, "dns2": null, "dns1": null, "gateway": null, "broadcast": null, "netmask": null, "gateway_v6": null, "cidr": null, "label": "public", "id": "24e9b05b-7803-4a66-a9ea-b806ed1b9290", "netmask_v6": null}]}
2015-12-20 22:15:34,178 20256 WARNING  [tempest.common.fixed_network] (TestGettingAddress:test_dhcp6_stateless_from_os) Network with name: private not found
2015-12-20 22:15:34,179 20256 INFO     [tempest.common.fixed_network] (TestGettingAddress:test_dhcp6_stateless_from_os) Found network {} available for tenant
2015-12-20 22:15:36,114 20256 INFO     [tempest_lib.common.rest_client] Request (TestGettingAddress:test_dhcp6_stateless_from_os): 202 POST http://10.0.2.15:8774/v2.1/564e46c93c484d87bede7caac3f39d78/servers 1.933s
2015-12-20 22:15:36,115 20256 DEBUG    [tempest_lib.common.rest_client] Request - Headers: {'Content-Type': 'application/json', 'Accept': 'application/json', 'X-Auth-Token': '&lt;omitted&gt;'}
        Body: {"server": {"name": "tempest.common.compute-instance-222707840", "imageRef": "9ad42545-b1b4-44ad-b9ec-5a2bfd864383", "key_name": "tempest-TestGettingAddress-2099192128", "flavorRef": "42", "networks": [{"uuid": "08f1a403-f822-4f3d-8699-4b95023d1bc7"}], "security_groups": [{"name": "tempest-secgroup-smoke-1715868654"}]}}
    Response - Headers: {'status': '202', 'content-length': '462', 'x-compute-request-id': 'req-18280ed3-d68d-49a7-a3cd-416cee06fe0a', 'vary': 'X-OpenStack-Nova-API-Version', 'connection': 'close', 'location': 'http://10.0.2.15:8774/v2.1/564e46c93c484d87bede7caac3f39d78/servers/a25b1bbb-a545-4c8a-8b71-c5689408493f', 'x-openstack-nova-api-version': '2.1', 'date': 'Sun, 20 Dec 2015 22:15:36 GMT', 'content-type': 'application/json'}
        Body: {"server": {"security_groups": [{"name": "tempest-secgroup-smoke-1715868654"}], "OS-DCF:diskConfig": "MANUAL", "id": "a25b1bbb-a545-4c8a-8b71-c5689408493f", "links": [{"href": "http://10.0.2.15:8774/v2.1/564e46c93c484d87bede7caac3f39d78/servers/a25b1bbb-a545-4c8a-8b71-c5689408493f", "rel": "self"}, {"href": "http://10.0.2.15:8774/564e46c93c484d87bede7caac3f39d78/servers/a25b1bbb-a545-4c8a-8b71-c5689408493f", "rel": "bookmark"}], "adminPass": "VRue6DQJtS4B"}}
2015-12-20 22:15:36,321 20256 INFO     [tempest_lib.common.rest_client] Request (TestGettingAddress:test_dhcp6_stateless_from_os): 200 GET http://10.0.2.15:8774/v2.1/564e46c93c484d87bede7caac3f39d78/servers/a25b1bbb-a545-4c8a-8b71-c5689408493f 0.201s
2015-12-20 22:15:36,322 20256 DEBUG    [tempest_lib.common.rest_client] Request - Headers: {'Content-Type': 'application/json', 'Accept': 'application/json', 'X-Auth-Token': '&lt;omitted&gt;'}
        Body: None
    Response - Headers: {'status': '200', 'content-length': '1354', 'content-location': 'http://10.0.2.15:8774/v2.1/564e46c93c484d87bede7caac3f39d78/servers/a25b1bbb-a545-4c8a-8b71-c5689408493f', 'x-compute-request-id': 'req-3b32e8b3-b041-4cbf-a385-0e52ef068a98', 'vary': 'X-OpenStack-Nova-API-Version', 'connection': 'close', 'x-openstack-nova-api-version': '2.1', 'date': 'Sun, 20 Dec 2015 22:15:36 GMT', 'content-type': 'application/json'}
        Body: {"server": {"status": "BUILD", "updated": "2015-12-20T22:15:36Z", "hostId": "", "addresses": {}, "links": [{"href": "http://10.0.2.15:8774/v2.1/564e46c93c484d87bede7caac3f39d78/servers/a25b1bbb-a545-4c8a-8b71-c5689408493f", "rel": "self"}, {"href": "http://10.0.2.15:8774/564e46c93c484d87bede7caac3f39d78/servers/a25b1bbb-a545-4c8a-8b71-c5689408493f", "rel": "bookmark"}], "key_name": "tempest-TestGettingAddress-2099192128", "image": {"id": "9ad42545-b1b4-44ad-b9ec-5a2bfd864383", "links": [{"href": "http://10.0.2.15:8774/564e46c93c484d87bede7caac3f39d78/images/9ad42545-b1b4-44ad-b9ec-5a2bfd864383", "rel": "bookmark"}]}, "OS-EXT-STS:task_state": "scheduling", "OS-EXT-STS:vm_state": "building", "OS-SRV-USG:launched_at": null, "flavor": {"id": "42", "links": [{"href": "http://10.0.2.15:8774/564e46c93c484d87bede7caac3f39d78/flavors/42", "rel": "bookmark"}]}, "id": "a25b1bbb-a545-4c8a-8b71-c5689408493f", "OS-SRV-USG:terminated_at": null, "OS-EXT-AZ:availability_zone": "", "user_id": "2ebf56e1fdcc4acb893c23c39d90d56c", "name": "tempest.common.compute-instance-222707840", "created": "2015-12-20T22:15:36Z", "tenant_id": "564e46c93c484d87bede7caac3f39d78", "OS-DCF:diskConfig": "MANUAL", "os-extended-volumes:volumes_attached": [], "accessIPv4": "", "accessIPv6": "", "progress": 0, "OS-EXT-STS:power_state": 0, "config_drive": "", "metadata": {}}}
2015-12-20 22:15:37,595 20256 INFO     [tempest_lib.common.rest_client] Request (TestGettingAddress:test_dhcp6_stateless_from_os): 200 GET http://10.0.2.15:8774/v2.1/564e46c93c484d87bede7caac3f39d78/servers/a25b1bbb-a545-4c8a-8b71-c5689408493f 0.254s
2015-12-20 22:15:37,596 20256 DEBUG    [tempest_lib.common.rest_client] Request - Headers: {'Content-Type': 'application/json', 'Accept': 'application/json', 'X-Auth-Token': '&lt;omitted&gt;'}
        Body: None
    Response - Headers: {'status': '200', 'content-length': '1480', 'content-location': 'http://10.0.2.15:8774/v2.1/564e46c93c484d87bede7caac3f39d78/servers/a25b1bbb-a545-4c8a-8b71-c5689408493f', 'x-compute-request-id': 'req-39742fd5-b127-4d46-98b2-4caf39c70517', 'vary': 'X-OpenStack-Nova-API-Version', 'connection': 'close', 'x-openstack-nova-api-version': '2.1', 'date': 'Sun, 20 Dec 2015 22:15:37 GMT', 'content-type': 'application/json'}
        Body: {"server": {"status": "BUILD", "updated": "2015-12-20T22:15:37Z", "hostId": "e46b99256b8a3e369c96fe232a4dd50dfcf303b65760536e0fdafdab", "addresses": {}, "links": [{"href": "http://10.0.2.15:8774/v2.1/564e46c93c484d87bede7caac3f39d78/servers/a25b1bbb-a545-4c8a-8b71-c5689408493f", "rel": "self"}, {"href": "http://10.0.2.15:8774/564e46c93c484d87bede7caac3f39d78/servers/a25b1bbb-a545-4c8a-8b71-c5689408493f", "rel": "bookmark"}], "key_name": "tempest-TestGettingAddress-2099192128", "image": {"id": "9ad42545-b1b4-44ad-b9ec-5a2bfd864383", "links": [{"href": "http://10.0.2.15:8774/564e46c93c484d87bede7caac3f39d78/images/9ad42545-b1b4-44ad-b9ec-5a2bfd864383", "rel": "bookmark"}]}, "OS-EXT-STS:task_state": "spawning", "OS-EXT-STS:vm_state": "building", "OS-SRV-USG:launched_at": null, "flavor": {"id": "42", "links": [{"href": "http://10.0.2.15:8774/564e46c93c484d87bede7caac3f39d78/flavors/42", "rel": "bookmark"}]}, "id": "a25b1bbb-a545-4c8a-8b71-c5689408493f", "security_groups": [{"name": "tempest-secgroup-smoke-1715868654"}], "OS-SRV-USG:terminated_at": null, "OS-EXT-AZ:availability_zone": "nova", "user_id": "2ebf56e1fdcc4acb893c23c39d90d56c", "name": "tempest.common.compute-instance-222707840", "created": "2015-12-20T22:15:36Z", "tenant_id": "564e46c93c484d87bede7caac3f39d78", "OS-DCF:diskConfig": "MANUAL", "os-extended-volumes:volumes_attached": [], "accessIPv4": "", "accessIPv6": "", "progress": 0, "OS-EXT-STS:power_state": 0, "config_drive": "", "metadata": {}}}
2015-12-20 22:15:37,612 20256 INFO     [tempest.common.waiters] State transition "BUILD/scheduling" ==&gt; "BUILD/spawning" after 1 second wait
2015-12-20 22:15:38,832 20256 INFO     [tempest_lib.common.rest_client] Request (TestGettingAddress:test_dhcp6_stateless_from_os): 200 GET http://10.0.2.15:8774/v2.1/564e46c93c484d87bede7caac3f39d78/servers/a25b1bbb-a545-4c8a-8b71-c5689408493f 0.217s
2015-12-20 22:15:38,833 20256 DEBUG    [tempest_lib.common.rest_client] Request - Headers: {'Content-Type': 'application/json', 'Accept': 'application/json', 'X-Auth-Token': '&lt;omitted&gt;'}
        Body: None
    Response - Headers: {'status': '200', 'content-length': '1480', 'content-location': 'http://10.0.2.15:8774/v2.1/564e46c93c484d87bede7caac3f39d78/servers/a25b1bbb-a545-4c8a-8b71-c5689408493f', 'x-compute-request-id': 'req-dbf3eab5-01d0-42f1-b92c-46a276d762c4', 'vary': 'X-OpenStack-Nova-API-Version', 'connection': 'close', 'x-openstack-nova-api-version': '2.1', 'date': 'Sun, 20 Dec 2015 22:15:38 GMT', 'content-type': 'application/json'}
        Body: {"server": {"status": "BUILD", "updated": "2015-12-20T22:15:37Z", "hostId": "e46b99256b8a3e369c96fe232a4dd50dfcf303b65760536e0fdafdab", "addresses": {}, "links": [{"href": "http://10.0.2.15:8774/v2.1/564e46c93c484d87bede7caac3f39d78/servers/a25b1bbb-a545-4c8a-8b71-c5689408493f", "rel": "self"}, {"href": "http://10.0.2.15:8774/564e46c93c484d87bede7caac3f39d78/servers/a25b1bbb-a545-4c8a-8b71-c5689408493f", "rel": "bookmark"}], "key_name": "tempest-TestGettingAddress-2099192128", "image": {"id": "9ad42545-b1b4-44ad-b9ec-5a2bfd864383", "links": [{"href": "http://10.0.2.15:8774/564e46c93c484d87bede7caac3f39d78/images/9ad42545-b1b4-44ad-b9ec-5a2bfd864383", "rel": "bookmark"}]}, "OS-EXT-STS:task_state": "spawning", "OS-EXT-STS:vm_state": "building", "OS-SRV-USG:launched_at": null, "flavor": {"id": "42", "links": [{"href": "http://10.0.2.15:8774/564e46c93c484d87bede7caac3f39d78/flavors/42", "rel": "bookmark"}]}, "id": "a25b1bbb-a545-4c8a-8b71-c5689408493f", "security_groups": [{"name": "tempest-secgroup-smoke-1715868654"}], "OS-SRV-USG:terminated_at": null, "OS-EXT-AZ:availability_zone": "nova", "user_id": "2ebf56e1fdcc4acb893c23c39d90d56c", "name": "tempest.common.compute-instance-222707840", "created": "2015-12-20T22:15:36Z", "tenant_id": "564e46c93c484d87bede7caac3f39d78", "OS-DCF:diskConfig": "MANUAL", "os-extended-volumes:volumes_attached": [], "accessIPv4": "", "accessIPv6": "", "progress": 0, "OS-EXT-STS:power_state": 0, "config_drive": "", "metadata": {}}}
2015-12-20 22:15:40,023 20256 INFO     [tempest_lib.common.rest_client] Request (TestGettingAddress:test_dhcp6_stateless_from_os): 200 GET http://10.0.2.15:8774/v2.1/564e46c93c484d87bede7caac3f39d78/servers/a25b1bbb-a545-4c8a-8b71-c5689408493f 0.180s
2015-12-20 22:15:40,023 20256 DEBUG    [tempest_lib.common.rest_client] Request - Headers: {'Content-Type': 'application/json', 'Accept': 'application/json', 'X-Auth-Token': '&lt;omitted&gt;'}
        Body: None
    Response - Headers: {'status': '200', 'content-length': '1780', 'content-location': 'http://10.0.2.15:8774/v2.1/564e46c93c484d87bede7caac3f39d78/servers/a25b1bbb-a545-4c8a-8b71-c5689408493f', 'x-compute-request-id': 'req-6e89ba8d-1bcd-4f56-921a-1611ed449994', 'vary': 'X-OpenStack-Nova-API-Version', 'connection': 'close', 'x-openstack-nova-api-version': '2.1', 'date': 'Sun, 20 Dec 2015 22:15:40 GMT', 'content-type': 'application/json'}
        Body: {"server": {"status": "ACTIVE", "updated": "2015-12-20T22:15:39Z", "hostId": "e46b99256b8a3e369c96fe232a4dd50dfcf303b65760536e0fdafdab", "addresses": {"tempest-network-smoke--137647284": [{"OS-EXT-IPS-MAC:mac_addr": "fa:16:3e:54:3d:8b", "version": 4, "addr": "10.100.0.3", "OS-EXT-IPS:type": "fixed"}, {"OS-EXT-IPS-MAC:mac_addr": "fa:16:3e:54:3d:8b", "version": 6, "addr": "2003::f816:3eff:fe54:3d8b", "OS-EXT-IPS:type": "fixed"}]}, "links": [{"href": "http://10.0.2.15:8774/v2.1/564e46c93c484d87bede7caac3f39d78/servers/a25b1bbb-a545-4c8a-8b71-c5689408493f", "rel": "self"}, {"href": "http://10.0.2.15:8774/564e46c93c484d87bede7caac3f39d78/servers/a25b1bbb-a545-4c8a-8b71-c5689408493f", "rel": "bookmark"}], "key_name": "tempest-TestGettingAddress-2099192128", "image": {"id": "9ad42545-b1b4-44ad-b9ec-5a2bfd864383", "links": [{"href": "http://10.0.2.15:8774/564e46c93c484d87bede7caac3f39d78/images/9ad42545-b1b4-44ad-b9ec-5a2bfd864383", "rel": "bookmark"}]}, "OS-EXT-STS:task_state": null, "OS-EXT-STS:vm_state": "active", "OS-SRV-USG:launched_at": "2015-12-20T22:15:39.000000", "flavor": {"id": "42", "links": [{"href": "http://10.0.2.15:8774/564e46c93c484d87bede7caac3f39d78/flavors/42", "rel": "bookmark"}]}, "id": "a25b1bbb-a545-4c8a-8b71-c5689408493f", "security_groups": [{"name": "tempest-secgroup-smoke-1715868654"}], "OS-SRV-USG:terminated_at": null, "OS-EXT-AZ:availability_zone": "nova", "user_id": "2ebf56e1fdcc4acb893c23c39d90d56c", "name": "tempest.common.compute-instance-222707840", "created": "2015-12-20T22:15:36Z", "tenant_id": "564e46c93c484d87bede7caac3f39d78", "OS-DCF:diskConfig": "MANUAL", "os-extended-volumes:volumes_attached": [], "accessIPv4": "", "accessIPv6": "", "progress": 0, "OS-EXT-STS:power_state": 1, "config_drive": "True", "metadata": {}}}
2015-12-20 22:15:40,031 20256 INFO     [tempest.common.waiters] State transition "BUILD/spawning" ==&gt; "ACTIVE/None" after 4 second wait
2015-12-20 22:15:40,222 20256 INFO     [tempest_lib.common.rest_client] Request (TestGettingAddress:test_dhcp6_stateless_from_os): 200 GET http://10.0.2.15:8774/v2.1/564e46c93c484d87bede7caac3f39d78/servers/a25b1bbb-a545-4c8a-8b71-c5689408493f 0.190s
2015-12-20 22:15:40,223 20256 DEBUG    [tempest_lib.common.rest_client] Request - Headers: {'Content-Type': 'application/json', 'Accept': 'application/json', 'X-Auth-Token': '&lt;omitted&gt;'}
        Body: None
    Response - Headers: {'status': '200', 'content-length': '1780', 'content-location': 'http://10.0.2.15:8774/v2.1/564e46c93c484d87bede7caac3f39d78/servers/a25b1bbb-a545-4c8a-8b71-c5689408493f', 'x-compute-request-id': 'req-8417ecbb-8d14-4175-a2da-adf51be4545c', 'vary': 'X-OpenStack-Nova-API-Version', 'connection': 'close', 'x-openstack-nova-api-version': '2.1', 'date': 'Sun, 20 Dec 2015 22:15:40 GMT', 'content-type': 'application/json'}
        Body: {"server": {"status": "ACTIVE", "updated": "2015-12-20T22:15:39Z", "hostId": "e46b99256b8a3e369c96fe232a4dd50dfcf303b65760536e0fdafdab", "addresses": {"tempest-network-smoke--137647284": [{"OS-EXT-IPS-MAC:mac_addr": "fa:16:3e:54:3d:8b", "version": 4, "addr": "10.100.0.3", "OS-EXT-IPS:type": "fixed"}, {"OS-EXT-IPS-MAC:mac_addr": "fa:16:3e:54:3d:8b", "version": 6, "addr": "2003::f816:3eff:fe54:3d8b", "OS-EXT-IPS:type": "fixed"}]}, "links": [{"href": "http://10.0.2.15:8774/v2.1/564e46c93c484d87bede7caac3f39d78/servers/a25b1bbb-a545-4c8a-8b71-c5689408493f", "rel": "self"}, {"href": "http://10.0.2.15:8774/564e46c93c484d87bede7caac3f39d78/servers/a25b1bbb-a545-4c8a-8b71-c5689408493f", "rel": "bookmark"}], "key_name": "tempest-TestGettingAddress-2099192128", "image": {"id": "9ad42545-b1b4-44ad-b9ec-5a2bfd864383", "links": [{"href": "http://10.0.2.15:8774/564e46c93c484d87bede7caac3f39d78/images/9ad42545-b1b4-44ad-b9ec-5a2bfd864383", "rel": "bookmark"}]}, "OS-EXT-STS:task_state": null, "OS-EXT-STS:vm_state": "active", "OS-SRV-USG:launched_at": "2015-12-20T22:15:39.000000", "flavor": {"id": "42", "links": [{"href": "http://10.0.2.15:8774/564e46c93c484d87bede7caac3f39d78/flavors/42", "rel": "bookmark"}]}, "id": "a25b1bbb-a545-4c8a-8b71-c5689408493f", "security_groups": [{"name": "tempest-secgroup-smoke-1715868654"}], "OS-SRV-USG:terminated_at": null, "OS-EXT-AZ:availability_zone": "nova", "user_id": "2ebf56e1fdcc4acb893c23c39d90d56c", "name": "tempest.common.compute-instance-222707840", "created": "2015-12-20T22:15:36Z", "tenant_id": "564e46c93c484d87bede7caac3f39d78", "OS-DCF:diskConfig": "MANUAL", "os-extended-volumes:volumes_attached": [], "accessIPv4": "", "accessIPv6": "", "progress": 0, "OS-EXT-STS:power_state": 1, "config_drive": "True", "metadata": {}}}
2015-12-20 22:15:40,263 20256 INFO     [tempest_lib.common.rest_client] Request (TestGettingAddress:test_dhcp6_stateless_from_os): 200 GET http://10.0.2.15:9696/v2.0/ports?status=ACTIVE&amp;fixed_ip=None&amp;device_id=a25b1bbb-a545-4c8a-8b71-c5689408493f 0.031s
2015-12-20 22:15:40,263 20256 DEBUG    [tempest_lib.common.rest_client] Request - Headers: {'Content-Type': 'application/json', 'Accept': 'application/json', 'X-Auth-Token': '&lt;omitted&gt;'}
        Body: None
    Response - Headers: {'status': '200', 'content-length': '1142', 'content-location': 'http://10.0.2.15:9696/v2.0/ports?status=ACTIVE&amp;fixed_ip=None&amp;device_id=a25b1bbb-a545-4c8a-8b71-c5689408493f', 'connection': 'close', 'date': 'Sun, 20 Dec 2015 22:15:40 GMT', 'content-type': 'application/json; charset=UTF-8', 'x-openstack-request-id': 'req-02300c42-4a4f-4b6a-81f7-12a066aa5ab8'}
        Body: {"ports": [{"status": "ACTIVE", "binding:host_id": "vagrant-ubuntu-trusty-64", "allowed_address_pairs": [], "extra_dhcp_opts": [], "dns_assignment": [{"hostname": "host-10-100-0-3", "ip_address": "10.100.0.3", "fqdn": "host-10-100-0-3.openstacklocal."}, {"hostname": "host-2003--f816-3eff-fe54-3d8b", "ip_address": "2003::f816:3eff:fe54:3d8b", "fqdn": "host-2003--f816-3eff-fe54-3d8b.openstacklocal."}], "device_owner": "compute:None", "port_security_enabled": true, "binding:profile": {}, "fixed_ips": [{"subnet_id": "cd8e4eac-7d30-4947-8f5c-cc7e8aacf1a8", "ip_address": "10.100.0.3"}, {"subnet_id": "d938e992-46ab-414d-b05e-6661258140bd", "ip_address": "2003::f816:3eff:fe54:3d8b"}], "id": "9e2465d6-fa29-4763-82d4-899eee9a15b2", "security_groups": ["d3c66781-6a72-4888-8486-51c023f7cd18"], "device_id": "a25b1bbb-a545-4c8a-8b71-c5689408493f", "name": "", "admin_state_up": true, "network_id": "08f1a403-f822-4f3d-8699-4b95023d1bc7", "dns_name": "", "binding:vif_details": {"port_filter": true}, "binding:vnic_type": "normal", "binding:vif_type": "ovs", "tenant_id": "564e46c93c484d87bede7caac3f39d78", "mac_address": "fa:16:3e:54:3d:8b"}]}
2015-12-20 22:15:40,656 20256 INFO     [tempest_lib.common.rest_client] Request (TestGettingAddress:test_dhcp6_stateless_from_os): 201 POST http://10.0.2.15:9696/v2.0/floatingips 0.392s
2015-12-20 22:15:40,656 20256 DEBUG    [tempest_lib.common.rest_client] Request - Headers: {'Content-Type': 'application/json', 'Accept': 'application/json', 'X-Auth-Token': '&lt;omitted&gt;'}
        Body: {"floatingip": {"floating_network_id": "24e9b05b-7803-4a66-a9ea-b806ed1b9290", "tenant_id": "564e46c93c484d87bede7caac3f39d78", "fixed_ip_address": "10.100.0.3", "port_id": "9e2465d6-fa29-4763-82d4-899eee9a15b2"}}
    Response - Headers: {'status': '201', 'content-length': '367', 'connection': 'close', 'date': 'Sun, 20 Dec 2015 22:15:40 GMT', 'content-type': 'application/json; charset=UTF-8', 'x-openstack-request-id': 'req-5ab4e1f0-41b5-455a-879c-461e093300af'}
        Body: {"floatingip": {"floating_network_id": "24e9b05b-7803-4a66-a9ea-b806ed1b9290", "router_id": "66eb9d1f-dd9a-4c1d-93cf-4f3d7dd08b37", "fixed_ip_address": "10.100.0.3", "floating_ip_address": "172.24.4.4", "tenant_id": "564e46c93c484d87bede7caac3f39d78", "status": "DOWN", "port_id": "9e2465d6-fa29-4763-82d4-899eee9a15b2", "id": "6126381c-fd0e-46e8-aed4-396fa26d0937"}}
2015-12-20 22:15:40,657 20256 INFO     [tempest_lib.common.ssh] Creating ssh connection to '172.24.4.4' as 'cirros' with public key authentication
2015-12-20 22:15:44,648 20256 WARNING  [tempest_lib.common.ssh] Failed to establish authenticated ssh connection to cirros@172.24.4.4 ([Errno None] Unable to connect to port 22 on  or 172.24.4.4). Number attempts: 1. Retry after 2 seconds.
2015-12-20 22:15:50,151 20256 WARNING  [tempest_lib.common.ssh] Failed to establish authenticated ssh connection to cirros@172.24.4.4 ([Errno None] Unable to connect to port 22 on  or 172.24.4.4). Number attempts: 2. Retry after 3 seconds.
2015-12-20 22:15:56,655 20256 WARNING  [tempest_lib.common.ssh] Failed to establish authenticated ssh connection to cirros@172.24.4.4 ([Errno None] Unable to connect to port 22 on  or 172.24.4.4). Number attempts: 3. Retry after 4 seconds.
2015-12-20 22:16:04,160 20256 WARNING  [tempest_lib.common.ssh] Failed to establish authenticated ssh connection to cirros@172.24.4.4 ([Errno None] Unable to connect to port 22 on  or 172.24.4.4). Number attempts: 4. Retry after 5 seconds.
2015-12-20 22:16:12,668 20256 WARNING  [tempest_lib.common.ssh] Failed to establish authenticated ssh connection to cirros@172.24.4.4 ([Errno None] Unable to connect to port 22 on  or 172.24.4.4). Number attempts: 5. Retry after 6 seconds.
2015-12-20 22:16:22,171 20256 WARNING  [tempest_lib.common.ssh] Failed to establish authenticated ssh connection to cirros@172.24.4.4 ([Errno None] Unable to connect to port 22 on  or 172.24.4.4). Number attempts: 6. Retry after 7 seconds.
2015-12-20 22:16:32,679 20256 WARNING  [tempest_lib.common.ssh] Failed to establish authenticated ssh connection to cirros@172.24.4.4 ([Errno None] Unable to connect to port 22 on  or 172.24.4.4). Number attempts: 7. Retry after 8 seconds.
2015-12-20 22:16:44,187 20256 WARNING  [tempest_lib.common.ssh] Failed to establish authenticated ssh connection to cirros@172.24.4.4 ([Errno None] Unable to connect to port 22 on  or 172.24.4.4). Number attempts: 8. Retry after 9 seconds.
2015-12-20 22:16:56,691 20256 WARNING  [tempest_lib.common.ssh] Failed to establish authenticated ssh connection to cirros@172.24.4.4 ([Errno None] Unable to connect to port 22 on  or 172.24.4.4). Number attempts: 9. Retry after 10 seconds.
2015-12-20 22:17:10,203 20256 WARNING  [tempest_lib.common.ssh] Failed to establish authenticated ssh connection to cirros@172.24.4.4 ([Errno None] Unable to connect to port 22 on  or 172.24.4.4). Number attempts: 10. Retry after 11 seconds.
2015-12-20 22:17:24,711 20256 WARNING  [tempest_lib.common.ssh] Failed to establish authenticated ssh connection to cirros@172.24.4.4 ([Errno None] Unable to connect to port 22 on  or 172.24.4.4). Number attempts: 11. Retry after 12 seconds.
2015-12-20 22:17:40,223 20256 WARNING  [tempest_lib.common.ssh] Failed to establish authenticated ssh connection to cirros@172.24.4.4 ([Errno None] Unable to connect to port 22 on  or 172.24.4.4). Number attempts: 12. Retry after 13 seconds.
2015-12-20 22:17:56,731 20256 WARNING  [tempest_lib.common.ssh] Failed to establish authenticated ssh connection to cirros@172.24.4.4 ([Errno None] Unable to connect to port 22 on  or 172.24.4.4). Number attempts: 13. Retry after 14 seconds.
2015-12-20 22:18:14,239 20256 WARNING  [tempest_lib.common.ssh] Failed to establish authenticated ssh connection to cirros@172.24.4.4 ([Errno None] Unable to connect to port 22 on  or 172.24.4.4). Number attempts: 14. Retry after 15 seconds.
2015-12-20 22:18:32,752 20256 WARNING  [tempest_lib.common.ssh] Failed to establish authenticated ssh connection to cirros@172.24.4.4 ([Errno None] Unable to connect to port 22 on  or 172.24.4.4). Number attempts: 15. Retry after 16 seconds.
2015-12-20 22:18:52,271 20256 WARNING  [tempest_lib.common.ssh] Failed to establish authenticated ssh connection to cirros@172.24.4.4 ([Errno None] Unable to connect to port 22 on  or 172.24.4.4). Number attempts: 16. Retry after 17 seconds.
2015-12-20 22:19:12,787 20256 WARNING  [tempest_lib.common.ssh] Failed to establish authenticated ssh connection to cirros@172.24.4.4 ([Errno None] Unable to connect to port 22 on  or 172.24.4.4). Number attempts: 17. Retry after 18 seconds.
2015-12-20 22:19:34,307 20256 WARNING  [tempest_lib.common.ssh] Failed to establish authenticated ssh connection to cirros@172.24.4.4 ([Errno None] Unable to connect to port 22 on  or 172.24.4.4). Number attempts: 18. Retry after 19 seconds.
2015-12-20 22:19:56,827 20256 WARNING  [tempest_lib.common.ssh] Failed to establish authenticated ssh connection to cirros@172.24.4.4 ([Errno None] Unable to connect to port 22 on  or 172.24.4.4). Number attempts: 19. Retry after 20 seconds.
2015-12-20 22:20:20,347 20256 WARNING  [tempest_lib.common.ssh] Failed to establish authenticated ssh connection to cirros@172.24.4.4 ([Errno None] Unable to connect to port 22 on  or 172.24.4.4). Number attempts: 20. Retry after 21 seconds.
2015-12-20 22:20:44,851 20256 ERROR    [tempest_lib.common.ssh] Failed to establish authenticated ssh connection to cirros@172.24.4.4 after 20 attempts
2015-12-20 22:20:44.851 20256 ERROR tempest_lib.common.ssh Traceback (most recent call last):
2015-12-20 22:20:44.851 20256 ERROR tempest_lib.common.ssh   File "/usr/local/lib/python2.7/dist-packages/tempest_lib/common/ssh.py", line 75, in _get_ssh_connection
2015-12-20 22:20:44.851 20256 ERROR tempest_lib.common.ssh     timeout=self.channel_timeout, pkey=self.pkey)
2015-12-20 22:20:44.851 20256 ERROR tempest_lib.common.ssh   File "/usr/local/lib/python2.7/dist-packages/paramiko/client.py", line 311, in connect
2015-12-20 22:20:44.851 20256 ERROR tempest_lib.common.ssh     raise NoValidConnectionsError(errors)
2015-12-20 22:20:44.851 20256 ERROR tempest_lib.common.ssh NoValidConnectionsError: [Errno None] Unable to connect to port 22 on  or 172.24.4.4
2015-12-20 22:20:44.851 20256 ERROR tempest_lib.common.ssh 
2015-12-20 22:20:44,855 20256 ERROR    [tempest.scenario.manager] (TestGettingAddress:test_dhcp6_stateless_from_os) Initializing SSH connection to 172.24.4.4 failed. Error: Connection to the 172.24.4.4 via SSH timed out.
User: cirros, Password: None
2015-12-20 22:20:44.855 20256 ERROR tempest.scenario.manager Traceback (most recent call last):
2015-12-20 22:20:44.855 20256 ERROR tempest.scenario.manager   File "tempest/scenario/manager.py", line 385, in get_remote_client
2015-12-20 22:20:44.855 20256 ERROR tempest.scenario.manager     linux_client.validate_authentication()
2015-12-20 22:20:44.855 20256 ERROR tempest.scenario.manager   File "tempest/common/utils/linux/remote_client.py", line 63, in validate_authentication
2015-12-20 22:20:44.855 20256 ERROR tempest.scenario.manager     self.ssh_client.test_connection_auth()
2015-12-20 22:20:44.855 20256 ERROR tempest.scenario.manager   File "/usr/local/lib/python2.7/dist-packages/tempest_lib/common/ssh.py", line 167, in test_connection_auth
2015-12-20 22:20:44.855 20256 ERROR tempest.scenario.manager     connection = self._get_ssh_connection()
2015-12-20 22:20:44.855 20256 ERROR tempest.scenario.manager   File "/usr/local/lib/python2.7/dist-packages/tempest_lib/common/ssh.py", line 87, in _get_ssh_connection
2015-12-20 22:20:44.855 20256 ERROR tempest.scenario.manager     password=self.password)
2015-12-20 22:20:44.855 20256 ERROR tempest.scenario.manager SSHTimeout: Connection to the 172.24.4.4 via SSH timed out.
2015-12-20 22:20:44.855 20256 ERROR tempest.scenario.manager User: cirros, Password: None
2015-12-20 22:20:44.855 20256 ERROR tempest.scenario.manager 
2015-12-20 22:20:45,070 20256 INFO     [tempest_lib.common.rest_client] Request (TestGettingAddress:test_dhcp6_stateless_from_os): 200 GET http://10.0.2.15:8774/v2.1/564e46c93c484d87bede7caac3f39d78/servers 0.212s
2015-12-20 22:20:45,071 20256 DEBUG    [tempest_lib.common.rest_client] Request - Headers: {'Content-Type': 'application/json', 'Accept': 'application/json', 'X-Auth-Token': '&lt;omitted&gt;'}
        Body: None
    Response - Headers: {'status': '200', 'content-length': '390', 'content-location': 'http://10.0.2.15:8774/v2.1/564e46c93c484d87bede7caac3f39d78/servers', 'x-compute-request-id': 'req-428d8a4f-1344-4fc7-bdd1-c05ef2f47d0b', 'vary': 'X-OpenStack-Nova-API-Version', 'connection': 'close', 'x-openstack-nova-api-version': '2.1', 'date': 'Sun, 20 Dec 2015 22:20:45 GMT', 'content-type': 'application/json'}
        Body: {"servers": [{"id": "a25b1bbb-a545-4c8a-8b71-c5689408493f", "links": [{"href": "http://10.0.2.15:8774/v2.1/564e46c93c484d87bede7caac3f39d78/servers/a25b1bbb-a545-4c8a-8b71-c5689408493f", "rel": "self"}, {"href": "http://10.0.2.15:8774/564e46c93c484d87bede7caac3f39d78/servers/a25b1bbb-a545-4c8a-8b71-c5689408493f", "rel": "bookmark"}], "name": "tempest.common.compute-instance-222707840"}]}
2015-12-20 22:20:45,301 20256 INFO     [tempest_lib.common.rest_client] Request (TestGettingAddress:test_dhcp6_stateless_from_os): 200 POST http://10.0.2.15:8774/v2.1/564e46c93c484d87bede7caac3f39d78/servers/a25b1bbb-a545-4c8a-8b71-c5689408493f/action 0.225s
2015-12-20 22:20:45,302 20256 DEBUG    [tempest_lib.common.rest_client] Request - Headers: {'Content-Type': 'application/json', 'Accept': 'application/json', 'X-Auth-Token': '&lt;omitted&gt;'}
        Body: {"os-getConsoleOutput": {}}
    Response - Headers: {'status': '200', 'content-length': '24669', 'x-compute-request-id': 'req-ff80c72c-5c35-446d-b23d-5958d4e9c203', 'vary': 'X-OpenStack-Nova-API-Version', 'connection': 'close', 'x-openstack-nova-api-version': '2.1', 'date': 'Sun, 20 Dec 2015 22:20:45 GMT', 'content-type': 'application/json'}
        Body: {"output": "[    0.000000] Initializing cgroup subsys cpuset\n[    0.000000] Initializing cgroup subsys cpu\n[    0.000000] Linux version 3.2.0-80-virtual (buildd@batsu) (gcc version 4.6.3 (Ubuntu/Linaro 4.6.3-1ubuntu5) ) #116-Ubuntu SMP Mon Mar 23 17:28:52 UTC 2015 (Ubuntu 3.2.0-80.116-virtual 3.2.68)\n[    0.000000] Command line: root=/dev/vda console=tty0 console=ttyS0 no_timer_check\n[    0.000000] KERNEL supported cpus:\n[    0.000000]   Intel GenuineIntel\n[    0.000000]   AMD AuthenticAMD\n[    0.000000]   Centaur CentaurHauls\n[    0.000000] BIOS-provided physical RAM map:\n[    0.000000]  BIOS-e820: 0000000000000000 - 000000000009fc00 (usable)\n[    0.000000]  BIOS-e820: 000000000009fc00 - 00000000000a0000 (reserved)\n[    0.000000]  BIOS-e820: 00000000000f0000 - 0000000000100000 (reserved)\n[    0.000000]  BIOS-e820: 0000000000100000 - 0000000003ffe000 (usable)\n[    0.000000]  BIOS-e820: 0000000003ffe000 - 0000000004000000 (reserved)\n[    0.000000]  BIOS-e820: 00000000fffc0000 - 0000000100000000 (reserved)\n[    0.000000] NX (Execute Disable) protection: active\n[    0.000000] SMBIOS 2.4 present.\n[    0.000000] No AGP bridge found\n[    0.000000] last_pfn = 0x3ffe max_arch_pfn = 0x400000000\n[    0.000000] x86 PAT enabled: cpu 0, old 0x7040600070406, new 0x7010600070106\n[    0.000000] found SMP MP-table at [ffff8800000f0b00] f0b00\n[    0.000000] init_memory_mapping: 0000000000000000-0000000003ffe000\n[    0.000000] RAMDISK: 03c5e000 - 03ff0000\n[    0.000000] ACPI: RSDP 00000000000f0950 00014 (v00 BOCHS )\n[    0.000000] ACPI: RSDT 0000000003fffbc1 00034 (v01 BOCHS  BXPCRSDT 00000001 BXPC 00000001)\n[    0.000000] ACPI: FACP 0000000003fff1c0 00074 (v01 BOCHS  BXPCFACP 00000001 BXPC 00000001)\n[    0.000000] ACPI: DSDT 0000000003ffe040 01180 (v01 BOCHS  BXPCDSDT 00000001 BXPC 00000001)\n[    0.000000] ACPI: FACS 0000000003ffe000 00040\n[    0.000000] ACPI: SSDT 0000000003fff234 008DD (v01 BOCHS  BXPCSSDT 00000001 BXPC 00000001)\n[    0.000000] ACPI: APIC 0000000003fffb11 00078 (v01 BOCHS  BXPCAPIC 00000001 BXPC 00000001)\n[    0.000000] ACPI: HPET 0000000003fffb89 00038 (v01 BOCHS  BXPCHPET 00000001 BXPC 00000001)\n[    0.000000] No NUMA configuration found\n[    0.000000] Faking a node at 0000000000000000-0000000003ffe000\n[    0.000000] Initmem setup node 0 0000000000000000-0000000003ffe000\n[    0.000000]   NODE_DATA [0000000003ff6000 - 0000000003ffafff]\n[    0.000000] Zone PFN ranges:\n[    0.000000]   DMA      0x00000010 -&gt; 0x00001000\n[    0.000000]   DMA32    0x00001000 -&gt; 0x00100000\n[    0.000000]   Normal   empty\n[    0.000000] Movable zone start PFN for each node\n[    0.000000] early_node_map[2] active PFN ranges\n[    0.000000]     0: 0x00000010 -&gt; 0x0000009f\n[    0.000000]     0: 0x00000100 -&gt; 0x00003ffe\n[    0.000000] ACPI: PM-Timer IO Port: 0xb008\n[    0.000000] ACPI: LAPIC (acpi_id[0x00] lapic_id[0x00] enabled)\n[    0.000000] ACPI: LAPIC_NMI (acpi_id[0xff] dfl dfl lint[0x1])\n[    0.000000] ACPI: IOAPIC (id[0x00] address[0xfec00000] gsi_base[0])\n[    0.000000] IOAPIC[0]: apic_id 0, version 17, address 0xfec00000, GSI 0-23\n[    0.000000] ACPI: INT_SRC_OVR (bus 0 bus_irq 0 global_irq 2 dfl dfl)\n[    0.000000] ACPI: INT_SRC_OVR (bus 0 bus_irq 5 global_irq 5 high level)\n[    0.000000] ACPI: INT_SRC_OVR (bus 0 bus_irq 9 global_irq 9 high level)\n[    0.000000] ACPI: INT_SRC_OVR (bus 0 bus_irq 10 global_irq 10 high level)\n[    0.000000] ACPI: INT_SRC_OVR (bus 0 bus_irq 11 global_irq 11 high level)\n[    0.000000] Using ACPI (MADT) for SMP configuration information\n[    0.000000] ACPI: HPET id: 0x8086a201 base: 0xfed00000\n[    0.000000] SMP: Allowing 1 CPUs, 0 hotplug CPUs\n[    0.000000] PM: Registered nosave memory: 000000000009f000 - 00000000000a0000\n[    0.000000] PM: Registered nosave memory: 00000000000a0000 - 00000000000f0000\n[    0.000000] PM: Registered nosave memory: 00000000000f0000 - 0000000000100000\n[    0.000000] Allocating PCI resources starting at 4000000 (gap: 4000000:fbfc0000)\n[    0.000000] Booting paravirtualized kernel on bare hardware\n[    0.000000] setup_pe
2015-12-20 22:20:45,305 20256 DEBUG    [tempest.scenario.manager] Console output for a25b1bbb-a545-4c8a-8b71-c5689408493f
body=
[    0.000000] Initializing cgroup subsys cpuset
[    0.000000] Initializing cgroup subsys cpu
[    0.000000] Linux version 3.2.0-80-virtual (buildd@batsu) (gcc version 4.6.3 (Ubuntu/Linaro 4.6.3-1ubuntu5) ) #116-Ubuntu SMP Mon Mar 23 17:28:52 UTC 2015 (Ubuntu 3.2.0-80.116-virtual 3.2.68)
[    0.000000] Command line: root=/dev/vda console=tty0 console=ttyS0 no_timer_check
[    0.000000] KERNEL supported cpus:
[    0.000000]   Intel GenuineIntel
[    0.000000]   AMD AuthenticAMD
[    0.000000]   Centaur CentaurHauls
[    0.000000] BIOS-provided physical RAM map:
[    0.000000]  BIOS-e820: 0000000000000000 - 000000000009fc00 (usable)
[    0.000000]  BIOS-e820: 000000000009fc00 - 00000000000a0000 (reserved)
[    0.000000]  BIOS-e820: 00000000000f0000 - 0000000000100000 (reserved)
[    0.000000]  BIOS-e820: 0000000000100000 - 0000000003ffe000 (usable)
[    0.000000]  BIOS-e820: 0000000003ffe000 - 0000000004000000 (reserved)
[    0.000000]  BIOS-e820: 00000000fffc0000 - 0000000100000000 (reserved)
[    0.000000] NX (Execute Disable) protection: active
[    0.000000] SMBIOS 2.4 present.
[    0.000000] No AGP bridge found
[    0.000000] last_pfn = 0x3ffe max_arch_pfn = 0x400000000
[    0.000000] x86 PAT enabled: cpu 0, old 0x7040600070406, new 0x7010600070106
[    0.000000] found SMP MP-table at [ffff8800000f0b00] f0b00
[    0.000000] init_memory_mapping: 0000000000000000-0000000003ffe000
[    0.000000] RAMDISK: 03c5e000 - 03ff0000
[    0.000000] ACPI: RSDP 00000000000f0950 00014 (v00 BOCHS )
[    0.000000] ACPI: RSDT 0000000003fffbc1 00034 (v01 BOCHS  BXPCRSDT 00000001 BXPC 00000001)
[    0.000000] ACPI: FACP 0000000003fff1c0 00074 (v01 BOCHS  BXPCFACP 00000001 BXPC 00000001)
[    0.000000] ACPI: DSDT 0000000003ffe040 01180 (v01 BOCHS  BXPCDSDT 00000001 BXPC 00000001)
[    0.000000] ACPI: FACS 0000000003ffe000 00040
[    0.000000] ACPI: SSDT 0000000003fff234 008DD (v01 BOCHS  BXPCSSDT 00000001 BXPC 00000001)
[    0.000000] ACPI: APIC 0000000003fffb11 00078 (v01 BOCHS  BXPCAPIC 00000001 BXPC 00000001)
[    0.000000] ACPI: HPET 0000000003fffb89 00038 (v01 BOCHS  BXPCHPET 00000001 BXPC 00000001)
[    0.000000] No NUMA configuration found
[    0.000000] Faking a node at 0000000000000000-0000000003ffe000
[    0.000000] Initmem setup node 0 0000000000000000-0000000003ffe000
[    0.000000]   NODE_DATA [0000000003ff6000 - 0000000003ffafff]
[    0.000000] Zone PFN ranges:
[    0.000000]   DMA      0x00000010 -&gt; 0x00001000
[    0.000000]   DMA32    0x00001000 -&gt; 0x00100000
[    0.000000]   Normal   empty
[    0.000000] Movable zone start PFN for each node
[    0.000000] early_node_map[2] active PFN ranges
[    0.000000]     0: 0x00000010 -&gt; 0x0000009f
[    0.000000]     0: 0x00000100 -&gt; 0x00003ffe
[    0.000000] ACPI: PM-Timer IO Port: 0xb008
[    0.000000] ACPI: LAPIC (acpi_id[0x00] lapic_id[0x00] enabled)
[    0.000000] ACPI: LAPIC_NMI (acpi_id[0xff] dfl dfl lint[0x1])
[    0.000000] ACPI: IOAPIC (id[0x00] address[0xfec00000] gsi_base[0])
[    0.000000] IOAPIC[0]: apic_id 0, version 17, address 0xfec00000, GSI 0-23
[    0.000000] ACPI: INT_SRC_OVR (bus 0 bus_irq 0 global_irq 2 dfl dfl)
[    0.000000] ACPI: INT_SRC_OVR (bus 0 bus_irq 5 global_irq 5 high level)
[    0.000000] ACPI: INT_SRC_OVR (bus 0 bus_irq 9 global_irq 9 high level)
[    0.000000] ACPI: INT_SRC_OVR (bus 0 bus_irq 10 global_irq 10 high level)
[    0.000000] ACPI: INT_SRC_OVR (bus 0 bus_irq 11 global_irq 11 high level)
[    0.000000] Using ACPI (MADT) for SMP configuration information
[    0.000000] ACPI: HPET id: 0x8086a201 base: 0xfed00000
[    0.000000] SMP: Allowing 1 CPUs, 0 hotplug CPUs
[    0.000000] PM: Registered nosave memory: 000000000009f000 - 00000000000a0000
[    0.000000] PM: Registered nosave memory: 00000000000a0000 - 00000000000f0000
[    0.000000] PM: Registered nosave memory: 00000000000f0000 - 0000000000100000
[    0.000000] Allocating PCI resources starting at 4000000 (gap: 4000000:fbfc0000)
[    0.000000] Booting paravirtualized kernel on bare hardware
[    0.000000] setup_percpu: NR_CPUS:64 nr_cpumask_bits:64 nr_cpu_ids:1 nr_node_ids:1
[    0.000000] PERCPU: Embedded 27 pages/cpu @ffff880003a00000 s78848 r8192 d23552 u2097152
[    0.000000] Built 1 zonelists in Node order, mobility grouping on.  Total pages: 16008
[    0.000000] Policy zone: DMA32
[    0.000000] Kernel command line: root=/dev/vda console=tty0 console=ttyS0 no_timer_check
[    0.000000] PID hash table entries: 256 (order: -1, 2048 bytes)
[    0.000000] Checking aperture...
[    0.000000] No AGP bridge found
[    0.000000] Memory: 43492k/65528k available (6576k kernel code, 452k absent, 21584k reserved, 6620k data, 928k init)
[    0.000000] SLUB: Genslabs=15, HWalign=64, Order=0-3, MinObjects=0, CPUs=1, Nodes=1
[    0.000000] Hierarchical RCU implementation.
[    0.000000] 	RCU dyntick-idle grace-period acceleration is enabled.
[    0.000000] NR_IRQS:4352 nr_irqs:256 16
[    0.000000] Console: colour VGA+ 80x25
[    0.000000] console [tty0] enabled
[    0.000000] console [ttyS0] enabled
[    0.000000] allocated 1048576 bytes of page_cgroup
[    0.000000] please try 'cgroup_disable=memory' option if you don't want memory cgroups
[    0.000000] Fast TSC calibration failed
[    0.000000] TSC: Unable to calibrate against PIT
[    0.000000] TSC: using HPET reference calibration
[    0.000000] Detected 2294.707 MHz processor.
[    0.033049] Calibrating delay loop (skipped), value calculated using timer frequency.. 4589.41 BogoMIPS (lpj=9178828)
[    0.036865] pid_max: default: 32768 minimum: 301
[    0.045165] Security Framework initialized
[    0.049667] AppArmor: AppArmor initialized
[    0.050264] Yama: becoming mindful.
[    0.057308] Dentry cache hash table entries: 8192 (order: 4, 65536 bytes)
[    0.058940] Inode-cache hash table entries: 4096 (order: 3, 32768 bytes)
[    0.060641] Mount-cache hash table entries: 256
[    0.074524] Initializing cgroup subsys cpuacct
[    0.076395] Initializing cgroup subsys memory
[    0.077694] Initializing cgroup subsys devices
[    0.078360] Initializing cgroup subsys freezer
[    0.079283] Initializing cgroup subsys blkio
[    0.080181] Initializing cgroup subsys perf_event
[    0.084431] mce: CPU supports 10 MCE banks
[    0.087255] SMP alternatives: switching to UP code
[    0.488755] Freeing SMP alternatives: 24k freed
[    0.490494] ACPI: Core revision 20110623
[    0.532484] ftrace: allocating 26610 entries in 105 pages
[    0.561821] ..TIMER: vector=0x30 apic1=0 pin1=2 apic2=-1 pin2=-1
[    0.563351] CPU0: AMD QEMU Virtual CPU version 2.0.0 stepping 03
[    0.568034] Performance Events: Broken PMU hardware detected, using software events only.
[    0.577017] NMI watchdog disabled (cpu0): hardware events not enabled
[    0.578742] Brought up 1 CPUs
[    0.579260] Total of 1 processors activated (4589.41 BogoMIPS).
[    0.602041] devtmpfs: initialized
[    0.630198] EVM: security.selinux
[    0.630733] EVM: security.SMACK64
[    0.631156] EVM: security.capability
[    0.657957] print_constraints: dummy: 
[    0.660180] RTC time: 22:15:43, date: 12/20/15
[    0.662719] NET: Registered protocol family 16
[    0.670480] ACPI: bus type pci registered
[    0.674614] PCI: Using configuration type 1 for base access
[    0.704970] bio: create slab &lt;bio-0&gt; at 0
[    0.709298] ACPI: Added _OSI(Module Device)
[    0.709872] ACPI: Added _OSI(Processor Device)
[    0.710423] ACPI: Added _OSI(3.0 _SCP Extensions)
[    0.710966] ACPI: Added _OSI(Processor Aggregator Device)
[    0.776261] ACPI: Interpreter enabled
[    0.776962] ACPI: (supports S0 S3 S4 S5)
[    0.778743] ACPI: Using IOAPIC for interrupt routing
[    0.849296] ACPI: No dock devices found.
[    0.849873] HEST: Table not found.
[    0.850458] PCI: Using host bridge windows from ACPI; if necessary, use "pci=nocrs" and report a bug
[    0.857339] ACPI: PCI Root Bridge [PCI0] (domain 0000 [bus 00-ff])
[    0.863111] pci_root PNP0A03:00: host bridge window [io  0x0000-0x0cf7]
[    0.864258] pci_root PNP0A03:00: host bridge window [io  0x0d00-0xadff]
[    0.865184] pci_root PNP0A03:00: host bridge window [io  0xae0f-0xaeff]
[    0.866131] pci_root PNP0A03:00: host bridge window [io  0xaf20-0xafdf]
[    0.866969] pci_root PNP0A03:00: host bridge window [io  0xafe4-0xffff]
[    0.868203] pci_root PNP0A03:00: host bridge window [mem 0x000a0000-0x000bffff]
[    0.869166] pci_root PNP0A03:00: host bridge window [mem 0x04000000-0xfebfffff]
[    0.891198] pci 0000:00:01.3: quirk: [io  0xb000-0xb03f] claimed by PIIX4 ACPI
[    0.892194] pci 0000:00:01.3: quirk: [io  0xb100-0xb10f] claimed by PIIX4 SMB
[    0.958457]  pci0000:00: Unable to request _OSC control (_OSC support mask: 0x1e)
[    1.013447] ACPI: PCI Interrupt Link [LNKA] (IRQs 5 *10 11)
[    1.016209] ACPI: PCI Interrupt Link [LNKB] (IRQs 5 *10 11)
[    1.017916] ACPI: PCI Interrupt Link [LNKC] (IRQs 5 10 *11)
[    1.019496] ACPI: PCI Interrupt Link [LNKD] (IRQs 5 10 *11)
[    1.021394] ACPI: PCI Interrupt Link [LNKS] (IRQs *9)
[    1.030881] vgaarb: device added: PCI:0000:00:02.0,decodes=io+mem,owns=io+mem,locks=none
[    1.032197] vgaarb: loaded
[    1.032835] vgaarb: bridge control possible 0000:00:02.0
[    1.038386] i2c-core: driver [aat2870] using legacy suspend method
[    1.039253] i2c-core: driver [aat2870] using legacy resume method
[    1.042674] SCSI subsystem initialized
[    1.048937] usbcore: registered new interface driver usbfs
[    1.050305] usbcore: registered new interface driver hub
[    1.052144] usbcore: registered new device driver usb
[    1.055334] PCI: Using ACPI for IRQ routing
[    1.066179] NetLabel: Initializing
[    1.066600] NetLabel:  domain hash size = 128
[    1.067163] NetLabel:  protocols = UNLABELED CIPSOv4
[    1.069440] NetLabel:  unlabeled traffic allowed by default
[    1.072275] HPET: 3 timers in total, 0 timers will be used for per-cpu timer
[    1.073636] hpet0: at MMIO 0xfed00000, IRQs 2, 8, 0
[    1.074549] hpet0: 3 comparators, 64-bit 100.000000 MHz counter
[    1.093221] Switching to clocksource hpet
[    1.349184] AppArmor: AppArmor Filesystem Enabled
[    1.350674] pnp: PnP ACPI init
[    1.351336] ACPI: bus type pnp registered
[    1.370169] pnp: PnP ACPI: found 9 devices
[    1.370984] ACPI: ACPI bus type pnp unregistered
[    1.425392] NET: Registered protocol family 2
[    1.458989] IP route cache hash table entries: 512 (order: 0, 4096 bytes)
[    1.467673] TCP established hash table entries: 2048 (order: 3, 32768 bytes)
[    1.469830] TCP bind hash table entries: 2048 (order: 3, 32768 bytes)
[    1.470832] TCP: Hash tables configured (established 2048 bind 2048)
[    1.471645] TCP reno registered
[    1.472153] UDP hash table entries: 128 (order: 0, 4096 bytes)
[    1.473884] UDP-Lite hash table entries: 128 (order: 0, 4096 bytes)
[    1.477021] NET: Registered protocol family 1
[    1.477884] pci 0000:00:00.0: Limiting direct PCI/PCI transfers
[    1.479202] pci 0000:00:01.0: PIIX3: Enabling Passive Release
[    1.480058] pci 0000:00:01.0: Activating ISA DMA hang workarounds
[    1.485731] ACPI: PCI Interrupt Link [LNKD] enabled at IRQ 11
[    1.486520] pci 0000:00:01.2: PCI INT D -&gt; Link[LNKD] -&gt; GSI 11 (level, high) -&gt; IRQ 11
[    1.488150] pci 0000:00:01.2: PCI INT D disabled
[    1.509206] Trying to unpack rootfs image as initramfs...
[    1.525805] audit: initializing netlink socket (disabled)
[    1.527297] type=2000 audit(1450649743.524:1): initialized
[    1.779675] HugeTLB registered 2 MB page size, pre-allocated 0 pages
[    1.859471] VFS: Disk quotas dquot_6.5.2
[    1.862070] Dquot-cache hash table entries: 512 (order 0, 4096 bytes)
[    1.875800] fuse init (API version 7.17)
[    1.878860] msgmni has been set to 84
[    1.915948] Block layer SCSI generic (bsg) driver version 0.4 loaded (major 253)
[    1.925375] io scheduler noop registered
[    1.925939] io scheduler deadline registered (default)
[    1.927466] io scheduler cfq registered
[    1.930810] pci_hotplug: PCI Hot Plug PCI Core version: 0.5
[    1.932979] pciehp: PCI Express Hot Plug Controller Driver version: 0.4
[    1.938234] input: Power Button as /devices/LNXSYSTM:00/LNXPWRBN:00/input/input0
[    1.939780] ACPI: Power Button [PWRF]
[    1.994344] ERST: Table is not found!
[    1.994947] GHES: HEST is not enabled!
[    2.002852] ACPI: PCI Interrupt Link [LNKC] enabled at IRQ 10
[    2.003568] virtio-pci 0000:00:03.0: PCI INT A -&gt; Link[LNKC] -&gt; GSI 10 (level, high) -&gt; IRQ 10
[    2.007583] virtio-pci 0000:00:04.0: PCI INT A -&gt; Link[LNKD] -&gt; GSI 11 (level, high) -&gt; IRQ 11
[    2.030263] ACPI: PCI Interrupt Link [LNKA] enabled at IRQ 10
[    2.031557] virtio-pci 0000:00:05.0: PCI INT A -&gt; Link[LNKA] -&gt; GSI 10 (level, high) -&gt; IRQ 10
[    2.037414] Serial: 8250/16550 driver, 32 ports, IRQ sharing enabled
[    2.081038] serial8250: ttyS0 at I/O 0x3f8 (irq = 4) is a 16550A
[    2.162842] serial8250: ttyS1 at I/O 0x2f8 (irq = 3) is a 16550A
[    2.298735] 00:05: ttyS0 at I/O 0x3f8 (irq = 4) is a 16550A
[    2.395597] 00:06: ttyS1 at I/O 0x2f8 (irq = 3) is a 16550A
[    2.442829] Linux agpgart interface v0.103
[    2.493614] Refined TSC clocksource calibration: 2294.763 MHz.
[    2.494421] Switching to clocksource tsc
[    2.519086] brd: module loaded
[    2.552189] loop: module loaded
[    2.604114]  vda: unknown partition table
[    2.658086] scsi0 : ata_piix
[    2.669900] scsi1 : ata_piix
[    2.671367] ata1: PATA max MWDMA2 cmd 0x1f0 ctl 0x3f6 bmdma 0xc0a0 irq 14
[    2.673021] ata2: PATA max MWDMA2 cmd 0x170 ctl 0x376 bmdma 0xc0a8 irq 15
[    2.683621] Fixed MDIO Bus: probed
[    2.685428] tun: Universal TUN/TAP device driver, 1.6
[    2.686104] tun: (C) 1999-2004 Max Krasnyansky &lt;maxk@qualcomm.com&gt;
[    2.699469] PPP generic driver version 2.4.2
[    2.735302] ehci_hcd: USB 2.0 'Enhanced' Host Controller (EHCI) Driver
[    2.738718] ohci_hcd: USB 1.1 'Open' Host Controller (OHCI) Driver
[    2.741231] uhci_hcd: USB Universal Host Controller Interface driver
[    2.743176] uhci_hcd 0000:00:01.2: PCI INT D -&gt; Link[LNKD] -&gt; GSI 11 (level, high) -&gt; IRQ 11
[    2.747201] uhci_hcd 0000:00:01.2: UHCI Host Controller
[    2.761717] uhci_hcd 0000:00:01.2: new USB bus registered, assigned bus number 1
[    2.764098] uhci_hcd 0000:00:01.2: irq 11, io base 0x0000c040
[    2.799740] hub 1-0:1.0: USB hub found
[    2.803302] hub 1-0:1.0: 2 ports detected
[    2.814512] usbcore: registered new interface driver libusual
[    2.819766] i8042: PNP: PS/2 Controller [PNP0303:KBD,PNP0f13:MOU] at 0x60,0x64 irq 1,12
[    2.829447] serio: i8042 KBD port at 0x60,0x64 irq 1
[    2.831196] serio: i8042 AUX port at 0x60,0x64 irq 12
[    2.867330] mousedev: PS/2 mouse device common for all mice
[    2.876480] input: AT Translated Set 2 keyboard as /devices/platform/i8042/serio0/input/input1
[    2.893905] rtc_cmos 00:01: RTC can wake from S4
[    2.911992] rtc_cmos 00:01: rtc core: registered rtc_cmos as rtc0
[    2.918233] rtc0: alarms up to one day, 114 bytes nvram, hpet irqs
[    2.922461] device-mapper: uevent: version 1.0.3
[    2.928043] ata2.01: ATAPI: QEMU DVD-ROM, 2.0.0, max UDMA/100
[    2.939911] ata2.01: configured for MWDMA2
[    2.977313] device-mapper: ioctl: 4.22.0-ioctl (2011-10-19) initialised: dm-devel@redhat.com
[    2.985069] cpuidle: using governor ladder
[    2.986551] cpuidle: using governor menu
[    2.988001] EFI Variables Facility v0.08 2004-May-17
[    2.999127] TCP cubic registered
[    3.003380] NET: Registered protocol family 10
[    3.039769] NET: Registered protocol family 17
[    3.043101] Registering the dns_resolver key type
[    3.063339] scsi 1:0:1:0: CD-ROM            QEMU     QEMU DVD-ROM     2.0. PQ: 0 ANSI: 5
[    3.091286] sr0: scsi3-mmc drive: 4x/4x cd/rw xa/form2 tray
[    3.092031] cdrom: Uniform CD-ROM driver Revision: 3.20
[    3.109410] sr 1:0:1:0: Attached scsi generic sg0 type 5
[    3.177761] registered taskstats version 1
[    3.227383] Freeing initrd memory: 3656k freed
[    3.656695]   Magic number: 11:594:300
[    3.669076] rtc_cmos 00:01: setting system clock to 2015-12-20 22:15:46 UTC (1450649746)
[    3.675975] powernow-k8: Processor cpuid 663 not supported
[    3.683850] BIOS EDD facility v0.16 2004-Jun-25, 0 devices found
[    3.685757] EDD information not available.
[    3.761719] Freeing unused kernel memory: 928k freed
[    3.766362] Write protecting the kernel read-only data: 12288k
[    3.878998] Freeing unused kernel memory: 1596k freed
[    3.942465] Freeing unused kernel memory: 1184k freed

info: initramfs: up at 4.11
modprobe: module virtio_blk not found in modules.dep
modprobe: module virtio_net not found in modules.dep
info: copying initramfs to /dev/vda
info: initramfs loading root from /dev/vda
info: /etc/init.d/rc.sysinit: up at 8.70
info: container: none
Starting logging: OK
modprobe: module virtio_blk not found in modules.dep
modprobe: module virtio_net not found in modules.dep
WARN: /etc/rc3.d/S10-load-modules failed
Initializing random number generator... done.
Starting acpid: OK
cirros-ds 'local' up at 11.18
found datasource (configdrive, local)
Starting network...
udhcpc (v1.20.1) started
Sending discover...
Sending discover...
Sending discover...
Usage: /sbin/cirros-dhcpc &lt;up|down&gt;
No lease, failing
WARN: /etc/rc3.d/S40-network failed
Starting dropbear sshd: generating rsa key... generating dsa key... OK
no userdata for datasource
=== system information ===
Platform: OpenStack Foundation OpenStack Nova
Container: none
Arch: x86_64
CPU(s): 1 @ 2294.707 MHz
Cores/Sockets/Threads: 1/1/1
Virt-type: AMD-V
RAM Size: 49MB
Disks:
NAME MAJ:MIN     SIZE LABEL         MOUNTPOINT
vda  253:0   25165824 cirros-rootfs /
sr0   11:0     428032 config-2      
=== sshd host keys ===
-----BEGIN SSH HOST KEY KEYS-----
ssh-rsa AAAAB3NzaC1yc2EAAAADAQABAAAAgwC8esSRlCZvnkonlPXegBGYwzA2bBzd5f05wGIcK1XWBmXN0r7QkCVBFydnWwb0Tsn2IT+bEa64x2p+U8ZUjW5qA2A319PU1r0bhGgj40NXk9qDQyk2X5qEibjcskSALpTf5ivTDOdSWiQOMmzLYpDRg/MaLexaNL2wuq0bISfH5eoF root@tempest
ssh-dss AAAAB3NzaC1kc3MAAACBAM2xfRbkx+LMKIG+AT3R7shcqveqY8qKTysY7wdSOt1I31RSLogG5+nWXHaitwcZ2zX/gCJcxocqYnnXF9xeEv/mrzrz2sc7GBgFXPOdN0rKRldGoeNNNQOqbV7BPGttkgxJAPf/5cWpwK6whQmGkim4izKzeIoDCwtFgorJUSbZAAAAFQDs/AqOLF16DQ2R7Ee5X8wHtGW0nQAAAIBiyKLmml+O3t7NrS4mSUIK9/sodf6++L+a1UbYiNtAduvY9rYbnmyEVp/FovCL/UWI47sdO4SMTbjw4FhBgqQmy+rJRjvliCDzyr+nJadCXowrp95P00g0y+Upy4rZZ7U8idTb5iuKtoIvQ6flqlko4m105DH7xjZlX4b6hEJ7SQAAAIB7P61mp0sLR79PFYjxIRdBiNSXr5FBht8do0sXg00FW00JKeWs5ypIMxKurEp8clML/yf+AskOYxeZy/EXdXyGw5mDWMDKkXSos9YVm/jtYSY+UfgsuKqrm4t0hQp09JhqjfmG/t1CTnr/YUy1oYH+EL6mYJOozhujrBxUwL7Jjw== root@tempest
-----END SSH HOST KEY KEYS-----
=== network info ===
if-info: lo,up,127.0.0.1,8,::1
if-info: eth0,up,,8,fe80::f816:3eff:fe54:3d8b
=== datasource: configdrive local ===
instance-id: a25b1bbb-a545-4c8a-8b71-c5689408493f
name: tempest.common.compute-instance-222707840
availability-zone: nova
local-hostname: tempest.common.compute-instance-222707840.novalocal
launch-index: 0
=== cirros: current=0.3.4 uptime=201.63 ===
route: fscanf
=== pinging gateway failed, debugging connection ===
############ debug start ##############
### /etc/init.d/sshd start
Starting dropbear sshd: OK
route: fscanf
### ifconfig -a
eth0      Link encap:Ethernet  HWaddr FA:16:3E:54:3D:8B  
          inet6 addr: fe80::f816:3eff:fe54:3d8b/64 Scope:Link
          UP BROADCAST RUNNING MULTICAST  MTU:1500  Metric:1
          RX packets:12 errors:0 dropped:5 overruns:0 frame:0
          TX packets:8 errors:0 dropped:0 overruns:0 carrier:0
          collisions:0 txqueuelen:1000 
          RX bytes:1293 (1.2 KiB)  TX bytes:1134 (1.1 KiB)

lo        Link encap:Local Loopback  
          inet addr:127.0.0.1  Mask:255.0.0.0
          inet6 addr: ::1/128 Scope:Host
          UP LOOPBACK RUNNING  MTU:16436  Metric:1
          RX packets:12 errors:0 dropped:0 overruns:0 frame:0
          TX packets:12 errors:0 dropped:0 overruns:0 carrier:0
          collisions:0 txqueuelen:0 
          RX bytes:1020 (1020.0 B)  TX bytes:1020 (1020.0 B)

### route -n
Kernel IP routing table
Destination     Gateway         Genmask         Flags Metric Ref    Use Iface
route: fscanf
### cat /etc/resolv.conf
cat: can't open '/etc/resolv.conf': No such file or directory
### gateway not found
/sbin/cirros-status: line 1: can't open /etc/resolv.conf: no such file
### pinging nameservers
### uname -a
Linux tempest 3.2.0-80-virtual #116-Ubuntu SMP Mon Mar 23 17:28:52 UTC 2015 x86_64 GNU/Linux
### lsmod
Module                  Size  Used by    Not tainted
nls_iso8859_1          12713  0 
nls_cp437              16991  0 
vfat                   17585  0 
fat                    61512  1 vfat
isofs                  40259  0 
ip_tables              27473  0 
x_tables               29891  1 ip_tables
pcnet32                42119  0 
8139cp                 27360  0 
ne2k_pci               13691  0 
8390                   18856  1 ne2k_pci
e1000                 108589  0 
acpiphp                24231  0 
### dmesg | tail
[    4.880477] EXT3-fs (vda): mounted filesystem with ordered data mode
[    5.196690] ISO 9660 Extensions: Microsoft Joliet Level 3
[    5.277991] ISO 9660 Extensions: RRIP_1991A
[    5.517414] kjournald starting.  Commit interval 5 seconds
[    5.534700] EXT3-fs (vda): using internal journal
[    5.535096] EXT3-fs (vda): mounted filesystem with ordered data mode
[    8.753361] EXT3-fs (vda): using internal journal
[   12.001985] ISO 9660 Extensions: Microsoft Joliet Level 3
[   12.099362] ISO 9660 Extensions: RRIP_1991A
[   26.677121] eth0: no IPv6 routers present
### tail -n 25 /var/log/messages
Dec 20 22:15:52 cirros kern.info kernel: [    4.413061] acpiphp: Slot [26] registered
Dec 20 22:15:52 cirros kern.info kernel: [    4.413391] acpiphp: Slot [27] registered
Dec 20 22:15:52 cirros kern.info kernel: [    4.413711] acpiphp: Slot [28] registered
Dec 20 22:15:52 cirros kern.info kernel: [    4.413973] acpiphp: Slot [29] registered
Dec 20 22:15:52 cirros kern.info kernel: [    4.414299] acpiphp: Slot [30] registered
Dec 20 22:15:52 cirros kern.info kernel: [    4.414718] acpiphp: Slot [31] registered
Dec 20 22:15:52 cirros kern.info kernel: [    4.475837] e1000: Intel(R) PRO/1000 Network Driver - version 7.3.21-k8-NAPI
Dec 20 22:15:52 cirros kern.info kernel: [    4.476055] e1000: Copyright (c) 1999-2006 Intel Corporation.
Dec 20 22:15:52 cirros kern.info kernel: [    4.518089] ne2k-pci.c:v1.03 9/22/2003 D. Becker/P. Gortmaker
Dec 20 22:15:52 cirros kern.info kernel: [    4.555211] 8139cp: 8139cp: 10/100 PCI Ethernet driver v1.3 (Mar 22, 2004)
Dec 20 22:15:52 cirros kern.info kernel: [    4.600517] pcnet32: pcnet32.c:v1.35 21.Apr.2008 tsbogend@alpha.franken.de
Dec 20 22:15:52 cirros kern.info kernel: [    4.643586] ip_tables: (C) 2000-2006 Netfilter Core Team
Dec 20 22:15:52 cirros kern.info kernel: [    4.869476] kjournald starting.  Commit interval 5 seconds
Dec 20 22:15:52 cirros kern.info kernel: [    4.880477] EXT3-fs (vda): mounted filesystem with ordered data mode
Dec 20 22:15:52 cirros kern.debug kernel: [    5.196690] ISO 9660 Extensions: Microsoft Joliet Level 3
Dec 20 22:15:52 cirros kern.debug kernel: [    5.277991] ISO 9660 Extensions: RRIP_1991A
Dec 20 22:15:53 cirros kern.info kernel: [    5.517414] kjournald starting.  Commit interval 5 seconds
Dec 20 22:15:53 cirros kern.info kernel: [    5.534700] EXT3-fs (vda): using internal journal
Dec 20 22:15:53 cirros kern.info kernel: [    5.535096] EXT3-fs (vda): mounted filesystem with ordered data mode
Dec 20 22:15:53 cirros kern.info kernel: [    8.753361] EXT3-fs (vda): using internal journal
Dec 20 22:15:54 cirros kern.debug kernel: [   12.001985] ISO 9660 Extensions: Microsoft Joliet Level 3
Dec 20 22:15:54 cirros kern.debug kernel: [   12.099362] ISO 9660 Extensions: RRIP_1991A
Dec 20 22:15:58 cirros auth.notice su: + /dev/console root:cirros
Dec 20 22:16:09 cirros kern.debug kernel: [   26.677121] eth0: no IPv6 routers present
Dec 20 22:19:02 cirros authpriv.info dropbear[283]: Running in background
############ debug end   ##############
  ____               ____  ____
 / __/ __ ____ ____ / __ \/ __/
/ /__ / // __// __// /_/ /\ \ 
\___//_//_/  /_/   \____/___/ 
   http://cirros-cloud.net


login as 'cirros' user. default password: 'cubswin:)'. use 'sudo' for root.
tempest login: 
2015-12-20 22:20:45,645 20256 INFO     [tempest_lib.common.rest_client] Request (TestGettingAddress:_run_cleanups): 204 DELETE http://10.0.2.15:9696/v2.0/floatingips/6126381c-fd0e-46e8-aed4-396fa26d0937 0.334s
2015-12-20 22:20:45,645 20256 DEBUG    [tempest_lib.common.rest_client] Request - Headers: {'Content-Type': 'application/json', 'Accept': 'application/json', 'X-Auth-Token': '&lt;omitted&gt;'}
        Body: None
    Response - Headers: {'date': 'Sun, 20 Dec 2015 22:20:45 GMT', 'status': '204', 'connection': 'close', 'content-length': '0', 'x-openstack-request-id': 'req-8f52e30a-a87e-456b-8e86-f0c6160696ce'}
        Body: 
2015-12-20 22:20:45,881 20256 INFO     [tempest_lib.common.rest_client] Request (TestGettingAddress:_run_cleanups): 204 DELETE http://10.0.2.15:8774/v2.1/564e46c93c484d87bede7caac3f39d78/servers/a25b1bbb-a545-4c8a-8b71-c5689408493f 0.234s
2015-12-20 22:20:45,881 20256 DEBUG    [tempest_lib.common.rest_client] Request - Headers: {'Content-Type': 'application/json', 'Accept': 'application/json', 'X-Auth-Token': '&lt;omitted&gt;'}
        Body: None
    Response - Headers: {'status': '204', 'content-length': '0', 'x-compute-request-id': 'req-d0fff5c9-9bde-43ae-ae71-59b8f6eff43c', 'vary': 'X-OpenStack-Nova-API-Version', 'connection': 'close', 'x-openstack-nova-api-version': '2.1', 'date': 'Sun, 20 Dec 2015 22:20:45 GMT', 'content-type': 'application/json'}
        Body: 
2015-12-20 22:20:46,079 20256 INFO     [tempest_lib.common.rest_client] Request (TestGettingAddress:_run_cleanups): 200 GET http://10.0.2.15:8774/v2.1/564e46c93c484d87bede7caac3f39d78/servers/a25b1bbb-a545-4c8a-8b71-c5689408493f 0.196s
2015-12-20 22:20:46,079 20256 DEBUG    [tempest_lib.common.rest_client] Request - Headers: {'Content-Type': 'application/json', 'Accept': 'application/json', 'X-Auth-Token': '&lt;omitted&gt;'}
        Body: None
    Response - Headers: {'status': '200', 'content-length': '1903', 'content-location': 'http://10.0.2.15:8774/v2.1/564e46c93c484d87bede7caac3f39d78/servers/a25b1bbb-a545-4c8a-8b71-c5689408493f', 'x-compute-request-id': 'req-7258e08e-66d8-4e58-bdd0-c4803a21cc0c', 'vary': 'X-OpenStack-Nova-API-Version', 'connection': 'close', 'x-openstack-nova-api-version': '2.1', 'date': 'Sun, 20 Dec 2015 22:20:46 GMT', 'content-type': 'application/json'}
        Body: {"server": {"status": "ACTIVE", "updated": "2015-12-20T22:20:45Z", "hostId": "e46b99256b8a3e369c96fe232a4dd50dfcf303b65760536e0fdafdab", "addresses": {"tempest-network-smoke--137647284": [{"OS-EXT-IPS-MAC:mac_addr": "fa:16:3e:54:3d:8b", "version": 4, "addr": "10.100.0.3", "OS-EXT-IPS:type": "fixed"}, {"OS-EXT-IPS-MAC:mac_addr": "fa:16:3e:54:3d:8b", "version": 6, "addr": "2003::f816:3eff:fe54:3d8b", "OS-EXT-IPS:type": "fixed"}, {"OS-EXT-IPS-MAC:mac_addr": "fa:16:3e:54:3d:8b", "version": 4, "addr": "172.24.4.4", "OS-EXT-IPS:type": "floating"}]}, "links": [{"href": "http://10.0.2.15:8774/v2.1/564e46c93c484d87bede7caac3f39d78/servers/a25b1bbb-a545-4c8a-8b71-c5689408493f", "rel": "self"}, {"href": "http://10.0.2.15:8774/564e46c93c484d87bede7caac3f39d78/servers/a25b1bbb-a545-4c8a-8b71-c5689408493f", "rel": "bookmark"}], "key_name": "tempest-TestGettingAddress-2099192128", "image": {"id": "9ad42545-b1b4-44ad-b9ec-5a2bfd864383", "links": [{"href": "http://10.0.2.15:8774/564e46c93c484d87bede7caac3f39d78/images/9ad42545-b1b4-44ad-b9ec-5a2bfd864383", "rel": "bookmark"}]}, "OS-EXT-STS:task_state": "deleting", "OS-EXT-STS:vm_state": "active", "OS-SRV-USG:launched_at": "2015-12-20T22:15:39.000000", "flavor": {"id": "42", "links": [{"href": "http://10.0.2.15:8774/564e46c93c484d87bede7caac3f39d78/flavors/42", "rel": "bookmark"}]}, "id": "a25b1bbb-a545-4c8a-8b71-c5689408493f", "security_groups": [{"name": "tempest-secgroup-smoke-1715868654"}], "OS-SRV-USG:terminated_at": null, "OS-EXT-AZ:availability_zone": "nova", "user_id": "2ebf56e1fdcc4acb893c23c39d90d56c", "name": "tempest.common.compute-instance-222707840", "created": "2015-12-20T22:15:36Z", "tenant_id": "564e46c93c484d87bede7caac3f39d78", "OS-DCF:diskConfig": "MANUAL", "os-extended-volumes:volumes_attached": [], "accessIPv4": "", "accessIPv6": "", "progress": 0, "OS-EXT-STS:power_state": 1, "config_drive": "True", "metadata": {}}}
2015-12-20 22:20:47,374 20256 INFO     [tempest_lib.common.rest_client] Request (TestGettingAddress:_run_cleanups): 200 GET http://10.0.2.15:8774/v2.1/564e46c93c484d87bede7caac3f39d78/servers/a25b1bbb-a545-4c8a-8b71-c5689408493f 0.277s
2015-12-20 22:20:47,375 20256 DEBUG    [tempest_lib.common.rest_client] Request - Headers: {'Content-Type': 'application/json', 'Accept': 'application/json', 'X-Auth-Token': '&lt;omitted&gt;'}
        Body: None
    Response - Headers: {'status': '200', 'content-length': '1444', 'content-location': 'http://10.0.2.15:8774/v2.1/564e46c93c484d87bede7caac3f39d78/servers/a25b1bbb-a545-4c8a-8b71-c5689408493f', 'x-compute-request-id': 'req-8c4a7f67-1fe0-4b98-88ed-c43771a8cd90', 'vary': 'X-OpenStack-Nova-API-Version', 'connection': 'close', 'x-openstack-nova-api-version': '2.1', 'date': 'Sun, 20 Dec 2015 22:20:47 GMT', 'content-type': 'application/json'}
        Body: {"server": {"status": "DELETED", "updated": "2015-12-20T22:20:47Z", "hostId": "e46b99256b8a3e369c96fe232a4dd50dfcf303b65760536e0fdafdab", "addresses": {}, "links": [{"href": "http://10.0.2.15:8774/v2.1/564e46c93c484d87bede7caac3f39d78/servers/a25b1bbb-a545-4c8a-8b71-c5689408493f", "rel": "self"}, {"href": "http://10.0.2.15:8774/564e46c93c484d87bede7caac3f39d78/servers/a25b1bbb-a545-4c8a-8b71-c5689408493f", "rel": "bookmark"}], "key_name": "tempest-TestGettingAddress-2099192128", "image": {"id": "9ad42545-b1b4-44ad-b9ec-5a2bfd864383", "links": [{"href": "http://10.0.2.15:8774/564e46c93c484d87bede7caac3f39d78/images/9ad42545-b1b4-44ad-b9ec-5a2bfd864383", "rel": "bookmark"}]}, "OS-EXT-STS:task_state": null, "OS-EXT-STS:vm_state": "deleted", "OS-SRV-USG:launched_at": "2015-12-20T22:15:39.000000", "flavor": {"id": "42", "links": [{"href": "http://10.0.2.15:8774/564e46c93c484d87bede7caac3f39d78/flavors/42", "rel": "bookmark"}]}, "id": "a25b1bbb-a545-4c8a-8b71-c5689408493f", "OS-SRV-USG:terminated_at": "2015-12-20T22:20:47.000000", "OS-EXT-AZ:availability_zone": "nova", "user_id": "2ebf56e1fdcc4acb893c23c39d90d56c", "name": "tempest.common.compute-instance-222707840", "created": "2015-12-20T22:15:36Z", "tenant_id": "564e46c93c484d87bede7caac3f39d78", "OS-DCF:diskConfig": "MANUAL", "os-extended-volumes:volumes_attached": [], "accessIPv4": "", "accessIPv6": "", "OS-EXT-STS:power_state": 0, "config_drive": "True", "metadata": {}}}
2015-12-20 22:20:48,592 20256 INFO     [tempest_lib.common.rest_client] Request (TestGettingAddress:_run_cleanups): 404 GET http://10.0.2.15:8774/v2.1/564e46c93c484d87bede7caac3f39d78/servers/a25b1bbb-a545-4c8a-8b71-c5689408493f 0.206s
2015-12-20 22:20:48,592 20256 DEBUG    [tempest_lib.common.rest_client] Request - Headers: {'Content-Type': 'application/json', 'Accept': 'application/json', 'X-Auth-Token': '&lt;omitted&gt;'}
        Body: None
    Response - Headers: {'status': '404', 'content-length': '111', 'x-compute-request-id': 'req-5da20db5-8046-4520-b87f-fe1864fb4165', 'vary': 'X-OpenStack-Nova-API-Version', 'connection': 'close', 'x-openstack-nova-api-version': '2.1', 'date': 'Sun, 20 Dec 2015 22:20:48 GMT', 'content-type': 'application/json; charset=UTF-8'}
        Body: {"itemNotFound": {"message": "Instance a25b1bbb-a545-4c8a-8b71-c5689408493f could not be found.", "code": 404}}
2015-12-20 22:20:49,070 20256 INFO     [tempest_lib.common.rest_client] Request (TestGettingAddress:_run_cleanups): 200 PUT http://10.0.2.15:9696/v2.0/routers/66eb9d1f-dd9a-4c1d-93cf-4f3d7dd08b37/remove_router_interface 0.476s
2015-12-20 22:20:49,070 20256 DEBUG    [tempest_lib.common.rest_client] Request - Headers: {'Content-Type': 'application/json', 'Accept': 'application/json', 'X-Auth-Token': '&lt;omitted&gt;'}
        Body: {"subnet_id": "d938e992-46ab-414d-b05e-6661258140bd"}
    Response - Headers: {'status': '200', 'content-length': '255', 'connection': 'close', 'date': 'Sun, 20 Dec 2015 22:20:49 GMT', 'content-type': 'application/json; charset=UTF-8', 'x-openstack-request-id': 'req-1ade0bc6-38c6-460b-a12c-dc505c0e13e0'}
        Body: {"subnet_id": "d938e992-46ab-414d-b05e-6661258140bd", "tenant_id": "564e46c93c484d87bede7caac3f39d78", "subnet_ids": ["d938e992-46ab-414d-b05e-6661258140bd"], "port_id": "e044a9df-6945-41cf-add9-f4016460c687", "id": "66eb9d1f-dd9a-4c1d-93cf-4f3d7dd08b37"}
2015-12-20 22:20:49,455 20256 INFO     [tempest_lib.common.rest_client] Request (TestGettingAddress:_run_cleanups): 204 DELETE http://10.0.2.15:9696/v2.0/subnets/d938e992-46ab-414d-b05e-6661258140bd 0.384s
2015-12-20 22:20:49,455 20256 DEBUG    [tempest_lib.common.rest_client] Request - Headers: {'Content-Type': 'application/json', 'Accept': 'application/json', 'X-Auth-Token': '&lt;omitted&gt;'}
        Body: None
    Response - Headers: {'date': 'Sun, 20 Dec 2015 22:20:49 GMT', 'status': '204', 'connection': 'close', 'content-length': '0', 'x-openstack-request-id': 'req-c7789daa-dc14-4869-ac09-2eaf4a214bf7'}
        Body: 
2015-12-20 22:20:49,485 20256 INFO     [tempest_lib.common.rest_client] Request (TestGettingAddress:_run_cleanups): 404 DELETE http://10.0.2.15:9696/v2.0/subnets/d938e992-46ab-414d-b05e-6661258140bd 0.029s
2015-12-20 22:20:49,485 20256 DEBUG    [tempest_lib.common.rest_client] Request - Headers: {'Content-Type': 'application/json', 'Accept': 'application/json', 'X-Auth-Token': '&lt;omitted&gt;'}
        Body: None
