<?xml version="1.0" encoding="UTF-8"?>
<!DOCTYPE html PUBLIC "-//W3C//DTD XHTML 1.0 Strict//EN"
     "http://www.w3.org/TR/xhtml1/DTD/xhtml1-strict.dtd">
<html xmlns="http://www.w3.org/1999/xhtml">
<head>
    <title>Unit Test Report</title>
    <meta name="generator" content="subunit2html 0.1"/>
    <meta http-equiv="Content-Type" content="text/html; charset=UTF-8"/>
    
<style type="text/css" media="screen">
body        { font-family: verdana, arial, helvetica, sans-serif;
    font-size: 80%; }
table       { font-size: 100%; width: 100%;}
pre         { font-size: 80%; }

/* -- heading -------------------------------------------------------------- */
h1 {
        font-size: 16pt;
        color: gray;
}
.heading {
    margin-top: 0ex;
    margin-bottom: 1ex;
}

.heading .attribute {
    margin-top: 1ex;
    margin-bottom: 0;
}

.heading .description {
    margin-top: 4ex;
    margin-bottom: 6ex;
}

/* -- css div popup -------------------------------------------------------- */
a.popup_link {
}

a.popup_link:hover {
    color: red;
}

.popup_window {
    display: none;
    overflow-x: scroll;
    /*border: solid #627173 1px; */
    padding: 10px;
    background-color: #E6E6D6;
    font-family: "Ubuntu Mono", "Lucida Console", "Courier New", monospace;
    text-align: left;
    font-size: 8pt;
}

}
/* -- report --------------------------------------------------------------- */
#show_detail_line {
    margin-top: 3ex;
    margin-bottom: 1ex;
}
#result_table {
    width: 100%;
    border-collapse: collapse;
    border: 1px solid #777;
}
#header_row {
    font-weight: bold;
    color: white;
    background-color: #777;
}
#result_table td {
    border: 1px solid #777;
    padding: 2px;
}
#total_row  { font-weight: bold; }
.passClass  { background-color: #6c6; }
.failClass  { background-color: #c60; }
.errorClass { background-color: #c00; }
.passCase   { color: #6c6; }
.failCase   { color: #c60; font-weight: bold; }
.errorCase  { color: #c00; font-weight: bold; }
.hiddenRow  { display: none; }
.testcase   { margin-left: 2em; }
td.testname {width: 40%}
td.small {width: 40px}

/* -- ending --------------------------------------------------------------- */
#ending {
}

</style>

</head>
<body>
<script language="javascript" type="text/javascript"><!--
output_list = Array();

/* level - 0:Summary; 1:Failed; 2:All */
function showCase(level) {
    trs = document.getElementsByTagName("tr");
    for (var i = 0; i < trs.length; i++) {
        tr = trs[i];
        id = tr.id;
        if (id.substr(0,2) == 'ft') {
            if (level < 1) {
                tr.className = 'hiddenRow';
            }
            else {
                tr.className = '';
            }
        }
        if (id.substr(0,2) == 'pt') {
            if (level > 1) {
                tr.className = '';
            }
            else {
                tr.className = 'hiddenRow';
            }
        }
    }
}


function showClassDetail(cid, count) {
    var id_list = Array(count);
    var toHide = 1;
    for (var i = 0; i < count; i++) {
        tid0 = 't' + cid.substr(1) + '.' + (i+1);
        tid = 'f' + tid0;
        tr = document.getElementById(tid);
        if (!tr) {
            tid = 'p' + tid0;
            tr = document.getElementById(tid);
        }
        id_list[i] = tid;
        if (tr.className) {
            toHide = 0;
        }
    }
    for (var i = 0; i < count; i++) {
        tid = id_list[i];
        if (toHide) {
            document.getElementById('div_'+tid).style.display = 'none'
            document.getElementById(tid).className = 'hiddenRow';
        }
        else {
            document.getElementById(tid).className = '';
        }
    }
}


function showTestDetail(div_id){
    var details_div = document.getElementById(div_id)
    var displayState = details_div.style.display
    // alert(displayState)
    if (displayState != 'block' ) {
        displayState = 'block'
        details_div.style.display = 'block'
    }
    else {
        details_div.style.display = 'none'
    }
}


function html_escape(s) {
    s = s.replace(/&/g,'&amp;');
    s = s.replace(/</g,'&lt;');
    s = s.replace(/>/g,'&gt;');
    return s;
}

/* obsoleted by detail in <div>
function showOutput(id, name) {
    var w = window.open("", //url
                    name,
                    "resizable,scrollbars,status,width=800,height=450");
    d = w.document;
    d.write("<pre>");
    d.write(html_escape(output_list[id]));
    d.write("\n");
    d.write("<a href='javascript:window.close()'>close</a>\n");
    d.write("</pre>\n");
    d.close();
}
*/
--></script>

<div class='heading'>
<h1>Unit Test Report</h1>

<p class='attribute'><strong>Status:</strong> Failure 8</p>

<p class='description'></p>
</div>



<p id='show_detail_line'>Show
<a href='javascript:showCase(0)'>Summary</a>
<a href='javascript:showCase(1)'>Failed</a>
<a href='javascript:showCase(2)'>All</a>
</p>
<table id='result_table'>
<colgroup>
<col align='left' />
<col align='right' />
<col align='right' />
<col align='right' />
<col align='right' />
<col align='right' />
<col align='right' />
<col align='right' />
</colgroup>
<tr id='header_row'>
    <td>Test Group/Test case</td>
    <td>Count</td>
    <td>Pass</td>
    <td>Fail</td>
    <td>Error</td>
    <td>Skip</td>
    <td>View</td>
    <td> </td>
</tr>

<tr class='failClass'>
    <td class="testname">tempest.scenario.test_network_v6.TestGettingAddress</td>
    <td class="small">8</td>
    <td class="small">0</td>
    <td class="small">8</td>
    <td class="small">0</td>
    <td class="small">0</td>
    <td class="small"><a href="javascript:showClassDetail('c1',8)"
>Detail</a></td>
    <td> </td>
</tr>

<tr id='ft1.1' class='none'>
    <td class='failCase'><div class='testcase'>test_dhcp6_stateless_from_os[compute,id-d7e1f858-187c-45a6-89c9-bdafde619a9f,network]</div></td>
    <td colspan='7' align='left'>

    <!--css div popup start-->
    <a class="popup_link" onfocus='this.blur();'
    href="javascript:showTestDetail('div_ft1.1')" >
        fail</a>

    <div id='div_ft1.1' class="popup_window">
        <div style='text-align: right; color:red;cursor:pointer'>
        <a onfocus='this.blur();'
onclick="document.getElementById('div_ft1.1').style.display = 'none' " >
           [x]</a>
        </div>
        <pre>
        
ft1.1: tempest.scenario.test_network_v6.TestGettingAddress.test_dhcp6_stateless_from_os[compute,id-d7e1f858-187c-45a6-89c9-bdafde619a9f,network]_StringException: Empty attachments:
  stderr
  stdout

pythonlogging:'': {{{
2015-12-20 02:01:57,191 20817 INFO     [tempest_lib.common.rest_client] Request (TestGettingAddress:setUp): 200 POST http://10.0.2.15:8774/v2.1/f483ae7fd948459f90ff6888cb28ce2b/os-keypairs 0.302s
2015-12-20 02:01:57,192 20817 DEBUG    [tempest_lib.common.rest_client] Request - Headers: {'Content-Type': 'application/json', 'Accept': 'application/json', 'X-Auth-Token': '&lt;omitted&gt;'}
        Body: {"keypair": {"name": "tempest-TestGettingAddress-406902793"}}
    Response - Headers: {'status': '200', 'content-length': '2319', 'x-compute-request-id': 'req-12e0e76c-15f2-4149-97a4-8c4c92e0326d', 'vary': 'X-OpenStack-Nova-API-Version', 'connection': 'close', 'x-openstack-nova-api-version': '2.1', 'date': 'Sun, 20 Dec 2015 02:01:57 GMT', 'content-type': 'application/json'}
        Body: {"keypair": {"public_key": "ssh-rsa AAAAB3NzaC1yc2EAAAADAQABAAABAQCesLHuIkJxrj9OxbZHHHHggyGwY6rt/o5obNf+ZABVUEtxhkUWMpqzOgETcHb86mH7t9L5IC/quiBvp+djwdZSVJCq3VmLwG6XSKqgLp2gZu/Z0rj11AzPGZOqmNUsVPXrEYtJ3+CReFX8FDXNHqKC3OFHhBUDOoXQUfS1cOpBLzERTIz2xgPhgQxmTQ5kofz/nOwOoIyaokDFIQ4BN++AYF9Jx5HTEtvJ3dcs4YZA51bzMiThcHMG7z4ELGNSNxTKUE7hp/S90FhjiwGd7TfpbQXRPlBF+n56ZM+Ure5YkdEcPrMQ/PAxVbCCppZNH2+HvnFXPAm06e4VmY4LcXNJ Generated-by-Nova", "private_key": "-----BEGIN RSA PRIVATE KEY-----\nMIIEqAIBAAKCAQEAnrCx7iJCca4/TsW2Rxxx4IMhsGOq7f6OaGzX/mQAVVBLcYZF\nFjKaszoBE3B2/Oph+7fS+SAv6rogb6fnY8HWUlSQqt1Zi8Bul0iqoC6doGbv2dK4\n9dQMzxmTqpjVLFT16xGLSd/gkXhV/BQ1zR6igtzhR4QVAzqF0FH0tXDqQS8xEUyM\n9sYD4YEMZk0OZKH8/5zsDqCMmqJAxSEOATfvgGBfSceR0xLbyd3XLOGGQOdW8zIk\n4XBzBu8+BCxjUjcUylBO4af0vdBYY4sBne036W0F0T5QRfp+emTPlK3uWJHRHD6z\nEPzwMVWwgqaWTR9vh75xVzwJtOnuFZmOC3FzSQIDAQABAoIBADHNkooCBohW/1dh\nhYtbygGEJhaNsR9wPJFZV5BnIhOkV4kRcq08xIBrO9s1+KH3jTjKwFOfXmp0b6mb\nMGuGchT0pVJ6lZfelNa135bWCnJE3BGoqJO+MSbuCAIKZRy8rVFQ+D3/HSOKeLHc\nReZSLv6TA8DGGzIgM87lab9n6Jz8C/9VlaR6vUsvOQfs87Capcq/S33xWnaQcDGY\nLdV/+ZdVa9+d0zh/Bgu9FKJ0+ybJiJ6aUxVB7/hvN21uBqYGTcYevNRsrIqiFcUB\nYR+bP5hYTq/aLTH/mUC5X3wt5WRIFhsgLSxraWfCZa/VdwyyeTFZa0My8/9bJ2Pw\nWqdfnAECggCBAMNuzF98YQEpVXS6xsXNTozDNVKcx7ItnFWlFfDR/NSJYYvrfowy\nhDCJH1YG2H4terwnBxWhaM+BTBENzZj0u/eVbAsPGSqNeO8m/IfH5tBaoR2v0W+n\nCqE/qy21JM2xeElHvpOGhuWNeTKnc+dDmmk9h9TLYm1DTF/dIDV67jrxAoIAgQDP\n3tJcv8qm1xS866yS5wEcujNYjtyhxTU7Dmoc6iezOCC9ZlRWgCsdbYNBISLZulky\nC8IW7CCqdmm5Zp6qQKSWoSuFma7wiGFdACB40/qqOfZWJ+MBufX/R3ALv7SFfgIA\neLdhzHhb2fsxDu+vghUhuWclM40/0B63Wu3c5jdN2QKCAIAx2DGB7QwkqrEj+3s0\n+d8d4a/Y6Sm5lQ55fYhyCmysnHlnoWF+SmgSpPZ8D3TqAZl7IY0aBDfiLL0E4Hte\nlpTWWaLb0zb89mYwwMXJr797xpGvK6eEDZuVctKq7rd7Stc+AXFm2PnQ1FtkAvd5\ntXFNhCb/q/vnmDGDhbdwTHE0UQKCAIBULSxMqNH8q/5W3qz8tBUMOA7Q3tFTpROA\nPb8UxHGdLq57ZDPk73QGL7HGLw/40XCLRp2rQKWdwePgU0EPOqwr30pLiMeB2ghr\na8C6jUTlqCEsFGzl5xNJ8/jYmSIWKMfQvxGrxew7bdM9s4m2Ldw20uiE9RJO9A1s\nPKM0H/nnSQKCAIEAgHUqtyqH2Zg9shB7t9iww0C7J3jSmkJ2duW6HoFCLpzDwEg2\n0SuMJFJBZqsrTKq73h6Tz50cMUUzMPPsgOITXUd4rwYTBKaKgIi3+KQBOHRRWt8p\nFpD+p+DcNqtgPAchVOiIrxKH13SUeBIzp4qov5nAUwkg+ORqeT0yHvgqLco=\n-----END RSA PRIVATE KEY-----\n", "user_id": "be53ccd87aaa4b3f8bab02ab5452f09b", "name": "tempest-TestGettingAddress-406902793", "fingerprint": "28:8c:3c:59:d6:e1:fd:07:98:76:7c:5f:45:10:5a:be"}}
2015-12-20 02:01:57,515 20817 INFO     [tempest_lib.common.rest_client] Request (TestGettingAddress:setUp): 201 POST http://10.0.2.15:9696/v2.0/security-groups 0.320s
2015-12-20 02:01:57,515 20817 DEBUG    [tempest_lib.common.rest_client] Request - Headers: {'Content-Type': 'application/json', 'Accept': 'application/json', 'X-Auth-Token': '&lt;omitted&gt;'}
        Body: {"security_group": {"tenant_id": "f483ae7fd948459f90ff6888cb28ce2b", "description": "tempest-secgroup-smoke-1570731697 description", "name": "tempest-secgroup-smoke-1570731697"}}
    Response - Headers: {'status': '201', 'content-length': '888', 'connection': 'close', 'date': 'Sun, 20 Dec 2015 02:01:57 GMT', 'content-type': 'application/json; charset=UTF-8', 'x-openstack-request-id': 'req-87f6c96a-8a1c-4527-a1df-3477bc8fadb6'}
        Body: {"security_group": {"tenant_id": "f483ae7fd948459f90ff6888cb28ce2b", "description": "tempest-secgroup-smoke-1570731697 description", "id": "da2fd150-3f00-49c4-b674-ebc13a4496d5", "security_group_rules": [{"remote_group_id": null, "direction": "egress", "remote_ip_prefix": null, "protocol": null, "ethertype": "IPv4", "tenant_id": "f483ae7fd948459f90ff6888cb28ce2b", "port_range_max": null, "port_range_min": null, "id": "86452372-9200-459a-b9b8-b705075882a7", "security_group_id": "da2fd150-3f00-49c4-b674-ebc13a4496d5"}, {"remote_group_id": null, "direction": "egress", "remote_ip_prefix": null, "protocol": null, "ethertype": "IPv6", "tenant_id": "f483ae7fd948459f90ff6888cb28ce2b", "port_range_max": null, "port_range_min": null, "id": "5edbd4e2-c2cd-4883-a10a-58ced19733c5", "security_group_id": "da2fd150-3f00-49c4-b674-ebc13a4496d5"}], "name": "tempest-secgroup-smoke-1570731697"}}
2015-12-20 02:01:57,632 20817 INFO     [tempest_lib.common.rest_client] Request (TestGettingAddress:setUp): 201 POST http://10.0.2.15:9696/v2.0/security-group-rules 0.114s
2015-12-20 02:01:57,633 20817 DEBUG    [tempest_lib.common.rest_client] Request - Headers: {'Content-Type': 'application/json', 'Accept': 'application/json', 'X-Auth-Token': '&lt;omitted&gt;'}
        Body: {"security_group_rule": {"direction": "ingress", "protocol": "tcp", "tenant_id": "f483ae7fd948459f90ff6888cb28ce2b", "port_range_max": 22, "security_group_id": "da2fd150-3f00-49c4-b674-ebc13a4496d5", "port_range_min": 22}}
    Response - Headers: {'status': '201', 'content-length': '340', 'connection': 'close', 'date': 'Sun, 20 Dec 2015 02:01:57 GMT', 'content-type': 'application/json; charset=UTF-8', 'x-openstack-request-id': 'req-857666df-461e-40d5-9130-85c225703915'}
        Body: {"security_group_rule": {"remote_group_id": null, "direction": "ingress", "remote_ip_prefix": null, "protocol": "tcp", "ethertype": "IPv4", "tenant_id": "f483ae7fd948459f90ff6888cb28ce2b", "port_range_max": 22, "port_range_min": 22, "id": "d715fd69-3297-4042-942f-6e905e4b46af", "security_group_id": "da2fd150-3f00-49c4-b674-ebc13a4496d5"}}
2015-12-20 02:01:57,752 20817 INFO     [tempest_lib.common.rest_client] Request (TestGettingAddress:setUp): 201 POST http://10.0.2.15:9696/v2.0/security-group-rules 0.118s
2015-12-20 02:01:57,752 20817 DEBUG    [tempest_lib.common.rest_client] Request - Headers: {'Content-Type': 'application/json', 'Accept': 'application/json', 'X-Auth-Token': '&lt;omitted&gt;'}
        Body: {"security_group_rule": {"direction": "egress", "protocol": "tcp", "tenant_id": "f483ae7fd948459f90ff6888cb28ce2b", "port_range_max": 22, "security_group_id": "da2fd150-3f00-49c4-b674-ebc13a4496d5", "port_range_min": 22}}
    Response - Headers: {'status': '201', 'content-length': '339', 'connection': 'close', 'date': 'Sun, 20 Dec 2015 02:01:57 GMT', 'content-type': 'application/json; charset=UTF-8', 'x-openstack-request-id': 'req-f12141fd-3a9d-48e9-9770-c0aafcadb36d'}
        Body: {"security_group_rule": {"remote_group_id": null, "direction": "egress", "remote_ip_prefix": null, "protocol": "tcp", "ethertype": "IPv4", "tenant_id": "f483ae7fd948459f90ff6888cb28ce2b", "port_range_max": 22, "port_range_min": 22, "id": "aa1ee2c0-9559-4fe8-8a94-d9254a405b7e", "security_group_id": "da2fd150-3f00-49c4-b674-ebc13a4496d5"}}
2015-12-20 02:01:57,870 20817 INFO     [tempest_lib.common.rest_client] Request (TestGettingAddress:setUp): 201 POST http://10.0.2.15:9696/v2.0/security-group-rules 0.116s
2015-12-20 02:01:57,870 20817 DEBUG    [tempest_lib.common.rest_client] Request - Headers: {'Content-Type': 'application/json', 'Accept': 'application/json', 'X-Auth-Token': '&lt;omitted&gt;'}
        Body: {"security_group_rule": {"tenant_id": "f483ae7fd948459f90ff6888cb28ce2b", "direction": "ingress", "protocol": "icmp", "security_group_id": "da2fd150-3f00-49c4-b674-ebc13a4496d5"}}
    Response - Headers: {'status': '201', 'content-length': '345', 'connection': 'close', 'date': 'Sun, 20 Dec 2015 02:01:57 GMT', 'content-type': 'application/json; charset=UTF-8', 'x-openstack-request-id': 'req-86ce1cbf-d114-45bf-be38-becd8d7989ea'}
        Body: {"security_group_rule": {"remote_group_id": null, "direction": "ingress", "remote_ip_prefix": null, "protocol": "icmp", "ethertype": "IPv4", "tenant_id": "f483ae7fd948459f90ff6888cb28ce2b", "port_range_max": null, "port_range_min": null, "id": "fee66eba-3171-45bc-8962-afd678c714d5", "security_group_id": "da2fd150-3f00-49c4-b674-ebc13a4496d5"}}
2015-12-20 02:01:57,980 20817 INFO     [tempest_lib.common.rest_client] Request (TestGettingAddress:setUp): 201 POST http://10.0.2.15:9696/v2.0/security-group-rules 0.108s
2015-12-20 02:01:57,981 20817 DEBUG    [tempest_lib.common.rest_client] Request - Headers: {'Content-Type': 'application/json', 'Accept': 'application/json', 'X-Auth-Token': '&lt;omitted&gt;'}
        Body: {"security_group_rule": {"tenant_id": "f483ae7fd948459f90ff6888cb28ce2b", "direction": "egress", "protocol": "icmp", "security_group_id": "da2fd150-3f00-49c4-b674-ebc13a4496d5"}}
    Response - Headers: {'status': '201', 'content-length': '344', 'connection': 'close', 'date': 'Sun, 20 Dec 2015 02:01:57 GMT', 'content-type': 'application/json; charset=UTF-8', 'x-openstack-request-id': 'req-2603ed9f-d0c4-4357-9872-f4c0fc4cbaff'}
        Body: {"security_group_rule": {"remote_group_id": null, "direction": "egress", "remote_ip_prefix": null, "protocol": "icmp", "ethertype": "IPv4", "tenant_id": "f483ae7fd948459f90ff6888cb28ce2b", "port_range_max": null, "port_range_min": null, "id": "6f6e8e0c-2a7f-460d-8f8d-fcaedac97496", "security_group_id": "da2fd150-3f00-49c4-b674-ebc13a4496d5"}}
2015-12-20 02:01:58,093 20817 INFO     [tempest_lib.common.rest_client] Request (TestGettingAddress:setUp): 201 POST http://10.0.2.15:9696/v2.0/security-group-rules 0.111s
2015-12-20 02:01:58,093 20817 DEBUG    [tempest_lib.common.rest_client] Request - Headers: {'Content-Type': 'application/json', 'Accept': 'application/json', 'X-Auth-Token': '&lt;omitted&gt;'}
        Body: {"security_group_rule": {"tenant_id": "f483ae7fd948459f90ff6888cb28ce2b", "direction": "ingress", "security_group_id": "da2fd150-3f00-49c4-b674-ebc13a4496d5", "protocol": "icmp", "ethertype": "IPv6"}}
    Response - Headers: {'status': '201', 'content-length': '345', 'connection': 'close', 'date': 'Sun, 20 Dec 2015 02:01:58 GMT', 'content-type': 'application/json; charset=UTF-8', 'x-openstack-request-id': 'req-5732d0c1-85b9-4a67-a36d-18123e03e729'}
        Body: {"security_group_rule": {"remote_group_id": null, "direction": "ingress", "remote_ip_prefix": null, "protocol": "icmp", "ethertype": "IPv6", "tenant_id": "f483ae7fd948459f90ff6888cb28ce2b", "port_range_max": null, "port_range_min": null, "id": "fea915ea-93e3-44d6-9f2d-c5f12aa8ec39", "security_group_id": "da2fd150-3f00-49c4-b674-ebc13a4496d5"}}
2015-12-20 02:01:58,212 20817 INFO     [tempest_lib.common.rest_client] Request (TestGettingAddress:setUp): 201 POST http://10.0.2.15:9696/v2.0/security-group-rules 0.117s
2015-12-20 02:01:58,212 20817 DEBUG    [tempest_lib.common.rest_client] Request - Headers: {'Content-Type': 'application/json', 'Accept': 'application/json', 'X-Auth-Token': '&lt;omitted&gt;'}
        Body: {"security_group_rule": {"tenant_id": "f483ae7fd948459f90ff6888cb28ce2b", "direction": "egress", "security_group_id": "da2fd150-3f00-49c4-b674-ebc13a4496d5", "protocol": "icmp", "ethertype": "IPv6"}}
    Response - Headers: {'status': '201', 'content-length': '344', 'connection': 'close', 'date': 'Sun, 20 Dec 2015 02:01:58 GMT', 'content-type': 'application/json; charset=UTF-8', 'x-openstack-request-id': 'req-93464f1c-8713-4d98-ab5d-1d38b3c773d3'}
        Body: {"security_group_rule": {"remote_group_id": null, "direction": "egress", "remote_ip_prefix": null, "protocol": "icmp", "ethertype": "IPv6", "tenant_id": "f483ae7fd948459f90ff6888cb28ce2b", "port_range_max": null, "port_range_min": null, "id": "d09f43fa-f060-4ed2-91a6-d79cba62aac8", "security_group_id": "da2fd150-3f00-49c4-b674-ebc13a4496d5"}}
2015-12-20 02:01:58,340 20817 INFO     [tempest_lib.common.rest_client] Request (TestGettingAddress:test_dhcp6_stateless_from_os): 201 POST http://10.0.2.15:9696/v2.0/networks 0.126s
2015-12-20 02:01:58,341 20817 DEBUG    [tempest_lib.common.rest_client] Request - Headers: {'Content-Type': 'application/json', 'Accept': 'application/json', 'X-Auth-Token': '&lt;omitted&gt;'}
        Body: {"network": {"tenant_id": "f483ae7fd948459f90ff6888cb28ce2b", "name": "tempest-network-smoke--921335572"}}
    Response - Headers: {'status': '201', 'content-length': '295', 'connection': 'close', 'date': 'Sun, 20 Dec 2015 02:01:58 GMT', 'content-type': 'application/json; charset=UTF-8', 'x-openstack-request-id': 'req-4cf0b19d-3fff-4b6c-8e78-0940bb884bf2'}
        Body: {"network": {"status": "ACTIVE", "subnets": [], "name": "tempest-network-smoke--921335572", "admin_state_up": true, "tenant_id": "f483ae7fd948459f90ff6888cb28ce2b", "mtu": 0, "router:external": false, "shared": false, "port_security_enabled": true, "id": "992928d1-cd10-4928-9600-a8185cc54287"}}
2015-12-20 02:01:58,499 20817 INFO     [tempest_lib.common.rest_client] Request (TestGettingAddress:test_dhcp6_stateless_from_os): 200 GET http://10.0.2.15:9696/v2.0/subnets?tenant_id=f483ae7fd948459f90ff6888cb28ce2b&amp;cidr=10.100.0.0%2F28 0.157s
2015-12-20 02:01:58,500 20817 DEBUG    [tempest_lib.common.rest_client] Request - Headers: {'Content-Type': 'application/json', 'Accept': 'application/json', 'X-Auth-Token': '&lt;omitted&gt;'}
        Body: None
    Response - Headers: {'status': '200', 'content-length': '15', 'content-location': 'http://10.0.2.15:9696/v2.0/subnets?tenant_id=f483ae7fd948459f90ff6888cb28ce2b&amp;cidr=10.100.0.0%2F28', 'connection': 'close', 'date': 'Sun, 20 Dec 2015 02:01:58 GMT', 'content-type': 'application/json; charset=UTF-8', 'x-openstack-request-id': 'req-bd169545-d73b-4ac8-9f32-4fd2c1c009da'}
        Body: {"subnets": []}
2015-12-20 02:01:58,787 20817 INFO     [tempest_lib.common.rest_client] Request (TestGettingAddress:test_dhcp6_stateless_from_os): 201 POST http://10.0.2.15:9696/v2.0/subnets 0.286s
2015-12-20 02:01:58,787 20817 DEBUG    [tempest_lib.common.rest_client] Request - Headers: {'Content-Type': 'application/json', 'Accept': 'application/json', 'X-Auth-Token': '&lt;omitted&gt;'}
        Body: {"subnet": {"ip_version": 4, "tenant_id": "f483ae7fd948459f90ff6888cb28ce2b", "cidr": "10.100.0.0/28", "network_id": "992928d1-cd10-4928-9600-a8185cc54287", "name": "tempest-sub4-1114831762"}}
    Response - Headers: {'status': '201', 'content-length': '470', 'connection': 'close', 'date': 'Sun, 20 Dec 2015 02:01:58 GMT', 'content-type': 'application/json; charset=UTF-8', 'x-openstack-request-id': 'req-96cd31ee-732f-4497-b8b6-bc685d6a2abc'}
        Body: {"subnet": {"name": "tempest-sub4-1114831762", "enable_dhcp": true, "network_id": "992928d1-cd10-4928-9600-a8185cc54287", "tenant_id": "f483ae7fd948459f90ff6888cb28ce2b", "dns_nameservers": [], "gateway_ip": "10.100.0.1", "ipv6_ra_mode": null, "allocation_pools": [{"start": "10.100.0.2", "end": "10.100.0.14"}], "host_routes": [], "ip_version": 4, "ipv6_address_mode": null, "cidr": "10.100.0.0/28", "id": "737cac37-51f0-46ca-ae93-0dc5ef84f267", "subnetpool_id": null}}
2015-12-20 02:01:58,853 20817 INFO     [tempest_lib.common.rest_client] Request (TestGettingAddress:test_dhcp6_stateless_from_os): 201 POST http://10.0.2.15:9696/v2.0/routers 0.065s
2015-12-20 02:01:58,854 20817 DEBUG    [tempest_lib.common.rest_client] Request - Headers: {'Content-Type': 'application/json', 'Accept': 'application/json', 'X-Auth-Token': '&lt;omitted&gt;'}
        Body: {"router": {"tenant_id": "f483ae7fd948459f90ff6888cb28ce2b", "name": "tempest-router-smoke-1407179746", "admin_state_up": true}}
    Response - Headers: {'status': '201', 'content-length': '239', 'connection': 'close', 'date': 'Sun, 20 Dec 2015 02:01:58 GMT', 'content-type': 'application/json; charset=UTF-8', 'x-openstack-request-id': 'req-7bb16d94-3c56-404d-b176-0345d48f69f9'}
        Body: {"router": {"status": "ACTIVE", "external_gateway_info": null, "name": "tempest-router-smoke-1407179746", "admin_state_up": true, "tenant_id": "f483ae7fd948459f90ff6888cb28ce2b", "routes": [], "id": "23c59832-3e5d-461e-8dc7-6607c2534a37"}}
2015-12-20 02:01:58,892 20817 INFO     [tempest_lib.common.rest_client] Request (TestGettingAddress:test_dhcp6_stateless_from_os): 200 GET http://10.0.2.15:9696/v2.0/routers/23c59832-3e5d-461e-8dc7-6607c2534a37 0.038s
2015-12-20 02:01:58,893 20817 DEBUG    [tempest_lib.common.rest_client] Request - Headers: {'Content-Type': 'application/json', 'Accept': 'application/json', 'X-Auth-Token': '&lt;omitted&gt;'}
        Body: None
    Response - Headers: {'status': '200', 'content-length': '239', 'content-location': 'http://10.0.2.15:9696/v2.0/routers/23c59832-3e5d-461e-8dc7-6607c2534a37', 'connection': 'close', 'date': 'Sun, 20 Dec 2015 02:01:58 GMT', 'content-type': 'application/json; charset=UTF-8', 'x-openstack-request-id': 'req-54e60b7e-9f6a-40c1-b10f-864499b51f9f'}
        Body: {"router": {"status": "ACTIVE", "external_gateway_info": null, "name": "tempest-router-smoke-1407179746", "admin_state_up": true, "tenant_id": "f483ae7fd948459f90ff6888cb28ce2b", "routes": [], "id": "23c59832-3e5d-461e-8dc7-6607c2534a37"}}
2015-12-20 02:01:59,421 20817 INFO     [tempest_lib.common.rest_client] Request (TestGettingAddress:test_dhcp6_stateless_from_os): 200 PUT http://10.0.2.15:9696/v2.0/routers/23c59832-3e5d-461e-8dc7-6607c2534a37 0.526s
2015-12-20 02:01:59,421 20817 DEBUG    [tempest_lib.common.rest_client] Request - Headers: {'Content-Type': 'application/json', 'Accept': 'application/json', 'X-Auth-Token': '&lt;omitted&gt;'}
        Body: {"router": {"external_gateway_info": {"network_id": "9459374d-ffd6-4db7-8055-a9851c3dbc84"}, "name": "tempest-router-smoke-1407179746", "admin_state_up": true}}
    Response - Headers: {'status': '200', 'content-length': '501', 'connection': 'close', 'date': 'Sun, 20 Dec 2015 02:01:59 GMT', 'content-type': 'application/json; charset=UTF-8', 'x-openstack-request-id': 'req-117cab42-efc6-4a36-adb4-1638758b920d'}
        Body: {"router": {"status": "ACTIVE", "external_gateway_info": {"network_id": "9459374d-ffd6-4db7-8055-a9851c3dbc84", "enable_snat": true, "external_fixed_ips": [{"subnet_id": "33c981cc-61c9-44fa-9bde-f847f5995db8", "ip_address": "172.24.4.3"}, {"subnet_id": "de512e05-4cbb-4135-bd59-9d4f3839a996", "ip_address": "2001:db8::3"}]}, "name": "tempest-router-smoke-1407179746", "admin_state_up": true, "tenant_id": "f483ae7fd948459f90ff6888cb28ce2b", "routes": [], "id": "23c59832-3e5d-461e-8dc7-6607c2534a37"}}
2015-12-20 02:01:59,838 20817 INFO     [tempest_lib.common.rest_client] Request (TestGettingAddress:test_dhcp6_stateless_from_os): 200 PUT http://10.0.2.15:9696/v2.0/routers/23c59832-3e5d-461e-8dc7-6607c2534a37/add_router_interface 0.416s
2015-12-20 02:01:59,839 20817 DEBUG    [tempest_lib.common.rest_client] Request - Headers: {'Content-Type': 'application/json', 'Accept': 'application/json', 'X-Auth-Token': '&lt;omitted&gt;'}
        Body: {"subnet_id": "737cac37-51f0-46ca-ae93-0dc5ef84f267"}
    Response - Headers: {'status': '200', 'content-length': '255', 'connection': 'close', 'date': 'Sun, 20 Dec 2015 02:01:59 GMT', 'content-type': 'application/json; charset=UTF-8', 'x-openstack-request-id': 'req-178c63d5-a745-4c21-8b71-ec0017150a8d'}
        Body: {"subnet_id": "737cac37-51f0-46ca-ae93-0dc5ef84f267", "tenant_id": "f483ae7fd948459f90ff6888cb28ce2b", "subnet_ids": ["737cac37-51f0-46ca-ae93-0dc5ef84f267"], "port_id": "b00bfac4-4573-423c-999f-6f3178babeb3", "id": "23c59832-3e5d-461e-8dc7-6607c2534a37"}
2015-12-20 02:01:59,883 20817 INFO     [tempest_lib.common.rest_client] Request (TestGettingAddress:test_dhcp6_stateless_from_os): 200 GET http://10.0.2.15:9696/v2.0/subnets?tenant_id=f483ae7fd948459f90ff6888cb28ce2b&amp;cidr=2003%3A%3A%2F64 0.043s
2015-12-20 02:01:59,884 20817 DEBUG    [tempest_lib.common.rest_client] Request - Headers: {'Content-Type': 'application/json', 'Accept': 'application/json', 'X-Auth-Token': '&lt;omitted&gt;'}
        Body: None
    Response - Headers: {'status': '200', 'content-length': '15', 'content-location': 'http://10.0.2.15:9696/v2.0/subnets?tenant_id=f483ae7fd948459f90ff6888cb28ce2b&amp;cidr=2003%3A%3A%2F64', 'connection': 'close', 'date': 'Sun, 20 Dec 2015 02:01:59 GMT', 'content-type': 'application/json; charset=UTF-8', 'x-openstack-request-id': 'req-e194e3b4-c23b-4f69-9c57-37f4511a60d3'}
        Body: {"subnets": []}
2015-12-20 02:02:00,317 20817 INFO     [tempest_lib.common.rest_client] Request (TestGettingAddress:test_dhcp6_stateless_from_os): 201 POST http://10.0.2.15:9696/v2.0/subnets 0.432s
2015-12-20 02:02:00,317 20817 DEBUG    [tempest_lib.common.rest_client] Request - Headers: {'Content-Type': 'application/json', 'Accept': 'application/json', 'X-Auth-Token': '&lt;omitted&gt;'}
        Body: {"subnet": {"name": "tempest-sub6-1841373064", "network_id": "992928d1-cd10-4928-9600-a8185cc54287", "tenant_id": "f483ae7fd948459f90ff6888cb28ce2b", "ipv6_ra_mode": "dhcpv6-stateless", "ip_version": 6, "ipv6_address_mode": "dhcpv6-stateless", "cidr": "2003::/64"}}
    Response - Headers: {'status': '201', 'content-length': '502', 'connection': 'close', 'date': 'Sun, 20 Dec 2015 02:02:00 GMT', 'content-type': 'application/json; charset=UTF-8', 'x-openstack-request-id': 'req-f6b468f3-3303-43b1-a837-4d0b26db7a47'}
        Body: {"subnet": {"name": "tempest-sub6-1841373064", "enable_dhcp": true, "network_id": "992928d1-cd10-4928-9600-a8185cc54287", "tenant_id": "f483ae7fd948459f90ff6888cb28ce2b", "dns_nameservers": [], "gateway_ip": "2003::1", "ipv6_ra_mode": "dhcpv6-stateless", "allocation_pools": [{"start": "2003::2", "end": "2003::ffff:ffff:ffff:ffff"}], "host_routes": [], "ip_version": 6, "ipv6_address_mode": "dhcpv6-stateless", "cidr": "2003::/64", "id": "37fb73de-d553-45ea-88b3-cb0806406475", "subnetpool_id": null}}
2015-12-20 02:02:00,819 20817 INFO     [tempest_lib.common.rest_client] Request (TestGettingAddress:test_dhcp6_stateless_from_os): 200 PUT http://10.0.2.15:9696/v2.0/routers/23c59832-3e5d-461e-8dc7-6607c2534a37/add_router_interface 0.501s
2015-12-20 02:02:00,819 20817 DEBUG    [tempest_lib.common.rest_client] Request - Headers: {'Content-Type': 'application/json', 'Accept': 'application/json', 'X-Auth-Token': '&lt;omitted&gt;'}
        Body: {"subnet_id": "37fb73de-d553-45ea-88b3-cb0806406475"}
    Response - Headers: {'status': '200', 'content-length': '255', 'connection': 'close', 'date': 'Sun, 20 Dec 2015 02:02:00 GMT', 'content-type': 'application/json; charset=UTF-8', 'x-openstack-request-id': 'req-784de259-3bd7-49b0-aba4-68354759424f'}
        Body: {"subnet_id": "37fb73de-d553-45ea-88b3-cb0806406475", "tenant_id": "f483ae7fd948459f90ff6888cb28ce2b", "subnet_ids": ["37fb73de-d553-45ea-88b3-cb0806406475"], "port_id": "a1d8f45a-acbe-44cd-8d2e-59622b274031", "id": "23c59832-3e5d-461e-8dc7-6607c2534a37"}
2015-12-20 02:02:00,916 20817 INFO     [tempest_lib.common.rest_client] Request (TestGettingAddress:test_dhcp6_stateless_from_os): 200 POST http://10.0.2.15:5000/v2.0/tokens
2015-12-20 02:02:00,916 20817 DEBUG    [tempest_lib.common.rest_client] Request - Headers: {'Content-Type': 'application/json', 'Accept': 'application/json'}
        Body: &lt;omitted&gt;
    Response - Headers: {'status': '200', 'content-length': '2526', 'vary': 'X-Auth-Token', 'server': 'Apache/2.4.7 (Ubuntu)', 'connection': 'close', 'date': 'Sun, 20 Dec 2015 02:02:00 GMT', 'content-type': 'application/json', 'x-openstack-request-id': 'req-9fb138e3-ce20-4dd0-89b3-b570017c93d5'}
        Body: {"access": {"token": {"issued_at": "2015-12-20T02:02:00.902468", "expires": "2015-12-20T03:02:00Z", "id": "80fb8f4270b6443483da9b00868f9422", "tenant": {"description": "tempest-TestGettingAddress-1070720182-desc", "enabled": true, "id": "f483ae7fd948459f90ff6888cb28ce2b", "name": "tempest-TestGettingAddress-1070720182"}, "audit_ids": ["uGEz4f6GRZqPWs1bNmnLKg"]}, "serviceCatalog": [{"endpoints": [{"adminURL": "http://10.0.2.15:8774/v2.1/f483ae7fd948459f90ff6888cb28ce2b", "region": "RegionOne", "internalURL": "http://10.0.2.15:8774/v2.1/f483ae7fd948459f90ff6888cb28ce2b", "id": "06bfcc6bf4f44b39bee5e49a649fdf5e", "publicURL": "http://10.0.2.15:8774/v2.1/f483ae7fd948459f90ff6888cb28ce2b"}], "endpoints_links": [], "type": "compute", "name": "nova"}, {"endpoints": [{"adminURL": "http://10.0.2.15:9696/", "region": "RegionOne", "internalURL": "http://10.0.2.15:9696/", "id": "2e3e88700d0e456fa4f0090a78d93b90", "publicURL": "http://10.0.2.15:9696/"}], "endpoints_links": [], "type": "network", "name": "neutron"}, {"endpoints": [{"adminURL": "http://10.0.2.15:9292", "region": "RegionOne", "internalURL": "http://10.0.2.15:9292", "id": "577090fc4aea4377a4bc4ac2a501514a", "publicURL": "http://10.0.2.15:9292"}], "endpoints_links": [], "type": "image", "name": "glance"}, {"endpoints": [{"adminURL": "http://10.0.2.15:8774/v2/f483ae7fd948459f90ff6888cb28ce2b", "region": "RegionOne", "internalURL": "http://10.0.2.15:8774/v2/f483ae7fd948459f90ff6888cb28ce2b", "id": "3fc67de561794311b4d7f22e19aec4e7", "publicURL": "http://10.0.2.15:8774/v2/f483ae7fd948459f90ff6888cb28ce2b"}], "endpoints_links": [], "type": "compute_legacy", "name": "nova_legacy"}, {"endpoints": [{"adminURL": "http://10.0.2.15:8773/", "region": "RegionOne", "internalURL": "http://10.0.2.15:8773/", "id": "06c7bb5a1be24e18b9d741602757b18d", "publicURL": "http://10.0.2.15:8773/"}], "endpoints_links": [], "type": "ec2", "name": "ec2"}, {"endpoints": [{"adminURL": "http://10.0.2.15:35357/v2.0", "region": "RegionOne", "internalURL": "http://10.0.2.15:5000/v2.0", "id": "a225b531219d477499187a86a3bc1256", "publicURL": "http://10.0.2.15:5000/v2.0"}], "endpoints_links": [], "type": "identity", "name": "keystone"}], "user": {"username": "tempest-TestGettingAddress-1626032239", "roles_links": [], "id": "be53ccd87aaa4b3f8bab02ab5452f09b", "roles": [{"name": "Member"}, {"name": "_member_"}], "name": "tempest-TestGettingAddress-1626032239"}, "metadata": {"is_admin": 0, "roles": ["45d440f303f74836871a32b132c08418", "9fe2ff9ee4384b1894a90878d3e92bab"]}}}
2015-12-20 02:02:00,923 20817 DEBUG    [tempest.common.fixed_network] (TestGettingAddress:test_dhcp6_stateless_from_os) No valid network provided or created, defaulting to fixed_network_name
2015-12-20 02:02:01,254 20817 INFO     [tempest_lib.common.rest_client] Request (TestGettingAddress:test_dhcp6_stateless_from_os): 200 GET http://10.0.2.15:8774/v2.1/f483ae7fd948459f90ff6888cb28ce2b/os-networks 0.329s
2015-12-20 02:02:01,255 20817 DEBUG    [tempest_lib.common.rest_client] Request - Headers: {'Content-Type': 'application/json', 'Accept': 'application/json', 'X-Auth-Token': '&lt;omitted&gt;'}
        Body: None
    Response - Headers: {'status': '200', 'content-length': '478', 'content-location': 'http://10.0.2.15:8774/v2.1/f483ae7fd948459f90ff6888cb28ce2b/os-networks', 'x-compute-request-id': 'req-1f0bb4df-1aaf-4624-be88-347996865db0', 'vary': 'X-OpenStack-Nova-API-Version', 'connection': 'close', 'x-openstack-nova-api-version': '2.1', 'date': 'Sun, 20 Dec 2015 02:02:01 GMT', 'content-type': 'application/json'}
        Body: {"networks": [{"cidr_v6": null, "dns2": null, "dns1": null, "gateway": null, "broadcast": null, "netmask": null, "gateway_v6": null, "cidr": null, "label": "public", "id": "9459374d-ffd6-4db7-8055-a9851c3dbc84", "netmask_v6": null}, {"cidr_v6": null, "dns2": null, "dns1": null, "gateway": null, "broadcast": null, "netmask": null, "gateway_v6": null, "cidr": null, "label": "tempest-network-smoke--921335572", "id": "992928d1-cd10-4928-9600-a8185cc54287", "netmask_v6": null}]}
2015-12-20 02:02:01,255 20817 WARNING  [tempest.common.fixed_network] (TestGettingAddress:test_dhcp6_stateless_from_os) Network with name: private not found
2015-12-20 02:02:01,256 20817 INFO     [tempest.common.fixed_network] (TestGettingAddress:test_dhcp6_stateless_from_os) Found network {} available for tenant
2015-12-20 02:02:02,945 20817 INFO     [tempest_lib.common.rest_client] Request (TestGettingAddress:test_dhcp6_stateless_from_os): 202 POST http://10.0.2.15:8774/v2.1/f483ae7fd948459f90ff6888cb28ce2b/servers 1.688s
2015-12-20 02:02:02,945 20817 DEBUG    [tempest_lib.common.rest_client] Request - Headers: {'Content-Type': 'application/json', 'Accept': 'application/json', 'X-Auth-Token': '&lt;omitted&gt;'}
        Body: {"server": {"name": "tempest.common.compute-instance-1909679798", "imageRef": "b6f51099-b9cc-47ce-bd20-d2aaff4e8337", "key_name": "tempest-TestGettingAddress-406902793", "flavorRef": "42", "networks": [{"uuid": "992928d1-cd10-4928-9600-a8185cc54287"}], "security_groups": [{"name": "tempest-secgroup-smoke-1570731697"}]}}
    Response - Headers: {'status': '202', 'content-length': '462', 'x-compute-request-id': 'req-9a8a845e-c60d-43c4-ac64-7170c7962d17', 'vary': 'X-OpenStack-Nova-API-Version', 'connection': 'close', 'location': 'http://10.0.2.15:8774/v2.1/f483ae7fd948459f90ff6888cb28ce2b/servers/7c0183b5-d760-4131-9cc7-61f151ade3a4', 'x-openstack-nova-api-version': '2.1', 'date': 'Sun, 20 Dec 2015 02:02:02 GMT', 'content-type': 'application/json'}
        Body: {"server": {"security_groups": [{"name": "tempest-secgroup-smoke-1570731697"}], "OS-DCF:diskConfig": "MANUAL", "id": "7c0183b5-d760-4131-9cc7-61f151ade3a4", "links": [{"href": "http://10.0.2.15:8774/v2.1/f483ae7fd948459f90ff6888cb28ce2b/servers/7c0183b5-d760-4131-9cc7-61f151ade3a4", "rel": "self"}, {"href": "http://10.0.2.15:8774/f483ae7fd948459f90ff6888cb28ce2b/servers/7c0183b5-d760-4131-9cc7-61f151ade3a4", "rel": "bookmark"}], "adminPass": "BX8MRcP6wepd"}}
2015-12-20 02:02:03,088 20817 INFO     [tempest_lib.common.rest_client] Request (TestGettingAddress:test_dhcp6_stateless_from_os): 200 GET http://10.0.2.15:8774/v2.1/f483ae7fd948459f90ff6888cb28ce2b/servers/7c0183b5-d760-4131-9cc7-61f151ade3a4 0.139s
2015-12-20 02:02:03,088 20817 DEBUG    [tempest_lib.common.rest_client] Request - Headers: {'Content-Type': 'application/json', 'Accept': 'application/json', 'X-Auth-Token': '&lt;omitted&gt;'}
        Body: None
    Response - Headers: {'status': '200', 'content-length': '1354', 'content-location': 'http://10.0.2.15:8774/v2.1/f483ae7fd948459f90ff6888cb28ce2b/servers/7c0183b5-d760-4131-9cc7-61f151ade3a4', 'x-compute-request-id': 'req-9ee044d1-bb3f-4b7d-8701-4d424503a8e9', 'vary': 'X-OpenStack-Nova-API-Version', 'connection': 'close', 'x-openstack-nova-api-version': '2.1', 'date': 'Sun, 20 Dec 2015 02:02:03 GMT', 'content-type': 'application/json'}
        Body: {"server": {"status": "BUILD", "updated": "2015-12-20T02:02:03Z", "hostId": "", "addresses": {}, "links": [{"href": "http://10.0.2.15:8774/v2.1/f483ae7fd948459f90ff6888cb28ce2b/servers/7c0183b5-d760-4131-9cc7-61f151ade3a4", "rel": "self"}, {"href": "http://10.0.2.15:8774/f483ae7fd948459f90ff6888cb28ce2b/servers/7c0183b5-d760-4131-9cc7-61f151ade3a4", "rel": "bookmark"}], "key_name": "tempest-TestGettingAddress-406902793", "image": {"id": "b6f51099-b9cc-47ce-bd20-d2aaff4e8337", "links": [{"href": "http://10.0.2.15:8774/f483ae7fd948459f90ff6888cb28ce2b/images/b6f51099-b9cc-47ce-bd20-d2aaff4e8337", "rel": "bookmark"}]}, "OS-EXT-STS:task_state": "scheduling", "OS-EXT-STS:vm_state": "building", "OS-SRV-USG:launched_at": null, "flavor": {"id": "42", "links": [{"href": "http://10.0.2.15:8774/f483ae7fd948459f90ff6888cb28ce2b/flavors/42", "rel": "bookmark"}]}, "id": "7c0183b5-d760-4131-9cc7-61f151ade3a4", "OS-SRV-USG:terminated_at": null, "OS-EXT-AZ:availability_zone": "", "user_id": "be53ccd87aaa4b3f8bab02ab5452f09b", "name": "tempest.common.compute-instance-1909679798", "created": "2015-12-20T02:02:02Z", "tenant_id": "f483ae7fd948459f90ff6888cb28ce2b", "OS-DCF:diskConfig": "MANUAL", "os-extended-volumes:volumes_attached": [], "accessIPv4": "", "accessIPv6": "", "progress": 0, "OS-EXT-STS:power_state": 0, "config_drive": "", "metadata": {}}}
2015-12-20 02:02:04,287 20817 INFO     [tempest_lib.common.rest_client] Request (TestGettingAddress:test_dhcp6_stateless_from_os): 200 GET http://10.0.2.15:8774/v2.1/f483ae7fd948459f90ff6888cb28ce2b/servers/7c0183b5-d760-4131-9cc7-61f151ade3a4 0.189s
2015-12-20 02:02:04,287 20817 DEBUG    [tempest_lib.common.rest_client] Request - Headers: {'Content-Type': 'application/json', 'Accept': 'application/json', 'X-Auth-Token': '&lt;omitted&gt;'}
        Body: None
    Response - Headers: {'status': '200', 'content-length': '1412', 'content-location': 'http://10.0.2.15:8774/v2.1/f483ae7fd948459f90ff6888cb28ce2b/servers/7c0183b5-d760-4131-9cc7-61f151ade3a4', 'x-compute-request-id': 'req-5934be7e-86ec-4c07-9497-1b4489183f28', 'vary': 'X-OpenStack-Nova-API-Version', 'connection': 'close', 'x-openstack-nova-api-version': '2.1', 'date': 'Sun, 20 Dec 2015 02:02:04 GMT', 'content-type': 'application/json'}
        Body: {"server": {"status": "BUILD", "updated": "2015-12-20T02:02:04Z", "hostId": "b94aca7688496abb8d4c9cd8559cfed72ad11a72100c453c68269059", "addresses": {}, "links": [{"href": "http://10.0.2.15:8774/v2.1/f483ae7fd948459f90ff6888cb28ce2b/servers/7c0183b5-d760-4131-9cc7-61f151ade3a4", "rel": "self"}, {"href": "http://10.0.2.15:8774/f483ae7fd948459f90ff6888cb28ce2b/servers/7c0183b5-d760-4131-9cc7-61f151ade3a4", "rel": "bookmark"}], "key_name": "tempest-TestGettingAddress-406902793", "image": {"id": "b6f51099-b9cc-47ce-bd20-d2aaff4e8337", "links": [{"href": "http://10.0.2.15:8774/f483ae7fd948459f90ff6888cb28ce2b/images/b6f51099-b9cc-47ce-bd20-d2aaff4e8337", "rel": "bookmark"}]}, "OS-EXT-STS:task_state": "spawning", "OS-EXT-STS:vm_state": "building", "OS-SRV-USG:launched_at": null, "flavor": {"id": "42", "links": [{"href": "http://10.0.2.15:8774/f483ae7fd948459f90ff6888cb28ce2b/flavors/42", "rel": "bookmark"}]}, "id": "7c0183b5-d760-4131-9cc7-61f151ade3a4", "OS-SRV-USG:terminated_at": null, "OS-EXT-AZ:availability_zone": "nova", "user_id": "be53ccd87aaa4b3f8bab02ab5452f09b", "name": "tempest.common.compute-instance-1909679798", "created": "2015-12-20T02:02:02Z", "tenant_id": "f483ae7fd948459f90ff6888cb28ce2b", "OS-DCF:diskConfig": "MANUAL", "os-extended-volumes:volumes_attached": [], "accessIPv4": "", "accessIPv6": "", "progress": 0, "OS-EXT-STS:power_state": 0, "config_drive": "", "metadata": {}}}
2015-12-20 02:02:04,296 20817 INFO     [tempest.common.waiters] State transition "BUILD/scheduling" ==&gt; "BUILD/spawning" after 1 second wait
2015-12-20 02:02:05,530 20817 INFO     [tempest_lib.common.rest_client] Request (TestGettingAddress:test_dhcp6_stateless_from_os): 200 GET http://10.0.2.15:8774/v2.1/f483ae7fd948459f90ff6888cb28ce2b/servers/7c0183b5-d760-4131-9cc7-61f151ade3a4 0.233s
2015-12-20 02:02:05,531 20817 DEBUG    [tempest_lib.common.rest_client] Request - Headers: {'Content-Type': 'application/json', 'Accept': 'application/json', 'X-Auth-Token': '&lt;omitted&gt;'}
        Body: None
    Response - Headers: {'status': '200', 'content-length': '1480', 'content-location': 'http://10.0.2.15:8774/v2.1/f483ae7fd948459f90ff6888cb28ce2b/servers/7c0183b5-d760-4131-9cc7-61f151ade3a4', 'x-compute-request-id': 'req-2936ccf4-eaa9-4315-93db-971f5c5ce9f9', 'vary': 'X-OpenStack-Nova-API-Version', 'connection': 'close', 'x-openstack-nova-api-version': '2.1', 'date': 'Sun, 20 Dec 2015 02:02:05 GMT', 'content-type': 'application/json'}
        Body: {"server": {"status": "BUILD", "updated": "2015-12-20T02:02:04Z", "hostId": "b94aca7688496abb8d4c9cd8559cfed72ad11a72100c453c68269059", "addresses": {}, "links": [{"href": "http://10.0.2.15:8774/v2.1/f483ae7fd948459f90ff6888cb28ce2b/servers/7c0183b5-d760-4131-9cc7-61f151ade3a4", "rel": "self"}, {"href": "http://10.0.2.15:8774/f483ae7fd948459f90ff6888cb28ce2b/servers/7c0183b5-d760-4131-9cc7-61f151ade3a4", "rel": "bookmark"}], "key_name": "tempest-TestGettingAddress-406902793", "image": {"id": "b6f51099-b9cc-47ce-bd20-d2aaff4e8337", "links": [{"href": "http://10.0.2.15:8774/f483ae7fd948459f90ff6888cb28ce2b/images/b6f51099-b9cc-47ce-bd20-d2aaff4e8337", "rel": "bookmark"}]}, "OS-EXT-STS:task_state": "spawning", "OS-EXT-STS:vm_state": "building", "OS-SRV-USG:launched_at": null, "flavor": {"id": "42", "links": [{"href": "http://10.0.2.15:8774/f483ae7fd948459f90ff6888cb28ce2b/flavors/42", "rel": "bookmark"}]}, "id": "7c0183b5-d760-4131-9cc7-61f151ade3a4", "security_groups": [{"name": "tempest-secgroup-smoke-1570731697"}], "OS-SRV-USG:terminated_at": null, "OS-EXT-AZ:availability_zone": "nova", "user_id": "be53ccd87aaa4b3f8bab02ab5452f09b", "name": "tempest.common.compute-instance-1909679798", "created": "2015-12-20T02:02:02Z", "tenant_id": "f483ae7fd948459f90ff6888cb28ce2b", "OS-DCF:diskConfig": "MANUAL", "os-extended-volumes:volumes_attached": [], "accessIPv4": "", "accessIPv6": "", "progress": 0, "OS-EXT-STS:power_state": 0, "config_drive": "", "metadata": {}}}
2015-12-20 02:02:06,776 20817 INFO     [tempest_lib.common.rest_client] Request (TestGettingAddress:test_dhcp6_stateless_from_os): 200 GET http://10.0.2.15:8774/v2.1/f483ae7fd948459f90ff6888cb28ce2b/servers/7c0183b5-d760-4131-9cc7-61f151ade3a4 0.235s
2015-12-20 02:02:06,776 20817 DEBUG    [tempest_lib.common.rest_client] Request - Headers: {'Content-Type': 'application/json', 'Accept': 'application/json', 'X-Auth-Token': '&lt;omitted&gt;'}
        Body: None
    Response - Headers: {'status': '200', 'content-length': '1780', 'content-location': 'http://10.0.2.15:8774/v2.1/f483ae7fd948459f90ff6888cb28ce2b/servers/7c0183b5-d760-4131-9cc7-61f151ade3a4', 'x-compute-request-id': 'req-4fa7aa7c-a09d-4f1c-8103-3bead57efe17', 'vary': 'X-OpenStack-Nova-API-Version', 'connection': 'close', 'x-openstack-nova-api-version': '2.1', 'date': 'Sun, 20 Dec 2015 02:02:06 GMT', 'content-type': 'application/json'}
        Body: {"server": {"status": "ACTIVE", "updated": "2015-12-20T02:02:06Z", "hostId": "b94aca7688496abb8d4c9cd8559cfed72ad11a72100c453c68269059", "addresses": {"tempest-network-smoke--921335572": [{"OS-EXT-IPS-MAC:mac_addr": "fa:16:3e:94:39:fc", "version": 6, "addr": "2003::f816:3eff:fe94:39fc", "OS-EXT-IPS:type": "fixed"}, {"OS-EXT-IPS-MAC:mac_addr": "fa:16:3e:94:39:fc", "version": 4, "addr": "10.100.0.3", "OS-EXT-IPS:type": "fixed"}]}, "links": [{"href": "http://10.0.2.15:8774/v2.1/f483ae7fd948459f90ff6888cb28ce2b/servers/7c0183b5-d760-4131-9cc7-61f151ade3a4", "rel": "self"}, {"href": "http://10.0.2.15:8774/f483ae7fd948459f90ff6888cb28ce2b/servers/7c0183b5-d760-4131-9cc7-61f151ade3a4", "rel": "bookmark"}], "key_name": "tempest-TestGettingAddress-406902793", "image": {"id": "b6f51099-b9cc-47ce-bd20-d2aaff4e8337", "links": [{"href": "http://10.0.2.15:8774/f483ae7fd948459f90ff6888cb28ce2b/images/b6f51099-b9cc-47ce-bd20-d2aaff4e8337", "rel": "bookmark"}]}, "OS-EXT-STS:task_state": null, "OS-EXT-STS:vm_state": "active", "OS-SRV-USG:launched_at": "2015-12-20T02:02:06.000000", "flavor": {"id": "42", "links": [{"href": "http://10.0.2.15:8774/f483ae7fd948459f90ff6888cb28ce2b/flavors/42", "rel": "bookmark"}]}, "id": "7c0183b5-d760-4131-9cc7-61f151ade3a4", "security_groups": [{"name": "tempest-secgroup-smoke-1570731697"}], "OS-SRV-USG:terminated_at": null, "OS-EXT-AZ:availability_zone": "nova", "user_id": "be53ccd87aaa4b3f8bab02ab5452f09b", "name": "tempest.common.compute-instance-1909679798", "created": "2015-12-20T02:02:02Z", "tenant_id": "f483ae7fd948459f90ff6888cb28ce2b", "OS-DCF:diskConfig": "MANUAL", "os-extended-volumes:volumes_attached": [], "accessIPv4": "", "accessIPv6": "", "progress": 0, "OS-EXT-STS:power_state": 1, "config_drive": "True", "metadata": {}}}
2015-12-20 02:02:06,784 20817 INFO     [tempest.common.waiters] State transition "BUILD/spawning" ==&gt; "ACTIVE/None" after 3 second wait
2015-12-20 02:02:06,959 20817 INFO     [tempest_lib.common.rest_client] Request (TestGettingAddress:test_dhcp6_stateless_from_os): 200 GET http://10.0.2.15:8774/v2.1/f483ae7fd948459f90ff6888cb28ce2b/servers/7c0183b5-d760-4131-9cc7-61f151ade3a4 0.175s
2015-12-20 02:02:06,960 20817 DEBUG    [tempest_lib.common.rest_client] Request - Headers: {'Content-Type': 'application/json', 'Accept': 'application/json', 'X-Auth-Token': '&lt;omitted&gt;'}
        Body: None
    Response - Headers: {'status': '200', 'content-length': '1780', 'content-location': 'http://10.0.2.15:8774/v2.1/f483ae7fd948459f90ff6888cb28ce2b/servers/7c0183b5-d760-4131-9cc7-61f151ade3a4', 'x-compute-request-id': 'req-fb7f75de-c7a3-44de-8a57-a03a3b23b672', 'vary': 'X-OpenStack-Nova-API-Version', 'connection': 'close', 'x-openstack-nova-api-version': '2.1', 'date': 'Sun, 20 Dec 2015 02:02:06 GMT', 'content-type': 'application/json'}
        Body: {"server": {"status": "ACTIVE", "updated": "2015-12-20T02:02:06Z", "hostId": "b94aca7688496abb8d4c9cd8559cfed72ad11a72100c453c68269059", "addresses": {"tempest-network-smoke--921335572": [{"OS-EXT-IPS-MAC:mac_addr": "fa:16:3e:94:39:fc", "version": 6, "addr": "2003::f816:3eff:fe94:39fc", "OS-EXT-IPS:type": "fixed"}, {"OS-EXT-IPS-MAC:mac_addr": "fa:16:3e:94:39:fc", "version": 4, "addr": "10.100.0.3", "OS-EXT-IPS:type": "fixed"}]}, "links": [{"href": "http://10.0.2.15:8774/v2.1/f483ae7fd948459f90ff6888cb28ce2b/servers/7c0183b5-d760-4131-9cc7-61f151ade3a4", "rel": "self"}, {"href": "http://10.0.2.15:8774/f483ae7fd948459f90ff6888cb28ce2b/servers/7c0183b5-d760-4131-9cc7-61f151ade3a4", "rel": "bookmark"}], "key_name": "tempest-TestGettingAddress-406902793", "image": {"id": "b6f51099-b9cc-47ce-bd20-d2aaff4e8337", "links": [{"href": "http://10.0.2.15:8774/f483ae7fd948459f90ff6888cb28ce2b/images/b6f51099-b9cc-47ce-bd20-d2aaff4e8337", "rel": "bookmark"}]}, "OS-EXT-STS:task_state": null, "OS-EXT-STS:vm_state": "active", "OS-SRV-USG:launched_at": "2015-12-20T02:02:06.000000", "flavor": {"id": "42", "links": [{"href": "http://10.0.2.15:8774/f483ae7fd948459f90ff6888cb28ce2b/flavors/42", "rel": "bookmark"}]}, "id": "7c0183b5-d760-4131-9cc7-61f151ade3a4", "security_groups": [{"name": "tempest-secgroup-smoke-1570731697"}], "OS-SRV-USG:terminated_at": null, "OS-EXT-AZ:availability_zone": "nova", "user_id": "be53ccd87aaa4b3f8bab02ab5452f09b", "name": "tempest.common.compute-instance-1909679798", "created": "2015-12-20T02:02:02Z", "tenant_id": "f483ae7fd948459f90ff6888cb28ce2b", "OS-DCF:diskConfig": "MANUAL", "os-extended-volumes:volumes_attached": [], "accessIPv4": "", "accessIPv6": "", "progress": 0, "OS-EXT-STS:power_state": 1, "config_drive": "True", "metadata": {}}}
2015-12-20 02:02:06,998 20817 INFO     [tempest_lib.common.rest_client] Request (TestGettingAddress:test_dhcp6_stateless_from_os): 200 GET http://10.0.2.15:9696/v2.0/ports?status=ACTIVE&amp;fixed_ip=None&amp;device_id=7c0183b5-d760-4131-9cc7-61f151ade3a4 0.029s
2015-12-20 02:02:06,998 20817 DEBUG    [tempest_lib.common.rest_client] Request - Headers: {'Content-Type': 'application/json', 'Accept': 'application/json', 'X-Auth-Token': '&lt;omitted&gt;'}
        Body: None
    Response - Headers: {'status': '200', 'content-length': '1142', 'content-location': 'http://10.0.2.15:9696/v2.0/ports?status=ACTIVE&amp;fixed_ip=None&amp;device_id=7c0183b5-d760-4131-9cc7-61f151ade3a4', 'connection': 'close', 'date': 'Sun, 20 Dec 2015 02:02:06 GMT', 'content-type': 'application/json; charset=UTF-8', 'x-openstack-request-id': 'req-83c9e0aa-9e01-463a-8794-827d12f87268'}
        Body: {"ports": [{"status": "ACTIVE", "binding:host_id": "vagrant-ubuntu-trusty-64", "allowed_address_pairs": [], "extra_dhcp_opts": [], "dns_assignment": [{"hostname": "host-10-100-0-3", "ip_address": "10.100.0.3", "fqdn": "host-10-100-0-3.openstacklocal."}, {"hostname": "host-2003--f816-3eff-fe94-39fc", "ip_address": "2003::f816:3eff:fe94:39fc", "fqdn": "host-2003--f816-3eff-fe94-39fc.openstacklocal."}], "device_owner": "compute:None", "port_security_enabled": true, "binding:profile": {}, "fixed_ips": [{"subnet_id": "737cac37-51f0-46ca-ae93-0dc5ef84f267", "ip_address": "10.100.0.3"}, {"subnet_id": "37fb73de-d553-45ea-88b3-cb0806406475", "ip_address": "2003::f816:3eff:fe94:39fc"}], "id": "e8dd369c-9a94-4f0b-a8d0-8ebc0334105d", "security_groups": ["da2fd150-3f00-49c4-b674-ebc13a4496d5"], "device_id": "7c0183b5-d760-4131-9cc7-61f151ade3a4", "name": "", "admin_state_up": true, "network_id": "992928d1-cd10-4928-9600-a8185cc54287", "dns_name": "", "binding:vif_details": {"port_filter": true}, "binding:vnic_type": "normal", "binding:vif_type": "ovs", "tenant_id": "f483ae7fd948459f90ff6888cb28ce2b", "mac_address": "fa:16:3e:94:39:fc"}]}
2015-12-20 02:02:07,376 20817 INFO     [tempest_lib.common.rest_client] Request (TestGettingAddress:test_dhcp6_stateless_from_os): 201 POST http://10.0.2.15:9696/v2.0/floatingips 0.378s
2015-12-20 02:02:07,377 20817 DEBUG    [tempest_lib.common.rest_client] Request - Headers: {'Content-Type': 'application/json', 'Accept': 'application/json', 'X-Auth-Token': '&lt;omitted&gt;'}
        Body: {"floatingip": {"floating_network_id": "9459374d-ffd6-4db7-8055-a9851c3dbc84", "tenant_id": "f483ae7fd948459f90ff6888cb28ce2b", "fixed_ip_address": "10.100.0.3", "port_id": "e8dd369c-9a94-4f0b-a8d0-8ebc0334105d"}}
    Response - Headers: {'status': '201', 'content-length': '367', 'connection': 'close', 'date': 'Sun, 20 Dec 2015 02:02:07 GMT', 'content-type': 'application/json; charset=UTF-8', 'x-openstack-request-id': 'req-2ebb54d3-31b5-4fae-b081-b6c8bfe8ef68'}
        Body: {"floatingip": {"floating_network_id": "9459374d-ffd6-4db7-8055-a9851c3dbc84", "router_id": "23c59832-3e5d-461e-8dc7-6607c2534a37", "fixed_ip_address": "10.100.0.3", "floating_ip_address": "172.24.4.4", "tenant_id": "f483ae7fd948459f90ff6888cb28ce2b", "status": "DOWN", "port_id": "e8dd369c-9a94-4f0b-a8d0-8ebc0334105d", "id": "142ff859-a100-4e07-a41a-f846f2d818f0"}}
2015-12-20 02:02:07,377 20817 INFO     [tempest_lib.common.ssh] Creating ssh connection to '172.24.4.4' as 'cirros' with public key authentication
2015-12-20 02:02:11,243 20817 WARNING  [tempest_lib.common.ssh] Failed to establish authenticated ssh connection to cirros@172.24.4.4 ([Errno None] Unable to connect to port 22 on  or 172.24.4.4). Number attempts: 1. Retry after 2 seconds.
2015-12-20 02:02:16,747 20817 WARNING  [tempest_lib.common.ssh] Failed to establish authenticated ssh connection to cirros@172.24.4.4 ([Errno None] Unable to connect to port 22 on  or 172.24.4.4). Number attempts: 2. Retry after 3 seconds.
2015-12-20 02:02:23,251 20817 WARNING  [tempest_lib.common.ssh] Failed to establish authenticated ssh connection to cirros@172.24.4.4 ([Errno None] Unable to connect to port 22 on  or 172.24.4.4). Number attempts: 3. Retry after 4 seconds.
2015-12-20 02:02:30,755 20817 WARNING  [tempest_lib.common.ssh] Failed to establish authenticated ssh connection to cirros@172.24.4.4 ([Errno None] Unable to connect to port 22 on  or 172.24.4.4). Number attempts: 4. Retry after 5 seconds.
2015-12-20 02:02:39,258 20817 WARNING  [tempest_lib.common.ssh] Failed to establish authenticated ssh connection to cirros@172.24.4.4 ([Errno None] Unable to connect to port 22 on  or 172.24.4.4). Number attempts: 5. Retry after 6 seconds.
2015-12-20 02:02:48,767 20817 WARNING  [tempest_lib.common.ssh] Failed to establish authenticated ssh connection to cirros@172.24.4.4 ([Errno None] Unable to connect to port 22 on  or 172.24.4.4). Number attempts: 6. Retry after 7 seconds.
2015-12-20 02:02:59,274 20817 WARNING  [tempest_lib.common.ssh] Failed to establish authenticated ssh connection to cirros@172.24.4.4 ([Errno None] Unable to connect to port 22 on  or 172.24.4.4). Number attempts: 7. Retry after 8 seconds.
2015-12-20 02:03:10,775 20817 WARNING  [tempest_lib.common.ssh] Failed to establish authenticated ssh connection to cirros@172.24.4.4 ([Errno None] Unable to connect to port 22 on  or 172.24.4.4). Number attempts: 8. Retry after 9 seconds.
2015-12-20 02:03:23,282 20817 WARNING  [tempest_lib.common.ssh] Failed to establish authenticated ssh connection to cirros@172.24.4.4 ([Errno None] Unable to connect to port 22 on  or 172.24.4.4). Number attempts: 9. Retry after 10 seconds.
2015-12-20 02:03:36,795 20817 WARNING  [tempest_lib.common.ssh] Failed to establish authenticated ssh connection to cirros@172.24.4.4 ([Errno None] Unable to connect to port 22 on  or 172.24.4.4). Number attempts: 10. Retry after 11 seconds.
2015-12-20 02:03:51,307 20817 WARNING  [tempest_lib.common.ssh] Failed to establish authenticated ssh connection to cirros@172.24.4.4 ([Errno None] Unable to connect to port 22 on  or 172.24.4.4). Number attempts: 11. Retry after 12 seconds.
2015-12-20 02:04:06,819 20817 WARNING  [tempest_lib.common.ssh] Failed to establish authenticated ssh connection to cirros@172.24.4.4 ([Errno None] Unable to connect to port 22 on  or 172.24.4.4). Number attempts: 12. Retry after 13 seconds.
2015-12-20 02:04:23,335 20817 WARNING  [tempest_lib.common.ssh] Failed to establish authenticated ssh connection to cirros@172.24.4.4 ([Errno None] Unable to connect to port 22 on  or 172.24.4.4). Number attempts: 13. Retry after 14 seconds.
2015-12-20 02:04:40,854 20817 WARNING  [tempest_lib.common.ssh] Failed to establish authenticated ssh connection to cirros@172.24.4.4 ([Errno None] Unable to connect to port 22 on  or 172.24.4.4). Number attempts: 14. Retry after 15 seconds.
2015-12-20 02:04:59,367 20817 WARNING  [tempest_lib.common.ssh] Failed to establish authenticated ssh connection to cirros@172.24.4.4 ([Errno None] Unable to connect to port 22 on  or 172.24.4.4). Number attempts: 15. Retry after 16 seconds.
2015-12-20 02:05:18,884 20817 WARNING  [tempest_lib.common.ssh] Failed to establish authenticated ssh connection to cirros@172.24.4.4 ([Errno None] Unable to connect to port 22 on  or 172.24.4.4). Number attempts: 16. Retry after 17 seconds.
2015-12-20 02:05:39,399 20817 WARNING  [tempest_lib.common.ssh] Failed to establish authenticated ssh connection to cirros@172.24.4.4 ([Errno None] Unable to connect to port 22 on  or 172.24.4.4). Number attempts: 17. Retry after 18 seconds.
2015-12-20 02:06:00,919 20817 WARNING  [tempest_lib.common.ssh] Failed to establish authenticated ssh connection to cirros@172.24.4.4 ([Errno None] Unable to connect to port 22 on  or 172.24.4.4). Number attempts: 18. Retry after 19 seconds.
2015-12-20 02:06:23,439 20817 WARNING  [tempest_lib.common.ssh] Failed to establish authenticated ssh connection to cirros@172.24.4.4 ([Errno None] Unable to connect to port 22 on  or 172.24.4.4). Number attempts: 19. Retry after 20 seconds.
2015-12-20 02:06:46,943 20817 WARNING  [tempest_lib.common.ssh] Failed to establish authenticated ssh connection to cirros@172.24.4.4 ([Errno None] Unable to connect to port 22 on  or 172.24.4.4). Number attempts: 20. Retry after 21 seconds.
2015-12-20 02:07:11,463 20817 ERROR    [tempest_lib.common.ssh] Failed to establish authenticated ssh connection to cirros@172.24.4.4 after 20 attempts
2015-12-20 02:07:11.463 20817 ERROR tempest_lib.common.ssh Traceback (most recent call last):
2015-12-20 02:07:11.463 20817 ERROR tempest_lib.common.ssh   File "/usr/local/lib/python2.7/dist-packages/tempest_lib/common/ssh.py", line 75, in _get_ssh_connection
2015-12-20 02:07:11.463 20817 ERROR tempest_lib.common.ssh     timeout=self.channel_timeout, pkey=self.pkey)
2015-12-20 02:07:11.463 20817 ERROR tempest_lib.common.ssh   File "/usr/local/lib/python2.7/dist-packages/paramiko/client.py", line 311, in connect
2015-12-20 02:07:11.463 20817 ERROR tempest_lib.common.ssh     raise NoValidConnectionsError(errors)
2015-12-20 02:07:11.463 20817 ERROR tempest_lib.common.ssh NoValidConnectionsError: [Errno None] Unable to connect to port 22 on  or 172.24.4.4
2015-12-20 02:07:11.463 20817 ERROR tempest_lib.common.ssh 
2015-12-20 02:07:11,464 20817 ERROR    [tempest.scenario.manager] (TestGettingAddress:test_dhcp6_stateless_from_os) Initializing SSH connection to 172.24.4.4 failed. Error: Connection to the 172.24.4.4 via SSH timed out.
User: cirros, Password: None
2015-12-20 02:07:11.464 20817 ERROR tempest.scenario.manager Traceback (most recent call last):
2015-12-20 02:07:11.464 20817 ERROR tempest.scenario.manager   File "tempest/scenario/manager.py", line 385, in get_remote_client
2015-12-20 02:07:11.464 20817 ERROR tempest.scenario.manager     linux_client.validate_authentication()
2015-12-20 02:07:11.464 20817 ERROR tempest.scenario.manager   File "tempest/common/utils/linux/remote_client.py", line 63, in validate_authentication
2015-12-20 02:07:11.464 20817 ERROR tempest.scenario.manager     self.ssh_client.test_connection_auth()
2015-12-20 02:07:11.464 20817 ERROR tempest.scenario.manager   File "/usr/local/lib/python2.7/dist-packages/tempest_lib/common/ssh.py", line 167, in test_connection_auth
2015-12-20 02:07:11.464 20817 ERROR tempest.scenario.manager     connection = self._get_ssh_connection()
2015-12-20 02:07:11.464 20817 ERROR tempest.scenario.manager   File "/usr/local/lib/python2.7/dist-packages/tempest_lib/common/ssh.py", line 87, in _get_ssh_connection
2015-12-20 02:07:11.464 20817 ERROR tempest.scenario.manager     password=self.password)
2015-12-20 02:07:11.464 20817 ERROR tempest.scenario.manager SSHTimeout: Connection to the 172.24.4.4 via SSH timed out.
2015-12-20 02:07:11.464 20817 ERROR tempest.scenario.manager User: cirros, Password: None
2015-12-20 02:07:11.464 20817 ERROR tempest.scenario.manager 
2015-12-20 02:07:11,680 20817 INFO     [tempest_lib.common.rest_client] Request (TestGettingAddress:test_dhcp6_stateless_from_os): 200 GET http://10.0.2.15:8774/v2.1/f483ae7fd948459f90ff6888cb28ce2b/servers 0.213s
2015-12-20 02:07:11,680 20817 DEBUG    [tempest_lib.common.rest_client] Request - Headers: {'Content-Type': 'application/json', 'Accept': 'application/json', 'X-Auth-Token': '&lt;omitted&gt;'}
        Body: None
    Response - Headers: {'status': '200', 'content-length': '391', 'content-location': 'http://10.0.2.15:8774/v2.1/f483ae7fd948459f90ff6888cb28ce2b/servers', 'x-compute-request-id': 'req-789e791d-3cb9-410e-bd93-677673706554', 'vary': 'X-OpenStack-Nova-API-Version', 'connection': 'close', 'x-openstack-nova-api-version': '2.1', 'date': 'Sun, 20 Dec 2015 02:07:11 GMT', 'content-type': 'application/json'}
        Body: {"servers": [{"id": "7c0183b5-d760-4131-9cc7-61f151ade3a4", "links": [{"href": "http://10.0.2.15:8774/v2.1/f483ae7fd948459f90ff6888cb28ce2b/servers/7c0183b5-d760-4131-9cc7-61f151ade3a4", "rel": "self"}, {"href": "http://10.0.2.15:8774/f483ae7fd948459f90ff6888cb28ce2b/servers/7c0183b5-d760-4131-9cc7-61f151ade3a4", "rel": "bookmark"}], "name": "tempest.common.compute-instance-1909679798"}]}
2015-12-20 02:07:11,907 20817 INFO     [tempest_lib.common.rest_client] Request (TestGettingAddress:test_dhcp6_stateless_from_os): 200 POST http://10.0.2.15:8774/v2.1/f483ae7fd948459f90ff6888cb28ce2b/servers/7c0183b5-d760-4131-9cc7-61f151ade3a4/action 0.220s
2015-12-20 02:07:11,908 20817 DEBUG    [tempest_lib.common.rest_client] Request - Headers: {'Content-Type': 'application/json', 'Accept': 'application/json', 'X-Auth-Token': '&lt;omitted&gt;'}
        Body: {"os-getConsoleOutput": {}}
    Response - Headers: {'status': '200', 'content-length': '24669', 'x-compute-request-id': 'req-7e641701-b6d8-479e-a758-d658c5ea4756', 'vary': 'X-OpenStack-Nova-API-Version', 'connection': 'close', 'x-openstack-nova-api-version': '2.1', 'date': 'Sun, 20 Dec 2015 02:07:11 GMT', 'content-type': 'application/json'}
        Body: {"output": "[    0.000000] Initializing cgroup subsys cpuset\n[    0.000000] Initializing cgroup subsys cpu\n[    0.000000] Linux version 3.2.0-80-virtual (buildd@batsu) (gcc version 4.6.3 (Ubuntu/Linaro 4.6.3-1ubuntu5) ) #116-Ubuntu SMP Mon Mar 23 17:28:52 UTC 2015 (Ubuntu 3.2.0-80.116-virtual 3.2.68)\n[    0.000000] Command line: root=/dev/vda console=tty0 console=ttyS0 no_timer_check\n[    0.000000] KERNEL supported cpus:\n[    0.000000]   Intel GenuineIntel\n[    0.000000]   AMD AuthenticAMD\n[    0.000000]   Centaur CentaurHauls\n[    0.000000] BIOS-provided physical RAM map:\n[    0.000000]  BIOS-e820: 0000000000000000 - 000000000009fc00 (usable)\n[    0.000000]  BIOS-e820: 000000000009fc00 - 00000000000a0000 (reserved)\n[    0.000000]  BIOS-e820: 00000000000f0000 - 0000000000100000 (reserved)\n[    0.000000]  BIOS-e820: 0000000000100000 - 0000000003ffe000 (usable)\n[    0.000000]  BIOS-e820: 0000000003ffe000 - 0000000004000000 (reserved)\n[    0.000000]  BIOS-e820: 00000000fffc0000 - 0000000100000000 (reserved)\n[    0.000000] NX (Execute Disable) protection: active\n[    0.000000] SMBIOS 2.4 present.\n[    0.000000] No AGP bridge found\n[    0.000000] last_pfn = 0x3ffe max_arch_pfn = 0x400000000\n[    0.000000] x86 PAT enabled: cpu 0, old 0x7040600070406, new 0x7010600070106\n[    0.000000] found SMP MP-table at [ffff8800000f0b00] f0b00\n[    0.000000] init_memory_mapping: 0000000000000000-0000000003ffe000\n[    0.000000] RAMDISK: 03c5e000 - 03ff0000\n[    0.000000] ACPI: RSDP 00000000000f0950 00014 (v00 BOCHS )\n[    0.000000] ACPI: RSDT 0000000003fffbc1 00034 (v01 BOCHS  BXPCRSDT 00000001 BXPC 00000001)\n[    0.000000] ACPI: FACP 0000000003fff1c0 00074 (v01 BOCHS  BXPCFACP 00000001 BXPC 00000001)\n[    0.000000] ACPI: DSDT 0000000003ffe040 01180 (v01 BOCHS  BXPCDSDT 00000001 BXPC 00000001)\n[    0.000000] ACPI: FACS 0000000003ffe000 00040\n[    0.000000] ACPI: SSDT 0000000003fff234 008DD (v01 BOCHS  BXPCSSDT 00000001 BXPC 00000001)\n[    0.000000] ACPI: APIC 0000000003fffb11 00078 (v01 BOCHS  BXPCAPIC 00000001 BXPC 00000001)\n[    0.000000] ACPI: HPET 0000000003fffb89 00038 (v01 BOCHS  BXPCHPET 00000001 BXPC 00000001)\n[    0.000000] No NUMA configuration found\n[    0.000000] Faking a node at 0000000000000000-0000000003ffe000\n[    0.000000] Initmem setup node 0 0000000000000000-0000000003ffe000\n[    0.000000]   NODE_DATA [0000000003ff6000 - 0000000003ffafff]\n[    0.000000] Zone PFN ranges:\n[    0.000000]   DMA      0x00000010 -&gt; 0x00001000\n[    0.000000]   DMA32    0x00001000 -&gt; 0x00100000\n[    0.000000]   Normal   empty\n[    0.000000] Movable zone start PFN for each node\n[    0.000000] early_node_map[2] active PFN ranges\n[    0.000000]     0: 0x00000010 -&gt; 0x0000009f\n[    0.000000]     0: 0x00000100 -&gt; 0x00003ffe\n[    0.000000] ACPI: PM-Timer IO Port: 0xb008\n[    0.000000] ACPI: LAPIC (acpi_id[0x00] lapic_id[0x00] enabled)\n[    0.000000] ACPI: LAPIC_NMI (acpi_id[0xff] dfl dfl lint[0x1])\n[    0.000000] ACPI: IOAPIC (id[0x00] address[0xfec00000] gsi_base[0])\n[    0.000000] IOAPIC[0]: apic_id 0, version 17, address 0xfec00000, GSI 0-23\n[    0.000000] ACPI: INT_SRC_OVR (bus 0 bus_irq 0 global_irq 2 dfl dfl)\n[    0.000000] ACPI: INT_SRC_OVR (bus 0 bus_irq 5 global_irq 5 high level)\n[    0.000000] ACPI: INT_SRC_OVR (bus 0 bus_irq 9 global_irq 9 high level)\n[    0.000000] ACPI: INT_SRC_OVR (bus 0 bus_irq 10 global_irq 10 high level)\n[    0.000000] ACPI: INT_SRC_OVR (bus 0 bus_irq 11 global_irq 11 high level)\n[    0.000000] Using ACPI (MADT) for SMP configuration information\n[    0.000000] ACPI: HPET id: 0x8086a201 base: 0xfed00000\n[    0.000000] SMP: Allowing 1 CPUs, 0 hotplug CPUs\n[    0.000000] PM: Registered nosave memory: 000000000009f000 - 00000000000a0000\n[    0.000000] PM: Registered nosave memory: 00000000000a0000 - 00000000000f0000\n[    0.000000] PM: Registered nosave memory: 00000000000f0000 - 0000000000100000\n[    0.000000] Allocating PCI resources starting at 4000000 (gap: 4000000:fbfc0000)\n[    0.000000] Booting paravirtualized kernel on bare hardware\n[    0.000000] setup_pe
2015-12-20 02:07:11,913 20817 DEBUG    [tempest.scenario.manager] Console output for 7c0183b5-d760-4131-9cc7-61f151ade3a4
body=
[    0.000000] Initializing cgroup subsys cpuset
[    0.000000] Initializing cgroup subsys cpu
[    0.000000] Linux version 3.2.0-80-virtual (buildd@batsu) (gcc version 4.6.3 (Ubuntu/Linaro 4.6.3-1ubuntu5) ) #116-Ubuntu SMP Mon Mar 23 17:28:52 UTC 2015 (Ubuntu 3.2.0-80.116-virtual 3.2.68)
[    0.000000] Command line: root=/dev/vda console=tty0 console=ttyS0 no_timer_check
[    0.000000] KERNEL supported cpus:
[    0.000000]   Intel GenuineIntel
[    0.000000]   AMD AuthenticAMD
[    0.000000]   Centaur CentaurHauls
[    0.000000] BIOS-provided physical RAM map:
[    0.000000]  BIOS-e820: 0000000000000000 - 000000000009fc00 (usable)
[    0.000000]  BIOS-e820: 000000000009fc00 - 00000000000a0000 (reserved)
[    0.000000]  BIOS-e820: 00000000000f0000 - 0000000000100000 (reserved)
[    0.000000]  BIOS-e820: 0000000000100000 - 0000000003ffe000 (usable)
[    0.000000]  BIOS-e820: 0000000003ffe000 - 0000000004000000 (reserved)
[    0.000000]  BIOS-e820: 00000000fffc0000 - 0000000100000000 (reserved)
[    0.000000] NX (Execute Disable) protection: active
[    0.000000] SMBIOS 2.4 present.
[    0.000000] No AGP bridge found
[    0.000000] last_pfn = 0x3ffe max_arch_pfn = 0x400000000
[    0.000000] x86 PAT enabled: cpu 0, old 0x7040600070406, new 0x7010600070106
[    0.000000] found SMP MP-table at [ffff8800000f0b00] f0b00
[    0.000000] init_memory_mapping: 0000000000000000-0000000003ffe000
[    0.000000] RAMDISK: 03c5e000 - 03ff0000
[    0.000000] ACPI: RSDP 00000000000f0950 00014 (v00 BOCHS )
[    0.000000] ACPI: RSDT 0000000003fffbc1 00034 (v01 BOCHS  BXPCRSDT 00000001 BXPC 00000001)
[    0.000000] ACPI: FACP 0000000003fff1c0 00074 (v01 BOCHS  BXPCFACP 00000001 BXPC 00000001)
[    0.000000] ACPI: DSDT 0000000003ffe040 01180 (v01 BOCHS  BXPCDSDT 00000001 BXPC 00000001)
[    0.000000] ACPI: FACS 0000000003ffe000 00040
[    0.000000] ACPI: SSDT 0000000003fff234 008DD (v01 BOCHS  BXPCSSDT 00000001 BXPC 00000001)
[    0.000000] ACPI: APIC 0000000003fffb11 00078 (v01 BOCHS  BXPCAPIC 00000001 BXPC 00000001)
[    0.000000] ACPI: HPET 0000000003fffb89 00038 (v01 BOCHS  BXPCHPET 00000001 BXPC 00000001)
[    0.000000] No NUMA configuration found
[    0.000000] Faking a node at 0000000000000000-0000000003ffe000
[    0.000000] Initmem setup node 0 0000000000000000-0000000003ffe000
[    0.000000]   NODE_DATA [0000000003ff6000 - 0000000003ffafff]
[    0.000000] Zone PFN ranges:
[    0.000000]   DMA      0x00000010 -&gt; 0x00001000
[    0.000000]   DMA32    0x00001000 -&gt; 0x00100000
[    0.000000]   Normal   empty
[    0.000000] Movable zone start PFN for each node
[    0.000000] early_node_map[2] active PFN ranges
[    0.000000]     0: 0x00000010 -&gt; 0x0000009f
[    0.000000]     0: 0x00000100 -&gt; 0x00003ffe
[    0.000000] ACPI: PM-Timer IO Port: 0xb008
[    0.000000] ACPI: LAPIC (acpi_id[0x00] lapic_id[0x00] enabled)
[    0.000000] ACPI: LAPIC_NMI (acpi_id[0xff] dfl dfl lint[0x1])
[    0.000000] ACPI: IOAPIC (id[0x00] address[0xfec00000] gsi_base[0])
[    0.000000] IOAPIC[0]: apic_id 0, version 17, address 0xfec00000, GSI 0-23
[    0.000000] ACPI: INT_SRC_OVR (bus 0 bus_irq 0 global_irq 2 dfl dfl)
[    0.000000] ACPI: INT_SRC_OVR (bus 0 bus_irq 5 global_irq 5 high level)
[    0.000000] ACPI: INT_SRC_OVR (bus 0 bus_irq 9 global_irq 9 high level)
[    0.000000] ACPI: INT_SRC_OVR (bus 0 bus_irq 10 global_irq 10 high level)
[    0.000000] ACPI: INT_SRC_OVR (bus 0 bus_irq 11 global_irq 11 high level)
[    0.000000] Using ACPI (MADT) for SMP configuration information
[    0.000000] ACPI: HPET id: 0x8086a201 base: 0xfed00000
[    0.000000] SMP: Allowing 1 CPUs, 0 hotplug CPUs
[    0.000000] PM: Registered nosave memory: 000000000009f000 - 00000000000a0000
[    0.000000] PM: Registered nosave memory: 00000000000a0000 - 00000000000f0000
[    0.000000] PM: Registered nosave memory: 00000000000f0000 - 0000000000100000
[    0.000000] Allocating PCI resources starting at 4000000 (gap: 4000000:fbfc0000)
[    0.000000] Booting paravirtualized kernel on bare hardware
[    0.000000] setup_percpu: NR_CPUS:64 nr_cpumask_bits:64 nr_cpu_ids:1 nr_node_ids:1
[    0.000000] PERCPU: Embedded 27 pages/cpu @ffff880003a00000 s78848 r8192 d23552 u2097152
[    0.000000] Built 1 zonelists in Node order, mobility grouping on.  Total pages: 16008
[    0.000000] Policy zone: DMA32
[    0.000000] Kernel command line: root=/dev/vda console=tty0 console=ttyS0 no_timer_check
[    0.000000] PID hash table entries: 256 (order: -1, 2048 bytes)
[    0.000000] Checking aperture...
[    0.000000] No AGP bridge found
[    0.000000] Memory: 43492k/65528k available (6576k kernel code, 452k absent, 21584k reserved, 6620k data, 928k init)
[    0.000000] SLUB: Genslabs=15, HWalign=64, Order=0-3, MinObjects=0, CPUs=1, Nodes=1
[    0.000000] Hierarchical RCU implementation.
[    0.000000] 	RCU dyntick-idle grace-period acceleration is enabled.
[    0.000000] NR_IRQS:4352 nr_irqs:256 16
[    0.000000] Console: colour VGA+ 80x25
[    0.000000] console [tty0] enabled
[    0.000000] console [ttyS0] enabled
[    0.000000] allocated 1048576 bytes of page_cgroup
[    0.000000] please try 'cgroup_disable=memory' option if you don't want memory cgroups
[    0.000000] Fast TSC calibration failed
[    0.000000] TSC: Unable to calibrate against PIT
[    0.000000] TSC: using HPET reference calibration
[    0.000000] Detected 2294.433 MHz processor.
[    0.032845] Calibrating delay loop (skipped), value calculated using timer frequency.. 4588.86 BogoMIPS (lpj=9177732)
[    0.037251] pid_max: default: 32768 minimum: 301
[    0.049343] Security Framework initialized
[    0.057115] AppArmor: AppArmor initialized
[    0.057885] Yama: becoming mindful.
[    0.066806] Dentry cache hash table entries: 8192 (order: 4, 65536 bytes)
[    0.068437] Inode-cache hash table entries: 4096 (order: 3, 32768 bytes)
[    0.069906] Mount-cache hash table entries: 256
[    0.089889] Initializing cgroup subsys cpuacct
[    0.090742] Initializing cgroup subsys memory
[    0.093064] Initializing cgroup subsys devices
[    0.093782] Initializing cgroup subsys freezer
[    0.094418] Initializing cgroup subsys blkio
[    0.095075] Initializing cgroup subsys perf_event
[    0.100833] mce: CPU supports 10 MCE banks
[    0.104528] SMP alternatives: switching to UP code
[    0.501329] Freeing SMP alternatives: 24k freed
[    0.502939] ACPI: Core revision 20110623
[    0.557864] ftrace: allocating 26610 entries in 105 pages
[    0.583213] ..TIMER: vector=0x30 apic1=0 pin1=2 apic2=-1 pin2=-1
[    0.584090] CPU0: AMD QEMU Virtual CPU version 2.0.0 stepping 03
[    0.588036] Performance Events: Broken PMU hardware detected, using software events only.
[    0.596163] NMI watchdog disabled (cpu0): hardware events not enabled
[    0.597621] Brought up 1 CPUs
[    0.598135] Total of 1 processors activated (4588.86 BogoMIPS).
[    0.621105] devtmpfs: initialized
[    0.651183] EVM: security.selinux
[    0.651670] EVM: security.SMACK64
[    0.652079] EVM: security.capability
[    0.670541] print_constraints: dummy: 
[    0.673199] RTC time:  2:02:09, date: 12/20/15
[    0.676312] NET: Registered protocol family 16
[    0.685474] ACPI: bus type pci registered
[    0.689205] PCI: Using configuration type 1 for base access
[    0.718623] bio: create slab &lt;bio-0&gt; at 0
[    0.723088] ACPI: Added _OSI(Module Device)
[    0.724143] ACPI: Added _OSI(Processor Device)
[    0.724705] ACPI: Added _OSI(3.0 _SCP Extensions)
[    0.725271] ACPI: Added _OSI(Processor Aggregator Device)
[    0.800776] ACPI: Interpreter enabled
[    0.802100] ACPI: (supports S0 S3 S4 S5)
[    0.805142] ACPI: Using IOAPIC for interrupt routing
[    0.876799] ACPI: No dock devices found.
[    0.877402] HEST: Table not found.
[    0.878035] PCI: Using host bridge windows from ACPI; if necessary, use "pci=nocrs" and report a bug
[    0.885143] ACPI: PCI Root Bridge [PCI0] (domain 0000 [bus 00-ff])
[    0.892178] pci_root PNP0A03:00: host bridge window [io  0x0000-0x0cf7]
[    0.893129] pci_root PNP0A03:00: host bridge window [io  0x0d00-0xadff]
[    0.896125] pci_root PNP0A03:00: host bridge window [io  0xae0f-0xaeff]
[    0.897127] pci_root PNP0A03:00: host bridge window [io  0xaf20-0xafdf]
[    0.897928] pci_root PNP0A03:00: host bridge window [io  0xafe4-0xffff]
[    0.898816] pci_root PNP0A03:00: host bridge window [mem 0x000a0000-0x000bffff]
[    0.900108] pci_root PNP0A03:00: host bridge window [mem 0x04000000-0xfebfffff]
[    0.926016] pci 0000:00:01.3: quirk: [io  0xb000-0xb03f] claimed by PIIX4 ACPI
[    0.928176] pci 0000:00:01.3: quirk: [io  0xb100-0xb10f] claimed by PIIX4 SMB
[    0.997819]  pci0000:00: Unable to request _OSC control (_OSC support mask: 0x1e)
[    1.057175] ACPI: PCI Interrupt Link [LNKA] (IRQs 5 *10 11)
[    1.059503] ACPI: PCI Interrupt Link [LNKB] (IRQs 5 *10 11)
[    1.061427] ACPI: PCI Interrupt Link [LNKC] (IRQs 5 10 *11)
[    1.062970] ACPI: PCI Interrupt Link [LNKD] (IRQs 5 10 *11)
[    1.064889] ACPI: PCI Interrupt Link [LNKS] (IRQs *9)
[    1.071198] vgaarb: device added: PCI:0000:00:02.0,decodes=io+mem,owns=io+mem,locks=none
[    1.072179] vgaarb: loaded
[    1.072488] vgaarb: bridge control possible 0000:00:02.0
[    1.077027] i2c-core: driver [aat2870] using legacy suspend method
[    1.077854] i2c-core: driver [aat2870] using legacy resume method
[    1.080587] SCSI subsystem initialized
[    1.082529] usbcore: registered new interface driver usbfs
[    1.084583] usbcore: registered new interface driver hub
[    1.085816] usbcore: registered new device driver usb
[    1.090535] PCI: Using ACPI for IRQ routing
[    1.110639] NetLabel: Initializing
[    1.111211] NetLabel:  domain hash size = 128
[    1.112148] NetLabel:  protocols = UNLABELED CIPSOv4
[    1.114283] NetLabel:  unlabeled traffic allowed by default
[    1.117084] HPET: 3 timers in total, 0 timers will be used for per-cpu timer
[    1.120203] hpet0: at MMIO 0xfed00000, IRQs 2, 8, 0
[    1.122098] hpet0: 3 comparators, 64-bit 100.000000 MHz counter
[    1.136421] Switching to clocksource hpet
[    1.375112] AppArmor: AppArmor Filesystem Enabled
[    1.377574] pnp: PnP ACPI init
[    1.378214] ACPI: bus type pnp registered
[    1.397594] pnp: PnP ACPI: found 9 devices
[    1.398123] ACPI: ACPI bus type pnp unregistered
[    1.453649] NET: Registered protocol family 2
[    1.485600] IP route cache hash table entries: 512 (order: 0, 4096 bytes)
[    1.493106] TCP established hash table entries: 2048 (order: 3, 32768 bytes)
[    1.494549] TCP bind hash table entries: 2048 (order: 3, 32768 bytes)
[    1.495478] TCP: Hash tables configured (established 2048 bind 2048)
[    1.497333] TCP reno registered
[    1.497868] UDP hash table entries: 128 (order: 0, 4096 bytes)
[    1.498685] UDP-Lite hash table entries: 128 (order: 0, 4096 bytes)
[    1.501578] NET: Registered protocol family 1
[    1.502440] pci 0000:00:00.0: Limiting direct PCI/PCI transfers
[    1.503102] pci 0000:00:01.0: PIIX3: Enabling Passive Release
[    1.504684] pci 0000:00:01.0: Activating ISA DMA hang workarounds
[    1.509894] ACPI: PCI Interrupt Link [LNKD] enabled at IRQ 11
[    1.510902] pci 0000:00:01.2: PCI INT D -&gt; Link[LNKD] -&gt; GSI 11 (level, high) -&gt; IRQ 11
[    1.513725] pci 0000:00:01.2: PCI INT D disabled
[    1.531645] Trying to unpack rootfs image as initramfs...
[    1.547432] audit: initializing netlink socket (disabled)
[    1.549618] type=2000 audit(1450576929.548:1): initialized
[    1.806348] HugeTLB registered 2 MB page size, pre-allocated 0 pages
[    1.884230] VFS: Disk quotas dquot_6.5.2
[    1.886570] Dquot-cache hash table entries: 512 (order 0, 4096 bytes)
[    1.912244] fuse init (API version 7.17)
[    1.927360] msgmni has been set to 84
[    1.962886] Block layer SCSI generic (bsg) driver version 0.4 loaded (major 253)
[    1.974554] io scheduler noop registered
[    1.975134] io scheduler deadline registered (default)
[    1.977649] io scheduler cfq registered
[    1.981469] pci_hotplug: PCI Hot Plug PCI Core version: 0.5
[    1.983341] pciehp: PCI Express Hot Plug Controller Driver version: 0.4
[    1.994652] input: Power Button as /devices/LNXSYSTM:00/LNXPWRBN:00/input/input0
[    1.997928] ACPI: Power Button [PWRF]
[    2.054328] ERST: Table is not found!
[    2.054853] GHES: HEST is not enabled!
[    2.067059] ACPI: PCI Interrupt Link [LNKC] enabled at IRQ 10
[    2.070456] virtio-pci 0000:00:03.0: PCI INT A -&gt; Link[LNKC] -&gt; GSI 10 (level, high) -&gt; IRQ 10
[    2.074560] virtio-pci 0000:00:04.0: PCI INT A -&gt; Link[LNKD] -&gt; GSI 11 (level, high) -&gt; IRQ 11
[    2.090301] ACPI: PCI Interrupt Link [LNKA] enabled at IRQ 10
[    2.090976] virtio-pci 0000:00:05.0: PCI INT A -&gt; Link[LNKA] -&gt; GSI 10 (level, high) -&gt; IRQ 10
[    2.101969] Serial: 8250/16550 driver, 32 ports, IRQ sharing enabled
[    2.139537] serial8250: ttyS0 at I/O 0x3f8 (irq = 4) is a 16550A
[    2.223679] serial8250: ttyS1 at I/O 0x2f8 (irq = 3) is a 16550A
[    2.353247] 00:05: ttyS0 at I/O 0x3f8 (irq = 4) is a 16550A
[    2.428993] 00:06: ttyS1 at I/O 0x2f8 (irq = 3) is a 16550A
[    2.465383] Linux agpgart interface v0.103
[    2.517394] Refined TSC clocksource calibration: 2294.467 MHz.
[    2.518157] Switching to clocksource tsc
[    2.530211] brd: module loaded
[    2.558346] loop: module loaded
[    2.606143]  vda: unknown partition table
[    2.662012] scsi0 : ata_piix
[    2.666335] scsi1 : ata_piix
[    2.669687] ata1: PATA max MWDMA2 cmd 0x1f0 ctl 0x3f6 bmdma 0xc0a0 irq 14
[    2.670861] ata2: PATA max MWDMA2 cmd 0x170 ctl 0x376 bmdma 0xc0a8 irq 15
[    2.682633] Fixed MDIO Bus: probed
[    2.683383] tun: Universal TUN/TAP device driver, 1.6
[    2.684687] tun: (C) 1999-2004 Max Krasnyansky &lt;maxk@qualcomm.com&gt;
[    2.703630] PPP generic driver version 2.4.2
[    2.727760] ehci_hcd: USB 2.0 'Enhanced' Host Controller (EHCI) Driver
[    2.730440] ohci_hcd: USB 1.1 'Open' Host Controller (OHCI) Driver
[    2.731352] uhci_hcd: USB Universal Host Controller Interface driver
[    2.733602] uhci_hcd 0000:00:01.2: PCI INT D -&gt; Link[LNKD] -&gt; GSI 11 (level, high) -&gt; IRQ 11
[    2.736744] uhci_hcd 0000:00:01.2: UHCI Host Controller
[    2.746097] uhci_hcd 0000:00:01.2: new USB bus registered, assigned bus number 1
[    2.747760] uhci_hcd 0000:00:01.2: irq 11, io base 0x0000c040
[    2.795392] hub 1-0:1.0: USB hub found
[    2.797290] hub 1-0:1.0: 2 ports detected
[    2.805304] usbcore: registered new interface driver libusual
[    2.808916] i8042: PNP: PS/2 Controller [PNP0303:KBD,PNP0f13:MOU] at 0x60,0x64 irq 1,12
[    2.817965] serio: i8042 KBD port at 0x60,0x64 irq 1
[    2.819502] serio: i8042 AUX port at 0x60,0x64 irq 12
[    2.860799] mousedev: PS/2 mouse device common for all mice
[    2.871555] input: AT Translated Set 2 keyboard as /devices/platform/i8042/serio0/input/input1
[    2.887271] rtc_cmos 00:01: RTC can wake from S4
[    2.908308] rtc_cmos 00:01: rtc core: registered rtc_cmos as rtc0
[    2.913585] rtc0: alarms up to one day, 114 bytes nvram, hpet irqs
[    2.917773] device-mapper: uevent: version 1.0.3
[    2.931377] ata2.01: ATAPI: QEMU DVD-ROM, 2.0.0, max UDMA/100
[    2.950947] ata2.01: configured for MWDMA2
[    2.978668] device-mapper: ioctl: 4.22.0-ioctl (2011-10-19) initialised: dm-devel@redhat.com
[    2.981725] cpuidle: using governor ladder
[    2.983311] cpuidle: using governor menu
[    2.984591] EFI Variables Facility v0.08 2004-May-17
[    2.993483] TCP cubic registered
[    3.003545] NET: Registered protocol family 10
[    3.040116] NET: Registered protocol family 17
[    3.045658] Registering the dns_resolver key type
[    3.069113] scsi 1:0:1:0: CD-ROM            QEMU     QEMU DVD-ROM     2.0. PQ: 0 ANSI: 5
[    3.098374] sr0: scsi3-mmc drive: 4x/4x cd/rw xa/form2 tray
[    3.101049] cdrom: Uniform CD-ROM driver Revision: 3.20
[    3.126125] sr 1:0:1:0: Attached scsi generic sg0 type 5
[    3.194208] registered taskstats version 1
[    3.353278] Freeing initrd memory: 3656k freed
[    3.871196]   Magic number: 11:709:5
[    3.886560] rtc_cmos 00:01: setting system clock to 2015-12-20 02:02:12 UTC (1450576932)
[    3.890112] powernow-k8: Processor cpuid 663 not supported
[    3.894310] BIOS EDD facility v0.16 2004-Jun-25, 0 devices found
[    3.895087] EDD information not available.
[    3.940775] Freeing unused kernel memory: 928k freed
[    3.945395] Write protecting the kernel read-only data: 12288k
[    4.013933] Freeing unused kernel memory: 1596k freed
[    4.067189] Freeing unused kernel memory: 1184k freed

info: initramfs: up at 4.24
modprobe: module virtio_blk not found in modules.dep
modprobe: module virtio_net not found in modules.dep
info: copying initramfs to /dev/vda
info: initramfs loading root from /dev/vda
info: /etc/init.d/rc.sysinit: up at 9.19
info: container: none
Starting logging: OK
modprobe: module virtio_blk not found in modules.dep
modprobe: module virtio_net not found in modules.dep
WARN: /etc/rc3.d/S10-load-modules failed
Initializing random number generator... done.
Starting acpid: OK
cirros-ds 'local' up at 11.73
found datasource (configdrive, local)
Starting network...
udhcpc (v1.20.1) started
Sending discover...
Sending discover...
Sending discover...
Usage: /sbin/cirros-dhcpc &lt;up|down&gt;
No lease, failing
WARN: /etc/rc3.d/S40-network failed
Starting dropbear sshd: generating rsa key... generating dsa key... OK
no userdata for datasource
=== system information ===
Platform: OpenStack Foundation OpenStack Nova
Container: none
Arch: x86_64
CPU(s): 1 @ 2294.433 MHz
Cores/Sockets/Threads: 1/1/1
Virt-type: AMD-V
RAM Size: 49MB
Disks:
NAME MAJ:MIN     SIZE LABEL         MOUNTPOINT
vda  253:0   25165824 cirros-rootfs /
sr0   11:0     428032 config-2      
=== sshd host keys ===
-----BEGIN SSH HOST KEY KEYS-----
ssh-rsa AAAAB3NzaC1yc2EAAAADAQABAAAAgnrnMgrCi2LJh3O1QPt4YftT3X15xY4e6QosAeb/INYcAJ3QiJEUiqq58v0kIo44k6q9YuIrQ7bNfIW4ewNHkORGhZ5uZ7MzvxBLT5Tki4ksgXmsR/+I6ulm82/66Z2+8TeDXHFJ3WSG3iF4ehRC6OckcNKdQLiR+TriCs0EbS/WLaM= root@tempest
ssh-dss AAAAB3NzaC1kc3MAAACBAKbgke4T4xD3bLzjKzUopKhFQOZuHlunB6RcGzGHW0rSR6e80oaiiPXV2NfB9ht0xyGx+uwhRiQKLVVagVhpqaW071hDiertpLkSOcb1byUw7Y0H/bPKddqK0DwHunzxsKh6qeRrWJUP8xi9hCKzLZkJU3rJLxeQpYL6X1KNLZ3pAAAAFQCegGXiXU2vgcCtCUw8qPdRBvuubQAAAIBW0FsaOQ+PJhodIB0fo9A/t5GT6qDZrAIp+jZw6dqvIwyNo+jieR9hVV/1AjuyPCO8hBQ9mdAv8DbYiPoB2fQfqRLkdWw10k7WKmhLE4UGrnJVUnU4QkebKoCXrK3IbelxOcREKMHBKlNvFsZQCZeRQkBaQLZ/zTAVOEi8m/glxAAAAIAgUhDp86G57rt+KcEWiGCiPPf3PC47J7IsH5IxLNPk6RlCjK6wHmXZztGHA9GFsVu+1NrzTaY/LZhI4o4pjJ7nQ1hEsiD0KUsXf66f8CHua6IYPpvMLQ9IN2uTe9+MWrGQ2v/9njH/SfpXIx80cG14QOAi5w8qg8G2DZLRw1wcqg== root@tempest
-----END SSH HOST KEY KEYS-----
=== network info ===
if-info: lo,up,127.0.0.1,8,::1
if-info: eth0,up,,8,fe80::f816:3eff:fe94:39fc
=== datasource: configdrive local ===
instance-id: 7c0183b5-d760-4131-9cc7-61f151ade3a4
name: tempest.common.compute-instance-1909679798
availability-zone: nova
local-hostname: tempest.common.compute-instance-1909679798.novalocal
launch-index: 0
=== cirros: current=0.3.4 uptime=201.36 ===
route: fscanf
=== pinging gateway failed, debugging connection ===
############ debug start ##############
### /etc/init.d/sshd start
Starting dropbear sshd: OK
route: fscanf
### ifconfig -a
eth0      Link encap:Ethernet  HWaddr FA:16:3E:94:39:FC  
          inet6 addr: fe80::f816:3eff:fe94:39fc/64 Scope:Link
          UP BROADCAST RUNNING MULTICAST  MTU:1500  Metric:1
          RX packets:12 errors:0 dropped:5 overruns:0 frame:0
          TX packets:8 errors:0 dropped:0 overruns:0 carrier:0
          collisions:0 txqueuelen:1000 
          RX bytes:1303 (1.2 KiB)  TX bytes:1134 (1.1 KiB)

lo        Link encap:Local Loopback  
          inet addr:127.0.0.1  Mask:255.0.0.0
          inet6 addr: ::1/128 Scope:Host
          UP LOOPBACK RUNNING  MTU:16436  Metric:1
          RX packets:12 errors:0 dropped:0 overruns:0 frame:0
          TX packets:12 errors:0 dropped:0 overruns:0 carrier:0
          collisions:0 txqueuelen:0 
          RX bytes:1020 (1020.0 B)  TX bytes:1020 (1020.0 B)

### route -n
Kernel IP routing table
Destination     Gateway         Genmask         Flags Metric Ref    Use Iface
route: fscanf
### cat /etc/resolv.conf
cat: can't open '/etc/resolv.conf': No such file or directory
### gateway not found
/sbin/cirros-status: line 1: can't open /etc/resolv.conf: no such file
### pinging nameservers
### uname -a
Linux tempest 3.2.0-80-virtual #116-Ubuntu SMP Mon Mar 23 17:28:52 UTC 2015 x86_64 GNU/Linux
### lsmod
Module                  Size  Used by    Not tainted
nls_iso8859_1          12713  0 
nls_cp437              16991  0 
vfat                   17585  0 
fat                    61512  1 vfat
isofs                  40259  0 
ip_tables              27473  0 
x_tables               29891  1 ip_tables
pcnet32                42119  0 
8139cp                 27360  0 
ne2k_pci               13691  0 
8390                   18856  1 ne2k_pci
e1000                 108589  0 
acpiphp                24231  0 
### dmesg | tail
[    5.086083] EXT3-fs (vda): mounted filesystem with ordered data mode
[    5.361232] ISO 9660 Extensions: Microsoft Joliet Level 3
[    5.430909] ISO 9660 Extensions: RRIP_1991A
[    5.686136] kjournald starting.  Commit interval 5 seconds
[    5.702443] EXT3-fs (vda): using internal journal
[    5.702557] EXT3-fs (vda): mounted filesystem with ordered data mode
[    9.245795] EXT3-fs (vda): using internal journal
[   12.497377] ISO 9660 Extensions: Microsoft Joliet Level 3
[   12.597748] ISO 9660 Extensions: RRIP_1991A
[   27.027240] eth0: no IPv6 routers present
### tail -n 25 /var/log/messages
Dec 20 02:02:19 cirros kern.info kernel: [    4.558421] acpiphp: Slot [26] registered
Dec 20 02:02:19 cirros kern.info kernel: [    4.558816] acpiphp: Slot [27] registered
Dec 20 02:02:19 cirros kern.info kernel: [    4.559281] acpiphp: Slot [28] registered
Dec 20 02:02:19 cirros kern.info kernel: [    4.560011] acpiphp: Slot [29] registered
Dec 20 02:02:19 cirros kern.info kernel: [    4.561317] acpiphp: Slot [30] registered
Dec 20 02:02:19 cirros kern.info kernel: [    4.561642] acpiphp: Slot [31] registered
Dec 20 02:02:19 cirros kern.info kernel: [    4.614865] e1000: Intel(R) PRO/1000 Network Driver - version 7.3.21-k8-NAPI
Dec 20 02:02:19 cirros kern.info kernel: [    4.614920] e1000: Copyright (c) 1999-2006 Intel Corporation.
Dec 20 02:02:19 cirros kern.info kernel: [    4.654357] ne2k-pci.c:v1.03 9/22/2003 D. Becker/P. Gortmaker
Dec 20 02:02:19 cirros kern.info kernel: [    4.691292] 8139cp: 8139cp: 10/100 PCI Ethernet driver v1.3 (Mar 22, 2004)
Dec 20 02:02:19 cirros kern.info kernel: [    4.733154] pcnet32: pcnet32.c:v1.35 21.Apr.2008 tsbogend@alpha.franken.de
Dec 20 02:02:19 cirros kern.info kernel: [    4.777921] ip_tables: (C) 2000-2006 Netfilter Core Team
Dec 20 02:02:19 cirros kern.info kernel: [    5.080662] kjournald starting.  Commit interval 5 seconds
Dec 20 02:02:19 cirros kern.info kernel: [    5.086083] EXT3-fs (vda): mounted filesystem with ordered data mode
Dec 20 02:02:19 cirros kern.debug kernel: [    5.361232] ISO 9660 Extensions: Microsoft Joliet Level 3
Dec 20 02:02:19 cirros kern.debug kernel: [    5.430909] ISO 9660 Extensions: RRIP_1991A
Dec 20 02:02:19 cirros kern.info kernel: [    5.686136] kjournald starting.  Commit interval 5 seconds
Dec 20 02:02:19 cirros kern.info kernel: [    5.702443] EXT3-fs (vda): using internal journal
Dec 20 02:02:19 cirros kern.info kernel: [    5.702557] EXT3-fs (vda): mounted filesystem with ordered data mode
Dec 20 02:02:19 cirros kern.info kernel: [    9.245795] EXT3-fs (vda): using internal journal
Dec 20 02:02:21 cirros kern.debug kernel: [   12.497377] ISO 9660 Extensions: Microsoft Joliet Level 3
Dec 20 02:02:21 cirros kern.debug kernel: [   12.597748] ISO 9660 Extensions: RRIP_1991A
Dec 20 02:02:24 cirros auth.notice su: + /dev/console root:cirros
Dec 20 02:02:35 cirros kern.debug kernel: [   27.027240] eth0: no IPv6 routers present
Dec 20 02:05:28 cirros authpriv.info dropbear[283]: Running in background
############ debug end   ##############
  ____               ____  ____
 / __/ __ ____ ____ / __ \/ __/
/ /__ / // __// __// /_/ /\ \ 
\___//_//_/  /_/   \____/___/ 
   http://cirros-cloud.net


login as 'cirros' user. default password: 'cubswin:)'. use 'sudo' for root.
tempest login: 
2015-12-20 02:07:12,252 20817 INFO     [tempest_lib.common.rest_client] Request (TestGettingAddress:_run_cleanups): 204 DELETE http://10.0.2.15:9696/v2.0/floatingips/142ff859-a100-4e07-a41a-f846f2d818f0 0.333s
2015-12-20 02:07:12,252 20817 DEBUG    [tempest_lib.common.rest_client] Request - Headers: {'Content-Type': 'application/json', 'Accept': 'application/json', 'X-Auth-Token': '&lt;omitted&gt;'}
        Body: None
    Response - Headers: {'date': 'Sun, 20 Dec 2015 02:07:12 GMT', 'status': '204', 'connection': 'close', 'content-length': '0', 'x-openstack-request-id': 'req-cc817b0a-e80e-4a2d-95d3-071215ee334e'}
        Body: 
2015-12-20 02:07:12,614 20817 INFO     [tempest_lib.common.rest_client] Request (TestGettingAddress:_run_cleanups): 204 DELETE http://10.0.2.15:8774/v2.1/f483ae7fd948459f90ff6888cb28ce2b/servers/7c0183b5-d760-4131-9cc7-61f151ade3a4 0.360s
2015-12-20 02:07:12,614 20817 DEBUG    [tempest_lib.common.rest_client] Request - Headers: {'Content-Type': 'application/json', 'Accept': 'application/json', 'X-Auth-Token': '&lt;omitted&gt;'}
        Body: None
    Response - Headers: {'status': '204', 'content-length': '0', 'x-compute-request-id': 'req-ffe8cd35-57d5-4aa4-ac6b-a81af8ed3563', 'vary': 'X-OpenStack-Nova-API-Version', 'connection': 'close', 'x-openstack-nova-api-version': '2.1', 'date': 'Sun, 20 Dec 2015 02:07:12 GMT', 'content-type': 'application/json'}
        Body: 
2015-12-20 02:07:12,958 20817 INFO     [tempest_lib.common.rest_client] Request (TestGettingAddress:_run_cleanups): 200 GET http://10.0.2.15:8774/v2.1/f483ae7fd948459f90ff6888cb28ce2b/servers/7c0183b5-d760-4131-9cc7-61f151ade3a4 0.343s
2015-12-20 02:07:12,958 20817 DEBUG    [tempest_lib.common.rest_client] Request - Headers: {'Content-Type': 'application/json', 'Accept': 'application/json', 'X-Auth-Token': '&lt;omitted&gt;'}
        Body: None
    Response - Headers: {'status': '200', 'content-length': '1903', 'content-location': 'http://10.0.2.15:8774/v2.1/f483ae7fd948459f90ff6888cb28ce2b/servers/7c0183b5-d760-4131-9cc7-61f151ade3a4', 'x-compute-request-id': 'req-61167a80-dd06-4816-88e7-0917f38a88a3', 'vary': 'X-OpenStack-Nova-API-Version', 'connection': 'close', 'x-openstack-nova-api-version': '2.1', 'date': 'Sun, 20 Dec 2015 02:07:12 GMT', 'content-type': 'application/json'}
        Body: {"server": {"status": "ACTIVE", "updated": "2015-12-20T02:07:12Z", "hostId": "b94aca7688496abb8d4c9cd8559cfed72ad11a72100c453c68269059", "addresses": {"tempest-network-smoke--921335572": [{"OS-EXT-IPS-MAC:mac_addr": "fa:16:3e:94:39:fc", "version": 4, "addr": "10.100.0.3", "OS-EXT-IPS:type": "fixed"}, {"OS-EXT-IPS-MAC:mac_addr": "fa:16:3e:94:39:fc", "version": 6, "addr": "2003::f816:3eff:fe94:39fc", "OS-EXT-IPS:type": "fixed"}, {"OS-EXT-IPS-MAC:mac_addr": "fa:16:3e:94:39:fc", "version": 4, "addr": "172.24.4.4", "OS-EXT-IPS:type": "floating"}]}, "links": [{"href": "http://10.0.2.15:8774/v2.1/f483ae7fd948459f90ff6888cb28ce2b/servers/7c0183b5-d760-4131-9cc7-61f151ade3a4", "rel": "self"}, {"href": "http://10.0.2.15:8774/f483ae7fd948459f90ff6888cb28ce2b/servers/7c0183b5-d760-4131-9cc7-61f151ade3a4", "rel": "bookmark"}], "key_name": "tempest-TestGettingAddress-406902793", "image": {"id": "b6f51099-b9cc-47ce-bd20-d2aaff4e8337", "links": [{"href": "http://10.0.2.15:8774/f483ae7fd948459f90ff6888cb28ce2b/images/b6f51099-b9cc-47ce-bd20-d2aaff4e8337", "rel": "bookmark"}]}, "OS-EXT-STS:task_state": "deleting", "OS-EXT-STS:vm_state": "active", "OS-SRV-USG:launched_at": "2015-12-20T02:02:06.000000", "flavor": {"id": "42", "links": [{"href": "http://10.0.2.15:8774/f483ae7fd948459f90ff6888cb28ce2b/flavors/42", "rel": "bookmark"}]}, "id": "7c0183b5-d760-4131-9cc7-61f151ade3a4", "security_groups": [{"name": "tempest-secgroup-smoke-1570731697"}], "OS-SRV-USG:terminated_at": null, "OS-EXT-AZ:availability_zone": "nova", "user_id": "be53ccd87aaa4b3f8bab02ab5452f09b", "name": "tempest.common.compute-instance-1909679798", "created": "2015-12-20T02:02:02Z", "tenant_id": "f483ae7fd948459f90ff6888cb28ce2b", "OS-DCF:diskConfig": "MANUAL", "os-extended-volumes:volumes_attached": [], "accessIPv4": "", "accessIPv6": "", "progress": 0, "OS-EXT-STS:power_state": 1, "config_drive": "True", "metadata": {}}}
2015-12-20 02:07:14,120 20817 INFO     [tempest_lib.common.rest_client] Request (TestGettingAddress:_run_cleanups): 200 GET http://10.0.2.15:8774/v2.1/f483ae7fd948459f90ff6888cb28ce2b/servers/7c0183b5-d760-4131-9cc7-61f151ade3a4 0.151s
2015-12-20 02:07:14,120 20817 DEBUG    [tempest_lib.common.rest_client] Request - Headers: {'Content-Type': 'application/json', 'Accept': 'application/json', 'X-Auth-Token': '&lt;omitted&gt;'}
        Body: None
    Response - Headers: {'status': '200', 'content-length': '1444', 'content-location': 'http://10.0.2.15:8774/v2.1/f483ae7fd948459f90ff6888cb28ce2b/servers/7c0183b5-d760-4131-9cc7-61f151ade3a4', 'x-compute-request-id': 'req-c16344a8-94c1-4df4-b670-ea1018e0100d', 'vary': 'X-OpenStack-Nova-API-Version', 'connection': 'close', 'x-openstack-nova-api-version': '2.1', 'date': 'Sun, 20 Dec 2015 02:07:14 GMT', 'content-type': 'application/json'}
        Body: {"server": {"status": "DELETED", "updated": "2015-12-20T02:07:14Z", "hostId": "b94aca7688496abb8d4c9cd8559cfed72ad11a72100c453c68269059", "addresses": {}, "links": [{"href": "http://10.0.2.15:8774/v2.1/f483ae7fd948459f90ff6888cb28ce2b/servers/7c0183b5-d760-4131-9cc7-61f151ade3a4", "rel": "self"}, {"href": "http://10.0.2.15:8774/f483ae7fd948459f90ff6888cb28ce2b/servers/7c0183b5-d760-4131-9cc7-61f151ade3a4", "rel": "bookmark"}], "key_name": "tempest-TestGettingAddress-406902793", "image": {"id": "b6f51099-b9cc-47ce-bd20-d2aaff4e8337", "links": [{"href": "http://10.0.2.15:8774/f483ae7fd948459f90ff6888cb28ce2b/images/b6f51099-b9cc-47ce-bd20-d2aaff4e8337", "rel": "bookmark"}]}, "OS-EXT-STS:task_state": null, "OS-EXT-STS:vm_state": "deleted", "OS-SRV-USG:launched_at": "2015-12-20T02:02:06.000000", "flavor": {"id": "42", "links": [{"href": "http://10.0.2.15:8774/f483ae7fd948459f90ff6888cb28ce2b/flavors/42", "rel": "bookmark"}]}, "id": "7c0183b5-d760-4131-9cc7-61f151ade3a4", "OS-SRV-USG:terminated_at": "2015-12-20T02:07:13.000000", "OS-EXT-AZ:availability_zone": "nova", "user_id": "be53ccd87aaa4b3f8bab02ab5452f09b", "name": "tempest.common.compute-instance-1909679798", "created": "2015-12-20T02:02:02Z", "tenant_id": "f483ae7fd948459f90ff6888cb28ce2b", "OS-DCF:diskConfig": "MANUAL", "os-extended-volumes:volumes_attached": [], "accessIPv4": "", "accessIPv6": "", "OS-EXT-STS:power_state": 0, "config_drive": "True", "metadata": {}}}
2015-12-20 02:07:15,213 20817 INFO     [tempest_lib.common.rest_client] Request (TestGettingAddress:_run_cleanups): 404 GET http://10.0.2.15:8774/v2.1/f483ae7fd948459f90ff6888cb28ce2b/servers/7c0183b5-d760-4131-9cc7-61f151ade3a4 0.084s
2015-12-20 02:07:15,214 20817 DEBUG    [tempest_lib.common.rest_client] Request - Headers: {'Content-Type': 'application/json', 'Accept': 'application/json', 'X-Auth-Token': '&lt;omitted&gt;'}
        Body: None
    Response - Headers: {'status': '404', 'content-length': '111', 'x-compute-request-id': 'req-66d8a890-8f26-462f-b6c1-58ade5db8b2c', 'vary': 'X-OpenStack-Nova-API-Version', 'connection': 'close', 'x-openstack-nova-api-version': '2.1', 'date': 'Sun, 20 Dec 2015 02:07:15 GMT', 'content-type': 'application/json; charset=UTF-8'}
        Body: {"itemNotFound": {"message": "Instance 7c0183b5-d760-4131-9cc7-61f151ade3a4 could not be found.", "code": 404}}
2015-12-20 02:07:15,558 20817 INFO     [tempest_lib.common.rest_client] Request (TestGettingAddress:_run_cleanups): 200 PUT http://10.0.2.15:9696/v2.0/routers/23c59832-3e5d-461e-8dc7-6607c2534a37/remove_router_interface 0.343s
2015-12-20 02:07:15,559 20817 DEBUG    [tempest_lib.common.rest_client] Request - Headers: {'Content-Type': 'application/json', 'Accept': 'application/json', 'X-Auth-Token': '&lt;omitted&gt;'}
        Body: {"subnet_id": "37fb73de-d553-45ea-88b3-cb0806406475"}
    Response - Headers: {'status': '200', 'content-length': '255', 'connection': 'close', 'date': 'Sun, 20 Dec 2015 02:07:15 GMT', 'content-type': 'application/json; charset=UTF-8', 'x-openstack-request-id': 'req-aca8fbd5-fb8e-49b1-8b88-2f0504a4de89'}
        Body: {"subnet_id": "37fb73de-d553-45ea-88b3-cb0806406475", "tenant_id": "f483ae7fd948459f90ff6888cb28ce2b", "subnet_ids": ["37fb73de-d553-45ea-88b3-cb0806406475"], "port_id": "a1d8f45a-acbe-44cd-8d2e-59622b274031", "id": "23c59832-3e5d-461e-8dc7-6607c2534a37"}
2015-12-20 02:07:16,013 20817 INFO     [tempest_lib.common.rest_client] Request (TestGettingAddress:_run_cleanups): 204 DELETE http://10.0.2.15:9696/v2.0/subnets/37fb73de-d553-45ea-88b3-cb0806406475 0.453s
2015-12-20 02:07:16,014 20817 DEBUG    [tempest_lib.common.rest_client] Request - Headers: {'Content-Type': 'application/json', 'Accept': 'application/json', 'X-Auth-Token': '&lt;omitted&gt;'}
        Body: None
    Response - Headers: {'date': 'Sun, 20 Dec 2015 02:07:16 GMT', 'status': '204', 'connection': 'close', 'content-length': '0', 'x-openstack-request-id': 'req-b31f5b29-c7ce-4855-b89c-81fbb09cd9aa'}
        Body: 
2015-12-20 02:07:16,047 20817 INFO     [tempest_lib.common.rest_client] Request (TestGettingAddress:_run_cleanups): 404 DELETE http://10.0.2.15:9696/v2.0/subnets/37fb73de-d553-45ea-88b3-cb0806406475 0.031s
2015-12-20 02:07:16,047 20817 DEBUG    [tempest_lib.common.rest_client] Request - Headers: {'Content-Type': 'application/json', 'Accept': 'application/json', 'X-Auth-Token': '&lt;omitted&gt;'}
        Body: None
