<?xml version="1.0" encoding="UTF-8"?>
<!DOCTYPE html PUBLIC "-//W3C//DTD XHTML 1.0 Strict//EN"
     "http://www.w3.org/TR/xhtml1/DTD/xhtml1-strict.dtd">
<html xmlns="http://www.w3.org/1999/xhtml">
<head>
    <title>Unit Test Report</title>
    <meta name="generator" content="subunit2html 0.1"/>
    <meta http-equiv="Content-Type" content="text/html; charset=UTF-8"/>
    
<style type="text/css" media="screen">
body        { font-family: verdana, arial, helvetica, sans-serif;
    font-size: 80%; }
table       { font-size: 100%; width: 100%;}
pre         { font-size: 80%; }

/* -- heading -------------------------------------------------------------- */
h1 {
        font-size: 16pt;
        color: gray;
}
.heading {
    margin-top: 0ex;
    margin-bottom: 1ex;
}

.heading .attribute {
    margin-top: 1ex;
    margin-bottom: 0;
}

.heading .description {
    margin-top: 4ex;
    margin-bottom: 6ex;
}

/* -- css div popup -------------------------------------------------------- */
a.popup_link {
}

a.popup_link:hover {
    color: red;
}

.popup_window {
    display: none;
    overflow-x: scroll;
    /*border: solid #627173 1px; */
    padding: 10px;
    background-color: #E6E6D6;
    font-family: "Ubuntu Mono", "Lucida Console", "Courier New", monospace;
    text-align: left;
    font-size: 8pt;
}

}
/* -- report --------------------------------------------------------------- */
#show_detail_line {
    margin-top: 3ex;
    margin-bottom: 1ex;
}
#result_table {
    width: 100%;
    border-collapse: collapse;
    border: 1px solid #777;
}
#header_row {
    font-weight: bold;
    color: white;
    background-color: #777;
}
#result_table td {
    border: 1px solid #777;
    padding: 2px;
}
#total_row  { font-weight: bold; }
.passClass  { background-color: #6c6; }
.failClass  { background-color: #c60; }
.errorClass { background-color: #c00; }
.passCase   { color: #6c6; }
.failCase   { color: #c60; font-weight: bold; }
.errorCase  { color: #c00; font-weight: bold; }
.hiddenRow  { display: none; }
.testcase   { margin-left: 2em; }
td.testname {width: 40%}
td.small {width: 40px}

/* -- ending --------------------------------------------------------------- */
#ending {
}

</style>

</head>
<body>
<script language="javascript" type="text/javascript"><!--
output_list = Array();

/* level - 0:Summary; 1:Failed; 2:All */
function showCase(level) {
    trs = document.getElementsByTagName("tr");
    for (var i = 0; i < trs.length; i++) {
        tr = trs[i];
        id = tr.id;
        if (id.substr(0,2) == 'ft') {
            if (level < 1) {
                tr.className = 'hiddenRow';
            }
            else {
                tr.className = '';
            }
        }
        if (id.substr(0,2) == 'pt') {
            if (level > 1) {
                tr.className = '';
            }
            else {
                tr.className = 'hiddenRow';
            }
        }
    }
}


function showClassDetail(cid, count) {
    var id_list = Array(count);
    var toHide = 1;
    for (var i = 0; i < count; i++) {
        tid0 = 't' + cid.substr(1) + '.' + (i+1);
        tid = 'f' + tid0;
        tr = document.getElementById(tid);
        if (!tr) {
            tid = 'p' + tid0;
            tr = document.getElementById(tid);
        }
        id_list[i] = tid;
        if (tr.className) {
            toHide = 0;
        }
    }
    for (var i = 0; i < count; i++) {
        tid = id_list[i];
        if (toHide) {
            document.getElementById('div_'+tid).style.display = 'none'
            document.getElementById(tid).className = 'hiddenRow';
        }
        else {
            document.getElementById(tid).className = '';
        }
    }
}


function showTestDetail(div_id){
    var details_div = document.getElementById(div_id)
    var displayState = details_div.style.display
    // alert(displayState)
    if (displayState != 'block' ) {
        displayState = 'block'
        details_div.style.display = 'block'
    }
    else {
        details_div.style.display = 'none'
    }
}


function html_escape(s) {
    s = s.replace(/&/g,'&amp;');
    s = s.replace(/</g,'&lt;');
    s = s.replace(/>/g,'&gt;');
    return s;
}

/* obsoleted by detail in <div>
function showOutput(id, name) {
    var w = window.open("", //url
                    name,
                    "resizable,scrollbars,status,width=800,height=450");
    d = w.document;
    d.write("<pre>");
    d.write(html_escape(output_list[id]));
    d.write("\n");
    d.write("<a href='javascript:window.close()'>close</a>\n");
    d.write("</pre>\n");
    d.close();
}
*/
--></script>

<div class='heading'>
<h1>Unit Test Report</h1>

<p class='attribute'><strong>Status:</strong> Pass 2 Failure 6</p>

<p class='description'></p>
</div>



<p id='show_detail_line'>Show
<a href='javascript:showCase(0)'>Summary</a>
<a href='javascript:showCase(1)'>Failed</a>
<a href='javascript:showCase(2)'>All</a>
</p>
<table id='result_table'>
<colgroup>
<col align='left' />
<col align='right' />
<col align='right' />
<col align='right' />
<col align='right' />
<col align='right' />
<col align='right' />
<col align='right' />
</colgroup>
<tr id='header_row'>
    <td>Test Group/Test case</td>
    <td>Count</td>
    <td>Pass</td>
    <td>Fail</td>
    <td>Error</td>
    <td>Skip</td>
    <td>View</td>
    <td> </td>
</tr>

<tr class='failClass'>
    <td class="testname">tempest.scenario.test_network_v6.TestGettingAddress</td>
    <td class="small">8</td>
    <td class="small">2</td>
    <td class="small">6</td>
    <td class="small">0</td>
    <td class="small">0</td>
    <td class="small"><a href="javascript:showClassDetail('c1',8)"
>Detail</a></td>
    <td> </td>
</tr>

<tr id='ft1.1' class='none'>
    <td class='failCase'><div class='testcase'>test_dhcp6_stateless_from_os[compute,id-d7e1f858-187c-45a6-89c9-bdafde619a9f,network]</div></td>
    <td colspan='7' align='left'>

    <!--css div popup start-->
    <a class="popup_link" onfocus='this.blur();'
    href="javascript:showTestDetail('div_ft1.1')" >
        fail</a>

    <div id='div_ft1.1' class="popup_window">
        <div style='text-align: right; color:red;cursor:pointer'>
        <a onfocus='this.blur();'
onclick="document.getElementById('div_ft1.1').style.display = 'none' " >
           [x]</a>
        </div>
        <pre>
        
ft1.1: tempest.scenario.test_network_v6.TestGettingAddress.test_dhcp6_stateless_from_os[compute,id-d7e1f858-187c-45a6-89c9-bdafde619a9f,network]_StringException: Empty attachments:
  stderr
  stdout

pythonlogging:'': {{{
2015-12-08 14:40:18,273 27587 INFO     [tempest_lib.common.rest_client] Request (TestGettingAddress:setUp): 200 POST http://10.0.2.15:8774/v2.1/a78db009a59c4674814ab3c9665aae04/os-keypairs 0.417s
2015-12-08 14:40:18,273 27587 DEBUG    [tempest_lib.common.rest_client] Request - Headers: {'Content-Type': 'application/json', 'Accept': 'application/json', 'X-Auth-Token': '&lt;omitted&gt;'}
        Body: {"keypair": {"name": "tempest-TestGettingAddress-1670844739"}}
    Response - Headers: {'status': '200', 'content-length': '2320', 'x-compute-request-id': 'req-1e8202e0-6271-4692-9f57-177a6e3e92a6', 'vary': 'X-OpenStack-Nova-API-Version', 'connection': 'close', 'x-openstack-nova-api-version': '2.1', 'date': 'Tue, 08 Dec 2015 14:40:18 GMT', 'content-type': 'application/json'}
        Body: {"keypair": {"public_key": "ssh-rsa AAAAB3NzaC1yc2EAAAADAQABAAABAQCXPb0owB8NAI2bN9REYfY09Smqf8nbYOJPCutrKG+052yM7bUZONk8GZUKdJZvGzDcAmk5UNlD0IoDWMb+uRf418rN12i5E4+OStIqv/3DmGLogBJllO8ZtXh+9aitjm1mu/CmKKr0fgCzDp121anudYQm01yeoOKMQiDxs4nFQ1UO+eNmwMM8IOZhU/AGP9YDz0/diviphNWI061s/2dNdhIlpUtK91wNn13omCm+3gcayOjkwvJ3t2x6GPvLoFGwVkofqOz3Kp0jAMT5A2oJnEtWCCcBVF4GqN1Pg7zVLwjqbRJwtg02L/CJnxXRktj1eN8waKJ4nZjOKCuk+kE/ Generated-by-Nova", "private_key": "-----BEGIN RSA PRIVATE KEY-----\nMIIEpwIBAAKCAQEAlz29KMAfDQCNmzfURGH2NPUpqn/J22DiTwrrayhvtOdsjO21\nGTjZPBmVCnSWbxsw3AJpOVDZQ9CKA1jG/rkX+NfKzddouROPjkrSKr/9w5hi6IAS\nZZTvGbV4fvWorY5tZrvwpiiq9H4Asw6ddtWp7nWEJtNcnqDijEIg8bOJxUNVDvnj\nZsDDPCDmYVPwBj/WA89P3Yr4qYTViNOtbP9nTXYSJaVLSvdcDZ9d6Jgpvt4HGsjo\n5MLyd7dsehj7y6BRsFZKH6js9yqdIwDE+QNqCZxLVggnAVReBqjdT4O81S8I6m0S\ncLYNNi/wiZ8V0ZLY9XjfMGiieJ2YzigrpPpBPwIDAQABAoIBAHWWcN2gEgQ/69lE\nnOrV52DhRBXl6QGB4DJoYQUdmUxjqgggQO9tPaj2kuRgJR4ZW/GShlEjxOhu2P8l\nJQKi0jqNPIax9h//T1voXGMUhq5uamguOx9znjq01wyO3yihVfnMIZxufgw9cznE\nITVlhgt6nta4+ofyunEmcQq69mDBeQU6K3M4/PNPjnNAq++cuaY6D+kkR0ITOzhC\nJrq9o/PhKBN77payiRKD/m2n/yeoosUF5ls33xwjYgaA9xm3u+iOcE6l8DOx+EGl\najqgzRocWzhJsi59551TzawrbnaeMdvu3917KB4rs1YsHfz4sH9KHYzpzbWxI6R1\nMZDH0jECggCBAMRnuZaW+p6Rfv5K24J6pDnOXgpt52x3YOxb9/bENDo5Vqy7rnSc\n5BG62TxjK4wRoCdTAfGZ/W1Rl91EWocSx1C84dRKuj8xTaMOb6LeLrN3CfvbG1yx\nXzLwWFrA5cNk5Qac7Ybeucg12ygad7VfzaX+Jv3jFFqYzWkAFfVJCp87AoIAgQDF\nIcixJZBiUj7IEeSPv43bmTu+TQBhtcALZvh6Db8x7zCMfQu9GAnyU0VgqpSnfE7A\nyw9EN1EjqRR8Qmt/1P+ucXBBeYrBI0VorHLEmGYp0lxYMueDOEYBlOKyhxht9+CU\nfpcmTUpOdclTSsBr1/+DDQ0a/n5hQj3tZd3FL3xNzQKCAIB305C2/4YIGFySaLlj\n8c8gNXfKhSMcWfkYO0QdmbcDjtgCqr7VBqNe7dB7t0VqP5amZ05YSMsFVzKAHKPe\npOZVq+dbzfuzcjEbukMB6uwzMf01W4hmFREv0tMVC3siqvvP/Q4tqtVOAQ2kegFu\n9vRQwa6oV1Kjs3YfCZ5b+CQy4QKCAIAWw5/5VO0nbXfygp5yOxyWj0tm3l186xAS\nQQHQlmXNzmE81/PTEkOTyCnqz8f6z1AI02of5oNoKs5Cyyi+ykn8Sv07kl2DkB8j\nx0Y5jZ++lJw1UyuI66ap6BeFpjQb/tPgUf4CXkqGZPOquqcdzQOkjo1E4L6XXJ7q\nGylQ6/rewQKCAIAUsgiw9p8WsA7+EGkHFY4IjYJdASrS/wA+rJnAcdha5YhM0aEx\nsnyxmtee2B06UM5ENg+ufpDak15jxVlXkFi48R39Xik+94CGm7UawH6cHE6fVAqa\n7imiK/HlGQXZkOdSZLFNwYTx+f5iPWvmIZHIomgHj6a5hPaxRKkTVVLJWg==\n-----END RSA PRIVATE KEY-----\n", "user_id": "73caae15b639434eb769e2518e2e84aa", "name": "tempest-TestGettingAddress-1670844739", "fingerprint": "c0:91:c5:94:44:12:b7:71:3b:d9:a4:81:a6:ad:3d:f8"}}
2015-12-08 14:40:18,568 27587 INFO     [tempest_lib.common.rest_client] Request (TestGettingAddress:setUp): 201 POST http://10.0.2.15:9696/v2.0/security-groups 0.292s
2015-12-08 14:40:18,569 27587 DEBUG    [tempest_lib.common.rest_client] Request - Headers: {'Content-Type': 'application/json', 'Accept': 'application/json', 'X-Auth-Token': '&lt;omitted&gt;'}
        Body: {"security_group": {"tenant_id": "a78db009a59c4674814ab3c9665aae04", "description": "tempest-secgroup-smoke-489017580 description", "name": "tempest-secgroup-smoke-489017580"}}
    Response - Headers: {'status': '201', 'content-length': '886', 'connection': 'close', 'date': 'Tue, 08 Dec 2015 14:40:18 GMT', 'content-type': 'application/json; charset=UTF-8', 'x-openstack-request-id': 'req-415f3339-43bb-4a95-933c-317e4af605a3'}
        Body: {"security_group": {"tenant_id": "a78db009a59c4674814ab3c9665aae04", "description": "tempest-secgroup-smoke-489017580 description", "id": "a623bd58-7172-4668-a9a5-5d5305799c87", "security_group_rules": [{"remote_group_id": null, "direction": "egress", "remote_ip_prefix": null, "protocol": null, "ethertype": "IPv4", "tenant_id": "a78db009a59c4674814ab3c9665aae04", "port_range_max": null, "port_range_min": null, "id": "ec8e77ae-1269-48b0-ade7-a8a41b90d6af", "security_group_id": "a623bd58-7172-4668-a9a5-5d5305799c87"}, {"remote_group_id": null, "direction": "egress", "remote_ip_prefix": null, "protocol": null, "ethertype": "IPv6", "tenant_id": "a78db009a59c4674814ab3c9665aae04", "port_range_max": null, "port_range_min": null, "id": "8f14c278-e5b7-4b5e-aba1-58e319613112", "security_group_id": "a623bd58-7172-4668-a9a5-5d5305799c87"}], "name": "tempest-secgroup-smoke-489017580"}}
2015-12-08 14:40:18,679 27587 INFO     [tempest_lib.common.rest_client] Request (TestGettingAddress:setUp): 201 POST http://10.0.2.15:9696/v2.0/security-group-rules 0.109s
2015-12-08 14:40:18,680 27587 DEBUG    [tempest_lib.common.rest_client] Request - Headers: {'Content-Type': 'application/json', 'Accept': 'application/json', 'X-Auth-Token': '&lt;omitted&gt;'}
        Body: {"security_group_rule": {"direction": "ingress", "protocol": "tcp", "tenant_id": "a78db009a59c4674814ab3c9665aae04", "port_range_max": 22, "security_group_id": "a623bd58-7172-4668-a9a5-5d5305799c87", "port_range_min": 22}}
    Response - Headers: {'status': '201', 'content-length': '340', 'connection': 'close', 'date': 'Tue, 08 Dec 2015 14:40:18 GMT', 'content-type': 'application/json; charset=UTF-8', 'x-openstack-request-id': 'req-18620d48-306c-481f-a885-a60eae4cde12'}
        Body: {"security_group_rule": {"remote_group_id": null, "direction": "ingress", "remote_ip_prefix": null, "protocol": "tcp", "ethertype": "IPv4", "tenant_id": "a78db009a59c4674814ab3c9665aae04", "port_range_max": 22, "port_range_min": 22, "id": "f4a6df71-ebaf-4aeb-9b0f-265528c949c3", "security_group_id": "a623bd58-7172-4668-a9a5-5d5305799c87"}}
2015-12-08 14:40:18,856 27587 INFO     [tempest_lib.common.rest_client] Request (TestGettingAddress:setUp): 201 POST http://10.0.2.15:9696/v2.0/security-group-rules 0.175s
2015-12-08 14:40:18,856 27587 DEBUG    [tempest_lib.common.rest_client] Request - Headers: {'Content-Type': 'application/json', 'Accept': 'application/json', 'X-Auth-Token': '&lt;omitted&gt;'}
        Body: {"security_group_rule": {"direction": "egress", "protocol": "tcp", "tenant_id": "a78db009a59c4674814ab3c9665aae04", "port_range_max": 22, "security_group_id": "a623bd58-7172-4668-a9a5-5d5305799c87", "port_range_min": 22}}
    Response - Headers: {'status': '201', 'content-length': '339', 'connection': 'close', 'date': 'Tue, 08 Dec 2015 14:40:18 GMT', 'content-type': 'application/json; charset=UTF-8', 'x-openstack-request-id': 'req-0d5ca792-555f-4a6a-8e44-63cbb78a2cfd'}
        Body: {"security_group_rule": {"remote_group_id": null, "direction": "egress", "remote_ip_prefix": null, "protocol": "tcp", "ethertype": "IPv4", "tenant_id": "a78db009a59c4674814ab3c9665aae04", "port_range_max": 22, "port_range_min": 22, "id": "6c36f8b5-6b53-4f51-9093-8183cb394fdf", "security_group_id": "a623bd58-7172-4668-a9a5-5d5305799c87"}}
2015-12-08 14:40:18,967 27587 INFO     [tempest_lib.common.rest_client] Request (TestGettingAddress:setUp): 201 POST http://10.0.2.15:9696/v2.0/security-group-rules 0.110s
2015-12-08 14:40:18,968 27587 DEBUG    [tempest_lib.common.rest_client] Request - Headers: {'Content-Type': 'application/json', 'Accept': 'application/json', 'X-Auth-Token': '&lt;omitted&gt;'}
        Body: {"security_group_rule": {"tenant_id": "a78db009a59c4674814ab3c9665aae04", "direction": "ingress", "protocol": "icmp", "security_group_id": "a623bd58-7172-4668-a9a5-5d5305799c87"}}
    Response - Headers: {'status': '201', 'content-length': '345', 'connection': 'close', 'date': 'Tue, 08 Dec 2015 14:40:18 GMT', 'content-type': 'application/json; charset=UTF-8', 'x-openstack-request-id': 'req-54ffa557-0115-48c6-a64e-572ef96fa58e'}
        Body: {"security_group_rule": {"remote_group_id": null, "direction": "ingress", "remote_ip_prefix": null, "protocol": "icmp", "ethertype": "IPv4", "tenant_id": "a78db009a59c4674814ab3c9665aae04", "port_range_max": null, "port_range_min": null, "id": "553fb78d-268c-47a8-a69f-6a4d77832e55", "security_group_id": "a623bd58-7172-4668-a9a5-5d5305799c87"}}
2015-12-08 14:40:19,085 27587 INFO     [tempest_lib.common.rest_client] Request (TestGettingAddress:setUp): 201 POST http://10.0.2.15:9696/v2.0/security-group-rules 0.116s
2015-12-08 14:40:19,086 27587 DEBUG    [tempest_lib.common.rest_client] Request - Headers: {'Content-Type': 'application/json', 'Accept': 'application/json', 'X-Auth-Token': '&lt;omitted&gt;'}
        Body: {"security_group_rule": {"tenant_id": "a78db009a59c4674814ab3c9665aae04", "direction": "egress", "protocol": "icmp", "security_group_id": "a623bd58-7172-4668-a9a5-5d5305799c87"}}
    Response - Headers: {'status': '201', 'content-length': '344', 'connection': 'close', 'date': 'Tue, 08 Dec 2015 14:40:19 GMT', 'content-type': 'application/json; charset=UTF-8', 'x-openstack-request-id': 'req-2a330353-1c3c-4b8f-8590-aa289aa0d7b9'}
        Body: {"security_group_rule": {"remote_group_id": null, "direction": "egress", "remote_ip_prefix": null, "protocol": "icmp", "ethertype": "IPv4", "tenant_id": "a78db009a59c4674814ab3c9665aae04", "port_range_max": null, "port_range_min": null, "id": "f3d0a245-5b40-4d2d-8102-8e984f85950b", "security_group_id": "a623bd58-7172-4668-a9a5-5d5305799c87"}}
2015-12-08 14:40:19,200 27587 INFO     [tempest_lib.common.rest_client] Request (TestGettingAddress:setUp): 201 POST http://10.0.2.15:9696/v2.0/security-group-rules 0.112s
2015-12-08 14:40:19,200 27587 DEBUG    [tempest_lib.common.rest_client] Request - Headers: {'Content-Type': 'application/json', 'Accept': 'application/json', 'X-Auth-Token': '&lt;omitted&gt;'}
        Body: {"security_group_rule": {"tenant_id": "a78db009a59c4674814ab3c9665aae04", "direction": "ingress", "security_group_id": "a623bd58-7172-4668-a9a5-5d5305799c87", "protocol": "icmp", "ethertype": "IPv6"}}
    Response - Headers: {'status': '201', 'content-length': '345', 'connection': 'close', 'date': 'Tue, 08 Dec 2015 14:40:19 GMT', 'content-type': 'application/json; charset=UTF-8', 'x-openstack-request-id': 'req-0f11d96d-1558-49d5-9bf2-339c2f8b6253'}
        Body: {"security_group_rule": {"remote_group_id": null, "direction": "ingress", "remote_ip_prefix": null, "protocol": "icmp", "ethertype": "IPv6", "tenant_id": "a78db009a59c4674814ab3c9665aae04", "port_range_max": null, "port_range_min": null, "id": "961f8193-6cb3-47ad-93b6-c7dbb6903fd2", "security_group_id": "a623bd58-7172-4668-a9a5-5d5305799c87"}}
2015-12-08 14:40:19,312 27587 INFO     [tempest_lib.common.rest_client] Request (TestGettingAddress:setUp): 201 POST http://10.0.2.15:9696/v2.0/security-group-rules 0.111s
2015-12-08 14:40:19,313 27587 DEBUG    [tempest_lib.common.rest_client] Request - Headers: {'Content-Type': 'application/json', 'Accept': 'application/json', 'X-Auth-Token': '&lt;omitted&gt;'}
        Body: {"security_group_rule": {"tenant_id": "a78db009a59c4674814ab3c9665aae04", "direction": "egress", "security_group_id": "a623bd58-7172-4668-a9a5-5d5305799c87", "protocol": "icmp", "ethertype": "IPv6"}}
    Response - Headers: {'status': '201', 'content-length': '344', 'connection': 'close', 'date': 'Tue, 08 Dec 2015 14:40:19 GMT', 'content-type': 'application/json; charset=UTF-8', 'x-openstack-request-id': 'req-a0f9cb60-4dc5-4626-ba1e-f5d4667a2b6c'}
        Body: {"security_group_rule": {"remote_group_id": null, "direction": "egress", "remote_ip_prefix": null, "protocol": "icmp", "ethertype": "IPv6", "tenant_id": "a78db009a59c4674814ab3c9665aae04", "port_range_max": null, "port_range_min": null, "id": "ee2440ae-745d-4354-a8fd-8d196c858966", "security_group_id": "a623bd58-7172-4668-a9a5-5d5305799c87"}}
2015-12-08 14:40:19,444 27587 INFO     [tempest_lib.common.rest_client] Request (TestGettingAddress:test_dhcp6_stateless_from_os): 201 POST http://10.0.2.15:9696/v2.0/networks 0.127s
2015-12-08 14:40:19,444 27587 DEBUG    [tempest_lib.common.rest_client] Request - Headers: {'Content-Type': 'application/json', 'Accept': 'application/json', 'X-Auth-Token': '&lt;omitted&gt;'}
        Body: {"network": {"tenant_id": "a78db009a59c4674814ab3c9665aae04", "name": "tempest-network-smoke--1625442655"}}
    Response - Headers: {'status': '201', 'content-length': '296', 'connection': 'close', 'date': 'Tue, 08 Dec 2015 14:40:19 GMT', 'content-type': 'application/json; charset=UTF-8', 'x-openstack-request-id': 'req-3938efc2-6df8-4494-bfb1-7df0fc91a475'}
        Body: {"network": {"status": "ACTIVE", "subnets": [], "name": "tempest-network-smoke--1625442655", "admin_state_up": true, "tenant_id": "a78db009a59c4674814ab3c9665aae04", "mtu": 0, "router:external": false, "shared": false, "port_security_enabled": true, "id": "e9395196-1e6b-495f-b0aa-0f71c6845d9a"}}
2015-12-08 14:40:19,600 27587 INFO     [tempest_lib.common.rest_client] Request (TestGettingAddress:test_dhcp6_stateless_from_os): 200 GET http://10.0.2.15:9696/v2.0/subnets?tenant_id=a78db009a59c4674814ab3c9665aae04&amp;cidr=10.100.0.0%2F28 0.154s
2015-12-08 14:40:19,601 27587 DEBUG    [tempest_lib.common.rest_client] Request - Headers: {'Content-Type': 'application/json', 'Accept': 'application/json', 'X-Auth-Token': '&lt;omitted&gt;'}
        Body: None
    Response - Headers: {'status': '200', 'content-length': '15', 'content-location': 'http://10.0.2.15:9696/v2.0/subnets?tenant_id=a78db009a59c4674814ab3c9665aae04&amp;cidr=10.100.0.0%2F28', 'connection': 'close', 'date': 'Tue, 08 Dec 2015 14:40:19 GMT', 'content-type': 'application/json; charset=UTF-8', 'x-openstack-request-id': 'req-04f196ec-6637-4fc7-9d76-799dfd605c4a'}
        Body: {"subnets": []}
2015-12-08 14:40:19,894 27587 INFO     [tempest_lib.common.rest_client] Request (TestGettingAddress:test_dhcp6_stateless_from_os): 201 POST http://10.0.2.15:9696/v2.0/subnets 0.291s
2015-12-08 14:40:19,895 27587 DEBUG    [tempest_lib.common.rest_client] Request - Headers: {'Content-Type': 'application/json', 'Accept': 'application/json', 'X-Auth-Token': '&lt;omitted&gt;'}
        Body: {"subnet": {"ip_version": 4, "tenant_id": "a78db009a59c4674814ab3c9665aae04", "cidr": "10.100.0.0/28", "network_id": "e9395196-1e6b-495f-b0aa-0f71c6845d9a", "name": "tempest-sub4-1155554146"}}
    Response - Headers: {'status': '201', 'content-length': '470', 'connection': 'close', 'date': 'Tue, 08 Dec 2015 14:40:19 GMT', 'content-type': 'application/json; charset=UTF-8', 'x-openstack-request-id': 'req-2533ee4f-23ae-4fb7-8ca6-f36aac1bb6be'}
        Body: {"subnet": {"name": "tempest-sub4-1155554146", "enable_dhcp": true, "network_id": "e9395196-1e6b-495f-b0aa-0f71c6845d9a", "tenant_id": "a78db009a59c4674814ab3c9665aae04", "dns_nameservers": [], "gateway_ip": "10.100.0.1", "ipv6_ra_mode": null, "allocation_pools": [{"start": "10.100.0.2", "end": "10.100.0.14"}], "host_routes": [], "ip_version": 4, "ipv6_address_mode": null, "cidr": "10.100.0.0/28", "id": "ab9fff2d-ed28-4cce-9b71-b5fd75c67ef2", "subnetpool_id": null}}
2015-12-08 14:40:19,958 27587 INFO     [tempest_lib.common.rest_client] Request (TestGettingAddress:test_dhcp6_stateless_from_os): 201 POST http://10.0.2.15:9696/v2.0/routers 0.062s
2015-12-08 14:40:19,958 27587 DEBUG    [tempest_lib.common.rest_client] Request - Headers: {'Content-Type': 'application/json', 'Accept': 'application/json', 'X-Auth-Token': '&lt;omitted&gt;'}
        Body: {"router": {"tenant_id": "a78db009a59c4674814ab3c9665aae04", "name": "tempest-router-smoke-690563593", "admin_state_up": true}}
    Response - Headers: {'status': '201', 'content-length': '238', 'connection': 'close', 'date': 'Tue, 08 Dec 2015 14:40:19 GMT', 'content-type': 'application/json; charset=UTF-8', 'x-openstack-request-id': 'req-812d2606-b98f-4268-8a6d-c076335e5fa0'}
        Body: {"router": {"status": "ACTIVE", "external_gateway_info": null, "name": "tempest-router-smoke-690563593", "admin_state_up": true, "tenant_id": "a78db009a59c4674814ab3c9665aae04", "routes": [], "id": "eb98a663-ebda-45fe-9400-2006d82252be"}}
2015-12-08 14:40:19,999 27587 INFO     [tempest_lib.common.rest_client] Request (TestGettingAddress:test_dhcp6_stateless_from_os): 200 GET http://10.0.2.15:9696/v2.0/routers/eb98a663-ebda-45fe-9400-2006d82252be 0.040s
2015-12-08 14:40:20,000 27587 DEBUG    [tempest_lib.common.rest_client] Request - Headers: {'Content-Type': 'application/json', 'Accept': 'application/json', 'X-Auth-Token': '&lt;omitted&gt;'}
        Body: None
    Response - Headers: {'status': '200', 'content-length': '238', 'content-location': 'http://10.0.2.15:9696/v2.0/routers/eb98a663-ebda-45fe-9400-2006d82252be', 'connection': 'close', 'date': 'Tue, 08 Dec 2015 14:40:19 GMT', 'content-type': 'application/json; charset=UTF-8', 'x-openstack-request-id': 'req-56799c6e-d58f-47c0-8fba-eedd331f88cd'}
        Body: {"router": {"status": "ACTIVE", "external_gateway_info": null, "name": "tempest-router-smoke-690563593", "admin_state_up": true, "tenant_id": "a78db009a59c4674814ab3c9665aae04", "routes": [], "id": "eb98a663-ebda-45fe-9400-2006d82252be"}}
2015-12-08 14:40:20,698 27587 INFO     [tempest_lib.common.rest_client] Request (TestGettingAddress:test_dhcp6_stateless_from_os): 200 PUT http://10.0.2.15:9696/v2.0/routers/eb98a663-ebda-45fe-9400-2006d82252be 0.697s
2015-12-08 14:40:20,698 27587 DEBUG    [tempest_lib.common.rest_client] Request - Headers: {'Content-Type': 'application/json', 'Accept': 'application/json', 'X-Auth-Token': '&lt;omitted&gt;'}
        Body: {"router": {"external_gateway_info": {"network_id": "6725fb92-ca92-463f-82dc-52345f5fd048"}, "name": "tempest-router-smoke-690563593", "admin_state_up": true}}
    Response - Headers: {'status': '200', 'content-length': '500', 'connection': 'close', 'date': 'Tue, 08 Dec 2015 14:40:20 GMT', 'content-type': 'application/json; charset=UTF-8', 'x-openstack-request-id': 'req-2e60409f-4890-4393-aa04-a64d2ccd1d70'}
        Body: {"router": {"status": "ACTIVE", "external_gateway_info": {"network_id": "6725fb92-ca92-463f-82dc-52345f5fd048", "enable_snat": true, "external_fixed_ips": [{"subnet_id": "84ab6a8f-994b-4d04-9d67-cc7055c74e2a", "ip_address": "172.24.4.3"}, {"subnet_id": "bd443314-54fa-40db-a5ea-f145a279d436", "ip_address": "2001:db8::3"}]}, "name": "tempest-router-smoke-690563593", "admin_state_up": true, "tenant_id": "a78db009a59c4674814ab3c9665aae04", "routes": [], "id": "eb98a663-ebda-45fe-9400-2006d82252be"}}
2015-12-08 14:40:21,276 27587 INFO     [tempest_lib.common.rest_client] Request (TestGettingAddress:test_dhcp6_stateless_from_os): 200 PUT http://10.0.2.15:9696/v2.0/routers/eb98a663-ebda-45fe-9400-2006d82252be/add_router_interface 0.577s
2015-12-08 14:40:21,277 27587 DEBUG    [tempest_lib.common.rest_client] Request - Headers: {'Content-Type': 'application/json', 'Accept': 'application/json', 'X-Auth-Token': '&lt;omitted&gt;'}
        Body: {"subnet_id": "ab9fff2d-ed28-4cce-9b71-b5fd75c67ef2"}
    Response - Headers: {'status': '200', 'content-length': '255', 'connection': 'close', 'date': 'Tue, 08 Dec 2015 14:40:21 GMT', 'content-type': 'application/json; charset=UTF-8', 'x-openstack-request-id': 'req-c963627a-67e0-40a8-9534-107e11bd585a'}
        Body: {"subnet_id": "ab9fff2d-ed28-4cce-9b71-b5fd75c67ef2", "tenant_id": "a78db009a59c4674814ab3c9665aae04", "subnet_ids": ["ab9fff2d-ed28-4cce-9b71-b5fd75c67ef2"], "port_id": "15945a71-68ec-4cf8-a3c4-d05b9ecfa890", "id": "eb98a663-ebda-45fe-9400-2006d82252be"}
2015-12-08 14:40:21,446 27587 INFO     [tempest_lib.common.rest_client] Request (TestGettingAddress:test_dhcp6_stateless_from_os): 200 GET http://10.0.2.15:9696/v2.0/subnets?tenant_id=a78db009a59c4674814ab3c9665aae04&amp;cidr=2003%3A%3A%2F64 0.167s
2015-12-08 14:40:21,447 27587 DEBUG    [tempest_lib.common.rest_client] Request - Headers: {'Content-Type': 'application/json', 'Accept': 'application/json', 'X-Auth-Token': '&lt;omitted&gt;'}
        Body: None
    Response - Headers: {'status': '200', 'content-length': '15', 'content-location': 'http://10.0.2.15:9696/v2.0/subnets?tenant_id=a78db009a59c4674814ab3c9665aae04&amp;cidr=2003%3A%3A%2F64', 'connection': 'close', 'date': 'Tue, 08 Dec 2015 14:40:21 GMT', 'content-type': 'application/json; charset=UTF-8', 'x-openstack-request-id': 'req-542ba3f6-c37d-45b3-9aec-5b4c4ac64e6c'}
        Body: {"subnets": []}
2015-12-08 14:40:21,758 27587 INFO     [tempest_lib.common.rest_client] Request (TestGettingAddress:test_dhcp6_stateless_from_os): 201 POST http://10.0.2.15:9696/v2.0/subnets 0.310s
2015-12-08 14:40:21,759 27587 DEBUG    [tempest_lib.common.rest_client] Request - Headers: {'Content-Type': 'application/json', 'Accept': 'application/json', 'X-Auth-Token': '&lt;omitted&gt;'}
        Body: {"subnet": {"name": "tempest-sub6-1256206247", "network_id": "e9395196-1e6b-495f-b0aa-0f71c6845d9a", "tenant_id": "a78db009a59c4674814ab3c9665aae04", "ipv6_ra_mode": "dhcpv6-stateless", "ip_version": 6, "ipv6_address_mode": "dhcpv6-stateless", "cidr": "2003::/64"}}
    Response - Headers: {'status': '201', 'content-length': '502', 'connection': 'close', 'date': 'Tue, 08 Dec 2015 14:40:21 GMT', 'content-type': 'application/json; charset=UTF-8', 'x-openstack-request-id': 'req-658bb053-e49e-416c-b3a9-73fa7e934408'}
        Body: {"subnet": {"name": "tempest-sub6-1256206247", "enable_dhcp": true, "network_id": "e9395196-1e6b-495f-b0aa-0f71c6845d9a", "tenant_id": "a78db009a59c4674814ab3c9665aae04", "dns_nameservers": [], "gateway_ip": "2003::1", "ipv6_ra_mode": "dhcpv6-stateless", "allocation_pools": [{"start": "2003::2", "end": "2003::ffff:ffff:ffff:ffff"}], "host_routes": [], "ip_version": 6, "ipv6_address_mode": "dhcpv6-stateless", "cidr": "2003::/64", "id": "98c9748e-3927-47b9-92ca-bab9cb2a6393", "subnetpool_id": null}}
2015-12-08 14:40:22,367 27587 INFO     [tempest_lib.common.rest_client] Request (TestGettingAddress:test_dhcp6_stateless_from_os): 200 PUT http://10.0.2.15:9696/v2.0/routers/eb98a663-ebda-45fe-9400-2006d82252be/add_router_interface 0.606s
2015-12-08 14:40:22,367 27587 DEBUG    [tempest_lib.common.rest_client] Request - Headers: {'Content-Type': 'application/json', 'Accept': 'application/json', 'X-Auth-Token': '&lt;omitted&gt;'}
        Body: {"subnet_id": "98c9748e-3927-47b9-92ca-bab9cb2a6393"}
    Response - Headers: {'status': '200', 'content-length': '255', 'connection': 'close', 'date': 'Tue, 08 Dec 2015 14:40:22 GMT', 'content-type': 'application/json; charset=UTF-8', 'x-openstack-request-id': 'req-72cf95c9-3d6e-442e-94b4-80d7ce36613d'}
        Body: {"subnet_id": "98c9748e-3927-47b9-92ca-bab9cb2a6393", "tenant_id": "a78db009a59c4674814ab3c9665aae04", "subnet_ids": ["98c9748e-3927-47b9-92ca-bab9cb2a6393"], "port_id": "6f20db74-1c60-4e30-83c1-cf70840e89ff", "id": "eb98a663-ebda-45fe-9400-2006d82252be"}
2015-12-08 14:40:22,491 27587 INFO     [tempest_lib.common.rest_client] Request (TestGettingAddress:test_dhcp6_stateless_from_os): 200 POST http://10.0.2.15:5000/v2.0/tokens
2015-12-08 14:40:22,492 27587 DEBUG    [tempest_lib.common.rest_client] Request - Headers: {'Content-Type': 'application/json', 'Accept': 'application/json'}
        Body: &lt;omitted&gt;
    Response - Headers: {'status': '200', 'content-length': '2524', 'vary': 'X-Auth-Token', 'server': 'Apache/2.4.7 (Ubuntu)', 'connection': 'close', 'date': 'Tue, 08 Dec 2015 14:40:22 GMT', 'content-type': 'application/json', 'x-openstack-request-id': 'req-2e8ed0c6-9f1b-481a-9314-eb6bc8c49c02'}
        Body: {"access": {"token": {"issued_at": "2015-12-08T14:40:22.477371", "expires": "2015-12-08T15:40:22Z", "id": "837e12e154974955b662cad033442463", "tenant": {"description": "tempest-TestGettingAddress-509722614-desc", "enabled": true, "id": "a78db009a59c4674814ab3c9665aae04", "name": "tempest-TestGettingAddress-509722614"}, "audit_ids": ["UxPbp6bURTyO8_l9WXLwMQ"]}, "serviceCatalog": [{"endpoints": [{"adminURL": "http://10.0.2.15:8774/v2.1/a78db009a59c4674814ab3c9665aae04", "region": "RegionOne", "internalURL": "http://10.0.2.15:8774/v2.1/a78db009a59c4674814ab3c9665aae04", "id": "09f133b13525447eb730ae19dc160dfb", "publicURL": "http://10.0.2.15:8774/v2.1/a78db009a59c4674814ab3c9665aae04"}], "endpoints_links": [], "type": "compute", "name": "nova"}, {"endpoints": [{"adminURL": "http://10.0.2.15:9696/", "region": "RegionOne", "internalURL": "http://10.0.2.15:9696/", "id": "072bc472ea2f4cf3adecbe9162e13978", "publicURL": "http://10.0.2.15:9696/"}], "endpoints_links": [], "type": "network", "name": "neutron"}, {"endpoints": [{"adminURL": "http://10.0.2.15:9292", "region": "RegionOne", "internalURL": "http://10.0.2.15:9292", "id": "2b83c5c4676041df99f1bb06f43e62f7", "publicURL": "http://10.0.2.15:9292"}], "endpoints_links": [], "type": "image", "name": "glance"}, {"endpoints": [{"adminURL": "http://10.0.2.15:8774/v2/a78db009a59c4674814ab3c9665aae04", "region": "RegionOne", "internalURL": "http://10.0.2.15:8774/v2/a78db009a59c4674814ab3c9665aae04", "id": "59e654acdeb44da5a57152002b043ea4", "publicURL": "http://10.0.2.15:8774/v2/a78db009a59c4674814ab3c9665aae04"}], "endpoints_links": [], "type": "compute_legacy", "name": "nova_legacy"}, {"endpoints": [{"adminURL": "http://10.0.2.15:8773/", "region": "RegionOne", "internalURL": "http://10.0.2.15:8773/", "id": "72144572921041fa802a98acf08fd62b", "publicURL": "http://10.0.2.15:8773/"}], "endpoints_links": [], "type": "ec2", "name": "ec2"}, {"endpoints": [{"adminURL": "http://10.0.2.15:35357/v2.0", "region": "RegionOne", "internalURL": "http://10.0.2.15:5000/v2.0", "id": "0f4346a66c73407ca30b2e02f990f435", "publicURL": "http://10.0.2.15:5000/v2.0"}], "endpoints_links": [], "type": "identity", "name": "keystone"}], "user": {"username": "tempest-TestGettingAddress-1819762308", "roles_links": [], "id": "73caae15b639434eb769e2518e2e84aa", "roles": [{"name": "_member_"}, {"name": "Member"}], "name": "tempest-TestGettingAddress-1819762308"}, "metadata": {"is_admin": 0, "roles": ["9fe2ff9ee4384b1894a90878d3e92bab", "ab4cb152281f4d4a9337f3411aaecce4"]}}}
2015-12-08 14:40:22,499 27587 DEBUG    [tempest.common.fixed_network] (TestGettingAddress:test_dhcp6_stateless_from_os) No valid network provided or created, defaulting to fixed_network_name
2015-12-08 14:40:22,853 27587 INFO     [tempest_lib.common.rest_client] Request (TestGettingAddress:test_dhcp6_stateless_from_os): 200 GET http://10.0.2.15:8774/v2.1/a78db009a59c4674814ab3c9665aae04/os-networks 0.353s
2015-12-08 14:40:22,853 27587 DEBUG    [tempest_lib.common.rest_client] Request - Headers: {'Content-Type': 'application/json', 'Accept': 'application/json', 'X-Auth-Token': '&lt;omitted&gt;'}
        Body: None
    Response - Headers: {'status': '200', 'content-length': '479', 'content-location': 'http://10.0.2.15:8774/v2.1/a78db009a59c4674814ab3c9665aae04/os-networks', 'x-compute-request-id': 'req-f39876c8-bed1-482a-b21c-af72a9feed6f', 'vary': 'X-OpenStack-Nova-API-Version', 'connection': 'close', 'x-openstack-nova-api-version': '2.1', 'date': 'Tue, 08 Dec 2015 14:40:22 GMT', 'content-type': 'application/json'}
        Body: {"networks": [{"cidr_v6": null, "dns2": null, "dns1": null, "gateway": null, "broadcast": null, "netmask": null, "gateway_v6": null, "cidr": null, "label": "tempest-network-smoke--1625442655", "id": "e9395196-1e6b-495f-b0aa-0f71c6845d9a", "netmask_v6": null}, {"cidr_v6": null, "dns2": null, "dns1": null, "gateway": null, "broadcast": null, "netmask": null, "gateway_v6": null, "cidr": null, "label": "public", "id": "6725fb92-ca92-463f-82dc-52345f5fd048", "netmask_v6": null}]}
2015-12-08 14:40:22,854 27587 WARNING  [tempest.common.fixed_network] (TestGettingAddress:test_dhcp6_stateless_from_os) Network with name: private not found
2015-12-08 14:40:22,854 27587 INFO     [tempest.common.fixed_network] (TestGettingAddress:test_dhcp6_stateless_from_os) Found network {} available for tenant
2015-12-08 14:40:24,463 27587 INFO     [tempest_lib.common.rest_client] Request (TestGettingAddress:test_dhcp6_stateless_from_os): 202 POST http://10.0.2.15:8774/v2.1/a78db009a59c4674814ab3c9665aae04/servers 1.607s
2015-12-08 14:40:24,463 27587 DEBUG    [tempest_lib.common.rest_client] Request - Headers: {'Content-Type': 'application/json', 'Accept': 'application/json', 'X-Auth-Token': '&lt;omitted&gt;'}
        Body: {"server": {"name": "tempest.common.compute-instance-1801208317", "imageRef": "50fd0f26-ba3e-49df-923b-bf53f4a16c03", "key_name": "tempest-TestGettingAddress-1670844739", "flavorRef": "42", "networks": [{"uuid": "e9395196-1e6b-495f-b0aa-0f71c6845d9a"}], "security_groups": [{"name": "tempest-secgroup-smoke-489017580"}]}}
    Response - Headers: {'status': '202', 'content-length': '461', 'x-compute-request-id': 'req-0c741f83-763b-4b34-bd94-f2dd14f52861', 'vary': 'X-OpenStack-Nova-API-Version', 'connection': 'close', 'location': 'http://10.0.2.15:8774/v2.1/a78db009a59c4674814ab3c9665aae04/servers/9d0012c6-0d64-4dc8-bb93-c04d307c00b3', 'x-openstack-nova-api-version': '2.1', 'date': 'Tue, 08 Dec 2015 14:40:24 GMT', 'content-type': 'application/json'}
        Body: {"server": {"security_groups": [{"name": "tempest-secgroup-smoke-489017580"}], "OS-DCF:diskConfig": "MANUAL", "id": "9d0012c6-0d64-4dc8-bb93-c04d307c00b3", "links": [{"href": "http://10.0.2.15:8774/v2.1/a78db009a59c4674814ab3c9665aae04/servers/9d0012c6-0d64-4dc8-bb93-c04d307c00b3", "rel": "self"}, {"href": "http://10.0.2.15:8774/a78db009a59c4674814ab3c9665aae04/servers/9d0012c6-0d64-4dc8-bb93-c04d307c00b3", "rel": "bookmark"}], "adminPass": "w6Fj2XKjjFHS"}}
2015-12-08 14:40:24,608 27587 INFO     [tempest_lib.common.rest_client] Request (TestGettingAddress:test_dhcp6_stateless_from_os): 200 GET http://10.0.2.15:8774/v2.1/a78db009a59c4674814ab3c9665aae04/servers/9d0012c6-0d64-4dc8-bb93-c04d307c00b3 0.140s
2015-12-08 14:40:24,608 27587 DEBUG    [tempest_lib.common.rest_client] Request - Headers: {'Content-Type': 'application/json', 'Accept': 'application/json', 'X-Auth-Token': '&lt;omitted&gt;'}
        Body: None
    Response - Headers: {'status': '200', 'content-length': '1355', 'content-location': 'http://10.0.2.15:8774/v2.1/a78db009a59c4674814ab3c9665aae04/servers/9d0012c6-0d64-4dc8-bb93-c04d307c00b3', 'x-compute-request-id': 'req-0109331f-d2d2-4489-afe7-ebf1cd620760', 'vary': 'X-OpenStack-Nova-API-Version', 'connection': 'close', 'x-openstack-nova-api-version': '2.1', 'date': 'Tue, 08 Dec 2015 14:40:24 GMT', 'content-type': 'application/json'}
        Body: {"server": {"status": "BUILD", "updated": "2015-12-08T14:40:24Z", "hostId": "", "addresses": {}, "links": [{"href": "http://10.0.2.15:8774/v2.1/a78db009a59c4674814ab3c9665aae04/servers/9d0012c6-0d64-4dc8-bb93-c04d307c00b3", "rel": "self"}, {"href": "http://10.0.2.15:8774/a78db009a59c4674814ab3c9665aae04/servers/9d0012c6-0d64-4dc8-bb93-c04d307c00b3", "rel": "bookmark"}], "key_name": "tempest-TestGettingAddress-1670844739", "image": {"id": "50fd0f26-ba3e-49df-923b-bf53f4a16c03", "links": [{"href": "http://10.0.2.15:8774/a78db009a59c4674814ab3c9665aae04/images/50fd0f26-ba3e-49df-923b-bf53f4a16c03", "rel": "bookmark"}]}, "OS-EXT-STS:task_state": "scheduling", "OS-EXT-STS:vm_state": "building", "OS-SRV-USG:launched_at": null, "flavor": {"id": "42", "links": [{"href": "http://10.0.2.15:8774/a78db009a59c4674814ab3c9665aae04/flavors/42", "rel": "bookmark"}]}, "id": "9d0012c6-0d64-4dc8-bb93-c04d307c00b3", "OS-SRV-USG:terminated_at": null, "OS-EXT-AZ:availability_zone": "", "user_id": "73caae15b639434eb769e2518e2e84aa", "name": "tempest.common.compute-instance-1801208317", "created": "2015-12-08T14:40:24Z", "tenant_id": "a78db009a59c4674814ab3c9665aae04", "OS-DCF:diskConfig": "MANUAL", "os-extended-volumes:volumes_attached": [], "accessIPv4": "", "accessIPv6": "", "progress": 0, "OS-EXT-STS:power_state": 0, "config_drive": "", "metadata": {}}}
2015-12-08 14:40:25,902 27587 INFO     [tempest_lib.common.rest_client] Request (TestGettingAddress:test_dhcp6_stateless_from_os): 200 GET http://10.0.2.15:8774/v2.1/a78db009a59c4674814ab3c9665aae04/servers/9d0012c6-0d64-4dc8-bb93-c04d307c00b3 0.285s
2015-12-08 14:40:25,902 27587 DEBUG    [tempest_lib.common.rest_client] Request - Headers: {'Content-Type': 'application/json', 'Accept': 'application/json', 'X-Auth-Token': '&lt;omitted&gt;'}
        Body: None
    Response - Headers: {'status': '200', 'content-length': '1480', 'content-location': 'http://10.0.2.15:8774/v2.1/a78db009a59c4674814ab3c9665aae04/servers/9d0012c6-0d64-4dc8-bb93-c04d307c00b3', 'x-compute-request-id': 'req-b77da1b5-a81d-441b-b117-855fe91c0fb0', 'vary': 'X-OpenStack-Nova-API-Version', 'connection': 'close', 'x-openstack-nova-api-version': '2.1', 'date': 'Tue, 08 Dec 2015 14:40:25 GMT', 'content-type': 'application/json'}
        Body: {"server": {"status": "BUILD", "updated": "2015-12-08T14:40:25Z", "hostId": "56f1c6b0a03b17096fc4be48e174324e3e44cb4f228fd02f72e5ef46", "addresses": {}, "links": [{"href": "http://10.0.2.15:8774/v2.1/a78db009a59c4674814ab3c9665aae04/servers/9d0012c6-0d64-4dc8-bb93-c04d307c00b3", "rel": "self"}, {"href": "http://10.0.2.15:8774/a78db009a59c4674814ab3c9665aae04/servers/9d0012c6-0d64-4dc8-bb93-c04d307c00b3", "rel": "bookmark"}], "key_name": "tempest-TestGettingAddress-1670844739", "image": {"id": "50fd0f26-ba3e-49df-923b-bf53f4a16c03", "links": [{"href": "http://10.0.2.15:8774/a78db009a59c4674814ab3c9665aae04/images/50fd0f26-ba3e-49df-923b-bf53f4a16c03", "rel": "bookmark"}]}, "OS-EXT-STS:task_state": "spawning", "OS-EXT-STS:vm_state": "building", "OS-SRV-USG:launched_at": null, "flavor": {"id": "42", "links": [{"href": "http://10.0.2.15:8774/a78db009a59c4674814ab3c9665aae04/flavors/42", "rel": "bookmark"}]}, "id": "9d0012c6-0d64-4dc8-bb93-c04d307c00b3", "security_groups": [{"name": "tempest-secgroup-smoke-489017580"}], "OS-SRV-USG:terminated_at": null, "OS-EXT-AZ:availability_zone": "nova", "user_id": "73caae15b639434eb769e2518e2e84aa", "name": "tempest.common.compute-instance-1801208317", "created": "2015-12-08T14:40:24Z", "tenant_id": "a78db009a59c4674814ab3c9665aae04", "OS-DCF:diskConfig": "MANUAL", "os-extended-volumes:volumes_attached": [], "accessIPv4": "", "accessIPv6": "", "progress": 0, "OS-EXT-STS:power_state": 0, "config_drive": "", "metadata": {}}}
2015-12-08 14:40:25,910 27587 INFO     [tempest.common.waiters] State transition "BUILD/scheduling" ==&gt; "BUILD/spawning" after 1 second wait
2015-12-08 14:40:27,139 27587 INFO     [tempest_lib.common.rest_client] Request (TestGettingAddress:test_dhcp6_stateless_from_os): 200 GET http://10.0.2.15:8774/v2.1/a78db009a59c4674814ab3c9665aae04/servers/9d0012c6-0d64-4dc8-bb93-c04d307c00b3 0.227s
2015-12-08 14:40:27,139 27587 DEBUG    [tempest_lib.common.rest_client] Request - Headers: {'Content-Type': 'application/json', 'Accept': 'application/json', 'X-Auth-Token': '&lt;omitted&gt;'}
        Body: None
    Response - Headers: {'status': '200', 'content-length': '1480', 'content-location': 'http://10.0.2.15:8774/v2.1/a78db009a59c4674814ab3c9665aae04/servers/9d0012c6-0d64-4dc8-bb93-c04d307c00b3', 'x-compute-request-id': 'req-f4846595-3fb6-4f77-b7a2-f27011cf0c96', 'vary': 'X-OpenStack-Nova-API-Version', 'connection': 'close', 'x-openstack-nova-api-version': '2.1', 'date': 'Tue, 08 Dec 2015 14:40:27 GMT', 'content-type': 'application/json'}
        Body: {"server": {"status": "BUILD", "updated": "2015-12-08T14:40:25Z", "hostId": "56f1c6b0a03b17096fc4be48e174324e3e44cb4f228fd02f72e5ef46", "addresses": {}, "links": [{"href": "http://10.0.2.15:8774/v2.1/a78db009a59c4674814ab3c9665aae04/servers/9d0012c6-0d64-4dc8-bb93-c04d307c00b3", "rel": "self"}, {"href": "http://10.0.2.15:8774/a78db009a59c4674814ab3c9665aae04/servers/9d0012c6-0d64-4dc8-bb93-c04d307c00b3", "rel": "bookmark"}], "key_name": "tempest-TestGettingAddress-1670844739", "image": {"id": "50fd0f26-ba3e-49df-923b-bf53f4a16c03", "links": [{"href": "http://10.0.2.15:8774/a78db009a59c4674814ab3c9665aae04/images/50fd0f26-ba3e-49df-923b-bf53f4a16c03", "rel": "bookmark"}]}, "OS-EXT-STS:task_state": "spawning", "OS-EXT-STS:vm_state": "building", "OS-SRV-USG:launched_at": null, "flavor": {"id": "42", "links": [{"href": "http://10.0.2.15:8774/a78db009a59c4674814ab3c9665aae04/flavors/42", "rel": "bookmark"}]}, "id": "9d0012c6-0d64-4dc8-bb93-c04d307c00b3", "security_groups": [{"name": "tempest-secgroup-smoke-489017580"}], "OS-SRV-USG:terminated_at": null, "OS-EXT-AZ:availability_zone": "nova", "user_id": "73caae15b639434eb769e2518e2e84aa", "name": "tempest.common.compute-instance-1801208317", "created": "2015-12-08T14:40:24Z", "tenant_id": "a78db009a59c4674814ab3c9665aae04", "OS-DCF:diskConfig": "MANUAL", "os-extended-volumes:volumes_attached": [], "accessIPv4": "", "accessIPv6": "", "progress": 0, "OS-EXT-STS:power_state": 0, "config_drive": "", "metadata": {}}}
2015-12-08 14:40:28,379 27587 INFO     [tempest_lib.common.rest_client] Request (TestGettingAddress:test_dhcp6_stateless_from_os): 200 GET http://10.0.2.15:8774/v2.1/a78db009a59c4674814ab3c9665aae04/servers/9d0012c6-0d64-4dc8-bb93-c04d307c00b3 0.230s
2015-12-08 14:40:28,379 27587 DEBUG    [tempest_lib.common.rest_client] Request - Headers: {'Content-Type': 'application/json', 'Accept': 'application/json', 'X-Auth-Token': '&lt;omitted&gt;'}
        Body: None
    Response - Headers: {'status': '200', 'content-length': '1781', 'content-location': 'http://10.0.2.15:8774/v2.1/a78db009a59c4674814ab3c9665aae04/servers/9d0012c6-0d64-4dc8-bb93-c04d307c00b3', 'x-compute-request-id': 'req-12b3cb1d-3b26-4274-97aa-5ea70799816e', 'vary': 'X-OpenStack-Nova-API-Version', 'connection': 'close', 'x-openstack-nova-api-version': '2.1', 'date': 'Tue, 08 Dec 2015 14:40:28 GMT', 'content-type': 'application/json'}
        Body: {"server": {"status": "ACTIVE", "updated": "2015-12-08T14:40:27Z", "hostId": "56f1c6b0a03b17096fc4be48e174324e3e44cb4f228fd02f72e5ef46", "addresses": {"tempest-network-smoke--1625442655": [{"OS-EXT-IPS-MAC:mac_addr": "fa:16:3e:a6:e4:2f", "version": 6, "addr": "2003::f816:3eff:fea6:e42f", "OS-EXT-IPS:type": "fixed"}, {"OS-EXT-IPS-MAC:mac_addr": "fa:16:3e:a6:e4:2f", "version": 4, "addr": "10.100.0.3", "OS-EXT-IPS:type": "fixed"}]}, "links": [{"href": "http://10.0.2.15:8774/v2.1/a78db009a59c4674814ab3c9665aae04/servers/9d0012c6-0d64-4dc8-bb93-c04d307c00b3", "rel": "self"}, {"href": "http://10.0.2.15:8774/a78db009a59c4674814ab3c9665aae04/servers/9d0012c6-0d64-4dc8-bb93-c04d307c00b3", "rel": "bookmark"}], "key_name": "tempest-TestGettingAddress-1670844739", "image": {"id": "50fd0f26-ba3e-49df-923b-bf53f4a16c03", "links": [{"href": "http://10.0.2.15:8774/a78db009a59c4674814ab3c9665aae04/images/50fd0f26-ba3e-49df-923b-bf53f4a16c03", "rel": "bookmark"}]}, "OS-EXT-STS:task_state": null, "OS-EXT-STS:vm_state": "active", "OS-SRV-USG:launched_at": "2015-12-08T14:40:27.000000", "flavor": {"id": "42", "links": [{"href": "http://10.0.2.15:8774/a78db009a59c4674814ab3c9665aae04/flavors/42", "rel": "bookmark"}]}, "id": "9d0012c6-0d64-4dc8-bb93-c04d307c00b3", "security_groups": [{"name": "tempest-secgroup-smoke-489017580"}], "OS-SRV-USG:terminated_at": null, "OS-EXT-AZ:availability_zone": "nova", "user_id": "73caae15b639434eb769e2518e2e84aa", "name": "tempest.common.compute-instance-1801208317", "created": "2015-12-08T14:40:24Z", "tenant_id": "a78db009a59c4674814ab3c9665aae04", "OS-DCF:diskConfig": "MANUAL", "os-extended-volumes:volumes_attached": [], "accessIPv4": "", "accessIPv6": "", "progress": 0, "OS-EXT-STS:power_state": 1, "config_drive": "True", "metadata": {}}}
2015-12-08 14:40:28,388 27587 INFO     [tempest.common.waiters] State transition "BUILD/spawning" ==&gt; "ACTIVE/None" after 4 second wait
2015-12-08 14:40:28,584 27587 INFO     [tempest_lib.common.rest_client] Request (TestGettingAddress:test_dhcp6_stateless_from_os): 200 GET http://10.0.2.15:8774/v2.1/a78db009a59c4674814ab3c9665aae04/servers/9d0012c6-0d64-4dc8-bb93-c04d307c00b3 0.196s
2015-12-08 14:40:28,585 27587 DEBUG    [tempest_lib.common.rest_client] Request - Headers: {'Content-Type': 'application/json', 'Accept': 'application/json', 'X-Auth-Token': '&lt;omitted&gt;'}
        Body: None
    Response - Headers: {'status': '200', 'content-length': '1781', 'content-location': 'http://10.0.2.15:8774/v2.1/a78db009a59c4674814ab3c9665aae04/servers/9d0012c6-0d64-4dc8-bb93-c04d307c00b3', 'x-compute-request-id': 'req-c10fbd34-8dad-4e0e-bd08-f8da85cbf110', 'vary': 'X-OpenStack-Nova-API-Version', 'connection': 'close', 'x-openstack-nova-api-version': '2.1', 'date': 'Tue, 08 Dec 2015 14:40:28 GMT', 'content-type': 'application/json'}
        Body: {"server": {"status": "ACTIVE", "updated": "2015-12-08T14:40:27Z", "hostId": "56f1c6b0a03b17096fc4be48e174324e3e44cb4f228fd02f72e5ef46", "addresses": {"tempest-network-smoke--1625442655": [{"OS-EXT-IPS-MAC:mac_addr": "fa:16:3e:a6:e4:2f", "version": 6, "addr": "2003::f816:3eff:fea6:e42f", "OS-EXT-IPS:type": "fixed"}, {"OS-EXT-IPS-MAC:mac_addr": "fa:16:3e:a6:e4:2f", "version": 4, "addr": "10.100.0.3", "OS-EXT-IPS:type": "fixed"}]}, "links": [{"href": "http://10.0.2.15:8774/v2.1/a78db009a59c4674814ab3c9665aae04/servers/9d0012c6-0d64-4dc8-bb93-c04d307c00b3", "rel": "self"}, {"href": "http://10.0.2.15:8774/a78db009a59c4674814ab3c9665aae04/servers/9d0012c6-0d64-4dc8-bb93-c04d307c00b3", "rel": "bookmark"}], "key_name": "tempest-TestGettingAddress-1670844739", "image": {"id": "50fd0f26-ba3e-49df-923b-bf53f4a16c03", "links": [{"href": "http://10.0.2.15:8774/a78db009a59c4674814ab3c9665aae04/images/50fd0f26-ba3e-49df-923b-bf53f4a16c03", "rel": "bookmark"}]}, "OS-EXT-STS:task_state": null, "OS-EXT-STS:vm_state": "active", "OS-SRV-USG:launched_at": "2015-12-08T14:40:27.000000", "flavor": {"id": "42", "links": [{"href": "http://10.0.2.15:8774/a78db009a59c4674814ab3c9665aae04/flavors/42", "rel": "bookmark"}]}, "id": "9d0012c6-0d64-4dc8-bb93-c04d307c00b3", "security_groups": [{"name": "tempest-secgroup-smoke-489017580"}], "OS-SRV-USG:terminated_at": null, "OS-EXT-AZ:availability_zone": "nova", "user_id": "73caae15b639434eb769e2518e2e84aa", "name": "tempest.common.compute-instance-1801208317", "created": "2015-12-08T14:40:24Z", "tenant_id": "a78db009a59c4674814ab3c9665aae04", "OS-DCF:diskConfig": "MANUAL", "os-extended-volumes:volumes_attached": [], "accessIPv4": "", "accessIPv6": "", "progress": 0, "OS-EXT-STS:power_state": 1, "config_drive": "True", "metadata": {}}}
2015-12-08 14:40:28,624 27587 INFO     [tempest_lib.common.rest_client] Request (TestGettingAddress:test_dhcp6_stateless_from_os): 200 GET http://10.0.2.15:9696/v2.0/ports?status=ACTIVE&amp;fixed_ip=None&amp;device_id=9d0012c6-0d64-4dc8-bb93-c04d307c00b3 0.030s
2015-12-08 14:40:28,624 27587 DEBUG    [tempest_lib.common.rest_client] Request - Headers: {'Content-Type': 'application/json', 'Accept': 'application/json', 'X-Auth-Token': '&lt;omitted&gt;'}
        Body: None
    Response - Headers: {'status': '200', 'content-length': '1142', 'content-location': 'http://10.0.2.15:9696/v2.0/ports?status=ACTIVE&amp;fixed_ip=None&amp;device_id=9d0012c6-0d64-4dc8-bb93-c04d307c00b3', 'connection': 'close', 'date': 'Tue, 08 Dec 2015 14:40:28 GMT', 'content-type': 'application/json; charset=UTF-8', 'x-openstack-request-id': 'req-28eb5070-107d-4259-a7d3-b85e9dc0cf2b'}
        Body: {"ports": [{"status": "ACTIVE", "binding:host_id": "vagrant-ubuntu-trusty-64", "allowed_address_pairs": [], "extra_dhcp_opts": [], "dns_assignment": [{"hostname": "host-10-100-0-3", "ip_address": "10.100.0.3", "fqdn": "host-10-100-0-3.openstacklocal."}, {"hostname": "host-2003--f816-3eff-fea6-e42f", "ip_address": "2003::f816:3eff:fea6:e42f", "fqdn": "host-2003--f816-3eff-fea6-e42f.openstacklocal."}], "device_owner": "compute:None", "port_security_enabled": true, "binding:profile": {}, "fixed_ips": [{"subnet_id": "ab9fff2d-ed28-4cce-9b71-b5fd75c67ef2", "ip_address": "10.100.0.3"}, {"subnet_id": "98c9748e-3927-47b9-92ca-bab9cb2a6393", "ip_address": "2003::f816:3eff:fea6:e42f"}], "id": "a3ff8867-eed4-4a0c-b3dd-473e237a1556", "security_groups": ["a623bd58-7172-4668-a9a5-5d5305799c87"], "device_id": "9d0012c6-0d64-4dc8-bb93-c04d307c00b3", "name": "", "admin_state_up": true, "network_id": "e9395196-1e6b-495f-b0aa-0f71c6845d9a", "dns_name": "", "binding:vif_details": {"port_filter": true}, "binding:vnic_type": "normal", "binding:vif_type": "ovs", "tenant_id": "a78db009a59c4674814ab3c9665aae04", "mac_address": "fa:16:3e:a6:e4:2f"}]}
2015-12-08 14:40:29,143 27587 INFO     [tempest_lib.common.rest_client] Request (TestGettingAddress:test_dhcp6_stateless_from_os): 201 POST http://10.0.2.15:9696/v2.0/floatingips 0.518s
2015-12-08 14:40:29,143 27587 DEBUG    [tempest_lib.common.rest_client] Request - Headers: {'Content-Type': 'application/json', 'Accept': 'application/json', 'X-Auth-Token': '&lt;omitted&gt;'}
        Body: {"floatingip": {"floating_network_id": "6725fb92-ca92-463f-82dc-52345f5fd048", "tenant_id": "a78db009a59c4674814ab3c9665aae04", "fixed_ip_address": "10.100.0.3", "port_id": "a3ff8867-eed4-4a0c-b3dd-473e237a1556"}}
    Response - Headers: {'status': '201', 'content-length': '367', 'connection': 'close', 'date': 'Tue, 08 Dec 2015 14:40:29 GMT', 'content-type': 'application/json; charset=UTF-8', 'x-openstack-request-id': 'req-367db4e5-0214-4f7b-8da6-94cf64805a70'}
        Body: {"floatingip": {"floating_network_id": "6725fb92-ca92-463f-82dc-52345f5fd048", "router_id": "eb98a663-ebda-45fe-9400-2006d82252be", "fixed_ip_address": "10.100.0.3", "floating_ip_address": "172.24.4.4", "tenant_id": "a78db009a59c4674814ab3c9665aae04", "status": "DOWN", "port_id": "a3ff8867-eed4-4a0c-b3dd-473e237a1556", "id": "4835c8bf-98ed-4e13-8167-e49dfc557a69"}}
2015-12-08 14:40:29,144 27587 INFO     [tempest_lib.common.ssh] Creating ssh connection to '172.24.4.4' as 'cirros' with public key authentication
2015-12-08 14:40:32,762 27587 WARNING  [tempest_lib.common.ssh] Failed to establish authenticated ssh connection to cirros@172.24.4.4 ([Errno None] Unable to connect to port 22 on  or 172.24.4.4). Number attempts: 1. Retry after 2 seconds.
2015-12-08 14:40:38,265 27587 WARNING  [tempest_lib.common.ssh] Failed to establish authenticated ssh connection to cirros@172.24.4.4 ([Errno None] Unable to connect to port 22 on  or 172.24.4.4). Number attempts: 2. Retry after 3 seconds.
2015-12-08 14:40:44,769 27587 WARNING  [tempest_lib.common.ssh] Failed to establish authenticated ssh connection to cirros@172.24.4.4 ([Errno None] Unable to connect to port 22 on  or 172.24.4.4). Number attempts: 3. Retry after 4 seconds.
2015-12-08 14:40:52,275 27587 WARNING  [tempest_lib.common.ssh] Failed to establish authenticated ssh connection to cirros@172.24.4.4 ([Errno None] Unable to connect to port 22 on  or 172.24.4.4). Number attempts: 4. Retry after 5 seconds.
2015-12-08 14:41:00,782 27587 WARNING  [tempest_lib.common.ssh] Failed to establish authenticated ssh connection to cirros@172.24.4.4 ([Errno None] Unable to connect to port 22 on  or 172.24.4.4). Number attempts: 5. Retry after 6 seconds.
2015-12-08 14:41:10,286 27587 WARNING  [tempest_lib.common.ssh] Failed to establish authenticated ssh connection to cirros@172.24.4.4 ([Errno None] Unable to connect to port 22 on  or 172.24.4.4). Number attempts: 6. Retry after 7 seconds.
2015-12-08 14:41:20,794 27587 WARNING  [tempest_lib.common.ssh] Failed to establish authenticated ssh connection to cirros@172.24.4.4 ([Errno None] Unable to connect to port 22 on  or 172.24.4.4). Number attempts: 7. Retry after 8 seconds.
2015-12-08 14:41:32,306 27587 WARNING  [tempest_lib.common.ssh] Failed to establish authenticated ssh connection to cirros@172.24.4.4 ([Errno None] Unable to connect to port 22 on  or 172.24.4.4). Number attempts: 8. Retry after 9 seconds.
2015-12-08 14:41:44,818 27587 WARNING  [tempest_lib.common.ssh] Failed to establish authenticated ssh connection to cirros@172.24.4.4 ([Errno None] Unable to connect to port 22 on  or 172.24.4.4). Number attempts: 9. Retry after 10 seconds.
2015-12-08 14:41:58,331 27587 WARNING  [tempest_lib.common.ssh] Failed to establish authenticated ssh connection to cirros@172.24.4.4 ([Errno None] Unable to connect to port 22 on  or 172.24.4.4). Number attempts: 10. Retry after 11 seconds.
2015-12-08 14:42:12,838 27587 WARNING  [tempest_lib.common.ssh] Failed to establish authenticated ssh connection to cirros@172.24.4.4 ([Errno None] Unable to connect to port 22 on  or 172.24.4.4). Number attempts: 11. Retry after 12 seconds.
2015-12-08 14:42:28,349 27587 WARNING  [tempest_lib.common.ssh] Failed to establish authenticated ssh connection to cirros@172.24.4.4 ([Errno None] Unable to connect to port 22 on  or 172.24.4.4). Number attempts: 12. Retry after 13 seconds.
2015-12-08 14:42:44,857 27587 WARNING  [tempest_lib.common.ssh] Failed to establish authenticated ssh connection to cirros@172.24.4.4 ([Errno None] Unable to connect to port 22 on  or 172.24.4.4). Number attempts: 13. Retry after 14 seconds.
2015-12-08 14:43:02,369 27587 WARNING  [tempest_lib.common.ssh] Failed to establish authenticated ssh connection to cirros@172.24.4.4 ([Errno None] Unable to connect to port 22 on  or 172.24.4.4). Number attempts: 14. Retry after 15 seconds.
2015-12-08 14:43:20,886 27587 WARNING  [tempest_lib.common.ssh] Failed to establish authenticated ssh connection to cirros@172.24.4.4 ([Errno None] Unable to connect to port 22 on  or 172.24.4.4). Number attempts: 15. Retry after 16 seconds.
2015-12-08 14:43:40,401 27587 WARNING  [tempest_lib.common.ssh] Failed to establish authenticated ssh connection to cirros@172.24.4.4 ([Errno None] Unable to connect to port 22 on  or 172.24.4.4). Number attempts: 16. Retry after 17 seconds.
2015-12-08 14:44:00,914 27587 ERROR    [tempest_lib.common.ssh] Failed to establish authenticated ssh connection to cirros@172.24.4.4 after 16 attempts
2015-12-08 14:44:00.914 27587 ERROR tempest_lib.common.ssh Traceback (most recent call last):
2015-12-08 14:44:00.914 27587 ERROR tempest_lib.common.ssh   File "/usr/local/lib/python2.7/dist-packages/tempest_lib/common/ssh.py", line 75, in _get_ssh_connection
2015-12-08 14:44:00.914 27587 ERROR tempest_lib.common.ssh     timeout=self.channel_timeout, pkey=self.pkey)
2015-12-08 14:44:00.914 27587 ERROR tempest_lib.common.ssh   File "/usr/local/lib/python2.7/dist-packages/paramiko/client.py", line 311, in connect
2015-12-08 14:44:00.914 27587 ERROR tempest_lib.common.ssh     raise NoValidConnectionsError(errors)
2015-12-08 14:44:00.914 27587 ERROR tempest_lib.common.ssh NoValidConnectionsError: [Errno None] Unable to connect to port 22 on  or 172.24.4.4
2015-12-08 14:44:00.914 27587 ERROR tempest_lib.common.ssh 
2015-12-08 14:44:00,917 27587 ERROR    [tempest.scenario.manager] (TestGettingAddress:test_dhcp6_stateless_from_os) Initializing SSH connection to 172.24.4.4 failed. Error: Connection to the 172.24.4.4 via SSH timed out.
User: cirros, Password: None
2015-12-08 14:44:00.917 27587 ERROR tempest.scenario.manager Traceback (most recent call last):
2015-12-08 14:44:00.917 27587 ERROR tempest.scenario.manager   File "tempest/scenario/manager.py", line 383, in get_remote_client
2015-12-08 14:44:00.917 27587 ERROR tempest.scenario.manager     linux_client.validate_authentication()
2015-12-08 14:44:00.917 27587 ERROR tempest.scenario.manager   File "tempest/common/utils/linux/remote_client.py", line 63, in validate_authentication
2015-12-08 14:44:00.917 27587 ERROR tempest.scenario.manager     self.ssh_client.test_connection_auth()
2015-12-08 14:44:00.917 27587 ERROR tempest.scenario.manager   File "/usr/local/lib/python2.7/dist-packages/tempest_lib/common/ssh.py", line 167, in test_connection_auth
2015-12-08 14:44:00.917 27587 ERROR tempest.scenario.manager     connection = self._get_ssh_connection()
2015-12-08 14:44:00.917 27587 ERROR tempest.scenario.manager   File "/usr/local/lib/python2.7/dist-packages/tempest_lib/common/ssh.py", line 87, in _get_ssh_connection
2015-12-08 14:44:00.917 27587 ERROR tempest.scenario.manager     password=self.password)
2015-12-08 14:44:00.917 27587 ERROR tempest.scenario.manager SSHTimeout: Connection to the 172.24.4.4 via SSH timed out.
2015-12-08 14:44:00.917 27587 ERROR tempest.scenario.manager User: cirros, Password: None
2015-12-08 14:44:00.917 27587 ERROR tempest.scenario.manager 
2015-12-08 14:44:01,003 27587 INFO     [tempest_lib.common.rest_client] Request (TestGettingAddress:test_dhcp6_stateless_from_os): 200 GET http://10.0.2.15:8774/v2.1/a78db009a59c4674814ab3c9665aae04/servers 0.084s
2015-12-08 14:44:01,004 27587 DEBUG    [tempest_lib.common.rest_client] Request - Headers: {'Content-Type': 'application/json', 'Accept': 'application/json', 'X-Auth-Token': '&lt;omitted&gt;'}
        Body: None
    Response - Headers: {'status': '200', 'content-length': '391', 'content-location': 'http://10.0.2.15:8774/v2.1/a78db009a59c4674814ab3c9665aae04/servers', 'x-compute-request-id': 'req-18c09bec-8c00-48cd-9aa6-e07c2f17314a', 'vary': 'X-OpenStack-Nova-API-Version', 'connection': 'close', 'x-openstack-nova-api-version': '2.1', 'date': 'Tue, 08 Dec 2015 14:44:01 GMT', 'content-type': 'application/json'}
        Body: {"servers": [{"id": "9d0012c6-0d64-4dc8-bb93-c04d307c00b3", "links": [{"href": "http://10.0.2.15:8774/v2.1/a78db009a59c4674814ab3c9665aae04/servers/9d0012c6-0d64-4dc8-bb93-c04d307c00b3", "rel": "self"}, {"href": "http://10.0.2.15:8774/a78db009a59c4674814ab3c9665aae04/servers/9d0012c6-0d64-4dc8-bb93-c04d307c00b3", "rel": "bookmark"}], "name": "tempest.common.compute-instance-1801208317"}]}
2015-12-08 14:44:01,223 27587 INFO     [tempest_lib.common.rest_client] Request (TestGettingAddress:test_dhcp6_stateless_from_os): 200 POST http://10.0.2.15:8774/v2.1/a78db009a59c4674814ab3c9665aae04/servers/9d0012c6-0d64-4dc8-bb93-c04d307c00b3/action 0.213s
2015-12-08 14:44:01,224 27587 DEBUG    [tempest_lib.common.rest_client] Request - Headers: {'Content-Type': 'application/json', 'Accept': 'application/json', 'X-Auth-Token': '&lt;omitted&gt;'}
        Body: {"os-getConsoleOutput": {}}
    Response - Headers: {'status': '200', 'content-length': '24671', 'x-compute-request-id': 'req-5e80c4aa-dc6e-4fbb-8e37-4be39374890e', 'vary': 'X-OpenStack-Nova-API-Version', 'connection': 'close', 'x-openstack-nova-api-version': '2.1', 'date': 'Tue, 08 Dec 2015 14:44:01 GMT', 'content-type': 'application/json'}
        Body: {"output": "[    0.000000] Initializing cgroup subsys cpuset\n[    0.000000] Initializing cgroup subsys cpu\n[    0.000000] Linux version 3.2.0-80-virtual (buildd@batsu) (gcc version 4.6.3 (Ubuntu/Linaro 4.6.3-1ubuntu5) ) #116-Ubuntu SMP Mon Mar 23 17:28:52 UTC 2015 (Ubuntu 3.2.0-80.116-virtual 3.2.68)\n[    0.000000] Command line: root=/dev/vda console=tty0 console=ttyS0 no_timer_check\n[    0.000000] KERNEL supported cpus:\n[    0.000000]   Intel GenuineIntel\n[    0.000000]   AMD AuthenticAMD\n[    0.000000]   Centaur CentaurHauls\n[    0.000000] BIOS-provided physical RAM map:\n[    0.000000]  BIOS-e820: 0000000000000000 - 000000000009fc00 (usable)\n[    0.000000]  BIOS-e820: 000000000009fc00 - 00000000000a0000 (reserved)\n[    0.000000]  BIOS-e820: 00000000000f0000 - 0000000000100000 (reserved)\n[    0.000000]  BIOS-e820: 0000000000100000 - 0000000003ffe000 (usable)\n[    0.000000]  BIOS-e820: 0000000003ffe000 - 0000000004000000 (reserved)\n[    0.000000]  BIOS-e820: 00000000fffc0000 - 0000000100000000 (reserved)\n[    0.000000] NX (Execute Disable) protection: active\n[    0.000000] SMBIOS 2.4 present.\n[    0.000000] No AGP bridge found\n[    0.000000] last_pfn = 0x3ffe max_arch_pfn = 0x400000000\n[    0.000000] x86 PAT enabled: cpu 0, old 0x7040600070406, new 0x7010600070106\n[    0.000000] found SMP MP-table at [ffff8800000f0b00] f0b00\n[    0.000000] init_memory_mapping: 0000000000000000-0000000003ffe000\n[    0.000000] RAMDISK: 03c5e000 - 03ff0000\n[    0.000000] ACPI: RSDP 00000000000f0950 00014 (v00 BOCHS )\n[    0.000000] ACPI: RSDT 0000000003fffbc1 00034 (v01 BOCHS  BXPCRSDT 00000001 BXPC 00000001)\n[    0.000000] ACPI: FACP 0000000003fff1c0 00074 (v01 BOCHS  BXPCFACP 00000001 BXPC 00000001)\n[    0.000000] ACPI: DSDT 0000000003ffe040 01180 (v01 BOCHS  BXPCDSDT 00000001 BXPC 00000001)\n[    0.000000] ACPI: FACS 0000000003ffe000 00040\n[    0.000000] ACPI: SSDT 0000000003fff234 008DD (v01 BOCHS  BXPCSSDT 00000001 BXPC 00000001)\n[    0.000000] ACPI: APIC 0000000003fffb11 00078 (v01 BOCHS  BXPCAPIC 00000001 BXPC 00000001)\n[    0.000000] ACPI: HPET 0000000003fffb89 00038 (v01 BOCHS  BXPCHPET 00000001 BXPC 00000001)\n[    0.000000] No NUMA configuration found\n[    0.000000] Faking a node at 0000000000000000-0000000003ffe000\n[    0.000000] Initmem setup node 0 0000000000000000-0000000003ffe000\n[    0.000000]   NODE_DATA [0000000003ff6000 - 0000000003ffafff]\n[    0.000000] Zone PFN ranges:\n[    0.000000]   DMA      0x00000010 -&gt; 0x00001000\n[    0.000000]   DMA32    0x00001000 -&gt; 0x00100000\n[    0.000000]   Normal   empty\n[    0.000000] Movable zone start PFN for each node\n[    0.000000] early_node_map[2] active PFN ranges\n[    0.000000]     0: 0x00000010 -&gt; 0x0000009f\n[    0.000000]     0: 0x00000100 -&gt; 0x00003ffe\n[    0.000000] ACPI: PM-Timer IO Port: 0xb008\n[    0.000000] ACPI: LAPIC (acpi_id[0x00] lapic_id[0x00] enabled)\n[    0.000000] ACPI: LAPIC_NMI (acpi_id[0xff] dfl dfl lint[0x1])\n[    0.000000] ACPI: IOAPIC (id[0x00] address[0xfec00000] gsi_base[0])\n[    0.000000] IOAPIC[0]: apic_id 0, version 17, address 0xfec00000, GSI 0-23\n[    0.000000] ACPI: INT_SRC_OVR (bus 0 bus_irq 0 global_irq 2 dfl dfl)\n[    0.000000] ACPI: INT_SRC_OVR (bus 0 bus_irq 5 global_irq 5 high level)\n[    0.000000] ACPI: INT_SRC_OVR (bus 0 bus_irq 9 global_irq 9 high level)\n[    0.000000] ACPI: INT_SRC_OVR (bus 0 bus_irq 10 global_irq 10 high level)\n[    0.000000] ACPI: INT_SRC_OVR (bus 0 bus_irq 11 global_irq 11 high level)\n[    0.000000] Using ACPI (MADT) for SMP configuration information\n[    0.000000] ACPI: HPET id: 0x8086a201 base: 0xfed00000\n[    0.000000] SMP: Allowing 1 CPUs, 0 hotplug CPUs\n[    0.000000] PM: Registered nosave memory: 000000000009f000 - 00000000000a0000\n[    0.000000] PM: Registered nosave memory: 00000000000a0000 - 00000000000f0000\n[    0.000000] PM: Registered nosave memory: 00000000000f0000 - 0000000000100000\n[    0.000000] Allocating PCI resources starting at 4000000 (gap: 4000000:fbfc0000)\n[    0.000000] Booting paravirtualized kernel on bare hardware\n[    0.000000] setup_pe
2015-12-08 14:44:01,228 27587 DEBUG    [tempest.scenario.manager] Console output for 9d0012c6-0d64-4dc8-bb93-c04d307c00b3
body=
[    0.000000] Initializing cgroup subsys cpuset
[    0.000000] Initializing cgroup subsys cpu
[    0.000000] Linux version 3.2.0-80-virtual (buildd@batsu) (gcc version 4.6.3 (Ubuntu/Linaro 4.6.3-1ubuntu5) ) #116-Ubuntu SMP Mon Mar 23 17:28:52 UTC 2015 (Ubuntu 3.2.0-80.116-virtual 3.2.68)
[    0.000000] Command line: root=/dev/vda console=tty0 console=ttyS0 no_timer_check
[    0.000000] KERNEL supported cpus:
[    0.000000]   Intel GenuineIntel
[    0.000000]   AMD AuthenticAMD
[    0.000000]   Centaur CentaurHauls
[    0.000000] BIOS-provided physical RAM map:
[    0.000000]  BIOS-e820: 0000000000000000 - 000000000009fc00 (usable)
[    0.000000]  BIOS-e820: 000000000009fc00 - 00000000000a0000 (reserved)
[    0.000000]  BIOS-e820: 00000000000f0000 - 0000000000100000 (reserved)
[    0.000000]  BIOS-e820: 0000000000100000 - 0000000003ffe000 (usable)
[    0.000000]  BIOS-e820: 0000000003ffe000 - 0000000004000000 (reserved)
[    0.000000]  BIOS-e820: 00000000fffc0000 - 0000000100000000 (reserved)
[    0.000000] NX (Execute Disable) protection: active
[    0.000000] SMBIOS 2.4 present.
[    0.000000] No AGP bridge found
[    0.000000] last_pfn = 0x3ffe max_arch_pfn = 0x400000000
[    0.000000] x86 PAT enabled: cpu 0, old 0x7040600070406, new 0x7010600070106
[    0.000000] found SMP MP-table at [ffff8800000f0b00] f0b00
[    0.000000] init_memory_mapping: 0000000000000000-0000000003ffe000
[    0.000000] RAMDISK: 03c5e000 - 03ff0000
[    0.000000] ACPI: RSDP 00000000000f0950 00014 (v00 BOCHS )
[    0.000000] ACPI: RSDT 0000000003fffbc1 00034 (v01 BOCHS  BXPCRSDT 00000001 BXPC 00000001)
[    0.000000] ACPI: FACP 0000000003fff1c0 00074 (v01 BOCHS  BXPCFACP 00000001 BXPC 00000001)
[    0.000000] ACPI: DSDT 0000000003ffe040 01180 (v01 BOCHS  BXPCDSDT 00000001 BXPC 00000001)
[    0.000000] ACPI: FACS 0000000003ffe000 00040
[    0.000000] ACPI: SSDT 0000000003fff234 008DD (v01 BOCHS  BXPCSSDT 00000001 BXPC 00000001)
[    0.000000] ACPI: APIC 0000000003fffb11 00078 (v01 BOCHS  BXPCAPIC 00000001 BXPC 00000001)
[    0.000000] ACPI: HPET 0000000003fffb89 00038 (v01 BOCHS  BXPCHPET 00000001 BXPC 00000001)
[    0.000000] No NUMA configuration found
[    0.000000] Faking a node at 0000000000000000-0000000003ffe000
[    0.000000] Initmem setup node 0 0000000000000000-0000000003ffe000
[    0.000000]   NODE_DATA [0000000003ff6000 - 0000000003ffafff]
[    0.000000] Zone PFN ranges:
[    0.000000]   DMA      0x00000010 -&gt; 0x00001000
[    0.000000]   DMA32    0x00001000 -&gt; 0x00100000
[    0.000000]   Normal   empty
[    0.000000] Movable zone start PFN for each node
[    0.000000] early_node_map[2] active PFN ranges
[    0.000000]     0: 0x00000010 -&gt; 0x0000009f
[    0.000000]     0: 0x00000100 -&gt; 0x00003ffe
[    0.000000] ACPI: PM-Timer IO Port: 0xb008
[    0.000000] ACPI: LAPIC (acpi_id[0x00] lapic_id[0x00] enabled)
[    0.000000] ACPI: LAPIC_NMI (acpi_id[0xff] dfl dfl lint[0x1])
[    0.000000] ACPI: IOAPIC (id[0x00] address[0xfec00000] gsi_base[0])
[    0.000000] IOAPIC[0]: apic_id 0, version 17, address 0xfec00000, GSI 0-23
[    0.000000] ACPI: INT_SRC_OVR (bus 0 bus_irq 0 global_irq 2 dfl dfl)
[    0.000000] ACPI: INT_SRC_OVR (bus 0 bus_irq 5 global_irq 5 high level)
[    0.000000] ACPI: INT_SRC_OVR (bus 0 bus_irq 9 global_irq 9 high level)
[    0.000000] ACPI: INT_SRC_OVR (bus 0 bus_irq 10 global_irq 10 high level)
[    0.000000] ACPI: INT_SRC_OVR (bus 0 bus_irq 11 global_irq 11 high level)
[    0.000000] Using ACPI (MADT) for SMP configuration information
[    0.000000] ACPI: HPET id: 0x8086a201 base: 0xfed00000
[    0.000000] SMP: Allowing 1 CPUs, 0 hotplug CPUs
[    0.000000] PM: Registered nosave memory: 000000000009f000 - 00000000000a0000
[    0.000000] PM: Registered nosave memory: 00000000000a0000 - 00000000000f0000
[    0.000000] PM: Registered nosave memory: 00000000000f0000 - 0000000000100000
[    0.000000] Allocating PCI resources starting at 4000000 (gap: 4000000:fbfc0000)
[    0.000000] Booting paravirtualized kernel on bare hardware
[    0.000000] setup_percpu: NR_CPUS:64 nr_cpumask_bits:64 nr_cpu_ids:1 nr_node_ids:1
[    0.000000] PERCPU: Embedded 27 pages/cpu @ffff880003a00000 s78848 r8192 d23552 u2097152
[    0.000000] Built 1 zonelists in Node order, mobility grouping on.  Total pages: 16008
[    0.000000] Policy zone: DMA32
[    0.000000] Kernel command line: root=/dev/vda console=tty0 console=ttyS0 no_timer_check
[    0.000000] PID hash table entries: 256 (order: -1, 2048 bytes)
[    0.000000] Checking aperture...
[    0.000000] No AGP bridge found
[    0.000000] Memory: 43492k/65528k available (6576k kernel code, 452k absent, 21584k reserved, 6620k data, 928k init)
[    0.000000] SLUB: Genslabs=15, HWalign=64, Order=0-3, MinObjects=0, CPUs=1, Nodes=1
[    0.000000] Hierarchical RCU implementation.
[    0.000000] 	RCU dyntick-idle grace-period acceleration is enabled.
[    0.000000] NR_IRQS:4352 nr_irqs:256 16
[    0.000000] Console: colour VGA+ 80x25
[    0.000000] console [tty0] enabled
[    0.000000] console [ttyS0] enabled
[    0.000000] allocated 1048576 bytes of page_cgroup
[    0.000000] please try 'cgroup_disable=memory' option if you don't want memory cgroups
[    0.000000] Fast TSC calibration failed
[    0.000000] TSC: Unable to calibrate against PIT
[    0.000000] TSC: using HPET reference calibration
[    0.000000] Detected 2292.518 MHz processor.
[    0.041614] Calibrating delay loop (skipped), value calculated using timer frequency.. 4585.03 BogoMIPS (lpj=9170072)
[    0.044002] pid_max: default: 32768 minimum: 301
[    0.053706] Security Framework initialized
[    0.056977] AppArmor: AppArmor initialized
[    0.057599] Yama: becoming mindful.
[    0.065411] Dentry cache hash table entries: 8192 (order: 4, 65536 bytes)
[    0.066935] Inode-cache hash table entries: 4096 (order: 3, 32768 bytes)
[    0.068565] Mount-cache hash table entries: 256
[    0.085602] Initializing cgroup subsys cpuacct
[    0.086520] Initializing cgroup subsys memory
[    0.088163] Initializing cgroup subsys devices
[    0.089174] Initializing cgroup subsys freezer
[    0.089842] Initializing cgroup subsys blkio
[    0.090509] Initializing cgroup subsys perf_event
[    0.096266] mce: CPU supports 10 MCE banks
[    0.100124] SMP alternatives: switching to UP code
[    0.480806] Freeing SMP alternatives: 24k freed
[    0.482753] ACPI: Core revision 20110623
[    0.530125] ftrace: allocating 26610 entries in 105 pages
[    0.570537] ..TIMER: vector=0x30 apic1=0 pin1=2 apic2=-1 pin2=-1
[    0.572137] CPU0: AMD QEMU Virtual CPU version 2.0.0 stepping 03
[    0.576035] Performance Events: Broken PMU hardware detected, using software events only.
[    0.585060] NMI watchdog disabled (cpu0): hardware events not enabled
[    0.586549] Brought up 1 CPUs
[    0.587074] Total of 1 processors activated (4585.03 BogoMIPS).
[    0.609585] devtmpfs: initialized
[    0.641549] EVM: security.selinux
[    0.642100] EVM: security.SMACK64
[    0.642544] EVM: security.capability
[    0.662480] print_constraints: dummy: 
[    0.665766] RTC time: 14:40:31, date: 12/08/15
[    0.670379] NET: Registered protocol family 16
[    0.683024] ACPI: bus type pci registered
[    0.688042] PCI: Using configuration type 1 for base access
[    0.718927] bio: create slab &lt;bio-0&gt; at 0
[    0.724387] ACPI: Added _OSI(Module Device)
[    0.724967] ACPI: Added _OSI(Processor Device)
[    0.725549] ACPI: Added _OSI(3.0 _SCP Extensions)
[    0.726160] ACPI: Added _OSI(Processor Aggregator Device)
[    0.802512] ACPI: Interpreter enabled
[    0.803099] ACPI: (supports S0 S3 S4 S5)
[    0.805367] ACPI: Using IOAPIC for interrupt routing
[    0.877433] ACPI: No dock devices found.
[    0.878327] HEST: Table not found.
[    0.878893] PCI: Using host bridge windows from ACPI; if necessary, use "pci=nocrs" and report a bug
[    0.884793] ACPI: PCI Root Bridge [PCI0] (domain 0000 [bus 00-ff])
[    0.890979] pci_root PNP0A03:00: host bridge window [io  0x0000-0x0cf7]
[    0.892157] pci_root PNP0A03:00: host bridge window [io  0x0d00-0xadff]
[    0.892989] pci_root PNP0A03:00: host bridge window [io  0xae0f-0xaeff]
[    0.893893] pci_root PNP0A03:00: host bridge window [io  0xaf20-0xafdf]
[    0.896125] pci_root PNP0A03:00: host bridge window [io  0xafe4-0xffff]
[    0.897003] pci_root PNP0A03:00: host bridge window [mem 0x000a0000-0x000bffff]
[    0.898559] pci_root PNP0A03:00: host bridge window [mem 0x04000000-0xfebfffff]
[    0.926906] pci 0000:00:01.3: quirk: [io  0xb000-0xb03f] claimed by PIIX4 ACPI
[    0.928273] pci 0000:00:01.3: quirk: [io  0xb100-0xb10f] claimed by PIIX4 SMB
[    1.011192]  pci0000:00: Unable to request _OSC control (_OSC support mask: 0x1e)
[    1.081095] ACPI: PCI Interrupt Link [LNKA] (IRQs 5 *10 11)
[    1.085447] ACPI: PCI Interrupt Link [LNKB] (IRQs 5 *10 11)
[    1.090319] ACPI: PCI Interrupt Link [LNKC] (IRQs 5 10 *11)
[    1.093443] ACPI: PCI Interrupt Link [LNKD] (IRQs 5 10 *11)
[    1.094967] ACPI: PCI Interrupt Link [LNKS] (IRQs *9)
[    1.103184] vgaarb: device added: PCI:0000:00:02.0,decodes=io+mem,owns=io+mem,locks=none
[    1.104196] vgaarb: loaded
[    1.104620] vgaarb: bridge control possible 0000:00:02.0
[    1.109385] i2c-core: driver [aat2870] using legacy suspend method
[    1.110409] i2c-core: driver [aat2870] using legacy resume method
[    1.113711] SCSI subsystem initialized
[    1.117325] usbcore: registered new interface driver usbfs
[    1.118441] usbcore: registered new interface driver hub
[    1.120537] usbcore: registered new device driver usb
[    1.124510] PCI: Using ACPI for IRQ routing
[    1.133936] NetLabel: Initializing
[    1.136139] NetLabel:  domain hash size = 128
[    1.136612] NetLabel:  protocols = UNLABELED CIPSOv4
[    1.138897] NetLabel:  unlabeled traffic allowed by default
[    1.141365] HPET: 3 timers in total, 0 timers will be used for per-cpu timer
[    1.142214] hpet0: at MMIO 0xfed00000, IRQs 2, 8, 0
[    1.144409] hpet0: 3 comparators, 64-bit 100.000000 MHz counter
[    1.156752] Switching to clocksource hpet
[    1.415027] AppArmor: AppArmor Filesystem Enabled
[    1.417140] pnp: PnP ACPI init
[    1.418001] ACPI: bus type pnp registered
[    1.438119] pnp: PnP ACPI: found 9 devices
[    1.438648] ACPI: ACPI bus type pnp unregistered
[    1.498540] NET: Registered protocol family 2
[    1.532503] IP route cache hash table entries: 512 (order: 0, 4096 bytes)
[    1.539821] TCP established hash table entries: 2048 (order: 3, 32768 bytes)
[    1.541989] TCP bind hash table entries: 2048 (order: 3, 32768 bytes)
[    1.542947] TCP: Hash tables configured (established 2048 bind 2048)
[    1.543715] TCP reno registered
[    1.545627] UDP hash table entries: 128 (order: 0, 4096 bytes)
[    1.546620] UDP-Lite hash table entries: 128 (order: 0, 4096 bytes)
[    1.549895] NET: Registered protocol family 1
[    1.550733] pci 0000:00:00.0: Limiting direct PCI/PCI transfers
[    1.551518] pci 0000:00:01.0: PIIX3: Enabling Passive Release
[    1.553184] pci 0000:00:01.0: Activating ISA DMA hang workarounds
[    1.557648] ACPI: PCI Interrupt Link [LNKD] enabled at IRQ 11
[    1.558961] pci 0000:00:01.2: PCI INT D -&gt; Link[LNKD] -&gt; GSI 11 (level, high) -&gt; IRQ 11
[    1.561706] pci 0000:00:01.2: PCI INT D disabled
[    1.579187] Trying to unpack rootfs image as initramfs...
[    1.595218] audit: initializing netlink socket (disabled)
[    1.597544] type=2000 audit(1449585631.592:1): initialized
[    1.923725] HugeTLB registered 2 MB page size, pre-allocated 0 pages
[    2.007421] VFS: Disk quotas dquot_6.5.2
[    2.010508] Dquot-cache hash table entries: 512 (order 0, 4096 bytes)
[    2.030788] fuse init (API version 7.17)
[    2.039432] msgmni has been set to 84
[    2.087045] Block layer SCSI generic (bsg) driver version 0.4 loaded (major 253)
[    2.089554] io scheduler noop registered
[    2.090140] io scheduler deadline registered (default)
[    2.091272] io scheduler cfq registered
[    2.094987] pci_hotplug: PCI Hot Plug PCI Core version: 0.5
[    2.097594] pciehp: PCI Express Hot Plug Controller Driver version: 0.4
[    2.103221] input: Power Button as /devices/LNXSYSTM:00/LNXPWRBN:00/input/input0
[    2.105528] ACPI: Power Button [PWRF]
[    2.161522] ERST: Table is not found!
[    2.162678] GHES: HEST is not enabled!
[    2.178515] ACPI: PCI Interrupt Link [LNKC] enabled at IRQ 10
[    2.179324] virtio-pci 0000:00:03.0: PCI INT A -&gt; Link[LNKC] -&gt; GSI 10 (level, high) -&gt; IRQ 10
[    2.183110] virtio-pci 0000:00:04.0: PCI INT A -&gt; Link[LNKD] -&gt; GSI 11 (level, high) -&gt; IRQ 11
[    2.197616] ACPI: PCI Interrupt Link [LNKA] enabled at IRQ 10
[    2.199156] virtio-pci 0000:00:05.0: PCI INT A -&gt; Link[LNKA] -&gt; GSI 10 (level, high) -&gt; IRQ 10
[    2.219219] Serial: 8250/16550 driver, 32 ports, IRQ sharing enabled
[    2.262950] serial8250: ttyS0 at I/O 0x3f8 (irq = 4) is a 16550A
[    2.351302] serial8250: ttyS1 at I/O 0x2f8 (irq = 3) is a 16550A
[    2.497352] 00:05: ttyS0 at I/O 0x3f8 (irq = 4) is a 16550A
[    2.588796] 00:06: ttyS1 at I/O 0x2f8 (irq = 3) is a 16550A
[    2.590483] Refined TSC clocksource calibration: 2292.548 MHz.
[    2.591322] Switching to clocksource tsc
[    2.639166] Linux agpgart interface v0.103
[    2.700042] brd: module loaded
[    2.727897] loop: module loaded
[    2.777995]  vda: unknown partition table
[    2.826779] scsi0 : ata_piix
[    2.829610] scsi1 : ata_piix
[    2.830840] ata1: PATA max MWDMA2 cmd 0x1f0 ctl 0x3f6 bmdma 0xc0a0 irq 14
[    2.831686] ata2: PATA max MWDMA2 cmd 0x170 ctl 0x376 bmdma 0xc0a8 irq 15
[    2.842827] Fixed MDIO Bus: probed
[    2.843202] tun: Universal TUN/TAP device driver, 1.6
[    2.844825] tun: (C) 1999-2004 Max Krasnyansky &lt;maxk@qualcomm.com&gt;
[    2.861899] PPP generic driver version 2.4.2
[    2.889521] ehci_hcd: USB 2.0 'Enhanced' Host Controller (EHCI) Driver
[    2.890652] ohci_hcd: USB 1.1 'Open' Host Controller (OHCI) Driver
[    2.891552] uhci_hcd: USB Universal Host Controller Interface driver
[    2.893455] uhci_hcd 0000:00:01.2: PCI INT D -&gt; Link[LNKD] -&gt; GSI 11 (level, high) -&gt; IRQ 11
[    2.896151] uhci_hcd 0000:00:01.2: UHCI Host Controller
[    2.909616] uhci_hcd 0000:00:01.2: new USB bus registered, assigned bus number 1
[    2.911445] uhci_hcd 0000:00:01.2: irq 11, io base 0x0000c040
[    2.939634] hub 1-0:1.0: USB hub found
[    2.942153] hub 1-0:1.0: 2 ports detected
[    2.950007] usbcore: registered new interface driver libusual
[    2.952763] i8042: PNP: PS/2 Controller [PNP0303:KBD,PNP0f13:MOU] at 0x60,0x64 irq 1,12
[    2.961064] serio: i8042 KBD port at 0x60,0x64 irq 1
[    2.963232] serio: i8042 AUX port at 0x60,0x64 irq 12
[    2.999744] mousedev: PS/2 mouse device common for all mice
[    3.007832] input: AT Translated Set 2 keyboard as /devices/platform/i8042/serio0/input/input1
[    3.011434] rtc_cmos 00:01: RTC can wake from S4
[    3.030449] rtc_cmos 00:01: rtc core: registered rtc_cmos as rtc0
[    3.034082] rtc0: alarms up to one day, 114 bytes nvram, hpet irqs
[    3.036965] device-mapper: uevent: version 1.0.3
[    3.054667] device-mapper: ioctl: 4.22.0-ioctl (2011-10-19) initialised: dm-devel@redhat.com
[    3.057639] cpuidle: using governor ladder
[    3.058832] cpuidle: using governor menu
[    3.059720] EFI Variables Facility v0.08 2004-May-17
[    3.071731] TCP cubic registered
[    3.075879] NET: Registered protocol family 10
[    3.103644] NET: Registered protocol family 17
[    3.104702] Registering the dns_resolver key type
[    3.111623] ata2.01: ATAPI: QEMU DVD-ROM, 2.0.0, max UDMA/100
[    3.124601] ata2.01: configured for MWDMA2
[    3.157325] scsi 1:0:1:0: CD-ROM            QEMU     QEMU DVD-ROM     2.0. PQ: 0 ANSI: 5
[    3.186561] sr0: scsi3-mmc drive: 4x/4x cd/rw xa/form2 tray
[    3.187789] cdrom: Uniform CD-ROM driver Revision: 3.20
[    3.205917] sr 1:0:1:0: Attached scsi generic sg0 type 5
[    3.232661] registered taskstats version 1
[    3.281954] Freeing initrd memory: 3656k freed
[    3.765250]   Magic number: 11:255:687
[    3.778305] rtc_cmos 00:01: setting system clock to 2015-12-08 14:40:34 UTC (1449585634)
[    3.780781] powernow-k8: Processor cpuid 663 not supported
[    3.792006] BIOS EDD facility v0.16 2004-Jun-25, 0 devices found
[    3.793779] EDD information not available.
[    3.862177] Freeing unused kernel memory: 928k freed
[    3.867496] Write protecting the kernel read-only data: 12288k
[    3.991437] Freeing unused kernel memory: 1596k freed
[    4.055937] Freeing unused kernel memory: 1184k freed

info: initramfs: up at 4.24
modprobe: module virtio_blk not found in modules.dep
modprobe: module virtio_net not found in modules.dep
info: copying initramfs to /dev/vda
info: initramfs loading root from /dev/vda
info: /etc/init.d/rc.sysinit: up at 9.18
info: container: none
Starting logging: OK
modprobe: module virtio_blk not found in modules.dep
modprobe: module virtio_net not found in modules.dep
WARN: /etc/rc3.d/S10-load-modules failed
Initializing random number generator... done.
Starting acpid: OK
cirros-ds 'local' up at 11.76
found datasource (configdrive, local)
Starting network...
udhcpc (v1.20.1) started
Sending discover...
Sending discover...
Sending discover...
Usage: /sbin/cirros-dhcpc &lt;up|down&gt;
No lease, failing
WARN: /etc/rc3.d/S40-network failed
Starting dropbear sshd: generating rsa key... generating dsa key... OK
no userdata for datasource
=== system information ===
Platform: OpenStack Foundation OpenStack Nova
Container: none
Arch: x86_64
CPU(s): 1 @ 2292.518 MHz
Cores/Sockets/Threads: 1/1/1
Virt-type: AMD-V
RAM Size: 49MB
Disks:
NAME MAJ:MIN     SIZE LABEL         MOUNTPOINT
vda  253:0   25165824 cirros-rootfs /
sr0   11:0     428032 config-2      
=== sshd host keys ===
-----BEGIN SSH HOST KEY KEYS-----
ssh-rsa AAAAB3NzaC1yc2EAAAADAQABAAAAgwDmU5bSUIXvkAU0ybumIBRvGVbF3Fofr/szh7P43z9SZeFZkN9WNUCBJjoajylsr0JbvLk1BnKw6b4A8npB0kzbhefeDBR4GQG5GTb8jkB+bZgszjlxV5Y8SB8Q7QR48TS8aTkpTFusCSYmCS6cHb9aNcSf4P1YNmZ8Q/4rVCQ5NoHh root@tempest
ssh-dss AAAAB3NzaC1kc3MAAACBAIW0Wovv6VV098OaWLcqpmqOh7EEUEW3osi01UxU/EY4SEk6w1LxKM7yJP0Sxb31LqspNZDrkWrAcqDOVLLnxEQFHTFbcdeMhOLXcohwSAiRBRKKHzsIUgAWs8+rfV2lthxGEgoinZF3AX2WdYOAK8VpiLKWBKAAp518s/lXcWYlAAAAFQDTNHByR3z9TqLO14yEKfb164XTsQAAAIAfeQZzsY0/c2ZBZ8wy4QaXWaEmPxToEhYGeqaX2cjkMdBuIE+SRfTaUdZux17gizmafbM9K94UTnISGkf5ws82VmP/3xrJT9d/9oOHewa0CzTG8s+XdnUUJejs0mUgDUb19bUPm5RUsulg+FL7tytj9HZ9KNsqgvH5W8IZzPY3iwAAAIBjG4YtjQM3KBCXIbHB77FHIECG3cOPBcdoN11HGh7JIA3jkOoSUpp39n8JZYlWgSr/4eDdUhusw/3MVSTqJYN0t9r6S+di4D/0qie7irsC3KeuPb041goJ5mYesEOFm+W0OElf98K6zr439CT1UD4v2Jr8kMcfrDPuPBnXIx8DWA== root@tempest
-----END SSH HOST KEY KEYS-----
=== network info ===
if-info: lo,up,127.0.0.1,8,::1
if-info: eth0,up,,8,fe80::f816:3eff:fea6:e42f
=== datasource: configdrive local ===
instance-id: 9d0012c6-0d64-4dc8-bb93-c04d307c00b3
name: tempest.common.compute-instance-1801208317
availability-zone: nova
local-hostname: tempest.common.compute-instance-1801208317.novalocal
launch-index: 0
=== cirros: current=0.3.4 uptime=203.20 ===
route: fscanf
=== pinging gateway failed, debugging connection ===
############ debug start ##############
### /etc/init.d/sshd start
Starting dropbear sshd: OK
route: fscanf
### ifconfig -a
eth0      Link encap:Ethernet  HWaddr FA:16:3E:A6:E4:2F  
          inet6 addr: fe80::f816:3eff:fea6:e42f/64 Scope:Link
          UP BROADCAST RUNNING MULTICAST  MTU:1500  Metric:1
          RX packets:12 errors:0 dropped:5 overruns:0 frame:0
          TX packets:8 errors:0 dropped:0 overruns:0 carrier:0
          collisions:0 txqueuelen:1000 
          RX bytes:1293 (1.2 KiB)  TX bytes:1134 (1.1 KiB)

lo        Link encap:Local Loopback  
          inet addr:127.0.0.1  Mask:255.0.0.0
          inet6 addr: ::1/128 Scope:Host
          UP LOOPBACK RUNNING  MTU:16436  Metric:1
          RX packets:12 errors:0 dropped:0 overruns:0 frame:0
          TX packets:12 errors:0 dropped:0 overruns:0 carrier:0
          collisions:0 txqueuelen:0 
          RX bytes:1020 (1020.0 B)  TX bytes:1020 (1020.0 B)

### route -n
Kernel IP routing table
Destination     Gateway         Genmask         Flags Metric Ref    Use Iface
route: fscanf
### cat /etc/resolv.conf
cat: can't open '/etc/resolv.conf': No such file or directory
### gateway not found
/sbin/cirros-status: line 1: can't open /etc/resolv.conf: no such file
### pinging nameservers
### uname -a
Linux tempest 3.2.0-80-virtual #116-Ubuntu SMP Mon Mar 23 17:28:52 UTC 2015 x86_64 GNU/Linux
### lsmod
Module                  Size  Used by    Not tainted
nls_iso8859_1          12713  0 
nls_cp437              16991  0 
vfat                   17585  0 
fat                    61512  1 vfat
isofs                  40259  0 
ip_tables              27473  0 
x_tables               29891  1 ip_tables
pcnet32                42119  0 
8139cp                 27360  0 
ne2k_pci               13691  0 
8390                   18856  1 ne2k_pci
e1000                 108589  0 
acpiphp                24231  0 
### dmesg | tail
[    5.030569] EXT3-fs (vda): mounted filesystem with ordered data mode
[    5.381261] ISO 9660 Extensions: Microsoft Joliet Level 3
[    5.470187] ISO 9660 Extensions: RRIP_1991A
[    5.706321] kjournald starting.  Commit interval 5 seconds
[    5.723674] EXT3-fs (vda): using internal journal
[    5.726126] EXT3-fs (vda): mounted filesystem with ordered data mode
[    9.226374] EXT3-fs (vda): using internal journal
[   12.528187] ISO 9660 Extensions: Microsoft Joliet Level 3
[   12.646647] ISO 9660 Extensions: RRIP_1991A
[   27.203588] eth0: no IPv6 routers present
### tail -n 25 /var/log/messages
Dec  8 14:40:41 cirros kern.info kernel: [    4.531651] acpiphp: Slot [26] registered
Dec  8 14:40:41 cirros kern.info kernel: [    4.531978] acpiphp: Slot [27] registered
Dec  8 14:40:41 cirros kern.info kernel: [    4.532040] acpiphp: Slot [28] registered
Dec  8 14:40:41 cirros kern.info kernel: [    4.533179] acpiphp: Slot [29] registered
Dec  8 14:40:41 cirros kern.info kernel: [    4.533486] acpiphp: Slot [30] registered
Dec  8 14:40:41 cirros kern.info kernel: [    4.533786] acpiphp: Slot [31] registered
Dec  8 14:40:41 cirros kern.info kernel: [    4.585490] e1000: Intel(R) PRO/1000 Network Driver - version 7.3.21-k8-NAPI
Dec  8 14:40:41 cirros kern.info kernel: [    4.585631] e1000: Copyright (c) 1999-2006 Intel Corporation.
Dec  8 14:40:41 cirros kern.info kernel: [    4.627694] ne2k-pci.c:v1.03 9/22/2003 D. Becker/P. Gortmaker
Dec  8 14:40:41 cirros kern.info kernel: [    4.667512] 8139cp: 8139cp: 10/100 PCI Ethernet driver v1.3 (Mar 22, 2004)
Dec  8 14:40:41 cirros kern.info kernel: [    4.716527] pcnet32: pcnet32.c:v1.35 21.Apr.2008 tsbogend@alpha.franken.de
Dec  8 14:40:41 cirros kern.info kernel: [    4.766244] ip_tables: (C) 2000-2006 Netfilter Core Team
Dec  8 14:40:41 cirros kern.info kernel: [    5.028023] kjournald starting.  Commit interval 5 seconds
Dec  8 14:40:41 cirros kern.info kernel: [    5.030569] EXT3-fs (vda): mounted filesystem with ordered data mode
Dec  8 14:40:41 cirros kern.debug kernel: [    5.381261] ISO 9660 Extensions: Microsoft Joliet Level 3
Dec  8 14:40:41 cirros kern.debug kernel: [    5.470187] ISO 9660 Extensions: RRIP_1991A
Dec  8 14:40:41 cirros kern.info kernel: [    5.706321] kjournald starting.  Commit interval 5 seconds
Dec  8 14:40:41 cirros kern.info kernel: [    5.723674] EXT3-fs (vda): using internal journal
Dec  8 14:40:41 cirros kern.info kernel: [    5.726126] EXT3-fs (vda): mounted filesystem with ordered data mode
Dec  8 14:40:41 cirros kern.info kernel: [    9.226374] EXT3-fs (vda): using internal journal
Dec  8 14:40:43 cirros kern.debug kernel: [   12.528187] ISO 9660 Extensions: Microsoft Joliet Level 3
Dec  8 14:40:43 cirros kern.debug kernel: [   12.646647] ISO 9660 Extensions: RRIP_1991A
Dec  8 14:40:46 cirros auth.notice su: + /dev/console root:cirros
Dec  8 14:40:57 cirros kern.debug kernel: [   27.203588] eth0: no IPv6 routers present
Dec  8 14:43:52 cirros authpriv.info dropbear[283]: Running in background
############ debug end   ##############
  ____               ____  ____
 / __/ __ ____ ____ / __ \/ __/
/ /__ / // __// __// /_/ /\ \ 
\___//_//_/  /_/   \____/___/ 
   http://cirros-cloud.net


login as 'cirros' user. default password: 'cubswin:)'. use 'sudo' for root.
tempest login: 
2015-12-08 14:44:01,424 27587 INFO     [tempest_lib.common.rest_client] Request (TestGettingAddress:_run_cleanups): 204 DELETE http://10.0.2.15:9696/v2.0/floatingips/4835c8bf-98ed-4e13-8167-e49dfc557a69 0.191s
2015-12-08 14:44:01,425 27587 DEBUG    [tempest_lib.common.rest_client] Request - Headers: {'Content-Type': 'application/json', 'Accept': 'application/json', 'X-Auth-Token': '&lt;omitted&gt;'}
        Body: None
    Response - Headers: {'date': 'Tue, 08 Dec 2015 14:44:01 GMT', 'status': '204', 'connection': 'close', 'content-length': '0', 'x-openstack-request-id': 'req-5c5488d6-25ad-4e6a-8315-8e5c9506386b'}
        Body: 
2015-12-08 14:44:01,632 27587 INFO     [tempest_lib.common.rest_client] Request (TestGettingAddress:_run_cleanups): 204 DELETE http://10.0.2.15:8774/v2.1/a78db009a59c4674814ab3c9665aae04/servers/9d0012c6-0d64-4dc8-bb93-c04d307c00b3 0.206s
2015-12-08 14:44:01,632 27587 DEBUG    [tempest_lib.common.rest_client] Request - Headers: {'Content-Type': 'application/json', 'Accept': 'application/json', 'X-Auth-Token': '&lt;omitted&gt;'}
        Body: None
    Response - Headers: {'status': '204', 'content-length': '0', 'x-compute-request-id': 'req-eb6aa25c-19ac-40cd-b0df-315e03fc41ec', 'vary': 'X-OpenStack-Nova-API-Version', 'connection': 'close', 'x-openstack-nova-api-version': '2.1', 'date': 'Tue, 08 Dec 2015 14:44:01 GMT', 'content-type': 'application/json'}
        Body: 
2015-12-08 14:44:01,857 27587 INFO     [tempest_lib.common.rest_client] Request (TestGettingAddress:_run_cleanups): 200 GET http://10.0.2.15:8774/v2.1/a78db009a59c4674814ab3c9665aae04/servers/9d0012c6-0d64-4dc8-bb93-c04d307c00b3 0.223s
2015-12-08 14:44:01,857 27587 DEBUG    [tempest_lib.common.rest_client] Request - Headers: {'Content-Type': 'application/json', 'Accept': 'application/json', 'X-Auth-Token': '&lt;omitted&gt;'}
        Body: None
    Response - Headers: {'status': '200', 'content-length': '1904', 'content-location': 'http://10.0.2.15:8774/v2.1/a78db009a59c4674814ab3c9665aae04/servers/9d0012c6-0d64-4dc8-bb93-c04d307c00b3', 'x-compute-request-id': 'req-9c6c04a4-51c6-419a-acf7-5f5d763db0c1', 'vary': 'X-OpenStack-Nova-API-Version', 'connection': 'close', 'x-openstack-nova-api-version': '2.1', 'date': 'Tue, 08 Dec 2015 14:44:01 GMT', 'content-type': 'application/json'}
        Body: {"server": {"status": "ACTIVE", "updated": "2015-12-08T14:44:01Z", "hostId": "56f1c6b0a03b17096fc4be48e174324e3e44cb4f228fd02f72e5ef46", "addresses": {"tempest-network-smoke--1625442655": [{"OS-EXT-IPS-MAC:mac_addr": "fa:16:3e:a6:e4:2f", "version": 6, "addr": "2003::f816:3eff:fea6:e42f", "OS-EXT-IPS:type": "fixed"}, {"OS-EXT-IPS-MAC:mac_addr": "fa:16:3e:a6:e4:2f", "version": 4, "addr": "10.100.0.3", "OS-EXT-IPS:type": "fixed"}, {"OS-EXT-IPS-MAC:mac_addr": "fa:16:3e:a6:e4:2f", "version": 4, "addr": "172.24.4.4", "OS-EXT-IPS:type": "floating"}]}, "links": [{"href": "http://10.0.2.15:8774/v2.1/a78db009a59c4674814ab3c9665aae04/servers/9d0012c6-0d64-4dc8-bb93-c04d307c00b3", "rel": "self"}, {"href": "http://10.0.2.15:8774/a78db009a59c4674814ab3c9665aae04/servers/9d0012c6-0d64-4dc8-bb93-c04d307c00b3", "rel": "bookmark"}], "key_name": "tempest-TestGettingAddress-1670844739", "image": {"id": "50fd0f26-ba3e-49df-923b-bf53f4a16c03", "links": [{"href": "http://10.0.2.15:8774/a78db009a59c4674814ab3c9665aae04/images/50fd0f26-ba3e-49df-923b-bf53f4a16c03", "rel": "bookmark"}]}, "OS-EXT-STS:task_state": "deleting", "OS-EXT-STS:vm_state": "active", "OS-SRV-USG:launched_at": "2015-12-08T14:40:27.000000", "flavor": {"id": "42", "links": [{"href": "http://10.0.2.15:8774/a78db009a59c4674814ab3c9665aae04/flavors/42", "rel": "bookmark"}]}, "id": "9d0012c6-0d64-4dc8-bb93-c04d307c00b3", "security_groups": [{"name": "tempest-secgroup-smoke-489017580"}], "OS-SRV-USG:terminated_at": null, "OS-EXT-AZ:availability_zone": "nova", "user_id": "73caae15b639434eb769e2518e2e84aa", "name": "tempest.common.compute-instance-1801208317", "created": "2015-12-08T14:40:24Z", "tenant_id": "a78db009a59c4674814ab3c9665aae04", "OS-DCF:diskConfig": "MANUAL", "os-extended-volumes:volumes_attached": [], "accessIPv4": "", "accessIPv6": "", "progress": 0, "OS-EXT-STS:power_state": 1, "config_drive": "True", "metadata": {}}}
2015-12-08 14:44:03,017 27587 INFO     [tempest_lib.common.rest_client] Request (TestGettingAddress:_run_cleanups): 200 GET http://10.0.2.15:8774/v2.1/a78db009a59c4674814ab3c9665aae04/servers/9d0012c6-0d64-4dc8-bb93-c04d307c00b3 0.144s
2015-12-08 14:44:03,017 27587 DEBUG    [tempest_lib.common.rest_client] Request - Headers: {'Content-Type': 'application/json', 'Accept': 'application/json', 'X-Auth-Token': '&lt;omitted&gt;'}
        Body: None
    Response - Headers: {'status': '200', 'content-length': '1440', 'content-location': 'http://10.0.2.15:8774/v2.1/a78db009a59c4674814ab3c9665aae04/servers/9d0012c6-0d64-4dc8-bb93-c04d307c00b3', 'x-compute-request-id': 'req-1fc04a5a-3726-4d24-8898-6870478ecfb1', 'vary': 'X-OpenStack-Nova-API-Version', 'connection': 'close', 'x-openstack-nova-api-version': '2.1', 'date': 'Tue, 08 Dec 2015 14:44:03 GMT', 'content-type': 'application/json'}
        Body: {"server": {"status": "ACTIVE", "updated": "2015-12-08T14:44:02Z", "hostId": "56f1c6b0a03b17096fc4be48e174324e3e44cb4f228fd02f72e5ef46", "addresses": {}, "links": [{"href": "http://10.0.2.15:8774/v2.1/a78db009a59c4674814ab3c9665aae04/servers/9d0012c6-0d64-4dc8-bb93-c04d307c00b3", "rel": "self"}, {"href": "http://10.0.2.15:8774/a78db009a59c4674814ab3c9665aae04/servers/9d0012c6-0d64-4dc8-bb93-c04d307c00b3", "rel": "bookmark"}], "key_name": "tempest-TestGettingAddress-1670844739", "image": {"id": "50fd0f26-ba3e-49df-923b-bf53f4a16c03", "links": [{"href": "http://10.0.2.15:8774/a78db009a59c4674814ab3c9665aae04/images/50fd0f26-ba3e-49df-923b-bf53f4a16c03", "rel": "bookmark"}]}, "OS-EXT-STS:task_state": "deleting", "OS-EXT-STS:vm_state": "active", "OS-SRV-USG:launched_at": "2015-12-08T14:40:27.000000", "flavor": {"id": "42", "links": [{"href": "http://10.0.2.15:8774/a78db009a59c4674814ab3c9665aae04/flavors/42", "rel": "bookmark"}]}, "id": "9d0012c6-0d64-4dc8-bb93-c04d307c00b3", "OS-SRV-USG:terminated_at": null, "OS-EXT-AZ:availability_zone": "nova", "user_id": "73caae15b639434eb769e2518e2e84aa", "name": "tempest.common.compute-instance-1801208317", "created": "2015-12-08T14:40:24Z", "tenant_id": "a78db009a59c4674814ab3c9665aae04", "OS-DCF:diskConfig": "MANUAL", "os-extended-volumes:volumes_attached": [], "accessIPv4": "", "accessIPv6": "", "progress": 0, "OS-EXT-STS:power_state": 1, "config_drive": "True", "metadata": {}}}
2015-12-08 14:44:04,241 27587 INFO     [tempest_lib.common.rest_client] Request (TestGettingAddress:_run_cleanups): 404 GET http://10.0.2.15:8774/v2.1/a78db009a59c4674814ab3c9665aae04/servers/9d0012c6-0d64-4dc8-bb93-c04d307c00b3 0.213s
2015-12-08 14:44:04,241 27587 DEBUG    [tempest_lib.common.rest_client] Request - Headers: {'Content-Type': 'application/json', 'Accept': 'application/json', 'X-Auth-Token': '&lt;omitted&gt;'}
        Body: None
    Response - Headers: {'status': '404', 'content-length': '111', 'x-compute-request-id': 'req-b5afb559-0aa5-4715-82a7-3bd8eaa0db05', 'vary': 'X-OpenStack-Nova-API-Version', 'connection': 'close', 'x-openstack-nova-api-version': '2.1', 'date': 'Tue, 08 Dec 2015 14:44:04 GMT', 'content-type': 'application/json; charset=UTF-8'}
        Body: {"itemNotFound": {"message": "Instance 9d0012c6-0d64-4dc8-bb93-c04d307c00b3 could not be found.", "code": 404}}
2015-12-08 14:44:04,616 27587 INFO     [tempest_lib.common.rest_client] Request (TestGettingAddress:_run_cleanups): 200 PUT http://10.0.2.15:9696/v2.0/routers/eb98a663-ebda-45fe-9400-2006d82252be/remove_router_interface 0.374s
2015-12-08 14:44:04,617 27587 DEBUG    [tempest_lib.common.rest_client] Request - Headers: {'Content-Type': 'application/json', 'Accept': 'application/json', 'X-Auth-Token': '&lt;omitted&gt;'}
        Body: {"subnet_id": "98c9748e-3927-47b9-92ca-bab9cb2a6393"}
    Response - Headers: {'status': '200', 'content-length': '255', 'connection': 'close', 'date': 'Tue, 08 Dec 2015 14:44:04 GMT', 'content-type': 'application/json; charset=UTF-8', 'x-openstack-request-id': 'req-826795c0-c581-4511-9fe4-b6bf16338ed8'}
        Body: {"subnet_id": "98c9748e-3927-47b9-92ca-bab9cb2a6393", "tenant_id": "a78db009a59c4674814ab3c9665aae04", "subnet_ids": ["98c9748e-3927-47b9-92ca-bab9cb2a6393"], "port_id": "6f20db74-1c60-4e30-83c1-cf70840e89ff", "id": "eb98a663-ebda-45fe-9400-2006d82252be"}
2015-12-08 14:44:04,964 27587 INFO     [tempest_lib.common.rest_client] Request (TestGettingAddress:_run_cleanups): 204 DELETE http://10.0.2.15:9696/v2.0/subnets/98c9748e-3927-47b9-92ca-bab9cb2a6393 0.347s
2015-12-08 14:44:04,965 27587 DEBUG    [tempest_lib.common.rest_client] Request - Headers: {'Content-Type': 'application/json', 'Accept': 'application/json', 'X-Auth-Token': '&lt;omitted&gt;'}
        Body: None
    Response - Headers: {'date': 'Tue, 08 Dec 2015 14:44:04 GMT', 'status': '204', 'connection': 'close', 'content-length': '0', 'x-openstack-request-id': 'req-fa602a4e-c7d8-4217-aa12-bc8641c660e1'}
        Body: 
2015-12-08 14:44:05,011 27587 INFO     [tempest_lib.common.rest_client] Request (TestGettingAddress:_run_cleanups): 404 DELETE http://10.0.2.15:9696/v2.0/subnets/98c9748e-3927-47b9-92ca-bab9cb2a6393 0.045s
2015-12-08 14:44:05,011 27587 DEBUG    [tempest_lib.common.rest_client] Request - Headers: {'Content-Type': 'application/json', 'Accept': 'application/json', 'X-Auth-Token': '&lt;omitted&gt;'}
        Body: None
    Response - Headers: {'status': '404', 'content-length': '135', 'connection': 'close', 'date': 'Tue, 08 Dec 2015 14:44:05 GMT', 'content-type': 'application/json; charset=UTF-8', 'x-openstack-request-id': 'req-19d9bc83-5318-46fd-8023-dd9b620c2ef9'}
        Body: {"NeutronError": {"message": "Subnet 98c9748e-3927-47b9-92ca-bab9cb2a6393 could not be found", "type": "SubnetNotFound", "detail": ""}}
2015-12-08 14:44:05,415 27587 INFO     [tempest_lib.common.rest_client] Request (TestGettingAddress:_run_cleanups): 200 PUT http://10.0.2.15:9696/v2.0/routers/eb98a663-ebda-45fe-9400-2006d82252be/remove_router_interface 0.403s
2015-12-08 14:44:05,416 27587 DEBUG    [tempest_lib.common.rest_client] Request - Headers: {'Content-Type': 'application/json', 'Accept': 'application/json', 'X-Auth-Token': '&lt;omitted&gt;'}
        Body: {"subnet_id": "ab9fff2d-ed28-4cce-9b71-b5fd75c67ef2"}
