<?xml version="1.0" encoding="UTF-8"?>
<!DOCTYPE html PUBLIC "-//W3C//DTD XHTML 1.0 Strict//EN"
     "http://www.w3.org/TR/xhtml1/DTD/xhtml1-strict.dtd">
<html xmlns="http://www.w3.org/1999/xhtml">
<head>
    <title>Unit Test Report</title>
    <meta name="generator" content="subunit2html 0.1"/>
    <meta http-equiv="Content-Type" content="text/html; charset=UTF-8"/>
    
<style type="text/css" media="screen">
body        { font-family: verdana, arial, helvetica, sans-serif;
    font-size: 80%; }
table       { font-size: 100%; width: 100%;}
pre         { font-size: 80%; }

/* -- heading -------------------------------------------------------------- */
h1 {
        font-size: 16pt;
        color: gray;
}
.heading {
    margin-top: 0ex;
    margin-bottom: 1ex;
}

.heading .attribute {
    margin-top: 1ex;
    margin-bottom: 0;
}

.heading .description {
    margin-top: 4ex;
    margin-bottom: 6ex;
}

/* -- css div popup -------------------------------------------------------- */
a.popup_link {
}

a.popup_link:hover {
    color: red;
}

.popup_window {
    display: none;
    overflow-x: scroll;
    /*border: solid #627173 1px; */
    padding: 10px;
    background-color: #E6E6D6;
    font-family: "Ubuntu Mono", "Lucida Console", "Courier New", monospace;
    text-align: left;
    font-size: 8pt;
}

}
/* -- report --------------------------------------------------------------- */
#show_detail_line {
    margin-top: 3ex;
    margin-bottom: 1ex;
}
#result_table {
    width: 100%;
    border-collapse: collapse;
    border: 1px solid #777;
}
#header_row {
    font-weight: bold;
    color: white;
    background-color: #777;
}
#result_table td {
    border: 1px solid #777;
    padding: 2px;
}
#total_row  { font-weight: bold; }
.passClass  { background-color: #6c6; }
.failClass  { background-color: #c60; }
.errorClass { background-color: #c00; }
.passCase   { color: #6c6; }
.failCase   { color: #c60; font-weight: bold; }
.errorCase  { color: #c00; font-weight: bold; }
.hiddenRow  { display: none; }
.testcase   { margin-left: 2em; }
td.testname {width: 40%}
td.small {width: 40px}

/* -- ending --------------------------------------------------------------- */
#ending {
}

</style>

</head>
<body>
<script language="javascript" type="text/javascript"><!--
output_list = Array();

/* level - 0:Summary; 1:Failed; 2:All */
function showCase(level) {
    trs = document.getElementsByTagName("tr");
    for (var i = 0; i < trs.length; i++) {
        tr = trs[i];
        id = tr.id;
        if (id.substr(0,2) == 'ft') {
            if (level < 1) {
                tr.className = 'hiddenRow';
            }
            else {
                tr.className = '';
            }
        }
        if (id.substr(0,2) == 'pt') {
            if (level > 1) {
                tr.className = '';
            }
            else {
                tr.className = 'hiddenRow';
            }
        }
    }
}


function showClassDetail(cid, count) {
    var id_list = Array(count);
    var toHide = 1;
    for (var i = 0; i < count; i++) {
        tid0 = 't' + cid.substr(1) + '.' + (i+1);
        tid = 'f' + tid0;
        tr = document.getElementById(tid);
        if (!tr) {
            tid = 'p' + tid0;
            tr = document.getElementById(tid);
        }
        id_list[i] = tid;
        if (tr.className) {
            toHide = 0;
        }
    }
    for (var i = 0; i < count; i++) {
        tid = id_list[i];
        if (toHide) {
            document.getElementById('div_'+tid).style.display = 'none'
            document.getElementById(tid).className = 'hiddenRow';
        }
        else {
            document.getElementById(tid).className = '';
        }
    }
}


function showTestDetail(div_id){
    var details_div = document.getElementById(div_id)
    var displayState = details_div.style.display
    // alert(displayState)
    if (displayState != 'block' ) {
        displayState = 'block'
        details_div.style.display = 'block'
    }
    else {
        details_div.style.display = 'none'
    }
}


function html_escape(s) {
    s = s.replace(/&/g,'&amp;');
    s = s.replace(/</g,'&lt;');
    s = s.replace(/>/g,'&gt;');
    return s;
}

/* obsoleted by detail in <div>
function showOutput(id, name) {
    var w = window.open("", //url
                    name,
                    "resizable,scrollbars,status,width=800,height=450");
    d = w.document;
    d.write("<pre>");
    d.write(html_escape(output_list[id]));
    d.write("\n");
    d.write("<a href='javascript:window.close()'>close</a>\n");
    d.write("</pre>\n");
    d.close();
}
*/
--></script>

<div class='heading'>
<h1>Unit Test Report</h1>

<p class='attribute'><strong>Status:</strong> Failure 8</p>

<p class='description'></p>
</div>



<p id='show_detail_line'>Show
<a href='javascript:showCase(0)'>Summary</a>
<a href='javascript:showCase(1)'>Failed</a>
<a href='javascript:showCase(2)'>All</a>
</p>
<table id='result_table'>
<colgroup>
<col align='left' />
<col align='right' />
<col align='right' />
<col align='right' />
<col align='right' />
<col align='right' />
<col align='right' />
<col align='right' />
</colgroup>
<tr id='header_row'>
    <td>Test Group/Test case</td>
    <td>Count</td>
    <td>Pass</td>
    <td>Fail</td>
    <td>Error</td>
    <td>Skip</td>
    <td>View</td>
    <td> </td>
</tr>

<tr class='failClass'>
    <td class="testname">tempest.scenario.test_network_v6.TestGettingAddress</td>
    <td class="small">8</td>
    <td class="small">0</td>
    <td class="small">8</td>
    <td class="small">0</td>
    <td class="small">0</td>
    <td class="small"><a href="javascript:showClassDetail('c1',8)"
>Detail</a></td>
    <td> </td>
</tr>

<tr id='ft1.1' class='none'>
    <td class='failCase'><div class='testcase'>test_dhcp6_stateless_from_os[compute,id-d7e1f858-187c-45a6-89c9-bdafde619a9f,network]</div></td>
    <td colspan='7' align='left'>

    <!--css div popup start-->
    <a class="popup_link" onfocus='this.blur();'
    href="javascript:showTestDetail('div_ft1.1')" >
        fail</a>

    <div id='div_ft1.1' class="popup_window">
        <div style='text-align: right; color:red;cursor:pointer'>
        <a onfocus='this.blur();'
onclick="document.getElementById('div_ft1.1').style.display = 'none' " >
           [x]</a>
        </div>
        <pre>
        
ft1.1: tempest.scenario.test_network_v6.TestGettingAddress.test_dhcp6_stateless_from_os[compute,id-d7e1f858-187c-45a6-89c9-bdafde619a9f,network]_StringException: Empty attachments:
  stderr
  stdout

pythonlogging:'': {{{
2015-12-18 21:58:02,547 20929 INFO     [tempest_lib.common.rest_client] Request (TestGettingAddress:setUp): 200 POST http://10.0.2.15:8774/v2.1/165f8180a8a04a8f8945a00404808eea/os-keypairs 0.529s
2015-12-18 21:58:02,547 20929 DEBUG    [tempest_lib.common.rest_client] Request - Headers: {'Content-Type': 'application/json', 'Accept': 'application/json', 'X-Auth-Token': '&lt;omitted&gt;'}
        Body: {"keypair": {"name": "tempest-TestGettingAddress-1437648265"}}
    Response - Headers: {'status': '200', 'content-length': '2320', 'x-compute-request-id': 'req-8c66fb86-31fa-4f55-adf6-3979553872d7', 'vary': 'X-OpenStack-Nova-API-Version', 'connection': 'close', 'x-openstack-nova-api-version': '2.1', 'date': 'Fri, 18 Dec 2015 21:58:02 GMT', 'content-type': 'application/json'}
        Body: {"keypair": {"public_key": "ssh-rsa AAAAB3NzaC1yc2EAAAADAQABAAABAQCw/+saTLcboRnH4Alyr8taAY9WfsJmbDcY9I9Ku0kz1VHPZslZgjmqTUqXfBhQDYDKLMwdplunmjE/oDJ2Tjbipb/xsjyYdmCGVlnFwE+ajrllN7wYZ8GCFILxRqSW9u48PTrFp/LUuS8iasRYopAHZk8V2ovMz/PU0XbGHPrrobZfzfLqOLCEBivYUbma1x3U6v2+LRV7+AY+eDr7JGVwR8128GWR55PQJnEaJmWJk2D/PWACq30wUUeftgF+JQqyJqKTNq9HUnvuavuXWmq1JG81Qe6uIiVKVUSr/+wP/HjCkLJziUS63gJ1OZOh3YNAMoNkj95dQ4X+IIhz74xp Generated-by-Nova", "private_key": "-----BEGIN RSA PRIVATE KEY-----\nMIIEpwIBAAKCAQEAsP/rGky3G6EZx+AJcq/LWgGPVn7CZmw3GPSPSrtJM9VRz2bJ\nWYI5qk1Kl3wYUA2AyizMHaZbp5oxP6Aydk424qW/8bI8mHZghlZZxcBPmo65ZTe8\nGGfBghSC8UaklvbuPD06xafy1LkvImrEWKKQB2ZPFdqLzM/z1NF2xhz666G2X83y\n6jiwhAYr2FG5mtcd1Or9vi0Ve/gGPng6+yRlcEfNdvBlkeeT0CZxGiZliZNg/z1g\nAqt9MFFHn7YBfiUKsiaikzavR1J77mr7l1pqtSRvNUHuriIlSlVEq//sD/x4wpCy\nc4lEut4CdTmTod2DQDKDZI/eXUOF/iCIc++MaQIDAQABAoIBADrdoi8o/Gzv80cK\nN5ow5QyWIDnABp9RtjFShKVyDDJ067Ryltxx9wOwmPIwj1VwaDjVFT13KlxfZ6ml\neaLm+FIAlgmoIYcDN6714P1nrBHXDcmf86qaNz0v3SypNewPS8Q1COrbpGMjA44K\nvCpORmBvojW+bWg8cPeCgmH5GWpr28WnUeU8RLoYrol2e0BmDgXf9HSPuRACxo8d\nFkGTZWK66DztSx8an2vxzj1Vr/Tcwy2Uy+aWXOUf3jI17RIwjwEnUEpEd9X5Mulf\nlDsqnbBbyiyIiOExhgWIcozKlOqi+BQr7VPUtVGSnDASSP7XGodNruIk8NSnENEY\nft+YCEECggCBAMOHtSwjNkpzEHVloshcbF7FsnZL+d2pj8Sgqx1sGCUXH9Y7Egew\niF0onfk0KHyfwYFA/EpPZg7GdXHUxMUinczfjpkXfcaJ/toQCOOPzi6fUEhGFL9I\nfVDUjpI4wr6KB3PUe7Bzh5ayNvrrqiLks2uhRA02oDvH/4gWrB3oCqzNAoIAgQDn\nvSPqkglIKJMjj1RyyKrAzG/8hFUqk4xmzaHUbMd7tRg9PNZVFxkKgk9ERroNz4CA\nlDTaLrYBDCth0ajAm6Nqh02OF6TGymASZ7oGDOrMMDb4d1fHyI7OFOtLW+xNpN88\nMJtzOjE2EHPAnIL6VVXEw88lg9HQavvby0Asb7feDQKCAIApr4D8i/VDIgzcOnLd\n7HZeLh/CAKigjUnNTcOtXiI3phpvfeB2KzinQ8WKH4iSKS0D9WrUHOFRPRZE0muw\n65Rg3Th1gwCZl0nyC4EZosr+PZDMF8TMkxPEa8yJd/hsztiP5TkJgVfi1NPL4vo+\nvitSQutTNdYraJQd21eOeK3t8QKCAIBAnQMDp15BKVcFRjR0oLDDev0KeldIvMUb\n8N/bW80vF+o/QNQ9+2e2/2hckB/WM/IPZ8NoxjdnCV6bMpsLwRmKXVlpcfw2lTy+\nRP+gKj/ZWOQq2RO3l5sBqOGGLIYxi/PWU3M0aJhKC8JKhRkb9WkpqLL8Mcnxg7Lf\nsMce3LN2jQKCAIAhDBJYj5e94wB4WXLqsvKEhKp3ZS87ql3riFMU+E7xFHNxr3HP\nFlIpbGZ5WyWllp194atB2tYwXLqlNJUxh05EPswkk/17doA/tFq2aWsNP5/V3ITv\npXEry0fK/CdVFvNYwzxPbFEeQjkklIlB5PZ56RWja1S/uVZilaQxTyFN+w==\n-----END RSA PRIVATE KEY-----\n", "user_id": "57c8bea131434210bdbd02db3a95b751", "name": "tempest-TestGettingAddress-1437648265", "fingerprint": "c9:92:bb:34:da:7f:66:6f:fa:07:a2:a9:d5:b9:6c:a5"}}
2015-12-18 21:58:02,853 20929 INFO     [tempest_lib.common.rest_client] Request (TestGettingAddress:setUp): 201 POST http://10.0.2.15:9696/v2.0/security-groups 0.301s
2015-12-18 21:58:02,854 20929 DEBUG    [tempest_lib.common.rest_client] Request - Headers: {'Content-Type': 'application/json', 'Accept': 'application/json', 'X-Auth-Token': '&lt;omitted&gt;'}
        Body: {"security_group": {"tenant_id": "165f8180a8a04a8f8945a00404808eea", "description": "tempest-secgroup-smoke-2057601588 description", "name": "tempest-secgroup-smoke-2057601588"}}
    Response - Headers: {'status': '201', 'content-length': '888', 'connection': 'close', 'date': 'Fri, 18 Dec 2015 21:58:02 GMT', 'content-type': 'application/json; charset=UTF-8', 'x-openstack-request-id': 'req-2865ba8b-56d5-4bca-a9d9-b12cf1de40ae'}
        Body: {"security_group": {"tenant_id": "165f8180a8a04a8f8945a00404808eea", "description": "tempest-secgroup-smoke-2057601588 description", "id": "fd5d1c63-1400-48e2-a647-cdaaf27415b4", "security_group_rules": [{"remote_group_id": null, "direction": "egress", "remote_ip_prefix": null, "protocol": null, "ethertype": "IPv4", "tenant_id": "165f8180a8a04a8f8945a00404808eea", "port_range_max": null, "port_range_min": null, "id": "94c660dc-7bea-414d-b5a1-0578ee053e13", "security_group_id": "fd5d1c63-1400-48e2-a647-cdaaf27415b4"}, {"remote_group_id": null, "direction": "egress", "remote_ip_prefix": null, "protocol": null, "ethertype": "IPv6", "tenant_id": "165f8180a8a04a8f8945a00404808eea", "port_range_max": null, "port_range_min": null, "id": "bef99bd7-4b29-4685-8b0a-94afbfb61ac5", "security_group_id": "fd5d1c63-1400-48e2-a647-cdaaf27415b4"}], "name": "tempest-secgroup-smoke-2057601588"}}
2015-12-18 21:58:02,966 20929 INFO     [tempest_lib.common.rest_client] Request (TestGettingAddress:setUp): 201 POST http://10.0.2.15:9696/v2.0/security-group-rules 0.111s
2015-12-18 21:58:02,967 20929 DEBUG    [tempest_lib.common.rest_client] Request - Headers: {'Content-Type': 'application/json', 'Accept': 'application/json', 'X-Auth-Token': '&lt;omitted&gt;'}
        Body: {"security_group_rule": {"direction": "ingress", "protocol": "tcp", "tenant_id": "165f8180a8a04a8f8945a00404808eea", "port_range_max": 22, "security_group_id": "fd5d1c63-1400-48e2-a647-cdaaf27415b4", "port_range_min": 22}}
    Response - Headers: {'status': '201', 'content-length': '340', 'connection': 'close', 'date': 'Fri, 18 Dec 2015 21:58:02 GMT', 'content-type': 'application/json; charset=UTF-8', 'x-openstack-request-id': 'req-8a2a40ec-6562-41e4-b461-81f1902b3d4c'}
        Body: {"security_group_rule": {"remote_group_id": null, "direction": "ingress", "remote_ip_prefix": null, "protocol": "tcp", "ethertype": "IPv4", "tenant_id": "165f8180a8a04a8f8945a00404808eea", "port_range_max": 22, "port_range_min": 22, "id": "be403b6d-a8dd-4336-b2b1-efcaeed22a01", "security_group_id": "fd5d1c63-1400-48e2-a647-cdaaf27415b4"}}
2015-12-18 21:58:03,208 20929 INFO     [tempest_lib.common.rest_client] Request (TestGettingAddress:setUp): 201 POST http://10.0.2.15:9696/v2.0/security-group-rules 0.240s
2015-12-18 21:58:03,209 20929 DEBUG    [tempest_lib.common.rest_client] Request - Headers: {'Content-Type': 'application/json', 'Accept': 'application/json', 'X-Auth-Token': '&lt;omitted&gt;'}
        Body: {"security_group_rule": {"direction": "egress", "protocol": "tcp", "tenant_id": "165f8180a8a04a8f8945a00404808eea", "port_range_max": 22, "security_group_id": "fd5d1c63-1400-48e2-a647-cdaaf27415b4", "port_range_min": 22}}
    Response - Headers: {'status': '201', 'content-length': '339', 'connection': 'close', 'date': 'Fri, 18 Dec 2015 21:58:03 GMT', 'content-type': 'application/json; charset=UTF-8', 'x-openstack-request-id': 'req-88a29c38-4ba1-4295-9d46-19ad94b068aa'}
        Body: {"security_group_rule": {"remote_group_id": null, "direction": "egress", "remote_ip_prefix": null, "protocol": "tcp", "ethertype": "IPv4", "tenant_id": "165f8180a8a04a8f8945a00404808eea", "port_range_max": 22, "port_range_min": 22, "id": "c4adb4b9-176b-4dee-8cec-28f7f00d9157", "security_group_id": "fd5d1c63-1400-48e2-a647-cdaaf27415b4"}}
2015-12-18 21:58:03,314 20929 INFO     [tempest_lib.common.rest_client] Request (TestGettingAddress:setUp): 201 POST http://10.0.2.15:9696/v2.0/security-group-rules 0.105s
2015-12-18 21:58:03,315 20929 DEBUG    [tempest_lib.common.rest_client] Request - Headers: {'Content-Type': 'application/json', 'Accept': 'application/json', 'X-Auth-Token': '&lt;omitted&gt;'}
        Body: {"security_group_rule": {"tenant_id": "165f8180a8a04a8f8945a00404808eea", "direction": "ingress", "protocol": "icmp", "security_group_id": "fd5d1c63-1400-48e2-a647-cdaaf27415b4"}}
    Response - Headers: {'status': '201', 'content-length': '345', 'connection': 'close', 'date': 'Fri, 18 Dec 2015 21:58:03 GMT', 'content-type': 'application/json; charset=UTF-8', 'x-openstack-request-id': 'req-13214d43-580a-45d6-8513-7f4eb04f5ca3'}
        Body: {"security_group_rule": {"remote_group_id": null, "direction": "ingress", "remote_ip_prefix": null, "protocol": "icmp", "ethertype": "IPv4", "tenant_id": "165f8180a8a04a8f8945a00404808eea", "port_range_max": null, "port_range_min": null, "id": "94c163c6-1bff-4dee-980e-808f097889cf", "security_group_id": "fd5d1c63-1400-48e2-a647-cdaaf27415b4"}}
2015-12-18 21:58:03,422 20929 INFO     [tempest_lib.common.rest_client] Request (TestGettingAddress:setUp): 201 POST http://10.0.2.15:9696/v2.0/security-group-rules 0.106s
2015-12-18 21:58:03,422 20929 DEBUG    [tempest_lib.common.rest_client] Request - Headers: {'Content-Type': 'application/json', 'Accept': 'application/json', 'X-Auth-Token': '&lt;omitted&gt;'}
        Body: {"security_group_rule": {"tenant_id": "165f8180a8a04a8f8945a00404808eea", "direction": "egress", "protocol": "icmp", "security_group_id": "fd5d1c63-1400-48e2-a647-cdaaf27415b4"}}
    Response - Headers: {'status': '201', 'content-length': '344', 'connection': 'close', 'date': 'Fri, 18 Dec 2015 21:58:03 GMT', 'content-type': 'application/json; charset=UTF-8', 'x-openstack-request-id': 'req-fdbccb81-04d4-49f7-ab9f-9836224394bd'}
        Body: {"security_group_rule": {"remote_group_id": null, "direction": "egress", "remote_ip_prefix": null, "protocol": "icmp", "ethertype": "IPv4", "tenant_id": "165f8180a8a04a8f8945a00404808eea", "port_range_max": null, "port_range_min": null, "id": "47e78f4e-73bf-4a86-99db-9085abd0ee3b", "security_group_id": "fd5d1c63-1400-48e2-a647-cdaaf27415b4"}}
2015-12-18 21:58:03,541 20929 INFO     [tempest_lib.common.rest_client] Request (TestGettingAddress:setUp): 201 POST http://10.0.2.15:9696/v2.0/security-group-rules 0.117s
2015-12-18 21:58:03,542 20929 DEBUG    [tempest_lib.common.rest_client] Request - Headers: {'Content-Type': 'application/json', 'Accept': 'application/json', 'X-Auth-Token': '&lt;omitted&gt;'}
        Body: {"security_group_rule": {"tenant_id": "165f8180a8a04a8f8945a00404808eea", "direction": "ingress", "security_group_id": "fd5d1c63-1400-48e2-a647-cdaaf27415b4", "protocol": "icmp", "ethertype": "IPv6"}}
    Response - Headers: {'status': '201', 'content-length': '345', 'connection': 'close', 'date': 'Fri, 18 Dec 2015 21:58:03 GMT', 'content-type': 'application/json; charset=UTF-8', 'x-openstack-request-id': 'req-5b45e05d-fb1c-4668-9074-ea02da38d3b0'}
        Body: {"security_group_rule": {"remote_group_id": null, "direction": "ingress", "remote_ip_prefix": null, "protocol": "icmp", "ethertype": "IPv6", "tenant_id": "165f8180a8a04a8f8945a00404808eea", "port_range_max": null, "port_range_min": null, "id": "cdebcb63-ffbc-458d-854d-beb1123fac5b", "security_group_id": "fd5d1c63-1400-48e2-a647-cdaaf27415b4"}}
2015-12-18 21:58:03,656 20929 INFO     [tempest_lib.common.rest_client] Request (TestGettingAddress:setUp): 201 POST http://10.0.2.15:9696/v2.0/security-group-rules 0.112s
2015-12-18 21:58:03,656 20929 DEBUG    [tempest_lib.common.rest_client] Request - Headers: {'Content-Type': 'application/json', 'Accept': 'application/json', 'X-Auth-Token': '&lt;omitted&gt;'}
        Body: {"security_group_rule": {"tenant_id": "165f8180a8a04a8f8945a00404808eea", "direction": "egress", "security_group_id": "fd5d1c63-1400-48e2-a647-cdaaf27415b4", "protocol": "icmp", "ethertype": "IPv6"}}
    Response - Headers: {'status': '201', 'content-length': '344', 'connection': 'close', 'date': 'Fri, 18 Dec 2015 21:58:03 GMT', 'content-type': 'application/json; charset=UTF-8', 'x-openstack-request-id': 'req-49916e70-ec4f-43c9-89f7-92bfa30a5c07'}
        Body: {"security_group_rule": {"remote_group_id": null, "direction": "egress", "remote_ip_prefix": null, "protocol": "icmp", "ethertype": "IPv6", "tenant_id": "165f8180a8a04a8f8945a00404808eea", "port_range_max": null, "port_range_min": null, "id": "f82536df-a370-4942-abb5-cca5b2e548fc", "security_group_id": "fd5d1c63-1400-48e2-a647-cdaaf27415b4"}}
2015-12-18 21:58:03,791 20929 INFO     [tempest_lib.common.rest_client] Request (TestGettingAddress:test_dhcp6_stateless_from_os): 201 POST http://10.0.2.15:9696/v2.0/networks 0.133s
2015-12-18 21:58:03,792 20929 DEBUG    [tempest_lib.common.rest_client] Request - Headers: {'Content-Type': 'application/json', 'Accept': 'application/json', 'X-Auth-Token': '&lt;omitted&gt;'}
        Body: {"network": {"tenant_id": "165f8180a8a04a8f8945a00404808eea", "name": "tempest-network-smoke--1070694777"}}
    Response - Headers: {'status': '201', 'content-length': '296', 'connection': 'close', 'date': 'Fri, 18 Dec 2015 21:58:03 GMT', 'content-type': 'application/json; charset=UTF-8', 'x-openstack-request-id': 'req-d4e3aa95-bf10-4519-833d-af1f177e668b'}
        Body: {"network": {"status": "ACTIVE", "subnets": [], "name": "tempest-network-smoke--1070694777", "admin_state_up": true, "tenant_id": "165f8180a8a04a8f8945a00404808eea", "mtu": 0, "router:external": false, "shared": false, "port_security_enabled": true, "id": "c1240d59-fcf3-4148-8243-2c0ce32ef9d5"}}
2015-12-18 21:58:03,950 20929 INFO     [tempest_lib.common.rest_client] Request (TestGettingAddress:test_dhcp6_stateless_from_os): 200 GET http://10.0.2.15:9696/v2.0/subnets?tenant_id=165f8180a8a04a8f8945a00404808eea&amp;cidr=10.100.0.0%2F28 0.157s
2015-12-18 21:58:03,951 20929 DEBUG    [tempest_lib.common.rest_client] Request - Headers: {'Content-Type': 'application/json', 'Accept': 'application/json', 'X-Auth-Token': '&lt;omitted&gt;'}
        Body: None
    Response - Headers: {'status': '200', 'content-length': '15', 'content-location': 'http://10.0.2.15:9696/v2.0/subnets?tenant_id=165f8180a8a04a8f8945a00404808eea&amp;cidr=10.100.0.0%2F28', 'connection': 'close', 'date': 'Fri, 18 Dec 2015 21:58:03 GMT', 'content-type': 'application/json; charset=UTF-8', 'x-openstack-request-id': 'req-a293b2ea-9777-4663-aa1b-4c4e611eb4fc'}
        Body: {"subnets": []}
2015-12-18 21:58:04,235 20929 INFO     [tempest_lib.common.rest_client] Request (TestGettingAddress:test_dhcp6_stateless_from_os): 201 POST http://10.0.2.15:9696/v2.0/subnets 0.283s
2015-12-18 21:58:04,236 20929 DEBUG    [tempest_lib.common.rest_client] Request - Headers: {'Content-Type': 'application/json', 'Accept': 'application/json', 'X-Auth-Token': '&lt;omitted&gt;'}
        Body: {"subnet": {"ip_version": 4, "tenant_id": "165f8180a8a04a8f8945a00404808eea", "cidr": "10.100.0.0/28", "network_id": "c1240d59-fcf3-4148-8243-2c0ce32ef9d5", "name": "tempest-sub4-182146617"}}
    Response - Headers: {'status': '201', 'content-length': '469', 'connection': 'close', 'date': 'Fri, 18 Dec 2015 21:58:04 GMT', 'content-type': 'application/json; charset=UTF-8', 'x-openstack-request-id': 'req-0d3e8ea3-1475-471b-aac7-dcef96a21b20'}
        Body: {"subnet": {"name": "tempest-sub4-182146617", "enable_dhcp": true, "network_id": "c1240d59-fcf3-4148-8243-2c0ce32ef9d5", "tenant_id": "165f8180a8a04a8f8945a00404808eea", "dns_nameservers": [], "gateway_ip": "10.100.0.1", "ipv6_ra_mode": null, "allocation_pools": [{"start": "10.100.0.2", "end": "10.100.0.14"}], "host_routes": [], "ip_version": 4, "ipv6_address_mode": null, "cidr": "10.100.0.0/28", "id": "a874b10c-1883-4879-9916-5431a8d2d6eb", "subnetpool_id": null}}
2015-12-18 21:58:04,321 20929 INFO     [tempest_lib.common.rest_client] Request (TestGettingAddress:test_dhcp6_stateless_from_os): 201 POST http://10.0.2.15:9696/v2.0/routers 0.084s
2015-12-18 21:58:04,322 20929 DEBUG    [tempest_lib.common.rest_client] Request - Headers: {'Content-Type': 'application/json', 'Accept': 'application/json', 'X-Auth-Token': '&lt;omitted&gt;'}
        Body: {"router": {"tenant_id": "165f8180a8a04a8f8945a00404808eea", "name": "tempest-router-smoke-954462328", "admin_state_up": true}}
    Response - Headers: {'status': '201', 'content-length': '238', 'connection': 'close', 'date': 'Fri, 18 Dec 2015 21:58:04 GMT', 'content-type': 'application/json; charset=UTF-8', 'x-openstack-request-id': 'req-46aca729-175f-4e02-89ef-2826c5b692b6'}
        Body: {"router": {"status": "ACTIVE", "external_gateway_info": null, "name": "tempest-router-smoke-954462328", "admin_state_up": true, "tenant_id": "165f8180a8a04a8f8945a00404808eea", "routes": [], "id": "973415a7-5c5b-4e29-bb81-ef08b821b9df"}}
2015-12-18 21:58:04,363 20929 INFO     [tempest_lib.common.rest_client] Request (TestGettingAddress:test_dhcp6_stateless_from_os): 200 GET http://10.0.2.15:9696/v2.0/routers/973415a7-5c5b-4e29-bb81-ef08b821b9df 0.039s
2015-12-18 21:58:04,363 20929 DEBUG    [tempest_lib.common.rest_client] Request - Headers: {'Content-Type': 'application/json', 'Accept': 'application/json', 'X-Auth-Token': '&lt;omitted&gt;'}
        Body: None
    Response - Headers: {'status': '200', 'content-length': '238', 'content-location': 'http://10.0.2.15:9696/v2.0/routers/973415a7-5c5b-4e29-bb81-ef08b821b9df', 'connection': 'close', 'date': 'Fri, 18 Dec 2015 21:58:04 GMT', 'content-type': 'application/json; charset=UTF-8', 'x-openstack-request-id': 'req-6cd28437-7085-488b-8b24-561b82d3a723'}
        Body: {"router": {"status": "ACTIVE", "external_gateway_info": null, "name": "tempest-router-smoke-954462328", "admin_state_up": true, "tenant_id": "165f8180a8a04a8f8945a00404808eea", "routes": [], "id": "973415a7-5c5b-4e29-bb81-ef08b821b9df"}}
2015-12-18 21:58:04,955 20929 INFO     [tempest_lib.common.rest_client] Request (TestGettingAddress:test_dhcp6_stateless_from_os): 200 PUT http://10.0.2.15:9696/v2.0/routers/973415a7-5c5b-4e29-bb81-ef08b821b9df 0.590s
2015-12-18 21:58:04,955 20929 DEBUG    [tempest_lib.common.rest_client] Request - Headers: {'Content-Type': 'application/json', 'Accept': 'application/json', 'X-Auth-Token': '&lt;omitted&gt;'}
        Body: {"router": {"external_gateway_info": {"network_id": "68100ea6-6208-4d12-8921-e2b6581461d7"}, "name": "tempest-router-smoke-954462328", "admin_state_up": true}}
    Response - Headers: {'status': '200', 'content-length': '500', 'connection': 'close', 'date': 'Fri, 18 Dec 2015 21:58:04 GMT', 'content-type': 'application/json; charset=UTF-8', 'x-openstack-request-id': 'req-b4617c9e-a576-4dcb-8ccb-4e9173a38af2'}
        Body: {"router": {"status": "ACTIVE", "external_gateway_info": {"network_id": "68100ea6-6208-4d12-8921-e2b6581461d7", "enable_snat": true, "external_fixed_ips": [{"subnet_id": "5b96e358-da2b-4cac-a9d8-e6c6aafe3833", "ip_address": "172.24.4.3"}, {"subnet_id": "fa11228a-6b08-458d-91a5-a0958dd69376", "ip_address": "2001:db8::4"}]}, "name": "tempest-router-smoke-954462328", "admin_state_up": true, "tenant_id": "165f8180a8a04a8f8945a00404808eea", "routes": [], "id": "973415a7-5c5b-4e29-bb81-ef08b821b9df"}}
2015-12-18 21:58:05,351 20929 INFO     [tempest_lib.common.rest_client] Request (TestGettingAddress:test_dhcp6_stateless_from_os): 200 PUT http://10.0.2.15:9696/v2.0/routers/973415a7-5c5b-4e29-bb81-ef08b821b9df/add_router_interface 0.395s
2015-12-18 21:58:05,352 20929 DEBUG    [tempest_lib.common.rest_client] Request - Headers: {'Content-Type': 'application/json', 'Accept': 'application/json', 'X-Auth-Token': '&lt;omitted&gt;'}
        Body: {"subnet_id": "a874b10c-1883-4879-9916-5431a8d2d6eb"}
    Response - Headers: {'status': '200', 'content-length': '255', 'connection': 'close', 'date': 'Fri, 18 Dec 2015 21:58:05 GMT', 'content-type': 'application/json; charset=UTF-8', 'x-openstack-request-id': 'req-2463b740-a7de-4030-bac5-ff4c67ba1fae'}
        Body: {"subnet_id": "a874b10c-1883-4879-9916-5431a8d2d6eb", "tenant_id": "165f8180a8a04a8f8945a00404808eea", "subnet_ids": ["a874b10c-1883-4879-9916-5431a8d2d6eb"], "port_id": "787d2be8-8dda-47f7-9aa3-cd7256d5ea3c", "id": "973415a7-5c5b-4e29-bb81-ef08b821b9df"}
2015-12-18 21:58:05,384 20929 INFO     [tempest_lib.common.rest_client] Request (TestGettingAddress:test_dhcp6_stateless_from_os): 200 GET http://10.0.2.15:9696/v2.0/subnets?tenant_id=165f8180a8a04a8f8945a00404808eea&amp;cidr=2003%3A%3A%2F64 0.031s
2015-12-18 21:58:05,384 20929 DEBUG    [tempest_lib.common.rest_client] Request - Headers: {'Content-Type': 'application/json', 'Accept': 'application/json', 'X-Auth-Token': '&lt;omitted&gt;'}
        Body: None
    Response - Headers: {'status': '200', 'content-length': '15', 'content-location': 'http://10.0.2.15:9696/v2.0/subnets?tenant_id=165f8180a8a04a8f8945a00404808eea&amp;cidr=2003%3A%3A%2F64', 'connection': 'close', 'date': 'Fri, 18 Dec 2015 21:58:05 GMT', 'content-type': 'application/json; charset=UTF-8', 'x-openstack-request-id': 'req-6d325218-a9cc-460c-b524-2715cd20df62'}
        Body: {"subnets": []}
2015-12-18 21:58:05,651 20929 INFO     [tempest_lib.common.rest_client] Request (TestGettingAddress:test_dhcp6_stateless_from_os): 201 POST http://10.0.2.15:9696/v2.0/subnets 0.266s
2015-12-18 21:58:05,652 20929 DEBUG    [tempest_lib.common.rest_client] Request - Headers: {'Content-Type': 'application/json', 'Accept': 'application/json', 'X-Auth-Token': '&lt;omitted&gt;'}
        Body: {"subnet": {"name": "tempest-sub6-1346195072", "network_id": "c1240d59-fcf3-4148-8243-2c0ce32ef9d5", "tenant_id": "165f8180a8a04a8f8945a00404808eea", "ipv6_ra_mode": "dhcpv6-stateless", "ip_version": 6, "ipv6_address_mode": "dhcpv6-stateless", "cidr": "2003::/64"}}
    Response - Headers: {'status': '201', 'content-length': '502', 'connection': 'close', 'date': 'Fri, 18 Dec 2015 21:58:05 GMT', 'content-type': 'application/json; charset=UTF-8', 'x-openstack-request-id': 'req-1ea0ffb0-8f3d-4d84-b07b-fdc948ef4f40'}
        Body: {"subnet": {"name": "tempest-sub6-1346195072", "enable_dhcp": true, "network_id": "c1240d59-fcf3-4148-8243-2c0ce32ef9d5", "tenant_id": "165f8180a8a04a8f8945a00404808eea", "dns_nameservers": [], "gateway_ip": "2003::1", "ipv6_ra_mode": "dhcpv6-stateless", "allocation_pools": [{"start": "2003::2", "end": "2003::ffff:ffff:ffff:ffff"}], "host_routes": [], "ip_version": 6, "ipv6_address_mode": "dhcpv6-stateless", "cidr": "2003::/64", "id": "e3e40078-ab12-41af-9ee2-460dcadd7033", "subnetpool_id": null}}
2015-12-18 21:58:06,113 20929 INFO     [tempest_lib.common.rest_client] Request (TestGettingAddress:test_dhcp6_stateless_from_os): 200 PUT http://10.0.2.15:9696/v2.0/routers/973415a7-5c5b-4e29-bb81-ef08b821b9df/add_router_interface 0.460s
2015-12-18 21:58:06,114 20929 DEBUG    [tempest_lib.common.rest_client] Request - Headers: {'Content-Type': 'application/json', 'Accept': 'application/json', 'X-Auth-Token': '&lt;omitted&gt;'}
        Body: {"subnet_id": "e3e40078-ab12-41af-9ee2-460dcadd7033"}
    Response - Headers: {'status': '200', 'content-length': '255', 'connection': 'close', 'date': 'Fri, 18 Dec 2015 21:58:06 GMT', 'content-type': 'application/json; charset=UTF-8', 'x-openstack-request-id': 'req-0348bd99-e83c-4cee-b6e6-977e922c8128'}
        Body: {"subnet_id": "e3e40078-ab12-41af-9ee2-460dcadd7033", "tenant_id": "165f8180a8a04a8f8945a00404808eea", "subnet_ids": ["e3e40078-ab12-41af-9ee2-460dcadd7033"], "port_id": "a9e6de15-c2c7-4106-9b10-9310b6a051ac", "id": "973415a7-5c5b-4e29-bb81-ef08b821b9df"}
2015-12-18 21:58:06,212 20929 INFO     [tempest_lib.common.rest_client] Request (TestGettingAddress:test_dhcp6_stateless_from_os): 200 POST http://10.0.2.15:5000/v2.0/tokens
2015-12-18 21:58:06,213 20929 DEBUG    [tempest_lib.common.rest_client] Request - Headers: {'Content-Type': 'application/json', 'Accept': 'application/json'}
        Body: &lt;omitted&gt;
    Response - Headers: {'status': '200', 'content-length': '2526', 'vary': 'X-Auth-Token', 'server': 'Apache/2.4.7 (Ubuntu)', 'connection': 'close', 'date': 'Fri, 18 Dec 2015 21:58:06 GMT', 'content-type': 'application/json', 'x-openstack-request-id': 'req-717d2b75-0798-417d-98a8-ae76c3392c86'}
        Body: {"access": {"token": {"issued_at": "2015-12-18T21:58:06.202957", "expires": "2015-12-18T22:58:06Z", "id": "afa9a05351a94d7b9ab0c5d8820a3f9b", "tenant": {"description": "tempest-TestGettingAddress-1598618228-desc", "enabled": true, "id": "165f8180a8a04a8f8945a00404808eea", "name": "tempest-TestGettingAddress-1598618228"}, "audit_ids": ["nFgEJezrQFu5C-DMN5hZ9g"]}, "serviceCatalog": [{"endpoints": [{"adminURL": "http://10.0.2.15:8774/v2.1/165f8180a8a04a8f8945a00404808eea", "region": "RegionOne", "internalURL": "http://10.0.2.15:8774/v2.1/165f8180a8a04a8f8945a00404808eea", "id": "0cf168765e004ea9873ca51b7cd0ddf2", "publicURL": "http://10.0.2.15:8774/v2.1/165f8180a8a04a8f8945a00404808eea"}], "endpoints_links": [], "type": "compute", "name": "nova"}, {"endpoints": [{"adminURL": "http://10.0.2.15:9696/", "region": "RegionOne", "internalURL": "http://10.0.2.15:9696/", "id": "226ac26697c84638b25b0743cff1bd97", "publicURL": "http://10.0.2.15:9696/"}], "endpoints_links": [], "type": "network", "name": "neutron"}, {"endpoints": [{"adminURL": "http://10.0.2.15:9292", "region": "RegionOne", "internalURL": "http://10.0.2.15:9292", "id": "00bd0624208b4e86a58ea61dd982f2ed", "publicURL": "http://10.0.2.15:9292"}], "endpoints_links": [], "type": "image", "name": "glance"}, {"endpoints": [{"adminURL": "http://10.0.2.15:8774/v2/165f8180a8a04a8f8945a00404808eea", "region": "RegionOne", "internalURL": "http://10.0.2.15:8774/v2/165f8180a8a04a8f8945a00404808eea", "id": "9ec337ffcfa24d219e74861aeae5b41e", "publicURL": "http://10.0.2.15:8774/v2/165f8180a8a04a8f8945a00404808eea"}], "endpoints_links": [], "type": "compute_legacy", "name": "nova_legacy"}, {"endpoints": [{"adminURL": "http://10.0.2.15:8773/", "region": "RegionOne", "internalURL": "http://10.0.2.15:8773/", "id": "0c2daf0e4b494345b29c9fd29f01532c", "publicURL": "http://10.0.2.15:8773/"}], "endpoints_links": [], "type": "ec2", "name": "ec2"}, {"endpoints": [{"adminURL": "http://10.0.2.15:35357/v2.0", "region": "RegionOne", "internalURL": "http://10.0.2.15:5000/v2.0", "id": "26d2cd0b961a425585eab8a9c3a0ac70", "publicURL": "http://10.0.2.15:5000/v2.0"}], "endpoints_links": [], "type": "identity", "name": "keystone"}], "user": {"username": "tempest-TestGettingAddress-1063949777", "roles_links": [], "id": "57c8bea131434210bdbd02db3a95b751", "roles": [{"name": "Member"}, {"name": "_member_"}], "name": "tempest-TestGettingAddress-1063949777"}, "metadata": {"is_admin": 0, "roles": ["4157ad5c6b4e49e3a55cd3a02d2643ca", "9fe2ff9ee4384b1894a90878d3e92bab"]}}}
2015-12-18 21:58:06,218 20929 DEBUG    [tempest.common.fixed_network] (TestGettingAddress:test_dhcp6_stateless_from_os) No valid network provided or created, defaulting to fixed_network_name
2015-12-18 21:58:06,535 20929 INFO     [tempest_lib.common.rest_client] Request (TestGettingAddress:test_dhcp6_stateless_from_os): 200 GET http://10.0.2.15:8774/v2.1/165f8180a8a04a8f8945a00404808eea/os-networks 0.317s
2015-12-18 21:58:06,536 20929 DEBUG    [tempest_lib.common.rest_client] Request - Headers: {'Content-Type': 'application/json', 'Accept': 'application/json', 'X-Auth-Token': '&lt;omitted&gt;'}
        Body: None
    Response - Headers: {'status': '200', 'content-length': '479', 'content-location': 'http://10.0.2.15:8774/v2.1/165f8180a8a04a8f8945a00404808eea/os-networks', 'x-compute-request-id': 'req-375444f9-6661-4d94-8e47-3409a3a2dee0', 'vary': 'X-OpenStack-Nova-API-Version', 'connection': 'close', 'x-openstack-nova-api-version': '2.1', 'date': 'Fri, 18 Dec 2015 21:58:06 GMT', 'content-type': 'application/json'}
        Body: {"networks": [{"cidr_v6": null, "dns2": null, "dns1": null, "gateway": null, "broadcast": null, "netmask": null, "gateway_v6": null, "cidr": null, "label": "public", "id": "68100ea6-6208-4d12-8921-e2b6581461d7", "netmask_v6": null}, {"cidr_v6": null, "dns2": null, "dns1": null, "gateway": null, "broadcast": null, "netmask": null, "gateway_v6": null, "cidr": null, "label": "tempest-network-smoke--1070694777", "id": "c1240d59-fcf3-4148-8243-2c0ce32ef9d5", "netmask_v6": null}]}
2015-12-18 21:58:06,536 20929 WARNING  [tempest.common.fixed_network] (TestGettingAddress:test_dhcp6_stateless_from_os) Network with name: private not found
2015-12-18 21:58:06,537 20929 INFO     [tempest.common.fixed_network] (TestGettingAddress:test_dhcp6_stateless_from_os) Found network {} available for tenant
2015-12-18 21:58:07,628 20929 INFO     [tempest_lib.common.rest_client] Request (TestGettingAddress:test_dhcp6_stateless_from_os): 202 POST http://10.0.2.15:8774/v2.1/165f8180a8a04a8f8945a00404808eea/servers 1.091s
2015-12-18 21:58:07,629 20929 DEBUG    [tempest_lib.common.rest_client] Request - Headers: {'Content-Type': 'application/json', 'Accept': 'application/json', 'X-Auth-Token': '&lt;omitted&gt;'}
        Body: {"server": {"name": "tempest.common.compute-instance-1354230396", "imageRef": "ab2febd2-a046-46eb-874a-92f60bf1f86d", "key_name": "tempest-TestGettingAddress-1437648265", "flavorRef": "42", "networks": [{"uuid": "c1240d59-fcf3-4148-8243-2c0ce32ef9d5"}], "security_groups": [{"name": "tempest-secgroup-smoke-2057601588"}]}}
    Response - Headers: {'status': '202', 'content-length': '462', 'x-compute-request-id': 'req-8371297e-f11a-4a74-ab79-c404853dc219', 'vary': 'X-OpenStack-Nova-API-Version', 'connection': 'close', 'location': 'http://10.0.2.15:8774/v2.1/165f8180a8a04a8f8945a00404808eea/servers/28e4b62e-fb66-4e6d-8d87-0a50eaf9d410', 'x-openstack-nova-api-version': '2.1', 'date': 'Fri, 18 Dec 2015 21:58:07 GMT', 'content-type': 'application/json'}
        Body: {"server": {"security_groups": [{"name": "tempest-secgroup-smoke-2057601588"}], "OS-DCF:diskConfig": "MANUAL", "id": "28e4b62e-fb66-4e6d-8d87-0a50eaf9d410", "links": [{"href": "http://10.0.2.15:8774/v2.1/165f8180a8a04a8f8945a00404808eea/servers/28e4b62e-fb66-4e6d-8d87-0a50eaf9d410", "rel": "self"}, {"href": "http://10.0.2.15:8774/165f8180a8a04a8f8945a00404808eea/servers/28e4b62e-fb66-4e6d-8d87-0a50eaf9d410", "rel": "bookmark"}], "adminPass": "aC3m5TXGMf8A"}}
2015-12-18 21:58:07,783 20929 INFO     [tempest_lib.common.rest_client] Request (TestGettingAddress:test_dhcp6_stateless_from_os): 200 GET http://10.0.2.15:8774/v2.1/165f8180a8a04a8f8945a00404808eea/servers/28e4b62e-fb66-4e6d-8d87-0a50eaf9d410 0.148s
2015-12-18 21:58:07,784 20929 DEBUG    [tempest_lib.common.rest_client] Request - Headers: {'Content-Type': 'application/json', 'Accept': 'application/json', 'X-Auth-Token': '&lt;omitted&gt;'}
        Body: None
    Response - Headers: {'status': '200', 'content-length': '1355', 'content-location': 'http://10.0.2.15:8774/v2.1/165f8180a8a04a8f8945a00404808eea/servers/28e4b62e-fb66-4e6d-8d87-0a50eaf9d410', 'x-compute-request-id': 'req-eaedd4a4-3cf4-4f03-bf42-1246331342b7', 'vary': 'X-OpenStack-Nova-API-Version', 'connection': 'close', 'x-openstack-nova-api-version': '2.1', 'date': 'Fri, 18 Dec 2015 21:58:07 GMT', 'content-type': 'application/json'}
        Body: {"server": {"status": "BUILD", "updated": "2015-12-18T21:58:07Z", "hostId": "", "addresses": {}, "links": [{"href": "http://10.0.2.15:8774/v2.1/165f8180a8a04a8f8945a00404808eea/servers/28e4b62e-fb66-4e6d-8d87-0a50eaf9d410", "rel": "self"}, {"href": "http://10.0.2.15:8774/165f8180a8a04a8f8945a00404808eea/servers/28e4b62e-fb66-4e6d-8d87-0a50eaf9d410", "rel": "bookmark"}], "key_name": "tempest-TestGettingAddress-1437648265", "image": {"id": "ab2febd2-a046-46eb-874a-92f60bf1f86d", "links": [{"href": "http://10.0.2.15:8774/165f8180a8a04a8f8945a00404808eea/images/ab2febd2-a046-46eb-874a-92f60bf1f86d", "rel": "bookmark"}]}, "OS-EXT-STS:task_state": "scheduling", "OS-EXT-STS:vm_state": "building", "OS-SRV-USG:launched_at": null, "flavor": {"id": "42", "links": [{"href": "http://10.0.2.15:8774/165f8180a8a04a8f8945a00404808eea/flavors/42", "rel": "bookmark"}]}, "id": "28e4b62e-fb66-4e6d-8d87-0a50eaf9d410", "OS-SRV-USG:terminated_at": null, "OS-EXT-AZ:availability_zone": "", "user_id": "57c8bea131434210bdbd02db3a95b751", "name": "tempest.common.compute-instance-1354230396", "created": "2015-12-18T21:58:07Z", "tenant_id": "165f8180a8a04a8f8945a00404808eea", "OS-DCF:diskConfig": "MANUAL", "os-extended-volumes:volumes_attached": [], "accessIPv4": "", "accessIPv6": "", "progress": 0, "OS-EXT-STS:power_state": 0, "config_drive": "", "metadata": {}}}
2015-12-18 21:58:09,076 20929 INFO     [tempest_lib.common.rest_client] Request (TestGettingAddress:test_dhcp6_stateless_from_os): 200 GET http://10.0.2.15:8774/v2.1/165f8180a8a04a8f8945a00404808eea/servers/28e4b62e-fb66-4e6d-8d87-0a50eaf9d410 0.274s
2015-12-18 21:58:09,076 20929 DEBUG    [tempest_lib.common.rest_client] Request - Headers: {'Content-Type': 'application/json', 'Accept': 'application/json', 'X-Auth-Token': '&lt;omitted&gt;'}
        Body: None
    Response - Headers: {'status': '200', 'content-length': '1481', 'content-location': 'http://10.0.2.15:8774/v2.1/165f8180a8a04a8f8945a00404808eea/servers/28e4b62e-fb66-4e6d-8d87-0a50eaf9d410', 'x-compute-request-id': 'req-ffd171d6-cb92-461f-b66d-cbed75e84bfb', 'vary': 'X-OpenStack-Nova-API-Version', 'connection': 'close', 'x-openstack-nova-api-version': '2.1', 'date': 'Fri, 18 Dec 2015 21:58:09 GMT', 'content-type': 'application/json'}
        Body: {"server": {"status": "BUILD", "updated": "2015-12-18T21:58:08Z", "hostId": "c6d9885e88656c849364e87ff6b6d6cbb22db5ffc67991c0b0631226", "addresses": {}, "links": [{"href": "http://10.0.2.15:8774/v2.1/165f8180a8a04a8f8945a00404808eea/servers/28e4b62e-fb66-4e6d-8d87-0a50eaf9d410", "rel": "self"}, {"href": "http://10.0.2.15:8774/165f8180a8a04a8f8945a00404808eea/servers/28e4b62e-fb66-4e6d-8d87-0a50eaf9d410", "rel": "bookmark"}], "key_name": "tempest-TestGettingAddress-1437648265", "image": {"id": "ab2febd2-a046-46eb-874a-92f60bf1f86d", "links": [{"href": "http://10.0.2.15:8774/165f8180a8a04a8f8945a00404808eea/images/ab2febd2-a046-46eb-874a-92f60bf1f86d", "rel": "bookmark"}]}, "OS-EXT-STS:task_state": "spawning", "OS-EXT-STS:vm_state": "building", "OS-SRV-USG:launched_at": null, "flavor": {"id": "42", "links": [{"href": "http://10.0.2.15:8774/165f8180a8a04a8f8945a00404808eea/flavors/42", "rel": "bookmark"}]}, "id": "28e4b62e-fb66-4e6d-8d87-0a50eaf9d410", "security_groups": [{"name": "tempest-secgroup-smoke-2057601588"}], "OS-SRV-USG:terminated_at": null, "OS-EXT-AZ:availability_zone": "nova", "user_id": "57c8bea131434210bdbd02db3a95b751", "name": "tempest.common.compute-instance-1354230396", "created": "2015-12-18T21:58:07Z", "tenant_id": "165f8180a8a04a8f8945a00404808eea", "OS-DCF:diskConfig": "MANUAL", "os-extended-volumes:volumes_attached": [], "accessIPv4": "", "accessIPv6": "", "progress": 0, "OS-EXT-STS:power_state": 0, "config_drive": "", "metadata": {}}}
2015-12-18 21:58:09,086 20929 INFO     [tempest.common.waiters] State transition "BUILD/scheduling" ==&gt; "BUILD/spawning" after 2 second wait
2015-12-18 21:58:10,282 20929 INFO     [tempest_lib.common.rest_client] Request (TestGettingAddress:test_dhcp6_stateless_from_os): 200 GET http://10.0.2.15:8774/v2.1/165f8180a8a04a8f8945a00404808eea/servers/28e4b62e-fb66-4e6d-8d87-0a50eaf9d410 0.194s
2015-12-18 21:58:10,282 20929 DEBUG    [tempest_lib.common.rest_client] Request - Headers: {'Content-Type': 'application/json', 'Accept': 'application/json', 'X-Auth-Token': '&lt;omitted&gt;'}
        Body: None
    Response - Headers: {'status': '200', 'content-length': '1481', 'content-location': 'http://10.0.2.15:8774/v2.1/165f8180a8a04a8f8945a00404808eea/servers/28e4b62e-fb66-4e6d-8d87-0a50eaf9d410', 'x-compute-request-id': 'req-b35d38bd-7b66-418f-85a2-db96ed87d381', 'vary': 'X-OpenStack-Nova-API-Version', 'connection': 'close', 'x-openstack-nova-api-version': '2.1', 'date': 'Fri, 18 Dec 2015 21:58:10 GMT', 'content-type': 'application/json'}
        Body: {"server": {"status": "BUILD", "updated": "2015-12-18T21:58:08Z", "hostId": "c6d9885e88656c849364e87ff6b6d6cbb22db5ffc67991c0b0631226", "addresses": {}, "links": [{"href": "http://10.0.2.15:8774/v2.1/165f8180a8a04a8f8945a00404808eea/servers/28e4b62e-fb66-4e6d-8d87-0a50eaf9d410", "rel": "self"}, {"href": "http://10.0.2.15:8774/165f8180a8a04a8f8945a00404808eea/servers/28e4b62e-fb66-4e6d-8d87-0a50eaf9d410", "rel": "bookmark"}], "key_name": "tempest-TestGettingAddress-1437648265", "image": {"id": "ab2febd2-a046-46eb-874a-92f60bf1f86d", "links": [{"href": "http://10.0.2.15:8774/165f8180a8a04a8f8945a00404808eea/images/ab2febd2-a046-46eb-874a-92f60bf1f86d", "rel": "bookmark"}]}, "OS-EXT-STS:task_state": "spawning", "OS-EXT-STS:vm_state": "building", "OS-SRV-USG:launched_at": null, "flavor": {"id": "42", "links": [{"href": "http://10.0.2.15:8774/165f8180a8a04a8f8945a00404808eea/flavors/42", "rel": "bookmark"}]}, "id": "28e4b62e-fb66-4e6d-8d87-0a50eaf9d410", "security_groups": [{"name": "tempest-secgroup-smoke-2057601588"}], "OS-SRV-USG:terminated_at": null, "OS-EXT-AZ:availability_zone": "nova", "user_id": "57c8bea131434210bdbd02db3a95b751", "name": "tempest.common.compute-instance-1354230396", "created": "2015-12-18T21:58:07Z", "tenant_id": "165f8180a8a04a8f8945a00404808eea", "OS-DCF:diskConfig": "MANUAL", "os-extended-volumes:volumes_attached": [], "accessIPv4": "", "accessIPv6": "", "progress": 0, "OS-EXT-STS:power_state": 0, "config_drive": "", "metadata": {}}}
2015-12-18 21:58:11,479 20929 INFO     [tempest_lib.common.rest_client] Request (TestGettingAddress:test_dhcp6_stateless_from_os): 200 GET http://10.0.2.15:8774/v2.1/165f8180a8a04a8f8945a00404808eea/servers/28e4b62e-fb66-4e6d-8d87-0a50eaf9d410 0.184s
2015-12-18 21:58:11,480 20929 DEBUG    [tempest_lib.common.rest_client] Request - Headers: {'Content-Type': 'application/json', 'Accept': 'application/json', 'X-Auth-Token': '&lt;omitted&gt;'}
        Body: None
    Response - Headers: {'status': '200', 'content-length': '1782', 'content-location': 'http://10.0.2.15:8774/v2.1/165f8180a8a04a8f8945a00404808eea/servers/28e4b62e-fb66-4e6d-8d87-0a50eaf9d410', 'x-compute-request-id': 'req-3c200eb4-bd32-4730-b5cf-e72e641e75cd', 'vary': 'X-OpenStack-Nova-API-Version', 'connection': 'close', 'x-openstack-nova-api-version': '2.1', 'date': 'Fri, 18 Dec 2015 21:58:11 GMT', 'content-type': 'application/json'}
        Body: {"server": {"status": "ACTIVE", "updated": "2015-12-18T21:58:11Z", "hostId": "c6d9885e88656c849364e87ff6b6d6cbb22db5ffc67991c0b0631226", "addresses": {"tempest-network-smoke--1070694777": [{"OS-EXT-IPS-MAC:mac_addr": "fa:16:3e:ab:52:57", "version": 6, "addr": "2003::f816:3eff:feab:5257", "OS-EXT-IPS:type": "fixed"}, {"OS-EXT-IPS-MAC:mac_addr": "fa:16:3e:ab:52:57", "version": 4, "addr": "10.100.0.3", "OS-EXT-IPS:type": "fixed"}]}, "links": [{"href": "http://10.0.2.15:8774/v2.1/165f8180a8a04a8f8945a00404808eea/servers/28e4b62e-fb66-4e6d-8d87-0a50eaf9d410", "rel": "self"}, {"href": "http://10.0.2.15:8774/165f8180a8a04a8f8945a00404808eea/servers/28e4b62e-fb66-4e6d-8d87-0a50eaf9d410", "rel": "bookmark"}], "key_name": "tempest-TestGettingAddress-1437648265", "image": {"id": "ab2febd2-a046-46eb-874a-92f60bf1f86d", "links": [{"href": "http://10.0.2.15:8774/165f8180a8a04a8f8945a00404808eea/images/ab2febd2-a046-46eb-874a-92f60bf1f86d", "rel": "bookmark"}]}, "OS-EXT-STS:task_state": null, "OS-EXT-STS:vm_state": "active", "OS-SRV-USG:launched_at": "2015-12-18T21:58:11.000000", "flavor": {"id": "42", "links": [{"href": "http://10.0.2.15:8774/165f8180a8a04a8f8945a00404808eea/flavors/42", "rel": "bookmark"}]}, "id": "28e4b62e-fb66-4e6d-8d87-0a50eaf9d410", "security_groups": [{"name": "tempest-secgroup-smoke-2057601588"}], "OS-SRV-USG:terminated_at": null, "OS-EXT-AZ:availability_zone": "nova", "user_id": "57c8bea131434210bdbd02db3a95b751", "name": "tempest.common.compute-instance-1354230396", "created": "2015-12-18T21:58:07Z", "tenant_id": "165f8180a8a04a8f8945a00404808eea", "OS-DCF:diskConfig": "MANUAL", "os-extended-volumes:volumes_attached": [], "accessIPv4": "", "accessIPv6": "", "progress": 0, "OS-EXT-STS:power_state": 1, "config_drive": "True", "metadata": {}}}
2015-12-18 21:58:11,489 20929 INFO     [tempest.common.waiters] State transition "BUILD/spawning" ==&gt; "ACTIVE/None" after 4 second wait
2015-12-18 21:58:11,803 20929 INFO     [tempest_lib.common.rest_client] Request (TestGettingAddress:test_dhcp6_stateless_from_os): 200 GET http://10.0.2.15:8774/v2.1/165f8180a8a04a8f8945a00404808eea/servers/28e4b62e-fb66-4e6d-8d87-0a50eaf9d410 0.313s
2015-12-18 21:58:11,803 20929 DEBUG    [tempest_lib.common.rest_client] Request - Headers: {'Content-Type': 'application/json', 'Accept': 'application/json', 'X-Auth-Token': '&lt;omitted&gt;'}
        Body: None
    Response - Headers: {'status': '200', 'content-length': '1782', 'content-location': 'http://10.0.2.15:8774/v2.1/165f8180a8a04a8f8945a00404808eea/servers/28e4b62e-fb66-4e6d-8d87-0a50eaf9d410', 'x-compute-request-id': 'req-1f59bb3e-06f4-4c57-97ea-310cf84f4639', 'vary': 'X-OpenStack-Nova-API-Version', 'connection': 'close', 'x-openstack-nova-api-version': '2.1', 'date': 'Fri, 18 Dec 2015 21:58:11 GMT', 'content-type': 'application/json'}
        Body: {"server": {"status": "ACTIVE", "updated": "2015-12-18T21:58:11Z", "hostId": "c6d9885e88656c849364e87ff6b6d6cbb22db5ffc67991c0b0631226", "addresses": {"tempest-network-smoke--1070694777": [{"OS-EXT-IPS-MAC:mac_addr": "fa:16:3e:ab:52:57", "version": 6, "addr": "2003::f816:3eff:feab:5257", "OS-EXT-IPS:type": "fixed"}, {"OS-EXT-IPS-MAC:mac_addr": "fa:16:3e:ab:52:57", "version": 4, "addr": "10.100.0.3", "OS-EXT-IPS:type": "fixed"}]}, "links": [{"href": "http://10.0.2.15:8774/v2.1/165f8180a8a04a8f8945a00404808eea/servers/28e4b62e-fb66-4e6d-8d87-0a50eaf9d410", "rel": "self"}, {"href": "http://10.0.2.15:8774/165f8180a8a04a8f8945a00404808eea/servers/28e4b62e-fb66-4e6d-8d87-0a50eaf9d410", "rel": "bookmark"}], "key_name": "tempest-TestGettingAddress-1437648265", "image": {"id": "ab2febd2-a046-46eb-874a-92f60bf1f86d", "links": [{"href": "http://10.0.2.15:8774/165f8180a8a04a8f8945a00404808eea/images/ab2febd2-a046-46eb-874a-92f60bf1f86d", "rel": "bookmark"}]}, "OS-EXT-STS:task_state": null, "OS-EXT-STS:vm_state": "active", "OS-SRV-USG:launched_at": "2015-12-18T21:58:11.000000", "flavor": {"id": "42", "links": [{"href": "http://10.0.2.15:8774/165f8180a8a04a8f8945a00404808eea/flavors/42", "rel": "bookmark"}]}, "id": "28e4b62e-fb66-4e6d-8d87-0a50eaf9d410", "security_groups": [{"name": "tempest-secgroup-smoke-2057601588"}], "OS-SRV-USG:terminated_at": null, "OS-EXT-AZ:availability_zone": "nova", "user_id": "57c8bea131434210bdbd02db3a95b751", "name": "tempest.common.compute-instance-1354230396", "created": "2015-12-18T21:58:07Z", "tenant_id": "165f8180a8a04a8f8945a00404808eea", "OS-DCF:diskConfig": "MANUAL", "os-extended-volumes:volumes_attached": [], "accessIPv4": "", "accessIPv6": "", "progress": 0, "OS-EXT-STS:power_state": 1, "config_drive": "True", "metadata": {}}}
2015-12-18 21:58:11,940 20929 INFO     [tempest_lib.common.rest_client] Request (TestGettingAddress:test_dhcp6_stateless_from_os): 200 GET http://10.0.2.15:9696/v2.0/ports?status=ACTIVE&amp;fixed_ip=None&amp;device_id=28e4b62e-fb66-4e6d-8d87-0a50eaf9d410 0.128s
2015-12-18 21:58:11,940 20929 DEBUG    [tempest_lib.common.rest_client] Request - Headers: {'Content-Type': 'application/json', 'Accept': 'application/json', 'X-Auth-Token': '&lt;omitted&gt;'}
        Body: None
    Response - Headers: {'status': '200', 'content-length': '1142', 'content-location': 'http://10.0.2.15:9696/v2.0/ports?status=ACTIVE&amp;fixed_ip=None&amp;device_id=28e4b62e-fb66-4e6d-8d87-0a50eaf9d410', 'connection': 'close', 'date': 'Fri, 18 Dec 2015 21:58:11 GMT', 'content-type': 'application/json; charset=UTF-8', 'x-openstack-request-id': 'req-cbb18449-1866-4db3-979f-5d8fdb74c4ce'}
        Body: {"ports": [{"status": "ACTIVE", "binding:host_id": "vagrant-ubuntu-trusty-64", "allowed_address_pairs": [], "extra_dhcp_opts": [], "dns_assignment": [{"hostname": "host-10-100-0-3", "ip_address": "10.100.0.3", "fqdn": "host-10-100-0-3.openstacklocal."}, {"hostname": "host-2003--f816-3eff-feab-5257", "ip_address": "2003::f816:3eff:feab:5257", "fqdn": "host-2003--f816-3eff-feab-5257.openstacklocal."}], "device_owner": "compute:None", "port_security_enabled": true, "binding:profile": {}, "fixed_ips": [{"subnet_id": "a874b10c-1883-4879-9916-5431a8d2d6eb", "ip_address": "10.100.0.3"}, {"subnet_id": "e3e40078-ab12-41af-9ee2-460dcadd7033", "ip_address": "2003::f816:3eff:feab:5257"}], "id": "af686216-397a-4308-9169-65e390e696c9", "security_groups": ["fd5d1c63-1400-48e2-a647-cdaaf27415b4"], "device_id": "28e4b62e-fb66-4e6d-8d87-0a50eaf9d410", "name": "", "admin_state_up": true, "network_id": "c1240d59-fcf3-4148-8243-2c0ce32ef9d5", "dns_name": "", "binding:vif_details": {"port_filter": true}, "binding:vnic_type": "normal", "binding:vif_type": "ovs", "tenant_id": "165f8180a8a04a8f8945a00404808eea", "mac_address": "fa:16:3e:ab:52:57"}]}
2015-12-18 21:58:12,380 20929 INFO     [tempest_lib.common.rest_client] Request (TestGettingAddress:test_dhcp6_stateless_from_os): 201 POST http://10.0.2.15:9696/v2.0/floatingips 0.439s
2015-12-18 21:58:12,380 20929 DEBUG    [tempest_lib.common.rest_client] Request - Headers: {'Content-Type': 'application/json', 'Accept': 'application/json', 'X-Auth-Token': '&lt;omitted&gt;'}
        Body: {"floatingip": {"floating_network_id": "68100ea6-6208-4d12-8921-e2b6581461d7", "tenant_id": "165f8180a8a04a8f8945a00404808eea", "fixed_ip_address": "10.100.0.3", "port_id": "af686216-397a-4308-9169-65e390e696c9"}}
    Response - Headers: {'status': '201', 'content-length': '367', 'connection': 'close', 'date': 'Fri, 18 Dec 2015 21:58:12 GMT', 'content-type': 'application/json; charset=UTF-8', 'x-openstack-request-id': 'req-1ddd63f2-0be0-460e-84dd-11fbcaf5dffd'}
        Body: {"floatingip": {"floating_network_id": "68100ea6-6208-4d12-8921-e2b6581461d7", "router_id": "973415a7-5c5b-4e29-bb81-ef08b821b9df", "fixed_ip_address": "10.100.0.3", "floating_ip_address": "172.24.4.4", "tenant_id": "165f8180a8a04a8f8945a00404808eea", "status": "DOWN", "port_id": "af686216-397a-4308-9169-65e390e696c9", "id": "15f835f4-d61c-4f67-8f59-055a79e9d638"}}
2015-12-18 21:58:12,381 20929 INFO     [tempest_lib.common.ssh] Creating ssh connection to '172.24.4.4' as 'cirros' with public key authentication
2015-12-18 21:58:16,268 20929 WARNING  [tempest_lib.common.ssh] Failed to establish authenticated ssh connection to cirros@172.24.4.4 ([Errno None] Unable to connect to port 22 on  or 172.24.4.4). Number attempts: 1. Retry after 2 seconds.
2015-12-18 21:58:21,772 20929 WARNING  [tempest_lib.common.ssh] Failed to establish authenticated ssh connection to cirros@172.24.4.4 ([Errno None] Unable to connect to port 22 on  or 172.24.4.4). Number attempts: 2. Retry after 3 seconds.
2015-12-18 21:58:28,276 20929 WARNING  [tempest_lib.common.ssh] Failed to establish authenticated ssh connection to cirros@172.24.4.4 ([Errno None] Unable to connect to port 22 on  or 172.24.4.4). Number attempts: 3. Retry after 4 seconds.
2015-12-18 21:58:35,784 20929 WARNING  [tempest_lib.common.ssh] Failed to establish authenticated ssh connection to cirros@172.24.4.4 ([Errno None] Unable to connect to port 22 on  or 172.24.4.4). Number attempts: 4. Retry after 5 seconds.
2015-12-18 21:58:44,288 20929 WARNING  [tempest_lib.common.ssh] Failed to establish authenticated ssh connection to cirros@172.24.4.4 ([Errno None] Unable to connect to port 22 on  or 172.24.4.4). Number attempts: 5. Retry after 6 seconds.
2015-12-18 21:58:53,797 20929 WARNING  [tempest_lib.common.ssh] Failed to establish authenticated ssh connection to cirros@172.24.4.4 ([Errno None] Unable to connect to port 22 on  or 172.24.4.4). Number attempts: 6. Retry after 7 seconds.
2015-12-18 21:59:04,304 20929 WARNING  [tempest_lib.common.ssh] Failed to establish authenticated ssh connection to cirros@172.24.4.4 ([Errno None] Unable to connect to port 22 on  or 172.24.4.4). Number attempts: 7. Retry after 8 seconds.
2015-12-18 21:59:15,812 20929 WARNING  [tempest_lib.common.ssh] Failed to establish authenticated ssh connection to cirros@172.24.4.4 ([Errno None] Unable to connect to port 22 on  or 172.24.4.4). Number attempts: 8. Retry after 9 seconds.
2015-12-18 21:59:28,325 20929 WARNING  [tempest_lib.common.ssh] Failed to establish authenticated ssh connection to cirros@172.24.4.4 ([Errno None] Unable to connect to port 22 on  or 172.24.4.4). Number attempts: 9. Retry after 10 seconds.
2015-12-18 21:59:41,832 20929 WARNING  [tempest_lib.common.ssh] Failed to establish authenticated ssh connection to cirros@172.24.4.4 ([Errno None] Unable to connect to port 22 on  or 172.24.4.4). Number attempts: 10. Retry after 11 seconds.
2015-12-18 21:59:56,344 20929 WARNING  [tempest_lib.common.ssh] Failed to establish authenticated ssh connection to cirros@172.24.4.4 ([Errno None] Unable to connect to port 22 on  or 172.24.4.4). Number attempts: 11. Retry after 12 seconds.
2015-12-18 22:00:11,856 20929 WARNING  [tempest_lib.common.ssh] Failed to establish authenticated ssh connection to cirros@172.24.4.4 ([Errno None] Unable to connect to port 22 on  or 172.24.4.4). Number attempts: 12. Retry after 13 seconds.
2015-12-18 22:00:28,360 20929 WARNING  [tempest_lib.common.ssh] Failed to establish authenticated ssh connection to cirros@172.24.4.4 ([Errno None] Unable to connect to port 22 on  or 172.24.4.4). Number attempts: 13. Retry after 14 seconds.
2015-12-18 22:00:45,880 20929 WARNING  [tempest_lib.common.ssh] Failed to establish authenticated ssh connection to cirros@172.24.4.4 ([Errno None] Unable to connect to port 22 on  or 172.24.4.4). Number attempts: 14. Retry after 15 seconds.
2015-12-18 22:01:04,396 20929 WARNING  [tempest_lib.common.ssh] Failed to establish authenticated ssh connection to cirros@172.24.4.4 ([Errno None] Unable to connect to port 22 on  or 172.24.4.4). Number attempts: 15. Retry after 16 seconds.
2015-12-18 22:01:23,914 20929 WARNING  [tempest_lib.common.ssh] Failed to establish authenticated ssh connection to cirros@172.24.4.4 ([Errno None] Unable to connect to port 22 on  or 172.24.4.4). Number attempts: 16. Retry after 17 seconds.
2015-12-18 22:01:44,428 20929 WARNING  [tempest_lib.common.ssh] Failed to establish authenticated ssh connection to cirros@172.24.4.4 ([Errno None] Unable to connect to port 22 on  or 172.24.4.4). Number attempts: 17. Retry after 18 seconds.
2015-12-18 22:02:05,944 20929 WARNING  [tempest_lib.common.ssh] Failed to establish authenticated ssh connection to cirros@172.24.4.4 ([Errno None] Unable to connect to port 22 on  or 172.24.4.4). Number attempts: 18. Retry after 19 seconds.
2015-12-18 22:02:28,448 20929 WARNING  [tempest_lib.common.ssh] Failed to establish authenticated ssh connection to cirros@172.24.4.4 ([Errno None] Unable to connect to port 22 on  or 172.24.4.4). Number attempts: 19. Retry after 20 seconds.
2015-12-18 22:02:51,972 20929 WARNING  [tempest_lib.common.ssh] Failed to establish authenticated ssh connection to cirros@172.24.4.4 ([Errno None] Unable to connect to port 22 on  or 172.24.4.4). Number attempts: 20. Retry after 21 seconds.
2015-12-18 22:03:16,492 20929 ERROR    [tempest_lib.common.ssh] Failed to establish authenticated ssh connection to cirros@172.24.4.4 after 20 attempts
2015-12-18 22:03:16.492 20929 ERROR tempest_lib.common.ssh Traceback (most recent call last):
2015-12-18 22:03:16.492 20929 ERROR tempest_lib.common.ssh   File "/usr/local/lib/python2.7/dist-packages/tempest_lib/common/ssh.py", line 75, in _get_ssh_connection
2015-12-18 22:03:16.492 20929 ERROR tempest_lib.common.ssh     timeout=self.channel_timeout, pkey=self.pkey)
2015-12-18 22:03:16.492 20929 ERROR tempest_lib.common.ssh   File "/usr/local/lib/python2.7/dist-packages/paramiko/client.py", line 311, in connect
2015-12-18 22:03:16.492 20929 ERROR tempest_lib.common.ssh     raise NoValidConnectionsError(errors)
2015-12-18 22:03:16.492 20929 ERROR tempest_lib.common.ssh NoValidConnectionsError: [Errno None] Unable to connect to port 22 on  or 172.24.4.4
2015-12-18 22:03:16.492 20929 ERROR tempest_lib.common.ssh 
2015-12-18 22:03:16,493 20929 ERROR    [tempest.scenario.manager] (TestGettingAddress:test_dhcp6_stateless_from_os) Initializing SSH connection to 172.24.4.4 failed. Error: Connection to the 172.24.4.4 via SSH timed out.
User: cirros, Password: None
2015-12-18 22:03:16.493 20929 ERROR tempest.scenario.manager Traceback (most recent call last):
2015-12-18 22:03:16.493 20929 ERROR tempest.scenario.manager   File "tempest/scenario/manager.py", line 385, in get_remote_client
2015-12-18 22:03:16.493 20929 ERROR tempest.scenario.manager     linux_client.validate_authentication()
2015-12-18 22:03:16.493 20929 ERROR tempest.scenario.manager   File "tempest/common/utils/linux/remote_client.py", line 63, in validate_authentication
2015-12-18 22:03:16.493 20929 ERROR tempest.scenario.manager     self.ssh_client.test_connection_auth()
2015-12-18 22:03:16.493 20929 ERROR tempest.scenario.manager   File "/usr/local/lib/python2.7/dist-packages/tempest_lib/common/ssh.py", line 167, in test_connection_auth
2015-12-18 22:03:16.493 20929 ERROR tempest.scenario.manager     connection = self._get_ssh_connection()
2015-12-18 22:03:16.493 20929 ERROR tempest.scenario.manager   File "/usr/local/lib/python2.7/dist-packages/tempest_lib/common/ssh.py", line 87, in _get_ssh_connection
2015-12-18 22:03:16.493 20929 ERROR tempest.scenario.manager     password=self.password)
2015-12-18 22:03:16.493 20929 ERROR tempest.scenario.manager SSHTimeout: Connection to the 172.24.4.4 via SSH timed out.
2015-12-18 22:03:16.493 20929 ERROR tempest.scenario.manager User: cirros, Password: None
2015-12-18 22:03:16.493 20929 ERROR tempest.scenario.manager 
2015-12-18 22:03:16,705 20929 INFO     [tempest_lib.common.rest_client] Request (TestGettingAddress:test_dhcp6_stateless_from_os): 200 GET http://10.0.2.15:8774/v2.1/165f8180a8a04a8f8945a00404808eea/servers 0.208s
2015-12-18 22:03:16,705 20929 DEBUG    [tempest_lib.common.rest_client] Request - Headers: {'Content-Type': 'application/json', 'Accept': 'application/json', 'X-Auth-Token': '&lt;omitted&gt;'}
        Body: None
    Response - Headers: {'status': '200', 'content-length': '391', 'content-location': 'http://10.0.2.15:8774/v2.1/165f8180a8a04a8f8945a00404808eea/servers', 'x-compute-request-id': 'req-70931519-04ad-4df0-9f71-8efc3c5f9d75', 'vary': 'X-OpenStack-Nova-API-Version', 'connection': 'close', 'x-openstack-nova-api-version': '2.1', 'date': 'Fri, 18 Dec 2015 22:03:16 GMT', 'content-type': 'application/json'}
        Body: {"servers": [{"id": "28e4b62e-fb66-4e6d-8d87-0a50eaf9d410", "links": [{"href": "http://10.0.2.15:8774/v2.1/165f8180a8a04a8f8945a00404808eea/servers/28e4b62e-fb66-4e6d-8d87-0a50eaf9d410", "rel": "self"}, {"href": "http://10.0.2.15:8774/165f8180a8a04a8f8945a00404808eea/servers/28e4b62e-fb66-4e6d-8d87-0a50eaf9d410", "rel": "bookmark"}], "name": "tempest.common.compute-instance-1354230396"}]}
2015-12-18 22:03:16,937 20929 INFO     [tempest_lib.common.rest_client] Request (TestGettingAddress:test_dhcp6_stateless_from_os): 200 POST http://10.0.2.15:8774/v2.1/165f8180a8a04a8f8945a00404808eea/servers/28e4b62e-fb66-4e6d-8d87-0a50eaf9d410/action 0.225s
2015-12-18 22:03:16,937 20929 DEBUG    [tempest_lib.common.rest_client] Request - Headers: {'Content-Type': 'application/json', 'Accept': 'application/json', 'X-Auth-Token': '&lt;omitted&gt;'}
        Body: {"os-getConsoleOutput": {}}
    Response - Headers: {'status': '200', 'content-length': '24711', 'x-compute-request-id': 'req-416e0273-8fa3-4bb8-ad1b-b7c0b9946ee4', 'vary': 'X-OpenStack-Nova-API-Version', 'connection': 'close', 'x-openstack-nova-api-version': '2.1', 'date': 'Fri, 18 Dec 2015 22:03:16 GMT', 'content-type': 'application/json'}
        Body: {"output": "[    0.000000] Initializing cgroup subsys cpuset\n[    0.000000] Initializing cgroup subsys cpu\n[    0.000000] Linux version 3.2.0-80-virtual (buildd@batsu) (gcc version 4.6.3 (Ubuntu/Linaro 4.6.3-1ubuntu5) ) #116-Ubuntu SMP Mon Mar 23 17:28:52 UTC 2015 (Ubuntu 3.2.0-80.116-virtual 3.2.68)\n[    0.000000] Command line: root=/dev/vda console=tty0 console=ttyS0 no_timer_check\n[    0.000000] KERNEL supported cpus:\n[    0.000000]   Intel GenuineIntel\n[    0.000000]   AMD AuthenticAMD\n[    0.000000]   Centaur CentaurHauls\n[    0.000000] BIOS-provided physical RAM map:\n[    0.000000]  BIOS-e820: 0000000000000000 - 000000000009fc00 (usable)\n[    0.000000]  BIOS-e820: 000000000009fc00 - 00000000000a0000 (reserved)\n[    0.000000]  BIOS-e820: 00000000000f0000 - 0000000000100000 (reserved)\n[    0.000000]  BIOS-e820: 0000000000100000 - 0000000003ffe000 (usable)\n[    0.000000]  BIOS-e820: 0000000003ffe000 - 0000000004000000 (reserved)\n[    0.000000]  BIOS-e820: 00000000fffc0000 - 0000000100000000 (reserved)\n[    0.000000] NX (Execute Disable) protection: active\n[    0.000000] SMBIOS 2.4 present.\n[    0.000000] No AGP bridge found\n[    0.000000] last_pfn = 0x3ffe max_arch_pfn = 0x400000000\n[    0.000000] x86 PAT enabled: cpu 0, old 0x7040600070406, new 0x7010600070106\n[    0.000000] found SMP MP-table at [ffff8800000f0b00] f0b00\n[    0.000000] init_memory_mapping: 0000000000000000-0000000003ffe000\n[    0.000000] RAMDISK: 03c5e000 - 03ff0000\n[    0.000000] ACPI: RSDP 00000000000f0950 00014 (v00 BOCHS )\n[    0.000000] ACPI: RSDT 0000000003fffbc1 00034 (v01 BOCHS  BXPCRSDT 00000001 BXPC 00000001)\n[    0.000000] ACPI: FACP 0000000003fff1c0 00074 (v01 BOCHS  BXPCFACP 00000001 BXPC 00000001)\n[    0.000000] ACPI: DSDT 0000000003ffe040 01180 (v01 BOCHS  BXPCDSDT 00000001 BXPC 00000001)\n[    0.000000] ACPI: FACS 0000000003ffe000 00040\n[    0.000000] ACPI: SSDT 0000000003fff234 008DD (v01 BOCHS  BXPCSSDT 00000001 BXPC 00000001)\n[    0.000000] ACPI: APIC 0000000003fffb11 00078 (v01 BOCHS  BXPCAPIC 00000001 BXPC 00000001)\n[    0.000000] ACPI: HPET 0000000003fffb89 00038 (v01 BOCHS  BXPCHPET 00000001 BXPC 00000001)\n[    0.000000] No NUMA configuration found\n[    0.000000] Faking a node at 0000000000000000-0000000003ffe000\n[    0.000000] Initmem setup node 0 0000000000000000-0000000003ffe000\n[    0.000000]   NODE_DATA [0000000003ff6000 - 0000000003ffafff]\n[    0.000000] Zone PFN ranges:\n[    0.000000]   DMA      0x00000010 -&gt; 0x00001000\n[    0.000000]   DMA32    0x00001000 -&gt; 0x00100000\n[    0.000000]   Normal   empty\n[    0.000000] Movable zone start PFN for each node\n[    0.000000] early_node_map[2] active PFN ranges\n[    0.000000]     0: 0x00000010 -&gt; 0x0000009f\n[    0.000000]     0: 0x00000100 -&gt; 0x00003ffe\n[    0.000000] ACPI: PM-Timer IO Port: 0xb008\n[    0.000000] ACPI: LAPIC (acpi_id[0x00] lapic_id[0x00] enabled)\n[    0.000000] ACPI: LAPIC_NMI (acpi_id[0xff] dfl dfl lint[0x1])\n[    0.000000] ACPI: IOAPIC (id[0x00] address[0xfec00000] gsi_base[0])\n[    0.000000] IOAPIC[0]: apic_id 0, version 17, address 0xfec00000, GSI 0-23\n[    0.000000] ACPI: INT_SRC_OVR (bus 0 bus_irq 0 global_irq 2 dfl dfl)\n[    0.000000] ACPI: INT_SRC_OVR (bus 0 bus_irq 5 global_irq 5 high level)\n[    0.000000] ACPI: INT_SRC_OVR (bus 0 bus_irq 9 global_irq 9 high level)\n[    0.000000] ACPI: INT_SRC_OVR (bus 0 bus_irq 10 global_irq 10 high level)\n[    0.000000] ACPI: INT_SRC_OVR (bus 0 bus_irq 11 global_irq 11 high level)\n[    0.000000] Using ACPI (MADT) for SMP configuration information\n[    0.000000] ACPI: HPET id: 0x8086a201 base: 0xfed00000\n[    0.000000] SMP: Allowing 1 CPUs, 0 hotplug CPUs\n[    0.000000] PM: Registered nosave memory: 000000000009f000 - 00000000000a0000\n[    0.000000] PM: Registered nosave memory: 00000000000a0000 - 00000000000f0000\n[    0.000000] PM: Registered nosave memory: 00000000000f0000 - 0000000000100000\n[    0.000000] Allocating PCI resources starting at 4000000 (gap: 4000000:fbfc0000)\n[    0.000000] Booting paravirtualized kernel on bare hardware\n[    0.000000] setup_pe
2015-12-18 22:03:16,940 20929 DEBUG    [tempest.scenario.manager] Console output for 28e4b62e-fb66-4e6d-8d87-0a50eaf9d410
body=
[    0.000000] Initializing cgroup subsys cpuset
[    0.000000] Initializing cgroup subsys cpu
[    0.000000] Linux version 3.2.0-80-virtual (buildd@batsu) (gcc version 4.6.3 (Ubuntu/Linaro 4.6.3-1ubuntu5) ) #116-Ubuntu SMP Mon Mar 23 17:28:52 UTC 2015 (Ubuntu 3.2.0-80.116-virtual 3.2.68)
[    0.000000] Command line: root=/dev/vda console=tty0 console=ttyS0 no_timer_check
[    0.000000] KERNEL supported cpus:
[    0.000000]   Intel GenuineIntel
[    0.000000]   AMD AuthenticAMD
[    0.000000]   Centaur CentaurHauls
[    0.000000] BIOS-provided physical RAM map:
[    0.000000]  BIOS-e820: 0000000000000000 - 000000000009fc00 (usable)
[    0.000000]  BIOS-e820: 000000000009fc00 - 00000000000a0000 (reserved)
[    0.000000]  BIOS-e820: 00000000000f0000 - 0000000000100000 (reserved)
[    0.000000]  BIOS-e820: 0000000000100000 - 0000000003ffe000 (usable)
[    0.000000]  BIOS-e820: 0000000003ffe000 - 0000000004000000 (reserved)
[    0.000000]  BIOS-e820: 00000000fffc0000 - 0000000100000000 (reserved)
[    0.000000] NX (Execute Disable) protection: active
[    0.000000] SMBIOS 2.4 present.
[    0.000000] No AGP bridge found
[    0.000000] last_pfn = 0x3ffe max_arch_pfn = 0x400000000
[    0.000000] x86 PAT enabled: cpu 0, old 0x7040600070406, new 0x7010600070106
[    0.000000] found SMP MP-table at [ffff8800000f0b00] f0b00
[    0.000000] init_memory_mapping: 0000000000000000-0000000003ffe000
[    0.000000] RAMDISK: 03c5e000 - 03ff0000
[    0.000000] ACPI: RSDP 00000000000f0950 00014 (v00 BOCHS )
[    0.000000] ACPI: RSDT 0000000003fffbc1 00034 (v01 BOCHS  BXPCRSDT 00000001 BXPC 00000001)
[    0.000000] ACPI: FACP 0000000003fff1c0 00074 (v01 BOCHS  BXPCFACP 00000001 BXPC 00000001)
[    0.000000] ACPI: DSDT 0000000003ffe040 01180 (v01 BOCHS  BXPCDSDT 00000001 BXPC 00000001)
[    0.000000] ACPI: FACS 0000000003ffe000 00040
[    0.000000] ACPI: SSDT 0000000003fff234 008DD (v01 BOCHS  BXPCSSDT 00000001 BXPC 00000001)
[    0.000000] ACPI: APIC 0000000003fffb11 00078 (v01 BOCHS  BXPCAPIC 00000001 BXPC 00000001)
[    0.000000] ACPI: HPET 0000000003fffb89 00038 (v01 BOCHS  BXPCHPET 00000001 BXPC 00000001)
[    0.000000] No NUMA configuration found
[    0.000000] Faking a node at 0000000000000000-0000000003ffe000
[    0.000000] Initmem setup node 0 0000000000000000-0000000003ffe000
[    0.000000]   NODE_DATA [0000000003ff6000 - 0000000003ffafff]
[    0.000000] Zone PFN ranges:
[    0.000000]   DMA      0x00000010 -&gt; 0x00001000
[    0.000000]   DMA32    0x00001000 -&gt; 0x00100000
[    0.000000]   Normal   empty
[    0.000000] Movable zone start PFN for each node
[    0.000000] early_node_map[2] active PFN ranges
[    0.000000]     0: 0x00000010 -&gt; 0x0000009f
[    0.000000]     0: 0x00000100 -&gt; 0x00003ffe
[    0.000000] ACPI: PM-Timer IO Port: 0xb008
[    0.000000] ACPI: LAPIC (acpi_id[0x00] lapic_id[0x00] enabled)
[    0.000000] ACPI: LAPIC_NMI (acpi_id[0xff] dfl dfl lint[0x1])
[    0.000000] ACPI: IOAPIC (id[0x00] address[0xfec00000] gsi_base[0])
[    0.000000] IOAPIC[0]: apic_id 0, version 17, address 0xfec00000, GSI 0-23
[    0.000000] ACPI: INT_SRC_OVR (bus 0 bus_irq 0 global_irq 2 dfl dfl)
[    0.000000] ACPI: INT_SRC_OVR (bus 0 bus_irq 5 global_irq 5 high level)
[    0.000000] ACPI: INT_SRC_OVR (bus 0 bus_irq 9 global_irq 9 high level)
[    0.000000] ACPI: INT_SRC_OVR (bus 0 bus_irq 10 global_irq 10 high level)
[    0.000000] ACPI: INT_SRC_OVR (bus 0 bus_irq 11 global_irq 11 high level)
[    0.000000] Using ACPI (MADT) for SMP configuration information
[    0.000000] ACPI: HPET id: 0x8086a201 base: 0xfed00000
[    0.000000] SMP: Allowing 1 CPUs, 0 hotplug CPUs
[    0.000000] PM: Registered nosave memory: 000000000009f000 - 00000000000a0000
[    0.000000] PM: Registered nosave memory: 00000000000a0000 - 00000000000f0000
[    0.000000] PM: Registered nosave memory: 00000000000f0000 - 0000000000100000
[    0.000000] Allocating PCI resources starting at 4000000 (gap: 4000000:fbfc0000)
[    0.000000] Booting paravirtualized kernel on bare hardware
[    0.000000] setup_percpu: NR_CPUS:64 nr_cpumask_bits:64 nr_cpu_ids:1 nr_node_ids:1
[    0.000000] PERCPU: Embedded 27 pages/cpu @ffff880003a00000 s78848 r8192 d23552 u2097152
[    0.000000] Built 1 zonelists in Node order, mobility grouping on.  Total pages: 16008
[    0.000000] Policy zone: DMA32
[    0.000000] Kernel command line: root=/dev/vda console=tty0 console=ttyS0 no_timer_check
[    0.000000] PID hash table entries: 256 (order: -1, 2048 bytes)
[    0.000000] Checking aperture...
[    0.000000] No AGP bridge found
[    0.000000] Memory: 43492k/65528k available (6576k kernel code, 452k absent, 21584k reserved, 6620k data, 928k init)
[    0.000000] SLUB: Genslabs=15, HWalign=64, Order=0-3, MinObjects=0, CPUs=1, Nodes=1
[    0.000000] Hierarchical RCU implementation.
[    0.000000] 	RCU dyntick-idle grace-period acceleration is enabled.
[    0.000000] NR_IRQS:4352 nr_irqs:256 16
[    0.000000] Console: colour VGA+ 80x25
[    0.000000] console [tty0] enabled
[    0.000000] console [ttyS0] enabled
[    0.000000] allocated 1048576 bytes of page_cgroup
[    0.000000] please try 'cgroup_disable=memory' option if you don't want memory cgroups
[    0.000000] Fast TSC calibration failed
[    0.000000] TSC: Unable to calibrate against PIT
[    0.000000] TSC: using HPET reference calibration
[    0.000000] Detected 2294.060 MHz processor.
[    0.028951] Calibrating delay loop (skipped), value calculated using timer frequency.. 4588.12 BogoMIPS (lpj=9176240)
[    0.030724] pid_max: default: 32768 minimum: 301
[    0.037871] Security Framework initialized
[    0.042587] AppArmor: AppArmor initialized
[    0.043161] Yama: becoming mindful.
[    0.050196] Dentry cache hash table entries: 8192 (order: 4, 65536 bytes)
[    0.052444] Inode-cache hash table entries: 4096 (order: 3, 32768 bytes)
[    0.054169] Mount-cache hash table entries: 256
[    0.068783] Initializing cgroup subsys cpuacct
[    0.069624] Initializing cgroup subsys memory
[    0.070843] Initializing cgroup subsys devices
[    0.072189] Initializing cgroup subsys freezer
[    0.072930] Initializing cgroup subsys blkio
[    0.073614] Initializing cgroup subsys perf_event
[    0.077984] mce: CPU supports 10 MCE banks
[    0.081315] SMP alternatives: switching to UP code
[    0.453294] Freeing SMP alternatives: 24k freed
[    0.454884] ACPI: Core revision 20110623
[    0.500593] ftrace: allocating 26610 entries in 105 pages
[    0.531781] ..TIMER: vector=0x30 apic1=0 pin1=2 apic2=-1 pin2=-1
[    0.532130] CPU0: AMD QEMU Virtual CPU version 2.0.0 stepping 03
[    0.536032] Performance Events: Broken PMU hardware detected, using software events only.
[    0.544570] NMI watchdog disabled (cpu0): hardware events not enabled
[    0.546120] Brought up 1 CPUs
[    0.546622] Total of 1 processors activated (4588.12 BogoMIPS).
[    0.570766] devtmpfs: initialized
[    0.600649] EVM: security.selinux
[    0.601218] EVM: security.SMACK64
[    0.601628] EVM: security.capability
[    0.620921] print_constraints: dummy: 
[    0.624402] RTC time: 21:58:14, date: 12/18/15
[    0.626593] NET: Registered protocol family 16
[    0.634814] ACPI: bus type pci registered
[    0.640266] PCI: Using configuration type 1 for base access
[    0.671026] bio: create slab &lt;bio-0&gt; at 0
[    0.676817] ACPI: Added _OSI(Module Device)
[    0.677372] ACPI: Added _OSI(Processor Device)
[    0.677946] ACPI: Added _OSI(3.0 _SCP Extensions)
[    0.678510] ACPI: Added _OSI(Processor Aggregator Device)
[    0.760839] ACPI: Interpreter enabled
[    0.761460] ACPI: (supports S0 S3 S4 S5)
[    0.764342] ACPI: Using IOAPIC for interrupt routing
[    0.832630] ACPI: No dock devices found.
[    0.833363] HEST: Table not found.
[    0.833915] PCI: Using host bridge windows from ACPI; if necessary, use "pci=nocrs" and report a bug
[    0.840711] ACPI: PCI Root Bridge [PCI0] (domain 0000 [bus 00-ff])
[    0.845869] pci_root PNP0A03:00: host bridge window [io  0x0000-0x0cf7]
[    0.848159] pci_root PNP0A03:00: host bridge window [io  0x0d00-0xadff]
[    0.849182] pci_root PNP0A03:00: host bridge window [io  0xae0f-0xaeff]
[    0.852114] pci_root PNP0A03:00: host bridge window [io  0xaf20-0xafdf]
[    0.853058] pci_root PNP0A03:00: host bridge window [io  0xafe4-0xffff]
[    0.853955] pci_root PNP0A03:00: host bridge window [mem 0x000a0000-0x000bffff]
[    0.854930] pci_root PNP0A03:00: host bridge window [mem 0x04000000-0xfebfffff]
[    0.878608] pci 0000:00:01.3: quirk: [io  0xb000-0xb03f] claimed by PIIX4 ACPI
[    0.880189] pci 0000:00:01.3: quirk: [io  0xb100-0xb10f] claimed by PIIX4 SMB
[    0.954665]  pci0000:00: Unable to request _OSC control (_OSC support mask: 0x1e)
[    1.026176] ACPI: PCI Interrupt Link [LNKA] (IRQs 5 *10 11)
[    1.030004] ACPI: PCI Interrupt Link [LNKB] (IRQs 5 *10 11)
[    1.031342] ACPI: PCI Interrupt Link [LNKC] (IRQs 5 10 *11)
[    1.033350] ACPI: PCI Interrupt Link [LNKD] (IRQs 5 10 *11)
[    1.034334] ACPI: PCI Interrupt Link [LNKS] (IRQs *9)
[    1.041646] vgaarb: device added: PCI:0000:00:02.0,decodes=io+mem,owns=io+mem,locks=none
[    1.042538] vgaarb: loaded
[    1.042853] vgaarb: bridge control possible 0000:00:02.0
[    1.046519] i2c-core: driver [aat2870] using legacy suspend method
[    1.048133] i2c-core: driver [aat2870] using legacy resume method
[    1.051059] SCSI subsystem initialized
[    1.054497] usbcore: registered new interface driver usbfs
[    1.055314] usbcore: registered new interface driver hub
[    1.056700] usbcore: registered new device driver usb
[    1.061506] PCI: Using ACPI for IRQ routing
[    1.073380] NetLabel: Initializing
[    1.073893] NetLabel:  domain hash size = 128
[    1.074381] NetLabel:  protocols = UNLABELED CIPSOv4
[    1.076533] NetLabel:  unlabeled traffic allowed by default
[    1.080216] HPET: 3 timers in total, 0 timers will be used for per-cpu timer
[    1.081242] hpet0: at MMIO 0xfed00000, IRQs 2, 8, 0
[    1.082237] hpet0: 3 comparators, 64-bit 100.000000 MHz counter
[    1.095040] Switching to clocksource hpet
[    1.326266] AppArmor: AppArmor Filesystem Enabled
[    1.327709] pnp: PnP ACPI init
[    1.329419] ACPI: bus type pnp registered
[    1.347657] pnp: PnP ACPI: found 9 devices
[    1.348187] ACPI: ACPI bus type pnp unregistered
[    1.408487] NET: Registered protocol family 2
[    1.450181] IP route cache hash table entries: 512 (order: 0, 4096 bytes)
[    1.457402] TCP established hash table entries: 2048 (order: 3, 32768 bytes)
[    1.458838] TCP bind hash table entries: 2048 (order: 3, 32768 bytes)
[    1.460335] TCP: Hash tables configured (established 2048 bind 2048)
[    1.461552] TCP reno registered
[    1.462518] UDP hash table entries: 128 (order: 0, 4096 bytes)
[    1.463463] UDP-Lite hash table entries: 128 (order: 0, 4096 bytes)
[    1.468318] NET: Registered protocol family 1
[    1.468922] pci 0000:00:00.0: Limiting direct PCI/PCI transfers
[    1.471384] pci 0000:00:01.0: PIIX3: Enabling Passive Release
[    1.473753] pci 0000:00:01.0: Activating ISA DMA hang workarounds
[    1.478705] ACPI: PCI Interrupt Link [LNKD] enabled at IRQ 11
[    1.479762] pci 0000:00:01.2: PCI INT D -&gt; Link[LNKD] -&gt; GSI 11 (level, high) -&gt; IRQ 11
[    1.483131] pci 0000:00:01.2: PCI INT D disabled
[    1.505589] Trying to unpack rootfs image as initramfs...
[    1.526154] audit: initializing netlink socket (disabled)
[    1.530344] type=2000 audit(1450475894.524:1): initialized
[    1.819487] HugeTLB registered 2 MB page size, pre-allocated 0 pages
[    1.891715] VFS: Disk quotas dquot_6.5.2
[    1.893945] Dquot-cache hash table entries: 512 (order 0, 4096 bytes)
[    1.914914] fuse init (API version 7.17)
[    1.918412] msgmni has been set to 84
[    1.954588] Block layer SCSI generic (bsg) driver version 0.4 loaded (major 253)
[    1.956071] io scheduler noop registered
[    1.957860] io scheduler deadline registered (default)
[    1.958921] io scheduler cfq registered
[    1.962083] pci_hotplug: PCI Hot Plug PCI Core version: 0.5
[    1.964182] pciehp: PCI Express Hot Plug Controller Driver version: 0.4
[    1.970655] input: Power Button as /devices/LNXSYSTM:00/LNXPWRBN:00/input/input0
[    1.972190] ACPI: Power Button [PWRF]
[    2.026662] ERST: Table is not found!
[    2.027146] GHES: HEST is not enabled!
[    2.034769] ACPI: PCI Interrupt Link [LNKC] enabled at IRQ 10
[    2.035503] virtio-pci 0000:00:03.0: PCI INT A -&gt; Link[LNKC] -&gt; GSI 10 (level, high) -&gt; IRQ 10
[    2.039637] virtio-pci 0000:00:04.0: PCI INT A -&gt; Link[LNKD] -&gt; GSI 11 (level, high) -&gt; IRQ 11
[    2.057936] ACPI: PCI Interrupt Link [LNKA] enabled at IRQ 10
[    2.058646] virtio-pci 0000:00:05.0: PCI INT A -&gt; Link[LNKA] -&gt; GSI 10 (level, high) -&gt; IRQ 10
[    2.071649] Serial: 8250/16550 driver, 32 ports, IRQ sharing enabled
[    2.113083] serial8250: ttyS0 at I/O 0x3f8 (irq = 4) is a 16550A
[    2.189223] serial8250: ttyS1 at I/O 0x2f8 (irq = 3) is a 16550A
[    2.316844] 00:05: ttyS0 at I/O 0x3f8 (irq = 4) is a 16550A
[    2.388814] 00:06: ttyS1 at I/O 0x2f8 (irq = 3) is a 16550A
[    2.438403] Linux agpgart interface v0.103
[    2.490739] Refined TSC clocksource calibration: 2294.094 MHz.
[    2.491501] Switching to clocksource tsc
[    2.514056] brd: module loaded
[    2.549386] loop: module loaded
[    2.609049]  vda: unknown partition table
[    2.681907] scsi0 : ata_piix
[    2.684464] scsi1 : ata_piix
[    2.686315] ata1: PATA max MWDMA2 cmd 0x1f0 ctl 0x3f6 bmdma 0xc0a0 irq 14
[    2.687042] ata2: PATA max MWDMA2 cmd 0x170 ctl 0x376 bmdma 0xc0a8 irq 15
[    2.703717] Fixed MDIO Bus: probed
[    2.705513] tun: Universal TUN/TAP device driver, 1.6
[    2.706073] tun: (C) 1999-2004 Max Krasnyansky &lt;maxk@qualcomm.com&gt;
[    2.721983] PPP generic driver version 2.4.2
[    2.747857] ehci_hcd: USB 2.0 'Enhanced' Host Controller (EHCI) Driver
[    2.750004] ohci_hcd: USB 1.1 'Open' Host Controller (OHCI) Driver
[    2.751316] uhci_hcd: USB Universal Host Controller Interface driver
[    2.753471] uhci_hcd 0000:00:01.2: PCI INT D -&gt; Link[LNKD] -&gt; GSI 11 (level, high) -&gt; IRQ 11
[    2.755956] uhci_hcd 0000:00:01.2: UHCI Host Controller
[    2.770044] uhci_hcd 0000:00:01.2: new USB bus registered, assigned bus number 1
[    2.771847] uhci_hcd 0000:00:01.2: irq 11, io base 0x0000c040
[    2.822608] hub 1-0:1.0: USB hub found
[    2.824464] hub 1-0:1.0: 2 ports detected
[    2.831756] usbcore: registered new interface driver libusual
[    2.837847] i8042: PNP: PS/2 Controller [PNP0303:KBD,PNP0f13:MOU] at 0x60,0x64 irq 1,12
[    2.850176] serio: i8042 KBD port at 0x60,0x64 irq 1
[    2.851707] serio: i8042 AUX port at 0x60,0x64 irq 12
[    2.859613] mousedev: PS/2 mouse device common for all mice
[    2.865212] rtc_cmos 00:01: RTC can wake from S4
[    2.879584] rtc_cmos 00:01: rtc core: registered rtc_cmos as rtc0
[    2.883154] rtc0: alarms up to one day, 114 bytes nvram, hpet irqs
[    2.891786] device-mapper: uevent: version 1.0.3
[    2.938945] device-mapper: ioctl: 4.22.0-ioctl (2011-10-19) initialised: dm-devel@redhat.com
[    2.942574] cpuidle: using governor ladder
[    2.943542] cpuidle: using governor menu
[    2.944080] EFI Variables Facility v0.08 2004-May-17
[    2.958084] TCP cubic registered
[    2.963609] NET: Registered protocol family 10
[    2.990245] NET: Registered protocol family 17
[    2.991585] Registering the dns_resolver key type
[    3.006470] input: AT Translated Set 2 keyboard as /devices/platform/i8042/serio0/input/input1
[    3.040000] ata2.01: ATAPI: QEMU DVD-ROM, 2.0.0, max UDMA/100
[    3.063496] ata2.01: configured for MWDMA2
[    3.109803] scsi 1:0:1:0: CD-ROM            QEMU     QEMU DVD-ROM     2.0. PQ: 0 ANSI: 5
[    3.134283] registered taskstats version 1
[    3.146321] sr0: scsi3-mmc drive: 4x/4x cd/rw xa/form2 tray
[    3.148770] cdrom: Uniform CD-ROM driver Revision: 3.20
[    3.162552] sr 1:0:1:0: Attached scsi generic sg0 type 5
[    3.211759] Freeing initrd memory: 3656k freed
[    3.656369]   Magic number: 11:62:1006
[    3.663677] pnp 00:08: hash matches
[    3.669199] rtc_cmos 00:01: setting system clock to 2015-12-18 21:58:17 UTC (1450475897)
[    3.672336] powernow-k8: Processor cpuid 663 not supported
[    3.678222] BIOS EDD facility v0.16 2004-Jun-25, 0 devices found
[    3.679653] EDD information not available.
[    3.739905] Freeing unused kernel memory: 928k freed
[    3.744785] Write protecting the kernel read-only data: 12288k
[    3.856026] Freeing unused kernel memory: 1596k freed
[    3.921759] Freeing unused kernel memory: 1184k freed

info: initramfs: up at 4.10
modprobe: module virtio_blk not found in modules.dep
modprobe: module virtio_net not found in modules.dep
info: copying initramfs to /dev/vda
info: initramfs loading root from /dev/vda
info: /etc/init.d/rc.sysinit: up at 8.83
info: container: none
Starting logging: OK
modprobe: module virtio_blk not found in modules.dep
modprobe: module virtio_net not found in modules.dep
WARN: /etc/rc3.d/S10-load-modules failed
Initializing random number generator... done.
Starting acpid: OK
cirros-ds 'local' up at 11.44
found datasource (configdrive, local)
Starting network...
udhcpc (v1.20.1) started
Sending discover...
Sending discover...
Sending discover...
Usage: /sbin/cirros-dhcpc &lt;up|down&gt;
No lease, failing
WARN: /etc/rc3.d/S40-network failed
Starting dropbear sshd: generating rsa key... generating dsa key... OK
no userdata for datasource
=== system information ===
Platform: OpenStack Foundation OpenStack Nova
Container: none
Arch: x86_64
CPU(s): 1 @ 2294.060 MHz
Cores/Sockets/Threads: 1/1/1
Virt-type: AMD-V
RAM Size: 49MB
Disks:
NAME MAJ:MIN     SIZE LABEL         MOUNTPOINT
vda  253:0   25165824 cirros-rootfs /
sr0   11:0     428032 config-2      
=== sshd host keys ===
-----BEGIN SSH HOST KEY KEYS-----
ssh-rsa AAAAB3NzaC1yc2EAAAADAQABAAAAgn7YNujDuPRLD7M9dLPmTdGXi/LDsojwO4UWy8UJCxDFWuQa51K6uIaE7f228hoalEwpEQIwIxugHbiByj25/X5jNys+sCzFMiD5U/6zMBc6qFMBY96dBb/66FM068mzWgVing56coccgo/gW5uyi/9qPGU0rr7boeQloiU7CL4row8= root@tempest
ssh-dss AAAAB3NzaC1kc3MAAACBAIE5gqvEJ932jU9gjq3ovSNmTuaiNIT//yJGHzKa/2qaP8E2m+1Mb0L06mZSrynlbhrKERlnFlCaX/UwM95zqoqwLev0Yc+1QMjdaPt5HZZBbZz/2kD0n51OEyLs7pEYZThqkMbh2i50p/wBavfX+QlTmpXGdTfshwO/eQ+qgR5hAAAAFQCeKYztULaVc+ZoGGZI7rjajFd1cQAAAIBaW4oc3RJeMK1iE2WjWOgMq5eSSbapy9BYNP4V2MozfTZGRh5CDgybX2whk2NmOxpD3K6l9OVvvCwdUqjTNd1cKmy93CF0/QT2RIysMX5HM9ll2S2ThXZjvGe5zhPq98tetuHDO9LtYnMTsoSOjJRWDlgTQXiA9JwOZkLmSam6EAAAAIAcWLoAH5J0Ldnygv1IYgfNuTPKxfPZWuKuK46oLELOVsyWq33KQzlM0jbxSF1IFWcl4XzgR2CB3wqcrI1r/P2o0ZDBuygbo5gamdgirt3BpP1wDg5yiuuyEbp7csC3KbxgDcITBmpsYxdhHxYNKqtKYM6z1NZbKVty3gaju2d3eQ== root@tempest
-----END SSH HOST KEY KEYS-----
=== network info ===
if-info: lo,up,127.0.0.1,8,::1
if-info: eth0,up,,8,fe80::f816:3eff:feab:5257
=== datasource: configdrive local ===
instance-id: 28e4b62e-fb66-4e6d-8d87-0a50eaf9d410
name: tempest.common.compute-instance-1354230396
availability-zone: nova
local-hostname: tempest.common.compute-instance-1354230396.novalocal
launch-index: 0
=== cirros: current=0.3.4 uptime=204.24 ===
route: fscanf
=== pinging gateway failed, debugging connection ===
############ debug start ##############
### /etc/init.d/sshd start
Starting dropbear sshd: OK
route: fscanf
### ifconfig -a
eth0      Link encap:Ethernet  HWaddr FA:16:3E:AB:52:57  
          inet6 addr: fe80::f816:3eff:feab:5257/64 Scope:Link
          UP BROADCAST RUNNING MULTICAST  MTU:1500  Metric:1
          RX packets:12 errors:0 dropped:5 overruns:0 frame:0
          TX packets:8 errors:0 dropped:0 overruns:0 carrier:0
          collisions:0 txqueuelen:1000 
          RX bytes:1293 (1.2 KiB)  TX bytes:1134 (1.1 KiB)

lo        Link encap:Local Loopback  
          inet addr:127.0.0.1  Mask:255.0.0.0
          inet6 addr: ::1/128 Scope:Host
          UP LOOPBACK RUNNING  MTU:16436  Metric:1
          RX packets:12 errors:0 dropped:0 overruns:0 frame:0
          TX packets:12 errors:0 dropped:0 overruns:0 carrier:0
          collisions:0 txqueuelen:0 
          RX bytes:1020 (1020.0 B)  TX bytes:1020 (1020.0 B)

### route -n
Kernel IP routing table
Destination     Gateway         Genmask         Flags Metric Ref    Use Iface
route: fscanf
### cat /etc/resolv.conf
cat: can't open '/etc/resolv.conf': No such file or directory
### gateway not found
/sbin/cirros-status: line 1: can't open /etc/resolv.conf: no such file
### pinging nameservers
### uname -a
Linux tempest 3.2.0-80-virtual #116-Ubuntu SMP Mon Mar 23 17:28:52 UTC 2015 x86_64 GNU/Linux
### lsmod
Module                  Size  Used by    Not tainted
nls_iso8859_1          12713  0 
nls_cp437              16991  0 
vfat                   17585  0 
fat                    61512  1 vfat
isofs                  40259  0 
ip_tables              27473  0 
x_tables               29891  1 ip_tables
pcnet32                42119  0 
8139cp                 27360  0 
ne2k_pci               13691  0 
8390                   18856  1 ne2k_pci
e1000                 108589  0 
acpiphp                24231  0 
### dmesg | tail
[    4.818798] EXT3-fs (vda): mounted filesystem with ordered data mode
[    5.166750] ISO 9660 Extensions: Microsoft Joliet Level 3
[    5.252098] ISO 9660 Extensions: RRIP_1991A
[    5.498718] kjournald starting.  Commit interval 5 seconds
[    5.514766] EXT3-fs (vda): using internal journal
[    5.515464] EXT3-fs (vda): mounted filesystem with ordered data mode
[    8.919648] EXT3-fs (vda): using internal journal
[   12.246921] ISO 9660 Extensions: Microsoft Joliet Level 3
[   12.336109] ISO 9660 Extensions: RRIP_1991A
[   26.882877] eth0: no IPv6 routers present
### tail -n 25 /var/log/messages
Dec 18 21:58:24 cirros kern.info kernel: [    4.401558] acpiphp: Slot [26] registered
Dec 18 21:58:24 cirros kern.info kernel: [    4.401908] acpiphp: Slot [27] registered
Dec 18 21:58:24 cirros kern.info kernel: [    4.402224] acpiphp: Slot [28] registered
Dec 18 21:58:24 cirros kern.info kernel: [    4.402560] acpiphp: Slot [29] registered
Dec 18 21:58:24 cirros kern.info kernel: [    4.402859] acpiphp: Slot [30] registered
Dec 18 21:58:24 cirros kern.info kernel: [    4.403158] acpiphp: Slot [31] registered
Dec 18 21:58:24 cirros kern.info kernel: [    4.449745] e1000: Intel(R) PRO/1000 Network Driver - version 7.3.21-k8-NAPI
Dec 18 21:58:24 cirros kern.info kernel: [    4.449796] e1000: Copyright (c) 1999-2006 Intel Corporation.
Dec 18 21:58:24 cirros kern.info kernel: [    4.487794] ne2k-pci.c:v1.03 9/22/2003 D. Becker/P. Gortmaker
Dec 18 21:58:24 cirros kern.info kernel: [    4.531473] 8139cp: 8139cp: 10/100 PCI Ethernet driver v1.3 (Mar 22, 2004)
Dec 18 21:58:24 cirros kern.info kernel: [    4.570895] pcnet32: pcnet32.c:v1.35 21.Apr.2008 tsbogend@alpha.franken.de
Dec 18 21:58:24 cirros kern.info kernel: [    4.615055] ip_tables: (C) 2000-2006 Netfilter Core Team
Dec 18 21:58:24 cirros kern.info kernel: [    4.817664] kjournald starting.  Commit interval 5 seconds
Dec 18 21:58:24 cirros kern.info kernel: [    4.818798] EXT3-fs (vda): mounted filesystem with ordered data mode
Dec 18 21:58:24 cirros kern.debug kernel: [    5.166750] ISO 9660 Extensions: Microsoft Joliet Level 3
Dec 18 21:58:24 cirros kern.debug kernel: [    5.252098] ISO 9660 Extensions: RRIP_1991A
Dec 18 21:58:24 cirros kern.info kernel: [    5.498718] kjournald starting.  Commit interval 5 seconds
Dec 18 21:58:24 cirros kern.info kernel: [    5.514766] EXT3-fs (vda): using internal journal
Dec 18 21:58:24 cirros kern.info kernel: [    5.515464] EXT3-fs (vda): mounted filesystem with ordered data mode
Dec 18 21:58:24 cirros kern.info kernel: [    8.919648] EXT3-fs (vda): using internal journal
Dec 18 21:58:26 cirros kern.debug kernel: [   12.246921] ISO 9660 Extensions: Microsoft Joliet Level 3
Dec 18 21:58:26 cirros kern.debug kernel: [   12.336109] ISO 9660 Extensions: RRIP_1991A
Dec 18 21:58:29 cirros auth.notice su: + /dev/console root:cirros
Dec 18 21:58:40 cirros kern.debug kernel: [   26.882877] eth0: no IPv6 routers present
Dec 18 22:01:36 cirros authpriv.info dropbear[283]: Running in background
############ debug end   ##############
  ____               ____  ____
 / __/ __ ____ ____ / __ \/ __/
/ /__ / // __// __// /_/ /\ \ 
\___//_//_/  /_/   \____/___/ 
   http://cirros-cloud.net


login as 'cirros' user. default password: 'cubswin:)'. use 'sudo' for root.
tempest login: 
2015-12-18 22:03:17,369 20929 INFO     [tempest_lib.common.rest_client] Request (TestGettingAddress:_run_cleanups): 204 DELETE http://10.0.2.15:9696/v2.0/floatingips/15f835f4-d61c-4f67-8f59-055a79e9d638 0.423s
2015-12-18 22:03:17,370 20929 DEBUG    [tempest_lib.common.rest_client] Request - Headers: {'Content-Type': 'application/json', 'Accept': 'application/json', 'X-Auth-Token': '&lt;omitted&gt;'}
        Body: None
    Response - Headers: {'date': 'Fri, 18 Dec 2015 22:03:17 GMT', 'status': '204', 'connection': 'close', 'content-length': '0', 'x-openstack-request-id': 'req-29c273de-6f4c-4e6b-974e-15469f6078cc'}
        Body: 
2015-12-18 22:03:17,596 20929 INFO     [tempest_lib.common.rest_client] Request (TestGettingAddress:_run_cleanups): 204 DELETE http://10.0.2.15:8774/v2.1/165f8180a8a04a8f8945a00404808eea/servers/28e4b62e-fb66-4e6d-8d87-0a50eaf9d410 0.226s
2015-12-18 22:03:17,597 20929 DEBUG    [tempest_lib.common.rest_client] Request - Headers: {'Content-Type': 'application/json', 'Accept': 'application/json', 'X-Auth-Token': '&lt;omitted&gt;'}
        Body: None
    Response - Headers: {'status': '204', 'content-length': '0', 'x-compute-request-id': 'req-e485aa10-3b4d-4eb6-80c8-0a6c33bfe665', 'vary': 'X-OpenStack-Nova-API-Version', 'connection': 'close', 'x-openstack-nova-api-version': '2.1', 'date': 'Fri, 18 Dec 2015 22:03:17 GMT', 'content-type': 'application/json'}
        Body: 
2015-12-18 22:03:17,918 20929 INFO     [tempest_lib.common.rest_client] Request (TestGettingAddress:_run_cleanups): 200 GET http://10.0.2.15:8774/v2.1/165f8180a8a04a8f8945a00404808eea/servers/28e4b62e-fb66-4e6d-8d87-0a50eaf9d410 0.320s
2015-12-18 22:03:17,918 20929 DEBUG    [tempest_lib.common.rest_client] Request - Headers: {'Content-Type': 'application/json', 'Accept': 'application/json', 'X-Auth-Token': '&lt;omitted&gt;'}
        Body: None
    Response - Headers: {'status': '200', 'content-length': '1905', 'content-location': 'http://10.0.2.15:8774/v2.1/165f8180a8a04a8f8945a00404808eea/servers/28e4b62e-fb66-4e6d-8d87-0a50eaf9d410', 'x-compute-request-id': 'req-468c0819-aefb-4aa9-863e-cea4ba8b8b8d', 'vary': 'X-OpenStack-Nova-API-Version', 'connection': 'close', 'x-openstack-nova-api-version': '2.1', 'date': 'Fri, 18 Dec 2015 22:03:17 GMT', 'content-type': 'application/json'}
        Body: {"server": {"status": "ACTIVE", "updated": "2015-12-18T22:03:17Z", "hostId": "c6d9885e88656c849364e87ff6b6d6cbb22db5ffc67991c0b0631226", "addresses": {"tempest-network-smoke--1070694777": [{"OS-EXT-IPS-MAC:mac_addr": "fa:16:3e:ab:52:57", "version": 4, "addr": "10.100.0.3", "OS-EXT-IPS:type": "fixed"}, {"OS-EXT-IPS-MAC:mac_addr": "fa:16:3e:ab:52:57", "version": 6, "addr": "2003::f816:3eff:feab:5257", "OS-EXT-IPS:type": "fixed"}, {"OS-EXT-IPS-MAC:mac_addr": "fa:16:3e:ab:52:57", "version": 4, "addr": "172.24.4.4", "OS-EXT-IPS:type": "floating"}]}, "links": [{"href": "http://10.0.2.15:8774/v2.1/165f8180a8a04a8f8945a00404808eea/servers/28e4b62e-fb66-4e6d-8d87-0a50eaf9d410", "rel": "self"}, {"href": "http://10.0.2.15:8774/165f8180a8a04a8f8945a00404808eea/servers/28e4b62e-fb66-4e6d-8d87-0a50eaf9d410", "rel": "bookmark"}], "key_name": "tempest-TestGettingAddress-1437648265", "image": {"id": "ab2febd2-a046-46eb-874a-92f60bf1f86d", "links": [{"href": "http://10.0.2.15:8774/165f8180a8a04a8f8945a00404808eea/images/ab2febd2-a046-46eb-874a-92f60bf1f86d", "rel": "bookmark"}]}, "OS-EXT-STS:task_state": "deleting", "OS-EXT-STS:vm_state": "active", "OS-SRV-USG:launched_at": "2015-12-18T21:58:11.000000", "flavor": {"id": "42", "links": [{"href": "http://10.0.2.15:8774/165f8180a8a04a8f8945a00404808eea/flavors/42", "rel": "bookmark"}]}, "id": "28e4b62e-fb66-4e6d-8d87-0a50eaf9d410", "security_groups": [{"name": "tempest-secgroup-smoke-2057601588"}], "OS-SRV-USG:terminated_at": null, "OS-EXT-AZ:availability_zone": "nova", "user_id": "57c8bea131434210bdbd02db3a95b751", "name": "tempest.common.compute-instance-1354230396", "created": "2015-12-18T21:58:07Z", "tenant_id": "165f8180a8a04a8f8945a00404808eea", "OS-DCF:diskConfig": "MANUAL", "os-extended-volumes:volumes_attached": [], "accessIPv4": "", "accessIPv6": "", "progress": 0, "OS-EXT-STS:power_state": 1, "config_drive": "True", "metadata": {}}}
2015-12-18 22:03:19,074 20929 INFO     [tempest_lib.common.rest_client] Request (TestGettingAddress:_run_cleanups): 200 GET http://10.0.2.15:8774/v2.1/165f8180a8a04a8f8945a00404808eea/servers/28e4b62e-fb66-4e6d-8d87-0a50eaf9d410 0.145s
2015-12-18 22:03:19,074 20929 DEBUG    [tempest_lib.common.rest_client] Request - Headers: {'Content-Type': 'application/json', 'Accept': 'application/json', 'X-Auth-Token': '&lt;omitted&gt;'}
        Body: None
    Response - Headers: {'status': '200', 'content-length': '1445', 'content-location': 'http://10.0.2.15:8774/v2.1/165f8180a8a04a8f8945a00404808eea/servers/28e4b62e-fb66-4e6d-8d87-0a50eaf9d410', 'x-compute-request-id': 'req-dcbec56d-7b44-4346-ac5f-3ba62281a86c', 'vary': 'X-OpenStack-Nova-API-Version', 'connection': 'close', 'x-openstack-nova-api-version': '2.1', 'date': 'Fri, 18 Dec 2015 22:03:19 GMT', 'content-type': 'application/json'}
        Body: {"server": {"status": "DELETED", "updated": "2015-12-18T22:03:18Z", "hostId": "c6d9885e88656c849364e87ff6b6d6cbb22db5ffc67991c0b0631226", "addresses": {}, "links": [{"href": "http://10.0.2.15:8774/v2.1/165f8180a8a04a8f8945a00404808eea/servers/28e4b62e-fb66-4e6d-8d87-0a50eaf9d410", "rel": "self"}, {"href": "http://10.0.2.15:8774/165f8180a8a04a8f8945a00404808eea/servers/28e4b62e-fb66-4e6d-8d87-0a50eaf9d410", "rel": "bookmark"}], "key_name": "tempest-TestGettingAddress-1437648265", "image": {"id": "ab2febd2-a046-46eb-874a-92f60bf1f86d", "links": [{"href": "http://10.0.2.15:8774/165f8180a8a04a8f8945a00404808eea/images/ab2febd2-a046-46eb-874a-92f60bf1f86d", "rel": "bookmark"}]}, "OS-EXT-STS:task_state": null, "OS-EXT-STS:vm_state": "deleted", "OS-SRV-USG:launched_at": "2015-12-18T21:58:11.000000", "flavor": {"id": "42", "links": [{"href": "http://10.0.2.15:8774/165f8180a8a04a8f8945a00404808eea/flavors/42", "rel": "bookmark"}]}, "id": "28e4b62e-fb66-4e6d-8d87-0a50eaf9d410", "OS-SRV-USG:terminated_at": "2015-12-18T22:03:18.000000", "OS-EXT-AZ:availability_zone": "nova", "user_id": "57c8bea131434210bdbd02db3a95b751", "name": "tempest.common.compute-instance-1354230396", "created": "2015-12-18T21:58:07Z", "tenant_id": "165f8180a8a04a8f8945a00404808eea", "OS-DCF:diskConfig": "MANUAL", "os-extended-volumes:volumes_attached": [], "accessIPv4": "", "accessIPv6": "", "OS-EXT-STS:power_state": 0, "config_drive": "True", "metadata": {}}}
2015-12-18 22:03:20,165 20929 INFO     [tempest_lib.common.rest_client] Request (TestGettingAddress:_run_cleanups): 404 GET http://10.0.2.15:8774/v2.1/165f8180a8a04a8f8945a00404808eea/servers/28e4b62e-fb66-4e6d-8d87-0a50eaf9d410 0.081s
2015-12-18 22:03:20,166 20929 DEBUG    [tempest_lib.common.rest_client] Request - Headers: {'Content-Type': 'application/json', 'Accept': 'application/json', 'X-Auth-Token': '&lt;omitted&gt;'}
        Body: None
    Response - Headers: {'status': '404', 'content-length': '111', 'x-compute-request-id': 'req-3ea927b2-764c-40b7-949a-38999fb5a91d', 'vary': 'X-OpenStack-Nova-API-Version', 'connection': 'close', 'x-openstack-nova-api-version': '2.1', 'date': 'Fri, 18 Dec 2015 22:03:20 GMT', 'content-type': 'application/json; charset=UTF-8'}
        Body: {"itemNotFound": {"message": "Instance 28e4b62e-fb66-4e6d-8d87-0a50eaf9d410 could not be found.", "code": 404}}
2015-12-18 22:03:20,568 20929 INFO     [tempest_lib.common.rest_client] Request (TestGettingAddress:_run_cleanups): 200 PUT http://10.0.2.15:9696/v2.0/routers/973415a7-5c5b-4e29-bb81-ef08b821b9df/remove_router_interface 0.400s
2015-12-18 22:03:20,569 20929 DEBUG    [tempest_lib.common.rest_client] Request - Headers: {'Content-Type': 'application/json', 'Accept': 'application/json', 'X-Auth-Token': '&lt;omitted&gt;'}
        Body: {"subnet_id": "e3e40078-ab12-41af-9ee2-460dcadd7033"}
    Response - Headers: {'status': '200', 'content-length': '255', 'connection': 'close', 'date': 'Fri, 18 Dec 2015 22:03:20 GMT', 'content-type': 'application/json; charset=UTF-8', 'x-openstack-request-id': 'req-5bc1478b-0d7e-4ef3-ae39-408c2729c18a'}
        Body: {"subnet_id": "e3e40078-ab12-41af-9ee2-460dcadd7033", "tenant_id": "165f8180a8a04a8f8945a00404808eea", "subnet_ids": ["e3e40078-ab12-41af-9ee2-460dcadd7033"], "port_id": "a9e6de15-c2c7-4106-9b10-9310b6a051ac", "id": "973415a7-5c5b-4e29-bb81-ef08b821b9df"}
2015-12-18 22:03:20,955 20929 INFO     [tempest_lib.common.rest_client] Request (TestGettingAddress:_run_cleanups): 204 DELETE http://10.0.2.15:9696/v2.0/subnets/e3e40078-ab12-41af-9ee2-460dcadd7033 0.385s
2015-12-18 22:03:20,956 20929 DEBUG    [tempest_lib.common.rest_client] Request - Headers: {'Content-Type': 'application/json', 'Accept': 'application/json', 'X-Auth-Token': '&lt;omitted&gt;'}
        Body: None
    Response - Headers: {'date': 'Fri, 18 Dec 2015 22:03:20 GMT', 'status': '204', 'connection': 'close', 'content-length': '0', 'x-openstack-request-id': 'req-252ec3ee-c725-4413-a2c9-1d3ac2c8eb81'}
        Body: 
2015-12-18 22:03:20,995 20929 INFO     [tempest_lib.common.rest_client] Request (TestGettingAddress:_run_cleanups): 404 DELETE http://10.0.2.15:9696/v2.0/subnets/e3e40078-ab12-41af-9ee2-460dcadd7033 0.039s
2015-12-18 22:03:20,996 20929 DEBUG    [tempest_lib.common.rest_client] Request - Headers: {'Content-Type': 'application/json', 'Accept': 'application/json', 'X-Auth-Token': '&lt;omitted&gt;'}
        Body: None
