<?xml version="1.0" encoding="UTF-8"?>
<!DOCTYPE html PUBLIC "-//W3C//DTD XHTML 1.0 Strict//EN"
     "http://www.w3.org/TR/xhtml1/DTD/xhtml1-strict.dtd">
<html xmlns="http://www.w3.org/1999/xhtml">
<head>
    <title>Unit Test Report</title>
    <meta name="generator" content="subunit2html 0.1"/>
    <meta http-equiv="Content-Type" content="text/html; charset=UTF-8"/>
    
<style type="text/css" media="screen">
body        { font-family: verdana, arial, helvetica, sans-serif;
    font-size: 80%; }
table       { font-size: 100%; width: 100%;}
pre         { font-size: 80%; }

/* -- heading -------------------------------------------------------------- */
h1 {
        font-size: 16pt;
        color: gray;
}
.heading {
    margin-top: 0ex;
    margin-bottom: 1ex;
}

.heading .attribute {
    margin-top: 1ex;
    margin-bottom: 0;
}

.heading .description {
    margin-top: 4ex;
    margin-bottom: 6ex;
}

/* -- css div popup -------------------------------------------------------- */
a.popup_link {
}

a.popup_link:hover {
    color: red;
}

.popup_window {
    display: none;
    overflow-x: scroll;
    /*border: solid #627173 1px; */
    padding: 10px;
    background-color: #E6E6D6;
    font-family: "Ubuntu Mono", "Lucida Console", "Courier New", monospace;
    text-align: left;
    font-size: 8pt;
}

}
/* -- report --------------------------------------------------------------- */
#show_detail_line {
    margin-top: 3ex;
    margin-bottom: 1ex;
}
#result_table {
    width: 100%;
    border-collapse: collapse;
    border: 1px solid #777;
}
#header_row {
    font-weight: bold;
    color: white;
    background-color: #777;
}
#result_table td {
    border: 1px solid #777;
    padding: 2px;
}
#total_row  { font-weight: bold; }
.passClass  { background-color: #6c6; }
.failClass  { background-color: #c60; }
.errorClass { background-color: #c00; }
.passCase   { color: #6c6; }
.failCase   { color: #c60; font-weight: bold; }
.errorCase  { color: #c00; font-weight: bold; }
.hiddenRow  { display: none; }
.testcase   { margin-left: 2em; }
td.testname {width: 40%}
td.small {width: 40px}

/* -- ending --------------------------------------------------------------- */
#ending {
}

</style>

</head>
<body>
<script language="javascript" type="text/javascript"><!--
output_list = Array();

/* level - 0:Summary; 1:Failed; 2:All */
function showCase(level) {
    trs = document.getElementsByTagName("tr");
    for (var i = 0; i < trs.length; i++) {
        tr = trs[i];
        id = tr.id;
        if (id.substr(0,2) == 'ft') {
            if (level < 1) {
                tr.className = 'hiddenRow';
            }
            else {
                tr.className = '';
            }
        }
        if (id.substr(0,2) == 'pt') {
            if (level > 1) {
                tr.className = '';
            }
            else {
                tr.className = 'hiddenRow';
            }
        }
    }
}


function showClassDetail(cid, count) {
    var id_list = Array(count);
    var toHide = 1;
    for (var i = 0; i < count; i++) {
        tid0 = 't' + cid.substr(1) + '.' + (i+1);
        tid = 'f' + tid0;
        tr = document.getElementById(tid);
        if (!tr) {
            tid = 'p' + tid0;
            tr = document.getElementById(tid);
        }
        id_list[i] = tid;
        if (tr.className) {
            toHide = 0;
        }
    }
    for (var i = 0; i < count; i++) {
        tid = id_list[i];
        if (toHide) {
            document.getElementById('div_'+tid).style.display = 'none'
            document.getElementById(tid).className = 'hiddenRow';
        }
        else {
            document.getElementById(tid).className = '';
        }
    }
}


function showTestDetail(div_id){
    var details_div = document.getElementById(div_id)
    var displayState = details_div.style.display
    // alert(displayState)
    if (displayState != 'block' ) {
        displayState = 'block'
        details_div.style.display = 'block'
    }
    else {
        details_div.style.display = 'none'
    }
}


function html_escape(s) {
    s = s.replace(/&/g,'&amp;');
    s = s.replace(/</g,'&lt;');
    s = s.replace(/>/g,'&gt;');
    return s;
}

/* obsoleted by detail in <div>
function showOutput(id, name) {
    var w = window.open("", //url
                    name,
                    "resizable,scrollbars,status,width=800,height=450");
    d = w.document;
    d.write("<pre>");
    d.write(html_escape(output_list[id]));
    d.write("\n");
    d.write("<a href='javascript:window.close()'>close</a>\n");
    d.write("</pre>\n");
    d.close();
}
*/
--></script>

<div class='heading'>
<h1>Unit Test Report</h1>

<p class='attribute'><strong>Status:</strong> Failure 8</p>

<p class='description'></p>
</div>



<p id='show_detail_line'>Show
<a href='javascript:showCase(0)'>Summary</a>
<a href='javascript:showCase(1)'>Failed</a>
<a href='javascript:showCase(2)'>All</a>
</p>
<table id='result_table'>
<colgroup>
<col align='left' />
<col align='right' />
<col align='right' />
<col align='right' />
<col align='right' />
<col align='right' />
<col align='right' />
<col align='right' />
</colgroup>
<tr id='header_row'>
    <td>Test Group/Test case</td>
    <td>Count</td>
    <td>Pass</td>
    <td>Fail</td>
    <td>Error</td>
    <td>Skip</td>
    <td>View</td>
    <td> </td>
</tr>

<tr class='failClass'>
    <td class="testname">tempest.scenario.test_network_v6.TestGettingAddress</td>
    <td class="small">8</td>
    <td class="small">0</td>
    <td class="small">8</td>
    <td class="small">0</td>
    <td class="small">0</td>
    <td class="small"><a href="javascript:showClassDetail('c1',8)"
>Detail</a></td>
    <td> </td>
</tr>

<tr id='ft1.1' class='none'>
    <td class='failCase'><div class='testcase'>test_dhcp6_stateless_from_os[compute,id-d7e1f858-187c-45a6-89c9-bdafde619a9f,network]</div></td>
    <td colspan='7' align='left'>

    <!--css div popup start-->
    <a class="popup_link" onfocus='this.blur();'
    href="javascript:showTestDetail('div_ft1.1')" >
        fail</a>

    <div id='div_ft1.1' class="popup_window">
        <div style='text-align: right; color:red;cursor:pointer'>
        <a onfocus='this.blur();'
onclick="document.getElementById('div_ft1.1').style.display = 'none' " >
           [x]</a>
        </div>
        <pre>
        
ft1.1: tempest.scenario.test_network_v6.TestGettingAddress.test_dhcp6_stateless_from_os[compute,id-d7e1f858-187c-45a6-89c9-bdafde619a9f,network]_StringException: Empty attachments:
  stderr
  stdout

pythonlogging:'': {{{
2015-12-18 00:40:35,569 21107 INFO     [tempest_lib.common.rest_client] Request (TestGettingAddress:setUp): 200 POST http://10.0.2.15:8774/v2.1/b6b891e061944fc5960fdd6ac5d10d13/os-keypairs 0.520s
2015-12-18 00:40:35,570 21107 DEBUG    [tempest_lib.common.rest_client] Request - Headers: {'Content-Type': 'application/json', 'Accept': 'application/json', 'X-Auth-Token': '&lt;omitted&gt;'}
        Body: {"keypair": {"name": "tempest-TestGettingAddress-1816083194"}}
    Response - Headers: {'status': '200', 'content-length': '2320', 'x-compute-request-id': 'req-2ff64cba-e790-4594-8ece-b3fd4b5995e9', 'vary': 'X-OpenStack-Nova-API-Version', 'connection': 'close', 'x-openstack-nova-api-version': '2.1', 'date': 'Fri, 18 Dec 2015 00:40:35 GMT', 'content-type': 'application/json'}
        Body: {"keypair": {"public_key": "ssh-rsa AAAAB3NzaC1yc2EAAAADAQABAAABAQDE6jtPu2YhgTKl1R8AJo2TIDJuWdJJ66Tfzgf+X4Mz/ZASGhzllG4cUnJYykf6zARoaNZnpSzA+LZ8tXO1hxEHW/bqqPotJgL24t4dSQlDa2VFGzgojJzowfDC4DnWGDmvciBiW6RlfdpM8xRroynTWv8ONAfu/AkY1cnIUH4s9yBT/gryyGJIM0UJe3Uj+33vwM0Fgp9CuQmWzZPLurUDplCa4eavN/aZAA0huS87S2/LI9j4707xo67VXaEpUkVLVo9WWm+Mat5xO06UKcpUMuvwbjXHeRgCHFvdlmdCxj5Xf0UokBIVqONGrWl5Ksu+JaR3RVUGkB2tAzi/tbiJ Generated-by-Nova", "private_key": "-----BEGIN RSA PRIVATE KEY-----\nMIIEqQIBAAKCAQEAxOo7T7tmIYEypdUfACaNkyAyblnSSeuk384H/l+DM/2QEhoc\n5ZRuHFJyWMpH+swEaGjWZ6UswPi2fLVztYcRB1v26qj6LSYC9uLeHUkJQ2tlRRs4\nKIyc6MHwwuA51hg5r3IgYlukZX3aTPMUa6Mp01r/DjQH7vwJGNXJyFB+LPcgU/4K\n8shiSDNFCXt1I/t978DNBYKfQrkJls2Ty7q1A6ZQmuHmrzf2mQANIbkvO0tvyyPY\n+O9O8aOu1V2hKVJFS1aPVlpvjGrecTtOlCnKVDLr8G41x3kYAhxb3ZZnQsY+V39F\nKJASFajjRq1peSrLviWkd0VVBpAdrQM4v7W4iQIDAQABAoIBAQDCr36ijvoj6BPG\nJ1b2FCfnLW8O8Vla4lLpP09h7NbQYUK+0vh892qCL/WD2cKesHUvMW/Bm2oLBBuQ\nYuoasIZii0ctrJFkb++AXr8RnzM8aAMA9y9nz9YWviCm23/zL5Jg5uojtM1t1qct\naytmXDQvFgmT5ldtrdvkpQJSPVryYko9xwV2xAwoKei4rflK+215djk8fguHwhb5\nYlFDz9H+IQI4v4+jL34UhVjrDphH1qv1LVk+r9SSfAv8rCLlgZ178BvZkB65Vl8g\njJVgluOjejPi0/JgLyvv+FttipehZo5ni5yKqUAMz/9MCYZgt19VljPSJ1zXmhfz\nk6w/3AcBAoIAgQDW9N9IvlGoYf+JEGSiN4nlcend04kkPCpZk+sfLywRhUErGifT\n66N1yAL3JoXrvwdxN6/Sc69OQc6fCG5Anj8FS9/MxjF7cWWaVvUtSVtR085qd5P1\nUAKWHDPufjiUplfmFLChzsKh+GSwa3mLWn+eXkYRjUknh86kS1Xi56UIaQKCAIEA\n6oN7wCGs1JU6SQzaVd2AoItCE5+zz1bNVp+tADyTvHGqTFBPJN48h+mDpgnF7q9f\n+sigojfi/zhFXme9VyQ4BG5+jFF5ihOo3S1u4E6H/EBhYQ8ABpnWdYLpllUG38OC\nRSFUuWFLVM4oKptKC+byIrcPZvJdP3jTX6N+N6IWKyECggCBAI3C/oKF6WqH/rOR\nGR0WTZ4BC0AdIuO/vhpHgBeXz5Nac0kOvdd4HtwtZS9Du6xm1mynUhAT9ThCFBcz\nwypgcqV2jYkJ6FZFycEIujb8mvoTGp2CcRSmiJ4gyWru2TfHoE5/tKFxr1CMdTMY\nHhd2PpXeDI3ExMsKOJCHkoPLSz6JAoIAgAFS8LXq+sDQft2+ttTZRUqivqLBuhAn\nm00r5Zwku2jK830uzuOUZZ8W0Gl1kKqCTvZpf46q5hsuxCV+THFbgP11aj18kEUZ\nS1DEWuXlS5s++c3EeemPoMhVDuCMZleJEQk24PWS+Qvnhg6Hhel/Skqr4ehg4enj\n0r2tfJ7vyVRBAoIAgHKgjxPnF2PYFeaLrcBF8aj0Ii4m22PhT3XELwjjfbvT2zgq\nKhs/YxMDkJBvyPKtGtdgKOsU37PKpSVvFWBaP5g0L5BrouEFS6gEnxXwHDRX+0i+\nI3TwvoQ7DCnXaNn6+qj+vMnj228s4nHJ9qt1wIbXlzk+Q8Cz90Git4vT0Pbm\n-----END RSA PRIVATE KEY-----\n", "user_id": "89b920e2ea4b47e6b9bbbbdcb7862582", "name": "tempest-TestGettingAddress-1816083194", "fingerprint": "8d:48:46:7b:11:5f:11:ea:93:be:45:04:b3:12:d0:79"}}
2015-12-18 00:40:35,903 21107 INFO     [tempest_lib.common.rest_client] Request (TestGettingAddress:setUp): 201 POST http://10.0.2.15:9696/v2.0/security-groups 0.328s
2015-12-18 00:40:35,904 21107 DEBUG    [tempest_lib.common.rest_client] Request - Headers: {'Content-Type': 'application/json', 'Accept': 'application/json', 'X-Auth-Token': '&lt;omitted&gt;'}
        Body: {"security_group": {"tenant_id": "b6b891e061944fc5960fdd6ac5d10d13", "description": "tempest-secgroup-smoke-925577605 description", "name": "tempest-secgroup-smoke-925577605"}}
    Response - Headers: {'status': '201', 'content-length': '886', 'connection': 'close', 'date': 'Fri, 18 Dec 2015 00:40:35 GMT', 'content-type': 'application/json; charset=UTF-8', 'x-openstack-request-id': 'req-993a9183-ed90-4410-8dfa-c2a1114eb6d7'}
        Body: {"security_group": {"tenant_id": "b6b891e061944fc5960fdd6ac5d10d13", "description": "tempest-secgroup-smoke-925577605 description", "id": "7af0f2a5-e7e5-4bcf-af05-973ab36f0412", "security_group_rules": [{"remote_group_id": null, "direction": "egress", "remote_ip_prefix": null, "protocol": null, "ethertype": "IPv4", "tenant_id": "b6b891e061944fc5960fdd6ac5d10d13", "port_range_max": null, "port_range_min": null, "id": "7328bbd4-8ead-4d24-8d17-fb0607654c0c", "security_group_id": "7af0f2a5-e7e5-4bcf-af05-973ab36f0412"}, {"remote_group_id": null, "direction": "egress", "remote_ip_prefix": null, "protocol": null, "ethertype": "IPv6", "tenant_id": "b6b891e061944fc5960fdd6ac5d10d13", "port_range_max": null, "port_range_min": null, "id": "a1fb5849-e56a-4826-8807-9d17cf299145", "security_group_id": "7af0f2a5-e7e5-4bcf-af05-973ab36f0412"}], "name": "tempest-secgroup-smoke-925577605"}}
2015-12-18 00:40:36,016 21107 INFO     [tempest_lib.common.rest_client] Request (TestGettingAddress:setUp): 201 POST http://10.0.2.15:9696/v2.0/security-group-rules 0.111s
2015-12-18 00:40:36,017 21107 DEBUG    [tempest_lib.common.rest_client] Request - Headers: {'Content-Type': 'application/json', 'Accept': 'application/json', 'X-Auth-Token': '&lt;omitted&gt;'}
        Body: {"security_group_rule": {"direction": "ingress", "protocol": "tcp", "tenant_id": "b6b891e061944fc5960fdd6ac5d10d13", "port_range_max": 22, "security_group_id": "7af0f2a5-e7e5-4bcf-af05-973ab36f0412", "port_range_min": 22}}
    Response - Headers: {'status': '201', 'content-length': '340', 'connection': 'close', 'date': 'Fri, 18 Dec 2015 00:40:36 GMT', 'content-type': 'application/json; charset=UTF-8', 'x-openstack-request-id': 'req-7dd31919-662a-4a5a-b3de-31ff9d0cd64e'}
        Body: {"security_group_rule": {"remote_group_id": null, "direction": "ingress", "remote_ip_prefix": null, "protocol": "tcp", "ethertype": "IPv4", "tenant_id": "b6b891e061944fc5960fdd6ac5d10d13", "port_range_max": 22, "port_range_min": 22, "id": "fb059688-cb6e-496e-9331-2bfb78fb7f4d", "security_group_id": "7af0f2a5-e7e5-4bcf-af05-973ab36f0412"}}
2015-12-18 00:40:36,129 21107 INFO     [tempest_lib.common.rest_client] Request (TestGettingAddress:setUp): 201 POST http://10.0.2.15:9696/v2.0/security-group-rules 0.111s
2015-12-18 00:40:36,130 21107 DEBUG    [tempest_lib.common.rest_client] Request - Headers: {'Content-Type': 'application/json', 'Accept': 'application/json', 'X-Auth-Token': '&lt;omitted&gt;'}
        Body: {"security_group_rule": {"direction": "egress", "protocol": "tcp", "tenant_id": "b6b891e061944fc5960fdd6ac5d10d13", "port_range_max": 22, "security_group_id": "7af0f2a5-e7e5-4bcf-af05-973ab36f0412", "port_range_min": 22}}
    Response - Headers: {'status': '201', 'content-length': '339', 'connection': 'close', 'date': 'Fri, 18 Dec 2015 00:40:36 GMT', 'content-type': 'application/json; charset=UTF-8', 'x-openstack-request-id': 'req-f11aa825-5c99-4ce2-870c-6469c7f7f347'}
        Body: {"security_group_rule": {"remote_group_id": null, "direction": "egress", "remote_ip_prefix": null, "protocol": "tcp", "ethertype": "IPv4", "tenant_id": "b6b891e061944fc5960fdd6ac5d10d13", "port_range_max": 22, "port_range_min": 22, "id": "54f3f59a-d517-4bd9-9c65-fcc3fcc7c4be", "security_group_id": "7af0f2a5-e7e5-4bcf-af05-973ab36f0412"}}
2015-12-18 00:40:36,232 21107 INFO     [tempest_lib.common.rest_client] Request (TestGettingAddress:setUp): 201 POST http://10.0.2.15:9696/v2.0/security-group-rules 0.101s
2015-12-18 00:40:36,233 21107 DEBUG    [tempest_lib.common.rest_client] Request - Headers: {'Content-Type': 'application/json', 'Accept': 'application/json', 'X-Auth-Token': '&lt;omitted&gt;'}
        Body: {"security_group_rule": {"tenant_id": "b6b891e061944fc5960fdd6ac5d10d13", "direction": "ingress", "protocol": "icmp", "security_group_id": "7af0f2a5-e7e5-4bcf-af05-973ab36f0412"}}
    Response - Headers: {'status': '201', 'content-length': '345', 'connection': 'close', 'date': 'Fri, 18 Dec 2015 00:40:36 GMT', 'content-type': 'application/json; charset=UTF-8', 'x-openstack-request-id': 'req-f2d4f01a-e4a9-4b1a-a870-c9341a8b2232'}
        Body: {"security_group_rule": {"remote_group_id": null, "direction": "ingress", "remote_ip_prefix": null, "protocol": "icmp", "ethertype": "IPv4", "tenant_id": "b6b891e061944fc5960fdd6ac5d10d13", "port_range_max": null, "port_range_min": null, "id": "f5038a45-367e-45a7-90bf-97f90e6af3c2", "security_group_id": "7af0f2a5-e7e5-4bcf-af05-973ab36f0412"}}
2015-12-18 00:40:36,341 21107 INFO     [tempest_lib.common.rest_client] Request (TestGettingAddress:setUp): 201 POST http://10.0.2.15:9696/v2.0/security-group-rules 0.108s
2015-12-18 00:40:36,342 21107 DEBUG    [tempest_lib.common.rest_client] Request - Headers: {'Content-Type': 'application/json', 'Accept': 'application/json', 'X-Auth-Token': '&lt;omitted&gt;'}
        Body: {"security_group_rule": {"tenant_id": "b6b891e061944fc5960fdd6ac5d10d13", "direction": "egress", "protocol": "icmp", "security_group_id": "7af0f2a5-e7e5-4bcf-af05-973ab36f0412"}}
    Response - Headers: {'status': '201', 'content-length': '344', 'connection': 'close', 'date': 'Fri, 18 Dec 2015 00:40:36 GMT', 'content-type': 'application/json; charset=UTF-8', 'x-openstack-request-id': 'req-7c8869ee-bd64-4206-871f-8338299ceea5'}
        Body: {"security_group_rule": {"remote_group_id": null, "direction": "egress", "remote_ip_prefix": null, "protocol": "icmp", "ethertype": "IPv4", "tenant_id": "b6b891e061944fc5960fdd6ac5d10d13", "port_range_max": null, "port_range_min": null, "id": "b6e9d6af-c7a8-427c-850f-095a431d3ee5", "security_group_id": "7af0f2a5-e7e5-4bcf-af05-973ab36f0412"}}
2015-12-18 00:40:36,462 21107 INFO     [tempest_lib.common.rest_client] Request (TestGettingAddress:setUp): 201 POST http://10.0.2.15:9696/v2.0/security-group-rules 0.119s
2015-12-18 00:40:36,462 21107 DEBUG    [tempest_lib.common.rest_client] Request - Headers: {'Content-Type': 'application/json', 'Accept': 'application/json', 'X-Auth-Token': '&lt;omitted&gt;'}
        Body: {"security_group_rule": {"tenant_id": "b6b891e061944fc5960fdd6ac5d10d13", "direction": "ingress", "security_group_id": "7af0f2a5-e7e5-4bcf-af05-973ab36f0412", "protocol": "icmp", "ethertype": "IPv6"}}
    Response - Headers: {'status': '201', 'content-length': '345', 'connection': 'close', 'date': 'Fri, 18 Dec 2015 00:40:36 GMT', 'content-type': 'application/json; charset=UTF-8', 'x-openstack-request-id': 'req-9c305173-30a8-4036-b18f-6fd6f0ff0c0f'}
        Body: {"security_group_rule": {"remote_group_id": null, "direction": "ingress", "remote_ip_prefix": null, "protocol": "icmp", "ethertype": "IPv6", "tenant_id": "b6b891e061944fc5960fdd6ac5d10d13", "port_range_max": null, "port_range_min": null, "id": "107a4b61-c8b3-4369-8f9e-f121ddbae42a", "security_group_id": "7af0f2a5-e7e5-4bcf-af05-973ab36f0412"}}
2015-12-18 00:40:36,569 21107 INFO     [tempest_lib.common.rest_client] Request (TestGettingAddress:setUp): 201 POST http://10.0.2.15:9696/v2.0/security-group-rules 0.106s
2015-12-18 00:40:36,570 21107 DEBUG    [tempest_lib.common.rest_client] Request - Headers: {'Content-Type': 'application/json', 'Accept': 'application/json', 'X-Auth-Token': '&lt;omitted&gt;'}
        Body: {"security_group_rule": {"tenant_id": "b6b891e061944fc5960fdd6ac5d10d13", "direction": "egress", "security_group_id": "7af0f2a5-e7e5-4bcf-af05-973ab36f0412", "protocol": "icmp", "ethertype": "IPv6"}}
    Response - Headers: {'status': '201', 'content-length': '344', 'connection': 'close', 'date': 'Fri, 18 Dec 2015 00:40:36 GMT', 'content-type': 'application/json; charset=UTF-8', 'x-openstack-request-id': 'req-9b7cb889-50a9-4431-9d38-fc1a126be044'}
        Body: {"security_group_rule": {"remote_group_id": null, "direction": "egress", "remote_ip_prefix": null, "protocol": "icmp", "ethertype": "IPv6", "tenant_id": "b6b891e061944fc5960fdd6ac5d10d13", "port_range_max": null, "port_range_min": null, "id": "bf55c6c5-c635-4ae7-b5ca-037047af7d68", "security_group_id": "7af0f2a5-e7e5-4bcf-af05-973ab36f0412"}}
2015-12-18 00:40:36,700 21107 INFO     [tempest_lib.common.rest_client] Request (TestGettingAddress:test_dhcp6_stateless_from_os): 201 POST http://10.0.2.15:9696/v2.0/networks 0.129s
2015-12-18 00:40:36,701 21107 DEBUG    [tempest_lib.common.rest_client] Request - Headers: {'Content-Type': 'application/json', 'Accept': 'application/json', 'X-Auth-Token': '&lt;omitted&gt;'}
        Body: {"network": {"tenant_id": "b6b891e061944fc5960fdd6ac5d10d13", "name": "tempest-network-smoke--147965645"}}
    Response - Headers: {'status': '201', 'content-length': '295', 'connection': 'close', 'date': 'Fri, 18 Dec 2015 00:40:36 GMT', 'content-type': 'application/json; charset=UTF-8', 'x-openstack-request-id': 'req-c3097b02-0b98-4f39-b343-475389f48a18'}
        Body: {"network": {"status": "ACTIVE", "subnets": [], "name": "tempest-network-smoke--147965645", "admin_state_up": true, "tenant_id": "b6b891e061944fc5960fdd6ac5d10d13", "mtu": 0, "router:external": false, "shared": false, "port_security_enabled": true, "id": "84cfd050-57cf-44dd-b1f1-c09fb41f01a3"}}
2015-12-18 00:40:36,860 21107 INFO     [tempest_lib.common.rest_client] Request (TestGettingAddress:test_dhcp6_stateless_from_os): 200 GET http://10.0.2.15:9696/v2.0/subnets?tenant_id=b6b891e061944fc5960fdd6ac5d10d13&amp;cidr=10.100.0.0%2F28 0.156s
2015-12-18 00:40:36,860 21107 DEBUG    [tempest_lib.common.rest_client] Request - Headers: {'Content-Type': 'application/json', 'Accept': 'application/json', 'X-Auth-Token': '&lt;omitted&gt;'}
        Body: None
    Response - Headers: {'status': '200', 'content-length': '15', 'content-location': 'http://10.0.2.15:9696/v2.0/subnets?tenant_id=b6b891e061944fc5960fdd6ac5d10d13&amp;cidr=10.100.0.0%2F28', 'connection': 'close', 'date': 'Fri, 18 Dec 2015 00:40:36 GMT', 'content-type': 'application/json; charset=UTF-8', 'x-openstack-request-id': 'req-38b537e0-4897-49df-a208-882158852d0d'}
        Body: {"subnets": []}
2015-12-18 00:40:37,125 21107 INFO     [tempest_lib.common.rest_client] Request (TestGettingAddress:test_dhcp6_stateless_from_os): 201 POST http://10.0.2.15:9696/v2.0/subnets 0.263s
2015-12-18 00:40:37,126 21107 DEBUG    [tempest_lib.common.rest_client] Request - Headers: {'Content-Type': 'application/json', 'Accept': 'application/json', 'X-Auth-Token': '&lt;omitted&gt;'}
        Body: {"subnet": {"ip_version": 4, "tenant_id": "b6b891e061944fc5960fdd6ac5d10d13", "cidr": "10.100.0.0/28", "network_id": "84cfd050-57cf-44dd-b1f1-c09fb41f01a3", "name": "tempest-sub4-1919037532"}}
    Response - Headers: {'status': '201', 'content-length': '470', 'connection': 'close', 'date': 'Fri, 18 Dec 2015 00:40:37 GMT', 'content-type': 'application/json; charset=UTF-8', 'x-openstack-request-id': 'req-967b8861-1f1e-482d-a9ad-a24a383ff183'}
        Body: {"subnet": {"name": "tempest-sub4-1919037532", "enable_dhcp": true, "network_id": "84cfd050-57cf-44dd-b1f1-c09fb41f01a3", "tenant_id": "b6b891e061944fc5960fdd6ac5d10d13", "dns_nameservers": [], "gateway_ip": "10.100.0.1", "ipv6_ra_mode": null, "allocation_pools": [{"start": "10.100.0.2", "end": "10.100.0.14"}], "host_routes": [], "ip_version": 4, "ipv6_address_mode": null, "cidr": "10.100.0.0/28", "id": "4ac9de61-15c1-443f-ad03-f91ec9328e4a", "subnetpool_id": null}}
2015-12-18 00:40:37,191 21107 INFO     [tempest_lib.common.rest_client] Request (TestGettingAddress:test_dhcp6_stateless_from_os): 201 POST http://10.0.2.15:9696/v2.0/routers 0.064s
2015-12-18 00:40:37,191 21107 DEBUG    [tempest_lib.common.rest_client] Request - Headers: {'Content-Type': 'application/json', 'Accept': 'application/json', 'X-Auth-Token': '&lt;omitted&gt;'}
        Body: {"router": {"tenant_id": "b6b891e061944fc5960fdd6ac5d10d13", "name": "tempest-router-smoke-888978781", "admin_state_up": true}}
    Response - Headers: {'status': '201', 'content-length': '238', 'connection': 'close', 'date': 'Fri, 18 Dec 2015 00:40:37 GMT', 'content-type': 'application/json; charset=UTF-8', 'x-openstack-request-id': 'req-35cad4cc-1fae-44c7-a43f-0eefbfdbb442'}
        Body: {"router": {"status": "ACTIVE", "external_gateway_info": null, "name": "tempest-router-smoke-888978781", "admin_state_up": true, "tenant_id": "b6b891e061944fc5960fdd6ac5d10d13", "routes": [], "id": "90133661-83d4-40dd-8605-7b48a67d0d2a"}}
2015-12-18 00:40:37,230 21107 INFO     [tempest_lib.common.rest_client] Request (TestGettingAddress:test_dhcp6_stateless_from_os): 200 GET http://10.0.2.15:9696/v2.0/routers/90133661-83d4-40dd-8605-7b48a67d0d2a 0.037s
2015-12-18 00:40:37,230 21107 DEBUG    [tempest_lib.common.rest_client] Request - Headers: {'Content-Type': 'application/json', 'Accept': 'application/json', 'X-Auth-Token': '&lt;omitted&gt;'}
        Body: None
    Response - Headers: {'status': '200', 'content-length': '238', 'content-location': 'http://10.0.2.15:9696/v2.0/routers/90133661-83d4-40dd-8605-7b48a67d0d2a', 'connection': 'close', 'date': 'Fri, 18 Dec 2015 00:40:37 GMT', 'content-type': 'application/json; charset=UTF-8', 'x-openstack-request-id': 'req-31d9cc74-decb-48fc-be72-4f6faa3f4db3'}
        Body: {"router": {"status": "ACTIVE", "external_gateway_info": null, "name": "tempest-router-smoke-888978781", "admin_state_up": true, "tenant_id": "b6b891e061944fc5960fdd6ac5d10d13", "routes": [], "id": "90133661-83d4-40dd-8605-7b48a67d0d2a"}}
2015-12-18 00:40:37,712 21107 INFO     [tempest_lib.common.rest_client] Request (TestGettingAddress:test_dhcp6_stateless_from_os): 200 PUT http://10.0.2.15:9696/v2.0/routers/90133661-83d4-40dd-8605-7b48a67d0d2a 0.482s
2015-12-18 00:40:37,713 21107 DEBUG    [tempest_lib.common.rest_client] Request - Headers: {'Content-Type': 'application/json', 'Accept': 'application/json', 'X-Auth-Token': '&lt;omitted&gt;'}
        Body: {"router": {"external_gateway_info": {"network_id": "fc34af1c-872f-481b-b863-5c4f227e3351"}, "name": "tempest-router-smoke-888978781", "admin_state_up": true}}
    Response - Headers: {'status': '200', 'content-length': '500', 'connection': 'close', 'date': 'Fri, 18 Dec 2015 00:40:37 GMT', 'content-type': 'application/json; charset=UTF-8', 'x-openstack-request-id': 'req-e4f7d41d-d677-405a-a237-a5bb30b1928a'}
        Body: {"router": {"status": "ACTIVE", "external_gateway_info": {"network_id": "fc34af1c-872f-481b-b863-5c4f227e3351", "enable_snat": true, "external_fixed_ips": [{"subnet_id": "f02b673a-b0e4-4089-9d59-759233507543", "ip_address": "172.24.4.3"}, {"subnet_id": "fe942ff0-d370-40e7-bcfa-dd11e191659b", "ip_address": "2001:db8::3"}]}, "name": "tempest-router-smoke-888978781", "admin_state_up": true, "tenant_id": "b6b891e061944fc5960fdd6ac5d10d13", "routes": [], "id": "90133661-83d4-40dd-8605-7b48a67d0d2a"}}
2015-12-18 00:40:38,112 21107 INFO     [tempest_lib.common.rest_client] Request (TestGettingAddress:test_dhcp6_stateless_from_os): 200 PUT http://10.0.2.15:9696/v2.0/routers/90133661-83d4-40dd-8605-7b48a67d0d2a/add_router_interface 0.398s
2015-12-18 00:40:38,112 21107 DEBUG    [tempest_lib.common.rest_client] Request - Headers: {'Content-Type': 'application/json', 'Accept': 'application/json', 'X-Auth-Token': '&lt;omitted&gt;'}
        Body: {"subnet_id": "4ac9de61-15c1-443f-ad03-f91ec9328e4a"}
    Response - Headers: {'status': '200', 'content-length': '255', 'connection': 'close', 'date': 'Fri, 18 Dec 2015 00:40:38 GMT', 'content-type': 'application/json; charset=UTF-8', 'x-openstack-request-id': 'req-f8781ba5-15a0-48e0-80e3-736a8aa4762b'}
        Body: {"subnet_id": "4ac9de61-15c1-443f-ad03-f91ec9328e4a", "tenant_id": "b6b891e061944fc5960fdd6ac5d10d13", "subnet_ids": ["4ac9de61-15c1-443f-ad03-f91ec9328e4a"], "port_id": "2b70b769-fcbb-4b17-88cd-33f8ed225153", "id": "90133661-83d4-40dd-8605-7b48a67d0d2a"}
2015-12-18 00:40:38,142 21107 INFO     [tempest_lib.common.rest_client] Request (TestGettingAddress:test_dhcp6_stateless_from_os): 200 GET http://10.0.2.15:9696/v2.0/subnets?tenant_id=b6b891e061944fc5960fdd6ac5d10d13&amp;cidr=2003%3A%3A%2F64 0.029s
2015-12-18 00:40:38,142 21107 DEBUG    [tempest_lib.common.rest_client] Request - Headers: {'Content-Type': 'application/json', 'Accept': 'application/json', 'X-Auth-Token': '&lt;omitted&gt;'}
        Body: None
    Response - Headers: {'status': '200', 'content-length': '15', 'content-location': 'http://10.0.2.15:9696/v2.0/subnets?tenant_id=b6b891e061944fc5960fdd6ac5d10d13&amp;cidr=2003%3A%3A%2F64', 'connection': 'close', 'date': 'Fri, 18 Dec 2015 00:40:38 GMT', 'content-type': 'application/json; charset=UTF-8', 'x-openstack-request-id': 'req-37c4812f-e315-40fd-b105-dcde27aea71c'}
        Body: {"subnets": []}
2015-12-18 00:40:38,417 21107 INFO     [tempest_lib.common.rest_client] Request (TestGettingAddress:test_dhcp6_stateless_from_os): 201 POST http://10.0.2.15:9696/v2.0/subnets 0.273s
2015-12-18 00:40:38,417 21107 DEBUG    [tempest_lib.common.rest_client] Request - Headers: {'Content-Type': 'application/json', 'Accept': 'application/json', 'X-Auth-Token': '&lt;omitted&gt;'}
        Body: {"subnet": {"name": "tempest-sub6-1411521260", "network_id": "84cfd050-57cf-44dd-b1f1-c09fb41f01a3", "tenant_id": "b6b891e061944fc5960fdd6ac5d10d13", "ipv6_ra_mode": "dhcpv6-stateless", "ip_version": 6, "ipv6_address_mode": "dhcpv6-stateless", "cidr": "2003::/64"}}
    Response - Headers: {'status': '201', 'content-length': '502', 'connection': 'close', 'date': 'Fri, 18 Dec 2015 00:40:38 GMT', 'content-type': 'application/json; charset=UTF-8', 'x-openstack-request-id': 'req-05fb8414-e1d9-42f8-8f23-95a1031a24c5'}
        Body: {"subnet": {"name": "tempest-sub6-1411521260", "enable_dhcp": true, "network_id": "84cfd050-57cf-44dd-b1f1-c09fb41f01a3", "tenant_id": "b6b891e061944fc5960fdd6ac5d10d13", "dns_nameservers": [], "gateway_ip": "2003::1", "ipv6_ra_mode": "dhcpv6-stateless", "allocation_pools": [{"start": "2003::2", "end": "2003::ffff:ffff:ffff:ffff"}], "host_routes": [], "ip_version": 6, "ipv6_address_mode": "dhcpv6-stateless", "cidr": "2003::/64", "id": "17621bdb-7dee-4545-a868-c5111086a3e7", "subnetpool_id": null}}
2015-12-18 00:40:39,001 21107 INFO     [tempest_lib.common.rest_client] Request (TestGettingAddress:test_dhcp6_stateless_from_os): 200 PUT http://10.0.2.15:9696/v2.0/routers/90133661-83d4-40dd-8605-7b48a67d0d2a/add_router_interface 0.582s
2015-12-18 00:40:39,001 21107 DEBUG    [tempest_lib.common.rest_client] Request - Headers: {'Content-Type': 'application/json', 'Accept': 'application/json', 'X-Auth-Token': '&lt;omitted&gt;'}
        Body: {"subnet_id": "17621bdb-7dee-4545-a868-c5111086a3e7"}
    Response - Headers: {'status': '200', 'content-length': '255', 'connection': 'close', 'date': 'Fri, 18 Dec 2015 00:40:38 GMT', 'content-type': 'application/json; charset=UTF-8', 'x-openstack-request-id': 'req-5c678a91-f3c3-49a9-b660-51ecb8035072'}
        Body: {"subnet_id": "17621bdb-7dee-4545-a868-c5111086a3e7", "tenant_id": "b6b891e061944fc5960fdd6ac5d10d13", "subnet_ids": ["17621bdb-7dee-4545-a868-c5111086a3e7"], "port_id": "8c7712d4-d072-4066-b958-ecd4f3e05937", "id": "90133661-83d4-40dd-8605-7b48a67d0d2a"}
2015-12-18 00:40:39,109 21107 INFO     [tempest_lib.common.rest_client] Request (TestGettingAddress:test_dhcp6_stateless_from_os): 200 POST http://10.0.2.15:5000/v2.0/tokens
2015-12-18 00:40:39,109 21107 DEBUG    [tempest_lib.common.rest_client] Request - Headers: {'Content-Type': 'application/json', 'Accept': 'application/json'}
        Body: &lt;omitted&gt;
    Response - Headers: {'status': '200', 'content-length': '2522', 'vary': 'X-Auth-Token', 'server': 'Apache/2.4.7 (Ubuntu)', 'connection': 'close', 'date': 'Fri, 18 Dec 2015 00:40:39 GMT', 'content-type': 'application/json', 'x-openstack-request-id': 'req-b290fff8-e5d4-4062-b0c7-0e87f47cb7db'}
        Body: {"access": {"token": {"issued_at": "2015-12-18T00:40:39.098788", "expires": "2015-12-18T01:40:39Z", "id": "52e33ee764484d68bb6a30b10ed6c8e2", "tenant": {"description": "tempest-TestGettingAddress-368157101-desc", "enabled": true, "id": "b6b891e061944fc5960fdd6ac5d10d13", "name": "tempest-TestGettingAddress-368157101"}, "audit_ids": ["wcj-0XP1RlqxR8ByBorI7Q"]}, "serviceCatalog": [{"endpoints": [{"adminURL": "http://10.0.2.15:8774/v2.1/b6b891e061944fc5960fdd6ac5d10d13", "region": "RegionOne", "internalURL": "http://10.0.2.15:8774/v2.1/b6b891e061944fc5960fdd6ac5d10d13", "id": "0107a55db6d64bbf903ea301c5569635", "publicURL": "http://10.0.2.15:8774/v2.1/b6b891e061944fc5960fdd6ac5d10d13"}], "endpoints_links": [], "type": "compute", "name": "nova"}, {"endpoints": [{"adminURL": "http://10.0.2.15:9696/", "region": "RegionOne", "internalURL": "http://10.0.2.15:9696/", "id": "d6558310c5a04b5396578f326f720a12", "publicURL": "http://10.0.2.15:9696/"}], "endpoints_links": [], "type": "network", "name": "neutron"}, {"endpoints": [{"adminURL": "http://10.0.2.15:9292", "region": "RegionOne", "internalURL": "http://10.0.2.15:9292", "id": "0308f69d70bc403aafb6777ac6cd189f", "publicURL": "http://10.0.2.15:9292"}], "endpoints_links": [], "type": "image", "name": "glance"}, {"endpoints": [{"adminURL": "http://10.0.2.15:8774/v2/b6b891e061944fc5960fdd6ac5d10d13", "region": "RegionOne", "internalURL": "http://10.0.2.15:8774/v2/b6b891e061944fc5960fdd6ac5d10d13", "id": "7619e7a660bc433db1b1d0156d00d0ec", "publicURL": "http://10.0.2.15:8774/v2/b6b891e061944fc5960fdd6ac5d10d13"}], "endpoints_links": [], "type": "compute_legacy", "name": "nova_legacy"}, {"endpoints": [{"adminURL": "http://10.0.2.15:8773/", "region": "RegionOne", "internalURL": "http://10.0.2.15:8773/", "id": "0eff791f943848c6951cb4d5cce5d931", "publicURL": "http://10.0.2.15:8773/"}], "endpoints_links": [], "type": "ec2", "name": "ec2"}, {"endpoints": [{"adminURL": "http://10.0.2.15:35357/v2.0", "region": "RegionOne", "internalURL": "http://10.0.2.15:5000/v2.0", "id": "2675cf8dba914479bc111b1ff3424dd5", "publicURL": "http://10.0.2.15:5000/v2.0"}], "endpoints_links": [], "type": "identity", "name": "keystone"}], "user": {"username": "tempest-TestGettingAddress-499509213", "roles_links": [], "id": "89b920e2ea4b47e6b9bbbbdcb7862582", "roles": [{"name": "_member_"}, {"name": "Member"}], "name": "tempest-TestGettingAddress-499509213"}, "metadata": {"is_admin": 0, "roles": ["9fe2ff9ee4384b1894a90878d3e92bab", "3b94bde746214f229f1b41e0fd639a39"]}}}
2015-12-18 00:40:39,113 21107 DEBUG    [tempest.common.fixed_network] (TestGettingAddress:test_dhcp6_stateless_from_os) No valid network provided or created, defaulting to fixed_network_name
2015-12-18 00:40:39,445 21107 INFO     [tempest_lib.common.rest_client] Request (TestGettingAddress:test_dhcp6_stateless_from_os): 200 GET http://10.0.2.15:8774/v2.1/b6b891e061944fc5960fdd6ac5d10d13/os-networks 0.331s
2015-12-18 00:40:39,445 21107 DEBUG    [tempest_lib.common.rest_client] Request - Headers: {'Content-Type': 'application/json', 'Accept': 'application/json', 'X-Auth-Token': '&lt;omitted&gt;'}
        Body: None
    Response - Headers: {'status': '200', 'content-length': '478', 'content-location': 'http://10.0.2.15:8774/v2.1/b6b891e061944fc5960fdd6ac5d10d13/os-networks', 'x-compute-request-id': 'req-ab0a4901-82ea-43b5-afd4-28cc6c5d16ca', 'vary': 'X-OpenStack-Nova-API-Version', 'connection': 'close', 'x-openstack-nova-api-version': '2.1', 'date': 'Fri, 18 Dec 2015 00:40:39 GMT', 'content-type': 'application/json'}
        Body: {"networks": [{"cidr_v6": null, "dns2": null, "dns1": null, "gateway": null, "broadcast": null, "netmask": null, "gateway_v6": null, "cidr": null, "label": "public", "id": "fc34af1c-872f-481b-b863-5c4f227e3351", "netmask_v6": null}, {"cidr_v6": null, "dns2": null, "dns1": null, "gateway": null, "broadcast": null, "netmask": null, "gateway_v6": null, "cidr": null, "label": "tempest-network-smoke--147965645", "id": "84cfd050-57cf-44dd-b1f1-c09fb41f01a3", "netmask_v6": null}]}
2015-12-18 00:40:39,446 21107 WARNING  [tempest.common.fixed_network] (TestGettingAddress:test_dhcp6_stateless_from_os) Network with name: private not found
2015-12-18 00:40:39,447 21107 INFO     [tempest.common.fixed_network] (TestGettingAddress:test_dhcp6_stateless_from_os) Found network {} available for tenant
2015-12-18 00:40:40,485 21107 INFO     [tempest_lib.common.rest_client] Request (TestGettingAddress:test_dhcp6_stateless_from_os): 202 POST http://10.0.2.15:8774/v2.1/b6b891e061944fc5960fdd6ac5d10d13/servers 1.037s
2015-12-18 00:40:40,486 21107 DEBUG    [tempest_lib.common.rest_client] Request - Headers: {'Content-Type': 'application/json', 'Accept': 'application/json', 'X-Auth-Token': '&lt;omitted&gt;'}
        Body: {"server": {"name": "tempest.common.compute-instance-935421839", "imageRef": "4986e7b3-ac63-443a-825c-9d004ea0a4c8", "key_name": "tempest-TestGettingAddress-1816083194", "flavorRef": "42", "networks": [{"uuid": "84cfd050-57cf-44dd-b1f1-c09fb41f01a3"}], "security_groups": [{"name": "tempest-secgroup-smoke-925577605"}]}}
    Response - Headers: {'status': '202', 'content-length': '461', 'x-compute-request-id': 'req-e3b9bebf-2294-4074-ba92-964f8ea1c8ff', 'vary': 'X-OpenStack-Nova-API-Version', 'connection': 'close', 'location': 'http://10.0.2.15:8774/v2.1/b6b891e061944fc5960fdd6ac5d10d13/servers/2cfce332-28bc-4303-991c-dc8f29b5189e', 'x-openstack-nova-api-version': '2.1', 'date': 'Fri, 18 Dec 2015 00:40:40 GMT', 'content-type': 'application/json'}
        Body: {"server": {"security_groups": [{"name": "tempest-secgroup-smoke-925577605"}], "OS-DCF:diskConfig": "MANUAL", "id": "2cfce332-28bc-4303-991c-dc8f29b5189e", "links": [{"href": "http://10.0.2.15:8774/v2.1/b6b891e061944fc5960fdd6ac5d10d13/servers/2cfce332-28bc-4303-991c-dc8f29b5189e", "rel": "self"}, {"href": "http://10.0.2.15:8774/b6b891e061944fc5960fdd6ac5d10d13/servers/2cfce332-28bc-4303-991c-dc8f29b5189e", "rel": "bookmark"}], "adminPass": "cLCL4M6J6rDY"}}
2015-12-18 00:40:40,625 21107 INFO     [tempest_lib.common.rest_client] Request (TestGettingAddress:test_dhcp6_stateless_from_os): 200 GET http://10.0.2.15:8774/v2.1/b6b891e061944fc5960fdd6ac5d10d13/servers/2cfce332-28bc-4303-991c-dc8f29b5189e 0.135s
2015-12-18 00:40:40,625 21107 DEBUG    [tempest_lib.common.rest_client] Request - Headers: {'Content-Type': 'application/json', 'Accept': 'application/json', 'X-Auth-Token': '&lt;omitted&gt;'}
        Body: None
    Response - Headers: {'status': '200', 'content-length': '1354', 'content-location': 'http://10.0.2.15:8774/v2.1/b6b891e061944fc5960fdd6ac5d10d13/servers/2cfce332-28bc-4303-991c-dc8f29b5189e', 'x-compute-request-id': 'req-7f2743fe-d8a6-48f7-ac8d-e9f2b524754d', 'vary': 'X-OpenStack-Nova-API-Version', 'connection': 'close', 'x-openstack-nova-api-version': '2.1', 'date': 'Fri, 18 Dec 2015 00:40:40 GMT', 'content-type': 'application/json'}
        Body: {"server": {"status": "BUILD", "updated": "2015-12-18T00:40:40Z", "hostId": "", "addresses": {}, "links": [{"href": "http://10.0.2.15:8774/v2.1/b6b891e061944fc5960fdd6ac5d10d13/servers/2cfce332-28bc-4303-991c-dc8f29b5189e", "rel": "self"}, {"href": "http://10.0.2.15:8774/b6b891e061944fc5960fdd6ac5d10d13/servers/2cfce332-28bc-4303-991c-dc8f29b5189e", "rel": "bookmark"}], "key_name": "tempest-TestGettingAddress-1816083194", "image": {"id": "4986e7b3-ac63-443a-825c-9d004ea0a4c8", "links": [{"href": "http://10.0.2.15:8774/b6b891e061944fc5960fdd6ac5d10d13/images/4986e7b3-ac63-443a-825c-9d004ea0a4c8", "rel": "bookmark"}]}, "OS-EXT-STS:task_state": "scheduling", "OS-EXT-STS:vm_state": "building", "OS-SRV-USG:launched_at": null, "flavor": {"id": "42", "links": [{"href": "http://10.0.2.15:8774/b6b891e061944fc5960fdd6ac5d10d13/flavors/42", "rel": "bookmark"}]}, "id": "2cfce332-28bc-4303-991c-dc8f29b5189e", "OS-SRV-USG:terminated_at": null, "OS-EXT-AZ:availability_zone": "", "user_id": "89b920e2ea4b47e6b9bbbbdcb7862582", "name": "tempest.common.compute-instance-935421839", "created": "2015-12-18T00:40:40Z", "tenant_id": "b6b891e061944fc5960fdd6ac5d10d13", "OS-DCF:diskConfig": "MANUAL", "os-extended-volumes:volumes_attached": [], "accessIPv4": "", "accessIPv6": "", "progress": 0, "OS-EXT-STS:power_state": 0, "config_drive": "", "metadata": {}}}
2015-12-18 00:40:41,904 21107 INFO     [tempest_lib.common.rest_client] Request (TestGettingAddress:test_dhcp6_stateless_from_os): 200 GET http://10.0.2.15:8774/v2.1/b6b891e061944fc5960fdd6ac5d10d13/servers/2cfce332-28bc-4303-991c-dc8f29b5189e 0.267s
2015-12-18 00:40:41,905 21107 DEBUG    [tempest_lib.common.rest_client] Request - Headers: {'Content-Type': 'application/json', 'Accept': 'application/json', 'X-Auth-Token': '&lt;omitted&gt;'}
        Body: None
    Response - Headers: {'status': '200', 'content-length': '1479', 'content-location': 'http://10.0.2.15:8774/v2.1/b6b891e061944fc5960fdd6ac5d10d13/servers/2cfce332-28bc-4303-991c-dc8f29b5189e', 'x-compute-request-id': 'req-8310ba94-54f4-432e-bf6b-bd6ac7925105', 'vary': 'X-OpenStack-Nova-API-Version', 'connection': 'close', 'x-openstack-nova-api-version': '2.1', 'date': 'Fri, 18 Dec 2015 00:40:41 GMT', 'content-type': 'application/json'}
        Body: {"server": {"status": "BUILD", "updated": "2015-12-18T00:40:41Z", "hostId": "b17bbbc5d39990e6a186e848bcd015c239591ce4383d88fa62404edf", "addresses": {}, "links": [{"href": "http://10.0.2.15:8774/v2.1/b6b891e061944fc5960fdd6ac5d10d13/servers/2cfce332-28bc-4303-991c-dc8f29b5189e", "rel": "self"}, {"href": "http://10.0.2.15:8774/b6b891e061944fc5960fdd6ac5d10d13/servers/2cfce332-28bc-4303-991c-dc8f29b5189e", "rel": "bookmark"}], "key_name": "tempest-TestGettingAddress-1816083194", "image": {"id": "4986e7b3-ac63-443a-825c-9d004ea0a4c8", "links": [{"href": "http://10.0.2.15:8774/b6b891e061944fc5960fdd6ac5d10d13/images/4986e7b3-ac63-443a-825c-9d004ea0a4c8", "rel": "bookmark"}]}, "OS-EXT-STS:task_state": "spawning", "OS-EXT-STS:vm_state": "building", "OS-SRV-USG:launched_at": null, "flavor": {"id": "42", "links": [{"href": "http://10.0.2.15:8774/b6b891e061944fc5960fdd6ac5d10d13/flavors/42", "rel": "bookmark"}]}, "id": "2cfce332-28bc-4303-991c-dc8f29b5189e", "security_groups": [{"name": "tempest-secgroup-smoke-925577605"}], "OS-SRV-USG:terminated_at": null, "OS-EXT-AZ:availability_zone": "nova", "user_id": "89b920e2ea4b47e6b9bbbbdcb7862582", "name": "tempest.common.compute-instance-935421839", "created": "2015-12-18T00:40:40Z", "tenant_id": "b6b891e061944fc5960fdd6ac5d10d13", "OS-DCF:diskConfig": "MANUAL", "os-extended-volumes:volumes_attached": [], "accessIPv4": "", "accessIPv6": "", "progress": 0, "OS-EXT-STS:power_state": 0, "config_drive": "", "metadata": {}}}
2015-12-18 00:40:41,919 21107 INFO     [tempest.common.waiters] State transition "BUILD/scheduling" ==&gt; "BUILD/spawning" after 1 second wait
2015-12-18 00:40:43,169 21107 INFO     [tempest_lib.common.rest_client] Request (TestGettingAddress:test_dhcp6_stateless_from_os): 200 GET http://10.0.2.15:8774/v2.1/b6b891e061944fc5960fdd6ac5d10d13/servers/2cfce332-28bc-4303-991c-dc8f29b5189e 0.247s
2015-12-18 00:40:43,169 21107 DEBUG    [tempest_lib.common.rest_client] Request - Headers: {'Content-Type': 'application/json', 'Accept': 'application/json', 'X-Auth-Token': '&lt;omitted&gt;'}
        Body: None
    Response - Headers: {'status': '200', 'content-length': '1479', 'content-location': 'http://10.0.2.15:8774/v2.1/b6b891e061944fc5960fdd6ac5d10d13/servers/2cfce332-28bc-4303-991c-dc8f29b5189e', 'x-compute-request-id': 'req-381e83ac-b1bd-4b3c-a002-ccd7212ba948', 'vary': 'X-OpenStack-Nova-API-Version', 'connection': 'close', 'x-openstack-nova-api-version': '2.1', 'date': 'Fri, 18 Dec 2015 00:40:43 GMT', 'content-type': 'application/json'}
        Body: {"server": {"status": "BUILD", "updated": "2015-12-18T00:40:41Z", "hostId": "b17bbbc5d39990e6a186e848bcd015c239591ce4383d88fa62404edf", "addresses": {}, "links": [{"href": "http://10.0.2.15:8774/v2.1/b6b891e061944fc5960fdd6ac5d10d13/servers/2cfce332-28bc-4303-991c-dc8f29b5189e", "rel": "self"}, {"href": "http://10.0.2.15:8774/b6b891e061944fc5960fdd6ac5d10d13/servers/2cfce332-28bc-4303-991c-dc8f29b5189e", "rel": "bookmark"}], "key_name": "tempest-TestGettingAddress-1816083194", "image": {"id": "4986e7b3-ac63-443a-825c-9d004ea0a4c8", "links": [{"href": "http://10.0.2.15:8774/b6b891e061944fc5960fdd6ac5d10d13/images/4986e7b3-ac63-443a-825c-9d004ea0a4c8", "rel": "bookmark"}]}, "OS-EXT-STS:task_state": "spawning", "OS-EXT-STS:vm_state": "building", "OS-SRV-USG:launched_at": null, "flavor": {"id": "42", "links": [{"href": "http://10.0.2.15:8774/b6b891e061944fc5960fdd6ac5d10d13/flavors/42", "rel": "bookmark"}]}, "id": "2cfce332-28bc-4303-991c-dc8f29b5189e", "security_groups": [{"name": "tempest-secgroup-smoke-925577605"}], "OS-SRV-USG:terminated_at": null, "OS-EXT-AZ:availability_zone": "nova", "user_id": "89b920e2ea4b47e6b9bbbbdcb7862582", "name": "tempest.common.compute-instance-935421839", "created": "2015-12-18T00:40:40Z", "tenant_id": "b6b891e061944fc5960fdd6ac5d10d13", "OS-DCF:diskConfig": "MANUAL", "os-extended-volumes:volumes_attached": [], "accessIPv4": "", "accessIPv6": "", "progress": 0, "OS-EXT-STS:power_state": 0, "config_drive": "", "metadata": {}}}
2015-12-18 00:40:44,365 21107 INFO     [tempest_lib.common.rest_client] Request (TestGettingAddress:test_dhcp6_stateless_from_os): 200 GET http://10.0.2.15:8774/v2.1/b6b891e061944fc5960fdd6ac5d10d13/servers/2cfce332-28bc-4303-991c-dc8f29b5189e 0.183s
2015-12-18 00:40:44,365 21107 DEBUG    [tempest_lib.common.rest_client] Request - Headers: {'Content-Type': 'application/json', 'Accept': 'application/json', 'X-Auth-Token': '&lt;omitted&gt;'}
        Body: None
    Response - Headers: {'status': '200', 'content-length': '1779', 'content-location': 'http://10.0.2.15:8774/v2.1/b6b891e061944fc5960fdd6ac5d10d13/servers/2cfce332-28bc-4303-991c-dc8f29b5189e', 'x-compute-request-id': 'req-c0627d65-30f4-49a6-a055-3d8cd4ea1150', 'vary': 'X-OpenStack-Nova-API-Version', 'connection': 'close', 'x-openstack-nova-api-version': '2.1', 'date': 'Fri, 18 Dec 2015 00:40:44 GMT', 'content-type': 'application/json'}
        Body: {"server": {"status": "ACTIVE", "updated": "2015-12-18T00:40:44Z", "hostId": "b17bbbc5d39990e6a186e848bcd015c239591ce4383d88fa62404edf", "addresses": {"tempest-network-smoke--147965645": [{"OS-EXT-IPS-MAC:mac_addr": "fa:16:3e:7b:d2:37", "version": 6, "addr": "2003::f816:3eff:fe7b:d237", "OS-EXT-IPS:type": "fixed"}, {"OS-EXT-IPS-MAC:mac_addr": "fa:16:3e:7b:d2:37", "version": 4, "addr": "10.100.0.3", "OS-EXT-IPS:type": "fixed"}]}, "links": [{"href": "http://10.0.2.15:8774/v2.1/b6b891e061944fc5960fdd6ac5d10d13/servers/2cfce332-28bc-4303-991c-dc8f29b5189e", "rel": "self"}, {"href": "http://10.0.2.15:8774/b6b891e061944fc5960fdd6ac5d10d13/servers/2cfce332-28bc-4303-991c-dc8f29b5189e", "rel": "bookmark"}], "key_name": "tempest-TestGettingAddress-1816083194", "image": {"id": "4986e7b3-ac63-443a-825c-9d004ea0a4c8", "links": [{"href": "http://10.0.2.15:8774/b6b891e061944fc5960fdd6ac5d10d13/images/4986e7b3-ac63-443a-825c-9d004ea0a4c8", "rel": "bookmark"}]}, "OS-EXT-STS:task_state": null, "OS-EXT-STS:vm_state": "active", "OS-SRV-USG:launched_at": "2015-12-18T00:40:44.000000", "flavor": {"id": "42", "links": [{"href": "http://10.0.2.15:8774/b6b891e061944fc5960fdd6ac5d10d13/flavors/42", "rel": "bookmark"}]}, "id": "2cfce332-28bc-4303-991c-dc8f29b5189e", "security_groups": [{"name": "tempest-secgroup-smoke-925577605"}], "OS-SRV-USG:terminated_at": null, "OS-EXT-AZ:availability_zone": "nova", "user_id": "89b920e2ea4b47e6b9bbbbdcb7862582", "name": "tempest.common.compute-instance-935421839", "created": "2015-12-18T00:40:40Z", "tenant_id": "b6b891e061944fc5960fdd6ac5d10d13", "OS-DCF:diskConfig": "MANUAL", "os-extended-volumes:volumes_attached": [], "accessIPv4": "", "accessIPv6": "", "progress": 0, "OS-EXT-STS:power_state": 1, "config_drive": "True", "metadata": {}}}
2015-12-18 00:40:44,374 21107 INFO     [tempest.common.waiters] State transition "BUILD/spawning" ==&gt; "ACTIVE/None" after 4 second wait
2015-12-18 00:40:44,551 21107 INFO     [tempest_lib.common.rest_client] Request (TestGettingAddress:test_dhcp6_stateless_from_os): 200 GET http://10.0.2.15:8774/v2.1/b6b891e061944fc5960fdd6ac5d10d13/servers/2cfce332-28bc-4303-991c-dc8f29b5189e 0.177s
2015-12-18 00:40:44,552 21107 DEBUG    [tempest_lib.common.rest_client] Request - Headers: {'Content-Type': 'application/json', 'Accept': 'application/json', 'X-Auth-Token': '&lt;omitted&gt;'}
        Body: None
    Response - Headers: {'status': '200', 'content-length': '1779', 'content-location': 'http://10.0.2.15:8774/v2.1/b6b891e061944fc5960fdd6ac5d10d13/servers/2cfce332-28bc-4303-991c-dc8f29b5189e', 'x-compute-request-id': 'req-96037612-0350-456b-b928-7ae49679d95b', 'vary': 'X-OpenStack-Nova-API-Version', 'connection': 'close', 'x-openstack-nova-api-version': '2.1', 'date': 'Fri, 18 Dec 2015 00:40:44 GMT', 'content-type': 'application/json'}
        Body: {"server": {"status": "ACTIVE", "updated": "2015-12-18T00:40:44Z", "hostId": "b17bbbc5d39990e6a186e848bcd015c239591ce4383d88fa62404edf", "addresses": {"tempest-network-smoke--147965645": [{"OS-EXT-IPS-MAC:mac_addr": "fa:16:3e:7b:d2:37", "version": 6, "addr": "2003::f816:3eff:fe7b:d237", "OS-EXT-IPS:type": "fixed"}, {"OS-EXT-IPS-MAC:mac_addr": "fa:16:3e:7b:d2:37", "version": 4, "addr": "10.100.0.3", "OS-EXT-IPS:type": "fixed"}]}, "links": [{"href": "http://10.0.2.15:8774/v2.1/b6b891e061944fc5960fdd6ac5d10d13/servers/2cfce332-28bc-4303-991c-dc8f29b5189e", "rel": "self"}, {"href": "http://10.0.2.15:8774/b6b891e061944fc5960fdd6ac5d10d13/servers/2cfce332-28bc-4303-991c-dc8f29b5189e", "rel": "bookmark"}], "key_name": "tempest-TestGettingAddress-1816083194", "image": {"id": "4986e7b3-ac63-443a-825c-9d004ea0a4c8", "links": [{"href": "http://10.0.2.15:8774/b6b891e061944fc5960fdd6ac5d10d13/images/4986e7b3-ac63-443a-825c-9d004ea0a4c8", "rel": "bookmark"}]}, "OS-EXT-STS:task_state": null, "OS-EXT-STS:vm_state": "active", "OS-SRV-USG:launched_at": "2015-12-18T00:40:44.000000", "flavor": {"id": "42", "links": [{"href": "http://10.0.2.15:8774/b6b891e061944fc5960fdd6ac5d10d13/flavors/42", "rel": "bookmark"}]}, "id": "2cfce332-28bc-4303-991c-dc8f29b5189e", "security_groups": [{"name": "tempest-secgroup-smoke-925577605"}], "OS-SRV-USG:terminated_at": null, "OS-EXT-AZ:availability_zone": "nova", "user_id": "89b920e2ea4b47e6b9bbbbdcb7862582", "name": "tempest.common.compute-instance-935421839", "created": "2015-12-18T00:40:40Z", "tenant_id": "b6b891e061944fc5960fdd6ac5d10d13", "OS-DCF:diskConfig": "MANUAL", "os-extended-volumes:volumes_attached": [], "accessIPv4": "", "accessIPv6": "", "progress": 0, "OS-EXT-STS:power_state": 1, "config_drive": "True", "metadata": {}}}
2015-12-18 00:40:44,590 21107 INFO     [tempest_lib.common.rest_client] Request (TestGettingAddress:test_dhcp6_stateless_from_os): 200 GET http://10.0.2.15:9696/v2.0/ports?status=ACTIVE&amp;fixed_ip=None&amp;device_id=2cfce332-28bc-4303-991c-dc8f29b5189e 0.030s
2015-12-18 00:40:44,591 21107 DEBUG    [tempest_lib.common.rest_client] Request - Headers: {'Content-Type': 'application/json', 'Accept': 'application/json', 'X-Auth-Token': '&lt;omitted&gt;'}
        Body: None
    Response - Headers: {'status': '200', 'content-length': '1142', 'content-location': 'http://10.0.2.15:9696/v2.0/ports?status=ACTIVE&amp;fixed_ip=None&amp;device_id=2cfce332-28bc-4303-991c-dc8f29b5189e', 'connection': 'close', 'date': 'Fri, 18 Dec 2015 00:40:44 GMT', 'content-type': 'application/json; charset=UTF-8', 'x-openstack-request-id': 'req-84961b92-89e1-47c2-8cc0-0704aff3bc5e'}
        Body: {"ports": [{"status": "ACTIVE", "binding:host_id": "vagrant-ubuntu-trusty-64", "allowed_address_pairs": [], "extra_dhcp_opts": [], "dns_assignment": [{"hostname": "host-10-100-0-3", "ip_address": "10.100.0.3", "fqdn": "host-10-100-0-3.openstacklocal."}, {"hostname": "host-2003--f816-3eff-fe7b-d237", "ip_address": "2003::f816:3eff:fe7b:d237", "fqdn": "host-2003--f816-3eff-fe7b-d237.openstacklocal."}], "device_owner": "compute:None", "port_security_enabled": true, "binding:profile": {}, "fixed_ips": [{"subnet_id": "4ac9de61-15c1-443f-ad03-f91ec9328e4a", "ip_address": "10.100.0.3"}, {"subnet_id": "17621bdb-7dee-4545-a868-c5111086a3e7", "ip_address": "2003::f816:3eff:fe7b:d237"}], "id": "743d3dec-daab-4942-a76e-385c53346ce9", "security_groups": ["7af0f2a5-e7e5-4bcf-af05-973ab36f0412"], "device_id": "2cfce332-28bc-4303-991c-dc8f29b5189e", "name": "", "admin_state_up": true, "network_id": "84cfd050-57cf-44dd-b1f1-c09fb41f01a3", "dns_name": "", "binding:vif_details": {"port_filter": true}, "binding:vnic_type": "normal", "binding:vif_type": "ovs", "tenant_id": "b6b891e061944fc5960fdd6ac5d10d13", "mac_address": "fa:16:3e:7b:d2:37"}]}
2015-12-18 00:40:44,969 21107 INFO     [tempest_lib.common.rest_client] Request (TestGettingAddress:test_dhcp6_stateless_from_os): 201 POST http://10.0.2.15:9696/v2.0/floatingips 0.378s
2015-12-18 00:40:44,970 21107 DEBUG    [tempest_lib.common.rest_client] Request - Headers: {'Content-Type': 'application/json', 'Accept': 'application/json', 'X-Auth-Token': '&lt;omitted&gt;'}
        Body: {"floatingip": {"floating_network_id": "fc34af1c-872f-481b-b863-5c4f227e3351", "tenant_id": "b6b891e061944fc5960fdd6ac5d10d13", "fixed_ip_address": "10.100.0.3", "port_id": "743d3dec-daab-4942-a76e-385c53346ce9"}}
    Response - Headers: {'status': '201', 'content-length': '367', 'connection': 'close', 'date': 'Fri, 18 Dec 2015 00:40:44 GMT', 'content-type': 'application/json; charset=UTF-8', 'x-openstack-request-id': 'req-2832ac47-a6bb-424e-8e3d-b5e970055ae7'}
        Body: {"floatingip": {"floating_network_id": "fc34af1c-872f-481b-b863-5c4f227e3351", "router_id": "90133661-83d4-40dd-8605-7b48a67d0d2a", "fixed_ip_address": "10.100.0.3", "floating_ip_address": "172.24.4.4", "tenant_id": "b6b891e061944fc5960fdd6ac5d10d13", "status": "DOWN", "port_id": "743d3dec-daab-4942-a76e-385c53346ce9", "id": "0bac7108-0389-4f92-abce-aa0e9c7bfc42"}}
2015-12-18 00:40:44,971 21107 INFO     [tempest_lib.common.ssh] Creating ssh connection to '172.24.4.4' as 'cirros' with public key authentication
2015-12-18 00:40:48,575 21107 WARNING  [tempest_lib.common.ssh] Failed to establish authenticated ssh connection to cirros@172.24.4.4 ([Errno None] Unable to connect to port 22 on  or 172.24.4.4). Number attempts: 1. Retry after 2 seconds.
2015-12-18 00:40:54,079 21107 WARNING  [tempest_lib.common.ssh] Failed to establish authenticated ssh connection to cirros@172.24.4.4 ([Errno None] Unable to connect to port 22 on  or 172.24.4.4). Number attempts: 2. Retry after 3 seconds.
2015-12-18 00:41:00,582 21107 WARNING  [tempest_lib.common.ssh] Failed to establish authenticated ssh connection to cirros@172.24.4.4 ([Errno None] Unable to connect to port 22 on  or 172.24.4.4). Number attempts: 3. Retry after 4 seconds.
2015-12-18 00:41:08,087 21107 WARNING  [tempest_lib.common.ssh] Failed to establish authenticated ssh connection to cirros@172.24.4.4 ([Errno None] Unable to connect to port 22 on  or 172.24.4.4). Number attempts: 4. Retry after 5 seconds.
2015-12-18 00:41:16,595 21107 WARNING  [tempest_lib.common.ssh] Failed to establish authenticated ssh connection to cirros@172.24.4.4 ([Errno None] Unable to connect to port 22 on  or 172.24.4.4). Number attempts: 5. Retry after 6 seconds.
2015-12-18 00:41:26,102 21107 WARNING  [tempest_lib.common.ssh] Failed to establish authenticated ssh connection to cirros@172.24.4.4 ([Errno None] Unable to connect to port 22 on  or 172.24.4.4). Number attempts: 6. Retry after 7 seconds.
2015-12-18 00:41:36,607 21107 WARNING  [tempest_lib.common.ssh] Failed to establish authenticated ssh connection to cirros@172.24.4.4 ([Errno None] Unable to connect to port 22 on  or 172.24.4.4). Number attempts: 7. Retry after 8 seconds.
2015-12-18 00:41:48,110 21107 WARNING  [tempest_lib.common.ssh] Failed to establish authenticated ssh connection to cirros@172.24.4.4 ([Errno None] Unable to connect to port 22 on  or 172.24.4.4). Number attempts: 8. Retry after 9 seconds.
2015-12-18 00:42:00,620 21107 WARNING  [tempest_lib.common.ssh] Failed to establish authenticated ssh connection to cirros@172.24.4.4 ([Errno None] Unable to connect to port 22 on  or 172.24.4.4). Number attempts: 9. Retry after 10 seconds.
2015-12-18 00:42:14,131 21107 WARNING  [tempest_lib.common.ssh] Failed to establish authenticated ssh connection to cirros@172.24.4.4 ([Errno None] Unable to connect to port 22 on  or 172.24.4.4). Number attempts: 10. Retry after 11 seconds.
2015-12-18 00:42:28,635 21107 WARNING  [tempest_lib.common.ssh] Failed to establish authenticated ssh connection to cirros@172.24.4.4 ([Errno None] Unable to connect to port 22 on  or 172.24.4.4). Number attempts: 11. Retry after 12 seconds.
2015-12-18 00:42:44,146 21107 WARNING  [tempest_lib.common.ssh] Failed to establish authenticated ssh connection to cirros@172.24.4.4 ([Errno None] Unable to connect to port 22 on  or 172.24.4.4). Number attempts: 12. Retry after 13 seconds.
2015-12-18 00:43:00,659 21107 WARNING  [tempest_lib.common.ssh] Failed to establish authenticated ssh connection to cirros@172.24.4.4 ([Errno None] Unable to connect to port 22 on  or 172.24.4.4). Number attempts: 13. Retry after 14 seconds.
2015-12-18 00:43:18,175 21107 WARNING  [tempest_lib.common.ssh] Failed to establish authenticated ssh connection to cirros@172.24.4.4 ([Errno None] Unable to connect to port 22 on  or 172.24.4.4). Number attempts: 14. Retry after 15 seconds.
2015-12-18 00:43:36,687 21107 WARNING  [tempest_lib.common.ssh] Failed to establish authenticated ssh connection to cirros@172.24.4.4 ([Errno None] Unable to connect to port 22 on  or 172.24.4.4). Number attempts: 15. Retry after 16 seconds.
2015-12-18 00:43:56,207 21107 WARNING  [tempest_lib.common.ssh] Failed to establish authenticated ssh connection to cirros@172.24.4.4 ([Errno None] Unable to connect to port 22 on  or 172.24.4.4). Number attempts: 16. Retry after 17 seconds.
2015-12-18 00:44:16,716 21107 WARNING  [tempest_lib.common.ssh] Failed to establish authenticated ssh connection to cirros@172.24.4.4 ([Errno None] Unable to connect to port 22 on  or 172.24.4.4). Number attempts: 17. Retry after 18 seconds.
2015-12-18 00:44:38,231 21107 WARNING  [tempest_lib.common.ssh] Failed to establish authenticated ssh connection to cirros@172.24.4.4 ([Errno None] Unable to connect to port 22 on  or 172.24.4.4). Number attempts: 18. Retry after 19 seconds.
2015-12-18 00:45:00,739 21107 WARNING  [tempest_lib.common.ssh] Failed to establish authenticated ssh connection to cirros@172.24.4.4 ([Errno None] Unable to connect to port 22 on  or 172.24.4.4). Number attempts: 19. Retry after 20 seconds.
2015-12-18 00:45:24,255 21107 WARNING  [tempest_lib.common.ssh] Failed to establish authenticated ssh connection to cirros@172.24.4.4 ([Errno None] Unable to connect to port 22 on  or 172.24.4.4). Number attempts: 20. Retry after 21 seconds.
2015-12-18 00:45:48,775 21107 ERROR    [tempest_lib.common.ssh] Failed to establish authenticated ssh connection to cirros@172.24.4.4 after 20 attempts
2015-12-18 00:45:48.775 21107 ERROR tempest_lib.common.ssh Traceback (most recent call last):
2015-12-18 00:45:48.775 21107 ERROR tempest_lib.common.ssh   File "/usr/local/lib/python2.7/dist-packages/tempest_lib/common/ssh.py", line 75, in _get_ssh_connection
2015-12-18 00:45:48.775 21107 ERROR tempest_lib.common.ssh     timeout=self.channel_timeout, pkey=self.pkey)
2015-12-18 00:45:48.775 21107 ERROR tempest_lib.common.ssh   File "/usr/local/lib/python2.7/dist-packages/paramiko/client.py", line 311, in connect
2015-12-18 00:45:48.775 21107 ERROR tempest_lib.common.ssh     raise NoValidConnectionsError(errors)
2015-12-18 00:45:48.775 21107 ERROR tempest_lib.common.ssh NoValidConnectionsError: [Errno None] Unable to connect to port 22 on  or 172.24.4.4
2015-12-18 00:45:48.775 21107 ERROR tempest_lib.common.ssh 
2015-12-18 00:45:48,777 21107 ERROR    [tempest.scenario.manager] (TestGettingAddress:test_dhcp6_stateless_from_os) Initializing SSH connection to 172.24.4.4 failed. Error: Connection to the 172.24.4.4 via SSH timed out.
User: cirros, Password: None
2015-12-18 00:45:48.777 21107 ERROR tempest.scenario.manager Traceback (most recent call last):
2015-12-18 00:45:48.777 21107 ERROR tempest.scenario.manager   File "tempest/scenario/manager.py", line 385, in get_remote_client
2015-12-18 00:45:48.777 21107 ERROR tempest.scenario.manager     linux_client.validate_authentication()
2015-12-18 00:45:48.777 21107 ERROR tempest.scenario.manager   File "tempest/common/utils/linux/remote_client.py", line 63, in validate_authentication
2015-12-18 00:45:48.777 21107 ERROR tempest.scenario.manager     self.ssh_client.test_connection_auth()
2015-12-18 00:45:48.777 21107 ERROR tempest.scenario.manager   File "/usr/local/lib/python2.7/dist-packages/tempest_lib/common/ssh.py", line 167, in test_connection_auth
2015-12-18 00:45:48.777 21107 ERROR tempest.scenario.manager     connection = self._get_ssh_connection()
2015-12-18 00:45:48.777 21107 ERROR tempest.scenario.manager   File "/usr/local/lib/python2.7/dist-packages/tempest_lib/common/ssh.py", line 87, in _get_ssh_connection
2015-12-18 00:45:48.777 21107 ERROR tempest.scenario.manager     password=self.password)
2015-12-18 00:45:48.777 21107 ERROR tempest.scenario.manager SSHTimeout: Connection to the 172.24.4.4 via SSH timed out.
2015-12-18 00:45:48.777 21107 ERROR tempest.scenario.manager User: cirros, Password: None
2015-12-18 00:45:48.777 21107 ERROR tempest.scenario.manager 
2015-12-18 00:45:48,989 21107 INFO     [tempest_lib.common.rest_client] Request (TestGettingAddress:test_dhcp6_stateless_from_os): 200 GET http://10.0.2.15:8774/v2.1/b6b891e061944fc5960fdd6ac5d10d13/servers 0.211s
2015-12-18 00:45:48,990 21107 DEBUG    [tempest_lib.common.rest_client] Request - Headers: {'Content-Type': 'application/json', 'Accept': 'application/json', 'X-Auth-Token': '&lt;omitted&gt;'}
        Body: None
    Response - Headers: {'status': '200', 'content-length': '390', 'content-location': 'http://10.0.2.15:8774/v2.1/b6b891e061944fc5960fdd6ac5d10d13/servers', 'x-compute-request-id': 'req-b2118c33-d585-4af9-92bf-bd83d133778b', 'vary': 'X-OpenStack-Nova-API-Version', 'connection': 'close', 'x-openstack-nova-api-version': '2.1', 'date': 'Fri, 18 Dec 2015 00:45:48 GMT', 'content-type': 'application/json'}
        Body: {"servers": [{"id": "2cfce332-28bc-4303-991c-dc8f29b5189e", "links": [{"href": "http://10.0.2.15:8774/v2.1/b6b891e061944fc5960fdd6ac5d10d13/servers/2cfce332-28bc-4303-991c-dc8f29b5189e", "rel": "self"}, {"href": "http://10.0.2.15:8774/b6b891e061944fc5960fdd6ac5d10d13/servers/2cfce332-28bc-4303-991c-dc8f29b5189e", "rel": "bookmark"}], "name": "tempest.common.compute-instance-935421839"}]}
2015-12-18 00:45:49,202 21107 INFO     [tempest_lib.common.rest_client] Request (TestGettingAddress:test_dhcp6_stateless_from_os): 200 POST http://10.0.2.15:8774/v2.1/b6b891e061944fc5960fdd6ac5d10d13/servers/2cfce332-28bc-4303-991c-dc8f29b5189e/action 0.206s
2015-12-18 00:45:49,203 21107 DEBUG    [tempest_lib.common.rest_client] Request - Headers: {'Content-Type': 'application/json', 'Accept': 'application/json', 'X-Auth-Token': '&lt;omitted&gt;'}
        Body: {"os-getConsoleOutput": {}}
    Response - Headers: {'status': '200', 'content-length': '24711', 'x-compute-request-id': 'req-46d635c6-b26a-4b5b-b8d8-ed8aaf8f8f91', 'vary': 'X-OpenStack-Nova-API-Version', 'connection': 'close', 'x-openstack-nova-api-version': '2.1', 'date': 'Fri, 18 Dec 2015 00:45:49 GMT', 'content-type': 'application/json'}
        Body: {"output": "[    0.000000] Initializing cgroup subsys cpuset\n[    0.000000] Initializing cgroup subsys cpu\n[    0.000000] Linux version 3.2.0-80-virtual (buildd@batsu) (gcc version 4.6.3 (Ubuntu/Linaro 4.6.3-1ubuntu5) ) #116-Ubuntu SMP Mon Mar 23 17:28:52 UTC 2015 (Ubuntu 3.2.0-80.116-virtual 3.2.68)\n[    0.000000] Command line: root=/dev/vda console=tty0 console=ttyS0 no_timer_check\n[    0.000000] KERNEL supported cpus:\n[    0.000000]   Intel GenuineIntel\n[    0.000000]   AMD AuthenticAMD\n[    0.000000]   Centaur CentaurHauls\n[    0.000000] BIOS-provided physical RAM map:\n[    0.000000]  BIOS-e820: 0000000000000000 - 000000000009fc00 (usable)\n[    0.000000]  BIOS-e820: 000000000009fc00 - 00000000000a0000 (reserved)\n[    0.000000]  BIOS-e820: 00000000000f0000 - 0000000000100000 (reserved)\n[    0.000000]  BIOS-e820: 0000000000100000 - 0000000003ffe000 (usable)\n[    0.000000]  BIOS-e820: 0000000003ffe000 - 0000000004000000 (reserved)\n[    0.000000]  BIOS-e820: 00000000fffc0000 - 0000000100000000 (reserved)\n[    0.000000] NX (Execute Disable) protection: active\n[    0.000000] SMBIOS 2.4 present.\n[    0.000000] No AGP bridge found\n[    0.000000] last_pfn = 0x3ffe max_arch_pfn = 0x400000000\n[    0.000000] x86 PAT enabled: cpu 0, old 0x7040600070406, new 0x7010600070106\n[    0.000000] found SMP MP-table at [ffff8800000f0b00] f0b00\n[    0.000000] init_memory_mapping: 0000000000000000-0000000003ffe000\n[    0.000000] RAMDISK: 03c5e000 - 03ff0000\n[    0.000000] ACPI: RSDP 00000000000f0950 00014 (v00 BOCHS )\n[    0.000000] ACPI: RSDT 0000000003fffbc1 00034 (v01 BOCHS  BXPCRSDT 00000001 BXPC 00000001)\n[    0.000000] ACPI: FACP 0000000003fff1c0 00074 (v01 BOCHS  BXPCFACP 00000001 BXPC 00000001)\n[    0.000000] ACPI: DSDT 0000000003ffe040 01180 (v01 BOCHS  BXPCDSDT 00000001 BXPC 00000001)\n[    0.000000] ACPI: FACS 0000000003ffe000 00040\n[    0.000000] ACPI: SSDT 0000000003fff234 008DD (v01 BOCHS  BXPCSSDT 00000001 BXPC 00000001)\n[    0.000000] ACPI: APIC 0000000003fffb11 00078 (v01 BOCHS  BXPCAPIC 00000001 BXPC 00000001)\n[    0.000000] ACPI: HPET 0000000003fffb89 00038 (v01 BOCHS  BXPCHPET 00000001 BXPC 00000001)\n[    0.000000] No NUMA configuration found\n[    0.000000] Faking a node at 0000000000000000-0000000003ffe000\n[    0.000000] Initmem setup node 0 0000000000000000-0000000003ffe000\n[    0.000000]   NODE_DATA [0000000003ff6000 - 0000000003ffafff]\n[    0.000000] Zone PFN ranges:\n[    0.000000]   DMA      0x00000010 -&gt; 0x00001000\n[    0.000000]   DMA32    0x00001000 -&gt; 0x00100000\n[    0.000000]   Normal   empty\n[    0.000000] Movable zone start PFN for each node\n[    0.000000] early_node_map[2] active PFN ranges\n[    0.000000]     0: 0x00000010 -&gt; 0x0000009f\n[    0.000000]     0: 0x00000100 -&gt; 0x00003ffe\n[    0.000000] ACPI: PM-Timer IO Port: 0xb008\n[    0.000000] ACPI: LAPIC (acpi_id[0x00] lapic_id[0x00] enabled)\n[    0.000000] ACPI: LAPIC_NMI (acpi_id[0xff] dfl dfl lint[0x1])\n[    0.000000] ACPI: IOAPIC (id[0x00] address[0xfec00000] gsi_base[0])\n[    0.000000] IOAPIC[0]: apic_id 0, version 17, address 0xfec00000, GSI 0-23\n[    0.000000] ACPI: INT_SRC_OVR (bus 0 bus_irq 0 global_irq 2 dfl dfl)\n[    0.000000] ACPI: INT_SRC_OVR (bus 0 bus_irq 5 global_irq 5 high level)\n[    0.000000] ACPI: INT_SRC_OVR (bus 0 bus_irq 9 global_irq 9 high level)\n[    0.000000] ACPI: INT_SRC_OVR (bus 0 bus_irq 10 global_irq 10 high level)\n[    0.000000] ACPI: INT_SRC_OVR (bus 0 bus_irq 11 global_irq 11 high level)\n[    0.000000] Using ACPI (MADT) for SMP configuration information\n[    0.000000] ACPI: HPET id: 0x8086a201 base: 0xfed00000\n[    0.000000] SMP: Allowing 1 CPUs, 0 hotplug CPUs\n[    0.000000] PM: Registered nosave memory: 000000000009f000 - 00000000000a0000\n[    0.000000] PM: Registered nosave memory: 00000000000a0000 - 00000000000f0000\n[    0.000000] PM: Registered nosave memory: 00000000000f0000 - 0000000000100000\n[    0.000000] Allocating PCI resources starting at 4000000 (gap: 4000000:fbfc0000)\n[    0.000000] Booting paravirtualized kernel on bare hardware\n[    0.000000] setup_pe
2015-12-18 00:45:49,207 21107 DEBUG    [tempest.scenario.manager] Console output for 2cfce332-28bc-4303-991c-dc8f29b5189e
body=
[    0.000000] Initializing cgroup subsys cpuset
[    0.000000] Initializing cgroup subsys cpu
[    0.000000] Linux version 3.2.0-80-virtual (buildd@batsu) (gcc version 4.6.3 (Ubuntu/Linaro 4.6.3-1ubuntu5) ) #116-Ubuntu SMP Mon Mar 23 17:28:52 UTC 2015 (Ubuntu 3.2.0-80.116-virtual 3.2.68)
[    0.000000] Command line: root=/dev/vda console=tty0 console=ttyS0 no_timer_check
[    0.000000] KERNEL supported cpus:
[    0.000000]   Intel GenuineIntel
[    0.000000]   AMD AuthenticAMD
[    0.000000]   Centaur CentaurHauls
[    0.000000] BIOS-provided physical RAM map:
[    0.000000]  BIOS-e820: 0000000000000000 - 000000000009fc00 (usable)
[    0.000000]  BIOS-e820: 000000000009fc00 - 00000000000a0000 (reserved)
[    0.000000]  BIOS-e820: 00000000000f0000 - 0000000000100000 (reserved)
[    0.000000]  BIOS-e820: 0000000000100000 - 0000000003ffe000 (usable)
[    0.000000]  BIOS-e820: 0000000003ffe000 - 0000000004000000 (reserved)
[    0.000000]  BIOS-e820: 00000000fffc0000 - 0000000100000000 (reserved)
[    0.000000] NX (Execute Disable) protection: active
[    0.000000] SMBIOS 2.4 present.
[    0.000000] No AGP bridge found
[    0.000000] last_pfn = 0x3ffe max_arch_pfn = 0x400000000
[    0.000000] x86 PAT enabled: cpu 0, old 0x7040600070406, new 0x7010600070106
[    0.000000] found SMP MP-table at [ffff8800000f0b00] f0b00
[    0.000000] init_memory_mapping: 0000000000000000-0000000003ffe000
[    0.000000] RAMDISK: 03c5e000 - 03ff0000
[    0.000000] ACPI: RSDP 00000000000f0950 00014 (v00 BOCHS )
[    0.000000] ACPI: RSDT 0000000003fffbc1 00034 (v01 BOCHS  BXPCRSDT 00000001 BXPC 00000001)
[    0.000000] ACPI: FACP 0000000003fff1c0 00074 (v01 BOCHS  BXPCFACP 00000001 BXPC 00000001)
[    0.000000] ACPI: DSDT 0000000003ffe040 01180 (v01 BOCHS  BXPCDSDT 00000001 BXPC 00000001)
[    0.000000] ACPI: FACS 0000000003ffe000 00040
[    0.000000] ACPI: SSDT 0000000003fff234 008DD (v01 BOCHS  BXPCSSDT 00000001 BXPC 00000001)
[    0.000000] ACPI: APIC 0000000003fffb11 00078 (v01 BOCHS  BXPCAPIC 00000001 BXPC 00000001)
[    0.000000] ACPI: HPET 0000000003fffb89 00038 (v01 BOCHS  BXPCHPET 00000001 BXPC 00000001)
[    0.000000] No NUMA configuration found
[    0.000000] Faking a node at 0000000000000000-0000000003ffe000
[    0.000000] Initmem setup node 0 0000000000000000-0000000003ffe000
[    0.000000]   NODE_DATA [0000000003ff6000 - 0000000003ffafff]
[    0.000000] Zone PFN ranges:
[    0.000000]   DMA      0x00000010 -&gt; 0x00001000
[    0.000000]   DMA32    0x00001000 -&gt; 0x00100000
[    0.000000]   Normal   empty
[    0.000000] Movable zone start PFN for each node
[    0.000000] early_node_map[2] active PFN ranges
[    0.000000]     0: 0x00000010 -&gt; 0x0000009f
[    0.000000]     0: 0x00000100 -&gt; 0x00003ffe
[    0.000000] ACPI: PM-Timer IO Port: 0xb008
[    0.000000] ACPI: LAPIC (acpi_id[0x00] lapic_id[0x00] enabled)
[    0.000000] ACPI: LAPIC_NMI (acpi_id[0xff] dfl dfl lint[0x1])
[    0.000000] ACPI: IOAPIC (id[0x00] address[0xfec00000] gsi_base[0])
[    0.000000] IOAPIC[0]: apic_id 0, version 17, address 0xfec00000, GSI 0-23
[    0.000000] ACPI: INT_SRC_OVR (bus 0 bus_irq 0 global_irq 2 dfl dfl)
[    0.000000] ACPI: INT_SRC_OVR (bus 0 bus_irq 5 global_irq 5 high level)
[    0.000000] ACPI: INT_SRC_OVR (bus 0 bus_irq 9 global_irq 9 high level)
[    0.000000] ACPI: INT_SRC_OVR (bus 0 bus_irq 10 global_irq 10 high level)
[    0.000000] ACPI: INT_SRC_OVR (bus 0 bus_irq 11 global_irq 11 high level)
[    0.000000] Using ACPI (MADT) for SMP configuration information
[    0.000000] ACPI: HPET id: 0x8086a201 base: 0xfed00000
[    0.000000] SMP: Allowing 1 CPUs, 0 hotplug CPUs
[    0.000000] PM: Registered nosave memory: 000000000009f000 - 00000000000a0000
[    0.000000] PM: Registered nosave memory: 00000000000a0000 - 00000000000f0000
[    0.000000] PM: Registered nosave memory: 00000000000f0000 - 0000000000100000
[    0.000000] Allocating PCI resources starting at 4000000 (gap: 4000000:fbfc0000)
[    0.000000] Booting paravirtualized kernel on bare hardware
[    0.000000] setup_percpu: NR_CPUS:64 nr_cpumask_bits:64 nr_cpu_ids:1 nr_node_ids:1
[    0.000000] PERCPU: Embedded 27 pages/cpu @ffff880003a00000 s78848 r8192 d23552 u2097152
[    0.000000] Built 1 zonelists in Node order, mobility grouping on.  Total pages: 16008
[    0.000000] Policy zone: DMA32
[    0.000000] Kernel command line: root=/dev/vda console=tty0 console=ttyS0 no_timer_check
[    0.000000] PID hash table entries: 256 (order: -1, 2048 bytes)
[    0.000000] Checking aperture...
[    0.000000] No AGP bridge found
[    0.000000] Memory: 43492k/65528k available (6576k kernel code, 452k absent, 21584k reserved, 6620k data, 928k init)
[    0.000000] SLUB: Genslabs=15, HWalign=64, Order=0-3, MinObjects=0, CPUs=1, Nodes=1
[    0.000000] Hierarchical RCU implementation.
[    0.000000] 	RCU dyntick-idle grace-period acceleration is enabled.
[    0.000000] NR_IRQS:4352 nr_irqs:256 16
[    0.000000] Console: colour VGA+ 80x25
[    0.000000] console [tty0] enabled
[    0.000000] console [ttyS0] enabled
[    0.000000] allocated 1048576 bytes of page_cgroup
[    0.000000] please try 'cgroup_disable=memory' option if you don't want memory cgroups
[    0.000000] Fast TSC calibration failed
[    0.000000] TSC: Unable to calibrate against PIT
[    0.000000] TSC: using HPET reference calibration
[    0.000000] Detected 2291.427 MHz processor.
[    0.036871] Calibrating delay loop (skipped), value calculated using timer frequency.. 4582.85 BogoMIPS (lpj=9165708)
[    0.038699] pid_max: default: 32768 minimum: 301
[    0.046601] Security Framework initialized
[    0.050332] AppArmor: AppArmor initialized
[    0.052135] Yama: becoming mindful.
[    0.058660] Dentry cache hash table entries: 8192 (order: 4, 65536 bytes)
[    0.060498] Inode-cache hash table entries: 4096 (order: 3, 32768 bytes)
[    0.062005] Mount-cache hash table entries: 256
[    0.076626] Initializing cgroup subsys cpuacct
[    0.077582] Initializing cgroup subsys memory
[    0.078904] Initializing cgroup subsys devices
[    0.080155] Initializing cgroup subsys freezer
[    0.080897] Initializing cgroup subsys blkio
[    0.081625] Initializing cgroup subsys perf_event
[    0.085936] mce: CPU supports 10 MCE banks
[    0.089166] SMP alternatives: switching to UP code
[    0.497210] Freeing SMP alternatives: 24k freed
[    0.501131] ACPI: Core revision 20110623
[    0.560459] ftrace: allocating 26610 entries in 105 pages
[    0.594026] ..TIMER: vector=0x30 apic1=0 pin1=2 apic2=-1 pin2=-1
[    0.596210] CPU0: AMD QEMU Virtual CPU version 2.0.0 stepping 03
[    0.600036] Performance Events: Broken PMU hardware detected, using software events only.
[    0.616929] NMI watchdog disabled (cpu0): hardware events not enabled
[    0.618624] Brought up 1 CPUs
[    0.619157] Total of 1 processors activated (4582.85 BogoMIPS).
[    0.652796] devtmpfs: initialized
[    0.687116] EVM: security.selinux
[    0.688082] EVM: security.SMACK64
[    0.688597] EVM: security.capability
[    0.708487] print_constraints: dummy: 
[    0.710221] RTC time:  0:40:47, date: 12/18/15
[    0.713455] NET: Registered protocol family 16
[    0.721544] ACPI: bus type pci registered
[    0.728676] PCI: Using configuration type 1 for base access
[    0.762127] bio: create slab &lt;bio-0&gt; at 0
[    0.768800] ACPI: Added _OSI(Module Device)
[    0.769395] ACPI: Added _OSI(Processor Device)
[    0.770152] ACPI: Added _OSI(3.0 _SCP Extensions)
[    0.770833] ACPI: Added _OSI(Processor Aggregator Device)
[    0.836926] ACPI: Interpreter enabled
[    0.837510] ACPI: (supports S0 S3 S4 S5)
[    0.839152] ACPI: Using IOAPIC for interrupt routing
[    0.934410] ACPI: No dock devices found.
[    0.935028] HEST: Table not found.
[    0.936254] PCI: Using host bridge windows from ACPI; if necessary, use "pci=nocrs" and report a bug
[    0.944058] ACPI: PCI Root Bridge [PCI0] (domain 0000 [bus 00-ff])
[    0.949294] pci_root PNP0A03:00: host bridge window [io  0x0000-0x0cf7]
[    0.951400] pci_root PNP0A03:00: host bridge window [io  0x0d00-0xadff]
[    0.952110] pci_root PNP0A03:00: host bridge window [io  0xae0f-0xaeff]
[    0.952871] pci_root PNP0A03:00: host bridge window [io  0xaf20-0xafdf]
[    0.953826] pci_root PNP0A03:00: host bridge window [io  0xafe4-0xffff]
[    0.956190] pci_root PNP0A03:00: host bridge window [mem 0x000a0000-0x000bffff]
[    0.957373] pci_root PNP0A03:00: host bridge window [mem 0x04000000-0xfebfffff]
[    0.980967] pci 0000:00:01.3: quirk: [io  0xb000-0xb03f] claimed by PIIX4 ACPI
[    0.982219] pci 0000:00:01.3: quirk: [io  0xb100-0xb10f] claimed by PIIX4 SMB
[    1.053732]  pci0000:00: Unable to request _OSC control (_OSC support mask: 0x1e)
[    1.118738] ACPI: PCI Interrupt Link [LNKA] (IRQs 5 *10 11)
[    1.121589] ACPI: PCI Interrupt Link [LNKB] (IRQs 5 *10 11)
[    1.124244] ACPI: PCI Interrupt Link [LNKC] (IRQs 5 10 *11)
[    1.126452] ACPI: PCI Interrupt Link [LNKD] (IRQs 5 10 *11)
[    1.128397] ACPI: PCI Interrupt Link [LNKS] (IRQs *9)
[    1.134987] vgaarb: device added: PCI:0000:00:02.0,decodes=io+mem,owns=io+mem,locks=none
[    1.136187] vgaarb: loaded
[    1.136544] vgaarb: bridge control possible 0000:00:02.0
[    1.140776] i2c-core: driver [aat2870] using legacy suspend method
[    1.141493] i2c-core: driver [aat2870] using legacy resume method
[    1.144545] SCSI subsystem initialized
[    1.148729] usbcore: registered new interface driver usbfs
[    1.149808] usbcore: registered new interface driver hub
[    1.152439] usbcore: registered new device driver usb
[    1.156834] PCI: Using ACPI for IRQ routing
[    1.168964] NetLabel: Initializing
[    1.169442] NetLabel:  domain hash size = 128
[    1.170124] NetLabel:  protocols = UNLABELED CIPSOv4
[    1.172721] NetLabel:  unlabeled traffic allowed by default
[    1.176930] HPET: 3 timers in total, 0 timers will be used for per-cpu timer
[    1.178312] hpet0: at MMIO 0xfed00000, IRQs 2, 8, 0
[    1.180125] hpet0: 3 comparators, 64-bit 100.000000 MHz counter
[    1.190180] Switching to clocksource hpet
[    1.402330] AppArmor: AppArmor Filesystem Enabled
[    1.403680] pnp: PnP ACPI init
[    1.404956] ACPI: bus type pnp registered
[    1.422920] pnp: PnP ACPI: found 9 devices
[    1.423474] ACPI: ACPI bus type pnp unregistered
[    1.475759] NET: Registered protocol family 2
[    1.508039] IP route cache hash table entries: 512 (order: 0, 4096 bytes)
[    1.516590] TCP established hash table entries: 2048 (order: 3, 32768 bytes)
[    1.518538] TCP bind hash table entries: 2048 (order: 3, 32768 bytes)
[    1.519387] TCP: Hash tables configured (established 2048 bind 2048)
[    1.520041] TCP reno registered
[    1.522722] UDP hash table entries: 128 (order: 0, 4096 bytes)
[    1.523992] UDP-Lite hash table entries: 128 (order: 0, 4096 bytes)
[    1.527490] NET: Registered protocol family 1
[    1.529821] pci 0000:00:00.0: Limiting direct PCI/PCI transfers
[    1.530507] pci 0000:00:01.0: PIIX3: Enabling Passive Release
[    1.532078] pci 0000:00:01.0: Activating ISA DMA hang workarounds
[    1.538033] ACPI: PCI Interrupt Link [LNKD] enabled at IRQ 11
[    1.539181] pci 0000:00:01.2: PCI INT D -&gt; Link[LNKD] -&gt; GSI 11 (level, high) -&gt; IRQ 11
[    1.541920] pci 0000:00:01.2: PCI INT D disabled
[    1.570471] Trying to unpack rootfs image as initramfs...
[    1.590892] audit: initializing netlink socket (disabled)
[    1.593484] type=2000 audit(1450399247.588:1): initialized
[    1.894668] HugeTLB registered 2 MB page size, pre-allocated 0 pages
[    1.975300] VFS: Disk quotas dquot_6.5.2
[    1.977243] Dquot-cache hash table entries: 512 (order 0, 4096 bytes)
[    1.993184] fuse init (API version 7.17)
[    1.995612] msgmni has been set to 84
[    2.038986] Block layer SCSI generic (bsg) driver version 0.4 loaded (major 253)
[    2.041909] io scheduler noop registered
[    2.042487] io scheduler deadline registered (default)
[    2.043436] io scheduler cfq registered
[    2.049362] pci_hotplug: PCI Hot Plug PCI Core version: 0.5
[    2.051388] pciehp: PCI Express Hot Plug Controller Driver version: 0.4
[    2.059084] input: Power Button as /devices/LNXSYSTM:00/LNXPWRBN:00/input/input0
[    2.062121] ACPI: Power Button [PWRF]
[    2.147271] ERST: Table is not found!
[    2.148159] GHES: HEST is not enabled!
[    2.161569] ACPI: PCI Interrupt Link [LNKC] enabled at IRQ 10
[    2.162294] virtio-pci 0000:00:03.0: PCI INT A -&gt; Link[LNKC] -&gt; GSI 10 (level, high) -&gt; IRQ 10
[    2.166638] virtio-pci 0000:00:04.0: PCI INT A -&gt; Link[LNKD] -&gt; GSI 11 (level, high) -&gt; IRQ 11
[    2.178429] ACPI: PCI Interrupt Link [LNKA] enabled at IRQ 10
[    2.179188] virtio-pci 0000:00:05.0: PCI INT A -&gt; Link[LNKA] -&gt; GSI 10 (level, high) -&gt; IRQ 10
[    2.190466] Serial: 8250/16550 driver, 32 ports, IRQ sharing enabled
[    2.231883] serial8250: ttyS0 at I/O 0x3f8 (irq = 4) is a 16550A
[    2.323140] serial8250: ttyS1 at I/O 0x2f8 (irq = 3) is a 16550A
[    2.444964] 00:05: ttyS0 at I/O 0x3f8 (irq = 4) is a 16550A
[    2.531899] 00:06: ttyS1 at I/O 0x2f8 (irq = 3) is a 16550A
[    2.545803] Refined TSC clocksource calibration: 2291.492 MHz.
[    2.546569] Switching to clocksource tsc
[    2.587321] Linux agpgart interface v0.103
[    2.657412] brd: module loaded
[    2.686264] loop: module loaded
[    2.732027]  vda: unknown partition table
[    2.806896] scsi0 : ata_piix
[    2.810239] scsi1 : ata_piix
[    2.811447] ata1: PATA max MWDMA2 cmd 0x1f0 ctl 0x3f6 bmdma 0xc0a0 irq 14
[    2.812636] ata2: PATA max MWDMA2 cmd 0x170 ctl 0x376 bmdma 0xc0a8 irq 15
[    2.823491] Fixed MDIO Bus: probed
[    2.825629] tun: Universal TUN/TAP device driver, 1.6
[    2.826191] tun: (C) 1999-2004 Max Krasnyansky &lt;maxk@qualcomm.com&gt;
[    2.839054] PPP generic driver version 2.4.2
[    2.862000] ehci_hcd: USB 2.0 'Enhanced' Host Controller (EHCI) Driver
[    2.862942] ohci_hcd: USB 1.1 'Open' Host Controller (OHCI) Driver
[    2.863812] uhci_hcd: USB Universal Host Controller Interface driver
[    2.866282] uhci_hcd 0000:00:01.2: PCI INT D -&gt; Link[LNKD] -&gt; GSI 11 (level, high) -&gt; IRQ 11
[    2.869800] uhci_hcd 0000:00:01.2: UHCI Host Controller
[    2.885817] uhci_hcd 0000:00:01.2: new USB bus registered, assigned bus number 1
[    2.887434] uhci_hcd 0000:00:01.2: irq 11, io base 0x0000c040
[    2.914993] hub 1-0:1.0: USB hub found
[    2.916593] hub 1-0:1.0: 2 ports detected
[    2.925470] usbcore: registered new interface driver libusual
[    2.928942] i8042: PNP: PS/2 Controller [PNP0303:KBD,PNP0f13:MOU] at 0x60,0x64 irq 1,12
[    2.937362] serio: i8042 KBD port at 0x60,0x64 irq 1
[    2.939676] serio: i8042 AUX port at 0x60,0x64 irq 12
[    2.984924] mousedev: PS/2 mouse device common for all mice
[    3.006050] input: AT Translated Set 2 keyboard as /devices/platform/i8042/serio0/input/input1
[    3.012645] rtc_cmos 00:01: RTC can wake from S4
[    3.030333] rtc_cmos 00:01: rtc core: registered rtc_cmos as rtc0
[    3.035093] rtc0: alarms up to one day, 114 bytes nvram, hpet irqs
[    3.038615] device-mapper: uevent: version 1.0.3
[    3.060741] device-mapper: ioctl: 4.22.0-ioctl (2011-10-19) initialised: dm-devel@redhat.com
[    3.064646] cpuidle: using governor ladder
[    3.065629] cpuidle: using governor menu
[    3.067137] EFI Variables Facility v0.08 2004-May-17
[    3.085350] TCP cubic registered
[    3.089258] NET: Registered protocol family 10
[    3.129199] NET: Registered protocol family 17
[    3.130452] Registering the dns_resolver key type
[    3.151954] ata2.01: ATAPI: QEMU DVD-ROM, 2.0.0, max UDMA/100
[    3.159277] ata2.01: configured for MWDMA2
[    3.186759] scsi 1:0:1:0: CD-ROM            QEMU     QEMU DVD-ROM     2.0. PQ: 0 ANSI: 5
[    3.218119] sr0: scsi3-mmc drive: 4x/4x cd/rw xa/form2 tray
[    3.220451] cdrom: Uniform CD-ROM driver Revision: 3.20
[    3.241687] sr 1:0:1:0: Attached scsi generic sg0 type 5
[    3.288018] registered taskstats version 1
[    3.313987] Freeing initrd memory: 3656k freed
[    3.811357]   Magic number: 11:518:658
[    3.818051] block ram11: hash matches
[    3.824574] rtc_cmos 00:01: setting system clock to 2015-12-18 00:40:50 UTC (1450399250)
[    3.826633] powernow-k8: Processor cpuid 663 not supported
[    3.828306] BIOS EDD facility v0.16 2004-Jun-25, 0 devices found
[    3.828306] EDD information not available.
[    3.911969] Freeing unused kernel memory: 928k freed
[    3.917308] Write protecting the kernel read-only data: 12288k
[    4.037390] Freeing unused kernel memory: 1596k freed
[    4.120645] Freeing unused kernel memory: 1184k freed

info: initramfs: up at 4.29
modprobe: module virtio_blk not found in modules.dep
modprobe: module virtio_net not found in modules.dep
info: copying initramfs to /dev/vda
info: initramfs loading root from /dev/vda
info: /etc/init.d/rc.sysinit: up at 9.72
info: container: none
Starting logging: OK
modprobe: module virtio_blk not found in modules.dep
modprobe: module virtio_net not found in modules.dep
WARN: /etc/rc3.d/S10-load-modules failed
Initializing random number generator... done.
Starting acpid: OK
cirros-ds 'local' up at 12.14
found datasource (configdrive, local)
Starting network...
udhcpc (v1.20.1) started
Sending discover...
Sending discover...
Sending discover...
Usage: /sbin/cirros-dhcpc &lt;up|down&gt;
No lease, failing
WARN: /etc/rc3.d/S40-network failed
Starting dropbear sshd: generating rsa key... generating dsa key... OK
no userdata for datasource
=== system information ===
Platform: OpenStack Foundation OpenStack Nova
Container: none
Arch: x86_64
CPU(s): 1 @ 2291.427 MHz
Cores/Sockets/Threads: 1/1/1
Virt-type: AMD-V
RAM Size: 49MB
Disks:
NAME MAJ:MIN     SIZE LABEL         MOUNTPOINT
vda  253:0   25165824 cirros-rootfs /
sr0   11:0     428032 config-2      
=== sshd host keys ===
-----BEGIN SSH HOST KEY KEYS-----
ssh-rsa AAAAB3NzaC1yc2EAAAADAQABAAAAgwCBpJZULy7vL/J8zmF8EQxQHTbtHwyLJ+7Vt/ninmqPw6eR6vt9bVoJk8LTZ8Qv/+bRXcaqdoA8loMyGX4tkZWIqe5hm4CMmzNYoZwwY2+9CKxZXoiPWcY4VRSFuYUcTJUcG8DuGf1e0ANY1Vx3wd8OGiB1Q3OVa8A4BRTbKP5N98+7 root@tempest
ssh-dss AAAAB3NzaC1kc3MAAACBAN34tJrDxOjkRloGilLqT6e4CUx1dMcvDYp+F+OHuvIE2eH29gSaQt4Z6VnQbPwiIyCJgIKa1BRC0Cgisgpg6dErquIbL70qTjQX3liRVrKGxMmqCVE6SFgUv0cre/7nFN1dPNJ7qWC8vkUTSwj0CatHPLrl1Jol4FWJrXsRO0QDAAAAFQDjDzvCESAJGQiRjrCMlO2b00WFtQAAAIEAyxZScmAPaucNRDjX7m5egN7CEKO1JX5jNa9svOe+Tpgj7Cp3jwy/9d3BB4anpsn8G0a6sj2aJ62Xk3OgSHUWiVJrpA7lpPV8Mklb2NFwpOww5Cjw0BrLSPNHBajviiP4d1Esy/VQN34TS+QL/dhjAhc4C72Rk/7SDHz8jz+12wMAAACALaF1RiWjx/BcUnkYcaEkdxcT2K6tkY+QGFnqTXwx2iKx19AIuS/YBgqiFpJC/Z+X0Au/fTAM4OM/nWmSz4HDhQssZE/n+i109izGh4NPauuq/a33qiCaiwt9jwxWET2bks6gTeHbyUECYKDi7bbEiVNxD62Jfy2r4eZ0IZopkyU= root@tempest
-----END SSH HOST KEY KEYS-----
=== network info ===
if-info: lo,up,127.0.0.1,8,::1
if-info: eth0,up,,8,fe80::f816:3eff:fe7b:d237
=== datasource: configdrive local ===
instance-id: 2cfce332-28bc-4303-991c-dc8f29b5189e
name: tempest.common.compute-instance-935421839
availability-zone: nova
local-hostname: tempest.common.compute-instance-935421839.novalocal
launch-index: 0
=== cirros: current=0.3.4 uptime=201.54 ===
route: fscanf
=== pinging gateway failed, debugging connection ===
############ debug start ##############
### /etc/init.d/sshd start
Starting dropbear sshd: OK
route: fscanf
### ifconfig -a
eth0      Link encap:Ethernet  HWaddr FA:16:3E:7B:D2:37  
          inet6 addr: fe80::f816:3eff:fe7b:d237/64 Scope:Link
          UP BROADCAST RUNNING MULTICAST  MTU:1500  Metric:1
          RX packets:12 errors:0 dropped:5 overruns:0 frame:0
          TX packets:8 errors:0 dropped:0 overruns:0 carrier:0
          collisions:0 txqueuelen:1000 
          RX bytes:1303 (1.2 KiB)  TX bytes:1134 (1.1 KiB)

lo        Link encap:Local Loopback  
          inet addr:127.0.0.1  Mask:255.0.0.0
          inet6 addr: ::1/128 Scope:Host
          UP LOOPBACK RUNNING  MTU:16436  Metric:1
          RX packets:12 errors:0 dropped:0 overruns:0 frame:0
          TX packets:12 errors:0 dropped:0 overruns:0 carrier:0
          collisions:0 txqueuelen:0 
          RX bytes:1020 (1020.0 B)  TX bytes:1020 (1020.0 B)

### route -n
Kernel IP routing table
Destination     Gateway         Genmask         Flags Metric Ref    Use Iface
route: fscanf
### cat /etc/resolv.conf
cat: can't open '/etc/resolv.conf': No such file or directory
### gateway not found
/sbin/cirros-status: line 1: can't open /etc/resolv.conf: no such file
### pinging nameservers
### uname -a
Linux tempest 3.2.0-80-virtual #116-Ubuntu SMP Mon Mar 23 17:28:52 UTC 2015 x86_64 GNU/Linux
### lsmod
Module                  Size  Used by    Not tainted
nls_iso8859_1          12713  0 
nls_cp437              16991  0 
vfat                   17585  0 
fat                    61512  1 vfat
isofs                  40259  0 
ip_tables              27473  0 
x_tables               29891  1 ip_tables
pcnet32                42119  0 
8139cp                 27360  0 
ne2k_pci               13691  0 
8390                   18856  1 ne2k_pci
e1000                 108589  0 
acpiphp                24231  0 
### dmesg | tail
[    5.056422] EXT3-fs (vda): mounted filesystem with ordered data mode
[    5.369003] ISO 9660 Extensions: Microsoft Joliet Level 3
[    5.443849] ISO 9660 Extensions: RRIP_1991A
[    5.665913] kjournald starting.  Commit interval 5 seconds
[    5.682232] EXT3-fs (vda): using internal journal
[    5.682382] EXT3-fs (vda): mounted filesystem with ordered data mode
[    9.780258] EXT3-fs (vda): using internal journal
[   12.974237] ISO 9660 Extensions: Microsoft Joliet Level 3
[   13.076097] ISO 9660 Extensions: RRIP_1991A
[   27.618332] eth0: no IPv6 routers present
### tail -n 25 /var/log/messages
Dec 18 00:40:57 cirros kern.info kernel: [    4.597973] acpiphp: Slot [26] registered
Dec 18 00:40:57 cirros kern.info kernel: [    4.598263] acpiphp: Slot [27] registered
Dec 18 00:40:57 cirros kern.info kernel: [    4.598548] acpiphp: Slot [28] registered
Dec 18 00:40:57 cirros kern.info kernel: [    4.599064] acpiphp: Slot [29] registered
Dec 18 00:40:57 cirros kern.info kernel: [    4.599311] acpiphp: Slot [30] registered
Dec 18 00:40:57 cirros kern.info kernel: [    4.599620] acpiphp: Slot [31] registered
Dec 18 00:40:57 cirros kern.info kernel: [    4.649419] e1000: Intel(R) PRO/1000 Network Driver - version 7.3.21-k8-NAPI
Dec 18 00:40:57 cirros kern.info kernel: [    4.649470] e1000: Copyright (c) 1999-2006 Intel Corporation.
Dec 18 00:40:57 cirros kern.info kernel: [    4.690591] ne2k-pci.c:v1.03 9/22/2003 D. Becker/P. Gortmaker
Dec 18 00:40:57 cirros kern.info kernel: [    4.731906] 8139cp: 8139cp: 10/100 PCI Ethernet driver v1.3 (Mar 22, 2004)
Dec 18 00:40:57 cirros kern.info kernel: [    4.789301] pcnet32: pcnet32.c:v1.35 21.Apr.2008 tsbogend@alpha.franken.de
Dec 18 00:40:57 cirros kern.info kernel: [    4.842453] ip_tables: (C) 2000-2006 Netfilter Core Team
Dec 18 00:40:57 cirros kern.info kernel: [    5.046322] kjournald starting.  Commit interval 5 seconds
Dec 18 00:40:57 cirros kern.info kernel: [    5.056422] EXT3-fs (vda): mounted filesystem with ordered data mode
Dec 18 00:40:57 cirros kern.debug kernel: [    5.369003] ISO 9660 Extensions: Microsoft Joliet Level 3
Dec 18 00:40:57 cirros kern.debug kernel: [    5.443849] ISO 9660 Extensions: RRIP_1991A
Dec 18 00:40:57 cirros kern.info kernel: [    5.665913] kjournald starting.  Commit interval 5 seconds
Dec 18 00:40:57 cirros kern.info kernel: [    5.682232] EXT3-fs (vda): using internal journal
Dec 18 00:40:57 cirros kern.info kernel: [    5.682382] EXT3-fs (vda): mounted filesystem with ordered data mode
Dec 18 00:40:57 cirros kern.info kernel: [    9.780258] EXT3-fs (vda): using internal journal
Dec 18 00:40:59 cirros kern.debug kernel: [   12.974237] ISO 9660 Extensions: Microsoft Joliet Level 3
Dec 18 00:40:59 cirros kern.debug kernel: [   13.076097] ISO 9660 Extensions: RRIP_1991A
Dec 18 00:41:02 cirros auth.notice su: + /dev/console root:cirros
Dec 18 00:41:14 cirros kern.debug kernel: [   27.618332] eth0: no IPv6 routers present
Dec 18 00:44:06 cirros authpriv.info dropbear[283]: Running in background
############ debug end   ##############
  ____               ____  ____
 / __/ __ ____ ____ / __ \/ __/
/ /__ / // __// __// /_/ /\ \ 
\___//_//_/  /_/   \____/___/ 
   http://cirros-cloud.net


login as 'cirros' user. default password: 'cubswin:)'. use 'sudo' for root.
tempest login: 
2015-12-18 00:45:49,560 21107 INFO     [tempest_lib.common.rest_client] Request (TestGettingAddress:_run_cleanups): 204 DELETE http://10.0.2.15:9696/v2.0/floatingips/0bac7108-0389-4f92-abce-aa0e9c7bfc42 0.348s
2015-12-18 00:45:49,561 21107 DEBUG    [tempest_lib.common.rest_client] Request - Headers: {'Content-Type': 'application/json', 'Accept': 'application/json', 'X-Auth-Token': '&lt;omitted&gt;'}
        Body: None
    Response - Headers: {'date': 'Fri, 18 Dec 2015 00:45:49 GMT', 'status': '204', 'connection': 'close', 'content-length': '0', 'x-openstack-request-id': 'req-b25f8454-d50b-4da4-bbac-975b2deb9292'}
        Body: 
2015-12-18 00:45:49,935 21107 INFO     [tempest_lib.common.rest_client] Request (TestGettingAddress:_run_cleanups): 204 DELETE http://10.0.2.15:8774/v2.1/b6b891e061944fc5960fdd6ac5d10d13/servers/2cfce332-28bc-4303-991c-dc8f29b5189e 0.373s
2015-12-18 00:45:49,936 21107 DEBUG    [tempest_lib.common.rest_client] Request - Headers: {'Content-Type': 'application/json', 'Accept': 'application/json', 'X-Auth-Token': '&lt;omitted&gt;'}
        Body: None
    Response - Headers: {'status': '204', 'content-length': '0', 'x-compute-request-id': 'req-f8f77446-9f23-466d-b4b0-91256ed2c2ee', 'vary': 'X-OpenStack-Nova-API-Version', 'connection': 'close', 'x-openstack-nova-api-version': '2.1', 'date': 'Fri, 18 Dec 2015 00:45:49 GMT', 'content-type': 'application/json'}
        Body: 
2015-12-18 00:45:50,178 21107 INFO     [tempest_lib.common.rest_client] Request (TestGettingAddress:_run_cleanups): 200 GET http://10.0.2.15:8774/v2.1/b6b891e061944fc5960fdd6ac5d10d13/servers/2cfce332-28bc-4303-991c-dc8f29b5189e 0.241s
2015-12-18 00:45:50,179 21107 DEBUG    [tempest_lib.common.rest_client] Request - Headers: {'Content-Type': 'application/json', 'Accept': 'application/json', 'X-Auth-Token': '&lt;omitted&gt;'}
        Body: None
    Response - Headers: {'status': '200', 'content-length': '1902', 'content-location': 'http://10.0.2.15:8774/v2.1/b6b891e061944fc5960fdd6ac5d10d13/servers/2cfce332-28bc-4303-991c-dc8f29b5189e', 'x-compute-request-id': 'req-eab4986f-526b-410b-b9a8-139d303d37d1', 'vary': 'X-OpenStack-Nova-API-Version', 'connection': 'close', 'x-openstack-nova-api-version': '2.1', 'date': 'Fri, 18 Dec 2015 00:45:50 GMT', 'content-type': 'application/json'}
        Body: {"server": {"status": "ACTIVE", "updated": "2015-12-18T00:45:49Z", "hostId": "b17bbbc5d39990e6a186e848bcd015c239591ce4383d88fa62404edf", "addresses": {"tempest-network-smoke--147965645": [{"OS-EXT-IPS-MAC:mac_addr": "fa:16:3e:7b:d2:37", "version": 6, "addr": "2003::f816:3eff:fe7b:d237", "OS-EXT-IPS:type": "fixed"}, {"OS-EXT-IPS-MAC:mac_addr": "fa:16:3e:7b:d2:37", "version": 4, "addr": "10.100.0.3", "OS-EXT-IPS:type": "fixed"}, {"OS-EXT-IPS-MAC:mac_addr": "fa:16:3e:7b:d2:37", "version": 4, "addr": "172.24.4.4", "OS-EXT-IPS:type": "floating"}]}, "links": [{"href": "http://10.0.2.15:8774/v2.1/b6b891e061944fc5960fdd6ac5d10d13/servers/2cfce332-28bc-4303-991c-dc8f29b5189e", "rel": "self"}, {"href": "http://10.0.2.15:8774/b6b891e061944fc5960fdd6ac5d10d13/servers/2cfce332-28bc-4303-991c-dc8f29b5189e", "rel": "bookmark"}], "key_name": "tempest-TestGettingAddress-1816083194", "image": {"id": "4986e7b3-ac63-443a-825c-9d004ea0a4c8", "links": [{"href": "http://10.0.2.15:8774/b6b891e061944fc5960fdd6ac5d10d13/images/4986e7b3-ac63-443a-825c-9d004ea0a4c8", "rel": "bookmark"}]}, "OS-EXT-STS:task_state": "deleting", "OS-EXT-STS:vm_state": "active", "OS-SRV-USG:launched_at": "2015-12-18T00:40:44.000000", "flavor": {"id": "42", "links": [{"href": "http://10.0.2.15:8774/b6b891e061944fc5960fdd6ac5d10d13/flavors/42", "rel": "bookmark"}]}, "id": "2cfce332-28bc-4303-991c-dc8f29b5189e", "security_groups": [{"name": "tempest-secgroup-smoke-925577605"}], "OS-SRV-USG:terminated_at": null, "OS-EXT-AZ:availability_zone": "nova", "user_id": "89b920e2ea4b47e6b9bbbbdcb7862582", "name": "tempest.common.compute-instance-935421839", "created": "2015-12-18T00:40:40Z", "tenant_id": "b6b891e061944fc5960fdd6ac5d10d13", "OS-DCF:diskConfig": "MANUAL", "os-extended-volumes:volumes_attached": [], "accessIPv4": "", "accessIPv6": "", "progress": 0, "OS-EXT-STS:power_state": 1, "config_drive": "True", "metadata": {}}}
2015-12-18 00:45:51,345 21107 INFO     [tempest_lib.common.rest_client] Request (TestGettingAddress:_run_cleanups): 200 GET http://10.0.2.15:8774/v2.1/b6b891e061944fc5960fdd6ac5d10d13/servers/2cfce332-28bc-4303-991c-dc8f29b5189e 0.153s
2015-12-18 00:45:51,345 21107 DEBUG    [tempest_lib.common.rest_client] Request - Headers: {'Content-Type': 'application/json', 'Accept': 'application/json', 'X-Auth-Token': '&lt;omitted&gt;'}
        Body: None
    Response - Headers: {'status': '200', 'content-length': '1439', 'content-location': 'http://10.0.2.15:8774/v2.1/b6b891e061944fc5960fdd6ac5d10d13/servers/2cfce332-28bc-4303-991c-dc8f29b5189e', 'x-compute-request-id': 'req-db52615b-6be0-44ef-a6c7-063b50fef77e', 'vary': 'X-OpenStack-Nova-API-Version', 'connection': 'close', 'x-openstack-nova-api-version': '2.1', 'date': 'Fri, 18 Dec 2015 00:45:51 GMT', 'content-type': 'application/json'}
        Body: {"server": {"status": "ACTIVE", "updated": "2015-12-18T00:45:50Z", "hostId": "b17bbbc5d39990e6a186e848bcd015c239591ce4383d88fa62404edf", "addresses": {}, "links": [{"href": "http://10.0.2.15:8774/v2.1/b6b891e061944fc5960fdd6ac5d10d13/servers/2cfce332-28bc-4303-991c-dc8f29b5189e", "rel": "self"}, {"href": "http://10.0.2.15:8774/b6b891e061944fc5960fdd6ac5d10d13/servers/2cfce332-28bc-4303-991c-dc8f29b5189e", "rel": "bookmark"}], "key_name": "tempest-TestGettingAddress-1816083194", "image": {"id": "4986e7b3-ac63-443a-825c-9d004ea0a4c8", "links": [{"href": "http://10.0.2.15:8774/b6b891e061944fc5960fdd6ac5d10d13/images/4986e7b3-ac63-443a-825c-9d004ea0a4c8", "rel": "bookmark"}]}, "OS-EXT-STS:task_state": "deleting", "OS-EXT-STS:vm_state": "active", "OS-SRV-USG:launched_at": "2015-12-18T00:40:44.000000", "flavor": {"id": "42", "links": [{"href": "http://10.0.2.15:8774/b6b891e061944fc5960fdd6ac5d10d13/flavors/42", "rel": "bookmark"}]}, "id": "2cfce332-28bc-4303-991c-dc8f29b5189e", "OS-SRV-USG:terminated_at": null, "OS-EXT-AZ:availability_zone": "nova", "user_id": "89b920e2ea4b47e6b9bbbbdcb7862582", "name": "tempest.common.compute-instance-935421839", "created": "2015-12-18T00:40:40Z", "tenant_id": "b6b891e061944fc5960fdd6ac5d10d13", "OS-DCF:diskConfig": "MANUAL", "os-extended-volumes:volumes_attached": [], "accessIPv4": "", "accessIPv6": "", "progress": 0, "OS-EXT-STS:power_state": 1, "config_drive": "True", "metadata": {}}}
2015-12-18 00:45:52,566 21107 INFO     [tempest_lib.common.rest_client] Request (TestGettingAddress:_run_cleanups): 404 GET http://10.0.2.15:8774/v2.1/b6b891e061944fc5960fdd6ac5d10d13/servers/2cfce332-28bc-4303-991c-dc8f29b5189e 0.208s
2015-12-18 00:45:52,566 21107 DEBUG    [tempest_lib.common.rest_client] Request - Headers: {'Content-Type': 'application/json', 'Accept': 'application/json', 'X-Auth-Token': '&lt;omitted&gt;'}
        Body: None
    Response - Headers: {'status': '404', 'content-length': '111', 'x-compute-request-id': 'req-30ccd6b1-bc6d-4fc2-93f5-4db8ddb8747f', 'vary': 'X-OpenStack-Nova-API-Version', 'connection': 'close', 'x-openstack-nova-api-version': '2.1', 'date': 'Fri, 18 Dec 2015 00:45:52 GMT', 'content-type': 'application/json; charset=UTF-8'}
        Body: {"itemNotFound": {"message": "Instance 2cfce332-28bc-4303-991c-dc8f29b5189e could not be found.", "code": 404}}
2015-12-18 00:45:52,919 21107 INFO     [tempest_lib.common.rest_client] Request (TestGettingAddress:_run_cleanups): 200 PUT http://10.0.2.15:9696/v2.0/routers/90133661-83d4-40dd-8605-7b48a67d0d2a/remove_router_interface 0.351s
2015-12-18 00:45:52,920 21107 DEBUG    [tempest_lib.common.rest_client] Request - Headers: {'Content-Type': 'application/json', 'Accept': 'application/json', 'X-Auth-Token': '&lt;omitted&gt;'}
        Body: {"subnet_id": "17621bdb-7dee-4545-a868-c5111086a3e7"}
    Response - Headers: {'status': '200', 'content-length': '255', 'connection': 'close', 'date': 'Fri, 18 Dec 2015 00:45:52 GMT', 'content-type': 'application/json; charset=UTF-8', 'x-openstack-request-id': 'req-a2374d03-cb3a-4e1b-8ccc-af0ee933979f'}
        Body: {"subnet_id": "17621bdb-7dee-4545-a868-c5111086a3e7", "tenant_id": "b6b891e061944fc5960fdd6ac5d10d13", "subnet_ids": ["17621bdb-7dee-4545-a868-c5111086a3e7"], "port_id": "8c7712d4-d072-4066-b958-ecd4f3e05937", "id": "90133661-83d4-40dd-8605-7b48a67d0d2a"}
2015-12-18 00:45:53,386 21107 INFO     [tempest_lib.common.rest_client] Request (TestGettingAddress:_run_cleanups): 204 DELETE http://10.0.2.15:9696/v2.0/subnets/17621bdb-7dee-4545-a868-c5111086a3e7 0.466s
2015-12-18 00:45:53,387 21107 DEBUG    [tempest_lib.common.rest_client] Request - Headers: {'Content-Type': 'application/json', 'Accept': 'application/json', 'X-Auth-Token': '&lt;omitted&gt;'}
        Body: None
    Response - Headers: {'date': 'Fri, 18 Dec 2015 00:45:53 GMT', 'status': '204', 'connection': 'close', 'content-length': '0', 'x-openstack-request-id': 'req-65399a4a-2c57-44d5-b07f-5122c6225fb6'}
        Body: 
2015-12-18 00:45:53,415 21107 INFO     [tempest_lib.common.rest_client] Request (TestGettingAddress:_run_cleanups): 404 DELETE http://10.0.2.15:9696/v2.0/subnets/17621bdb-7dee-4545-a868-c5111086a3e7 0.027s
2015-12-18 00:45:53,415 21107 DEBUG    [tempest_lib.common.rest_client] Request - Headers: {'Content-Type': 'application/json', 'Accept': 'application/json', 'X-Auth-Token': '&lt;omitted&gt;'}
        Body: None
