<?xml version="1.0" encoding="UTF-8"?>
<!DOCTYPE html PUBLIC "-//W3C//DTD XHTML 1.0 Strict//EN"
     "http://www.w3.org/TR/xhtml1/DTD/xhtml1-strict.dtd">
<html xmlns="http://www.w3.org/1999/xhtml">
<head>
    <title>Unit Test Report</title>
    <meta name="generator" content="subunit2html 0.1"/>
    <meta http-equiv="Content-Type" content="text/html; charset=UTF-8"/>
    
<style type="text/css" media="screen">
body        { font-family: verdana, arial, helvetica, sans-serif;
    font-size: 80%; }
table       { font-size: 100%; width: 100%;}
pre         { font-size: 80%; }

/* -- heading -------------------------------------------------------------- */
h1 {
        font-size: 16pt;
        color: gray;
}
.heading {
    margin-top: 0ex;
    margin-bottom: 1ex;
}

.heading .attribute {
    margin-top: 1ex;
    margin-bottom: 0;
}

.heading .description {
    margin-top: 4ex;
    margin-bottom: 6ex;
}

/* -- css div popup -------------------------------------------------------- */
a.popup_link {
}

a.popup_link:hover {
    color: red;
}

.popup_window {
    display: none;
    overflow-x: scroll;
    /*border: solid #627173 1px; */
    padding: 10px;
    background-color: #E6E6D6;
    font-family: "Ubuntu Mono", "Lucida Console", "Courier New", monospace;
    text-align: left;
    font-size: 8pt;
}

}
/* -- report --------------------------------------------------------------- */
#show_detail_line {
    margin-top: 3ex;
    margin-bottom: 1ex;
}
#result_table {
    width: 100%;
    border-collapse: collapse;
    border: 1px solid #777;
}
#header_row {
    font-weight: bold;
    color: white;
    background-color: #777;
}
#result_table td {
    border: 1px solid #777;
    padding: 2px;
}
#total_row  { font-weight: bold; }
.passClass  { background-color: #6c6; }
.failClass  { background-color: #c60; }
.errorClass { background-color: #c00; }
.passCase   { color: #6c6; }
.failCase   { color: #c60; font-weight: bold; }
.errorCase  { color: #c00; font-weight: bold; }
.hiddenRow  { display: none; }
.testcase   { margin-left: 2em; }
td.testname {width: 40%}
td.small {width: 40px}

/* -- ending --------------------------------------------------------------- */
#ending {
}

</style>

</head>
<body>
<script language="javascript" type="text/javascript"><!--
output_list = Array();

/* level - 0:Summary; 1:Failed; 2:All */
function showCase(level) {
    trs = document.getElementsByTagName("tr");
    for (var i = 0; i < trs.length; i++) {
        tr = trs[i];
        id = tr.id;
        if (id.substr(0,2) == 'ft') {
            if (level < 1) {
                tr.className = 'hiddenRow';
            }
            else {
                tr.className = '';
            }
        }
        if (id.substr(0,2) == 'pt') {
            if (level > 1) {
                tr.className = '';
            }
            else {
                tr.className = 'hiddenRow';
            }
        }
    }
}


function showClassDetail(cid, count) {
    var id_list = Array(count);
    var toHide = 1;
    for (var i = 0; i < count; i++) {
        tid0 = 't' + cid.substr(1) + '.' + (i+1);
        tid = 'f' + tid0;
        tr = document.getElementById(tid);
        if (!tr) {
            tid = 'p' + tid0;
            tr = document.getElementById(tid);
        }
        id_list[i] = tid;
        if (tr.className) {
            toHide = 0;
        }
    }
    for (var i = 0; i < count; i++) {
        tid = id_list[i];
        if (toHide) {
            document.getElementById('div_'+tid).style.display = 'none'
            document.getElementById(tid).className = 'hiddenRow';
        }
        else {
            document.getElementById(tid).className = '';
        }
    }
}


function showTestDetail(div_id){
    var details_div = document.getElementById(div_id)
    var displayState = details_div.style.display
    // alert(displayState)
    if (displayState != 'block' ) {
        displayState = 'block'
        details_div.style.display = 'block'
    }
    else {
        details_div.style.display = 'none'
    }
}


function html_escape(s) {
    s = s.replace(/&/g,'&amp;');
    s = s.replace(/</g,'&lt;');
    s = s.replace(/>/g,'&gt;');
    return s;
}

/* obsoleted by detail in <div>
function showOutput(id, name) {
    var w = window.open("", //url
                    name,
                    "resizable,scrollbars,status,width=800,height=450");
    d = w.document;
    d.write("<pre>");
    d.write(html_escape(output_list[id]));
    d.write("\n");
    d.write("<a href='javascript:window.close()'>close</a>\n");
    d.write("</pre>\n");
    d.close();
}
*/
--></script>

<div class='heading'>
<h1>Unit Test Report</h1>

<p class='attribute'><strong>Status:</strong> Failure 8</p>

<p class='description'></p>
</div>



<p id='show_detail_line'>Show
<a href='javascript:showCase(0)'>Summary</a>
<a href='javascript:showCase(1)'>Failed</a>
<a href='javascript:showCase(2)'>All</a>
</p>
<table id='result_table'>
<colgroup>
<col align='left' />
<col align='right' />
<col align='right' />
<col align='right' />
<col align='right' />
<col align='right' />
<col align='right' />
<col align='right' />
</colgroup>
<tr id='header_row'>
    <td>Test Group/Test case</td>
    <td>Count</td>
    <td>Pass</td>
    <td>Fail</td>
    <td>Error</td>
    <td>Skip</td>
    <td>View</td>
    <td> </td>
</tr>

<tr class='failClass'>
    <td class="testname">tempest.scenario.test_network_v6.TestGettingAddress</td>
    <td class="small">8</td>
    <td class="small">0</td>
    <td class="small">8</td>
    <td class="small">0</td>
    <td class="small">0</td>
    <td class="small"><a href="javascript:showClassDetail('c1',8)"
>Detail</a></td>
    <td> </td>
</tr>

<tr id='ft1.1' class='none'>
    <td class='failCase'><div class='testcase'>test_dhcp6_stateless_from_os[compute,id-d7e1f858-187c-45a6-89c9-bdafde619a9f,network]</div></td>
    <td colspan='7' align='left'>

    <!--css div popup start-->
    <a class="popup_link" onfocus='this.blur();'
    href="javascript:showTestDetail('div_ft1.1')" >
        fail</a>

    <div id='div_ft1.1' class="popup_window">
        <div style='text-align: right; color:red;cursor:pointer'>
        <a onfocus='this.blur();'
onclick="document.getElementById('div_ft1.1').style.display = 'none' " >
           [x]</a>
        </div>
        <pre>
        
ft1.1: tempest.scenario.test_network_v6.TestGettingAddress.test_dhcp6_stateless_from_os[compute,id-d7e1f858-187c-45a6-89c9-bdafde619a9f,network]_StringException: Empty attachments:
  stderr
  stdout

pythonlogging:'': {{{
2015-12-19 11:57:22,933 20259 INFO     [tempest_lib.common.rest_client] Request (TestGettingAddress:setUp): 200 POST http://10.0.2.15:8774/v2.1/55b183c2b2d74b96bd3729c754b74843/os-keypairs 0.372s
2015-12-19 11:57:22,933 20259 DEBUG    [tempest_lib.common.rest_client] Request - Headers: {'Content-Type': 'application/json', 'Accept': 'application/json', 'X-Auth-Token': '&lt;omitted&gt;'}
        Body: {"keypair": {"name": "tempest-TestGettingAddress-1752622711"}}
    Response - Headers: {'status': '200', 'content-length': '2320', 'x-compute-request-id': 'req-c0664a92-91e1-4b71-8a5a-8b3ea4b82bbf', 'vary': 'X-OpenStack-Nova-API-Version', 'connection': 'close', 'x-openstack-nova-api-version': '2.1', 'date': 'Sat, 19 Dec 2015 11:57:22 GMT', 'content-type': 'application/json'}
        Body: {"keypair": {"public_key": "ssh-rsa AAAAB3NzaC1yc2EAAAADAQABAAABAQDIy4T/md+40BxGW4otIRqO2pXUoTYyXiYlejgJ0UYnspI/GogcvfDLNiO6vSRK7YMYG/2J4KLGoHp3rm8Ns+oMvhtdG+xGNWDDranVlhI7Lura3Ryv8LEuDzeYZdjtmlg5abKDaEvxkdFvlfQJdcfWPqQXIWVpvbBbrV3ExEbfxxPZjzKirMQaVKLABaS8uVvgmoL1OoYd0jjCm5t305x7vSWG2L5xL4U4os1D2/tP0i0cg06ZBwUcQQtYJlMk15gWsJZdkrk8jsLOjgZRDQnZmrbfz2GvveL4s+hGaCMvwSQU4+XRds9sA1NTZaaR9MAWbuDROYdfmXi4TV8aKsQF Generated-by-Nova", "private_key": "-----BEGIN RSA PRIVATE KEY-----\nMIIEqAIBAAKCAQEAyMuE/5nfuNAcRluKLSEajtqV1KE2Ml4mJXo4CdFGJ7KSPxqI\nHL3wyzYjur0kSu2DGBv9ieCixqB6d65vDbPqDL4bXRvsRjVgw62p1ZYSOy7q2t0c\nr/CxLg83mGXY7ZpYOWmyg2hL8ZHRb5X0CXXH1j6kFyFlab2wW61dxMRG38cT2Y8y\noqzEGlSiwAWkvLlb4JqC9TqGHdI4wpubd9Oce70lhti+cS+FOKLNQ9v7T9ItHINO\nmQcFHEELWCZTJNeYFrCWXZK5PI7Czo4GUQ0J2Zq2389hr73i+LPoRmgjL8EkFOPl\n0XbPbANTU2WmkfTAFm7g0TmHX5l4uE1fGirEBQIDAQABAoIBAF+1UnGa4J5w4+lN\nXLFiJAyPd/df2Dtt0PTwKqHTVIM7hKX7eYFpr8rMxX8PBKuKRoBJZzI/Fpdiir1d\nMaXwadElFFnvI1Hbw4HB1z/tRkdbd6pW1oOuUGXJ7w//C8VFWmQTU3l7TyeX/6IW\ncbnIoDYoqYI08ufR+KvaGOXfQIEMxPA4mgAdVtENASXtxp/LN/kfQxFCDTR+/K07\nDlHo3EhYQFOv2y4ZBuGdx58qmvmCuZoNaU3Iblj2htrU6SX6qasSGiQvce0+h4Gk\nUY0Gw01zQ4Teu4UlOTIFGIrM6WLbajJF80YonRa10qh2hmPzLWzg8j3a9rnRGIoC\n9Qaeh4ECggCBAOKadVhz3weXM3N2EDVAKT6eMrGcpcXhugRHPBp/RLHWhVP/qYQA\n9e3afmq4dTzaOuTwosA+ne+LpzLuLill0SxVPSjXxyf6Uk4eLQKY4Aj7meAts1wX\nqPzXa8mdR1eeo1OLE8EcsTxFBOJEUiPVW7o9ndJsdUzPIXnSaM8r+lk1AoIAgQDi\n1/XsRZdxr/VjYtCzR8VmqzHolUxE7RNLcWTAm0V8iroZcv16BEbcAUkjYo4L99Sn\nikbm/5xFImsRp3OIcSgGHyPC1O5QXSljQ8MNLpfVJwzYRKL58QrEVuRY8gUtDufI\nl3LWT3sN558e8PDvwtRgkRbznye+8T0No+SrIBnpkQKCAIArtF6tkKuTazYhLsQx\ngQ5zZU+hsfTHFaIq8RJGigVVx2ovqT+olgbYuStoqerysaRqQ38gVPNhIC4/RHDi\nyyBszIPfPL7MlxsItgk4VwPet6gV9LqDKI0PNv0zBYKdA5u8oTZOKJqGZUlr2oF9\nJ8lpQjkOPJzjE5ABTvOoAXNngQKCAIEAlNbwpGORF+ZFUz3OBCQucMwZRitXzM3l\nYBX57qqysCHyM6qQiJPvzoEFdTNAUrf9DyUamozTA0WvDPlbRAZDJake9MJzz8Ug\n1+HpRGfy9cfWlLyMVwUCdIsy7u112feyu5ornlSuQBRfApVC8X5bjTUF4znlgVKW\nJbII4wOAHRECggCAOFM2V3Pe/8+CnQNGEuorva3RZnctQ684VZP7Wk+m0miPSFnN\nKiHHJV5820IM1kQdl1KqezSsPdmhop4L1soaZ41aLbOAa//h5rJ52vLy3LDc5WKI\n9yVaaR07c5+4Ctgr/He9BEo+V7NnZ0bGVe318r4cQdXp9ucxRhfUHPgxDMA=\n-----END RSA PRIVATE KEY-----\n", "user_id": "8bc647e88bb64cf2a741894fcf3994b0", "name": "tempest-TestGettingAddress-1752622711", "fingerprint": "d5:3d:63:1f:9e:af:c6:d9:12:50:c5:57:98:3d:04:6d"}}
2015-12-19 11:57:23,272 20259 INFO     [tempest_lib.common.rest_client] Request (TestGettingAddress:setUp): 201 POST http://10.0.2.15:9696/v2.0/security-groups 0.335s
2015-12-19 11:57:23,273 20259 DEBUG    [tempest_lib.common.rest_client] Request - Headers: {'Content-Type': 'application/json', 'Accept': 'application/json', 'X-Auth-Token': '&lt;omitted&gt;'}
        Body: {"security_group": {"tenant_id": "55b183c2b2d74b96bd3729c754b74843", "description": "tempest-secgroup-smoke-902559236 description", "name": "tempest-secgroup-smoke-902559236"}}
    Response - Headers: {'status': '201', 'content-length': '886', 'connection': 'close', 'date': 'Sat, 19 Dec 2015 11:57:23 GMT', 'content-type': 'application/json; charset=UTF-8', 'x-openstack-request-id': 'req-59fdae0e-16af-45b5-b8b2-9bcf73e235fe'}
        Body: {"security_group": {"tenant_id": "55b183c2b2d74b96bd3729c754b74843", "description": "tempest-secgroup-smoke-902559236 description", "id": "ec8e82a6-930f-4d33-9ca0-2b3fa2f0eb1c", "security_group_rules": [{"remote_group_id": null, "direction": "egress", "remote_ip_prefix": null, "protocol": null, "ethertype": "IPv4", "tenant_id": "55b183c2b2d74b96bd3729c754b74843", "port_range_max": null, "port_range_min": null, "id": "732eca4d-188a-4ac7-9ce2-8d652efeeb72", "security_group_id": "ec8e82a6-930f-4d33-9ca0-2b3fa2f0eb1c"}, {"remote_group_id": null, "direction": "egress", "remote_ip_prefix": null, "protocol": null, "ethertype": "IPv6", "tenant_id": "55b183c2b2d74b96bd3729c754b74843", "port_range_max": null, "port_range_min": null, "id": "7fd8f77e-03f3-4460-b32f-3d333f03c962", "security_group_id": "ec8e82a6-930f-4d33-9ca0-2b3fa2f0eb1c"}], "name": "tempest-secgroup-smoke-902559236"}}
2015-12-19 11:57:23,385 20259 INFO     [tempest_lib.common.rest_client] Request (TestGettingAddress:setUp): 201 POST http://10.0.2.15:9696/v2.0/security-group-rules 0.111s
2015-12-19 11:57:23,386 20259 DEBUG    [tempest_lib.common.rest_client] Request - Headers: {'Content-Type': 'application/json', 'Accept': 'application/json', 'X-Auth-Token': '&lt;omitted&gt;'}
        Body: {"security_group_rule": {"direction": "ingress", "protocol": "tcp", "tenant_id": "55b183c2b2d74b96bd3729c754b74843", "port_range_max": 22, "security_group_id": "ec8e82a6-930f-4d33-9ca0-2b3fa2f0eb1c", "port_range_min": 22}}
    Response - Headers: {'status': '201', 'content-length': '340', 'connection': 'close', 'date': 'Sat, 19 Dec 2015 11:57:23 GMT', 'content-type': 'application/json; charset=UTF-8', 'x-openstack-request-id': 'req-0a0d2f10-13cf-4dac-8212-b9a3ec4cf8f1'}
        Body: {"security_group_rule": {"remote_group_id": null, "direction": "ingress", "remote_ip_prefix": null, "protocol": "tcp", "ethertype": "IPv4", "tenant_id": "55b183c2b2d74b96bd3729c754b74843", "port_range_max": 22, "port_range_min": 22, "id": "0ec0eebf-8dd5-4569-80d6-b3fb06112055", "security_group_id": "ec8e82a6-930f-4d33-9ca0-2b3fa2f0eb1c"}}
2015-12-19 11:57:23,500 20259 INFO     [tempest_lib.common.rest_client] Request (TestGettingAddress:setUp): 201 POST http://10.0.2.15:9696/v2.0/security-group-rules 0.112s
2015-12-19 11:57:23,500 20259 DEBUG    [tempest_lib.common.rest_client] Request - Headers: {'Content-Type': 'application/json', 'Accept': 'application/json', 'X-Auth-Token': '&lt;omitted&gt;'}
        Body: {"security_group_rule": {"direction": "egress", "protocol": "tcp", "tenant_id": "55b183c2b2d74b96bd3729c754b74843", "port_range_max": 22, "security_group_id": "ec8e82a6-930f-4d33-9ca0-2b3fa2f0eb1c", "port_range_min": 22}}
    Response - Headers: {'status': '201', 'content-length': '339', 'connection': 'close', 'date': 'Sat, 19 Dec 2015 11:57:23 GMT', 'content-type': 'application/json; charset=UTF-8', 'x-openstack-request-id': 'req-d6873f62-ee3f-48e3-b3aa-fc031d845020'}
        Body: {"security_group_rule": {"remote_group_id": null, "direction": "egress", "remote_ip_prefix": null, "protocol": "tcp", "ethertype": "IPv4", "tenant_id": "55b183c2b2d74b96bd3729c754b74843", "port_range_max": 22, "port_range_min": 22, "id": "6c548f91-8374-41e2-9ded-1c6a37d669f9", "security_group_id": "ec8e82a6-930f-4d33-9ca0-2b3fa2f0eb1c"}}
2015-12-19 11:57:23,749 20259 INFO     [tempest_lib.common.rest_client] Request (TestGettingAddress:setUp): 201 POST http://10.0.2.15:9696/v2.0/security-group-rules 0.248s
2015-12-19 11:57:23,750 20259 DEBUG    [tempest_lib.common.rest_client] Request - Headers: {'Content-Type': 'application/json', 'Accept': 'application/json', 'X-Auth-Token': '&lt;omitted&gt;'}
        Body: {"security_group_rule": {"tenant_id": "55b183c2b2d74b96bd3729c754b74843", "direction": "ingress", "protocol": "icmp", "security_group_id": "ec8e82a6-930f-4d33-9ca0-2b3fa2f0eb1c"}}
    Response - Headers: {'status': '201', 'content-length': '345', 'connection': 'close', 'date': 'Sat, 19 Dec 2015 11:57:23 GMT', 'content-type': 'application/json; charset=UTF-8', 'x-openstack-request-id': 'req-d027bb93-ab53-4cf8-a3fa-bdea4a70bd13'}
        Body: {"security_group_rule": {"remote_group_id": null, "direction": "ingress", "remote_ip_prefix": null, "protocol": "icmp", "ethertype": "IPv4", "tenant_id": "55b183c2b2d74b96bd3729c754b74843", "port_range_max": null, "port_range_min": null, "id": "93cb3d61-1b0f-4f46-a5ef-50e5db88b8f8", "security_group_id": "ec8e82a6-930f-4d33-9ca0-2b3fa2f0eb1c"}}
2015-12-19 11:57:23,879 20259 INFO     [tempest_lib.common.rest_client] Request (TestGettingAddress:setUp): 201 POST http://10.0.2.15:9696/v2.0/security-group-rules 0.128s
2015-12-19 11:57:23,880 20259 DEBUG    [tempest_lib.common.rest_client] Request - Headers: {'Content-Type': 'application/json', 'Accept': 'application/json', 'X-Auth-Token': '&lt;omitted&gt;'}
        Body: {"security_group_rule": {"tenant_id": "55b183c2b2d74b96bd3729c754b74843", "direction": "egress", "protocol": "icmp", "security_group_id": "ec8e82a6-930f-4d33-9ca0-2b3fa2f0eb1c"}}
    Response - Headers: {'status': '201', 'content-length': '344', 'connection': 'close', 'date': 'Sat, 19 Dec 2015 11:57:23 GMT', 'content-type': 'application/json; charset=UTF-8', 'x-openstack-request-id': 'req-940b320f-d070-4db1-adaa-84601e336219'}
        Body: {"security_group_rule": {"remote_group_id": null, "direction": "egress", "remote_ip_prefix": null, "protocol": "icmp", "ethertype": "IPv4", "tenant_id": "55b183c2b2d74b96bd3729c754b74843", "port_range_max": null, "port_range_min": null, "id": "1590b49f-2737-42b1-85eb-01a3d641080c", "security_group_id": "ec8e82a6-930f-4d33-9ca0-2b3fa2f0eb1c"}}
2015-12-19 11:57:23,999 20259 INFO     [tempest_lib.common.rest_client] Request (TestGettingAddress:setUp): 201 POST http://10.0.2.15:9696/v2.0/security-group-rules 0.117s
2015-12-19 11:57:23,999 20259 DEBUG    [tempest_lib.common.rest_client] Request - Headers: {'Content-Type': 'application/json', 'Accept': 'application/json', 'X-Auth-Token': '&lt;omitted&gt;'}
        Body: {"security_group_rule": {"tenant_id": "55b183c2b2d74b96bd3729c754b74843", "direction": "ingress", "security_group_id": "ec8e82a6-930f-4d33-9ca0-2b3fa2f0eb1c", "protocol": "icmp", "ethertype": "IPv6"}}
    Response - Headers: {'status': '201', 'content-length': '345', 'connection': 'close', 'date': 'Sat, 19 Dec 2015 11:57:23 GMT', 'content-type': 'application/json; charset=UTF-8', 'x-openstack-request-id': 'req-133c3074-62ef-45a3-b5d4-ecc1c47d699b'}
        Body: {"security_group_rule": {"remote_group_id": null, "direction": "ingress", "remote_ip_prefix": null, "protocol": "icmp", "ethertype": "IPv6", "tenant_id": "55b183c2b2d74b96bd3729c754b74843", "port_range_max": null, "port_range_min": null, "id": "1c67cb57-e6e6-45e2-9d11-125a1f5f2015", "security_group_id": "ec8e82a6-930f-4d33-9ca0-2b3fa2f0eb1c"}}
2015-12-19 11:57:24,130 20259 INFO     [tempest_lib.common.rest_client] Request (TestGettingAddress:setUp): 201 POST http://10.0.2.15:9696/v2.0/security-group-rules 0.129s
2015-12-19 11:57:24,131 20259 DEBUG    [tempest_lib.common.rest_client] Request - Headers: {'Content-Type': 'application/json', 'Accept': 'application/json', 'X-Auth-Token': '&lt;omitted&gt;'}
        Body: {"security_group_rule": {"tenant_id": "55b183c2b2d74b96bd3729c754b74843", "direction": "egress", "security_group_id": "ec8e82a6-930f-4d33-9ca0-2b3fa2f0eb1c", "protocol": "icmp", "ethertype": "IPv6"}}
    Response - Headers: {'status': '201', 'content-length': '344', 'connection': 'close', 'date': 'Sat, 19 Dec 2015 11:57:24 GMT', 'content-type': 'application/json; charset=UTF-8', 'x-openstack-request-id': 'req-abcf6187-1d75-46b3-8b87-29c930abb30f'}
        Body: {"security_group_rule": {"remote_group_id": null, "direction": "egress", "remote_ip_prefix": null, "protocol": "icmp", "ethertype": "IPv6", "tenant_id": "55b183c2b2d74b96bd3729c754b74843", "port_range_max": null, "port_range_min": null, "id": "b48ec810-41c3-43da-a02d-beb233ca6666", "security_group_id": "ec8e82a6-930f-4d33-9ca0-2b3fa2f0eb1c"}}
2015-12-19 11:57:24,264 20259 INFO     [tempest_lib.common.rest_client] Request (TestGettingAddress:test_dhcp6_stateless_from_os): 201 POST http://10.0.2.15:9696/v2.0/networks 0.132s
2015-12-19 11:57:24,264 20259 DEBUG    [tempest_lib.common.rest_client] Request - Headers: {'Content-Type': 'application/json', 'Accept': 'application/json', 'X-Auth-Token': '&lt;omitted&gt;'}
        Body: {"network": {"tenant_id": "55b183c2b2d74b96bd3729c754b74843", "name": "tempest-network-smoke--211834580"}}
    Response - Headers: {'status': '201', 'content-length': '295', 'connection': 'close', 'date': 'Sat, 19 Dec 2015 11:57:24 GMT', 'content-type': 'application/json; charset=UTF-8', 'x-openstack-request-id': 'req-c8240d20-1395-4399-844e-65ae391bb762'}
        Body: {"network": {"status": "ACTIVE", "subnets": [], "name": "tempest-network-smoke--211834580", "admin_state_up": true, "tenant_id": "55b183c2b2d74b96bd3729c754b74843", "mtu": 0, "router:external": false, "shared": false, "port_security_enabled": true, "id": "02245665-139e-4a8b-8689-b2274a225d56"}}
2015-12-19 11:57:24,433 20259 INFO     [tempest_lib.common.rest_client] Request (TestGettingAddress:test_dhcp6_stateless_from_os): 200 GET http://10.0.2.15:9696/v2.0/subnets?tenant_id=55b183c2b2d74b96bd3729c754b74843&amp;cidr=10.100.0.0%2F28 0.168s
2015-12-19 11:57:24,434 20259 DEBUG    [tempest_lib.common.rest_client] Request - Headers: {'Content-Type': 'application/json', 'Accept': 'application/json', 'X-Auth-Token': '&lt;omitted&gt;'}
        Body: None
    Response - Headers: {'status': '200', 'content-length': '15', 'content-location': 'http://10.0.2.15:9696/v2.0/subnets?tenant_id=55b183c2b2d74b96bd3729c754b74843&amp;cidr=10.100.0.0%2F28', 'connection': 'close', 'date': 'Sat, 19 Dec 2015 11:57:24 GMT', 'content-type': 'application/json; charset=UTF-8', 'x-openstack-request-id': 'req-7ea9d158-e01a-4d11-9fe0-f7afdec718d7'}
        Body: {"subnets": []}
2015-12-19 11:57:24,746 20259 INFO     [tempest_lib.common.rest_client] Request (TestGettingAddress:test_dhcp6_stateless_from_os): 201 POST http://10.0.2.15:9696/v2.0/subnets 0.311s
2015-12-19 11:57:24,747 20259 DEBUG    [tempest_lib.common.rest_client] Request - Headers: {'Content-Type': 'application/json', 'Accept': 'application/json', 'X-Auth-Token': '&lt;omitted&gt;'}
        Body: {"subnet": {"ip_version": 4, "tenant_id": "55b183c2b2d74b96bd3729c754b74843", "cidr": "10.100.0.0/28", "network_id": "02245665-139e-4a8b-8689-b2274a225d56", "name": "tempest-sub4-1954844038"}}
    Response - Headers: {'status': '201', 'content-length': '470', 'connection': 'close', 'date': 'Sat, 19 Dec 2015 11:57:24 GMT', 'content-type': 'application/json; charset=UTF-8', 'x-openstack-request-id': 'req-8f007883-8ff1-4686-9aa5-705411f0c12e'}
        Body: {"subnet": {"name": "tempest-sub4-1954844038", "enable_dhcp": true, "network_id": "02245665-139e-4a8b-8689-b2274a225d56", "tenant_id": "55b183c2b2d74b96bd3729c754b74843", "dns_nameservers": [], "gateway_ip": "10.100.0.1", "ipv6_ra_mode": null, "allocation_pools": [{"start": "10.100.0.2", "end": "10.100.0.14"}], "host_routes": [], "ip_version": 4, "ipv6_address_mode": null, "cidr": "10.100.0.0/28", "id": "4758fb5c-32f2-41b1-941c-53e26e19e97e", "subnetpool_id": null}}
2015-12-19 11:57:24,810 20259 INFO     [tempest_lib.common.rest_client] Request (TestGettingAddress:test_dhcp6_stateless_from_os): 201 POST http://10.0.2.15:9696/v2.0/routers 0.061s
2015-12-19 11:57:24,810 20259 DEBUG    [tempest_lib.common.rest_client] Request - Headers: {'Content-Type': 'application/json', 'Accept': 'application/json', 'X-Auth-Token': '&lt;omitted&gt;'}
        Body: {"router": {"tenant_id": "55b183c2b2d74b96bd3729c754b74843", "name": "tempest-router-smoke-1647400943", "admin_state_up": true}}
    Response - Headers: {'status': '201', 'content-length': '239', 'connection': 'close', 'date': 'Sat, 19 Dec 2015 11:57:24 GMT', 'content-type': 'application/json; charset=UTF-8', 'x-openstack-request-id': 'req-77421315-fc10-46f6-9ecc-82ebf4a43c4a'}
        Body: {"router": {"status": "ACTIVE", "external_gateway_info": null, "name": "tempest-router-smoke-1647400943", "admin_state_up": true, "tenant_id": "55b183c2b2d74b96bd3729c754b74843", "routes": [], "id": "3e6ea5ba-a44e-4061-b2e2-b5cc43fcdb82"}}
2015-12-19 11:57:24,856 20259 INFO     [tempest_lib.common.rest_client] Request (TestGettingAddress:test_dhcp6_stateless_from_os): 200 GET http://10.0.2.15:9696/v2.0/routers/3e6ea5ba-a44e-4061-b2e2-b5cc43fcdb82 0.046s
2015-12-19 11:57:24,857 20259 DEBUG    [tempest_lib.common.rest_client] Request - Headers: {'Content-Type': 'application/json', 'Accept': 'application/json', 'X-Auth-Token': '&lt;omitted&gt;'}
        Body: None
    Response - Headers: {'status': '200', 'content-length': '239', 'content-location': 'http://10.0.2.15:9696/v2.0/routers/3e6ea5ba-a44e-4061-b2e2-b5cc43fcdb82', 'connection': 'close', 'date': 'Sat, 19 Dec 2015 11:57:24 GMT', 'content-type': 'application/json; charset=UTF-8', 'x-openstack-request-id': 'req-77b46b5a-6670-422a-abf8-88f880abf480'}
        Body: {"router": {"status": "ACTIVE", "external_gateway_info": null, "name": "tempest-router-smoke-1647400943", "admin_state_up": true, "tenant_id": "55b183c2b2d74b96bd3729c754b74843", "routes": [], "id": "3e6ea5ba-a44e-4061-b2e2-b5cc43fcdb82"}}
2015-12-19 11:57:25,481 20259 INFO     [tempest_lib.common.rest_client] Request (TestGettingAddress:test_dhcp6_stateless_from_os): 200 PUT http://10.0.2.15:9696/v2.0/routers/3e6ea5ba-a44e-4061-b2e2-b5cc43fcdb82 0.623s
2015-12-19 11:57:25,481 20259 DEBUG    [tempest_lib.common.rest_client] Request - Headers: {'Content-Type': 'application/json', 'Accept': 'application/json', 'X-Auth-Token': '&lt;omitted&gt;'}
        Body: {"router": {"external_gateway_info": {"network_id": "4cee4dcd-95d3-4ecb-893e-8da1c4195c74"}, "name": "tempest-router-smoke-1647400943", "admin_state_up": true}}
    Response - Headers: {'status': '200', 'content-length': '501', 'connection': 'close', 'date': 'Sat, 19 Dec 2015 11:57:25 GMT', 'content-type': 'application/json; charset=UTF-8', 'x-openstack-request-id': 'req-9c45dd66-e71a-4452-ad8e-738ada59d07e'}
        Body: {"router": {"status": "ACTIVE", "external_gateway_info": {"network_id": "4cee4dcd-95d3-4ecb-893e-8da1c4195c74", "enable_snat": true, "external_fixed_ips": [{"subnet_id": "0be84c11-7825-4a4e-a3e7-ba653ab5a50c", "ip_address": "172.24.4.3"}, {"subnet_id": "24c60f8e-4162-4a07-81b2-0db3cbc848b7", "ip_address": "2001:db8::3"}]}, "name": "tempest-router-smoke-1647400943", "admin_state_up": true, "tenant_id": "55b183c2b2d74b96bd3729c754b74843", "routes": [], "id": "3e6ea5ba-a44e-4061-b2e2-b5cc43fcdb82"}}
2015-12-19 11:57:25,893 20259 INFO     [tempest_lib.common.rest_client] Request (TestGettingAddress:test_dhcp6_stateless_from_os): 200 PUT http://10.0.2.15:9696/v2.0/routers/3e6ea5ba-a44e-4061-b2e2-b5cc43fcdb82/add_router_interface 0.411s
2015-12-19 11:57:25,894 20259 DEBUG    [tempest_lib.common.rest_client] Request - Headers: {'Content-Type': 'application/json', 'Accept': 'application/json', 'X-Auth-Token': '&lt;omitted&gt;'}
        Body: {"subnet_id": "4758fb5c-32f2-41b1-941c-53e26e19e97e"}
    Response - Headers: {'status': '200', 'content-length': '255', 'connection': 'close', 'date': 'Sat, 19 Dec 2015 11:57:25 GMT', 'content-type': 'application/json; charset=UTF-8', 'x-openstack-request-id': 'req-921abcff-5b39-40da-986c-d9e8e71d6fa3'}
        Body: {"subnet_id": "4758fb5c-32f2-41b1-941c-53e26e19e97e", "tenant_id": "55b183c2b2d74b96bd3729c754b74843", "subnet_ids": ["4758fb5c-32f2-41b1-941c-53e26e19e97e"], "port_id": "d27f2b6f-1aa1-4f3b-9ffb-c3fde0cf4418", "id": "3e6ea5ba-a44e-4061-b2e2-b5cc43fcdb82"}
2015-12-19 11:57:26,039 20259 INFO     [tempest_lib.common.rest_client] Request (TestGettingAddress:test_dhcp6_stateless_from_os): 200 GET http://10.0.2.15:9696/v2.0/subnets?tenant_id=55b183c2b2d74b96bd3729c754b74843&amp;cidr=2003%3A%3A%2F64 0.143s
2015-12-19 11:57:26,039 20259 DEBUG    [tempest_lib.common.rest_client] Request - Headers: {'Content-Type': 'application/json', 'Accept': 'application/json', 'X-Auth-Token': '&lt;omitted&gt;'}
        Body: None
    Response - Headers: {'status': '200', 'content-length': '15', 'content-location': 'http://10.0.2.15:9696/v2.0/subnets?tenant_id=55b183c2b2d74b96bd3729c754b74843&amp;cidr=2003%3A%3A%2F64', 'connection': 'close', 'date': 'Sat, 19 Dec 2015 11:57:26 GMT', 'content-type': 'application/json; charset=UTF-8', 'x-openstack-request-id': 'req-5c3671d1-1319-4ec8-a039-7742d7d6d3a9'}
        Body: {"subnets": []}
2015-12-19 11:57:26,337 20259 INFO     [tempest_lib.common.rest_client] Request (TestGettingAddress:test_dhcp6_stateless_from_os): 201 POST http://10.0.2.15:9696/v2.0/subnets 0.297s
2015-12-19 11:57:26,337 20259 DEBUG    [tempest_lib.common.rest_client] Request - Headers: {'Content-Type': 'application/json', 'Accept': 'application/json', 'X-Auth-Token': '&lt;omitted&gt;'}
        Body: {"subnet": {"name": "tempest-sub6-1795114367", "network_id": "02245665-139e-4a8b-8689-b2274a225d56", "tenant_id": "55b183c2b2d74b96bd3729c754b74843", "ipv6_ra_mode": "dhcpv6-stateless", "ip_version": 6, "ipv6_address_mode": "dhcpv6-stateless", "cidr": "2003::/64"}}
    Response - Headers: {'status': '201', 'content-length': '502', 'connection': 'close', 'date': 'Sat, 19 Dec 2015 11:57:26 GMT', 'content-type': 'application/json; charset=UTF-8', 'x-openstack-request-id': 'req-d6e8917c-63e7-4927-b10e-b0262d425c05'}
        Body: {"subnet": {"name": "tempest-sub6-1795114367", "enable_dhcp": true, "network_id": "02245665-139e-4a8b-8689-b2274a225d56", "tenant_id": "55b183c2b2d74b96bd3729c754b74843", "dns_nameservers": [], "gateway_ip": "2003::1", "ipv6_ra_mode": "dhcpv6-stateless", "allocation_pools": [{"start": "2003::2", "end": "2003::ffff:ffff:ffff:ffff"}], "host_routes": [], "ip_version": 6, "ipv6_address_mode": "dhcpv6-stateless", "cidr": "2003::/64", "id": "f578a4da-7c65-497e-8fc9-46cf537519d7", "subnetpool_id": null}}
2015-12-19 11:57:26,805 20259 INFO     [tempest_lib.common.rest_client] Request (TestGettingAddress:test_dhcp6_stateless_from_os): 200 PUT http://10.0.2.15:9696/v2.0/routers/3e6ea5ba-a44e-4061-b2e2-b5cc43fcdb82/add_router_interface 0.467s
2015-12-19 11:57:26,806 20259 DEBUG    [tempest_lib.common.rest_client] Request - Headers: {'Content-Type': 'application/json', 'Accept': 'application/json', 'X-Auth-Token': '&lt;omitted&gt;'}
        Body: {"subnet_id": "f578a4da-7c65-497e-8fc9-46cf537519d7"}
    Response - Headers: {'status': '200', 'content-length': '255', 'connection': 'close', 'date': 'Sat, 19 Dec 2015 11:57:26 GMT', 'content-type': 'application/json; charset=UTF-8', 'x-openstack-request-id': 'req-b4184d49-649c-4409-a197-7bbefc516ecc'}
        Body: {"subnet_id": "f578a4da-7c65-497e-8fc9-46cf537519d7", "tenant_id": "55b183c2b2d74b96bd3729c754b74843", "subnet_ids": ["f578a4da-7c65-497e-8fc9-46cf537519d7"], "port_id": "d0f41a65-9841-49c9-bd43-ff9af7dfa660", "id": "3e6ea5ba-a44e-4061-b2e2-b5cc43fcdb82"}
2015-12-19 11:57:26,893 20259 INFO     [tempest_lib.common.rest_client] Request (TestGettingAddress:test_dhcp6_stateless_from_os): 200 POST http://10.0.2.15:5000/v2.0/tokens
2015-12-19 11:57:26,893 20259 DEBUG    [tempest_lib.common.rest_client] Request - Headers: {'Content-Type': 'application/json', 'Accept': 'application/json'}
        Body: &lt;omitted&gt;
    Response - Headers: {'status': '200', 'content-length': '2524', 'vary': 'X-Auth-Token', 'server': 'Apache/2.4.7 (Ubuntu)', 'connection': 'close', 'date': 'Sat, 19 Dec 2015 11:57:26 GMT', 'content-type': 'application/json', 'x-openstack-request-id': 'req-07a31975-2b5a-4d6c-9996-d476c73cece2'}
        Body: {"access": {"token": {"issued_at": "2015-12-19T11:57:26.883239", "expires": "2015-12-19T12:57:26Z", "id": "7f572421815848858f7444666d47b40e", "tenant": {"description": "tempest-TestGettingAddress-1034747923-desc", "enabled": true, "id": "55b183c2b2d74b96bd3729c754b74843", "name": "tempest-TestGettingAddress-1034747923"}, "audit_ids": ["u5UPEfBbTK2I__I59g3i-A"]}, "serviceCatalog": [{"endpoints": [{"adminURL": "http://10.0.2.15:8774/v2.1/55b183c2b2d74b96bd3729c754b74843", "region": "RegionOne", "internalURL": "http://10.0.2.15:8774/v2.1/55b183c2b2d74b96bd3729c754b74843", "id": "1c64c81b21db42ac9b42f61183e7239b", "publicURL": "http://10.0.2.15:8774/v2.1/55b183c2b2d74b96bd3729c754b74843"}], "endpoints_links": [], "type": "compute", "name": "nova"}, {"endpoints": [{"adminURL": "http://10.0.2.15:9696/", "region": "RegionOne", "internalURL": "http://10.0.2.15:9696/", "id": "74f19313eda84b0eb9652b322c266639", "publicURL": "http://10.0.2.15:9696/"}], "endpoints_links": [], "type": "network", "name": "neutron"}, {"endpoints": [{"adminURL": "http://10.0.2.15:9292", "region": "RegionOne", "internalURL": "http://10.0.2.15:9292", "id": "2ee3955c5b3b420a91a1ba36cd674d3a", "publicURL": "http://10.0.2.15:9292"}], "endpoints_links": [], "type": "image", "name": "glance"}, {"endpoints": [{"adminURL": "http://10.0.2.15:8774/v2/55b183c2b2d74b96bd3729c754b74843", "region": "RegionOne", "internalURL": "http://10.0.2.15:8774/v2/55b183c2b2d74b96bd3729c754b74843", "id": "962d2214dcff4932a34e8b3d8da13712", "publicURL": "http://10.0.2.15:8774/v2/55b183c2b2d74b96bd3729c754b74843"}], "endpoints_links": [], "type": "compute_legacy", "name": "nova_legacy"}, {"endpoints": [{"adminURL": "http://10.0.2.15:8773/", "region": "RegionOne", "internalURL": "http://10.0.2.15:8773/", "id": "103bbd50dc724da29304bd4207fd9710", "publicURL": "http://10.0.2.15:8773/"}], "endpoints_links": [], "type": "ec2", "name": "ec2"}, {"endpoints": [{"adminURL": "http://10.0.2.15:35357/v2.0", "region": "RegionOne", "internalURL": "http://10.0.2.15:5000/v2.0", "id": "954a8c5dc42e480b8e516e4e361f8665", "publicURL": "http://10.0.2.15:5000/v2.0"}], "endpoints_links": [], "type": "identity", "name": "keystone"}], "user": {"username": "tempest-TestGettingAddress-453015805", "roles_links": [], "id": "8bc647e88bb64cf2a741894fcf3994b0", "roles": [{"name": "_member_"}, {"name": "Member"}], "name": "tempest-TestGettingAddress-453015805"}, "metadata": {"is_admin": 0, "roles": ["9fe2ff9ee4384b1894a90878d3e92bab", "fe988685685c4ffa916d8564ff85690d"]}}}
2015-12-19 11:57:26,897 20259 DEBUG    [tempest.common.fixed_network] (TestGettingAddress:test_dhcp6_stateless_from_os) No valid network provided or created, defaulting to fixed_network_name
2015-12-19 11:57:27,167 20259 INFO     [tempest_lib.common.rest_client] Request (TestGettingAddress:test_dhcp6_stateless_from_os): 200 GET http://10.0.2.15:8774/v2.1/55b183c2b2d74b96bd3729c754b74843/os-networks 0.270s
2015-12-19 11:57:27,168 20259 DEBUG    [tempest_lib.common.rest_client] Request - Headers: {'Content-Type': 'application/json', 'Accept': 'application/json', 'X-Auth-Token': '&lt;omitted&gt;'}
        Body: None
    Response - Headers: {'status': '200', 'content-length': '478', 'content-location': 'http://10.0.2.15:8774/v2.1/55b183c2b2d74b96bd3729c754b74843/os-networks', 'x-compute-request-id': 'req-44594e29-8cca-4df4-8470-8d8dfa436cb4', 'vary': 'X-OpenStack-Nova-API-Version', 'connection': 'close', 'x-openstack-nova-api-version': '2.1', 'date': 'Sat, 19 Dec 2015 11:57:27 GMT', 'content-type': 'application/json'}
        Body: {"networks": [{"cidr_v6": null, "dns2": null, "dns1": null, "gateway": null, "broadcast": null, "netmask": null, "gateway_v6": null, "cidr": null, "label": "public", "id": "4cee4dcd-95d3-4ecb-893e-8da1c4195c74", "netmask_v6": null}, {"cidr_v6": null, "dns2": null, "dns1": null, "gateway": null, "broadcast": null, "netmask": null, "gateway_v6": null, "cidr": null, "label": "tempest-network-smoke--211834580", "id": "02245665-139e-4a8b-8689-b2274a225d56", "netmask_v6": null}]}
2015-12-19 11:57:27,168 20259 WARNING  [tempest.common.fixed_network] (TestGettingAddress:test_dhcp6_stateless_from_os) Network with name: private not found
2015-12-19 11:57:27,168 20259 INFO     [tempest.common.fixed_network] (TestGettingAddress:test_dhcp6_stateless_from_os) Found network {} available for tenant
2015-12-19 11:57:28,751 20259 INFO     [tempest_lib.common.rest_client] Request (TestGettingAddress:test_dhcp6_stateless_from_os): 202 POST http://10.0.2.15:8774/v2.1/55b183c2b2d74b96bd3729c754b74843/servers 1.582s
2015-12-19 11:57:28,751 20259 DEBUG    [tempest_lib.common.rest_client] Request - Headers: {'Content-Type': 'application/json', 'Accept': 'application/json', 'X-Auth-Token': '&lt;omitted&gt;'}
        Body: {"server": {"name": "tempest.common.compute-instance-1674196196", "imageRef": "15b50b14-857c-4124-8e69-bce799a1230d", "key_name": "tempest-TestGettingAddress-1752622711", "flavorRef": "42", "networks": [{"uuid": "02245665-139e-4a8b-8689-b2274a225d56"}], "security_groups": [{"name": "tempest-secgroup-smoke-902559236"}]}}
    Response - Headers: {'status': '202', 'content-length': '461', 'x-compute-request-id': 'req-83503c0c-2ff1-42c4-94b4-570efa76bb3b', 'vary': 'X-OpenStack-Nova-API-Version', 'connection': 'close', 'location': 'http://10.0.2.15:8774/v2.1/55b183c2b2d74b96bd3729c754b74843/servers/af530161-101d-4704-8467-2d5f5ec104a2', 'x-openstack-nova-api-version': '2.1', 'date': 'Sat, 19 Dec 2015 11:57:28 GMT', 'content-type': 'application/json'}
        Body: {"server": {"security_groups": [{"name": "tempest-secgroup-smoke-902559236"}], "OS-DCF:diskConfig": "MANUAL", "id": "af530161-101d-4704-8467-2d5f5ec104a2", "links": [{"href": "http://10.0.2.15:8774/v2.1/55b183c2b2d74b96bd3729c754b74843/servers/af530161-101d-4704-8467-2d5f5ec104a2", "rel": "self"}, {"href": "http://10.0.2.15:8774/55b183c2b2d74b96bd3729c754b74843/servers/af530161-101d-4704-8467-2d5f5ec104a2", "rel": "bookmark"}], "adminPass": "i6jkvLo4wxBQ"}}
2015-12-19 11:57:28,885 20259 INFO     [tempest_lib.common.rest_client] Request (TestGettingAddress:test_dhcp6_stateless_from_os): 200 GET http://10.0.2.15:8774/v2.1/55b183c2b2d74b96bd3729c754b74843/servers/af530161-101d-4704-8467-2d5f5ec104a2 0.130s
2015-12-19 11:57:28,886 20259 DEBUG    [tempest_lib.common.rest_client] Request - Headers: {'Content-Type': 'application/json', 'Accept': 'application/json', 'X-Auth-Token': '&lt;omitted&gt;'}
        Body: None
    Response - Headers: {'status': '200', 'content-length': '1355', 'content-location': 'http://10.0.2.15:8774/v2.1/55b183c2b2d74b96bd3729c754b74843/servers/af530161-101d-4704-8467-2d5f5ec104a2', 'x-compute-request-id': 'req-b75db047-da47-4c93-bee0-2f06c96a1e6d', 'vary': 'X-OpenStack-Nova-API-Version', 'connection': 'close', 'x-openstack-nova-api-version': '2.1', 'date': 'Sat, 19 Dec 2015 11:57:28 GMT', 'content-type': 'application/json'}
        Body: {"server": {"status": "BUILD", "updated": "2015-12-19T11:57:28Z", "hostId": "", "addresses": {}, "links": [{"href": "http://10.0.2.15:8774/v2.1/55b183c2b2d74b96bd3729c754b74843/servers/af530161-101d-4704-8467-2d5f5ec104a2", "rel": "self"}, {"href": "http://10.0.2.15:8774/55b183c2b2d74b96bd3729c754b74843/servers/af530161-101d-4704-8467-2d5f5ec104a2", "rel": "bookmark"}], "key_name": "tempest-TestGettingAddress-1752622711", "image": {"id": "15b50b14-857c-4124-8e69-bce799a1230d", "links": [{"href": "http://10.0.2.15:8774/55b183c2b2d74b96bd3729c754b74843/images/15b50b14-857c-4124-8e69-bce799a1230d", "rel": "bookmark"}]}, "OS-EXT-STS:task_state": "scheduling", "OS-EXT-STS:vm_state": "building", "OS-SRV-USG:launched_at": null, "flavor": {"id": "42", "links": [{"href": "http://10.0.2.15:8774/55b183c2b2d74b96bd3729c754b74843/flavors/42", "rel": "bookmark"}]}, "id": "af530161-101d-4704-8467-2d5f5ec104a2", "OS-SRV-USG:terminated_at": null, "OS-EXT-AZ:availability_zone": "", "user_id": "8bc647e88bb64cf2a741894fcf3994b0", "name": "tempest.common.compute-instance-1674196196", "created": "2015-12-19T11:57:28Z", "tenant_id": "55b183c2b2d74b96bd3729c754b74843", "OS-DCF:diskConfig": "MANUAL", "os-extended-volumes:volumes_attached": [], "accessIPv4": "", "accessIPv6": "", "progress": 0, "OS-EXT-STS:power_state": 0, "config_drive": "", "metadata": {}}}
2015-12-19 11:57:30,233 20259 INFO     [tempest_lib.common.rest_client] Request (TestGettingAddress:test_dhcp6_stateless_from_os): 200 GET http://10.0.2.15:8774/v2.1/55b183c2b2d74b96bd3729c754b74843/servers/af530161-101d-4704-8467-2d5f5ec104a2 0.337s
2015-12-19 11:57:30,233 20259 DEBUG    [tempest_lib.common.rest_client] Request - Headers: {'Content-Type': 'application/json', 'Accept': 'application/json', 'X-Auth-Token': '&lt;omitted&gt;'}
        Body: None
    Response - Headers: {'status': '200', 'content-length': '1480', 'content-location': 'http://10.0.2.15:8774/v2.1/55b183c2b2d74b96bd3729c754b74843/servers/af530161-101d-4704-8467-2d5f5ec104a2', 'x-compute-request-id': 'req-8b316647-d206-4989-a3bf-f3319a04df63', 'vary': 'X-OpenStack-Nova-API-Version', 'connection': 'close', 'x-openstack-nova-api-version': '2.1', 'date': 'Sat, 19 Dec 2015 11:57:30 GMT', 'content-type': 'application/json'}
        Body: {"server": {"status": "BUILD", "updated": "2015-12-19T11:57:29Z", "hostId": "1da4b3cebd666e47da1a588942eb4d5d73450db53b99f63b36ec04bc", "addresses": {}, "links": [{"href": "http://10.0.2.15:8774/v2.1/55b183c2b2d74b96bd3729c754b74843/servers/af530161-101d-4704-8467-2d5f5ec104a2", "rel": "self"}, {"href": "http://10.0.2.15:8774/55b183c2b2d74b96bd3729c754b74843/servers/af530161-101d-4704-8467-2d5f5ec104a2", "rel": "bookmark"}], "key_name": "tempest-TestGettingAddress-1752622711", "image": {"id": "15b50b14-857c-4124-8e69-bce799a1230d", "links": [{"href": "http://10.0.2.15:8774/55b183c2b2d74b96bd3729c754b74843/images/15b50b14-857c-4124-8e69-bce799a1230d", "rel": "bookmark"}]}, "OS-EXT-STS:task_state": "spawning", "OS-EXT-STS:vm_state": "building", "OS-SRV-USG:launched_at": null, "flavor": {"id": "42", "links": [{"href": "http://10.0.2.15:8774/55b183c2b2d74b96bd3729c754b74843/flavors/42", "rel": "bookmark"}]}, "id": "af530161-101d-4704-8467-2d5f5ec104a2", "security_groups": [{"name": "tempest-secgroup-smoke-902559236"}], "OS-SRV-USG:terminated_at": null, "OS-EXT-AZ:availability_zone": "nova", "user_id": "8bc647e88bb64cf2a741894fcf3994b0", "name": "tempest.common.compute-instance-1674196196", "created": "2015-12-19T11:57:28Z", "tenant_id": "55b183c2b2d74b96bd3729c754b74843", "OS-DCF:diskConfig": "MANUAL", "os-extended-volumes:volumes_attached": [], "accessIPv4": "", "accessIPv6": "", "progress": 0, "OS-EXT-STS:power_state": 0, "config_drive": "", "metadata": {}}}
2015-12-19 11:57:30,242 20259 INFO     [tempest.common.waiters] State transition "BUILD/scheduling" ==&gt; "BUILD/spawning" after 2 second wait
2015-12-19 11:57:31,440 20259 INFO     [tempest_lib.common.rest_client] Request (TestGettingAddress:test_dhcp6_stateless_from_os): 200 GET http://10.0.2.15:8774/v2.1/55b183c2b2d74b96bd3729c754b74843/servers/af530161-101d-4704-8467-2d5f5ec104a2 0.197s
2015-12-19 11:57:31,441 20259 DEBUG    [tempest_lib.common.rest_client] Request - Headers: {'Content-Type': 'application/json', 'Accept': 'application/json', 'X-Auth-Token': '&lt;omitted&gt;'}
        Body: None
    Response - Headers: {'status': '200', 'content-length': '1480', 'content-location': 'http://10.0.2.15:8774/v2.1/55b183c2b2d74b96bd3729c754b74843/servers/af530161-101d-4704-8467-2d5f5ec104a2', 'x-compute-request-id': 'req-5fc94921-eb91-41a7-8b0d-796eacb8628c', 'vary': 'X-OpenStack-Nova-API-Version', 'connection': 'close', 'x-openstack-nova-api-version': '2.1', 'date': 'Sat, 19 Dec 2015 11:57:31 GMT', 'content-type': 'application/json'}
        Body: {"server": {"status": "BUILD", "updated": "2015-12-19T11:57:29Z", "hostId": "1da4b3cebd666e47da1a588942eb4d5d73450db53b99f63b36ec04bc", "addresses": {}, "links": [{"href": "http://10.0.2.15:8774/v2.1/55b183c2b2d74b96bd3729c754b74843/servers/af530161-101d-4704-8467-2d5f5ec104a2", "rel": "self"}, {"href": "http://10.0.2.15:8774/55b183c2b2d74b96bd3729c754b74843/servers/af530161-101d-4704-8467-2d5f5ec104a2", "rel": "bookmark"}], "key_name": "tempest-TestGettingAddress-1752622711", "image": {"id": "15b50b14-857c-4124-8e69-bce799a1230d", "links": [{"href": "http://10.0.2.15:8774/55b183c2b2d74b96bd3729c754b74843/images/15b50b14-857c-4124-8e69-bce799a1230d", "rel": "bookmark"}]}, "OS-EXT-STS:task_state": "spawning", "OS-EXT-STS:vm_state": "building", "OS-SRV-USG:launched_at": null, "flavor": {"id": "42", "links": [{"href": "http://10.0.2.15:8774/55b183c2b2d74b96bd3729c754b74843/flavors/42", "rel": "bookmark"}]}, "id": "af530161-101d-4704-8467-2d5f5ec104a2", "security_groups": [{"name": "tempest-secgroup-smoke-902559236"}], "OS-SRV-USG:terminated_at": null, "OS-EXT-AZ:availability_zone": "nova", "user_id": "8bc647e88bb64cf2a741894fcf3994b0", "name": "tempest.common.compute-instance-1674196196", "created": "2015-12-19T11:57:28Z", "tenant_id": "55b183c2b2d74b96bd3729c754b74843", "OS-DCF:diskConfig": "MANUAL", "os-extended-volumes:volumes_attached": [], "accessIPv4": "", "accessIPv6": "", "progress": 0, "OS-EXT-STS:power_state": 0, "config_drive": "", "metadata": {}}}
2015-12-19 11:57:32,629 20259 INFO     [tempest_lib.common.rest_client] Request (TestGettingAddress:test_dhcp6_stateless_from_os): 200 GET http://10.0.2.15:8774/v2.1/55b183c2b2d74b96bd3729c754b74843/servers/af530161-101d-4704-8467-2d5f5ec104a2 0.177s
2015-12-19 11:57:32,629 20259 DEBUG    [tempest_lib.common.rest_client] Request - Headers: {'Content-Type': 'application/json', 'Accept': 'application/json', 'X-Auth-Token': '&lt;omitted&gt;'}
        Body: None
    Response - Headers: {'status': '200', 'content-length': '1780', 'content-location': 'http://10.0.2.15:8774/v2.1/55b183c2b2d74b96bd3729c754b74843/servers/af530161-101d-4704-8467-2d5f5ec104a2', 'x-compute-request-id': 'req-d43b420a-1e31-42e7-9658-7cc5298cf87e', 'vary': 'X-OpenStack-Nova-API-Version', 'connection': 'close', 'x-openstack-nova-api-version': '2.1', 'date': 'Sat, 19 Dec 2015 11:57:32 GMT', 'content-type': 'application/json'}
        Body: {"server": {"status": "ACTIVE", "updated": "2015-12-19T11:57:31Z", "hostId": "1da4b3cebd666e47da1a588942eb4d5d73450db53b99f63b36ec04bc", "addresses": {"tempest-network-smoke--211834580": [{"OS-EXT-IPS-MAC:mac_addr": "fa:16:3e:a8:56:1f", "version": 4, "addr": "10.100.0.3", "OS-EXT-IPS:type": "fixed"}, {"OS-EXT-IPS-MAC:mac_addr": "fa:16:3e:a8:56:1f", "version": 6, "addr": "2003::f816:3eff:fea8:561f", "OS-EXT-IPS:type": "fixed"}]}, "links": [{"href": "http://10.0.2.15:8774/v2.1/55b183c2b2d74b96bd3729c754b74843/servers/af530161-101d-4704-8467-2d5f5ec104a2", "rel": "self"}, {"href": "http://10.0.2.15:8774/55b183c2b2d74b96bd3729c754b74843/servers/af530161-101d-4704-8467-2d5f5ec104a2", "rel": "bookmark"}], "key_name": "tempest-TestGettingAddress-1752622711", "image": {"id": "15b50b14-857c-4124-8e69-bce799a1230d", "links": [{"href": "http://10.0.2.15:8774/55b183c2b2d74b96bd3729c754b74843/images/15b50b14-857c-4124-8e69-bce799a1230d", "rel": "bookmark"}]}, "OS-EXT-STS:task_state": null, "OS-EXT-STS:vm_state": "active", "OS-SRV-USG:launched_at": "2015-12-19T11:57:31.000000", "flavor": {"id": "42", "links": [{"href": "http://10.0.2.15:8774/55b183c2b2d74b96bd3729c754b74843/flavors/42", "rel": "bookmark"}]}, "id": "af530161-101d-4704-8467-2d5f5ec104a2", "security_groups": [{"name": "tempest-secgroup-smoke-902559236"}], "OS-SRV-USG:terminated_at": null, "OS-EXT-AZ:availability_zone": "nova", "user_id": "8bc647e88bb64cf2a741894fcf3994b0", "name": "tempest.common.compute-instance-1674196196", "created": "2015-12-19T11:57:28Z", "tenant_id": "55b183c2b2d74b96bd3729c754b74843", "OS-DCF:diskConfig": "MANUAL", "os-extended-volumes:volumes_attached": [], "accessIPv4": "", "accessIPv6": "", "progress": 0, "OS-EXT-STS:power_state": 1, "config_drive": "True", "metadata": {}}}
2015-12-19 11:57:32,639 20259 INFO     [tempest.common.waiters] State transition "BUILD/spawning" ==&gt; "ACTIVE/None" after 4 second wait
2015-12-19 11:57:32,892 20259 INFO     [tempest_lib.common.rest_client] Request (TestGettingAddress:test_dhcp6_stateless_from_os): 200 GET http://10.0.2.15:8774/v2.1/55b183c2b2d74b96bd3729c754b74843/servers/af530161-101d-4704-8467-2d5f5ec104a2 0.252s
2015-12-19 11:57:32,892 20259 DEBUG    [tempest_lib.common.rest_client] Request - Headers: {'Content-Type': 'application/json', 'Accept': 'application/json', 'X-Auth-Token': '&lt;omitted&gt;'}
        Body: None
    Response - Headers: {'status': '200', 'content-length': '1780', 'content-location': 'http://10.0.2.15:8774/v2.1/55b183c2b2d74b96bd3729c754b74843/servers/af530161-101d-4704-8467-2d5f5ec104a2', 'x-compute-request-id': 'req-10a08184-bc38-4d1f-9c31-ef2ec3a00a2f', 'vary': 'X-OpenStack-Nova-API-Version', 'connection': 'close', 'x-openstack-nova-api-version': '2.1', 'date': 'Sat, 19 Dec 2015 11:57:32 GMT', 'content-type': 'application/json'}
        Body: {"server": {"status": "ACTIVE", "updated": "2015-12-19T11:57:31Z", "hostId": "1da4b3cebd666e47da1a588942eb4d5d73450db53b99f63b36ec04bc", "addresses": {"tempest-network-smoke--211834580": [{"OS-EXT-IPS-MAC:mac_addr": "fa:16:3e:a8:56:1f", "version": 4, "addr": "10.100.0.3", "OS-EXT-IPS:type": "fixed"}, {"OS-EXT-IPS-MAC:mac_addr": "fa:16:3e:a8:56:1f", "version": 6, "addr": "2003::f816:3eff:fea8:561f", "OS-EXT-IPS:type": "fixed"}]}, "links": [{"href": "http://10.0.2.15:8774/v2.1/55b183c2b2d74b96bd3729c754b74843/servers/af530161-101d-4704-8467-2d5f5ec104a2", "rel": "self"}, {"href": "http://10.0.2.15:8774/55b183c2b2d74b96bd3729c754b74843/servers/af530161-101d-4704-8467-2d5f5ec104a2", "rel": "bookmark"}], "key_name": "tempest-TestGettingAddress-1752622711", "image": {"id": "15b50b14-857c-4124-8e69-bce799a1230d", "links": [{"href": "http://10.0.2.15:8774/55b183c2b2d74b96bd3729c754b74843/images/15b50b14-857c-4124-8e69-bce799a1230d", "rel": "bookmark"}]}, "OS-EXT-STS:task_state": null, "OS-EXT-STS:vm_state": "active", "OS-SRV-USG:launched_at": "2015-12-19T11:57:31.000000", "flavor": {"id": "42", "links": [{"href": "http://10.0.2.15:8774/55b183c2b2d74b96bd3729c754b74843/flavors/42", "rel": "bookmark"}]}, "id": "af530161-101d-4704-8467-2d5f5ec104a2", "security_groups": [{"name": "tempest-secgroup-smoke-902559236"}], "OS-SRV-USG:terminated_at": null, "OS-EXT-AZ:availability_zone": "nova", "user_id": "8bc647e88bb64cf2a741894fcf3994b0", "name": "tempest.common.compute-instance-1674196196", "created": "2015-12-19T11:57:28Z", "tenant_id": "55b183c2b2d74b96bd3729c754b74843", "OS-DCF:diskConfig": "MANUAL", "os-extended-volumes:volumes_attached": [], "accessIPv4": "", "accessIPv6": "", "progress": 0, "OS-EXT-STS:power_state": 1, "config_drive": "True", "metadata": {}}}
2015-12-19 11:57:32,931 20259 INFO     [tempest_lib.common.rest_client] Request (TestGettingAddress:test_dhcp6_stateless_from_os): 200 GET http://10.0.2.15:9696/v2.0/ports?status=ACTIVE&amp;fixed_ip=None&amp;device_id=af530161-101d-4704-8467-2d5f5ec104a2 0.030s
2015-12-19 11:57:32,932 20259 DEBUG    [tempest_lib.common.rest_client] Request - Headers: {'Content-Type': 'application/json', 'Accept': 'application/json', 'X-Auth-Token': '&lt;omitted&gt;'}
        Body: None
    Response - Headers: {'status': '200', 'content-length': '1142', 'content-location': 'http://10.0.2.15:9696/v2.0/ports?status=ACTIVE&amp;fixed_ip=None&amp;device_id=af530161-101d-4704-8467-2d5f5ec104a2', 'connection': 'close', 'date': 'Sat, 19 Dec 2015 11:57:32 GMT', 'content-type': 'application/json; charset=UTF-8', 'x-openstack-request-id': 'req-715c769b-d8b6-43d5-9155-0736a23a3319'}
        Body: {"ports": [{"status": "ACTIVE", "binding:host_id": "vagrant-ubuntu-trusty-64", "allowed_address_pairs": [], "extra_dhcp_opts": [], "dns_assignment": [{"hostname": "host-10-100-0-3", "ip_address": "10.100.0.3", "fqdn": "host-10-100-0-3.openstacklocal."}, {"hostname": "host-2003--f816-3eff-fea8-561f", "ip_address": "2003::f816:3eff:fea8:561f", "fqdn": "host-2003--f816-3eff-fea8-561f.openstacklocal."}], "device_owner": "compute:None", "port_security_enabled": true, "binding:profile": {}, "fixed_ips": [{"subnet_id": "4758fb5c-32f2-41b1-941c-53e26e19e97e", "ip_address": "10.100.0.3"}, {"subnet_id": "f578a4da-7c65-497e-8fc9-46cf537519d7", "ip_address": "2003::f816:3eff:fea8:561f"}], "id": "dee4f9fd-d1f6-40fc-a1e4-56b4e7d97b69", "security_groups": ["ec8e82a6-930f-4d33-9ca0-2b3fa2f0eb1c"], "device_id": "af530161-101d-4704-8467-2d5f5ec104a2", "name": "", "admin_state_up": true, "network_id": "02245665-139e-4a8b-8689-b2274a225d56", "dns_name": "", "binding:vif_details": {"port_filter": true}, "binding:vnic_type": "normal", "binding:vif_type": "ovs", "tenant_id": "55b183c2b2d74b96bd3729c754b74843", "mac_address": "fa:16:3e:a8:56:1f"}]}
2015-12-19 11:57:33,329 20259 INFO     [tempest_lib.common.rest_client] Request (TestGettingAddress:test_dhcp6_stateless_from_os): 201 POST http://10.0.2.15:9696/v2.0/floatingips 0.396s
2015-12-19 11:57:33,329 20259 DEBUG    [tempest_lib.common.rest_client] Request - Headers: {'Content-Type': 'application/json', 'Accept': 'application/json', 'X-Auth-Token': '&lt;omitted&gt;'}
        Body: {"floatingip": {"floating_network_id": "4cee4dcd-95d3-4ecb-893e-8da1c4195c74", "tenant_id": "55b183c2b2d74b96bd3729c754b74843", "fixed_ip_address": "10.100.0.3", "port_id": "dee4f9fd-d1f6-40fc-a1e4-56b4e7d97b69"}}
    Response - Headers: {'status': '201', 'content-length': '367', 'connection': 'close', 'date': 'Sat, 19 Dec 2015 11:57:33 GMT', 'content-type': 'application/json; charset=UTF-8', 'x-openstack-request-id': 'req-7a40a2fd-08c1-4670-bda1-564fecf9d8aa'}
        Body: {"floatingip": {"floating_network_id": "4cee4dcd-95d3-4ecb-893e-8da1c4195c74", "router_id": "3e6ea5ba-a44e-4061-b2e2-b5cc43fcdb82", "fixed_ip_address": "10.100.0.3", "floating_ip_address": "172.24.4.4", "tenant_id": "55b183c2b2d74b96bd3729c754b74843", "status": "DOWN", "port_id": "dee4f9fd-d1f6-40fc-a1e4-56b4e7d97b69", "id": "0de1ed96-4fe3-42e2-8b61-7d48a1223c91"}}
2015-12-19 11:57:33,330 20259 INFO     [tempest_lib.common.ssh] Creating ssh connection to '172.24.4.4' as 'cirros' with public key authentication
2015-12-19 11:57:36,977 20259 WARNING  [tempest_lib.common.ssh] Failed to establish authenticated ssh connection to cirros@172.24.4.4 ([Errno None] Unable to connect to port 22 on  or 172.24.4.4). Number attempts: 1. Retry after 2 seconds.
2015-12-19 11:57:42,476 20259 WARNING  [tempest_lib.common.ssh] Failed to establish authenticated ssh connection to cirros@172.24.4.4 ([Errno None] Unable to connect to port 22 on  or 172.24.4.4). Number attempts: 2. Retry after 3 seconds.
2015-12-19 11:57:48,981 20259 WARNING  [tempest_lib.common.ssh] Failed to establish authenticated ssh connection to cirros@172.24.4.4 ([Errno None] Unable to connect to port 22 on  or 172.24.4.4). Number attempts: 3. Retry after 4 seconds.
2015-12-19 11:57:56,485 20259 WARNING  [tempest_lib.common.ssh] Failed to establish authenticated ssh connection to cirros@172.24.4.4 ([Errno None] Unable to connect to port 22 on  or 172.24.4.4). Number attempts: 4. Retry after 5 seconds.
2015-12-19 11:58:04,989 20259 WARNING  [tempest_lib.common.ssh] Failed to establish authenticated ssh connection to cirros@172.24.4.4 ([Errno None] Unable to connect to port 22 on  or 172.24.4.4). Number attempts: 5. Retry after 6 seconds.
2015-12-19 11:58:14,495 20259 WARNING  [tempest_lib.common.ssh] Failed to establish authenticated ssh connection to cirros@172.24.4.4 ([Errno None] Unable to connect to port 22 on  or 172.24.4.4). Number attempts: 6. Retry after 7 seconds.
2015-12-19 11:58:25,001 20259 WARNING  [tempest_lib.common.ssh] Failed to establish authenticated ssh connection to cirros@172.24.4.4 ([Errno None] Unable to connect to port 22 on  or 172.24.4.4). Number attempts: 7. Retry after 8 seconds.
2015-12-19 11:58:36,514 20259 WARNING  [tempest_lib.common.ssh] Failed to establish authenticated ssh connection to cirros@172.24.4.4 ([Errno None] Unable to connect to port 22 on  or 172.24.4.4). Number attempts: 8. Retry after 9 seconds.
2015-12-19 11:58:49,025 20259 WARNING  [tempest_lib.common.ssh] Failed to establish authenticated ssh connection to cirros@172.24.4.4 ([Errno None] Unable to connect to port 22 on  or 172.24.4.4). Number attempts: 9. Retry after 10 seconds.
2015-12-19 11:59:02,537 20259 WARNING  [tempest_lib.common.ssh] Failed to establish authenticated ssh connection to cirros@172.24.4.4 ([Errno None] Unable to connect to port 22 on  or 172.24.4.4). Number attempts: 10. Retry after 11 seconds.
2015-12-19 11:59:17,049 20259 WARNING  [tempest_lib.common.ssh] Failed to establish authenticated ssh connection to cirros@172.24.4.4 ([Errno None] Unable to connect to port 22 on  or 172.24.4.4). Number attempts: 11. Retry after 12 seconds.
2015-12-19 11:59:32,549 20259 WARNING  [tempest_lib.common.ssh] Failed to establish authenticated ssh connection to cirros@172.24.4.4 ([Errno None] Unable to connect to port 22 on  or 172.24.4.4). Number attempts: 12. Retry after 13 seconds.
2015-12-19 11:59:49,065 20259 WARNING  [tempest_lib.common.ssh] Failed to establish authenticated ssh connection to cirros@172.24.4.4 ([Errno None] Unable to connect to port 22 on  or 172.24.4.4). Number attempts: 13. Retry after 14 seconds.
2015-12-19 12:00:06,577 20259 WARNING  [tempest_lib.common.ssh] Failed to establish authenticated ssh connection to cirros@172.24.4.4 ([Errno None] Unable to connect to port 22 on  or 172.24.4.4). Number attempts: 14. Retry after 15 seconds.
2015-12-19 12:00:25,081 20259 WARNING  [tempest_lib.common.ssh] Failed to establish authenticated ssh connection to cirros@172.24.4.4 ([Errno None] Unable to connect to port 22 on  or 172.24.4.4). Number attempts: 15. Retry after 16 seconds.
2015-12-19 12:00:44,594 20259 WARNING  [tempest_lib.common.ssh] Failed to establish authenticated ssh connection to cirros@172.24.4.4 ([Errno None] Unable to connect to port 22 on  or 172.24.4.4). Number attempts: 16. Retry after 17 seconds.
2015-12-19 12:01:05,114 20259 WARNING  [tempest_lib.common.ssh] Failed to establish authenticated ssh connection to cirros@172.24.4.4 ([Errno None] Unable to connect to port 22 on  or 172.24.4.4). Number attempts: 17. Retry after 18 seconds.
2015-12-19 12:01:26,633 20259 WARNING  [tempest_lib.common.ssh] Failed to establish authenticated ssh connection to cirros@172.24.4.4 ([Errno None] Unable to connect to port 22 on  or 172.24.4.4). Number attempts: 18. Retry after 19 seconds.
2015-12-19 12:01:49,154 20259 WARNING  [tempest_lib.common.ssh] Failed to establish authenticated ssh connection to cirros@172.24.4.4 ([Errno None] Unable to connect to port 22 on  or 172.24.4.4). Number attempts: 19. Retry after 20 seconds.
2015-12-19 12:02:12,665 20259 WARNING  [tempest_lib.common.ssh] Failed to establish authenticated ssh connection to cirros@172.24.4.4 ([Errno None] Unable to connect to port 22 on  or 172.24.4.4). Number attempts: 20. Retry after 21 seconds.
2015-12-19 12:02:37,185 20259 ERROR    [tempest_lib.common.ssh] Failed to establish authenticated ssh connection to cirros@172.24.4.4 after 20 attempts
2015-12-19 12:02:37.185 20259 ERROR tempest_lib.common.ssh Traceback (most recent call last):
2015-12-19 12:02:37.185 20259 ERROR tempest_lib.common.ssh   File "/usr/local/lib/python2.7/dist-packages/tempest_lib/common/ssh.py", line 75, in _get_ssh_connection
2015-12-19 12:02:37.185 20259 ERROR tempest_lib.common.ssh     timeout=self.channel_timeout, pkey=self.pkey)
2015-12-19 12:02:37.185 20259 ERROR tempest_lib.common.ssh   File "/usr/local/lib/python2.7/dist-packages/paramiko/client.py", line 311, in connect
2015-12-19 12:02:37.185 20259 ERROR tempest_lib.common.ssh     raise NoValidConnectionsError(errors)
2015-12-19 12:02:37.185 20259 ERROR tempest_lib.common.ssh NoValidConnectionsError: [Errno None] Unable to connect to port 22 on  or 172.24.4.4
2015-12-19 12:02:37.185 20259 ERROR tempest_lib.common.ssh 
2015-12-19 12:02:37,186 20259 ERROR    [tempest.scenario.manager] (TestGettingAddress:test_dhcp6_stateless_from_os) Initializing SSH connection to 172.24.4.4 failed. Error: Connection to the 172.24.4.4 via SSH timed out.
User: cirros, Password: None
2015-12-19 12:02:37.186 20259 ERROR tempest.scenario.manager Traceback (most recent call last):
2015-12-19 12:02:37.186 20259 ERROR tempest.scenario.manager   File "tempest/scenario/manager.py", line 385, in get_remote_client
2015-12-19 12:02:37.186 20259 ERROR tempest.scenario.manager     linux_client.validate_authentication()
2015-12-19 12:02:37.186 20259 ERROR tempest.scenario.manager   File "tempest/common/utils/linux/remote_client.py", line 63, in validate_authentication
2015-12-19 12:02:37.186 20259 ERROR tempest.scenario.manager     self.ssh_client.test_connection_auth()
2015-12-19 12:02:37.186 20259 ERROR tempest.scenario.manager   File "/usr/local/lib/python2.7/dist-packages/tempest_lib/common/ssh.py", line 167, in test_connection_auth
2015-12-19 12:02:37.186 20259 ERROR tempest.scenario.manager     connection = self._get_ssh_connection()
2015-12-19 12:02:37.186 20259 ERROR tempest.scenario.manager   File "/usr/local/lib/python2.7/dist-packages/tempest_lib/common/ssh.py", line 87, in _get_ssh_connection
2015-12-19 12:02:37.186 20259 ERROR tempest.scenario.manager     password=self.password)
2015-12-19 12:02:37.186 20259 ERROR tempest.scenario.manager SSHTimeout: Connection to the 172.24.4.4 via SSH timed out.
2015-12-19 12:02:37.186 20259 ERROR tempest.scenario.manager User: cirros, Password: None
2015-12-19 12:02:37.186 20259 ERROR tempest.scenario.manager 
2015-12-19 12:02:37,392 20259 INFO     [tempest_lib.common.rest_client] Request (TestGettingAddress:test_dhcp6_stateless_from_os): 200 GET http://10.0.2.15:8774/v2.1/55b183c2b2d74b96bd3729c754b74843/servers 0.202s
2015-12-19 12:02:37,393 20259 DEBUG    [tempest_lib.common.rest_client] Request - Headers: {'Content-Type': 'application/json', 'Accept': 'application/json', 'X-Auth-Token': '&lt;omitted&gt;'}
        Body: None
    Response - Headers: {'status': '200', 'content-length': '391', 'content-location': 'http://10.0.2.15:8774/v2.1/55b183c2b2d74b96bd3729c754b74843/servers', 'x-compute-request-id': 'req-15319222-45f6-4147-bf4f-e0940f8932d8', 'vary': 'X-OpenStack-Nova-API-Version', 'connection': 'close', 'x-openstack-nova-api-version': '2.1', 'date': 'Sat, 19 Dec 2015 12:02:37 GMT', 'content-type': 'application/json'}
        Body: {"servers": [{"id": "af530161-101d-4704-8467-2d5f5ec104a2", "links": [{"href": "http://10.0.2.15:8774/v2.1/55b183c2b2d74b96bd3729c754b74843/servers/af530161-101d-4704-8467-2d5f5ec104a2", "rel": "self"}, {"href": "http://10.0.2.15:8774/55b183c2b2d74b96bd3729c754b74843/servers/af530161-101d-4704-8467-2d5f5ec104a2", "rel": "bookmark"}], "name": "tempest.common.compute-instance-1674196196"}]}
2015-12-19 12:02:37,611 20259 INFO     [tempest_lib.common.rest_client] Request (TestGettingAddress:test_dhcp6_stateless_from_os): 200 POST http://10.0.2.15:8774/v2.1/55b183c2b2d74b96bd3729c754b74843/servers/af530161-101d-4704-8467-2d5f5ec104a2/action 0.213s
2015-12-19 12:02:37,611 20259 DEBUG    [tempest_lib.common.rest_client] Request - Headers: {'Content-Type': 'application/json', 'Accept': 'application/json', 'X-Auth-Token': '&lt;omitted&gt;'}
        Body: {"os-getConsoleOutput": {}}
    Response - Headers: {'status': '200', 'content-length': '24670', 'x-compute-request-id': 'req-af9b16aa-feed-4e12-8149-33db810281e7', 'vary': 'X-OpenStack-Nova-API-Version', 'connection': 'close', 'x-openstack-nova-api-version': '2.1', 'date': 'Sat, 19 Dec 2015 12:02:37 GMT', 'content-type': 'application/json'}
        Body: {"output": "[    0.000000] Initializing cgroup subsys cpuset\n[    0.000000] Initializing cgroup subsys cpu\n[    0.000000] Linux version 3.2.0-80-virtual (buildd@batsu) (gcc version 4.6.3 (Ubuntu/Linaro 4.6.3-1ubuntu5) ) #116-Ubuntu SMP Mon Mar 23 17:28:52 UTC 2015 (Ubuntu 3.2.0-80.116-virtual 3.2.68)\n[    0.000000] Command line: root=/dev/vda console=tty0 console=ttyS0 no_timer_check\n[    0.000000] KERNEL supported cpus:\n[    0.000000]   Intel GenuineIntel\n[    0.000000]   AMD AuthenticAMD\n[    0.000000]   Centaur CentaurHauls\n[    0.000000] BIOS-provided physical RAM map:\n[    0.000000]  BIOS-e820: 0000000000000000 - 000000000009fc00 (usable)\n[    0.000000]  BIOS-e820: 000000000009fc00 - 00000000000a0000 (reserved)\n[    0.000000]  BIOS-e820: 00000000000f0000 - 0000000000100000 (reserved)\n[    0.000000]  BIOS-e820: 0000000000100000 - 0000000003ffe000 (usable)\n[    0.000000]  BIOS-e820: 0000000003ffe000 - 0000000004000000 (reserved)\n[    0.000000]  BIOS-e820: 00000000fffc0000 - 0000000100000000 (reserved)\n[    0.000000] NX (Execute Disable) protection: active\n[    0.000000] SMBIOS 2.4 present.\n[    0.000000] No AGP bridge found\n[    0.000000] last_pfn = 0x3ffe max_arch_pfn = 0x400000000\n[    0.000000] x86 PAT enabled: cpu 0, old 0x7040600070406, new 0x7010600070106\n[    0.000000] found SMP MP-table at [ffff8800000f0b00] f0b00\n[    0.000000] init_memory_mapping: 0000000000000000-0000000003ffe000\n[    0.000000] RAMDISK: 03c5e000 - 03ff0000\n[    0.000000] ACPI: RSDP 00000000000f0950 00014 (v00 BOCHS )\n[    0.000000] ACPI: RSDT 0000000003fffbc1 00034 (v01 BOCHS  BXPCRSDT 00000001 BXPC 00000001)\n[    0.000000] ACPI: FACP 0000000003fff1c0 00074 (v01 BOCHS  BXPCFACP 00000001 BXPC 00000001)\n[    0.000000] ACPI: DSDT 0000000003ffe040 01180 (v01 BOCHS  BXPCDSDT 00000001 BXPC 00000001)\n[    0.000000] ACPI: FACS 0000000003ffe000 00040\n[    0.000000] ACPI: SSDT 0000000003fff234 008DD (v01 BOCHS  BXPCSSDT 00000001 BXPC 00000001)\n[    0.000000] ACPI: APIC 0000000003fffb11 00078 (v01 BOCHS  BXPCAPIC 00000001 BXPC 00000001)\n[    0.000000] ACPI: HPET 0000000003fffb89 00038 (v01 BOCHS  BXPCHPET 00000001 BXPC 00000001)\n[    0.000000] No NUMA configuration found\n[    0.000000] Faking a node at 0000000000000000-0000000003ffe000\n[    0.000000] Initmem setup node 0 0000000000000000-0000000003ffe000\n[    0.000000]   NODE_DATA [0000000003ff6000 - 0000000003ffafff]\n[    0.000000] Zone PFN ranges:\n[    0.000000]   DMA      0x00000010 -&gt; 0x00001000\n[    0.000000]   DMA32    0x00001000 -&gt; 0x00100000\n[    0.000000]   Normal   empty\n[    0.000000] Movable zone start PFN for each node\n[    0.000000] early_node_map[2] active PFN ranges\n[    0.000000]     0: 0x00000010 -&gt; 0x0000009f\n[    0.000000]     0: 0x00000100 -&gt; 0x00003ffe\n[    0.000000] ACPI: PM-Timer IO Port: 0xb008\n[    0.000000] ACPI: LAPIC (acpi_id[0x00] lapic_id[0x00] enabled)\n[    0.000000] ACPI: LAPIC_NMI (acpi_id[0xff] dfl dfl lint[0x1])\n[    0.000000] ACPI: IOAPIC (id[0x00] address[0xfec00000] gsi_base[0])\n[    0.000000] IOAPIC[0]: apic_id 0, version 17, address 0xfec00000, GSI 0-23\n[    0.000000] ACPI: INT_SRC_OVR (bus 0 bus_irq 0 global_irq 2 dfl dfl)\n[    0.000000] ACPI: INT_SRC_OVR (bus 0 bus_irq 5 global_irq 5 high level)\n[    0.000000] ACPI: INT_SRC_OVR (bus 0 bus_irq 9 global_irq 9 high level)\n[    0.000000] ACPI: INT_SRC_OVR (bus 0 bus_irq 10 global_irq 10 high level)\n[    0.000000] ACPI: INT_SRC_OVR (bus 0 bus_irq 11 global_irq 11 high level)\n[    0.000000] Using ACPI (MADT) for SMP configuration information\n[    0.000000] ACPI: HPET id: 0x8086a201 base: 0xfed00000\n[    0.000000] SMP: Allowing 1 CPUs, 0 hotplug CPUs\n[    0.000000] PM: Registered nosave memory: 000000000009f000 - 00000000000a0000\n[    0.000000] PM: Registered nosave memory: 00000000000a0000 - 00000000000f0000\n[    0.000000] PM: Registered nosave memory: 00000000000f0000 - 0000000000100000\n[    0.000000] Allocating PCI resources starting at 4000000 (gap: 4000000:fbfc0000)\n[    0.000000] Booting paravirtualized kernel on bare hardware\n[    0.000000] setup_pe
2015-12-19 12:02:37,613 20259 DEBUG    [tempest.scenario.manager] Console output for af530161-101d-4704-8467-2d5f5ec104a2
body=
[    0.000000] Initializing cgroup subsys cpuset
[    0.000000] Initializing cgroup subsys cpu
[    0.000000] Linux version 3.2.0-80-virtual (buildd@batsu) (gcc version 4.6.3 (Ubuntu/Linaro 4.6.3-1ubuntu5) ) #116-Ubuntu SMP Mon Mar 23 17:28:52 UTC 2015 (Ubuntu 3.2.0-80.116-virtual 3.2.68)
[    0.000000] Command line: root=/dev/vda console=tty0 console=ttyS0 no_timer_check
[    0.000000] KERNEL supported cpus:
[    0.000000]   Intel GenuineIntel
[    0.000000]   AMD AuthenticAMD
[    0.000000]   Centaur CentaurHauls
[    0.000000] BIOS-provided physical RAM map:
[    0.000000]  BIOS-e820: 0000000000000000 - 000000000009fc00 (usable)
[    0.000000]  BIOS-e820: 000000000009fc00 - 00000000000a0000 (reserved)
[    0.000000]  BIOS-e820: 00000000000f0000 - 0000000000100000 (reserved)
[    0.000000]  BIOS-e820: 0000000000100000 - 0000000003ffe000 (usable)
[    0.000000]  BIOS-e820: 0000000003ffe000 - 0000000004000000 (reserved)
[    0.000000]  BIOS-e820: 00000000fffc0000 - 0000000100000000 (reserved)
[    0.000000] NX (Execute Disable) protection: active
[    0.000000] SMBIOS 2.4 present.
[    0.000000] No AGP bridge found
[    0.000000] last_pfn = 0x3ffe max_arch_pfn = 0x400000000
[    0.000000] x86 PAT enabled: cpu 0, old 0x7040600070406, new 0x7010600070106
[    0.000000] found SMP MP-table at [ffff8800000f0b00] f0b00
[    0.000000] init_memory_mapping: 0000000000000000-0000000003ffe000
[    0.000000] RAMDISK: 03c5e000 - 03ff0000
[    0.000000] ACPI: RSDP 00000000000f0950 00014 (v00 BOCHS )
[    0.000000] ACPI: RSDT 0000000003fffbc1 00034 (v01 BOCHS  BXPCRSDT 00000001 BXPC 00000001)
[    0.000000] ACPI: FACP 0000000003fff1c0 00074 (v01 BOCHS  BXPCFACP 00000001 BXPC 00000001)
[    0.000000] ACPI: DSDT 0000000003ffe040 01180 (v01 BOCHS  BXPCDSDT 00000001 BXPC 00000001)
[    0.000000] ACPI: FACS 0000000003ffe000 00040
[    0.000000] ACPI: SSDT 0000000003fff234 008DD (v01 BOCHS  BXPCSSDT 00000001 BXPC 00000001)
[    0.000000] ACPI: APIC 0000000003fffb11 00078 (v01 BOCHS  BXPCAPIC 00000001 BXPC 00000001)
[    0.000000] ACPI: HPET 0000000003fffb89 00038 (v01 BOCHS  BXPCHPET 00000001 BXPC 00000001)
[    0.000000] No NUMA configuration found
[    0.000000] Faking a node at 0000000000000000-0000000003ffe000
[    0.000000] Initmem setup node 0 0000000000000000-0000000003ffe000
[    0.000000]   NODE_DATA [0000000003ff6000 - 0000000003ffafff]
[    0.000000] Zone PFN ranges:
[    0.000000]   DMA      0x00000010 -&gt; 0x00001000
[    0.000000]   DMA32    0x00001000 -&gt; 0x00100000
[    0.000000]   Normal   empty
[    0.000000] Movable zone start PFN for each node
[    0.000000] early_node_map[2] active PFN ranges
[    0.000000]     0: 0x00000010 -&gt; 0x0000009f
[    0.000000]     0: 0x00000100 -&gt; 0x00003ffe
[    0.000000] ACPI: PM-Timer IO Port: 0xb008
[    0.000000] ACPI: LAPIC (acpi_id[0x00] lapic_id[0x00] enabled)
[    0.000000] ACPI: LAPIC_NMI (acpi_id[0xff] dfl dfl lint[0x1])
[    0.000000] ACPI: IOAPIC (id[0x00] address[0xfec00000] gsi_base[0])
[    0.000000] IOAPIC[0]: apic_id 0, version 17, address 0xfec00000, GSI 0-23
[    0.000000] ACPI: INT_SRC_OVR (bus 0 bus_irq 0 global_irq 2 dfl dfl)
[    0.000000] ACPI: INT_SRC_OVR (bus 0 bus_irq 5 global_irq 5 high level)
[    0.000000] ACPI: INT_SRC_OVR (bus 0 bus_irq 9 global_irq 9 high level)
[    0.000000] ACPI: INT_SRC_OVR (bus 0 bus_irq 10 global_irq 10 high level)
[    0.000000] ACPI: INT_SRC_OVR (bus 0 bus_irq 11 global_irq 11 high level)
[    0.000000] Using ACPI (MADT) for SMP configuration information
[    0.000000] ACPI: HPET id: 0x8086a201 base: 0xfed00000
[    0.000000] SMP: Allowing 1 CPUs, 0 hotplug CPUs
[    0.000000] PM: Registered nosave memory: 000000000009f000 - 00000000000a0000
[    0.000000] PM: Registered nosave memory: 00000000000a0000 - 00000000000f0000
[    0.000000] PM: Registered nosave memory: 00000000000f0000 - 0000000000100000
[    0.000000] Allocating PCI resources starting at 4000000 (gap: 4000000:fbfc0000)
[    0.000000] Booting paravirtualized kernel on bare hardware
[    0.000000] setup_percpu: NR_CPUS:64 nr_cpumask_bits:64 nr_cpu_ids:1 nr_node_ids:1
[    0.000000] PERCPU: Embedded 27 pages/cpu @ffff880003a00000 s78848 r8192 d23552 u2097152
[    0.000000] Built 1 zonelists in Node order, mobility grouping on.  Total pages: 16008
[    0.000000] Policy zone: DMA32
[    0.000000] Kernel command line: root=/dev/vda console=tty0 console=ttyS0 no_timer_check
[    0.000000] PID hash table entries: 256 (order: -1, 2048 bytes)
[    0.000000] Checking aperture...
[    0.000000] No AGP bridge found
[    0.000000] Memory: 43492k/65528k available (6576k kernel code, 452k absent, 21584k reserved, 6620k data, 928k init)
[    0.000000] SLUB: Genslabs=15, HWalign=64, Order=0-3, MinObjects=0, CPUs=1, Nodes=1
[    0.000000] Hierarchical RCU implementation.
[    0.000000] 	RCU dyntick-idle grace-period acceleration is enabled.
[    0.000000] NR_IRQS:4352 nr_irqs:256 16
[    0.000000] Console: colour VGA+ 80x25
[    0.000000] console [tty0] enabled
[    0.000000] console [ttyS0] enabled
[    0.000000] allocated 1048576 bytes of page_cgroup
[    0.000000] please try 'cgroup_disable=memory' option if you don't want memory cgroups
[    0.000000] Fast TSC calibration failed
[    0.000000] TSC: Unable to calibrate against PIT
[    0.000000] TSC: using HPET reference calibration
[    0.000000] Detected 2294.374 MHz processor.
[    0.032791] Calibrating delay loop (skipped), value calculated using timer frequency.. 4588.74 BogoMIPS (lpj=9177496)
[    0.037091] pid_max: default: 32768 minimum: 301
[    0.045252] Security Framework initialized
[    0.050013] AppArmor: AppArmor initialized
[    0.050658] Yama: becoming mindful.
[    0.057614] Dentry cache hash table entries: 8192 (order: 4, 65536 bytes)
[    0.059238] Inode-cache hash table entries: 4096 (order: 3, 32768 bytes)
[    0.060726] Mount-cache hash table entries: 256
[    0.077968] Initializing cgroup subsys cpuacct
[    0.078826] Initializing cgroup subsys memory
[    0.082036] Initializing cgroup subsys devices
[    0.084554] Initializing cgroup subsys freezer
[    0.085885] Initializing cgroup subsys blkio
[    0.089325] Initializing cgroup subsys perf_event
[    0.095605] mce: CPU supports 10 MCE banks
[    0.097661] SMP alternatives: switching to UP code
[    0.478706] Freeing SMP alternatives: 24k freed
[    0.480802] ACPI: Core revision 20110623
[    0.539056] ftrace: allocating 26610 entries in 105 pages
[    0.569622] ..TIMER: vector=0x30 apic1=0 pin1=2 apic2=-1 pin2=-1
[    0.572159] CPU0: AMD QEMU Virtual CPU version 2.0.0 stepping 03
[    0.576035] Performance Events: Broken PMU hardware detected, using software events only.
[    0.585242] NMI watchdog disabled (cpu0): hardware events not enabled
[    0.588751] Brought up 1 CPUs
[    0.589278] Total of 1 processors activated (4588.74 BogoMIPS).
[    0.613364] devtmpfs: initialized
[    0.644363] EVM: security.selinux
[    0.644859] EVM: security.SMACK64
[    0.645338] EVM: security.capability
[    0.664137] print_constraints: dummy: 
[    0.666400] RTC time: 11:57:35, date: 12/19/15
[    0.669167] NET: Registered protocol family 16
[    0.676781] ACPI: bus type pci registered
[    0.681210] PCI: Using configuration type 1 for base access
[    0.713080] bio: create slab &lt;bio-0&gt; at 0
[    0.718212] ACPI: Added _OSI(Module Device)
[    0.718838] ACPI: Added _OSI(Processor Device)
[    0.720092] ACPI: Added _OSI(3.0 _SCP Extensions)
[    0.720697] ACPI: Added _OSI(Processor Aggregator Device)
[    0.814519] ACPI: Interpreter enabled
[    0.816187] ACPI: (supports S0 S3 S4 S5)
[    0.817857] ACPI: Using IOAPIC for interrupt routing
[    0.909604] ACPI: No dock devices found.
[    0.910242] HEST: Table not found.
[    0.910817] PCI: Using host bridge windows from ACPI; if necessary, use "pci=nocrs" and report a bug
[    0.916652] ACPI: PCI Root Bridge [PCI0] (domain 0000 [bus 00-ff])
[    0.923411] pci_root PNP0A03:00: host bridge window [io  0x0000-0x0cf7]
[    0.924158] pci_root PNP0A03:00: host bridge window [io  0x0d00-0xadff]
[    0.925057] pci_root PNP0A03:00: host bridge window [io  0xae0f-0xaeff]
[    0.928108] pci_root PNP0A03:00: host bridge window [io  0xaf20-0xafdf]
[    0.929195] pci_root PNP0A03:00: host bridge window [io  0xafe4-0xffff]
[    0.930257] pci_root PNP0A03:00: host bridge window [mem 0x000a0000-0x000bffff]
[    0.931094] pci_root PNP0A03:00: host bridge window [mem 0x04000000-0xfebfffff]
[    0.961944] pci 0000:00:01.3: quirk: [io  0xb000-0xb03f] claimed by PIIX4 ACPI
[    0.964183] pci 0000:00:01.3: quirk: [io  0xb100-0xb10f] claimed by PIIX4 SMB
[    1.034069]  pci0000:00: Unable to request _OSC control (_OSC support mask: 0x1e)
[    1.096143] ACPI: PCI Interrupt Link [LNKA] (IRQs 5 *10 11)
[    1.098068] ACPI: PCI Interrupt Link [LNKB] (IRQs 5 *10 11)
[    1.100686] ACPI: PCI Interrupt Link [LNKC] (IRQs 5 10 *11)
[    1.102021] ACPI: PCI Interrupt Link [LNKD] (IRQs 5 10 *11)
[    1.104872] ACPI: PCI Interrupt Link [LNKS] (IRQs *9)
[    1.111054] vgaarb: device added: PCI:0000:00:02.0,decodes=io+mem,owns=io+mem,locks=none
[    1.112196] vgaarb: loaded
[    1.112568] vgaarb: bridge control possible 0000:00:02.0
[    1.117931] i2c-core: driver [aat2870] using legacy suspend method
[    1.118710] i2c-core: driver [aat2870] using legacy resume method
[    1.122450] SCSI subsystem initialized
[    1.129095] usbcore: registered new interface driver usbfs
[    1.131208] usbcore: registered new interface driver hub
[    1.133453] usbcore: registered new device driver usb
[    1.141497] PCI: Using ACPI for IRQ routing
[    1.154041] NetLabel: Initializing
[    1.154499] NetLabel:  domain hash size = 128
[    1.154965] NetLabel:  protocols = UNLABELED CIPSOv4
[    1.157633] NetLabel:  unlabeled traffic allowed by default
[    1.160582] HPET: 3 timers in total, 0 timers will be used for per-cpu timer
[    1.161632] hpet0: at MMIO 0xfed00000, IRQs 2, 8, 0
[    1.162655] hpet0: 3 comparators, 64-bit 100.000000 MHz counter
[    1.180705] Switching to clocksource hpet
[    1.420158] AppArmor: AppArmor Filesystem Enabled
[    1.422825] pnp: PnP ACPI init
[    1.423594] ACPI: bus type pnp registered
[    1.446702] pnp: PnP ACPI: found 9 devices
[    1.447241] ACPI: ACPI bus type pnp unregistered
[    1.513362] NET: Registered protocol family 2
[    1.546684] IP route cache hash table entries: 512 (order: 0, 4096 bytes)
[    1.554381] TCP established hash table entries: 2048 (order: 3, 32768 bytes)
[    1.555530] TCP bind hash table entries: 2048 (order: 3, 32768 bytes)
[    1.557703] TCP: Hash tables configured (established 2048 bind 2048)
[    1.558568] TCP reno registered
[    1.559133] UDP hash table entries: 128 (order: 0, 4096 bytes)
[    1.559833] UDP-Lite hash table entries: 128 (order: 0, 4096 bytes)
[    1.571094] NET: Registered protocol family 1
[    1.572016] pci 0000:00:00.0: Limiting direct PCI/PCI transfers
[    1.573695] pci 0000:00:01.0: PIIX3: Enabling Passive Release
[    1.574681] pci 0000:00:01.0: Activating ISA DMA hang workarounds
[    1.579236] ACPI: PCI Interrupt Link [LNKD] enabled at IRQ 11
[    1.580377] pci 0000:00:01.2: PCI INT D -&gt; Link[LNKD] -&gt; GSI 11 (level, high) -&gt; IRQ 11
[    1.582855] pci 0000:00:01.2: PCI INT D disabled
[    1.603597] Trying to unpack rootfs image as initramfs...
[    1.620068] audit: initializing netlink socket (disabled)
[    1.623023] type=2000 audit(1450526255.620:1): initialized
[    1.899533] HugeTLB registered 2 MB page size, pre-allocated 0 pages
[    1.979836] VFS: Disk quotas dquot_6.5.2
[    1.982219] Dquot-cache hash table entries: 512 (order 0, 4096 bytes)
[    1.997333] fuse init (API version 7.17)
[    2.002610] msgmni has been set to 84
[    2.043437] Block layer SCSI generic (bsg) driver version 0.4 loaded (major 253)
[    2.045804] io scheduler noop registered
[    2.046399] io scheduler deadline registered (default)
[    2.047491] io scheduler cfq registered
[    2.050878] pci_hotplug: PCI Hot Plug PCI Core version: 0.5
[    2.053335] pciehp: PCI Express Hot Plug Controller Driver version: 0.4
[    2.058549] input: Power Button as /devices/LNXSYSTM:00/LNXPWRBN:00/input/input0
[    2.059605] ACPI: Power Button [PWRF]
[    2.104187] ERST: Table is not found!
[    2.105137] GHES: HEST is not enabled!
[    2.115143] ACPI: PCI Interrupt Link [LNKC] enabled at IRQ 10
[    2.115868] virtio-pci 0000:00:03.0: PCI INT A -&gt; Link[LNKC] -&gt; GSI 10 (level, high) -&gt; IRQ 10
[    2.119488] virtio-pci 0000:00:04.0: PCI INT A -&gt; Link[LNKD] -&gt; GSI 11 (level, high) -&gt; IRQ 11
[    2.131220] ACPI: PCI Interrupt Link [LNKA] enabled at IRQ 10
[    2.131924] virtio-pci 0000:00:05.0: PCI INT A -&gt; Link[LNKA] -&gt; GSI 10 (level, high) -&gt; IRQ 10
[    2.146136] Serial: 8250/16550 driver, 32 ports, IRQ sharing enabled
[    2.194482] serial8250: ttyS0 at I/O 0x3f8 (irq = 4) is a 16550A
[    2.290729] serial8250: ttyS1 at I/O 0x2f8 (irq = 3) is a 16550A
[    2.445623] 00:05: ttyS0 at I/O 0x3f8 (irq = 4) is a 16550A
[    2.522533] 00:06: ttyS1 at I/O 0x2f8 (irq = 3) is a 16550A
[    2.578925] Linux agpgart interface v0.103
[    2.590165] Refined TSC clocksource calibration: 2294.412 MHz.
[    2.592449] Switching to clocksource tsc
[    2.655031] brd: module loaded
[    2.682146] loop: module loaded
[    2.729125]  vda: unknown partition table
[    2.782889] scsi0 : ata_piix
[    2.790388] scsi1 : ata_piix
[    2.794614] ata1: PATA max MWDMA2 cmd 0x1f0 ctl 0x3f6 bmdma 0xc0a0 irq 14
[    2.795579] ata2: PATA max MWDMA2 cmd 0x170 ctl 0x376 bmdma 0xc0a8 irq 15
[    2.807209] Fixed MDIO Bus: probed
[    2.808122] tun: Universal TUN/TAP device driver, 1.6
[    2.809111] tun: (C) 1999-2004 Max Krasnyansky &lt;maxk@qualcomm.com&gt;
[    2.829780] PPP generic driver version 2.4.2
[    2.859256] ehci_hcd: USB 2.0 'Enhanced' Host Controller (EHCI) Driver
[    2.860096] ohci_hcd: USB 1.1 'Open' Host Controller (OHCI) Driver
[    2.861947] uhci_hcd: USB Universal Host Controller Interface driver
[    2.863059] uhci_hcd 0000:00:01.2: PCI INT D -&gt; Link[LNKD] -&gt; GSI 11 (level, high) -&gt; IRQ 11
[    2.866560] uhci_hcd 0000:00:01.2: UHCI Host Controller
[    2.881372] uhci_hcd 0000:00:01.2: new USB bus registered, assigned bus number 1
[    2.883128] uhci_hcd 0000:00:01.2: irq 11, io base 0x0000c040
[    2.912109] hub 1-0:1.0: USB hub found
[    2.913458] hub 1-0:1.0: 2 ports detected
[    2.924428] usbcore: registered new interface driver libusual
[    2.927484] i8042: PNP: PS/2 Controller [PNP0303:KBD,PNP0f13:MOU] at 0x60,0x64 irq 1,12
[    2.935911] serio: i8042 KBD port at 0x60,0x64 irq 1
[    2.938598] serio: i8042 AUX port at 0x60,0x64 irq 12
[    2.976017] mousedev: PS/2 mouse device common for all mice
[    2.999211] input: AT Translated Set 2 keyboard as /devices/platform/i8042/serio0/input/input1
[    3.004668] rtc_cmos 00:01: RTC can wake from S4
[    3.019595] rtc_cmos 00:01: rtc core: registered rtc_cmos as rtc0
[    3.023280] rtc0: alarms up to one day, 114 bytes nvram, hpet irqs
[    3.027890] device-mapper: uevent: version 1.0.3
[    3.061670] device-mapper: ioctl: 4.22.0-ioctl (2011-10-19) initialised: dm-devel@redhat.com
[    3.064771] cpuidle: using governor ladder
[    3.066269] cpuidle: using governor menu
[    3.067681] EFI Variables Facility v0.08 2004-May-17
[    3.080123] TCP cubic registered
[    3.087290] NET: Registered protocol family 10
[    3.116029] NET: Registered protocol family 17
[    3.119094] Registering the dns_resolver key type
[    3.127635] ata2.01: ATAPI: QEMU DVD-ROM, 2.0.0, max UDMA/100
[    3.139736] ata2.01: configured for MWDMA2
[    3.172079] scsi 1:0:1:0: CD-ROM            QEMU     QEMU DVD-ROM     2.0. PQ: 0 ANSI: 5
[    3.208618] sr0: scsi3-mmc drive: 4x/4x cd/rw xa/form2 tray
[    3.211079] cdrom: Uniform CD-ROM driver Revision: 3.20
[    3.234927] sr 1:0:1:0: Attached scsi generic sg0 type 5
[    3.274898] registered taskstats version 1
[    3.338913] Freeing initrd memory: 3656k freed
[    3.831830]   Magic number: 11:74:985
[    3.847643] rtc_cmos 00:01: setting system clock to 2015-12-19 11:57:38 UTC (1450526258)
[    3.851742] powernow-k8: Processor cpuid 663 not supported
[    3.860044] BIOS EDD facility v0.16 2004-Jun-25, 0 devices found
[    3.862114] EDD information not available.
[    3.914472] Freeing unused kernel memory: 928k freed
[    3.921240] Write protecting the kernel read-only data: 12288k
[    4.040225] Freeing unused kernel memory: 1596k freed
[    4.128010] Freeing unused kernel memory: 1184k freed

info: initramfs: up at 4.30
modprobe: module virtio_blk not found in modules.dep
modprobe: module virtio_net not found in modules.dep
info: copying initramfs to /dev/vda
info: initramfs loading root from /dev/vda
info: /etc/init.d/rc.sysinit: up at 8.77
info: container: none
Starting logging: OK
modprobe: module virtio_blk not found in modules.dep
modprobe: module virtio_net not found in modules.dep
WARN: /etc/rc3.d/S10-load-modules failed
Initializing random number generator... done.
Starting acpid: OK
cirros-ds 'local' up at 11.25
found datasource (configdrive, local)
Starting network...
udhcpc (v1.20.1) started
Sending discover...
Sending discover...
Sending discover...
Usage: /sbin/cirros-dhcpc &lt;up|down&gt;
No lease, failing
WARN: /etc/rc3.d/S40-network failed
Starting dropbear sshd: generating rsa key... generating dsa key... OK
no userdata for datasource
=== system information ===
Platform: OpenStack Foundation OpenStack Nova
Container: none
Arch: x86_64
CPU(s): 1 @ 2294.374 MHz
Cores/Sockets/Threads: 1/1/1
Virt-type: AMD-V
RAM Size: 49MB
Disks:
NAME MAJ:MIN     SIZE LABEL         MOUNTPOINT
vda  253:0   25165824 cirros-rootfs /
sr0   11:0     428032 config-2      
=== sshd host keys ===
-----BEGIN SSH HOST KEY KEYS-----
ssh-rsa AAAAB3NzaC1yc2EAAAADAQABAAAAgwDQQRJsfMFbPG/4+VLIJrqQaOxkk6lUu4ri/y9RxlUGqBIAQ94tyuuWi9CF8MjJxRSo7hjKBlh+reuCYE1SckfPzkRFPzRI4sPM2YA4qoHHuh3vgmXTVoi9DxDNpXdT6VWYABps4loSwNLqpDKfq4p79iPHBaH6D2AqOf24LG3wvnJn root@tempest
ssh-dss AAAAB3NzaC1kc3MAAACBALamFxLomjL4x+IKgK7xhBVpOHd8H0PHvkNX3ylQehSh7hEZL9F5bRtXW16bQF9aE4fOpYDqvEoCVhN2DQaFwS6JCQojD3cjjeLnX0+hTcyuL9zVRhMTJv1eioXEC+37u4ku6i8ZC5W+A92Y1uh29IN3XNw2+YQK4GkI/CK4+MUrAAAAFQCAv6jPz4AbFTSxB57xWsJzJm0YwwAAAIBxZEcY/NxIVvB2OlDoPumUjc5H0JVauFoG5QXmtgsp8C+MZT1PKjKWCD2XImuSnUbywBcMxccq1Ik8zKOyjdssO5g+UGCOfLuj1plP1nJT0kXNlG9ULQjbvrR0QbxiolCOonZ5ErL812jupcob2huJNb7N0KjrvhQyZ6711jsl9gAAAIEAszTOQ0js1DN6d/OO1osZTAWLEsdJkaRmKWAal5ORD6IYPcWlsy9GTy9z4ytr0DSgEtoiw3vdz2fbauV3e6bZiqKIler99F1TPO3FM/dKnNKnO7Ha91kxUHa6Ycc3LUE+nTKx3sv74jUOulggtN/vBNfTVemB2iKigB9KfL3eWNM= root@tempest
-----END SSH HOST KEY KEYS-----
=== network info ===
if-info: lo,up,127.0.0.1,8,::1
if-info: eth0,up,,8,fe80::f816:3eff:fea8:561f
=== datasource: configdrive local ===
instance-id: af530161-101d-4704-8467-2d5f5ec104a2
name: tempest.common.compute-instance-1674196196
availability-zone: nova
local-hostname: tempest.common.compute-instance-1674196196.novalocal
launch-index: 0
=== cirros: current=0.3.4 uptime=202.71 ===
route: fscanf
=== pinging gateway failed, debugging connection ===
############ debug start ##############
### /etc/init.d/sshd start
Starting dropbear sshd: OK
route: fscanf
### ifconfig -a
eth0      Link encap:Ethernet  HWaddr FA:16:3E:A8:56:1F  
          inet6 addr: fe80::f816:3eff:fea8:561f/64 Scope:Link
          UP BROADCAST RUNNING MULTICAST  MTU:1500  Metric:1
          RX packets:12 errors:0 dropped:5 overruns:0 frame:0
          TX packets:8 errors:0 dropped:0 overruns:0 carrier:0
          collisions:0 txqueuelen:1000 
          RX bytes:1293 (1.2 KiB)  TX bytes:1134 (1.1 KiB)

lo        Link encap:Local Loopback  
          inet addr:127.0.0.1  Mask:255.0.0.0
          inet6 addr: ::1/128 Scope:Host
          UP LOOPBACK RUNNING  MTU:16436  Metric:1
          RX packets:12 errors:0 dropped:0 overruns:0 frame:0
          TX packets:12 errors:0 dropped:0 overruns:0 carrier:0
          collisions:0 txqueuelen:0 
          RX bytes:1020 (1020.0 B)  TX bytes:1020 (1020.0 B)

### route -n
Kernel IP routing table
Destination     Gateway         Genmask         Flags Metric Ref    Use Iface
route: fscanf
### cat /etc/resolv.conf
cat: can't open '/etc/resolv.conf': No such file or directory
### gateway not found
/sbin/cirros-status: line 1: can't open /etc/resolv.conf: no such file
### pinging nameservers
### uname -a
Linux tempest 3.2.0-80-virtual #116-Ubuntu SMP Mon Mar 23 17:28:52 UTC 2015 x86_64 GNU/Linux
### lsmod
Module                  Size  Used by    Not tainted
nls_iso8859_1          12713  0 
nls_cp437              16991  0 
vfat                   17585  0 
fat                    61512  1 vfat
isofs                  40259  0 
ip_tables              27473  0 
x_tables               29891  1 ip_tables
pcnet32                42119  0 
8139cp                 27360  0 
ne2k_pci               13691  0 
8390                   18856  1 ne2k_pci
e1000                 108589  0 
acpiphp                24231  0 
### dmesg | tail
[    5.087086] EXT3-fs (vda): mounted filesystem with ordered data mode
[    5.375838] ISO 9660 Extensions: Microsoft Joliet Level 3
[    5.449588] ISO 9660 Extensions: RRIP_1991A
[    5.670709] kjournald starting.  Commit interval 5 seconds
[    5.685710] EXT3-fs (vda): using internal journal
[    5.685858] EXT3-fs (vda): mounted filesystem with ordered data mode
[    8.836595] EXT3-fs (vda): using internal journal
[   12.010659] ISO 9660 Extensions: Microsoft Joliet Level 3
[   12.104137] ISO 9660 Extensions: RRIP_1991A
[   26.979910] eth0: no IPv6 routers present
### tail -n 25 /var/log/messages
Dec 19 11:57:44 cirros kern.info kernel: [    4.598674] acpiphp: Slot [26] registered
Dec 19 11:57:44 cirros kern.info kernel: [    4.598958] acpiphp: Slot [27] registered
Dec 19 11:57:44 cirros kern.info kernel: [    4.599106] acpiphp: Slot [28] registered
Dec 19 11:57:44 cirros kern.info kernel: [    4.599444] acpiphp: Slot [29] registered
Dec 19 11:57:44 cirros kern.info kernel: [    4.599694] acpiphp: Slot [30] registered
Dec 19 11:57:44 cirros kern.info kernel: [    4.601213] acpiphp: Slot [31] registered
Dec 19 11:57:44 cirros kern.info kernel: [    4.651689] e1000: Intel(R) PRO/1000 Network Driver - version 7.3.21-k8-NAPI
Dec 19 11:57:44 cirros kern.info kernel: [    4.651739] e1000: Copyright (c) 1999-2006 Intel Corporation.
Dec 19 11:57:44 cirros kern.info kernel: [    4.689235] ne2k-pci.c:v1.03 9/22/2003 D. Becker/P. Gortmaker
Dec 19 11:57:44 cirros kern.info kernel: [    4.722204] 8139cp: 8139cp: 10/100 PCI Ethernet driver v1.3 (Mar 22, 2004)
Dec 19 11:57:44 cirros kern.info kernel: [    4.761872] pcnet32: pcnet32.c:v1.35 21.Apr.2008 tsbogend@alpha.franken.de
Dec 19 11:57:44 cirros kern.info kernel: [    4.800177] ip_tables: (C) 2000-2006 Netfilter Core Team
Dec 19 11:57:44 cirros kern.info kernel: [    5.080074] kjournald starting.  Commit interval 5 seconds
Dec 19 11:57:44 cirros kern.info kernel: [    5.087086] EXT3-fs (vda): mounted filesystem with ordered data mode
Dec 19 11:57:44 cirros kern.debug kernel: [    5.375838] ISO 9660 Extensions: Microsoft Joliet Level 3
Dec 19 11:57:44 cirros kern.debug kernel: [    5.449588] ISO 9660 Extensions: RRIP_1991A
Dec 19 11:57:44 cirros kern.info kernel: [    5.670709] kjournald starting.  Commit interval 5 seconds
Dec 19 11:57:44 cirros kern.info kernel: [    5.685710] EXT3-fs (vda): using internal journal
Dec 19 11:57:44 cirros kern.info kernel: [    5.685858] EXT3-fs (vda): mounted filesystem with ordered data mode
Dec 19 11:57:44 cirros kern.info kernel: [    8.836595] EXT3-fs (vda): using internal journal
Dec 19 11:57:46 cirros kern.debug kernel: [   12.010659] ISO 9660 Extensions: Microsoft Joliet Level 3
Dec 19 11:57:46 cirros kern.debug kernel: [   12.104137] ISO 9660 Extensions: RRIP_1991A
Dec 19 11:57:49 cirros auth.notice su: + /dev/console root:cirros
Dec 19 11:58:01 cirros kern.debug kernel: [   26.979910] eth0: no IPv6 routers present
Dec 19 12:00:55 cirros authpriv.info dropbear[283]: Running in background
############ debug end   ##############
  ____               ____  ____
 / __/ __ ____ ____ / __ \/ __/
/ /__ / // __// __// /_/ /\ \ 
\___//_//_/  /_/   \____/___/ 
   http://cirros-cloud.net


login as 'cirros' user. default password: 'cubswin:)'. use 'sudo' for root.
tempest login: 
2015-12-19 12:02:37,961 20259 INFO     [tempest_lib.common.rest_client] Request (TestGettingAddress:_run_cleanups): 204 DELETE http://10.0.2.15:9696/v2.0/floatingips/0de1ed96-4fe3-42e2-8b61-7d48a1223c91 0.344s
2015-12-19 12:02:37,962 20259 DEBUG    [tempest_lib.common.rest_client] Request - Headers: {'Content-Type': 'application/json', 'Accept': 'application/json', 'X-Auth-Token': '&lt;omitted&gt;'}
        Body: None
    Response - Headers: {'date': 'Sat, 19 Dec 2015 12:02:37 GMT', 'status': '204', 'connection': 'close', 'content-length': '0', 'x-openstack-request-id': 'req-c381b198-1e27-4399-a02e-bfd38831c580'}
        Body: 
2015-12-19 12:02:38,215 20259 INFO     [tempest_lib.common.rest_client] Request (TestGettingAddress:_run_cleanups): 204 DELETE http://10.0.2.15:8774/v2.1/55b183c2b2d74b96bd3729c754b74843/servers/af530161-101d-4704-8467-2d5f5ec104a2 0.252s
2015-12-19 12:02:38,216 20259 DEBUG    [tempest_lib.common.rest_client] Request - Headers: {'Content-Type': 'application/json', 'Accept': 'application/json', 'X-Auth-Token': '&lt;omitted&gt;'}
        Body: None
    Response - Headers: {'status': '204', 'content-length': '0', 'x-compute-request-id': 'req-536badb1-194a-458b-b281-a2599b67df72', 'vary': 'X-OpenStack-Nova-API-Version', 'connection': 'close', 'x-openstack-nova-api-version': '2.1', 'date': 'Sat, 19 Dec 2015 12:02:38 GMT', 'content-type': 'application/json'}
        Body: 
2015-12-19 12:02:38,544 20259 INFO     [tempest_lib.common.rest_client] Request (TestGettingAddress:_run_cleanups): 200 GET http://10.0.2.15:8774/v2.1/55b183c2b2d74b96bd3729c754b74843/servers/af530161-101d-4704-8467-2d5f5ec104a2 0.326s
2015-12-19 12:02:38,544 20259 DEBUG    [tempest_lib.common.rest_client] Request - Headers: {'Content-Type': 'application/json', 'Accept': 'application/json', 'X-Auth-Token': '&lt;omitted&gt;'}
        Body: None
    Response - Headers: {'status': '200', 'content-length': '1903', 'content-location': 'http://10.0.2.15:8774/v2.1/55b183c2b2d74b96bd3729c754b74843/servers/af530161-101d-4704-8467-2d5f5ec104a2', 'x-compute-request-id': 'req-18602784-d512-4337-9e8e-e445919b74a5', 'vary': 'X-OpenStack-Nova-API-Version', 'connection': 'close', 'x-openstack-nova-api-version': '2.1', 'date': 'Sat, 19 Dec 2015 12:02:38 GMT', 'content-type': 'application/json'}
        Body: {"server": {"status": "ACTIVE", "updated": "2015-12-19T12:02:38Z", "hostId": "1da4b3cebd666e47da1a588942eb4d5d73450db53b99f63b36ec04bc", "addresses": {"tempest-network-smoke--211834580": [{"OS-EXT-IPS-MAC:mac_addr": "fa:16:3e:a8:56:1f", "version": 6, "addr": "2003::f816:3eff:fea8:561f", "OS-EXT-IPS:type": "fixed"}, {"OS-EXT-IPS-MAC:mac_addr": "fa:16:3e:a8:56:1f", "version": 4, "addr": "10.100.0.3", "OS-EXT-IPS:type": "fixed"}, {"OS-EXT-IPS-MAC:mac_addr": "fa:16:3e:a8:56:1f", "version": 4, "addr": "172.24.4.4", "OS-EXT-IPS:type": "floating"}]}, "links": [{"href": "http://10.0.2.15:8774/v2.1/55b183c2b2d74b96bd3729c754b74843/servers/af530161-101d-4704-8467-2d5f5ec104a2", "rel": "self"}, {"href": "http://10.0.2.15:8774/55b183c2b2d74b96bd3729c754b74843/servers/af530161-101d-4704-8467-2d5f5ec104a2", "rel": "bookmark"}], "key_name": "tempest-TestGettingAddress-1752622711", "image": {"id": "15b50b14-857c-4124-8e69-bce799a1230d", "links": [{"href": "http://10.0.2.15:8774/55b183c2b2d74b96bd3729c754b74843/images/15b50b14-857c-4124-8e69-bce799a1230d", "rel": "bookmark"}]}, "OS-EXT-STS:task_state": "deleting", "OS-EXT-STS:vm_state": "active", "OS-SRV-USG:launched_at": "2015-12-19T11:57:31.000000", "flavor": {"id": "42", "links": [{"href": "http://10.0.2.15:8774/55b183c2b2d74b96bd3729c754b74843/flavors/42", "rel": "bookmark"}]}, "id": "af530161-101d-4704-8467-2d5f5ec104a2", "security_groups": [{"name": "tempest-secgroup-smoke-902559236"}], "OS-SRV-USG:terminated_at": null, "OS-EXT-AZ:availability_zone": "nova", "user_id": "8bc647e88bb64cf2a741894fcf3994b0", "name": "tempest.common.compute-instance-1674196196", "created": "2015-12-19T11:57:28Z", "tenant_id": "55b183c2b2d74b96bd3729c754b74843", "OS-DCF:diskConfig": "MANUAL", "os-extended-volumes:volumes_attached": [], "accessIPv4": "", "accessIPv6": "", "progress": 0, "OS-EXT-STS:power_state": 1, "config_drive": "True", "metadata": {}}}
2015-12-19 12:02:39,682 20259 INFO     [tempest_lib.common.rest_client] Request (TestGettingAddress:_run_cleanups): 200 GET http://10.0.2.15:8774/v2.1/55b183c2b2d74b96bd3729c754b74843/servers/af530161-101d-4704-8467-2d5f5ec104a2 0.128s
2015-12-19 12:02:39,683 20259 DEBUG    [tempest_lib.common.rest_client] Request - Headers: {'Content-Type': 'application/json', 'Accept': 'application/json', 'X-Auth-Token': '&lt;omitted&gt;'}
        Body: None
    Response - Headers: {'status': '200', 'content-length': '1440', 'content-location': 'http://10.0.2.15:8774/v2.1/55b183c2b2d74b96bd3729c754b74843/servers/af530161-101d-4704-8467-2d5f5ec104a2', 'x-compute-request-id': 'req-4ed19f01-b926-4fdd-9aa2-ed51a79a48c6', 'vary': 'X-OpenStack-Nova-API-Version', 'connection': 'close', 'x-openstack-nova-api-version': '2.1', 'date': 'Sat, 19 Dec 2015 12:02:39 GMT', 'content-type': 'application/json'}
        Body: {"server": {"status": "ACTIVE", "updated": "2015-12-19T12:02:38Z", "hostId": "1da4b3cebd666e47da1a588942eb4d5d73450db53b99f63b36ec04bc", "addresses": {}, "links": [{"href": "http://10.0.2.15:8774/v2.1/55b183c2b2d74b96bd3729c754b74843/servers/af530161-101d-4704-8467-2d5f5ec104a2", "rel": "self"}, {"href": "http://10.0.2.15:8774/55b183c2b2d74b96bd3729c754b74843/servers/af530161-101d-4704-8467-2d5f5ec104a2", "rel": "bookmark"}], "key_name": "tempest-TestGettingAddress-1752622711", "image": {"id": "15b50b14-857c-4124-8e69-bce799a1230d", "links": [{"href": "http://10.0.2.15:8774/55b183c2b2d74b96bd3729c754b74843/images/15b50b14-857c-4124-8e69-bce799a1230d", "rel": "bookmark"}]}, "OS-EXT-STS:task_state": "deleting", "OS-EXT-STS:vm_state": "active", "OS-SRV-USG:launched_at": "2015-12-19T11:57:31.000000", "flavor": {"id": "42", "links": [{"href": "http://10.0.2.15:8774/55b183c2b2d74b96bd3729c754b74843/flavors/42", "rel": "bookmark"}]}, "id": "af530161-101d-4704-8467-2d5f5ec104a2", "OS-SRV-USG:terminated_at": null, "OS-EXT-AZ:availability_zone": "nova", "user_id": "8bc647e88bb64cf2a741894fcf3994b0", "name": "tempest.common.compute-instance-1674196196", "created": "2015-12-19T11:57:28Z", "tenant_id": "55b183c2b2d74b96bd3729c754b74843", "OS-DCF:diskConfig": "MANUAL", "os-extended-volumes:volumes_attached": [], "accessIPv4": "", "accessIPv6": "", "progress": 0, "OS-EXT-STS:power_state": 1, "config_drive": "True", "metadata": {}}}
2015-12-19 12:02:40,918 20259 INFO     [tempest_lib.common.rest_client] Request (TestGettingAddress:_run_cleanups): 404 GET http://10.0.2.15:8774/v2.1/55b183c2b2d74b96bd3729c754b74843/servers/af530161-101d-4704-8467-2d5f5ec104a2 0.225s
2015-12-19 12:02:40,919 20259 DEBUG    [tempest_lib.common.rest_client] Request - Headers: {'Content-Type': 'application/json', 'Accept': 'application/json', 'X-Auth-Token': '&lt;omitted&gt;'}
        Body: None
    Response - Headers: {'status': '404', 'content-length': '111', 'x-compute-request-id': 'req-9406600b-ee10-4d88-b85f-b10791cc2604', 'vary': 'X-OpenStack-Nova-API-Version', 'connection': 'close', 'x-openstack-nova-api-version': '2.1', 'date': 'Sat, 19 Dec 2015 12:02:40 GMT', 'content-type': 'application/json; charset=UTF-8'}
        Body: {"itemNotFound": {"message": "Instance af530161-101d-4704-8467-2d5f5ec104a2 could not be found.", "code": 404}}
2015-12-19 12:02:41,262 20259 INFO     [tempest_lib.common.rest_client] Request (TestGettingAddress:_run_cleanups): 200 PUT http://10.0.2.15:9696/v2.0/routers/3e6ea5ba-a44e-4061-b2e2-b5cc43fcdb82/remove_router_interface 0.342s
2015-12-19 12:02:41,263 20259 DEBUG    [tempest_lib.common.rest_client] Request - Headers: {'Content-Type': 'application/json', 'Accept': 'application/json', 'X-Auth-Token': '&lt;omitted&gt;'}
        Body: {"subnet_id": "f578a4da-7c65-497e-8fc9-46cf537519d7"}
    Response - Headers: {'status': '200', 'content-length': '255', 'connection': 'close', 'date': 'Sat, 19 Dec 2015 12:02:41 GMT', 'content-type': 'application/json; charset=UTF-8', 'x-openstack-request-id': 'req-a146d93e-191c-451c-87d2-fd8bc50c76bb'}
        Body: {"subnet_id": "f578a4da-7c65-497e-8fc9-46cf537519d7", "tenant_id": "55b183c2b2d74b96bd3729c754b74843", "subnet_ids": ["f578a4da-7c65-497e-8fc9-46cf537519d7"], "port_id": "d0f41a65-9841-49c9-bd43-ff9af7dfa660", "id": "3e6ea5ba-a44e-4061-b2e2-b5cc43fcdb82"}
2015-12-19 12:02:41,643 20259 INFO     [tempest_lib.common.rest_client] Request (TestGettingAddress:_run_cleanups): 204 DELETE http://10.0.2.15:9696/v2.0/subnets/f578a4da-7c65-497e-8fc9-46cf537519d7 0.379s
2015-12-19 12:02:41,644 20259 DEBUG    [tempest_lib.common.rest_client] Request - Headers: {'Content-Type': 'application/json', 'Accept': 'application/json', 'X-Auth-Token': '&lt;omitted&gt;'}
        Body: None
    Response - Headers: {'date': 'Sat, 19 Dec 2015 12:02:41 GMT', 'status': '204', 'connection': 'close', 'content-length': '0', 'x-openstack-request-id': 'req-748233a5-542e-4009-ac98-6ec19a93d760'}
        Body: 
2015-12-19 12:02:41,674 20259 INFO     [tempest_lib.common.rest_client] Request (TestGettingAddress:_run_cleanups): 404 DELETE http://10.0.2.15:9696/v2.0/subnets/f578a4da-7c65-497e-8fc9-46cf537519d7 0.029s
2015-12-19 12:02:41,674 20259 DEBUG    [tempest_lib.common.rest_client] Request - Headers: {'Content-Type': 'application/json', 'Accept': 'application/json', 'X-Auth-Token': '&lt;omitted&gt;'}
        Body: None
