<?xml version="1.0" encoding="UTF-8"?>
<!DOCTYPE html PUBLIC "-//W3C//DTD XHTML 1.0 Strict//EN"
     "http://www.w3.org/TR/xhtml1/DTD/xhtml1-strict.dtd">
<html xmlns="http://www.w3.org/1999/xhtml">
<head>
    <title>Unit Test Report</title>
    <meta name="generator" content="subunit2html 0.1"/>
    <meta http-equiv="Content-Type" content="text/html; charset=UTF-8"/>
    
<style type="text/css" media="screen">
body        { font-family: verdana, arial, helvetica, sans-serif;
    font-size: 80%; }
table       { font-size: 100%; width: 100%;}
pre         { font-size: 80%; }

/* -- heading -------------------------------------------------------------- */
h1 {
        font-size: 16pt;
        color: gray;
}
.heading {
    margin-top: 0ex;
    margin-bottom: 1ex;
}

.heading .attribute {
    margin-top: 1ex;
    margin-bottom: 0;
}

.heading .description {
    margin-top: 4ex;
    margin-bottom: 6ex;
}

/* -- css div popup -------------------------------------------------------- */
a.popup_link {
}

a.popup_link:hover {
    color: red;
}

.popup_window {
    display: none;
    overflow-x: scroll;
    /*border: solid #627173 1px; */
    padding: 10px;
    background-color: #E6E6D6;
    font-family: "Ubuntu Mono", "Lucida Console", "Courier New", monospace;
    text-align: left;
    font-size: 8pt;
}

}
/* -- report --------------------------------------------------------------- */
#show_detail_line {
    margin-top: 3ex;
    margin-bottom: 1ex;
}
#result_table {
    width: 100%;
    border-collapse: collapse;
    border: 1px solid #777;
}
#header_row {
    font-weight: bold;
    color: white;
    background-color: #777;
}
#result_table td {
    border: 1px solid #777;
    padding: 2px;
}
#total_row  { font-weight: bold; }
.passClass  { background-color: #6c6; }
.failClass  { background-color: #c60; }
.errorClass { background-color: #c00; }
.passCase   { color: #6c6; }
.failCase   { color: #c60; font-weight: bold; }
.errorCase  { color: #c00; font-weight: bold; }
.hiddenRow  { display: none; }
.testcase   { margin-left: 2em; }
td.testname {width: 40%}
td.small {width: 40px}

/* -- ending --------------------------------------------------------------- */
#ending {
}

</style>

</head>
<body>
<script language="javascript" type="text/javascript"><!--
output_list = Array();

/* level - 0:Summary; 1:Failed; 2:All */
function showCase(level) {
    trs = document.getElementsByTagName("tr");
    for (var i = 0; i < trs.length; i++) {
        tr = trs[i];
        id = tr.id;
        if (id.substr(0,2) == 'ft') {
            if (level < 1) {
                tr.className = 'hiddenRow';
            }
            else {
                tr.className = '';
            }
        }
        if (id.substr(0,2) == 'pt') {
            if (level > 1) {
                tr.className = '';
            }
            else {
                tr.className = 'hiddenRow';
            }
        }
    }
}


function showClassDetail(cid, count) {
    var id_list = Array(count);
    var toHide = 1;
    for (var i = 0; i < count; i++) {
        tid0 = 't' + cid.substr(1) + '.' + (i+1);
        tid = 'f' + tid0;
        tr = document.getElementById(tid);
        if (!tr) {
            tid = 'p' + tid0;
            tr = document.getElementById(tid);
        }
        id_list[i] = tid;
        if (tr.className) {
            toHide = 0;
        }
    }
    for (var i = 0; i < count; i++) {
        tid = id_list[i];
        if (toHide) {
            document.getElementById('div_'+tid).style.display = 'none'
            document.getElementById(tid).className = 'hiddenRow';
        }
        else {
            document.getElementById(tid).className = '';
        }
    }
}


function showTestDetail(div_id){
    var details_div = document.getElementById(div_id)
    var displayState = details_div.style.display
    // alert(displayState)
    if (displayState != 'block' ) {
        displayState = 'block'
        details_div.style.display = 'block'
    }
    else {
        details_div.style.display = 'none'
    }
}


function html_escape(s) {
    s = s.replace(/&/g,'&amp;');
    s = s.replace(/</g,'&lt;');
    s = s.replace(/>/g,'&gt;');
    return s;
}

/* obsoleted by detail in <div>
function showOutput(id, name) {
    var w = window.open("", //url
                    name,
                    "resizable,scrollbars,status,width=800,height=450");
    d = w.document;
    d.write("<pre>");
    d.write(html_escape(output_list[id]));
    d.write("\n");
    d.write("<a href='javascript:window.close()'>close</a>\n");
    d.write("</pre>\n");
    d.close();
}
*/
--></script>

<div class='heading'>
<h1>Unit Test Report</h1>

<p class='attribute'><strong>Status:</strong> Pass 2 Failure 6</p>

<p class='description'></p>
</div>



<p id='show_detail_line'>Show
<a href='javascript:showCase(0)'>Summary</a>
<a href='javascript:showCase(1)'>Failed</a>
<a href='javascript:showCase(2)'>All</a>
</p>
<table id='result_table'>
<colgroup>
<col align='left' />
<col align='right' />
<col align='right' />
<col align='right' />
<col align='right' />
<col align='right' />
<col align='right' />
<col align='right' />
</colgroup>
<tr id='header_row'>
    <td>Test Group/Test case</td>
    <td>Count</td>
    <td>Pass</td>
    <td>Fail</td>
    <td>Error</td>
    <td>Skip</td>
    <td>View</td>
    <td> </td>
</tr>

<tr class='failClass'>
    <td class="testname">tempest.scenario.test_network_v6.TestGettingAddress</td>
    <td class="small">8</td>
    <td class="small">2</td>
    <td class="small">6</td>
    <td class="small">0</td>
    <td class="small">0</td>
    <td class="small"><a href="javascript:showClassDetail('c1',8)"
>Detail</a></td>
    <td> </td>
</tr>

<tr id='ft1.1' class='none'>
    <td class='failCase'><div class='testcase'>test_dhcp6_stateless_from_os[compute,id-d7e1f858-187c-45a6-89c9-bdafde619a9f,network]</div></td>
    <td colspan='7' align='left'>

    <!--css div popup start-->
    <a class="popup_link" onfocus='this.blur();'
    href="javascript:showTestDetail('div_ft1.1')" >
        fail</a>

    <div id='div_ft1.1' class="popup_window">
        <div style='text-align: right; color:red;cursor:pointer'>
        <a onfocus='this.blur();'
onclick="document.getElementById('div_ft1.1').style.display = 'none' " >
           [x]</a>
        </div>
        <pre>
        
ft1.1: tempest.scenario.test_network_v6.TestGettingAddress.test_dhcp6_stateless_from_os[compute,id-d7e1f858-187c-45a6-89c9-bdafde619a9f,network]_StringException: Empty attachments:
  stderr
  stdout

pythonlogging:'': {{{
2015-12-07 12:26:33,930 27213 INFO     [tempest_lib.common.rest_client] Request (TestGettingAddress:setUp): 200 POST http://10.0.2.15:8774/v2.1/3c9339f319e94c33a0481e2accc3f359/os-keypairs 0.418s
2015-12-07 12:26:33,931 27213 DEBUG    [tempest_lib.common.rest_client] Request - Headers: {'Content-Type': 'application/json', 'Accept': 'application/json', 'X-Auth-Token': '&lt;omitted&gt;'}
        Body: {"keypair": {"name": "tempest-TestGettingAddress-1528449052"}}
    Response - Headers: {'status': '200', 'content-length': '2320', 'x-compute-request-id': 'req-79ddf996-ec14-4b6e-8aff-c6856f632bae', 'vary': 'X-OpenStack-Nova-API-Version', 'connection': 'close', 'x-openstack-nova-api-version': '2.1', 'date': 'Mon, 07 Dec 2015 12:26:33 GMT', 'content-type': 'application/json'}
        Body: {"keypair": {"public_key": "ssh-rsa AAAAB3NzaC1yc2EAAAADAQABAAABAQC+lvIN6fbHAdLWG8cG2ALZNS3AjpYWnjLkzLJxnk0xvfPUI9n4jHqB5MGUQ4CfTrfsADcAzUAGSgAjX3pCBRg4hxPT1Dd6rme28rMUx3/TesDZog+oSF7J7Evh35oqQEVwfcax0iO3LsQq+0jtP6WBlC8t2jABD5bIFo75e7d0neOUO28gSzzp4mkI/OneUT/9md/vtGjYe4Oika0Nu0JI9t/qzjBHLknc1yhWkTZ+KfraAkZzzvjABipjSRq6ZNwnT5bVccQd1PiWxIG/DvcbTYDuUkCmJ8wRwQBDU/vvNWFl3yxYsLz33y5tNsg0e4OuY0rCjpVBC/Af8722VbiL Generated-by-Nova", "private_key": "-----BEGIN RSA PRIVATE KEY-----\nMIIEqQIBAAKCAQEAvpbyDen2xwHS1hvHBtgC2TUtwI6WFp4y5MyycZ5NMb3z1CPZ\n+Ix6geTBlEOAn0637AA3AM1ABkoAI196QgUYOIcT09Q3eq5ntvKzFMd/03rA2aIP\nqEheyexL4d+aKkBFcH3GsdIjty7EKvtI7T+lgZQvLdowAQ+WyBaO+Xu3dJ3jlDtv\nIEs86eJpCPzp3lE//Znf77Ro2HuDopGtDbtCSPbf6s4wRy5J3NcoVpE2fin62gJG\nc874wAYqY0kaumTcJ0+W1XHEHdT4lsSBvw73G02A7lJApifMEcEAQ1P77zVhZd8s\nWLC8998ubTbINHuDrmNKwo6VQQvwH/O9tlW4iwIDAQABAoIBABCj6TphxRQXCqt6\n/WORlJ4WUIpRaLVM1rC3VpUo9yByr0lEYBGdYkzZBjXFtwMxwkkus560TPS/nUd5\nXJlLDJRS5t5F1xo1BAUrJ4uW54g1XYUi6y8MMop6wR1VgoZR2j46HREFgezKfoIq\nMnHUbsTjhUMBm9Nb4xRRM+aAcMITqBvtY3236Uvz4O5nLqmFybQwvVVFyy4NY14/\nq9TmbA0YWeMEBNbUt1vYmboeMXkSAMFsOJ1a8JSLaXsFUmgGoMuze7eKupT6mjqo\nLl0/JQdIHOMNdg41BNAkRsmQZ1uO/xEA59o9ZOraDG6yKBJRLwzBifOcgoPaF7TI\nZ5aPq6ECggCBAMKutcg1d1BVJpiNJ0yZCyJIGtS3DkO8hrDd3MGdsxSx8BFjJp2n\nbkJiAPa4xf7lweA1t6+pfpISnHI/rMasRAEzZ9KxzFJg2Z4kFvRyTLctcb64Z1tP\nDnhGNtTqVVHxs6K9cGO1e3ABs9WbFPLp5LDpe0gbt1mRqc3Yc11oNU6zAoIAgQD6\nnjrIsN8+GkYFLKPn3V5PXvM1i13qPSCxrWVHk11owd5/R5d5FZ02nDbZtzWgUabt\nH179FX8cs392LG7mBmMIe6H/mNgVf4vO5L7df7HF8y0WcqiKzVemEGPUpkBj1xq5\n6mFS1OciLfYMpAYmVpzYxFfT5GG9xYwHqjErpfBayQKCAIBYuNxZSJx+fL/hJ/rv\n+pNLZUbtCBu1HPbZJdMUXbUeSlVY5zHTCVnDYPyFdAGvv6+SaYizwm/PTDIGEyS/\nSgSX84BuUd8G7+JdIp9febOii1BaFZnsz+ONRpp4f+6wMJGoKeNNXYjKq8v0Hf/3\nEEbLpSws2Yy+gha7m9g/il045wKCAIEA6Bkd67sSJJuEeUpMSXGT5AHVT6NQSJxv\n6NzizRTHDztsaYfN2k+QF4E4swyfV2gHJddFyzDbVaNOygyAb/s+QB7vepz8kXxb\n6DGkKdIWu3JoMT/ioxlksODA87E8NLqDf+Z2V5XgsKDMHAzTvTG9dGrxw8TgWDXZ\nZ0fQ3dGB9TECggCBAKbfD8gs1tSY7hJWH7TPIeHZXm/7FQ6dfHoIUX0fll28Rkjy\nmzqjJMZx9kzxFBGqBkdffEmuPgaJb/K3vE789wIfwk0KvKGd8KfWlr8BiBHQxgk8\nqL9UklhYcooW8I+nWrN6BVbQg78VxHyaYrVrihvj3y0F2cpouEa4PvTh58FH\n-----END RSA PRIVATE KEY-----\n", "user_id": "52d7938142f94f4b81481068fdf8aac3", "name": "tempest-TestGettingAddress-1528449052", "fingerprint": "3a:0e:6b:af:ce:e5:88:79:00:e0:ec:31:a4:40:62:e3"}}
2015-12-07 12:26:34,287 27213 INFO     [tempest_lib.common.rest_client] Request (TestGettingAddress:setUp): 201 POST http://10.0.2.15:9696/v2.0/security-groups 0.352s
2015-12-07 12:26:34,288 27213 DEBUG    [tempest_lib.common.rest_client] Request - Headers: {'Content-Type': 'application/json', 'Accept': 'application/json', 'X-Auth-Token': '&lt;omitted&gt;'}
        Body: {"security_group": {"tenant_id": "3c9339f319e94c33a0481e2accc3f359", "description": "tempest-secgroup-smoke-1245027801 description", "name": "tempest-secgroup-smoke-1245027801"}}
    Response - Headers: {'status': '201', 'content-length': '888', 'connection': 'close', 'date': 'Mon, 07 Dec 2015 12:26:34 GMT', 'content-type': 'application/json; charset=UTF-8', 'x-openstack-request-id': 'req-9f92a13d-7bf6-44c7-92ad-a2e9428b01c6'}
        Body: {"security_group": {"tenant_id": "3c9339f319e94c33a0481e2accc3f359", "description": "tempest-secgroup-smoke-1245027801 description", "id": "34d4c5d4-fd12-4f4b-a19a-a073db381ea2", "security_group_rules": [{"remote_group_id": null, "direction": "egress", "remote_ip_prefix": null, "protocol": null, "ethertype": "IPv4", "tenant_id": "3c9339f319e94c33a0481e2accc3f359", "port_range_max": null, "port_range_min": null, "id": "12029871-41b3-4b6f-a881-2591dea41ced", "security_group_id": "34d4c5d4-fd12-4f4b-a19a-a073db381ea2"}, {"remote_group_id": null, "direction": "egress", "remote_ip_prefix": null, "protocol": null, "ethertype": "IPv6", "tenant_id": "3c9339f319e94c33a0481e2accc3f359", "port_range_max": null, "port_range_min": null, "id": "e1fadf41-3c82-48d3-966e-14ca36d44b22", "security_group_id": "34d4c5d4-fd12-4f4b-a19a-a073db381ea2"}], "name": "tempest-secgroup-smoke-1245027801"}}
2015-12-07 12:26:34,405 27213 INFO     [tempest_lib.common.rest_client] Request (TestGettingAddress:setUp): 201 POST http://10.0.2.15:9696/v2.0/security-group-rules 0.115s
2015-12-07 12:26:34,406 27213 DEBUG    [tempest_lib.common.rest_client] Request - Headers: {'Content-Type': 'application/json', 'Accept': 'application/json', 'X-Auth-Token': '&lt;omitted&gt;'}
        Body: {"security_group_rule": {"direction": "ingress", "protocol": "tcp", "tenant_id": "3c9339f319e94c33a0481e2accc3f359", "port_range_max": 22, "security_group_id": "34d4c5d4-fd12-4f4b-a19a-a073db381ea2", "port_range_min": 22}}
    Response - Headers: {'status': '201', 'content-length': '340', 'connection': 'close', 'date': 'Mon, 07 Dec 2015 12:26:34 GMT', 'content-type': 'application/json; charset=UTF-8', 'x-openstack-request-id': 'req-b2c1ca3b-9128-4d09-af64-45031274ade8'}
        Body: {"security_group_rule": {"remote_group_id": null, "direction": "ingress", "remote_ip_prefix": null, "protocol": "tcp", "ethertype": "IPv4", "tenant_id": "3c9339f319e94c33a0481e2accc3f359", "port_range_max": 22, "port_range_min": 22, "id": "2e1b5202-35ef-4e22-8a87-185915d891bd", "security_group_id": "34d4c5d4-fd12-4f4b-a19a-a073db381ea2"}}
2015-12-07 12:26:34,513 27213 INFO     [tempest_lib.common.rest_client] Request (TestGettingAddress:setUp): 201 POST http://10.0.2.15:9696/v2.0/security-group-rules 0.106s
2015-12-07 12:26:34,514 27213 DEBUG    [tempest_lib.common.rest_client] Request - Headers: {'Content-Type': 'application/json', 'Accept': 'application/json', 'X-Auth-Token': '&lt;omitted&gt;'}
        Body: {"security_group_rule": {"direction": "egress", "protocol": "tcp", "tenant_id": "3c9339f319e94c33a0481e2accc3f359", "port_range_max": 22, "security_group_id": "34d4c5d4-fd12-4f4b-a19a-a073db381ea2", "port_range_min": 22}}
    Response - Headers: {'status': '201', 'content-length': '339', 'connection': 'close', 'date': 'Mon, 07 Dec 2015 12:26:34 GMT', 'content-type': 'application/json; charset=UTF-8', 'x-openstack-request-id': 'req-1aa7a6e5-8326-4ecb-b47f-f1c60b20de13'}
        Body: {"security_group_rule": {"remote_group_id": null, "direction": "egress", "remote_ip_prefix": null, "protocol": "tcp", "ethertype": "IPv4", "tenant_id": "3c9339f319e94c33a0481e2accc3f359", "port_range_max": 22, "port_range_min": 22, "id": "44e59413-671b-4c39-be3e-ee168ad905d3", "security_group_id": "34d4c5d4-fd12-4f4b-a19a-a073db381ea2"}}
2015-12-07 12:26:34,596 27213 INFO     [tempest_lib.common.rest_client] Request (TestGettingAddress:setUp): 201 POST http://10.0.2.15:9696/v2.0/security-group-rules 0.081s
2015-12-07 12:26:34,596 27213 DEBUG    [tempest_lib.common.rest_client] Request - Headers: {'Content-Type': 'application/json', 'Accept': 'application/json', 'X-Auth-Token': '&lt;omitted&gt;'}
        Body: {"security_group_rule": {"tenant_id": "3c9339f319e94c33a0481e2accc3f359", "direction": "ingress", "protocol": "icmp", "security_group_id": "34d4c5d4-fd12-4f4b-a19a-a073db381ea2"}}
    Response - Headers: {'status': '201', 'content-length': '345', 'connection': 'close', 'date': 'Mon, 07 Dec 2015 12:26:34 GMT', 'content-type': 'application/json; charset=UTF-8', 'x-openstack-request-id': 'req-ec41950c-b2c1-4989-81af-1ca0cfdf9a45'}
        Body: {"security_group_rule": {"remote_group_id": null, "direction": "ingress", "remote_ip_prefix": null, "protocol": "icmp", "ethertype": "IPv4", "tenant_id": "3c9339f319e94c33a0481e2accc3f359", "port_range_max": null, "port_range_min": null, "id": "864cca8a-3397-44b6-b6bc-87bac5e57e41", "security_group_id": "34d4c5d4-fd12-4f4b-a19a-a073db381ea2"}}
2015-12-07 12:26:34,685 27213 INFO     [tempest_lib.common.rest_client] Request (TestGettingAddress:setUp): 201 POST http://10.0.2.15:9696/v2.0/security-group-rules 0.087s
2015-12-07 12:26:34,686 27213 DEBUG    [tempest_lib.common.rest_client] Request - Headers: {'Content-Type': 'application/json', 'Accept': 'application/json', 'X-Auth-Token': '&lt;omitted&gt;'}
        Body: {"security_group_rule": {"tenant_id": "3c9339f319e94c33a0481e2accc3f359", "direction": "egress", "protocol": "icmp", "security_group_id": "34d4c5d4-fd12-4f4b-a19a-a073db381ea2"}}
    Response - Headers: {'status': '201', 'content-length': '344', 'connection': 'close', 'date': 'Mon, 07 Dec 2015 12:26:34 GMT', 'content-type': 'application/json; charset=UTF-8', 'x-openstack-request-id': 'req-1b5fba45-1210-4c43-ab69-fe85a503bdde'}
        Body: {"security_group_rule": {"remote_group_id": null, "direction": "egress", "remote_ip_prefix": null, "protocol": "icmp", "ethertype": "IPv4", "tenant_id": "3c9339f319e94c33a0481e2accc3f359", "port_range_max": null, "port_range_min": null, "id": "83646be1-88fb-4c38-ab09-f7ef917b01a2", "security_group_id": "34d4c5d4-fd12-4f4b-a19a-a073db381ea2"}}
2015-12-07 12:26:34,799 27213 INFO     [tempest_lib.common.rest_client] Request (TestGettingAddress:setUp): 201 POST http://10.0.2.15:9696/v2.0/security-group-rules 0.111s
2015-12-07 12:26:34,800 27213 DEBUG    [tempest_lib.common.rest_client] Request - Headers: {'Content-Type': 'application/json', 'Accept': 'application/json', 'X-Auth-Token': '&lt;omitted&gt;'}
        Body: {"security_group_rule": {"tenant_id": "3c9339f319e94c33a0481e2accc3f359", "direction": "ingress", "security_group_id": "34d4c5d4-fd12-4f4b-a19a-a073db381ea2", "protocol": "icmp", "ethertype": "IPv6"}}
    Response - Headers: {'status': '201', 'content-length': '345', 'connection': 'close', 'date': 'Mon, 07 Dec 2015 12:26:34 GMT', 'content-type': 'application/json; charset=UTF-8', 'x-openstack-request-id': 'req-51a26323-2d4e-4712-952a-b0eb5ea3b961'}
        Body: {"security_group_rule": {"remote_group_id": null, "direction": "ingress", "remote_ip_prefix": null, "protocol": "icmp", "ethertype": "IPv6", "tenant_id": "3c9339f319e94c33a0481e2accc3f359", "port_range_max": null, "port_range_min": null, "id": "4f67ad80-166c-4294-bf10-8a205af59166", "security_group_id": "34d4c5d4-fd12-4f4b-a19a-a073db381ea2"}}
2015-12-07 12:26:35,058 27213 INFO     [tempest_lib.common.rest_client] Request (TestGettingAddress:setUp): 201 POST http://10.0.2.15:9696/v2.0/security-group-rules 0.256s
2015-12-07 12:26:35,059 27213 DEBUG    [tempest_lib.common.rest_client] Request - Headers: {'Content-Type': 'application/json', 'Accept': 'application/json', 'X-Auth-Token': '&lt;omitted&gt;'}
        Body: {"security_group_rule": {"tenant_id": "3c9339f319e94c33a0481e2accc3f359", "direction": "egress", "security_group_id": "34d4c5d4-fd12-4f4b-a19a-a073db381ea2", "protocol": "icmp", "ethertype": "IPv6"}}
    Response - Headers: {'status': '201', 'content-length': '344', 'connection': 'close', 'date': 'Mon, 07 Dec 2015 12:26:35 GMT', 'content-type': 'application/json; charset=UTF-8', 'x-openstack-request-id': 'req-e8b181de-d35d-468f-a480-50fdcea523c6'}
        Body: {"security_group_rule": {"remote_group_id": null, "direction": "egress", "remote_ip_prefix": null, "protocol": "icmp", "ethertype": "IPv6", "tenant_id": "3c9339f319e94c33a0481e2accc3f359", "port_range_max": null, "port_range_min": null, "id": "b9993d84-8322-4b48-845c-5597e73cc56e", "security_group_id": "34d4c5d4-fd12-4f4b-a19a-a073db381ea2"}}
2015-12-07 12:26:35,198 27213 INFO     [tempest_lib.common.rest_client] Request (TestGettingAddress:test_dhcp6_stateless_from_os): 201 POST http://10.0.2.15:9696/v2.0/networks 0.136s
2015-12-07 12:26:35,198 27213 DEBUG    [tempest_lib.common.rest_client] Request - Headers: {'Content-Type': 'application/json', 'Accept': 'application/json', 'X-Auth-Token': '&lt;omitted&gt;'}
        Body: {"network": {"tenant_id": "3c9339f319e94c33a0481e2accc3f359", "name": "tempest-network-smoke--1501953146"}}
    Response - Headers: {'status': '201', 'content-length': '296', 'connection': 'close', 'date': 'Mon, 07 Dec 2015 12:26:35 GMT', 'content-type': 'application/json; charset=UTF-8', 'x-openstack-request-id': 'req-80ab7448-1cb0-4ad9-becb-d570231389b6'}
        Body: {"network": {"status": "ACTIVE", "subnets": [], "name": "tempest-network-smoke--1501953146", "admin_state_up": true, "tenant_id": "3c9339f319e94c33a0481e2accc3f359", "mtu": 0, "router:external": false, "shared": false, "port_security_enabled": true, "id": "0b98cc27-c9e9-4e1a-b3d3-46dfa929e182"}}
2015-12-07 12:26:35,364 27213 INFO     [tempest_lib.common.rest_client] Request (TestGettingAddress:test_dhcp6_stateless_from_os): 200 GET http://10.0.2.15:9696/v2.0/subnets?tenant_id=3c9339f319e94c33a0481e2accc3f359&amp;cidr=10.100.0.0%2F28 0.164s
2015-12-07 12:26:35,364 27213 DEBUG    [tempest_lib.common.rest_client] Request - Headers: {'Content-Type': 'application/json', 'Accept': 'application/json', 'X-Auth-Token': '&lt;omitted&gt;'}
        Body: None
    Response - Headers: {'status': '200', 'content-length': '15', 'content-location': 'http://10.0.2.15:9696/v2.0/subnets?tenant_id=3c9339f319e94c33a0481e2accc3f359&amp;cidr=10.100.0.0%2F28', 'connection': 'close', 'date': 'Mon, 07 Dec 2015 12:26:35 GMT', 'content-type': 'application/json; charset=UTF-8', 'x-openstack-request-id': 'req-97165d4f-6885-4696-b973-aad3eb1efb46'}
        Body: {"subnets": []}
2015-12-07 12:26:35,643 27213 INFO     [tempest_lib.common.rest_client] Request (TestGettingAddress:test_dhcp6_stateless_from_os): 201 POST http://10.0.2.15:9696/v2.0/subnets 0.276s
2015-12-07 12:26:35,643 27213 DEBUG    [tempest_lib.common.rest_client] Request - Headers: {'Content-Type': 'application/json', 'Accept': 'application/json', 'X-Auth-Token': '&lt;omitted&gt;'}
        Body: {"subnet": {"ip_version": 4, "tenant_id": "3c9339f319e94c33a0481e2accc3f359", "cidr": "10.100.0.0/28", "network_id": "0b98cc27-c9e9-4e1a-b3d3-46dfa929e182", "name": "tempest-sub4-1168069695"}}
    Response - Headers: {'status': '201', 'content-length': '470', 'connection': 'close', 'date': 'Mon, 07 Dec 2015 12:26:35 GMT', 'content-type': 'application/json; charset=UTF-8', 'x-openstack-request-id': 'req-5b3ff84b-afa6-4e28-846b-834e606e4b6e'}
        Body: {"subnet": {"name": "tempest-sub4-1168069695", "enable_dhcp": true, "network_id": "0b98cc27-c9e9-4e1a-b3d3-46dfa929e182", "tenant_id": "3c9339f319e94c33a0481e2accc3f359", "dns_nameservers": [], "gateway_ip": "10.100.0.1", "ipv6_ra_mode": null, "allocation_pools": [{"start": "10.100.0.2", "end": "10.100.0.14"}], "host_routes": [], "ip_version": 4, "ipv6_address_mode": null, "cidr": "10.100.0.0/28", "id": "a8d181dc-5f12-454d-b6b1-3f8a9f801ac7", "subnetpool_id": null}}
2015-12-07 12:26:35,706 27213 INFO     [tempest_lib.common.rest_client] Request (TestGettingAddress:test_dhcp6_stateless_from_os): 201 POST http://10.0.2.15:9696/v2.0/routers 0.061s
2015-12-07 12:26:35,707 27213 DEBUG    [tempest_lib.common.rest_client] Request - Headers: {'Content-Type': 'application/json', 'Accept': 'application/json', 'X-Auth-Token': '&lt;omitted&gt;'}
        Body: {"router": {"tenant_id": "3c9339f319e94c33a0481e2accc3f359", "name": "tempest-router-smoke-722051293", "admin_state_up": true}}
    Response - Headers: {'status': '201', 'content-length': '238', 'connection': 'close', 'date': 'Mon, 07 Dec 2015 12:26:35 GMT', 'content-type': 'application/json; charset=UTF-8', 'x-openstack-request-id': 'req-60dbe63f-c2e6-4660-834d-0e1bbc1fd330'}
        Body: {"router": {"status": "ACTIVE", "external_gateway_info": null, "name": "tempest-router-smoke-722051293", "admin_state_up": true, "tenant_id": "3c9339f319e94c33a0481e2accc3f359", "routes": [], "id": "16c59ba1-470d-49d4-a81e-2df32bae8755"}}
2015-12-07 12:26:35,744 27213 INFO     [tempest_lib.common.rest_client] Request (TestGettingAddress:test_dhcp6_stateless_from_os): 200 GET http://10.0.2.15:9696/v2.0/routers/16c59ba1-470d-49d4-a81e-2df32bae8755 0.037s
2015-12-07 12:26:35,745 27213 DEBUG    [tempest_lib.common.rest_client] Request - Headers: {'Content-Type': 'application/json', 'Accept': 'application/json', 'X-Auth-Token': '&lt;omitted&gt;'}
        Body: None
    Response - Headers: {'status': '200', 'content-length': '238', 'content-location': 'http://10.0.2.15:9696/v2.0/routers/16c59ba1-470d-49d4-a81e-2df32bae8755', 'connection': 'close', 'date': 'Mon, 07 Dec 2015 12:26:35 GMT', 'content-type': 'application/json; charset=UTF-8', 'x-openstack-request-id': 'req-2be0cca7-e7f2-43e7-a13b-adab14ded093'}
        Body: {"router": {"status": "ACTIVE", "external_gateway_info": null, "name": "tempest-router-smoke-722051293", "admin_state_up": true, "tenant_id": "3c9339f319e94c33a0481e2accc3f359", "routes": [], "id": "16c59ba1-470d-49d4-a81e-2df32bae8755"}}
2015-12-07 12:26:36,383 27213 INFO     [tempest_lib.common.rest_client] Request (TestGettingAddress:test_dhcp6_stateless_from_os): 200 PUT http://10.0.2.15:9696/v2.0/routers/16c59ba1-470d-49d4-a81e-2df32bae8755 0.638s
2015-12-07 12:26:36,384 27213 DEBUG    [tempest_lib.common.rest_client] Request - Headers: {'Content-Type': 'application/json', 'Accept': 'application/json', 'X-Auth-Token': '&lt;omitted&gt;'}
        Body: {"router": {"external_gateway_info": {"network_id": "f5423972-f9e1-4368-99a4-9a0ae1f66d73"}, "name": "tempest-router-smoke-722051293", "admin_state_up": true}}
    Response - Headers: {'status': '200', 'content-length': '500', 'connection': 'close', 'date': 'Mon, 07 Dec 2015 12:26:36 GMT', 'content-type': 'application/json; charset=UTF-8', 'x-openstack-request-id': 'req-f3b7a590-d109-49dd-b244-7eb19924620c'}
        Body: {"router": {"status": "ACTIVE", "external_gateway_info": {"network_id": "f5423972-f9e1-4368-99a4-9a0ae1f66d73", "enable_snat": true, "external_fixed_ips": [{"subnet_id": "205f6a56-edfb-4b17-9a5b-bf90a1dca8e6", "ip_address": "172.24.4.3"}, {"subnet_id": "9b013544-62b0-49c6-9c4c-301b1188b5f8", "ip_address": "2001:db8::3"}]}, "name": "tempest-router-smoke-722051293", "admin_state_up": true, "tenant_id": "3c9339f319e94c33a0481e2accc3f359", "routes": [], "id": "16c59ba1-470d-49d4-a81e-2df32bae8755"}}
2015-12-07 12:26:36,809 27213 INFO     [tempest_lib.common.rest_client] Request (TestGettingAddress:test_dhcp6_stateless_from_os): 200 PUT http://10.0.2.15:9696/v2.0/routers/16c59ba1-470d-49d4-a81e-2df32bae8755/add_router_interface 0.424s
2015-12-07 12:26:36,809 27213 DEBUG    [tempest_lib.common.rest_client] Request - Headers: {'Content-Type': 'application/json', 'Accept': 'application/json', 'X-Auth-Token': '&lt;omitted&gt;'}
        Body: {"subnet_id": "a8d181dc-5f12-454d-b6b1-3f8a9f801ac7"}
    Response - Headers: {'status': '200', 'content-length': '255', 'connection': 'close', 'date': 'Mon, 07 Dec 2015 12:26:36 GMT', 'content-type': 'application/json; charset=UTF-8', 'x-openstack-request-id': 'req-184451bb-42b3-4bb8-ad9c-afe92aa26f68'}
        Body: {"subnet_id": "a8d181dc-5f12-454d-b6b1-3f8a9f801ac7", "tenant_id": "3c9339f319e94c33a0481e2accc3f359", "subnet_ids": ["a8d181dc-5f12-454d-b6b1-3f8a9f801ac7"], "port_id": "2661a7ed-9402-461b-ab76-68459457f03a", "id": "16c59ba1-470d-49d4-a81e-2df32bae8755"}
2015-12-07 12:26:36,842 27213 INFO     [tempest_lib.common.rest_client] Request (TestGettingAddress:test_dhcp6_stateless_from_os): 200 GET http://10.0.2.15:9696/v2.0/subnets?tenant_id=3c9339f319e94c33a0481e2accc3f359&amp;cidr=2003%3A%3A%2F64 0.032s
2015-12-07 12:26:36,843 27213 DEBUG    [tempest_lib.common.rest_client] Request - Headers: {'Content-Type': 'application/json', 'Accept': 'application/json', 'X-Auth-Token': '&lt;omitted&gt;'}
        Body: None
    Response - Headers: {'status': '200', 'content-length': '15', 'content-location': 'http://10.0.2.15:9696/v2.0/subnets?tenant_id=3c9339f319e94c33a0481e2accc3f359&amp;cidr=2003%3A%3A%2F64', 'connection': 'close', 'date': 'Mon, 07 Dec 2015 12:26:36 GMT', 'content-type': 'application/json; charset=UTF-8', 'x-openstack-request-id': 'req-d30f8382-e109-4864-8eec-a45db9f975e4'}
        Body: {"subnets": []}
2015-12-07 12:26:37,233 27213 INFO     [tempest_lib.common.rest_client] Request (TestGettingAddress:test_dhcp6_stateless_from_os): 201 POST http://10.0.2.15:9696/v2.0/subnets 0.389s
2015-12-07 12:26:37,233 27213 DEBUG    [tempest_lib.common.rest_client] Request - Headers: {'Content-Type': 'application/json', 'Accept': 'application/json', 'X-Auth-Token': '&lt;omitted&gt;'}
        Body: {"subnet": {"name": "tempest-sub6-748607762", "network_id": "0b98cc27-c9e9-4e1a-b3d3-46dfa929e182", "tenant_id": "3c9339f319e94c33a0481e2accc3f359", "ipv6_ra_mode": "dhcpv6-stateless", "ip_version": 6, "ipv6_address_mode": "dhcpv6-stateless", "cidr": "2003::/64"}}
    Response - Headers: {'status': '201', 'content-length': '501', 'connection': 'close', 'date': 'Mon, 07 Dec 2015 12:26:37 GMT', 'content-type': 'application/json; charset=UTF-8', 'x-openstack-request-id': 'req-280820af-9ee9-468e-8cc4-372405da2580'}
        Body: {"subnet": {"name": "tempest-sub6-748607762", "enable_dhcp": true, "network_id": "0b98cc27-c9e9-4e1a-b3d3-46dfa929e182", "tenant_id": "3c9339f319e94c33a0481e2accc3f359", "dns_nameservers": [], "gateway_ip": "2003::1", "ipv6_ra_mode": "dhcpv6-stateless", "allocation_pools": [{"start": "2003::2", "end": "2003::ffff:ffff:ffff:ffff"}], "host_routes": [], "ip_version": 6, "ipv6_address_mode": "dhcpv6-stateless", "cidr": "2003::/64", "id": "f24631d5-d5b5-4a1a-b85e-b5c7db122527", "subnetpool_id": null}}
2015-12-07 12:26:37,910 27213 INFO     [tempest_lib.common.rest_client] Request (TestGettingAddress:test_dhcp6_stateless_from_os): 200 PUT http://10.0.2.15:9696/v2.0/routers/16c59ba1-470d-49d4-a81e-2df32bae8755/add_router_interface 0.676s
2015-12-07 12:26:37,911 27213 DEBUG    [tempest_lib.common.rest_client] Request - Headers: {'Content-Type': 'application/json', 'Accept': 'application/json', 'X-Auth-Token': '&lt;omitted&gt;'}
        Body: {"subnet_id": "f24631d5-d5b5-4a1a-b85e-b5c7db122527"}
    Response - Headers: {'status': '200', 'content-length': '255', 'connection': 'close', 'date': 'Mon, 07 Dec 2015 12:26:37 GMT', 'content-type': 'application/json; charset=UTF-8', 'x-openstack-request-id': 'req-e3268113-019e-4744-9bc8-a01f8065ce81'}
        Body: {"subnet_id": "f24631d5-d5b5-4a1a-b85e-b5c7db122527", "tenant_id": "3c9339f319e94c33a0481e2accc3f359", "subnet_ids": ["f24631d5-d5b5-4a1a-b85e-b5c7db122527"], "port_id": "87b21b9a-58ee-44dc-91bf-f0c2c398b88f", "id": "16c59ba1-470d-49d4-a81e-2df32bae8755"}
2015-12-07 12:26:38,016 27213 INFO     [tempest_lib.common.rest_client] Request (TestGettingAddress:test_dhcp6_stateless_from_os): 200 POST http://10.0.2.15:5000/v2.0/tokens
2015-12-07 12:26:38,016 27213 DEBUG    [tempest_lib.common.rest_client] Request - Headers: {'Content-Type': 'application/json', 'Accept': 'application/json'}
        Body: &lt;omitted&gt;
    Response - Headers: {'status': '200', 'content-length': '2526', 'vary': 'X-Auth-Token', 'server': 'Apache/2.4.7 (Ubuntu)', 'connection': 'close', 'date': 'Mon, 07 Dec 2015 12:26:37 GMT', 'content-type': 'application/json', 'x-openstack-request-id': 'req-fc50587c-164f-4cc4-8853-793e52bd9813'}
        Body: {"access": {"token": {"issued_at": "2015-12-07T12:26:38.005445", "expires": "2015-12-07T13:26:37Z", "id": "7b9d58800e804b7e92ce871905637b32", "tenant": {"description": "tempest-TestGettingAddress-1955227919-desc", "enabled": true, "id": "3c9339f319e94c33a0481e2accc3f359", "name": "tempest-TestGettingAddress-1955227919"}, "audit_ids": ["yhqLBkNwSfi--XJ7MbaADA"]}, "serviceCatalog": [{"endpoints": [{"adminURL": "http://10.0.2.15:8774/v2.1/3c9339f319e94c33a0481e2accc3f359", "region": "RegionOne", "internalURL": "http://10.0.2.15:8774/v2.1/3c9339f319e94c33a0481e2accc3f359", "id": "62242f66c329406994d7b961e21a3f67", "publicURL": "http://10.0.2.15:8774/v2.1/3c9339f319e94c33a0481e2accc3f359"}], "endpoints_links": [], "type": "compute", "name": "nova"}, {"endpoints": [{"adminURL": "http://10.0.2.15:9696/", "region": "RegionOne", "internalURL": "http://10.0.2.15:9696/", "id": "53f9be07bbf842299f809e25d6d5f723", "publicURL": "http://10.0.2.15:9696/"}], "endpoints_links": [], "type": "network", "name": "neutron"}, {"endpoints": [{"adminURL": "http://10.0.2.15:9292", "region": "RegionOne", "internalURL": "http://10.0.2.15:9292", "id": "15c3aed5118a451dbc15948cd1165d7e", "publicURL": "http://10.0.2.15:9292"}], "endpoints_links": [], "type": "image", "name": "glance"}, {"endpoints": [{"adminURL": "http://10.0.2.15:8774/v2/3c9339f319e94c33a0481e2accc3f359", "region": "RegionOne", "internalURL": "http://10.0.2.15:8774/v2/3c9339f319e94c33a0481e2accc3f359", "id": "38e489749d9347e3822208cd56c8567a", "publicURL": "http://10.0.2.15:8774/v2/3c9339f319e94c33a0481e2accc3f359"}], "endpoints_links": [], "type": "compute_legacy", "name": "nova_legacy"}, {"endpoints": [{"adminURL": "http://10.0.2.15:8773/", "region": "RegionOne", "internalURL": "http://10.0.2.15:8773/", "id": "6ed5b67eba894076a3c6fcb264946d38", "publicURL": "http://10.0.2.15:8773/"}], "endpoints_links": [], "type": "ec2", "name": "ec2"}, {"endpoints": [{"adminURL": "http://10.0.2.15:35357/v2.0", "region": "RegionOne", "internalURL": "http://10.0.2.15:5000/v2.0", "id": "1278e4af15814d7faabbf5135fcffea9", "publicURL": "http://10.0.2.15:5000/v2.0"}], "endpoints_links": [], "type": "identity", "name": "keystone"}], "user": {"username": "tempest-TestGettingAddress-1669834057", "roles_links": [], "id": "52d7938142f94f4b81481068fdf8aac3", "roles": [{"name": "_member_"}, {"name": "Member"}], "name": "tempest-TestGettingAddress-1669834057"}, "metadata": {"is_admin": 0, "roles": ["9fe2ff9ee4384b1894a90878d3e92bab", "3e98700b02244a658e75e75c52076386"]}}}
2015-12-07 12:26:38,020 27213 DEBUG    [tempest.common.fixed_network] (TestGettingAddress:test_dhcp6_stateless_from_os) No valid network provided or created, defaulting to fixed_network_name
2015-12-07 12:26:38,342 27213 INFO     [tempest_lib.common.rest_client] Request (TestGettingAddress:test_dhcp6_stateless_from_os): 200 GET http://10.0.2.15:8774/v2.1/3c9339f319e94c33a0481e2accc3f359/os-networks 0.321s
2015-12-07 12:26:38,342 27213 DEBUG    [tempest_lib.common.rest_client] Request - Headers: {'Content-Type': 'application/json', 'Accept': 'application/json', 'X-Auth-Token': '&lt;omitted&gt;'}
        Body: None
    Response - Headers: {'status': '200', 'content-length': '479', 'content-location': 'http://10.0.2.15:8774/v2.1/3c9339f319e94c33a0481e2accc3f359/os-networks', 'x-compute-request-id': 'req-e7a640b1-b3c7-4ec1-a1ed-3d497ea5543e', 'vary': 'X-OpenStack-Nova-API-Version', 'connection': 'close', 'x-openstack-nova-api-version': '2.1', 'date': 'Mon, 07 Dec 2015 12:26:38 GMT', 'content-type': 'application/json'}
        Body: {"networks": [{"cidr_v6": null, "dns2": null, "dns1": null, "gateway": null, "broadcast": null, "netmask": null, "gateway_v6": null, "cidr": null, "label": "public", "id": "f5423972-f9e1-4368-99a4-9a0ae1f66d73", "netmask_v6": null}, {"cidr_v6": null, "dns2": null, "dns1": null, "gateway": null, "broadcast": null, "netmask": null, "gateway_v6": null, "cidr": null, "label": "tempest-network-smoke--1501953146", "id": "0b98cc27-c9e9-4e1a-b3d3-46dfa929e182", "netmask_v6": null}]}
2015-12-07 12:26:38,344 27213 WARNING  [tempest.common.fixed_network] (TestGettingAddress:test_dhcp6_stateless_from_os) Network with name: private not found
2015-12-07 12:26:38,344 27213 INFO     [tempest.common.fixed_network] (TestGettingAddress:test_dhcp6_stateless_from_os) Found network {} available for tenant
2015-12-07 12:26:39,746 27213 INFO     [tempest_lib.common.rest_client] Request (TestGettingAddress:test_dhcp6_stateless_from_os): 202 POST http://10.0.2.15:8774/v2.1/3c9339f319e94c33a0481e2accc3f359/servers 1.401s
2015-12-07 12:26:39,746 27213 DEBUG    [tempest_lib.common.rest_client] Request - Headers: {'Content-Type': 'application/json', 'Accept': 'application/json', 'X-Auth-Token': '&lt;omitted&gt;'}
        Body: {"server": {"name": "tempest.common.compute-instance-366858990", "imageRef": "b75be303-49c5-4c4c-8831-1d84cd371d7b", "key_name": "tempest-TestGettingAddress-1528449052", "flavorRef": "42", "networks": [{"uuid": "0b98cc27-c9e9-4e1a-b3d3-46dfa929e182"}], "security_groups": [{"name": "tempest-secgroup-smoke-1245027801"}]}}
    Response - Headers: {'status': '202', 'content-length': '462', 'x-compute-request-id': 'req-f0802767-f8d7-44d6-a4e4-34b601984e99', 'vary': 'X-OpenStack-Nova-API-Version', 'connection': 'close', 'location': 'http://10.0.2.15:8774/v2.1/3c9339f319e94c33a0481e2accc3f359/servers/624ef40e-0f4e-4f31-a4e6-52e1f783ee76', 'x-openstack-nova-api-version': '2.1', 'date': 'Mon, 07 Dec 2015 12:26:39 GMT', 'content-type': 'application/json'}
        Body: {"server": {"security_groups": [{"name": "tempest-secgroup-smoke-1245027801"}], "OS-DCF:diskConfig": "MANUAL", "id": "624ef40e-0f4e-4f31-a4e6-52e1f783ee76", "links": [{"href": "http://10.0.2.15:8774/v2.1/3c9339f319e94c33a0481e2accc3f359/servers/624ef40e-0f4e-4f31-a4e6-52e1f783ee76", "rel": "self"}, {"href": "http://10.0.2.15:8774/3c9339f319e94c33a0481e2accc3f359/servers/624ef40e-0f4e-4f31-a4e6-52e1f783ee76", "rel": "bookmark"}], "adminPass": "FXQfq64eCEZG"}}
2015-12-07 12:26:39,888 27213 INFO     [tempest_lib.common.rest_client] Request (TestGettingAddress:test_dhcp6_stateless_from_os): 200 GET http://10.0.2.15:8774/v2.1/3c9339f319e94c33a0481e2accc3f359/servers/624ef40e-0f4e-4f31-a4e6-52e1f783ee76 0.137s
2015-12-07 12:26:39,888 27213 DEBUG    [tempest_lib.common.rest_client] Request - Headers: {'Content-Type': 'application/json', 'Accept': 'application/json', 'X-Auth-Token': '&lt;omitted&gt;'}
        Body: None
    Response - Headers: {'status': '200', 'content-length': '1354', 'content-location': 'http://10.0.2.15:8774/v2.1/3c9339f319e94c33a0481e2accc3f359/servers/624ef40e-0f4e-4f31-a4e6-52e1f783ee76', 'x-compute-request-id': 'req-5eead92c-33c4-494e-b985-00992b0f5c0f', 'vary': 'X-OpenStack-Nova-API-Version', 'connection': 'close', 'x-openstack-nova-api-version': '2.1', 'date': 'Mon, 07 Dec 2015 12:26:39 GMT', 'content-type': 'application/json'}
        Body: {"server": {"status": "BUILD", "updated": "2015-12-07T12:26:39Z", "hostId": "", "addresses": {}, "links": [{"href": "http://10.0.2.15:8774/v2.1/3c9339f319e94c33a0481e2accc3f359/servers/624ef40e-0f4e-4f31-a4e6-52e1f783ee76", "rel": "self"}, {"href": "http://10.0.2.15:8774/3c9339f319e94c33a0481e2accc3f359/servers/624ef40e-0f4e-4f31-a4e6-52e1f783ee76", "rel": "bookmark"}], "key_name": "tempest-TestGettingAddress-1528449052", "image": {"id": "b75be303-49c5-4c4c-8831-1d84cd371d7b", "links": [{"href": "http://10.0.2.15:8774/3c9339f319e94c33a0481e2accc3f359/images/b75be303-49c5-4c4c-8831-1d84cd371d7b", "rel": "bookmark"}]}, "OS-EXT-STS:task_state": "scheduling", "OS-EXT-STS:vm_state": "building", "OS-SRV-USG:launched_at": null, "flavor": {"id": "42", "links": [{"href": "http://10.0.2.15:8774/3c9339f319e94c33a0481e2accc3f359/flavors/42", "rel": "bookmark"}]}, "id": "624ef40e-0f4e-4f31-a4e6-52e1f783ee76", "OS-SRV-USG:terminated_at": null, "OS-EXT-AZ:availability_zone": "", "user_id": "52d7938142f94f4b81481068fdf8aac3", "name": "tempest.common.compute-instance-366858990", "created": "2015-12-07T12:26:39Z", "tenant_id": "3c9339f319e94c33a0481e2accc3f359", "OS-DCF:diskConfig": "MANUAL", "os-extended-volumes:volumes_attached": [], "accessIPv4": "", "accessIPv6": "", "progress": 0, "OS-EXT-STS:power_state": 0, "config_drive": "", "metadata": {}}}
2015-12-07 12:26:41,155 27213 INFO     [tempest_lib.common.rest_client] Request (TestGettingAddress:test_dhcp6_stateless_from_os): 200 GET http://10.0.2.15:8774/v2.1/3c9339f319e94c33a0481e2accc3f359/servers/624ef40e-0f4e-4f31-a4e6-52e1f783ee76 0.255s
2015-12-07 12:26:41,155 27213 DEBUG    [tempest_lib.common.rest_client] Request - Headers: {'Content-Type': 'application/json', 'Accept': 'application/json', 'X-Auth-Token': '&lt;omitted&gt;'}
        Body: None
    Response - Headers: {'status': '200', 'content-length': '1480', 'content-location': 'http://10.0.2.15:8774/v2.1/3c9339f319e94c33a0481e2accc3f359/servers/624ef40e-0f4e-4f31-a4e6-52e1f783ee76', 'x-compute-request-id': 'req-a10b7020-017f-4359-bee9-57d4b60b0648', 'vary': 'X-OpenStack-Nova-API-Version', 'connection': 'close', 'x-openstack-nova-api-version': '2.1', 'date': 'Mon, 07 Dec 2015 12:26:41 GMT', 'content-type': 'application/json'}
        Body: {"server": {"status": "BUILD", "updated": "2015-12-07T12:26:40Z", "hostId": "f8e9f625381fd1c619d96f6b8d3a98c6db990d8c24d38de00aac32b2", "addresses": {}, "links": [{"href": "http://10.0.2.15:8774/v2.1/3c9339f319e94c33a0481e2accc3f359/servers/624ef40e-0f4e-4f31-a4e6-52e1f783ee76", "rel": "self"}, {"href": "http://10.0.2.15:8774/3c9339f319e94c33a0481e2accc3f359/servers/624ef40e-0f4e-4f31-a4e6-52e1f783ee76", "rel": "bookmark"}], "key_name": "tempest-TestGettingAddress-1528449052", "image": {"id": "b75be303-49c5-4c4c-8831-1d84cd371d7b", "links": [{"href": "http://10.0.2.15:8774/3c9339f319e94c33a0481e2accc3f359/images/b75be303-49c5-4c4c-8831-1d84cd371d7b", "rel": "bookmark"}]}, "OS-EXT-STS:task_state": "spawning", "OS-EXT-STS:vm_state": "building", "OS-SRV-USG:launched_at": null, "flavor": {"id": "42", "links": [{"href": "http://10.0.2.15:8774/3c9339f319e94c33a0481e2accc3f359/flavors/42", "rel": "bookmark"}]}, "id": "624ef40e-0f4e-4f31-a4e6-52e1f783ee76", "security_groups": [{"name": "tempest-secgroup-smoke-1245027801"}], "OS-SRV-USG:terminated_at": null, "OS-EXT-AZ:availability_zone": "nova", "user_id": "52d7938142f94f4b81481068fdf8aac3", "name": "tempest.common.compute-instance-366858990", "created": "2015-12-07T12:26:39Z", "tenant_id": "3c9339f319e94c33a0481e2accc3f359", "OS-DCF:diskConfig": "MANUAL", "os-extended-volumes:volumes_attached": [], "accessIPv4": "", "accessIPv6": "", "progress": 0, "OS-EXT-STS:power_state": 0, "config_drive": "", "metadata": {}}}
2015-12-07 12:26:41,165 27213 INFO     [tempest.common.waiters] State transition "BUILD/scheduling" ==&gt; "BUILD/spawning" after 2 second wait
2015-12-07 12:26:42,371 27213 INFO     [tempest_lib.common.rest_client] Request (TestGettingAddress:test_dhcp6_stateless_from_os): 200 GET http://10.0.2.15:8774/v2.1/3c9339f319e94c33a0481e2accc3f359/servers/624ef40e-0f4e-4f31-a4e6-52e1f783ee76 0.204s
2015-12-07 12:26:42,372 27213 DEBUG    [tempest_lib.common.rest_client] Request - Headers: {'Content-Type': 'application/json', 'Accept': 'application/json', 'X-Auth-Token': '&lt;omitted&gt;'}
        Body: None
    Response - Headers: {'status': '200', 'content-length': '1480', 'content-location': 'http://10.0.2.15:8774/v2.1/3c9339f319e94c33a0481e2accc3f359/servers/624ef40e-0f4e-4f31-a4e6-52e1f783ee76', 'x-compute-request-id': 'req-0a6c2fd5-d462-4dfe-a803-ec74c1bfc10d', 'vary': 'X-OpenStack-Nova-API-Version', 'connection': 'close', 'x-openstack-nova-api-version': '2.1', 'date': 'Mon, 07 Dec 2015 12:26:42 GMT', 'content-type': 'application/json'}
        Body: {"server": {"status": "BUILD", "updated": "2015-12-07T12:26:40Z", "hostId": "f8e9f625381fd1c619d96f6b8d3a98c6db990d8c24d38de00aac32b2", "addresses": {}, "links": [{"href": "http://10.0.2.15:8774/v2.1/3c9339f319e94c33a0481e2accc3f359/servers/624ef40e-0f4e-4f31-a4e6-52e1f783ee76", "rel": "self"}, {"href": "http://10.0.2.15:8774/3c9339f319e94c33a0481e2accc3f359/servers/624ef40e-0f4e-4f31-a4e6-52e1f783ee76", "rel": "bookmark"}], "key_name": "tempest-TestGettingAddress-1528449052", "image": {"id": "b75be303-49c5-4c4c-8831-1d84cd371d7b", "links": [{"href": "http://10.0.2.15:8774/3c9339f319e94c33a0481e2accc3f359/images/b75be303-49c5-4c4c-8831-1d84cd371d7b", "rel": "bookmark"}]}, "OS-EXT-STS:task_state": "spawning", "OS-EXT-STS:vm_state": "building", "OS-SRV-USG:launched_at": null, "flavor": {"id": "42", "links": [{"href": "http://10.0.2.15:8774/3c9339f319e94c33a0481e2accc3f359/flavors/42", "rel": "bookmark"}]}, "id": "624ef40e-0f4e-4f31-a4e6-52e1f783ee76", "security_groups": [{"name": "tempest-secgroup-smoke-1245027801"}], "OS-SRV-USG:terminated_at": null, "OS-EXT-AZ:availability_zone": "nova", "user_id": "52d7938142f94f4b81481068fdf8aac3", "name": "tempest.common.compute-instance-366858990", "created": "2015-12-07T12:26:39Z", "tenant_id": "3c9339f319e94c33a0481e2accc3f359", "OS-DCF:diskConfig": "MANUAL", "os-extended-volumes:volumes_attached": [], "accessIPv4": "", "accessIPv6": "", "progress": 0, "OS-EXT-STS:power_state": 0, "config_drive": "", "metadata": {}}}
2015-12-07 12:26:43,746 27213 INFO     [tempest_lib.common.rest_client] Request (TestGettingAddress:test_dhcp6_stateless_from_os): 200 GET http://10.0.2.15:8774/v2.1/3c9339f319e94c33a0481e2accc3f359/servers/624ef40e-0f4e-4f31-a4e6-52e1f783ee76 0.361s
2015-12-07 12:26:43,746 27213 DEBUG    [tempest_lib.common.rest_client] Request - Headers: {'Content-Type': 'application/json', 'Accept': 'application/json', 'X-Auth-Token': '&lt;omitted&gt;'}
        Body: None
    Response - Headers: {'status': '200', 'content-length': '1480', 'content-location': 'http://10.0.2.15:8774/v2.1/3c9339f319e94c33a0481e2accc3f359/servers/624ef40e-0f4e-4f31-a4e6-52e1f783ee76', 'x-compute-request-id': 'req-b78be4d7-aedc-4f71-834f-bb917dedcee0', 'vary': 'X-OpenStack-Nova-API-Version', 'connection': 'close', 'x-openstack-nova-api-version': '2.1', 'date': 'Mon, 07 Dec 2015 12:26:43 GMT', 'content-type': 'application/json'}
        Body: {"server": {"status": "BUILD", "updated": "2015-12-07T12:26:40Z", "hostId": "f8e9f625381fd1c619d96f6b8d3a98c6db990d8c24d38de00aac32b2", "addresses": {}, "links": [{"href": "http://10.0.2.15:8774/v2.1/3c9339f319e94c33a0481e2accc3f359/servers/624ef40e-0f4e-4f31-a4e6-52e1f783ee76", "rel": "self"}, {"href": "http://10.0.2.15:8774/3c9339f319e94c33a0481e2accc3f359/servers/624ef40e-0f4e-4f31-a4e6-52e1f783ee76", "rel": "bookmark"}], "key_name": "tempest-TestGettingAddress-1528449052", "image": {"id": "b75be303-49c5-4c4c-8831-1d84cd371d7b", "links": [{"href": "http://10.0.2.15:8774/3c9339f319e94c33a0481e2accc3f359/images/b75be303-49c5-4c4c-8831-1d84cd371d7b", "rel": "bookmark"}]}, "OS-EXT-STS:task_state": "spawning", "OS-EXT-STS:vm_state": "building", "OS-SRV-USG:launched_at": null, "flavor": {"id": "42", "links": [{"href": "http://10.0.2.15:8774/3c9339f319e94c33a0481e2accc3f359/flavors/42", "rel": "bookmark"}]}, "id": "624ef40e-0f4e-4f31-a4e6-52e1f783ee76", "security_groups": [{"name": "tempest-secgroup-smoke-1245027801"}], "OS-SRV-USG:terminated_at": null, "OS-EXT-AZ:availability_zone": "nova", "user_id": "52d7938142f94f4b81481068fdf8aac3", "name": "tempest.common.compute-instance-366858990", "created": "2015-12-07T12:26:39Z", "tenant_id": "3c9339f319e94c33a0481e2accc3f359", "OS-DCF:diskConfig": "MANUAL", "os-extended-volumes:volumes_attached": [], "accessIPv4": "", "accessIPv6": "", "progress": 0, "OS-EXT-STS:power_state": 0, "config_drive": "", "metadata": {}}}
2015-12-07 12:26:44,943 27213 INFO     [tempest_lib.common.rest_client] Request (TestGettingAddress:test_dhcp6_stateless_from_os): 200 GET http://10.0.2.15:8774/v2.1/3c9339f319e94c33a0481e2accc3f359/servers/624ef40e-0f4e-4f31-a4e6-52e1f783ee76 0.185s
2015-12-07 12:26:44,943 27213 DEBUG    [tempest_lib.common.rest_client] Request - Headers: {'Content-Type': 'application/json', 'Accept': 'application/json', 'X-Auth-Token': '&lt;omitted&gt;'}
        Body: None
    Response - Headers: {'status': '200', 'content-length': '1781', 'content-location': 'http://10.0.2.15:8774/v2.1/3c9339f319e94c33a0481e2accc3f359/servers/624ef40e-0f4e-4f31-a4e6-52e1f783ee76', 'x-compute-request-id': 'req-d78a88f6-9086-4f4f-a8b3-4193f3d72e9b', 'vary': 'X-OpenStack-Nova-API-Version', 'connection': 'close', 'x-openstack-nova-api-version': '2.1', 'date': 'Mon, 07 Dec 2015 12:26:44 GMT', 'content-type': 'application/json'}
        Body: {"server": {"status": "ACTIVE", "updated": "2015-12-07T12:26:43Z", "hostId": "f8e9f625381fd1c619d96f6b8d3a98c6db990d8c24d38de00aac32b2", "addresses": {"tempest-network-smoke--1501953146": [{"OS-EXT-IPS-MAC:mac_addr": "fa:16:3e:ff:8c:f9", "version": 4, "addr": "10.100.0.3", "OS-EXT-IPS:type": "fixed"}, {"OS-EXT-IPS-MAC:mac_addr": "fa:16:3e:ff:8c:f9", "version": 6, "addr": "2003::f816:3eff:feff:8cf9", "OS-EXT-IPS:type": "fixed"}]}, "links": [{"href": "http://10.0.2.15:8774/v2.1/3c9339f319e94c33a0481e2accc3f359/servers/624ef40e-0f4e-4f31-a4e6-52e1f783ee76", "rel": "self"}, {"href": "http://10.0.2.15:8774/3c9339f319e94c33a0481e2accc3f359/servers/624ef40e-0f4e-4f31-a4e6-52e1f783ee76", "rel": "bookmark"}], "key_name": "tempest-TestGettingAddress-1528449052", "image": {"id": "b75be303-49c5-4c4c-8831-1d84cd371d7b", "links": [{"href": "http://10.0.2.15:8774/3c9339f319e94c33a0481e2accc3f359/images/b75be303-49c5-4c4c-8831-1d84cd371d7b", "rel": "bookmark"}]}, "OS-EXT-STS:task_state": null, "OS-EXT-STS:vm_state": "active", "OS-SRV-USG:launched_at": "2015-12-07T12:26:43.000000", "flavor": {"id": "42", "links": [{"href": "http://10.0.2.15:8774/3c9339f319e94c33a0481e2accc3f359/flavors/42", "rel": "bookmark"}]}, "id": "624ef40e-0f4e-4f31-a4e6-52e1f783ee76", "security_groups": [{"name": "tempest-secgroup-smoke-1245027801"}], "OS-SRV-USG:terminated_at": null, "OS-EXT-AZ:availability_zone": "nova", "user_id": "52d7938142f94f4b81481068fdf8aac3", "name": "tempest.common.compute-instance-366858990", "created": "2015-12-07T12:26:39Z", "tenant_id": "3c9339f319e94c33a0481e2accc3f359", "OS-DCF:diskConfig": "MANUAL", "os-extended-volumes:volumes_attached": [], "accessIPv4": "", "accessIPv6": "", "progress": 0, "OS-EXT-STS:power_state": 1, "config_drive": "True", "metadata": {}}}
2015-12-07 12:26:44,952 27213 INFO     [tempest.common.waiters] State transition "BUILD/spawning" ==&gt; "ACTIVE/None" after 5 second wait
2015-12-07 12:26:45,131 27213 INFO     [tempest_lib.common.rest_client] Request (TestGettingAddress:test_dhcp6_stateless_from_os): 200 GET http://10.0.2.15:8774/v2.1/3c9339f319e94c33a0481e2accc3f359/servers/624ef40e-0f4e-4f31-a4e6-52e1f783ee76 0.179s
2015-12-07 12:26:45,132 27213 DEBUG    [tempest_lib.common.rest_client] Request - Headers: {'Content-Type': 'application/json', 'Accept': 'application/json', 'X-Auth-Token': '&lt;omitted&gt;'}
        Body: None
    Response - Headers: {'status': '200', 'content-length': '1781', 'content-location': 'http://10.0.2.15:8774/v2.1/3c9339f319e94c33a0481e2accc3f359/servers/624ef40e-0f4e-4f31-a4e6-52e1f783ee76', 'x-compute-request-id': 'req-9d322acc-b5df-42ba-b3ac-26491c7132a8', 'vary': 'X-OpenStack-Nova-API-Version', 'connection': 'close', 'x-openstack-nova-api-version': '2.1', 'date': 'Mon, 07 Dec 2015 12:26:45 GMT', 'content-type': 'application/json'}
        Body: {"server": {"status": "ACTIVE", "updated": "2015-12-07T12:26:43Z", "hostId": "f8e9f625381fd1c619d96f6b8d3a98c6db990d8c24d38de00aac32b2", "addresses": {"tempest-network-smoke--1501953146": [{"OS-EXT-IPS-MAC:mac_addr": "fa:16:3e:ff:8c:f9", "version": 4, "addr": "10.100.0.3", "OS-EXT-IPS:type": "fixed"}, {"OS-EXT-IPS-MAC:mac_addr": "fa:16:3e:ff:8c:f9", "version": 6, "addr": "2003::f816:3eff:feff:8cf9", "OS-EXT-IPS:type": "fixed"}]}, "links": [{"href": "http://10.0.2.15:8774/v2.1/3c9339f319e94c33a0481e2accc3f359/servers/624ef40e-0f4e-4f31-a4e6-52e1f783ee76", "rel": "self"}, {"href": "http://10.0.2.15:8774/3c9339f319e94c33a0481e2accc3f359/servers/624ef40e-0f4e-4f31-a4e6-52e1f783ee76", "rel": "bookmark"}], "key_name": "tempest-TestGettingAddress-1528449052", "image": {"id": "b75be303-49c5-4c4c-8831-1d84cd371d7b", "links": [{"href": "http://10.0.2.15:8774/3c9339f319e94c33a0481e2accc3f359/images/b75be303-49c5-4c4c-8831-1d84cd371d7b", "rel": "bookmark"}]}, "OS-EXT-STS:task_state": null, "OS-EXT-STS:vm_state": "active", "OS-SRV-USG:launched_at": "2015-12-07T12:26:43.000000", "flavor": {"id": "42", "links": [{"href": "http://10.0.2.15:8774/3c9339f319e94c33a0481e2accc3f359/flavors/42", "rel": "bookmark"}]}, "id": "624ef40e-0f4e-4f31-a4e6-52e1f783ee76", "security_groups": [{"name": "tempest-secgroup-smoke-1245027801"}], "OS-SRV-USG:terminated_at": null, "OS-EXT-AZ:availability_zone": "nova", "user_id": "52d7938142f94f4b81481068fdf8aac3", "name": "tempest.common.compute-instance-366858990", "created": "2015-12-07T12:26:39Z", "tenant_id": "3c9339f319e94c33a0481e2accc3f359", "OS-DCF:diskConfig": "MANUAL", "os-extended-volumes:volumes_attached": [], "accessIPv4": "", "accessIPv6": "", "progress": 0, "OS-EXT-STS:power_state": 1, "config_drive": "True", "metadata": {}}}
2015-12-07 12:26:45,170 27213 INFO     [tempest_lib.common.rest_client] Request (TestGettingAddress:test_dhcp6_stateless_from_os): 200 GET http://10.0.2.15:9696/v2.0/ports?status=ACTIVE&amp;fixed_ip=None&amp;device_id=624ef40e-0f4e-4f31-a4e6-52e1f783ee76 0.029s
2015-12-07 12:26:45,170 27213 DEBUG    [tempest_lib.common.rest_client] Request - Headers: {'Content-Type': 'application/json', 'Accept': 'application/json', 'X-Auth-Token': '&lt;omitted&gt;'}
        Body: None
    Response - Headers: {'status': '200', 'content-length': '1142', 'content-location': 'http://10.0.2.15:9696/v2.0/ports?status=ACTIVE&amp;fixed_ip=None&amp;device_id=624ef40e-0f4e-4f31-a4e6-52e1f783ee76', 'connection': 'close', 'date': 'Mon, 07 Dec 2015 12:26:45 GMT', 'content-type': 'application/json; charset=UTF-8', 'x-openstack-request-id': 'req-bbacc16f-a830-43b7-822f-72e4152df18c'}
        Body: {"ports": [{"status": "ACTIVE", "binding:host_id": "vagrant-ubuntu-trusty-64", "allowed_address_pairs": [], "extra_dhcp_opts": [], "dns_assignment": [{"hostname": "host-10-100-0-3", "ip_address": "10.100.0.3", "fqdn": "host-10-100-0-3.openstacklocal."}, {"hostname": "host-2003--f816-3eff-feff-8cf9", "ip_address": "2003::f816:3eff:feff:8cf9", "fqdn": "host-2003--f816-3eff-feff-8cf9.openstacklocal."}], "device_owner": "compute:None", "port_security_enabled": true, "binding:profile": {}, "fixed_ips": [{"subnet_id": "a8d181dc-5f12-454d-b6b1-3f8a9f801ac7", "ip_address": "10.100.0.3"}, {"subnet_id": "f24631d5-d5b5-4a1a-b85e-b5c7db122527", "ip_address": "2003::f816:3eff:feff:8cf9"}], "id": "8e4dc84c-057a-4a7e-a566-bd381b83ccd1", "security_groups": ["34d4c5d4-fd12-4f4b-a19a-a073db381ea2"], "device_id": "624ef40e-0f4e-4f31-a4e6-52e1f783ee76", "name": "", "admin_state_up": true, "network_id": "0b98cc27-c9e9-4e1a-b3d3-46dfa929e182", "dns_name": "", "binding:vif_details": {"port_filter": true}, "binding:vnic_type": "normal", "binding:vif_type": "ovs", "tenant_id": "3c9339f319e94c33a0481e2accc3f359", "mac_address": "fa:16:3e:ff:8c:f9"}]}
2015-12-07 12:26:45,574 27213 INFO     [tempest_lib.common.rest_client] Request (TestGettingAddress:test_dhcp6_stateless_from_os): 201 POST http://10.0.2.15:9696/v2.0/floatingips 0.403s
2015-12-07 12:26:45,575 27213 DEBUG    [tempest_lib.common.rest_client] Request - Headers: {'Content-Type': 'application/json', 'Accept': 'application/json', 'X-Auth-Token': '&lt;omitted&gt;'}
        Body: {"floatingip": {"floating_network_id": "f5423972-f9e1-4368-99a4-9a0ae1f66d73", "tenant_id": "3c9339f319e94c33a0481e2accc3f359", "fixed_ip_address": "10.100.0.3", "port_id": "8e4dc84c-057a-4a7e-a566-bd381b83ccd1"}}
    Response - Headers: {'status': '201', 'content-length': '367', 'connection': 'close', 'date': 'Mon, 07 Dec 2015 12:26:45 GMT', 'content-type': 'application/json; charset=UTF-8', 'x-openstack-request-id': 'req-5d845d85-0c5c-4bc6-8620-a8259f57b008'}
        Body: {"floatingip": {"floating_network_id": "f5423972-f9e1-4368-99a4-9a0ae1f66d73", "router_id": "16c59ba1-470d-49d4-a81e-2df32bae8755", "fixed_ip_address": "10.100.0.3", "floating_ip_address": "172.24.4.4", "tenant_id": "3c9339f319e94c33a0481e2accc3f359", "status": "DOWN", "port_id": "8e4dc84c-057a-4a7e-a566-bd381b83ccd1", "id": "0943f098-7a93-4a0c-81ab-afe67de1f780"}}
2015-12-07 12:26:45,576 27213 INFO     [tempest_lib.common.ssh] Creating ssh connection to '172.24.4.4' as 'cirros' with public key authentication
2015-12-07 12:26:49,242 27213 WARNING  [tempest_lib.common.ssh] Failed to establish authenticated ssh connection to cirros@172.24.4.4 ([Errno None] Unable to connect to port 22 on  or 172.24.4.4). Number attempts: 1. Retry after 2 seconds.
2015-12-07 12:26:54,746 27213 WARNING  [tempest_lib.common.ssh] Failed to establish authenticated ssh connection to cirros@172.24.4.4 ([Errno None] Unable to connect to port 22 on  or 172.24.4.4). Number attempts: 2. Retry after 3 seconds.
2015-12-07 12:27:01,250 27213 WARNING  [tempest_lib.common.ssh] Failed to establish authenticated ssh connection to cirros@172.24.4.4 ([Errno None] Unable to connect to port 22 on  or 172.24.4.4). Number attempts: 3. Retry after 4 seconds.
2015-12-07 12:27:08,759 27213 WARNING  [tempest_lib.common.ssh] Failed to establish authenticated ssh connection to cirros@172.24.4.4 ([Errno None] Unable to connect to port 22 on  or 172.24.4.4). Number attempts: 4. Retry after 5 seconds.
2015-12-07 12:27:17,266 27213 WARNING  [tempest_lib.common.ssh] Failed to establish authenticated ssh connection to cirros@172.24.4.4 ([Errno None] Unable to connect to port 22 on  or 172.24.4.4). Number attempts: 5. Retry after 6 seconds.
2015-12-07 12:27:26,774 27213 WARNING  [tempest_lib.common.ssh] Failed to establish authenticated ssh connection to cirros@172.24.4.4 ([Errno None] Unable to connect to port 22 on  or 172.24.4.4). Number attempts: 6. Retry after 7 seconds.
2015-12-07 12:27:37,279 27213 WARNING  [tempest_lib.common.ssh] Failed to establish authenticated ssh connection to cirros@172.24.4.4 ([Errno None] Unable to connect to port 22 on  or 172.24.4.4). Number attempts: 7. Retry after 8 seconds.
2015-12-07 12:27:48,787 27213 WARNING  [tempest_lib.common.ssh] Failed to establish authenticated ssh connection to cirros@172.24.4.4 ([Errno None] Unable to connect to port 22 on  or 172.24.4.4). Number attempts: 8. Retry after 9 seconds.
2015-12-07 12:28:01,299 27213 WARNING  [tempest_lib.common.ssh] Failed to establish authenticated ssh connection to cirros@172.24.4.4 ([Errno None] Unable to connect to port 22 on  or 172.24.4.4). Number attempts: 9. Retry after 10 seconds.
2015-12-07 12:28:14,810 27213 WARNING  [tempest_lib.common.ssh] Failed to establish authenticated ssh connection to cirros@172.24.4.4 ([Errno None] Unable to connect to port 22 on  or 172.24.4.4). Number attempts: 10. Retry after 11 seconds.
2015-12-07 12:28:29,314 27213 WARNING  [tempest_lib.common.ssh] Failed to establish authenticated ssh connection to cirros@172.24.4.4 ([Errno None] Unable to connect to port 22 on  or 172.24.4.4). Number attempts: 11. Retry after 12 seconds.
2015-12-07 12:28:44,827 27213 WARNING  [tempest_lib.common.ssh] Failed to establish authenticated ssh connection to cirros@172.24.4.4 ([Errno None] Unable to connect to port 22 on  or 172.24.4.4). Number attempts: 12. Retry after 13 seconds.
2015-12-07 12:29:01,330 27213 WARNING  [tempest_lib.common.ssh] Failed to establish authenticated ssh connection to cirros@172.24.4.4 ([Errno None] Unable to connect to port 22 on  or 172.24.4.4). Number attempts: 13. Retry after 14 seconds.
2015-12-07 12:29:18,846 27213 WARNING  [tempest_lib.common.ssh] Failed to establish authenticated ssh connection to cirros@172.24.4.4 ([Errno None] Unable to connect to port 22 on  or 172.24.4.4). Number attempts: 14. Retry after 15 seconds.
2015-12-07 12:29:37,363 27213 WARNING  [tempest_lib.common.ssh] Failed to establish authenticated ssh connection to cirros@172.24.4.4 ([Errno None] Unable to connect to port 22 on  or 172.24.4.4). Number attempts: 15. Retry after 16 seconds.
2015-12-07 12:29:56,879 27213 WARNING  [tempest_lib.common.ssh] Failed to establish authenticated ssh connection to cirros@172.24.4.4 ([Errno None] Unable to connect to port 22 on  or 172.24.4.4). Number attempts: 16. Retry after 17 seconds.
2015-12-07 12:30:17,386 27213 ERROR    [tempest_lib.common.ssh] Failed to establish authenticated ssh connection to cirros@172.24.4.4 after 16 attempts
2015-12-07 12:30:17.386 27213 ERROR tempest_lib.common.ssh Traceback (most recent call last):
2015-12-07 12:30:17.386 27213 ERROR tempest_lib.common.ssh   File "/usr/local/lib/python2.7/dist-packages/tempest_lib/common/ssh.py", line 75, in _get_ssh_connection
2015-12-07 12:30:17.386 27213 ERROR tempest_lib.common.ssh     timeout=self.channel_timeout, pkey=self.pkey)
2015-12-07 12:30:17.386 27213 ERROR tempest_lib.common.ssh   File "/usr/local/lib/python2.7/dist-packages/paramiko/client.py", line 311, in connect
2015-12-07 12:30:17.386 27213 ERROR tempest_lib.common.ssh     raise NoValidConnectionsError(errors)
2015-12-07 12:30:17.386 27213 ERROR tempest_lib.common.ssh NoValidConnectionsError: [Errno None] Unable to connect to port 22 on  or 172.24.4.4
2015-12-07 12:30:17.386 27213 ERROR tempest_lib.common.ssh 
2015-12-07 12:30:17,389 27213 ERROR    [tempest.scenario.manager] (TestGettingAddress:test_dhcp6_stateless_from_os) Initializing SSH connection to 172.24.4.4 failed. Error: Connection to the 172.24.4.4 via SSH timed out.
User: cirros, Password: None
2015-12-07 12:30:17.389 27213 ERROR tempest.scenario.manager Traceback (most recent call last):
2015-12-07 12:30:17.389 27213 ERROR tempest.scenario.manager   File "tempest/scenario/manager.py", line 383, in get_remote_client
2015-12-07 12:30:17.389 27213 ERROR tempest.scenario.manager     linux_client.validate_authentication()
2015-12-07 12:30:17.389 27213 ERROR tempest.scenario.manager   File "tempest/common/utils/linux/remote_client.py", line 63, in validate_authentication
2015-12-07 12:30:17.389 27213 ERROR tempest.scenario.manager     self.ssh_client.test_connection_auth()
2015-12-07 12:30:17.389 27213 ERROR tempest.scenario.manager   File "/usr/local/lib/python2.7/dist-packages/tempest_lib/common/ssh.py", line 167, in test_connection_auth
2015-12-07 12:30:17.389 27213 ERROR tempest.scenario.manager     connection = self._get_ssh_connection()
2015-12-07 12:30:17.389 27213 ERROR tempest.scenario.manager   File "/usr/local/lib/python2.7/dist-packages/tempest_lib/common/ssh.py", line 87, in _get_ssh_connection
2015-12-07 12:30:17.389 27213 ERROR tempest.scenario.manager     password=self.password)
2015-12-07 12:30:17.389 27213 ERROR tempest.scenario.manager SSHTimeout: Connection to the 172.24.4.4 via SSH timed out.
2015-12-07 12:30:17.389 27213 ERROR tempest.scenario.manager User: cirros, Password: None
2015-12-07 12:30:17.389 27213 ERROR tempest.scenario.manager 
2015-12-07 12:30:17,473 27213 INFO     [tempest_lib.common.rest_client] Request (TestGettingAddress:test_dhcp6_stateless_from_os): 200 GET http://10.0.2.15:8774/v2.1/3c9339f319e94c33a0481e2accc3f359/servers 0.080s
2015-12-07 12:30:17,473 27213 DEBUG    [tempest_lib.common.rest_client] Request - Headers: {'Content-Type': 'application/json', 'Accept': 'application/json', 'X-Auth-Token': '&lt;omitted&gt;'}
        Body: None
    Response - Headers: {'status': '200', 'content-length': '390', 'content-location': 'http://10.0.2.15:8774/v2.1/3c9339f319e94c33a0481e2accc3f359/servers', 'x-compute-request-id': 'req-7eef48f3-2b10-48ca-b0c3-05a67d1c2a7f', 'vary': 'X-OpenStack-Nova-API-Version', 'connection': 'close', 'x-openstack-nova-api-version': '2.1', 'date': 'Mon, 07 Dec 2015 12:30:17 GMT', 'content-type': 'application/json'}
        Body: {"servers": [{"id": "624ef40e-0f4e-4f31-a4e6-52e1f783ee76", "links": [{"href": "http://10.0.2.15:8774/v2.1/3c9339f319e94c33a0481e2accc3f359/servers/624ef40e-0f4e-4f31-a4e6-52e1f783ee76", "rel": "self"}, {"href": "http://10.0.2.15:8774/3c9339f319e94c33a0481e2accc3f359/servers/624ef40e-0f4e-4f31-a4e6-52e1f783ee76", "rel": "bookmark"}], "name": "tempest.common.compute-instance-366858990"}]}
2015-12-07 12:30:17,696 27213 INFO     [tempest_lib.common.rest_client] Request (TestGettingAddress:test_dhcp6_stateless_from_os): 200 POST http://10.0.2.15:8774/v2.1/3c9339f319e94c33a0481e2accc3f359/servers/624ef40e-0f4e-4f31-a4e6-52e1f783ee76/action 0.216s
2015-12-07 12:30:17,696 27213 DEBUG    [tempest_lib.common.rest_client] Request - Headers: {'Content-Type': 'application/json', 'Accept': 'application/json', 'X-Auth-Token': '&lt;omitted&gt;'}
        Body: {"os-getConsoleOutput": {}}
    Response - Headers: {'status': '200', 'content-length': '24669', 'x-compute-request-id': 'req-5c39bf7c-a34d-47ee-ab10-c9d2d1537ec4', 'vary': 'X-OpenStack-Nova-API-Version', 'connection': 'close', 'x-openstack-nova-api-version': '2.1', 'date': 'Mon, 07 Dec 2015 12:30:17 GMT', 'content-type': 'application/json'}
        Body: {"output": "[    0.000000] Initializing cgroup subsys cpuset\n[    0.000000] Initializing cgroup subsys cpu\n[    0.000000] Linux version 3.2.0-80-virtual (buildd@batsu) (gcc version 4.6.3 (Ubuntu/Linaro 4.6.3-1ubuntu5) ) #116-Ubuntu SMP Mon Mar 23 17:28:52 UTC 2015 (Ubuntu 3.2.0-80.116-virtual 3.2.68)\n[    0.000000] Command line: root=/dev/vda console=tty0 console=ttyS0 no_timer_check\n[    0.000000] KERNEL supported cpus:\n[    0.000000]   Intel GenuineIntel\n[    0.000000]   AMD AuthenticAMD\n[    0.000000]   Centaur CentaurHauls\n[    0.000000] BIOS-provided physical RAM map:\n[    0.000000]  BIOS-e820: 0000000000000000 - 000000000009fc00 (usable)\n[    0.000000]  BIOS-e820: 000000000009fc00 - 00000000000a0000 (reserved)\n[    0.000000]  BIOS-e820: 00000000000f0000 - 0000000000100000 (reserved)\n[    0.000000]  BIOS-e820: 0000000000100000 - 0000000003ffe000 (usable)\n[    0.000000]  BIOS-e820: 0000000003ffe000 - 0000000004000000 (reserved)\n[    0.000000]  BIOS-e820: 00000000fffc0000 - 0000000100000000 (reserved)\n[    0.000000] NX (Execute Disable) protection: active\n[    0.000000] SMBIOS 2.4 present.\n[    0.000000] No AGP bridge found\n[    0.000000] last_pfn = 0x3ffe max_arch_pfn = 0x400000000\n[    0.000000] x86 PAT enabled: cpu 0, old 0x7040600070406, new 0x7010600070106\n[    0.000000] found SMP MP-table at [ffff8800000f0b00] f0b00\n[    0.000000] init_memory_mapping: 0000000000000000-0000000003ffe000\n[    0.000000] RAMDISK: 03c5e000 - 03ff0000\n[    0.000000] ACPI: RSDP 00000000000f0950 00014 (v00 BOCHS )\n[    0.000000] ACPI: RSDT 0000000003fffbc1 00034 (v01 BOCHS  BXPCRSDT 00000001 BXPC 00000001)\n[    0.000000] ACPI: FACP 0000000003fff1c0 00074 (v01 BOCHS  BXPCFACP 00000001 BXPC 00000001)\n[    0.000000] ACPI: DSDT 0000000003ffe040 01180 (v01 BOCHS  BXPCDSDT 00000001 BXPC 00000001)\n[    0.000000] ACPI: FACS 0000000003ffe000 00040\n[    0.000000] ACPI: SSDT 0000000003fff234 008DD (v01 BOCHS  BXPCSSDT 00000001 BXPC 00000001)\n[    0.000000] ACPI: APIC 0000000003fffb11 00078 (v01 BOCHS  BXPCAPIC 00000001 BXPC 00000001)\n[    0.000000] ACPI: HPET 0000000003fffb89 00038 (v01 BOCHS  BXPCHPET 00000001 BXPC 00000001)\n[    0.000000] No NUMA configuration found\n[    0.000000] Faking a node at 0000000000000000-0000000003ffe000\n[    0.000000] Initmem setup node 0 0000000000000000-0000000003ffe000\n[    0.000000]   NODE_DATA [0000000003ff6000 - 0000000003ffafff]\n[    0.000000] Zone PFN ranges:\n[    0.000000]   DMA      0x00000010 -&gt; 0x00001000\n[    0.000000]   DMA32    0x00001000 -&gt; 0x00100000\n[    0.000000]   Normal   empty\n[    0.000000] Movable zone start PFN for each node\n[    0.000000] early_node_map[2] active PFN ranges\n[    0.000000]     0: 0x00000010 -&gt; 0x0000009f\n[    0.000000]     0: 0x00000100 -&gt; 0x00003ffe\n[    0.000000] ACPI: PM-Timer IO Port: 0xb008\n[    0.000000] ACPI: LAPIC (acpi_id[0x00] lapic_id[0x00] enabled)\n[    0.000000] ACPI: LAPIC_NMI (acpi_id[0xff] dfl dfl lint[0x1])\n[    0.000000] ACPI: IOAPIC (id[0x00] address[0xfec00000] gsi_base[0])\n[    0.000000] IOAPIC[0]: apic_id 0, version 17, address 0xfec00000, GSI 0-23\n[    0.000000] ACPI: INT_SRC_OVR (bus 0 bus_irq 0 global_irq 2 dfl dfl)\n[    0.000000] ACPI: INT_SRC_OVR (bus 0 bus_irq 5 global_irq 5 high level)\n[    0.000000] ACPI: INT_SRC_OVR (bus 0 bus_irq 9 global_irq 9 high level)\n[    0.000000] ACPI: INT_SRC_OVR (bus 0 bus_irq 10 global_irq 10 high level)\n[    0.000000] ACPI: INT_SRC_OVR (bus 0 bus_irq 11 global_irq 11 high level)\n[    0.000000] Using ACPI (MADT) for SMP configuration information\n[    0.000000] ACPI: HPET id: 0x8086a201 base: 0xfed00000\n[    0.000000] SMP: Allowing 1 CPUs, 0 hotplug CPUs\n[    0.000000] PM: Registered nosave memory: 000000000009f000 - 00000000000a0000\n[    0.000000] PM: Registered nosave memory: 00000000000a0000 - 00000000000f0000\n[    0.000000] PM: Registered nosave memory: 00000000000f0000 - 0000000000100000\n[    0.000000] Allocating PCI resources starting at 4000000 (gap: 4000000:fbfc0000)\n[    0.000000] Booting paravirtualized kernel on bare hardware\n[    0.000000] setup_pe
2015-12-07 12:30:17,698 27213 DEBUG    [tempest.scenario.manager] Console output for 624ef40e-0f4e-4f31-a4e6-52e1f783ee76
body=
[    0.000000] Initializing cgroup subsys cpuset
[    0.000000] Initializing cgroup subsys cpu
[    0.000000] Linux version 3.2.0-80-virtual (buildd@batsu) (gcc version 4.6.3 (Ubuntu/Linaro 4.6.3-1ubuntu5) ) #116-Ubuntu SMP Mon Mar 23 17:28:52 UTC 2015 (Ubuntu 3.2.0-80.116-virtual 3.2.68)
[    0.000000] Command line: root=/dev/vda console=tty0 console=ttyS0 no_timer_check
[    0.000000] KERNEL supported cpus:
[    0.000000]   Intel GenuineIntel
[    0.000000]   AMD AuthenticAMD
[    0.000000]   Centaur CentaurHauls
[    0.000000] BIOS-provided physical RAM map:
[    0.000000]  BIOS-e820: 0000000000000000 - 000000000009fc00 (usable)
[    0.000000]  BIOS-e820: 000000000009fc00 - 00000000000a0000 (reserved)
[    0.000000]  BIOS-e820: 00000000000f0000 - 0000000000100000 (reserved)
[    0.000000]  BIOS-e820: 0000000000100000 - 0000000003ffe000 (usable)
[    0.000000]  BIOS-e820: 0000000003ffe000 - 0000000004000000 (reserved)
[    0.000000]  BIOS-e820: 00000000fffc0000 - 0000000100000000 (reserved)
[    0.000000] NX (Execute Disable) protection: active
[    0.000000] SMBIOS 2.4 present.
[    0.000000] No AGP bridge found
[    0.000000] last_pfn = 0x3ffe max_arch_pfn = 0x400000000
[    0.000000] x86 PAT enabled: cpu 0, old 0x7040600070406, new 0x7010600070106
[    0.000000] found SMP MP-table at [ffff8800000f0b00] f0b00
[    0.000000] init_memory_mapping: 0000000000000000-0000000003ffe000
[    0.000000] RAMDISK: 03c5e000 - 03ff0000
[    0.000000] ACPI: RSDP 00000000000f0950 00014 (v00 BOCHS )
[    0.000000] ACPI: RSDT 0000000003fffbc1 00034 (v01 BOCHS  BXPCRSDT 00000001 BXPC 00000001)
[    0.000000] ACPI: FACP 0000000003fff1c0 00074 (v01 BOCHS  BXPCFACP 00000001 BXPC 00000001)
[    0.000000] ACPI: DSDT 0000000003ffe040 01180 (v01 BOCHS  BXPCDSDT 00000001 BXPC 00000001)
[    0.000000] ACPI: FACS 0000000003ffe000 00040
[    0.000000] ACPI: SSDT 0000000003fff234 008DD (v01 BOCHS  BXPCSSDT 00000001 BXPC 00000001)
[    0.000000] ACPI: APIC 0000000003fffb11 00078 (v01 BOCHS  BXPCAPIC 00000001 BXPC 00000001)
[    0.000000] ACPI: HPET 0000000003fffb89 00038 (v01 BOCHS  BXPCHPET 00000001 BXPC 00000001)
[    0.000000] No NUMA configuration found
[    0.000000] Faking a node at 0000000000000000-0000000003ffe000
[    0.000000] Initmem setup node 0 0000000000000000-0000000003ffe000
[    0.000000]   NODE_DATA [0000000003ff6000 - 0000000003ffafff]
[    0.000000] Zone PFN ranges:
[    0.000000]   DMA      0x00000010 -&gt; 0x00001000
[    0.000000]   DMA32    0x00001000 -&gt; 0x00100000
[    0.000000]   Normal   empty
[    0.000000] Movable zone start PFN for each node
[    0.000000] early_node_map[2] active PFN ranges
[    0.000000]     0: 0x00000010 -&gt; 0x0000009f
[    0.000000]     0: 0x00000100 -&gt; 0x00003ffe
[    0.000000] ACPI: PM-Timer IO Port: 0xb008
[    0.000000] ACPI: LAPIC (acpi_id[0x00] lapic_id[0x00] enabled)
[    0.000000] ACPI: LAPIC_NMI (acpi_id[0xff] dfl dfl lint[0x1])
[    0.000000] ACPI: IOAPIC (id[0x00] address[0xfec00000] gsi_base[0])
[    0.000000] IOAPIC[0]: apic_id 0, version 17, address 0xfec00000, GSI 0-23
[    0.000000] ACPI: INT_SRC_OVR (bus 0 bus_irq 0 global_irq 2 dfl dfl)
[    0.000000] ACPI: INT_SRC_OVR (bus 0 bus_irq 5 global_irq 5 high level)
[    0.000000] ACPI: INT_SRC_OVR (bus 0 bus_irq 9 global_irq 9 high level)
[    0.000000] ACPI: INT_SRC_OVR (bus 0 bus_irq 10 global_irq 10 high level)
[    0.000000] ACPI: INT_SRC_OVR (bus 0 bus_irq 11 global_irq 11 high level)
[    0.000000] Using ACPI (MADT) for SMP configuration information
[    0.000000] ACPI: HPET id: 0x8086a201 base: 0xfed00000
[    0.000000] SMP: Allowing 1 CPUs, 0 hotplug CPUs
[    0.000000] PM: Registered nosave memory: 000000000009f000 - 00000000000a0000
[    0.000000] PM: Registered nosave memory: 00000000000a0000 - 00000000000f0000
[    0.000000] PM: Registered nosave memory: 00000000000f0000 - 0000000000100000
[    0.000000] Allocating PCI resources starting at 4000000 (gap: 4000000:fbfc0000)
[    0.000000] Booting paravirtualized kernel on bare hardware
[    0.000000] setup_percpu: NR_CPUS:64 nr_cpumask_bits:64 nr_cpu_ids:1 nr_node_ids:1
[    0.000000] PERCPU: Embedded 27 pages/cpu @ffff880003a00000 s78848 r8192 d23552 u2097152
[    0.000000] Built 1 zonelists in Node order, mobility grouping on.  Total pages: 16008
[    0.000000] Policy zone: DMA32
[    0.000000] Kernel command line: root=/dev/vda console=tty0 console=ttyS0 no_timer_check
[    0.000000] PID hash table entries: 256 (order: -1, 2048 bytes)
[    0.000000] Checking aperture...
[    0.000000] No AGP bridge found
[    0.000000] Memory: 43492k/65528k available (6576k kernel code, 452k absent, 21584k reserved, 6620k data, 928k init)
[    0.000000] SLUB: Genslabs=15, HWalign=64, Order=0-3, MinObjects=0, CPUs=1, Nodes=1
[    0.000000] Hierarchical RCU implementation.
[    0.000000] 	RCU dyntick-idle grace-period acceleration is enabled.
[    0.000000] NR_IRQS:4352 nr_irqs:256 16
[    0.000000] Console: colour VGA+ 80x25
[    0.000000] console [tty0] enabled
[    0.000000] console [ttyS0] enabled
[    0.000000] allocated 1048576 bytes of page_cgroup
[    0.000000] please try 'cgroup_disable=memory' option if you don't want memory cgroups
[    0.000000] Fast TSC calibration failed
[    0.000000] TSC: Unable to calibrate against PIT
[    0.000000] TSC: using HPET reference calibration
[    0.000000] Detected 2293.092 MHz processor.
[    0.037409] Calibrating delay loop (skipped), value calculated using timer frequency.. 4586.18 BogoMIPS (lpj=9172368)
[    0.039801] pid_max: default: 32768 minimum: 301
[    0.046185] Security Framework initialized
[    0.051003] AppArmor: AppArmor initialized
[    0.052176] Yama: becoming mindful.
[    0.059156] Dentry cache hash table entries: 8192 (order: 4, 65536 bytes)
[    0.060269] Inode-cache hash table entries: 4096 (order: 3, 32768 bytes)
[    0.062179] Mount-cache hash table entries: 256
[    0.085375] Initializing cgroup subsys cpuacct
[    0.087021] Initializing cgroup subsys memory
[    0.088845] Initializing cgroup subsys devices
[    0.092118] Initializing cgroup subsys freezer
[    0.092826] Initializing cgroup subsys blkio
[    0.093628] Initializing cgroup subsys perf_event
[    0.097857] mce: CPU supports 10 MCE banks
[    0.100744] SMP alternatives: switching to UP code
[    0.518316] Freeing SMP alternatives: 24k freed
[    0.520807] ACPI: Core revision 20110623
[    0.576475] ftrace: allocating 26610 entries in 105 pages
[    0.617146] ..TIMER: vector=0x30 apic1=0 pin1=2 apic2=-1 pin2=-1
[    0.618614] CPU0: AMD QEMU Virtual CPU version 2.0.0 stepping 03
[    0.624038] Performance Events: Broken PMU hardware detected, using software events only.
[    0.637336] NMI watchdog disabled (cpu0): hardware events not enabled
[    0.641379] Brought up 1 CPUs
[    0.642144] Total of 1 processors activated (4586.18 BogoMIPS).
[    0.668473] devtmpfs: initialized
[    0.698937] EVM: security.selinux
[    0.700082] EVM: security.SMACK64
[    0.700717] EVM: security.capability
[    0.722466] print_constraints: dummy: 
[    0.726160] RTC time: 12:26:47, date: 12/07/15
[    0.729248] NET: Registered protocol family 16
[    0.738717] ACPI: bus type pci registered
[    0.742781] PCI: Using configuration type 1 for base access
[    0.773786] bio: create slab &lt;bio-0&gt; at 0
[    0.778729] ACPI: Added _OSI(Module Device)
[    0.780207] ACPI: Added _OSI(Processor Device)
[    0.780764] ACPI: Added _OSI(3.0 _SCP Extensions)
[    0.781372] ACPI: Added _OSI(Processor Aggregator Device)
[    0.870109] ACPI: Interpreter enabled
[    0.870822] ACPI: (supports S0 S3 S4 S5)
[    0.873568] ACPI: Using IOAPIC for interrupt routing
[    0.950313] ACPI: No dock devices found.
[    0.950909] HEST: Table not found.
[    0.952225] PCI: Using host bridge windows from ACPI; if necessary, use "pci=nocrs" and report a bug
[    0.958671] ACPI: PCI Root Bridge [PCI0] (domain 0000 [bus 00-ff])
[    0.965845] pci_root PNP0A03:00: host bridge window [io  0x0000-0x0cf7]
[    0.966741] pci_root PNP0A03:00: host bridge window [io  0x0d00-0xadff]
[    0.968146] pci_root PNP0A03:00: host bridge window [io  0xae0f-0xaeff]
[    0.969332] pci_root PNP0A03:00: host bridge window [io  0xaf20-0xafdf]
[    0.970148] pci_root PNP0A03:00: host bridge window [io  0xafe4-0xffff]
[    0.971050] pci_root PNP0A03:00: host bridge window [mem 0x000a0000-0x000bffff]
[    0.972111] pci_root PNP0A03:00: host bridge window [mem 0x04000000-0xfebfffff]
[    0.996559] pci 0000:00:01.3: quirk: [io  0xb000-0xb03f] claimed by PIIX4 ACPI
[    0.997784] pci 0000:00:01.3: quirk: [io  0xb100-0xb10f] claimed by PIIX4 SMB
[    1.065599]  pci0000:00: Unable to request _OSC control (_OSC support mask: 0x1e)
[    1.125146] ACPI: PCI Interrupt Link [LNKA] (IRQs 5 *10 11)
[    1.127217] ACPI: PCI Interrupt Link [LNKB] (IRQs 5 *10 11)
[    1.129715] ACPI: PCI Interrupt Link [LNKC] (IRQs 5 10 *11)
[    1.132242] ACPI: PCI Interrupt Link [LNKD] (IRQs 5 10 *11)
[    1.133866] ACPI: PCI Interrupt Link [LNKS] (IRQs *9)
[    1.140989] vgaarb: device added: PCI:0000:00:02.0,decodes=io+mem,owns=io+mem,locks=none
[    1.142237] vgaarb: loaded
[    1.142620] vgaarb: bridge control possible 0000:00:02.0
[    1.148590] i2c-core: driver [aat2870] using legacy suspend method
[    1.149274] i2c-core: driver [aat2870] using legacy resume method
[    1.152773] SCSI subsystem initialized
[    1.156071] usbcore: registered new interface driver usbfs
[    1.156610] usbcore: registered new interface driver hub
[    1.158001] usbcore: registered new device driver usb
[    1.162851] PCI: Using ACPI for IRQ routing
[    1.174887] NetLabel: Initializing
[    1.175316] NetLabel:  domain hash size = 128
[    1.176138] NetLabel:  protocols = UNLABELED CIPSOv4
[    1.178104] NetLabel:  unlabeled traffic allowed by default
[    1.181281] HPET: 3 timers in total, 0 timers will be used for per-cpu timer
[    1.182987] hpet0: at MMIO 0xfed00000, IRQs 2, 8, 0
[    1.184435] hpet0: 3 comparators, 64-bit 100.000000 MHz counter
[    1.198373] Switching to clocksource hpet
[    1.455737] AppArmor: AppArmor Filesystem Enabled
[    1.458040] pnp: PnP ACPI init
[    1.458787] ACPI: bus type pnp registered
[    1.481812] pnp: PnP ACPI: found 9 devices
[    1.482372] ACPI: ACPI bus type pnp unregistered
[    1.549469] NET: Registered protocol family 2
[    1.581896] IP route cache hash table entries: 512 (order: 0, 4096 bytes)
[    1.589618] TCP established hash table entries: 2048 (order: 3, 32768 bytes)
[    1.591177] TCP bind hash table entries: 2048 (order: 3, 32768 bytes)
[    1.592111] TCP: Hash tables configured (established 2048 bind 2048)
[    1.593777] TCP reno registered
[    1.594420] UDP hash table entries: 128 (order: 0, 4096 bytes)
[    1.595453] UDP-Lite hash table entries: 128 (order: 0, 4096 bytes)
[    1.598959] NET: Registered protocol family 1
[    1.599849] pci 0000:00:00.0: Limiting direct PCI/PCI transfers
[    1.601813] pci 0000:00:01.0: PIIX3: Enabling Passive Release
[    1.602800] pci 0000:00:01.0: Activating ISA DMA hang workarounds
[    1.607577] ACPI: PCI Interrupt Link [LNKD] enabled at IRQ 11
[    1.609844] pci 0000:00:01.2: PCI INT D -&gt; Link[LNKD] -&gt; GSI 11 (level, high) -&gt; IRQ 11
[    1.611935] pci 0000:00:01.2: PCI INT D disabled
[    1.629933] Trying to unpack rootfs image as initramfs...
[    1.647270] audit: initializing netlink socket (disabled)
[    1.649350] type=2000 audit(1449491207.648:1): initialized
[    1.910026] HugeTLB registered 2 MB page size, pre-allocated 0 pages
[    1.991604] VFS: Disk quotas dquot_6.5.2
[    1.994048] Dquot-cache hash table entries: 512 (order 0, 4096 bytes)
[    2.014743] fuse init (API version 7.17)
[    2.026436] msgmni has been set to 84
[    2.075837] Block layer SCSI generic (bsg) driver version 0.4 loaded (major 253)
[    2.086688] io scheduler noop registered
[    2.087424] io scheduler deadline registered (default)
[    2.089955] io scheduler cfq registered
[    2.094136] pci_hotplug: PCI Hot Plug PCI Core version: 0.5
[    2.096052] pciehp: PCI Express Hot Plug Controller Driver version: 0.4
[    2.102532] input: Power Button as /devices/LNXSYSTM:00/LNXPWRBN:00/input/input0
[    2.104595] ACPI: Power Button [PWRF]
[    2.169504] ERST: Table is not found!
[    2.170077] GHES: HEST is not enabled!
[    2.194475] ACPI: PCI Interrupt Link [LNKC] enabled at IRQ 10
[    2.195414] virtio-pci 0000:00:03.0: PCI INT A -&gt; Link[LNKC] -&gt; GSI 10 (level, high) -&gt; IRQ 10
[    2.199547] virtio-pci 0000:00:04.0: PCI INT A -&gt; Link[LNKD] -&gt; GSI 11 (level, high) -&gt; IRQ 11
[    2.204668] ACPI: PCI Interrupt Link [LNKA] enabled at IRQ 10
[    2.207045] virtio-pci 0000:00:05.0: PCI INT A -&gt; Link[LNKA] -&gt; GSI 10 (level, high) -&gt; IRQ 10
[    2.226676] Serial: 8250/16550 driver, 32 ports, IRQ sharing enabled
[    2.269348] serial8250: ttyS0 at I/O 0x3f8 (irq = 4) is a 16550A
[    2.361027] serial8250: ttyS1 at I/O 0x2f8 (irq = 3) is a 16550A
[    2.504584] 00:05: ttyS0 at I/O 0x3f8 (irq = 4) is a 16550A
[    2.583311] 00:06: ttyS1 at I/O 0x2f8 (irq = 3) is a 16550A
[    2.617326] Refined TSC clocksource calibration: 2293.138 MHz.
[    2.618140] Switching to clocksource tsc
[    2.630263] Linux agpgart interface v0.103
[    2.698899] brd: module loaded
[    2.727028] loop: module loaded
[    2.771690]  vda: unknown partition table
[    2.833570] scsi0 : ata_piix
[    2.837448] scsi1 : ata_piix
[    2.838328] ata1: PATA max MWDMA2 cmd 0x1f0 ctl 0x3f6 bmdma 0xc0a0 irq 14
[    2.839325] ata2: PATA max MWDMA2 cmd 0x170 ctl 0x376 bmdma 0xc0a8 irq 15
[    2.850889] Fixed MDIO Bus: probed
[    2.851750] tun: Universal TUN/TAP device driver, 1.6
[    2.852858] tun: (C) 1999-2004 Max Krasnyansky &lt;maxk@qualcomm.com&gt;
[    2.873780] PPP generic driver version 2.4.2
[    2.895378] ehci_hcd: USB 2.0 'Enhanced' Host Controller (EHCI) Driver
[    2.897238] ohci_hcd: USB 1.1 'Open' Host Controller (OHCI) Driver
[    2.898319] uhci_hcd: USB Universal Host Controller Interface driver
[    2.899396] uhci_hcd 0000:00:01.2: PCI INT D -&gt; Link[LNKD] -&gt; GSI 11 (level, high) -&gt; IRQ 11
[    2.903082] uhci_hcd 0000:00:01.2: UHCI Host Controller
[    2.917194] uhci_hcd 0000:00:01.2: new USB bus registered, assigned bus number 1
[    2.919704] uhci_hcd 0000:00:01.2: irq 11, io base 0x0000c040
[    2.954150] hub 1-0:1.0: USB hub found
[    2.955491] hub 1-0:1.0: 2 ports detected
[    2.962211] usbcore: registered new interface driver libusual
[    2.965724] i8042: PNP: PS/2 Controller [PNP0303:KBD,PNP0f13:MOU] at 0x60,0x64 irq 1,12
[    2.974441] serio: i8042 KBD port at 0x60,0x64 irq 1
[    2.976675] serio: i8042 AUX port at 0x60,0x64 irq 12
[    3.011238] mousedev: PS/2 mouse device common for all mice
[    3.021579] input: AT Translated Set 2 keyboard as /devices/platform/i8042/serio0/input/input1
[    3.028965] rtc_cmos 00:01: RTC can wake from S4
[    3.038111] rtc_cmos 00:01: rtc core: registered rtc_cmos as rtc0
[    3.043856] rtc0: alarms up to one day, 114 bytes nvram, hpet irqs
[    3.052807] device-mapper: uevent: version 1.0.3
[    3.077420] device-mapper: ioctl: 4.22.0-ioctl (2011-10-19) initialised: dm-devel@redhat.com
[    3.081094] cpuidle: using governor ladder
[    3.082395] cpuidle: using governor menu
[    3.083169] EFI Variables Facility v0.08 2004-May-17
[    3.094685] TCP cubic registered
[    3.099368] NET: Registered protocol family 10
[    3.126492] NET: Registered protocol family 17
[    3.127742] Registering the dns_resolver key type
[    3.145289] ata2.01: ATAPI: QEMU DVD-ROM, 2.0.0, max UDMA/100
[    3.160011] ata2.01: configured for MWDMA2
[    3.205914] scsi 1:0:1:0: CD-ROM            QEMU     QEMU DVD-ROM     2.0. PQ: 0 ANSI: 5
[    3.247174] sr0: scsi3-mmc drive: 4x/4x cd/rw xa/form2 tray
[    3.249004] cdrom: Uniform CD-ROM driver Revision: 3.20
[    3.267698] sr 1:0:1:0: Attached scsi generic sg0 type 5
[    3.277502] registered taskstats version 1
[    3.328854] Freeing initrd memory: 3656k freed
[    3.831813]   Magic number: 11:209:430
[    3.842236] rtc_cmos 00:01: setting system clock to 2015-12-07 12:26:50 UTC (1449491210)
[    3.844750] powernow-k8: Processor cpuid 663 not supported
[    3.851349] BIOS EDD facility v0.16 2004-Jun-25, 0 devices found
[    3.853557] EDD information not available.
[    3.930857] Freeing unused kernel memory: 928k freed
[    3.939452] Write protecting the kernel read-only data: 12288k
[    4.080363] Freeing unused kernel memory: 1596k freed
[    4.157685] Freeing unused kernel memory: 1184k freed

info: initramfs: up at 4.30
modprobe: module virtio_blk not found in modules.dep
modprobe: module virtio_net not found in modules.dep
info: copying initramfs to /dev/vda
info: initramfs loading root from /dev/vda
info: /etc/init.d/rc.sysinit: up at 9.25
info: container: none
Starting logging: OK
modprobe: module virtio_blk not found in modules.dep
modprobe: module virtio_net not found in modules.dep
WARN: /etc/rc3.d/S10-load-modules failed
Initializing random number generator... done.
Starting acpid: OK
cirros-ds 'local' up at 11.79
found datasource (configdrive, local)
Starting network...
udhcpc (v1.20.1) started
Sending discover...
Sending discover...
Sending discover...
Usage: /sbin/cirros-dhcpc &lt;up|down&gt;
No lease, failing
WARN: /etc/rc3.d/S40-network failed
Starting dropbear sshd: generating rsa key... generating dsa key... OK
no userdata for datasource
=== system information ===
Platform: OpenStack Foundation OpenStack Nova
Container: none
Arch: x86_64
CPU(s): 1 @ 2293.092 MHz
Cores/Sockets/Threads: 1/1/1
Virt-type: AMD-V
RAM Size: 49MB
Disks:
NAME MAJ:MIN     SIZE LABEL         MOUNTPOINT
vda  253:0   25165824 cirros-rootfs /
sr0   11:0     428032 config-2      
=== sshd host keys ===
-----BEGIN SSH HOST KEY KEYS-----
ssh-rsa AAAAB3NzaC1yc2EAAAADAQABAAAAgnyGQsO92eEOj3hJP0D+Nv8i3gVwkirOHRBDyXu6CL7lh4/fexeE0lwY3TTVSuaPmNa3n5+vbXbHXi8d71bfN5jRr4E+bNqJIzpx+rc4LBJNnfVMOLCAiXlMGDSBWPkOVBVJP1jxXpSplEhSkp75g66mjXfWoqW1ZHe27Ywuz8gqu6s= root@tempest
ssh-dss AAAAB3NzaC1kc3MAAACBAPPh3L5YbNZMwZ8q57Wnh51coz/MIhecouuQHrfPCxL980PCRifcD5D0i9dTiBgixeMqWMca6/YxNpYzfS+u15WK3vfAy5QoG60kTNss+V4wa3GB/yM2F8hXtszeezsC8DDzO2r+h379KyKOToFKrfNpIdRMKRDorxJWDKAA4GR/AAAAFQDOzi1H5Yi7ZkQz1ry4mhK5NT3a7QAAAIEAhgk/0MDvE8PDFvFxtMXGczZEx2bDnx+y7e3Ld2W6/c63g6RPuFqoBZlZc1kcOCnoTx6o1IBRGVANRQKbi8VhILOwzOJkFr3CdJSL5byFGOqusuWzORNuMxRo/USPPrtkFZArPgHxh+jbt4BuUuY0pN0ibIBDFOlgbDNGDkMRlSsAAACAVB5nlruGEfFi5IXyFQ3BEL4yewWirwHoqoXdIRn+pydpc5FtZbVz/Gh4GX9nDNGq9GkiOh2PKf7Y6njm82ESu4gClIx17IcP+KPNAffH8PHTFHoIG25k55LwXKrocOgXkbsgep321w9ownt776+F5qFLF7sIAAkw7N6iKa9/Lt8= root@tempest
-----END SSH HOST KEY KEYS-----
=== network info ===
if-info: lo,up,127.0.0.1,8,::1
if-info: eth0,up,,8,fe80::f816:3eff:feff:8cf9
=== datasource: configdrive local ===
instance-id: 624ef40e-0f4e-4f31-a4e6-52e1f783ee76
name: tempest.common.compute-instance-366858990
availability-zone: nova
local-hostname: tempest.common.compute-instance-366858990.novalocal
launch-index: 0
=== cirros: current=0.3.4 uptime=203.70 ===
route: fscanf
=== pinging gateway failed, debugging connection ===
############ debug start ##############
### /etc/init.d/sshd start
Starting dropbear sshd: OK
route: fscanf
### ifconfig -a
eth0      Link encap:Ethernet  HWaddr FA:16:3E:FF:8C:F9  
          inet6 addr: fe80::f816:3eff:feff:8cf9/64 Scope:Link
          UP BROADCAST RUNNING MULTICAST  MTU:1500  Metric:1
          RX packets:12 errors:0 dropped:5 overruns:0 frame:0
          TX packets:8 errors:0 dropped:0 overruns:0 carrier:0
          collisions:0 txqueuelen:1000 
          RX bytes:1303 (1.2 KiB)  TX bytes:1134 (1.1 KiB)

lo        Link encap:Local Loopback  
          inet addr:127.0.0.1  Mask:255.0.0.0
          inet6 addr: ::1/128 Scope:Host
          UP LOOPBACK RUNNING  MTU:16436  Metric:1
          RX packets:12 errors:0 dropped:0 overruns:0 frame:0
          TX packets:12 errors:0 dropped:0 overruns:0 carrier:0
          collisions:0 txqueuelen:0 
          RX bytes:1020 (1020.0 B)  TX bytes:1020 (1020.0 B)

### route -n
Kernel IP routing table
Destination     Gateway         Genmask         Flags Metric Ref    Use Iface
route: fscanf
### cat /etc/resolv.conf
cat: can't open '/etc/resolv.conf': No such file or directory
### gateway not found
/sbin/cirros-status: line 1: can't open /etc/resolv.conf: no such file
### pinging nameservers
### uname -a
Linux tempest 3.2.0-80-virtual #116-Ubuntu SMP Mon Mar 23 17:28:52 UTC 2015 x86_64 GNU/Linux
### lsmod
Module                  Size  Used by    Not tainted
nls_iso8859_1          12713  0 
nls_cp437              16991  0 
vfat                   17585  0 
fat                    61512  1 vfat
isofs                  40259  0 
ip_tables              27473  0 
x_tables               29891  1 ip_tables
pcnet32                42119  0 
8139cp                 27360  0 
ne2k_pci               13691  0 
8390                   18856  1 ne2k_pci
e1000                 108589  0 
acpiphp                24231  0 
### dmesg | tail
[    4.973287] EXT3-fs (vda): mounted filesystem with ordered data mode
[    5.287297] ISO 9660 Extensions: Microsoft Joliet Level 3
[    5.378181] ISO 9660 Extensions: RRIP_1991A
[    5.626610] kjournald starting.  Commit interval 5 seconds
[    5.644067] EXT3-fs (vda): using internal journal
[    5.646077] EXT3-fs (vda): mounted filesystem with ordered data mode
[    9.360068] EXT3-fs (vda): using internal journal
[   12.553761] ISO 9660 Extensions: Microsoft Joliet Level 3
[   12.638607] ISO 9660 Extensions: RRIP_1991A
[   26.746731] eth0: no IPv6 routers present
### tail -n 25 /var/log/messages
Dec  7 12:26:57 cirros kern.info kernel: [    4.573083] acpiphp: Slot [26] registered
Dec  7 12:26:57 cirros kern.info kernel: [    4.573371] acpiphp: Slot [27] registered
Dec  7 12:26:57 cirros kern.info kernel: [    4.573656] acpiphp: Slot [28] registered
Dec  7 12:26:57 cirros kern.info kernel: [    4.573982] acpiphp: Slot [29] registered
Dec  7 12:26:57 cirros kern.info kernel: [    4.574271] acpiphp: Slot [30] registered
Dec  7 12:26:57 cirros kern.info kernel: [    4.574423] acpiphp: Slot [31] registered
Dec  7 12:26:57 cirros kern.info kernel: [    4.617094] e1000: Intel(R) PRO/1000 Network Driver - version 7.3.21-k8-NAPI
Dec  7 12:26:57 cirros kern.info kernel: [    4.617144] e1000: Copyright (c) 1999-2006 Intel Corporation.
Dec  7 12:26:57 cirros kern.info kernel: [    4.651176] ne2k-pci.c:v1.03 9/22/2003 D. Becker/P. Gortmaker
Dec  7 12:26:57 cirros kern.info kernel: [    4.686074] 8139cp: 8139cp: 10/100 PCI Ethernet driver v1.3 (Mar 22, 2004)
Dec  7 12:26:57 cirros kern.info kernel: [    4.720377] pcnet32: pcnet32.c:v1.35 21.Apr.2008 tsbogend@alpha.franken.de
Dec  7 12:26:57 cirros kern.info kernel: [    4.758709] ip_tables: (C) 2000-2006 Netfilter Core Team
Dec  7 12:26:57 cirros kern.info kernel: [    4.970738] kjournald starting.  Commit interval 5 seconds
Dec  7 12:26:57 cirros kern.info kernel: [    4.973287] EXT3-fs (vda): mounted filesystem with ordered data mode
Dec  7 12:26:57 cirros kern.debug kernel: [    5.287297] ISO 9660 Extensions: Microsoft Joliet Level 3
Dec  7 12:26:57 cirros kern.debug kernel: [    5.378181] ISO 9660 Extensions: RRIP_1991A
Dec  7 12:26:57 cirros kern.info kernel: [    5.626610] kjournald starting.  Commit interval 5 seconds
Dec  7 12:26:57 cirros kern.info kernel: [    5.644067] EXT3-fs (vda): using internal journal
Dec  7 12:26:57 cirros kern.info kernel: [    5.646077] EXT3-fs (vda): mounted filesystem with ordered data mode
Dec  7 12:26:57 cirros kern.info kernel: [    9.360068] EXT3-fs (vda): using internal journal
Dec  7 12:26:59 cirros kern.debug kernel: [   12.553761] ISO 9660 Extensions: Microsoft Joliet Level 3
Dec  7 12:26:59 cirros kern.debug kernel: [   12.638607] ISO 9660 Extensions: RRIP_1991A
Dec  7 12:27:02 cirros auth.notice su: + /dev/console root:cirros
Dec  7 12:27:13 cirros kern.debug kernel: [   26.746731] eth0: no IPv6 routers present
Dec  7 12:30:08 cirros authpriv.info dropbear[283]: Running in background
############ debug end   ##############
  ____               ____  ____
 / __/ __ ____ ____ / __ \/ __/
/ /__ / // __// __// /_/ /\ \ 
\___//_//_/  /_/   \____/___/ 
   http://cirros-cloud.net


login as 'cirros' user. default password: 'cubswin:)'. use 'sudo' for root.
tempest login: 
2015-12-07 12:30:17,903 27213 INFO     [tempest_lib.common.rest_client] Request (TestGettingAddress:_run_cleanups): 204 DELETE http://10.0.2.15:9696/v2.0/floatingips/0943f098-7a93-4a0c-81ab-afe67de1f780 0.200s
2015-12-07 12:30:17,903 27213 DEBUG    [tempest_lib.common.rest_client] Request - Headers: {'Content-Type': 'application/json', 'Accept': 'application/json', 'X-Auth-Token': '&lt;omitted&gt;'}
        Body: None
    Response - Headers: {'date': 'Mon, 07 Dec 2015 12:30:17 GMT', 'status': '204', 'connection': 'close', 'content-length': '0', 'x-openstack-request-id': 'req-f1f92004-69f7-48e7-95b8-75e3483dbc7e'}
        Body: 
2015-12-07 12:30:18,130 27213 INFO     [tempest_lib.common.rest_client] Request (TestGettingAddress:_run_cleanups): 204 DELETE http://10.0.2.15:8774/v2.1/3c9339f319e94c33a0481e2accc3f359/servers/624ef40e-0f4e-4f31-a4e6-52e1f783ee76 0.226s
2015-12-07 12:30:18,130 27213 DEBUG    [tempest_lib.common.rest_client] Request - Headers: {'Content-Type': 'application/json', 'Accept': 'application/json', 'X-Auth-Token': '&lt;omitted&gt;'}
        Body: None
    Response - Headers: {'status': '204', 'content-length': '0', 'x-compute-request-id': 'req-299f693f-192e-42d2-8141-c4a8efc5d3ff', 'vary': 'X-OpenStack-Nova-API-Version', 'connection': 'close', 'x-openstack-nova-api-version': '2.1', 'date': 'Mon, 07 Dec 2015 12:30:18 GMT', 'content-type': 'application/json'}
        Body: 
2015-12-07 12:30:18,379 27213 INFO     [tempest_lib.common.rest_client] Request (TestGettingAddress:_run_cleanups): 200 GET http://10.0.2.15:8774/v2.1/3c9339f319e94c33a0481e2accc3f359/servers/624ef40e-0f4e-4f31-a4e6-52e1f783ee76 0.248s
2015-12-07 12:30:18,380 27213 DEBUG    [tempest_lib.common.rest_client] Request - Headers: {'Content-Type': 'application/json', 'Accept': 'application/json', 'X-Auth-Token': '&lt;omitted&gt;'}
        Body: None
    Response - Headers: {'status': '200', 'content-length': '1904', 'content-location': 'http://10.0.2.15:8774/v2.1/3c9339f319e94c33a0481e2accc3f359/servers/624ef40e-0f4e-4f31-a4e6-52e1f783ee76', 'x-compute-request-id': 'req-155e6f90-0b1b-4b31-a47d-44afcfa8b9f5', 'vary': 'X-OpenStack-Nova-API-Version', 'connection': 'close', 'x-openstack-nova-api-version': '2.1', 'date': 'Mon, 07 Dec 2015 12:30:18 GMT', 'content-type': 'application/json'}
        Body: {"server": {"status": "ACTIVE", "updated": "2015-12-07T12:30:18Z", "hostId": "f8e9f625381fd1c619d96f6b8d3a98c6db990d8c24d38de00aac32b2", "addresses": {"tempest-network-smoke--1501953146": [{"OS-EXT-IPS-MAC:mac_addr": "fa:16:3e:ff:8c:f9", "version": 4, "addr": "10.100.0.3", "OS-EXT-IPS:type": "fixed"}, {"OS-EXT-IPS-MAC:mac_addr": "fa:16:3e:ff:8c:f9", "version": 6, "addr": "2003::f816:3eff:feff:8cf9", "OS-EXT-IPS:type": "fixed"}, {"OS-EXT-IPS-MAC:mac_addr": "fa:16:3e:ff:8c:f9", "version": 4, "addr": "172.24.4.4", "OS-EXT-IPS:type": "floating"}]}, "links": [{"href": "http://10.0.2.15:8774/v2.1/3c9339f319e94c33a0481e2accc3f359/servers/624ef40e-0f4e-4f31-a4e6-52e1f783ee76", "rel": "self"}, {"href": "http://10.0.2.15:8774/3c9339f319e94c33a0481e2accc3f359/servers/624ef40e-0f4e-4f31-a4e6-52e1f783ee76", "rel": "bookmark"}], "key_name": "tempest-TestGettingAddress-1528449052", "image": {"id": "b75be303-49c5-4c4c-8831-1d84cd371d7b", "links": [{"href": "http://10.0.2.15:8774/3c9339f319e94c33a0481e2accc3f359/images/b75be303-49c5-4c4c-8831-1d84cd371d7b", "rel": "bookmark"}]}, "OS-EXT-STS:task_state": "deleting", "OS-EXT-STS:vm_state": "active", "OS-SRV-USG:launched_at": "2015-12-07T12:26:43.000000", "flavor": {"id": "42", "links": [{"href": "http://10.0.2.15:8774/3c9339f319e94c33a0481e2accc3f359/flavors/42", "rel": "bookmark"}]}, "id": "624ef40e-0f4e-4f31-a4e6-52e1f783ee76", "security_groups": [{"name": "tempest-secgroup-smoke-1245027801"}], "OS-SRV-USG:terminated_at": null, "OS-EXT-AZ:availability_zone": "nova", "user_id": "52d7938142f94f4b81481068fdf8aac3", "name": "tempest.common.compute-instance-366858990", "created": "2015-12-07T12:26:39Z", "tenant_id": "3c9339f319e94c33a0481e2accc3f359", "OS-DCF:diskConfig": "MANUAL", "os-extended-volumes:volumes_attached": [], "accessIPv4": "", "accessIPv6": "", "progress": 0, "OS-EXT-STS:power_state": 1, "config_drive": "True", "metadata": {}}}
2015-12-07 12:30:19,535 27213 INFO     [tempest_lib.common.rest_client] Request (TestGettingAddress:_run_cleanups): 200 GET http://10.0.2.15:8774/v2.1/3c9339f319e94c33a0481e2accc3f359/servers/624ef40e-0f4e-4f31-a4e6-52e1f783ee76 0.145s
2015-12-07 12:30:19,536 27213 DEBUG    [tempest_lib.common.rest_client] Request - Headers: {'Content-Type': 'application/json', 'Accept': 'application/json', 'X-Auth-Token': '&lt;omitted&gt;'}
        Body: None
    Response - Headers: {'status': '200', 'content-length': '1439', 'content-location': 'http://10.0.2.15:8774/v2.1/3c9339f319e94c33a0481e2accc3f359/servers/624ef40e-0f4e-4f31-a4e6-52e1f783ee76', 'x-compute-request-id': 'req-148ea017-c15f-4935-862b-19c603961238', 'vary': 'X-OpenStack-Nova-API-Version', 'connection': 'close', 'x-openstack-nova-api-version': '2.1', 'date': 'Mon, 07 Dec 2015 12:30:19 GMT', 'content-type': 'application/json'}
        Body: {"server": {"status": "ACTIVE", "updated": "2015-12-07T12:30:18Z", "hostId": "f8e9f625381fd1c619d96f6b8d3a98c6db990d8c24d38de00aac32b2", "addresses": {}, "links": [{"href": "http://10.0.2.15:8774/v2.1/3c9339f319e94c33a0481e2accc3f359/servers/624ef40e-0f4e-4f31-a4e6-52e1f783ee76", "rel": "self"}, {"href": "http://10.0.2.15:8774/3c9339f319e94c33a0481e2accc3f359/servers/624ef40e-0f4e-4f31-a4e6-52e1f783ee76", "rel": "bookmark"}], "key_name": "tempest-TestGettingAddress-1528449052", "image": {"id": "b75be303-49c5-4c4c-8831-1d84cd371d7b", "links": [{"href": "http://10.0.2.15:8774/3c9339f319e94c33a0481e2accc3f359/images/b75be303-49c5-4c4c-8831-1d84cd371d7b", "rel": "bookmark"}]}, "OS-EXT-STS:task_state": "deleting", "OS-EXT-STS:vm_state": "active", "OS-SRV-USG:launched_at": "2015-12-07T12:26:43.000000", "flavor": {"id": "42", "links": [{"href": "http://10.0.2.15:8774/3c9339f319e94c33a0481e2accc3f359/flavors/42", "rel": "bookmark"}]}, "id": "624ef40e-0f4e-4f31-a4e6-52e1f783ee76", "OS-SRV-USG:terminated_at": null, "OS-EXT-AZ:availability_zone": "nova", "user_id": "52d7938142f94f4b81481068fdf8aac3", "name": "tempest.common.compute-instance-366858990", "created": "2015-12-07T12:26:39Z", "tenant_id": "3c9339f319e94c33a0481e2accc3f359", "OS-DCF:diskConfig": "MANUAL", "os-extended-volumes:volumes_attached": [], "accessIPv4": "", "accessIPv6": "", "progress": 0, "OS-EXT-STS:power_state": 1, "config_drive": "True", "metadata": {}}}
2015-12-07 12:30:20,636 27213 INFO     [tempest_lib.common.rest_client] Request (TestGettingAddress:_run_cleanups): 404 GET http://10.0.2.15:8774/v2.1/3c9339f319e94c33a0481e2accc3f359/servers/624ef40e-0f4e-4f31-a4e6-52e1f783ee76 0.083s
2015-12-07 12:30:20,637 27213 DEBUG    [tempest_lib.common.rest_client] Request - Headers: {'Content-Type': 'application/json', 'Accept': 'application/json', 'X-Auth-Token': '&lt;omitted&gt;'}
        Body: None
    Response - Headers: {'status': '404', 'content-length': '111', 'x-compute-request-id': 'req-82151816-7b8e-4e15-876d-a8c68e0403e0', 'vary': 'X-OpenStack-Nova-API-Version', 'connection': 'close', 'x-openstack-nova-api-version': '2.1', 'date': 'Mon, 07 Dec 2015 12:30:20 GMT', 'content-type': 'application/json; charset=UTF-8'}
        Body: {"itemNotFound": {"message": "Instance 624ef40e-0f4e-4f31-a4e6-52e1f783ee76 could not be found.", "code": 404}}
2015-12-07 12:30:21,017 27213 INFO     [tempest_lib.common.rest_client] Request (TestGettingAddress:_run_cleanups): 200 PUT http://10.0.2.15:9696/v2.0/routers/16c59ba1-470d-49d4-a81e-2df32bae8755/remove_router_interface 0.378s
2015-12-07 12:30:21,018 27213 DEBUG    [tempest_lib.common.rest_client] Request - Headers: {'Content-Type': 'application/json', 'Accept': 'application/json', 'X-Auth-Token': '&lt;omitted&gt;'}
        Body: {"subnet_id": "f24631d5-d5b5-4a1a-b85e-b5c7db122527"}
