<?xml version="1.0" encoding="UTF-8"?>
<!DOCTYPE html PUBLIC "-//W3C//DTD XHTML 1.0 Strict//EN"
     "http://www.w3.org/TR/xhtml1/DTD/xhtml1-strict.dtd">
<html xmlns="http://www.w3.org/1999/xhtml">
<head>
    <title>Unit Test Report</title>
    <meta name="generator" content="subunit2html 0.1"/>
    <meta http-equiv="Content-Type" content="text/html; charset=UTF-8"/>
    
<style type="text/css" media="screen">
body        { font-family: verdana, arial, helvetica, sans-serif;
    font-size: 80%; }
table       { font-size: 100%; width: 100%;}
pre         { font-size: 80%; }

/* -- heading -------------------------------------------------------------- */
h1 {
        font-size: 16pt;
        color: gray;
}
.heading {
    margin-top: 0ex;
    margin-bottom: 1ex;
}

.heading .attribute {
    margin-top: 1ex;
    margin-bottom: 0;
}

.heading .description {
    margin-top: 4ex;
    margin-bottom: 6ex;
}

/* -- css div popup -------------------------------------------------------- */
a.popup_link {
}

a.popup_link:hover {
    color: red;
}

.popup_window {
    display: none;
    overflow-x: scroll;
    /*border: solid #627173 1px; */
    padding: 10px;
    background-color: #E6E6D6;
    font-family: "Ubuntu Mono", "Lucida Console", "Courier New", monospace;
    text-align: left;
    font-size: 8pt;
}

}
/* -- report --------------------------------------------------------------- */
#show_detail_line {
    margin-top: 3ex;
    margin-bottom: 1ex;
}
#result_table {
    width: 100%;
    border-collapse: collapse;
    border: 1px solid #777;
}
#header_row {
    font-weight: bold;
    color: white;
    background-color: #777;
}
#result_table td {
    border: 1px solid #777;
    padding: 2px;
}
#total_row  { font-weight: bold; }
.passClass  { background-color: #6c6; }
.failClass  { background-color: #c60; }
.errorClass { background-color: #c00; }
.passCase   { color: #6c6; }
.failCase   { color: #c60; font-weight: bold; }
.errorCase  { color: #c00; font-weight: bold; }
.hiddenRow  { display: none; }
.testcase   { margin-left: 2em; }
td.testname {width: 40%}
td.small {width: 40px}

/* -- ending --------------------------------------------------------------- */
#ending {
}

</style>

</head>
<body>
<script language="javascript" type="text/javascript"><!--
output_list = Array();

/* level - 0:Summary; 1:Failed; 2:All */
function showCase(level) {
    trs = document.getElementsByTagName("tr");
    for (var i = 0; i < trs.length; i++) {
        tr = trs[i];
        id = tr.id;
        if (id.substr(0,2) == 'ft') {
            if (level < 1) {
                tr.className = 'hiddenRow';
            }
            else {
                tr.className = '';
            }
        }
        if (id.substr(0,2) == 'pt') {
            if (level > 1) {
                tr.className = '';
            }
            else {
                tr.className = 'hiddenRow';
            }
        }
    }
}


function showClassDetail(cid, count) {
    var id_list = Array(count);
    var toHide = 1;
    for (var i = 0; i < count; i++) {
        tid0 = 't' + cid.substr(1) + '.' + (i+1);
        tid = 'f' + tid0;
        tr = document.getElementById(tid);
        if (!tr) {
            tid = 'p' + tid0;
            tr = document.getElementById(tid);
        }
        id_list[i] = tid;
        if (tr.className) {
            toHide = 0;
        }
    }
    for (var i = 0; i < count; i++) {
        tid = id_list[i];
        if (toHide) {
            document.getElementById('div_'+tid).style.display = 'none'
            document.getElementById(tid).className = 'hiddenRow';
        }
        else {
            document.getElementById(tid).className = '';
        }
    }
}


function showTestDetail(div_id){
    var details_div = document.getElementById(div_id)
    var displayState = details_div.style.display
    // alert(displayState)
    if (displayState != 'block' ) {
        displayState = 'block'
        details_div.style.display = 'block'
    }
    else {
        details_div.style.display = 'none'
    }
}


function html_escape(s) {
    s = s.replace(/&/g,'&amp;');
    s = s.replace(/</g,'&lt;');
    s = s.replace(/>/g,'&gt;');
    return s;
}

/* obsoleted by detail in <div>
function showOutput(id, name) {
    var w = window.open("", //url
                    name,
                    "resizable,scrollbars,status,width=800,height=450");
    d = w.document;
    d.write("<pre>");
    d.write(html_escape(output_list[id]));
    d.write("\n");
    d.write("<a href='javascript:window.close()'>close</a>\n");
    d.write("</pre>\n");
    d.close();
}
*/
--></script>

<div class='heading'>
<h1>Unit Test Report</h1>

<p class='attribute'><strong>Status:</strong> Failure 8</p>

<p class='description'></p>
</div>



<p id='show_detail_line'>Show
<a href='javascript:showCase(0)'>Summary</a>
<a href='javascript:showCase(1)'>Failed</a>
<a href='javascript:showCase(2)'>All</a>
</p>
<table id='result_table'>
<colgroup>
<col align='left' />
<col align='right' />
<col align='right' />
<col align='right' />
<col align='right' />
<col align='right' />
<col align='right' />
<col align='right' />
</colgroup>
<tr id='header_row'>
    <td>Test Group/Test case</td>
    <td>Count</td>
    <td>Pass</td>
    <td>Fail</td>
    <td>Error</td>
    <td>Skip</td>
    <td>View</td>
    <td> </td>
</tr>

<tr class='failClass'>
    <td class="testname">tempest.scenario.test_network_v6.TestGettingAddress</td>
    <td class="small">8</td>
    <td class="small">0</td>
    <td class="small">8</td>
    <td class="small">0</td>
    <td class="small">0</td>
    <td class="small"><a href="javascript:showClassDetail('c1',8)"
>Detail</a></td>
    <td> </td>
</tr>

<tr id='ft1.1' class='none'>
    <td class='failCase'><div class='testcase'>test_dhcp6_stateless_from_os[compute,id-d7e1f858-187c-45a6-89c9-bdafde619a9f,network]</div></td>
    <td colspan='7' align='left'>

    <!--css div popup start-->
    <a class="popup_link" onfocus='this.blur();'
    href="javascript:showTestDetail('div_ft1.1')" >
        fail</a>

    <div id='div_ft1.1' class="popup_window">
        <div style='text-align: right; color:red;cursor:pointer'>
        <a onfocus='this.blur();'
onclick="document.getElementById('div_ft1.1').style.display = 'none' " >
           [x]</a>
        </div>
        <pre>
        
ft1.1: tempest.scenario.test_network_v6.TestGettingAddress.test_dhcp6_stateless_from_os[compute,id-d7e1f858-187c-45a6-89c9-bdafde619a9f,network]_StringException: Empty attachments:
  stderr
  stdout

pythonlogging:'': {{{
2015-12-16 03:08:04,865 24917 INFO     [tempest_lib.common.rest_client] Request (TestGettingAddress:setUp): 200 POST http://10.0.2.15:8774/v2.1/df1fe956672e43b5b3ec8a4dea5e008f/os-keypairs 0.350s
2015-12-16 03:08:04,866 24917 DEBUG    [tempest_lib.common.rest_client] Request - Headers: {'Content-Type': 'application/json', 'Accept': 'application/json', 'X-Auth-Token': '&lt;omitted&gt;'}
        Body: {"keypair": {"name": "tempest-TestGettingAddress-1467205442"}}
    Response - Headers: {'status': '200', 'content-length': '2320', 'x-compute-request-id': 'req-77a744f2-9aab-4847-8bf3-ed37ba3be4db', 'vary': 'X-OpenStack-Nova-API-Version', 'connection': 'close', 'x-openstack-nova-api-version': '2.1', 'date': 'Wed, 16 Dec 2015 03:08:04 GMT', 'content-type': 'application/json'}
        Body: {"keypair": {"public_key": "ssh-rsa AAAAB3NzaC1yc2EAAAADAQABAAABAQDRnQYXw5Ue0M7UHt7Lch6d/pAxkB0W0AEBm6LlR3gDU01dkIY3em4FFhbSZYWK4FEji01955/DGc/Nm2Qbi5ZEf5giDslgM7Zqmezv9lThZulIsRFaADR2gm2x1z773kbmgh40wQ74fEVj3ps0yNuPSVbOTzVm208Fmwip6gOiV0woVFsaP4tv54QZ0ysZQD+NdH5wYGDpOVGl43HgFfx0xPBQ4i2n/k/KOe28HKU0LLW7HVZwC6DcgPDxrx/zmmddinmte6OUHwOuGGPaiXRPtrDk28+RasRHnXI8lpiEPLcpTGwv2dic+ZRf7SZsN1XmsJhu5ZP3XvGju6ArckUr Generated-by-Nova", "private_key": "-----BEGIN RSA PRIVATE KEY-----\nMIIEqQIBAAKCAQEA0Z0GF8OVHtDO1B7ey3Ienf6QMZAdFtABAZui5Ud4A1NNXZCG\nN3puBRYW0mWFiuBRI4tNfeefwxnPzZtkG4uWRH+YIg7JYDO2apns7/ZU4WbpSLER\nWgA0doJtsdc++95G5oIeNMEO+HxFY96bNMjbj0lWzk81ZttPBZsIqeoDoldMKFRb\nGj+Lb+eEGdMrGUA/jXR+cGBg6TlRpeNx4BX8dMTwUOItp/5PyjntvBylNCy1ux1W\ncAug3IDw8a8f85pnXYp5rXujlB8Drhhj2ol0T7aw5NvPkWrER51yPJaYhDy3KUxs\nL9nYnPmUX+0mbDdV5rCYbuWT917xo7ugK3JFKwIDAQABAoIBAQCQQDyKLBm6TD6Z\n8einH5D8b8xxn1i1c03N+npeyRFJUJGEW0pScZm3PF1WS3FcgkS0blBU3gqvLFs6\nhr6cyjIOT7S1c3GYF95ofCd3eBEv0S+ny9tCEbQI/ndZFOUOVgh65368FUQlMvhZ\n4z7yU2vtrq3jatU4RKKcG/YZYKdBlw1HWUQC0KcxOg+qTfDGidCfREMQwf8JKazx\nVwZOQeGLy80JuCJsllMMwmjl/bN5lo4rs2otyA2ZxHDkKAXwE2n2SSaefDsMyouA\n9aknwsThaF9+gnpE+DA9+nqYs80/q0Qe3b8tF4MPs4WTpfg4Ju49T5K94nZ5BOmy\nXMM53J8ZAoIAgQDnkVFBINhIMWL5RtwdbETG6XtBVlI2joaIomd9qZkbsB5a3T/U\nZncFMtuGypFHOtWtS9dumjzTo+anwRqKGtNKqGMgDNM4Ed+eO8w6VwTJLYpJdFp+\nyi/Im2UvGVkgNAyrgRDOFjNjtlTcwg9Ik1atLoUDgZxwrLhdfBOzQBhOZQKCAIEA\n57q3udBq9TKlwQjvpUWGhNrp58/Vap5mQj6lmhRlUraIO/+ROoP5k7d1h1itN4zs\n4+yZX8J/Cclg2F93RHqHbO+fglD3MjmW7S7bthkkVzGPX7tfqygy+oCjz4fO0FBG\njAc341sWLe5MGA2wexk4t3QNRVPhhInQDN+pqioOhE8CggCAKYKfMjGVE7vmphDR\nvGSAH7gS5C95JVZ/P1b9fkU8sP3tMxSeMJD9nOz09UCysjYVv67su2LirH2hB0lS\nXJdacPOmcURbSJ3LnC3T+lFHBlknhOtanYfY8PkKNlsw4tjxvHyyan8IT0OMCtau\nrq/axcilB2/gf0I2+msXjPZcZRECggCBANo+XWjwZLu3zqpmGyXBvDaF4sQDVtGK\ni26ah+b8jI0BAn/Xa9T7lOPNZjBpkQH/hOAI5k5s5K637bD7AF4LNF6hs83NKXMx\nD/ckKaNwPGyubYTQ+QI+4vxQiXccReilojuhVL6Y++OYSixhQDQ/hc4py5HetUfZ\nb4ugXq+32mI7AoIAgHiRBxYAUVRg+e4muuxwoj4LWlY5N+HaQ5dcLLXuB14HYJT5\nn/lCGTYnycfMe5AqA1EHHA/9VDPwwcuO9IiEXnBlrnYPaevrR7FjLRkxOYjJERv1\n7xqSGUpv3PHnxHAhznpNMOqsYOElYKW4ozHKBADUlcg8gifCrm5hjhTpCyyQ\n-----END RSA PRIVATE KEY-----\n", "user_id": "c4df57668d054dfab67ca74663dea599", "name": "tempest-TestGettingAddress-1467205442", "fingerprint": "5f:15:f8:bc:e5:99:c0:e1:f8:54:1e:54:cc:3f:73:e6"}}
2015-12-16 03:08:05,204 24917 INFO     [tempest_lib.common.rest_client] Request (TestGettingAddress:setUp): 201 POST http://10.0.2.15:9696/v2.0/security-groups 0.331s
2015-12-16 03:08:05,204 24917 DEBUG    [tempest_lib.common.rest_client] Request - Headers: {'Content-Type': 'application/json', 'Accept': 'application/json', 'X-Auth-Token': '&lt;omitted&gt;'}
        Body: {"security_group": {"tenant_id": "df1fe956672e43b5b3ec8a4dea5e008f", "description": "tempest-secgroup-smoke-203992311 description", "name": "tempest-secgroup-smoke-203992311"}}
    Response - Headers: {'status': '201', 'content-length': '886', 'connection': 'close', 'date': 'Wed, 16 Dec 2015 03:08:05 GMT', 'content-type': 'application/json; charset=UTF-8', 'x-openstack-request-id': 'req-5cb66e70-f2c7-4783-a813-13dd84189a20'}
        Body: {"security_group": {"tenant_id": "df1fe956672e43b5b3ec8a4dea5e008f", "description": "tempest-secgroup-smoke-203992311 description", "id": "b11d8090-cb8d-48d2-ab5b-646885751f47", "security_group_rules": [{"remote_group_id": null, "direction": "egress", "remote_ip_prefix": null, "protocol": null, "ethertype": "IPv4", "tenant_id": "df1fe956672e43b5b3ec8a4dea5e008f", "port_range_max": null, "port_range_min": null, "id": "4e32db12-cf95-49f8-8ed5-56dc64993b84", "security_group_id": "b11d8090-cb8d-48d2-ab5b-646885751f47"}, {"remote_group_id": null, "direction": "egress", "remote_ip_prefix": null, "protocol": null, "ethertype": "IPv6", "tenant_id": "df1fe956672e43b5b3ec8a4dea5e008f", "port_range_max": null, "port_range_min": null, "id": "cc0a3678-c60f-4a92-8fc4-d116803f8e7c", "security_group_id": "b11d8090-cb8d-48d2-ab5b-646885751f47"}], "name": "tempest-secgroup-smoke-203992311"}}
2015-12-16 03:08:05,320 24917 INFO     [tempest_lib.common.rest_client] Request (TestGettingAddress:setUp): 201 POST http://10.0.2.15:9696/v2.0/security-group-rules 0.114s
2015-12-16 03:08:05,320 24917 DEBUG    [tempest_lib.common.rest_client] Request - Headers: {'Content-Type': 'application/json', 'Accept': 'application/json', 'X-Auth-Token': '&lt;omitted&gt;'}
        Body: {"security_group_rule": {"direction": "ingress", "protocol": "tcp", "tenant_id": "df1fe956672e43b5b3ec8a4dea5e008f", "port_range_max": 22, "security_group_id": "b11d8090-cb8d-48d2-ab5b-646885751f47", "port_range_min": 22}}
    Response - Headers: {'status': '201', 'content-length': '340', 'connection': 'close', 'date': 'Wed, 16 Dec 2015 03:08:05 GMT', 'content-type': 'application/json; charset=UTF-8', 'x-openstack-request-id': 'req-21ce20e0-cd25-4078-bd5c-37de9f64371f'}
        Body: {"security_group_rule": {"remote_group_id": null, "direction": "ingress", "remote_ip_prefix": null, "protocol": "tcp", "ethertype": "IPv4", "tenant_id": "df1fe956672e43b5b3ec8a4dea5e008f", "port_range_max": 22, "port_range_min": 22, "id": "858f27f2-0d4d-4720-803d-f83322d8e39c", "security_group_id": "b11d8090-cb8d-48d2-ab5b-646885751f47"}}
2015-12-16 03:08:05,432 24917 INFO     [tempest_lib.common.rest_client] Request (TestGettingAddress:setUp): 201 POST http://10.0.2.15:9696/v2.0/security-group-rules 0.110s
2015-12-16 03:08:05,433 24917 DEBUG    [tempest_lib.common.rest_client] Request - Headers: {'Content-Type': 'application/json', 'Accept': 'application/json', 'X-Auth-Token': '&lt;omitted&gt;'}
        Body: {"security_group_rule": {"direction": "egress", "protocol": "tcp", "tenant_id": "df1fe956672e43b5b3ec8a4dea5e008f", "port_range_max": 22, "security_group_id": "b11d8090-cb8d-48d2-ab5b-646885751f47", "port_range_min": 22}}
    Response - Headers: {'status': '201', 'content-length': '339', 'connection': 'close', 'date': 'Wed, 16 Dec 2015 03:08:05 GMT', 'content-type': 'application/json; charset=UTF-8', 'x-openstack-request-id': 'req-37750428-d737-4253-8b87-ee24379d4910'}
        Body: {"security_group_rule": {"remote_group_id": null, "direction": "egress", "remote_ip_prefix": null, "protocol": "tcp", "ethertype": "IPv4", "tenant_id": "df1fe956672e43b5b3ec8a4dea5e008f", "port_range_max": 22, "port_range_min": 22, "id": "6fbce484-7ce5-41a0-ac3c-e39b94a0e72e", "security_group_id": "b11d8090-cb8d-48d2-ab5b-646885751f47"}}
2015-12-16 03:08:05,545 24917 INFO     [tempest_lib.common.rest_client] Request (TestGettingAddress:setUp): 201 POST http://10.0.2.15:9696/v2.0/security-group-rules 0.111s
2015-12-16 03:08:05,545 24917 DEBUG    [tempest_lib.common.rest_client] Request - Headers: {'Content-Type': 'application/json', 'Accept': 'application/json', 'X-Auth-Token': '&lt;omitted&gt;'}
        Body: {"security_group_rule": {"tenant_id": "df1fe956672e43b5b3ec8a4dea5e008f", "direction": "ingress", "protocol": "icmp", "security_group_id": "b11d8090-cb8d-48d2-ab5b-646885751f47"}}
    Response - Headers: {'status': '201', 'content-length': '345', 'connection': 'close', 'date': 'Wed, 16 Dec 2015 03:08:05 GMT', 'content-type': 'application/json; charset=UTF-8', 'x-openstack-request-id': 'req-cb40649c-6522-443e-8af3-477860b46b34'}
        Body: {"security_group_rule": {"remote_group_id": null, "direction": "ingress", "remote_ip_prefix": null, "protocol": "icmp", "ethertype": "IPv4", "tenant_id": "df1fe956672e43b5b3ec8a4dea5e008f", "port_range_max": null, "port_range_min": null, "id": "0e7b2a1f-664f-41ad-b7f4-738360f71bc3", "security_group_id": "b11d8090-cb8d-48d2-ab5b-646885751f47"}}
2015-12-16 03:08:05,811 24917 INFO     [tempest_lib.common.rest_client] Request (TestGettingAddress:setUp): 201 POST http://10.0.2.15:9696/v2.0/security-group-rules 0.263s
2015-12-16 03:08:05,811 24917 DEBUG    [tempest_lib.common.rest_client] Request - Headers: {'Content-Type': 'application/json', 'Accept': 'application/json', 'X-Auth-Token': '&lt;omitted&gt;'}
        Body: {"security_group_rule": {"tenant_id": "df1fe956672e43b5b3ec8a4dea5e008f", "direction": "egress", "protocol": "icmp", "security_group_id": "b11d8090-cb8d-48d2-ab5b-646885751f47"}}
    Response - Headers: {'status': '201', 'content-length': '344', 'connection': 'close', 'date': 'Wed, 16 Dec 2015 03:08:05 GMT', 'content-type': 'application/json; charset=UTF-8', 'x-openstack-request-id': 'req-a7d84204-5e93-47a3-ba61-22b087a97e32'}
        Body: {"security_group_rule": {"remote_group_id": null, "direction": "egress", "remote_ip_prefix": null, "protocol": "icmp", "ethertype": "IPv4", "tenant_id": "df1fe956672e43b5b3ec8a4dea5e008f", "port_range_max": null, "port_range_min": null, "id": "56314a21-8f4b-4a7d-a229-0e5279081a6e", "security_group_id": "b11d8090-cb8d-48d2-ab5b-646885751f47"}}
2015-12-16 03:08:05,919 24917 INFO     [tempest_lib.common.rest_client] Request (TestGettingAddress:setUp): 201 POST http://10.0.2.15:9696/v2.0/security-group-rules 0.106s
2015-12-16 03:08:05,920 24917 DEBUG    [tempest_lib.common.rest_client] Request - Headers: {'Content-Type': 'application/json', 'Accept': 'application/json', 'X-Auth-Token': '&lt;omitted&gt;'}
        Body: {"security_group_rule": {"tenant_id": "df1fe956672e43b5b3ec8a4dea5e008f", "direction": "ingress", "security_group_id": "b11d8090-cb8d-48d2-ab5b-646885751f47", "protocol": "icmp", "ethertype": "IPv6"}}
    Response - Headers: {'status': '201', 'content-length': '345', 'connection': 'close', 'date': 'Wed, 16 Dec 2015 03:08:05 GMT', 'content-type': 'application/json; charset=UTF-8', 'x-openstack-request-id': 'req-8bd435a9-fb60-4625-bb0e-d9898123d310'}
        Body: {"security_group_rule": {"remote_group_id": null, "direction": "ingress", "remote_ip_prefix": null, "protocol": "icmp", "ethertype": "IPv6", "tenant_id": "df1fe956672e43b5b3ec8a4dea5e008f", "port_range_max": null, "port_range_min": null, "id": "01baabe8-fa29-43da-ad56-d1d9a5d50070", "security_group_id": "b11d8090-cb8d-48d2-ab5b-646885751f47"}}
2015-12-16 03:08:06,046 24917 INFO     [tempest_lib.common.rest_client] Request (TestGettingAddress:setUp): 201 POST http://10.0.2.15:9696/v2.0/security-group-rules 0.125s
2015-12-16 03:08:06,047 24917 DEBUG    [tempest_lib.common.rest_client] Request - Headers: {'Content-Type': 'application/json', 'Accept': 'application/json', 'X-Auth-Token': '&lt;omitted&gt;'}
        Body: {"security_group_rule": {"tenant_id": "df1fe956672e43b5b3ec8a4dea5e008f", "direction": "egress", "security_group_id": "b11d8090-cb8d-48d2-ab5b-646885751f47", "protocol": "icmp", "ethertype": "IPv6"}}
    Response - Headers: {'status': '201', 'content-length': '344', 'connection': 'close', 'date': 'Wed, 16 Dec 2015 03:08:06 GMT', 'content-type': 'application/json; charset=UTF-8', 'x-openstack-request-id': 'req-12a70dd4-d937-4c72-85ff-34dc9b8cd0f0'}
        Body: {"security_group_rule": {"remote_group_id": null, "direction": "egress", "remote_ip_prefix": null, "protocol": "icmp", "ethertype": "IPv6", "tenant_id": "df1fe956672e43b5b3ec8a4dea5e008f", "port_range_max": null, "port_range_min": null, "id": "00b2b48e-1e6f-4c06-840d-ec5484f90b80", "security_group_id": "b11d8090-cb8d-48d2-ab5b-646885751f47"}}
2015-12-16 03:08:06,186 24917 INFO     [tempest_lib.common.rest_client] Request (TestGettingAddress:test_dhcp6_stateless_from_os): 201 POST http://10.0.2.15:9696/v2.0/networks 0.136s
2015-12-16 03:08:06,187 24917 DEBUG    [tempest_lib.common.rest_client] Request - Headers: {'Content-Type': 'application/json', 'Accept': 'application/json', 'X-Auth-Token': '&lt;omitted&gt;'}
        Body: {"network": {"tenant_id": "df1fe956672e43b5b3ec8a4dea5e008f", "name": "tempest-network-smoke--243458154"}}
    Response - Headers: {'status': '201', 'content-length': '295', 'connection': 'close', 'date': 'Wed, 16 Dec 2015 03:08:06 GMT', 'content-type': 'application/json; charset=UTF-8', 'x-openstack-request-id': 'req-33421635-23cc-4799-b5d2-7fcd2052e357'}
        Body: {"network": {"status": "ACTIVE", "subnets": [], "name": "tempest-network-smoke--243458154", "admin_state_up": true, "tenant_id": "df1fe956672e43b5b3ec8a4dea5e008f", "mtu": 0, "router:external": false, "shared": false, "port_security_enabled": true, "id": "2e016472-c575-47a9-9550-3126c45be55a"}}
2015-12-16 03:08:06,353 24917 INFO     [tempest_lib.common.rest_client] Request (TestGettingAddress:test_dhcp6_stateless_from_os): 200 GET http://10.0.2.15:9696/v2.0/subnets?tenant_id=df1fe956672e43b5b3ec8a4dea5e008f&amp;cidr=10.100.0.0%2F28 0.164s
2015-12-16 03:08:06,353 24917 DEBUG    [tempest_lib.common.rest_client] Request - Headers: {'Content-Type': 'application/json', 'Accept': 'application/json', 'X-Auth-Token': '&lt;omitted&gt;'}
        Body: None
    Response - Headers: {'status': '200', 'content-length': '15', 'content-location': 'http://10.0.2.15:9696/v2.0/subnets?tenant_id=df1fe956672e43b5b3ec8a4dea5e008f&amp;cidr=10.100.0.0%2F28', 'connection': 'close', 'date': 'Wed, 16 Dec 2015 03:08:06 GMT', 'content-type': 'application/json; charset=UTF-8', 'x-openstack-request-id': 'req-91c49ad1-34b4-45c1-85ed-66248531715f'}
        Body: {"subnets": []}
2015-12-16 03:08:06,653 24917 INFO     [tempest_lib.common.rest_client] Request (TestGettingAddress:test_dhcp6_stateless_from_os): 201 POST http://10.0.2.15:9696/v2.0/subnets 0.299s
2015-12-16 03:08:06,653 24917 DEBUG    [tempest_lib.common.rest_client] Request - Headers: {'Content-Type': 'application/json', 'Accept': 'application/json', 'X-Auth-Token': '&lt;omitted&gt;'}
        Body: {"subnet": {"ip_version": 4, "tenant_id": "df1fe956672e43b5b3ec8a4dea5e008f", "cidr": "10.100.0.0/28", "network_id": "2e016472-c575-47a9-9550-3126c45be55a", "name": "tempest-sub4-1530380870"}}
    Response - Headers: {'status': '201', 'content-length': '470', 'connection': 'close', 'date': 'Wed, 16 Dec 2015 03:08:06 GMT', 'content-type': 'application/json; charset=UTF-8', 'x-openstack-request-id': 'req-9d7da550-a514-4c18-9b68-d25db71a6bbe'}
        Body: {"subnet": {"name": "tempest-sub4-1530380870", "enable_dhcp": true, "network_id": "2e016472-c575-47a9-9550-3126c45be55a", "tenant_id": "df1fe956672e43b5b3ec8a4dea5e008f", "dns_nameservers": [], "gateway_ip": "10.100.0.1", "ipv6_ra_mode": null, "allocation_pools": [{"start": "10.100.0.2", "end": "10.100.0.14"}], "host_routes": [], "ip_version": 4, "ipv6_address_mode": null, "cidr": "10.100.0.0/28", "id": "aa19d4c3-fc4d-4389-a895-86eceae90284", "subnetpool_id": null}}
2015-12-16 03:08:06,733 24917 INFO     [tempest_lib.common.rest_client] Request (TestGettingAddress:test_dhcp6_stateless_from_os): 201 POST http://10.0.2.15:9696/v2.0/routers 0.078s
2015-12-16 03:08:06,733 24917 DEBUG    [tempest_lib.common.rest_client] Request - Headers: {'Content-Type': 'application/json', 'Accept': 'application/json', 'X-Auth-Token': '&lt;omitted&gt;'}
        Body: {"router": {"tenant_id": "df1fe956672e43b5b3ec8a4dea5e008f", "name": "tempest-router-smoke-1846538449", "admin_state_up": true}}
    Response - Headers: {'status': '201', 'content-length': '239', 'connection': 'close', 'date': 'Wed, 16 Dec 2015 03:08:06 GMT', 'content-type': 'application/json; charset=UTF-8', 'x-openstack-request-id': 'req-1c53ee59-88c2-4de7-b481-5d63e032c3b6'}
        Body: {"router": {"status": "ACTIVE", "external_gateway_info": null, "name": "tempest-router-smoke-1846538449", "admin_state_up": true, "tenant_id": "df1fe956672e43b5b3ec8a4dea5e008f", "routes": [], "id": "b5e0b257-f83b-4dfe-8377-c47fbe74e724"}}
2015-12-16 03:08:06,782 24917 INFO     [tempest_lib.common.rest_client] Request (TestGettingAddress:test_dhcp6_stateless_from_os): 200 GET http://10.0.2.15:9696/v2.0/routers/b5e0b257-f83b-4dfe-8377-c47fbe74e724 0.047s
2015-12-16 03:08:06,782 24917 DEBUG    [tempest_lib.common.rest_client] Request - Headers: {'Content-Type': 'application/json', 'Accept': 'application/json', 'X-Auth-Token': '&lt;omitted&gt;'}
        Body: None
    Response - Headers: {'status': '200', 'content-length': '239', 'content-location': 'http://10.0.2.15:9696/v2.0/routers/b5e0b257-f83b-4dfe-8377-c47fbe74e724', 'connection': 'close', 'date': 'Wed, 16 Dec 2015 03:08:06 GMT', 'content-type': 'application/json; charset=UTF-8', 'x-openstack-request-id': 'req-07c31dad-ba82-4ba6-a174-a3cb8b729389'}
        Body: {"router": {"status": "ACTIVE", "external_gateway_info": null, "name": "tempest-router-smoke-1846538449", "admin_state_up": true, "tenant_id": "df1fe956672e43b5b3ec8a4dea5e008f", "routes": [], "id": "b5e0b257-f83b-4dfe-8377-c47fbe74e724"}}
2015-12-16 03:08:07,389 24917 INFO     [tempest_lib.common.rest_client] Request (TestGettingAddress:test_dhcp6_stateless_from_os): 200 PUT http://10.0.2.15:9696/v2.0/routers/b5e0b257-f83b-4dfe-8377-c47fbe74e724 0.606s
2015-12-16 03:08:07,390 24917 DEBUG    [tempest_lib.common.rest_client] Request - Headers: {'Content-Type': 'application/json', 'Accept': 'application/json', 'X-Auth-Token': '&lt;omitted&gt;'}
        Body: {"router": {"external_gateway_info": {"network_id": "258af817-d523-4eb4-9358-b0197f81ce28"}, "name": "tempest-router-smoke-1846538449", "admin_state_up": true}}
    Response - Headers: {'status': '200', 'content-length': '501', 'connection': 'close', 'date': 'Wed, 16 Dec 2015 03:08:07 GMT', 'content-type': 'application/json; charset=UTF-8', 'x-openstack-request-id': 'req-7243cfe1-cbe1-42bb-b7c5-a6509f71b5cb'}
        Body: {"router": {"status": "ACTIVE", "external_gateway_info": {"network_id": "258af817-d523-4eb4-9358-b0197f81ce28", "enable_snat": true, "external_fixed_ips": [{"subnet_id": "425f7a6f-9184-4ea1-a629-d9b9e1ede5ae", "ip_address": "172.24.4.3"}, {"subnet_id": "cf9a1caa-956b-4ec0-9eed-322fbbd55dfc", "ip_address": "2001:db8::3"}]}, "name": "tempest-router-smoke-1846538449", "admin_state_up": true, "tenant_id": "df1fe956672e43b5b3ec8a4dea5e008f", "routes": [], "id": "b5e0b257-f83b-4dfe-8377-c47fbe74e724"}}
2015-12-16 03:08:07,954 24917 INFO     [tempest_lib.common.rest_client] Request (TestGettingAddress:test_dhcp6_stateless_from_os): 200 PUT http://10.0.2.15:9696/v2.0/routers/b5e0b257-f83b-4dfe-8377-c47fbe74e724/add_router_interface 0.563s
2015-12-16 03:08:07,954 24917 DEBUG    [tempest_lib.common.rest_client] Request - Headers: {'Content-Type': 'application/json', 'Accept': 'application/json', 'X-Auth-Token': '&lt;omitted&gt;'}
        Body: {"subnet_id": "aa19d4c3-fc4d-4389-a895-86eceae90284"}
    Response - Headers: {'status': '200', 'content-length': '255', 'connection': 'close', 'date': 'Wed, 16 Dec 2015 03:08:07 GMT', 'content-type': 'application/json; charset=UTF-8', 'x-openstack-request-id': 'req-a2c7cdfc-a085-4b17-82e9-de8ca8830dd2'}
        Body: {"subnet_id": "aa19d4c3-fc4d-4389-a895-86eceae90284", "tenant_id": "df1fe956672e43b5b3ec8a4dea5e008f", "subnet_ids": ["aa19d4c3-fc4d-4389-a895-86eceae90284"], "port_id": "fd78cd64-438b-44b6-84d9-891d900057d7", "id": "b5e0b257-f83b-4dfe-8377-c47fbe74e724"}
2015-12-16 03:08:07,982 24917 INFO     [tempest_lib.common.rest_client] Request (TestGettingAddress:test_dhcp6_stateless_from_os): 200 GET http://10.0.2.15:9696/v2.0/subnets?tenant_id=df1fe956672e43b5b3ec8a4dea5e008f&amp;cidr=2003%3A%3A%2F64 0.027s
2015-12-16 03:08:07,983 24917 DEBUG    [tempest_lib.common.rest_client] Request - Headers: {'Content-Type': 'application/json', 'Accept': 'application/json', 'X-Auth-Token': '&lt;omitted&gt;'}
        Body: None
    Response - Headers: {'status': '200', 'content-length': '15', 'content-location': 'http://10.0.2.15:9696/v2.0/subnets?tenant_id=df1fe956672e43b5b3ec8a4dea5e008f&amp;cidr=2003%3A%3A%2F64', 'connection': 'close', 'date': 'Wed, 16 Dec 2015 03:08:07 GMT', 'content-type': 'application/json; charset=UTF-8', 'x-openstack-request-id': 'req-67f8e116-6631-421b-a2dc-8dbd39b02abb'}
        Body: {"subnets": []}
2015-12-16 03:08:08,302 24917 INFO     [tempest_lib.common.rest_client] Request (TestGettingAddress:test_dhcp6_stateless_from_os): 201 POST http://10.0.2.15:9696/v2.0/subnets 0.318s
2015-12-16 03:08:08,303 24917 DEBUG    [tempest_lib.common.rest_client] Request - Headers: {'Content-Type': 'application/json', 'Accept': 'application/json', 'X-Auth-Token': '&lt;omitted&gt;'}
        Body: {"subnet": {"name": "tempest-sub6-1748416362", "network_id": "2e016472-c575-47a9-9550-3126c45be55a", "tenant_id": "df1fe956672e43b5b3ec8a4dea5e008f", "ipv6_ra_mode": "dhcpv6-stateless", "ip_version": 6, "ipv6_address_mode": "dhcpv6-stateless", "cidr": "2003::/64"}}
    Response - Headers: {'status': '201', 'content-length': '502', 'connection': 'close', 'date': 'Wed, 16 Dec 2015 03:08:08 GMT', 'content-type': 'application/json; charset=UTF-8', 'x-openstack-request-id': 'req-569cf178-ece7-47f5-bd0f-2ec64a027c0a'}
        Body: {"subnet": {"name": "tempest-sub6-1748416362", "enable_dhcp": true, "network_id": "2e016472-c575-47a9-9550-3126c45be55a", "tenant_id": "df1fe956672e43b5b3ec8a4dea5e008f", "dns_nameservers": [], "gateway_ip": "2003::1", "ipv6_ra_mode": "dhcpv6-stateless", "allocation_pools": [{"start": "2003::2", "end": "2003::ffff:ffff:ffff:ffff"}], "host_routes": [], "ip_version": 6, "ipv6_address_mode": "dhcpv6-stateless", "cidr": "2003::/64", "id": "50977eaa-3132-464e-9a56-c6bfaa7bfee8", "subnetpool_id": null}}
2015-12-16 03:08:08,844 24917 INFO     [tempest_lib.common.rest_client] Request (TestGettingAddress:test_dhcp6_stateless_from_os): 200 PUT http://10.0.2.15:9696/v2.0/routers/b5e0b257-f83b-4dfe-8377-c47fbe74e724/add_router_interface 0.540s
2015-12-16 03:08:08,845 24917 DEBUG    [tempest_lib.common.rest_client] Request - Headers: {'Content-Type': 'application/json', 'Accept': 'application/json', 'X-Auth-Token': '&lt;omitted&gt;'}
        Body: {"subnet_id": "50977eaa-3132-464e-9a56-c6bfaa7bfee8"}
    Response - Headers: {'status': '200', 'content-length': '255', 'connection': 'close', 'date': 'Wed, 16 Dec 2015 03:08:08 GMT', 'content-type': 'application/json; charset=UTF-8', 'x-openstack-request-id': 'req-c976ece1-e95f-46dd-8c93-40d36ac4d6b5'}
        Body: {"subnet_id": "50977eaa-3132-464e-9a56-c6bfaa7bfee8", "tenant_id": "df1fe956672e43b5b3ec8a4dea5e008f", "subnet_ids": ["50977eaa-3132-464e-9a56-c6bfaa7bfee8"], "port_id": "85a770d7-0ec4-45b4-af45-a1192ddc96c4", "id": "b5e0b257-f83b-4dfe-8377-c47fbe74e724"}
2015-12-16 03:08:08,944 24917 INFO     [tempest_lib.common.rest_client] Request (TestGettingAddress:test_dhcp6_stateless_from_os): 200 POST http://10.0.2.15:5000/v2.0/tokens
2015-12-16 03:08:08,944 24917 DEBUG    [tempest_lib.common.rest_client] Request - Headers: {'Content-Type': 'application/json', 'Accept': 'application/json'}
        Body: &lt;omitted&gt;
    Response - Headers: {'status': '200', 'content-length': '2524', 'vary': 'X-Auth-Token', 'server': 'Apache/2.4.7 (Ubuntu)', 'connection': 'close', 'date': 'Wed, 16 Dec 2015 03:08:08 GMT', 'content-type': 'application/json', 'x-openstack-request-id': 'req-0b09be21-4da8-4fa6-a8f5-8533cc939b68'}
        Body: {"access": {"token": {"issued_at": "2015-12-16T03:08:08.933439", "expires": "2015-12-16T04:08:08Z", "id": "e43805aca6684d7093f8bf5b4b30fbb0", "tenant": {"description": "tempest-TestGettingAddress-125991400-desc", "enabled": true, "id": "df1fe956672e43b5b3ec8a4dea5e008f", "name": "tempest-TestGettingAddress-125991400"}, "audit_ids": ["tAXZN7JFSO60uQcQ7nkQWw"]}, "serviceCatalog": [{"endpoints": [{"adminURL": "http://10.0.2.15:8774/v2.1/df1fe956672e43b5b3ec8a4dea5e008f", "region": "RegionOne", "internalURL": "http://10.0.2.15:8774/v2.1/df1fe956672e43b5b3ec8a4dea5e008f", "id": "3d92eb74fcfd48ecb4b87ae5085b8a77", "publicURL": "http://10.0.2.15:8774/v2.1/df1fe956672e43b5b3ec8a4dea5e008f"}], "endpoints_links": [], "type": "compute", "name": "nova"}, {"endpoints": [{"adminURL": "http://10.0.2.15:9696/", "region": "RegionOne", "internalURL": "http://10.0.2.15:9696/", "id": "1d96deb3dc4943fe97ec4465eae65a2a", "publicURL": "http://10.0.2.15:9696/"}], "endpoints_links": [], "type": "network", "name": "neutron"}, {"endpoints": [{"adminURL": "http://10.0.2.15:9292", "region": "RegionOne", "internalURL": "http://10.0.2.15:9292", "id": "46c6f21e0cab48bfb077983619f57486", "publicURL": "http://10.0.2.15:9292"}], "endpoints_links": [], "type": "image", "name": "glance"}, {"endpoints": [{"adminURL": "http://10.0.2.15:8774/v2/df1fe956672e43b5b3ec8a4dea5e008f", "region": "RegionOne", "internalURL": "http://10.0.2.15:8774/v2/df1fe956672e43b5b3ec8a4dea5e008f", "id": "4b91b137d630420c842a7b98161c8f1b", "publicURL": "http://10.0.2.15:8774/v2/df1fe956672e43b5b3ec8a4dea5e008f"}], "endpoints_links": [], "type": "compute_legacy", "name": "nova_legacy"}, {"endpoints": [{"adminURL": "http://10.0.2.15:8773/", "region": "RegionOne", "internalURL": "http://10.0.2.15:8773/", "id": "3ed59afa7de2406eab36d54df4d86bbf", "publicURL": "http://10.0.2.15:8773/"}], "endpoints_links": [], "type": "ec2", "name": "ec2"}, {"endpoints": [{"adminURL": "http://10.0.2.15:35357/v2.0", "region": "RegionOne", "internalURL": "http://10.0.2.15:5000/v2.0", "id": "3ede48bd6f5e4aa8b7d17e58bdb9e166", "publicURL": "http://10.0.2.15:5000/v2.0"}], "endpoints_links": [], "type": "identity", "name": "keystone"}], "user": {"username": "tempest-TestGettingAddress-1141777807", "roles_links": [], "id": "c4df57668d054dfab67ca74663dea599", "roles": [{"name": "_member_"}, {"name": "Member"}], "name": "tempest-TestGettingAddress-1141777807"}, "metadata": {"is_admin": 0, "roles": ["9fe2ff9ee4384b1894a90878d3e92bab", "94a9adaad7ce4e1faadc1003b00e537f"]}}}
2015-12-16 03:08:08,951 24917 DEBUG    [tempest.common.fixed_network] (TestGettingAddress:test_dhcp6_stateless_from_os) No valid network provided or created, defaulting to fixed_network_name
2015-12-16 03:08:09,272 24917 INFO     [tempest_lib.common.rest_client] Request (TestGettingAddress:test_dhcp6_stateless_from_os): 200 GET http://10.0.2.15:8774/v2.1/df1fe956672e43b5b3ec8a4dea5e008f/os-networks 0.319s
2015-12-16 03:08:09,273 24917 DEBUG    [tempest_lib.common.rest_client] Request - Headers: {'Content-Type': 'application/json', 'Accept': 'application/json', 'X-Auth-Token': '&lt;omitted&gt;'}
        Body: None
    Response - Headers: {'status': '200', 'content-length': '478', 'content-location': 'http://10.0.2.15:8774/v2.1/df1fe956672e43b5b3ec8a4dea5e008f/os-networks', 'x-compute-request-id': 'req-2fd8f342-818a-4a3d-aa00-39e7d7f367bb', 'vary': 'X-OpenStack-Nova-API-Version', 'connection': 'close', 'x-openstack-nova-api-version': '2.1', 'date': 'Wed, 16 Dec 2015 03:08:09 GMT', 'content-type': 'application/json'}
        Body: {"networks": [{"cidr_v6": null, "dns2": null, "dns1": null, "gateway": null, "broadcast": null, "netmask": null, "gateway_v6": null, "cidr": null, "label": "public", "id": "258af817-d523-4eb4-9358-b0197f81ce28", "netmask_v6": null}, {"cidr_v6": null, "dns2": null, "dns1": null, "gateway": null, "broadcast": null, "netmask": null, "gateway_v6": null, "cidr": null, "label": "tempest-network-smoke--243458154", "id": "2e016472-c575-47a9-9550-3126c45be55a", "netmask_v6": null}]}
2015-12-16 03:08:09,273 24917 WARNING  [tempest.common.fixed_network] (TestGettingAddress:test_dhcp6_stateless_from_os) Network with name: private not found
2015-12-16 03:08:09,273 24917 INFO     [tempest.common.fixed_network] (TestGettingAddress:test_dhcp6_stateless_from_os) Found network {} available for tenant
2015-12-16 03:08:10,920 24917 INFO     [tempest_lib.common.rest_client] Request (TestGettingAddress:test_dhcp6_stateless_from_os): 202 POST http://10.0.2.15:8774/v2.1/df1fe956672e43b5b3ec8a4dea5e008f/servers 1.646s
2015-12-16 03:08:10,921 24917 DEBUG    [tempest_lib.common.rest_client] Request - Headers: {'Content-Type': 'application/json', 'Accept': 'application/json', 'X-Auth-Token': '&lt;omitted&gt;'}
        Body: {"server": {"name": "tempest.common.compute-instance-470516461", "imageRef": "d5272c2f-e782-4f30-afa0-348382b1439c", "key_name": "tempest-TestGettingAddress-1467205442", "flavorRef": "42", "networks": [{"uuid": "2e016472-c575-47a9-9550-3126c45be55a"}], "security_groups": [{"name": "tempest-secgroup-smoke-203992311"}]}}
    Response - Headers: {'status': '202', 'content-length': '461', 'x-compute-request-id': 'req-4debd26c-4126-43b8-9c11-4dbb2d2de227', 'vary': 'X-OpenStack-Nova-API-Version', 'connection': 'close', 'location': 'http://10.0.2.15:8774/v2.1/df1fe956672e43b5b3ec8a4dea5e008f/servers/d7fab460-ba0b-4991-8cee-ecf6f1b0e74a', 'x-openstack-nova-api-version': '2.1', 'date': 'Wed, 16 Dec 2015 03:08:10 GMT', 'content-type': 'application/json'}
        Body: {"server": {"security_groups": [{"name": "tempest-secgroup-smoke-203992311"}], "OS-DCF:diskConfig": "MANUAL", "id": "d7fab460-ba0b-4991-8cee-ecf6f1b0e74a", "links": [{"href": "http://10.0.2.15:8774/v2.1/df1fe956672e43b5b3ec8a4dea5e008f/servers/d7fab460-ba0b-4991-8cee-ecf6f1b0e74a", "rel": "self"}, {"href": "http://10.0.2.15:8774/df1fe956672e43b5b3ec8a4dea5e008f/servers/d7fab460-ba0b-4991-8cee-ecf6f1b0e74a", "rel": "bookmark"}], "adminPass": "oHBSD5x9BXuk"}}
2015-12-16 03:08:11,061 24917 INFO     [tempest_lib.common.rest_client] Request (TestGettingAddress:test_dhcp6_stateless_from_os): 200 GET http://10.0.2.15:8774/v2.1/df1fe956672e43b5b3ec8a4dea5e008f/servers/d7fab460-ba0b-4991-8cee-ecf6f1b0e74a 0.138s
2015-12-16 03:08:11,062 24917 DEBUG    [tempest_lib.common.rest_client] Request - Headers: {'Content-Type': 'application/json', 'Accept': 'application/json', 'X-Auth-Token': '&lt;omitted&gt;'}
        Body: None
    Response - Headers: {'status': '200', 'content-length': '1354', 'content-location': 'http://10.0.2.15:8774/v2.1/df1fe956672e43b5b3ec8a4dea5e008f/servers/d7fab460-ba0b-4991-8cee-ecf6f1b0e74a', 'x-compute-request-id': 'req-b96775e5-f697-4bc4-9627-b83cac82c32e', 'vary': 'X-OpenStack-Nova-API-Version', 'connection': 'close', 'x-openstack-nova-api-version': '2.1', 'date': 'Wed, 16 Dec 2015 03:08:11 GMT', 'content-type': 'application/json'}
        Body: {"server": {"status": "BUILD", "updated": "2015-12-16T03:08:11Z", "hostId": "", "addresses": {}, "links": [{"href": "http://10.0.2.15:8774/v2.1/df1fe956672e43b5b3ec8a4dea5e008f/servers/d7fab460-ba0b-4991-8cee-ecf6f1b0e74a", "rel": "self"}, {"href": "http://10.0.2.15:8774/df1fe956672e43b5b3ec8a4dea5e008f/servers/d7fab460-ba0b-4991-8cee-ecf6f1b0e74a", "rel": "bookmark"}], "key_name": "tempest-TestGettingAddress-1467205442", "image": {"id": "d5272c2f-e782-4f30-afa0-348382b1439c", "links": [{"href": "http://10.0.2.15:8774/df1fe956672e43b5b3ec8a4dea5e008f/images/d5272c2f-e782-4f30-afa0-348382b1439c", "rel": "bookmark"}]}, "OS-EXT-STS:task_state": "scheduling", "OS-EXT-STS:vm_state": "building", "OS-SRV-USG:launched_at": null, "flavor": {"id": "42", "links": [{"href": "http://10.0.2.15:8774/df1fe956672e43b5b3ec8a4dea5e008f/flavors/42", "rel": "bookmark"}]}, "id": "d7fab460-ba0b-4991-8cee-ecf6f1b0e74a", "OS-SRV-USG:terminated_at": null, "OS-EXT-AZ:availability_zone": "", "user_id": "c4df57668d054dfab67ca74663dea599", "name": "tempest.common.compute-instance-470516461", "created": "2015-12-16T03:08:10Z", "tenant_id": "df1fe956672e43b5b3ec8a4dea5e008f", "OS-DCF:diskConfig": "MANUAL", "os-extended-volumes:volumes_attached": [], "accessIPv4": "", "accessIPv6": "", "progress": 0, "OS-EXT-STS:power_state": 0, "config_drive": "", "metadata": {}}}
2015-12-16 03:08:12,333 24917 INFO     [tempest_lib.common.rest_client] Request (TestGettingAddress:test_dhcp6_stateless_from_os): 200 GET http://10.0.2.15:8774/v2.1/df1fe956672e43b5b3ec8a4dea5e008f/servers/d7fab460-ba0b-4991-8cee-ecf6f1b0e74a 0.254s
2015-12-16 03:08:12,334 24917 DEBUG    [tempest_lib.common.rest_client] Request - Headers: {'Content-Type': 'application/json', 'Accept': 'application/json', 'X-Auth-Token': '&lt;omitted&gt;'}
        Body: None
    Response - Headers: {'status': '200', 'content-length': '1479', 'content-location': 'http://10.0.2.15:8774/v2.1/df1fe956672e43b5b3ec8a4dea5e008f/servers/d7fab460-ba0b-4991-8cee-ecf6f1b0e74a', 'x-compute-request-id': 'req-2954fc39-6333-4acc-866c-491409c0f429', 'vary': 'X-OpenStack-Nova-API-Version', 'connection': 'close', 'x-openstack-nova-api-version': '2.1', 'date': 'Wed, 16 Dec 2015 03:08:12 GMT', 'content-type': 'application/json'}
        Body: {"server": {"status": "BUILD", "updated": "2015-12-16T03:08:11Z", "hostId": "20fb7492c4d9e06b44508a99dd113c18ee62a17b176aa7bfa6c473ac", "addresses": {}, "links": [{"href": "http://10.0.2.15:8774/v2.1/df1fe956672e43b5b3ec8a4dea5e008f/servers/d7fab460-ba0b-4991-8cee-ecf6f1b0e74a", "rel": "self"}, {"href": "http://10.0.2.15:8774/df1fe956672e43b5b3ec8a4dea5e008f/servers/d7fab460-ba0b-4991-8cee-ecf6f1b0e74a", "rel": "bookmark"}], "key_name": "tempest-TestGettingAddress-1467205442", "image": {"id": "d5272c2f-e782-4f30-afa0-348382b1439c", "links": [{"href": "http://10.0.2.15:8774/df1fe956672e43b5b3ec8a4dea5e008f/images/d5272c2f-e782-4f30-afa0-348382b1439c", "rel": "bookmark"}]}, "OS-EXT-STS:task_state": "spawning", "OS-EXT-STS:vm_state": "building", "OS-SRV-USG:launched_at": null, "flavor": {"id": "42", "links": [{"href": "http://10.0.2.15:8774/df1fe956672e43b5b3ec8a4dea5e008f/flavors/42", "rel": "bookmark"}]}, "id": "d7fab460-ba0b-4991-8cee-ecf6f1b0e74a", "security_groups": [{"name": "tempest-secgroup-smoke-203992311"}], "OS-SRV-USG:terminated_at": null, "OS-EXT-AZ:availability_zone": "nova", "user_id": "c4df57668d054dfab67ca74663dea599", "name": "tempest.common.compute-instance-470516461", "created": "2015-12-16T03:08:10Z", "tenant_id": "df1fe956672e43b5b3ec8a4dea5e008f", "OS-DCF:diskConfig": "MANUAL", "os-extended-volumes:volumes_attached": [], "accessIPv4": "", "accessIPv6": "", "progress": 0, "OS-EXT-STS:power_state": 0, "config_drive": "", "metadata": {}}}
2015-12-16 03:08:12,353 24917 INFO     [tempest.common.waiters] State transition "BUILD/scheduling" ==&gt; "BUILD/spawning" after 1 second wait
2015-12-16 03:08:13,587 24917 INFO     [tempest_lib.common.rest_client] Request (TestGettingAddress:test_dhcp6_stateless_from_os): 200 GET http://10.0.2.15:8774/v2.1/df1fe956672e43b5b3ec8a4dea5e008f/servers/d7fab460-ba0b-4991-8cee-ecf6f1b0e74a 0.232s
2015-12-16 03:08:13,588 24917 DEBUG    [tempest_lib.common.rest_client] Request - Headers: {'Content-Type': 'application/json', 'Accept': 'application/json', 'X-Auth-Token': '&lt;omitted&gt;'}
        Body: None
    Response - Headers: {'status': '200', 'content-length': '1479', 'content-location': 'http://10.0.2.15:8774/v2.1/df1fe956672e43b5b3ec8a4dea5e008f/servers/d7fab460-ba0b-4991-8cee-ecf6f1b0e74a', 'x-compute-request-id': 'req-3773644a-dc54-433f-abac-3b62b5c43e97', 'vary': 'X-OpenStack-Nova-API-Version', 'connection': 'close', 'x-openstack-nova-api-version': '2.1', 'date': 'Wed, 16 Dec 2015 03:08:13 GMT', 'content-type': 'application/json'}
        Body: {"server": {"status": "BUILD", "updated": "2015-12-16T03:08:11Z", "hostId": "20fb7492c4d9e06b44508a99dd113c18ee62a17b176aa7bfa6c473ac", "addresses": {}, "links": [{"href": "http://10.0.2.15:8774/v2.1/df1fe956672e43b5b3ec8a4dea5e008f/servers/d7fab460-ba0b-4991-8cee-ecf6f1b0e74a", "rel": "self"}, {"href": "http://10.0.2.15:8774/df1fe956672e43b5b3ec8a4dea5e008f/servers/d7fab460-ba0b-4991-8cee-ecf6f1b0e74a", "rel": "bookmark"}], "key_name": "tempest-TestGettingAddress-1467205442", "image": {"id": "d5272c2f-e782-4f30-afa0-348382b1439c", "links": [{"href": "http://10.0.2.15:8774/df1fe956672e43b5b3ec8a4dea5e008f/images/d5272c2f-e782-4f30-afa0-348382b1439c", "rel": "bookmark"}]}, "OS-EXT-STS:task_state": "spawning", "OS-EXT-STS:vm_state": "building", "OS-SRV-USG:launched_at": null, "flavor": {"id": "42", "links": [{"href": "http://10.0.2.15:8774/df1fe956672e43b5b3ec8a4dea5e008f/flavors/42", "rel": "bookmark"}]}, "id": "d7fab460-ba0b-4991-8cee-ecf6f1b0e74a", "security_groups": [{"name": "tempest-secgroup-smoke-203992311"}], "OS-SRV-USG:terminated_at": null, "OS-EXT-AZ:availability_zone": "nova", "user_id": "c4df57668d054dfab67ca74663dea599", "name": "tempest.common.compute-instance-470516461", "created": "2015-12-16T03:08:10Z", "tenant_id": "df1fe956672e43b5b3ec8a4dea5e008f", "OS-DCF:diskConfig": "MANUAL", "os-extended-volumes:volumes_attached": [], "accessIPv4": "", "accessIPv6": "", "progress": 0, "OS-EXT-STS:power_state": 0, "config_drive": "", "metadata": {}}}
2015-12-16 03:08:14,780 24917 INFO     [tempest_lib.common.rest_client] Request (TestGettingAddress:test_dhcp6_stateless_from_os): 200 GET http://10.0.2.15:8774/v2.1/df1fe956672e43b5b3ec8a4dea5e008f/servers/d7fab460-ba0b-4991-8cee-ecf6f1b0e74a 0.180s
2015-12-16 03:08:14,780 24917 DEBUG    [tempest_lib.common.rest_client] Request - Headers: {'Content-Type': 'application/json', 'Accept': 'application/json', 'X-Auth-Token': '&lt;omitted&gt;'}
        Body: None
    Response - Headers: {'status': '200', 'content-length': '1779', 'content-location': 'http://10.0.2.15:8774/v2.1/df1fe956672e43b5b3ec8a4dea5e008f/servers/d7fab460-ba0b-4991-8cee-ecf6f1b0e74a', 'x-compute-request-id': 'req-92f3e50b-7136-4360-b54c-03f0e47d9156', 'vary': 'X-OpenStack-Nova-API-Version', 'connection': 'close', 'x-openstack-nova-api-version': '2.1', 'date': 'Wed, 16 Dec 2015 03:08:14 GMT', 'content-type': 'application/json'}
        Body: {"server": {"status": "ACTIVE", "updated": "2015-12-16T03:08:14Z", "hostId": "20fb7492c4d9e06b44508a99dd113c18ee62a17b176aa7bfa6c473ac", "addresses": {"tempest-network-smoke--243458154": [{"OS-EXT-IPS-MAC:mac_addr": "fa:16:3e:7c:7b:a7", "version": 6, "addr": "2003::f816:3eff:fe7c:7ba7", "OS-EXT-IPS:type": "fixed"}, {"OS-EXT-IPS-MAC:mac_addr": "fa:16:3e:7c:7b:a7", "version": 4, "addr": "10.100.0.3", "OS-EXT-IPS:type": "fixed"}]}, "links": [{"href": "http://10.0.2.15:8774/v2.1/df1fe956672e43b5b3ec8a4dea5e008f/servers/d7fab460-ba0b-4991-8cee-ecf6f1b0e74a", "rel": "self"}, {"href": "http://10.0.2.15:8774/df1fe956672e43b5b3ec8a4dea5e008f/servers/d7fab460-ba0b-4991-8cee-ecf6f1b0e74a", "rel": "bookmark"}], "key_name": "tempest-TestGettingAddress-1467205442", "image": {"id": "d5272c2f-e782-4f30-afa0-348382b1439c", "links": [{"href": "http://10.0.2.15:8774/df1fe956672e43b5b3ec8a4dea5e008f/images/d5272c2f-e782-4f30-afa0-348382b1439c", "rel": "bookmark"}]}, "OS-EXT-STS:task_state": null, "OS-EXT-STS:vm_state": "active", "OS-SRV-USG:launched_at": "2015-12-16T03:08:14.000000", "flavor": {"id": "42", "links": [{"href": "http://10.0.2.15:8774/df1fe956672e43b5b3ec8a4dea5e008f/flavors/42", "rel": "bookmark"}]}, "id": "d7fab460-ba0b-4991-8cee-ecf6f1b0e74a", "security_groups": [{"name": "tempest-secgroup-smoke-203992311"}], "OS-SRV-USG:terminated_at": null, "OS-EXT-AZ:availability_zone": "nova", "user_id": "c4df57668d054dfab67ca74663dea599", "name": "tempest.common.compute-instance-470516461", "created": "2015-12-16T03:08:10Z", "tenant_id": "df1fe956672e43b5b3ec8a4dea5e008f", "OS-DCF:diskConfig": "MANUAL", "os-extended-volumes:volumes_attached": [], "accessIPv4": "", "accessIPv6": "", "progress": 0, "OS-EXT-STS:power_state": 1, "config_drive": "True", "metadata": {}}}
2015-12-16 03:08:14,789 24917 INFO     [tempest.common.waiters] State transition "BUILD/spawning" ==&gt; "ACTIVE/None" after 3 second wait
2015-12-16 03:08:14,985 24917 INFO     [tempest_lib.common.rest_client] Request (TestGettingAddress:test_dhcp6_stateless_from_os): 200 GET http://10.0.2.15:8774/v2.1/df1fe956672e43b5b3ec8a4dea5e008f/servers/d7fab460-ba0b-4991-8cee-ecf6f1b0e74a 0.196s
2015-12-16 03:08:14,985 24917 DEBUG    [tempest_lib.common.rest_client] Request - Headers: {'Content-Type': 'application/json', 'Accept': 'application/json', 'X-Auth-Token': '&lt;omitted&gt;'}
        Body: None
    Response - Headers: {'status': '200', 'content-length': '1779', 'content-location': 'http://10.0.2.15:8774/v2.1/df1fe956672e43b5b3ec8a4dea5e008f/servers/d7fab460-ba0b-4991-8cee-ecf6f1b0e74a', 'x-compute-request-id': 'req-13ed4ef9-e956-4315-ba22-fb28dbedaf9d', 'vary': 'X-OpenStack-Nova-API-Version', 'connection': 'close', 'x-openstack-nova-api-version': '2.1', 'date': 'Wed, 16 Dec 2015 03:08:14 GMT', 'content-type': 'application/json'}
        Body: {"server": {"status": "ACTIVE", "updated": "2015-12-16T03:08:14Z", "hostId": "20fb7492c4d9e06b44508a99dd113c18ee62a17b176aa7bfa6c473ac", "addresses": {"tempest-network-smoke--243458154": [{"OS-EXT-IPS-MAC:mac_addr": "fa:16:3e:7c:7b:a7", "version": 6, "addr": "2003::f816:3eff:fe7c:7ba7", "OS-EXT-IPS:type": "fixed"}, {"OS-EXT-IPS-MAC:mac_addr": "fa:16:3e:7c:7b:a7", "version": 4, "addr": "10.100.0.3", "OS-EXT-IPS:type": "fixed"}]}, "links": [{"href": "http://10.0.2.15:8774/v2.1/df1fe956672e43b5b3ec8a4dea5e008f/servers/d7fab460-ba0b-4991-8cee-ecf6f1b0e74a", "rel": "self"}, {"href": "http://10.0.2.15:8774/df1fe956672e43b5b3ec8a4dea5e008f/servers/d7fab460-ba0b-4991-8cee-ecf6f1b0e74a", "rel": "bookmark"}], "key_name": "tempest-TestGettingAddress-1467205442", "image": {"id": "d5272c2f-e782-4f30-afa0-348382b1439c", "links": [{"href": "http://10.0.2.15:8774/df1fe956672e43b5b3ec8a4dea5e008f/images/d5272c2f-e782-4f30-afa0-348382b1439c", "rel": "bookmark"}]}, "OS-EXT-STS:task_state": null, "OS-EXT-STS:vm_state": "active", "OS-SRV-USG:launched_at": "2015-12-16T03:08:14.000000", "flavor": {"id": "42", "links": [{"href": "http://10.0.2.15:8774/df1fe956672e43b5b3ec8a4dea5e008f/flavors/42", "rel": "bookmark"}]}, "id": "d7fab460-ba0b-4991-8cee-ecf6f1b0e74a", "security_groups": [{"name": "tempest-secgroup-smoke-203992311"}], "OS-SRV-USG:terminated_at": null, "OS-EXT-AZ:availability_zone": "nova", "user_id": "c4df57668d054dfab67ca74663dea599", "name": "tempest.common.compute-instance-470516461", "created": "2015-12-16T03:08:10Z", "tenant_id": "df1fe956672e43b5b3ec8a4dea5e008f", "OS-DCF:diskConfig": "MANUAL", "os-extended-volumes:volumes_attached": [], "accessIPv4": "", "accessIPv6": "", "progress": 0, "OS-EXT-STS:power_state": 1, "config_drive": "True", "metadata": {}}}
2015-12-16 03:08:15,024 24917 INFO     [tempest_lib.common.rest_client] Request (TestGettingAddress:test_dhcp6_stateless_from_os): 200 GET http://10.0.2.15:9696/v2.0/ports?status=ACTIVE&amp;fixed_ip=None&amp;device_id=d7fab460-ba0b-4991-8cee-ecf6f1b0e74a 0.029s
2015-12-16 03:08:15,025 24917 DEBUG    [tempest_lib.common.rest_client] Request - Headers: {'Content-Type': 'application/json', 'Accept': 'application/json', 'X-Auth-Token': '&lt;omitted&gt;'}
        Body: None
    Response - Headers: {'status': '200', 'content-length': '1142', 'content-location': 'http://10.0.2.15:9696/v2.0/ports?status=ACTIVE&amp;fixed_ip=None&amp;device_id=d7fab460-ba0b-4991-8cee-ecf6f1b0e74a', 'connection': 'close', 'date': 'Wed, 16 Dec 2015 03:08:15 GMT', 'content-type': 'application/json; charset=UTF-8', 'x-openstack-request-id': 'req-c3645910-535f-44fa-898b-2e98897fede3'}
        Body: {"ports": [{"status": "ACTIVE", "binding:host_id": "vagrant-ubuntu-trusty-64", "allowed_address_pairs": [], "extra_dhcp_opts": [], "dns_assignment": [{"hostname": "host-10-100-0-3", "ip_address": "10.100.0.3", "fqdn": "host-10-100-0-3.openstacklocal."}, {"hostname": "host-2003--f816-3eff-fe7c-7ba7", "ip_address": "2003::f816:3eff:fe7c:7ba7", "fqdn": "host-2003--f816-3eff-fe7c-7ba7.openstacklocal."}], "device_owner": "compute:None", "port_security_enabled": true, "binding:profile": {}, "fixed_ips": [{"subnet_id": "aa19d4c3-fc4d-4389-a895-86eceae90284", "ip_address": "10.100.0.3"}, {"subnet_id": "50977eaa-3132-464e-9a56-c6bfaa7bfee8", "ip_address": "2003::f816:3eff:fe7c:7ba7"}], "id": "2b33d99d-43fb-47a9-9cd6-010a390a3d48", "security_groups": ["b11d8090-cb8d-48d2-ab5b-646885751f47"], "device_id": "d7fab460-ba0b-4991-8cee-ecf6f1b0e74a", "name": "", "admin_state_up": true, "network_id": "2e016472-c575-47a9-9550-3126c45be55a", "dns_name": "", "binding:vif_details": {"port_filter": true}, "binding:vnic_type": "normal", "binding:vif_type": "ovs", "tenant_id": "df1fe956672e43b5b3ec8a4dea5e008f", "mac_address": "fa:16:3e:7c:7b:a7"}]}
2015-12-16 03:08:15,431 24917 INFO     [tempest_lib.common.rest_client] Request (TestGettingAddress:test_dhcp6_stateless_from_os): 201 POST http://10.0.2.15:9696/v2.0/floatingips 0.405s
2015-12-16 03:08:15,431 24917 DEBUG    [tempest_lib.common.rest_client] Request - Headers: {'Content-Type': 'application/json', 'Accept': 'application/json', 'X-Auth-Token': '&lt;omitted&gt;'}
        Body: {"floatingip": {"floating_network_id": "258af817-d523-4eb4-9358-b0197f81ce28", "tenant_id": "df1fe956672e43b5b3ec8a4dea5e008f", "fixed_ip_address": "10.100.0.3", "port_id": "2b33d99d-43fb-47a9-9cd6-010a390a3d48"}}
    Response - Headers: {'status': '201', 'content-length': '367', 'connection': 'close', 'date': 'Wed, 16 Dec 2015 03:08:15 GMT', 'content-type': 'application/json; charset=UTF-8', 'x-openstack-request-id': 'req-1875ce4a-9761-444f-8d52-b188c28839c7'}
        Body: {"floatingip": {"floating_network_id": "258af817-d523-4eb4-9358-b0197f81ce28", "router_id": "b5e0b257-f83b-4dfe-8377-c47fbe74e724", "fixed_ip_address": "10.100.0.3", "floating_ip_address": "172.24.4.4", "tenant_id": "df1fe956672e43b5b3ec8a4dea5e008f", "status": "DOWN", "port_id": "2b33d99d-43fb-47a9-9cd6-010a390a3d48", "id": "e8774b71-234f-4dfb-8d62-d24f4c20300e"}}
2015-12-16 03:08:15,433 24917 INFO     [tempest_lib.common.ssh] Creating ssh connection to '172.24.4.4' as 'cirros' with public key authentication
2015-12-16 03:08:19,115 24917 WARNING  [tempest_lib.common.ssh] Failed to establish authenticated ssh connection to cirros@172.24.4.4 ([Errno None] Unable to connect to port 22 on  or 172.24.4.4). Number attempts: 1. Retry after 2 seconds.
2015-12-16 03:08:24,619 24917 WARNING  [tempest_lib.common.ssh] Failed to establish authenticated ssh connection to cirros@172.24.4.4 ([Errno None] Unable to connect to port 22 on  or 172.24.4.4). Number attempts: 2. Retry after 3 seconds.
2015-12-16 03:08:31,123 24917 WARNING  [tempest_lib.common.ssh] Failed to establish authenticated ssh connection to cirros@172.24.4.4 ([Errno None] Unable to connect to port 22 on  or 172.24.4.4). Number attempts: 3. Retry after 4 seconds.
2015-12-16 03:08:38,624 24917 WARNING  [tempest_lib.common.ssh] Failed to establish authenticated ssh connection to cirros@172.24.4.4 ([Errno None] Unable to connect to port 22 on  or 172.24.4.4). Number attempts: 4. Retry after 5 seconds.
2015-12-16 03:08:47,128 24917 WARNING  [tempest_lib.common.ssh] Failed to establish authenticated ssh connection to cirros@172.24.4.4 ([Errno None] Unable to connect to port 22 on  or 172.24.4.4). Number attempts: 5. Retry after 6 seconds.
2015-12-16 03:08:56,639 24917 WARNING  [tempest_lib.common.ssh] Failed to establish authenticated ssh connection to cirros@172.24.4.4 ([Errno None] Unable to connect to port 22 on  or 172.24.4.4). Number attempts: 6. Retry after 7 seconds.
2015-12-16 03:09:07,144 24917 WARNING  [tempest_lib.common.ssh] Failed to establish authenticated ssh connection to cirros@172.24.4.4 ([Errno None] Unable to connect to port 22 on  or 172.24.4.4). Number attempts: 7. Retry after 8 seconds.
2015-12-16 03:09:18,648 24917 WARNING  [tempest_lib.common.ssh] Failed to establish authenticated ssh connection to cirros@172.24.4.4 ([Errno None] Unable to connect to port 22 on  or 172.24.4.4). Number attempts: 8. Retry after 9 seconds.
2015-12-16 03:09:31,152 24917 WARNING  [tempest_lib.common.ssh] Failed to establish authenticated ssh connection to cirros@172.24.4.4 ([Errno None] Unable to connect to port 22 on  or 172.24.4.4). Number attempts: 9. Retry after 10 seconds.
2015-12-16 03:09:44,660 24917 WARNING  [tempest_lib.common.ssh] Failed to establish authenticated ssh connection to cirros@172.24.4.4 ([Errno None] Unable to connect to port 22 on  or 172.24.4.4). Number attempts: 10. Retry after 11 seconds.
2015-12-16 03:09:59,168 24917 WARNING  [tempest_lib.common.ssh] Failed to establish authenticated ssh connection to cirros@172.24.4.4 ([Errno None] Unable to connect to port 22 on  or 172.24.4.4). Number attempts: 11. Retry after 12 seconds.
2015-12-16 03:10:14,676 24917 WARNING  [tempest_lib.common.ssh] Failed to establish authenticated ssh connection to cirros@172.24.4.4 ([Errno None] Unable to connect to port 22 on  or 172.24.4.4). Number attempts: 12. Retry after 13 seconds.
2015-12-16 03:10:31,192 24917 WARNING  [tempest_lib.common.ssh] Failed to establish authenticated ssh connection to cirros@172.24.4.4 ([Errno None] Unable to connect to port 22 on  or 172.24.4.4). Number attempts: 13. Retry after 14 seconds.
2015-12-16 03:10:48,708 24917 WARNING  [tempest_lib.common.ssh] Failed to establish authenticated ssh connection to cirros@172.24.4.4 ([Errno None] Unable to connect to port 22 on  or 172.24.4.4). Number attempts: 14. Retry after 15 seconds.
2015-12-16 03:11:07,225 24917 WARNING  [tempest_lib.common.ssh] Failed to establish authenticated ssh connection to cirros@172.24.4.4 ([Errno None] Unable to connect to port 22 on  or 172.24.4.4). Number attempts: 15. Retry after 16 seconds.
2015-12-16 03:11:26,744 24917 WARNING  [tempest_lib.common.ssh] Failed to establish authenticated ssh connection to cirros@172.24.4.4 ([Errno None] Unable to connect to port 22 on  or 172.24.4.4). Number attempts: 16. Retry after 17 seconds.
2015-12-16 03:11:47,253 24917 ERROR    [tempest_lib.common.ssh] Failed to establish authenticated ssh connection to cirros@172.24.4.4 after 16 attempts
2015-12-16 03:11:47.253 24917 ERROR tempest_lib.common.ssh Traceback (most recent call last):
2015-12-16 03:11:47.253 24917 ERROR tempest_lib.common.ssh   File "/usr/local/lib/python2.7/dist-packages/tempest_lib/common/ssh.py", line 75, in _get_ssh_connection
2015-12-16 03:11:47.253 24917 ERROR tempest_lib.common.ssh     timeout=self.channel_timeout, pkey=self.pkey)
2015-12-16 03:11:47.253 24917 ERROR tempest_lib.common.ssh   File "/usr/local/lib/python2.7/dist-packages/paramiko/client.py", line 311, in connect
2015-12-16 03:11:47.253 24917 ERROR tempest_lib.common.ssh     raise NoValidConnectionsError(errors)
2015-12-16 03:11:47.253 24917 ERROR tempest_lib.common.ssh NoValidConnectionsError: [Errno None] Unable to connect to port 22 on  or 172.24.4.4
2015-12-16 03:11:47.253 24917 ERROR tempest_lib.common.ssh 
2015-12-16 03:11:47,255 24917 ERROR    [tempest.scenario.manager] (TestGettingAddress:test_dhcp6_stateless_from_os) Initializing SSH connection to 172.24.4.4 failed. Error: Connection to the 172.24.4.4 via SSH timed out.
User: cirros, Password: None
2015-12-16 03:11:47.255 24917 ERROR tempest.scenario.manager Traceback (most recent call last):
2015-12-16 03:11:47.255 24917 ERROR tempest.scenario.manager   File "tempest/scenario/manager.py", line 385, in get_remote_client
2015-12-16 03:11:47.255 24917 ERROR tempest.scenario.manager     linux_client.validate_authentication()
2015-12-16 03:11:47.255 24917 ERROR tempest.scenario.manager   File "tempest/common/utils/linux/remote_client.py", line 63, in validate_authentication
2015-12-16 03:11:47.255 24917 ERROR tempest.scenario.manager     self.ssh_client.test_connection_auth()
2015-12-16 03:11:47.255 24917 ERROR tempest.scenario.manager   File "/usr/local/lib/python2.7/dist-packages/tempest_lib/common/ssh.py", line 167, in test_connection_auth
2015-12-16 03:11:47.255 24917 ERROR tempest.scenario.manager     connection = self._get_ssh_connection()
2015-12-16 03:11:47.255 24917 ERROR tempest.scenario.manager   File "/usr/local/lib/python2.7/dist-packages/tempest_lib/common/ssh.py", line 87, in _get_ssh_connection
2015-12-16 03:11:47.255 24917 ERROR tempest.scenario.manager     password=self.password)
2015-12-16 03:11:47.255 24917 ERROR tempest.scenario.manager SSHTimeout: Connection to the 172.24.4.4 via SSH timed out.
2015-12-16 03:11:47.255 24917 ERROR tempest.scenario.manager User: cirros, Password: None
2015-12-16 03:11:47.255 24917 ERROR tempest.scenario.manager 
2015-12-16 03:11:47,333 24917 INFO     [tempest_lib.common.rest_client] Request (TestGettingAddress:test_dhcp6_stateless_from_os): 200 GET http://10.0.2.15:8774/v2.1/df1fe956672e43b5b3ec8a4dea5e008f/servers 0.076s
2015-12-16 03:11:47,334 24917 DEBUG    [tempest_lib.common.rest_client] Request - Headers: {'Content-Type': 'application/json', 'Accept': 'application/json', 'X-Auth-Token': '&lt;omitted&gt;'}
        Body: None
    Response - Headers: {'status': '200', 'content-length': '390', 'content-location': 'http://10.0.2.15:8774/v2.1/df1fe956672e43b5b3ec8a4dea5e008f/servers', 'x-compute-request-id': 'req-ddc0d379-cabb-4267-bc7e-c9d15f16b568', 'vary': 'X-OpenStack-Nova-API-Version', 'connection': 'close', 'x-openstack-nova-api-version': '2.1', 'date': 'Wed, 16 Dec 2015 03:11:47 GMT', 'content-type': 'application/json'}
        Body: {"servers": [{"id": "d7fab460-ba0b-4991-8cee-ecf6f1b0e74a", "links": [{"href": "http://10.0.2.15:8774/v2.1/df1fe956672e43b5b3ec8a4dea5e008f/servers/d7fab460-ba0b-4991-8cee-ecf6f1b0e74a", "rel": "self"}, {"href": "http://10.0.2.15:8774/df1fe956672e43b5b3ec8a4dea5e008f/servers/d7fab460-ba0b-4991-8cee-ecf6f1b0e74a", "rel": "bookmark"}], "name": "tempest.common.compute-instance-470516461"}]}
2015-12-16 03:11:47,549 24917 INFO     [tempest_lib.common.rest_client] Request (TestGettingAddress:test_dhcp6_stateless_from_os): 200 POST http://10.0.2.15:8774/v2.1/df1fe956672e43b5b3ec8a4dea5e008f/servers/d7fab460-ba0b-4991-8cee-ecf6f1b0e74a/action 0.209s
2015-12-16 03:11:47,550 24917 DEBUG    [tempest_lib.common.rest_client] Request - Headers: {'Content-Type': 'application/json', 'Accept': 'application/json', 'X-Auth-Token': '&lt;omitted&gt;'}
        Body: {"os-getConsoleOutput": {}}
    Response - Headers: {'status': '200', 'content-length': '24669', 'x-compute-request-id': 'req-4c5991a5-65e9-4c2f-bc88-2b8db4ef002a', 'vary': 'X-OpenStack-Nova-API-Version', 'connection': 'close', 'x-openstack-nova-api-version': '2.1', 'date': 'Wed, 16 Dec 2015 03:11:47 GMT', 'content-type': 'application/json'}
        Body: {"output": "[    0.000000] Initializing cgroup subsys cpuset\n[    0.000000] Initializing cgroup subsys cpu\n[    0.000000] Linux version 3.2.0-80-virtual (buildd@batsu) (gcc version 4.6.3 (Ubuntu/Linaro 4.6.3-1ubuntu5) ) #116-Ubuntu SMP Mon Mar 23 17:28:52 UTC 2015 (Ubuntu 3.2.0-80.116-virtual 3.2.68)\n[    0.000000] Command line: root=/dev/vda console=tty0 console=ttyS0 no_timer_check\n[    0.000000] KERNEL supported cpus:\n[    0.000000]   Intel GenuineIntel\n[    0.000000]   AMD AuthenticAMD\n[    0.000000]   Centaur CentaurHauls\n[    0.000000] BIOS-provided physical RAM map:\n[    0.000000]  BIOS-e820: 0000000000000000 - 000000000009fc00 (usable)\n[    0.000000]  BIOS-e820: 000000000009fc00 - 00000000000a0000 (reserved)\n[    0.000000]  BIOS-e820: 00000000000f0000 - 0000000000100000 (reserved)\n[    0.000000]  BIOS-e820: 0000000000100000 - 0000000003ffe000 (usable)\n[    0.000000]  BIOS-e820: 0000000003ffe000 - 0000000004000000 (reserved)\n[    0.000000]  BIOS-e820: 00000000fffc0000 - 0000000100000000 (reserved)\n[    0.000000] NX (Execute Disable) protection: active\n[    0.000000] SMBIOS 2.4 present.\n[    0.000000] No AGP bridge found\n[    0.000000] last_pfn = 0x3ffe max_arch_pfn = 0x400000000\n[    0.000000] x86 PAT enabled: cpu 0, old 0x7040600070406, new 0x7010600070106\n[    0.000000] found SMP MP-table at [ffff8800000f0b00] f0b00\n[    0.000000] init_memory_mapping: 0000000000000000-0000000003ffe000\n[    0.000000] RAMDISK: 03c5e000 - 03ff0000\n[    0.000000] ACPI: RSDP 00000000000f0950 00014 (v00 BOCHS )\n[    0.000000] ACPI: RSDT 0000000003fffbc1 00034 (v01 BOCHS  BXPCRSDT 00000001 BXPC 00000001)\n[    0.000000] ACPI: FACP 0000000003fff1c0 00074 (v01 BOCHS  BXPCFACP 00000001 BXPC 00000001)\n[    0.000000] ACPI: DSDT 0000000003ffe040 01180 (v01 BOCHS  BXPCDSDT 00000001 BXPC 00000001)\n[    0.000000] ACPI: FACS 0000000003ffe000 00040\n[    0.000000] ACPI: SSDT 0000000003fff234 008DD (v01 BOCHS  BXPCSSDT 00000001 BXPC 00000001)\n[    0.000000] ACPI: APIC 0000000003fffb11 00078 (v01 BOCHS  BXPCAPIC 00000001 BXPC 00000001)\n[    0.000000] ACPI: HPET 0000000003fffb89 00038 (v01 BOCHS  BXPCHPET 00000001 BXPC 00000001)\n[    0.000000] No NUMA configuration found\n[    0.000000] Faking a node at 0000000000000000-0000000003ffe000\n[    0.000000] Initmem setup node 0 0000000000000000-0000000003ffe000\n[    0.000000]   NODE_DATA [0000000003ff6000 - 0000000003ffafff]\n[    0.000000] Zone PFN ranges:\n[    0.000000]   DMA      0x00000010 -&gt; 0x00001000\n[    0.000000]   DMA32    0x00001000 -&gt; 0x00100000\n[    0.000000]   Normal   empty\n[    0.000000] Movable zone start PFN for each node\n[    0.000000] early_node_map[2] active PFN ranges\n[    0.000000]     0: 0x00000010 -&gt; 0x0000009f\n[    0.000000]     0: 0x00000100 -&gt; 0x00003ffe\n[    0.000000] ACPI: PM-Timer IO Port: 0xb008\n[    0.000000] ACPI: LAPIC (acpi_id[0x00] lapic_id[0x00] enabled)\n[    0.000000] ACPI: LAPIC_NMI (acpi_id[0xff] dfl dfl lint[0x1])\n[    0.000000] ACPI: IOAPIC (id[0x00] address[0xfec00000] gsi_base[0])\n[    0.000000] IOAPIC[0]: apic_id 0, version 17, address 0xfec00000, GSI 0-23\n[    0.000000] ACPI: INT_SRC_OVR (bus 0 bus_irq 0 global_irq 2 dfl dfl)\n[    0.000000] ACPI: INT_SRC_OVR (bus 0 bus_irq 5 global_irq 5 high level)\n[    0.000000] ACPI: INT_SRC_OVR (bus 0 bus_irq 9 global_irq 9 high level)\n[    0.000000] ACPI: INT_SRC_OVR (bus 0 bus_irq 10 global_irq 10 high level)\n[    0.000000] ACPI: INT_SRC_OVR (bus 0 bus_irq 11 global_irq 11 high level)\n[    0.000000] Using ACPI (MADT) for SMP configuration information\n[    0.000000] ACPI: HPET id: 0x8086a201 base: 0xfed00000\n[    0.000000] SMP: Allowing 1 CPUs, 0 hotplug CPUs\n[    0.000000] PM: Registered nosave memory: 000000000009f000 - 00000000000a0000\n[    0.000000] PM: Registered nosave memory: 00000000000a0000 - 00000000000f0000\n[    0.000000] PM: Registered nosave memory: 00000000000f0000 - 0000000000100000\n[    0.000000] Allocating PCI resources starting at 4000000 (gap: 4000000:fbfc0000)\n[    0.000000] Booting paravirtualized kernel on bare hardware\n[    0.000000] setup_pe
2015-12-16 03:11:47,554 24917 DEBUG    [tempest.scenario.manager] Console output for d7fab460-ba0b-4991-8cee-ecf6f1b0e74a
body=
[    0.000000] Initializing cgroup subsys cpuset
[    0.000000] Initializing cgroup subsys cpu
[    0.000000] Linux version 3.2.0-80-virtual (buildd@batsu) (gcc version 4.6.3 (Ubuntu/Linaro 4.6.3-1ubuntu5) ) #116-Ubuntu SMP Mon Mar 23 17:28:52 UTC 2015 (Ubuntu 3.2.0-80.116-virtual 3.2.68)
[    0.000000] Command line: root=/dev/vda console=tty0 console=ttyS0 no_timer_check
[    0.000000] KERNEL supported cpus:
[    0.000000]   Intel GenuineIntel
[    0.000000]   AMD AuthenticAMD
[    0.000000]   Centaur CentaurHauls
[    0.000000] BIOS-provided physical RAM map:
[    0.000000]  BIOS-e820: 0000000000000000 - 000000000009fc00 (usable)
[    0.000000]  BIOS-e820: 000000000009fc00 - 00000000000a0000 (reserved)
[    0.000000]  BIOS-e820: 00000000000f0000 - 0000000000100000 (reserved)
[    0.000000]  BIOS-e820: 0000000000100000 - 0000000003ffe000 (usable)
[    0.000000]  BIOS-e820: 0000000003ffe000 - 0000000004000000 (reserved)
[    0.000000]  BIOS-e820: 00000000fffc0000 - 0000000100000000 (reserved)
[    0.000000] NX (Execute Disable) protection: active
[    0.000000] SMBIOS 2.4 present.
[    0.000000] No AGP bridge found
[    0.000000] last_pfn = 0x3ffe max_arch_pfn = 0x400000000
[    0.000000] x86 PAT enabled: cpu 0, old 0x7040600070406, new 0x7010600070106
[    0.000000] found SMP MP-table at [ffff8800000f0b00] f0b00
[    0.000000] init_memory_mapping: 0000000000000000-0000000003ffe000
[    0.000000] RAMDISK: 03c5e000 - 03ff0000
[    0.000000] ACPI: RSDP 00000000000f0950 00014 (v00 BOCHS )
[    0.000000] ACPI: RSDT 0000000003fffbc1 00034 (v01 BOCHS  BXPCRSDT 00000001 BXPC 00000001)
[    0.000000] ACPI: FACP 0000000003fff1c0 00074 (v01 BOCHS  BXPCFACP 00000001 BXPC 00000001)
[    0.000000] ACPI: DSDT 0000000003ffe040 01180 (v01 BOCHS  BXPCDSDT 00000001 BXPC 00000001)
[    0.000000] ACPI: FACS 0000000003ffe000 00040
[    0.000000] ACPI: SSDT 0000000003fff234 008DD (v01 BOCHS  BXPCSSDT 00000001 BXPC 00000001)
[    0.000000] ACPI: APIC 0000000003fffb11 00078 (v01 BOCHS  BXPCAPIC 00000001 BXPC 00000001)
[    0.000000] ACPI: HPET 0000000003fffb89 00038 (v01 BOCHS  BXPCHPET 00000001 BXPC 00000001)
[    0.000000] No NUMA configuration found
[    0.000000] Faking a node at 0000000000000000-0000000003ffe000
[    0.000000] Initmem setup node 0 0000000000000000-0000000003ffe000
[    0.000000]   NODE_DATA [0000000003ff6000 - 0000000003ffafff]
[    0.000000] Zone PFN ranges:
[    0.000000]   DMA      0x00000010 -&gt; 0x00001000
[    0.000000]   DMA32    0x00001000 -&gt; 0x00100000
[    0.000000]   Normal   empty
[    0.000000] Movable zone start PFN for each node
[    0.000000] early_node_map[2] active PFN ranges
[    0.000000]     0: 0x00000010 -&gt; 0x0000009f
[    0.000000]     0: 0x00000100 -&gt; 0x00003ffe
[    0.000000] ACPI: PM-Timer IO Port: 0xb008
[    0.000000] ACPI: LAPIC (acpi_id[0x00] lapic_id[0x00] enabled)
[    0.000000] ACPI: LAPIC_NMI (acpi_id[0xff] dfl dfl lint[0x1])
[    0.000000] ACPI: IOAPIC (id[0x00] address[0xfec00000] gsi_base[0])
[    0.000000] IOAPIC[0]: apic_id 0, version 17, address 0xfec00000, GSI 0-23
[    0.000000] ACPI: INT_SRC_OVR (bus 0 bus_irq 0 global_irq 2 dfl dfl)
[    0.000000] ACPI: INT_SRC_OVR (bus 0 bus_irq 5 global_irq 5 high level)
[    0.000000] ACPI: INT_SRC_OVR (bus 0 bus_irq 9 global_irq 9 high level)
[    0.000000] ACPI: INT_SRC_OVR (bus 0 bus_irq 10 global_irq 10 high level)
[    0.000000] ACPI: INT_SRC_OVR (bus 0 bus_irq 11 global_irq 11 high level)
[    0.000000] Using ACPI (MADT) for SMP configuration information
[    0.000000] ACPI: HPET id: 0x8086a201 base: 0xfed00000
[    0.000000] SMP: Allowing 1 CPUs, 0 hotplug CPUs
[    0.000000] PM: Registered nosave memory: 000000000009f000 - 00000000000a0000
[    0.000000] PM: Registered nosave memory: 00000000000a0000 - 00000000000f0000
[    0.000000] PM: Registered nosave memory: 00000000000f0000 - 0000000000100000
[    0.000000] Allocating PCI resources starting at 4000000 (gap: 4000000:fbfc0000)
[    0.000000] Booting paravirtualized kernel on bare hardware
[    0.000000] setup_percpu: NR_CPUS:64 nr_cpumask_bits:64 nr_cpu_ids:1 nr_node_ids:1
[    0.000000] PERCPU: Embedded 27 pages/cpu @ffff880003a00000 s78848 r8192 d23552 u2097152
[    0.000000] Built 1 zonelists in Node order, mobility grouping on.  Total pages: 16008
[    0.000000] Policy zone: DMA32
[    0.000000] Kernel command line: root=/dev/vda console=tty0 console=ttyS0 no_timer_check
[    0.000000] PID hash table entries: 256 (order: -1, 2048 bytes)
[    0.000000] Checking aperture...
[    0.000000] No AGP bridge found
[    0.000000] Memory: 43492k/65528k available (6576k kernel code, 452k absent, 21584k reserved, 6620k data, 928k init)
[    0.000000] SLUB: Genslabs=15, HWalign=64, Order=0-3, MinObjects=0, CPUs=1, Nodes=1
[    0.000000] Hierarchical RCU implementation.
[    0.000000] 	RCU dyntick-idle grace-period acceleration is enabled.
[    0.000000] NR_IRQS:4352 nr_irqs:256 16
[    0.000000] Console: colour VGA+ 80x25
[    0.000000] console [tty0] enabled
[    0.000000] console [ttyS0] enabled
[    0.000000] allocated 1048576 bytes of page_cgroup
[    0.000000] please try 'cgroup_disable=memory' option if you don't want memory cgroups
[    0.000000] Fast TSC calibration failed
[    0.000000] TSC: Unable to calibrate against PIT
[    0.000000] TSC: using HPET reference calibration
[    0.000000] Detected 2292.812 MHz processor.
[    0.033539] Calibrating delay loop (skipped), value calculated using timer frequency.. 4585.62 BogoMIPS (lpj=9171248)
[    0.036807] pid_max: default: 32768 minimum: 301
[    0.045919] Security Framework initialized
[    0.050391] AppArmor: AppArmor initialized
[    0.051039] Yama: becoming mindful.
[    0.058414] Dentry cache hash table entries: 8192 (order: 4, 65536 bytes)
[    0.060594] Inode-cache hash table entries: 4096 (order: 3, 32768 bytes)
[    0.062084] Mount-cache hash table entries: 256
[    0.083259] Initializing cgroup subsys cpuacct
[    0.084335] Initializing cgroup subsys memory
[    0.085600] Initializing cgroup subsys devices
[    0.086318] Initializing cgroup subsys freezer
[    0.086986] Initializing cgroup subsys blkio
[    0.088254] Initializing cgroup subsys perf_event
[    0.093133] mce: CPU supports 10 MCE banks
[    0.097181] SMP alternatives: switching to UP code
[    0.485771] Freeing SMP alternatives: 24k freed
[    0.488925] ACPI: Core revision 20110623
[    0.550696] ftrace: allocating 26610 entries in 105 pages
[    0.589525] ..TIMER: vector=0x30 apic1=0 pin1=2 apic2=-1 pin2=-1
[    0.591026] CPU0: AMD QEMU Virtual CPU version 2.0.0 stepping 03
[    0.596036] Performance Events: Broken PMU hardware detected, using software events only.
[    0.605614] NMI watchdog disabled (cpu0): hardware events not enabled
[    0.608429] Brought up 1 CPUs
[    0.608837] Total of 1 processors activated (4585.62 BogoMIPS).
[    0.633582] devtmpfs: initialized
[    0.661569] EVM: security.selinux
[    0.661989] EVM: security.SMACK64
[    0.664097] EVM: security.capability
[    0.685653] print_constraints: dummy: 
[    0.688261] RTC time:  3:08:17, date: 12/16/15
[    0.692468] NET: Registered protocol family 16
[    0.700316] ACPI: bus type pci registered
[    0.705451] PCI: Using configuration type 1 for base access
[    0.736327] bio: create slab &lt;bio-0&gt; at 0
[    0.740339] ACPI: Added _OSI(Module Device)
[    0.740919] ACPI: Added _OSI(Processor Device)
[    0.741561] ACPI: Added _OSI(3.0 _SCP Extensions)
[    0.742161] ACPI: Added _OSI(Processor Aggregator Device)
[    0.828911] ACPI: Interpreter enabled
[    0.829557] ACPI: (supports S0 S3 S4 S5)
[    0.831335] ACPI: Using IOAPIC for interrupt routing
[    0.908496] ACPI: No dock devices found.
[    0.909117] HEST: Table not found.
[    0.909759] PCI: Using host bridge windows from ACPI; if necessary, use "pci=nocrs" and report a bug
[    0.918095] ACPI: PCI Root Bridge [PCI0] (domain 0000 [bus 00-ff])
[    0.924386] pci_root PNP0A03:00: host bridge window [io  0x0000-0x0cf7]
[    0.925352] pci_root PNP0A03:00: host bridge window [io  0x0d00-0xadff]
[    0.926170] pci_root PNP0A03:00: host bridge window [io  0xae0f-0xaeff]
[    0.926978] pci_root PNP0A03:00: host bridge window [io  0xaf20-0xafdf]
[    0.928109] pci_root PNP0A03:00: host bridge window [io  0xafe4-0xffff]
[    0.929194] pci_root PNP0A03:00: host bridge window [mem 0x000a0000-0x000bffff]
[    0.930050] pci_root PNP0A03:00: host bridge window [mem 0x04000000-0xfebfffff]
[    0.951105] pci 0000:00:01.3: quirk: [io  0xb000-0xb03f] claimed by PIIX4 ACPI
[    0.952201] pci 0000:00:01.3: quirk: [io  0xb100-0xb10f] claimed by PIIX4 SMB
[    1.020641]  pci0000:00: Unable to request _OSC control (_OSC support mask: 0x1e)
[    1.080567] ACPI: PCI Interrupt Link [LNKA] (IRQs 5 *10 11)
[    1.082500] ACPI: PCI Interrupt Link [LNKB] (IRQs 5 *10 11)
[    1.085475] ACPI: PCI Interrupt Link [LNKC] (IRQs 5 10 *11)
[    1.086588] ACPI: PCI Interrupt Link [LNKD] (IRQs 5 10 *11)
[    1.089456] ACPI: PCI Interrupt Link [LNKS] (IRQs *9)
[    1.097967] vgaarb: device added: PCI:0000:00:02.0,decodes=io+mem,owns=io+mem,locks=none
[    1.099007] vgaarb: loaded
[    1.099375] vgaarb: bridge control possible 0000:00:02.0
[    1.102730] i2c-core: driver [aat2870] using legacy suspend method
[    1.104142] i2c-core: driver [aat2870] using legacy resume method
[    1.106433] SCSI subsystem initialized
[    1.110579] usbcore: registered new interface driver usbfs
[    1.112202] usbcore: registered new interface driver hub
[    1.113551] usbcore: registered new device driver usb
[    1.117586] PCI: Using ACPI for IRQ routing
[    1.128668] NetLabel: Initializing
[    1.129177] NetLabel:  domain hash size = 128
[    1.129772] NetLabel:  protocols = UNLABELED CIPSOv4
[    1.132205] NetLabel:  unlabeled traffic allowed by default
[    1.134449] HPET: 3 timers in total, 0 timers will be used for per-cpu timer
[    1.136156] hpet0: at MMIO 0xfed00000, IRQs 2, 8, 0
[    1.137074] hpet0: 3 comparators, 64-bit 100.000000 MHz counter
[    1.145787] Switching to clocksource hpet
[    1.375487] AppArmor: AppArmor Filesystem Enabled
[    1.377965] pnp: PnP ACPI init
[    1.378681] ACPI: bus type pnp registered
[    1.403097] pnp: PnP ACPI: found 9 devices
[    1.403787] ACPI: ACPI bus type pnp unregistered
[    1.466023] NET: Registered protocol family 2
[    1.499254] IP route cache hash table entries: 512 (order: 0, 4096 bytes)
[    1.506880] TCP established hash table entries: 2048 (order: 3, 32768 bytes)
[    1.509983] TCP bind hash table entries: 2048 (order: 3, 32768 bytes)
[    1.510854] TCP: Hash tables configured (established 2048 bind 2048)
[    1.511639] TCP reno registered
[    1.512886] UDP hash table entries: 128 (order: 0, 4096 bytes)
[    1.513866] UDP-Lite hash table entries: 128 (order: 0, 4096 bytes)
[    1.517145] NET: Registered protocol family 1
[    1.517992] pci 0000:00:00.0: Limiting direct PCI/PCI transfers
[    1.518776] pci 0000:00:01.0: PIIX3: Enabling Passive Release
[    1.519578] pci 0000:00:01.0: Activating ISA DMA hang workarounds
[    1.525042] ACPI: PCI Interrupt Link [LNKD] enabled at IRQ 11
[    1.525637] pci 0000:00:01.2: PCI INT D -&gt; Link[LNKD] -&gt; GSI 11 (level, high) -&gt; IRQ 11
[    1.527596] pci 0000:00:01.2: PCI INT D disabled
[    1.545260] Trying to unpack rootfs image as initramfs...
[    1.559879] audit: initializing netlink socket (disabled)
[    1.562015] type=2000 audit(1450235297.560:1): initialized
[    1.835637] HugeTLB registered 2 MB page size, pre-allocated 0 pages
[    1.915581] VFS: Disk quotas dquot_6.5.2
[    1.917855] Dquot-cache hash table entries: 512 (order 0, 4096 bytes)
[    1.939364] fuse init (API version 7.17)
[    1.942560] msgmni has been set to 84
[    1.977836] Block layer SCSI generic (bsg) driver version 0.4 loaded (major 253)
[    1.979304] io scheduler noop registered
[    1.979796] io scheduler deadline registered (default)
[    1.981651] io scheduler cfq registered
[    1.985136] pci_hotplug: PCI Hot Plug PCI Core version: 0.5
[    1.986924] pciehp: PCI Express Hot Plug Controller Driver version: 0.4
[    1.993209] input: Power Button as /devices/LNXSYSTM:00/LNXPWRBN:00/input/input0
[    1.994632] ACPI: Power Button [PWRF]
[    2.050806] ERST: Table is not found!
[    2.051568] GHES: HEST is not enabled!
[    2.064233] ACPI: PCI Interrupt Link [LNKC] enabled at IRQ 10
[    2.065017] virtio-pci 0000:00:03.0: PCI INT A -&gt; Link[LNKC] -&gt; GSI 10 (level, high) -&gt; IRQ 10
[    2.070112] virtio-pci 0000:00:04.0: PCI INT A -&gt; Link[LNKD] -&gt; GSI 11 (level, high) -&gt; IRQ 11
[    2.086161] ACPI: PCI Interrupt Link [LNKA] enabled at IRQ 10
[    2.086819] virtio-pci 0000:00:05.0: PCI INT A -&gt; Link[LNKA] -&gt; GSI 10 (level, high) -&gt; IRQ 10
[    2.102148] Serial: 8250/16550 driver, 32 ports, IRQ sharing enabled
[    2.150334] serial8250: ttyS0 at I/O 0x3f8 (irq = 4) is a 16550A
[    2.233316] serial8250: ttyS1 at I/O 0x2f8 (irq = 3) is a 16550A
[    2.373670] 00:05: ttyS0 at I/O 0x3f8 (irq = 4) is a 16550A
[    2.454997] 00:06: ttyS1 at I/O 0x2f8 (irq = 3) is a 16550A
[    2.498754] Linux agpgart interface v0.103
[    2.533617] Refined TSC clocksource calibration: 2292.945 MHz.
[    2.534467] Switching to clocksource tsc
[    2.567194] brd: module loaded
[    2.591593] loop: module loaded
[    2.640011]  vda: unknown partition table
[    2.693549] scsi0 : ata_piix
[    2.696099] scsi1 : ata_piix
[    2.697901] ata1: PATA max MWDMA2 cmd 0x1f0 ctl 0x3f6 bmdma 0xc0a0 irq 14
[    2.698633] ata2: PATA max MWDMA2 cmd 0x170 ctl 0x376 bmdma 0xc0a8 irq 15
[    2.707757] Fixed MDIO Bus: probed
[    2.709292] tun: Universal TUN/TAP device driver, 1.6
[    2.709832] tun: (C) 1999-2004 Max Krasnyansky &lt;maxk@qualcomm.com&gt;
[    2.722813] PPP generic driver version 2.4.2
[    2.750170] ehci_hcd: USB 2.0 'Enhanced' Host Controller (EHCI) Driver
[    2.752106] ohci_hcd: USB 1.1 'Open' Host Controller (OHCI) Driver
[    2.754456] uhci_hcd: USB Universal Host Controller Interface driver
[    2.757177] uhci_hcd 0000:00:01.2: PCI INT D -&gt; Link[LNKD] -&gt; GSI 11 (level, high) -&gt; IRQ 11
[    2.759707] uhci_hcd 0000:00:01.2: UHCI Host Controller
[    2.773657] uhci_hcd 0000:00:01.2: new USB bus registered, assigned bus number 1
[    2.775420] uhci_hcd 0000:00:01.2: irq 11, io base 0x0000c040
[    2.805099] hub 1-0:1.0: USB hub found
[    2.807252] hub 1-0:1.0: 2 ports detected
[    2.814592] usbcore: registered new interface driver libusual
[    2.819590] i8042: PNP: PS/2 Controller [PNP0303:KBD,PNP0f13:MOU] at 0x60,0x64 irq 1,12
[    2.827824] serio: i8042 KBD port at 0x60,0x64 irq 1
[    2.830678] serio: i8042 AUX port at 0x60,0x64 irq 12
[    2.858051] mousedev: PS/2 mouse device common for all mice
[    2.888962] input: AT Translated Set 2 keyboard as /devices/platform/i8042/serio0/input/input1
[    2.909045] rtc_cmos 00:01: RTC can wake from S4
[    2.916513] rtc_cmos 00:01: rtc core: registered rtc_cmos as rtc0
[    2.920344] rtc0: alarms up to one day, 114 bytes nvram, hpet irqs
[    2.923836] device-mapper: uevent: version 1.0.3
[    2.939216] ata2.01: ATAPI: QEMU DVD-ROM, 2.0.0, max UDMA/100
[    2.951261] ata2.01: configured for MWDMA2
[    2.954248] device-mapper: ioctl: 4.22.0-ioctl (2011-10-19) initialised: dm-devel@redhat.com
[    2.957059] cpuidle: using governor ladder
[    2.958874] cpuidle: using governor menu
[    2.959531] EFI Variables Facility v0.08 2004-May-17
[    2.969081] TCP cubic registered
[    2.973008] NET: Registered protocol family 10
[    3.002234] NET: Registered protocol family 17
[    3.003248] Registering the dns_resolver key type
[    3.040876] scsi 1:0:1:0: CD-ROM            QEMU     QEMU DVD-ROM     2.0. PQ: 0 ANSI: 5
[    3.069136] sr0: scsi3-mmc drive: 4x/4x cd/rw xa/form2 tray
[    3.070422] cdrom: Uniform CD-ROM driver Revision: 3.20
[    3.094960] sr 1:0:1:0: Attached scsi generic sg0 type 5
[    3.124682] registered taskstats version 1
[    3.187493] Freeing initrd memory: 3656k freed
[    3.673040]   Magic number: 11:618:108
[    3.685070] rtc_cmos 00:01: setting system clock to 2015-12-16 03:08:20 UTC (1450235300)
[    3.689000] powernow-k8: Processor cpuid 663 not supported
[    3.696105] BIOS EDD facility v0.16 2004-Jun-25, 0 devices found
[    3.698631] EDD information not available.
[    3.768872] Freeing unused kernel memory: 928k freed
[    3.774251] Write protecting the kernel read-only data: 12288k
[    3.889027] Freeing unused kernel memory: 1596k freed
[    3.946010] Freeing unused kernel memory: 1184k freed

info: initramfs: up at 4.09
modprobe: module virtio_blk not found in modules.dep
modprobe: module virtio_net not found in modules.dep
info: copying initramfs to /dev/vda
info: initramfs loading root from /dev/vda
info: /etc/init.d/rc.sysinit: up at 8.66
info: container: none
Starting logging: OK
modprobe: module virtio_blk not found in modules.dep
modprobe: module virtio_net not found in modules.dep
WARN: /etc/rc3.d/S10-load-modules failed
Initializing random number generator... done.
Starting acpid: OK
cirros-ds 'local' up at 11.16
found datasource (configdrive, local)
Starting network...
udhcpc (v1.20.1) started
Sending discover...
Sending discover...
Sending discover...
Usage: /sbin/cirros-dhcpc &lt;up|down&gt;
No lease, failing
WARN: /etc/rc3.d/S40-network failed
Starting dropbear sshd: generating rsa key... generating dsa key... OK
no userdata for datasource
=== system information ===
Platform: OpenStack Foundation OpenStack Nova
Container: none
Arch: x86_64
CPU(s): 1 @ 2292.812 MHz
Cores/Sockets/Threads: 1/1/1
Virt-type: AMD-V
RAM Size: 49MB
Disks:
NAME MAJ:MIN     SIZE LABEL         MOUNTPOINT
vda  253:0   25165824 cirros-rootfs /
sr0   11:0     428032 config-2      
=== sshd host keys ===
-----BEGIN SSH HOST KEY KEYS-----
ssh-rsa AAAAB3NzaC1yc2EAAAADAQABAAAAgn7O/arij2XTzLhMGxdHuxsGNySxyqKkAx8uqwfu7yrUTMqPUsMEJtFCOHyPG4gSYhimcQ8lxqBcvBM5r44w+aR+tmCy8v/zWuRl5jtqP9H1bWR4+frxCsMqkRR0FEpc+t2xVzeL/BBakhJSy6FR6aPjK7BGNaYOfogwoi3Ho/lfwxk= root@tempest
ssh-dss AAAAB3NzaC1kc3MAAACBAOSKVd2SfjawkFo8P7yP+MuliTyn306Hg7Oa4RvpQ4/ssGfivFV+lpRMsVWMBPCWe/mLnVnxxDsFPpwGPFfQxY7tqGPM/2cUm3sQrc9t2Ib/IezOnzveovWjtFaiGy5xdBpcKDSEloJWOSnu9WQwNCqlHgJJaK+rJoq+Gl258Oe5AAAAFQDmSJsNblsGt8EtuyE3fMtgAmHALwAAAIEAk2pKvCu3cBDmtIHQqBRasXlzKMYSJ5pH7tvFpbO9X7pPy8OhAh4zFQPsdW9HQ2jrI0ZIlICk2nAj6wM5QPn5k4kGjc+B6lz+ZIT2lS6/OkSlLt01p++q2P4Qd5mq+zGiMxTVXxdawVUuyTvfTFQaDwIAYoLlTIC5yN0MAdZk/Z4AAACAKMsIQa4VkoAA2PSZuLB63hoBSH/qYSTFnO0XDILJnOvkenXwAnkCQF3/idtKOlw/EqoOHrYJ6WuV5ejpBlnvwXhulNOKC2tbqEeCW95ZrRoKR/A3mF8HLaIIJCFXUZ48Hrv8q5HH7XJYc1GGknIOelK7aKcSz3REbHwMfkMn+9M= root@tempest
-----END SSH HOST KEY KEYS-----
=== network info ===
if-info: lo,up,127.0.0.1,8,::1
if-info: eth0,up,,8,fe80::f816:3eff:fe7c:7ba7
=== datasource: configdrive local ===
instance-id: d7fab460-ba0b-4991-8cee-ecf6f1b0e74a
name: tempest.common.compute-instance-470516461
availability-zone: nova
local-hostname: tempest.common.compute-instance-470516461.novalocal
launch-index: 0
=== cirros: current=0.3.4 uptime=202.61 ===
route: fscanf
=== pinging gateway failed, debugging connection ===
############ debug start ##############
### /etc/init.d/sshd start
Starting dropbear sshd: OK
route: fscanf
### ifconfig -a
eth0      Link encap:Ethernet  HWaddr FA:16:3E:7C:7B:A7  
          inet6 addr: fe80::f816:3eff:fe7c:7ba7/64 Scope:Link
          UP BROADCAST RUNNING MULTICAST  MTU:1500  Metric:1
          RX packets:12 errors:0 dropped:5 overruns:0 frame:0
          TX packets:8 errors:0 dropped:0 overruns:0 carrier:0
          collisions:0 txqueuelen:1000 
          RX bytes:1303 (1.2 KiB)  TX bytes:1134 (1.1 KiB)

lo        Link encap:Local Loopback  
          inet addr:127.0.0.1  Mask:255.0.0.0
          inet6 addr: ::1/128 Scope:Host
          UP LOOPBACK RUNNING  MTU:16436  Metric:1
          RX packets:12 errors:0 dropped:0 overruns:0 frame:0
          TX packets:12 errors:0 dropped:0 overruns:0 carrier:0
          collisions:0 txqueuelen:0 
          RX bytes:1020 (1020.0 B)  TX bytes:1020 (1020.0 B)

### route -n
Kernel IP routing table
Destination     Gateway         Genmask         Flags Metric Ref    Use Iface
route: fscanf
### cat /etc/resolv.conf
cat: can't open '/etc/resolv.conf': No such file or directory
### gateway not found
/sbin/cirros-status: line 1: can't open /etc/resolv.conf: no such file
### pinging nameservers
### uname -a
Linux tempest 3.2.0-80-virtual #116-Ubuntu SMP Mon Mar 23 17:28:52 UTC 2015 x86_64 GNU/Linux
### lsmod
Module                  Size  Used by    Not tainted
nls_iso8859_1          12713  0 
nls_cp437              16991  0 
vfat                   17585  0 
fat                    61512  1 vfat
isofs                  40259  0 
ip_tables              27473  0 
x_tables               29891  1 ip_tables
pcnet32                42119  0 
8139cp                 27360  0 
ne2k_pci               13691  0 
8390                   18856  1 ne2k_pci
e1000                 108589  0 
acpiphp                24231  0 
### dmesg | tail
[    4.898196] EXT3-fs (vda): mounted filesystem with ordered data mode
[    5.183553] ISO 9660 Extensions: Microsoft Joliet Level 3
[    5.249557] ISO 9660 Extensions: RRIP_1991A
[    5.506524] kjournald starting.  Commit interval 5 seconds
[    5.518770] EXT3-fs (vda): using internal journal
[    5.518869] EXT3-fs (vda): mounted filesystem with ordered data mode
[    8.762397] EXT3-fs (vda): using internal journal
[   11.964436] ISO 9660 Extensions: Microsoft Joliet Level 3
[   12.057916] ISO 9660 Extensions: RRIP_1991A
[   26.353967] eth0: no IPv6 routers present
### tail -n 25 /var/log/messages
Dec 16 03:08:26 cirros kern.info kernel: [    4.392006] acpiphp: Slot [26] registered
Dec 16 03:08:26 cirros kern.info kernel: [    4.393293] acpiphp: Slot [27] registered
Dec 16 03:08:26 cirros kern.info kernel: [    4.393658] acpiphp: Slot [28] registered
Dec 16 03:08:26 cirros kern.info kernel: [    4.394084] acpiphp: Slot [29] registered
Dec 16 03:08:26 cirros kern.info kernel: [    4.394495] acpiphp: Slot [30] registered
Dec 16 03:08:26 cirros kern.info kernel: [    4.394909] acpiphp: Slot [31] registered
Dec 16 03:08:26 cirros kern.info kernel: [    4.479373] e1000: Intel(R) PRO/1000 Network Driver - version 7.3.21-k8-NAPI
Dec 16 03:08:26 cirros kern.info kernel: [    4.479432] e1000: Copyright (c) 1999-2006 Intel Corporation.
Dec 16 03:08:26 cirros kern.info kernel: [    4.519748] ne2k-pci.c:v1.03 9/22/2003 D. Becker/P. Gortmaker
Dec 16 03:08:26 cirros kern.info kernel: [    4.555361] 8139cp: 8139cp: 10/100 PCI Ethernet driver v1.3 (Mar 22, 2004)
Dec 16 03:08:26 cirros kern.info kernel: [    4.588982] pcnet32: pcnet32.c:v1.35 21.Apr.2008 tsbogend@alpha.franken.de
Dec 16 03:08:26 cirros kern.info kernel: [    4.637536] ip_tables: (C) 2000-2006 Netfilter Core Team
Dec 16 03:08:26 cirros kern.info kernel: [    4.889892] kjournald starting.  Commit interval 5 seconds
Dec 16 03:08:26 cirros kern.info kernel: [    4.898196] EXT3-fs (vda): mounted filesystem with ordered data mode
Dec 16 03:08:26 cirros kern.debug kernel: [    5.183553] ISO 9660 Extensions: Microsoft Joliet Level 3
Dec 16 03:08:26 cirros kern.debug kernel: [    5.249557] ISO 9660 Extensions: RRIP_1991A
Dec 16 03:08:26 cirros kern.info kernel: [    5.506524] kjournald starting.  Commit interval 5 seconds
Dec 16 03:08:26 cirros kern.info kernel: [    5.518770] EXT3-fs (vda): using internal journal
Dec 16 03:08:26 cirros kern.info kernel: [    5.518869] EXT3-fs (vda): mounted filesystem with ordered data mode
Dec 16 03:08:26 cirros kern.info kernel: [    8.762397] EXT3-fs (vda): using internal journal
Dec 16 03:08:28 cirros kern.debug kernel: [   11.964436] ISO 9660 Extensions: Microsoft Joliet Level 3
Dec 16 03:08:28 cirros kern.debug kernel: [   12.057916] ISO 9660 Extensions: RRIP_1991A
Dec 16 03:08:31 cirros auth.notice su: + /dev/console root:cirros
Dec 16 03:08:43 cirros kern.debug kernel: [   26.353967] eth0: no IPv6 routers present
Dec 16 03:11:37 cirros authpriv.info dropbear[283]: Running in background
############ debug end   ##############
  ____               ____  ____
 / __/ __ ____ ____ / __ \/ __/
/ /__ / // __// __// /_/ /\ \ 
\___//_//_/  /_/   \____/___/ 
   http://cirros-cloud.net


login as 'cirros' user. default password: 'cubswin:)'. use 'sudo' for root.
tempest login: 
2015-12-16 03:11:47,759 24917 INFO     [tempest_lib.common.rest_client] Request (TestGettingAddress:_run_cleanups): 204 DELETE http://10.0.2.15:9696/v2.0/floatingips/e8774b71-234f-4dfb-8d62-d24f4c20300e 0.200s
2015-12-16 03:11:47,759 24917 DEBUG    [tempest_lib.common.rest_client] Request - Headers: {'Content-Type': 'application/json', 'Accept': 'application/json', 'X-Auth-Token': '&lt;omitted&gt;'}
        Body: None
    Response - Headers: {'date': 'Wed, 16 Dec 2015 03:11:47 GMT', 'status': '204', 'connection': 'close', 'content-length': '0', 'x-openstack-request-id': 'req-1245e2dd-33cf-4572-a6f2-b06b105de787'}
        Body: 
2015-12-16 03:11:48,007 24917 INFO     [tempest_lib.common.rest_client] Request (TestGettingAddress:_run_cleanups): 204 DELETE http://10.0.2.15:8774/v2.1/df1fe956672e43b5b3ec8a4dea5e008f/servers/d7fab460-ba0b-4991-8cee-ecf6f1b0e74a 0.247s
2015-12-16 03:11:48,008 24917 DEBUG    [tempest_lib.common.rest_client] Request - Headers: {'Content-Type': 'application/json', 'Accept': 'application/json', 'X-Auth-Token': '&lt;omitted&gt;'}
        Body: None
    Response - Headers: {'status': '204', 'content-length': '0', 'x-compute-request-id': 'req-f1f3030c-5a97-4126-9748-e05b75dcaf88', 'vary': 'X-OpenStack-Nova-API-Version', 'connection': 'close', 'x-openstack-nova-api-version': '2.1', 'date': 'Wed, 16 Dec 2015 03:11:48 GMT', 'content-type': 'application/json'}
        Body: 
2015-12-16 03:11:48,319 24917 INFO     [tempest_lib.common.rest_client] Request (TestGettingAddress:_run_cleanups): 200 GET http://10.0.2.15:8774/v2.1/df1fe956672e43b5b3ec8a4dea5e008f/servers/d7fab460-ba0b-4991-8cee-ecf6f1b0e74a 0.311s
2015-12-16 03:11:48,320 24917 DEBUG    [tempest_lib.common.rest_client] Request - Headers: {'Content-Type': 'application/json', 'Accept': 'application/json', 'X-Auth-Token': '&lt;omitted&gt;'}
        Body: None
    Response - Headers: {'status': '200', 'content-length': '1902', 'content-location': 'http://10.0.2.15:8774/v2.1/df1fe956672e43b5b3ec8a4dea5e008f/servers/d7fab460-ba0b-4991-8cee-ecf6f1b0e74a', 'x-compute-request-id': 'req-5667ced8-fd4b-415d-b0d5-f86e99a0d1a7', 'vary': 'X-OpenStack-Nova-API-Version', 'connection': 'close', 'x-openstack-nova-api-version': '2.1', 'date': 'Wed, 16 Dec 2015 03:11:48 GMT', 'content-type': 'application/json'}
        Body: {"server": {"status": "ACTIVE", "updated": "2015-12-16T03:11:47Z", "hostId": "20fb7492c4d9e06b44508a99dd113c18ee62a17b176aa7bfa6c473ac", "addresses": {"tempest-network-smoke--243458154": [{"OS-EXT-IPS-MAC:mac_addr": "fa:16:3e:7c:7b:a7", "version": 6, "addr": "2003::f816:3eff:fe7c:7ba7", "OS-EXT-IPS:type": "fixed"}, {"OS-EXT-IPS-MAC:mac_addr": "fa:16:3e:7c:7b:a7", "version": 4, "addr": "10.100.0.3", "OS-EXT-IPS:type": "fixed"}, {"OS-EXT-IPS-MAC:mac_addr": "fa:16:3e:7c:7b:a7", "version": 4, "addr": "172.24.4.4", "OS-EXT-IPS:type": "floating"}]}, "links": [{"href": "http://10.0.2.15:8774/v2.1/df1fe956672e43b5b3ec8a4dea5e008f/servers/d7fab460-ba0b-4991-8cee-ecf6f1b0e74a", "rel": "self"}, {"href": "http://10.0.2.15:8774/df1fe956672e43b5b3ec8a4dea5e008f/servers/d7fab460-ba0b-4991-8cee-ecf6f1b0e74a", "rel": "bookmark"}], "key_name": "tempest-TestGettingAddress-1467205442", "image": {"id": "d5272c2f-e782-4f30-afa0-348382b1439c", "links": [{"href": "http://10.0.2.15:8774/df1fe956672e43b5b3ec8a4dea5e008f/images/d5272c2f-e782-4f30-afa0-348382b1439c", "rel": "bookmark"}]}, "OS-EXT-STS:task_state": "deleting", "OS-EXT-STS:vm_state": "active", "OS-SRV-USG:launched_at": "2015-12-16T03:08:14.000000", "flavor": {"id": "42", "links": [{"href": "http://10.0.2.15:8774/df1fe956672e43b5b3ec8a4dea5e008f/flavors/42", "rel": "bookmark"}]}, "id": "d7fab460-ba0b-4991-8cee-ecf6f1b0e74a", "security_groups": [{"name": "tempest-secgroup-smoke-203992311"}], "OS-SRV-USG:terminated_at": null, "OS-EXT-AZ:availability_zone": "nova", "user_id": "c4df57668d054dfab67ca74663dea599", "name": "tempest.common.compute-instance-470516461", "created": "2015-12-16T03:08:10Z", "tenant_id": "df1fe956672e43b5b3ec8a4dea5e008f", "OS-DCF:diskConfig": "MANUAL", "os-extended-volumes:volumes_attached": [], "accessIPv4": "", "accessIPv6": "", "progress": 0, "OS-EXT-STS:power_state": 1, "config_drive": "True", "metadata": {}}}
2015-12-16 03:11:49,479 24917 INFO     [tempest_lib.common.rest_client] Request (TestGettingAddress:_run_cleanups): 200 GET http://10.0.2.15:8774/v2.1/df1fe956672e43b5b3ec8a4dea5e008f/servers/d7fab460-ba0b-4991-8cee-ecf6f1b0e74a 0.148s
2015-12-16 03:11:49,479 24917 DEBUG    [tempest_lib.common.rest_client] Request - Headers: {'Content-Type': 'application/json', 'Accept': 'application/json', 'X-Auth-Token': '&lt;omitted&gt;'}
        Body: None
    Response - Headers: {'status': '200', 'content-length': '1444', 'content-location': 'http://10.0.2.15:8774/v2.1/df1fe956672e43b5b3ec8a4dea5e008f/servers/d7fab460-ba0b-4991-8cee-ecf6f1b0e74a', 'x-compute-request-id': 'req-160bf7dd-807b-431d-ad8e-6bb59fefa7e3', 'vary': 'X-OpenStack-Nova-API-Version', 'connection': 'close', 'x-openstack-nova-api-version': '2.1', 'date': 'Wed, 16 Dec 2015 03:11:49 GMT', 'content-type': 'application/json'}
        Body: {"server": {"status": "DELETED", "updated": "2015-12-16T03:11:49Z", "hostId": "20fb7492c4d9e06b44508a99dd113c18ee62a17b176aa7bfa6c473ac", "addresses": {}, "links": [{"href": "http://10.0.2.15:8774/v2.1/df1fe956672e43b5b3ec8a4dea5e008f/servers/d7fab460-ba0b-4991-8cee-ecf6f1b0e74a", "rel": "self"}, {"href": "http://10.0.2.15:8774/df1fe956672e43b5b3ec8a4dea5e008f/servers/d7fab460-ba0b-4991-8cee-ecf6f1b0e74a", "rel": "bookmark"}], "key_name": "tempest-TestGettingAddress-1467205442", "image": {"id": "d5272c2f-e782-4f30-afa0-348382b1439c", "links": [{"href": "http://10.0.2.15:8774/df1fe956672e43b5b3ec8a4dea5e008f/images/d5272c2f-e782-4f30-afa0-348382b1439c", "rel": "bookmark"}]}, "OS-EXT-STS:task_state": null, "OS-EXT-STS:vm_state": "deleted", "OS-SRV-USG:launched_at": "2015-12-16T03:08:14.000000", "flavor": {"id": "42", "links": [{"href": "http://10.0.2.15:8774/df1fe956672e43b5b3ec8a4dea5e008f/flavors/42", "rel": "bookmark"}]}, "id": "d7fab460-ba0b-4991-8cee-ecf6f1b0e74a", "OS-SRV-USG:terminated_at": "2015-12-16T03:11:49.000000", "OS-EXT-AZ:availability_zone": "nova", "user_id": "c4df57668d054dfab67ca74663dea599", "name": "tempest.common.compute-instance-470516461", "created": "2015-12-16T03:08:10Z", "tenant_id": "df1fe956672e43b5b3ec8a4dea5e008f", "OS-DCF:diskConfig": "MANUAL", "os-extended-volumes:volumes_attached": [], "accessIPv4": "", "accessIPv6": "", "OS-EXT-STS:power_state": 0, "config_drive": "True", "metadata": {}}}
2015-12-16 03:11:50,574 24917 INFO     [tempest_lib.common.rest_client] Request (TestGettingAddress:_run_cleanups): 404 GET http://10.0.2.15:8774/v2.1/df1fe956672e43b5b3ec8a4dea5e008f/servers/d7fab460-ba0b-4991-8cee-ecf6f1b0e74a 0.079s
2015-12-16 03:11:50,574 24917 DEBUG    [tempest_lib.common.rest_client] Request - Headers: {'Content-Type': 'application/json', 'Accept': 'application/json', 'X-Auth-Token': '&lt;omitted&gt;'}
        Body: None
    Response - Headers: {'status': '404', 'content-length': '111', 'x-compute-request-id': 'req-ccf67ec7-1b17-4109-88c5-0e8ba2a90a70', 'vary': 'X-OpenStack-Nova-API-Version', 'connection': 'close', 'x-openstack-nova-api-version': '2.1', 'date': 'Wed, 16 Dec 2015 03:11:50 GMT', 'content-type': 'application/json; charset=UTF-8'}
        Body: {"itemNotFound": {"message": "Instance d7fab460-ba0b-4991-8cee-ecf6f1b0e74a could not be found.", "code": 404}}
2015-12-16 03:11:50,928 24917 INFO     [tempest_lib.common.rest_client] Request (TestGettingAddress:_run_cleanups): 200 PUT http://10.0.2.15:9696/v2.0/routers/b5e0b257-f83b-4dfe-8377-c47fbe74e724/remove_router_interface 0.353s
2015-12-16 03:11:50,929 24917 DEBUG    [tempest_lib.common.rest_client] Request - Headers: {'Content-Type': 'application/json', 'Accept': 'application/json', 'X-Auth-Token': '&lt;omitted&gt;'}
        Body: {"subnet_id": "50977eaa-3132-464e-9a56-c6bfaa7bfee8"}
    Response - Headers: {'status': '200', 'content-length': '255', 'connection': 'close', 'date': 'Wed, 16 Dec 2015 03:11:50 GMT', 'content-type': 'application/json; charset=UTF-8', 'x-openstack-request-id': 'req-a3df8dbb-f929-433e-8cc0-243b4c0b1150'}
        Body: {"subnet_id": "50977eaa-3132-464e-9a56-c6bfaa7bfee8", "tenant_id": "df1fe956672e43b5b3ec8a4dea5e008f", "subnet_ids": ["50977eaa-3132-464e-9a56-c6bfaa7bfee8"], "port_id": "85a770d7-0ec4-45b4-af45-a1192ddc96c4", "id": "b5e0b257-f83b-4dfe-8377-c47fbe74e724"}
2015-12-16 03:11:51,355 24917 INFO     [tempest_lib.common.rest_client] Request (TestGettingAddress:_run_cleanups): 204 DELETE http://10.0.2.15:9696/v2.0/subnets/50977eaa-3132-464e-9a56-c6bfaa7bfee8 0.425s
2015-12-16 03:11:51,356 24917 DEBUG    [tempest_lib.common.rest_client] Request - Headers: {'Content-Type': 'application/json', 'Accept': 'application/json', 'X-Auth-Token': '&lt;omitted&gt;'}
        Body: None
    Response - Headers: {'date': 'Wed, 16 Dec 2015 03:11:51 GMT', 'status': '204', 'connection': 'close', 'content-length': '0', 'x-openstack-request-id': 'req-ebf247dd-5a5c-47e4-8f09-1454f88092a6'}
        Body: 
2015-12-16 03:11:51,389 24917 INFO     [tempest_lib.common.rest_client] Request (TestGettingAddress:_run_cleanups): 404 DELETE http://10.0.2.15:9696/v2.0/subnets/50977eaa-3132-464e-9a56-c6bfaa7bfee8 0.033s
2015-12-16 03:11:51,389 24917 DEBUG    [tempest_lib.common.rest_client] Request - Headers: {'Content-Type': 'application/json', 'Accept': 'application/json', 'X-Auth-Token': '&lt;omitted&gt;'}
        Body: None
    Response - Headers: {'status': '404', 'content-length': '135', 'connection': 'close', 'date': 'Wed, 16 Dec 2015 03:11:51 GMT', 'content-type': 'application/json; charset=UTF-8', 'x-openstack-request-id': 'req-a9638999-f06d-43ad-9a20-729315c28410'}
        Body: {"NeutronError": {"message": "Subnet 50977eaa-3132-464e-9a56-c6bfaa7bfee8 could not be found", "type": "SubnetNotFound", "detail": ""}}
2015-12-16 03:11:51,730 24917 INFO     [tempest_lib.common.rest_client] Request (TestGettingAddress:_run_cleanups): 200 PUT http://10.0.2.15:9696/v2.0/routers/b5e0b257-f83b-4dfe-8377-c47fbe74e724/remove_router_interface 0.340s
2015-12-16 03:11:51,731 24917 DEBUG    [tempest_lib.common.rest_client] Request - Headers: {'Content-Type': 'application/json', 'Accept': 'application/json', 'X-Auth-Token': '&lt;omitted&gt;'}
        Body: {"subnet_id": "aa19d4c3-fc4d-4389-a895-86eceae90284"}
