<?xml version="1.0" encoding="UTF-8"?>
<!DOCTYPE html PUBLIC "-//W3C//DTD XHTML 1.0 Strict//EN"
     "http://www.w3.org/TR/xhtml1/DTD/xhtml1-strict.dtd">
<html xmlns="http://www.w3.org/1999/xhtml">
<head>
    <title>Unit Test Report</title>
    <meta name="generator" content="subunit2html 0.1"/>
    <meta http-equiv="Content-Type" content="text/html; charset=UTF-8"/>
    
<style type="text/css" media="screen">
body        { font-family: verdana, arial, helvetica, sans-serif;
    font-size: 80%; }
table       { font-size: 100%; width: 100%;}
pre         { font-size: 80%; }

/* -- heading -------------------------------------------------------------- */
h1 {
        font-size: 16pt;
        color: gray;
}
.heading {
    margin-top: 0ex;
    margin-bottom: 1ex;
}

.heading .attribute {
    margin-top: 1ex;
    margin-bottom: 0;
}

.heading .description {
    margin-top: 4ex;
    margin-bottom: 6ex;
}

/* -- css div popup -------------------------------------------------------- */
a.popup_link {
}

a.popup_link:hover {
    color: red;
}

.popup_window {
    display: none;
    overflow-x: scroll;
    /*border: solid #627173 1px; */
    padding: 10px;
    background-color: #E6E6D6;
    font-family: "Ubuntu Mono", "Lucida Console", "Courier New", monospace;
    text-align: left;
    font-size: 8pt;
}

}
/* -- report --------------------------------------------------------------- */
#show_detail_line {
    margin-top: 3ex;
    margin-bottom: 1ex;
}
#result_table {
    width: 100%;
    border-collapse: collapse;
    border: 1px solid #777;
}
#header_row {
    font-weight: bold;
    color: white;
    background-color: #777;
}
#result_table td {
    border: 1px solid #777;
    padding: 2px;
}
#total_row  { font-weight: bold; }
.passClass  { background-color: #6c6; }
.failClass  { background-color: #c60; }
.errorClass { background-color: #c00; }
.passCase   { color: #6c6; }
.failCase   { color: #c60; font-weight: bold; }
.errorCase  { color: #c00; font-weight: bold; }
.hiddenRow  { display: none; }
.testcase   { margin-left: 2em; }
td.testname {width: 40%}
td.small {width: 40px}

/* -- ending --------------------------------------------------------------- */
#ending {
}

</style>

</head>
<body>
<script language="javascript" type="text/javascript"><!--
output_list = Array();

/* level - 0:Summary; 1:Failed; 2:All */
function showCase(level) {
    trs = document.getElementsByTagName("tr");
    for (var i = 0; i < trs.length; i++) {
        tr = trs[i];
        id = tr.id;
        if (id.substr(0,2) == 'ft') {
            if (level < 1) {
                tr.className = 'hiddenRow';
            }
            else {
                tr.className = '';
            }
        }
        if (id.substr(0,2) == 'pt') {
            if (level > 1) {
                tr.className = '';
            }
            else {
                tr.className = 'hiddenRow';
            }
        }
    }
}


function showClassDetail(cid, count) {
    var id_list = Array(count);
    var toHide = 1;
    for (var i = 0; i < count; i++) {
        tid0 = 't' + cid.substr(1) + '.' + (i+1);
        tid = 'f' + tid0;
        tr = document.getElementById(tid);
        if (!tr) {
            tid = 'p' + tid0;
            tr = document.getElementById(tid);
        }
        id_list[i] = tid;
        if (tr.className) {
            toHide = 0;
        }
    }
    for (var i = 0; i < count; i++) {
        tid = id_list[i];
        if (toHide) {
            document.getElementById('div_'+tid).style.display = 'none'
            document.getElementById(tid).className = 'hiddenRow';
        }
        else {
            document.getElementById(tid).className = '';
        }
    }
}


function showTestDetail(div_id){
    var details_div = document.getElementById(div_id)
    var displayState = details_div.style.display
    // alert(displayState)
    if (displayState != 'block' ) {
        displayState = 'block'
        details_div.style.display = 'block'
    }
    else {
        details_div.style.display = 'none'
    }
}


function html_escape(s) {
    s = s.replace(/&/g,'&amp;');
    s = s.replace(/</g,'&lt;');
    s = s.replace(/>/g,'&gt;');
    return s;
}

/* obsoleted by detail in <div>
function showOutput(id, name) {
    var w = window.open("", //url
                    name,
                    "resizable,scrollbars,status,width=800,height=450");
    d = w.document;
    d.write("<pre>");
    d.write(html_escape(output_list[id]));
    d.write("\n");
    d.write("<a href='javascript:window.close()'>close</a>\n");
    d.write("</pre>\n");
    d.close();
}
*/
--></script>

<div class='heading'>
<h1>Unit Test Report</h1>

<p class='attribute'><strong>Status:</strong> Pass 2 Failure 6</p>

<p class='description'></p>
</div>



<p id='show_detail_line'>Show
<a href='javascript:showCase(0)'>Summary</a>
<a href='javascript:showCase(1)'>Failed</a>
<a href='javascript:showCase(2)'>All</a>
</p>
<table id='result_table'>
<colgroup>
<col align='left' />
<col align='right' />
<col align='right' />
<col align='right' />
<col align='right' />
<col align='right' />
<col align='right' />
<col align='right' />
</colgroup>
<tr id='header_row'>
    <td>Test Group/Test case</td>
    <td>Count</td>
    <td>Pass</td>
    <td>Fail</td>
    <td>Error</td>
    <td>Skip</td>
    <td>View</td>
    <td> </td>
</tr>

<tr class='failClass'>
    <td class="testname">tempest.scenario.test_network_v6.TestGettingAddress</td>
    <td class="small">8</td>
    <td class="small">2</td>
    <td class="small">6</td>
    <td class="small">0</td>
    <td class="small">0</td>
    <td class="small"><a href="javascript:showClassDetail('c1',8)"
>Detail</a></td>
    <td> </td>
</tr>

<tr id='ft1.1' class='none'>
    <td class='failCase'><div class='testcase'>test_dhcp6_stateless_from_os[compute,id-d7e1f858-187c-45a6-89c9-bdafde619a9f,network]</div></td>
    <td colspan='7' align='left'>

    <!--css div popup start-->
    <a class="popup_link" onfocus='this.blur();'
    href="javascript:showTestDetail('div_ft1.1')" >
        fail</a>

    <div id='div_ft1.1' class="popup_window">
        <div style='text-align: right; color:red;cursor:pointer'>
        <a onfocus='this.blur();'
onclick="document.getElementById('div_ft1.1').style.display = 'none' " >
           [x]</a>
        </div>
        <pre>
        
ft1.1: tempest.scenario.test_network_v6.TestGettingAddress.test_dhcp6_stateless_from_os[compute,id-d7e1f858-187c-45a6-89c9-bdafde619a9f,network]_StringException: Empty attachments:
  stderr
  stdout

pythonlogging:'': {{{
2015-12-09 17:51:09,575 32316 INFO     [tempest_lib.common.rest_client] Request (TestGettingAddress:setUp): 200 POST http://10.0.2.15:8774/v2.1/9da8a841d30c45b28db3d8c8d7b65577/os-keypairs 0.338s
2015-12-09 17:51:09,576 32316 DEBUG    [tempest_lib.common.rest_client] Request - Headers: {'Content-Type': 'application/json', 'Accept': 'application/json', 'X-Auth-Token': '&lt;omitted&gt;'}
        Body: {"keypair": {"name": "tempest-TestGettingAddress-77437889"}}
    Response - Headers: {'status': '200', 'content-length': '2318', 'x-compute-request-id': 'req-3ef1bb1c-860d-45fc-858f-fe2b2f2e30a7', 'vary': 'X-OpenStack-Nova-API-Version', 'connection': 'close', 'x-openstack-nova-api-version': '2.1', 'date': 'Wed, 09 Dec 2015 17:51:09 GMT', 'content-type': 'application/json'}
        Body: {"keypair": {"public_key": "ssh-rsa AAAAB3NzaC1yc2EAAAADAQABAAABAQDHPRjL7NEWePyXDKIVhtq0NRD1CosqnTIzfyEWE76qBloExuELpuXO23L3TafH260vOa+NK/zPuVH8oTiO0UXPxVhjnOdpfvMmGGx4M7Ql01vHp29OPSt4A3ibc10qMcjErnj6NsgnojxPHi7tcN0XEWt3Snnt8BXEJVDaC/ajWXSAR1s3btzenJAira9S+tjgfv6BoMT4cwnAH4w3bI09PbOTTijxXixJAch9hXmcd8b/kSDQ90VAykd6wVjM2XtrP+7pIoyt5HBfunQrzyn5Asqr/htzmytIr8/nRAZDKqho01u/rJlsRMCUJLYV0q7Hwpxwf4076dNi/vvUf+KJ Generated-by-Nova", "private_key": "-----BEGIN RSA PRIVATE KEY-----\nMIIEpwIBAAKCAQEAxz0Yy+zRFnj8lwyiFYbatDUQ9QqLKp0yM38hFhO+qgZaBMbh\nC6blztty902nx9utLzmvjSv8z7lR/KE4jtFFz8VYY5znaX7zJhhseDO0JdNbx6dv\nTj0reAN4m3NdKjHIxK54+jbIJ6I8Tx4u7XDdFxFrd0p57fAVxCVQ2gv2o1l0gEdb\nN27c3pyQIq2vUvrY4H7+gaDE+HMJwB+MN2yNPT2zk04o8V4sSQHIfYV5nHfG/5Eg\n0PdFQMpHesFYzNl7az/u6SKMreRwX7p0K88p+QLKq/4bc5srSK/P50QGQyqoaNNb\nv6yZbETAlCS2FdKux8KccH+NO+nTYv771H/iiQIDAQABAoIBAEeKHJk8k2cqUig6\nlQh9v5HtbAVQn9/RSfFLuKmgtVl/plsIvk3cw6+fBIzgCVqt+mV2pR5fqQs9U78O\ndKxzYEnWZoJ+GGm897m6E1il2A2s8suhx0mklTMmq+vFZLJ95cUZkL7nZL82dclC\n4T7Iw9pAmwHecCGLj4U6kOl6WjkUh0wqLle/0BADO5GdE33GauU8CL+EDymsAHEA\nf1Uab+Jr9qUEGRtucvxy95rXA7W6Yq4sUyaLg/3URAAD16/1fKtFJSRbtq1YPo3u\nMBwpRJtEP9+aFjVhgu17LbIJZs8f0QY4whFfLyP83AplnDwyf/a3RBmvH50/6uiS\nwZ0kbnECggCBANQ2o8loxED05h/DdqIpbLHnFF6AsWkeagZu2/XwxfyP78znl92i\nvAob9SLJomwr6diQFidzo1ljoRlHX8Z56hQYU7Fhq7Pw7oRmd+6jwgCl7YPwBvHc\nKsbzT/wZpav+bFPXDFjHbcMCSAc/vtnXaTk2iPore87UpEE+ZU+LahrfAoIAgQDw\nWR1BG+0PDlwxZW5CnIuT2mbcc4Bz8Lc5kerbGYGRBAgiczMSnKkzPvTYB7ZVqrYi\nj4S1A7N0AiVf73/GPWHio0aSzXiN4WUEZ9LtKLz0XFewm74ubXMsbWpSz5YpnOBx\n1UAGNc5NODSvJ7u7EMc7l3/sfwdiieo7EE3Yf4AXlwKCAIAZuSXRXCmt1gGvB/px\nXaQXTHNjoSXgIBep//YZsb3OB4SByfDWpMs2Tn1AYkCV7BzEa3LEBXhfdXwpnEU3\nwb9mACzk63nsrd+7nNAc1SzG91X7EDVHS/DDfOrNHC7A0m4/G2obuNDNOpGQj2GK\n9lmC3eFssaioQY5HelC9e6C48QKCAIAJENNxqUP/1WLU2iaWjKEXKp3GovStat7+\nZOqe6Q9iEOzdn8rFYPNg43cIzwGpqY7FLvSqf0E9lvch7z66k4YlrlLzJpztfRr6\nV5A1Mdwuu2zzVGyQA8DcZCQmi332g9xTbt/DXDQz5XLXSIBkRfW94bEJkqEMrncP\nU0YcbHLAcQKCAIBTb5/N5mvuVeFLhYcQEjz+SVchFLMPfMuCiWEelGkri5MJGYyQ\ntStLP6GUYU881ELz6G4Cox7aOlQcbb3oH4uGfonY4684H8zBEC9veh4ixhM5+mAY\nqq2Qus3jfCjfAuQKSIVOENr78D+L4JZG/shGYS7tOBXc3MRAJZy9PK8s7g==\n-----END RSA PRIVATE KEY-----\n", "user_id": "330f424c48a54f44bf1b2fe7ecbcb468", "name": "tempest-TestGettingAddress-77437889", "fingerprint": "15:13:24:db:40:be:99:ab:19:9e:60:b1:ac:65:43:21"}}
2015-12-09 17:51:09,888 32316 INFO     [tempest_lib.common.rest_client] Request (TestGettingAddress:setUp): 201 POST http://10.0.2.15:9696/v2.0/security-groups 0.307s
2015-12-09 17:51:09,889 32316 DEBUG    [tempest_lib.common.rest_client] Request - Headers: {'Content-Type': 'application/json', 'Accept': 'application/json', 'X-Auth-Token': '&lt;omitted&gt;'}
        Body: {"security_group": {"tenant_id": "9da8a841d30c45b28db3d8c8d7b65577", "description": "tempest-secgroup-smoke-690895758 description", "name": "tempest-secgroup-smoke-690895758"}}
    Response - Headers: {'status': '201', 'content-length': '886', 'connection': 'close', 'date': 'Wed, 09 Dec 2015 17:51:09 GMT', 'content-type': 'application/json; charset=UTF-8', 'x-openstack-request-id': 'req-be2a5513-1436-43c4-a857-3e91c11a01a5'}
        Body: {"security_group": {"tenant_id": "9da8a841d30c45b28db3d8c8d7b65577", "description": "tempest-secgroup-smoke-690895758 description", "id": "aa62dde8-7cd6-490e-becf-9fa883261057", "security_group_rules": [{"remote_group_id": null, "direction": "egress", "remote_ip_prefix": null, "protocol": null, "ethertype": "IPv4", "tenant_id": "9da8a841d30c45b28db3d8c8d7b65577", "port_range_max": null, "port_range_min": null, "id": "fd36721c-1493-4808-a583-5576c2b7b1e2", "security_group_id": "aa62dde8-7cd6-490e-becf-9fa883261057"}, {"remote_group_id": null, "direction": "egress", "remote_ip_prefix": null, "protocol": null, "ethertype": "IPv6", "tenant_id": "9da8a841d30c45b28db3d8c8d7b65577", "port_range_max": null, "port_range_min": null, "id": "26fbdfdc-4461-46d3-9721-16e6df88a620", "security_group_id": "aa62dde8-7cd6-490e-becf-9fa883261057"}], "name": "tempest-secgroup-smoke-690895758"}}
2015-12-09 17:51:10,141 32316 INFO     [tempest_lib.common.rest_client] Request (TestGettingAddress:setUp): 201 POST http://10.0.2.15:9696/v2.0/security-group-rules 0.250s
2015-12-09 17:51:10,141 32316 DEBUG    [tempest_lib.common.rest_client] Request - Headers: {'Content-Type': 'application/json', 'Accept': 'application/json', 'X-Auth-Token': '&lt;omitted&gt;'}
        Body: {"security_group_rule": {"direction": "ingress", "protocol": "tcp", "tenant_id": "9da8a841d30c45b28db3d8c8d7b65577", "port_range_max": 22, "security_group_id": "aa62dde8-7cd6-490e-becf-9fa883261057", "port_range_min": 22}}
    Response - Headers: {'status': '201', 'content-length': '340', 'connection': 'close', 'date': 'Wed, 09 Dec 2015 17:51:10 GMT', 'content-type': 'application/json; charset=UTF-8', 'x-openstack-request-id': 'req-d8a59997-3634-44ba-96db-0524b099d5f0'}
        Body: {"security_group_rule": {"remote_group_id": null, "direction": "ingress", "remote_ip_prefix": null, "protocol": "tcp", "ethertype": "IPv4", "tenant_id": "9da8a841d30c45b28db3d8c8d7b65577", "port_range_max": 22, "port_range_min": 22, "id": "bda357cd-79b6-4114-8b23-52333a3d09b7", "security_group_id": "aa62dde8-7cd6-490e-becf-9fa883261057"}}
2015-12-09 17:51:10,258 32316 INFO     [tempest_lib.common.rest_client] Request (TestGettingAddress:setUp): 201 POST http://10.0.2.15:9696/v2.0/security-group-rules 0.115s
2015-12-09 17:51:10,259 32316 DEBUG    [tempest_lib.common.rest_client] Request - Headers: {'Content-Type': 'application/json', 'Accept': 'application/json', 'X-Auth-Token': '&lt;omitted&gt;'}
        Body: {"security_group_rule": {"direction": "egress", "protocol": "tcp", "tenant_id": "9da8a841d30c45b28db3d8c8d7b65577", "port_range_max": 22, "security_group_id": "aa62dde8-7cd6-490e-becf-9fa883261057", "port_range_min": 22}}
    Response - Headers: {'status': '201', 'content-length': '339', 'connection': 'close', 'date': 'Wed, 09 Dec 2015 17:51:10 GMT', 'content-type': 'application/json; charset=UTF-8', 'x-openstack-request-id': 'req-0e6a0164-784b-45e5-a201-ddf359e3f2d8'}
        Body: {"security_group_rule": {"remote_group_id": null, "direction": "egress", "remote_ip_prefix": null, "protocol": "tcp", "ethertype": "IPv4", "tenant_id": "9da8a841d30c45b28db3d8c8d7b65577", "port_range_max": 22, "port_range_min": 22, "id": "96b42827-bd23-40a5-9d0a-d9e70e4fe3f1", "security_group_id": "aa62dde8-7cd6-490e-becf-9fa883261057"}}
2015-12-09 17:51:10,366 32316 INFO     [tempest_lib.common.rest_client] Request (TestGettingAddress:setUp): 201 POST http://10.0.2.15:9696/v2.0/security-group-rules 0.105s
2015-12-09 17:51:10,366 32316 DEBUG    [tempest_lib.common.rest_client] Request - Headers: {'Content-Type': 'application/json', 'Accept': 'application/json', 'X-Auth-Token': '&lt;omitted&gt;'}
        Body: {"security_group_rule": {"tenant_id": "9da8a841d30c45b28db3d8c8d7b65577", "direction": "ingress", "protocol": "icmp", "security_group_id": "aa62dde8-7cd6-490e-becf-9fa883261057"}}
    Response - Headers: {'status': '201', 'content-length': '345', 'connection': 'close', 'date': 'Wed, 09 Dec 2015 17:51:10 GMT', 'content-type': 'application/json; charset=UTF-8', 'x-openstack-request-id': 'req-e84ded41-37ef-4b25-b1dc-056e9bff1894'}
        Body: {"security_group_rule": {"remote_group_id": null, "direction": "ingress", "remote_ip_prefix": null, "protocol": "icmp", "ethertype": "IPv4", "tenant_id": "9da8a841d30c45b28db3d8c8d7b65577", "port_range_max": null, "port_range_min": null, "id": "0b9c6362-4a37-4d1d-be57-af5e8628d517", "security_group_id": "aa62dde8-7cd6-490e-becf-9fa883261057"}}
2015-12-09 17:51:10,471 32316 INFO     [tempest_lib.common.rest_client] Request (TestGettingAddress:setUp): 201 POST http://10.0.2.15:9696/v2.0/security-group-rules 0.104s
2015-12-09 17:51:10,472 32316 DEBUG    [tempest_lib.common.rest_client] Request - Headers: {'Content-Type': 'application/json', 'Accept': 'application/json', 'X-Auth-Token': '&lt;omitted&gt;'}
        Body: {"security_group_rule": {"tenant_id": "9da8a841d30c45b28db3d8c8d7b65577", "direction": "egress", "protocol": "icmp", "security_group_id": "aa62dde8-7cd6-490e-becf-9fa883261057"}}
    Response - Headers: {'status': '201', 'content-length': '344', 'connection': 'close', 'date': 'Wed, 09 Dec 2015 17:51:10 GMT', 'content-type': 'application/json; charset=UTF-8', 'x-openstack-request-id': 'req-bdeb001b-bd5d-4285-a151-aef4e3f4d00d'}
        Body: {"security_group_rule": {"remote_group_id": null, "direction": "egress", "remote_ip_prefix": null, "protocol": "icmp", "ethertype": "IPv4", "tenant_id": "9da8a841d30c45b28db3d8c8d7b65577", "port_range_max": null, "port_range_min": null, "id": "7c4af4f2-6d06-481e-ba58-48e631866e99", "security_group_id": "aa62dde8-7cd6-490e-becf-9fa883261057"}}
2015-12-09 17:51:10,586 32316 INFO     [tempest_lib.common.rest_client] Request (TestGettingAddress:setUp): 201 POST http://10.0.2.15:9696/v2.0/security-group-rules 0.113s
2015-12-09 17:51:10,587 32316 DEBUG    [tempest_lib.common.rest_client] Request - Headers: {'Content-Type': 'application/json', 'Accept': 'application/json', 'X-Auth-Token': '&lt;omitted&gt;'}
        Body: {"security_group_rule": {"tenant_id": "9da8a841d30c45b28db3d8c8d7b65577", "direction": "ingress", "security_group_id": "aa62dde8-7cd6-490e-becf-9fa883261057", "protocol": "icmp", "ethertype": "IPv6"}}
    Response - Headers: {'status': '201', 'content-length': '345', 'connection': 'close', 'date': 'Wed, 09 Dec 2015 17:51:10 GMT', 'content-type': 'application/json; charset=UTF-8', 'x-openstack-request-id': 'req-dfa07297-1cee-4b42-84d4-8d5f5db62257'}
        Body: {"security_group_rule": {"remote_group_id": null, "direction": "ingress", "remote_ip_prefix": null, "protocol": "icmp", "ethertype": "IPv6", "tenant_id": "9da8a841d30c45b28db3d8c8d7b65577", "port_range_max": null, "port_range_min": null, "id": "05262d6e-eccb-483d-945d-607eea9a8e77", "security_group_id": "aa62dde8-7cd6-490e-becf-9fa883261057"}}
2015-12-09 17:51:10,680 32316 INFO     [tempest_lib.common.rest_client] Request (TestGettingAddress:setUp): 201 POST http://10.0.2.15:9696/v2.0/security-group-rules 0.093s
2015-12-09 17:51:10,681 32316 DEBUG    [tempest_lib.common.rest_client] Request - Headers: {'Content-Type': 'application/json', 'Accept': 'application/json', 'X-Auth-Token': '&lt;omitted&gt;'}
        Body: {"security_group_rule": {"tenant_id": "9da8a841d30c45b28db3d8c8d7b65577", "direction": "egress", "security_group_id": "aa62dde8-7cd6-490e-becf-9fa883261057", "protocol": "icmp", "ethertype": "IPv6"}}
    Response - Headers: {'status': '201', 'content-length': '344', 'connection': 'close', 'date': 'Wed, 09 Dec 2015 17:51:10 GMT', 'content-type': 'application/json; charset=UTF-8', 'x-openstack-request-id': 'req-ee6573fa-b5d3-46b8-a451-a0e9a7037f46'}
        Body: {"security_group_rule": {"remote_group_id": null, "direction": "egress", "remote_ip_prefix": null, "protocol": "icmp", "ethertype": "IPv6", "tenant_id": "9da8a841d30c45b28db3d8c8d7b65577", "port_range_max": null, "port_range_min": null, "id": "e1f199ea-c812-46c9-b734-3625651ad358", "security_group_id": "aa62dde8-7cd6-490e-becf-9fa883261057"}}
2015-12-09 17:51:10,812 32316 INFO     [tempest_lib.common.rest_client] Request (TestGettingAddress:test_dhcp6_stateless_from_os): 201 POST http://10.0.2.15:9696/v2.0/networks 0.129s
2015-12-09 17:51:10,813 32316 DEBUG    [tempest_lib.common.rest_client] Request - Headers: {'Content-Type': 'application/json', 'Accept': 'application/json', 'X-Auth-Token': '&lt;omitted&gt;'}
        Body: {"network": {"tenant_id": "9da8a841d30c45b28db3d8c8d7b65577", "name": "tempest-network-smoke--1572177246"}}
    Response - Headers: {'status': '201', 'content-length': '296', 'connection': 'close', 'date': 'Wed, 09 Dec 2015 17:51:10 GMT', 'content-type': 'application/json; charset=UTF-8', 'x-openstack-request-id': 'req-2c10c25a-1a90-4914-8ccb-7a23ff59e028'}
        Body: {"network": {"status": "ACTIVE", "subnets": [], "name": "tempest-network-smoke--1572177246", "admin_state_up": true, "tenant_id": "9da8a841d30c45b28db3d8c8d7b65577", "mtu": 0, "router:external": false, "shared": false, "port_security_enabled": true, "id": "ec3a76a6-0056-40d4-8126-ccce6a9202c3"}}
2015-12-09 17:51:10,982 32316 INFO     [tempest_lib.common.rest_client] Request (TestGettingAddress:test_dhcp6_stateless_from_os): 200 GET http://10.0.2.15:9696/v2.0/subnets?tenant_id=9da8a841d30c45b28db3d8c8d7b65577&amp;cidr=10.100.0.0%2F28 0.167s
2015-12-09 17:51:10,983 32316 DEBUG    [tempest_lib.common.rest_client] Request - Headers: {'Content-Type': 'application/json', 'Accept': 'application/json', 'X-Auth-Token': '&lt;omitted&gt;'}
        Body: None
    Response - Headers: {'status': '200', 'content-length': '15', 'content-location': 'http://10.0.2.15:9696/v2.0/subnets?tenant_id=9da8a841d30c45b28db3d8c8d7b65577&amp;cidr=10.100.0.0%2F28', 'connection': 'close', 'date': 'Wed, 09 Dec 2015 17:51:10 GMT', 'content-type': 'application/json; charset=UTF-8', 'x-openstack-request-id': 'req-b9ad11dc-7989-45c2-876b-0c04ebd51078'}
        Body: {"subnets": []}
2015-12-09 17:51:11,256 32316 INFO     [tempest_lib.common.rest_client] Request (TestGettingAddress:test_dhcp6_stateless_from_os): 201 POST http://10.0.2.15:9696/v2.0/subnets 0.271s
2015-12-09 17:51:11,257 32316 DEBUG    [tempest_lib.common.rest_client] Request - Headers: {'Content-Type': 'application/json', 'Accept': 'application/json', 'X-Auth-Token': '&lt;omitted&gt;'}
        Body: {"subnet": {"ip_version": 4, "tenant_id": "9da8a841d30c45b28db3d8c8d7b65577", "cidr": "10.100.0.0/28", "network_id": "ec3a76a6-0056-40d4-8126-ccce6a9202c3", "name": "tempest-sub4-529528793"}}
    Response - Headers: {'status': '201', 'content-length': '469', 'connection': 'close', 'date': 'Wed, 09 Dec 2015 17:51:11 GMT', 'content-type': 'application/json; charset=UTF-8', 'x-openstack-request-id': 'req-95bcf149-e555-4f3b-8615-22497cc66658'}
        Body: {"subnet": {"name": "tempest-sub4-529528793", "enable_dhcp": true, "network_id": "ec3a76a6-0056-40d4-8126-ccce6a9202c3", "tenant_id": "9da8a841d30c45b28db3d8c8d7b65577", "dns_nameservers": [], "gateway_ip": "10.100.0.1", "ipv6_ra_mode": null, "allocation_pools": [{"start": "10.100.0.2", "end": "10.100.0.14"}], "host_routes": [], "ip_version": 4, "ipv6_address_mode": null, "cidr": "10.100.0.0/28", "id": "f233101c-eda5-497b-a692-556a80e7848a", "subnetpool_id": null}}
2015-12-09 17:51:11,321 32316 INFO     [tempest_lib.common.rest_client] Request (TestGettingAddress:test_dhcp6_stateless_from_os): 201 POST http://10.0.2.15:9696/v2.0/routers 0.062s
2015-12-09 17:51:11,321 32316 DEBUG    [tempest_lib.common.rest_client] Request - Headers: {'Content-Type': 'application/json', 'Accept': 'application/json', 'X-Auth-Token': '&lt;omitted&gt;'}
        Body: {"router": {"tenant_id": "9da8a841d30c45b28db3d8c8d7b65577", "name": "tempest-router-smoke-575227775", "admin_state_up": true}}
    Response - Headers: {'status': '201', 'content-length': '238', 'connection': 'close', 'date': 'Wed, 09 Dec 2015 17:51:11 GMT', 'content-type': 'application/json; charset=UTF-8', 'x-openstack-request-id': 'req-f69317d0-4eeb-4f6b-8626-ddecf67b1b45'}
        Body: {"router": {"status": "ACTIVE", "external_gateway_info": null, "name": "tempest-router-smoke-575227775", "admin_state_up": true, "tenant_id": "9da8a841d30c45b28db3d8c8d7b65577", "routes": [], "id": "6ac58d20-fc56-4fda-8de9-55d1714b9c92"}}
2015-12-09 17:51:11,359 32316 INFO     [tempest_lib.common.rest_client] Request (TestGettingAddress:test_dhcp6_stateless_from_os): 200 GET http://10.0.2.15:9696/v2.0/routers/6ac58d20-fc56-4fda-8de9-55d1714b9c92 0.038s
2015-12-09 17:51:11,359 32316 DEBUG    [tempest_lib.common.rest_client] Request - Headers: {'Content-Type': 'application/json', 'Accept': 'application/json', 'X-Auth-Token': '&lt;omitted&gt;'}
        Body: None
    Response - Headers: {'status': '200', 'content-length': '238', 'content-location': 'http://10.0.2.15:9696/v2.0/routers/6ac58d20-fc56-4fda-8de9-55d1714b9c92', 'connection': 'close', 'date': 'Wed, 09 Dec 2015 17:51:11 GMT', 'content-type': 'application/json; charset=UTF-8', 'x-openstack-request-id': 'req-47ae913d-3119-4785-8434-4513e84c1095'}
        Body: {"router": {"status": "ACTIVE", "external_gateway_info": null, "name": "tempest-router-smoke-575227775", "admin_state_up": true, "tenant_id": "9da8a841d30c45b28db3d8c8d7b65577", "routes": [], "id": "6ac58d20-fc56-4fda-8de9-55d1714b9c92"}}
2015-12-09 17:51:11,913 32316 INFO     [tempest_lib.common.rest_client] Request (TestGettingAddress:test_dhcp6_stateless_from_os): 200 PUT http://10.0.2.15:9696/v2.0/routers/6ac58d20-fc56-4fda-8de9-55d1714b9c92 0.553s
2015-12-09 17:51:11,914 32316 DEBUG    [tempest_lib.common.rest_client] Request - Headers: {'Content-Type': 'application/json', 'Accept': 'application/json', 'X-Auth-Token': '&lt;omitted&gt;'}
        Body: {"router": {"external_gateway_info": {"network_id": "4f66619f-7566-43ae-a1a8-5dd3f64eaa96"}, "name": "tempest-router-smoke-575227775", "admin_state_up": true}}
    Response - Headers: {'status': '200', 'content-length': '500', 'connection': 'close', 'date': 'Wed, 09 Dec 2015 17:51:11 GMT', 'content-type': 'application/json; charset=UTF-8', 'x-openstack-request-id': 'req-af33f82c-414a-436f-8c71-42d4730adaa4'}
        Body: {"router": {"status": "ACTIVE", "external_gateway_info": {"network_id": "4f66619f-7566-43ae-a1a8-5dd3f64eaa96", "enable_snat": true, "external_fixed_ips": [{"subnet_id": "d37c6087-6436-403a-a900-eb53d1d23fd1", "ip_address": "172.24.4.3"}, {"subnet_id": "5f2bbfba-42c2-4e9d-8192-c1fbc5b2241a", "ip_address": "2001:db8::3"}]}, "name": "tempest-router-smoke-575227775", "admin_state_up": true, "tenant_id": "9da8a841d30c45b28db3d8c8d7b65577", "routes": [], "id": "6ac58d20-fc56-4fda-8de9-55d1714b9c92"}}
2015-12-09 17:51:12,435 32316 INFO     [tempest_lib.common.rest_client] Request (TestGettingAddress:test_dhcp6_stateless_from_os): 200 PUT http://10.0.2.15:9696/v2.0/routers/6ac58d20-fc56-4fda-8de9-55d1714b9c92/add_router_interface 0.520s
2015-12-09 17:51:12,436 32316 DEBUG    [tempest_lib.common.rest_client] Request - Headers: {'Content-Type': 'application/json', 'Accept': 'application/json', 'X-Auth-Token': '&lt;omitted&gt;'}
        Body: {"subnet_id": "f233101c-eda5-497b-a692-556a80e7848a"}
    Response - Headers: {'status': '200', 'content-length': '255', 'connection': 'close', 'date': 'Wed, 09 Dec 2015 17:51:12 GMT', 'content-type': 'application/json; charset=UTF-8', 'x-openstack-request-id': 'req-e5058da4-7d45-4435-9f1d-89476d83f2d1'}
        Body: {"subnet_id": "f233101c-eda5-497b-a692-556a80e7848a", "tenant_id": "9da8a841d30c45b28db3d8c8d7b65577", "subnet_ids": ["f233101c-eda5-497b-a692-556a80e7848a"], "port_id": "29960eda-0621-4737-b068-f5791105ddc4", "id": "6ac58d20-fc56-4fda-8de9-55d1714b9c92"}
2015-12-09 17:51:12,605 32316 INFO     [tempest_lib.common.rest_client] Request (TestGettingAddress:test_dhcp6_stateless_from_os): 200 GET http://10.0.2.15:9696/v2.0/subnets?tenant_id=9da8a841d30c45b28db3d8c8d7b65577&amp;cidr=2003%3A%3A%2F64 0.167s
2015-12-09 17:51:12,605 32316 DEBUG    [tempest_lib.common.rest_client] Request - Headers: {'Content-Type': 'application/json', 'Accept': 'application/json', 'X-Auth-Token': '&lt;omitted&gt;'}
        Body: None
    Response - Headers: {'status': '200', 'content-length': '15', 'content-location': 'http://10.0.2.15:9696/v2.0/subnets?tenant_id=9da8a841d30c45b28db3d8c8d7b65577&amp;cidr=2003%3A%3A%2F64', 'connection': 'close', 'date': 'Wed, 09 Dec 2015 17:51:12 GMT', 'content-type': 'application/json; charset=UTF-8', 'x-openstack-request-id': 'req-a3daedb8-541f-4f89-b1ac-bb934300af79'}
        Body: {"subnets": []}
2015-12-09 17:51:12,910 32316 INFO     [tempest_lib.common.rest_client] Request (TestGettingAddress:test_dhcp6_stateless_from_os): 201 POST http://10.0.2.15:9696/v2.0/subnets 0.304s
2015-12-09 17:51:12,910 32316 DEBUG    [tempest_lib.common.rest_client] Request - Headers: {'Content-Type': 'application/json', 'Accept': 'application/json', 'X-Auth-Token': '&lt;omitted&gt;'}
        Body: {"subnet": {"name": "tempest-sub6-796978475", "network_id": "ec3a76a6-0056-40d4-8126-ccce6a9202c3", "tenant_id": "9da8a841d30c45b28db3d8c8d7b65577", "ipv6_ra_mode": "dhcpv6-stateless", "ip_version": 6, "ipv6_address_mode": "dhcpv6-stateless", "cidr": "2003::/64"}}
    Response - Headers: {'status': '201', 'content-length': '501', 'connection': 'close', 'date': 'Wed, 09 Dec 2015 17:51:12 GMT', 'content-type': 'application/json; charset=UTF-8', 'x-openstack-request-id': 'req-2933b943-d5d7-4ff6-a920-285d290ee3b7'}
        Body: {"subnet": {"name": "tempest-sub6-796978475", "enable_dhcp": true, "network_id": "ec3a76a6-0056-40d4-8126-ccce6a9202c3", "tenant_id": "9da8a841d30c45b28db3d8c8d7b65577", "dns_nameservers": [], "gateway_ip": "2003::1", "ipv6_ra_mode": "dhcpv6-stateless", "allocation_pools": [{"start": "2003::2", "end": "2003::ffff:ffff:ffff:ffff"}], "host_routes": [], "ip_version": 6, "ipv6_address_mode": "dhcpv6-stateless", "cidr": "2003::/64", "id": "bb6c8380-a990-4ed9-9a00-25e33885ff2b", "subnetpool_id": null}}
2015-12-09 17:51:13,579 32316 INFO     [tempest_lib.common.rest_client] Request (TestGettingAddress:test_dhcp6_stateless_from_os): 200 PUT http://10.0.2.15:9696/v2.0/routers/6ac58d20-fc56-4fda-8de9-55d1714b9c92/add_router_interface 0.667s
2015-12-09 17:51:13,579 32316 DEBUG    [tempest_lib.common.rest_client] Request - Headers: {'Content-Type': 'application/json', 'Accept': 'application/json', 'X-Auth-Token': '&lt;omitted&gt;'}
        Body: {"subnet_id": "bb6c8380-a990-4ed9-9a00-25e33885ff2b"}
    Response - Headers: {'status': '200', 'content-length': '255', 'connection': 'close', 'date': 'Wed, 09 Dec 2015 17:51:13 GMT', 'content-type': 'application/json; charset=UTF-8', 'x-openstack-request-id': 'req-62310620-0a39-4078-befa-c52945ab34b3'}
        Body: {"subnet_id": "bb6c8380-a990-4ed9-9a00-25e33885ff2b", "tenant_id": "9da8a841d30c45b28db3d8c8d7b65577", "subnet_ids": ["bb6c8380-a990-4ed9-9a00-25e33885ff2b"], "port_id": "40c18c71-5a4b-40c1-be0e-0f65c58f1d15", "id": "6ac58d20-fc56-4fda-8de9-55d1714b9c92"}
2015-12-09 17:51:13,666 32316 INFO     [tempest_lib.common.rest_client] Request (TestGettingAddress:test_dhcp6_stateless_from_os): 200 POST http://10.0.2.15:5000/v2.0/tokens
2015-12-09 17:51:13,666 32316 DEBUG    [tempest_lib.common.rest_client] Request - Headers: {'Content-Type': 'application/json', 'Accept': 'application/json'}
        Body: &lt;omitted&gt;
    Response - Headers: {'status': '200', 'content-length': '2524', 'vary': 'X-Auth-Token', 'server': 'Apache/2.4.7 (Ubuntu)', 'connection': 'close', 'date': 'Wed, 09 Dec 2015 17:51:13 GMT', 'content-type': 'application/json', 'x-openstack-request-id': 'req-ea38e9cc-d135-47bd-aa65-f9eed4d24691'}
        Body: {"access": {"token": {"issued_at": "2015-12-09T17:51:13.654553", "expires": "2015-12-09T18:51:13Z", "id": "3fcd69d450164799b25e63a4cab7eb98", "tenant": {"description": "tempest-TestGettingAddress-215605652-desc", "enabled": true, "id": "9da8a841d30c45b28db3d8c8d7b65577", "name": "tempest-TestGettingAddress-215605652"}, "audit_ids": ["bHort6NqRfKMF4AXotISGA"]}, "serviceCatalog": [{"endpoints": [{"adminURL": "http://10.0.2.15:8774/v2.1/9da8a841d30c45b28db3d8c8d7b65577", "region": "RegionOne", "internalURL": "http://10.0.2.15:8774/v2.1/9da8a841d30c45b28db3d8c8d7b65577", "id": "15608ccb6a314f149ed0e9cfff46444c", "publicURL": "http://10.0.2.15:8774/v2.1/9da8a841d30c45b28db3d8c8d7b65577"}], "endpoints_links": [], "type": "compute", "name": "nova"}, {"endpoints": [{"adminURL": "http://10.0.2.15:9696/", "region": "RegionOne", "internalURL": "http://10.0.2.15:9696/", "id": "14e153588d124374b9f4f77e13c0390f", "publicURL": "http://10.0.2.15:9696/"}], "endpoints_links": [], "type": "network", "name": "neutron"}, {"endpoints": [{"adminURL": "http://10.0.2.15:9292", "region": "RegionOne", "internalURL": "http://10.0.2.15:9292", "id": "693049d757114a75a02aae65ceb5c3d0", "publicURL": "http://10.0.2.15:9292"}], "endpoints_links": [], "type": "image", "name": "glance"}, {"endpoints": [{"adminURL": "http://10.0.2.15:8774/v2/9da8a841d30c45b28db3d8c8d7b65577", "region": "RegionOne", "internalURL": "http://10.0.2.15:8774/v2/9da8a841d30c45b28db3d8c8d7b65577", "id": "376d098c28cb4c6fb6180cd4cfa1e9fc", "publicURL": "http://10.0.2.15:8774/v2/9da8a841d30c45b28db3d8c8d7b65577"}], "endpoints_links": [], "type": "compute_legacy", "name": "nova_legacy"}, {"endpoints": [{"adminURL": "http://10.0.2.15:8773/", "region": "RegionOne", "internalURL": "http://10.0.2.15:8773/", "id": "80ccbad08d4d4785ad1e76374308f235", "publicURL": "http://10.0.2.15:8773/"}], "endpoints_links": [], "type": "ec2", "name": "ec2"}, {"endpoints": [{"adminURL": "http://10.0.2.15:35357/v2.0", "region": "RegionOne", "internalURL": "http://10.0.2.15:5000/v2.0", "id": "6b012e9a2b044c28aee088b724c3fc10", "publicURL": "http://10.0.2.15:5000/v2.0"}], "endpoints_links": [], "type": "identity", "name": "keystone"}], "user": {"username": "tempest-TestGettingAddress-1174731624", "roles_links": [], "id": "330f424c48a54f44bf1b2fe7ecbcb468", "roles": [{"name": "_member_"}, {"name": "Member"}], "name": "tempest-TestGettingAddress-1174731624"}, "metadata": {"is_admin": 0, "roles": ["9fe2ff9ee4384b1894a90878d3e92bab", "d21bfafc19a943e2a7052d91a59f8e32"]}}}
2015-12-09 17:51:13,673 32316 DEBUG    [tempest.common.fixed_network] (TestGettingAddress:test_dhcp6_stateless_from_os) No valid network provided or created, defaulting to fixed_network_name
2015-12-09 17:51:14,011 32316 INFO     [tempest_lib.common.rest_client] Request (TestGettingAddress:test_dhcp6_stateless_from_os): 200 GET http://10.0.2.15:8774/v2.1/9da8a841d30c45b28db3d8c8d7b65577/os-networks 0.336s
2015-12-09 17:51:14,011 32316 DEBUG    [tempest_lib.common.rest_client] Request - Headers: {'Content-Type': 'application/json', 'Accept': 'application/json', 'X-Auth-Token': '&lt;omitted&gt;'}
        Body: None
    Response - Headers: {'status': '200', 'content-length': '479', 'content-location': 'http://10.0.2.15:8774/v2.1/9da8a841d30c45b28db3d8c8d7b65577/os-networks', 'x-compute-request-id': 'req-851e67c8-b76f-4763-9aad-46b3b5037ecb', 'vary': 'X-OpenStack-Nova-API-Version', 'connection': 'close', 'x-openstack-nova-api-version': '2.1', 'date': 'Wed, 09 Dec 2015 17:51:14 GMT', 'content-type': 'application/json'}
        Body: {"networks": [{"cidr_v6": null, "dns2": null, "dns1": null, "gateway": null, "broadcast": null, "netmask": null, "gateway_v6": null, "cidr": null, "label": "public", "id": "4f66619f-7566-43ae-a1a8-5dd3f64eaa96", "netmask_v6": null}, {"cidr_v6": null, "dns2": null, "dns1": null, "gateway": null, "broadcast": null, "netmask": null, "gateway_v6": null, "cidr": null, "label": "tempest-network-smoke--1572177246", "id": "ec3a76a6-0056-40d4-8126-ccce6a9202c3", "netmask_v6": null}]}
2015-12-09 17:51:14,012 32316 WARNING  [tempest.common.fixed_network] (TestGettingAddress:test_dhcp6_stateless_from_os) Network with name: private not found
2015-12-09 17:51:14,012 32316 INFO     [tempest.common.fixed_network] (TestGettingAddress:test_dhcp6_stateless_from_os) Found network {} available for tenant
2015-12-09 17:51:15,323 32316 INFO     [tempest_lib.common.rest_client] Request (TestGettingAddress:test_dhcp6_stateless_from_os): 202 POST http://10.0.2.15:8774/v2.1/9da8a841d30c45b28db3d8c8d7b65577/servers 1.310s
2015-12-09 17:51:15,323 32316 DEBUG    [tempest_lib.common.rest_client] Request - Headers: {'Content-Type': 'application/json', 'Accept': 'application/json', 'X-Auth-Token': '&lt;omitted&gt;'}
        Body: {"server": {"name": "tempest.common.compute-instance-299979866", "imageRef": "6cfd4c4a-9590-4781-aa20-642c57f90754", "key_name": "tempest-TestGettingAddress-77437889", "flavorRef": "42", "networks": [{"uuid": "ec3a76a6-0056-40d4-8126-ccce6a9202c3"}], "security_groups": [{"name": "tempest-secgroup-smoke-690895758"}]}}
    Response - Headers: {'status': '202', 'content-length': '461', 'x-compute-request-id': 'req-cf34865e-5752-4c6c-8e06-f5fdd31e9abd', 'vary': 'X-OpenStack-Nova-API-Version', 'connection': 'close', 'location': 'http://10.0.2.15:8774/v2.1/9da8a841d30c45b28db3d8c8d7b65577/servers/8b36d42b-04f3-4349-8369-137e5b36e8a6', 'x-openstack-nova-api-version': '2.1', 'date': 'Wed, 09 Dec 2015 17:51:15 GMT', 'content-type': 'application/json'}
        Body: {"server": {"security_groups": [{"name": "tempest-secgroup-smoke-690895758"}], "OS-DCF:diskConfig": "MANUAL", "id": "8b36d42b-04f3-4349-8369-137e5b36e8a6", "links": [{"href": "http://10.0.2.15:8774/v2.1/9da8a841d30c45b28db3d8c8d7b65577/servers/8b36d42b-04f3-4349-8369-137e5b36e8a6", "rel": "self"}, {"href": "http://10.0.2.15:8774/9da8a841d30c45b28db3d8c8d7b65577/servers/8b36d42b-04f3-4349-8369-137e5b36e8a6", "rel": "bookmark"}], "adminPass": "2aRf3M7xbhf7"}}
2015-12-09 17:51:15,478 32316 INFO     [tempest_lib.common.rest_client] Request (TestGettingAddress:test_dhcp6_stateless_from_os): 200 GET http://10.0.2.15:8774/v2.1/9da8a841d30c45b28db3d8c8d7b65577/servers/8b36d42b-04f3-4349-8369-137e5b36e8a6 0.151s
2015-12-09 17:51:15,478 32316 DEBUG    [tempest_lib.common.rest_client] Request - Headers: {'Content-Type': 'application/json', 'Accept': 'application/json', 'X-Auth-Token': '&lt;omitted&gt;'}
        Body: None
    Response - Headers: {'status': '200', 'content-length': '1352', 'content-location': 'http://10.0.2.15:8774/v2.1/9da8a841d30c45b28db3d8c8d7b65577/servers/8b36d42b-04f3-4349-8369-137e5b36e8a6', 'x-compute-request-id': 'req-848b0955-cfc7-4650-b3ce-362feb9c50b7', 'vary': 'X-OpenStack-Nova-API-Version', 'connection': 'close', 'x-openstack-nova-api-version': '2.1', 'date': 'Wed, 09 Dec 2015 17:51:15 GMT', 'content-type': 'application/json'}
        Body: {"server": {"status": "BUILD", "updated": "2015-12-09T17:51:15Z", "hostId": "", "addresses": {}, "links": [{"href": "http://10.0.2.15:8774/v2.1/9da8a841d30c45b28db3d8c8d7b65577/servers/8b36d42b-04f3-4349-8369-137e5b36e8a6", "rel": "self"}, {"href": "http://10.0.2.15:8774/9da8a841d30c45b28db3d8c8d7b65577/servers/8b36d42b-04f3-4349-8369-137e5b36e8a6", "rel": "bookmark"}], "key_name": "tempest-TestGettingAddress-77437889", "image": {"id": "6cfd4c4a-9590-4781-aa20-642c57f90754", "links": [{"href": "http://10.0.2.15:8774/9da8a841d30c45b28db3d8c8d7b65577/images/6cfd4c4a-9590-4781-aa20-642c57f90754", "rel": "bookmark"}]}, "OS-EXT-STS:task_state": "scheduling", "OS-EXT-STS:vm_state": "building", "OS-SRV-USG:launched_at": null, "flavor": {"id": "42", "links": [{"href": "http://10.0.2.15:8774/9da8a841d30c45b28db3d8c8d7b65577/flavors/42", "rel": "bookmark"}]}, "id": "8b36d42b-04f3-4349-8369-137e5b36e8a6", "OS-SRV-USG:terminated_at": null, "OS-EXT-AZ:availability_zone": "", "user_id": "330f424c48a54f44bf1b2fe7ecbcb468", "name": "tempest.common.compute-instance-299979866", "created": "2015-12-09T17:51:15Z", "tenant_id": "9da8a841d30c45b28db3d8c8d7b65577", "OS-DCF:diskConfig": "MANUAL", "os-extended-volumes:volumes_attached": [], "accessIPv4": "", "accessIPv6": "", "progress": 0, "OS-EXT-STS:power_state": 0, "config_drive": "", "metadata": {}}}
2015-12-09 17:51:16,867 32316 INFO     [tempest_lib.common.rest_client] Request (TestGettingAddress:test_dhcp6_stateless_from_os): 200 GET http://10.0.2.15:8774/v2.1/9da8a841d30c45b28db3d8c8d7b65577/servers/8b36d42b-04f3-4349-8369-137e5b36e8a6 0.378s
2015-12-09 17:51:16,868 32316 DEBUG    [tempest_lib.common.rest_client] Request - Headers: {'Content-Type': 'application/json', 'Accept': 'application/json', 'X-Auth-Token': '&lt;omitted&gt;'}
        Body: None
    Response - Headers: {'status': '200', 'content-length': '1477', 'content-location': 'http://10.0.2.15:8774/v2.1/9da8a841d30c45b28db3d8c8d7b65577/servers/8b36d42b-04f3-4349-8369-137e5b36e8a6', 'x-compute-request-id': 'req-724fd592-4e70-4da2-8e7a-4a1180f31c1c', 'vary': 'X-OpenStack-Nova-API-Version', 'connection': 'close', 'x-openstack-nova-api-version': '2.1', 'date': 'Wed, 09 Dec 2015 17:51:16 GMT', 'content-type': 'application/json'}
        Body: {"server": {"status": "BUILD", "updated": "2015-12-09T17:51:16Z", "hostId": "795852552f53352e6edf44543a26799b68585b3199f38930c88a5cf1", "addresses": {}, "links": [{"href": "http://10.0.2.15:8774/v2.1/9da8a841d30c45b28db3d8c8d7b65577/servers/8b36d42b-04f3-4349-8369-137e5b36e8a6", "rel": "self"}, {"href": "http://10.0.2.15:8774/9da8a841d30c45b28db3d8c8d7b65577/servers/8b36d42b-04f3-4349-8369-137e5b36e8a6", "rel": "bookmark"}], "key_name": "tempest-TestGettingAddress-77437889", "image": {"id": "6cfd4c4a-9590-4781-aa20-642c57f90754", "links": [{"href": "http://10.0.2.15:8774/9da8a841d30c45b28db3d8c8d7b65577/images/6cfd4c4a-9590-4781-aa20-642c57f90754", "rel": "bookmark"}]}, "OS-EXT-STS:task_state": "spawning", "OS-EXT-STS:vm_state": "building", "OS-SRV-USG:launched_at": null, "flavor": {"id": "42", "links": [{"href": "http://10.0.2.15:8774/9da8a841d30c45b28db3d8c8d7b65577/flavors/42", "rel": "bookmark"}]}, "id": "8b36d42b-04f3-4349-8369-137e5b36e8a6", "security_groups": [{"name": "tempest-secgroup-smoke-690895758"}], "OS-SRV-USG:terminated_at": null, "OS-EXT-AZ:availability_zone": "nova", "user_id": "330f424c48a54f44bf1b2fe7ecbcb468", "name": "tempest.common.compute-instance-299979866", "created": "2015-12-09T17:51:15Z", "tenant_id": "9da8a841d30c45b28db3d8c8d7b65577", "OS-DCF:diskConfig": "MANUAL", "os-extended-volumes:volumes_attached": [], "accessIPv4": "", "accessIPv6": "", "progress": 0, "OS-EXT-STS:power_state": 0, "config_drive": "", "metadata": {}}}
2015-12-09 17:51:16,877 32316 INFO     [tempest.common.waiters] State transition "BUILD/scheduling" ==&gt; "BUILD/spawning" after 1 second wait
2015-12-09 17:51:18,252 32316 INFO     [tempest_lib.common.rest_client] Request (TestGettingAddress:test_dhcp6_stateless_from_os): 200 GET http://10.0.2.15:8774/v2.1/9da8a841d30c45b28db3d8c8d7b65577/servers/8b36d42b-04f3-4349-8369-137e5b36e8a6 0.374s
2015-12-09 17:51:18,253 32316 DEBUG    [tempest_lib.common.rest_client] Request - Headers: {'Content-Type': 'application/json', 'Accept': 'application/json', 'X-Auth-Token': '&lt;omitted&gt;'}
        Body: None
    Response - Headers: {'status': '200', 'content-length': '1477', 'content-location': 'http://10.0.2.15:8774/v2.1/9da8a841d30c45b28db3d8c8d7b65577/servers/8b36d42b-04f3-4349-8369-137e5b36e8a6', 'x-compute-request-id': 'req-c2cf0bc2-4f76-4d43-a776-3c28a0238851', 'vary': 'X-OpenStack-Nova-API-Version', 'connection': 'close', 'x-openstack-nova-api-version': '2.1', 'date': 'Wed, 09 Dec 2015 17:51:18 GMT', 'content-type': 'application/json'}
        Body: {"server": {"status": "BUILD", "updated": "2015-12-09T17:51:16Z", "hostId": "795852552f53352e6edf44543a26799b68585b3199f38930c88a5cf1", "addresses": {}, "links": [{"href": "http://10.0.2.15:8774/v2.1/9da8a841d30c45b28db3d8c8d7b65577/servers/8b36d42b-04f3-4349-8369-137e5b36e8a6", "rel": "self"}, {"href": "http://10.0.2.15:8774/9da8a841d30c45b28db3d8c8d7b65577/servers/8b36d42b-04f3-4349-8369-137e5b36e8a6", "rel": "bookmark"}], "key_name": "tempest-TestGettingAddress-77437889", "image": {"id": "6cfd4c4a-9590-4781-aa20-642c57f90754", "links": [{"href": "http://10.0.2.15:8774/9da8a841d30c45b28db3d8c8d7b65577/images/6cfd4c4a-9590-4781-aa20-642c57f90754", "rel": "bookmark"}]}, "OS-EXT-STS:task_state": "spawning", "OS-EXT-STS:vm_state": "building", "OS-SRV-USG:launched_at": null, "flavor": {"id": "42", "links": [{"href": "http://10.0.2.15:8774/9da8a841d30c45b28db3d8c8d7b65577/flavors/42", "rel": "bookmark"}]}, "id": "8b36d42b-04f3-4349-8369-137e5b36e8a6", "security_groups": [{"name": "tempest-secgroup-smoke-690895758"}], "OS-SRV-USG:terminated_at": null, "OS-EXT-AZ:availability_zone": "nova", "user_id": "330f424c48a54f44bf1b2fe7ecbcb468", "name": "tempest.common.compute-instance-299979866", "created": "2015-12-09T17:51:15Z", "tenant_id": "9da8a841d30c45b28db3d8c8d7b65577", "OS-DCF:diskConfig": "MANUAL", "os-extended-volumes:volumes_attached": [], "accessIPv4": "", "accessIPv6": "", "progress": 0, "OS-EXT-STS:power_state": 0, "config_drive": "", "metadata": {}}}
2015-12-09 17:51:19,454 32316 INFO     [tempest_lib.common.rest_client] Request (TestGettingAddress:test_dhcp6_stateless_from_os): 200 GET http://10.0.2.15:8774/v2.1/9da8a841d30c45b28db3d8c8d7b65577/servers/8b36d42b-04f3-4349-8369-137e5b36e8a6 0.188s
2015-12-09 17:51:19,455 32316 DEBUG    [tempest_lib.common.rest_client] Request - Headers: {'Content-Type': 'application/json', 'Accept': 'application/json', 'X-Auth-Token': '&lt;omitted&gt;'}
        Body: None
    Response - Headers: {'status': '200', 'content-length': '1778', 'content-location': 'http://10.0.2.15:8774/v2.1/9da8a841d30c45b28db3d8c8d7b65577/servers/8b36d42b-04f3-4349-8369-137e5b36e8a6', 'x-compute-request-id': 'req-d90e87aa-5bc3-4902-b021-3c59012e3794', 'vary': 'X-OpenStack-Nova-API-Version', 'connection': 'close', 'x-openstack-nova-api-version': '2.1', 'date': 'Wed, 09 Dec 2015 17:51:19 GMT', 'content-type': 'application/json'}
        Body: {"server": {"status": "ACTIVE", "updated": "2015-12-09T17:51:18Z", "hostId": "795852552f53352e6edf44543a26799b68585b3199f38930c88a5cf1", "addresses": {"tempest-network-smoke--1572177246": [{"OS-EXT-IPS-MAC:mac_addr": "fa:16:3e:90:78:ef", "version": 4, "addr": "10.100.0.3", "OS-EXT-IPS:type": "fixed"}, {"OS-EXT-IPS-MAC:mac_addr": "fa:16:3e:90:78:ef", "version": 6, "addr": "2003::f816:3eff:fe90:78ef", "OS-EXT-IPS:type": "fixed"}]}, "links": [{"href": "http://10.0.2.15:8774/v2.1/9da8a841d30c45b28db3d8c8d7b65577/servers/8b36d42b-04f3-4349-8369-137e5b36e8a6", "rel": "self"}, {"href": "http://10.0.2.15:8774/9da8a841d30c45b28db3d8c8d7b65577/servers/8b36d42b-04f3-4349-8369-137e5b36e8a6", "rel": "bookmark"}], "key_name": "tempest-TestGettingAddress-77437889", "image": {"id": "6cfd4c4a-9590-4781-aa20-642c57f90754", "links": [{"href": "http://10.0.2.15:8774/9da8a841d30c45b28db3d8c8d7b65577/images/6cfd4c4a-9590-4781-aa20-642c57f90754", "rel": "bookmark"}]}, "OS-EXT-STS:task_state": null, "OS-EXT-STS:vm_state": "active", "OS-SRV-USG:launched_at": "2015-12-09T17:51:18.000000", "flavor": {"id": "42", "links": [{"href": "http://10.0.2.15:8774/9da8a841d30c45b28db3d8c8d7b65577/flavors/42", "rel": "bookmark"}]}, "id": "8b36d42b-04f3-4349-8369-137e5b36e8a6", "security_groups": [{"name": "tempest-secgroup-smoke-690895758"}], "OS-SRV-USG:terminated_at": null, "OS-EXT-AZ:availability_zone": "nova", "user_id": "330f424c48a54f44bf1b2fe7ecbcb468", "name": "tempest.common.compute-instance-299979866", "created": "2015-12-09T17:51:15Z", "tenant_id": "9da8a841d30c45b28db3d8c8d7b65577", "OS-DCF:diskConfig": "MANUAL", "os-extended-volumes:volumes_attached": [], "accessIPv4": "", "accessIPv6": "", "progress": 0, "OS-EXT-STS:power_state": 1, "config_drive": "True", "metadata": {}}}
2015-12-09 17:51:19,463 32316 INFO     [tempest.common.waiters] State transition "BUILD/spawning" ==&gt; "ACTIVE/None" after 4 second wait
2015-12-09 17:51:19,711 32316 INFO     [tempest_lib.common.rest_client] Request (TestGettingAddress:test_dhcp6_stateless_from_os): 200 GET http://10.0.2.15:8774/v2.1/9da8a841d30c45b28db3d8c8d7b65577/servers/8b36d42b-04f3-4349-8369-137e5b36e8a6 0.247s
2015-12-09 17:51:19,711 32316 DEBUG    [tempest_lib.common.rest_client] Request - Headers: {'Content-Type': 'application/json', 'Accept': 'application/json', 'X-Auth-Token': '&lt;omitted&gt;'}
        Body: None
    Response - Headers: {'status': '200', 'content-length': '1778', 'content-location': 'http://10.0.2.15:8774/v2.1/9da8a841d30c45b28db3d8c8d7b65577/servers/8b36d42b-04f3-4349-8369-137e5b36e8a6', 'x-compute-request-id': 'req-7a2108cf-03f9-4fb8-9184-c7df70516732', 'vary': 'X-OpenStack-Nova-API-Version', 'connection': 'close', 'x-openstack-nova-api-version': '2.1', 'date': 'Wed, 09 Dec 2015 17:51:19 GMT', 'content-type': 'application/json'}
        Body: {"server": {"status": "ACTIVE", "updated": "2015-12-09T17:51:18Z", "hostId": "795852552f53352e6edf44543a26799b68585b3199f38930c88a5cf1", "addresses": {"tempest-network-smoke--1572177246": [{"OS-EXT-IPS-MAC:mac_addr": "fa:16:3e:90:78:ef", "version": 4, "addr": "10.100.0.3", "OS-EXT-IPS:type": "fixed"}, {"OS-EXT-IPS-MAC:mac_addr": "fa:16:3e:90:78:ef", "version": 6, "addr": "2003::f816:3eff:fe90:78ef", "OS-EXT-IPS:type": "fixed"}]}, "links": [{"href": "http://10.0.2.15:8774/v2.1/9da8a841d30c45b28db3d8c8d7b65577/servers/8b36d42b-04f3-4349-8369-137e5b36e8a6", "rel": "self"}, {"href": "http://10.0.2.15:8774/9da8a841d30c45b28db3d8c8d7b65577/servers/8b36d42b-04f3-4349-8369-137e5b36e8a6", "rel": "bookmark"}], "key_name": "tempest-TestGettingAddress-77437889", "image": {"id": "6cfd4c4a-9590-4781-aa20-642c57f90754", "links": [{"href": "http://10.0.2.15:8774/9da8a841d30c45b28db3d8c8d7b65577/images/6cfd4c4a-9590-4781-aa20-642c57f90754", "rel": "bookmark"}]}, "OS-EXT-STS:task_state": null, "OS-EXT-STS:vm_state": "active", "OS-SRV-USG:launched_at": "2015-12-09T17:51:18.000000", "flavor": {"id": "42", "links": [{"href": "http://10.0.2.15:8774/9da8a841d30c45b28db3d8c8d7b65577/flavors/42", "rel": "bookmark"}]}, "id": "8b36d42b-04f3-4349-8369-137e5b36e8a6", "security_groups": [{"name": "tempest-secgroup-smoke-690895758"}], "OS-SRV-USG:terminated_at": null, "OS-EXT-AZ:availability_zone": "nova", "user_id": "330f424c48a54f44bf1b2fe7ecbcb468", "name": "tempest.common.compute-instance-299979866", "created": "2015-12-09T17:51:15Z", "tenant_id": "9da8a841d30c45b28db3d8c8d7b65577", "OS-DCF:diskConfig": "MANUAL", "os-extended-volumes:volumes_attached": [], "accessIPv4": "", "accessIPv6": "", "progress": 0, "OS-EXT-STS:power_state": 1, "config_drive": "True", "metadata": {}}}
2015-12-09 17:51:19,757 32316 INFO     [tempest_lib.common.rest_client] Request (TestGettingAddress:test_dhcp6_stateless_from_os): 200 GET http://10.0.2.15:9696/v2.0/ports?status=ACTIVE&amp;fixed_ip=None&amp;device_id=8b36d42b-04f3-4349-8369-137e5b36e8a6 0.035s
2015-12-09 17:51:19,757 32316 DEBUG    [tempest_lib.common.rest_client] Request - Headers: {'Content-Type': 'application/json', 'Accept': 'application/json', 'X-Auth-Token': '&lt;omitted&gt;'}
        Body: None
    Response - Headers: {'status': '200', 'content-length': '1142', 'content-location': 'http://10.0.2.15:9696/v2.0/ports?status=ACTIVE&amp;fixed_ip=None&amp;device_id=8b36d42b-04f3-4349-8369-137e5b36e8a6', 'connection': 'close', 'date': 'Wed, 09 Dec 2015 17:51:19 GMT', 'content-type': 'application/json; charset=UTF-8', 'x-openstack-request-id': 'req-970449a7-23a6-430f-a331-3aa061a11c09'}
        Body: {"ports": [{"status": "ACTIVE", "binding:host_id": "vagrant-ubuntu-trusty-64", "allowed_address_pairs": [], "extra_dhcp_opts": [], "dns_assignment": [{"hostname": "host-10-100-0-3", "ip_address": "10.100.0.3", "fqdn": "host-10-100-0-3.openstacklocal."}, {"hostname": "host-2003--f816-3eff-fe90-78ef", "ip_address": "2003::f816:3eff:fe90:78ef", "fqdn": "host-2003--f816-3eff-fe90-78ef.openstacklocal."}], "device_owner": "compute:None", "port_security_enabled": true, "binding:profile": {}, "fixed_ips": [{"subnet_id": "f233101c-eda5-497b-a692-556a80e7848a", "ip_address": "10.100.0.3"}, {"subnet_id": "bb6c8380-a990-4ed9-9a00-25e33885ff2b", "ip_address": "2003::f816:3eff:fe90:78ef"}], "id": "77b8b52a-79d1-4a89-9e5f-c40ddbac6c8b", "security_groups": ["aa62dde8-7cd6-490e-becf-9fa883261057"], "device_id": "8b36d42b-04f3-4349-8369-137e5b36e8a6", "name": "", "admin_state_up": true, "network_id": "ec3a76a6-0056-40d4-8126-ccce6a9202c3", "dns_name": "", "binding:vif_details": {"port_filter": true}, "binding:vnic_type": "normal", "binding:vif_type": "ovs", "tenant_id": "9da8a841d30c45b28db3d8c8d7b65577", "mac_address": "fa:16:3e:90:78:ef"}]}
2015-12-09 17:51:20,247 32316 INFO     [tempest_lib.common.rest_client] Request (TestGettingAddress:test_dhcp6_stateless_from_os): 201 POST http://10.0.2.15:9696/v2.0/floatingips 0.488s
2015-12-09 17:51:20,247 32316 DEBUG    [tempest_lib.common.rest_client] Request - Headers: {'Content-Type': 'application/json', 'Accept': 'application/json', 'X-Auth-Token': '&lt;omitted&gt;'}
        Body: {"floatingip": {"floating_network_id": "4f66619f-7566-43ae-a1a8-5dd3f64eaa96", "tenant_id": "9da8a841d30c45b28db3d8c8d7b65577", "fixed_ip_address": "10.100.0.3", "port_id": "77b8b52a-79d1-4a89-9e5f-c40ddbac6c8b"}}
    Response - Headers: {'status': '201', 'content-length': '367', 'connection': 'close', 'date': 'Wed, 09 Dec 2015 17:51:20 GMT', 'content-type': 'application/json; charset=UTF-8', 'x-openstack-request-id': 'req-0c03435e-d36d-4d8e-b6f7-be5f1638ee44'}
        Body: {"floatingip": {"floating_network_id": "4f66619f-7566-43ae-a1a8-5dd3f64eaa96", "router_id": "6ac58d20-fc56-4fda-8de9-55d1714b9c92", "fixed_ip_address": "10.100.0.3", "floating_ip_address": "172.24.4.4", "tenant_id": "9da8a841d30c45b28db3d8c8d7b65577", "status": "DOWN", "port_id": "77b8b52a-79d1-4a89-9e5f-c40ddbac6c8b", "id": "fc3a8c58-d49f-4c03-9dcb-653eba8011b3"}}
2015-12-09 17:51:20,248 32316 INFO     [tempest_lib.common.ssh] Creating ssh connection to '172.24.4.4' as 'cirros' with public key authentication
2015-12-09 17:51:23,983 32316 WARNING  [tempest_lib.common.ssh] Failed to establish authenticated ssh connection to cirros@172.24.4.4 ([Errno None] Unable to connect to port 22 on  or 172.24.4.4). Number attempts: 1. Retry after 2 seconds.
2015-12-09 17:51:29,486 32316 WARNING  [tempest_lib.common.ssh] Failed to establish authenticated ssh connection to cirros@172.24.4.4 ([Errno None] Unable to connect to port 22 on  or 172.24.4.4). Number attempts: 2. Retry after 3 seconds.
2015-12-09 17:51:35,991 32316 WARNING  [tempest_lib.common.ssh] Failed to establish authenticated ssh connection to cirros@172.24.4.4 ([Errno None] Unable to connect to port 22 on  or 172.24.4.4). Number attempts: 3. Retry after 4 seconds.
2015-12-09 17:51:43,495 32316 WARNING  [tempest_lib.common.ssh] Failed to establish authenticated ssh connection to cirros@172.24.4.4 ([Errno None] Unable to connect to port 22 on  or 172.24.4.4). Number attempts: 4. Retry after 5 seconds.
2015-12-09 17:51:52,003 32316 WARNING  [tempest_lib.common.ssh] Failed to establish authenticated ssh connection to cirros@172.24.4.4 ([Errno None] Unable to connect to port 22 on  or 172.24.4.4). Number attempts: 5. Retry after 6 seconds.
2015-12-09 17:52:01,507 32316 WARNING  [tempest_lib.common.ssh] Failed to establish authenticated ssh connection to cirros@172.24.4.4 ([Errno None] Unable to connect to port 22 on  or 172.24.4.4). Number attempts: 6. Retry after 7 seconds.
2015-12-09 17:52:12,015 32316 WARNING  [tempest_lib.common.ssh] Failed to establish authenticated ssh connection to cirros@172.24.4.4 ([Errno None] Unable to connect to port 22 on  or 172.24.4.4). Number attempts: 7. Retry after 8 seconds.
2015-12-09 17:52:23,523 32316 WARNING  [tempest_lib.common.ssh] Failed to establish authenticated ssh connection to cirros@172.24.4.4 ([Errno None] Unable to connect to port 22 on  or 172.24.4.4). Number attempts: 8. Retry after 9 seconds.
2015-12-09 17:52:36,028 32316 WARNING  [tempest_lib.common.ssh] Failed to establish authenticated ssh connection to cirros@172.24.4.4 ([Errno None] Unable to connect to port 22 on  or 172.24.4.4). Number attempts: 9. Retry after 10 seconds.
2015-12-09 17:52:49,539 32316 WARNING  [tempest_lib.common.ssh] Failed to establish authenticated ssh connection to cirros@172.24.4.4 ([Errno None] Unable to connect to port 22 on  or 172.24.4.4). Number attempts: 10. Retry after 11 seconds.
2015-12-09 17:53:04,039 32316 WARNING  [tempest_lib.common.ssh] Failed to establish authenticated ssh connection to cirros@172.24.4.4 ([Errno None] Unable to connect to port 22 on  or 172.24.4.4). Number attempts: 11. Retry after 12 seconds.
2015-12-09 17:53:19,551 32316 WARNING  [tempest_lib.common.ssh] Failed to establish authenticated ssh connection to cirros@172.24.4.4 ([Errno None] Unable to connect to port 22 on  or 172.24.4.4). Number attempts: 12. Retry after 13 seconds.
2015-12-09 17:53:36,063 32316 WARNING  [tempest_lib.common.ssh] Failed to establish authenticated ssh connection to cirros@172.24.4.4 ([Errno None] Unable to connect to port 22 on  or 172.24.4.4). Number attempts: 13. Retry after 14 seconds.
2015-12-09 17:53:53,574 32316 WARNING  [tempest_lib.common.ssh] Failed to establish authenticated ssh connection to cirros@172.24.4.4 ([Errno None] Unable to connect to port 22 on  or 172.24.4.4). Number attempts: 14. Retry after 15 seconds.
2015-12-09 17:54:12,081 32316 WARNING  [tempest_lib.common.ssh] Failed to establish authenticated ssh connection to cirros@172.24.4.4 ([Errno None] Unable to connect to port 22 on  or 172.24.4.4). Number attempts: 15. Retry after 16 seconds.
2015-12-09 17:54:31,599 32316 WARNING  [tempest_lib.common.ssh] Failed to establish authenticated ssh connection to cirros@172.24.4.4 ([Errno None] Unable to connect to port 22 on  or 172.24.4.4). Number attempts: 16. Retry after 17 seconds.
2015-12-09 17:54:52,111 32316 ERROR    [tempest_lib.common.ssh] Failed to establish authenticated ssh connection to cirros@172.24.4.4 after 16 attempts
2015-12-09 17:54:52.111 32316 ERROR tempest_lib.common.ssh Traceback (most recent call last):
2015-12-09 17:54:52.111 32316 ERROR tempest_lib.common.ssh   File "/usr/local/lib/python2.7/dist-packages/tempest_lib/common/ssh.py", line 75, in _get_ssh_connection
2015-12-09 17:54:52.111 32316 ERROR tempest_lib.common.ssh     timeout=self.channel_timeout, pkey=self.pkey)
2015-12-09 17:54:52.111 32316 ERROR tempest_lib.common.ssh   File "/usr/local/lib/python2.7/dist-packages/paramiko/client.py", line 311, in connect
2015-12-09 17:54:52.111 32316 ERROR tempest_lib.common.ssh     raise NoValidConnectionsError(errors)
2015-12-09 17:54:52.111 32316 ERROR tempest_lib.common.ssh NoValidConnectionsError: [Errno None] Unable to connect to port 22 on  or 172.24.4.4
2015-12-09 17:54:52.111 32316 ERROR tempest_lib.common.ssh 
2015-12-09 17:54:52,113 32316 ERROR    [tempest.scenario.manager] (TestGettingAddress:test_dhcp6_stateless_from_os) Initializing SSH connection to 172.24.4.4 failed. Error: Connection to the 172.24.4.4 via SSH timed out.
User: cirros, Password: None
2015-12-09 17:54:52.113 32316 ERROR tempest.scenario.manager Traceback (most recent call last):
2015-12-09 17:54:52.113 32316 ERROR tempest.scenario.manager   File "tempest/scenario/manager.py", line 383, in get_remote_client
2015-12-09 17:54:52.113 32316 ERROR tempest.scenario.manager     linux_client.validate_authentication()
2015-12-09 17:54:52.113 32316 ERROR tempest.scenario.manager   File "tempest/common/utils/linux/remote_client.py", line 63, in validate_authentication
2015-12-09 17:54:52.113 32316 ERROR tempest.scenario.manager     self.ssh_client.test_connection_auth()
2015-12-09 17:54:52.113 32316 ERROR tempest.scenario.manager   File "/usr/local/lib/python2.7/dist-packages/tempest_lib/common/ssh.py", line 167, in test_connection_auth
2015-12-09 17:54:52.113 32316 ERROR tempest.scenario.manager     connection = self._get_ssh_connection()
2015-12-09 17:54:52.113 32316 ERROR tempest.scenario.manager   File "/usr/local/lib/python2.7/dist-packages/tempest_lib/common/ssh.py", line 87, in _get_ssh_connection
2015-12-09 17:54:52.113 32316 ERROR tempest.scenario.manager     password=self.password)
2015-12-09 17:54:52.113 32316 ERROR tempest.scenario.manager SSHTimeout: Connection to the 172.24.4.4 via SSH timed out.
2015-12-09 17:54:52.113 32316 ERROR tempest.scenario.manager User: cirros, Password: None
2015-12-09 17:54:52.113 32316 ERROR tempest.scenario.manager 
2015-12-09 17:54:52,195 32316 INFO     [tempest_lib.common.rest_client] Request (TestGettingAddress:test_dhcp6_stateless_from_os): 200 GET http://10.0.2.15:8774/v2.1/9da8a841d30c45b28db3d8c8d7b65577/servers 0.080s
2015-12-09 17:54:52,196 32316 DEBUG    [tempest_lib.common.rest_client] Request - Headers: {'Content-Type': 'application/json', 'Accept': 'application/json', 'X-Auth-Token': '&lt;omitted&gt;'}
        Body: None
    Response - Headers: {'status': '200', 'content-length': '390', 'content-location': 'http://10.0.2.15:8774/v2.1/9da8a841d30c45b28db3d8c8d7b65577/servers', 'x-compute-request-id': 'req-6ce3213b-1e8f-4538-983d-c53812d5791a', 'vary': 'X-OpenStack-Nova-API-Version', 'connection': 'close', 'x-openstack-nova-api-version': '2.1', 'date': 'Wed, 09 Dec 2015 17:54:52 GMT', 'content-type': 'application/json'}
        Body: {"servers": [{"id": "8b36d42b-04f3-4349-8369-137e5b36e8a6", "links": [{"href": "http://10.0.2.15:8774/v2.1/9da8a841d30c45b28db3d8c8d7b65577/servers/8b36d42b-04f3-4349-8369-137e5b36e8a6", "rel": "self"}, {"href": "http://10.0.2.15:8774/9da8a841d30c45b28db3d8c8d7b65577/servers/8b36d42b-04f3-4349-8369-137e5b36e8a6", "rel": "bookmark"}], "name": "tempest.common.compute-instance-299979866"}]}
2015-12-09 17:54:52,409 32316 INFO     [tempest_lib.common.rest_client] Request (TestGettingAddress:test_dhcp6_stateless_from_os): 200 POST http://10.0.2.15:8774/v2.1/9da8a841d30c45b28db3d8c8d7b65577/servers/8b36d42b-04f3-4349-8369-137e5b36e8a6/action 0.209s
2015-12-09 17:54:52,410 32316 DEBUG    [tempest_lib.common.rest_client] Request - Headers: {'Content-Type': 'application/json', 'Accept': 'application/json', 'X-Auth-Token': '&lt;omitted&gt;'}
        Body: {"os-getConsoleOutput": {}}
    Response - Headers: {'status': '200', 'content-length': '24769', 'x-compute-request-id': 'req-202b2b4f-63e7-44f2-9105-f4a12855ba5a', 'vary': 'X-OpenStack-Nova-API-Version', 'connection': 'close', 'x-openstack-nova-api-version': '2.1', 'date': 'Wed, 09 Dec 2015 17:54:52 GMT', 'content-type': 'application/json'}
        Body: {"output": "[    0.000000] Initializing cgroup subsys cpuset\n[    0.000000] Initializing cgroup subsys cpu\n[    0.000000] Linux version 3.2.0-80-virtual (buildd@batsu) (gcc version 4.6.3 (Ubuntu/Linaro 4.6.3-1ubuntu5) ) #116-Ubuntu SMP Mon Mar 23 17:28:52 UTC 2015 (Ubuntu 3.2.0-80.116-virtual 3.2.68)\n[    0.000000] Command line: root=/dev/vda console=tty0 console=ttyS0 no_timer_check\n[    0.000000] KERNEL supported cpus:\n[    0.000000]   Intel GenuineIntel\n[    0.000000]   AMD AuthenticAMD\n[    0.000000]   Centaur CentaurHauls\n[    0.000000] BIOS-provided physical RAM map:\n[    0.000000]  BIOS-e820: 0000000000000000 - 000000000009fc00 (usable)\n[    0.000000]  BIOS-e820: 000000000009fc00 - 00000000000a0000 (reserved)\n[    0.000000]  BIOS-e820: 00000000000f0000 - 0000000000100000 (reserved)\n[    0.000000]  BIOS-e820: 0000000000100000 - 0000000003ffe000 (usable)\n[    0.000000]  BIOS-e820: 0000000003ffe000 - 0000000004000000 (reserved)\n[    0.000000]  BIOS-e820: 00000000fffc0000 - 0000000100000000 (reserved)\n[    0.000000] NX (Execute Disable) protection: active\n[    0.000000] SMBIOS 2.4 present.\n[    0.000000] No AGP bridge found\n[    0.000000] last_pfn = 0x3ffe max_arch_pfn = 0x400000000\n[    0.000000] x86 PAT enabled: cpu 0, old 0x7040600070406, new 0x7010600070106\n[    0.000000] found SMP MP-table at [ffff8800000f0b00] f0b00\n[    0.000000] init_memory_mapping: 0000000000000000-0000000003ffe000\n[    0.000000] RAMDISK: 03c5e000 - 03ff0000\n[    0.000000] ACPI: RSDP 00000000000f0950 00014 (v00 BOCHS )\n[    0.000000] ACPI: RSDT 0000000003fffbc1 00034 (v01 BOCHS  BXPCRSDT 00000001 BXPC 00000001)\n[    0.000000] ACPI: FACP 0000000003fff1c0 00074 (v01 BOCHS  BXPCFACP 00000001 BXPC 00000001)\n[    0.000000] ACPI: DSDT 0000000003ffe040 01180 (v01 BOCHS  BXPCDSDT 00000001 BXPC 00000001)\n[    0.000000] ACPI: FACS 0000000003ffe000 00040\n[    0.000000] ACPI: SSDT 0000000003fff234 008DD (v01 BOCHS  BXPCSSDT 00000001 BXPC 00000001)\n[    0.000000] ACPI: APIC 0000000003fffb11 00078 (v01 BOCHS  BXPCAPIC 00000001 BXPC 00000001)\n[    0.000000] ACPI: HPET 0000000003fffb89 00038 (v01 BOCHS  BXPCHPET 00000001 BXPC 00000001)\n[    0.000000] No NUMA configuration found\n[    0.000000] Faking a node at 0000000000000000-0000000003ffe000\n[    0.000000] Initmem setup node 0 0000000000000000-0000000003ffe000\n[    0.000000]   NODE_DATA [0000000003ff6000 - 0000000003ffafff]\n[    0.000000] Zone PFN ranges:\n[    0.000000]   DMA      0x00000010 -&gt; 0x00001000\n[    0.000000]   DMA32    0x00001000 -&gt; 0x00100000\n[    0.000000]   Normal   empty\n[    0.000000] Movable zone start PFN for each node\n[    0.000000] early_node_map[2] active PFN ranges\n[    0.000000]     0: 0x00000010 -&gt; 0x0000009f\n[    0.000000]     0: 0x00000100 -&gt; 0x00003ffe\n[    0.000000] ACPI: PM-Timer IO Port: 0xb008\n[    0.000000] ACPI: LAPIC (acpi_id[0x00] lapic_id[0x00] enabled)\n[    0.000000] ACPI: LAPIC_NMI (acpi_id[0xff] dfl dfl lint[0x1])\n[    0.000000] ACPI: IOAPIC (id[0x00] address[0xfec00000] gsi_base[0])\n[    0.000000] IOAPIC[0]: apic_id 0, version 17, address 0xfec00000, GSI 0-23\n[    0.000000] ACPI: INT_SRC_OVR (bus 0 bus_irq 0 global_irq 2 dfl dfl)\n[    0.000000] ACPI: INT_SRC_OVR (bus 0 bus_irq 5 global_irq 5 high level)\n[    0.000000] ACPI: INT_SRC_OVR (bus 0 bus_irq 9 global_irq 9 high level)\n[    0.000000] ACPI: INT_SRC_OVR (bus 0 bus_irq 10 global_irq 10 high level)\n[    0.000000] ACPI: INT_SRC_OVR (bus 0 bus_irq 11 global_irq 11 high level)\n[    0.000000] Using ACPI (MADT) for SMP configuration information\n[    0.000000] ACPI: HPET id: 0x8086a201 base: 0xfed00000\n[    0.000000] SMP: Allowing 1 CPUs, 0 hotplug CPUs\n[    0.000000] PM: Registered nosave memory: 000000000009f000 - 00000000000a0000\n[    0.000000] PM: Registered nosave memory: 00000000000a0000 - 00000000000f0000\n[    0.000000] PM: Registered nosave memory: 00000000000f0000 - 0000000000100000\n[    0.000000] Allocating PCI resources starting at 4000000 (gap: 4000000:fbfc0000)\n[    0.000000] Booting paravirtualized kernel on bare hardware\n[    0.000000] setup_pe
2015-12-09 17:54:52,413 32316 DEBUG    [tempest.scenario.manager] Console output for 8b36d42b-04f3-4349-8369-137e5b36e8a6
body=
[    0.000000] Initializing cgroup subsys cpuset
[    0.000000] Initializing cgroup subsys cpu
[    0.000000] Linux version 3.2.0-80-virtual (buildd@batsu) (gcc version 4.6.3 (Ubuntu/Linaro 4.6.3-1ubuntu5) ) #116-Ubuntu SMP Mon Mar 23 17:28:52 UTC 2015 (Ubuntu 3.2.0-80.116-virtual 3.2.68)
[    0.000000] Command line: root=/dev/vda console=tty0 console=ttyS0 no_timer_check
[    0.000000] KERNEL supported cpus:
[    0.000000]   Intel GenuineIntel
[    0.000000]   AMD AuthenticAMD
[    0.000000]   Centaur CentaurHauls
[    0.000000] BIOS-provided physical RAM map:
[    0.000000]  BIOS-e820: 0000000000000000 - 000000000009fc00 (usable)
[    0.000000]  BIOS-e820: 000000000009fc00 - 00000000000a0000 (reserved)
[    0.000000]  BIOS-e820: 00000000000f0000 - 0000000000100000 (reserved)
[    0.000000]  BIOS-e820: 0000000000100000 - 0000000003ffe000 (usable)
[    0.000000]  BIOS-e820: 0000000003ffe000 - 0000000004000000 (reserved)
[    0.000000]  BIOS-e820: 00000000fffc0000 - 0000000100000000 (reserved)
[    0.000000] NX (Execute Disable) protection: active
[    0.000000] SMBIOS 2.4 present.
[    0.000000] No AGP bridge found
[    0.000000] last_pfn = 0x3ffe max_arch_pfn = 0x400000000
[    0.000000] x86 PAT enabled: cpu 0, old 0x7040600070406, new 0x7010600070106
[    0.000000] found SMP MP-table at [ffff8800000f0b00] f0b00
[    0.000000] init_memory_mapping: 0000000000000000-0000000003ffe000
[    0.000000] RAMDISK: 03c5e000 - 03ff0000
[    0.000000] ACPI: RSDP 00000000000f0950 00014 (v00 BOCHS )
[    0.000000] ACPI: RSDT 0000000003fffbc1 00034 (v01 BOCHS  BXPCRSDT 00000001 BXPC 00000001)
[    0.000000] ACPI: FACP 0000000003fff1c0 00074 (v01 BOCHS  BXPCFACP 00000001 BXPC 00000001)
[    0.000000] ACPI: DSDT 0000000003ffe040 01180 (v01 BOCHS  BXPCDSDT 00000001 BXPC 00000001)
[    0.000000] ACPI: FACS 0000000003ffe000 00040
[    0.000000] ACPI: SSDT 0000000003fff234 008DD (v01 BOCHS  BXPCSSDT 00000001 BXPC 00000001)
[    0.000000] ACPI: APIC 0000000003fffb11 00078 (v01 BOCHS  BXPCAPIC 00000001 BXPC 00000001)
[    0.000000] ACPI: HPET 0000000003fffb89 00038 (v01 BOCHS  BXPCHPET 00000001 BXPC 00000001)
[    0.000000] No NUMA configuration found
[    0.000000] Faking a node at 0000000000000000-0000000003ffe000
[    0.000000] Initmem setup node 0 0000000000000000-0000000003ffe000
[    0.000000]   NODE_DATA [0000000003ff6000 - 0000000003ffafff]
[    0.000000] Zone PFN ranges:
[    0.000000]   DMA      0x00000010 -&gt; 0x00001000
[    0.000000]   DMA32    0x00001000 -&gt; 0x00100000
[    0.000000]   Normal   empty
[    0.000000] Movable zone start PFN for each node
[    0.000000] early_node_map[2] active PFN ranges
[    0.000000]     0: 0x00000010 -&gt; 0x0000009f
[    0.000000]     0: 0x00000100 -&gt; 0x00003ffe
[    0.000000] ACPI: PM-Timer IO Port: 0xb008
[    0.000000] ACPI: LAPIC (acpi_id[0x00] lapic_id[0x00] enabled)
[    0.000000] ACPI: LAPIC_NMI (acpi_id[0xff] dfl dfl lint[0x1])
[    0.000000] ACPI: IOAPIC (id[0x00] address[0xfec00000] gsi_base[0])
[    0.000000] IOAPIC[0]: apic_id 0, version 17, address 0xfec00000, GSI 0-23
[    0.000000] ACPI: INT_SRC_OVR (bus 0 bus_irq 0 global_irq 2 dfl dfl)
[    0.000000] ACPI: INT_SRC_OVR (bus 0 bus_irq 5 global_irq 5 high level)
[    0.000000] ACPI: INT_SRC_OVR (bus 0 bus_irq 9 global_irq 9 high level)
[    0.000000] ACPI: INT_SRC_OVR (bus 0 bus_irq 10 global_irq 10 high level)
[    0.000000] ACPI: INT_SRC_OVR (bus 0 bus_irq 11 global_irq 11 high level)
[    0.000000] Using ACPI (MADT) for SMP configuration information
[    0.000000] ACPI: HPET id: 0x8086a201 base: 0xfed00000
[    0.000000] SMP: Allowing 1 CPUs, 0 hotplug CPUs
[    0.000000] PM: Registered nosave memory: 000000000009f000 - 00000000000a0000
[    0.000000] PM: Registered nosave memory: 00000000000a0000 - 00000000000f0000
[    0.000000] PM: Registered nosave memory: 00000000000f0000 - 0000000000100000
[    0.000000] Allocating PCI resources starting at 4000000 (gap: 4000000:fbfc0000)
[    0.000000] Booting paravirtualized kernel on bare hardware
[    0.000000] setup_percpu: NR_CPUS:64 nr_cpumask_bits:64 nr_cpu_ids:1 nr_node_ids:1
[    0.000000] PERCPU: Embedded 27 pages/cpu @ffff880003a00000 s78848 r8192 d23552 u2097152
[    0.000000] Built 1 zonelists in Node order, mobility grouping on.  Total pages: 16008
[    0.000000] Policy zone: DMA32
[    0.000000] Kernel command line: root=/dev/vda console=tty0 console=ttyS0 no_timer_check
[    0.000000] PID hash table entries: 256 (order: -1, 2048 bytes)
[    0.000000] Checking aperture...
[    0.000000] No AGP bridge found
[    0.000000] Memory: 43492k/65528k available (6576k kernel code, 452k absent, 21584k reserved, 6620k data, 928k init)
[    0.000000] SLUB: Genslabs=15, HWalign=64, Order=0-3, MinObjects=0, CPUs=1, Nodes=1
[    0.000000] Hierarchical RCU implementation.
[    0.000000] 	RCU dyntick-idle grace-period acceleration is enabled.
[    0.000000] NR_IRQS:4352 nr_irqs:256 16
[    0.000000] Console: colour VGA+ 80x25
[    0.000000] console [tty0] enabled
[    0.000000] console [ttyS0] enabled
[    0.000000] allocated 1048576 bytes of page_cgroup
[    0.000000] please try 'cgroup_disable=memory' option if you don't want memory cgroups
[    0.000000] Fast TSC calibration failed
[    0.000000] TSC: Unable to calibrate against PIT
[    0.000000] TSC: using HPET reference calibration
[    0.000000] Detected 2293.210 MHz processor.
[    0.032885] Calibrating delay loop (skipped), value calculated using timer frequency.. 4586.42 BogoMIPS (lpj=9172840)
[    0.034998] pid_max: default: 32768 minimum: 301
[    0.042844] Security Framework initialized
[    0.048176] AppArmor: AppArmor initialized
[    0.048939] Yama: becoming mindful.
[    0.056815] Dentry cache hash table entries: 8192 (order: 4, 65536 bytes)
[    0.058212] Inode-cache hash table entries: 4096 (order: 3, 32768 bytes)
[    0.060753] Mount-cache hash table entries: 256
[    0.077034] Initializing cgroup subsys cpuacct
[    0.077913] Initializing cgroup subsys memory
[    0.080274] Initializing cgroup subsys devices
[    0.081077] Initializing cgroup subsys freezer
[    0.081778] Initializing cgroup subsys blkio
[    0.082466] Initializing cgroup subsys perf_event
[    0.086983] mce: CPU supports 10 MCE banks
[    0.092101] SMP alternatives: switching to UP code
[    0.476529] Freeing SMP alternatives: 24k freed
[    0.478475] ACPI: Core revision 20110623
[    0.530276] ftrace: allocating 26610 entries in 105 pages
[    0.561598] ..TIMER: vector=0x30 apic1=0 pin1=2 apic2=-1 pin2=-1
[    0.562916] CPU0: AMD QEMU Virtual CPU version 2.0.0 stepping 03
[    0.568034] APIC calibration not consistent with PM-Timer: 109ms instead of 100ms
[    0.568034] APIC delta adjusted to PM-Timer: 6250005 (6836534)
[    0.569936] Performance Events: Broken PMU hardware detected, using software events only.
[    0.576238] NMI watchdog disabled (cpu0): hardware events not enabled
[    0.580816] Brought up 1 CPUs
[    0.581194] Total of 1 processors activated (4586.42 BogoMIPS).
[    0.608653] devtmpfs: initialized
[    0.640357] EVM: security.selinux
[    0.641057] EVM: security.SMACK64
[    0.641604] EVM: security.capability
[    0.670391] print_constraints: dummy: 
[    0.674491] RTC time: 17:51:22, date: 12/09/15
[    0.680320] NET: Registered protocol family 16
[    0.689707] ACPI: bus type pci registered
[    0.694558] PCI: Using configuration type 1 for base access
[    0.743099] bio: create slab &lt;bio-0&gt; at 0
[    0.749100] ACPI: Added _OSI(Module Device)
[    0.749793] ACPI: Added _OSI(Processor Device)
[    0.750812] ACPI: Added _OSI(3.0 _SCP Extensions)
[    0.752101] ACPI: Added _OSI(Processor Aggregator Device)
[    0.838229] ACPI: Interpreter enabled
[    0.839182] ACPI: (supports S0 S3 S4 S5)
[    0.841531] ACPI: Using IOAPIC for interrupt routing
[    0.930144] ACPI: No dock devices found.
[    0.932186] HEST: Table not found.
[    0.932783] PCI: Using host bridge windows from ACPI; if necessary, use "pci=nocrs" and report a bug
[    0.939781] ACPI: PCI Root Bridge [PCI0] (domain 0000 [bus 00-ff])
[    0.944966] pci_root PNP0A03:00: host bridge window [io  0x0000-0x0cf7]
[    0.946174] pci_root PNP0A03:00: host bridge window [io  0x0d00-0xadff]
[    0.948119] pci_root PNP0A03:00: host bridge window [io  0xae0f-0xaeff]
[    0.948923] pci_root PNP0A03:00: host bridge window [io  0xaf20-0xafdf]
[    0.949816] pci_root PNP0A03:00: host bridge window [io  0xafe4-0xffff]
[    0.952175] pci_root PNP0A03:00: host bridge window [mem 0x000a0000-0x000bffff]
[    0.953098] pci_root PNP0A03:00: host bridge window [mem 0x04000000-0xfebfffff]
[    0.976681] pci 0000:00:01.3: quirk: [io  0xb000-0xb03f] claimed by PIIX4 ACPI
[    0.977632] pci 0000:00:01.3: quirk: [io  0xb100-0xb10f] claimed by PIIX4 SMB
[    1.050974]  pci0000:00: Unable to request _OSC control (_OSC support mask: 0x1e)
[    1.114456] ACPI: PCI Interrupt Link [LNKA] (IRQs 5 *10 11)
[    1.118112] ACPI: PCI Interrupt Link [LNKB] (IRQs 5 *10 11)
[    1.121150] ACPI: PCI Interrupt Link [LNKC] (IRQs 5 10 *11)
[    1.123394] ACPI: PCI Interrupt Link [LNKD] (IRQs 5 10 *11)
[    1.124896] ACPI: PCI Interrupt Link [LNKS] (IRQs *9)
[    1.131494] vgaarb: device added: PCI:0000:00:02.0,decodes=io+mem,owns=io+mem,locks=none
[    1.132207] vgaarb: loaded
[    1.132622] vgaarb: bridge control possible 0000:00:02.0
[    1.138616] i2c-core: driver [aat2870] using legacy suspend method
[    1.139437] i2c-core: driver [aat2870] using legacy resume method
[    1.141742] SCSI subsystem initialized
[    1.145985] usbcore: registered new interface driver usbfs
[    1.148145] usbcore: registered new interface driver hub
[    1.149463] usbcore: registered new device driver usb
[    1.153783] PCI: Using ACPI for IRQ routing
[    1.165211] NetLabel: Initializing
[    1.165663] NetLabel:  domain hash size = 128
[    1.166309] NetLabel:  protocols = UNLABELED CIPSOv4
[    1.168878] NetLabel:  unlabeled traffic allowed by default
[    1.170850] HPET: 3 timers in total, 0 timers will be used for per-cpu timer
[    1.172383] hpet0: at MMIO 0xfed00000, IRQs 2, 8, 0
[    1.173321] hpet0: 3 comparators, 64-bit 100.000000 MHz counter
[    1.186164] Switching to clocksource hpet
[    1.445320] AppArmor: AppArmor Filesystem Enabled
[    1.446718] pnp: PnP ACPI init
[    1.447459] ACPI: bus type pnp registered
[    1.469568] pnp: PnP ACPI: found 9 devices
[    1.470173] ACPI: ACPI bus type pnp unregistered
[    1.538798] NET: Registered protocol family 2
[    1.571243] IP route cache hash table entries: 512 (order: 0, 4096 bytes)
[    1.579693] TCP established hash table entries: 2048 (order: 3, 32768 bytes)
[    1.581681] TCP bind hash table entries: 2048 (order: 3, 32768 bytes)
[    1.582545] TCP: Hash tables configured (established 2048 bind 2048)
[    1.583268] TCP reno registered
[    1.583798] UDP hash table entries: 128 (order: 0, 4096 bytes)
[    1.585541] UDP-Lite hash table entries: 128 (order: 0, 4096 bytes)
[    1.587857] NET: Registered protocol family 1
[    1.589424] pci 0000:00:00.0: Limiting direct PCI/PCI transfers
[    1.590257] pci 0000:00:01.0: PIIX3: Enabling Passive Release
[    1.590872] pci 0000:00:01.0: Activating ISA DMA hang workarounds
[    1.596086] ACPI: PCI Interrupt Link [LNKD] enabled at IRQ 11
[    1.597680] pci 0000:00:01.2: PCI INT D -&gt; Link[LNKD] -&gt; GSI 11 (level, high) -&gt; IRQ 11
[    1.599505] pci 0000:00:01.2: PCI INT D disabled
[    1.617831] Trying to unpack rootfs image as initramfs...
[    1.634169] audit: initializing netlink socket (disabled)
[    1.636166] type=2000 audit(1449683482.632:1): initialized
[    1.882891] HugeTLB registered 2 MB page size, pre-allocated 0 pages
[    1.974728] VFS: Disk quotas dquot_6.5.2
[    1.976727] Dquot-cache hash table entries: 512 (order 0, 4096 bytes)
[    1.990847] fuse init (API version 7.17)
[    1.993976] msgmni has been set to 84
[    2.027335] Block layer SCSI generic (bsg) driver version 0.4 loaded (major 253)
[    2.038520] io scheduler noop registered
[    2.039211] io scheduler deadline registered (default)
[    2.041535] io scheduler cfq registered
[    2.045777] pci_hotplug: PCI Hot Plug PCI Core version: 0.5
[    2.047885] pciehp: PCI Express Hot Plug Controller Driver version: 0.4
[    2.053908] input: Power Button as /devices/LNXSYSTM:00/LNXPWRBN:00/input/input0
[    2.055604] ACPI: Power Button [PWRF]
[    2.101675] ERST: Table is not found!
[    2.102150] GHES: HEST is not enabled!
[    2.110502] ACPI: PCI Interrupt Link [LNKC] enabled at IRQ 10
[    2.111234] virtio-pci 0000:00:03.0: PCI INT A -&gt; Link[LNKC] -&gt; GSI 10 (level, high) -&gt; IRQ 10
[    2.114310] virtio-pci 0000:00:04.0: PCI INT A -&gt; Link[LNKD] -&gt; GSI 11 (level, high) -&gt; IRQ 11
[    2.126558] ACPI: PCI Interrupt Link [LNKA] enabled at IRQ 10
[    2.127230] virtio-pci 0000:00:05.0: PCI INT A -&gt; Link[LNKA] -&gt; GSI 10 (level, high) -&gt; IRQ 10
[    2.137824] Serial: 8250/16550 driver, 32 ports, IRQ sharing enabled
[    2.176896] serial8250: ttyS0 at I/O 0x3f8 (irq = 4) is a 16550A
[    2.258987] serial8250: ttyS1 at I/O 0x2f8 (irq = 3) is a 16550A
[    2.386552] 00:05: ttyS0 at I/O 0x3f8 (irq = 4) is a 16550A
[    2.483744] 00:06: ttyS1 at I/O 0x2f8 (irq = 3) is a 16550A
[    2.542292] Linux agpgart interface v0.103
[    2.604091] brd: module loaded
[    2.606915] Refined TSC clocksource calibration: 2293.220 MHz.
[    2.608736] Switching to clocksource tsc
[    2.643397] loop: module loaded
[    2.694197]  vda: unknown partition table
[    2.749712] scsi0 : ata_piix
[    2.752162] scsi1 : ata_piix
[    2.754314] ata1: PATA max MWDMA2 cmd 0x1f0 ctl 0x3f6 bmdma 0xc0a0 irq 14
[    2.755176] ata2: PATA max MWDMA2 cmd 0x170 ctl 0x376 bmdma 0xc0a8 irq 15
[    2.772028] Fixed MDIO Bus: probed
[    2.774910] tun: Universal TUN/TAP device driver, 1.6
[    2.776033] tun: (C) 1999-2004 Max Krasnyansky &lt;maxk@qualcomm.com&gt;
[    2.791083] PPP generic driver version 2.4.2
[    2.817264] ehci_hcd: USB 2.0 'Enhanced' Host Controller (EHCI) Driver
[    2.818343] ohci_hcd: USB 1.1 'Open' Host Controller (OHCI) Driver
[    2.819340] uhci_hcd: USB Universal Host Controller Interface driver
[    2.821183] uhci_hcd 0000:00:01.2: PCI INT D -&gt; Link[LNKD] -&gt; GSI 11 (level, high) -&gt; IRQ 11
[    2.823811] uhci_hcd 0000:00:01.2: UHCI Host Controller
[    2.826781] uhci_hcd 0000:00:01.2: new USB bus registered, assigned bus number 1
[    2.829519] uhci_hcd 0000:00:01.2: irq 11, io base 0x0000c040
[    2.869194] hub 1-0:1.0: USB hub found
[    2.871569] hub 1-0:1.0: 2 ports detected
[    2.880111] usbcore: registered new interface driver libusual
[    2.883944] i8042: PNP: PS/2 Controller [PNP0303:KBD,PNP0f13:MOU] at 0x60,0x64 irq 1,12
[    2.897930] serio: i8042 KBD port at 0x60,0x64 irq 1
[    2.899909] serio: i8042 AUX port at 0x60,0x64 irq 12
[    2.939592] mousedev: PS/2 mouse device common for all mice
[    2.954007] input: AT Translated Set 2 keyboard as /devices/platform/i8042/serio0/input/input1
[    2.957190] rtc_cmos 00:01: RTC can wake from S4
[    2.974449] rtc_cmos 00:01: rtc core: registered rtc_cmos as rtc0
[    2.981389] rtc0: alarms up to one day, 114 bytes nvram, hpet irqs
[    2.987146] device-mapper: uevent: version 1.0.3
[    3.033013] ata2.01: ATAPI: QEMU DVD-ROM, 2.0.0, max UDMA/100
[    3.046454] ata2.01: configured for MWDMA2
[    3.050864] device-mapper: ioctl: 4.22.0-ioctl (2011-10-19) initialised: dm-devel@redhat.com
[    3.054645] cpuidle: using governor ladder
[    3.055651] cpuidle: using governor menu
[    3.057816] EFI Variables Facility v0.08 2004-May-17
[    3.077976] TCP cubic registered
[    3.083243] NET: Registered protocol family 10
[    3.108463] NET: Registered protocol family 17
[    3.109420] Registering the dns_resolver key type
[    3.138700] scsi 1:0:1:0: CD-ROM            QEMU     QEMU DVD-ROM     2.0. PQ: 0 ANSI: 5
[    3.169022] sr0: scsi3-mmc drive: 4x/4x cd/rw xa/form2 tray
[    3.170867] cdrom: Uniform CD-ROM driver Revision: 3.20
[    3.191479] sr 1:0:1:0: Attached scsi generic sg0 type 5
[    3.239879] registered taskstats version 1
[    3.338324] Freeing initrd memory: 3656k freed
[    3.868633]   Magic number: 11:854:895
[    3.880085] rtc_cmos 00:01: setting system clock to 2015-12-09 17:51:25 UTC (1449683485)
[    3.883051] powernow-k8: Processor cpuid 663 not supported
[    3.887708] BIOS EDD facility v0.16 2004-Jun-25, 0 devices found
[    3.889104] EDD information not available.
[    3.938448] Freeing unused kernel memory: 928k freed
[    3.942566] Write protecting the kernel read-only data: 12288k
[    4.025392] Freeing unused kernel memory: 1596k freed
[    4.087234] Freeing unused kernel memory: 1184k freed

info: initramfs: up at 4.27
modprobe: module virtio_blk not found in modules.dep
modprobe: module virtio_net not found in modules.dep
info: copying initramfs to /dev/vda
info: initramfs loading root from /dev/vda
info: /etc/init.d/rc.sysinit: up at 9.07
info: container: none
Starting logging: OK
modprobe: module virtio_blk not found in modules.dep
modprobe: module virtio_net not found in modules.dep
WARN: /etc/rc3.d/S10-load-modules failed
Initializing random number generator... done.
Starting acpid: OK
cirros-ds 'local' up at 11.62
found datasource (configdrive, local)
Starting network...
udhcpc (v1.20.1) started
Sending discover...
Sending discover...
Sending discover...
Usage: /sbin/cirros-dhcpc &lt;up|down&gt;
No lease, failing
WARN: /etc/rc3.d/S40-network failed
Starting dropbear sshd: generating rsa key... generating dsa key... OK
no userdata for datasource
=== system information ===
Platform: OpenStack Foundation OpenStack Nova
Container: none
Arch: x86_64
CPU(s): 1 @ 2293.210 MHz
Cores/Sockets/Threads: 1/1/1
Virt-type: AMD-V
RAM Size: 49MB
Disks:
NAME MAJ:MIN     SIZE LABEL         MOUNTPOINT
vda  253:0   25165824 cirros-rootfs /
sr0   11:0     428032 config-2      
=== sshd host keys ===
-----BEGIN SSH HOST KEY KEYS-----
ssh-rsa AAAAB3NzaC1yc2EAAAADAQABAAAAgwCdhP/UbdxDfI5sx/tnCBr/dkmRpLl3DhjZ0f6HAJpo0au1BsoZMi8OQ+YaJPCASn/AQGVPrCRhFXaMXkbCX2vYXSmCrsF5pjviiWmXxuTk8/ok003qUGwAHcCL9ly3+nNYmxHuI7FiW//AE85854Lk14poVTQCxljt/nhQT5m8C7Nj root@tempest
ssh-dss AAAAB3NzaC1kc3MAAACBAPJu6erzuGUjhhZqdWL0BueMnm7+1mWyiDFhkgnxer519I+nsCWkcdroQnOuehKKXNfjGmdlNq8thwSKAL4H2QLMaQG+U/YcL2IG9OEZyqa/beJyCTqNSLUNOm98RAgMlkPOGb8MYX92YyM84XVrO9QDZChUVfKgyvtyf5QfqreXAAAAFQDlcwcWYwdb9Ke1pVsyUCrJeWKb0QAAAIAGSyowJYrzsSstUifLFb69h2QyOdIvp7ttMKXxUoXe9Pso1NwV6Vfzddfpc0T5H8l1aHdOwP0g2T6TvUvW+Ybp5kJR6xLiXyNFLGDySvyj/HmNlSLG8fy4nawp82s42AIcAbybbQX/+CDeTnBgTf1F7OmwKTYR+eAOIQuD4wJcHAAAAIA7oz8XNjyoK4J16e4cl2bVf3LxgXum1YFqQGm1Qhj9gBR1k4JFWvcTJhSKj2XeTTpJP119icgTwZ+PX0J5XcoZR3rcEwHvycbudBJhJFHtPBd4QhKhLJxOPsBuN7oructl2MPuRHkqmK15/Vn++MDxPzmXysGkqhkmaUi24Im/yg== root@tempest
-----END SSH HOST KEY KEYS-----
=== network info ===
if-info: lo,up,127.0.0.1,8,::1
if-info: eth0,up,,8,fe80::f816:3eff:fe90:78ef
=== datasource: configdrive local ===
instance-id: 8b36d42b-04f3-4349-8369-137e5b36e8a6
name: tempest.common.compute-instance-299979866
availability-zone: nova
local-hostname: tempest.common.compute-instance-299979866.novalocal
launch-index: 0
=== cirros: current=0.3.4 uptime=201.08 ===
route: fscanf
=== pinging gateway failed, debugging connection ===
############ debug start ##############
### /etc/init.d/sshd start
Starting dropbear sshd: OK
route: fscanf
### ifconfig -a
eth0      Link encap:Ethernet  HWaddr FA:16:3E:90:78:EF  
          inet6 addr: fe80::f816:3eff:fe90:78ef/64 Scope:Link
          UP BROADCAST RUNNING MULTICAST  MTU:1500  Metric:1
          RX packets:12 errors:0 dropped:5 overruns:0 frame:0
          TX packets:8 errors:0 dropped:0 overruns:0 carrier:0
          collisions:0 txqueuelen:1000 
          RX bytes:1303 (1.2 KiB)  TX bytes:1134 (1.1 KiB)

lo        Link encap:Local Loopback  
          inet addr:127.0.0.1  Mask:255.0.0.0
          inet6 addr: ::1/128 Scope:Host
          UP LOOPBACK RUNNING  MTU:16436  Metric:1
          RX packets:12 errors:0 dropped:0 overruns:0 frame:0
          TX packets:12 errors:0 dropped:0 overruns:0 carrier:0
          collisions:0 txqueuelen:0 
          RX bytes:1020 (1020.0 B)  TX bytes:1020 (1020.0 B)

### route -n
Kernel IP routing table
Destination     Gateway         Genmask         Flags Metric Ref    Use Iface
route: fscanf
### cat /etc/resolv.conf
cat: can't open '/etc/resolv.conf': No such file or directory
### gateway not found
/sbin/cirros-status: line 1: can't open /etc/resolv.conf: no such file
### pinging nameservers
### uname -a
Linux tempest 3.2.0-80-virtual #116-Ubuntu SMP Mon Mar 23 17:28:52 UTC 2015 x86_64 GNU/Linux
### lsmod
Module                  Size  Used by    Not tainted
nls_iso8859_1          12713  0 
nls_cp437              16991  0 
vfat                   17585  0 
fat                    61512  1 vfat
isofs                  40259  0 
ip_tables              27473  0 
x_tables               29891  1 ip_tables
pcnet32                42119  0 
8139cp                 27360  0 
ne2k_pci               13691  0 
8390                   18856  1 ne2k_pci
e1000                 108589  0 
acpiphp                24231  0 
### dmesg | tail
[    5.123372] EXT3-fs (vda): mounted filesystem with ordered data mode
[    5.437100] ISO 9660 Extensions: Microsoft Joliet Level 3
[    5.511952] ISO 9660 Extensions: RRIP_1991A
[    5.754452] kjournald starting.  Commit interval 5 seconds
[    5.771390] EXT3-fs (vda): using internal journal
[    5.771503] EXT3-fs (vda): mounted filesystem with ordered data mode
[    9.124140] EXT3-fs (vda): using internal journal
[   12.421856] ISO 9660 Extensions: Microsoft Joliet Level 3
[   12.533837] ISO 9660 Extensions: RRIP_1991A
[   27.154924] eth0: no IPv6 routers present
### tail -n 25 /var/log/messages
Dec  9 17:51:32 cirros kern.info kernel: [    4.559110] acpiphp: Slot [24] registered
Dec  9 17:51:32 cirros kern.info kernel: [    4.559695] acpiphp: Slot [25] registered
Dec  9 17:51:32 cirros kern.info kernel: [    4.560022] acpiphp: Slot [26] registered
Dec  9 17:51:32 cirros kern.info kernel: [    4.561466] acpiphp: Slot [27] registered
Dec  9 17:51:32 cirros kern.info kernel: [    4.561812] acpiphp: Slot [28] registered
Dec  9 17:51:32 cirros kern.info kernel: [    4.562047] acpiphp: Slot [29] registered
Dec  9 17:51:32 cirros kern.info kernel: [    4.562586] acpiphp: Slot [30] registered
Dec  9 17:51:32 cirros kern.info kernel: [    4.564056] acpiphp: Slot [31] registered
Dec  9 17:51:32 cirros kern.info kernel: [    4.641914] e1000: Intel(R) PRO/1000 Network Driver - version 7.3.21-k8-NAPI
Dec  9 17:51:32 cirros kern.info kernel: [    4.642478] e1000: Copyright (c) 1999-2006 Intel Corporation.
Dec  9 17:51:32 cirros kern.info kernel: [    4.770635] pcnet32: pcnet32.c:v1.35 21.Apr.2008 tsbogend@alpha.franken.de
Dec  9 17:51:32 cirros kern.info kernel: [    4.827456] ip_tables: (C) 2000-2006 Netfilter Core Team
Dec  9 17:51:32 cirros kern.info kernel: [    5.118461] kjournald starting.  Commit interval 5 seconds
Dec  9 17:51:32 cirros kern.info kernel: [    5.123372] EXT3-fs (vda): mounted filesystem with ordered data mode
Dec  9 17:51:32 cirros kern.debug kernel: [    5.437100] ISO 9660 Extensions: Microsoft Joliet Level 3
Dec  9 17:51:32 cirros kern.debug kernel: [    5.511952] ISO 9660 Extensions: RRIP_1991A
Dec  9 17:51:32 cirros kern.info kernel: [    5.754452] kjournald starting.  Commit interval 5 seconds
Dec  9 17:51:32 cirros kern.info kernel: [    5.771390] EXT3-fs (vda): using internal journal
Dec  9 17:51:32 cirros kern.info kernel: [    5.771503] EXT3-fs (vda): mounted filesystem with ordered data mode
Dec  9 17:51:32 cirros kern.info kernel: [    9.124140] EXT3-fs (vda): using internal journal
Dec  9 17:51:34 cirros kern.debug kernel: [   12.421856] ISO 9660 Extensions: Microsoft Joliet Level 3
Dec  9 17:51:34 cirros kern.debug kernel: [   12.533837] ISO 9660 Extensions: RRIP_1991A
Dec  9 17:51:37 cirros auth.notice su: + /dev/console root:cirros
Dec  9 17:51:48 cirros kern.debug kernel: [   27.154924] eth0: no IPv6 routers present
Dec  9 17:54:40 cirros authpriv.info dropbear[283]: Running in background
############ debug end   ##############
  ____               ____  ____
 / __/ __ ____ ____ / __ \/ __/
/ /__ / // __// __// /_/ /\ \ 
\___//_//_/  /_/   \____/___/ 
   http://cirros-cloud.net


login as 'cirros' user. default password: 'cubswin:)'. use 'sudo' for root.
tempest login: 
2015-12-09 17:54:52,615 32316 INFO     [tempest_lib.common.rest_client] Request (TestGettingAddress:_run_cleanups): 204 DELETE http://10.0.2.15:9696/v2.0/floatingips/fc3a8c58-d49f-4c03-9dcb-653eba8011b3 0.197s
2015-12-09 17:54:52,615 32316 DEBUG    [tempest_lib.common.rest_client] Request - Headers: {'Content-Type': 'application/json', 'Accept': 'application/json', 'X-Auth-Token': '&lt;omitted&gt;'}
        Body: None
    Response - Headers: {'date': 'Wed, 09 Dec 2015 17:54:52 GMT', 'status': '204', 'connection': 'close', 'content-length': '0', 'x-openstack-request-id': 'req-59a32b5a-c790-43be-b8ce-b72fb273171f'}
        Body: 
2015-12-09 17:54:52,878 32316 INFO     [tempest_lib.common.rest_client] Request (TestGettingAddress:_run_cleanups): 204 DELETE http://10.0.2.15:8774/v2.1/9da8a841d30c45b28db3d8c8d7b65577/servers/8b36d42b-04f3-4349-8369-137e5b36e8a6 0.262s
2015-12-09 17:54:52,879 32316 DEBUG    [tempest_lib.common.rest_client] Request - Headers: {'Content-Type': 'application/json', 'Accept': 'application/json', 'X-Auth-Token': '&lt;omitted&gt;'}
        Body: None
    Response - Headers: {'status': '204', 'content-length': '0', 'x-compute-request-id': 'req-1b3188b2-ddfc-47c4-8091-0e416ca9fbcf', 'vary': 'X-OpenStack-Nova-API-Version', 'connection': 'close', 'x-openstack-nova-api-version': '2.1', 'date': 'Wed, 09 Dec 2015 17:54:52 GMT', 'content-type': 'application/json'}
        Body: 
2015-12-09 17:54:53,102 32316 INFO     [tempest_lib.common.rest_client] Request (TestGettingAddress:_run_cleanups): 200 GET http://10.0.2.15:8774/v2.1/9da8a841d30c45b28db3d8c8d7b65577/servers/8b36d42b-04f3-4349-8369-137e5b36e8a6 0.223s
2015-12-09 17:54:53,103 32316 DEBUG    [tempest_lib.common.rest_client] Request - Headers: {'Content-Type': 'application/json', 'Accept': 'application/json', 'X-Auth-Token': '&lt;omitted&gt;'}
        Body: None
    Response - Headers: {'status': '200', 'content-length': '1901', 'content-location': 'http://10.0.2.15:8774/v2.1/9da8a841d30c45b28db3d8c8d7b65577/servers/8b36d42b-04f3-4349-8369-137e5b36e8a6', 'x-compute-request-id': 'req-b0f4316f-af7f-4a37-8948-c25db154f3be', 'vary': 'X-OpenStack-Nova-API-Version', 'connection': 'close', 'x-openstack-nova-api-version': '2.1', 'date': 'Wed, 09 Dec 2015 17:54:53 GMT', 'content-type': 'application/json'}
        Body: {"server": {"status": "ACTIVE", "updated": "2015-12-09T17:54:52Z", "hostId": "795852552f53352e6edf44543a26799b68585b3199f38930c88a5cf1", "addresses": {"tempest-network-smoke--1572177246": [{"OS-EXT-IPS-MAC:mac_addr": "fa:16:3e:90:78:ef", "version": 6, "addr": "2003::f816:3eff:fe90:78ef", "OS-EXT-IPS:type": "fixed"}, {"OS-EXT-IPS-MAC:mac_addr": "fa:16:3e:90:78:ef", "version": 4, "addr": "10.100.0.3", "OS-EXT-IPS:type": "fixed"}, {"OS-EXT-IPS-MAC:mac_addr": "fa:16:3e:90:78:ef", "version": 4, "addr": "172.24.4.4", "OS-EXT-IPS:type": "floating"}]}, "links": [{"href": "http://10.0.2.15:8774/v2.1/9da8a841d30c45b28db3d8c8d7b65577/servers/8b36d42b-04f3-4349-8369-137e5b36e8a6", "rel": "self"}, {"href": "http://10.0.2.15:8774/9da8a841d30c45b28db3d8c8d7b65577/servers/8b36d42b-04f3-4349-8369-137e5b36e8a6", "rel": "bookmark"}], "key_name": "tempest-TestGettingAddress-77437889", "image": {"id": "6cfd4c4a-9590-4781-aa20-642c57f90754", "links": [{"href": "http://10.0.2.15:8774/9da8a841d30c45b28db3d8c8d7b65577/images/6cfd4c4a-9590-4781-aa20-642c57f90754", "rel": "bookmark"}]}, "OS-EXT-STS:task_state": "deleting", "OS-EXT-STS:vm_state": "active", "OS-SRV-USG:launched_at": "2015-12-09T17:51:18.000000", "flavor": {"id": "42", "links": [{"href": "http://10.0.2.15:8774/9da8a841d30c45b28db3d8c8d7b65577/flavors/42", "rel": "bookmark"}]}, "id": "8b36d42b-04f3-4349-8369-137e5b36e8a6", "security_groups": [{"name": "tempest-secgroup-smoke-690895758"}], "OS-SRV-USG:terminated_at": null, "OS-EXT-AZ:availability_zone": "nova", "user_id": "330f424c48a54f44bf1b2fe7ecbcb468", "name": "tempest.common.compute-instance-299979866", "created": "2015-12-09T17:51:15Z", "tenant_id": "9da8a841d30c45b28db3d8c8d7b65577", "OS-DCF:diskConfig": "MANUAL", "os-extended-volumes:volumes_attached": [], "accessIPv4": "", "accessIPv6": "", "progress": 0, "OS-EXT-STS:power_state": 1, "config_drive": "True", "metadata": {}}}
2015-12-09 17:54:54,236 32316 INFO     [tempest_lib.common.rest_client] Request (TestGettingAddress:_run_cleanups): 200 GET http://10.0.2.15:8774/v2.1/9da8a841d30c45b28db3d8c8d7b65577/servers/8b36d42b-04f3-4349-8369-137e5b36e8a6 0.122s
2015-12-09 17:54:54,236 32316 DEBUG    [tempest_lib.common.rest_client] Request - Headers: {'Content-Type': 'application/json', 'Accept': 'application/json', 'X-Auth-Token': '&lt;omitted&gt;'}
        Body: None
    Response - Headers: {'status': '200', 'content-length': '1437', 'content-location': 'http://10.0.2.15:8774/v2.1/9da8a841d30c45b28db3d8c8d7b65577/servers/8b36d42b-04f3-4349-8369-137e5b36e8a6', 'x-compute-request-id': 'req-d8f166a4-81e4-4cc9-b8dc-bb74b7960004', 'vary': 'X-OpenStack-Nova-API-Version', 'connection': 'close', 'x-openstack-nova-api-version': '2.1', 'date': 'Wed, 09 Dec 2015 17:54:54 GMT', 'content-type': 'application/json'}
        Body: {"server": {"status": "ACTIVE", "updated": "2015-12-09T17:54:53Z", "hostId": "795852552f53352e6edf44543a26799b68585b3199f38930c88a5cf1", "addresses": {}, "links": [{"href": "http://10.0.2.15:8774/v2.1/9da8a841d30c45b28db3d8c8d7b65577/servers/8b36d42b-04f3-4349-8369-137e5b36e8a6", "rel": "self"}, {"href": "http://10.0.2.15:8774/9da8a841d30c45b28db3d8c8d7b65577/servers/8b36d42b-04f3-4349-8369-137e5b36e8a6", "rel": "bookmark"}], "key_name": "tempest-TestGettingAddress-77437889", "image": {"id": "6cfd4c4a-9590-4781-aa20-642c57f90754", "links": [{"href": "http://10.0.2.15:8774/9da8a841d30c45b28db3d8c8d7b65577/images/6cfd4c4a-9590-4781-aa20-642c57f90754", "rel": "bookmark"}]}, "OS-EXT-STS:task_state": "deleting", "OS-EXT-STS:vm_state": "active", "OS-SRV-USG:launched_at": "2015-12-09T17:51:18.000000", "flavor": {"id": "42", "links": [{"href": "http://10.0.2.15:8774/9da8a841d30c45b28db3d8c8d7b65577/flavors/42", "rel": "bookmark"}]}, "id": "8b36d42b-04f3-4349-8369-137e5b36e8a6", "OS-SRV-USG:terminated_at": null, "OS-EXT-AZ:availability_zone": "nova", "user_id": "330f424c48a54f44bf1b2fe7ecbcb468", "name": "tempest.common.compute-instance-299979866", "created": "2015-12-09T17:51:15Z", "tenant_id": "9da8a841d30c45b28db3d8c8d7b65577", "OS-DCF:diskConfig": "MANUAL", "os-extended-volumes:volumes_attached": [], "accessIPv4": "", "accessIPv6": "", "progress": 0, "OS-EXT-STS:power_state": 1, "config_drive": "True", "metadata": {}}}
2015-12-09 17:54:55,330 32316 INFO     [tempest_lib.common.rest_client] Request (TestGettingAddress:_run_cleanups): 404 GET http://10.0.2.15:8774/v2.1/9da8a841d30c45b28db3d8c8d7b65577/servers/8b36d42b-04f3-4349-8369-137e5b36e8a6 0.084s
2015-12-09 17:54:55,331 32316 DEBUG    [tempest_lib.common.rest_client] Request - Headers: {'Content-Type': 'application/json', 'Accept': 'application/json', 'X-Auth-Token': '&lt;omitted&gt;'}
        Body: None
    Response - Headers: {'status': '404', 'content-length': '111', 'x-compute-request-id': 'req-76348d00-7d03-468b-aa2c-28dac317cb87', 'vary': 'X-OpenStack-Nova-API-Version', 'connection': 'close', 'x-openstack-nova-api-version': '2.1', 'date': 'Wed, 09 Dec 2015 17:54:55 GMT', 'content-type': 'application/json; charset=UTF-8'}
        Body: {"itemNotFound": {"message": "Instance 8b36d42b-04f3-4349-8369-137e5b36e8a6 could not be found.", "code": 404}}
2015-12-09 17:54:55,683 32316 INFO     [tempest_lib.common.rest_client] Request (TestGettingAddress:_run_cleanups): 200 PUT http://10.0.2.15:9696/v2.0/routers/6ac58d20-fc56-4fda-8de9-55d1714b9c92/remove_router_interface 0.350s
2015-12-09 17:54:55,683 32316 DEBUG    [tempest_lib.common.rest_client] Request - Headers: {'Content-Type': 'application/json', 'Accept': 'application/json', 'X-Auth-Token': '&lt;omitted&gt;'}
        Body: {"subnet_id": "bb6c8380-a990-4ed9-9a00-25e33885ff2b"}
    Response - Headers: {'status': '200', 'content-length': '255', 'connection': 'close', 'date': 'Wed, 09 Dec 2015 17:54:55 GMT', 'content-type': 'application/json; charset=UTF-8', 'x-openstack-request-id': 'req-da6dffef-c9b1-4545-adb1-2fc0e51bd177'}
        Body: {"subnet_id": "bb6c8380-a990-4ed9-9a00-25e33885ff2b", "tenant_id": "9da8a841d30c45b28db3d8c8d7b65577", "subnet_ids": ["bb6c8380-a990-4ed9-9a00-25e33885ff2b"], "port_id": "40c18c71-5a4b-40c1-be0e-0f65c58f1d15", "id": "6ac58d20-fc56-4fda-8de9-55d1714b9c92"}
2015-12-09 17:54:56,043 32316 INFO     [tempest_lib.common.rest_client] Request (TestGettingAddress:_run_cleanups): 204 DELETE http://10.0.2.15:9696/v2.0/subnets/bb6c8380-a990-4ed9-9a00-25e33885ff2b 0.358s
2015-12-09 17:54:56,043 32316 DEBUG    [tempest_lib.common.rest_client] Request - Headers: {'Content-Type': 'application/json', 'Accept': 'application/json', 'X-Auth-Token': '&lt;omitted&gt;'}
        Body: None
    Response - Headers: {'date': 'Wed, 09 Dec 2015 17:54:56 GMT', 'status': '204', 'connection': 'close', 'content-length': '0', 'x-openstack-request-id': 'req-bc195258-d010-4981-af80-6408bca6846d'}
        Body: 
2015-12-09 17:54:56,077 32316 INFO     [tempest_lib.common.rest_client] Request (TestGettingAddress:_run_cleanups): 404 DELETE http://10.0.2.15:9696/v2.0/subnets/bb6c8380-a990-4ed9-9a00-25e33885ff2b 0.033s
2015-12-09 17:54:56,077 32316 DEBUG    [tempest_lib.common.rest_client] Request - Headers: {'Content-Type': 'application/json', 'Accept': 'application/json', 'X-Auth-Token': '&lt;omitted&gt;'}
        Body: None
    Response - Headers: {'status': '404', 'content-length': '135', 'connection': 'close', 'date': 'Wed, 09 Dec 2015 17:54:56 GMT', 'content-type': 'application/json; charset=UTF-8', 'x-openstack-request-id': 'req-6152c0c2-36d8-44d1-9131-3c49caf85cdd'}
        Body: {"NeutronError": {"message": "Subnet bb6c8380-a990-4ed9-9a00-25e33885ff2b could not be found", "type": "SubnetNotFound", "detail": ""}}
2015-12-09 17:54:56,407 32316 INFO     [tempest_lib.common.rest_client] Request (TestGettingAddress:_run_cleanups): 200 PUT http://10.0.2.15:9696/v2.0/routers/6ac58d20-fc56-4fda-8de9-55d1714b9c92/remove_router_interface 0.329s
2015-12-09 17:54:56,408 32316 DEBUG    [tempest_lib.common.rest_client] Request - Headers: {'Content-Type': 'application/json', 'Accept': 'application/json', 'X-Auth-Token': '&lt;omitted&gt;'}
        Body: {"subnet_id": "f233101c-eda5-497b-a692-556a80e7848a"}
