<?xml version="1.0" encoding="UTF-8"?>
<!DOCTYPE html PUBLIC "-//W3C//DTD XHTML 1.0 Strict//EN"
     "http://www.w3.org/TR/xhtml1/DTD/xhtml1-strict.dtd">
<html xmlns="http://www.w3.org/1999/xhtml">
<head>
    <title>Unit Test Report</title>
    <meta name="generator" content="subunit2html 0.1"/>
    <meta http-equiv="Content-Type" content="text/html; charset=UTF-8"/>
    
<style type="text/css" media="screen">
body        { font-family: verdana, arial, helvetica, sans-serif;
    font-size: 80%; }
table       { font-size: 100%; width: 100%;}
pre         { font-size: 80%; }

/* -- heading -------------------------------------------------------------- */
h1 {
        font-size: 16pt;
        color: gray;
}
.heading {
    margin-top: 0ex;
    margin-bottom: 1ex;
}

.heading .attribute {
    margin-top: 1ex;
    margin-bottom: 0;
}

.heading .description {
    margin-top: 4ex;
    margin-bottom: 6ex;
}

/* -- css div popup -------------------------------------------------------- */
a.popup_link {
}

a.popup_link:hover {
    color: red;
}

.popup_window {
    display: none;
    overflow-x: scroll;
    /*border: solid #627173 1px; */
    padding: 10px;
    background-color: #E6E6D6;
    font-family: "Ubuntu Mono", "Lucida Console", "Courier New", monospace;
    text-align: left;
    font-size: 8pt;
}

}
/* -- report --------------------------------------------------------------- */
#show_detail_line {
    margin-top: 3ex;
    margin-bottom: 1ex;
}
#result_table {
    width: 100%;
    border-collapse: collapse;
    border: 1px solid #777;
}
#header_row {
    font-weight: bold;
    color: white;
    background-color: #777;
}
#result_table td {
    border: 1px solid #777;
    padding: 2px;
}
#total_row  { font-weight: bold; }
.passClass  { background-color: #6c6; }
.failClass  { background-color: #c60; }
.errorClass { background-color: #c00; }
.passCase   { color: #6c6; }
.failCase   { color: #c60; font-weight: bold; }
.errorCase  { color: #c00; font-weight: bold; }
.hiddenRow  { display: none; }
.testcase   { margin-left: 2em; }
td.testname {width: 40%}
td.small {width: 40px}

/* -- ending --------------------------------------------------------------- */
#ending {
}

</style>

</head>
<body>
<script language="javascript" type="text/javascript"><!--
output_list = Array();

/* level - 0:Summary; 1:Failed; 2:All */
function showCase(level) {
    trs = document.getElementsByTagName("tr");
    for (var i = 0; i < trs.length; i++) {
        tr = trs[i];
        id = tr.id;
        if (id.substr(0,2) == 'ft') {
            if (level < 1) {
                tr.className = 'hiddenRow';
            }
            else {
                tr.className = '';
            }
        }
        if (id.substr(0,2) == 'pt') {
            if (level > 1) {
                tr.className = '';
            }
            else {
                tr.className = 'hiddenRow';
            }
        }
    }
}


function showClassDetail(cid, count) {
    var id_list = Array(count);
    var toHide = 1;
    for (var i = 0; i < count; i++) {
        tid0 = 't' + cid.substr(1) + '.' + (i+1);
        tid = 'f' + tid0;
        tr = document.getElementById(tid);
        if (!tr) {
            tid = 'p' + tid0;
            tr = document.getElementById(tid);
        }
        id_list[i] = tid;
        if (tr.className) {
            toHide = 0;
        }
    }
    for (var i = 0; i < count; i++) {
        tid = id_list[i];
        if (toHide) {
            document.getElementById('div_'+tid).style.display = 'none'
            document.getElementById(tid).className = 'hiddenRow';
        }
        else {
            document.getElementById(tid).className = '';
        }
    }
}


function showTestDetail(div_id){
    var details_div = document.getElementById(div_id)
    var displayState = details_div.style.display
    // alert(displayState)
    if (displayState != 'block' ) {
        displayState = 'block'
        details_div.style.display = 'block'
    }
    else {
        details_div.style.display = 'none'
    }
}


function html_escape(s) {
    s = s.replace(/&/g,'&amp;');
    s = s.replace(/</g,'&lt;');
    s = s.replace(/>/g,'&gt;');
    return s;
}

/* obsoleted by detail in <div>
function showOutput(id, name) {
    var w = window.open("", //url
                    name,
                    "resizable,scrollbars,status,width=800,height=450");
    d = w.document;
    d.write("<pre>");
    d.write(html_escape(output_list[id]));
    d.write("\n");
    d.write("<a href='javascript:window.close()'>close</a>\n");
    d.write("</pre>\n");
    d.close();
}
*/
--></script>

<div class='heading'>
<h1>Unit Test Report</h1>

<p class='attribute'><strong>Status:</strong> Pass 2 Failure 6</p>

<p class='description'></p>
</div>



<p id='show_detail_line'>Show
<a href='javascript:showCase(0)'>Summary</a>
<a href='javascript:showCase(1)'>Failed</a>
<a href='javascript:showCase(2)'>All</a>
</p>
<table id='result_table'>
<colgroup>
<col align='left' />
<col align='right' />
<col align='right' />
<col align='right' />
<col align='right' />
<col align='right' />
<col align='right' />
<col align='right' />
</colgroup>
<tr id='header_row'>
    <td>Test Group/Test case</td>
    <td>Count</td>
    <td>Pass</td>
    <td>Fail</td>
    <td>Error</td>
    <td>Skip</td>
    <td>View</td>
    <td> </td>
</tr>

<tr class='failClass'>
    <td class="testname">tempest.scenario.test_network_v6.TestGettingAddress</td>
    <td class="small">8</td>
    <td class="small">2</td>
    <td class="small">6</td>
    <td class="small">0</td>
    <td class="small">0</td>
    <td class="small"><a href="javascript:showClassDetail('c1',8)"
>Detail</a></td>
    <td> </td>
</tr>

<tr id='ft1.1' class='none'>
    <td class='failCase'><div class='testcase'>test_dhcp6_stateless_from_os[compute,id-d7e1f858-187c-45a6-89c9-bdafde619a9f,network]</div></td>
    <td colspan='7' align='left'>

    <!--css div popup start-->
    <a class="popup_link" onfocus='this.blur();'
    href="javascript:showTestDetail('div_ft1.1')" >
        fail</a>

    <div id='div_ft1.1' class="popup_window">
        <div style='text-align: right; color:red;cursor:pointer'>
        <a onfocus='this.blur();'
onclick="document.getElementById('div_ft1.1').style.display = 'none' " >
           [x]</a>
        </div>
        <pre>
        
ft1.1: tempest.scenario.test_network_v6.TestGettingAddress.test_dhcp6_stateless_from_os[compute,id-d7e1f858-187c-45a6-89c9-bdafde619a9f,network]_StringException: Empty attachments:
  stderr
  stdout

pythonlogging:'': {{{
2015-12-04 07:50:27,538 27308 INFO     [tempest_lib.common.rest_client] Request (TestGettingAddress:setUp): 200 POST http://10.0.2.15:8774/v2.1/81b66f2f0d4f412e96ad29cdba1a9243/os-keypairs 0.385s
2015-12-04 07:50:27,539 27308 DEBUG    [tempest_lib.common.rest_client] Request - Headers: {'Content-Type': 'application/json', 'Accept': 'application/json', 'X-Auth-Token': '&lt;omitted&gt;'}
        Body: {"keypair": {"name": "tempest-TestGettingAddress-1391704334"}}
    Response - Headers: {'status': '200', 'content-length': '2320', 'x-compute-request-id': 'req-b0018dd2-a0e4-49e5-ac14-b1bd353cce67', 'vary': 'X-OpenStack-Nova-API-Version', 'connection': 'close', 'x-openstack-nova-api-version': '2.1', 'date': 'Fri, 04 Dec 2015 07:50:27 GMT', 'content-type': 'application/json'}
        Body: {"keypair": {"public_key": "ssh-rsa AAAAB3NzaC1yc2EAAAADAQABAAABAQCal+1sjryzxRlFsnfevrpC0SfOTnLFk48f6mDZlZGlmq3x3CDLRvV56ss69+/AKRZxnTOoVZF//WWkOucL4uSkSe0Wyo6ElqnYHFdwD0T+LK595caEP1SIe5LEFcCm1VIkJ6U+ba6vfAQOsiHEoaWZSzZGNVB5HuNUWklzuU2I2prBu617r5fZhpEpCpTU+QBOnXm9HqNOz9/ZslsimMXSkQfZoW61j+skb3muwDHMvOLg5/LzR3yBNWo0QOiLRoiVB8adGSDKmhoCUnOrsFagl5QaqWr2vUKWL/p7c47r5e0WYWASCkG4xV+nGLpLCYWy0scl+YZfBr5NJviAUbnd Generated-by-Nova", "private_key": "-----BEGIN RSA PRIVATE KEY-----\nMIIEqQIBAAKCAQEAmpftbI68s8UZRbJ33r66QtEnzk5yxZOPH+pg2ZWRpZqt8dwg\ny0b1eerLOvfvwCkWcZ0zqFWRf/1lpDrnC+LkpEntFsqOhJap2BxXcA9E/iyufeXG\nhD9UiHuSxBXAptVSJCelPm2ur3wEDrIhxKGlmUs2RjVQeR7jVFpJc7lNiNqawbut\ne6+X2YaRKQqU1PkATp15vR6jTs/f2bJbIpjF0pEH2aFutY/rJG95rsAxzLzi4Ofy\n80d8gTVqNEDoi0aIlQfGnRkgypoaAlJzq7BWoJeUGqlq9r1Cli/6e3OO6+XtFmFg\nEgpBuMVfpxi6SwmFstLHJfmGXwa+TSb4gFG53QIDAQABAoIBACqQ3InAf4rMIVpE\neqb1Qxn0tw4iIY3vREBYa5Rdj33WqkBnCQyPnDWWhaDV9cimR4y+6SNXdDmWju76\nXPWz4pqt1D8rRLSTO27K1vR+79NAgEcgBloRifgOdmnRR3toTzavR9t5ndipwAA/\n4fZfP9aGlAoe0eqXq6ZlOcZIZmXgxUcnXGewsZs5+0ph37Qhi1eC+FdywsaoFBXh\nUwjz5utqdlZm9NYDek8i59cn+Tq8A1O+P+qqQlsyIwlWnbcP5ONeMHFQiYZIGBE8\nY3rDP2vX737xMMsZxHAVT1/rs1B+SoAGGwiEwWLAqpImRl401wtlX6pRAcwg6qst\nYoDGS60CggCBALexnRopx4nQRepcs7BtAcyYhwMXhTujAVKXA/zzGFj1TP4L0cQ4\nXLg8VJySVjmbUpb2sMnJMZz6X3z4k9FFlLiCvqNcNrjZxB/p0YefCL/K0dRzs4ca\n3diS28h+cyiV35BnZ1qIX6wAlToC681rik14HQoUHMI8YuVq9gbWWFz3AoIAgQDX\ncfE2ZV6J1LXtFqIUrv7FYU2jSWJFpTZJ/MqWKZ10AosL58+0hP+N8tO7TZZ/CtLl\nBZZ1Q2ulXmV6qxbzo8Ig1TmMlT03vJsKStTtBrM4QCsF6B/t3t9SRDkBx0Z2/RC3\n7aGGGnzcvtADU39is47AJjfjEPkm+PahOkMFwAmOywKCAIEAhcebw78jrBF7qagj\n0VxCEDARO8Y4aOtY/j4vUFv2omrbzLTs6zulAyQk9vZ4R3IAHyPAMuUM9ec9/bTH\naoSDQDEwB6cTz2IBPMC7sUq4Q33BfTlaSQ3e/WhPGmBFHAyyiedU1RE2o/y0sVAJ\nTUyBp9PPSlTFcQwrdiuEzAv0xJcCggCBAJVIg45gkTBKLsEYlLhmRWy5LpW9TJXb\nk5GS00FXlp2DAZv/RUHdgkJ2htXbPjPLaTR+ObIJRHaywPhNwrqRtvsPJDBQXLnZ\nO0jXb1DJ+rc4Z1dRb4ZgjzeuxB2CWkYqtkHsK6cDhY9jvDkBy1u19W0ZTlJNOYcS\nrbor57L9TOIfAoIAgFgJtsVIOh+EAfOYjiUBLwZ27f/ofnmq63pULeegLzgp+i7p\neqlWQJ/lr6Tvu9biEM3NqPQM1wrDo8saBAKTQRUcwEzi6IubIvGROyVqr2umcoRa\nuIQ836aqVG2wgP+cUxnvXVamkItmRFrw4H416W96KGbwLQ4Q/Bwh/DBUtzeV\n-----END RSA PRIVATE KEY-----\n", "user_id": "b8bf476e0ac346d29fe2caffe55f0c2b", "name": "tempest-TestGettingAddress-1391704334", "fingerprint": "08:66:f6:f8:38:9a:13:1c:cf:c2:9f:03:71:3c:bb:3a"}}
2015-12-04 07:50:27,904 27308 INFO     [tempest_lib.common.rest_client] Request (TestGettingAddress:setUp): 201 POST http://10.0.2.15:9696/v2.0/security-groups 0.359s
2015-12-04 07:50:27,905 27308 DEBUG    [tempest_lib.common.rest_client] Request - Headers: {'Content-Type': 'application/json', 'Accept': 'application/json', 'X-Auth-Token': '&lt;omitted&gt;'}
        Body: {"security_group": {"tenant_id": "81b66f2f0d4f412e96ad29cdba1a9243", "description": "tempest-secgroup-smoke-1816260340 description", "name": "tempest-secgroup-smoke-1816260340"}}
    Response - Headers: {'status': '201', 'content-length': '888', 'connection': 'close', 'date': 'Fri, 04 Dec 2015 07:50:27 GMT', 'content-type': 'application/json; charset=UTF-8', 'x-openstack-request-id': 'req-64f9ae2b-ab51-4b41-80d1-a2f8590fa2d6'}
        Body: {"security_group": {"tenant_id": "81b66f2f0d4f412e96ad29cdba1a9243", "description": "tempest-secgroup-smoke-1816260340 description", "id": "73b8f675-961c-4ccc-b262-5d873f015b38", "security_group_rules": [{"remote_group_id": null, "direction": "egress", "remote_ip_prefix": null, "protocol": null, "ethertype": "IPv4", "tenant_id": "81b66f2f0d4f412e96ad29cdba1a9243", "port_range_max": null, "port_range_min": null, "id": "badbca87-32c9-48b6-9a06-fb4d18305954", "security_group_id": "73b8f675-961c-4ccc-b262-5d873f015b38"}, {"remote_group_id": null, "direction": "egress", "remote_ip_prefix": null, "protocol": null, "ethertype": "IPv6", "tenant_id": "81b66f2f0d4f412e96ad29cdba1a9243", "port_range_max": null, "port_range_min": null, "id": "8e47f422-cca2-407b-ac66-81e8eb4b2bb6", "security_group_id": "73b8f675-961c-4ccc-b262-5d873f015b38"}], "name": "tempest-secgroup-smoke-1816260340"}}
2015-12-04 07:50:28,010 27308 INFO     [tempest_lib.common.rest_client] Request (TestGettingAddress:setUp): 201 POST http://10.0.2.15:9696/v2.0/security-group-rules 0.103s
2015-12-04 07:50:28,010 27308 DEBUG    [tempest_lib.common.rest_client] Request - Headers: {'Content-Type': 'application/json', 'Accept': 'application/json', 'X-Auth-Token': '&lt;omitted&gt;'}
        Body: {"security_group_rule": {"direction": "ingress", "protocol": "tcp", "tenant_id": "81b66f2f0d4f412e96ad29cdba1a9243", "port_range_max": 22, "security_group_id": "73b8f675-961c-4ccc-b262-5d873f015b38", "port_range_min": 22}}
    Response - Headers: {'status': '201', 'content-length': '340', 'connection': 'close', 'date': 'Fri, 04 Dec 2015 07:50:28 GMT', 'content-type': 'application/json; charset=UTF-8', 'x-openstack-request-id': 'req-a6e77ec2-1c0b-4a27-b371-6be09d21c4cd'}
        Body: {"security_group_rule": {"remote_group_id": null, "direction": "ingress", "remote_ip_prefix": null, "protocol": "tcp", "ethertype": "IPv4", "tenant_id": "81b66f2f0d4f412e96ad29cdba1a9243", "port_range_max": 22, "port_range_min": 22, "id": "9e1525f9-8d99-4144-9612-ca3624c969f2", "security_group_id": "73b8f675-961c-4ccc-b262-5d873f015b38"}}
2015-12-04 07:50:28,122 27308 INFO     [tempest_lib.common.rest_client] Request (TestGettingAddress:setUp): 201 POST http://10.0.2.15:9696/v2.0/security-group-rules 0.111s
2015-12-04 07:50:28,122 27308 DEBUG    [tempest_lib.common.rest_client] Request - Headers: {'Content-Type': 'application/json', 'Accept': 'application/json', 'X-Auth-Token': '&lt;omitted&gt;'}
        Body: {"security_group_rule": {"direction": "egress", "protocol": "tcp", "tenant_id": "81b66f2f0d4f412e96ad29cdba1a9243", "port_range_max": 22, "security_group_id": "73b8f675-961c-4ccc-b262-5d873f015b38", "port_range_min": 22}}
    Response - Headers: {'status': '201', 'content-length': '339', 'connection': 'close', 'date': 'Fri, 04 Dec 2015 07:50:28 GMT', 'content-type': 'application/json; charset=UTF-8', 'x-openstack-request-id': 'req-1cb32711-609c-4eb9-9d21-d555583bbfc8'}
        Body: {"security_group_rule": {"remote_group_id": null, "direction": "egress", "remote_ip_prefix": null, "protocol": "tcp", "ethertype": "IPv4", "tenant_id": "81b66f2f0d4f412e96ad29cdba1a9243", "port_range_max": 22, "port_range_min": 22, "id": "c0223c23-1204-4e5c-a8c7-21b29d3537bd", "security_group_id": "73b8f675-961c-4ccc-b262-5d873f015b38"}}
2015-12-04 07:50:28,234 27308 INFO     [tempest_lib.common.rest_client] Request (TestGettingAddress:setUp): 201 POST http://10.0.2.15:9696/v2.0/security-group-rules 0.111s
2015-12-04 07:50:28,235 27308 DEBUG    [tempest_lib.common.rest_client] Request - Headers: {'Content-Type': 'application/json', 'Accept': 'application/json', 'X-Auth-Token': '&lt;omitted&gt;'}
        Body: {"security_group_rule": {"tenant_id": "81b66f2f0d4f412e96ad29cdba1a9243", "direction": "ingress", "protocol": "icmp", "security_group_id": "73b8f675-961c-4ccc-b262-5d873f015b38"}}
    Response - Headers: {'status': '201', 'content-length': '345', 'connection': 'close', 'date': 'Fri, 04 Dec 2015 07:50:28 GMT', 'content-type': 'application/json; charset=UTF-8', 'x-openstack-request-id': 'req-f4512526-27c2-4f20-b358-5b509c938c78'}
        Body: {"security_group_rule": {"remote_group_id": null, "direction": "ingress", "remote_ip_prefix": null, "protocol": "icmp", "ethertype": "IPv4", "tenant_id": "81b66f2f0d4f412e96ad29cdba1a9243", "port_range_max": null, "port_range_min": null, "id": "9c618322-7363-45a1-b159-c05efef60dfa", "security_group_id": "73b8f675-961c-4ccc-b262-5d873f015b38"}}
2015-12-04 07:50:28,350 27308 INFO     [tempest_lib.common.rest_client] Request (TestGettingAddress:setUp): 201 POST http://10.0.2.15:9696/v2.0/security-group-rules 0.114s
2015-12-04 07:50:28,350 27308 DEBUG    [tempest_lib.common.rest_client] Request - Headers: {'Content-Type': 'application/json', 'Accept': 'application/json', 'X-Auth-Token': '&lt;omitted&gt;'}
        Body: {"security_group_rule": {"tenant_id": "81b66f2f0d4f412e96ad29cdba1a9243", "direction": "egress", "protocol": "icmp", "security_group_id": "73b8f675-961c-4ccc-b262-5d873f015b38"}}
    Response - Headers: {'status': '201', 'content-length': '344', 'connection': 'close', 'date': 'Fri, 04 Dec 2015 07:50:28 GMT', 'content-type': 'application/json; charset=UTF-8', 'x-openstack-request-id': 'req-4e9d2114-f473-43fb-bcd2-99298944d9ee'}
        Body: {"security_group_rule": {"remote_group_id": null, "direction": "egress", "remote_ip_prefix": null, "protocol": "icmp", "ethertype": "IPv4", "tenant_id": "81b66f2f0d4f412e96ad29cdba1a9243", "port_range_max": null, "port_range_min": null, "id": "2c7db735-b358-41ed-a373-506b15bb6e08", "security_group_id": "73b8f675-961c-4ccc-b262-5d873f015b38"}}
2015-12-04 07:50:28,450 27308 INFO     [tempest_lib.common.rest_client] Request (TestGettingAddress:setUp): 201 POST http://10.0.2.15:9696/v2.0/security-group-rules 0.099s
2015-12-04 07:50:28,452 27308 DEBUG    [tempest_lib.common.rest_client] Request - Headers: {'Content-Type': 'application/json', 'Accept': 'application/json', 'X-Auth-Token': '&lt;omitted&gt;'}
        Body: {"security_group_rule": {"tenant_id": "81b66f2f0d4f412e96ad29cdba1a9243", "direction": "ingress", "security_group_id": "73b8f675-961c-4ccc-b262-5d873f015b38", "protocol": "icmp", "ethertype": "IPv6"}}
    Response - Headers: {'status': '201', 'content-length': '345', 'connection': 'close', 'date': 'Fri, 04 Dec 2015 07:50:28 GMT', 'content-type': 'application/json; charset=UTF-8', 'x-openstack-request-id': 'req-ec8f05fb-a8bf-4958-921f-cbc069c4d5fd'}
        Body: {"security_group_rule": {"remote_group_id": null, "direction": "ingress", "remote_ip_prefix": null, "protocol": "icmp", "ethertype": "IPv6", "tenant_id": "81b66f2f0d4f412e96ad29cdba1a9243", "port_range_max": null, "port_range_min": null, "id": "f234121b-eb99-4a29-ba33-2881aa1eca20", "security_group_id": "73b8f675-961c-4ccc-b262-5d873f015b38"}}
2015-12-04 07:50:28,567 27308 INFO     [tempest_lib.common.rest_client] Request (TestGettingAddress:setUp): 201 POST http://10.0.2.15:9696/v2.0/security-group-rules 0.113s
2015-12-04 07:50:28,568 27308 DEBUG    [tempest_lib.common.rest_client] Request - Headers: {'Content-Type': 'application/json', 'Accept': 'application/json', 'X-Auth-Token': '&lt;omitted&gt;'}
        Body: {"security_group_rule": {"tenant_id": "81b66f2f0d4f412e96ad29cdba1a9243", "direction": "egress", "security_group_id": "73b8f675-961c-4ccc-b262-5d873f015b38", "protocol": "icmp", "ethertype": "IPv6"}}
    Response - Headers: {'status': '201', 'content-length': '344', 'connection': 'close', 'date': 'Fri, 04 Dec 2015 07:50:28 GMT', 'content-type': 'application/json; charset=UTF-8', 'x-openstack-request-id': 'req-2eeeb234-432e-4c4f-b8e5-04f14cfc683d'}
        Body: {"security_group_rule": {"remote_group_id": null, "direction": "egress", "remote_ip_prefix": null, "protocol": "icmp", "ethertype": "IPv6", "tenant_id": "81b66f2f0d4f412e96ad29cdba1a9243", "port_range_max": null, "port_range_min": null, "id": "8ed70d27-3109-4258-84a3-0cb87e55aecd", "security_group_id": "73b8f675-961c-4ccc-b262-5d873f015b38"}}
2015-12-04 07:50:28,682 27308 INFO     [tempest_lib.common.rest_client] Request (TestGettingAddress:test_dhcp6_stateless_from_os): 201 POST http://10.0.2.15:9696/v2.0/networks 0.112s
2015-12-04 07:50:28,683 27308 DEBUG    [tempest_lib.common.rest_client] Request - Headers: {'Content-Type': 'application/json', 'Accept': 'application/json', 'X-Auth-Token': '&lt;omitted&gt;'}
        Body: {"network": {"tenant_id": "81b66f2f0d4f412e96ad29cdba1a9243", "name": "tempest-network-smoke--645130874"}}
    Response - Headers: {'status': '201', 'content-length': '295', 'connection': 'close', 'date': 'Fri, 04 Dec 2015 07:50:28 GMT', 'content-type': 'application/json; charset=UTF-8', 'x-openstack-request-id': 'req-a97b887d-e7ad-450b-a02b-3c8d3565812a'}
        Body: {"network": {"status": "ACTIVE", "subnets": [], "name": "tempest-network-smoke--645130874", "admin_state_up": true, "tenant_id": "81b66f2f0d4f412e96ad29cdba1a9243", "mtu": 0, "router:external": false, "shared": false, "port_security_enabled": true, "id": "fd61c169-4305-4594-be70-18d08edf4fcd"}}
2015-12-04 07:50:28,849 27308 INFO     [tempest_lib.common.rest_client] Request (TestGettingAddress:test_dhcp6_stateless_from_os): 200 GET http://10.0.2.15:9696/v2.0/subnets?tenant_id=81b66f2f0d4f412e96ad29cdba1a9243&amp;cidr=10.100.0.0%2F28 0.164s
2015-12-04 07:50:28,849 27308 DEBUG    [tempest_lib.common.rest_client] Request - Headers: {'Content-Type': 'application/json', 'Accept': 'application/json', 'X-Auth-Token': '&lt;omitted&gt;'}
        Body: None
    Response - Headers: {'status': '200', 'content-length': '15', 'content-location': 'http://10.0.2.15:9696/v2.0/subnets?tenant_id=81b66f2f0d4f412e96ad29cdba1a9243&amp;cidr=10.100.0.0%2F28', 'connection': 'close', 'date': 'Fri, 04 Dec 2015 07:50:28 GMT', 'content-type': 'application/json; charset=UTF-8', 'x-openstack-request-id': 'req-33d82797-044c-4dc6-90d2-27848b32b20b'}
        Body: {"subnets": []}
2015-12-04 07:50:29,198 27308 INFO     [tempest_lib.common.rest_client] Request (TestGettingAddress:test_dhcp6_stateless_from_os): 201 POST http://10.0.2.15:9696/v2.0/subnets 0.347s
2015-12-04 07:50:29,198 27308 DEBUG    [tempest_lib.common.rest_client] Request - Headers: {'Content-Type': 'application/json', 'Accept': 'application/json', 'X-Auth-Token': '&lt;omitted&gt;'}
        Body: {"subnet": {"ip_version": 4, "tenant_id": "81b66f2f0d4f412e96ad29cdba1a9243", "cidr": "10.100.0.0/28", "network_id": "fd61c169-4305-4594-be70-18d08edf4fcd", "name": "tempest-sub4-1561944442"}}
    Response - Headers: {'status': '201', 'content-length': '470', 'connection': 'close', 'date': 'Fri, 04 Dec 2015 07:50:29 GMT', 'content-type': 'application/json; charset=UTF-8', 'x-openstack-request-id': 'req-e84b0686-3d50-42a9-a29a-4bac445c9a80'}
        Body: {"subnet": {"name": "tempest-sub4-1561944442", "enable_dhcp": true, "network_id": "fd61c169-4305-4594-be70-18d08edf4fcd", "tenant_id": "81b66f2f0d4f412e96ad29cdba1a9243", "dns_nameservers": [], "gateway_ip": "10.100.0.1", "ipv6_ra_mode": null, "allocation_pools": [{"start": "10.100.0.2", "end": "10.100.0.14"}], "host_routes": [], "ip_version": 4, "ipv6_address_mode": null, "cidr": "10.100.0.0/28", "id": "6a2ad1d3-80bc-41d7-8fd7-975933e102ad", "subnetpool_id": null}}
2015-12-04 07:50:29,265 27308 INFO     [tempest_lib.common.rest_client] Request (TestGettingAddress:test_dhcp6_stateless_from_os): 201 POST http://10.0.2.15:9696/v2.0/routers 0.064s
2015-12-04 07:50:29,265 27308 DEBUG    [tempest_lib.common.rest_client] Request - Headers: {'Content-Type': 'application/json', 'Accept': 'application/json', 'X-Auth-Token': '&lt;omitted&gt;'}
        Body: {"router": {"tenant_id": "81b66f2f0d4f412e96ad29cdba1a9243", "name": "tempest-router-smoke-57646999", "admin_state_up": true}}
    Response - Headers: {'status': '201', 'content-length': '237', 'connection': 'close', 'date': 'Fri, 04 Dec 2015 07:50:29 GMT', 'content-type': 'application/json; charset=UTF-8', 'x-openstack-request-id': 'req-c7a4cf25-a330-4b0f-ad11-b8dc7ee83095'}
        Body: {"router": {"status": "ACTIVE", "external_gateway_info": null, "name": "tempest-router-smoke-57646999", "admin_state_up": true, "tenant_id": "81b66f2f0d4f412e96ad29cdba1a9243", "routes": [], "id": "2061f33c-0fa6-497f-8ebc-ee9e1f42d5ee"}}
2015-12-04 07:50:29,306 27308 INFO     [tempest_lib.common.rest_client] Request (TestGettingAddress:test_dhcp6_stateless_from_os): 200 GET http://10.0.2.15:9696/v2.0/routers/2061f33c-0fa6-497f-8ebc-ee9e1f42d5ee 0.041s
2015-12-04 07:50:29,307 27308 DEBUG    [tempest_lib.common.rest_client] Request - Headers: {'Content-Type': 'application/json', 'Accept': 'application/json', 'X-Auth-Token': '&lt;omitted&gt;'}
        Body: None
    Response - Headers: {'status': '200', 'content-length': '237', 'content-location': 'http://10.0.2.15:9696/v2.0/routers/2061f33c-0fa6-497f-8ebc-ee9e1f42d5ee', 'connection': 'close', 'date': 'Fri, 04 Dec 2015 07:50:29 GMT', 'content-type': 'application/json; charset=UTF-8', 'x-openstack-request-id': 'req-c96636f5-956a-4ef8-a3eb-8f7bb9f53a65'}
        Body: {"router": {"status": "ACTIVE", "external_gateway_info": null, "name": "tempest-router-smoke-57646999", "admin_state_up": true, "tenant_id": "81b66f2f0d4f412e96ad29cdba1a9243", "routes": [], "id": "2061f33c-0fa6-497f-8ebc-ee9e1f42d5ee"}}
2015-12-04 07:50:29,914 27308 INFO     [tempest_lib.common.rest_client] Request (TestGettingAddress:test_dhcp6_stateless_from_os): 200 PUT http://10.0.2.15:9696/v2.0/routers/2061f33c-0fa6-497f-8ebc-ee9e1f42d5ee 0.606s
2015-12-04 07:50:29,915 27308 DEBUG    [tempest_lib.common.rest_client] Request - Headers: {'Content-Type': 'application/json', 'Accept': 'application/json', 'X-Auth-Token': '&lt;omitted&gt;'}
        Body: {"router": {"external_gateway_info": {"network_id": "0889244e-9006-4561-b69d-6657a4ec8530"}, "name": "tempest-router-smoke-57646999", "admin_state_up": true}}
    Response - Headers: {'status': '200', 'content-length': '499', 'connection': 'close', 'date': 'Fri, 04 Dec 2015 07:50:29 GMT', 'content-type': 'application/json; charset=UTF-8', 'x-openstack-request-id': 'req-8d2178a5-81f2-4d16-97fb-452b85870f9a'}
        Body: {"router": {"status": "ACTIVE", "external_gateway_info": {"network_id": "0889244e-9006-4561-b69d-6657a4ec8530", "enable_snat": true, "external_fixed_ips": [{"subnet_id": "937106f5-f200-4795-85bf-52c6376b2629", "ip_address": "172.24.4.3"}, {"subnet_id": "e0911049-75b4-45c9-bff4-0533541b3f6c", "ip_address": "2001:db8::3"}]}, "name": "tempest-router-smoke-57646999", "admin_state_up": true, "tenant_id": "81b66f2f0d4f412e96ad29cdba1a9243", "routes": [], "id": "2061f33c-0fa6-497f-8ebc-ee9e1f42d5ee"}}
2015-12-04 07:50:30,594 27308 INFO     [tempest_lib.common.rest_client] Request (TestGettingAddress:test_dhcp6_stateless_from_os): 200 PUT http://10.0.2.15:9696/v2.0/routers/2061f33c-0fa6-497f-8ebc-ee9e1f42d5ee/add_router_interface 0.678s
2015-12-04 07:50:30,594 27308 DEBUG    [tempest_lib.common.rest_client] Request - Headers: {'Content-Type': 'application/json', 'Accept': 'application/json', 'X-Auth-Token': '&lt;omitted&gt;'}
        Body: {"subnet_id": "6a2ad1d3-80bc-41d7-8fd7-975933e102ad"}
    Response - Headers: {'status': '200', 'content-length': '255', 'connection': 'close', 'date': 'Fri, 04 Dec 2015 07:50:30 GMT', 'content-type': 'application/json; charset=UTF-8', 'x-openstack-request-id': 'req-172572a9-ee70-439b-99de-aa25037180f7'}
        Body: {"subnet_id": "6a2ad1d3-80bc-41d7-8fd7-975933e102ad", "tenant_id": "81b66f2f0d4f412e96ad29cdba1a9243", "subnet_ids": ["6a2ad1d3-80bc-41d7-8fd7-975933e102ad"], "port_id": "cbf0862c-c04e-4d2a-b511-7fcfca6e76e0", "id": "2061f33c-0fa6-497f-8ebc-ee9e1f42d5ee"}
2015-12-04 07:50:30,628 27308 INFO     [tempest_lib.common.rest_client] Request (TestGettingAddress:test_dhcp6_stateless_from_os): 200 GET http://10.0.2.15:9696/v2.0/subnets?tenant_id=81b66f2f0d4f412e96ad29cdba1a9243&amp;cidr=2003%3A%3A%2F64 0.032s
2015-12-04 07:50:30,629 27308 DEBUG    [tempest_lib.common.rest_client] Request - Headers: {'Content-Type': 'application/json', 'Accept': 'application/json', 'X-Auth-Token': '&lt;omitted&gt;'}
        Body: None
    Response - Headers: {'status': '200', 'content-length': '15', 'content-location': 'http://10.0.2.15:9696/v2.0/subnets?tenant_id=81b66f2f0d4f412e96ad29cdba1a9243&amp;cidr=2003%3A%3A%2F64', 'connection': 'close', 'date': 'Fri, 04 Dec 2015 07:50:30 GMT', 'content-type': 'application/json; charset=UTF-8', 'x-openstack-request-id': 'req-2d1d223d-5b26-4fd3-8a2b-8b26bca0043f'}
        Body: {"subnets": []}
2015-12-04 07:50:30,937 27308 INFO     [tempest_lib.common.rest_client] Request (TestGettingAddress:test_dhcp6_stateless_from_os): 201 POST http://10.0.2.15:9696/v2.0/subnets 0.307s
2015-12-04 07:50:30,938 27308 DEBUG    [tempest_lib.common.rest_client] Request - Headers: {'Content-Type': 'application/json', 'Accept': 'application/json', 'X-Auth-Token': '&lt;omitted&gt;'}
        Body: {"subnet": {"name": "tempest-sub6-831912501", "network_id": "fd61c169-4305-4594-be70-18d08edf4fcd", "tenant_id": "81b66f2f0d4f412e96ad29cdba1a9243", "ipv6_ra_mode": "dhcpv6-stateless", "ip_version": 6, "ipv6_address_mode": "dhcpv6-stateless", "cidr": "2003::/64"}}
    Response - Headers: {'status': '201', 'content-length': '501', 'connection': 'close', 'date': 'Fri, 04 Dec 2015 07:50:30 GMT', 'content-type': 'application/json; charset=UTF-8', 'x-openstack-request-id': 'req-6f15c8e4-7e0f-42e3-b886-55ce497e4231'}
        Body: {"subnet": {"name": "tempest-sub6-831912501", "enable_dhcp": true, "network_id": "fd61c169-4305-4594-be70-18d08edf4fcd", "tenant_id": "81b66f2f0d4f412e96ad29cdba1a9243", "dns_nameservers": [], "gateway_ip": "2003::1", "ipv6_ra_mode": "dhcpv6-stateless", "allocation_pools": [{"start": "2003::2", "end": "2003::ffff:ffff:ffff:ffff"}], "host_routes": [], "ip_version": 6, "ipv6_address_mode": "dhcpv6-stateless", "cidr": "2003::/64", "id": "2f0f2e91-ba6d-41e5-828d-ed4f42f7fb87", "subnetpool_id": null}}
2015-12-04 07:50:31,585 27308 INFO     [tempest_lib.common.rest_client] Request (TestGettingAddress:test_dhcp6_stateless_from_os): 200 PUT http://10.0.2.15:9696/v2.0/routers/2061f33c-0fa6-497f-8ebc-ee9e1f42d5ee/add_router_interface 0.645s
2015-12-04 07:50:31,585 27308 DEBUG    [tempest_lib.common.rest_client] Request - Headers: {'Content-Type': 'application/json', 'Accept': 'application/json', 'X-Auth-Token': '&lt;omitted&gt;'}
        Body: {"subnet_id": "2f0f2e91-ba6d-41e5-828d-ed4f42f7fb87"}
    Response - Headers: {'status': '200', 'content-length': '255', 'connection': 'close', 'date': 'Fri, 04 Dec 2015 07:50:31 GMT', 'content-type': 'application/json; charset=UTF-8', 'x-openstack-request-id': 'req-4501b85c-68ab-48cc-bd76-cea7275aef61'}
        Body: {"subnet_id": "2f0f2e91-ba6d-41e5-828d-ed4f42f7fb87", "tenant_id": "81b66f2f0d4f412e96ad29cdba1a9243", "subnet_ids": ["2f0f2e91-ba6d-41e5-828d-ed4f42f7fb87"], "port_id": "ed2353fc-9dae-429f-95ee-a0492e477424", "id": "2061f33c-0fa6-497f-8ebc-ee9e1f42d5ee"}
2015-12-04 07:50:31,670 27308 INFO     [tempest_lib.common.rest_client] Request (TestGettingAddress:test_dhcp6_stateless_from_os): 200 POST http://10.0.2.15:5000/v2.0/tokens
2015-12-04 07:50:31,671 27308 DEBUG    [tempest_lib.common.rest_client] Request - Headers: {'Content-Type': 'application/json', 'Accept': 'application/json'}
        Body: &lt;omitted&gt;
    Response - Headers: {'status': '200', 'content-length': '2524', 'vary': 'X-Auth-Token', 'server': 'Apache/2.4.7 (Ubuntu)', 'connection': 'close', 'date': 'Fri, 04 Dec 2015 07:50:31 GMT', 'content-type': 'application/json', 'x-openstack-request-id': 'req-bab899aa-42e7-4745-90ad-21abb933efe8'}
        Body: {"access": {"token": {"issued_at": "2015-12-04T07:50:31.660054", "expires": "2015-12-04T08:50:31Z", "id": "e35e2348669d4db78588d3c10d340a91", "tenant": {"description": "tempest-TestGettingAddress-1414817114-desc", "enabled": true, "id": "81b66f2f0d4f412e96ad29cdba1a9243", "name": "tempest-TestGettingAddress-1414817114"}, "audit_ids": ["inWXpuNGT8qeXurkor3Mug"]}, "serviceCatalog": [{"endpoints": [{"adminURL": "http://10.0.2.15:8774/v2.1/81b66f2f0d4f412e96ad29cdba1a9243", "region": "RegionOne", "internalURL": "http://10.0.2.15:8774/v2.1/81b66f2f0d4f412e96ad29cdba1a9243", "id": "8cf5aedaf3fe44fcb016797b51adc28a", "publicURL": "http://10.0.2.15:8774/v2.1/81b66f2f0d4f412e96ad29cdba1a9243"}], "endpoints_links": [], "type": "compute", "name": "nova"}, {"endpoints": [{"adminURL": "http://10.0.2.15:9696/", "region": "RegionOne", "internalURL": "http://10.0.2.15:9696/", "id": "0de453914f0f4d3b8f62e2e3655a3a5f", "publicURL": "http://10.0.2.15:9696/"}], "endpoints_links": [], "type": "network", "name": "neutron"}, {"endpoints": [{"adminURL": "http://10.0.2.15:9292", "region": "RegionOne", "internalURL": "http://10.0.2.15:9292", "id": "1b8573c3224f4106b6d1a0bd769c2fb5", "publicURL": "http://10.0.2.15:9292"}], "endpoints_links": [], "type": "image", "name": "glance"}, {"endpoints": [{"adminURL": "http://10.0.2.15:8774/v2/81b66f2f0d4f412e96ad29cdba1a9243", "region": "RegionOne", "internalURL": "http://10.0.2.15:8774/v2/81b66f2f0d4f412e96ad29cdba1a9243", "id": "3d3497927af7441b9258a23685fa9816", "publicURL": "http://10.0.2.15:8774/v2/81b66f2f0d4f412e96ad29cdba1a9243"}], "endpoints_links": [], "type": "compute_legacy", "name": "nova_legacy"}, {"endpoints": [{"adminURL": "http://10.0.2.15:8773/", "region": "RegionOne", "internalURL": "http://10.0.2.15:8773/", "id": "1e059bec22884e5ab9a0a94af6fa707e", "publicURL": "http://10.0.2.15:8773/"}], "endpoints_links": [], "type": "ec2", "name": "ec2"}, {"endpoints": [{"adminURL": "http://10.0.2.15:35357/v2.0", "region": "RegionOne", "internalURL": "http://10.0.2.15:5000/v2.0", "id": "4d9e66a44aef41bd82785ff4eb4e9a07", "publicURL": "http://10.0.2.15:5000/v2.0"}], "endpoints_links": [], "type": "identity", "name": "keystone"}], "user": {"username": "tempest-TestGettingAddress-542542523", "roles_links": [], "id": "b8bf476e0ac346d29fe2caffe55f0c2b", "roles": [{"name": "Member"}, {"name": "_member_"}], "name": "tempest-TestGettingAddress-542542523"}, "metadata": {"is_admin": 0, "roles": ["3db0fce4b8ad48a191add60411d44ea1", "9fe2ff9ee4384b1894a90878d3e92bab"]}}}
2015-12-04 07:50:31,675 27308 DEBUG    [tempest.common.fixed_network] (TestGettingAddress:test_dhcp6_stateless_from_os) No valid network provided or created, defaulting to fixed_network_name
2015-12-04 07:50:31,975 27308 INFO     [tempest_lib.common.rest_client] Request (TestGettingAddress:test_dhcp6_stateless_from_os): 200 GET http://10.0.2.15:8774/v2.1/81b66f2f0d4f412e96ad29cdba1a9243/os-networks 0.300s
2015-12-04 07:50:31,976 27308 DEBUG    [tempest_lib.common.rest_client] Request - Headers: {'Content-Type': 'application/json', 'Accept': 'application/json', 'X-Auth-Token': '&lt;omitted&gt;'}
        Body: None
    Response - Headers: {'status': '200', 'content-length': '478', 'content-location': 'http://10.0.2.15:8774/v2.1/81b66f2f0d4f412e96ad29cdba1a9243/os-networks', 'x-compute-request-id': 'req-bd8e294c-f2b9-49a9-b102-685bbc8afd11', 'vary': 'X-OpenStack-Nova-API-Version', 'connection': 'close', 'x-openstack-nova-api-version': '2.1', 'date': 'Fri, 04 Dec 2015 07:50:31 GMT', 'content-type': 'application/json'}
        Body: {"networks": [{"cidr_v6": null, "dns2": null, "dns1": null, "gateway": null, "broadcast": null, "netmask": null, "gateway_v6": null, "cidr": null, "label": "public", "id": "0889244e-9006-4561-b69d-6657a4ec8530", "netmask_v6": null}, {"cidr_v6": null, "dns2": null, "dns1": null, "gateway": null, "broadcast": null, "netmask": null, "gateway_v6": null, "cidr": null, "label": "tempest-network-smoke--645130874", "id": "fd61c169-4305-4594-be70-18d08edf4fcd", "netmask_v6": null}]}
2015-12-04 07:50:31,976 27308 WARNING  [tempest.common.fixed_network] (TestGettingAddress:test_dhcp6_stateless_from_os) Network with name: private not found
2015-12-04 07:50:31,976 27308 INFO     [tempest.common.fixed_network] (TestGettingAddress:test_dhcp6_stateless_from_os) Found network {} available for tenant
2015-12-04 07:50:33,125 27308 INFO     [tempest_lib.common.rest_client] Request (TestGettingAddress:test_dhcp6_stateless_from_os): 202 POST http://10.0.2.15:8774/v2.1/81b66f2f0d4f412e96ad29cdba1a9243/servers 1.148s
2015-12-04 07:50:33,126 27308 DEBUG    [tempest_lib.common.rest_client] Request - Headers: {'Content-Type': 'application/json', 'Accept': 'application/json', 'X-Auth-Token': '&lt;omitted&gt;'}
        Body: {"server": {"name": "tempest.common.compute-instance-1632751769", "imageRef": "fa3bc9ad-c074-49c1-9a75-026a8a218517", "key_name": "tempest-TestGettingAddress-1391704334", "flavorRef": "42", "networks": [{"uuid": "fd61c169-4305-4594-be70-18d08edf4fcd"}], "security_groups": [{"name": "tempest-secgroup-smoke-1816260340"}]}}
    Response - Headers: {'status': '202', 'content-length': '462', 'x-compute-request-id': 'req-52d81c0b-ef8a-40f3-828b-d29bfc6954cc', 'vary': 'X-OpenStack-Nova-API-Version', 'connection': 'close', 'location': 'http://10.0.2.15:8774/v2.1/81b66f2f0d4f412e96ad29cdba1a9243/servers/4e77e16f-93aa-49d8-a56f-c774a690079a', 'x-openstack-nova-api-version': '2.1', 'date': 'Fri, 04 Dec 2015 07:50:33 GMT', 'content-type': 'application/json'}
        Body: {"server": {"security_groups": [{"name": "tempest-secgroup-smoke-1816260340"}], "OS-DCF:diskConfig": "MANUAL", "id": "4e77e16f-93aa-49d8-a56f-c774a690079a", "links": [{"href": "http://10.0.2.15:8774/v2.1/81b66f2f0d4f412e96ad29cdba1a9243/servers/4e77e16f-93aa-49d8-a56f-c774a690079a", "rel": "self"}, {"href": "http://10.0.2.15:8774/81b66f2f0d4f412e96ad29cdba1a9243/servers/4e77e16f-93aa-49d8-a56f-c774a690079a", "rel": "bookmark"}], "adminPass": "L8LwEC9CwfUr"}}
2015-12-04 07:50:33,265 27308 INFO     [tempest_lib.common.rest_client] Request (TestGettingAddress:test_dhcp6_stateless_from_os): 200 GET http://10.0.2.15:8774/v2.1/81b66f2f0d4f412e96ad29cdba1a9243/servers/4e77e16f-93aa-49d8-a56f-c774a690079a 0.136s
2015-12-04 07:50:33,265 27308 DEBUG    [tempest_lib.common.rest_client] Request - Headers: {'Content-Type': 'application/json', 'Accept': 'application/json', 'X-Auth-Token': '&lt;omitted&gt;'}
        Body: None
    Response - Headers: {'status': '200', 'content-length': '1355', 'content-location': 'http://10.0.2.15:8774/v2.1/81b66f2f0d4f412e96ad29cdba1a9243/servers/4e77e16f-93aa-49d8-a56f-c774a690079a', 'x-compute-request-id': 'req-c6735266-4039-454f-8f8c-035598a331d1', 'vary': 'X-OpenStack-Nova-API-Version', 'connection': 'close', 'x-openstack-nova-api-version': '2.1', 'date': 'Fri, 04 Dec 2015 07:50:33 GMT', 'content-type': 'application/json'}
        Body: {"server": {"status": "BUILD", "updated": "2015-12-04T07:50:33Z", "hostId": "", "addresses": {}, "links": [{"href": "http://10.0.2.15:8774/v2.1/81b66f2f0d4f412e96ad29cdba1a9243/servers/4e77e16f-93aa-49d8-a56f-c774a690079a", "rel": "self"}, {"href": "http://10.0.2.15:8774/81b66f2f0d4f412e96ad29cdba1a9243/servers/4e77e16f-93aa-49d8-a56f-c774a690079a", "rel": "bookmark"}], "key_name": "tempest-TestGettingAddress-1391704334", "image": {"id": "fa3bc9ad-c074-49c1-9a75-026a8a218517", "links": [{"href": "http://10.0.2.15:8774/81b66f2f0d4f412e96ad29cdba1a9243/images/fa3bc9ad-c074-49c1-9a75-026a8a218517", "rel": "bookmark"}]}, "OS-EXT-STS:task_state": "scheduling", "OS-EXT-STS:vm_state": "building", "OS-SRV-USG:launched_at": null, "flavor": {"id": "42", "links": [{"href": "http://10.0.2.15:8774/81b66f2f0d4f412e96ad29cdba1a9243/flavors/42", "rel": "bookmark"}]}, "id": "4e77e16f-93aa-49d8-a56f-c774a690079a", "OS-SRV-USG:terminated_at": null, "OS-EXT-AZ:availability_zone": "", "user_id": "b8bf476e0ac346d29fe2caffe55f0c2b", "name": "tempest.common.compute-instance-1632751769", "created": "2015-12-04T07:50:33Z", "tenant_id": "81b66f2f0d4f412e96ad29cdba1a9243", "OS-DCF:diskConfig": "MANUAL", "os-extended-volumes:volumes_attached": [], "accessIPv4": "", "accessIPv6": "", "progress": 0, "OS-EXT-STS:power_state": 0, "config_drive": "", "metadata": {}}}
2015-12-04 07:50:34,510 27308 INFO     [tempest_lib.common.rest_client] Request (TestGettingAddress:test_dhcp6_stateless_from_os): 200 GET http://10.0.2.15:8774/v2.1/81b66f2f0d4f412e96ad29cdba1a9243/servers/4e77e16f-93aa-49d8-a56f-c774a690079a 0.235s
2015-12-04 07:50:34,511 27308 DEBUG    [tempest_lib.common.rest_client] Request - Headers: {'Content-Type': 'application/json', 'Accept': 'application/json', 'X-Auth-Token': '&lt;omitted&gt;'}
        Body: None
    Response - Headers: {'status': '200', 'content-length': '1481', 'content-location': 'http://10.0.2.15:8774/v2.1/81b66f2f0d4f412e96ad29cdba1a9243/servers/4e77e16f-93aa-49d8-a56f-c774a690079a', 'x-compute-request-id': 'req-b93c0d2a-6e04-4cdd-92b5-4851660c049a', 'vary': 'X-OpenStack-Nova-API-Version', 'connection': 'close', 'x-openstack-nova-api-version': '2.1', 'date': 'Fri, 04 Dec 2015 07:50:34 GMT', 'content-type': 'application/json'}
        Body: {"server": {"status": "BUILD", "updated": "2015-12-04T07:50:34Z", "hostId": "280cde00b203ce86c6098341c26d01cc398184961bc47f6edd8783d4", "addresses": {}, "links": [{"href": "http://10.0.2.15:8774/v2.1/81b66f2f0d4f412e96ad29cdba1a9243/servers/4e77e16f-93aa-49d8-a56f-c774a690079a", "rel": "self"}, {"href": "http://10.0.2.15:8774/81b66f2f0d4f412e96ad29cdba1a9243/servers/4e77e16f-93aa-49d8-a56f-c774a690079a", "rel": "bookmark"}], "key_name": "tempest-TestGettingAddress-1391704334", "image": {"id": "fa3bc9ad-c074-49c1-9a75-026a8a218517", "links": [{"href": "http://10.0.2.15:8774/81b66f2f0d4f412e96ad29cdba1a9243/images/fa3bc9ad-c074-49c1-9a75-026a8a218517", "rel": "bookmark"}]}, "OS-EXT-STS:task_state": "spawning", "OS-EXT-STS:vm_state": "building", "OS-SRV-USG:launched_at": null, "flavor": {"id": "42", "links": [{"href": "http://10.0.2.15:8774/81b66f2f0d4f412e96ad29cdba1a9243/flavors/42", "rel": "bookmark"}]}, "id": "4e77e16f-93aa-49d8-a56f-c774a690079a", "security_groups": [{"name": "tempest-secgroup-smoke-1816260340"}], "OS-SRV-USG:terminated_at": null, "OS-EXT-AZ:availability_zone": "nova", "user_id": "b8bf476e0ac346d29fe2caffe55f0c2b", "name": "tempest.common.compute-instance-1632751769", "created": "2015-12-04T07:50:33Z", "tenant_id": "81b66f2f0d4f412e96ad29cdba1a9243", "OS-DCF:diskConfig": "MANUAL", "os-extended-volumes:volumes_attached": [], "accessIPv4": "", "accessIPv6": "", "progress": 0, "OS-EXT-STS:power_state": 0, "config_drive": "", "metadata": {}}}
2015-12-04 07:50:34,520 27308 INFO     [tempest.common.waiters] State transition "BUILD/scheduling" ==&gt; "BUILD/spawning" after 1 second wait
2015-12-04 07:50:35,695 27308 INFO     [tempest_lib.common.rest_client] Request (TestGettingAddress:test_dhcp6_stateless_from_os): 200 GET http://10.0.2.15:8774/v2.1/81b66f2f0d4f412e96ad29cdba1a9243/servers/4e77e16f-93aa-49d8-a56f-c774a690079a 0.173s
2015-12-04 07:50:35,696 27308 DEBUG    [tempest_lib.common.rest_client] Request - Headers: {'Content-Type': 'application/json', 'Accept': 'application/json', 'X-Auth-Token': '&lt;omitted&gt;'}
        Body: None
    Response - Headers: {'status': '200', 'content-length': '1481', 'content-location': 'http://10.0.2.15:8774/v2.1/81b66f2f0d4f412e96ad29cdba1a9243/servers/4e77e16f-93aa-49d8-a56f-c774a690079a', 'x-compute-request-id': 'req-f8bb002a-12d2-4c84-a9d0-ede7ff51f4e1', 'vary': 'X-OpenStack-Nova-API-Version', 'connection': 'close', 'x-openstack-nova-api-version': '2.1', 'date': 'Fri, 04 Dec 2015 07:50:35 GMT', 'content-type': 'application/json'}
        Body: {"server": {"status": "BUILD", "updated": "2015-12-04T07:50:34Z", "hostId": "280cde00b203ce86c6098341c26d01cc398184961bc47f6edd8783d4", "addresses": {}, "links": [{"href": "http://10.0.2.15:8774/v2.1/81b66f2f0d4f412e96ad29cdba1a9243/servers/4e77e16f-93aa-49d8-a56f-c774a690079a", "rel": "self"}, {"href": "http://10.0.2.15:8774/81b66f2f0d4f412e96ad29cdba1a9243/servers/4e77e16f-93aa-49d8-a56f-c774a690079a", "rel": "bookmark"}], "key_name": "tempest-TestGettingAddress-1391704334", "image": {"id": "fa3bc9ad-c074-49c1-9a75-026a8a218517", "links": [{"href": "http://10.0.2.15:8774/81b66f2f0d4f412e96ad29cdba1a9243/images/fa3bc9ad-c074-49c1-9a75-026a8a218517", "rel": "bookmark"}]}, "OS-EXT-STS:task_state": "spawning", "OS-EXT-STS:vm_state": "building", "OS-SRV-USG:launched_at": null, "flavor": {"id": "42", "links": [{"href": "http://10.0.2.15:8774/81b66f2f0d4f412e96ad29cdba1a9243/flavors/42", "rel": "bookmark"}]}, "id": "4e77e16f-93aa-49d8-a56f-c774a690079a", "security_groups": [{"name": "tempest-secgroup-smoke-1816260340"}], "OS-SRV-USG:terminated_at": null, "OS-EXT-AZ:availability_zone": "nova", "user_id": "b8bf476e0ac346d29fe2caffe55f0c2b", "name": "tempest.common.compute-instance-1632751769", "created": "2015-12-04T07:50:33Z", "tenant_id": "81b66f2f0d4f412e96ad29cdba1a9243", "OS-DCF:diskConfig": "MANUAL", "os-extended-volumes:volumes_attached": [], "accessIPv4": "", "accessIPv6": "", "progress": 0, "OS-EXT-STS:power_state": 0, "config_drive": "", "metadata": {}}}
2015-12-04 07:50:36,885 27308 INFO     [tempest_lib.common.rest_client] Request (TestGettingAddress:test_dhcp6_stateless_from_os): 200 GET http://10.0.2.15:8774/v2.1/81b66f2f0d4f412e96ad29cdba1a9243/servers/4e77e16f-93aa-49d8-a56f-c774a690079a 0.175s
2015-12-04 07:50:36,885 27308 DEBUG    [tempest_lib.common.rest_client] Request - Headers: {'Content-Type': 'application/json', 'Accept': 'application/json', 'X-Auth-Token': '&lt;omitted&gt;'}
        Body: None
    Response - Headers: {'status': '200', 'content-length': '1781', 'content-location': 'http://10.0.2.15:8774/v2.1/81b66f2f0d4f412e96ad29cdba1a9243/servers/4e77e16f-93aa-49d8-a56f-c774a690079a', 'x-compute-request-id': 'req-a2bd8bc4-5d3e-4212-b8e1-977d6e37fe66', 'vary': 'X-OpenStack-Nova-API-Version', 'connection': 'close', 'x-openstack-nova-api-version': '2.1', 'date': 'Fri, 04 Dec 2015 07:50:36 GMT', 'content-type': 'application/json'}
        Body: {"server": {"status": "ACTIVE", "updated": "2015-12-04T07:50:36Z", "hostId": "280cde00b203ce86c6098341c26d01cc398184961bc47f6edd8783d4", "addresses": {"tempest-network-smoke--645130874": [{"OS-EXT-IPS-MAC:mac_addr": "fa:16:3e:21:b4:f8", "version": 6, "addr": "2003::f816:3eff:fe21:b4f8", "OS-EXT-IPS:type": "fixed"}, {"OS-EXT-IPS-MAC:mac_addr": "fa:16:3e:21:b4:f8", "version": 4, "addr": "10.100.0.3", "OS-EXT-IPS:type": "fixed"}]}, "links": [{"href": "http://10.0.2.15:8774/v2.1/81b66f2f0d4f412e96ad29cdba1a9243/servers/4e77e16f-93aa-49d8-a56f-c774a690079a", "rel": "self"}, {"href": "http://10.0.2.15:8774/81b66f2f0d4f412e96ad29cdba1a9243/servers/4e77e16f-93aa-49d8-a56f-c774a690079a", "rel": "bookmark"}], "key_name": "tempest-TestGettingAddress-1391704334", "image": {"id": "fa3bc9ad-c074-49c1-9a75-026a8a218517", "links": [{"href": "http://10.0.2.15:8774/81b66f2f0d4f412e96ad29cdba1a9243/images/fa3bc9ad-c074-49c1-9a75-026a8a218517", "rel": "bookmark"}]}, "OS-EXT-STS:task_state": null, "OS-EXT-STS:vm_state": "active", "OS-SRV-USG:launched_at": "2015-12-04T07:50:36.000000", "flavor": {"id": "42", "links": [{"href": "http://10.0.2.15:8774/81b66f2f0d4f412e96ad29cdba1a9243/flavors/42", "rel": "bookmark"}]}, "id": "4e77e16f-93aa-49d8-a56f-c774a690079a", "security_groups": [{"name": "tempest-secgroup-smoke-1816260340"}], "OS-SRV-USG:terminated_at": null, "OS-EXT-AZ:availability_zone": "nova", "user_id": "b8bf476e0ac346d29fe2caffe55f0c2b", "name": "tempest.common.compute-instance-1632751769", "created": "2015-12-04T07:50:33Z", "tenant_id": "81b66f2f0d4f412e96ad29cdba1a9243", "OS-DCF:diskConfig": "MANUAL", "os-extended-volumes:volumes_attached": [], "accessIPv4": "", "accessIPv6": "", "progress": 0, "OS-EXT-STS:power_state": 1, "config_drive": "True", "metadata": {}}}
2015-12-04 07:50:36,895 27308 INFO     [tempest.common.waiters] State transition "BUILD/spawning" ==&gt; "ACTIVE/None" after 3 second wait
2015-12-04 07:50:37,100 27308 INFO     [tempest_lib.common.rest_client] Request (TestGettingAddress:test_dhcp6_stateless_from_os): 200 GET http://10.0.2.15:8774/v2.1/81b66f2f0d4f412e96ad29cdba1a9243/servers/4e77e16f-93aa-49d8-a56f-c774a690079a 0.203s
2015-12-04 07:50:37,101 27308 DEBUG    [tempest_lib.common.rest_client] Request - Headers: {'Content-Type': 'application/json', 'Accept': 'application/json', 'X-Auth-Token': '&lt;omitted&gt;'}
        Body: None
    Response - Headers: {'status': '200', 'content-length': '1781', 'content-location': 'http://10.0.2.15:8774/v2.1/81b66f2f0d4f412e96ad29cdba1a9243/servers/4e77e16f-93aa-49d8-a56f-c774a690079a', 'x-compute-request-id': 'req-ccdbb194-a5ae-44ac-9be0-3f8ff7a20422', 'vary': 'X-OpenStack-Nova-API-Version', 'connection': 'close', 'x-openstack-nova-api-version': '2.1', 'date': 'Fri, 04 Dec 2015 07:50:37 GMT', 'content-type': 'application/json'}
        Body: {"server": {"status": "ACTIVE", "updated": "2015-12-04T07:50:36Z", "hostId": "280cde00b203ce86c6098341c26d01cc398184961bc47f6edd8783d4", "addresses": {"tempest-network-smoke--645130874": [{"OS-EXT-IPS-MAC:mac_addr": "fa:16:3e:21:b4:f8", "version": 6, "addr": "2003::f816:3eff:fe21:b4f8", "OS-EXT-IPS:type": "fixed"}, {"OS-EXT-IPS-MAC:mac_addr": "fa:16:3e:21:b4:f8", "version": 4, "addr": "10.100.0.3", "OS-EXT-IPS:type": "fixed"}]}, "links": [{"href": "http://10.0.2.15:8774/v2.1/81b66f2f0d4f412e96ad29cdba1a9243/servers/4e77e16f-93aa-49d8-a56f-c774a690079a", "rel": "self"}, {"href": "http://10.0.2.15:8774/81b66f2f0d4f412e96ad29cdba1a9243/servers/4e77e16f-93aa-49d8-a56f-c774a690079a", "rel": "bookmark"}], "key_name": "tempest-TestGettingAddress-1391704334", "image": {"id": "fa3bc9ad-c074-49c1-9a75-026a8a218517", "links": [{"href": "http://10.0.2.15:8774/81b66f2f0d4f412e96ad29cdba1a9243/images/fa3bc9ad-c074-49c1-9a75-026a8a218517", "rel": "bookmark"}]}, "OS-EXT-STS:task_state": null, "OS-EXT-STS:vm_state": "active", "OS-SRV-USG:launched_at": "2015-12-04T07:50:36.000000", "flavor": {"id": "42", "links": [{"href": "http://10.0.2.15:8774/81b66f2f0d4f412e96ad29cdba1a9243/flavors/42", "rel": "bookmark"}]}, "id": "4e77e16f-93aa-49d8-a56f-c774a690079a", "security_groups": [{"name": "tempest-secgroup-smoke-1816260340"}], "OS-SRV-USG:terminated_at": null, "OS-EXT-AZ:availability_zone": "nova", "user_id": "b8bf476e0ac346d29fe2caffe55f0c2b", "name": "tempest.common.compute-instance-1632751769", "created": "2015-12-04T07:50:33Z", "tenant_id": "81b66f2f0d4f412e96ad29cdba1a9243", "OS-DCF:diskConfig": "MANUAL", "os-extended-volumes:volumes_attached": [], "accessIPv4": "", "accessIPv6": "", "progress": 0, "OS-EXT-STS:power_state": 1, "config_drive": "True", "metadata": {}}}
2015-12-04 07:50:37,245 27308 INFO     [tempest_lib.common.rest_client] Request (TestGettingAddress:test_dhcp6_stateless_from_os): 200 GET http://10.0.2.15:9696/v2.0/ports?status=ACTIVE&amp;fixed_ip=None&amp;device_id=4e77e16f-93aa-49d8-a56f-c774a690079a 0.136s
2015-12-04 07:50:37,245 27308 DEBUG    [tempest_lib.common.rest_client] Request - Headers: {'Content-Type': 'application/json', 'Accept': 'application/json', 'X-Auth-Token': '&lt;omitted&gt;'}
        Body: None
    Response - Headers: {'status': '200', 'content-length': '1142', 'content-location': 'http://10.0.2.15:9696/v2.0/ports?status=ACTIVE&amp;fixed_ip=None&amp;device_id=4e77e16f-93aa-49d8-a56f-c774a690079a', 'connection': 'close', 'date': 'Fri, 04 Dec 2015 07:50:37 GMT', 'content-type': 'application/json; charset=UTF-8', 'x-openstack-request-id': 'req-398ffbe1-48e6-4f5a-9664-3c2ca56dfdf0'}
        Body: {"ports": [{"status": "ACTIVE", "binding:host_id": "vagrant-ubuntu-trusty-64", "allowed_address_pairs": [], "extra_dhcp_opts": [], "dns_assignment": [{"hostname": "host-10-100-0-3", "ip_address": "10.100.0.3", "fqdn": "host-10-100-0-3.openstacklocal."}, {"hostname": "host-2003--f816-3eff-fe21-b4f8", "ip_address": "2003::f816:3eff:fe21:b4f8", "fqdn": "host-2003--f816-3eff-fe21-b4f8.openstacklocal."}], "device_owner": "compute:None", "port_security_enabled": true, "binding:profile": {}, "fixed_ips": [{"subnet_id": "6a2ad1d3-80bc-41d7-8fd7-975933e102ad", "ip_address": "10.100.0.3"}, {"subnet_id": "2f0f2e91-ba6d-41e5-828d-ed4f42f7fb87", "ip_address": "2003::f816:3eff:fe21:b4f8"}], "id": "b7a443de-fce7-48b0-9c26-7855bfaa2865", "security_groups": ["73b8f675-961c-4ccc-b262-5d873f015b38"], "device_id": "4e77e16f-93aa-49d8-a56f-c774a690079a", "name": "", "admin_state_up": true, "network_id": "fd61c169-4305-4594-be70-18d08edf4fcd", "dns_name": "", "binding:vif_details": {"port_filter": true}, "binding:vnic_type": "normal", "binding:vif_type": "ovs", "tenant_id": "81b66f2f0d4f412e96ad29cdba1a9243", "mac_address": "fa:16:3e:21:b4:f8"}]}
2015-12-04 07:50:37,760 27308 INFO     [tempest_lib.common.rest_client] Request (TestGettingAddress:test_dhcp6_stateless_from_os): 201 POST http://10.0.2.15:9696/v2.0/floatingips 0.514s
2015-12-04 07:50:37,761 27308 DEBUG    [tempest_lib.common.rest_client] Request - Headers: {'Content-Type': 'application/json', 'Accept': 'application/json', 'X-Auth-Token': '&lt;omitted&gt;'}
        Body: {"floatingip": {"floating_network_id": "0889244e-9006-4561-b69d-6657a4ec8530", "tenant_id": "81b66f2f0d4f412e96ad29cdba1a9243", "fixed_ip_address": "10.100.0.3", "port_id": "b7a443de-fce7-48b0-9c26-7855bfaa2865"}}
    Response - Headers: {'status': '201', 'content-length': '367', 'connection': 'close', 'date': 'Fri, 04 Dec 2015 07:50:37 GMT', 'content-type': 'application/json; charset=UTF-8', 'x-openstack-request-id': 'req-02221f3e-4129-47b8-b8df-b054781de5a6'}
        Body: {"floatingip": {"floating_network_id": "0889244e-9006-4561-b69d-6657a4ec8530", "router_id": "2061f33c-0fa6-497f-8ebc-ee9e1f42d5ee", "fixed_ip_address": "10.100.0.3", "floating_ip_address": "172.24.4.4", "tenant_id": "81b66f2f0d4f412e96ad29cdba1a9243", "status": "DOWN", "port_id": "b7a443de-fce7-48b0-9c26-7855bfaa2865", "id": "911c3f22-945e-4dd8-8c14-00c201003644"}}
2015-12-04 07:50:37,762 27308 INFO     [tempest_lib.common.ssh] Creating ssh connection to '172.24.4.4' as 'cirros' with public key authentication
2015-12-04 07:50:41,358 27308 WARNING  [tempest_lib.common.ssh] Failed to establish authenticated ssh connection to cirros@172.24.4.4 ([Errno None] Unable to connect to port 22 on  or 172.24.4.4). Number attempts: 1. Retry after 2 seconds.
2015-12-04 07:50:46,862 27308 WARNING  [tempest_lib.common.ssh] Failed to establish authenticated ssh connection to cirros@172.24.4.4 ([Errno None] Unable to connect to port 22 on  or 172.24.4.4). Number attempts: 2. Retry after 3 seconds.
2015-12-04 07:50:53,366 27308 WARNING  [tempest_lib.common.ssh] Failed to establish authenticated ssh connection to cirros@172.24.4.4 ([Errno None] Unable to connect to port 22 on  or 172.24.4.4). Number attempts: 3. Retry after 4 seconds.
2015-12-04 07:51:00,870 27308 WARNING  [tempest_lib.common.ssh] Failed to establish authenticated ssh connection to cirros@172.24.4.4 ([Errno None] Unable to connect to port 22 on  or 172.24.4.4). Number attempts: 4. Retry after 5 seconds.
2015-12-04 07:51:09,375 27308 WARNING  [tempest_lib.common.ssh] Failed to establish authenticated ssh connection to cirros@172.24.4.4 ([Errno None] Unable to connect to port 22 on  or 172.24.4.4). Number attempts: 5. Retry after 6 seconds.
2015-12-04 07:51:18,883 27308 WARNING  [tempest_lib.common.ssh] Failed to establish authenticated ssh connection to cirros@172.24.4.4 ([Errno None] Unable to connect to port 22 on  or 172.24.4.4). Number attempts: 6. Retry after 7 seconds.
2015-12-04 07:51:29,391 27308 WARNING  [tempest_lib.common.ssh] Failed to establish authenticated ssh connection to cirros@172.24.4.4 ([Errno None] Unable to connect to port 22 on  or 172.24.4.4). Number attempts: 7. Retry after 8 seconds.
2015-12-04 07:51:40,894 27308 WARNING  [tempest_lib.common.ssh] Failed to establish authenticated ssh connection to cirros@172.24.4.4 ([Errno None] Unable to connect to port 22 on  or 172.24.4.4). Number attempts: 8. Retry after 9 seconds.
2015-12-04 07:51:53,402 27308 WARNING  [tempest_lib.common.ssh] Failed to establish authenticated ssh connection to cirros@172.24.4.4 ([Errno None] Unable to connect to port 22 on  or 172.24.4.4). Number attempts: 9. Retry after 10 seconds.
2015-12-04 07:52:06,907 27308 WARNING  [tempest_lib.common.ssh] Failed to establish authenticated ssh connection to cirros@172.24.4.4 ([Errno None] Unable to connect to port 22 on  or 172.24.4.4). Number attempts: 10. Retry after 11 seconds.
2015-12-04 07:52:21,418 27308 WARNING  [tempest_lib.common.ssh] Failed to establish authenticated ssh connection to cirros@172.24.4.4 ([Errno None] Unable to connect to port 22 on  or 172.24.4.4). Number attempts: 11. Retry after 12 seconds.
2015-12-04 07:52:36,922 27308 WARNING  [tempest_lib.common.ssh] Failed to establish authenticated ssh connection to cirros@172.24.4.4 ([Errno None] Unable to connect to port 22 on  or 172.24.4.4). Number attempts: 12. Retry after 13 seconds.
2015-12-04 07:52:53,443 27308 WARNING  [tempest_lib.common.ssh] Failed to establish authenticated ssh connection to cirros@172.24.4.4 ([Errno None] Unable to connect to port 22 on  or 172.24.4.4). Number attempts: 13. Retry after 14 seconds.
2015-12-04 07:53:10,954 27308 WARNING  [tempest_lib.common.ssh] Failed to establish authenticated ssh connection to cirros@172.24.4.4 ([Errno None] Unable to connect to port 22 on  or 172.24.4.4). Number attempts: 14. Retry after 15 seconds.
2015-12-04 07:53:29,463 27308 WARNING  [tempest_lib.common.ssh] Failed to establish authenticated ssh connection to cirros@172.24.4.4 ([Errno None] Unable to connect to port 22 on  or 172.24.4.4). Number attempts: 15. Retry after 16 seconds.
2015-12-04 07:53:48,978 27308 WARNING  [tempest_lib.common.ssh] Failed to establish authenticated ssh connection to cirros@172.24.4.4 ([Errno None] Unable to connect to port 22 on  or 172.24.4.4). Number attempts: 16. Retry after 17 seconds.
2015-12-04 07:54:09,495 27308 ERROR    [tempest_lib.common.ssh] Failed to establish authenticated ssh connection to cirros@172.24.4.4 after 16 attempts
2015-12-04 07:54:09.495 27308 ERROR tempest_lib.common.ssh Traceback (most recent call last):
2015-12-04 07:54:09.495 27308 ERROR tempest_lib.common.ssh   File "/usr/local/lib/python2.7/dist-packages/tempest_lib/common/ssh.py", line 75, in _get_ssh_connection
2015-12-04 07:54:09.495 27308 ERROR tempest_lib.common.ssh     timeout=self.channel_timeout, pkey=self.pkey)
2015-12-04 07:54:09.495 27308 ERROR tempest_lib.common.ssh   File "/usr/local/lib/python2.7/dist-packages/paramiko/client.py", line 311, in connect
2015-12-04 07:54:09.495 27308 ERROR tempest_lib.common.ssh     raise NoValidConnectionsError(errors)
2015-12-04 07:54:09.495 27308 ERROR tempest_lib.common.ssh NoValidConnectionsError: [Errno None] Unable to connect to port 22 on  or 172.24.4.4
2015-12-04 07:54:09.495 27308 ERROR tempest_lib.common.ssh 
2015-12-04 07:54:09,497 27308 ERROR    [tempest.scenario.manager] (TestGettingAddress:test_dhcp6_stateless_from_os) Initializing SSH connection to 172.24.4.4 failed. Error: Connection to the 172.24.4.4 via SSH timed out.
User: cirros, Password: None
2015-12-04 07:54:09.497 27308 ERROR tempest.scenario.manager Traceback (most recent call last):
2015-12-04 07:54:09.497 27308 ERROR tempest.scenario.manager   File "tempest/scenario/manager.py", line 383, in get_remote_client
2015-12-04 07:54:09.497 27308 ERROR tempest.scenario.manager     linux_client.validate_authentication()
2015-12-04 07:54:09.497 27308 ERROR tempest.scenario.manager   File "tempest/common/utils/linux/remote_client.py", line 63, in validate_authentication
2015-12-04 07:54:09.497 27308 ERROR tempest.scenario.manager     self.ssh_client.test_connection_auth()
2015-12-04 07:54:09.497 27308 ERROR tempest.scenario.manager   File "/usr/local/lib/python2.7/dist-packages/tempest_lib/common/ssh.py", line 167, in test_connection_auth
2015-12-04 07:54:09.497 27308 ERROR tempest.scenario.manager     connection = self._get_ssh_connection()
2015-12-04 07:54:09.497 27308 ERROR tempest.scenario.manager   File "/usr/local/lib/python2.7/dist-packages/tempest_lib/common/ssh.py", line 87, in _get_ssh_connection
2015-12-04 07:54:09.497 27308 ERROR tempest.scenario.manager     password=self.password)
2015-12-04 07:54:09.497 27308 ERROR tempest.scenario.manager SSHTimeout: Connection to the 172.24.4.4 via SSH timed out.
2015-12-04 07:54:09.497 27308 ERROR tempest.scenario.manager User: cirros, Password: None
2015-12-04 07:54:09.497 27308 ERROR tempest.scenario.manager 
2015-12-04 07:54:09,578 27308 INFO     [tempest_lib.common.rest_client] Request (TestGettingAddress:test_dhcp6_stateless_from_os): 200 GET http://10.0.2.15:8774/v2.1/81b66f2f0d4f412e96ad29cdba1a9243/servers 0.079s
2015-12-04 07:54:09,578 27308 DEBUG    [tempest_lib.common.rest_client] Request - Headers: {'Content-Type': 'application/json', 'Accept': 'application/json', 'X-Auth-Token': '&lt;omitted&gt;'}
        Body: None
    Response - Headers: {'status': '200', 'content-length': '391', 'content-location': 'http://10.0.2.15:8774/v2.1/81b66f2f0d4f412e96ad29cdba1a9243/servers', 'x-compute-request-id': 'req-bca0ac91-6041-4e95-91ba-ad47f732c89e', 'vary': 'X-OpenStack-Nova-API-Version', 'connection': 'close', 'x-openstack-nova-api-version': '2.1', 'date': 'Fri, 04 Dec 2015 07:54:09 GMT', 'content-type': 'application/json'}
        Body: {"servers": [{"id": "4e77e16f-93aa-49d8-a56f-c774a690079a", "links": [{"href": "http://10.0.2.15:8774/v2.1/81b66f2f0d4f412e96ad29cdba1a9243/servers/4e77e16f-93aa-49d8-a56f-c774a690079a", "rel": "self"}, {"href": "http://10.0.2.15:8774/81b66f2f0d4f412e96ad29cdba1a9243/servers/4e77e16f-93aa-49d8-a56f-c774a690079a", "rel": "bookmark"}], "name": "tempest.common.compute-instance-1632751769"}]}
2015-12-04 07:54:09,952 27308 INFO     [tempest_lib.common.rest_client] Request (TestGettingAddress:test_dhcp6_stateless_from_os): 200 POST http://10.0.2.15:8774/v2.1/81b66f2f0d4f412e96ad29cdba1a9243/servers/4e77e16f-93aa-49d8-a56f-c774a690079a/action 0.366s
2015-12-04 07:54:09,952 27308 DEBUG    [tempest_lib.common.rest_client] Request - Headers: {'Content-Type': 'application/json', 'Accept': 'application/json', 'X-Auth-Token': '&lt;omitted&gt;'}
        Body: {"os-getConsoleOutput": {}}
    Response - Headers: {'status': '200', 'content-length': '24671', 'x-compute-request-id': 'req-07438ad6-f233-4e0f-8f0b-a6216b1890fd', 'vary': 'X-OpenStack-Nova-API-Version', 'connection': 'close', 'x-openstack-nova-api-version': '2.1', 'date': 'Fri, 04 Dec 2015 07:54:09 GMT', 'content-type': 'application/json'}
        Body: {"output": "[    0.000000] Initializing cgroup subsys cpuset\n[    0.000000] Initializing cgroup subsys cpu\n[    0.000000] Linux version 3.2.0-80-virtual (buildd@batsu) (gcc version 4.6.3 (Ubuntu/Linaro 4.6.3-1ubuntu5) ) #116-Ubuntu SMP Mon Mar 23 17:28:52 UTC 2015 (Ubuntu 3.2.0-80.116-virtual 3.2.68)\n[    0.000000] Command line: root=/dev/vda console=tty0 console=ttyS0 no_timer_check\n[    0.000000] KERNEL supported cpus:\n[    0.000000]   Intel GenuineIntel\n[    0.000000]   AMD AuthenticAMD\n[    0.000000]   Centaur CentaurHauls\n[    0.000000] BIOS-provided physical RAM map:\n[    0.000000]  BIOS-e820: 0000000000000000 - 000000000009fc00 (usable)\n[    0.000000]  BIOS-e820: 000000000009fc00 - 00000000000a0000 (reserved)\n[    0.000000]  BIOS-e820: 00000000000f0000 - 0000000000100000 (reserved)\n[    0.000000]  BIOS-e820: 0000000000100000 - 0000000003ffe000 (usable)\n[    0.000000]  BIOS-e820: 0000000003ffe000 - 0000000004000000 (reserved)\n[    0.000000]  BIOS-e820: 00000000fffc0000 - 0000000100000000 (reserved)\n[    0.000000] NX (Execute Disable) protection: active\n[    0.000000] SMBIOS 2.4 present.\n[    0.000000] No AGP bridge found\n[    0.000000] last_pfn = 0x3ffe max_arch_pfn = 0x400000000\n[    0.000000] x86 PAT enabled: cpu 0, old 0x7040600070406, new 0x7010600070106\n[    0.000000] found SMP MP-table at [ffff8800000f0b00] f0b00\n[    0.000000] init_memory_mapping: 0000000000000000-0000000003ffe000\n[    0.000000] RAMDISK: 03c5e000 - 03ff0000\n[    0.000000] ACPI: RSDP 00000000000f0950 00014 (v00 BOCHS )\n[    0.000000] ACPI: RSDT 0000000003fffbc1 00034 (v01 BOCHS  BXPCRSDT 00000001 BXPC 00000001)\n[    0.000000] ACPI: FACP 0000000003fff1c0 00074 (v01 BOCHS  BXPCFACP 00000001 BXPC 00000001)\n[    0.000000] ACPI: DSDT 0000000003ffe040 01180 (v01 BOCHS  BXPCDSDT 00000001 BXPC 00000001)\n[    0.000000] ACPI: FACS 0000000003ffe000 00040\n[    0.000000] ACPI: SSDT 0000000003fff234 008DD (v01 BOCHS  BXPCSSDT 00000001 BXPC 00000001)\n[    0.000000] ACPI: APIC 0000000003fffb11 00078 (v01 BOCHS  BXPCAPIC 00000001 BXPC 00000001)\n[    0.000000] ACPI: HPET 0000000003fffb89 00038 (v01 BOCHS  BXPCHPET 00000001 BXPC 00000001)\n[    0.000000] No NUMA configuration found\n[    0.000000] Faking a node at 0000000000000000-0000000003ffe000\n[    0.000000] Initmem setup node 0 0000000000000000-0000000003ffe000\n[    0.000000]   NODE_DATA [0000000003ff6000 - 0000000003ffafff]\n[    0.000000] Zone PFN ranges:\n[    0.000000]   DMA      0x00000010 -&gt; 0x00001000\n[    0.000000]   DMA32    0x00001000 -&gt; 0x00100000\n[    0.000000]   Normal   empty\n[    0.000000] Movable zone start PFN for each node\n[    0.000000] early_node_map[2] active PFN ranges\n[    0.000000]     0: 0x00000010 -&gt; 0x0000009f\n[    0.000000]     0: 0x00000100 -&gt; 0x00003ffe\n[    0.000000] ACPI: PM-Timer IO Port: 0xb008\n[    0.000000] ACPI: LAPIC (acpi_id[0x00] lapic_id[0x00] enabled)\n[    0.000000] ACPI: LAPIC_NMI (acpi_id[0xff] dfl dfl lint[0x1])\n[    0.000000] ACPI: IOAPIC (id[0x00] address[0xfec00000] gsi_base[0])\n[    0.000000] IOAPIC[0]: apic_id 0, version 17, address 0xfec00000, GSI 0-23\n[    0.000000] ACPI: INT_SRC_OVR (bus 0 bus_irq 0 global_irq 2 dfl dfl)\n[    0.000000] ACPI: INT_SRC_OVR (bus 0 bus_irq 5 global_irq 5 high level)\n[    0.000000] ACPI: INT_SRC_OVR (bus 0 bus_irq 9 global_irq 9 high level)\n[    0.000000] ACPI: INT_SRC_OVR (bus 0 bus_irq 10 global_irq 10 high level)\n[    0.000000] ACPI: INT_SRC_OVR (bus 0 bus_irq 11 global_irq 11 high level)\n[    0.000000] Using ACPI (MADT) for SMP configuration information\n[    0.000000] ACPI: HPET id: 0x8086a201 base: 0xfed00000\n[    0.000000] SMP: Allowing 1 CPUs, 0 hotplug CPUs\n[    0.000000] PM: Registered nosave memory: 000000000009f000 - 00000000000a0000\n[    0.000000] PM: Registered nosave memory: 00000000000a0000 - 00000000000f0000\n[    0.000000] PM: Registered nosave memory: 00000000000f0000 - 0000000000100000\n[    0.000000] Allocating PCI resources starting at 4000000 (gap: 4000000:fbfc0000)\n[    0.000000] Booting paravirtualized kernel on bare hardware\n[    0.000000] setup_pe
2015-12-04 07:54:09,955 27308 DEBUG    [tempest.scenario.manager] Console output for 4e77e16f-93aa-49d8-a56f-c774a690079a
body=
[    0.000000] Initializing cgroup subsys cpuset
[    0.000000] Initializing cgroup subsys cpu
[    0.000000] Linux version 3.2.0-80-virtual (buildd@batsu) (gcc version 4.6.3 (Ubuntu/Linaro 4.6.3-1ubuntu5) ) #116-Ubuntu SMP Mon Mar 23 17:28:52 UTC 2015 (Ubuntu 3.2.0-80.116-virtual 3.2.68)
[    0.000000] Command line: root=/dev/vda console=tty0 console=ttyS0 no_timer_check
[    0.000000] KERNEL supported cpus:
[    0.000000]   Intel GenuineIntel
[    0.000000]   AMD AuthenticAMD
[    0.000000]   Centaur CentaurHauls
[    0.000000] BIOS-provided physical RAM map:
[    0.000000]  BIOS-e820: 0000000000000000 - 000000000009fc00 (usable)
[    0.000000]  BIOS-e820: 000000000009fc00 - 00000000000a0000 (reserved)
[    0.000000]  BIOS-e820: 00000000000f0000 - 0000000000100000 (reserved)
[    0.000000]  BIOS-e820: 0000000000100000 - 0000000003ffe000 (usable)
[    0.000000]  BIOS-e820: 0000000003ffe000 - 0000000004000000 (reserved)
[    0.000000]  BIOS-e820: 00000000fffc0000 - 0000000100000000 (reserved)
[    0.000000] NX (Execute Disable) protection: active
[    0.000000] SMBIOS 2.4 present.
[    0.000000] No AGP bridge found
[    0.000000] last_pfn = 0x3ffe max_arch_pfn = 0x400000000
[    0.000000] x86 PAT enabled: cpu 0, old 0x7040600070406, new 0x7010600070106
[    0.000000] found SMP MP-table at [ffff8800000f0b00] f0b00
[    0.000000] init_memory_mapping: 0000000000000000-0000000003ffe000
[    0.000000] RAMDISK: 03c5e000 - 03ff0000
[    0.000000] ACPI: RSDP 00000000000f0950 00014 (v00 BOCHS )
[    0.000000] ACPI: RSDT 0000000003fffbc1 00034 (v01 BOCHS  BXPCRSDT 00000001 BXPC 00000001)
[    0.000000] ACPI: FACP 0000000003fff1c0 00074 (v01 BOCHS  BXPCFACP 00000001 BXPC 00000001)
[    0.000000] ACPI: DSDT 0000000003ffe040 01180 (v01 BOCHS  BXPCDSDT 00000001 BXPC 00000001)
[    0.000000] ACPI: FACS 0000000003ffe000 00040
[    0.000000] ACPI: SSDT 0000000003fff234 008DD (v01 BOCHS  BXPCSSDT 00000001 BXPC 00000001)
[    0.000000] ACPI: APIC 0000000003fffb11 00078 (v01 BOCHS  BXPCAPIC 00000001 BXPC 00000001)
[    0.000000] ACPI: HPET 0000000003fffb89 00038 (v01 BOCHS  BXPCHPET 00000001 BXPC 00000001)
[    0.000000] No NUMA configuration found
[    0.000000] Faking a node at 0000000000000000-0000000003ffe000
[    0.000000] Initmem setup node 0 0000000000000000-0000000003ffe000
[    0.000000]   NODE_DATA [0000000003ff6000 - 0000000003ffafff]
[    0.000000] Zone PFN ranges:
[    0.000000]   DMA      0x00000010 -&gt; 0x00001000
[    0.000000]   DMA32    0x00001000 -&gt; 0x00100000
[    0.000000]   Normal   empty
[    0.000000] Movable zone start PFN for each node
[    0.000000] early_node_map[2] active PFN ranges
[    0.000000]     0: 0x00000010 -&gt; 0x0000009f
[    0.000000]     0: 0x00000100 -&gt; 0x00003ffe
[    0.000000] ACPI: PM-Timer IO Port: 0xb008
[    0.000000] ACPI: LAPIC (acpi_id[0x00] lapic_id[0x00] enabled)
[    0.000000] ACPI: LAPIC_NMI (acpi_id[0xff] dfl dfl lint[0x1])
[    0.000000] ACPI: IOAPIC (id[0x00] address[0xfec00000] gsi_base[0])
[    0.000000] IOAPIC[0]: apic_id 0, version 17, address 0xfec00000, GSI 0-23
[    0.000000] ACPI: INT_SRC_OVR (bus 0 bus_irq 0 global_irq 2 dfl dfl)
[    0.000000] ACPI: INT_SRC_OVR (bus 0 bus_irq 5 global_irq 5 high level)
[    0.000000] ACPI: INT_SRC_OVR (bus 0 bus_irq 9 global_irq 9 high level)
[    0.000000] ACPI: INT_SRC_OVR (bus 0 bus_irq 10 global_irq 10 high level)
[    0.000000] ACPI: INT_SRC_OVR (bus 0 bus_irq 11 global_irq 11 high level)
[    0.000000] Using ACPI (MADT) for SMP configuration information
[    0.000000] ACPI: HPET id: 0x8086a201 base: 0xfed00000
[    0.000000] SMP: Allowing 1 CPUs, 0 hotplug CPUs
[    0.000000] PM: Registered nosave memory: 000000000009f000 - 00000000000a0000
[    0.000000] PM: Registered nosave memory: 00000000000a0000 - 00000000000f0000
[    0.000000] PM: Registered nosave memory: 00000000000f0000 - 0000000000100000
[    0.000000] Allocating PCI resources starting at 4000000 (gap: 4000000:fbfc0000)
[    0.000000] Booting paravirtualized kernel on bare hardware
[    0.000000] setup_percpu: NR_CPUS:64 nr_cpumask_bits:64 nr_cpu_ids:1 nr_node_ids:1
[    0.000000] PERCPU: Embedded 27 pages/cpu @ffff880003a00000 s78848 r8192 d23552 u2097152
[    0.000000] Built 1 zonelists in Node order, mobility grouping on.  Total pages: 16008
[    0.000000] Policy zone: DMA32
[    0.000000] Kernel command line: root=/dev/vda console=tty0 console=ttyS0 no_timer_check
[    0.000000] PID hash table entries: 256 (order: -1, 2048 bytes)
[    0.000000] Checking aperture...
[    0.000000] No AGP bridge found
[    0.000000] Memory: 43492k/65528k available (6576k kernel code, 452k absent, 21584k reserved, 6620k data, 928k init)
[    0.000000] SLUB: Genslabs=15, HWalign=64, Order=0-3, MinObjects=0, CPUs=1, Nodes=1
[    0.000000] Hierarchical RCU implementation.
[    0.000000] 	RCU dyntick-idle grace-period acceleration is enabled.
[    0.000000] NR_IRQS:4352 nr_irqs:256 16
[    0.000000] Console: colour VGA+ 80x25
[    0.000000] console [tty0] enabled
[    0.000000] console [ttyS0] enabled
[    0.000000] allocated 1048576 bytes of page_cgroup
[    0.000000] please try 'cgroup_disable=memory' option if you don't want memory cgroups
[    0.000000] Fast TSC calibration failed
[    0.000000] TSC: Unable to calibrate against PIT
[    0.000000] TSC: using HPET reference calibration
[    0.000000] Detected 2292.773 MHz processor.
[    0.032833] Calibrating delay loop (skipped), value calculated using timer frequency.. 4585.54 BogoMIPS (lpj=9171092)
[    0.036854] pid_max: default: 32768 minimum: 301
[    0.045053] Security Framework initialized
[    0.049039] AppArmor: AppArmor initialized
[    0.049729] Yama: becoming mindful.
[    0.056837] Dentry cache hash table entries: 8192 (order: 4, 65536 bytes)
[    0.058327] Inode-cache hash table entries: 4096 (order: 3, 32768 bytes)
[    0.059448] Mount-cache hash table entries: 256
[    0.074474] Initializing cgroup subsys cpuacct
[    0.075368] Initializing cgroup subsys memory
[    0.076738] Initializing cgroup subsys devices
[    0.077457] Initializing cgroup subsys freezer
[    0.078239] Initializing cgroup subsys blkio
[    0.079047] Initializing cgroup subsys perf_event
[    0.086319] mce: CPU supports 10 MCE banks
[    0.090120] SMP alternatives: switching to UP code
[    0.502727] Freeing SMP alternatives: 24k freed
[    0.504529] ACPI: Core revision 20110623
[    0.554276] ftrace: allocating 26610 entries in 105 pages
[    0.591935] ..TIMER: vector=0x30 apic1=0 pin1=2 apic2=-1 pin2=-1
[    0.592163] CPU0: AMD QEMU Virtual CPU version 2.0.0 stepping 03
[    0.600036] Performance Events: Broken PMU hardware detected, using software events only.
[    0.609849] NMI watchdog disabled (cpu0): hardware events not enabled
[    0.612352] Brought up 1 CPUs
[    0.613080] Total of 1 processors activated (4585.54 BogoMIPS).
[    0.637491] devtmpfs: initialized
[    0.673869] EVM: security.selinux
[    0.674303] EVM: security.SMACK64
[    0.675361] EVM: security.capability
[    0.696629] print_constraints: dummy: 
[    0.698503] RTC time:  7:50:40, date: 12/04/15
[    0.701825] NET: Registered protocol family 16
[    0.709870] ACPI: bus type pci registered
[    0.714215] PCI: Using configuration type 1 for base access
[    0.752655] bio: create slab &lt;bio-0&gt; at 0
[    0.757508] ACPI: Added _OSI(Module Device)
[    0.758081] ACPI: Added _OSI(Processor Device)
[    0.758647] ACPI: Added _OSI(3.0 _SCP Extensions)
[    0.759251] ACPI: Added _OSI(Processor Aggregator Device)
[    0.841624] ACPI: Interpreter enabled
[    0.842272] ACPI: (supports S0 S3 S4 S5)
[    0.844250] ACPI: Using IOAPIC for interrupt routing
[    0.928906] ACPI: No dock devices found.
[    0.929720] HEST: Table not found.
[    0.932446] PCI: Using host bridge windows from ACPI; if necessary, use "pci=nocrs" and report a bug
[    0.940731] ACPI: PCI Root Bridge [PCI0] (domain 0000 [bus 00-ff])
[    0.947391] pci_root PNP0A03:00: host bridge window [io  0x0000-0x0cf7]
[    0.948166] pci_root PNP0A03:00: host bridge window [io  0x0d00-0xadff]
[    0.949139] pci_root PNP0A03:00: host bridge window [io  0xae0f-0xaeff]
[    0.950220] pci_root PNP0A03:00: host bridge window [io  0xaf20-0xafdf]
[    0.952123] pci_root PNP0A03:00: host bridge window [io  0xafe4-0xffff]
[    0.953382] pci_root PNP0A03:00: host bridge window [mem 0x000a0000-0x000bffff]
[    0.956118] pci_root PNP0A03:00: host bridge window [mem 0x04000000-0xfebfffff]
[    0.988523] pci 0000:00:01.3: quirk: [io  0xb000-0xb03f] claimed by PIIX4 ACPI
[    0.989848] pci 0000:00:01.3: quirk: [io  0xb100-0xb10f] claimed by PIIX4 SMB
[    1.060820]  pci0000:00: Unable to request _OSC control (_OSC support mask: 0x1e)
[    1.125220] ACPI: PCI Interrupt Link [LNKA] (IRQs 5 *10 11)
[    1.127343] ACPI: PCI Interrupt Link [LNKB] (IRQs 5 *10 11)
[    1.129267] ACPI: PCI Interrupt Link [LNKC] (IRQs 5 10 *11)
[    1.132367] ACPI: PCI Interrupt Link [LNKD] (IRQs 5 10 *11)
[    1.134007] ACPI: PCI Interrupt Link [LNKS] (IRQs *9)
[    1.140755] vgaarb: device added: PCI:0000:00:02.0,decodes=io+mem,owns=io+mem,locks=none
[    1.141761] vgaarb: loaded
[    1.142235] vgaarb: bridge control possible 0000:00:02.0
[    1.146298] i2c-core: driver [aat2870] using legacy suspend method
[    1.148147] i2c-core: driver [aat2870] using legacy resume method
[    1.150669] SCSI subsystem initialized
[    1.154557] usbcore: registered new interface driver usbfs
[    1.156635] usbcore: registered new interface driver hub
[    1.158058] usbcore: registered new device driver usb
[    1.162584] PCI: Using ACPI for IRQ routing
[    1.173351] NetLabel: Initializing
[    1.173837] NetLabel:  domain hash size = 128
[    1.176133] NetLabel:  protocols = UNLABELED CIPSOv4
[    1.178321] NetLabel:  unlabeled traffic allowed by default
[    1.181067] HPET: 3 timers in total, 0 timers will be used for per-cpu timer
[    1.182199] hpet0: at MMIO 0xfed00000, IRQs 2, 8, 0
[    1.183036] hpet0: 3 comparators, 64-bit 100.000000 MHz counter
[    1.197899] Switching to clocksource hpet
[    1.418961] AppArmor: AppArmor Filesystem Enabled
[    1.421209] pnp: PnP ACPI init
[    1.421853] ACPI: bus type pnp registered
[    1.441074] pnp: PnP ACPI: found 9 devices
[    1.441632] ACPI: ACPI bus type pnp unregistered
[    1.495448] NET: Registered protocol family 2
[    1.528347] IP route cache hash table entries: 512 (order: 0, 4096 bytes)
[    1.535936] TCP established hash table entries: 2048 (order: 3, 32768 bytes)
[    1.538125] TCP bind hash table entries: 2048 (order: 3, 32768 bytes)
[    1.539214] TCP: Hash tables configured (established 2048 bind 2048)
[    1.540052] TCP reno registered
[    1.541372] UDP hash table entries: 128 (order: 0, 4096 bytes)
[    1.542373] UDP-Lite hash table entries: 128 (order: 0, 4096 bytes)
[    1.545515] NET: Registered protocol family 1
[    1.546517] pci 0000:00:00.0: Limiting direct PCI/PCI transfers
[    1.547353] pci 0000:00:01.0: PIIX3: Enabling Passive Release
[    1.548657] pci 0000:00:01.0: Activating ISA DMA hang workarounds
[    1.554144] ACPI: PCI Interrupt Link [LNKD] enabled at IRQ 11
[    1.555067] pci 0000:00:01.2: PCI INT D -&gt; Link[LNKD] -&gt; GSI 11 (level, high) -&gt; IRQ 11
[    1.557856] pci 0000:00:01.2: PCI INT D disabled
[    1.588773] Trying to unpack rootfs image as initramfs...
[    1.606313] audit: initializing netlink socket (disabled)
[    1.607634] type=2000 audit(1449215440.604:1): initialized
[    1.887544] HugeTLB registered 2 MB page size, pre-allocated 0 pages
[    1.969223] VFS: Disk quotas dquot_6.5.2
[    1.970515] Dquot-cache hash table entries: 512 (order 0, 4096 bytes)
[    1.985349] fuse init (API version 7.17)
[    1.987893] msgmni has been set to 84
[    2.026113] Block layer SCSI generic (bsg) driver version 0.4 loaded (major 253)
[    2.027637] io scheduler noop registered
[    2.028074] io scheduler deadline registered (default)
[    2.030411] io scheduler cfq registered
[    2.034553] pci_hotplug: PCI Hot Plug PCI Core version: 0.5
[    2.036038] pciehp: PCI Express Hot Plug Controller Driver version: 0.4
[    2.041827] input: Power Button as /devices/LNXSYSTM:00/LNXPWRBN:00/input/input0
[    2.043391] ACPI: Power Button [PWRF]
[    2.094152] ERST: Table is not found!
[    2.094791] GHES: HEST is not enabled!
[    2.107336] ACPI: PCI Interrupt Link [LNKC] enabled at IRQ 10
[    2.108042] virtio-pci 0000:00:03.0: PCI INT A -&gt; Link[LNKC] -&gt; GSI 10 (level, high) -&gt; IRQ 10
[    2.111914] virtio-pci 0000:00:04.0: PCI INT A -&gt; Link[LNKD] -&gt; GSI 11 (level, high) -&gt; IRQ 11
[    2.125137] ACPI: PCI Interrupt Link [LNKA] enabled at IRQ 10
[    2.126270] virtio-pci 0000:00:05.0: PCI INT A -&gt; Link[LNKA] -&gt; GSI 10 (level, high) -&gt; IRQ 10
[    2.139476] Serial: 8250/16550 driver, 32 ports, IRQ sharing enabled
[    2.185861] serial8250: ttyS0 at I/O 0x3f8 (irq = 4) is a 16550A
[    2.274068] serial8250: ttyS1 at I/O 0x2f8 (irq = 3) is a 16550A
[    2.407722] 00:05: ttyS0 at I/O 0x3f8 (irq = 4) is a 16550A
[    2.488465] 00:06: ttyS1 at I/O 0x2f8 (irq = 3) is a 16550A
[    2.535033] Linux agpgart interface v0.103
[    2.565557] Refined TSC clocksource calibration: 2292.786 MHz.
[    2.566532] Switching to clocksource tsc
[    2.600077] brd: module loaded
[    2.634983] loop: module loaded
[    2.702610]  vda: unknown partition table
[    2.769545] scsi0 : ata_piix
[    2.771626] scsi1 : ata_piix
[    2.773666] ata1: PATA max MWDMA2 cmd 0x1f0 ctl 0x3f6 bmdma 0xc0a0 irq 14
[    2.774541] ata2: PATA max MWDMA2 cmd 0x170 ctl 0x376 bmdma 0xc0a8 irq 15
[    2.785731] Fixed MDIO Bus: probed
[    2.786577] tun: Universal TUN/TAP device driver, 1.6
[    2.787129] tun: (C) 1999-2004 Max Krasnyansky &lt;maxk@qualcomm.com&gt;
[    2.799740] PPP generic driver version 2.4.2
[    2.823686] ehci_hcd: USB 2.0 'Enhanced' Host Controller (EHCI) Driver
[    2.825777] ohci_hcd: USB 1.1 'Open' Host Controller (OHCI) Driver
[    2.826796] uhci_hcd: USB Universal Host Controller Interface driver
[    2.829007] uhci_hcd 0000:00:01.2: PCI INT D -&gt; Link[LNKD] -&gt; GSI 11 (level, high) -&gt; IRQ 11
[    2.831537] uhci_hcd 0000:00:01.2: UHCI Host Controller
[    2.846272] uhci_hcd 0000:00:01.2: new USB bus registered, assigned bus number 1
[    2.848031] uhci_hcd 0000:00:01.2: irq 11, io base 0x0000c040
[    2.883782] hub 1-0:1.0: USB hub found
[    2.888722] hub 1-0:1.0: 2 ports detected
[    2.906745] usbcore: registered new interface driver libusual
[    2.911887] i8042: PNP: PS/2 Controller [PNP0303:KBD,PNP0f13:MOU] at 0x60,0x64 irq 1,12
[    2.923474] serio: i8042 KBD port at 0x60,0x64 irq 1
[    2.924837] serio: i8042 AUX port at 0x60,0x64 irq 12
[    3.001636] mousedev: PS/2 mouse device common for all mice
[    3.007908] ata2.01: ATAPI: QEMU DVD-ROM, 2.0.0, max UDMA/100
[    3.029288] input: AT Translated Set 2 keyboard as /devices/platform/i8042/serio0/input/input1
[    3.035718] rtc_cmos 00:01: RTC can wake from S4
[    3.051188] rtc_cmos 00:01: rtc core: registered rtc_cmos as rtc0
[    3.055216] rtc0: alarms up to one day, 114 bytes nvram, hpet irqs
[    3.059736] device-mapper: uevent: version 1.0.3
[    3.074648] ata2.01: configured for MWDMA2
[    3.110328] device-mapper: ioctl: 4.22.0-ioctl (2011-10-19) initialised: dm-devel@redhat.com
[    3.117112] cpuidle: using governor ladder
[    3.119440] cpuidle: using governor menu
[    3.120864] EFI Variables Facility v0.08 2004-May-17
[    3.131386] TCP cubic registered
[    3.138031] NET: Registered protocol family 10
[    3.163566] NET: Registered protocol family 17
[    3.164902] Registering the dns_resolver key type
[    3.175665] scsi 1:0:1:0: CD-ROM            QEMU     QEMU DVD-ROM     2.0. PQ: 0 ANSI: 5
[    3.211128] sr0: scsi3-mmc drive: 4x/4x cd/rw xa/form2 tray
[    3.212569] cdrom: Uniform CD-ROM driver Revision: 3.20
[    3.220516] sr 1:0:1:0: Attached scsi generic sg0 type 5
[    3.259910] Freeing initrd memory: 3656k freed
[    3.284027] registered taskstats version 1
[    3.763127]   Magic number: 11:863:823
[    3.773440] rtc_cmos 00:01: setting system clock to 2015-12-04 07:50:43 UTC (1449215443)
[    3.776418] powernow-k8: Processor cpuid 663 not supported
[    3.782717] BIOS EDD facility v0.16 2004-Jun-25, 0 devices found
[    3.783787] EDD information not available.
[    3.852091] Freeing unused kernel memory: 928k freed
[    3.866679] Write protecting the kernel read-only data: 12288k
[    3.993603] Freeing unused kernel memory: 1596k freed
[    4.079253] Freeing unused kernel memory: 1184k freed

info: initramfs: up at 4.27
modprobe: module virtio_blk not found in modules.dep
modprobe: module virtio_net not found in modules.dep
info: copying initramfs to /dev/vda
info: initramfs loading root from /dev/vda
info: /etc/init.d/rc.sysinit: up at 9.23
info: container: none
Starting logging: OK
modprobe: module virtio_blk not found in modules.dep
modprobe: module virtio_net not found in modules.dep
WARN: /etc/rc3.d/S10-load-modules failed
Initializing random number generator... done.
Starting acpid: OK
cirros-ds 'local' up at 11.69
found datasource (configdrive, local)
Starting network...
udhcpc (v1.20.1) started
Sending discover...
Sending discover...
Sending discover...
Usage: /sbin/cirros-dhcpc &lt;up|down&gt;
No lease, failing
WARN: /etc/rc3.d/S40-network failed
Starting dropbear sshd: generating rsa key... generating dsa key... OK
no userdata for datasource
=== system information ===
Platform: OpenStack Foundation OpenStack Nova
Container: none
Arch: x86_64
CPU(s): 1 @ 2292.773 MHz
Cores/Sockets/Threads: 1/1/1
Virt-type: AMD-V
RAM Size: 49MB
Disks:
NAME MAJ:MIN     SIZE LABEL         MOUNTPOINT
vda  253:0   25165824 cirros-rootfs /
sr0   11:0     428032 config-2      
=== sshd host keys ===
-----BEGIN SSH HOST KEY KEYS-----
ssh-rsa AAAAB3NzaC1yc2EAAAADAQABAAAAgk887mG8dywCzlbY7eoQwbShsnPDVvK9dK85Pz9IzUEOcrCfFVT/t2IJczgq6Wsk4ggoHuUjiLbmdJCpYS4hiTF7iyuw57mFLH/CE2I+v0wiE2GYH8aNFqShvSStBwdtSpSeA8hB1i381WRyOjSOk1FSWbRsz+o/oWbtT1LF5L9Aonc= root@tempest
ssh-dss AAAAB3NzaC1kc3MAAACBAL574nvBUWRU6z5Kghru88DgcZgS4YQRnWUrmxs9501GG++8nBr3m1odqMnbRbWUrxOuRFHBuAVvLutjjCMs53c2Ty1JH5W4S7TyisZeIG6e0Z2Eu79vyljmfycdbg0Ai7QHtmwkVlGXeL6fah18H0mrx877zvwuOf5x8xRc6QgxAAAAFQDoLkd3O4mRJXJ9YGGP6zJH5phrMwAAAIBkkNBg5Bug/efBSJy+ElwWjERN0NE4JNCyO/j2FXfTO/pm4rRLuLNcH3kZc+lsAd9mj09m4ktkOcmO7bnYXKKANnYvh3E+8lj4GtwVPxkasQsOlxQdCrfw1DclnO4yKvKQG2SwtDtFwfXqmolb0gYDmcojsfiWoFKO9sVtRh4OJQAAAIBxMw9chvZvmkJpZT2VpWfUt1mFGuA5y9vYMHUnzegTxbVRJ1tAg7KZmt8YNhPcM2XGF0hQVGx5+t/gtzrK/I1mlauZka0dv7wb3iMUcQTfClgLMJZKd8muoYc5IJqzWUahA2jfaKebbl0DHy6bIlSbQz4JT7fIzayOaCvJtBHCRA== root@tempest
-----END SSH HOST KEY KEYS-----
=== network info ===
if-info: lo,up,127.0.0.1,8,::1
if-info: eth0,up,,8,fe80::f816:3eff:fe21:b4f8
=== datasource: configdrive local ===
instance-id: 4e77e16f-93aa-49d8-a56f-c774a690079a
name: tempest.common.compute-instance-1632751769
availability-zone: nova
local-hostname: tempest.common.compute-instance-1632751769.novalocal
launch-index: 0
=== cirros: current=0.3.4 uptime=202.32 ===
route: fscanf
=== pinging gateway failed, debugging connection ===
############ debug start ##############
### /etc/init.d/sshd start
Starting dropbear sshd: OK
route: fscanf
### ifconfig -a
eth0      Link encap:Ethernet  HWaddr FA:16:3E:21:B4:F8  
          inet6 addr: fe80::f816:3eff:fe21:b4f8/64 Scope:Link
          UP BROADCAST RUNNING MULTICAST  MTU:1500  Metric:1
          RX packets:12 errors:0 dropped:5 overruns:0 frame:0
          TX packets:8 errors:0 dropped:0 overruns:0 carrier:0
          collisions:0 txqueuelen:1000 
          RX bytes:1303 (1.2 KiB)  TX bytes:1134 (1.1 KiB)

lo        Link encap:Local Loopback  
          inet addr:127.0.0.1  Mask:255.0.0.0
          inet6 addr: ::1/128 Scope:Host
          UP LOOPBACK RUNNING  MTU:16436  Metric:1
          RX packets:12 errors:0 dropped:0 overruns:0 frame:0
          TX packets:12 errors:0 dropped:0 overruns:0 carrier:0
          collisions:0 txqueuelen:0 
          RX bytes:1020 (1020.0 B)  TX bytes:1020 (1020.0 B)

### route -n
Kernel IP routing table
Destination     Gateway         Genmask         Flags Metric Ref    Use Iface
route: fscanf
### cat /etc/resolv.conf
cat: can't open '/etc/resolv.conf': No such file or directory
### gateway not found
/sbin/cirros-status: line 1: can't open /etc/resolv.conf: no such file
### pinging nameservers
### uname -a
Linux tempest 3.2.0-80-virtual #116-Ubuntu SMP Mon Mar 23 17:28:52 UTC 2015 x86_64 GNU/Linux
### lsmod
Module                  Size  Used by    Not tainted
nls_iso8859_1          12713  0 
nls_cp437              16991  0 
vfat                   17585  0 
fat                    61512  1 vfat
isofs                  40259  0 
ip_tables              27473  0 
x_tables               29891  1 ip_tables
pcnet32                42119  0 
8139cp                 27360  0 
ne2k_pci               13691  0 
8390                   18856  1 ne2k_pci
e1000                 108589  0 
acpiphp                24231  0 
### dmesg | tail
[    5.177743] EXT3-fs (vda): mounted filesystem with ordered data mode
[    5.434896] ISO 9660 Extensions: Microsoft Joliet Level 3
[    5.503212] ISO 9660 Extensions: RRIP_1991A
[    5.726689] kjournald starting.  Commit interval 5 seconds
[    5.740727] EXT3-fs (vda): using internal journal
[    5.741544] EXT3-fs (vda): mounted filesystem with ordered data mode
[    9.332717] EXT3-fs (vda): using internal journal
[   12.418576] ISO 9660 Extensions: Microsoft Joliet Level 3
[   12.527051] ISO 9660 Extensions: RRIP_1991A
[   28.387568] eth0: no IPv6 routers present
### tail -n 25 /var/log/messages
Dec  4 07:50:50 cirros kern.info kernel: [    4.620568] acpiphp: Slot [20] registered
Dec  4 07:50:50 cirros kern.info kernel: [    4.621345] acpiphp: Slot [21] registered
Dec  4 07:50:50 cirros kern.info kernel: [    4.621639] acpiphp: Slot [22] registered
Dec  4 07:50:50 cirros kern.info kernel: [    4.621956] acpiphp: Slot [23] registered
Dec  4 07:50:50 cirros kern.info kernel: [    4.622305] acpiphp: Slot [24] registered
Dec  4 07:50:50 cirros kern.info kernel: [    4.625503] acpiphp: Slot [31] registered
Dec  4 07:50:50 cirros kern.info kernel: [    4.675989] e1000: Intel(R) PRO/1000 Network Driver - version 7.3.21-k8-NAPI
Dec  4 07:50:50 cirros kern.info kernel: [    4.676039] e1000: Copyright (c) 1999-2006 Intel Corporation.
Dec  4 07:50:50 cirros kern.info kernel: [    4.723176] ne2k-pci.c:v1.03 9/22/2003 D. Becker/P. Gortmaker
Dec  4 07:50:50 cirros kern.info kernel: [    4.762095] 8139cp: 8139cp: 10/100 PCI Ethernet driver v1.3 (Mar 22, 2004)
Dec  4 07:50:50 cirros kern.info kernel: [    4.809878] pcnet32: pcnet32.c:v1.35 21.Apr.2008 tsbogend@alpha.franken.de
Dec  4 07:50:50 cirros kern.info kernel: [    4.861295] ip_tables: (C) 2000-2006 Netfilter Core Team
Dec  4 07:50:50 cirros kern.info kernel: [    5.172119] kjournald starting.  Commit interval 5 seconds
Dec  4 07:50:50 cirros kern.info kernel: [    5.177743] EXT3-fs (vda): mounted filesystem with ordered data mode
Dec  4 07:50:50 cirros kern.debug kernel: [    5.434896] ISO 9660 Extensions: Microsoft Joliet Level 3
Dec  4 07:50:50 cirros kern.debug kernel: [    5.503212] ISO 9660 Extensions: RRIP_1991A
Dec  4 07:50:50 cirros kern.info kernel: [    5.726689] kjournald starting.  Commit interval 5 seconds
Dec  4 07:50:50 cirros kern.info kernel: [    5.740727] EXT3-fs (vda): using internal journal
Dec  4 07:50:50 cirros kern.info kernel: [    5.741544] EXT3-fs (vda): mounted filesystem with ordered data mode
Dec  4 07:50:50 cirros kern.info kernel: [    9.332717] EXT3-fs (vda): using internal journal
Dec  4 07:50:52 cirros kern.debug kernel: [   12.418576] ISO 9660 Extensions: Microsoft Joliet Level 3
Dec  4 07:50:52 cirros kern.debug kernel: [   12.527051] ISO 9660 Extensions: RRIP_1991A
Dec  4 07:50:55 cirros auth.notice su: + /dev/console root:cirros
Dec  4 07:51:08 cirros kern.debug kernel: [   28.387568] eth0: no IPv6 routers present
Dec  4 07:54:00 cirros authpriv.info dropbear[283]: Running in background
############ debug end   ##############
  ____               ____  ____
 / __/ __ ____ ____ / __ \/ __/
/ /__ / // __// __// /_/ /\ \ 
\___//_//_/  /_/   \____/___/ 
   http://cirros-cloud.net


login as 'cirros' user. default password: 'cubswin:)'. use 'sudo' for root.
tempest login: 
2015-12-04 07:54:10,163 27308 INFO     [tempest_lib.common.rest_client] Request (TestGettingAddress:_run_cleanups): 204 DELETE http://10.0.2.15:9696/v2.0/floatingips/911c3f22-945e-4dd8-8c14-00c201003644 0.204s
2015-12-04 07:54:10,163 27308 DEBUG    [tempest_lib.common.rest_client] Request - Headers: {'Content-Type': 'application/json', 'Accept': 'application/json', 'X-Auth-Token': '&lt;omitted&gt;'}
        Body: None
    Response - Headers: {'date': 'Fri, 04 Dec 2015 07:54:10 GMT', 'status': '204', 'connection': 'close', 'content-length': '0', 'x-openstack-request-id': 'req-ef2c634b-a5ac-4014-88e1-be29195f8443'}
        Body: 
2015-12-04 07:54:10,476 27308 INFO     [tempest_lib.common.rest_client] Request (TestGettingAddress:_run_cleanups): 204 DELETE http://10.0.2.15:8774/v2.1/81b66f2f0d4f412e96ad29cdba1a9243/servers/4e77e16f-93aa-49d8-a56f-c774a690079a 0.312s
2015-12-04 07:54:10,477 27308 DEBUG    [tempest_lib.common.rest_client] Request - Headers: {'Content-Type': 'application/json', 'Accept': 'application/json', 'X-Auth-Token': '&lt;omitted&gt;'}
        Body: None
    Response - Headers: {'status': '204', 'content-length': '0', 'x-compute-request-id': 'req-6ef652ee-1ce7-49e2-9b19-69b85a5bcbec', 'vary': 'X-OpenStack-Nova-API-Version', 'connection': 'close', 'x-openstack-nova-api-version': '2.1', 'date': 'Fri, 04 Dec 2015 07:54:10 GMT', 'content-type': 'application/json'}
        Body: 
2015-12-04 07:54:10,707 27308 INFO     [tempest_lib.common.rest_client] Request (TestGettingAddress:_run_cleanups): 200 GET http://10.0.2.15:8774/v2.1/81b66f2f0d4f412e96ad29cdba1a9243/servers/4e77e16f-93aa-49d8-a56f-c774a690079a 0.229s
2015-12-04 07:54:10,707 27308 DEBUG    [tempest_lib.common.rest_client] Request - Headers: {'Content-Type': 'application/json', 'Accept': 'application/json', 'X-Auth-Token': '&lt;omitted&gt;'}
        Body: None
    Response - Headers: {'status': '200', 'content-length': '1904', 'content-location': 'http://10.0.2.15:8774/v2.1/81b66f2f0d4f412e96ad29cdba1a9243/servers/4e77e16f-93aa-49d8-a56f-c774a690079a', 'x-compute-request-id': 'req-c0618a69-099b-48ce-bf6d-adc2dc1546b6', 'vary': 'X-OpenStack-Nova-API-Version', 'connection': 'close', 'x-openstack-nova-api-version': '2.1', 'date': 'Fri, 04 Dec 2015 07:54:10 GMT', 'content-type': 'application/json'}
        Body: {"server": {"status": "ACTIVE", "updated": "2015-12-04T07:54:10Z", "hostId": "280cde00b203ce86c6098341c26d01cc398184961bc47f6edd8783d4", "addresses": {"tempest-network-smoke--645130874": [{"OS-EXT-IPS-MAC:mac_addr": "fa:16:3e:21:b4:f8", "version": 6, "addr": "2003::f816:3eff:fe21:b4f8", "OS-EXT-IPS:type": "fixed"}, {"OS-EXT-IPS-MAC:mac_addr": "fa:16:3e:21:b4:f8", "version": 4, "addr": "10.100.0.3", "OS-EXT-IPS:type": "fixed"}, {"OS-EXT-IPS-MAC:mac_addr": "fa:16:3e:21:b4:f8", "version": 4, "addr": "172.24.4.4", "OS-EXT-IPS:type": "floating"}]}, "links": [{"href": "http://10.0.2.15:8774/v2.1/81b66f2f0d4f412e96ad29cdba1a9243/servers/4e77e16f-93aa-49d8-a56f-c774a690079a", "rel": "self"}, {"href": "http://10.0.2.15:8774/81b66f2f0d4f412e96ad29cdba1a9243/servers/4e77e16f-93aa-49d8-a56f-c774a690079a", "rel": "bookmark"}], "key_name": "tempest-TestGettingAddress-1391704334", "image": {"id": "fa3bc9ad-c074-49c1-9a75-026a8a218517", "links": [{"href": "http://10.0.2.15:8774/81b66f2f0d4f412e96ad29cdba1a9243/images/fa3bc9ad-c074-49c1-9a75-026a8a218517", "rel": "bookmark"}]}, "OS-EXT-STS:task_state": "deleting", "OS-EXT-STS:vm_state": "active", "OS-SRV-USG:launched_at": "2015-12-04T07:50:36.000000", "flavor": {"id": "42", "links": [{"href": "http://10.0.2.15:8774/81b66f2f0d4f412e96ad29cdba1a9243/flavors/42", "rel": "bookmark"}]}, "id": "4e77e16f-93aa-49d8-a56f-c774a690079a", "security_groups": [{"name": "tempest-secgroup-smoke-1816260340"}], "OS-SRV-USG:terminated_at": null, "OS-EXT-AZ:availability_zone": "nova", "user_id": "b8bf476e0ac346d29fe2caffe55f0c2b", "name": "tempest.common.compute-instance-1632751769", "created": "2015-12-04T07:50:33Z", "tenant_id": "81b66f2f0d4f412e96ad29cdba1a9243", "OS-DCF:diskConfig": "MANUAL", "os-extended-volumes:volumes_attached": [], "accessIPv4": "", "accessIPv6": "", "progress": 0, "OS-EXT-STS:power_state": 1, "config_drive": "True", "metadata": {}}}
2015-12-04 07:54:11,881 27308 INFO     [tempest_lib.common.rest_client] Request (TestGettingAddress:_run_cleanups): 200 GET http://10.0.2.15:8774/v2.1/81b66f2f0d4f412e96ad29cdba1a9243/servers/4e77e16f-93aa-49d8-a56f-c774a690079a 0.159s
2015-12-04 07:54:11,881 27308 DEBUG    [tempest_lib.common.rest_client] Request - Headers: {'Content-Type': 'application/json', 'Accept': 'application/json', 'X-Auth-Token': '&lt;omitted&gt;'}
        Body: None
    Response - Headers: {'status': '200', 'content-length': '1440', 'content-location': 'http://10.0.2.15:8774/v2.1/81b66f2f0d4f412e96ad29cdba1a9243/servers/4e77e16f-93aa-49d8-a56f-c774a690079a', 'x-compute-request-id': 'req-0736308e-db53-41cd-8ee0-e939eb61ebb8', 'vary': 'X-OpenStack-Nova-API-Version', 'connection': 'close', 'x-openstack-nova-api-version': '2.1', 'date': 'Fri, 04 Dec 2015 07:54:11 GMT', 'content-type': 'application/json'}
        Body: {"server": {"status": "ACTIVE", "updated": "2015-12-04T07:54:11Z", "hostId": "280cde00b203ce86c6098341c26d01cc398184961bc47f6edd8783d4", "addresses": {}, "links": [{"href": "http://10.0.2.15:8774/v2.1/81b66f2f0d4f412e96ad29cdba1a9243/servers/4e77e16f-93aa-49d8-a56f-c774a690079a", "rel": "self"}, {"href": "http://10.0.2.15:8774/81b66f2f0d4f412e96ad29cdba1a9243/servers/4e77e16f-93aa-49d8-a56f-c774a690079a", "rel": "bookmark"}], "key_name": "tempest-TestGettingAddress-1391704334", "image": {"id": "fa3bc9ad-c074-49c1-9a75-026a8a218517", "links": [{"href": "http://10.0.2.15:8774/81b66f2f0d4f412e96ad29cdba1a9243/images/fa3bc9ad-c074-49c1-9a75-026a8a218517", "rel": "bookmark"}]}, "OS-EXT-STS:task_state": "deleting", "OS-EXT-STS:vm_state": "active", "OS-SRV-USG:launched_at": "2015-12-04T07:50:36.000000", "flavor": {"id": "42", "links": [{"href": "http://10.0.2.15:8774/81b66f2f0d4f412e96ad29cdba1a9243/flavors/42", "rel": "bookmark"}]}, "id": "4e77e16f-93aa-49d8-a56f-c774a690079a", "OS-SRV-USG:terminated_at": null, "OS-EXT-AZ:availability_zone": "nova", "user_id": "b8bf476e0ac346d29fe2caffe55f0c2b", "name": "tempest.common.compute-instance-1632751769", "created": "2015-12-04T07:50:33Z", "tenant_id": "81b66f2f0d4f412e96ad29cdba1a9243", "OS-DCF:diskConfig": "MANUAL", "os-extended-volumes:volumes_attached": [], "accessIPv4": "", "accessIPv6": "", "progress": 0, "OS-EXT-STS:power_state": 1, "config_drive": "True", "metadata": {}}}
2015-12-04 07:54:12,975 27308 INFO     [tempest_lib.common.rest_client] Request (TestGettingAddress:_run_cleanups): 404 GET http://10.0.2.15:8774/v2.1/81b66f2f0d4f412e96ad29cdba1a9243/servers/4e77e16f-93aa-49d8-a56f-c774a690079a 0.082s
2015-12-04 07:54:12,976 27308 DEBUG    [tempest_lib.common.rest_client] Request - Headers: {'Content-Type': 'application/json', 'Accept': 'application/json', 'X-Auth-Token': '&lt;omitted&gt;'}
        Body: None
    Response - Headers: {'status': '404', 'content-length': '111', 'x-compute-request-id': 'req-2d801f98-9318-434d-9023-2b69b26b65ee', 'vary': 'X-OpenStack-Nova-API-Version', 'connection': 'close', 'x-openstack-nova-api-version': '2.1', 'date': 'Fri, 04 Dec 2015 07:54:12 GMT', 'content-type': 'application/json; charset=UTF-8'}
        Body: {"itemNotFound": {"message": "Instance 4e77e16f-93aa-49d8-a56f-c774a690079a could not be found.", "code": 404}}
2015-12-04 07:54:13,333 27308 INFO     [tempest_lib.common.rest_client] Request (TestGettingAddress:_run_cleanups): 200 PUT http://10.0.2.15:9696/v2.0/routers/2061f33c-0fa6-497f-8ebc-ee9e1f42d5ee/remove_router_interface 0.356s
2015-12-04 07:54:13,334 27308 DEBUG    [tempest_lib.common.rest_client] Request - Headers: {'Content-Type': 'application/json', 'Accept': 'application/json', 'X-Auth-Token': '&lt;omitted&gt;'}
        Body: {"subnet_id": "2f0f2e91-ba6d-41e5-828d-ed4f42f7fb87"}
    Response - Headers: {'status': '200', 'content-length': '255', 'connection': 'close', 'date': 'Fri, 04 Dec 2015 07:54:13 GMT', 'content-type': 'application/json; charset=UTF-8', 'x-openstack-request-id': 'req-6b28f7a8-bbcb-443a-a7e2-9a0c43c96c4a'}
        Body: {"subnet_id": "2f0f2e91-ba6d-41e5-828d-ed4f42f7fb87", "tenant_id": "81b66f2f0d4f412e96ad29cdba1a9243", "subnet_ids": ["2f0f2e91-ba6d-41e5-828d-ed4f42f7fb87"], "port_id": "ed2353fc-9dae-429f-95ee-a0492e477424", "id": "2061f33c-0fa6-497f-8ebc-ee9e1f42d5ee"}
2015-12-04 07:54:13,774 27308 INFO     [tempest_lib.common.rest_client] Request (TestGettingAddress:_run_cleanups): 204 DELETE http://10.0.2.15:9696/v2.0/subnets/2f0f2e91-ba6d-41e5-828d-ed4f42f7fb87 0.440s
2015-12-04 07:54:13,775 27308 DEBUG    [tempest_lib.common.rest_client] Request - Headers: {'Content-Type': 'application/json', 'Accept': 'application/json', 'X-Auth-Token': '&lt;omitted&gt;'}
        Body: None
    Response - Headers: {'date': 'Fri, 04 Dec 2015 07:54:13 GMT', 'status': '204', 'connection': 'close', 'content-length': '0', 'x-openstack-request-id': 'req-339ffcbd-3c03-4276-b8bb-cd36a0279ab9'}
        Body: 
2015-12-04 07:54:13,806 27308 INFO     [tempest_lib.common.rest_client] Request (TestGettingAddress:_run_cleanups): 404 DELETE http://10.0.2.15:9696/v2.0/subnets/2f0f2e91-ba6d-41e5-828d-ed4f42f7fb87 0.031s
2015-12-04 07:54:13,807 27308 DEBUG    [tempest_lib.common.rest_client] Request - Headers: {'Content-Type': 'application/json', 'Accept': 'application/json', 'X-Auth-Token': '&lt;omitted&gt;'}
        Body: None
    Response - Headers: {'status': '404', 'content-length': '135', 'connection': 'close', 'date': 'Fri, 04 Dec 2015 07:54:13 GMT', 'content-type': 'application/json; charset=UTF-8', 'x-openstack-request-id': 'req-868b0e0d-9979-4bab-86c5-b50ee4e98af9'}
        Body: {"NeutronError": {"message": "Subnet 2f0f2e91-ba6d-41e5-828d-ed4f42f7fb87 could not be found", "type": "SubnetNotFound", "detail": ""}}
2015-12-04 07:54:14,182 27308 INFO     [tempest_lib.common.rest_client] Request (TestGettingAddress:_run_cleanups): 200 PUT http://10.0.2.15:9696/v2.0/routers/2061f33c-0fa6-497f-8ebc-ee9e1f42d5ee/remove_router_interface 0.374s
2015-12-04 07:54:14,183 27308 DEBUG    [tempest_lib.common.rest_client] Request - Headers: {'Content-Type': 'application/json', 'Accept': 'application/json', 'X-Auth-Token': '&lt;omitted&gt;'}
        Body: {"subnet_id": "6a2ad1d3-80bc-41d7-8fd7-975933e102ad"}
