<?xml version="1.0" encoding="UTF-8"?>
<!DOCTYPE html PUBLIC "-//W3C//DTD XHTML 1.0 Strict//EN"
     "http://www.w3.org/TR/xhtml1/DTD/xhtml1-strict.dtd">
<html xmlns="http://www.w3.org/1999/xhtml">
<head>
    <title>Unit Test Report</title>
    <meta name="generator" content="subunit2html 0.1"/>
    <meta http-equiv="Content-Type" content="text/html; charset=UTF-8"/>
    
<style type="text/css" media="screen">
body        { font-family: verdana, arial, helvetica, sans-serif;
    font-size: 80%; }
table       { font-size: 100%; width: 100%;}
pre         { font-size: 80%; }

/* -- heading -------------------------------------------------------------- */
h1 {
        font-size: 16pt;
        color: gray;
}
.heading {
    margin-top: 0ex;
    margin-bottom: 1ex;
}

.heading .attribute {
    margin-top: 1ex;
    margin-bottom: 0;
}

.heading .description {
    margin-top: 4ex;
    margin-bottom: 6ex;
}

/* -- css div popup -------------------------------------------------------- */
a.popup_link {
}

a.popup_link:hover {
    color: red;
}

.popup_window {
    display: none;
    overflow-x: scroll;
    /*border: solid #627173 1px; */
    padding: 10px;
    background-color: #E6E6D6;
    font-family: "Ubuntu Mono", "Lucida Console", "Courier New", monospace;
    text-align: left;
    font-size: 8pt;
}

}
/* -- report --------------------------------------------------------------- */
#show_detail_line {
    margin-top: 3ex;
    margin-bottom: 1ex;
}
#result_table {
    width: 100%;
    border-collapse: collapse;
    border: 1px solid #777;
}
#header_row {
    font-weight: bold;
    color: white;
    background-color: #777;
}
#result_table td {
    border: 1px solid #777;
    padding: 2px;
}
#total_row  { font-weight: bold; }
.passClass  { background-color: #6c6; }
.failClass  { background-color: #c60; }
.errorClass { background-color: #c00; }
.passCase   { color: #6c6; }
.failCase   { color: #c60; font-weight: bold; }
.errorCase  { color: #c00; font-weight: bold; }
.hiddenRow  { display: none; }
.testcase   { margin-left: 2em; }
td.testname {width: 40%}
td.small {width: 40px}

/* -- ending --------------------------------------------------------------- */
#ending {
}

</style>

</head>
<body>
<script language="javascript" type="text/javascript"><!--
output_list = Array();

/* level - 0:Summary; 1:Failed; 2:All */
function showCase(level) {
    trs = document.getElementsByTagName("tr");
    for (var i = 0; i < trs.length; i++) {
        tr = trs[i];
        id = tr.id;
        if (id.substr(0,2) == 'ft') {
            if (level < 1) {
                tr.className = 'hiddenRow';
            }
            else {
                tr.className = '';
            }
        }
        if (id.substr(0,2) == 'pt') {
            if (level > 1) {
                tr.className = '';
            }
            else {
                tr.className = 'hiddenRow';
            }
        }
    }
}


function showClassDetail(cid, count) {
    var id_list = Array(count);
    var toHide = 1;
    for (var i = 0; i < count; i++) {
        tid0 = 't' + cid.substr(1) + '.' + (i+1);
        tid = 'f' + tid0;
        tr = document.getElementById(tid);
        if (!tr) {
            tid = 'p' + tid0;
            tr = document.getElementById(tid);
        }
        id_list[i] = tid;
        if (tr.className) {
            toHide = 0;
        }
    }
    for (var i = 0; i < count; i++) {
        tid = id_list[i];
        if (toHide) {
            document.getElementById('div_'+tid).style.display = 'none'
            document.getElementById(tid).className = 'hiddenRow';
        }
        else {
            document.getElementById(tid).className = '';
        }
    }
}


function showTestDetail(div_id){
    var details_div = document.getElementById(div_id)
    var displayState = details_div.style.display
    // alert(displayState)
    if (displayState != 'block' ) {
        displayState = 'block'
        details_div.style.display = 'block'
    }
    else {
        details_div.style.display = 'none'
    }
}


function html_escape(s) {
    s = s.replace(/&/g,'&amp;');
    s = s.replace(/</g,'&lt;');
    s = s.replace(/>/g,'&gt;');
    return s;
}

/* obsoleted by detail in <div>
function showOutput(id, name) {
    var w = window.open("", //url
                    name,
                    "resizable,scrollbars,status,width=800,height=450");
    d = w.document;
    d.write("<pre>");
    d.write(html_escape(output_list[id]));
    d.write("\n");
    d.write("<a href='javascript:window.close()'>close</a>\n");
    d.write("</pre>\n");
    d.close();
}
*/
--></script>

<div class='heading'>
<h1>Unit Test Report</h1>

<p class='attribute'><strong>Status:</strong> Pass 2 Failure 6</p>

<p class='description'></p>
</div>



<p id='show_detail_line'>Show
<a href='javascript:showCase(0)'>Summary</a>
<a href='javascript:showCase(1)'>Failed</a>
<a href='javascript:showCase(2)'>All</a>
</p>
<table id='result_table'>
<colgroup>
<col align='left' />
<col align='right' />
<col align='right' />
<col align='right' />
<col align='right' />
<col align='right' />
<col align='right' />
<col align='right' />
</colgroup>
<tr id='header_row'>
    <td>Test Group/Test case</td>
    <td>Count</td>
    <td>Pass</td>
    <td>Fail</td>
    <td>Error</td>
    <td>Skip</td>
    <td>View</td>
    <td> </td>
</tr>

<tr class='failClass'>
    <td class="testname">tempest.scenario.test_network_v6.TestGettingAddress</td>
    <td class="small">8</td>
    <td class="small">2</td>
    <td class="small">6</td>
    <td class="small">0</td>
    <td class="small">0</td>
    <td class="small"><a href="javascript:showClassDetail('c1',8)"
>Detail</a></td>
    <td> </td>
</tr>

<tr id='ft1.1' class='none'>
    <td class='failCase'><div class='testcase'>test_dhcp6_stateless_from_os[compute,id-d7e1f858-187c-45a6-89c9-bdafde619a9f,network]</div></td>
    <td colspan='7' align='left'>

    <!--css div popup start-->
    <a class="popup_link" onfocus='this.blur();'
    href="javascript:showTestDetail('div_ft1.1')" >
        fail</a>

    <div id='div_ft1.1' class="popup_window">
        <div style='text-align: right; color:red;cursor:pointer'>
        <a onfocus='this.blur();'
onclick="document.getElementById('div_ft1.1').style.display = 'none' " >
           [x]</a>
        </div>
        <pre>
        
ft1.1: tempest.scenario.test_network_v6.TestGettingAddress.test_dhcp6_stateless_from_os[compute,id-d7e1f858-187c-45a6-89c9-bdafde619a9f,network]_StringException: Empty attachments:
  stderr
  stdout

pythonlogging:'': {{{
2015-12-04 14:10:44,358 27342 INFO     [tempest_lib.common.rest_client] Request (TestGettingAddress:setUp): 200 POST http://10.0.2.15:8774/v2.1/a0597bc102514b17aaab5c237bc38fc3/os-keypairs 0.355s
2015-12-04 14:10:44,359 27342 DEBUG    [tempest_lib.common.rest_client] Request - Headers: {'Content-Type': 'application/json', 'Accept': 'application/json', 'X-Auth-Token': '&lt;omitted&gt;'}
        Body: {"keypair": {"name": "tempest-TestGettingAddress-1638473541"}}
    Response - Headers: {'status': '200', 'content-length': '2320', 'x-compute-request-id': 'req-40bd328a-bc30-4390-9f1b-d92b79792097', 'vary': 'X-OpenStack-Nova-API-Version', 'connection': 'close', 'x-openstack-nova-api-version': '2.1', 'date': 'Fri, 04 Dec 2015 14:10:44 GMT', 'content-type': 'application/json'}
        Body: {"keypair": {"public_key": "ssh-rsa AAAAB3NzaC1yc2EAAAADAQABAAABAQCySpOJu4ZYBqPUNuzpifiRRe58iaP07m0mivPsd87V8qBZjLkBn1LYGff6XXcNWMz15z8QL9IeFPQ4RsiBaunqtBw6OPP4zsXPc8Iw3bd9J7vXuxvdxQ6pIpaDGk7DIRCt6kfN/lHv9u00oDWOTrS0wETaozuKm/no10OPuFZMwjBN+457V6m4zPIjTIlZs0Op21dIgxlxh9RenGKeYSZTbQrHnmIaQYA252gi9nJ5Dl/xDG3JPiGTZFCY0k/zlqUhJPOfNwKLeAiu7nwoYmQKTZ+ukpohIr5tUAEzNrBOQtj0pflFHb5CjVSgQONLxG+Ypn4dSUhuVSf8hXgLmHap Generated-by-Nova", "private_key": "-----BEGIN RSA PRIVATE KEY-----\nMIIEqAIBAAKCAQEAskqTibuGWAaj1Dbs6Yn4kUXufImj9O5tJorz7HfO1fKgWYy5\nAZ9S2Bn3+l13DVjM9ec/EC/SHhT0OEbIgWrp6rQcOjjz+M7Fz3PCMN23fSe717sb\n3cUOqSKWgxpOwyEQrepHzf5R7/btNKA1jk60tMBE2qM7ipv56NdDj7hWTMIwTfuO\ne1epuMzyI0yJWbNDqdtXSIMZcYfUXpxinmEmU20Kx55iGkGANudoIvZyeQ5f8Qxt\nyT4hk2RQmNJP85alISTznzcCi3gIru58KGJkCk2frpKaISK+bVABMzawTkLY9KX5\nRR2+Qo1UoEDjS8RvmKZ+HUlIblUn/IV4C5h2qQIDAQABAoIBAC0yprBV77rFBCc6\nPVj+9xqs5caAhiYDg3wv4aJixPaL6YaKHCSDJVdPTgQUSagCiQMVunD6DoQ9v6O8\nnfvhBKfRPQ6tfXvnv1HWALaunmOF/SK1dl0EJbFO6WUW+DyTV00fhVB9VnxE1uFu\nc+U9oqXn0Ay1MNT0sagLWj9G9enDLCx7fpRinHbcJfqss1oZxhWLRiG53i+mx0AT\nfKwdZfiDH4qf52GKhWPGaABasVWHBmSAVT0gLexv1+YemGZNKu+4KvlpMJEERw9+\nIKwVokvbhdlim1jxwaEOsW/UHcaYTKtjYTs8rWUElnk5Hhm9zROIZ0LvcItv9zNS\n3h8MgBkCggCBAMaqFDqp2hojmHm2Uj80oLI9MYvxVKiuGlaz0uTiA9KlLHF9uyU9\nCCws8Yi15AeVAIeLS7JY4nv3rj1tayA2OMHnmSvTkYICwT/+oA0XY+m/6aV5NOCp\nLpD1Iv7zZfneEmBhFdITaUIy+/nXg3F3drSTMCQwCWZkmBQrPya8Y0iTAoIAgQDl\nv0ZKTC/bbrxFCloCDPS75r2lS+b58GAaLOriuwHr09UrJrPm9C80sWzcs9FlzXWb\n0Vshm1tyIjuSE3st0LIncNig2UvLBDeRj1gjh5r+Sg3osLC0VDguyDQet2ynmqeP\niklLXUBa4AwzVz7zIDVXZiT7LGoUePtBztbMTYi1UwKCAIEAjpjMFmOOko6URmDQ\n3l9nLSjxZHKgAsedTjibGwEEH3HB2eCWsR8Cu7qy0B9HAw43qBMbDXPxdWwN3Deq\n2h8xVDVp42RkID7b+ZRJy7vLUqAXFFhQ1SV6sD/Uk82fl9+Hrzhgkj6uof64kNfZ\nmFtYkDrKJl94j8+KvYdhN+unFBMCggCAEdDFSJmj1GY/3zKwTBxpFfEMn7bFEHid\nWypEhJRvz7O7gf8cUDp7NqDTikG/aR+HkS+o23BKpQ0WhXtRP/pA9mH/ymlPQUzw\nai8tbIPldvaTIYoiCbnGKYqI0CD1IgISIEVe7aMrjGB3UbvgO8YxnLdlAr0s9K10\n/mNlsK4KfdUCggCAcIp5lValxIAPf1O6dGgjJqr5CYqfzELTRR6RGzik9qw9bQ8e\nqQTbL+/Sn4aN3RVa8gbcu5toz+7CxUSXzXC+pfLyWZyAsn3zm2MkKs0Z+wRPc06C\n1cu7aIopfK9uqOTr751D45bpHCHD5W1rFLklEz24C5vQHScFXN5e0SKKYWA=\n-----END RSA PRIVATE KEY-----\n", "user_id": "91fa975ffb3c464c8f0b27a465643d2a", "name": "tempest-TestGettingAddress-1638473541", "fingerprint": "8d:51:3b:a7:f5:f1:22:49:33:fe:80:1f:72:c0:3b:91"}}
2015-12-04 14:10:44,685 27342 INFO     [tempest_lib.common.rest_client] Request (TestGettingAddress:setUp): 201 POST http://10.0.2.15:9696/v2.0/security-groups 0.321s
2015-12-04 14:10:44,686 27342 DEBUG    [tempest_lib.common.rest_client] Request - Headers: {'Content-Type': 'application/json', 'Accept': 'application/json', 'X-Auth-Token': '&lt;omitted&gt;'}
        Body: {"security_group": {"tenant_id": "a0597bc102514b17aaab5c237bc38fc3", "description": "tempest-secgroup-smoke-1345376442 description", "name": "tempest-secgroup-smoke-1345376442"}}
    Response - Headers: {'status': '201', 'content-length': '888', 'connection': 'close', 'date': 'Fri, 04 Dec 2015 14:10:44 GMT', 'content-type': 'application/json; charset=UTF-8', 'x-openstack-request-id': 'req-382f0e17-632e-40f9-b0a2-5bfa1a2e96b0'}
        Body: {"security_group": {"tenant_id": "a0597bc102514b17aaab5c237bc38fc3", "description": "tempest-secgroup-smoke-1345376442 description", "id": "cc839020-f0ee-4326-9bb8-bcc467a5ab4b", "security_group_rules": [{"remote_group_id": null, "direction": "egress", "remote_ip_prefix": null, "protocol": null, "ethertype": "IPv4", "tenant_id": "a0597bc102514b17aaab5c237bc38fc3", "port_range_max": null, "port_range_min": null, "id": "cd3bd08d-ca0d-4979-a3b6-a0ad53a83adc", "security_group_id": "cc839020-f0ee-4326-9bb8-bcc467a5ab4b"}, {"remote_group_id": null, "direction": "egress", "remote_ip_prefix": null, "protocol": null, "ethertype": "IPv6", "tenant_id": "a0597bc102514b17aaab5c237bc38fc3", "port_range_max": null, "port_range_min": null, "id": "a73aa603-31c6-4fe2-b3f3-e43202bb345c", "security_group_id": "cc839020-f0ee-4326-9bb8-bcc467a5ab4b"}], "name": "tempest-secgroup-smoke-1345376442"}}
2015-12-04 14:10:44,791 27342 INFO     [tempest_lib.common.rest_client] Request (TestGettingAddress:setUp): 201 POST http://10.0.2.15:9696/v2.0/security-group-rules 0.104s
2015-12-04 14:10:44,792 27342 DEBUG    [tempest_lib.common.rest_client] Request - Headers: {'Content-Type': 'application/json', 'Accept': 'application/json', 'X-Auth-Token': '&lt;omitted&gt;'}
        Body: {"security_group_rule": {"direction": "ingress", "protocol": "tcp", "tenant_id": "a0597bc102514b17aaab5c237bc38fc3", "port_range_max": 22, "security_group_id": "cc839020-f0ee-4326-9bb8-bcc467a5ab4b", "port_range_min": 22}}
    Response - Headers: {'status': '201', 'content-length': '340', 'connection': 'close', 'date': 'Fri, 04 Dec 2015 14:10:44 GMT', 'content-type': 'application/json; charset=UTF-8', 'x-openstack-request-id': 'req-b1e6e920-cf47-4c0f-a462-5375e96007fd'}
        Body: {"security_group_rule": {"remote_group_id": null, "direction": "ingress", "remote_ip_prefix": null, "protocol": "tcp", "ethertype": "IPv4", "tenant_id": "a0597bc102514b17aaab5c237bc38fc3", "port_range_max": 22, "port_range_min": 22, "id": "ef53f1e5-69a9-48d3-8091-6971f2ee5321", "security_group_id": "cc839020-f0ee-4326-9bb8-bcc467a5ab4b"}}
2015-12-04 14:10:45,052 27342 INFO     [tempest_lib.common.rest_client] Request (TestGettingAddress:setUp): 201 POST http://10.0.2.15:9696/v2.0/security-group-rules 0.259s
2015-12-04 14:10:45,053 27342 DEBUG    [tempest_lib.common.rest_client] Request - Headers: {'Content-Type': 'application/json', 'Accept': 'application/json', 'X-Auth-Token': '&lt;omitted&gt;'}
        Body: {"security_group_rule": {"direction": "egress", "protocol": "tcp", "tenant_id": "a0597bc102514b17aaab5c237bc38fc3", "port_range_max": 22, "security_group_id": "cc839020-f0ee-4326-9bb8-bcc467a5ab4b", "port_range_min": 22}}
    Response - Headers: {'status': '201', 'content-length': '339', 'connection': 'close', 'date': 'Fri, 04 Dec 2015 14:10:45 GMT', 'content-type': 'application/json; charset=UTF-8', 'x-openstack-request-id': 'req-68293940-4e1c-44d9-874c-1eeecd26919c'}
        Body: {"security_group_rule": {"remote_group_id": null, "direction": "egress", "remote_ip_prefix": null, "protocol": "tcp", "ethertype": "IPv4", "tenant_id": "a0597bc102514b17aaab5c237bc38fc3", "port_range_max": 22, "port_range_min": 22, "id": "5dba9800-b146-45b2-9750-092c8cb75da5", "security_group_id": "cc839020-f0ee-4326-9bb8-bcc467a5ab4b"}}
2015-12-04 14:10:45,164 27342 INFO     [tempest_lib.common.rest_client] Request (TestGettingAddress:setUp): 201 POST http://10.0.2.15:9696/v2.0/security-group-rules 0.110s
2015-12-04 14:10:45,164 27342 DEBUG    [tempest_lib.common.rest_client] Request - Headers: {'Content-Type': 'application/json', 'Accept': 'application/json', 'X-Auth-Token': '&lt;omitted&gt;'}
        Body: {"security_group_rule": {"tenant_id": "a0597bc102514b17aaab5c237bc38fc3", "direction": "ingress", "protocol": "icmp", "security_group_id": "cc839020-f0ee-4326-9bb8-bcc467a5ab4b"}}
    Response - Headers: {'status': '201', 'content-length': '345', 'connection': 'close', 'date': 'Fri, 04 Dec 2015 14:10:45 GMT', 'content-type': 'application/json; charset=UTF-8', 'x-openstack-request-id': 'req-fb4555d4-13ec-4c93-b272-1242544130fa'}
        Body: {"security_group_rule": {"remote_group_id": null, "direction": "ingress", "remote_ip_prefix": null, "protocol": "icmp", "ethertype": "IPv4", "tenant_id": "a0597bc102514b17aaab5c237bc38fc3", "port_range_max": null, "port_range_min": null, "id": "0a9cfea1-9575-49eb-be82-857811f8627e", "security_group_id": "cc839020-f0ee-4326-9bb8-bcc467a5ab4b"}}
2015-12-04 14:10:45,302 27342 INFO     [tempest_lib.common.rest_client] Request (TestGettingAddress:setUp): 201 POST http://10.0.2.15:9696/v2.0/security-group-rules 0.136s
2015-12-04 14:10:45,304 27342 DEBUG    [tempest_lib.common.rest_client] Request - Headers: {'Content-Type': 'application/json', 'Accept': 'application/json', 'X-Auth-Token': '&lt;omitted&gt;'}
        Body: {"security_group_rule": {"tenant_id": "a0597bc102514b17aaab5c237bc38fc3", "direction": "egress", "protocol": "icmp", "security_group_id": "cc839020-f0ee-4326-9bb8-bcc467a5ab4b"}}
    Response - Headers: {'status': '201', 'content-length': '344', 'connection': 'close', 'date': 'Fri, 04 Dec 2015 14:10:45 GMT', 'content-type': 'application/json; charset=UTF-8', 'x-openstack-request-id': 'req-227aa356-236f-4bcc-b245-b152f8816630'}
        Body: {"security_group_rule": {"remote_group_id": null, "direction": "egress", "remote_ip_prefix": null, "protocol": "icmp", "ethertype": "IPv4", "tenant_id": "a0597bc102514b17aaab5c237bc38fc3", "port_range_max": null, "port_range_min": null, "id": "1e247ddb-e83f-45d9-b769-27f8592875f2", "security_group_id": "cc839020-f0ee-4326-9bb8-bcc467a5ab4b"}}
2015-12-04 14:10:45,418 27342 INFO     [tempest_lib.common.rest_client] Request (TestGettingAddress:setUp): 201 POST http://10.0.2.15:9696/v2.0/security-group-rules 0.113s
2015-12-04 14:10:45,418 27342 DEBUG    [tempest_lib.common.rest_client] Request - Headers: {'Content-Type': 'application/json', 'Accept': 'application/json', 'X-Auth-Token': '&lt;omitted&gt;'}
        Body: {"security_group_rule": {"tenant_id": "a0597bc102514b17aaab5c237bc38fc3", "direction": "ingress", "security_group_id": "cc839020-f0ee-4326-9bb8-bcc467a5ab4b", "protocol": "icmp", "ethertype": "IPv6"}}
    Response - Headers: {'status': '201', 'content-length': '345', 'connection': 'close', 'date': 'Fri, 04 Dec 2015 14:10:45 GMT', 'content-type': 'application/json; charset=UTF-8', 'x-openstack-request-id': 'req-831c92b6-0e90-4ebd-8a2c-fb9f3afaf473'}
        Body: {"security_group_rule": {"remote_group_id": null, "direction": "ingress", "remote_ip_prefix": null, "protocol": "icmp", "ethertype": "IPv6", "tenant_id": "a0597bc102514b17aaab5c237bc38fc3", "port_range_max": null, "port_range_min": null, "id": "043b6673-aa2d-4d0f-84cb-a13203c3f536", "security_group_id": "cc839020-f0ee-4326-9bb8-bcc467a5ab4b"}}
2015-12-04 14:10:45,524 27342 INFO     [tempest_lib.common.rest_client] Request (TestGettingAddress:setUp): 201 POST http://10.0.2.15:9696/v2.0/security-group-rules 0.105s
2015-12-04 14:10:45,525 27342 DEBUG    [tempest_lib.common.rest_client] Request - Headers: {'Content-Type': 'application/json', 'Accept': 'application/json', 'X-Auth-Token': '&lt;omitted&gt;'}
        Body: {"security_group_rule": {"tenant_id": "a0597bc102514b17aaab5c237bc38fc3", "direction": "egress", "security_group_id": "cc839020-f0ee-4326-9bb8-bcc467a5ab4b", "protocol": "icmp", "ethertype": "IPv6"}}
    Response - Headers: {'status': '201', 'content-length': '344', 'connection': 'close', 'date': 'Fri, 04 Dec 2015 14:10:45 GMT', 'content-type': 'application/json; charset=UTF-8', 'x-openstack-request-id': 'req-8e20a9b3-501b-4503-ab4a-8f68120ad822'}
        Body: {"security_group_rule": {"remote_group_id": null, "direction": "egress", "remote_ip_prefix": null, "protocol": "icmp", "ethertype": "IPv6", "tenant_id": "a0597bc102514b17aaab5c237bc38fc3", "port_range_max": null, "port_range_min": null, "id": "86b740d1-50bf-4a15-8c42-66d699579ef7", "security_group_id": "cc839020-f0ee-4326-9bb8-bcc467a5ab4b"}}
2015-12-04 14:10:45,649 27342 INFO     [tempest_lib.common.rest_client] Request (TestGettingAddress:test_dhcp6_stateless_from_os): 201 POST http://10.0.2.15:9696/v2.0/networks 0.122s
2015-12-04 14:10:45,650 27342 DEBUG    [tempest_lib.common.rest_client] Request - Headers: {'Content-Type': 'application/json', 'Accept': 'application/json', 'X-Auth-Token': '&lt;omitted&gt;'}
        Body: {"network": {"tenant_id": "a0597bc102514b17aaab5c237bc38fc3", "name": "tempest-network-smoke--2076874132"}}
    Response - Headers: {'status': '201', 'content-length': '296', 'connection': 'close', 'date': 'Fri, 04 Dec 2015 14:10:45 GMT', 'content-type': 'application/json; charset=UTF-8', 'x-openstack-request-id': 'req-66ec36c7-b886-45b9-b71c-6eb719acdcc2'}
        Body: {"network": {"status": "ACTIVE", "subnets": [], "name": "tempest-network-smoke--2076874132", "admin_state_up": true, "tenant_id": "a0597bc102514b17aaab5c237bc38fc3", "mtu": 0, "router:external": false, "shared": false, "port_security_enabled": true, "id": "791cfd8b-97af-4d39-b3fa-8e217ea09aaa"}}
2015-12-04 14:10:45,804 27342 INFO     [tempest_lib.common.rest_client] Request (TestGettingAddress:test_dhcp6_stateless_from_os): 200 GET http://10.0.2.15:9696/v2.0/subnets?tenant_id=a0597bc102514b17aaab5c237bc38fc3&amp;cidr=10.100.0.0%2F28 0.153s
2015-12-04 14:10:45,804 27342 DEBUG    [tempest_lib.common.rest_client] Request - Headers: {'Content-Type': 'application/json', 'Accept': 'application/json', 'X-Auth-Token': '&lt;omitted&gt;'}
        Body: None
    Response - Headers: {'status': '200', 'content-length': '15', 'content-location': 'http://10.0.2.15:9696/v2.0/subnets?tenant_id=a0597bc102514b17aaab5c237bc38fc3&amp;cidr=10.100.0.0%2F28', 'connection': 'close', 'date': 'Fri, 04 Dec 2015 14:10:45 GMT', 'content-type': 'application/json; charset=UTF-8', 'x-openstack-request-id': 'req-337fcea2-8c92-423e-b487-92f685b7f4bf'}
        Body: {"subnets": []}
2015-12-04 14:10:46,070 27342 INFO     [tempest_lib.common.rest_client] Request (TestGettingAddress:test_dhcp6_stateless_from_os): 201 POST http://10.0.2.15:9696/v2.0/subnets 0.264s
2015-12-04 14:10:46,070 27342 DEBUG    [tempest_lib.common.rest_client] Request - Headers: {'Content-Type': 'application/json', 'Accept': 'application/json', 'X-Auth-Token': '&lt;omitted&gt;'}
        Body: {"subnet": {"ip_version": 4, "tenant_id": "a0597bc102514b17aaab5c237bc38fc3", "cidr": "10.100.0.0/28", "network_id": "791cfd8b-97af-4d39-b3fa-8e217ea09aaa", "name": "tempest-sub4-1884587744"}}
    Response - Headers: {'status': '201', 'content-length': '470', 'connection': 'close', 'date': 'Fri, 04 Dec 2015 14:10:46 GMT', 'content-type': 'application/json; charset=UTF-8', 'x-openstack-request-id': 'req-92ae6e7d-7c82-489a-810c-7b8ff13ddfaf'}
        Body: {"subnet": {"name": "tempest-sub4-1884587744", "enable_dhcp": true, "network_id": "791cfd8b-97af-4d39-b3fa-8e217ea09aaa", "tenant_id": "a0597bc102514b17aaab5c237bc38fc3", "dns_nameservers": [], "gateway_ip": "10.100.0.1", "ipv6_ra_mode": null, "allocation_pools": [{"start": "10.100.0.2", "end": "10.100.0.14"}], "host_routes": [], "ip_version": 4, "ipv6_address_mode": null, "cidr": "10.100.0.0/28", "id": "743352c5-9c4b-473a-a9f1-7ecc900f87a5", "subnetpool_id": null}}
2015-12-04 14:10:46,137 27342 INFO     [tempest_lib.common.rest_client] Request (TestGettingAddress:test_dhcp6_stateless_from_os): 201 POST http://10.0.2.15:9696/v2.0/routers 0.065s
2015-12-04 14:10:46,138 27342 DEBUG    [tempest_lib.common.rest_client] Request - Headers: {'Content-Type': 'application/json', 'Accept': 'application/json', 'X-Auth-Token': '&lt;omitted&gt;'}
        Body: {"router": {"tenant_id": "a0597bc102514b17aaab5c237bc38fc3", "name": "tempest-router-smoke-1608253927", "admin_state_up": true}}
    Response - Headers: {'status': '201', 'content-length': '239', 'connection': 'close', 'date': 'Fri, 04 Dec 2015 14:10:46 GMT', 'content-type': 'application/json; charset=UTF-8', 'x-openstack-request-id': 'req-d5a8df0b-45d3-4cce-af9c-a0996fcabda7'}
        Body: {"router": {"status": "ACTIVE", "external_gateway_info": null, "name": "tempest-router-smoke-1608253927", "admin_state_up": true, "tenant_id": "a0597bc102514b17aaab5c237bc38fc3", "routes": [], "id": "0a78e2c1-16cc-48b8-898a-ecc8b0c5cc66"}}
2015-12-04 14:10:46,177 27342 INFO     [tempest_lib.common.rest_client] Request (TestGettingAddress:test_dhcp6_stateless_from_os): 200 GET http://10.0.2.15:9696/v2.0/routers/0a78e2c1-16cc-48b8-898a-ecc8b0c5cc66 0.038s
2015-12-04 14:10:46,178 27342 DEBUG    [tempest_lib.common.rest_client] Request - Headers: {'Content-Type': 'application/json', 'Accept': 'application/json', 'X-Auth-Token': '&lt;omitted&gt;'}
        Body: None
    Response - Headers: {'status': '200', 'content-length': '239', 'content-location': 'http://10.0.2.15:9696/v2.0/routers/0a78e2c1-16cc-48b8-898a-ecc8b0c5cc66', 'connection': 'close', 'date': 'Fri, 04 Dec 2015 14:10:46 GMT', 'content-type': 'application/json; charset=UTF-8', 'x-openstack-request-id': 'req-1f66330d-805d-4fee-a74d-4d7c1e83529b'}
        Body: {"router": {"status": "ACTIVE", "external_gateway_info": null, "name": "tempest-router-smoke-1608253927", "admin_state_up": true, "tenant_id": "a0597bc102514b17aaab5c237bc38fc3", "routes": [], "id": "0a78e2c1-16cc-48b8-898a-ecc8b0c5cc66"}}
2015-12-04 14:10:46,717 27342 INFO     [tempest_lib.common.rest_client] Request (TestGettingAddress:test_dhcp6_stateless_from_os): 200 PUT http://10.0.2.15:9696/v2.0/routers/0a78e2c1-16cc-48b8-898a-ecc8b0c5cc66 0.538s
2015-12-04 14:10:46,717 27342 DEBUG    [tempest_lib.common.rest_client] Request - Headers: {'Content-Type': 'application/json', 'Accept': 'application/json', 'X-Auth-Token': '&lt;omitted&gt;'}
        Body: {"router": {"external_gateway_info": {"network_id": "e38ca4c7-9ad2-43f7-993b-832019a345eb"}, "name": "tempest-router-smoke-1608253927", "admin_state_up": true}}
    Response - Headers: {'status': '200', 'content-length': '501', 'connection': 'close', 'date': 'Fri, 04 Dec 2015 14:10:46 GMT', 'content-type': 'application/json; charset=UTF-8', 'x-openstack-request-id': 'req-50ed52f2-9777-4de9-90b4-0e18870c6085'}
        Body: {"router": {"status": "ACTIVE", "external_gateway_info": {"network_id": "e38ca4c7-9ad2-43f7-993b-832019a345eb", "enable_snat": true, "external_fixed_ips": [{"subnet_id": "9cc42dd2-de66-4001-98f5-5c86f91c04dc", "ip_address": "172.24.4.3"}, {"subnet_id": "4fa6b02f-3c42-4577-87bd-8ac485646539", "ip_address": "2001:db8::3"}]}, "name": "tempest-router-smoke-1608253927", "admin_state_up": true, "tenant_id": "a0597bc102514b17aaab5c237bc38fc3", "routes": [], "id": "0a78e2c1-16cc-48b8-898a-ecc8b0c5cc66"}}
2015-12-04 14:10:47,378 27342 INFO     [tempest_lib.common.rest_client] Request (TestGettingAddress:test_dhcp6_stateless_from_os): 200 PUT http://10.0.2.15:9696/v2.0/routers/0a78e2c1-16cc-48b8-898a-ecc8b0c5cc66/add_router_interface 0.659s
2015-12-04 14:10:47,378 27342 DEBUG    [tempest_lib.common.rest_client] Request - Headers: {'Content-Type': 'application/json', 'Accept': 'application/json', 'X-Auth-Token': '&lt;omitted&gt;'}
        Body: {"subnet_id": "743352c5-9c4b-473a-a9f1-7ecc900f87a5"}
    Response - Headers: {'status': '200', 'content-length': '255', 'connection': 'close', 'date': 'Fri, 04 Dec 2015 14:10:47 GMT', 'content-type': 'application/json; charset=UTF-8', 'x-openstack-request-id': 'req-c6981b5f-feb8-4669-9e10-df0b103e9548'}
        Body: {"subnet_id": "743352c5-9c4b-473a-a9f1-7ecc900f87a5", "tenant_id": "a0597bc102514b17aaab5c237bc38fc3", "subnet_ids": ["743352c5-9c4b-473a-a9f1-7ecc900f87a5"], "port_id": "7217ed30-6cc9-4cd1-84f8-e69712526eab", "id": "0a78e2c1-16cc-48b8-898a-ecc8b0c5cc66"}
2015-12-04 14:10:47,408 27342 INFO     [tempest_lib.common.rest_client] Request (TestGettingAddress:test_dhcp6_stateless_from_os): 200 GET http://10.0.2.15:9696/v2.0/subnets?tenant_id=a0597bc102514b17aaab5c237bc38fc3&amp;cidr=2003%3A%3A%2F64 0.028s
2015-12-04 14:10:47,408 27342 DEBUG    [tempest_lib.common.rest_client] Request - Headers: {'Content-Type': 'application/json', 'Accept': 'application/json', 'X-Auth-Token': '&lt;omitted&gt;'}
        Body: None
    Response - Headers: {'status': '200', 'content-length': '15', 'content-location': 'http://10.0.2.15:9696/v2.0/subnets?tenant_id=a0597bc102514b17aaab5c237bc38fc3&amp;cidr=2003%3A%3A%2F64', 'connection': 'close', 'date': 'Fri, 04 Dec 2015 14:10:47 GMT', 'content-type': 'application/json; charset=UTF-8', 'x-openstack-request-id': 'req-5c5fbd7d-7ca9-4f30-9b76-528da8f21f09'}
        Body: {"subnets": []}
2015-12-04 14:10:47,681 27342 INFO     [tempest_lib.common.rest_client] Request (TestGettingAddress:test_dhcp6_stateless_from_os): 201 POST http://10.0.2.15:9696/v2.0/subnets 0.272s
2015-12-04 14:10:47,682 27342 DEBUG    [tempest_lib.common.rest_client] Request - Headers: {'Content-Type': 'application/json', 'Accept': 'application/json', 'X-Auth-Token': '&lt;omitted&gt;'}
        Body: {"subnet": {"name": "tempest-sub6-1956021037", "network_id": "791cfd8b-97af-4d39-b3fa-8e217ea09aaa", "tenant_id": "a0597bc102514b17aaab5c237bc38fc3", "ipv6_ra_mode": "dhcpv6-stateless", "ip_version": 6, "ipv6_address_mode": "dhcpv6-stateless", "cidr": "2003::/64"}}
    Response - Headers: {'status': '201', 'content-length': '502', 'connection': 'close', 'date': 'Fri, 04 Dec 2015 14:10:47 GMT', 'content-type': 'application/json; charset=UTF-8', 'x-openstack-request-id': 'req-a8f9e3ef-1a8b-454c-815b-0d47481d6216'}
        Body: {"subnet": {"name": "tempest-sub6-1956021037", "enable_dhcp": true, "network_id": "791cfd8b-97af-4d39-b3fa-8e217ea09aaa", "tenant_id": "a0597bc102514b17aaab5c237bc38fc3", "dns_nameservers": [], "gateway_ip": "2003::1", "ipv6_ra_mode": "dhcpv6-stateless", "allocation_pools": [{"start": "2003::2", "end": "2003::ffff:ffff:ffff:ffff"}], "host_routes": [], "ip_version": 6, "ipv6_address_mode": "dhcpv6-stateless", "cidr": "2003::/64", "id": "2d15d4d9-bc1b-4558-88bb-09f72a909698", "subnetpool_id": null}}
2015-12-04 14:10:48,211 27342 INFO     [tempest_lib.common.rest_client] Request (TestGettingAddress:test_dhcp6_stateless_from_os): 200 PUT http://10.0.2.15:9696/v2.0/routers/0a78e2c1-16cc-48b8-898a-ecc8b0c5cc66/add_router_interface 0.528s
2015-12-04 14:10:48,212 27342 DEBUG    [tempest_lib.common.rest_client] Request - Headers: {'Content-Type': 'application/json', 'Accept': 'application/json', 'X-Auth-Token': '&lt;omitted&gt;'}
        Body: {"subnet_id": "2d15d4d9-bc1b-4558-88bb-09f72a909698"}
    Response - Headers: {'status': '200', 'content-length': '255', 'connection': 'close', 'date': 'Fri, 04 Dec 2015 14:10:48 GMT', 'content-type': 'application/json; charset=UTF-8', 'x-openstack-request-id': 'req-a3318234-c863-47be-bb9a-bf8604fa1864'}
        Body: {"subnet_id": "2d15d4d9-bc1b-4558-88bb-09f72a909698", "tenant_id": "a0597bc102514b17aaab5c237bc38fc3", "subnet_ids": ["2d15d4d9-bc1b-4558-88bb-09f72a909698"], "port_id": "8574c40c-550a-4699-a9b7-a2733ff6ee85", "id": "0a78e2c1-16cc-48b8-898a-ecc8b0c5cc66"}
2015-12-04 14:10:48,323 27342 INFO     [tempest_lib.common.rest_client] Request (TestGettingAddress:test_dhcp6_stateless_from_os): 200 POST http://10.0.2.15:5000/v2.0/tokens
2015-12-04 14:10:48,323 27342 DEBUG    [tempest_lib.common.rest_client] Request - Headers: {'Content-Type': 'application/json', 'Accept': 'application/json'}
        Body: &lt;omitted&gt;
    Response - Headers: {'status': '200', 'content-length': '2524', 'vary': 'X-Auth-Token', 'server': 'Apache/2.4.7 (Ubuntu)', 'connection': 'close', 'date': 'Fri, 04 Dec 2015 14:10:48 GMT', 'content-type': 'application/json', 'x-openstack-request-id': 'req-0e0521a9-f9e1-470f-b287-1a182ddabe0d'}
        Body: {"access": {"token": {"issued_at": "2015-12-04T14:10:48.308465", "expires": "2015-12-04T15:10:48Z", "id": "7ccf5bd012ad4ef5b0e4728f9a33bfa3", "tenant": {"description": "tempest-TestGettingAddress-779867310-desc", "enabled": true, "id": "a0597bc102514b17aaab5c237bc38fc3", "name": "tempest-TestGettingAddress-779867310"}, "audit_ids": ["-lAprWuxR_euk0X5Y8O6wQ"]}, "serviceCatalog": [{"endpoints": [{"adminURL": "http://10.0.2.15:8774/v2.1/a0597bc102514b17aaab5c237bc38fc3", "region": "RegionOne", "internalURL": "http://10.0.2.15:8774/v2.1/a0597bc102514b17aaab5c237bc38fc3", "id": "28c1ee60d8e34214b01a61fd2fd35a45", "publicURL": "http://10.0.2.15:8774/v2.1/a0597bc102514b17aaab5c237bc38fc3"}], "endpoints_links": [], "type": "compute", "name": "nova"}, {"endpoints": [{"adminURL": "http://10.0.2.15:9696/", "region": "RegionOne", "internalURL": "http://10.0.2.15:9696/", "id": "50409e02457d43f49ab947007dc1eb0d", "publicURL": "http://10.0.2.15:9696/"}], "endpoints_links": [], "type": "network", "name": "neutron"}, {"endpoints": [{"adminURL": "http://10.0.2.15:9292", "region": "RegionOne", "internalURL": "http://10.0.2.15:9292", "id": "056080cb233a480e96032bfed9948041", "publicURL": "http://10.0.2.15:9292"}], "endpoints_links": [], "type": "image", "name": "glance"}, {"endpoints": [{"adminURL": "http://10.0.2.15:8774/v2/a0597bc102514b17aaab5c237bc38fc3", "region": "RegionOne", "internalURL": "http://10.0.2.15:8774/v2/a0597bc102514b17aaab5c237bc38fc3", "id": "1954d6c1bcca4ec492720de59209e7c0", "publicURL": "http://10.0.2.15:8774/v2/a0597bc102514b17aaab5c237bc38fc3"}], "endpoints_links": [], "type": "compute_legacy", "name": "nova_legacy"}, {"endpoints": [{"adminURL": "http://10.0.2.15:8773/", "region": "RegionOne", "internalURL": "http://10.0.2.15:8773/", "id": "69ee6cd1c446499aa9bb695d13d5a3ed", "publicURL": "http://10.0.2.15:8773/"}], "endpoints_links": [], "type": "ec2", "name": "ec2"}, {"endpoints": [{"adminURL": "http://10.0.2.15:35357/v2.0", "region": "RegionOne", "internalURL": "http://10.0.2.15:5000/v2.0", "id": "33efbc32296e4d7cb4172f97f58ac3d6", "publicURL": "http://10.0.2.15:5000/v2.0"}], "endpoints_links": [], "type": "identity", "name": "keystone"}], "user": {"username": "tempest-TestGettingAddress-1581147708", "roles_links": [], "id": "91fa975ffb3c464c8f0b27a465643d2a", "roles": [{"name": "_member_"}, {"name": "Member"}], "name": "tempest-TestGettingAddress-1581147708"}, "metadata": {"is_admin": 0, "roles": ["9fe2ff9ee4384b1894a90878d3e92bab", "76852d353a0244cd85e07342005c7256"]}}}
2015-12-04 14:10:48,328 27342 DEBUG    [tempest.common.fixed_network] (TestGettingAddress:test_dhcp6_stateless_from_os) No valid network provided or created, defaulting to fixed_network_name
2015-12-04 14:10:48,691 27342 INFO     [tempest_lib.common.rest_client] Request (TestGettingAddress:test_dhcp6_stateless_from_os): 200 GET http://10.0.2.15:8774/v2.1/a0597bc102514b17aaab5c237bc38fc3/os-networks 0.362s
2015-12-04 14:10:48,693 27342 DEBUG    [tempest_lib.common.rest_client] Request - Headers: {'Content-Type': 'application/json', 'Accept': 'application/json', 'X-Auth-Token': '&lt;omitted&gt;'}
        Body: None
    Response - Headers: {'status': '200', 'content-length': '479', 'content-location': 'http://10.0.2.15:8774/v2.1/a0597bc102514b17aaab5c237bc38fc3/os-networks', 'x-compute-request-id': 'req-e9793fe0-0e84-4309-a4c7-5b3b4512c718', 'vary': 'X-OpenStack-Nova-API-Version', 'connection': 'close', 'x-openstack-nova-api-version': '2.1', 'date': 'Fri, 04 Dec 2015 14:10:48 GMT', 'content-type': 'application/json'}
        Body: {"networks": [{"cidr_v6": null, "dns2": null, "dns1": null, "gateway": null, "broadcast": null, "netmask": null, "gateway_v6": null, "cidr": null, "label": "tempest-network-smoke--2076874132", "id": "791cfd8b-97af-4d39-b3fa-8e217ea09aaa", "netmask_v6": null}, {"cidr_v6": null, "dns2": null, "dns1": null, "gateway": null, "broadcast": null, "netmask": null, "gateway_v6": null, "cidr": null, "label": "public", "id": "e38ca4c7-9ad2-43f7-993b-832019a345eb", "netmask_v6": null}]}
2015-12-04 14:10:48,694 27342 WARNING  [tempest.common.fixed_network] (TestGettingAddress:test_dhcp6_stateless_from_os) Network with name: private not found
2015-12-04 14:10:48,694 27342 INFO     [tempest.common.fixed_network] (TestGettingAddress:test_dhcp6_stateless_from_os) Found network {} available for tenant
2015-12-04 14:10:50,019 27342 INFO     [tempest_lib.common.rest_client] Request (TestGettingAddress:test_dhcp6_stateless_from_os): 202 POST http://10.0.2.15:8774/v2.1/a0597bc102514b17aaab5c237bc38fc3/servers 1.324s
2015-12-04 14:10:50,019 27342 DEBUG    [tempest_lib.common.rest_client] Request - Headers: {'Content-Type': 'application/json', 'Accept': 'application/json', 'X-Auth-Token': '&lt;omitted&gt;'}
        Body: {"server": {"name": "tempest.common.compute-instance-2059130909", "imageRef": "aab18641-7c3d-4aa3-84e8-3a60434e3877", "key_name": "tempest-TestGettingAddress-1638473541", "flavorRef": "42", "networks": [{"uuid": "791cfd8b-97af-4d39-b3fa-8e217ea09aaa"}], "security_groups": [{"name": "tempest-secgroup-smoke-1345376442"}]}}
    Response - Headers: {'status': '202', 'content-length': '462', 'x-compute-request-id': 'req-e534bb33-44f7-48b3-8173-e998553d205f', 'vary': 'X-OpenStack-Nova-API-Version', 'connection': 'close', 'location': 'http://10.0.2.15:8774/v2.1/a0597bc102514b17aaab5c237bc38fc3/servers/892febe8-b3f2-4269-a6dd-42b3dd843fcc', 'x-openstack-nova-api-version': '2.1', 'date': 'Fri, 04 Dec 2015 14:10:50 GMT', 'content-type': 'application/json'}
        Body: {"server": {"security_groups": [{"name": "tempest-secgroup-smoke-1345376442"}], "OS-DCF:diskConfig": "MANUAL", "id": "892febe8-b3f2-4269-a6dd-42b3dd843fcc", "links": [{"href": "http://10.0.2.15:8774/v2.1/a0597bc102514b17aaab5c237bc38fc3/servers/892febe8-b3f2-4269-a6dd-42b3dd843fcc", "rel": "self"}, {"href": "http://10.0.2.15:8774/a0597bc102514b17aaab5c237bc38fc3/servers/892febe8-b3f2-4269-a6dd-42b3dd843fcc", "rel": "bookmark"}], "adminPass": "xxVmGhL9Va7r"}}
2015-12-04 14:10:50,306 27342 INFO     [tempest_lib.common.rest_client] Request (TestGettingAddress:test_dhcp6_stateless_from_os): 200 GET http://10.0.2.15:8774/v2.1/a0597bc102514b17aaab5c237bc38fc3/servers/892febe8-b3f2-4269-a6dd-42b3dd843fcc 0.281s
2015-12-04 14:10:50,307 27342 DEBUG    [tempest_lib.common.rest_client] Request - Headers: {'Content-Type': 'application/json', 'Accept': 'application/json', 'X-Auth-Token': '&lt;omitted&gt;'}
        Body: None
    Response - Headers: {'status': '200', 'content-length': '1355', 'content-location': 'http://10.0.2.15:8774/v2.1/a0597bc102514b17aaab5c237bc38fc3/servers/892febe8-b3f2-4269-a6dd-42b3dd843fcc', 'x-compute-request-id': 'req-a23f3d17-97bb-44c5-845e-317622676bdf', 'vary': 'X-OpenStack-Nova-API-Version', 'connection': 'close', 'x-openstack-nova-api-version': '2.1', 'date': 'Fri, 04 Dec 2015 14:10:50 GMT', 'content-type': 'application/json'}
        Body: {"server": {"status": "BUILD", "updated": "2015-12-04T14:10:50Z", "hostId": "", "addresses": {}, "links": [{"href": "http://10.0.2.15:8774/v2.1/a0597bc102514b17aaab5c237bc38fc3/servers/892febe8-b3f2-4269-a6dd-42b3dd843fcc", "rel": "self"}, {"href": "http://10.0.2.15:8774/a0597bc102514b17aaab5c237bc38fc3/servers/892febe8-b3f2-4269-a6dd-42b3dd843fcc", "rel": "bookmark"}], "key_name": "tempest-TestGettingAddress-1638473541", "image": {"id": "aab18641-7c3d-4aa3-84e8-3a60434e3877", "links": [{"href": "http://10.0.2.15:8774/a0597bc102514b17aaab5c237bc38fc3/images/aab18641-7c3d-4aa3-84e8-3a60434e3877", "rel": "bookmark"}]}, "OS-EXT-STS:task_state": "scheduling", "OS-EXT-STS:vm_state": "building", "OS-SRV-USG:launched_at": null, "flavor": {"id": "42", "links": [{"href": "http://10.0.2.15:8774/a0597bc102514b17aaab5c237bc38fc3/flavors/42", "rel": "bookmark"}]}, "id": "892febe8-b3f2-4269-a6dd-42b3dd843fcc", "OS-SRV-USG:terminated_at": null, "OS-EXT-AZ:availability_zone": "", "user_id": "91fa975ffb3c464c8f0b27a465643d2a", "name": "tempest.common.compute-instance-2059130909", "created": "2015-12-04T14:10:49Z", "tenant_id": "a0597bc102514b17aaab5c237bc38fc3", "OS-DCF:diskConfig": "MANUAL", "os-extended-volumes:volumes_attached": [], "accessIPv4": "", "accessIPv6": "", "progress": 0, "OS-EXT-STS:power_state": 0, "config_drive": "", "metadata": {}}}
2015-12-04 14:10:51,723 27342 INFO     [tempest_lib.common.rest_client] Request (TestGettingAddress:test_dhcp6_stateless_from_os): 200 GET http://10.0.2.15:8774/v2.1/a0597bc102514b17aaab5c237bc38fc3/servers/892febe8-b3f2-4269-a6dd-42b3dd843fcc 0.407s
2015-12-04 14:10:51,723 27342 DEBUG    [tempest_lib.common.rest_client] Request - Headers: {'Content-Type': 'application/json', 'Accept': 'application/json', 'X-Auth-Token': '&lt;omitted&gt;'}
        Body: None
    Response - Headers: {'status': '200', 'content-length': '1481', 'content-location': 'http://10.0.2.15:8774/v2.1/a0597bc102514b17aaab5c237bc38fc3/servers/892febe8-b3f2-4269-a6dd-42b3dd843fcc', 'x-compute-request-id': 'req-e31e2a0c-ae0f-407a-a638-abcaf403be0b', 'vary': 'X-OpenStack-Nova-API-Version', 'connection': 'close', 'x-openstack-nova-api-version': '2.1', 'date': 'Fri, 04 Dec 2015 14:10:51 GMT', 'content-type': 'application/json'}
        Body: {"server": {"status": "BUILD", "updated": "2015-12-04T14:10:50Z", "hostId": "49382e4943e41cf0e7fe48fd6f512f759f5b7e8778d2c22ee3fb8ebb", "addresses": {}, "links": [{"href": "http://10.0.2.15:8774/v2.1/a0597bc102514b17aaab5c237bc38fc3/servers/892febe8-b3f2-4269-a6dd-42b3dd843fcc", "rel": "self"}, {"href": "http://10.0.2.15:8774/a0597bc102514b17aaab5c237bc38fc3/servers/892febe8-b3f2-4269-a6dd-42b3dd843fcc", "rel": "bookmark"}], "key_name": "tempest-TestGettingAddress-1638473541", "image": {"id": "aab18641-7c3d-4aa3-84e8-3a60434e3877", "links": [{"href": "http://10.0.2.15:8774/a0597bc102514b17aaab5c237bc38fc3/images/aab18641-7c3d-4aa3-84e8-3a60434e3877", "rel": "bookmark"}]}, "OS-EXT-STS:task_state": "spawning", "OS-EXT-STS:vm_state": "building", "OS-SRV-USG:launched_at": null, "flavor": {"id": "42", "links": [{"href": "http://10.0.2.15:8774/a0597bc102514b17aaab5c237bc38fc3/flavors/42", "rel": "bookmark"}]}, "id": "892febe8-b3f2-4269-a6dd-42b3dd843fcc", "security_groups": [{"name": "tempest-secgroup-smoke-1345376442"}], "OS-SRV-USG:terminated_at": null, "OS-EXT-AZ:availability_zone": "nova", "user_id": "91fa975ffb3c464c8f0b27a465643d2a", "name": "tempest.common.compute-instance-2059130909", "created": "2015-12-04T14:10:49Z", "tenant_id": "a0597bc102514b17aaab5c237bc38fc3", "OS-DCF:diskConfig": "MANUAL", "os-extended-volumes:volumes_attached": [], "accessIPv4": "", "accessIPv6": "", "progress": 0, "OS-EXT-STS:power_state": 0, "config_drive": "", "metadata": {}}}
2015-12-04 14:10:51,734 27342 INFO     [tempest.common.waiters] State transition "BUILD/scheduling" ==&gt; "BUILD/spawning" after 1 second wait
2015-12-04 14:10:52,965 27342 INFO     [tempest_lib.common.rest_client] Request (TestGettingAddress:test_dhcp6_stateless_from_os): 200 GET http://10.0.2.15:8774/v2.1/a0597bc102514b17aaab5c237bc38fc3/servers/892febe8-b3f2-4269-a6dd-42b3dd843fcc 0.229s
2015-12-04 14:10:52,965 27342 DEBUG    [tempest_lib.common.rest_client] Request - Headers: {'Content-Type': 'application/json', 'Accept': 'application/json', 'X-Auth-Token': '&lt;omitted&gt;'}
        Body: None
    Response - Headers: {'status': '200', 'content-length': '1481', 'content-location': 'http://10.0.2.15:8774/v2.1/a0597bc102514b17aaab5c237bc38fc3/servers/892febe8-b3f2-4269-a6dd-42b3dd843fcc', 'x-compute-request-id': 'req-b090d934-64fd-40bd-aac8-66e69812dd87', 'vary': 'X-OpenStack-Nova-API-Version', 'connection': 'close', 'x-openstack-nova-api-version': '2.1', 'date': 'Fri, 04 Dec 2015 14:10:52 GMT', 'content-type': 'application/json'}
        Body: {"server": {"status": "BUILD", "updated": "2015-12-04T14:10:50Z", "hostId": "49382e4943e41cf0e7fe48fd6f512f759f5b7e8778d2c22ee3fb8ebb", "addresses": {}, "links": [{"href": "http://10.0.2.15:8774/v2.1/a0597bc102514b17aaab5c237bc38fc3/servers/892febe8-b3f2-4269-a6dd-42b3dd843fcc", "rel": "self"}, {"href": "http://10.0.2.15:8774/a0597bc102514b17aaab5c237bc38fc3/servers/892febe8-b3f2-4269-a6dd-42b3dd843fcc", "rel": "bookmark"}], "key_name": "tempest-TestGettingAddress-1638473541", "image": {"id": "aab18641-7c3d-4aa3-84e8-3a60434e3877", "links": [{"href": "http://10.0.2.15:8774/a0597bc102514b17aaab5c237bc38fc3/images/aab18641-7c3d-4aa3-84e8-3a60434e3877", "rel": "bookmark"}]}, "OS-EXT-STS:task_state": "spawning", "OS-EXT-STS:vm_state": "building", "OS-SRV-USG:launched_at": null, "flavor": {"id": "42", "links": [{"href": "http://10.0.2.15:8774/a0597bc102514b17aaab5c237bc38fc3/flavors/42", "rel": "bookmark"}]}, "id": "892febe8-b3f2-4269-a6dd-42b3dd843fcc", "security_groups": [{"name": "tempest-secgroup-smoke-1345376442"}], "OS-SRV-USG:terminated_at": null, "OS-EXT-AZ:availability_zone": "nova", "user_id": "91fa975ffb3c464c8f0b27a465643d2a", "name": "tempest.common.compute-instance-2059130909", "created": "2015-12-04T14:10:49Z", "tenant_id": "a0597bc102514b17aaab5c237bc38fc3", "OS-DCF:diskConfig": "MANUAL", "os-extended-volumes:volumes_attached": [], "accessIPv4": "", "accessIPv6": "", "progress": 0, "OS-EXT-STS:power_state": 0, "config_drive": "", "metadata": {}}}
2015-12-04 14:10:54,182 27342 INFO     [tempest_lib.common.rest_client] Request (TestGettingAddress:test_dhcp6_stateless_from_os): 200 GET http://10.0.2.15:8774/v2.1/a0597bc102514b17aaab5c237bc38fc3/servers/892febe8-b3f2-4269-a6dd-42b3dd843fcc 0.200s
2015-12-04 14:10:54,182 27342 DEBUG    [tempest_lib.common.rest_client] Request - Headers: {'Content-Type': 'application/json', 'Accept': 'application/json', 'X-Auth-Token': '&lt;omitted&gt;'}
        Body: None
    Response - Headers: {'status': '200', 'content-length': '1782', 'content-location': 'http://10.0.2.15:8774/v2.1/a0597bc102514b17aaab5c237bc38fc3/servers/892febe8-b3f2-4269-a6dd-42b3dd843fcc', 'x-compute-request-id': 'req-90d983f0-c113-4ec9-93c3-e94d786a65d2', 'vary': 'X-OpenStack-Nova-API-Version', 'connection': 'close', 'x-openstack-nova-api-version': '2.1', 'date': 'Fri, 04 Dec 2015 14:10:54 GMT', 'content-type': 'application/json'}
        Body: {"server": {"status": "ACTIVE", "updated": "2015-12-04T14:10:53Z", "hostId": "49382e4943e41cf0e7fe48fd6f512f759f5b7e8778d2c22ee3fb8ebb", "addresses": {"tempest-network-smoke--2076874132": [{"OS-EXT-IPS-MAC:mac_addr": "fa:16:3e:a5:89:4a", "version": 4, "addr": "10.100.0.3", "OS-EXT-IPS:type": "fixed"}, {"OS-EXT-IPS-MAC:mac_addr": "fa:16:3e:a5:89:4a", "version": 6, "addr": "2003::f816:3eff:fea5:894a", "OS-EXT-IPS:type": "fixed"}]}, "links": [{"href": "http://10.0.2.15:8774/v2.1/a0597bc102514b17aaab5c237bc38fc3/servers/892febe8-b3f2-4269-a6dd-42b3dd843fcc", "rel": "self"}, {"href": "http://10.0.2.15:8774/a0597bc102514b17aaab5c237bc38fc3/servers/892febe8-b3f2-4269-a6dd-42b3dd843fcc", "rel": "bookmark"}], "key_name": "tempest-TestGettingAddress-1638473541", "image": {"id": "aab18641-7c3d-4aa3-84e8-3a60434e3877", "links": [{"href": "http://10.0.2.15:8774/a0597bc102514b17aaab5c237bc38fc3/images/aab18641-7c3d-4aa3-84e8-3a60434e3877", "rel": "bookmark"}]}, "OS-EXT-STS:task_state": null, "OS-EXT-STS:vm_state": "active", "OS-SRV-USG:launched_at": "2015-12-04T14:10:53.000000", "flavor": {"id": "42", "links": [{"href": "http://10.0.2.15:8774/a0597bc102514b17aaab5c237bc38fc3/flavors/42", "rel": "bookmark"}]}, "id": "892febe8-b3f2-4269-a6dd-42b3dd843fcc", "security_groups": [{"name": "tempest-secgroup-smoke-1345376442"}], "OS-SRV-USG:terminated_at": null, "OS-EXT-AZ:availability_zone": "nova", "user_id": "91fa975ffb3c464c8f0b27a465643d2a", "name": "tempest.common.compute-instance-2059130909", "created": "2015-12-04T14:10:49Z", "tenant_id": "a0597bc102514b17aaab5c237bc38fc3", "OS-DCF:diskConfig": "MANUAL", "os-extended-volumes:volumes_attached": [], "accessIPv4": "", "accessIPv6": "", "progress": 0, "OS-EXT-STS:power_state": 1, "config_drive": "True", "metadata": {}}}
2015-12-04 14:10:54,191 27342 INFO     [tempest.common.waiters] State transition "BUILD/spawning" ==&gt; "ACTIVE/None" after 4 second wait
2015-12-04 14:10:54,413 27342 INFO     [tempest_lib.common.rest_client] Request (TestGettingAddress:test_dhcp6_stateless_from_os): 200 GET http://10.0.2.15:8774/v2.1/a0597bc102514b17aaab5c237bc38fc3/servers/892febe8-b3f2-4269-a6dd-42b3dd843fcc 0.221s
2015-12-04 14:10:54,414 27342 DEBUG    [tempest_lib.common.rest_client] Request - Headers: {'Content-Type': 'application/json', 'Accept': 'application/json', 'X-Auth-Token': '&lt;omitted&gt;'}
        Body: None
    Response - Headers: {'status': '200', 'content-length': '1782', 'content-location': 'http://10.0.2.15:8774/v2.1/a0597bc102514b17aaab5c237bc38fc3/servers/892febe8-b3f2-4269-a6dd-42b3dd843fcc', 'x-compute-request-id': 'req-199d62ac-9955-4cc3-b29a-aa127c216ab4', 'vary': 'X-OpenStack-Nova-API-Version', 'connection': 'close', 'x-openstack-nova-api-version': '2.1', 'date': 'Fri, 04 Dec 2015 14:10:54 GMT', 'content-type': 'application/json'}
        Body: {"server": {"status": "ACTIVE", "updated": "2015-12-04T14:10:53Z", "hostId": "49382e4943e41cf0e7fe48fd6f512f759f5b7e8778d2c22ee3fb8ebb", "addresses": {"tempest-network-smoke--2076874132": [{"OS-EXT-IPS-MAC:mac_addr": "fa:16:3e:a5:89:4a", "version": 4, "addr": "10.100.0.3", "OS-EXT-IPS:type": "fixed"}, {"OS-EXT-IPS-MAC:mac_addr": "fa:16:3e:a5:89:4a", "version": 6, "addr": "2003::f816:3eff:fea5:894a", "OS-EXT-IPS:type": "fixed"}]}, "links": [{"href": "http://10.0.2.15:8774/v2.1/a0597bc102514b17aaab5c237bc38fc3/servers/892febe8-b3f2-4269-a6dd-42b3dd843fcc", "rel": "self"}, {"href": "http://10.0.2.15:8774/a0597bc102514b17aaab5c237bc38fc3/servers/892febe8-b3f2-4269-a6dd-42b3dd843fcc", "rel": "bookmark"}], "key_name": "tempest-TestGettingAddress-1638473541", "image": {"id": "aab18641-7c3d-4aa3-84e8-3a60434e3877", "links": [{"href": "http://10.0.2.15:8774/a0597bc102514b17aaab5c237bc38fc3/images/aab18641-7c3d-4aa3-84e8-3a60434e3877", "rel": "bookmark"}]}, "OS-EXT-STS:task_state": null, "OS-EXT-STS:vm_state": "active", "OS-SRV-USG:launched_at": "2015-12-04T14:10:53.000000", "flavor": {"id": "42", "links": [{"href": "http://10.0.2.15:8774/a0597bc102514b17aaab5c237bc38fc3/flavors/42", "rel": "bookmark"}]}, "id": "892febe8-b3f2-4269-a6dd-42b3dd843fcc", "security_groups": [{"name": "tempest-secgroup-smoke-1345376442"}], "OS-SRV-USG:terminated_at": null, "OS-EXT-AZ:availability_zone": "nova", "user_id": "91fa975ffb3c464c8f0b27a465643d2a", "name": "tempest.common.compute-instance-2059130909", "created": "2015-12-04T14:10:49Z", "tenant_id": "a0597bc102514b17aaab5c237bc38fc3", "OS-DCF:diskConfig": "MANUAL", "os-extended-volumes:volumes_attached": [], "accessIPv4": "", "accessIPv6": "", "progress": 0, "OS-EXT-STS:power_state": 1, "config_drive": "True", "metadata": {}}}
2015-12-04 14:10:54,462 27342 INFO     [tempest_lib.common.rest_client] Request (TestGettingAddress:test_dhcp6_stateless_from_os): 200 GET http://10.0.2.15:9696/v2.0/ports?status=ACTIVE&amp;fixed_ip=None&amp;device_id=892febe8-b3f2-4269-a6dd-42b3dd843fcc 0.040s
2015-12-04 14:10:54,462 27342 DEBUG    [tempest_lib.common.rest_client] Request - Headers: {'Content-Type': 'application/json', 'Accept': 'application/json', 'X-Auth-Token': '&lt;omitted&gt;'}
        Body: None
    Response - Headers: {'status': '200', 'content-length': '1142', 'content-location': 'http://10.0.2.15:9696/v2.0/ports?status=ACTIVE&amp;fixed_ip=None&amp;device_id=892febe8-b3f2-4269-a6dd-42b3dd843fcc', 'connection': 'close', 'date': 'Fri, 04 Dec 2015 14:10:54 GMT', 'content-type': 'application/json; charset=UTF-8', 'x-openstack-request-id': 'req-53f89817-d986-41b9-a830-d71e417cb173'}
        Body: {"ports": [{"status": "ACTIVE", "binding:host_id": "vagrant-ubuntu-trusty-64", "allowed_address_pairs": [], "extra_dhcp_opts": [], "dns_assignment": [{"hostname": "host-10-100-0-3", "ip_address": "10.100.0.3", "fqdn": "host-10-100-0-3.openstacklocal."}, {"hostname": "host-2003--f816-3eff-fea5-894a", "ip_address": "2003::f816:3eff:fea5:894a", "fqdn": "host-2003--f816-3eff-fea5-894a.openstacklocal."}], "device_owner": "compute:None", "port_security_enabled": true, "binding:profile": {}, "fixed_ips": [{"subnet_id": "743352c5-9c4b-473a-a9f1-7ecc900f87a5", "ip_address": "10.100.0.3"}, {"subnet_id": "2d15d4d9-bc1b-4558-88bb-09f72a909698", "ip_address": "2003::f816:3eff:fea5:894a"}], "id": "84ef9066-54d5-4420-8943-6b81503a315f", "security_groups": ["cc839020-f0ee-4326-9bb8-bcc467a5ab4b"], "device_id": "892febe8-b3f2-4269-a6dd-42b3dd843fcc", "name": "", "admin_state_up": true, "network_id": "791cfd8b-97af-4d39-b3fa-8e217ea09aaa", "dns_name": "", "binding:vif_details": {"port_filter": true}, "binding:vnic_type": "normal", "binding:vif_type": "ovs", "tenant_id": "a0597bc102514b17aaab5c237bc38fc3", "mac_address": "fa:16:3e:a5:89:4a"}]}
2015-12-04 14:10:54,891 27342 INFO     [tempest_lib.common.rest_client] Request (TestGettingAddress:test_dhcp6_stateless_from_os): 201 POST http://10.0.2.15:9696/v2.0/floatingips 0.428s
2015-12-04 14:10:54,891 27342 DEBUG    [tempest_lib.common.rest_client] Request - Headers: {'Content-Type': 'application/json', 'Accept': 'application/json', 'X-Auth-Token': '&lt;omitted&gt;'}
        Body: {"floatingip": {"floating_network_id": "e38ca4c7-9ad2-43f7-993b-832019a345eb", "tenant_id": "a0597bc102514b17aaab5c237bc38fc3", "fixed_ip_address": "10.100.0.3", "port_id": "84ef9066-54d5-4420-8943-6b81503a315f"}}
    Response - Headers: {'status': '201', 'content-length': '367', 'connection': 'close', 'date': 'Fri, 04 Dec 2015 14:10:54 GMT', 'content-type': 'application/json; charset=UTF-8', 'x-openstack-request-id': 'req-e696841b-9a12-4ccf-9eba-d443c4081195'}
        Body: {"floatingip": {"floating_network_id": "e38ca4c7-9ad2-43f7-993b-832019a345eb", "router_id": "0a78e2c1-16cc-48b8-898a-ecc8b0c5cc66", "fixed_ip_address": "10.100.0.3", "floating_ip_address": "172.24.4.4", "tenant_id": "a0597bc102514b17aaab5c237bc38fc3", "status": "DOWN", "port_id": "84ef9066-54d5-4420-8943-6b81503a315f", "id": "475b56ac-e253-4e45-b181-b531e44f8c0a"}}
2015-12-04 14:10:54,893 27342 INFO     [tempest_lib.common.ssh] Creating ssh connection to '172.24.4.4' as 'cirros' with public key authentication
2015-12-04 14:10:58,543 27342 WARNING  [tempest_lib.common.ssh] Failed to establish authenticated ssh connection to cirros@172.24.4.4 ([Errno None] Unable to connect to port 22 on  or 172.24.4.4). Number attempts: 1. Retry after 2 seconds.
2015-12-04 14:11:04,043 27342 WARNING  [tempest_lib.common.ssh] Failed to establish authenticated ssh connection to cirros@172.24.4.4 ([Errno None] Unable to connect to port 22 on  or 172.24.4.4). Number attempts: 2. Retry after 3 seconds.
2015-12-04 14:11:10,548 27342 WARNING  [tempest_lib.common.ssh] Failed to establish authenticated ssh connection to cirros@172.24.4.4 ([Errno None] Unable to connect to port 22 on  or 172.24.4.4). Number attempts: 3. Retry after 4 seconds.
2015-12-04 14:11:18,051 27342 WARNING  [tempest_lib.common.ssh] Failed to establish authenticated ssh connection to cirros@172.24.4.4 ([Errno None] Unable to connect to port 22 on  or 172.24.4.4). Number attempts: 4. Retry after 5 seconds.
2015-12-04 14:11:26,556 27342 WARNING  [tempest_lib.common.ssh] Failed to establish authenticated ssh connection to cirros@172.24.4.4 ([Errno None] Unable to connect to port 22 on  or 172.24.4.4). Number attempts: 5. Retry after 6 seconds.
2015-12-04 14:11:36,063 27342 WARNING  [tempest_lib.common.ssh] Failed to establish authenticated ssh connection to cirros@172.24.4.4 ([Errno None] Unable to connect to port 22 on  or 172.24.4.4). Number attempts: 6. Retry after 7 seconds.
2015-12-04 14:11:46,568 27342 WARNING  [tempest_lib.common.ssh] Failed to establish authenticated ssh connection to cirros@172.24.4.4 ([Errno None] Unable to connect to port 22 on  or 172.24.4.4). Number attempts: 7. Retry after 8 seconds.
2015-12-04 14:11:58,079 27342 WARNING  [tempest_lib.common.ssh] Failed to establish authenticated ssh connection to cirros@172.24.4.4 ([Errno None] Unable to connect to port 22 on  or 172.24.4.4). Number attempts: 8. Retry after 9 seconds.
2015-12-04 14:12:10,583 27342 WARNING  [tempest_lib.common.ssh] Failed to establish authenticated ssh connection to cirros@172.24.4.4 ([Errno None] Unable to connect to port 22 on  or 172.24.4.4). Number attempts: 9. Retry after 10 seconds.
2015-12-04 14:12:24,092 27342 WARNING  [tempest_lib.common.ssh] Failed to establish authenticated ssh connection to cirros@172.24.4.4 ([Errno None] Unable to connect to port 22 on  or 172.24.4.4). Number attempts: 10. Retry after 11 seconds.
2015-12-04 14:12:38,599 27342 WARNING  [tempest_lib.common.ssh] Failed to establish authenticated ssh connection to cirros@172.24.4.4 ([Errno None] Unable to connect to port 22 on  or 172.24.4.4). Number attempts: 11. Retry after 12 seconds.
2015-12-04 14:12:54,112 27342 WARNING  [tempest_lib.common.ssh] Failed to establish authenticated ssh connection to cirros@172.24.4.4 ([Errno None] Unable to connect to port 22 on  or 172.24.4.4). Number attempts: 12. Retry after 13 seconds.
2015-12-04 14:13:10,627 27342 WARNING  [tempest_lib.common.ssh] Failed to establish authenticated ssh connection to cirros@172.24.4.4 ([Errno None] Unable to connect to port 22 on  or 172.24.4.4). Number attempts: 13. Retry after 14 seconds.
2015-12-04 14:13:28,144 27342 WARNING  [tempest_lib.common.ssh] Failed to establish authenticated ssh connection to cirros@172.24.4.4 ([Errno None] Unable to connect to port 22 on  or 172.24.4.4). Number attempts: 14. Retry after 15 seconds.
2015-12-04 14:13:46,648 27342 WARNING  [tempest_lib.common.ssh] Failed to establish authenticated ssh connection to cirros@172.24.4.4 ([Errno None] Unable to connect to port 22 on  or 172.24.4.4). Number attempts: 15. Retry after 16 seconds.
2015-12-04 14:14:06,163 27342 WARNING  [tempest_lib.common.ssh] Failed to establish authenticated ssh connection to cirros@172.24.4.4 ([Errno None] Unable to connect to port 22 on  or 172.24.4.4). Number attempts: 16. Retry after 17 seconds.
2015-12-04 14:14:26,667 27342 ERROR    [tempest_lib.common.ssh] Failed to establish authenticated ssh connection to cirros@172.24.4.4 after 16 attempts
2015-12-04 14:14:26.667 27342 ERROR tempest_lib.common.ssh Traceback (most recent call last):
2015-12-04 14:14:26.667 27342 ERROR tempest_lib.common.ssh   File "/usr/local/lib/python2.7/dist-packages/tempest_lib/common/ssh.py", line 75, in _get_ssh_connection
2015-12-04 14:14:26.667 27342 ERROR tempest_lib.common.ssh     timeout=self.channel_timeout, pkey=self.pkey)
2015-12-04 14:14:26.667 27342 ERROR tempest_lib.common.ssh   File "/usr/local/lib/python2.7/dist-packages/paramiko/client.py", line 311, in connect
2015-12-04 14:14:26.667 27342 ERROR tempest_lib.common.ssh     raise NoValidConnectionsError(errors)
2015-12-04 14:14:26.667 27342 ERROR tempest_lib.common.ssh NoValidConnectionsError: [Errno None] Unable to connect to port 22 on  or 172.24.4.4
2015-12-04 14:14:26.667 27342 ERROR tempest_lib.common.ssh 
2015-12-04 14:14:26,670 27342 ERROR    [tempest.scenario.manager] (TestGettingAddress:test_dhcp6_stateless_from_os) Initializing SSH connection to 172.24.4.4 failed. Error: Connection to the 172.24.4.4 via SSH timed out.
User: cirros, Password: None
2015-12-04 14:14:26.670 27342 ERROR tempest.scenario.manager Traceback (most recent call last):
2015-12-04 14:14:26.670 27342 ERROR tempest.scenario.manager   File "tempest/scenario/manager.py", line 383, in get_remote_client
2015-12-04 14:14:26.670 27342 ERROR tempest.scenario.manager     linux_client.validate_authentication()
2015-12-04 14:14:26.670 27342 ERROR tempest.scenario.manager   File "tempest/common/utils/linux/remote_client.py", line 63, in validate_authentication
2015-12-04 14:14:26.670 27342 ERROR tempest.scenario.manager     self.ssh_client.test_connection_auth()
2015-12-04 14:14:26.670 27342 ERROR tempest.scenario.manager   File "/usr/local/lib/python2.7/dist-packages/tempest_lib/common/ssh.py", line 167, in test_connection_auth
2015-12-04 14:14:26.670 27342 ERROR tempest.scenario.manager     connection = self._get_ssh_connection()
2015-12-04 14:14:26.670 27342 ERROR tempest.scenario.manager   File "/usr/local/lib/python2.7/dist-packages/tempest_lib/common/ssh.py", line 87, in _get_ssh_connection
2015-12-04 14:14:26.670 27342 ERROR tempest.scenario.manager     password=self.password)
2015-12-04 14:14:26.670 27342 ERROR tempest.scenario.manager SSHTimeout: Connection to the 172.24.4.4 via SSH timed out.
2015-12-04 14:14:26.670 27342 ERROR tempest.scenario.manager User: cirros, Password: None
2015-12-04 14:14:26.670 27342 ERROR tempest.scenario.manager 
2015-12-04 14:14:26,755 27342 INFO     [tempest_lib.common.rest_client] Request (TestGettingAddress:test_dhcp6_stateless_from_os): 200 GET http://10.0.2.15:8774/v2.1/a0597bc102514b17aaab5c237bc38fc3/servers 0.082s
2015-12-04 14:14:26,756 27342 DEBUG    [tempest_lib.common.rest_client] Request - Headers: {'Content-Type': 'application/json', 'Accept': 'application/json', 'X-Auth-Token': '&lt;omitted&gt;'}
        Body: None
    Response - Headers: {'status': '200', 'content-length': '391', 'content-location': 'http://10.0.2.15:8774/v2.1/a0597bc102514b17aaab5c237bc38fc3/servers', 'x-compute-request-id': 'req-3643a044-9c37-4e19-bf63-163c2c275ad0', 'vary': 'X-OpenStack-Nova-API-Version', 'connection': 'close', 'x-openstack-nova-api-version': '2.1', 'date': 'Fri, 04 Dec 2015 14:14:26 GMT', 'content-type': 'application/json'}
        Body: {"servers": [{"id": "892febe8-b3f2-4269-a6dd-42b3dd843fcc", "links": [{"href": "http://10.0.2.15:8774/v2.1/a0597bc102514b17aaab5c237bc38fc3/servers/892febe8-b3f2-4269-a6dd-42b3dd843fcc", "rel": "self"}, {"href": "http://10.0.2.15:8774/a0597bc102514b17aaab5c237bc38fc3/servers/892febe8-b3f2-4269-a6dd-42b3dd843fcc", "rel": "bookmark"}], "name": "tempest.common.compute-instance-2059130909"}]}
2015-12-04 14:14:26,945 27342 INFO     [tempest_lib.common.rest_client] Request (TestGettingAddress:test_dhcp6_stateless_from_os): 200 POST http://10.0.2.15:8774/v2.1/a0597bc102514b17aaab5c237bc38fc3/servers/892febe8-b3f2-4269-a6dd-42b3dd843fcc/action 0.185s
2015-12-04 14:14:26,946 27342 DEBUG    [tempest_lib.common.rest_client] Request - Headers: {'Content-Type': 'application/json', 'Accept': 'application/json', 'X-Auth-Token': '&lt;omitted&gt;'}
        Body: {"os-getConsoleOutput": {}}
    Response - Headers: {'status': '200', 'content-length': '24671', 'x-compute-request-id': 'req-a5a611ae-3b22-4ea4-a396-95592a89561b', 'vary': 'X-OpenStack-Nova-API-Version', 'connection': 'close', 'x-openstack-nova-api-version': '2.1', 'date': 'Fri, 04 Dec 2015 14:14:26 GMT', 'content-type': 'application/json'}
        Body: {"output": "[    0.000000] Initializing cgroup subsys cpuset\n[    0.000000] Initializing cgroup subsys cpu\n[    0.000000] Linux version 3.2.0-80-virtual (buildd@batsu) (gcc version 4.6.3 (Ubuntu/Linaro 4.6.3-1ubuntu5) ) #116-Ubuntu SMP Mon Mar 23 17:28:52 UTC 2015 (Ubuntu 3.2.0-80.116-virtual 3.2.68)\n[    0.000000] Command line: root=/dev/vda console=tty0 console=ttyS0 no_timer_check\n[    0.000000] KERNEL supported cpus:\n[    0.000000]   Intel GenuineIntel\n[    0.000000]   AMD AuthenticAMD\n[    0.000000]   Centaur CentaurHauls\n[    0.000000] BIOS-provided physical RAM map:\n[    0.000000]  BIOS-e820: 0000000000000000 - 000000000009fc00 (usable)\n[    0.000000]  BIOS-e820: 000000000009fc00 - 00000000000a0000 (reserved)\n[    0.000000]  BIOS-e820: 00000000000f0000 - 0000000000100000 (reserved)\n[    0.000000]  BIOS-e820: 0000000000100000 - 0000000003ffe000 (usable)\n[    0.000000]  BIOS-e820: 0000000003ffe000 - 0000000004000000 (reserved)\n[    0.000000]  BIOS-e820: 00000000fffc0000 - 0000000100000000 (reserved)\n[    0.000000] NX (Execute Disable) protection: active\n[    0.000000] SMBIOS 2.4 present.\n[    0.000000] No AGP bridge found\n[    0.000000] last_pfn = 0x3ffe max_arch_pfn = 0x400000000\n[    0.000000] x86 PAT enabled: cpu 0, old 0x7040600070406, new 0x7010600070106\n[    0.000000] found SMP MP-table at [ffff8800000f0b00] f0b00\n[    0.000000] init_memory_mapping: 0000000000000000-0000000003ffe000\n[    0.000000] RAMDISK: 03c5e000 - 03ff0000\n[    0.000000] ACPI: RSDP 00000000000f0950 00014 (v00 BOCHS )\n[    0.000000] ACPI: RSDT 0000000003fffbc1 00034 (v01 BOCHS  BXPCRSDT 00000001 BXPC 00000001)\n[    0.000000] ACPI: FACP 0000000003fff1c0 00074 (v01 BOCHS  BXPCFACP 00000001 BXPC 00000001)\n[    0.000000] ACPI: DSDT 0000000003ffe040 01180 (v01 BOCHS  BXPCDSDT 00000001 BXPC 00000001)\n[    0.000000] ACPI: FACS 0000000003ffe000 00040\n[    0.000000] ACPI: SSDT 0000000003fff234 008DD (v01 BOCHS  BXPCSSDT 00000001 BXPC 00000001)\n[    0.000000] ACPI: APIC 0000000003fffb11 00078 (v01 BOCHS  BXPCAPIC 00000001 BXPC 00000001)\n[    0.000000] ACPI: HPET 0000000003fffb89 00038 (v01 BOCHS  BXPCHPET 00000001 BXPC 00000001)\n[    0.000000] No NUMA configuration found\n[    0.000000] Faking a node at 0000000000000000-0000000003ffe000\n[    0.000000] Initmem setup node 0 0000000000000000-0000000003ffe000\n[    0.000000]   NODE_DATA [0000000003ff6000 - 0000000003ffafff]\n[    0.000000] Zone PFN ranges:\n[    0.000000]   DMA      0x00000010 -&gt; 0x00001000\n[    0.000000]   DMA32    0x00001000 -&gt; 0x00100000\n[    0.000000]   Normal   empty\n[    0.000000] Movable zone start PFN for each node\n[    0.000000] early_node_map[2] active PFN ranges\n[    0.000000]     0: 0x00000010 -&gt; 0x0000009f\n[    0.000000]     0: 0x00000100 -&gt; 0x00003ffe\n[    0.000000] ACPI: PM-Timer IO Port: 0xb008\n[    0.000000] ACPI: LAPIC (acpi_id[0x00] lapic_id[0x00] enabled)\n[    0.000000] ACPI: LAPIC_NMI (acpi_id[0xff] dfl dfl lint[0x1])\n[    0.000000] ACPI: IOAPIC (id[0x00] address[0xfec00000] gsi_base[0])\n[    0.000000] IOAPIC[0]: apic_id 0, version 17, address 0xfec00000, GSI 0-23\n[    0.000000] ACPI: INT_SRC_OVR (bus 0 bus_irq 0 global_irq 2 dfl dfl)\n[    0.000000] ACPI: INT_SRC_OVR (bus 0 bus_irq 5 global_irq 5 high level)\n[    0.000000] ACPI: INT_SRC_OVR (bus 0 bus_irq 9 global_irq 9 high level)\n[    0.000000] ACPI: INT_SRC_OVR (bus 0 bus_irq 10 global_irq 10 high level)\n[    0.000000] ACPI: INT_SRC_OVR (bus 0 bus_irq 11 global_irq 11 high level)\n[    0.000000] Using ACPI (MADT) for SMP configuration information\n[    0.000000] ACPI: HPET id: 0x8086a201 base: 0xfed00000\n[    0.000000] SMP: Allowing 1 CPUs, 0 hotplug CPUs\n[    0.000000] PM: Registered nosave memory: 000000000009f000 - 00000000000a0000\n[    0.000000] PM: Registered nosave memory: 00000000000a0000 - 00000000000f0000\n[    0.000000] PM: Registered nosave memory: 00000000000f0000 - 0000000000100000\n[    0.000000] Allocating PCI resources starting at 4000000 (gap: 4000000:fbfc0000)\n[    0.000000] Booting paravirtualized kernel on bare hardware\n[    0.000000] setup_pe
2015-12-04 14:14:26,949 27342 DEBUG    [tempest.scenario.manager] Console output for 892febe8-b3f2-4269-a6dd-42b3dd843fcc
body=
[    0.000000] Initializing cgroup subsys cpuset
[    0.000000] Initializing cgroup subsys cpu
[    0.000000] Linux version 3.2.0-80-virtual (buildd@batsu) (gcc version 4.6.3 (Ubuntu/Linaro 4.6.3-1ubuntu5) ) #116-Ubuntu SMP Mon Mar 23 17:28:52 UTC 2015 (Ubuntu 3.2.0-80.116-virtual 3.2.68)
[    0.000000] Command line: root=/dev/vda console=tty0 console=ttyS0 no_timer_check
[    0.000000] KERNEL supported cpus:
[    0.000000]   Intel GenuineIntel
[    0.000000]   AMD AuthenticAMD
[    0.000000]   Centaur CentaurHauls
[    0.000000] BIOS-provided physical RAM map:
[    0.000000]  BIOS-e820: 0000000000000000 - 000000000009fc00 (usable)
[    0.000000]  BIOS-e820: 000000000009fc00 - 00000000000a0000 (reserved)
[    0.000000]  BIOS-e820: 00000000000f0000 - 0000000000100000 (reserved)
[    0.000000]  BIOS-e820: 0000000000100000 - 0000000003ffe000 (usable)
[    0.000000]  BIOS-e820: 0000000003ffe000 - 0000000004000000 (reserved)
[    0.000000]  BIOS-e820: 00000000fffc0000 - 0000000100000000 (reserved)
[    0.000000] NX (Execute Disable) protection: active
[    0.000000] SMBIOS 2.4 present.
[    0.000000] No AGP bridge found
[    0.000000] last_pfn = 0x3ffe max_arch_pfn = 0x400000000
[    0.000000] x86 PAT enabled: cpu 0, old 0x7040600070406, new 0x7010600070106
[    0.000000] found SMP MP-table at [ffff8800000f0b00] f0b00
[    0.000000] init_memory_mapping: 0000000000000000-0000000003ffe000
[    0.000000] RAMDISK: 03c5e000 - 03ff0000
[    0.000000] ACPI: RSDP 00000000000f0950 00014 (v00 BOCHS )
[    0.000000] ACPI: RSDT 0000000003fffbc1 00034 (v01 BOCHS  BXPCRSDT 00000001 BXPC 00000001)
[    0.000000] ACPI: FACP 0000000003fff1c0 00074 (v01 BOCHS  BXPCFACP 00000001 BXPC 00000001)
[    0.000000] ACPI: DSDT 0000000003ffe040 01180 (v01 BOCHS  BXPCDSDT 00000001 BXPC 00000001)
[    0.000000] ACPI: FACS 0000000003ffe000 00040
[    0.000000] ACPI: SSDT 0000000003fff234 008DD (v01 BOCHS  BXPCSSDT 00000001 BXPC 00000001)
[    0.000000] ACPI: APIC 0000000003fffb11 00078 (v01 BOCHS  BXPCAPIC 00000001 BXPC 00000001)
[    0.000000] ACPI: HPET 0000000003fffb89 00038 (v01 BOCHS  BXPCHPET 00000001 BXPC 00000001)
[    0.000000] No NUMA configuration found
[    0.000000] Faking a node at 0000000000000000-0000000003ffe000
[    0.000000] Initmem setup node 0 0000000000000000-0000000003ffe000
[    0.000000]   NODE_DATA [0000000003ff6000 - 0000000003ffafff]
[    0.000000] Zone PFN ranges:
[    0.000000]   DMA      0x00000010 -&gt; 0x00001000
[    0.000000]   DMA32    0x00001000 -&gt; 0x00100000
[    0.000000]   Normal   empty
[    0.000000] Movable zone start PFN for each node
[    0.000000] early_node_map[2] active PFN ranges
[    0.000000]     0: 0x00000010 -&gt; 0x0000009f
[    0.000000]     0: 0x00000100 -&gt; 0x00003ffe
[    0.000000] ACPI: PM-Timer IO Port: 0xb008
[    0.000000] ACPI: LAPIC (acpi_id[0x00] lapic_id[0x00] enabled)
[    0.000000] ACPI: LAPIC_NMI (acpi_id[0xff] dfl dfl lint[0x1])
[    0.000000] ACPI: IOAPIC (id[0x00] address[0xfec00000] gsi_base[0])
[    0.000000] IOAPIC[0]: apic_id 0, version 17, address 0xfec00000, GSI 0-23
[    0.000000] ACPI: INT_SRC_OVR (bus 0 bus_irq 0 global_irq 2 dfl dfl)
[    0.000000] ACPI: INT_SRC_OVR (bus 0 bus_irq 5 global_irq 5 high level)
[    0.000000] ACPI: INT_SRC_OVR (bus 0 bus_irq 9 global_irq 9 high level)
[    0.000000] ACPI: INT_SRC_OVR (bus 0 bus_irq 10 global_irq 10 high level)
[    0.000000] ACPI: INT_SRC_OVR (bus 0 bus_irq 11 global_irq 11 high level)
[    0.000000] Using ACPI (MADT) for SMP configuration information
[    0.000000] ACPI: HPET id: 0x8086a201 base: 0xfed00000
[    0.000000] SMP: Allowing 1 CPUs, 0 hotplug CPUs
[    0.000000] PM: Registered nosave memory: 000000000009f000 - 00000000000a0000
[    0.000000] PM: Registered nosave memory: 00000000000a0000 - 00000000000f0000
[    0.000000] PM: Registered nosave memory: 00000000000f0000 - 0000000000100000
[    0.000000] Allocating PCI resources starting at 4000000 (gap: 4000000:fbfc0000)
[    0.000000] Booting paravirtualized kernel on bare hardware
[    0.000000] setup_percpu: NR_CPUS:64 nr_cpumask_bits:64 nr_cpu_ids:1 nr_node_ids:1
[    0.000000] PERCPU: Embedded 27 pages/cpu @ffff880003a00000 s78848 r8192 d23552 u2097152
[    0.000000] Built 1 zonelists in Node order, mobility grouping on.  Total pages: 16008
[    0.000000] Policy zone: DMA32
[    0.000000] Kernel command line: root=/dev/vda console=tty0 console=ttyS0 no_timer_check
[    0.000000] PID hash table entries: 256 (order: -1, 2048 bytes)
[    0.000000] Checking aperture...
[    0.000000] No AGP bridge found
[    0.000000] Memory: 43492k/65528k available (6576k kernel code, 452k absent, 21584k reserved, 6620k data, 928k init)
[    0.000000] SLUB: Genslabs=15, HWalign=64, Order=0-3, MinObjects=0, CPUs=1, Nodes=1
[    0.000000] Hierarchical RCU implementation.
[    0.000000] 	RCU dyntick-idle grace-period acceleration is enabled.
[    0.000000] NR_IRQS:4352 nr_irqs:256 16
[    0.000000] Console: colour VGA+ 80x25
[    0.000000] console [tty0] enabled
[    0.000000] console [ttyS0] enabled
[    0.000000] allocated 1048576 bytes of page_cgroup
[    0.000000] please try 'cgroup_disable=memory' option if you don't want memory cgroups
[    0.000000] Fast TSC calibration failed
[    0.000000] TSC: Unable to calibrate against PIT
[    0.000000] TSC: using HPET reference calibration
[    0.000000] Detected 2294.250 MHz processor.
[    0.032793] Calibrating delay loop (skipped), value calculated using timer frequency.. 4588.50 BogoMIPS (lpj=9177000)
[    0.036876] pid_max: default: 32768 minimum: 301
[    0.045436] Security Framework initialized
[    0.048835] AppArmor: AppArmor initialized
[    0.049542] Yama: becoming mindful.
[    0.056941] Dentry cache hash table entries: 8192 (order: 4, 65536 bytes)
[    0.058233] Inode-cache hash table entries: 4096 (order: 3, 32768 bytes)
[    0.060003] Mount-cache hash table entries: 256
[    0.074348] Initializing cgroup subsys cpuacct
[    0.075220] Initializing cgroup subsys memory
[    0.076709] Initializing cgroup subsys devices
[    0.077471] Initializing cgroup subsys freezer
[    0.078211] Initializing cgroup subsys blkio
[    0.078911] Initializing cgroup subsys perf_event
[    0.084449] mce: CPU supports 10 MCE banks
[    0.087250] SMP alternatives: switching to UP code
[    0.472942] Freeing SMP alternatives: 24k freed
[    0.474832] ACPI: Core revision 20110623
[    0.522157] ftrace: allocating 26610 entries in 105 pages
[    0.551154] ..TIMER: vector=0x30 apic1=0 pin1=2 apic2=-1 pin2=-1
[    0.552156] CPU0: AMD QEMU Virtual CPU version 2.0.0 stepping 03
[    0.560034] Performance Events: Broken PMU hardware detected, using software events only.
[    0.568242] NMI watchdog disabled (cpu0): hardware events not enabled
[    0.569885] Brought up 1 CPUs
[    0.570421] Total of 1 processors activated (4588.50 BogoMIPS).
[    0.593256] devtmpfs: initialized
[    0.621208] EVM: security.selinux
[    0.621700] EVM: security.SMACK64
[    0.622164] EVM: security.capability
[    0.642129] print_constraints: dummy: 
[    0.644565] RTC time: 14:10:56, date: 12/04/15
[    0.646622] NET: Registered protocol family 16
[    0.657898] ACPI: bus type pci registered
[    0.662318] PCI: Using configuration type 1 for base access
[    0.696792] bio: create slab &lt;bio-0&gt; at 0
[    0.701415] ACPI: Added _OSI(Module Device)
[    0.702028] ACPI: Added _OSI(Processor Device)
[    0.702582] ACPI: Added _OSI(3.0 _SCP Extensions)
[    0.703194] ACPI: Added _OSI(Processor Aggregator Device)
[    0.785890] ACPI: Interpreter enabled
[    0.786473] ACPI: (supports S0 S3 S4 S5)
[    0.788733] ACPI: Using IOAPIC for interrupt routing
[    0.857712] ACPI: No dock devices found.
[    0.858678] HEST: Table not found.
[    0.859278] PCI: Using host bridge windows from ACPI; if necessary, use "pci=nocrs" and report a bug
[    0.865884] ACPI: PCI Root Bridge [PCI0] (domain 0000 [bus 00-ff])
[    0.871865] pci_root PNP0A03:00: host bridge window [io  0x0000-0x0cf7]
[    0.872153] pci_root PNP0A03:00: host bridge window [io  0x0d00-0xadff]
[    0.873010] pci_root PNP0A03:00: host bridge window [io  0xae0f-0xaeff]
[    0.873861] pci_root PNP0A03:00: host bridge window [io  0xaf20-0xafdf]
[    0.876104] pci_root PNP0A03:00: host bridge window [io  0xafe4-0xffff]
[    0.876821] pci_root PNP0A03:00: host bridge window [mem 0x000a0000-0x000bffff]
[    0.877757] pci_root PNP0A03:00: host bridge window [mem 0x04000000-0xfebfffff]
[    0.904675] pci 0000:00:01.3: quirk: [io  0xb000-0xb03f] claimed by PIIX4 ACPI
[    0.905973] pci 0000:00:01.3: quirk: [io  0xb100-0xb10f] claimed by PIIX4 SMB
[    0.973017]  pci0000:00: Unable to request _OSC control (_OSC support mask: 0x1e)
[    1.028693] ACPI: PCI Interrupt Link [LNKA] (IRQs 5 *10 11)
[    1.030601] ACPI: PCI Interrupt Link [LNKB] (IRQs 5 *10 11)
[    1.033267] ACPI: PCI Interrupt Link [LNKC] (IRQs 5 10 *11)
[    1.034591] ACPI: PCI Interrupt Link [LNKD] (IRQs 5 10 *11)
[    1.036873] ACPI: PCI Interrupt Link [LNKS] (IRQs *9)
[    1.042767] vgaarb: device added: PCI:0000:00:02.0,decodes=io+mem,owns=io+mem,locks=none
[    1.044103] vgaarb: loaded
[    1.044503] vgaarb: bridge control possible 0000:00:02.0
[    1.048729] i2c-core: driver [aat2870] using legacy suspend method
[    1.049507] i2c-core: driver [aat2870] using legacy resume method
[    1.056218] SCSI subsystem initialized
[    1.061359] usbcore: registered new interface driver usbfs
[    1.062476] usbcore: registered new interface driver hub
[    1.064476] usbcore: registered new device driver usb
[    1.068384] PCI: Using ACPI for IRQ routing
[    1.078780] NetLabel: Initializing
[    1.079258] NetLabel:  domain hash size = 128
[    1.080134] NetLabel:  protocols = UNLABELED CIPSOv4
[    1.084239] NetLabel:  unlabeled traffic allowed by default
[    1.086254] HPET: 3 timers in total, 0 timers will be used for per-cpu timer
[    1.088397] hpet0: at MMIO 0xfed00000, IRQs 2, 8, 0
[    1.089215] hpet0: 3 comparators, 64-bit 100.000000 MHz counter
[    1.100819] Switching to clocksource hpet
[    1.338776] AppArmor: AppArmor Filesystem Enabled
[    1.340936] pnp: PnP ACPI init
[    1.341479] ACPI: bus type pnp registered
[    1.363615] pnp: PnP ACPI: found 9 devices
[    1.364152] ACPI: ACPI bus type pnp unregistered
[    1.415928] NET: Registered protocol family 2
[    1.447918] IP route cache hash table entries: 512 (order: 0, 4096 bytes)
[    1.455109] TCP established hash table entries: 2048 (order: 3, 32768 bytes)
[    1.457988] TCP bind hash table entries: 2048 (order: 3, 32768 bytes)
[    1.458956] TCP: Hash tables configured (established 2048 bind 2048)
[    1.459746] TCP reno registered
[    1.461693] UDP hash table entries: 128 (order: 0, 4096 bytes)
[    1.462619] UDP-Lite hash table entries: 128 (order: 0, 4096 bytes)
[    1.467008] NET: Registered protocol family 1
[    1.467908] pci 0000:00:00.0: Limiting direct PCI/PCI transfers
[    1.469754] pci 0000:00:01.0: PIIX3: Enabling Passive Release
[    1.470684] pci 0000:00:01.0: Activating ISA DMA hang workarounds
[    1.475315] ACPI: PCI Interrupt Link [LNKD] enabled at IRQ 11
[    1.476328] pci 0000:00:01.2: PCI INT D -&gt; Link[LNKD] -&gt; GSI 11 (level, high) -&gt; IRQ 11
[    1.478995] pci 0000:00:01.2: PCI INT D disabled
[    1.499711] Trying to unpack rootfs image as initramfs...
[    1.515805] audit: initializing netlink socket (disabled)
[    1.518368] type=2000 audit(1449238256.516:1): initialized
[    1.766502] HugeTLB registered 2 MB page size, pre-allocated 0 pages
[    1.815831] VFS: Disk quotas dquot_6.5.2
[    1.818291] Dquot-cache hash table entries: 512 (order 0, 4096 bytes)
[    1.850379] fuse init (API version 7.17)
[    1.858588] msgmni has been set to 84
[    1.899578] Block layer SCSI generic (bsg) driver version 0.4 loaded (major 253)
[    1.902567] io scheduler noop registered
[    1.903235] io scheduler deadline registered (default)
[    1.905511] io scheduler cfq registered
[    1.908304] pci_hotplug: PCI Hot Plug PCI Core version: 0.5
[    1.910950] pciehp: PCI Express Hot Plug Controller Driver version: 0.4
[    1.917267] input: Power Button as /devices/LNXSYSTM:00/LNXPWRBN:00/input/input0
[    1.919145] ACPI: Power Button [PWRF]
[    1.970328] ERST: Table is not found!
[    1.970838] GHES: HEST is not enabled!
[    1.985465] ACPI: PCI Interrupt Link [LNKC] enabled at IRQ 10
[    1.986307] virtio-pci 0000:00:03.0: PCI INT A -&gt; Link[LNKC] -&gt; GSI 10 (level, high) -&gt; IRQ 10
[    1.989864] virtio-pci 0000:00:04.0: PCI INT A -&gt; Link[LNKD] -&gt; GSI 11 (level, high) -&gt; IRQ 11
[    1.998438] ACPI: PCI Interrupt Link [LNKA] enabled at IRQ 10
[    1.999088] virtio-pci 0000:00:05.0: PCI INT A -&gt; Link[LNKA] -&gt; GSI 10 (level, high) -&gt; IRQ 10
[    2.010181] Serial: 8250/16550 driver, 32 ports, IRQ sharing enabled
[    2.050963] serial8250: ttyS0 at I/O 0x3f8 (irq = 4) is a 16550A
[    2.127500] serial8250: ttyS1 at I/O 0x2f8 (irq = 3) is a 16550A
[    2.238152] 00:05: ttyS0 at I/O 0x3f8 (irq = 4) is a 16550A
[    2.328590] 00:06: ttyS1 at I/O 0x2f8 (irq = 3) is a 16550A
[    2.370809] Linux agpgart interface v0.103
[    2.427893] brd: module loaded
[    2.457263] loop: module loaded
[    2.487544] Refined TSC clocksource calibration: 2294.250 MHz.
[    2.490041] Switching to clocksource tsc
[    2.510457]  vda: unknown partition table
[    2.556987] scsi0 : ata_piix
[    2.559152] scsi1 : ata_piix
[    2.560987] ata1: PATA max MWDMA2 cmd 0x1f0 ctl 0x3f6 bmdma 0xc0a0 irq 14
[    2.562139] ata2: PATA max MWDMA2 cmd 0x170 ctl 0x376 bmdma 0xc0a8 irq 15
[    2.570921] Fixed MDIO Bus: probed
[    2.571723] tun: Universal TUN/TAP device driver, 1.6
[    2.572700] tun: (C) 1999-2004 Max Krasnyansky &lt;maxk@qualcomm.com&gt;
[    2.591467] PPP generic driver version 2.4.2
[    2.610775] ehci_hcd: USB 2.0 'Enhanced' Host Controller (EHCI) Driver
[    2.611860] ohci_hcd: USB 1.1 'Open' Host Controller (OHCI) Driver
[    2.614292] uhci_hcd: USB Universal Host Controller Interface driver
[    2.616208] uhci_hcd 0000:00:01.2: PCI INT D -&gt; Link[LNKD] -&gt; GSI 11 (level, high) -&gt; IRQ 11
[    2.623049] uhci_hcd 0000:00:01.2: UHCI Host Controller
[    2.649593] uhci_hcd 0000:00:01.2: new USB bus registered, assigned bus number 1
[    2.651407] uhci_hcd 0000:00:01.2: irq 11, io base 0x0000c040
[    2.675676] hub 1-0:1.0: USB hub found
[    2.678333] hub 1-0:1.0: 2 ports detected
[    2.691628] usbcore: registered new interface driver libusual
[    2.697380] i8042: PNP: PS/2 Controller [PNP0303:KBD,PNP0f13:MOU] at 0x60,0x64 irq 1,12
[    2.709048] serio: i8042 KBD port at 0x60,0x64 irq 1
[    2.711011] serio: i8042 AUX port at 0x60,0x64 irq 12
[    2.781260] mousedev: PS/2 mouse device common for all mice
[    2.791705] ata2.01: ATAPI: QEMU DVD-ROM, 2.0.0, max UDMA/100
[    2.802083] input: AT Translated Set 2 keyboard as /devices/platform/i8042/serio0/input/input1
[    2.806416] rtc_cmos 00:01: RTC can wake from S4
[    2.819564] rtc_cmos 00:01: rtc core: registered rtc_cmos as rtc0
[    2.826443] rtc0: alarms up to one day, 114 bytes nvram, hpet irqs
[    2.833343] device-mapper: uevent: version 1.0.3
[    2.848226] ata2.01: configured for MWDMA2
[    2.890423] scsi 1:0:1:0: CD-ROM            QEMU     QEMU DVD-ROM     2.0. PQ: 0 ANSI: 5
[    2.899810] device-mapper: ioctl: 4.22.0-ioctl (2011-10-19) initialised: dm-devel@redhat.com
[    2.902454] cpuidle: using governor ladder
[    2.903691] cpuidle: using governor menu
[    2.904511] EFI Variables Facility v0.08 2004-May-17
[    2.911250] TCP cubic registered
[    2.915388] NET: Registered protocol family 10
[    2.947354] NET: Registered protocol family 17
[    2.948601] Registering the dns_resolver key type
[    2.982677] sr0: scsi3-mmc drive: 4x/4x cd/rw xa/form2 tray
[    2.983890] cdrom: Uniform CD-ROM driver Revision: 3.20
[    2.994979] sr 1:0:1:0: Attached scsi generic sg0 type 5
[    3.036064] registered taskstats version 1
[    3.137324] Freeing initrd memory: 3656k freed
[    3.618372]   Magic number: 11:437:181
[    3.625999] rtc_cmos 00:01: setting system clock to 2015-12-04 14:10:59 UTC (1449238259)
[    3.628317] powernow-k8: Processor cpuid 663 not supported
[    3.635768] BIOS EDD facility v0.16 2004-Jun-25, 0 devices found
[    3.636980] EDD information not available.
[    3.713146] Freeing unused kernel memory: 928k freed
[    3.719221] Write protecting the kernel read-only data: 12288k
[    3.860871] Freeing unused kernel memory: 1596k freed
[    3.922352] Freeing unused kernel memory: 1184k freed

info: initramfs: up at 4.08
modprobe: module virtio_blk not found in modules.dep
modprobe: module virtio_net not found in modules.dep
info: copying initramfs to /dev/vda
info: initramfs loading root from /dev/vda
info: /etc/init.d/rc.sysinit: up at 8.82
info: container: none
Starting logging: OK
modprobe: module virtio_blk not found in modules.dep
modprobe: module virtio_net not found in modules.dep
WARN: /etc/rc3.d/S10-load-modules failed
Initializing random number generator... done.
Starting acpid: OK
cirros-ds 'local' up at 11.32
found datasource (configdrive, local)
Starting network...
udhcpc (v1.20.1) started
Sending discover...
Sending discover...
Sending discover...
Usage: /sbin/cirros-dhcpc &lt;up|down&gt;
No lease, failing
WARN: /etc/rc3.d/S40-network failed
Starting dropbear sshd: generating rsa key... generating dsa key... OK
no userdata for datasource
=== system information ===
Platform: OpenStack Foundation OpenStack Nova
Container: none
Arch: x86_64
CPU(s): 1 @ 2294.250 MHz
Cores/Sockets/Threads: 1/1/1
Virt-type: AMD-V
RAM Size: 49MB
Disks:
NAME MAJ:MIN     SIZE LABEL         MOUNTPOINT
vda  253:0   25165824 cirros-rootfs /
sr0   11:0     428032 config-2      
=== sshd host keys ===
-----BEGIN SSH HOST KEY KEYS-----
ssh-rsa AAAAB3NzaC1yc2EAAAADAQABAAAAgwDVBnZInE7Qmql8foGggF/nDNnzjKvXqDitLzdMUdD0th3lfI3vx96nU8h1XhJX7nTQFO5bxizrepQgyYwvoU4D5UmpjbfpX1dAmylGms6TNeH8PPKfvKMeUGkDCTNAmowYUPhryGg8ShU4480/fGPKGkUmVDGgIEKZNir1OKznL7hd root@tempest
ssh-dss AAAAB3NzaC1kc3MAAACBAPm0YOp242PlDiPs9t5Rvdt5mqYu03zu3twId3M3k6Hy+BrpiXOvupPsxC9P1ivM8yIZqDjAPWKMQMh1nqA61QDnGELBTqV+1pmDe+nCFIFZDlmLxsTaIVb6hCpEzPhyVOEF9W+qTBAODy3lv5kudi8tJHoeVvr1kVbm0g4Ss6YpAAAAFQCEq1sPbA/bJ4huOT3aWJXLUMPG3QAAAIAn+cOKBjvFhC6KRq9rVcTRQnydKqPS/m6BarCBivXl+lgbVcBskoIENhrT5kn5Wxiugj8UxiWioK1lbhp6xh0mhFuOHsik+Hcy9lVkc1Q7+usBtHcC/XSoQHGZExKoezWMjDPki24pruIhklFSSgeMy14xyLD6m/oRknffpCwSEwAAAIA6tLqr+wuZ+7UY0sV/VTVtqYAWu/OmTBRo6ilc6l8S0KU/KoFct07RkbMDkPLhjEisF/Ek279Vz7dN+MK2P8OSYsQDfnAS0nKKusEcjOzbpE2IeAsLbRTRwCQCSNXbXxys9qgaF7MT3RWKZQZfDYyecqxAb7gRzrYwpjGnYFNDAQ== root@tempest
-----END SSH HOST KEY KEYS-----
=== network info ===
if-info: lo,up,127.0.0.1,8,::1
if-info: eth0,up,,8,fe80::f816:3eff:fea5:894a
=== datasource: configdrive local ===
instance-id: 892febe8-b3f2-4269-a6dd-42b3dd843fcc
name: tempest.common.compute-instance-2059130909
availability-zone: nova
local-hostname: tempest.common.compute-instance-2059130909.novalocal
launch-index: 0
=== cirros: current=0.3.4 uptime=200.67 ===
route: fscanf
=== pinging gateway failed, debugging connection ===
############ debug start ##############
### /etc/init.d/sshd start
Starting dropbear sshd: OK
route: fscanf
### ifconfig -a
eth0      Link encap:Ethernet  HWaddr FA:16:3E:A5:89:4A  
          inet6 addr: fe80::f816:3eff:fea5:894a/64 Scope:Link
          UP BROADCAST RUNNING MULTICAST  MTU:1500  Metric:1
          RX packets:12 errors:0 dropped:5 overruns:0 frame:0
          TX packets:8 errors:0 dropped:0 overruns:0 carrier:0
          collisions:0 txqueuelen:1000 
          RX bytes:1303 (1.2 KiB)  TX bytes:1134 (1.1 KiB)

lo        Link encap:Local Loopback  
          inet addr:127.0.0.1  Mask:255.0.0.0
          inet6 addr: ::1/128 Scope:Host
          UP LOOPBACK RUNNING  MTU:16436  Metric:1
          RX packets:12 errors:0 dropped:0 overruns:0 frame:0
          TX packets:12 errors:0 dropped:0 overruns:0 carrier:0
          collisions:0 txqueuelen:0 
          RX bytes:1020 (1020.0 B)  TX bytes:1020 (1020.0 B)

### route -n
Kernel IP routing table
Destination     Gateway         Genmask         Flags Metric Ref    Use Iface
route: fscanf
### cat /etc/resolv.conf
cat: can't open '/etc/resolv.conf': No such file or directory
### gateway not found
/sbin/cirros-status: line 1: can't open /etc/resolv.conf: no such file
### pinging nameservers
### uname -a
Linux tempest 3.2.0-80-virtual #116-Ubuntu SMP Mon Mar 23 17:28:52 UTC 2015 x86_64 GNU/Linux
### lsmod
Module                  Size  Used by    Not tainted
nls_iso8859_1          12713  0 
nls_cp437              16991  0 
vfat                   17585  0 
fat                    61512  1 vfat
isofs                  40259  0 
ip_tables              27473  0 
x_tables               29891  1 ip_tables
pcnet32                42119  0 
8139cp                 27360  0 
ne2k_pci               13691  0 
8390                   18856  1 ne2k_pci
e1000                 108589  0 
acpiphp                24231  0 
### dmesg | tail
[    4.803760] EXT3-fs (vda): mounted filesystem with ordered data mode
[    5.121970] ISO 9660 Extensions: Microsoft Joliet Level 3
[    5.205041] ISO 9660 Extensions: RRIP_1991A
[    5.446441] kjournald starting.  Commit interval 5 seconds
[    5.462176] EXT3-fs (vda): using internal journal
[    5.462356] EXT3-fs (vda): mounted filesystem with ordered data mode
[    8.871380] EXT3-fs (vda): using internal journal
[   12.093515] ISO 9660 Extensions: Microsoft Joliet Level 3
[   12.189516] ISO 9660 Extensions: RRIP_1991A
[   26.940000] eth0: no IPv6 routers present
### tail -n 25 /var/log/messages
Dec  4 14:11:06 cirros kern.info kernel: [    4.383884] acpiphp: Slot [26] registered
Dec  4 14:11:06 cirros kern.info kernel: [    4.384835] acpiphp: Slot [27] registered
Dec  4 14:11:06 cirros kern.info kernel: [    4.385181] acpiphp: Slot [28] registered
Dec  4 14:11:06 cirros kern.info kernel: [    4.385710] acpiphp: Slot [29] registered
Dec  4 14:11:06 cirros kern.info kernel: [    4.386049] acpiphp: Slot [30] registered
Dec  4 14:11:06 cirros kern.info kernel: [    4.386382] acpiphp: Slot [31] registered
Dec  4 14:11:06 cirros kern.info kernel: [    4.434357] e1000: Intel(R) PRO/1000 Network Driver - version 7.3.21-k8-NAPI
Dec  4 14:11:06 cirros kern.info kernel: [    4.434406] e1000: Copyright (c) 1999-2006 Intel Corporation.
Dec  4 14:11:06 cirros kern.info kernel: [    4.478028] ne2k-pci.c:v1.03 9/22/2003 D. Becker/P. Gortmaker
Dec  4 14:11:06 cirros kern.info kernel: [    4.517662] 8139cp: 8139cp: 10/100 PCI Ethernet driver v1.3 (Mar 22, 2004)
Dec  4 14:11:06 cirros kern.info kernel: [    4.551040] pcnet32: pcnet32.c:v1.35 21.Apr.2008 tsbogend@alpha.franken.de
Dec  4 14:11:06 cirros kern.info kernel: [    4.598688] ip_tables: (C) 2000-2006 Netfilter Core Team
Dec  4 14:11:06 cirros kern.info kernel: [    4.794027] kjournald starting.  Commit interval 5 seconds
Dec  4 14:11:06 cirros kern.info kernel: [    4.803760] EXT3-fs (vda): mounted filesystem with ordered data mode
Dec  4 14:11:06 cirros kern.debug kernel: [    5.121970] ISO 9660 Extensions: Microsoft Joliet Level 3
Dec  4 14:11:06 cirros kern.debug kernel: [    5.205041] ISO 9660 Extensions: RRIP_1991A
Dec  4 14:11:06 cirros kern.info kernel: [    5.446441] kjournald starting.  Commit interval 5 seconds
Dec  4 14:11:06 cirros kern.info kernel: [    5.462176] EXT3-fs (vda): using internal journal
Dec  4 14:11:06 cirros kern.info kernel: [    5.462356] EXT3-fs (vda): mounted filesystem with ordered data mode
Dec  4 14:11:06 cirros kern.info kernel: [    8.871380] EXT3-fs (vda): using internal journal
Dec  4 14:11:07 cirros kern.debug kernel: [   12.093515] ISO 9660 Extensions: Microsoft Joliet Level 3
Dec  4 14:11:08 cirros kern.debug kernel: [   12.189516] ISO 9660 Extensions: RRIP_1991A
Dec  4 14:11:11 cirros auth.notice su: + /dev/console root:cirros
Dec  4 14:11:22 cirros kern.debug kernel: [   26.940000] eth0: no IPv6 routers present
Dec  4 14:14:14 cirros authpriv.info dropbear[283]: Running in background
############ debug end   ##############
  ____               ____  ____
 / __/ __ ____ ____ / __ \/ __/
/ /__ / // __// __// /_/ /\ \ 
\___//_//_/  /_/   \____/___/ 
   http://cirros-cloud.net


login as 'cirros' user. default password: 'cubswin:)'. use 'sudo' for root.
tempest login: 
2015-12-04 14:14:27,183 27342 INFO     [tempest_lib.common.rest_client] Request (TestGettingAddress:_run_cleanups): 204 DELETE http://10.0.2.15:9696/v2.0/floatingips/475b56ac-e253-4e45-b181-b531e44f8c0a 0.228s
2015-12-04 14:14:27,184 27342 DEBUG    [tempest_lib.common.rest_client] Request - Headers: {'Content-Type': 'application/json', 'Accept': 'application/json', 'X-Auth-Token': '&lt;omitted&gt;'}
        Body: None
    Response - Headers: {'date': 'Fri, 04 Dec 2015 14:14:27 GMT', 'status': '204', 'connection': 'close', 'content-length': '0', 'x-openstack-request-id': 'req-7d3be644-d4f4-43b3-bc23-1cef8d6da848'}
        Body: 
2015-12-04 14:14:27,403 27342 INFO     [tempest_lib.common.rest_client] Request (TestGettingAddress:_run_cleanups): 204 DELETE http://10.0.2.15:8774/v2.1/a0597bc102514b17aaab5c237bc38fc3/servers/892febe8-b3f2-4269-a6dd-42b3dd843fcc 0.219s
2015-12-04 14:14:27,404 27342 DEBUG    [tempest_lib.common.rest_client] Request - Headers: {'Content-Type': 'application/json', 'Accept': 'application/json', 'X-Auth-Token': '&lt;omitted&gt;'}
        Body: None
    Response - Headers: {'status': '204', 'content-length': '0', 'x-compute-request-id': 'req-bd48db7d-983b-44a7-95a1-369424f00ea3', 'vary': 'X-OpenStack-Nova-API-Version', 'connection': 'close', 'x-openstack-nova-api-version': '2.1', 'date': 'Fri, 04 Dec 2015 14:14:27 GMT', 'content-type': 'application/json'}
        Body: 
2015-12-04 14:14:27,635 27342 INFO     [tempest_lib.common.rest_client] Request (TestGettingAddress:_run_cleanups): 200 GET http://10.0.2.15:8774/v2.1/a0597bc102514b17aaab5c237bc38fc3/servers/892febe8-b3f2-4269-a6dd-42b3dd843fcc 0.230s
2015-12-04 14:14:27,636 27342 DEBUG    [tempest_lib.common.rest_client] Request - Headers: {'Content-Type': 'application/json', 'Accept': 'application/json', 'X-Auth-Token': '&lt;omitted&gt;'}
        Body: None
    Response - Headers: {'status': '200', 'content-length': '1905', 'content-location': 'http://10.0.2.15:8774/v2.1/a0597bc102514b17aaab5c237bc38fc3/servers/892febe8-b3f2-4269-a6dd-42b3dd843fcc', 'x-compute-request-id': 'req-e16862a2-67aa-40a7-91ee-b806ddd3a5e3', 'vary': 'X-OpenStack-Nova-API-Version', 'connection': 'close', 'x-openstack-nova-api-version': '2.1', 'date': 'Fri, 04 Dec 2015 14:14:27 GMT', 'content-type': 'application/json'}
        Body: {"server": {"status": "ACTIVE", "updated": "2015-12-04T14:14:27Z", "hostId": "49382e4943e41cf0e7fe48fd6f512f759f5b7e8778d2c22ee3fb8ebb", "addresses": {"tempest-network-smoke--2076874132": [{"OS-EXT-IPS-MAC:mac_addr": "fa:16:3e:a5:89:4a", "version": 6, "addr": "2003::f816:3eff:fea5:894a", "OS-EXT-IPS:type": "fixed"}, {"OS-EXT-IPS-MAC:mac_addr": "fa:16:3e:a5:89:4a", "version": 4, "addr": "10.100.0.3", "OS-EXT-IPS:type": "fixed"}, {"OS-EXT-IPS-MAC:mac_addr": "fa:16:3e:a5:89:4a", "version": 4, "addr": "172.24.4.4", "OS-EXT-IPS:type": "floating"}]}, "links": [{"href": "http://10.0.2.15:8774/v2.1/a0597bc102514b17aaab5c237bc38fc3/servers/892febe8-b3f2-4269-a6dd-42b3dd843fcc", "rel": "self"}, {"href": "http://10.0.2.15:8774/a0597bc102514b17aaab5c237bc38fc3/servers/892febe8-b3f2-4269-a6dd-42b3dd843fcc", "rel": "bookmark"}], "key_name": "tempest-TestGettingAddress-1638473541", "image": {"id": "aab18641-7c3d-4aa3-84e8-3a60434e3877", "links": [{"href": "http://10.0.2.15:8774/a0597bc102514b17aaab5c237bc38fc3/images/aab18641-7c3d-4aa3-84e8-3a60434e3877", "rel": "bookmark"}]}, "OS-EXT-STS:task_state": "deleting", "OS-EXT-STS:vm_state": "active", "OS-SRV-USG:launched_at": "2015-12-04T14:10:53.000000", "flavor": {"id": "42", "links": [{"href": "http://10.0.2.15:8774/a0597bc102514b17aaab5c237bc38fc3/flavors/42", "rel": "bookmark"}]}, "id": "892febe8-b3f2-4269-a6dd-42b3dd843fcc", "security_groups": [{"name": "tempest-secgroup-smoke-1345376442"}], "OS-SRV-USG:terminated_at": null, "OS-EXT-AZ:availability_zone": "nova", "user_id": "91fa975ffb3c464c8f0b27a465643d2a", "name": "tempest.common.compute-instance-2059130909", "created": "2015-12-04T14:10:49Z", "tenant_id": "a0597bc102514b17aaab5c237bc38fc3", "OS-DCF:diskConfig": "MANUAL", "os-extended-volumes:volumes_attached": [], "accessIPv4": "", "accessIPv6": "", "progress": 0, "OS-EXT-STS:power_state": 1, "config_drive": "True", "metadata": {}}}
2015-12-04 14:14:28,788 27342 INFO     [tempest_lib.common.rest_client] Request (TestGettingAddress:_run_cleanups): 200 GET http://10.0.2.15:8774/v2.1/a0597bc102514b17aaab5c237bc38fc3/servers/892febe8-b3f2-4269-a6dd-42b3dd843fcc 0.135s
2015-12-04 14:14:28,789 27342 DEBUG    [tempest_lib.common.rest_client] Request - Headers: {'Content-Type': 'application/json', 'Accept': 'application/json', 'X-Auth-Token': '&lt;omitted&gt;'}
        Body: None
    Response - Headers: {'status': '200', 'content-length': '1445', 'content-location': 'http://10.0.2.15:8774/v2.1/a0597bc102514b17aaab5c237bc38fc3/servers/892febe8-b3f2-4269-a6dd-42b3dd843fcc', 'x-compute-request-id': 'req-7e48946b-162d-447d-8ff8-15a082aaecad', 'vary': 'X-OpenStack-Nova-API-Version', 'connection': 'close', 'x-openstack-nova-api-version': '2.1', 'date': 'Fri, 04 Dec 2015 14:14:28 GMT', 'content-type': 'application/json'}
        Body: {"server": {"status": "DELETED", "updated": "2015-12-04T14:14:28Z", "hostId": "49382e4943e41cf0e7fe48fd6f512f759f5b7e8778d2c22ee3fb8ebb", "addresses": {}, "links": [{"href": "http://10.0.2.15:8774/v2.1/a0597bc102514b17aaab5c237bc38fc3/servers/892febe8-b3f2-4269-a6dd-42b3dd843fcc", "rel": "self"}, {"href": "http://10.0.2.15:8774/a0597bc102514b17aaab5c237bc38fc3/servers/892febe8-b3f2-4269-a6dd-42b3dd843fcc", "rel": "bookmark"}], "key_name": "tempest-TestGettingAddress-1638473541", "image": {"id": "aab18641-7c3d-4aa3-84e8-3a60434e3877", "links": [{"href": "http://10.0.2.15:8774/a0597bc102514b17aaab5c237bc38fc3/images/aab18641-7c3d-4aa3-84e8-3a60434e3877", "rel": "bookmark"}]}, "OS-EXT-STS:task_state": null, "OS-EXT-STS:vm_state": "deleted", "OS-SRV-USG:launched_at": "2015-12-04T14:10:53.000000", "flavor": {"id": "42", "links": [{"href": "http://10.0.2.15:8774/a0597bc102514b17aaab5c237bc38fc3/flavors/42", "rel": "bookmark"}]}, "id": "892febe8-b3f2-4269-a6dd-42b3dd843fcc", "OS-SRV-USG:terminated_at": "2015-12-04T14:14:28.000000", "OS-EXT-AZ:availability_zone": "nova", "user_id": "91fa975ffb3c464c8f0b27a465643d2a", "name": "tempest.common.compute-instance-2059130909", "created": "2015-12-04T14:10:49Z", "tenant_id": "a0597bc102514b17aaab5c237bc38fc3", "OS-DCF:diskConfig": "MANUAL", "os-extended-volumes:volumes_attached": [], "accessIPv4": "", "accessIPv6": "", "OS-EXT-STS:power_state": 0, "config_drive": "True", "metadata": {}}}
2015-12-04 14:14:29,911 27342 INFO     [tempest_lib.common.rest_client] Request (TestGettingAddress:_run_cleanups): 404 GET http://10.0.2.15:8774/v2.1/a0597bc102514b17aaab5c237bc38fc3/servers/892febe8-b3f2-4269-a6dd-42b3dd843fcc 0.111s
2015-12-04 14:14:29,912 27342 DEBUG    [tempest_lib.common.rest_client] Request - Headers: {'Content-Type': 'application/json', 'Accept': 'application/json', 'X-Auth-Token': '&lt;omitted&gt;'}
        Body: None
    Response - Headers: {'status': '404', 'content-length': '111', 'x-compute-request-id': 'req-a2c21e2b-8a2e-4ddc-9bf2-da4eacc64955', 'vary': 'X-OpenStack-Nova-API-Version', 'connection': 'close', 'x-openstack-nova-api-version': '2.1', 'date': 'Fri, 04 Dec 2015 14:14:29 GMT', 'content-type': 'application/json; charset=UTF-8'}
        Body: {"itemNotFound": {"message": "Instance 892febe8-b3f2-4269-a6dd-42b3dd843fcc could not be found.", "code": 404}}
2015-12-04 14:14:30,355 27342 INFO     [tempest_lib.common.rest_client] Request (TestGettingAddress:_run_cleanups): 200 PUT http://10.0.2.15:9696/v2.0/routers/0a78e2c1-16cc-48b8-898a-ecc8b0c5cc66/remove_router_interface 0.442s
2015-12-04 14:14:30,356 27342 DEBUG    [tempest_lib.common.rest_client] Request - Headers: {'Content-Type': 'application/json', 'Accept': 'application/json', 'X-Auth-Token': '&lt;omitted&gt;'}
        Body: {"subnet_id": "2d15d4d9-bc1b-4558-88bb-09f72a909698"}
    Response - Headers: {'status': '200', 'content-length': '255', 'connection': 'close', 'date': 'Fri, 04 Dec 2015 14:14:30 GMT', 'content-type': 'application/json; charset=UTF-8', 'x-openstack-request-id': 'req-6bc422e3-0a3f-46c5-a299-50b77307fa48'}
        Body: {"subnet_id": "2d15d4d9-bc1b-4558-88bb-09f72a909698", "tenant_id": "a0597bc102514b17aaab5c237bc38fc3", "subnet_ids": ["2d15d4d9-bc1b-4558-88bb-09f72a909698"], "port_id": "8574c40c-550a-4699-a9b7-a2733ff6ee85", "id": "0a78e2c1-16cc-48b8-898a-ecc8b0c5cc66"}
2015-12-04 14:14:30,756 27342 INFO     [tempest_lib.common.rest_client] Request (TestGettingAddress:_run_cleanups): 204 DELETE http://10.0.2.15:9696/v2.0/subnets/2d15d4d9-bc1b-4558-88bb-09f72a909698 0.398s
2015-12-04 14:14:30,756 27342 DEBUG    [tempest_lib.common.rest_client] Request - Headers: {'Content-Type': 'application/json', 'Accept': 'application/json', 'X-Auth-Token': '&lt;omitted&gt;'}
        Body: None
    Response - Headers: {'date': 'Fri, 04 Dec 2015 14:14:30 GMT', 'status': '204', 'connection': 'close', 'content-length': '0', 'x-openstack-request-id': 'req-645d7dc3-a3a8-4739-8014-4d48c1102048'}
        Body: 
2015-12-04 14:14:30,790 27342 INFO     [tempest_lib.common.rest_client] Request (TestGettingAddress:_run_cleanups): 404 DELETE http://10.0.2.15:9696/v2.0/subnets/2d15d4d9-bc1b-4558-88bb-09f72a909698 0.033s
2015-12-04 14:14:30,791 27342 DEBUG    [tempest_lib.common.rest_client] Request - Headers: {'Content-Type': 'application/json', 'Accept': 'application/json', 'X-Auth-Token': '&lt;omitted&gt;'}
        Body: None
    Response - Headers: {'status': '404', 'content-length': '135', 'connection': 'close', 'date': 'Fri, 04 Dec 2015 14:14:30 GMT', 'content-type': 'application/json; charset=UTF-8', 'x-openstack-request-id': 'req-e6595b51-5866-4fae-ada0-ea8384283591'}
        Body: {"NeutronError": {"message": "Subnet 2d15d4d9-bc1b-4558-88bb-09f72a909698 could not be found", "type": "SubnetNotFound", "detail": ""}}
2015-12-04 14:14:31,133 27342 INFO     [tempest_lib.common.rest_client] Request (TestGettingAddress:_run_cleanups): 200 PUT http://10.0.2.15:9696/v2.0/routers/0a78e2c1-16cc-48b8-898a-ecc8b0c5cc66/remove_router_interface 0.341s
2015-12-04 14:14:31,134 27342 DEBUG    [tempest_lib.common.rest_client] Request - Headers: {'Content-Type': 'application/json', 'Accept': 'application/json', 'X-Auth-Token': '&lt;omitted&gt;'}
        Body: {"subnet_id": "743352c5-9c4b-473a-a9f1-7ecc900f87a5"}
