<?xml version="1.0" encoding="UTF-8"?>
<!DOCTYPE html PUBLIC "-//W3C//DTD XHTML 1.0 Strict//EN"
     "http://www.w3.org/TR/xhtml1/DTD/xhtml1-strict.dtd">
<html xmlns="http://www.w3.org/1999/xhtml">
<head>
    <title>Unit Test Report</title>
    <meta name="generator" content="subunit2html 0.1"/>
    <meta http-equiv="Content-Type" content="text/html; charset=UTF-8"/>
    
<style type="text/css" media="screen">
body        { font-family: verdana, arial, helvetica, sans-serif;
    font-size: 80%; }
table       { font-size: 100%; width: 100%;}
pre         { font-size: 80%; }

/* -- heading -------------------------------------------------------------- */
h1 {
        font-size: 16pt;
        color: gray;
}
.heading {
    margin-top: 0ex;
    margin-bottom: 1ex;
}

.heading .attribute {
    margin-top: 1ex;
    margin-bottom: 0;
}

.heading .description {
    margin-top: 4ex;
    margin-bottom: 6ex;
}

/* -- css div popup -------------------------------------------------------- */
a.popup_link {
}

a.popup_link:hover {
    color: red;
}

.popup_window {
    display: none;
    overflow-x: scroll;
    /*border: solid #627173 1px; */
    padding: 10px;
    background-color: #E6E6D6;
    font-family: "Ubuntu Mono", "Lucida Console", "Courier New", monospace;
    text-align: left;
    font-size: 8pt;
}

}
/* -- report --------------------------------------------------------------- */
#show_detail_line {
    margin-top: 3ex;
    margin-bottom: 1ex;
}
#result_table {
    width: 100%;
    border-collapse: collapse;
    border: 1px solid #777;
}
#header_row {
    font-weight: bold;
    color: white;
    background-color: #777;
}
#result_table td {
    border: 1px solid #777;
    padding: 2px;
}
#total_row  { font-weight: bold; }
.passClass  { background-color: #6c6; }
.failClass  { background-color: #c60; }
.errorClass { background-color: #c00; }
.passCase   { color: #6c6; }
.failCase   { color: #c60; font-weight: bold; }
.errorCase  { color: #c00; font-weight: bold; }
.hiddenRow  { display: none; }
.testcase   { margin-left: 2em; }
td.testname {width: 40%}
td.small {width: 40px}

/* -- ending --------------------------------------------------------------- */
#ending {
}

</style>

</head>
<body>
<script language="javascript" type="text/javascript"><!--
output_list = Array();

/* level - 0:Summary; 1:Failed; 2:All */
function showCase(level) {
    trs = document.getElementsByTagName("tr");
    for (var i = 0; i < trs.length; i++) {
        tr = trs[i];
        id = tr.id;
        if (id.substr(0,2) == 'ft') {
            if (level < 1) {
                tr.className = 'hiddenRow';
            }
            else {
                tr.className = '';
            }
        }
        if (id.substr(0,2) == 'pt') {
            if (level > 1) {
                tr.className = '';
            }
            else {
                tr.className = 'hiddenRow';
            }
        }
    }
}


function showClassDetail(cid, count) {
    var id_list = Array(count);
    var toHide = 1;
    for (var i = 0; i < count; i++) {
        tid0 = 't' + cid.substr(1) + '.' + (i+1);
        tid = 'f' + tid0;
        tr = document.getElementById(tid);
        if (!tr) {
            tid = 'p' + tid0;
            tr = document.getElementById(tid);
        }
        id_list[i] = tid;
        if (tr.className) {
            toHide = 0;
        }
    }
    for (var i = 0; i < count; i++) {
        tid = id_list[i];
        if (toHide) {
            document.getElementById('div_'+tid).style.display = 'none'
            document.getElementById(tid).className = 'hiddenRow';
        }
        else {
            document.getElementById(tid).className = '';
        }
    }
}


function showTestDetail(div_id){
    var details_div = document.getElementById(div_id)
    var displayState = details_div.style.display
    // alert(displayState)
    if (displayState != 'block' ) {
        displayState = 'block'
        details_div.style.display = 'block'
    }
    else {
        details_div.style.display = 'none'
    }
}


function html_escape(s) {
    s = s.replace(/&/g,'&amp;');
    s = s.replace(/</g,'&lt;');
    s = s.replace(/>/g,'&gt;');
    return s;
}

/* obsoleted by detail in <div>
function showOutput(id, name) {
    var w = window.open("", //url
                    name,
                    "resizable,scrollbars,status,width=800,height=450");
    d = w.document;
    d.write("<pre>");
    d.write(html_escape(output_list[id]));
    d.write("\n");
    d.write("<a href='javascript:window.close()'>close</a>\n");
    d.write("</pre>\n");
    d.close();
}
*/
--></script>

<div class='heading'>
<h1>Unit Test Report</h1>

<p class='attribute'><strong>Status:</strong> Pass 2 Failure 6</p>

<p class='description'></p>
</div>



<p id='show_detail_line'>Show
<a href='javascript:showCase(0)'>Summary</a>
<a href='javascript:showCase(1)'>Failed</a>
<a href='javascript:showCase(2)'>All</a>
</p>
<table id='result_table'>
<colgroup>
<col align='left' />
<col align='right' />
<col align='right' />
<col align='right' />
<col align='right' />
<col align='right' />
<col align='right' />
<col align='right' />
</colgroup>
<tr id='header_row'>
    <td>Test Group/Test case</td>
    <td>Count</td>
    <td>Pass</td>
    <td>Fail</td>
    <td>Error</td>
    <td>Skip</td>
    <td>View</td>
    <td> </td>
</tr>

<tr class='failClass'>
    <td class="testname">tempest.scenario.test_network_v6.TestGettingAddress</td>
    <td class="small">8</td>
    <td class="small">2</td>
    <td class="small">6</td>
    <td class="small">0</td>
    <td class="small">0</td>
    <td class="small"><a href="javascript:showClassDetail('c1',8)"
>Detail</a></td>
    <td> </td>
</tr>

<tr id='ft1.1' class='none'>
    <td class='failCase'><div class='testcase'>test_dhcp6_stateless_from_os[compute,id-d7e1f858-187c-45a6-89c9-bdafde619a9f,network]</div></td>
    <td colspan='7' align='left'>

    <!--css div popup start-->
    <a class="popup_link" onfocus='this.blur();'
    href="javascript:showTestDetail('div_ft1.1')" >
        fail</a>

    <div id='div_ft1.1' class="popup_window">
        <div style='text-align: right; color:red;cursor:pointer'>
        <a onfocus='this.blur();'
onclick="document.getElementById('div_ft1.1').style.display = 'none' " >
           [x]</a>
        </div>
        <pre>
        
ft1.1: tempest.scenario.test_network_v6.TestGettingAddress.test_dhcp6_stateless_from_os[compute,id-d7e1f858-187c-45a6-89c9-bdafde619a9f,network]_StringException: Empty attachments:
  stderr
  stdout

pythonlogging:'': {{{
2015-12-05 03:05:33,787 27560 INFO     [tempest_lib.common.rest_client] Request (TestGettingAddress:setUp): 200 POST http://10.0.2.15:8774/v2.1/df61bfd96757490fbce4e986c4c5c116/os-keypairs 0.442s
2015-12-05 03:05:33,787 27560 DEBUG    [tempest_lib.common.rest_client] Request - Headers: {'Content-Type': 'application/json', 'Accept': 'application/json', 'X-Auth-Token': '&lt;omitted&gt;'}
        Body: {"keypair": {"name": "tempest-TestGettingAddress-503304056"}}
    Response - Headers: {'status': '200', 'content-length': '2323', 'x-compute-request-id': 'req-1b51ff80-1100-4248-92c1-41d25f567e1f', 'vary': 'X-OpenStack-Nova-API-Version', 'connection': 'close', 'x-openstack-nova-api-version': '2.1', 'date': 'Sat, 05 Dec 2015 03:05:33 GMT', 'content-type': 'application/json'}
        Body: {"keypair": {"public_key": "ssh-rsa AAAAB3NzaC1yc2EAAAADAQABAAABAQDOhyhJgQvKQBDmAOrk7zTHMdvJal1hmTKfKg9QhxIcQNn3H2XU++9KdcKUln3AM36sHzi2os+jZc61xWTJLShBfQEAl3nsqxUCIiAlbdVbAgMcJrtBdGSM3275m45jpo65tL4QLO6MC/hcbA0/8o5Hewyf+9w6CtoDs2gAQQAalA77EyKlfok2iQZyvWrNXUljgfyboqJIY33GCs9g8Ie7vvGiSQf60pP/XObho8OJjCQ2IZQr4i9jldKwynC+9Ae2khZn1RjwDBiGLwWgkSo4iPPDna+Qa768Cl8RAOeqAs7nxA2KwldQljDBjs193oJ8uZoAkI0eDgtBXpCAPnk1 Generated-by-Nova", "private_key": "-----BEGIN RSA PRIVATE KEY-----\nMIIEqgIBAAKCAQEAzocoSYELykAQ5gDq5O80xzHbyWpdYZkynyoPUIcSHEDZ9x9l\n1PvvSnXClJZ9wDN+rB84tqLPo2XOtcVkyS0oQX0BAJd57KsVAiIgJW3VWwIDHCa7\nQXRkjN9u+ZuOY6aOubS+ECzujAv4XGwNP/KOR3sMn/vcOgraA7NoAEEAGpQO+xMi\npX6JNokGcr1qzV1JY4H8m6KiSGN9xgrPYPCHu77xokkH+tKT/1zm4aPDiYwkNiGU\nK+IvY5XSsMpwvvQHtpIWZ9UY8AwYhi8FoJEqOIjzw52vkGu+vApfEQDnqgLO58QN\nisJXUJYwwY7Nfd6CfLmaAJCNHg4LQV6QgD55NQIDAQABAoIBAQCu9ULE2iSBxrpK\nDtbu8FH2uZ8mxwuqpZyDx57HqlVGSA4eUqPyxSaXHqGjPMX07+rMp3plBhH+qz1t\nMXbLEo06xUn3FVu9icU3VG+FJcGL4m1+CLWzooWX7aRWolgCxVO9sIceruG7FFzm\n9sZWuQWdOnmcgkGzjgPZBMADDw2mdOdUsnm9pxr7sZbw/w29AN78NmwMd0KtGghC\nGWAXB1uGjJNmFT91I3DuJPApH7kkknXr0SfVPEBTwrQNq+pwPLIbKEvDibHevn1t\nc9UbyjJvaS89Xy65/+cznY6HCwE4R4tMvN6CO2F5XbXD729yrcdW+Hno1/IYHOmf\n7y4natYVAoIAgQDd/Ag8gZj0f2ygyLxvYM9AbzixqPksHDiVFgox0/YJLZMbonWj\nP+U0WjV0k8BDtHGlL1VR/AQ9aiaANNt9MFaofXVsMl7iENjFe0Dx+6sevLM7Yp8F\nsIew2TEFlAEGU3VAV5fDa3pRP9+WejJYPIsBgeAvK0hGYFJtJ73MM+t9SwKCAIEA\n7izMe2TpwD+84sb03/En+EQ7BAtnQXd8T3sOOx8nymS6DxS0xhJq3y8Cwnw4i0Vj\nfJFNxAJDcf/pyGxk9NtQZfz36SLqATdCppJkSYfJqbQ2Cq7rV8dk5RN6ZNVRG2PD\nwJdyzOLTmwyI66fqUJG7e4kQSzWNWsHjLBfOuqrkU38CggCBAMBLx8bCbYG/sJZH\nzhSdxGuI7Y/ZVKCFge6EPSiU+RlSRZE21rkobKFBU/U82NzNv3Tc4Ag5TGL3RYri\nPxDfgvJKXCHyMIedGGtaLhRxcvcZeBoFgMQo/CKSwwiWAZ09RuEKAAnlXPxtXH66\nNEqDh9cybsXttJpiboToXF48y86pAoIAgQDPtZ32lsEL+gn+M8hmbGeRKd/V3SQF\ngfCVWBnHEZqf9UwVztcAThuJ2/OqLK8bNj5W6llJcTfkeWwmb/FzYLgy2XRSizJM\nMScdIVn4jkUejJz8oCN5/9hLtrrsqOP84PpcQTfK2p3z//CAo4XDEfTQ/W2KSX+n\nAKPfVjvhqxtIfQKCAIBOLzskKmf2MzQINNHGk1CvhMC6TrA+mzasxm1ogGXp+tQz\ncicaEsTgY5VG9srXbEy7qKi0LoIzkg0LFu6QOt+LaqhQM4EY7OtR5KfEoqeEV2er\nTWNLIigCMNEg9olLS030kBQIMvMRPx0UmlonUTQT9mBLh0kfabJqXkv3bP/z8g==\n-----END RSA PRIVATE KEY-----\n", "user_id": "89ac43fc39a54f0c9238510443c61abb", "name": "tempest-TestGettingAddress-503304056", "fingerprint": "44:e0:e8:fc:31:03:87:88:be:6d:79:5d:e4:02:4d:a9"}}
2015-12-05 03:05:34,047 27560 INFO     [tempest_lib.common.rest_client] Request (TestGettingAddress:setUp): 201 POST http://10.0.2.15:9696/v2.0/security-groups 0.256s
2015-12-05 03:05:34,047 27560 DEBUG    [tempest_lib.common.rest_client] Request - Headers: {'Content-Type': 'application/json', 'Accept': 'application/json', 'X-Auth-Token': '&lt;omitted&gt;'}
        Body: {"security_group": {"tenant_id": "df61bfd96757490fbce4e986c4c5c116", "description": "tempest-secgroup-smoke-137299492 description", "name": "tempest-secgroup-smoke-137299492"}}
    Response - Headers: {'status': '201', 'content-length': '886', 'connection': 'close', 'date': 'Sat, 05 Dec 2015 03:05:34 GMT', 'content-type': 'application/json; charset=UTF-8', 'x-openstack-request-id': 'req-f4c23e3c-3a0e-4917-8652-dfd34051dab7'}
        Body: {"security_group": {"tenant_id": "df61bfd96757490fbce4e986c4c5c116", "description": "tempest-secgroup-smoke-137299492 description", "id": "22c6dd3e-8067-49bc-9511-c48b51b6bc06", "security_group_rules": [{"remote_group_id": null, "direction": "egress", "remote_ip_prefix": null, "protocol": null, "ethertype": "IPv4", "tenant_id": "df61bfd96757490fbce4e986c4c5c116", "port_range_max": null, "port_range_min": null, "id": "4b82eb28-4d3f-4bfb-8001-62e92bd17ed3", "security_group_id": "22c6dd3e-8067-49bc-9511-c48b51b6bc06"}, {"remote_group_id": null, "direction": "egress", "remote_ip_prefix": null, "protocol": null, "ethertype": "IPv6", "tenant_id": "df61bfd96757490fbce4e986c4c5c116", "port_range_max": null, "port_range_min": null, "id": "d9c8ad79-868d-4a5f-90fd-11fa6ef989a9", "security_group_id": "22c6dd3e-8067-49bc-9511-c48b51b6bc06"}], "name": "tempest-secgroup-smoke-137299492"}}
2015-12-05 03:05:34,136 27560 INFO     [tempest_lib.common.rest_client] Request (TestGettingAddress:setUp): 201 POST http://10.0.2.15:9696/v2.0/security-group-rules 0.088s
2015-12-05 03:05:34,136 27560 DEBUG    [tempest_lib.common.rest_client] Request - Headers: {'Content-Type': 'application/json', 'Accept': 'application/json', 'X-Auth-Token': '&lt;omitted&gt;'}
        Body: {"security_group_rule": {"direction": "ingress", "protocol": "tcp", "tenant_id": "df61bfd96757490fbce4e986c4c5c116", "port_range_max": 22, "security_group_id": "22c6dd3e-8067-49bc-9511-c48b51b6bc06", "port_range_min": 22}}
    Response - Headers: {'status': '201', 'content-length': '340', 'connection': 'close', 'date': 'Sat, 05 Dec 2015 03:05:34 GMT', 'content-type': 'application/json; charset=UTF-8', 'x-openstack-request-id': 'req-235f7acb-c22a-4a37-8c4c-06e4ebd7a0fd'}
        Body: {"security_group_rule": {"remote_group_id": null, "direction": "ingress", "remote_ip_prefix": null, "protocol": "tcp", "ethertype": "IPv4", "tenant_id": "df61bfd96757490fbce4e986c4c5c116", "port_range_max": 22, "port_range_min": 22, "id": "51419073-94c7-4a27-bf96-c57b409f45d8", "security_group_id": "22c6dd3e-8067-49bc-9511-c48b51b6bc06"}}
2015-12-05 03:05:34,224 27560 INFO     [tempest_lib.common.rest_client] Request (TestGettingAddress:setUp): 201 POST http://10.0.2.15:9696/v2.0/security-group-rules 0.086s
2015-12-05 03:05:34,224 27560 DEBUG    [tempest_lib.common.rest_client] Request - Headers: {'Content-Type': 'application/json', 'Accept': 'application/json', 'X-Auth-Token': '&lt;omitted&gt;'}
        Body: {"security_group_rule": {"direction": "egress", "protocol": "tcp", "tenant_id": "df61bfd96757490fbce4e986c4c5c116", "port_range_max": 22, "security_group_id": "22c6dd3e-8067-49bc-9511-c48b51b6bc06", "port_range_min": 22}}
    Response - Headers: {'status': '201', 'content-length': '339', 'connection': 'close', 'date': 'Sat, 05 Dec 2015 03:05:34 GMT', 'content-type': 'application/json; charset=UTF-8', 'x-openstack-request-id': 'req-8c22c6ff-32e9-4029-950a-f15e858be224'}
        Body: {"security_group_rule": {"remote_group_id": null, "direction": "egress", "remote_ip_prefix": null, "protocol": "tcp", "ethertype": "IPv4", "tenant_id": "df61bfd96757490fbce4e986c4c5c116", "port_range_max": 22, "port_range_min": 22, "id": "4772839b-6be2-4d2c-b454-5fd58b4f3cf2", "security_group_id": "22c6dd3e-8067-49bc-9511-c48b51b6bc06"}}
2015-12-05 03:05:34,312 27560 INFO     [tempest_lib.common.rest_client] Request (TestGettingAddress:setUp): 201 POST http://10.0.2.15:9696/v2.0/security-group-rules 0.087s
2015-12-05 03:05:34,313 27560 DEBUG    [tempest_lib.common.rest_client] Request - Headers: {'Content-Type': 'application/json', 'Accept': 'application/json', 'X-Auth-Token': '&lt;omitted&gt;'}
        Body: {"security_group_rule": {"tenant_id": "df61bfd96757490fbce4e986c4c5c116", "direction": "ingress", "protocol": "icmp", "security_group_id": "22c6dd3e-8067-49bc-9511-c48b51b6bc06"}}
    Response - Headers: {'status': '201', 'content-length': '345', 'connection': 'close', 'date': 'Sat, 05 Dec 2015 03:05:34 GMT', 'content-type': 'application/json; charset=UTF-8', 'x-openstack-request-id': 'req-2435dcae-6bd2-4a1e-b6a0-f9fa96295b9e'}
        Body: {"security_group_rule": {"remote_group_id": null, "direction": "ingress", "remote_ip_prefix": null, "protocol": "icmp", "ethertype": "IPv4", "tenant_id": "df61bfd96757490fbce4e986c4c5c116", "port_range_max": null, "port_range_min": null, "id": "672e1eed-4464-472f-b10b-1dbbe51410d0", "security_group_id": "22c6dd3e-8067-49bc-9511-c48b51b6bc06"}}
2015-12-05 03:05:34,400 27560 INFO     [tempest_lib.common.rest_client] Request (TestGettingAddress:setUp): 201 POST http://10.0.2.15:9696/v2.0/security-group-rules 0.087s
2015-12-05 03:05:34,401 27560 DEBUG    [tempest_lib.common.rest_client] Request - Headers: {'Content-Type': 'application/json', 'Accept': 'application/json', 'X-Auth-Token': '&lt;omitted&gt;'}
        Body: {"security_group_rule": {"tenant_id": "df61bfd96757490fbce4e986c4c5c116", "direction": "egress", "protocol": "icmp", "security_group_id": "22c6dd3e-8067-49bc-9511-c48b51b6bc06"}}
    Response - Headers: {'status': '201', 'content-length': '344', 'connection': 'close', 'date': 'Sat, 05 Dec 2015 03:05:34 GMT', 'content-type': 'application/json; charset=UTF-8', 'x-openstack-request-id': 'req-e0b82c1b-4144-48a4-8714-c45645ae2e8b'}
        Body: {"security_group_rule": {"remote_group_id": null, "direction": "egress", "remote_ip_prefix": null, "protocol": "icmp", "ethertype": "IPv4", "tenant_id": "df61bfd96757490fbce4e986c4c5c116", "port_range_max": null, "port_range_min": null, "id": "b89e9e52-6f7d-4073-99a2-1db6c0c56c88", "security_group_id": "22c6dd3e-8067-49bc-9511-c48b51b6bc06"}}
2015-12-05 03:05:34,492 27560 INFO     [tempest_lib.common.rest_client] Request (TestGettingAddress:setUp): 201 POST http://10.0.2.15:9696/v2.0/security-group-rules 0.090s
2015-12-05 03:05:34,492 27560 DEBUG    [tempest_lib.common.rest_client] Request - Headers: {'Content-Type': 'application/json', 'Accept': 'application/json', 'X-Auth-Token': '&lt;omitted&gt;'}
        Body: {"security_group_rule": {"tenant_id": "df61bfd96757490fbce4e986c4c5c116", "direction": "ingress", "security_group_id": "22c6dd3e-8067-49bc-9511-c48b51b6bc06", "protocol": "icmp", "ethertype": "IPv6"}}
    Response - Headers: {'status': '201', 'content-length': '345', 'connection': 'close', 'date': 'Sat, 05 Dec 2015 03:05:34 GMT', 'content-type': 'application/json; charset=UTF-8', 'x-openstack-request-id': 'req-e244dc83-ca59-4af5-9995-b7135700f04c'}
        Body: {"security_group_rule": {"remote_group_id": null, "direction": "ingress", "remote_ip_prefix": null, "protocol": "icmp", "ethertype": "IPv6", "tenant_id": "df61bfd96757490fbce4e986c4c5c116", "port_range_max": null, "port_range_min": null, "id": "31db5bcf-028d-4583-8aaa-5ad9429bcfb2", "security_group_id": "22c6dd3e-8067-49bc-9511-c48b51b6bc06"}}
2015-12-05 03:05:34,603 27560 INFO     [tempest_lib.common.rest_client] Request (TestGettingAddress:setUp): 201 POST http://10.0.2.15:9696/v2.0/security-group-rules 0.109s
2015-12-05 03:05:34,603 27560 DEBUG    [tempest_lib.common.rest_client] Request - Headers: {'Content-Type': 'application/json', 'Accept': 'application/json', 'X-Auth-Token': '&lt;omitted&gt;'}
        Body: {"security_group_rule": {"tenant_id": "df61bfd96757490fbce4e986c4c5c116", "direction": "egress", "security_group_id": "22c6dd3e-8067-49bc-9511-c48b51b6bc06", "protocol": "icmp", "ethertype": "IPv6"}}
    Response - Headers: {'status': '201', 'content-length': '344', 'connection': 'close', 'date': 'Sat, 05 Dec 2015 03:05:34 GMT', 'content-type': 'application/json; charset=UTF-8', 'x-openstack-request-id': 'req-b4fdb53f-b456-448d-961d-c823ed70ea1f'}
        Body: {"security_group_rule": {"remote_group_id": null, "direction": "egress", "remote_ip_prefix": null, "protocol": "icmp", "ethertype": "IPv6", "tenant_id": "df61bfd96757490fbce4e986c4c5c116", "port_range_max": null, "port_range_min": null, "id": "f7c49434-d7c3-4dec-a75a-2b50faabfe1b", "security_group_id": "22c6dd3e-8067-49bc-9511-c48b51b6bc06"}}
2015-12-05 03:05:34,737 27560 INFO     [tempest_lib.common.rest_client] Request (TestGettingAddress:test_dhcp6_stateless_from_os): 201 POST http://10.0.2.15:9696/v2.0/networks 0.131s
2015-12-05 03:05:34,738 27560 DEBUG    [tempest_lib.common.rest_client] Request - Headers: {'Content-Type': 'application/json', 'Accept': 'application/json', 'X-Auth-Token': '&lt;omitted&gt;'}
        Body: {"network": {"tenant_id": "df61bfd96757490fbce4e986c4c5c116", "name": "tempest-network-smoke--2030403188"}}
    Response - Headers: {'status': '201', 'content-length': '296', 'connection': 'close', 'date': 'Sat, 05 Dec 2015 03:05:34 GMT', 'content-type': 'application/json; charset=UTF-8', 'x-openstack-request-id': 'req-57ab70a1-c6c5-4d2c-b0df-6cffb3375cb6'}
        Body: {"network": {"status": "ACTIVE", "subnets": [], "name": "tempest-network-smoke--2030403188", "admin_state_up": true, "tenant_id": "df61bfd96757490fbce4e986c4c5c116", "mtu": 0, "router:external": false, "shared": false, "port_security_enabled": true, "id": "59bff79e-3174-464d-a5c4-15a6ef5465bc"}}
2015-12-05 03:05:34,898 27560 INFO     [tempest_lib.common.rest_client] Request (TestGettingAddress:test_dhcp6_stateless_from_os): 200 GET http://10.0.2.15:9696/v2.0/subnets?tenant_id=df61bfd96757490fbce4e986c4c5c116&amp;cidr=10.100.0.0%2F28 0.157s
2015-12-05 03:05:34,898 27560 DEBUG    [tempest_lib.common.rest_client] Request - Headers: {'Content-Type': 'application/json', 'Accept': 'application/json', 'X-Auth-Token': '&lt;omitted&gt;'}
        Body: None
    Response - Headers: {'status': '200', 'content-length': '15', 'content-location': 'http://10.0.2.15:9696/v2.0/subnets?tenant_id=df61bfd96757490fbce4e986c4c5c116&amp;cidr=10.100.0.0%2F28', 'connection': 'close', 'date': 'Sat, 05 Dec 2015 03:05:34 GMT', 'content-type': 'application/json; charset=UTF-8', 'x-openstack-request-id': 'req-2b280407-4d70-4b52-9447-e3afe570ebc8'}
        Body: {"subnets": []}
2015-12-05 03:05:35,178 27560 INFO     [tempest_lib.common.rest_client] Request (TestGettingAddress:test_dhcp6_stateless_from_os): 201 POST http://10.0.2.15:9696/v2.0/subnets 0.278s
2015-12-05 03:05:35,179 27560 DEBUG    [tempest_lib.common.rest_client] Request - Headers: {'Content-Type': 'application/json', 'Accept': 'application/json', 'X-Auth-Token': '&lt;omitted&gt;'}
        Body: {"subnet": {"ip_version": 4, "tenant_id": "df61bfd96757490fbce4e986c4c5c116", "cidr": "10.100.0.0/28", "network_id": "59bff79e-3174-464d-a5c4-15a6ef5465bc", "name": "tempest-sub4-1132228996"}}
    Response - Headers: {'status': '201', 'content-length': '470', 'connection': 'close', 'date': 'Sat, 05 Dec 2015 03:05:35 GMT', 'content-type': 'application/json; charset=UTF-8', 'x-openstack-request-id': 'req-ee330c40-0a16-4530-b86f-59bcb515d838'}
        Body: {"subnet": {"name": "tempest-sub4-1132228996", "enable_dhcp": true, "network_id": "59bff79e-3174-464d-a5c4-15a6ef5465bc", "tenant_id": "df61bfd96757490fbce4e986c4c5c116", "dns_nameservers": [], "gateway_ip": "10.100.0.1", "ipv6_ra_mode": null, "allocation_pools": [{"start": "10.100.0.2", "end": "10.100.0.14"}], "host_routes": [], "ip_version": 4, "ipv6_address_mode": null, "cidr": "10.100.0.0/28", "id": "5b7aa0ba-2d7e-4948-a043-5f8f93b89932", "subnetpool_id": null}}
2015-12-05 03:05:35,244 27560 INFO     [tempest_lib.common.rest_client] Request (TestGettingAddress:test_dhcp6_stateless_from_os): 201 POST http://10.0.2.15:9696/v2.0/routers 0.063s
2015-12-05 03:05:35,244 27560 DEBUG    [tempest_lib.common.rest_client] Request - Headers: {'Content-Type': 'application/json', 'Accept': 'application/json', 'X-Auth-Token': '&lt;omitted&gt;'}
        Body: {"router": {"tenant_id": "df61bfd96757490fbce4e986c4c5c116", "name": "tempest-router-smoke-1391192845", "admin_state_up": true}}
    Response - Headers: {'status': '201', 'content-length': '239', 'connection': 'close', 'date': 'Sat, 05 Dec 2015 03:05:35 GMT', 'content-type': 'application/json; charset=UTF-8', 'x-openstack-request-id': 'req-88c792a8-683b-4587-b632-bb24e3c74487'}
        Body: {"router": {"status": "ACTIVE", "external_gateway_info": null, "name": "tempest-router-smoke-1391192845", "admin_state_up": true, "tenant_id": "df61bfd96757490fbce4e986c4c5c116", "routes": [], "id": "e0b4731f-fa59-47d2-8b02-f4971d115043"}}
2015-12-05 03:05:35,283 27560 INFO     [tempest_lib.common.rest_client] Request (TestGettingAddress:test_dhcp6_stateless_from_os): 200 GET http://10.0.2.15:9696/v2.0/routers/e0b4731f-fa59-47d2-8b02-f4971d115043 0.038s
2015-12-05 03:05:35,284 27560 DEBUG    [tempest_lib.common.rest_client] Request - Headers: {'Content-Type': 'application/json', 'Accept': 'application/json', 'X-Auth-Token': '&lt;omitted&gt;'}
        Body: None
    Response - Headers: {'status': '200', 'content-length': '239', 'content-location': 'http://10.0.2.15:9696/v2.0/routers/e0b4731f-fa59-47d2-8b02-f4971d115043', 'connection': 'close', 'date': 'Sat, 05 Dec 2015 03:05:35 GMT', 'content-type': 'application/json; charset=UTF-8', 'x-openstack-request-id': 'req-050f508d-9b9f-4d14-b3d4-ced247877a74'}
        Body: {"router": {"status": "ACTIVE", "external_gateway_info": null, "name": "tempest-router-smoke-1391192845", "admin_state_up": true, "tenant_id": "df61bfd96757490fbce4e986c4c5c116", "routes": [], "id": "e0b4731f-fa59-47d2-8b02-f4971d115043"}}
2015-12-05 03:05:35,801 27560 INFO     [tempest_lib.common.rest_client] Request (TestGettingAddress:test_dhcp6_stateless_from_os): 200 PUT http://10.0.2.15:9696/v2.0/routers/e0b4731f-fa59-47d2-8b02-f4971d115043 0.516s
2015-12-05 03:05:35,802 27560 DEBUG    [tempest_lib.common.rest_client] Request - Headers: {'Content-Type': 'application/json', 'Accept': 'application/json', 'X-Auth-Token': '&lt;omitted&gt;'}
        Body: {"router": {"external_gateway_info": {"network_id": "90a331a6-4c06-4ba4-831c-c642590a2e80"}, "name": "tempest-router-smoke-1391192845", "admin_state_up": true}}
    Response - Headers: {'status': '200', 'content-length': '501', 'connection': 'close', 'date': 'Sat, 05 Dec 2015 03:05:35 GMT', 'content-type': 'application/json; charset=UTF-8', 'x-openstack-request-id': 'req-143b2081-5c69-4fc3-94b4-52c816ee496e'}
        Body: {"router": {"status": "ACTIVE", "external_gateway_info": {"network_id": "90a331a6-4c06-4ba4-831c-c642590a2e80", "enable_snat": true, "external_fixed_ips": [{"subnet_id": "1c5cbf52-ae90-4f03-a0d4-cc3c639bc45c", "ip_address": "172.24.4.3"}, {"subnet_id": "3f529d24-adb6-4df4-8e59-ace2072f1dbf", "ip_address": "2001:db8::4"}]}, "name": "tempest-router-smoke-1391192845", "admin_state_up": true, "tenant_id": "df61bfd96757490fbce4e986c4c5c116", "routes": [], "id": "e0b4731f-fa59-47d2-8b02-f4971d115043"}}
2015-12-05 03:05:36,459 27560 INFO     [tempest_lib.common.rest_client] Request (TestGettingAddress:test_dhcp6_stateless_from_os): 200 PUT http://10.0.2.15:9696/v2.0/routers/e0b4731f-fa59-47d2-8b02-f4971d115043/add_router_interface 0.657s
2015-12-05 03:05:36,459 27560 DEBUG    [tempest_lib.common.rest_client] Request - Headers: {'Content-Type': 'application/json', 'Accept': 'application/json', 'X-Auth-Token': '&lt;omitted&gt;'}
        Body: {"subnet_id": "5b7aa0ba-2d7e-4948-a043-5f8f93b89932"}
    Response - Headers: {'status': '200', 'content-length': '255', 'connection': 'close', 'date': 'Sat, 05 Dec 2015 03:05:36 GMT', 'content-type': 'application/json; charset=UTF-8', 'x-openstack-request-id': 'req-14c2f149-dc52-4ffe-91ed-a2c5bdeb2c8e'}
        Body: {"subnet_id": "5b7aa0ba-2d7e-4948-a043-5f8f93b89932", "tenant_id": "df61bfd96757490fbce4e986c4c5c116", "subnet_ids": ["5b7aa0ba-2d7e-4948-a043-5f8f93b89932"], "port_id": "a878a44f-1a08-421d-8b34-e810b4c1327b", "id": "e0b4731f-fa59-47d2-8b02-f4971d115043"}
2015-12-05 03:05:36,633 27560 INFO     [tempest_lib.common.rest_client] Request (TestGettingAddress:test_dhcp6_stateless_from_os): 200 GET http://10.0.2.15:9696/v2.0/subnets?tenant_id=df61bfd96757490fbce4e986c4c5c116&amp;cidr=2003%3A%3A%2F64 0.172s
2015-12-05 03:05:36,633 27560 DEBUG    [tempest_lib.common.rest_client] Request - Headers: {'Content-Type': 'application/json', 'Accept': 'application/json', 'X-Auth-Token': '&lt;omitted&gt;'}
        Body: None
    Response - Headers: {'status': '200', 'content-length': '15', 'content-location': 'http://10.0.2.15:9696/v2.0/subnets?tenant_id=df61bfd96757490fbce4e986c4c5c116&amp;cidr=2003%3A%3A%2F64', 'connection': 'close', 'date': 'Sat, 05 Dec 2015 03:05:36 GMT', 'content-type': 'application/json; charset=UTF-8', 'x-openstack-request-id': 'req-e2f20ba1-f28c-4b27-b87a-1633686768e3'}
        Body: {"subnets": []}
2015-12-05 03:05:36,974 27560 INFO     [tempest_lib.common.rest_client] Request (TestGettingAddress:test_dhcp6_stateless_from_os): 201 POST http://10.0.2.15:9696/v2.0/subnets 0.339s
2015-12-05 03:05:36,974 27560 DEBUG    [tempest_lib.common.rest_client] Request - Headers: {'Content-Type': 'application/json', 'Accept': 'application/json', 'X-Auth-Token': '&lt;omitted&gt;'}
        Body: {"subnet": {"name": "tempest-sub6-993957279", "network_id": "59bff79e-3174-464d-a5c4-15a6ef5465bc", "tenant_id": "df61bfd96757490fbce4e986c4c5c116", "ipv6_ra_mode": "dhcpv6-stateless", "ip_version": 6, "ipv6_address_mode": "dhcpv6-stateless", "cidr": "2003::/64"}}
    Response - Headers: {'status': '201', 'content-length': '501', 'connection': 'close', 'date': 'Sat, 05 Dec 2015 03:05:36 GMT', 'content-type': 'application/json; charset=UTF-8', 'x-openstack-request-id': 'req-39f01d5b-95bc-48a5-8652-e4ed681990e7'}
        Body: {"subnet": {"name": "tempest-sub6-993957279", "enable_dhcp": true, "network_id": "59bff79e-3174-464d-a5c4-15a6ef5465bc", "tenant_id": "df61bfd96757490fbce4e986c4c5c116", "dns_nameservers": [], "gateway_ip": "2003::1", "ipv6_ra_mode": "dhcpv6-stateless", "allocation_pools": [{"start": "2003::2", "end": "2003::ffff:ffff:ffff:ffff"}], "host_routes": [], "ip_version": 6, "ipv6_address_mode": "dhcpv6-stateless", "cidr": "2003::/64", "id": "05ed485f-692d-435c-ab29-3fac48674a63", "subnetpool_id": null}}
2015-12-05 03:05:37,596 27560 INFO     [tempest_lib.common.rest_client] Request (TestGettingAddress:test_dhcp6_stateless_from_os): 200 PUT http://10.0.2.15:9696/v2.0/routers/e0b4731f-fa59-47d2-8b02-f4971d115043/add_router_interface 0.620s
2015-12-05 03:05:37,597 27560 DEBUG    [tempest_lib.common.rest_client] Request - Headers: {'Content-Type': 'application/json', 'Accept': 'application/json', 'X-Auth-Token': '&lt;omitted&gt;'}
        Body: {"subnet_id": "05ed485f-692d-435c-ab29-3fac48674a63"}
    Response - Headers: {'status': '200', 'content-length': '255', 'connection': 'close', 'date': 'Sat, 05 Dec 2015 03:05:37 GMT', 'content-type': 'application/json; charset=UTF-8', 'x-openstack-request-id': 'req-378ff7d9-19e9-44d7-9815-9c5ab152cb45'}
        Body: {"subnet_id": "05ed485f-692d-435c-ab29-3fac48674a63", "tenant_id": "df61bfd96757490fbce4e986c4c5c116", "subnet_ids": ["05ed485f-692d-435c-ab29-3fac48674a63"], "port_id": "3fb476af-2589-46fb-aa16-025710acef80", "id": "e0b4731f-fa59-47d2-8b02-f4971d115043"}
2015-12-05 03:05:37,706 27560 INFO     [tempest_lib.common.rest_client] Request (TestGettingAddress:test_dhcp6_stateless_from_os): 200 POST http://10.0.2.15:5000/v2.0/tokens
2015-12-05 03:05:37,707 27560 DEBUG    [tempest_lib.common.rest_client] Request - Headers: {'Content-Type': 'application/json', 'Accept': 'application/json'}
        Body: &lt;omitted&gt;
    Response - Headers: {'status': '200', 'content-length': '2526', 'vary': 'X-Auth-Token', 'server': 'Apache/2.4.7 (Ubuntu)', 'connection': 'close', 'date': 'Sat, 05 Dec 2015 03:05:37 GMT', 'content-type': 'application/json', 'x-openstack-request-id': 'req-b1b5144a-7627-4e85-8f33-e6181f4e339e'}
        Body: {"access": {"token": {"issued_at": "2015-12-05T03:05:37.693834", "expires": "2015-12-05T04:05:37Z", "id": "b21e65fbf3c14813b31d50babd8e601b", "tenant": {"description": "tempest-TestGettingAddress-1344073177-desc", "enabled": true, "id": "df61bfd96757490fbce4e986c4c5c116", "name": "tempest-TestGettingAddress-1344073177"}, "audit_ids": ["B3Ed2whLQQi5OzpayBbwdA"]}, "serviceCatalog": [{"endpoints": [{"adminURL": "http://10.0.2.15:8774/v2.1/df61bfd96757490fbce4e986c4c5c116", "region": "RegionOne", "internalURL": "http://10.0.2.15:8774/v2.1/df61bfd96757490fbce4e986c4c5c116", "id": "22dceac120994b6cb3a439c4520ce6fa", "publicURL": "http://10.0.2.15:8774/v2.1/df61bfd96757490fbce4e986c4c5c116"}], "endpoints_links": [], "type": "compute", "name": "nova"}, {"endpoints": [{"adminURL": "http://10.0.2.15:9696/", "region": "RegionOne", "internalURL": "http://10.0.2.15:9696/", "id": "4deb1353b2464fc6952c17db495acbb8", "publicURL": "http://10.0.2.15:9696/"}], "endpoints_links": [], "type": "network", "name": "neutron"}, {"endpoints": [{"adminURL": "http://10.0.2.15:9292", "region": "RegionOne", "internalURL": "http://10.0.2.15:9292", "id": "0371fece50c8453ebd650b75dd5616af", "publicURL": "http://10.0.2.15:9292"}], "endpoints_links": [], "type": "image", "name": "glance"}, {"endpoints": [{"adminURL": "http://10.0.2.15:8774/v2/df61bfd96757490fbce4e986c4c5c116", "region": "RegionOne", "internalURL": "http://10.0.2.15:8774/v2/df61bfd96757490fbce4e986c4c5c116", "id": "5f0195bf27b5441899bd5bb87ba6fd68", "publicURL": "http://10.0.2.15:8774/v2/df61bfd96757490fbce4e986c4c5c116"}], "endpoints_links": [], "type": "compute_legacy", "name": "nova_legacy"}, {"endpoints": [{"adminURL": "http://10.0.2.15:8773/", "region": "RegionOne", "internalURL": "http://10.0.2.15:8773/", "id": "00bf41ff0dba4cfdbb62aaa9cfe4bcf1", "publicURL": "http://10.0.2.15:8773/"}], "endpoints_links": [], "type": "ec2", "name": "ec2"}, {"endpoints": [{"adminURL": "http://10.0.2.15:35357/v2.0", "region": "RegionOne", "internalURL": "http://10.0.2.15:5000/v2.0", "id": "bd7f75b8b8c345babf7a33a83e814dd6", "publicURL": "http://10.0.2.15:5000/v2.0"}], "endpoints_links": [], "type": "identity", "name": "keystone"}], "user": {"username": "tempest-TestGettingAddress-1005353600", "roles_links": [], "id": "89ac43fc39a54f0c9238510443c61abb", "roles": [{"name": "_member_"}, {"name": "Member"}], "name": "tempest-TestGettingAddress-1005353600"}, "metadata": {"is_admin": 0, "roles": ["9fe2ff9ee4384b1894a90878d3e92bab", "a92b6efed2444b00a77d14b2b1a6991a"]}}}
2015-12-05 03:05:37,713 27560 DEBUG    [tempest.common.fixed_network] (TestGettingAddress:test_dhcp6_stateless_from_os) No valid network provided or created, defaulting to fixed_network_name
2015-12-05 03:05:38,003 27560 INFO     [tempest_lib.common.rest_client] Request (TestGettingAddress:test_dhcp6_stateless_from_os): 200 GET http://10.0.2.15:8774/v2.1/df61bfd96757490fbce4e986c4c5c116/os-networks 0.289s
2015-12-05 03:05:38,003 27560 DEBUG    [tempest_lib.common.rest_client] Request - Headers: {'Content-Type': 'application/json', 'Accept': 'application/json', 'X-Auth-Token': '&lt;omitted&gt;'}
        Body: None
    Response - Headers: {'status': '200', 'content-length': '479', 'content-location': 'http://10.0.2.15:8774/v2.1/df61bfd96757490fbce4e986c4c5c116/os-networks', 'x-compute-request-id': 'req-65696b98-e720-4547-83a2-887fc4d3a8f8', 'vary': 'X-OpenStack-Nova-API-Version', 'connection': 'close', 'x-openstack-nova-api-version': '2.1', 'date': 'Sat, 05 Dec 2015 03:05:38 GMT', 'content-type': 'application/json'}
        Body: {"networks": [{"cidr_v6": null, "dns2": null, "dns1": null, "gateway": null, "broadcast": null, "netmask": null, "gateway_v6": null, "cidr": null, "label": "public", "id": "90a331a6-4c06-4ba4-831c-c642590a2e80", "netmask_v6": null}, {"cidr_v6": null, "dns2": null, "dns1": null, "gateway": null, "broadcast": null, "netmask": null, "gateway_v6": null, "cidr": null, "label": "tempest-network-smoke--2030403188", "id": "59bff79e-3174-464d-a5c4-15a6ef5465bc", "netmask_v6": null}]}
2015-12-05 03:05:38,004 27560 WARNING  [tempest.common.fixed_network] (TestGettingAddress:test_dhcp6_stateless_from_os) Network with name: private not found
2015-12-05 03:05:38,004 27560 INFO     [tempest.common.fixed_network] (TestGettingAddress:test_dhcp6_stateless_from_os) Found network {} available for tenant
2015-12-05 03:05:39,625 27560 INFO     [tempest_lib.common.rest_client] Request (TestGettingAddress:test_dhcp6_stateless_from_os): 202 POST http://10.0.2.15:8774/v2.1/df61bfd96757490fbce4e986c4c5c116/servers 1.620s
2015-12-05 03:05:39,625 27560 DEBUG    [tempest_lib.common.rest_client] Request - Headers: {'Content-Type': 'application/json', 'Accept': 'application/json', 'X-Auth-Token': '&lt;omitted&gt;'}
        Body: {"server": {"name": "tempest.common.compute-instance-758432249", "imageRef": "9524f720-6796-4eb6-88e9-008a1d113e37", "key_name": "tempest-TestGettingAddress-503304056", "flavorRef": "42", "networks": [{"uuid": "59bff79e-3174-464d-a5c4-15a6ef5465bc"}], "security_groups": [{"name": "tempest-secgroup-smoke-137299492"}]}}
    Response - Headers: {'status': '202', 'content-length': '461', 'x-compute-request-id': 'req-b85d438d-58e3-4222-a4a0-381797f7320e', 'vary': 'X-OpenStack-Nova-API-Version', 'connection': 'close', 'location': 'http://10.0.2.15:8774/v2.1/df61bfd96757490fbce4e986c4c5c116/servers/28916300-61e1-49dd-aa19-56c7befbfc03', 'x-openstack-nova-api-version': '2.1', 'date': 'Sat, 05 Dec 2015 03:05:39 GMT', 'content-type': 'application/json'}
        Body: {"server": {"security_groups": [{"name": "tempest-secgroup-smoke-137299492"}], "OS-DCF:diskConfig": "MANUAL", "id": "28916300-61e1-49dd-aa19-56c7befbfc03", "links": [{"href": "http://10.0.2.15:8774/v2.1/df61bfd96757490fbce4e986c4c5c116/servers/28916300-61e1-49dd-aa19-56c7befbfc03", "rel": "self"}, {"href": "http://10.0.2.15:8774/df61bfd96757490fbce4e986c4c5c116/servers/28916300-61e1-49dd-aa19-56c7befbfc03", "rel": "bookmark"}], "adminPass": "93yHSiEzt3Gv"}}
2015-12-05 03:05:39,777 27560 INFO     [tempest_lib.common.rest_client] Request (TestGettingAddress:test_dhcp6_stateless_from_os): 200 GET http://10.0.2.15:8774/v2.1/df61bfd96757490fbce4e986c4c5c116/servers/28916300-61e1-49dd-aa19-56c7befbfc03 0.149s
2015-12-05 03:05:39,777 27560 DEBUG    [tempest_lib.common.rest_client] Request - Headers: {'Content-Type': 'application/json', 'Accept': 'application/json', 'X-Auth-Token': '&lt;omitted&gt;'}
        Body: None
    Response - Headers: {'status': '200', 'content-length': '1353', 'content-location': 'http://10.0.2.15:8774/v2.1/df61bfd96757490fbce4e986c4c5c116/servers/28916300-61e1-49dd-aa19-56c7befbfc03', 'x-compute-request-id': 'req-f46aa887-76e0-4311-aa36-0ce63b7446f4', 'vary': 'X-OpenStack-Nova-API-Version', 'connection': 'close', 'x-openstack-nova-api-version': '2.1', 'date': 'Sat, 05 Dec 2015 03:05:39 GMT', 'content-type': 'application/json'}
        Body: {"server": {"status": "BUILD", "updated": "2015-12-05T03:05:39Z", "hostId": "", "addresses": {}, "links": [{"href": "http://10.0.2.15:8774/v2.1/df61bfd96757490fbce4e986c4c5c116/servers/28916300-61e1-49dd-aa19-56c7befbfc03", "rel": "self"}, {"href": "http://10.0.2.15:8774/df61bfd96757490fbce4e986c4c5c116/servers/28916300-61e1-49dd-aa19-56c7befbfc03", "rel": "bookmark"}], "key_name": "tempest-TestGettingAddress-503304056", "image": {"id": "9524f720-6796-4eb6-88e9-008a1d113e37", "links": [{"href": "http://10.0.2.15:8774/df61bfd96757490fbce4e986c4c5c116/images/9524f720-6796-4eb6-88e9-008a1d113e37", "rel": "bookmark"}]}, "OS-EXT-STS:task_state": "scheduling", "OS-EXT-STS:vm_state": "building", "OS-SRV-USG:launched_at": null, "flavor": {"id": "42", "links": [{"href": "http://10.0.2.15:8774/df61bfd96757490fbce4e986c4c5c116/flavors/42", "rel": "bookmark"}]}, "id": "28916300-61e1-49dd-aa19-56c7befbfc03", "OS-SRV-USG:terminated_at": null, "OS-EXT-AZ:availability_zone": "", "user_id": "89ac43fc39a54f0c9238510443c61abb", "name": "tempest.common.compute-instance-758432249", "created": "2015-12-05T03:05:39Z", "tenant_id": "df61bfd96757490fbce4e986c4c5c116", "OS-DCF:diskConfig": "MANUAL", "os-extended-volumes:volumes_attached": [], "accessIPv4": "", "accessIPv6": "", "progress": 0, "OS-EXT-STS:power_state": 0, "config_drive": "", "metadata": {}}}
2015-12-05 03:05:41,054 27560 INFO     [tempest_lib.common.rest_client] Request (TestGettingAddress:test_dhcp6_stateless_from_os): 200 GET http://10.0.2.15:8774/v2.1/df61bfd96757490fbce4e986c4c5c116/servers/28916300-61e1-49dd-aa19-56c7befbfc03 0.267s
2015-12-05 03:05:41,055 27560 DEBUG    [tempest_lib.common.rest_client] Request - Headers: {'Content-Type': 'application/json', 'Accept': 'application/json', 'X-Auth-Token': '&lt;omitted&gt;'}
        Body: None
    Response - Headers: {'status': '200', 'content-length': '1478', 'content-location': 'http://10.0.2.15:8774/v2.1/df61bfd96757490fbce4e986c4c5c116/servers/28916300-61e1-49dd-aa19-56c7befbfc03', 'x-compute-request-id': 'req-644bf541-9332-4683-859b-e067db03354d', 'vary': 'X-OpenStack-Nova-API-Version', 'connection': 'close', 'x-openstack-nova-api-version': '2.1', 'date': 'Sat, 05 Dec 2015 03:05:41 GMT', 'content-type': 'application/json'}
        Body: {"server": {"status": "BUILD", "updated": "2015-12-05T03:05:40Z", "hostId": "b08cafdf32d64ceb840e6a5c3659732979dfc5351582cd357e28a336", "addresses": {}, "links": [{"href": "http://10.0.2.15:8774/v2.1/df61bfd96757490fbce4e986c4c5c116/servers/28916300-61e1-49dd-aa19-56c7befbfc03", "rel": "self"}, {"href": "http://10.0.2.15:8774/df61bfd96757490fbce4e986c4c5c116/servers/28916300-61e1-49dd-aa19-56c7befbfc03", "rel": "bookmark"}], "key_name": "tempest-TestGettingAddress-503304056", "image": {"id": "9524f720-6796-4eb6-88e9-008a1d113e37", "links": [{"href": "http://10.0.2.15:8774/df61bfd96757490fbce4e986c4c5c116/images/9524f720-6796-4eb6-88e9-008a1d113e37", "rel": "bookmark"}]}, "OS-EXT-STS:task_state": "spawning", "OS-EXT-STS:vm_state": "building", "OS-SRV-USG:launched_at": null, "flavor": {"id": "42", "links": [{"href": "http://10.0.2.15:8774/df61bfd96757490fbce4e986c4c5c116/flavors/42", "rel": "bookmark"}]}, "id": "28916300-61e1-49dd-aa19-56c7befbfc03", "security_groups": [{"name": "tempest-secgroup-smoke-137299492"}], "OS-SRV-USG:terminated_at": null, "OS-EXT-AZ:availability_zone": "nova", "user_id": "89ac43fc39a54f0c9238510443c61abb", "name": "tempest.common.compute-instance-758432249", "created": "2015-12-05T03:05:39Z", "tenant_id": "df61bfd96757490fbce4e986c4c5c116", "OS-DCF:diskConfig": "MANUAL", "os-extended-volumes:volumes_attached": [], "accessIPv4": "", "accessIPv6": "", "progress": 0, "OS-EXT-STS:power_state": 0, "config_drive": "", "metadata": {}}}
2015-12-05 03:05:41,070 27560 INFO     [tempest.common.waiters] State transition "BUILD/scheduling" ==&gt; "BUILD/spawning" after 2 second wait
2015-12-05 03:05:42,252 27560 INFO     [tempest_lib.common.rest_client] Request (TestGettingAddress:test_dhcp6_stateless_from_os): 200 GET http://10.0.2.15:8774/v2.1/df61bfd96757490fbce4e986c4c5c116/servers/28916300-61e1-49dd-aa19-56c7befbfc03 0.180s
2015-12-05 03:05:42,252 27560 DEBUG    [tempest_lib.common.rest_client] Request - Headers: {'Content-Type': 'application/json', 'Accept': 'application/json', 'X-Auth-Token': '&lt;omitted&gt;'}
        Body: None
    Response - Headers: {'status': '200', 'content-length': '1478', 'content-location': 'http://10.0.2.15:8774/v2.1/df61bfd96757490fbce4e986c4c5c116/servers/28916300-61e1-49dd-aa19-56c7befbfc03', 'x-compute-request-id': 'req-c4ef8e3e-530b-4eb9-865e-08a3a4606deb', 'vary': 'X-OpenStack-Nova-API-Version', 'connection': 'close', 'x-openstack-nova-api-version': '2.1', 'date': 'Sat, 05 Dec 2015 03:05:42 GMT', 'content-type': 'application/json'}
        Body: {"server": {"status": "BUILD", "updated": "2015-12-05T03:05:40Z", "hostId": "b08cafdf32d64ceb840e6a5c3659732979dfc5351582cd357e28a336", "addresses": {}, "links": [{"href": "http://10.0.2.15:8774/v2.1/df61bfd96757490fbce4e986c4c5c116/servers/28916300-61e1-49dd-aa19-56c7befbfc03", "rel": "self"}, {"href": "http://10.0.2.15:8774/df61bfd96757490fbce4e986c4c5c116/servers/28916300-61e1-49dd-aa19-56c7befbfc03", "rel": "bookmark"}], "key_name": "tempest-TestGettingAddress-503304056", "image": {"id": "9524f720-6796-4eb6-88e9-008a1d113e37", "links": [{"href": "http://10.0.2.15:8774/df61bfd96757490fbce4e986c4c5c116/images/9524f720-6796-4eb6-88e9-008a1d113e37", "rel": "bookmark"}]}, "OS-EXT-STS:task_state": "spawning", "OS-EXT-STS:vm_state": "building", "OS-SRV-USG:launched_at": null, "flavor": {"id": "42", "links": [{"href": "http://10.0.2.15:8774/df61bfd96757490fbce4e986c4c5c116/flavors/42", "rel": "bookmark"}]}, "id": "28916300-61e1-49dd-aa19-56c7befbfc03", "security_groups": [{"name": "tempest-secgroup-smoke-137299492"}], "OS-SRV-USG:terminated_at": null, "OS-EXT-AZ:availability_zone": "nova", "user_id": "89ac43fc39a54f0c9238510443c61abb", "name": "tempest.common.compute-instance-758432249", "created": "2015-12-05T03:05:39Z", "tenant_id": "df61bfd96757490fbce4e986c4c5c116", "OS-DCF:diskConfig": "MANUAL", "os-extended-volumes:volumes_attached": [], "accessIPv4": "", "accessIPv6": "", "progress": 0, "OS-EXT-STS:power_state": 0, "config_drive": "", "metadata": {}}}
2015-12-05 03:05:43,481 27560 INFO     [tempest_lib.common.rest_client] Request (TestGettingAddress:test_dhcp6_stateless_from_os): 200 GET http://10.0.2.15:8774/v2.1/df61bfd96757490fbce4e986c4c5c116/servers/28916300-61e1-49dd-aa19-56c7befbfc03 0.218s
2015-12-05 03:05:43,481 27560 DEBUG    [tempest_lib.common.rest_client] Request - Headers: {'Content-Type': 'application/json', 'Accept': 'application/json', 'X-Auth-Token': '&lt;omitted&gt;'}
        Body: None
    Response - Headers: {'status': '200', 'content-length': '1779', 'content-location': 'http://10.0.2.15:8774/v2.1/df61bfd96757490fbce4e986c4c5c116/servers/28916300-61e1-49dd-aa19-56c7befbfc03', 'x-compute-request-id': 'req-9809e0bd-815e-488b-a779-16b5e122349c', 'vary': 'X-OpenStack-Nova-API-Version', 'connection': 'close', 'x-openstack-nova-api-version': '2.1', 'date': 'Sat, 05 Dec 2015 03:05:43 GMT', 'content-type': 'application/json'}
        Body: {"server": {"status": "ACTIVE", "updated": "2015-12-05T03:05:43Z", "hostId": "b08cafdf32d64ceb840e6a5c3659732979dfc5351582cd357e28a336", "addresses": {"tempest-network-smoke--2030403188": [{"OS-EXT-IPS-MAC:mac_addr": "fa:16:3e:a5:39:82", "version": 6, "addr": "2003::f816:3eff:fea5:3982", "OS-EXT-IPS:type": "fixed"}, {"OS-EXT-IPS-MAC:mac_addr": "fa:16:3e:a5:39:82", "version": 4, "addr": "10.100.0.3", "OS-EXT-IPS:type": "fixed"}]}, "links": [{"href": "http://10.0.2.15:8774/v2.1/df61bfd96757490fbce4e986c4c5c116/servers/28916300-61e1-49dd-aa19-56c7befbfc03", "rel": "self"}, {"href": "http://10.0.2.15:8774/df61bfd96757490fbce4e986c4c5c116/servers/28916300-61e1-49dd-aa19-56c7befbfc03", "rel": "bookmark"}], "key_name": "tempest-TestGettingAddress-503304056", "image": {"id": "9524f720-6796-4eb6-88e9-008a1d113e37", "links": [{"href": "http://10.0.2.15:8774/df61bfd96757490fbce4e986c4c5c116/images/9524f720-6796-4eb6-88e9-008a1d113e37", "rel": "bookmark"}]}, "OS-EXT-STS:task_state": null, "OS-EXT-STS:vm_state": "active", "OS-SRV-USG:launched_at": "2015-12-05T03:05:42.000000", "flavor": {"id": "42", "links": [{"href": "http://10.0.2.15:8774/df61bfd96757490fbce4e986c4c5c116/flavors/42", "rel": "bookmark"}]}, "id": "28916300-61e1-49dd-aa19-56c7befbfc03", "security_groups": [{"name": "tempest-secgroup-smoke-137299492"}], "OS-SRV-USG:terminated_at": null, "OS-EXT-AZ:availability_zone": "nova", "user_id": "89ac43fc39a54f0c9238510443c61abb", "name": "tempest.common.compute-instance-758432249", "created": "2015-12-05T03:05:39Z", "tenant_id": "df61bfd96757490fbce4e986c4c5c116", "OS-DCF:diskConfig": "MANUAL", "os-extended-volumes:volumes_attached": [], "accessIPv4": "", "accessIPv6": "", "progress": 0, "OS-EXT-STS:power_state": 1, "config_drive": "True", "metadata": {}}}
2015-12-05 03:05:43,491 27560 INFO     [tempest.common.waiters] State transition "BUILD/spawning" ==&gt; "ACTIVE/None" after 4 second wait
2015-12-05 03:05:43,674 27560 INFO     [tempest_lib.common.rest_client] Request (TestGettingAddress:test_dhcp6_stateless_from_os): 200 GET http://10.0.2.15:8774/v2.1/df61bfd96757490fbce4e986c4c5c116/servers/28916300-61e1-49dd-aa19-56c7befbfc03 0.183s
2015-12-05 03:05:43,674 27560 DEBUG    [tempest_lib.common.rest_client] Request - Headers: {'Content-Type': 'application/json', 'Accept': 'application/json', 'X-Auth-Token': '&lt;omitted&gt;'}
        Body: None
    Response - Headers: {'status': '200', 'content-length': '1779', 'content-location': 'http://10.0.2.15:8774/v2.1/df61bfd96757490fbce4e986c4c5c116/servers/28916300-61e1-49dd-aa19-56c7befbfc03', 'x-compute-request-id': 'req-e6f12711-fd54-45c5-a7a1-8f9b5537d80b', 'vary': 'X-OpenStack-Nova-API-Version', 'connection': 'close', 'x-openstack-nova-api-version': '2.1', 'date': 'Sat, 05 Dec 2015 03:05:43 GMT', 'content-type': 'application/json'}
        Body: {"server": {"status": "ACTIVE", "updated": "2015-12-05T03:05:43Z", "hostId": "b08cafdf32d64ceb840e6a5c3659732979dfc5351582cd357e28a336", "addresses": {"tempest-network-smoke--2030403188": [{"OS-EXT-IPS-MAC:mac_addr": "fa:16:3e:a5:39:82", "version": 6, "addr": "2003::f816:3eff:fea5:3982", "OS-EXT-IPS:type": "fixed"}, {"OS-EXT-IPS-MAC:mac_addr": "fa:16:3e:a5:39:82", "version": 4, "addr": "10.100.0.3", "OS-EXT-IPS:type": "fixed"}]}, "links": [{"href": "http://10.0.2.15:8774/v2.1/df61bfd96757490fbce4e986c4c5c116/servers/28916300-61e1-49dd-aa19-56c7befbfc03", "rel": "self"}, {"href": "http://10.0.2.15:8774/df61bfd96757490fbce4e986c4c5c116/servers/28916300-61e1-49dd-aa19-56c7befbfc03", "rel": "bookmark"}], "key_name": "tempest-TestGettingAddress-503304056", "image": {"id": "9524f720-6796-4eb6-88e9-008a1d113e37", "links": [{"href": "http://10.0.2.15:8774/df61bfd96757490fbce4e986c4c5c116/images/9524f720-6796-4eb6-88e9-008a1d113e37", "rel": "bookmark"}]}, "OS-EXT-STS:task_state": null, "OS-EXT-STS:vm_state": "active", "OS-SRV-USG:launched_at": "2015-12-05T03:05:42.000000", "flavor": {"id": "42", "links": [{"href": "http://10.0.2.15:8774/df61bfd96757490fbce4e986c4c5c116/flavors/42", "rel": "bookmark"}]}, "id": "28916300-61e1-49dd-aa19-56c7befbfc03", "security_groups": [{"name": "tempest-secgroup-smoke-137299492"}], "OS-SRV-USG:terminated_at": null, "OS-EXT-AZ:availability_zone": "nova", "user_id": "89ac43fc39a54f0c9238510443c61abb", "name": "tempest.common.compute-instance-758432249", "created": "2015-12-05T03:05:39Z", "tenant_id": "df61bfd96757490fbce4e986c4c5c116", "OS-DCF:diskConfig": "MANUAL", "os-extended-volumes:volumes_attached": [], "accessIPv4": "", "accessIPv6": "", "progress": 0, "OS-EXT-STS:power_state": 1, "config_drive": "True", "metadata": {}}}
2015-12-05 03:05:43,716 27560 INFO     [tempest_lib.common.rest_client] Request (TestGettingAddress:test_dhcp6_stateless_from_os): 200 GET http://10.0.2.15:9696/v2.0/ports?status=ACTIVE&amp;fixed_ip=None&amp;device_id=28916300-61e1-49dd-aa19-56c7befbfc03 0.031s
2015-12-05 03:05:43,716 27560 DEBUG    [tempest_lib.common.rest_client] Request - Headers: {'Content-Type': 'application/json', 'Accept': 'application/json', 'X-Auth-Token': '&lt;omitted&gt;'}
        Body: None
    Response - Headers: {'status': '200', 'content-length': '1142', 'content-location': 'http://10.0.2.15:9696/v2.0/ports?status=ACTIVE&amp;fixed_ip=None&amp;device_id=28916300-61e1-49dd-aa19-56c7befbfc03', 'connection': 'close', 'date': 'Sat, 05 Dec 2015 03:05:43 GMT', 'content-type': 'application/json; charset=UTF-8', 'x-openstack-request-id': 'req-8643e6f1-3361-493f-9605-a7eae3ca10f0'}
        Body: {"ports": [{"status": "ACTIVE", "binding:host_id": "vagrant-ubuntu-trusty-64", "allowed_address_pairs": [], "extra_dhcp_opts": [], "dns_assignment": [{"hostname": "host-10-100-0-3", "ip_address": "10.100.0.3", "fqdn": "host-10-100-0-3.openstacklocal."}, {"hostname": "host-2003--f816-3eff-fea5-3982", "ip_address": "2003::f816:3eff:fea5:3982", "fqdn": "host-2003--f816-3eff-fea5-3982.openstacklocal."}], "device_owner": "compute:None", "port_security_enabled": true, "binding:profile": {}, "fixed_ips": [{"subnet_id": "5b7aa0ba-2d7e-4948-a043-5f8f93b89932", "ip_address": "10.100.0.3"}, {"subnet_id": "05ed485f-692d-435c-ab29-3fac48674a63", "ip_address": "2003::f816:3eff:fea5:3982"}], "id": "f8a3ff47-e7a1-4567-bb7b-8345c672a38e", "security_groups": ["22c6dd3e-8067-49bc-9511-c48b51b6bc06"], "device_id": "28916300-61e1-49dd-aa19-56c7befbfc03", "name": "", "admin_state_up": true, "network_id": "59bff79e-3174-464d-a5c4-15a6ef5465bc", "dns_name": "", "binding:vif_details": {"port_filter": true}, "binding:vnic_type": "normal", "binding:vif_type": "ovs", "tenant_id": "df61bfd96757490fbce4e986c4c5c116", "mac_address": "fa:16:3e:a5:39:82"}]}
2015-12-05 03:05:44,312 27560 INFO     [tempest_lib.common.rest_client] Request (TestGettingAddress:test_dhcp6_stateless_from_os): 201 POST http://10.0.2.15:9696/v2.0/floatingips 0.595s
2015-12-05 03:05:44,313 27560 DEBUG    [tempest_lib.common.rest_client] Request - Headers: {'Content-Type': 'application/json', 'Accept': 'application/json', 'X-Auth-Token': '&lt;omitted&gt;'}
        Body: {"floatingip": {"floating_network_id": "90a331a6-4c06-4ba4-831c-c642590a2e80", "tenant_id": "df61bfd96757490fbce4e986c4c5c116", "fixed_ip_address": "10.100.0.3", "port_id": "f8a3ff47-e7a1-4567-bb7b-8345c672a38e"}}
    Response - Headers: {'status': '201', 'content-length': '367', 'connection': 'close', 'date': 'Sat, 05 Dec 2015 03:05:44 GMT', 'content-type': 'application/json; charset=UTF-8', 'x-openstack-request-id': 'req-45137dbc-4a94-48c8-a249-98e2a5bb3449'}
        Body: {"floatingip": {"floating_network_id": "90a331a6-4c06-4ba4-831c-c642590a2e80", "router_id": "e0b4731f-fa59-47d2-8b02-f4971d115043", "fixed_ip_address": "10.100.0.3", "floating_ip_address": "172.24.4.4", "tenant_id": "df61bfd96757490fbce4e986c4c5c116", "status": "DOWN", "port_id": "f8a3ff47-e7a1-4567-bb7b-8345c672a38e", "id": "160da6d7-a6d6-4c3f-9d1b-152b003800a3"}}
2015-12-05 03:05:44,314 27560 INFO     [tempest_lib.common.ssh] Creating ssh connection to '172.24.4.4' as 'cirros' with public key authentication
2015-12-05 03:05:48,035 27560 WARNING  [tempest_lib.common.ssh] Failed to establish authenticated ssh connection to cirros@172.24.4.4 ([Errno None] Unable to connect to port 22 on  or 172.24.4.4). Number attempts: 1. Retry after 2 seconds.
2015-12-05 03:05:53,540 27560 WARNING  [tempest_lib.common.ssh] Failed to establish authenticated ssh connection to cirros@172.24.4.4 ([Errno None] Unable to connect to port 22 on  or 172.24.4.4). Number attempts: 2. Retry after 3 seconds.
2015-12-05 03:06:00,039 27560 WARNING  [tempest_lib.common.ssh] Failed to establish authenticated ssh connection to cirros@172.24.4.4 ([Errno None] Unable to connect to port 22 on  or 172.24.4.4). Number attempts: 3. Retry after 4 seconds.
2015-12-05 03:06:07,540 27560 WARNING  [tempest_lib.common.ssh] Failed to establish authenticated ssh connection to cirros@172.24.4.4 ([Errno None] Unable to connect to port 22 on  or 172.24.4.4). Number attempts: 4. Retry after 5 seconds.
2015-12-05 03:06:16,045 27560 WARNING  [tempest_lib.common.ssh] Failed to establish authenticated ssh connection to cirros@172.24.4.4 ([Errno None] Unable to connect to port 22 on  or 172.24.4.4). Number attempts: 5. Retry after 6 seconds.
2015-12-05 03:06:25,552 27560 WARNING  [tempest_lib.common.ssh] Failed to establish authenticated ssh connection to cirros@172.24.4.4 ([Errno None] Unable to connect to port 22 on  or 172.24.4.4). Number attempts: 6. Retry after 7 seconds.
2015-12-05 03:06:36,052 27560 WARNING  [tempest_lib.common.ssh] Failed to establish authenticated ssh connection to cirros@172.24.4.4 ([Errno None] Unable to connect to port 22 on  or 172.24.4.4). Number attempts: 7. Retry after 8 seconds.
2015-12-05 03:06:47,556 27560 WARNING  [tempest_lib.common.ssh] Failed to establish authenticated ssh connection to cirros@172.24.4.4 ([Errno None] Unable to connect to port 22 on  or 172.24.4.4). Number attempts: 8. Retry after 9 seconds.
2015-12-05 03:07:00,061 27560 WARNING  [tempest_lib.common.ssh] Failed to establish authenticated ssh connection to cirros@172.24.4.4 ([Errno None] Unable to connect to port 22 on  or 172.24.4.4). Number attempts: 9. Retry after 10 seconds.
2015-12-05 03:07:13,572 27560 WARNING  [tempest_lib.common.ssh] Failed to establish authenticated ssh connection to cirros@172.24.4.4 ([Errno None] Unable to connect to port 22 on  or 172.24.4.4). Number attempts: 10. Retry after 11 seconds.
2015-12-05 03:07:28,084 27560 WARNING  [tempest_lib.common.ssh] Failed to establish authenticated ssh connection to cirros@172.24.4.4 ([Errno None] Unable to connect to port 22 on  or 172.24.4.4). Number attempts: 11. Retry after 12 seconds.
2015-12-05 03:07:43,592 27560 WARNING  [tempest_lib.common.ssh] Failed to establish authenticated ssh connection to cirros@172.24.4.4 ([Errno None] Unable to connect to port 22 on  or 172.24.4.4). Number attempts: 12. Retry after 13 seconds.
2015-12-05 03:08:00,105 27560 WARNING  [tempest_lib.common.ssh] Failed to establish authenticated ssh connection to cirros@172.24.4.4 ([Errno None] Unable to connect to port 22 on  or 172.24.4.4). Number attempts: 13. Retry after 14 seconds.
2015-12-05 03:08:17,608 27560 WARNING  [tempest_lib.common.ssh] Failed to establish authenticated ssh connection to cirros@172.24.4.4 ([Errno None] Unable to connect to port 22 on  or 172.24.4.4). Number attempts: 14. Retry after 15 seconds.
2015-12-05 03:08:36,124 27560 WARNING  [tempest_lib.common.ssh] Failed to establish authenticated ssh connection to cirros@172.24.4.4 ([Errno None] Unable to connect to port 22 on  or 172.24.4.4). Number attempts: 15. Retry after 16 seconds.
2015-12-05 03:08:55,641 27560 WARNING  [tempest_lib.common.ssh] Failed to establish authenticated ssh connection to cirros@172.24.4.4 ([Errno None] Unable to connect to port 22 on  or 172.24.4.4). Number attempts: 16. Retry after 17 seconds.
2015-12-05 03:09:16,156 27560 ERROR    [tempest_lib.common.ssh] Failed to establish authenticated ssh connection to cirros@172.24.4.4 after 16 attempts
2015-12-05 03:09:16.156 27560 ERROR tempest_lib.common.ssh Traceback (most recent call last):
2015-12-05 03:09:16.156 27560 ERROR tempest_lib.common.ssh   File "/usr/local/lib/python2.7/dist-packages/tempest_lib/common/ssh.py", line 75, in _get_ssh_connection
2015-12-05 03:09:16.156 27560 ERROR tempest_lib.common.ssh     timeout=self.channel_timeout, pkey=self.pkey)
2015-12-05 03:09:16.156 27560 ERROR tempest_lib.common.ssh   File "/usr/local/lib/python2.7/dist-packages/paramiko/client.py", line 311, in connect
2015-12-05 03:09:16.156 27560 ERROR tempest_lib.common.ssh     raise NoValidConnectionsError(errors)
2015-12-05 03:09:16.156 27560 ERROR tempest_lib.common.ssh NoValidConnectionsError: [Errno None] Unable to connect to port 22 on  or 172.24.4.4
2015-12-05 03:09:16.156 27560 ERROR tempest_lib.common.ssh 
2015-12-05 03:09:16,158 27560 ERROR    [tempest.scenario.manager] (TestGettingAddress:test_dhcp6_stateless_from_os) Initializing SSH connection to 172.24.4.4 failed. Error: Connection to the 172.24.4.4 via SSH timed out.
User: cirros, Password: None
2015-12-05 03:09:16.158 27560 ERROR tempest.scenario.manager Traceback (most recent call last):
2015-12-05 03:09:16.158 27560 ERROR tempest.scenario.manager   File "tempest/scenario/manager.py", line 383, in get_remote_client
2015-12-05 03:09:16.158 27560 ERROR tempest.scenario.manager     linux_client.validate_authentication()
2015-12-05 03:09:16.158 27560 ERROR tempest.scenario.manager   File "tempest/common/utils/linux/remote_client.py", line 63, in validate_authentication
2015-12-05 03:09:16.158 27560 ERROR tempest.scenario.manager     self.ssh_client.test_connection_auth()
2015-12-05 03:09:16.158 27560 ERROR tempest.scenario.manager   File "/usr/local/lib/python2.7/dist-packages/tempest_lib/common/ssh.py", line 167, in test_connection_auth
2015-12-05 03:09:16.158 27560 ERROR tempest.scenario.manager     connection = self._get_ssh_connection()
2015-12-05 03:09:16.158 27560 ERROR tempest.scenario.manager   File "/usr/local/lib/python2.7/dist-packages/tempest_lib/common/ssh.py", line 87, in _get_ssh_connection
2015-12-05 03:09:16.158 27560 ERROR tempest.scenario.manager     password=self.password)
2015-12-05 03:09:16.158 27560 ERROR tempest.scenario.manager SSHTimeout: Connection to the 172.24.4.4 via SSH timed out.
2015-12-05 03:09:16.158 27560 ERROR tempest.scenario.manager User: cirros, Password: None
2015-12-05 03:09:16.158 27560 ERROR tempest.scenario.manager 
2015-12-05 03:09:16,236 27560 INFO     [tempest_lib.common.rest_client] Request (TestGettingAddress:test_dhcp6_stateless_from_os): 200 GET http://10.0.2.15:8774/v2.1/df61bfd96757490fbce4e986c4c5c116/servers 0.075s
2015-12-05 03:09:16,236 27560 DEBUG    [tempest_lib.common.rest_client] Request - Headers: {'Content-Type': 'application/json', 'Accept': 'application/json', 'X-Auth-Token': '&lt;omitted&gt;'}
        Body: None
    Response - Headers: {'status': '200', 'content-length': '390', 'content-location': 'http://10.0.2.15:8774/v2.1/df61bfd96757490fbce4e986c4c5c116/servers', 'x-compute-request-id': 'req-1de1e8e5-472a-4869-8c62-3673b51501cc', 'vary': 'X-OpenStack-Nova-API-Version', 'connection': 'close', 'x-openstack-nova-api-version': '2.1', 'date': 'Sat, 05 Dec 2015 03:09:16 GMT', 'content-type': 'application/json'}
        Body: {"servers": [{"id": "28916300-61e1-49dd-aa19-56c7befbfc03", "links": [{"href": "http://10.0.2.15:8774/v2.1/df61bfd96757490fbce4e986c4c5c116/servers/28916300-61e1-49dd-aa19-56c7befbfc03", "rel": "self"}, {"href": "http://10.0.2.15:8774/df61bfd96757490fbce4e986c4c5c116/servers/28916300-61e1-49dd-aa19-56c7befbfc03", "rel": "bookmark"}], "name": "tempest.common.compute-instance-758432249"}]}
2015-12-05 03:09:16,462 27560 INFO     [tempest_lib.common.rest_client] Request (TestGettingAddress:test_dhcp6_stateless_from_os): 200 POST http://10.0.2.15:8774/v2.1/df61bfd96757490fbce4e986c4c5c116/servers/28916300-61e1-49dd-aa19-56c7befbfc03/action 0.221s
2015-12-05 03:09:16,463 27560 DEBUG    [tempest_lib.common.rest_client] Request - Headers: {'Content-Type': 'application/json', 'Accept': 'application/json', 'X-Auth-Token': '&lt;omitted&gt;'}
        Body: {"os-getConsoleOutput": {}}
    Response - Headers: {'status': '200', 'content-length': '24668', 'x-compute-request-id': 'req-dfacfb5e-1c63-4fc2-93cb-6deb0320e56c', 'vary': 'X-OpenStack-Nova-API-Version', 'connection': 'close', 'x-openstack-nova-api-version': '2.1', 'date': 'Sat, 05 Dec 2015 03:09:16 GMT', 'content-type': 'application/json'}
        Body: {"output": "[    0.000000] Initializing cgroup subsys cpuset\n[    0.000000] Initializing cgroup subsys cpu\n[    0.000000] Linux version 3.2.0-80-virtual (buildd@batsu) (gcc version 4.6.3 (Ubuntu/Linaro 4.6.3-1ubuntu5) ) #116-Ubuntu SMP Mon Mar 23 17:28:52 UTC 2015 (Ubuntu 3.2.0-80.116-virtual 3.2.68)\n[    0.000000] Command line: root=/dev/vda console=tty0 console=ttyS0 no_timer_check\n[    0.000000] KERNEL supported cpus:\n[    0.000000]   Intel GenuineIntel\n[    0.000000]   AMD AuthenticAMD\n[    0.000000]   Centaur CentaurHauls\n[    0.000000] BIOS-provided physical RAM map:\n[    0.000000]  BIOS-e820: 0000000000000000 - 000000000009fc00 (usable)\n[    0.000000]  BIOS-e820: 000000000009fc00 - 00000000000a0000 (reserved)\n[    0.000000]  BIOS-e820: 00000000000f0000 - 0000000000100000 (reserved)\n[    0.000000]  BIOS-e820: 0000000000100000 - 0000000003ffe000 (usable)\n[    0.000000]  BIOS-e820: 0000000003ffe000 - 0000000004000000 (reserved)\n[    0.000000]  BIOS-e820: 00000000fffc0000 - 0000000100000000 (reserved)\n[    0.000000] NX (Execute Disable) protection: active\n[    0.000000] SMBIOS 2.4 present.\n[    0.000000] No AGP bridge found\n[    0.000000] last_pfn = 0x3ffe max_arch_pfn = 0x400000000\n[    0.000000] x86 PAT enabled: cpu 0, old 0x7040600070406, new 0x7010600070106\n[    0.000000] found SMP MP-table at [ffff8800000f0b00] f0b00\n[    0.000000] init_memory_mapping: 0000000000000000-0000000003ffe000\n[    0.000000] RAMDISK: 03c5e000 - 03ff0000\n[    0.000000] ACPI: RSDP 00000000000f0950 00014 (v00 BOCHS )\n[    0.000000] ACPI: RSDT 0000000003fffbc1 00034 (v01 BOCHS  BXPCRSDT 00000001 BXPC 00000001)\n[    0.000000] ACPI: FACP 0000000003fff1c0 00074 (v01 BOCHS  BXPCFACP 00000001 BXPC 00000001)\n[    0.000000] ACPI: DSDT 0000000003ffe040 01180 (v01 BOCHS  BXPCDSDT 00000001 BXPC 00000001)\n[    0.000000] ACPI: FACS 0000000003ffe000 00040\n[    0.000000] ACPI: SSDT 0000000003fff234 008DD (v01 BOCHS  BXPCSSDT 00000001 BXPC 00000001)\n[    0.000000] ACPI: APIC 0000000003fffb11 00078 (v01 BOCHS  BXPCAPIC 00000001 BXPC 00000001)\n[    0.000000] ACPI: HPET 0000000003fffb89 00038 (v01 BOCHS  BXPCHPET 00000001 BXPC 00000001)\n[    0.000000] No NUMA configuration found\n[    0.000000] Faking a node at 0000000000000000-0000000003ffe000\n[    0.000000] Initmem setup node 0 0000000000000000-0000000003ffe000\n[    0.000000]   NODE_DATA [0000000003ff6000 - 0000000003ffafff]\n[    0.000000] Zone PFN ranges:\n[    0.000000]   DMA      0x00000010 -&gt; 0x00001000\n[    0.000000]   DMA32    0x00001000 -&gt; 0x00100000\n[    0.000000]   Normal   empty\n[    0.000000] Movable zone start PFN for each node\n[    0.000000] early_node_map[2] active PFN ranges\n[    0.000000]     0: 0x00000010 -&gt; 0x0000009f\n[    0.000000]     0: 0x00000100 -&gt; 0x00003ffe\n[    0.000000] ACPI: PM-Timer IO Port: 0xb008\n[    0.000000] ACPI: LAPIC (acpi_id[0x00] lapic_id[0x00] enabled)\n[    0.000000] ACPI: LAPIC_NMI (acpi_id[0xff] dfl dfl lint[0x1])\n[    0.000000] ACPI: IOAPIC (id[0x00] address[0xfec00000] gsi_base[0])\n[    0.000000] IOAPIC[0]: apic_id 0, version 17, address 0xfec00000, GSI 0-23\n[    0.000000] ACPI: INT_SRC_OVR (bus 0 bus_irq 0 global_irq 2 dfl dfl)\n[    0.000000] ACPI: INT_SRC_OVR (bus 0 bus_irq 5 global_irq 5 high level)\n[    0.000000] ACPI: INT_SRC_OVR (bus 0 bus_irq 9 global_irq 9 high level)\n[    0.000000] ACPI: INT_SRC_OVR (bus 0 bus_irq 10 global_irq 10 high level)\n[    0.000000] ACPI: INT_SRC_OVR (bus 0 bus_irq 11 global_irq 11 high level)\n[    0.000000] Using ACPI (MADT) for SMP configuration information\n[    0.000000] ACPI: HPET id: 0x8086a201 base: 0xfed00000\n[    0.000000] SMP: Allowing 1 CPUs, 0 hotplug CPUs\n[    0.000000] PM: Registered nosave memory: 000000000009f000 - 00000000000a0000\n[    0.000000] PM: Registered nosave memory: 00000000000a0000 - 00000000000f0000\n[    0.000000] PM: Registered nosave memory: 00000000000f0000 - 0000000000100000\n[    0.000000] Allocating PCI resources starting at 4000000 (gap: 4000000:fbfc0000)\n[    0.000000] Booting paravirtualized kernel on bare hardware\n[    0.000000] setup_pe
2015-12-05 03:09:16,465 27560 DEBUG    [tempest.scenario.manager] Console output for 28916300-61e1-49dd-aa19-56c7befbfc03
body=
[    0.000000] Initializing cgroup subsys cpuset
[    0.000000] Initializing cgroup subsys cpu
[    0.000000] Linux version 3.2.0-80-virtual (buildd@batsu) (gcc version 4.6.3 (Ubuntu/Linaro 4.6.3-1ubuntu5) ) #116-Ubuntu SMP Mon Mar 23 17:28:52 UTC 2015 (Ubuntu 3.2.0-80.116-virtual 3.2.68)
[    0.000000] Command line: root=/dev/vda console=tty0 console=ttyS0 no_timer_check
[    0.000000] KERNEL supported cpus:
[    0.000000]   Intel GenuineIntel
[    0.000000]   AMD AuthenticAMD
[    0.000000]   Centaur CentaurHauls
[    0.000000] BIOS-provided physical RAM map:
[    0.000000]  BIOS-e820: 0000000000000000 - 000000000009fc00 (usable)
[    0.000000]  BIOS-e820: 000000000009fc00 - 00000000000a0000 (reserved)
[    0.000000]  BIOS-e820: 00000000000f0000 - 0000000000100000 (reserved)
[    0.000000]  BIOS-e820: 0000000000100000 - 0000000003ffe000 (usable)
[    0.000000]  BIOS-e820: 0000000003ffe000 - 0000000004000000 (reserved)
[    0.000000]  BIOS-e820: 00000000fffc0000 - 0000000100000000 (reserved)
[    0.000000] NX (Execute Disable) protection: active
[    0.000000] SMBIOS 2.4 present.
[    0.000000] No AGP bridge found
[    0.000000] last_pfn = 0x3ffe max_arch_pfn = 0x400000000
[    0.000000] x86 PAT enabled: cpu 0, old 0x7040600070406, new 0x7010600070106
[    0.000000] found SMP MP-table at [ffff8800000f0b00] f0b00
[    0.000000] init_memory_mapping: 0000000000000000-0000000003ffe000
[    0.000000] RAMDISK: 03c5e000 - 03ff0000
[    0.000000] ACPI: RSDP 00000000000f0950 00014 (v00 BOCHS )
[    0.000000] ACPI: RSDT 0000000003fffbc1 00034 (v01 BOCHS  BXPCRSDT 00000001 BXPC 00000001)
[    0.000000] ACPI: FACP 0000000003fff1c0 00074 (v01 BOCHS  BXPCFACP 00000001 BXPC 00000001)
[    0.000000] ACPI: DSDT 0000000003ffe040 01180 (v01 BOCHS  BXPCDSDT 00000001 BXPC 00000001)
[    0.000000] ACPI: FACS 0000000003ffe000 00040
[    0.000000] ACPI: SSDT 0000000003fff234 008DD (v01 BOCHS  BXPCSSDT 00000001 BXPC 00000001)
[    0.000000] ACPI: APIC 0000000003fffb11 00078 (v01 BOCHS  BXPCAPIC 00000001 BXPC 00000001)
[    0.000000] ACPI: HPET 0000000003fffb89 00038 (v01 BOCHS  BXPCHPET 00000001 BXPC 00000001)
[    0.000000] No NUMA configuration found
[    0.000000] Faking a node at 0000000000000000-0000000003ffe000
[    0.000000] Initmem setup node 0 0000000000000000-0000000003ffe000
[    0.000000]   NODE_DATA [0000000003ff6000 - 0000000003ffafff]
[    0.000000] Zone PFN ranges:
[    0.000000]   DMA      0x00000010 -&gt; 0x00001000
[    0.000000]   DMA32    0x00001000 -&gt; 0x00100000
[    0.000000]   Normal   empty
[    0.000000] Movable zone start PFN for each node
[    0.000000] early_node_map[2] active PFN ranges
[    0.000000]     0: 0x00000010 -&gt; 0x0000009f
[    0.000000]     0: 0x00000100 -&gt; 0x00003ffe
[    0.000000] ACPI: PM-Timer IO Port: 0xb008
[    0.000000] ACPI: LAPIC (acpi_id[0x00] lapic_id[0x00] enabled)
[    0.000000] ACPI: LAPIC_NMI (acpi_id[0xff] dfl dfl lint[0x1])
[    0.000000] ACPI: IOAPIC (id[0x00] address[0xfec00000] gsi_base[0])
[    0.000000] IOAPIC[0]: apic_id 0, version 17, address 0xfec00000, GSI 0-23
[    0.000000] ACPI: INT_SRC_OVR (bus 0 bus_irq 0 global_irq 2 dfl dfl)
[    0.000000] ACPI: INT_SRC_OVR (bus 0 bus_irq 5 global_irq 5 high level)
[    0.000000] ACPI: INT_SRC_OVR (bus 0 bus_irq 9 global_irq 9 high level)
[    0.000000] ACPI: INT_SRC_OVR (bus 0 bus_irq 10 global_irq 10 high level)
[    0.000000] ACPI: INT_SRC_OVR (bus 0 bus_irq 11 global_irq 11 high level)
[    0.000000] Using ACPI (MADT) for SMP configuration information
[    0.000000] ACPI: HPET id: 0x8086a201 base: 0xfed00000
[    0.000000] SMP: Allowing 1 CPUs, 0 hotplug CPUs
[    0.000000] PM: Registered nosave memory: 000000000009f000 - 00000000000a0000
[    0.000000] PM: Registered nosave memory: 00000000000a0000 - 00000000000f0000
[    0.000000] PM: Registered nosave memory: 00000000000f0000 - 0000000000100000
[    0.000000] Allocating PCI resources starting at 4000000 (gap: 4000000:fbfc0000)
[    0.000000] Booting paravirtualized kernel on bare hardware
[    0.000000] setup_percpu: NR_CPUS:64 nr_cpumask_bits:64 nr_cpu_ids:1 nr_node_ids:1
[    0.000000] PERCPU: Embedded 27 pages/cpu @ffff880003a00000 s78848 r8192 d23552 u2097152
[    0.000000] Built 1 zonelists in Node order, mobility grouping on.  Total pages: 16008
[    0.000000] Policy zone: DMA32
[    0.000000] Kernel command line: root=/dev/vda console=tty0 console=ttyS0 no_timer_check
[    0.000000] PID hash table entries: 256 (order: -1, 2048 bytes)
[    0.000000] Checking aperture...
[    0.000000] No AGP bridge found
[    0.000000] Memory: 43492k/65528k available (6576k kernel code, 452k absent, 21584k reserved, 6620k data, 928k init)
[    0.000000] SLUB: Genslabs=15, HWalign=64, Order=0-3, MinObjects=0, CPUs=1, Nodes=1
[    0.000000] Hierarchical RCU implementation.
[    0.000000] 	RCU dyntick-idle grace-period acceleration is enabled.
[    0.000000] NR_IRQS:4352 nr_irqs:256 16
[    0.000000] Console: colour VGA+ 80x25
[    0.000000] console [tty0] enabled
[    0.000000] console [ttyS0] enabled
[    0.000000] allocated 1048576 bytes of page_cgroup
[    0.000000] please try 'cgroup_disable=memory' option if you don't want memory cgroups
[    0.000000] Fast TSC calibration failed
[    0.000000] TSC: Unable to calibrate against PIT
[    0.000000] TSC: using HPET reference calibration
[    0.000000] Detected 2295.346 MHz processor.
[    0.040819] Calibrating delay loop (skipped), value calculated using timer frequency.. 4590.69 BogoMIPS (lpj=9181384)
[    0.044984] pid_max: default: 32768 minimum: 301
[    0.052960] Security Framework initialized
[    0.059098] AppArmor: AppArmor initialized
[    0.060133] Yama: becoming mindful.
[    0.066159] Dentry cache hash table entries: 8192 (order: 4, 65536 bytes)
[    0.068127] Inode-cache hash table entries: 4096 (order: 3, 32768 bytes)
[    0.069960] Mount-cache hash table entries: 256
[    0.085783] Initializing cgroup subsys cpuacct
[    0.086710] Initializing cgroup subsys memory
[    0.088625] Initializing cgroup subsys devices
[    0.089353] Initializing cgroup subsys freezer
[    0.090055] Initializing cgroup subsys blkio
[    0.090777] Initializing cgroup subsys perf_event
[    0.094939] mce: CPU supports 10 MCE banks
[    0.098255] SMP alternatives: switching to UP code
[    0.479349] Freeing SMP alternatives: 24k freed
[    0.480993] ACPI: Core revision 20110623
[    0.535055] ftrace: allocating 26610 entries in 105 pages
[    0.565435] ..TIMER: vector=0x30 apic1=0 pin1=2 apic2=-1 pin2=-1
[    0.568265] CPU0: AMD QEMU Virtual CPU version 2.0.0 stepping 03
[    0.572035] Performance Events: Broken PMU hardware detected, using software events only.
[    0.580154] NMI watchdog disabled (cpu0): hardware events not enabled
[    0.582445] Brought up 1 CPUs
[    0.583056] Total of 1 processors activated (4590.69 BogoMIPS).
[    0.610495] devtmpfs: initialized
[    0.638655] EVM: security.selinux
[    0.640103] EVM: security.SMACK64
[    0.640561] EVM: security.capability
[    0.660758] print_constraints: dummy: 
[    0.662494] RTC time:  3:05:46, date: 12/05/15
[    0.665452] NET: Registered protocol family 16
[    0.674169] ACPI: bus type pci registered
[    0.678219] PCI: Using configuration type 1 for base access
[    0.710586] bio: create slab &lt;bio-0&gt; at 0
[    0.715144] ACPI: Added _OSI(Module Device)
[    0.716132] ACPI: Added _OSI(Processor Device)
[    0.716754] ACPI: Added _OSI(3.0 _SCP Extensions)
[    0.717349] ACPI: Added _OSI(Processor Aggregator Device)
[    0.784381] ACPI: Interpreter enabled
[    0.784930] ACPI: (supports S0 S3 S4 S5)
[    0.786970] ACPI: Using IOAPIC for interrupt routing
[    0.865402] ACPI: No dock devices found.
[    0.866057] HEST: Table not found.
[    0.866724] PCI: Using host bridge windows from ACPI; if necessary, use "pci=nocrs" and report a bug
[    0.873215] ACPI: PCI Root Bridge [PCI0] (domain 0000 [bus 00-ff])
[    0.880054] pci_root PNP0A03:00: host bridge window [io  0x0000-0x0cf7]
[    0.880148] pci_root PNP0A03:00: host bridge window [io  0x0d00-0xadff]
[    0.880987] pci_root PNP0A03:00: host bridge window [io  0xae0f-0xaeff]
[    0.881799] pci_root PNP0A03:00: host bridge window [io  0xaf20-0xafdf]
[    0.884105] pci_root PNP0A03:00: host bridge window [io  0xafe4-0xffff]
[    0.884949] pci_root PNP0A03:00: host bridge window [mem 0x000a0000-0x000bffff]
[    0.885864] pci_root PNP0A03:00: host bridge window [mem 0x04000000-0xfebfffff]
[    0.912406] pci 0000:00:01.3: quirk: [io  0xb000-0xb03f] claimed by PIIX4 ACPI
[    0.913416] pci 0000:00:01.3: quirk: [io  0xb100-0xb10f] claimed by PIIX4 SMB
[    0.982077]  pci0000:00: Unable to request _OSC control (_OSC support mask: 0x1e)
[    1.056648] ACPI: PCI Interrupt Link [LNKA] (IRQs 5 *10 11)
[    1.060226] ACPI: PCI Interrupt Link [LNKB] (IRQs 5 *10 11)
[    1.061760] ACPI: PCI Interrupt Link [LNKC] (IRQs 5 10 *11)
[    1.063424] ACPI: PCI Interrupt Link [LNKD] (IRQs 5 10 *11)
[    1.064889] ACPI: PCI Interrupt Link [LNKS] (IRQs *9)
[    1.072066] vgaarb: device added: PCI:0000:00:02.0,decodes=io+mem,owns=io+mem,locks=none
[    1.072185] vgaarb: loaded
[    1.072552] vgaarb: bridge control possible 0000:00:02.0
[    1.077398] i2c-core: driver [aat2870] using legacy suspend method
[    1.078105] i2c-core: driver [aat2870] using legacy resume method
[    1.081293] SCSI subsystem initialized
[    1.085537] usbcore: registered new interface driver usbfs
[    1.086638] usbcore: registered new interface driver hub
[    1.088900] usbcore: registered new device driver usb
[    1.092636] PCI: Using ACPI for IRQ routing
[    1.106677] NetLabel: Initializing
[    1.107176] NetLabel:  domain hash size = 128
[    1.108166] NetLabel:  protocols = UNLABELED CIPSOv4
[    1.110325] NetLabel:  unlabeled traffic allowed by default
[    1.112964] HPET: 3 timers in total, 0 timers will be used for per-cpu timer
[    1.114038] hpet0: at MMIO 0xfed00000, IRQs 2, 8, 0
[    1.114904] hpet0: 3 comparators, 64-bit 100.000000 MHz counter
[    1.129742] Switching to clocksource hpet
[    1.351020] AppArmor: AppArmor Filesystem Enabled
[    1.355069] pnp: PnP ACPI init
[    1.357166] ACPI: bus type pnp registered
[    1.390330] pnp: PnP ACPI: found 9 devices
[    1.390961] ACPI: ACPI bus type pnp unregistered
[    1.457989] NET: Registered protocol family 2
[    1.507723] IP route cache hash table entries: 512 (order: 0, 4096 bytes)
[    1.518141] TCP established hash table entries: 2048 (order: 3, 32768 bytes)
[    1.519600] TCP bind hash table entries: 2048 (order: 3, 32768 bytes)
[    1.521631] TCP: Hash tables configured (established 2048 bind 2048)
[    1.522649] TCP reno registered
[    1.523220] UDP hash table entries: 128 (order: 0, 4096 bytes)
[    1.524115] UDP-Lite hash table entries: 128 (order: 0, 4096 bytes)
[    1.527283] NET: Registered protocol family 1
[    1.528815] pci 0000:00:00.0: Limiting direct PCI/PCI transfers
[    1.530646] pci 0000:00:01.0: PIIX3: Enabling Passive Release
[    1.531625] pci 0000:00:01.0: Activating ISA DMA hang workarounds
[    1.538623] ACPI: PCI Interrupt Link [LNKD] enabled at IRQ 11
[    1.539669] pci 0000:00:01.2: PCI INT D -&gt; Link[LNKD] -&gt; GSI 11 (level, high) -&gt; IRQ 11
[    1.542767] pci 0000:00:01.2: PCI INT D disabled
[    1.562936] Trying to unpack rootfs image as initramfs...
[    1.581477] audit: initializing netlink socket (disabled)
[    1.582929] type=2000 audit(1449284746.580:1): initialized
[    1.842255] HugeTLB registered 2 MB page size, pre-allocated 0 pages
[    1.911086] VFS: Disk quotas dquot_6.5.2
[    1.913491] Dquot-cache hash table entries: 512 (order 0, 4096 bytes)
[    1.934992] fuse init (API version 7.17)
[    1.938942] msgmni has been set to 84
[    1.978299] Block layer SCSI generic (bsg) driver version 0.4 loaded (major 253)
[    1.979841] io scheduler noop registered
[    1.980398] io scheduler deadline registered (default)
[    1.989493] io scheduler cfq registered
[    1.995037] pci_hotplug: PCI Hot Plug PCI Core version: 0.5
[    1.999799] pciehp: PCI Express Hot Plug Controller Driver version: 0.4
[    2.007715] input: Power Button as /devices/LNXSYSTM:00/LNXPWRBN:00/input/input0
[    2.011602] ACPI: Power Button [PWRF]
[    2.092069] ERST: Table is not found!
[    2.093234] GHES: HEST is not enabled!
[    2.104258] ACPI: PCI Interrupt Link [LNKC] enabled at IRQ 10
[    2.107144] virtio-pci 0000:00:03.0: PCI INT A -&gt; Link[LNKC] -&gt; GSI 10 (level, high) -&gt; IRQ 10
[    2.111788] virtio-pci 0000:00:04.0: PCI INT A -&gt; Link[LNKD] -&gt; GSI 11 (level, high) -&gt; IRQ 11
[    2.132227] ACPI: PCI Interrupt Link [LNKA] enabled at IRQ 10
[    2.133932] virtio-pci 0000:00:05.0: PCI INT A -&gt; Link[LNKA] -&gt; GSI 10 (level, high) -&gt; IRQ 10
[    2.146598] Serial: 8250/16550 driver, 32 ports, IRQ sharing enabled
[    2.189695] serial8250: ttyS0 at I/O 0x3f8 (irq = 4) is a 16550A
[    2.311852] serial8250: ttyS1 at I/O 0x2f8 (irq = 3) is a 16550A
[    2.465307] 00:05: ttyS0 at I/O 0x3f8 (irq = 4) is a 16550A
[    2.553829] 00:06: ttyS1 at I/O 0x2f8 (irq = 3) is a 16550A
[    2.555057] Refined TSC clocksource calibration: 2296.018 MHz.
[    2.555859] Switching to clocksource tsc
[    2.610740] Linux agpgart interface v0.103
[    2.703104] brd: module loaded
[    2.734800] loop: module loaded
[    2.790080]  vda: unknown partition table
[    2.841357] scsi0 : ata_piix
[    2.849753] scsi1 : ata_piix
[    2.851092] ata1: PATA max MWDMA2 cmd 0x1f0 ctl 0x3f6 bmdma 0xc0a0 irq 14
[    2.851923] ata2: PATA max MWDMA2 cmd 0x170 ctl 0x376 bmdma 0xc0a8 irq 15
[    2.861962] Fixed MDIO Bus: probed
[    2.862763] tun: Universal TUN/TAP device driver, 1.6
[    2.863316] tun: (C) 1999-2004 Max Krasnyansky &lt;maxk@qualcomm.com&gt;
[    2.875055] PPP generic driver version 2.4.2
[    2.902140] ehci_hcd: USB 2.0 'Enhanced' Host Controller (EHCI) Driver
[    2.903235] ohci_hcd: USB 1.1 'Open' Host Controller (OHCI) Driver
[    2.904170] uhci_hcd: USB Universal Host Controller Interface driver
[    2.906249] uhci_hcd 0000:00:01.2: PCI INT D -&gt; Link[LNKD] -&gt; GSI 11 (level, high) -&gt; IRQ 11
[    2.910582] uhci_hcd 0000:00:01.2: UHCI Host Controller
[    2.930986] uhci_hcd 0000:00:01.2: new USB bus registered, assigned bus number 1
[    2.935251] uhci_hcd 0000:00:01.2: irq 11, io base 0x0000c040
[    2.981324] hub 1-0:1.0: USB hub found
[    2.983830] hub 1-0:1.0: 2 ports detected
[    2.994343] usbcore: registered new interface driver libusual
[    2.999310] i8042: PNP: PS/2 Controller [PNP0303:KBD,PNP0f13:MOU] at 0x60,0x64 irq 1,12
[    3.014734] serio: i8042 KBD port at 0x60,0x64 irq 1
[    3.016043] serio: i8042 AUX port at 0x60,0x64 irq 12
[    3.066649] ata2.01: ATAPI: QEMU DVD-ROM, 2.0.0, max UDMA/100
[    3.074593] ata2.01: configured for MWDMA2
[    3.119062] scsi 1:0:1:0: CD-ROM            QEMU     QEMU DVD-ROM     2.0. PQ: 0 ANSI: 5
[    3.131549] mousedev: PS/2 mouse device common for all mice
[    3.143330] input: AT Translated Set 2 keyboard as /devices/platform/i8042/serio0/input/input1
[    3.147944] rtc_cmos 00:01: RTC can wake from S4
[    3.171637] rtc_cmos 00:01: rtc core: registered rtc_cmos as rtc0
[    3.175083] rtc0: alarms up to one day, 114 bytes nvram, hpet irqs
[    3.178866] device-mapper: uevent: version 1.0.3
[    3.183449] sr0: scsi3-mmc drive: 4x/4x cd/rw xa/form2 tray
[    3.184933] cdrom: Uniform CD-ROM driver Revision: 3.20
[    3.206310] sr 1:0:1:0: Attached scsi generic sg0 type 5
[    3.211894] device-mapper: ioctl: 4.22.0-ioctl (2011-10-19) initialised: dm-devel@redhat.com
[    3.215172] cpuidle: using governor ladder
[    3.215977] cpuidle: using governor menu
[    3.217932] EFI Variables Facility v0.08 2004-May-17
[    3.225205] TCP cubic registered
[    3.230775] NET: Registered protocol family 10
[    3.259001] NET: Registered protocol family 17
[    3.259908] Registering the dns_resolver key type
[    3.319694] Freeing initrd memory: 3656k freed
[    3.335916] registered taskstats version 1
[    3.871488]   Magic number: 11:240:57
[    3.883741] rtc_cmos 00:01: setting system clock to 2015-12-05 03:05:49 UTC (1449284749)
[    3.887442] powernow-k8: Processor cpuid 663 not supported
[    3.893323] BIOS EDD facility v0.16 2004-Jun-25, 0 devices found
[    3.895277] EDD information not available.
[    3.971508] Freeing unused kernel memory: 928k freed
[    3.979415] Write protecting the kernel read-only data: 12288k
[    4.089618] Freeing unused kernel memory: 1596k freed
[    4.154080] Freeing unused kernel memory: 1184k freed

info: initramfs: up at 4.33
modprobe: module virtio_blk not found in modules.dep
modprobe: module virtio_net not found in modules.dep
info: copying initramfs to /dev/vda
info: initramfs loading root from /dev/vda
info: /etc/init.d/rc.sysinit: up at 9.35
info: container: none
Starting logging: OK
modprobe: module virtio_blk not found in modules.dep
modprobe: module virtio_net not found in modules.dep
WARN: /etc/rc3.d/S10-load-modules failed
Initializing random number generator... done.
Starting acpid: OK
cirros-ds 'local' up at 11.94
found datasource (configdrive, local)
Starting network...
udhcpc (v1.20.1) started
Sending discover...
Sending discover...
Sending discover...
Usage: /sbin/cirros-dhcpc &lt;up|down&gt;
No lease, failing
WARN: /etc/rc3.d/S40-network failed
Starting dropbear sshd: generating rsa key... generating dsa key... OK
no userdata for datasource
=== system information ===
Platform: OpenStack Foundation OpenStack Nova
Container: none
Arch: x86_64
CPU(s): 1 @ 2295.346 MHz
Cores/Sockets/Threads: 1/1/1
Virt-type: AMD-V
RAM Size: 49MB
Disks:
NAME MAJ:MIN     SIZE LABEL         MOUNTPOINT
vda  253:0   25165824 cirros-rootfs /
sr0   11:0     428032 config-2      
=== sshd host keys ===
-----BEGIN SSH HOST KEY KEYS-----
ssh-rsa AAAAB3NzaC1yc2EAAAADAQABAAAAgwCAoa1xUJWrMWj+gKNqD4FU+kcQYwziBXVTylND7quZHreEry7wwP8XgiUq2Xv6IFJ2/2uIL33FG6mjxERLYZI2+BNxVaoTlaE5QzHgh+auMbhRfK5odRrO7TiwB0gT0Cz/dPMoiXpjHrX3iAv4mCbHAyIvfCPc1v2njBsXG0OViA2l root@tempest
ssh-dss AAAAB3NzaC1kc3MAAACBAJZp1SbMRdOycq5H0B5hdYhgIEx4MwNLAsZRRJYzp2SgyQ6wI839s6BRFbaOvXWAf4lwFPx6ScF3o5kHOQlYepUbUi8/qPm1P/S3a9U+YfAGzTMjDaHaFfj+WAf2x8PXETuiQYLBDnP9I2YpiQ4kGwoBeRNIL94G8gs766poPyEJAAAAFQCRvrfg1N30AoLxDF+6ZHhObTJBxQAAAIBa9pAe/nrjJ/m5PYMtepGtbcea959BP1u5maoA4sFMsZaBjd3w2WZNV+HhRR1vW0NNd7jgRrE2cZI8s5GIU5JV0dyDjYQaqYv8p1uvm/p2QTlQAJfVfGeZi90zprAoAPRJef2S+OjYNaAaOsWULpkk4RY9oHFopLMQtxz5WZIDtwAAAIAPjkvZDQUh2hcw+T6tJrqSCjKiYerRVKVWVoiS/e+JrkEyozyEk8X+sMKvdO18NH6HV8WGgqNfhyX/6vpNEfbSUe4ceaod+EyLLLtbFNCuDfFiPBJ7kl8c0HdpkYG5BkRtQqm21kItu9J66ibxcHLmOropf0lJHFuNNp4gk66HeA== root@tempest
-----END SSH HOST KEY KEYS-----
=== network info ===
if-info: lo,up,127.0.0.1,8,::1
if-info: eth0,up,,8,fe80::f816:3eff:fea5:3982
=== datasource: configdrive local ===
instance-id: 28916300-61e1-49dd-aa19-56c7befbfc03
name: tempest.common.compute-instance-758432249
availability-zone: nova
local-hostname: tempest.common.compute-instance-758432249.novalocal
launch-index: 0
=== cirros: current=0.3.4 uptime=205.01 ===
route: fscanf
=== pinging gateway failed, debugging connection ===
############ debug start ##############
### /etc/init.d/sshd start
Starting dropbear sshd: OK
route: fscanf
### ifconfig -a
eth0      Link encap:Ethernet  HWaddr FA:16:3E:A5:39:82  
          inet6 addr: fe80::f816:3eff:fea5:3982/64 Scope:Link
          UP BROADCAST RUNNING MULTICAST  MTU:1500  Metric:1
          RX packets:12 errors:0 dropped:5 overruns:0 frame:0
          TX packets:8 errors:0 dropped:0 overruns:0 carrier:0
          collisions:0 txqueuelen:1000 
          RX bytes:1293 (1.2 KiB)  TX bytes:1134 (1.1 KiB)

lo        Link encap:Local Loopback  
          inet addr:127.0.0.1  Mask:255.0.0.0
          inet6 addr: ::1/128 Scope:Host
          UP LOOPBACK RUNNING  MTU:16436  Metric:1
          RX packets:12 errors:0 dropped:0 overruns:0 frame:0
          TX packets:12 errors:0 dropped:0 overruns:0 carrier:0
          collisions:0 txqueuelen:0 
          RX bytes:1020 (1020.0 B)  TX bytes:1020 (1020.0 B)

### route -n
Kernel IP routing table
Destination     Gateway         Genmask         Flags Metric Ref    Use Iface
route: fscanf
### cat /etc/resolv.conf
cat: can't open '/etc/resolv.conf': No such file or directory
### gateway not found
/sbin/cirros-status: line 1: can't open /etc/resolv.conf: no such file
### pinging nameservers
### uname -a
Linux tempest 3.2.0-80-virtual #116-Ubuntu SMP Mon Mar 23 17:28:52 UTC 2015 x86_64 GNU/Linux
### lsmod
Module                  Size  Used by    Not tainted
nls_iso8859_1          12713  0 
nls_cp437              16991  0 
vfat                   17585  0 
fat                    61512  1 vfat
isofs                  40259  0 
ip_tables              27473  0 
x_tables               29891  1 ip_tables
pcnet32                42119  0 
8139cp                 27360  0 
ne2k_pci               13691  0 
8390                   18856  1 ne2k_pci
e1000                 108589  0 
acpiphp                24231  0 
### dmesg | tail
[    5.232003] EXT3-fs (vda): mounted filesystem with ordered data mode
[    5.515928] ISO 9660 Extensions: Microsoft Joliet Level 3
[    5.589237] ISO 9660 Extensions: RRIP_1991A
[    5.850245] kjournald starting.  Commit interval 5 seconds
[    5.869692] EXT3-fs (vda): using internal journal
[    5.869857] EXT3-fs (vda): mounted filesystem with ordered data mode
[    9.458827] EXT3-fs (vda): using internal journal
[   12.666062] ISO 9660 Extensions: Microsoft Joliet Level 3
[   12.749435] ISO 9660 Extensions: RRIP_1991A
[   27.283771] eth0: no IPv6 routers present
### tail -n 25 /var/log/messages
Dec  5 03:05:56 cirros kern.info kernel: [    4.674309] acpiphp: Slot [24] registered
Dec  5 03:05:56 cirros kern.info kernel: [    4.674712] acpiphp: Slot [25] registered
Dec  5 03:05:56 cirros kern.info kernel: [    4.676142] acpiphp: Slot [28] registered
Dec  5 03:05:56 cirros kern.info kernel: [    4.677359] acpiphp: Slot [29] registered
Dec  5 03:05:56 cirros kern.info kernel: [    4.677969] acpiphp: Slot [30] registered
Dec  5 03:05:56 cirros kern.info kernel: [    4.678531] acpiphp: Slot [31] registered
Dec  5 03:05:56 cirros kern.info kernel: [    4.729374] e1000: Intel(R) PRO/1000 Network Driver - version 7.3.21-k8-NAPI
Dec  5 03:05:56 cirros kern.info kernel: [    4.730165] e1000: Copyright (c) 1999-2006 Intel Corporation.
Dec  5 03:05:56 cirros kern.info kernel: [    4.775801] ne2k-pci.c:v1.03 9/22/2003 D. Becker/P. Gortmaker
Dec  5 03:05:56 cirros kern.info kernel: [    4.813176] 8139cp: 8139cp: 10/100 PCI Ethernet driver v1.3 (Mar 22, 2004)
Dec  5 03:05:56 cirros kern.info kernel: [    4.868029] pcnet32: pcnet32.c:v1.35 21.Apr.2008 tsbogend@alpha.franken.de
Dec  5 03:05:56 cirros kern.info kernel: [    4.918876] ip_tables: (C) 2000-2006 Netfilter Core Team
Dec  5 03:05:56 cirros kern.info kernel: [    5.222674] kjournald starting.  Commit interval 5 seconds
Dec  5 03:05:56 cirros kern.info kernel: [    5.232003] EXT3-fs (vda): mounted filesystem with ordered data mode
Dec  5 03:05:56 cirros kern.debug kernel: [    5.515928] ISO 9660 Extensions: Microsoft Joliet Level 3
Dec  5 03:05:56 cirros kern.debug kernel: [    5.589237] ISO 9660 Extensions: RRIP_1991A
Dec  5 03:05:56 cirros kern.info kernel: [    5.850245] kjournald starting.  Commit interval 5 seconds
Dec  5 03:05:56 cirros kern.info kernel: [    5.869692] EXT3-fs (vda): using internal journal
Dec  5 03:05:56 cirros kern.info kernel: [    5.869857] EXT3-fs (vda): mounted filesystem with ordered data mode
Dec  5 03:05:56 cirros kern.info kernel: [    9.458827] EXT3-fs (vda): using internal journal
Dec  5 03:05:58 cirros kern.debug kernel: [   12.666062] ISO 9660 Extensions: Microsoft Joliet Level 3
Dec  5 03:05:58 cirros kern.debug kernel: [   12.749435] ISO 9660 Extensions: RRIP_1991A
Dec  5 03:06:01 cirros auth.notice su: + /dev/console root:cirros
Dec  5 03:06:12 cirros kern.debug kernel: [   27.283771] eth0: no IPv6 routers present
Dec  5 03:09:08 cirros authpriv.info dropbear[283]: Running in background
############ debug end   ##############
  ____               ____  ____
 / __/ __ ____ ____ / __ \/ __/
/ /__ / // __// __// /_/ /\ \ 
\___//_//_/  /_/   \____/___/ 
   http://cirros-cloud.net


login as 'cirros' user. default password: 'cubswin:)'. use 'sudo' for root.
tempest login: 
2015-12-05 03:09:16,669 27560 INFO     [tempest_lib.common.rest_client] Request (TestGettingAddress:_run_cleanups): 204 DELETE http://10.0.2.15:9696/v2.0/floatingips/160da6d7-a6d6-4c3f-9d1b-152b003800a3 0.199s
2015-12-05 03:09:16,670 27560 DEBUG    [tempest_lib.common.rest_client] Request - Headers: {'Content-Type': 'application/json', 'Accept': 'application/json', 'X-Auth-Token': '&lt;omitted&gt;'}
        Body: None
    Response - Headers: {'date': 'Sat, 05 Dec 2015 03:09:16 GMT', 'status': '204', 'connection': 'close', 'content-length': '0', 'x-openstack-request-id': 'req-b9fff573-5ead-4a1f-8741-366ff220f8ee'}
        Body: 
2015-12-05 03:09:16,902 27560 INFO     [tempest_lib.common.rest_client] Request (TestGettingAddress:_run_cleanups): 204 DELETE http://10.0.2.15:8774/v2.1/df61bfd96757490fbce4e986c4c5c116/servers/28916300-61e1-49dd-aa19-56c7befbfc03 0.232s
2015-12-05 03:09:16,902 27560 DEBUG    [tempest_lib.common.rest_client] Request - Headers: {'Content-Type': 'application/json', 'Accept': 'application/json', 'X-Auth-Token': '&lt;omitted&gt;'}
        Body: None
    Response - Headers: {'status': '204', 'content-length': '0', 'x-compute-request-id': 'req-b36772be-f33d-428e-a17a-f81df9b80eeb', 'vary': 'X-OpenStack-Nova-API-Version', 'connection': 'close', 'x-openstack-nova-api-version': '2.1', 'date': 'Sat, 05 Dec 2015 03:09:16 GMT', 'content-type': 'application/json'}
        Body: 
2015-12-05 03:09:17,138 27560 INFO     [tempest_lib.common.rest_client] Request (TestGettingAddress:_run_cleanups): 200 GET http://10.0.2.15:8774/v2.1/df61bfd96757490fbce4e986c4c5c116/servers/28916300-61e1-49dd-aa19-56c7befbfc03 0.235s
2015-12-05 03:09:17,139 27560 DEBUG    [tempest_lib.common.rest_client] Request - Headers: {'Content-Type': 'application/json', 'Accept': 'application/json', 'X-Auth-Token': '&lt;omitted&gt;'}
        Body: None
    Response - Headers: {'status': '200', 'content-length': '1902', 'content-location': 'http://10.0.2.15:8774/v2.1/df61bfd96757490fbce4e986c4c5c116/servers/28916300-61e1-49dd-aa19-56c7befbfc03', 'x-compute-request-id': 'req-168880f5-ec9d-4ff7-87d9-2cd2d0c5f45f', 'vary': 'X-OpenStack-Nova-API-Version', 'connection': 'close', 'x-openstack-nova-api-version': '2.1', 'date': 'Sat, 05 Dec 2015 03:09:17 GMT', 'content-type': 'application/json'}
        Body: {"server": {"status": "ACTIVE", "updated": "2015-12-05T03:09:16Z", "hostId": "b08cafdf32d64ceb840e6a5c3659732979dfc5351582cd357e28a336", "addresses": {"tempest-network-smoke--2030403188": [{"OS-EXT-IPS-MAC:mac_addr": "fa:16:3e:a5:39:82", "version": 6, "addr": "2003::f816:3eff:fea5:3982", "OS-EXT-IPS:type": "fixed"}, {"OS-EXT-IPS-MAC:mac_addr": "fa:16:3e:a5:39:82", "version": 4, "addr": "10.100.0.3", "OS-EXT-IPS:type": "fixed"}, {"OS-EXT-IPS-MAC:mac_addr": "fa:16:3e:a5:39:82", "version": 4, "addr": "172.24.4.4", "OS-EXT-IPS:type": "floating"}]}, "links": [{"href": "http://10.0.2.15:8774/v2.1/df61bfd96757490fbce4e986c4c5c116/servers/28916300-61e1-49dd-aa19-56c7befbfc03", "rel": "self"}, {"href": "http://10.0.2.15:8774/df61bfd96757490fbce4e986c4c5c116/servers/28916300-61e1-49dd-aa19-56c7befbfc03", "rel": "bookmark"}], "key_name": "tempest-TestGettingAddress-503304056", "image": {"id": "9524f720-6796-4eb6-88e9-008a1d113e37", "links": [{"href": "http://10.0.2.15:8774/df61bfd96757490fbce4e986c4c5c116/images/9524f720-6796-4eb6-88e9-008a1d113e37", "rel": "bookmark"}]}, "OS-EXT-STS:task_state": "deleting", "OS-EXT-STS:vm_state": "active", "OS-SRV-USG:launched_at": "2015-12-05T03:05:42.000000", "flavor": {"id": "42", "links": [{"href": "http://10.0.2.15:8774/df61bfd96757490fbce4e986c4c5c116/flavors/42", "rel": "bookmark"}]}, "id": "28916300-61e1-49dd-aa19-56c7befbfc03", "security_groups": [{"name": "tempest-secgroup-smoke-137299492"}], "OS-SRV-USG:terminated_at": null, "OS-EXT-AZ:availability_zone": "nova", "user_id": "89ac43fc39a54f0c9238510443c61abb", "name": "tempest.common.compute-instance-758432249", "created": "2015-12-05T03:05:39Z", "tenant_id": "df61bfd96757490fbce4e986c4c5c116", "OS-DCF:diskConfig": "MANUAL", "os-extended-volumes:volumes_attached": [], "accessIPv4": "", "accessIPv6": "", "progress": 0, "OS-EXT-STS:power_state": 1, "config_drive": "True", "metadata": {}}}
2015-12-05 03:09:18,292 27560 INFO     [tempest_lib.common.rest_client] Request (TestGettingAddress:_run_cleanups): 200 GET http://10.0.2.15:8774/v2.1/df61bfd96757490fbce4e986c4c5c116/servers/28916300-61e1-49dd-aa19-56c7befbfc03 0.138s
2015-12-05 03:09:18,292 27560 DEBUG    [tempest_lib.common.rest_client] Request - Headers: {'Content-Type': 'application/json', 'Accept': 'application/json', 'X-Auth-Token': '&lt;omitted&gt;'}
        Body: None
    Response - Headers: {'status': '200', 'content-length': '1438', 'content-location': 'http://10.0.2.15:8774/v2.1/df61bfd96757490fbce4e986c4c5c116/servers/28916300-61e1-49dd-aa19-56c7befbfc03', 'x-compute-request-id': 'req-189e3d5f-271b-4bec-935e-4f844a906c06', 'vary': 'X-OpenStack-Nova-API-Version', 'connection': 'close', 'x-openstack-nova-api-version': '2.1', 'date': 'Sat, 05 Dec 2015 03:09:18 GMT', 'content-type': 'application/json'}
        Body: {"server": {"status": "ACTIVE", "updated": "2015-12-05T03:09:17Z", "hostId": "b08cafdf32d64ceb840e6a5c3659732979dfc5351582cd357e28a336", "addresses": {}, "links": [{"href": "http://10.0.2.15:8774/v2.1/df61bfd96757490fbce4e986c4c5c116/servers/28916300-61e1-49dd-aa19-56c7befbfc03", "rel": "self"}, {"href": "http://10.0.2.15:8774/df61bfd96757490fbce4e986c4c5c116/servers/28916300-61e1-49dd-aa19-56c7befbfc03", "rel": "bookmark"}], "key_name": "tempest-TestGettingAddress-503304056", "image": {"id": "9524f720-6796-4eb6-88e9-008a1d113e37", "links": [{"href": "http://10.0.2.15:8774/df61bfd96757490fbce4e986c4c5c116/images/9524f720-6796-4eb6-88e9-008a1d113e37", "rel": "bookmark"}]}, "OS-EXT-STS:task_state": "deleting", "OS-EXT-STS:vm_state": "active", "OS-SRV-USG:launched_at": "2015-12-05T03:05:42.000000", "flavor": {"id": "42", "links": [{"href": "http://10.0.2.15:8774/df61bfd96757490fbce4e986c4c5c116/flavors/42", "rel": "bookmark"}]}, "id": "28916300-61e1-49dd-aa19-56c7befbfc03", "OS-SRV-USG:terminated_at": null, "OS-EXT-AZ:availability_zone": "nova", "user_id": "89ac43fc39a54f0c9238510443c61abb", "name": "tempest.common.compute-instance-758432249", "created": "2015-12-05T03:05:39Z", "tenant_id": "df61bfd96757490fbce4e986c4c5c116", "OS-DCF:diskConfig": "MANUAL", "os-extended-volumes:volumes_attached": [], "accessIPv4": "", "accessIPv6": "", "progress": 0, "OS-EXT-STS:power_state": 1, "config_drive": "True", "metadata": {}}}
2015-12-05 03:09:19,390 27560 INFO     [tempest_lib.common.rest_client] Request (TestGettingAddress:_run_cleanups): 404 GET http://10.0.2.15:8774/v2.1/df61bfd96757490fbce4e986c4c5c116/servers/28916300-61e1-49dd-aa19-56c7befbfc03 0.082s
2015-12-05 03:09:19,390 27560 DEBUG    [tempest_lib.common.rest_client] Request - Headers: {'Content-Type': 'application/json', 'Accept': 'application/json', 'X-Auth-Token': '&lt;omitted&gt;'}
        Body: None
    Response - Headers: {'status': '404', 'content-length': '111', 'x-compute-request-id': 'req-98565a06-6121-49f5-9877-a5ccd4bf59c7', 'vary': 'X-OpenStack-Nova-API-Version', 'connection': 'close', 'x-openstack-nova-api-version': '2.1', 'date': 'Sat, 05 Dec 2015 03:09:19 GMT', 'content-type': 'application/json; charset=UTF-8'}
        Body: {"itemNotFound": {"message": "Instance 28916300-61e1-49dd-aa19-56c7befbfc03 could not be found.", "code": 404}}
2015-12-05 03:09:19,812 27560 INFO     [tempest_lib.common.rest_client] Request (TestGettingAddress:_run_cleanups): 200 PUT http://10.0.2.15:9696/v2.0/routers/e0b4731f-fa59-47d2-8b02-f4971d115043/remove_router_interface 0.421s
2015-12-05 03:09:19,812 27560 DEBUG    [tempest_lib.common.rest_client] Request - Headers: {'Content-Type': 'application/json', 'Accept': 'application/json', 'X-Auth-Token': '&lt;omitted&gt;'}
        Body: {"subnet_id": "05ed485f-692d-435c-ab29-3fac48674a63"}
    Response - Headers: {'status': '200', 'content-length': '255', 'connection': 'close', 'date': 'Sat, 05 Dec 2015 03:09:19 GMT', 'content-type': 'application/json; charset=UTF-8', 'x-openstack-request-id': 'req-98b0f547-f7c4-4f36-bc8f-a1e25dd8c7e0'}
        Body: {"subnet_id": "05ed485f-692d-435c-ab29-3fac48674a63", "tenant_id": "df61bfd96757490fbce4e986c4c5c116", "subnet_ids": ["05ed485f-692d-435c-ab29-3fac48674a63"], "port_id": "3fb476af-2589-46fb-aa16-025710acef80", "id": "e0b4731f-fa59-47d2-8b02-f4971d115043"}
2015-12-05 03:09:20,203 27560 INFO     [tempest_lib.common.rest_client] Request (TestGettingAddress:_run_cleanups): 204 DELETE http://10.0.2.15:9696/v2.0/subnets/05ed485f-692d-435c-ab29-3fac48674a63 0.390s
2015-12-05 03:09:20,204 27560 DEBUG    [tempest_lib.common.rest_client] Request - Headers: {'Content-Type': 'application/json', 'Accept': 'application/json', 'X-Auth-Token': '&lt;omitted&gt;'}
        Body: None
    Response - Headers: {'date': 'Sat, 05 Dec 2015 03:09:20 GMT', 'status': '204', 'connection': 'close', 'content-length': '0', 'x-openstack-request-id': 'req-9cad3af2-27fe-4da6-8a08-6274f3c62537'}
        Body: 
2015-12-05 03:09:20,237 27560 INFO     [tempest_lib.common.rest_client] Request (TestGettingAddress:_run_cleanups): 404 DELETE http://10.0.2.15:9696/v2.0/subnets/05ed485f-692d-435c-ab29-3fac48674a63 0.032s
2015-12-05 03:09:20,238 27560 DEBUG    [tempest_lib.common.rest_client] Request - Headers: {'Content-Type': 'application/json', 'Accept': 'application/json', 'X-Auth-Token': '&lt;omitted&gt;'}
        Body: None
    Response - Headers: {'status': '404', 'content-length': '135', 'connection': 'close', 'date': 'Sat, 05 Dec 2015 03:09:20 GMT', 'content-type': 'application/json; charset=UTF-8', 'x-openstack-request-id': 'req-3bfe838f-b774-41c8-9096-8c269193af48'}
        Body: {"NeutronError": {"message": "Subnet 05ed485f-692d-435c-ab29-3fac48674a63 could not be found", "type": "SubnetNotFound", "detail": ""}}
2015-12-05 03:09:20,574 27560 INFO     [tempest_lib.common.rest_client] Request (TestGettingAddress:_run_cleanups): 200 PUT http://10.0.2.15:9696/v2.0/routers/e0b4731f-fa59-47d2-8b02-f4971d115043/remove_router_interface 0.335s
2015-12-05 03:09:20,574 27560 DEBUG    [tempest_lib.common.rest_client] Request - Headers: {'Content-Type': 'application/json', 'Accept': 'application/json', 'X-Auth-Token': '&lt;omitted&gt;'}
        Body: {"subnet_id": "5b7aa0ba-2d7e-4948-a043-5f8f93b89932"}
