<?xml version="1.0" encoding="UTF-8"?>
<!DOCTYPE html PUBLIC "-//W3C//DTD XHTML 1.0 Strict//EN"
     "http://www.w3.org/TR/xhtml1/DTD/xhtml1-strict.dtd">
<html xmlns="http://www.w3.org/1999/xhtml">
<head>
    <title>Unit Test Report</title>
    <meta name="generator" content="subunit2html 0.1"/>
    <meta http-equiv="Content-Type" content="text/html; charset=UTF-8"/>
    
<style type="text/css" media="screen">
body        { font-family: verdana, arial, helvetica, sans-serif;
    font-size: 80%; }
table       { font-size: 100%; width: 100%;}
pre         { font-size: 80%; }

/* -- heading -------------------------------------------------------------- */
h1 {
        font-size: 16pt;
        color: gray;
}
.heading {
    margin-top: 0ex;
    margin-bottom: 1ex;
}

.heading .attribute {
    margin-top: 1ex;
    margin-bottom: 0;
}

.heading .description {
    margin-top: 4ex;
    margin-bottom: 6ex;
}

/* -- css div popup -------------------------------------------------------- */
a.popup_link {
}

a.popup_link:hover {
    color: red;
}

.popup_window {
    display: none;
    overflow-x: scroll;
    /*border: solid #627173 1px; */
    padding: 10px;
    background-color: #E6E6D6;
    font-family: "Ubuntu Mono", "Lucida Console", "Courier New", monospace;
    text-align: left;
    font-size: 8pt;
}

}
/* -- report --------------------------------------------------------------- */
#show_detail_line {
    margin-top: 3ex;
    margin-bottom: 1ex;
}
#result_table {
    width: 100%;
    border-collapse: collapse;
    border: 1px solid #777;
}
#header_row {
    font-weight: bold;
    color: white;
    background-color: #777;
}
#result_table td {
    border: 1px solid #777;
    padding: 2px;
}
#total_row  { font-weight: bold; }
.passClass  { background-color: #6c6; }
.failClass  { background-color: #c60; }
.errorClass { background-color: #c00; }
.passCase   { color: #6c6; }
.failCase   { color: #c60; font-weight: bold; }
.errorCase  { color: #c00; font-weight: bold; }
.hiddenRow  { display: none; }
.testcase   { margin-left: 2em; }
td.testname {width: 40%}
td.small {width: 40px}

/* -- ending --------------------------------------------------------------- */
#ending {
}

</style>

</head>
<body>
<script language="javascript" type="text/javascript"><!--
output_list = Array();

/* level - 0:Summary; 1:Failed; 2:All */
function showCase(level) {
    trs = document.getElementsByTagName("tr");
    for (var i = 0; i < trs.length; i++) {
        tr = trs[i];
        id = tr.id;
        if (id.substr(0,2) == 'ft') {
            if (level < 1) {
                tr.className = 'hiddenRow';
            }
            else {
                tr.className = '';
            }
        }
        if (id.substr(0,2) == 'pt') {
            if (level > 1) {
                tr.className = '';
            }
            else {
                tr.className = 'hiddenRow';
            }
        }
    }
}


function showClassDetail(cid, count) {
    var id_list = Array(count);
    var toHide = 1;
    for (var i = 0; i < count; i++) {
        tid0 = 't' + cid.substr(1) + '.' + (i+1);
        tid = 'f' + tid0;
        tr = document.getElementById(tid);
        if (!tr) {
            tid = 'p' + tid0;
            tr = document.getElementById(tid);
        }
        id_list[i] = tid;
        if (tr.className) {
            toHide = 0;
        }
    }
    for (var i = 0; i < count; i++) {
        tid = id_list[i];
        if (toHide) {
            document.getElementById('div_'+tid).style.display = 'none'
            document.getElementById(tid).className = 'hiddenRow';
        }
        else {
            document.getElementById(tid).className = '';
        }
    }
}


function showTestDetail(div_id){
    var details_div = document.getElementById(div_id)
    var displayState = details_div.style.display
    // alert(displayState)
    if (displayState != 'block' ) {
        displayState = 'block'
        details_div.style.display = 'block'
    }
    else {
        details_div.style.display = 'none'
    }
}


function html_escape(s) {
    s = s.replace(/&/g,'&amp;');
    s = s.replace(/</g,'&lt;');
    s = s.replace(/>/g,'&gt;');
    return s;
}

/* obsoleted by detail in <div>
function showOutput(id, name) {
    var w = window.open("", //url
                    name,
                    "resizable,scrollbars,status,width=800,height=450");
    d = w.document;
    d.write("<pre>");
    d.write(html_escape(output_list[id]));
    d.write("\n");
    d.write("<a href='javascript:window.close()'>close</a>\n");
    d.write("</pre>\n");
    d.close();
}
*/
--></script>

<div class='heading'>
<h1>Unit Test Report</h1>

<p class='attribute'><strong>Status:</strong> Failure 8</p>

<p class='description'></p>
</div>



<p id='show_detail_line'>Show
<a href='javascript:showCase(0)'>Summary</a>
<a href='javascript:showCase(1)'>Failed</a>
<a href='javascript:showCase(2)'>All</a>
</p>
<table id='result_table'>
<colgroup>
<col align='left' />
<col align='right' />
<col align='right' />
<col align='right' />
<col align='right' />
<col align='right' />
<col align='right' />
<col align='right' />
</colgroup>
<tr id='header_row'>
    <td>Test Group/Test case</td>
    <td>Count</td>
    <td>Pass</td>
    <td>Fail</td>
    <td>Error</td>
    <td>Skip</td>
    <td>View</td>
    <td> </td>
</tr>

<tr class='failClass'>
    <td class="testname">tempest.scenario.test_network_v6.TestGettingAddress</td>
    <td class="small">8</td>
    <td class="small">0</td>
    <td class="small">8</td>
    <td class="small">0</td>
    <td class="small">0</td>
    <td class="small"><a href="javascript:showClassDetail('c1',8)"
>Detail</a></td>
    <td> </td>
</tr>

<tr id='ft1.1' class='none'>
    <td class='failCase'><div class='testcase'>test_dhcp6_stateless_from_os[compute,id-d7e1f858-187c-45a6-89c9-bdafde619a9f,network]</div></td>
    <td colspan='7' align='left'>

    <!--css div popup start-->
    <a class="popup_link" onfocus='this.blur();'
    href="javascript:showTestDetail('div_ft1.1')" >
        fail</a>

    <div id='div_ft1.1' class="popup_window">
        <div style='text-align: right; color:red;cursor:pointer'>
        <a onfocus='this.blur();'
onclick="document.getElementById('div_ft1.1').style.display = 'none' " >
           [x]</a>
        </div>
        <pre>
        
ft1.1: tempest.scenario.test_network_v6.TestGettingAddress.test_dhcp6_stateless_from_os[compute,id-d7e1f858-187c-45a6-89c9-bdafde619a9f,network]_StringException: Empty attachments:
  stderr
  stdout

pythonlogging:'': {{{
2015-12-21 12:19:14,124 20442 INFO     [tempest_lib.common.rest_client] Request (TestGettingAddress:setUp): 200 POST http://10.0.2.15:8774/v2.1/9094f1d73b074c9694a9708a9b934299/os-keypairs 0.591s
2015-12-21 12:19:14,125 20442 DEBUG    [tempest_lib.common.rest_client] Request - Headers: {'Content-Type': 'application/json', 'Accept': 'application/json', 'X-Auth-Token': '&lt;omitted&gt;'}
        Body: {"keypair": {"name": "tempest-TestGettingAddress-275178553"}}
    Response - Headers: {'status': '200', 'content-length': '2319', 'x-compute-request-id': 'req-ef2bff88-cf7e-4349-9df9-069a261d5999', 'vary': 'X-OpenStack-Nova-API-Version', 'connection': 'close', 'x-openstack-nova-api-version': '2.1', 'date': 'Mon, 21 Dec 2015 12:19:14 GMT', 'content-type': 'application/json'}
        Body: {"keypair": {"public_key": "ssh-rsa AAAAB3NzaC1yc2EAAAADAQABAAABAQCqE/LTi1nrN3AsnajtCu8ir53cP7epOALvoWHhFcaQKZKLvYzKW8IY+kXB60+Sm2iRVbMiD0RfxcciAbdNEJ5s1iVl3iSp2Uwjgt3KEYfU0HDLXzoUS+rIMMT93MrmVg7n6kDaJKYfBkAiEgWoOx0E4zMAC9R63PeKM0lTxRIrSK0uoN/ndO79p0Iywk+G6YFPfGIOjfCSuktuQ5zsv3vKx3munvnYdaZSkeM3VMzu3s5TCmDBk0z6GgClalVBJthwVN7UleUReYit1+UJBiL+7LSogYYCOhSnDluZh9wyPgs+51MciBBjxrIk/CvXm4lN1Ga4L0nxPi8tTZbQ4zwt Generated-by-Nova", "private_key": "-----BEGIN RSA PRIVATE KEY-----\nMIIEqQIBAAKCAQEAqhPy04tZ6zdwLJ2o7QrvIq+d3D+3qTgC76Fh4RXGkCmSi72M\nylvCGPpFwetPkptokVWzIg9EX8XHIgG3TRCebNYlZd4kqdlMI4LdyhGH1NBwy186\nFEvqyDDE/dzK5lYO5+pA2iSmHwZAIhIFqDsdBOMzAAvUetz3ijNJU8USK0itLqDf\n53Tu/adCMsJPhumBT3xiDo3wkrpLbkOc7L97ysd5rp752HWmUpHjN1TM7t7OUwpg\nwZNM+hoApWpVQSbYcFTe1JXlEXmIrdflCQYi/uy0qIGGAjoUpw5bmYfcMj4LPudT\nHIgQY8ayJPwr15uJTdRmuC9J8T4vLU2W0OM8LQIDAQABAoIBACz8n9NS3dL41AQJ\nI+Cnbr+XAkN62yK4fRZTcqdt8hq51FiAJ9hy0vF2abM0gdS+pLckmwBcV3KZxuV4\n3LpWtgEF19iNHNeMcbZG7FGBt5MUG3G/24X42r5fIAwiNc0dYE35yXOqFALKzXX1\nnGd2U2OykQ/nESn6fsOgcznkO70UyjxA1OWJlJfwyLx0BVkPKzANsMFBaVzV6Icw\nqcKoRi9Boba3hefGeeEbNuJar2C9nMF8OSxrU7DuMLw8R7f3ZOOLhkphbS4rLP6U\nJRHgFThttsX6qUST8CmALLUiv6xgAzDxKgPSSYAuqOIL3sxBnFSzKREKg7+Gq3Rs\nY8V9IkUCggCBALxxpD6JEkJQs61dbEUsbAZooNsXkXNatQRaDiVbtQ8N3ikrcBJS\nwADwXMg2iivuv8MlvFOhpZzdo6uOgmP3ArFkqQwHlgv8w7q20LzjTaFM7VbEo1C9\n+MnH7NFzUdSy/dScmWmLt+Rvf+V7ntywmIWwCeq4aqkGCQYI6ZS071SfAoIAgQDn\nDMa9ikxBSoiBN9sSYs/DPvqWNLphGOadQy60Qe3WLBnXi01RH1ztFmcjkyWaQpOZ\nQbMVOQa/Ta9ip6FeK0ZbXmyEKeDbWKqX51PlQ32JjxonD8+CrQtdQETJjsKqfNGb\n4f4fXXI+YKPwZ24LHX7KC/7xbgQWx7Mdm2vn+NJPswKCAIEAk7Gp3g2Gjw07VgRj\nyG+BlyBH+o+lQzjzqR5/+c2/wbXHypKt+t56eAHrZkxAzSAJkgSwbwfBiom4Lsy5\n62l85dYUHEaR1oFcUqnYPkMU4/gsCJaDvdO2+0dDmAF/QGqtQQcfwjZsgZDWN+FE\n6IlMcXNAwoOZrTH6vo0brZ6F+dcCggCBAJFha6gV3jdzA4NzNuhRvnMXLKvYz7GK\n7ojjnf6UQWfy5evHXkX+GwWfhBRRYWa4H5FeUqW29TToV8QWwCW1yxZwyo06oJ7E\nIstkJljq55Hntkf/3c1WvwDVELNWncySr32LbNAlh14ShvUcz5Q04fOWKruVQwNm\ncqDdi78xxHubAoIAgCrVhUK636caUKewf/zOn0lrKUNDE0DqwzT6CqCxt2qC7WXo\nA8nVn/E+OzxiilrXv+9VotWD24c91DMg6D7mSiNF/6ISke/6wsu3U0c1v/rWSyw5\nvlnDax/LomBFasreuHO9cgcao0OuLAHjR0FDV2orRzyDfTktaQ0NkAUebohQ\n-----END RSA PRIVATE KEY-----\n", "user_id": "3ac1c4198285469e94ac1f4f224e2121", "name": "tempest-TestGettingAddress-275178553", "fingerprint": "0e:02:2e:d0:71:60:17:1e:91:9e:ef:6e:0a:cd:a6:2f"}}
2015-12-21 12:19:14,480 20442 INFO     [tempest_lib.common.rest_client] Request (TestGettingAddress:setUp): 201 POST http://10.0.2.15:9696/v2.0/security-groups 0.350s
2015-12-21 12:19:14,480 20442 DEBUG    [tempest_lib.common.rest_client] Request - Headers: {'Content-Type': 'application/json', 'Accept': 'application/json', 'X-Auth-Token': '&lt;omitted&gt;'}
        Body: {"security_group": {"tenant_id": "9094f1d73b074c9694a9708a9b934299", "description": "tempest-secgroup-smoke-963014889 description", "name": "tempest-secgroup-smoke-963014889"}}
    Response - Headers: {'status': '201', 'content-length': '886', 'connection': 'close', 'date': 'Mon, 21 Dec 2015 12:19:14 GMT', 'content-type': 'application/json; charset=UTF-8', 'x-openstack-request-id': 'req-257e748d-e197-4aa5-ae20-63c0a9467c4f'}
        Body: {"security_group": {"tenant_id": "9094f1d73b074c9694a9708a9b934299", "description": "tempest-secgroup-smoke-963014889 description", "id": "005ac95d-72d2-46a3-a6f4-740b841653b2", "security_group_rules": [{"remote_group_id": null, "direction": "egress", "remote_ip_prefix": null, "protocol": null, "ethertype": "IPv4", "tenant_id": "9094f1d73b074c9694a9708a9b934299", "port_range_max": null, "port_range_min": null, "id": "3cfe5ced-6a69-463f-9320-dcda1f564c87", "security_group_id": "005ac95d-72d2-46a3-a6f4-740b841653b2"}, {"remote_group_id": null, "direction": "egress", "remote_ip_prefix": null, "protocol": null, "ethertype": "IPv6", "tenant_id": "9094f1d73b074c9694a9708a9b934299", "port_range_max": null, "port_range_min": null, "id": "f4c276c4-1738-46fa-b32f-669a024cde13", "security_group_id": "005ac95d-72d2-46a3-a6f4-740b841653b2"}], "name": "tempest-secgroup-smoke-963014889"}}
2015-12-21 12:19:14,585 20442 INFO     [tempest_lib.common.rest_client] Request (TestGettingAddress:setUp): 201 POST http://10.0.2.15:9696/v2.0/security-group-rules 0.102s
2015-12-21 12:19:14,585 20442 DEBUG    [tempest_lib.common.rest_client] Request - Headers: {'Content-Type': 'application/json', 'Accept': 'application/json', 'X-Auth-Token': '&lt;omitted&gt;'}
        Body: {"security_group_rule": {"direction": "ingress", "protocol": "tcp", "tenant_id": "9094f1d73b074c9694a9708a9b934299", "port_range_max": 22, "security_group_id": "005ac95d-72d2-46a3-a6f4-740b841653b2", "port_range_min": 22}}
    Response - Headers: {'status': '201', 'content-length': '340', 'connection': 'close', 'date': 'Mon, 21 Dec 2015 12:19:14 GMT', 'content-type': 'application/json; charset=UTF-8', 'x-openstack-request-id': 'req-72478f26-ebf8-4026-83c3-a0d814ca73dd'}
        Body: {"security_group_rule": {"remote_group_id": null, "direction": "ingress", "remote_ip_prefix": null, "protocol": "tcp", "ethertype": "IPv4", "tenant_id": "9094f1d73b074c9694a9708a9b934299", "port_range_max": 22, "port_range_min": 22, "id": "e12ed7fb-75c8-4c2e-9b8b-975fb318a9d3", "security_group_id": "005ac95d-72d2-46a3-a6f4-740b841653b2"}}
2015-12-21 12:19:14,688 20442 INFO     [tempest_lib.common.rest_client] Request (TestGettingAddress:setUp): 201 POST http://10.0.2.15:9696/v2.0/security-group-rules 0.101s
2015-12-21 12:19:14,689 20442 DEBUG    [tempest_lib.common.rest_client] Request - Headers: {'Content-Type': 'application/json', 'Accept': 'application/json', 'X-Auth-Token': '&lt;omitted&gt;'}
        Body: {"security_group_rule": {"direction": "egress", "protocol": "tcp", "tenant_id": "9094f1d73b074c9694a9708a9b934299", "port_range_max": 22, "security_group_id": "005ac95d-72d2-46a3-a6f4-740b841653b2", "port_range_min": 22}}
    Response - Headers: {'status': '201', 'content-length': '339', 'connection': 'close', 'date': 'Mon, 21 Dec 2015 12:19:14 GMT', 'content-type': 'application/json; charset=UTF-8', 'x-openstack-request-id': 'req-98202df8-1798-48e1-82b8-6359c439c25b'}
        Body: {"security_group_rule": {"remote_group_id": null, "direction": "egress", "remote_ip_prefix": null, "protocol": "tcp", "ethertype": "IPv4", "tenant_id": "9094f1d73b074c9694a9708a9b934299", "port_range_max": 22, "port_range_min": 22, "id": "3a61f3fb-35b0-4fa4-b7c1-4948bfd245eb", "security_group_id": "005ac95d-72d2-46a3-a6f4-740b841653b2"}}
2015-12-21 12:19:14,800 20442 INFO     [tempest_lib.common.rest_client] Request (TestGettingAddress:setUp): 201 POST http://10.0.2.15:9696/v2.0/security-group-rules 0.110s
2015-12-21 12:19:14,800 20442 DEBUG    [tempest_lib.common.rest_client] Request - Headers: {'Content-Type': 'application/json', 'Accept': 'application/json', 'X-Auth-Token': '&lt;omitted&gt;'}
        Body: {"security_group_rule": {"tenant_id": "9094f1d73b074c9694a9708a9b934299", "direction": "ingress", "protocol": "icmp", "security_group_id": "005ac95d-72d2-46a3-a6f4-740b841653b2"}}
    Response - Headers: {'status': '201', 'content-length': '345', 'connection': 'close', 'date': 'Mon, 21 Dec 2015 12:19:14 GMT', 'content-type': 'application/json; charset=UTF-8', 'x-openstack-request-id': 'req-5b66ef6e-aeac-474c-810b-d19f5b70ddf1'}
        Body: {"security_group_rule": {"remote_group_id": null, "direction": "ingress", "remote_ip_prefix": null, "protocol": "icmp", "ethertype": "IPv4", "tenant_id": "9094f1d73b074c9694a9708a9b934299", "port_range_max": null, "port_range_min": null, "id": "d51a68b1-509a-40e2-b6fc-f2b75bb48af0", "security_group_id": "005ac95d-72d2-46a3-a6f4-740b841653b2"}}
2015-12-21 12:19:15,048 20442 INFO     [tempest_lib.common.rest_client] Request (TestGettingAddress:setUp): 201 POST http://10.0.2.15:9696/v2.0/security-group-rules 0.246s
2015-12-21 12:19:15,049 20442 DEBUG    [tempest_lib.common.rest_client] Request - Headers: {'Content-Type': 'application/json', 'Accept': 'application/json', 'X-Auth-Token': '&lt;omitted&gt;'}
        Body: {"security_group_rule": {"tenant_id": "9094f1d73b074c9694a9708a9b934299", "direction": "egress", "protocol": "icmp", "security_group_id": "005ac95d-72d2-46a3-a6f4-740b841653b2"}}
    Response - Headers: {'status': '201', 'content-length': '344', 'connection': 'close', 'date': 'Mon, 21 Dec 2015 12:19:15 GMT', 'content-type': 'application/json; charset=UTF-8', 'x-openstack-request-id': 'req-302e0f64-5beb-4c7b-9cee-edcecae4144c'}
        Body: {"security_group_rule": {"remote_group_id": null, "direction": "egress", "remote_ip_prefix": null, "protocol": "icmp", "ethertype": "IPv4", "tenant_id": "9094f1d73b074c9694a9708a9b934299", "port_range_max": null, "port_range_min": null, "id": "8a0b9f39-f910-43c3-920e-a33f68e77e25", "security_group_id": "005ac95d-72d2-46a3-a6f4-740b841653b2"}}
2015-12-21 12:19:15,164 20442 INFO     [tempest_lib.common.rest_client] Request (TestGettingAddress:setUp): 201 POST http://10.0.2.15:9696/v2.0/security-group-rules 0.114s
2015-12-21 12:19:15,164 20442 DEBUG    [tempest_lib.common.rest_client] Request - Headers: {'Content-Type': 'application/json', 'Accept': 'application/json', 'X-Auth-Token': '&lt;omitted&gt;'}
        Body: {"security_group_rule": {"tenant_id": "9094f1d73b074c9694a9708a9b934299", "direction": "ingress", "security_group_id": "005ac95d-72d2-46a3-a6f4-740b841653b2", "protocol": "icmp", "ethertype": "IPv6"}}
    Response - Headers: {'status': '201', 'content-length': '345', 'connection': 'close', 'date': 'Mon, 21 Dec 2015 12:19:15 GMT', 'content-type': 'application/json; charset=UTF-8', 'x-openstack-request-id': 'req-6b5a31c4-bb99-4b96-90b8-e4833d26bbc7'}
        Body: {"security_group_rule": {"remote_group_id": null, "direction": "ingress", "remote_ip_prefix": null, "protocol": "icmp", "ethertype": "IPv6", "tenant_id": "9094f1d73b074c9694a9708a9b934299", "port_range_max": null, "port_range_min": null, "id": "a3cb8720-0cc0-420e-9e82-94de03d9b93c", "security_group_id": "005ac95d-72d2-46a3-a6f4-740b841653b2"}}
2015-12-21 12:19:15,281 20442 INFO     [tempest_lib.common.rest_client] Request (TestGettingAddress:setUp): 201 POST http://10.0.2.15:9696/v2.0/security-group-rules 0.115s
2015-12-21 12:19:15,282 20442 DEBUG    [tempest_lib.common.rest_client] Request - Headers: {'Content-Type': 'application/json', 'Accept': 'application/json', 'X-Auth-Token': '&lt;omitted&gt;'}
        Body: {"security_group_rule": {"tenant_id": "9094f1d73b074c9694a9708a9b934299", "direction": "egress", "security_group_id": "005ac95d-72d2-46a3-a6f4-740b841653b2", "protocol": "icmp", "ethertype": "IPv6"}}
    Response - Headers: {'status': '201', 'content-length': '344', 'connection': 'close', 'date': 'Mon, 21 Dec 2015 12:19:15 GMT', 'content-type': 'application/json; charset=UTF-8', 'x-openstack-request-id': 'req-089493e0-1df5-442b-9255-c5f495bf3467'}
        Body: {"security_group_rule": {"remote_group_id": null, "direction": "egress", "remote_ip_prefix": null, "protocol": "icmp", "ethertype": "IPv6", "tenant_id": "9094f1d73b074c9694a9708a9b934299", "port_range_max": null, "port_range_min": null, "id": "c61659a3-8e73-422b-b4e6-8e51897c6812", "security_group_id": "005ac95d-72d2-46a3-a6f4-740b841653b2"}}
2015-12-21 12:19:15,418 20442 INFO     [tempest_lib.common.rest_client] Request (TestGettingAddress:test_dhcp6_stateless_from_os): 201 POST http://10.0.2.15:9696/v2.0/networks 0.135s
2015-12-21 12:19:15,419 20442 DEBUG    [tempest_lib.common.rest_client] Request - Headers: {'Content-Type': 'application/json', 'Accept': 'application/json', 'X-Auth-Token': '&lt;omitted&gt;'}
        Body: {"network": {"tenant_id": "9094f1d73b074c9694a9708a9b934299", "name": "tempest-network-smoke--1225607954"}}
    Response - Headers: {'status': '201', 'content-length': '296', 'connection': 'close', 'date': 'Mon, 21 Dec 2015 12:19:15 GMT', 'content-type': 'application/json; charset=UTF-8', 'x-openstack-request-id': 'req-fc607f33-0c61-4169-bfd9-92ddca9922d9'}
        Body: {"network": {"status": "ACTIVE", "subnets": [], "name": "tempest-network-smoke--1225607954", "admin_state_up": true, "tenant_id": "9094f1d73b074c9694a9708a9b934299", "mtu": 0, "router:external": false, "shared": false, "port_security_enabled": true, "id": "d0e416b9-a9a5-4612-b9a6-b3551fddc0c1"}}
2015-12-21 12:19:15,578 20442 INFO     [tempest_lib.common.rest_client] Request (TestGettingAddress:test_dhcp6_stateless_from_os): 200 GET http://10.0.2.15:9696/v2.0/subnets?tenant_id=9094f1d73b074c9694a9708a9b934299&amp;cidr=10.100.0.0%2F28 0.158s
2015-12-21 12:19:15,579 20442 DEBUG    [tempest_lib.common.rest_client] Request - Headers: {'Content-Type': 'application/json', 'Accept': 'application/json', 'X-Auth-Token': '&lt;omitted&gt;'}
        Body: None
    Response - Headers: {'status': '200', 'content-length': '15', 'content-location': 'http://10.0.2.15:9696/v2.0/subnets?tenant_id=9094f1d73b074c9694a9708a9b934299&amp;cidr=10.100.0.0%2F28', 'connection': 'close', 'date': 'Mon, 21 Dec 2015 12:19:15 GMT', 'content-type': 'application/json; charset=UTF-8', 'x-openstack-request-id': 'req-64870d9c-db74-49f5-9974-bd180f2685c1'}
        Body: {"subnets": []}
2015-12-21 12:19:15,852 20442 INFO     [tempest_lib.common.rest_client] Request (TestGettingAddress:test_dhcp6_stateless_from_os): 201 POST http://10.0.2.15:9696/v2.0/subnets 0.272s
2015-12-21 12:19:15,853 20442 DEBUG    [tempest_lib.common.rest_client] Request - Headers: {'Content-Type': 'application/json', 'Accept': 'application/json', 'X-Auth-Token': '&lt;omitted&gt;'}
        Body: {"subnet": {"ip_version": 4, "tenant_id": "9094f1d73b074c9694a9708a9b934299", "cidr": "10.100.0.0/28", "network_id": "d0e416b9-a9a5-4612-b9a6-b3551fddc0c1", "name": "tempest-sub4-95481652"}}
    Response - Headers: {'status': '201', 'content-length': '468', 'connection': 'close', 'date': 'Mon, 21 Dec 2015 12:19:15 GMT', 'content-type': 'application/json; charset=UTF-8', 'x-openstack-request-id': 'req-cb604303-586b-4074-99fd-3984a22f37ce'}
        Body: {"subnet": {"name": "tempest-sub4-95481652", "enable_dhcp": true, "network_id": "d0e416b9-a9a5-4612-b9a6-b3551fddc0c1", "tenant_id": "9094f1d73b074c9694a9708a9b934299", "dns_nameservers": [], "gateway_ip": "10.100.0.1", "ipv6_ra_mode": null, "allocation_pools": [{"start": "10.100.0.2", "end": "10.100.0.14"}], "host_routes": [], "ip_version": 4, "ipv6_address_mode": null, "cidr": "10.100.0.0/28", "id": "c86a5140-acc9-4634-886a-be8313887c3a", "subnetpool_id": null}}
2015-12-21 12:19:15,914 20442 INFO     [tempest_lib.common.rest_client] Request (TestGettingAddress:test_dhcp6_stateless_from_os): 201 POST http://10.0.2.15:9696/v2.0/routers 0.060s
2015-12-21 12:19:15,915 20442 DEBUG    [tempest_lib.common.rest_client] Request - Headers: {'Content-Type': 'application/json', 'Accept': 'application/json', 'X-Auth-Token': '&lt;omitted&gt;'}
        Body: {"router": {"tenant_id": "9094f1d73b074c9694a9708a9b934299", "name": "tempest-router-smoke-1246085896", "admin_state_up": true}}
    Response - Headers: {'status': '201', 'content-length': '239', 'connection': 'close', 'date': 'Mon, 21 Dec 2015 12:19:15 GMT', 'content-type': 'application/json; charset=UTF-8', 'x-openstack-request-id': 'req-ef6bd43c-343b-41d1-95b8-36ce99b3155c'}
        Body: {"router": {"status": "ACTIVE", "external_gateway_info": null, "name": "tempest-router-smoke-1246085896", "admin_state_up": true, "tenant_id": "9094f1d73b074c9694a9708a9b934299", "routes": [], "id": "cf9883b6-7f89-4b36-90bb-f2ce88c11d52"}}
2015-12-21 12:19:15,954 20442 INFO     [tempest_lib.common.rest_client] Request (TestGettingAddress:test_dhcp6_stateless_from_os): 200 GET http://10.0.2.15:9696/v2.0/routers/cf9883b6-7f89-4b36-90bb-f2ce88c11d52 0.039s
2015-12-21 12:19:15,955 20442 DEBUG    [tempest_lib.common.rest_client] Request - Headers: {'Content-Type': 'application/json', 'Accept': 'application/json', 'X-Auth-Token': '&lt;omitted&gt;'}
        Body: None
    Response - Headers: {'status': '200', 'content-length': '239', 'content-location': 'http://10.0.2.15:9696/v2.0/routers/cf9883b6-7f89-4b36-90bb-f2ce88c11d52', 'connection': 'close', 'date': 'Mon, 21 Dec 2015 12:19:15 GMT', 'content-type': 'application/json; charset=UTF-8', 'x-openstack-request-id': 'req-fab83c0d-a5e6-4189-9625-1eb8561cb875'}
        Body: {"router": {"status": "ACTIVE", "external_gateway_info": null, "name": "tempest-router-smoke-1246085896", "admin_state_up": true, "tenant_id": "9094f1d73b074c9694a9708a9b934299", "routes": [], "id": "cf9883b6-7f89-4b36-90bb-f2ce88c11d52"}}
2015-12-21 12:19:16,436 20442 INFO     [tempest_lib.common.rest_client] Request (TestGettingAddress:test_dhcp6_stateless_from_os): 200 PUT http://10.0.2.15:9696/v2.0/routers/cf9883b6-7f89-4b36-90bb-f2ce88c11d52 0.480s
2015-12-21 12:19:16,436 20442 DEBUG    [tempest_lib.common.rest_client] Request - Headers: {'Content-Type': 'application/json', 'Accept': 'application/json', 'X-Auth-Token': '&lt;omitted&gt;'}
        Body: {"router": {"external_gateway_info": {"network_id": "8dfb665e-2dbe-4b46-866d-4bc88229a02a"}, "name": "tempest-router-smoke-1246085896", "admin_state_up": true}}
    Response - Headers: {'status': '200', 'content-length': '501', 'connection': 'close', 'date': 'Mon, 21 Dec 2015 12:19:16 GMT', 'content-type': 'application/json; charset=UTF-8', 'x-openstack-request-id': 'req-c860a7b3-7ffd-41f8-9792-1b932982bb9b'}
        Body: {"router": {"status": "ACTIVE", "external_gateway_info": {"network_id": "8dfb665e-2dbe-4b46-866d-4bc88229a02a", "enable_snat": true, "external_fixed_ips": [{"subnet_id": "91b18f94-056b-43fe-a30a-8dd0a96fa4de", "ip_address": "172.24.4.3"}, {"subnet_id": "5c83cea2-6c0b-4693-a540-ee3bd2736958", "ip_address": "2001:db8::4"}]}, "name": "tempest-router-smoke-1246085896", "admin_state_up": true, "tenant_id": "9094f1d73b074c9694a9708a9b934299", "routes": [], "id": "cf9883b6-7f89-4b36-90bb-f2ce88c11d52"}}
2015-12-21 12:19:17,020 20442 INFO     [tempest_lib.common.rest_client] Request (TestGettingAddress:test_dhcp6_stateless_from_os): 200 PUT http://10.0.2.15:9696/v2.0/routers/cf9883b6-7f89-4b36-90bb-f2ce88c11d52/add_router_interface 0.583s
2015-12-21 12:19:17,021 20442 DEBUG    [tempest_lib.common.rest_client] Request - Headers: {'Content-Type': 'application/json', 'Accept': 'application/json', 'X-Auth-Token': '&lt;omitted&gt;'}
        Body: {"subnet_id": "c86a5140-acc9-4634-886a-be8313887c3a"}
    Response - Headers: {'status': '200', 'content-length': '255', 'connection': 'close', 'date': 'Mon, 21 Dec 2015 12:19:17 GMT', 'content-type': 'application/json; charset=UTF-8', 'x-openstack-request-id': 'req-d30bd0b5-7516-41be-888f-9ad614686da6'}
        Body: {"subnet_id": "c86a5140-acc9-4634-886a-be8313887c3a", "tenant_id": "9094f1d73b074c9694a9708a9b934299", "subnet_ids": ["c86a5140-acc9-4634-886a-be8313887c3a"], "port_id": "f0f80406-9569-40c1-8200-86ed985a33f3", "id": "cf9883b6-7f89-4b36-90bb-f2ce88c11d52"}
2015-12-21 12:19:17,057 20442 INFO     [tempest_lib.common.rest_client] Request (TestGettingAddress:test_dhcp6_stateless_from_os): 200 GET http://10.0.2.15:9696/v2.0/subnets?tenant_id=9094f1d73b074c9694a9708a9b934299&amp;cidr=2003%3A%3A%2F64 0.035s
2015-12-21 12:19:17,058 20442 DEBUG    [tempest_lib.common.rest_client] Request - Headers: {'Content-Type': 'application/json', 'Accept': 'application/json', 'X-Auth-Token': '&lt;omitted&gt;'}
        Body: None
    Response - Headers: {'status': '200', 'content-length': '15', 'content-location': 'http://10.0.2.15:9696/v2.0/subnets?tenant_id=9094f1d73b074c9694a9708a9b934299&amp;cidr=2003%3A%3A%2F64', 'connection': 'close', 'date': 'Mon, 21 Dec 2015 12:19:17 GMT', 'content-type': 'application/json; charset=UTF-8', 'x-openstack-request-id': 'req-fa3c6d04-95eb-47a6-94c7-57f15bd3fcf4'}
        Body: {"subnets": []}
2015-12-21 12:19:17,329 20442 INFO     [tempest_lib.common.rest_client] Request (TestGettingAddress:test_dhcp6_stateless_from_os): 201 POST http://10.0.2.15:9696/v2.0/subnets 0.270s
2015-12-21 12:19:17,330 20442 DEBUG    [tempest_lib.common.rest_client] Request - Headers: {'Content-Type': 'application/json', 'Accept': 'application/json', 'X-Auth-Token': '&lt;omitted&gt;'}
        Body: {"subnet": {"name": "tempest-sub6-1332407179", "network_id": "d0e416b9-a9a5-4612-b9a6-b3551fddc0c1", "tenant_id": "9094f1d73b074c9694a9708a9b934299", "ipv6_ra_mode": "dhcpv6-stateless", "ip_version": 6, "ipv6_address_mode": "dhcpv6-stateless", "cidr": "2003::/64"}}
    Response - Headers: {'status': '201', 'content-length': '502', 'connection': 'close', 'date': 'Mon, 21 Dec 2015 12:19:17 GMT', 'content-type': 'application/json; charset=UTF-8', 'x-openstack-request-id': 'req-f7a185c9-54b4-4360-abe5-f341926afdb3'}
        Body: {"subnet": {"name": "tempest-sub6-1332407179", "enable_dhcp": true, "network_id": "d0e416b9-a9a5-4612-b9a6-b3551fddc0c1", "tenant_id": "9094f1d73b074c9694a9708a9b934299", "dns_nameservers": [], "gateway_ip": "2003::1", "ipv6_ra_mode": "dhcpv6-stateless", "allocation_pools": [{"start": "2003::2", "end": "2003::ffff:ffff:ffff:ffff"}], "host_routes": [], "ip_version": 6, "ipv6_address_mode": "dhcpv6-stateless", "cidr": "2003::/64", "id": "2793769e-b3ea-49da-bf6c-68a16473b780", "subnetpool_id": null}}
2015-12-21 12:19:17,922 20442 INFO     [tempest_lib.common.rest_client] Request (TestGettingAddress:test_dhcp6_stateless_from_os): 200 PUT http://10.0.2.15:9696/v2.0/routers/cf9883b6-7f89-4b36-90bb-f2ce88c11d52/add_router_interface 0.590s
2015-12-21 12:19:17,922 20442 DEBUG    [tempest_lib.common.rest_client] Request - Headers: {'Content-Type': 'application/json', 'Accept': 'application/json', 'X-Auth-Token': '&lt;omitted&gt;'}
        Body: {"subnet_id": "2793769e-b3ea-49da-bf6c-68a16473b780"}
    Response - Headers: {'status': '200', 'content-length': '255', 'connection': 'close', 'date': 'Mon, 21 Dec 2015 12:19:17 GMT', 'content-type': 'application/json; charset=UTF-8', 'x-openstack-request-id': 'req-eccf146b-8e2d-42e6-9636-8c20685a8130'}
        Body: {"subnet_id": "2793769e-b3ea-49da-bf6c-68a16473b780", "tenant_id": "9094f1d73b074c9694a9708a9b934299", "subnet_ids": ["2793769e-b3ea-49da-bf6c-68a16473b780"], "port_id": "acd6160e-905b-4bb7-b7d7-852b3bb6cdef", "id": "cf9883b6-7f89-4b36-90bb-f2ce88c11d52"}
2015-12-21 12:19:18,037 20442 INFO     [tempest_lib.common.rest_client] Request (TestGettingAddress:test_dhcp6_stateless_from_os): 200 POST http://10.0.2.15:5000/v2.0/tokens
2015-12-21 12:19:18,038 20442 DEBUG    [tempest_lib.common.rest_client] Request - Headers: {'Content-Type': 'application/json', 'Accept': 'application/json'}
        Body: &lt;omitted&gt;
    Response - Headers: {'status': '200', 'content-length': '2524', 'vary': 'X-Auth-Token', 'server': 'Apache/2.4.7 (Ubuntu)', 'connection': 'close', 'date': 'Mon, 21 Dec 2015 12:19:17 GMT', 'content-type': 'application/json', 'x-openstack-request-id': 'req-4d0b80f9-4bac-4a13-8511-e8801ad157df'}
        Body: {"access": {"token": {"issued_at": "2015-12-21T12:19:18.023303", "expires": "2015-12-21T13:19:17Z", "id": "445e890cac1b4d838731d72d06ab89dc", "tenant": {"description": "tempest-TestGettingAddress-1887475645-desc", "enabled": true, "id": "9094f1d73b074c9694a9708a9b934299", "name": "tempest-TestGettingAddress-1887475645"}, "audit_ids": ["rNJI97eFQr20kM2aMKHHtQ"]}, "serviceCatalog": [{"endpoints": [{"adminURL": "http://10.0.2.15:8774/v2.1/9094f1d73b074c9694a9708a9b934299", "region": "RegionOne", "internalURL": "http://10.0.2.15:8774/v2.1/9094f1d73b074c9694a9708a9b934299", "id": "00323d98b03540a38a8cbf02962e2f58", "publicURL": "http://10.0.2.15:8774/v2.1/9094f1d73b074c9694a9708a9b934299"}], "endpoints_links": [], "type": "compute", "name": "nova"}, {"endpoints": [{"adminURL": "http://10.0.2.15:9696/", "region": "RegionOne", "internalURL": "http://10.0.2.15:9696/", "id": "3ec5533d2bd34ab982be13bb1218e54d", "publicURL": "http://10.0.2.15:9696/"}], "endpoints_links": [], "type": "network", "name": "neutron"}, {"endpoints": [{"adminURL": "http://10.0.2.15:9292", "region": "RegionOne", "internalURL": "http://10.0.2.15:9292", "id": "3b61f2d18f1a4c5ca5a35374c0e3f383", "publicURL": "http://10.0.2.15:9292"}], "endpoints_links": [], "type": "image", "name": "glance"}, {"endpoints": [{"adminURL": "http://10.0.2.15:8774/v2/9094f1d73b074c9694a9708a9b934299", "region": "RegionOne", "internalURL": "http://10.0.2.15:8774/v2/9094f1d73b074c9694a9708a9b934299", "id": "147c4ef0afe841f2940c3c17910dc319", "publicURL": "http://10.0.2.15:8774/v2/9094f1d73b074c9694a9708a9b934299"}], "endpoints_links": [], "type": "compute_legacy", "name": "nova_legacy"}, {"endpoints": [{"adminURL": "http://10.0.2.15:8773/", "region": "RegionOne", "internalURL": "http://10.0.2.15:8773/", "id": "33af6f04e8dd4f87a93c8c42ae98e78a", "publicURL": "http://10.0.2.15:8773/"}], "endpoints_links": [], "type": "ec2", "name": "ec2"}, {"endpoints": [{"adminURL": "http://10.0.2.15:35357/v2.0", "region": "RegionOne", "internalURL": "http://10.0.2.15:5000/v2.0", "id": "3dd003b4baf4430db8c0fa275eb8585a", "publicURL": "http://10.0.2.15:5000/v2.0"}], "endpoints_links": [], "type": "identity", "name": "keystone"}], "user": {"username": "tempest-TestGettingAddress-902740403", "roles_links": [], "id": "3ac1c4198285469e94ac1f4f224e2121", "roles": [{"name": "Member"}, {"name": "_member_"}], "name": "tempest-TestGettingAddress-902740403"}, "metadata": {"is_admin": 0, "roles": ["5d263c5c812a4c6886bbf778999d0de7", "9fe2ff9ee4384b1894a90878d3e92bab"]}}}
2015-12-21 12:19:18,045 20442 DEBUG    [tempest.common.fixed_network] (TestGettingAddress:test_dhcp6_stateless_from_os) No valid network provided or created, defaulting to fixed_network_name
2015-12-21 12:19:18,371 20442 INFO     [tempest_lib.common.rest_client] Request (TestGettingAddress:test_dhcp6_stateless_from_os): 200 GET http://10.0.2.15:8774/v2.1/9094f1d73b074c9694a9708a9b934299/os-networks 0.325s
2015-12-21 12:19:18,371 20442 DEBUG    [tempest_lib.common.rest_client] Request - Headers: {'Content-Type': 'application/json', 'Accept': 'application/json', 'X-Auth-Token': '&lt;omitted&gt;'}
        Body: None
    Response - Headers: {'status': '200', 'content-length': '479', 'content-location': 'http://10.0.2.15:8774/v2.1/9094f1d73b074c9694a9708a9b934299/os-networks', 'x-compute-request-id': 'req-09c1f64b-534b-49f9-9744-2300042d7a09', 'vary': 'X-OpenStack-Nova-API-Version', 'connection': 'close', 'x-openstack-nova-api-version': '2.1', 'date': 'Mon, 21 Dec 2015 12:19:18 GMT', 'content-type': 'application/json'}
        Body: {"networks": [{"cidr_v6": null, "dns2": null, "dns1": null, "gateway": null, "broadcast": null, "netmask": null, "gateway_v6": null, "cidr": null, "label": "public", "id": "8dfb665e-2dbe-4b46-866d-4bc88229a02a", "netmask_v6": null}, {"cidr_v6": null, "dns2": null, "dns1": null, "gateway": null, "broadcast": null, "netmask": null, "gateway_v6": null, "cidr": null, "label": "tempest-network-smoke--1225607954", "id": "d0e416b9-a9a5-4612-b9a6-b3551fddc0c1", "netmask_v6": null}]}
2015-12-21 12:19:18,372 20442 WARNING  [tempest.common.fixed_network] (TestGettingAddress:test_dhcp6_stateless_from_os) Network with name: private not found
2015-12-21 12:19:18,372 20442 INFO     [tempest.common.fixed_network] (TestGettingAddress:test_dhcp6_stateless_from_os) Found network {} available for tenant
2015-12-21 12:19:19,394 20442 INFO     [tempest_lib.common.rest_client] Request (TestGettingAddress:test_dhcp6_stateless_from_os): 202 POST http://10.0.2.15:8774/v2.1/9094f1d73b074c9694a9708a9b934299/servers 1.020s
2015-12-21 12:19:19,396 20442 DEBUG    [tempest_lib.common.rest_client] Request - Headers: {'Content-Type': 'application/json', 'Accept': 'application/json', 'X-Auth-Token': '&lt;omitted&gt;'}
        Body: {"server": {"name": "tempest.common.compute-instance-906608445", "imageRef": "6f3c728e-42ef-4b1f-b82e-f23ce289489c", "key_name": "tempest-TestGettingAddress-275178553", "flavorRef": "42", "networks": [{"uuid": "d0e416b9-a9a5-4612-b9a6-b3551fddc0c1"}], "security_groups": [{"name": "tempest-secgroup-smoke-963014889"}]}}
    Response - Headers: {'status': '202', 'content-length': '461', 'x-compute-request-id': 'req-637574b0-ab6f-419a-bff2-39c14eb29329', 'vary': 'X-OpenStack-Nova-API-Version', 'connection': 'close', 'location': 'http://10.0.2.15:8774/v2.1/9094f1d73b074c9694a9708a9b934299/servers/136eace7-0fc9-46cb-9c02-2e34571d015a', 'x-openstack-nova-api-version': '2.1', 'date': 'Mon, 21 Dec 2015 12:19:19 GMT', 'content-type': 'application/json'}
        Body: {"server": {"security_groups": [{"name": "tempest-secgroup-smoke-963014889"}], "OS-DCF:diskConfig": "MANUAL", "id": "136eace7-0fc9-46cb-9c02-2e34571d015a", "links": [{"href": "http://10.0.2.15:8774/v2.1/9094f1d73b074c9694a9708a9b934299/servers/136eace7-0fc9-46cb-9c02-2e34571d015a", "rel": "self"}, {"href": "http://10.0.2.15:8774/9094f1d73b074c9694a9708a9b934299/servers/136eace7-0fc9-46cb-9c02-2e34571d015a", "rel": "bookmark"}], "adminPass": "UJYmE3BnSoW8"}}
2015-12-21 12:19:19,568 20442 INFO     [tempest_lib.common.rest_client] Request (TestGettingAddress:test_dhcp6_stateless_from_os): 200 GET http://10.0.2.15:8774/v2.1/9094f1d73b074c9694a9708a9b934299/servers/136eace7-0fc9-46cb-9c02-2e34571d015a 0.169s
2015-12-21 12:19:19,569 20442 DEBUG    [tempest_lib.common.rest_client] Request - Headers: {'Content-Type': 'application/json', 'Accept': 'application/json', 'X-Auth-Token': '&lt;omitted&gt;'}
        Body: None
    Response - Headers: {'status': '200', 'content-length': '1353', 'content-location': 'http://10.0.2.15:8774/v2.1/9094f1d73b074c9694a9708a9b934299/servers/136eace7-0fc9-46cb-9c02-2e34571d015a', 'x-compute-request-id': 'req-e81ebe5f-6477-4c08-81ac-b2f4494906b6', 'vary': 'X-OpenStack-Nova-API-Version', 'connection': 'close', 'x-openstack-nova-api-version': '2.1', 'date': 'Mon, 21 Dec 2015 12:19:19 GMT', 'content-type': 'application/json'}
        Body: {"server": {"status": "BUILD", "updated": "2015-12-21T12:19:19Z", "hostId": "", "addresses": {}, "links": [{"href": "http://10.0.2.15:8774/v2.1/9094f1d73b074c9694a9708a9b934299/servers/136eace7-0fc9-46cb-9c02-2e34571d015a", "rel": "self"}, {"href": "http://10.0.2.15:8774/9094f1d73b074c9694a9708a9b934299/servers/136eace7-0fc9-46cb-9c02-2e34571d015a", "rel": "bookmark"}], "key_name": "tempest-TestGettingAddress-275178553", "image": {"id": "6f3c728e-42ef-4b1f-b82e-f23ce289489c", "links": [{"href": "http://10.0.2.15:8774/9094f1d73b074c9694a9708a9b934299/images/6f3c728e-42ef-4b1f-b82e-f23ce289489c", "rel": "bookmark"}]}, "OS-EXT-STS:task_state": "scheduling", "OS-EXT-STS:vm_state": "building", "OS-SRV-USG:launched_at": null, "flavor": {"id": "42", "links": [{"href": "http://10.0.2.15:8774/9094f1d73b074c9694a9708a9b934299/flavors/42", "rel": "bookmark"}]}, "id": "136eace7-0fc9-46cb-9c02-2e34571d015a", "OS-SRV-USG:terminated_at": null, "OS-EXT-AZ:availability_zone": "", "user_id": "3ac1c4198285469e94ac1f4f224e2121", "name": "tempest.common.compute-instance-906608445", "created": "2015-12-21T12:19:19Z", "tenant_id": "9094f1d73b074c9694a9708a9b934299", "OS-DCF:diskConfig": "MANUAL", "os-extended-volumes:volumes_attached": [], "accessIPv4": "", "accessIPv6": "", "progress": 0, "OS-EXT-STS:power_state": 0, "config_drive": "", "metadata": {}}}
2015-12-21 12:19:20,802 20442 INFO     [tempest_lib.common.rest_client] Request (TestGettingAddress:test_dhcp6_stateless_from_os): 200 GET http://10.0.2.15:8774/v2.1/9094f1d73b074c9694a9708a9b934299/servers/136eace7-0fc9-46cb-9c02-2e34571d015a 0.223s
2015-12-21 12:19:20,802 20442 DEBUG    [tempest_lib.common.rest_client] Request - Headers: {'Content-Type': 'application/json', 'Accept': 'application/json', 'X-Auth-Token': '&lt;omitted&gt;'}
        Body: None
    Response - Headers: {'status': '200', 'content-length': '1478', 'content-location': 'http://10.0.2.15:8774/v2.1/9094f1d73b074c9694a9708a9b934299/servers/136eace7-0fc9-46cb-9c02-2e34571d015a', 'x-compute-request-id': 'req-0a3f593a-8f70-408d-8b59-cf6d8ef33ffb', 'vary': 'X-OpenStack-Nova-API-Version', 'connection': 'close', 'x-openstack-nova-api-version': '2.1', 'date': 'Mon, 21 Dec 2015 12:19:20 GMT', 'content-type': 'application/json'}
        Body: {"server": {"status": "BUILD", "updated": "2015-12-21T12:19:20Z", "hostId": "ac1158191f0a4d1eaf30eaf36530ac1943b54f93840ae60999279ca8", "addresses": {}, "links": [{"href": "http://10.0.2.15:8774/v2.1/9094f1d73b074c9694a9708a9b934299/servers/136eace7-0fc9-46cb-9c02-2e34571d015a", "rel": "self"}, {"href": "http://10.0.2.15:8774/9094f1d73b074c9694a9708a9b934299/servers/136eace7-0fc9-46cb-9c02-2e34571d015a", "rel": "bookmark"}], "key_name": "tempest-TestGettingAddress-275178553", "image": {"id": "6f3c728e-42ef-4b1f-b82e-f23ce289489c", "links": [{"href": "http://10.0.2.15:8774/9094f1d73b074c9694a9708a9b934299/images/6f3c728e-42ef-4b1f-b82e-f23ce289489c", "rel": "bookmark"}]}, "OS-EXT-STS:task_state": "spawning", "OS-EXT-STS:vm_state": "building", "OS-SRV-USG:launched_at": null, "flavor": {"id": "42", "links": [{"href": "http://10.0.2.15:8774/9094f1d73b074c9694a9708a9b934299/flavors/42", "rel": "bookmark"}]}, "id": "136eace7-0fc9-46cb-9c02-2e34571d015a", "security_groups": [{"name": "tempest-secgroup-smoke-963014889"}], "OS-SRV-USG:terminated_at": null, "OS-EXT-AZ:availability_zone": "nova", "user_id": "3ac1c4198285469e94ac1f4f224e2121", "name": "tempest.common.compute-instance-906608445", "created": "2015-12-21T12:19:19Z", "tenant_id": "9094f1d73b074c9694a9708a9b934299", "OS-DCF:diskConfig": "MANUAL", "os-extended-volumes:volumes_attached": [], "accessIPv4": "", "accessIPv6": "", "progress": 0, "OS-EXT-STS:power_state": 0, "config_drive": "", "metadata": {}}}
2015-12-21 12:19:20,811 20442 INFO     [tempest.common.waiters] State transition "BUILD/scheduling" ==&gt; "BUILD/spawning" after 1 second wait
2015-12-21 12:19:22,037 20442 INFO     [tempest_lib.common.rest_client] Request (TestGettingAddress:test_dhcp6_stateless_from_os): 200 GET http://10.0.2.15:8774/v2.1/9094f1d73b074c9694a9708a9b934299/servers/136eace7-0fc9-46cb-9c02-2e34571d015a 0.224s
2015-12-21 12:19:22,037 20442 DEBUG    [tempest_lib.common.rest_client] Request - Headers: {'Content-Type': 'application/json', 'Accept': 'application/json', 'X-Auth-Token': '&lt;omitted&gt;'}
        Body: None
    Response - Headers: {'status': '200', 'content-length': '1478', 'content-location': 'http://10.0.2.15:8774/v2.1/9094f1d73b074c9694a9708a9b934299/servers/136eace7-0fc9-46cb-9c02-2e34571d015a', 'x-compute-request-id': 'req-8e0c5d28-bd5c-47af-9662-4aa7f976b590', 'vary': 'X-OpenStack-Nova-API-Version', 'connection': 'close', 'x-openstack-nova-api-version': '2.1', 'date': 'Mon, 21 Dec 2015 12:19:22 GMT', 'content-type': 'application/json'}
        Body: {"server": {"status": "BUILD", "updated": "2015-12-21T12:19:20Z", "hostId": "ac1158191f0a4d1eaf30eaf36530ac1943b54f93840ae60999279ca8", "addresses": {}, "links": [{"href": "http://10.0.2.15:8774/v2.1/9094f1d73b074c9694a9708a9b934299/servers/136eace7-0fc9-46cb-9c02-2e34571d015a", "rel": "self"}, {"href": "http://10.0.2.15:8774/9094f1d73b074c9694a9708a9b934299/servers/136eace7-0fc9-46cb-9c02-2e34571d015a", "rel": "bookmark"}], "key_name": "tempest-TestGettingAddress-275178553", "image": {"id": "6f3c728e-42ef-4b1f-b82e-f23ce289489c", "links": [{"href": "http://10.0.2.15:8774/9094f1d73b074c9694a9708a9b934299/images/6f3c728e-42ef-4b1f-b82e-f23ce289489c", "rel": "bookmark"}]}, "OS-EXT-STS:task_state": "spawning", "OS-EXT-STS:vm_state": "building", "OS-SRV-USG:launched_at": null, "flavor": {"id": "42", "links": [{"href": "http://10.0.2.15:8774/9094f1d73b074c9694a9708a9b934299/flavors/42", "rel": "bookmark"}]}, "id": "136eace7-0fc9-46cb-9c02-2e34571d015a", "security_groups": [{"name": "tempest-secgroup-smoke-963014889"}], "OS-SRV-USG:terminated_at": null, "OS-EXT-AZ:availability_zone": "nova", "user_id": "3ac1c4198285469e94ac1f4f224e2121", "name": "tempest.common.compute-instance-906608445", "created": "2015-12-21T12:19:19Z", "tenant_id": "9094f1d73b074c9694a9708a9b934299", "OS-DCF:diskConfig": "MANUAL", "os-extended-volumes:volumes_attached": [], "accessIPv4": "", "accessIPv6": "", "progress": 0, "OS-EXT-STS:power_state": 0, "config_drive": "", "metadata": {}}}
2015-12-21 12:19:23,230 20442 INFO     [tempest_lib.common.rest_client] Request (TestGettingAddress:test_dhcp6_stateless_from_os): 200 GET http://10.0.2.15:8774/v2.1/9094f1d73b074c9694a9708a9b934299/servers/136eace7-0fc9-46cb-9c02-2e34571d015a 0.183s
2015-12-21 12:19:23,231 20442 DEBUG    [tempest_lib.common.rest_client] Request - Headers: {'Content-Type': 'application/json', 'Accept': 'application/json', 'X-Auth-Token': '&lt;omitted&gt;'}
        Body: None
    Response - Headers: {'status': '200', 'content-length': '1779', 'content-location': 'http://10.0.2.15:8774/v2.1/9094f1d73b074c9694a9708a9b934299/servers/136eace7-0fc9-46cb-9c02-2e34571d015a', 'x-compute-request-id': 'req-f3b273a3-d52d-4298-af4e-4b739e183067', 'vary': 'X-OpenStack-Nova-API-Version', 'connection': 'close', 'x-openstack-nova-api-version': '2.1', 'date': 'Mon, 21 Dec 2015 12:19:23 GMT', 'content-type': 'application/json'}
        Body: {"server": {"status": "ACTIVE", "updated": "2015-12-21T12:19:23Z", "hostId": "ac1158191f0a4d1eaf30eaf36530ac1943b54f93840ae60999279ca8", "addresses": {"tempest-network-smoke--1225607954": [{"OS-EXT-IPS-MAC:mac_addr": "fa:16:3e:45:6f:5b", "version": 6, "addr": "2003::f816:3eff:fe45:6f5b", "OS-EXT-IPS:type": "fixed"}, {"OS-EXT-IPS-MAC:mac_addr": "fa:16:3e:45:6f:5b", "version": 4, "addr": "10.100.0.3", "OS-EXT-IPS:type": "fixed"}]}, "links": [{"href": "http://10.0.2.15:8774/v2.1/9094f1d73b074c9694a9708a9b934299/servers/136eace7-0fc9-46cb-9c02-2e34571d015a", "rel": "self"}, {"href": "http://10.0.2.15:8774/9094f1d73b074c9694a9708a9b934299/servers/136eace7-0fc9-46cb-9c02-2e34571d015a", "rel": "bookmark"}], "key_name": "tempest-TestGettingAddress-275178553", "image": {"id": "6f3c728e-42ef-4b1f-b82e-f23ce289489c", "links": [{"href": "http://10.0.2.15:8774/9094f1d73b074c9694a9708a9b934299/images/6f3c728e-42ef-4b1f-b82e-f23ce289489c", "rel": "bookmark"}]}, "OS-EXT-STS:task_state": null, "OS-EXT-STS:vm_state": "active", "OS-SRV-USG:launched_at": "2015-12-21T12:19:22.000000", "flavor": {"id": "42", "links": [{"href": "http://10.0.2.15:8774/9094f1d73b074c9694a9708a9b934299/flavors/42", "rel": "bookmark"}]}, "id": "136eace7-0fc9-46cb-9c02-2e34571d015a", "security_groups": [{"name": "tempest-secgroup-smoke-963014889"}], "OS-SRV-USG:terminated_at": null, "OS-EXT-AZ:availability_zone": "nova", "user_id": "3ac1c4198285469e94ac1f4f224e2121", "name": "tempest.common.compute-instance-906608445", "created": "2015-12-21T12:19:19Z", "tenant_id": "9094f1d73b074c9694a9708a9b934299", "OS-DCF:diskConfig": "MANUAL", "os-extended-volumes:volumes_attached": [], "accessIPv4": "", "accessIPv6": "", "progress": 0, "OS-EXT-STS:power_state": 1, "config_drive": "True", "metadata": {}}}
2015-12-21 12:19:23,240 20442 INFO     [tempest.common.waiters] State transition "BUILD/spawning" ==&gt; "ACTIVE/None" after 4 second wait
2015-12-21 12:19:23,420 20442 INFO     [tempest_lib.common.rest_client] Request (TestGettingAddress:test_dhcp6_stateless_from_os): 200 GET http://10.0.2.15:8774/v2.1/9094f1d73b074c9694a9708a9b934299/servers/136eace7-0fc9-46cb-9c02-2e34571d015a 0.180s
2015-12-21 12:19:23,420 20442 DEBUG    [tempest_lib.common.rest_client] Request - Headers: {'Content-Type': 'application/json', 'Accept': 'application/json', 'X-Auth-Token': '&lt;omitted&gt;'}
        Body: None
    Response - Headers: {'status': '200', 'content-length': '1779', 'content-location': 'http://10.0.2.15:8774/v2.1/9094f1d73b074c9694a9708a9b934299/servers/136eace7-0fc9-46cb-9c02-2e34571d015a', 'x-compute-request-id': 'req-c371c2f9-4845-4cfd-a9f6-f46055362dbf', 'vary': 'X-OpenStack-Nova-API-Version', 'connection': 'close', 'x-openstack-nova-api-version': '2.1', 'date': 'Mon, 21 Dec 2015 12:19:23 GMT', 'content-type': 'application/json'}
        Body: {"server": {"status": "ACTIVE", "updated": "2015-12-21T12:19:23Z", "hostId": "ac1158191f0a4d1eaf30eaf36530ac1943b54f93840ae60999279ca8", "addresses": {"tempest-network-smoke--1225607954": [{"OS-EXT-IPS-MAC:mac_addr": "fa:16:3e:45:6f:5b", "version": 6, "addr": "2003::f816:3eff:fe45:6f5b", "OS-EXT-IPS:type": "fixed"}, {"OS-EXT-IPS-MAC:mac_addr": "fa:16:3e:45:6f:5b", "version": 4, "addr": "10.100.0.3", "OS-EXT-IPS:type": "fixed"}]}, "links": [{"href": "http://10.0.2.15:8774/v2.1/9094f1d73b074c9694a9708a9b934299/servers/136eace7-0fc9-46cb-9c02-2e34571d015a", "rel": "self"}, {"href": "http://10.0.2.15:8774/9094f1d73b074c9694a9708a9b934299/servers/136eace7-0fc9-46cb-9c02-2e34571d015a", "rel": "bookmark"}], "key_name": "tempest-TestGettingAddress-275178553", "image": {"id": "6f3c728e-42ef-4b1f-b82e-f23ce289489c", "links": [{"href": "http://10.0.2.15:8774/9094f1d73b074c9694a9708a9b934299/images/6f3c728e-42ef-4b1f-b82e-f23ce289489c", "rel": "bookmark"}]}, "OS-EXT-STS:task_state": null, "OS-EXT-STS:vm_state": "active", "OS-SRV-USG:launched_at": "2015-12-21T12:19:22.000000", "flavor": {"id": "42", "links": [{"href": "http://10.0.2.15:8774/9094f1d73b074c9694a9708a9b934299/flavors/42", "rel": "bookmark"}]}, "id": "136eace7-0fc9-46cb-9c02-2e34571d015a", "security_groups": [{"name": "tempest-secgroup-smoke-963014889"}], "OS-SRV-USG:terminated_at": null, "OS-EXT-AZ:availability_zone": "nova", "user_id": "3ac1c4198285469e94ac1f4f224e2121", "name": "tempest.common.compute-instance-906608445", "created": "2015-12-21T12:19:19Z", "tenant_id": "9094f1d73b074c9694a9708a9b934299", "OS-DCF:diskConfig": "MANUAL", "os-extended-volumes:volumes_attached": [], "accessIPv4": "", "accessIPv6": "", "progress": 0, "OS-EXT-STS:power_state": 1, "config_drive": "True", "metadata": {}}}
2015-12-21 12:19:23,467 20442 INFO     [tempest_lib.common.rest_client] Request (TestGettingAddress:test_dhcp6_stateless_from_os): 200 GET http://10.0.2.15:9696/v2.0/ports?status=ACTIVE&amp;fixed_ip=None&amp;device_id=136eace7-0fc9-46cb-9c02-2e34571d015a 0.037s
2015-12-21 12:19:23,467 20442 DEBUG    [tempest_lib.common.rest_client] Request - Headers: {'Content-Type': 'application/json', 'Accept': 'application/json', 'X-Auth-Token': '&lt;omitted&gt;'}
        Body: None
    Response - Headers: {'status': '200', 'content-length': '1142', 'content-location': 'http://10.0.2.15:9696/v2.0/ports?status=ACTIVE&amp;fixed_ip=None&amp;device_id=136eace7-0fc9-46cb-9c02-2e34571d015a', 'connection': 'close', 'date': 'Mon, 21 Dec 2015 12:19:23 GMT', 'content-type': 'application/json; charset=UTF-8', 'x-openstack-request-id': 'req-5a81f5a4-4812-432d-98f0-1addd107c43d'}
        Body: {"ports": [{"status": "ACTIVE", "binding:host_id": "vagrant-ubuntu-trusty-64", "allowed_address_pairs": [], "extra_dhcp_opts": [], "dns_assignment": [{"hostname": "host-10-100-0-3", "ip_address": "10.100.0.3", "fqdn": "host-10-100-0-3.openstacklocal."}, {"hostname": "host-2003--f816-3eff-fe45-6f5b", "ip_address": "2003::f816:3eff:fe45:6f5b", "fqdn": "host-2003--f816-3eff-fe45-6f5b.openstacklocal."}], "device_owner": "compute:None", "port_security_enabled": true, "binding:profile": {}, "fixed_ips": [{"subnet_id": "c86a5140-acc9-4634-886a-be8313887c3a", "ip_address": "10.100.0.3"}, {"subnet_id": "2793769e-b3ea-49da-bf6c-68a16473b780", "ip_address": "2003::f816:3eff:fe45:6f5b"}], "id": "9a7d99e4-9ba5-4546-be9f-df83013ac7e0", "security_groups": ["005ac95d-72d2-46a3-a6f4-740b841653b2"], "device_id": "136eace7-0fc9-46cb-9c02-2e34571d015a", "name": "", "admin_state_up": true, "network_id": "d0e416b9-a9a5-4612-b9a6-b3551fddc0c1", "dns_name": "", "binding:vif_details": {"port_filter": true}, "binding:vnic_type": "normal", "binding:vif_type": "ovs", "tenant_id": "9094f1d73b074c9694a9708a9b934299", "mac_address": "fa:16:3e:45:6f:5b"}]}
2015-12-21 12:19:23,903 20442 INFO     [tempest_lib.common.rest_client] Request (TestGettingAddress:test_dhcp6_stateless_from_os): 201 POST http://10.0.2.15:9696/v2.0/floatingips 0.435s
2015-12-21 12:19:23,903 20442 DEBUG    [tempest_lib.common.rest_client] Request - Headers: {'Content-Type': 'application/json', 'Accept': 'application/json', 'X-Auth-Token': '&lt;omitted&gt;'}
        Body: {"floatingip": {"floating_network_id": "8dfb665e-2dbe-4b46-866d-4bc88229a02a", "tenant_id": "9094f1d73b074c9694a9708a9b934299", "fixed_ip_address": "10.100.0.3", "port_id": "9a7d99e4-9ba5-4546-be9f-df83013ac7e0"}}
    Response - Headers: {'status': '201', 'content-length': '367', 'connection': 'close', 'date': 'Mon, 21 Dec 2015 12:19:23 GMT', 'content-type': 'application/json; charset=UTF-8', 'x-openstack-request-id': 'req-556bc5c3-3433-4f13-95ab-a7e05a92a0c0'}
        Body: {"floatingip": {"floating_network_id": "8dfb665e-2dbe-4b46-866d-4bc88229a02a", "router_id": "cf9883b6-7f89-4b36-90bb-f2ce88c11d52", "fixed_ip_address": "10.100.0.3", "floating_ip_address": "172.24.4.4", "tenant_id": "9094f1d73b074c9694a9708a9b934299", "status": "DOWN", "port_id": "9a7d99e4-9ba5-4546-be9f-df83013ac7e0", "id": "b21bca2b-0b1c-46ee-910c-2db568ffd2fb"}}
2015-12-21 12:19:23,905 20442 INFO     [tempest_lib.common.ssh] Creating ssh connection to '172.24.4.4' as 'cirros' with public key authentication
2015-12-21 12:19:27,466 20442 WARNING  [tempest_lib.common.ssh] Failed to establish authenticated ssh connection to cirros@172.24.4.4 ([Errno None] Unable to connect to port 22 on  or 172.24.4.4). Number attempts: 1. Retry after 2 seconds.
2015-12-21 12:19:32,969 20442 WARNING  [tempest_lib.common.ssh] Failed to establish authenticated ssh connection to cirros@172.24.4.4 ([Errno None] Unable to connect to port 22 on  or 172.24.4.4). Number attempts: 2. Retry after 3 seconds.
2015-12-21 12:19:39,474 20442 WARNING  [tempest_lib.common.ssh] Failed to establish authenticated ssh connection to cirros@172.24.4.4 ([Errno None] Unable to connect to port 22 on  or 172.24.4.4). Number attempts: 3. Retry after 4 seconds.
2015-12-21 12:19:46,982 20442 WARNING  [tempest_lib.common.ssh] Failed to establish authenticated ssh connection to cirros@172.24.4.4 ([Errno None] Unable to connect to port 22 on  or 172.24.4.4). Number attempts: 4. Retry after 5 seconds.
2015-12-21 12:19:55,490 20442 WARNING  [tempest_lib.common.ssh] Failed to establish authenticated ssh connection to cirros@172.24.4.4 ([Errno None] Unable to connect to port 22 on  or 172.24.4.4). Number attempts: 5. Retry after 6 seconds.
2015-12-21 12:20:04,999 20442 WARNING  [tempest_lib.common.ssh] Failed to establish authenticated ssh connection to cirros@172.24.4.4 ([Errno None] Unable to connect to port 22 on  or 172.24.4.4). Number attempts: 6. Retry after 7 seconds.
2015-12-21 12:20:15,509 20442 WARNING  [tempest_lib.common.ssh] Failed to establish authenticated ssh connection to cirros@172.24.4.4 ([Errno None] Unable to connect to port 22 on  or 172.24.4.4). Number attempts: 7. Retry after 8 seconds.
2015-12-21 12:20:27,019 20442 WARNING  [tempest_lib.common.ssh] Failed to establish authenticated ssh connection to cirros@172.24.4.4 ([Errno None] Unable to connect to port 22 on  or 172.24.4.4). Number attempts: 8. Retry after 9 seconds.
2015-12-21 12:20:39,525 20442 WARNING  [tempest_lib.common.ssh] Failed to establish authenticated ssh connection to cirros@172.24.4.4 ([Errno None] Unable to connect to port 22 on  or 172.24.4.4). Number attempts: 9. Retry after 10 seconds.
2015-12-21 12:20:53,033 20442 WARNING  [tempest_lib.common.ssh] Failed to establish authenticated ssh connection to cirros@172.24.4.4 ([Errno None] Unable to connect to port 22 on  or 172.24.4.4). Number attempts: 10. Retry after 11 seconds.
2015-12-21 12:21:07,537 20442 WARNING  [tempest_lib.common.ssh] Failed to establish authenticated ssh connection to cirros@172.24.4.4 ([Errno None] Unable to connect to port 22 on  or 172.24.4.4). Number attempts: 11. Retry after 12 seconds.
2015-12-21 12:21:23,050 20442 WARNING  [tempest_lib.common.ssh] Failed to establish authenticated ssh connection to cirros@172.24.4.4 ([Errno None] Unable to connect to port 22 on  or 172.24.4.4). Number attempts: 12. Retry after 13 seconds.
2015-12-21 12:21:39,562 20442 WARNING  [tempest_lib.common.ssh] Failed to establish authenticated ssh connection to cirros@172.24.4.4 ([Errno None] Unable to connect to port 22 on  or 172.24.4.4). Number attempts: 13. Retry after 14 seconds.
2015-12-21 12:21:57,067 20442 WARNING  [tempest_lib.common.ssh] Failed to establish authenticated ssh connection to cirros@172.24.4.4 ([Errno None] Unable to connect to port 22 on  or 172.24.4.4). Number attempts: 14. Retry after 15 seconds.
2015-12-21 12:22:15,582 20442 WARNING  [tempest_lib.common.ssh] Failed to establish authenticated ssh connection to cirros@172.24.4.4 ([Errno None] Unable to connect to port 22 on  or 172.24.4.4). Number attempts: 15. Retry after 16 seconds.
2015-12-21 12:22:35,086 20442 WARNING  [tempest_lib.common.ssh] Failed to establish authenticated ssh connection to cirros@172.24.4.4 ([Errno None] Unable to connect to port 22 on  or 172.24.4.4). Number attempts: 16. Retry after 17 seconds.
2015-12-21 12:22:55,606 20442 WARNING  [tempest_lib.common.ssh] Failed to establish authenticated ssh connection to cirros@172.24.4.4 ([Errno None] Unable to connect to port 22 on  or 172.24.4.4). Number attempts: 17. Retry after 18 seconds.
2015-12-21 12:23:17,124 20442 WARNING  [tempest_lib.common.ssh] Failed to establish authenticated ssh connection to cirros@172.24.4.4 ([Errno None] Unable to connect to port 22 on  or 172.24.4.4). Number attempts: 18. Retry after 19 seconds.
2015-12-21 12:23:39,642 20442 WARNING  [tempest_lib.common.ssh] Failed to establish authenticated ssh connection to cirros@172.24.4.4 ([Errno None] Unable to connect to port 22 on  or 172.24.4.4). Number attempts: 19. Retry after 20 seconds.
2015-12-21 12:24:03,150 20442 WARNING  [tempest_lib.common.ssh] Failed to establish authenticated ssh connection to cirros@172.24.4.4 ([Errno None] Unable to connect to port 22 on  or 172.24.4.4). Number attempts: 20. Retry after 21 seconds.
2015-12-21 12:24:27,670 20442 ERROR    [tempest_lib.common.ssh] Failed to establish authenticated ssh connection to cirros@172.24.4.4 after 20 attempts
2015-12-21 12:24:27.670 20442 ERROR tempest_lib.common.ssh Traceback (most recent call last):
2015-12-21 12:24:27.670 20442 ERROR tempest_lib.common.ssh   File "/usr/local/lib/python2.7/dist-packages/tempest_lib/common/ssh.py", line 75, in _get_ssh_connection
2015-12-21 12:24:27.670 20442 ERROR tempest_lib.common.ssh     timeout=self.channel_timeout, pkey=self.pkey)
2015-12-21 12:24:27.670 20442 ERROR tempest_lib.common.ssh   File "/usr/local/lib/python2.7/dist-packages/paramiko/client.py", line 311, in connect
2015-12-21 12:24:27.670 20442 ERROR tempest_lib.common.ssh     raise NoValidConnectionsError(errors)
2015-12-21 12:24:27.670 20442 ERROR tempest_lib.common.ssh NoValidConnectionsError: [Errno None] Unable to connect to port 22 on  or 172.24.4.4
2015-12-21 12:24:27.670 20442 ERROR tempest_lib.common.ssh 
2015-12-21 12:24:27,676 20442 ERROR    [tempest.scenario.manager] (TestGettingAddress:test_dhcp6_stateless_from_os) Initializing SSH connection to 172.24.4.4 failed. Error: Connection to the 172.24.4.4 via SSH timed out.
User: cirros, Password: None
2015-12-21 12:24:27.676 20442 ERROR tempest.scenario.manager Traceback (most recent call last):
2015-12-21 12:24:27.676 20442 ERROR tempest.scenario.manager   File "tempest/scenario/manager.py", line 385, in get_remote_client
2015-12-21 12:24:27.676 20442 ERROR tempest.scenario.manager     linux_client.validate_authentication()
2015-12-21 12:24:27.676 20442 ERROR tempest.scenario.manager   File "tempest/common/utils/linux/remote_client.py", line 63, in validate_authentication
2015-12-21 12:24:27.676 20442 ERROR tempest.scenario.manager     self.ssh_client.test_connection_auth()
2015-12-21 12:24:27.676 20442 ERROR tempest.scenario.manager   File "/usr/local/lib/python2.7/dist-packages/tempest_lib/common/ssh.py", line 167, in test_connection_auth
2015-12-21 12:24:27.676 20442 ERROR tempest.scenario.manager     connection = self._get_ssh_connection()
2015-12-21 12:24:27.676 20442 ERROR tempest.scenario.manager   File "/usr/local/lib/python2.7/dist-packages/tempest_lib/common/ssh.py", line 87, in _get_ssh_connection
2015-12-21 12:24:27.676 20442 ERROR tempest.scenario.manager     password=self.password)
2015-12-21 12:24:27.676 20442 ERROR tempest.scenario.manager SSHTimeout: Connection to the 172.24.4.4 via SSH timed out.
2015-12-21 12:24:27.676 20442 ERROR tempest.scenario.manager User: cirros, Password: None
2015-12-21 12:24:27.676 20442 ERROR tempest.scenario.manager 
2015-12-21 12:24:27,883 20442 INFO     [tempest_lib.common.rest_client] Request (TestGettingAddress:test_dhcp6_stateless_from_os): 200 GET http://10.0.2.15:8774/v2.1/9094f1d73b074c9694a9708a9b934299/servers 0.204s
2015-12-21 12:24:27,884 20442 DEBUG    [tempest_lib.common.rest_client] Request - Headers: {'Content-Type': 'application/json', 'Accept': 'application/json', 'X-Auth-Token': '&lt;omitted&gt;'}
        Body: None
    Response - Headers: {'status': '200', 'content-length': '390', 'content-location': 'http://10.0.2.15:8774/v2.1/9094f1d73b074c9694a9708a9b934299/servers', 'x-compute-request-id': 'req-869573bd-1a45-4336-869f-c5150364071b', 'vary': 'X-OpenStack-Nova-API-Version', 'connection': 'close', 'x-openstack-nova-api-version': '2.1', 'date': 'Mon, 21 Dec 2015 12:24:27 GMT', 'content-type': 'application/json'}
        Body: {"servers": [{"id": "136eace7-0fc9-46cb-9c02-2e34571d015a", "links": [{"href": "http://10.0.2.15:8774/v2.1/9094f1d73b074c9694a9708a9b934299/servers/136eace7-0fc9-46cb-9c02-2e34571d015a", "rel": "self"}, {"href": "http://10.0.2.15:8774/9094f1d73b074c9694a9708a9b934299/servers/136eace7-0fc9-46cb-9c02-2e34571d015a", "rel": "bookmark"}], "name": "tempest.common.compute-instance-906608445"}]}
2015-12-21 12:24:28,101 20442 INFO     [tempest_lib.common.rest_client] Request (TestGettingAddress:test_dhcp6_stateless_from_os): 200 POST http://10.0.2.15:8774/v2.1/9094f1d73b074c9694a9708a9b934299/servers/136eace7-0fc9-46cb-9c02-2e34571d015a/action 0.211s
2015-12-21 12:24:28,102 20442 DEBUG    [tempest_lib.common.rest_client] Request - Headers: {'Content-Type': 'application/json', 'Accept': 'application/json', 'X-Auth-Token': '&lt;omitted&gt;'}
        Body: {"os-getConsoleOutput": {}}
    Response - Headers: {'status': '200', 'content-length': '24709', 'x-compute-request-id': 'req-5dd64757-b03a-4274-8664-68121b09241c', 'vary': 'X-OpenStack-Nova-API-Version', 'connection': 'close', 'x-openstack-nova-api-version': '2.1', 'date': 'Mon, 21 Dec 2015 12:24:28 GMT', 'content-type': 'application/json'}
        Body: {"output": "[    0.000000] Initializing cgroup subsys cpuset\n[    0.000000] Initializing cgroup subsys cpu\n[    0.000000] Linux version 3.2.0-80-virtual (buildd@batsu) (gcc version 4.6.3 (Ubuntu/Linaro 4.6.3-1ubuntu5) ) #116-Ubuntu SMP Mon Mar 23 17:28:52 UTC 2015 (Ubuntu 3.2.0-80.116-virtual 3.2.68)\n[    0.000000] Command line: root=/dev/vda console=tty0 console=ttyS0 no_timer_check\n[    0.000000] KERNEL supported cpus:\n[    0.000000]   Intel GenuineIntel\n[    0.000000]   AMD AuthenticAMD\n[    0.000000]   Centaur CentaurHauls\n[    0.000000] BIOS-provided physical RAM map:\n[    0.000000]  BIOS-e820: 0000000000000000 - 000000000009fc00 (usable)\n[    0.000000]  BIOS-e820: 000000000009fc00 - 00000000000a0000 (reserved)\n[    0.000000]  BIOS-e820: 00000000000f0000 - 0000000000100000 (reserved)\n[    0.000000]  BIOS-e820: 0000000000100000 - 0000000003ffe000 (usable)\n[    0.000000]  BIOS-e820: 0000000003ffe000 - 0000000004000000 (reserved)\n[    0.000000]  BIOS-e820: 00000000fffc0000 - 0000000100000000 (reserved)\n[    0.000000] NX (Execute Disable) protection: active\n[    0.000000] SMBIOS 2.4 present.\n[    0.000000] No AGP bridge found\n[    0.000000] last_pfn = 0x3ffe max_arch_pfn = 0x400000000\n[    0.000000] x86 PAT enabled: cpu 0, old 0x7040600070406, new 0x7010600070106\n[    0.000000] found SMP MP-table at [ffff8800000f0b00] f0b00\n[    0.000000] init_memory_mapping: 0000000000000000-0000000003ffe000\n[    0.000000] RAMDISK: 03c5e000 - 03ff0000\n[    0.000000] ACPI: RSDP 00000000000f0950 00014 (v00 BOCHS )\n[    0.000000] ACPI: RSDT 0000000003fffbc1 00034 (v01 BOCHS  BXPCRSDT 00000001 BXPC 00000001)\n[    0.000000] ACPI: FACP 0000000003fff1c0 00074 (v01 BOCHS  BXPCFACP 00000001 BXPC 00000001)\n[    0.000000] ACPI: DSDT 0000000003ffe040 01180 (v01 BOCHS  BXPCDSDT 00000001 BXPC 00000001)\n[    0.000000] ACPI: FACS 0000000003ffe000 00040\n[    0.000000] ACPI: SSDT 0000000003fff234 008DD (v01 BOCHS  BXPCSSDT 00000001 BXPC 00000001)\n[    0.000000] ACPI: APIC 0000000003fffb11 00078 (v01 BOCHS  BXPCAPIC 00000001 BXPC 00000001)\n[    0.000000] ACPI: HPET 0000000003fffb89 00038 (v01 BOCHS  BXPCHPET 00000001 BXPC 00000001)\n[    0.000000] No NUMA configuration found\n[    0.000000] Faking a node at 0000000000000000-0000000003ffe000\n[    0.000000] Initmem setup node 0 0000000000000000-0000000003ffe000\n[    0.000000]   NODE_DATA [0000000003ff6000 - 0000000003ffafff]\n[    0.000000] Zone PFN ranges:\n[    0.000000]   DMA      0x00000010 -&gt; 0x00001000\n[    0.000000]   DMA32    0x00001000 -&gt; 0x00100000\n[    0.000000]   Normal   empty\n[    0.000000] Movable zone start PFN for each node\n[    0.000000] early_node_map[2] active PFN ranges\n[    0.000000]     0: 0x00000010 -&gt; 0x0000009f\n[    0.000000]     0: 0x00000100 -&gt; 0x00003ffe\n[    0.000000] ACPI: PM-Timer IO Port: 0xb008\n[    0.000000] ACPI: LAPIC (acpi_id[0x00] lapic_id[0x00] enabled)\n[    0.000000] ACPI: LAPIC_NMI (acpi_id[0xff] dfl dfl lint[0x1])\n[    0.000000] ACPI: IOAPIC (id[0x00] address[0xfec00000] gsi_base[0])\n[    0.000000] IOAPIC[0]: apic_id 0, version 17, address 0xfec00000, GSI 0-23\n[    0.000000] ACPI: INT_SRC_OVR (bus 0 bus_irq 0 global_irq 2 dfl dfl)\n[    0.000000] ACPI: INT_SRC_OVR (bus 0 bus_irq 5 global_irq 5 high level)\n[    0.000000] ACPI: INT_SRC_OVR (bus 0 bus_irq 9 global_irq 9 high level)\n[    0.000000] ACPI: INT_SRC_OVR (bus 0 bus_irq 10 global_irq 10 high level)\n[    0.000000] ACPI: INT_SRC_OVR (bus 0 bus_irq 11 global_irq 11 high level)\n[    0.000000] Using ACPI (MADT) for SMP configuration information\n[    0.000000] ACPI: HPET id: 0x8086a201 base: 0xfed00000\n[    0.000000] SMP: Allowing 1 CPUs, 0 hotplug CPUs\n[    0.000000] PM: Registered nosave memory: 000000000009f000 - 00000000000a0000\n[    0.000000] PM: Registered nosave memory: 00000000000a0000 - 00000000000f0000\n[    0.000000] PM: Registered nosave memory: 00000000000f0000 - 0000000000100000\n[    0.000000] Allocating PCI resources starting at 4000000 (gap: 4000000:fbfc0000)\n[    0.000000] Booting paravirtualized kernel on bare hardware\n[    0.000000] setup_pe
2015-12-21 12:24:28,105 20442 DEBUG    [tempest.scenario.manager] Console output for 136eace7-0fc9-46cb-9c02-2e34571d015a
body=
[    0.000000] Initializing cgroup subsys cpuset
[    0.000000] Initializing cgroup subsys cpu
[    0.000000] Linux version 3.2.0-80-virtual (buildd@batsu) (gcc version 4.6.3 (Ubuntu/Linaro 4.6.3-1ubuntu5) ) #116-Ubuntu SMP Mon Mar 23 17:28:52 UTC 2015 (Ubuntu 3.2.0-80.116-virtual 3.2.68)
[    0.000000] Command line: root=/dev/vda console=tty0 console=ttyS0 no_timer_check
[    0.000000] KERNEL supported cpus:
[    0.000000]   Intel GenuineIntel
[    0.000000]   AMD AuthenticAMD
[    0.000000]   Centaur CentaurHauls
[    0.000000] BIOS-provided physical RAM map:
[    0.000000]  BIOS-e820: 0000000000000000 - 000000000009fc00 (usable)
[    0.000000]  BIOS-e820: 000000000009fc00 - 00000000000a0000 (reserved)
[    0.000000]  BIOS-e820: 00000000000f0000 - 0000000000100000 (reserved)
[    0.000000]  BIOS-e820: 0000000000100000 - 0000000003ffe000 (usable)
[    0.000000]  BIOS-e820: 0000000003ffe000 - 0000000004000000 (reserved)
[    0.000000]  BIOS-e820: 00000000fffc0000 - 0000000100000000 (reserved)
[    0.000000] NX (Execute Disable) protection: active
[    0.000000] SMBIOS 2.4 present.
[    0.000000] No AGP bridge found
[    0.000000] last_pfn = 0x3ffe max_arch_pfn = 0x400000000
[    0.000000] x86 PAT enabled: cpu 0, old 0x7040600070406, new 0x7010600070106
[    0.000000] found SMP MP-table at [ffff8800000f0b00] f0b00
[    0.000000] init_memory_mapping: 0000000000000000-0000000003ffe000
[    0.000000] RAMDISK: 03c5e000 - 03ff0000
[    0.000000] ACPI: RSDP 00000000000f0950 00014 (v00 BOCHS )
[    0.000000] ACPI: RSDT 0000000003fffbc1 00034 (v01 BOCHS  BXPCRSDT 00000001 BXPC 00000001)
[    0.000000] ACPI: FACP 0000000003fff1c0 00074 (v01 BOCHS  BXPCFACP 00000001 BXPC 00000001)
[    0.000000] ACPI: DSDT 0000000003ffe040 01180 (v01 BOCHS  BXPCDSDT 00000001 BXPC 00000001)
[    0.000000] ACPI: FACS 0000000003ffe000 00040
[    0.000000] ACPI: SSDT 0000000003fff234 008DD (v01 BOCHS  BXPCSSDT 00000001 BXPC 00000001)
[    0.000000] ACPI: APIC 0000000003fffb11 00078 (v01 BOCHS  BXPCAPIC 00000001 BXPC 00000001)
[    0.000000] ACPI: HPET 0000000003fffb89 00038 (v01 BOCHS  BXPCHPET 00000001 BXPC 00000001)
[    0.000000] No NUMA configuration found
[    0.000000] Faking a node at 0000000000000000-0000000003ffe000
[    0.000000] Initmem setup node 0 0000000000000000-0000000003ffe000
[    0.000000]   NODE_DATA [0000000003ff6000 - 0000000003ffafff]
[    0.000000] Zone PFN ranges:
[    0.000000]   DMA      0x00000010 -&gt; 0x00001000
[    0.000000]   DMA32    0x00001000 -&gt; 0x00100000
[    0.000000]   Normal   empty
[    0.000000] Movable zone start PFN for each node
[    0.000000] early_node_map[2] active PFN ranges
[    0.000000]     0: 0x00000010 -&gt; 0x0000009f
[    0.000000]     0: 0x00000100 -&gt; 0x00003ffe
[    0.000000] ACPI: PM-Timer IO Port: 0xb008
[    0.000000] ACPI: LAPIC (acpi_id[0x00] lapic_id[0x00] enabled)
[    0.000000] ACPI: LAPIC_NMI (acpi_id[0xff] dfl dfl lint[0x1])
[    0.000000] ACPI: IOAPIC (id[0x00] address[0xfec00000] gsi_base[0])
[    0.000000] IOAPIC[0]: apic_id 0, version 17, address 0xfec00000, GSI 0-23
[    0.000000] ACPI: INT_SRC_OVR (bus 0 bus_irq 0 global_irq 2 dfl dfl)
[    0.000000] ACPI: INT_SRC_OVR (bus 0 bus_irq 5 global_irq 5 high level)
[    0.000000] ACPI: INT_SRC_OVR (bus 0 bus_irq 9 global_irq 9 high level)
[    0.000000] ACPI: INT_SRC_OVR (bus 0 bus_irq 10 global_irq 10 high level)
[    0.000000] ACPI: INT_SRC_OVR (bus 0 bus_irq 11 global_irq 11 high level)
[    0.000000] Using ACPI (MADT) for SMP configuration information
[    0.000000] ACPI: HPET id: 0x8086a201 base: 0xfed00000
[    0.000000] SMP: Allowing 1 CPUs, 0 hotplug CPUs
[    0.000000] PM: Registered nosave memory: 000000000009f000 - 00000000000a0000
[    0.000000] PM: Registered nosave memory: 00000000000a0000 - 00000000000f0000
[    0.000000] PM: Registered nosave memory: 00000000000f0000 - 0000000000100000
[    0.000000] Allocating PCI resources starting at 4000000 (gap: 4000000:fbfc0000)
[    0.000000] Booting paravirtualized kernel on bare hardware
[    0.000000] setup_percpu: NR_CPUS:64 nr_cpumask_bits:64 nr_cpu_ids:1 nr_node_ids:1
[    0.000000] PERCPU: Embedded 27 pages/cpu @ffff880003a00000 s78848 r8192 d23552 u2097152
[    0.000000] Built 1 zonelists in Node order, mobility grouping on.  Total pages: 16008
[    0.000000] Policy zone: DMA32
[    0.000000] Kernel command line: root=/dev/vda console=tty0 console=ttyS0 no_timer_check
[    0.000000] PID hash table entries: 256 (order: -1, 2048 bytes)
[    0.000000] Checking aperture...
[    0.000000] No AGP bridge found
[    0.000000] Memory: 43492k/65528k available (6576k kernel code, 452k absent, 21584k reserved, 6620k data, 928k init)
[    0.000000] SLUB: Genslabs=15, HWalign=64, Order=0-3, MinObjects=0, CPUs=1, Nodes=1
[    0.000000] Hierarchical RCU implementation.
[    0.000000] 	RCU dyntick-idle grace-period acceleration is enabled.
[    0.000000] NR_IRQS:4352 nr_irqs:256 16
[    0.000000] Console: colour VGA+ 80x25
[    0.000000] console [tty0] enabled
[    0.000000] console [ttyS0] enabled
[    0.000000] allocated 1048576 bytes of page_cgroup
[    0.000000] please try 'cgroup_disable=memory' option if you don't want memory cgroups
[    0.000000] Fast TSC calibration failed
[    0.000000] TSC: Unable to calibrate against PIT
[    0.000000] TSC: using HPET reference calibration
[    0.000000] Detected 2294.589 MHz processor.
[    0.032902] Calibrating delay loop (skipped), value calculated using timer frequency.. 4589.17 BogoMIPS (lpj=9178356)
[    0.034639] pid_max: default: 32768 minimum: 301
[    0.049292] Security Framework initialized
[    0.054300] AppArmor: AppArmor initialized
[    0.054905] Yama: becoming mindful.
[    0.061546] Dentry cache hash table entries: 8192 (order: 4, 65536 bytes)
[    0.064487] Inode-cache hash table entries: 4096 (order: 3, 32768 bytes)
[    0.066005] Mount-cache hash table entries: 256
[    0.082639] Initializing cgroup subsys cpuacct
[    0.084295] Initializing cgroup subsys memory
[    0.085750] Initializing cgroup subsys devices
[    0.086493] Initializing cgroup subsys freezer
[    0.087167] Initializing cgroup subsys blkio
[    0.088202] Initializing cgroup subsys perf_event
[    0.093374] mce: CPU supports 10 MCE banks
[    0.097476] SMP alternatives: switching to UP code
[    0.485679] Freeing SMP alternatives: 24k freed
[    0.488422] ACPI: Core revision 20110623
[    0.538073] ftrace: allocating 26610 entries in 105 pages
[    0.572035] ..TIMER: vector=0x30 apic1=0 pin1=2 apic2=-1 pin2=-1
[    0.572157] CPU0: AMD QEMU Virtual CPU version 2.0.0 stepping 03
[    0.576035] Performance Events: Broken PMU hardware detected, using software events only.
[    0.585740] NMI watchdog disabled (cpu0): hardware events not enabled
[    0.588434] Brought up 1 CPUs
[    0.588937] Total of 1 processors activated (4589.17 BogoMIPS).
[    0.612947] devtmpfs: initialized
[    0.649721] EVM: security.selinux
[    0.650946] EVM: security.SMACK64
[    0.652099] EVM: security.capability
[    0.674569] print_constraints: dummy: 
[    0.677552] RTC time: 12:19:26, date: 12/21/15
[    0.681437] NET: Registered protocol family 16
[    0.693482] ACPI: bus type pci registered
[    0.702183] PCI: Using configuration type 1 for base access
[    0.740725] bio: create slab &lt;bio-0&gt; at 0
[    0.745165] ACPI: Added _OSI(Module Device)
[    0.745815] ACPI: Added _OSI(Processor Device)
[    0.746342] ACPI: Added _OSI(3.0 _SCP Extensions)
[    0.746928] ACPI: Added _OSI(Processor Aggregator Device)
[    0.815480] ACPI: Interpreter enabled
[    0.816188] ACPI: (supports S0 S3 S4 S5)
[    0.818001] ACPI: Using IOAPIC for interrupt routing
[    0.886610] ACPI: No dock devices found.
[    0.887282] HEST: Table not found.
[    0.888199] PCI: Using host bridge windows from ACPI; if necessary, use "pci=nocrs" and report a bug
[    0.894212] ACPI: PCI Root Bridge [PCI0] (domain 0000 [bus 00-ff])
[    0.899547] pci_root PNP0A03:00: host bridge window [io  0x0000-0x0cf7]
[    0.900155] pci_root PNP0A03:00: host bridge window [io  0x0d00-0xadff]
[    0.901030] pci_root PNP0A03:00: host bridge window [io  0xae0f-0xaeff]
[    0.902070] pci_root PNP0A03:00: host bridge window [io  0xaf20-0xafdf]
[    0.904105] pci_root PNP0A03:00: host bridge window [io  0xafe4-0xffff]
[    0.904986] pci_root PNP0A03:00: host bridge window [mem 0x000a0000-0x000bffff]
[    0.905819] pci_root PNP0A03:00: host bridge window [mem 0x04000000-0xfebfffff]
[    0.926383] pci 0000:00:01.3: quirk: [io  0xb000-0xb03f] claimed by PIIX4 ACPI
[    0.928182] pci 0000:00:01.3: quirk: [io  0xb100-0xb10f] claimed by PIIX4 SMB
[    0.998465]  pci0000:00: Unable to request _OSC control (_OSC support mask: 0x1e)
[    1.054327] ACPI: PCI Interrupt Link [LNKA] (IRQs 5 *10 11)
[    1.057152] ACPI: PCI Interrupt Link [LNKB] (IRQs 5 *10 11)
[    1.058868] ACPI: PCI Interrupt Link [LNKC] (IRQs 5 10 *11)
[    1.061386] ACPI: PCI Interrupt Link [LNKD] (IRQs 5 10 *11)
[    1.062402] ACPI: PCI Interrupt Link [LNKS] (IRQs *9)
[    1.069830] vgaarb: device added: PCI:0000:00:02.0,decodes=io+mem,owns=io+mem,locks=none
[    1.070967] vgaarb: loaded
[    1.071345] vgaarb: bridge control possible 0000:00:02.0
[    1.074384] i2c-core: driver [aat2870] using legacy suspend method
[    1.076185] i2c-core: driver [aat2870] using legacy resume method
[    1.078585] SCSI subsystem initialized
[    1.082541] usbcore: registered new interface driver usbfs
[    1.084232] usbcore: registered new interface driver hub
[    1.085504] usbcore: registered new device driver usb
[    1.089107] PCI: Using ACPI for IRQ routing
[    1.100685] NetLabel: Initializing
[    1.101281] NetLabel:  domain hash size = 128
[    1.101777] NetLabel:  protocols = UNLABELED CIPSOv4
[    1.104393] NetLabel:  unlabeled traffic allowed by default
[    1.106508] HPET: 3 timers in total, 0 timers will be used for per-cpu timer
[    1.108190] hpet0: at MMIO 0xfed00000, IRQs 2, 8, 0
[    1.109291] hpet0: 3 comparators, 64-bit 100.000000 MHz counter
[    1.122421] Switching to clocksource hpet
[    1.355186] AppArmor: AppArmor Filesystem Enabled
[    1.357260] pnp: PnP ACPI init
[    1.357918] ACPI: bus type pnp registered
[    1.379411] pnp: PnP ACPI: found 9 devices
[    1.380063] ACPI: ACPI bus type pnp unregistered
[    1.438905] NET: Registered protocol family 2
[    1.474909] IP route cache hash table entries: 512 (order: 0, 4096 bytes)
[    1.481933] TCP established hash table entries: 2048 (order: 3, 32768 bytes)
[    1.483382] TCP bind hash table entries: 2048 (order: 3, 32768 bytes)
[    1.484359] TCP: Hash tables configured (established 2048 bind 2048)
[    1.485671] TCP reno registered
[    1.486167] UDP hash table entries: 128 (order: 0, 4096 bytes)
[    1.487250] UDP-Lite hash table entries: 128 (order: 0, 4096 bytes)
[    1.490079] NET: Registered protocol family 1
[    1.490908] pci 0000:00:00.0: Limiting direct PCI/PCI transfers
[    1.491641] pci 0000:00:01.0: PIIX3: Enabling Passive Release
[    1.493584] pci 0000:00:01.0: Activating ISA DMA hang workarounds
[    1.498263] ACPI: PCI Interrupt Link [LNKD] enabled at IRQ 11
[    1.499514] pci 0000:00:01.2: PCI INT D -&gt; Link[LNKD] -&gt; GSI 11 (level, high) -&gt; IRQ 11
[    1.502365] pci 0000:00:01.2: PCI INT D disabled
[    1.519096] Trying to unpack rootfs image as initramfs...
[    1.542375] audit: initializing netlink socket (disabled)
[    1.546494] type=2000 audit(1450700366.540:1): initialized
[    1.829698] HugeTLB registered 2 MB page size, pre-allocated 0 pages
[    1.917657] VFS: Disk quotas dquot_6.5.2
[    1.919352] Dquot-cache hash table entries: 512 (order 0, 4096 bytes)
[    1.942957] fuse init (API version 7.17)
[    1.946258] msgmni has been set to 84
[    1.986309] Block layer SCSI generic (bsg) driver version 0.4 loaded (major 253)
[    1.987811] io scheduler noop registered
[    1.989659] io scheduler deadline registered (default)
[    1.990733] io scheduler cfq registered
[    1.994420] pci_hotplug: PCI Hot Plug PCI Core version: 0.5
[    1.996529] pciehp: PCI Express Hot Plug Controller Driver version: 0.4
[    2.002403] input: Power Button as /devices/LNXSYSTM:00/LNXPWRBN:00/input/input0
[    2.004032] ACPI: Power Button [PWRF]
[    2.054146] ERST: Table is not found!
[    2.054638] GHES: HEST is not enabled!
[    2.062346] ACPI: PCI Interrupt Link [LNKC] enabled at IRQ 10
[    2.063322] virtio-pci 0000:00:03.0: PCI INT A -&gt; Link[LNKC] -&gt; GSI 10 (level, high) -&gt; IRQ 10
[    2.067267] virtio-pci 0000:00:04.0: PCI INT A -&gt; Link[LNKD] -&gt; GSI 11 (level, high) -&gt; IRQ 11
[    2.079293] ACPI: PCI Interrupt Link [LNKA] enabled at IRQ 10
[    2.080048] virtio-pci 0000:00:05.0: PCI INT A -&gt; Link[LNKA] -&gt; GSI 10 (level, high) -&gt; IRQ 10
[    2.094843] Serial: 8250/16550 driver, 32 ports, IRQ sharing enabled
[    2.137673] serial8250: ttyS0 at I/O 0x3f8 (irq = 4) is a 16550A
[    2.225054] serial8250: ttyS1 at I/O 0x2f8 (irq = 3) is a 16550A
[    2.353208] 00:05: ttyS0 at I/O 0x3f8 (irq = 4) is a 16550A
[    2.423607] 00:06: ttyS1 at I/O 0x2f8 (irq = 3) is a 16550A
[    2.476471] Linux agpgart interface v0.103
[    2.505346] Refined TSC clocksource calibration: 2294.615 MHz.
[    2.506089] Switching to clocksource tsc
[    2.545765] brd: module loaded
[    2.575143] loop: module loaded
[    2.630671]  vda: unknown partition table
[    2.677106] scsi0 : ata_piix
[    2.684976] scsi1 : ata_piix
[    2.685853] ata1: PATA max MWDMA2 cmd 0x1f0 ctl 0x3f6 bmdma 0xc0a0 irq 14
[    2.686864] ata2: PATA max MWDMA2 cmd 0x170 ctl 0x376 bmdma 0xc0a8 irq 15
[    2.697326] Fixed MDIO Bus: probed
[    2.698122] tun: Universal TUN/TAP device driver, 1.6
[    2.698977] tun: (C) 1999-2004 Max Krasnyansky &lt;maxk@qualcomm.com&gt;
[    2.711054] PPP generic driver version 2.4.2
[    2.731114] ehci_hcd: USB 2.0 'Enhanced' Host Controller (EHCI) Driver
[    2.732138] ohci_hcd: USB 1.1 'Open' Host Controller (OHCI) Driver
[    2.733958] uhci_hcd: USB Universal Host Controller Interface driver
[    2.735059] uhci_hcd 0000:00:01.2: PCI INT D -&gt; Link[LNKD] -&gt; GSI 11 (level, high) -&gt; IRQ 11
[    2.738297] uhci_hcd 0000:00:01.2: UHCI Host Controller
[    2.754379] uhci_hcd 0000:00:01.2: new USB bus registered, assigned bus number 1
[    2.755903] uhci_hcd 0000:00:01.2: irq 11, io base 0x0000c040
[    2.779899] hub 1-0:1.0: USB hub found
[    2.782109] hub 1-0:1.0: 2 ports detected
[    2.791601] usbcore: registered new interface driver libusual
[    2.798532] i8042: PNP: PS/2 Controller [PNP0303:KBD,PNP0f13:MOU] at 0x60,0x64 irq 1,12
[    2.807730] serio: i8042 KBD port at 0x60,0x64 irq 1
[    2.809598] serio: i8042 AUX port at 0x60,0x64 irq 12
[    2.851423] mousedev: PS/2 mouse device common for all mice
[    2.868016] input: AT Translated Set 2 keyboard as /devices/platform/i8042/serio0/input/input1
[    2.872354] rtc_cmos 00:01: RTC can wake from S4
[    2.897147] rtc_cmos 00:01: rtc core: registered rtc_cmos as rtc0
[    2.901550] rtc0: alarms up to one day, 114 bytes nvram, hpet irqs
[    2.904529] device-mapper: uevent: version 1.0.3
[    2.917462] ata2.01: ATAPI: QEMU DVD-ROM, 2.0.0, max UDMA/100
[    2.934253] ata2.01: configured for MWDMA2
[    2.939086] device-mapper: ioctl: 4.22.0-ioctl (2011-10-19) initialised: dm-devel@redhat.com
[    2.943720] cpuidle: using governor ladder
[    2.945577] cpuidle: using governor menu
[    2.948036] EFI Variables Facility v0.08 2004-May-17
[    2.965669] TCP cubic registered
[    2.970277] NET: Registered protocol family 10
[    3.003306] NET: Registered protocol family 17
[    3.005959] Registering the dns_resolver key type
[    3.047425] scsi 1:0:1:0: CD-ROM            QEMU     QEMU DVD-ROM     2.0. PQ: 0 ANSI: 5
[    3.074011] sr0: scsi3-mmc drive: 4x/4x cd/rw xa/form2 tray
[    3.076703] cdrom: Uniform CD-ROM driver Revision: 3.20
[    3.091819] sr 1:0:1:0: Attached scsi generic sg0 type 5
[    3.150234] registered taskstats version 1
[    3.225526] Freeing initrd memory: 3656k freed
[    3.737518]   Magic number: 11:159:330
[    3.745311] tty tty51: hash matches
[    3.749690] rtc_cmos 00:01: setting system clock to 2015-12-21 12:19:29 UTC (1450700369)
[    3.752016] powernow-k8: Processor cpuid 663 not supported
[    3.757238] BIOS EDD facility v0.16 2004-Jun-25, 0 devices found
[    3.758428] EDD information not available.
[    3.818165] Freeing unused kernel memory: 928k freed
[    3.822837] Write protecting the kernel read-only data: 12288k
[    3.918572] Freeing unused kernel memory: 1596k freed
[    3.975654] Freeing unused kernel memory: 1184k freed

info: initramfs: up at 4.14
modprobe: module virtio_blk not found in modules.dep
modprobe: module virtio_net not found in modules.dep
info: copying initramfs to /dev/vda
info: initramfs loading root from /dev/vda
info: /etc/init.d/rc.sysinit: up at 8.77
info: container: none
Starting logging: OK
modprobe: module virtio_blk not found in modules.dep
modprobe: module virtio_net not found in modules.dep
WARN: /etc/rc3.d/S10-load-modules failed
Initializing random number generator... done.
Starting acpid: OK
cirros-ds 'local' up at 11.44
found datasource (configdrive, local)
Starting network...
udhcpc (v1.20.1) started
Sending discover...
Sending discover...
Sending discover...
Usage: /sbin/cirros-dhcpc &lt;up|down&gt;
No lease, failing
WARN: /etc/rc3.d/S40-network failed
Starting dropbear sshd: generating rsa key... generating dsa key... OK
no userdata for datasource
=== system information ===
Platform: OpenStack Foundation OpenStack Nova
Container: none
Arch: x86_64
CPU(s): 1 @ 2294.589 MHz
Cores/Sockets/Threads: 1/1/1
Virt-type: AMD-V
RAM Size: 49MB
Disks:
NAME MAJ:MIN     SIZE LABEL         MOUNTPOINT
vda  253:0   25165824 cirros-rootfs /
sr0   11:0     428032 config-2      
=== sshd host keys ===
-----BEGIN SSH HOST KEY KEYS-----
ssh-rsa AAAAB3NzaC1yc2EAAAADAQABAAAAgwCcpzinHSk8nzoob6c6apSrV6Hb2tX7XRZzgVfdubvPf2fwk+mkZ+lTON1yHA3lfqLvIHk+3jKNvpTbYLGWzYgFzXBImcFhPks9sLOCtb1NFrOQ7FE9BIMJ+/VUsgiJH2JbBzuNDNcx/QZy3ZzIkoMF9c0N9O3sq2urimSiV0PhXxbJ root@tempest
ssh-dss AAAAB3NzaC1kc3MAAACBAKyQOcHlUqXSN7PzUzexS5vWZ0bWFLUo2SztvKA7TPeMzLJEm3tcXPuqiyfORwMGFapOiTD0QMpjj82NEGQ61RSzHEEqFdFTmpRkXgfNCrVVxI6A56EP7vvVT8biaaQ4mZ0xyKWQmviuC6fHdkaxHx2tv8L/kH24yV+xYdtqhhTHAAAAFQDWJ7pUOtl91je+NaS06Ki83cw85wAAAIAqxnyyMq59a6y9AhcYbwLj2lnp4h66WlKfRO0x4DwQ82oHK1T48xSBPw2btrXYmgqUUvESD4YoxxnWMVddY+f8U6LhKzYXIARqpjwHEdPrZkrg5oblV3j0ZocEkuvHneqBKmfnB0fEeVVxYHdcHNBRWPt9x7nz4TaLiUbO/oZpGgAAAIEAgJ4+8CWpfjUFW5rZiiP4bdqPkb8HMruceY4OQpwY0aFeib4XI8eeI9s9SI2Fgd6L2gVlZhimzcNp9cdMaB+7qGw8SyD7KjwfRNukkEgG3ynv47i6X4ulYisPi+Pw2nnPJWtyrs7k4OwO6NTkMmcYpxi/mta0JFvuttMtyjLRcvw= root@tempest
-----END SSH HOST KEY KEYS-----
=== network info ===
if-info: lo,up,127.0.0.1,8,::1
if-info: eth0,up,,8,fe80::f816:3eff:fe45:6f5b
=== datasource: configdrive local ===
instance-id: 136eace7-0fc9-46cb-9c02-2e34571d015a
name: tempest.common.compute-instance-906608445
availability-zone: nova
local-hostname: tempest.common.compute-instance-906608445.novalocal
launch-index: 0
=== cirros: current=0.3.4 uptime=201.40 ===
route: fscanf
=== pinging gateway failed, debugging connection ===
############ debug start ##############
### /etc/init.d/sshd start
Starting dropbear sshd: OK
route: fscanf
### ifconfig -a
eth0      Link encap:Ethernet  HWaddr FA:16:3E:45:6F:5B  
          inet6 addr: fe80::f816:3eff:fe45:6f5b/64 Scope:Link
          UP BROADCAST RUNNING MULTICAST  MTU:1500  Metric:1
          RX packets:12 errors:0 dropped:5 overruns:0 frame:0
          TX packets:8 errors:0 dropped:0 overruns:0 carrier:0
          collisions:0 txqueuelen:1000 
          RX bytes:1303 (1.2 KiB)  TX bytes:1134 (1.1 KiB)

lo        Link encap:Local Loopback  
          inet addr:127.0.0.1  Mask:255.0.0.0
          inet6 addr: ::1/128 Scope:Host
          UP LOOPBACK RUNNING  MTU:16436  Metric:1
          RX packets:12 errors:0 dropped:0 overruns:0 frame:0
          TX packets:12 errors:0 dropped:0 overruns:0 carrier:0
          collisions:0 txqueuelen:0 
          RX bytes:1020 (1020.0 B)  TX bytes:1020 (1020.0 B)

### route -n
Kernel IP routing table
Destination     Gateway         Genmask         Flags Metric Ref    Use Iface
route: fscanf
### cat /etc/resolv.conf
cat: can't open '/etc/resolv.conf': No such file or directory
### gateway not found
/sbin/cirros-status: line 1: can't open /etc/resolv.conf: no such file
### pinging nameservers
### uname -a
Linux tempest 3.2.0-80-virtual #116-Ubuntu SMP Mon Mar 23 17:28:52 UTC 2015 x86_64 GNU/Linux
### lsmod
Module                  Size  Used by    Not tainted
nls_iso8859_1          12713  0 
nls_cp437              16991  0 
vfat                   17585  0 
fat                    61512  1 vfat
isofs                  40259  0 
ip_tables              27473  0 
x_tables               29891  1 ip_tables
pcnet32                42119  0 
8139cp                 27360  0 
ne2k_pci               13691  0 
8390                   18856  1 ne2k_pci
e1000                 108589  0 
acpiphp                24231  0 
### dmesg | tail
[    4.857428] EXT3-fs (vda): mounted filesystem with ordered data mode
[    5.188061] ISO 9660 Extensions: Microsoft Joliet Level 3
[    5.254050] ISO 9660 Extensions: RRIP_1991A
[    5.501272] kjournald starting.  Commit interval 5 seconds
[    5.519374] EXT3-fs (vda): using internal journal
[    5.520674] EXT3-fs (vda): mounted filesystem with ordered data mode
[    8.869134] EXT3-fs (vda): using internal journal
[   12.234241] ISO 9660 Extensions: Microsoft Joliet Level 3
[   12.325909] ISO 9660 Extensions: RRIP_1991A
[   26.659505] eth0: no IPv6 routers present
### tail -n 25 /var/log/messages
Dec 21 12:19:36 cirros kern.info kernel: [    4.419656] acpiphp: Slot [26] registered
Dec 21 12:19:36 cirros kern.info kernel: [    4.419982] acpiphp: Slot [27] registered
Dec 21 12:19:36 cirros kern.info kernel: [    4.421354] acpiphp: Slot [28] registered
Dec 21 12:19:36 cirros kern.info kernel: [    4.421775] acpiphp: Slot [29] registered
Dec 21 12:19:36 cirros kern.info kernel: [    4.422089] acpiphp: Slot [30] registered
Dec 21 12:19:36 cirros kern.info kernel: [    4.422447] acpiphp: Slot [31] registered
Dec 21 12:19:36 cirros kern.info kernel: [    4.481415] e1000: Intel(R) PRO/1000 Network Driver - version 7.3.21-k8-NAPI
Dec 21 12:19:36 cirros kern.info kernel: [    4.481458] e1000: Copyright (c) 1999-2006 Intel Corporation.
Dec 21 12:19:36 cirros kern.info kernel: [    4.519991] ne2k-pci.c:v1.03 9/22/2003 D. Becker/P. Gortmaker
Dec 21 12:19:36 cirros kern.info kernel: [    4.554979] 8139cp: 8139cp: 10/100 PCI Ethernet driver v1.3 (Mar 22, 2004)
Dec 21 12:19:36 cirros kern.info kernel: [    4.589207] pcnet32: pcnet32.c:v1.35 21.Apr.2008 tsbogend@alpha.franken.de
Dec 21 12:19:36 cirros kern.info kernel: [    4.634928] ip_tables: (C) 2000-2006 Netfilter Core Team
Dec 21 12:19:36 cirros kern.info kernel: [    4.855021] kjournald starting.  Commit interval 5 seconds
Dec 21 12:19:36 cirros kern.info kernel: [    4.857428] EXT3-fs (vda): mounted filesystem with ordered data mode
Dec 21 12:19:36 cirros kern.debug kernel: [    5.188061] ISO 9660 Extensions: Microsoft Joliet Level 3
Dec 21 12:19:36 cirros kern.debug kernel: [    5.254050] ISO 9660 Extensions: RRIP_1991A
Dec 21 12:19:36 cirros kern.info kernel: [    5.501272] kjournald starting.  Commit interval 5 seconds
Dec 21 12:19:36 cirros kern.info kernel: [    5.519374] EXT3-fs (vda): using internal journal
Dec 21 12:19:36 cirros kern.info kernel: [    5.520674] EXT3-fs (vda): mounted filesystem with ordered data mode
Dec 21 12:19:36 cirros kern.info kernel: [    8.869134] EXT3-fs (vda): using internal journal
Dec 21 12:19:37 cirros kern.debug kernel: [   12.234241] ISO 9660 Extensions: Microsoft Joliet Level 3
Dec 21 12:19:38 cirros kern.debug kernel: [   12.325909] ISO 9660 Extensions: RRIP_1991A
Dec 21 12:19:41 cirros auth.notice su: + /dev/console root:cirros
Dec 21 12:19:52 cirros kern.debug kernel: [   26.659505] eth0: no IPv6 routers present
Dec 21 12:22:45 cirros authpriv.info dropbear[283]: Running in background
############ debug end   ##############
  ____               ____  ____
 / __/ __ ____ ____ / __ \/ __/
/ /__ / // __// __// /_/ /\ \ 
\___//_//_/  /_/   \____/___/ 
   http://cirros-cloud.net


login as 'cirros' user. default password: 'cubswin:)'. use 'sudo' for root.
tempest login: 
2015-12-21 12:24:28,535 20442 INFO     [tempest_lib.common.rest_client] Request (TestGettingAddress:_run_cleanups): 204 DELETE http://10.0.2.15:9696/v2.0/floatingips/b21bca2b-0b1c-46ee-910c-2db568ffd2fb 0.425s
2015-12-21 12:24:28,535 20442 DEBUG    [tempest_lib.common.rest_client] Request - Headers: {'Content-Type': 'application/json', 'Accept': 'application/json', 'X-Auth-Token': '&lt;omitted&gt;'}
        Body: None
    Response - Headers: {'date': 'Mon, 21 Dec 2015 12:24:28 GMT', 'status': '204', 'connection': 'close', 'content-length': '0', 'x-openstack-request-id': 'req-e172f679-1dba-4d5c-96bf-086c8a87edc4'}
        Body: 
2015-12-21 12:24:28,776 20442 INFO     [tempest_lib.common.rest_client] Request (TestGettingAddress:_run_cleanups): 204 DELETE http://10.0.2.15:8774/v2.1/9094f1d73b074c9694a9708a9b934299/servers/136eace7-0fc9-46cb-9c02-2e34571d015a 0.240s
2015-12-21 12:24:28,777 20442 DEBUG    [tempest_lib.common.rest_client] Request - Headers: {'Content-Type': 'application/json', 'Accept': 'application/json', 'X-Auth-Token': '&lt;omitted&gt;'}
        Body: None
    Response - Headers: {'status': '204', 'content-length': '0', 'x-compute-request-id': 'req-1133bb94-9acd-4186-8e95-3f3818506b7c', 'vary': 'X-OpenStack-Nova-API-Version', 'connection': 'close', 'x-openstack-nova-api-version': '2.1', 'date': 'Mon, 21 Dec 2015 12:24:28 GMT', 'content-type': 'application/json'}
        Body: 
2015-12-21 12:24:29,107 20442 INFO     [tempest_lib.common.rest_client] Request (TestGettingAddress:_run_cleanups): 200 GET http://10.0.2.15:8774/v2.1/9094f1d73b074c9694a9708a9b934299/servers/136eace7-0fc9-46cb-9c02-2e34571d015a 0.329s
2015-12-21 12:24:29,107 20442 DEBUG    [tempest_lib.common.rest_client] Request - Headers: {'Content-Type': 'application/json', 'Accept': 'application/json', 'X-Auth-Token': '&lt;omitted&gt;'}
        Body: None
    Response - Headers: {'status': '200', 'content-length': '1902', 'content-location': 'http://10.0.2.15:8774/v2.1/9094f1d73b074c9694a9708a9b934299/servers/136eace7-0fc9-46cb-9c02-2e34571d015a', 'x-compute-request-id': 'req-2297745a-0ab4-4a71-80e3-93a197b0e37a', 'vary': 'X-OpenStack-Nova-API-Version', 'connection': 'close', 'x-openstack-nova-api-version': '2.1', 'date': 'Mon, 21 Dec 2015 12:24:29 GMT', 'content-type': 'application/json'}
        Body: {"server": {"status": "ACTIVE", "updated": "2015-12-21T12:24:28Z", "hostId": "ac1158191f0a4d1eaf30eaf36530ac1943b54f93840ae60999279ca8", "addresses": {"tempest-network-smoke--1225607954": [{"OS-EXT-IPS-MAC:mac_addr": "fa:16:3e:45:6f:5b", "version": 6, "addr": "2003::f816:3eff:fe45:6f5b", "OS-EXT-IPS:type": "fixed"}, {"OS-EXT-IPS-MAC:mac_addr": "fa:16:3e:45:6f:5b", "version": 4, "addr": "10.100.0.3", "OS-EXT-IPS:type": "fixed"}, {"OS-EXT-IPS-MAC:mac_addr": "fa:16:3e:45:6f:5b", "version": 4, "addr": "172.24.4.4", "OS-EXT-IPS:type": "floating"}]}, "links": [{"href": "http://10.0.2.15:8774/v2.1/9094f1d73b074c9694a9708a9b934299/servers/136eace7-0fc9-46cb-9c02-2e34571d015a", "rel": "self"}, {"href": "http://10.0.2.15:8774/9094f1d73b074c9694a9708a9b934299/servers/136eace7-0fc9-46cb-9c02-2e34571d015a", "rel": "bookmark"}], "key_name": "tempest-TestGettingAddress-275178553", "image": {"id": "6f3c728e-42ef-4b1f-b82e-f23ce289489c", "links": [{"href": "http://10.0.2.15:8774/9094f1d73b074c9694a9708a9b934299/images/6f3c728e-42ef-4b1f-b82e-f23ce289489c", "rel": "bookmark"}]}, "OS-EXT-STS:task_state": "deleting", "OS-EXT-STS:vm_state": "active", "OS-SRV-USG:launched_at": "2015-12-21T12:19:22.000000", "flavor": {"id": "42", "links": [{"href": "http://10.0.2.15:8774/9094f1d73b074c9694a9708a9b934299/flavors/42", "rel": "bookmark"}]}, "id": "136eace7-0fc9-46cb-9c02-2e34571d015a", "security_groups": [{"name": "tempest-secgroup-smoke-963014889"}], "OS-SRV-USG:terminated_at": null, "OS-EXT-AZ:availability_zone": "nova", "user_id": "3ac1c4198285469e94ac1f4f224e2121", "name": "tempest.common.compute-instance-906608445", "created": "2015-12-21T12:19:19Z", "tenant_id": "9094f1d73b074c9694a9708a9b934299", "OS-DCF:diskConfig": "MANUAL", "os-extended-volumes:volumes_attached": [], "accessIPv4": "", "accessIPv6": "", "progress": 0, "OS-EXT-STS:power_state": 1, "config_drive": "True", "metadata": {}}}
2015-12-21 12:24:30,269 20442 INFO     [tempest_lib.common.rest_client] Request (TestGettingAddress:_run_cleanups): 200 GET http://10.0.2.15:8774/v2.1/9094f1d73b074c9694a9708a9b934299/servers/136eace7-0fc9-46cb-9c02-2e34571d015a 0.147s
2015-12-21 12:24:30,269 20442 DEBUG    [tempest_lib.common.rest_client] Request - Headers: {'Content-Type': 'application/json', 'Accept': 'application/json', 'X-Auth-Token': '&lt;omitted&gt;'}
        Body: None
    Response - Headers: {'status': '200', 'content-length': '1438', 'content-location': 'http://10.0.2.15:8774/v2.1/9094f1d73b074c9694a9708a9b934299/servers/136eace7-0fc9-46cb-9c02-2e34571d015a', 'x-compute-request-id': 'req-ee1e6007-c261-4179-96ea-1ed29d44cda9', 'vary': 'X-OpenStack-Nova-API-Version', 'connection': 'close', 'x-openstack-nova-api-version': '2.1', 'date': 'Mon, 21 Dec 2015 12:24:30 GMT', 'content-type': 'application/json'}
        Body: {"server": {"status": "ACTIVE", "updated": "2015-12-21T12:24:29Z", "hostId": "ac1158191f0a4d1eaf30eaf36530ac1943b54f93840ae60999279ca8", "addresses": {}, "links": [{"href": "http://10.0.2.15:8774/v2.1/9094f1d73b074c9694a9708a9b934299/servers/136eace7-0fc9-46cb-9c02-2e34571d015a", "rel": "self"}, {"href": "http://10.0.2.15:8774/9094f1d73b074c9694a9708a9b934299/servers/136eace7-0fc9-46cb-9c02-2e34571d015a", "rel": "bookmark"}], "key_name": "tempest-TestGettingAddress-275178553", "image": {"id": "6f3c728e-42ef-4b1f-b82e-f23ce289489c", "links": [{"href": "http://10.0.2.15:8774/9094f1d73b074c9694a9708a9b934299/images/6f3c728e-42ef-4b1f-b82e-f23ce289489c", "rel": "bookmark"}]}, "OS-EXT-STS:task_state": "deleting", "OS-EXT-STS:vm_state": "active", "OS-SRV-USG:launched_at": "2015-12-21T12:19:22.000000", "flavor": {"id": "42", "links": [{"href": "http://10.0.2.15:8774/9094f1d73b074c9694a9708a9b934299/flavors/42", "rel": "bookmark"}]}, "id": "136eace7-0fc9-46cb-9c02-2e34571d015a", "OS-SRV-USG:terminated_at": null, "OS-EXT-AZ:availability_zone": "nova", "user_id": "3ac1c4198285469e94ac1f4f224e2121", "name": "tempest.common.compute-instance-906608445", "created": "2015-12-21T12:19:19Z", "tenant_id": "9094f1d73b074c9694a9708a9b934299", "OS-DCF:diskConfig": "MANUAL", "os-extended-volumes:volumes_attached": [], "accessIPv4": "", "accessIPv6": "", "progress": 0, "OS-EXT-STS:power_state": 1, "config_drive": "True", "metadata": {}}}
2015-12-21 12:24:31,501 20442 INFO     [tempest_lib.common.rest_client] Request (TestGettingAddress:_run_cleanups): 404 GET http://10.0.2.15:8774/v2.1/9094f1d73b074c9694a9708a9b934299/servers/136eace7-0fc9-46cb-9c02-2e34571d015a 0.215s
2015-12-21 12:24:31,503 20442 DEBUG    [tempest_lib.common.rest_client] Request - Headers: {'Content-Type': 'application/json', 'Accept': 'application/json', 'X-Auth-Token': '&lt;omitted&gt;'}
        Body: None
    Response - Headers: {'status': '404', 'content-length': '111', 'x-compute-request-id': 'req-8f0f395f-cc32-4b9e-9cfb-0b2c20f63ebd', 'vary': 'X-OpenStack-Nova-API-Version', 'connection': 'close', 'x-openstack-nova-api-version': '2.1', 'date': 'Mon, 21 Dec 2015 12:24:31 GMT', 'content-type': 'application/json; charset=UTF-8'}
        Body: {"itemNotFound": {"message": "Instance 136eace7-0fc9-46cb-9c02-2e34571d015a could not be found.", "code": 404}}
2015-12-21 12:24:31,853 20442 INFO     [tempest_lib.common.rest_client] Request (TestGettingAddress:_run_cleanups): 200 PUT http://10.0.2.15:9696/v2.0/routers/cf9883b6-7f89-4b36-90bb-f2ce88c11d52/remove_router_interface 0.348s
2015-12-21 12:24:31,854 20442 DEBUG    [tempest_lib.common.rest_client] Request - Headers: {'Content-Type': 'application/json', 'Accept': 'application/json', 'X-Auth-Token': '&lt;omitted&gt;'}
        Body: {"subnet_id": "2793769e-b3ea-49da-bf6c-68a16473b780"}
    Response - Headers: {'status': '200', 'content-length': '255', 'connection': 'close', 'date': 'Mon, 21 Dec 2015 12:24:31 GMT', 'content-type': 'application/json; charset=UTF-8', 'x-openstack-request-id': 'req-8bcabd85-c8be-4102-96c1-c2b31ad46273'}
        Body: {"subnet_id": "2793769e-b3ea-49da-bf6c-68a16473b780", "tenant_id": "9094f1d73b074c9694a9708a9b934299", "subnet_ids": ["2793769e-b3ea-49da-bf6c-68a16473b780"], "port_id": "acd6160e-905b-4bb7-b7d7-852b3bb6cdef", "id": "cf9883b6-7f89-4b36-90bb-f2ce88c11d52"}
2015-12-21 12:24:32,299 20442 INFO     [tempest_lib.common.rest_client] Request (TestGettingAddress:_run_cleanups): 204 DELETE http://10.0.2.15:9696/v2.0/subnets/2793769e-b3ea-49da-bf6c-68a16473b780 0.445s
2015-12-21 12:24:32,300 20442 DEBUG    [tempest_lib.common.rest_client] Request - Headers: {'Content-Type': 'application/json', 'Accept': 'application/json', 'X-Auth-Token': '&lt;omitted&gt;'}
        Body: None
    Response - Headers: {'date': 'Mon, 21 Dec 2015 12:24:32 GMT', 'status': '204', 'connection': 'close', 'content-length': '0', 'x-openstack-request-id': 'req-d97e9487-b4c7-43d9-8812-708d7d25aab0'}
        Body: 
2015-12-21 12:24:32,333 20442 INFO     [tempest_lib.common.rest_client] Request (TestGettingAddress:_run_cleanups): 404 DELETE http://10.0.2.15:9696/v2.0/subnets/2793769e-b3ea-49da-bf6c-68a16473b780 0.032s
2015-12-21 12:24:32,333 20442 DEBUG    [tempest_lib.common.rest_client] Request - Headers: {'Content-Type': 'application/json', 'Accept': 'application/json', 'X-Auth-Token': '&lt;omitted&gt;'}
        Body: None
