<?xml version="1.0" encoding="UTF-8"?>
<!DOCTYPE html PUBLIC "-//W3C//DTD XHTML 1.0 Strict//EN"
     "http://www.w3.org/TR/xhtml1/DTD/xhtml1-strict.dtd">
<html xmlns="http://www.w3.org/1999/xhtml">
<head>
    <title>Unit Test Report</title>
    <meta name="generator" content="subunit2html 0.1"/>
    <meta http-equiv="Content-Type" content="text/html; charset=UTF-8"/>
    
<style type="text/css" media="screen">
body        { font-family: verdana, arial, helvetica, sans-serif;
    font-size: 80%; }
table       { font-size: 100%; width: 100%;}
pre         { font-size: 80%; }

/* -- heading -------------------------------------------------------------- */
h1 {
        font-size: 16pt;
        color: gray;
}
.heading {
    margin-top: 0ex;
    margin-bottom: 1ex;
}

.heading .attribute {
    margin-top: 1ex;
    margin-bottom: 0;
}

.heading .description {
    margin-top: 4ex;
    margin-bottom: 6ex;
}

/* -- css div popup -------------------------------------------------------- */
a.popup_link {
}

a.popup_link:hover {
    color: red;
}

.popup_window {
    display: none;
    overflow-x: scroll;
    /*border: solid #627173 1px; */
    padding: 10px;
    background-color: #E6E6D6;
    font-family: "Ubuntu Mono", "Lucida Console", "Courier New", monospace;
    text-align: left;
    font-size: 8pt;
}

}
/* -- report --------------------------------------------------------------- */
#show_detail_line {
    margin-top: 3ex;
    margin-bottom: 1ex;
}
#result_table {
    width: 100%;
    border-collapse: collapse;
    border: 1px solid #777;
}
#header_row {
    font-weight: bold;
    color: white;
    background-color: #777;
}
#result_table td {
    border: 1px solid #777;
    padding: 2px;
}
#total_row  { font-weight: bold; }
.passClass  { background-color: #6c6; }
.failClass  { background-color: #c60; }
.errorClass { background-color: #c00; }
.passCase   { color: #6c6; }
.failCase   { color: #c60; font-weight: bold; }
.errorCase  { color: #c00; font-weight: bold; }
.hiddenRow  { display: none; }
.testcase   { margin-left: 2em; }
td.testname {width: 40%}
td.small {width: 40px}

/* -- ending --------------------------------------------------------------- */
#ending {
}

</style>

</head>
<body>
<script language="javascript" type="text/javascript"><!--
output_list = Array();

/* level - 0:Summary; 1:Failed; 2:All */
function showCase(level) {
    trs = document.getElementsByTagName("tr");
    for (var i = 0; i < trs.length; i++) {
        tr = trs[i];
        id = tr.id;
        if (id.substr(0,2) == 'ft') {
            if (level < 1) {
                tr.className = 'hiddenRow';
            }
            else {
                tr.className = '';
            }
        }
        if (id.substr(0,2) == 'pt') {
            if (level > 1) {
                tr.className = '';
            }
            else {
                tr.className = 'hiddenRow';
            }
        }
    }
}


function showClassDetail(cid, count) {
    var id_list = Array(count);
    var toHide = 1;
    for (var i = 0; i < count; i++) {
        tid0 = 't' + cid.substr(1) + '.' + (i+1);
        tid = 'f' + tid0;
        tr = document.getElementById(tid);
        if (!tr) {
            tid = 'p' + tid0;
            tr = document.getElementById(tid);
        }
        id_list[i] = tid;
        if (tr.className) {
            toHide = 0;
        }
    }
    for (var i = 0; i < count; i++) {
        tid = id_list[i];
        if (toHide) {
            document.getElementById('div_'+tid).style.display = 'none'
            document.getElementById(tid).className = 'hiddenRow';
        }
        else {
            document.getElementById(tid).className = '';
        }
    }
}


function showTestDetail(div_id){
    var details_div = document.getElementById(div_id)
    var displayState = details_div.style.display
    // alert(displayState)
    if (displayState != 'block' ) {
        displayState = 'block'
        details_div.style.display = 'block'
    }
    else {
        details_div.style.display = 'none'
    }
}


function html_escape(s) {
    s = s.replace(/&/g,'&amp;');
    s = s.replace(/</g,'&lt;');
    s = s.replace(/>/g,'&gt;');
    return s;
}

/* obsoleted by detail in <div>
function showOutput(id, name) {
    var w = window.open("", //url
                    name,
                    "resizable,scrollbars,status,width=800,height=450");
    d = w.document;
    d.write("<pre>");
    d.write(html_escape(output_list[id]));
    d.write("\n");
    d.write("<a href='javascript:window.close()'>close</a>\n");
    d.write("</pre>\n");
    d.close();
}
*/
--></script>

<div class='heading'>
<h1>Unit Test Report</h1>

<p class='attribute'><strong>Status:</strong> Failure 8</p>

<p class='description'></p>
</div>



<p id='show_detail_line'>Show
<a href='javascript:showCase(0)'>Summary</a>
<a href='javascript:showCase(1)'>Failed</a>
<a href='javascript:showCase(2)'>All</a>
</p>
<table id='result_table'>
<colgroup>
<col align='left' />
<col align='right' />
<col align='right' />
<col align='right' />
<col align='right' />
<col align='right' />
<col align='right' />
<col align='right' />
</colgroup>
<tr id='header_row'>
    <td>Test Group/Test case</td>
    <td>Count</td>
    <td>Pass</td>
    <td>Fail</td>
    <td>Error</td>
    <td>Skip</td>
    <td>View</td>
    <td> </td>
</tr>

<tr class='failClass'>
    <td class="testname">tempest.scenario.test_network_v6.TestGettingAddress</td>
    <td class="small">8</td>
    <td class="small">0</td>
    <td class="small">8</td>
    <td class="small">0</td>
    <td class="small">0</td>
    <td class="small"><a href="javascript:showClassDetail('c1',8)"
>Detail</a></td>
    <td> </td>
</tr>

<tr id='ft1.1' class='none'>
    <td class='failCase'><div class='testcase'>test_dhcp6_stateless_from_os[compute,id-d7e1f858-187c-45a6-89c9-bdafde619a9f,network]</div></td>
    <td colspan='7' align='left'>

    <!--css div popup start-->
    <a class="popup_link" onfocus='this.blur();'
    href="javascript:showTestDetail('div_ft1.1')" >
        fail</a>

    <div id='div_ft1.1' class="popup_window">
        <div style='text-align: right; color:red;cursor:pointer'>
        <a onfocus='this.blur();'
onclick="document.getElementById('div_ft1.1').style.display = 'none' " >
           [x]</a>
        </div>
        <pre>
        
ft1.1: tempest.scenario.test_network_v6.TestGettingAddress.test_dhcp6_stateless_from_os[compute,id-d7e1f858-187c-45a6-89c9-bdafde619a9f,network]_StringException: Empty attachments:
  stderr
  stdout

pythonlogging:'': {{{
2015-12-15 12:27:26,571 24432 INFO     [tempest_lib.common.rest_client] Request (TestGettingAddress:setUp): 200 POST http://10.0.2.15:8774/v2.1/7375f38005b349f1b091509449953ac0/os-keypairs 0.393s
2015-12-15 12:27:26,572 24432 DEBUG    [tempest_lib.common.rest_client] Request - Headers: {'Content-Type': 'application/json', 'Accept': 'application/json', 'X-Auth-Token': '&lt;omitted&gt;'}
        Body: {"keypair": {"name": "tempest-TestGettingAddress-771069517"}}
    Response - Headers: {'status': '200', 'content-length': '2319', 'x-compute-request-id': 'req-84ddd25e-5630-4e8d-a109-a39ce28b1e6f', 'vary': 'X-OpenStack-Nova-API-Version', 'connection': 'close', 'x-openstack-nova-api-version': '2.1', 'date': 'Tue, 15 Dec 2015 12:27:26 GMT', 'content-type': 'application/json'}
        Body: {"keypair": {"public_key": "ssh-rsa AAAAB3NzaC1yc2EAAAADAQABAAABAQDe8w+wbnXgzxt0qVSIlmhD+Vj4aRze4l9VrFyXv2cBSrtj66jxCvwJtIyInGTsMxBg0TG0I7WqmIG2uTOF4B51KThYeh14AfJWWk7zxSD9DJdwD+c1RSRCsUNb+UzBwb4djBDB9motnyjc2jAqpf5nuErsvzMU65rEnrMC/jGdLa1JQgSkTpeS2NsOCj6kECgl5oB4d6xha7MmzWkubA+CK8WG5dAqYPO0oyQ+0oO/4mN3oagPKjAebg6FUJXHDr43cc4+/HmAcLcucBybL6rYZVM/uZP9f/9ktNSXT8cr6mmrwZg9sd8bCw6Fjl6fKGBFnN8IksZWTtk3tb06Orrd Generated-by-Nova", "private_key": "-----BEGIN RSA PRIVATE KEY-----\nMIIEqAIBAAKCAQEA3vMPsG514M8bdKlUiJZoQ/lY+Gkc3uJfVaxcl79nAUq7Y+uo\n8Qr8CbSMiJxk7DMQYNExtCO1qpiBtrkzheAedSk4WHodeAHyVlpO88Ug/QyXcA/n\nNUUkQrFDW/lMwcG+HYwQwfZqLZ8o3NowKqX+Z7hK7L8zFOuaxJ6zAv4xnS2tSUIE\npE6XktjbDgo+pBAoJeaAeHesYWuzJs1pLmwPgivFhuXQKmDztKMkPtKDv+Jjd6Go\nDyowHm4OhVCVxw6+N3HOPvx5gHC3LnAcmy+q2GVTP7mT/X//ZLTUl0/HK+ppq8GY\nPbHfGwsOhY5enyhgRZzfCJLGVk7ZN7W9Ojq63QIDAQABAoIBAEOtWNff0BycAeOZ\n+zUzIxdvO5i8n6zw3qutFLZjvargup2MTc5N3VA85GQbxW8F2TTqi8H5DQ5qGQYU\nlhVPgS9jgd0pxIRHYv7fjxPkhS0Lg3Ta/v5mrKkqEh57QNeYLlPdzsByQqzyoX7Z\nJMHtfZqSkPvo1mLFWkfRPNntu7XQNLzC7g2zj3mXqL1JEnwtJ5Dv7+CHaVdTYbMw\nZVzgta+G8z4JCIrRpsfZ5WmaTviCZCSNhI/cuacM9auBQtXS8k/sHfu9KXoag6tW\n4RnGROb8K9ArHvkLRactozaNQ2INS4sGIVGC4TOQD7uGV/wSIA76J3oCh9+Q8w6h\ndpJ8C2kCggCBAO3VRJN3hutieph3ll4eCasEeKtYsv6pxYQ/ZXUAJ0z4Jpv/FY7G\ndfpNugiZBO67NXXzEOgI/SkITUQSl8Cm/QUPFDl+oRlO+29D0xpNyv70AjBp1Rt0\nLoZ4pQ71QjjrAJoGqODS/VFK2as2PcRKz1CivdtnV5iOZziNe8dmCHKnAoIAgQDv\n+sAGSJSLg71Te/9//vcgof0fUO8YBmSrvm63JLGXh9MLJh1UGkH+gRNnAqNKMSf9\nqwu0S9p/TdbrBkG+7TDwlSxs/ZGwjTv4CFTw/8EvY5ama99IfAJmsegOQjruBwyW\nEYc5Y+iIRjQtMQWqLYKfqy5nt3EL767Ekpf8UKzq2wKCAIBVuzLlFYkFAJLAsxr5\nAkrp4sq8uVSMiBYy/cdMzaldDXaddO4IcXHFsI8G2mH0zHcQ9XV6rwLS77MqfqlF\nQOykDjN0JjlcLiRkj0ZhjPlHvh2r5fpz0wWSY5rcMXyVl+C3pP7rTCMUUq70ELFj\nOLRSlNdrZ20kCPEcaaPc1OLmsQKCAIEAi6xmF0InMwx6JR0GmHjNXTDrIk742gLe\nlRdBWVcCBjAHpXWJnGmr/3Ug1dOzNntlyz7CkS2U/oNPk3sQyQ9EbMJmGQl8wkVx\noes3hQ1WYz6TcElYq9eBjkP9zE6//cociTuqeLytmqNBuwvNQD88x7HaUIN0SH44\nOjEYRMKv4gECggCAKMxiMZmy5u1uF1v/2W1I22+ttrluJFITb1DqOnt+viisthwl\nrTAjz0g3pxrokVATe2inK7DEqt2rFgBsC16XWrqxBaxmfOjsACq8i5s5mDVAziUP\nxBxP22GwaWWfwDoSNwqZPHqUPP8exJJ1yNmh6fKKYvPzitGJkX3N/AOTOHs=\n-----END RSA PRIVATE KEY-----\n", "user_id": "9459405df74b4453820fdd5b0e69f8a4", "name": "tempest-TestGettingAddress-771069517", "fingerprint": "80:04:87:4e:06:b5:c8:ab:40:0a:35:d9:8e:59:72:20"}}
2015-12-15 12:27:26,917 24432 INFO     [tempest_lib.common.rest_client] Request (TestGettingAddress:setUp): 201 POST http://10.0.2.15:9696/v2.0/security-groups 0.339s
2015-12-15 12:27:26,918 24432 DEBUG    [tempest_lib.common.rest_client] Request - Headers: {'Content-Type': 'application/json', 'Accept': 'application/json', 'X-Auth-Token': '&lt;omitted&gt;'}
        Body: {"security_group": {"tenant_id": "7375f38005b349f1b091509449953ac0", "description": "tempest-secgroup-smoke-214164621 description", "name": "tempest-secgroup-smoke-214164621"}}
    Response - Headers: {'status': '201', 'content-length': '886', 'connection': 'close', 'date': 'Tue, 15 Dec 2015 12:27:26 GMT', 'content-type': 'application/json; charset=UTF-8', 'x-openstack-request-id': 'req-a3326cfa-46a4-46ef-a420-c63611776ad4'}
        Body: {"security_group": {"tenant_id": "7375f38005b349f1b091509449953ac0", "description": "tempest-secgroup-smoke-214164621 description", "id": "20a0a976-9358-491d-9713-178087ddbbbf", "security_group_rules": [{"remote_group_id": null, "direction": "egress", "remote_ip_prefix": null, "protocol": null, "ethertype": "IPv4", "tenant_id": "7375f38005b349f1b091509449953ac0", "port_range_max": null, "port_range_min": null, "id": "a20e3738-8eca-4b91-814a-c3d076bc325f", "security_group_id": "20a0a976-9358-491d-9713-178087ddbbbf"}, {"remote_group_id": null, "direction": "egress", "remote_ip_prefix": null, "protocol": null, "ethertype": "IPv6", "tenant_id": "7375f38005b349f1b091509449953ac0", "port_range_max": null, "port_range_min": null, "id": "b3dd0a7b-d6c0-4827-9e8b-1d1787a63c64", "security_group_id": "20a0a976-9358-491d-9713-178087ddbbbf"}], "name": "tempest-secgroup-smoke-214164621"}}
2015-12-15 12:27:27,031 24432 INFO     [tempest_lib.common.rest_client] Request (TestGettingAddress:setUp): 201 POST http://10.0.2.15:9696/v2.0/security-group-rules 0.111s
2015-12-15 12:27:27,031 24432 DEBUG    [tempest_lib.common.rest_client] Request - Headers: {'Content-Type': 'application/json', 'Accept': 'application/json', 'X-Auth-Token': '&lt;omitted&gt;'}
        Body: {"security_group_rule": {"direction": "ingress", "protocol": "tcp", "tenant_id": "7375f38005b349f1b091509449953ac0", "port_range_max": 22, "security_group_id": "20a0a976-9358-491d-9713-178087ddbbbf", "port_range_min": 22}}
    Response - Headers: {'status': '201', 'content-length': '340', 'connection': 'close', 'date': 'Tue, 15 Dec 2015 12:27:27 GMT', 'content-type': 'application/json; charset=UTF-8', 'x-openstack-request-id': 'req-86e62599-5e80-44e3-8f50-95228c3c3cb3'}
        Body: {"security_group_rule": {"remote_group_id": null, "direction": "ingress", "remote_ip_prefix": null, "protocol": "tcp", "ethertype": "IPv4", "tenant_id": "7375f38005b349f1b091509449953ac0", "port_range_max": 22, "port_range_min": 22, "id": "05ee83e3-86ac-4650-b3ed-c31e7ec05481", "security_group_id": "20a0a976-9358-491d-9713-178087ddbbbf"}}
2015-12-15 12:27:27,134 24432 INFO     [tempest_lib.common.rest_client] Request (TestGettingAddress:setUp): 201 POST http://10.0.2.15:9696/v2.0/security-group-rules 0.100s
2015-12-15 12:27:27,134 24432 DEBUG    [tempest_lib.common.rest_client] Request - Headers: {'Content-Type': 'application/json', 'Accept': 'application/json', 'X-Auth-Token': '&lt;omitted&gt;'}
        Body: {"security_group_rule": {"direction": "egress", "protocol": "tcp", "tenant_id": "7375f38005b349f1b091509449953ac0", "port_range_max": 22, "security_group_id": "20a0a976-9358-491d-9713-178087ddbbbf", "port_range_min": 22}}
    Response - Headers: {'status': '201', 'content-length': '339', 'connection': 'close', 'date': 'Tue, 15 Dec 2015 12:27:27 GMT', 'content-type': 'application/json; charset=UTF-8', 'x-openstack-request-id': 'req-e730640d-7c1b-4efa-b011-a9be06f8ec41'}
        Body: {"security_group_rule": {"remote_group_id": null, "direction": "egress", "remote_ip_prefix": null, "protocol": "tcp", "ethertype": "IPv4", "tenant_id": "7375f38005b349f1b091509449953ac0", "port_range_max": 22, "port_range_min": 22, "id": "884b2aba-8648-457d-acc6-6e5781f1186d", "security_group_id": "20a0a976-9358-491d-9713-178087ddbbbf"}}
2015-12-15 12:27:27,217 24432 INFO     [tempest_lib.common.rest_client] Request (TestGettingAddress:setUp): 201 POST http://10.0.2.15:9696/v2.0/security-group-rules 0.082s
2015-12-15 12:27:27,218 24432 DEBUG    [tempest_lib.common.rest_client] Request - Headers: {'Content-Type': 'application/json', 'Accept': 'application/json', 'X-Auth-Token': '&lt;omitted&gt;'}
        Body: {"security_group_rule": {"tenant_id": "7375f38005b349f1b091509449953ac0", "direction": "ingress", "protocol": "icmp", "security_group_id": "20a0a976-9358-491d-9713-178087ddbbbf"}}
    Response - Headers: {'status': '201', 'content-length': '345', 'connection': 'close', 'date': 'Tue, 15 Dec 2015 12:27:27 GMT', 'content-type': 'application/json; charset=UTF-8', 'x-openstack-request-id': 'req-4aecf786-b392-4da7-9a4c-0c3a765d94d1'}
        Body: {"security_group_rule": {"remote_group_id": null, "direction": "ingress", "remote_ip_prefix": null, "protocol": "icmp", "ethertype": "IPv4", "tenant_id": "7375f38005b349f1b091509449953ac0", "port_range_max": null, "port_range_min": null, "id": "b08195f1-b5cf-4f45-bbbd-1e1762f1344a", "security_group_id": "20a0a976-9358-491d-9713-178087ddbbbf"}}
2015-12-15 12:27:27,304 24432 INFO     [tempest_lib.common.rest_client] Request (TestGettingAddress:setUp): 201 POST http://10.0.2.15:9696/v2.0/security-group-rules 0.085s
2015-12-15 12:27:27,305 24432 DEBUG    [tempest_lib.common.rest_client] Request - Headers: {'Content-Type': 'application/json', 'Accept': 'application/json', 'X-Auth-Token': '&lt;omitted&gt;'}
        Body: {"security_group_rule": {"tenant_id": "7375f38005b349f1b091509449953ac0", "direction": "egress", "protocol": "icmp", "security_group_id": "20a0a976-9358-491d-9713-178087ddbbbf"}}
    Response - Headers: {'status': '201', 'content-length': '344', 'connection': 'close', 'date': 'Tue, 15 Dec 2015 12:27:27 GMT', 'content-type': 'application/json; charset=UTF-8', 'x-openstack-request-id': 'req-934e5256-5520-4a2e-979d-9f3dd84d7f7b'}
        Body: {"security_group_rule": {"remote_group_id": null, "direction": "egress", "remote_ip_prefix": null, "protocol": "icmp", "ethertype": "IPv4", "tenant_id": "7375f38005b349f1b091509449953ac0", "port_range_max": null, "port_range_min": null, "id": "d44088bd-6a29-4c79-a477-e1875ebb1f05", "security_group_id": "20a0a976-9358-491d-9713-178087ddbbbf"}}
2015-12-15 12:27:27,395 24432 INFO     [tempest_lib.common.rest_client] Request (TestGettingAddress:setUp): 201 POST http://10.0.2.15:9696/v2.0/security-group-rules 0.090s
2015-12-15 12:27:27,396 24432 DEBUG    [tempest_lib.common.rest_client] Request - Headers: {'Content-Type': 'application/json', 'Accept': 'application/json', 'X-Auth-Token': '&lt;omitted&gt;'}
        Body: {"security_group_rule": {"tenant_id": "7375f38005b349f1b091509449953ac0", "direction": "ingress", "security_group_id": "20a0a976-9358-491d-9713-178087ddbbbf", "protocol": "icmp", "ethertype": "IPv6"}}
    Response - Headers: {'status': '201', 'content-length': '345', 'connection': 'close', 'date': 'Tue, 15 Dec 2015 12:27:27 GMT', 'content-type': 'application/json; charset=UTF-8', 'x-openstack-request-id': 'req-383e2acb-f929-4326-bd7d-152675dd3ed7'}
        Body: {"security_group_rule": {"remote_group_id": null, "direction": "ingress", "remote_ip_prefix": null, "protocol": "icmp", "ethertype": "IPv6", "tenant_id": "7375f38005b349f1b091509449953ac0", "port_range_max": null, "port_range_min": null, "id": "e3a116eb-7844-4200-af05-9751c382852c", "security_group_id": "20a0a976-9358-491d-9713-178087ddbbbf"}}
2015-12-15 12:27:27,482 24432 INFO     [tempest_lib.common.rest_client] Request (TestGettingAddress:setUp): 201 POST http://10.0.2.15:9696/v2.0/security-group-rules 0.085s
2015-12-15 12:27:27,482 24432 DEBUG    [tempest_lib.common.rest_client] Request - Headers: {'Content-Type': 'application/json', 'Accept': 'application/json', 'X-Auth-Token': '&lt;omitted&gt;'}
        Body: {"security_group_rule": {"tenant_id": "7375f38005b349f1b091509449953ac0", "direction": "egress", "security_group_id": "20a0a976-9358-491d-9713-178087ddbbbf", "protocol": "icmp", "ethertype": "IPv6"}}
    Response - Headers: {'status': '201', 'content-length': '344', 'connection': 'close', 'date': 'Tue, 15 Dec 2015 12:27:27 GMT', 'content-type': 'application/json; charset=UTF-8', 'x-openstack-request-id': 'req-a6ea2450-a8a8-4a14-b998-6d9123c17e90'}
        Body: {"security_group_rule": {"remote_group_id": null, "direction": "egress", "remote_ip_prefix": null, "protocol": "icmp", "ethertype": "IPv6", "tenant_id": "7375f38005b349f1b091509449953ac0", "port_range_max": null, "port_range_min": null, "id": "51b33314-ab48-4cff-9d63-e0a973725721", "security_group_id": "20a0a976-9358-491d-9713-178087ddbbbf"}}
2015-12-15 12:27:27,591 24432 INFO     [tempest_lib.common.rest_client] Request (TestGettingAddress:test_dhcp6_stateless_from_os): 201 POST http://10.0.2.15:9696/v2.0/networks 0.107s
2015-12-15 12:27:27,591 24432 DEBUG    [tempest_lib.common.rest_client] Request - Headers: {'Content-Type': 'application/json', 'Accept': 'application/json', 'X-Auth-Token': '&lt;omitted&gt;'}
        Body: {"network": {"tenant_id": "7375f38005b349f1b091509449953ac0", "name": "tempest-network-smoke--1991679263"}}
    Response - Headers: {'status': '201', 'content-length': '296', 'connection': 'close', 'date': 'Tue, 15 Dec 2015 12:27:27 GMT', 'content-type': 'application/json; charset=UTF-8', 'x-openstack-request-id': 'req-05909fc2-7e18-44fe-acef-f36ef6cdcbfd'}
        Body: {"network": {"status": "ACTIVE", "subnets": [], "name": "tempest-network-smoke--1991679263", "admin_state_up": true, "tenant_id": "7375f38005b349f1b091509449953ac0", "mtu": 0, "router:external": false, "shared": false, "port_security_enabled": true, "id": "d7a48227-ae60-4197-a1d2-7f5200917385"}}
2015-12-15 12:27:27,748 24432 INFO     [tempest_lib.common.rest_client] Request (TestGettingAddress:test_dhcp6_stateless_from_os): 200 GET http://10.0.2.15:9696/v2.0/subnets?tenant_id=7375f38005b349f1b091509449953ac0&amp;cidr=10.100.0.0%2F28 0.156s
2015-12-15 12:27:27,748 24432 DEBUG    [tempest_lib.common.rest_client] Request - Headers: {'Content-Type': 'application/json', 'Accept': 'application/json', 'X-Auth-Token': '&lt;omitted&gt;'}
        Body: None
    Response - Headers: {'status': '200', 'content-length': '15', 'content-location': 'http://10.0.2.15:9696/v2.0/subnets?tenant_id=7375f38005b349f1b091509449953ac0&amp;cidr=10.100.0.0%2F28', 'connection': 'close', 'date': 'Tue, 15 Dec 2015 12:27:27 GMT', 'content-type': 'application/json; charset=UTF-8', 'x-openstack-request-id': 'req-fed83817-f5e8-4fc9-adf2-6b0398237fc1'}
        Body: {"subnets": []}
2015-12-15 12:27:28,161 24432 INFO     [tempest_lib.common.rest_client] Request (TestGettingAddress:test_dhcp6_stateless_from_os): 201 POST http://10.0.2.15:9696/v2.0/subnets 0.411s
2015-12-15 12:27:28,162 24432 DEBUG    [tempest_lib.common.rest_client] Request - Headers: {'Content-Type': 'application/json', 'Accept': 'application/json', 'X-Auth-Token': '&lt;omitted&gt;'}
        Body: {"subnet": {"ip_version": 4, "tenant_id": "7375f38005b349f1b091509449953ac0", "cidr": "10.100.0.0/28", "network_id": "d7a48227-ae60-4197-a1d2-7f5200917385", "name": "tempest-sub4-141189344"}}
    Response - Headers: {'status': '201', 'content-length': '469', 'connection': 'close', 'date': 'Tue, 15 Dec 2015 12:27:28 GMT', 'content-type': 'application/json; charset=UTF-8', 'x-openstack-request-id': 'req-d03d998d-7baa-4e2d-a8f0-1bf0e7cc4adf'}
        Body: {"subnet": {"name": "tempest-sub4-141189344", "enable_dhcp": true, "network_id": "d7a48227-ae60-4197-a1d2-7f5200917385", "tenant_id": "7375f38005b349f1b091509449953ac0", "dns_nameservers": [], "gateway_ip": "10.100.0.1", "ipv6_ra_mode": null, "allocation_pools": [{"start": "10.100.0.2", "end": "10.100.0.14"}], "host_routes": [], "ip_version": 4, "ipv6_address_mode": null, "cidr": "10.100.0.0/28", "id": "ea58043e-908f-4fc8-9dd8-cba6c4e927fb", "subnetpool_id": null}}
2015-12-15 12:27:28,245 24432 INFO     [tempest_lib.common.rest_client] Request (TestGettingAddress:test_dhcp6_stateless_from_os): 201 POST http://10.0.2.15:9696/v2.0/routers 0.082s
2015-12-15 12:27:28,245 24432 DEBUG    [tempest_lib.common.rest_client] Request - Headers: {'Content-Type': 'application/json', 'Accept': 'application/json', 'X-Auth-Token': '&lt;omitted&gt;'}
        Body: {"router": {"tenant_id": "7375f38005b349f1b091509449953ac0", "name": "tempest-router-smoke-1490850315", "admin_state_up": true}}
    Response - Headers: {'status': '201', 'content-length': '239', 'connection': 'close', 'date': 'Tue, 15 Dec 2015 12:27:28 GMT', 'content-type': 'application/json; charset=UTF-8', 'x-openstack-request-id': 'req-186ac526-cafb-4454-9c73-675c1b87c944'}
        Body: {"router": {"status": "ACTIVE", "external_gateway_info": null, "name": "tempest-router-smoke-1490850315", "admin_state_up": true, "tenant_id": "7375f38005b349f1b091509449953ac0", "routes": [], "id": "6387267b-7641-4703-812c-ac678ba480f3"}}
2015-12-15 12:27:28,286 24432 INFO     [tempest_lib.common.rest_client] Request (TestGettingAddress:test_dhcp6_stateless_from_os): 200 GET http://10.0.2.15:9696/v2.0/routers/6387267b-7641-4703-812c-ac678ba480f3 0.040s
2015-12-15 12:27:28,286 24432 DEBUG    [tempest_lib.common.rest_client] Request - Headers: {'Content-Type': 'application/json', 'Accept': 'application/json', 'X-Auth-Token': '&lt;omitted&gt;'}
        Body: None
    Response - Headers: {'status': '200', 'content-length': '239', 'content-location': 'http://10.0.2.15:9696/v2.0/routers/6387267b-7641-4703-812c-ac678ba480f3', 'connection': 'close', 'date': 'Tue, 15 Dec 2015 12:27:28 GMT', 'content-type': 'application/json; charset=UTF-8', 'x-openstack-request-id': 'req-7729ad1d-5a7a-4203-be1d-ded00b7c466a'}
        Body: {"router": {"status": "ACTIVE", "external_gateway_info": null, "name": "tempest-router-smoke-1490850315", "admin_state_up": true, "tenant_id": "7375f38005b349f1b091509449953ac0", "routes": [], "id": "6387267b-7641-4703-812c-ac678ba480f3"}}
2015-12-15 12:27:29,089 24432 INFO     [tempest_lib.common.rest_client] Request (TestGettingAddress:test_dhcp6_stateless_from_os): 200 PUT http://10.0.2.15:9696/v2.0/routers/6387267b-7641-4703-812c-ac678ba480f3 0.802s
2015-12-15 12:27:29,090 24432 DEBUG    [tempest_lib.common.rest_client] Request - Headers: {'Content-Type': 'application/json', 'Accept': 'application/json', 'X-Auth-Token': '&lt;omitted&gt;'}
        Body: {"router": {"external_gateway_info": {"network_id": "40191645-38e5-4e23-91f8-ee29c0260f92"}, "name": "tempest-router-smoke-1490850315", "admin_state_up": true}}
    Response - Headers: {'status': '200', 'content-length': '501', 'connection': 'close', 'date': 'Tue, 15 Dec 2015 12:27:29 GMT', 'content-type': 'application/json; charset=UTF-8', 'x-openstack-request-id': 'req-014323df-d808-45a9-8a00-5c4afdb6efab'}
        Body: {"router": {"status": "ACTIVE", "external_gateway_info": {"network_id": "40191645-38e5-4e23-91f8-ee29c0260f92", "enable_snat": true, "external_fixed_ips": [{"subnet_id": "b0ad9ba9-df4d-4880-991c-2bd8e1fb561d", "ip_address": "172.24.4.3"}, {"subnet_id": "384acf4a-8c15-4471-ac09-c697fb024447", "ip_address": "2001:db8::4"}]}, "name": "tempest-router-smoke-1490850315", "admin_state_up": true, "tenant_id": "7375f38005b349f1b091509449953ac0", "routes": [], "id": "6387267b-7641-4703-812c-ac678ba480f3"}}
2015-12-15 12:27:29,611 24432 INFO     [tempest_lib.common.rest_client] Request (TestGettingAddress:test_dhcp6_stateless_from_os): 200 PUT http://10.0.2.15:9696/v2.0/routers/6387267b-7641-4703-812c-ac678ba480f3/add_router_interface 0.520s
2015-12-15 12:27:29,611 24432 DEBUG    [tempest_lib.common.rest_client] Request - Headers: {'Content-Type': 'application/json', 'Accept': 'application/json', 'X-Auth-Token': '&lt;omitted&gt;'}
        Body: {"subnet_id": "ea58043e-908f-4fc8-9dd8-cba6c4e927fb"}
    Response - Headers: {'status': '200', 'content-length': '255', 'connection': 'close', 'date': 'Tue, 15 Dec 2015 12:27:29 GMT', 'content-type': 'application/json; charset=UTF-8', 'x-openstack-request-id': 'req-0cdfa7e1-4728-4fe5-b761-ac13a5f59d03'}
        Body: {"subnet_id": "ea58043e-908f-4fc8-9dd8-cba6c4e927fb", "tenant_id": "7375f38005b349f1b091509449953ac0", "subnet_ids": ["ea58043e-908f-4fc8-9dd8-cba6c4e927fb"], "port_id": "340f64a6-798e-427f-b3d1-6ebc89d4d04e", "id": "6387267b-7641-4703-812c-ac678ba480f3"}
2015-12-15 12:27:29,643 24432 INFO     [tempest_lib.common.rest_client] Request (TestGettingAddress:test_dhcp6_stateless_from_os): 200 GET http://10.0.2.15:9696/v2.0/subnets?tenant_id=7375f38005b349f1b091509449953ac0&amp;cidr=2003%3A%3A%2F64 0.031s
2015-12-15 12:27:29,644 24432 DEBUG    [tempest_lib.common.rest_client] Request - Headers: {'Content-Type': 'application/json', 'Accept': 'application/json', 'X-Auth-Token': '&lt;omitted&gt;'}
        Body: None
    Response - Headers: {'status': '200', 'content-length': '15', 'content-location': 'http://10.0.2.15:9696/v2.0/subnets?tenant_id=7375f38005b349f1b091509449953ac0&amp;cidr=2003%3A%3A%2F64', 'connection': 'close', 'date': 'Tue, 15 Dec 2015 12:27:29 GMT', 'content-type': 'application/json; charset=UTF-8', 'x-openstack-request-id': 'req-f15ed00a-808a-4581-af4f-f94bff9a32ca'}
        Body: {"subnets": []}
2015-12-15 12:27:29,928 24432 INFO     [tempest_lib.common.rest_client] Request (TestGettingAddress:test_dhcp6_stateless_from_os): 201 POST http://10.0.2.15:9696/v2.0/subnets 0.283s
2015-12-15 12:27:29,928 24432 DEBUG    [tempest_lib.common.rest_client] Request - Headers: {'Content-Type': 'application/json', 'Accept': 'application/json', 'X-Auth-Token': '&lt;omitted&gt;'}
        Body: {"subnet": {"name": "tempest-sub6-53842440", "network_id": "d7a48227-ae60-4197-a1d2-7f5200917385", "tenant_id": "7375f38005b349f1b091509449953ac0", "ipv6_ra_mode": "dhcpv6-stateless", "ip_version": 6, "ipv6_address_mode": "dhcpv6-stateless", "cidr": "2003::/64"}}
    Response - Headers: {'status': '201', 'content-length': '500', 'connection': 'close', 'date': 'Tue, 15 Dec 2015 12:27:29 GMT', 'content-type': 'application/json; charset=UTF-8', 'x-openstack-request-id': 'req-0f186432-97ad-4a90-9489-8d1ce1e49278'}
        Body: {"subnet": {"name": "tempest-sub6-53842440", "enable_dhcp": true, "network_id": "d7a48227-ae60-4197-a1d2-7f5200917385", "tenant_id": "7375f38005b349f1b091509449953ac0", "dns_nameservers": [], "gateway_ip": "2003::1", "ipv6_ra_mode": "dhcpv6-stateless", "allocation_pools": [{"start": "2003::2", "end": "2003::ffff:ffff:ffff:ffff"}], "host_routes": [], "ip_version": 6, "ipv6_address_mode": "dhcpv6-stateless", "cidr": "2003::/64", "id": "51bda333-3ee9-408b-9343-2bc07ae0a87c", "subnetpool_id": null}}
2015-12-15 12:27:30,543 24432 INFO     [tempest_lib.common.rest_client] Request (TestGettingAddress:test_dhcp6_stateless_from_os): 200 PUT http://10.0.2.15:9696/v2.0/routers/6387267b-7641-4703-812c-ac678ba480f3/add_router_interface 0.613s
2015-12-15 12:27:30,543 24432 DEBUG    [tempest_lib.common.rest_client] Request - Headers: {'Content-Type': 'application/json', 'Accept': 'application/json', 'X-Auth-Token': '&lt;omitted&gt;'}
        Body: {"subnet_id": "51bda333-3ee9-408b-9343-2bc07ae0a87c"}
    Response - Headers: {'status': '200', 'content-length': '255', 'connection': 'close', 'date': 'Tue, 15 Dec 2015 12:27:30 GMT', 'content-type': 'application/json; charset=UTF-8', 'x-openstack-request-id': 'req-e82f3730-1c45-4ad8-88e6-c5dc8becd7c8'}
        Body: {"subnet_id": "51bda333-3ee9-408b-9343-2bc07ae0a87c", "tenant_id": "7375f38005b349f1b091509449953ac0", "subnet_ids": ["51bda333-3ee9-408b-9343-2bc07ae0a87c"], "port_id": "c86a24ad-475b-4bcd-bc07-fecc189ce2cf", "id": "6387267b-7641-4703-812c-ac678ba480f3"}
2015-12-15 12:27:30,662 24432 INFO     [tempest_lib.common.rest_client] Request (TestGettingAddress:test_dhcp6_stateless_from_os): 200 POST http://10.0.2.15:5000/v2.0/tokens
2015-12-15 12:27:30,663 24432 DEBUG    [tempest_lib.common.rest_client] Request - Headers: {'Content-Type': 'application/json', 'Accept': 'application/json'}
        Body: &lt;omitted&gt;
    Response - Headers: {'status': '200', 'content-length': '2526', 'vary': 'X-Auth-Token', 'server': 'Apache/2.4.7 (Ubuntu)', 'connection': 'close', 'date': 'Tue, 15 Dec 2015 12:27:30 GMT', 'content-type': 'application/json', 'x-openstack-request-id': 'req-6a9fe83f-2f1d-40f8-a143-66c91fdc35bf'}
        Body: {"access": {"token": {"issued_at": "2015-12-15T12:27:30.649076", "expires": "2015-12-15T13:27:30Z", "id": "87918a06039f4396b62e031e3521389e", "tenant": {"description": "tempest-TestGettingAddress-1983753247-desc", "enabled": true, "id": "7375f38005b349f1b091509449953ac0", "name": "tempest-TestGettingAddress-1983753247"}, "audit_ids": ["Cw_uNWorRryT8buPlbulow"]}, "serviceCatalog": [{"endpoints": [{"adminURL": "http://10.0.2.15:8774/v2.1/7375f38005b349f1b091509449953ac0", "region": "RegionOne", "internalURL": "http://10.0.2.15:8774/v2.1/7375f38005b349f1b091509449953ac0", "id": "82db9d1ab1664309a060956d03358cb7", "publicURL": "http://10.0.2.15:8774/v2.1/7375f38005b349f1b091509449953ac0"}], "endpoints_links": [], "type": "compute", "name": "nova"}, {"endpoints": [{"adminURL": "http://10.0.2.15:9696/", "region": "RegionOne", "internalURL": "http://10.0.2.15:9696/", "id": "2d4d85c13568497cb2c3ebd0c8cfe277", "publicURL": "http://10.0.2.15:9696/"}], "endpoints_links": [], "type": "network", "name": "neutron"}, {"endpoints": [{"adminURL": "http://10.0.2.15:9292", "region": "RegionOne", "internalURL": "http://10.0.2.15:9292", "id": "6d81b122024841508812aed2909f91c6", "publicURL": "http://10.0.2.15:9292"}], "endpoints_links": [], "type": "image", "name": "glance"}, {"endpoints": [{"adminURL": "http://10.0.2.15:8774/v2/7375f38005b349f1b091509449953ac0", "region": "RegionOne", "internalURL": "http://10.0.2.15:8774/v2/7375f38005b349f1b091509449953ac0", "id": "204f4527f93843b989069cc6f7798ed7", "publicURL": "http://10.0.2.15:8774/v2/7375f38005b349f1b091509449953ac0"}], "endpoints_links": [], "type": "compute_legacy", "name": "nova_legacy"}, {"endpoints": [{"adminURL": "http://10.0.2.15:8773/", "region": "RegionOne", "internalURL": "http://10.0.2.15:8773/", "id": "970da0bfd8a2414e8e982413a47a8d50", "publicURL": "http://10.0.2.15:8773/"}], "endpoints_links": [], "type": "ec2", "name": "ec2"}, {"endpoints": [{"adminURL": "http://10.0.2.15:35357/v2.0", "region": "RegionOne", "internalURL": "http://10.0.2.15:5000/v2.0", "id": "35d43fd0445247fa875d6bfc7dd85ebf", "publicURL": "http://10.0.2.15:5000/v2.0"}], "endpoints_links": [], "type": "identity", "name": "keystone"}], "user": {"username": "tempest-TestGettingAddress-1982348647", "roles_links": [], "id": "9459405df74b4453820fdd5b0e69f8a4", "roles": [{"name": "_member_"}, {"name": "Member"}], "name": "tempest-TestGettingAddress-1982348647"}, "metadata": {"is_admin": 0, "roles": ["9fe2ff9ee4384b1894a90878d3e92bab", "e1edc5e5cc8c437c9dd324f6dbb030e4"]}}}
2015-12-15 12:27:30,672 24432 DEBUG    [tempest.common.fixed_network] (TestGettingAddress:test_dhcp6_stateless_from_os) No valid network provided or created, defaulting to fixed_network_name
2015-12-15 12:27:31,008 24432 INFO     [tempest_lib.common.rest_client] Request (TestGettingAddress:test_dhcp6_stateless_from_os): 200 GET http://10.0.2.15:8774/v2.1/7375f38005b349f1b091509449953ac0/os-networks 0.335s
2015-12-15 12:27:31,009 24432 DEBUG    [tempest_lib.common.rest_client] Request - Headers: {'Content-Type': 'application/json', 'Accept': 'application/json', 'X-Auth-Token': '&lt;omitted&gt;'}
        Body: None
    Response - Headers: {'status': '200', 'content-length': '479', 'content-location': 'http://10.0.2.15:8774/v2.1/7375f38005b349f1b091509449953ac0/os-networks', 'x-compute-request-id': 'req-1722f7df-2e79-4f0e-b94f-efc02e88d3af', 'vary': 'X-OpenStack-Nova-API-Version', 'connection': 'close', 'x-openstack-nova-api-version': '2.1', 'date': 'Tue, 15 Dec 2015 12:27:31 GMT', 'content-type': 'application/json'}
        Body: {"networks": [{"cidr_v6": null, "dns2": null, "dns1": null, "gateway": null, "broadcast": null, "netmask": null, "gateway_v6": null, "cidr": null, "label": "public", "id": "40191645-38e5-4e23-91f8-ee29c0260f92", "netmask_v6": null}, {"cidr_v6": null, "dns2": null, "dns1": null, "gateway": null, "broadcast": null, "netmask": null, "gateway_v6": null, "cidr": null, "label": "tempest-network-smoke--1991679263", "id": "d7a48227-ae60-4197-a1d2-7f5200917385", "netmask_v6": null}]}
2015-12-15 12:27:31,010 24432 WARNING  [tempest.common.fixed_network] (TestGettingAddress:test_dhcp6_stateless_from_os) Network with name: private not found
2015-12-15 12:27:31,011 24432 INFO     [tempest.common.fixed_network] (TestGettingAddress:test_dhcp6_stateless_from_os) Found network {} available for tenant
2015-12-15 12:27:32,135 24432 INFO     [tempest_lib.common.rest_client] Request (TestGettingAddress:test_dhcp6_stateless_from_os): 202 POST http://10.0.2.15:8774/v2.1/7375f38005b349f1b091509449953ac0/servers 1.123s
2015-12-15 12:27:32,136 24432 DEBUG    [tempest_lib.common.rest_client] Request - Headers: {'Content-Type': 'application/json', 'Accept': 'application/json', 'X-Auth-Token': '&lt;omitted&gt;'}
        Body: {"server": {"name": "tempest.common.compute-instance-2075103028", "imageRef": "b6a2fb0e-d6eb-4b3b-9a33-9c0e39da84d5", "key_name": "tempest-TestGettingAddress-771069517", "flavorRef": "42", "networks": [{"uuid": "d7a48227-ae60-4197-a1d2-7f5200917385"}], "security_groups": [{"name": "tempest-secgroup-smoke-214164621"}]}}
    Response - Headers: {'status': '202', 'content-length': '461', 'x-compute-request-id': 'req-ae933b4f-f152-4c72-afc1-bab3774954f6', 'vary': 'X-OpenStack-Nova-API-Version', 'connection': 'close', 'location': 'http://10.0.2.15:8774/v2.1/7375f38005b349f1b091509449953ac0/servers/231efe52-70b2-4e6b-af7b-7296cc154b9e', 'x-openstack-nova-api-version': '2.1', 'date': 'Tue, 15 Dec 2015 12:27:32 GMT', 'content-type': 'application/json'}
        Body: {"server": {"security_groups": [{"name": "tempest-secgroup-smoke-214164621"}], "OS-DCF:diskConfig": "MANUAL", "id": "231efe52-70b2-4e6b-af7b-7296cc154b9e", "links": [{"href": "http://10.0.2.15:8774/v2.1/7375f38005b349f1b091509449953ac0/servers/231efe52-70b2-4e6b-af7b-7296cc154b9e", "rel": "self"}, {"href": "http://10.0.2.15:8774/7375f38005b349f1b091509449953ac0/servers/231efe52-70b2-4e6b-af7b-7296cc154b9e", "rel": "bookmark"}], "adminPass": "dj8J2Sgxiv9z"}}
2015-12-15 12:27:32,423 24432 INFO     [tempest_lib.common.rest_client] Request (TestGettingAddress:test_dhcp6_stateless_from_os): 200 GET http://10.0.2.15:8774/v2.1/7375f38005b349f1b091509449953ac0/servers/231efe52-70b2-4e6b-af7b-7296cc154b9e 0.285s
2015-12-15 12:27:32,424 24432 DEBUG    [tempest_lib.common.rest_client] Request - Headers: {'Content-Type': 'application/json', 'Accept': 'application/json', 'X-Auth-Token': '&lt;omitted&gt;'}
        Body: None
    Response - Headers: {'status': '200', 'content-length': '1354', 'content-location': 'http://10.0.2.15:8774/v2.1/7375f38005b349f1b091509449953ac0/servers/231efe52-70b2-4e6b-af7b-7296cc154b9e', 'x-compute-request-id': 'req-c4b7624f-cc5a-4986-aed8-f36070d2ccfe', 'vary': 'X-OpenStack-Nova-API-Version', 'connection': 'close', 'x-openstack-nova-api-version': '2.1', 'date': 'Tue, 15 Dec 2015 12:27:32 GMT', 'content-type': 'application/json'}
        Body: {"server": {"status": "BUILD", "updated": "2015-12-15T12:27:32Z", "hostId": "", "addresses": {}, "links": [{"href": "http://10.0.2.15:8774/v2.1/7375f38005b349f1b091509449953ac0/servers/231efe52-70b2-4e6b-af7b-7296cc154b9e", "rel": "self"}, {"href": "http://10.0.2.15:8774/7375f38005b349f1b091509449953ac0/servers/231efe52-70b2-4e6b-af7b-7296cc154b9e", "rel": "bookmark"}], "key_name": "tempest-TestGettingAddress-771069517", "image": {"id": "b6a2fb0e-d6eb-4b3b-9a33-9c0e39da84d5", "links": [{"href": "http://10.0.2.15:8774/7375f38005b349f1b091509449953ac0/images/b6a2fb0e-d6eb-4b3b-9a33-9c0e39da84d5", "rel": "bookmark"}]}, "OS-EXT-STS:task_state": "scheduling", "OS-EXT-STS:vm_state": "building", "OS-SRV-USG:launched_at": null, "flavor": {"id": "42", "links": [{"href": "http://10.0.2.15:8774/7375f38005b349f1b091509449953ac0/flavors/42", "rel": "bookmark"}]}, "id": "231efe52-70b2-4e6b-af7b-7296cc154b9e", "OS-SRV-USG:terminated_at": null, "OS-EXT-AZ:availability_zone": "", "user_id": "9459405df74b4453820fdd5b0e69f8a4", "name": "tempest.common.compute-instance-2075103028", "created": "2015-12-15T12:27:32Z", "tenant_id": "7375f38005b349f1b091509449953ac0", "OS-DCF:diskConfig": "MANUAL", "os-extended-volumes:volumes_attached": [], "accessIPv4": "", "accessIPv6": "", "progress": 0, "OS-EXT-STS:power_state": 0, "config_drive": "", "metadata": {}}}
2015-12-15 12:27:33,667 24432 INFO     [tempest_lib.common.rest_client] Request (TestGettingAddress:test_dhcp6_stateless_from_os): 200 GET http://10.0.2.15:8774/v2.1/7375f38005b349f1b091509449953ac0/servers/231efe52-70b2-4e6b-af7b-7296cc154b9e 0.234s
2015-12-15 12:27:33,667 24432 DEBUG    [tempest_lib.common.rest_client] Request - Headers: {'Content-Type': 'application/json', 'Accept': 'application/json', 'X-Auth-Token': '&lt;omitted&gt;'}
        Body: None
    Response - Headers: {'status': '200', 'content-length': '1479', 'content-location': 'http://10.0.2.15:8774/v2.1/7375f38005b349f1b091509449953ac0/servers/231efe52-70b2-4e6b-af7b-7296cc154b9e', 'x-compute-request-id': 'req-5ed0592f-023c-4179-b314-33a8a4b0b512', 'vary': 'X-OpenStack-Nova-API-Version', 'connection': 'close', 'x-openstack-nova-api-version': '2.1', 'date': 'Tue, 15 Dec 2015 12:27:33 GMT', 'content-type': 'application/json'}
        Body: {"server": {"status": "BUILD", "updated": "2015-12-15T12:27:33Z", "hostId": "cf356224cb11bf1ae429a8ca15513dab6d5941a4543b0c4f24964ece", "addresses": {}, "links": [{"href": "http://10.0.2.15:8774/v2.1/7375f38005b349f1b091509449953ac0/servers/231efe52-70b2-4e6b-af7b-7296cc154b9e", "rel": "self"}, {"href": "http://10.0.2.15:8774/7375f38005b349f1b091509449953ac0/servers/231efe52-70b2-4e6b-af7b-7296cc154b9e", "rel": "bookmark"}], "key_name": "tempest-TestGettingAddress-771069517", "image": {"id": "b6a2fb0e-d6eb-4b3b-9a33-9c0e39da84d5", "links": [{"href": "http://10.0.2.15:8774/7375f38005b349f1b091509449953ac0/images/b6a2fb0e-d6eb-4b3b-9a33-9c0e39da84d5", "rel": "bookmark"}]}, "OS-EXT-STS:task_state": "spawning", "OS-EXT-STS:vm_state": "building", "OS-SRV-USG:launched_at": null, "flavor": {"id": "42", "links": [{"href": "http://10.0.2.15:8774/7375f38005b349f1b091509449953ac0/flavors/42", "rel": "bookmark"}]}, "id": "231efe52-70b2-4e6b-af7b-7296cc154b9e", "security_groups": [{"name": "tempest-secgroup-smoke-214164621"}], "OS-SRV-USG:terminated_at": null, "OS-EXT-AZ:availability_zone": "nova", "user_id": "9459405df74b4453820fdd5b0e69f8a4", "name": "tempest.common.compute-instance-2075103028", "created": "2015-12-15T12:27:32Z", "tenant_id": "7375f38005b349f1b091509449953ac0", "OS-DCF:diskConfig": "MANUAL", "os-extended-volumes:volumes_attached": [], "accessIPv4": "", "accessIPv6": "", "progress": 0, "OS-EXT-STS:power_state": 0, "config_drive": "", "metadata": {}}}
2015-12-15 12:27:33,677 24432 INFO     [tempest.common.waiters] State transition "BUILD/scheduling" ==&gt; "BUILD/spawning" after 1 second wait
2015-12-15 12:27:34,857 24432 INFO     [tempest_lib.common.rest_client] Request (TestGettingAddress:test_dhcp6_stateless_from_os): 200 GET http://10.0.2.15:8774/v2.1/7375f38005b349f1b091509449953ac0/servers/231efe52-70b2-4e6b-af7b-7296cc154b9e 0.178s
2015-12-15 12:27:34,857 24432 DEBUG    [tempest_lib.common.rest_client] Request - Headers: {'Content-Type': 'application/json', 'Accept': 'application/json', 'X-Auth-Token': '&lt;omitted&gt;'}
        Body: None
    Response - Headers: {'status': '200', 'content-length': '1479', 'content-location': 'http://10.0.2.15:8774/v2.1/7375f38005b349f1b091509449953ac0/servers/231efe52-70b2-4e6b-af7b-7296cc154b9e', 'x-compute-request-id': 'req-acfa3ecb-4d22-4ea1-800f-415d472f3ef1', 'vary': 'X-OpenStack-Nova-API-Version', 'connection': 'close', 'x-openstack-nova-api-version': '2.1', 'date': 'Tue, 15 Dec 2015 12:27:34 GMT', 'content-type': 'application/json'}
        Body: {"server": {"status": "BUILD", "updated": "2015-12-15T12:27:33Z", "hostId": "cf356224cb11bf1ae429a8ca15513dab6d5941a4543b0c4f24964ece", "addresses": {}, "links": [{"href": "http://10.0.2.15:8774/v2.1/7375f38005b349f1b091509449953ac0/servers/231efe52-70b2-4e6b-af7b-7296cc154b9e", "rel": "self"}, {"href": "http://10.0.2.15:8774/7375f38005b349f1b091509449953ac0/servers/231efe52-70b2-4e6b-af7b-7296cc154b9e", "rel": "bookmark"}], "key_name": "tempest-TestGettingAddress-771069517", "image": {"id": "b6a2fb0e-d6eb-4b3b-9a33-9c0e39da84d5", "links": [{"href": "http://10.0.2.15:8774/7375f38005b349f1b091509449953ac0/images/b6a2fb0e-d6eb-4b3b-9a33-9c0e39da84d5", "rel": "bookmark"}]}, "OS-EXT-STS:task_state": "spawning", "OS-EXT-STS:vm_state": "building", "OS-SRV-USG:launched_at": null, "flavor": {"id": "42", "links": [{"href": "http://10.0.2.15:8774/7375f38005b349f1b091509449953ac0/flavors/42", "rel": "bookmark"}]}, "id": "231efe52-70b2-4e6b-af7b-7296cc154b9e", "security_groups": [{"name": "tempest-secgroup-smoke-214164621"}], "OS-SRV-USG:terminated_at": null, "OS-EXT-AZ:availability_zone": "nova", "user_id": "9459405df74b4453820fdd5b0e69f8a4", "name": "tempest.common.compute-instance-2075103028", "created": "2015-12-15T12:27:32Z", "tenant_id": "7375f38005b349f1b091509449953ac0", "OS-DCF:diskConfig": "MANUAL", "os-extended-volumes:volumes_attached": [], "accessIPv4": "", "accessIPv6": "", "progress": 0, "OS-EXT-STS:power_state": 0, "config_drive": "", "metadata": {}}}
2015-12-15 12:27:36,079 24432 INFO     [tempest_lib.common.rest_client] Request (TestGettingAddress:test_dhcp6_stateless_from_os): 200 GET http://10.0.2.15:8774/v2.1/7375f38005b349f1b091509449953ac0/servers/231efe52-70b2-4e6b-af7b-7296cc154b9e 0.213s
2015-12-15 12:27:36,080 24432 DEBUG    [tempest_lib.common.rest_client] Request - Headers: {'Content-Type': 'application/json', 'Accept': 'application/json', 'X-Auth-Token': '&lt;omitted&gt;'}
        Body: None
    Response - Headers: {'status': '200', 'content-length': '1780', 'content-location': 'http://10.0.2.15:8774/v2.1/7375f38005b349f1b091509449953ac0/servers/231efe52-70b2-4e6b-af7b-7296cc154b9e', 'x-compute-request-id': 'req-6b144d3f-bbb2-4468-8fbb-4da3118d428a', 'vary': 'X-OpenStack-Nova-API-Version', 'connection': 'close', 'x-openstack-nova-api-version': '2.1', 'date': 'Tue, 15 Dec 2015 12:27:36 GMT', 'content-type': 'application/json'}
        Body: {"server": {"status": "ACTIVE", "updated": "2015-12-15T12:27:35Z", "hostId": "cf356224cb11bf1ae429a8ca15513dab6d5941a4543b0c4f24964ece", "addresses": {"tempest-network-smoke--1991679263": [{"OS-EXT-IPS-MAC:mac_addr": "fa:16:3e:dd:cc:98", "version": 6, "addr": "2003::f816:3eff:fedd:cc98", "OS-EXT-IPS:type": "fixed"}, {"OS-EXT-IPS-MAC:mac_addr": "fa:16:3e:dd:cc:98", "version": 4, "addr": "10.100.0.3", "OS-EXT-IPS:type": "fixed"}]}, "links": [{"href": "http://10.0.2.15:8774/v2.1/7375f38005b349f1b091509449953ac0/servers/231efe52-70b2-4e6b-af7b-7296cc154b9e", "rel": "self"}, {"href": "http://10.0.2.15:8774/7375f38005b349f1b091509449953ac0/servers/231efe52-70b2-4e6b-af7b-7296cc154b9e", "rel": "bookmark"}], "key_name": "tempest-TestGettingAddress-771069517", "image": {"id": "b6a2fb0e-d6eb-4b3b-9a33-9c0e39da84d5", "links": [{"href": "http://10.0.2.15:8774/7375f38005b349f1b091509449953ac0/images/b6a2fb0e-d6eb-4b3b-9a33-9c0e39da84d5", "rel": "bookmark"}]}, "OS-EXT-STS:task_state": null, "OS-EXT-STS:vm_state": "active", "OS-SRV-USG:launched_at": "2015-12-15T12:27:35.000000", "flavor": {"id": "42", "links": [{"href": "http://10.0.2.15:8774/7375f38005b349f1b091509449953ac0/flavors/42", "rel": "bookmark"}]}, "id": "231efe52-70b2-4e6b-af7b-7296cc154b9e", "security_groups": [{"name": "tempest-secgroup-smoke-214164621"}], "OS-SRV-USG:terminated_at": null, "OS-EXT-AZ:availability_zone": "nova", "user_id": "9459405df74b4453820fdd5b0e69f8a4", "name": "tempest.common.compute-instance-2075103028", "created": "2015-12-15T12:27:32Z", "tenant_id": "7375f38005b349f1b091509449953ac0", "OS-DCF:diskConfig": "MANUAL", "os-extended-volumes:volumes_attached": [], "accessIPv4": "", "accessIPv6": "", "progress": 0, "OS-EXT-STS:power_state": 1, "config_drive": "True", "metadata": {}}}
2015-12-15 12:27:36,091 24432 INFO     [tempest.common.waiters] State transition "BUILD/spawning" ==&gt; "ACTIVE/None" after 4 second wait
2015-12-15 12:27:36,294 24432 INFO     [tempest_lib.common.rest_client] Request (TestGettingAddress:test_dhcp6_stateless_from_os): 200 GET http://10.0.2.15:8774/v2.1/7375f38005b349f1b091509449953ac0/servers/231efe52-70b2-4e6b-af7b-7296cc154b9e 0.202s
2015-12-15 12:27:36,294 24432 DEBUG    [tempest_lib.common.rest_client] Request - Headers: {'Content-Type': 'application/json', 'Accept': 'application/json', 'X-Auth-Token': '&lt;omitted&gt;'}
        Body: None
    Response - Headers: {'status': '200', 'content-length': '1780', 'content-location': 'http://10.0.2.15:8774/v2.1/7375f38005b349f1b091509449953ac0/servers/231efe52-70b2-4e6b-af7b-7296cc154b9e', 'x-compute-request-id': 'req-02ae9bbf-da31-4faa-b922-6d3979e02937', 'vary': 'X-OpenStack-Nova-API-Version', 'connection': 'close', 'x-openstack-nova-api-version': '2.1', 'date': 'Tue, 15 Dec 2015 12:27:36 GMT', 'content-type': 'application/json'}
        Body: {"server": {"status": "ACTIVE", "updated": "2015-12-15T12:27:35Z", "hostId": "cf356224cb11bf1ae429a8ca15513dab6d5941a4543b0c4f24964ece", "addresses": {"tempest-network-smoke--1991679263": [{"OS-EXT-IPS-MAC:mac_addr": "fa:16:3e:dd:cc:98", "version": 6, "addr": "2003::f816:3eff:fedd:cc98", "OS-EXT-IPS:type": "fixed"}, {"OS-EXT-IPS-MAC:mac_addr": "fa:16:3e:dd:cc:98", "version": 4, "addr": "10.100.0.3", "OS-EXT-IPS:type": "fixed"}]}, "links": [{"href": "http://10.0.2.15:8774/v2.1/7375f38005b349f1b091509449953ac0/servers/231efe52-70b2-4e6b-af7b-7296cc154b9e", "rel": "self"}, {"href": "http://10.0.2.15:8774/7375f38005b349f1b091509449953ac0/servers/231efe52-70b2-4e6b-af7b-7296cc154b9e", "rel": "bookmark"}], "key_name": "tempest-TestGettingAddress-771069517", "image": {"id": "b6a2fb0e-d6eb-4b3b-9a33-9c0e39da84d5", "links": [{"href": "http://10.0.2.15:8774/7375f38005b349f1b091509449953ac0/images/b6a2fb0e-d6eb-4b3b-9a33-9c0e39da84d5", "rel": "bookmark"}]}, "OS-EXT-STS:task_state": null, "OS-EXT-STS:vm_state": "active", "OS-SRV-USG:launched_at": "2015-12-15T12:27:35.000000", "flavor": {"id": "42", "links": [{"href": "http://10.0.2.15:8774/7375f38005b349f1b091509449953ac0/flavors/42", "rel": "bookmark"}]}, "id": "231efe52-70b2-4e6b-af7b-7296cc154b9e", "security_groups": [{"name": "tempest-secgroup-smoke-214164621"}], "OS-SRV-USG:terminated_at": null, "OS-EXT-AZ:availability_zone": "nova", "user_id": "9459405df74b4453820fdd5b0e69f8a4", "name": "tempest.common.compute-instance-2075103028", "created": "2015-12-15T12:27:32Z", "tenant_id": "7375f38005b349f1b091509449953ac0", "OS-DCF:diskConfig": "MANUAL", "os-extended-volumes:volumes_attached": [], "accessIPv4": "", "accessIPv6": "", "progress": 0, "OS-EXT-STS:power_state": 1, "config_drive": "True", "metadata": {}}}
2015-12-15 12:27:36,441 24432 INFO     [tempest_lib.common.rest_client] Request (TestGettingAddress:test_dhcp6_stateless_from_os): 200 GET http://10.0.2.15:9696/v2.0/ports?status=ACTIVE&amp;fixed_ip=None&amp;device_id=231efe52-70b2-4e6b-af7b-7296cc154b9e 0.138s
2015-12-15 12:27:36,441 24432 DEBUG    [tempest_lib.common.rest_client] Request - Headers: {'Content-Type': 'application/json', 'Accept': 'application/json', 'X-Auth-Token': '&lt;omitted&gt;'}
        Body: None
    Response - Headers: {'status': '200', 'content-length': '1142', 'content-location': 'http://10.0.2.15:9696/v2.0/ports?status=ACTIVE&amp;fixed_ip=None&amp;device_id=231efe52-70b2-4e6b-af7b-7296cc154b9e', 'connection': 'close', 'date': 'Tue, 15 Dec 2015 12:27:36 GMT', 'content-type': 'application/json; charset=UTF-8', 'x-openstack-request-id': 'req-0703e98b-63e2-49c7-87e9-3390d6f7254e'}
        Body: {"ports": [{"status": "ACTIVE", "binding:host_id": "vagrant-ubuntu-trusty-64", "allowed_address_pairs": [], "extra_dhcp_opts": [], "dns_assignment": [{"hostname": "host-10-100-0-3", "ip_address": "10.100.0.3", "fqdn": "host-10-100-0-3.openstacklocal."}, {"hostname": "host-2003--f816-3eff-fedd-cc98", "ip_address": "2003::f816:3eff:fedd:cc98", "fqdn": "host-2003--f816-3eff-fedd-cc98.openstacklocal."}], "device_owner": "compute:None", "port_security_enabled": true, "binding:profile": {}, "fixed_ips": [{"subnet_id": "ea58043e-908f-4fc8-9dd8-cba6c4e927fb", "ip_address": "10.100.0.3"}, {"subnet_id": "51bda333-3ee9-408b-9343-2bc07ae0a87c", "ip_address": "2003::f816:3eff:fedd:cc98"}], "id": "59e7f1e8-6bb0-4c5f-9cfd-6e325281426d", "security_groups": ["20a0a976-9358-491d-9713-178087ddbbbf"], "device_id": "231efe52-70b2-4e6b-af7b-7296cc154b9e", "name": "", "admin_state_up": true, "network_id": "d7a48227-ae60-4197-a1d2-7f5200917385", "dns_name": "", "binding:vif_details": {"port_filter": true}, "binding:vnic_type": "normal", "binding:vif_type": "ovs", "tenant_id": "7375f38005b349f1b091509449953ac0", "mac_address": "fa:16:3e:dd:cc:98"}]}
2015-12-15 12:27:38,611 24432 INFO     [tempest_lib.common.rest_client] Request (TestGettingAddress:test_dhcp6_stateless_from_os): 201 POST http://10.0.2.15:9696/v2.0/floatingips 2.169s
2015-12-15 12:27:38,612 24432 DEBUG    [tempest_lib.common.rest_client] Request - Headers: {'Content-Type': 'application/json', 'Accept': 'application/json', 'X-Auth-Token': '&lt;omitted&gt;'}
        Body: {"floatingip": {"floating_network_id": "40191645-38e5-4e23-91f8-ee29c0260f92", "tenant_id": "7375f38005b349f1b091509449953ac0", "fixed_ip_address": "10.100.0.3", "port_id": "59e7f1e8-6bb0-4c5f-9cfd-6e325281426d"}}
    Response - Headers: {'status': '201', 'content-length': '367', 'connection': 'close', 'date': 'Tue, 15 Dec 2015 12:27:38 GMT', 'content-type': 'application/json; charset=UTF-8', 'x-openstack-request-id': 'req-73e2d8a5-d29d-44d4-a919-c1193427ba8b'}
        Body: {"floatingip": {"floating_network_id": "40191645-38e5-4e23-91f8-ee29c0260f92", "router_id": "6387267b-7641-4703-812c-ac678ba480f3", "fixed_ip_address": "10.100.0.3", "floating_ip_address": "172.24.4.4", "tenant_id": "7375f38005b349f1b091509449953ac0", "status": "DOWN", "port_id": "59e7f1e8-6bb0-4c5f-9cfd-6e325281426d", "id": "35ed03a8-8f80-44ba-ab36-0f3ca0e1b365"}}
2015-12-15 12:27:38,613 24432 INFO     [tempest_lib.common.ssh] Creating ssh connection to '172.24.4.4' as 'cirros' with public key authentication
2015-12-15 12:27:42,270 24432 WARNING  [tempest_lib.common.ssh] Failed to establish authenticated ssh connection to cirros@172.24.4.4 ([Errno None] Unable to connect to port 22 on  or 172.24.4.4). Number attempts: 1. Retry after 2 seconds.
2015-12-15 12:27:47,774 24432 WARNING  [tempest_lib.common.ssh] Failed to establish authenticated ssh connection to cirros@172.24.4.4 ([Errno None] Unable to connect to port 22 on  or 172.24.4.4). Number attempts: 2. Retry after 3 seconds.
2015-12-15 12:27:54,278 24432 WARNING  [tempest_lib.common.ssh] Failed to establish authenticated ssh connection to cirros@172.24.4.4 ([Errno None] Unable to connect to port 22 on  or 172.24.4.4). Number attempts: 3. Retry after 4 seconds.
2015-12-15 12:28:01,782 24432 WARNING  [tempest_lib.common.ssh] Failed to establish authenticated ssh connection to cirros@172.24.4.4 ([Errno None] Unable to connect to port 22 on  or 172.24.4.4). Number attempts: 4. Retry after 5 seconds.
2015-12-15 12:28:10,290 24432 WARNING  [tempest_lib.common.ssh] Failed to establish authenticated ssh connection to cirros@172.24.4.4 ([Errno None] Unable to connect to port 22 on  or 172.24.4.4). Number attempts: 5. Retry after 6 seconds.
2015-12-15 12:28:19,799 24432 WARNING  [tempest_lib.common.ssh] Failed to establish authenticated ssh connection to cirros@172.24.4.4 ([Errno None] Unable to connect to port 22 on  or 172.24.4.4). Number attempts: 6. Retry after 7 seconds.
2015-12-15 12:28:30,306 24432 WARNING  [tempest_lib.common.ssh] Failed to establish authenticated ssh connection to cirros@172.24.4.4 ([Errno None] Unable to connect to port 22 on  or 172.24.4.4). Number attempts: 7. Retry after 8 seconds.
2015-12-15 12:28:41,815 24432 WARNING  [tempest_lib.common.ssh] Failed to establish authenticated ssh connection to cirros@172.24.4.4 ([Errno None] Unable to connect to port 22 on  or 172.24.4.4). Number attempts: 8. Retry after 9 seconds.
2015-12-15 12:28:54,326 24432 WARNING  [tempest_lib.common.ssh] Failed to establish authenticated ssh connection to cirros@172.24.4.4 ([Errno None] Unable to connect to port 22 on  or 172.24.4.4). Number attempts: 9. Retry after 10 seconds.
2015-12-15 12:29:07,838 24432 WARNING  [tempest_lib.common.ssh] Failed to establish authenticated ssh connection to cirros@172.24.4.4 ([Errno None] Unable to connect to port 22 on  or 172.24.4.4). Number attempts: 10. Retry after 11 seconds.
2015-12-15 12:29:22,350 24432 WARNING  [tempest_lib.common.ssh] Failed to establish authenticated ssh connection to cirros@172.24.4.4 ([Errno None] Unable to connect to port 22 on  or 172.24.4.4). Number attempts: 11. Retry after 12 seconds.
2015-12-15 12:29:37,862 24432 WARNING  [tempest_lib.common.ssh] Failed to establish authenticated ssh connection to cirros@172.24.4.4 ([Errno None] Unable to connect to port 22 on  or 172.24.4.4). Number attempts: 12. Retry after 13 seconds.
2015-12-15 12:29:54,375 24432 WARNING  [tempest_lib.common.ssh] Failed to establish authenticated ssh connection to cirros@172.24.4.4 ([Errno None] Unable to connect to port 22 on  or 172.24.4.4). Number attempts: 13. Retry after 14 seconds.
2015-12-15 12:30:11,890 24432 WARNING  [tempest_lib.common.ssh] Failed to establish authenticated ssh connection to cirros@172.24.4.4 ([Errno None] Unable to connect to port 22 on  or 172.24.4.4). Number attempts: 14. Retry after 15 seconds.
2015-12-15 12:30:30,407 24432 WARNING  [tempest_lib.common.ssh] Failed to establish authenticated ssh connection to cirros@172.24.4.4 ([Errno None] Unable to connect to port 22 on  or 172.24.4.4). Number attempts: 15. Retry after 16 seconds.
2015-12-15 12:30:49,926 24432 WARNING  [tempest_lib.common.ssh] Failed to establish authenticated ssh connection to cirros@172.24.4.4 ([Errno None] Unable to connect to port 22 on  or 172.24.4.4). Number attempts: 16. Retry after 17 seconds.
2015-12-15 12:31:10,438 24432 ERROR    [tempest_lib.common.ssh] Failed to establish authenticated ssh connection to cirros@172.24.4.4 after 16 attempts
2015-12-15 12:31:10.438 24432 ERROR tempest_lib.common.ssh Traceback (most recent call last):
2015-12-15 12:31:10.438 24432 ERROR tempest_lib.common.ssh   File "/usr/local/lib/python2.7/dist-packages/tempest_lib/common/ssh.py", line 75, in _get_ssh_connection
2015-12-15 12:31:10.438 24432 ERROR tempest_lib.common.ssh     timeout=self.channel_timeout, pkey=self.pkey)
2015-12-15 12:31:10.438 24432 ERROR tempest_lib.common.ssh   File "/usr/local/lib/python2.7/dist-packages/paramiko/client.py", line 311, in connect
2015-12-15 12:31:10.438 24432 ERROR tempest_lib.common.ssh     raise NoValidConnectionsError(errors)
2015-12-15 12:31:10.438 24432 ERROR tempest_lib.common.ssh NoValidConnectionsError: [Errno None] Unable to connect to port 22 on  or 172.24.4.4
2015-12-15 12:31:10.438 24432 ERROR tempest_lib.common.ssh 
2015-12-15 12:31:10,440 24432 ERROR    [tempest.scenario.manager] (TestGettingAddress:test_dhcp6_stateless_from_os) Initializing SSH connection to 172.24.4.4 failed. Error: Connection to the 172.24.4.4 via SSH timed out.
User: cirros, Password: None
2015-12-15 12:31:10.440 24432 ERROR tempest.scenario.manager Traceback (most recent call last):
2015-12-15 12:31:10.440 24432 ERROR tempest.scenario.manager   File "tempest/scenario/manager.py", line 383, in get_remote_client
2015-12-15 12:31:10.440 24432 ERROR tempest.scenario.manager     linux_client.validate_authentication()
2015-12-15 12:31:10.440 24432 ERROR tempest.scenario.manager   File "tempest/common/utils/linux/remote_client.py", line 63, in validate_authentication
2015-12-15 12:31:10.440 24432 ERROR tempest.scenario.manager     self.ssh_client.test_connection_auth()
2015-12-15 12:31:10.440 24432 ERROR tempest.scenario.manager   File "/usr/local/lib/python2.7/dist-packages/tempest_lib/common/ssh.py", line 167, in test_connection_auth
2015-12-15 12:31:10.440 24432 ERROR tempest.scenario.manager     connection = self._get_ssh_connection()
2015-12-15 12:31:10.440 24432 ERROR tempest.scenario.manager   File "/usr/local/lib/python2.7/dist-packages/tempest_lib/common/ssh.py", line 87, in _get_ssh_connection
2015-12-15 12:31:10.440 24432 ERROR tempest.scenario.manager     password=self.password)
2015-12-15 12:31:10.440 24432 ERROR tempest.scenario.manager SSHTimeout: Connection to the 172.24.4.4 via SSH timed out.
2015-12-15 12:31:10.440 24432 ERROR tempest.scenario.manager User: cirros, Password: None
2015-12-15 12:31:10.440 24432 ERROR tempest.scenario.manager 
2015-12-15 12:31:10,524 24432 INFO     [tempest_lib.common.rest_client] Request (TestGettingAddress:test_dhcp6_stateless_from_os): 200 GET http://10.0.2.15:8774/v2.1/7375f38005b349f1b091509449953ac0/servers 0.081s
2015-12-15 12:31:10,524 24432 DEBUG    [tempest_lib.common.rest_client] Request - Headers: {'Content-Type': 'application/json', 'Accept': 'application/json', 'X-Auth-Token': '&lt;omitted&gt;'}
        Body: None
    Response - Headers: {'status': '200', 'content-length': '391', 'content-location': 'http://10.0.2.15:8774/v2.1/7375f38005b349f1b091509449953ac0/servers', 'x-compute-request-id': 'req-bbde294e-988b-4370-a197-7399750e63d7', 'vary': 'X-OpenStack-Nova-API-Version', 'connection': 'close', 'x-openstack-nova-api-version': '2.1', 'date': 'Tue, 15 Dec 2015 12:31:10 GMT', 'content-type': 'application/json'}
        Body: {"servers": [{"id": "231efe52-70b2-4e6b-af7b-7296cc154b9e", "links": [{"href": "http://10.0.2.15:8774/v2.1/7375f38005b349f1b091509449953ac0/servers/231efe52-70b2-4e6b-af7b-7296cc154b9e", "rel": "self"}, {"href": "http://10.0.2.15:8774/7375f38005b349f1b091509449953ac0/servers/231efe52-70b2-4e6b-af7b-7296cc154b9e", "rel": "bookmark"}], "name": "tempest.common.compute-instance-2075103028"}]}
2015-12-15 12:31:10,732 24432 INFO     [tempest_lib.common.rest_client] Request (TestGettingAddress:test_dhcp6_stateless_from_os): 200 POST http://10.0.2.15:8774/v2.1/7375f38005b349f1b091509449953ac0/servers/231efe52-70b2-4e6b-af7b-7296cc154b9e/action 0.202s
2015-12-15 12:31:10,732 24432 DEBUG    [tempest_lib.common.rest_client] Request - Headers: {'Content-Type': 'application/json', 'Accept': 'application/json', 'X-Auth-Token': '&lt;omitted&gt;'}
        Body: {"os-getConsoleOutput": {}}
    Response - Headers: {'status': '200', 'content-length': '24757', 'x-compute-request-id': 'req-d2a081b9-d1c8-446d-8c99-629c783b77b1', 'vary': 'X-OpenStack-Nova-API-Version', 'connection': 'close', 'x-openstack-nova-api-version': '2.1', 'date': 'Tue, 15 Dec 2015 12:31:10 GMT', 'content-type': 'application/json'}
        Body: {"output": "[    0.000000] Initializing cgroup subsys cpuset\n[    0.000000] Initializing cgroup subsys cpu\n[    0.000000] Linux version 3.2.0-80-virtual (buildd@batsu) (gcc version 4.6.3 (Ubuntu/Linaro 4.6.3-1ubuntu5) ) #116-Ubuntu SMP Mon Mar 23 17:28:52 UTC 2015 (Ubuntu 3.2.0-80.116-virtual 3.2.68)\n[    0.000000] Command line: root=/dev/vda console=tty0 console=ttyS0 no_timer_check\n[    0.000000] KERNEL supported cpus:\n[    0.000000]   Intel GenuineIntel\n[    0.000000]   AMD AuthenticAMD\n[    0.000000]   Centaur CentaurHauls\n[    0.000000] BIOS-provided physical RAM map:\n[    0.000000]  BIOS-e820: 0000000000000000 - 000000000009fc00 (usable)\n[    0.000000]  BIOS-e820: 000000000009fc00 - 00000000000a0000 (reserved)\n[    0.000000]  BIOS-e820: 00000000000f0000 - 0000000000100000 (reserved)\n[    0.000000]  BIOS-e820: 0000000000100000 - 0000000003ffe000 (usable)\n[    0.000000]  BIOS-e820: 0000000003ffe000 - 0000000004000000 (reserved)\n[    0.000000]  BIOS-e820: 00000000fffc0000 - 0000000100000000 (reserved)\n[    0.000000] NX (Execute Disable) protection: active\n[    0.000000] SMBIOS 2.4 present.\n[    0.000000] No AGP bridge found\n[    0.000000] last_pfn = 0x3ffe max_arch_pfn = 0x400000000\n[    0.000000] x86 PAT enabled: cpu 0, old 0x7040600070406, new 0x7010600070106\n[    0.000000] found SMP MP-table at [ffff8800000f0b00] f0b00\n[    0.000000] init_memory_mapping: 0000000000000000-0000000003ffe000\n[    0.000000] RAMDISK: 03c5e000 - 03ff0000\n[    0.000000] ACPI: RSDP 00000000000f0950 00014 (v00 BOCHS )\n[    0.000000] ACPI: RSDT 0000000003fffbc1 00034 (v01 BOCHS  BXPCRSDT 00000001 BXPC 00000001)\n[    0.000000] ACPI: FACP 0000000003fff1c0 00074 (v01 BOCHS  BXPCFACP 00000001 BXPC 00000001)\n[    0.000000] ACPI: DSDT 0000000003ffe040 01180 (v01 BOCHS  BXPCDSDT 00000001 BXPC 00000001)\n[    0.000000] ACPI: FACS 0000000003ffe000 00040\n[    0.000000] ACPI: SSDT 0000000003fff234 008DD (v01 BOCHS  BXPCSSDT 00000001 BXPC 00000001)\n[    0.000000] ACPI: APIC 0000000003fffb11 00078 (v01 BOCHS  BXPCAPIC 00000001 BXPC 00000001)\n[    0.000000] ACPI: HPET 0000000003fffb89 00038 (v01 BOCHS  BXPCHPET 00000001 BXPC 00000001)\n[    0.000000] No NUMA configuration found\n[    0.000000] Faking a node at 0000000000000000-0000000003ffe000\n[    0.000000] Initmem setup node 0 0000000000000000-0000000003ffe000\n[    0.000000]   NODE_DATA [0000000003ff6000 - 0000000003ffafff]\n[    0.000000] Zone PFN ranges:\n[    0.000000]   DMA      0x00000010 -&gt; 0x00001000\n[    0.000000]   DMA32    0x00001000 -&gt; 0x00100000\n[    0.000000]   Normal   empty\n[    0.000000] Movable zone start PFN for each node\n[    0.000000] early_node_map[2] active PFN ranges\n[    0.000000]     0: 0x00000010 -&gt; 0x0000009f\n[    0.000000]     0: 0x00000100 -&gt; 0x00003ffe\n[    0.000000] ACPI: PM-Timer IO Port: 0xb008\n[    0.000000] ACPI: LAPIC (acpi_id[0x00] lapic_id[0x00] enabled)\n[    0.000000] ACPI: LAPIC_NMI (acpi_id[0xff] dfl dfl lint[0x1])\n[    0.000000] ACPI: IOAPIC (id[0x00] address[0xfec00000] gsi_base[0])\n[    0.000000] IOAPIC[0]: apic_id 0, version 17, address 0xfec00000, GSI 0-23\n[    0.000000] ACPI: INT_SRC_OVR (bus 0 bus_irq 0 global_irq 2 dfl dfl)\n[    0.000000] ACPI: INT_SRC_OVR (bus 0 bus_irq 5 global_irq 5 high level)\n[    0.000000] ACPI: INT_SRC_OVR (bus 0 bus_irq 9 global_irq 9 high level)\n[    0.000000] ACPI: INT_SRC_OVR (bus 0 bus_irq 10 global_irq 10 high level)\n[    0.000000] ACPI: INT_SRC_OVR (bus 0 bus_irq 11 global_irq 11 high level)\n[    0.000000] Using ACPI (MADT) for SMP configuration information\n[    0.000000] ACPI: HPET id: 0x8086a201 base: 0xfed00000\n[    0.000000] SMP: Allowing 1 CPUs, 0 hotplug CPUs\n[    0.000000] PM: Registered nosave memory: 000000000009f000 - 00000000000a0000\n[    0.000000] PM: Registered nosave memory: 00000000000a0000 - 00000000000f0000\n[    0.000000] PM: Registered nosave memory: 00000000000f0000 - 0000000000100000\n[    0.000000] Allocating PCI resources starting at 4000000 (gap: 4000000:fbfc0000)\n[    0.000000] Booting paravirtualized kernel on bare hardware\n[    0.000000] setup_pe
2015-12-15 12:31:10,735 24432 DEBUG    [tempest.scenario.manager] Console output for 231efe52-70b2-4e6b-af7b-7296cc154b9e
body=
[    0.000000] Initializing cgroup subsys cpuset
[    0.000000] Initializing cgroup subsys cpu
[    0.000000] Linux version 3.2.0-80-virtual (buildd@batsu) (gcc version 4.6.3 (Ubuntu/Linaro 4.6.3-1ubuntu5) ) #116-Ubuntu SMP Mon Mar 23 17:28:52 UTC 2015 (Ubuntu 3.2.0-80.116-virtual 3.2.68)
[    0.000000] Command line: root=/dev/vda console=tty0 console=ttyS0 no_timer_check
[    0.000000] KERNEL supported cpus:
[    0.000000]   Intel GenuineIntel
[    0.000000]   AMD AuthenticAMD
[    0.000000]   Centaur CentaurHauls
[    0.000000] BIOS-provided physical RAM map:
[    0.000000]  BIOS-e820: 0000000000000000 - 000000000009fc00 (usable)
[    0.000000]  BIOS-e820: 000000000009fc00 - 00000000000a0000 (reserved)
[    0.000000]  BIOS-e820: 00000000000f0000 - 0000000000100000 (reserved)
[    0.000000]  BIOS-e820: 0000000000100000 - 0000000003ffe000 (usable)
[    0.000000]  BIOS-e820: 0000000003ffe000 - 0000000004000000 (reserved)
[    0.000000]  BIOS-e820: 00000000fffc0000 - 0000000100000000 (reserved)
[    0.000000] NX (Execute Disable) protection: active
[    0.000000] SMBIOS 2.4 present.
[    0.000000] No AGP bridge found
[    0.000000] last_pfn = 0x3ffe max_arch_pfn = 0x400000000
[    0.000000] x86 PAT enabled: cpu 0, old 0x7040600070406, new 0x7010600070106
[    0.000000] found SMP MP-table at [ffff8800000f0b00] f0b00
[    0.000000] init_memory_mapping: 0000000000000000-0000000003ffe000
[    0.000000] RAMDISK: 03c5e000 - 03ff0000
[    0.000000] ACPI: RSDP 00000000000f0950 00014 (v00 BOCHS )
[    0.000000] ACPI: RSDT 0000000003fffbc1 00034 (v01 BOCHS  BXPCRSDT 00000001 BXPC 00000001)
[    0.000000] ACPI: FACP 0000000003fff1c0 00074 (v01 BOCHS  BXPCFACP 00000001 BXPC 00000001)
[    0.000000] ACPI: DSDT 0000000003ffe040 01180 (v01 BOCHS  BXPCDSDT 00000001 BXPC 00000001)
[    0.000000] ACPI: FACS 0000000003ffe000 00040
[    0.000000] ACPI: SSDT 0000000003fff234 008DD (v01 BOCHS  BXPCSSDT 00000001 BXPC 00000001)
[    0.000000] ACPI: APIC 0000000003fffb11 00078 (v01 BOCHS  BXPCAPIC 00000001 BXPC 00000001)
[    0.000000] ACPI: HPET 0000000003fffb89 00038 (v01 BOCHS  BXPCHPET 00000001 BXPC 00000001)
[    0.000000] No NUMA configuration found
[    0.000000] Faking a node at 0000000000000000-0000000003ffe000
[    0.000000] Initmem setup node 0 0000000000000000-0000000003ffe000
[    0.000000]   NODE_DATA [0000000003ff6000 - 0000000003ffafff]
[    0.000000] Zone PFN ranges:
[    0.000000]   DMA      0x00000010 -&gt; 0x00001000
[    0.000000]   DMA32    0x00001000 -&gt; 0x00100000
[    0.000000]   Normal   empty
[    0.000000] Movable zone start PFN for each node
[    0.000000] early_node_map[2] active PFN ranges
[    0.000000]     0: 0x00000010 -&gt; 0x0000009f
[    0.000000]     0: 0x00000100 -&gt; 0x00003ffe
[    0.000000] ACPI: PM-Timer IO Port: 0xb008
[    0.000000] ACPI: LAPIC (acpi_id[0x00] lapic_id[0x00] enabled)
[    0.000000] ACPI: LAPIC_NMI (acpi_id[0xff] dfl dfl lint[0x1])
[    0.000000] ACPI: IOAPIC (id[0x00] address[0xfec00000] gsi_base[0])
[    0.000000] IOAPIC[0]: apic_id 0, version 17, address 0xfec00000, GSI 0-23
[    0.000000] ACPI: INT_SRC_OVR (bus 0 bus_irq 0 global_irq 2 dfl dfl)
[    0.000000] ACPI: INT_SRC_OVR (bus 0 bus_irq 5 global_irq 5 high level)
[    0.000000] ACPI: INT_SRC_OVR (bus 0 bus_irq 9 global_irq 9 high level)
[    0.000000] ACPI: INT_SRC_OVR (bus 0 bus_irq 10 global_irq 10 high level)
[    0.000000] ACPI: INT_SRC_OVR (bus 0 bus_irq 11 global_irq 11 high level)
[    0.000000] Using ACPI (MADT) for SMP configuration information
[    0.000000] ACPI: HPET id: 0x8086a201 base: 0xfed00000
[    0.000000] SMP: Allowing 1 CPUs, 0 hotplug CPUs
[    0.000000] PM: Registered nosave memory: 000000000009f000 - 00000000000a0000
[    0.000000] PM: Registered nosave memory: 00000000000a0000 - 00000000000f0000
[    0.000000] PM: Registered nosave memory: 00000000000f0000 - 0000000000100000
[    0.000000] Allocating PCI resources starting at 4000000 (gap: 4000000:fbfc0000)
[    0.000000] Booting paravirtualized kernel on bare hardware
[    0.000000] setup_percpu: NR_CPUS:64 nr_cpumask_bits:64 nr_cpu_ids:1 nr_node_ids:1
[    0.000000] PERCPU: Embedded 27 pages/cpu @ffff880003a00000 s78848 r8192 d23552 u2097152
[    0.000000] Built 1 zonelists in Node order, mobility grouping on.  Total pages: 16008
[    0.000000] Policy zone: DMA32
[    0.000000] Kernel command line: root=/dev/vda console=tty0 console=ttyS0 no_timer_check
[    0.000000] PID hash table entries: 256 (order: -1, 2048 bytes)
[    0.000000] Checking aperture...
[    0.000000] No AGP bridge found
[    0.000000] Memory: 43492k/65528k available (6576k kernel code, 452k absent, 21584k reserved, 6620k data, 928k init)
[    0.000000] SLUB: Genslabs=15, HWalign=64, Order=0-3, MinObjects=0, CPUs=1, Nodes=1
[    0.000000] Hierarchical RCU implementation.
[    0.000000] 	RCU dyntick-idle grace-period acceleration is enabled.
[    0.000000] NR_IRQS:4352 nr_irqs:256 16
[    0.000000] Console: colour VGA+ 80x25
[    0.000000] console [tty0] enabled
[    0.000000] console [ttyS0] enabled
[    0.000000] allocated 1048576 bytes of page_cgroup
[    0.000000] please try 'cgroup_disable=memory' option if you don't want memory cgroups
[    0.000000] Fast TSC calibration failed
[    0.000000] TSC: Unable to calibrate against PIT
[    0.000000] TSC: using HPET reference calibration
[    0.000000] Detected 2294.451 MHz processor.
[    0.041320] Calibrating delay loop (skipped), value calculated using timer frequency.. 4588.90 BogoMIPS (lpj=9177804)
[    0.045954] pid_max: default: 32768 minimum: 301
[    0.062563] Security Framework initialized
[    0.071785] AppArmor: AppArmor initialized
[    0.072197] Yama: becoming mindful.
[    0.081764] Dentry cache hash table entries: 8192 (order: 4, 65536 bytes)
[    0.084074] Inode-cache hash table entries: 4096 (order: 3, 32768 bytes)
[    0.085600] Mount-cache hash table entries: 256
[    0.102554] Initializing cgroup subsys cpuacct
[    0.103285] Initializing cgroup subsys memory
[    0.104280] Initializing cgroup subsys devices
[    0.105046] Initializing cgroup subsys freezer
[    0.105650] Initializing cgroup subsys blkio
[    0.108176] Initializing cgroup subsys perf_event
[    0.111478] mce: CPU supports 10 MCE banks
[    0.116198] SMP alternatives: switching to UP code
[    0.484141] Freeing SMP alternatives: 24k freed
[    0.486188] ACPI: Core revision 20110623
[    0.534260] ftrace: allocating 26610 entries in 105 pages
[    0.567741] ..TIMER: vector=0x30 apic1=0 pin1=2 apic2=-1 pin2=-1
[    0.568201] CPU0: AMD QEMU Virtual CPU version 2.0.0 stepping 03
[    0.576035] Performance Events: Broken PMU hardware detected, using software events only.
[    0.584095] NMI watchdog disabled (cpu0): hardware events not enabled
[    0.585654] Brought up 1 CPUs
[    0.586426] Total of 1 processors activated (4588.90 BogoMIPS).
[    0.622762] devtmpfs: initialized
[    0.654510] EVM: security.selinux
[    0.654921] EVM: security.SMACK64
[    0.656080] EVM: security.capability
[    0.677442] print_constraints: dummy: 
[    0.679140] RTC time: 12:27:39, date: 12/15/15
[    0.681884] NET: Registered protocol family 16
[    0.690269] ACPI: bus type pci registered
[    0.694093] PCI: Using configuration type 1 for base access
[    0.723033] bio: create slab &lt;bio-0&gt; at 0
[    0.728218] ACPI: Added _OSI(Module Device)
[    0.728812] ACPI: Added _OSI(Processor Device)
[    0.729475] ACPI: Added _OSI(3.0 _SCP Extensions)
[    0.730093] ACPI: Added _OSI(Processor Aggregator Device)
[    0.796729] ACPI: Interpreter enabled
[    0.797611] ACPI: (supports S0 S3 S4 S5)
[    0.799362] ACPI: Using IOAPIC for interrupt routing
[    0.882922] ACPI: No dock devices found.
[    0.884202] HEST: Table not found.
[    0.884777] PCI: Using host bridge windows from ACPI; if necessary, use "pci=nocrs" and report a bug
[    0.893316] ACPI: PCI Root Bridge [PCI0] (domain 0000 [bus 00-ff])
[    0.900743] pci_root PNP0A03:00: host bridge window [io  0x0000-0x0cf7]
[    0.901724] pci_root PNP0A03:00: host bridge window [io  0x0d00-0xadff]
[    0.902567] pci_root PNP0A03:00: host bridge window [io  0xae0f-0xaeff]
[    0.904108] pci_root PNP0A03:00: host bridge window [io  0xaf20-0xafdf]
[    0.904902] pci_root PNP0A03:00: host bridge window [io  0xafe4-0xffff]
[    0.905818] pci_root PNP0A03:00: host bridge window [mem 0x000a0000-0x000bffff]
[    0.908130] pci_root PNP0A03:00: host bridge window [mem 0x04000000-0xfebfffff]
[    0.930371] pci 0000:00:01.3: quirk: [io  0xb000-0xb03f] claimed by PIIX4 ACPI
[    0.932182] pci 0000:00:01.3: quirk: [io  0xb100-0xb10f] claimed by PIIX4 SMB
[    1.000823]  pci0000:00: Unable to request _OSC control (_OSC support mask: 0x1e)
[    1.074712] ACPI: PCI Interrupt Link [LNKA] (IRQs 5 *10 11)
[    1.080132] ACPI: PCI Interrupt Link [LNKB] (IRQs 5 *10 11)
[    1.084268] ACPI: PCI Interrupt Link [LNKC] (IRQs 5 10 *11)
[    1.087125] ACPI: PCI Interrupt Link [LNKD] (IRQs 5 10 *11)
[    1.089424] ACPI: PCI Interrupt Link [LNKS] (IRQs *9)
[    1.101887] vgaarb: device added: PCI:0000:00:02.0,decodes=io+mem,owns=io+mem,locks=none
[    1.104266] vgaarb: loaded
[    1.105116] vgaarb: bridge control possible 0000:00:02.0
[    1.110539] i2c-core: driver [aat2870] using legacy suspend method
[    1.112254] i2c-core: driver [aat2870] using legacy resume method
[    1.116946] SCSI subsystem initialized
[    1.120653] usbcore: registered new interface driver usbfs
[    1.121674] usbcore: registered new interface driver hub
[    1.122960] usbcore: registered new device driver usb
[    1.127354] PCI: Using ACPI for IRQ routing
[    1.138072] NetLabel: Initializing
[    1.138631] NetLabel:  domain hash size = 128
[    1.139424] NetLabel:  protocols = UNLABELED CIPSOv4
[    1.141347] NetLabel:  unlabeled traffic allowed by default
[    1.144853] HPET: 3 timers in total, 0 timers will be used for per-cpu timer
[    1.146041] hpet0: at MMIO 0xfed00000, IRQs 2, 8, 0
[    1.146990] hpet0: 3 comparators, 64-bit 100.000000 MHz counter
[    1.159427] Switching to clocksource hpet
[    1.410360] AppArmor: AppArmor Filesystem Enabled
[    1.411787] pnp: PnP ACPI init
[    1.413590] ACPI: bus type pnp registered
[    1.440058] pnp: PnP ACPI: found 9 devices
[    1.441578] ACPI: ACPI bus type pnp unregistered
[    1.515674] NET: Registered protocol family 2
[    1.558623] IP route cache hash table entries: 512 (order: 0, 4096 bytes)
[    1.568117] TCP established hash table entries: 2048 (order: 3, 32768 bytes)
[    1.570880] TCP bind hash table entries: 2048 (order: 3, 32768 bytes)
[    1.571888] TCP: Hash tables configured (established 2048 bind 2048)
[    1.573629] TCP reno registered
[    1.574220] UDP hash table entries: 128 (order: 0, 4096 bytes)
[    1.575151] UDP-Lite hash table entries: 128 (order: 0, 4096 bytes)
[    1.578613] NET: Registered protocol family 1
[    1.579644] pci 0000:00:00.0: Limiting direct PCI/PCI transfers
[    1.580911] pci 0000:00:01.0: PIIX3: Enabling Passive Release
[    1.582452] pci 0000:00:01.0: Activating ISA DMA hang workarounds
[    1.587081] ACPI: PCI Interrupt Link [LNKD] enabled at IRQ 11
[    1.588067] pci 0000:00:01.2: PCI INT D -&gt; Link[LNKD] -&gt; GSI 11 (level, high) -&gt; IRQ 11
[    1.590790] pci 0000:00:01.2: PCI INT D disabled
[    1.608191] Trying to unpack rootfs image as initramfs...
[    1.623800] audit: initializing netlink socket (disabled)
[    1.626314] type=2000 audit(1450182459.624:1): initialized
[    1.886779] HugeTLB registered 2 MB page size, pre-allocated 0 pages
[    1.967404] VFS: Disk quotas dquot_6.5.2
[    1.969477] Dquot-cache hash table entries: 512 (order 0, 4096 bytes)
[    1.998426] fuse init (API version 7.17)
[    2.006399] msgmni has been set to 84
[    2.054639] Block layer SCSI generic (bsg) driver version 0.4 loaded (major 253)
[    2.056086] io scheduler noop registered
[    2.057909] io scheduler deadline registered (default)
[    2.059025] io scheduler cfq registered
[    2.062513] pci_hotplug: PCI Hot Plug PCI Core version: 0.5
[    2.064761] pciehp: PCI Express Hot Plug Controller Driver version: 0.4
[    2.070719] input: Power Button as /devices/LNXSYSTM:00/LNXPWRBN:00/input/input0
[    2.072208] ACPI: Power Button [PWRF]
[    2.122618] ERST: Table is not found!
[    2.123147] GHES: HEST is not enabled!
[    2.136165] ACPI: PCI Interrupt Link [LNKC] enabled at IRQ 10
[    2.137622] virtio-pci 0000:00:03.0: PCI INT A -&gt; Link[LNKC] -&gt; GSI 10 (level, high) -&gt; IRQ 10
[    2.140248] virtio-pci 0000:00:04.0: PCI INT A -&gt; Link[LNKD] -&gt; GSI 11 (level, high) -&gt; IRQ 11
[    2.150867] ACPI: PCI Interrupt Link [LNKA] enabled at IRQ 10
[    2.151601] virtio-pci 0000:00:05.0: PCI INT A -&gt; Link[LNKA] -&gt; GSI 10 (level, high) -&gt; IRQ 10
[    2.162799] Serial: 8250/16550 driver, 32 ports, IRQ sharing enabled
[    2.201228] serial8250: ttyS0 at I/O 0x3f8 (irq = 4) is a 16550A
[    2.284222] serial8250: ttyS1 at I/O 0x2f8 (irq = 3) is a 16550A
[    2.414336] 00:05: ttyS0 at I/O 0x3f8 (irq = 4) is a 16550A
[    2.497372] 00:06: ttyS1 at I/O 0x2f8 (irq = 3) is a 16550A
[    2.550722] Linux agpgart interface v0.103
[    2.594197] Refined TSC clocksource calibration: 2294.463 MHz.
[    2.595011] Switching to clocksource tsc
[    2.624749] brd: module loaded
[    2.655250] loop: module loaded
[    2.722326]  vda: unknown partition table
[    2.773372] scsi0 : ata_piix
[    2.781143] scsi1 : ata_piix
[    2.782586] ata1: PATA max MWDMA2 cmd 0x1f0 ctl 0x3f6 bmdma 0xc0a0 irq 14
[    2.783414] ata2: PATA max MWDMA2 cmd 0x170 ctl 0x376 bmdma 0xc0a8 irq 15
[    2.795895] Fixed MDIO Bus: probed
[    2.797785] tun: Universal TUN/TAP device driver, 1.6
[    2.798381] tun: (C) 1999-2004 Max Krasnyansky &lt;maxk@qualcomm.com&gt;
[    2.811932] PPP generic driver version 2.4.2
[    2.838393] ehci_hcd: USB 2.0 'Enhanced' Host Controller (EHCI) Driver
[    2.839457] ohci_hcd: USB 1.1 'Open' Host Controller (OHCI) Driver
[    2.841800] uhci_hcd: USB Universal Host Controller Interface driver
[    2.842968] uhci_hcd 0000:00:01.2: PCI INT D -&gt; Link[LNKD] -&gt; GSI 11 (level, high) -&gt; IRQ 11
[    2.846894] uhci_hcd 0000:00:01.2: UHCI Host Controller
[    2.861355] uhci_hcd 0000:00:01.2: new USB bus registered, assigned bus number 1
[    2.863164] uhci_hcd 0000:00:01.2: irq 11, io base 0x0000c040
[    2.889979] hub 1-0:1.0: USB hub found
[    2.891949] hub 1-0:1.0: 2 ports detected
[    2.899978] usbcore: registered new interface driver libusual
[    2.903314] i8042: PNP: PS/2 Controller [PNP0303:KBD,PNP0f13:MOU] at 0x60,0x64 irq 1,12
[    2.910648] serio: i8042 KBD port at 0x60,0x64 irq 1
[    2.912740] serio: i8042 AUX port at 0x60,0x64 irq 12
[    2.950890] mousedev: PS/2 mouse device common for all mice
[    2.963532] input: AT Translated Set 2 keyboard as /devices/platform/i8042/serio0/input/input1
[    2.970977] rtc_cmos 00:01: RTC can wake from S4
[    3.001289] rtc_cmos 00:01: rtc core: registered rtc_cmos as rtc0
[    3.006208] rtc0: alarms up to one day, 114 bytes nvram, hpet irqs
[    3.009335] device-mapper: uevent: version 1.0.3
[    3.023081] ata2.01: ATAPI: QEMU DVD-ROM, 2.0.0, max UDMA/100
[    3.038809] ata2.01: configured for MWDMA2
[    3.046365] device-mapper: ioctl: 4.22.0-ioctl (2011-10-19) initialised: dm-devel@redhat.com
[    3.049992] cpuidle: using governor ladder
[    3.050432] cpuidle: using governor menu
[    3.051998] EFI Variables Facility v0.08 2004-May-17
[    3.061859] TCP cubic registered
[    3.065778] NET: Registered protocol family 10
[    3.101267] NET: Registered protocol family 17
[    3.102527] Registering the dns_resolver key type
[    3.147986] scsi 1:0:1:0: CD-ROM            QEMU     QEMU DVD-ROM     2.0. PQ: 0 ANSI: 5
[    3.174535] sr0: scsi3-mmc drive: 4x/4x cd/rw xa/form2 tray
[    3.175792] cdrom: Uniform CD-ROM driver Revision: 3.20
[    3.191941] sr 1:0:1:0: Attached scsi generic sg0 type 5
[    3.230725] registered taskstats version 1
[    3.317152] Freeing initrd memory: 3656k freed
[    3.789827]   Magic number: 11:362:481
[    3.797746] ata_device dev1.0: hash matches
[    3.799190]  dev1.0: hash matches
[    3.804614] rtc_cmos 00:01: setting system clock to 2015-12-15 12:27:42 UTC (1450182462)
[    3.806645] powernow-k8: Processor cpuid 663 not supported
[    3.812775] BIOS EDD facility v0.16 2004-Jun-25, 0 devices found
[    3.814450] EDD information not available.
[    3.883557] Freeing unused kernel memory: 928k freed
[    3.889021] Write protecting the kernel read-only data: 12288k
[    4.011384] Freeing unused kernel memory: 1596k freed
[    4.105453] Freeing unused kernel memory: 1184k freed

info: initramfs: up at 4.29
modprobe: module virtio_blk not found in modules.dep
modprobe: module virtio_net not found in modules.dep
info: copying initramfs to /dev/vda
info: initramfs loading root from /dev/vda
info: /etc/init.d/rc.sysinit: up at 9.06
info: container: none
Starting logging: OK
modprobe: module virtio_blk not found in modules.dep
modprobe: module virtio_net not found in modules.dep
WARN: /etc/rc3.d/S10-load-modules failed
Initializing random number generator... done.
Starting acpid: OK
cirros-ds 'local' up at 11.49
found datasource (configdrive, local)
Starting network...
udhcpc (v1.20.1) started
Sending discover...
Sending discover...
Sending discover...
Usage: /sbin/cirros-dhcpc &lt;up|down&gt;
No lease, failing
WARN: /etc/rc3.d/S40-network failed
Starting dropbear sshd: generating rsa key... generating dsa key... OK
no userdata for datasource
=== system information ===
Platform: OpenStack Foundation OpenStack Nova
Container: none
Arch: x86_64
CPU(s): 1 @ 2294.451 MHz
Cores/Sockets/Threads: 1/1/1
Virt-type: AMD-V
RAM Size: 49MB
Disks:
NAME MAJ:MIN     SIZE LABEL         MOUNTPOINT
vda  253:0   25165824 cirros-rootfs /
sr0   11:0     428032 config-2      
=== sshd host keys ===
-----BEGIN SSH HOST KEY KEYS-----
ssh-rsa AAAAB3NzaC1yc2EAAAADAQABAAAAgwCGmlucY6drmkb7Ys9NzSKz0d/R5o6NFIQuNR3wa0rrEoagMzXJ1yRsCKeM3GNO51y3VtMPcI/6eZwgeJPjPnY5Lyk9tVFL+c4RFOr/BGoumqaiQbfO+SpNmrDlK0dSwCm24ty03sGBA4WedCmdcTfYI5D8iiGZhtzuhiwKOi44eTUL root@tempest
ssh-dss AAAAB3NzaC1kc3MAAACBAPHgFuF9v5WFYDeV60RMmj2kXG3KAEZEoyMb28Rc2tMKMvY6YkhBgOL7sydndFUK3VDyghW0MPZqj1v+HQzWkXiMlk/paC7HCiMQw4qfNL3vEg/2JKM34vemWoS/kM9gf1jzU2whVn01LdPnCIMyd9yBeNtWoZcDob4tyMLFGXp3AAAAFQDrbkvjJKxQwWXGohhOkMy6IU7FhwAAAIEA24Kmr22D6qRW0woiXE8419Z5nA3Q7T4RjrPGmSSJunCcZvSQyKjOp8A4BI0PGFHQmip5xt08TcM3t6QgIXf8SK0bWgDcm2D359/jGTC0kv+dDVCy66iC5cm66pSntyQJoTlFXy2jOOq9BaYFKIzngELfQw6Rd1I2P153e8gSLKcAAACALdYf8qd3Cm2SqYmvVlkqJWcJx97QXBxPrYCj+00HSrH1vBbvtrNfyFYy2vE4DZUcqK2iLNTQGqQgJPGNNimqXppLMnSen6qCSVjxfjVUKALz6FT2liqGptuerxTmDmKml6OQO1+cIerRT9pfbMYwxjxU2t6lireKaopUxPZiyAo= root@tempest
-----END SSH HOST KEY KEYS-----
=== network info ===
if-info: lo,up,127.0.0.1,8,::1
if-info: eth0,up,,8,fe80::f816:3eff:fedd:cc98
=== datasource: configdrive local ===
instance-id: 231efe52-70b2-4e6b-af7b-7296cc154b9e
name: tempest.common.compute-instance-2075103028
availability-zone: nova
local-hostname: tempest.common.compute-instance-2075103028.novalocal
launch-index: 0
=== cirros: current=0.3.4 uptime=201.98 ===
route: fscanf
=== pinging gateway failed, debugging connection ===
############ debug start ##############
### /etc/init.d/sshd start
Starting dropbear sshd: OK
route: fscanf
### ifconfig -a
eth0      Link encap:Ethernet  HWaddr FA:16:3E:DD:CC:98  
          inet6 addr: fe80::f816:3eff:fedd:cc98/64 Scope:Link
          UP BROADCAST RUNNING MULTICAST  MTU:1500  Metric:1
          RX packets:12 errors:0 dropped:5 overruns:0 frame:0
          TX packets:8 errors:0 dropped:0 overruns:0 carrier:0
          collisions:0 txqueuelen:1000 
          RX bytes:1303 (1.2 KiB)  TX bytes:1134 (1.1 KiB)

lo        Link encap:Local Loopback  
          inet addr:127.0.0.1  Mask:255.0.0.0
          inet6 addr: ::1/128 Scope:Host
          UP LOOPBACK RUNNING  MTU:16436  Metric:1
          RX packets:12 errors:0 dropped:0 overruns:0 frame:0
          TX packets:12 errors:0 dropped:0 overruns:0 carrier:0
          collisions:0 txqueuelen:0 
          RX bytes:1020 (1020.0 B)  TX bytes:1020 (1020.0 B)

### route -n
Kernel IP routing table
Destination     Gateway         Genmask         Flags Metric Ref    Use Iface
route: fscanf
### cat /etc/resolv.conf
cat: can't open '/etc/resolv.conf': No such file or directory
### gateway not found
/sbin/cirros-status: line 1: can't open /etc/resolv.conf: no such file
### pinging nameservers
### uname -a
Linux tempest 3.2.0-80-virtual #116-Ubuntu SMP Mon Mar 23 17:28:52 UTC 2015 x86_64 GNU/Linux
### lsmod
Module                  Size  Used by    Not tainted
nls_iso8859_1          12713  0 
nls_cp437              16991  0 
vfat                   17585  0 
fat                    61512  1 vfat
isofs                  40259  0 
ip_tables              27473  0 
x_tables               29891  1 ip_tables
pcnet32                42119  0 
8139cp                 27360  0 
ne2k_pci               13691  0 
8390                   18856  1 ne2k_pci
e1000                 108589  0 
acpiphp                24231  0 
### dmesg | tail
[    5.112549] EXT3-fs (vda): mounted filesystem with ordered data mode
[    5.409848] ISO 9660 Extensions: Microsoft Joliet Level 3
[    5.493763] ISO 9660 Extensions: RRIP_1991A
[    5.741298] kjournald starting.  Commit interval 5 seconds
[    5.754571] EXT3-fs (vda): using internal journal
[    5.754662] EXT3-fs (vda): mounted filesystem with ordered data mode
[    9.108838] EXT3-fs (vda): using internal journal
[   12.258630] ISO 9660 Extensions: Microsoft Joliet Level 3
[   12.349601] ISO 9660 Extensions: RRIP_1991A
[   26.855983] eth0: no IPv6 routers present
### tail -n 25 /var/log/messages
Dec 15 12:27:49 cirros kern.info kernel: [    4.580113] acpiphp: Slot [26] registered
Dec 15 12:27:49 cirros kern.info kernel: [    4.581186] acpiphp: Slot [27] registered
Dec 15 12:27:49 cirros kern.info kernel: [    4.581752] acpiphp: Slot [28] registered
Dec 15 12:27:49 cirros kern.info kernel: [    4.582121] acpiphp: Slot [29] registered
Dec 15 12:27:49 cirros kern.info kernel: [    4.582445] acpiphp: Slot [30] registered
Dec 15 12:27:49 cirros kern.info kernel: [    4.582786] acpiphp: Slot [31] registered
Dec 15 12:27:49 cirros kern.info kernel: [    4.645697] e1000: Intel(R) PRO/1000 Network Driver - version 7.3.21-k8-NAPI
Dec 15 12:27:49 cirros kern.info kernel: [    4.645746] e1000: Copyright (c) 1999-2006 Intel Corporation.
Dec 15 12:27:49 cirros kern.info kernel: [    4.685604] ne2k-pci.c:v1.03 9/22/2003 D. Becker/P. Gortmaker
Dec 15 12:27:49 cirros kern.info kernel: [    4.729197] 8139cp: 8139cp: 10/100 PCI Ethernet driver v1.3 (Mar 22, 2004)
Dec 15 12:27:49 cirros kern.info kernel: [    4.768177] pcnet32: pcnet32.c:v1.35 21.Apr.2008 tsbogend@alpha.franken.de
Dec 15 12:27:49 cirros kern.info kernel: [    4.839631] ip_tables: (C) 2000-2006 Netfilter Core Team
Dec 15 12:27:49 cirros kern.info kernel: [    5.107205] kjournald starting.  Commit interval 5 seconds
Dec 15 12:27:49 cirros kern.info kernel: [    5.112549] EXT3-fs (vda): mounted filesystem with ordered data mode
Dec 15 12:27:49 cirros kern.debug kernel: [    5.409848] ISO 9660 Extensions: Microsoft Joliet Level 3
Dec 15 12:27:49 cirros kern.debug kernel: [    5.493763] ISO 9660 Extensions: RRIP_1991A
Dec 15 12:27:49 cirros kern.info kernel: [    5.741298] kjournald starting.  Commit interval 5 seconds
Dec 15 12:27:49 cirros kern.info kernel: [    5.754571] EXT3-fs (vda): using internal journal
Dec 15 12:27:49 cirros kern.info kernel: [    5.754662] EXT3-fs (vda): mounted filesystem with ordered data mode
Dec 15 12:27:49 cirros kern.info kernel: [    9.108838] EXT3-fs (vda): using internal journal
Dec 15 12:27:50 cirros kern.debug kernel: [   12.258630] ISO 9660 Extensions: Microsoft Joliet Level 3
Dec 15 12:27:51 cirros kern.debug kernel: [   12.349601] ISO 9660 Extensions: RRIP_1991A
Dec 15 12:27:54 cirros auth.notice su: + /dev/console root:cirros
Dec 15 12:28:05 cirros kern.debug kernel: [   26.855983] eth0: no IPv6 routers present
Dec 15 12:30:58 cirros authpriv.info dropbear[283]: Running in background
############ debug end   ##############
  ____               ____  ____
 / __/ __ ____ ____ / __ \/ __/
/ /__ / // __// __// /_/ /\ \ 
\___//_//_/  /_/   \____/___/ 
   http://cirros-cloud.net


login as 'cirros' user. default password: 'cubswin:)'. use 'sudo' for root.
tempest login: 
2015-12-15 12:31:10,948 24432 INFO     [tempest_lib.common.rest_client] Request (TestGettingAddress:_run_cleanups): 204 DELETE http://10.0.2.15:9696/v2.0/floatingips/35ed03a8-8f80-44ba-ab36-0f3ca0e1b365 0.207s
2015-12-15 12:31:10,949 24432 DEBUG    [tempest_lib.common.rest_client] Request - Headers: {'Content-Type': 'application/json', 'Accept': 'application/json', 'X-Auth-Token': '&lt;omitted&gt;'}
        Body: None
    Response - Headers: {'date': 'Tue, 15 Dec 2015 12:31:10 GMT', 'status': '204', 'connection': 'close', 'content-length': '0', 'x-openstack-request-id': 'req-119bebbf-ff0e-4c0b-ab1f-c15564ea2dc0'}
        Body: 
2015-12-15 12:31:11,288 24432 INFO     [tempest_lib.common.rest_client] Request (TestGettingAddress:_run_cleanups): 204 DELETE http://10.0.2.15:8774/v2.1/7375f38005b349f1b091509449953ac0/servers/231efe52-70b2-4e6b-af7b-7296cc154b9e 0.338s
2015-12-15 12:31:11,289 24432 DEBUG    [tempest_lib.common.rest_client] Request - Headers: {'Content-Type': 'application/json', 'Accept': 'application/json', 'X-Auth-Token': '&lt;omitted&gt;'}
        Body: None
    Response - Headers: {'status': '204', 'content-length': '0', 'x-compute-request-id': 'req-259a2dfd-1aa5-49c4-89e3-63b12d75fa26', 'vary': 'X-OpenStack-Nova-API-Version', 'connection': 'close', 'x-openstack-nova-api-version': '2.1', 'date': 'Tue, 15 Dec 2015 12:31:11 GMT', 'content-type': 'application/json'}
        Body: 
2015-12-15 12:31:11,520 24432 INFO     [tempest_lib.common.rest_client] Request (TestGettingAddress:_run_cleanups): 200 GET http://10.0.2.15:8774/v2.1/7375f38005b349f1b091509449953ac0/servers/231efe52-70b2-4e6b-af7b-7296cc154b9e 0.230s
2015-12-15 12:31:11,521 24432 DEBUG    [tempest_lib.common.rest_client] Request - Headers: {'Content-Type': 'application/json', 'Accept': 'application/json', 'X-Auth-Token': '&lt;omitted&gt;'}
        Body: None
    Response - Headers: {'status': '200', 'content-length': '1903', 'content-location': 'http://10.0.2.15:8774/v2.1/7375f38005b349f1b091509449953ac0/servers/231efe52-70b2-4e6b-af7b-7296cc154b9e', 'x-compute-request-id': 'req-b890f17e-ca0d-4b01-bdf6-0b5d566d83b5', 'vary': 'X-OpenStack-Nova-API-Version', 'connection': 'close', 'x-openstack-nova-api-version': '2.1', 'date': 'Tue, 15 Dec 2015 12:31:11 GMT', 'content-type': 'application/json'}
        Body: {"server": {"status": "ACTIVE", "updated": "2015-12-15T12:31:11Z", "hostId": "cf356224cb11bf1ae429a8ca15513dab6d5941a4543b0c4f24964ece", "addresses": {"tempest-network-smoke--1991679263": [{"OS-EXT-IPS-MAC:mac_addr": "fa:16:3e:dd:cc:98", "version": 6, "addr": "2003::f816:3eff:fedd:cc98", "OS-EXT-IPS:type": "fixed"}, {"OS-EXT-IPS-MAC:mac_addr": "fa:16:3e:dd:cc:98", "version": 4, "addr": "10.100.0.3", "OS-EXT-IPS:type": "fixed"}, {"OS-EXT-IPS-MAC:mac_addr": "fa:16:3e:dd:cc:98", "version": 4, "addr": "172.24.4.4", "OS-EXT-IPS:type": "floating"}]}, "links": [{"href": "http://10.0.2.15:8774/v2.1/7375f38005b349f1b091509449953ac0/servers/231efe52-70b2-4e6b-af7b-7296cc154b9e", "rel": "self"}, {"href": "http://10.0.2.15:8774/7375f38005b349f1b091509449953ac0/servers/231efe52-70b2-4e6b-af7b-7296cc154b9e", "rel": "bookmark"}], "key_name": "tempest-TestGettingAddress-771069517", "image": {"id": "b6a2fb0e-d6eb-4b3b-9a33-9c0e39da84d5", "links": [{"href": "http://10.0.2.15:8774/7375f38005b349f1b091509449953ac0/images/b6a2fb0e-d6eb-4b3b-9a33-9c0e39da84d5", "rel": "bookmark"}]}, "OS-EXT-STS:task_state": "deleting", "OS-EXT-STS:vm_state": "active", "OS-SRV-USG:launched_at": "2015-12-15T12:27:35.000000", "flavor": {"id": "42", "links": [{"href": "http://10.0.2.15:8774/7375f38005b349f1b091509449953ac0/flavors/42", "rel": "bookmark"}]}, "id": "231efe52-70b2-4e6b-af7b-7296cc154b9e", "security_groups": [{"name": "tempest-secgroup-smoke-214164621"}], "OS-SRV-USG:terminated_at": null, "OS-EXT-AZ:availability_zone": "nova", "user_id": "9459405df74b4453820fdd5b0e69f8a4", "name": "tempest.common.compute-instance-2075103028", "created": "2015-12-15T12:27:32Z", "tenant_id": "7375f38005b349f1b091509449953ac0", "OS-DCF:diskConfig": "MANUAL", "os-extended-volumes:volumes_attached": [], "accessIPv4": "", "accessIPv6": "", "progress": 0, "OS-EXT-STS:power_state": 1, "config_drive": "True", "metadata": {}}}
2015-12-15 12:31:12,669 24432 INFO     [tempest_lib.common.rest_client] Request (TestGettingAddress:_run_cleanups): 200 GET http://10.0.2.15:8774/v2.1/7375f38005b349f1b091509449953ac0/servers/231efe52-70b2-4e6b-af7b-7296cc154b9e 0.131s
2015-12-15 12:31:12,669 24432 DEBUG    [tempest_lib.common.rest_client] Request - Headers: {'Content-Type': 'application/json', 'Accept': 'application/json', 'X-Auth-Token': '&lt;omitted&gt;'}
        Body: None
    Response - Headers: {'status': '200', 'content-length': '1836', 'content-location': 'http://10.0.2.15:8774/v2.1/7375f38005b349f1b091509449953ac0/servers/231efe52-70b2-4e6b-af7b-7296cc154b9e', 'x-compute-request-id': 'req-da347aeb-0434-4c8a-80f4-3f4043938c6c', 'vary': 'X-OpenStack-Nova-API-Version', 'connection': 'close', 'x-openstack-nova-api-version': '2.1', 'date': 'Tue, 15 Dec 2015 12:31:12 GMT', 'content-type': 'application/json'}
        Body: {"server": {"status": "ACTIVE", "updated": "2015-12-15T12:31:12Z", "hostId": "cf356224cb11bf1ae429a8ca15513dab6d5941a4543b0c4f24964ece", "addresses": {"tempest-network-smoke--1991679263": [{"OS-EXT-IPS-MAC:mac_addr": "fa:16:3e:dd:cc:98", "version": 6, "addr": "2003::f816:3eff:fedd:cc98", "OS-EXT-IPS:type": "fixed"}, {"OS-EXT-IPS-MAC:mac_addr": "fa:16:3e:dd:cc:98", "version": 4, "addr": "10.100.0.3", "OS-EXT-IPS:type": "fixed"}, {"OS-EXT-IPS-MAC:mac_addr": "fa:16:3e:dd:cc:98", "version": 4, "addr": "172.24.4.4", "OS-EXT-IPS:type": "floating"}]}, "links": [{"href": "http://10.0.2.15:8774/v2.1/7375f38005b349f1b091509449953ac0/servers/231efe52-70b2-4e6b-af7b-7296cc154b9e", "rel": "self"}, {"href": "http://10.0.2.15:8774/7375f38005b349f1b091509449953ac0/servers/231efe52-70b2-4e6b-af7b-7296cc154b9e", "rel": "bookmark"}], "key_name": "tempest-TestGettingAddress-771069517", "image": {"id": "b6a2fb0e-d6eb-4b3b-9a33-9c0e39da84d5", "links": [{"href": "http://10.0.2.15:8774/7375f38005b349f1b091509449953ac0/images/b6a2fb0e-d6eb-4b3b-9a33-9c0e39da84d5", "rel": "bookmark"}]}, "OS-EXT-STS:task_state": "deleting", "OS-EXT-STS:vm_state": "active", "OS-SRV-USG:launched_at": "2015-12-15T12:27:35.000000", "flavor": {"id": "42", "links": [{"href": "http://10.0.2.15:8774/7375f38005b349f1b091509449953ac0/flavors/42", "rel": "bookmark"}]}, "id": "231efe52-70b2-4e6b-af7b-7296cc154b9e", "OS-SRV-USG:terminated_at": null, "OS-EXT-AZ:availability_zone": "nova", "user_id": "9459405df74b4453820fdd5b0e69f8a4", "name": "tempest.common.compute-instance-2075103028", "created": "2015-12-15T12:27:32Z", "tenant_id": "7375f38005b349f1b091509449953ac0", "OS-DCF:diskConfig": "MANUAL", "os-extended-volumes:volumes_attached": [], "accessIPv4": "", "accessIPv6": "", "progress": 0, "OS-EXT-STS:power_state": 1, "config_drive": "True", "metadata": {}}}
2015-12-15 12:31:13,763 24432 INFO     [tempest_lib.common.rest_client] Request (TestGettingAddress:_run_cleanups): 404 GET http://10.0.2.15:8774/v2.1/7375f38005b349f1b091509449953ac0/servers/231efe52-70b2-4e6b-af7b-7296cc154b9e 0.083s
2015-12-15 12:31:13,764 24432 DEBUG    [tempest_lib.common.rest_client] Request - Headers: {'Content-Type': 'application/json', 'Accept': 'application/json', 'X-Auth-Token': '&lt;omitted&gt;'}
        Body: None
    Response - Headers: {'status': '404', 'content-length': '111', 'x-compute-request-id': 'req-23be833e-ba21-4986-9a1e-b892badfce12', 'vary': 'X-OpenStack-Nova-API-Version', 'connection': 'close', 'x-openstack-nova-api-version': '2.1', 'date': 'Tue, 15 Dec 2015 12:31:13 GMT', 'content-type': 'application/json; charset=UTF-8'}
        Body: {"itemNotFound": {"message": "Instance 231efe52-70b2-4e6b-af7b-7296cc154b9e could not be found.", "code": 404}}
2015-12-15 12:31:14,133 24432 INFO     [tempest_lib.common.rest_client] Request (TestGettingAddress:_run_cleanups): 200 PUT http://10.0.2.15:9696/v2.0/routers/6387267b-7641-4703-812c-ac678ba480f3/remove_router_interface 0.368s
2015-12-15 12:31:14,134 24432 DEBUG    [tempest_lib.common.rest_client] Request - Headers: {'Content-Type': 'application/json', 'Accept': 'application/json', 'X-Auth-Token': '&lt;omitted&gt;'}
        Body: {"subnet_id": "51bda333-3ee9-408b-9343-2bc07ae0a87c"}
    Response - Headers: {'status': '200', 'content-length': '255', 'connection': 'close', 'date': 'Tue, 15 Dec 2015 12:31:14 GMT', 'content-type': 'application/json; charset=UTF-8', 'x-openstack-request-id': 'req-493f9ca3-3529-4564-8c19-4f4dfc9cc30a'}
        Body: {"subnet_id": "51bda333-3ee9-408b-9343-2bc07ae0a87c", "tenant_id": "7375f38005b349f1b091509449953ac0", "subnet_ids": ["51bda333-3ee9-408b-9343-2bc07ae0a87c"], "port_id": "c86a24ad-475b-4bcd-bc07-fecc189ce2cf", "id": "6387267b-7641-4703-812c-ac678ba480f3"}
2015-12-15 12:31:14,555 24432 INFO     [tempest_lib.common.rest_client] Request (TestGettingAddress:_run_cleanups): 204 DELETE http://10.0.2.15:9696/v2.0/subnets/51bda333-3ee9-408b-9343-2bc07ae0a87c 0.420s
2015-12-15 12:31:14,556 24432 DEBUG    [tempest_lib.common.rest_client] Request - Headers: {'Content-Type': 'application/json', 'Accept': 'application/json', 'X-Auth-Token': '&lt;omitted&gt;'}
        Body: None
    Response - Headers: {'date': 'Tue, 15 Dec 2015 12:31:14 GMT', 'status': '204', 'connection': 'close', 'content-length': '0', 'x-openstack-request-id': 'req-cbb66fba-b26f-4dff-a21d-7dfbe15ef502'}
        Body: 
2015-12-15 12:31:14,608 24432 INFO     [tempest_lib.common.rest_client] Request (TestGettingAddress:_run_cleanups): 404 DELETE http://10.0.2.15:9696/v2.0/subnets/51bda333-3ee9-408b-9343-2bc07ae0a87c 0.052s
2015-12-15 12:31:14,609 24432 DEBUG    [tempest_lib.common.rest_client] Request - Headers: {'Content-Type': 'application/json', 'Accept': 'application/json', 'X-Auth-Token': '&lt;omitted&gt;'}
        Body: None
    Response - Headers: {'status': '404', 'content-length': '135', 'connection': 'close', 'date': 'Tue, 15 Dec 2015 12:31:14 GMT', 'content-type': 'application/json; charset=UTF-8', 'x-openstack-request-id': 'req-dc66d0f9-bd24-4d07-8049-e39f85b68ad8'}
        Body: {"NeutronError": {"message": "Subnet 51bda333-3ee9-408b-9343-2bc07ae0a87c could not be found", "type": "SubnetNotFound", "detail": ""}}
