<?xml version="1.0" encoding="UTF-8"?>
<!DOCTYPE html PUBLIC "-//W3C//DTD XHTML 1.0 Strict//EN"
     "http://www.w3.org/TR/xhtml1/DTD/xhtml1-strict.dtd">
<html xmlns="http://www.w3.org/1999/xhtml">
<head>
    <title>Unit Test Report</title>
    <meta name="generator" content="subunit2html 0.1"/>
    <meta http-equiv="Content-Type" content="text/html; charset=UTF-8"/>
    
<style type="text/css" media="screen">
body        { font-family: verdana, arial, helvetica, sans-serif;
    font-size: 80%; }
table       { font-size: 100%; width: 100%;}
pre         { font-size: 80%; }

/* -- heading -------------------------------------------------------------- */
h1 {
        font-size: 16pt;
        color: gray;
}
.heading {
    margin-top: 0ex;
    margin-bottom: 1ex;
}

.heading .attribute {
    margin-top: 1ex;
    margin-bottom: 0;
}

.heading .description {
    margin-top: 4ex;
    margin-bottom: 6ex;
}

/* -- css div popup -------------------------------------------------------- */
a.popup_link {
}

a.popup_link:hover {
    color: red;
}

.popup_window {
    display: none;
    overflow-x: scroll;
    /*border: solid #627173 1px; */
    padding: 10px;
    background-color: #E6E6D6;
    font-family: "Ubuntu Mono", "Lucida Console", "Courier New", monospace;
    text-align: left;
    font-size: 8pt;
}

}
/* -- report --------------------------------------------------------------- */
#show_detail_line {
    margin-top: 3ex;
    margin-bottom: 1ex;
}
#result_table {
    width: 100%;
    border-collapse: collapse;
    border: 1px solid #777;
}
#header_row {
    font-weight: bold;
    color: white;
    background-color: #777;
}
#result_table td {
    border: 1px solid #777;
    padding: 2px;
}
#total_row  { font-weight: bold; }
.passClass  { background-color: #6c6; }
.failClass  { background-color: #c60; }
.errorClass { background-color: #c00; }
.passCase   { color: #6c6; }
.failCase   { color: #c60; font-weight: bold; }
.errorCase  { color: #c00; font-weight: bold; }
.hiddenRow  { display: none; }
.testcase   { margin-left: 2em; }
td.testname {width: 40%}
td.small {width: 40px}

/* -- ending --------------------------------------------------------------- */
#ending {
}

</style>

</head>
<body>
<script language="javascript" type="text/javascript"><!--
output_list = Array();

/* level - 0:Summary; 1:Failed; 2:All */
function showCase(level) {
    trs = document.getElementsByTagName("tr");
    for (var i = 0; i < trs.length; i++) {
        tr = trs[i];
        id = tr.id;
        if (id.substr(0,2) == 'ft') {
            if (level < 1) {
                tr.className = 'hiddenRow';
            }
            else {
                tr.className = '';
            }
        }
        if (id.substr(0,2) == 'pt') {
            if (level > 1) {
                tr.className = '';
            }
            else {
                tr.className = 'hiddenRow';
            }
        }
    }
}


function showClassDetail(cid, count) {
    var id_list = Array(count);
    var toHide = 1;
    for (var i = 0; i < count; i++) {
        tid0 = 't' + cid.substr(1) + '.' + (i+1);
        tid = 'f' + tid0;
        tr = document.getElementById(tid);
        if (!tr) {
            tid = 'p' + tid0;
            tr = document.getElementById(tid);
        }
        id_list[i] = tid;
        if (tr.className) {
            toHide = 0;
        }
    }
    for (var i = 0; i < count; i++) {
        tid = id_list[i];
        if (toHide) {
            document.getElementById('div_'+tid).style.display = 'none'
            document.getElementById(tid).className = 'hiddenRow';
        }
        else {
            document.getElementById(tid).className = '';
        }
    }
}


function showTestDetail(div_id){
    var details_div = document.getElementById(div_id)
    var displayState = details_div.style.display
    // alert(displayState)
    if (displayState != 'block' ) {
        displayState = 'block'
        details_div.style.display = 'block'
    }
    else {
        details_div.style.display = 'none'
    }
}


function html_escape(s) {
    s = s.replace(/&/g,'&amp;');
    s = s.replace(/</g,'&lt;');
    s = s.replace(/>/g,'&gt;');
    return s;
}

/* obsoleted by detail in <div>
function showOutput(id, name) {
    var w = window.open("", //url
                    name,
                    "resizable,scrollbars,status,width=800,height=450");
    d = w.document;
    d.write("<pre>");
    d.write(html_escape(output_list[id]));
    d.write("\n");
    d.write("<a href='javascript:window.close()'>close</a>\n");
    d.write("</pre>\n");
    d.close();
}
*/
--></script>

<div class='heading'>
<h1>Unit Test Report</h1>

<p class='attribute'><strong>Status:</strong> Failure 8</p>

<p class='description'></p>
</div>



<p id='show_detail_line'>Show
<a href='javascript:showCase(0)'>Summary</a>
<a href='javascript:showCase(1)'>Failed</a>
<a href='javascript:showCase(2)'>All</a>
</p>
<table id='result_table'>
<colgroup>
<col align='left' />
<col align='right' />
<col align='right' />
<col align='right' />
<col align='right' />
<col align='right' />
<col align='right' />
<col align='right' />
</colgroup>
<tr id='header_row'>
    <td>Test Group/Test case</td>
    <td>Count</td>
    <td>Pass</td>
    <td>Fail</td>
    <td>Error</td>
    <td>Skip</td>
    <td>View</td>
    <td> </td>
</tr>

<tr class='failClass'>
    <td class="testname">tempest.scenario.test_network_v6.TestGettingAddress</td>
    <td class="small">8</td>
    <td class="small">0</td>
    <td class="small">8</td>
    <td class="small">0</td>
    <td class="small">0</td>
    <td class="small"><a href="javascript:showClassDetail('c1',8)"
>Detail</a></td>
    <td> </td>
</tr>

<tr id='ft1.1' class='none'>
    <td class='failCase'><div class='testcase'>test_dhcp6_stateless_from_os[compute,id-d7e1f858-187c-45a6-89c9-bdafde619a9f,network]</div></td>
    <td colspan='7' align='left'>

    <!--css div popup start-->
    <a class="popup_link" onfocus='this.blur();'
    href="javascript:showTestDetail('div_ft1.1')" >
        fail</a>

    <div id='div_ft1.1' class="popup_window">
        <div style='text-align: right; color:red;cursor:pointer'>
        <a onfocus='this.blur();'
onclick="document.getElementById('div_ft1.1').style.display = 'none' " >
           [x]</a>
        </div>
        <pre>
        
ft1.1: tempest.scenario.test_network_v6.TestGettingAddress.test_dhcp6_stateless_from_os[compute,id-d7e1f858-187c-45a6-89c9-bdafde619a9f,network]_StringException: Empty attachments:
  stderr
  stdout

pythonlogging:'': {{{
2015-12-17 09:26:37,539 20936 INFO     [tempest_lib.common.rest_client] Request (TestGettingAddress:setUp): 200 POST http://10.0.2.15:8774/v2.1/91e1fa1509f24e4dabd1d8d100165a39/os-keypairs 0.366s
2015-12-17 09:26:37,539 20936 DEBUG    [tempest_lib.common.rest_client] Request - Headers: {'Content-Type': 'application/json', 'Accept': 'application/json', 'X-Auth-Token': '&lt;omitted&gt;'}
        Body: {"keypair": {"name": "tempest-TestGettingAddress-1844580439"}}
    Response - Headers: {'status': '200', 'content-length': '2324', 'x-compute-request-id': 'req-5bd9555e-2885-4e09-93ff-e6b61472ec55', 'vary': 'X-OpenStack-Nova-API-Version', 'connection': 'close', 'x-openstack-nova-api-version': '2.1', 'date': 'Thu, 17 Dec 2015 09:26:37 GMT', 'content-type': 'application/json'}
        Body: {"keypair": {"public_key": "ssh-rsa AAAAB3NzaC1yc2EAAAADAQABAAABAQC1HE6qv6uM0MdAluD0B74GiRS8YcW0ZUvHpYdDYHZQOgeq8bjDIS3OVmJIvSycpzbCekksfZD3lbjG8YzZIC+NAXNFuDLyrqS8x4XoxPy6PSye8U5Lam1mliqV+GZ3mhc9ZTAW+l5XhHw+G7Ujx9CsQ+YLR6DEHSokstbdgQ9uQaTqfyyx3IXtieAZVI+HvCrRMLCKMtPmmunDNqb+XTzDhEkMm2Jwzy5ltWHyIFqg2IjsSGONyAWRiyjWBLQSpGLq84yla6QHK+8gJnIahnxVnFRznSsrPDNrUzEAc2WiBwxuVKpRE+uAdbhohPCQt8tRy6+cLtXCB8cbFpkUBWm/ Generated-by-Nova", "private_key": "-----BEGIN RSA PRIVATE KEY-----\nMIIEqgIBAAKCAQEAtRxOqr+rjNDHQJbg9Ae+BokUvGHFtGVLx6WHQ2B2UDoHqvG4\nwyEtzlZiSL0snKc2wnpJLH2Q95W4xvGM2SAvjQFzRbgy8q6kvMeF6MT8uj0snvFO\nS2ptZpYqlfhmd5oXPWUwFvpeV4R8Phu1I8fQrEPmC0egxB0qJLLW3YEPbkGk6n8s\nsdyF7YngGVSPh7wq0TCwijLT5prpwzam/l08w4RJDJticM8uZbVh8iBaoNiI7Ehj\njcgFkYso1gS0EqRi6vOMpWukByvvICZyGoZ8VZxUc50rKzwza1MxAHNlogcMblSq\nURPrgHW4aITwkLfLUcuvnC7VwgfHGxaZFAVpvwIDAQABAoIBAQCHMJIoMtrDSjTx\nqa5RelYGWtz3oaQKfHKMnKrTSHYIfMisebMJNQMUOrcyxMNATDE8CjwE0dYcec5r\n8nLIwJW+E48QQ+cD8AlYQTdcAW8FNhTQsB9ZfCAdq4ouWDVkocknMxkqjclOWr7D\nPbuA8e56KFTXpqgCvCJxMm3g+i2ihmjopARK+0uAXIlBAvpyEq0FauSqrZuABWD2\nmiXqOiXSH+7IdKBV9gzZ9NXcjxpQQsrEEViil6rXkAUWToSTyEDZukXPoCTlIMxb\nn+kK3dZvGweml0L+d06cA7jQjNCfv3yUwi+0T0xJ0qdi6dwayKJf/IMHT+sIGYNt\nrrOb7O8BAoIAgQC6l/MStTfZVVvdXKk20zb5R6FeH69yaxF1WYjAptno4L6Dx39j\niTK4GIDLE9R+bUzMMuT3ZkgQLz3PKwaKchROklCdPPiy+afRT9N4uCH95VxRctIP\n+yLO/Uxa5SZKbUtc8yVds+xnmVajDcXuOpDkLHroLpIrvFxbZGuZXPFa7wKCAIEA\n+HpALP+eJrw5g9E+kKa4WzvRf5murY/2S/N67WTeDButhsO7Hh83IshHDWuwFtCN\nT+zGsy1mr5mscQl2LCCEP9/s6WlWvkkkkw1scfBcMq4eJmlq+kCqV3nyIVB7MVQM\nCs6LACK/muFkPKLJu0TA5QHneX+ukd3Kgefjom2FHjECggCBAKpxEgAMuK81YWya\nr5b86EJcQ/KOTtzdIF1pI5mWz4YBhQUqvhpVwJaZC0x1GK1DedsswimarEjcXkFW\ns+rSuenrjOeUQjh6A+kWWbzztVkOoX1kvK0MYYdhqNV+a7Ogki6di4xERbV8Q789\nXYd2x9MlLj/YCn0Y2eRBnmfAllbRAoIAgQCbsq8IA1ysVQGNMc6MgYu/z2nlFP25\n0B27VeRPYQcqeyVu7rMPmuvHpcuwAyyh/yitTmbr26Uen6LIae9ckzuLcttXHyS1\ns8txQdYUR1LehvBpjWD1UxPqIIWyjmXDcTDijK3Y9e0uNdHDlRXnfJuKZHkRTwqq\naFn+sLmZDBt/4QKCAIBcaNPtJLfAJkyHmpbqSl2GHsp0l3SlCxZalMs/3abn8XAg\nheojE+JNYLhvRdETJ1I3RFLN2LM6r0USFxrJiN7QNcOySG0KNdCp8utbNGLRDqz4\nZw30EipX0Fw8nTZWSGEo9sK8EXUKZUot6b6IO2zbF6zDCkpNVWrtEH7gCx4pSQ==\n-----END RSA PRIVATE KEY-----\n", "user_id": "a5eaf28f6c704547ba73d6dda343ed72", "name": "tempest-TestGettingAddress-1844580439", "fingerprint": "3d:d5:60:a9:ee:bb:96:de:2a:d5:92:c0:71:0b:fc:2d"}}
2015-12-17 09:26:37,886 20936 INFO     [tempest_lib.common.rest_client] Request (TestGettingAddress:setUp): 201 POST http://10.0.2.15:9696/v2.0/security-groups 0.342s
2015-12-17 09:26:37,886 20936 DEBUG    [tempest_lib.common.rest_client] Request - Headers: {'Content-Type': 'application/json', 'Accept': 'application/json', 'X-Auth-Token': '&lt;omitted&gt;'}
        Body: {"security_group": {"tenant_id": "91e1fa1509f24e4dabd1d8d100165a39", "description": "tempest-secgroup-smoke-1389375237 description", "name": "tempest-secgroup-smoke-1389375237"}}
    Response - Headers: {'status': '201', 'content-length': '888', 'connection': 'close', 'date': 'Thu, 17 Dec 2015 09:26:37 GMT', 'content-type': 'application/json; charset=UTF-8', 'x-openstack-request-id': 'req-eff15dcb-467d-4f9e-b1e3-43a1938a872d'}
        Body: {"security_group": {"tenant_id": "91e1fa1509f24e4dabd1d8d100165a39", "description": "tempest-secgroup-smoke-1389375237 description", "id": "5fc1505d-ead2-4f4a-9fe7-40ba62a54b48", "security_group_rules": [{"remote_group_id": null, "direction": "egress", "remote_ip_prefix": null, "protocol": null, "ethertype": "IPv4", "tenant_id": "91e1fa1509f24e4dabd1d8d100165a39", "port_range_max": null, "port_range_min": null, "id": "6d29125a-dbc1-4b47-bd10-adc1303a176f", "security_group_id": "5fc1505d-ead2-4f4a-9fe7-40ba62a54b48"}, {"remote_group_id": null, "direction": "egress", "remote_ip_prefix": null, "protocol": null, "ethertype": "IPv6", "tenant_id": "91e1fa1509f24e4dabd1d8d100165a39", "port_range_max": null, "port_range_min": null, "id": "6ba50cea-3432-4fd4-9a78-c7f5efab3e23", "security_group_id": "5fc1505d-ead2-4f4a-9fe7-40ba62a54b48"}], "name": "tempest-secgroup-smoke-1389375237"}}
2015-12-17 09:26:38,014 20936 INFO     [tempest_lib.common.rest_client] Request (TestGettingAddress:setUp): 201 POST http://10.0.2.15:9696/v2.0/security-group-rules 0.125s
2015-12-17 09:26:38,014 20936 DEBUG    [tempest_lib.common.rest_client] Request - Headers: {'Content-Type': 'application/json', 'Accept': 'application/json', 'X-Auth-Token': '&lt;omitted&gt;'}
        Body: {"security_group_rule": {"direction": "ingress", "protocol": "tcp", "tenant_id": "91e1fa1509f24e4dabd1d8d100165a39", "port_range_max": 22, "security_group_id": "5fc1505d-ead2-4f4a-9fe7-40ba62a54b48", "port_range_min": 22}}
    Response - Headers: {'status': '201', 'content-length': '340', 'connection': 'close', 'date': 'Thu, 17 Dec 2015 09:26:38 GMT', 'content-type': 'application/json; charset=UTF-8', 'x-openstack-request-id': 'req-9317a80e-5802-4cad-90a7-0be63523a6f6'}
        Body: {"security_group_rule": {"remote_group_id": null, "direction": "ingress", "remote_ip_prefix": null, "protocol": "tcp", "ethertype": "IPv4", "tenant_id": "91e1fa1509f24e4dabd1d8d100165a39", "port_range_max": 22, "port_range_min": 22, "id": "cac0076d-f1cd-4b66-a596-d66d1fdc390b", "security_group_id": "5fc1505d-ead2-4f4a-9fe7-40ba62a54b48"}}
2015-12-17 09:26:38,253 20936 INFO     [tempest_lib.common.rest_client] Request (TestGettingAddress:setUp): 201 POST http://10.0.2.15:9696/v2.0/security-group-rules 0.237s
2015-12-17 09:26:38,253 20936 DEBUG    [tempest_lib.common.rest_client] Request - Headers: {'Content-Type': 'application/json', 'Accept': 'application/json', 'X-Auth-Token': '&lt;omitted&gt;'}
        Body: {"security_group_rule": {"direction": "egress", "protocol": "tcp", "tenant_id": "91e1fa1509f24e4dabd1d8d100165a39", "port_range_max": 22, "security_group_id": "5fc1505d-ead2-4f4a-9fe7-40ba62a54b48", "port_range_min": 22}}
    Response - Headers: {'status': '201', 'content-length': '339', 'connection': 'close', 'date': 'Thu, 17 Dec 2015 09:26:38 GMT', 'content-type': 'application/json; charset=UTF-8', 'x-openstack-request-id': 'req-5dc239d7-fb7d-4c27-aca5-7ed4f1aa8ed3'}
        Body: {"security_group_rule": {"remote_group_id": null, "direction": "egress", "remote_ip_prefix": null, "protocol": "tcp", "ethertype": "IPv4", "tenant_id": "91e1fa1509f24e4dabd1d8d100165a39", "port_range_max": 22, "port_range_min": 22, "id": "290afa21-b48b-4029-8fb3-400cb0efd8f9", "security_group_id": "5fc1505d-ead2-4f4a-9fe7-40ba62a54b48"}}
2015-12-17 09:26:38,370 20936 INFO     [tempest_lib.common.rest_client] Request (TestGettingAddress:setUp): 201 POST http://10.0.2.15:9696/v2.0/security-group-rules 0.114s
2015-12-17 09:26:38,370 20936 DEBUG    [tempest_lib.common.rest_client] Request - Headers: {'Content-Type': 'application/json', 'Accept': 'application/json', 'X-Auth-Token': '&lt;omitted&gt;'}
        Body: {"security_group_rule": {"tenant_id": "91e1fa1509f24e4dabd1d8d100165a39", "direction": "ingress", "protocol": "icmp", "security_group_id": "5fc1505d-ead2-4f4a-9fe7-40ba62a54b48"}}
    Response - Headers: {'status': '201', 'content-length': '345', 'connection': 'close', 'date': 'Thu, 17 Dec 2015 09:26:38 GMT', 'content-type': 'application/json; charset=UTF-8', 'x-openstack-request-id': 'req-05bdff5e-535d-4e80-aa1c-fa3cb2b82a4b'}
        Body: {"security_group_rule": {"remote_group_id": null, "direction": "ingress", "remote_ip_prefix": null, "protocol": "icmp", "ethertype": "IPv4", "tenant_id": "91e1fa1509f24e4dabd1d8d100165a39", "port_range_max": null, "port_range_min": null, "id": "67a89dc1-53be-4ac1-999a-4cba8f3ffe33", "security_group_id": "5fc1505d-ead2-4f4a-9fe7-40ba62a54b48"}}
2015-12-17 09:26:38,483 20936 INFO     [tempest_lib.common.rest_client] Request (TestGettingAddress:setUp): 201 POST http://10.0.2.15:9696/v2.0/security-group-rules 0.111s
2015-12-17 09:26:38,485 20936 DEBUG    [tempest_lib.common.rest_client] Request - Headers: {'Content-Type': 'application/json', 'Accept': 'application/json', 'X-Auth-Token': '&lt;omitted&gt;'}
        Body: {"security_group_rule": {"tenant_id": "91e1fa1509f24e4dabd1d8d100165a39", "direction": "egress", "protocol": "icmp", "security_group_id": "5fc1505d-ead2-4f4a-9fe7-40ba62a54b48"}}
    Response - Headers: {'status': '201', 'content-length': '344', 'connection': 'close', 'date': 'Thu, 17 Dec 2015 09:26:38 GMT', 'content-type': 'application/json; charset=UTF-8', 'x-openstack-request-id': 'req-4475be94-858a-4a9f-8377-814944e7eb84'}
        Body: {"security_group_rule": {"remote_group_id": null, "direction": "egress", "remote_ip_prefix": null, "protocol": "icmp", "ethertype": "IPv4", "tenant_id": "91e1fa1509f24e4dabd1d8d100165a39", "port_range_max": null, "port_range_min": null, "id": "33d769fd-e342-4f03-985f-306f32118704", "security_group_id": "5fc1505d-ead2-4f4a-9fe7-40ba62a54b48"}}
2015-12-17 09:26:38,603 20936 INFO     [tempest_lib.common.rest_client] Request (TestGettingAddress:setUp): 201 POST http://10.0.2.15:9696/v2.0/security-group-rules 0.117s
2015-12-17 09:26:38,604 20936 DEBUG    [tempest_lib.common.rest_client] Request - Headers: {'Content-Type': 'application/json', 'Accept': 'application/json', 'X-Auth-Token': '&lt;omitted&gt;'}
        Body: {"security_group_rule": {"tenant_id": "91e1fa1509f24e4dabd1d8d100165a39", "direction": "ingress", "security_group_id": "5fc1505d-ead2-4f4a-9fe7-40ba62a54b48", "protocol": "icmp", "ethertype": "IPv6"}}
    Response - Headers: {'status': '201', 'content-length': '345', 'connection': 'close', 'date': 'Thu, 17 Dec 2015 09:26:38 GMT', 'content-type': 'application/json; charset=UTF-8', 'x-openstack-request-id': 'req-95ef9ac1-e37b-4cab-8d22-52b31cd45ba5'}
        Body: {"security_group_rule": {"remote_group_id": null, "direction": "ingress", "remote_ip_prefix": null, "protocol": "icmp", "ethertype": "IPv6", "tenant_id": "91e1fa1509f24e4dabd1d8d100165a39", "port_range_max": null, "port_range_min": null, "id": "656b206a-8a4a-42f9-8784-b24ca7a5ceb5", "security_group_id": "5fc1505d-ead2-4f4a-9fe7-40ba62a54b48"}}
2015-12-17 09:26:38,709 20936 INFO     [tempest_lib.common.rest_client] Request (TestGettingAddress:setUp): 201 POST http://10.0.2.15:9696/v2.0/security-group-rules 0.103s
2015-12-17 09:26:38,709 20936 DEBUG    [tempest_lib.common.rest_client] Request - Headers: {'Content-Type': 'application/json', 'Accept': 'application/json', 'X-Auth-Token': '&lt;omitted&gt;'}
        Body: {"security_group_rule": {"tenant_id": "91e1fa1509f24e4dabd1d8d100165a39", "direction": "egress", "security_group_id": "5fc1505d-ead2-4f4a-9fe7-40ba62a54b48", "protocol": "icmp", "ethertype": "IPv6"}}
    Response - Headers: {'status': '201', 'content-length': '344', 'connection': 'close', 'date': 'Thu, 17 Dec 2015 09:26:38 GMT', 'content-type': 'application/json; charset=UTF-8', 'x-openstack-request-id': 'req-55b86c95-d012-4b94-b464-a653bc4fc136'}
        Body: {"security_group_rule": {"remote_group_id": null, "direction": "egress", "remote_ip_prefix": null, "protocol": "icmp", "ethertype": "IPv6", "tenant_id": "91e1fa1509f24e4dabd1d8d100165a39", "port_range_max": null, "port_range_min": null, "id": "226f6b5c-838b-4527-82eb-c07a62cd87a7", "security_group_id": "5fc1505d-ead2-4f4a-9fe7-40ba62a54b48"}}
2015-12-17 09:26:38,854 20936 INFO     [tempest_lib.common.rest_client] Request (TestGettingAddress:test_dhcp6_stateless_from_os): 201 POST http://10.0.2.15:9696/v2.0/networks 0.143s
2015-12-17 09:26:38,855 20936 DEBUG    [tempest_lib.common.rest_client] Request - Headers: {'Content-Type': 'application/json', 'Accept': 'application/json', 'X-Auth-Token': '&lt;omitted&gt;'}
        Body: {"network": {"tenant_id": "91e1fa1509f24e4dabd1d8d100165a39", "name": "tempest-network-smoke--617815696"}}
    Response - Headers: {'status': '201', 'content-length': '295', 'connection': 'close', 'date': 'Thu, 17 Dec 2015 09:26:38 GMT', 'content-type': 'application/json; charset=UTF-8', 'x-openstack-request-id': 'req-7c8a5e64-23af-4d4f-aa85-b557337b006d'}
        Body: {"network": {"status": "ACTIVE", "subnets": [], "name": "tempest-network-smoke--617815696", "admin_state_up": true, "tenant_id": "91e1fa1509f24e4dabd1d8d100165a39", "mtu": 0, "router:external": false, "shared": false, "port_security_enabled": true, "id": "6db2434b-58d0-4525-bf48-d9b9df0f4a7a"}}
2015-12-17 09:26:39,022 20936 INFO     [tempest_lib.common.rest_client] Request (TestGettingAddress:test_dhcp6_stateless_from_os): 200 GET http://10.0.2.15:9696/v2.0/subnets?tenant_id=91e1fa1509f24e4dabd1d8d100165a39&amp;cidr=10.100.0.0%2F28 0.165s
2015-12-17 09:26:39,023 20936 DEBUG    [tempest_lib.common.rest_client] Request - Headers: {'Content-Type': 'application/json', 'Accept': 'application/json', 'X-Auth-Token': '&lt;omitted&gt;'}
        Body: None
    Response - Headers: {'status': '200', 'content-length': '15', 'content-location': 'http://10.0.2.15:9696/v2.0/subnets?tenant_id=91e1fa1509f24e4dabd1d8d100165a39&amp;cidr=10.100.0.0%2F28', 'connection': 'close', 'date': 'Thu, 17 Dec 2015 09:26:39 GMT', 'content-type': 'application/json; charset=UTF-8', 'x-openstack-request-id': 'req-be357cc6-a3a2-4190-b10b-f287bf36d07a'}
        Body: {"subnets": []}
2015-12-17 09:26:39,301 20936 INFO     [tempest_lib.common.rest_client] Request (TestGettingAddress:test_dhcp6_stateless_from_os): 201 POST http://10.0.2.15:9696/v2.0/subnets 0.277s
2015-12-17 09:26:39,302 20936 DEBUG    [tempest_lib.common.rest_client] Request - Headers: {'Content-Type': 'application/json', 'Accept': 'application/json', 'X-Auth-Token': '&lt;omitted&gt;'}
        Body: {"subnet": {"ip_version": 4, "tenant_id": "91e1fa1509f24e4dabd1d8d100165a39", "cidr": "10.100.0.0/28", "network_id": "6db2434b-58d0-4525-bf48-d9b9df0f4a7a", "name": "tempest-sub4-1698303297"}}
    Response - Headers: {'status': '201', 'content-length': '470', 'connection': 'close', 'date': 'Thu, 17 Dec 2015 09:26:39 GMT', 'content-type': 'application/json; charset=UTF-8', 'x-openstack-request-id': 'req-17371142-fd5c-432a-9c41-aed3cb955261'}
        Body: {"subnet": {"name": "tempest-sub4-1698303297", "enable_dhcp": true, "network_id": "6db2434b-58d0-4525-bf48-d9b9df0f4a7a", "tenant_id": "91e1fa1509f24e4dabd1d8d100165a39", "dns_nameservers": [], "gateway_ip": "10.100.0.1", "ipv6_ra_mode": null, "allocation_pools": [{"start": "10.100.0.2", "end": "10.100.0.14"}], "host_routes": [], "ip_version": 4, "ipv6_address_mode": null, "cidr": "10.100.0.0/28", "id": "b2d59e4a-a735-4cfe-b068-cedea5263055", "subnetpool_id": null}}
2015-12-17 09:26:39,361 20936 INFO     [tempest_lib.common.rest_client] Request (TestGettingAddress:test_dhcp6_stateless_from_os): 201 POST http://10.0.2.15:9696/v2.0/routers 0.057s
2015-12-17 09:26:39,361 20936 DEBUG    [tempest_lib.common.rest_client] Request - Headers: {'Content-Type': 'application/json', 'Accept': 'application/json', 'X-Auth-Token': '&lt;omitted&gt;'}
        Body: {"router": {"tenant_id": "91e1fa1509f24e4dabd1d8d100165a39", "name": "tempest-router-smoke-747861753", "admin_state_up": true}}
    Response - Headers: {'status': '201', 'content-length': '238', 'connection': 'close', 'date': 'Thu, 17 Dec 2015 09:26:39 GMT', 'content-type': 'application/json; charset=UTF-8', 'x-openstack-request-id': 'req-2256920e-f067-4df5-b023-df7d97ebdd68'}
        Body: {"router": {"status": "ACTIVE", "external_gateway_info": null, "name": "tempest-router-smoke-747861753", "admin_state_up": true, "tenant_id": "91e1fa1509f24e4dabd1d8d100165a39", "routes": [], "id": "cda9d1bd-f030-415d-a9e3-b78ac6de3174"}}
2015-12-17 09:26:39,402 20936 INFO     [tempest_lib.common.rest_client] Request (TestGettingAddress:test_dhcp6_stateless_from_os): 200 GET http://10.0.2.15:9696/v2.0/routers/cda9d1bd-f030-415d-a9e3-b78ac6de3174 0.040s
2015-12-17 09:26:39,402 20936 DEBUG    [tempest_lib.common.rest_client] Request - Headers: {'Content-Type': 'application/json', 'Accept': 'application/json', 'X-Auth-Token': '&lt;omitted&gt;'}
        Body: None
    Response - Headers: {'status': '200', 'content-length': '238', 'content-location': 'http://10.0.2.15:9696/v2.0/routers/cda9d1bd-f030-415d-a9e3-b78ac6de3174', 'connection': 'close', 'date': 'Thu, 17 Dec 2015 09:26:39 GMT', 'content-type': 'application/json; charset=UTF-8', 'x-openstack-request-id': 'req-e0a975bb-b853-430c-b908-223d56b719ef'}
        Body: {"router": {"status": "ACTIVE", "external_gateway_info": null, "name": "tempest-router-smoke-747861753", "admin_state_up": true, "tenant_id": "91e1fa1509f24e4dabd1d8d100165a39", "routes": [], "id": "cda9d1bd-f030-415d-a9e3-b78ac6de3174"}}
2015-12-17 09:26:39,887 20936 INFO     [tempest_lib.common.rest_client] Request (TestGettingAddress:test_dhcp6_stateless_from_os): 200 PUT http://10.0.2.15:9696/v2.0/routers/cda9d1bd-f030-415d-a9e3-b78ac6de3174 0.484s
2015-12-17 09:26:39,887 20936 DEBUG    [tempest_lib.common.rest_client] Request - Headers: {'Content-Type': 'application/json', 'Accept': 'application/json', 'X-Auth-Token': '&lt;omitted&gt;'}
        Body: {"router": {"external_gateway_info": {"network_id": "337535c0-2598-4ddb-84b2-5a7131fe2e3b"}, "name": "tempest-router-smoke-747861753", "admin_state_up": true}}
    Response - Headers: {'status': '200', 'content-length': '500', 'connection': 'close', 'date': 'Thu, 17 Dec 2015 09:26:39 GMT', 'content-type': 'application/json; charset=UTF-8', 'x-openstack-request-id': 'req-7bcd9180-efd0-4be8-8a24-45cac5eace7a'}
        Body: {"router": {"status": "ACTIVE", "external_gateway_info": {"network_id": "337535c0-2598-4ddb-84b2-5a7131fe2e3b", "enable_snat": true, "external_fixed_ips": [{"subnet_id": "019f2916-e8f9-4672-b934-e5d118bfa80b", "ip_address": "172.24.4.3"}, {"subnet_id": "94506ce6-76b5-4ff8-9cab-c4e6ac87c18b", "ip_address": "2001:db8::3"}]}, "name": "tempest-router-smoke-747861753", "admin_state_up": true, "tenant_id": "91e1fa1509f24e4dabd1d8d100165a39", "routes": [], "id": "cda9d1bd-f030-415d-a9e3-b78ac6de3174"}}
2015-12-17 09:26:40,371 20936 INFO     [tempest_lib.common.rest_client] Request (TestGettingAddress:test_dhcp6_stateless_from_os): 200 PUT http://10.0.2.15:9696/v2.0/routers/cda9d1bd-f030-415d-a9e3-b78ac6de3174/add_router_interface 0.482s
2015-12-17 09:26:40,372 20936 DEBUG    [tempest_lib.common.rest_client] Request - Headers: {'Content-Type': 'application/json', 'Accept': 'application/json', 'X-Auth-Token': '&lt;omitted&gt;'}
        Body: {"subnet_id": "b2d59e4a-a735-4cfe-b068-cedea5263055"}
    Response - Headers: {'status': '200', 'content-length': '255', 'connection': 'close', 'date': 'Thu, 17 Dec 2015 09:26:40 GMT', 'content-type': 'application/json; charset=UTF-8', 'x-openstack-request-id': 'req-f692f330-2027-4f39-a7a7-1a5f6d8eddc9'}
        Body: {"subnet_id": "b2d59e4a-a735-4cfe-b068-cedea5263055", "tenant_id": "91e1fa1509f24e4dabd1d8d100165a39", "subnet_ids": ["b2d59e4a-a735-4cfe-b068-cedea5263055"], "port_id": "be15f7ad-5b23-4479-9e4e-4975bc7dacd5", "id": "cda9d1bd-f030-415d-a9e3-b78ac6de3174"}
2015-12-17 09:26:40,536 20936 INFO     [tempest_lib.common.rest_client] Request (TestGettingAddress:test_dhcp6_stateless_from_os): 200 GET http://10.0.2.15:9696/v2.0/subnets?tenant_id=91e1fa1509f24e4dabd1d8d100165a39&amp;cidr=2003%3A%3A%2F64 0.162s
2015-12-17 09:26:40,536 20936 DEBUG    [tempest_lib.common.rest_client] Request - Headers: {'Content-Type': 'application/json', 'Accept': 'application/json', 'X-Auth-Token': '&lt;omitted&gt;'}
        Body: None
    Response - Headers: {'status': '200', 'content-length': '15', 'content-location': 'http://10.0.2.15:9696/v2.0/subnets?tenant_id=91e1fa1509f24e4dabd1d8d100165a39&amp;cidr=2003%3A%3A%2F64', 'connection': 'close', 'date': 'Thu, 17 Dec 2015 09:26:40 GMT', 'content-type': 'application/json; charset=UTF-8', 'x-openstack-request-id': 'req-8ab5ebc6-a005-4094-bdce-89ad04b5cbca'}
        Body: {"subnets": []}
2015-12-17 09:26:40,868 20936 INFO     [tempest_lib.common.rest_client] Request (TestGettingAddress:test_dhcp6_stateless_from_os): 201 POST http://10.0.2.15:9696/v2.0/subnets 0.331s
2015-12-17 09:26:40,869 20936 DEBUG    [tempest_lib.common.rest_client] Request - Headers: {'Content-Type': 'application/json', 'Accept': 'application/json', 'X-Auth-Token': '&lt;omitted&gt;'}
        Body: {"subnet": {"name": "tempest-sub6-1055793074", "network_id": "6db2434b-58d0-4525-bf48-d9b9df0f4a7a", "tenant_id": "91e1fa1509f24e4dabd1d8d100165a39", "ipv6_ra_mode": "dhcpv6-stateless", "ip_version": 6, "ipv6_address_mode": "dhcpv6-stateless", "cidr": "2003::/64"}}
    Response - Headers: {'status': '201', 'content-length': '502', 'connection': 'close', 'date': 'Thu, 17 Dec 2015 09:26:40 GMT', 'content-type': 'application/json; charset=UTF-8', 'x-openstack-request-id': 'req-132ef367-724c-4cbf-b9bf-337dd4590c4b'}
        Body: {"subnet": {"name": "tempest-sub6-1055793074", "enable_dhcp": true, "network_id": "6db2434b-58d0-4525-bf48-d9b9df0f4a7a", "tenant_id": "91e1fa1509f24e4dabd1d8d100165a39", "dns_nameservers": [], "gateway_ip": "2003::1", "ipv6_ra_mode": "dhcpv6-stateless", "allocation_pools": [{"start": "2003::2", "end": "2003::ffff:ffff:ffff:ffff"}], "host_routes": [], "ip_version": 6, "ipv6_address_mode": "dhcpv6-stateless", "cidr": "2003::/64", "id": "45c0d102-276e-4241-a475-e4761136368b", "subnetpool_id": null}}
2015-12-17 09:26:41,366 20936 INFO     [tempest_lib.common.rest_client] Request (TestGettingAddress:test_dhcp6_stateless_from_os): 200 PUT http://10.0.2.15:9696/v2.0/routers/cda9d1bd-f030-415d-a9e3-b78ac6de3174/add_router_interface 0.494s
2015-12-17 09:26:41,366 20936 DEBUG    [tempest_lib.common.rest_client] Request - Headers: {'Content-Type': 'application/json', 'Accept': 'application/json', 'X-Auth-Token': '&lt;omitted&gt;'}
        Body: {"subnet_id": "45c0d102-276e-4241-a475-e4761136368b"}
    Response - Headers: {'status': '200', 'content-length': '255', 'connection': 'close', 'date': 'Thu, 17 Dec 2015 09:26:41 GMT', 'content-type': 'application/json; charset=UTF-8', 'x-openstack-request-id': 'req-84eb45e1-8b9f-4443-b11d-22c93ad61caa'}
        Body: {"subnet_id": "45c0d102-276e-4241-a475-e4761136368b", "tenant_id": "91e1fa1509f24e4dabd1d8d100165a39", "subnet_ids": ["45c0d102-276e-4241-a475-e4761136368b"], "port_id": "efa8976d-af18-44ef-9d7b-3d5284db130c", "id": "cda9d1bd-f030-415d-a9e3-b78ac6de3174"}
2015-12-17 09:26:41,473 20936 INFO     [tempest_lib.common.rest_client] Request (TestGettingAddress:test_dhcp6_stateless_from_os): 200 POST http://10.0.2.15:5000/v2.0/tokens
2015-12-17 09:26:41,473 20936 DEBUG    [tempest_lib.common.rest_client] Request - Headers: {'Content-Type': 'application/json', 'Accept': 'application/json'}
        Body: &lt;omitted&gt;
    Response - Headers: {'status': '200', 'content-length': '2526', 'vary': 'X-Auth-Token', 'server': 'Apache/2.4.7 (Ubuntu)', 'connection': 'close', 'date': 'Thu, 17 Dec 2015 09:26:41 GMT', 'content-type': 'application/json', 'x-openstack-request-id': 'req-5918d494-77f4-4fbf-b928-d2611ea495d4'}
        Body: {"access": {"token": {"issued_at": "2015-12-17T09:26:41.459776", "expires": "2015-12-17T10:26:41Z", "id": "7d3ddfb987ea4b98a357a2f60ee2c4c2", "tenant": {"description": "tempest-TestGettingAddress-1078906153-desc", "enabled": true, "id": "91e1fa1509f24e4dabd1d8d100165a39", "name": "tempest-TestGettingAddress-1078906153"}, "audit_ids": ["5xGUgbt0Q2egWdB9-wIurA"]}, "serviceCatalog": [{"endpoints": [{"adminURL": "http://10.0.2.15:8774/v2.1/91e1fa1509f24e4dabd1d8d100165a39", "region": "RegionOne", "internalURL": "http://10.0.2.15:8774/v2.1/91e1fa1509f24e4dabd1d8d100165a39", "id": "0aae7d98557742c8b2521e8e1dafca6b", "publicURL": "http://10.0.2.15:8774/v2.1/91e1fa1509f24e4dabd1d8d100165a39"}], "endpoints_links": [], "type": "compute", "name": "nova"}, {"endpoints": [{"adminURL": "http://10.0.2.15:9696/", "region": "RegionOne", "internalURL": "http://10.0.2.15:9696/", "id": "34bc6242a109468a95567a6be9c2f836", "publicURL": "http://10.0.2.15:9696/"}], "endpoints_links": [], "type": "network", "name": "neutron"}, {"endpoints": [{"adminURL": "http://10.0.2.15:9292", "region": "RegionOne", "internalURL": "http://10.0.2.15:9292", "id": "32c6e6183aa2455aab77d94ba3d495dc", "publicURL": "http://10.0.2.15:9292"}], "endpoints_links": [], "type": "image", "name": "glance"}, {"endpoints": [{"adminURL": "http://10.0.2.15:8774/v2/91e1fa1509f24e4dabd1d8d100165a39", "region": "RegionOne", "internalURL": "http://10.0.2.15:8774/v2/91e1fa1509f24e4dabd1d8d100165a39", "id": "41c5d41b375642b2a2f8855974becd79", "publicURL": "http://10.0.2.15:8774/v2/91e1fa1509f24e4dabd1d8d100165a39"}], "endpoints_links": [], "type": "compute_legacy", "name": "nova_legacy"}, {"endpoints": [{"adminURL": "http://10.0.2.15:8773/", "region": "RegionOne", "internalURL": "http://10.0.2.15:8773/", "id": "1b8e73c942ff4e1ca70edfe708a9c809", "publicURL": "http://10.0.2.15:8773/"}], "endpoints_links": [], "type": "ec2", "name": "ec2"}, {"endpoints": [{"adminURL": "http://10.0.2.15:35357/v2.0", "region": "RegionOne", "internalURL": "http://10.0.2.15:5000/v2.0", "id": "b3cdd0a7974943ac812a4867db850c41", "publicURL": "http://10.0.2.15:5000/v2.0"}], "endpoints_links": [], "type": "identity", "name": "keystone"}], "user": {"username": "tempest-TestGettingAddress-2076844603", "roles_links": [], "id": "a5eaf28f6c704547ba73d6dda343ed72", "roles": [{"name": "_member_"}, {"name": "Member"}], "name": "tempest-TestGettingAddress-2076844603"}, "metadata": {"is_admin": 0, "roles": ["9fe2ff9ee4384b1894a90878d3e92bab", "ee4e677db20a4cb1b1bfa1d740dc780c"]}}}
2015-12-17 09:26:41,478 20936 DEBUG    [tempest.common.fixed_network] (TestGettingAddress:test_dhcp6_stateless_from_os) No valid network provided or created, defaulting to fixed_network_name
2015-12-17 09:26:41,795 20936 INFO     [tempest_lib.common.rest_client] Request (TestGettingAddress:test_dhcp6_stateless_from_os): 200 GET http://10.0.2.15:8774/v2.1/91e1fa1509f24e4dabd1d8d100165a39/os-networks 0.315s
2015-12-17 09:26:41,795 20936 DEBUG    [tempest_lib.common.rest_client] Request - Headers: {'Content-Type': 'application/json', 'Accept': 'application/json', 'X-Auth-Token': '&lt;omitted&gt;'}
        Body: None
    Response - Headers: {'status': '200', 'content-length': '478', 'content-location': 'http://10.0.2.15:8774/v2.1/91e1fa1509f24e4dabd1d8d100165a39/os-networks', 'x-compute-request-id': 'req-f87c4226-851b-411f-8f35-a997dc37f725', 'vary': 'X-OpenStack-Nova-API-Version', 'connection': 'close', 'x-openstack-nova-api-version': '2.1', 'date': 'Thu, 17 Dec 2015 09:26:41 GMT', 'content-type': 'application/json'}
        Body: {"networks": [{"cidr_v6": null, "dns2": null, "dns1": null, "gateway": null, "broadcast": null, "netmask": null, "gateway_v6": null, "cidr": null, "label": "public", "id": "337535c0-2598-4ddb-84b2-5a7131fe2e3b", "netmask_v6": null}, {"cidr_v6": null, "dns2": null, "dns1": null, "gateway": null, "broadcast": null, "netmask": null, "gateway_v6": null, "cidr": null, "label": "tempest-network-smoke--617815696", "id": "6db2434b-58d0-4525-bf48-d9b9df0f4a7a", "netmask_v6": null}]}
2015-12-17 09:26:41,796 20936 WARNING  [tempest.common.fixed_network] (TestGettingAddress:test_dhcp6_stateless_from_os) Network with name: private not found
2015-12-17 09:26:41,796 20936 INFO     [tempest.common.fixed_network] (TestGettingAddress:test_dhcp6_stateless_from_os) Found network {} available for tenant
2015-12-17 09:26:43,603 20936 INFO     [tempest_lib.common.rest_client] Request (TestGettingAddress:test_dhcp6_stateless_from_os): 202 POST http://10.0.2.15:8774/v2.1/91e1fa1509f24e4dabd1d8d100165a39/servers 1.805s
2015-12-17 09:26:43,603 20936 DEBUG    [tempest_lib.common.rest_client] Request - Headers: {'Content-Type': 'application/json', 'Accept': 'application/json', 'X-Auth-Token': '&lt;omitted&gt;'}
        Body: {"server": {"name": "tempest.common.compute-instance-1664656332", "imageRef": "f598957f-ea37-4284-bbad-886b081f25bd", "key_name": "tempest-TestGettingAddress-1844580439", "flavorRef": "42", "networks": [{"uuid": "6db2434b-58d0-4525-bf48-d9b9df0f4a7a"}], "security_groups": [{"name": "tempest-secgroup-smoke-1389375237"}]}}
    Response - Headers: {'status': '202', 'content-length': '462', 'x-compute-request-id': 'req-012ccb8a-617c-44a2-a0aa-0f49a76d4e26', 'vary': 'X-OpenStack-Nova-API-Version', 'connection': 'close', 'location': 'http://10.0.2.15:8774/v2.1/91e1fa1509f24e4dabd1d8d100165a39/servers/740b0cad-837e-4536-8354-9a01eb63cc6f', 'x-openstack-nova-api-version': '2.1', 'date': 'Thu, 17 Dec 2015 09:26:43 GMT', 'content-type': 'application/json'}
        Body: {"server": {"security_groups": [{"name": "tempest-secgroup-smoke-1389375237"}], "OS-DCF:diskConfig": "MANUAL", "id": "740b0cad-837e-4536-8354-9a01eb63cc6f", "links": [{"href": "http://10.0.2.15:8774/v2.1/91e1fa1509f24e4dabd1d8d100165a39/servers/740b0cad-837e-4536-8354-9a01eb63cc6f", "rel": "self"}, {"href": "http://10.0.2.15:8774/91e1fa1509f24e4dabd1d8d100165a39/servers/740b0cad-837e-4536-8354-9a01eb63cc6f", "rel": "bookmark"}], "adminPass": "raYSG62fBApt"}}
2015-12-17 09:26:43,738 20936 INFO     [tempest_lib.common.rest_client] Request (TestGettingAddress:test_dhcp6_stateless_from_os): 200 GET http://10.0.2.15:8774/v2.1/91e1fa1509f24e4dabd1d8d100165a39/servers/740b0cad-837e-4536-8354-9a01eb63cc6f 0.132s
2015-12-17 09:26:43,738 20936 DEBUG    [tempest_lib.common.rest_client] Request - Headers: {'Content-Type': 'application/json', 'Accept': 'application/json', 'X-Auth-Token': '&lt;omitted&gt;'}
        Body: None
    Response - Headers: {'status': '200', 'content-length': '1355', 'content-location': 'http://10.0.2.15:8774/v2.1/91e1fa1509f24e4dabd1d8d100165a39/servers/740b0cad-837e-4536-8354-9a01eb63cc6f', 'x-compute-request-id': 'req-772ebef4-bd23-44ea-b616-0023f0397d5e', 'vary': 'X-OpenStack-Nova-API-Version', 'connection': 'close', 'x-openstack-nova-api-version': '2.1', 'date': 'Thu, 17 Dec 2015 09:26:43 GMT', 'content-type': 'application/json'}
        Body: {"server": {"status": "BUILD", "updated": "2015-12-17T09:26:43Z", "hostId": "", "addresses": {}, "links": [{"href": "http://10.0.2.15:8774/v2.1/91e1fa1509f24e4dabd1d8d100165a39/servers/740b0cad-837e-4536-8354-9a01eb63cc6f", "rel": "self"}, {"href": "http://10.0.2.15:8774/91e1fa1509f24e4dabd1d8d100165a39/servers/740b0cad-837e-4536-8354-9a01eb63cc6f", "rel": "bookmark"}], "key_name": "tempest-TestGettingAddress-1844580439", "image": {"id": "f598957f-ea37-4284-bbad-886b081f25bd", "links": [{"href": "http://10.0.2.15:8774/91e1fa1509f24e4dabd1d8d100165a39/images/f598957f-ea37-4284-bbad-886b081f25bd", "rel": "bookmark"}]}, "OS-EXT-STS:task_state": "scheduling", "OS-EXT-STS:vm_state": "building", "OS-SRV-USG:launched_at": null, "flavor": {"id": "42", "links": [{"href": "http://10.0.2.15:8774/91e1fa1509f24e4dabd1d8d100165a39/flavors/42", "rel": "bookmark"}]}, "id": "740b0cad-837e-4536-8354-9a01eb63cc6f", "OS-SRV-USG:terminated_at": null, "OS-EXT-AZ:availability_zone": "", "user_id": "a5eaf28f6c704547ba73d6dda343ed72", "name": "tempest.common.compute-instance-1664656332", "created": "2015-12-17T09:26:43Z", "tenant_id": "91e1fa1509f24e4dabd1d8d100165a39", "OS-DCF:diskConfig": "MANUAL", "os-extended-volumes:volumes_attached": [], "accessIPv4": "", "accessIPv6": "", "progress": 0, "OS-EXT-STS:power_state": 0, "config_drive": "", "metadata": {}}}
2015-12-17 09:26:45,089 20936 INFO     [tempest_lib.common.rest_client] Request (TestGettingAddress:test_dhcp6_stateless_from_os): 200 GET http://10.0.2.15:8774/v2.1/91e1fa1509f24e4dabd1d8d100165a39/servers/740b0cad-837e-4536-8354-9a01eb63cc6f 0.341s
2015-12-17 09:26:45,090 20936 DEBUG    [tempest_lib.common.rest_client] Request - Headers: {'Content-Type': 'application/json', 'Accept': 'application/json', 'X-Auth-Token': '&lt;omitted&gt;'}
        Body: None
    Response - Headers: {'status': '200', 'content-length': '1481', 'content-location': 'http://10.0.2.15:8774/v2.1/91e1fa1509f24e4dabd1d8d100165a39/servers/740b0cad-837e-4536-8354-9a01eb63cc6f', 'x-compute-request-id': 'req-25009188-e815-42d0-ac23-a1f60cb6c468', 'vary': 'X-OpenStack-Nova-API-Version', 'connection': 'close', 'x-openstack-nova-api-version': '2.1', 'date': 'Thu, 17 Dec 2015 09:26:45 GMT', 'content-type': 'application/json'}
        Body: {"server": {"status": "BUILD", "updated": "2015-12-17T09:26:44Z", "hostId": "3a17ed6f88301d6623f4796241a33c9930700c1f28217b1bd01cdf59", "addresses": {}, "links": [{"href": "http://10.0.2.15:8774/v2.1/91e1fa1509f24e4dabd1d8d100165a39/servers/740b0cad-837e-4536-8354-9a01eb63cc6f", "rel": "self"}, {"href": "http://10.0.2.15:8774/91e1fa1509f24e4dabd1d8d100165a39/servers/740b0cad-837e-4536-8354-9a01eb63cc6f", "rel": "bookmark"}], "key_name": "tempest-TestGettingAddress-1844580439", "image": {"id": "f598957f-ea37-4284-bbad-886b081f25bd", "links": [{"href": "http://10.0.2.15:8774/91e1fa1509f24e4dabd1d8d100165a39/images/f598957f-ea37-4284-bbad-886b081f25bd", "rel": "bookmark"}]}, "OS-EXT-STS:task_state": "spawning", "OS-EXT-STS:vm_state": "building", "OS-SRV-USG:launched_at": null, "flavor": {"id": "42", "links": [{"href": "http://10.0.2.15:8774/91e1fa1509f24e4dabd1d8d100165a39/flavors/42", "rel": "bookmark"}]}, "id": "740b0cad-837e-4536-8354-9a01eb63cc6f", "security_groups": [{"name": "tempest-secgroup-smoke-1389375237"}], "OS-SRV-USG:terminated_at": null, "OS-EXT-AZ:availability_zone": "nova", "user_id": "a5eaf28f6c704547ba73d6dda343ed72", "name": "tempest.common.compute-instance-1664656332", "created": "2015-12-17T09:26:43Z", "tenant_id": "91e1fa1509f24e4dabd1d8d100165a39", "OS-DCF:diskConfig": "MANUAL", "os-extended-volumes:volumes_attached": [], "accessIPv4": "", "accessIPv6": "", "progress": 0, "OS-EXT-STS:power_state": 0, "config_drive": "", "metadata": {}}}
2015-12-17 09:26:45,105 20936 INFO     [tempest.common.waiters] State transition "BUILD/scheduling" ==&gt; "BUILD/spawning" after 2 second wait
2015-12-17 09:26:46,315 20936 INFO     [tempest_lib.common.rest_client] Request (TestGettingAddress:test_dhcp6_stateless_from_os): 200 GET http://10.0.2.15:8774/v2.1/91e1fa1509f24e4dabd1d8d100165a39/servers/740b0cad-837e-4536-8354-9a01eb63cc6f 0.210s
2015-12-17 09:26:46,316 20936 DEBUG    [tempest_lib.common.rest_client] Request - Headers: {'Content-Type': 'application/json', 'Accept': 'application/json', 'X-Auth-Token': '&lt;omitted&gt;'}
        Body: None
    Response - Headers: {'status': '200', 'content-length': '1481', 'content-location': 'http://10.0.2.15:8774/v2.1/91e1fa1509f24e4dabd1d8d100165a39/servers/740b0cad-837e-4536-8354-9a01eb63cc6f', 'x-compute-request-id': 'req-d78e3174-a4e4-4d54-a8b0-8b1eaa5e4cff', 'vary': 'X-OpenStack-Nova-API-Version', 'connection': 'close', 'x-openstack-nova-api-version': '2.1', 'date': 'Thu, 17 Dec 2015 09:26:46 GMT', 'content-type': 'application/json'}
        Body: {"server": {"status": "BUILD", "updated": "2015-12-17T09:26:44Z", "hostId": "3a17ed6f88301d6623f4796241a33c9930700c1f28217b1bd01cdf59", "addresses": {}, "links": [{"href": "http://10.0.2.15:8774/v2.1/91e1fa1509f24e4dabd1d8d100165a39/servers/740b0cad-837e-4536-8354-9a01eb63cc6f", "rel": "self"}, {"href": "http://10.0.2.15:8774/91e1fa1509f24e4dabd1d8d100165a39/servers/740b0cad-837e-4536-8354-9a01eb63cc6f", "rel": "bookmark"}], "key_name": "tempest-TestGettingAddress-1844580439", "image": {"id": "f598957f-ea37-4284-bbad-886b081f25bd", "links": [{"href": "http://10.0.2.15:8774/91e1fa1509f24e4dabd1d8d100165a39/images/f598957f-ea37-4284-bbad-886b081f25bd", "rel": "bookmark"}]}, "OS-EXT-STS:task_state": "spawning", "OS-EXT-STS:vm_state": "building", "OS-SRV-USG:launched_at": null, "flavor": {"id": "42", "links": [{"href": "http://10.0.2.15:8774/91e1fa1509f24e4dabd1d8d100165a39/flavors/42", "rel": "bookmark"}]}, "id": "740b0cad-837e-4536-8354-9a01eb63cc6f", "security_groups": [{"name": "tempest-secgroup-smoke-1389375237"}], "OS-SRV-USG:terminated_at": null, "OS-EXT-AZ:availability_zone": "nova", "user_id": "a5eaf28f6c704547ba73d6dda343ed72", "name": "tempest.common.compute-instance-1664656332", "created": "2015-12-17T09:26:43Z", "tenant_id": "91e1fa1509f24e4dabd1d8d100165a39", "OS-DCF:diskConfig": "MANUAL", "os-extended-volumes:volumes_attached": [], "accessIPv4": "", "accessIPv6": "", "progress": 0, "OS-EXT-STS:power_state": 0, "config_drive": "", "metadata": {}}}
2015-12-17 09:26:47,538 20936 INFO     [tempest_lib.common.rest_client] Request (TestGettingAddress:test_dhcp6_stateless_from_os): 200 GET http://10.0.2.15:8774/v2.1/91e1fa1509f24e4dabd1d8d100165a39/servers/740b0cad-837e-4536-8354-9a01eb63cc6f 0.208s
2015-12-17 09:26:47,538 20936 DEBUG    [tempest_lib.common.rest_client] Request - Headers: {'Content-Type': 'application/json', 'Accept': 'application/json', 'X-Auth-Token': '&lt;omitted&gt;'}
        Body: None
    Response - Headers: {'status': '200', 'content-length': '1781', 'content-location': 'http://10.0.2.15:8774/v2.1/91e1fa1509f24e4dabd1d8d100165a39/servers/740b0cad-837e-4536-8354-9a01eb63cc6f', 'x-compute-request-id': 'req-ff1e56d8-5db6-4ba5-bb82-5572ec0e3a8a', 'vary': 'X-OpenStack-Nova-API-Version', 'connection': 'close', 'x-openstack-nova-api-version': '2.1', 'date': 'Thu, 17 Dec 2015 09:26:47 GMT', 'content-type': 'application/json'}
        Body: {"server": {"status": "ACTIVE", "updated": "2015-12-17T09:26:46Z", "hostId": "3a17ed6f88301d6623f4796241a33c9930700c1f28217b1bd01cdf59", "addresses": {"tempest-network-smoke--617815696": [{"OS-EXT-IPS-MAC:mac_addr": "fa:16:3e:5c:4e:9e", "version": 6, "addr": "2003::f816:3eff:fe5c:4e9e", "OS-EXT-IPS:type": "fixed"}, {"OS-EXT-IPS-MAC:mac_addr": "fa:16:3e:5c:4e:9e", "version": 4, "addr": "10.100.0.3", "OS-EXT-IPS:type": "fixed"}]}, "links": [{"href": "http://10.0.2.15:8774/v2.1/91e1fa1509f24e4dabd1d8d100165a39/servers/740b0cad-837e-4536-8354-9a01eb63cc6f", "rel": "self"}, {"href": "http://10.0.2.15:8774/91e1fa1509f24e4dabd1d8d100165a39/servers/740b0cad-837e-4536-8354-9a01eb63cc6f", "rel": "bookmark"}], "key_name": "tempest-TestGettingAddress-1844580439", "image": {"id": "f598957f-ea37-4284-bbad-886b081f25bd", "links": [{"href": "http://10.0.2.15:8774/91e1fa1509f24e4dabd1d8d100165a39/images/f598957f-ea37-4284-bbad-886b081f25bd", "rel": "bookmark"}]}, "OS-EXT-STS:task_state": null, "OS-EXT-STS:vm_state": "active", "OS-SRV-USG:launched_at": "2015-12-17T09:26:46.000000", "flavor": {"id": "42", "links": [{"href": "http://10.0.2.15:8774/91e1fa1509f24e4dabd1d8d100165a39/flavors/42", "rel": "bookmark"}]}, "id": "740b0cad-837e-4536-8354-9a01eb63cc6f", "security_groups": [{"name": "tempest-secgroup-smoke-1389375237"}], "OS-SRV-USG:terminated_at": null, "OS-EXT-AZ:availability_zone": "nova", "user_id": "a5eaf28f6c704547ba73d6dda343ed72", "name": "tempest.common.compute-instance-1664656332", "created": "2015-12-17T09:26:43Z", "tenant_id": "91e1fa1509f24e4dabd1d8d100165a39", "OS-DCF:diskConfig": "MANUAL", "os-extended-volumes:volumes_attached": [], "accessIPv4": "", "accessIPv6": "", "progress": 0, "OS-EXT-STS:power_state": 1, "config_drive": "True", "metadata": {}}}
2015-12-17 09:26:47,547 20936 INFO     [tempest.common.waiters] State transition "BUILD/spawning" ==&gt; "ACTIVE/None" after 4 second wait
2015-12-17 09:26:47,735 20936 INFO     [tempest_lib.common.rest_client] Request (TestGettingAddress:test_dhcp6_stateless_from_os): 200 GET http://10.0.2.15:8774/v2.1/91e1fa1509f24e4dabd1d8d100165a39/servers/740b0cad-837e-4536-8354-9a01eb63cc6f 0.186s
2015-12-17 09:26:47,735 20936 DEBUG    [tempest_lib.common.rest_client] Request - Headers: {'Content-Type': 'application/json', 'Accept': 'application/json', 'X-Auth-Token': '&lt;omitted&gt;'}
        Body: None
    Response - Headers: {'status': '200', 'content-length': '1781', 'content-location': 'http://10.0.2.15:8774/v2.1/91e1fa1509f24e4dabd1d8d100165a39/servers/740b0cad-837e-4536-8354-9a01eb63cc6f', 'x-compute-request-id': 'req-e45e60f6-5bfa-4d2d-9769-69c9fb88f1eb', 'vary': 'X-OpenStack-Nova-API-Version', 'connection': 'close', 'x-openstack-nova-api-version': '2.1', 'date': 'Thu, 17 Dec 2015 09:26:47 GMT', 'content-type': 'application/json'}
        Body: {"server": {"status": "ACTIVE", "updated": "2015-12-17T09:26:46Z", "hostId": "3a17ed6f88301d6623f4796241a33c9930700c1f28217b1bd01cdf59", "addresses": {"tempest-network-smoke--617815696": [{"OS-EXT-IPS-MAC:mac_addr": "fa:16:3e:5c:4e:9e", "version": 6, "addr": "2003::f816:3eff:fe5c:4e9e", "OS-EXT-IPS:type": "fixed"}, {"OS-EXT-IPS-MAC:mac_addr": "fa:16:3e:5c:4e:9e", "version": 4, "addr": "10.100.0.3", "OS-EXT-IPS:type": "fixed"}]}, "links": [{"href": "http://10.0.2.15:8774/v2.1/91e1fa1509f24e4dabd1d8d100165a39/servers/740b0cad-837e-4536-8354-9a01eb63cc6f", "rel": "self"}, {"href": "http://10.0.2.15:8774/91e1fa1509f24e4dabd1d8d100165a39/servers/740b0cad-837e-4536-8354-9a01eb63cc6f", "rel": "bookmark"}], "key_name": "tempest-TestGettingAddress-1844580439", "image": {"id": "f598957f-ea37-4284-bbad-886b081f25bd", "links": [{"href": "http://10.0.2.15:8774/91e1fa1509f24e4dabd1d8d100165a39/images/f598957f-ea37-4284-bbad-886b081f25bd", "rel": "bookmark"}]}, "OS-EXT-STS:task_state": null, "OS-EXT-STS:vm_state": "active", "OS-SRV-USG:launched_at": "2015-12-17T09:26:46.000000", "flavor": {"id": "42", "links": [{"href": "http://10.0.2.15:8774/91e1fa1509f24e4dabd1d8d100165a39/flavors/42", "rel": "bookmark"}]}, "id": "740b0cad-837e-4536-8354-9a01eb63cc6f", "security_groups": [{"name": "tempest-secgroup-smoke-1389375237"}], "OS-SRV-USG:terminated_at": null, "OS-EXT-AZ:availability_zone": "nova", "user_id": "a5eaf28f6c704547ba73d6dda343ed72", "name": "tempest.common.compute-instance-1664656332", "created": "2015-12-17T09:26:43Z", "tenant_id": "91e1fa1509f24e4dabd1d8d100165a39", "OS-DCF:diskConfig": "MANUAL", "os-extended-volumes:volumes_attached": [], "accessIPv4": "", "accessIPv6": "", "progress": 0, "OS-EXT-STS:power_state": 1, "config_drive": "True", "metadata": {}}}
2015-12-17 09:26:47,773 20936 INFO     [tempest_lib.common.rest_client] Request (TestGettingAddress:test_dhcp6_stateless_from_os): 200 GET http://10.0.2.15:9696/v2.0/ports?status=ACTIVE&amp;fixed_ip=None&amp;device_id=740b0cad-837e-4536-8354-9a01eb63cc6f 0.028s
2015-12-17 09:26:47,773 20936 DEBUG    [tempest_lib.common.rest_client] Request - Headers: {'Content-Type': 'application/json', 'Accept': 'application/json', 'X-Auth-Token': '&lt;omitted&gt;'}
        Body: None
    Response - Headers: {'status': '200', 'content-length': '1142', 'content-location': 'http://10.0.2.15:9696/v2.0/ports?status=ACTIVE&amp;fixed_ip=None&amp;device_id=740b0cad-837e-4536-8354-9a01eb63cc6f', 'connection': 'close', 'date': 'Thu, 17 Dec 2015 09:26:47 GMT', 'content-type': 'application/json; charset=UTF-8', 'x-openstack-request-id': 'req-462ca46a-b2a7-4adf-b4ad-ea74eb70bfd6'}
        Body: {"ports": [{"status": "ACTIVE", "binding:host_id": "vagrant-ubuntu-trusty-64", "allowed_address_pairs": [], "extra_dhcp_opts": [], "dns_assignment": [{"hostname": "host-10-100-0-3", "ip_address": "10.100.0.3", "fqdn": "host-10-100-0-3.openstacklocal."}, {"hostname": "host-2003--f816-3eff-fe5c-4e9e", "ip_address": "2003::f816:3eff:fe5c:4e9e", "fqdn": "host-2003--f816-3eff-fe5c-4e9e.openstacklocal."}], "device_owner": "compute:None", "port_security_enabled": true, "binding:profile": {}, "fixed_ips": [{"subnet_id": "b2d59e4a-a735-4cfe-b068-cedea5263055", "ip_address": "10.100.0.3"}, {"subnet_id": "45c0d102-276e-4241-a475-e4761136368b", "ip_address": "2003::f816:3eff:fe5c:4e9e"}], "id": "2ecea0c0-2a77-4593-a907-2720e7a7d617", "security_groups": ["5fc1505d-ead2-4f4a-9fe7-40ba62a54b48"], "device_id": "740b0cad-837e-4536-8354-9a01eb63cc6f", "name": "", "admin_state_up": true, "network_id": "6db2434b-58d0-4525-bf48-d9b9df0f4a7a", "dns_name": "", "binding:vif_details": {"port_filter": true}, "binding:vnic_type": "normal", "binding:vif_type": "ovs", "tenant_id": "91e1fa1509f24e4dabd1d8d100165a39", "mac_address": "fa:16:3e:5c:4e:9e"}]}
2015-12-17 09:26:48,187 20936 INFO     [tempest_lib.common.rest_client] Request (TestGettingAddress:test_dhcp6_stateless_from_os): 201 POST http://10.0.2.15:9696/v2.0/floatingips 0.413s
2015-12-17 09:26:48,187 20936 DEBUG    [tempest_lib.common.rest_client] Request - Headers: {'Content-Type': 'application/json', 'Accept': 'application/json', 'X-Auth-Token': '&lt;omitted&gt;'}
        Body: {"floatingip": {"floating_network_id": "337535c0-2598-4ddb-84b2-5a7131fe2e3b", "tenant_id": "91e1fa1509f24e4dabd1d8d100165a39", "fixed_ip_address": "10.100.0.3", "port_id": "2ecea0c0-2a77-4593-a907-2720e7a7d617"}}
    Response - Headers: {'status': '201', 'content-length': '367', 'connection': 'close', 'date': 'Thu, 17 Dec 2015 09:26:48 GMT', 'content-type': 'application/json; charset=UTF-8', 'x-openstack-request-id': 'req-fd3ae43c-0e9d-47a4-88b3-c49903101f85'}
        Body: {"floatingip": {"floating_network_id": "337535c0-2598-4ddb-84b2-5a7131fe2e3b", "router_id": "cda9d1bd-f030-415d-a9e3-b78ac6de3174", "fixed_ip_address": "10.100.0.3", "floating_ip_address": "172.24.4.4", "tenant_id": "91e1fa1509f24e4dabd1d8d100165a39", "status": "DOWN", "port_id": "2ecea0c0-2a77-4593-a907-2720e7a7d617", "id": "e26f3025-c4d5-4623-a835-bbec5aece9e0"}}
2015-12-17 09:26:48,189 20936 INFO     [tempest_lib.common.ssh] Creating ssh connection to '172.24.4.4' as 'cirros' with public key authentication
2015-12-17 09:26:51,888 20936 WARNING  [tempest_lib.common.ssh] Failed to establish authenticated ssh connection to cirros@172.24.4.4 ([Errno None] Unable to connect to port 22 on  or 172.24.4.4). Number attempts: 1. Retry after 2 seconds.
2015-12-17 09:26:57,392 20936 WARNING  [tempest_lib.common.ssh] Failed to establish authenticated ssh connection to cirros@172.24.4.4 ([Errno None] Unable to connect to port 22 on  or 172.24.4.4). Number attempts: 2. Retry after 3 seconds.
2015-12-17 09:27:03,892 20936 WARNING  [tempest_lib.common.ssh] Failed to establish authenticated ssh connection to cirros@172.24.4.4 ([Errno None] Unable to connect to port 22 on  or 172.24.4.4). Number attempts: 3. Retry after 4 seconds.
2015-12-17 09:27:11,392 20936 WARNING  [tempest_lib.common.ssh] Failed to establish authenticated ssh connection to cirros@172.24.4.4 ([Errno None] Unable to connect to port 22 on  or 172.24.4.4). Number attempts: 4. Retry after 5 seconds.
2015-12-17 09:27:19,900 20936 WARNING  [tempest_lib.common.ssh] Failed to establish authenticated ssh connection to cirros@172.24.4.4 ([Errno None] Unable to connect to port 22 on  or 172.24.4.4). Number attempts: 5. Retry after 6 seconds.
2015-12-17 09:27:29,412 20936 WARNING  [tempest_lib.common.ssh] Failed to establish authenticated ssh connection to cirros@172.24.4.4 ([Errno None] Unable to connect to port 22 on  or 172.24.4.4). Number attempts: 6. Retry after 7 seconds.
2015-12-17 09:27:39,925 20936 WARNING  [tempest_lib.common.ssh] Failed to establish authenticated ssh connection to cirros@172.24.4.4 ([Errno None] Unable to connect to port 22 on  or 172.24.4.4). Number attempts: 7. Retry after 8 seconds.
2015-12-17 09:27:51,436 20936 WARNING  [tempest_lib.common.ssh] Failed to establish authenticated ssh connection to cirros@172.24.4.4 ([Errno None] Unable to connect to port 22 on  or 172.24.4.4). Number attempts: 8. Retry after 9 seconds.
2015-12-17 09:28:03,944 20936 WARNING  [tempest_lib.common.ssh] Failed to establish authenticated ssh connection to cirros@172.24.4.4 ([Errno None] Unable to connect to port 22 on  or 172.24.4.4). Number attempts: 9. Retry after 10 seconds.
2015-12-17 09:28:17,448 20936 WARNING  [tempest_lib.common.ssh] Failed to establish authenticated ssh connection to cirros@172.24.4.4 ([Errno None] Unable to connect to port 22 on  or 172.24.4.4). Number attempts: 10. Retry after 11 seconds.
2015-12-17 09:28:31,956 20936 WARNING  [tempest_lib.common.ssh] Failed to establish authenticated ssh connection to cirros@172.24.4.4 ([Errno None] Unable to connect to port 22 on  or 172.24.4.4). Number attempts: 11. Retry after 12 seconds.
2015-12-17 09:28:47,461 20936 WARNING  [tempest_lib.common.ssh] Failed to establish authenticated ssh connection to cirros@172.24.4.4 ([Errno None] Unable to connect to port 22 on  or 172.24.4.4). Number attempts: 12. Retry after 13 seconds.
2015-12-17 09:29:03,977 20936 WARNING  [tempest_lib.common.ssh] Failed to establish authenticated ssh connection to cirros@172.24.4.4 ([Errno None] Unable to connect to port 22 on  or 172.24.4.4). Number attempts: 13. Retry after 14 seconds.
2015-12-17 09:29:21,493 20936 WARNING  [tempest_lib.common.ssh] Failed to establish authenticated ssh connection to cirros@172.24.4.4 ([Errno None] Unable to connect to port 22 on  or 172.24.4.4). Number attempts: 14. Retry after 15 seconds.
2015-12-17 09:29:40,012 20936 WARNING  [tempest_lib.common.ssh] Failed to establish authenticated ssh connection to cirros@172.24.4.4 ([Errno None] Unable to connect to port 22 on  or 172.24.4.4). Number attempts: 15. Retry after 16 seconds.
2015-12-17 09:29:59,529 20936 WARNING  [tempest_lib.common.ssh] Failed to establish authenticated ssh connection to cirros@172.24.4.4 ([Errno None] Unable to connect to port 22 on  or 172.24.4.4). Number attempts: 16. Retry after 17 seconds.
2015-12-17 09:30:20,033 20936 ERROR    [tempest_lib.common.ssh] Failed to establish authenticated ssh connection to cirros@172.24.4.4 after 16 attempts
2015-12-17 09:30:20.033 20936 ERROR tempest_lib.common.ssh Traceback (most recent call last):
2015-12-17 09:30:20.033 20936 ERROR tempest_lib.common.ssh   File "/usr/local/lib/python2.7/dist-packages/tempest_lib/common/ssh.py", line 75, in _get_ssh_connection
2015-12-17 09:30:20.033 20936 ERROR tempest_lib.common.ssh     timeout=self.channel_timeout, pkey=self.pkey)
2015-12-17 09:30:20.033 20936 ERROR tempest_lib.common.ssh   File "/usr/local/lib/python2.7/dist-packages/paramiko/client.py", line 311, in connect
2015-12-17 09:30:20.033 20936 ERROR tempest_lib.common.ssh     raise NoValidConnectionsError(errors)
2015-12-17 09:30:20.033 20936 ERROR tempest_lib.common.ssh NoValidConnectionsError: [Errno None] Unable to connect to port 22 on  or 172.24.4.4
2015-12-17 09:30:20.033 20936 ERROR tempest_lib.common.ssh 
2015-12-17 09:30:20,035 20936 ERROR    [tempest.scenario.manager] (TestGettingAddress:test_dhcp6_stateless_from_os) Initializing SSH connection to 172.24.4.4 failed. Error: Connection to the 172.24.4.4 via SSH timed out.
User: cirros, Password: None
2015-12-17 09:30:20.035 20936 ERROR tempest.scenario.manager Traceback (most recent call last):
2015-12-17 09:30:20.035 20936 ERROR tempest.scenario.manager   File "tempest/scenario/manager.py", line 385, in get_remote_client
2015-12-17 09:30:20.035 20936 ERROR tempest.scenario.manager     linux_client.validate_authentication()
2015-12-17 09:30:20.035 20936 ERROR tempest.scenario.manager   File "tempest/common/utils/linux/remote_client.py", line 63, in validate_authentication
2015-12-17 09:30:20.035 20936 ERROR tempest.scenario.manager     self.ssh_client.test_connection_auth()
2015-12-17 09:30:20.035 20936 ERROR tempest.scenario.manager   File "/usr/local/lib/python2.7/dist-packages/tempest_lib/common/ssh.py", line 167, in test_connection_auth
2015-12-17 09:30:20.035 20936 ERROR tempest.scenario.manager     connection = self._get_ssh_connection()
2015-12-17 09:30:20.035 20936 ERROR tempest.scenario.manager   File "/usr/local/lib/python2.7/dist-packages/tempest_lib/common/ssh.py", line 87, in _get_ssh_connection
2015-12-17 09:30:20.035 20936 ERROR tempest.scenario.manager     password=self.password)
2015-12-17 09:30:20.035 20936 ERROR tempest.scenario.manager SSHTimeout: Connection to the 172.24.4.4 via SSH timed out.
2015-12-17 09:30:20.035 20936 ERROR tempest.scenario.manager User: cirros, Password: None
2015-12-17 09:30:20.035 20936 ERROR tempest.scenario.manager 
2015-12-17 09:30:20,122 20936 INFO     [tempest_lib.common.rest_client] Request (TestGettingAddress:test_dhcp6_stateless_from_os): 200 GET http://10.0.2.15:8774/v2.1/91e1fa1509f24e4dabd1d8d100165a39/servers 0.084s
2015-12-17 09:30:20,122 20936 DEBUG    [tempest_lib.common.rest_client] Request - Headers: {'Content-Type': 'application/json', 'Accept': 'application/json', 'X-Auth-Token': '&lt;omitted&gt;'}
        Body: None
    Response - Headers: {'status': '200', 'content-length': '391', 'content-location': 'http://10.0.2.15:8774/v2.1/91e1fa1509f24e4dabd1d8d100165a39/servers', 'x-compute-request-id': 'req-0d5dad90-1429-4fed-bc18-6418b9f7e453', 'vary': 'X-OpenStack-Nova-API-Version', 'connection': 'close', 'x-openstack-nova-api-version': '2.1', 'date': 'Thu, 17 Dec 2015 09:30:20 GMT', 'content-type': 'application/json'}
        Body: {"servers": [{"id": "740b0cad-837e-4536-8354-9a01eb63cc6f", "links": [{"href": "http://10.0.2.15:8774/v2.1/91e1fa1509f24e4dabd1d8d100165a39/servers/740b0cad-837e-4536-8354-9a01eb63cc6f", "rel": "self"}, {"href": "http://10.0.2.15:8774/91e1fa1509f24e4dabd1d8d100165a39/servers/740b0cad-837e-4536-8354-9a01eb63cc6f", "rel": "bookmark"}], "name": "tempest.common.compute-instance-1664656332"}]}
2015-12-17 09:30:20,331 20936 INFO     [tempest_lib.common.rest_client] Request (TestGettingAddress:test_dhcp6_stateless_from_os): 200 POST http://10.0.2.15:8774/v2.1/91e1fa1509f24e4dabd1d8d100165a39/servers/740b0cad-837e-4536-8354-9a01eb63cc6f/action 0.202s
2015-12-17 09:30:20,332 20936 DEBUG    [tempest_lib.common.rest_client] Request - Headers: {'Content-Type': 'application/json', 'Accept': 'application/json', 'X-Auth-Token': '&lt;omitted&gt;'}
        Body: {"os-getConsoleOutput": {}}
    Response - Headers: {'status': '200', 'content-length': '24636', 'x-compute-request-id': 'req-bede9d16-e96c-4dbb-8528-4732eeb719de', 'vary': 'X-OpenStack-Nova-API-Version', 'connection': 'close', 'x-openstack-nova-api-version': '2.1', 'date': 'Thu, 17 Dec 2015 09:30:20 GMT', 'content-type': 'application/json'}
        Body: {"output": "[    0.000000] Initializing cgroup subsys cpuset\n[    0.000000] Initializing cgroup subsys cpu\n[    0.000000] Linux version 3.2.0-80-virtual (buildd@batsu) (gcc version 4.6.3 (Ubuntu/Linaro 4.6.3-1ubuntu5) ) #116-Ubuntu SMP Mon Mar 23 17:28:52 UTC 2015 (Ubuntu 3.2.0-80.116-virtual 3.2.68)\n[    0.000000] Command line: root=/dev/vda console=tty0 console=ttyS0 no_timer_check\n[    0.000000] KERNEL supported cpus:\n[    0.000000]   Intel GenuineIntel\n[    0.000000]   AMD AuthenticAMD\n[    0.000000]   Centaur CentaurHauls\n[    0.000000] BIOS-provided physical RAM map:\n[    0.000000]  BIOS-e820: 0000000000000000 - 000000000009fc00 (usable)\n[    0.000000]  BIOS-e820: 000000000009fc00 - 00000000000a0000 (reserved)\n[    0.000000]  BIOS-e820: 00000000000f0000 - 0000000000100000 (reserved)\n[    0.000000]  BIOS-e820: 0000000000100000 - 0000000003ffe000 (usable)\n[    0.000000]  BIOS-e820: 0000000003ffe000 - 0000000004000000 (reserved)\n[    0.000000]  BIOS-e820: 00000000fffc0000 - 0000000100000000 (reserved)\n[    0.000000] NX (Execute Disable) protection: active\n[    0.000000] SMBIOS 2.4 present.\n[    0.000000] No AGP bridge found\n[    0.000000] last_pfn = 0x3ffe max_arch_pfn = 0x400000000\n[    0.000000] x86 PAT enabled: cpu 0, old 0x7040600070406, new 0x7010600070106\n[    0.000000] found SMP MP-table at [ffff8800000f0b00] f0b00\n[    0.000000] init_memory_mapping: 0000000000000000-0000000003ffe000\n[    0.000000] RAMDISK: 03c5e000 - 03ff0000\n[    0.000000] ACPI: RSDP 00000000000f0950 00014 (v00 BOCHS )\n[    0.000000] ACPI: RSDT 0000000003fffbc1 00034 (v01 BOCHS  BXPCRSDT 00000001 BXPC 00000001)\n[    0.000000] ACPI: FACP 0000000003fff1c0 00074 (v01 BOCHS  BXPCFACP 00000001 BXPC 00000001)\n[    0.000000] ACPI: DSDT 0000000003ffe040 01180 (v01 BOCHS  BXPCDSDT 00000001 BXPC 00000001)\n[    0.000000] ACPI: FACS 0000000003ffe000 00040\n[    0.000000] ACPI: SSDT 0000000003fff234 008DD (v01 BOCHS  BXPCSSDT 00000001 BXPC 00000001)\n[    0.000000] ACPI: APIC 0000000003fffb11 00078 (v01 BOCHS  BXPCAPIC 00000001 BXPC 00000001)\n[    0.000000] ACPI: HPET 0000000003fffb89 00038 (v01 BOCHS  BXPCHPET 00000001 BXPC 00000001)\n[    0.000000] No NUMA configuration found\n[    0.000000] Faking a node at 0000000000000000-0000000003ffe000\n[    0.000000] Initmem setup node 0 0000000000000000-0000000003ffe000\n[    0.000000]   NODE_DATA [0000000003ff6000 - 0000000003ffafff]\n[    0.000000] Zone PFN ranges:\n[    0.000000]   DMA      0x00000010 -&gt; 0x00001000\n[    0.000000]   DMA32    0x00001000 -&gt; 0x00100000\n[    0.000000]   Normal   empty\n[    0.000000] Movable zone start PFN for each node\n[    0.000000] early_node_map[2] active PFN ranges\n[    0.000000]     0: 0x00000010 -&gt; 0x0000009f\n[    0.000000]     0: 0x00000100 -&gt; 0x00003ffe\n[    0.000000] ACPI: PM-Timer IO Port: 0xb008\n[    0.000000] ACPI: LAPIC (acpi_id[0x00] lapic_id[0x00] enabled)\n[    0.000000] ACPI: LAPIC_NMI (acpi_id[0xff] dfl dfl lint[0x1])\n[    0.000000] ACPI: IOAPIC (id[0x00] address[0xfec00000] gsi_base[0])\n[    0.000000] IOAPIC[0]: apic_id 0, version 17, address 0xfec00000, GSI 0-23\n[    0.000000] ACPI: INT_SRC_OVR (bus 0 bus_irq 0 global_irq 2 dfl dfl)\n[    0.000000] ACPI: INT_SRC_OVR (bus 0 bus_irq 5 global_irq 5 high level)\n[    0.000000] ACPI: INT_SRC_OVR (bus 0 bus_irq 9 global_irq 9 high level)\n[    0.000000] ACPI: INT_SRC_OVR (bus 0 bus_irq 10 global_irq 10 high level)\n[    0.000000] ACPI: INT_SRC_OVR (bus 0 bus_irq 11 global_irq 11 high level)\n[    0.000000] Using ACPI (MADT) for SMP configuration information\n[    0.000000] ACPI: HPET id: 0x8086a201 base: 0xfed00000\n[    0.000000] SMP: Allowing 1 CPUs, 0 hotplug CPUs\n[    0.000000] PM: Registered nosave memory: 000000000009f000 - 00000000000a0000\n[    0.000000] PM: Registered nosave memory: 00000000000a0000 - 00000000000f0000\n[    0.000000] PM: Registered nosave memory: 00000000000f0000 - 0000000000100000\n[    0.000000] Allocating PCI resources starting at 4000000 (gap: 4000000:fbfc0000)\n[    0.000000] Booting paravirtualized kernel on bare hardware\n[    0.000000] setup_pe
2015-12-17 09:30:20,335 20936 DEBUG    [tempest.scenario.manager] Console output for 740b0cad-837e-4536-8354-9a01eb63cc6f
body=
[    0.000000] Initializing cgroup subsys cpuset
[    0.000000] Initializing cgroup subsys cpu
[    0.000000] Linux version 3.2.0-80-virtual (buildd@batsu) (gcc version 4.6.3 (Ubuntu/Linaro 4.6.3-1ubuntu5) ) #116-Ubuntu SMP Mon Mar 23 17:28:52 UTC 2015 (Ubuntu 3.2.0-80.116-virtual 3.2.68)
[    0.000000] Command line: root=/dev/vda console=tty0 console=ttyS0 no_timer_check
[    0.000000] KERNEL supported cpus:
[    0.000000]   Intel GenuineIntel
[    0.000000]   AMD AuthenticAMD
[    0.000000]   Centaur CentaurHauls
[    0.000000] BIOS-provided physical RAM map:
[    0.000000]  BIOS-e820: 0000000000000000 - 000000000009fc00 (usable)
[    0.000000]  BIOS-e820: 000000000009fc00 - 00000000000a0000 (reserved)
[    0.000000]  BIOS-e820: 00000000000f0000 - 0000000000100000 (reserved)
[    0.000000]  BIOS-e820: 0000000000100000 - 0000000003ffe000 (usable)
[    0.000000]  BIOS-e820: 0000000003ffe000 - 0000000004000000 (reserved)
[    0.000000]  BIOS-e820: 00000000fffc0000 - 0000000100000000 (reserved)
[    0.000000] NX (Execute Disable) protection: active
[    0.000000] SMBIOS 2.4 present.
[    0.000000] No AGP bridge found
[    0.000000] last_pfn = 0x3ffe max_arch_pfn = 0x400000000
[    0.000000] x86 PAT enabled: cpu 0, old 0x7040600070406, new 0x7010600070106
[    0.000000] found SMP MP-table at [ffff8800000f0b00] f0b00
[    0.000000] init_memory_mapping: 0000000000000000-0000000003ffe000
[    0.000000] RAMDISK: 03c5e000 - 03ff0000
[    0.000000] ACPI: RSDP 00000000000f0950 00014 (v00 BOCHS )
[    0.000000] ACPI: RSDT 0000000003fffbc1 00034 (v01 BOCHS  BXPCRSDT 00000001 BXPC 00000001)
[    0.000000] ACPI: FACP 0000000003fff1c0 00074 (v01 BOCHS  BXPCFACP 00000001 BXPC 00000001)
[    0.000000] ACPI: DSDT 0000000003ffe040 01180 (v01 BOCHS  BXPCDSDT 00000001 BXPC 00000001)
[    0.000000] ACPI: FACS 0000000003ffe000 00040
[    0.000000] ACPI: SSDT 0000000003fff234 008DD (v01 BOCHS  BXPCSSDT 00000001 BXPC 00000001)
[    0.000000] ACPI: APIC 0000000003fffb11 00078 (v01 BOCHS  BXPCAPIC 00000001 BXPC 00000001)
[    0.000000] ACPI: HPET 0000000003fffb89 00038 (v01 BOCHS  BXPCHPET 00000001 BXPC 00000001)
[    0.000000] No NUMA configuration found
[    0.000000] Faking a node at 0000000000000000-0000000003ffe000
[    0.000000] Initmem setup node 0 0000000000000000-0000000003ffe000
[    0.000000]   NODE_DATA [0000000003ff6000 - 0000000003ffafff]
[    0.000000] Zone PFN ranges:
[    0.000000]   DMA      0x00000010 -&gt; 0x00001000
[    0.000000]   DMA32    0x00001000 -&gt; 0x00100000
[    0.000000]   Normal   empty
[    0.000000] Movable zone start PFN for each node
[    0.000000] early_node_map[2] active PFN ranges
[    0.000000]     0: 0x00000010 -&gt; 0x0000009f
[    0.000000]     0: 0x00000100 -&gt; 0x00003ffe
[    0.000000] ACPI: PM-Timer IO Port: 0xb008
[    0.000000] ACPI: LAPIC (acpi_id[0x00] lapic_id[0x00] enabled)
[    0.000000] ACPI: LAPIC_NMI (acpi_id[0xff] dfl dfl lint[0x1])
[    0.000000] ACPI: IOAPIC (id[0x00] address[0xfec00000] gsi_base[0])
[    0.000000] IOAPIC[0]: apic_id 0, version 17, address 0xfec00000, GSI 0-23
[    0.000000] ACPI: INT_SRC_OVR (bus 0 bus_irq 0 global_irq 2 dfl dfl)
[    0.000000] ACPI: INT_SRC_OVR (bus 0 bus_irq 5 global_irq 5 high level)
[    0.000000] ACPI: INT_SRC_OVR (bus 0 bus_irq 9 global_irq 9 high level)
[    0.000000] ACPI: INT_SRC_OVR (bus 0 bus_irq 10 global_irq 10 high level)
[    0.000000] ACPI: INT_SRC_OVR (bus 0 bus_irq 11 global_irq 11 high level)
[    0.000000] Using ACPI (MADT) for SMP configuration information
[    0.000000] ACPI: HPET id: 0x8086a201 base: 0xfed00000
[    0.000000] SMP: Allowing 1 CPUs, 0 hotplug CPUs
[    0.000000] PM: Registered nosave memory: 000000000009f000 - 00000000000a0000
[    0.000000] PM: Registered nosave memory: 00000000000a0000 - 00000000000f0000
[    0.000000] PM: Registered nosave memory: 00000000000f0000 - 0000000000100000
[    0.000000] Allocating PCI resources starting at 4000000 (gap: 4000000:fbfc0000)
[    0.000000] Booting paravirtualized kernel on bare hardware
[    0.000000] setup_percpu: NR_CPUS:64 nr_cpumask_bits:64 nr_cpu_ids:1 nr_node_ids:1
[    0.000000] PERCPU: Embedded 27 pages/cpu @ffff880003a00000 s78848 r8192 d23552 u2097152
[    0.000000] Built 1 zonelists in Node order, mobility grouping on.  Total pages: 16008
[    0.000000] Policy zone: DMA32
[    0.000000] Kernel command line: root=/dev/vda console=tty0 console=ttyS0 no_timer_check
[    0.000000] PID hash table entries: 256 (order: -1, 2048 bytes)
[    0.000000] Checking aperture...
[    0.000000] No AGP bridge found
[    0.000000] Memory: 43492k/65528k available (6576k kernel code, 452k absent, 21584k reserved, 6620k data, 928k init)
[    0.000000] SLUB: Genslabs=15, HWalign=64, Order=0-3, MinObjects=0, CPUs=1, Nodes=1
[    0.000000] Hierarchical RCU implementation.
[    0.000000] 	RCU dyntick-idle grace-period acceleration is enabled.
[    0.000000] NR_IRQS:4352 nr_irqs:256 16
[    0.000000] Console: colour VGA+ 80x25
[    0.000000] console [tty0] enabled
[    0.000000] console [ttyS0] enabled
[    0.000000] allocated 1048576 bytes of page_cgroup
[    0.000000] please try 'cgroup_disable=memory' option if you don't want memory cgroups
[    0.000000] Fast TSC calibration failed
[    0.000000] TSC: Unable to calibrate against PIT
[    0.000000] TSC: using HPET reference calibration
[    0.000000] Detected 2294.682 MHz processor.
[    0.041655] Calibrating delay loop (skipped), value calculated using timer frequency.. 4589.36 BogoMIPS (lpj=9178728)
[    0.043794] pid_max: default: 32768 minimum: 301
[    0.052472] Security Framework initialized
[    0.056923] AppArmor: AppArmor initialized
[    0.057670] Yama: becoming mindful.
[    0.067061] Dentry cache hash table entries: 8192 (order: 4, 65536 bytes)
[    0.068848] Inode-cache hash table entries: 4096 (order: 3, 32768 bytes)
[    0.072611] Mount-cache hash table entries: 256
[    0.090920] Initializing cgroup subsys cpuacct
[    0.092091] Initializing cgroup subsys memory
[    0.093507] Initializing cgroup subsys devices
[    0.094313] Initializing cgroup subsys freezer
[    0.096134] Initializing cgroup subsys blkio
[    0.097054] Initializing cgroup subsys perf_event
[    0.105236] mce: CPU supports 10 MCE banks
[    0.109776] SMP alternatives: switching to UP code
[    0.532472] Freeing SMP alternatives: 24k freed
[    0.533962] ACPI: Core revision 20110623
[    0.590432] ftrace: allocating 26610 entries in 105 pages
[    0.618745] ..TIMER: vector=0x30 apic1=0 pin1=2 apic2=-1 pin2=-1
[    0.620157] CPU0: AMD QEMU Virtual CPU version 2.0.0 stepping 03
[    0.624038] Performance Events: Broken PMU hardware detected, using software events only.
[    0.642154] NMI watchdog disabled (cpu0): hardware events not enabled
[    0.645403] Brought up 1 CPUs
[    0.646858] Total of 1 processors activated (4589.36 BogoMIPS).
[    0.680253] devtmpfs: initialized
[    0.714199] EVM: security.selinux
[    0.714662] EVM: security.SMACK64
[    0.715105] EVM: security.capability
[    0.737584] print_constraints: dummy: 
[    0.739222] RTC time:  9:26:50, date: 12/17/15
[    0.742330] NET: Registered protocol family 16
[    0.750680] ACPI: bus type pci registered
[    0.756603] PCI: Using configuration type 1 for base access
[    0.794470] bio: create slab &lt;bio-0&gt; at 0
[    0.799147] ACPI: Added _OSI(Module Device)
[    0.800177] ACPI: Added _OSI(Processor Device)
[    0.800849] ACPI: Added _OSI(3.0 _SCP Extensions)
[    0.801460] ACPI: Added _OSI(Processor Aggregator Device)
[    0.878511] ACPI: Interpreter enabled
[    0.879185] ACPI: (supports S0 S3 S4 S5)
[    0.881444] ACPI: Using IOAPIC for interrupt routing
[    0.953236] ACPI: No dock devices found.
[    0.953917] HEST: Table not found.
[    0.954468] PCI: Using host bridge windows from ACPI; if necessary, use "pci=nocrs" and report a bug
[    0.961167] ACPI: PCI Root Bridge [PCI0] (domain 0000 [bus 00-ff])
[    0.966387] pci_root PNP0A03:00: host bridge window [io  0x0000-0x0cf7]
[    0.967406] pci_root PNP0A03:00: host bridge window [io  0x0d00-0xadff]
[    0.968119] pci_root PNP0A03:00: host bridge window [io  0xae0f-0xaeff]
[    0.968997] pci_root PNP0A03:00: host bridge window [io  0xaf20-0xafdf]
[    0.969971] pci_root PNP0A03:00: host bridge window [io  0xafe4-0xffff]
[    0.972183] pci_root PNP0A03:00: host bridge window [mem 0x000a0000-0x000bffff]
[    0.973081] pci_root PNP0A03:00: host bridge window [mem 0x04000000-0xfebfffff]
[    0.998131] pci 0000:00:01.3: quirk: [io  0xb000-0xb03f] claimed by PIIX4 ACPI
[    1.000225] pci 0000:00:01.3: quirk: [io  0xb100-0xb10f] claimed by PIIX4 SMB
[    1.070185]  pci0000:00: Unable to request _OSC control (_OSC support mask: 0x1e)
[    1.125124] ACPI: PCI Interrupt Link [LNKA] (IRQs 5 *10 11)
[    1.127207] ACPI: PCI Interrupt Link [LNKB] (IRQs 5 *10 11)
[    1.129358] ACPI: PCI Interrupt Link [LNKC] (IRQs 5 10 *11)
[    1.132139] ACPI: PCI Interrupt Link [LNKD] (IRQs 5 10 *11)
[    1.133407] ACPI: PCI Interrupt Link [LNKS] (IRQs *9)
[    1.140782] vgaarb: device added: PCI:0000:00:02.0,decodes=io+mem,owns=io+mem,locks=none
[    1.141608] vgaarb: loaded
[    1.141972] vgaarb: bridge control possible 0000:00:02.0
[    1.145663] i2c-core: driver [aat2870] using legacy suspend method
[    1.146347] i2c-core: driver [aat2870] using legacy resume method
[    1.149384] SCSI subsystem initialized
[    1.153701] usbcore: registered new interface driver usbfs
[    1.154791] usbcore: registered new interface driver hub
[    1.156312] usbcore: registered new device driver usb
[    1.160368] PCI: Using ACPI for IRQ routing
[    1.172148] NetLabel: Initializing
[    1.172598] NetLabel:  domain hash size = 128
[    1.173087] NetLabel:  protocols = UNLABELED CIPSOv4
[    1.176254] NetLabel:  unlabeled traffic allowed by default
[    1.181758] HPET: 3 timers in total, 0 timers will be used for per-cpu timer
[    1.183011] hpet0: at MMIO 0xfed00000, IRQs 2, 8, 0
[    1.184537] hpet0: 3 comparators, 64-bit 100.000000 MHz counter
[    1.198754] Switching to clocksource hpet
[    1.422706] AppArmor: AppArmor Filesystem Enabled
[    1.424158] pnp: PnP ACPI init
[    1.425474] ACPI: bus type pnp registered
[    1.445679] pnp: PnP ACPI: found 9 devices
[    1.446292] ACPI: ACPI bus type pnp unregistered
[    1.503121] NET: Registered protocol family 2
[    1.538463] IP route cache hash table entries: 512 (order: 0, 4096 bytes)
[    1.546274] TCP established hash table entries: 2048 (order: 3, 32768 bytes)
[    1.547761] TCP bind hash table entries: 2048 (order: 3, 32768 bytes)
[    1.549505] TCP: Hash tables configured (established 2048 bind 2048)
[    1.550357] TCP reno registered
[    1.550895] UDP hash table entries: 128 (order: 0, 4096 bytes)
[    1.551900] UDP-Lite hash table entries: 128 (order: 0, 4096 bytes)
[    1.555367] NET: Registered protocol family 1
[    1.556559] pci 0000:00:00.0: Limiting direct PCI/PCI transfers
[    1.557736] pci 0000:00:01.0: PIIX3: Enabling Passive Release
[    1.558700] pci 0000:00:01.0: Activating ISA DMA hang workarounds
[    1.563339] ACPI: PCI Interrupt Link [LNKD] enabled at IRQ 11
[    1.564975] pci 0000:00:01.2: PCI INT D -&gt; Link[LNKD] -&gt; GSI 11 (level, high) -&gt; IRQ 11
[    1.566935] pci 0000:00:01.2: PCI INT D disabled
[    1.591633] Trying to unpack rootfs image as initramfs...
[    1.615609] audit: initializing netlink socket (disabled)
[    1.619114] type=2000 audit(1450344410.616:1): initialized
[    1.914333] HugeTLB registered 2 MB page size, pre-allocated 0 pages
[    1.995493] VFS: Disk quotas dquot_6.5.2
[    1.997464] Dquot-cache hash table entries: 512 (order 0, 4096 bytes)
[    2.018910] fuse init (API version 7.17)
[    2.021969] msgmni has been set to 84
[    2.059229] Block layer SCSI generic (bsg) driver version 0.4 loaded (major 253)
[    2.071524] io scheduler noop registered
[    2.074212] io scheduler deadline registered (default)
[    2.075897] io scheduler cfq registered
[    2.079807] pci_hotplug: PCI Hot Plug PCI Core version: 0.5
[    2.082721] pciehp: PCI Express Hot Plug Controller Driver version: 0.4
[    2.088117] input: Power Button as /devices/LNXSYSTM:00/LNXPWRBN:00/input/input0
[    2.090434] ACPI: Power Button [PWRF]
[    2.151187] ERST: Table is not found!
[    2.151756] GHES: HEST is not enabled!
[    2.162084] ACPI: PCI Interrupt Link [LNKC] enabled at IRQ 10
[    2.162772] virtio-pci 0000:00:03.0: PCI INT A -&gt; Link[LNKC] -&gt; GSI 10 (level, high) -&gt; IRQ 10
[    2.166259] virtio-pci 0000:00:04.0: PCI INT A -&gt; Link[LNKD] -&gt; GSI 11 (level, high) -&gt; IRQ 11
[    2.177843] ACPI: PCI Interrupt Link [LNKA] enabled at IRQ 10
[    2.178558] virtio-pci 0000:00:05.0: PCI INT A -&gt; Link[LNKA] -&gt; GSI 10 (level, high) -&gt; IRQ 10
[    2.189382] Serial: 8250/16550 driver, 32 ports, IRQ sharing enabled
[    2.228037] serial8250: ttyS0 at I/O 0x3f8 (irq = 4) is a 16550A
[    2.313074] serial8250: ttyS1 at I/O 0x2f8 (irq = 3) is a 16550A
[    2.437248] 00:05: ttyS0 at I/O 0x3f8 (irq = 4) is a 16550A
[    2.519239] 00:06: ttyS1 at I/O 0x2f8 (irq = 3) is a 16550A
[    2.574099] Linux agpgart interface v0.103
[    2.582261] Refined TSC clocksource calibration: 2294.721 MHz.
[    2.583281] Switching to clocksource tsc
[    2.642717] brd: module loaded
[    2.675748] loop: module loaded
[    2.727639]  vda: unknown partition table
[    2.790005] scsi0 : ata_piix
[    2.798553] scsi1 : ata_piix
[    2.801384] ata1: PATA max MWDMA2 cmd 0x1f0 ctl 0x3f6 bmdma 0xc0a0 irq 14
[    2.802841] ata2: PATA max MWDMA2 cmd 0x170 ctl 0x376 bmdma 0xc0a8 irq 15
[    2.815486] Fixed MDIO Bus: probed
[    2.817834] tun: Universal TUN/TAP device driver, 1.6
[    2.819915] tun: (C) 1999-2004 Max Krasnyansky &lt;maxk@qualcomm.com&gt;
[    2.839268] PPP generic driver version 2.4.2
[    2.864119] ehci_hcd: USB 2.0 'Enhanced' Host Controller (EHCI) Driver
[    2.866004] ohci_hcd: USB 1.1 'Open' Host Controller (OHCI) Driver
[    2.866931] uhci_hcd: USB Universal Host Controller Interface driver
[    2.867914] uhci_hcd 0000:00:01.2: PCI INT D -&gt; Link[LNKD] -&gt; GSI 11 (level, high) -&gt; IRQ 11
[    2.871368] uhci_hcd 0000:00:01.2: UHCI Host Controller
[    2.886040] uhci_hcd 0000:00:01.2: new USB bus registered, assigned bus number 1
[    2.887904] uhci_hcd 0000:00:01.2: irq 11, io base 0x0000c040
[    2.931972] hub 1-0:1.0: USB hub found
[    2.938030] hub 1-0:1.0: 2 ports detected
[    2.948115] usbcore: registered new interface driver libusual
[    2.952031] i8042: PNP: PS/2 Controller [PNP0303:KBD,PNP0f13:MOU] at 0x60,0x64 irq 1,12
[    2.959833] serio: i8042 KBD port at 0x60,0x64 irq 1
[    2.961588] serio: i8042 AUX port at 0x60,0x64 irq 12
[    3.001022] mousedev: PS/2 mouse device common for all mice
[    3.020511] input: AT Translated Set 2 keyboard as /devices/platform/i8042/serio0/input/input1
[    3.040011] rtc_cmos 00:01: RTC can wake from S4
[    3.051091] ata2.01: ATAPI: QEMU DVD-ROM, 2.0.0, max UDMA/100
[    3.059808] rtc_cmos 00:01: rtc core: registered rtc_cmos as rtc0
[    3.063766] rtc0: alarms up to one day, 114 bytes nvram, hpet irqs
[    3.067955] device-mapper: uevent: version 1.0.3
[    3.078446] ata2.01: configured for MWDMA2
[    3.110950] device-mapper: ioctl: 4.22.0-ioctl (2011-10-19) initialised: dm-devel@redhat.com
[    3.116713] cpuidle: using governor ladder
[    3.117986] cpuidle: using governor menu
[    3.119581] EFI Variables Facility v0.08 2004-May-17
[    3.130503] TCP cubic registered
[    3.134655] NET: Registered protocol family 10
[    3.160789] NET: Registered protocol family 17
[    3.162414] Registering the dns_resolver key type
[    3.175989] scsi 1:0:1:0: CD-ROM            QEMU     QEMU DVD-ROM     2.0. PQ: 0 ANSI: 5
[    3.205155] sr0: scsi3-mmc drive: 4x/4x cd/rw xa/form2 tray
[    3.207743] cdrom: Uniform CD-ROM driver Revision: 3.20
[    3.228812] sr 1:0:1:0: Attached scsi generic sg0 type 5
[    3.279698] registered taskstats version 1
[    3.335312] Freeing initrd memory: 3656k freed
[    3.846680]   Magic number: 11:641:424
[    3.858798] rtc_cmos 00:01: setting system clock to 2015-12-17 09:26:53 UTC (1450344413)
[    3.862112] powernow-k8: Processor cpuid 663 not supported
[    3.867312] BIOS EDD facility v0.16 2004-Jun-25, 0 devices found
[    3.868703] EDD information not available.
[    3.944551] Freeing unused kernel memory: 928k freed
[    3.952702] Write protecting the kernel read-only data: 12288k
[    4.068554] Freeing unused kernel memory: 1596k freed
[    4.147238] Freeing unused kernel memory: 1184k freed

info: initramfs: up at 4.33
modprobe: module virtio_blk not found in modules.dep
modprobe: module virtio_net not found in modules.dep
info: copying initramfs to /dev/vda
info: initramfs loading root from /dev/vda
info: /etc/init.d/rc.sysinit: up at 9.00
info: container: none
Starting logging: OK
modprobe: module virtio_blk not found in modules.dep
modprobe: module virtio_net not found in modules.dep
WARN: /etc/rc3.d/S10-load-modules failed
Initializing random number generator... done.
Starting acpid: OK
cirros-ds 'local' up at 11.56
found datasource (configdrive, local)
Starting network...
udhcpc (v1.20.1) started
Sending discover...
Sending discover...
Sending discover...
Usage: /sbin/cirros-dhcpc &lt;up|down&gt;
No lease, failing
WARN: /etc/rc3.d/S40-network failed
Starting dropbear sshd: generating rsa key... generating dsa key... OK
no userdata for datasource
=== system information ===
Platform: OpenStack Foundation OpenStack Nova
Container: none
Arch: x86_64
CPU(s): 1 @ 2294.682 MHz
Cores/Sockets/Threads: 1/1/1
Virt-type: AMD-V
RAM Size: 49MB
Disks:
NAME MAJ:MIN     SIZE LABEL         MOUNTPOINT
vda  253:0   25165824 cirros-rootfs /
sr0   11:0     428032 config-2      
=== sshd host keys ===
-----BEGIN SSH HOST KEY KEYS-----
ssh-rsa AAAAB3NzaC1yc2EAAAADAQABAAAAgmX7T7O44Bg8ztpGe450fN53mXCYiPkqS5/GBYD4oCwy4AQVyX3L1dWzZgRksjOXQGyP1XHP3eTnAqV3AqARytBaNBfFwVM9FClf+w2X5HX6jMKowgDbF9ppU9I2ozRAt99tryqk3TNwcZ3dfIyxVodzjVr6mSzH0QcAqsONB8PcuG8= root@tempest
ssh-dss AAAAB3NzaC1kc3MAAACBANO0xRmHcGaxitoQVqxb6RNJn3OmH685izuQmwsyvT4HAYgGITQi9+eff/i1+bKVk00pbdbkhU9NKBZ1IQ4NdV4mA58q4ljaJ5I+zFPfRI6RbKaFMFWjDFxn4R5hts8qNmyn7nIXy2HarrsrTU4jUhj87Ibzwq8UfOQJK8OF9V1bAAAAFQCidSy5SANZKqIesyAIlbk+ibl2jQAAAIEAuz0UfdlirsHLXVdL73HwRxgTL2AEdtC0VBzZ3KLYhYczI+ZHvSQMYdiv4XF+dm7BbcMBz9GK02hmk/BmQDVq7AMx1P0DwezbL4KDFVavHc5YLVVTwI65ou9G4LnsKSOH523jm1CzivnumcpuCHRDzioxFy53btaVRD+5jobMwfMAAACBALNu4WbrwkyBB2zQ5sQ1k5OPHUp4vuy/p+9gT+XmjNswVfzpvs0gcLn3xa0Bl9uxCObIJ0so4Gw5/BHbgz3IevcGyOsL3G8UBKBSE6taDkuiHcvPKIeVnE7QEQv9E/erYsZ6Mb0b3N6Ku/PxotRC7tmBkkxjAwnp5Eaz6rsagTmT root@tempest
-----END SSH HOST KEY KEYS-----
=== network info ===
if-info: lo,up,127.0.0.1,8,::1
if-info: eth0,up,,8,fe80::f816:3eff:fe5c:4e9e
=== datasource: configdrive local ===
instance-id: 740b0cad-837e-4536-8354-9a01eb63cc6f
name: tempest.common.compute-instance-1664656332
availability-zone: nova
local-hostname: tempest.common.compute-instance-1664656332.novalocal
launch-index: 0
=== cirros: current=0.3.4 uptime=201.33 ===
route: fscanf
=== pinging gateway failed, debugging connection ===
############ debug start ##############
### /etc/init.d/sshd start
Starting dropbear sshd: OK
route: fscanf
### ifconfig -a
eth0      Link encap:Ethernet  HWaddr FA:16:3E:5C:4E:9E  
          inet6 addr: fe80::f816:3eff:fe5c:4e9e/64 Scope:Link
          UP BROADCAST RUNNING MULTICAST  MTU:1500  Metric:1
          RX packets:12 errors:0 dropped:5 overruns:0 frame:0
          TX packets:8 errors:0 dropped:0 overruns:0 carrier:0
          collisions:0 txqueuelen:1000 
          RX bytes:1293 (1.2 KiB)  TX bytes:1134 (1.1 KiB)

lo        Link encap:Local Loopback  
          inet addr:127.0.0.1  Mask:255.0.0.0
          inet6 addr: ::1/128 Scope:Host
          UP LOOPBACK RUNNING  MTU:16436  Metric:1
          RX packets:12 errors:0 dropped:0 overruns:0 frame:0
          TX packets:12 errors:0 dropped:0 overruns:0 carrier:0
          collisions:0 txqueuelen:0 
          RX bytes:1020 (1020.0 B)  TX bytes:1020 (1020.0 B)

### route -n
Kernel IP routing table
Destination     Gateway         Genmask         Flags Metric Ref    Use Iface
route: fscanf
### cat /etc/resolv.conf
cat: can't open '/etc/resolv.conf': No such file or directory
### gateway not found
/sbin/cirros-status: line 1: can't open /etc/resolv.conf: no such file
### pinging nameservers
### uname -a
Linux tempest 3.2.0-80-virtual #116-Ubuntu SMP Mon Mar 23 17:28:52 UTC 2015 x86_64 GNU/Linux
### lsmod
Module                  Size  Used by    Not tainted
nls_iso8859_1          12713  0 
nls_cp437              16991  0 
vfat                   17585  0 
fat                    61512  1 vfat
isofs                  40259  0 
ip_tables              27473  0 
x_tables               29891  1 ip_tables
pcnet32                42119  0 
8139cp                 27360  0 
ne2k_pci               13691  0 
8390                   18856  1 ne2k_pci
e1000                 108589  0 
acpiphp                24231  0 
### dmesg | tail
[    5.122227] EXT3-fs (vda): mounted filesystem with ordered data mode
[    5.424000] ISO 9660 Extensions: Microsoft Joliet Level 3
[    5.493726] ISO 9660 Extensions: RRIP_1991A
[    5.736038] kjournald starting.  Commit interval 5 seconds
[    5.754990] EXT3-fs (vda): using internal journal
[    5.755178] EXT3-fs (vda): mounted filesystem with ordered data mode
[    9.104845] EXT3-fs (vda): using internal journal
[   12.377641] ISO 9660 Extensions: Microsoft Joliet Level 3
[   12.479237] ISO 9660 Extensions: RRIP_1991A
[   27.602735] eth0: no IPv6 routers present
### tail -n 25 /var/log/messages
Dec 17 09:27:00 cirros kern.info kernel: [    4.600041] acpiphp: Slot [24] registered
Dec 17 09:27:00 cirros kern.info kernel: [    4.601463] acpiphp: Slot [25] registered
Dec 17 09:27:00 cirros kern.info kernel: [    4.602122] acpiphp: Slot [26] registered
Dec 17 09:27:00 cirros kern.info kernel: [    4.602451] acpiphp: Slot [27] registered
Dec 17 09:27:00 cirros kern.info kernel: [    4.602956] acpiphp: Slot [28] registered
Dec 17 09:27:00 cirros kern.info kernel: [    4.603928] acpiphp: Slot [29] registered
Dec 17 09:27:00 cirros kern.info kernel: [    4.604096] acpiphp: Slot [30] registered
Dec 17 09:27:00 cirros kern.info kernel: [    4.605575] acpiphp: Slot [31] registered
Dec 17 09:27:00 cirros kern.info kernel: [    4.669834] e1000: Intel(R) PRO/1000 Network Driver - version 7.3.21-k8-NAPI
Dec 17 09:27:00 cirros kern.info kernel: [    4.670002] e1000: Copyright (c) 1999-2006 Intel Corporation.
Dec 17 09:27:00 cirros kern.info kernel: [    4.706548] ne2k-pci.c:v1.03 9/22/2003 D. Becker/P. Gortmaker
Dec 17 09:27:00 cirros kern.info kernel: [    4.738360] 8139cp: 8139cp: 10/100 PCI Ethernet driver v1.3 (Mar 22, 2004)
Dec 17 09:27:00 cirros kern.info kernel: [    4.789456] pcnet32: pcnet32.c:v1.35 21.Apr.2008 tsbogend@alpha.franken.de
Dec 17 09:27:00 cirros kern.info kernel: [    4.843177] ip_tables: (C) 2000-2006 Netfilter Core Team
Dec 17 09:27:00 cirros kern.info kernel: [    5.116035] kjournald starting.  Commit interval 5 seconds
Dec 17 09:27:00 cirros kern.info kernel: [    5.122227] EXT3-fs (vda): mounted filesystem with ordered data mode
Dec 17 09:27:00 cirros kern.debug kernel: [    5.424000] ISO 9660 Extensions: Microsoft Joliet Level 3
Dec 17 09:27:00 cirros kern.debug kernel: [    5.493726] ISO 9660 Extensions: RRIP_1991A
Dec 17 09:27:00 cirros kern.info kernel: [    5.736038] kjournald starting.  Commit interval 5 seconds
Dec 17 09:27:00 cirros kern.info kernel: [    5.754990] EXT3-fs (vda): using internal journal
Dec 17 09:27:02 cirros kern.debug kernel: [   12.377641] ISO 9660 Extensions: Microsoft Joliet Level 3
Dec 17 09:27:02 cirros kern.debug kernel: [   12.479237] ISO 9660 Extensions: RRIP_1991A
Dec 17 09:27:05 cirros auth.notice su: + /dev/console root:cirros
Dec 17 09:27:17 cirros kern.debug kernel: [   27.602735] eth0: no IPv6 routers present
Dec 17 09:30:09 cirros authpriv.info dropbear[283]: Running in background
############ debug end   ##############
  ____               ____  ____
 / __/ __ ____ ____ / __ \/ __/
/ /__ / // __// __// /_/ /\ \ 
\___//_//_/  /_/   \____/___/ 
   http://cirros-cloud.net


login as 'cirros' user. default password: 'cubswin:)'. use 'sudo' for root.
tempest login: 
2015-12-17 09:30:20,544 20936 INFO     [tempest_lib.common.rest_client] Request (TestGettingAddress:_run_cleanups): 204 DELETE http://10.0.2.15:9696/v2.0/floatingips/e26f3025-c4d5-4623-a835-bbec5aece9e0 0.202s
2015-12-17 09:30:20,545 20936 DEBUG    [tempest_lib.common.rest_client] Request - Headers: {'Content-Type': 'application/json', 'Accept': 'application/json', 'X-Auth-Token': '&lt;omitted&gt;'}
        Body: None
    Response - Headers: {'date': 'Thu, 17 Dec 2015 09:30:20 GMT', 'status': '204', 'connection': 'close', 'content-length': '0', 'x-openstack-request-id': 'req-d99b361e-b20e-4b00-8244-7e475b420427'}
        Body: 
2015-12-17 09:30:20,765 20936 INFO     [tempest_lib.common.rest_client] Request (TestGettingAddress:_run_cleanups): 204 DELETE http://10.0.2.15:8774/v2.1/91e1fa1509f24e4dabd1d8d100165a39/servers/740b0cad-837e-4536-8354-9a01eb63cc6f 0.219s
2015-12-17 09:30:20,765 20936 DEBUG    [tempest_lib.common.rest_client] Request - Headers: {'Content-Type': 'application/json', 'Accept': 'application/json', 'X-Auth-Token': '&lt;omitted&gt;'}
        Body: None
    Response - Headers: {'status': '204', 'content-length': '0', 'x-compute-request-id': 'req-cd3ad3c9-a09c-4c9d-998a-ec64f0b22e89', 'vary': 'X-OpenStack-Nova-API-Version', 'connection': 'close', 'x-openstack-nova-api-version': '2.1', 'date': 'Thu, 17 Dec 2015 09:30:20 GMT', 'content-type': 'application/json'}
        Body: 
2015-12-17 09:30:21,080 20936 INFO     [tempest_lib.common.rest_client] Request (TestGettingAddress:_run_cleanups): 200 GET http://10.0.2.15:8774/v2.1/91e1fa1509f24e4dabd1d8d100165a39/servers/740b0cad-837e-4536-8354-9a01eb63cc6f 0.314s
2015-12-17 09:30:21,081 20936 DEBUG    [tempest_lib.common.rest_client] Request - Headers: {'Content-Type': 'application/json', 'Accept': 'application/json', 'X-Auth-Token': '&lt;omitted&gt;'}
        Body: None
    Response - Headers: {'status': '200', 'content-length': '1904', 'content-location': 'http://10.0.2.15:8774/v2.1/91e1fa1509f24e4dabd1d8d100165a39/servers/740b0cad-837e-4536-8354-9a01eb63cc6f', 'x-compute-request-id': 'req-3507feb4-6dc2-44c5-afec-0d00538f3c69', 'vary': 'X-OpenStack-Nova-API-Version', 'connection': 'close', 'x-openstack-nova-api-version': '2.1', 'date': 'Thu, 17 Dec 2015 09:30:21 GMT', 'content-type': 'application/json'}
        Body: {"server": {"status": "ACTIVE", "updated": "2015-12-17T09:30:20Z", "hostId": "3a17ed6f88301d6623f4796241a33c9930700c1f28217b1bd01cdf59", "addresses": {"tempest-network-smoke--617815696": [{"OS-EXT-IPS-MAC:mac_addr": "fa:16:3e:5c:4e:9e", "version": 4, "addr": "10.100.0.3", "OS-EXT-IPS:type": "fixed"}, {"OS-EXT-IPS-MAC:mac_addr": "fa:16:3e:5c:4e:9e", "version": 6, "addr": "2003::f816:3eff:fe5c:4e9e", "OS-EXT-IPS:type": "fixed"}, {"OS-EXT-IPS-MAC:mac_addr": "fa:16:3e:5c:4e:9e", "version": 4, "addr": "172.24.4.4", "OS-EXT-IPS:type": "floating"}]}, "links": [{"href": "http://10.0.2.15:8774/v2.1/91e1fa1509f24e4dabd1d8d100165a39/servers/740b0cad-837e-4536-8354-9a01eb63cc6f", "rel": "self"}, {"href": "http://10.0.2.15:8774/91e1fa1509f24e4dabd1d8d100165a39/servers/740b0cad-837e-4536-8354-9a01eb63cc6f", "rel": "bookmark"}], "key_name": "tempest-TestGettingAddress-1844580439", "image": {"id": "f598957f-ea37-4284-bbad-886b081f25bd", "links": [{"href": "http://10.0.2.15:8774/91e1fa1509f24e4dabd1d8d100165a39/images/f598957f-ea37-4284-bbad-886b081f25bd", "rel": "bookmark"}]}, "OS-EXT-STS:task_state": "deleting", "OS-EXT-STS:vm_state": "active", "OS-SRV-USG:launched_at": "2015-12-17T09:26:46.000000", "flavor": {"id": "42", "links": [{"href": "http://10.0.2.15:8774/91e1fa1509f24e4dabd1d8d100165a39/flavors/42", "rel": "bookmark"}]}, "id": "740b0cad-837e-4536-8354-9a01eb63cc6f", "security_groups": [{"name": "tempest-secgroup-smoke-1389375237"}], "OS-SRV-USG:terminated_at": null, "OS-EXT-AZ:availability_zone": "nova", "user_id": "a5eaf28f6c704547ba73d6dda343ed72", "name": "tempest.common.compute-instance-1664656332", "created": "2015-12-17T09:26:43Z", "tenant_id": "91e1fa1509f24e4dabd1d8d100165a39", "OS-DCF:diskConfig": "MANUAL", "os-extended-volumes:volumes_attached": [], "accessIPv4": "", "accessIPv6": "", "progress": 0, "OS-EXT-STS:power_state": 1, "config_drive": "True", "metadata": {}}}
2015-12-17 09:30:22,262 20936 INFO     [tempest_lib.common.rest_client] Request (TestGettingAddress:_run_cleanups): 200 GET http://10.0.2.15:8774/v2.1/91e1fa1509f24e4dabd1d8d100165a39/servers/740b0cad-837e-4536-8354-9a01eb63cc6f 0.170s
2015-12-17 09:30:22,263 20936 DEBUG    [tempest_lib.common.rest_client] Request - Headers: {'Content-Type': 'application/json', 'Accept': 'application/json', 'X-Auth-Token': '&lt;omitted&gt;'}
        Body: None
    Response - Headers: {'status': '200', 'content-length': '1445', 'content-location': 'http://10.0.2.15:8774/v2.1/91e1fa1509f24e4dabd1d8d100165a39/servers/740b0cad-837e-4536-8354-9a01eb63cc6f', 'x-compute-request-id': 'req-db333000-02e0-47d9-8299-dbd8766ed44f', 'vary': 'X-OpenStack-Nova-API-Version', 'connection': 'close', 'x-openstack-nova-api-version': '2.1', 'date': 'Thu, 17 Dec 2015 09:30:22 GMT', 'content-type': 'application/json'}
        Body: {"server": {"status": "DELETED", "updated": "2015-12-17T09:30:22Z", "hostId": "3a17ed6f88301d6623f4796241a33c9930700c1f28217b1bd01cdf59", "addresses": {}, "links": [{"href": "http://10.0.2.15:8774/v2.1/91e1fa1509f24e4dabd1d8d100165a39/servers/740b0cad-837e-4536-8354-9a01eb63cc6f", "rel": "self"}, {"href": "http://10.0.2.15:8774/91e1fa1509f24e4dabd1d8d100165a39/servers/740b0cad-837e-4536-8354-9a01eb63cc6f", "rel": "bookmark"}], "key_name": "tempest-TestGettingAddress-1844580439", "image": {"id": "f598957f-ea37-4284-bbad-886b081f25bd", "links": [{"href": "http://10.0.2.15:8774/91e1fa1509f24e4dabd1d8d100165a39/images/f598957f-ea37-4284-bbad-886b081f25bd", "rel": "bookmark"}]}, "OS-EXT-STS:task_state": null, "OS-EXT-STS:vm_state": "deleted", "OS-SRV-USG:launched_at": "2015-12-17T09:26:46.000000", "flavor": {"id": "42", "links": [{"href": "http://10.0.2.15:8774/91e1fa1509f24e4dabd1d8d100165a39/flavors/42", "rel": "bookmark"}]}, "id": "740b0cad-837e-4536-8354-9a01eb63cc6f", "OS-SRV-USG:terminated_at": "2015-12-17T09:30:22.000000", "OS-EXT-AZ:availability_zone": "nova", "user_id": "a5eaf28f6c704547ba73d6dda343ed72", "name": "tempest.common.compute-instance-1664656332", "created": "2015-12-17T09:26:43Z", "tenant_id": "91e1fa1509f24e4dabd1d8d100165a39", "OS-DCF:diskConfig": "MANUAL", "os-extended-volumes:volumes_attached": [], "accessIPv4": "", "accessIPv6": "", "OS-EXT-STS:power_state": 0, "config_drive": "True", "metadata": {}}}
2015-12-17 09:30:23,363 20936 INFO     [tempest_lib.common.rest_client] Request (TestGettingAddress:_run_cleanups): 404 GET http://10.0.2.15:8774/v2.1/91e1fa1509f24e4dabd1d8d100165a39/servers/740b0cad-837e-4536-8354-9a01eb63cc6f 0.082s
2015-12-17 09:30:23,364 20936 DEBUG    [tempest_lib.common.rest_client] Request - Headers: {'Content-Type': 'application/json', 'Accept': 'application/json', 'X-Auth-Token': '&lt;omitted&gt;'}
        Body: None
    Response - Headers: {'status': '404', 'content-length': '111', 'x-compute-request-id': 'req-6cbc31a8-724c-468f-beb3-3ea8d27142d3', 'vary': 'X-OpenStack-Nova-API-Version', 'connection': 'close', 'x-openstack-nova-api-version': '2.1', 'date': 'Thu, 17 Dec 2015 09:30:23 GMT', 'content-type': 'application/json; charset=UTF-8'}
        Body: {"itemNotFound": {"message": "Instance 740b0cad-837e-4536-8354-9a01eb63cc6f could not be found.", "code": 404}}
2015-12-17 09:30:23,710 20936 INFO     [tempest_lib.common.rest_client] Request (TestGettingAddress:_run_cleanups): 200 PUT http://10.0.2.15:9696/v2.0/routers/cda9d1bd-f030-415d-a9e3-b78ac6de3174/remove_router_interface 0.345s
2015-12-17 09:30:23,710 20936 DEBUG    [tempest_lib.common.rest_client] Request - Headers: {'Content-Type': 'application/json', 'Accept': 'application/json', 'X-Auth-Token': '&lt;omitted&gt;'}
        Body: {"subnet_id": "45c0d102-276e-4241-a475-e4761136368b"}
    Response - Headers: {'status': '200', 'content-length': '255', 'connection': 'close', 'date': 'Thu, 17 Dec 2015 09:30:23 GMT', 'content-type': 'application/json; charset=UTF-8', 'x-openstack-request-id': 'req-323189b0-7935-4bdf-8778-f32d92f75e26'}
        Body: {"subnet_id": "45c0d102-276e-4241-a475-e4761136368b", "tenant_id": "91e1fa1509f24e4dabd1d8d100165a39", "subnet_ids": ["45c0d102-276e-4241-a475-e4761136368b"], "port_id": "efa8976d-af18-44ef-9d7b-3d5284db130c", "id": "cda9d1bd-f030-415d-a9e3-b78ac6de3174"}
2015-12-17 09:30:24,119 20936 INFO     [tempest_lib.common.rest_client] Request (TestGettingAddress:_run_cleanups): 204 DELETE http://10.0.2.15:9696/v2.0/subnets/45c0d102-276e-4241-a475-e4761136368b 0.408s
2015-12-17 09:30:24,120 20936 DEBUG    [tempest_lib.common.rest_client] Request - Headers: {'Content-Type': 'application/json', 'Accept': 'application/json', 'X-Auth-Token': '&lt;omitted&gt;'}
        Body: None
    Response - Headers: {'date': 'Thu, 17 Dec 2015 09:30:24 GMT', 'status': '204', 'connection': 'close', 'content-length': '0', 'x-openstack-request-id': 'req-8a9df86f-45c3-4eb1-bf69-dd6c65588d16'}
        Body: 
2015-12-17 09:30:24,153 20936 INFO     [tempest_lib.common.rest_client] Request (TestGettingAddress:_run_cleanups): 404 DELETE http://10.0.2.15:9696/v2.0/subnets/45c0d102-276e-4241-a475-e4761136368b 0.033s
2015-12-17 09:30:24,154 20936 DEBUG    [tempest_lib.common.rest_client] Request - Headers: {'Content-Type': 'application/json', 'Accept': 'application/json', 'X-Auth-Token': '&lt;omitted&gt;'}
        Body: None
    Response - Headers: {'status': '404', 'content-length': '135', 'connection': 'close', 'date': 'Thu, 17 Dec 2015 09:30:24 GMT', 'content-type': 'application/json; charset=UTF-8', 'x-openstack-request-id': 'req-7fa36bbe-3c80-474f-bb23-e25eb1cbd1e3'}
        Body: {"NeutronError": {"message": "Subnet 45c0d102-276e-4241-a475-e4761136368b could not be found", "type": "SubnetNotFound", "detail": ""}}
2015-12-17 09:30:24,477 20936 INFO     [tempest_lib.common.rest_client] Request (TestGettingAddress:_run_cleanups): 200 PUT http://10.0.2.15:9696/v2.0/routers/cda9d1bd-f030-415d-a9e3-b78ac6de3174/remove_router_interface 0.322s
2015-12-17 09:30:24,477 20936 DEBUG    [tempest_lib.common.rest_client] Request - Headers: {'Content-Type': 'application/json', 'Accept': 'application/json', 'X-Auth-Token': '&lt;omitted&gt;'}
        Body: {"subnet_id": "b2d59e4a-a735-4cfe-b068-cedea5263055"}
