<?xml version="1.0" encoding="UTF-8"?>
<!DOCTYPE html PUBLIC "-//W3C//DTD XHTML 1.0 Strict//EN"
     "http://www.w3.org/TR/xhtml1/DTD/xhtml1-strict.dtd">
<html xmlns="http://www.w3.org/1999/xhtml">
<head>
    <title>Unit Test Report</title>
    <meta name="generator" content="subunit2html 0.1"/>
    <meta http-equiv="Content-Type" content="text/html; charset=UTF-8"/>
    
<style type="text/css" media="screen">
body        { font-family: verdana, arial, helvetica, sans-serif;
    font-size: 80%; }
table       { font-size: 100%; width: 100%;}
pre         { font-size: 80%; }

/* -- heading -------------------------------------------------------------- */
h1 {
        font-size: 16pt;
        color: gray;
}
.heading {
    margin-top: 0ex;
    margin-bottom: 1ex;
}

.heading .attribute {
    margin-top: 1ex;
    margin-bottom: 0;
}

.heading .description {
    margin-top: 4ex;
    margin-bottom: 6ex;
}

/* -- css div popup -------------------------------------------------------- */
a.popup_link {
}

a.popup_link:hover {
    color: red;
}

.popup_window {
    display: none;
    overflow-x: scroll;
    /*border: solid #627173 1px; */
    padding: 10px;
    background-color: #E6E6D6;
    font-family: "Ubuntu Mono", "Lucida Console", "Courier New", monospace;
    text-align: left;
    font-size: 8pt;
}

}
/* -- report --------------------------------------------------------------- */
#show_detail_line {
    margin-top: 3ex;
    margin-bottom: 1ex;
}
#result_table {
    width: 100%;
    border-collapse: collapse;
    border: 1px solid #777;
}
#header_row {
    font-weight: bold;
    color: white;
    background-color: #777;
}
#result_table td {
    border: 1px solid #777;
    padding: 2px;
}
#total_row  { font-weight: bold; }
.passClass  { background-color: #6c6; }
.failClass  { background-color: #c60; }
.errorClass { background-color: #c00; }
.passCase   { color: #6c6; }
.failCase   { color: #c60; font-weight: bold; }
.errorCase  { color: #c00; font-weight: bold; }
.hiddenRow  { display: none; }
.testcase   { margin-left: 2em; }
td.testname {width: 40%}
td.small {width: 40px}

/* -- ending --------------------------------------------------------------- */
#ending {
}

</style>

</head>
<body>
<script language="javascript" type="text/javascript"><!--
output_list = Array();

/* level - 0:Summary; 1:Failed; 2:All */
function showCase(level) {
    trs = document.getElementsByTagName("tr");
    for (var i = 0; i < trs.length; i++) {
        tr = trs[i];
        id = tr.id;
        if (id.substr(0,2) == 'ft') {
            if (level < 1) {
                tr.className = 'hiddenRow';
            }
            else {
                tr.className = '';
            }
        }
        if (id.substr(0,2) == 'pt') {
            if (level > 1) {
                tr.className = '';
            }
            else {
                tr.className = 'hiddenRow';
            }
        }
    }
}


function showClassDetail(cid, count) {
    var id_list = Array(count);
    var toHide = 1;
    for (var i = 0; i < count; i++) {
        tid0 = 't' + cid.substr(1) + '.' + (i+1);
        tid = 'f' + tid0;
        tr = document.getElementById(tid);
        if (!tr) {
            tid = 'p' + tid0;
            tr = document.getElementById(tid);
        }
        id_list[i] = tid;
        if (tr.className) {
            toHide = 0;
        }
    }
    for (var i = 0; i < count; i++) {
        tid = id_list[i];
        if (toHide) {
            document.getElementById('div_'+tid).style.display = 'none'
            document.getElementById(tid).className = 'hiddenRow';
        }
        else {
            document.getElementById(tid).className = '';
        }
    }
}


function showTestDetail(div_id){
    var details_div = document.getElementById(div_id)
    var displayState = details_div.style.display
    // alert(displayState)
    if (displayState != 'block' ) {
        displayState = 'block'
        details_div.style.display = 'block'
    }
    else {
        details_div.style.display = 'none'
    }
}


function html_escape(s) {
    s = s.replace(/&/g,'&amp;');
    s = s.replace(/</g,'&lt;');
    s = s.replace(/>/g,'&gt;');
    return s;
}

/* obsoleted by detail in <div>
function showOutput(id, name) {
    var w = window.open("", //url
                    name,
                    "resizable,scrollbars,status,width=800,height=450");
    d = w.document;
    d.write("<pre>");
    d.write(html_escape(output_list[id]));
    d.write("\n");
    d.write("<a href='javascript:window.close()'>close</a>\n");
    d.write("</pre>\n");
    d.close();
}
*/
--></script>

<div class='heading'>
<h1>Unit Test Report</h1>

<p class='attribute'><strong>Status:</strong> Pass 2 Failure 6</p>

<p class='description'></p>
</div>



<p id='show_detail_line'>Show
<a href='javascript:showCase(0)'>Summary</a>
<a href='javascript:showCase(1)'>Failed</a>
<a href='javascript:showCase(2)'>All</a>
</p>
<table id='result_table'>
<colgroup>
<col align='left' />
<col align='right' />
<col align='right' />
<col align='right' />
<col align='right' />
<col align='right' />
<col align='right' />
<col align='right' />
</colgroup>
<tr id='header_row'>
    <td>Test Group/Test case</td>
    <td>Count</td>
    <td>Pass</td>
    <td>Fail</td>
    <td>Error</td>
    <td>Skip</td>
    <td>View</td>
    <td> </td>
</tr>

<tr class='failClass'>
    <td class="testname">tempest.scenario.test_network_v6.TestGettingAddress</td>
    <td class="small">8</td>
    <td class="small">2</td>
    <td class="small">6</td>
    <td class="small">0</td>
    <td class="small">0</td>
    <td class="small"><a href="javascript:showClassDetail('c1',8)"
>Detail</a></td>
    <td> </td>
</tr>

<tr id='ft1.1' class='none'>
    <td class='failCase'><div class='testcase'>test_dhcp6_stateless_from_os[compute,id-d7e1f858-187c-45a6-89c9-bdafde619a9f,network]</div></td>
    <td colspan='7' align='left'>

    <!--css div popup start-->
    <a class="popup_link" onfocus='this.blur();'
    href="javascript:showTestDetail('div_ft1.1')" >
        fail</a>

    <div id='div_ft1.1' class="popup_window">
        <div style='text-align: right; color:red;cursor:pointer'>
        <a onfocus='this.blur();'
onclick="document.getElementById('div_ft1.1').style.display = 'none' " >
           [x]</a>
        </div>
        <pre>
        
ft1.1: tempest.scenario.test_network_v6.TestGettingAddress.test_dhcp6_stateless_from_os[compute,id-d7e1f858-187c-45a6-89c9-bdafde619a9f,network]_StringException: Empty attachments:
  stderr
  stdout

pythonlogging:'': {{{
2015-12-10 00:52:58,327 32640 INFO     [tempest_lib.common.rest_client] Request (TestGettingAddress:setUp): 200 POST http://10.0.2.15:8774/v2.1/7edd54b5a3fd42338e1260b4063149d9/os-keypairs 1.544s
2015-12-10 00:52:58,328 32640 DEBUG    [tempest_lib.common.rest_client] Request - Headers: {'Content-Type': 'application/json', 'Accept': 'application/json', 'X-Auth-Token': '&lt;omitted&gt;'}
        Body: {"keypair": {"name": "tempest-TestGettingAddress-1080970840"}}
    Response - Headers: {'status': '200', 'content-length': '2320', 'x-compute-request-id': 'req-f05cf354-7b11-446d-bd05-6a3224993f94', 'vary': 'X-OpenStack-Nova-API-Version', 'connection': 'close', 'x-openstack-nova-api-version': '2.1', 'date': 'Thu, 10 Dec 2015 00:52:58 GMT', 'content-type': 'application/json'}
        Body: {"keypair": {"public_key": "ssh-rsa AAAAB3NzaC1yc2EAAAADAQABAAABAQDQyymiaiUwreCmjG4oD028UldoY6SxT0hiIvZa9KIKNbQh+sCZnMA1U+F/lyo/iRNERTTgdLbEMpc6tn5hY+u+Gn+C4Jcie9er3ruDgqNokIeoj9V3izeRWDRNjuOmJcvOz+dU08ii+PIM/wpiwP1ZepoasD6Xj7yG9su0n+1l4A05RYy2cV8xsds5DYhu5pY3JY9Ubk7mg0+O8DhatyltG/ZPj4vUKMwgG9P9mnqA0NYxeyAW2VPZNH38oznwg6Ha1s9uplA2s7oh5MClxnfU7B8lgAnPQ7srF5u81FciVWmUIcYlfXnKDoYEpMuKNzJZ6ZWL6qiXGqBeAhF372Tb Generated-by-Nova", "private_key": "-----BEGIN RSA PRIVATE KEY-----\nMIIEqAIBAAKCAQEA0MspomolMK3gpoxuKA9NvFJXaGOksU9IYiL2WvSiCjW0IfrA\nmZzANVPhf5cqP4kTREU04HS2xDKXOrZ+YWPrvhp/guCXInvXq967g4KjaJCHqI/V\nd4s3kVg0TY7jpiXLzs/nVNPIovjyDP8KYsD9WXqaGrA+l4+8hvbLtJ/tZeANOUWM\ntnFfMbHbOQ2IbuaWNyWPVG5O5oNPjvA4WrcpbRv2T4+L1CjMIBvT/Zp6gNDWMXsg\nFtlT2TR9/KM58IOh2tbPbqZQNrO6IeTApcZ31OwfJYAJz0O7KxebvNRXIlVplCHG\nJX15yg6GBKTLijcyWemVi+qolxqgXgIRd+9k2wIDAQABAoIBAF2r59/fsxOlznWp\n5vm98+gbIO/KVGbf5N9yRAgGXHQsJ8Ze0u2Xr3u9SBuP2/ppKuWkDtbsRdq7v7Et\nkoFq7KZ7CN3UmLl1ygpngMS9ZUZSISp0bRaWtLVWVxC8nFE7/7Wm/GfII+lJun4u\nJaCsaH0uTdjPXSVt7Oy36Cf+3+ilzhDkg91M9waQkqt4hFyyaQrOIVrFsod9seNf\nlhsH+0Ee8q1TSTJL0NYTXh8/9Zrdx4z7aYxv7qALIgBNAnDNR0Q9RsPdXaIS/W1Q\n1LHvwODBFtfawJh3hsAD/P320CwVpILeF+USzEIl/VoKtho0WxdyMeCRd27QChPu\nz2khrTECggCBANdaiZSkbVcFP84ef1ob0qExT2/6/WCu18y0BID4Sy9UtpojyRF+\nHFp/vNKqqsCvFNtoJovKSG50nRliiuk5jRTvutfc7ZinCnnD7hpvwvQBY3F8Bd6M\n9SnvxxfHpmbakjTwfZS1bncL1/fvg+zfiWfcXJ74TvRIqKxJfAfpLBxFAoIAgQD4\nM6f9I6767QK20WyyGfiwfS4l0cdTjimKQ53zcHBqOv7P4hkRIC3Q80+pctrtJd2a\nHayi27quDVm2hXNq8QXoqIyOSwDHljQLKk/cJvbdjhr+EhXYIeYXaKvFtmwACC+5\nHmuyOEsuX6vpLHrPiyfrgjlHSGdgOvJAG+Y4KE7enwKCAIEAsLk+j/mDNNc87hP+\n5F5Ssi76BmYNCgtRUk4kKAYaBORa2REmzrET6XxL4wFlEKxczFSi1TKRz/rodM12\nO0AcM6MrTDujyxLBOP19ZrpyXLTK+3UQh/pasihv1GbleiBBvSnhlGhzF0Rj3bXz\nKC6k3tNqOpaAjF0X9hJzszY5GZUCggCARQxZ15ptu3DkKGfqjUGcZbztcagCg8Qw\n2j4lWuwU2fi/mqWTw6foFxEZQFKrhP3bwFwxAr2OGY2tP5GwojebJTZ+o7dJ6Dxp\nDhIfVWehldFKwRPW7+G+WRTNdJtjQD8Gx8EmxNXUVHpZIO023TYhTOtVc/c4ixTa\n/+rDCSxthJECggCAepJEbxf267havkfeD0x0ghq1hSNlSXdPxMF27KwES7sUJZT8\nyvZ0C/pfhJYy6AxabdjonsrIFMsCAr0dlSPfh9ry5gKIHy2XduzT0tYPPLJTDDY/\na2mehzorqDHIIjVEn5vdkRPCDgp6aCXskvK80KNmk98I/ML4TNxJtaMI0DY=\n-----END RSA PRIVATE KEY-----\n", "user_id": "99e9f45091354201b28ace172ae6224f", "name": "tempest-TestGettingAddress-1080970840", "fingerprint": "40:d6:aa:9d:87:d3:4e:ce:b6:25:ae:b8:96:6d:3c:22"}}
2015-12-10 00:52:58,664 32640 INFO     [tempest_lib.common.rest_client] Request (TestGettingAddress:setUp): 201 POST http://10.0.2.15:9696/v2.0/security-groups 0.332s
2015-12-10 00:52:58,665 32640 DEBUG    [tempest_lib.common.rest_client] Request - Headers: {'Content-Type': 'application/json', 'Accept': 'application/json', 'X-Auth-Token': '&lt;omitted&gt;'}
        Body: {"security_group": {"tenant_id": "7edd54b5a3fd42338e1260b4063149d9", "description": "tempest-secgroup-smoke-808573630 description", "name": "tempest-secgroup-smoke-808573630"}}
    Response - Headers: {'status': '201', 'content-length': '886', 'connection': 'close', 'date': 'Thu, 10 Dec 2015 00:52:58 GMT', 'content-type': 'application/json; charset=UTF-8', 'x-openstack-request-id': 'req-53e081c9-fcd4-40a0-9841-795d875c0b8f'}
        Body: {"security_group": {"tenant_id": "7edd54b5a3fd42338e1260b4063149d9", "description": "tempest-secgroup-smoke-808573630 description", "id": "331aa67d-0f59-4fc1-b7cc-35f1a7f96c10", "security_group_rules": [{"remote_group_id": null, "direction": "egress", "remote_ip_prefix": null, "protocol": null, "ethertype": "IPv4", "tenant_id": "7edd54b5a3fd42338e1260b4063149d9", "port_range_max": null, "port_range_min": null, "id": "6107f5da-71b5-4f77-bcce-166f479a4987", "security_group_id": "331aa67d-0f59-4fc1-b7cc-35f1a7f96c10"}, {"remote_group_id": null, "direction": "egress", "remote_ip_prefix": null, "protocol": null, "ethertype": "IPv6", "tenant_id": "7edd54b5a3fd42338e1260b4063149d9", "port_range_max": null, "port_range_min": null, "id": "fdedf52e-4fcf-4742-bbe8-af6fc27fb8e0", "security_group_id": "331aa67d-0f59-4fc1-b7cc-35f1a7f96c10"}], "name": "tempest-secgroup-smoke-808573630"}}
2015-12-10 00:52:58,776 32640 INFO     [tempest_lib.common.rest_client] Request (TestGettingAddress:setUp): 201 POST http://10.0.2.15:9696/v2.0/security-group-rules 0.109s
2015-12-10 00:52:58,777 32640 DEBUG    [tempest_lib.common.rest_client] Request - Headers: {'Content-Type': 'application/json', 'Accept': 'application/json', 'X-Auth-Token': '&lt;omitted&gt;'}
        Body: {"security_group_rule": {"direction": "ingress", "protocol": "tcp", "tenant_id": "7edd54b5a3fd42338e1260b4063149d9", "port_range_max": 22, "security_group_id": "331aa67d-0f59-4fc1-b7cc-35f1a7f96c10", "port_range_min": 22}}
    Response - Headers: {'status': '201', 'content-length': '340', 'connection': 'close', 'date': 'Thu, 10 Dec 2015 00:52:58 GMT', 'content-type': 'application/json; charset=UTF-8', 'x-openstack-request-id': 'req-cad5c2c5-9fc2-412c-934c-64243dbc0cb7'}
        Body: {"security_group_rule": {"remote_group_id": null, "direction": "ingress", "remote_ip_prefix": null, "protocol": "tcp", "ethertype": "IPv4", "tenant_id": "7edd54b5a3fd42338e1260b4063149d9", "port_range_max": 22, "port_range_min": 22, "id": "7aa06448-f9f4-4910-9794-9379de6960c2", "security_group_id": "331aa67d-0f59-4fc1-b7cc-35f1a7f96c10"}}
2015-12-10 00:52:59,025 32640 INFO     [tempest_lib.common.rest_client] Request (TestGettingAddress:setUp): 201 POST http://10.0.2.15:9696/v2.0/security-group-rules 0.246s
2015-12-10 00:52:59,026 32640 DEBUG    [tempest_lib.common.rest_client] Request - Headers: {'Content-Type': 'application/json', 'Accept': 'application/json', 'X-Auth-Token': '&lt;omitted&gt;'}
        Body: {"security_group_rule": {"direction": "egress", "protocol": "tcp", "tenant_id": "7edd54b5a3fd42338e1260b4063149d9", "port_range_max": 22, "security_group_id": "331aa67d-0f59-4fc1-b7cc-35f1a7f96c10", "port_range_min": 22}}
    Response - Headers: {'status': '201', 'content-length': '339', 'connection': 'close', 'date': 'Thu, 10 Dec 2015 00:52:59 GMT', 'content-type': 'application/json; charset=UTF-8', 'x-openstack-request-id': 'req-ec79b4dd-caba-41d5-9f07-3395b550f52e'}
        Body: {"security_group_rule": {"remote_group_id": null, "direction": "egress", "remote_ip_prefix": null, "protocol": "tcp", "ethertype": "IPv4", "tenant_id": "7edd54b5a3fd42338e1260b4063149d9", "port_range_max": 22, "port_range_min": 22, "id": "b3d147ca-f597-4ef0-b87e-1c20c032b301", "security_group_id": "331aa67d-0f59-4fc1-b7cc-35f1a7f96c10"}}
2015-12-10 00:52:59,141 32640 INFO     [tempest_lib.common.rest_client] Request (TestGettingAddress:setUp): 201 POST http://10.0.2.15:9696/v2.0/security-group-rules 0.114s
2015-12-10 00:52:59,141 32640 DEBUG    [tempest_lib.common.rest_client] Request - Headers: {'Content-Type': 'application/json', 'Accept': 'application/json', 'X-Auth-Token': '&lt;omitted&gt;'}
        Body: {"security_group_rule": {"tenant_id": "7edd54b5a3fd42338e1260b4063149d9", "direction": "ingress", "protocol": "icmp", "security_group_id": "331aa67d-0f59-4fc1-b7cc-35f1a7f96c10"}}
    Response - Headers: {'status': '201', 'content-length': '345', 'connection': 'close', 'date': 'Thu, 10 Dec 2015 00:52:59 GMT', 'content-type': 'application/json; charset=UTF-8', 'x-openstack-request-id': 'req-0d7887fc-ea9b-4b56-bda0-57d1c5e06e6d'}
        Body: {"security_group_rule": {"remote_group_id": null, "direction": "ingress", "remote_ip_prefix": null, "protocol": "icmp", "ethertype": "IPv4", "tenant_id": "7edd54b5a3fd42338e1260b4063149d9", "port_range_max": null, "port_range_min": null, "id": "ebebe41f-92d2-4676-9a08-b8f356968769", "security_group_id": "331aa67d-0f59-4fc1-b7cc-35f1a7f96c10"}}
2015-12-10 00:52:59,243 32640 INFO     [tempest_lib.common.rest_client] Request (TestGettingAddress:setUp): 201 POST http://10.0.2.15:9696/v2.0/security-group-rules 0.100s
2015-12-10 00:52:59,244 32640 DEBUG    [tempest_lib.common.rest_client] Request - Headers: {'Content-Type': 'application/json', 'Accept': 'application/json', 'X-Auth-Token': '&lt;omitted&gt;'}
        Body: {"security_group_rule": {"tenant_id": "7edd54b5a3fd42338e1260b4063149d9", "direction": "egress", "protocol": "icmp", "security_group_id": "331aa67d-0f59-4fc1-b7cc-35f1a7f96c10"}}
    Response - Headers: {'status': '201', 'content-length': '344', 'connection': 'close', 'date': 'Thu, 10 Dec 2015 00:52:59 GMT', 'content-type': 'application/json; charset=UTF-8', 'x-openstack-request-id': 'req-18846097-306c-48a0-8a79-241593602225'}
        Body: {"security_group_rule": {"remote_group_id": null, "direction": "egress", "remote_ip_prefix": null, "protocol": "icmp", "ethertype": "IPv4", "tenant_id": "7edd54b5a3fd42338e1260b4063149d9", "port_range_max": null, "port_range_min": null, "id": "32aae494-fc14-47ce-b365-6649865388f3", "security_group_id": "331aa67d-0f59-4fc1-b7cc-35f1a7f96c10"}}
2015-12-10 00:52:59,355 32640 INFO     [tempest_lib.common.rest_client] Request (TestGettingAddress:setUp): 201 POST http://10.0.2.15:9696/v2.0/security-group-rules 0.110s
2015-12-10 00:52:59,356 32640 DEBUG    [tempest_lib.common.rest_client] Request - Headers: {'Content-Type': 'application/json', 'Accept': 'application/json', 'X-Auth-Token': '&lt;omitted&gt;'}
        Body: {"security_group_rule": {"tenant_id": "7edd54b5a3fd42338e1260b4063149d9", "direction": "ingress", "security_group_id": "331aa67d-0f59-4fc1-b7cc-35f1a7f96c10", "protocol": "icmp", "ethertype": "IPv6"}}
    Response - Headers: {'status': '201', 'content-length': '345', 'connection': 'close', 'date': 'Thu, 10 Dec 2015 00:52:59 GMT', 'content-type': 'application/json; charset=UTF-8', 'x-openstack-request-id': 'req-3a7873c0-b714-45ed-8444-95be72b7e140'}
        Body: {"security_group_rule": {"remote_group_id": null, "direction": "ingress", "remote_ip_prefix": null, "protocol": "icmp", "ethertype": "IPv6", "tenant_id": "7edd54b5a3fd42338e1260b4063149d9", "port_range_max": null, "port_range_min": null, "id": "8ec0fda7-fba0-4818-8421-52b24388a86f", "security_group_id": "331aa67d-0f59-4fc1-b7cc-35f1a7f96c10"}}
2015-12-10 00:52:59,456 32640 INFO     [tempest_lib.common.rest_client] Request (TestGettingAddress:setUp): 201 POST http://10.0.2.15:9696/v2.0/security-group-rules 0.097s
2015-12-10 00:52:59,456 32640 DEBUG    [tempest_lib.common.rest_client] Request - Headers: {'Content-Type': 'application/json', 'Accept': 'application/json', 'X-Auth-Token': '&lt;omitted&gt;'}
        Body: {"security_group_rule": {"tenant_id": "7edd54b5a3fd42338e1260b4063149d9", "direction": "egress", "security_group_id": "331aa67d-0f59-4fc1-b7cc-35f1a7f96c10", "protocol": "icmp", "ethertype": "IPv6"}}
    Response - Headers: {'status': '201', 'content-length': '344', 'connection': 'close', 'date': 'Thu, 10 Dec 2015 00:52:59 GMT', 'content-type': 'application/json; charset=UTF-8', 'x-openstack-request-id': 'req-16697d08-8773-47c9-ab9f-97d2ae52d6d1'}
        Body: {"security_group_rule": {"remote_group_id": null, "direction": "egress", "remote_ip_prefix": null, "protocol": "icmp", "ethertype": "IPv6", "tenant_id": "7edd54b5a3fd42338e1260b4063149d9", "port_range_max": null, "port_range_min": null, "id": "8be66ffd-138d-4c18-bb81-3bc5838c9c97", "security_group_id": "331aa67d-0f59-4fc1-b7cc-35f1a7f96c10"}}
2015-12-10 00:52:59,594 32640 INFO     [tempest_lib.common.rest_client] Request (TestGettingAddress:test_dhcp6_stateless_from_os): 201 POST http://10.0.2.15:9696/v2.0/networks 0.135s
2015-12-10 00:52:59,595 32640 DEBUG    [tempest_lib.common.rest_client] Request - Headers: {'Content-Type': 'application/json', 'Accept': 'application/json', 'X-Auth-Token': '&lt;omitted&gt;'}
        Body: {"network": {"tenant_id": "7edd54b5a3fd42338e1260b4063149d9", "name": "tempest-network-smoke--1930421888"}}
    Response - Headers: {'status': '201', 'content-length': '296', 'connection': 'close', 'date': 'Thu, 10 Dec 2015 00:52:59 GMT', 'content-type': 'application/json; charset=UTF-8', 'x-openstack-request-id': 'req-a4867286-dac1-4623-865d-331c821ae698'}
        Body: {"network": {"status": "ACTIVE", "subnets": [], "name": "tempest-network-smoke--1930421888", "admin_state_up": true, "tenant_id": "7edd54b5a3fd42338e1260b4063149d9", "mtu": 0, "router:external": false, "shared": false, "port_security_enabled": true, "id": "ad315baf-4a88-42a6-85f4-bc3bc64006bd"}}
2015-12-10 00:52:59,759 32640 INFO     [tempest_lib.common.rest_client] Request (TestGettingAddress:test_dhcp6_stateless_from_os): 200 GET http://10.0.2.15:9696/v2.0/subnets?tenant_id=7edd54b5a3fd42338e1260b4063149d9&amp;cidr=10.100.0.0%2F28 0.162s
2015-12-10 00:52:59,760 32640 DEBUG    [tempest_lib.common.rest_client] Request - Headers: {'Content-Type': 'application/json', 'Accept': 'application/json', 'X-Auth-Token': '&lt;omitted&gt;'}
        Body: None
    Response - Headers: {'status': '200', 'content-length': '15', 'content-location': 'http://10.0.2.15:9696/v2.0/subnets?tenant_id=7edd54b5a3fd42338e1260b4063149d9&amp;cidr=10.100.0.0%2F28', 'connection': 'close', 'date': 'Thu, 10 Dec 2015 00:52:59 GMT', 'content-type': 'application/json; charset=UTF-8', 'x-openstack-request-id': 'req-c4687d18-cf1f-4688-9c17-c905f28c79eb'}
        Body: {"subnets": []}
2015-12-10 00:53:00,042 32640 INFO     [tempest_lib.common.rest_client] Request (TestGettingAddress:test_dhcp6_stateless_from_os): 201 POST http://10.0.2.15:9696/v2.0/subnets 0.281s
2015-12-10 00:53:00,043 32640 DEBUG    [tempest_lib.common.rest_client] Request - Headers: {'Content-Type': 'application/json', 'Accept': 'application/json', 'X-Auth-Token': '&lt;omitted&gt;'}
        Body: {"subnet": {"ip_version": 4, "tenant_id": "7edd54b5a3fd42338e1260b4063149d9", "cidr": "10.100.0.0/28", "network_id": "ad315baf-4a88-42a6-85f4-bc3bc64006bd", "name": "tempest-sub4-995909720"}}
    Response - Headers: {'status': '201', 'content-length': '469', 'connection': 'close', 'date': 'Thu, 10 Dec 2015 00:53:00 GMT', 'content-type': 'application/json; charset=UTF-8', 'x-openstack-request-id': 'req-b2c955ea-52e7-47aa-a61f-8281c0599beb'}
        Body: {"subnet": {"name": "tempest-sub4-995909720", "enable_dhcp": true, "network_id": "ad315baf-4a88-42a6-85f4-bc3bc64006bd", "tenant_id": "7edd54b5a3fd42338e1260b4063149d9", "dns_nameservers": [], "gateway_ip": "10.100.0.1", "ipv6_ra_mode": null, "allocation_pools": [{"start": "10.100.0.2", "end": "10.100.0.14"}], "host_routes": [], "ip_version": 4, "ipv6_address_mode": null, "cidr": "10.100.0.0/28", "id": "7bf25421-ec25-4e1e-9d00-782e1a5fa804", "subnetpool_id": null}}
2015-12-10 00:53:00,108 32640 INFO     [tempest_lib.common.rest_client] Request (TestGettingAddress:test_dhcp6_stateless_from_os): 201 POST http://10.0.2.15:9696/v2.0/routers 0.063s
2015-12-10 00:53:00,108 32640 DEBUG    [tempest_lib.common.rest_client] Request - Headers: {'Content-Type': 'application/json', 'Accept': 'application/json', 'X-Auth-Token': '&lt;omitted&gt;'}
        Body: {"router": {"tenant_id": "7edd54b5a3fd42338e1260b4063149d9", "name": "tempest-router-smoke-89801570", "admin_state_up": true}}
    Response - Headers: {'status': '201', 'content-length': '237', 'connection': 'close', 'date': 'Thu, 10 Dec 2015 00:53:00 GMT', 'content-type': 'application/json; charset=UTF-8', 'x-openstack-request-id': 'req-813210a9-7c43-4fc9-9fb8-03b2652a2ae4'}
        Body: {"router": {"status": "ACTIVE", "external_gateway_info": null, "name": "tempest-router-smoke-89801570", "admin_state_up": true, "tenant_id": "7edd54b5a3fd42338e1260b4063149d9", "routes": [], "id": "b54d8b45-adc3-4df4-ad7a-e2477ba546f0"}}
2015-12-10 00:53:00,155 32640 INFO     [tempest_lib.common.rest_client] Request (TestGettingAddress:test_dhcp6_stateless_from_os): 200 GET http://10.0.2.15:9696/v2.0/routers/b54d8b45-adc3-4df4-ad7a-e2477ba546f0 0.046s
2015-12-10 00:53:00,156 32640 DEBUG    [tempest_lib.common.rest_client] Request - Headers: {'Content-Type': 'application/json', 'Accept': 'application/json', 'X-Auth-Token': '&lt;omitted&gt;'}
        Body: None
    Response - Headers: {'status': '200', 'content-length': '237', 'content-location': 'http://10.0.2.15:9696/v2.0/routers/b54d8b45-adc3-4df4-ad7a-e2477ba546f0', 'connection': 'close', 'date': 'Thu, 10 Dec 2015 00:53:00 GMT', 'content-type': 'application/json; charset=UTF-8', 'x-openstack-request-id': 'req-7c537e4f-5096-45a3-a2f1-1e46894f8b31'}
        Body: {"router": {"status": "ACTIVE", "external_gateway_info": null, "name": "tempest-router-smoke-89801570", "admin_state_up": true, "tenant_id": "7edd54b5a3fd42338e1260b4063149d9", "routes": [], "id": "b54d8b45-adc3-4df4-ad7a-e2477ba546f0"}}
2015-12-10 00:53:00,806 32640 INFO     [tempest_lib.common.rest_client] Request (TestGettingAddress:test_dhcp6_stateless_from_os): 200 PUT http://10.0.2.15:9696/v2.0/routers/b54d8b45-adc3-4df4-ad7a-e2477ba546f0 0.649s
2015-12-10 00:53:00,807 32640 DEBUG    [tempest_lib.common.rest_client] Request - Headers: {'Content-Type': 'application/json', 'Accept': 'application/json', 'X-Auth-Token': '&lt;omitted&gt;'}
        Body: {"router": {"external_gateway_info": {"network_id": "6c008b70-7812-496b-8ac1-26ff7f80c9c9"}, "name": "tempest-router-smoke-89801570", "admin_state_up": true}}
    Response - Headers: {'status': '200', 'content-length': '499', 'connection': 'close', 'date': 'Thu, 10 Dec 2015 00:53:00 GMT', 'content-type': 'application/json; charset=UTF-8', 'x-openstack-request-id': 'req-f687737f-bebc-4c71-9710-af47baa0dc48'}
        Body: {"router": {"status": "ACTIVE", "external_gateway_info": {"network_id": "6c008b70-7812-496b-8ac1-26ff7f80c9c9", "enable_snat": true, "external_fixed_ips": [{"subnet_id": "9e205b47-a197-41ab-a57d-38e2d1eb8fef", "ip_address": "172.24.4.3"}, {"subnet_id": "acd240c5-5df1-4d09-bf40-10abaaa0fa64", "ip_address": "2001:db8::3"}]}, "name": "tempest-router-smoke-89801570", "admin_state_up": true, "tenant_id": "7edd54b5a3fd42338e1260b4063149d9", "routes": [], "id": "b54d8b45-adc3-4df4-ad7a-e2477ba546f0"}}
2015-12-10 00:53:01,261 32640 INFO     [tempest_lib.common.rest_client] Request (TestGettingAddress:test_dhcp6_stateless_from_os): 200 PUT http://10.0.2.15:9696/v2.0/routers/b54d8b45-adc3-4df4-ad7a-e2477ba546f0/add_router_interface 0.453s
2015-12-10 00:53:01,261 32640 DEBUG    [tempest_lib.common.rest_client] Request - Headers: {'Content-Type': 'application/json', 'Accept': 'application/json', 'X-Auth-Token': '&lt;omitted&gt;'}
        Body: {"subnet_id": "7bf25421-ec25-4e1e-9d00-782e1a5fa804"}
    Response - Headers: {'status': '200', 'content-length': '255', 'connection': 'close', 'date': 'Thu, 10 Dec 2015 00:53:01 GMT', 'content-type': 'application/json; charset=UTF-8', 'x-openstack-request-id': 'req-f1b723ab-c3e7-4976-a30b-a73806be11e2'}
        Body: {"subnet_id": "7bf25421-ec25-4e1e-9d00-782e1a5fa804", "tenant_id": "7edd54b5a3fd42338e1260b4063149d9", "subnet_ids": ["7bf25421-ec25-4e1e-9d00-782e1a5fa804"], "port_id": "c8f7ebc1-a6c4-4210-99a5-fe08ae5f4c1d", "id": "b54d8b45-adc3-4df4-ad7a-e2477ba546f0"}
2015-12-10 00:53:01,415 32640 INFO     [tempest_lib.common.rest_client] Request (TestGettingAddress:test_dhcp6_stateless_from_os): 200 GET http://10.0.2.15:9696/v2.0/subnets?tenant_id=7edd54b5a3fd42338e1260b4063149d9&amp;cidr=2003%3A%3A%2F64 0.153s
2015-12-10 00:53:01,415 32640 DEBUG    [tempest_lib.common.rest_client] Request - Headers: {'Content-Type': 'application/json', 'Accept': 'application/json', 'X-Auth-Token': '&lt;omitted&gt;'}
        Body: None
    Response - Headers: {'status': '200', 'content-length': '15', 'content-location': 'http://10.0.2.15:9696/v2.0/subnets?tenant_id=7edd54b5a3fd42338e1260b4063149d9&amp;cidr=2003%3A%3A%2F64', 'connection': 'close', 'date': 'Thu, 10 Dec 2015 00:53:01 GMT', 'content-type': 'application/json; charset=UTF-8', 'x-openstack-request-id': 'req-9eccf428-4471-41c0-9862-61921be3ce24'}
        Body: {"subnets": []}
2015-12-10 00:53:01,699 32640 INFO     [tempest_lib.common.rest_client] Request (TestGettingAddress:test_dhcp6_stateless_from_os): 201 POST http://10.0.2.15:9696/v2.0/subnets 0.283s
2015-12-10 00:53:01,699 32640 DEBUG    [tempest_lib.common.rest_client] Request - Headers: {'Content-Type': 'application/json', 'Accept': 'application/json', 'X-Auth-Token': '&lt;omitted&gt;'}
        Body: {"subnet": {"name": "tempest-sub6-1198893126", "network_id": "ad315baf-4a88-42a6-85f4-bc3bc64006bd", "tenant_id": "7edd54b5a3fd42338e1260b4063149d9", "ipv6_ra_mode": "dhcpv6-stateless", "ip_version": 6, "ipv6_address_mode": "dhcpv6-stateless", "cidr": "2003::/64"}}
    Response - Headers: {'status': '201', 'content-length': '502', 'connection': 'close', 'date': 'Thu, 10 Dec 2015 00:53:01 GMT', 'content-type': 'application/json; charset=UTF-8', 'x-openstack-request-id': 'req-ee5bd7b2-9f78-4313-8d50-9a772ca7f710'}
        Body: {"subnet": {"name": "tempest-sub6-1198893126", "enable_dhcp": true, "network_id": "ad315baf-4a88-42a6-85f4-bc3bc64006bd", "tenant_id": "7edd54b5a3fd42338e1260b4063149d9", "dns_nameservers": [], "gateway_ip": "2003::1", "ipv6_ra_mode": "dhcpv6-stateless", "allocation_pools": [{"start": "2003::2", "end": "2003::ffff:ffff:ffff:ffff"}], "host_routes": [], "ip_version": 6, "ipv6_address_mode": "dhcpv6-stateless", "cidr": "2003::/64", "id": "24a7d39c-e532-41ff-856a-76a429e646c6", "subnetpool_id": null}}
2015-12-10 00:53:02,249 32640 INFO     [tempest_lib.common.rest_client] Request (TestGettingAddress:test_dhcp6_stateless_from_os): 200 PUT http://10.0.2.15:9696/v2.0/routers/b54d8b45-adc3-4df4-ad7a-e2477ba546f0/add_router_interface 0.549s
2015-12-10 00:53:02,250 32640 DEBUG    [tempest_lib.common.rest_client] Request - Headers: {'Content-Type': 'application/json', 'Accept': 'application/json', 'X-Auth-Token': '&lt;omitted&gt;'}
        Body: {"subnet_id": "24a7d39c-e532-41ff-856a-76a429e646c6"}
    Response - Headers: {'status': '200', 'content-length': '255', 'connection': 'close', 'date': 'Thu, 10 Dec 2015 00:53:02 GMT', 'content-type': 'application/json; charset=UTF-8', 'x-openstack-request-id': 'req-37685f4e-b432-4497-9bb0-4d060a66d3c5'}
        Body: {"subnet_id": "24a7d39c-e532-41ff-856a-76a429e646c6", "tenant_id": "7edd54b5a3fd42338e1260b4063149d9", "subnet_ids": ["24a7d39c-e532-41ff-856a-76a429e646c6"], "port_id": "30ad2c63-ede6-4823-97ab-dd1298a8cada", "id": "b54d8b45-adc3-4df4-ad7a-e2477ba546f0"}
2015-12-10 00:53:02,366 32640 INFO     [tempest_lib.common.rest_client] Request (TestGettingAddress:test_dhcp6_stateless_from_os): 200 POST http://10.0.2.15:5000/v2.0/tokens
2015-12-10 00:53:02,367 32640 DEBUG    [tempest_lib.common.rest_client] Request - Headers: {'Content-Type': 'application/json', 'Accept': 'application/json'}
        Body: &lt;omitted&gt;
    Response - Headers: {'status': '200', 'content-length': '2524', 'vary': 'X-Auth-Token', 'server': 'Apache/2.4.7 (Ubuntu)', 'connection': 'close', 'date': 'Thu, 10 Dec 2015 00:53:02 GMT', 'content-type': 'application/json', 'x-openstack-request-id': 'req-acade41d-4562-450c-8b03-136d53f1d21e'}
        Body: {"access": {"token": {"issued_at": "2015-12-10T00:53:02.348367", "expires": "2015-12-10T01:53:02Z", "id": "5c8a199059bf45988ed19e632e25f4fc", "tenant": {"description": "tempest-TestGettingAddress-2110185264-desc", "enabled": true, "id": "7edd54b5a3fd42338e1260b4063149d9", "name": "tempest-TestGettingAddress-2110185264"}, "audit_ids": ["9Lsh5I58TJCJaVyjA1DypA"]}, "serviceCatalog": [{"endpoints": [{"adminURL": "http://10.0.2.15:8774/v2.1/7edd54b5a3fd42338e1260b4063149d9", "region": "RegionOne", "internalURL": "http://10.0.2.15:8774/v2.1/7edd54b5a3fd42338e1260b4063149d9", "id": "09a7e59bfc06446bba294a68cf8d39ae", "publicURL": "http://10.0.2.15:8774/v2.1/7edd54b5a3fd42338e1260b4063149d9"}], "endpoints_links": [], "type": "compute", "name": "nova"}, {"endpoints": [{"adminURL": "http://10.0.2.15:9696/", "region": "RegionOne", "internalURL": "http://10.0.2.15:9696/", "id": "636a688bf9d8413cba161c048a9f825a", "publicURL": "http://10.0.2.15:9696/"}], "endpoints_links": [], "type": "network", "name": "neutron"}, {"endpoints": [{"adminURL": "http://10.0.2.15:9292", "region": "RegionOne", "internalURL": "http://10.0.2.15:9292", "id": "8a3fc3f1a49941739f0b854af2ee995c", "publicURL": "http://10.0.2.15:9292"}], "endpoints_links": [], "type": "image", "name": "glance"}, {"endpoints": [{"adminURL": "http://10.0.2.15:8774/v2/7edd54b5a3fd42338e1260b4063149d9", "region": "RegionOne", "internalURL": "http://10.0.2.15:8774/v2/7edd54b5a3fd42338e1260b4063149d9", "id": "56d40326ae774710bad16ce6e78364dc", "publicURL": "http://10.0.2.15:8774/v2/7edd54b5a3fd42338e1260b4063149d9"}], "endpoints_links": [], "type": "compute_legacy", "name": "nova_legacy"}, {"endpoints": [{"adminURL": "http://10.0.2.15:8773/", "region": "RegionOne", "internalURL": "http://10.0.2.15:8773/", "id": "07110ef51211404f8d55e3564e11fb86", "publicURL": "http://10.0.2.15:8773/"}], "endpoints_links": [], "type": "ec2", "name": "ec2"}, {"endpoints": [{"adminURL": "http://10.0.2.15:35357/v2.0", "region": "RegionOne", "internalURL": "http://10.0.2.15:5000/v2.0", "id": "2dbdcb3b2264450394a861f028a48f93", "publicURL": "http://10.0.2.15:5000/v2.0"}], "endpoints_links": [], "type": "identity", "name": "keystone"}], "user": {"username": "tempest-TestGettingAddress-698427007", "roles_links": [], "id": "99e9f45091354201b28ace172ae6224f", "roles": [{"name": "_member_"}, {"name": "Member"}], "name": "tempest-TestGettingAddress-698427007"}, "metadata": {"is_admin": 0, "roles": ["9fe2ff9ee4384b1894a90878d3e92bab", "dc167392322246ca89c189d412e7f996"]}}}
2015-12-10 00:53:02,376 32640 DEBUG    [tempest.common.fixed_network] (TestGettingAddress:test_dhcp6_stateless_from_os) No valid network provided or created, defaulting to fixed_network_name
2015-12-10 00:53:02,737 32640 INFO     [tempest_lib.common.rest_client] Request (TestGettingAddress:test_dhcp6_stateless_from_os): 200 GET http://10.0.2.15:8774/v2.1/7edd54b5a3fd42338e1260b4063149d9/os-networks 0.360s
2015-12-10 00:53:02,737 32640 DEBUG    [tempest_lib.common.rest_client] Request - Headers: {'Content-Type': 'application/json', 'Accept': 'application/json', 'X-Auth-Token': '&lt;omitted&gt;'}
        Body: None
    Response - Headers: {'status': '200', 'content-length': '479', 'content-location': 'http://10.0.2.15:8774/v2.1/7edd54b5a3fd42338e1260b4063149d9/os-networks', 'x-compute-request-id': 'req-240cbab2-f99b-4599-a0dd-6dbf70c7c641', 'vary': 'X-OpenStack-Nova-API-Version', 'connection': 'close', 'x-openstack-nova-api-version': '2.1', 'date': 'Thu, 10 Dec 2015 00:53:02 GMT', 'content-type': 'application/json'}
        Body: {"networks": [{"cidr_v6": null, "dns2": null, "dns1": null, "gateway": null, "broadcast": null, "netmask": null, "gateway_v6": null, "cidr": null, "label": "public", "id": "6c008b70-7812-496b-8ac1-26ff7f80c9c9", "netmask_v6": null}, {"cidr_v6": null, "dns2": null, "dns1": null, "gateway": null, "broadcast": null, "netmask": null, "gateway_v6": null, "cidr": null, "label": "tempest-network-smoke--1930421888", "id": "ad315baf-4a88-42a6-85f4-bc3bc64006bd", "netmask_v6": null}]}
2015-12-10 00:53:02,738 32640 WARNING  [tempest.common.fixed_network] (TestGettingAddress:test_dhcp6_stateless_from_os) Network with name: private not found
2015-12-10 00:53:02,738 32640 INFO     [tempest.common.fixed_network] (TestGettingAddress:test_dhcp6_stateless_from_os) Found network {} available for tenant
2015-12-10 00:53:03,670 32640 INFO     [tempest_lib.common.rest_client] Request (TestGettingAddress:test_dhcp6_stateless_from_os): 202 POST http://10.0.2.15:8774/v2.1/7edd54b5a3fd42338e1260b4063149d9/servers 0.931s
2015-12-10 00:53:03,671 32640 DEBUG    [tempest_lib.common.rest_client] Request - Headers: {'Content-Type': 'application/json', 'Accept': 'application/json', 'X-Auth-Token': '&lt;omitted&gt;'}
        Body: {"server": {"name": "tempest.common.compute-instance-192025865", "imageRef": "a04654c9-597b-4755-bd71-7df95ca613ff", "key_name": "tempest-TestGettingAddress-1080970840", "flavorRef": "42", "networks": [{"uuid": "ad315baf-4a88-42a6-85f4-bc3bc64006bd"}], "security_groups": [{"name": "tempest-secgroup-smoke-808573630"}]}}
    Response - Headers: {'status': '202', 'content-length': '461', 'x-compute-request-id': 'req-11f9fd24-721a-4354-aa0e-19025d2c2e8c', 'vary': 'X-OpenStack-Nova-API-Version', 'connection': 'close', 'location': 'http://10.0.2.15:8774/v2.1/7edd54b5a3fd42338e1260b4063149d9/servers/959d9cb6-3373-44d5-8508-e13c46800ec0', 'x-openstack-nova-api-version': '2.1', 'date': 'Thu, 10 Dec 2015 00:53:03 GMT', 'content-type': 'application/json'}
        Body: {"server": {"security_groups": [{"name": "tempest-secgroup-smoke-808573630"}], "OS-DCF:diskConfig": "MANUAL", "id": "959d9cb6-3373-44d5-8508-e13c46800ec0", "links": [{"href": "http://10.0.2.15:8774/v2.1/7edd54b5a3fd42338e1260b4063149d9/servers/959d9cb6-3373-44d5-8508-e13c46800ec0", "rel": "self"}, {"href": "http://10.0.2.15:8774/7edd54b5a3fd42338e1260b4063149d9/servers/959d9cb6-3373-44d5-8508-e13c46800ec0", "rel": "bookmark"}], "adminPass": "jVYVahtP3H7H"}}
2015-12-10 00:53:03,807 32640 INFO     [tempest_lib.common.rest_client] Request (TestGettingAddress:test_dhcp6_stateless_from_os): 200 GET http://10.0.2.15:8774/v2.1/7edd54b5a3fd42338e1260b4063149d9/servers/959d9cb6-3373-44d5-8508-e13c46800ec0 0.133s
2015-12-10 00:53:03,808 32640 DEBUG    [tempest_lib.common.rest_client] Request - Headers: {'Content-Type': 'application/json', 'Accept': 'application/json', 'X-Auth-Token': '&lt;omitted&gt;'}
        Body: None
    Response - Headers: {'status': '200', 'content-length': '1354', 'content-location': 'http://10.0.2.15:8774/v2.1/7edd54b5a3fd42338e1260b4063149d9/servers/959d9cb6-3373-44d5-8508-e13c46800ec0', 'x-compute-request-id': 'req-0efc0543-ac3b-4051-b505-d6c9857af348', 'vary': 'X-OpenStack-Nova-API-Version', 'connection': 'close', 'x-openstack-nova-api-version': '2.1', 'date': 'Thu, 10 Dec 2015 00:53:03 GMT', 'content-type': 'application/json'}
        Body: {"server": {"status": "BUILD", "updated": "2015-12-10T00:53:03Z", "hostId": "", "addresses": {}, "links": [{"href": "http://10.0.2.15:8774/v2.1/7edd54b5a3fd42338e1260b4063149d9/servers/959d9cb6-3373-44d5-8508-e13c46800ec0", "rel": "self"}, {"href": "http://10.0.2.15:8774/7edd54b5a3fd42338e1260b4063149d9/servers/959d9cb6-3373-44d5-8508-e13c46800ec0", "rel": "bookmark"}], "key_name": "tempest-TestGettingAddress-1080970840", "image": {"id": "a04654c9-597b-4755-bd71-7df95ca613ff", "links": [{"href": "http://10.0.2.15:8774/7edd54b5a3fd42338e1260b4063149d9/images/a04654c9-597b-4755-bd71-7df95ca613ff", "rel": "bookmark"}]}, "OS-EXT-STS:task_state": "scheduling", "OS-EXT-STS:vm_state": "building", "OS-SRV-USG:launched_at": null, "flavor": {"id": "42", "links": [{"href": "http://10.0.2.15:8774/7edd54b5a3fd42338e1260b4063149d9/flavors/42", "rel": "bookmark"}]}, "id": "959d9cb6-3373-44d5-8508-e13c46800ec0", "OS-SRV-USG:terminated_at": null, "OS-EXT-AZ:availability_zone": "", "user_id": "99e9f45091354201b28ace172ae6224f", "name": "tempest.common.compute-instance-192025865", "created": "2015-12-10T00:53:03Z", "tenant_id": "7edd54b5a3fd42338e1260b4063149d9", "OS-DCF:diskConfig": "MANUAL", "os-extended-volumes:volumes_attached": [], "accessIPv4": "", "accessIPv6": "", "progress": 0, "OS-EXT-STS:power_state": 0, "config_drive": "", "metadata": {}}}
2015-12-10 00:53:05,072 32640 INFO     [tempest_lib.common.rest_client] Request (TestGettingAddress:test_dhcp6_stateless_from_os): 200 GET http://10.0.2.15:8774/v2.1/7edd54b5a3fd42338e1260b4063149d9/servers/959d9cb6-3373-44d5-8508-e13c46800ec0 0.255s
2015-12-10 00:53:05,072 32640 DEBUG    [tempest_lib.common.rest_client] Request - Headers: {'Content-Type': 'application/json', 'Accept': 'application/json', 'X-Auth-Token': '&lt;omitted&gt;'}
        Body: None
    Response - Headers: {'status': '200', 'content-length': '1479', 'content-location': 'http://10.0.2.15:8774/v2.1/7edd54b5a3fd42338e1260b4063149d9/servers/959d9cb6-3373-44d5-8508-e13c46800ec0', 'x-compute-request-id': 'req-949d2319-98f4-43da-977c-455d0a3513d5', 'vary': 'X-OpenStack-Nova-API-Version', 'connection': 'close', 'x-openstack-nova-api-version': '2.1', 'date': 'Thu, 10 Dec 2015 00:53:05 GMT', 'content-type': 'application/json'}
        Body: {"server": {"status": "BUILD", "updated": "2015-12-10T00:53:04Z", "hostId": "33653a99d3d90c42848a9586d5f02874a085711bd043dfd59096723d", "addresses": {}, "links": [{"href": "http://10.0.2.15:8774/v2.1/7edd54b5a3fd42338e1260b4063149d9/servers/959d9cb6-3373-44d5-8508-e13c46800ec0", "rel": "self"}, {"href": "http://10.0.2.15:8774/7edd54b5a3fd42338e1260b4063149d9/servers/959d9cb6-3373-44d5-8508-e13c46800ec0", "rel": "bookmark"}], "key_name": "tempest-TestGettingAddress-1080970840", "image": {"id": "a04654c9-597b-4755-bd71-7df95ca613ff", "links": [{"href": "http://10.0.2.15:8774/7edd54b5a3fd42338e1260b4063149d9/images/a04654c9-597b-4755-bd71-7df95ca613ff", "rel": "bookmark"}]}, "OS-EXT-STS:task_state": "spawning", "OS-EXT-STS:vm_state": "building", "OS-SRV-USG:launched_at": null, "flavor": {"id": "42", "links": [{"href": "http://10.0.2.15:8774/7edd54b5a3fd42338e1260b4063149d9/flavors/42", "rel": "bookmark"}]}, "id": "959d9cb6-3373-44d5-8508-e13c46800ec0", "security_groups": [{"name": "tempest-secgroup-smoke-808573630"}], "OS-SRV-USG:terminated_at": null, "OS-EXT-AZ:availability_zone": "nova", "user_id": "99e9f45091354201b28ace172ae6224f", "name": "tempest.common.compute-instance-192025865", "created": "2015-12-10T00:53:03Z", "tenant_id": "7edd54b5a3fd42338e1260b4063149d9", "OS-DCF:diskConfig": "MANUAL", "os-extended-volumes:volumes_attached": [], "accessIPv4": "", "accessIPv6": "", "progress": 0, "OS-EXT-STS:power_state": 0, "config_drive": "", "metadata": {}}}
2015-12-10 00:53:05,080 32640 INFO     [tempest.common.waiters] State transition "BUILD/scheduling" ==&gt; "BUILD/spawning" after 2 second wait
2015-12-10 00:53:06,423 32640 INFO     [tempest_lib.common.rest_client] Request (TestGettingAddress:test_dhcp6_stateless_from_os): 200 GET http://10.0.2.15:8774/v2.1/7edd54b5a3fd42338e1260b4063149d9/servers/959d9cb6-3373-44d5-8508-e13c46800ec0 0.341s
2015-12-10 00:53:06,423 32640 DEBUG    [tempest_lib.common.rest_client] Request - Headers: {'Content-Type': 'application/json', 'Accept': 'application/json', 'X-Auth-Token': '&lt;omitted&gt;'}
        Body: None
    Response - Headers: {'status': '200', 'content-length': '1479', 'content-location': 'http://10.0.2.15:8774/v2.1/7edd54b5a3fd42338e1260b4063149d9/servers/959d9cb6-3373-44d5-8508-e13c46800ec0', 'x-compute-request-id': 'req-73f26110-aa70-42ac-b7f5-68be95974445', 'vary': 'X-OpenStack-Nova-API-Version', 'connection': 'close', 'x-openstack-nova-api-version': '2.1', 'date': 'Thu, 10 Dec 2015 00:53:06 GMT', 'content-type': 'application/json'}
        Body: {"server": {"status": "BUILD", "updated": "2015-12-10T00:53:04Z", "hostId": "33653a99d3d90c42848a9586d5f02874a085711bd043dfd59096723d", "addresses": {}, "links": [{"href": "http://10.0.2.15:8774/v2.1/7edd54b5a3fd42338e1260b4063149d9/servers/959d9cb6-3373-44d5-8508-e13c46800ec0", "rel": "self"}, {"href": "http://10.0.2.15:8774/7edd54b5a3fd42338e1260b4063149d9/servers/959d9cb6-3373-44d5-8508-e13c46800ec0", "rel": "bookmark"}], "key_name": "tempest-TestGettingAddress-1080970840", "image": {"id": "a04654c9-597b-4755-bd71-7df95ca613ff", "links": [{"href": "http://10.0.2.15:8774/7edd54b5a3fd42338e1260b4063149d9/images/a04654c9-597b-4755-bd71-7df95ca613ff", "rel": "bookmark"}]}, "OS-EXT-STS:task_state": "spawning", "OS-EXT-STS:vm_state": "building", "OS-SRV-USG:launched_at": null, "flavor": {"id": "42", "links": [{"href": "http://10.0.2.15:8774/7edd54b5a3fd42338e1260b4063149d9/flavors/42", "rel": "bookmark"}]}, "id": "959d9cb6-3373-44d5-8508-e13c46800ec0", "security_groups": [{"name": "tempest-secgroup-smoke-808573630"}], "OS-SRV-USG:terminated_at": null, "OS-EXT-AZ:availability_zone": "nova", "user_id": "99e9f45091354201b28ace172ae6224f", "name": "tempest.common.compute-instance-192025865", "created": "2015-12-10T00:53:03Z", "tenant_id": "7edd54b5a3fd42338e1260b4063149d9", "OS-DCF:diskConfig": "MANUAL", "os-extended-volumes:volumes_attached": [], "accessIPv4": "", "accessIPv6": "", "progress": 0, "OS-EXT-STS:power_state": 0, "config_drive": "", "metadata": {}}}
2015-12-10 00:53:07,663 32640 INFO     [tempest_lib.common.rest_client] Request (TestGettingAddress:test_dhcp6_stateless_from_os): 200 GET http://10.0.2.15:8774/v2.1/7edd54b5a3fd42338e1260b4063149d9/servers/959d9cb6-3373-44d5-8508-e13c46800ec0 0.229s
2015-12-10 00:53:07,663 32640 DEBUG    [tempest_lib.common.rest_client] Request - Headers: {'Content-Type': 'application/json', 'Accept': 'application/json', 'X-Auth-Token': '&lt;omitted&gt;'}
        Body: None
    Response - Headers: {'status': '200', 'content-length': '1780', 'content-location': 'http://10.0.2.15:8774/v2.1/7edd54b5a3fd42338e1260b4063149d9/servers/959d9cb6-3373-44d5-8508-e13c46800ec0', 'x-compute-request-id': 'req-f37ae3da-e77b-4944-aeab-92463df86006', 'vary': 'X-OpenStack-Nova-API-Version', 'connection': 'close', 'x-openstack-nova-api-version': '2.1', 'date': 'Thu, 10 Dec 2015 00:53:07 GMT', 'content-type': 'application/json'}
        Body: {"server": {"status": "ACTIVE", "updated": "2015-12-10T00:53:07Z", "hostId": "33653a99d3d90c42848a9586d5f02874a085711bd043dfd59096723d", "addresses": {"tempest-network-smoke--1930421888": [{"OS-EXT-IPS-MAC:mac_addr": "fa:16:3e:29:fa:8a", "version": 4, "addr": "10.100.0.3", "OS-EXT-IPS:type": "fixed"}, {"OS-EXT-IPS-MAC:mac_addr": "fa:16:3e:29:fa:8a", "version": 6, "addr": "2003::f816:3eff:fe29:fa8a", "OS-EXT-IPS:type": "fixed"}]}, "links": [{"href": "http://10.0.2.15:8774/v2.1/7edd54b5a3fd42338e1260b4063149d9/servers/959d9cb6-3373-44d5-8508-e13c46800ec0", "rel": "self"}, {"href": "http://10.0.2.15:8774/7edd54b5a3fd42338e1260b4063149d9/servers/959d9cb6-3373-44d5-8508-e13c46800ec0", "rel": "bookmark"}], "key_name": "tempest-TestGettingAddress-1080970840", "image": {"id": "a04654c9-597b-4755-bd71-7df95ca613ff", "links": [{"href": "http://10.0.2.15:8774/7edd54b5a3fd42338e1260b4063149d9/images/a04654c9-597b-4755-bd71-7df95ca613ff", "rel": "bookmark"}]}, "OS-EXT-STS:task_state": null, "OS-EXT-STS:vm_state": "active", "OS-SRV-USG:launched_at": "2015-12-10T00:53:06.000000", "flavor": {"id": "42", "links": [{"href": "http://10.0.2.15:8774/7edd54b5a3fd42338e1260b4063149d9/flavors/42", "rel": "bookmark"}]}, "id": "959d9cb6-3373-44d5-8508-e13c46800ec0", "security_groups": [{"name": "tempest-secgroup-smoke-808573630"}], "OS-SRV-USG:terminated_at": null, "OS-EXT-AZ:availability_zone": "nova", "user_id": "99e9f45091354201b28ace172ae6224f", "name": "tempest.common.compute-instance-192025865", "created": "2015-12-10T00:53:03Z", "tenant_id": "7edd54b5a3fd42338e1260b4063149d9", "OS-DCF:diskConfig": "MANUAL", "os-extended-volumes:volumes_attached": [], "accessIPv4": "", "accessIPv6": "", "progress": 0, "OS-EXT-STS:power_state": 1, "config_drive": "True", "metadata": {}}}
2015-12-10 00:53:07,672 32640 INFO     [tempest.common.waiters] State transition "BUILD/spawning" ==&gt; "ACTIVE/None" after 4 second wait
2015-12-10 00:53:07,859 32640 INFO     [tempest_lib.common.rest_client] Request (TestGettingAddress:test_dhcp6_stateless_from_os): 200 GET http://10.0.2.15:8774/v2.1/7edd54b5a3fd42338e1260b4063149d9/servers/959d9cb6-3373-44d5-8508-e13c46800ec0 0.186s
2015-12-10 00:53:07,859 32640 DEBUG    [tempest_lib.common.rest_client] Request - Headers: {'Content-Type': 'application/json', 'Accept': 'application/json', 'X-Auth-Token': '&lt;omitted&gt;'}
        Body: None
    Response - Headers: {'status': '200', 'content-length': '1780', 'content-location': 'http://10.0.2.15:8774/v2.1/7edd54b5a3fd42338e1260b4063149d9/servers/959d9cb6-3373-44d5-8508-e13c46800ec0', 'x-compute-request-id': 'req-ca2e0ece-d546-4b12-9db7-aef27efaa628', 'vary': 'X-OpenStack-Nova-API-Version', 'connection': 'close', 'x-openstack-nova-api-version': '2.1', 'date': 'Thu, 10 Dec 2015 00:53:07 GMT', 'content-type': 'application/json'}
        Body: {"server": {"status": "ACTIVE", "updated": "2015-12-10T00:53:07Z", "hostId": "33653a99d3d90c42848a9586d5f02874a085711bd043dfd59096723d", "addresses": {"tempest-network-smoke--1930421888": [{"OS-EXT-IPS-MAC:mac_addr": "fa:16:3e:29:fa:8a", "version": 4, "addr": "10.100.0.3", "OS-EXT-IPS:type": "fixed"}, {"OS-EXT-IPS-MAC:mac_addr": "fa:16:3e:29:fa:8a", "version": 6, "addr": "2003::f816:3eff:fe29:fa8a", "OS-EXT-IPS:type": "fixed"}]}, "links": [{"href": "http://10.0.2.15:8774/v2.1/7edd54b5a3fd42338e1260b4063149d9/servers/959d9cb6-3373-44d5-8508-e13c46800ec0", "rel": "self"}, {"href": "http://10.0.2.15:8774/7edd54b5a3fd42338e1260b4063149d9/servers/959d9cb6-3373-44d5-8508-e13c46800ec0", "rel": "bookmark"}], "key_name": "tempest-TestGettingAddress-1080970840", "image": {"id": "a04654c9-597b-4755-bd71-7df95ca613ff", "links": [{"href": "http://10.0.2.15:8774/7edd54b5a3fd42338e1260b4063149d9/images/a04654c9-597b-4755-bd71-7df95ca613ff", "rel": "bookmark"}]}, "OS-EXT-STS:task_state": null, "OS-EXT-STS:vm_state": "active", "OS-SRV-USG:launched_at": "2015-12-10T00:53:06.000000", "flavor": {"id": "42", "links": [{"href": "http://10.0.2.15:8774/7edd54b5a3fd42338e1260b4063149d9/flavors/42", "rel": "bookmark"}]}, "id": "959d9cb6-3373-44d5-8508-e13c46800ec0", "security_groups": [{"name": "tempest-secgroup-smoke-808573630"}], "OS-SRV-USG:terminated_at": null, "OS-EXT-AZ:availability_zone": "nova", "user_id": "99e9f45091354201b28ace172ae6224f", "name": "tempest.common.compute-instance-192025865", "created": "2015-12-10T00:53:03Z", "tenant_id": "7edd54b5a3fd42338e1260b4063149d9", "OS-DCF:diskConfig": "MANUAL", "os-extended-volumes:volumes_attached": [], "accessIPv4": "", "accessIPv6": "", "progress": 0, "OS-EXT-STS:power_state": 1, "config_drive": "True", "metadata": {}}}
2015-12-10 00:53:07,901 32640 INFO     [tempest_lib.common.rest_client] Request (TestGettingAddress:test_dhcp6_stateless_from_os): 200 GET http://10.0.2.15:9696/v2.0/ports?status=ACTIVE&amp;fixed_ip=None&amp;device_id=959d9cb6-3373-44d5-8508-e13c46800ec0 0.032s
2015-12-10 00:53:07,901 32640 DEBUG    [tempest_lib.common.rest_client] Request - Headers: {'Content-Type': 'application/json', 'Accept': 'application/json', 'X-Auth-Token': '&lt;omitted&gt;'}
        Body: None
    Response - Headers: {'status': '200', 'content-length': '1142', 'content-location': 'http://10.0.2.15:9696/v2.0/ports?status=ACTIVE&amp;fixed_ip=None&amp;device_id=959d9cb6-3373-44d5-8508-e13c46800ec0', 'connection': 'close', 'date': 'Thu, 10 Dec 2015 00:53:07 GMT', 'content-type': 'application/json; charset=UTF-8', 'x-openstack-request-id': 'req-a8a38462-b99f-4e40-9581-99336aca3f4b'}
        Body: {"ports": [{"status": "ACTIVE", "binding:host_id": "vagrant-ubuntu-trusty-64", "allowed_address_pairs": [], "extra_dhcp_opts": [], "dns_assignment": [{"hostname": "host-10-100-0-3", "ip_address": "10.100.0.3", "fqdn": "host-10-100-0-3.openstacklocal."}, {"hostname": "host-2003--f816-3eff-fe29-fa8a", "ip_address": "2003::f816:3eff:fe29:fa8a", "fqdn": "host-2003--f816-3eff-fe29-fa8a.openstacklocal."}], "device_owner": "compute:None", "port_security_enabled": true, "binding:profile": {}, "fixed_ips": [{"subnet_id": "7bf25421-ec25-4e1e-9d00-782e1a5fa804", "ip_address": "10.100.0.3"}, {"subnet_id": "24a7d39c-e532-41ff-856a-76a429e646c6", "ip_address": "2003::f816:3eff:fe29:fa8a"}], "id": "1f9a6832-30b9-43d1-9eeb-d2bfb0a7e6d8", "security_groups": ["331aa67d-0f59-4fc1-b7cc-35f1a7f96c10"], "device_id": "959d9cb6-3373-44d5-8508-e13c46800ec0", "name": "", "admin_state_up": true, "network_id": "ad315baf-4a88-42a6-85f4-bc3bc64006bd", "dns_name": "", "binding:vif_details": {"port_filter": true}, "binding:vnic_type": "normal", "binding:vif_type": "ovs", "tenant_id": "7edd54b5a3fd42338e1260b4063149d9", "mac_address": "fa:16:3e:29:fa:8a"}]}
2015-12-10 00:53:08,407 32640 INFO     [tempest_lib.common.rest_client] Request (TestGettingAddress:test_dhcp6_stateless_from_os): 201 POST http://10.0.2.15:9696/v2.0/floatingips 0.505s
2015-12-10 00:53:08,408 32640 DEBUG    [tempest_lib.common.rest_client] Request - Headers: {'Content-Type': 'application/json', 'Accept': 'application/json', 'X-Auth-Token': '&lt;omitted&gt;'}
        Body: {"floatingip": {"floating_network_id": "6c008b70-7812-496b-8ac1-26ff7f80c9c9", "tenant_id": "7edd54b5a3fd42338e1260b4063149d9", "fixed_ip_address": "10.100.0.3", "port_id": "1f9a6832-30b9-43d1-9eeb-d2bfb0a7e6d8"}}
    Response - Headers: {'status': '201', 'content-length': '367', 'connection': 'close', 'date': 'Thu, 10 Dec 2015 00:53:08 GMT', 'content-type': 'application/json; charset=UTF-8', 'x-openstack-request-id': 'req-bb2f2e22-4211-429b-9b30-cfdd5c70af01'}
        Body: {"floatingip": {"floating_network_id": "6c008b70-7812-496b-8ac1-26ff7f80c9c9", "router_id": "b54d8b45-adc3-4df4-ad7a-e2477ba546f0", "fixed_ip_address": "10.100.0.3", "floating_ip_address": "172.24.4.4", "tenant_id": "7edd54b5a3fd42338e1260b4063149d9", "status": "DOWN", "port_id": "1f9a6832-30b9-43d1-9eeb-d2bfb0a7e6d8", "id": "214dc77c-ab10-4775-8f3e-40db9ff5276f"}}
2015-12-10 00:53:08,410 32640 INFO     [tempest_lib.common.ssh] Creating ssh connection to '172.24.4.4' as 'cirros' with public key authentication
2015-12-10 00:53:12,165 32640 WARNING  [tempest_lib.common.ssh] Failed to establish authenticated ssh connection to cirros@172.24.4.4 ([Errno None] Unable to connect to port 22 on  or 172.24.4.4). Number attempts: 1. Retry after 2 seconds.
2015-12-10 00:53:17,668 32640 WARNING  [tempest_lib.common.ssh] Failed to establish authenticated ssh connection to cirros@172.24.4.4 ([Errno None] Unable to connect to port 22 on  or 172.24.4.4). Number attempts: 2. Retry after 3 seconds.
2015-12-10 00:53:24,172 32640 WARNING  [tempest_lib.common.ssh] Failed to establish authenticated ssh connection to cirros@172.24.4.4 ([Errno None] Unable to connect to port 22 on  or 172.24.4.4). Number attempts: 3. Retry after 4 seconds.
2015-12-10 00:53:31,677 32640 WARNING  [tempest_lib.common.ssh] Failed to establish authenticated ssh connection to cirros@172.24.4.4 ([Errno None] Unable to connect to port 22 on  or 172.24.4.4). Number attempts: 4. Retry after 5 seconds.
2015-12-10 00:53:40,189 32640 WARNING  [tempest_lib.common.ssh] Failed to establish authenticated ssh connection to cirros@172.24.4.4 ([Errno None] Unable to connect to port 22 on  or 172.24.4.4). Number attempts: 5. Retry after 6 seconds.
2015-12-10 00:53:49,697 32640 WARNING  [tempest_lib.common.ssh] Failed to establish authenticated ssh connection to cirros@172.24.4.4 ([Errno None] Unable to connect to port 22 on  or 172.24.4.4). Number attempts: 6. Retry after 7 seconds.
2015-12-10 00:54:00,205 32640 WARNING  [tempest_lib.common.ssh] Failed to establish authenticated ssh connection to cirros@172.24.4.4 ([Errno None] Unable to connect to port 22 on  or 172.24.4.4). Number attempts: 7. Retry after 8 seconds.
2015-12-10 00:54:11,712 32640 WARNING  [tempest_lib.common.ssh] Failed to establish authenticated ssh connection to cirros@172.24.4.4 ([Errno None] Unable to connect to port 22 on  or 172.24.4.4). Number attempts: 8. Retry after 9 seconds.
2015-12-10 00:54:24,216 32640 WARNING  [tempest_lib.common.ssh] Failed to establish authenticated ssh connection to cirros@172.24.4.4 ([Errno None] Unable to connect to port 22 on  or 172.24.4.4). Number attempts: 9. Retry after 10 seconds.
2015-12-10 00:54:37,733 32640 WARNING  [tempest_lib.common.ssh] Failed to establish authenticated ssh connection to cirros@172.24.4.4 ([Errno None] Unable to connect to port 22 on  or 172.24.4.4). Number attempts: 10. Retry after 11 seconds.
2015-12-10 00:54:52,244 32640 WARNING  [tempest_lib.common.ssh] Failed to establish authenticated ssh connection to cirros@172.24.4.4 ([Errno None] Unable to connect to port 22 on  or 172.24.4.4). Number attempts: 11. Retry after 12 seconds.
2015-12-10 00:55:07,753 32640 WARNING  [tempest_lib.common.ssh] Failed to establish authenticated ssh connection to cirros@172.24.4.4 ([Errno None] Unable to connect to port 22 on  or 172.24.4.4). Number attempts: 12. Retry after 13 seconds.
2015-12-10 00:55:24,262 32640 WARNING  [tempest_lib.common.ssh] Failed to establish authenticated ssh connection to cirros@172.24.4.4 ([Errno None] Unable to connect to port 22 on  or 172.24.4.4). Number attempts: 13. Retry after 14 seconds.
2015-12-10 00:55:41,777 32640 WARNING  [tempest_lib.common.ssh] Failed to establish authenticated ssh connection to cirros@172.24.4.4 ([Errno None] Unable to connect to port 22 on  or 172.24.4.4). Number attempts: 14. Retry after 15 seconds.
2015-12-10 00:56:00,285 32640 WARNING  [tempest_lib.common.ssh] Failed to establish authenticated ssh connection to cirros@172.24.4.4 ([Errno None] Unable to connect to port 22 on  or 172.24.4.4). Number attempts: 15. Retry after 16 seconds.
2015-12-10 00:56:19,801 32640 WARNING  [tempest_lib.common.ssh] Failed to establish authenticated ssh connection to cirros@172.24.4.4 ([Errno None] Unable to connect to port 22 on  or 172.24.4.4). Number attempts: 16. Retry after 17 seconds.
2015-12-10 00:56:40,304 32640 ERROR    [tempest_lib.common.ssh] Failed to establish authenticated ssh connection to cirros@172.24.4.4 after 16 attempts
2015-12-10 00:56:40.304 32640 ERROR tempest_lib.common.ssh Traceback (most recent call last):
2015-12-10 00:56:40.304 32640 ERROR tempest_lib.common.ssh   File "/usr/local/lib/python2.7/dist-packages/tempest_lib/common/ssh.py", line 75, in _get_ssh_connection
2015-12-10 00:56:40.304 32640 ERROR tempest_lib.common.ssh     timeout=self.channel_timeout, pkey=self.pkey)
2015-12-10 00:56:40.304 32640 ERROR tempest_lib.common.ssh   File "/usr/local/lib/python2.7/dist-packages/paramiko/client.py", line 311, in connect
2015-12-10 00:56:40.304 32640 ERROR tempest_lib.common.ssh     raise NoValidConnectionsError(errors)
2015-12-10 00:56:40.304 32640 ERROR tempest_lib.common.ssh NoValidConnectionsError: [Errno None] Unable to connect to port 22 on  or 172.24.4.4
2015-12-10 00:56:40.304 32640 ERROR tempest_lib.common.ssh 
2015-12-10 00:56:40,306 32640 ERROR    [tempest.scenario.manager] (TestGettingAddress:test_dhcp6_stateless_from_os) Initializing SSH connection to 172.24.4.4 failed. Error: Connection to the 172.24.4.4 via SSH timed out.
User: cirros, Password: None
2015-12-10 00:56:40.306 32640 ERROR tempest.scenario.manager Traceback (most recent call last):
2015-12-10 00:56:40.306 32640 ERROR tempest.scenario.manager   File "tempest/scenario/manager.py", line 383, in get_remote_client
2015-12-10 00:56:40.306 32640 ERROR tempest.scenario.manager     linux_client.validate_authentication()
2015-12-10 00:56:40.306 32640 ERROR tempest.scenario.manager   File "tempest/common/utils/linux/remote_client.py", line 63, in validate_authentication
2015-12-10 00:56:40.306 32640 ERROR tempest.scenario.manager     self.ssh_client.test_connection_auth()
2015-12-10 00:56:40.306 32640 ERROR tempest.scenario.manager   File "/usr/local/lib/python2.7/dist-packages/tempest_lib/common/ssh.py", line 167, in test_connection_auth
2015-12-10 00:56:40.306 32640 ERROR tempest.scenario.manager     connection = self._get_ssh_connection()
2015-12-10 00:56:40.306 32640 ERROR tempest.scenario.manager   File "/usr/local/lib/python2.7/dist-packages/tempest_lib/common/ssh.py", line 87, in _get_ssh_connection
2015-12-10 00:56:40.306 32640 ERROR tempest.scenario.manager     password=self.password)
2015-12-10 00:56:40.306 32640 ERROR tempest.scenario.manager SSHTimeout: Connection to the 172.24.4.4 via SSH timed out.
2015-12-10 00:56:40.306 32640 ERROR tempest.scenario.manager User: cirros, Password: None
2015-12-10 00:56:40.306 32640 ERROR tempest.scenario.manager 
2015-12-10 00:56:40,378 32640 INFO     [tempest_lib.common.rest_client] Request (TestGettingAddress:test_dhcp6_stateless_from_os): 200 GET http://10.0.2.15:8774/v2.1/7edd54b5a3fd42338e1260b4063149d9/servers 0.071s
2015-12-10 00:56:40,379 32640 DEBUG    [tempest_lib.common.rest_client] Request - Headers: {'Content-Type': 'application/json', 'Accept': 'application/json', 'X-Auth-Token': '&lt;omitted&gt;'}
        Body: None
    Response - Headers: {'status': '200', 'content-length': '390', 'content-location': 'http://10.0.2.15:8774/v2.1/7edd54b5a3fd42338e1260b4063149d9/servers', 'x-compute-request-id': 'req-7c7eb284-436f-4f32-a495-5903c7fa22fe', 'vary': 'X-OpenStack-Nova-API-Version', 'connection': 'close', 'x-openstack-nova-api-version': '2.1', 'date': 'Thu, 10 Dec 2015 00:56:40 GMT', 'content-type': 'application/json'}
        Body: {"servers": [{"id": "959d9cb6-3373-44d5-8508-e13c46800ec0", "links": [{"href": "http://10.0.2.15:8774/v2.1/7edd54b5a3fd42338e1260b4063149d9/servers/959d9cb6-3373-44d5-8508-e13c46800ec0", "rel": "self"}, {"href": "http://10.0.2.15:8774/7edd54b5a3fd42338e1260b4063149d9/servers/959d9cb6-3373-44d5-8508-e13c46800ec0", "rel": "bookmark"}], "name": "tempest.common.compute-instance-192025865"}]}
2015-12-10 00:56:40,585 32640 INFO     [tempest_lib.common.rest_client] Request (TestGettingAddress:test_dhcp6_stateless_from_os): 200 POST http://10.0.2.15:8774/v2.1/7edd54b5a3fd42338e1260b4063149d9/servers/959d9cb6-3373-44d5-8508-e13c46800ec0/action 0.202s
2015-12-10 00:56:40,586 32640 DEBUG    [tempest_lib.common.rest_client] Request - Headers: {'Content-Type': 'application/json', 'Accept': 'application/json', 'X-Auth-Token': '&lt;omitted&gt;'}
        Body: {"os-getConsoleOutput": {}}
    Response - Headers: {'status': '200', 'content-length': '21443', 'x-compute-request-id': 'req-c4847ffa-e5b0-46c3-a4a6-9ebedbc8ce17', 'vary': 'X-OpenStack-Nova-API-Version', 'connection': 'close', 'x-openstack-nova-api-version': '2.1', 'date': 'Thu, 10 Dec 2015 00:56:40 GMT', 'content-type': 'application/json'}
        Body: {"output": "[    0.000000] Initializing cgroup subsys cpuset\n[    0.000000] Initializing cgroup subsys cpu\n[    0.000000] Linux version 3.2.0-80-virtual (buildd@batsu) (gcc version 4.6.3 (Ubuntu/Linaro 4.6.3-1ubuntu5) ) #116-Ubuntu SMP Mon Mar 23 17:28:52 UTC 2015 (Ubuntu 3.2.0-80.116-virtual 3.2.68)\n[    0.000000] Command line: root=/dev/vda console=tty0 console=ttyS0 no_timer_check\n[    0.000000] KERNEL supported cpus:\n[    0.000000]   Intel GenuineIntel\n[    0.000000]   AMD AuthenticAMD\n[    0.000000]   Centaur CentaurHauls\n[    0.000000] BIOS-provided physical RAM map:\n[    0.000000]  BIOS-e820: 0000000000000000 - 000000000009fc00 (usable)\n[    0.000000]  BIOS-e820: 000000000009fc00 - 00000000000a0000 (reserved)\n[    0.000000]  BIOS-e820: 00000000000f0000 - 0000000000100000 (reserved)\n[    0.000000]  BIOS-e820: 0000000000100000 - 0000000003ffe000 (usable)\n[    0.000000]  BIOS-e820: 0000000003ffe000 - 0000000004000000 (reserved)\n[    0.000000]  BIOS-e820: 00000000fffc0000 - 0000000100000000 (reserved)\n[    0.000000] NX (Execute Disable) protection: active\n[    0.000000] SMBIOS 2.4 present.\n[    0.000000] No AGP bridge found\n[    0.000000] last_pfn = 0x3ffe max_arch_pfn = 0x400000000\n[    0.000000] x86 PAT enabled: cpu 0, old 0x7040600070406, new 0x7010600070106\n[    0.000000] found SMP MP-table at [ffff8800000f0b00] f0b00\n[    0.000000] init_memory_mapping: 0000000000000000-0000000003ffe000\n[    0.000000] RAMDISK: 03c5e000 - 03ff0000\n[    0.000000] ACPI: RSDP 00000000000f0950 00014 (v00 BOCHS )\n[    0.000000] ACPI: RSDT 0000000003fffbc1 00034 (v01 BOCHS  BXPCRSDT 00000001 BXPC 00000001)\n[    0.000000] ACPI: FACP 0000000003fff1c0 00074 (v01 BOCHS  BXPCFACP 00000001 BXPC 00000001)\n[    0.000000] ACPI: DSDT 0000000003ffe040 01180 (v01 BOCHS  BXPCDSDT 00000001 BXPC 00000001)\n[    0.000000] ACPI: FACS 0000000003ffe000 00040\n[    0.000000] ACPI: SSDT 0000000003fff234 008DD (v01 BOCHS  BXPCSSDT 00000001 BXPC 00000001)\n[    0.000000] ACPI: APIC 0000000003fffb11 00078 (v01 BOCHS  BXPCAPIC 00000001 BXPC 00000001)\n[    0.000000] ACPI: HPET 0000000003fffb89 00038 (v01 BOCHS  BXPCHPET 00000001 BXPC 00000001)\n[    0.000000] No NUMA configuration found\n[    0.000000] Faking a node at 0000000000000000-0000000003ffe000\n[    0.000000] Initmem setup node 0 0000000000000000-0000000003ffe000\n[    0.000000]   NODE_DATA [0000000003ff6000 - 0000000003ffafff]\n[    0.000000] Zone PFN ranges:\n[    0.000000]   DMA      0x00000010 -&gt; 0x00001000\n[    0.000000]   DMA32    0x00001000 -&gt; 0x00100000\n[    0.000000]   Normal   empty\n[    0.000000] Movable zone start PFN for each node\n[    0.000000] early_node_map[2] active PFN ranges\n[    0.000000]     0: 0x00000010 -&gt; 0x0000009f\n[    0.000000]     0: 0x00000100 -&gt; 0x00003ffe\n[    0.000000] ACPI: PM-Timer IO Port: 0xb008\n[    0.000000] ACPI: LAPIC (acpi_id[0x00] lapic_id[0x00] enabled)\n[    0.000000] ACPI: LAPIC_NMI (acpi_id[0xff] dfl dfl lint[0x1])\n[    0.000000] ACPI: IOAPIC (id[0x00] address[0xfec00000] gsi_base[0])\n[    0.000000] IOAPIC[0]: apic_id 0, version 17, address 0xfec00000, GSI 0-23\n[    0.000000] ACPI: INT_SRC_OVR (bus 0 bus_irq 0 global_irq 2 dfl dfl)\n[    0.000000] ACPI: INT_SRC_OVR (bus 0 bus_irq 5 global_irq 5 high level)\n[    0.000000] ACPI: INT_SRC_OVR (bus 0 bus_irq 9 global_irq 9 high level)\n[    0.000000] ACPI: INT_SRC_OVR (bus 0 bus_irq 10 global_irq 10 high level)\n[    0.000000] ACPI: INT_SRC_OVR (bus 0 bus_irq 11 global_irq 11 high level)\n[    0.000000] Using ACPI (MADT) for SMP configuration information\n[    0.000000] ACPI: HPET id: 0x8086a201 base: 0xfed00000\n[    0.000000] SMP: Allowing 1 CPUs, 0 hotplug CPUs\n[    0.000000] PM: Registered nosave memory: 000000000009f000 - 00000000000a0000\n[    0.000000] PM: Registered nosave memory: 00000000000a0000 - 00000000000f0000\n[    0.000000] PM: Registered nosave memory: 00000000000f0000 - 0000000000100000\n[    0.000000] Allocating PCI resources starting at 4000000 (gap: 4000000:fbfc0000)\n[    0.000000] Booting paravirtualized kernel on bare hardware\n[    0.000000] setup_pe
2015-12-10 00:56:40,587 32640 DEBUG    [tempest.scenario.manager] Console output for 959d9cb6-3373-44d5-8508-e13c46800ec0
body=
[    0.000000] Initializing cgroup subsys cpuset
[    0.000000] Initializing cgroup subsys cpu
[    0.000000] Linux version 3.2.0-80-virtual (buildd@batsu) (gcc version 4.6.3 (Ubuntu/Linaro 4.6.3-1ubuntu5) ) #116-Ubuntu SMP Mon Mar 23 17:28:52 UTC 2015 (Ubuntu 3.2.0-80.116-virtual 3.2.68)
[    0.000000] Command line: root=/dev/vda console=tty0 console=ttyS0 no_timer_check
[    0.000000] KERNEL supported cpus:
[    0.000000]   Intel GenuineIntel
[    0.000000]   AMD AuthenticAMD
[    0.000000]   Centaur CentaurHauls
[    0.000000] BIOS-provided physical RAM map:
[    0.000000]  BIOS-e820: 0000000000000000 - 000000000009fc00 (usable)
[    0.000000]  BIOS-e820: 000000000009fc00 - 00000000000a0000 (reserved)
[    0.000000]  BIOS-e820: 00000000000f0000 - 0000000000100000 (reserved)
[    0.000000]  BIOS-e820: 0000000000100000 - 0000000003ffe000 (usable)
[    0.000000]  BIOS-e820: 0000000003ffe000 - 0000000004000000 (reserved)
[    0.000000]  BIOS-e820: 00000000fffc0000 - 0000000100000000 (reserved)
[    0.000000] NX (Execute Disable) protection: active
[    0.000000] SMBIOS 2.4 present.
[    0.000000] No AGP bridge found
[    0.000000] last_pfn = 0x3ffe max_arch_pfn = 0x400000000
[    0.000000] x86 PAT enabled: cpu 0, old 0x7040600070406, new 0x7010600070106
[    0.000000] found SMP MP-table at [ffff8800000f0b00] f0b00
[    0.000000] init_memory_mapping: 0000000000000000-0000000003ffe000
[    0.000000] RAMDISK: 03c5e000 - 03ff0000
[    0.000000] ACPI: RSDP 00000000000f0950 00014 (v00 BOCHS )
[    0.000000] ACPI: RSDT 0000000003fffbc1 00034 (v01 BOCHS  BXPCRSDT 00000001 BXPC 00000001)
[    0.000000] ACPI: FACP 0000000003fff1c0 00074 (v01 BOCHS  BXPCFACP 00000001 BXPC 00000001)
[    0.000000] ACPI: DSDT 0000000003ffe040 01180 (v01 BOCHS  BXPCDSDT 00000001 BXPC 00000001)
[    0.000000] ACPI: FACS 0000000003ffe000 00040
[    0.000000] ACPI: SSDT 0000000003fff234 008DD (v01 BOCHS  BXPCSSDT 00000001 BXPC 00000001)
[    0.000000] ACPI: APIC 0000000003fffb11 00078 (v01 BOCHS  BXPCAPIC 00000001 BXPC 00000001)
[    0.000000] ACPI: HPET 0000000003fffb89 00038 (v01 BOCHS  BXPCHPET 00000001 BXPC 00000001)
[    0.000000] No NUMA configuration found
[    0.000000] Faking a node at 0000000000000000-0000000003ffe000
[    0.000000] Initmem setup node 0 0000000000000000-0000000003ffe000
[    0.000000]   NODE_DATA [0000000003ff6000 - 0000000003ffafff]
[    0.000000] Zone PFN ranges:
[    0.000000]   DMA      0x00000010 -&gt; 0x00001000
[    0.000000]   DMA32    0x00001000 -&gt; 0x00100000
[    0.000000]   Normal   empty
[    0.000000] Movable zone start PFN for each node
[    0.000000] early_node_map[2] active PFN ranges
[    0.000000]     0: 0x00000010 -&gt; 0x0000009f
[    0.000000]     0: 0x00000100 -&gt; 0x00003ffe
[    0.000000] ACPI: PM-Timer IO Port: 0xb008
[    0.000000] ACPI: LAPIC (acpi_id[0x00] lapic_id[0x00] enabled)
[    0.000000] ACPI: LAPIC_NMI (acpi_id[0xff] dfl dfl lint[0x1])
[    0.000000] ACPI: IOAPIC (id[0x00] address[0xfec00000] gsi_base[0])
[    0.000000] IOAPIC[0]: apic_id 0, version 17, address 0xfec00000, GSI 0-23
[    0.000000] ACPI: INT_SRC_OVR (bus 0 bus_irq 0 global_irq 2 dfl dfl)
[    0.000000] ACPI: INT_SRC_OVR (bus 0 bus_irq 5 global_irq 5 high level)
[    0.000000] ACPI: INT_SRC_OVR (bus 0 bus_irq 9 global_irq 9 high level)
[    0.000000] ACPI: INT_SRC_OVR (bus 0 bus_irq 10 global_irq 10 high level)
[    0.000000] ACPI: INT_SRC_OVR (bus 0 bus_irq 11 global_irq 11 high level)
[    0.000000] Using ACPI (MADT) for SMP configuration information
[    0.000000] ACPI: HPET id: 0x8086a201 base: 0xfed00000
[    0.000000] SMP: Allowing 1 CPUs, 0 hotplug CPUs
[    0.000000] PM: Registered nosave memory: 000000000009f000 - 00000000000a0000
[    0.000000] PM: Registered nosave memory: 00000000000a0000 - 00000000000f0000
[    0.000000] PM: Registered nosave memory: 00000000000f0000 - 0000000000100000
[    0.000000] Allocating PCI resources starting at 4000000 (gap: 4000000:fbfc0000)
[    0.000000] Booting paravirtualized kernel on bare hardware
[    0.000000] setup_percpu: NR_CPUS:64 nr_cpumask_bits:64 nr_cpu_ids:1 nr_node_ids:1
[    0.000000] PERCPU: Embedded 27 pages/cpu @ffff880003a00000 s78848 r8192 d23552 u2097152
[    0.000000] Built 1 zonelists in Node order, mobility grouping on.  Total pages: 16008
[    0.000000] Policy zone: DMA32
[    0.000000] Kernel command line: root=/dev/vda console=tty0 console=ttyS0 no_timer_check
[    0.000000] PID hash table entries: 256 (order: -1, 2048 bytes)
[    0.000000] Checking aperture...
[    0.000000] No AGP bridge found
[    0.000000] Memory: 43492k/65528k available (6576k kernel code, 452k absent, 21584k reserved, 6620k data, 928k init)
[    0.000000] SLUB: Genslabs=15, HWalign=64, Order=0-3, MinObjects=0, CPUs=1, Nodes=1
[    0.000000] Hierarchical RCU implementation.
[    0.000000] 	RCU dyntick-idle grace-period acceleration is enabled.
[    0.000000] NR_IRQS:4352 nr_irqs:256 16
[    0.000000] Console: colour VGA+ 80x25
[    0.000000] console [tty0] enabled
[    0.000000] console [ttyS0] enabled
[    0.000000] allocated 1048576 bytes of page_cgroup
[    0.000000] please try 'cgroup_disable=memory' option if you don't want memory cgroups
[    0.000000] Fast TSC calibration failed
[    0.000000] TSC: Unable to calibrate against PIT
[    0.000000] TSC: using HPET reference calibration
[    0.000000] Detected 2292.064 MHz processor.
[    0.033482] Calibrating delay loop (skipped), value calculated using timer frequency.. 4584.12 BogoMIPS (lpj=9168256)
[    0.036793] pid_max: default: 32768 minimum: 301
[    0.045750] Security Framework initialized
[    0.053596] AppArmor: AppArmor initialized
[    0.056140] Yama: becoming mindful.
[    0.064956] Dentry cache hash table entries: 8192 (order: 4, 65536 bytes)
[    0.066516] Inode-cache hash table entries: 4096 (order: 3, 32768 bytes)
[    0.068789] Mount-cache hash table entries: 256
[    0.086703] Initializing cgroup subsys cpuacct
[    0.088414] Initializing cgroup subsys memory
[    0.093494] Initializing cgroup subsys devices
[    0.094848] Initializing cgroup subsys freezer
[    0.096271] Initializing cgroup subsys blkio
[    0.097012] Initializing cgroup subsys perf_event
[    0.102063] mce: CPU supports 10 MCE banks
[    0.105891] SMP alternatives: switching to UP code
[    0.499439] Freeing SMP alternatives: 24k freed
[    0.500710] ACPI: Core revision 20110623
[    0.550335] ftrace: allocating 26610 entries in 105 pages
[    0.583714] ..TIMER: vector=0x30 apic1=0 pin1=2 apic2=-1 pin2=-1
[    0.584170] CPU0: AMD QEMU Virtual CPU version 2.0.0 stepping 03
[    0.588036] Performance Events: Broken PMU hardware detected, using software events only.
[    0.598409] NMI watchdog disabled (cpu0): hardware events not enabled
[    0.601227] Brought up 1 CPUs
[    0.602034] Total of 1 processors activated (4584.12 BogoMIPS).
[    0.630421] devtmpfs: initialized
[    0.662592] EVM: security.selinux
[    0.663066] EVM: security.SMACK64
[    0.663468] EVM: security.capability
[    0.684787] print_constraints: dummy: 
[    0.686449] RTC time:  0:53:10, date: 12/10/15
[    0.693681] NET: Registered protocol family 16
[    0.706582] ACPI: bus type pci registered
[    0.712322] PCI: Using configuration type 1 for base access
[    0.740718] bio: create slab &lt;bio-0&gt; at 0
[    0.745389] ACPI: Added _OSI(Module Device)
[    0.746233] ACPI: Added _OSI(Processor Device)
[    0.746899] ACPI: Added _OSI(3.0 _SCP Extensions)
[    0.748101] ACPI: Added _OSI(Processor Aggregator Device)
[    0.828410] ACPI: Interpreter enabled
[    0.829118] ACPI: (supports S0 S3 S4 S5)
[    0.830960] ACPI: Using IOAPIC for interrupt routing
[    0.900910] ACPI: No dock devices found.
[    0.901476] HEST: Table not found.
[    0.902048] PCI: Using host bridge windows from ACPI; if necessary, use "pci=nocrs" and report a bug
[    0.907458] ACPI: PCI Root Bridge [PCI0] (domain 0000 [bus 00-ff])
[    0.913292] pci_root PNP0A03:00: host bridge window [io  0x0000-0x0cf7]
[    0.914182] pci_root PNP0A03:00: host bridge window [io  0x0d00-0xadff]
[    0.914942] pci_root PNP0A03:00: host bridge window [io  0xae0f-0xaeff]
[    0.916107] pci_root PNP0A03:00: host bridge window [io  0xaf20-0xafdf]
[    0.917064] pci_root PNP0A03:00: host bridge window [io  0xafe4-0xffff]
[    0.918067] pci_root PNP0A03:00: host bridge window [mem 0x000a0000-0x000bffff]
[    0.918939] pci_root PNP0A03:00: host bridge window [mem 0x04000000-0xfebfffff]
[    0.938643] pci 0000:00:01.3: quirk: [io  0xb000-0xb03f] claimed by PIIX4 ACPI
[    0.940189] pci 0000:00:01.3: quirk: [io  0xb100-0xb10f] claimed by PIIX4 SMB
[    1.006751]  pci0000:00: Unable to request _OSC control (_OSC support mask: 0x1e)
[    1.061602] ACPI: PCI Interrupt Link [LNKA] (IRQs 5 *10 11)
[    1.064244] ACPI: PCI Interrupt Link [LNKB] (IRQs 5 *10 11)
[    1.065961] ACPI: PCI Interrupt Link [LNKC] (IRQs 5 10 *11)
[    1.068435] ACPI: PCI Interrupt Link [LNKD] (IRQs 5 10 *11)
[    1.069770] ACPI: PCI Interrupt Link [LNKS] (IRQs *9)
[    1.076370] vgaarb: device added: PCI:0000:00:02.0,decodes=io+mem,owns=io+mem,locks=none
[    1.077633] vgaarb: loaded
[    1.078011] vgaarb: bridge control possible 0000:00:02.0
[    1.082182] i2c-core: driver [aat2870] using legacy suspend method
[    1.082900] i2c-core: driver [aat2870] using legacy resume method
[    1.085805] SCSI subsystem initialized
[    1.089925] usbcore: registered new interface driver usbfs
[    1.090879] usbcore: registered new interface driver hub
[    1.092660] usbcore: registered new device driver usb
[    1.096613] PCI: Using ACPI for IRQ routing
[    1.110083] NetLabel: Initializing
[    1.110578] NetLabel:  domain hash size = 128
[    1.111074] NetLabel:  protocols = UNLABELED CIPSOv4
[    1.113434] NetLabel:  unlabeled traffic allowed by default
[    1.116221] HPET: 3 timers in total, 0 timers will be used for per-cpu timer
[    1.117467] hpet0: at MMIO 0xfed00000, IRQs 2, 8, 0
[    1.118347] hpet0: 3 comparators, 64-bit 100.000000 MHz counter
[    1.130741] Switching to clocksource hpet
[    1.387950] AppArmor: AppArmor Filesystem Enabled
[    1.390316] pnp: PnP ACPI init
[    1.390919] ACPI: bus type pnp registered
[    1.410187] pnp: PnP ACPI: found 9 devices
[    1.410734] ACPI: ACPI bus type pnp unregistered
[    1.489645] NET: Registered protocol family 2
[    1.523601] IP route cache hash table entries: 512 (order: 0, 4096 bytes)
[    1.531194] TCP established hash table entries: 2048 (order: 3, 32768 bytes)
[    1.533257] TCP bind hash table entries: 2048 (order: 3, 32768 bytes)
[    1.534157] TCP: Hash tables configured (established 2048 bind 2048)
[    1.534947] TCP reno registered
[    1.535497] UDP hash table entries: 128 (order: 0, 4096 bytes)
[    1.537136] UDP-Lite hash table entries: 128 (order: 0, 4096 bytes)
[    1.539491] NET: Registered protocol family 1
[    1.541419] pci 0000:00:00.0: Limiting direct PCI/PCI transfers
[    1.542367] pci 0000:00:01.0: PIIX3: Enabling Passive Release
[    1.543271] pci 0000:00:01.0: Activating ISA DMA hang workarounds
[    1.549161] ACPI: PCI Interrupt Link [LNKD] enabled at IRQ 11
[    1.550296] pci 0000:00:01.2: PCI INT D -&gt; Link[LNKD] -&gt; GSI 11 (level, high) -&gt; IRQ 11
[    1.552604] pci 0000:00:01.2: PCI INT D disabled
[    1.571820] Trying to unpack rootfs image as initramfs...
[    1.595331] audit: initializing netlink socket (disabled)
[    1.597782] type=2000 audit(1449708790.592:1): initialized
[    1.855954] HugeTLB registered 2 MB page size, pre-allocated 0 pages
[    1.922793] VFS: Disk quotas dquot_6.5.2
[    1.925191] Dquot-cache hash table entries: 512 (order 0, 4096 bytes)
[    1.947167] fuse init (API version 7.17)
[    1.950282] msgmni has been set to 84
[    1.987590] Block layer SCSI generic (bsg) driver version 0.4 loaded (major 253)
[    2.001156] io scheduler noop registered
[    2.001778] io scheduler deadline registered (default)
[    2.002879] io scheduler cfq registered
[    2.006693] pci_hotplug: PCI Hot Plug PCI Core version: 0.5
[    2.009507] pciehp: PCI Express Hot Plug Controller Driver version: 0.4
[    2.014910] input: Power Button as /devices/LNXSYSTM:00/LNXPWRBN:00/input/input0
[    2.017407] ACPI: Power Button [PWRF]
[    2.075155] ERST: Table is not found!
[    2.075980] GHES: HEST is not enabled!
[    2.087506] ACPI: PCI Interrupt Link [LNKC] enabled at IRQ 10
[    2.089671] virtio-pci 0000:00:03.0: PCI INT A -&gt; Link[LNKC] -&gt; GSI 10 (level, high) -&gt; IRQ 10
[    2.094253] virtio-pci 0000:00:04.0: PCI INT A -&gt; Link[LNKD] -&gt; GSI 11 (level, high) -&gt; IRQ 11
[    2.117340] ACPI: PCI Interrupt Link [LNKA] enabled at IRQ 10
[    2.118037] virtio-pci 0000:00:05.0: PCI INT A -&gt; Link[LNKA] -&gt; GSI 10 (level, high) -&gt; IRQ 10
[    2.130502] Serial: 8250/16550 driver, 32 ports, IRQ sharing enabled
[    2.168912] serial8250: ttyS0 at I/O 0x3f8 (irq = 4) is a 16550A
[    2.259837] serial8250: ttyS1 at I/O 0x2f8 (irq = 3) is a 16550A
[    2.400645] 00:05: ttyS0 at I/O 0x3f8 (irq = 4) is a 16550A
[    2.482364] 00:06: ttyS1 at I/O 0x2f8 (irq = 3) is a 16550A
[    2.534876] Linux agpgart interface v0.103
[    2.558596] Refined TSC clocksource calibration: 2292.098 MHz.
[    2.559508] Switching to clocksource tsc
[    2.611442] brd: module loaded
[    2.650408] loop: module loaded
[    2.702729]  vda: unknown partition table
[    2.757478] scsi0 : ata_piix
[    2.760042] scsi1 : ata_piix
[    2.762091] ata1: PATA max MWDMA2 cmd 0x1f0 ctl 0x3f6 bmdma 0xc0a0 irq 14
[    2.762836] ata2: PATA max MWDMA2 cmd 0x170 ctl 0x376 bmdma 0xc0a8 irq 15
[    2.773307] Fixed MDIO Bus: probed
[    2.774090] tun: Universal TUN/TAP device driver, 1.6
[    2.774657] tun: (C) 1999-2004 Max Krasnyansky &lt;maxk@qualcomm.com&gt;
[    2.798693] PPP generic driver version 2.4.2
[    2.823910] ehci_hcd: USB 2.0 'Enhanced' Host Controller (EHCI) Driver
[    2.827481] ohci_hcd: USB 1.1 'Open' Host Controller (OHCI) Driver
[    2.830480] uhci_hcd: USB Universal Host Controller Interface driver
[    2.831700] uhci_hcd 0000:00:01.2: PCI INT D -&gt; Link[LNKD] -&gt; GSI 11 (level, high) -&gt; IRQ 11
[    2.835360] uhci_hcd 0000:00:01.2: UHCI Host Controller
[    2.854317] uhci_hcd 0000:00:01.2: new USB bus registered, assigned bus number 1
[    2.856066] uhci_hcd 0000:00:01.2: irq 11, io base 0x0000c040
[    2.887708] hub 1-0:1.0: USB hub found
[    2.890555] hub 1-0:1.0: 2 ports detected
[    2.898724] usbcore: registered new interface driver libusual
[    2.902068] i8042: PNP: PS/2 Controller [PNP0303:KBD,PNP0f13:MOU] at 0x60,0x64 irq 1,12
[    2.910281] serio: i8042 KBD port at 0x60,0x64 irq 1
[    2.912549] serio: i8042 AUX port at 0x60,0x64 irq 12
[    2.947963] mousedev: PS/2 mouse device common for all mice
[    2.963889] input: AT Translated Set 2 keyboard as /devices/platform/i8042/serio0/input/input1
[    2.967874] rtc_cmos 00:01: RTC can wake from S4
[    2.982623] rtc_cmos 00:01: rtc core: registered rtc_cmos as rtc0
[    2.987154] rtc0: alarms up to one day, 114 bytes nvram, hpet irqs
[    2.990295] device-mapper: uevent: version 1.0.3
[    3.010945] ata2.01: ATAPI: QEMU DVD-ROM, 2.0.0, max UDMA/100
[    3.027846] device-mapper: ioctl: 4.22.0-ioctl (2011-10-19) initialised: dm-devel@redhat.com
[    3.033277] cpuidle: using governor ladder
[    3.035058] cpuidle: using governor menu
[    3.037165] EFI Variables Facility v0.08 2004-May-17
[    3.048761] TCP cubic registered
[    3.052053] NET: Registered protocol family 10
[    3.080016] NET: Registered protocol family 17
[    3.082117] Registering the dns_resolver key type
[    3.088953] ata2.01: configured for MWDMA2
[    3.142788] scsi 1:0:1:0: CD-ROM            QEMU     QEMU DVD-ROM     2.0. PQ: 0 ANSI: 5
[    3.167488] sr0: scsi3-mmc drive: 4x/4x cd/rw xa/form2 tray
[    3.169354] cdrom: Uniform CD-ROM driver Revision: 3.20
[    3.191167] sr 1:0:1:0: Attached scsi generic sg0 type 5
[    3.222714] registered taskstats version 1
[    3.309281] Freeing initrd memory: 3656k freed
[    3.768012]   Magic number: 11:124:860
[    3.784038] rtc_cmos 00:01: setting system clock to 2015-12-10 00:53:13 UTC (1449708793)
[    3.791490] powernow-k8: Processor cpuid 663 not supported
[    3.799753] BIOS EDD facility v0.16 2004-Jun-25, 0 devices found
[    3.802513] EDD information not available.
[    3.866331] Freeing unused kernel memory: 928k freed
[    3.871728] Write protecting the kernel read-only data: 12288k
[    4.012930] Freeing unused kernel memory: 1596k freed
[    4.094634] Freeing unused kernel memory: 1184k freed

info: initramfs: up at 4.32
modprobe: module virtio_blk not found in modules.dep
modprobe: module virtio_net not found in modules.dep
info: copying initramfs to /dev/vda
info: initramfs loading root from /dev/vda
info: /etc/init.d/rc.sysinit: up at 9.00
info: container: none
Starting logging: OK
modprobe: module virtio_blk not found in modules.dep
modprobe: module virtio_net not found in modules.dep
WARN: /etc/rc3.d/S10-load-modules failed
Initializing random number generator... done.
Starting acpid: OK
cirros-ds 'local' up at 11.65
found datasource (configdrive, local)
Starting network...
udhcpc (v1.20.1) started
Sending discover...
Sending discover...
Sending discover...
Usage: /sbin/cirros-dhcpc &lt;up|down&gt;
No lease, failing
WARN: /etc/rc3.d/S40-network failed
Starting dropbear sshd: generating rsa key... generating dsa key... OK
no userdata for datasource
=== system information ===
Platform: OpenStack Foundation OpenStack Nova
Container: none
Arch: x86_64
CPU(s): 1 @ 2292.064 MHz
Cores/Sockets/Threads: 1/1/1
Virt-type: AMD-V
RAM Size: 49MB
Disks:
NAME MAJ:MIN     SIZE LABEL         MOUNTPOINT
vda  253:0   25165824 cirros-rootfs /
sr0   11:0     428032 config-2      
=== sshd host keys ===
-----BEGIN SSH HOST KEY KEYS-----
ssh-rsa AAAAB3NzaC1yc2EAAAADAQABAAAAgm3vI7PwZsdnIUHoL397iQnP/3m3Tl/PaspxRsm2tsxeH2Rx6JK+WQrMVuUgQRlzukBAzDx+T3WtZ4uvPJ/ujjzTUbUdNevOJb7w5kTsr3D0S2xqSnc5cWOEyehH7k0hu9c8qgSq+T5dbp6dAxBpxjXXYFBNx/96ydKsGLpKxkPVKG8= root@tempest
ssh-dss AAAAB3NzaC1kc3MAAACBAPba2cJ5vGQl0ZEO6Hy8haUXKc1NR3GQJPGB1Fv/NbLqWZH7VxpKU65nj6w3USo+UMbYm0vid6tpKxVMBrrRjURiDb3TmYsXi69i9gIlnWC/6786r7aBQRB64r3GLhP2JcYBF9UZ0SZ7LrJTue21ja6E+VjILtMtDsyMKg0JxyVnAAAAFQD2xnBdiD3g/DufHItJngiouqoFNQAAAIAJp/F4a1mDHaLTgzp2jdX/35aWDPCKlJH43nmg08+9n/acDjlaJExhpB9r/tTepUhSCxAzZREqexmkIrVUrZWsK1PyVq5VScqSWH3RAp5g7HHpi6BjnuclEF+tTHJQCicvBtNDSqy6yPEiRgQuJ2xvGHGZuHWghad0aiw5KV+PtAAAAIEAsaYEWbAwBvtChPx+XVtmFf7th0mTm2T/kliLmQ86nnpvU99Jdq5YWf9HgCv9oTAgRwur8B8iLIc0ATlsSCWLcfYozK9sc0U87mtsVKukTExR+Eh30OZ12e9U7ghwWux8SqKJZPsNcv81Qu/dv4b2H8DyKO/zAckHhHS0W3/Emng= root@tempest
-----END SSH HOST KEY KEYS-----
=== network info ===
if-info: lo,up,127.0.0.1,8,::1
if-info: eth0,up,,8,fe80::f816:3eff:fe29:fa8a
=== datasource: configdrive local ===
instance-id: 959d9cb6-3373-44d5-8508-e13c46800ec0
name: tempest.common.compute-instance-192025865
availability-zone: nova
local-hostname: tempest.common.compute-instance-192025865.novalocal
launch-index: 0
=== cirros: current=0.3.4 uptime=209.21 ===
route: fscanf
=== pinging gateway failed, debugging connection ===
############ debug start ##############
### /etc/init.d/sshd start
Starting dropbear sshd: OK
route: fscanf
### ifconfig -a
eth0      Link encap:Ethernet  HWaddr FA:16:3E:29:FA:8A  
          inet6 addr: fe80::f816:3eff:fe29:fa8a/64 Scope:Link
          UP BROADCAST RUNNING MULTICAST  MTU:1500  Metric:1
          RX packets:12 errors:0 dropped:5 overruns:0 frame:0
          TX packets:8 errors:0 dropped:0 overruns:0 carrier:0
          collisions:0 txqueuelen:1000 
          RX bytes:1303 (1.2 KiB)  TX bytes:1134 (1.1 KiB)

lo        Link encap:Local Loopback  
          inet addr:127.0.0.1  Mask:255.0.0.0
          inet6 addr: ::1/128 Scope:Host
          UP LOOPBACK RUNNING  MTU:16436  Metric:1
          RX packets:12 errors:0 dropped:0 overruns:0 frame:0
          TX packets:12 errors:0 dropped:0 overruns:0 carrier:0
          collisions:0 txqueuelen:0 
          RX bytes:1020 (1020.0 B)  TX bytes:1020 (1020.0 B)

### route -n
Kernel IP routing table
Destination     Gateway         Genmask         Flags Metric Ref    Use Iface
route: fscanf
### cat /etc/resolv.conf
cat: can't open '/etc/resolv.conf': No such file or directory
### gateway not found
/sbin/cirros-status: line 1: can't open /etc/resolv.conf: no such file
### pinging nameservers
### uname -a
Linux tempest 3.2.0-80-virtual #116-Ubuntu SMP Mon Mar 23 17:28:52 UTC 2015 x86_64 GNU/Linux
### lsmod
Module                  Size  Used by    Not tainted
nls_iso8859_1          12713  0 
nls_cp437              16991  0 
vfat                   17585  0 
fat                    61512  1 vfat
isofs                  40259  0 
ip_tables              27473  0 
x_tables               29891  1 ip_tables
pcnet32                42119  0 
8139cp                 27360  0 
ne2k_pci               13691  0 
8390                   18856  1 ne2k_pci
e1000                 108589  0 
acpiphp                24231  0 
### dmesg | tail
[    5.150102] EXT3-fs (vda): mounted filesystem with ordered data mode
[    5.461692] ISO 9660 Extensions: Microsoft Joliet Level 3

2015-12-10 00:56:40,803 32640 INFO     [tempest_lib.common.rest_client] Request (TestGettingAddress:_run_cleanups): 204 DELETE http://10.0.2.15:9696/v2.0/floatingips/214dc77c-ab10-4775-8f3e-40db9ff5276f 0.211s
2015-12-10 00:56:40,803 32640 DEBUG    [tempest_lib.common.rest_client] Request - Headers: {'Content-Type': 'application/json', 'Accept': 'application/json', 'X-Auth-Token': '&lt;omitted&gt;'}
        Body: None
    Response - Headers: {'date': 'Thu, 10 Dec 2015 00:56:40 GMT', 'status': '204', 'connection': 'close', 'content-length': '0', 'x-openstack-request-id': 'req-92636f47-afcd-4a88-a000-653bd1955648'}
        Body: 
2015-12-10 00:56:41,099 32640 INFO     [tempest_lib.common.rest_client] Request (TestGettingAddress:_run_cleanups): 204 DELETE http://10.0.2.15:8774/v2.1/7edd54b5a3fd42338e1260b4063149d9/servers/959d9cb6-3373-44d5-8508-e13c46800ec0 0.295s
2015-12-10 00:56:41,099 32640 DEBUG    [tempest_lib.common.rest_client] Request - Headers: {'Content-Type': 'application/json', 'Accept': 'application/json', 'X-Auth-Token': '&lt;omitted&gt;'}
        Body: None
    Response - Headers: {'status': '204', 'content-length': '0', 'x-compute-request-id': 'req-c5c00a2a-cb4e-4c44-817d-bd35010cb628', 'vary': 'X-OpenStack-Nova-API-Version', 'connection': 'close', 'x-openstack-nova-api-version': '2.1', 'date': 'Thu, 10 Dec 2015 00:56:41 GMT', 'content-type': 'application/json'}
        Body: 
2015-12-10 00:56:41,434 32640 INFO     [tempest_lib.common.rest_client] Request (TestGettingAddress:_run_cleanups): 200 GET http://10.0.2.15:8774/v2.1/7edd54b5a3fd42338e1260b4063149d9/servers/959d9cb6-3373-44d5-8508-e13c46800ec0 0.333s
2015-12-10 00:56:41,434 32640 DEBUG    [tempest_lib.common.rest_client] Request - Headers: {'Content-Type': 'application/json', 'Accept': 'application/json', 'X-Auth-Token': '&lt;omitted&gt;'}
        Body: None
    Response - Headers: {'status': '200', 'content-length': '1903', 'content-location': 'http://10.0.2.15:8774/v2.1/7edd54b5a3fd42338e1260b4063149d9/servers/959d9cb6-3373-44d5-8508-e13c46800ec0', 'x-compute-request-id': 'req-58885635-bd17-4e9d-a1ad-1d859a41b11a', 'vary': 'X-OpenStack-Nova-API-Version', 'connection': 'close', 'x-openstack-nova-api-version': '2.1', 'date': 'Thu, 10 Dec 2015 00:56:41 GMT', 'content-type': 'application/json'}
        Body: {"server": {"status": "ACTIVE", "updated": "2015-12-10T00:56:41Z", "hostId": "33653a99d3d90c42848a9586d5f02874a085711bd043dfd59096723d", "addresses": {"tempest-network-smoke--1930421888": [{"OS-EXT-IPS-MAC:mac_addr": "fa:16:3e:29:fa:8a", "version": 6, "addr": "2003::f816:3eff:fe29:fa8a", "OS-EXT-IPS:type": "fixed"}, {"OS-EXT-IPS-MAC:mac_addr": "fa:16:3e:29:fa:8a", "version": 4, "addr": "10.100.0.3", "OS-EXT-IPS:type": "fixed"}, {"OS-EXT-IPS-MAC:mac_addr": "fa:16:3e:29:fa:8a", "version": 4, "addr": "172.24.4.4", "OS-EXT-IPS:type": "floating"}]}, "links": [{"href": "http://10.0.2.15:8774/v2.1/7edd54b5a3fd42338e1260b4063149d9/servers/959d9cb6-3373-44d5-8508-e13c46800ec0", "rel": "self"}, {"href": "http://10.0.2.15:8774/7edd54b5a3fd42338e1260b4063149d9/servers/959d9cb6-3373-44d5-8508-e13c46800ec0", "rel": "bookmark"}], "key_name": "tempest-TestGettingAddress-1080970840", "image": {"id": "a04654c9-597b-4755-bd71-7df95ca613ff", "links": [{"href": "http://10.0.2.15:8774/7edd54b5a3fd42338e1260b4063149d9/images/a04654c9-597b-4755-bd71-7df95ca613ff", "rel": "bookmark"}]}, "OS-EXT-STS:task_state": "deleting", "OS-EXT-STS:vm_state": "active", "OS-SRV-USG:launched_at": "2015-12-10T00:53:06.000000", "flavor": {"id": "42", "links": [{"href": "http://10.0.2.15:8774/7edd54b5a3fd42338e1260b4063149d9/flavors/42", "rel": "bookmark"}]}, "id": "959d9cb6-3373-44d5-8508-e13c46800ec0", "security_groups": [{"name": "tempest-secgroup-smoke-808573630"}], "OS-SRV-USG:terminated_at": null, "OS-EXT-AZ:availability_zone": "nova", "user_id": "99e9f45091354201b28ace172ae6224f", "name": "tempest.common.compute-instance-192025865", "created": "2015-12-10T00:53:03Z", "tenant_id": "7edd54b5a3fd42338e1260b4063149d9", "OS-DCF:diskConfig": "MANUAL", "os-extended-volumes:volumes_attached": [], "accessIPv4": "", "accessIPv6": "", "progress": 0, "OS-EXT-STS:power_state": 1, "config_drive": "True", "metadata": {}}}
2015-12-10 00:56:42,573 32640 INFO     [tempest_lib.common.rest_client] Request (TestGettingAddress:_run_cleanups): 200 GET http://10.0.2.15:8774/v2.1/7edd54b5a3fd42338e1260b4063149d9/servers/959d9cb6-3373-44d5-8508-e13c46800ec0 0.127s
2015-12-10 00:56:42,573 32640 DEBUG    [tempest_lib.common.rest_client] Request - Headers: {'Content-Type': 'application/json', 'Accept': 'application/json', 'X-Auth-Token': '&lt;omitted&gt;'}
        Body: None
    Response - Headers: {'status': '200', 'content-length': '1439', 'content-location': 'http://10.0.2.15:8774/v2.1/7edd54b5a3fd42338e1260b4063149d9/servers/959d9cb6-3373-44d5-8508-e13c46800ec0', 'x-compute-request-id': 'req-e814c37d-4184-45ce-9cff-3ccf0b4b1448', 'vary': 'X-OpenStack-Nova-API-Version', 'connection': 'close', 'x-openstack-nova-api-version': '2.1', 'date': 'Thu, 10 Dec 2015 00:56:42 GMT', 'content-type': 'application/json'}
        Body: {"server": {"status": "ACTIVE", "updated": "2015-12-10T00:56:41Z", "hostId": "33653a99d3d90c42848a9586d5f02874a085711bd043dfd59096723d", "addresses": {}, "links": [{"href": "http://10.0.2.15:8774/v2.1/7edd54b5a3fd42338e1260b4063149d9/servers/959d9cb6-3373-44d5-8508-e13c46800ec0", "rel": "self"}, {"href": "http://10.0.2.15:8774/7edd54b5a3fd42338e1260b4063149d9/servers/959d9cb6-3373-44d5-8508-e13c46800ec0", "rel": "bookmark"}], "key_name": "tempest-TestGettingAddress-1080970840", "image": {"id": "a04654c9-597b-4755-bd71-7df95ca613ff", "links": [{"href": "http://10.0.2.15:8774/7edd54b5a3fd42338e1260b4063149d9/images/a04654c9-597b-4755-bd71-7df95ca613ff", "rel": "bookmark"}]}, "OS-EXT-STS:task_state": "deleting", "OS-EXT-STS:vm_state": "active", "OS-SRV-USG:launched_at": "2015-12-10T00:53:06.000000", "flavor": {"id": "42", "links": [{"href": "http://10.0.2.15:8774/7edd54b5a3fd42338e1260b4063149d9/flavors/42", "rel": "bookmark"}]}, "id": "959d9cb6-3373-44d5-8508-e13c46800ec0", "OS-SRV-USG:terminated_at": null, "OS-EXT-AZ:availability_zone": "nova", "user_id": "99e9f45091354201b28ace172ae6224f", "name": "tempest.common.compute-instance-192025865", "created": "2015-12-10T00:53:03Z", "tenant_id": "7edd54b5a3fd42338e1260b4063149d9", "OS-DCF:diskConfig": "MANUAL", "os-extended-volumes:volumes_attached": [], "accessIPv4": "", "accessIPv6": "", "progress": 0, "OS-EXT-STS:power_state": 1, "config_drive": "True", "metadata": {}}}
2015-12-10 00:56:43,670 32640 INFO     [tempest_lib.common.rest_client] Request (TestGettingAddress:_run_cleanups): 404 GET http://10.0.2.15:8774/v2.1/7edd54b5a3fd42338e1260b4063149d9/servers/959d9cb6-3373-44d5-8508-e13c46800ec0 0.085s
2015-12-10 00:56:43,670 32640 DEBUG    [tempest_lib.common.rest_client] Request - Headers: {'Content-Type': 'application/json', 'Accept': 'application/json', 'X-Auth-Token': '&lt;omitted&gt;'}
        Body: None
    Response - Headers: {'status': '404', 'content-length': '111', 'x-compute-request-id': 'req-14d97971-36be-4fa2-975a-8bcf64ce9bd3', 'vary': 'X-OpenStack-Nova-API-Version', 'connection': 'close', 'x-openstack-nova-api-version': '2.1', 'date': 'Thu, 10 Dec 2015 00:56:43 GMT', 'content-type': 'application/json; charset=UTF-8'}
        Body: {"itemNotFound": {"message": "Instance 959d9cb6-3373-44d5-8508-e13c46800ec0 could not be found.", "code": 404}}
2015-12-10 00:56:44,050 32640 INFO     [tempest_lib.common.rest_client] Request (TestGettingAddress:_run_cleanups): 200 PUT http://10.0.2.15:9696/v2.0/routers/b54d8b45-adc3-4df4-ad7a-e2477ba546f0/remove_router_interface 0.378s
2015-12-10 00:56:44,050 32640 DEBUG    [tempest_lib.common.rest_client] Request - Headers: {'Content-Type': 'application/json', 'Accept': 'application/json', 'X-Auth-Token': '&lt;omitted&gt;'}
        Body: {"subnet_id": "24a7d39c-e532-41ff-856a-76a429e646c6"}
    Response - Headers: {'status': '200', 'content-length': '255', 'connection': 'close', 'date': 'Thu, 10 Dec 2015 00:56:44 GMT', 'content-type': 'application/json; charset=UTF-8', 'x-openstack-request-id': 'req-73f48999-5bad-43e7-8608-3331960484b6'}
        Body: {"subnet_id": "24a7d39c-e532-41ff-856a-76a429e646c6", "tenant_id": "7edd54b5a3fd42338e1260b4063149d9", "subnet_ids": ["24a7d39c-e532-41ff-856a-76a429e646c6"], "port_id": "30ad2c63-ede6-4823-97ab-dd1298a8cada", "id": "b54d8b45-adc3-4df4-ad7a-e2477ba546f0"}
2015-12-10 00:56:44,419 32640 INFO     [tempest_lib.common.rest_client] Request (TestGettingAddress:_run_cleanups): 204 DELETE http://10.0.2.15:9696/v2.0/subnets/24a7d39c-e532-41ff-856a-76a429e646c6 0.368s
2015-12-10 00:56:44,420 32640 DEBUG    [tempest_lib.common.rest_client] Request - Headers: {'Content-Type': 'application/json', 'Accept': 'application/json', 'X-Auth-Token': '&lt;omitted&gt;'}
        Body: None
    Response - Headers: {'date': 'Thu, 10 Dec 2015 00:56:44 GMT', 'status': '204', 'connection': 'close', 'content-length': '0', 'x-openstack-request-id': 'req-677f32fe-d530-4a5a-bfaf-ce2320d385f4'}
        Body: 
2015-12-10 00:56:44,451 32640 INFO     [tempest_lib.common.rest_client] Request (TestGettingAddress:_run_cleanups): 404 DELETE http://10.0.2.15:9696/v2.0/subnets/24a7d39c-e532-41ff-856a-76a429e646c6 0.030s
2015-12-10 00:56:44,452 32640 DEBUG    [tempest_lib.common.rest_client] Request - Headers: {'Content-Type': 'application/json', 'Accept': 'application/json', 'X-Auth-Token': '&lt;omitted&gt;'}
        Body: None
    Response - Headers: {'status': '404', 'content-length': '135', 'connection': 'close', 'date': 'Thu, 10 Dec 2015 00:56:44 GMT', 'content-type': 'application/json; charset=UTF-8', 'x-openstack-request-id': 'req-5f923afb-142b-4f4e-a5ff-38f5b033d789'}
        Body: {"NeutronError": {"message": "Subnet 24a7d39c-e532-41ff-856a-76a429e646c6 could not be found", "type": "SubnetNotFound", "detail": ""}}
2015-12-10 00:56:44,914 32640 INFO     [tempest_lib.common.rest_client] Request (TestGettingAddress:_run_cleanups): 200 PUT http://10.0.2.15:9696/v2.0/routers/b54d8b45-adc3-4df4-ad7a-e2477ba546f0/remove_router_interface 0.461s
2015-12-10 00:56:44,914 32640 DEBUG    [tempest_lib.common.rest_client] Request - Headers: {'Content-Type': 'application/json', 'Accept': 'application/json', 'X-Auth-Token': '&lt;omitted&gt;'}
        Body: {"subnet_id": "7bf25421-ec25-4e1e-9d00-782e1a5fa804"}
    Response - Headers: {'status': '200', 'content-length': '255', 'connection': 'close', 'date': 'Thu, 10 Dec 2015 00:56:44 GMT', 'content-type': 'application/json; charset=UTF-8', 'x-openstack-request-id': 'req-d89ef0ed-1c20-4e86-abd6-dfebbf9246ac'}
        Body: {"subnet_id": "7bf25421-ec25-4e1e-9d00-782e1a5fa804", "tenant_id": "7edd54b5a3fd42338e1260b4063149d9", "subnet_ids": ["7bf25421-ec25-4e1e-9d00-782e1a5fa804"], "port_id": "c8f7ebc1-a6c4-4210-99a5-fe08ae5f4c1d", "id": "b54d8b45-adc3-4df4-ad7a-e2477ba546f0"}
2015-12-10 00:56:45,337 32640 INFO     [tempest_lib.common.rest_client] Request (TestGettingAddress:_run_cleanups): 204 DELETE http://10.0.2.15:9696/v2.0/subnets/7bf25421-ec25-4e1e-9d00-782e1a5fa804 0.422s
2015-12-10 00:56:45,338 32640 DEBUG    [tempest_lib.common.rest_client] Request - Headers: {'Content-Type': 'application/json', 'Accept': 'application/json', 'X-Auth-Token': '&lt;omitted&gt;'}
        Body: None
    Response - Headers: {'date': 'Thu, 10 Dec 2015 00:56:45 GMT', 'status': '204', 'connection': 'close', 'content-length': '0', 'x-openstack-request-id': 'req-8e5a4895-3a9b-4702-bbf4-69d5a41614bf'}
        Body: 
2015-12-10 00:56:45,385 32640 INFO     [tempest_lib.common.rest_client] Request (TestGettingAddress:_run_cleanups): 200 GET http://10.0.2.15:9696/v2.0/routers/b54d8b45-adc3-4df4-ad7a-e2477ba546f0 0.047s
2015-12-10 00:56:45,386 32640 DEBUG    [tempest_lib.common.rest_client] Request - Headers: {'Content-Type': 'application/json', 'Accept': 'application/json', 'X-Auth-Token': '&lt;omitted&gt;'}
        Body: None
    Response - Headers: {'status': '200', 'content-length': '499', 'content-location': 'http://10.0.2.15:9696/v2.0/routers/b54d8b45-adc3-4df4-ad7a-e2477ba546f0', 'connection': 'close', 'date': 'Thu, 10 Dec 2015 00:56:45 GMT', 'content-type': 'application/json; charset=UTF-8', 'x-openstack-request-id': 'req-33773847-4c6e-4525-97d6-a15e4b529772'}
        Body: {"router": {"status": "ACTIVE", "external_gateway_info": {"network_id": "6c008b70-7812-496b-8ac1-26ff7f80c9c9", "enable_snat": true, "external_fixed_ips": [{"subnet_id": "9e205b47-a197-41ab-a57d-38e2d1eb8fef", "ip_address": "172.24.4.3"}, {"subnet_id": "acd240c5-5df1-4d09-bf40-10abaaa0fa64", "ip_address": "2001:db8::3"}]}, "name": "tempest-router-smoke-89801570", "admin_state_up": true, "tenant_id": "7edd54b5a3fd42338e1260b4063149d9", "routes": [], "id": "b54d8b45-adc3-4df4-ad7a-e2477ba546f0"}}
2015-12-10 00:56:45,720 32640 INFO     [tempest_lib.common.rest_client] Request (TestGettingAddress:_run_cleanups): 200 PUT http://10.0.2.15:9696/v2.0/routers/b54d8b45-adc3-4df4-ad7a-e2477ba546f0 0.333s
2015-12-10 00:56:45,720 32640 DEBUG    [tempest_lib.common.rest_client] Request - Headers: {'Content-Type': 'application/json', 'Accept': 'application/json', 'X-Auth-Token': '&lt;omitted&gt;'}
        Body: {"router": {"external_gateway_info": {}, "name": "tempest-router-smoke-89801570", "admin_state_up": true}}
    Response - Headers: {'status': '200', 'content-length': '237', 'connection': 'close', 'date': 'Thu, 10 Dec 2015 00:56:45 GMT', 'content-type': 'application/json; charset=UTF-8', 'x-openstack-request-id': 'req-47e1bc25-d57d-445d-b917-4995e1ce11f8'}
