<?xml version="1.0" encoding="UTF-8"?>
<!DOCTYPE html PUBLIC "-//W3C//DTD XHTML 1.0 Strict//EN"
     "http://www.w3.org/TR/xhtml1/DTD/xhtml1-strict.dtd">
<html xmlns="http://www.w3.org/1999/xhtml">
<head>
    <title>Unit Test Report</title>
    <meta name="generator" content="subunit2html 0.1"/>
    <meta http-equiv="Content-Type" content="text/html; charset=UTF-8"/>
    
<style type="text/css" media="screen">
body        { font-family: verdana, arial, helvetica, sans-serif;
    font-size: 80%; }
table       { font-size: 100%; width: 100%;}
pre         { font-size: 80%; }

/* -- heading -------------------------------------------------------------- */
h1 {
        font-size: 16pt;
        color: gray;
}
.heading {
    margin-top: 0ex;
    margin-bottom: 1ex;
}

.heading .attribute {
    margin-top: 1ex;
    margin-bottom: 0;
}

.heading .description {
    margin-top: 4ex;
    margin-bottom: 6ex;
}

/* -- css div popup -------------------------------------------------------- */
a.popup_link {
}

a.popup_link:hover {
    color: red;
}

.popup_window {
    display: none;
    overflow-x: scroll;
    /*border: solid #627173 1px; */
    padding: 10px;
    background-color: #E6E6D6;
    font-family: "Ubuntu Mono", "Lucida Console", "Courier New", monospace;
    text-align: left;
    font-size: 8pt;
}

}
/* -- report --------------------------------------------------------------- */
#show_detail_line {
    margin-top: 3ex;
    margin-bottom: 1ex;
}
#result_table {
    width: 100%;
    border-collapse: collapse;
    border: 1px solid #777;
}
#header_row {
    font-weight: bold;
    color: white;
    background-color: #777;
}
#result_table td {
    border: 1px solid #777;
    padding: 2px;
}
#total_row  { font-weight: bold; }
.passClass  { background-color: #6c6; }
.failClass  { background-color: #c60; }
.errorClass { background-color: #c00; }
.passCase   { color: #6c6; }
.failCase   { color: #c60; font-weight: bold; }
.errorCase  { color: #c00; font-weight: bold; }
.hiddenRow  { display: none; }
.testcase   { margin-left: 2em; }
td.testname {width: 40%}
td.small {width: 40px}

/* -- ending --------------------------------------------------------------- */
#ending {
}

</style>

</head>
<body>
<script language="javascript" type="text/javascript"><!--
output_list = Array();

/* level - 0:Summary; 1:Failed; 2:All */
function showCase(level) {
    trs = document.getElementsByTagName("tr");
    for (var i = 0; i < trs.length; i++) {
        tr = trs[i];
        id = tr.id;
        if (id.substr(0,2) == 'ft') {
            if (level < 1) {
                tr.className = 'hiddenRow';
            }
            else {
                tr.className = '';
            }
        }
        if (id.substr(0,2) == 'pt') {
            if (level > 1) {
                tr.className = '';
            }
            else {
                tr.className = 'hiddenRow';
            }
        }
    }
}


function showClassDetail(cid, count) {
    var id_list = Array(count);
    var toHide = 1;
    for (var i = 0; i < count; i++) {
        tid0 = 't' + cid.substr(1) + '.' + (i+1);
        tid = 'f' + tid0;
        tr = document.getElementById(tid);
        if (!tr) {
            tid = 'p' + tid0;
            tr = document.getElementById(tid);
        }
        id_list[i] = tid;
        if (tr.className) {
            toHide = 0;
        }
    }
    for (var i = 0; i < count; i++) {
        tid = id_list[i];
        if (toHide) {
            document.getElementById('div_'+tid).style.display = 'none'
            document.getElementById(tid).className = 'hiddenRow';
        }
        else {
            document.getElementById(tid).className = '';
        }
    }
}


function showTestDetail(div_id){
    var details_div = document.getElementById(div_id)
    var displayState = details_div.style.display
    // alert(displayState)
    if (displayState != 'block' ) {
        displayState = 'block'
        details_div.style.display = 'block'
    }
    else {
        details_div.style.display = 'none'
    }
}


function html_escape(s) {
    s = s.replace(/&/g,'&amp;');
    s = s.replace(/</g,'&lt;');
    s = s.replace(/>/g,'&gt;');
    return s;
}

/* obsoleted by detail in <div>
function showOutput(id, name) {
    var w = window.open("", //url
                    name,
                    "resizable,scrollbars,status,width=800,height=450");
    d = w.document;
    d.write("<pre>");
    d.write(html_escape(output_list[id]));
    d.write("\n");
    d.write("<a href='javascript:window.close()'>close</a>\n");
    d.write("</pre>\n");
    d.close();
}
*/
--></script>

<div class='heading'>
<h1>Unit Test Report</h1>

<p class='attribute'><strong>Status:</strong> Failure 8</p>

<p class='description'></p>
</div>



<p id='show_detail_line'>Show
<a href='javascript:showCase(0)'>Summary</a>
<a href='javascript:showCase(1)'>Failed</a>
<a href='javascript:showCase(2)'>All</a>
</p>
<table id='result_table'>
<colgroup>
<col align='left' />
<col align='right' />
<col align='right' />
<col align='right' />
<col align='right' />
<col align='right' />
<col align='right' />
<col align='right' />
</colgroup>
<tr id='header_row'>
    <td>Test Group/Test case</td>
    <td>Count</td>
    <td>Pass</td>
    <td>Fail</td>
    <td>Error</td>
    <td>Skip</td>
    <td>View</td>
    <td> </td>
</tr>

<tr class='failClass'>
    <td class="testname">tempest.scenario.test_network_v6.TestGettingAddress</td>
    <td class="small">8</td>
    <td class="small">0</td>
    <td class="small">8</td>
    <td class="small">0</td>
    <td class="small">0</td>
    <td class="small"><a href="javascript:showClassDetail('c1',8)"
>Detail</a></td>
    <td> </td>
</tr>

<tr id='ft1.1' class='none'>
    <td class='failCase'><div class='testcase'>test_dhcp6_stateless_from_os[compute,id-d7e1f858-187c-45a6-89c9-bdafde619a9f,network]</div></td>
    <td colspan='7' align='left'>

    <!--css div popup start-->
    <a class="popup_link" onfocus='this.blur();'
    href="javascript:showTestDetail('div_ft1.1')" >
        fail</a>

    <div id='div_ft1.1' class="popup_window">
        <div style='text-align: right; color:red;cursor:pointer'>
        <a onfocus='this.blur();'
onclick="document.getElementById('div_ft1.1').style.display = 'none' " >
           [x]</a>
        </div>
        <pre>
        
ft1.1: tempest.scenario.test_network_v6.TestGettingAddress.test_dhcp6_stateless_from_os[compute,id-d7e1f858-187c-45a6-89c9-bdafde619a9f,network]_StringException: Empty attachments:
  stderr
  stdout

pythonlogging:'': {{{
2015-12-21 05:14:58,664 20266 INFO     [tempest_lib.common.rest_client] Request (TestGettingAddress:setUp): 200 POST http://10.0.2.15:8774/v2.1/2ba481615d17418c9eecdbf61c9a8023/os-keypairs 0.723s
2015-12-21 05:14:58,665 20266 DEBUG    [tempest_lib.common.rest_client] Request - Headers: {'Content-Type': 'application/json', 'Accept': 'application/json', 'X-Auth-Token': '&lt;omitted&gt;'}
        Body: {"keypair": {"name": "tempest-TestGettingAddress-37213610"}}
    Response - Headers: {'status': '200', 'content-length': '2318', 'x-compute-request-id': 'req-04f2c608-2c20-458f-89e5-b011138a921e', 'vary': 'X-OpenStack-Nova-API-Version', 'connection': 'close', 'x-openstack-nova-api-version': '2.1', 'date': 'Mon, 21 Dec 2015 05:14:58 GMT', 'content-type': 'application/json'}
        Body: {"keypair": {"public_key": "ssh-rsa AAAAB3NzaC1yc2EAAAADAQABAAABAQDb6nZdKRjIW7pvEs1Dhuoavjdj3srg6PQrwlp547ZhSItwhUfrwz76sDtzwpd4g6semZxUvs5GlE3PtU2zkIKMJiFOkSfwPKk7Xw7ErZmFHmTO3eogjohkFD9vt2OXDqzQUDEeRSr051NzQwnS9FYVvRQwHHLPCBPK3KtDrK3Qp0WyMSDdzxLNdxv7hIXROMHUwP7nQRGRJxlQD9AnhbZ2xhs/64Wsa12MczpktQOu9JLe+jvRdjVEj3l2FfpB0pnjU72opGbeS0mxzd05mIKhwSHJKmowAHAXo/zZCNx7KdiWRlt164iiv2N7Rxua7qeXwlqPqQheNYDcFcT86eqP Generated-by-Nova", "private_key": "-----BEGIN RSA PRIVATE KEY-----\nMIIEqAIBAAKCAQEA2+p2XSkYyFu6bxLNQ4bqGr43Y97K4Oj0K8JaeeO2YUiLcIVH\n68M++rA7c8KXeIOrHpmcVL7ORpRNz7VNs5CCjCYhTpEn8DypO18OxK2ZhR5kzt3q\nII6IZBQ/b7djlw6s0FAxHkUq9OdTc0MJ0vRWFb0UMBxyzwgTytyrQ6yt0KdFsjEg\n3c8SzXcb+4SF0TjB1MD+50ERkScZUA/QJ4W2dsYbP+uFrGtdjHM6ZLUDrvSS3vo7\n0XY1RI95dhX6QdKZ41O9qKRm3ktJsc3dOZiCocEhySpqMABwF6P82QjceynYlkZb\ndeuIor9je0cbmu6nl8Jaj6kIXjWA3BXE/OnqjwIDAQABAoIBAHuzZuEAPPB2qGfS\nK6PQP97LIF0M9RGN98qliD8H147hP44LamkzajmY59g1nP4tEhQkU8tXiLAqu5oa\nYZqfrs8mo5WOEOkRNiAvWB9JhxFaB1pVeVzWz+F7gjNU9LADkTGb6gUc4wzfEhHD\no8MFrWaM9M4bMnlCEeAKQEvQ1fSHF23UXSo4Hjh5ehu0lWJqP8FbwbTZlvl7IEZF\nMut2FzKTp0mmxwZ+2AgTwp4kJE4zZedo5EfiMkNi0ArWGkBxOX0kDLqCLjTSw4H0\n+s4qlDepor8bDwtKE53GksRU8ieZWG9lnw60Ks0eK0/YQ2oesPbKaXqyLRatPuOp\nXfoNAAECggCBAOIEyAYno0ehkOfQOym4FiPcUVPo87tjz0hAolX1+9YXDSFV3Tnx\nkcGfON/n9mpJWtA3kLIRQJG8oL9GhExEg2xFkfYtasyje1Wg66fiPTEZJ5htZw5n\nDtPiNuzz1PkjhlkQsyMkv8pGM5LhO6dwgzUqidOZ6yRCRFH/tYzcr7yfAoIAgQD5\nFnCVY1tKY7wTIhLL8D+2jneli3IkthsxfrkUhbK/M96TC0qf3CSCGdAOlc8G0za7\nW088FCoftuW0F03d1TrGoKm175DgEeqsXdMepxjbhJ1aaKrQ2hpI0iIO7kKe7ADU\ny13JSXtYIV9sSD38l/Xs8bKGeuIPKKXsE6bf4UMcEQKCAIEAvoclTvrvC51JGAFT\nPlHuaAB7lm6Tt+3leJTzw97+knUQHn/RY90d78iXGzjhYqu/oDKXCWS9t5z5LQT2\n1YwT9ZuX9ZxHoYZWm9JxlS6EQvVfiYEAFQYPW9IgVxMc/4BQ6pfHSuLZwlv3cePo\nc7fHA3R+hyADNqeeDDmxA7OteSUCggCAfnUeAznGByZLPYt274KxVgVOSQValbi+\nZYpofDrEXL4AqbZ51F73SfXA4ya7TEO+7a+VsnKqUB+SzrNmHNE8XcsDXhKaAqgV\n9BxOKqm6vPe+yz+IOTABWCcWk23y9KvsYBw/KQndTQjkYRzsG2kquXibohqQ2hFQ\n62GuvsqmP4ECggCAXpBglSqhEFoFxW0Ng/lrqRTdHvpWz3EMyelllASW7XkdBqkt\nYWa61HLPzmYB4Itl+clP1mPXkMMqlek48APqePdsl2F14UwpV4jSXmkgai5INb67\nvNowxefrgpFkTTcjh/KnPAbonMtc9hV2DX6DWr20zLMv0HrORK91aX8y8aE=\n-----END RSA PRIVATE KEY-----\n", "user_id": "1dfbff99398f44a3aa60f6ea50691997", "name": "tempest-TestGettingAddress-37213610", "fingerprint": "ce:29:b7:1f:75:f3:29:00:2c:e4:fc:ea:f1:9f:b5:19"}}
2015-12-21 05:14:59,026 20266 INFO     [tempest_lib.common.rest_client] Request (TestGettingAddress:setUp): 201 POST http://10.0.2.15:9696/v2.0/security-groups 0.355s
2015-12-21 05:14:59,027 20266 DEBUG    [tempest_lib.common.rest_client] Request - Headers: {'Content-Type': 'application/json', 'Accept': 'application/json', 'X-Auth-Token': '&lt;omitted&gt;'}
        Body: {"security_group": {"tenant_id": "2ba481615d17418c9eecdbf61c9a8023", "description": "tempest-secgroup-smoke-1395415004 description", "name": "tempest-secgroup-smoke-1395415004"}}
    Response - Headers: {'status': '201', 'content-length': '888', 'connection': 'close', 'date': 'Mon, 21 Dec 2015 05:14:59 GMT', 'content-type': 'application/json; charset=UTF-8', 'x-openstack-request-id': 'req-83a3631d-fcd2-4ca4-adf3-e3f2161bb98b'}
        Body: {"security_group": {"tenant_id": "2ba481615d17418c9eecdbf61c9a8023", "description": "tempest-secgroup-smoke-1395415004 description", "id": "7f1c9bb9-acb3-4bd8-bef3-375730c58ee5", "security_group_rules": [{"remote_group_id": null, "direction": "egress", "remote_ip_prefix": null, "protocol": null, "ethertype": "IPv4", "tenant_id": "2ba481615d17418c9eecdbf61c9a8023", "port_range_max": null, "port_range_min": null, "id": "b650f33c-939b-4349-b426-51354d679c95", "security_group_id": "7f1c9bb9-acb3-4bd8-bef3-375730c58ee5"}, {"remote_group_id": null, "direction": "egress", "remote_ip_prefix": null, "protocol": null, "ethertype": "IPv6", "tenant_id": "2ba481615d17418c9eecdbf61c9a8023", "port_range_max": null, "port_range_min": null, "id": "3c5154e2-31ff-4eda-b3b2-3ecaa9b564fa", "security_group_id": "7f1c9bb9-acb3-4bd8-bef3-375730c58ee5"}], "name": "tempest-secgroup-smoke-1395415004"}}
2015-12-21 05:14:59,153 20266 INFO     [tempest_lib.common.rest_client] Request (TestGettingAddress:setUp): 201 POST http://10.0.2.15:9696/v2.0/security-group-rules 0.125s
2015-12-21 05:14:59,154 20266 DEBUG    [tempest_lib.common.rest_client] Request - Headers: {'Content-Type': 'application/json', 'Accept': 'application/json', 'X-Auth-Token': '&lt;omitted&gt;'}
        Body: {"security_group_rule": {"direction": "ingress", "protocol": "tcp", "tenant_id": "2ba481615d17418c9eecdbf61c9a8023", "port_range_max": 22, "security_group_id": "7f1c9bb9-acb3-4bd8-bef3-375730c58ee5", "port_range_min": 22}}
    Response - Headers: {'status': '201', 'content-length': '340', 'connection': 'close', 'date': 'Mon, 21 Dec 2015 05:14:59 GMT', 'content-type': 'application/json; charset=UTF-8', 'x-openstack-request-id': 'req-50afd969-39c0-4a1b-9056-cbb292bae2b2'}
        Body: {"security_group_rule": {"remote_group_id": null, "direction": "ingress", "remote_ip_prefix": null, "protocol": "tcp", "ethertype": "IPv4", "tenant_id": "2ba481615d17418c9eecdbf61c9a8023", "port_range_max": 22, "port_range_min": 22, "id": "5dece541-746a-4237-a120-d57fb62ed851", "security_group_id": "7f1c9bb9-acb3-4bd8-bef3-375730c58ee5"}}
2015-12-21 05:14:59,264 20266 INFO     [tempest_lib.common.rest_client] Request (TestGettingAddress:setUp): 201 POST http://10.0.2.15:9696/v2.0/security-group-rules 0.108s
2015-12-21 05:14:59,264 20266 DEBUG    [tempest_lib.common.rest_client] Request - Headers: {'Content-Type': 'application/json', 'Accept': 'application/json', 'X-Auth-Token': '&lt;omitted&gt;'}
        Body: {"security_group_rule": {"direction": "egress", "protocol": "tcp", "tenant_id": "2ba481615d17418c9eecdbf61c9a8023", "port_range_max": 22, "security_group_id": "7f1c9bb9-acb3-4bd8-bef3-375730c58ee5", "port_range_min": 22}}
    Response - Headers: {'status': '201', 'content-length': '339', 'connection': 'close', 'date': 'Mon, 21 Dec 2015 05:14:59 GMT', 'content-type': 'application/json; charset=UTF-8', 'x-openstack-request-id': 'req-6d33ca7a-af98-49e4-99fb-662567f45809'}
        Body: {"security_group_rule": {"remote_group_id": null, "direction": "egress", "remote_ip_prefix": null, "protocol": "tcp", "ethertype": "IPv4", "tenant_id": "2ba481615d17418c9eecdbf61c9a8023", "port_range_max": 22, "port_range_min": 22, "id": "7138d619-d33b-47ee-95d4-f379864a97fe", "security_group_id": "7f1c9bb9-acb3-4bd8-bef3-375730c58ee5"}}
2015-12-21 05:14:59,375 20266 INFO     [tempest_lib.common.rest_client] Request (TestGettingAddress:setUp): 201 POST http://10.0.2.15:9696/v2.0/security-group-rules 0.109s
2015-12-21 05:14:59,376 20266 DEBUG    [tempest_lib.common.rest_client] Request - Headers: {'Content-Type': 'application/json', 'Accept': 'application/json', 'X-Auth-Token': '&lt;omitted&gt;'}
        Body: {"security_group_rule": {"tenant_id": "2ba481615d17418c9eecdbf61c9a8023", "direction": "ingress", "protocol": "icmp", "security_group_id": "7f1c9bb9-acb3-4bd8-bef3-375730c58ee5"}}
    Response - Headers: {'status': '201', 'content-length': '345', 'connection': 'close', 'date': 'Mon, 21 Dec 2015 05:14:59 GMT', 'content-type': 'application/json; charset=UTF-8', 'x-openstack-request-id': 'req-3bece4f8-83ac-4c62-8084-d7a6093e583a'}
        Body: {"security_group_rule": {"remote_group_id": null, "direction": "ingress", "remote_ip_prefix": null, "protocol": "icmp", "ethertype": "IPv4", "tenant_id": "2ba481615d17418c9eecdbf61c9a8023", "port_range_max": null, "port_range_min": null, "id": "33f702bc-950d-49df-9e86-03025817e847", "security_group_id": "7f1c9bb9-acb3-4bd8-bef3-375730c58ee5"}}
2015-12-21 05:14:59,490 20266 INFO     [tempest_lib.common.rest_client] Request (TestGettingAddress:setUp): 201 POST http://10.0.2.15:9696/v2.0/security-group-rules 0.114s
2015-12-21 05:14:59,491 20266 DEBUG    [tempest_lib.common.rest_client] Request - Headers: {'Content-Type': 'application/json', 'Accept': 'application/json', 'X-Auth-Token': '&lt;omitted&gt;'}
        Body: {"security_group_rule": {"tenant_id": "2ba481615d17418c9eecdbf61c9a8023", "direction": "egress", "protocol": "icmp", "security_group_id": "7f1c9bb9-acb3-4bd8-bef3-375730c58ee5"}}
    Response - Headers: {'status': '201', 'content-length': '344', 'connection': 'close', 'date': 'Mon, 21 Dec 2015 05:14:59 GMT', 'content-type': 'application/json; charset=UTF-8', 'x-openstack-request-id': 'req-4632ade9-9c0a-4167-89b4-b9f1f69ac4be'}
        Body: {"security_group_rule": {"remote_group_id": null, "direction": "egress", "remote_ip_prefix": null, "protocol": "icmp", "ethertype": "IPv4", "tenant_id": "2ba481615d17418c9eecdbf61c9a8023", "port_range_max": null, "port_range_min": null, "id": "98f584b4-97c5-44d7-a791-efedef5fa240", "security_group_id": "7f1c9bb9-acb3-4bd8-bef3-375730c58ee5"}}
2015-12-21 05:14:59,608 20266 INFO     [tempest_lib.common.rest_client] Request (TestGettingAddress:setUp): 201 POST http://10.0.2.15:9696/v2.0/security-group-rules 0.116s
2015-12-21 05:14:59,609 20266 DEBUG    [tempest_lib.common.rest_client] Request - Headers: {'Content-Type': 'application/json', 'Accept': 'application/json', 'X-Auth-Token': '&lt;omitted&gt;'}
        Body: {"security_group_rule": {"tenant_id": "2ba481615d17418c9eecdbf61c9a8023", "direction": "ingress", "security_group_id": "7f1c9bb9-acb3-4bd8-bef3-375730c58ee5", "protocol": "icmp", "ethertype": "IPv6"}}
    Response - Headers: {'status': '201', 'content-length': '345', 'connection': 'close', 'date': 'Mon, 21 Dec 2015 05:14:59 GMT', 'content-type': 'application/json; charset=UTF-8', 'x-openstack-request-id': 'req-0139888b-f591-4a71-9a3f-9713eb1f2437'}
        Body: {"security_group_rule": {"remote_group_id": null, "direction": "ingress", "remote_ip_prefix": null, "protocol": "icmp", "ethertype": "IPv6", "tenant_id": "2ba481615d17418c9eecdbf61c9a8023", "port_range_max": null, "port_range_min": null, "id": "87df5939-6d2b-4388-82f3-0478990be8de", "security_group_id": "7f1c9bb9-acb3-4bd8-bef3-375730c58ee5"}}
2015-12-21 05:14:59,715 20266 INFO     [tempest_lib.common.rest_client] Request (TestGettingAddress:setUp): 201 POST http://10.0.2.15:9696/v2.0/security-group-rules 0.105s
2015-12-21 05:14:59,716 20266 DEBUG    [tempest_lib.common.rest_client] Request - Headers: {'Content-Type': 'application/json', 'Accept': 'application/json', 'X-Auth-Token': '&lt;omitted&gt;'}
        Body: {"security_group_rule": {"tenant_id": "2ba481615d17418c9eecdbf61c9a8023", "direction": "egress", "security_group_id": "7f1c9bb9-acb3-4bd8-bef3-375730c58ee5", "protocol": "icmp", "ethertype": "IPv6"}}
    Response - Headers: {'status': '201', 'content-length': '344', 'connection': 'close', 'date': 'Mon, 21 Dec 2015 05:14:59 GMT', 'content-type': 'application/json; charset=UTF-8', 'x-openstack-request-id': 'req-ea7347af-8598-4834-8e8d-c51a4823f726'}
        Body: {"security_group_rule": {"remote_group_id": null, "direction": "egress", "remote_ip_prefix": null, "protocol": "icmp", "ethertype": "IPv6", "tenant_id": "2ba481615d17418c9eecdbf61c9a8023", "port_range_max": null, "port_range_min": null, "id": "7bf19665-4636-4b5f-bf2d-2c1b7e54d083", "security_group_id": "7f1c9bb9-acb3-4bd8-bef3-375730c58ee5"}}
2015-12-21 05:14:59,859 20266 INFO     [tempest_lib.common.rest_client] Request (TestGettingAddress:test_dhcp6_stateless_from_os): 201 POST http://10.0.2.15:9696/v2.0/networks 0.141s
2015-12-21 05:14:59,859 20266 DEBUG    [tempest_lib.common.rest_client] Request - Headers: {'Content-Type': 'application/json', 'Accept': 'application/json', 'X-Auth-Token': '&lt;omitted&gt;'}
        Body: {"network": {"tenant_id": "2ba481615d17418c9eecdbf61c9a8023", "name": "tempest-network-smoke--707190860"}}
    Response - Headers: {'status': '201', 'content-length': '295', 'connection': 'close', 'date': 'Mon, 21 Dec 2015 05:14:59 GMT', 'content-type': 'application/json; charset=UTF-8', 'x-openstack-request-id': 'req-bf043d4e-6d8b-4b48-b00b-d1c0762b5fe7'}
        Body: {"network": {"status": "ACTIVE", "subnets": [], "name": "tempest-network-smoke--707190860", "admin_state_up": true, "tenant_id": "2ba481615d17418c9eecdbf61c9a8023", "mtu": 0, "router:external": false, "shared": false, "port_security_enabled": true, "id": "4542b628-479b-4cf1-87aa-6435a750ec11"}}
2015-12-21 05:15:00,032 20266 INFO     [tempest_lib.common.rest_client] Request (TestGettingAddress:test_dhcp6_stateless_from_os): 200 GET http://10.0.2.15:9696/v2.0/subnets?tenant_id=2ba481615d17418c9eecdbf61c9a8023&amp;cidr=10.100.0.0%2F28 0.171s
2015-12-21 05:15:00,032 20266 DEBUG    [tempest_lib.common.rest_client] Request - Headers: {'Content-Type': 'application/json', 'Accept': 'application/json', 'X-Auth-Token': '&lt;omitted&gt;'}
        Body: None
    Response - Headers: {'status': '200', 'content-length': '15', 'content-location': 'http://10.0.2.15:9696/v2.0/subnets?tenant_id=2ba481615d17418c9eecdbf61c9a8023&amp;cidr=10.100.0.0%2F28', 'connection': 'close', 'date': 'Mon, 21 Dec 2015 05:15:00 GMT', 'content-type': 'application/json; charset=UTF-8', 'x-openstack-request-id': 'req-a3d05d9e-a362-4361-94ba-f2be133c63b8'}
        Body: {"subnets": []}
2015-12-21 05:15:00,313 20266 INFO     [tempest_lib.common.rest_client] Request (TestGettingAddress:test_dhcp6_stateless_from_os): 201 POST http://10.0.2.15:9696/v2.0/subnets 0.279s
2015-12-21 05:15:00,313 20266 DEBUG    [tempest_lib.common.rest_client] Request - Headers: {'Content-Type': 'application/json', 'Accept': 'application/json', 'X-Auth-Token': '&lt;omitted&gt;'}
        Body: {"subnet": {"ip_version": 4, "tenant_id": "2ba481615d17418c9eecdbf61c9a8023", "cidr": "10.100.0.0/28", "network_id": "4542b628-479b-4cf1-87aa-6435a750ec11", "name": "tempest-sub4-1641725322"}}
    Response - Headers: {'status': '201', 'content-length': '470', 'connection': 'close', 'date': 'Mon, 21 Dec 2015 05:15:00 GMT', 'content-type': 'application/json; charset=UTF-8', 'x-openstack-request-id': 'req-bffff913-a62b-4056-8292-189b398f5f97'}
        Body: {"subnet": {"name": "tempest-sub4-1641725322", "enable_dhcp": true, "network_id": "4542b628-479b-4cf1-87aa-6435a750ec11", "tenant_id": "2ba481615d17418c9eecdbf61c9a8023", "dns_nameservers": [], "gateway_ip": "10.100.0.1", "ipv6_ra_mode": null, "allocation_pools": [{"start": "10.100.0.2", "end": "10.100.0.14"}], "host_routes": [], "ip_version": 4, "ipv6_address_mode": null, "cidr": "10.100.0.0/28", "id": "ef13a9f5-5b08-458a-91b5-a2b902b0e7a7", "subnetpool_id": null}}
2015-12-21 05:15:00,514 20266 INFO     [tempest_lib.common.rest_client] Request (TestGettingAddress:test_dhcp6_stateless_from_os): 201 POST http://10.0.2.15:9696/v2.0/routers 0.200s
2015-12-21 05:15:00,515 20266 DEBUG    [tempest_lib.common.rest_client] Request - Headers: {'Content-Type': 'application/json', 'Accept': 'application/json', 'X-Auth-Token': '&lt;omitted&gt;'}
        Body: {"router": {"tenant_id": "2ba481615d17418c9eecdbf61c9a8023", "name": "tempest-router-smoke-580449707", "admin_state_up": true}}
    Response - Headers: {'status': '201', 'content-length': '238', 'connection': 'close', 'date': 'Mon, 21 Dec 2015 05:15:00 GMT', 'content-type': 'application/json; charset=UTF-8', 'x-openstack-request-id': 'req-ce2f72fa-7b65-4f75-901f-1b87b1458839'}
        Body: {"router": {"status": "ACTIVE", "external_gateway_info": null, "name": "tempest-router-smoke-580449707", "admin_state_up": true, "tenant_id": "2ba481615d17418c9eecdbf61c9a8023", "routes": [], "id": "86a733ef-aaa3-4c95-b2fd-5616af7fd6b6"}}
2015-12-21 05:15:00,555 20266 INFO     [tempest_lib.common.rest_client] Request (TestGettingAddress:test_dhcp6_stateless_from_os): 200 GET http://10.0.2.15:9696/v2.0/routers/86a733ef-aaa3-4c95-b2fd-5616af7fd6b6 0.040s
2015-12-21 05:15:00,556 20266 DEBUG    [tempest_lib.common.rest_client] Request - Headers: {'Content-Type': 'application/json', 'Accept': 'application/json', 'X-Auth-Token': '&lt;omitted&gt;'}
        Body: None
    Response - Headers: {'status': '200', 'content-length': '238', 'content-location': 'http://10.0.2.15:9696/v2.0/routers/86a733ef-aaa3-4c95-b2fd-5616af7fd6b6', 'connection': 'close', 'date': 'Mon, 21 Dec 2015 05:15:00 GMT', 'content-type': 'application/json; charset=UTF-8', 'x-openstack-request-id': 'req-a01efdc2-cbb2-4ccb-954f-05360df92921'}
        Body: {"router": {"status": "ACTIVE", "external_gateway_info": null, "name": "tempest-router-smoke-580449707", "admin_state_up": true, "tenant_id": "2ba481615d17418c9eecdbf61c9a8023", "routes": [], "id": "86a733ef-aaa3-4c95-b2fd-5616af7fd6b6"}}
2015-12-21 05:15:01,184 20266 INFO     [tempest_lib.common.rest_client] Request (TestGettingAddress:test_dhcp6_stateless_from_os): 200 PUT http://10.0.2.15:9696/v2.0/routers/86a733ef-aaa3-4c95-b2fd-5616af7fd6b6 0.627s
2015-12-21 05:15:01,185 20266 DEBUG    [tempest_lib.common.rest_client] Request - Headers: {'Content-Type': 'application/json', 'Accept': 'application/json', 'X-Auth-Token': '&lt;omitted&gt;'}
        Body: {"router": {"external_gateway_info": {"network_id": "e3407c7c-b19e-4da3-82f7-45a621a25627"}, "name": "tempest-router-smoke-580449707", "admin_state_up": true}}
    Response - Headers: {'status': '200', 'content-length': '500', 'connection': 'close', 'date': 'Mon, 21 Dec 2015 05:15:01 GMT', 'content-type': 'application/json; charset=UTF-8', 'x-openstack-request-id': 'req-dd63ba63-acde-42d8-b54c-5367f1ad2705'}
        Body: {"router": {"status": "ACTIVE", "external_gateway_info": {"network_id": "e3407c7c-b19e-4da3-82f7-45a621a25627", "enable_snat": true, "external_fixed_ips": [{"subnet_id": "1d24aee5-79e7-4b22-9d61-e3ea9b31acb1", "ip_address": "172.24.4.3"}, {"subnet_id": "5128ac19-3f69-4334-bc7e-e23e29610608", "ip_address": "2001:db8::3"}]}, "name": "tempest-router-smoke-580449707", "admin_state_up": true, "tenant_id": "2ba481615d17418c9eecdbf61c9a8023", "routes": [], "id": "86a733ef-aaa3-4c95-b2fd-5616af7fd6b6"}}
2015-12-21 05:15:01,628 20266 INFO     [tempest_lib.common.rest_client] Request (TestGettingAddress:test_dhcp6_stateless_from_os): 200 PUT http://10.0.2.15:9696/v2.0/routers/86a733ef-aaa3-4c95-b2fd-5616af7fd6b6/add_router_interface 0.443s
2015-12-21 05:15:01,628 20266 DEBUG    [tempest_lib.common.rest_client] Request - Headers: {'Content-Type': 'application/json', 'Accept': 'application/json', 'X-Auth-Token': '&lt;omitted&gt;'}
        Body: {"subnet_id": "ef13a9f5-5b08-458a-91b5-a2b902b0e7a7"}
    Response - Headers: {'status': '200', 'content-length': '255', 'connection': 'close', 'date': 'Mon, 21 Dec 2015 05:15:01 GMT', 'content-type': 'application/json; charset=UTF-8', 'x-openstack-request-id': 'req-bcdd0869-f032-41ab-8480-8243bdc0648b'}
        Body: {"subnet_id": "ef13a9f5-5b08-458a-91b5-a2b902b0e7a7", "tenant_id": "2ba481615d17418c9eecdbf61c9a8023", "subnet_ids": ["ef13a9f5-5b08-458a-91b5-a2b902b0e7a7"], "port_id": "1c3b39ee-249e-4ec9-a71d-6664dffe039d", "id": "86a733ef-aaa3-4c95-b2fd-5616af7fd6b6"}
2015-12-21 05:15:01,787 20266 INFO     [tempest_lib.common.rest_client] Request (TestGettingAddress:test_dhcp6_stateless_from_os): 200 GET http://10.0.2.15:9696/v2.0/subnets?tenant_id=2ba481615d17418c9eecdbf61c9a8023&amp;cidr=2003%3A%3A%2F64 0.157s
2015-12-21 05:15:01,787 20266 DEBUG    [tempest_lib.common.rest_client] Request - Headers: {'Content-Type': 'application/json', 'Accept': 'application/json', 'X-Auth-Token': '&lt;omitted&gt;'}
        Body: None
    Response - Headers: {'status': '200', 'content-length': '15', 'content-location': 'http://10.0.2.15:9696/v2.0/subnets?tenant_id=2ba481615d17418c9eecdbf61c9a8023&amp;cidr=2003%3A%3A%2F64', 'connection': 'close', 'date': 'Mon, 21 Dec 2015 05:15:01 GMT', 'content-type': 'application/json; charset=UTF-8', 'x-openstack-request-id': 'req-7cee1918-6e37-44f6-8511-f4bdc8d2164c'}
        Body: {"subnets": []}
2015-12-21 05:15:02,084 20266 INFO     [tempest_lib.common.rest_client] Request (TestGettingAddress:test_dhcp6_stateless_from_os): 201 POST http://10.0.2.15:9696/v2.0/subnets 0.295s
2015-12-21 05:15:02,085 20266 DEBUG    [tempest_lib.common.rest_client] Request - Headers: {'Content-Type': 'application/json', 'Accept': 'application/json', 'X-Auth-Token': '&lt;omitted&gt;'}
        Body: {"subnet": {"name": "tempest-sub6-1365063506", "network_id": "4542b628-479b-4cf1-87aa-6435a750ec11", "tenant_id": "2ba481615d17418c9eecdbf61c9a8023", "ipv6_ra_mode": "dhcpv6-stateless", "ip_version": 6, "ipv6_address_mode": "dhcpv6-stateless", "cidr": "2003::/64"}}
    Response - Headers: {'status': '201', 'content-length': '502', 'connection': 'close', 'date': 'Mon, 21 Dec 2015 05:15:02 GMT', 'content-type': 'application/json; charset=UTF-8', 'x-openstack-request-id': 'req-676d29ae-db35-4fa9-b8f7-768af8123cda'}
        Body: {"subnet": {"name": "tempest-sub6-1365063506", "enable_dhcp": true, "network_id": "4542b628-479b-4cf1-87aa-6435a750ec11", "tenant_id": "2ba481615d17418c9eecdbf61c9a8023", "dns_nameservers": [], "gateway_ip": "2003::1", "ipv6_ra_mode": "dhcpv6-stateless", "allocation_pools": [{"start": "2003::2", "end": "2003::ffff:ffff:ffff:ffff"}], "host_routes": [], "ip_version": 6, "ipv6_address_mode": "dhcpv6-stateless", "cidr": "2003::/64", "id": "87415da2-89f2-41fb-914d-0daabf53407e", "subnetpool_id": null}}
2015-12-21 05:15:02,601 20266 INFO     [tempest_lib.common.rest_client] Request (TestGettingAddress:test_dhcp6_stateless_from_os): 200 PUT http://10.0.2.15:9696/v2.0/routers/86a733ef-aaa3-4c95-b2fd-5616af7fd6b6/add_router_interface 0.515s
2015-12-21 05:15:02,601 20266 DEBUG    [tempest_lib.common.rest_client] Request - Headers: {'Content-Type': 'application/json', 'Accept': 'application/json', 'X-Auth-Token': '&lt;omitted&gt;'}
        Body: {"subnet_id": "87415da2-89f2-41fb-914d-0daabf53407e"}
    Response - Headers: {'status': '200', 'content-length': '255', 'connection': 'close', 'date': 'Mon, 21 Dec 2015 05:15:02 GMT', 'content-type': 'application/json; charset=UTF-8', 'x-openstack-request-id': 'req-f21db9ea-31de-4323-82e3-eafca2ea68fd'}
        Body: {"subnet_id": "87415da2-89f2-41fb-914d-0daabf53407e", "tenant_id": "2ba481615d17418c9eecdbf61c9a8023", "subnet_ids": ["87415da2-89f2-41fb-914d-0daabf53407e"], "port_id": "95487892-2c10-4492-bded-3574c203555c", "id": "86a733ef-aaa3-4c95-b2fd-5616af7fd6b6"}
2015-12-21 05:15:02,720 20266 INFO     [tempest_lib.common.rest_client] Request (TestGettingAddress:test_dhcp6_stateless_from_os): 200 POST http://10.0.2.15:5000/v2.0/tokens
2015-12-21 05:15:02,720 20266 DEBUG    [tempest_lib.common.rest_client] Request - Headers: {'Content-Type': 'application/json', 'Accept': 'application/json'}
        Body: &lt;omitted&gt;
    Response - Headers: {'status': '200', 'content-length': '2522', 'vary': 'X-Auth-Token', 'server': 'Apache/2.4.7 (Ubuntu)', 'connection': 'close', 'date': 'Mon, 21 Dec 2015 05:15:02 GMT', 'content-type': 'application/json', 'x-openstack-request-id': 'req-d5af54a3-e1c0-43ea-978d-489196640988'}
        Body: {"access": {"token": {"issued_at": "2015-12-21T05:15:02.706434", "expires": "2015-12-21T06:15:02Z", "id": "ffc8f02763ac4e20be01de6a31cf3856", "tenant": {"description": "tempest-TestGettingAddress-485658117-desc", "enabled": true, "id": "2ba481615d17418c9eecdbf61c9a8023", "name": "tempest-TestGettingAddress-485658117"}, "audit_ids": ["NYITvwX3S9WdjjnY2q1-GA"]}, "serviceCatalog": [{"endpoints": [{"adminURL": "http://10.0.2.15:8774/v2.1/2ba481615d17418c9eecdbf61c9a8023", "region": "RegionOne", "internalURL": "http://10.0.2.15:8774/v2.1/2ba481615d17418c9eecdbf61c9a8023", "id": "b76a1e09a89d44e6a30b0fda053a618d", "publicURL": "http://10.0.2.15:8774/v2.1/2ba481615d17418c9eecdbf61c9a8023"}], "endpoints_links": [], "type": "compute", "name": "nova"}, {"endpoints": [{"adminURL": "http://10.0.2.15:9696/", "region": "RegionOne", "internalURL": "http://10.0.2.15:9696/", "id": "1d00a1f5efea45e9bffb7fea38dffee7", "publicURL": "http://10.0.2.15:9696/"}], "endpoints_links": [], "type": "network", "name": "neutron"}, {"endpoints": [{"adminURL": "http://10.0.2.15:9292", "region": "RegionOne", "internalURL": "http://10.0.2.15:9292", "id": "46a6e81fa63d48ffa34bedac4cef1846", "publicURL": "http://10.0.2.15:9292"}], "endpoints_links": [], "type": "image", "name": "glance"}, {"endpoints": [{"adminURL": "http://10.0.2.15:8774/v2/2ba481615d17418c9eecdbf61c9a8023", "region": "RegionOne", "internalURL": "http://10.0.2.15:8774/v2/2ba481615d17418c9eecdbf61c9a8023", "id": "4e68bca94493441d8e2373c227bfc798", "publicURL": "http://10.0.2.15:8774/v2/2ba481615d17418c9eecdbf61c9a8023"}], "endpoints_links": [], "type": "compute_legacy", "name": "nova_legacy"}, {"endpoints": [{"adminURL": "http://10.0.2.15:8773/", "region": "RegionOne", "internalURL": "http://10.0.2.15:8773/", "id": "12c3ecce316d43bea0dddff5575c3e9d", "publicURL": "http://10.0.2.15:8773/"}], "endpoints_links": [], "type": "ec2", "name": "ec2"}, {"endpoints": [{"adminURL": "http://10.0.2.15:35357/v2.0", "region": "RegionOne", "internalURL": "http://10.0.2.15:5000/v2.0", "id": "49a58aa7bef546d29141fe4d857d0eff", "publicURL": "http://10.0.2.15:5000/v2.0"}], "endpoints_links": [], "type": "identity", "name": "keystone"}], "user": {"username": "tempest-TestGettingAddress-267558016", "roles_links": [], "id": "1dfbff99398f44a3aa60f6ea50691997", "roles": [{"name": "_member_"}, {"name": "Member"}], "name": "tempest-TestGettingAddress-267558016"}, "metadata": {"is_admin": 0, "roles": ["9fe2ff9ee4384b1894a90878d3e92bab", "65c30f9cba7f4c1b9c0495ea47a782aa"]}}}
2015-12-21 05:15:02,727 20266 DEBUG    [tempest.common.fixed_network] (TestGettingAddress:test_dhcp6_stateless_from_os) No valid network provided or created, defaulting to fixed_network_name
2015-12-21 05:15:03,059 20266 INFO     [tempest_lib.common.rest_client] Request (TestGettingAddress:test_dhcp6_stateless_from_os): 200 GET http://10.0.2.15:8774/v2.1/2ba481615d17418c9eecdbf61c9a8023/os-networks 0.331s
2015-12-21 05:15:03,060 20266 DEBUG    [tempest_lib.common.rest_client] Request - Headers: {'Content-Type': 'application/json', 'Accept': 'application/json', 'X-Auth-Token': '&lt;omitted&gt;'}
        Body: None
    Response - Headers: {'status': '200', 'content-length': '478', 'content-location': 'http://10.0.2.15:8774/v2.1/2ba481615d17418c9eecdbf61c9a8023/os-networks', 'x-compute-request-id': 'req-d3437a2c-76db-4d78-af61-9c0108257a66', 'vary': 'X-OpenStack-Nova-API-Version', 'connection': 'close', 'x-openstack-nova-api-version': '2.1', 'date': 'Mon, 21 Dec 2015 05:15:03 GMT', 'content-type': 'application/json'}
        Body: {"networks": [{"cidr_v6": null, "dns2": null, "dns1": null, "gateway": null, "broadcast": null, "netmask": null, "gateway_v6": null, "cidr": null, "label": "public", "id": "e3407c7c-b19e-4da3-82f7-45a621a25627", "netmask_v6": null}, {"cidr_v6": null, "dns2": null, "dns1": null, "gateway": null, "broadcast": null, "netmask": null, "gateway_v6": null, "cidr": null, "label": "tempest-network-smoke--707190860", "id": "4542b628-479b-4cf1-87aa-6435a750ec11", "netmask_v6": null}]}
2015-12-21 05:15:03,060 20266 WARNING  [tempest.common.fixed_network] (TestGettingAddress:test_dhcp6_stateless_from_os) Network with name: private not found
2015-12-21 05:15:03,061 20266 INFO     [tempest.common.fixed_network] (TestGettingAddress:test_dhcp6_stateless_from_os) Found network {} available for tenant
2015-12-21 05:15:04,165 20266 INFO     [tempest_lib.common.rest_client] Request (TestGettingAddress:test_dhcp6_stateless_from_os): 202 POST http://10.0.2.15:8774/v2.1/2ba481615d17418c9eecdbf61c9a8023/servers 1.103s
2015-12-21 05:15:04,165 20266 DEBUG    [tempest_lib.common.rest_client] Request - Headers: {'Content-Type': 'application/json', 'Accept': 'application/json', 'X-Auth-Token': '&lt;omitted&gt;'}
        Body: {"server": {"name": "tempest.common.compute-instance-342065155", "imageRef": "85b12bc4-11fd-4c33-b15a-91016cd03274", "key_name": "tempest-TestGettingAddress-37213610", "flavorRef": "42", "networks": [{"uuid": "4542b628-479b-4cf1-87aa-6435a750ec11"}], "security_groups": [{"name": "tempest-secgroup-smoke-1395415004"}]}}
    Response - Headers: {'status': '202', 'content-length': '462', 'x-compute-request-id': 'req-a01e027f-b6bf-4fec-a85e-65b5f0e30e64', 'vary': 'X-OpenStack-Nova-API-Version', 'connection': 'close', 'location': 'http://10.0.2.15:8774/v2.1/2ba481615d17418c9eecdbf61c9a8023/servers/2e10e360-9fe9-43d4-ab40-700078a5b9f1', 'x-openstack-nova-api-version': '2.1', 'date': 'Mon, 21 Dec 2015 05:15:04 GMT', 'content-type': 'application/json'}
        Body: {"server": {"security_groups": [{"name": "tempest-secgroup-smoke-1395415004"}], "OS-DCF:diskConfig": "MANUAL", "id": "2e10e360-9fe9-43d4-ab40-700078a5b9f1", "links": [{"href": "http://10.0.2.15:8774/v2.1/2ba481615d17418c9eecdbf61c9a8023/servers/2e10e360-9fe9-43d4-ab40-700078a5b9f1", "rel": "self"}, {"href": "http://10.0.2.15:8774/2ba481615d17418c9eecdbf61c9a8023/servers/2e10e360-9fe9-43d4-ab40-700078a5b9f1", "rel": "bookmark"}], "adminPass": "Puc6EJprKaTH"}}
2015-12-21 05:15:04,298 20266 INFO     [tempest_lib.common.rest_client] Request (TestGettingAddress:test_dhcp6_stateless_from_os): 200 GET http://10.0.2.15:8774/v2.1/2ba481615d17418c9eecdbf61c9a8023/servers/2e10e360-9fe9-43d4-ab40-700078a5b9f1 0.130s
2015-12-21 05:15:04,298 20266 DEBUG    [tempest_lib.common.rest_client] Request - Headers: {'Content-Type': 'application/json', 'Accept': 'application/json', 'X-Auth-Token': '&lt;omitted&gt;'}
        Body: None
    Response - Headers: {'status': '200', 'content-length': '1352', 'content-location': 'http://10.0.2.15:8774/v2.1/2ba481615d17418c9eecdbf61c9a8023/servers/2e10e360-9fe9-43d4-ab40-700078a5b9f1', 'x-compute-request-id': 'req-929af750-1e9d-4212-9a06-c0ee1e54225e', 'vary': 'X-OpenStack-Nova-API-Version', 'connection': 'close', 'x-openstack-nova-api-version': '2.1', 'date': 'Mon, 21 Dec 2015 05:15:04 GMT', 'content-type': 'application/json'}
        Body: {"server": {"status": "BUILD", "updated": "2015-12-21T05:15:04Z", "hostId": "", "addresses": {}, "links": [{"href": "http://10.0.2.15:8774/v2.1/2ba481615d17418c9eecdbf61c9a8023/servers/2e10e360-9fe9-43d4-ab40-700078a5b9f1", "rel": "self"}, {"href": "http://10.0.2.15:8774/2ba481615d17418c9eecdbf61c9a8023/servers/2e10e360-9fe9-43d4-ab40-700078a5b9f1", "rel": "bookmark"}], "key_name": "tempest-TestGettingAddress-37213610", "image": {"id": "85b12bc4-11fd-4c33-b15a-91016cd03274", "links": [{"href": "http://10.0.2.15:8774/2ba481615d17418c9eecdbf61c9a8023/images/85b12bc4-11fd-4c33-b15a-91016cd03274", "rel": "bookmark"}]}, "OS-EXT-STS:task_state": "scheduling", "OS-EXT-STS:vm_state": "building", "OS-SRV-USG:launched_at": null, "flavor": {"id": "42", "links": [{"href": "http://10.0.2.15:8774/2ba481615d17418c9eecdbf61c9a8023/flavors/42", "rel": "bookmark"}]}, "id": "2e10e360-9fe9-43d4-ab40-700078a5b9f1", "OS-SRV-USG:terminated_at": null, "OS-EXT-AZ:availability_zone": "", "user_id": "1dfbff99398f44a3aa60f6ea50691997", "name": "tempest.common.compute-instance-342065155", "created": "2015-12-21T05:15:04Z", "tenant_id": "2ba481615d17418c9eecdbf61c9a8023", "OS-DCF:diskConfig": "MANUAL", "os-extended-volumes:volumes_attached": [], "accessIPv4": "", "accessIPv6": "", "progress": 0, "OS-EXT-STS:power_state": 0, "config_drive": "", "metadata": {}}}
2015-12-21 05:15:05,624 20266 INFO     [tempest_lib.common.rest_client] Request (TestGettingAddress:test_dhcp6_stateless_from_os): 200 GET http://10.0.2.15:8774/v2.1/2ba481615d17418c9eecdbf61c9a8023/servers/2e10e360-9fe9-43d4-ab40-700078a5b9f1 0.315s
2015-12-21 05:15:05,625 20266 DEBUG    [tempest_lib.common.rest_client] Request - Headers: {'Content-Type': 'application/json', 'Accept': 'application/json', 'X-Auth-Token': '&lt;omitted&gt;'}
        Body: None
    Response - Headers: {'status': '200', 'content-length': '1478', 'content-location': 'http://10.0.2.15:8774/v2.1/2ba481615d17418c9eecdbf61c9a8023/servers/2e10e360-9fe9-43d4-ab40-700078a5b9f1', 'x-compute-request-id': 'req-3e552c2c-80f9-4af1-a90c-dbae27fd20ef', 'vary': 'X-OpenStack-Nova-API-Version', 'connection': 'close', 'x-openstack-nova-api-version': '2.1', 'date': 'Mon, 21 Dec 2015 05:15:05 GMT', 'content-type': 'application/json'}
        Body: {"server": {"status": "BUILD", "updated": "2015-12-21T05:15:05Z", "hostId": "35de9d907574fa5ff0d0d59b16b1abe468bdd63ac1a9dd2a9144e456", "addresses": {}, "links": [{"href": "http://10.0.2.15:8774/v2.1/2ba481615d17418c9eecdbf61c9a8023/servers/2e10e360-9fe9-43d4-ab40-700078a5b9f1", "rel": "self"}, {"href": "http://10.0.2.15:8774/2ba481615d17418c9eecdbf61c9a8023/servers/2e10e360-9fe9-43d4-ab40-700078a5b9f1", "rel": "bookmark"}], "key_name": "tempest-TestGettingAddress-37213610", "image": {"id": "85b12bc4-11fd-4c33-b15a-91016cd03274", "links": [{"href": "http://10.0.2.15:8774/2ba481615d17418c9eecdbf61c9a8023/images/85b12bc4-11fd-4c33-b15a-91016cd03274", "rel": "bookmark"}]}, "OS-EXT-STS:task_state": "spawning", "OS-EXT-STS:vm_state": "building", "OS-SRV-USG:launched_at": null, "flavor": {"id": "42", "links": [{"href": "http://10.0.2.15:8774/2ba481615d17418c9eecdbf61c9a8023/flavors/42", "rel": "bookmark"}]}, "id": "2e10e360-9fe9-43d4-ab40-700078a5b9f1", "security_groups": [{"name": "tempest-secgroup-smoke-1395415004"}], "OS-SRV-USG:terminated_at": null, "OS-EXT-AZ:availability_zone": "nova", "user_id": "1dfbff99398f44a3aa60f6ea50691997", "name": "tempest.common.compute-instance-342065155", "created": "2015-12-21T05:15:04Z", "tenant_id": "2ba481615d17418c9eecdbf61c9a8023", "OS-DCF:diskConfig": "MANUAL", "os-extended-volumes:volumes_attached": [], "accessIPv4": "", "accessIPv6": "", "progress": 0, "OS-EXT-STS:power_state": 0, "config_drive": "", "metadata": {}}}
2015-12-21 05:15:05,634 20266 INFO     [tempest.common.waiters] State transition "BUILD/scheduling" ==&gt; "BUILD/spawning" after 1 second wait
2015-12-21 05:15:06,837 20266 INFO     [tempest_lib.common.rest_client] Request (TestGettingAddress:test_dhcp6_stateless_from_os): 200 GET http://10.0.2.15:8774/v2.1/2ba481615d17418c9eecdbf61c9a8023/servers/2e10e360-9fe9-43d4-ab40-700078a5b9f1 0.201s
2015-12-21 05:15:06,837 20266 DEBUG    [tempest_lib.common.rest_client] Request - Headers: {'Content-Type': 'application/json', 'Accept': 'application/json', 'X-Auth-Token': '&lt;omitted&gt;'}
        Body: None
    Response - Headers: {'status': '200', 'content-length': '1478', 'content-location': 'http://10.0.2.15:8774/v2.1/2ba481615d17418c9eecdbf61c9a8023/servers/2e10e360-9fe9-43d4-ab40-700078a5b9f1', 'x-compute-request-id': 'req-f7b9e6fe-4194-420a-83b6-ff5ece91bf8d', 'vary': 'X-OpenStack-Nova-API-Version', 'connection': 'close', 'x-openstack-nova-api-version': '2.1', 'date': 'Mon, 21 Dec 2015 05:15:06 GMT', 'content-type': 'application/json'}
        Body: {"server": {"status": "BUILD", "updated": "2015-12-21T05:15:05Z", "hostId": "35de9d907574fa5ff0d0d59b16b1abe468bdd63ac1a9dd2a9144e456", "addresses": {}, "links": [{"href": "http://10.0.2.15:8774/v2.1/2ba481615d17418c9eecdbf61c9a8023/servers/2e10e360-9fe9-43d4-ab40-700078a5b9f1", "rel": "self"}, {"href": "http://10.0.2.15:8774/2ba481615d17418c9eecdbf61c9a8023/servers/2e10e360-9fe9-43d4-ab40-700078a5b9f1", "rel": "bookmark"}], "key_name": "tempest-TestGettingAddress-37213610", "image": {"id": "85b12bc4-11fd-4c33-b15a-91016cd03274", "links": [{"href": "http://10.0.2.15:8774/2ba481615d17418c9eecdbf61c9a8023/images/85b12bc4-11fd-4c33-b15a-91016cd03274", "rel": "bookmark"}]}, "OS-EXT-STS:task_state": "spawning", "OS-EXT-STS:vm_state": "building", "OS-SRV-USG:launched_at": null, "flavor": {"id": "42", "links": [{"href": "http://10.0.2.15:8774/2ba481615d17418c9eecdbf61c9a8023/flavors/42", "rel": "bookmark"}]}, "id": "2e10e360-9fe9-43d4-ab40-700078a5b9f1", "security_groups": [{"name": "tempest-secgroup-smoke-1395415004"}], "OS-SRV-USG:terminated_at": null, "OS-EXT-AZ:availability_zone": "nova", "user_id": "1dfbff99398f44a3aa60f6ea50691997", "name": "tempest.common.compute-instance-342065155", "created": "2015-12-21T05:15:04Z", "tenant_id": "2ba481615d17418c9eecdbf61c9a8023", "OS-DCF:diskConfig": "MANUAL", "os-extended-volumes:volumes_attached": [], "accessIPv4": "", "accessIPv6": "", "progress": 0, "OS-EXT-STS:power_state": 0, "config_drive": "", "metadata": {}}}
2015-12-21 05:15:08,138 20266 INFO     [tempest_lib.common.rest_client] Request (TestGettingAddress:test_dhcp6_stateless_from_os): 200 GET http://10.0.2.15:8774/v2.1/2ba481615d17418c9eecdbf61c9a8023/servers/2e10e360-9fe9-43d4-ab40-700078a5b9f1 0.289s
2015-12-21 05:15:08,138 20266 DEBUG    [tempest_lib.common.rest_client] Request - Headers: {'Content-Type': 'application/json', 'Accept': 'application/json', 'X-Auth-Token': '&lt;omitted&gt;'}
        Body: None
    Response - Headers: {'status': '200', 'content-length': '1478', 'content-location': 'http://10.0.2.15:8774/v2.1/2ba481615d17418c9eecdbf61c9a8023/servers/2e10e360-9fe9-43d4-ab40-700078a5b9f1', 'x-compute-request-id': 'req-dd6ec242-1ce7-4296-8042-8b8878c21418', 'vary': 'X-OpenStack-Nova-API-Version', 'connection': 'close', 'x-openstack-nova-api-version': '2.1', 'date': 'Mon, 21 Dec 2015 05:15:08 GMT', 'content-type': 'application/json'}
        Body: {"server": {"status": "BUILD", "updated": "2015-12-21T05:15:05Z", "hostId": "35de9d907574fa5ff0d0d59b16b1abe468bdd63ac1a9dd2a9144e456", "addresses": {}, "links": [{"href": "http://10.0.2.15:8774/v2.1/2ba481615d17418c9eecdbf61c9a8023/servers/2e10e360-9fe9-43d4-ab40-700078a5b9f1", "rel": "self"}, {"href": "http://10.0.2.15:8774/2ba481615d17418c9eecdbf61c9a8023/servers/2e10e360-9fe9-43d4-ab40-700078a5b9f1", "rel": "bookmark"}], "key_name": "tempest-TestGettingAddress-37213610", "image": {"id": "85b12bc4-11fd-4c33-b15a-91016cd03274", "links": [{"href": "http://10.0.2.15:8774/2ba481615d17418c9eecdbf61c9a8023/images/85b12bc4-11fd-4c33-b15a-91016cd03274", "rel": "bookmark"}]}, "OS-EXT-STS:task_state": "spawning", "OS-EXT-STS:vm_state": "building", "OS-SRV-USG:launched_at": null, "flavor": {"id": "42", "links": [{"href": "http://10.0.2.15:8774/2ba481615d17418c9eecdbf61c9a8023/flavors/42", "rel": "bookmark"}]}, "id": "2e10e360-9fe9-43d4-ab40-700078a5b9f1", "security_groups": [{"name": "tempest-secgroup-smoke-1395415004"}], "OS-SRV-USG:terminated_at": null, "OS-EXT-AZ:availability_zone": "nova", "user_id": "1dfbff99398f44a3aa60f6ea50691997", "name": "tempest.common.compute-instance-342065155", "created": "2015-12-21T05:15:04Z", "tenant_id": "2ba481615d17418c9eecdbf61c9a8023", "OS-DCF:diskConfig": "MANUAL", "os-extended-volumes:volumes_attached": [], "accessIPv4": "", "accessIPv6": "", "progress": 0, "OS-EXT-STS:power_state": 0, "config_drive": "", "metadata": {}}}
2015-12-21 05:15:09,327 20266 INFO     [tempest_lib.common.rest_client] Request (TestGettingAddress:test_dhcp6_stateless_from_os): 200 GET http://10.0.2.15:8774/v2.1/2ba481615d17418c9eecdbf61c9a8023/servers/2e10e360-9fe9-43d4-ab40-700078a5b9f1 0.179s
2015-12-21 05:15:09,327 20266 DEBUG    [tempest_lib.common.rest_client] Request - Headers: {'Content-Type': 'application/json', 'Accept': 'application/json', 'X-Auth-Token': '&lt;omitted&gt;'}
        Body: None
    Response - Headers: {'status': '200', 'content-length': '1778', 'content-location': 'http://10.0.2.15:8774/v2.1/2ba481615d17418c9eecdbf61c9a8023/servers/2e10e360-9fe9-43d4-ab40-700078a5b9f1', 'x-compute-request-id': 'req-ba5f8c28-f792-4e88-8900-dbfcc54c961d', 'vary': 'X-OpenStack-Nova-API-Version', 'connection': 'close', 'x-openstack-nova-api-version': '2.1', 'date': 'Mon, 21 Dec 2015 05:15:09 GMT', 'content-type': 'application/json'}
        Body: {"server": {"status": "ACTIVE", "updated": "2015-12-21T05:15:08Z", "hostId": "35de9d907574fa5ff0d0d59b16b1abe468bdd63ac1a9dd2a9144e456", "addresses": {"tempest-network-smoke--707190860": [{"OS-EXT-IPS-MAC:mac_addr": "fa:16:3e:56:68:6c", "version": 4, "addr": "10.100.0.3", "OS-EXT-IPS:type": "fixed"}, {"OS-EXT-IPS-MAC:mac_addr": "fa:16:3e:56:68:6c", "version": 6, "addr": "2003::f816:3eff:fe56:686c", "OS-EXT-IPS:type": "fixed"}]}, "links": [{"href": "http://10.0.2.15:8774/v2.1/2ba481615d17418c9eecdbf61c9a8023/servers/2e10e360-9fe9-43d4-ab40-700078a5b9f1", "rel": "self"}, {"href": "http://10.0.2.15:8774/2ba481615d17418c9eecdbf61c9a8023/servers/2e10e360-9fe9-43d4-ab40-700078a5b9f1", "rel": "bookmark"}], "key_name": "tempest-TestGettingAddress-37213610", "image": {"id": "85b12bc4-11fd-4c33-b15a-91016cd03274", "links": [{"href": "http://10.0.2.15:8774/2ba481615d17418c9eecdbf61c9a8023/images/85b12bc4-11fd-4c33-b15a-91016cd03274", "rel": "bookmark"}]}, "OS-EXT-STS:task_state": null, "OS-EXT-STS:vm_state": "active", "OS-SRV-USG:launched_at": "2015-12-21T05:15:08.000000", "flavor": {"id": "42", "links": [{"href": "http://10.0.2.15:8774/2ba481615d17418c9eecdbf61c9a8023/flavors/42", "rel": "bookmark"}]}, "id": "2e10e360-9fe9-43d4-ab40-700078a5b9f1", "security_groups": [{"name": "tempest-secgroup-smoke-1395415004"}], "OS-SRV-USG:terminated_at": null, "OS-EXT-AZ:availability_zone": "nova", "user_id": "1dfbff99398f44a3aa60f6ea50691997", "name": "tempest.common.compute-instance-342065155", "created": "2015-12-21T05:15:04Z", "tenant_id": "2ba481615d17418c9eecdbf61c9a8023", "OS-DCF:diskConfig": "MANUAL", "os-extended-volumes:volumes_attached": [], "accessIPv4": "", "accessIPv6": "", "progress": 0, "OS-EXT-STS:power_state": 1, "config_drive": "True", "metadata": {}}}
2015-12-21 05:15:09,336 20266 INFO     [tempest.common.waiters] State transition "BUILD/spawning" ==&gt; "ACTIVE/None" after 5 second wait
2015-12-21 05:15:09,524 20266 INFO     [tempest_lib.common.rest_client] Request (TestGettingAddress:test_dhcp6_stateless_from_os): 200 GET http://10.0.2.15:8774/v2.1/2ba481615d17418c9eecdbf61c9a8023/servers/2e10e360-9fe9-43d4-ab40-700078a5b9f1 0.188s
2015-12-21 05:15:09,525 20266 DEBUG    [tempest_lib.common.rest_client] Request - Headers: {'Content-Type': 'application/json', 'Accept': 'application/json', 'X-Auth-Token': '&lt;omitted&gt;'}
        Body: None
    Response - Headers: {'status': '200', 'content-length': '1778', 'content-location': 'http://10.0.2.15:8774/v2.1/2ba481615d17418c9eecdbf61c9a8023/servers/2e10e360-9fe9-43d4-ab40-700078a5b9f1', 'x-compute-request-id': 'req-1ee0d0ec-0b08-4ebf-abff-ec83b5ab9a9c', 'vary': 'X-OpenStack-Nova-API-Version', 'connection': 'close', 'x-openstack-nova-api-version': '2.1', 'date': 'Mon, 21 Dec 2015 05:15:09 GMT', 'content-type': 'application/json'}
        Body: {"server": {"status": "ACTIVE", "updated": "2015-12-21T05:15:08Z", "hostId": "35de9d907574fa5ff0d0d59b16b1abe468bdd63ac1a9dd2a9144e456", "addresses": {"tempest-network-smoke--707190860": [{"OS-EXT-IPS-MAC:mac_addr": "fa:16:3e:56:68:6c", "version": 4, "addr": "10.100.0.3", "OS-EXT-IPS:type": "fixed"}, {"OS-EXT-IPS-MAC:mac_addr": "fa:16:3e:56:68:6c", "version": 6, "addr": "2003::f816:3eff:fe56:686c", "OS-EXT-IPS:type": "fixed"}]}, "links": [{"href": "http://10.0.2.15:8774/v2.1/2ba481615d17418c9eecdbf61c9a8023/servers/2e10e360-9fe9-43d4-ab40-700078a5b9f1", "rel": "self"}, {"href": "http://10.0.2.15:8774/2ba481615d17418c9eecdbf61c9a8023/servers/2e10e360-9fe9-43d4-ab40-700078a5b9f1", "rel": "bookmark"}], "key_name": "tempest-TestGettingAddress-37213610", "image": {"id": "85b12bc4-11fd-4c33-b15a-91016cd03274", "links": [{"href": "http://10.0.2.15:8774/2ba481615d17418c9eecdbf61c9a8023/images/85b12bc4-11fd-4c33-b15a-91016cd03274", "rel": "bookmark"}]}, "OS-EXT-STS:task_state": null, "OS-EXT-STS:vm_state": "active", "OS-SRV-USG:launched_at": "2015-12-21T05:15:08.000000", "flavor": {"id": "42", "links": [{"href": "http://10.0.2.15:8774/2ba481615d17418c9eecdbf61c9a8023/flavors/42", "rel": "bookmark"}]}, "id": "2e10e360-9fe9-43d4-ab40-700078a5b9f1", "security_groups": [{"name": "tempest-secgroup-smoke-1395415004"}], "OS-SRV-USG:terminated_at": null, "OS-EXT-AZ:availability_zone": "nova", "user_id": "1dfbff99398f44a3aa60f6ea50691997", "name": "tempest.common.compute-instance-342065155", "created": "2015-12-21T05:15:04Z", "tenant_id": "2ba481615d17418c9eecdbf61c9a8023", "OS-DCF:diskConfig": "MANUAL", "os-extended-volumes:volumes_attached": [], "accessIPv4": "", "accessIPv6": "", "progress": 0, "OS-EXT-STS:power_state": 1, "config_drive": "True", "metadata": {}}}
2015-12-21 05:15:09,566 20266 INFO     [tempest_lib.common.rest_client] Request (TestGettingAddress:test_dhcp6_stateless_from_os): 200 GET http://10.0.2.15:9696/v2.0/ports?status=ACTIVE&amp;fixed_ip=None&amp;device_id=2e10e360-9fe9-43d4-ab40-700078a5b9f1 0.032s
2015-12-21 05:15:09,567 20266 DEBUG    [tempest_lib.common.rest_client] Request - Headers: {'Content-Type': 'application/json', 'Accept': 'application/json', 'X-Auth-Token': '&lt;omitted&gt;'}
        Body: None
    Response - Headers: {'status': '200', 'content-length': '1142', 'content-location': 'http://10.0.2.15:9696/v2.0/ports?status=ACTIVE&amp;fixed_ip=None&amp;device_id=2e10e360-9fe9-43d4-ab40-700078a5b9f1', 'connection': 'close', 'date': 'Mon, 21 Dec 2015 05:15:09 GMT', 'content-type': 'application/json; charset=UTF-8', 'x-openstack-request-id': 'req-69e43cce-8b8d-48fb-b8c2-71dac3e1de86'}
        Body: {"ports": [{"status": "ACTIVE", "binding:host_id": "vagrant-ubuntu-trusty-64", "allowed_address_pairs": [], "extra_dhcp_opts": [], "dns_assignment": [{"hostname": "host-10-100-0-3", "ip_address": "10.100.0.3", "fqdn": "host-10-100-0-3.openstacklocal."}, {"hostname": "host-2003--f816-3eff-fe56-686c", "ip_address": "2003::f816:3eff:fe56:686c", "fqdn": "host-2003--f816-3eff-fe56-686c.openstacklocal."}], "device_owner": "compute:None", "port_security_enabled": true, "binding:profile": {}, "fixed_ips": [{"subnet_id": "ef13a9f5-5b08-458a-91b5-a2b902b0e7a7", "ip_address": "10.100.0.3"}, {"subnet_id": "87415da2-89f2-41fb-914d-0daabf53407e", "ip_address": "2003::f816:3eff:fe56:686c"}], "id": "92d38ec4-c3ae-4b62-94bc-6ebda490311d", "security_groups": ["7f1c9bb9-acb3-4bd8-bef3-375730c58ee5"], "device_id": "2e10e360-9fe9-43d4-ab40-700078a5b9f1", "name": "", "admin_state_up": true, "network_id": "4542b628-479b-4cf1-87aa-6435a750ec11", "dns_name": "", "binding:vif_details": {"port_filter": true}, "binding:vnic_type": "normal", "binding:vif_type": "ovs", "tenant_id": "2ba481615d17418c9eecdbf61c9a8023", "mac_address": "fa:16:3e:56:68:6c"}]}
2015-12-21 05:15:10,032 20266 INFO     [tempest_lib.common.rest_client] Request (TestGettingAddress:test_dhcp6_stateless_from_os): 201 POST http://10.0.2.15:9696/v2.0/floatingips 0.464s
2015-12-21 05:15:10,033 20266 DEBUG    [tempest_lib.common.rest_client] Request - Headers: {'Content-Type': 'application/json', 'Accept': 'application/json', 'X-Auth-Token': '&lt;omitted&gt;'}
        Body: {"floatingip": {"floating_network_id": "e3407c7c-b19e-4da3-82f7-45a621a25627", "tenant_id": "2ba481615d17418c9eecdbf61c9a8023", "fixed_ip_address": "10.100.0.3", "port_id": "92d38ec4-c3ae-4b62-94bc-6ebda490311d"}}
    Response - Headers: {'status': '201', 'content-length': '367', 'connection': 'close', 'date': 'Mon, 21 Dec 2015 05:15:10 GMT', 'content-type': 'application/json; charset=UTF-8', 'x-openstack-request-id': 'req-8eb155f5-980c-4b2d-b69d-3b64cbd84ba1'}
        Body: {"floatingip": {"floating_network_id": "e3407c7c-b19e-4da3-82f7-45a621a25627", "router_id": "86a733ef-aaa3-4c95-b2fd-5616af7fd6b6", "fixed_ip_address": "10.100.0.3", "floating_ip_address": "172.24.4.4", "tenant_id": "2ba481615d17418c9eecdbf61c9a8023", "status": "DOWN", "port_id": "92d38ec4-c3ae-4b62-94bc-6ebda490311d", "id": "5aba63fb-9681-42b5-9331-b40f7f764191"}}
2015-12-21 05:15:10,033 20266 INFO     [tempest_lib.common.ssh] Creating ssh connection to '172.24.4.4' as 'cirros' with public key authentication
2015-12-21 05:15:13,591 20266 WARNING  [tempest_lib.common.ssh] Failed to establish authenticated ssh connection to cirros@172.24.4.4 ([Errno None] Unable to connect to port 22 on  or 172.24.4.4). Number attempts: 1. Retry after 2 seconds.
2015-12-21 05:15:19,095 20266 WARNING  [tempest_lib.common.ssh] Failed to establish authenticated ssh connection to cirros@172.24.4.4 ([Errno None] Unable to connect to port 22 on  or 172.24.4.4). Number attempts: 2. Retry after 3 seconds.
2015-12-21 05:15:25,598 20266 WARNING  [tempest_lib.common.ssh] Failed to establish authenticated ssh connection to cirros@172.24.4.4 ([Errno None] Unable to connect to port 22 on  or 172.24.4.4). Number attempts: 3. Retry after 4 seconds.
2015-12-21 05:15:33,103 20266 WARNING  [tempest_lib.common.ssh] Failed to establish authenticated ssh connection to cirros@172.24.4.4 ([Errno None] Unable to connect to port 22 on  or 172.24.4.4). Number attempts: 4. Retry after 5 seconds.
2015-12-21 05:15:41,610 20266 WARNING  [tempest_lib.common.ssh] Failed to establish authenticated ssh connection to cirros@172.24.4.4 ([Errno None] Unable to connect to port 22 on  or 172.24.4.4). Number attempts: 5. Retry after 6 seconds.
2015-12-21 05:15:51,115 20266 WARNING  [tempest_lib.common.ssh] Failed to establish authenticated ssh connection to cirros@172.24.4.4 ([Errno None] Unable to connect to port 22 on  or 172.24.4.4). Number attempts: 6. Retry after 7 seconds.
2015-12-21 05:16:01,619 20266 WARNING  [tempest_lib.common.ssh] Failed to establish authenticated ssh connection to cirros@172.24.4.4 ([Errno None] Unable to connect to port 22 on  or 172.24.4.4). Number attempts: 7. Retry after 8 seconds.
2015-12-21 05:16:13,128 20266 WARNING  [tempest_lib.common.ssh] Failed to establish authenticated ssh connection to cirros@172.24.4.4 ([Errno None] Unable to connect to port 22 on  or 172.24.4.4). Number attempts: 8. Retry after 9 seconds.
2015-12-21 05:16:25,639 20266 WARNING  [tempest_lib.common.ssh] Failed to establish authenticated ssh connection to cirros@172.24.4.4 ([Errno None] Unable to connect to port 22 on  or 172.24.4.4). Number attempts: 9. Retry after 10 seconds.
2015-12-21 05:16:39,151 20266 WARNING  [tempest_lib.common.ssh] Failed to establish authenticated ssh connection to cirros@172.24.4.4 ([Errno None] Unable to connect to port 22 on  or 172.24.4.4). Number attempts: 10. Retry after 11 seconds.
2015-12-21 05:16:53,663 20266 WARNING  [tempest_lib.common.ssh] Failed to establish authenticated ssh connection to cirros@172.24.4.4 ([Errno None] Unable to connect to port 22 on  or 172.24.4.4). Number attempts: 11. Retry after 12 seconds.
2015-12-21 05:17:09,175 20266 WARNING  [tempest_lib.common.ssh] Failed to establish authenticated ssh connection to cirros@172.24.4.4 ([Errno None] Unable to connect to port 22 on  or 172.24.4.4). Number attempts: 12. Retry after 13 seconds.
2015-12-21 05:17:25,691 20266 WARNING  [tempest_lib.common.ssh] Failed to establish authenticated ssh connection to cirros@172.24.4.4 ([Errno None] Unable to connect to port 22 on  or 172.24.4.4). Number attempts: 13. Retry after 14 seconds.
2015-12-21 05:17:43,208 20266 WARNING  [tempest_lib.common.ssh] Failed to establish authenticated ssh connection to cirros@172.24.4.4 ([Errno None] Unable to connect to port 22 on  or 172.24.4.4). Number attempts: 14. Retry after 15 seconds.
2015-12-21 05:18:01,711 20266 WARNING  [tempest_lib.common.ssh] Failed to establish authenticated ssh connection to cirros@172.24.4.4 ([Errno None] Unable to connect to port 22 on  or 172.24.4.4). Number attempts: 15. Retry after 16 seconds.
2015-12-21 05:18:21,227 20266 WARNING  [tempest_lib.common.ssh] Failed to establish authenticated ssh connection to cirros@172.24.4.4 ([Errno None] Unable to connect to port 22 on  or 172.24.4.4). Number attempts: 16. Retry after 17 seconds.
2015-12-21 05:18:41,742 20266 WARNING  [tempest_lib.common.ssh] Failed to establish authenticated ssh connection to cirros@172.24.4.4 ([Errno None] Unable to connect to port 22 on  or 172.24.4.4). Number attempts: 17. Retry after 18 seconds.
2015-12-21 05:19:03,255 20266 WARNING  [tempest_lib.common.ssh] Failed to establish authenticated ssh connection to cirros@172.24.4.4 ([Errno None] Unable to connect to port 22 on  or 172.24.4.4). Number attempts: 18. Retry after 19 seconds.
2015-12-21 05:19:25,763 20266 WARNING  [tempest_lib.common.ssh] Failed to establish authenticated ssh connection to cirros@172.24.4.4 ([Errno None] Unable to connect to port 22 on  or 172.24.4.4). Number attempts: 19. Retry after 20 seconds.
2015-12-21 05:19:49,275 20266 WARNING  [tempest_lib.common.ssh] Failed to establish authenticated ssh connection to cirros@172.24.4.4 ([Errno None] Unable to connect to port 22 on  or 172.24.4.4). Number attempts: 20. Retry after 21 seconds.
2015-12-21 05:20:13,795 20266 ERROR    [tempest_lib.common.ssh] Failed to establish authenticated ssh connection to cirros@172.24.4.4 after 20 attempts
2015-12-21 05:20:13.795 20266 ERROR tempest_lib.common.ssh Traceback (most recent call last):
2015-12-21 05:20:13.795 20266 ERROR tempest_lib.common.ssh   File "/usr/local/lib/python2.7/dist-packages/tempest_lib/common/ssh.py", line 75, in _get_ssh_connection
2015-12-21 05:20:13.795 20266 ERROR tempest_lib.common.ssh     timeout=self.channel_timeout, pkey=self.pkey)
2015-12-21 05:20:13.795 20266 ERROR tempest_lib.common.ssh   File "/usr/local/lib/python2.7/dist-packages/paramiko/client.py", line 311, in connect
2015-12-21 05:20:13.795 20266 ERROR tempest_lib.common.ssh     raise NoValidConnectionsError(errors)
2015-12-21 05:20:13.795 20266 ERROR tempest_lib.common.ssh NoValidConnectionsError: [Errno None] Unable to connect to port 22 on  or 172.24.4.4
2015-12-21 05:20:13.795 20266 ERROR tempest_lib.common.ssh 
2015-12-21 05:20:13,799 20266 ERROR    [tempest.scenario.manager] (TestGettingAddress:test_dhcp6_stateless_from_os) Initializing SSH connection to 172.24.4.4 failed. Error: Connection to the 172.24.4.4 via SSH timed out.
User: cirros, Password: None
2015-12-21 05:20:13.799 20266 ERROR tempest.scenario.manager Traceback (most recent call last):
2015-12-21 05:20:13.799 20266 ERROR tempest.scenario.manager   File "tempest/scenario/manager.py", line 385, in get_remote_client
2015-12-21 05:20:13.799 20266 ERROR tempest.scenario.manager     linux_client.validate_authentication()
2015-12-21 05:20:13.799 20266 ERROR tempest.scenario.manager   File "tempest/common/utils/linux/remote_client.py", line 63, in validate_authentication
2015-12-21 05:20:13.799 20266 ERROR tempest.scenario.manager     self.ssh_client.test_connection_auth()
2015-12-21 05:20:13.799 20266 ERROR tempest.scenario.manager   File "/usr/local/lib/python2.7/dist-packages/tempest_lib/common/ssh.py", line 167, in test_connection_auth
2015-12-21 05:20:13.799 20266 ERROR tempest.scenario.manager     connection = self._get_ssh_connection()
2015-12-21 05:20:13.799 20266 ERROR tempest.scenario.manager   File "/usr/local/lib/python2.7/dist-packages/tempest_lib/common/ssh.py", line 87, in _get_ssh_connection
2015-12-21 05:20:13.799 20266 ERROR tempest.scenario.manager     password=self.password)
2015-12-21 05:20:13.799 20266 ERROR tempest.scenario.manager SSHTimeout: Connection to the 172.24.4.4 via SSH timed out.
2015-12-21 05:20:13.799 20266 ERROR tempest.scenario.manager User: cirros, Password: None
2015-12-21 05:20:13.799 20266 ERROR tempest.scenario.manager 
2015-12-21 05:20:14,019 20266 INFO     [tempest_lib.common.rest_client] Request (TestGettingAddress:test_dhcp6_stateless_from_os): 200 GET http://10.0.2.15:8774/v2.1/2ba481615d17418c9eecdbf61c9a8023/servers 0.217s
2015-12-21 05:20:14,019 20266 DEBUG    [tempest_lib.common.rest_client] Request - Headers: {'Content-Type': 'application/json', 'Accept': 'application/json', 'X-Auth-Token': '&lt;omitted&gt;'}
        Body: None
    Response - Headers: {'status': '200', 'content-length': '390', 'content-location': 'http://10.0.2.15:8774/v2.1/2ba481615d17418c9eecdbf61c9a8023/servers', 'x-compute-request-id': 'req-ea1df156-32e7-402b-9cbe-9ccb98b4d4a0', 'vary': 'X-OpenStack-Nova-API-Version', 'connection': 'close', 'x-openstack-nova-api-version': '2.1', 'date': 'Mon, 21 Dec 2015 05:20:14 GMT', 'content-type': 'application/json'}
        Body: {"servers": [{"id": "2e10e360-9fe9-43d4-ab40-700078a5b9f1", "links": [{"href": "http://10.0.2.15:8774/v2.1/2ba481615d17418c9eecdbf61c9a8023/servers/2e10e360-9fe9-43d4-ab40-700078a5b9f1", "rel": "self"}, {"href": "http://10.0.2.15:8774/2ba481615d17418c9eecdbf61c9a8023/servers/2e10e360-9fe9-43d4-ab40-700078a5b9f1", "rel": "bookmark"}], "name": "tempest.common.compute-instance-342065155"}]}
2015-12-21 05:20:14,360 20266 INFO     [tempest_lib.common.rest_client] Request (TestGettingAddress:test_dhcp6_stateless_from_os): 200 POST http://10.0.2.15:8774/v2.1/2ba481615d17418c9eecdbf61c9a8023/servers/2e10e360-9fe9-43d4-ab40-700078a5b9f1/action 0.335s
2015-12-21 05:20:14,361 20266 DEBUG    [tempest_lib.common.rest_client] Request - Headers: {'Content-Type': 'application/json', 'Accept': 'application/json', 'X-Auth-Token': '&lt;omitted&gt;'}
        Body: {"os-getConsoleOutput": {}}
    Response - Headers: {'status': '200', 'content-length': '24669', 'x-compute-request-id': 'req-3305b76e-c644-44ac-9418-8ed95f6f1949', 'vary': 'X-OpenStack-Nova-API-Version', 'connection': 'close', 'x-openstack-nova-api-version': '2.1', 'date': 'Mon, 21 Dec 2015 05:20:14 GMT', 'content-type': 'application/json'}
        Body: {"output": "[    0.000000] Initializing cgroup subsys cpuset\n[    0.000000] Initializing cgroup subsys cpu\n[    0.000000] Linux version 3.2.0-80-virtual (buildd@batsu) (gcc version 4.6.3 (Ubuntu/Linaro 4.6.3-1ubuntu5) ) #116-Ubuntu SMP Mon Mar 23 17:28:52 UTC 2015 (Ubuntu 3.2.0-80.116-virtual 3.2.68)\n[    0.000000] Command line: root=/dev/vda console=tty0 console=ttyS0 no_timer_check\n[    0.000000] KERNEL supported cpus:\n[    0.000000]   Intel GenuineIntel\n[    0.000000]   AMD AuthenticAMD\n[    0.000000]   Centaur CentaurHauls\n[    0.000000] BIOS-provided physical RAM map:\n[    0.000000]  BIOS-e820: 0000000000000000 - 000000000009fc00 (usable)\n[    0.000000]  BIOS-e820: 000000000009fc00 - 00000000000a0000 (reserved)\n[    0.000000]  BIOS-e820: 00000000000f0000 - 0000000000100000 (reserved)\n[    0.000000]  BIOS-e820: 0000000000100000 - 0000000003ffe000 (usable)\n[    0.000000]  BIOS-e820: 0000000003ffe000 - 0000000004000000 (reserved)\n[    0.000000]  BIOS-e820: 00000000fffc0000 - 0000000100000000 (reserved)\n[    0.000000] NX (Execute Disable) protection: active\n[    0.000000] SMBIOS 2.4 present.\n[    0.000000] No AGP bridge found\n[    0.000000] last_pfn = 0x3ffe max_arch_pfn = 0x400000000\n[    0.000000] x86 PAT enabled: cpu 0, old 0x7040600070406, new 0x7010600070106\n[    0.000000] found SMP MP-table at [ffff8800000f0b00] f0b00\n[    0.000000] init_memory_mapping: 0000000000000000-0000000003ffe000\n[    0.000000] RAMDISK: 03c5e000 - 03ff0000\n[    0.000000] ACPI: RSDP 00000000000f0950 00014 (v00 BOCHS )\n[    0.000000] ACPI: RSDT 0000000003fffbc1 00034 (v01 BOCHS  BXPCRSDT 00000001 BXPC 00000001)\n[    0.000000] ACPI: FACP 0000000003fff1c0 00074 (v01 BOCHS  BXPCFACP 00000001 BXPC 00000001)\n[    0.000000] ACPI: DSDT 0000000003ffe040 01180 (v01 BOCHS  BXPCDSDT 00000001 BXPC 00000001)\n[    0.000000] ACPI: FACS 0000000003ffe000 00040\n[    0.000000] ACPI: SSDT 0000000003fff234 008DD (v01 BOCHS  BXPCSSDT 00000001 BXPC 00000001)\n[    0.000000] ACPI: APIC 0000000003fffb11 00078 (v01 BOCHS  BXPCAPIC 00000001 BXPC 00000001)\n[    0.000000] ACPI: HPET 0000000003fffb89 00038 (v01 BOCHS  BXPCHPET 00000001 BXPC 00000001)\n[    0.000000] No NUMA configuration found\n[    0.000000] Faking a node at 0000000000000000-0000000003ffe000\n[    0.000000] Initmem setup node 0 0000000000000000-0000000003ffe000\n[    0.000000]   NODE_DATA [0000000003ff6000 - 0000000003ffafff]\n[    0.000000] Zone PFN ranges:\n[    0.000000]   DMA      0x00000010 -&gt; 0x00001000\n[    0.000000]   DMA32    0x00001000 -&gt; 0x00100000\n[    0.000000]   Normal   empty\n[    0.000000] Movable zone start PFN for each node\n[    0.000000] early_node_map[2] active PFN ranges\n[    0.000000]     0: 0x00000010 -&gt; 0x0000009f\n[    0.000000]     0: 0x00000100 -&gt; 0x00003ffe\n[    0.000000] ACPI: PM-Timer IO Port: 0xb008\n[    0.000000] ACPI: LAPIC (acpi_id[0x00] lapic_id[0x00] enabled)\n[    0.000000] ACPI: LAPIC_NMI (acpi_id[0xff] dfl dfl lint[0x1])\n[    0.000000] ACPI: IOAPIC (id[0x00] address[0xfec00000] gsi_base[0])\n[    0.000000] IOAPIC[0]: apic_id 0, version 17, address 0xfec00000, GSI 0-23\n[    0.000000] ACPI: INT_SRC_OVR (bus 0 bus_irq 0 global_irq 2 dfl dfl)\n[    0.000000] ACPI: INT_SRC_OVR (bus 0 bus_irq 5 global_irq 5 high level)\n[    0.000000] ACPI: INT_SRC_OVR (bus 0 bus_irq 9 global_irq 9 high level)\n[    0.000000] ACPI: INT_SRC_OVR (bus 0 bus_irq 10 global_irq 10 high level)\n[    0.000000] ACPI: INT_SRC_OVR (bus 0 bus_irq 11 global_irq 11 high level)\n[    0.000000] Using ACPI (MADT) for SMP configuration information\n[    0.000000] ACPI: HPET id: 0x8086a201 base: 0xfed00000\n[    0.000000] SMP: Allowing 1 CPUs, 0 hotplug CPUs\n[    0.000000] PM: Registered nosave memory: 000000000009f000 - 00000000000a0000\n[    0.000000] PM: Registered nosave memory: 00000000000a0000 - 00000000000f0000\n[    0.000000] PM: Registered nosave memory: 00000000000f0000 - 0000000000100000\n[    0.000000] Allocating PCI resources starting at 4000000 (gap: 4000000:fbfc0000)\n[    0.000000] Booting paravirtualized kernel on bare hardware\n[    0.000000] setup_pe
2015-12-21 05:20:14,364 20266 DEBUG    [tempest.scenario.manager] Console output for 2e10e360-9fe9-43d4-ab40-700078a5b9f1
body=
[    0.000000] Initializing cgroup subsys cpuset
[    0.000000] Initializing cgroup subsys cpu
[    0.000000] Linux version 3.2.0-80-virtual (buildd@batsu) (gcc version 4.6.3 (Ubuntu/Linaro 4.6.3-1ubuntu5) ) #116-Ubuntu SMP Mon Mar 23 17:28:52 UTC 2015 (Ubuntu 3.2.0-80.116-virtual 3.2.68)
[    0.000000] Command line: root=/dev/vda console=tty0 console=ttyS0 no_timer_check
[    0.000000] KERNEL supported cpus:
[    0.000000]   Intel GenuineIntel
[    0.000000]   AMD AuthenticAMD
[    0.000000]   Centaur CentaurHauls
[    0.000000] BIOS-provided physical RAM map:
[    0.000000]  BIOS-e820: 0000000000000000 - 000000000009fc00 (usable)
[    0.000000]  BIOS-e820: 000000000009fc00 - 00000000000a0000 (reserved)
[    0.000000]  BIOS-e820: 00000000000f0000 - 0000000000100000 (reserved)
[    0.000000]  BIOS-e820: 0000000000100000 - 0000000003ffe000 (usable)
[    0.000000]  BIOS-e820: 0000000003ffe000 - 0000000004000000 (reserved)
[    0.000000]  BIOS-e820: 00000000fffc0000 - 0000000100000000 (reserved)
[    0.000000] NX (Execute Disable) protection: active
[    0.000000] SMBIOS 2.4 present.
[    0.000000] No AGP bridge found
[    0.000000] last_pfn = 0x3ffe max_arch_pfn = 0x400000000
[    0.000000] x86 PAT enabled: cpu 0, old 0x7040600070406, new 0x7010600070106
[    0.000000] found SMP MP-table at [ffff8800000f0b00] f0b00
[    0.000000] init_memory_mapping: 0000000000000000-0000000003ffe000
[    0.000000] RAMDISK: 03c5e000 - 03ff0000
[    0.000000] ACPI: RSDP 00000000000f0950 00014 (v00 BOCHS )
[    0.000000] ACPI: RSDT 0000000003fffbc1 00034 (v01 BOCHS  BXPCRSDT 00000001 BXPC 00000001)
[    0.000000] ACPI: FACP 0000000003fff1c0 00074 (v01 BOCHS  BXPCFACP 00000001 BXPC 00000001)
[    0.000000] ACPI: DSDT 0000000003ffe040 01180 (v01 BOCHS  BXPCDSDT 00000001 BXPC 00000001)
[    0.000000] ACPI: FACS 0000000003ffe000 00040
[    0.000000] ACPI: SSDT 0000000003fff234 008DD (v01 BOCHS  BXPCSSDT 00000001 BXPC 00000001)
[    0.000000] ACPI: APIC 0000000003fffb11 00078 (v01 BOCHS  BXPCAPIC 00000001 BXPC 00000001)
[    0.000000] ACPI: HPET 0000000003fffb89 00038 (v01 BOCHS  BXPCHPET 00000001 BXPC 00000001)
[    0.000000] No NUMA configuration found
[    0.000000] Faking a node at 0000000000000000-0000000003ffe000
[    0.000000] Initmem setup node 0 0000000000000000-0000000003ffe000
[    0.000000]   NODE_DATA [0000000003ff6000 - 0000000003ffafff]
[    0.000000] Zone PFN ranges:
[    0.000000]   DMA      0x00000010 -&gt; 0x00001000
[    0.000000]   DMA32    0x00001000 -&gt; 0x00100000
[    0.000000]   Normal   empty
[    0.000000] Movable zone start PFN for each node
[    0.000000] early_node_map[2] active PFN ranges
[    0.000000]     0: 0x00000010 -&gt; 0x0000009f
[    0.000000]     0: 0x00000100 -&gt; 0x00003ffe
[    0.000000] ACPI: PM-Timer IO Port: 0xb008
[    0.000000] ACPI: LAPIC (acpi_id[0x00] lapic_id[0x00] enabled)
[    0.000000] ACPI: LAPIC_NMI (acpi_id[0xff] dfl dfl lint[0x1])
[    0.000000] ACPI: IOAPIC (id[0x00] address[0xfec00000] gsi_base[0])
[    0.000000] IOAPIC[0]: apic_id 0, version 17, address 0xfec00000, GSI 0-23
[    0.000000] ACPI: INT_SRC_OVR (bus 0 bus_irq 0 global_irq 2 dfl dfl)
[    0.000000] ACPI: INT_SRC_OVR (bus 0 bus_irq 5 global_irq 5 high level)
[    0.000000] ACPI: INT_SRC_OVR (bus 0 bus_irq 9 global_irq 9 high level)
[    0.000000] ACPI: INT_SRC_OVR (bus 0 bus_irq 10 global_irq 10 high level)
[    0.000000] ACPI: INT_SRC_OVR (bus 0 bus_irq 11 global_irq 11 high level)
[    0.000000] Using ACPI (MADT) for SMP configuration information
[    0.000000] ACPI: HPET id: 0x8086a201 base: 0xfed00000
[    0.000000] SMP: Allowing 1 CPUs, 0 hotplug CPUs
[    0.000000] PM: Registered nosave memory: 000000000009f000 - 00000000000a0000
[    0.000000] PM: Registered nosave memory: 00000000000a0000 - 00000000000f0000
[    0.000000] PM: Registered nosave memory: 00000000000f0000 - 0000000000100000
[    0.000000] Allocating PCI resources starting at 4000000 (gap: 4000000:fbfc0000)
[    0.000000] Booting paravirtualized kernel on bare hardware
[    0.000000] setup_percpu: NR_CPUS:64 nr_cpumask_bits:64 nr_cpu_ids:1 nr_node_ids:1
[    0.000000] PERCPU: Embedded 27 pages/cpu @ffff880003a00000 s78848 r8192 d23552 u2097152
[    0.000000] Built 1 zonelists in Node order, mobility grouping on.  Total pages: 16008
[    0.000000] Policy zone: DMA32
[    0.000000] Kernel command line: root=/dev/vda console=tty0 console=ttyS0 no_timer_check
[    0.000000] PID hash table entries: 256 (order: -1, 2048 bytes)
[    0.000000] Checking aperture...
[    0.000000] No AGP bridge found
[    0.000000] Memory: 43492k/65528k available (6576k kernel code, 452k absent, 21584k reserved, 6620k data, 928k init)
[    0.000000] SLUB: Genslabs=15, HWalign=64, Order=0-3, MinObjects=0, CPUs=1, Nodes=1
[    0.000000] Hierarchical RCU implementation.
[    0.000000] 	RCU dyntick-idle grace-period acceleration is enabled.
[    0.000000] NR_IRQS:4352 nr_irqs:256 16
[    0.000000] Console: colour VGA+ 80x25
[    0.000000] console [tty0] enabled
[    0.000000] console [ttyS0] enabled
[    0.000000] allocated 1048576 bytes of page_cgroup
[    0.000000] please try 'cgroup_disable=memory' option if you don't want memory cgroups
[    0.000000] Fast TSC calibration failed
[    0.000000] TSC: Unable to calibrate against PIT
[    0.000000] TSC: using HPET reference calibration
[    0.000000] Detected 2293.408 MHz processor.
[    0.032814] Calibrating delay loop (skipped), value calculated using timer frequency.. 4586.81 BogoMIPS (lpj=9173632)
[    0.036209] pid_max: default: 32768 minimum: 301
[    0.044872] Security Framework initialized
[    0.048857] AppArmor: AppArmor initialized
[    0.049469] Yama: becoming mindful.
[    0.058316] Dentry cache hash table entries: 8192 (order: 4, 65536 bytes)
[    0.060412] Inode-cache hash table entries: 4096 (order: 3, 32768 bytes)
[    0.062131] Mount-cache hash table entries: 256
[    0.077284] Initializing cgroup subsys cpuacct
[    0.078126] Initializing cgroup subsys memory
[    0.080057] Initializing cgroup subsys devices
[    0.080799] Initializing cgroup subsys freezer
[    0.081436] Initializing cgroup subsys blkio
[    0.082143] Initializing cgroup subsys perf_event
[    0.086075] mce: CPU supports 10 MCE banks
[    0.089998] SMP alternatives: switching to UP code
[    0.461810] Freeing SMP alternatives: 24k freed
[    0.464028] ACPI: Core revision 20110623
[    0.508425] ftrace: allocating 26610 entries in 105 pages
[    0.537539] ..TIMER: vector=0x30 apic1=0 pin1=2 apic2=-1 pin2=-1
[    0.540148] CPU0: AMD QEMU Virtual CPU version 2.0.0 stepping 03
[    0.544033] Performance Events: Broken PMU hardware detected, using software events only.
[    0.553571] NMI watchdog disabled (cpu0): hardware events not enabled
[    0.555130] Brought up 1 CPUs
[    0.556217] Total of 1 processors activated (4586.81 BogoMIPS).
[    0.577765] devtmpfs: initialized
[    0.606190] EVM: security.selinux
[    0.606691] EVM: security.SMACK64
[    0.608074] EVM: security.capability
[    0.629256] print_constraints: dummy: 
[    0.631014] RTC time:  5:15:11, date: 12/21/15
[    0.634282] NET: Registered protocol family 16
[    0.643242] ACPI: bus type pci registered
[    0.648327] PCI: Using configuration type 1 for base access
[    0.682915] bio: create slab &lt;bio-0&gt; at 0
[    0.689197] ACPI: Added _OSI(Module Device)
[    0.689777] ACPI: Added _OSI(Processor Device)
[    0.690379] ACPI: Added _OSI(3.0 _SCP Extensions)
[    0.690997] ACPI: Added _OSI(Processor Aggregator Device)
[    0.776326] ACPI: Interpreter enabled
[    0.777105] ACPI: (supports S0 S3 S4 S5)
[    0.779052] ACPI: Using IOAPIC for interrupt routing
[    0.849641] ACPI: No dock devices found.
[    0.850371] HEST: Table not found.
[    0.850773] PCI: Using host bridge windows from ACPI; if necessary, use "pci=nocrs" and report a bug
[    0.857595] ACPI: PCI Root Bridge [PCI0] (domain 0000 [bus 00-ff])
[    0.864751] pci_root PNP0A03:00: host bridge window [io  0x0000-0x0cf7]
[    0.865676] pci_root PNP0A03:00: host bridge window [io  0x0d00-0xadff]
[    0.866504] pci_root PNP0A03:00: host bridge window [io  0xae0f-0xaeff]
[    0.867369] pci_root PNP0A03:00: host bridge window [io  0xaf20-0xafdf]
[    0.868141] pci_root PNP0A03:00: host bridge window [io  0xafe4-0xffff]
[    0.869974] pci_root PNP0A03:00: host bridge window [mem 0x000a0000-0x000bffff]
[    0.872053] pci_root PNP0A03:00: host bridge window [mem 0x04000000-0xfebfffff]
[    0.901840] pci 0000:00:01.3: quirk: [io  0xb000-0xb03f] claimed by PIIX4 ACPI
[    0.902779] pci 0000:00:01.3: quirk: [io  0xb100-0xb10f] claimed by PIIX4 SMB
[    0.973446]  pci0000:00: Unable to request _OSC control (_OSC support mask: 0x1e)
[    1.048379] ACPI: PCI Interrupt Link [LNKA] (IRQs 5 *10 11)
[    1.052830] ACPI: PCI Interrupt Link [LNKB] (IRQs 5 *10 11)
[    1.056341] ACPI: PCI Interrupt Link [LNKC] (IRQs 5 10 *11)
[    1.058547] ACPI: PCI Interrupt Link [LNKD] (IRQs 5 10 *11)
[    1.060856] ACPI: PCI Interrupt Link [LNKS] (IRQs *9)
[    1.070422] vgaarb: device added: PCI:0000:00:02.0,decodes=io+mem,owns=io+mem,locks=none
[    1.071347] vgaarb: loaded
[    1.072193] vgaarb: bridge control possible 0000:00:02.0
[    1.076419] i2c-core: driver [aat2870] using legacy suspend method
[    1.077209] i2c-core: driver [aat2870] using legacy resume method
[    1.080472] SCSI subsystem initialized
[    1.086475] usbcore: registered new interface driver usbfs
[    1.087444] usbcore: registered new interface driver hub
[    1.088988] usbcore: registered new device driver usb
[    1.094914] PCI: Using ACPI for IRQ routing
[    1.112246] NetLabel: Initializing
[    1.113353] NetLabel:  domain hash size = 128
[    1.113799] NetLabel:  protocols = UNLABELED CIPSOv4
[    1.115617] NetLabel:  unlabeled traffic allowed by default
[    1.117270] HPET: 3 timers in total, 0 timers will be used for per-cpu timer
[    1.118145] hpet0: at MMIO 0xfed00000, IRQs 2, 8, 0
[    1.120365] hpet0: 3 comparators, 64-bit 100.000000 MHz counter
[    1.135204] Switching to clocksource hpet
[    1.391501] AppArmor: AppArmor Filesystem Enabled
[    1.393699] pnp: PnP ACPI init
[    1.394316] ACPI: bus type pnp registered
[    1.422314] pnp: PnP ACPI: found 9 devices
[    1.422842] ACPI: ACPI bus type pnp unregistered
[    1.478959] NET: Registered protocol family 2
[    1.512033] IP route cache hash table entries: 512 (order: 0, 4096 bytes)
[    1.519039] TCP established hash table entries: 2048 (order: 3, 32768 bytes)
[    1.521076] TCP bind hash table entries: 2048 (order: 3, 32768 bytes)
[    1.522046] TCP: Hash tables configured (established 2048 bind 2048)
[    1.522767] TCP reno registered
[    1.523067] UDP hash table entries: 128 (order: 0, 4096 bytes)
[    1.525373] UDP-Lite hash table entries: 128 (order: 0, 4096 bytes)
[    1.527649] NET: Registered protocol family 1
[    1.529380] pci 0000:00:00.0: Limiting direct PCI/PCI transfers
[    1.530154] pci 0000:00:01.0: PIIX3: Enabling Passive Release
[    1.531028] pci 0000:00:01.0: Activating ISA DMA hang workarounds
[    1.535598] ACPI: PCI Interrupt Link [LNKD] enabled at IRQ 11
[    1.537276] pci 0000:00:01.2: PCI INT D -&gt; Link[LNKD] -&gt; GSI 11 (level, high) -&gt; IRQ 11
[    1.539177] pci 0000:00:01.2: PCI INT D disabled
[    1.555905] Trying to unpack rootfs image as initramfs...
[    1.571357] audit: initializing netlink socket (disabled)
[    1.573693] type=2000 audit(1450674911.572:1): initialized
[    1.851356] HugeTLB registered 2 MB page size, pre-allocated 0 pages
[    1.927740] VFS: Disk quotas dquot_6.5.2
[    1.930308] Dquot-cache hash table entries: 512 (order 0, 4096 bytes)
[    1.946506] fuse init (API version 7.17)
[    1.949952] msgmni has been set to 84
[    1.986894] Block layer SCSI generic (bsg) driver version 0.4 loaded (major 253)
[    1.989450] io scheduler noop registered
[    1.990201] io scheduler deadline registered (default)
[    1.991149] io scheduler cfq registered
[    1.995699] pci_hotplug: PCI Hot Plug PCI Core version: 0.5
[    1.998481] pciehp: PCI Express Hot Plug Controller Driver version: 0.4
[    2.005358] input: Power Button as /devices/LNXSYSTM:00/LNXPWRBN:00/input/input0
[    2.007003] ACPI: Power Button [PWRF]
[    2.058037] ERST: Table is not found!
[    2.058567] GHES: HEST is not enabled!
[    2.066981] ACPI: PCI Interrupt Link [LNKC] enabled at IRQ 10
[    2.067709] virtio-pci 0000:00:03.0: PCI INT A -&gt; Link[LNKC] -&gt; GSI 10 (level, high) -&gt; IRQ 10
[    2.071687] virtio-pci 0000:00:04.0: PCI INT A -&gt; Link[LNKD] -&gt; GSI 11 (level, high) -&gt; IRQ 11
[    2.089850] ACPI: PCI Interrupt Link [LNKA] enabled at IRQ 10
[    2.090544] virtio-pci 0000:00:05.0: PCI INT A -&gt; Link[LNKA] -&gt; GSI 10 (level, high) -&gt; IRQ 10
[    2.102520] Serial: 8250/16550 driver, 32 ports, IRQ sharing enabled
[    2.143314] serial8250: ttyS0 at I/O 0x3f8 (irq = 4) is a 16550A
[    2.229073] serial8250: ttyS1 at I/O 0x2f8 (irq = 3) is a 16550A
[    2.369278] 00:05: ttyS0 at I/O 0x3f8 (irq = 4) is a 16550A
[    2.451721] 00:06: ttyS1 at I/O 0x2f8 (irq = 3) is a 16550A
[    2.503648] Linux agpgart interface v0.103
[    2.546466] Refined TSC clocksource calibration: 2293.483 MHz.
[    2.548027] Switching to clocksource tsc
[    2.598763] brd: module loaded
[    2.633673] loop: module loaded
[    2.681473]  vda: unknown partition table
[    2.729341] scsi0 : ata_piix
[    2.731491] scsi1 : ata_piix
[    2.734026] ata1: PATA max MWDMA2 cmd 0x1f0 ctl 0x3f6 bmdma 0xc0a0 irq 14
[    2.734826] ata2: PATA max MWDMA2 cmd 0x170 ctl 0x376 bmdma 0xc0a8 irq 15
[    2.743709] Fixed MDIO Bus: probed
[    2.745402] tun: Universal TUN/TAP device driver, 1.6
[    2.746176] tun: (C) 1999-2004 Max Krasnyansky &lt;maxk@qualcomm.com&gt;
[    2.758988] PPP generic driver version 2.4.2
[    2.786473] ehci_hcd: USB 2.0 'Enhanced' Host Controller (EHCI) Driver
[    2.787490] ohci_hcd: USB 1.1 'Open' Host Controller (OHCI) Driver
[    2.789278] uhci_hcd: USB Universal Host Controller Interface driver
[    2.790286] uhci_hcd 0000:00:01.2: PCI INT D -&gt; Link[LNKD] -&gt; GSI 11 (level, high) -&gt; IRQ 11
[    2.793991] uhci_hcd 0000:00:01.2: UHCI Host Controller
[    2.801599] uhci_hcd 0000:00:01.2: new USB bus registered, assigned bus number 1
[    2.803614] uhci_hcd 0000:00:01.2: irq 11, io base 0x0000c040
[    2.836971] hub 1-0:1.0: USB hub found
[    2.839388] hub 1-0:1.0: 2 ports detected
[    2.851095] usbcore: registered new interface driver libusual
[    2.856026] i8042: PNP: PS/2 Controller [PNP0303:KBD,PNP0f13:MOU] at 0x60,0x64 irq 1,12
[    2.870929] serio: i8042 KBD port at 0x60,0x64 irq 1
[    2.872009] serio: i8042 AUX port at 0x60,0x64 irq 12
[    2.916600] mousedev: PS/2 mouse device common for all mice
[    2.931182] input: AT Translated Set 2 keyboard as /devices/platform/i8042/serio0/input/input1
[    2.961479] rtc_cmos 00:01: RTC can wake from S4
[    2.971845] ata2.01: ATAPI: QEMU DVD-ROM, 2.0.0, max UDMA/100
[    2.980693] rtc_cmos 00:01: rtc core: registered rtc_cmos as rtc0
[    2.985876] rtc0: alarms up to one day, 114 bytes nvram, hpet irqs
[    2.994129] device-mapper: uevent: version 1.0.3
[    3.007660] ata2.01: configured for MWDMA2
[    3.041666] scsi 1:0:1:0: CD-ROM            QEMU     QEMU DVD-ROM     2.0. PQ: 0 ANSI: 5
[    3.061120] device-mapper: ioctl: 4.22.0-ioctl (2011-10-19) initialised: dm-devel@redhat.com
[    3.064499] cpuidle: using governor ladder
[    3.065094] cpuidle: using governor menu
[    3.066214] EFI Variables Facility v0.08 2004-May-17
[    3.077788] TCP cubic registered
[    3.086817] NET: Registered protocol family 10
[    3.116720] NET: Registered protocol family 17
[    3.118296] Registering the dns_resolver key type
[    3.144977] sr0: scsi3-mmc drive: 4x/4x cd/rw xa/form2 tray
[    3.147326] cdrom: Uniform CD-ROM driver Revision: 3.20
[    3.167726] sr 1:0:1:0: Attached scsi generic sg0 type 5
[    3.213445] Freeing initrd memory: 3656k freed
[    3.230658] registered taskstats version 1
[    3.754195]   Magic number: 11:861:264
[    3.762402] rtc_cmos 00:01: setting system clock to 2015-12-21 05:15:14 UTC (1450674914)
[    3.764801] powernow-k8: Processor cpuid 663 not supported
[    3.772119] BIOS EDD facility v0.16 2004-Jun-25, 0 devices found
[    3.773240] EDD information not available.
[    3.837625] Freeing unused kernel memory: 928k freed
[    3.842786] Write protecting the kernel read-only data: 12288k
[    3.934183] Freeing unused kernel memory: 1596k freed
[    3.993379] Freeing unused kernel memory: 1184k freed

info: initramfs: up at 4.18
modprobe: module virtio_blk not found in modules.dep
modprobe: module virtio_net not found in modules.dep
info: copying initramfs to /dev/vda
info: initramfs loading root from /dev/vda
info: /etc/init.d/rc.sysinit: up at 8.86
info: container: none
Starting logging: OK
modprobe: module virtio_blk not found in modules.dep
modprobe: module virtio_net not found in modules.dep
WARN: /etc/rc3.d/S10-load-modules failed
Initializing random number generator... done.
Starting acpid: OK
cirros-ds 'local' up at 11.41
found datasource (configdrive, local)
Starting network...
udhcpc (v1.20.1) started
Sending discover...
Sending discover...
Sending discover...
Usage: /sbin/cirros-dhcpc &lt;up|down&gt;
No lease, failing
WARN: /etc/rc3.d/S40-network failed
Starting dropbear sshd: generating rsa key... generating dsa key... OK
no userdata for datasource
=== system information ===
Platform: OpenStack Foundation OpenStack Nova
Container: none
Arch: x86_64
CPU(s): 1 @ 2293.408 MHz
Cores/Sockets/Threads: 1/1/1
Virt-type: AMD-V
RAM Size: 49MB
Disks:
NAME MAJ:MIN     SIZE LABEL         MOUNTPOINT
vda  253:0   25165824 cirros-rootfs /
sr0   11:0     428032 config-2      
=== sshd host keys ===
-----BEGIN SSH HOST KEY KEYS-----
ssh-rsa AAAAB3NzaC1yc2EAAAADAQABAAAAgnUpiSqEiX8z4oMDpgWdjSH31b6wtkd7LkXlX8BhoRPvSthg1Gg1xgER4V6rWeJEUgQa8ZuzSwj4xj96a/C74Rz6tBZC/GvJTgrrZjvg9pzv3FzV5wudzkxEhyuoP96bQ3mQfp6Byhn/eeosapl4vAX6svjsg/AHHGUoRd5ak5fn0OU= root@tempest
ssh-dss AAAAB3NzaC1kc3MAAACBAJJCLLVPpjBNgX+uDjFg+K8hnooYKDh+SfYv9hgZa5Xrby/mAoOAOlyhwYHjAFd6MrtJxWAY3NEU/ls3f4y4SqCaSo2+X1ZQly5YNVQsYybk3r8I0t5mi5xE3lcbYwZwAJJCi6JkT4bBaIJ2IaXHHq3ZKKp1bU/UkXv7QZlUnpajAAAAFQCJGM1spMNVwbMtMTgSRfrBFopVsQAAAIBuWMdc+28who4rnzYUcfZIByC7ftHuxrltWAI1h9t+qQE4vpwhskaPQS2RiNzdNb1QzyQ+fWj5shLXNJd/WbBYCmoB93DVrpIdVlTEcM8HBPWOIqtvfkWRenw3NyYacPTvgzbKIu7DwZp6UZHo5X9qh7vaqntPjtBlA7fsMuvJnQAAAIAmmbf459DcaLVuiG5wEavxi3hXQjYYEoB28tSedTeuCu6p05njdEt/Nau6QwMqqA8abHTGd69aXb1kZEECkuzyHsbZoypqXjNQBMUGv2xuwtRfyFlfDOkhd2mXsDcK9KjmiPkpEseRtxy5KsrVSJtsNuB98XM1z1Xi/e1cywacEw== root@tempest
-----END SSH HOST KEY KEYS-----
=== network info ===
if-info: lo,up,127.0.0.1,8,::1
if-info: eth0,up,,8,fe80::f816:3eff:fe56:686c
=== datasource: configdrive local ===
instance-id: 2e10e360-9fe9-43d4-ab40-700078a5b9f1
name: tempest.common.compute-instance-342065155
availability-zone: nova
local-hostname: tempest.common.compute-instance-342065155.novalocal
launch-index: 0
=== cirros: current=0.3.4 uptime=204.78 ===
route: fscanf
=== pinging gateway failed, debugging connection ===
############ debug start ##############
### /etc/init.d/sshd start
Starting dropbear sshd: OK
route: fscanf
### ifconfig -a
eth0      Link encap:Ethernet  HWaddr FA:16:3E:56:68:6C  
          inet6 addr: fe80::f816:3eff:fe56:686c/64 Scope:Link
          UP BROADCAST RUNNING MULTICAST  MTU:1500  Metric:1
          RX packets:12 errors:0 dropped:5 overruns:0 frame:0
          TX packets:8 errors:0 dropped:0 overruns:0 carrier:0
          collisions:0 txqueuelen:1000 
          RX bytes:1283 (1.2 KiB)  TX bytes:1134 (1.1 KiB)

lo        Link encap:Local Loopback  
          inet addr:127.0.0.1  Mask:255.0.0.0
          inet6 addr: ::1/128 Scope:Host
          UP LOOPBACK RUNNING  MTU:16436  Metric:1
          RX packets:12 errors:0 dropped:0 overruns:0 frame:0
          TX packets:12 errors:0 dropped:0 overruns:0 carrier:0
          collisions:0 txqueuelen:0 
          RX bytes:1020 (1020.0 B)  TX bytes:1020 (1020.0 B)

### route -n
Kernel IP routing table
Destination     Gateway         Genmask         Flags Metric Ref    Use Iface
route: fscanf
### cat /etc/resolv.conf
cat: can't open '/etc/resolv.conf': No such file or directory
### gateway not found
/sbin/cirros-status: line 1: can't open /etc/resolv.conf: no such file
### pinging nameservers
### uname -a
Linux tempest 3.2.0-80-virtual #116-Ubuntu SMP Mon Mar 23 17:28:52 UTC 2015 x86_64 GNU/Linux
### lsmod
Module                  Size  Used by    Not tainted
nls_iso8859_1          12713  0 
nls_cp437              16991  0 
vfat                   17585  0 
fat                    61512  1 vfat
isofs                  40259  0 
ip_tables              27473  0 
x_tables               29891  1 ip_tables
pcnet32                42119  0 
8139cp                 27360  0 
ne2k_pci               13691  0 
8390                   18856  1 ne2k_pci
e1000                 108589  0 
acpiphp                24231  0 
### dmesg | tail
[    4.921736] EXT3-fs (vda): mounted filesystem with ordered data mode
[    5.205192] ISO 9660 Extensions: Microsoft Joliet Level 3
[    5.300643] ISO 9660 Extensions: RRIP_1991A
[    5.563542] kjournald starting.  Commit interval 5 seconds
[    5.579227] EXT3-fs (vda): using internal journal
[    5.579335] EXT3-fs (vda): mounted filesystem with ordered data mode
[    8.947425] EXT3-fs (vda): using internal journal
[   12.206230] ISO 9660 Extensions: Microsoft Joliet Level 3
[   12.313205] ISO 9660 Extensions: RRIP_1991A
[   26.698973] eth0: no IPv6 routers present
### tail -n 25 /var/log/messages
Dec 21 05:15:21 cirros kern.info kernel: [    4.479062] acpiphp: Slot [26] registered
Dec 21 05:15:21 cirros kern.info kernel: [    4.479336] acpiphp: Slot [27] registered
Dec 21 05:15:21 cirros kern.info kernel: [    4.479616] acpiphp: Slot [28] registered
Dec 21 05:15:21 cirros kern.info kernel: [    4.479927] acpiphp: Slot [29] registered
Dec 21 05:15:21 cirros kern.info kernel: [    4.480584] acpiphp: Slot [30] registered
Dec 21 05:15:21 cirros kern.info kernel: [    4.481339] acpiphp: Slot [31] registered
Dec 21 05:15:21 cirros kern.info kernel: [    4.543887] e1000: Intel(R) PRO/1000 Network Driver - version 7.3.21-k8-NAPI
Dec 21 05:15:21 cirros kern.info kernel: [    4.543925] e1000: Copyright (c) 1999-2006 Intel Corporation.
Dec 21 05:15:21 cirros kern.info kernel: [    4.585165] ne2k-pci.c:v1.03 9/22/2003 D. Becker/P. Gortmaker
Dec 21 05:15:21 cirros kern.info kernel: [    4.621679] 8139cp: 8139cp: 10/100 PCI Ethernet driver v1.3 (Mar 22, 2004)
Dec 21 05:15:21 cirros kern.info kernel: [    4.657430] pcnet32: pcnet32.c:v1.35 21.Apr.2008 tsbogend@alpha.franken.de
Dec 21 05:15:21 cirros kern.info kernel: [    4.706968] ip_tables: (C) 2000-2006 Netfilter Core Team
Dec 21 05:15:21 cirros kern.info kernel: [    4.911253] kjournald starting.  Commit interval 5 seconds
Dec 21 05:15:21 cirros kern.info kernel: [    4.921736] EXT3-fs (vda): mounted filesystem with ordered data mode
Dec 21 05:15:21 cirros kern.debug kernel: [    5.205192] ISO 9660 Extensions: Microsoft Joliet Level 3
Dec 21 05:15:21 cirros kern.debug kernel: [    5.300643] ISO 9660 Extensions: RRIP_1991A
Dec 21 05:15:21 cirros kern.info kernel: [    5.563542] kjournald starting.  Commit interval 5 seconds
Dec 21 05:15:21 cirros kern.info kernel: [    5.579227] EXT3-fs (vda): using internal journal
Dec 21 05:15:21 cirros kern.info kernel: [    5.579335] EXT3-fs (vda): mounted filesystem with ordered data mode
Dec 21 05:15:21 cirros kern.info kernel: [    8.947425] EXT3-fs (vda): using internal journal
Dec 21 05:15:22 cirros kern.debug kernel: [   12.206230] ISO 9660 Extensions: Microsoft Joliet Level 3
Dec 21 05:15:23 cirros kern.debug kernel: [   12.313205] ISO 9660 Extensions: RRIP_1991A
Dec 21 05:15:25 cirros auth.notice su: + /dev/console root:cirros
Dec 21 05:15:37 cirros kern.debug kernel: [   26.698973] eth0: no IPv6 routers present
Dec 21 05:18:33 cirros authpriv.info dropbear[283]: Running in background
############ debug end   ##############
  ____               ____  ____
 / __/ __ ____ ____ / __ \/ __/
/ /__ / // __// __// /_/ /\ \ 
\___//_//_/  /_/   \____/___/ 
   http://cirros-cloud.net


login as 'cirros' user. default password: 'cubswin:)'. use 'sudo' for root.
tempest login: 
2015-12-21 05:20:14,688 20266 INFO     [tempest_lib.common.rest_client] Request (TestGettingAddress:_run_cleanups): 204 DELETE http://10.0.2.15:9696/v2.0/floatingips/5aba63fb-9681-42b5-9331-b40f7f764191 0.318s
2015-12-21 05:20:14,688 20266 DEBUG    [tempest_lib.common.rest_client] Request - Headers: {'Content-Type': 'application/json', 'Accept': 'application/json', 'X-Auth-Token': '&lt;omitted&gt;'}
        Body: None
    Response - Headers: {'date': 'Mon, 21 Dec 2015 05:20:14 GMT', 'status': '204', 'connection': 'close', 'content-length': '0', 'x-openstack-request-id': 'req-fa4cb778-c786-4b0e-a68a-72e1c7c329e1'}
        Body: 
2015-12-21 05:20:15,016 20266 INFO     [tempest_lib.common.rest_client] Request (TestGettingAddress:_run_cleanups): 204 DELETE http://10.0.2.15:8774/v2.1/2ba481615d17418c9eecdbf61c9a8023/servers/2e10e360-9fe9-43d4-ab40-700078a5b9f1 0.327s
2015-12-21 05:20:15,017 20266 DEBUG    [tempest_lib.common.rest_client] Request - Headers: {'Content-Type': 'application/json', 'Accept': 'application/json', 'X-Auth-Token': '&lt;omitted&gt;'}
        Body: None
    Response - Headers: {'status': '204', 'content-length': '0', 'x-compute-request-id': 'req-109c52b3-addf-4d44-afd0-db24b565f0f7', 'vary': 'X-OpenStack-Nova-API-Version', 'connection': 'close', 'x-openstack-nova-api-version': '2.1', 'date': 'Mon, 21 Dec 2015 05:20:15 GMT', 'content-type': 'application/json'}
        Body: 
2015-12-21 05:20:15,215 20266 INFO     [tempest_lib.common.rest_client] Request (TestGettingAddress:_run_cleanups): 200 GET http://10.0.2.15:8774/v2.1/2ba481615d17418c9eecdbf61c9a8023/servers/2e10e360-9fe9-43d4-ab40-700078a5b9f1 0.197s
2015-12-21 05:20:15,216 20266 DEBUG    [tempest_lib.common.rest_client] Request - Headers: {'Content-Type': 'application/json', 'Accept': 'application/json', 'X-Auth-Token': '&lt;omitted&gt;'}
        Body: None
    Response - Headers: {'status': '200', 'content-length': '1901', 'content-location': 'http://10.0.2.15:8774/v2.1/2ba481615d17418c9eecdbf61c9a8023/servers/2e10e360-9fe9-43d4-ab40-700078a5b9f1', 'x-compute-request-id': 'req-faf4d0cc-0cdf-486c-9f57-e75b0edc6505', 'vary': 'X-OpenStack-Nova-API-Version', 'connection': 'close', 'x-openstack-nova-api-version': '2.1', 'date': 'Mon, 21 Dec 2015 05:20:15 GMT', 'content-type': 'application/json'}
        Body: {"server": {"status": "ACTIVE", "updated": "2015-12-21T05:20:14Z", "hostId": "35de9d907574fa5ff0d0d59b16b1abe468bdd63ac1a9dd2a9144e456", "addresses": {"tempest-network-smoke--707190860": [{"OS-EXT-IPS-MAC:mac_addr": "fa:16:3e:56:68:6c", "version": 6, "addr": "2003::f816:3eff:fe56:686c", "OS-EXT-IPS:type": "fixed"}, {"OS-EXT-IPS-MAC:mac_addr": "fa:16:3e:56:68:6c", "version": 4, "addr": "10.100.0.3", "OS-EXT-IPS:type": "fixed"}, {"OS-EXT-IPS-MAC:mac_addr": "fa:16:3e:56:68:6c", "version": 4, "addr": "172.24.4.4", "OS-EXT-IPS:type": "floating"}]}, "links": [{"href": "http://10.0.2.15:8774/v2.1/2ba481615d17418c9eecdbf61c9a8023/servers/2e10e360-9fe9-43d4-ab40-700078a5b9f1", "rel": "self"}, {"href": "http://10.0.2.15:8774/2ba481615d17418c9eecdbf61c9a8023/servers/2e10e360-9fe9-43d4-ab40-700078a5b9f1", "rel": "bookmark"}], "key_name": "tempest-TestGettingAddress-37213610", "image": {"id": "85b12bc4-11fd-4c33-b15a-91016cd03274", "links": [{"href": "http://10.0.2.15:8774/2ba481615d17418c9eecdbf61c9a8023/images/85b12bc4-11fd-4c33-b15a-91016cd03274", "rel": "bookmark"}]}, "OS-EXT-STS:task_state": "deleting", "OS-EXT-STS:vm_state": "active", "OS-SRV-USG:launched_at": "2015-12-21T05:15:08.000000", "flavor": {"id": "42", "links": [{"href": "http://10.0.2.15:8774/2ba481615d17418c9eecdbf61c9a8023/flavors/42", "rel": "bookmark"}]}, "id": "2e10e360-9fe9-43d4-ab40-700078a5b9f1", "security_groups": [{"name": "tempest-secgroup-smoke-1395415004"}], "OS-SRV-USG:terminated_at": null, "OS-EXT-AZ:availability_zone": "nova", "user_id": "1dfbff99398f44a3aa60f6ea50691997", "name": "tempest.common.compute-instance-342065155", "created": "2015-12-21T05:15:04Z", "tenant_id": "2ba481615d17418c9eecdbf61c9a8023", "OS-DCF:diskConfig": "MANUAL", "os-extended-volumes:volumes_attached": [], "accessIPv4": "", "accessIPv6": "", "progress": 0, "OS-EXT-STS:power_state": 1, "config_drive": "True", "metadata": {}}}
2015-12-21 05:20:16,363 20266 INFO     [tempest_lib.common.rest_client] Request (TestGettingAddress:_run_cleanups): 200 GET http://10.0.2.15:8774/v2.1/2ba481615d17418c9eecdbf61c9a8023/servers/2e10e360-9fe9-43d4-ab40-700078a5b9f1 0.131s
2015-12-21 05:20:16,363 20266 DEBUG    [tempest_lib.common.rest_client] Request - Headers: {'Content-Type': 'application/json', 'Accept': 'application/json', 'X-Auth-Token': '&lt;omitted&gt;'}
        Body: None
    Response - Headers: {'status': '200', 'content-length': '1833', 'content-location': 'http://10.0.2.15:8774/v2.1/2ba481615d17418c9eecdbf61c9a8023/servers/2e10e360-9fe9-43d4-ab40-700078a5b9f1', 'x-compute-request-id': 'req-f25548c1-6570-4a3b-8eb7-e3297740b8e7', 'vary': 'X-OpenStack-Nova-API-Version', 'connection': 'close', 'x-openstack-nova-api-version': '2.1', 'date': 'Mon, 21 Dec 2015 05:20:16 GMT', 'content-type': 'application/json'}
        Body: {"server": {"status": "ACTIVE", "updated": "2015-12-21T05:20:15Z", "hostId": "35de9d907574fa5ff0d0d59b16b1abe468bdd63ac1a9dd2a9144e456", "addresses": {"tempest-network-smoke--707190860": [{"OS-EXT-IPS-MAC:mac_addr": "fa:16:3e:56:68:6c", "version": 6, "addr": "2003::f816:3eff:fe56:686c", "OS-EXT-IPS:type": "fixed"}, {"OS-EXT-IPS-MAC:mac_addr": "fa:16:3e:56:68:6c", "version": 4, "addr": "10.100.0.3", "OS-EXT-IPS:type": "fixed"}, {"OS-EXT-IPS-MAC:mac_addr": "fa:16:3e:56:68:6c", "version": 4, "addr": "172.24.4.4", "OS-EXT-IPS:type": "floating"}]}, "links": [{"href": "http://10.0.2.15:8774/v2.1/2ba481615d17418c9eecdbf61c9a8023/servers/2e10e360-9fe9-43d4-ab40-700078a5b9f1", "rel": "self"}, {"href": "http://10.0.2.15:8774/2ba481615d17418c9eecdbf61c9a8023/servers/2e10e360-9fe9-43d4-ab40-700078a5b9f1", "rel": "bookmark"}], "key_name": "tempest-TestGettingAddress-37213610", "image": {"id": "85b12bc4-11fd-4c33-b15a-91016cd03274", "links": [{"href": "http://10.0.2.15:8774/2ba481615d17418c9eecdbf61c9a8023/images/85b12bc4-11fd-4c33-b15a-91016cd03274", "rel": "bookmark"}]}, "OS-EXT-STS:task_state": "deleting", "OS-EXT-STS:vm_state": "active", "OS-SRV-USG:launched_at": "2015-12-21T05:15:08.000000", "flavor": {"id": "42", "links": [{"href": "http://10.0.2.15:8774/2ba481615d17418c9eecdbf61c9a8023/flavors/42", "rel": "bookmark"}]}, "id": "2e10e360-9fe9-43d4-ab40-700078a5b9f1", "OS-SRV-USG:terminated_at": null, "OS-EXT-AZ:availability_zone": "nova", "user_id": "1dfbff99398f44a3aa60f6ea50691997", "name": "tempest.common.compute-instance-342065155", "created": "2015-12-21T05:15:04Z", "tenant_id": "2ba481615d17418c9eecdbf61c9a8023", "OS-DCF:diskConfig": "MANUAL", "os-extended-volumes:volumes_attached": [], "accessIPv4": "", "accessIPv6": "", "progress": 0, "OS-EXT-STS:power_state": 1, "config_drive": "True", "metadata": {}}}
2015-12-21 05:20:17,452 20266 INFO     [tempest_lib.common.rest_client] Request (TestGettingAddress:_run_cleanups): 404 GET http://10.0.2.15:8774/v2.1/2ba481615d17418c9eecdbf61c9a8023/servers/2e10e360-9fe9-43d4-ab40-700078a5b9f1 0.078s
