<?xml version="1.0" encoding="UTF-8"?>
<!DOCTYPE html PUBLIC "-//W3C//DTD XHTML 1.0 Strict//EN"
     "http://www.w3.org/TR/xhtml1/DTD/xhtml1-strict.dtd">
<html xmlns="http://www.w3.org/1999/xhtml">
<head>
    <title>Unit Test Report</title>
    <meta name="generator" content="subunit2html 0.1"/>
    <meta http-equiv="Content-Type" content="text/html; charset=UTF-8"/>
    
<style type="text/css" media="screen">
body        { font-family: verdana, arial, helvetica, sans-serif;
    font-size: 80%; }
table       { font-size: 100%; width: 100%;}
pre         { font-size: 80%; }

/* -- heading -------------------------------------------------------------- */
h1 {
        font-size: 16pt;
        color: gray;
}
.heading {
    margin-top: 0ex;
    margin-bottom: 1ex;
}

.heading .attribute {
    margin-top: 1ex;
    margin-bottom: 0;
}

.heading .description {
    margin-top: 4ex;
    margin-bottom: 6ex;
}

/* -- css div popup -------------------------------------------------------- */
a.popup_link {
}

a.popup_link:hover {
    color: red;
}

.popup_window {
    display: none;
    overflow-x: scroll;
    /*border: solid #627173 1px; */
    padding: 10px;
    background-color: #E6E6D6;
    font-family: "Ubuntu Mono", "Lucida Console", "Courier New", monospace;
    text-align: left;
    font-size: 8pt;
}

}
/* -- report --------------------------------------------------------------- */
#show_detail_line {
    margin-top: 3ex;
    margin-bottom: 1ex;
}
#result_table {
    width: 100%;
    border-collapse: collapse;
    border: 1px solid #777;
}
#header_row {
    font-weight: bold;
    color: white;
    background-color: #777;
}
#result_table td {
    border: 1px solid #777;
    padding: 2px;
}
#total_row  { font-weight: bold; }
.passClass  { background-color: #6c6; }
.failClass  { background-color: #c60; }
.errorClass { background-color: #c00; }
.passCase   { color: #6c6; }
.failCase   { color: #c60; font-weight: bold; }
.errorCase  { color: #c00; font-weight: bold; }
.hiddenRow  { display: none; }
.testcase   { margin-left: 2em; }
td.testname {width: 40%}
td.small {width: 40px}

/* -- ending --------------------------------------------------------------- */
#ending {
}

</style>

</head>
<body>
<script language="javascript" type="text/javascript"><!--
output_list = Array();

/* level - 0:Summary; 1:Failed; 2:All */
function showCase(level) {
    trs = document.getElementsByTagName("tr");
    for (var i = 0; i < trs.length; i++) {
        tr = trs[i];
        id = tr.id;
        if (id.substr(0,2) == 'ft') {
            if (level < 1) {
                tr.className = 'hiddenRow';
            }
            else {
                tr.className = '';
            }
        }
        if (id.substr(0,2) == 'pt') {
            if (level > 1) {
                tr.className = '';
            }
            else {
                tr.className = 'hiddenRow';
            }
        }
    }
}


function showClassDetail(cid, count) {
    var id_list = Array(count);
    var toHide = 1;
    for (var i = 0; i < count; i++) {
        tid0 = 't' + cid.substr(1) + '.' + (i+1);
        tid = 'f' + tid0;
        tr = document.getElementById(tid);
        if (!tr) {
            tid = 'p' + tid0;
            tr = document.getElementById(tid);
        }
        id_list[i] = tid;
        if (tr.className) {
            toHide = 0;
        }
    }
    for (var i = 0; i < count; i++) {
        tid = id_list[i];
        if (toHide) {
            document.getElementById('div_'+tid).style.display = 'none'
            document.getElementById(tid).className = 'hiddenRow';
        }
        else {
            document.getElementById(tid).className = '';
        }
    }
}


function showTestDetail(div_id){
    var details_div = document.getElementById(div_id)
    var displayState = details_div.style.display
    // alert(displayState)
    if (displayState != 'block' ) {
        displayState = 'block'
        details_div.style.display = 'block'
    }
    else {
        details_div.style.display = 'none'
    }
}


function html_escape(s) {
    s = s.replace(/&/g,'&amp;');
    s = s.replace(/</g,'&lt;');
    s = s.replace(/>/g,'&gt;');
    return s;
}

/* obsoleted by detail in <div>
function showOutput(id, name) {
    var w = window.open("", //url
                    name,
                    "resizable,scrollbars,status,width=800,height=450");
    d = w.document;
    d.write("<pre>");
    d.write(html_escape(output_list[id]));
    d.write("\n");
    d.write("<a href='javascript:window.close()'>close</a>\n");
    d.write("</pre>\n");
    d.close();
}
*/
--></script>

<div class='heading'>
<h1>Unit Test Report</h1>

<p class='attribute'><strong>Status:</strong> Pass 2 Failure 6</p>

<p class='description'></p>
</div>



<p id='show_detail_line'>Show
<a href='javascript:showCase(0)'>Summary</a>
<a href='javascript:showCase(1)'>Failed</a>
<a href='javascript:showCase(2)'>All</a>
</p>
<table id='result_table'>
<colgroup>
<col align='left' />
<col align='right' />
<col align='right' />
<col align='right' />
<col align='right' />
<col align='right' />
<col align='right' />
<col align='right' />
</colgroup>
<tr id='header_row'>
    <td>Test Group/Test case</td>
    <td>Count</td>
    <td>Pass</td>
    <td>Fail</td>
    <td>Error</td>
    <td>Skip</td>
    <td>View</td>
    <td> </td>
</tr>

<tr class='failClass'>
    <td class="testname">tempest.scenario.test_network_v6.TestGettingAddress</td>
    <td class="small">8</td>
    <td class="small">2</td>
    <td class="small">6</td>
    <td class="small">0</td>
    <td class="small">0</td>
    <td class="small"><a href="javascript:showClassDetail('c1',8)"
>Detail</a></td>
    <td> </td>
</tr>

<tr id='ft1.1' class='none'>
    <td class='failCase'><div class='testcase'>test_dhcp6_stateless_from_os[compute,id-d7e1f858-187c-45a6-89c9-bdafde619a9f,network]</div></td>
    <td colspan='7' align='left'>

    <!--css div popup start-->
    <a class="popup_link" onfocus='this.blur();'
    href="javascript:showTestDetail('div_ft1.1')" >
        fail</a>

    <div id='div_ft1.1' class="popup_window">
        <div style='text-align: right; color:red;cursor:pointer'>
        <a onfocus='this.blur();'
onclick="document.getElementById('div_ft1.1').style.display = 'none' " >
           [x]</a>
        </div>
        <pre>
        
ft1.1: tempest.scenario.test_network_v6.TestGettingAddress.test_dhcp6_stateless_from_os[compute,id-d7e1f858-187c-45a6-89c9-bdafde619a9f,network]_StringException: Empty attachments:
  stderr
  stdout

pythonlogging:'': {{{
2015-12-08 01:34:44,220 27314 INFO     [tempest_lib.common.rest_client] Request (TestGettingAddress:setUp): 200 POST http://10.0.2.15:8774/v2.1/af12ee83fb734f4fa301c79b6b7be6ab/os-keypairs 0.428s
2015-12-08 01:34:44,221 27314 DEBUG    [tempest_lib.common.rest_client] Request - Headers: {'Content-Type': 'application/json', 'Accept': 'application/json', 'X-Auth-Token': '&lt;omitted&gt;'}
        Body: {"keypair": {"name": "tempest-TestGettingAddress-1983042564"}}
    Response - Headers: {'status': '200', 'content-length': '2320', 'x-compute-request-id': 'req-b950f318-d718-4535-ace3-6a7d7f3dc163', 'vary': 'X-OpenStack-Nova-API-Version', 'connection': 'close', 'x-openstack-nova-api-version': '2.1', 'date': 'Tue, 08 Dec 2015 01:34:44 GMT', 'content-type': 'application/json'}
        Body: {"keypair": {"public_key": "ssh-rsa AAAAB3NzaC1yc2EAAAADAQABAAABAQC17teQFRL4pye8Dozy9QlCn2K934sT7HCs3KRV1FQE/7DB/j623aRWmLkKFDbJqxBB40OWlO36FPE0Jfl0qGTbNG9B4VMxz4n40jOAZoPWT0Vb/C0LN8+eT0V1lLPFNe6TLnCcad1O95QXF+sVqHheq+ycQPcxKCMkBDCqQzJ6XnaqPnfjrDeSDga2hmT4gTJ6EkaZGxyh8EYeIyk/vXSISx+5Tr+/eXqtvqiglgkm5DmDGXZwtLOMEYfdTZVLxKgveNWAGb6N+5/+/dDOevht1iy3Epi/wIUUQm6Tr+g24JiWp5xKzvR5GXT+nacjdfNCzLm6At+YFvzxsehEuSKL Generated-by-Nova", "private_key": "-----BEGIN RSA PRIVATE KEY-----\nMIIEqAIBAAKCAQEAte7XkBUS+KcnvA6M8vUJQp9ivd+LE+xwrNykVdRUBP+wwf4+\ntt2kVpi5ChQ2yasQQeNDlpTt+hTxNCX5dKhk2zRvQeFTMc+J+NIzgGaD1k9FW/wt\nCzfPnk9FdZSzxTXuky5wnGndTveUFxfrFah4XqvsnED3MSgjJAQwqkMyel52qj53\n46w3kg4GtoZk+IEyehJGmRscofBGHiMpP710iEsfuU6/v3l6rb6ooJYJJuQ5gxl2\ncLSzjBGH3U2VS8SoL3jVgBm+jfuf/v3Qznr4bdYstxKYv8CFFEJuk6/oNuCYlqec\nSs70eRl0/p2nI3XzQsy5ugLfmBb88bHoRLkiiwIDAQABAoIBAB8DjDO/o/BHbnqc\ncGKqat20lfyQMwE+eSa+pjULcRc5D0TCtqYtumoYttKFB6HxS2AwAcGVucu77jJZ\nluDQJAFKOv0cEDaZjoegLa9hym+qK8S2hGc5KGdwVALrSon/25+zdvbzBQsFIXWe\nWjDi+0IIRNmOKZVzpinpnPIpal15m1iy/2hGY+9SPQYJlHpdI+GD55ODxceqba9r\n2Dy2wgVvT67dTAv5H1x/kuNkVSueIfpb7ioFTxwSZqaXoqgGbP5ICD84mMJ7OhVv\n0QbflTJ7Po/h1mDZTg+krffhhUqmX9aEMVRHJpqtNQbUpJrUBWQm3K9acg3LffrD\nYPCngwECggCBANBBkyZQOUc1XtnSMQO1hDBNT85Q7PpXbfQc89l+fwopaAYL8b7U\nSbggnQ7cEhLhxvUBTlgIYdYG7q1ZBzimsnWEF+t7A2MzlRauX2H2SDCaiAjC8ZAD\nR2KDrbLPZuC6C5moywCh5S+EmG4mv2KTYXHCL3zraultoWlMEK3Qv6/rAoIAgQDf\npGBXF5QFxU6+WK3dF7BUygyYjwvqe//cRhOMDYart9sxLvHhc3RtRcEZYP44cq8m\nbpfewJomLEkDMKFw6LCPIsj6t/veQu+8K3Q2x6+d4/oRACCGJ3HrRgAej5gC5pzY\nIzSx1If/BjLCAeafIfwesQDxI30S2WYABsF/p2JP4QKCAIAJx+qnVAE8rO8Ff++5\nYt8QfbEP2ZEnuM97NZjmUCCbU5KFJi52bfYAZde6iO94X44+l48cZ1hg+vZewd2q\n9XlQN6H/90kTcarA4/Oq4CxHzBozfyRlRSInKFQSH9ePGm3NC7ZtEy12a93U3pEC\nijV7aElerpfY2sNH9MCbyUAXfQKCAIEAnV2J2N6jbqgWr4Ow24kGr7L4yASn6thU\nAohgysTdxUj6+JHC69QU0asqpBQG7mtsaYuaW8iE72Vr/s2iW9OwIRfl+d2qYgwR\nqwOco8tA/MXlOT8wo5Vv6JB6FwcNfMUPCltDgfo9s6qF3tP9lm4QfPwp4IQLR08o\nIc6fK5b5a6ECggCABwRLbqUZpIHnRLLW+ZxMRQR+2EQlDmv2XvoJ9k4puiks3/0T\nu/Mc1Knv1eBiE5epMNrJGKz+0Ii8moKAFh3D+Ve8soehk5oazNY8xmuVnlOg3quj\np7xV5BYK2OVBQa7atnMS8zxKKcCNPlPgXk0Tpf3xQG50tDh2CGyqPmuXlNY=\n-----END RSA PRIVATE KEY-----\n", "user_id": "5bacd450390b49c1b323c8d616ea832c", "name": "tempest-TestGettingAddress-1983042564", "fingerprint": "68:d7:01:6d:57:fa:c3:be:84:25:38:8a:60:1a:5b:48"}}
2015-12-08 01:34:44,534 27314 INFO     [tempest_lib.common.rest_client] Request (TestGettingAddress:setUp): 201 POST http://10.0.2.15:9696/v2.0/security-groups 0.308s
2015-12-08 01:34:44,534 27314 DEBUG    [tempest_lib.common.rest_client] Request - Headers: {'Content-Type': 'application/json', 'Accept': 'application/json', 'X-Auth-Token': '&lt;omitted&gt;'}
        Body: {"security_group": {"tenant_id": "af12ee83fb734f4fa301c79b6b7be6ab", "description": "tempest-secgroup-smoke-2009771725 description", "name": "tempest-secgroup-smoke-2009771725"}}
    Response - Headers: {'status': '201', 'content-length': '888', 'connection': 'close', 'date': 'Tue, 08 Dec 2015 01:34:44 GMT', 'content-type': 'application/json; charset=UTF-8', 'x-openstack-request-id': 'req-40776dcb-c431-4e20-9c9b-3b33705d6596'}
        Body: {"security_group": {"tenant_id": "af12ee83fb734f4fa301c79b6b7be6ab", "description": "tempest-secgroup-smoke-2009771725 description", "id": "b77f7ccc-f37d-4271-8ad0-ded5822dd081", "security_group_rules": [{"remote_group_id": null, "direction": "egress", "remote_ip_prefix": null, "protocol": null, "ethertype": "IPv4", "tenant_id": "af12ee83fb734f4fa301c79b6b7be6ab", "port_range_max": null, "port_range_min": null, "id": "3ac54514-a8cb-4d7f-b6f3-c37cd895838c", "security_group_id": "b77f7ccc-f37d-4271-8ad0-ded5822dd081"}, {"remote_group_id": null, "direction": "egress", "remote_ip_prefix": null, "protocol": null, "ethertype": "IPv6", "tenant_id": "af12ee83fb734f4fa301c79b6b7be6ab", "port_range_max": null, "port_range_min": null, "id": "755aac25-8861-496c-8879-ee9856f4a854", "security_group_id": "b77f7ccc-f37d-4271-8ad0-ded5822dd081"}], "name": "tempest-secgroup-smoke-2009771725"}}
2015-12-08 01:34:44,771 27314 INFO     [tempest_lib.common.rest_client] Request (TestGettingAddress:setUp): 201 POST http://10.0.2.15:9696/v2.0/security-group-rules 0.235s
2015-12-08 01:34:44,772 27314 DEBUG    [tempest_lib.common.rest_client] Request - Headers: {'Content-Type': 'application/json', 'Accept': 'application/json', 'X-Auth-Token': '&lt;omitted&gt;'}
        Body: {"security_group_rule": {"direction": "ingress", "protocol": "tcp", "tenant_id": "af12ee83fb734f4fa301c79b6b7be6ab", "port_range_max": 22, "security_group_id": "b77f7ccc-f37d-4271-8ad0-ded5822dd081", "port_range_min": 22}}
    Response - Headers: {'status': '201', 'content-length': '340', 'connection': 'close', 'date': 'Tue, 08 Dec 2015 01:34:44 GMT', 'content-type': 'application/json; charset=UTF-8', 'x-openstack-request-id': 'req-f6c5892a-634d-484e-93d5-6bf0126e7365'}
        Body: {"security_group_rule": {"remote_group_id": null, "direction": "ingress", "remote_ip_prefix": null, "protocol": "tcp", "ethertype": "IPv4", "tenant_id": "af12ee83fb734f4fa301c79b6b7be6ab", "port_range_max": 22, "port_range_min": 22, "id": "c243a90c-012d-4726-a639-f419ab38f656", "security_group_id": "b77f7ccc-f37d-4271-8ad0-ded5822dd081"}}
2015-12-08 01:34:44,887 27314 INFO     [tempest_lib.common.rest_client] Request (TestGettingAddress:setUp): 201 POST http://10.0.2.15:9696/v2.0/security-group-rules 0.113s
2015-12-08 01:34:44,887 27314 DEBUG    [tempest_lib.common.rest_client] Request - Headers: {'Content-Type': 'application/json', 'Accept': 'application/json', 'X-Auth-Token': '&lt;omitted&gt;'}
        Body: {"security_group_rule": {"direction": "egress", "protocol": "tcp", "tenant_id": "af12ee83fb734f4fa301c79b6b7be6ab", "port_range_max": 22, "security_group_id": "b77f7ccc-f37d-4271-8ad0-ded5822dd081", "port_range_min": 22}}
    Response - Headers: {'status': '201', 'content-length': '339', 'connection': 'close', 'date': 'Tue, 08 Dec 2015 01:34:44 GMT', 'content-type': 'application/json; charset=UTF-8', 'x-openstack-request-id': 'req-b0338b96-8af9-42a4-9483-475d1781d591'}
        Body: {"security_group_rule": {"remote_group_id": null, "direction": "egress", "remote_ip_prefix": null, "protocol": "tcp", "ethertype": "IPv4", "tenant_id": "af12ee83fb734f4fa301c79b6b7be6ab", "port_range_max": 22, "port_range_min": 22, "id": "f03f54e2-63b5-43da-a3c7-458f09e63583", "security_group_id": "b77f7ccc-f37d-4271-8ad0-ded5822dd081"}}
2015-12-08 01:34:44,997 27314 INFO     [tempest_lib.common.rest_client] Request (TestGettingAddress:setUp): 201 POST http://10.0.2.15:9696/v2.0/security-group-rules 0.108s
2015-12-08 01:34:44,998 27314 DEBUG    [tempest_lib.common.rest_client] Request - Headers: {'Content-Type': 'application/json', 'Accept': 'application/json', 'X-Auth-Token': '&lt;omitted&gt;'}
        Body: {"security_group_rule": {"tenant_id": "af12ee83fb734f4fa301c79b6b7be6ab", "direction": "ingress", "protocol": "icmp", "security_group_id": "b77f7ccc-f37d-4271-8ad0-ded5822dd081"}}
    Response - Headers: {'status': '201', 'content-length': '345', 'connection': 'close', 'date': 'Tue, 08 Dec 2015 01:34:44 GMT', 'content-type': 'application/json; charset=UTF-8', 'x-openstack-request-id': 'req-adaebef1-f032-452f-ba68-dbcef215e633'}
        Body: {"security_group_rule": {"remote_group_id": null, "direction": "ingress", "remote_ip_prefix": null, "protocol": "icmp", "ethertype": "IPv4", "tenant_id": "af12ee83fb734f4fa301c79b6b7be6ab", "port_range_max": null, "port_range_min": null, "id": "6fe76893-86c1-497d-ae8f-f596bde29428", "security_group_id": "b77f7ccc-f37d-4271-8ad0-ded5822dd081"}}
2015-12-08 01:34:45,109 27314 INFO     [tempest_lib.common.rest_client] Request (TestGettingAddress:setUp): 201 POST http://10.0.2.15:9696/v2.0/security-group-rules 0.110s
2015-12-08 01:34:45,110 27314 DEBUG    [tempest_lib.common.rest_client] Request - Headers: {'Content-Type': 'application/json', 'Accept': 'application/json', 'X-Auth-Token': '&lt;omitted&gt;'}
        Body: {"security_group_rule": {"tenant_id": "af12ee83fb734f4fa301c79b6b7be6ab", "direction": "egress", "protocol": "icmp", "security_group_id": "b77f7ccc-f37d-4271-8ad0-ded5822dd081"}}
    Response - Headers: {'status': '201', 'content-length': '344', 'connection': 'close', 'date': 'Tue, 08 Dec 2015 01:34:45 GMT', 'content-type': 'application/json; charset=UTF-8', 'x-openstack-request-id': 'req-bb0ea26f-4077-48b8-99e7-ede38c1d29a4'}
        Body: {"security_group_rule": {"remote_group_id": null, "direction": "egress", "remote_ip_prefix": null, "protocol": "icmp", "ethertype": "IPv4", "tenant_id": "af12ee83fb734f4fa301c79b6b7be6ab", "port_range_max": null, "port_range_min": null, "id": "5a3d30f3-0975-4bfe-803c-a61ba32df28b", "security_group_id": "b77f7ccc-f37d-4271-8ad0-ded5822dd081"}}
2015-12-08 01:34:45,213 27314 INFO     [tempest_lib.common.rest_client] Request (TestGettingAddress:setUp): 201 POST http://10.0.2.15:9696/v2.0/security-group-rules 0.100s
2015-12-08 01:34:45,213 27314 DEBUG    [tempest_lib.common.rest_client] Request - Headers: {'Content-Type': 'application/json', 'Accept': 'application/json', 'X-Auth-Token': '&lt;omitted&gt;'}
        Body: {"security_group_rule": {"tenant_id": "af12ee83fb734f4fa301c79b6b7be6ab", "direction": "ingress", "security_group_id": "b77f7ccc-f37d-4271-8ad0-ded5822dd081", "protocol": "icmp", "ethertype": "IPv6"}}
    Response - Headers: {'status': '201', 'content-length': '345', 'connection': 'close', 'date': 'Tue, 08 Dec 2015 01:34:45 GMT', 'content-type': 'application/json; charset=UTF-8', 'x-openstack-request-id': 'req-bc529181-e75c-4da2-8cba-c05e82da58c2'}
        Body: {"security_group_rule": {"remote_group_id": null, "direction": "ingress", "remote_ip_prefix": null, "protocol": "icmp", "ethertype": "IPv6", "tenant_id": "af12ee83fb734f4fa301c79b6b7be6ab", "port_range_max": null, "port_range_min": null, "id": "e0100318-73c4-49f4-a112-6140f0a5dff8", "security_group_id": "b77f7ccc-f37d-4271-8ad0-ded5822dd081"}}
2015-12-08 01:34:45,328 27314 INFO     [tempest_lib.common.rest_client] Request (TestGettingAddress:setUp): 201 POST http://10.0.2.15:9696/v2.0/security-group-rules 0.113s
2015-12-08 01:34:45,328 27314 DEBUG    [tempest_lib.common.rest_client] Request - Headers: {'Content-Type': 'application/json', 'Accept': 'application/json', 'X-Auth-Token': '&lt;omitted&gt;'}
        Body: {"security_group_rule": {"tenant_id": "af12ee83fb734f4fa301c79b6b7be6ab", "direction": "egress", "security_group_id": "b77f7ccc-f37d-4271-8ad0-ded5822dd081", "protocol": "icmp", "ethertype": "IPv6"}}
    Response - Headers: {'status': '201', 'content-length': '344', 'connection': 'close', 'date': 'Tue, 08 Dec 2015 01:34:45 GMT', 'content-type': 'application/json; charset=UTF-8', 'x-openstack-request-id': 'req-b3ea4f72-b78b-40f1-8d38-d05a6233926f'}
        Body: {"security_group_rule": {"remote_group_id": null, "direction": "egress", "remote_ip_prefix": null, "protocol": "icmp", "ethertype": "IPv6", "tenant_id": "af12ee83fb734f4fa301c79b6b7be6ab", "port_range_max": null, "port_range_min": null, "id": "0257f344-c917-4377-a512-3bfc4074c63d", "security_group_id": "b77f7ccc-f37d-4271-8ad0-ded5822dd081"}}
2015-12-08 01:34:45,465 27314 INFO     [tempest_lib.common.rest_client] Request (TestGettingAddress:test_dhcp6_stateless_from_os): 201 POST http://10.0.2.15:9696/v2.0/networks 0.133s
2015-12-08 01:34:45,465 27314 DEBUG    [tempest_lib.common.rest_client] Request - Headers: {'Content-Type': 'application/json', 'Accept': 'application/json', 'X-Auth-Token': '&lt;omitted&gt;'}
        Body: {"network": {"tenant_id": "af12ee83fb734f4fa301c79b6b7be6ab", "name": "tempest-network-smoke--1103947550"}}
    Response - Headers: {'status': '201', 'content-length': '296', 'connection': 'close', 'date': 'Tue, 08 Dec 2015 01:34:45 GMT', 'content-type': 'application/json; charset=UTF-8', 'x-openstack-request-id': 'req-4775b489-0747-4972-b951-034a931078f8'}
        Body: {"network": {"status": "ACTIVE", "subnets": [], "name": "tempest-network-smoke--1103947550", "admin_state_up": true, "tenant_id": "af12ee83fb734f4fa301c79b6b7be6ab", "mtu": 0, "router:external": false, "shared": false, "port_security_enabled": true, "id": "3e2c4680-0deb-4098-aa15-dfd96d981c60"}}
2015-12-08 01:34:45,626 27314 INFO     [tempest_lib.common.rest_client] Request (TestGettingAddress:test_dhcp6_stateless_from_os): 200 GET http://10.0.2.15:9696/v2.0/subnets?tenant_id=af12ee83fb734f4fa301c79b6b7be6ab&amp;cidr=10.100.0.0%2F28 0.159s
2015-12-08 01:34:45,627 27314 DEBUG    [tempest_lib.common.rest_client] Request - Headers: {'Content-Type': 'application/json', 'Accept': 'application/json', 'X-Auth-Token': '&lt;omitted&gt;'}
        Body: None
    Response - Headers: {'status': '200', 'content-length': '15', 'content-location': 'http://10.0.2.15:9696/v2.0/subnets?tenant_id=af12ee83fb734f4fa301c79b6b7be6ab&amp;cidr=10.100.0.0%2F28', 'connection': 'close', 'date': 'Tue, 08 Dec 2015 01:34:45 GMT', 'content-type': 'application/json; charset=UTF-8', 'x-openstack-request-id': 'req-7faecc68-6b4a-479d-9714-0d07caeb3063'}
        Body: {"subnets": []}
2015-12-08 01:34:45,913 27314 INFO     [tempest_lib.common.rest_client] Request (TestGettingAddress:test_dhcp6_stateless_from_os): 201 POST http://10.0.2.15:9696/v2.0/subnets 0.284s
2015-12-08 01:34:45,914 27314 DEBUG    [tempest_lib.common.rest_client] Request - Headers: {'Content-Type': 'application/json', 'Accept': 'application/json', 'X-Auth-Token': '&lt;omitted&gt;'}
        Body: {"subnet": {"ip_version": 4, "tenant_id": "af12ee83fb734f4fa301c79b6b7be6ab", "cidr": "10.100.0.0/28", "network_id": "3e2c4680-0deb-4098-aa15-dfd96d981c60", "name": "tempest-sub4-1236328799"}}
    Response - Headers: {'status': '201', 'content-length': '470', 'connection': 'close', 'date': 'Tue, 08 Dec 2015 01:34:45 GMT', 'content-type': 'application/json; charset=UTF-8', 'x-openstack-request-id': 'req-3ddb8181-320e-4597-89f3-5435083ecef9'}
        Body: {"subnet": {"name": "tempest-sub4-1236328799", "enable_dhcp": true, "network_id": "3e2c4680-0deb-4098-aa15-dfd96d981c60", "tenant_id": "af12ee83fb734f4fa301c79b6b7be6ab", "dns_nameservers": [], "gateway_ip": "10.100.0.1", "ipv6_ra_mode": null, "allocation_pools": [{"start": "10.100.0.2", "end": "10.100.0.14"}], "host_routes": [], "ip_version": 4, "ipv6_address_mode": null, "cidr": "10.100.0.0/28", "id": "c693630c-f16c-4788-aa52-b91d206b49f9", "subnetpool_id": null}}
2015-12-08 01:34:45,975 27314 INFO     [tempest_lib.common.rest_client] Request (TestGettingAddress:test_dhcp6_stateless_from_os): 201 POST http://10.0.2.15:9696/v2.0/routers 0.060s
2015-12-08 01:34:45,976 27314 DEBUG    [tempest_lib.common.rest_client] Request - Headers: {'Content-Type': 'application/json', 'Accept': 'application/json', 'X-Auth-Token': '&lt;omitted&gt;'}
        Body: {"router": {"tenant_id": "af12ee83fb734f4fa301c79b6b7be6ab", "name": "tempest-router-smoke-1886433960", "admin_state_up": true}}
    Response - Headers: {'status': '201', 'content-length': '239', 'connection': 'close', 'date': 'Tue, 08 Dec 2015 01:34:45 GMT', 'content-type': 'application/json; charset=UTF-8', 'x-openstack-request-id': 'req-1904e05b-917a-43b4-a0b7-ef65aa36217a'}
        Body: {"router": {"status": "ACTIVE", "external_gateway_info": null, "name": "tempest-router-smoke-1886433960", "admin_state_up": true, "tenant_id": "af12ee83fb734f4fa301c79b6b7be6ab", "routes": [], "id": "ab642f2b-75ec-4da0-902c-cbf1ba5ed256"}}
2015-12-08 01:34:46,015 27314 INFO     [tempest_lib.common.rest_client] Request (TestGettingAddress:test_dhcp6_stateless_from_os): 200 GET http://10.0.2.15:9696/v2.0/routers/ab642f2b-75ec-4da0-902c-cbf1ba5ed256 0.038s
2015-12-08 01:34:46,015 27314 DEBUG    [tempest_lib.common.rest_client] Request - Headers: {'Content-Type': 'application/json', 'Accept': 'application/json', 'X-Auth-Token': '&lt;omitted&gt;'}
        Body: None
    Response - Headers: {'status': '200', 'content-length': '239', 'content-location': 'http://10.0.2.15:9696/v2.0/routers/ab642f2b-75ec-4da0-902c-cbf1ba5ed256', 'connection': 'close', 'date': 'Tue, 08 Dec 2015 01:34:46 GMT', 'content-type': 'application/json; charset=UTF-8', 'x-openstack-request-id': 'req-7874ef7e-700e-46a7-bd18-fc26e7a19ff4'}
        Body: {"router": {"status": "ACTIVE", "external_gateway_info": null, "name": "tempest-router-smoke-1886433960", "admin_state_up": true, "tenant_id": "af12ee83fb734f4fa301c79b6b7be6ab", "routes": [], "id": "ab642f2b-75ec-4da0-902c-cbf1ba5ed256"}}
2015-12-08 01:34:46,637 27314 INFO     [tempest_lib.common.rest_client] Request (TestGettingAddress:test_dhcp6_stateless_from_os): 200 PUT http://10.0.2.15:9696/v2.0/routers/ab642f2b-75ec-4da0-902c-cbf1ba5ed256 0.621s
2015-12-08 01:34:46,638 27314 DEBUG    [tempest_lib.common.rest_client] Request - Headers: {'Content-Type': 'application/json', 'Accept': 'application/json', 'X-Auth-Token': '&lt;omitted&gt;'}
        Body: {"router": {"external_gateway_info": {"network_id": "d70beb00-5c1e-405e-8719-224d4a1bfc47"}, "name": "tempest-router-smoke-1886433960", "admin_state_up": true}}
    Response - Headers: {'status': '200', 'content-length': '501', 'connection': 'close', 'date': 'Tue, 08 Dec 2015 01:34:46 GMT', 'content-type': 'application/json; charset=UTF-8', 'x-openstack-request-id': 'req-4d3877ef-e9bd-4124-b3f7-729bf86ff38e'}
        Body: {"router": {"status": "ACTIVE", "external_gateway_info": {"network_id": "d70beb00-5c1e-405e-8719-224d4a1bfc47", "enable_snat": true, "external_fixed_ips": [{"subnet_id": "d3d9f4ef-b3cc-49b5-952b-d86a96e41649", "ip_address": "172.24.4.3"}, {"subnet_id": "e07209a6-2da0-49e1-9486-948f158a92ad", "ip_address": "2001:db8::3"}]}, "name": "tempest-router-smoke-1886433960", "admin_state_up": true, "tenant_id": "af12ee83fb734f4fa301c79b6b7be6ab", "routes": [], "id": "ab642f2b-75ec-4da0-902c-cbf1ba5ed256"}}
2015-12-08 01:34:47,110 27314 INFO     [tempest_lib.common.rest_client] Request (TestGettingAddress:test_dhcp6_stateless_from_os): 200 PUT http://10.0.2.15:9696/v2.0/routers/ab642f2b-75ec-4da0-902c-cbf1ba5ed256/add_router_interface 0.472s
2015-12-08 01:34:47,111 27314 DEBUG    [tempest_lib.common.rest_client] Request - Headers: {'Content-Type': 'application/json', 'Accept': 'application/json', 'X-Auth-Token': '&lt;omitted&gt;'}
        Body: {"subnet_id": "c693630c-f16c-4788-aa52-b91d206b49f9"}
    Response - Headers: {'status': '200', 'content-length': '255', 'connection': 'close', 'date': 'Tue, 08 Dec 2015 01:34:47 GMT', 'content-type': 'application/json; charset=UTF-8', 'x-openstack-request-id': 'req-911ae7ae-fa2e-4224-8e9f-7dc6ca397a22'}
        Body: {"subnet_id": "c693630c-f16c-4788-aa52-b91d206b49f9", "tenant_id": "af12ee83fb734f4fa301c79b6b7be6ab", "subnet_ids": ["c693630c-f16c-4788-aa52-b91d206b49f9"], "port_id": "f46b33ce-3f4b-41e9-a286-b311b70e08ee", "id": "ab642f2b-75ec-4da0-902c-cbf1ba5ed256"}
2015-12-08 01:34:47,141 27314 INFO     [tempest_lib.common.rest_client] Request (TestGettingAddress:test_dhcp6_stateless_from_os): 200 GET http://10.0.2.15:9696/v2.0/subnets?tenant_id=af12ee83fb734f4fa301c79b6b7be6ab&amp;cidr=2003%3A%3A%2F64 0.029s
2015-12-08 01:34:47,141 27314 DEBUG    [tempest_lib.common.rest_client] Request - Headers: {'Content-Type': 'application/json', 'Accept': 'application/json', 'X-Auth-Token': '&lt;omitted&gt;'}
        Body: None
    Response - Headers: {'status': '200', 'content-length': '15', 'content-location': 'http://10.0.2.15:9696/v2.0/subnets?tenant_id=af12ee83fb734f4fa301c79b6b7be6ab&amp;cidr=2003%3A%3A%2F64', 'connection': 'close', 'date': 'Tue, 08 Dec 2015 01:34:47 GMT', 'content-type': 'application/json; charset=UTF-8', 'x-openstack-request-id': 'req-f870191a-89a4-40fb-b2d0-42e711b8ca3b'}
        Body: {"subnets": []}
2015-12-08 01:34:47,415 27314 INFO     [tempest_lib.common.rest_client] Request (TestGettingAddress:test_dhcp6_stateless_from_os): 201 POST http://10.0.2.15:9696/v2.0/subnets 0.273s
2015-12-08 01:34:47,415 27314 DEBUG    [tempest_lib.common.rest_client] Request - Headers: {'Content-Type': 'application/json', 'Accept': 'application/json', 'X-Auth-Token': '&lt;omitted&gt;'}
        Body: {"subnet": {"name": "tempest-sub6-1567461687", "network_id": "3e2c4680-0deb-4098-aa15-dfd96d981c60", "tenant_id": "af12ee83fb734f4fa301c79b6b7be6ab", "ipv6_ra_mode": "dhcpv6-stateless", "ip_version": 6, "ipv6_address_mode": "dhcpv6-stateless", "cidr": "2003::/64"}}
    Response - Headers: {'status': '201', 'content-length': '502', 'connection': 'close', 'date': 'Tue, 08 Dec 2015 01:34:47 GMT', 'content-type': 'application/json; charset=UTF-8', 'x-openstack-request-id': 'req-f4b17402-fdaf-433b-9ec1-f924a445c54d'}
        Body: {"subnet": {"name": "tempest-sub6-1567461687", "enable_dhcp": true, "network_id": "3e2c4680-0deb-4098-aa15-dfd96d981c60", "tenant_id": "af12ee83fb734f4fa301c79b6b7be6ab", "dns_nameservers": [], "gateway_ip": "2003::1", "ipv6_ra_mode": "dhcpv6-stateless", "allocation_pools": [{"start": "2003::2", "end": "2003::ffff:ffff:ffff:ffff"}], "host_routes": [], "ip_version": 6, "ipv6_address_mode": "dhcpv6-stateless", "cidr": "2003::/64", "id": "c08a4cec-7e86-46e1-9824-a6180e214b3b", "subnetpool_id": null}}
2015-12-08 01:34:47,925 27314 INFO     [tempest_lib.common.rest_client] Request (TestGettingAddress:test_dhcp6_stateless_from_os): 200 PUT http://10.0.2.15:9696/v2.0/routers/ab642f2b-75ec-4da0-902c-cbf1ba5ed256/add_router_interface 0.509s
2015-12-08 01:34:47,926 27314 DEBUG    [tempest_lib.common.rest_client] Request - Headers: {'Content-Type': 'application/json', 'Accept': 'application/json', 'X-Auth-Token': '&lt;omitted&gt;'}
        Body: {"subnet_id": "c08a4cec-7e86-46e1-9824-a6180e214b3b"}
    Response - Headers: {'status': '200', 'content-length': '255', 'connection': 'close', 'date': 'Tue, 08 Dec 2015 01:34:47 GMT', 'content-type': 'application/json; charset=UTF-8', 'x-openstack-request-id': 'req-fc2dfd87-b7fc-4222-95e7-d753b02ebf91'}
        Body: {"subnet_id": "c08a4cec-7e86-46e1-9824-a6180e214b3b", "tenant_id": "af12ee83fb734f4fa301c79b6b7be6ab", "subnet_ids": ["c08a4cec-7e86-46e1-9824-a6180e214b3b"], "port_id": "5576b477-e2f9-4215-a036-8a010075efe9", "id": "ab642f2b-75ec-4da0-902c-cbf1ba5ed256"}
2015-12-08 01:34:48,036 27314 INFO     [tempest_lib.common.rest_client] Request (TestGettingAddress:test_dhcp6_stateless_from_os): 200 POST http://10.0.2.15:5000/v2.0/tokens
2015-12-08 01:34:48,036 27314 DEBUG    [tempest_lib.common.rest_client] Request - Headers: {'Content-Type': 'application/json', 'Accept': 'application/json'}
        Body: &lt;omitted&gt;
    Response - Headers: {'status': '200', 'content-length': '2524', 'vary': 'X-Auth-Token', 'server': 'Apache/2.4.7 (Ubuntu)', 'connection': 'close', 'date': 'Tue, 08 Dec 2015 01:34:47 GMT', 'content-type': 'application/json', 'x-openstack-request-id': 'req-baad98df-cd72-4e27-9785-a4a488bd9eda'}
        Body: {"access": {"token": {"issued_at": "2015-12-08T01:34:48.023501", "expires": "2015-12-08T02:34:47Z", "id": "c87a5e03a4434ff0ba30b5b9ce6476c9", "tenant": {"description": "tempest-TestGettingAddress-1641917756-desc", "enabled": true, "id": "af12ee83fb734f4fa301c79b6b7be6ab", "name": "tempest-TestGettingAddress-1641917756"}, "audit_ids": ["rvT-T0uBScaAtQcDTsp5Ig"]}, "serviceCatalog": [{"endpoints": [{"adminURL": "http://10.0.2.15:8774/v2.1/af12ee83fb734f4fa301c79b6b7be6ab", "region": "RegionOne", "internalURL": "http://10.0.2.15:8774/v2.1/af12ee83fb734f4fa301c79b6b7be6ab", "id": "6e535672e35d4252b4d47c87d8ef0ea5", "publicURL": "http://10.0.2.15:8774/v2.1/af12ee83fb734f4fa301c79b6b7be6ab"}], "endpoints_links": [], "type": "compute", "name": "nova"}, {"endpoints": [{"adminURL": "http://10.0.2.15:9696/", "region": "RegionOne", "internalURL": "http://10.0.2.15:9696/", "id": "5ef8b9fd28124b65ab57963638b63c8e", "publicURL": "http://10.0.2.15:9696/"}], "endpoints_links": [], "type": "network", "name": "neutron"}, {"endpoints": [{"adminURL": "http://10.0.2.15:9292", "region": "RegionOne", "internalURL": "http://10.0.2.15:9292", "id": "131636e78a7a40cf992be34f632a26f4", "publicURL": "http://10.0.2.15:9292"}], "endpoints_links": [], "type": "image", "name": "glance"}, {"endpoints": [{"adminURL": "http://10.0.2.15:8774/v2/af12ee83fb734f4fa301c79b6b7be6ab", "region": "RegionOne", "internalURL": "http://10.0.2.15:8774/v2/af12ee83fb734f4fa301c79b6b7be6ab", "id": "73c843858a854594ab3faf40bd104f4b", "publicURL": "http://10.0.2.15:8774/v2/af12ee83fb734f4fa301c79b6b7be6ab"}], "endpoints_links": [], "type": "compute_legacy", "name": "nova_legacy"}, {"endpoints": [{"adminURL": "http://10.0.2.15:8773/", "region": "RegionOne", "internalURL": "http://10.0.2.15:8773/", "id": "1209cb87165d4c6583275e2600874245", "publicURL": "http://10.0.2.15:8773/"}], "endpoints_links": [], "type": "ec2", "name": "ec2"}, {"endpoints": [{"adminURL": "http://10.0.2.15:35357/v2.0", "region": "RegionOne", "internalURL": "http://10.0.2.15:5000/v2.0", "id": "5b60be9a09d64d95a5411fcecbcf0a20", "publicURL": "http://10.0.2.15:5000/v2.0"}], "endpoints_links": [], "type": "identity", "name": "keystone"}], "user": {"username": "tempest-TestGettingAddress-237757315", "roles_links": [], "id": "5bacd450390b49c1b323c8d616ea832c", "roles": [{"name": "_member_"}, {"name": "Member"}], "name": "tempest-TestGettingAddress-237757315"}, "metadata": {"is_admin": 0, "roles": ["9fe2ff9ee4384b1894a90878d3e92bab", "672fb9c0f3074d39bf3f8a011b6bc341"]}}}
2015-12-08 01:34:48,043 27314 DEBUG    [tempest.common.fixed_network] (TestGettingAddress:test_dhcp6_stateless_from_os) No valid network provided or created, defaulting to fixed_network_name
2015-12-08 01:34:48,358 27314 INFO     [tempest_lib.common.rest_client] Request (TestGettingAddress:test_dhcp6_stateless_from_os): 200 GET http://10.0.2.15:8774/v2.1/af12ee83fb734f4fa301c79b6b7be6ab/os-networks 0.314s
2015-12-08 01:34:48,358 27314 DEBUG    [tempest_lib.common.rest_client] Request - Headers: {'Content-Type': 'application/json', 'Accept': 'application/json', 'X-Auth-Token': '&lt;omitted&gt;'}
        Body: None
    Response - Headers: {'status': '200', 'content-length': '479', 'content-location': 'http://10.0.2.15:8774/v2.1/af12ee83fb734f4fa301c79b6b7be6ab/os-networks', 'x-compute-request-id': 'req-0f9ac362-c98a-4b30-bf78-1fbe38d0adc6', 'vary': 'X-OpenStack-Nova-API-Version', 'connection': 'close', 'x-openstack-nova-api-version': '2.1', 'date': 'Tue, 08 Dec 2015 01:34:48 GMT', 'content-type': 'application/json'}
        Body: {"networks": [{"cidr_v6": null, "dns2": null, "dns1": null, "gateway": null, "broadcast": null, "netmask": null, "gateway_v6": null, "cidr": null, "label": "public", "id": "d70beb00-5c1e-405e-8719-224d4a1bfc47", "netmask_v6": null}, {"cidr_v6": null, "dns2": null, "dns1": null, "gateway": null, "broadcast": null, "netmask": null, "gateway_v6": null, "cidr": null, "label": "tempest-network-smoke--1103947550", "id": "3e2c4680-0deb-4098-aa15-dfd96d981c60", "netmask_v6": null}]}
2015-12-08 01:34:48,359 27314 WARNING  [tempest.common.fixed_network] (TestGettingAddress:test_dhcp6_stateless_from_os) Network with name: private not found
2015-12-08 01:34:48,359 27314 INFO     [tempest.common.fixed_network] (TestGettingAddress:test_dhcp6_stateless_from_os) Found network {} available for tenant
2015-12-08 01:34:49,637 27314 INFO     [tempest_lib.common.rest_client] Request (TestGettingAddress:test_dhcp6_stateless_from_os): 202 POST http://10.0.2.15:8774/v2.1/af12ee83fb734f4fa301c79b6b7be6ab/servers 1.277s
2015-12-08 01:34:49,638 27314 DEBUG    [tempest_lib.common.rest_client] Request - Headers: {'Content-Type': 'application/json', 'Accept': 'application/json', 'X-Auth-Token': '&lt;omitted&gt;'}
        Body: {"server": {"name": "tempest.common.compute-instance-36964729", "imageRef": "3d78aa2f-c74c-41fe-b66a-fae6874629b4", "key_name": "tempest-TestGettingAddress-1983042564", "flavorRef": "42", "networks": [{"uuid": "3e2c4680-0deb-4098-aa15-dfd96d981c60"}], "security_groups": [{"name": "tempest-secgroup-smoke-2009771725"}]}}
    Response - Headers: {'status': '202', 'content-length': '462', 'x-compute-request-id': 'req-8b770441-2eed-4ef1-938b-212f9a1dd14d', 'vary': 'X-OpenStack-Nova-API-Version', 'connection': 'close', 'location': 'http://10.0.2.15:8774/v2.1/af12ee83fb734f4fa301c79b6b7be6ab/servers/a8d5ccfd-e6de-4172-b9cc-07fd958c905e', 'x-openstack-nova-api-version': '2.1', 'date': 'Tue, 08 Dec 2015 01:34:49 GMT', 'content-type': 'application/json'}
        Body: {"server": {"security_groups": [{"name": "tempest-secgroup-smoke-2009771725"}], "OS-DCF:diskConfig": "MANUAL", "id": "a8d5ccfd-e6de-4172-b9cc-07fd958c905e", "links": [{"href": "http://10.0.2.15:8774/v2.1/af12ee83fb734f4fa301c79b6b7be6ab/servers/a8d5ccfd-e6de-4172-b9cc-07fd958c905e", "rel": "self"}, {"href": "http://10.0.2.15:8774/af12ee83fb734f4fa301c79b6b7be6ab/servers/a8d5ccfd-e6de-4172-b9cc-07fd958c905e", "rel": "bookmark"}], "adminPass": "K9JcPv7D2jHq"}}
2015-12-08 01:34:49,910 27314 INFO     [tempest_lib.common.rest_client] Request (TestGettingAddress:test_dhcp6_stateless_from_os): 200 GET http://10.0.2.15:8774/v2.1/af12ee83fb734f4fa301c79b6b7be6ab/servers/a8d5ccfd-e6de-4172-b9cc-07fd958c905e 0.269s
2015-12-08 01:34:49,910 27314 DEBUG    [tempest_lib.common.rest_client] Request - Headers: {'Content-Type': 'application/json', 'Accept': 'application/json', 'X-Auth-Token': '&lt;omitted&gt;'}
        Body: None
    Response - Headers: {'status': '200', 'content-length': '1353', 'content-location': 'http://10.0.2.15:8774/v2.1/af12ee83fb734f4fa301c79b6b7be6ab/servers/a8d5ccfd-e6de-4172-b9cc-07fd958c905e', 'x-compute-request-id': 'req-465b7e13-518d-4a99-8237-918640227b8b', 'vary': 'X-OpenStack-Nova-API-Version', 'connection': 'close', 'x-openstack-nova-api-version': '2.1', 'date': 'Tue, 08 Dec 2015 01:34:49 GMT', 'content-type': 'application/json'}
        Body: {"server": {"status": "BUILD", "updated": "2015-12-08T01:34:49Z", "hostId": "", "addresses": {}, "links": [{"href": "http://10.0.2.15:8774/v2.1/af12ee83fb734f4fa301c79b6b7be6ab/servers/a8d5ccfd-e6de-4172-b9cc-07fd958c905e", "rel": "self"}, {"href": "http://10.0.2.15:8774/af12ee83fb734f4fa301c79b6b7be6ab/servers/a8d5ccfd-e6de-4172-b9cc-07fd958c905e", "rel": "bookmark"}], "key_name": "tempest-TestGettingAddress-1983042564", "image": {"id": "3d78aa2f-c74c-41fe-b66a-fae6874629b4", "links": [{"href": "http://10.0.2.15:8774/af12ee83fb734f4fa301c79b6b7be6ab/images/3d78aa2f-c74c-41fe-b66a-fae6874629b4", "rel": "bookmark"}]}, "OS-EXT-STS:task_state": "scheduling", "OS-EXT-STS:vm_state": "building", "OS-SRV-USG:launched_at": null, "flavor": {"id": "42", "links": [{"href": "http://10.0.2.15:8774/af12ee83fb734f4fa301c79b6b7be6ab/flavors/42", "rel": "bookmark"}]}, "id": "a8d5ccfd-e6de-4172-b9cc-07fd958c905e", "OS-SRV-USG:terminated_at": null, "OS-EXT-AZ:availability_zone": "", "user_id": "5bacd450390b49c1b323c8d616ea832c", "name": "tempest.common.compute-instance-36964729", "created": "2015-12-08T01:34:49Z", "tenant_id": "af12ee83fb734f4fa301c79b6b7be6ab", "OS-DCF:diskConfig": "MANUAL", "os-extended-volumes:volumes_attached": [], "accessIPv4": "", "accessIPv6": "", "progress": 0, "OS-EXT-STS:power_state": 0, "config_drive": "", "metadata": {}}}
2015-12-08 01:34:51,193 27314 INFO     [tempest_lib.common.rest_client] Request (TestGettingAddress:test_dhcp6_stateless_from_os): 200 GET http://10.0.2.15:8774/v2.1/af12ee83fb734f4fa301c79b6b7be6ab/servers/a8d5ccfd-e6de-4172-b9cc-07fd958c905e 0.272s
2015-12-08 01:34:51,193 27314 DEBUG    [tempest_lib.common.rest_client] Request - Headers: {'Content-Type': 'application/json', 'Accept': 'application/json', 'X-Auth-Token': '&lt;omitted&gt;'}
        Body: None
    Response - Headers: {'status': '200', 'content-length': '1479', 'content-location': 'http://10.0.2.15:8774/v2.1/af12ee83fb734f4fa301c79b6b7be6ab/servers/a8d5ccfd-e6de-4172-b9cc-07fd958c905e', 'x-compute-request-id': 'req-c918d5eb-3cb2-4e38-afbd-c2f2aaf85751', 'vary': 'X-OpenStack-Nova-API-Version', 'connection': 'close', 'x-openstack-nova-api-version': '2.1', 'date': 'Tue, 08 Dec 2015 01:34:51 GMT', 'content-type': 'application/json'}
        Body: {"server": {"status": "BUILD", "updated": "2015-12-08T01:34:50Z", "hostId": "d2817d715b21770d103f32fe8b08417070c050eb3f371a57a86042f7", "addresses": {}, "links": [{"href": "http://10.0.2.15:8774/v2.1/af12ee83fb734f4fa301c79b6b7be6ab/servers/a8d5ccfd-e6de-4172-b9cc-07fd958c905e", "rel": "self"}, {"href": "http://10.0.2.15:8774/af12ee83fb734f4fa301c79b6b7be6ab/servers/a8d5ccfd-e6de-4172-b9cc-07fd958c905e", "rel": "bookmark"}], "key_name": "tempest-TestGettingAddress-1983042564", "image": {"id": "3d78aa2f-c74c-41fe-b66a-fae6874629b4", "links": [{"href": "http://10.0.2.15:8774/af12ee83fb734f4fa301c79b6b7be6ab/images/3d78aa2f-c74c-41fe-b66a-fae6874629b4", "rel": "bookmark"}]}, "OS-EXT-STS:task_state": "spawning", "OS-EXT-STS:vm_state": "building", "OS-SRV-USG:launched_at": null, "flavor": {"id": "42", "links": [{"href": "http://10.0.2.15:8774/af12ee83fb734f4fa301c79b6b7be6ab/flavors/42", "rel": "bookmark"}]}, "id": "a8d5ccfd-e6de-4172-b9cc-07fd958c905e", "security_groups": [{"name": "tempest-secgroup-smoke-2009771725"}], "OS-SRV-USG:terminated_at": null, "OS-EXT-AZ:availability_zone": "nova", "user_id": "5bacd450390b49c1b323c8d616ea832c", "name": "tempest.common.compute-instance-36964729", "created": "2015-12-08T01:34:49Z", "tenant_id": "af12ee83fb734f4fa301c79b6b7be6ab", "OS-DCF:diskConfig": "MANUAL", "os-extended-volumes:volumes_attached": [], "accessIPv4": "", "accessIPv6": "", "progress": 0, "OS-EXT-STS:power_state": 0, "config_drive": "", "metadata": {}}}
2015-12-08 01:34:51,202 27314 INFO     [tempest.common.waiters] State transition "BUILD/scheduling" ==&gt; "BUILD/spawning" after 2 second wait
2015-12-08 01:34:52,388 27314 INFO     [tempest_lib.common.rest_client] Request (TestGettingAddress:test_dhcp6_stateless_from_os): 200 GET http://10.0.2.15:8774/v2.1/af12ee83fb734f4fa301c79b6b7be6ab/servers/a8d5ccfd-e6de-4172-b9cc-07fd958c905e 0.183s
2015-12-08 01:34:52,388 27314 DEBUG    [tempest_lib.common.rest_client] Request - Headers: {'Content-Type': 'application/json', 'Accept': 'application/json', 'X-Auth-Token': '&lt;omitted&gt;'}
        Body: None
    Response - Headers: {'status': '200', 'content-length': '1479', 'content-location': 'http://10.0.2.15:8774/v2.1/af12ee83fb734f4fa301c79b6b7be6ab/servers/a8d5ccfd-e6de-4172-b9cc-07fd958c905e', 'x-compute-request-id': 'req-c3524ea3-d4ba-407e-b19d-c7016b3b110d', 'vary': 'X-OpenStack-Nova-API-Version', 'connection': 'close', 'x-openstack-nova-api-version': '2.1', 'date': 'Tue, 08 Dec 2015 01:34:52 GMT', 'content-type': 'application/json'}
        Body: {"server": {"status": "BUILD", "updated": "2015-12-08T01:34:50Z", "hostId": "d2817d715b21770d103f32fe8b08417070c050eb3f371a57a86042f7", "addresses": {}, "links": [{"href": "http://10.0.2.15:8774/v2.1/af12ee83fb734f4fa301c79b6b7be6ab/servers/a8d5ccfd-e6de-4172-b9cc-07fd958c905e", "rel": "self"}, {"href": "http://10.0.2.15:8774/af12ee83fb734f4fa301c79b6b7be6ab/servers/a8d5ccfd-e6de-4172-b9cc-07fd958c905e", "rel": "bookmark"}], "key_name": "tempest-TestGettingAddress-1983042564", "image": {"id": "3d78aa2f-c74c-41fe-b66a-fae6874629b4", "links": [{"href": "http://10.0.2.15:8774/af12ee83fb734f4fa301c79b6b7be6ab/images/3d78aa2f-c74c-41fe-b66a-fae6874629b4", "rel": "bookmark"}]}, "OS-EXT-STS:task_state": "spawning", "OS-EXT-STS:vm_state": "building", "OS-SRV-USG:launched_at": null, "flavor": {"id": "42", "links": [{"href": "http://10.0.2.15:8774/af12ee83fb734f4fa301c79b6b7be6ab/flavors/42", "rel": "bookmark"}]}, "id": "a8d5ccfd-e6de-4172-b9cc-07fd958c905e", "security_groups": [{"name": "tempest-secgroup-smoke-2009771725"}], "OS-SRV-USG:terminated_at": null, "OS-EXT-AZ:availability_zone": "nova", "user_id": "5bacd450390b49c1b323c8d616ea832c", "name": "tempest.common.compute-instance-36964729", "created": "2015-12-08T01:34:49Z", "tenant_id": "af12ee83fb734f4fa301c79b6b7be6ab", "OS-DCF:diskConfig": "MANUAL", "os-extended-volumes:volumes_attached": [], "accessIPv4": "", "accessIPv6": "", "progress": 0, "OS-EXT-STS:power_state": 0, "config_drive": "", "metadata": {}}}
2015-12-08 01:34:53,644 27314 INFO     [tempest_lib.common.rest_client] Request (TestGettingAddress:test_dhcp6_stateless_from_os): 200 GET http://10.0.2.15:8774/v2.1/af12ee83fb734f4fa301c79b6b7be6ab/servers/a8d5ccfd-e6de-4172-b9cc-07fd958c905e 0.245s
2015-12-08 01:34:53,645 27314 DEBUG    [tempest_lib.common.rest_client] Request - Headers: {'Content-Type': 'application/json', 'Accept': 'application/json', 'X-Auth-Token': '&lt;omitted&gt;'}
        Body: None
    Response - Headers: {'status': '200', 'content-length': '1780', 'content-location': 'http://10.0.2.15:8774/v2.1/af12ee83fb734f4fa301c79b6b7be6ab/servers/a8d5ccfd-e6de-4172-b9cc-07fd958c905e', 'x-compute-request-id': 'req-a860fdeb-b46d-41c0-b278-9edb2df6693c', 'vary': 'X-OpenStack-Nova-API-Version', 'connection': 'close', 'x-openstack-nova-api-version': '2.1', 'date': 'Tue, 08 Dec 2015 01:34:53 GMT', 'content-type': 'application/json'}
        Body: {"server": {"status": "ACTIVE", "updated": "2015-12-08T01:34:53Z", "hostId": "d2817d715b21770d103f32fe8b08417070c050eb3f371a57a86042f7", "addresses": {"tempest-network-smoke--1103947550": [{"OS-EXT-IPS-MAC:mac_addr": "fa:16:3e:2c:52:86", "version": 6, "addr": "2003::f816:3eff:fe2c:5286", "OS-EXT-IPS:type": "fixed"}, {"OS-EXT-IPS-MAC:mac_addr": "fa:16:3e:2c:52:86", "version": 4, "addr": "10.100.0.3", "OS-EXT-IPS:type": "fixed"}]}, "links": [{"href": "http://10.0.2.15:8774/v2.1/af12ee83fb734f4fa301c79b6b7be6ab/servers/a8d5ccfd-e6de-4172-b9cc-07fd958c905e", "rel": "self"}, {"href": "http://10.0.2.15:8774/af12ee83fb734f4fa301c79b6b7be6ab/servers/a8d5ccfd-e6de-4172-b9cc-07fd958c905e", "rel": "bookmark"}], "key_name": "tempest-TestGettingAddress-1983042564", "image": {"id": "3d78aa2f-c74c-41fe-b66a-fae6874629b4", "links": [{"href": "http://10.0.2.15:8774/af12ee83fb734f4fa301c79b6b7be6ab/images/3d78aa2f-c74c-41fe-b66a-fae6874629b4", "rel": "bookmark"}]}, "OS-EXT-STS:task_state": null, "OS-EXT-STS:vm_state": "active", "OS-SRV-USG:launched_at": "2015-12-08T01:34:52.000000", "flavor": {"id": "42", "links": [{"href": "http://10.0.2.15:8774/af12ee83fb734f4fa301c79b6b7be6ab/flavors/42", "rel": "bookmark"}]}, "id": "a8d5ccfd-e6de-4172-b9cc-07fd958c905e", "security_groups": [{"name": "tempest-secgroup-smoke-2009771725"}], "OS-SRV-USG:terminated_at": null, "OS-EXT-AZ:availability_zone": "nova", "user_id": "5bacd450390b49c1b323c8d616ea832c", "name": "tempest.common.compute-instance-36964729", "created": "2015-12-08T01:34:49Z", "tenant_id": "af12ee83fb734f4fa301c79b6b7be6ab", "OS-DCF:diskConfig": "MANUAL", "os-extended-volumes:volumes_attached": [], "accessIPv4": "", "accessIPv6": "", "progress": 0, "OS-EXT-STS:power_state": 1, "config_drive": "True", "metadata": {}}}
2015-12-08 01:34:53,658 27314 INFO     [tempest.common.waiters] State transition "BUILD/spawning" ==&gt; "ACTIVE/None" after 4 second wait
2015-12-08 01:34:53,860 27314 INFO     [tempest_lib.common.rest_client] Request (TestGettingAddress:test_dhcp6_stateless_from_os): 200 GET http://10.0.2.15:8774/v2.1/af12ee83fb734f4fa301c79b6b7be6ab/servers/a8d5ccfd-e6de-4172-b9cc-07fd958c905e 0.201s
2015-12-08 01:34:53,861 27314 DEBUG    [tempest_lib.common.rest_client] Request - Headers: {'Content-Type': 'application/json', 'Accept': 'application/json', 'X-Auth-Token': '&lt;omitted&gt;'}
        Body: None
    Response - Headers: {'status': '200', 'content-length': '1780', 'content-location': 'http://10.0.2.15:8774/v2.1/af12ee83fb734f4fa301c79b6b7be6ab/servers/a8d5ccfd-e6de-4172-b9cc-07fd958c905e', 'x-compute-request-id': 'req-e37da1c4-2348-4ab8-85a9-d12cb681e363', 'vary': 'X-OpenStack-Nova-API-Version', 'connection': 'close', 'x-openstack-nova-api-version': '2.1', 'date': 'Tue, 08 Dec 2015 01:34:53 GMT', 'content-type': 'application/json'}
        Body: {"server": {"status": "ACTIVE", "updated": "2015-12-08T01:34:53Z", "hostId": "d2817d715b21770d103f32fe8b08417070c050eb3f371a57a86042f7", "addresses": {"tempest-network-smoke--1103947550": [{"OS-EXT-IPS-MAC:mac_addr": "fa:16:3e:2c:52:86", "version": 6, "addr": "2003::f816:3eff:fe2c:5286", "OS-EXT-IPS:type": "fixed"}, {"OS-EXT-IPS-MAC:mac_addr": "fa:16:3e:2c:52:86", "version": 4, "addr": "10.100.0.3", "OS-EXT-IPS:type": "fixed"}]}, "links": [{"href": "http://10.0.2.15:8774/v2.1/af12ee83fb734f4fa301c79b6b7be6ab/servers/a8d5ccfd-e6de-4172-b9cc-07fd958c905e", "rel": "self"}, {"href": "http://10.0.2.15:8774/af12ee83fb734f4fa301c79b6b7be6ab/servers/a8d5ccfd-e6de-4172-b9cc-07fd958c905e", "rel": "bookmark"}], "key_name": "tempest-TestGettingAddress-1983042564", "image": {"id": "3d78aa2f-c74c-41fe-b66a-fae6874629b4", "links": [{"href": "http://10.0.2.15:8774/af12ee83fb734f4fa301c79b6b7be6ab/images/3d78aa2f-c74c-41fe-b66a-fae6874629b4", "rel": "bookmark"}]}, "OS-EXT-STS:task_state": null, "OS-EXT-STS:vm_state": "active", "OS-SRV-USG:launched_at": "2015-12-08T01:34:52.000000", "flavor": {"id": "42", "links": [{"href": "http://10.0.2.15:8774/af12ee83fb734f4fa301c79b6b7be6ab/flavors/42", "rel": "bookmark"}]}, "id": "a8d5ccfd-e6de-4172-b9cc-07fd958c905e", "security_groups": [{"name": "tempest-secgroup-smoke-2009771725"}], "OS-SRV-USG:terminated_at": null, "OS-EXT-AZ:availability_zone": "nova", "user_id": "5bacd450390b49c1b323c8d616ea832c", "name": "tempest.common.compute-instance-36964729", "created": "2015-12-08T01:34:49Z", "tenant_id": "af12ee83fb734f4fa301c79b6b7be6ab", "OS-DCF:diskConfig": "MANUAL", "os-extended-volumes:volumes_attached": [], "accessIPv4": "", "accessIPv6": "", "progress": 0, "OS-EXT-STS:power_state": 1, "config_drive": "True", "metadata": {}}}
2015-12-08 01:34:54,007 27314 INFO     [tempest_lib.common.rest_client] Request (TestGettingAddress:test_dhcp6_stateless_from_os): 200 GET http://10.0.2.15:9696/v2.0/ports?status=ACTIVE&amp;fixed_ip=None&amp;device_id=a8d5ccfd-e6de-4172-b9cc-07fd958c905e 0.130s
2015-12-08 01:34:54,007 27314 DEBUG    [tempest_lib.common.rest_client] Request - Headers: {'Content-Type': 'application/json', 'Accept': 'application/json', 'X-Auth-Token': '&lt;omitted&gt;'}
        Body: None
    Response - Headers: {'status': '200', 'content-length': '1142', 'content-location': 'http://10.0.2.15:9696/v2.0/ports?status=ACTIVE&amp;fixed_ip=None&amp;device_id=a8d5ccfd-e6de-4172-b9cc-07fd958c905e', 'connection': 'close', 'date': 'Tue, 08 Dec 2015 01:34:54 GMT', 'content-type': 'application/json; charset=UTF-8', 'x-openstack-request-id': 'req-f2b51ebc-ff3b-413d-a3b3-40438e80c731'}
        Body: {"ports": [{"status": "ACTIVE", "binding:host_id": "vagrant-ubuntu-trusty-64", "allowed_address_pairs": [], "extra_dhcp_opts": [], "dns_assignment": [{"hostname": "host-10-100-0-3", "ip_address": "10.100.0.3", "fqdn": "host-10-100-0-3.openstacklocal."}, {"hostname": "host-2003--f816-3eff-fe2c-5286", "ip_address": "2003::f816:3eff:fe2c:5286", "fqdn": "host-2003--f816-3eff-fe2c-5286.openstacklocal."}], "device_owner": "compute:None", "port_security_enabled": true, "binding:profile": {}, "fixed_ips": [{"subnet_id": "c693630c-f16c-4788-aa52-b91d206b49f9", "ip_address": "10.100.0.3"}, {"subnet_id": "c08a4cec-7e86-46e1-9824-a6180e214b3b", "ip_address": "2003::f816:3eff:fe2c:5286"}], "id": "5ce1e8b0-0c9f-47c1-bd63-ad74f72e06bf", "security_groups": ["b77f7ccc-f37d-4271-8ad0-ded5822dd081"], "device_id": "a8d5ccfd-e6de-4172-b9cc-07fd958c905e", "name": "", "admin_state_up": true, "network_id": "3e2c4680-0deb-4098-aa15-dfd96d981c60", "dns_name": "", "binding:vif_details": {"port_filter": true}, "binding:vnic_type": "normal", "binding:vif_type": "ovs", "tenant_id": "af12ee83fb734f4fa301c79b6b7be6ab", "mac_address": "fa:16:3e:2c:52:86"}]}
2015-12-08 01:34:54,512 27314 INFO     [tempest_lib.common.rest_client] Request (TestGettingAddress:test_dhcp6_stateless_from_os): 201 POST http://10.0.2.15:9696/v2.0/floatingips 0.504s
2015-12-08 01:34:54,512 27314 DEBUG    [tempest_lib.common.rest_client] Request - Headers: {'Content-Type': 'application/json', 'Accept': 'application/json', 'X-Auth-Token': '&lt;omitted&gt;'}
        Body: {"floatingip": {"floating_network_id": "d70beb00-5c1e-405e-8719-224d4a1bfc47", "tenant_id": "af12ee83fb734f4fa301c79b6b7be6ab", "fixed_ip_address": "10.100.0.3", "port_id": "5ce1e8b0-0c9f-47c1-bd63-ad74f72e06bf"}}
    Response - Headers: {'status': '201', 'content-length': '367', 'connection': 'close', 'date': 'Tue, 08 Dec 2015 01:34:54 GMT', 'content-type': 'application/json; charset=UTF-8', 'x-openstack-request-id': 'req-8897b62a-0b18-4cc9-981b-eaf149baed7b'}
        Body: {"floatingip": {"floating_network_id": "d70beb00-5c1e-405e-8719-224d4a1bfc47", "router_id": "ab642f2b-75ec-4da0-902c-cbf1ba5ed256", "fixed_ip_address": "10.100.0.3", "floating_ip_address": "172.24.4.4", "tenant_id": "af12ee83fb734f4fa301c79b6b7be6ab", "status": "DOWN", "port_id": "5ce1e8b0-0c9f-47c1-bd63-ad74f72e06bf", "id": "3df408ce-6371-4e4c-8010-8b6bff62bfaa"}}
2015-12-08 01:34:54,514 27314 INFO     [tempest_lib.common.ssh] Creating ssh connection to '172.24.4.4' as 'cirros' with public key authentication
2015-12-08 01:34:58,150 27314 WARNING  [tempest_lib.common.ssh] Failed to establish authenticated ssh connection to cirros@172.24.4.4 ([Errno None] Unable to connect to port 22 on  or 172.24.4.4). Number attempts: 1. Retry after 2 seconds.
2015-12-08 01:35:03,654 27314 WARNING  [tempest_lib.common.ssh] Failed to establish authenticated ssh connection to cirros@172.24.4.4 ([Errno None] Unable to connect to port 22 on  or 172.24.4.4). Number attempts: 2. Retry after 3 seconds.
2015-12-08 01:35:10,157 27314 WARNING  [tempest_lib.common.ssh] Failed to establish authenticated ssh connection to cirros@172.24.4.4 ([Errno None] Unable to connect to port 22 on  or 172.24.4.4). Number attempts: 3. Retry after 4 seconds.
2015-12-08 01:35:17,661 27314 WARNING  [tempest_lib.common.ssh] Failed to establish authenticated ssh connection to cirros@172.24.4.4 ([Errno None] Unable to connect to port 22 on  or 172.24.4.4). Number attempts: 4. Retry after 5 seconds.
2015-12-08 01:35:26,165 27314 WARNING  [tempest_lib.common.ssh] Failed to establish authenticated ssh connection to cirros@172.24.4.4 ([Errno None] Unable to connect to port 22 on  or 172.24.4.4). Number attempts: 5. Retry after 6 seconds.
2015-12-08 01:35:35,670 27314 WARNING  [tempest_lib.common.ssh] Failed to establish authenticated ssh connection to cirros@172.24.4.4 ([Errno None] Unable to connect to port 22 on  or 172.24.4.4). Number attempts: 6. Retry after 7 seconds.
2015-12-08 01:35:46,177 27314 WARNING  [tempest_lib.common.ssh] Failed to establish authenticated ssh connection to cirros@172.24.4.4 ([Errno None] Unable to connect to port 22 on  or 172.24.4.4). Number attempts: 7. Retry after 8 seconds.
2015-12-08 01:35:57,682 27314 WARNING  [tempest_lib.common.ssh] Failed to establish authenticated ssh connection to cirros@172.24.4.4 ([Errno None] Unable to connect to port 22 on  or 172.24.4.4). Number attempts: 8. Retry after 9 seconds.
2015-12-08 01:36:10,186 27314 WARNING  [tempest_lib.common.ssh] Failed to establish authenticated ssh connection to cirros@172.24.4.4 ([Errno None] Unable to connect to port 22 on  or 172.24.4.4). Number attempts: 9. Retry after 10 seconds.
2015-12-08 01:36:23,698 27314 WARNING  [tempest_lib.common.ssh] Failed to establish authenticated ssh connection to cirros@172.24.4.4 ([Errno None] Unable to connect to port 22 on  or 172.24.4.4). Number attempts: 10. Retry after 11 seconds.
2015-12-08 01:36:38,210 27314 WARNING  [tempest_lib.common.ssh] Failed to establish authenticated ssh connection to cirros@172.24.4.4 ([Errno None] Unable to connect to port 22 on  or 172.24.4.4). Number attempts: 11. Retry after 12 seconds.
2015-12-08 01:36:53,718 27314 WARNING  [tempest_lib.common.ssh] Failed to establish authenticated ssh connection to cirros@172.24.4.4 ([Errno None] Unable to connect to port 22 on  or 172.24.4.4). Number attempts: 12. Retry after 13 seconds.
2015-12-08 01:37:10,234 27314 WARNING  [tempest_lib.common.ssh] Failed to establish authenticated ssh connection to cirros@172.24.4.4 ([Errno None] Unable to connect to port 22 on  or 172.24.4.4). Number attempts: 13. Retry after 14 seconds.
2015-12-08 01:37:27,738 27314 WARNING  [tempest_lib.common.ssh] Failed to establish authenticated ssh connection to cirros@172.24.4.4 ([Errno None] Unable to connect to port 22 on  or 172.24.4.4). Number attempts: 14. Retry after 15 seconds.
2015-12-08 01:37:46,246 27314 WARNING  [tempest_lib.common.ssh] Failed to establish authenticated ssh connection to cirros@172.24.4.4 ([Errno None] Unable to connect to port 22 on  or 172.24.4.4). Number attempts: 15. Retry after 16 seconds.
2015-12-08 01:38:05,762 27314 WARNING  [tempest_lib.common.ssh] Failed to establish authenticated ssh connection to cirros@172.24.4.4 ([Errno None] Unable to connect to port 22 on  or 172.24.4.4). Number attempts: 16. Retry after 17 seconds.
2015-12-08 01:38:26,278 27314 ERROR    [tempest_lib.common.ssh] Failed to establish authenticated ssh connection to cirros@172.24.4.4 after 16 attempts
2015-12-08 01:38:26.278 27314 ERROR tempest_lib.common.ssh Traceback (most recent call last):
2015-12-08 01:38:26.278 27314 ERROR tempest_lib.common.ssh   File "/usr/local/lib/python2.7/dist-packages/tempest_lib/common/ssh.py", line 75, in _get_ssh_connection
2015-12-08 01:38:26.278 27314 ERROR tempest_lib.common.ssh     timeout=self.channel_timeout, pkey=self.pkey)
2015-12-08 01:38:26.278 27314 ERROR tempest_lib.common.ssh   File "/usr/local/lib/python2.7/dist-packages/paramiko/client.py", line 311, in connect
2015-12-08 01:38:26.278 27314 ERROR tempest_lib.common.ssh     raise NoValidConnectionsError(errors)
2015-12-08 01:38:26.278 27314 ERROR tempest_lib.common.ssh NoValidConnectionsError: [Errno None] Unable to connect to port 22 on  or 172.24.4.4
2015-12-08 01:38:26.278 27314 ERROR tempest_lib.common.ssh 
2015-12-08 01:38:26,280 27314 ERROR    [tempest.scenario.manager] (TestGettingAddress:test_dhcp6_stateless_from_os) Initializing SSH connection to 172.24.4.4 failed. Error: Connection to the 172.24.4.4 via SSH timed out.
User: cirros, Password: None
2015-12-08 01:38:26.280 27314 ERROR tempest.scenario.manager Traceback (most recent call last):
2015-12-08 01:38:26.280 27314 ERROR tempest.scenario.manager   File "tempest/scenario/manager.py", line 383, in get_remote_client
2015-12-08 01:38:26.280 27314 ERROR tempest.scenario.manager     linux_client.validate_authentication()
2015-12-08 01:38:26.280 27314 ERROR tempest.scenario.manager   File "tempest/common/utils/linux/remote_client.py", line 63, in validate_authentication
2015-12-08 01:38:26.280 27314 ERROR tempest.scenario.manager     self.ssh_client.test_connection_auth()
2015-12-08 01:38:26.280 27314 ERROR tempest.scenario.manager   File "/usr/local/lib/python2.7/dist-packages/tempest_lib/common/ssh.py", line 167, in test_connection_auth
2015-12-08 01:38:26.280 27314 ERROR tempest.scenario.manager     connection = self._get_ssh_connection()
2015-12-08 01:38:26.280 27314 ERROR tempest.scenario.manager   File "/usr/local/lib/python2.7/dist-packages/tempest_lib/common/ssh.py", line 87, in _get_ssh_connection
2015-12-08 01:38:26.280 27314 ERROR tempest.scenario.manager     password=self.password)
2015-12-08 01:38:26.280 27314 ERROR tempest.scenario.manager SSHTimeout: Connection to the 172.24.4.4 via SSH timed out.
2015-12-08 01:38:26.280 27314 ERROR tempest.scenario.manager User: cirros, Password: None
2015-12-08 01:38:26.280 27314 ERROR tempest.scenario.manager 
2015-12-08 01:38:26,365 27314 INFO     [tempest_lib.common.rest_client] Request (TestGettingAddress:test_dhcp6_stateless_from_os): 200 GET http://10.0.2.15:8774/v2.1/af12ee83fb734f4fa301c79b6b7be6ab/servers 0.082s
2015-12-08 01:38:26,366 27314 DEBUG    [tempest_lib.common.rest_client] Request - Headers: {'Content-Type': 'application/json', 'Accept': 'application/json', 'X-Auth-Token': '&lt;omitted&gt;'}
        Body: None
    Response - Headers: {'status': '200', 'content-length': '389', 'content-location': 'http://10.0.2.15:8774/v2.1/af12ee83fb734f4fa301c79b6b7be6ab/servers', 'x-compute-request-id': 'req-3538987e-11a8-4021-b4ce-a03b59dd16bd', 'vary': 'X-OpenStack-Nova-API-Version', 'connection': 'close', 'x-openstack-nova-api-version': '2.1', 'date': 'Tue, 08 Dec 2015 01:38:26 GMT', 'content-type': 'application/json'}
        Body: {"servers": [{"id": "a8d5ccfd-e6de-4172-b9cc-07fd958c905e", "links": [{"href": "http://10.0.2.15:8774/v2.1/af12ee83fb734f4fa301c79b6b7be6ab/servers/a8d5ccfd-e6de-4172-b9cc-07fd958c905e", "rel": "self"}, {"href": "http://10.0.2.15:8774/af12ee83fb734f4fa301c79b6b7be6ab/servers/a8d5ccfd-e6de-4172-b9cc-07fd958c905e", "rel": "bookmark"}], "name": "tempest.common.compute-instance-36964729"}]}
2015-12-08 01:38:26,583 27314 INFO     [tempest_lib.common.rest_client] Request (TestGettingAddress:test_dhcp6_stateless_from_os): 200 POST http://10.0.2.15:8774/v2.1/af12ee83fb734f4fa301c79b6b7be6ab/servers/a8d5ccfd-e6de-4172-b9cc-07fd958c905e/action 0.210s
2015-12-08 01:38:26,583 27314 DEBUG    [tempest_lib.common.rest_client] Request - Headers: {'Content-Type': 'application/json', 'Accept': 'application/json', 'X-Auth-Token': '&lt;omitted&gt;'}
        Body: {"os-getConsoleOutput": {}}
    Response - Headers: {'status': '200', 'content-length': '24908', 'x-compute-request-id': 'req-3e4b5f4a-a44c-4fee-9511-9462fed4da9e', 'vary': 'X-OpenStack-Nova-API-Version', 'connection': 'close', 'x-openstack-nova-api-version': '2.1', 'date': 'Tue, 08 Dec 2015 01:38:26 GMT', 'content-type': 'application/json'}
        Body: {"output": "[    0.000000] Initializing cgroup subsys cpuset\n[    0.000000] Initializing cgroup subsys cpu\n[    0.000000] Linux version 3.2.0-80-virtual (buildd@batsu) (gcc version 4.6.3 (Ubuntu/Linaro 4.6.3-1ubuntu5) ) #116-Ubuntu SMP Mon Mar 23 17:28:52 UTC 2015 (Ubuntu 3.2.0-80.116-virtual 3.2.68)\n[    0.000000] Command line: root=/dev/vda console=tty0 console=ttyS0 no_timer_check\n[    0.000000] KERNEL supported cpus:\n[    0.000000]   Intel GenuineIntel\n[    0.000000]   AMD AuthenticAMD\n[    0.000000]   Centaur CentaurHauls\n[    0.000000] BIOS-provided physical RAM map:\n[    0.000000]  BIOS-e820: 0000000000000000 - 000000000009fc00 (usable)\n[    0.000000]  BIOS-e820: 000000000009fc00 - 00000000000a0000 (reserved)\n[    0.000000]  BIOS-e820: 00000000000f0000 - 0000000000100000 (reserved)\n[    0.000000]  BIOS-e820: 0000000000100000 - 0000000003ffe000 (usable)\n[    0.000000]  BIOS-e820: 0000000003ffe000 - 0000000004000000 (reserved)\n[    0.000000]  BIOS-e820: 00000000fffc0000 - 0000000100000000 (reserved)\n[    0.000000] NX (Execute Disable) protection: active\n[    0.000000] SMBIOS 2.4 present.\n[    0.000000] No AGP bridge found\n[    0.000000] last_pfn = 0x3ffe max_arch_pfn = 0x400000000\n[    0.000000] x86 PAT enabled: cpu 0, old 0x7040600070406, new 0x7010600070106\n[    0.000000] found SMP MP-table at [ffff8800000f0b00] f0b00\n[    0.000000] init_memory_mapping: 0000000000000000-0000000003ffe000\n[    0.000000] RAMDISK: 03c5e000 - 03ff0000\n[    0.000000] ACPI: RSDP 00000000000f0950 00014 (v00 BOCHS )\n[    0.000000] ACPI: RSDT 0000000003fffbc1 00034 (v01 BOCHS  BXPCRSDT 00000001 BXPC 00000001)\n[    0.000000] ACPI: FACP 0000000003fff1c0 00074 (v01 BOCHS  BXPCFACP 00000001 BXPC 00000001)\n[    0.000000] ACPI: DSDT 0000000003ffe040 01180 (v01 BOCHS  BXPCDSDT 00000001 BXPC 00000001)\n[    0.000000] ACPI: FACS 0000000003ffe000 00040\n[    0.000000] ACPI: SSDT 0000000003fff234 008DD (v01 BOCHS  BXPCSSDT 00000001 BXPC 00000001)\n[    0.000000] ACPI: APIC 0000000003fffb11 00078 (v01 BOCHS  BXPCAPIC 00000001 BXPC 00000001)\n[    0.000000] ACPI: HPET 0000000003fffb89 00038 (v01 BOCHS  BXPCHPET 00000001 BXPC 00000001)\n[    0.000000] No NUMA configuration found\n[    0.000000] Faking a node at 0000000000000000-0000000003ffe000\n[    0.000000] Initmem setup node 0 0000000000000000-0000000003ffe000\n[    0.000000]   NODE_DATA [0000000003ff6000 - 0000000003ffafff]\n[    0.000000] Zone PFN ranges:\n[    0.000000]   DMA      0x00000010 -&gt; 0x00001000\n[    0.000000]   DMA32    0x00001000 -&gt; 0x00100000\n[    0.000000]   Normal   empty\n[    0.000000] Movable zone start PFN for each node\n[    0.000000] early_node_map[2] active PFN ranges\n[    0.000000]     0: 0x00000010 -&gt; 0x0000009f\n[    0.000000]     0: 0x00000100 -&gt; 0x00003ffe\n[    0.000000] ACPI: PM-Timer IO Port: 0xb008\n[    0.000000] ACPI: LAPIC (acpi_id[0x00] lapic_id[0x00] enabled)\n[    0.000000] ACPI: LAPIC_NMI (acpi_id[0xff] dfl dfl lint[0x1])\n[    0.000000] ACPI: IOAPIC (id[0x00] address[0xfec00000] gsi_base[0])\n[    0.000000] IOAPIC[0]: apic_id 0, version 17, address 0xfec00000, GSI 0-23\n[    0.000000] ACPI: INT_SRC_OVR (bus 0 bus_irq 0 global_irq 2 dfl dfl)\n[    0.000000] ACPI: INT_SRC_OVR (bus 0 bus_irq 5 global_irq 5 high level)\n[    0.000000] ACPI: INT_SRC_OVR (bus 0 bus_irq 9 global_irq 9 high level)\n[    0.000000] ACPI: INT_SRC_OVR (bus 0 bus_irq 10 global_irq 10 high level)\n[    0.000000] ACPI: INT_SRC_OVR (bus 0 bus_irq 11 global_irq 11 high level)\n[    0.000000] Using ACPI (MADT) for SMP configuration information\n[    0.000000] ACPI: HPET id: 0x8086a201 base: 0xfed00000\n[    0.000000] SMP: Allowing 1 CPUs, 0 hotplug CPUs\n[    0.000000] PM: Registered nosave memory: 000000000009f000 - 00000000000a0000\n[    0.000000] PM: Registered nosave memory: 00000000000a0000 - 00000000000f0000\n[    0.000000] PM: Registered nosave memory: 00000000000f0000 - 0000000000100000\n[    0.000000] Allocating PCI resources starting at 4000000 (gap: 4000000:fbfc0000)\n[    0.000000] Booting paravirtualized kernel on bare hardware\n[    0.000000] setup_pe
2015-12-08 01:38:26,585 27314 DEBUG    [tempest.scenario.manager] Console output for a8d5ccfd-e6de-4172-b9cc-07fd958c905e
body=
[    0.000000] Initializing cgroup subsys cpuset
[    0.000000] Initializing cgroup subsys cpu
[    0.000000] Linux version 3.2.0-80-virtual (buildd@batsu) (gcc version 4.6.3 (Ubuntu/Linaro 4.6.3-1ubuntu5) ) #116-Ubuntu SMP Mon Mar 23 17:28:52 UTC 2015 (Ubuntu 3.2.0-80.116-virtual 3.2.68)
[    0.000000] Command line: root=/dev/vda console=tty0 console=ttyS0 no_timer_check
[    0.000000] KERNEL supported cpus:
[    0.000000]   Intel GenuineIntel
[    0.000000]   AMD AuthenticAMD
[    0.000000]   Centaur CentaurHauls
[    0.000000] BIOS-provided physical RAM map:
[    0.000000]  BIOS-e820: 0000000000000000 - 000000000009fc00 (usable)
[    0.000000]  BIOS-e820: 000000000009fc00 - 00000000000a0000 (reserved)
[    0.000000]  BIOS-e820: 00000000000f0000 - 0000000000100000 (reserved)
[    0.000000]  BIOS-e820: 0000000000100000 - 0000000003ffe000 (usable)
[    0.000000]  BIOS-e820: 0000000003ffe000 - 0000000004000000 (reserved)
[    0.000000]  BIOS-e820: 00000000fffc0000 - 0000000100000000 (reserved)
[    0.000000] NX (Execute Disable) protection: active
[    0.000000] SMBIOS 2.4 present.
[    0.000000] No AGP bridge found
[    0.000000] last_pfn = 0x3ffe max_arch_pfn = 0x400000000
[    0.000000] x86 PAT enabled: cpu 0, old 0x7040600070406, new 0x7010600070106
[    0.000000] found SMP MP-table at [ffff8800000f0b00] f0b00
[    0.000000] init_memory_mapping: 0000000000000000-0000000003ffe000
[    0.000000] RAMDISK: 03c5e000 - 03ff0000
[    0.000000] ACPI: RSDP 00000000000f0950 00014 (v00 BOCHS )
[    0.000000] ACPI: RSDT 0000000003fffbc1 00034 (v01 BOCHS  BXPCRSDT 00000001 BXPC 00000001)
[    0.000000] ACPI: FACP 0000000003fff1c0 00074 (v01 BOCHS  BXPCFACP 00000001 BXPC 00000001)
[    0.000000] ACPI: DSDT 0000000003ffe040 01180 (v01 BOCHS  BXPCDSDT 00000001 BXPC 00000001)
[    0.000000] ACPI: FACS 0000000003ffe000 00040
[    0.000000] ACPI: SSDT 0000000003fff234 008DD (v01 BOCHS  BXPCSSDT 00000001 BXPC 00000001)
[    0.000000] ACPI: APIC 0000000003fffb11 00078 (v01 BOCHS  BXPCAPIC 00000001 BXPC 00000001)
[    0.000000] ACPI: HPET 0000000003fffb89 00038 (v01 BOCHS  BXPCHPET 00000001 BXPC 00000001)
[    0.000000] No NUMA configuration found
[    0.000000] Faking a node at 0000000000000000-0000000003ffe000
[    0.000000] Initmem setup node 0 0000000000000000-0000000003ffe000
[    0.000000]   NODE_DATA [0000000003ff6000 - 0000000003ffafff]
[    0.000000] Zone PFN ranges:
[    0.000000]   DMA      0x00000010 -&gt; 0x00001000
[    0.000000]   DMA32    0x00001000 -&gt; 0x00100000
[    0.000000]   Normal   empty
[    0.000000] Movable zone start PFN for each node
[    0.000000] early_node_map[2] active PFN ranges
[    0.000000]     0: 0x00000010 -&gt; 0x0000009f
[    0.000000]     0: 0x00000100 -&gt; 0x00003ffe
[    0.000000] ACPI: PM-Timer IO Port: 0xb008
[    0.000000] ACPI: LAPIC (acpi_id[0x00] lapic_id[0x00] enabled)
[    0.000000] ACPI: LAPIC_NMI (acpi_id[0xff] dfl dfl lint[0x1])
[    0.000000] ACPI: IOAPIC (id[0x00] address[0xfec00000] gsi_base[0])
[    0.000000] IOAPIC[0]: apic_id 0, version 17, address 0xfec00000, GSI 0-23
[    0.000000] ACPI: INT_SRC_OVR (bus 0 bus_irq 0 global_irq 2 dfl dfl)
[    0.000000] ACPI: INT_SRC_OVR (bus 0 bus_irq 5 global_irq 5 high level)
[    0.000000] ACPI: INT_SRC_OVR (bus 0 bus_irq 9 global_irq 9 high level)
[    0.000000] ACPI: INT_SRC_OVR (bus 0 bus_irq 10 global_irq 10 high level)
[    0.000000] ACPI: INT_SRC_OVR (bus 0 bus_irq 11 global_irq 11 high level)
[    0.000000] Using ACPI (MADT) for SMP configuration information
[    0.000000] ACPI: HPET id: 0x8086a201 base: 0xfed00000
[    0.000000] SMP: Allowing 1 CPUs, 0 hotplug CPUs
[    0.000000] PM: Registered nosave memory: 000000000009f000 - 00000000000a0000
[    0.000000] PM: Registered nosave memory: 00000000000a0000 - 00000000000f0000
[    0.000000] PM: Registered nosave memory: 00000000000f0000 - 0000000000100000
[    0.000000] Allocating PCI resources starting at 4000000 (gap: 4000000:fbfc0000)
[    0.000000] Booting paravirtualized kernel on bare hardware
[    0.000000] setup_percpu: NR_CPUS:64 nr_cpumask_bits:64 nr_cpu_ids:1 nr_node_ids:1
[    0.000000] PERCPU: Embedded 27 pages/cpu @ffff880003a00000 s78848 r8192 d23552 u2097152
[    0.000000] Built 1 zonelists in Node order, mobility grouping on.  Total pages: 16008
[    0.000000] Policy zone: DMA32
[    0.000000] Kernel command line: root=/dev/vda console=tty0 console=ttyS0 no_timer_check
[    0.000000] PID hash table entries: 256 (order: -1, 2048 bytes)
[    0.000000] Checking aperture...
[    0.000000] No AGP bridge found
[    0.000000] Memory: 43492k/65528k available (6576k kernel code, 452k absent, 21584k reserved, 6620k data, 928k init)
[    0.000000] SLUB: Genslabs=15, HWalign=64, Order=0-3, MinObjects=0, CPUs=1, Nodes=1
[    0.000000] Hierarchical RCU implementation.
[    0.000000] 	RCU dyntick-idle grace-period acceleration is enabled.
[    0.000000] NR_IRQS:4352 nr_irqs:256 16
[    0.000000] Console: colour VGA+ 80x25
[    0.000000] console [tty0] enabled
[    0.000000] console [ttyS0] enabled
[    0.000000] allocated 1048576 bytes of page_cgroup
[    0.000000] please try 'cgroup_disable=memory' option if you don't want memory cgroups
[    0.000000] Fast TSC calibration failed
[    0.000000] TSC: Unable to calibrate against PIT
[    0.000000] TSC: using HPET reference calibration
[    0.000000] Detected 2293.272 MHz processor.
[    0.032851] Calibrating delay loop (skipped), value calculated using timer frequency.. 4586.54 BogoMIPS (lpj=9173088)
[    0.036778] pid_max: default: 32768 minimum: 301
[    0.044142] Security Framework initialized
[    0.049012] AppArmor: AppArmor initialized
[    0.049831] Yama: becoming mindful.
[    0.061188] Dentry cache hash table entries: 8192 (order: 4, 65536 bytes)
[    0.063211] Inode-cache hash table entries: 4096 (order: 3, 32768 bytes)
[    0.064742] Mount-cache hash table entries: 256
[    0.081705] Initializing cgroup subsys cpuacct
[    0.084332] Initializing cgroup subsys memory
[    0.085623] Initializing cgroup subsys devices
[    0.086494] Initializing cgroup subsys freezer
[    0.088137] Initializing cgroup subsys blkio
[    0.088899] Initializing cgroup subsys perf_event
[    0.093902] mce: CPU supports 10 MCE banks
[    0.100687] SMP alternatives: switching to UP code
[    0.475381] Freeing SMP alternatives: 24k freed
[    0.476639] ACPI: Core revision 20110623
[    0.539156] ftrace: allocating 26610 entries in 105 pages
[    0.569650] ..TIMER: vector=0x30 apic1=0 pin1=2 apic2=-1 pin2=-1
[    0.571095] CPU0: AMD QEMU Virtual CPU version 2.0.0 stepping 03
[    0.576035] APIC calibration not consistent with PM-Timer: 101ms instead of 100ms
[    0.576035] APIC delta adjusted to PM-Timer: 6249977 (6317950)
[    0.576035] Performance Events: Broken PMU hardware detected, using software events only.
[    0.584433] NMI watchdog disabled (cpu0): hardware events not enabled
[    0.585984] Brought up 1 CPUs
[    0.586498] Total of 1 processors activated (4586.54 BogoMIPS).
[    0.612567] devtmpfs: initialized
[    0.640881] EVM: security.selinux
[    0.641336] EVM: security.SMACK64
[    0.641832] EVM: security.capability
[    0.670468] print_constraints: dummy: 
[    0.673347] RTC time:  1:34:56, date: 12/08/15
[    0.680771] NET: Registered protocol family 16
[    0.691231] ACPI: bus type pci registered
[    0.694854] PCI: Using configuration type 1 for base access
[    0.728498] bio: create slab &lt;bio-0&gt; at 0
[    0.734030] ACPI: Added _OSI(Module Device)
[    0.734685] ACPI: Added _OSI(Processor Device)
[    0.735381] ACPI: Added _OSI(3.0 _SCP Extensions)
[    0.736106] ACPI: Added _OSI(Processor Aggregator Device)
[    0.818340] ACPI: Interpreter enabled
[    0.818936] ACPI: (supports S0 S3 S4 S5)
[    0.821342] ACPI: Using IOAPIC for interrupt routing
[    0.901196] ACPI: No dock devices found.
[    0.901894] HEST: Table not found.
[    0.902457] PCI: Using host bridge windows from ACPI; if necessary, use "pci=nocrs" and report a bug
[    0.909484] ACPI: PCI Root Bridge [PCI0] (domain 0000 [bus 00-ff])
[    0.914836] pci_root PNP0A03:00: host bridge window [io  0x0000-0x0cf7]
[    0.916158] pci_root PNP0A03:00: host bridge window [io  0x0d00-0xadff]
[    0.917415] pci_root PNP0A03:00: host bridge window [io  0xae0f-0xaeff]
[    0.918209] pci_root PNP0A03:00: host bridge window [io  0xaf20-0xafdf]
[    0.920109] pci_root PNP0A03:00: host bridge window [io  0xafe4-0xffff]
[    0.920976] pci_root PNP0A03:00: host bridge window [mem 0x000a0000-0x000bffff]
[    0.922446] pci_root PNP0A03:00: host bridge window [mem 0x04000000-0xfebfffff]
[    0.948889] pci 0000:00:01.3: quirk: [io  0xb000-0xb03f] claimed by PIIX4 ACPI
[    0.950021] pci 0000:00:01.3: quirk: [io  0xb100-0xb10f] claimed by PIIX4 SMB
[    1.022475]  pci0000:00: Unable to request _OSC control (_OSC support mask: 0x1e)
[    1.084412] ACPI: PCI Interrupt Link [LNKA] (IRQs 5 *10 11)
[    1.086784] ACPI: PCI Interrupt Link [LNKB] (IRQs 5 *10 11)
[    1.089145] ACPI: PCI Interrupt Link [LNKC] (IRQs 5 10 *11)
[    1.090914] ACPI: PCI Interrupt Link [LNKD] (IRQs 5 10 *11)
[    1.092928] ACPI: PCI Interrupt Link [LNKS] (IRQs *9)
[    1.100630] vgaarb: device added: PCI:0000:00:02.0,decodes=io+mem,owns=io+mem,locks=none
[    1.102527] vgaarb: loaded
[    1.103105] vgaarb: bridge control possible 0000:00:02.0
[    1.108140] i2c-core: driver [aat2870] using legacy suspend method
[    1.108855] i2c-core: driver [aat2870] using legacy resume method
[    1.111262] SCSI subsystem initialized
[    1.114747] usbcore: registered new interface driver usbfs
[    1.116631] usbcore: registered new interface driver hub
[    1.117926] usbcore: registered new device driver usb
[    1.122923] PCI: Using ACPI for IRQ routing
[    1.140540] NetLabel: Initializing
[    1.140918] NetLabel:  domain hash size = 128
[    1.142153] NetLabel:  protocols = UNLABELED CIPSOv4
[    1.144848] NetLabel:  unlabeled traffic allowed by default
[    1.148192] HPET: 3 timers in total, 0 timers will be used for per-cpu timer
[    1.149309] hpet0: at MMIO 0xfed00000, IRQs 2, 8, 0
[    1.150348] hpet0: 3 comparators, 64-bit 100.000000 MHz counter
[    1.166272] Switching to clocksource hpet
[    1.434394] AppArmor: AppArmor Filesystem Enabled
[    1.437654] pnp: PnP ACPI init
[    1.438951] ACPI: bus type pnp registered
[    1.465829] pnp: PnP ACPI: found 9 devices
[    1.466402] ACPI: ACPI bus type pnp unregistered
[    1.529702] NET: Registered protocol family 2
[    1.566814] IP route cache hash table entries: 512 (order: 0, 4096 bytes)
[    1.574984] TCP established hash table entries: 2048 (order: 3, 32768 bytes)
[    1.576047] TCP bind hash table entries: 2048 (order: 3, 32768 bytes)
[    1.577991] TCP: Hash tables configured (established 2048 bind 2048)
[    1.578994] TCP reno registered
[    1.579523] UDP hash table entries: 128 (order: 0, 4096 bytes)
[    1.581040] UDP-Lite hash table entries: 128 (order: 0, 4096 bytes)
[    1.583608] NET: Registered protocol family 1
[    1.585211] pci 0000:00:00.0: Limiting direct PCI/PCI transfers
[    1.585975] pci 0000:00:01.0: PIIX3: Enabling Passive Release
[    1.586956] pci 0000:00:01.0: Activating ISA DMA hang workarounds
[    1.591638] ACPI: PCI Interrupt Link [LNKD] enabled at IRQ 11
[    1.593556] pci 0000:00:01.2: PCI INT D -&gt; Link[LNKD] -&gt; GSI 11 (level, high) -&gt; IRQ 11
[    1.595546] pci 0000:00:01.2: PCI INT D disabled
[    1.611779] Trying to unpack rootfs image as initramfs...
[    1.638872] audit: initializing netlink socket (disabled)
[    1.641827] type=2000 audit(1449538496.640:1): initialized
[    1.919837] HugeTLB registered 2 MB page size, pre-allocated 0 pages
[    2.025223] VFS: Disk quotas dquot_6.5.2
[    2.027342] Dquot-cache hash table entries: 512 (order 0, 4096 bytes)
[    2.054535] fuse init (API version 7.17)
[    2.058684] msgmni has been set to 84
[    2.091683] Block layer SCSI generic (bsg) driver version 0.4 loaded (major 253)
[    2.101502] io scheduler noop registered
[    2.102040] io scheduler deadline registered (default)
[    2.103325] io scheduler cfq registered
[    2.107130] pci_hotplug: PCI Hot Plug PCI Core version: 0.5
[    2.109763] pciehp: PCI Express Hot Plug Controller Driver version: 0.4
[    2.114537] input: Power Button as /devices/LNXSYSTM:00/LNXPWRBN:00/input/input0
[    2.116020] ACPI: Power Button [PWRF]
[    2.162349] ERST: Table is not found!
[    2.162922] GHES: HEST is not enabled!
[    2.173372] ACPI: PCI Interrupt Link [LNKC] enabled at IRQ 10
[    2.174142] virtio-pci 0000:00:03.0: PCI INT A -&gt; Link[LNKC] -&gt; GSI 10 (level, high) -&gt; IRQ 10
[    2.177349] virtio-pci 0000:00:04.0: PCI INT A -&gt; Link[LNKD] -&gt; GSI 11 (level, high) -&gt; IRQ 11
[    2.189658] ACPI: PCI Interrupt Link [LNKA] enabled at IRQ 10
[    2.191214] virtio-pci 0000:00:05.0: PCI INT A -&gt; Link[LNKA] -&gt; GSI 10 (level, high) -&gt; IRQ 10
[    2.206058] Serial: 8250/16550 driver, 32 ports, IRQ sharing enabled
[    2.246905] serial8250: ttyS0 at I/O 0x3f8 (irq = 4) is a 16550A
[    2.330556] serial8250: ttyS1 at I/O 0x2f8 (irq = 3) is a 16550A
[    2.448923] 00:05: ttyS0 at I/O 0x3f8 (irq = 4) is a 16550A
[    2.538241] 00:06: ttyS1 at I/O 0x2f8 (irq = 3) is a 16550A
[    2.591845] Linux agpgart interface v0.103
[    2.600964] Refined TSC clocksource calibration: 2293.513 MHz.
[    2.601583] Switching to clocksource tsc
[    2.670132] brd: module loaded
[    2.703140] loop: module loaded
[    2.778631]  vda: unknown partition table
[    2.839068] scsi0 : ata_piix
[    2.849021] scsi1 : ata_piix
[    2.850356] ata1: PATA max MWDMA2 cmd 0x1f0 ctl 0x3f6 bmdma 0xc0a0 irq 14
[    2.851508] ata2: PATA max MWDMA2 cmd 0x170 ctl 0x376 bmdma 0xc0a8 irq 15
[    2.867969] Fixed MDIO Bus: probed
[    2.869920] tun: Universal TUN/TAP device driver, 1.6
[    2.870894] tun: (C) 1999-2004 Max Krasnyansky &lt;maxk@qualcomm.com&gt;
[    2.886828] PPP generic driver version 2.4.2
[    2.910142] ehci_hcd: USB 2.0 'Enhanced' Host Controller (EHCI) Driver
[    2.911965] ohci_hcd: USB 1.1 'Open' Host Controller (OHCI) Driver
[    2.914685] uhci_hcd: USB Universal Host Controller Interface driver
[    2.915761] uhci_hcd 0000:00:01.2: PCI INT D -&gt; Link[LNKD] -&gt; GSI 11 (level, high) -&gt; IRQ 11
[    2.919128] uhci_hcd 0000:00:01.2: UHCI Host Controller
[    2.950163] uhci_hcd 0000:00:01.2: new USB bus registered, assigned bus number 1
[    2.951982] uhci_hcd 0000:00:01.2: irq 11, io base 0x0000c040
[    2.980332] hub 1-0:1.0: USB hub found
[    2.984175] hub 1-0:1.0: 2 ports detected
[    2.993196] usbcore: registered new interface driver libusual
[    2.998760] i8042: PNP: PS/2 Controller [PNP0303:KBD,PNP0f13:MOU] at 0x60,0x64 irq 1,12
[    3.007298] serio: i8042 KBD port at 0x60,0x64 irq 1
[    3.008872] serio: i8042 AUX port at 0x60,0x64 irq 12
[    3.050997] mousedev: PS/2 mouse device common for all mice
[    3.066349] input: AT Translated Set 2 keyboard as /devices/platform/i8042/serio0/input/input1
[    3.071247] rtc_cmos 00:01: RTC can wake from S4
[    3.083449] rtc_cmos 00:01: rtc core: registered rtc_cmos as rtc0
[    3.087868] rtc0: alarms up to one day, 114 bytes nvram, hpet irqs
[    3.097394] device-mapper: uevent: version 1.0.3
[    3.124873] device-mapper: ioctl: 4.22.0-ioctl (2011-10-19) initialised: dm-devel@redhat.com
[    3.129005] cpuidle: using governor ladder
[    3.132107] cpuidle: using governor menu
[    3.134934] EFI Variables Facility v0.08 2004-May-17
[    3.149104] TCP cubic registered
[    3.153914] NET: Registered protocol family 10
[    3.185027] NET: Registered protocol family 17
[    3.186831] Registering the dns_resolver key type
[    3.202782] ata2.01: ATAPI: QEMU DVD-ROM, 2.0.0, max UDMA/100
[    3.218559] ata2.01: configured for MWDMA2
[    3.267084] scsi 1:0:1:0: CD-ROM            QEMU     QEMU DVD-ROM     2.0. PQ: 0 ANSI: 5
[    3.299264] sr0: scsi3-mmc drive: 4x/4x cd/rw xa/form2 tray
[    3.300869] cdrom: Uniform CD-ROM driver Revision: 3.20
[    3.311444] sr 1:0:1:0: Attached scsi generic sg0 type 5
[    3.352789] Freeing initrd memory: 3656k freed
[    3.365749] registered taskstats version 1
[    3.826227]   Magic number: 11:768:558
[    3.836493] tty ttyS30: hash matches
[    3.837382] misc vga_arbiter: hash matches
[    3.841306] rtc_cmos 00:01: setting system clock to 2015-12-08 01:34:59 UTC (1449538499)
[    3.843885] powernow-k8: Processor cpuid 663 not supported
[    3.848020] BIOS EDD facility v0.16 2004-Jun-25, 0 devices found
[    3.852415] EDD information not available.
[    3.918264] Freeing unused kernel memory: 928k freed
[    3.925876] Write protecting the kernel read-only data: 12288k
[    4.061720] Freeing unused kernel memory: 1596k freed
[    4.146559] Freeing unused kernel memory: 1184k freed

info: initramfs: up at 4.32
modprobe: module virtio_blk not found in modules.dep
modprobe: module virtio_net not found in modules.dep
info: copying initramfs to /dev/vda
info: initramfs loading root from /dev/vda
info: /etc/init.d/rc.sysinit: up at 9.15
info: container: none
Starting logging: OK
modprobe: module virtio_blk not found in modules.dep
modprobe: module virtio_net not found in modules.dep
WARN: /etc/rc3.d/S10-load-modules failed
Initializing random number generator... done.
Starting acpid: OK
cirros-ds 'local' up at 11.58
found datasource (configdrive, local)
Starting network...
udhcpc (v1.20.1) started
Sending discover...
Sending discover...
Sending discover...
Usage: /sbin/cirros-dhcpc &lt;up|down&gt;
No lease, failing
WARN: /etc/rc3.d/S40-network failed
Starting dropbear sshd: generating rsa key... generating dsa key... OK
no userdata for datasource
=== system information ===
Platform: OpenStack Foundation OpenStack Nova
Container: none
Arch: x86_64
CPU(s): 1 @ 2293.272 MHz
Cores/Sockets/Threads: 1/1/1
Virt-type: AMD-V
RAM Size: 49MB
Disks:
NAME MAJ:MIN     SIZE LABEL         MOUNTPOINT
vda  253:0   25165824 cirros-rootfs /
sr0   11:0     428032 config-2      
=== sshd host keys ===
-----BEGIN SSH HOST KEY KEYS-----
ssh-rsa AAAAB3NzaC1yc2EAAAADAQABAAAAgmu1qj+mc3wboWDDT/3DzWSet/MhfoZ0EzYyE4CX/pqjRW57ohv+wQpVm8xE5zfzfHFvMSRR/LmvP2YapK7hSXBNhRn6rZZ/acUpsmzLKDvffz9pz/Ef7LRnTQyg6pvuaSUGuuVem7EbgIaM8Khemp3qNPlvZOhs6FyRIchURiBKcIM= root@tempest
ssh-dss AAAAB3NzaC1kc3MAAACBAMRb3AAM4+6E6HEA5M0OYED+czTrr4aftBWeNab4ngteAorSivIh1IcawXOO106F/ybYiAxCE6ZGOvris2o4hdbvu30t8LdJFaQiwJjf0MW3c0ljI/69G3O2whi+oDA5VWd4gGcpoVJWX6VCtqLR+Fb9IuAtP4Kdc0o0HT5ngNc3AAAAFQDD435w97LckE2drAqay8erByJ+uQAAAIAzPJCYfHixVHQesivtFIVH1CCFLAsHJ/aFhay3lY/uj5VYSLn3LHiFtPg3rzcZ0KZHZ2ILPjJ4InHQC160DOJtee8lN8UKpai0lauMTQbU5LsppKKnIdrQAIZKxFqFfrRNDyEoW6RcwnjH36rZeyF6ceqxyUpql+eKivEXZQm+swAAAIBDnoBE+WF7a+0DEH3tOwbGDFf97yfSMa3N618FeycurxQpwNMLZy3q9qcYzOgXkAspCDf0dimJBMKypIO2+YUABStbkto8rlEWbNP5PMItNsYE94522zmkKnP9wMlhKJrOHszIk7pmnfWoglimrvrQt4mnoco3/UBwiN625jli6g== root@tempest
-----END SSH HOST KEY KEYS-----
=== network info ===
if-info: lo,up,127.0.0.1,8,::1
if-info: eth0,up,,8,fe80::f816:3eff:fe2c:5286
=== datasource: configdrive local ===
instance-id: a8d5ccfd-e6de-4172-b9cc-07fd958c905e
name: tempest.common.compute-instance-36964729
availability-zone: nova
local-hostname: tempest.common.compute-instance-36964729.novalocal
launch-index: 0
=== cirros: current=0.3.4 uptime=204.76 ===
route: fscanf
=== pinging gateway failed, debugging connection ===
############ debug start ##############
### /etc/init.d/sshd start
Starting dropbear sshd: OK
route: fscanf
### ifconfig -a
eth0      Link encap:Ethernet  HWaddr FA:16:3E:2C:52:86  
          inet6 addr: fe80::f816:3eff:fe2c:5286/64 Scope:Link
          UP BROADCAST RUNNING MULTICAST  MTU:1500  Metric:1
          RX packets:12 errors:0 dropped:5 overruns:0 frame:0
          TX packets:8 errors:0 dropped:0 overruns:0 carrier:0
          collisions:0 txqueuelen:1000 
          RX bytes:1303 (1.2 KiB)  TX bytes:1134 (1.1 KiB)

lo        Link encap:Local Loopback  
          inet addr:127.0.0.1  Mask:255.0.0.0
          inet6 addr: ::1/128 Scope:Host
          UP LOOPBACK RUNNING  MTU:16436  Metric:1
          RX packets:12 errors:0 dropped:0 overruns:0 frame:0
          TX packets:12 errors:0 dropped:0 overruns:0 carrier:0
          collisions:0 txqueuelen:0 
          RX bytes:1020 (1020.0 B)  TX bytes:1020 (1020.0 B)

### route -n
Kernel IP routing table
Destination     Gateway         Genmask         Flags Metric Ref    Use Iface
route: fscanf
### cat /etc/resolv.conf
cat: can't open '/etc/resolv.conf': No such file or directory
### gateway not found
/sbin/cirros-status: line 1: can't open /etc/resolv.conf: no such file
### pinging nameservers
### uname -a
Linux tempest 3.2.0-80-virtual #116-Ubuntu SMP Mon Mar 23 17:28:52 UTC 2015 x86_64 GNU/Linux
### lsmod
Module                  Size  Used by    Not tainted
nls_iso8859_1          12713  0 
nls_cp437              16991  0 
vfat                   17585  0 
fat                    61512  1 vfat
isofs                  40259  0 
ip_tables              27473  0 
x_tables               29891  1 ip_tables
pcnet32                42119  0 
8139cp                 27360  0 
ne2k_pci               13691  0 
8390                   18856  1 ne2k_pci
e1000                 108589  0 
acpiphp                24231  0 
### dmesg | tail
[    5.170517] EXT3-fs (vda): mounted filesystem with ordered data mode
[    5.448912] ISO 9660 Extensions: Microsoft Joliet Level 3
[    5.513464] ISO 9660 Extensions: RRIP_1991A
[    5.761047] kjournald starting.  Commit interval 5 seconds
[    5.771725] EXT3-fs (vda): using internal journal
[    5.774074] EXT3-fs (vda): mounted filesystem with ordered data mode
[    9.246109] EXT3-fs (vda): using internal journal
[   12.323385] ISO 9660 Extensions: Microsoft Joliet Level 3
[   12.404081] ISO 9660 Extensions: RRIP_1991A
[   26.674723] eth0: no IPv6 routers present
### tail -n 25 /var/log/messages
Dec  8 01:35:06 cirros kern.info kernel: [    4.645544] acpiphp: Slot [26] registered
Dec  8 01:35:06 cirros kern.info kernel: [    4.645886] acpiphp: Slot [27] registered
Dec  8 01:35:06 cirros kern.info kernel: [    4.646227] acpiphp: Slot [28] registered
Dec  8 01:35:06 cirros kern.info kernel: [    4.646680] acpiphp: Slot [29] registered
Dec  8 01:35:06 cirros kern.info kernel: [    4.647045] acpiphp: Slot [30] registered
Dec  8 01:35:06 cirros kern.info kernel: [    4.647374] acpiphp: Slot [31] registered
Dec  8 01:35:06 cirros kern.info kernel: [    4.703002] e1000: Intel(R) PRO/1000 Network Driver - version 7.3.21-k8-NAPI
Dec  8 01:35:06 cirros kern.info kernel: [    4.703053] e1000: Copyright (c) 1999-2006 Intel Corporation.
Dec  8 01:35:06 cirros kern.info kernel: [    4.746688] ne2k-pci.c:v1.03 9/22/2003 D. Becker/P. Gortmaker
Dec  8 01:35:06 cirros kern.info kernel: [    4.789307] 8139cp: 8139cp: 10/100 PCI Ethernet driver v1.3 (Mar 22, 2004)
Dec  8 01:35:06 cirros kern.info kernel: [    4.838316] pcnet32: pcnet32.c:v1.35 21.Apr.2008 tsbogend@alpha.franken.de
Dec  8 01:35:06 cirros kern.info kernel: [    4.881869] ip_tables: (C) 2000-2006 Netfilter Core Team
Dec  8 01:35:06 cirros kern.info kernel: [    5.164672] kjournald starting.  Commit interval 5 seconds
Dec  8 01:35:06 cirros kern.info kernel: [    5.170517] EXT3-fs (vda): mounted filesystem with ordered data mode
Dec  8 01:35:06 cirros kern.debug kernel: [    5.448912] ISO 9660 Extensions: Microsoft Joliet Level 3
Dec  8 01:35:06 cirros kern.debug kernel: [    5.513464] ISO 9660 Extensions: RRIP_1991A
Dec  8 01:35:06 cirros kern.info kernel: [    5.761047] kjournald starting.  Commit interval 5 seconds
Dec  8 01:35:06 cirros kern.info kernel: [    5.771725] EXT3-fs (vda): using internal journal
Dec  8 01:35:06 cirros kern.info kernel: [    5.774074] EXT3-fs (vda): mounted filesystem with ordered data mode
Dec  8 01:35:06 cirros kern.info kernel: [    9.246109] EXT3-fs (vda): using internal journal
Dec  8 01:35:07 cirros kern.debug kernel: [   12.323385] ISO 9660 Extensions: Microsoft Joliet Level 3
Dec  8 01:35:08 cirros kern.debug kernel: [   12.404081] ISO 9660 Extensions: RRIP_1991A
Dec  8 01:35:10 cirros auth.notice su: + /dev/console root:cirros
Dec  8 01:35:22 cirros kern.debug kernel: [   26.674723] eth0: no IPv6 routers present
Dec  8 01:38:18 cirros authpriv.info dropbear[283]: Running in background
############ debug end   ##############
  ____               ____  ____
 / __/ __ ____ ____ / __ \/ __/
/ /__ / // __// __// /_/ /\ \ 
\___//_//_/  /_/   \____/___/ 
   http://cirros-cloud.net


login as 'cirros' user. default password: 'cubswin:)'. use 'sudo' for root.
tempest login: 
2015-12-08 01:38:26,773 27314 INFO     [tempest_lib.common.rest_client] Request (TestGettingAddress:_run_cleanups): 204 DELETE http://10.0.2.15:9696/v2.0/floatingips/3df408ce-6371-4e4c-8010-8b6bff62bfaa 0.185s
2015-12-08 01:38:26,774 27314 DEBUG    [tempest_lib.common.rest_client] Request - Headers: {'Content-Type': 'application/json', 'Accept': 'application/json', 'X-Auth-Token': '&lt;omitted&gt;'}
        Body: None
    Response - Headers: {'date': 'Tue, 08 Dec 2015 01:38:26 GMT', 'status': '204', 'connection': 'close', 'content-length': '0', 'x-openstack-request-id': 'req-f9fdd968-ae25-4e70-9630-9efc6808772f'}
        Body: 
2015-12-08 01:38:26,984 27314 INFO     [tempest_lib.common.rest_client] Request (TestGettingAddress:_run_cleanups): 204 DELETE http://10.0.2.15:8774/v2.1/af12ee83fb734f4fa301c79b6b7be6ab/servers/a8d5ccfd-e6de-4172-b9cc-07fd958c905e 0.210s
2015-12-08 01:38:26,985 27314 DEBUG    [tempest_lib.common.rest_client] Request - Headers: {'Content-Type': 'application/json', 'Accept': 'application/json', 'X-Auth-Token': '&lt;omitted&gt;'}
        Body: None
    Response - Headers: {'status': '204', 'content-length': '0', 'x-compute-request-id': 'req-37f8eea5-12f1-42c7-852e-1191c95a4a81', 'vary': 'X-OpenStack-Nova-API-Version', 'connection': 'close', 'x-openstack-nova-api-version': '2.1', 'date': 'Tue, 08 Dec 2015 01:38:26 GMT', 'content-type': 'application/json'}
        Body: 
2015-12-08 01:38:27,222 27314 INFO     [tempest_lib.common.rest_client] Request (TestGettingAddress:_run_cleanups): 200 GET http://10.0.2.15:8774/v2.1/af12ee83fb734f4fa301c79b6b7be6ab/servers/a8d5ccfd-e6de-4172-b9cc-07fd958c905e 0.237s
2015-12-08 01:38:27,223 27314 DEBUG    [tempest_lib.common.rest_client] Request - Headers: {'Content-Type': 'application/json', 'Accept': 'application/json', 'X-Auth-Token': '&lt;omitted&gt;'}
        Body: None
    Response - Headers: {'status': '200', 'content-length': '1903', 'content-location': 'http://10.0.2.15:8774/v2.1/af12ee83fb734f4fa301c79b6b7be6ab/servers/a8d5ccfd-e6de-4172-b9cc-07fd958c905e', 'x-compute-request-id': 'req-17db727b-3020-4b4f-b6bc-232fa130c2b4', 'vary': 'X-OpenStack-Nova-API-Version', 'connection': 'close', 'x-openstack-nova-api-version': '2.1', 'date': 'Tue, 08 Dec 2015 01:38:27 GMT', 'content-type': 'application/json'}
        Body: {"server": {"status": "ACTIVE", "updated": "2015-12-08T01:38:26Z", "hostId": "d2817d715b21770d103f32fe8b08417070c050eb3f371a57a86042f7", "addresses": {"tempest-network-smoke--1103947550": [{"OS-EXT-IPS-MAC:mac_addr": "fa:16:3e:2c:52:86", "version": 6, "addr": "2003::f816:3eff:fe2c:5286", "OS-EXT-IPS:type": "fixed"}, {"OS-EXT-IPS-MAC:mac_addr": "fa:16:3e:2c:52:86", "version": 4, "addr": "10.100.0.3", "OS-EXT-IPS:type": "fixed"}, {"OS-EXT-IPS-MAC:mac_addr": "fa:16:3e:2c:52:86", "version": 4, "addr": "172.24.4.4", "OS-EXT-IPS:type": "floating"}]}, "links": [{"href": "http://10.0.2.15:8774/v2.1/af12ee83fb734f4fa301c79b6b7be6ab/servers/a8d5ccfd-e6de-4172-b9cc-07fd958c905e", "rel": "self"}, {"href": "http://10.0.2.15:8774/af12ee83fb734f4fa301c79b6b7be6ab/servers/a8d5ccfd-e6de-4172-b9cc-07fd958c905e", "rel": "bookmark"}], "key_name": "tempest-TestGettingAddress-1983042564", "image": {"id": "3d78aa2f-c74c-41fe-b66a-fae6874629b4", "links": [{"href": "http://10.0.2.15:8774/af12ee83fb734f4fa301c79b6b7be6ab/images/3d78aa2f-c74c-41fe-b66a-fae6874629b4", "rel": "bookmark"}]}, "OS-EXT-STS:task_state": "deleting", "OS-EXT-STS:vm_state": "active", "OS-SRV-USG:launched_at": "2015-12-08T01:34:52.000000", "flavor": {"id": "42", "links": [{"href": "http://10.0.2.15:8774/af12ee83fb734f4fa301c79b6b7be6ab/flavors/42", "rel": "bookmark"}]}, "id": "a8d5ccfd-e6de-4172-b9cc-07fd958c905e", "security_groups": [{"name": "tempest-secgroup-smoke-2009771725"}], "OS-SRV-USG:terminated_at": null, "OS-EXT-AZ:availability_zone": "nova", "user_id": "5bacd450390b49c1b323c8d616ea832c", "name": "tempest.common.compute-instance-36964729", "created": "2015-12-08T01:34:49Z", "tenant_id": "af12ee83fb734f4fa301c79b6b7be6ab", "OS-DCF:diskConfig": "MANUAL", "os-extended-volumes:volumes_attached": [], "accessIPv4": "", "accessIPv6": "", "progress": 0, "OS-EXT-STS:power_state": 1, "config_drive": "True", "metadata": {}}}
2015-12-08 01:38:28,501 27314 INFO     [tempest_lib.common.rest_client] Request (TestGettingAddress:_run_cleanups): 200 GET http://10.0.2.15:8774/v2.1/af12ee83fb734f4fa301c79b6b7be6ab/servers/a8d5ccfd-e6de-4172-b9cc-07fd958c905e 0.266s
2015-12-08 01:38:28,502 27314 DEBUG    [tempest_lib.common.rest_client] Request - Headers: {'Content-Type': 'application/json', 'Accept': 'application/json', 'X-Auth-Token': '&lt;omitted&gt;'}
        Body: None
    Response - Headers: {'status': '200', 'content-length': '1438', 'content-location': 'http://10.0.2.15:8774/v2.1/af12ee83fb734f4fa301c79b6b7be6ab/servers/a8d5ccfd-e6de-4172-b9cc-07fd958c905e', 'x-compute-request-id': 'req-e4b009d0-60a1-4667-af23-b57c7e4f4cac', 'vary': 'X-OpenStack-Nova-API-Version', 'connection': 'close', 'x-openstack-nova-api-version': '2.1', 'date': 'Tue, 08 Dec 2015 01:38:28 GMT', 'content-type': 'application/json'}
        Body: {"server": {"status": "ACTIVE", "updated": "2015-12-08T01:38:27Z", "hostId": "d2817d715b21770d103f32fe8b08417070c050eb3f371a57a86042f7", "addresses": {}, "links": [{"href": "http://10.0.2.15:8774/v2.1/af12ee83fb734f4fa301c79b6b7be6ab/servers/a8d5ccfd-e6de-4172-b9cc-07fd958c905e", "rel": "self"}, {"href": "http://10.0.2.15:8774/af12ee83fb734f4fa301c79b6b7be6ab/servers/a8d5ccfd-e6de-4172-b9cc-07fd958c905e", "rel": "bookmark"}], "key_name": "tempest-TestGettingAddress-1983042564", "image": {"id": "3d78aa2f-c74c-41fe-b66a-fae6874629b4", "links": [{"href": "http://10.0.2.15:8774/af12ee83fb734f4fa301c79b6b7be6ab/images/3d78aa2f-c74c-41fe-b66a-fae6874629b4", "rel": "bookmark"}]}, "OS-EXT-STS:task_state": "deleting", "OS-EXT-STS:vm_state": "active", "OS-SRV-USG:launched_at": "2015-12-08T01:34:52.000000", "flavor": {"id": "42", "links": [{"href": "http://10.0.2.15:8774/af12ee83fb734f4fa301c79b6b7be6ab/flavors/42", "rel": "bookmark"}]}, "id": "a8d5ccfd-e6de-4172-b9cc-07fd958c905e", "OS-SRV-USG:terminated_at": null, "OS-EXT-AZ:availability_zone": "nova", "user_id": "5bacd450390b49c1b323c8d616ea832c", "name": "tempest.common.compute-instance-36964729", "created": "2015-12-08T01:34:49Z", "tenant_id": "af12ee83fb734f4fa301c79b6b7be6ab", "OS-DCF:diskConfig": "MANUAL", "os-extended-volumes:volumes_attached": [], "accessIPv4": "", "accessIPv6": "", "progress": 0, "OS-EXT-STS:power_state": 1, "config_drive": "True", "metadata": {}}}
2015-12-08 01:38:29,597 27314 INFO     [tempest_lib.common.rest_client] Request (TestGettingAddress:_run_cleanups): 404 GET http://10.0.2.15:8774/v2.1/af12ee83fb734f4fa301c79b6b7be6ab/servers/a8d5ccfd-e6de-4172-b9cc-07fd958c905e 0.082s
2015-12-08 01:38:29,598 27314 DEBUG    [tempest_lib.common.rest_client] Request - Headers: {'Content-Type': 'application/json', 'Accept': 'application/json', 'X-Auth-Token': '&lt;omitted&gt;'}
        Body: None
    Response - Headers: {'status': '404', 'content-length': '111', 'x-compute-request-id': 'req-3a2ae3d7-8d75-46ca-b095-f50dd6a72a64', 'vary': 'X-OpenStack-Nova-API-Version', 'connection': 'close', 'x-openstack-nova-api-version': '2.1', 'date': 'Tue, 08 Dec 2015 01:38:29 GMT', 'content-type': 'application/json; charset=UTF-8'}
        Body: {"itemNotFound": {"message": "Instance a8d5ccfd-e6de-4172-b9cc-07fd958c905e could not be found.", "code": 404}}
2015-12-08 01:38:29,943 27314 INFO     [tempest_lib.common.rest_client] Request (TestGettingAddress:_run_cleanups): 200 PUT http://10.0.2.15:9696/v2.0/routers/ab642f2b-75ec-4da0-902c-cbf1ba5ed256/remove_router_interface 0.344s
2015-12-08 01:38:29,944 27314 DEBUG    [tempest_lib.common.rest_client] Request - Headers: {'Content-Type': 'application/json', 'Accept': 'application/json', 'X-Auth-Token': '&lt;omitted&gt;'}
        Body: {"subnet_id": "c08a4cec-7e86-46e1-9824-a6180e214b3b"}
    Response - Headers: {'status': '200', 'content-length': '255', 'connection': 'close', 'date': 'Tue, 08 Dec 2015 01:38:29 GMT', 'content-type': 'application/json; charset=UTF-8', 'x-openstack-request-id': 'req-50ae79c2-8180-4f23-aac7-7c884a126b31'}
        Body: {"subnet_id": "c08a4cec-7e86-46e1-9824-a6180e214b3b", "tenant_id": "af12ee83fb734f4fa301c79b6b7be6ab", "subnet_ids": ["c08a4cec-7e86-46e1-9824-a6180e214b3b"], "port_id": "5576b477-e2f9-4215-a036-8a010075efe9", "id": "ab642f2b-75ec-4da0-902c-cbf1ba5ed256"}
2015-12-08 01:38:30,338 27314 INFO     [tempest_lib.common.rest_client] Request (TestGettingAddress:_run_cleanups): 204 DELETE http://10.0.2.15:9696/v2.0/subnets/c08a4cec-7e86-46e1-9824-a6180e214b3b 0.392s
2015-12-08 01:38:30,338 27314 DEBUG    [tempest_lib.common.rest_client] Request - Headers: {'Content-Type': 'application/json', 'Accept': 'application/json', 'X-Auth-Token': '&lt;omitted&gt;'}
        Body: None
    Response - Headers: {'date': 'Tue, 08 Dec 2015 01:38:30 GMT', 'status': '204', 'connection': 'close', 'content-length': '0', 'x-openstack-request-id': 'req-444ffcc6-e083-4d10-8105-de2ef559d2e2'}
        Body: 
2015-12-08 01:38:30,370 27314 INFO     [tempest_lib.common.rest_client] Request (TestGettingAddress:_run_cleanups): 404 DELETE http://10.0.2.15:9696/v2.0/subnets/c08a4cec-7e86-46e1-9824-a6180e214b3b 0.031s
2015-12-08 01:38:30,371 27314 DEBUG    [tempest_lib.common.rest_client] Request - Headers: {'Content-Type': 'application/json', 'Accept': 'application/json', 'X-Auth-Token': '&lt;omitted&gt;'}
        Body: None
    Response - Headers: {'status': '404', 'content-length': '135', 'connection': 'close', 'date': 'Tue, 08 Dec 2015 01:38:30 GMT', 'content-type': 'application/json; charset=UTF-8', 'x-openstack-request-id': 'req-c53aa01c-be2e-4ebc-b94b-de86227186fa'}
        Body: {"NeutronError": {"message": "Subnet c08a4cec-7e86-46e1-9824-a6180e214b3b could not be found", "type": "SubnetNotFound", "detail": ""}}
2015-12-08 01:38:30,701 27314 INFO     [tempest_lib.common.rest_client] Request (TestGettingAddress:_run_cleanups): 200 PUT http://10.0.2.15:9696/v2.0/routers/ab642f2b-75ec-4da0-902c-cbf1ba5ed256/remove_router_interface 0.329s
